[2026-04-03T06:37:52.315+0600][0.004s][info][gc,init] CardTable entry size: 512
[2026-04-03T06:37:52.315+0600][0.005s][info][gc     ] Using G1
[2026-04-03T06:37:52.318+0600][0.008s][info][gc,init] Version: 21.0.10+7-Ubuntu-124.04 (release)
[2026-04-03T06:37:52.319+0600][0.008s][info][gc,init] CPUs: 12 total, 12 available
[2026-04-03T06:37:52.319+0600][0.008s][info][gc,init] Memory: 15683M
[2026-04-03T06:37:52.319+0600][0.008s][info][gc,init] Large Page Support: Disabled
[2026-04-03T06:37:52.319+0600][0.008s][info][gc,init] NUMA Support: Disabled
[2026-04-03T06:37:52.319+0600][0.008s][info][gc,init] Compressed Oops: Enabled (Zero based)
[2026-04-03T06:37:52.319+0600][0.008s][info][gc,init] Heap Region Size: 2M
[2026-04-03T06:37:52.319+0600][0.008s][info][gc,init] Heap Min Capacity: 8M
[2026-04-03T06:37:52.319+0600][0.008s][info][gc,init] Heap Initial Capacity: 246M
[2026-04-03T06:37:52.319+0600][0.008s][info][gc,init] Heap Max Capacity: 3922M
[2026-04-03T06:37:52.319+0600][0.008s][info][gc,init] Pre-touch: Disabled
[2026-04-03T06:37:52.319+0600][0.008s][info][gc,init] Parallel Workers: 10
[2026-04-03T06:37:52.319+0600][0.008s][info][gc,init] Concurrent Workers: 3
[2026-04-03T06:37:52.319+0600][0.008s][info][gc,init] Concurrent Refinement Workers: 10
[2026-04-03T06:37:52.319+0600][0.008s][info][gc,init] Periodic GC: Disabled
[2026-04-03T06:37:52.336+0600][0.026s][info][gc,metaspace] CDS archive(s) mapped at: [0x00007f8f2f000000-0x00007f8f2fc9c000-0x00007f8f2fc9c000), size 13221888, SharedBaseAddress: 0x00007f8f2f000000, ArchiveRelocationMode: 1.
[2026-04-03T06:37:52.336+0600][0.026s][info][gc,metaspace] Compressed class space mapped at: 0x00007f8f30000000-0x00007f8f70000000, reserved size: 1073741824
[2026-04-03T06:37:52.336+0600][0.026s][info][gc,metaspace] Narrow klass base: 0x00007f8f2f000000, Narrow klass shift: 0, Narrow klass range: 0x100000000
[2026-04-03T06:37:52.967+0600][0.656s][info][gc,start    ] GC(0) Pause Full (System.gc())
[2026-04-03T06:37:52.968+0600][0.658s][info][gc,task     ] GC(0) Using 5 workers of 10 for full compaction
[2026-04-03T06:37:52.968+0600][0.658s][info][gc,phases,start] GC(0) Phase 1: Mark live objects
[2026-04-03T06:37:52.972+0600][0.662s][info][gc,phases      ] GC(0) Phase 1: Mark live objects 4.009ms
[2026-04-03T06:37:52.972+0600][0.662s][info][gc,phases,start] GC(0) Phase 2: Prepare compaction
[2026-04-03T06:37:52.973+0600][0.663s][info][gc,phases      ] GC(0) Phase 2: Prepare compaction 0.918ms
[2026-04-03T06:37:52.973+0600][0.663s][info][gc,phases,start] GC(0) Phase 3: Adjust pointers
[2026-04-03T06:37:52.975+0600][0.664s][info][gc,phases      ] GC(0) Phase 3: Adjust pointers 1.562ms
[2026-04-03T06:37:52.975+0600][0.664s][info][gc,phases,start] GC(0) Phase 4: Compact heap
[2026-04-03T06:37:52.977+0600][0.666s][info][gc,phases      ] GC(0) Phase 4: Compact heap 1.686ms
[2026-04-03T06:37:52.977+0600][0.666s][info][gc,phases,start] GC(0) Phase 5: Reset Metadata
[2026-04-03T06:37:52.977+0600][0.666s][info][gc,phases      ] GC(0) Phase 5: Reset Metadata 0.265ms
[2026-04-03T06:37:52.979+0600][0.669s][info][gc,heap        ] GC(0) Eden regions: 9->0(5)
[2026-04-03T06:37:52.979+0600][0.669s][info][gc,heap        ] GC(0) Survivor regions: 0->0(0)
[2026-04-03T06:37:52.979+0600][0.669s][info][gc,heap        ] GC(0) Old regions: 1->5
[2026-04-03T06:37:52.979+0600][0.669s][info][gc,heap        ] GC(0) Humongous regions: 0->0
[2026-04-03T06:37:52.979+0600][0.669s][info][gc,metaspace   ] GC(0) Metaspace: 6058K(6272K)->6058K(6272K) NonClass: 5238K(5312K)->5238K(5312K) Class: 820K(960K)->820K(960K)
[2026-04-03T06:37:52.980+0600][0.669s][info][gc             ] GC(0) Pause Full (System.gc()) 18M->3M(34M) 12.785ms
[2026-04-03T06:37:52.980+0600][0.669s][info][gc,cpu         ] GC(0) User=0.03s Sys=0.02s Real=0.01s
[2026-04-03T06:37:53.153+0600][0.843s][info][gc,start       ] GC(1) Pause Young (Normal) (G1 Evacuation Pause)
[2026-04-03T06:37:53.155+0600][0.844s][info][gc,task        ] GC(1) Using 10 workers of 10 for evacuation
[2026-04-03T06:37:53.158+0600][0.848s][info][gc,phases      ] GC(1)   Pre Evacuate Collection Set: 0.24ms
[2026-04-03T06:37:53.158+0600][0.848s][info][gc,phases      ] GC(1)   Merge Heap Roots: 0.16ms
[2026-04-03T06:37:53.158+0600][0.848s][info][gc,phases      ] GC(1)   Evacuate Collection Set: 2.94ms
[2026-04-03T06:37:53.158+0600][0.848s][info][gc,phases      ] GC(1)   Post Evacuate Collection Set: 0.31ms
[2026-04-03T06:37:53.158+0600][0.848s][info][gc,phases      ] GC(1)   Other: 1.08ms
[2026-04-03T06:37:53.158+0600][0.848s][info][gc,heap        ] GC(1) Eden regions: 5->0(3)
[2026-04-03T06:37:53.158+0600][0.848s][info][gc,heap        ] GC(1) Survivor regions: 0->1(1)
[2026-04-03T06:37:53.158+0600][0.848s][info][gc,heap        ] GC(1) Old regions: 5->6
[2026-04-03T06:37:53.158+0600][0.848s][info][gc,heap        ] GC(1) Humongous regions: 0->0
[2026-04-03T06:37:53.158+0600][0.848s][info][gc,metaspace   ] GC(1) Metaspace: 7190K(7424K)->7190K(7424K) NonClass: 6235K(6336K)->6235K(6336K) Class: 955K(1088K)->955K(1088K)
[2026-04-03T06:37:53.159+0600][0.848s][info][gc             ] GC(1) Pause Young (Normal) (G1 Evacuation Pause) 13M->6M(34M) 5.063ms
[2026-04-03T06:37:53.159+0600][0.848s][info][gc,cpu         ] GC(1) User=0.03s Sys=0.01s Real=0.00s
[2026-04-03T06:37:53.239+0600][0.928s][info][gc,start       ] GC(2) Pause Young (Normal) (G1 Evacuation Pause)
[2026-04-03T06:37:53.239+0600][0.928s][info][gc,task        ] GC(2) Using 10 workers of 10 for evacuation
[2026-04-03T06:37:53.241+0600][0.931s][info][gc,phases      ] GC(2)   Pre Evacuate Collection Set: 0.21ms
[2026-04-03T06:37:53.241+0600][0.931s][info][gc,phases      ] GC(2)   Merge Heap Roots: 0.10ms
[2026-04-03T06:37:53.241+0600][0.931s][info][gc,phases      ] GC(2)   Evacuate Collection Set: 1.74ms
[2026-04-03T06:37:53.241+0600][0.931s][info][gc,phases      ] GC(2)   Post Evacuate Collection Set: 0.28ms
[2026-04-03T06:37:53.241+0600][0.931s][info][gc,phases      ] GC(2)   Other: 0.09ms
[2026-04-03T06:37:53.241+0600][0.931s][info][gc,heap        ] GC(2) Eden regions: 3->0(3)
[2026-04-03T06:37:53.241+0600][0.931s][info][gc,heap        ] GC(2) Survivor regions: 1->1(1)
[2026-04-03T06:37:53.241+0600][0.931s][info][gc,heap        ] GC(2) Old regions: 6->7
[2026-04-03T06:37:53.241+0600][0.931s][info][gc,heap        ] GC(2) Humongous regions: 0->0
[2026-04-03T06:37:53.241+0600][0.931s][info][gc,metaspace   ] GC(2) Metaspace: 7315K(7552K)->7315K(7552K) NonClass: 6358K(6464K)->6358K(6464K) Class: 957K(1088K)->957K(1088K)
[2026-04-03T06:37:53.241+0600][0.931s][info][gc             ] GC(2) Pause Young (Normal) (G1 Evacuation Pause) 12M->8M(34M) 2.726ms
[2026-04-03T06:37:53.242+0600][0.931s][info][gc,cpu         ] GC(2) User=0.01s Sys=0.00s Real=0.00s
[2026-04-03T06:37:53.287+0600][0.977s][info][gc,start       ] GC(3) Pause Young (Normal) (G1 Evacuation Pause)
[2026-04-03T06:37:53.287+0600][0.977s][info][gc,task        ] GC(3) Using 10 workers of 10 for evacuation
[2026-04-03T06:37:53.289+0600][0.979s][info][gc,phases      ] GC(3)   Pre Evacuate Collection Set: 0.19ms
[2026-04-03T06:37:53.289+0600][0.979s][info][gc,phases      ] GC(3)   Merge Heap Roots: 0.08ms
[2026-04-03T06:37:53.289+0600][0.979s][info][gc,phases      ] GC(3)   Evacuate Collection Set: 1.36ms
[2026-04-03T06:37:53.289+0600][0.979s][info][gc,phases      ] GC(3)   Post Evacuate Collection Set: 0.31ms
[2026-04-03T06:37:53.290+0600][0.979s][info][gc,phases      ] GC(3)   Other: 0.08ms
[2026-04-03T06:37:53.290+0600][0.979s][info][gc,heap        ] GC(3) Eden regions: 3->0(3)
[2026-04-03T06:37:53.290+0600][0.979s][info][gc,heap        ] GC(3) Survivor regions: 1->1(1)
[2026-04-03T06:37:53.290+0600][0.979s][info][gc,heap        ] GC(3) Old regions: 7->7
[2026-04-03T06:37:53.290+0600][0.979s][info][gc,heap        ] GC(3) Humongous regions: 0->0
[2026-04-03T06:37:53.290+0600][0.979s][info][gc,metaspace   ] GC(3) Metaspace: 7382K(7680K)->7382K(7680K) NonClass: 6425K(6592K)->6425K(6592K) Class: 957K(1088K)->957K(1088K)
[2026-04-03T06:37:53.290+0600][0.979s][info][gc             ] GC(3) Pause Young (Normal) (G1 Evacuation Pause) 14M->9M(34M) 2.265ms
[2026-04-03T06:37:53.290+0600][0.979s][info][gc,cpu         ] GC(3) User=0.01s Sys=0.00s Real=0.00s
[2026-04-03T06:37:53.332+0600][1.022s][info][gc,start       ] GC(4) Pause Young (Normal) (G1 Evacuation Pause)
[2026-04-03T06:37:53.333+0600][1.022s][info][gc,task        ] GC(4) Using 10 workers of 10 for evacuation
[2026-04-03T06:37:53.336+0600][1.025s][info][gc,phases      ] GC(4)   Pre Evacuate Collection Set: 0.16ms
[2026-04-03T06:37:53.336+0600][1.025s][info][gc,phases      ] GC(4)   Merge Heap Roots: 0.08ms
[2026-04-03T06:37:53.336+0600][1.025s][info][gc,phases      ] GC(4)   Evacuate Collection Set: 2.04ms
[2026-04-03T06:37:53.336+0600][1.025s][info][gc,phases      ] GC(4)   Post Evacuate Collection Set: 0.64ms
[2026-04-03T06:37:53.336+0600][1.025s][info][gc,phases      ] GC(4)   Other: 0.09ms
[2026-04-03T06:37:53.336+0600][1.025s][info][gc,heap        ] GC(4) Eden regions: 3->0(37)
[2026-04-03T06:37:53.336+0600][1.025s][info][gc,heap        ] GC(4) Survivor regions: 1->1(1)
[2026-04-03T06:37:53.336+0600][1.025s][info][gc,heap        ] GC(4) Old regions: 7->8
[2026-04-03T06:37:53.336+0600][1.025s][info][gc,heap        ] GC(4) Humongous regions: 0->0
[2026-04-03T06:37:53.336+0600][1.025s][info][gc,metaspace   ] GC(4) Metaspace: 7421K(7680K)->7421K(7680K) NonClass: 6463K(6592K)->6463K(6592K) Class: 957K(1088K)->957K(1088K)
[2026-04-03T06:37:53.336+0600][1.025s][info][gc             ] GC(4) Pause Young (Normal) (G1 Evacuation Pause) 15M->9M(140M) 3.286ms
[2026-04-03T06:37:53.336+0600][1.025s][info][gc,cpu         ] GC(4) User=0.02s Sys=0.01s Real=0.01s
[2026-04-03T06:37:53.794+0600][1.484s][info][gc,start       ] GC(5) Pause Young (Normal) (G1 Evacuation Pause)
[2026-04-03T06:37:53.794+0600][1.484s][info][gc,task        ] GC(5) Using 10 workers of 10 for evacuation
[2026-04-03T06:37:53.797+0600][1.487s][info][gc,phases      ] GC(5)   Pre Evacuate Collection Set: 0.22ms
[2026-04-03T06:37:53.797+0600][1.487s][info][gc,phases      ] GC(5)   Merge Heap Roots: 0.19ms
[2026-04-03T06:37:53.797+0600][1.487s][info][gc,phases      ] GC(5)   Evacuate Collection Set: 2.03ms
[2026-04-03T06:37:53.797+0600][1.487s][info][gc,phases      ] GC(5)   Post Evacuate Collection Set: 0.42ms
[2026-04-03T06:37:53.797+0600][1.487s][info][gc,phases      ] GC(5)   Other: 0.23ms
[2026-04-03T06:37:53.797+0600][1.487s][info][gc,heap        ] GC(5) Eden regions: 37->0(40)
[2026-04-03T06:37:53.797+0600][1.487s][info][gc,heap        ] GC(5) Survivor regions: 1->2(5)
[2026-04-03T06:37:53.797+0600][1.487s][info][gc,heap        ] GC(5) Old regions: 8->8
[2026-04-03T06:37:53.797+0600][1.487s][info][gc,heap        ] GC(5) Humongous regions: 0->0
[2026-04-03T06:37:53.797+0600][1.487s][info][gc,metaspace   ] GC(5) Metaspace: 7584K(7808K)->7584K(7808K) NonClass: 6624K(6720K)->6624K(6720K) Class: 959K(1088K)->959K(1088K)
[2026-04-03T06:37:53.798+0600][1.487s][info][gc             ] GC(5) Pause Young (Normal) (G1 Evacuation Pause) 83M->11M(140M) 3.434ms
[2026-04-03T06:37:53.798+0600][1.487s][info][gc,cpu         ] GC(5) User=0.02s Sys=0.01s Real=0.00s
[2026-04-03T06:37:54.175+0600][1.864s][info][gc,start       ] GC(6) Pause Young (Normal) (G1 Evacuation Pause)
[2026-04-03T06:37:54.175+0600][1.864s][info][gc,task        ] GC(6) Using 10 workers of 10 for evacuation
[2026-04-03T06:37:54.178+0600][1.867s][info][gc,phases      ] GC(6)   Pre Evacuate Collection Set: 0.26ms
[2026-04-03T06:37:54.178+0600][1.868s][info][gc,phases      ] GC(6)   Merge Heap Roots: 0.16ms
[2026-04-03T06:37:54.178+0600][1.868s][info][gc,phases      ] GC(6)   Evacuate Collection Set: 1.86ms
[2026-04-03T06:37:54.178+0600][1.868s][info][gc,phases      ] GC(6)   Post Evacuate Collection Set: 0.76ms
[2026-04-03T06:37:54.178+0600][1.868s][info][gc,phases      ] GC(6)   Other: 0.13ms
[2026-04-03T06:37:54.178+0600][1.868s][info][gc,heap        ] GC(6) Eden regions: 40->0(40)
[2026-04-03T06:37:54.178+0600][1.868s][info][gc,heap        ] GC(6) Survivor regions: 2->2(6)
[2026-04-03T06:37:54.178+0600][1.868s][info][gc,heap        ] GC(6) Old regions: 8->8
[2026-04-03T06:37:54.178+0600][1.868s][info][gc,heap        ] GC(6) Humongous regions: 0->0
[2026-04-03T06:37:54.178+0600][1.868s][info][gc,metaspace   ] GC(6) Metaspace: 7631K(7872K)->7631K(7872K) NonClass: 6671K(6784K)->6671K(6784K) Class: 959K(1088K)->959K(1088K)
[2026-04-03T06:37:54.178+0600][1.868s][info][gc             ] GC(6) Pause Young (Normal) (G1 Evacuation Pause) 91M->10M(140M) 3.571ms
[2026-04-03T06:37:54.178+0600][1.868s][info][gc,cpu         ] GC(6) User=0.02s Sys=0.01s Real=0.00s
[2026-04-03T06:37:54.557+0600][2.246s][info][gc,start       ] GC(7) Pause Young (Normal) (G1 Evacuation Pause)
[2026-04-03T06:37:54.557+0600][2.246s][info][gc,task        ] GC(7) Using 10 workers of 10 for evacuation
[2026-04-03T06:37:54.559+0600][2.248s][info][gc,phases      ] GC(7)   Pre Evacuate Collection Set: 0.22ms
[2026-04-03T06:37:54.559+0600][2.248s][info][gc,phases      ] GC(7)   Merge Heap Roots: 0.15ms
[2026-04-03T06:37:54.559+0600][2.249s][info][gc,phases      ] GC(7)   Evacuate Collection Set: 1.30ms
[2026-04-03T06:37:54.559+0600][2.249s][info][gc,phases      ] GC(7)   Post Evacuate Collection Set: 0.50ms
[2026-04-03T06:37:54.559+0600][2.249s][info][gc,phases      ] GC(7)   Other: 0.09ms
[2026-04-03T06:37:54.559+0600][2.249s][info][gc,heap        ] GC(7) Eden regions: 40->0(40)
[2026-04-03T06:37:54.559+0600][2.249s][info][gc,heap        ] GC(7) Survivor regions: 2->2(6)
[2026-04-03T06:37:54.559+0600][2.249s][info][gc,heap        ] GC(7) Old regions: 8->8
[2026-04-03T06:37:54.559+0600][2.249s][info][gc,heap        ] GC(7) Humongous regions: 0->0
[2026-04-03T06:37:54.559+0600][2.249s][info][gc,metaspace   ] GC(7) Metaspace: 7739K(8000K)->7739K(8000K) NonClass: 6779K(6912K)->6779K(6912K) Class: 959K(1088K)->959K(1088K)
[2026-04-03T06:37:54.559+0600][2.249s][info][gc             ] GC(7) Pause Young (Normal) (G1 Evacuation Pause) 90M->10M(140M) 2.556ms
[2026-04-03T06:37:54.559+0600][2.249s][info][gc,cpu         ] GC(7) User=0.01s Sys=0.00s Real=0.00s
[2026-04-03T06:37:54.948+0600][2.637s][info][gc,start       ] GC(8) Pause Young (Normal) (G1 Evacuation Pause)
[2026-04-03T06:37:54.948+0600][2.637s][info][gc,task        ] GC(8) Using 10 workers of 10 for evacuation
[2026-04-03T06:37:54.950+0600][2.640s][info][gc,phases      ] GC(8)   Pre Evacuate Collection Set: 0.25ms
[2026-04-03T06:37:54.950+0600][2.640s][info][gc,phases      ] GC(8)   Merge Heap Roots: 0.12ms
[2026-04-03T06:37:54.950+0600][2.640s][info][gc,phases      ] GC(8)   Evacuate Collection Set: 1.25ms
[2026-04-03T06:37:54.950+0600][2.640s][info][gc,phases      ] GC(8)   Post Evacuate Collection Set: 0.48ms
[2026-04-03T06:37:54.950+0600][2.640s][info][gc,phases      ] GC(8)   Other: 0.11ms
[2026-04-03T06:37:54.950+0600][2.640s][info][gc,heap        ] GC(8) Eden regions: 40->0(40)
[2026-04-03T06:37:54.950+0600][2.640s][info][gc,heap        ] GC(8) Survivor regions: 2->2(6)
[2026-04-03T06:37:54.950+0600][2.640s][info][gc,heap        ] GC(8) Old regions: 8->8
[2026-04-03T06:37:54.950+0600][2.640s][info][gc,heap        ] GC(8) Humongous regions: 0->0
[2026-04-03T06:37:54.950+0600][2.640s][info][gc,metaspace   ] GC(8) Metaspace: 7823K(8128K)->7823K(8128K) NonClass: 6864K(7040K)->6864K(7040K) Class: 959K(1088K)->959K(1088K)
[2026-04-03T06:37:54.950+0600][2.640s][info][gc             ] GC(8) Pause Young (Normal) (G1 Evacuation Pause) 90M->10M(140M) 2.543ms
[2026-04-03T06:37:54.950+0600][2.640s][info][gc,cpu         ] GC(8) User=0.02s Sys=0.01s Real=0.00s
[2026-04-03T06:37:55.267+0600][2.957s][info][gc,start       ] GC(9) Pause Young (Normal) (G1 Evacuation Pause)
[2026-04-03T06:37:55.268+0600][2.957s][info][gc,task        ] GC(9) Using 10 workers of 10 for evacuation
[2026-04-03T06:37:55.270+0600][2.959s][info][gc,phases      ] GC(9)   Pre Evacuate Collection Set: 0.36ms
[2026-04-03T06:37:55.270+0600][2.959s][info][gc,phases      ] GC(9)   Merge Heap Roots: 0.15ms
[2026-04-03T06:37:55.270+0600][2.959s][info][gc,phases      ] GC(9)   Evacuate Collection Set: 1.17ms
[2026-04-03T06:37:55.270+0600][2.959s][info][gc,phases      ] GC(9)   Post Evacuate Collection Set: 0.43ms
[2026-04-03T06:37:55.270+0600][2.959s][info][gc,phases      ] GC(9)   Other: 0.11ms
[2026-04-03T06:37:55.270+0600][2.959s][info][gc,heap        ] GC(9) Eden regions: 40->0(40)
[2026-04-03T06:37:55.270+0600][2.960s][info][gc,heap        ] GC(9) Survivor regions: 2->2(6)
[2026-04-03T06:37:55.270+0600][2.960s][info][gc,heap        ] GC(9) Old regions: 8->8
[2026-04-03T06:37:55.270+0600][2.960s][info][gc,heap        ] GC(9) Humongous regions: 0->0
[2026-04-03T06:37:55.270+0600][2.960s][info][gc,metaspace   ] GC(9) Metaspace: 7919K(8128K)->7919K(8128K) NonClass: 6959K(7040K)->6959K(7040K) Class: 959K(1088K)->959K(1088K)
[2026-04-03T06:37:55.270+0600][2.960s][info][gc             ] GC(9) Pause Young (Normal) (G1 Evacuation Pause) 90M->10M(140M) 2.632ms
[2026-04-03T06:37:55.270+0600][2.960s][info][gc,cpu         ] GC(9) User=0.02s Sys=0.00s Real=0.00s
[2026-04-03T06:37:55.615+0600][3.304s][info][gc,start       ] GC(10) Pause Young (Normal) (G1 Evacuation Pause)
[2026-04-03T06:37:55.615+0600][3.305s][info][gc,task        ] GC(10) Using 10 workers of 10 for evacuation
[2026-04-03T06:37:55.617+0600][3.306s][info][gc,phases      ] GC(10)   Pre Evacuate Collection Set: 0.20ms
[2026-04-03T06:37:55.617+0600][3.306s][info][gc,phases      ] GC(10)   Merge Heap Roots: 0.16ms
[2026-04-03T06:37:55.617+0600][3.306s][info][gc,phases      ] GC(10)   Evacuate Collection Set: 0.93ms
[2026-04-03T06:37:55.617+0600][3.306s][info][gc,phases      ] GC(10)   Post Evacuate Collection Set: 0.49ms
[2026-04-03T06:37:55.617+0600][3.307s][info][gc,phases      ] GC(10)   Other: 0.11ms
[2026-04-03T06:37:55.617+0600][3.307s][info][gc,heap        ] GC(10) Eden regions: 40->0(40)
[2026-04-03T06:37:55.617+0600][3.307s][info][gc,heap        ] GC(10) Survivor regions: 2->2(6)
[2026-04-03T06:37:55.617+0600][3.307s][info][gc,heap        ] GC(10) Old regions: 8->8
[2026-04-03T06:37:55.617+0600][3.307s][info][gc,heap        ] GC(10) Humongous regions: 0->0
[2026-04-03T06:37:55.617+0600][3.307s][info][gc,metaspace   ] GC(10) Metaspace: 7986K(8256K)->7986K(8256K) NonClass: 7026K(7168K)->7026K(7168K) Class: 959K(1088K)->959K(1088K)
[2026-04-03T06:37:55.617+0600][3.307s][info][gc             ] GC(10) Pause Young (Normal) (G1 Evacuation Pause) 90M->10M(140M) 2.231ms
[2026-04-03T06:37:55.617+0600][3.307s][info][gc,cpu         ] GC(10) User=0.01s Sys=0.00s Real=0.00s
[2026-04-03T06:37:55.948+0600][3.638s][info][gc,start       ] GC(11) Pause Young (Normal) (G1 Evacuation Pause)
[2026-04-03T06:37:55.948+0600][3.638s][info][gc,task        ] GC(11) Using 10 workers of 10 for evacuation
[2026-04-03T06:37:55.950+0600][3.640s][info][gc,phases      ] GC(11)   Pre Evacuate Collection Set: 0.29ms
[2026-04-03T06:37:55.950+0600][3.640s][info][gc,phases      ] GC(11)   Merge Heap Roots: 0.19ms
[2026-04-03T06:37:55.950+0600][3.640s][info][gc,phases      ] GC(11)   Evacuate Collection Set: 1.26ms
[2026-04-03T06:37:55.950+0600][3.640s][info][gc,phases      ] GC(11)   Post Evacuate Collection Set: 0.36ms
[2026-04-03T06:37:55.950+0600][3.640s][info][gc,phases      ] GC(11)   Other: 0.12ms
[2026-04-03T06:37:55.950+0600][3.640s][info][gc,heap        ] GC(11) Eden regions: 40->0(40)
[2026-04-03T06:37:55.950+0600][3.640s][info][gc,heap        ] GC(11) Survivor regions: 2->2(6)
[2026-04-03T06:37:55.950+0600][3.640s][info][gc,heap        ] GC(11) Old regions: 8->8
[2026-04-03T06:37:55.950+0600][3.640s][info][gc,heap        ] GC(11) Humongous regions: 0->0
[2026-04-03T06:37:55.950+0600][3.640s][info][gc,metaspace   ] GC(11) Metaspace: 8011K(8320K)->8011K(8320K) NonClass: 7051K(7232K)->7051K(7232K) Class: 959K(1088K)->959K(1088K)
[2026-04-03T06:37:55.951+0600][3.640s][info][gc             ] GC(11) Pause Young (Normal) (G1 Evacuation Pause) 90M->10M(140M) 2.574ms
[2026-04-03T06:37:55.951+0600][3.640s][info][gc,cpu         ] GC(11) User=0.02s Sys=0.00s Real=0.00s
[2026-04-03T06:37:56.289+0600][3.979s][info][gc,start       ] GC(12) Pause Young (Normal) (G1 Evacuation Pause)
[2026-04-03T06:37:56.289+0600][3.979s][info][gc,task        ] GC(12) Using 10 workers of 10 for evacuation
[2026-04-03T06:37:56.292+0600][3.982s][info][gc,phases      ] GC(12)   Pre Evacuate Collection Set: 0.38ms
[2026-04-03T06:37:56.292+0600][3.982s][info][gc,phases      ] GC(12)   Merge Heap Roots: 0.21ms
[2026-04-03T06:37:56.292+0600][3.982s][info][gc,phases      ] GC(12)   Evacuate Collection Set: 1.27ms
[2026-04-03T06:37:56.292+0600][3.982s][info][gc,phases      ] GC(12)   Post Evacuate Collection Set: 0.66ms
[2026-04-03T06:37:56.292+0600][3.982s][info][gc,phases      ] GC(12)   Other: 0.15ms
[2026-04-03T06:37:56.292+0600][3.982s][info][gc,heap        ] GC(12) Eden regions: 40->0(40)
[2026-04-03T06:37:56.292+0600][3.982s][info][gc,heap        ] GC(12) Survivor regions: 2->2(6)
[2026-04-03T06:37:56.292+0600][3.982s][info][gc,heap        ] GC(12) Old regions: 8->8
[2026-04-03T06:37:56.292+0600][3.982s][info][gc,heap        ] GC(12) Humongous regions: 0->0
[2026-04-03T06:37:56.292+0600][3.982s][info][gc,metaspace   ] GC(12) Metaspace: 8070K(8320K)->8070K(8320K) NonClass: 7110K(7232K)->7110K(7232K) Class: 960K(1088K)->960K(1088K)
[2026-04-03T06:37:56.292+0600][3.982s][info][gc             ] GC(12) Pause Young (Normal) (G1 Evacuation Pause) 90M->10M(140M) 3.194ms
[2026-04-03T06:37:56.292+0600][3.982s][info][gc,cpu         ] GC(12) User=0.02s Sys=0.01s Real=0.00s
[2026-04-03T06:37:56.620+0600][4.309s][info][gc,start       ] GC(13) Pause Young (Normal) (G1 Evacuation Pause)
[2026-04-03T06:37:56.620+0600][4.309s][info][gc,task        ] GC(13) Using 10 workers of 10 for evacuation
[2026-04-03T06:37:56.622+0600][4.311s][info][gc,phases      ] GC(13)   Pre Evacuate Collection Set: 0.28ms
[2026-04-03T06:37:56.622+0600][4.311s][info][gc,phases      ] GC(13)   Merge Heap Roots: 0.11ms
[2026-04-03T06:37:56.622+0600][4.311s][info][gc,phases      ] GC(13)   Evacuate Collection Set: 1.02ms
[2026-04-03T06:37:56.622+0600][4.311s][info][gc,phases      ] GC(13)   Post Evacuate Collection Set: 0.43ms
[2026-04-03T06:37:56.622+0600][4.311s][info][gc,phases      ] GC(13)   Other: 0.11ms
[2026-04-03T06:37:56.622+0600][4.311s][info][gc,heap        ] GC(13) Eden regions: 40->0(40)
[2026-04-03T06:37:56.622+0600][4.311s][info][gc,heap        ] GC(13) Survivor regions: 2->2(6)
[2026-04-03T06:37:56.622+0600][4.311s][info][gc,heap        ] GC(13) Old regions: 8->8
[2026-04-03T06:37:56.622+0600][4.311s][info][gc,heap        ] GC(13) Humongous regions: 0->0
[2026-04-03T06:37:56.622+0600][4.311s][info][gc,metaspace   ] GC(13) Metaspace: 8120K(8384K)->8120K(8384K) NonClass: 7159K(7296K)->7159K(7296K) Class: 960K(1088K)->960K(1088K)
[2026-04-03T06:37:56.622+0600][4.311s][info][gc             ] GC(13) Pause Young (Normal) (G1 Evacuation Pause) 90M->10M(140M) 2.227ms
[2026-04-03T06:37:56.622+0600][4.311s][info][gc,cpu         ] GC(13) User=0.01s Sys=0.00s Real=0.00s
[2026-04-03T06:37:56.914+0600][4.604s][info][gc,start       ] GC(14) Pause Young (Normal) (G1 Evacuation Pause)
[2026-04-03T06:37:56.915+0600][4.604s][info][gc,task        ] GC(14) Using 10 workers of 10 for evacuation
[2026-04-03T06:37:56.917+0600][4.607s][info][gc,phases      ] GC(14)   Pre Evacuate Collection Set: 0.25ms
[2026-04-03T06:37:56.918+0600][4.607s][info][gc,phases      ] GC(14)   Merge Heap Roots: 0.15ms
[2026-04-03T06:37:56.918+0600][4.607s][info][gc,phases      ] GC(14)   Evacuate Collection Set: 1.95ms
[2026-04-03T06:37:56.918+0600][4.607s][info][gc,phases      ] GC(14)   Post Evacuate Collection Set: 0.42ms
[2026-04-03T06:37:56.918+0600][4.607s][info][gc,phases      ] GC(14)   Other: 0.14ms
[2026-04-03T06:37:56.918+0600][4.607s][info][gc,heap        ] GC(14) Eden regions: 40->0(40)
[2026-04-03T06:37:56.918+0600][4.607s][info][gc,heap        ] GC(14) Survivor regions: 2->2(6)
[2026-04-03T06:37:56.918+0600][4.607s][info][gc,heap        ] GC(14) Old regions: 8->8
[2026-04-03T06:37:56.918+0600][4.607s][info][gc,heap        ] GC(14) Humongous regions: 0->0
[2026-04-03T06:37:56.918+0600][4.607s][info][gc,metaspace   ] GC(14) Metaspace: 8120K(8384K)->8120K(8384K) NonClass: 7159K(7296K)->7159K(7296K) Class: 960K(1088K)->960K(1088K)
[2026-04-03T06:37:56.918+0600][4.607s][info][gc             ] GC(14) Pause Young (Normal) (G1 Evacuation Pause) 90M->10M(140M) 3.434ms
[2026-04-03T06:37:56.918+0600][4.607s][info][gc,cpu         ] GC(14) User=0.01s Sys=0.00s Real=0.00s
[2026-04-03T06:37:57.260+0600][4.949s][info][gc,start       ] GC(15) Pause Young (Normal) (G1 Evacuation Pause)
[2026-04-03T06:37:57.260+0600][4.949s][info][gc,task        ] GC(15) Using 10 workers of 10 for evacuation
[2026-04-03T06:37:57.262+0600][4.951s][info][gc,phases      ] GC(15)   Pre Evacuate Collection Set: 0.22ms
[2026-04-03T06:37:57.262+0600][4.951s][info][gc,phases      ] GC(15)   Merge Heap Roots: 0.15ms
[2026-04-03T06:37:57.262+0600][4.951s][info][gc,phases      ] GC(15)   Evacuate Collection Set: 1.02ms
[2026-04-03T06:37:57.262+0600][4.951s][info][gc,phases      ] GC(15)   Post Evacuate Collection Set: 0.49ms
[2026-04-03T06:37:57.262+0600][4.951s][info][gc,phases      ] GC(15)   Other: 0.12ms
[2026-04-03T06:37:57.262+0600][4.951s][info][gc,heap        ] GC(15) Eden regions: 40->0(40)
[2026-04-03T06:37:57.262+0600][4.951s][info][gc,heap        ] GC(15) Survivor regions: 2->2(6)
[2026-04-03T06:37:57.262+0600][4.951s][info][gc,heap        ] GC(15) Old regions: 8->8
[2026-04-03T06:37:57.262+0600][4.951s][info][gc,heap        ] GC(15) Humongous regions: 0->0
[2026-04-03T06:37:57.262+0600][4.951s][info][gc,metaspace   ] GC(15) Metaspace: 8120K(8384K)->8120K(8384K) NonClass: 7159K(7296K)->7159K(7296K) Class: 960K(1088K)->960K(1088K)
[2026-04-03T06:37:57.262+0600][4.951s][info][gc             ] GC(15) Pause Young (Normal) (G1 Evacuation Pause) 90M->10M(140M) 2.497ms
[2026-04-03T06:37:57.262+0600][4.951s][info][gc,cpu         ] GC(15) User=0.02s Sys=0.00s Real=0.00s
[2026-04-03T06:37:57.568+0600][5.257s][info][gc,start       ] GC(16) Pause Young (Normal) (G1 Evacuation Pause)
[2026-04-03T06:37:57.568+0600][5.257s][info][gc,task        ] GC(16) Using 10 workers of 10 for evacuation
[2026-04-03T06:37:57.570+0600][5.260s][info][gc,phases      ] GC(16)   Pre Evacuate Collection Set: 0.30ms
[2026-04-03T06:37:57.570+0600][5.260s][info][gc,phases      ] GC(16)   Merge Heap Roots: 0.11ms
[2026-04-03T06:37:57.570+0600][5.260s][info][gc,phases      ] GC(16)   Evacuate Collection Set: 1.37ms
[2026-04-03T06:37:57.570+0600][5.260s][info][gc,phases      ] GC(16)   Post Evacuate Collection Set: 0.39ms
[2026-04-03T06:37:57.570+0600][5.260s][info][gc,phases      ] GC(16)   Other: 0.10ms
[2026-04-03T06:37:57.570+0600][5.260s][info][gc,heap        ] GC(16) Eden regions: 40->0(40)
[2026-04-03T06:37:57.570+0600][5.260s][info][gc,heap        ] GC(16) Survivor regions: 2->2(6)
[2026-04-03T06:37:57.570+0600][5.260s][info][gc,heap        ] GC(16) Old regions: 8->8
[2026-04-03T06:37:57.570+0600][5.260s][info][gc,heap        ] GC(16) Humongous regions: 0->0
[2026-04-03T06:37:57.570+0600][5.260s][info][gc,metaspace   ] GC(16) Metaspace: 8122K(8384K)->8122K(8384K) NonClass: 7162K(7296K)->7162K(7296K) Class: 960K(1088K)->960K(1088K)
[2026-04-03T06:37:57.571+0600][5.260s][info][gc             ] GC(16) Pause Young (Normal) (G1 Evacuation Pause) 90M->10M(140M) 2.730ms
[2026-04-03T06:37:57.571+0600][5.260s][info][gc,cpu         ] GC(16) User=0.02s Sys=0.00s Real=0.00s
[2026-04-03T06:37:57.862+0600][5.552s][info][gc,start       ] GC(17) Pause Young (Normal) (G1 Evacuation Pause)
[2026-04-03T06:37:57.862+0600][5.552s][info][gc,task        ] GC(17) Using 10 workers of 10 for evacuation
[2026-04-03T06:37:57.864+0600][5.554s][info][gc,phases      ] GC(17)   Pre Evacuate Collection Set: 0.26ms
[2026-04-03T06:37:57.865+0600][5.554s][info][gc,phases      ] GC(17)   Merge Heap Roots: 0.15ms
[2026-04-03T06:37:57.865+0600][5.554s][info][gc,phases      ] GC(17)   Evacuate Collection Set: 1.11ms
[2026-04-03T06:37:57.865+0600][5.554s][info][gc,phases      ] GC(17)   Post Evacuate Collection Set: 0.43ms
[2026-04-03T06:37:57.865+0600][5.554s][info][gc,phases      ] GC(17)   Other: 0.12ms
[2026-04-03T06:37:57.865+0600][5.554s][info][gc,heap        ] GC(17) Eden regions: 40->0(40)
[2026-04-03T06:37:57.865+0600][5.554s][info][gc,heap        ] GC(17) Survivor regions: 2->2(6)
[2026-04-03T06:37:57.865+0600][5.554s][info][gc,heap        ] GC(17) Old regions: 8->8
[2026-04-03T06:37:57.865+0600][5.554s][info][gc,heap        ] GC(17) Humongous regions: 0->0
[2026-04-03T06:37:57.865+0600][5.554s][info][gc,metaspace   ] GC(17) Metaspace: 8122K(8384K)->8122K(8384K) NonClass: 7162K(7296K)->7162K(7296K) Class: 960K(1088K)->960K(1088K)
[2026-04-03T06:37:57.865+0600][5.554s][info][gc             ] GC(17) Pause Young (Normal) (G1 Evacuation Pause) 90M->10M(140M) 2.421ms
[2026-04-03T06:37:57.865+0600][5.554s][info][gc,cpu         ] GC(17) User=0.01s Sys=0.00s Real=0.01s
[2026-04-03T06:37:58.178+0600][5.867s][info][gc,start       ] GC(18) Pause Young (Normal) (GCLocker Initiated GC)
[2026-04-03T06:37:58.178+0600][5.867s][info][gc,task        ] GC(18) Using 10 workers of 10 for evacuation
[2026-04-03T06:37:58.180+0600][5.869s][info][gc,phases      ] GC(18)   Pre Evacuate Collection Set: 0.20ms
[2026-04-03T06:37:58.180+0600][5.869s][info][gc,phases      ] GC(18)   Merge Heap Roots: 0.14ms
[2026-04-03T06:37:58.180+0600][5.869s][info][gc,phases      ] GC(18)   Evacuate Collection Set: 1.13ms
[2026-04-03T06:37:58.180+0600][5.869s][info][gc,phases      ] GC(18)   Post Evacuate Collection Set: 0.54ms
[2026-04-03T06:37:58.180+0600][5.869s][info][gc,phases      ] GC(18)   Other: 0.11ms
[2026-04-03T06:37:58.180+0600][5.869s][info][gc,heap        ] GC(18) Eden regions: 40->0(40)
[2026-04-03T06:37:58.180+0600][5.869s][info][gc,heap        ] GC(18) Survivor regions: 2->2(6)
[2026-04-03T06:37:58.180+0600][5.869s][info][gc,heap        ] GC(18) Old regions: 8->8
[2026-04-03T06:37:58.180+0600][5.869s][info][gc,heap        ] GC(18) Humongous regions: 0->0
[2026-04-03T06:37:58.180+0600][5.869s][info][gc,metaspace   ] GC(18) Metaspace: 8122K(8384K)->8122K(8384K) NonClass: 7162K(7296K)->7162K(7296K) Class: 960K(1088K)->960K(1088K)
[2026-04-03T06:37:58.180+0600][5.870s][info][gc             ] GC(18) Pause Young (Normal) (GCLocker Initiated GC) 90M->10M(140M) 2.484ms
[2026-04-03T06:37:58.180+0600][5.870s][info][gc,cpu         ] GC(18) User=0.02s Sys=0.00s Real=0.00s
[2026-04-03T06:37:58.525+0600][6.214s][info][gc,start       ] GC(19) Pause Young (Normal) (G1 Evacuation Pause)
[2026-04-03T06:37:58.525+0600][6.214s][info][gc,task        ] GC(19) Using 10 workers of 10 for evacuation
[2026-04-03T06:37:58.527+0600][6.217s][info][gc,phases      ] GC(19)   Pre Evacuate Collection Set: 0.27ms
[2026-04-03T06:37:58.527+0600][6.217s][info][gc,phases      ] GC(19)   Merge Heap Roots: 0.18ms
[2026-04-03T06:37:58.527+0600][6.217s][info][gc,phases      ] GC(19)   Evacuate Collection Set: 1.48ms
[2026-04-03T06:37:58.527+0600][6.217s][info][gc,phases      ] GC(19)   Post Evacuate Collection Set: 0.39ms
[2026-04-03T06:37:58.527+0600][6.217s][info][gc,phases      ] GC(19)   Other: 0.15ms
[2026-04-03T06:37:58.527+0600][6.217s][info][gc,heap        ] GC(19) Eden regions: 40->0(40)
[2026-04-03T06:37:58.527+0600][6.217s][info][gc,heap        ] GC(19) Survivor regions: 2->2(6)
[2026-04-03T06:37:58.527+0600][6.217s][info][gc,heap        ] GC(19) Old regions: 8->8
[2026-04-03T06:37:58.527+0600][6.217s][info][gc,heap        ] GC(19) Humongous regions: 0->0
[2026-04-03T06:37:58.527+0600][6.217s][info][gc,metaspace   ] GC(19) Metaspace: 8122K(8384K)->8122K(8384K) NonClass: 7162K(7296K)->7162K(7296K) Class: 960K(1088K)->960K(1088K)
[2026-04-03T06:37:58.527+0600][6.217s][info][gc             ] GC(19) Pause Young (Normal) (G1 Evacuation Pause) 90M->10M(140M) 2.927ms
[2026-04-03T06:37:58.527+0600][6.217s][info][gc,cpu         ] GC(19) User=0.02s Sys=0.00s Real=0.00s
[2026-04-03T06:37:58.828+0600][6.518s][info][gc,start       ] GC(20) Pause Young (Normal) (G1 Evacuation Pause)
[2026-04-03T06:37:58.829+0600][6.518s][info][gc,task        ] GC(20) Using 10 workers of 10 for evacuation
[2026-04-03T06:37:58.830+0600][6.520s][info][gc,phases      ] GC(20)   Pre Evacuate Collection Set: 0.19ms
[2026-04-03T06:37:58.831+0600][6.520s][info][gc,phases      ] GC(20)   Merge Heap Roots: 0.13ms
[2026-04-03T06:37:58.831+0600][6.520s][info][gc,phases      ] GC(20)   Evacuate Collection Set: 1.10ms
[2026-04-03T06:37:58.831+0600][6.520s][info][gc,phases      ] GC(20)   Post Evacuate Collection Set: 0.45ms
[2026-04-03T06:37:58.831+0600][6.520s][info][gc,phases      ] GC(20)   Other: 0.11ms
[2026-04-03T06:37:58.831+0600][6.520s][info][gc,heap        ] GC(20) Eden regions: 40->0(40)
[2026-04-03T06:37:58.831+0600][6.520s][info][gc,heap        ] GC(20) Survivor regions: 2->2(6)
[2026-04-03T06:37:58.831+0600][6.520s][info][gc,heap        ] GC(20) Old regions: 8->8
[2026-04-03T06:37:58.831+0600][6.520s][info][gc,heap        ] GC(20) Humongous regions: 0->0
[2026-04-03T06:37:58.831+0600][6.520s][info][gc,metaspace   ] GC(20) Metaspace: 8122K(8384K)->8122K(8384K) NonClass: 7162K(7296K)->7162K(7296K) Class: 960K(1088K)->960K(1088K)
[2026-04-03T06:37:58.831+0600][6.520s][info][gc             ] GC(20) Pause Young (Normal) (G1 Evacuation Pause) 90M->11M(140M) 2.366ms
[2026-04-03T06:37:58.831+0600][6.520s][info][gc,cpu         ] GC(20) User=0.02s Sys=0.00s Real=0.00s
[2026-04-03T06:37:59.006+0600][6.696s][info][gc,start       ] GC(21) Pause Young (Normal) (G1 Evacuation Pause)
[2026-04-03T06:37:59.006+0600][6.696s][info][gc,task        ] GC(21) Using 10 workers of 10 for evacuation
[2026-04-03T06:37:59.009+0600][6.699s][info][gc,phases      ] GC(21)   Pre Evacuate Collection Set: 0.99ms
[2026-04-03T06:37:59.009+0600][6.699s][info][gc,phases      ] GC(21)   Merge Heap Roots: 0.11ms
[2026-04-03T06:37:59.009+0600][6.699s][info][gc,phases      ] GC(21)   Evacuate Collection Set: 0.95ms
[2026-04-03T06:37:59.009+0600][6.699s][info][gc,phases      ] GC(21)   Post Evacuate Collection Set: 0.64ms
[2026-04-03T06:37:59.009+0600][6.699s][info][gc,phases      ] GC(21)   Other: 0.11ms
[2026-04-03T06:37:59.009+0600][6.699s][info][gc,heap        ] GC(21) Eden regions: 40->0(40)
[2026-04-03T06:37:59.009+0600][6.699s][info][gc,heap        ] GC(21) Survivor regions: 2->2(6)
[2026-04-03T06:37:59.009+0600][6.699s][info][gc,heap        ] GC(21) Old regions: 8->8
[2026-04-03T06:37:59.009+0600][6.699s][info][gc,heap        ] GC(21) Humongous regions: 0->0
[2026-04-03T06:37:59.009+0600][6.699s][info][gc,metaspace   ] GC(21) Metaspace: 8122K(8384K)->8122K(8384K) NonClass: 7162K(7296K)->7162K(7296K) Class: 960K(1088K)->960K(1088K)
[2026-04-03T06:37:59.009+0600][6.699s][info][gc             ] GC(21) Pause Young (Normal) (G1 Evacuation Pause) 91M->11M(140M) 3.098ms
[2026-04-03T06:37:59.009+0600][6.699s][info][gc,cpu         ] GC(21) User=0.01s Sys=0.01s Real=0.00s
[2026-04-03T06:37:59.157+0600][6.847s][info][gc,start       ] GC(22) Pause Young (Normal) (G1 Evacuation Pause)
[2026-04-03T06:37:59.157+0600][6.847s][info][gc,task        ] GC(22) Using 10 workers of 10 for evacuation
[2026-04-03T06:37:59.160+0600][6.849s][info][gc,phases      ] GC(22)   Pre Evacuate Collection Set: 0.27ms
[2026-04-03T06:37:59.160+0600][6.849s][info][gc,phases      ] GC(22)   Merge Heap Roots: 0.18ms
[2026-04-03T06:37:59.160+0600][6.849s][info][gc,phases      ] GC(22)   Evacuate Collection Set: 1.65ms
[2026-04-03T06:37:59.160+0600][6.849s][info][gc,phases      ] GC(22)   Post Evacuate Collection Set: 0.52ms
[2026-04-03T06:37:59.160+0600][6.849s][info][gc,phases      ] GC(22)   Other: 0.14ms
[2026-04-03T06:37:59.160+0600][6.849s][info][gc,heap        ] GC(22) Eden regions: 40->0(40)
[2026-04-03T06:37:59.160+0600][6.849s][info][gc,heap        ] GC(22) Survivor regions: 2->2(6)
[2026-04-03T06:37:59.160+0600][6.849s][info][gc,heap        ] GC(22) Old regions: 8->8
[2026-04-03T06:37:59.160+0600][6.850s][info][gc,heap        ] GC(22) Humongous regions: 0->0
[2026-04-03T06:37:59.160+0600][6.850s][info][gc,metaspace   ] GC(22) Metaspace: 8122K(8384K)->8122K(8384K) NonClass: 7162K(7296K)->7162K(7296K) Class: 960K(1088K)->960K(1088K)
[2026-04-03T06:37:59.160+0600][6.850s][info][gc             ] GC(22) Pause Young (Normal) (G1 Evacuation Pause) 91M->11M(140M) 3.045ms
[2026-04-03T06:37:59.160+0600][6.850s][info][gc,cpu         ] GC(22) User=0.02s Sys=0.00s Real=0.00s
[2026-04-03T06:37:59.312+0600][7.002s][info][gc,start       ] GC(23) Pause Young (Normal) (G1 Evacuation Pause)
[2026-04-03T06:37:59.312+0600][7.002s][info][gc,task        ] GC(23) Using 10 workers of 10 for evacuation
[2026-04-03T06:37:59.314+0600][7.003s][info][gc,phases      ] GC(23)   Pre Evacuate Collection Set: 0.17ms
[2026-04-03T06:37:59.314+0600][7.003s][info][gc,phases      ] GC(23)   Merge Heap Roots: 0.11ms
[2026-04-03T06:37:59.314+0600][7.003s][info][gc,phases      ] GC(23)   Evacuate Collection Set: 0.87ms
[2026-04-03T06:37:59.314+0600][7.003s][info][gc,phases      ] GC(23)   Post Evacuate Collection Set: 0.39ms
[2026-04-03T06:37:59.314+0600][7.003s][info][gc,phases      ] GC(23)   Other: 0.09ms
[2026-04-03T06:37:59.314+0600][7.004s][info][gc,heap        ] GC(23) Eden regions: 40->0(40)
[2026-04-03T06:37:59.314+0600][7.004s][info][gc,heap        ] GC(23) Survivor regions: 2->2(6)
[2026-04-03T06:37:59.314+0600][7.004s][info][gc,heap        ] GC(23) Old regions: 8->8
[2026-04-03T06:37:59.314+0600][7.004s][info][gc,heap        ] GC(23) Humongous regions: 0->0
[2026-04-03T06:37:59.314+0600][7.004s][info][gc,metaspace   ] GC(23) Metaspace: 8122K(8384K)->8122K(8384K) NonClass: 7162K(7296K)->7162K(7296K) Class: 960K(1088K)->960K(1088K)
[2026-04-03T06:37:59.314+0600][7.004s][info][gc             ] GC(23) Pause Young (Normal) (G1 Evacuation Pause) 91M->11M(140M) 1.912ms
[2026-04-03T06:37:59.314+0600][7.004s][info][gc,cpu         ] GC(23) User=0.01s Sys=0.00s Real=0.01s
[2026-04-03T06:37:59.451+0600][7.141s][info][gc,start       ] GC(24) Pause Young (Normal) (G1 Evacuation Pause)
[2026-04-03T06:37:59.451+0600][7.141s][info][gc,task        ] GC(24) Using 10 workers of 10 for evacuation
[2026-04-03T06:37:59.454+0600][7.144s][info][gc,phases      ] GC(24)   Pre Evacuate Collection Set: 0.35ms
[2026-04-03T06:37:59.454+0600][7.144s][info][gc,phases      ] GC(24)   Merge Heap Roots: 0.11ms
[2026-04-03T06:37:59.454+0600][7.144s][info][gc,phases      ] GC(24)   Evacuate Collection Set: 1.99ms
[2026-04-03T06:37:59.454+0600][7.144s][info][gc,phases      ] GC(24)   Post Evacuate Collection Set: 0.45ms
[2026-04-03T06:37:59.454+0600][7.144s][info][gc,phases      ] GC(24)   Other: 0.11ms
[2026-04-03T06:37:59.454+0600][7.144s][info][gc,heap        ] GC(24) Eden regions: 40->0(40)
[2026-04-03T06:37:59.454+0600][7.144s][info][gc,heap        ] GC(24) Survivor regions: 2->2(6)
[2026-04-03T06:37:59.454+0600][7.144s][info][gc,heap        ] GC(24) Old regions: 8->8
[2026-04-03T06:37:59.454+0600][7.144s][info][gc,heap        ] GC(24) Humongous regions: 0->0
[2026-04-03T06:37:59.454+0600][7.144s][info][gc,metaspace   ] GC(24) Metaspace: 8122K(8384K)->8122K(8384K) NonClass: 7162K(7296K)->7162K(7296K) Class: 960K(1088K)->960K(1088K)
[2026-04-03T06:37:59.454+0600][7.144s][info][gc             ] GC(24) Pause Young (Normal) (G1 Evacuation Pause) 91M->10M(140M) 3.342ms
[2026-04-03T06:37:59.454+0600][7.144s][info][gc,cpu         ] GC(24) User=0.01s Sys=0.01s Real=0.01s
[2026-04-03T06:37:59.630+0600][7.320s][info][gc,start       ] GC(25) Pause Young (Normal) (G1 Evacuation Pause)
[2026-04-03T06:37:59.631+0600][7.320s][info][gc,task        ] GC(25) Using 10 workers of 10 for evacuation
[2026-04-03T06:37:59.633+0600][7.323s][info][gc,phases      ] GC(25)   Pre Evacuate Collection Set: 0.25ms
[2026-04-03T06:37:59.634+0600][7.323s][info][gc,phases      ] GC(25)   Merge Heap Roots: 0.13ms
[2026-04-03T06:37:59.634+0600][7.323s][info][gc,phases      ] GC(25)   Evacuate Collection Set: 1.78ms
[2026-04-03T06:37:59.634+0600][7.323s][info][gc,phases      ] GC(25)   Post Evacuate Collection Set: 0.66ms
[2026-04-03T06:37:59.634+0600][7.323s][info][gc,phases      ] GC(25)   Other: 0.11ms
[2026-04-03T06:37:59.634+0600][7.323s][info][gc,heap        ] GC(25) Eden regions: 40->0(48)
[2026-04-03T06:37:59.634+0600][7.323s][info][gc,heap        ] GC(25) Survivor regions: 2->2(6)
[2026-04-03T06:37:59.634+0600][7.323s][info][gc,heap        ] GC(25) Old regions: 8->8
[2026-04-03T06:37:59.634+0600][7.323s][info][gc,heap        ] GC(25) Humongous regions: 0->0
[2026-04-03T06:37:59.634+0600][7.323s][info][gc,metaspace   ] GC(25) Metaspace: 8122K(8384K)->8122K(8384K) NonClass: 7162K(7296K)->7162K(7296K) Class: 960K(1088K)->960K(1088K)
[2026-04-03T06:37:59.634+0600][7.323s][info][gc             ] GC(25) Pause Young (Normal) (G1 Evacuation Pause) 90M->11M(168M) 3.315ms
[2026-04-03T06:37:59.634+0600][7.323s][info][gc,cpu         ] GC(25) User=0.02s Sys=0.00s Real=0.01s
[2026-04-03T06:37:59.793+0600][7.482s][info][gc,start       ] GC(26) Pause Young (Normal) (G1 Evacuation Pause)
[2026-04-03T06:37:59.793+0600][7.482s][info][gc,task        ] GC(26) Using 10 workers of 10 for evacuation
[2026-04-03T06:37:59.795+0600][7.484s][info][gc,phases      ] GC(26)   Pre Evacuate Collection Set: 0.23ms
[2026-04-03T06:37:59.795+0600][7.485s][info][gc,phases      ] GC(26)   Merge Heap Roots: 0.22ms
[2026-04-03T06:37:59.795+0600][7.485s][info][gc,phases      ] GC(26)   Evacuate Collection Set: 1.07ms
[2026-04-03T06:37:59.795+0600][7.485s][info][gc,phases      ] GC(26)   Post Evacuate Collection Set: 0.54ms
[2026-04-03T06:37:59.795+0600][7.485s][info][gc,phases      ] GC(26)   Other: 0.12ms
[2026-04-03T06:37:59.795+0600][7.485s][info][gc,heap        ] GC(26) Eden regions: 48->0(48)
[2026-04-03T06:37:59.795+0600][7.485s][info][gc,heap        ] GC(26) Survivor regions: 2->2(7)
[2026-04-03T06:37:59.795+0600][7.485s][info][gc,heap        ] GC(26) Old regions: 8->8
[2026-04-03T06:37:59.795+0600][7.485s][info][gc,heap        ] GC(26) Humongous regions: 0->0
[2026-04-03T06:37:59.795+0600][7.485s][info][gc,metaspace   ] GC(26) Metaspace: 8122K(8384K)->8122K(8384K) NonClass: 7162K(7296K)->7162K(7296K) Class: 960K(1088K)->960K(1088K)
[2026-04-03T06:37:59.795+0600][7.485s][info][gc             ] GC(26) Pause Young (Normal) (G1 Evacuation Pause) 107M->11M(168M) 2.564ms
[2026-04-03T06:37:59.795+0600][7.485s][info][gc,cpu         ] GC(26) User=0.01s Sys=0.01s Real=0.01s
[2026-04-03T06:37:59.928+0600][7.618s][info][gc,start       ] GC(27) Pause Young (Normal) (G1 Evacuation Pause)
[2026-04-03T06:37:59.928+0600][7.618s][info][gc,task        ] GC(27) Using 10 workers of 10 for evacuation
[2026-04-03T06:37:59.931+0600][7.621s][info][gc,phases      ] GC(27)   Pre Evacuate Collection Set: 0.24ms
[2026-04-03T06:37:59.932+0600][7.621s][info][gc,phases      ] GC(27)   Merge Heap Roots: 0.18ms
[2026-04-03T06:37:59.932+0600][7.621s][info][gc,phases      ] GC(27)   Evacuate Collection Set: 1.25ms
[2026-04-03T06:37:59.932+0600][7.621s][info][gc,phases      ] GC(27)   Post Evacuate Collection Set: 1.25ms
[2026-04-03T06:37:59.932+0600][7.621s][info][gc,phases      ] GC(27)   Other: 0.11ms
[2026-04-03T06:37:59.932+0600][7.621s][info][gc,heap        ] GC(27) Eden regions: 48->0(48)
[2026-04-03T06:37:59.932+0600][7.621s][info][gc,heap        ] GC(27) Survivor regions: 2->2(7)
[2026-04-03T06:37:59.932+0600][7.621s][info][gc,heap        ] GC(27) Old regions: 8->8
[2026-04-03T06:37:59.932+0600][7.621s][info][gc,heap        ] GC(27) Humongous regions: 0->0
[2026-04-03T06:37:59.932+0600][7.621s][info][gc,metaspace   ] GC(27) Metaspace: 8126K(8384K)->8126K(8384K) NonClass: 7165K(7296K)->7165K(7296K) Class: 961K(1088K)->961K(1088K)
[2026-04-03T06:37:59.932+0600][7.621s][info][gc             ] GC(27) Pause Young (Normal) (G1 Evacuation Pause) 107M->11M(168M) 3.425ms
[2026-04-03T06:37:59.932+0600][7.621s][info][gc,cpu         ] GC(27) User=0.02s Sys=0.00s Real=0.00s
[2026-04-03T06:38:00.065+0600][7.755s][info][gc,start       ] GC(28) Pause Young (Normal) (G1 Evacuation Pause)
[2026-04-03T06:38:00.065+0600][7.755s][info][gc,task        ] GC(28) Using 10 workers of 10 for evacuation
[2026-04-03T06:38:00.067+0600][7.757s][info][gc,phases      ] GC(28)   Pre Evacuate Collection Set: 0.34ms
[2026-04-03T06:38:00.067+0600][7.757s][info][gc,phases      ] GC(28)   Merge Heap Roots: 0.13ms
[2026-04-03T06:38:00.067+0600][7.757s][info][gc,phases      ] GC(28)   Evacuate Collection Set: 0.95ms
[2026-04-03T06:38:00.067+0600][7.757s][info][gc,phases      ] GC(28)   Post Evacuate Collection Set: 0.40ms
[2026-04-03T06:38:00.067+0600][7.757s][info][gc,phases      ] GC(28)   Other: 0.13ms
[2026-04-03T06:38:00.067+0600][7.757s][info][gc,heap        ] GC(28) Eden regions: 48->0(48)
[2026-04-03T06:38:00.067+0600][7.757s][info][gc,heap        ] GC(28) Survivor regions: 2->2(7)
[2026-04-03T06:38:00.067+0600][7.757s][info][gc,heap        ] GC(28) Old regions: 8->8
[2026-04-03T06:38:00.067+0600][7.757s][info][gc,heap        ] GC(28) Humongous regions: 0->0
[2026-04-03T06:38:00.067+0600][7.757s][info][gc,metaspace   ] GC(28) Metaspace: 8126K(8384K)->8126K(8384K) NonClass: 7165K(7296K)->7165K(7296K) Class: 961K(1088K)->961K(1088K)
[2026-04-03T06:38:00.068+0600][7.757s][info][gc             ] GC(28) Pause Young (Normal) (G1 Evacuation Pause) 107M->10M(168M) 2.351ms
[2026-04-03T06:38:00.068+0600][7.757s][info][gc,cpu         ] GC(28) User=0.00s Sys=0.01s Real=0.00s
[2026-04-03T06:38:00.191+0600][7.880s][info][gc,start       ] GC(29) Pause Young (Normal) (G1 Evacuation Pause)
[2026-04-03T06:38:00.191+0600][7.880s][info][gc,task        ] GC(29) Using 10 workers of 10 for evacuation
[2026-04-03T06:38:00.193+0600][7.883s][info][gc,phases      ] GC(29)   Pre Evacuate Collection Set: 0.51ms
[2026-04-03T06:38:00.193+0600][7.883s][info][gc,phases      ] GC(29)   Merge Heap Roots: 0.18ms
[2026-04-03T06:38:00.193+0600][7.883s][info][gc,phases      ] GC(29)   Evacuate Collection Set: 0.98ms
[2026-04-03T06:38:00.193+0600][7.883s][info][gc,phases      ] GC(29)   Post Evacuate Collection Set: 0.72ms
[2026-04-03T06:38:00.193+0600][7.883s][info][gc,phases      ] GC(29)   Other: 0.16ms
[2026-04-03T06:38:00.193+0600][7.883s][info][gc,heap        ] GC(29) Eden regions: 48->0(58)
[2026-04-03T06:38:00.194+0600][7.883s][info][gc,heap        ] GC(29) Survivor regions: 2->2(7)
[2026-04-03T06:38:00.194+0600][7.883s][info][gc,heap        ] GC(29) Old regions: 8->8
[2026-04-03T06:38:00.194+0600][7.883s][info][gc,heap        ] GC(29) Humongous regions: 0->0
[2026-04-03T06:38:00.194+0600][7.883s][info][gc,metaspace   ] GC(29) Metaspace: 8126K(8384K)->8126K(8384K) NonClass: 7165K(7296K)->7165K(7296K) Class: 961K(1088K)->961K(1088K)
[2026-04-03T06:38:00.194+0600][7.883s][info][gc             ] GC(29) Pause Young (Normal) (G1 Evacuation Pause) 106M->11M(202M) 2.920ms
[2026-04-03T06:38:00.194+0600][7.883s][info][gc,cpu         ] GC(29) User=0.01s Sys=0.01s Real=0.01s
[2026-04-03T06:38:00.343+0600][8.033s][info][gc,start       ] GC(30) Pause Young (Normal) (G1 Evacuation Pause)
[2026-04-03T06:38:00.343+0600][8.033s][info][gc,task        ] GC(30) Using 10 workers of 10 for evacuation
[2026-04-03T06:38:00.345+0600][8.035s][info][gc,phases      ] GC(30)   Pre Evacuate Collection Set: 0.22ms
[2026-04-03T06:38:00.345+0600][8.035s][info][gc,phases      ] GC(30)   Merge Heap Roots: 0.13ms
[2026-04-03T06:38:00.345+0600][8.035s][info][gc,phases      ] GC(30)   Evacuate Collection Set: 0.93ms
[2026-04-03T06:38:00.345+0600][8.035s][info][gc,phases      ] GC(30)   Post Evacuate Collection Set: 0.38ms
[2026-04-03T06:38:00.345+0600][8.035s][info][gc,phases      ] GC(30)   Other: 0.11ms
[2026-04-03T06:38:00.345+0600][8.035s][info][gc,heap        ] GC(30) Eden regions: 58->0(58)
[2026-04-03T06:38:00.345+0600][8.035s][info][gc,heap        ] GC(30) Survivor regions: 2->2(8)
[2026-04-03T06:38:00.345+0600][8.035s][info][gc,heap        ] GC(30) Old regions: 8->8
[2026-04-03T06:38:00.345+0600][8.035s][info][gc,heap        ] GC(30) Humongous regions: 0->0
[2026-04-03T06:38:00.345+0600][8.035s][info][gc,metaspace   ] GC(30) Metaspace: 8126K(8384K)->8126K(8384K) NonClass: 7165K(7296K)->7165K(7296K) Class: 961K(1088K)->961K(1088K)
[2026-04-03T06:38:00.345+0600][8.035s][info][gc             ] GC(30) Pause Young (Normal) (G1 Evacuation Pause) 127M->11M(202M) 2.028ms
[2026-04-03T06:38:00.345+0600][8.035s][info][gc,cpu         ] GC(30) User=0.01s Sys=0.00s Real=0.00s
[2026-04-03T06:38:00.486+0600][8.176s][info][gc,start       ] GC(31) Pause Young (Normal) (G1 Evacuation Pause)
[2026-04-03T06:38:00.486+0600][8.176s][info][gc,task        ] GC(31) Using 10 workers of 10 for evacuation
[2026-04-03T06:38:00.489+0600][8.178s][info][gc,phases      ] GC(31)   Pre Evacuate Collection Set: 0.28ms
[2026-04-03T06:38:00.489+0600][8.178s][info][gc,phases      ] GC(31)   Merge Heap Roots: 0.10ms
[2026-04-03T06:38:00.489+0600][8.178s][info][gc,phases      ] GC(31)   Evacuate Collection Set: 1.71ms
[2026-04-03T06:38:00.489+0600][8.178s][info][gc,phases      ] GC(31)   Post Evacuate Collection Set: 0.38ms
[2026-04-03T06:38:00.489+0600][8.178s][info][gc,phases      ] GC(31)   Other: 0.12ms
[2026-04-03T06:38:00.489+0600][8.178s][info][gc,heap        ] GC(31) Eden regions: 58->0(58)
[2026-04-03T06:38:00.489+0600][8.178s][info][gc,heap        ] GC(31) Survivor regions: 2->2(8)
[2026-04-03T06:38:00.489+0600][8.178s][info][gc,heap        ] GC(31) Old regions: 8->8
[2026-04-03T06:38:00.489+0600][8.178s][info][gc,heap        ] GC(31) Humongous regions: 0->0
[2026-04-03T06:38:00.489+0600][8.178s][info][gc,metaspace   ] GC(31) Metaspace: 8126K(8384K)->8126K(8384K) NonClass: 7165K(7296K)->7165K(7296K) Class: 961K(1088K)->961K(1088K)
[2026-04-03T06:38:00.489+0600][8.179s][info][gc             ] GC(31) Pause Young (Normal) (G1 Evacuation Pause) 127M->11M(202M) 2.906ms
[2026-04-03T06:38:00.489+0600][8.179s][info][gc,cpu         ] GC(31) User=0.01s Sys=0.00s Real=0.00s
[2026-04-03T06:38:00.618+0600][8.307s][info][gc,start       ] GC(32) Pause Young (Normal) (G1 Evacuation Pause)
[2026-04-03T06:38:00.618+0600][8.307s][info][gc,task        ] GC(32) Using 10 workers of 10 for evacuation
[2026-04-03T06:38:00.620+0600][8.309s][info][gc,phases      ] GC(32)   Pre Evacuate Collection Set: 0.29ms
[2026-04-03T06:38:00.620+0600][8.310s][info][gc,phases      ] GC(32)   Merge Heap Roots: 0.18ms
[2026-04-03T06:38:00.620+0600][8.310s][info][gc,phases      ] GC(32)   Evacuate Collection Set: 0.94ms
[2026-04-03T06:38:00.620+0600][8.310s][info][gc,phases      ] GC(32)   Post Evacuate Collection Set: 0.54ms
[2026-04-03T06:38:00.620+0600][8.310s][info][gc,phases      ] GC(32)   Other: 0.12ms
[2026-04-03T06:38:00.620+0600][8.310s][info][gc,heap        ] GC(32) Eden regions: 58->0(58)
[2026-04-03T06:38:00.620+0600][8.310s][info][gc,heap        ] GC(32) Survivor regions: 2->2(8)
[2026-04-03T06:38:00.620+0600][8.310s][info][gc,heap        ] GC(32) Old regions: 8->8
[2026-04-03T06:38:00.620+0600][8.310s][info][gc,heap        ] GC(32) Humongous regions: 0->0
[2026-04-03T06:38:00.620+0600][8.310s][info][gc,metaspace   ] GC(32) Metaspace: 8126K(8384K)->8126K(8384K) NonClass: 7165K(7296K)->7165K(7296K) Class: 961K(1088K)->961K(1088K)
[2026-04-03T06:38:00.620+0600][8.310s][info][gc             ] GC(32) Pause Young (Normal) (G1 Evacuation Pause) 127M->11M(202M) 2.533ms
[2026-04-03T06:38:00.620+0600][8.310s][info][gc,cpu         ] GC(32) User=0.01s Sys=0.01s Real=0.00s
[2026-04-03T06:38:00.763+0600][8.452s][info][gc,start       ] GC(33) Pause Young (Normal) (G1 Evacuation Pause)
[2026-04-03T06:38:00.763+0600][8.453s][info][gc,task        ] GC(33) Using 10 workers of 10 for evacuation
[2026-04-03T06:38:00.765+0600][8.455s][info][gc,phases      ] GC(33)   Pre Evacuate Collection Set: 0.30ms
[2026-04-03T06:38:00.765+0600][8.455s][info][gc,phases      ] GC(33)   Merge Heap Roots: 0.13ms
[2026-04-03T06:38:00.766+0600][8.455s][info][gc,phases      ] GC(33)   Evacuate Collection Set: 1.09ms
[2026-04-03T06:38:00.766+0600][8.455s][info][gc,phases      ] GC(33)   Post Evacuate Collection Set: 0.72ms
[2026-04-03T06:38:00.766+0600][8.455s][info][gc,phases      ] GC(33)   Other: 0.15ms
[2026-04-03T06:38:00.766+0600][8.455s][info][gc,heap        ] GC(33) Eden regions: 58->0(71)
[2026-04-03T06:38:00.766+0600][8.455s][info][gc,heap        ] GC(33) Survivor regions: 2->2(8)
[2026-04-03T06:38:00.766+0600][8.455s][info][gc,heap        ] GC(33) Old regions: 8->8
[2026-04-03T06:38:00.766+0600][8.455s][info][gc,heap        ] GC(33) Humongous regions: 0->0
[2026-04-03T06:38:00.766+0600][8.455s][info][gc,metaspace   ] GC(33) Metaspace: 8126K(8384K)->8126K(8384K) NonClass: 7165K(7296K)->7165K(7296K) Class: 961K(1088K)->961K(1088K)
[2026-04-03T06:38:00.766+0600][8.455s][info][gc             ] GC(33) Pause Young (Normal) (G1 Evacuation Pause) 127M->10M(244M) 2.684ms
[2026-04-03T06:38:00.766+0600][8.455s][info][gc,cpu         ] GC(33) User=0.01s Sys=0.00s Real=0.01s
[2026-04-03T06:38:00.936+0600][8.625s][info][gc,start       ] GC(34) Pause Young (Normal) (G1 Evacuation Pause)
[2026-04-03T06:38:00.936+0600][8.625s][info][gc,task        ] GC(34) Using 10 workers of 10 for evacuation
[2026-04-03T06:38:00.939+0600][8.628s][info][gc,phases      ] GC(34)   Pre Evacuate Collection Set: 0.23ms
[2026-04-03T06:38:00.939+0600][8.629s][info][gc,phases      ] GC(34)   Merge Heap Roots: 0.20ms
[2026-04-03T06:38:00.939+0600][8.629s][info][gc,phases      ] GC(34)   Evacuate Collection Set: 1.79ms
[2026-04-03T06:38:00.939+0600][8.629s][info][gc,phases      ] GC(34)   Post Evacuate Collection Set: 0.72ms
[2026-04-03T06:38:00.939+0600][8.629s][info][gc,phases      ] GC(34)   Other: 0.13ms
[2026-04-03T06:38:00.939+0600][8.629s][info][gc,heap        ] GC(34) Eden regions: 71->0(71)
[2026-04-03T06:38:00.939+0600][8.629s][info][gc,heap        ] GC(34) Survivor regions: 2->2(10)
[2026-04-03T06:38:00.939+0600][8.629s][info][gc,heap        ] GC(34) Old regions: 8->8
[2026-04-03T06:38:00.939+0600][8.629s][info][gc,heap        ] GC(34) Humongous regions: 0->0
[2026-04-03T06:38:00.939+0600][8.629s][info][gc,metaspace   ] GC(34) Metaspace: 8126K(8384K)->8126K(8384K) NonClass: 7165K(7296K)->7165K(7296K) Class: 961K(1088K)->961K(1088K)
[2026-04-03T06:38:00.939+0600][8.629s][info][gc             ] GC(34) Pause Young (Normal) (G1 Evacuation Pause) 152M->10M(244M) 3.396ms
[2026-04-03T06:38:00.939+0600][8.629s][info][gc,cpu         ] GC(34) User=0.02s Sys=0.00s Real=0.00s
[2026-04-03T06:38:01.099+0600][8.789s][info][gc,start       ] GC(35) Pause Young (Normal) (G1 Evacuation Pause)
[2026-04-03T06:38:01.099+0600][8.789s][info][gc,task        ] GC(35) Using 10 workers of 10 for evacuation
[2026-04-03T06:38:01.101+0600][8.791s][info][gc,phases      ] GC(35)   Pre Evacuate Collection Set: 0.35ms
[2026-04-03T06:38:01.101+0600][8.791s][info][gc,phases      ] GC(35)   Merge Heap Roots: 0.11ms
[2026-04-03T06:38:01.101+0600][8.791s][info][gc,phases      ] GC(35)   Evacuate Collection Set: 0.90ms
[2026-04-03T06:38:01.101+0600][8.791s][info][gc,phases      ] GC(35)   Post Evacuate Collection Set: 0.48ms
[2026-04-03T06:38:01.101+0600][8.791s][info][gc,phases      ] GC(35)   Other: 0.11ms
[2026-04-03T06:38:01.101+0600][8.791s][info][gc,heap        ] GC(35) Eden regions: 71->0(71)
[2026-04-03T06:38:01.101+0600][8.791s][info][gc,heap        ] GC(35) Survivor regions: 2->2(10)
[2026-04-03T06:38:01.101+0600][8.791s][info][gc,heap        ] GC(35) Old regions: 8->8
[2026-04-03T06:38:01.101+0600][8.791s][info][gc,heap        ] GC(35) Humongous regions: 0->0
[2026-04-03T06:38:01.101+0600][8.791s][info][gc,metaspace   ] GC(35) Metaspace: 8126K(8384K)->8126K(8384K) NonClass: 7165K(7296K)->7165K(7296K) Class: 961K(1088K)->961K(1088K)
[2026-04-03T06:38:01.101+0600][8.791s][info][gc             ] GC(35) Pause Young (Normal) (G1 Evacuation Pause) 152M->11M(244M) 2.225ms
[2026-04-03T06:38:01.101+0600][8.791s][info][gc,cpu         ] GC(35) User=0.01s Sys=0.00s Real=0.00s
[2026-04-03T06:38:01.244+0600][8.934s][info][gc,start       ] GC(36) Pause Young (Normal) (G1 Evacuation Pause)
[2026-04-03T06:38:01.244+0600][8.934s][info][gc,task        ] GC(36) Using 10 workers of 10 for evacuation
[2026-04-03T06:38:01.246+0600][8.936s][info][gc,phases      ] GC(36)   Pre Evacuate Collection Set: 0.20ms
[2026-04-03T06:38:01.246+0600][8.936s][info][gc,phases      ] GC(36)   Merge Heap Roots: 0.12ms
[2026-04-03T06:38:01.246+0600][8.936s][info][gc,phases      ] GC(36)   Evacuate Collection Set: 0.84ms
[2026-04-03T06:38:01.246+0600][8.936s][info][gc,phases      ] GC(36)   Post Evacuate Collection Set: 0.56ms
[2026-04-03T06:38:01.246+0600][8.936s][info][gc,phases      ] GC(36)   Other: 0.09ms
[2026-04-03T06:38:01.246+0600][8.936s][info][gc,heap        ] GC(36) Eden regions: 71->0(71)
[2026-04-03T06:38:01.246+0600][8.936s][info][gc,heap        ] GC(36) Survivor regions: 2->2(10)
[2026-04-03T06:38:01.246+0600][8.936s][info][gc,heap        ] GC(36) Old regions: 8->8
[2026-04-03T06:38:01.246+0600][8.936s][info][gc,heap        ] GC(36) Humongous regions: 0->0
[2026-04-03T06:38:01.246+0600][8.936s][info][gc,metaspace   ] GC(36) Metaspace: 8126K(8384K)->8126K(8384K) NonClass: 7165K(7296K)->7165K(7296K) Class: 961K(1088K)->961K(1088K)
[2026-04-03T06:38:01.246+0600][8.936s][info][gc             ] GC(36) Pause Young (Normal) (G1 Evacuation Pause) 153M->11M(244M) 2.168ms
[2026-04-03T06:38:01.246+0600][8.936s][info][gc,cpu         ] GC(36) User=0.01s Sys=0.00s Real=0.00s
[2026-04-03T06:38:01.392+0600][9.082s][info][gc,start       ] GC(37) Pause Young (Normal) (G1 Evacuation Pause)
[2026-04-03T06:38:01.392+0600][9.082s][info][gc,task        ] GC(37) Using 10 workers of 10 for evacuation
[2026-04-03T06:38:01.395+0600][9.085s][info][gc,phases      ] GC(37)   Pre Evacuate Collection Set: 0.48ms
[2026-04-03T06:38:01.395+0600][9.085s][info][gc,phases      ] GC(37)   Merge Heap Roots: 0.23ms
[2026-04-03T06:38:01.395+0600][9.085s][info][gc,phases      ] GC(37)   Evacuate Collection Set: 0.87ms
[2026-04-03T06:38:01.395+0600][9.085s][info][gc,phases      ] GC(37)   Post Evacuate Collection Set: 1.23ms
[2026-04-03T06:38:01.395+0600][9.085s][info][gc,phases      ] GC(37)   Other: 0.17ms
[2026-04-03T06:38:01.395+0600][9.085s][info][gc,heap        ] GC(37) Eden regions: 71->0(86)
[2026-04-03T06:38:01.395+0600][9.085s][info][gc,heap        ] GC(37) Survivor regions: 2->2(10)
[2026-04-03T06:38:01.395+0600][9.085s][info][gc,heap        ] GC(37) Old regions: 8->8
[2026-04-03T06:38:01.395+0600][9.085s][info][gc,heap        ] GC(37) Humongous regions: 0->0
[2026-04-03T06:38:01.395+0600][9.085s][info][gc,metaspace   ] GC(37) Metaspace: 8126K(8384K)->8126K(8384K) NonClass: 7165K(7296K)->7165K(7296K) Class: 961K(1088K)->961K(1088K)
[2026-04-03T06:38:01.395+0600][9.085s][info][gc             ] GC(37) Pause Young (Normal) (G1 Evacuation Pause) 153M->10M(294M) 3.356ms
[2026-04-03T06:38:01.395+0600][9.085s][info][gc,cpu         ] GC(37) User=0.01s Sys=0.00s Real=0.01s
[2026-04-03T06:38:01.597+0600][9.287s][info][gc,start       ] GC(38) Pause Young (Normal) (G1 Evacuation Pause)
[2026-04-03T06:38:01.597+0600][9.287s][info][gc,task        ] GC(38) Using 10 workers of 10 for evacuation
[2026-04-03T06:38:01.599+0600][9.289s][info][gc,phases      ] GC(38)   Pre Evacuate Collection Set: 0.31ms
[2026-04-03T06:38:01.599+0600][9.289s][info][gc,phases      ] GC(38)   Merge Heap Roots: 0.18ms
[2026-04-03T06:38:01.599+0600][9.289s][info][gc,phases      ] GC(38)   Evacuate Collection Set: 0.83ms
[2026-04-03T06:38:01.599+0600][9.289s][info][gc,phases      ] GC(38)   Post Evacuate Collection Set: 0.42ms
[2026-04-03T06:38:01.599+0600][9.289s][info][gc,phases      ] GC(38)   Other: 0.27ms
[2026-04-03T06:38:01.599+0600][9.289s][info][gc,heap        ] GC(38) Eden regions: 86->0(86)
[2026-04-03T06:38:01.599+0600][9.289s][info][gc,heap        ] GC(38) Survivor regions: 2->2(11)
[2026-04-03T06:38:01.599+0600][9.289s][info][gc,heap        ] GC(38) Old regions: 8->8
[2026-04-03T06:38:01.599+0600][9.289s][info][gc,heap        ] GC(38) Humongous regions: 0->0
[2026-04-03T06:38:01.599+0600][9.289s][info][gc,metaspace   ] GC(38) Metaspace: 8126K(8384K)->8126K(8384K) NonClass: 7165K(7296K)->7165K(7296K) Class: 961K(1088K)->961K(1088K)
[2026-04-03T06:38:01.599+0600][9.289s][info][gc             ] GC(38) Pause Young (Normal) (G1 Evacuation Pause) 182M->11M(294M) 2.387ms
[2026-04-03T06:38:01.599+0600][9.289s][info][gc,cpu         ] GC(38) User=0.02s Sys=0.00s Real=0.00s
[2026-04-03T06:38:01.774+0600][9.464s][info][gc,start       ] GC(39) Pause Young (Normal) (G1 Evacuation Pause)
[2026-04-03T06:38:01.774+0600][9.464s][info][gc,task        ] GC(39) Using 10 workers of 10 for evacuation
[2026-04-03T06:38:01.776+0600][9.466s][info][gc,phases      ] GC(39)   Pre Evacuate Collection Set: 0.34ms
[2026-04-03T06:38:01.776+0600][9.466s][info][gc,phases      ] GC(39)   Merge Heap Roots: 0.14ms
[2026-04-03T06:38:01.776+0600][9.466s][info][gc,phases      ] GC(39)   Evacuate Collection Set: 0.81ms
[2026-04-03T06:38:01.776+0600][9.466s][info][gc,phases      ] GC(39)   Post Evacuate Collection Set: 0.38ms
[2026-04-03T06:38:01.776+0600][9.466s][info][gc,phases      ] GC(39)   Other: 0.20ms
[2026-04-03T06:38:01.776+0600][9.466s][info][gc,heap        ] GC(39) Eden regions: 86->0(86)
[2026-04-03T06:38:01.776+0600][9.466s][info][gc,heap        ] GC(39) Survivor regions: 2->2(11)
[2026-04-03T06:38:01.777+0600][9.466s][info][gc,heap        ] GC(39) Old regions: 8->8
[2026-04-03T06:38:01.777+0600][9.466s][info][gc,heap        ] GC(39) Humongous regions: 0->0
[2026-04-03T06:38:01.777+0600][9.466s][info][gc,metaspace   ] GC(39) Metaspace: 8126K(8384K)->8126K(8384K) NonClass: 7165K(7296K)->7165K(7296K) Class: 961K(1088K)->961K(1088K)
[2026-04-03T06:38:01.777+0600][9.466s][info][gc             ] GC(39) Pause Young (Normal) (G1 Evacuation Pause) 183M->11M(294M) 2.184ms
[2026-04-03T06:38:01.777+0600][9.466s][info][gc,cpu         ] GC(39) User=0.01s Sys=0.00s Real=0.00s
[2026-04-03T06:38:01.928+0600][9.618s][info][gc,start       ] GC(40) Pause Young (Normal) (G1 Evacuation Pause)
[2026-04-03T06:38:01.928+0600][9.618s][info][gc,task        ] GC(40) Using 10 workers of 10 for evacuation
[2026-04-03T06:38:01.930+0600][9.620s][info][gc,phases      ] GC(40)   Pre Evacuate Collection Set: 0.26ms
[2026-04-03T06:38:01.930+0600][9.620s][info][gc,phases      ] GC(40)   Merge Heap Roots: 0.15ms
[2026-04-03T06:38:01.930+0600][9.620s][info][gc,phases      ] GC(40)   Evacuate Collection Set: 1.02ms
[2026-04-03T06:38:01.930+0600][9.620s][info][gc,phases      ] GC(40)   Post Evacuate Collection Set: 0.40ms
[2026-04-03T06:38:01.930+0600][9.620s][info][gc,phases      ] GC(40)   Other: 0.23ms
[2026-04-03T06:38:01.930+0600][9.620s][info][gc,heap        ] GC(40) Eden regions: 86->0(86)
[2026-04-03T06:38:01.930+0600][9.620s][info][gc,heap        ] GC(40) Survivor regions: 2->2(11)
[2026-04-03T06:38:01.930+0600][9.620s][info][gc,heap        ] GC(40) Old regions: 8->8
[2026-04-03T06:38:01.930+0600][9.620s][info][gc,heap        ] GC(40) Humongous regions: 0->0
[2026-04-03T06:38:01.930+0600][9.620s][info][gc,metaspace   ] GC(40) Metaspace: 8126K(8384K)->8126K(8384K) NonClass: 7165K(7296K)->7165K(7296K) Class: 961K(1088K)->961K(1088K)
[2026-04-03T06:38:01.931+0600][9.620s][info][gc             ] GC(40) Pause Young (Normal) (G1 Evacuation Pause) 183M->11M(294M) 2.391ms
[2026-04-03T06:38:01.931+0600][9.620s][info][gc,cpu         ] GC(40) User=0.01s Sys=0.00s Real=0.00s
[2026-04-03T06:38:02.081+0600][9.771s][info][gc,start       ] GC(41) Pause Young (Normal) (G1 Evacuation Pause)
[2026-04-03T06:38:02.081+0600][9.771s][info][gc,task        ] GC(41) Using 10 workers of 10 for evacuation
[2026-04-03T06:38:02.083+0600][9.773s][info][gc,phases      ] GC(41)   Pre Evacuate Collection Set: 0.20ms
[2026-04-03T06:38:02.083+0600][9.773s][info][gc,phases      ] GC(41)   Merge Heap Roots: 0.12ms
[2026-04-03T06:38:02.083+0600][9.773s][info][gc,phases      ] GC(41)   Evacuate Collection Set: 0.74ms
[2026-04-03T06:38:02.083+0600][9.773s][info][gc,phases      ] GC(41)   Post Evacuate Collection Set: 0.38ms
[2026-04-03T06:38:02.083+0600][9.773s][info][gc,phases      ] GC(41)   Other: 0.10ms
[2026-04-03T06:38:02.083+0600][9.773s][info][gc,heap        ] GC(41) Eden regions: 86->0(86)
[2026-04-03T06:38:02.083+0600][9.773s][info][gc,heap        ] GC(41) Survivor regions: 2->2(11)
[2026-04-03T06:38:02.083+0600][9.773s][info][gc,heap        ] GC(41) Old regions: 8->8
[2026-04-03T06:38:02.083+0600][9.773s][info][gc,heap        ] GC(41) Humongous regions: 0->0
[2026-04-03T06:38:02.083+0600][9.773s][info][gc,metaspace   ] GC(41) Metaspace: 8126K(8384K)->8126K(8384K) NonClass: 7165K(7296K)->7165K(7296K) Class: 961K(1088K)->961K(1088K)
[2026-04-03T06:38:02.083+0600][9.773s][info][gc             ] GC(41) Pause Young (Normal) (G1 Evacuation Pause) 183M->11M(294M) 1.859ms
[2026-04-03T06:38:02.083+0600][9.773s][info][gc,cpu         ] GC(41) User=0.01s Sys=0.00s Real=0.01s
[2026-04-03T06:38:02.251+0600][9.941s][info][gc,start       ] GC(42) Pause Young (Normal) (G1 Evacuation Pause)
[2026-04-03T06:38:02.251+0600][9.941s][info][gc,task        ] GC(42) Using 10 workers of 10 for evacuation
[2026-04-03T06:38:02.253+0600][9.943s][info][gc,phases      ] GC(42)   Pre Evacuate Collection Set: 0.30ms
[2026-04-03T06:38:02.253+0600][9.943s][info][gc,phases      ] GC(42)   Merge Heap Roots: 0.16ms
[2026-04-03T06:38:02.253+0600][9.943s][info][gc,phases      ] GC(42)   Evacuate Collection Set: 0.83ms
[2026-04-03T06:38:02.253+0600][9.943s][info][gc,phases      ] GC(42)   Post Evacuate Collection Set: 0.55ms
[2026-04-03T06:38:02.253+0600][9.943s][info][gc,phases      ] GC(42)   Other: 0.12ms
[2026-04-03T06:38:02.253+0600][9.943s][info][gc,heap        ] GC(42) Eden regions: 86->0(86)
[2026-04-03T06:38:02.253+0600][9.943s][info][gc,heap        ] GC(42) Survivor regions: 2->2(11)
[2026-04-03T06:38:02.253+0600][9.943s][info][gc,heap        ] GC(42) Old regions: 8->8
[2026-04-03T06:38:02.253+0600][9.943s][info][gc,heap        ] GC(42) Humongous regions: 0->0
[2026-04-03T06:38:02.253+0600][9.943s][info][gc,metaspace   ] GC(42) Metaspace: 8126K(8384K)->8126K(8384K) NonClass: 7165K(7296K)->7165K(7296K) Class: 961K(1088K)->961K(1088K)
[2026-04-03T06:38:02.253+0600][9.943s][info][gc             ] GC(42) Pause Young (Normal) (G1 Evacuation Pause) 183M->11M(294M) 2.342ms
[2026-04-03T06:38:02.253+0600][9.943s][info][gc,cpu         ] GC(42) User=0.01s Sys=0.00s Real=0.01s
[2026-04-03T06:38:02.432+0600][10.122s][info][gc,start       ] GC(43) Pause Young (Normal) (G1 Evacuation Pause)
[2026-04-03T06:38:02.433+0600][10.122s][info][gc,task        ] GC(43) Using 10 workers of 10 for evacuation
[2026-04-03T06:38:02.435+0600][10.125s][info][gc,phases      ] GC(43)   Pre Evacuate Collection Set: 0.36ms
[2026-04-03T06:38:02.435+0600][10.125s][info][gc,phases      ] GC(43)   Merge Heap Roots: 0.09ms
[2026-04-03T06:38:02.435+0600][10.125s][info][gc,phases      ] GC(43)   Evacuate Collection Set: 1.41ms
[2026-04-03T06:38:02.435+0600][10.125s][info][gc,phases      ] GC(43)   Post Evacuate Collection Set: 0.53ms
[2026-04-03T06:38:02.435+0600][10.125s][info][gc,phases      ] GC(43)   Other: 0.10ms
[2026-04-03T06:38:02.435+0600][10.125s][info][gc,heap        ] GC(43) Eden regions: 86->0(86)
[2026-04-03T06:38:02.435+0600][10.125s][info][gc,heap        ] GC(43) Survivor regions: 2->2(11)
[2026-04-03T06:38:02.435+0600][10.125s][info][gc,heap        ] GC(43) Old regions: 8->8
[2026-04-03T06:38:02.435+0600][10.125s][info][gc,heap        ] GC(43) Humongous regions: 0->0
[2026-04-03T06:38:02.435+0600][10.125s][info][gc,metaspace   ] GC(43) Metaspace: 8128K(8384K)->8128K(8384K) NonClass: 7167K(7296K)->7167K(7296K) Class: 961K(1088K)->961K(1088K)
[2026-04-03T06:38:02.435+0600][10.125s][info][gc             ] GC(43) Pause Young (Normal) (G1 Evacuation Pause) 183M->11M(294M) 2.800ms
[2026-04-03T06:38:02.435+0600][10.125s][info][gc,cpu         ] GC(43) User=0.02s Sys=0.00s Real=0.01s
[2026-04-03T06:38:02.609+0600][10.298s][info][gc,start       ] GC(44) Pause Young (Normal) (G1 Evacuation Pause)
[2026-04-03T06:38:02.609+0600][10.298s][info][gc,task        ] GC(44) Using 10 workers of 10 for evacuation
[2026-04-03T06:38:02.610+0600][10.300s][info][gc,phases      ] GC(44)   Pre Evacuate Collection Set: 0.34ms
[2026-04-03T06:38:02.610+0600][10.300s][info][gc,phases      ] GC(44)   Merge Heap Roots: 0.11ms
[2026-04-03T06:38:02.610+0600][10.300s][info][gc,phases      ] GC(44)   Evacuate Collection Set: 0.72ms
[2026-04-03T06:38:02.610+0600][10.300s][info][gc,phases      ] GC(44)   Post Evacuate Collection Set: 0.40ms
[2026-04-03T06:38:02.610+0600][10.300s][info][gc,phases      ] GC(44)   Other: 0.09ms
[2026-04-03T06:38:02.610+0600][10.300s][info][gc,heap        ] GC(44) Eden regions: 86->0(86)
[2026-04-03T06:38:02.610+0600][10.300s][info][gc,heap        ] GC(44) Survivor regions: 2->2(11)
[2026-04-03T06:38:02.610+0600][10.300s][info][gc,heap        ] GC(44) Old regions: 8->8
[2026-04-03T06:38:02.610+0600][10.300s][info][gc,heap        ] GC(44) Humongous regions: 0->0
[2026-04-03T06:38:02.610+0600][10.300s][info][gc,metaspace   ] GC(44) Metaspace: 8130K(8384K)->8130K(8384K) NonClass: 7169K(7296K)->7169K(7296K) Class: 961K(1088K)->961K(1088K)
[2026-04-03T06:38:02.610+0600][10.300s][info][gc             ] GC(44) Pause Young (Normal) (G1 Evacuation Pause) 183M->11M(294M) 1.941ms
[2026-04-03T06:38:02.610+0600][10.300s][info][gc,cpu         ] GC(44) User=0.01s Sys=0.00s Real=0.00s
[2026-04-03T06:38:02.766+0600][10.456s][info][gc,start       ] GC(45) Pause Young (Normal) (G1 Evacuation Pause)
[2026-04-03T06:38:02.766+0600][10.456s][info][gc,task        ] GC(45) Using 10 workers of 10 for evacuation
[2026-04-03T06:38:02.768+0600][10.458s][info][gc,phases      ] GC(45)   Pre Evacuate Collection Set: 0.33ms
[2026-04-03T06:38:02.768+0600][10.458s][info][gc,phases      ] GC(45)   Merge Heap Roots: 0.15ms
[2026-04-03T06:38:02.768+0600][10.458s][info][gc,phases      ] GC(45)   Evacuate Collection Set: 0.82ms
[2026-04-03T06:38:02.768+0600][10.458s][info][gc,phases      ] GC(45)   Post Evacuate Collection Set: 0.79ms
[2026-04-03T06:38:02.769+0600][10.458s][info][gc,phases      ] GC(45)   Other: 0.10ms
[2026-04-03T06:38:02.769+0600][10.458s][info][gc,heap        ] GC(45) Eden regions: 86->0(86)
[2026-04-03T06:38:02.769+0600][10.458s][info][gc,heap        ] GC(45) Survivor regions: 2->2(11)
[2026-04-03T06:38:02.769+0600][10.458s][info][gc,heap        ] GC(45) Old regions: 8->8
[2026-04-03T06:38:02.769+0600][10.458s][info][gc,heap        ] GC(45) Humongous regions: 0->0
[2026-04-03T06:38:02.769+0600][10.458s][info][gc,metaspace   ] GC(45) Metaspace: 8131K(8384K)->8131K(8384K) NonClass: 7170K(7296K)->7170K(7296K) Class: 961K(1088K)->961K(1088K)
[2026-04-03T06:38:02.769+0600][10.458s][info][gc             ] GC(45) Pause Young (Normal) (G1 Evacuation Pause) 183M->10M(294M) 2.493ms
[2026-04-03T06:38:02.769+0600][10.458s][info][gc,cpu         ] GC(45) User=0.00s Sys=0.01s Real=0.00s
[2026-04-03T06:38:02.939+0600][10.629s][info][gc,start       ] GC(46) Pause Young (Normal) (G1 Evacuation Pause)
[2026-04-03T06:38:02.939+0600][10.629s][info][gc,task        ] GC(46) Using 10 workers of 10 for evacuation
[2026-04-03T06:38:02.942+0600][10.631s][info][gc,phases      ] GC(46)   Pre Evacuate Collection Set: 0.26ms
[2026-04-03T06:38:02.942+0600][10.631s][info][gc,phases      ] GC(46)   Merge Heap Roots: 0.14ms
[2026-04-03T06:38:02.942+0600][10.631s][info][gc,phases      ] GC(46)   Evacuate Collection Set: 0.78ms
[2026-04-03T06:38:02.942+0600][10.631s][info][gc,phases      ] GC(46)   Post Evacuate Collection Set: 0.96ms
[2026-04-03T06:38:02.942+0600][10.631s][info][gc,phases      ] GC(46)   Other: 0.10ms
[2026-04-03T06:38:02.942+0600][10.631s][info][gc,heap        ] GC(46) Eden regions: 86->0(105)
[2026-04-03T06:38:02.942+0600][10.631s][info][gc,heap        ] GC(46) Survivor regions: 2->1(11)
[2026-04-03T06:38:02.942+0600][10.631s][info][gc,heap        ] GC(46) Old regions: 8->8
[2026-04-03T06:38:02.942+0600][10.631s][info][gc,heap        ] GC(46) Humongous regions: 0->0
[2026-04-03T06:38:02.942+0600][10.631s][info][gc,metaspace   ] GC(46) Metaspace: 8131K(8384K)->8131K(8384K) NonClass: 7170K(7296K)->7170K(7296K) Class: 961K(1088K)->961K(1088K)
[2026-04-03T06:38:02.942+0600][10.631s][info][gc             ] GC(46) Pause Young (Normal) (G1 Evacuation Pause) 182M->9M(354M) 2.612ms
[2026-04-03T06:38:02.942+0600][10.631s][info][gc,cpu         ] GC(46) User=0.01s Sys=0.00s Real=0.00s
[2026-04-03T06:38:03.056+0600][10.745s][info][gc,heap,exit   ] Heap
[2026-04-03T06:38:03.056+0600][10.746s][info][gc,heap,exit   ]  garbage-first heap   total 362496K, used 58948K [0x000000070ae00000, 0x0000000800000000)
[2026-04-03T06:38:03.056+0600][10.746s][info][gc,heap,exit   ]   region size 2048K, 25 young (51200K), 1 survivors (2048K)
[2026-04-03T06:38:03.056+0600][10.746s][info][gc,heap,exit   ]  Metaspace       used 8316K, committed 8576K, reserved 1114112K
[2026-04-03T06:38:03.056+0600][10.746s][info][gc,heap,exit   ]   class space    used 978K, committed 1088K, reserved 1048576K
