[2026-04-03T06:37:41.862+0600][0.006s][info][gc,init] Initializing The Z Garbage Collector
[2026-04-03T06:37:41.862+0600][0.006s][info][gc,init] Version: 21.0.10+7-Ubuntu-124.04 (release)
[2026-04-03T06:37:41.862+0600][0.006s][info][gc,init] NUMA Support: Disabled
[2026-04-03T06:37:41.862+0600][0.006s][info][gc,init] CPUs: 12 total, 12 available
[2026-04-03T06:37:41.862+0600][0.006s][info][gc,init] Memory: 15683M
[2026-04-03T06:37:41.862+0600][0.006s][info][gc,init] Large Page Support: Disabled
[2026-04-03T06:37:41.862+0600][0.006s][info][gc,init] Address Space Type: Contiguous/Unrestricted/Complete
[2026-04-03T06:37:41.862+0600][0.006s][info][gc,init] Address Space Size: 62752M
[2026-04-03T06:37:41.862+0600][0.006s][info][gc,init] Heap Backing File: /memfd:java_heap
[2026-04-03T06:37:41.862+0600][0.006s][info][gc,init] Heap Backing Filesystem: tmpfs (0x1021994)
[2026-04-03T06:37:41.863+0600][0.007s][info][gc,init] Min Capacity: 8M
[2026-04-03T06:37:41.863+0600][0.007s][info][gc,init] Initial Capacity: 246M
[2026-04-03T06:37:41.863+0600][0.007s][info][gc,init] Max Capacity: 3922M
[2026-04-03T06:37:41.863+0600][0.007s][info][gc,init] Soft Max Capacity: 3529M
[2026-04-03T06:37:41.863+0600][0.007s][info][gc,init] Medium Page Size: 32M
[2026-04-03T06:37:41.863+0600][0.007s][info][gc,init] Pre-touch: Disabled
[2026-04-03T06:37:41.863+0600][0.007s][info][gc,init] Available space on backing filesystem: N/A
[2026-04-03T06:37:41.864+0600][0.009s][info][gc,init] Uncommit: Enabled
[2026-04-03T06:37:41.864+0600][0.009s][info][gc,init] Uncommit Delay: 300s
[2026-04-03T06:37:41.864+0600][0.009s][info][gc,init] GC Workers for Old Generation: 3 (dynamic)
[2026-04-03T06:37:41.865+0600][0.010s][info][gc,init] GC Workers for Young Generation: 3 (dynamic)
[2026-04-03T06:37:41.960+0600][0.104s][info][gc,init] GC Workers Max: 3 (dynamic)
[2026-04-03T06:37:41.960+0600][0.105s][info][gc,init] Runtime Workers: 8
[2026-04-03T06:37:41.961+0600][0.105s][info][gc     ] Using The Z Garbage Collector
[2026-04-03T06:37:41.970+0600][0.115s][info][gc,metaspace] CDS archive(s) mapped at: [0x00007bc6d7000000-0x00007bc6d7c9c000-0x00007bc6d7c9c000), size 13221888, SharedBaseAddress: 0x00007bc6d7000000, ArchiveRelocationMode: 1.
[2026-04-03T06:37:41.970+0600][0.115s][info][gc,metaspace] Compressed class space mapped at: 0x00007bc6d8000000-0x00007bc718000000, reserved size: 1073741824
[2026-04-03T06:37:41.970+0600][0.115s][info][gc,metaspace] Narrow klass base: 0x00007bc6d7000000, Narrow klass shift: 0, Narrow klass range: 0x100000000
[2026-04-03T06:37:42.574+0600][0.718s][info][gc          ] GC(0) Major Collection (System.gc())
[2026-04-03T06:37:42.574+0600][0.718s][info][gc,task     ] GC(0) Using 3 Workers for Young Generation
[2026-04-03T06:37:42.574+0600][0.718s][info][gc,task     ] GC(0) Using 3 Workers for Old Generation
[2026-04-03T06:37:42.574+0600][0.718s][info][gc,phases   ] GC(0) Y: Young Generation (Promote All)
[2026-04-03T06:37:42.574+0600][0.718s][info][gc,phases   ] GC(0) Y: Pause Mark Start 0.017ms
[2026-04-03T06:37:42.580+0600][0.724s][info][gc,phases   ] GC(0) Y: Concurrent Mark 5.775ms
[2026-04-03T06:37:42.580+0600][0.724s][info][gc,phases   ] GC(0) Y: Pause Mark End 0.016ms
[2026-04-03T06:37:42.580+0600][0.724s][info][gc,phases   ] GC(0) Y: Concurrent Mark Free 0.001ms
[2026-04-03T06:37:42.580+0600][0.724s][info][gc,phases   ] GC(0) Y: Concurrent Reset Relocation Set 0.001ms
[2026-04-03T06:37:42.589+0600][0.733s][info][gc,reloc    ] GC(0) Y: Using tenuring threshold: 0 (Promote All)
[2026-04-03T06:37:42.592+0600][0.736s][info][gc,phases   ] GC(0) Y: Concurrent Select Relocation Set 11.757ms
[2026-04-03T06:37:42.592+0600][0.736s][info][gc,phases   ] GC(0) Y: Pause Relocate Start 0.012ms
[2026-04-03T06:37:42.599+0600][0.744s][info][gc,phases   ] GC(0) Y: Concurrent Relocate 7.160ms
[2026-04-03T06:37:42.599+0600][0.744s][info][gc,alloc    ] GC(0) Y:                         Mark Start        Mark End      Relocate Start    Relocate End   
[2026-04-03T06:37:42.599+0600][0.744s][info][gc,alloc    ] GC(0) Y: Allocation Stalls:          0                0                0                0         
[2026-04-03T06:37:42.599+0600][0.744s][info][gc,load     ] GC(0) Y: Load: 8.75 (73%) / 7.07 (59%) / 5.36 (45%)
[2026-04-03T06:37:42.599+0600][0.744s][info][gc,mmu      ] GC(0) Y: MMU: 2ms/99.2%, 5ms/99.7%, 10ms/99.7%, 20ms/99.8%, 50ms/99.9%, 100ms/100.0%
[2026-04-03T06:37:42.599+0600][0.744s][info][gc,marking  ] GC(0) Y: Mark: 2 stripe(s), 4 proactive flush(es), 1 terminate flush(es), 0 completion(s), 0 continuation(s) 
[2026-04-03T06:37:42.599+0600][0.744s][info][gc,marking  ] GC(0) Y: Mark Stack Usage: 32M
[2026-04-03T06:37:42.599+0600][0.744s][info][gc,nmethod  ] GC(0) Y: NMethods: 1179 registered, 0 unregistered
[2026-04-03T06:37:42.599+0600][0.744s][info][gc,metaspace] GC(0) Y: Metaspace: 5M used, 6M committed, 1088M reserved
[2026-04-03T06:37:42.599+0600][0.744s][info][gc,reloc    ] GC(0) Y:                        Candidates     Selected     In-Place         Size        Empty    Relocated 
[2026-04-03T06:37:42.599+0600][0.744s][info][gc,reloc    ] GC(0) Y: Small Pages:                   13           10            0          26M           0M           2M 
[2026-04-03T06:37:42.599+0600][0.744s][info][gc,reloc    ] GC(0) Y: Medium Pages:                   0            0            0           0M           0M           0M 
[2026-04-03T06:37:42.599+0600][0.744s][info][gc,reloc    ] GC(0) Y: Large Pages:                    0            0            0           0M           0M           0M 
[2026-04-03T06:37:42.599+0600][0.744s][info][gc,reloc    ] GC(0) Y: Forwarding Usage: 0M
[2026-04-03T06:37:42.599+0600][0.744s][info][gc,reloc    ] GC(0) Y: Age Table:
[2026-04-03T06:37:42.599+0600][0.744s][info][gc,reloc    ] GC(0) Y:                    Live             Garbage             Small              Medium             Large        
[2026-04-03T06:37:42.599+0600][0.744s][info][gc,reloc    ] GC(0) Y: Eden               3M (0%)           22M (1%)          13 / 10             0 / 0              0 / 0        
[2026-04-03T06:37:42.599+0600][0.744s][info][gc,heap     ] GC(0) Y: Min Capacity: 8M(0%)
[2026-04-03T06:37:42.599+0600][0.744s][info][gc,heap     ] GC(0) Y: Max Capacity: 3922M(100%)
[2026-04-03T06:37:42.599+0600][0.744s][info][gc,heap     ] GC(0) Y: Soft Max Capacity: 3529M(90%)
[2026-04-03T06:37:42.599+0600][0.744s][info][gc,heap     ] GC(0) Y: Heap Statistics:
[2026-04-03T06:37:42.599+0600][0.744s][info][gc,heap     ] GC(0) Y:                Mark Start          Mark End        Relocate Start      Relocate End           High               Low         
[2026-04-03T06:37:42.599+0600][0.744s][info][gc,heap     ] GC(0) Y:  Capacity:      246M (6%)          246M (6%)          246M (6%)          246M (6%)          246M (6%)          246M (6%)     
[2026-04-03T06:37:42.599+0600][0.744s][info][gc,heap     ] GC(0) Y:      Free:     3896M (99%)        3896M (99%)        3896M (99%)        3914M (100%)       3914M (100%)       3890M (99%)    
[2026-04-03T06:37:42.599+0600][0.744s][info][gc,heap     ] GC(0) Y:      Used:       26M (1%)           26M (1%)           26M (1%)            8M (0%)           32M (1%)            8M (0%)     
[2026-04-03T06:37:42.599+0600][0.744s][info][gc,heap     ] GC(0) Y: Young Generation Statistics:
[2026-04-03T06:37:42.599+0600][0.744s][info][gc,heap     ] GC(0) Y:                Mark Start          Mark End        Relocate Start      Relocate End    
[2026-04-03T06:37:42.599+0600][0.744s][info][gc,heap     ] GC(0) Y:      Used:       26M (1%)           26M (1%)           24M (1%)            0M (0%)     
[2026-04-03T06:37:42.599+0600][0.744s][info][gc,heap     ] GC(0) Y:      Live:         -                 3M (0%)            2M (0%)            0M (0%)     
[2026-04-03T06:37:42.600+0600][0.744s][info][gc,heap     ] GC(0) Y:   Garbage:         -                22M (1%)           21M (1%)            0M (0%)     
[2026-04-03T06:37:42.600+0600][0.744s][info][gc,heap     ] GC(0) Y: Allocated:         -                 0M (0%)            0M (0%)            0M (0%)     
[2026-04-03T06:37:42.600+0600][0.744s][info][gc,heap     ] GC(0) Y: Reclaimed:         -                  -                 1M (0%)           22M (1%)     
[2026-04-03T06:37:42.600+0600][0.744s][info][gc,heap     ] GC(0) Y:  Promoted:         -                  -                 0M (0%)            3M (0%)     
[2026-04-03T06:37:42.600+0600][0.744s][info][gc,heap     ] GC(0) Y: Compacted:         -                  -                  -                 0M (0%)     
[2026-04-03T06:37:42.600+0600][0.744s][info][gc,phases   ] GC(0) Y: Young Generation (Promote All) 26M(1%)->8M(0%) 0.026s
[2026-04-03T06:37:42.600+0600][0.744s][info][gc,phases   ] GC(0) Y: Young Generation (Collect Roots)
[2026-04-03T06:37:42.600+0600][0.744s][info][gc,phases   ] GC(0) Y: Pause Mark Start (Major) 0.017ms
[2026-04-03T06:37:42.603+0600][0.747s][info][gc,phases   ] GC(0) Y: Concurrent Mark 3.057ms
[2026-04-03T06:37:42.603+0600][0.747s][info][gc,phases   ] GC(0) Y: Pause Mark End 0.012ms
[2026-04-03T06:37:42.603+0600][0.748s][info][gc,phases   ] GC(0) Y: Concurrent Mark Free 0.156ms
[2026-04-03T06:37:42.603+0600][0.748s][info][gc,phases   ] GC(0) Y: Concurrent Reset Relocation Set 0.012ms
[2026-04-03T06:37:42.605+0600][0.749s][info][gc,reloc    ] GC(0) Y: Using tenuring threshold: 0 (Computed)
[2026-04-03T06:37:42.605+0600][0.749s][info][gc,phases   ] GC(0) Y: Concurrent Select Relocation Set 1.823ms
[2026-04-03T06:37:42.605+0600][0.750s][info][gc,phases   ] GC(0) Y: Pause Relocate Start 0.011ms
[2026-04-03T06:37:42.605+0600][0.750s][info][gc,phases   ] GC(0) Y: Concurrent Relocate 0.178ms
[2026-04-03T06:37:42.605+0600][0.750s][info][gc,alloc    ] GC(0) Y:                         Mark Start        Mark End      Relocate Start    Relocate End   
[2026-04-03T06:37:42.605+0600][0.750s][info][gc,alloc    ] GC(0) Y: Allocation Stalls:          0                0                0                0         
[2026-04-03T06:37:42.605+0600][0.750s][info][gc,load     ] GC(0) Y: Load: 8.75 (73%) / 7.07 (59%) / 5.36 (45%)
[2026-04-03T06:37:42.605+0600][0.750s][info][gc,mmu      ] GC(0) Y: MMU: 2ms/99.1%, 5ms/99.4%, 10ms/99.6%, 20ms/99.7%, 50ms/99.8%, 100ms/99.9%
[2026-04-03T06:37:42.605+0600][0.750s][info][gc,marking  ] GC(0) Y: Mark: 2 stripe(s), 1 proactive flush(es), 1 terminate flush(es), 0 completion(s), 0 continuation(s) 
[2026-04-03T06:37:42.605+0600][0.750s][info][gc,marking  ] GC(0) Y: Mark Stack Usage: 0M
[2026-04-03T06:37:42.605+0600][0.750s][info][gc,nmethod  ] GC(0) Y: NMethods: 1179 registered, 0 unregistered
[2026-04-03T06:37:42.605+0600][0.750s][info][gc,metaspace] GC(0) Y: Metaspace: 5M used, 6M committed, 1088M reserved
[2026-04-03T06:37:42.605+0600][0.750s][info][gc,heap     ] GC(0) Y: Min Capacity: 8M(0%)
[2026-04-03T06:37:42.605+0600][0.750s][info][gc,heap     ] GC(0) Y: Max Capacity: 3922M(100%)
[2026-04-03T06:37:42.605+0600][0.750s][info][gc,heap     ] GC(0) Y: Soft Max Capacity: 3529M(90%)
[2026-04-03T06:37:42.606+0600][0.750s][info][gc,heap     ] GC(0) Y: Heap Statistics:
[2026-04-03T06:37:42.606+0600][0.750s][info][gc,heap     ] GC(0) Y:                Mark Start          Mark End        Relocate Start      Relocate End           High               Low         
[2026-04-03T06:37:42.606+0600][0.750s][info][gc,heap     ] GC(0) Y:  Capacity:      246M (6%)          246M (6%)          246M (6%)          246M (6%)          246M (6%)          246M (6%)     
[2026-04-03T06:37:42.606+0600][0.750s][info][gc,heap     ] GC(0) Y:      Free:     3914M (100%)       3914M (100%)       3914M (100%)       3914M (100%)       3914M (100%)       3914M (100%)   
[2026-04-03T06:37:42.606+0600][0.750s][info][gc,heap     ] GC(0) Y:      Used:        8M (0%)            8M (0%)            8M (0%)            8M (0%)            8M (0%)            8M (0%)     
[2026-04-03T06:37:42.606+0600][0.750s][info][gc,heap     ] GC(0) Y: Young Generation Statistics:
[2026-04-03T06:37:42.606+0600][0.750s][info][gc,heap     ] GC(0) Y:                Mark Start          Mark End        Relocate Start      Relocate End    
[2026-04-03T06:37:42.606+0600][0.750s][info][gc,heap     ] GC(0) Y:      Used:        0M (0%)            0M (0%)            0M (0%)            0M (0%)     
[2026-04-03T06:37:42.606+0600][0.750s][info][gc,heap     ] GC(0) Y:      Live:         -                 0M (0%)            0M (0%)            0M (0%)     
[2026-04-03T06:37:42.606+0600][0.750s][info][gc,heap     ] GC(0) Y:   Garbage:         -                 0M (0%)            0M (0%)            0M (0%)     
[2026-04-03T06:37:42.606+0600][0.750s][info][gc,heap     ] GC(0) Y: Allocated:         -                 0M (0%)            0M (0%)            0M (0%)     
[2026-04-03T06:37:42.606+0600][0.750s][info][gc,heap     ] GC(0) Y: Reclaimed:         -                  -                 0M (0%)            0M (0%)     
[2026-04-03T06:37:42.606+0600][0.750s][info][gc,heap     ] GC(0) Y:  Promoted:         -                  -                 0M (0%)            0M (0%)     
[2026-04-03T06:37:42.606+0600][0.750s][info][gc,heap     ] GC(0) Y: Compacted:         -                  -                  -                 0M (0%)     
[2026-04-03T06:37:42.606+0600][0.750s][info][gc,phases   ] GC(0) Y: Young Generation (Collect Roots) 8M(0%)->8M(0%) 0.006s
[2026-04-03T06:37:42.606+0600][0.750s][info][gc,phases   ] GC(0) O: Old Generation
[2026-04-03T06:37:42.610+0600][0.754s][info][gc,phases   ] GC(0) O: Concurrent Mark 4.244ms
[2026-04-03T06:37:42.610+0600][0.754s][info][gc,phases   ] GC(0) O: Pause Mark End 0.012ms
[2026-04-03T06:37:42.610+0600][0.754s][info][gc,phases   ] GC(0) O: Concurrent Mark Free 0.001ms
[2026-04-03T06:37:42.611+0600][0.756s][info][gc,phases   ] GC(0) O: Concurrent Process Non-Strong 1.266ms
[2026-04-03T06:37:42.611+0600][0.756s][info][gc,phases   ] GC(0) O: Concurrent Reset Relocation Set 0.001ms
[2026-04-03T06:37:42.613+0600][0.758s][info][gc,phases   ] GC(0) O: Concurrent Select Relocation Set 2.119ms
[2026-04-03T06:37:42.613+0600][0.758s][info][gc,task     ] GC(0) O: Using 3 Workers for Old Generation
[2026-04-03T06:37:42.625+0600][0.770s][info][gc,task     ] GC(0) O: Using 3 Workers for Old Generation
[2026-04-03T06:37:42.625+0600][0.770s][info][gc,phases   ] GC(0) O: Concurrent Remap Roots 12.044ms
[2026-04-03T06:37:42.626+0600][0.770s][info][gc,phases   ] GC(0) O: Pause Relocate Start 0.013ms
[2026-04-03T06:37:42.628+0600][0.772s][info][gc,phases   ] GC(0) O: Concurrent Relocate 1.932ms
[2026-04-03T06:37:42.628+0600][0.772s][info][gc,alloc    ] GC(0) O:                         Mark Start        Mark End      Relocate Start    Relocate End   
[2026-04-03T06:37:42.628+0600][0.772s][info][gc,alloc    ] GC(0) O: Allocation Stalls:          0                0                0                0         
[2026-04-03T06:37:42.628+0600][0.772s][info][gc,load     ] GC(0) O: Load: 8.75 (73%) / 7.07 (59%) / 5.36 (45%)
[2026-04-03T06:37:42.628+0600][0.772s][info][gc,mmu      ] GC(0) O: MMU: 2ms/99.1%, 5ms/99.4%, 10ms/99.6%, 20ms/99.7%, 50ms/99.8%, 100ms/99.9%
[2026-04-03T06:37:42.628+0600][0.772s][info][gc,marking  ] GC(0) O: Mark: 2 stripe(s), 10 proactive flush(es), 1 terminate flush(es), 0 completion(s), 0 continuation(s) 
[2026-04-03T06:37:42.628+0600][0.772s][info][gc,marking  ] GC(0) O: Mark Stack Usage: 32M
[2026-04-03T06:37:42.628+0600][0.772s][info][gc,nmethod  ] GC(0) O: NMethods: 1078 registered, 101 unregistered
[2026-04-03T06:37:42.628+0600][0.772s][info][gc,metaspace] GC(0) O: Metaspace: 5M used, 6M committed, 1088M reserved
[2026-04-03T06:37:42.628+0600][0.772s][info][gc,ref      ] GC(0) O:                       Encountered   Discovered     Enqueued 
[2026-04-03T06:37:42.628+0600][0.772s][info][gc,ref      ] GC(0) O: Soft References:              153            0            0 
[2026-04-03T06:37:42.628+0600][0.772s][info][gc,ref      ] GC(0) O: Weak References:              447          209          111 
[2026-04-03T06:37:42.628+0600][0.772s][info][gc,ref      ] GC(0) O: Final References:               3            2            0 
[2026-04-03T06:37:42.628+0600][0.772s][info][gc,ref      ] GC(0) O: Phantom References:            36           24            2 
[2026-04-03T06:37:42.628+0600][0.772s][info][gc,reloc    ] GC(0) O:                        Candidates     Selected     In-Place         Size        Empty    Relocated 
[2026-04-03T06:37:42.628+0600][0.772s][info][gc,reloc    ] GC(0) O: Small Pages:                    4            1            0           8M           0M           0M 
[2026-04-03T06:37:42.628+0600][0.772s][info][gc,reloc    ] GC(0) O: Medium Pages:                   0            0            0           0M           0M           0M 
[2026-04-03T06:37:42.628+0600][0.772s][info][gc,reloc    ] GC(0) O: Large Pages:                    0            0            0           0M           0M           0M 
[2026-04-03T06:37:42.628+0600][0.772s][info][gc,reloc    ] GC(0) O: Forwarding Usage: 0M
[2026-04-03T06:37:42.628+0600][0.772s][info][gc,heap     ] GC(0) O: Min Capacity: 8M(0%)
[2026-04-03T06:37:42.628+0600][0.772s][info][gc,heap     ] GC(0) O: Max Capacity: 3922M(100%)
[2026-04-03T06:37:42.628+0600][0.772s][info][gc,heap     ] GC(0) O: Soft Max Capacity: 3529M(90%)
[2026-04-03T06:37:42.628+0600][0.772s][info][gc,heap     ] GC(0) O: Heap Statistics:
[2026-04-03T06:37:42.628+0600][0.772s][info][gc,heap     ] GC(0) O:                Mark Start          Mark End        Relocate Start      Relocate End           High               Low         
[2026-04-03T06:37:42.628+0600][0.772s][info][gc,heap     ] GC(0) O:  Capacity:      246M (6%)          246M (6%)          246M (6%)          246M (6%)          246M (6%)          246M (6%)     
[2026-04-03T06:37:42.628+0600][0.772s][info][gc,heap     ] GC(0) O:      Free:     3914M (100%)       3914M (100%)       3912M (100%)       3912M (100%)       3914M (100%)       3908M (100%)   
[2026-04-03T06:37:42.628+0600][0.772s][info][gc,heap     ] GC(0) O:      Used:        8M (0%)            8M (0%)           10M (0%)           10M (0%)           14M (0%)            8M (0%)     
[2026-04-03T06:37:42.628+0600][0.772s][info][gc,heap     ] GC(0) O: Old Generation Statistics:
[2026-04-03T06:37:42.628+0600][0.772s][info][gc,heap     ] GC(0) O:                Mark Start          Mark End        Relocate Start      Relocate End    
[2026-04-03T06:37:42.628+0600][0.772s][info][gc,heap     ] GC(0) O:      Used:        8M (0%)            8M (0%)            8M (0%)            8M (0%)     
[2026-04-03T06:37:42.628+0600][0.772s][info][gc,heap     ] GC(0) O:      Live:         -                 3M (0%)            3M (0%)            3M (0%)     
[2026-04-03T06:37:42.628+0600][0.772s][info][gc,heap     ] GC(0) O:   Garbage:         -                 4M (0%)            4M (0%)            1M (0%)     
[2026-04-03T06:37:42.628+0600][0.772s][info][gc,heap     ] GC(0) O: Allocated:         -                 0M (0%)            0M (0%)            2M (0%)     
[2026-04-03T06:37:42.628+0600][0.772s][info][gc,heap     ] GC(0) O: Reclaimed:         -                  -                 0M (0%)            2M (0%)     
[2026-04-03T06:37:42.628+0600][0.772s][info][gc,heap     ] GC(0) O: Compacted:         -                  -                  -                 1M (0%)     
[2026-04-03T06:37:42.628+0600][0.772s][info][gc,phases   ] GC(0) O: Old Generation 8M(0%)->10M(0%) 0.022s
[2026-04-03T06:37:42.628+0600][0.772s][info][gc          ] GC(0) Major Collection (System.gc()) 26M(1%)->10M(0%) 0.054s
[2026-04-03T06:37:43.912+0600][2.057s][info][gc          ] GC(1) Major Collection (Warmup)
[2026-04-03T06:37:43.912+0600][2.057s][info][gc,task     ] GC(1) Using 3 Workers for Young Generation
[2026-04-03T06:37:43.912+0600][2.057s][info][gc,task     ] GC(1) Using 2 Workers for Old Generation
[2026-04-03T06:37:43.912+0600][2.057s][info][gc,phases   ] GC(1) Y: Young Generation
[2026-04-03T06:37:43.913+0600][2.058s][info][gc,phases   ] GC(1) Y: Pause Mark Start (Major) 0.043ms
[2026-04-03T06:37:43.957+0600][2.101s][info][gc,phases   ] GC(1) Y: Concurrent Mark 43.046ms
[2026-04-03T06:37:43.961+0600][2.105s][info][gc,phases   ] GC(1) Y: Pause Mark End 0.034ms
[2026-04-03T06:37:43.962+0600][2.106s][info][gc,phases   ] GC(1) Y: Concurrent Mark Free 0.003ms
[2026-04-03T06:37:43.962+0600][2.106s][info][gc,phases   ] GC(1) Y: Concurrent Reset Relocation Set 0.001ms
[2026-04-03T06:37:43.968+0600][2.113s][info][gc,reloc    ] GC(1) Y: Using tenuring threshold: 1 (Computed)
[2026-04-03T06:37:43.969+0600][2.114s][info][gc,phases   ] GC(1) Y: Concurrent Select Relocation Set 7.671ms
[2026-04-03T06:37:43.970+0600][2.114s][info][gc,phases   ] GC(1) Y: Pause Relocate Start 0.024ms
[2026-04-03T06:37:43.978+0600][2.123s][info][gc,phases   ] GC(1) Y: Concurrent Relocate 8.337ms
[2026-04-03T06:37:43.978+0600][2.123s][info][gc,alloc    ] GC(1) Y:                         Mark Start        Mark End      Relocate Start    Relocate End   
[2026-04-03T06:37:43.978+0600][2.123s][info][gc,alloc    ] GC(1) Y: Allocation Stalls:          0                0                0                0         
[2026-04-03T06:37:43.978+0600][2.123s][info][gc,load     ] GC(1) Y: Load: 8.75 (73%) / 7.07 (59%) / 5.36 (45%)
[2026-04-03T06:37:43.978+0600][2.123s][info][gc,mmu      ] GC(1) Y: MMU: 2ms/97.9%, 5ms/99.1%, 10ms/99.4%, 20ms/99.7%, 50ms/99.8%, 100ms/99.9%
[2026-04-03T06:37:43.978+0600][2.123s][info][gc,marking  ] GC(1) Y: Mark: 2 stripe(s), 3 proactive flush(es), 1 terminate flush(es), 0 completion(s), 0 continuation(s) 
[2026-04-03T06:37:43.978+0600][2.123s][info][gc,marking  ] GC(1) Y: Mark Stack Usage: 32M
[2026-04-03T06:37:43.978+0600][2.123s][info][gc,nmethod  ] GC(1) Y: NMethods: 2189 registered, 0 unregistered
[2026-04-03T06:37:43.978+0600][2.123s][info][gc,metaspace] GC(1) Y: Metaspace: 7M used, 7M committed, 1088M reserved
[2026-04-03T06:37:43.978+0600][2.123s][info][gc,reloc    ] GC(1) Y:                        Candidates     Selected     In-Place         Size        Empty    Relocated 
[2026-04-03T06:37:43.978+0600][2.123s][info][gc,reloc    ] GC(1) Y: Small Pages:                  174          117            0         348M         108M           2M 
[2026-04-03T06:37:43.978+0600][2.123s][info][gc,reloc    ] GC(1) Y: Medium Pages:                   0            0            0           0M           0M           0M 
[2026-04-03T06:37:43.978+0600][2.123s][info][gc,reloc    ] GC(1) Y: Large Pages:                    0            0            0           0M           0M           0M 
[2026-04-03T06:37:43.978+0600][2.123s][info][gc,reloc    ] GC(1) Y: Forwarding Usage: 0M
[2026-04-03T06:37:43.978+0600][2.123s][info][gc,reloc    ] GC(1) Y: Age Table:
[2026-04-03T06:37:43.978+0600][2.123s][info][gc,reloc    ] GC(1) Y:                    Live             Garbage             Small              Medium             Large        
[2026-04-03T06:37:43.978+0600][2.123s][info][gc,reloc    ] GC(1) Y: Eden               3M (0%)          344M (9%)         174 / 117            0 / 0              0 / 0        
[2026-04-03T06:37:43.979+0600][2.123s][info][gc,heap     ] GC(1) Y: Min Capacity: 8M(0%)
[2026-04-03T06:37:43.979+0600][2.123s][info][gc,heap     ] GC(1) Y: Max Capacity: 3922M(100%)
[2026-04-03T06:37:43.979+0600][2.123s][info][gc,heap     ] GC(1) Y: Soft Max Capacity: 3529M(90%)
[2026-04-03T06:37:43.979+0600][2.123s][info][gc,heap     ] GC(1) Y: Heap Statistics:
[2026-04-03T06:37:43.979+0600][2.123s][info][gc,heap     ] GC(1) Y:                Mark Start          Mark End        Relocate Start      Relocate End           High               Low         
[2026-04-03T06:37:43.979+0600][2.123s][info][gc,heap     ] GC(1) Y:  Capacity:      356M (9%)          380M (10%)         380M (10%)         380M (10%)         380M (10%)         356M (9%)     
[2026-04-03T06:37:43.979+0600][2.123s][info][gc,heap     ] GC(1) Y:      Free:     3566M (91%)        3544M (90%)        3650M (93%)        3854M (98%)        3854M (98%)        3542M (90%)    
[2026-04-03T06:37:43.979+0600][2.123s][info][gc,heap     ] GC(1) Y:      Used:      356M (9%)          378M (10%)         272M (7%)           68M (2%)          380M (10%)          68M (2%)     
[2026-04-03T06:37:43.979+0600][2.123s][info][gc,heap     ] GC(1) Y: Young Generation Statistics:
[2026-04-03T06:37:43.979+0600][2.123s][info][gc,heap     ] GC(1) Y:                Mark Start          Mark End        Relocate Start      Relocate End    
[2026-04-03T06:37:43.979+0600][2.123s][info][gc,heap     ] GC(1) Y:      Used:      348M (9%)          370M (9%)          264M (7%)           60M (2%)     
[2026-04-03T06:37:43.979+0600][2.123s][info][gc,heap     ] GC(1) Y:      Live:         -                 3M (0%)            3M (0%)            3M (0%)     
[2026-04-03T06:37:43.979+0600][2.123s][info][gc,heap     ] GC(1) Y:   Garbage:         -               344M (9%)          236M (6%)            1M (0%)     
[2026-04-03T06:37:43.979+0600][2.123s][info][gc,heap     ] GC(1) Y: Allocated:         -                22M (1%)           24M (1%)           54M (1%)     
[2026-04-03T06:37:43.979+0600][2.123s][info][gc,heap     ] GC(1) Y: Reclaimed:         -                  -               108M (3%)          342M (9%)     
[2026-04-03T06:37:43.979+0600][2.123s][info][gc,heap     ] GC(1) Y:  Promoted:         -                  -                 0M (0%)            0M (0%)     
[2026-04-03T06:37:43.979+0600][2.123s][info][gc,heap     ] GC(1) Y: Compacted:         -                  -                  -                 3M (0%)     
[2026-04-03T06:37:43.979+0600][2.123s][info][gc,phases   ] GC(1) Y: Young Generation 356M(9%)->68M(2%) 0.066s
[2026-04-03T06:37:43.979+0600][2.123s][info][gc,phases   ] GC(1) O: Old Generation
[2026-04-03T06:37:44.009+0600][2.154s][info][gc,phases   ] GC(1) O: Concurrent Mark 30.367ms
[2026-04-03T06:37:44.010+0600][2.154s][info][gc,phases   ] GC(1) O: Pause Mark End 0.032ms
[2026-04-03T06:37:44.011+0600][2.155s][info][gc,phases   ] GC(1) O: Concurrent Mark Free 0.002ms
[2026-04-03T06:37:44.021+0600][2.165s][info][gc,phases   ] GC(1) O: Concurrent Process Non-Strong 9.899ms
[2026-04-03T06:37:44.021+0600][2.165s][info][gc,phases   ] GC(1) O: Concurrent Reset Relocation Set 0.003ms
[2026-04-03T06:37:44.035+0600][2.180s][info][gc,phases   ] GC(1) O: Concurrent Select Relocation Set 14.627ms
[2026-04-03T06:37:44.035+0600][2.180s][info][gc,task     ] GC(1) O: Using 3 Workers for Old Generation
[2026-04-03T06:37:44.062+0600][2.206s][info][gc,task     ] GC(1) O: Using 2 Workers for Old Generation
[2026-04-03T06:37:44.064+0600][2.209s][info][gc,phases   ] GC(1) O: Concurrent Remap Roots 29.014ms
[2026-04-03T06:37:44.068+0600][2.213s][info][gc,phases   ] GC(1) O: Pause Relocate Start 0.028ms
[2026-04-03T06:37:44.087+0600][2.231s][info][gc,phases   ] GC(1) O: Concurrent Relocate 15.620ms
[2026-04-03T06:37:44.087+0600][2.231s][info][gc,alloc    ] GC(1) O:                         Mark Start        Mark End      Relocate Start    Relocate End   
[2026-04-03T06:37:44.087+0600][2.231s][info][gc,alloc    ] GC(1) O: Allocation Stalls:          0                0                0                0         
[2026-04-03T06:37:44.087+0600][2.232s][info][gc,load     ] GC(1) O: Load: 8.75 (73%) / 7.07 (59%) / 5.36 (45%)
[2026-04-03T06:37:44.087+0600][2.232s][info][gc,mmu      ] GC(1) O: MMU: 2ms/97.9%, 5ms/99.1%, 10ms/99.4%, 20ms/99.7%, 50ms/99.8%, 100ms/99.9%
[2026-04-03T06:37:44.087+0600][2.232s][info][gc,marking  ] GC(1) O: Mark: 2 stripe(s), 2 proactive flush(es), 1 terminate flush(es), 0 completion(s), 0 continuation(s) 
[2026-04-03T06:37:44.087+0600][2.232s][info][gc,marking  ] GC(1) O: Mark Stack Usage: 32M
[2026-04-03T06:37:44.087+0600][2.232s][info][gc,nmethod  ] GC(1) O: NMethods: 2069 registered, 191 unregistered
[2026-04-03T06:37:44.087+0600][2.232s][info][gc,metaspace] GC(1) O: Metaspace: 7M used, 7M committed, 1088M reserved
[2026-04-03T06:37:44.087+0600][2.232s][info][gc,ref      ] GC(1) O:                       Encountered   Discovered     Enqueued 
[2026-04-03T06:37:44.087+0600][2.232s][info][gc,ref      ] GC(1) O: Soft References:              177            0            0 
[2026-04-03T06:37:44.087+0600][2.232s][info][gc,ref      ] GC(1) O: Weak References:              452           38            0 
[2026-04-03T06:37:44.087+0600][2.232s][info][gc,ref      ] GC(1) O: Final References:               3            0            0 
[2026-04-03T06:37:44.087+0600][2.232s][info][gc,ref      ] GC(1) O: Phantom References:            97           19            2 
[2026-04-03T06:37:44.087+0600][2.232s][info][gc,reloc    ] GC(1) O:                        Candidates     Selected     In-Place         Size        Empty    Relocated 
[2026-04-03T06:37:44.087+0600][2.232s][info][gc,reloc    ] GC(1) O: Small Pages:                    4            1            0           8M           0M           0M 
[2026-04-03T06:37:44.087+0600][2.232s][info][gc,reloc    ] GC(1) O: Medium Pages:                   0            0            0           0M           0M           0M 
[2026-04-03T06:37:44.087+0600][2.232s][info][gc,reloc    ] GC(1) O: Large Pages:                    0            0            0           0M           0M           0M 
[2026-04-03T06:37:44.087+0600][2.232s][info][gc,reloc    ] GC(1) O: Forwarding Usage: 0M
[2026-04-03T06:37:44.087+0600][2.232s][info][gc,heap     ] GC(1) O: Min Capacity: 8M(0%)
[2026-04-03T06:37:44.087+0600][2.232s][info][gc,heap     ] GC(1) O: Max Capacity: 3922M(100%)
[2026-04-03T06:37:44.087+0600][2.232s][info][gc,heap     ] GC(1) O: Soft Max Capacity: 3529M(90%)
[2026-04-03T06:37:44.087+0600][2.232s][info][gc,heap     ] GC(1) O: Heap Statistics:
[2026-04-03T06:37:44.087+0600][2.232s][info][gc,heap     ] GC(1) O:                Mark Start          Mark End        Relocate Start      Relocate End           High               Low         
[2026-04-03T06:37:44.087+0600][2.232s][info][gc,heap     ] GC(1) O:  Capacity:      356M (9%)          380M (10%)         380M (10%)         380M (10%)         380M (10%)         356M (9%)     
[2026-04-03T06:37:44.088+0600][2.232s][info][gc,heap     ] GC(1) O:      Free:     3566M (91%)        3842M (98%)        3824M (98%)        3802M (97%)        3854M (98%)        3542M (90%)    
[2026-04-03T06:37:44.088+0600][2.232s][info][gc,heap     ] GC(1) O:      Used:      356M (9%)           80M (2%)           98M (2%)          120M (3%)          380M (10%)          68M (2%)     
[2026-04-03T06:37:44.088+0600][2.232s][info][gc,heap     ] GC(1) O: Old Generation Statistics:
[2026-04-03T06:37:44.088+0600][2.232s][info][gc,heap     ] GC(1) O:                Mark Start          Mark End        Relocate Start      Relocate End    
[2026-04-03T06:37:44.088+0600][2.232s][info][gc,heap     ] GC(1) O:      Used:        8M (0%)            8M (0%)            8M (0%)           24M (1%)     
[2026-04-03T06:37:44.088+0600][2.232s][info][gc,heap     ] GC(1) O:      Live:         -                 3M (0%)            3M (0%)            3M (0%)     
[2026-04-03T06:37:44.088+0600][2.232s][info][gc,heap     ] GC(1) O:   Garbage:         -                 4M (0%)            4M (0%)            1M (0%)     
[2026-04-03T06:37:44.088+0600][2.232s][info][gc,heap     ] GC(1) O: Allocated:         -                 0M (0%)            0M (0%)           18M (0%)     
[2026-04-03T06:37:44.088+0600][2.232s][info][gc,heap     ] GC(1) O: Reclaimed:         -                  -                 0M (0%)            2M (0%)     
[2026-04-03T06:37:44.088+0600][2.232s][info][gc,heap     ] GC(1) O: Compacted:         -                  -                  -                 1M (0%)     
[2026-04-03T06:37:44.088+0600][2.232s][info][gc,phases   ] GC(1) O: Old Generation 68M(2%)->120M(3%) 0.108s
[2026-04-03T06:37:44.088+0600][2.232s][info][gc          ] GC(1) Major Collection (Warmup) 356M(9%)->120M(3%) 0.175s
[2026-04-03T06:37:45.372+0600][3.517s][info][gc          ] GC(2) Major Collection (Warmup)
[2026-04-03T06:37:45.372+0600][3.517s][info][gc,task     ] GC(2) Using 3 Workers for Young Generation
[2026-04-03T06:37:45.372+0600][3.517s][info][gc,task     ] GC(2) Using 1 Workers for Old Generation
[2026-04-03T06:37:45.372+0600][3.517s][info][gc,phases   ] GC(2) Y: Young Generation
[2026-04-03T06:37:45.373+0600][3.517s][info][gc,phases   ] GC(2) Y: Pause Mark Start (Major) 0.034ms
[2026-04-03T06:37:45.402+0600][3.547s][info][gc,phases   ] GC(2) Y: Concurrent Mark 29.448ms
[2026-04-03T06:37:45.405+0600][3.549s][info][gc,phases   ] GC(2) Y: Pause Mark End 0.028ms
[2026-04-03T06:37:45.407+0600][3.552s][info][gc,phases   ] GC(2) Y: Concurrent Mark Free 0.003ms
[2026-04-03T06:37:45.408+0600][3.552s][info][gc,phases   ] GC(2) Y: Concurrent Reset Relocation Set 0.023ms
[2026-04-03T06:37:45.411+0600][3.556s][info][gc,reloc    ] GC(2) Y: Using tenuring threshold: 2 (Computed)
[2026-04-03T06:37:45.412+0600][3.556s][info][gc,phases   ] GC(2) Y: Concurrent Select Relocation Set 4.242ms
[2026-04-03T06:37:45.412+0600][3.556s][info][gc,phases   ] GC(2) Y: Pause Relocate Start 0.029ms
[2026-04-03T06:37:45.414+0600][3.559s][info][gc,phases   ] GC(2) Y: Concurrent Relocate 2.032ms
[2026-04-03T06:37:45.414+0600][3.559s][info][gc,alloc    ] GC(2) Y:                         Mark Start        Mark End      Relocate Start    Relocate End   
[2026-04-03T06:37:45.414+0600][3.559s][info][gc,alloc    ] GC(2) Y: Allocation Stalls:          0                0                0                0         
[2026-04-03T06:37:45.414+0600][3.559s][info][gc,load     ] GC(2) Y: Load: 8.75 (73%) / 7.07 (59%) / 5.36 (45%)
[2026-04-03T06:37:45.414+0600][3.559s][info][gc,mmu      ] GC(2) Y: MMU: 2ms/97.9%, 5ms/99.1%, 10ms/99.4%, 20ms/99.7%, 50ms/99.8%, 100ms/99.9%
[2026-04-03T06:37:45.414+0600][3.559s][info][gc,marking  ] GC(2) Y: Mark: 2 stripe(s), 2 proactive flush(es), 1 terminate flush(es), 0 completion(s), 0 continuation(s) 
[2026-04-03T06:37:45.414+0600][3.559s][info][gc,marking  ] GC(2) Y: Mark Stack Usage: 32M
[2026-04-03T06:37:45.414+0600][3.559s][info][gc,nmethod  ] GC(2) Y: NMethods: 2665 registered, 191 unregistered
[2026-04-03T06:37:45.414+0600][3.559s][info][gc,metaspace] GC(2) Y: Metaspace: 7M used, 8M committed, 1088M reserved
[2026-04-03T06:37:45.414+0600][3.559s][info][gc,reloc    ] GC(2) Y:                        Candidates     Selected     In-Place         Size        Empty    Relocated 
[2026-04-03T06:37:45.414+0600][3.559s][info][gc,reloc    ] GC(2) Y: Small Pages:                  341           69            0         682M         536M           3M 
[2026-04-03T06:37:45.414+0600][3.559s][info][gc,reloc    ] GC(2) Y: Medium Pages:                   0            0            0           0M           0M           0M 
[2026-04-03T06:37:45.414+0600][3.559s][info][gc,reloc    ] GC(2) Y: Large Pages:                    0            0            0           0M           0M           0M 
[2026-04-03T06:37:45.414+0600][3.559s][info][gc,reloc    ] GC(2) Y: Forwarding Usage: 0M
[2026-04-03T06:37:45.414+0600][3.559s][info][gc,reloc    ] GC(2) Y: Age Table:
[2026-04-03T06:37:45.414+0600][3.559s][info][gc,reloc    ] GC(2) Y:                    Live             Garbage             Small              Medium             Large        
[2026-04-03T06:37:45.414+0600][3.559s][info][gc,reloc    ] GC(2) Y: Eden               4M (0%)          647M (17%)        326 / 57             0 / 0              0 / 0        
[2026-04-03T06:37:45.414+0600][3.559s][info][gc,reloc    ] GC(2) Y: Survivor 1         1M (0%)           28M (1%)          15 / 12             0 / 0              0 / 0        
[2026-04-03T06:37:45.414+0600][3.559s][info][gc,heap     ] GC(2) Y: Min Capacity: 8M(0%)
[2026-04-03T06:37:45.415+0600][3.559s][info][gc,heap     ] GC(2) Y: Max Capacity: 3922M(100%)
[2026-04-03T06:37:45.415+0600][3.559s][info][gc,heap     ] GC(2) Y: Soft Max Capacity: 3529M(90%)
[2026-04-03T06:37:45.415+0600][3.559s][info][gc,heap     ] GC(2) Y: Heap Statistics:
[2026-04-03T06:37:45.415+0600][3.559s][info][gc,heap     ] GC(2) Y:                Mark Start          Mark End        Relocate Start      Relocate End           High               Low         
[2026-04-03T06:37:45.415+0600][3.559s][info][gc,heap     ] GC(2) Y:  Capacity:      706M (18%)         732M (19%)         734M (19%)         734M (19%)         734M (19%)         706M (18%)    
[2026-04-03T06:37:45.415+0600][3.559s][info][gc,heap     ] GC(2) Y:      Free:     3216M (82%)        3190M (81%)        3722M (95%)        3834M (98%)        3834M (98%)        3188M (81%)    
[2026-04-03T06:37:45.415+0600][3.559s][info][gc,heap     ] GC(2) Y:      Used:      706M (18%)         732M (19%)         200M (5%)           88M (2%)          734M (19%)          88M (2%)     
[2026-04-03T06:37:45.415+0600][3.559s][info][gc,heap     ] GC(2) Y: Young Generation Statistics:
[2026-04-03T06:37:45.415+0600][3.559s][info][gc,heap     ] GC(2) Y:                Mark Start          Mark End        Relocate Start      Relocate End    
[2026-04-03T06:37:45.415+0600][3.559s][info][gc,heap     ] GC(2) Y:      Used:      682M (17%)         708M (18%)         176M (4%)           64M (2%)     
[2026-04-03T06:37:45.415+0600][3.559s][info][gc,heap     ] GC(2) Y:      Live:         -                 5M (0%)            5M (0%)            5M (0%)     
[2026-04-03T06:37:45.415+0600][3.559s][info][gc,heap     ] GC(2) Y:   Garbage:         -               676M (17%)         140M (4%)            1M (0%)     
[2026-04-03T06:37:45.415+0600][3.559s][info][gc,heap     ] GC(2) Y: Allocated:         -                26M (1%)           30M (1%)           57M (1%)     
[2026-04-03T06:37:45.415+0600][3.559s][info][gc,heap     ] GC(2) Y: Reclaimed:         -                  -               536M (14%)         675M (17%)    
[2026-04-03T06:37:45.415+0600][3.559s][info][gc,heap     ] GC(2) Y:  Promoted:         -                  -                 0M (0%)            0M (0%)     
[2026-04-03T06:37:45.415+0600][3.559s][info][gc,heap     ] GC(2) Y: Compacted:         -                  -                  -                 4M (0%)     
[2026-04-03T06:37:45.415+0600][3.559s][info][gc,phases   ] GC(2) Y: Young Generation 706M(18%)->88M(2%) 0.042s
[2026-04-03T06:37:45.415+0600][3.559s][info][gc,phases   ] GC(2) O: Old Generation
[2026-04-03T06:37:45.452+0600][3.596s][info][gc,phases   ] GC(2) O: Concurrent Mark 36.847ms
[2026-04-03T06:37:45.452+0600][3.596s][info][gc,phases   ] GC(2) O: Pause Mark End 0.032ms
[2026-04-03T06:37:45.452+0600][3.596s][info][gc,phases   ] GC(2) O: Concurrent Mark Free 0.002ms
[2026-04-03T06:37:45.471+0600][3.616s][info][gc,phases   ] GC(2) O: Concurrent Process Non-Strong 19.448ms
[2026-04-03T06:37:45.472+0600][3.616s][info][gc,phases   ] GC(2) O: Concurrent Reset Relocation Set 0.003ms
[2026-04-03T06:37:45.475+0600][3.620s][info][gc,phases   ] GC(2) O: Concurrent Select Relocation Set 3.786ms
[2026-04-03T06:37:45.475+0600][3.620s][info][gc,task     ] GC(2) O: Using 3 Workers for Old Generation
[2026-04-03T06:37:45.532+0600][3.677s][info][gc,task     ] GC(2) O: Using 1 Workers for Old Generation
[2026-04-03T06:37:45.533+0600][3.677s][info][gc,phases   ] GC(2) O: Concurrent Remap Roots 57.131ms
[2026-04-03T06:37:45.533+0600][3.677s][info][gc,phases   ] GC(2) O: Pause Relocate Start 0.035ms
[2026-04-03T06:37:45.541+0600][3.686s][info][gc,phases   ] GC(2) O: Concurrent Relocate 8.202ms
[2026-04-03T06:37:45.541+0600][3.686s][info][gc,alloc    ] GC(2) O:                         Mark Start        Mark End      Relocate Start    Relocate End   
[2026-04-03T06:37:45.541+0600][3.686s][info][gc,alloc    ] GC(2) O: Allocation Stalls:          0                0                0                0         
[2026-04-03T06:37:45.541+0600][3.686s][info][gc,load     ] GC(2) O: Load: 8.75 (73%) / 7.07 (59%) / 5.36 (45%)
[2026-04-03T06:37:45.541+0600][3.686s][info][gc,mmu      ] GC(2) O: MMU: 2ms/97.9%, 5ms/99.1%, 10ms/99.4%, 20ms/99.7%, 50ms/99.8%, 100ms/99.9%
[2026-04-03T06:37:45.541+0600][3.686s][info][gc,marking  ] GC(2) O: Mark: 1 stripe(s), 2 proactive flush(es), 1 terminate flush(es), 0 completion(s), 0 continuation(s) 
[2026-04-03T06:37:45.542+0600][3.686s][info][gc,marking  ] GC(2) O: Mark Stack Usage: 32M
[2026-04-03T06:37:45.542+0600][3.686s][info][gc,nmethod  ] GC(2) O: NMethods: 2448 registered, 0 unregistered
[2026-04-03T06:37:45.542+0600][3.686s][info][gc,metaspace] GC(2) O: Metaspace: 7M used, 8M committed, 1088M reserved
[2026-04-03T06:37:45.542+0600][3.686s][info][gc,ref      ] GC(2) O:                       Encountered   Discovered     Enqueued 
[2026-04-03T06:37:45.542+0600][3.686s][info][gc,ref      ] GC(2) O: Soft References:              177            0            0 
[2026-04-03T06:37:45.542+0600][3.686s][info][gc,ref      ] GC(2) O: Weak References:              458          249            0 
[2026-04-03T06:37:45.542+0600][3.686s][info][gc,ref      ] GC(2) O: Final References:               3            1            0 
[2026-04-03T06:37:45.542+0600][3.686s][info][gc,ref      ] GC(2) O: Phantom References:            94           15            0 
[2026-04-03T06:37:45.542+0600][3.686s][info][gc,reloc    ] GC(2) O:                        Candidates     Selected     In-Place         Size        Empty    Relocated 
[2026-04-03T06:37:45.542+0600][3.686s][info][gc,reloc    ] GC(2) O: Small Pages:                   12            9            0          24M           0M           1M 
[2026-04-03T06:37:45.542+0600][3.686s][info][gc,reloc    ] GC(2) O: Medium Pages:                   0            0            0           0M           0M           0M 
[2026-04-03T06:37:45.542+0600][3.686s][info][gc,reloc    ] GC(2) O: Large Pages:                    0            0            0           0M           0M           0M 
[2026-04-03T06:37:45.542+0600][3.686s][info][gc,reloc    ] GC(2) O: Forwarding Usage: 0M
[2026-04-03T06:37:45.542+0600][3.686s][info][gc,heap     ] GC(2) O: Min Capacity: 8M(0%)
[2026-04-03T06:37:45.542+0600][3.686s][info][gc,heap     ] GC(2) O: Max Capacity: 3922M(100%)
[2026-04-03T06:37:45.542+0600][3.686s][info][gc,heap     ] GC(2) O: Soft Max Capacity: 3529M(90%)
[2026-04-03T06:37:45.542+0600][3.686s][info][gc,heap     ] GC(2) O: Heap Statistics:
[2026-04-03T06:37:45.542+0600][3.686s][info][gc,heap     ] GC(2) O:                Mark Start          Mark End        Relocate Start      Relocate End           High               Low         
[2026-04-03T06:37:45.542+0600][3.686s][info][gc,heap     ] GC(2) O:  Capacity:      706M (18%)         734M (19%)         734M (19%)         734M (19%)         734M (19%)         706M (18%)    
[2026-04-03T06:37:45.542+0600][3.686s][info][gc,heap     ] GC(2) O:      Free:     3216M (82%)        3808M (97%)        3762M (96%)        3756M (96%)        3834M (98%)        3188M (81%)    
[2026-04-03T06:37:45.542+0600][3.686s][info][gc,heap     ] GC(2) O:      Used:      706M (18%)         114M (3%)          160M (4%)          166M (4%)          734M (19%)          88M (2%)     
[2026-04-03T06:37:45.542+0600][3.686s][info][gc,heap     ] GC(2) O: Old Generation Statistics:
[2026-04-03T06:37:45.542+0600][3.686s][info][gc,heap     ] GC(2) O:                Mark Start          Mark End        Relocate Start      Relocate End    
[2026-04-03T06:37:45.542+0600][3.686s][info][gc,heap     ] GC(2) O:      Used:       24M (1%)           24M (1%)           24M (1%)           22M (1%)     
[2026-04-03T06:37:45.542+0600][3.686s][info][gc,heap     ] GC(2) O:      Live:         -                 3M (0%)            3M (0%)            3M (0%)     
[2026-04-03T06:37:45.542+0600][3.686s][info][gc,heap     ] GC(2) O:   Garbage:         -                20M (1%)           20M (1%)            1M (0%)     
[2026-04-03T06:37:45.542+0600][3.686s][info][gc,heap     ] GC(2) O: Allocated:         -                 0M (0%)            0M (0%)           16M (0%)     
[2026-04-03T06:37:45.542+0600][3.686s][info][gc,heap     ] GC(2) O: Reclaimed:         -                  -                 0M (0%)           18M (0%)     
[2026-04-03T06:37:45.542+0600][3.686s][info][gc,heap     ] GC(2) O: Compacted:         -                  -                  -                 1M (0%)     
[2026-04-03T06:37:45.542+0600][3.686s][info][gc,phases   ] GC(2) O: Old Generation 88M(2%)->166M(4%) 0.127s
[2026-04-03T06:37:45.542+0600][3.686s][info][gc          ] GC(2) Major Collection (Warmup) 706M(18%)->168M(4%) 0.170s
[2026-04-03T06:37:46.789+0600][4.934s][info][gc          ] GC(3) Major Collection (Warmup)
[2026-04-03T06:37:46.789+0600][4.934s][info][gc,task     ] GC(3) Using 3 Workers for Young Generation
[2026-04-03T06:37:46.789+0600][4.934s][info][gc,task     ] GC(3) Using 1 Workers for Old Generation
[2026-04-03T06:37:46.789+0600][4.934s][info][gc,phases   ] GC(3) Y: Young Generation
[2026-04-03T06:37:46.795+0600][4.939s][info][gc,phases   ] GC(3) Y: Pause Mark Start (Major) 0.038ms
[2026-04-03T06:37:46.831+0600][4.976s][info][gc,phases   ] GC(3) Y: Concurrent Mark 36.169ms
[2026-04-03T06:37:46.832+0600][4.976s][info][gc,phases   ] GC(3) Y: Pause Mark End 0.028ms
[2026-04-03T06:37:46.835+0600][4.980s][info][gc,phases   ] GC(3) Y: Concurrent Mark Free 0.003ms
[2026-04-03T06:37:46.835+0600][4.980s][info][gc,phases   ] GC(3) Y: Concurrent Reset Relocation Set 0.010ms
[2026-04-03T06:37:46.839+0600][4.984s][info][gc,reloc    ] GC(3) Y: Using tenuring threshold: 3 (Computed)
[2026-04-03T06:37:46.843+0600][4.988s][info][gc,phases   ] GC(3) Y: Concurrent Select Relocation Set 8.032ms
[2026-04-03T06:37:46.844+0600][4.988s][info][gc,phases   ] GC(3) Y: Pause Relocate Start 0.025ms
[2026-04-03T06:37:46.856+0600][5.001s][info][gc,phases   ] GC(3) Y: Concurrent Relocate 10.025ms
[2026-04-03T06:37:46.856+0600][5.001s][info][gc,alloc    ] GC(3) Y:                         Mark Start        Mark End      Relocate Start    Relocate End   
[2026-04-03T06:37:46.857+0600][5.001s][info][gc,alloc    ] GC(3) Y: Allocation Stalls:          0                0                0                0         
[2026-04-03T06:37:46.857+0600][5.001s][info][gc,load     ] GC(3) Y: Load: 9.49 (79%) / 7.25 (60%) / 5.42 (45%)
[2026-04-03T06:37:46.857+0600][5.001s][info][gc,mmu      ] GC(3) Y: MMU: 2ms/97.9%, 5ms/99.1%, 10ms/99.4%, 20ms/99.7%, 50ms/99.8%, 100ms/99.9%
[2026-04-03T06:37:46.857+0600][5.001s][info][gc,marking  ] GC(3) Y: Mark: 2 stripe(s), 2 proactive flush(es), 1 terminate flush(es), 0 completion(s), 0 continuation(s) 
[2026-04-03T06:37:46.857+0600][5.001s][info][gc,marking  ] GC(3) Y: Mark Stack Usage: 32M
[2026-04-03T06:37:46.857+0600][5.001s][info][gc,nmethod  ] GC(3) Y: NMethods: 2758 registered, 0 unregistered
[2026-04-03T06:37:46.857+0600][5.001s][info][gc,metaspace] GC(3) Y: Metaspace: 7M used, 8M committed, 1088M reserved
[2026-04-03T06:37:46.857+0600][5.001s][info][gc,reloc    ] GC(3) Y:                        Candidates     Selected     In-Place         Size        Empty    Relocated 
[2026-04-03T06:37:46.857+0600][5.001s][info][gc,reloc    ] GC(3) Y: Small Pages:                  523           60            0        1046M         920M           3M 
[2026-04-03T06:37:46.857+0600][5.001s][info][gc,reloc    ] GC(3) Y: Medium Pages:                   0            0            0           0M           0M           0M 
[2026-04-03T06:37:46.857+0600][5.001s][info][gc,reloc    ] GC(3) Y: Large Pages:                    0            0            0           0M           0M           0M 
[2026-04-03T06:37:46.857+0600][5.001s][info][gc,reloc    ] GC(3) Y: Forwarding Usage: 0M
[2026-04-03T06:37:46.857+0600][5.001s][info][gc,reloc    ] GC(3) Y: Age Table:
[2026-04-03T06:37:46.857+0600][5.001s][info][gc,reloc    ] GC(3) Y:                    Live             Garbage             Small              Medium             Large        
[2026-04-03T06:37:46.857+0600][5.001s][info][gc,reloc    ] GC(3) Y: Eden               3M (0%)         1008M (26%)        506 / 46             0 / 0              0 / 0        
[2026-04-03T06:37:46.857+0600][5.001s][info][gc,reloc    ] GC(3) Y: Survivor 1         0M (0%)           13M (0%)           7 / 4              0 / 0              0 / 0        
[2026-04-03T06:37:46.857+0600][5.001s][info][gc,reloc    ] GC(3) Y: Survivor 2         1M (0%)           18M (0%)          10 / 10             0 / 0              0 / 0        
[2026-04-03T06:37:46.857+0600][5.001s][info][gc,heap     ] GC(3) Y: Min Capacity: 8M(0%)
[2026-04-03T06:37:46.857+0600][5.001s][info][gc,heap     ] GC(3) Y: Max Capacity: 3922M(100%)
[2026-04-03T06:37:46.857+0600][5.001s][info][gc,heap     ] GC(3) Y: Soft Max Capacity: 3529M(90%)
[2026-04-03T06:37:46.857+0600][5.001s][info][gc,heap     ] GC(3) Y: Heap Statistics:
[2026-04-03T06:37:46.857+0600][5.001s][info][gc,heap     ] GC(3) Y:                Mark Start          Mark End        Relocate Start      Relocate End           High               Low         
[2026-04-03T06:37:46.857+0600][5.001s][info][gc,heap     ] GC(3) Y:  Capacity:     1068M (27%)        1098M (28%)        1098M (28%)        1098M (28%)        1098M (28%)        1068M (27%)    
[2026-04-03T06:37:46.857+0600][5.001s][info][gc,heap     ] GC(3) Y:      Free:     2854M (73%)        2824M (72%)        3732M (95%)        3794M (97%)        3794M (97%)        2824M (72%)    
[2026-04-03T06:37:46.857+0600][5.001s][info][gc,heap     ] GC(3) Y:      Used:     1068M (27%)        1098M (28%)         190M (5%)          128M (3%)         1098M (28%)         128M (3%)     
[2026-04-03T06:37:46.857+0600][5.001s][info][gc,heap     ] GC(3) Y: Young Generation Statistics:
[2026-04-03T06:37:46.857+0600][5.001s][info][gc,heap     ] GC(3) Y:                Mark Start          Mark End        Relocate Start      Relocate End    
[2026-04-03T06:37:46.857+0600][5.001s][info][gc,heap     ] GC(3) Y:      Used:     1046M (27%)        1076M (27%)         168M (4%)          106M (3%)     
[2026-04-03T06:37:46.857+0600][5.001s][info][gc,heap     ] GC(3) Y:      Live:         -                 4M (0%)            4M (0%)            4M (0%)     
[2026-04-03T06:37:46.857+0600][5.001s][info][gc,heap     ] GC(3) Y:   Garbage:         -              1041M (27%)         121M (3%)            0M (0%)     
[2026-04-03T06:37:46.857+0600][5.001s][info][gc,heap     ] GC(3) Y: Allocated:         -                30M (1%)           42M (1%)          101M (3%)     
[2026-04-03T06:37:46.857+0600][5.001s][info][gc,heap     ] GC(3) Y: Reclaimed:         -                  -               920M (23%)        1041M (27%)    
[2026-04-03T06:37:46.857+0600][5.001s][info][gc,heap     ] GC(3) Y:  Promoted:         -                  -                 0M (0%)            0M (0%)     
[2026-04-03T06:37:46.857+0600][5.001s][info][gc,heap     ] GC(3) Y: Compacted:         -                  -                  -                 4M (0%)     
[2026-04-03T06:37:46.857+0600][5.001s][info][gc,phases   ] GC(3) Y: Young Generation 1068M(27%)->128M(3%) 0.067s
[2026-04-03T06:37:46.857+0600][5.001s][info][gc,phases   ] GC(3) O: Old Generation
[2026-04-03T06:37:46.903+0600][5.048s][info][gc,phases   ] GC(3) O: Concurrent Mark 46.068ms
[2026-04-03T06:37:46.904+0600][5.048s][info][gc,phases   ] GC(3) O: Pause Mark End 0.039ms
[2026-04-03T06:37:46.904+0600][5.048s][info][gc,phases   ] GC(3) O: Concurrent Mark Free 0.002ms
[2026-04-03T06:37:46.936+0600][5.080s][info][gc,phases   ] GC(3) O: Concurrent Process Non-Strong 31.876ms
[2026-04-03T06:37:46.936+0600][5.080s][info][gc,phases   ] GC(3) O: Concurrent Reset Relocation Set 0.003ms
[2026-04-03T06:37:46.949+0600][5.094s][info][gc,phases   ] GC(3) O: Concurrent Select Relocation Set 13.686ms
[2026-04-03T06:37:46.949+0600][5.094s][info][gc,task     ] GC(3) O: Using 3 Workers for Old Generation
[2026-04-03T06:37:46.979+0600][5.124s][info][gc,task     ] GC(3) O: Using 1 Workers for Old Generation
[2026-04-03T06:37:46.980+0600][5.124s][info][gc,phases   ] GC(3) O: Concurrent Remap Roots 30.135ms
[2026-04-03T06:37:46.980+0600][5.124s][info][gc,phases   ] GC(3) O: Pause Relocate Start 0.028ms
[2026-04-03T06:37:46.990+0600][5.135s][info][gc,phases   ] GC(3) O: Concurrent Relocate 9.746ms
[2026-04-03T06:37:46.991+0600][5.135s][info][gc,alloc    ] GC(3) O:                         Mark Start        Mark End      Relocate Start    Relocate End   
[2026-04-03T06:37:46.991+0600][5.135s][info][gc,alloc    ] GC(3) O: Allocation Stalls:          0                0                0                0         
[2026-04-03T06:37:46.991+0600][5.135s][info][gc,load     ] GC(3) O: Load: 9.49 (79%) / 7.25 (60%) / 5.42 (45%)
[2026-04-03T06:37:46.991+0600][5.135s][info][gc,mmu      ] GC(3) O: MMU: 2ms/97.9%, 5ms/99.1%, 10ms/99.4%, 20ms/99.7%, 50ms/99.8%, 100ms/99.9%
[2026-04-03T06:37:46.991+0600][5.135s][info][gc,marking  ] GC(3) O: Mark: 1 stripe(s), 2 proactive flush(es), 1 terminate flush(es), 0 completion(s), 0 continuation(s) 
[2026-04-03T06:37:46.991+0600][5.135s][info][gc,marking  ] GC(3) O: Mark Stack Usage: 32M
[2026-04-03T06:37:46.991+0600][5.135s][info][gc,nmethod  ] GC(3) O: NMethods: 2490 registered, 287 unregistered
[2026-04-03T06:37:46.991+0600][5.135s][info][gc,metaspace] GC(3) O: Metaspace: 7M used, 8M committed, 1088M reserved
[2026-04-03T06:37:46.991+0600][5.135s][info][gc,ref      ] GC(3) O:                       Encountered   Discovered     Enqueued 
[2026-04-03T06:37:46.991+0600][5.135s][info][gc,ref      ] GC(3) O: Soft References:              177            0            0 
[2026-04-03T06:37:46.991+0600][5.135s][info][gc,ref      ] GC(3) O: Weak References:              453          249            0 
[2026-04-03T06:37:46.991+0600][5.135s][info][gc,ref      ] GC(3) O: Final References:               3            1            0 
[2026-04-03T06:37:46.991+0600][5.135s][info][gc,ref      ] GC(3) O: Phantom References:            97           15            0 
[2026-04-03T06:37:46.991+0600][5.135s][info][gc,reloc    ] GC(3) O:                        Candidates     Selected     In-Place         Size        Empty    Relocated 
[2026-04-03T06:37:46.991+0600][5.135s][info][gc,reloc    ] GC(3) O: Small Pages:                   11            8            0          22M           0M           1M 
[2026-04-03T06:37:46.991+0600][5.135s][info][gc,reloc    ] GC(3) O: Medium Pages:                   0            0            0           0M           0M           0M 
[2026-04-03T06:37:46.991+0600][5.135s][info][gc,reloc    ] GC(3) O: Large Pages:                    0            0            0           0M           0M           0M 
[2026-04-03T06:37:46.991+0600][5.135s][info][gc,reloc    ] GC(3) O: Forwarding Usage: 0M
[2026-04-03T06:37:46.991+0600][5.135s][info][gc,heap     ] GC(3) O: Min Capacity: 8M(0%)
[2026-04-03T06:37:46.991+0600][5.135s][info][gc,heap     ] GC(3) O: Max Capacity: 3922M(100%)
[2026-04-03T06:37:46.991+0600][5.135s][info][gc,heap     ] GC(3) O: Soft Max Capacity: 3529M(90%)
[2026-04-03T06:37:46.991+0600][5.135s][info][gc,heap     ] GC(3) O: Heap Statistics:
[2026-04-03T06:37:46.991+0600][5.135s][info][gc,heap     ] GC(3) O:                Mark Start          Mark End        Relocate Start      Relocate End           High               Low         
[2026-04-03T06:37:46.991+0600][5.135s][info][gc,heap     ] GC(3) O:  Capacity:     1068M (27%)        1098M (28%)        1098M (28%)        1098M (28%)        1098M (28%)        1068M (27%)    
[2026-04-03T06:37:46.991+0600][5.135s][info][gc,heap     ] GC(3) O:      Free:     2854M (73%)        3762M (96%)        3704M (94%)        3690M (94%)        3794M (97%)        2824M (72%)    
[2026-04-03T06:37:46.991+0600][5.135s][info][gc,heap     ] GC(3) O:      Used:     1068M (27%)         160M (4%)          218M (6%)          232M (6%)         1098M (28%)         128M (3%)     
[2026-04-03T06:37:46.991+0600][5.135s][info][gc,heap     ] GC(3) O: Old Generation Statistics:
[2026-04-03T06:37:46.991+0600][5.135s][info][gc,heap     ] GC(3) O:                Mark Start          Mark End        Relocate Start      Relocate End    
[2026-04-03T06:37:46.991+0600][5.135s][info][gc,heap     ] GC(3) O:      Used:       22M (1%)           22M (1%)           22M (1%)           28M (1%)     
[2026-04-03T06:37:46.991+0600][5.135s][info][gc,heap     ] GC(3) O:      Live:         -                 3M (0%)            3M (0%)            3M (0%)     
[2026-04-03T06:37:46.991+0600][5.135s][info][gc,heap     ] GC(3) O:   Garbage:         -                18M (0%)           18M (0%)            1M (0%)     
[2026-04-03T06:37:46.991+0600][5.135s][info][gc,heap     ] GC(3) O: Allocated:         -                 0M (0%)            0M (0%)           22M (1%)     
[2026-04-03T06:37:46.991+0600][5.135s][info][gc,heap     ] GC(3) O: Reclaimed:         -                  -                 0M (0%)           16M (0%)     
[2026-04-03T06:37:46.991+0600][5.135s][info][gc,heap     ] GC(3) O: Compacted:         -                  -                  -                 1M (0%)     
[2026-04-03T06:37:46.991+0600][5.135s][info][gc,phases   ] GC(3) O: Old Generation 128M(3%)->232M(6%) 0.133s
[2026-04-03T06:37:46.991+0600][5.135s][info][gc          ] GC(3) Major Collection (Warmup) 1068M(27%)->232M(6%) 0.202s
[2026-04-03T06:37:50.892+0600][9.036s][info][gc          ] GC(4) Minor Collection (Allocation Rate)
[2026-04-03T06:37:50.892+0600][9.036s][info][gc,task     ] GC(4) Using 1 Workers for Young Generation
[2026-04-03T06:37:50.892+0600][9.036s][info][gc,phases   ] GC(4) y: Young Generation
[2026-04-03T06:37:50.894+0600][9.039s][info][gc,phases   ] GC(4) y: Pause Mark Start 0.029ms
[2026-04-03T06:37:50.959+0600][9.103s][info][gc,phases   ] GC(4) y: Concurrent Mark 64.149ms
[2026-04-03T06:37:50.960+0600][9.104s][info][gc,phases   ] GC(4) y: Pause Mark End 0.031ms
[2026-04-03T06:37:50.960+0600][9.104s][info][gc,phases   ] GC(4) y: Concurrent Mark Free 0.001ms
[2026-04-03T06:37:50.960+0600][9.104s][info][gc,phases   ] GC(4) y: Concurrent Reset Relocation Set 0.009ms
[2026-04-03T06:37:50.965+0600][9.109s][info][gc,reloc    ] GC(4) y: Using tenuring threshold: 1 (Computed)
[2026-04-03T06:37:50.981+0600][9.126s][info][gc,phases   ] GC(4) y: Concurrent Select Relocation Set 21.434ms
[2026-04-03T06:37:50.982+0600][9.126s][info][gc,phases   ] GC(4) y: Pause Relocate Start 0.022ms
[2026-04-03T06:37:51.007+0600][9.151s][info][gc,phases   ] GC(4) y: Concurrent Relocate 23.171ms
[2026-04-03T06:37:51.007+0600][9.151s][info][gc,alloc    ] GC(4) y:                         Mark Start        Mark End      Relocate Start    Relocate End   
[2026-04-03T06:37:51.007+0600][9.151s][info][gc,alloc    ] GC(4) y: Allocation Stalls:          0                0                0                0         
[2026-04-03T06:37:51.007+0600][9.151s][info][gc,load     ] GC(4) y: Load: 9.49 (79%) / 7.25 (60%) / 5.42 (45%)
[2026-04-03T06:37:51.007+0600][9.151s][info][gc,mmu      ] GC(4) y: MMU: 2ms/97.9%, 5ms/99.1%, 10ms/99.4%, 20ms/99.7%, 50ms/99.8%, 100ms/99.9%
[2026-04-03T06:37:51.007+0600][9.151s][info][gc,marking  ] GC(4) y: Mark: 1 stripe(s), 2 proactive flush(es), 1 terminate flush(es), 0 completion(s), 0 continuation(s) 
[2026-04-03T06:37:51.007+0600][9.151s][info][gc,marking  ] GC(4) y: Mark Stack Usage: 32M
[2026-04-03T06:37:51.007+0600][9.151s][info][gc,nmethod  ] GC(4) y: NMethods: 2894 registered, 0 unregistered
[2026-04-03T06:37:51.007+0600][9.151s][info][gc,metaspace] GC(4) y: Metaspace: 7M used, 8M committed, 1088M reserved
[2026-04-03T06:37:51.007+0600][9.151s][info][gc,reloc    ] GC(4) y:                        Candidates     Selected     In-Place         Size        Empty    Relocated 
[2026-04-03T06:37:51.007+0600][9.151s][info][gc,reloc    ] GC(4) y: Small Pages:                 1644          142            0        3288M        2990M          10M 
[2026-04-03T06:37:51.007+0600][9.151s][info][gc,reloc    ] GC(4) y: Medium Pages:                   0            0            0           0M           0M           0M 
[2026-04-03T06:37:51.007+0600][9.151s][info][gc,reloc    ] GC(4) y: Large Pages:                    0            0            0           0M           0M           0M 
[2026-04-03T06:37:51.007+0600][9.151s][info][gc,reloc    ] GC(4) y: Forwarding Usage: 0M
[2026-04-03T06:37:51.007+0600][9.151s][info][gc,reloc    ] GC(4) y: Age Table:
[2026-04-03T06:37:51.007+0600][9.151s][info][gc,reloc    ] GC(4) y:                    Live             Garbage             Small              Medium             Large        
[2026-04-03T06:37:51.007+0600][9.151s][info][gc,reloc    ] GC(4) y: Eden              10M (0%)         3217M (82%)       1614 / 114            0 / 0              0 / 0        
[2026-04-03T06:37:51.007+0600][9.151s][info][gc,reloc    ] GC(4) y: Survivor 1         0M (0%)           13M (0%)           7 / 5              0 / 0              0 / 0        
[2026-04-03T06:37:51.007+0600][9.151s][info][gc,reloc    ] GC(4) y: Survivor 2         0M (0%)           19M (1%)          10 / 10             0 / 0              0 / 0        
[2026-04-03T06:37:51.007+0600][9.151s][info][gc,reloc    ] GC(4) y: Survivor 3         1M (0%)           24M (1%)          13 / 13             0 / 0              0 / 0        
[2026-04-03T06:37:51.007+0600][9.151s][info][gc,heap     ] GC(4) y: Min Capacity: 8M(0%)
[2026-04-03T06:37:51.007+0600][9.151s][info][gc,heap     ] GC(4) y: Max Capacity: 3922M(100%)
[2026-04-03T06:37:51.007+0600][9.151s][info][gc,heap     ] GC(4) y: Soft Max Capacity: 3529M(90%)
[2026-04-03T06:37:51.007+0600][9.151s][info][gc,heap     ] GC(4) y: Heap Statistics:
[2026-04-03T06:37:51.007+0600][9.151s][info][gc,heap     ] GC(4) y:                Mark Start          Mark End        Relocate Start      Relocate End           High               Low         
[2026-04-03T06:37:51.007+0600][9.151s][info][gc,heap     ] GC(4) y:  Capacity:     3316M (85%)        3366M (86%)        3366M (86%)        3366M (86%)        3366M (86%)        3316M (85%)    
[2026-04-03T06:37:51.007+0600][9.151s][info][gc,heap     ] GC(4) y:      Free:      606M (15%)         556M (14%)        3532M (90%)        3790M (97%)        3790M (97%)         556M (14%)    
[2026-04-03T06:37:51.007+0600][9.151s][info][gc,heap     ] GC(4) y:      Used:     3316M (85%)        3366M (86%)         390M (10%)         132M (3%)         3366M (86%)         132M (3%)     
[2026-04-03T06:37:51.007+0600][9.151s][info][gc,heap     ] GC(4) y: Young Generation Statistics:
[2026-04-03T06:37:51.007+0600][9.151s][info][gc,heap     ] GC(4) y:                Mark Start          Mark End        Relocate Start      Relocate End    
[2026-04-03T06:37:51.007+0600][9.151s][info][gc,heap     ] GC(4) y:      Used:     3288M (84%)        3338M (85%)         362M (9%)          100M (3%)     
[2026-04-03T06:37:51.007+0600][9.151s][info][gc,heap     ] GC(4) y:      Live:         -                11M (0%)           11M (0%)           10M (0%)     
[2026-04-03T06:37:51.007+0600][9.151s][info][gc,heap     ] GC(4) y:   Garbage:         -              3276M (84%)         286M (7%)            0M (0%)     
[2026-04-03T06:37:51.007+0600][9.151s][info][gc,heap     ] GC(4) y: Allocated:         -                50M (1%)           64M (2%)           89M (2%)     
[2026-04-03T06:37:51.007+0600][9.152s][info][gc,heap     ] GC(4) y: Reclaimed:         -                  -              2990M (76%)        3276M (84%)    
[2026-04-03T06:37:51.007+0600][9.152s][info][gc,heap     ] GC(4) y:  Promoted:         -                  -                 0M (0%)            1M (0%)     
[2026-04-03T06:37:51.007+0600][9.152s][info][gc,heap     ] GC(4) y: Compacted:         -                  -                  -                10M (0%)     
[2026-04-03T06:37:51.007+0600][9.152s][info][gc,phases   ] GC(4) y: Young Generation 3316M(85%)->132M(3%) 0.115s
[2026-04-03T06:37:51.007+0600][9.152s][info][gc          ] GC(4) Minor Collection (Allocation Rate) 3316M(85%)->134M(3%) 0.116s
[2026-04-03T06:37:51.795+0600][9.940s][info][gc,exit     ] Stopping ZGC
[2026-04-03T06:37:51.796+0600][9.940s][info][gc,stats    ] === Garbage Collection Statistics =======================================================================================================================
[2026-04-03T06:37:51.796+0600][9.940s][info][gc,stats    ]                                                              Last 10s              Last 10m              Last 10h                Total
[2026-04-03T06:37:51.796+0600][9.940s][info][gc,stats    ]                                                              Avg / Max             Avg / Max             Avg / Max             Avg / Max
[2026-04-03T06:37:51.796+0600][9.940s][info][gc,stats    ]        Contention: Mark Segment Reset Contention                     0 / 3                 0 / 3                 0 / 3                 0 / 3           ops/s
[2026-04-03T06:37:51.796+0600][9.940s][info][gc,stats    ]        Contention: Mark SeqNum Reset Contention                      0 / 2                 0 / 2                 0 / 2                 0 / 2           ops/s
[2026-04-03T06:37:51.796+0600][9.940s][info][gc,stats    ]          Critical: Allocation Stall                                  0 / 0                 0 / 0                 0 / 0                 0 / 0           ops/s
[2026-04-03T06:37:51.796+0600][9.940s][info][gc,stats    ]          Critical: Allocation Stall                              0.000 / 0.000         0.000 / 0.000         0.000 / 0.000         0.000 / 0.000       ms
[2026-04-03T06:37:51.796+0600][9.940s][info][gc,stats    ]          Critical: JNI Critical Stall                                1 / 6                 1 / 6                 1 / 6                 1 / 6           ops/s
[2026-04-03T06:37:51.796+0600][9.940s][info][gc,stats    ]          Critical: JNI Critical Stall                            3.597 / 7.613         3.597 / 7.613         3.597 / 7.613         3.597 / 7.613       ms
[2026-04-03T06:37:51.796+0600][9.940s][info][gc,stats    ]          Critical: Relocation Stall                                  0 / 0                 0 / 0                 0 / 0                 0 / 0           ops/s
[2026-04-03T06:37:51.796+0600][9.940s][info][gc,stats    ]          Critical: Relocation Stall                              0.000 / 0.000         0.000 / 0.000         0.000 / 0.000         0.000 / 0.000       ms
[2026-04-03T06:37:51.796+0600][9.940s][info][gc,stats    ]  Major Collection: Major Collection                            150.364 / 201.859     150.364 / 201.859     150.364 / 201.859     150.364 / 201.859     ms
[2026-04-03T06:37:51.796+0600][9.940s][info][gc,stats    ]            Memory: Allocation Rate                                 612 / 882             612 / 882             612 / 882             612 / 882         MB/s
[2026-04-03T06:37:51.796+0600][9.940s][info][gc,stats    ]            Memory: Defragment                                        0 / 0                 0 / 0                 0 / 0                 0 / 0           ops/s
[2026-04-03T06:37:51.796+0600][9.940s][info][gc,stats    ]            Memory: Out Of Memory                                     0 / 0                 0 / 0                 0 / 0                 0 / 0           ops/s
[2026-04-03T06:37:51.796+0600][9.940s][info][gc,stats    ]            Memory: Page Cache Flush                                  0 / 0                 0 / 0                 0 / 0                 0 / 0           MB/s
[2026-04-03T06:37:51.796+0600][9.940s][info][gc,stats    ]            Memory: Page Cache Hit L1                               122 / 436             122 / 436             122 / 436             122 / 436         ops/s
[2026-04-03T06:37:51.796+0600][9.940s][info][gc,stats    ]            Memory: Page Cache Hit L2                                 0 / 0                 0 / 0                 0 / 0                 0 / 0           ops/s
[2026-04-03T06:37:51.796+0600][9.940s][info][gc,stats    ]            Memory: Page Cache Hit L3                                13 / 97               13 / 97               13 / 97               13 / 97          ops/s
[2026-04-03T06:37:51.796+0600][9.940s][info][gc,stats    ]            Memory: Page Cache Miss                                 173 / 407             173 / 407             173 / 407             173 / 407         ops/s
[2026-04-03T06:37:51.796+0600][9.940s][info][gc,stats    ]            Memory: Uncommit                                          0 / 0                 0 / 0                 0 / 0                 0 / 0           MB/s
[2026-04-03T06:37:51.796+0600][9.940s][info][gc,stats    ]            Memory: Undo Object Allocation Failed                     0 / 0                 0 / 0                 0 / 0                 0 / 0           ops/s
[2026-04-03T06:37:51.796+0600][9.940s][info][gc,stats    ]            Memory: Undo Object Allocation Succeeded                 38 / 338              38 / 338              38 / 338              38 / 338         ops/s
[2026-04-03T06:37:51.796+0600][9.940s][info][gc,stats    ]            Memory: Undo Page Allocation                              2 / 6                 2 / 6                 2 / 6                 2 / 6           ops/s
[2026-04-03T06:37:51.796+0600][9.940s][info][gc,stats    ]  Minor Collection: Minor Collection                              0.000 / 0.000         0.000 / 0.000         0.000 / 0.000         0.000 / 0.000       ms
[2026-04-03T06:37:51.796+0600][9.940s][info][gc,stats    ]    Old Generation: Old Generation                               97.638 / 133.450      97.638 / 133.450      97.638 / 133.450      97.638 / 133.450     ms
[2026-04-03T06:37:51.796+0600][9.940s][info][gc,stats    ]         Old Pause: Pause Mark End                                0.029 / 0.039         0.029 / 0.039         0.029 / 0.039         0.029 / 0.039       ms
[2026-04-03T06:37:51.796+0600][9.940s][info][gc,stats    ]         Old Pause: Pause Relocate Start                          0.026 / 0.035         0.026 / 0.035         0.026 / 0.035         0.026 / 0.035       ms
[2026-04-03T06:37:51.796+0600][9.940s][info][gc,stats    ]         Old Phase: Concurrent Mark                              29.381 / 46.068       29.381 / 46.068       29.381 / 46.068       29.381 / 46.068      ms
[2026-04-03T06:37:51.796+0600][9.940s][info][gc,stats    ]         Old Phase: Concurrent Mark Continue                      0.000 / 0.000         0.000 / 0.000         0.000 / 0.000         0.000 / 0.000       ms
[2026-04-03T06:37:51.796+0600][9.940s][info][gc,stats    ]         Old Phase: Concurrent Mark Free                          0.002 / 0.002         0.002 / 0.002         0.002 / 0.002         0.002 / 0.002       ms
[2026-04-03T06:37:51.796+0600][9.940s][info][gc,stats    ]         Old Phase: Concurrent Process Non-Strong                15.622 / 31.876       15.622 / 31.876       15.622 / 31.876       15.622 / 31.876      ms
[2026-04-03T06:37:51.796+0600][9.941s][info][gc,stats    ]         Old Phase: Concurrent Relocate                           8.875 / 15.620        8.875 / 15.620        8.875 / 15.620        8.875 / 15.620      ms
[2026-04-03T06:37:51.796+0600][9.941s][info][gc,stats    ]         Old Phase: Concurrent Remap Roots                       32.081 / 57.131       32.081 / 57.131       32.081 / 57.131       32.081 / 57.131      ms
[2026-04-03T06:37:51.796+0600][9.941s][info][gc,stats    ]         Old Phase: Concurrent Reset Relocation Set               0.002 / 0.003         0.002 / 0.003         0.002 / 0.003         0.002 / 0.003       ms
[2026-04-03T06:37:51.796+0600][9.941s][info][gc,stats    ]         Old Phase: Concurrent Select Relocation Set              8.554 / 14.627        8.554 / 14.627        8.554 / 14.627        8.554 / 14.627      ms
[2026-04-03T06:37:51.796+0600][9.941s][info][gc,stats    ]      Old Subphase: Concurrent Classes Purge                      0.570 / 0.999         0.570 / 0.999         0.570 / 0.999         0.570 / 0.999       ms
[2026-04-03T06:37:51.796+0600][9.941s][info][gc,stats    ]      Old Subphase: Concurrent Classes Unlink                    10.105 / 21.465       10.105 / 21.465       10.105 / 21.465       10.105 / 21.465      ms
[2026-04-03T06:37:51.796+0600][9.941s][info][gc,stats    ]      Old Subphase: Concurrent Mark Follow                       27.956 / 41.951       27.956 / 41.951       27.956 / 41.951       27.956 / 41.951      ms
[2026-04-03T06:37:51.796+0600][9.941s][info][gc,stats    ]      Old Subphase: Concurrent Mark Root Colored                  0.041 / 0.112         0.041 / 0.112         0.041 / 0.112         0.041 / 0.112       ms
[2026-04-03T06:37:51.796+0600][9.941s][info][gc,stats    ]      Old Subphase: Concurrent Mark Root Uncolored                0.153 / 0.456         0.153 / 0.456         0.153 / 0.456         0.153 / 0.456       ms
[2026-04-03T06:37:51.796+0600][9.941s][info][gc,stats    ]      Old Subphase: Concurrent Mark Roots                         1.418 / 4.107         1.418 / 4.107         1.418 / 4.107         1.418 / 4.107       ms
[2026-04-03T06:37:51.796+0600][9.941s][info][gc,stats    ]      Old Subphase: Concurrent References Enqueue                 0.006 / 0.016         0.006 / 0.016         0.006 / 0.016         0.006 / 0.016       ms
[2026-04-03T06:37:51.796+0600][9.941s][info][gc,stats    ]      Old Subphase: Concurrent References Process                 1.189 / 4.528         1.189 / 4.528         1.189 / 4.528         1.189 / 4.528       ms
[2026-04-03T06:37:51.796+0600][9.941s][info][gc,stats    ]      Old Subphase: Concurrent Remap Remembered                  28.715 / 54.148       28.715 / 54.148       28.715 / 54.148       28.715 / 54.148      ms
[2026-04-03T06:37:51.796+0600][9.941s][info][gc,stats    ]      Old Subphase: Concurrent Remap Roots Colored                0.337 / 0.718         0.337 / 0.718         0.337 / 0.718         0.337 / 0.718       ms
[2026-04-03T06:37:51.796+0600][9.941s][info][gc,stats    ]      Old Subphase: Concurrent Remap Roots Uncolored              0.772 / 2.303         0.772 / 2.303         0.772 / 2.303         0.772 / 2.303       ms
[2026-04-03T06:37:51.796+0600][9.941s][info][gc,stats    ]      Old Subphase: Concurrent Roots ClassLoaderDataGraph         0.247 / 0.636         0.247 / 0.636         0.247 / 0.636         0.247 / 0.636       ms
[2026-04-03T06:37:51.796+0600][9.941s][info][gc,stats    ]      Old Subphase: Concurrent Roots CodeCache                    1.019 / 2.286         1.019 / 2.286         1.019 / 2.286         1.019 / 2.286       ms
[2026-04-03T06:37:51.796+0600][9.941s][info][gc,stats    ]      Old Subphase: Concurrent Roots JavaThreads                  0.057 / 0.454         0.057 / 0.454         0.057 / 0.454         0.057 / 0.454       ms
[2026-04-03T06:37:51.796+0600][9.941s][info][gc,stats    ]      Old Subphase: Concurrent Roots OopStorageSet                0.011 / 0.036         0.011 / 0.036         0.011 / 0.036         0.011 / 0.036       ms
[2026-04-03T06:37:51.796+0600][9.941s][info][gc,stats    ]      Old Subphase: Concurrent Weak Roots OopStorageSet           0.210 / 0.872         0.210 / 0.872         0.210 / 0.872         0.210 / 0.872       ms
[2026-04-03T06:37:51.796+0600][9.941s][info][gc,stats    ]            System: Java Threads                                     19 / 24               19 / 24               19 / 24               19 / 24          threads
[2026-04-03T06:37:51.796+0600][9.941s][info][gc,stats    ]  Young Generation: Young Generation                             58.301 / 67.147       58.301 / 67.147       58.301 / 67.147       58.301 / 67.147      ms
[2026-04-03T06:37:51.796+0600][9.941s][info][gc,stats    ]  Young Generation: Young Generation                              0.000 / 0.000         0.000 / 0.000         0.000 / 0.000         0.000 / 0.000       ms
[2026-04-03T06:37:51.796+0600][9.941s][info][gc,stats    ]  Young Generation: Young Generation (Collect Roots)              5.883 / 5.883         5.883 / 5.883         5.883 / 5.883         5.883 / 5.883       ms
[2026-04-03T06:37:51.796+0600][9.941s][info][gc,stats    ]  Young Generation: Young Generation (Promote All)               25.595 / 25.595       25.595 / 25.595       25.595 / 25.595       25.595 / 25.595      ms
[2026-04-03T06:37:51.796+0600][9.941s][info][gc,stats    ]       Young Pause: Pause Mark End                                0.025 / 0.034         0.025 / 0.034         0.025 / 0.034         0.025 / 0.034       ms
[2026-04-03T06:37:51.796+0600][9.941s][info][gc,stats    ]       Young Pause: Pause Mark Start                              0.023 / 0.029         0.023 / 0.029         0.023 / 0.029         0.023 / 0.029       ms
[2026-04-03T06:37:51.796+0600][9.941s][info][gc,stats    ]       Young Pause: Pause Mark Start (Major)                      0.033 / 0.043         0.033 / 0.043         0.033 / 0.043         0.033 / 0.043       ms
[2026-04-03T06:37:51.796+0600][9.941s][info][gc,stats    ]       Young Pause: Pause Relocate Start                          0.020 / 0.029         0.020 / 0.029         0.020 / 0.029         0.020 / 0.029       ms
[2026-04-03T06:37:51.796+0600][9.941s][info][gc,stats    ]       Young Phase: Concurrent Mark                              30.274 / 64.149       30.274 / 64.149       30.274 / 64.149       30.274 / 64.149      ms
[2026-04-03T06:37:51.796+0600][9.941s][info][gc,stats    ]       Young Phase: Concurrent Mark Continue                      0.000 / 0.000         0.000 / 0.000         0.000 / 0.000         0.000 / 0.000       ms
[2026-04-03T06:37:51.796+0600][9.941s][info][gc,stats    ]       Young Phase: Concurrent Mark Free                          0.028 / 0.156         0.028 / 0.156         0.028 / 0.156         0.028 / 0.156       ms
[2026-04-03T06:37:51.796+0600][9.941s][info][gc,stats    ]       Young Phase: Concurrent Relocate                           5.546 / 10.025        5.546 / 10.025        5.546 / 10.025        5.546 / 10.025      ms
[2026-04-03T06:37:51.796+0600][9.941s][info][gc,stats    ]       Young Phase: Concurrent Reset Relocation Set               0.009 / 0.023         0.009 / 0.023         0.009 / 0.023         0.009 / 0.023       ms
[2026-04-03T06:37:51.796+0600][9.941s][info][gc,stats    ]       Young Phase: Concurrent Select Relocation Set              6.705 / 11.757        6.705 / 11.757        6.705 / 11.757        6.705 / 11.757      ms
[2026-04-03T06:37:51.796+0600][9.941s][info][gc,stats    ]    Young Subphase: Concurrent Mark Follow                       26.379 / 57.826       26.379 / 57.826       26.379 / 57.826       26.379 / 57.826      ms
[2026-04-03T06:37:51.796+0600][9.941s][info][gc,stats    ]    Young Subphase: Concurrent Mark Root Colored                  0.843 / 1.649         0.843 / 1.649         0.843 / 1.649         0.843 / 1.649       ms
[2026-04-03T06:37:51.796+0600][9.941s][info][gc,stats    ]    Young Subphase: Concurrent Mark Root Uncolored                2.002 / 4.721         2.002 / 4.721         2.002 / 4.721         2.002 / 4.721       ms
[2026-04-03T06:37:51.796+0600][9.941s][info][gc,stats    ]    Young Subphase: Concurrent Mark Roots                         3.888 / 6.548         3.888 / 6.548         3.888 / 6.548         3.888 / 6.548       ms
[2026-04-03T06:37:51.797+0600][9.941s][info][gc,stats    ]    Young Subphase: Concurrent Relocate Remset FP                 0.348 / 1.595         0.348 / 1.595         0.348 / 1.595         0.348 / 1.595       ms
[2026-04-03T06:37:51.797+0600][9.941s][info][gc,stats    ]    Young Subphase: Concurrent Roots ClassLoaderDataGraph         0.601 / 0.947         0.601 / 0.947         0.601 / 0.947         0.601 / 0.947       ms
[2026-04-03T06:37:51.797+0600][9.941s][info][gc,stats    ]    Young Subphase: Concurrent Roots CodeCache                    1.181 / 4.238         1.181 / 4.238         1.181 / 4.238         1.181 / 4.238       ms
[2026-04-03T06:37:51.797+0600][9.941s][info][gc,stats    ]    Young Subphase: Concurrent Roots JavaThreads                  0.558 / 4.719         0.558 / 4.719         0.558 / 4.719         0.558 / 4.719       ms
[2026-04-03T06:37:51.797+0600][9.941s][info][gc,stats    ]    Young Subphase: Concurrent Roots OopStorageSet                0.036 / 0.080         0.036 / 0.080         0.036 / 0.080         0.036 / 0.080       ms
[2026-04-03T06:37:51.797+0600][9.941s][info][gc,stats    ]    Young Subphase: Concurrent Weak Roots OopStorageSet           0.489 / 1.140         0.489 / 1.140         0.489 / 1.140         0.489 / 1.140       ms
[2026-04-03T06:37:51.797+0600][9.941s][info][gc,stats    ] =========================================================================================================================================================
[2026-04-03T06:37:51.797+0600][9.941s][info][gc,heap,exit] Heap
[2026-04-03T06:37:51.797+0600][9.941s][info][gc,heap,exit]  ZHeap           used 1090M, capacity 3366M, max capacity 3922M
[2026-04-03T06:37:51.797+0600][9.941s][info][gc,heap,exit]  Metaspace       used 8337K, committed 8576K, reserved 1114112K
[2026-04-03T06:37:51.797+0600][9.941s][info][gc,heap,exit]   class space    used 978K, committed 1088K, reserved 1048576K
