[2026-04-03T06:28:20.144+0600][0.007s][info][gc,init] CardTable entry size: 512
[2026-04-03T06:28:20.145+0600][0.007s][info][gc     ] Using G1
[2026-04-03T06:28:20.150+0600][0.012s][info][gc,init] Version: 21.0.10+7-Ubuntu-124.04 (release)
[2026-04-03T06:28:20.150+0600][0.012s][info][gc,init] CPUs: 12 total, 12 available
[2026-04-03T06:28:20.150+0600][0.012s][info][gc,init] Memory: 15683M
[2026-04-03T06:28:20.150+0600][0.012s][info][gc,init] Large Page Support: Disabled
[2026-04-03T06:28:20.150+0600][0.012s][info][gc,init] NUMA Support: Disabled
[2026-04-03T06:28:20.150+0600][0.012s][info][gc,init] Compressed Oops: Enabled (Zero based)
[2026-04-03T06:28:20.150+0600][0.012s][info][gc,init] Heap Region Size: 2M
[2026-04-03T06:28:20.150+0600][0.012s][info][gc,init] Heap Min Capacity: 8M
[2026-04-03T06:28:20.150+0600][0.012s][info][gc,init] Heap Initial Capacity: 246M
[2026-04-03T06:28:20.150+0600][0.012s][info][gc,init] Heap Max Capacity: 3922M
[2026-04-03T06:28:20.150+0600][0.012s][info][gc,init] Pre-touch: Disabled
[2026-04-03T06:28:20.150+0600][0.012s][info][gc,init] Parallel Workers: 10
[2026-04-03T06:28:20.150+0600][0.012s][info][gc,init] Concurrent Workers: 3
[2026-04-03T06:28:20.150+0600][0.012s][info][gc,init] Concurrent Refinement Workers: 10
[2026-04-03T06:28:20.150+0600][0.012s][info][gc,init] Periodic GC: Disabled
[2026-04-03T06:28:20.167+0600][0.029s][info][gc,metaspace] CDS archive(s) mapped at: [0x0000797137000000-0x0000797137c9c000-0x0000797137c9c000), size 13221888, SharedBaseAddress: 0x0000797137000000, ArchiveRelocationMode: 1.
[2026-04-03T06:28:20.167+0600][0.029s][info][gc,metaspace] Compressed class space mapped at: 0x0000797138000000-0x0000797178000000, reserved size: 1073741824
[2026-04-03T06:28:20.167+0600][0.029s][info][gc,metaspace] Narrow klass base: 0x0000797137000000, Narrow klass shift: 0, Narrow klass range: 0x100000000
[2026-04-03T06:28:20.852+0600][0.715s][info][gc,start    ] GC(0) Pause Young (Normal) (G1 Evacuation Pause)
[2026-04-03T06:28:20.853+0600][0.716s][info][gc,task     ] GC(0) Using 5 workers of 10 for evacuation
[2026-04-03T06:28:20.873+0600][0.736s][info][gc,phases   ] GC(0)   Pre Evacuate Collection Set: 0.89ms
[2026-04-03T06:28:20.873+0600][0.736s][info][gc,phases   ] GC(0)   Merge Heap Roots: 1.75ms
[2026-04-03T06:28:20.873+0600][0.736s][info][gc,phases   ] GC(0)   Evacuate Collection Set: 16.30ms
[2026-04-03T06:28:20.873+0600][0.736s][info][gc,phases   ] GC(0)   Post Evacuate Collection Set: 0.89ms
[2026-04-03T06:28:20.873+0600][0.736s][info][gc,phases   ] GC(0)   Other: 0.84ms
[2026-04-03T06:28:20.874+0600][0.736s][info][gc,heap     ] GC(0) Eden regions: 11->0(17)
[2026-04-03T06:28:20.874+0600][0.736s][info][gc,heap     ] GC(0) Survivor regions: 0->2(2)
[2026-04-03T06:28:20.874+0600][0.736s][info][gc,heap     ] GC(0) Old regions: 1->2
[2026-04-03T06:28:20.874+0600][0.736s][info][gc,heap     ] GC(0) Humongous regions: 0->0
[2026-04-03T06:28:20.874+0600][0.736s][info][gc,metaspace] GC(0) Metaspace: 8454K(8640K)->8454K(8640K) NonClass: 7622K(7744K)->7622K(7744K) Class: 832K(896K)->832K(896K)
[2026-04-03T06:28:20.874+0600][0.736s][info][gc          ] GC(0) Pause Young (Normal) (G1 Evacuation Pause) 23M->5M(248M) 21.305ms
[2026-04-03T06:28:20.874+0600][0.736s][info][gc,cpu      ] GC(0) User=0.02s Sys=0.01s Real=0.03s
[2026-04-03T06:28:21.110+0600][0.972s][info][gc,start    ] GC(1) Pause Young (Normal) (G1 Evacuation Pause)
[2026-04-03T06:28:21.110+0600][0.972s][info][gc,task     ] GC(1) Using 5 workers of 10 for evacuation
[2026-04-03T06:28:21.117+0600][0.980s][info][gc,phases   ] GC(1)   Pre Evacuate Collection Set: 0.33ms
[2026-04-03T06:28:21.117+0600][0.980s][info][gc,phases   ] GC(1)   Merge Heap Roots: 0.25ms
[2026-04-03T06:28:21.118+0600][0.980s][info][gc,phases   ] GC(1)   Evacuate Collection Set: 5.83ms
[2026-04-03T06:28:21.118+0600][0.980s][info][gc,phases   ] GC(1)   Post Evacuate Collection Set: 0.76ms
[2026-04-03T06:28:21.118+0600][0.980s][info][gc,phases   ] GC(1)   Other: 0.15ms
[2026-04-03T06:28:21.118+0600][0.980s][info][gc,heap     ] GC(1) Eden regions: 17->0(63)
[2026-04-03T06:28:21.118+0600][0.980s][info][gc,heap     ] GC(1) Survivor regions: 2->2(3)
[2026-04-03T06:28:21.118+0600][0.980s][info][gc,heap     ] GC(1) Old regions: 2->4
[2026-04-03T06:28:21.118+0600][0.980s][info][gc,heap     ] GC(1) Humongous regions: 0->0
[2026-04-03T06:28:21.118+0600][0.980s][info][gc,metaspace] GC(1) Metaspace: 8586K(8832K)->8586K(8832K) NonClass: 7751K(7872K)->7751K(7872K) Class: 835K(960K)->835K(960K)
[2026-04-03T06:28:21.118+0600][0.980s][info][gc          ] GC(1) Pause Young (Normal) (G1 Evacuation Pause) 39M->9M(248M) 7.906ms
[2026-04-03T06:28:21.118+0600][0.980s][info][gc,cpu      ] GC(1) User=0.03s Sys=0.02s Real=0.01s
[2026-04-03T06:28:21.740+0600][1.602s][info][gc,start    ] GC(2) Pause Young (Normal) (G1 Evacuation Pause)
[2026-04-03T06:28:21.740+0600][1.603s][info][gc,task     ] GC(2) Using 5 workers of 10 for evacuation
[2026-04-03T06:28:21.754+0600][1.617s][info][gc,phases   ] GC(2)   Pre Evacuate Collection Set: 0.35ms
[2026-04-03T06:28:21.754+0600][1.617s][info][gc,phases   ] GC(2)   Merge Heap Roots: 0.19ms
[2026-04-03T06:28:21.754+0600][1.617s][info][gc,phases   ] GC(2)   Evacuate Collection Set: 12.70ms
[2026-04-03T06:28:21.754+0600][1.617s][info][gc,phases   ] GC(2)   Post Evacuate Collection Set: 0.58ms
[2026-04-03T06:28:21.754+0600][1.617s][info][gc,phases   ] GC(2)   Other: 0.16ms
[2026-04-03T06:28:21.754+0600][1.617s][info][gc,heap     ] GC(2) Eden regions: 63->0(65)
[2026-04-03T06:28:21.754+0600][1.617s][info][gc,heap     ] GC(2) Survivor regions: 2->8(9)
[2026-04-03T06:28:21.754+0600][1.617s][info][gc,heap     ] GC(2) Old regions: 4->4
[2026-04-03T06:28:21.754+0600][1.617s][info][gc,heap     ] GC(2) Humongous regions: 0->0
[2026-04-03T06:28:21.754+0600][1.617s][info][gc,metaspace] GC(2) Metaspace: 8729K(8960K)->8729K(8960K) NonClass: 7885K(8000K)->7885K(8000K) Class: 843K(960K)->843K(960K)
[2026-04-03T06:28:21.754+0600][1.617s][info][gc          ] GC(2) Pause Young (Normal) (G1 Evacuation Pause) 135M->20M(248M) 14.321ms
[2026-04-03T06:28:21.754+0600][1.617s][info][gc,cpu      ] GC(2) User=0.04s Sys=0.02s Real=0.02s
[2026-04-03T06:28:21.996+0600][1.858s][info][gc,start    ] GC(3) Pause Young (Normal) (G1 Evacuation Pause)
[2026-04-03T06:28:21.996+0600][1.858s][info][gc,task     ] GC(3) Using 5 workers of 10 for evacuation
[2026-04-03T06:28:22.019+0600][1.882s][info][gc,phases   ] GC(3)   Pre Evacuate Collection Set: 0.26ms
[2026-04-03T06:28:22.019+0600][1.882s][info][gc,phases   ] GC(3)   Merge Heap Roots: 0.16ms
[2026-04-03T06:28:22.019+0600][1.882s][info][gc,phases   ] GC(3)   Evacuate Collection Set: 21.84ms
[2026-04-03T06:28:22.019+0600][1.882s][info][gc,phases   ] GC(3)   Post Evacuate Collection Set: 0.65ms
[2026-04-03T06:28:22.019+0600][1.882s][info][gc,phases   ] GC(3)   Other: 0.16ms
[2026-04-03T06:28:22.019+0600][1.882s][info][gc,heap     ] GC(3) Eden regions: 65->0(67)
[2026-04-03T06:28:22.019+0600][1.882s][info][gc,heap     ] GC(3) Survivor regions: 8->6(10)
[2026-04-03T06:28:22.019+0600][1.882s][info][gc,heap     ] GC(3) Old regions: 4->11
[2026-04-03T06:28:22.019+0600][1.882s][info][gc,heap     ] GC(3) Humongous regions: 0->0
[2026-04-03T06:28:22.019+0600][1.882s][info][gc,metaspace] GC(3) Metaspace: 8759K(9024K)->8759K(9024K) NonClass: 7916K(8064K)->7916K(8064K) Class: 843K(960K)->843K(960K)
[2026-04-03T06:28:22.019+0600][1.882s][info][gc          ] GC(3) Pause Young (Normal) (G1 Evacuation Pause) 150M->29M(248M) 23.415ms
[2026-04-03T06:28:22.019+0600][1.882s][info][gc,cpu      ] GC(3) User=0.12s Sys=0.02s Real=0.02s
[2026-04-03T06:28:22.232+0600][2.094s][info][gc,start    ] GC(4) Pause Young (Normal) (G1 Evacuation Pause)
[2026-04-03T06:28:22.232+0600][2.094s][info][gc,task     ] GC(4) Using 5 workers of 10 for evacuation
[2026-04-03T06:28:22.249+0600][2.111s][info][gc,phases   ] GC(4)   Pre Evacuate Collection Set: 0.24ms
[2026-04-03T06:28:22.249+0600][2.111s][info][gc,phases   ] GC(4)   Merge Heap Roots: 0.08ms
[2026-04-03T06:28:22.249+0600][2.111s][info][gc,phases   ] GC(4)   Evacuate Collection Set: 15.06ms
[2026-04-03T06:28:22.249+0600][2.111s][info][gc,phases   ] GC(4)   Post Evacuate Collection Set: 1.30ms
[2026-04-03T06:28:22.249+0600][2.111s][info][gc,phases   ] GC(4)   Other: 0.11ms
[2026-04-03T06:28:22.249+0600][2.111s][info][gc,heap     ] GC(4) Eden regions: 67->0(95)
[2026-04-03T06:28:22.249+0600][2.111s][info][gc,heap     ] GC(4) Survivor regions: 6->10(10)
[2026-04-03T06:28:22.249+0600][2.111s][info][gc,heap     ] GC(4) Old regions: 11->11
[2026-04-03T06:28:22.249+0600][2.111s][info][gc,heap     ] GC(4) Humongous regions: 0->0
[2026-04-03T06:28:22.249+0600][2.111s][info][gc,metaspace] GC(4) Metaspace: 8771K(9024K)->8771K(9024K) NonClass: 7928K(8064K)->7928K(8064K) Class: 843K(960K)->843K(960K)
[2026-04-03T06:28:22.249+0600][2.111s][info][gc          ] GC(4) Pause Young (Normal) (G1 Evacuation Pause) 163M->39M(350M) 17.118ms
[2026-04-03T06:28:22.249+0600][2.111s][info][gc,cpu      ] GC(4) User=0.09s Sys=0.01s Real=0.02s
[2026-04-03T06:28:22.566+0600][2.428s][info][gc,start    ] GC(5) Pause Young (Normal) (G1 Evacuation Pause)
[2026-04-03T06:28:22.567+0600][2.429s][info][gc,task     ] GC(5) Using 8 workers of 10 for evacuation
[2026-04-03T06:28:22.585+0600][2.448s][info][gc,phases   ] GC(5)   Pre Evacuate Collection Set: 0.16ms
[2026-04-03T06:28:22.586+0600][2.448s][info][gc,phases   ] GC(5)   Merge Heap Roots: 0.10ms
[2026-04-03T06:28:22.586+0600][2.448s][info][gc,phases   ] GC(5)   Evacuate Collection Set: 17.14ms
[2026-04-03T06:28:22.586+0600][2.448s][info][gc,phases   ] GC(5)   Post Evacuate Collection Set: 0.99ms
[2026-04-03T06:28:22.586+0600][2.448s][info][gc,phases   ] GC(5)   Other: 0.92ms
[2026-04-03T06:28:22.586+0600][2.448s][info][gc,heap     ] GC(5) Eden regions: 95->0(92)
[2026-04-03T06:28:22.586+0600][2.448s][info][gc,heap     ] GC(5) Survivor regions: 10->13(14)
[2026-04-03T06:28:22.586+0600][2.448s][info][gc,heap     ] GC(5) Old regions: 11->15
[2026-04-03T06:28:22.586+0600][2.448s][info][gc,heap     ] GC(5) Humongous regions: 0->0
[2026-04-03T06:28:22.586+0600][2.448s][info][gc,metaspace] GC(5) Metaspace: 8774K(9024K)->8774K(9024K) NonClass: 7930K(8064K)->7930K(8064K) Class: 843K(960K)->843K(960K)
[2026-04-03T06:28:22.586+0600][2.448s][info][gc          ] GC(5) Pause Young (Normal) (G1 Evacuation Pause) 229M->54M(350M) 19.668ms
[2026-04-03T06:28:22.586+0600][2.448s][info][gc,cpu      ] GC(5) User=0.15s Sys=0.00s Real=0.02s
[2026-04-03T06:28:22.815+0600][2.678s][info][gc,start    ] GC(6) Pause Young (Normal) (G1 Evacuation Pause)
[2026-04-03T06:28:22.815+0600][2.678s][info][gc,task     ] GC(6) Using 8 workers of 10 for evacuation
[2026-04-03T06:28:22.832+0600][2.695s][info][gc,phases   ] GC(6)   Pre Evacuate Collection Set: 0.30ms
[2026-04-03T06:28:22.832+0600][2.695s][info][gc,phases   ] GC(6)   Merge Heap Roots: 0.17ms
[2026-04-03T06:28:22.833+0600][2.695s][info][gc,phases   ] GC(6)   Evacuate Collection Set: 15.95ms
[2026-04-03T06:28:22.833+0600][2.695s][info][gc,phases   ] GC(6)   Post Evacuate Collection Set: 0.56ms
[2026-04-03T06:28:22.833+0600][2.695s][info][gc,phases   ] GC(6)   Other: 0.07ms
[2026-04-03T06:28:22.833+0600][2.695s][info][gc,heap     ] GC(6) Eden regions: 92->0(91)
[2026-04-03T06:28:22.833+0600][2.695s][info][gc,heap     ] GC(6) Survivor regions: 13->14(14)
[2026-04-03T06:28:22.833+0600][2.695s][info][gc,heap     ] GC(6) Old regions: 15->21
[2026-04-03T06:28:22.833+0600][2.695s][info][gc,heap     ] GC(6) Humongous regions: 0->0
[2026-04-03T06:28:22.833+0600][2.695s][info][gc,metaspace] GC(6) Metaspace: 8776K(9024K)->8776K(9024K) NonClass: 7933K(8064K)->7933K(8064K) Class: 843K(960K)->843K(960K)
[2026-04-03T06:28:22.833+0600][2.695s][info][gc          ] GC(6) Pause Young (Normal) (G1 Evacuation Pause) 238M->67M(350M) 17.345ms
[2026-04-03T06:28:22.833+0600][2.695s][info][gc,cpu      ] GC(6) User=0.12s Sys=0.00s Real=0.01s
[2026-04-03T06:28:23.048+0600][2.910s][info][gc,start    ] GC(7) Pause Young (Normal) (G1 Evacuation Pause)
[2026-04-03T06:28:23.048+0600][2.910s][info][gc,task     ] GC(7) Using 8 workers of 10 for evacuation
[2026-04-03T06:28:23.069+0600][2.931s][info][gc,phases   ] GC(7)   Pre Evacuate Collection Set: 0.18ms
[2026-04-03T06:28:23.069+0600][2.931s][info][gc,phases   ] GC(7)   Merge Heap Roots: 0.09ms
[2026-04-03T06:28:23.069+0600][2.931s][info][gc,phases   ] GC(7)   Evacuate Collection Set: 19.80ms
[2026-04-03T06:28:23.069+0600][2.931s][info][gc,phases   ] GC(7)   Post Evacuate Collection Set: 0.66ms
[2026-04-03T06:28:23.069+0600][2.931s][info][gc,phases   ] GC(7)   Other: 0.14ms
[2026-04-03T06:28:23.069+0600][2.931s][info][gc,heap     ] GC(7) Eden regions: 91->0(91)
[2026-04-03T06:28:23.069+0600][2.931s][info][gc,heap     ] GC(7) Survivor regions: 14->14(14)
[2026-04-03T06:28:23.069+0600][2.931s][info][gc,heap     ] GC(7) Old regions: 21->28
[2026-04-03T06:28:23.069+0600][2.931s][info][gc,heap     ] GC(7) Humongous regions: 0->0
[2026-04-03T06:28:23.069+0600][2.931s][info][gc,metaspace] GC(7) Metaspace: 8777K(9024K)->8777K(9024K) NonClass: 7933K(8064K)->7933K(8064K) Class: 843K(960K)->843K(960K)
[2026-04-03T06:28:23.069+0600][2.931s][info][gc          ] GC(7) Pause Young (Normal) (G1 Evacuation Pause) 249M->82M(350M) 21.168ms
[2026-04-03T06:28:23.069+0600][2.931s][info][gc,cpu      ] GC(7) User=0.16s Sys=0.02s Real=0.02s
[2026-04-03T06:28:23.300+0600][3.162s][info][gc,start    ] GC(8) Pause Young (Normal) (G1 Evacuation Pause)
[2026-04-03T06:28:23.300+0600][3.162s][info][gc,task     ] GC(8) Using 8 workers of 10 for evacuation
[2026-04-03T06:28:23.320+0600][3.182s][info][gc,phases   ] GC(8)   Pre Evacuate Collection Set: 0.15ms
[2026-04-03T06:28:23.320+0600][3.182s][info][gc,phases   ] GC(8)   Merge Heap Roots: 0.21ms
[2026-04-03T06:28:23.320+0600][3.182s][info][gc,phases   ] GC(8)   Evacuate Collection Set: 17.47ms
[2026-04-03T06:28:23.320+0600][3.182s][info][gc,phases   ] GC(8)   Post Evacuate Collection Set: 2.09ms
[2026-04-03T06:28:23.320+0600][3.182s][info][gc,phases   ] GC(8)   Other: 0.08ms
[2026-04-03T06:28:23.320+0600][3.182s][info][gc,heap     ] GC(8) Eden regions: 91->0(169)
[2026-04-03T06:28:23.320+0600][3.182s][info][gc,heap     ] GC(8) Survivor regions: 14->14(14)
[2026-04-03T06:28:23.320+0600][3.182s][info][gc,heap     ] GC(8) Old regions: 28->35
[2026-04-03T06:28:23.320+0600][3.182s][info][gc,heap     ] GC(8) Humongous regions: 0->0
[2026-04-03T06:28:23.320+0600][3.182s][info][gc,metaspace] GC(8) Metaspace: 8802K(9024K)->8802K(9024K) NonClass: 7958K(8064K)->7958K(8064K) Class: 843K(960K)->843K(960K)
[2026-04-03T06:28:23.320+0600][3.182s][info][gc          ] GC(8) Pause Young (Normal) (G1 Evacuation Pause) 264M->95M(612M) 20.257ms
[2026-04-03T06:28:23.320+0600][3.182s][info][gc,cpu      ] GC(8) User=0.12s Sys=0.01s Real=0.02s
[2026-04-03T06:28:23.870+0600][3.732s][info][gc,start    ] GC(9) Pause Young (Normal) (G1 Evacuation Pause)
[2026-04-03T06:28:23.871+0600][3.733s][info][gc,task     ] GC(9) Using 10 workers of 10 for evacuation
[2026-04-03T06:28:23.897+0600][3.759s][info][gc,phases   ] GC(9)   Pre Evacuate Collection Set: 0.17ms
[2026-04-03T06:28:23.897+0600][3.759s][info][gc,phases   ] GC(9)   Merge Heap Roots: 0.19ms
[2026-04-03T06:28:23.897+0600][3.760s][info][gc,phases   ] GC(9)   Evacuate Collection Set: 24.82ms
[2026-04-03T06:28:23.897+0600][3.760s][info][gc,phases   ] GC(9)   Post Evacuate Collection Set: 0.77ms
[2026-04-03T06:28:23.897+0600][3.760s][info][gc,phases   ] GC(9)   Other: 0.87ms
[2026-04-03T06:28:23.897+0600][3.760s][info][gc,heap     ] GC(9) Eden regions: 169->0(163)
[2026-04-03T06:28:23.897+0600][3.760s][info][gc,heap     ] GC(9) Survivor regions: 14->20(23)
[2026-04-03T06:28:23.897+0600][3.760s][info][gc,heap     ] GC(9) Old regions: 35->41
[2026-04-03T06:28:23.897+0600][3.760s][info][gc,heap     ] GC(9) Humongous regions: 0->0
[2026-04-03T06:28:23.897+0600][3.760s][info][gc,metaspace] GC(9) Metaspace: 8838K(9088K)->8838K(9088K) NonClass: 7994K(8128K)->7994K(8128K) Class: 843K(960K)->843K(960K)
[2026-04-03T06:28:23.897+0600][3.760s][info][gc          ] GC(9) Pause Young (Normal) (G1 Evacuation Pause) 433M->120M(612M) 27.376ms
[2026-04-03T06:28:23.897+0600][3.760s][info][gc,cpu      ] GC(9) User=0.24s Sys=0.02s Real=0.03s
[2026-04-03T06:28:24.298+0600][4.160s][info][gc,start    ] GC(10) Pause Young (Normal) (G1 Evacuation Pause)
[2026-04-03T06:28:24.298+0600][4.160s][info][gc,task     ] GC(10) Using 10 workers of 10 for evacuation
[2026-04-03T06:28:24.322+0600][4.185s][info][gc,phases   ] GC(10)   Pre Evacuate Collection Set: 0.13ms
[2026-04-03T06:28:24.322+0600][4.185s][info][gc,phases   ] GC(10)   Merge Heap Roots: 0.16ms
[2026-04-03T06:28:24.322+0600][4.185s][info][gc,phases   ] GC(10)   Evacuate Collection Set: 23.13ms
[2026-04-03T06:28:24.322+0600][4.185s][info][gc,phases   ] GC(10)   Post Evacuate Collection Set: 0.81ms
[2026-04-03T06:28:24.322+0600][4.185s][info][gc,phases   ] GC(10)   Other: 0.12ms
[2026-04-03T06:28:24.322+0600][4.185s][info][gc,heap     ] GC(10) Eden regions: 163->0(170)
[2026-04-03T06:28:24.322+0600][4.185s][info][gc,heap     ] GC(10) Survivor regions: 20->13(23)
[2026-04-03T06:28:24.322+0600][4.185s][info][gc,heap     ] GC(10) Old regions: 41->60
[2026-04-03T06:28:24.322+0600][4.185s][info][gc,heap     ] GC(10) Humongous regions: 0->0
[2026-04-03T06:28:24.322+0600][4.185s][info][gc,metaspace] GC(10) Metaspace: 8855K(9088K)->8855K(9088K) NonClass: 8011K(8128K)->8011K(8128K) Class: 843K(960K)->843K(960K)
[2026-04-03T06:28:24.322+0600][4.185s][info][gc          ] GC(10) Pause Young (Normal) (G1 Evacuation Pause) 446M->144M(612M) 24.675ms
[2026-04-03T06:28:24.322+0600][4.185s][info][gc,cpu      ] GC(10) User=0.22s Sys=0.00s Real=0.02s
[2026-04-03T06:28:24.734+0600][4.597s][info][gc,start    ] GC(11) Pause Young (Normal) (G1 Evacuation Pause)
[2026-04-03T06:28:24.734+0600][4.597s][info][gc,task     ] GC(11) Using 10 workers of 10 for evacuation
[2026-04-03T06:28:24.756+0600][4.619s][info][gc,phases   ] GC(11)   Pre Evacuate Collection Set: 0.29ms
[2026-04-03T06:28:24.756+0600][4.619s][info][gc,phases   ] GC(11)   Merge Heap Roots: 0.11ms
[2026-04-03T06:28:24.756+0600][4.619s][info][gc,phases   ] GC(11)   Evacuate Collection Set: 20.94ms
[2026-04-03T06:28:24.756+0600][4.619s][info][gc,phases   ] GC(11)   Post Evacuate Collection Set: 0.70ms
[2026-04-03T06:28:24.756+0600][4.619s][info][gc,phases   ] GC(11)   Other: 0.13ms
[2026-04-03T06:28:24.756+0600][4.619s][info][gc,heap     ] GC(11) Eden regions: 170->0(160)
[2026-04-03T06:28:24.756+0600][4.619s][info][gc,heap     ] GC(11) Survivor regions: 13->23(23)
[2026-04-03T06:28:24.757+0600][4.619s][info][gc,heap     ] GC(11) Old regions: 60->61
[2026-04-03T06:28:24.757+0600][4.619s][info][gc,heap     ] GC(11) Humongous regions: 0->0
[2026-04-03T06:28:24.757+0600][4.619s][info][gc,metaspace] GC(11) Metaspace: 8864K(9088K)->8864K(9088K) NonClass: 8021K(8128K)->8021K(8128K) Class: 843K(960K)->843K(960K)
[2026-04-03T06:28:24.757+0600][4.619s][info][gc          ] GC(11) Pause Young (Normal) (G1 Evacuation Pause) 484M->165M(612M) 22.487ms
[2026-04-03T06:28:24.757+0600][4.619s][info][gc,cpu      ] GC(11) User=0.21s Sys=0.01s Real=0.02s
[2026-04-03T06:28:25.135+0600][4.997s][info][gc,start    ] GC(12) Pause Young (Normal) (G1 Evacuation Pause)
[2026-04-03T06:28:25.135+0600][4.997s][info][gc,task     ] GC(12) Using 10 workers of 10 for evacuation
[2026-04-03T06:28:25.167+0600][5.029s][info][gc,phases   ] GC(12)   Pre Evacuate Collection Set: 0.13ms
[2026-04-03T06:28:25.167+0600][5.029s][info][gc,phases   ] GC(12)   Merge Heap Roots: 0.09ms
[2026-04-03T06:28:25.167+0600][5.029s][info][gc,phases   ] GC(12)   Evacuate Collection Set: 29.45ms
[2026-04-03T06:28:25.167+0600][5.029s][info][gc,phases   ] GC(12)   Post Evacuate Collection Set: 2.20ms
[2026-04-03T06:28:25.167+0600][5.029s][info][gc,phases   ] GC(12)   Other: 0.09ms
[2026-04-03T06:28:25.167+0600][5.029s][info][gc,heap     ] GC(12) Eden regions: 160->0(242)
[2026-04-03T06:28:25.167+0600][5.029s][info][gc,heap     ] GC(12) Survivor regions: 23->23(23)
[2026-04-03T06:28:25.167+0600][5.029s][info][gc,heap     ] GC(12) Old regions: 61->72
[2026-04-03T06:28:25.167+0600][5.029s][info][gc,heap     ] GC(12) Humongous regions: 0->0
[2026-04-03T06:28:25.167+0600][5.029s][info][gc,metaspace] GC(12) Metaspace: 8864K(9088K)->8864K(9088K) NonClass: 8021K(8128K)->8021K(8128K) Class: 843K(960K)->843K(960K)
[2026-04-03T06:28:25.167+0600][5.029s][info][gc          ] GC(12) Pause Young (Normal) (G1 Evacuation Pause) 485M->188M(884M) 32.270ms
[2026-04-03T06:28:25.167+0600][5.029s][info][gc,cpu      ] GC(12) User=0.29s Sys=0.00s Real=0.03s
[2026-04-03T06:28:25.909+0600][5.772s][info][gc,start    ] GC(13) Pause Young (Normal) (G1 Evacuation Pause)
[2026-04-03T06:28:25.909+0600][5.772s][info][gc,task     ] GC(13) Using 10 workers of 10 for evacuation
[2026-04-03T06:28:25.950+0600][5.813s][info][gc,phases   ] GC(13)   Pre Evacuate Collection Set: 0.21ms
[2026-04-03T06:28:25.950+0600][5.813s][info][gc,phases   ] GC(13)   Merge Heap Roots: 0.14ms
[2026-04-03T06:28:25.950+0600][5.813s][info][gc,phases   ] GC(13)   Evacuate Collection Set: 39.19ms
[2026-04-03T06:28:25.950+0600][5.813s][info][gc,phases   ] GC(13)   Post Evacuate Collection Set: 1.08ms
[2026-04-03T06:28:25.950+0600][5.813s][info][gc,phases   ] GC(13)   Other: 0.21ms
[2026-04-03T06:28:25.950+0600][5.813s][info][gc,heap     ] GC(13) Eden regions: 242->0(237)
[2026-04-03T06:28:25.950+0600][5.813s][info][gc,heap     ] GC(13) Survivor regions: 23->28(34)
[2026-04-03T06:28:25.950+0600][5.813s][info][gc,heap     ] GC(13) Old regions: 72->84
[2026-04-03T06:28:25.950+0600][5.813s][info][gc,heap     ] GC(13) Humongous regions: 0->0
[2026-04-03T06:28:25.950+0600][5.813s][info][gc,metaspace] GC(13) Metaspace: 8871K(9088K)->8871K(9088K) NonClass: 8027K(8128K)->8027K(8128K) Class: 843K(960K)->843K(960K)
[2026-04-03T06:28:25.950+0600][5.813s][info][gc          ] GC(13) Pause Young (Normal) (G1 Evacuation Pause) 672M->221M(884M) 41.126ms
[2026-04-03T06:28:25.950+0600][5.813s][info][gc,cpu      ] GC(13) User=0.42s Sys=0.00s Real=0.04s
[2026-04-03T06:28:26.643+0600][6.505s][info][gc,start    ] GC(14) Pause Young (Normal) (G1 Evacuation Pause)
[2026-04-03T06:28:26.643+0600][6.505s][info][gc,task     ] GC(14) Using 10 workers of 10 for evacuation
[2026-04-03T06:28:26.679+0600][6.541s][info][gc,phases   ] GC(14)   Pre Evacuate Collection Set: 0.26ms
[2026-04-03T06:28:26.679+0600][6.541s][info][gc,phases   ] GC(14)   Merge Heap Roots: 0.19ms
[2026-04-03T06:28:26.679+0600][6.541s][info][gc,phases   ] GC(14)   Evacuate Collection Set: 34.83ms
[2026-04-03T06:28:26.679+0600][6.541s][info][gc,phases   ] GC(14)   Post Evacuate Collection Set: 0.75ms
[2026-04-03T06:28:26.679+0600][6.541s][info][gc,phases   ] GC(14)   Other: 0.14ms
[2026-04-03T06:28:26.679+0600][6.541s][info][gc,heap     ] GC(14) Eden regions: 237->0(235)
[2026-04-03T06:28:26.679+0600][6.541s][info][gc,heap     ] GC(14) Survivor regions: 28->30(34)
[2026-04-03T06:28:26.679+0600][6.541s][info][gc,heap     ] GC(14) Old regions: 84->96
[2026-04-03T06:28:26.679+0600][6.541s][info][gc,heap     ] GC(14) Humongous regions: 0->0
[2026-04-03T06:28:26.679+0600][6.541s][info][gc,metaspace] GC(14) Metaspace: 8926K(9152K)->8926K(9152K) NonClass: 8082K(8192K)->8082K(8192K) Class: 843K(960K)->843K(960K)
[2026-04-03T06:28:26.679+0600][6.541s][info][gc          ] GC(14) Pause Young (Normal) (G1 Evacuation Pause) 695M->249M(884M) 36.510ms
[2026-04-03T06:28:26.679+0600][6.541s][info][gc,cpu      ] GC(14) User=0.35s Sys=0.00s Real=0.04s
[2026-04-03T06:28:27.083+0600][6.946s][info][gc,start    ] GC(15) Pause Young (Normal) (G1 Evacuation Pause)
[2026-04-03T06:28:27.083+0600][6.946s][info][gc,task     ] GC(15) Using 10 workers of 10 for evacuation
[2026-04-03T06:28:27.109+0600][6.971s][info][gc,phases   ] GC(15)   Pre Evacuate Collection Set: 0.17ms
[2026-04-03T06:28:27.109+0600][6.971s][info][gc,phases   ] GC(15)   Merge Heap Roots: 0.09ms
[2026-04-03T06:28:27.109+0600][6.971s][info][gc,phases   ] GC(15)   Evacuate Collection Set: 24.46ms
[2026-04-03T06:28:27.109+0600][6.971s][info][gc,phases   ] GC(15)   Post Evacuate Collection Set: 0.84ms
[2026-04-03T06:28:27.109+0600][6.971s][info][gc,phases   ] GC(15)   Other: 0.08ms
[2026-04-03T06:28:27.109+0600][6.972s][info][gc,heap     ] GC(15) Eden regions: 235->0(245)
[2026-04-03T06:28:27.109+0600][6.972s][info][gc,heap     ] GC(15) Survivor regions: 30->20(34)
[2026-04-03T06:28:27.109+0600][6.972s][info][gc,heap     ] GC(15) Old regions: 96->113
[2026-04-03T06:28:27.109+0600][6.972s][info][gc,heap     ] GC(15) Humongous regions: 0->0
[2026-04-03T06:28:27.109+0600][6.972s][info][gc,metaspace] GC(15) Metaspace: 8928K(9152K)->8928K(9152K) NonClass: 8084K(8192K)->8084K(8192K) Class: 843K(960K)->843K(960K)
[2026-04-03T06:28:27.109+0600][6.972s][info][gc          ] GC(15) Pause Young (Normal) (G1 Evacuation Pause) 719M->263M(884M) 26.007ms
[2026-04-03T06:28:27.109+0600][6.972s][info][gc,cpu      ] GC(15) User=0.25s Sys=0.00s Real=0.02s
[2026-04-03T06:28:27.633+0600][7.496s][info][gc,start    ] GC(16) Pause Young (Normal) (G1 Evacuation Pause)
[2026-04-03T06:28:27.633+0600][7.496s][info][gc,task     ] GC(16) Using 10 workers of 10 for evacuation
[2026-04-03T06:28:27.661+0600][7.523s][info][gc,phases   ] GC(16)   Pre Evacuate Collection Set: 0.18ms
[2026-04-03T06:28:27.661+0600][7.523s][info][gc,phases   ] GC(16)   Merge Heap Roots: 0.17ms
[2026-04-03T06:28:27.661+0600][7.523s][info][gc,phases   ] GC(16)   Evacuate Collection Set: 25.15ms
[2026-04-03T06:28:27.661+0600][7.523s][info][gc,phases   ] GC(16)   Post Evacuate Collection Set: 1.99ms
[2026-04-03T06:28:27.661+0600][7.523s][info][gc,phases   ] GC(16)   Other: 0.11ms
[2026-04-03T06:28:27.661+0600][7.524s][info][gc,heap     ] GC(16) Eden regions: 245->0(293)
[2026-04-03T06:28:27.661+0600][7.524s][info][gc,heap     ] GC(16) Survivor regions: 20->31(34)
[2026-04-03T06:28:27.661+0600][7.524s][info][gc,heap     ] GC(16) Old regions: 113->113
[2026-04-03T06:28:27.661+0600][7.524s][info][gc,heap     ] GC(16) Humongous regions: 0->0
[2026-04-03T06:28:27.661+0600][7.524s][info][gc,metaspace] GC(16) Metaspace: 8929K(9152K)->8929K(9152K) NonClass: 8084K(8192K)->8084K(8192K) Class: 844K(960K)->844K(960K)
[2026-04-03T06:28:27.661+0600][7.524s][info][gc          ] GC(16) Pause Young (Normal) (G1 Evacuation Pause) 753M->286M(1082M) 27.885ms
[2026-04-03T06:28:27.661+0600][7.524s][info][gc,cpu      ] GC(16) User=0.25s Sys=0.00s Real=0.02s
[2026-04-03T06:28:28.319+0600][8.182s][info][gc,start    ] GC(17) Pause Young (Normal) (G1 Evacuation Pause)
[2026-04-03T06:28:28.320+0600][8.182s][info][gc,task     ] GC(17) Using 10 workers of 10 for evacuation
[2026-04-03T06:28:28.363+0600][8.225s][info][gc,phases   ] GC(17)   Pre Evacuate Collection Set: 0.21ms
[2026-04-03T06:28:28.363+0600][8.225s][info][gc,phases   ] GC(17)   Merge Heap Roots: 0.19ms
[2026-04-03T06:28:28.363+0600][8.225s][info][gc,phases   ] GC(17)   Evacuate Collection Set: 41.85ms
[2026-04-03T06:28:28.363+0600][8.226s][info][gc,phases   ] GC(17)   Post Evacuate Collection Set: 0.99ms
[2026-04-03T06:28:28.363+0600][8.226s][info][gc,phases   ] GC(17)   Other: 0.15ms
[2026-04-03T06:28:28.363+0600][8.226s][info][gc,heap     ] GC(17) Eden regions: 293->0(283)
[2026-04-03T06:28:28.363+0600][8.226s][info][gc,heap     ] GC(17) Survivor regions: 31->41(41)
[2026-04-03T06:28:28.363+0600][8.226s][info][gc,heap     ] GC(17) Old regions: 113->123
[2026-04-03T06:28:28.363+0600][8.226s][info][gc,heap     ] GC(17) Humongous regions: 0->0
[2026-04-03T06:28:28.363+0600][8.226s][info][gc,metaspace] GC(17) Metaspace: 8929K(9152K)->8929K(9152K) NonClass: 8084K(8192K)->8084K(8192K) Class: 844K(960K)->844K(960K)
[2026-04-03T06:28:28.363+0600][8.226s][info][gc          ] GC(17) Pause Young (Normal) (G1 Evacuation Pause) 872M->326M(1082M) 43.712ms
[2026-04-03T06:28:28.363+0600][8.226s][info][gc,cpu      ] GC(17) User=0.42s Sys=0.00s Real=0.05s
[2026-04-03T06:28:28.832+0600][8.695s][info][gc,start    ] GC(18) Pause Young (Normal) (G1 Evacuation Pause)
[2026-04-03T06:28:28.832+0600][8.695s][info][gc,task     ] GC(18) Using 10 workers of 10 for evacuation
[2026-04-03T06:28:28.878+0600][8.740s][info][gc,phases   ] GC(18)   Pre Evacuate Collection Set: 0.18ms
[2026-04-03T06:28:28.878+0600][8.740s][info][gc,phases   ] GC(18)   Merge Heap Roots: 0.12ms
[2026-04-03T06:28:28.878+0600][8.740s][info][gc,phases   ] GC(18)   Evacuate Collection Set: 43.89ms
[2026-04-03T06:28:28.878+0600][8.740s][info][gc,phases   ] GC(18)   Post Evacuate Collection Set: 0.96ms
[2026-04-03T06:28:28.878+0600][8.740s][info][gc,phases   ] GC(18)   Other: 0.17ms
[2026-04-03T06:28:28.878+0600][8.740s][info][gc,heap     ] GC(18) Eden regions: 283->0(283)
[2026-04-03T06:28:28.878+0600][8.740s][info][gc,heap     ] GC(18) Survivor regions: 41->41(41)
[2026-04-03T06:28:28.878+0600][8.740s][info][gc,heap     ] GC(18) Old regions: 123->144
[2026-04-03T06:28:28.878+0600][8.740s][info][gc,heap     ] GC(18) Humongous regions: 0->0
[2026-04-03T06:28:28.878+0600][8.740s][info][gc,metaspace] GC(18) Metaspace: 8929K(9152K)->8929K(9152K) NonClass: 8084K(8192K)->8084K(8192K) Class: 844K(960K)->844K(960K)
[2026-04-03T06:28:28.878+0600][8.740s][info][gc          ] GC(18) Pause Young (Normal) (G1 Evacuation Pause) 892M->369M(1082M) 45.670ms
[2026-04-03T06:28:28.878+0600][8.740s][info][gc,cpu      ] GC(18) User=0.44s Sys=0.00s Real=0.05s
[2026-04-03T06:28:29.389+0600][9.251s][info][gc,start    ] GC(19) Pause Young (Normal) (G1 Evacuation Pause)
[2026-04-03T06:28:29.389+0600][9.251s][info][gc,task     ] GC(19) Using 10 workers of 10 for evacuation
[2026-04-03T06:28:29.416+0600][9.279s][info][gc,phases   ] GC(19)   Pre Evacuate Collection Set: 0.33ms
[2026-04-03T06:28:29.417+0600][9.279s][info][gc,phases   ] GC(19)   Merge Heap Roots: 0.13ms
[2026-04-03T06:28:29.417+0600][9.279s][info][gc,phases   ] GC(19)   Evacuate Collection Set: 26.44ms
[2026-04-03T06:28:29.417+0600][9.279s][info][gc,phases   ] GC(19)   Post Evacuate Collection Set: 0.80ms
[2026-04-03T06:28:29.417+0600][9.279s][info][gc,phases   ] GC(19)   Other: 0.12ms
[2026-04-03T06:28:29.417+0600][9.279s][info][gc,heap     ] GC(19) Eden regions: 283->0(301)
[2026-04-03T06:28:29.417+0600][9.279s][info][gc,heap     ] GC(19) Survivor regions: 41->23(41)
[2026-04-03T06:28:29.417+0600][9.279s][info][gc,heap     ] GC(19) Old regions: 144->162
[2026-04-03T06:28:29.417+0600][9.279s][info][gc,heap     ] GC(19) Humongous regions: 0->0
[2026-04-03T06:28:29.417+0600][9.279s][info][gc,metaspace] GC(19) Metaspace: 8929K(9152K)->8929K(9152K) NonClass: 8084K(8192K)->8084K(8192K) Class: 844K(960K)->844K(960K)
[2026-04-03T06:28:29.417+0600][9.279s][info][gc          ] GC(19) Pause Young (Normal) (G1 Evacuation Pause) 935M->369M(1082M) 28.140ms
[2026-04-03T06:28:29.417+0600][9.279s][info][gc,cpu      ] GC(19) User=0.27s Sys=0.00s Real=0.03s
[2026-04-03T06:28:30.244+0600][10.107s][info][gc,start    ] GC(20) Pause Young (Normal) (G1 Evacuation Pause)
[2026-04-03T06:28:30.244+0600][10.107s][info][gc,task     ] GC(20) Using 10 workers of 10 for evacuation
[2026-04-03T06:28:30.265+0600][10.127s][info][gc,phases   ] GC(20)   Pre Evacuate Collection Set: 0.28ms
[2026-04-03T06:28:30.265+0600][10.127s][info][gc,phases   ] GC(20)   Merge Heap Roots: 0.12ms
[2026-04-03T06:28:30.265+0600][10.127s][info][gc,phases   ] GC(20)   Evacuate Collection Set: 17.88ms
[2026-04-03T06:28:30.265+0600][10.127s][info][gc,phases   ] GC(20)   Post Evacuate Collection Set: 2.01ms
[2026-04-03T06:28:30.265+0600][10.127s][info][gc,phases   ] GC(20)   Other: 0.10ms
[2026-04-03T06:28:30.265+0600][10.127s][info][gc,heap     ] GC(20) Eden regions: 301->0(340)
[2026-04-03T06:28:30.265+0600][10.127s][info][gc,heap     ] GC(20) Survivor regions: 23->30(41)
[2026-04-03T06:28:30.265+0600][10.127s][info][gc,heap     ] GC(20) Old regions: 162->162
[2026-04-03T06:28:30.265+0600][10.127s][info][gc,heap     ] GC(20) Humongous regions: 0->0
[2026-04-03T06:28:30.265+0600][10.127s][info][gc,metaspace] GC(20) Metaspace: 9090K(9344K)->9090K(9344K) NonClass: 8242K(8384K)->8242K(8384K) Class: 848K(960K)->848K(960K)
[2026-04-03T06:28:30.265+0600][10.127s][info][gc          ] GC(20) Pause Young (Normal) (G1 Evacuation Pause) 971M->382M(1234M) 20.681ms
[2026-04-03T06:28:30.265+0600][10.127s][info][gc,cpu      ] GC(20) User=0.18s Sys=0.00s Real=0.02s
[2026-04-03T06:28:31.023+0600][10.886s][info][gc,start    ] GC(21) Pause Young (Normal) (G1 Evacuation Pause)
[2026-04-03T06:28:31.023+0600][10.886s][info][gc,task     ] GC(21) Using 10 workers of 10 for evacuation
[2026-04-03T06:28:31.046+0600][10.909s][info][gc,phases   ] GC(21)   Pre Evacuate Collection Set: 0.24ms
[2026-04-03T06:28:31.046+0600][10.909s][info][gc,phases   ] GC(21)   Merge Heap Roots: 0.12ms
[2026-04-03T06:28:31.046+0600][10.909s][info][gc,phases   ] GC(21)   Evacuate Collection Set: 21.00ms
[2026-04-03T06:28:31.046+0600][10.909s][info][gc,phases   ] GC(21)   Post Evacuate Collection Set: 1.27ms
[2026-04-03T06:28:31.046+0600][10.909s][info][gc,phases   ] GC(21)   Other: 0.15ms
[2026-04-03T06:28:31.046+0600][10.909s][info][gc,heap     ] GC(21) Eden regions: 340->0(344)
[2026-04-03T06:28:31.046+0600][10.909s][info][gc,heap     ] GC(21) Survivor regions: 30->26(47)
[2026-04-03T06:28:31.046+0600][10.909s][info][gc,heap     ] GC(21) Old regions: 162->172
[2026-04-03T06:28:31.046+0600][10.909s][info][gc,heap     ] GC(21) Humongous regions: 0->0
[2026-04-03T06:28:31.046+0600][10.909s][info][gc,metaspace] GC(21) Metaspace: 9092K(9344K)->9092K(9344K) NonClass: 8244K(8384K)->8244K(8384K) Class: 848K(960K)->848K(960K)
[2026-04-03T06:28:31.046+0600][10.909s][info][gc          ] GC(21) Pause Young (Normal) (G1 Evacuation Pause) 1062M->392M(1234M) 23.162ms
[2026-04-03T06:28:31.046+0600][10.909s][info][gc,cpu      ] GC(21) User=0.22s Sys=0.00s Real=0.02s
[2026-04-03T06:28:31.827+0600][11.690s][info][gc,start    ] GC(22) Pause Young (Normal) (G1 Evacuation Pause)
[2026-04-03T06:28:31.828+0600][11.690s][info][gc,task     ] GC(22) Using 10 workers of 10 for evacuation
[2026-04-03T06:28:31.846+0600][11.708s][info][gc,phases   ] GC(22)   Pre Evacuate Collection Set: 0.34ms
[2026-04-03T06:28:31.846+0600][11.708s][info][gc,phases   ] GC(22)   Merge Heap Roots: 0.15ms
[2026-04-03T06:28:31.846+0600][11.708s][info][gc,phases   ] GC(22)   Evacuate Collection Set: 16.64ms
[2026-04-03T06:28:31.846+0600][11.708s][info][gc,phases   ] GC(22)   Post Evacuate Collection Set: 1.15ms
[2026-04-03T06:28:31.846+0600][11.709s][info][gc,phases   ] GC(22)   Other: 0.10ms
[2026-04-03T06:28:31.846+0600][11.709s][info][gc,heap     ] GC(22) Eden regions: 344->0(342)
[2026-04-03T06:28:31.846+0600][11.709s][info][gc,heap     ] GC(22) Survivor regions: 26->28(47)
[2026-04-03T06:28:31.846+0600][11.709s][info][gc,heap     ] GC(22) Old regions: 172->172
[2026-04-03T06:28:31.846+0600][11.709s][info][gc,heap     ] GC(22) Humongous regions: 0->0
[2026-04-03T06:28:31.846+0600][11.709s][info][gc,metaspace] GC(22) Metaspace: 9127K(9408K)->9127K(9408K) NonClass: 8278K(8448K)->8278K(8448K) Class: 848K(960K)->848K(960K)
[2026-04-03T06:28:31.846+0600][11.709s][info][gc          ] GC(22) Pause Young (Normal) (G1 Evacuation Pause) 1080M->397M(1234M) 18.732ms
[2026-04-03T06:28:31.846+0600][11.709s][info][gc,cpu      ] GC(22) User=0.16s Sys=0.00s Real=0.02s
[2026-04-03T06:28:32.213+0600][12.076s][info][gc,start    ] GC(23) Pause Young (Normal) (G1 Evacuation Pause)
[2026-04-03T06:28:32.213+0600][12.076s][info][gc,task     ] GC(23) Using 10 workers of 10 for evacuation
[2026-04-03T06:28:32.267+0600][12.130s][info][gc,phases   ] GC(23)   Pre Evacuate Collection Set: 0.17ms
[2026-04-03T06:28:32.268+0600][12.130s][info][gc,phases   ] GC(23)   Merge Heap Roots: 0.15ms
[2026-04-03T06:28:32.268+0600][12.130s][info][gc,phases   ] GC(23)   Evacuate Collection Set: 52.22ms
[2026-04-03T06:28:32.268+0600][12.130s][info][gc,phases   ] GC(23)   Post Evacuate Collection Set: 1.47ms
[2026-04-03T06:28:32.268+0600][12.130s][info][gc,phases   ] GC(23)   Other: 0.11ms
[2026-04-03T06:28:32.268+0600][12.130s][info][gc,heap     ] GC(23) Eden regions: 342->0(319)
[2026-04-03T06:28:32.268+0600][12.130s][info][gc,heap     ] GC(23) Survivor regions: 28->47(47)
[2026-04-03T06:28:32.268+0600][12.130s][info][gc,heap     ] GC(23) Old regions: 172->190
[2026-04-03T06:28:32.268+0600][12.130s][info][gc,heap     ] GC(23) Humongous regions: 0->0
[2026-04-03T06:28:32.268+0600][12.130s][info][gc,metaspace] GC(23) Metaspace: 9127K(9408K)->9127K(9408K) NonClass: 8278K(8448K)->8278K(8448K) Class: 848K(960K)->848K(960K)
[2026-04-03T06:28:32.268+0600][12.130s][info][gc          ] GC(23) Pause Young (Normal) (G1 Evacuation Pause) 1081M->471M(1234M) 54.444ms
[2026-04-03T06:28:32.268+0600][12.130s][info][gc,cpu      ] GC(23) User=0.52s Sys=0.00s Real=0.05s
[2026-04-03T06:28:33.044+0600][12.906s][info][gc,start    ] GC(24) Pause Young (Normal) (G1 Evacuation Pause)
[2026-04-03T06:28:33.044+0600][12.907s][info][gc,task     ] GC(24) Using 10 workers of 10 for evacuation
[2026-04-03T06:28:33.105+0600][12.967s][info][gc,phases   ] GC(24)   Pre Evacuate Collection Set: 0.21ms
[2026-04-03T06:28:33.105+0600][12.967s][info][gc,phases   ] GC(24)   Merge Heap Roots: 0.31ms
[2026-04-03T06:28:33.105+0600][12.967s][info][gc,phases   ] GC(24)   Evacuate Collection Set: 59.24ms
[2026-04-03T06:28:33.105+0600][12.967s][info][gc,phases   ] GC(24)   Post Evacuate Collection Set: 0.67ms
[2026-04-03T06:28:33.105+0600][12.967s][info][gc,phases   ] GC(24)   Other: 0.10ms
[2026-04-03T06:28:33.105+0600][12.967s][info][gc,heap     ] GC(24) Eden regions: 319->0(302)
[2026-04-03T06:28:33.105+0600][12.967s][info][gc,heap     ] GC(24) Survivor regions: 47->26(46)
[2026-04-03T06:28:33.105+0600][12.967s][info][gc,heap     ] GC(24) Old regions: 190->239
[2026-04-03T06:28:33.105+0600][12.967s][info][gc,heap     ] GC(24) Humongous regions: 4->4
[2026-04-03T06:28:33.105+0600][12.967s][info][gc,metaspace] GC(24) Metaspace: 9153K(9408K)->9153K(9408K) NonClass: 8304K(8448K)->8304K(8448K) Class: 848K(960K)->848K(960K)
[2026-04-03T06:28:33.105+0600][12.967s][info][gc          ] GC(24) Pause Young (Normal) (G1 Evacuation Pause) 1117M->535M(1270M) 60.815ms
[2026-04-03T06:28:33.105+0600][12.967s][info][gc,cpu      ] GC(24) User=0.55s Sys=0.04s Real=0.06s
[2026-04-03T06:28:33.768+0600][13.630s][info][gc,start    ] GC(25) Pause Young (Normal) (G1 Evacuation Pause)
[2026-04-03T06:28:33.768+0600][13.630s][info][gc,task     ] GC(25) Using 10 workers of 10 for evacuation
[2026-04-03T06:28:33.788+0600][13.650s][info][gc,phases   ] GC(25)   Pre Evacuate Collection Set: 0.29ms
[2026-04-03T06:28:33.788+0600][13.650s][info][gc,phases   ] GC(25)   Merge Heap Roots: 0.17ms
[2026-04-03T06:28:33.788+0600][13.650s][info][gc,phases   ] GC(25)   Evacuate Collection Set: 18.13ms
[2026-04-03T06:28:33.788+0600][13.650s][info][gc,phases   ] GC(25)   Post Evacuate Collection Set: 1.44ms
[2026-04-03T06:28:33.788+0600][13.650s][info][gc,phases   ] GC(25)   Other: 0.10ms
[2026-04-03T06:28:33.788+0600][13.650s][info][gc,heap     ] GC(25) Eden regions: 302->0(310)
[2026-04-03T06:28:33.788+0600][13.650s][info][gc,heap     ] GC(25) Survivor regions: 26->6(41)
[2026-04-03T06:28:33.788+0600][13.650s][info][gc,heap     ] GC(25) Old regions: 239->263
[2026-04-03T06:28:33.788+0600][13.650s][info][gc,heap     ] GC(25) Humongous regions: 4->4
[2026-04-03T06:28:33.788+0600][13.650s][info][gc,metaspace] GC(25) Metaspace: 9153K(9408K)->9153K(9408K) NonClass: 8304K(8448K)->8304K(8448K) Class: 848K(960K)->848K(960K)
[2026-04-03T06:28:33.788+0600][13.651s][info][gc          ] GC(25) Pause Young (Normal) (G1 Evacuation Pause) 1139M->544M(1270M) 20.438ms
[2026-04-03T06:28:33.788+0600][13.651s][info][gc,cpu      ] GC(25) User=0.17s Sys=0.01s Real=0.02s
[2026-04-03T06:28:34.680+0600][14.542s][info][gc,start    ] GC(26) Pause Young (Normal) (G1 Evacuation Pause)
[2026-04-03T06:28:34.680+0600][14.542s][info][gc,task     ] GC(26) Using 10 workers of 10 for evacuation
[2026-04-03T06:28:34.711+0600][14.574s][info][gc,phases   ] GC(26)   Pre Evacuate Collection Set: 0.30ms
[2026-04-03T06:28:34.711+0600][14.574s][info][gc,phases   ] GC(26)   Merge Heap Roots: 0.15ms
[2026-04-03T06:28:34.711+0600][14.574s][info][gc,phases   ] GC(26)   Evacuate Collection Set: 29.65ms
[2026-04-03T06:28:34.711+0600][14.574s][info][gc,phases   ] GC(26)   Post Evacuate Collection Set: 1.05ms
[2026-04-03T06:28:34.711+0600][14.574s][info][gc,phases   ] GC(26)   Other: 0.10ms
[2026-04-03T06:28:34.711+0600][14.574s][info][gc,heap     ] GC(26) Eden regions: 310->0(278)
[2026-04-03T06:28:34.711+0600][14.574s][info][gc,heap     ] GC(26) Survivor regions: 6->32(40)
[2026-04-03T06:28:34.711+0600][14.574s][info][gc,heap     ] GC(26) Old regions: 263->263
[2026-04-03T06:28:34.711+0600][14.574s][info][gc,heap     ] GC(26) Humongous regions: 4->4
[2026-04-03T06:28:34.711+0600][14.574s][info][gc,metaspace] GC(26) Metaspace: 9153K(9408K)->9153K(9408K) NonClass: 8304K(8448K)->8304K(8448K) Class: 848K(960K)->848K(960K)
[2026-04-03T06:28:34.711+0600][14.574s][info][gc          ] GC(26) Pause Young (Normal) (G1 Evacuation Pause) 1164M->597M(1270M) 31.620ms
[2026-04-03T06:28:34.711+0600][14.574s][info][gc,cpu      ] GC(26) User=0.29s Sys=0.00s Real=0.03s
[2026-04-03T06:28:35.550+0600][15.412s][info][gc,start    ] GC(27) Pause Young (Normal) (G1 Evacuation Pause)
[2026-04-03T06:28:35.550+0600][15.412s][info][gc,task     ] GC(27) Using 10 workers of 10 for evacuation
[2026-04-03T06:28:35.606+0600][15.469s][info][gc,phases   ] GC(27)   Pre Evacuate Collection Set: 0.21ms
[2026-04-03T06:28:35.606+0600][15.469s][info][gc,phases   ] GC(27)   Merge Heap Roots: 0.19ms
[2026-04-03T06:28:35.606+0600][15.469s][info][gc,phases   ] GC(27)   Evacuate Collection Set: 55.15ms
[2026-04-03T06:28:35.606+0600][15.469s][info][gc,phases   ] GC(27)   Post Evacuate Collection Set: 0.79ms
[2026-04-03T06:28:35.606+0600][15.469s][info][gc,phases   ] GC(27)   Other: 0.09ms
[2026-04-03T06:28:35.606+0600][15.469s][info][gc,heap     ] GC(27) Eden regions: 278->0(247)
[2026-04-03T06:28:35.606+0600][15.469s][info][gc,heap     ] GC(27) Survivor regions: 32->34(39)
[2026-04-03T06:28:35.606+0600][15.469s][info][gc,heap     ] GC(27) Old regions: 263->295
[2026-04-03T06:28:35.606+0600][15.469s][info][gc,heap     ] GC(27) Humongous regions: 8->8
[2026-04-03T06:28:35.606+0600][15.469s][info][gc,metaspace] GC(27) Metaspace: 9153K(9408K)->9153K(9408K) NonClass: 8304K(8448K)->8304K(8448K) Class: 848K(960K)->848K(960K)
[2026-04-03T06:28:35.606+0600][15.469s][info][gc          ] GC(27) Pause Young (Normal) (G1 Evacuation Pause) 1161M->672M(1294M) 56.747ms
[2026-04-03T06:28:35.606+0600][15.469s][info][gc,cpu      ] GC(27) User=0.53s Sys=0.02s Real=0.06s
[2026-04-03T06:28:36.292+0600][16.155s][info][gc,start    ] GC(28) Pause Young (Concurrent Start) (G1 Evacuation Pause)
[2026-04-03T06:28:36.292+0600][16.155s][info][gc,task     ] GC(28) Using 10 workers of 10 for evacuation
[2026-04-03T06:28:36.324+0600][16.186s][info][gc,phases   ] GC(28)   Pre Evacuate Collection Set: 0.45ms
[2026-04-03T06:28:36.324+0600][16.186s][info][gc,phases   ] GC(28)   Merge Heap Roots: 0.33ms
[2026-04-03T06:28:36.324+0600][16.186s][info][gc,phases   ] GC(28)   Evacuate Collection Set: 29.39ms
[2026-04-03T06:28:36.324+0600][16.186s][info][gc,phases   ] GC(28)   Post Evacuate Collection Set: 1.01ms
[2026-04-03T06:28:36.324+0600][16.186s][info][gc,phases   ] GC(28)   Other: 0.27ms
[2026-04-03T06:28:36.324+0600][16.186s][info][gc,heap     ] GC(28) Eden regions: 247->0(258)
[2026-04-03T06:28:36.324+0600][16.186s][info][gc,heap     ] GC(28) Survivor regions: 34->5(36)
[2026-04-03T06:28:36.324+0600][16.186s][info][gc,heap     ] GC(28) Old regions: 295->324
[2026-04-03T06:28:36.324+0600][16.187s][info][gc,heap     ] GC(28) Humongous regions: 8->8
[2026-04-03T06:28:36.324+0600][16.187s][info][gc,metaspace] GC(28) Metaspace: 9251K(9472K)->9251K(9472K) NonClass: 8392K(8512K)->8392K(8512K) Class: 858K(960K)->858K(960K)
[2026-04-03T06:28:36.324+0600][16.187s][info][gc          ] GC(28) Pause Young (Concurrent Start) (G1 Evacuation Pause) 1166M->671M(1294M) 31.847ms
[2026-04-03T06:28:36.324+0600][16.187s][info][gc,cpu      ] GC(28) User=0.33s Sys=0.00s Real=0.04s
[2026-04-03T06:28:36.324+0600][16.187s][info][gc          ] GC(29) Concurrent Mark Cycle
[2026-04-03T06:28:36.324+0600][16.187s][info][gc,marking  ] GC(29) Concurrent Scan Root Regions
[2026-04-03T06:28:36.352+0600][16.214s][info][gc,marking  ] GC(29) Concurrent Scan Root Regions 27.337ms
[2026-04-03T06:28:36.352+0600][16.214s][info][gc,marking  ] GC(29) Concurrent Mark
[2026-04-03T06:28:36.352+0600][16.214s][info][gc,marking  ] GC(29) Concurrent Mark From Roots
[2026-04-03T06:28:36.352+0600][16.214s][info][gc,task     ] GC(29) Using 3 workers of 3 for marking
[2026-04-03T06:28:36.352+0600][16.214s][info][gc,marking  ] GC(29) Concurrent Mark From Roots 0.175ms
[2026-04-03T06:28:36.352+0600][16.214s][info][gc,marking  ] GC(29) Concurrent Mark Abort
[2026-04-03T06:28:36.352+0600][16.215s][info][gc          ] GC(29) Concurrent Mark Cycle 27.908ms
[2026-04-03T06:28:36.352+0600][16.215s][info][gc,heap,exit] Heap
[2026-04-03T06:28:36.352+0600][16.215s][info][gc,heap,exit]  garbage-first heap   total 1325056K, used 704502K [0x000000070ae00000, 0x0000000800000000)
[2026-04-03T06:28:36.352+0600][16.215s][info][gc,heap,exit]   region size 2048K, 13 young (26624K), 5 survivors (10240K)
[2026-04-03T06:28:36.352+0600][16.215s][info][gc,heap,exit]  Metaspace       used 9252K, committed 9472K, reserved 1114112K
[2026-04-03T06:28:36.352+0600][16.215s][info][gc,heap,exit]   class space    used 858K, committed 960K, reserved 1048576K
