[2026-04-03T06:30:00.178+0600][0.006s][info][gc,init] CardTable entry size: 512
[2026-04-03T06:30:00.178+0600][0.007s][info][gc     ] Using G1
[2026-04-03T06:30:00.182+0600][0.010s][info][gc,init] Version: 21.0.10+7-Ubuntu-124.04 (release)
[2026-04-03T06:30:00.182+0600][0.010s][info][gc,init] CPUs: 12 total, 12 available
[2026-04-03T06:30:00.182+0600][0.010s][info][gc,init] Memory: 15683M
[2026-04-03T06:30:00.182+0600][0.010s][info][gc,init] Large Page Support: Disabled
[2026-04-03T06:30:00.182+0600][0.010s][info][gc,init] NUMA Support: Disabled
[2026-04-03T06:30:00.182+0600][0.010s][info][gc,init] Compressed Oops: Enabled (Zero based)
[2026-04-03T06:30:00.182+0600][0.010s][info][gc,init] Heap Region Size: 2M
[2026-04-03T06:30:00.182+0600][0.010s][info][gc,init] Heap Min Capacity: 8M
[2026-04-03T06:30:00.182+0600][0.010s][info][gc,init] Heap Initial Capacity: 246M
[2026-04-03T06:30:00.182+0600][0.010s][info][gc,init] Heap Max Capacity: 3922M
[2026-04-03T06:30:00.182+0600][0.010s][info][gc,init] Pre-touch: Disabled
[2026-04-03T06:30:00.182+0600][0.010s][info][gc,init] Parallel Workers: 10
[2026-04-03T06:30:00.182+0600][0.010s][info][gc,init] Concurrent Workers: 3
[2026-04-03T06:30:00.182+0600][0.010s][info][gc,init] Concurrent Refinement Workers: 10
[2026-04-03T06:30:00.182+0600][0.010s][info][gc,init] Periodic GC: Disabled
[2026-04-03T06:30:00.197+0600][0.025s][info][gc,metaspace] CDS archive(s) mapped at: [0x0000785f73000000-0x0000785f73c9c000-0x0000785f73c9c000), size 13221888, SharedBaseAddress: 0x0000785f73000000, ArchiveRelocationMode: 1.
[2026-04-03T06:30:00.197+0600][0.026s][info][gc,metaspace] Compressed class space mapped at: 0x0000785f74000000-0x0000785fb4000000, reserved size: 1073741824
[2026-04-03T06:30:00.197+0600][0.026s][info][gc,metaspace] Narrow klass base: 0x0000785f73000000, Narrow klass shift: 0, Narrow klass range: 0x100000000
[2026-04-03T06:30:00.954+0600][0.783s][info][gc,start    ] GC(0) Pause Young (Normal) (G1 Evacuation Pause)
[2026-04-03T06:30:00.955+0600][0.784s][info][gc,task     ] GC(0) Using 5 workers of 10 for evacuation
[2026-04-03T06:30:00.960+0600][0.788s][info][gc,phases   ] GC(0)   Pre Evacuate Collection Set: 0.20ms
[2026-04-03T06:30:00.960+0600][0.788s][info][gc,phases   ] GC(0)   Merge Heap Roots: 0.13ms
[2026-04-03T06:30:00.960+0600][0.788s][info][gc,phases   ] GC(0)   Evacuate Collection Set: 3.34ms
[2026-04-03T06:30:00.960+0600][0.788s][info][gc,phases   ] GC(0)   Post Evacuate Collection Set: 0.84ms
[2026-04-03T06:30:00.960+0600][0.788s][info][gc,phases   ] GC(0)   Other: 0.70ms
[2026-04-03T06:30:00.960+0600][0.788s][info][gc,heap     ] GC(0) Eden regions: 11->0(17)
[2026-04-03T06:30:00.960+0600][0.788s][info][gc,heap     ] GC(0) Survivor regions: 0->2(2)
[2026-04-03T06:30:00.960+0600][0.788s][info][gc,heap     ] GC(0) Old regions: 1->2
[2026-04-03T06:30:00.960+0600][0.788s][info][gc,heap     ] GC(0) Humongous regions: 0->0
[2026-04-03T06:30:00.960+0600][0.788s][info][gc,metaspace] GC(0) Metaspace: 8458K(8640K)->8458K(8640K) NonClass: 7626K(7744K)->7626K(7744K) Class: 831K(896K)->831K(896K)
[2026-04-03T06:30:00.960+0600][0.788s][info][gc          ] GC(0) Pause Young (Normal) (G1 Evacuation Pause) 23M->5M(248M) 5.633ms
[2026-04-03T06:30:00.960+0600][0.788s][info][gc,cpu      ] GC(0) User=0.02s Sys=0.00s Real=0.00s
[2026-04-03T06:30:01.273+0600][1.102s][info][gc,start    ] GC(1) Pause Young (Normal) (G1 Evacuation Pause)
[2026-04-03T06:30:01.273+0600][1.102s][info][gc,task     ] GC(1) Using 5 workers of 10 for evacuation
[2026-04-03T06:30:01.282+0600][1.111s][info][gc,phases   ] GC(1)   Pre Evacuate Collection Set: 0.26ms
[2026-04-03T06:30:01.282+0600][1.111s][info][gc,phases   ] GC(1)   Merge Heap Roots: 0.16ms
[2026-04-03T06:30:01.282+0600][1.111s][info][gc,phases   ] GC(1)   Evacuate Collection Set: 7.40ms
[2026-04-03T06:30:01.282+0600][1.111s][info][gc,phases   ] GC(1)   Post Evacuate Collection Set: 0.68ms
[2026-04-03T06:30:01.282+0600][1.111s][info][gc,phases   ] GC(1)   Other: 0.11ms
[2026-04-03T06:30:01.282+0600][1.111s][info][gc,heap     ] GC(1) Eden regions: 17->0(62)
[2026-04-03T06:30:01.282+0600][1.111s][info][gc,heap     ] GC(1) Survivor regions: 2->2(3)
[2026-04-03T06:30:01.282+0600][1.111s][info][gc,heap     ] GC(1) Old regions: 2->4
[2026-04-03T06:30:01.282+0600][1.111s][info][gc,heap     ] GC(1) Humongous regions: 0->0
[2026-04-03T06:30:01.282+0600][1.111s][info][gc,metaspace] GC(1) Metaspace: 8593K(8832K)->8593K(8832K) NonClass: 7758K(7872K)->7758K(7872K) Class: 835K(960K)->835K(960K)
[2026-04-03T06:30:01.282+0600][1.111s][info][gc          ] GC(1) Pause Young (Normal) (G1 Evacuation Pause) 39M->8M(248M) 9.085ms
[2026-04-03T06:30:01.282+0600][1.111s][info][gc,cpu      ] GC(1) User=0.05s Sys=0.01s Real=0.00s
[2026-04-03T06:30:02.265+0600][2.094s][info][gc,start    ] GC(2) Pause Young (Normal) (G1 Evacuation Pause)
[2026-04-03T06:30:02.266+0600][2.094s][info][gc,task     ] GC(2) Using 5 workers of 10 for evacuation
[2026-04-03T06:30:02.281+0600][2.110s][info][gc,phases   ] GC(2)   Pre Evacuate Collection Set: 0.19ms
[2026-04-03T06:30:02.281+0600][2.110s][info][gc,phases   ] GC(2)   Merge Heap Roots: 0.10ms
[2026-04-03T06:30:02.281+0600][2.110s][info][gc,phases   ] GC(2)   Evacuate Collection Set: 14.66ms
[2026-04-03T06:30:02.281+0600][2.110s][info][gc,phases   ] GC(2)   Post Evacuate Collection Set: 0.54ms
[2026-04-03T06:30:02.281+0600][2.110s][info][gc,phases   ] GC(2)   Other: 0.21ms
[2026-04-03T06:30:02.281+0600][2.110s][info][gc,heap     ] GC(2) Eden regions: 62->0(66)
[2026-04-03T06:30:02.281+0600][2.110s][info][gc,heap     ] GC(2) Survivor regions: 2->7(8)
[2026-04-03T06:30:02.281+0600][2.110s][info][gc,heap     ] GC(2) Old regions: 4->4
[2026-04-03T06:30:02.282+0600][2.110s][info][gc,heap     ] GC(2) Humongous regions: 0->0
[2026-04-03T06:30:02.282+0600][2.110s][info][gc,metaspace] GC(2) Metaspace: 8735K(8960K)->8735K(8960K) NonClass: 7891K(8000K)->7891K(8000K) Class: 843K(960K)->843K(960K)
[2026-04-03T06:30:02.282+0600][2.110s][info][gc          ] GC(2) Pause Young (Normal) (G1 Evacuation Pause) 132M->20M(248M) 16.185ms
[2026-04-03T06:30:02.282+0600][2.110s][info][gc,cpu      ] GC(2) User=0.09s Sys=0.01s Real=0.01s
[2026-04-03T06:30:02.537+0600][2.366s][info][gc,start    ] GC(3) Pause Young (Normal) (G1 Evacuation Pause)
[2026-04-03T06:30:02.537+0600][2.366s][info][gc,task     ] GC(3) Using 5 workers of 10 for evacuation
[2026-04-03T06:30:02.558+0600][2.387s][info][gc,phases   ] GC(3)   Pre Evacuate Collection Set: 0.13ms
[2026-04-03T06:30:02.558+0600][2.387s][info][gc,phases   ] GC(3)   Merge Heap Roots: 0.07ms
[2026-04-03T06:30:02.558+0600][2.387s][info][gc,phases   ] GC(3)   Evacuate Collection Set: 19.74ms
[2026-04-03T06:30:02.558+0600][2.387s][info][gc,phases   ] GC(3)   Post Evacuate Collection Set: 0.63ms
[2026-04-03T06:30:02.558+0600][2.387s][info][gc,phases   ] GC(3)   Other: 0.13ms
[2026-04-03T06:30:02.558+0600][2.387s][info][gc,heap     ] GC(3) Eden regions: 66->0(67)
[2026-04-03T06:30:02.558+0600][2.387s][info][gc,heap     ] GC(3) Survivor regions: 7->6(10)
[2026-04-03T06:30:02.558+0600][2.387s][info][gc,heap     ] GC(3) Old regions: 4->10
[2026-04-03T06:30:02.558+0600][2.387s][info][gc,heap     ] GC(3) Humongous regions: 0->0
[2026-04-03T06:30:02.558+0600][2.387s][info][gc,metaspace] GC(3) Metaspace: 8766K(9024K)->8766K(9024K) NonClass: 7922K(8064K)->7922K(8064K) Class: 843K(960K)->843K(960K)
[2026-04-03T06:30:02.558+0600][2.387s][info][gc          ] GC(3) Pause Young (Normal) (G1 Evacuation Pause) 152M->29M(248M) 21.084ms
[2026-04-03T06:30:02.558+0600][2.387s][info][gc,cpu      ] GC(3) User=0.10s Sys=0.02s Real=0.02s
[2026-04-03T06:30:02.780+0600][2.609s][info][gc,start    ] GC(4) Pause Young (Normal) (G1 Evacuation Pause)
[2026-04-03T06:30:02.781+0600][2.609s][info][gc,task     ] GC(4) Using 5 workers of 10 for evacuation
[2026-04-03T06:30:02.797+0600][2.625s][info][gc,phases   ] GC(4)   Pre Evacuate Collection Set: 0.28ms
[2026-04-03T06:30:02.797+0600][2.625s][info][gc,phases   ] GC(4)   Merge Heap Roots: 0.08ms
[2026-04-03T06:30:02.797+0600][2.625s][info][gc,phases   ] GC(4)   Evacuate Collection Set: 15.19ms
[2026-04-03T06:30:02.797+0600][2.625s][info][gc,phases   ] GC(4)   Post Evacuate Collection Set: 0.55ms
[2026-04-03T06:30:02.797+0600][2.625s][info][gc,phases   ] GC(4)   Other: 0.10ms
[2026-04-03T06:30:02.797+0600][2.625s][info][gc,heap     ] GC(4) Eden regions: 67->0(63)
[2026-04-03T06:30:02.797+0600][2.625s][info][gc,heap     ] GC(4) Survivor regions: 6->10(10)
[2026-04-03T06:30:02.797+0600][2.625s][info][gc,heap     ] GC(4) Old regions: 10->10
[2026-04-03T06:30:02.797+0600][2.625s][info][gc,heap     ] GC(4) Humongous regions: 0->0
[2026-04-03T06:30:02.797+0600][2.625s][info][gc,metaspace] GC(4) Metaspace: 8777K(9024K)->8777K(9024K) NonClass: 7934K(8064K)->7934K(8064K) Class: 843K(960K)->843K(960K)
[2026-04-03T06:30:02.797+0600][2.626s][info][gc          ] GC(4) Pause Young (Normal) (G1 Evacuation Pause) 163M->38M(248M) 16.584ms
[2026-04-03T06:30:02.797+0600][2.626s][info][gc,cpu      ] GC(4) User=0.09s Sys=0.01s Real=0.02s
[2026-04-03T06:30:02.963+0600][2.792s][info][gc,start    ] GC(5) Pause Young (Normal) (G1 Evacuation Pause)
[2026-04-03T06:30:02.963+0600][2.792s][info][gc,task     ] GC(5) Using 5 workers of 10 for evacuation
[2026-04-03T06:30:02.985+0600][2.813s][info][gc,phases   ] GC(5)   Pre Evacuate Collection Set: 0.23ms
[2026-04-03T06:30:02.985+0600][2.814s][info][gc,phases   ] GC(5)   Merge Heap Roots: 0.08ms
[2026-04-03T06:30:02.985+0600][2.814s][info][gc,phases   ] GC(5)   Evacuate Collection Set: 20.28ms
[2026-04-03T06:30:02.985+0600][2.814s][info][gc,phases   ] GC(5)   Post Evacuate Collection Set: 0.98ms
[2026-04-03T06:30:02.985+0600][2.814s][info][gc,phases   ] GC(5)   Other: 0.09ms
[2026-04-03T06:30:02.985+0600][2.814s][info][gc,heap     ] GC(5) Eden regions: 63->0(99)
[2026-04-03T06:30:02.985+0600][2.814s][info][gc,heap     ] GC(5) Survivor regions: 10->10(10)
[2026-04-03T06:30:02.985+0600][2.814s][info][gc,heap     ] GC(5) Old regions: 10->15
[2026-04-03T06:30:02.985+0600][2.814s][info][gc,heap     ] GC(5) Humongous regions: 0->0
[2026-04-03T06:30:02.985+0600][2.814s][info][gc,metaspace] GC(5) Metaspace: 8779K(9024K)->8779K(9024K) NonClass: 7935K(8064K)->7935K(8064K) Class: 843K(960K)->843K(960K)
[2026-04-03T06:30:02.985+0600][2.814s][info][gc          ] GC(5) Pause Young (Normal) (G1 Evacuation Pause) 164M->49M(366M) 21.925ms
[2026-04-03T06:30:02.985+0600][2.814s][info][gc,cpu      ] GC(5) User=0.12s Sys=0.01s Real=0.02s
[2026-04-03T06:30:03.342+0600][3.171s][info][gc,start    ] GC(6) Pause Young (Normal) (G1 Evacuation Pause)
[2026-04-03T06:30:03.343+0600][3.172s][info][gc,task     ] GC(6) Using 8 workers of 10 for evacuation
[2026-04-03T06:30:03.360+0600][3.189s][info][gc,phases   ] GC(6)   Pre Evacuate Collection Set: 0.16ms
[2026-04-03T06:30:03.360+0600][3.189s][info][gc,phases   ] GC(6)   Merge Heap Roots: 0.06ms
[2026-04-03T06:30:03.360+0600][3.189s][info][gc,phases   ] GC(6)   Evacuate Collection Set: 16.02ms
[2026-04-03T06:30:03.360+0600][3.189s][info][gc,phases   ] GC(6)   Post Evacuate Collection Set: 0.54ms
[2026-04-03T06:30:03.360+0600][3.189s][info][gc,phases   ] GC(6)   Other: 0.77ms
[2026-04-03T06:30:03.360+0600][3.189s][info][gc,heap     ] GC(6) Eden regions: 99->0(96)
[2026-04-03T06:30:03.360+0600][3.189s][info][gc,heap     ] GC(6) Survivor regions: 10->13(14)
[2026-04-03T06:30:03.360+0600][3.189s][info][gc,heap     ] GC(6) Old regions: 15->20
[2026-04-03T06:30:03.360+0600][3.189s][info][gc,heap     ] GC(6) Humongous regions: 0->0
[2026-04-03T06:30:03.360+0600][3.189s][info][gc,metaspace] GC(6) Metaspace: 8782K(9024K)->8782K(9024K) NonClass: 7938K(8064K)->7938K(8064K) Class: 843K(960K)->843K(960K)
[2026-04-03T06:30:03.360+0600][3.189s][info][gc          ] GC(6) Pause Young (Normal) (G1 Evacuation Pause) 247M->65M(366M) 17.881ms
[2026-04-03T06:30:03.360+0600][3.189s][info][gc,cpu      ] GC(6) User=0.12s Sys=0.02s Real=0.02s
[2026-04-03T06:30:03.632+0600][3.461s][info][gc,start    ] GC(7) Pause Young (Normal) (G1 Evacuation Pause)
[2026-04-03T06:30:03.632+0600][3.461s][info][gc,task     ] GC(7) Using 8 workers of 10 for evacuation
[2026-04-03T06:30:03.655+0600][3.483s][info][gc,phases   ] GC(7)   Pre Evacuate Collection Set: 0.18ms
[2026-04-03T06:30:03.655+0600][3.484s][info][gc,phases   ] GC(7)   Merge Heap Roots: 0.10ms
[2026-04-03T06:30:03.655+0600][3.484s][info][gc,phases   ] GC(7)   Evacuate Collection Set: 21.34ms
[2026-04-03T06:30:03.655+0600][3.484s][info][gc,phases   ] GC(7)   Post Evacuate Collection Set: 0.84ms
[2026-04-03T06:30:03.655+0600][3.484s][info][gc,phases   ] GC(7)   Other: 0.08ms
[2026-04-03T06:30:03.655+0600][3.484s][info][gc,heap     ] GC(7) Eden regions: 96->0(100)
[2026-04-03T06:30:03.655+0600][3.484s][info][gc,heap     ] GC(7) Survivor regions: 13->9(14)
[2026-04-03T06:30:03.655+0600][3.484s][info][gc,heap     ] GC(7) Old regions: 20->33
[2026-04-03T06:30:03.655+0600][3.484s][info][gc,heap     ] GC(7) Humongous regions: 0->0
[2026-04-03T06:30:03.655+0600][3.484s][info][gc,metaspace] GC(7) Metaspace: 8782K(9024K)->8782K(9024K) NonClass: 7938K(8064K)->7938K(8064K) Class: 843K(960K)->843K(960K)
[2026-04-03T06:30:03.655+0600][3.484s][info][gc          ] GC(7) Pause Young (Normal) (G1 Evacuation Pause) 257M->80M(366M) 22.891ms
[2026-04-03T06:30:03.655+0600][3.484s][info][gc,cpu      ] GC(7) User=0.15s Sys=0.02s Real=0.03s
[2026-04-03T06:30:03.922+0600][3.750s][info][gc,start    ] GC(8) Pause Young (Normal) (G1 Evacuation Pause)
[2026-04-03T06:30:03.922+0600][3.751s][info][gc,task     ] GC(8) Using 8 workers of 10 for evacuation
[2026-04-03T06:30:03.936+0600][3.764s][info][gc,phases   ] GC(8)   Pre Evacuate Collection Set: 0.17ms
[2026-04-03T06:30:03.936+0600][3.764s][info][gc,phases   ] GC(8)   Merge Heap Roots: 0.25ms
[2026-04-03T06:30:03.936+0600][3.764s][info][gc,phases   ] GC(8)   Evacuate Collection Set: 12.56ms
[2026-04-03T06:30:03.936+0600][3.764s][info][gc,phases   ] GC(8)   Post Evacuate Collection Set: 0.74ms
[2026-04-03T06:30:03.936+0600][3.765s][info][gc,phases   ] GC(8)   Other: 0.11ms
[2026-04-03T06:30:03.936+0600][3.765s][info][gc,heap     ] GC(8) Eden regions: 100->0(95)
[2026-04-03T06:30:03.936+0600][3.765s][info][gc,heap     ] GC(8) Survivor regions: 9->14(14)
[2026-04-03T06:30:03.936+0600][3.765s][info][gc,heap     ] GC(8) Old regions: 33->33
[2026-04-03T06:30:03.936+0600][3.765s][info][gc,heap     ] GC(8) Humongous regions: 0->0
[2026-04-03T06:30:03.936+0600][3.765s][info][gc,metaspace] GC(8) Metaspace: 8797K(9024K)->8797K(9024K) NonClass: 7954K(8064K)->7954K(8064K) Class: 843K(960K)->843K(960K)
[2026-04-03T06:30:03.936+0600][3.765s][info][gc          ] GC(8) Pause Young (Normal) (G1 Evacuation Pause) 280M->91M(366M) 14.190ms
[2026-04-03T06:30:03.936+0600][3.765s][info][gc,cpu      ] GC(8) User=0.11s Sys=0.00s Real=0.02s
[2026-04-03T06:30:04.165+0600][3.993s][info][gc,start    ] GC(9) Pause Young (Normal) (G1 Evacuation Pause)
[2026-04-03T06:30:04.165+0600][3.993s][info][gc,task     ] GC(9) Using 8 workers of 10 for evacuation
[2026-04-03T06:30:04.187+0600][4.015s][info][gc,phases   ] GC(9)   Pre Evacuate Collection Set: 0.18ms
[2026-04-03T06:30:04.187+0600][4.015s][info][gc,phases   ] GC(9)   Merge Heap Roots: 0.07ms
[2026-04-03T06:30:04.187+0600][4.015s][info][gc,phases   ] GC(9)   Evacuate Collection Set: 19.41ms
[2026-04-03T06:30:04.187+0600][4.015s][info][gc,phases   ] GC(9)   Post Evacuate Collection Set: 2.24ms
[2026-04-03T06:30:04.187+0600][4.015s][info][gc,phases   ] GC(9)   Other: 0.08ms
[2026-04-03T06:30:04.187+0600][4.015s][info][gc,heap     ] GC(9) Eden regions: 95->0(177)
[2026-04-03T06:30:04.187+0600][4.015s][info][gc,heap     ] GC(9) Survivor regions: 14->14(14)
[2026-04-03T06:30:04.187+0600][4.015s][info][gc,heap     ] GC(9) Old regions: 33->40
[2026-04-03T06:30:04.187+0600][4.015s][info][gc,heap     ] GC(9) Humongous regions: 0->0
[2026-04-03T06:30:04.187+0600][4.015s][info][gc,metaspace] GC(9) Metaspace: 8815K(9024K)->8815K(9024K) NonClass: 7971K(8064K)->7971K(8064K) Class: 843K(960K)->843K(960K)
[2026-04-03T06:30:04.187+0600][4.016s][info][gc          ] GC(9) Pause Young (Normal) (G1 Evacuation Pause) 281M->105M(638M) 22.222ms
[2026-04-03T06:30:04.187+0600][4.016s][info][gc,cpu      ] GC(9) User=0.14s Sys=0.02s Real=0.02s
[2026-04-03T06:30:04.738+0600][4.567s][info][gc,start    ] GC(10) Pause Young (Normal) (G1 Evacuation Pause)
[2026-04-03T06:30:04.739+0600][4.567s][info][gc,task     ] GC(10) Using 10 workers of 10 for evacuation
[2026-04-03T06:30:04.761+0600][4.589s][info][gc,phases   ] GC(10)   Pre Evacuate Collection Set: 0.14ms
[2026-04-03T06:30:04.761+0600][4.590s][info][gc,phases   ] GC(10)   Merge Heap Roots: 0.09ms
[2026-04-03T06:30:04.761+0600][4.590s][info][gc,phases   ] GC(10)   Evacuate Collection Set: 21.07ms
[2026-04-03T06:30:04.761+0600][4.590s][info][gc,phases   ] GC(10)   Post Evacuate Collection Set: 0.69ms
[2026-04-03T06:30:04.761+0600][4.590s][info][gc,phases   ] GC(10)   Other: 0.60ms
[2026-04-03T06:30:04.761+0600][4.590s][info][gc,heap     ] GC(10) Eden regions: 177->0(171)
[2026-04-03T06:30:04.761+0600][4.590s][info][gc,heap     ] GC(10) Survivor regions: 14->20(24)
[2026-04-03T06:30:04.761+0600][4.590s][info][gc,heap     ] GC(10) Old regions: 40->47
[2026-04-03T06:30:04.761+0600][4.590s][info][gc,heap     ] GC(10) Humongous regions: 0->0
[2026-04-03T06:30:04.761+0600][4.590s][info][gc,metaspace] GC(10) Metaspace: 8853K(9088K)->8853K(9088K) NonClass: 8010K(8128K)->8010K(8128K) Class: 843K(960K)->843K(960K)
[2026-04-03T06:30:04.761+0600][4.590s][info][gc          ] GC(10) Pause Young (Normal) (G1 Evacuation Pause) 459M->131M(638M) 23.007ms
[2026-04-03T06:30:04.761+0600][4.590s][info][gc,cpu      ] GC(10) User=0.21s Sys=0.00s Real=0.02s
[2026-04-03T06:30:05.137+0600][4.965s][info][gc,start    ] GC(11) Pause Young (Normal) (G1 Evacuation Pause)
[2026-04-03T06:30:05.137+0600][4.965s][info][gc,task     ] GC(11) Using 10 workers of 10 for evacuation
[2026-04-03T06:30:05.161+0600][4.990s][info][gc,phases   ] GC(11)   Pre Evacuate Collection Set: 0.17ms
[2026-04-03T06:30:05.161+0600][4.990s][info][gc,phases   ] GC(11)   Merge Heap Roots: 0.07ms
[2026-04-03T06:30:05.161+0600][4.990s][info][gc,phases   ] GC(11)   Evacuate Collection Set: 23.27ms
[2026-04-03T06:30:05.161+0600][4.990s][info][gc,phases   ] GC(11)   Post Evacuate Collection Set: 0.97ms
[2026-04-03T06:30:05.161+0600][4.990s][info][gc,phases   ] GC(11)   Other: 0.15ms
[2026-04-03T06:30:05.161+0600][4.990s][info][gc,heap     ] GC(11) Eden regions: 171->0(167)
[2026-04-03T06:30:05.161+0600][4.990s][info][gc,heap     ] GC(11) Survivor regions: 20->24(24)
[2026-04-03T06:30:05.161+0600][4.990s][info][gc,heap     ] GC(11) Old regions: 47->55
[2026-04-03T06:30:05.161+0600][4.990s][info][gc,heap     ] GC(11) Humongous regions: 0->0
[2026-04-03T06:30:05.161+0600][4.990s][info][gc,metaspace] GC(11) Metaspace: 8863K(9088K)->8863K(9088K) NonClass: 8019K(8128K)->8019K(8128K) Class: 843K(960K)->843K(960K)
[2026-04-03T06:30:05.162+0600][4.990s][info][gc          ] GC(11) Pause Young (Normal) (G1 Evacuation Pause) 473M->155M(638M) 24.983ms
[2026-04-03T06:30:05.162+0600][4.990s][info][gc,cpu      ] GC(11) User=0.23s Sys=0.00s Real=0.02s
[2026-04-03T06:30:05.543+0600][5.372s][info][gc,start    ] GC(12) Pause Young (Normal) (G1 Evacuation Pause)
[2026-04-03T06:30:05.543+0600][5.372s][info][gc,task     ] GC(12) Using 10 workers of 10 for evacuation
[2026-04-03T06:30:05.572+0600][5.401s][info][gc,phases   ] GC(12)   Pre Evacuate Collection Set: 0.13ms
[2026-04-03T06:30:05.572+0600][5.401s][info][gc,phases   ] GC(12)   Merge Heap Roots: 0.08ms
[2026-04-03T06:30:05.572+0600][5.401s][info][gc,phases   ] GC(12)   Evacuate Collection Set: 27.38ms
[2026-04-03T06:30:05.572+0600][5.401s][info][gc,phases   ] GC(12)   Post Evacuate Collection Set: 1.21ms
[2026-04-03T06:30:05.572+0600][5.401s][info][gc,phases   ] GC(12)   Other: 0.09ms
[2026-04-03T06:30:05.573+0600][5.401s][info][gc,heap     ] GC(12) Eden regions: 167->0(167)
[2026-04-03T06:30:05.573+0600][5.401s][info][gc,heap     ] GC(12) Survivor regions: 24->24(24)
[2026-04-03T06:30:05.573+0600][5.401s][info][gc,heap     ] GC(12) Old regions: 55->67
[2026-04-03T06:30:05.573+0600][5.401s][info][gc,heap     ] GC(12) Humongous regions: 0->0
[2026-04-03T06:30:05.573+0600][5.401s][info][gc,metaspace] GC(12) Metaspace: 8870K(9088K)->8870K(9088K) NonClass: 8026K(8128K)->8026K(8128K) Class: 843K(960K)->843K(960K)
[2026-04-03T06:30:05.573+0600][5.401s][info][gc          ] GC(12) Pause Young (Normal) (G1 Evacuation Pause) 489M->180M(638M) 29.281ms
[2026-04-03T06:30:05.573+0600][5.401s][info][gc,cpu      ] GC(12) User=0.27s Sys=0.00s Real=0.02s
[2026-04-03T06:30:05.914+0600][5.742s][info][gc,start    ] GC(13) Pause Young (Normal) (G1 Evacuation Pause)
[2026-04-03T06:30:05.914+0600][5.743s][info][gc,task     ] GC(13) Using 10 workers of 10 for evacuation
[2026-04-03T06:30:05.943+0600][5.771s][info][gc,phases   ] GC(13)   Pre Evacuate Collection Set: 0.31ms
[2026-04-03T06:30:05.943+0600][5.771s][info][gc,phases   ] GC(13)   Merge Heap Roots: 0.09ms
[2026-04-03T06:30:05.943+0600][5.771s][info][gc,phases   ] GC(13)   Evacuate Collection Set: 25.48ms
[2026-04-03T06:30:05.943+0600][5.771s][info][gc,phases   ] GC(13)   Post Evacuate Collection Set: 2.51ms
[2026-04-03T06:30:05.943+0600][5.771s][info][gc,phases   ] GC(13)   Other: 0.09ms
[2026-04-03T06:30:05.943+0600][5.771s][info][gc,heap     ] GC(13) Eden regions: 167->0(265)
[2026-04-03T06:30:05.943+0600][5.771s][info][gc,heap     ] GC(13) Survivor regions: 24->24(24)
[2026-04-03T06:30:05.943+0600][5.771s][info][gc,heap     ] GC(13) Old regions: 67->80
[2026-04-03T06:30:05.943+0600][5.771s][info][gc,heap     ] GC(13) Humongous regions: 0->0
[2026-04-03T06:30:05.943+0600][5.771s][info][gc,metaspace] GC(13) Metaspace: 8871K(9088K)->8871K(9088K) NonClass: 8027K(8128K)->8027K(8128K) Class: 843K(960K)->843K(960K)
[2026-04-03T06:30:05.943+0600][5.771s][info][gc          ] GC(13) Pause Young (Normal) (G1 Evacuation Pause) 514M->204M(966M) 28.736ms
[2026-04-03T06:30:05.943+0600][5.771s][info][gc,cpu      ] GC(13) User=0.25s Sys=0.01s Real=0.02s
[2026-04-03T06:30:06.808+0600][6.637s][info][gc,start    ] GC(14) Pause Young (Normal) (G1 Evacuation Pause)
[2026-04-03T06:30:06.808+0600][6.637s][info][gc,task     ] GC(14) Using 10 workers of 10 for evacuation
[2026-04-03T06:30:06.850+0600][6.678s][info][gc,phases   ] GC(14)   Pre Evacuate Collection Set: 0.34ms
[2026-04-03T06:30:06.850+0600][6.678s][info][gc,phases   ] GC(14)   Merge Heap Roots: 0.22ms
[2026-04-03T06:30:06.850+0600][6.678s][info][gc,phases   ] GC(14)   Evacuate Collection Set: 40.02ms
[2026-04-03T06:30:06.850+0600][6.678s][info][gc,phases   ] GC(14)   Post Evacuate Collection Set: 0.83ms
[2026-04-03T06:30:06.850+0600][6.678s][info][gc,phases   ] GC(14)   Other: 0.25ms
[2026-04-03T06:30:06.850+0600][6.679s][info][gc,heap     ] GC(14) Eden regions: 265->0(259)
[2026-04-03T06:30:06.850+0600][6.679s][info][gc,heap     ] GC(14) Survivor regions: 24->30(37)
[2026-04-03T06:30:06.850+0600][6.679s][info][gc,heap     ] GC(14) Old regions: 80->92
[2026-04-03T06:30:06.850+0600][6.679s][info][gc,heap     ] GC(14) Humongous regions: 0->0
[2026-04-03T06:30:06.850+0600][6.679s][info][gc,metaspace] GC(14) Metaspace: 8929K(9152K)->8929K(9152K) NonClass: 8085K(8192K)->8085K(8192K) Class: 843K(960K)->843K(960K)
[2026-04-03T06:30:06.850+0600][6.679s][info][gc          ] GC(14) Pause Young (Normal) (G1 Evacuation Pause) 734M->243M(966M) 42.003ms
[2026-04-03T06:30:06.850+0600][6.679s][info][gc,cpu      ] GC(14) User=0.45s Sys=0.00s Real=0.04s
[2026-04-03T06:30:07.353+0600][7.182s][info][gc,start    ] GC(15) Pause Young (Normal) (G1 Evacuation Pause)
[2026-04-03T06:30:07.354+0600][7.182s][info][gc,task     ] GC(15) Using 10 workers of 10 for evacuation
[2026-04-03T06:30:07.391+0600][7.219s][info][gc,phases   ] GC(15)   Pre Evacuate Collection Set: 0.19ms
[2026-04-03T06:30:07.391+0600][7.219s][info][gc,phases   ] GC(15)   Merge Heap Roots: 0.14ms
[2026-04-03T06:30:07.391+0600][7.219s][info][gc,phases   ] GC(15)   Evacuate Collection Set: 35.74ms
[2026-04-03T06:30:07.391+0600][7.219s][info][gc,phases   ] GC(15)   Post Evacuate Collection Set: 0.92ms
[2026-04-03T06:30:07.391+0600][7.219s][info][gc,phases   ] GC(15)   Other: 0.10ms
[2026-04-03T06:30:07.391+0600][7.219s][info][gc,heap     ] GC(15) Eden regions: 259->0(258)
[2026-04-03T06:30:07.391+0600][7.219s][info][gc,heap     ] GC(15) Survivor regions: 30->31(37)
[2026-04-03T06:30:07.391+0600][7.219s][info][gc,heap     ] GC(15) Old regions: 92->104
[2026-04-03T06:30:07.391+0600][7.219s][info][gc,heap     ] GC(15) Humongous regions: 0->0
[2026-04-03T06:30:07.391+0600][7.219s][info][gc,metaspace] GC(15) Metaspace: 8932K(9152K)->8932K(9152K) NonClass: 8088K(8192K)->8088K(8192K) Class: 843K(960K)->843K(960K)
[2026-04-03T06:30:07.391+0600][7.219s][info][gc          ] GC(15) Pause Young (Normal) (G1 Evacuation Pause) 761M->268M(966M) 37.455ms
[2026-04-03T06:30:07.391+0600][7.219s][info][gc,cpu      ] GC(15) User=0.40s Sys=0.00s Real=0.03s
[2026-04-03T06:30:07.846+0600][7.674s][info][gc,start    ] GC(16) Pause Young (Normal) (G1 Evacuation Pause)
[2026-04-03T06:30:07.846+0600][7.675s][info][gc,task     ] GC(16) Using 10 workers of 10 for evacuation
[2026-04-03T06:30:07.870+0600][7.698s][info][gc,phases   ] GC(16)   Pre Evacuate Collection Set: 0.15ms
[2026-04-03T06:30:07.870+0600][7.698s][info][gc,phases   ] GC(16)   Merge Heap Roots: 0.10ms
[2026-04-03T06:30:07.870+0600][7.698s][info][gc,phases   ] GC(16)   Evacuate Collection Set: 22.24ms
[2026-04-03T06:30:07.870+0600][7.699s][info][gc,phases   ] GC(16)   Post Evacuate Collection Set: 1.23ms
[2026-04-03T06:30:07.870+0600][7.699s][info][gc,phases   ] GC(16)   Other: 0.08ms
[2026-04-03T06:30:07.870+0600][7.699s][info][gc,heap     ] GC(16) Eden regions: 258->0(268)
[2026-04-03T06:30:07.870+0600][7.699s][info][gc,heap     ] GC(16) Survivor regions: 31->21(37)
[2026-04-03T06:30:07.870+0600][7.699s][info][gc,heap     ] GC(16) Old regions: 104->121
[2026-04-03T06:30:07.870+0600][7.699s][info][gc,heap     ] GC(16) Humongous regions: 0->0
[2026-04-03T06:30:07.870+0600][7.699s][info][gc,metaspace] GC(16) Metaspace: 8934K(9152K)->8934K(9152K) NonClass: 8091K(8192K)->8091K(8192K) Class: 843K(960K)->843K(960K)
[2026-04-03T06:30:07.870+0600][7.699s][info][gc          ] GC(16) Pause Young (Normal) (G1 Evacuation Pause) 784M->281M(966M) 24.174ms
[2026-04-03T06:30:07.870+0600][7.699s][info][gc,cpu      ] GC(16) User=0.22s Sys=0.00s Real=0.02s
[2026-04-03T06:30:08.283+0600][8.111s][info][gc,start    ] GC(17) Pause Young (Normal) (G1 Evacuation Pause)
[2026-04-03T06:30:08.283+0600][8.111s][info][gc,task     ] GC(17) Using 10 workers of 10 for evacuation
[2026-04-03T06:30:08.311+0600][8.140s][info][gc,phases   ] GC(17)   Pre Evacuate Collection Set: 0.14ms
[2026-04-03T06:30:08.311+0600][8.140s][info][gc,phases   ] GC(17)   Merge Heap Roots: 0.12ms
[2026-04-03T06:30:08.311+0600][8.140s][info][gc,phases   ] GC(17)   Evacuate Collection Set: 26.33ms
[2026-04-03T06:30:08.311+0600][8.140s][info][gc,phases   ] GC(17)   Post Evacuate Collection Set: 1.89ms
[2026-04-03T06:30:08.311+0600][8.140s][info][gc,phases   ] GC(17)   Other: 0.12ms
[2026-04-03T06:30:08.312+0600][8.140s][info][gc,heap     ] GC(17) Eden regions: 268->0(304)
[2026-04-03T06:30:08.312+0600][8.140s][info][gc,heap     ] GC(17) Survivor regions: 21->37(37)
[2026-04-03T06:30:08.312+0600][8.140s][info][gc,heap     ] GC(17) Old regions: 121->122
[2026-04-03T06:30:08.312+0600][8.140s][info][gc,heap     ] GC(17) Humongous regions: 0->0
[2026-04-03T06:30:08.312+0600][8.140s][info][gc,metaspace] GC(17) Metaspace: 8934K(9152K)->8934K(9152K) NonClass: 8091K(8192K)->8091K(8192K) Class: 843K(960K)->843K(960K)
[2026-04-03T06:30:08.312+0600][8.140s][info][gc          ] GC(17) Pause Young (Normal) (G1 Evacuation Pause) 817M->316M(1138M) 28.864ms
[2026-04-03T06:30:08.312+0600][8.140s][info][gc,cpu      ] GC(17) User=0.26s Sys=0.01s Real=0.03s
[2026-04-03T06:30:08.887+0600][8.716s][info][gc,start    ] GC(18) Pause Young (Normal) (G1 Evacuation Pause)
[2026-04-03T06:30:08.888+0600][8.716s][info][gc,task     ] GC(18) Using 10 workers of 10 for evacuation
[2026-04-03T06:30:08.932+0600][8.760s][info][gc,phases   ] GC(18)   Pre Evacuate Collection Set: 0.17ms
[2026-04-03T06:30:08.932+0600][8.760s][info][gc,phases   ] GC(18)   Merge Heap Roots: 0.18ms
[2026-04-03T06:30:08.932+0600][8.760s][info][gc,phases   ] GC(18)   Evacuate Collection Set: 42.30ms
[2026-04-03T06:30:08.932+0600][8.760s][info][gc,phases   ] GC(18)   Post Evacuate Collection Set: 1.38ms
[2026-04-03T06:30:08.932+0600][8.760s][info][gc,phases   ] GC(18)   Other: 0.17ms
[2026-04-03T06:30:08.932+0600][8.760s][info][gc,heap     ] GC(18) Eden regions: 304->0(299)
[2026-04-03T06:30:08.932+0600][8.760s][info][gc,heap     ] GC(18) Survivor regions: 37->42(43)
[2026-04-03T06:30:08.932+0600][8.760s][info][gc,heap     ] GC(18) Old regions: 122->141
[2026-04-03T06:30:08.932+0600][8.760s][info][gc,heap     ] GC(18) Humongous regions: 0->0
[2026-04-03T06:30:08.932+0600][8.760s][info][gc,metaspace] GC(18) Metaspace: 8934K(9152K)->8934K(9152K) NonClass: 8091K(8192K)->8091K(8192K) Class: 843K(960K)->843K(960K)
[2026-04-03T06:30:08.932+0600][8.761s][info][gc          ] GC(18) Pause Young (Normal) (G1 Evacuation Pause) 924M->363M(1138M) 44.581ms
[2026-04-03T06:30:08.932+0600][8.761s][info][gc,cpu      ] GC(18) User=0.42s Sys=0.00s Real=0.04s
[2026-04-03T06:30:09.396+0600][9.225s][info][gc,start    ] GC(19) Pause Young (Normal) (G1 Evacuation Pause)
[2026-04-03T06:30:09.396+0600][9.225s][info][gc,task     ] GC(19) Using 10 workers of 10 for evacuation
[2026-04-03T06:30:09.424+0600][9.253s][info][gc,phases   ] GC(19)   Pre Evacuate Collection Set: 0.19ms
[2026-04-03T06:30:09.424+0600][9.253s][info][gc,phases   ] GC(19)   Merge Heap Roots: 0.14ms
[2026-04-03T06:30:09.424+0600][9.253s][info][gc,phases   ] GC(19)   Evacuate Collection Set: 26.29ms
[2026-04-03T06:30:09.424+0600][9.253s][info][gc,phases   ] GC(19)   Post Evacuate Collection Set: 1.00ms
[2026-04-03T06:30:09.424+0600][9.253s][info][gc,phases   ] GC(19)   Other: 0.09ms
[2026-04-03T06:30:09.424+0600][9.253s][info][gc,heap     ] GC(19) Eden regions: 299->0(311)
[2026-04-03T06:30:09.424+0600][9.253s][info][gc,heap     ] GC(19) Survivor regions: 42->30(43)
[2026-04-03T06:30:09.424+0600][9.253s][info][gc,heap     ] GC(19) Old regions: 141->158
[2026-04-03T06:30:09.424+0600][9.253s][info][gc,heap     ] GC(19) Humongous regions: 0->0
[2026-04-03T06:30:09.424+0600][9.253s][info][gc,metaspace] GC(19) Metaspace: 8934K(9152K)->8934K(9152K) NonClass: 8091K(8192K)->8091K(8192K) Class: 843K(960K)->843K(960K)
[2026-04-03T06:30:09.424+0600][9.253s][info][gc          ] GC(19) Pause Young (Normal) (G1 Evacuation Pause) 961M->373M(1138M) 28.071ms
[2026-04-03T06:30:09.424+0600][9.253s][info][gc,cpu      ] GC(19) User=0.26s Sys=0.00s Real=0.03s
[2026-04-03T06:30:10.227+0600][10.055s][info][gc,start    ] GC(20) Pause Young (Normal) (G1 Evacuation Pause)
[2026-04-03T06:30:10.227+0600][10.055s][info][gc,task     ] GC(20) Using 10 workers of 10 for evacuation
[2026-04-03T06:30:10.245+0600][10.074s][info][gc,phases   ] GC(20)   Pre Evacuate Collection Set: 0.30ms
[2026-04-03T06:30:10.246+0600][10.074s][info][gc,phases   ] GC(20)   Merge Heap Roots: 0.17ms
[2026-04-03T06:30:10.246+0600][10.074s][info][gc,phases   ] GC(20)   Evacuate Collection Set: 16.82ms
[2026-04-03T06:30:10.246+0600][10.074s][info][gc,phases   ] GC(20)   Post Evacuate Collection Set: 1.07ms
[2026-04-03T06:30:10.246+0600][10.074s][info][gc,phases   ] GC(20)   Other: 0.16ms
[2026-04-03T06:30:10.246+0600][10.074s][info][gc,heap     ] GC(20) Eden regions: 311->0(322)
[2026-04-03T06:30:10.246+0600][10.074s][info][gc,heap     ] GC(20) Survivor regions: 30->19(43)
[2026-04-03T06:30:10.246+0600][10.074s][info][gc,heap     ] GC(20) Old regions: 158->169
[2026-04-03T06:30:10.246+0600][10.074s][info][gc,heap     ] GC(20) Humongous regions: 0->0
[2026-04-03T06:30:10.246+0600][10.074s][info][gc,metaspace] GC(20) Metaspace: 9097K(9344K)->9097K(9344K) NonClass: 8249K(8384K)->8249K(8384K) Class: 848K(960K)->848K(960K)
[2026-04-03T06:30:10.246+0600][10.074s][info][gc          ] GC(20) Pause Young (Normal) (G1 Evacuation Pause) 995M->373M(1138M) 18.898ms
[2026-04-03T06:30:10.246+0600][10.074s][info][gc,cpu      ] GC(20) User=0.19s Sys=0.00s Real=0.02s
[2026-04-03T06:30:10.818+0600][10.646s][info][gc,start    ] GC(21) Pause Young (Normal) (G1 Evacuation Pause)
[2026-04-03T06:30:10.818+0600][10.646s][info][gc,task     ] GC(21) Using 10 workers of 10 for evacuation
[2026-04-03T06:30:10.837+0600][10.666s][info][gc,phases   ] GC(21)   Pre Evacuate Collection Set: 0.34ms
[2026-04-03T06:30:10.838+0600][10.666s][info][gc,phases   ] GC(21)   Merge Heap Roots: 0.28ms
[2026-04-03T06:30:10.838+0600][10.666s][info][gc,phases   ] GC(21)   Evacuate Collection Set: 17.28ms
[2026-04-03T06:30:10.838+0600][10.666s][info][gc,phases   ] GC(21)   Post Evacuate Collection Set: 1.42ms
[2026-04-03T06:30:10.838+0600][10.666s][info][gc,phases   ] GC(21)   Other: 0.13ms
[2026-04-03T06:30:10.838+0600][10.666s][info][gc,heap     ] GC(21) Eden regions: 322->0(312)
[2026-04-03T06:30:10.838+0600][10.666s][info][gc,heap     ] GC(21) Survivor regions: 19->29(43)
[2026-04-03T06:30:10.838+0600][10.666s][info][gc,heap     ] GC(21) Old regions: 169->169
[2026-04-03T06:30:10.838+0600][10.666s][info][gc,heap     ] GC(21) Humongous regions: 0->0
[2026-04-03T06:30:10.838+0600][10.666s][info][gc,metaspace] GC(21) Metaspace: 9099K(9344K)->9099K(9344K) NonClass: 8251K(8384K)->8251K(8384K) Class: 848K(960K)->848K(960K)
[2026-04-03T06:30:10.838+0600][10.666s][info][gc          ] GC(21) Pause Young (Normal) (G1 Evacuation Pause) 1017M->394M(1138M) 19.864ms
[2026-04-03T06:30:10.838+0600][10.666s][info][gc,cpu      ] GC(21) User=0.18s Sys=0.00s Real=0.02s
[2026-04-03T06:30:11.413+0600][11.242s][info][gc,start    ] GC(22) Pause Young (Normal) (G1 Evacuation Pause)
[2026-04-03T06:30:11.414+0600][11.242s][info][gc,task     ] GC(22) Using 10 workers of 10 for evacuation
[2026-04-03T06:30:11.429+0600][11.257s][info][gc,phases   ] GC(22)   Pre Evacuate Collection Set: 0.19ms
[2026-04-03T06:30:11.429+0600][11.258s][info][gc,phases   ] GC(22)   Merge Heap Roots: 0.12ms
[2026-04-03T06:30:11.429+0600][11.258s][info][gc,phases   ] GC(22)   Evacuate Collection Set: 14.23ms
[2026-04-03T06:30:11.429+0600][11.258s][info][gc,phases   ] GC(22)   Post Evacuate Collection Set: 0.76ms
[2026-04-03T06:30:11.429+0600][11.258s][info][gc,phases   ] GC(22)   Other: 0.12ms
[2026-04-03T06:30:11.429+0600][11.258s][info][gc,heap     ] GC(22) Eden regions: 312->0(325)
[2026-04-03T06:30:11.429+0600][11.258s][info][gc,heap     ] GC(22) Survivor regions: 29->16(43)
[2026-04-03T06:30:11.429+0600][11.258s][info][gc,heap     ] GC(22) Old regions: 169->182
[2026-04-03T06:30:11.429+0600][11.258s][info][gc,heap     ] GC(22) Humongous regions: 0->0
[2026-04-03T06:30:11.429+0600][11.258s][info][gc,metaspace] GC(22) Metaspace: 9121K(9344K)->9121K(9344K) NonClass: 8272K(8384K)->8272K(8384K) Class: 848K(960K)->848K(960K)
[2026-04-03T06:30:11.429+0600][11.258s][info][gc          ] GC(22) Pause Young (Normal) (G1 Evacuation Pause) 1018M->393M(1138M) 15.720ms
[2026-04-03T06:30:11.429+0600][11.258s][info][gc,cpu      ] GC(22) User=0.14s Sys=0.00s Real=0.01s
[2026-04-03T06:30:11.947+0600][11.775s][info][gc,start    ] GC(23) Pause Young (Normal) (G1 Evacuation Pause)
[2026-04-03T06:30:11.947+0600][11.775s][info][gc,task     ] GC(23) Using 10 workers of 10 for evacuation
[2026-04-03T06:30:11.981+0600][11.809s][info][gc,phases   ] GC(23)   Pre Evacuate Collection Set: 0.17ms
[2026-04-03T06:30:11.981+0600][11.809s][info][gc,phases   ] GC(23)   Merge Heap Roots: 0.12ms
[2026-04-03T06:30:11.981+0600][11.809s][info][gc,phases   ] GC(23)   Evacuate Collection Set: 32.03ms
[2026-04-03T06:30:11.981+0600][11.809s][info][gc,phases   ] GC(23)   Post Evacuate Collection Set: 1.20ms
[2026-04-03T06:30:11.981+0600][11.809s][info][gc,phases   ] GC(23)   Other: 0.10ms
[2026-04-03T06:30:11.981+0600][11.809s][info][gc,heap     ] GC(23) Eden regions: 325->0(291)
[2026-04-03T06:30:11.981+0600][11.809s][info][gc,heap     ] GC(23) Survivor regions: 16->43(43)
[2026-04-03T06:30:11.981+0600][11.809s][info][gc,heap     ] GC(23) Old regions: 182->182
[2026-04-03T06:30:11.981+0600][11.809s][info][gc,heap     ] GC(23) Humongous regions: 0->0
[2026-04-03T06:30:11.981+0600][11.809s][info][gc,metaspace] GC(23) Metaspace: 9130K(9408K)->9130K(9408K) NonClass: 8281K(8448K)->8281K(8448K) Class: 848K(960K)->848K(960K)
[2026-04-03T06:30:11.981+0600][11.809s][info][gc          ] GC(23) Pause Young (Normal) (G1 Evacuation Pause) 1043M->447M(1138M) 33.965ms
[2026-04-03T06:30:11.981+0600][11.809s][info][gc,cpu      ] GC(23) User=0.32s Sys=0.00s Real=0.03s
[2026-04-03T06:30:12.419+0600][12.247s][info][gc,start    ] GC(24) Pause Young (Normal) (G1 Evacuation Pause)
[2026-04-03T06:30:12.419+0600][12.247s][info][gc,task     ] GC(24) Using 10 workers of 10 for evacuation
[2026-04-03T06:30:12.485+0600][12.314s][info][gc,phases   ] GC(24)   Pre Evacuate Collection Set: 0.20ms
[2026-04-03T06:30:12.485+0600][12.314s][info][gc,phases   ] GC(24)   Merge Heap Roots: 0.11ms
[2026-04-03T06:30:12.485+0600][12.314s][info][gc,phases   ] GC(24)   Evacuate Collection Set: 64.93ms
[2026-04-03T06:30:12.485+0600][12.314s][info][gc,phases   ] GC(24)   Post Evacuate Collection Set: 1.14ms
[2026-04-03T06:30:12.485+0600][12.314s][info][gc,phases   ] GC(24)   Other: 0.09ms
[2026-04-03T06:30:12.485+0600][12.314s][info][gc,heap     ] GC(24) Eden regions: 291->0(318)
[2026-04-03T06:30:12.485+0600][12.314s][info][gc,heap     ] GC(24) Survivor regions: 43->38(42)
[2026-04-03T06:30:12.485+0600][12.314s][info][gc,heap     ] GC(24) Old regions: 182->224
[2026-04-03T06:30:12.485+0600][12.314s][info][gc,heap     ] GC(24) Humongous regions: 4->4
[2026-04-03T06:30:12.485+0600][12.314s][info][gc,metaspace] GC(24) Metaspace: 9155K(9408K)->9155K(9408K) NonClass: 8306K(8448K)->8306K(8448K) Class: 848K(960K)->848K(960K)
[2026-04-03T06:30:12.485+0600][12.314s][info][gc          ] GC(24) Pause Young (Normal) (G1 Evacuation Pause) 1037M->530M(1316M) 66.775ms
[2026-04-03T06:30:12.485+0600][12.314s][info][gc,cpu      ] GC(24) User=0.58s Sys=0.06s Real=0.07s
[2026-04-03T06:30:13.271+0600][13.099s][info][gc,start    ] GC(25) Pause Young (Normal) (G1 Evacuation Pause)
[2026-04-03T06:30:13.271+0600][13.099s][info][gc,task     ] GC(25) Using 10 workers of 10 for evacuation
[2026-04-03T06:30:13.296+0600][13.125s][info][gc,phases   ] GC(25)   Pre Evacuate Collection Set: 0.35ms
[2026-04-03T06:30:13.296+0600][13.125s][info][gc,phases   ] GC(25)   Merge Heap Roots: 0.23ms
[2026-04-03T06:30:13.297+0600][13.125s][info][gc,phases   ] GC(25)   Evacuate Collection Set: 23.54ms
[2026-04-03T06:30:13.297+0600][13.125s][info][gc,phases   ] GC(25)   Post Evacuate Collection Set: 1.13ms
[2026-04-03T06:30:13.297+0600][13.125s][info][gc,phases   ] GC(25)   Other: 0.19ms
[2026-04-03T06:30:13.297+0600][13.125s][info][gc,heap     ] GC(25) Eden regions: 318->0(325)
[2026-04-03T06:30:13.297+0600][13.125s][info][gc,heap     ] GC(25) Survivor regions: 38->5(45)
[2026-04-03T06:30:13.297+0600][13.125s][info][gc,heap     ] GC(25) Old regions: 224->263
[2026-04-03T06:30:13.297+0600][13.125s][info][gc,heap     ] GC(25) Humongous regions: 4->4
[2026-04-03T06:30:13.297+0600][13.125s][info][gc,metaspace] GC(25) Metaspace: 9155K(9408K)->9155K(9408K) NonClass: 8306K(8448K)->8306K(8448K) Class: 848K(960K)->848K(960K)
[2026-04-03T06:30:13.297+0600][13.125s][info][gc          ] GC(25) Pause Young (Normal) (G1 Evacuation Pause) 1166M->543M(1316M) 25.756ms
[2026-04-03T06:30:13.297+0600][13.125s][info][gc,cpu      ] GC(25) User=0.23s Sys=0.00s Real=0.03s
[2026-04-03T06:30:14.068+0600][13.896s][info][gc,start    ] GC(26) Pause Young (Normal) (G1 Evacuation Pause)
[2026-04-03T06:30:14.068+0600][13.897s][info][gc,task     ] GC(26) Using 10 workers of 10 for evacuation
[2026-04-03T06:30:14.084+0600][13.913s][info][gc,phases   ] GC(26)   Pre Evacuate Collection Set: 0.36ms
[2026-04-03T06:30:14.084+0600][13.913s][info][gc,phases   ] GC(26)   Merge Heap Roots: 0.22ms
[2026-04-03T06:30:14.084+0600][13.913s][info][gc,phases   ] GC(26)   Evacuate Collection Set: 14.29ms
[2026-04-03T06:30:14.084+0600][13.913s][info][gc,phases   ] GC(26)   Post Evacuate Collection Set: 1.03ms
[2026-04-03T06:30:14.084+0600][13.913s][info][gc,phases   ] GC(26)   Other: 0.14ms
[2026-04-03T06:30:14.084+0600][13.913s][info][gc,heap     ] GC(26) Eden regions: 325->0(314)
[2026-04-03T06:30:14.084+0600][13.913s][info][gc,heap     ] GC(26) Survivor regions: 5->20(42)
[2026-04-03T06:30:14.084+0600][13.913s][info][gc,heap     ] GC(26) Old regions: 263->263
[2026-04-03T06:30:14.084+0600][13.913s][info][gc,heap     ] GC(26) Humongous regions: 4->4
[2026-04-03T06:30:14.084+0600][13.913s][info][gc,metaspace] GC(26) Metaspace: 9156K(9408K)->9156K(9408K) NonClass: 8307K(8448K)->8307K(8448K) Class: 848K(960K)->848K(960K)
[2026-04-03T06:30:14.085+0600][13.913s][info][gc          ] GC(26) Pause Young (Normal) (G1 Evacuation Pause) 1193M->571M(1316M) 16.518ms
[2026-04-03T06:30:14.085+0600][13.913s][info][gc,cpu      ] GC(26) User=0.14s Sys=0.01s Real=0.02s
[2026-04-03T06:30:14.670+0600][14.498s][info][gc,start    ] GC(27) Pause Young (Normal) (G1 Evacuation Pause)
[2026-04-03T06:30:14.670+0600][14.498s][info][gc,task     ] GC(27) Using 10 workers of 10 for evacuation
[2026-04-03T06:30:14.715+0600][14.543s][info][gc,phases   ] GC(27)   Pre Evacuate Collection Set: 0.21ms
[2026-04-03T06:30:14.715+0600][14.543s][info][gc,phases   ] GC(27)   Merge Heap Roots: 0.10ms
[2026-04-03T06:30:14.715+0600][14.543s][info][gc,phases   ] GC(27)   Evacuate Collection Set: 43.84ms
[2026-04-03T06:30:14.715+0600][14.543s][info][gc,phases   ] GC(27)   Post Evacuate Collection Set: 0.86ms
[2026-04-03T06:30:14.715+0600][14.543s][info][gc,phases   ] GC(27)   Other: 0.09ms
[2026-04-03T06:30:14.715+0600][14.543s][info][gc,heap     ] GC(27) Eden regions: 314->0(276)
[2026-04-03T06:30:14.715+0600][14.544s][info][gc,heap     ] GC(27) Survivor regions: 20->42(42)
[2026-04-03T06:30:14.715+0600][14.544s][info][gc,heap     ] GC(27) Old regions: 263->274
[2026-04-03T06:30:14.715+0600][14.544s][info][gc,heap     ] GC(27) Humongous regions: 4->4
[2026-04-03T06:30:14.715+0600][14.544s][info][gc,metaspace] GC(27) Metaspace: 9156K(9408K)->9156K(9408K) NonClass: 8307K(8448K)->8307K(8448K) Class: 848K(960K)->848K(960K)
[2026-04-03T06:30:14.715+0600][14.544s][info][gc          ] GC(27) Pause Young (Normal) (G1 Evacuation Pause) 1199M->637M(1316M) 45.380ms
[2026-04-03T06:30:14.715+0600][14.544s][info][gc,cpu      ] GC(27) User=0.44s Sys=0.00s Real=0.05s
[2026-04-03T06:30:15.669+0600][15.498s][info][gc,start    ] GC(28) Pause Young (Normal) (G1 Evacuation Pause)
[2026-04-03T06:30:15.669+0600][15.498s][info][gc,task     ] GC(28) Using 10 workers of 10 for evacuation
[2026-04-03T06:30:15.713+0600][15.542s][info][gc,phases   ] GC(28)   Pre Evacuate Collection Set: 0.39ms
[2026-04-03T06:30:15.713+0600][15.542s][info][gc,phases   ] GC(28)   Merge Heap Roots: 0.23ms
[2026-04-03T06:30:15.713+0600][15.542s][info][gc,phases   ] GC(28)   Evacuate Collection Set: 42.03ms
[2026-04-03T06:30:15.713+0600][15.542s][info][gc,phases   ] GC(28)   Post Evacuate Collection Set: 0.95ms
[2026-04-03T06:30:15.713+0600][15.542s][info][gc,phases   ] GC(28)   Other: 0.09ms
[2026-04-03T06:30:15.713+0600][15.542s][info][gc,heap     ] GC(28) Eden regions: 276->0(263)
[2026-04-03T06:30:15.713+0600][15.542s][info][gc,heap     ] GC(28) Survivor regions: 42->12(40)
[2026-04-03T06:30:15.713+0600][15.542s][info][gc,heap     ] GC(28) Old regions: 274->318
[2026-04-03T06:30:15.713+0600][15.542s][info][gc,heap     ] GC(28) Humongous regions: 8->8
[2026-04-03T06:30:15.713+0600][15.542s][info][gc,metaspace] GC(28) Metaspace: 9156K(9408K)->9156K(9408K) NonClass: 8307K(8448K)->8307K(8448K) Class: 848K(960K)->848K(960K)
[2026-04-03T06:30:15.713+0600][15.542s][info][gc          ] GC(28) Pause Young (Normal) (G1 Evacuation Pause) 1197M->673M(1316M) 44.038ms
[2026-04-03T06:30:15.713+0600][15.542s][info][gc,cpu      ] GC(28) User=0.42s Sys=0.00s Real=0.05s
[2026-04-03T06:30:16.276+0600][16.104s][info][gc,start    ] GC(29) Pause Young (Concurrent Start) (G1 Evacuation Pause)
[2026-04-03T06:30:16.276+0600][16.104s][info][gc,task     ] GC(29) Using 10 workers of 10 for evacuation
[2026-04-03T06:30:16.290+0600][16.119s][info][gc,phases   ] GC(29)   Pre Evacuate Collection Set: 0.37ms
[2026-04-03T06:30:16.290+0600][16.119s][info][gc,phases   ] GC(29)   Merge Heap Roots: 0.15ms
[2026-04-03T06:30:16.290+0600][16.119s][info][gc,phases   ] GC(29)   Evacuate Collection Set: 12.71ms
[2026-04-03T06:30:16.290+0600][16.119s][info][gc,phases   ] GC(29)   Post Evacuate Collection Set: 0.80ms
[2026-04-03T06:30:16.290+0600][16.119s][info][gc,phases   ] GC(29)   Other: 0.20ms
[2026-04-03T06:30:16.290+0600][16.119s][info][gc,heap     ] GC(29) Eden regions: 263->0(271)
[2026-04-03T06:30:16.290+0600][16.119s][info][gc,heap     ] GC(29) Survivor regions: 12->14(35)
[2026-04-03T06:30:16.290+0600][16.119s][info][gc,heap     ] GC(29) Old regions: 318->318
[2026-04-03T06:30:16.290+0600][16.119s][info][gc,heap     ] GC(29) Humongous regions: 8->8
[2026-04-03T06:30:16.290+0600][16.119s][info][gc,metaspace] GC(29) Metaspace: 9156K(9408K)->9156K(9408K) NonClass: 8307K(8448K)->8307K(8448K) Class: 848K(960K)->848K(960K)
[2026-04-03T06:30:16.290+0600][16.119s][info][gc          ] GC(29) Pause Young (Concurrent Start) (G1 Evacuation Pause) 1199M->677M(1316M) 14.609ms
[2026-04-03T06:30:16.290+0600][16.119s][info][gc,cpu      ] GC(29) User=0.13s Sys=0.00s Real=0.01s
[2026-04-03T06:30:16.291+0600][16.119s][info][gc          ] GC(30) Concurrent Mark Cycle
[2026-04-03T06:30:16.291+0600][16.119s][info][gc,marking  ] GC(30) Concurrent Scan Root Regions
[2026-04-03T06:30:16.350+0600][16.178s][info][gc,marking  ] GC(30) Concurrent Scan Root Regions 59.302ms
[2026-04-03T06:30:16.350+0600][16.178s][info][gc,marking  ] GC(30) Concurrent Mark
[2026-04-03T06:30:16.350+0600][16.179s][info][gc,marking  ] GC(30) Concurrent Mark From Roots
[2026-04-03T06:30:16.350+0600][16.179s][info][gc,task     ] GC(30) Using 3 workers of 3 for marking
[2026-04-03T06:30:16.522+0600][16.351s][info][gc,start    ] GC(31) Pause Full (System.gc())
[2026-04-03T06:30:16.522+0600][16.351s][info][gc,task     ] GC(31) Using 10 workers of 10 for full compaction
[2026-04-03T06:30:16.527+0600][16.355s][info][gc,phases,start] GC(31) Phase 1: Mark live objects
[2026-04-03T06:30:16.709+0600][16.537s][info][gc,phases      ] GC(31) Phase 1: Mark live objects 182.151ms
[2026-04-03T06:30:16.709+0600][16.537s][info][gc,phases,start] GC(31) Phase 2: Prepare compaction
[2026-04-03T06:30:16.749+0600][16.577s][info][gc,phases      ] GC(31) Phase 2: Prepare compaction 39.675ms
[2026-04-03T06:30:16.749+0600][16.577s][info][gc,phases,start] GC(31) Phase 3: Adjust pointers
[2026-04-03T06:30:16.824+0600][16.652s][info][gc,phases      ] GC(31) Phase 3: Adjust pointers 75.152ms
[2026-04-03T06:30:16.824+0600][16.652s][info][gc,phases,start] GC(31) Phase 4: Compact heap
[2026-04-03T06:30:16.864+0600][16.693s][info][gc,phases      ] GC(31) Phase 4: Compact heap 40.191ms
[2026-04-03T06:30:16.864+0600][16.693s][info][gc,phases,start] GC(31) Phase 5: Reset Metadata
[2026-04-03T06:30:16.879+0600][16.707s][info][gc,phases      ] GC(31) Phase 5: Reset Metadata 14.389ms
[2026-04-03T06:30:16.884+0600][16.713s][info][gc,heap        ] GC(31) Eden regions: 64->0(368)
[2026-04-03T06:30:16.884+0600][16.713s][info][gc,heap        ] GC(31) Survivor regions: 14->0(35)
[2026-04-03T06:30:16.884+0600][16.713s][info][gc,heap        ] GC(31) Old regions: 318->226
[2026-04-03T06:30:16.884+0600][16.713s][info][gc,heap        ] GC(31) Humongous regions: 8->2
[2026-04-03T06:30:16.884+0600][16.713s][info][gc,metaspace   ] GC(31) Metaspace: 9212K(9472K)->9212K(9472K) NonClass: 8359K(8512K)->8359K(8512K) Class: 852K(960K)->852K(960K)
[2026-04-03T06:30:16.885+0600][16.713s][info][gc             ] GC(31) Pause Full (System.gc()) 805M->445M(1316M) 362.365ms
[2026-04-03T06:30:16.885+0600][16.713s][info][gc,cpu         ] GC(31) User=3.19s Sys=0.06s Real=0.37s
[2026-04-03T06:30:16.885+0600][16.713s][info][gc,marking     ] GC(30) Concurrent Mark From Roots 534.726ms
[2026-04-03T06:30:16.885+0600][16.713s][info][gc,marking     ] GC(30) Concurrent Mark Abort
[2026-04-03T06:30:16.885+0600][16.713s][info][gc             ] GC(30) Concurrent Mark Cycle 594.288ms
[2026-04-03T06:30:18.740+0600][18.569s][info][gc,start       ] GC(32) Pause Young (Normal) (G1 Evacuation Pause)
[2026-04-03T06:30:18.741+0600][18.569s][info][gc,task        ] GC(32) Using 10 workers of 10 for evacuation
[2026-04-03T06:30:18.753+0600][18.582s][info][gc,phases      ] GC(32)   Pre Evacuate Collection Set: 0.30ms
[2026-04-03T06:30:18.753+0600][18.582s][info][gc,phases      ] GC(32)   Merge Heap Roots: 0.31ms
[2026-04-03T06:30:18.753+0600][18.582s][info][gc,phases      ] GC(32)   Evacuate Collection Set: 10.50ms
[2026-04-03T06:30:18.753+0600][18.582s][info][gc,phases      ] GC(32)   Post Evacuate Collection Set: 1.32ms
[2026-04-03T06:30:18.753+0600][18.582s][info][gc,phases      ] GC(32)   Other: 0.15ms
[2026-04-03T06:30:18.753+0600][18.582s][info][gc,heap        ] GC(32) Eden regions: 368->0(370)
[2026-04-03T06:30:18.753+0600][18.582s][info][gc,heap        ] GC(32) Survivor regions: 0->9(46)
[2026-04-03T06:30:18.753+0600][18.582s][info][gc,heap        ] GC(32) Old regions: 226->226
[2026-04-03T06:30:18.753+0600][18.582s][info][gc,heap        ] GC(32) Humongous regions: 2->2
[2026-04-03T06:30:18.753+0600][18.582s][info][gc,metaspace   ] GC(32) Metaspace: 10163K(10368K)->10163K(10368K) NonClass: 9275K(9408K)->9275K(9408K) Class: 888K(960K)->888K(960K)
[2026-04-03T06:30:18.754+0600][18.582s][info][gc             ] GC(32) Pause Young (Normal) (G1 Evacuation Pause) 1181M->462M(1316M) 13.102ms
[2026-04-03T06:30:18.754+0600][18.582s][info][gc,cpu         ] GC(32) User=0.11s Sys=0.00s Real=0.02s
[2026-04-03T06:30:19.923+0600][19.751s][info][gc,start       ] GC(33) Pause Young (Normal) (G1 Evacuation Pause)
[2026-04-03T06:30:19.923+0600][19.751s][info][gc,task        ] GC(33) Using 10 workers of 10 for evacuation
[2026-04-03T06:30:19.940+0600][19.768s][info][gc,phases      ] GC(33)   Pre Evacuate Collection Set: 0.44ms
[2026-04-03T06:30:19.940+0600][19.768s][info][gc,phases      ] GC(33)   Merge Heap Roots: 0.38ms
[2026-04-03T06:30:19.940+0600][19.768s][info][gc,phases      ] GC(33)   Evacuate Collection Set: 14.57ms
[2026-04-03T06:30:19.940+0600][19.768s][info][gc,phases      ] GC(33)   Post Evacuate Collection Set: 1.17ms
[2026-04-03T06:30:19.940+0600][19.768s][info][gc,phases      ] GC(33)   Other: 0.20ms
[2026-04-03T06:30:19.940+0600][19.768s][info][gc,heap        ] GC(33) Eden regions: 370->0(375)
[2026-04-03T06:30:19.940+0600][19.768s][info][gc,heap        ] GC(33) Survivor regions: 9->12(48)
[2026-04-03T06:30:19.940+0600][19.768s][info][gc,heap        ] GC(33) Old regions: 226->226
[2026-04-03T06:30:19.940+0600][19.768s][info][gc,heap        ] GC(33) Humongous regions: 2->2
[2026-04-03T06:30:19.940+0600][19.768s][info][gc,metaspace   ] GC(33) Metaspace: 10177K(10368K)->10177K(10368K) NonClass: 9288K(9408K)->9288K(9408K) Class: 888K(960K)->888K(960K)
[2026-04-03T06:30:19.940+0600][19.768s][info][gc             ] GC(33) Pause Young (Normal) (G1 Evacuation Pause) 1202M->469M(1316M) 17.162ms
[2026-04-03T06:30:19.940+0600][19.769s][info][gc,cpu         ] GC(33) User=0.17s Sys=0.01s Real=0.02s
[2026-04-03T06:30:20.863+0600][20.691s][info][gc,start       ] GC(34) Pause Young (Normal) (G1 Evacuation Pause)
[2026-04-03T06:30:20.863+0600][20.691s][info][gc,task        ] GC(34) Using 10 workers of 10 for evacuation
[2026-04-03T06:30:20.884+0600][20.712s][info][gc,phases      ] GC(34)   Pre Evacuate Collection Set: 0.32ms
[2026-04-03T06:30:20.884+0600][20.712s][info][gc,phases      ] GC(34)   Merge Heap Roots: 0.52ms
[2026-04-03T06:30:20.884+0600][20.712s][info][gc,phases      ] GC(34)   Evacuate Collection Set: 19.12ms
[2026-04-03T06:30:20.884+0600][20.712s][info][gc,phases      ] GC(34)   Post Evacuate Collection Set: 1.03ms
[2026-04-03T06:30:20.884+0600][20.712s][info][gc,phases      ] GC(34)   Other: 0.15ms
[2026-04-03T06:30:20.884+0600][20.713s][info][gc,heap        ] GC(34) Eden regions: 375->0(377)
[2026-04-03T06:30:20.884+0600][20.713s][info][gc,heap        ] GC(34) Survivor regions: 12->16(49)
[2026-04-03T06:30:20.884+0600][20.713s][info][gc,heap        ] GC(34) Old regions: 226->226
[2026-04-03T06:30:20.884+0600][20.713s][info][gc,heap        ] GC(34) Humongous regions: 2->2
[2026-04-03T06:30:20.884+0600][20.713s][info][gc,metaspace   ] GC(34) Metaspace: 10177K(10368K)->10177K(10368K) NonClass: 9289K(9408K)->9289K(9408K) Class: 888K(960K)->888K(960K)
[2026-04-03T06:30:20.884+0600][20.713s][info][gc             ] GC(34) Pause Young (Normal) (G1 Evacuation Pause) 1219M->476M(1316M) 21.515ms
[2026-04-03T06:30:20.884+0600][20.713s][info][gc,cpu         ] GC(34) User=0.24s Sys=0.00s Real=0.03s
[2026-04-03T06:30:21.851+0600][21.679s][info][gc,start       ] GC(35) Pause Young (Normal) (G1 Evacuation Pause)
[2026-04-03T06:30:21.851+0600][21.679s][info][gc,task        ] GC(35) Using 10 workers of 10 for evacuation
[2026-04-03T06:30:21.874+0600][21.703s][info][gc,phases      ] GC(35)   Pre Evacuate Collection Set: 0.44ms
[2026-04-03T06:30:21.875+0600][21.703s][info][gc,phases      ] GC(35)   Merge Heap Roots: 0.51ms
[2026-04-03T06:30:21.875+0600][21.703s][info][gc,phases      ] GC(35)   Evacuate Collection Set: 21.05ms
[2026-04-03T06:30:21.875+0600][21.703s][info][gc,phases      ] GC(35)   Post Evacuate Collection Set: 1.29ms
[2026-04-03T06:30:21.875+0600][21.703s][info][gc,phases      ] GC(35)   Other: 0.17ms
[2026-04-03T06:30:21.875+0600][21.703s][info][gc,heap        ] GC(35) Eden regions: 377->0(375)
[2026-04-03T06:30:21.875+0600][21.703s][info][gc,heap        ] GC(35) Survivor regions: 16->19(50)
[2026-04-03T06:30:21.875+0600][21.703s][info][gc,heap        ] GC(35) Old regions: 226->226
[2026-04-03T06:30:21.875+0600][21.703s][info][gc,heap        ] GC(35) Humongous regions: 2->2
[2026-04-03T06:30:21.875+0600][21.703s][info][gc,metaspace   ] GC(35) Metaspace: 10178K(10368K)->10178K(10368K) NonClass: 9289K(9408K)->9289K(9408K) Class: 888K(960K)->888K(960K)
[2026-04-03T06:30:21.875+0600][21.703s][info][gc             ] GC(35) Pause Young (Normal) (G1 Evacuation Pause) 1230M->483M(1316M) 24.122ms
[2026-04-03T06:30:21.875+0600][21.703s][info][gc,cpu         ] GC(35) User=0.23s Sys=0.01s Real=0.03s
[2026-04-03T06:30:22.759+0600][22.588s][info][gc,start       ] GC(36) Pause Young (Normal) (G1 Evacuation Pause)
[2026-04-03T06:30:22.759+0600][22.588s][info][gc,task        ] GC(36) Using 10 workers of 10 for evacuation
[2026-04-03T06:30:22.787+0600][22.615s][info][gc,phases      ] GC(36)   Pre Evacuate Collection Set: 0.47ms
[2026-04-03T06:30:22.787+0600][22.615s][info][gc,phases      ] GC(36)   Merge Heap Roots: 0.46ms
[2026-04-03T06:30:22.787+0600][22.615s][info][gc,phases      ] GC(36)   Evacuate Collection Set: 25.05ms
[2026-04-03T06:30:22.787+0600][22.615s][info][gc,phases      ] GC(36)   Post Evacuate Collection Set: 1.25ms
[2026-04-03T06:30:22.787+0600][22.615s][info][gc,phases      ] GC(36)   Other: 0.19ms
[2026-04-03T06:30:22.787+0600][22.615s][info][gc,heap        ] GC(36) Eden regions: 375->0(371)
[2026-04-03T06:30:22.787+0600][22.615s][info][gc,heap        ] GC(36) Survivor regions: 19->23(50)
[2026-04-03T06:30:22.787+0600][22.615s][info][gc,heap        ] GC(36) Old regions: 226->226
[2026-04-03T06:30:22.787+0600][22.615s][info][gc,heap        ] GC(36) Humongous regions: 2->2
[2026-04-03T06:30:22.787+0600][22.615s][info][gc,metaspace   ] GC(36) Metaspace: 10178K(10368K)->10178K(10368K) NonClass: 9290K(9408K)->9290K(9408K) Class: 888K(960K)->888K(960K)
[2026-04-03T06:30:22.787+0600][22.615s][info][gc             ] GC(36) Pause Young (Normal) (G1 Evacuation Pause) 1233M->491M(1316M) 27.957ms
[2026-04-03T06:30:22.787+0600][22.616s][info][gc,cpu         ] GC(36) User=0.29s Sys=0.00s Real=0.03s
[2026-04-03T06:30:23.614+0600][23.442s][info][gc,start       ] GC(37) Pause Young (Normal) (G1 Evacuation Pause)
[2026-04-03T06:30:23.614+0600][23.442s][info][gc,task        ] GC(37) Using 10 workers of 10 for evacuation
[2026-04-03T06:30:23.641+0600][23.470s][info][gc,phases      ] GC(37)   Pre Evacuate Collection Set: 0.50ms
[2026-04-03T06:30:23.641+0600][23.470s][info][gc,phases      ] GC(37)   Merge Heap Roots: 0.33ms
[2026-04-03T06:30:23.641+0600][23.470s][info][gc,phases      ] GC(37)   Evacuate Collection Set: 24.47ms
[2026-04-03T06:30:23.641+0600][23.470s][info][gc,phases      ] GC(37)   Post Evacuate Collection Set: 1.96ms
[2026-04-03T06:30:23.641+0600][23.470s][info][gc,phases      ] GC(37)   Other: 0.20ms
[2026-04-03T06:30:23.641+0600][23.470s][info][gc,heap        ] GC(37) Eden regions: 371->0(401)
[2026-04-03T06:30:23.641+0600][23.470s][info][gc,heap        ] GC(37) Survivor regions: 23->25(50)
[2026-04-03T06:30:23.641+0600][23.470s][info][gc,heap        ] GC(37) Old regions: 226->226
[2026-04-03T06:30:23.641+0600][23.470s][info][gc,heap        ] GC(37) Humongous regions: 2->2
[2026-04-03T06:30:23.642+0600][23.470s][info][gc,metaspace   ] GC(37) Metaspace: 10186K(10368K)->10186K(10368K) NonClass: 9297K(9408K)->9297K(9408K) Class: 889K(960K)->889K(960K)
[2026-04-03T06:30:23.642+0600][23.470s][info][gc             ] GC(37) Pause Young (Normal) (G1 Evacuation Pause) 1233M->495M(1422M) 27.860ms
[2026-04-03T06:30:23.642+0600][23.470s][info][gc,cpu         ] GC(37) User=0.27s Sys=0.00s Real=0.02s
[2026-04-03T06:30:24.466+0600][24.294s][info][gc,start       ] GC(38) Pause Young (Normal) (G1 Evacuation Pause)
[2026-04-03T06:30:24.466+0600][24.294s][info][gc,task        ] GC(38) Using 10 workers of 10 for evacuation
[2026-04-03T06:30:24.499+0600][24.327s][info][gc,phases      ] GC(38)   Pre Evacuate Collection Set: 0.51ms
[2026-04-03T06:30:24.499+0600][24.327s][info][gc,phases      ] GC(38)   Merge Heap Roots: 0.33ms
[2026-04-03T06:30:24.499+0600][24.327s][info][gc,phases      ] GC(38)   Evacuate Collection Set: 30.74ms
[2026-04-03T06:30:24.499+0600][24.327s][info][gc,phases      ] GC(38)   Post Evacuate Collection Set: 0.96ms
[2026-04-03T06:30:24.499+0600][24.327s][info][gc,phases      ] GC(38)   Other: 0.29ms
[2026-04-03T06:30:24.499+0600][24.327s][info][gc,heap        ] GC(38) Eden regions: 401->0(397)
[2026-04-03T06:30:24.499+0600][24.327s][info][gc,heap        ] GC(38) Survivor regions: 25->29(54)
[2026-04-03T06:30:24.499+0600][24.327s][info][gc,heap        ] GC(38) Old regions: 226->226
[2026-04-03T06:30:24.499+0600][24.327s][info][gc,heap        ] GC(38) Humongous regions: 2->2
[2026-04-03T06:30:24.499+0600][24.327s][info][gc,metaspace   ] GC(38) Metaspace: 10187K(10368K)->10187K(10368K) NonClass: 9298K(9408K)->9298K(9408K) Class: 889K(960K)->889K(960K)
[2026-04-03T06:30:24.499+0600][24.327s][info][gc             ] GC(38) Pause Young (Normal) (G1 Evacuation Pause) 1297M->502M(1422M) 33.273ms
[2026-04-03T06:30:24.499+0600][24.327s][info][gc,cpu         ] GC(38) User=0.31s Sys=0.01s Real=0.03s
[2026-04-03T06:30:25.419+0600][25.248s][info][gc,start       ] GC(39) Pause Young (Normal) (G1 Evacuation Pause)
[2026-04-03T06:30:25.420+0600][25.248s][info][gc,task        ] GC(39) Using 10 workers of 10 for evacuation
[2026-04-03T06:30:25.457+0600][25.285s][info][gc,phases      ] GC(39)   Pre Evacuate Collection Set: 0.51ms
[2026-04-03T06:30:25.457+0600][25.285s][info][gc,phases      ] GC(39)   Merge Heap Roots: 0.25ms
[2026-04-03T06:30:25.457+0600][25.285s][info][gc,phases      ] GC(39)   Evacuate Collection Set: 34.81ms
[2026-04-03T06:30:25.457+0600][25.285s][info][gc,phases      ] GC(39)   Post Evacuate Collection Set: 1.33ms
[2026-04-03T06:30:25.457+0600][25.285s][info][gc,phases      ] GC(39)   Other: 0.27ms
[2026-04-03T06:30:25.457+0600][25.285s][info][gc,heap        ] GC(39) Eden regions: 397->0(394)
[2026-04-03T06:30:25.457+0600][25.285s][info][gc,heap        ] GC(39) Survivor regions: 29->32(54)
[2026-04-03T06:30:25.457+0600][25.285s][info][gc,heap        ] GC(39) Old regions: 226->226
[2026-04-03T06:30:25.457+0600][25.285s][info][gc,heap        ] GC(39) Humongous regions: 2->2
[2026-04-03T06:30:25.457+0600][25.285s][info][gc,metaspace   ] GC(39) Metaspace: 10188K(10368K)->10188K(10368K) NonClass: 9298K(9408K)->9298K(9408K) Class: 889K(960K)->889K(960K)
[2026-04-03T06:30:25.457+0600][25.285s][info][gc             ] GC(39) Pause Young (Normal) (G1 Evacuation Pause) 1296M->508M(1422M) 37.597ms
[2026-04-03T06:30:25.457+0600][25.285s][info][gc,cpu         ] GC(39) User=0.36s Sys=0.00s Real=0.04s
[2026-04-03T06:30:26.304+0600][26.133s][info][gc,start       ] GC(40) Pause Young (Normal) (G1 Evacuation Pause)
[2026-04-03T06:30:26.304+0600][26.133s][info][gc,task        ] GC(40) Using 10 workers of 10 for evacuation
[2026-04-03T06:30:26.344+0600][26.173s][info][gc,phases      ] GC(40)   Pre Evacuate Collection Set: 0.38ms
[2026-04-03T06:30:26.344+0600][26.173s][info][gc,phases      ] GC(40)   Merge Heap Roots: 0.26ms
[2026-04-03T06:30:26.344+0600][26.173s][info][gc,phases      ] GC(40)   Evacuate Collection Set: 37.40ms
[2026-04-03T06:30:26.344+0600][26.173s][info][gc,phases      ] GC(40)   Post Evacuate Collection Set: 1.40ms
[2026-04-03T06:30:26.344+0600][26.173s][info][gc,phases      ] GC(40)   Other: 0.17ms
[2026-04-03T06:30:26.344+0600][26.173s][info][gc,heap        ] GC(40) Eden regions: 394->0(394)
[2026-04-03T06:30:26.344+0600][26.173s][info][gc,heap        ] GC(40) Survivor regions: 32->32(54)
[2026-04-03T06:30:26.344+0600][26.173s][info][gc,heap        ] GC(40) Old regions: 226->230
[2026-04-03T06:30:26.344+0600][26.173s][info][gc,heap        ] GC(40) Humongous regions: 2->2
[2026-04-03T06:30:26.344+0600][26.173s][info][gc,metaspace   ] GC(40) Metaspace: 10188K(10368K)->10188K(10368K) NonClass: 9298K(9408K)->9298K(9408K) Class: 889K(960K)->889K(960K)
[2026-04-03T06:30:26.344+0600][26.173s][info][gc             ] GC(40) Pause Young (Normal) (G1 Evacuation Pause) 1296M->514M(1422M) 40.085ms
[2026-04-03T06:30:26.344+0600][26.173s][info][gc,cpu         ] GC(40) User=0.39s Sys=0.00s Real=0.04s
[2026-04-03T06:30:27.259+0600][27.087s][info][gc,start       ] GC(41) Pause Young (Normal) (G1 Evacuation Pause)
[2026-04-03T06:30:27.259+0600][27.088s][info][gc,task        ] GC(41) Using 10 workers of 10 for evacuation
[2026-04-03T06:30:27.295+0600][27.124s][info][gc,phases      ] GC(41)   Pre Evacuate Collection Set: 0.49ms
[2026-04-03T06:30:27.295+0600][27.124s][info][gc,phases      ] GC(41)   Merge Heap Roots: 0.25ms
[2026-04-03T06:30:27.295+0600][27.124s][info][gc,phases      ] GC(41)   Evacuate Collection Set: 34.18ms
[2026-04-03T06:30:27.295+0600][27.124s][info][gc,phases      ] GC(41)   Post Evacuate Collection Set: 0.92ms
[2026-04-03T06:30:27.295+0600][27.124s][info][gc,phases      ] GC(41)   Other: 0.18ms
[2026-04-03T06:30:27.295+0600][27.124s][info][gc,heap        ] GC(41) Eden regions: 394->0(395)
[2026-04-03T06:30:27.295+0600][27.124s][info][gc,heap        ] GC(41) Survivor regions: 32->31(54)
[2026-04-03T06:30:27.295+0600][27.124s][info][gc,heap        ] GC(41) Old regions: 230->232
[2026-04-03T06:30:27.295+0600][27.124s][info][gc,heap        ] GC(41) Humongous regions: 2->2
[2026-04-03T06:30:27.295+0600][27.124s][info][gc,metaspace   ] GC(41) Metaspace: 10188K(10368K)->10188K(10368K) NonClass: 9298K(9408K)->9298K(9408K) Class: 889K(960K)->889K(960K)
[2026-04-03T06:30:27.295+0600][27.124s][info][gc             ] GC(41) Pause Young (Normal) (G1 Evacuation Pause) 1302M->519M(1422M) 36.438ms
[2026-04-03T06:30:27.295+0600][27.124s][info][gc,cpu         ] GC(41) User=0.33s Sys=0.00s Real=0.04s
[2026-04-03T06:30:27.909+0600][27.737s][info][gc,start       ] GC(42) Pause Young (Normal) (G1 Evacuation Pause)
[2026-04-03T06:30:27.909+0600][27.738s][info][gc,task        ] GC(42) Using 10 workers of 10 for evacuation
[2026-04-03T06:30:27.943+0600][27.772s][info][gc,phases      ] GC(42)   Pre Evacuate Collection Set: 0.36ms
[2026-04-03T06:30:27.943+0600][27.772s][info][gc,phases      ] GC(42)   Merge Heap Roots: 0.31ms
[2026-04-03T06:30:27.943+0600][27.772s][info][gc,phases      ] GC(42)   Evacuate Collection Set: 32.56ms
[2026-04-03T06:30:27.943+0600][27.772s][info][gc,phases      ] GC(42)   Post Evacuate Collection Set: 0.75ms
[2026-04-03T06:30:27.943+0600][27.772s][info][gc,phases      ] GC(42)   Other: 0.17ms
[2026-04-03T06:30:27.943+0600][27.772s][info][gc,heap        ] GC(42) Eden regions: 395->0(394)
[2026-04-03T06:30:27.943+0600][27.772s][info][gc,heap        ] GC(42) Survivor regions: 31->32(54)
[2026-04-03T06:30:27.943+0600][27.772s][info][gc,heap        ] GC(42) Old regions: 232->235
[2026-04-03T06:30:27.943+0600][27.772s][info][gc,heap        ] GC(42) Humongous regions: 2->2
[2026-04-03T06:30:27.943+0600][27.772s][info][gc,metaspace   ] GC(42) Metaspace: 10188K(10368K)->10188K(10368K) NonClass: 9298K(9408K)->9298K(9408K) Class: 889K(960K)->889K(960K)
[2026-04-03T06:30:27.943+0600][27.772s][info][gc             ] GC(42) Pause Young (Normal) (G1 Evacuation Pause) 1309M->527M(1422M) 34.565ms
[2026-04-03T06:30:27.944+0600][27.772s][info][gc,cpu         ] GC(42) User=0.33s Sys=0.00s Real=0.04s
[2026-04-03T06:30:28.579+0600][28.408s][info][gc,start       ] GC(43) Pause Young (Normal) (G1 Evacuation Pause)
[2026-04-03T06:30:28.580+0600][28.408s][info][gc,task        ] GC(43) Using 10 workers of 10 for evacuation
[2026-04-03T06:30:28.614+0600][28.443s][info][gc,phases      ] GC(43)   Pre Evacuate Collection Set: 0.53ms
[2026-04-03T06:30:28.614+0600][28.443s][info][gc,phases      ] GC(43)   Merge Heap Roots: 0.29ms
[2026-04-03T06:30:28.614+0600][28.443s][info][gc,phases      ] GC(43)   Evacuate Collection Set: 32.17ms
[2026-04-03T06:30:28.614+0600][28.443s][info][gc,phases      ] GC(43)   Post Evacuate Collection Set: 1.11ms
[2026-04-03T06:30:28.614+0600][28.443s][info][gc,phases      ] GC(43)   Other: 0.24ms
[2026-04-03T06:30:28.614+0600][28.443s][info][gc,heap        ] GC(43) Eden regions: 394->0(394)
[2026-04-03T06:30:28.614+0600][28.443s][info][gc,heap        ] GC(43) Survivor regions: 32->32(54)
[2026-04-03T06:30:28.614+0600][28.443s][info][gc,heap        ] GC(43) Old regions: 235->238
[2026-04-03T06:30:28.614+0600][28.443s][info][gc,heap        ] GC(43) Humongous regions: 2->2
[2026-04-03T06:30:28.614+0600][28.443s][info][gc,metaspace   ] GC(43) Metaspace: 10188K(10368K)->10188K(10368K) NonClass: 9298K(9408K)->9298K(9408K) Class: 889K(960K)->889K(960K)
[2026-04-03T06:30:28.615+0600][28.443s][info][gc             ] GC(43) Pause Young (Normal) (G1 Evacuation Pause) 1315M->532M(1422M) 35.094ms
[2026-04-03T06:30:28.615+0600][28.443s][info][gc,cpu         ] GC(43) User=0.32s Sys=0.00s Real=0.04s
[2026-04-03T06:30:29.180+0600][29.008s][info][gc,start       ] GC(44) Pause Young (Normal) (G1 Evacuation Pause)
[2026-04-03T06:30:29.180+0600][29.008s][info][gc,task        ] GC(44) Using 10 workers of 10 for evacuation
[2026-04-03T06:30:29.220+0600][29.048s][info][gc,phases      ] GC(44)   Pre Evacuate Collection Set: 0.58ms
[2026-04-03T06:30:29.220+0600][29.048s][info][gc,phases      ] GC(44)   Merge Heap Roots: 0.31ms
[2026-04-03T06:30:29.220+0600][29.048s][info][gc,phases      ] GC(44)   Evacuate Collection Set: 37.60ms
[2026-04-03T06:30:29.220+0600][29.048s][info][gc,phases      ] GC(44)   Post Evacuate Collection Set: 1.04ms
[2026-04-03T06:30:29.220+0600][29.048s][info][gc,phases      ] GC(44)   Other: 0.21ms
[2026-04-03T06:30:29.220+0600][29.048s][info][gc,heap        ] GC(44) Eden regions: 394->0(394)
[2026-04-03T06:30:29.220+0600][29.048s][info][gc,heap        ] GC(44) Survivor regions: 32->32(54)
[2026-04-03T06:30:29.220+0600][29.048s][info][gc,heap        ] GC(44) Old regions: 238->241
[2026-04-03T06:30:29.220+0600][29.048s][info][gc,heap        ] GC(44) Humongous regions: 2->2
[2026-04-03T06:30:29.220+0600][29.048s][info][gc,metaspace   ] GC(44) Metaspace: 10188K(10368K)->10188K(10368K) NonClass: 9298K(9408K)->9298K(9408K) Class: 889K(960K)->889K(960K)
[2026-04-03T06:30:29.220+0600][29.048s][info][gc             ] GC(44) Pause Young (Normal) (G1 Evacuation Pause) 1320M->538M(1422M) 40.305ms
[2026-04-03T06:30:29.220+0600][29.048s][info][gc,cpu         ] GC(44) User=0.36s Sys=0.00s Real=0.04s
[2026-04-03T06:30:29.865+0600][29.693s][info][gc,start       ] GC(45) Pause Young (Normal) (G1 Evacuation Pause)
[2026-04-03T06:30:29.865+0600][29.693s][info][gc,task        ] GC(45) Using 10 workers of 10 for evacuation
[2026-04-03T06:30:29.903+0600][29.732s][info][gc,phases      ] GC(45)   Pre Evacuate Collection Set: 0.46ms
[2026-04-03T06:30:29.904+0600][29.732s][info][gc,phases      ] GC(45)   Merge Heap Roots: 0.76ms
[2026-04-03T06:30:29.904+0600][29.732s][info][gc,phases      ] GC(45)   Evacuate Collection Set: 36.39ms
[2026-04-03T06:30:29.904+0600][29.732s][info][gc,phases      ] GC(45)   Post Evacuate Collection Set: 0.76ms
[2026-04-03T06:30:29.904+0600][29.732s][info][gc,phases      ] GC(45)   Other: 0.18ms
[2026-04-03T06:30:29.904+0600][29.732s][info][gc,heap        ] GC(45) Eden regions: 394->0(397)
[2026-04-03T06:30:29.904+0600][29.732s][info][gc,heap        ] GC(45) Survivor regions: 32->29(54)
[2026-04-03T06:30:29.904+0600][29.732s][info][gc,heap        ] GC(45) Old regions: 241->246
[2026-04-03T06:30:29.904+0600][29.732s][info][gc,heap        ] GC(45) Humongous regions: 2->2
[2026-04-03T06:30:29.904+0600][29.732s][info][gc,metaspace   ] GC(45) Metaspace: 10189K(10368K)->10189K(10368K) NonClass: 9300K(9408K)->9300K(9408K) Class: 889K(960K)->889K(960K)
[2026-04-03T06:30:29.904+0600][29.732s][info][gc             ] GC(45) Pause Young (Normal) (G1 Evacuation Pause) 1326M->543M(1422M) 38.995ms
[2026-04-03T06:30:29.904+0600][29.732s][info][gc,cpu         ] GC(45) User=0.36s Sys=0.01s Real=0.04s
[2026-04-03T06:30:30.498+0600][30.326s][info][gc,start       ] GC(46) Pause Young (Normal) (G1 Evacuation Pause)
[2026-04-03T06:30:30.498+0600][30.327s][info][gc,task        ] GC(46) Using 10 workers of 10 for evacuation
[2026-04-03T06:30:30.537+0600][30.366s][info][gc,phases      ] GC(46)   Pre Evacuate Collection Set: 0.37ms
[2026-04-03T06:30:30.537+0600][30.366s][info][gc,phases      ] GC(46)   Merge Heap Roots: 0.30ms
[2026-04-03T06:30:30.538+0600][30.366s][info][gc,phases      ] GC(46)   Evacuate Collection Set: 36.97ms
[2026-04-03T06:30:30.538+0600][30.366s][info][gc,phases      ] GC(46)   Post Evacuate Collection Set: 1.19ms
[2026-04-03T06:30:30.538+0600][30.366s][info][gc,phases      ] GC(46)   Other: 0.20ms
[2026-04-03T06:30:30.538+0600][30.366s][info][gc,heap        ] GC(46) Eden regions: 397->0(393)
[2026-04-03T06:30:30.538+0600][30.366s][info][gc,heap        ] GC(46) Survivor regions: 29->33(54)
[2026-04-03T06:30:30.538+0600][30.366s][info][gc,heap        ] GC(46) Old regions: 246->246
[2026-04-03T06:30:30.538+0600][30.366s][info][gc,heap        ] GC(46) Humongous regions: 2->2
[2026-04-03T06:30:30.538+0600][30.366s][info][gc,metaspace   ] GC(46) Metaspace: 10189K(10368K)->10189K(10368K) NonClass: 9300K(9408K)->9300K(9408K) Class: 889K(960K)->889K(960K)
[2026-04-03T06:30:30.538+0600][30.366s][info][gc             ] GC(46) Pause Young (Normal) (G1 Evacuation Pause) 1337M->551M(1422M) 39.772ms
[2026-04-03T06:30:30.538+0600][30.366s][info][gc,cpu         ] GC(46) User=0.35s Sys=0.01s Real=0.04s
[2026-04-03T06:30:31.208+0600][31.037s][info][gc,start       ] GC(47) Pause Young (Normal) (G1 Evacuation Pause)
[2026-04-03T06:30:31.209+0600][31.037s][info][gc,task        ] GC(47) Using 10 workers of 10 for evacuation
[2026-04-03T06:30:31.252+0600][31.081s][info][gc,phases      ] GC(47)   Pre Evacuate Collection Set: 0.48ms
[2026-04-03T06:30:31.252+0600][31.081s][info][gc,phases      ] GC(47)   Merge Heap Roots: 0.31ms
[2026-04-03T06:30:31.252+0600][31.081s][info][gc,phases      ] GC(47)   Evacuate Collection Set: 41.55ms
[2026-04-03T06:30:31.252+0600][31.081s][info][gc,phases      ] GC(47)   Post Evacuate Collection Set: 0.82ms
[2026-04-03T06:30:31.252+0600][31.081s][info][gc,phases      ] GC(47)   Other: 0.17ms
[2026-04-03T06:30:31.252+0600][31.081s][info][gc,heap        ] GC(47) Eden regions: 393->0(390)
[2026-04-03T06:30:31.252+0600][31.081s][info][gc,heap        ] GC(47) Survivor regions: 33->30(54)
[2026-04-03T06:30:31.252+0600][31.081s][info][gc,heap        ] GC(47) Old regions: 246->252
[2026-04-03T06:30:31.252+0600][31.081s][info][gc,heap        ] GC(47) Humongous regions: 2->2
[2026-04-03T06:30:31.252+0600][31.081s][info][gc,metaspace   ] GC(47) Metaspace: 10189K(10368K)->10189K(10368K) NonClass: 9300K(9408K)->9300K(9408K) Class: 889K(960K)->889K(960K)
[2026-04-03T06:30:31.252+0600][31.081s][info][gc             ] GC(47) Pause Young (Normal) (G1 Evacuation Pause) 1337M->557M(1422M) 43.783ms
[2026-04-03T06:30:31.252+0600][31.081s][info][gc,cpu         ] GC(47) User=0.38s Sys=0.00s Real=0.04s
[2026-04-03T06:30:31.875+0600][31.704s][info][gc,start       ] GC(48) Pause Young (Normal) (G1 Evacuation Pause)
[2026-04-03T06:30:31.876+0600][31.704s][info][gc,task        ] GC(48) Using 10 workers of 10 for evacuation
[2026-04-03T06:30:31.911+0600][31.739s][info][gc,phases      ] GC(48)   Pre Evacuate Collection Set: 0.48ms
[2026-04-03T06:30:31.911+0600][31.740s][info][gc,phases      ] GC(48)   Merge Heap Roots: 0.34ms
[2026-04-03T06:30:31.911+0600][31.740s][info][gc,phases      ] GC(48)   Evacuate Collection Set: 32.94ms
[2026-04-03T06:30:31.911+0600][31.740s][info][gc,phases      ] GC(48)   Post Evacuate Collection Set: 1.47ms
[2026-04-03T06:30:31.911+0600][31.740s][info][gc,phases      ] GC(48)   Other: 0.16ms
[2026-04-03T06:30:31.911+0600][31.740s][info][gc,heap        ] GC(48) Eden regions: 390->0(426)
[2026-04-03T06:30:31.911+0600][31.740s][info][gc,heap        ] GC(48) Survivor regions: 30->30(53)
[2026-04-03T06:30:31.911+0600][31.740s][info][gc,heap        ] GC(48) Old regions: 252->255
[2026-04-03T06:30:31.911+0600][31.740s][info][gc,heap        ] GC(48) Humongous regions: 2->2
[2026-04-03T06:30:31.911+0600][31.740s][info][gc,metaspace   ] GC(48) Metaspace: 10190K(10368K)->10190K(10368K) NonClass: 9301K(9408K)->9301K(9408K) Class: 889K(960K)->889K(960K)
[2026-04-03T06:30:31.911+0600][31.740s][info][gc             ] GC(48) Pause Young (Normal) (G1 Evacuation Pause) 1337M->562M(1522M) 35.822ms
[2026-04-03T06:30:31.911+0600][31.740s][info][gc,cpu         ] GC(48) User=0.37s Sys=0.00s Real=0.03s
[2026-04-03T06:30:32.573+0600][32.401s][info][gc,start       ] GC(49) Pause Young (Normal) (G1 Evacuation Pause)
[2026-04-03T06:30:32.573+0600][32.401s][info][gc,task        ] GC(49) Using 10 workers of 10 for evacuation
[2026-04-03T06:30:32.606+0600][32.435s][info][gc,phases      ] GC(49)   Pre Evacuate Collection Set: 0.57ms
[2026-04-03T06:30:32.606+0600][32.435s][info][gc,phases      ] GC(49)   Merge Heap Roots: 0.38ms
[2026-04-03T06:30:32.606+0600][32.435s][info][gc,phases      ] GC(49)   Evacuate Collection Set: 31.00ms
[2026-04-03T06:30:32.606+0600][32.435s][info][gc,phases      ] GC(49)   Post Evacuate Collection Set: 1.19ms
[2026-04-03T06:30:32.606+0600][32.435s][info][gc,phases      ] GC(49)   Other: 0.27ms
[2026-04-03T06:30:32.606+0600][32.435s][info][gc,heap        ] GC(49) Eden regions: 426->0(423)
[2026-04-03T06:30:32.606+0600][32.435s][info][gc,heap        ] GC(49) Survivor regions: 30->33(57)
[2026-04-03T06:30:32.606+0600][32.435s][info][gc,heap        ] GC(49) Old regions: 255->255
[2026-04-03T06:30:32.606+0600][32.435s][info][gc,heap        ] GC(49) Humongous regions: 2->2
[2026-04-03T06:30:32.606+0600][32.435s][info][gc,metaspace   ] GC(49) Metaspace: 10190K(10368K)->10190K(10368K) NonClass: 9301K(9408K)->9301K(9408K) Class: 889K(960K)->889K(960K)
[2026-04-03T06:30:32.606+0600][32.435s][info][gc             ] GC(49) Pause Young (Normal) (G1 Evacuation Pause) 1414M->568M(1522M) 33.909ms
[2026-04-03T06:30:32.607+0600][32.435s][info][gc,cpu         ] GC(49) User=0.31s Sys=0.00s Real=0.04s
[2026-04-03T06:30:33.236+0600][33.065s][info][gc,start       ] GC(50) Pause Young (Normal) (G1 Evacuation Pause)
[2026-04-03T06:30:33.236+0600][33.065s][info][gc,task        ] GC(50) Using 10 workers of 10 for evacuation
[2026-04-03T06:30:33.276+0600][33.104s][info][gc,phases      ] GC(50)   Pre Evacuate Collection Set: 0.45ms
[2026-04-03T06:30:33.276+0600][33.105s][info][gc,phases      ] GC(50)   Merge Heap Roots: 0.34ms
[2026-04-03T06:30:33.276+0600][33.105s][info][gc,phases      ] GC(50)   Evacuate Collection Set: 37.43ms
[2026-04-03T06:30:33.276+0600][33.105s][info][gc,phases      ] GC(50)   Post Evacuate Collection Set: 1.14ms
[2026-04-03T06:30:33.276+0600][33.105s][info][gc,phases      ] GC(50)   Other: 0.18ms
[2026-04-03T06:30:33.276+0600][33.105s][info][gc,heap        ] GC(50) Eden regions: 423->0(423)
[2026-04-03T06:30:33.276+0600][33.105s][info][gc,heap        ] GC(50) Survivor regions: 33->33(57)
[2026-04-03T06:30:33.276+0600][33.105s][info][gc,heap        ] GC(50) Old regions: 255->258
[2026-04-03T06:30:33.276+0600][33.105s][info][gc,heap        ] GC(50) Humongous regions: 2->2
[2026-04-03T06:30:33.276+0600][33.105s][info][gc,metaspace   ] GC(50) Metaspace: 10190K(10368K)->10190K(10368K) NonClass: 9301K(9408K)->9301K(9408K) Class: 889K(960K)->889K(960K)
[2026-04-03T06:30:33.276+0600][33.105s][info][gc             ] GC(50) Pause Young (Normal) (G1 Evacuation Pause) 1414M->575M(1522M) 39.936ms
[2026-04-03T06:30:33.276+0600][33.105s][info][gc,cpu         ] GC(50) User=0.35s Sys=0.00s Real=0.04s
[2026-04-03T06:30:34.073+0600][33.901s][info][gc,start       ] GC(51) Pause Young (Normal) (G1 Evacuation Pause)
[2026-04-03T06:30:34.073+0600][33.901s][info][gc,task        ] GC(51) Using 10 workers of 10 for evacuation
[2026-04-03T06:30:34.117+0600][33.946s][info][gc,phases      ] GC(51)   Pre Evacuate Collection Set: 0.40ms
[2026-04-03T06:30:34.117+0600][33.946s][info][gc,phases      ] GC(51)   Merge Heap Roots: 0.30ms
[2026-04-03T06:30:34.117+0600][33.946s][info][gc,phases      ] GC(51)   Evacuate Collection Set: 41.96ms
[2026-04-03T06:30:34.117+0600][33.946s][info][gc,phases      ] GC(51)   Post Evacuate Collection Set: 1.40ms
[2026-04-03T06:30:34.117+0600][33.946s][info][gc,phases      ] GC(51)   Other: 0.18ms
[2026-04-03T06:30:34.117+0600][33.946s][info][gc,heap        ] GC(51) Eden regions: 423->0(423)
[2026-04-03T06:30:34.117+0600][33.946s][info][gc,heap        ] GC(51) Survivor regions: 33->33(57)
[2026-04-03T06:30:34.117+0600][33.946s][info][gc,heap        ] GC(51) Old regions: 258->261
[2026-04-03T06:30:34.117+0600][33.946s][info][gc,heap        ] GC(51) Humongous regions: 2->2
[2026-04-03T06:30:34.117+0600][33.946s][info][gc,metaspace   ] GC(51) Metaspace: 10190K(10368K)->10190K(10368K) NonClass: 9301K(9408K)->9301K(9408K) Class: 889K(960K)->889K(960K)
[2026-04-03T06:30:34.117+0600][33.946s][info][gc             ] GC(51) Pause Young (Normal) (G1 Evacuation Pause) 1421M->581M(1522M) 44.756ms
[2026-04-03T06:30:34.117+0600][33.946s][info][gc,cpu         ] GC(51) User=0.42s Sys=0.00s Real=0.05s
[2026-04-03T06:30:34.919+0600][34.747s][info][gc,start       ] GC(52) Pause Young (Normal) (G1 Evacuation Pause)
[2026-04-03T06:30:34.919+0600][34.747s][info][gc,task        ] GC(52) Using 10 workers of 10 for evacuation
[2026-04-03T06:30:34.964+0600][34.792s][info][gc,phases      ] GC(52)   Pre Evacuate Collection Set: 0.38ms
[2026-04-03T06:30:34.964+0600][34.793s][info][gc,phases      ] GC(52)   Merge Heap Roots: 0.49ms
[2026-04-03T06:30:34.964+0600][34.793s][info][gc,phases      ] GC(52)   Evacuate Collection Set: 42.72ms
[2026-04-03T06:30:34.964+0600][34.793s][info][gc,phases      ] GC(52)   Post Evacuate Collection Set: 1.32ms
[2026-04-03T06:30:34.964+0600][34.793s][info][gc,phases      ] GC(52)   Other: 0.17ms
[2026-04-03T06:30:34.964+0600][34.793s][info][gc,heap        ] GC(52) Eden regions: 423->0(421)
[2026-04-03T06:30:34.964+0600][34.793s][info][gc,heap        ] GC(52) Survivor regions: 33->35(57)
[2026-04-03T06:30:34.964+0600][34.793s][info][gc,heap        ] GC(52) Old regions: 261->264
[2026-04-03T06:30:34.964+0600][34.793s][info][gc,heap        ] GC(52) Humongous regions: 2->2
[2026-04-03T06:30:34.964+0600][34.793s][info][gc,metaspace   ] GC(52) Metaspace: 10190K(10368K)->10190K(10368K) NonClass: 9301K(9408K)->9301K(9408K) Class: 889K(960K)->889K(960K)
[2026-04-03T06:30:34.964+0600][34.793s][info][gc             ] GC(52) Pause Young (Normal) (G1 Evacuation Pause) 1427M->589M(1522M) 45.558ms
[2026-04-03T06:30:34.964+0600][34.793s][info][gc,cpu         ] GC(52) User=0.41s Sys=0.01s Real=0.05s
[2026-04-03T06:30:35.675+0600][35.504s][info][gc,start       ] GC(53) Pause Young (Normal) (G1 Evacuation Pause)
[2026-04-03T06:30:35.676+0600][35.504s][info][gc,task        ] GC(53) Using 10 workers of 10 for evacuation
[2026-04-03T06:30:35.721+0600][35.549s][info][gc,phases      ] GC(53)   Pre Evacuate Collection Set: 0.38ms
[2026-04-03T06:30:35.721+0600][35.549s][info][gc,phases      ] GC(53)   Merge Heap Roots: 0.34ms
[2026-04-03T06:30:35.721+0600][35.549s][info][gc,phases      ] GC(53)   Evacuate Collection Set: 43.14ms
[2026-04-03T06:30:35.721+0600][35.549s][info][gc,phases      ] GC(53)   Post Evacuate Collection Set: 0.92ms
[2026-04-03T06:30:35.721+0600][35.549s][info][gc,phases      ] GC(53)   Other: 0.18ms
[2026-04-03T06:30:35.721+0600][35.549s][info][gc,heap        ] GC(53) Eden regions: 421->0(418)
[2026-04-03T06:30:35.721+0600][35.549s][info][gc,heap        ] GC(53) Survivor regions: 35->32(57)
[2026-04-03T06:30:35.721+0600][35.549s][info][gc,heap        ] GC(53) Old regions: 264->270
[2026-04-03T06:30:35.721+0600][35.549s][info][gc,heap        ] GC(53) Humongous regions: 2->2
[2026-04-03T06:30:35.721+0600][35.549s][info][gc,metaspace   ] GC(53) Metaspace: 10191K(10368K)->10191K(10368K) NonClass: 9301K(9408K)->9301K(9408K) Class: 889K(960K)->889K(960K)
[2026-04-03T06:30:35.721+0600][35.549s][info][gc             ] GC(53) Pause Young (Normal) (G1 Evacuation Pause) 1431M->595M(1522M) 45.450ms
[2026-04-03T06:30:35.721+0600][35.549s][info][gc,cpu         ] GC(53) User=0.46s Sys=0.01s Real=0.04s
[2026-04-03T06:30:36.763+0600][36.592s][info][gc,start       ] GC(54) Pause Young (Normal) (G1 Evacuation Pause)
[2026-04-03T06:30:36.763+0600][36.592s][info][gc,task        ] GC(54) Using 10 workers of 10 for evacuation
[2026-04-03T06:30:36.805+0600][36.634s][info][gc,phases      ] GC(54)   Pre Evacuate Collection Set: 0.22ms
[2026-04-03T06:30:36.805+0600][36.634s][info][gc,phases      ] GC(54)   Merge Heap Roots: 0.17ms
[2026-04-03T06:30:36.805+0600][36.634s][info][gc,phases      ] GC(54)   Evacuate Collection Set: 40.56ms
[2026-04-03T06:30:36.805+0600][36.634s][info][gc,phases      ] GC(54)   Post Evacuate Collection Set: 0.83ms
[2026-04-03T06:30:36.805+0600][36.634s][info][gc,phases      ] GC(54)   Other: 0.13ms
[2026-04-03T06:30:36.805+0600][36.634s][info][gc,heap        ] GC(54) Eden regions: 418->0(411)
[2026-04-03T06:30:36.805+0600][36.634s][info][gc,heap        ] GC(54) Survivor regions: 32->41(57)
[2026-04-03T06:30:36.805+0600][36.634s][info][gc,heap        ] GC(54) Old regions: 270->273
[2026-04-03T06:30:36.805+0600][36.634s][info][gc,heap        ] GC(54) Humongous regions: 2->2
[2026-04-03T06:30:36.805+0600][36.634s][info][gc,metaspace   ] GC(54) Metaspace: 10394K(10688K)->10394K(10688K) NonClass: 9492K(9664K)->9492K(9664K) Class: 901K(1024K)->901K(1024K)
[2026-04-03T06:30:36.805+0600][36.634s][info][gc             ] GC(54) Pause Young (Normal) (G1 Evacuation Pause) 1431M->620M(1532M) 42.257ms
[2026-04-03T06:30:36.805+0600][36.634s][info][gc,cpu         ] GC(54) User=0.39s Sys=0.01s Real=0.04s
[2026-04-03T06:30:38.905+0600][38.734s][info][gc,start       ] GC(55) Pause Young (Normal) (G1 Evacuation Pause)
[2026-04-03T06:30:38.905+0600][38.734s][info][gc,task        ] GC(55) Using 10 workers of 10 for evacuation
[2026-04-03T06:30:39.051+0600][38.880s][info][gc,phases      ] GC(55)   Pre Evacuate Collection Set: 0.18ms
[2026-04-03T06:30:39.051+0600][38.880s][info][gc,phases      ] GC(55)   Merge Heap Roots: 0.17ms
[2026-04-03T06:30:39.051+0600][38.880s][info][gc,phases      ] GC(55)   Evacuate Collection Set: 144.10ms
[2026-04-03T06:30:39.051+0600][38.880s][info][gc,phases      ] GC(55)   Post Evacuate Collection Set: 1.34ms
[2026-04-03T06:30:39.052+0600][38.880s][info][gc,phases      ] GC(55)   Other: 0.17ms
[2026-04-03T06:30:39.052+0600][38.880s][info][gc,heap        ] GC(55) Eden regions: 411->0(382)
[2026-04-03T06:30:39.052+0600][38.880s][info][gc,heap        ] GC(55) Survivor regions: 41->57(57)
[2026-04-03T06:30:39.052+0600][38.880s][info][gc,heap        ] GC(55) Old regions: 273->306
[2026-04-03T06:30:39.052+0600][38.880s][info][gc,heap        ] GC(55) Humongous regions: 2->2
[2026-04-03T06:30:39.052+0600][38.880s][info][gc,metaspace   ] GC(55) Metaspace: 10394K(10688K)->10394K(10688K) NonClass: 9492K(9664K)->9492K(9664K) Class: 901K(1024K)->901K(1024K)
[2026-04-03T06:30:39.052+0600][38.880s][info][gc             ] GC(55) Pause Young (Normal) (G1 Evacuation Pause) 1442M->719M(1634M) 146.332ms
[2026-04-03T06:30:39.052+0600][38.880s][info][gc,cpu         ] GC(55) User=1.07s Sys=0.17s Real=0.14s
[2026-04-03T06:30:41.113+0600][40.941s][info][gc,start       ] GC(56) Pause Young (Normal) (G1 Evacuation Pause)
[2026-04-03T06:30:41.113+0600][40.941s][info][gc,task        ] GC(56) Using 10 workers of 10 for evacuation
[2026-04-03T06:30:41.202+0600][41.031s][info][gc,phases      ] GC(56)   Pre Evacuate Collection Set: 0.39ms
[2026-04-03T06:30:41.202+0600][41.031s][info][gc,phases      ] GC(56)   Merge Heap Roots: 0.32ms
[2026-04-03T06:30:41.202+0600][41.031s][info][gc,phases      ] GC(56)   Evacuate Collection Set: 87.52ms
[2026-04-03T06:30:41.202+0600][41.031s][info][gc,phases      ] GC(56)   Post Evacuate Collection Set: 1.25ms
[2026-04-03T06:30:41.202+0600][41.031s][info][gc,phases      ] GC(56)   Other: 0.14ms
[2026-04-03T06:30:41.203+0600][41.031s][info][gc,heap        ] GC(56) Eden regions: 382->0(367)
[2026-04-03T06:30:41.203+0600][41.031s][info][gc,heap        ] GC(56) Survivor regions: 57->31(55)
[2026-04-03T06:30:41.203+0600][41.031s][info][gc,heap        ] GC(56) Old regions: 306->355
[2026-04-03T06:30:41.203+0600][41.031s][info][gc,heap        ] GC(56) Humongous regions: 2->2
[2026-04-03T06:30:41.203+0600][41.031s][info][gc,metaspace   ] GC(56) Metaspace: 10394K(10688K)->10394K(10688K) NonClass: 9493K(9664K)->9493K(9664K) Class: 901K(1024K)->901K(1024K)
[2026-04-03T06:30:41.203+0600][41.031s][info][gc             ] GC(56) Pause Young (Normal) (G1 Evacuation Pause) 1483M->764M(1654M) 90.042ms
[2026-04-03T06:30:41.203+0600][41.031s][info][gc,cpu         ] GC(56) User=0.84s Sys=0.02s Real=0.09s
[2026-04-03T06:30:43.301+0600][43.130s][info][gc,start       ] GC(57) Pause Young (Normal) (G1 Evacuation Pause)
[2026-04-03T06:30:43.301+0600][43.130s][info][gc,task        ] GC(57) Using 10 workers of 10 for evacuation
[2026-04-03T06:30:43.334+0600][43.163s][info][gc,phases      ] GC(57)   Pre Evacuate Collection Set: 0.58ms
[2026-04-03T06:30:43.335+0600][43.163s][info][gc,phases      ] GC(57)   Merge Heap Roots: 0.36ms
[2026-04-03T06:30:43.335+0600][43.163s][info][gc,phases      ] GC(57)   Evacuate Collection Set: 30.74ms
[2026-04-03T06:30:43.335+0600][43.163s][info][gc,phases      ] GC(57)   Post Evacuate Collection Set: 0.97ms
[2026-04-03T06:30:43.335+0600][43.163s][info][gc,phases      ] GC(57)   Other: 0.19ms
[2026-04-03T06:30:43.335+0600][43.163s][info][gc,heap        ] GC(57) Eden regions: 367->0(372)
[2026-04-03T06:30:43.335+0600][43.163s][info][gc,heap        ] GC(57) Survivor regions: 31->22(50)
[2026-04-03T06:30:43.335+0600][43.163s][info][gc,heap        ] GC(57) Old regions: 355->360
[2026-04-03T06:30:43.335+0600][43.163s][info][gc,heap        ] GC(57) Humongous regions: 2->2
[2026-04-03T06:30:43.335+0600][43.163s][info][gc,metaspace   ] GC(57) Metaspace: 10396K(10688K)->10396K(10688K) NonClass: 9494K(9664K)->9494K(9664K) Class: 901K(1024K)->901K(1024K)
[2026-04-03T06:30:43.335+0600][43.163s][info][gc             ] GC(57) Pause Young (Normal) (G1 Evacuation Pause) 1498M->755M(1654M) 33.610ms
[2026-04-03T06:30:43.335+0600][43.163s][info][gc,cpu         ] GC(57) User=0.23s Sys=0.01s Real=0.04s
[2026-04-03T06:30:44.756+0600][44.584s][info][gc,start       ] GC(58) Pause Young (Normal) (G1 Evacuation Pause)
[2026-04-03T06:30:44.756+0600][44.584s][info][gc,task        ] GC(58) Using 10 workers of 10 for evacuation
[2026-04-03T06:30:44.809+0600][44.637s][info][gc,phases      ] GC(58)   Pre Evacuate Collection Set: 0.37ms
[2026-04-03T06:30:44.809+0600][44.638s][info][gc,phases      ] GC(58)   Merge Heap Roots: 0.25ms
[2026-04-03T06:30:44.809+0600][44.638s][info][gc,phases      ] GC(58)   Evacuate Collection Set: 51.28ms
[2026-04-03T06:30:44.809+0600][44.638s][info][gc,phases      ] GC(58)   Post Evacuate Collection Set: 1.07ms
[2026-04-03T06:30:44.809+0600][44.638s][info][gc,phases      ] GC(58)   Other: 0.14ms
[2026-04-03T06:30:44.809+0600][44.638s][info][gc,heap        ] GC(58) Eden regions: 372->0(339)
[2026-04-03T06:30:44.809+0600][44.638s][info][gc,heap        ] GC(58) Survivor regions: 22->46(50)
[2026-04-03T06:30:44.809+0600][44.638s][info][gc,heap        ] GC(58) Old regions: 360->360
[2026-04-03T06:30:44.809+0600][44.638s][info][gc,heap        ] GC(58) Humongous regions: 2->2
[2026-04-03T06:30:44.809+0600][44.638s][info][gc,metaspace   ] GC(58) Metaspace: 10409K(10688K)->10409K(10688K) NonClass: 9508K(9664K)->9508K(9664K) Class: 901K(1024K)->901K(1024K)
[2026-04-03T06:30:44.809+0600][44.638s][info][gc             ] GC(58) Pause Young (Normal) (G1 Evacuation Pause) 1499M->803M(1654M) 53.540ms
[2026-04-03T06:30:44.809+0600][44.638s][info][gc,cpu         ] GC(58) User=0.46s Sys=0.01s Real=0.05s
[2026-04-03T06:30:46.002+0600][45.830s][info][gc,start       ] GC(59) Pause Young (Normal) (G1 Evacuation Pause)
[2026-04-03T06:30:46.002+0600][45.831s][info][gc,task        ] GC(59) Using 10 workers of 10 for evacuation
[2026-04-03T06:30:46.097+0600][45.925s][info][gc,phases      ] GC(59)   Pre Evacuate Collection Set: 0.37ms
[2026-04-03T06:30:46.097+0600][45.925s][info][gc,phases      ] GC(59)   Merge Heap Roots: 0.37ms
[2026-04-03T06:30:46.097+0600][45.925s][info][gc,phases      ] GC(59)   Evacuate Collection Set: 92.68ms
[2026-04-03T06:30:46.097+0600][45.925s][info][gc,phases      ] GC(59)   Post Evacuate Collection Set: 0.97ms
[2026-04-03T06:30:46.097+0600][45.925s][info][gc,phases      ] GC(59)   Other: 0.17ms
[2026-04-03T06:30:46.097+0600][45.925s][info][gc,heap        ] GC(59) Eden regions: 339->0(310)
[2026-04-03T06:30:46.097+0600][45.925s][info][gc,heap        ] GC(59) Survivor regions: 46->42(49)
[2026-04-03T06:30:46.097+0600][45.926s][info][gc,heap        ] GC(59) Old regions: 360->391
[2026-04-03T06:30:46.097+0600][45.926s][info][gc,heap        ] GC(59) Humongous regions: 2->2
[2026-04-03T06:30:46.097+0600][45.926s][info][gc,metaspace   ] GC(59) Metaspace: 10409K(10688K)->10409K(10688K) NonClass: 9508K(9664K)->9508K(9664K) Class: 901K(1024K)->901K(1024K)
[2026-04-03T06:30:46.097+0600][45.926s][info][gc             ] GC(59) Pause Young (Normal) (G1 Evacuation Pause) 1481M->859M(1654M) 95.134ms
[2026-04-03T06:30:46.097+0600][45.926s][info][gc,cpu         ] GC(59) User=0.70s Sys=0.00s Real=0.10s
[2026-04-03T06:30:47.597+0600][47.426s][info][gc,heap,exit   ] Heap
[2026-04-03T06:30:47.598+0600][47.426s][info][gc,heap,exit   ]  garbage-first heap   total 1693696K, used 1256040K [0x000000070ae00000, 0x0000000800000000)
[2026-04-03T06:30:47.598+0600][47.426s][info][gc,heap,exit   ]   region size 2048K, 226 young (462848K), 42 survivors (86016K)
[2026-04-03T06:30:47.598+0600][47.426s][info][gc,heap,exit   ]  Metaspace       used 10482K, committed 10752K, reserved 1114112K
[2026-04-03T06:30:47.598+0600][47.426s][info][gc,heap,exit   ]   class space    used 910K, committed 1024K, reserved 1048576K
