[2026-04-03T06:30:47.858+0600][0.012s][info][gc] Heuristics ergonomically sets -XX:+ExplicitGCInvokesConcurrent
[2026-04-03T06:30:47.858+0600][0.012s][info][gc] Heuristics ergonomically sets -XX:+ShenandoahImplicitGCInvokesConcurrent
[2026-04-03T06:30:47.860+0600][0.015s][info][gc] Using Shenandoah
[2026-04-03T06:30:47.862+0600][0.017s][info][gc,ergo] Pacer for Idle. Initial: 80302K, Alloc Tax Rate: 1.0x
[2026-04-03T06:30:47.863+0600][0.017s][info][gc,init] Version: 21.0.10+7-Ubuntu-124.04 (release)
[2026-04-03T06:30:47.863+0600][0.017s][info][gc,init] CPUs: 12 total, 12 available
[2026-04-03T06:30:47.863+0600][0.017s][info][gc,init] Memory: 15683M
[2026-04-03T06:30:47.863+0600][0.017s][info][gc,init] Large Page Support: Disabled
[2026-04-03T06:30:47.863+0600][0.017s][info][gc,init] NUMA Support: Disabled
[2026-04-03T06:30:47.863+0600][0.017s][info][gc,init] Compressed Oops: Enabled (Zero based)
[2026-04-03T06:30:47.863+0600][0.017s][info][gc,init] Heap Min Capacity: 7M
[2026-04-03T06:30:47.863+0600][0.017s][info][gc,init] Heap Initial Capacity: 246M
[2026-04-03T06:30:47.863+0600][0.017s][info][gc,init] Heap Max Capacity: 3921M
[2026-04-03T06:30:47.863+0600][0.017s][info][gc,init] Pre-touch: Disabled
[2026-04-03T06:30:47.863+0600][0.017s][info][gc,init] Mode: Snapshot-At-The-Beginning (SATB)
[2026-04-03T06:30:47.863+0600][0.017s][info][gc,init] Heuristics: Adaptive
[2026-04-03T06:30:47.863+0600][0.017s][info][gc,init] Heap Region Count: 3921
[2026-04-03T06:30:47.863+0600][0.017s][info][gc,init] Heap Region Size: 1M
[2026-04-03T06:30:47.863+0600][0.017s][info][gc,init] TLAB Size Max: 1M
[2026-04-03T06:30:47.863+0600][0.017s][info][gc,init] Humongous Object Threshold: 1M
[2026-04-03T06:30:47.863+0600][0.017s][info][gc,init] Parallel Workers: 6
[2026-04-03T06:30:47.863+0600][0.017s][info][gc,init] Concurrent Workers: 3
[2026-04-03T06:30:47.884+0600][0.038s][info][gc,metaspace] CDS archive(s) mapped at: [0x00007247a3000000-0x00007247a3c9c000-0x00007247a3c9c000), size 13221888, SharedBaseAddress: 0x00007247a3000000, ArchiveRelocationMode: 1.
[2026-04-03T06:30:47.884+0600][0.038s][info][gc,metaspace] Compressed class space mapped at: 0x00007247a4000000-0x00007247e4000000, reserved size: 1073741824
[2026-04-03T06:30:47.884+0600][0.038s][info][gc,metaspace] Narrow klass base: 0x00007247a3000000, Narrow klass shift: 0, Narrow klass range: 0x100000000
[2026-04-03T06:30:52.711+0600][4.865s][info][gc          ] Trigger: Learning 1 of 5. Free (2744M) is below initial threshold (2744M)
[2026-04-03T06:30:52.712+0600][4.866s][info][gc,ergo     ] Free: 2744M, Max: 1024K regular, 2744M humongous, Frag: 0% external, 0% internal; Reserve: 197M, Max: 1024K
[2026-04-03T06:30:52.712+0600][4.866s][info][gc,start    ] GC(0) Concurrent reset
[2026-04-03T06:30:52.713+0600][4.867s][info][gc,task     ] GC(0) Using 3 of 6 workers for concurrent reset
[2026-04-03T06:30:52.713+0600][4.867s][info][gc,ergo     ] GC(0) Pacer for Reset. Non-Taxable: 3921M
[2026-04-03T06:30:52.713+0600][4.867s][info][gc          ] GC(0) Concurrent reset 1.793ms
[2026-04-03T06:30:52.714+0600][4.868s][info][gc,start    ] GC(0) Pause Init Mark (unload classes)
[2026-04-03T06:30:52.715+0600][4.869s][info][gc,task     ] GC(0) Using 6 of 6 workers for init marking
[2026-04-03T06:30:52.715+0600][4.869s][info][gc,ergo     ] GC(0) Pacer for Mark. Expected Live: 392M, Free: 2744M, Non-Taxable: 274M, Alloc Tax Rate: 0.2x
[2026-04-03T06:30:52.715+0600][4.869s][info][gc          ] GC(0) Pause Init Mark (unload classes) 1.178ms
[2026-04-03T06:30:52.715+0600][4.869s][info][gc,start    ] GC(0) Concurrent marking roots
[2026-04-03T06:30:52.715+0600][4.869s][info][gc,task     ] GC(0) Using 3 of 6 workers for concurrent marking roots
[2026-04-03T06:30:52.716+0600][4.870s][info][gc          ] GC(0) Concurrent marking roots 1.350ms
[2026-04-03T06:30:52.716+0600][4.870s][info][gc,start    ] GC(0) Concurrent marking (unload classes)
[2026-04-03T06:30:52.716+0600][4.871s][info][gc,task     ] GC(0) Using 3 of 6 workers for concurrent marking
[2026-04-03T06:30:52.876+0600][5.030s][info][gc          ] GC(0) Concurrent marking (unload classes) 159.469ms
[2026-04-03T06:30:52.876+0600][5.030s][info][gc,start    ] GC(0) Pause Final Mark (unload classes)
[2026-04-03T06:30:52.876+0600][5.030s][info][gc,task     ] GC(0) Using 6 of 6 workers for final marking
[2026-04-03T06:30:52.877+0600][5.031s][info][gc,ergo     ] GC(0) Adaptive CSet Selection. Target Free: 555M, Actual Free: 2918M, Max CSet: 163M, Min Garbage: 0B
[2026-04-03T06:30:52.877+0600][5.031s][info][gc,ergo     ] GC(0) Collectable Garbage: 908M (99%), Immediate: 0B (0%), CSet: 908M (99%)
[2026-04-03T06:30:52.877+0600][5.031s][info][gc,ergo     ] GC(0) Pacer for Evacuation. Used CSet: 979M, Free: 2721M, Non-Taxable: 272M, Alloc Tax Rate: 1.1x
[2026-04-03T06:30:52.877+0600][5.031s][info][gc          ] GC(0) Pause Final Mark (unload classes) 0.995ms
[2026-04-03T06:30:52.877+0600][5.031s][info][gc,start    ] GC(0) Concurrent thread roots
[2026-04-03T06:30:52.877+0600][5.031s][info][gc,task     ] GC(0) Using 3 of 6 workers for Concurrent thread roots
[2026-04-03T06:30:52.878+0600][5.032s][info][gc          ] GC(0) Concurrent thread roots 0.587ms
[2026-04-03T06:30:52.878+0600][5.032s][info][gc,start    ] GC(0) Concurrent weak references
[2026-04-03T06:30:52.878+0600][5.032s][info][gc,task     ] GC(0) Using 3 of 6 workers for concurrent weak references
[2026-04-03T06:30:52.878+0600][5.032s][info][gc,ref      ] GC(0) Encountered references: Soft: 221, Weak: 610, Final: 3, Phantom: 49
[2026-04-03T06:30:52.878+0600][5.033s][info][gc,ref      ] GC(0) Discovered  references: Soft: 0, Weak: 330, Final: 3, Phantom: 38
[2026-04-03T06:30:52.878+0600][5.033s][info][gc,ref      ] GC(0) Enqueued    references: Soft: 0, Weak: 147, Final: 0, Phantom: 3
[2026-04-03T06:30:52.879+0600][5.033s][info][gc          ] GC(0) Concurrent weak references 0.545ms
[2026-04-03T06:30:52.879+0600][5.033s][info][gc,start    ] GC(0) Concurrent weak roots
[2026-04-03T06:30:52.879+0600][5.033s][info][gc,task     ] GC(0) Using 3 of 6 workers for concurrent weak root
[2026-04-03T06:30:52.880+0600][5.034s][info][gc          ] GC(0) Concurrent weak roots 1.458ms
[2026-04-03T06:30:52.880+0600][5.034s][info][gc,start    ] GC(0) Concurrent cleanup
[2026-04-03T06:30:52.880+0600][5.034s][info][gc          ] GC(0) Concurrent cleanup 1004M->1004M(1005M) 0.348ms
[2026-04-03T06:30:52.881+0600][5.035s][info][gc,ergo     ] GC(0) Free: 2720M, Max: 1024K regular, 2720M humongous, Frag: 0% external, 0% internal; Reserve: 196M, Max: 1024K
[2026-04-03T06:30:52.881+0600][5.035s][info][gc,start    ] GC(0) Concurrent class unloading
[2026-04-03T06:30:52.881+0600][5.035s][info][gc,task     ] GC(0) Using 3 of 6 workers for concurrent class unloading
[2026-04-03T06:30:52.886+0600][5.040s][info][gc          ] GC(0) Concurrent class unloading 5.702ms
[2026-04-03T06:30:52.886+0600][5.040s][info][gc,start    ] GC(0) Concurrent strong roots
[2026-04-03T06:30:52.886+0600][5.040s][info][gc,task     ] GC(0) Using 3 of 6 workers for concurrent strong root
[2026-04-03T06:30:52.888+0600][5.042s][info][gc          ] GC(0) Concurrent strong roots 1.289ms
[2026-04-03T06:30:52.888+0600][5.042s][info][gc,start    ] GC(0) Concurrent evacuation
[2026-04-03T06:30:52.888+0600][5.042s][info][gc,task     ] GC(0) Using 3 of 6 workers for concurrent evacuation
[2026-04-03T06:30:52.969+0600][5.123s][info][gc          ] GC(0) Concurrent evacuation 81.684ms
[2026-04-03T06:30:52.970+0600][5.124s][info][gc,start    ] GC(0) Pause Init Update Refs
[2026-04-03T06:30:52.970+0600][5.124s][info][gc,ergo     ] GC(0) Pacer for Update Refs. Used: 1086M, Free: 2710M, Non-Taxable: 271M, Alloc Tax Rate: 1.1x
[2026-04-03T06:30:52.970+0600][5.124s][info][gc          ] GC(0) Pause Init Update Refs 0.137ms
[2026-04-03T06:30:52.970+0600][5.124s][info][gc,start    ] GC(0) Concurrent update references
[2026-04-03T06:30:52.970+0600][5.124s][info][gc,task     ] GC(0) Using 3 of 6 workers for concurrent reference update
[2026-04-03T06:30:53.094+0600][5.248s][info][gc          ] GC(0) Concurrent update references 123.663ms
[2026-04-03T06:30:53.094+0600][5.248s][info][gc,start    ] GC(0) Concurrent update thread roots
[2026-04-03T06:30:53.094+0600][5.248s][info][gc          ] GC(0) Concurrent update thread roots 0.332ms
[2026-04-03T06:30:53.094+0600][5.248s][info][gc,start    ] GC(0) Pause Final Update Refs
[2026-04-03T06:30:53.094+0600][5.248s][info][gc,task     ] GC(0) Using 6 of 6 workers for final reference update
[2026-04-03T06:30:53.095+0600][5.249s][info][gc          ] GC(0) Pause Final Update Refs 0.303ms
[2026-04-03T06:30:53.095+0600][5.249s][info][gc,start    ] GC(0) Concurrent cleanup
[2026-04-03T06:30:53.095+0600][5.249s][info][gc          ] GC(0) Concurrent cleanup 1100M->121M(1100M) 0.588ms
[2026-04-03T06:30:53.096+0600][5.250s][info][gc,ergo     ] Free: 3603M, Max: 1024K regular, 2624M humongous, Frag: 28% external, 0% internal; Reserve: 197M, Max: 1024K
[2026-04-03T06:30:53.096+0600][5.250s][info][gc,stats    ] 
[2026-04-03T06:30:53.096+0600][5.250s][info][gc,stats    ] All times are wall-clock times, except per-root-class counters, that are sum over
[2026-04-03T06:30:53.096+0600][5.250s][info][gc,stats    ] all workers. Dividing the <total> over the root stage time estimates parallelism.
[2026-04-03T06:30:53.096+0600][5.250s][info][gc,stats    ] 
[2026-04-03T06:30:53.096+0600][5.250s][info][gc,stats    ] Concurrent Reset                   1870 us
[2026-04-03T06:30:53.096+0600][5.250s][info][gc,stats    ] Pause Init Mark (G)                1486 us
[2026-04-03T06:30:53.096+0600][5.250s][info][gc,stats    ] Pause Init Mark (N)                1211 us
[2026-04-03T06:30:53.096+0600][5.250s][info][gc,stats    ]   Update Region States               50 us
[2026-04-03T06:30:53.096+0600][5.250s][info][gc,stats    ] Concurrent Mark Roots              1432 us, parallelism: 2.19x
[2026-04-03T06:30:53.096+0600][5.250s][info][gc,stats    ]   CMR: <total>                     3130 us
[2026-04-03T06:30:53.096+0600][5.250s][info][gc,stats    ]   CMR: Thread Roots                1623 us, workers (us): 606, 1016,   0, ---, ---, ---, 
[2026-04-03T06:30:53.096+0600][5.250s][info][gc,stats    ]   CMR: VM Strong Roots              698 us, workers (us): 376, 172, 150, ---, ---, ---, 
[2026-04-03T06:30:53.096+0600][5.250s][info][gc,stats    ]   CMR: CLDG Roots                   810 us, workers (us): ---, ---, 810, ---, ---, ---, 
[2026-04-03T06:30:53.096+0600][5.250s][info][gc,stats    ] Concurrent Marking               159616 us
[2026-04-03T06:30:53.096+0600][5.250s][info][gc,stats    ] Pause Final Mark (G)               1269 us
[2026-04-03T06:30:53.096+0600][5.250s][info][gc,stats    ] Pause Final Mark (N)               1012 us
[2026-04-03T06:30:53.096+0600][5.250s][info][gc,stats    ]   Finish Mark                       291 us
[2026-04-03T06:30:53.096+0600][5.250s][info][gc,stats    ]   Update Region States              105 us
[2026-04-03T06:30:53.096+0600][5.250s][info][gc,stats    ]   Choose Collection Set             436 us
[2026-04-03T06:30:53.096+0600][5.250s][info][gc,stats    ]   Rebuild Free Set                   73 us
[2026-04-03T06:30:53.096+0600][5.250s][info][gc,stats    ] Concurrent Thread Roots             633 us, parallelism: 0.78x
[2026-04-03T06:30:53.096+0600][5.250s][info][gc,stats    ]   CTR: <total>                      496 us
[2026-04-03T06:30:53.096+0600][5.250s][info][gc,stats    ]   CTR: Thread Roots                 496 us, workers (us): 262, 126, 108, ---, ---, ---, 
[2026-04-03T06:30:53.096+0600][5.250s][info][gc,stats    ] Concurrent Weak References          563 us, parallelism: 0.48x
[2026-04-03T06:30:53.096+0600][5.251s][info][gc,stats    ]   CWRF: <total>                     270 us
[2026-04-03T06:30:53.096+0600][5.251s][info][gc,stats    ]   CWRF: Weak References             270 us, workers (us): 265,   2,   3, ---, ---, ---, 
[2026-04-03T06:30:53.096+0600][5.251s][info][gc,stats    ] Concurrent Weak Roots              1561 us
[2026-04-03T06:30:53.097+0600][5.251s][info][gc,stats    ]   Roots                            1183 us, parallelism: 2.29x
[2026-04-03T06:30:53.097+0600][5.251s][info][gc,stats    ]     CWR: <total>                   2706 us
[2026-04-03T06:30:53.097+0600][5.251s][info][gc,stats    ]     CWR: Code Cache Roots          1346 us, workers (us): 524, 406, 417, ---, ---, ---, 
[2026-04-03T06:30:53.097+0600][5.251s][info][gc,stats    ]     CWR: VM Weak Roots             1345 us, workers (us): 487, 479, 378, ---, ---, ---, 
[2026-04-03T06:30:53.097+0600][5.251s][info][gc,stats    ]     CWR: CLDG Roots                  15 us, workers (us): ---, ---,  15, ---, ---, ---, 
[2026-04-03T06:30:53.097+0600][5.251s][info][gc,stats    ]   Rendezvous                        235 us
[2026-04-03T06:30:53.097+0600][5.251s][info][gc,stats    ] Concurrent Cleanup                  380 us
[2026-04-03T06:30:53.097+0600][5.251s][info][gc,stats    ] Concurrent Class Unloading         5811 us
[2026-04-03T06:30:53.097+0600][5.251s][info][gc,stats    ]   Unlink Stale                     2806 us
[2026-04-03T06:30:53.097+0600][5.251s][info][gc,stats    ]     System Dictionary                19 us
[2026-04-03T06:30:53.097+0600][5.251s][info][gc,stats    ]     Weak Class Links                  1 us
[2026-04-03T06:30:53.097+0600][5.251s][info][gc,stats    ]     Code Roots                     2781 us
[2026-04-03T06:30:53.097+0600][5.251s][info][gc,stats    ]   Rendezvous                        199 us
[2026-04-03T06:30:53.097+0600][5.251s][info][gc,stats    ]   Purge Unlinked                   2657 us
[2026-04-03T06:30:53.097+0600][5.251s][info][gc,stats    ]     Code Roots                     2612 us
[2026-04-03T06:30:53.097+0600][5.251s][info][gc,stats    ]     CLDG                             43 us
[2026-04-03T06:30:53.097+0600][5.251s][info][gc,stats    ]     Exception Caches                  0 us
[2026-04-03T06:30:53.097+0600][5.251s][info][gc,stats    ] Concurrent Strong Roots            1365 us, parallelism: 0.80x
[2026-04-03T06:30:53.097+0600][5.251s][info][gc,stats    ]   CSR: <total>                     1087 us
[2026-04-03T06:30:53.097+0600][5.251s][info][gc,stats    ]   CSR: VM Strong Roots               45 us, workers (us):  43,   2,   0, ---, ---, ---, 
[2026-04-03T06:30:53.097+0600][5.251s][info][gc,stats    ]   CSR: CLDG Roots                  1043 us, workers (us): ---, 1043, ---, ---, ---, ---, 
[2026-04-03T06:30:53.097+0600][5.251s][info][gc,stats    ] Concurrent Evacuation             81808 us
[2026-04-03T06:30:53.097+0600][5.251s][info][gc,stats    ] Pause Init Update Refs (G)          385 us
[2026-04-03T06:30:53.097+0600][5.251s][info][gc,stats    ] Pause Init Update Refs (N)          150 us
[2026-04-03T06:30:53.097+0600][5.251s][info][gc,stats    ]   Manage GCLABs                      10 us
[2026-04-03T06:30:53.097+0600][5.251s][info][gc,stats    ] Concurrent Update Refs           123788 us
[2026-04-03T06:30:53.097+0600][5.251s][info][gc,stats    ] Concurrent Update Thread Roots      373 us
[2026-04-03T06:30:53.097+0600][5.251s][info][gc,stats    ] Pause Final Update Refs (G)         556 us
[2026-04-03T06:30:53.097+0600][5.251s][info][gc,stats    ] Pause Final Update Refs (N)         320 us
[2026-04-03T06:30:53.097+0600][5.251s][info][gc,stats    ]   Update Region States               81 us
[2026-04-03T06:30:53.097+0600][5.251s][info][gc,stats    ]   Trash Collection Set               17 us
[2026-04-03T06:30:53.097+0600][5.251s][info][gc,stats    ]   Rebuild Free Set                   48 us
[2026-04-03T06:30:53.097+0600][5.251s][info][gc,stats    ] Concurrent Cleanup                 1313 us
[2026-04-03T06:30:53.097+0600][5.251s][info][gc,stats    ] 
[2026-04-03T06:30:53.097+0600][5.251s][info][gc,stats    ] Allocation pacing accrued:
[2026-04-03T06:30:53.097+0600][5.251s][info][gc,stats    ]       0 of  5234 ms (  0.0%): <total>
[2026-04-03T06:30:53.097+0600][5.251s][info][gc,stats    ]       0 of  5234 ms (  0.0%): <average total>
[2026-04-03T06:30:53.097+0600][5.251s][info][gc,stats    ] 
[2026-04-03T06:30:53.097+0600][5.251s][info][gc,metaspace] Metaspace: 8788K(9024K)->8790K(9024K) NonClass: 7944K(8064K)->7946K(8064K) Class: 843K(960K)->843K(960K)
[2026-04-03T06:30:53.097+0600][5.251s][info][gc,ergo     ] Pacer for Idle. Initial: 80302K, Alloc Tax Rate: 1.0x
[2026-04-03T06:30:54.681+0600][6.835s][info][gc          ] Trigger: Learning 2 of 5. Free (2744M) is below initial threshold (2744M)
[2026-04-03T06:30:54.681+0600][6.835s][info][gc,ergo     ] Free: 2744M, Max: 1024K regular, 2624M humongous, Frag: 5% external, 0% internal; Reserve: 197M, Max: 1024K
[2026-04-03T06:30:54.681+0600][6.835s][info][gc,start    ] GC(1) Concurrent reset
[2026-04-03T06:30:54.681+0600][6.835s][info][gc,task     ] GC(1) Using 3 of 6 workers for concurrent reset
[2026-04-03T06:30:54.681+0600][6.835s][info][gc,ergo     ] GC(1) Pacer for Reset. Non-Taxable: 3921M
[2026-04-03T06:30:54.683+0600][6.837s][info][gc          ] GC(1) Concurrent reset 2.366ms
[2026-04-03T06:30:54.684+0600][6.838s][info][gc,start    ] GC(1) Pause Init Mark (unload classes)
[2026-04-03T06:30:54.684+0600][6.838s][info][gc,task     ] GC(1) Using 6 of 6 workers for init marking
[2026-04-03T06:30:54.684+0600][6.838s][info][gc,ergo     ] GC(1) Pacer for Mark. Expected Live: 72968K, Free: 2743M, Non-Taxable: 274M, Alloc Tax Rate: 0.0x
[2026-04-03T06:30:54.684+0600][6.838s][info][gc          ] GC(1) Pause Init Mark (unload classes) 0.118ms
[2026-04-03T06:30:54.684+0600][6.838s][info][gc,start    ] GC(1) Concurrent marking roots
[2026-04-03T06:30:54.684+0600][6.838s][info][gc,task     ] GC(1) Using 3 of 6 workers for concurrent marking roots
[2026-04-03T06:30:54.684+0600][6.838s][info][gc          ] GC(1) Concurrent marking roots 0.302ms
[2026-04-03T06:30:54.684+0600][6.838s][info][gc,start    ] GC(1) Concurrent marking (unload classes)
[2026-04-03T06:30:54.684+0600][6.838s][info][gc,task     ] GC(1) Using 3 of 6 workers for concurrent marking
[2026-04-03T06:30:54.809+0600][6.963s][info][gc          ] GC(1) Concurrent marking (unload classes) 124.550ms
[2026-04-03T06:30:54.809+0600][6.963s][info][gc,start    ] GC(1) Pause Final Mark (unload classes)
[2026-04-03T06:30:54.809+0600][6.963s][info][gc,task     ] GC(1) Using 6 of 6 workers for final marking
[2026-04-03T06:30:54.810+0600][6.964s][info][gc,ergo     ] GC(1) Adaptive CSet Selection. Target Free: 555M, Actual Free: 2907M, Max CSet: 163M, Min Garbage: 0B
[2026-04-03T06:30:54.810+0600][6.964s][info][gc,ergo     ] GC(1) Collectable Garbage: 850M (99%), Immediate: 0B (0%), CSet: 850M (99%)
[2026-04-03T06:30:54.810+0600][6.964s][info][gc,ergo     ] GC(1) Pacer for Evacuation. Used CSet: 911M, Free: 2710M, Non-Taxable: 271M, Alloc Tax Rate: 1.1x
[2026-04-03T06:30:54.810+0600][6.964s][info][gc          ] GC(1) Pause Final Mark (unload classes) 1.669ms
[2026-04-03T06:30:54.810+0600][6.965s][info][gc,start    ] GC(1) Concurrent thread roots
[2026-04-03T06:30:54.811+0600][6.965s][info][gc,task     ] GC(1) Using 3 of 6 workers for Concurrent thread roots
[2026-04-03T06:30:54.811+0600][6.965s][info][gc          ] GC(1) Concurrent thread roots 0.500ms
[2026-04-03T06:30:54.811+0600][6.965s][info][gc,start    ] GC(1) Concurrent weak references
[2026-04-03T06:30:54.811+0600][6.965s][info][gc,task     ] GC(1) Using 3 of 6 workers for concurrent weak references
[2026-04-03T06:30:54.811+0600][6.965s][info][gc,ref      ] GC(1) Encountered references: Soft: 221, Weak: 463, Final: 3, Phantom: 44
[2026-04-03T06:30:54.811+0600][6.965s][info][gc,ref      ] GC(1) Discovered  references: Soft: 0, Weak: 189, Final: 3, Phantom: 34
[2026-04-03T06:30:54.811+0600][6.965s][info][gc,ref      ] GC(1) Enqueued    references: Soft: 0, Weak: 0, Final: 0, Phantom: 0
[2026-04-03T06:30:54.811+0600][6.965s][info][gc          ] GC(1) Concurrent weak references 0.140ms
[2026-04-03T06:30:54.811+0600][6.965s][info][gc,start    ] GC(1) Concurrent weak roots
[2026-04-03T06:30:54.811+0600][6.965s][info][gc,task     ] GC(1) Using 3 of 6 workers for concurrent weak root
[2026-04-03T06:30:54.812+0600][6.966s][info][gc          ] GC(1) Concurrent weak roots 0.808ms
[2026-04-03T06:30:54.812+0600][6.966s][info][gc,start    ] GC(1) Concurrent cleanup
[2026-04-03T06:30:54.813+0600][6.967s][info][gc          ] GC(1) Concurrent cleanup 1014M->1014M(1101M) 0.651ms
[2026-04-03T06:30:54.813+0600][6.967s][info][gc,ergo     ] GC(1) Free: 2709M, Max: 1024K regular, 2624M humongous, Frag: 4% external, 0% internal; Reserve: 196M, Max: 1024K
[2026-04-03T06:30:54.813+0600][6.967s][info][gc,start    ] GC(1) Concurrent class unloading
[2026-04-03T06:30:54.813+0600][6.967s][info][gc,task     ] GC(1) Using 3 of 6 workers for concurrent class unloading
[2026-04-03T06:30:54.815+0600][6.969s][info][gc          ] GC(1) Concurrent class unloading 1.781ms
[2026-04-03T06:30:54.815+0600][6.969s][info][gc,start    ] GC(1) Concurrent strong roots
[2026-04-03T06:30:54.815+0600][6.969s][info][gc,task     ] GC(1) Using 3 of 6 workers for concurrent strong root
[2026-04-03T06:30:54.815+0600][6.969s][info][gc          ] GC(1) Concurrent strong roots 0.145ms
[2026-04-03T06:30:54.815+0600][6.969s][info][gc,start    ] GC(1) Concurrent evacuation
[2026-04-03T06:30:54.815+0600][6.969s][info][gc,task     ] GC(1) Using 3 of 6 workers for concurrent evacuation
[2026-04-03T06:30:54.874+0600][7.028s][info][gc          ] GC(1) Concurrent evacuation 59.346ms
[2026-04-03T06:30:54.874+0600][7.028s][info][gc,start    ] GC(1) Pause Init Update Refs
[2026-04-03T06:30:54.874+0600][7.028s][info][gc,ergo     ] GC(1) Pacer for Update Refs. Used: 1098M, Free: 2687M, Non-Taxable: 268M, Alloc Tax Rate: 1.1x
[2026-04-03T06:30:54.874+0600][7.028s][info][gc          ] GC(1) Pause Init Update Refs 0.065ms
[2026-04-03T06:30:54.874+0600][7.029s][info][gc,start    ] GC(1) Concurrent update references
[2026-04-03T06:30:54.874+0600][7.029s][info][gc,task     ] GC(1) Using 3 of 6 workers for concurrent reference update
[2026-04-03T06:30:55.006+0600][7.160s][info][gc          ] GC(1) Concurrent update references 131.778ms
[2026-04-03T06:30:55.006+0600][7.160s][info][gc,start    ] GC(1) Concurrent update thread roots
[2026-04-03T06:30:55.007+0600][7.161s][info][gc          ] GC(1) Concurrent update thread roots 0.316ms
[2026-04-03T06:30:55.007+0600][7.161s][info][gc,start    ] GC(1) Pause Final Update Refs
[2026-04-03T06:30:55.007+0600][7.161s][info][gc,task     ] GC(1) Using 6 of 6 workers for final reference update
[2026-04-03T06:30:55.007+0600][7.161s][info][gc          ] GC(1) Pause Final Update Refs 0.212ms
[2026-04-03T06:30:55.007+0600][7.161s][info][gc,start    ] GC(1) Concurrent cleanup
[2026-04-03T06:30:55.008+0600][7.162s][info][gc          ] GC(1) Concurrent cleanup 1151M->240M(1162M) 0.870ms
[2026-04-03T06:30:55.008+0600][7.162s][info][gc,ergo     ] Free: 3483M, Max: 1024K regular, 2623M humongous, Frag: 25% external, 0% internal; Reserve: 197M, Max: 1024K
[2026-04-03T06:30:55.008+0600][7.162s][info][gc,stats    ] 
[2026-04-03T06:30:55.008+0600][7.162s][info][gc,stats    ] All times are wall-clock times, except per-root-class counters, that are sum over
[2026-04-03T06:30:55.008+0600][7.162s][info][gc,stats    ] all workers. Dividing the <total> over the root stage time estimates parallelism.
[2026-04-03T06:30:55.008+0600][7.162s][info][gc,stats    ] 
[2026-04-03T06:30:55.008+0600][7.162s][info][gc,stats    ] Concurrent Reset                   2396 us
[2026-04-03T06:30:55.008+0600][7.162s][info][gc,stats    ] Pause Init Mark (G)                 368 us
[2026-04-03T06:30:55.008+0600][7.162s][info][gc,stats    ] Pause Init Mark (N)                 125 us
[2026-04-03T06:30:55.008+0600][7.162s][info][gc,stats    ]   Update Region States               30 us
[2026-04-03T06:30:55.008+0600][7.162s][info][gc,stats    ] Concurrent Mark Roots               310 us, parallelism: 0.99x
[2026-04-03T06:30:55.008+0600][7.162s][info][gc,stats    ]   CMR: <total>                      308 us
[2026-04-03T06:30:55.008+0600][7.162s][info][gc,stats    ]   CMR: Thread Roots                 111 us, workers (us):   0, 111,   0, ---, ---, ---, 
[2026-04-03T06:30:55.008+0600][7.162s][info][gc,stats    ]   CMR: VM Strong Roots               89 us, workers (us):  47,  42,   0, ---, ---, ---, 
[2026-04-03T06:30:55.008+0600][7.162s][info][gc,stats    ]   CMR: CLDG Roots                   108 us, workers (us): 108, ---, ---, ---, ---, ---, 
[2026-04-03T06:30:55.008+0600][7.162s][info][gc,stats    ] Concurrent Marking               124635 us
[2026-04-03T06:30:55.008+0600][7.162s][info][gc,stats    ] Pause Final Mark (G)               1810 us
[2026-04-03T06:30:55.008+0600][7.162s][info][gc,stats    ] Pause Final Mark (N)               1678 us
[2026-04-03T06:30:55.008+0600][7.162s][info][gc,stats    ]   Finish Mark                      1197 us
[2026-04-03T06:30:55.008+0600][7.162s][info][gc,stats    ]   Update Region States               54 us
[2026-04-03T06:30:55.008+0600][7.162s][info][gc,stats    ]   Choose Collection Set             317 us
[2026-04-03T06:30:55.008+0600][7.162s][info][gc,stats    ]   Rebuild Free Set                   41 us
[2026-04-03T06:30:55.008+0600][7.162s][info][gc,stats    ] Concurrent Thread Roots             547 us, parallelism: 0.63x
[2026-04-03T06:30:55.008+0600][7.162s][info][gc,stats    ]   CTR: <total>                      347 us
[2026-04-03T06:30:55.008+0600][7.162s][info][gc,stats    ]   CTR: Thread Roots                 347 us, workers (us): 113, 185,  49, ---, ---, ---, 
[2026-04-03T06:30:55.008+0600][7.162s][info][gc,stats    ] Concurrent Weak References          172 us, parallelism: 0.19x
[2026-04-03T06:30:55.008+0600][7.162s][info][gc,stats    ]   CWRF: <total>                      33 us
[2026-04-03T06:30:55.008+0600][7.162s][info][gc,stats    ]   CWRF: Weak References              33 us, workers (us):  19,  13,   1, ---, ---, ---, 
[2026-04-03T06:30:55.008+0600][7.162s][info][gc,stats    ] Concurrent Weak Roots               858 us
[2026-04-03T06:30:55.008+0600][7.162s][info][gc,stats    ]   Roots                             705 us, parallelism: 1.66x
[2026-04-03T06:30:55.008+0600][7.163s][info][gc,stats    ]     CWR: <total>                   1170 us
[2026-04-03T06:30:55.008+0600][7.163s][info][gc,stats    ]     CWR: Code Cache Roots           878 us, workers (us): 354, 233, 291, ---, ---, ---, 
[2026-04-03T06:30:55.008+0600][7.163s][info][gc,stats    ]     CWR: VM Weak Roots              284 us, workers (us): 122,  97,  65, ---, ---, ---, 
[2026-04-03T06:30:55.008+0600][7.163s][info][gc,stats    ]     CWR: CLDG Roots                   9 us, workers (us): ---,   9, ---, ---, ---, ---, 
[2026-04-03T06:30:55.009+0600][7.163s][info][gc,stats    ]   Rendezvous                         83 us
[2026-04-03T06:30:55.009+0600][7.163s][info][gc,stats    ] Concurrent Cleanup                  672 us
[2026-04-03T06:30:55.009+0600][7.163s][info][gc,stats    ] Concurrent Class Unloading         1843 us
[2026-04-03T06:30:55.009+0600][7.163s][info][gc,stats    ]   Unlink Stale                     1555 us
[2026-04-03T06:30:55.009+0600][7.163s][info][gc,stats    ]     System Dictionary                14 us
[2026-04-03T06:30:55.009+0600][7.163s][info][gc,stats    ]     Weak Class Links                  0 us
[2026-04-03T06:30:55.009+0600][7.163s][info][gc,stats    ]     Code Roots                     1538 us
[2026-04-03T06:30:55.009+0600][7.163s][info][gc,stats    ]   Rendezvous                        101 us
[2026-04-03T06:30:55.009+0600][7.163s][info][gc,stats    ]   Purge Unlinked                    103 us
[2026-04-03T06:30:55.009+0600][7.163s][info][gc,stats    ]     Code Roots                       96 us
[2026-04-03T06:30:55.009+0600][7.163s][info][gc,stats    ]     CLDG                              7 us
[2026-04-03T06:30:55.009+0600][7.163s][info][gc,stats    ]     Exception Caches                  0 us
[2026-04-03T06:30:55.009+0600][7.163s][info][gc,stats    ] Concurrent Strong Roots             158 us, parallelism: 0.42x
[2026-04-03T06:30:55.009+0600][7.163s][info][gc,stats    ]   CSR: <total>                       67 us
[2026-04-03T06:30:55.009+0600][7.163s][info][gc,stats    ]   CSR: VM Strong Roots                7 us, workers (us):   5,   2,   0, ---, ---, ---, 
[2026-04-03T06:30:55.009+0600][7.163s][info][gc,stats    ]   CSR: CLDG Roots                    60 us, workers (us):  60, ---, ---, ---, ---, ---, 
[2026-04-03T06:30:55.009+0600][7.163s][info][gc,stats    ] Concurrent Evacuation             59441 us
[2026-04-03T06:30:55.009+0600][7.163s][info][gc,stats    ] Pause Init Update Refs (G)          240 us
[2026-04-03T06:30:55.009+0600][7.163s][info][gc,stats    ] Pause Init Update Refs (N)           74 us
[2026-04-03T06:30:55.009+0600][7.163s][info][gc,stats    ]   Manage GCLABs                       5 us
[2026-04-03T06:30:55.009+0600][7.163s][info][gc,stats    ] Concurrent Update Refs           131871 us
[2026-04-03T06:30:55.009+0600][7.163s][info][gc,stats    ] Concurrent Update Thread Roots      366 us
[2026-04-03T06:30:55.009+0600][7.163s][info][gc,stats    ] Pause Final Update Refs (G)         487 us
[2026-04-03T06:30:55.009+0600][7.163s][info][gc,stats    ] Pause Final Update Refs (N)         229 us
[2026-04-03T06:30:55.009+0600][7.163s][info][gc,stats    ]   Update Region States               75 us
[2026-04-03T06:30:55.009+0600][7.163s][info][gc,stats    ]   Trash Collection Set               20 us
[2026-04-03T06:30:55.009+0600][7.163s][info][gc,stats    ]   Rebuild Free Set                   38 us
[2026-04-03T06:30:55.009+0600][7.163s][info][gc,stats    ] Concurrent Cleanup                  889 us
[2026-04-03T06:30:55.009+0600][7.163s][info][gc,stats    ] 
[2026-04-03T06:30:55.009+0600][7.163s][info][gc,stats    ] Allocation pacing accrued:
[2026-04-03T06:30:55.009+0600][7.163s][info][gc,stats    ]       0 of  1912 ms (  0.0%): <total>
[2026-04-03T06:30:55.009+0600][7.163s][info][gc,stats    ]       0 of  1912 ms (  0.0%): <average total>
[2026-04-03T06:30:55.009+0600][7.163s][info][gc,stats    ] 
[2026-04-03T06:30:55.009+0600][7.163s][info][gc,metaspace] Metaspace: 8844K(9024K)->8845K(9024K) NonClass: 8001K(8064K)->8002K(8064K) Class: 843K(960K)->843K(960K)
[2026-04-03T06:30:55.009+0600][7.163s][info][gc,ergo     ] Pacer for Idle. Initial: 80302K, Alloc Tax Rate: 1.0x
[2026-04-03T06:30:56.116+0600][8.270s][info][gc          ] Trigger: Learning 3 of 5. Free (2744M) is below initial threshold (2744M)
[2026-04-03T06:30:56.116+0600][8.270s][info][gc,ergo     ] Free: 2744M, Max: 1024K regular, 2623M humongous, Frag: 5% external, 0% internal; Reserve: 197M, Max: 1024K
[2026-04-03T06:30:56.116+0600][8.270s][info][gc,start    ] GC(2) Concurrent reset
[2026-04-03T06:30:56.116+0600][8.270s][info][gc,task     ] GC(2) Using 3 of 6 workers for concurrent reset
[2026-04-03T06:30:56.116+0600][8.270s][info][gc,ergo     ] GC(2) Pacer for Reset. Non-Taxable: 3921M
[2026-04-03T06:30:56.118+0600][8.272s][info][gc          ] GC(2) Concurrent reset 2.400ms
[2026-04-03T06:30:56.119+0600][8.273s][info][gc,start    ] GC(2) Pause Init Mark (unload classes)
[2026-04-03T06:30:56.119+0600][8.273s][info][gc,task     ] GC(2) Using 6 of 6 workers for init marking
[2026-04-03T06:30:56.119+0600][8.273s][info][gc,ergo     ] GC(2) Pacer for Mark. Expected Live: 100M, Free: 2743M, Non-Taxable: 274M, Alloc Tax Rate: 0.0x
[2026-04-03T06:30:56.119+0600][8.273s][info][gc          ] GC(2) Pause Init Mark (unload classes) 0.099ms
[2026-04-03T06:30:56.119+0600][8.273s][info][gc,start    ] GC(2) Concurrent marking roots
[2026-04-03T06:30:56.119+0600][8.273s][info][gc,task     ] GC(2) Using 3 of 6 workers for concurrent marking roots
[2026-04-03T06:30:56.119+0600][8.273s][info][gc          ] GC(2) Concurrent marking roots 0.254ms
[2026-04-03T06:30:56.119+0600][8.273s][info][gc,start    ] GC(2) Concurrent marking (unload classes)
[2026-04-03T06:30:56.119+0600][8.273s][info][gc,task     ] GC(2) Using 3 of 6 workers for concurrent marking
[2026-04-03T06:30:56.290+0600][8.444s][info][gc          ] GC(2) Concurrent marking (unload classes) 170.491ms
[2026-04-03T06:30:56.290+0600][8.444s][info][gc,start    ] GC(2) Pause Final Mark (unload classes)
[2026-04-03T06:30:56.290+0600][8.444s][info][gc,task     ] GC(2) Using 6 of 6 workers for final marking
[2026-04-03T06:30:56.290+0600][8.444s][info][gc,ergo     ] GC(2) Adaptive CSet Selection. Target Free: 555M, Actual Free: 2856M, Max CSet: 163M, Min Garbage: 0B
[2026-04-03T06:30:56.290+0600][8.444s][info][gc,ergo     ] GC(2) Collectable Garbage: 797M (99%), Immediate: 0B (0%), CSet: 797M (99%)
[2026-04-03T06:30:56.291+0600][8.445s][info][gc,ergo     ] GC(2) Pacer for Evacuation. Used CSet: 852M, Free: 2659M, Non-Taxable: 265M, Alloc Tax Rate: 1.1x
[2026-04-03T06:30:56.291+0600][8.445s][info][gc          ] GC(2) Pause Final Mark (unload classes) 0.758ms
[2026-04-03T06:30:56.291+0600][8.445s][info][gc,start    ] GC(2) Concurrent thread roots
[2026-04-03T06:30:56.291+0600][8.445s][info][gc,task     ] GC(2) Using 3 of 6 workers for Concurrent thread roots
[2026-04-03T06:30:56.291+0600][8.445s][info][gc          ] GC(2) Concurrent thread roots 0.221ms
[2026-04-03T06:30:56.291+0600][8.445s][info][gc,start    ] GC(2) Concurrent weak references
[2026-04-03T06:30:56.291+0600][8.445s][info][gc,task     ] GC(2) Using 3 of 6 workers for concurrent weak references
[2026-04-03T06:30:56.291+0600][8.445s][info][gc,ref      ] GC(2) Encountered references: Soft: 221, Weak: 463, Final: 3, Phantom: 44
[2026-04-03T06:30:56.291+0600][8.445s][info][gc,ref      ] GC(2) Discovered  references: Soft: 0, Weak: 202, Final: 3, Phantom: 34
[2026-04-03T06:30:56.291+0600][8.445s][info][gc,ref      ] GC(2) Enqueued    references: Soft: 0, Weak: 4, Final: 0, Phantom: 0
[2026-04-03T06:30:56.291+0600][8.445s][info][gc          ] GC(2) Concurrent weak references 0.152ms
[2026-04-03T06:30:56.291+0600][8.445s][info][gc,start    ] GC(2) Concurrent weak roots
[2026-04-03T06:30:56.291+0600][8.445s][info][gc,task     ] GC(2) Using 3 of 6 workers for concurrent weak root
[2026-04-03T06:30:56.292+0600][8.446s][info][gc          ] GC(2) Concurrent weak roots 0.821ms
[2026-04-03T06:30:56.292+0600][8.446s][info][gc,start    ] GC(2) Concurrent cleanup
[2026-04-03T06:30:56.293+0600][8.447s][info][gc          ] GC(2) Concurrent cleanup 1065M->1065M(1162M) 0.686ms
[2026-04-03T06:30:56.293+0600][8.447s][info][gc,ergo     ] GC(2) Free: 2658M, Max: 1024K regular, 2623M humongous, Frag: 2% external, 0% internal; Reserve: 196M, Max: 1024K
[2026-04-03T06:30:56.293+0600][8.447s][info][gc,start    ] GC(2) Concurrent class unloading
[2026-04-03T06:30:56.293+0600][8.447s][info][gc,task     ] GC(2) Using 3 of 6 workers for concurrent class unloading
[2026-04-03T06:30:56.295+0600][8.449s][info][gc          ] GC(2) Concurrent class unloading 1.817ms
[2026-04-03T06:30:56.295+0600][8.449s][info][gc,start    ] GC(2) Concurrent strong roots
[2026-04-03T06:30:56.295+0600][8.449s][info][gc,task     ] GC(2) Using 3 of 6 workers for concurrent strong root
[2026-04-03T06:30:56.295+0600][8.449s][info][gc          ] GC(2) Concurrent strong roots 0.281ms
[2026-04-03T06:30:56.295+0600][8.449s][info][gc,start    ] GC(2) Concurrent evacuation
[2026-04-03T06:30:56.295+0600][8.449s][info][gc,task     ] GC(2) Using 3 of 6 workers for concurrent evacuation
[2026-04-03T06:30:56.347+0600][8.501s][info][gc          ] GC(2) Concurrent evacuation 51.905ms
[2026-04-03T06:30:56.347+0600][8.501s][info][gc,start    ] GC(2) Pause Init Update Refs
[2026-04-03T06:30:56.347+0600][8.501s][info][gc,ergo     ] GC(2) Pacer for Update Refs. Used: 1139M, Free: 2641M, Non-Taxable: 264M, Alloc Tax Rate: 1.1x
[2026-04-03T06:30:56.347+0600][8.501s][info][gc          ] GC(2) Pause Init Update Refs 0.095ms
[2026-04-03T06:30:56.347+0600][8.501s][info][gc,start    ] GC(2) Concurrent update references
[2026-04-03T06:30:56.347+0600][8.501s][info][gc,task     ] GC(2) Using 3 of 6 workers for concurrent reference update
[2026-04-03T06:30:56.506+0600][8.660s][info][gc          ] GC(2) Concurrent update references 158.530ms
[2026-04-03T06:30:56.506+0600][8.660s][info][gc,start    ] GC(2) Concurrent update thread roots
[2026-04-03T06:30:56.506+0600][8.660s][info][gc          ] GC(2) Concurrent update thread roots 0.348ms
[2026-04-03T06:30:56.506+0600][8.661s][info][gc,start    ] GC(2) Pause Final Update Refs
[2026-04-03T06:30:56.507+0600][8.661s][info][gc,task     ] GC(2) Using 6 of 6 workers for final reference update
[2026-04-03T06:30:56.507+0600][8.661s][info][gc          ] GC(2) Pause Final Update Refs 0.232ms
[2026-04-03T06:30:56.507+0600][8.661s][info][gc,start    ] GC(2) Concurrent cleanup
[2026-04-03T06:30:56.508+0600][8.662s][info][gc          ] GC(2) Concurrent cleanup 1202M->349M(1215M) 0.888ms
[2026-04-03T06:30:56.508+0600][8.662s][info][gc,ergo     ] Free: 3374M, Max: 1024K regular, 2525M humongous, Frag: 26% external, 0% internal; Reserve: 197M, Max: 1024K
[2026-04-03T06:30:56.508+0600][8.662s][info][gc,stats    ] 
[2026-04-03T06:30:56.508+0600][8.662s][info][gc,stats    ] All times are wall-clock times, except per-root-class counters, that are sum over
[2026-04-03T06:30:56.508+0600][8.662s][info][gc,stats    ] all workers. Dividing the <total> over the root stage time estimates parallelism.
[2026-04-03T06:30:56.508+0600][8.662s][info][gc,stats    ] 
[2026-04-03T06:30:56.508+0600][8.662s][info][gc,stats    ] Concurrent Reset                   2448 us
[2026-04-03T06:30:56.508+0600][8.662s][info][gc,stats    ] Pause Init Mark (G)                 362 us
[2026-04-03T06:30:56.508+0600][8.662s][info][gc,stats    ] Pause Init Mark (N)                 106 us
[2026-04-03T06:30:56.508+0600][8.662s][info][gc,stats    ]   Update Region States               32 us
[2026-04-03T06:30:56.508+0600][8.662s][info][gc,stats    ] Concurrent Mark Roots               273 us, parallelism: 0.77x
[2026-04-03T06:30:56.508+0600][8.662s][info][gc,stats    ]   CMR: <total>                      210 us
[2026-04-03T06:30:56.508+0600][8.662s][info][gc,stats    ]   CMR: Thread Roots                 125 us, workers (us):   0,  54,  71, ---, ---, ---, 
[2026-04-03T06:30:56.508+0600][8.662s][info][gc,stats    ]   CMR: VM Strong Roots                8 us, workers (us):   7,   1,   1, ---, ---, ---, 
[2026-04-03T06:30:56.508+0600][8.662s][info][gc,stats    ]   CMR: CLDG Roots                    76 us, workers (us):  76, ---, ---, ---, ---, ---, 
[2026-04-03T06:30:56.508+0600][8.662s][info][gc,stats    ] Concurrent Marking               170569 us
[2026-04-03T06:30:56.508+0600][8.662s][info][gc,stats    ] Pause Final Mark (G)               1162 us
[2026-04-03T06:30:56.508+0600][8.662s][info][gc,stats    ] Pause Final Mark (N)                818 us
[2026-04-03T06:30:56.508+0600][8.662s][info][gc,stats    ]   Finish Mark                       228 us
[2026-04-03T06:30:56.508+0600][8.662s][info][gc,stats    ]   Update Region States               55 us
[2026-04-03T06:30:56.508+0600][8.662s][info][gc,stats    ]   Choose Collection Set             345 us
[2026-04-03T06:30:56.508+0600][8.662s][info][gc,stats    ]   Rebuild Free Set                   39 us
[2026-04-03T06:30:56.508+0600][8.662s][info][gc,stats    ] Concurrent Thread Roots             243 us, parallelism: 0.86x
[2026-04-03T06:30:56.508+0600][8.662s][info][gc,stats    ]   CTR: <total>                      210 us
[2026-04-03T06:30:56.508+0600][8.662s][info][gc,stats    ]   CTR: Thread Roots                 210 us, workers (us):  77,  95,  38, ---, ---, ---, 
[2026-04-03T06:30:56.508+0600][8.662s][info][gc,stats    ] Concurrent Weak References          165 us, parallelism: 0.21x
[2026-04-03T06:30:56.508+0600][8.662s][info][gc,stats    ]   CWRF: <total>                      35 us
[2026-04-03T06:30:56.508+0600][8.662s][info][gc,stats    ]   CWRF: Weak References              35 us, workers (us):  35,   1,   0, ---, ---, ---, 
[2026-04-03T06:30:56.508+0600][8.662s][info][gc,stats    ] Concurrent Weak Roots               867 us
[2026-04-03T06:30:56.508+0600][8.662s][info][gc,stats    ]   Roots                             565 us, parallelism: 2.15x
[2026-04-03T06:30:56.508+0600][8.662s][info][gc,stats    ]     CWR: <total>                   1216 us
[2026-04-03T06:30:56.508+0600][8.662s][info][gc,stats    ]     CWR: Code Cache Roots           905 us, workers (us): 275, 294, 336, ---, ---, ---, 
[2026-04-03T06:30:56.508+0600][8.662s][info][gc,stats    ]     CWR: VM Weak Roots              301 us, workers (us): 128,  97,  75, ---, ---, ---, 
[2026-04-03T06:30:56.508+0600][8.662s][info][gc,stats    ]     CWR: CLDG Roots                  11 us, workers (us): ---, ---,  11, ---, ---, ---, 
[2026-04-03T06:30:56.508+0600][8.662s][info][gc,stats    ]   Rendezvous                        194 us
[2026-04-03T06:30:56.508+0600][8.662s][info][gc,stats    ] Concurrent Cleanup                  705 us
[2026-04-03T06:30:56.508+0600][8.662s][info][gc,stats    ] Concurrent Class Unloading         1866 us
[2026-04-03T06:30:56.508+0600][8.662s][info][gc,stats    ]   Unlink Stale                     1521 us
[2026-04-03T06:30:56.508+0600][8.662s][info][gc,stats    ]     System Dictionary                13 us
[2026-04-03T06:30:56.508+0600][8.662s][info][gc,stats    ]     Weak Class Links                  0 us
[2026-04-03T06:30:56.508+0600][8.662s][info][gc,stats    ]     Code Roots                     1505 us
[2026-04-03T06:30:56.508+0600][8.662s][info][gc,stats    ]   Rendezvous                        188 us
[2026-04-03T06:30:56.508+0600][8.663s][info][gc,stats    ]   Purge Unlinked                     87 us
[2026-04-03T06:30:56.508+0600][8.663s][info][gc,stats    ]     Code Roots                       77 us
[2026-04-03T06:30:56.509+0600][8.663s][info][gc,stats    ]     CLDG                             10 us
[2026-04-03T06:30:56.509+0600][8.663s][info][gc,stats    ]     Exception Caches                  0 us
[2026-04-03T06:30:56.509+0600][8.663s][info][gc,stats    ] Concurrent Strong Roots             322 us, parallelism: 0.23x
[2026-04-03T06:30:56.509+0600][8.663s][info][gc,stats    ]   CSR: <total>                       74 us
[2026-04-03T06:30:56.509+0600][8.663s][info][gc,stats    ]   CSR: VM Strong Roots                7 us, workers (us):   5,   2,   0, ---, ---, ---, 
[2026-04-03T06:30:56.509+0600][8.663s][info][gc,stats    ]   CSR: CLDG Roots                    67 us, workers (us):  67, ---, ---, ---, ---, ---, 
[2026-04-03T06:30:56.509+0600][8.663s][info][gc,stats    ] Concurrent Evacuation             52006 us
[2026-04-03T06:30:56.509+0600][8.663s][info][gc,stats    ] Pause Init Update Refs (G)          357 us
[2026-04-03T06:30:56.509+0600][8.663s][info][gc,stats    ] Pause Init Update Refs (N)          108 us
[2026-04-03T06:30:56.509+0600][8.663s][info][gc,stats    ]   Manage GCLABs                       7 us
[2026-04-03T06:30:56.509+0600][8.663s][info][gc,stats    ] Concurrent Update Refs           158651 us
[2026-04-03T06:30:56.509+0600][8.663s][info][gc,stats    ] Concurrent Update Thread Roots      374 us
[2026-04-03T06:30:56.509+0600][8.663s][info][gc,stats    ] Pause Final Update Refs (G)         497 us
[2026-04-03T06:30:56.509+0600][8.663s][info][gc,stats    ] Pause Final Update Refs (N)         243 us
[2026-04-03T06:30:56.509+0600][8.663s][info][gc,stats    ]   Update Region States               59 us
[2026-04-03T06:30:56.509+0600][8.663s][info][gc,stats    ]   Trash Collection Set               12 us
[2026-04-03T06:30:56.509+0600][8.663s][info][gc,stats    ]   Rebuild Free Set                   35 us
[2026-04-03T06:30:56.509+0600][8.663s][info][gc,stats    ] Concurrent Cleanup                  928 us
[2026-04-03T06:30:56.509+0600][8.663s][info][gc,stats    ] 
[2026-04-03T06:30:56.509+0600][8.663s][info][gc,stats    ] Allocation pacing accrued:
[2026-04-03T06:30:56.509+0600][8.663s][info][gc,stats    ]       0 of  1500 ms (  0.0%): <total>
[2026-04-03T06:30:56.509+0600][8.663s][info][gc,stats    ]       0 of  1500 ms (  0.0%): <average total>
[2026-04-03T06:30:56.509+0600][8.663s][info][gc,stats    ] 
[2026-04-03T06:30:56.509+0600][8.663s][info][gc,metaspace] Metaspace: 8855K(9088K)->8855K(9088K) NonClass: 8011K(8128K)->8012K(8128K) Class: 843K(960K)->843K(960K)
[2026-04-03T06:30:56.509+0600][8.663s][info][gc,ergo     ] Pacer for Idle. Initial: 80302K, Alloc Tax Rate: 1.0x
[2026-04-03T06:30:57.534+0600][9.688s][info][gc          ] Trigger: Learning 4 of 5. Free (2744M) is below initial threshold (2744M)
[2026-04-03T06:30:57.534+0600][9.688s][info][gc,ergo     ] Free: 2744M, Max: 1024K regular, 2525M humongous, Frag: 8% external, 0% internal; Reserve: 197M, Max: 1024K
[2026-04-03T06:30:57.534+0600][9.688s][info][gc,start    ] GC(3) Concurrent reset
[2026-04-03T06:30:57.534+0600][9.688s][info][gc,task     ] GC(3) Using 3 of 6 workers for concurrent reset
[2026-04-03T06:30:57.534+0600][9.688s][info][gc,ergo     ] GC(3) Pacer for Reset. Non-Taxable: 3921M
[2026-04-03T06:30:57.538+0600][9.692s][info][gc          ] GC(3) Concurrent reset 3.745ms
[2026-04-03T06:30:57.538+0600][9.692s][info][gc,start    ] GC(3) Pause Init Mark (unload classes)
[2026-04-03T06:30:57.538+0600][9.692s][info][gc,task     ] GC(3) Using 6 of 6 workers for init marking
[2026-04-03T06:30:57.539+0600][9.693s][info][gc,ergo     ] GC(3) Pacer for Mark. Expected Live: 127M, Free: 2742M, Non-Taxable: 274M, Alloc Tax Rate: 0.1x
[2026-04-03T06:30:57.539+0600][9.693s][info][gc          ] GC(3) Pause Init Mark (unload classes) 0.237ms
[2026-04-03T06:30:57.539+0600][9.693s][info][gc,start    ] GC(3) Concurrent marking roots
[2026-04-03T06:30:57.539+0600][9.693s][info][gc,task     ] GC(3) Using 3 of 6 workers for concurrent marking roots
[2026-04-03T06:30:57.540+0600][9.694s][info][gc          ] GC(3) Concurrent marking roots 1.074ms
[2026-04-03T06:30:57.540+0600][9.694s][info][gc,start    ] GC(3) Concurrent marking (unload classes)
[2026-04-03T06:30:57.540+0600][9.694s][info][gc,task     ] GC(3) Using 3 of 6 workers for concurrent marking
[2026-04-03T06:30:57.711+0600][9.865s][info][gc          ] GC(3) Concurrent marking (unload classes) 171.483ms
[2026-04-03T06:30:57.712+0600][9.866s][info][gc,start    ] GC(3) Pause Final Mark (unload classes)
[2026-04-03T06:30:57.712+0600][9.866s][info][gc,task     ] GC(3) Using 6 of 6 workers for final marking
[2026-04-03T06:30:57.712+0600][9.866s][info][gc,ergo     ] GC(3) Adaptive CSet Selection. Target Free: 555M, Actual Free: 2826M, Max CSet: 163M, Min Garbage: 0B
[2026-04-03T06:30:57.712+0600][9.866s][info][gc,ergo     ] GC(3) Collectable Garbage: 756M (99%), Immediate: 3072K (0%), CSet: 753M (99%)
[2026-04-03T06:30:57.713+0600][9.867s][info][gc,ergo     ] GC(3) Pacer for Evacuation. Used CSet: 796M, Free: 2629M, Non-Taxable: 262M, Alloc Tax Rate: 1.1x
[2026-04-03T06:30:57.713+0600][9.867s][info][gc          ] GC(3) Pause Final Mark (unload classes) 1.096ms
[2026-04-03T06:30:57.713+0600][9.867s][info][gc,start    ] GC(3) Concurrent thread roots
[2026-04-03T06:30:57.713+0600][9.867s][info][gc,task     ] GC(3) Using 3 of 6 workers for Concurrent thread roots
[2026-04-03T06:30:57.713+0600][9.867s][info][gc          ] GC(3) Concurrent thread roots 0.241ms
[2026-04-03T06:30:57.713+0600][9.867s][info][gc,start    ] GC(3) Concurrent weak references
[2026-04-03T06:30:57.713+0600][9.867s][info][gc,task     ] GC(3) Using 3 of 6 workers for concurrent weak references
[2026-04-03T06:30:57.713+0600][9.867s][info][gc,ref      ] GC(3) Encountered references: Soft: 221, Weak: 461, Final: 3, Phantom: 45
[2026-04-03T06:30:57.713+0600][9.867s][info][gc,ref      ] GC(3) Discovered  references: Soft: 0, Weak: 21, Final: 0, Phantom: 26
[2026-04-03T06:30:57.713+0600][9.867s][info][gc,ref      ] GC(3) Enqueued    references: Soft: 0, Weak: 0, Final: 0, Phantom: 0
[2026-04-03T06:30:57.713+0600][9.867s][info][gc          ] GC(3) Concurrent weak references 0.167ms
[2026-04-03T06:30:57.713+0600][9.867s][info][gc,start    ] GC(3) Concurrent weak roots
[2026-04-03T06:30:57.713+0600][9.867s][info][gc,task     ] GC(3) Using 3 of 6 workers for concurrent weak root
[2026-04-03T06:30:57.714+0600][9.868s][info][gc          ] GC(3) Concurrent weak roots 0.823ms
[2026-04-03T06:30:57.714+0600][9.868s][info][gc,start    ] GC(3) Concurrent cleanup
[2026-04-03T06:30:57.714+0600][9.868s][info][gc          ] GC(3) Concurrent cleanup 1098M->1095M(1215M) 0.203ms
[2026-04-03T06:30:57.714+0600][9.868s][info][gc,ergo     ] GC(3) Free: 2628M, Max: 1024K regular, 2525M humongous, Frag: 4% external, 0% internal; Reserve: 196M, Max: 1024K
[2026-04-03T06:30:57.714+0600][9.868s][info][gc,start    ] GC(3) Concurrent class unloading
[2026-04-03T06:30:57.714+0600][9.868s][info][gc,task     ] GC(3) Using 3 of 6 workers for concurrent class unloading
[2026-04-03T06:30:57.717+0600][9.871s][info][gc          ] GC(3) Concurrent class unloading 2.293ms
[2026-04-03T06:30:57.717+0600][9.871s][info][gc,start    ] GC(3) Concurrent strong roots
[2026-04-03T06:30:57.717+0600][9.871s][info][gc,task     ] GC(3) Using 3 of 6 workers for concurrent strong root
[2026-04-03T06:30:57.717+0600][9.871s][info][gc          ] GC(3) Concurrent strong roots 0.264ms
[2026-04-03T06:30:57.717+0600][9.871s][info][gc,start    ] GC(3) Concurrent evacuation
[2026-04-03T06:30:57.717+0600][9.871s][info][gc,task     ] GC(3) Using 3 of 6 workers for concurrent evacuation
[2026-04-03T06:30:57.755+0600][9.909s][info][gc          ] GC(3) Concurrent evacuation 37.855ms
[2026-04-03T06:30:57.755+0600][9.909s][info][gc,start    ] GC(3) Pause Init Update Refs
[2026-04-03T06:30:57.755+0600][9.909s][info][gc,ergo     ] GC(3) Pacer for Update Refs. Used: 1161M, Free: 2606M, Non-Taxable: 260M, Alloc Tax Rate: 1.1x
[2026-04-03T06:30:57.755+0600][9.909s][info][gc          ] GC(3) Pause Init Update Refs 0.076ms
[2026-04-03T06:30:57.755+0600][9.909s][info][gc,start    ] GC(3) Concurrent update references
[2026-04-03T06:30:57.755+0600][9.909s][info][gc,task     ] GC(3) Using 3 of 6 workers for concurrent reference update
[2026-04-03T06:30:57.893+0600][10.047s][info][gc          ] GC(3) Concurrent update references 137.611ms
[2026-04-03T06:30:57.893+0600][10.047s][info][gc,start    ] GC(3) Concurrent update thread roots
[2026-04-03T06:30:57.893+0600][10.047s][info][gc          ] GC(3) Concurrent update thread roots 0.216ms
[2026-04-03T06:30:57.893+0600][10.047s][info][gc,start    ] GC(3) Pause Final Update Refs
[2026-04-03T06:30:57.893+0600][10.047s][info][gc,task     ] GC(3) Using 6 of 6 workers for final reference update
[2026-04-03T06:30:57.893+0600][10.047s][info][gc          ] GC(3) Pause Final Update Refs 0.174ms
[2026-04-03T06:30:57.893+0600][10.047s][info][gc,start    ] GC(3) Concurrent cleanup
[2026-04-03T06:30:57.894+0600][10.048s][info][gc          ] GC(3) Concurrent cleanup 1246M->449M(1255M) 0.268ms
[2026-04-03T06:30:57.894+0600][10.048s][info][gc,ergo     ] Free: 3273M, Max: 1024K regular, 2480M humongous, Frag: 25% external, 0% internal; Reserve: 197M, Max: 1024K
[2026-04-03T06:30:57.894+0600][10.048s][info][gc,stats    ] 
[2026-04-03T06:30:57.894+0600][10.048s][info][gc,stats    ] All times are wall-clock times, except per-root-class counters, that are sum over
[2026-04-03T06:30:57.894+0600][10.048s][info][gc,stats    ] all workers. Dividing the <total> over the root stage time estimates parallelism.
[2026-04-03T06:30:57.894+0600][10.048s][info][gc,stats    ] 
[2026-04-03T06:30:57.894+0600][10.048s][info][gc,stats    ] Concurrent Reset                   3845 us
[2026-04-03T06:30:57.894+0600][10.048s][info][gc,stats    ] Pause Init Mark (G)                 832 us
[2026-04-03T06:30:57.894+0600][10.048s][info][gc,stats    ] Pause Init Mark (N)                 248 us
[2026-04-03T06:30:57.894+0600][10.048s][info][gc,stats    ]   Update Region States               58 us
[2026-04-03T06:30:57.894+0600][10.048s][info][gc,stats    ] Concurrent Mark Roots              1136 us, parallelism: 0.85x
[2026-04-03T06:30:57.894+0600][10.048s][info][gc,stats    ]   CMR: <total>                      960 us
[2026-04-03T06:30:57.894+0600][10.048s][info][gc,stats    ]   CMR: Thread Roots                 829 us, workers (us):   8, 729,  91, ---, ---, ---, 
[2026-04-03T06:30:57.894+0600][10.048s][info][gc,stats    ]   CMR: VM Strong Roots               15 us, workers (us):   6,   8,   1, ---, ---, ---, 
[2026-04-03T06:30:57.894+0600][10.048s][info][gc,stats    ]   CMR: CLDG Roots                   116 us, workers (us): 116, ---, ---, ---, ---, ---, 
[2026-04-03T06:30:57.894+0600][10.048s][info][gc,stats    ] Concurrent Marking               171558 us
[2026-04-03T06:30:57.894+0600][10.048s][info][gc,stats    ] Pause Final Mark (G)               1346 us
[2026-04-03T06:30:57.894+0600][10.048s][info][gc,stats    ] Pause Final Mark (N)               1109 us
[2026-04-03T06:30:57.894+0600][10.048s][info][gc,stats    ]   Finish Mark                       375 us
[2026-04-03T06:30:57.894+0600][10.048s][info][gc,stats    ]   Update Region States               74 us
[2026-04-03T06:30:57.894+0600][10.048s][info][gc,stats    ]   Choose Collection Set             471 us
[2026-04-03T06:30:57.894+0600][10.048s][info][gc,stats    ]   Rebuild Free Set                   70 us
[2026-04-03T06:30:57.894+0600][10.048s][info][gc,stats    ] Concurrent Thread Roots             267 us, parallelism: 0.60x
[2026-04-03T06:30:57.894+0600][10.048s][info][gc,stats    ]   CTR: <total>                      159 us
[2026-04-03T06:30:57.894+0600][10.048s][info][gc,stats    ]   CTR: Thread Roots                 159 us, workers (us):  97,  62,   0, ---, ---, ---, 
[2026-04-03T06:30:57.894+0600][10.048s][info][gc,stats    ] Concurrent Weak References          185 us, parallelism: 0.10x
[2026-04-03T06:30:57.894+0600][10.048s][info][gc,stats    ]   CWRF: <total>                      18 us
[2026-04-03T06:30:57.894+0600][10.048s][info][gc,stats    ]   CWRF: Weak References              18 us, workers (us):  18,   0,   0, ---, ---, ---, 
[2026-04-03T06:30:57.894+0600][10.048s][info][gc,stats    ] Concurrent Weak Roots               850 us
[2026-04-03T06:30:57.894+0600][10.048s][info][gc,stats    ]   Roots                             573 us, parallelism: 2.08x
[2026-04-03T06:30:57.894+0600][10.048s][info][gc,stats    ]     CWR: <total>                   1190 us
[2026-04-03T06:30:57.894+0600][10.048s][info][gc,stats    ]     CWR: Code Cache Roots           905 us, workers (us): 273, 330, 301, ---, ---, ---, 
[2026-04-03T06:30:57.894+0600][10.048s][info][gc,stats    ]     CWR: VM Weak Roots              273 us, workers (us): 141,  92,  40, ---, ---, ---, 
[2026-04-03T06:30:57.894+0600][10.048s][info][gc,stats    ]     CWR: CLDG Roots                  13 us, workers (us): ---, ---,  13, ---, ---, ---, 
[2026-04-03T06:30:57.894+0600][10.048s][info][gc,stats    ]   Rendezvous                        211 us
[2026-04-03T06:30:57.894+0600][10.048s][info][gc,stats    ] Concurrent Cleanup                  222 us
[2026-04-03T06:30:57.894+0600][10.048s][info][gc,stats    ] Concurrent Class Unloading         2342 us
[2026-04-03T06:30:57.894+0600][10.048s][info][gc,stats    ]   Unlink Stale                     1535 us
[2026-04-03T06:30:57.894+0600][10.048s][info][gc,stats    ]     System Dictionary                 9 us
[2026-04-03T06:30:57.894+0600][10.048s][info][gc,stats    ]     Weak Class Links                  0 us
[2026-04-03T06:30:57.894+0600][10.048s][info][gc,stats    ]     Code Roots                     1523 us
[2026-04-03T06:30:57.894+0600][10.048s][info][gc,stats    ]   Rendezvous                        194 us
[2026-04-03T06:30:57.894+0600][10.048s][info][gc,stats    ]   Purge Unlinked                    542 us
[2026-04-03T06:30:57.894+0600][10.048s][info][gc,stats    ]     Code Roots                      527 us
[2026-04-03T06:30:57.894+0600][10.048s][info][gc,stats    ]     CLDG                             14 us
[2026-04-03T06:30:57.894+0600][10.048s][info][gc,stats    ]     Exception Caches                  0 us
[2026-04-03T06:30:57.894+0600][10.048s][info][gc,stats    ] Concurrent Strong Roots             291 us, parallelism: 0.51x
[2026-04-03T06:30:57.894+0600][10.048s][info][gc,stats    ]   CSR: <total>                      150 us
[2026-04-03T06:30:57.894+0600][10.048s][info][gc,stats    ]   CSR: VM Strong Roots                8 us, workers (us):   7,   1,   0, ---, ---, ---, 
[2026-04-03T06:30:57.894+0600][10.048s][info][gc,stats    ]   CSR: CLDG Roots                   142 us, workers (us): 142, ---, ---, ---, ---, ---, 
[2026-04-03T06:30:57.894+0600][10.048s][info][gc,stats    ] Concurrent Evacuation             37932 us
[2026-04-03T06:30:57.894+0600][10.048s][info][gc,stats    ] Pause Init Update Refs (G)          240 us
[2026-04-03T06:30:57.894+0600][10.048s][info][gc,stats    ] Pause Init Update Refs (N)           84 us
[2026-04-03T06:30:57.894+0600][10.048s][info][gc,stats    ]   Manage GCLABs                       5 us
[2026-04-03T06:30:57.894+0600][10.048s][info][gc,stats    ] Concurrent Update Refs           137690 us
[2026-04-03T06:30:57.894+0600][10.048s][info][gc,stats    ] Concurrent Update Thread Roots      232 us
[2026-04-03T06:30:57.894+0600][10.048s][info][gc,stats    ] Pause Final Update Refs (G)         391 us
[2026-04-03T06:30:57.894+0600][10.048s][info][gc,stats    ] Pause Final Update Refs (N)         185 us
[2026-04-03T06:30:57.894+0600][10.048s][info][gc,stats    ]   Update Region States               41 us
[2026-04-03T06:30:57.894+0600][10.048s][info][gc,stats    ]   Trash Collection Set               10 us
[2026-04-03T06:30:57.894+0600][10.048s][info][gc,stats    ]   Rebuild Free Set                   30 us
[2026-04-03T06:30:57.894+0600][10.048s][info][gc,stats    ] Concurrent Cleanup                  283 us
[2026-04-03T06:30:57.894+0600][10.049s][info][gc,stats    ] 
[2026-04-03T06:30:57.894+0600][10.049s][info][gc,stats    ] Allocation pacing accrued:
[2026-04-03T06:30:57.894+0600][10.049s][info][gc,stats    ]       0 of  1386 ms (  0.0%): <total>
[2026-04-03T06:30:57.894+0600][10.049s][info][gc,stats    ]       0 of  1386 ms (  0.0%): <average total>
[2026-04-03T06:30:57.894+0600][10.049s][info][gc,stats    ] 
[2026-04-03T06:30:57.895+0600][10.049s][info][gc,metaspace] Metaspace: 8913K(9088K)->8913K(9088K) NonClass: 8069K(8128K)->8069K(8128K) Class: 843K(960K)->843K(960K)
[2026-04-03T06:30:57.895+0600][10.049s][info][gc,ergo     ] Pacer for Idle. Initial: 80302K, Alloc Tax Rate: 1.0x
[2026-04-03T06:30:58.479+0600][10.633s][info][gc          ] Trigger: Learning 5 of 5. Free (2744M) is below initial threshold (2744M)
[2026-04-03T06:30:58.480+0600][10.634s][info][gc,ergo     ] Free: 2744M, Max: 1024K regular, 2480M humongous, Frag: 10% external, 0% internal; Reserve: 197M, Max: 1024K
[2026-04-03T06:30:58.480+0600][10.634s][info][gc,start    ] GC(4) Concurrent reset
[2026-04-03T06:30:58.480+0600][10.634s][info][gc,task     ] GC(4) Using 3 of 6 workers for concurrent reset
[2026-04-03T06:30:58.480+0600][10.634s][info][gc,ergo     ] GC(4) Pacer for Reset. Non-Taxable: 3921M
[2026-04-03T06:30:58.482+0600][10.636s][info][gc          ] GC(4) Concurrent reset 2.080ms
[2026-04-03T06:30:58.482+0600][10.636s][info][gc,start    ] GC(4) Pause Init Mark (unload classes)
[2026-04-03T06:30:58.482+0600][10.636s][info][gc,task     ] GC(4) Using 6 of 6 workers for init marking
[2026-04-03T06:30:58.482+0600][10.636s][info][gc,ergo     ] GC(4) Pacer for Mark. Expected Live: 151M, Free: 2741M, Non-Taxable: 274M, Alloc Tax Rate: 0.1x
[2026-04-03T06:30:58.482+0600][10.636s][info][gc          ] GC(4) Pause Init Mark (unload classes) 0.114ms
[2026-04-03T06:30:58.482+0600][10.636s][info][gc,start    ] GC(4) Concurrent marking roots
[2026-04-03T06:30:58.482+0600][10.636s][info][gc,task     ] GC(4) Using 3 of 6 workers for concurrent marking roots
[2026-04-03T06:30:58.482+0600][10.636s][info][gc          ] GC(4) Concurrent marking roots 0.251ms
[2026-04-03T06:30:58.482+0600][10.636s][info][gc,start    ] GC(4) Concurrent marking (unload classes)
[2026-04-03T06:30:58.482+0600][10.636s][info][gc,task     ] GC(4) Using 3 of 6 workers for concurrent marking
[2026-04-03T06:30:58.637+0600][10.791s][info][gc          ] GC(4) Concurrent marking (unload classes) 154.869ms
[2026-04-03T06:30:58.637+0600][10.791s][info][gc,start    ] GC(4) Pause Final Mark (unload classes)
[2026-04-03T06:30:58.637+0600][10.791s][info][gc,task     ] GC(4) Using 6 of 6 workers for final marking
[2026-04-03T06:30:58.638+0600][10.792s][info][gc,ergo     ] GC(4) Adaptive CSet Selection. Target Free: 555M, Actual Free: 2830M, Max CSet: 163M, Min Garbage: 0B
[2026-04-03T06:30:58.638+0600][10.792s][info][gc,ergo     ] GC(4) Collectable Garbage: 737M (99%), Immediate: 3072K (0%), CSet: 734M (99%)
[2026-04-03T06:30:58.638+0600][10.792s][info][gc,ergo     ] GC(4) Pacer for Evacuation. Used CSet: 761M, Free: 2633M, Non-Taxable: 263M, Alloc Tax Rate: 1.1x
[2026-04-03T06:30:58.638+0600][10.792s][info][gc          ] GC(4) Pause Final Mark (unload classes) 0.638ms
[2026-04-03T06:30:58.638+0600][10.792s][info][gc,start    ] GC(4) Concurrent thread roots
[2026-04-03T06:30:58.638+0600][10.792s][info][gc,task     ] GC(4) Using 3 of 6 workers for Concurrent thread roots
[2026-04-03T06:30:58.638+0600][10.792s][info][gc          ] GC(4) Concurrent thread roots 0.285ms
[2026-04-03T06:30:58.638+0600][10.792s][info][gc,start    ] GC(4) Concurrent weak references
[2026-04-03T06:30:58.638+0600][10.792s][info][gc,task     ] GC(4) Using 3 of 6 workers for concurrent weak references
[2026-04-03T06:30:58.639+0600][10.793s][info][gc,ref      ] GC(4) Encountered references: Soft: 234, Weak: 461, Final: 3, Phantom: 45
[2026-04-03T06:30:58.639+0600][10.793s][info][gc,ref      ] GC(4) Discovered  references: Soft: 0, Weak: 210, Final: 1, Phantom: 26
[2026-04-03T06:30:58.639+0600][10.793s][info][gc,ref      ] GC(4) Enqueued    references: Soft: 0, Weak: 4, Final: 0, Phantom: 0
[2026-04-03T06:30:58.639+0600][10.793s][info][gc          ] GC(4) Concurrent weak references 0.196ms
[2026-04-03T06:30:58.639+0600][10.793s][info][gc,start    ] GC(4) Concurrent weak roots
[2026-04-03T06:30:58.639+0600][10.793s][info][gc,task     ] GC(4) Using 3 of 6 workers for concurrent weak root
[2026-04-03T06:30:58.639+0600][10.793s][info][gc          ] GC(4) Concurrent weak roots 0.838ms
[2026-04-03T06:30:58.640+0600][10.794s][info][gc,start    ] GC(4) Concurrent cleanup
[2026-04-03T06:30:58.640+0600][10.794s][info][gc          ] GC(4) Concurrent cleanup 1094M->1091M(1255M) 0.195ms
[2026-04-03T06:30:58.640+0600][10.794s][info][gc,ergo     ] GC(4) Free: 2632M, Max: 1024K regular, 2480M humongous, Frag: 6% external, 0% internal; Reserve: 196M, Max: 1024K
[2026-04-03T06:30:58.640+0600][10.794s][info][gc,start    ] GC(4) Concurrent class unloading
[2026-04-03T06:30:58.640+0600][10.794s][info][gc,task     ] GC(4) Using 3 of 6 workers for concurrent class unloading
[2026-04-03T06:30:58.642+0600][10.796s][info][gc          ] GC(4) Concurrent class unloading 1.846ms
[2026-04-03T06:30:58.642+0600][10.796s][info][gc,start    ] GC(4) Concurrent strong roots
[2026-04-03T06:30:58.642+0600][10.796s][info][gc,task     ] GC(4) Using 3 of 6 workers for concurrent strong root
[2026-04-03T06:30:58.642+0600][10.796s][info][gc          ] GC(4) Concurrent strong roots 0.234ms
[2026-04-03T06:30:58.642+0600][10.796s][info][gc,start    ] GC(4) Concurrent evacuation
[2026-04-03T06:30:58.642+0600][10.796s][info][gc,task     ] GC(4) Using 3 of 6 workers for concurrent evacuation
[2026-04-03T06:30:58.662+0600][10.816s][info][gc          ] GC(4) Concurrent evacuation 20.125ms
[2026-04-03T06:30:58.662+0600][10.816s][info][gc,start    ] GC(4) Pause Init Update Refs
[2026-04-03T06:30:58.662+0600][10.816s][info][gc,ergo     ] GC(4) Pacer for Update Refs. Used: 1131M, Free: 2620M, Non-Taxable: 262M, Alloc Tax Rate: 1.1x
[2026-04-03T06:30:58.662+0600][10.817s][info][gc          ] GC(4) Pause Init Update Refs 0.103ms
[2026-04-03T06:30:58.663+0600][10.817s][info][gc,start    ] GC(4) Concurrent update references
[2026-04-03T06:30:58.663+0600][10.817s][info][gc,task     ] GC(4) Using 3 of 6 workers for concurrent reference update
[2026-04-03T06:30:58.801+0600][10.955s][info][gc          ] GC(4) Concurrent update references 138.217ms
[2026-04-03T06:30:58.801+0600][10.955s][info][gc,start    ] GC(4) Concurrent update thread roots
[2026-04-03T06:30:58.801+0600][10.955s][info][gc          ] GC(4) Concurrent update thread roots 0.269ms
[2026-04-03T06:30:58.801+0600][10.955s][info][gc,start    ] GC(4) Pause Final Update Refs
[2026-04-03T06:30:58.801+0600][10.955s][info][gc,task     ] GC(4) Using 6 of 6 workers for final reference update
[2026-04-03T06:30:58.801+0600][10.955s][info][gc          ] GC(4) Pause Final Update Refs 0.158ms
[2026-04-03T06:30:58.801+0600][10.955s][info][gc,start    ] GC(4) Concurrent cleanup
[2026-04-03T06:30:58.802+0600][10.956s][info][gc          ] GC(4) Concurrent cleanup 1205M->443M(1280M) 0.265ms
[2026-04-03T06:30:58.802+0600][10.956s][info][gc,ergo     ] Free: 3280M, Max: 1024K regular, 2639M humongous, Frag: 20% external, 0% internal; Reserve: 197M, Max: 1024K
[2026-04-03T06:30:58.802+0600][10.956s][info][gc,stats    ] 
[2026-04-03T06:30:58.802+0600][10.956s][info][gc,stats    ] All times are wall-clock times, except per-root-class counters, that are sum over
[2026-04-03T06:30:58.802+0600][10.956s][info][gc,stats    ] all workers. Dividing the <total> over the root stage time estimates parallelism.
[2026-04-03T06:30:58.802+0600][10.956s][info][gc,stats    ] 
[2026-04-03T06:30:58.802+0600][10.956s][info][gc,stats    ] Concurrent Reset                   2148 us
[2026-04-03T06:30:58.802+0600][10.956s][info][gc,stats    ] Pause Init Mark (G)                 328 us
[2026-04-03T06:30:58.802+0600][10.956s][info][gc,stats    ] Pause Init Mark (N)                 120 us
[2026-04-03T06:30:58.802+0600][10.956s][info][gc,stats    ]   Update Region States               28 us
[2026-04-03T06:30:58.802+0600][10.956s][info][gc,stats    ] Concurrent Mark Roots               269 us, parallelism: 0.67x
[2026-04-03T06:30:58.802+0600][10.956s][info][gc,stats    ]   CMR: <total>                      181 us
[2026-04-03T06:30:58.802+0600][10.956s][info][gc,stats    ]   CMR: Thread Roots                  90 us, workers (us):   4,  68,  18, ---, ---, ---, 
[2026-04-03T06:30:58.802+0600][10.956s][info][gc,stats    ]   CMR: VM Strong Roots               20 us, workers (us):  19,   1,   1, ---, ---, ---, 
[2026-04-03T06:30:58.802+0600][10.956s][info][gc,stats    ]   CMR: CLDG Roots                    71 us, workers (us):  71, ---, ---, ---, ---, ---, 
[2026-04-03T06:30:58.802+0600][10.956s][info][gc,stats    ] Concurrent Marking               154965 us
[2026-04-03T06:30:58.802+0600][10.956s][info][gc,stats    ] Pause Final Mark (G)                817 us
[2026-04-03T06:30:58.802+0600][10.956s][info][gc,stats    ] Pause Final Mark (N)                647 us
[2026-04-03T06:30:58.802+0600][10.956s][info][gc,stats    ]   Finish Mark                       255 us
[2026-04-03T06:30:58.802+0600][10.956s][info][gc,stats    ]   Update Region States               55 us
[2026-04-03T06:30:58.802+0600][10.956s][info][gc,stats    ]   Choose Collection Set             210 us
[2026-04-03T06:30:58.802+0600][10.956s][info][gc,stats    ]   Rebuild Free Set                   31 us
[2026-04-03T06:30:58.802+0600][10.956s][info][gc,stats    ] Concurrent Thread Roots             316 us, parallelism: 0.58x
[2026-04-03T06:30:58.802+0600][10.956s][info][gc,stats    ]   CTR: <total>                      184 us
[2026-04-03T06:30:58.802+0600][10.956s][info][gc,stats    ]   CTR: Thread Roots                 184 us, workers (us): 103,  42,  39, ---, ---, ---, 
[2026-04-03T06:30:58.802+0600][10.956s][info][gc,stats    ] Concurrent Weak References          208 us, parallelism: 0.15x
[2026-04-03T06:30:58.802+0600][10.956s][info][gc,stats    ]   CWRF: <total>                      32 us
[2026-04-03T06:30:58.802+0600][10.956s][info][gc,stats    ]   CWRF: Weak References              32 us, workers (us):  32,   0,   0, ---, ---, ---, 
[2026-04-03T06:30:58.802+0600][10.956s][info][gc,stats    ] Concurrent Weak Roots               891 us
[2026-04-03T06:30:58.802+0600][10.956s][info][gc,stats    ]   Roots                             582 us, parallelism: 1.94x
[2026-04-03T06:30:58.802+0600][10.956s][info][gc,stats    ]     CWR: <total>                   1127 us
[2026-04-03T06:30:58.802+0600][10.956s][info][gc,stats    ]     CWR: Code Cache Roots           846 us, workers (us): 295, 313, 238, ---, ---, ---, 
[2026-04-03T06:30:58.802+0600][10.956s][info][gc,stats    ]     CWR: VM Weak Roots              277 us, workers (us): 133,  72,  72, ---, ---, ---, 
[2026-04-03T06:30:58.802+0600][10.956s][info][gc,stats    ]     CWR: CLDG Roots                   5 us, workers (us):   5, ---, ---, ---, ---, ---, 
[2026-04-03T06:30:58.802+0600][10.956s][info][gc,stats    ]   Rendezvous                        229 us
[2026-04-03T06:30:58.802+0600][10.956s][info][gc,stats    ] Concurrent Cleanup                  207 us
[2026-04-03T06:30:58.802+0600][10.956s][info][gc,stats    ] Concurrent Class Unloading         1895 us
[2026-04-03T06:30:58.802+0600][10.956s][info][gc,stats    ]   Unlink Stale                     1499 us
[2026-04-03T06:30:58.802+0600][10.956s][info][gc,stats    ]     System Dictionary                20 us
[2026-04-03T06:30:58.802+0600][10.956s][info][gc,stats    ]     Weak Class Links                  0 us
[2026-04-03T06:30:58.802+0600][10.956s][info][gc,stats    ]     Code Roots                     1476 us
[2026-04-03T06:30:58.802+0600][10.956s][info][gc,stats    ]   Rendezvous                        203 us
[2026-04-03T06:30:58.802+0600][10.956s][info][gc,stats    ]   Purge Unlinked                    118 us
[2026-04-03T06:30:58.802+0600][10.956s][info][gc,stats    ]     Code Roots                      110 us
[2026-04-03T06:30:58.802+0600][10.956s][info][gc,stats    ]     CLDG                              8 us
[2026-04-03T06:30:58.802+0600][10.956s][info][gc,stats    ]     Exception Caches                  0 us
[2026-04-03T06:30:58.802+0600][10.956s][info][gc,stats    ] Concurrent Strong Roots             261 us, parallelism: 0.23x
[2026-04-03T06:30:58.802+0600][10.956s][info][gc,stats    ]   CSR: <total>                       60 us
[2026-04-03T06:30:58.802+0600][10.956s][info][gc,stats    ]   CSR: VM Strong Roots                7 us, workers (us):   5,   1,   1, ---, ---, ---, 
[2026-04-03T06:30:58.802+0600][10.956s][info][gc,stats    ]   CSR: CLDG Roots                    52 us, workers (us):  52, ---, ---, ---, ---, ---, 
[2026-04-03T06:30:58.802+0600][10.956s][info][gc,stats    ] Concurrent Evacuation             20204 us
[2026-04-03T06:30:58.802+0600][10.956s][info][gc,stats    ] Pause Init Update Refs (G)          448 us
[2026-04-03T06:30:58.802+0600][10.956s][info][gc,stats    ] Pause Init Update Refs (N)          113 us
[2026-04-03T06:30:58.802+0600][10.956s][info][gc,stats    ]   Manage GCLABs                       7 us
[2026-04-03T06:30:58.802+0600][10.956s][info][gc,stats    ] Concurrent Update Refs           138298 us
[2026-04-03T06:30:58.802+0600][10.956s][info][gc,stats    ] Concurrent Update Thread Roots      283 us
[2026-04-03T06:30:58.802+0600][10.956s][info][gc,stats    ] Pause Final Update Refs (G)         225 us
[2026-04-03T06:30:58.802+0600][10.956s][info][gc,stats    ] Pause Final Update Refs (N)         168 us
[2026-04-03T06:30:58.802+0600][10.956s][info][gc,stats    ]   Update Region States               44 us
[2026-04-03T06:30:58.802+0600][10.956s][info][gc,stats    ]   Trash Collection Set               10 us
[2026-04-03T06:30:58.802+0600][10.956s][info][gc,stats    ]   Rebuild Free Set                   30 us
[2026-04-03T06:30:58.802+0600][10.956s][info][gc,stats    ] Concurrent Cleanup                  278 us
[2026-04-03T06:30:58.802+0600][10.956s][info][gc,stats    ] 
[2026-04-03T06:30:58.802+0600][10.956s][info][gc,stats    ] Allocation pacing accrued:
[2026-04-03T06:30:58.802+0600][10.956s][info][gc,stats    ]       0 of   908 ms (  0.0%): <total>
[2026-04-03T06:30:58.802+0600][10.956s][info][gc,stats    ]       0 of   908 ms (  0.0%): <average total>
[2026-04-03T06:30:58.802+0600][10.956s][info][gc,stats    ] 
[2026-04-03T06:30:58.802+0600][10.956s][info][gc,metaspace] Metaspace: 8916K(9152K)->8916K(9152K) NonClass: 8072K(8192K)->8072K(8192K) Class: 843K(960K)->843K(960K)
[2026-04-03T06:30:58.802+0600][10.956s][info][gc,ergo     ] Pacer for Idle. Initial: 80302K, Alloc Tax Rate: 1.0x
[2026-04-03T06:31:03.035+0600][15.189s][info][gc          ] Trigger: Average GC time (392.30 ms) is above the time for average allocation rate (658 MB/s) to deplete free headroom (257M) (margin of error = 1.80)
[2026-04-03T06:31:03.035+0600][15.189s][info][gc,ergo     ] Free headroom: 453M (free) - 196M (spike) - 0B (penalties) = 257M
[2026-04-03T06:31:03.035+0600][15.189s][info][gc,ergo     ] Free: 453M, Max: 1024K regular, 453M humongous, Frag: 0% external, 0% internal; Reserve: 197M, Max: 1024K
[2026-04-03T06:31:03.035+0600][15.189s][info][gc,start    ] GC(5) Concurrent reset
[2026-04-03T06:31:03.035+0600][15.189s][info][gc,task     ] GC(5) Using 3 of 6 workers for concurrent reset
[2026-04-03T06:31:03.035+0600][15.189s][info][gc,ergo     ] GC(5) Pacer for Reset. Non-Taxable: 3921M
[2026-04-03T06:31:03.037+0600][15.191s][info][gc          ] GC(5) Concurrent reset 2.090ms
[2026-04-03T06:31:03.038+0600][15.192s][info][gc,start    ] GC(5) Pause Init Mark (unload classes)
[2026-04-03T06:31:03.038+0600][15.192s][info][gc,task     ] GC(5) Using 6 of 6 workers for init marking
[2026-04-03T06:31:03.038+0600][15.192s][info][gc,ergo     ] GC(5) Pacer for Mark. Expected Live: 169M, Free: 451M, Non-Taxable: 46212K, Alloc Tax Rate: 0.5x
[2026-04-03T06:31:03.038+0600][15.192s][info][gc          ] GC(5) Pause Init Mark (unload classes) 0.094ms
[2026-04-03T06:31:03.038+0600][15.192s][info][gc,start    ] GC(5) Concurrent marking roots
[2026-04-03T06:31:03.038+0600][15.192s][info][gc,task     ] GC(5) Using 3 of 6 workers for concurrent marking roots
[2026-04-03T06:31:03.038+0600][15.192s][info][gc          ] GC(5) Concurrent marking roots 0.598ms
[2026-04-03T06:31:03.039+0600][15.193s][info][gc,start    ] GC(5) Concurrent marking (unload classes)
[2026-04-03T06:31:03.039+0600][15.193s][info][gc,task     ] GC(5) Using 3 of 6 workers for concurrent marking
[2026-04-03T06:31:03.418+0600][15.573s][info][gc          ] GC(5) Concurrent marking (unload classes) 379.960ms
[2026-04-03T06:31:03.419+0600][15.573s][info][gc,start    ] GC(5) Pause Final Mark (unload classes)
[2026-04-03T06:31:03.419+0600][15.573s][info][gc,task     ] GC(5) Using 6 of 6 workers for final marking
[2026-04-03T06:31:03.419+0600][15.573s][info][gc,ergo     ] GC(5) Adaptive CSet Selection. Target Free: 555M, Actual Free: 718M, Max CSet: 163M, Min Garbage: 0B
[2026-04-03T06:31:03.420+0600][15.574s][info][gc,ergo     ] GC(5) Collectable Garbage: 2952M (99%), Immediate: 177M (5%), CSet: 2775M (93%)
[2026-04-03T06:31:03.420+0600][15.574s][info][gc,ergo     ] GC(5) Pacer for Evacuation. Used CSet: 2858M, Free: 521M, Non-Taxable: 53350K, Alloc Tax Rate: 13.4x
[2026-04-03T06:31:03.420+0600][15.574s][info][gc          ] GC(5) Pause Final Mark (unload classes) 1.677ms
[2026-04-03T06:31:03.420+0600][15.575s][info][gc,start    ] GC(5) Concurrent thread roots
[2026-04-03T06:31:03.421+0600][15.575s][info][gc,task     ] GC(5) Using 3 of 6 workers for Concurrent thread roots
[2026-04-03T06:31:03.421+0600][15.575s][info][gc          ] GC(5) Concurrent thread roots 0.733ms
[2026-04-03T06:31:03.421+0600][15.575s][info][gc,start    ] GC(5) Concurrent weak references
[2026-04-03T06:31:03.421+0600][15.575s][info][gc,task     ] GC(5) Using 3 of 6 workers for concurrent weak references
[2026-04-03T06:31:03.421+0600][15.575s][info][gc,ref      ] GC(5) Encountered references: Soft: 221, Weak: 457, Final: 3, Phantom: 45
[2026-04-03T06:31:03.422+0600][15.576s][info][gc,ref      ] GC(5) Discovered  references: Soft: 0, Weak: 22, Final: 2, Phantom: 26
[2026-04-03T06:31:03.422+0600][15.576s][info][gc,ref      ] GC(5) Enqueued    references: Soft: 0, Weak: 0, Final: 0, Phantom: 0
[2026-04-03T06:31:03.422+0600][15.576s][info][gc          ] GC(5) Concurrent weak references 0.300ms
[2026-04-03T06:31:03.422+0600][15.576s][info][gc,start    ] GC(5) Concurrent weak roots
[2026-04-03T06:31:03.422+0600][15.576s][info][gc,task     ] GC(5) Using 3 of 6 workers for concurrent weak root
[2026-04-03T06:31:03.423+0600][15.577s][info][gc          ] GC(5) Concurrent weak roots 1.338ms
[2026-04-03T06:31:03.423+0600][15.577s][info][gc,start    ] GC(5) Concurrent cleanup
[2026-04-03T06:31:03.424+0600][15.578s][info][gc          ] GC(5) Concurrent cleanup 3380M->3203M(3389M) 0.832ms
[2026-04-03T06:31:03.424+0600][15.578s][info][gc,ergo     ] GC(5) Free: 520M, Max: 1024K regular, 343M humongous, Frag: 35% external, 0% internal; Reserve: 196M, Max: 1024K
[2026-04-03T06:31:03.424+0600][15.578s][info][gc,start    ] GC(5) Concurrent class unloading
[2026-04-03T06:31:03.424+0600][15.578s][info][gc,task     ] GC(5) Using 3 of 6 workers for concurrent class unloading
[2026-04-03T06:31:03.427+0600][15.581s][info][gc          ] GC(5) Concurrent class unloading 3.312ms
[2026-04-03T06:31:03.427+0600][15.581s][info][gc,start    ] GC(5) Concurrent strong roots
[2026-04-03T06:31:03.427+0600][15.581s][info][gc,task     ] GC(5) Using 3 of 6 workers for concurrent strong root
[2026-04-03T06:31:03.428+0600][15.582s][info][gc          ] GC(5) Concurrent strong roots 0.285ms
[2026-04-03T06:31:03.428+0600][15.582s][info][gc,start    ] GC(5) Concurrent evacuation
[2026-04-03T06:31:03.428+0600][15.582s][info][gc,task     ] GC(5) Using 3 of 6 workers for concurrent evacuation
[2026-04-03T06:31:03.509+0600][15.663s][info][gc          ] GC(5) Concurrent evacuation 81.501ms
[2026-04-03T06:31:03.509+0600][15.663s][info][gc,start    ] GC(5) Pause Init Update Refs
[2026-04-03T06:31:03.510+0600][15.664s][info][gc,ergo     ] GC(5) Pacer for Update Refs. Used: 3314M, Free: 494M, Non-Taxable: 50585K, Alloc Tax Rate: 8.2x
[2026-04-03T06:31:03.510+0600][15.664s][info][gc          ] GC(5) Pause Init Update Refs 0.122ms
[2026-04-03T06:31:03.510+0600][15.664s][info][gc,start    ] GC(5) Concurrent update references
[2026-04-03T06:31:03.510+0600][15.664s][info][gc,task     ] GC(5) Using 3 of 6 workers for concurrent reference update
[2026-04-03T06:31:03.781+0600][15.936s][info][gc          ] GC(5) Concurrent update references 271.862ms
[2026-04-03T06:31:03.782+0600][15.936s][info][gc,start    ] GC(5) Concurrent update thread roots
[2026-04-03T06:31:03.782+0600][15.936s][info][gc          ] GC(5) Concurrent update thread roots 0.364ms
[2026-04-03T06:31:03.782+0600][15.936s][info][gc,start    ] GC(5) Pause Final Update Refs
[2026-04-03T06:31:03.782+0600][15.936s][info][gc,task     ] GC(5) Using 6 of 6 workers for final reference update
[2026-04-03T06:31:03.782+0600][15.936s][info][gc          ] GC(5) Pause Final Update Refs 0.284ms
[2026-04-03T06:31:03.783+0600][15.937s][info][gc,start    ] GC(5) Concurrent cleanup
[2026-04-03T06:31:03.783+0600][15.937s][info][gc          ] GC(5) Concurrent cleanup 3414M->557M(3466M) 0.915ms
[2026-04-03T06:31:03.784+0600][15.938s][info][gc,ergo     ] Free: 3167M, Max: 1024K regular, 1068M humongous, Frag: 67% external, 0% internal; Reserve: 197M, Max: 1024K
[2026-04-03T06:31:03.784+0600][15.938s][info][gc,stats    ] 
[2026-04-03T06:31:03.784+0600][15.938s][info][gc,stats    ] All times are wall-clock times, except per-root-class counters, that are sum over
[2026-04-03T06:31:03.784+0600][15.938s][info][gc,stats    ] all workers. Dividing the <total> over the root stage time estimates parallelism.
[2026-04-03T06:31:03.784+0600][15.938s][info][gc,stats    ] 
[2026-04-03T06:31:03.784+0600][15.938s][info][gc,stats    ] Concurrent Reset                   2155 us
[2026-04-03T06:31:03.784+0600][15.938s][info][gc,stats    ] Pause Init Mark (G)                 374 us
[2026-04-03T06:31:03.784+0600][15.938s][info][gc,stats    ] Pause Init Mark (N)                 131 us
[2026-04-03T06:31:03.784+0600][15.938s][info][gc,stats    ]   Update Region States               25 us
[2026-04-03T06:31:03.784+0600][15.938s][info][gc,stats    ] Concurrent Mark Roots               671 us, parallelism: 0.74x
[2026-04-03T06:31:03.784+0600][15.938s][info][gc,stats    ]   CMR: <total>                      498 us
[2026-04-03T06:31:03.784+0600][15.938s][info][gc,stats    ]   CMR: Thread Roots                 425 us, workers (us): 364,  23,  38, ---, ---, ---, 
[2026-04-03T06:31:03.784+0600][15.938s][info][gc,stats    ]   CMR: VM Strong Roots                8 us, workers (us):   6,   1,   1, ---, ---, ---, 
[2026-04-03T06:31:03.784+0600][15.938s][info][gc,stats    ]   CMR: CLDG Roots                    65 us, workers (us):  65, ---, ---, ---, ---, ---, 
[2026-04-03T06:31:03.784+0600][15.938s][info][gc,stats    ] Concurrent Marking               380066 us
[2026-04-03T06:31:03.784+0600][15.938s][info][gc,stats    ] Pause Final Mark (G)               1906 us
[2026-04-03T06:31:03.784+0600][15.938s][info][gc,stats    ] Pause Final Mark (N)               1692 us
[2026-04-03T06:31:03.784+0600][15.938s][info][gc,stats    ]   Finish Mark                       193 us
[2026-04-03T06:31:03.784+0600][15.938s][info][gc,stats    ]   Update Region States               78 us
[2026-04-03T06:31:03.784+0600][15.938s][info][gc,stats    ]   Choose Collection Set            1238 us
[2026-04-03T06:31:03.784+0600][15.938s][info][gc,stats    ]   Rebuild Free Set                   44 us
[2026-04-03T06:31:03.784+0600][15.938s][info][gc,stats    ] Concurrent Thread Roots             769 us, parallelism: 0.92x
[2026-04-03T06:31:03.784+0600][15.938s][info][gc,stats    ]   CTR: <total>                      711 us
[2026-04-03T06:31:03.784+0600][15.938s][info][gc,stats    ]   CTR: Thread Roots                 711 us, workers (us): 587,  38,  85, ---, ---, ---, 
[2026-04-03T06:31:03.784+0600][15.938s][info][gc,stats    ] Concurrent Weak References          316 us, parallelism: 0.10x
[2026-04-03T06:31:03.784+0600][15.938s][info][gc,stats    ]   CWRF: <total>                      30 us
[2026-04-03T06:31:03.784+0600][15.938s][info][gc,stats    ]   CWRF: Weak References              30 us, workers (us):  27,   3,   0, ---, ---, ---, 
[2026-04-03T06:31:03.784+0600][15.938s][info][gc,stats    ] Concurrent Weak Roots              1423 us
[2026-04-03T06:31:03.784+0600][15.938s][info][gc,stats    ]   Roots                            1029 us, parallelism: 1.99x
[2026-04-03T06:31:03.784+0600][15.938s][info][gc,stats    ]     CWR: <total>                   2051 us
[2026-04-03T06:31:03.784+0600][15.938s][info][gc,stats    ]     CWR: Code Cache Roots          1588 us, workers (us): 416, 521, 651, ---, ---, ---, 
[2026-04-03T06:31:03.784+0600][15.938s][info][gc,stats    ]     CWR: VM Weak Roots              439 us, workers (us): 177, 146, 116, ---, ---, ---, 
[2026-04-03T06:31:03.784+0600][15.938s][info][gc,stats    ]     CWR: CLDG Roots                  24 us, workers (us):  24, ---, ---, ---, ---, ---, 
[2026-04-03T06:31:03.784+0600][15.938s][info][gc,stats    ]   Rendezvous                        275 us
[2026-04-03T06:31:03.784+0600][15.938s][info][gc,stats    ] Concurrent Cleanup                  856 us
[2026-04-03T06:31:03.784+0600][15.938s][info][gc,stats    ] Concurrent Class Unloading         3388 us
[2026-04-03T06:31:03.784+0600][15.938s][info][gc,stats    ]   Unlink Stale                     2392 us
[2026-04-03T06:31:03.784+0600][15.938s][info][gc,stats    ]     System Dictionary                21 us
[2026-04-03T06:31:03.784+0600][15.938s][info][gc,stats    ]     Weak Class Links                  1 us
[2026-04-03T06:31:03.784+0600][15.938s][info][gc,stats    ]     Code Roots                     2366 us
[2026-04-03T06:31:03.784+0600][15.938s][info][gc,stats    ]   Rendezvous                        206 us
[2026-04-03T06:31:03.784+0600][15.938s][info][gc,stats    ]   Purge Unlinked                    654 us
[2026-04-03T06:31:03.784+0600][15.938s][info][gc,stats    ]     Code Roots                      635 us
[2026-04-03T06:31:03.784+0600][15.938s][info][gc,stats    ]     CLDG                             19 us
[2026-04-03T06:31:03.784+0600][15.938s][info][gc,stats    ]     Exception Caches                  0 us
[2026-04-03T06:31:03.784+0600][15.938s][info][gc,stats    ] Concurrent Strong Roots             338 us, parallelism: 0.37x
[2026-04-03T06:31:03.784+0600][15.938s][info][gc,stats    ]   CSR: <total>                      125 us
[2026-04-03T06:31:03.784+0600][15.938s][info][gc,stats    ]   CSR: VM Strong Roots               22 us, workers (us):  12,  10,   0, ---, ---, ---, 
[2026-04-03T06:31:03.784+0600][15.938s][info][gc,stats    ]   CSR: CLDG Roots                   103 us, workers (us): 103, ---, ---, ---, ---, ---, 
[2026-04-03T06:31:03.784+0600][15.938s][info][gc,stats    ] Concurrent Evacuation             81597 us
[2026-04-03T06:31:03.784+0600][15.938s][info][gc,stats    ] Pause Init Update Refs (G)          379 us
[2026-04-03T06:31:03.784+0600][15.938s][info][gc,stats    ] Pause Init Update Refs (N)          137 us
[2026-04-03T06:31:03.784+0600][15.938s][info][gc,stats    ]   Manage GCLABs                       7 us
[2026-04-03T06:31:03.784+0600][15.938s][info][gc,stats    ] Concurrent Update Refs           271974 us
[2026-04-03T06:31:03.784+0600][15.938s][info][gc,stats    ] Concurrent Update Thread Roots      416 us
[2026-04-03T06:31:03.784+0600][15.938s][info][gc,stats    ] Pause Final Update Refs (G)         503 us
[2026-04-03T06:31:03.784+0600][15.938s][info][gc,stats    ] Pause Final Update Refs (N)         298 us
[2026-04-03T06:31:03.784+0600][15.938s][info][gc,stats    ]   Update Region States               62 us
[2026-04-03T06:31:03.784+0600][15.938s][info][gc,stats    ]   Trash Collection Set               29 us
[2026-04-03T06:31:03.784+0600][15.938s][info][gc,stats    ]   Rebuild Free Set                   38 us
[2026-04-03T06:31:03.784+0600][15.938s][info][gc,stats    ] Concurrent Cleanup                  987 us
[2026-04-03T06:31:03.784+0600][15.938s][info][gc,stats    ] 
[2026-04-03T06:31:03.784+0600][15.938s][info][gc,stats    ] Allocation pacing accrued:
[2026-04-03T06:31:03.784+0600][15.938s][info][gc,stats    ]       0 of  4982 ms (  0.0%): <total>
[2026-04-03T06:31:03.784+0600][15.938s][info][gc,stats    ]       0 of  4982 ms (  0.0%): <average total>
[2026-04-03T06:31:03.784+0600][15.938s][info][gc,stats    ] 
[2026-04-03T06:31:03.784+0600][15.939s][info][gc,metaspace] Metaspace: 9077K(9344K)->9078K(9344K) NonClass: 8229K(8384K)->8230K(8384K) Class: 847K(960K)->847K(960K)
[2026-04-03T06:31:03.785+0600][15.939s][info][gc,ergo     ] Pacer for Idle. Initial: 80302K, Alloc Tax Rate: 1.0x
[2026-04-03T06:31:05.409+0600][17.563s][info][gc          ] Trigger: Average GC time (914.04 ms) is above the time for average allocation rate (1636 MB/s) to deplete free headroom (1493M) (margin of error = 1.81)
[2026-04-03T06:31:05.409+0600][17.563s][info][gc,ergo     ] Free headroom: 1690M (free) - 196M (spike) - 0B (penalties) = 1493M
[2026-04-03T06:31:05.409+0600][17.563s][info][gc,ergo     ] Free: 1690M, Max: 1024K regular, 604M humongous, Frag: 65% external, 0% internal; Reserve: 197M, Max: 1024K
[2026-04-03T06:31:05.409+0600][17.563s][info][gc,start    ] GC(6) Concurrent reset
[2026-04-03T06:31:05.409+0600][17.563s][info][gc,task     ] GC(6) Using 3 of 6 workers for concurrent reset
[2026-04-03T06:31:05.409+0600][17.563s][info][gc,ergo     ] GC(6) Pacer for Reset. Non-Taxable: 3921M
[2026-04-03T06:31:05.415+0600][17.569s][info][gc          ] GC(6) Concurrent reset 5.881ms
[2026-04-03T06:31:05.415+0600][17.569s][info][gc,start    ] GC(6) Pause Init Mark (unload classes)
[2026-04-03T06:31:05.415+0600][17.569s][info][gc,task     ] GC(6) Using 6 of 6 workers for init marking
[2026-04-03T06:31:05.415+0600][17.569s][info][gc,ergo     ] GC(6) Pacer for Mark. Expected Live: 218M, Free: 1684M, Non-Taxable: 168M, Alloc Tax Rate: 0.2x
[2026-04-03T06:31:05.415+0600][17.569s][info][gc          ] GC(6) Pause Init Mark (unload classes) 0.116ms
[2026-04-03T06:31:05.415+0600][17.569s][info][gc,start    ] GC(6) Concurrent marking roots
[2026-04-03T06:31:05.415+0600][17.569s][info][gc,task     ] GC(6) Using 3 of 6 workers for concurrent marking roots
[2026-04-03T06:31:05.415+0600][17.569s][info][gc          ] GC(6) Concurrent marking roots 0.267ms
[2026-04-03T06:31:05.415+0600][17.569s][info][gc,start    ] GC(6) Concurrent marking (unload classes)
[2026-04-03T06:31:05.415+0600][17.569s][info][gc,task     ] GC(6) Using 3 of 6 workers for concurrent marking
[2026-04-03T06:31:05.786+0600][17.940s][info][gc          ] GC(6) Concurrent marking (unload classes) 370.559ms
[2026-04-03T06:31:05.786+0600][17.940s][info][gc,start    ] GC(6) Pause Final Mark (unload classes)
[2026-04-03T06:31:05.786+0600][17.940s][info][gc,task     ] GC(6) Using 6 of 6 workers for final marking
[2026-04-03T06:31:05.787+0600][17.941s][info][gc,ergo     ] GC(6) Adaptive CSet Selection. Target Free: 555M, Actual Free: 2039M, Max CSet: 163M, Min Garbage: 0B
[2026-04-03T06:31:05.787+0600][17.941s][info][gc,ergo     ] GC(6) Collectable Garbage: 1626M (99%), Immediate: 399M (24%), CSet: 1227M (75%)
[2026-04-03T06:31:05.787+0600][17.941s][info][gc,ergo     ] GC(6) Pacer for Evacuation. Used CSet: 1337M, Free: 1842M, Non-Taxable: 184M, Alloc Tax Rate: 1.8x
[2026-04-03T06:31:05.787+0600][17.941s][info][gc          ] GC(6) Pause Final Mark (unload classes) 1.003ms
[2026-04-03T06:31:05.787+0600][17.941s][info][gc,start    ] GC(6) Concurrent thread roots
[2026-04-03T06:31:05.787+0600][17.941s][info][gc,task     ] GC(6) Using 3 of 6 workers for Concurrent thread roots
[2026-04-03T06:31:05.788+0600][17.942s][info][gc          ] GC(6) Concurrent thread roots 0.426ms
[2026-04-03T06:31:05.788+0600][17.942s][info][gc,start    ] GC(6) Concurrent weak references
[2026-04-03T06:31:05.788+0600][17.942s][info][gc,task     ] GC(6) Using 3 of 6 workers for concurrent weak references
[2026-04-03T06:31:05.788+0600][17.942s][info][gc,ref      ] GC(6) Encountered references: Soft: 221, Weak: 457, Final: 3, Phantom: 45
[2026-04-03T06:31:05.788+0600][17.942s][info][gc,ref      ] GC(6) Discovered  references: Soft: 0, Weak: 152, Final: 3, Phantom: 26
[2026-04-03T06:31:05.788+0600][17.942s][info][gc,ref      ] GC(6) Enqueued    references: Soft: 0, Weak: 0, Final: 0, Phantom: 0
[2026-04-03T06:31:05.788+0600][17.942s][info][gc          ] GC(6) Concurrent weak references 0.378ms
[2026-04-03T06:31:05.788+0600][17.942s][info][gc,start    ] GC(6) Concurrent weak roots
[2026-04-03T06:31:05.788+0600][17.942s][info][gc,task     ] GC(6) Using 3 of 6 workers for concurrent weak root
[2026-04-03T06:31:05.789+0600][17.943s][info][gc          ] GC(6) Concurrent weak roots 1.001ms
[2026-04-03T06:31:05.789+0600][17.943s][info][gc,start    ] GC(6) Concurrent cleanup
[2026-04-03T06:31:05.790+0600][17.944s][info][gc          ] GC(6) Concurrent cleanup 2280M->1881M(3466M) 0.674ms
[2026-04-03T06:31:05.790+0600][17.944s][info][gc,ergo     ] GC(6) Free: 1841M, Max: 1024K regular, 960M humongous, Frag: 48% external, 0% internal; Reserve: 196M, Max: 1024K
[2026-04-03T06:31:05.790+0600][17.944s][info][gc,start    ] GC(6) Concurrent class unloading
[2026-04-03T06:31:05.790+0600][17.944s][info][gc,task     ] GC(6) Using 3 of 6 workers for concurrent class unloading
[2026-04-03T06:31:05.793+0600][17.947s][info][gc          ] GC(6) Concurrent class unloading 2.619ms
[2026-04-03T06:31:05.793+0600][17.947s][info][gc,start    ] GC(6) Concurrent strong roots
[2026-04-03T06:31:05.793+0600][17.947s][info][gc,task     ] GC(6) Using 3 of 6 workers for concurrent strong root
[2026-04-03T06:31:05.793+0600][17.947s][info][gc          ] GC(6) Concurrent strong roots 0.126ms
[2026-04-03T06:31:05.793+0600][17.947s][info][gc,start    ] GC(6) Concurrent evacuation
[2026-04-03T06:31:05.793+0600][17.947s][info][gc,task     ] GC(6) Using 3 of 6 workers for concurrent evacuation
[2026-04-03T06:31:05.885+0600][18.039s][info][gc          ] GC(6) Concurrent evacuation 91.926ms
[2026-04-03T06:31:05.885+0600][18.039s][info][gc,start    ] GC(6) Pause Init Update Refs
[2026-04-03T06:31:05.885+0600][18.039s][info][gc,ergo     ] GC(6) Pacer for Update Refs. Used: 2006M, Free: 1828M, Non-Taxable: 182M, Alloc Tax Rate: 1.3x
[2026-04-03T06:31:05.885+0600][18.039s][info][gc          ] GC(6) Pause Init Update Refs 0.093ms
[2026-04-03T06:31:05.885+0600][18.039s][info][gc,start    ] GC(6) Concurrent update references
[2026-04-03T06:31:05.885+0600][18.039s][info][gc,task     ] GC(6) Using 3 of 6 workers for concurrent reference update
[2026-04-03T06:31:06.186+0600][18.340s][info][gc          ] GC(6) Concurrent update references 300.909ms
[2026-04-03T06:31:06.186+0600][18.340s][info][gc,start    ] GC(6) Concurrent update thread roots
[2026-04-03T06:31:06.186+0600][18.340s][info][gc          ] GC(6) Concurrent update thread roots 0.303ms
[2026-04-03T06:31:06.187+0600][18.341s][info][gc,start    ] GC(6) Pause Final Update Refs
[2026-04-03T06:31:06.187+0600][18.341s][info][gc,task     ] GC(6) Using 6 of 6 workers for final reference update
[2026-04-03T06:31:06.187+0600][18.341s][info][gc          ] GC(6) Pause Final Update Refs 0.209ms
[2026-04-03T06:31:06.187+0600][18.341s][info][gc,start    ] GC(6) Concurrent cleanup
[2026-04-03T06:31:06.188+0600][18.342s][info][gc          ] GC(6) Concurrent cleanup 2081M->745M(3569M) 0.806ms
[2026-04-03T06:31:06.188+0600][18.342s][info][gc,ergo     ] Free: 2977M, Max: 1024K regular, 1574M humongous, Frag: 48% external, 0% internal; Reserve: 197M, Max: 1024K
[2026-04-03T06:31:06.188+0600][18.342s][info][gc,stats    ] 
[2026-04-03T06:31:06.188+0600][18.342s][info][gc,stats    ] All times are wall-clock times, except per-root-class counters, that are sum over
[2026-04-03T06:31:06.188+0600][18.342s][info][gc,stats    ] all workers. Dividing the <total> over the root stage time estimates parallelism.
[2026-04-03T06:31:06.188+0600][18.342s][info][gc,stats    ] 
[2026-04-03T06:31:06.188+0600][18.342s][info][gc,stats    ] Concurrent Reset                   5950 us
[2026-04-03T06:31:06.188+0600][18.342s][info][gc,stats    ] Pause Init Mark (G)                 452 us
[2026-04-03T06:31:06.188+0600][18.342s][info][gc,stats    ] Pause Init Mark (N)                 124 us
[2026-04-03T06:31:06.188+0600][18.342s][info][gc,stats    ]   Update Region States               33 us
[2026-04-03T06:31:06.188+0600][18.342s][info][gc,stats    ] Concurrent Mark Roots               299 us, parallelism: 0.71x
[2026-04-03T06:31:06.188+0600][18.342s][info][gc,stats    ]   CMR: <total>                      212 us
[2026-04-03T06:31:06.188+0600][18.342s][info][gc,stats    ]   CMR: Thread Roots                 131 us, workers (us):   0,  60,  72, ---, ---, ---, 
[2026-04-03T06:31:06.188+0600][18.342s][info][gc,stats    ]   CMR: VM Strong Roots                8 us, workers (us):   7,   1,   1, ---, ---, ---, 
[2026-04-03T06:31:06.188+0600][18.342s][info][gc,stats    ]   CMR: CLDG Roots                    72 us, workers (us):  72, ---, ---, ---, ---, ---, 
[2026-04-03T06:31:06.188+0600][18.342s][info][gc,stats    ] Concurrent Marking               370656 us
[2026-04-03T06:31:06.188+0600][18.342s][info][gc,stats    ] Pause Final Mark (G)               1359 us
[2026-04-03T06:31:06.188+0600][18.342s][info][gc,stats    ] Pause Final Mark (N)               1014 us
[2026-04-03T06:31:06.188+0600][18.342s][info][gc,stats    ]   Finish Mark                       336 us
[2026-04-03T06:31:06.188+0600][18.342s][info][gc,stats    ]   Update Region States               55 us
[2026-04-03T06:31:06.188+0600][18.342s][info][gc,stats    ]   Choose Collection Set             419 us
[2026-04-03T06:31:06.188+0600][18.342s][info][gc,stats    ]   Rebuild Free Set                   53 us
[2026-04-03T06:31:06.188+0600][18.342s][info][gc,stats    ] Concurrent Thread Roots             470 us, parallelism: 0.49x
[2026-04-03T06:31:06.188+0600][18.342s][info][gc,stats    ]   CTR: <total>                      231 us
[2026-04-03T06:31:06.188+0600][18.342s][info][gc,stats    ]   CTR: Thread Roots                 231 us, workers (us): 127, 104,   0, ---, ---, ---, 
[2026-04-03T06:31:06.188+0600][18.342s][info][gc,stats    ] Concurrent Weak References          389 us, parallelism: 0.22x
[2026-04-03T06:31:06.188+0600][18.342s][info][gc,stats    ]   CWRF: <total>                      85 us
[2026-04-03T06:31:06.188+0600][18.342s][info][gc,stats    ]   CWRF: Weak References              85 us, workers (us):  81,   5,   0, ---, ---, ---, 
[2026-04-03T06:31:06.188+0600][18.342s][info][gc,stats    ] Concurrent Weak Roots              1051 us
[2026-04-03T06:31:06.188+0600][18.342s][info][gc,stats    ]   Roots                             694 us, parallelism: 1.84x
[2026-04-03T06:31:06.188+0600][18.342s][info][gc,stats    ]     CWR: <total>                   1279 us
[2026-04-03T06:31:06.188+0600][18.342s][info][gc,stats    ]     CWR: Code Cache Roots           980 us, workers (us): 253, 304, 424, ---, ---, ---, 
[2026-04-03T06:31:06.188+0600][18.342s][info][gc,stats    ]     CWR: VM Weak Roots              294 us, workers (us): 116,  99,  80, ---, ---, ---, 
[2026-04-03T06:31:06.188+0600][18.342s][info][gc,stats    ]     CWR: CLDG Roots                   4 us, workers (us):   4, ---, ---, ---, ---, ---, 
[2026-04-03T06:31:06.188+0600][18.342s][info][gc,stats    ]   Rendezvous                        286 us
[2026-04-03T06:31:06.188+0600][18.342s][info][gc,stats    ] Concurrent Cleanup                  686 us
[2026-04-03T06:31:06.188+0600][18.342s][info][gc,stats    ] Concurrent Class Unloading         2678 us
[2026-04-03T06:31:06.188+0600][18.342s][info][gc,stats    ]   Unlink Stale                     2159 us
[2026-04-03T06:31:06.188+0600][18.342s][info][gc,stats    ]     System Dictionary                11 us
[2026-04-03T06:31:06.188+0600][18.342s][info][gc,stats    ]     Weak Class Links                  0 us
[2026-04-03T06:31:06.188+0600][18.342s][info][gc,stats    ]     Code Roots                     2145 us
[2026-04-03T06:31:06.188+0600][18.342s][info][gc,stats    ]   Rendezvous                        253 us
[2026-04-03T06:31:06.188+0600][18.342s][info][gc,stats    ]   Purge Unlinked                    186 us
[2026-04-03T06:31:06.188+0600][18.342s][info][gc,stats    ]     Code Roots                      176 us
[2026-04-03T06:31:06.188+0600][18.342s][info][gc,stats    ]     CLDG                              9 us
[2026-04-03T06:31:06.188+0600][18.342s][info][gc,stats    ]     Exception Caches                  0 us
[2026-04-03T06:31:06.188+0600][18.342s][info][gc,stats    ] Concurrent Strong Roots             137 us, parallelism: 0.39x
[2026-04-03T06:31:06.188+0600][18.342s][info][gc,stats    ]   CSR: <total>                       53 us
[2026-04-03T06:31:06.188+0600][18.342s][info][gc,stats    ]   CSR: VM Strong Roots                6 us, workers (us):   5,   0,   0, ---, ---, ---, 
[2026-04-03T06:31:06.188+0600][18.342s][info][gc,stats    ]   CSR: CLDG Roots                    47 us, workers (us):  47, ---, ---, ---, ---, ---, 
[2026-04-03T06:31:06.188+0600][18.342s][info][gc,stats    ] Concurrent Evacuation             92009 us
[2026-04-03T06:31:06.188+0600][18.342s][info][gc,stats    ] Pause Init Update Refs (G)          273 us
[2026-04-03T06:31:06.188+0600][18.342s][info][gc,stats    ] Pause Init Update Refs (N)          103 us
[2026-04-03T06:31:06.188+0600][18.342s][info][gc,stats    ]   Manage GCLABs                       6 us
[2026-04-03T06:31:06.188+0600][18.342s][info][gc,stats    ] Concurrent Update Refs           300988 us
[2026-04-03T06:31:06.188+0600][18.342s][info][gc,stats    ] Concurrent Update Thread Roots      351 us
[2026-04-03T06:31:06.188+0600][18.342s][info][gc,stats    ] Pause Final Update Refs (G)         603 us
[2026-04-03T06:31:06.188+0600][18.342s][info][gc,stats    ] Pause Final Update Refs (N)         225 us
[2026-04-03T06:31:06.188+0600][18.342s][info][gc,stats    ]   Update Region States               60 us
[2026-04-03T06:31:06.188+0600][18.342s][info][gc,stats    ]   Trash Collection Set               22 us
[2026-04-03T06:31:06.188+0600][18.342s][info][gc,stats    ]   Rebuild Free Set                   33 us
[2026-04-03T06:31:06.188+0600][18.342s][info][gc,stats    ] Concurrent Cleanup                  829 us
[2026-04-03T06:31:06.188+0600][18.342s][info][gc,stats    ] 
[2026-04-03T06:31:06.188+0600][18.342s][info][gc,stats    ] Allocation pacing accrued:
[2026-04-03T06:31:06.188+0600][18.342s][info][gc,stats    ]       0 of  2404 ms (  0.0%): <total>
[2026-04-03T06:31:06.188+0600][18.342s][info][gc,stats    ]       0 of  2404 ms (  0.0%): <average total>
[2026-04-03T06:31:06.188+0600][18.342s][info][gc,stats    ] 
[2026-04-03T06:31:06.188+0600][18.342s][info][gc,metaspace] Metaspace: 9116K(9344K)->9141K(9408K) NonClass: 8267K(8384K)->8292K(8448K) Class: 848K(960K)->848K(960K)
[2026-04-03T06:31:06.188+0600][18.342s][info][gc,ergo     ] Pacer for Idle. Initial: 80302K, Alloc Tax Rate: 1.0x
[2026-04-03T06:31:08.503+0600][20.657s][info][gc          ] Trigger: Average GC time (1001.00 ms) is above the time for instantaneous allocation rate (1359 MB/s) to deplete free headroom (1353M) (spike threshold = 1.80)
[2026-04-03T06:31:08.504+0600][20.658s][info][gc,ergo     ] Free: 1550M, Max: 1024K regular, 1550M humongous, Frag: 0% external, 0% internal; Reserve: 197M, Max: 1024K
[2026-04-03T06:31:08.504+0600][20.658s][info][gc,start    ] GC(7) Concurrent reset
[2026-04-03T06:31:08.504+0600][20.658s][info][gc,task     ] GC(7) Using 3 of 6 workers for concurrent reset
[2026-04-03T06:31:08.504+0600][20.658s][info][gc,ergo     ] GC(7) Pacer for Reset. Non-Taxable: 3921M
[2026-04-03T06:31:08.509+0600][20.663s][info][gc          ] GC(7) Concurrent reset 5.335ms
[2026-04-03T06:31:08.509+0600][20.663s][info][gc,start    ] GC(7) Pause Init Mark (unload classes)
[2026-04-03T06:31:08.509+0600][20.663s][info][gc,task     ] GC(7) Using 6 of 6 workers for init marking
[2026-04-03T06:31:08.509+0600][20.664s][info][gc,ergo     ] GC(7) Pacer for Mark. Expected Live: 275M, Free: 1547M, Non-Taxable: 154M, Alloc Tax Rate: 0.2x
[2026-04-03T06:31:08.509+0600][20.664s][info][gc          ] GC(7) Pause Init Mark (unload classes) 0.186ms
[2026-04-03T06:31:08.510+0600][20.664s][info][gc,start    ] GC(7) Concurrent marking roots
[2026-04-03T06:31:08.510+0600][20.664s][info][gc,task     ] GC(7) Using 3 of 6 workers for concurrent marking roots
[2026-04-03T06:31:08.510+0600][20.664s][info][gc          ] GC(7) Concurrent marking roots 0.368ms
[2026-04-03T06:31:08.510+0600][20.664s][info][gc,start    ] GC(7) Concurrent marking (unload classes)
[2026-04-03T06:31:08.510+0600][20.664s][info][gc,task     ] GC(7) Using 3 of 6 workers for concurrent marking
[2026-04-03T06:31:08.965+0600][21.119s][info][gc          ] GC(7) Concurrent marking (unload classes) 454.741ms
[2026-04-03T06:31:08.965+0600][21.119s][info][gc,start    ] GC(7) Pause Final Mark (unload classes)
[2026-04-03T06:31:08.965+0600][21.119s][info][gc,task     ] GC(7) Using 6 of 6 workers for final marking
[2026-04-03T06:31:08.966+0600][21.120s][info][gc,ergo     ] GC(7) Adaptive CSet Selection. Target Free: 555M, Actual Free: 2201M, Max CSet: 163M, Min Garbage: 0B
[2026-04-03T06:31:08.966+0600][21.120s][info][gc,ergo     ] GC(7) Collectable Garbage: 1752M (99%), Immediate: 549M (31%), CSet: 1202M (68%)
[2026-04-03T06:31:08.966+0600][21.120s][info][gc,ergo     ] GC(7) Pacer for Evacuation. Used CSet: 1297M, Free: 2006M, Non-Taxable: 200M, Alloc Tax Rate: 1.6x
[2026-04-03T06:31:08.966+0600][21.120s][info][gc          ] GC(7) Pause Final Mark (unload classes) 1.270ms
[2026-04-03T06:31:08.967+0600][21.121s][info][gc,start    ] GC(7) Concurrent thread roots
[2026-04-03T06:31:08.967+0600][21.121s][info][gc,task     ] GC(7) Using 3 of 6 workers for Concurrent thread roots
[2026-04-03T06:31:08.967+0600][21.121s][info][gc          ] GC(7) Concurrent thread roots 0.368ms
[2026-04-03T06:31:08.967+0600][21.121s][info][gc,start    ] GC(7) Concurrent weak references
[2026-04-03T06:31:08.967+0600][21.121s][info][gc,task     ] GC(7) Using 3 of 6 workers for concurrent weak references
[2026-04-03T06:31:08.967+0600][21.121s][info][gc,ref      ] GC(7) Encountered references: Soft: 221, Weak: 457, Final: 3, Phantom: 45
[2026-04-03T06:31:08.967+0600][21.121s][info][gc,ref      ] GC(7) Discovered  references: Soft: 0, Weak: 134, Final: 3, Phantom: 26
[2026-04-03T06:31:08.967+0600][21.121s][info][gc,ref      ] GC(7) Enqueued    references: Soft: 0, Weak: 0, Final: 0, Phantom: 0
[2026-04-03T06:31:08.967+0600][21.121s][info][gc          ] GC(7) Concurrent weak references 0.160ms
[2026-04-03T06:31:08.967+0600][21.121s][info][gc,start    ] GC(7) Concurrent weak roots
[2026-04-03T06:31:08.967+0600][21.121s][info][gc,task     ] GC(7) Using 3 of 6 workers for concurrent weak root
[2026-04-03T06:31:08.969+0600][21.123s][info][gc          ] GC(7) Concurrent weak roots 1.772ms
[2026-04-03T06:31:08.969+0600][21.123s][info][gc,start    ] GC(7) Concurrent cleanup
[2026-04-03T06:31:08.970+0600][21.124s][info][gc          ] GC(7) Concurrent cleanup 2269M->1719M(3569M) 0.594ms
[2026-04-03T06:31:08.970+0600][21.124s][info][gc,ergo     ] GC(7) Free: 2005M, Max: 1024K regular, 1454M humongous, Frag: 28% external, 0% internal; Reserve: 196M, Max: 1024K
[2026-04-03T06:31:08.970+0600][21.124s][info][gc,start    ] GC(7) Concurrent class unloading
[2026-04-03T06:31:08.970+0600][21.124s][info][gc,task     ] GC(7) Using 3 of 6 workers for concurrent class unloading
[2026-04-03T06:31:08.972+0600][21.126s][info][gc          ] GC(7) Concurrent class unloading 2.561ms
[2026-04-03T06:31:08.972+0600][21.126s][info][gc,start    ] GC(7) Concurrent strong roots
[2026-04-03T06:31:08.972+0600][21.126s][info][gc,task     ] GC(7) Using 3 of 6 workers for concurrent strong root
[2026-04-03T06:31:08.973+0600][21.127s][info][gc          ] GC(7) Concurrent strong roots 0.292ms
[2026-04-03T06:31:08.973+0600][21.127s][info][gc,start    ] GC(7) Concurrent evacuation
[2026-04-03T06:31:08.973+0600][21.127s][info][gc,task     ] GC(7) Using 3 of 6 workers for concurrent evacuation
[2026-04-03T06:31:09.051+0600][21.205s][info][gc          ] GC(7) Concurrent evacuation 78.315ms
[2026-04-03T06:31:09.052+0600][21.206s][info][gc,start    ] GC(7) Pause Init Update Refs
[2026-04-03T06:31:09.052+0600][21.206s][info][gc,ergo     ] GC(7) Pacer for Update Refs. Used: 1875M, Free: 1945M, Non-Taxable: 194M, Alloc Tax Rate: 1.2x
[2026-04-03T06:31:09.052+0600][21.206s][info][gc          ] GC(7) Pause Init Update Refs 0.108ms
[2026-04-03T06:31:09.052+0600][21.206s][info][gc,start    ] GC(7) Concurrent update references
[2026-04-03T06:31:09.052+0600][21.206s][info][gc,task     ] GC(7) Using 3 of 6 workers for concurrent reference update
[2026-04-03T06:31:09.315+0600][21.469s][info][gc          ] GC(7) Concurrent update references 262.456ms
[2026-04-03T06:31:09.315+0600][21.469s][info][gc,start    ] GC(7) Concurrent update thread roots
[2026-04-03T06:31:09.315+0600][21.469s][info][gc          ] GC(7) Concurrent update thread roots 0.429ms
[2026-04-03T06:31:09.317+0600][21.471s][info][gc,start    ] GC(7) Pause Final Update Refs
[2026-04-03T06:31:09.317+0600][21.471s][info][gc,task     ] GC(7) Using 6 of 6 workers for final reference update
[2026-04-03T06:31:09.317+0600][21.472s][info][gc          ] GC(7) Pause Final Update Refs 0.283ms
[2026-04-03T06:31:09.318+0600][21.472s][info][gc,start    ] GC(7) Concurrent cleanup
[2026-04-03T06:31:09.318+0600][21.472s][info][gc          ] GC(7) Concurrent cleanup 2036M->739M(3647M) 0.457ms
[2026-04-03T06:31:09.318+0600][21.472s][info][gc,ergo     ] Free: 2985M, Max: 1024K regular, 1540M humongous, Frag: 49% external, 0% internal; Reserve: 197M, Max: 1024K
[2026-04-03T06:31:09.318+0600][21.472s][info][gc,stats    ] 
[2026-04-03T06:31:09.318+0600][21.472s][info][gc,stats    ] All times are wall-clock times, except per-root-class counters, that are sum over
[2026-04-03T06:31:09.318+0600][21.472s][info][gc,stats    ] all workers. Dividing the <total> over the root stage time estimates parallelism.
[2026-04-03T06:31:09.318+0600][21.472s][info][gc,stats    ] 
[2026-04-03T06:31:09.318+0600][21.472s][info][gc,stats    ] Concurrent Reset                   5444 us
[2026-04-03T06:31:09.318+0600][21.472s][info][gc,stats    ] Pause Init Mark (G)                 511 us
[2026-04-03T06:31:09.318+0600][21.472s][info][gc,stats    ] Pause Init Mark (N)                 201 us
[2026-04-03T06:31:09.318+0600][21.472s][info][gc,stats    ]   Update Region States               47 us
[2026-04-03T06:31:09.318+0600][21.472s][info][gc,stats    ] Concurrent Mark Roots               392 us, parallelism: 0.68x
[2026-04-03T06:31:09.318+0600][21.472s][info][gc,stats    ]   CMR: <total>                      266 us
[2026-04-03T06:31:09.318+0600][21.472s][info][gc,stats    ]   CMR: Thread Roots                 167 us, workers (us):  39,  69,  60, ---, ---, ---, 
[2026-04-03T06:31:09.318+0600][21.472s][info][gc,stats    ]   CMR: VM Strong Roots               11 us, workers (us):   9,   1,   1, ---, ---, ---, 
[2026-04-03T06:31:09.318+0600][21.472s][info][gc,stats    ]   CMR: CLDG Roots                    87 us, workers (us):  87, ---, ---, ---, ---, ---, 
[2026-04-03T06:31:09.318+0600][21.472s][info][gc,stats    ] Concurrent Marking               454871 us
[2026-04-03T06:31:09.318+0600][21.472s][info][gc,stats    ] Pause Final Mark (G)               1588 us
[2026-04-03T06:31:09.318+0600][21.472s][info][gc,stats    ] Pause Final Mark (N)               1292 us
[2026-04-03T06:31:09.318+0600][21.472s][info][gc,stats    ]   Finish Mark                       344 us
[2026-04-03T06:31:09.318+0600][21.472s][info][gc,stats    ]   Update Region States              114 us
[2026-04-03T06:31:09.318+0600][21.473s][info][gc,stats    ]   Choose Collection Set             624 us
[2026-04-03T06:31:09.318+0600][21.473s][info][gc,stats    ]   Rebuild Free Set                   50 us
[2026-04-03T06:31:09.319+0600][21.473s][info][gc,stats    ] Concurrent Thread Roots             389 us, parallelism: 0.69x
[2026-04-03T06:31:09.319+0600][21.473s][info][gc,stats    ]   CTR: <total>                      268 us
[2026-04-03T06:31:09.319+0600][21.473s][info][gc,stats    ]   CTR: Thread Roots                 268 us, workers (us): 138, 129,   0, ---, ---, ---, 
[2026-04-03T06:31:09.319+0600][21.473s][info][gc,stats    ] Concurrent Weak References          168 us, parallelism: 0.26x
[2026-04-03T06:31:09.319+0600][21.473s][info][gc,stats    ]   CWRF: <total>                      43 us
[2026-04-03T06:31:09.319+0600][21.473s][info][gc,stats    ]   CWRF: Weak References              43 us, workers (us):  29,  14,   1, ---, ---, ---, 
[2026-04-03T06:31:09.319+0600][21.473s][info][gc,stats    ] Concurrent Weak Roots              1884 us
[2026-04-03T06:31:09.319+0600][21.473s][info][gc,stats    ]   Roots                             663 us, parallelism: 1.91x
[2026-04-03T06:31:09.319+0600][21.473s][info][gc,stats    ]     CWR: <total>                   1270 us
[2026-04-03T06:31:09.319+0600][21.473s][info][gc,stats    ]     CWR: Code Cache Roots           821 us, workers (us): 343, 242, 236, ---, ---, ---, 
[2026-04-03T06:31:09.319+0600][21.473s][info][gc,stats    ]     CWR: VM Weak Roots              430 us, workers (us): 140, 127, 163, ---, ---, ---, 
[2026-04-03T06:31:09.319+0600][21.473s][info][gc,stats    ]     CWR: CLDG Roots                  18 us, workers (us): ---,  18, ---, ---, ---, ---, 
[2026-04-03T06:31:09.319+0600][21.473s][info][gc,stats    ]   Rendezvous                       1085 us
[2026-04-03T06:31:09.319+0600][21.473s][info][gc,stats    ] Concurrent Cleanup                  711 us
[2026-04-03T06:31:09.319+0600][21.473s][info][gc,stats    ] Concurrent Class Unloading         2631 us
[2026-04-03T06:31:09.319+0600][21.473s][info][gc,stats    ]   Unlink Stale                     2071 us
[2026-04-03T06:31:09.319+0600][21.473s][info][gc,stats    ]     System Dictionary                19 us
[2026-04-03T06:31:09.319+0600][21.473s][info][gc,stats    ]     Weak Class Links                  1 us
[2026-04-03T06:31:09.319+0600][21.473s][info][gc,stats    ]     Code Roots                     2048 us
[2026-04-03T06:31:09.319+0600][21.473s][info][gc,stats    ]   Rendezvous                        306 us
[2026-04-03T06:31:09.319+0600][21.473s][info][gc,stats    ]   Purge Unlinked                    149 us
[2026-04-03T06:31:09.319+0600][21.473s][info][gc,stats    ]     Code Roots                      140 us
[2026-04-03T06:31:09.319+0600][21.473s][info][gc,stats    ]     CLDG                              8 us
[2026-04-03T06:31:09.319+0600][21.473s][info][gc,stats    ]     Exception Caches                  0 us
[2026-04-03T06:31:09.319+0600][21.473s][info][gc,stats    ] Concurrent Strong Roots             341 us, parallelism: 0.21x
[2026-04-03T06:31:09.319+0600][21.473s][info][gc,stats    ]   CSR: <total>                       71 us
[2026-04-03T06:31:09.319+0600][21.473s][info][gc,stats    ]   CSR: VM Strong Roots                9 us, workers (us):   7,   1,   0, ---, ---, ---, 
[2026-04-03T06:31:09.319+0600][21.473s][info][gc,stats    ]   CSR: CLDG Roots                    63 us, workers (us):  63, ---, ---, ---, ---, ---, 
[2026-04-03T06:31:09.319+0600][21.473s][info][gc,stats    ] Concurrent Evacuation             78409 us
[2026-04-03T06:31:09.319+0600][21.473s][info][gc,stats    ] Pause Init Update Refs (G)         1051 us
[2026-04-03T06:31:09.319+0600][21.473s][info][gc,stats    ] Pause Init Update Refs (N)          122 us
[2026-04-03T06:31:09.319+0600][21.473s][info][gc,stats    ]   Manage GCLABs                       6 us
[2026-04-03T06:31:09.319+0600][21.473s][info][gc,stats    ] Concurrent Update Refs           262558 us
[2026-04-03T06:31:09.319+0600][21.473s][info][gc,stats    ] Concurrent Update Thread Roots     1671 us
[2026-04-03T06:31:09.319+0600][21.473s][info][gc,stats    ] Pause Final Update Refs (G)        1207 us
[2026-04-03T06:31:09.319+0600][21.473s][info][gc,stats    ] Pause Final Update Refs (N)         304 us
[2026-04-03T06:31:09.319+0600][21.473s][info][gc,stats    ]   Update Region States               81 us
[2026-04-03T06:31:09.319+0600][21.473s][info][gc,stats    ]   Trash Collection Set               28 us
[2026-04-03T06:31:09.319+0600][21.473s][info][gc,stats    ]   Rebuild Free Set                   44 us
[2026-04-03T06:31:09.319+0600][21.473s][info][gc,stats    ] Concurrent Cleanup                  480 us
[2026-04-03T06:31:09.319+0600][21.473s][info][gc,stats    ] 
[2026-04-03T06:31:09.319+0600][21.473s][info][gc,stats    ] Allocation pacing accrued:
[2026-04-03T06:31:09.319+0600][21.473s][info][gc,stats    ]       0 of  3131 ms (  0.0%): <total>
[2026-04-03T06:31:09.319+0600][21.473s][info][gc,stats    ]       0 of  3131 ms (  0.0%): <average total>
[2026-04-03T06:31:09.319+0600][21.473s][info][gc,stats    ] 
[2026-04-03T06:31:09.319+0600][21.473s][info][gc,metaspace] Metaspace: 9141K(9408K)->9141K(9408K) NonClass: 8292K(8448K)->8292K(8448K) Class: 848K(960K)->848K(960K)
[2026-04-03T06:31:09.319+0600][21.473s][info][gc,ergo     ] Pacer for Idle. Initial: 80302K, Alloc Tax Rate: 1.0x
[2026-04-03T06:31:12.048+0600][24.202s][info][gc          ] Trigger: Explicit GC request (System.gc())
[2026-04-03T06:31:12.048+0600][24.202s][info][gc,ergo     ] Free: 1516M, Max: 1024K regular, 1445M humongous, Frag: 5% external, 0% internal; Reserve: 197M, Max: 1024K
[2026-04-03T06:31:12.048+0600][24.202s][info][gc,start    ] GC(8) Concurrent reset
[2026-04-03T06:31:12.048+0600][24.202s][info][gc,task     ] GC(8) Using 3 of 6 workers for concurrent reset
[2026-04-03T06:31:12.048+0600][24.202s][info][gc,ergo     ] GC(8) Pacer for Reset. Non-Taxable: 3921M
[2026-04-03T06:31:12.051+0600][24.205s][info][gc          ] GC(8) Concurrent reset 3.155ms
[2026-04-03T06:31:12.051+0600][24.205s][info][gc,start    ] GC(8) Pause Init Mark (unload classes)
[2026-04-03T06:31:12.051+0600][24.205s][info][gc,task     ] GC(8) Using 6 of 6 workers for init marking
[2026-04-03T06:31:12.051+0600][24.205s][info][gc,ref      ] GC(8) Clearing All SoftReferences
[2026-04-03T06:31:12.051+0600][24.205s][info][gc,ergo     ] GC(8) Pacer for Mark. Expected Live: 322M, Free: 1516M, Non-Taxable: 151M, Alloc Tax Rate: 0.3x
[2026-04-03T06:31:12.051+0600][24.205s][info][gc          ] GC(8) Pause Init Mark (unload classes) 0.106ms
[2026-04-03T06:31:12.051+0600][24.205s][info][gc,start    ] GC(8) Concurrent marking roots
[2026-04-03T06:31:12.051+0600][24.205s][info][gc,task     ] GC(8) Using 3 of 6 workers for concurrent marking roots
[2026-04-03T06:31:12.052+0600][24.206s][info][gc          ] GC(8) Concurrent marking roots 0.290ms
[2026-04-03T06:31:12.052+0600][24.206s][info][gc,start    ] GC(8) Concurrent marking (unload classes)
[2026-04-03T06:31:12.052+0600][24.206s][info][gc,task     ] GC(8) Using 3 of 6 workers for concurrent marking
[2026-04-03T06:31:12.367+0600][24.521s][info][gc          ] GC(8) Concurrent marking (unload classes) 315.501ms
[2026-04-03T06:31:12.367+0600][24.521s][info][gc,start    ] GC(8) Pause Final Mark (unload classes)
[2026-04-03T06:31:12.367+0600][24.521s][info][gc,task     ] GC(8) Using 6 of 6 workers for final marking
[2026-04-03T06:31:12.368+0600][24.522s][info][gc,ergo     ] GC(8) Adaptive CSet Selection. Target Free: 555M, Actual Free: 2338M, Max CSet: 163M, Min Garbage: 0B
[2026-04-03T06:31:12.368+0600][24.522s][info][gc,ergo     ] GC(8) Collectable Garbage: 1758M (99%), Immediate: 625M (35%), CSet: 1132M (64%)
[2026-04-03T06:31:12.368+0600][24.522s][info][gc,ergo     ] GC(8) Pacer for Evacuation. Used CSet: 1186M, Free: 2143M, Non-Taxable: 214M, Alloc Tax Rate: 1.4x
[2026-04-03T06:31:12.368+0600][24.522s][info][gc          ] GC(8) Pause Final Mark (unload classes) 0.769ms
[2026-04-03T06:31:12.368+0600][24.522s][info][gc,start    ] GC(8) Concurrent thread roots
[2026-04-03T06:31:12.368+0600][24.522s][info][gc,task     ] GC(8) Using 3 of 6 workers for Concurrent thread roots
[2026-04-03T06:31:12.368+0600][24.522s][info][gc          ] GC(8) Concurrent thread roots 0.342ms
[2026-04-03T06:31:12.368+0600][24.522s][info][gc,start    ] GC(8) Concurrent weak references
[2026-04-03T06:31:12.368+0600][24.522s][info][gc,task     ] GC(8) Using 3 of 6 workers for concurrent weak references
[2026-04-03T06:31:12.369+0600][24.523s][info][gc,ref      ] GC(8) Encountered references: Soft: 223, Weak: 462, Final: 3, Phantom: 68
[2026-04-03T06:31:12.369+0600][24.523s][info][gc,ref      ] GC(8) Discovered  references: Soft: 161, Weak: 159, Final: 3, Phantom: 47
[2026-04-03T06:31:12.369+0600][24.523s][info][gc,ref      ] GC(8) Enqueued    references: Soft: 78, Weak: 45, Final: 0, Phantom: 0
[2026-04-03T06:31:12.369+0600][24.523s][info][gc          ] GC(8) Concurrent weak references 0.307ms
[2026-04-03T06:31:12.369+0600][24.523s][info][gc,start    ] GC(8) Concurrent weak roots
[2026-04-03T06:31:12.369+0600][24.523s][info][gc,task     ] GC(8) Using 3 of 6 workers for concurrent weak root
[2026-04-03T06:31:12.369+0600][24.523s][info][gc          ] GC(8) Concurrent weak roots 0.708ms
[2026-04-03T06:31:12.369+0600][24.524s][info][gc,start    ] GC(8) Concurrent cleanup
[2026-04-03T06:31:12.370+0600][24.524s][info][gc          ] GC(8) Concurrent cleanup 2205M->1579M(3647M) 0.537ms
[2026-04-03T06:31:12.370+0600][24.524s][info][gc,ergo     ] GC(8) Free: 2143M, Max: 1024K regular, 1445M humongous, Frag: 33% external, 0% internal; Reserve: 196M, Max: 1024K
[2026-04-03T06:31:12.370+0600][24.524s][info][gc,start    ] GC(8) Concurrent class unloading
[2026-04-03T06:31:12.370+0600][24.524s][info][gc,task     ] GC(8) Using 3 of 6 workers for concurrent class unloading
[2026-04-03T06:31:12.374+0600][24.528s][info][gc          ] GC(8) Concurrent class unloading 3.943ms
[2026-04-03T06:31:12.374+0600][24.528s][info][gc,start    ] GC(8) Concurrent strong roots
[2026-04-03T06:31:12.374+0600][24.528s][info][gc,task     ] GC(8) Using 3 of 6 workers for concurrent strong root
[2026-04-03T06:31:12.374+0600][24.528s][info][gc          ] GC(8) Concurrent strong roots 0.136ms
[2026-04-03T06:31:12.374+0600][24.528s][info][gc,start    ] GC(8) Concurrent evacuation
[2026-04-03T06:31:12.374+0600][24.528s][info][gc,task     ] GC(8) Using 3 of 6 workers for concurrent evacuation
[2026-04-03T06:31:12.400+0600][24.554s][info][gc          ] GC(8) Concurrent evacuation 25.776ms
[2026-04-03T06:31:12.400+0600][24.554s][info][gc,start    ] GC(8) Pause Init Update Refs
[2026-04-03T06:31:12.400+0600][24.554s][info][gc,ergo     ] GC(8) Pacer for Update Refs. Used: 1634M, Free: 2143M, Non-Taxable: 214M, Alloc Tax Rate: 1.1x
[2026-04-03T06:31:12.400+0600][24.554s][info][gc          ] GC(8) Pause Init Update Refs 0.079ms
[2026-04-03T06:31:12.400+0600][24.554s][info][gc,start    ] GC(8) Concurrent update references
[2026-04-03T06:31:12.400+0600][24.554s][info][gc,task     ] GC(8) Using 3 of 6 workers for concurrent reference update
[2026-04-03T06:31:12.591+0600][24.745s][info][gc          ] GC(8) Concurrent update references 190.355ms
[2026-04-03T06:31:12.591+0600][24.745s][info][gc,start    ] GC(8) Concurrent update thread roots
[2026-04-03T06:31:12.591+0600][24.745s][info][gc          ] GC(8) Concurrent update thread roots 0.352ms
[2026-04-03T06:31:12.591+0600][24.745s][info][gc,start    ] GC(8) Pause Final Update Refs
[2026-04-03T06:31:12.591+0600][24.745s][info][gc,task     ] GC(8) Using 6 of 6 workers for final reference update
[2026-04-03T06:31:12.591+0600][24.745s][info][gc          ] GC(8) Pause Final Update Refs 0.190ms
[2026-04-03T06:31:12.591+0600][24.745s][info][gc,start    ] GC(8) Concurrent cleanup
[2026-04-03T06:31:12.592+0600][24.746s][info][gc          ] GC(8) Concurrent cleanup 1634M->448M(3647M) 0.702ms
[2026-04-03T06:31:12.592+0600][24.746s][info][gc,ergo     ] Free: 3274M, Max: 1024K regular, 1600M humongous, Frag: 52% external, 0% internal; Reserve: 197M, Max: 1024K
[2026-04-03T06:31:12.592+0600][24.746s][info][gc,stats    ] 
[2026-04-03T06:31:12.592+0600][24.746s][info][gc,stats    ] All times are wall-clock times, except per-root-class counters, that are sum over
[2026-04-03T06:31:12.592+0600][24.746s][info][gc,stats    ] all workers. Dividing the <total> over the root stage time estimates parallelism.
[2026-04-03T06:31:12.592+0600][24.746s][info][gc,stats    ] 
[2026-04-03T06:31:12.592+0600][24.746s][info][gc,stats    ] Concurrent Reset                   3191 us
[2026-04-03T06:31:12.592+0600][24.746s][info][gc,stats    ] Pause Init Mark (G)                 408 us
[2026-04-03T06:31:12.592+0600][24.746s][info][gc,stats    ] Pause Init Mark (N)                 113 us
[2026-04-03T06:31:12.592+0600][24.746s][info][gc,stats    ]   Update Region States               29 us
[2026-04-03T06:31:12.592+0600][24.746s][info][gc,stats    ] Concurrent Mark Roots               324 us, parallelism: 1.02x
[2026-04-03T06:31:12.592+0600][24.746s][info][gc,stats    ]   CMR: <total>                      332 us
[2026-04-03T06:31:12.592+0600][24.746s][info][gc,stats    ]   CMR: Thread Roots                 215 us, workers (us): 101,   0, 113, ---, ---, ---, 
[2026-04-03T06:31:12.592+0600][24.746s][info][gc,stats    ]   CMR: VM Strong Roots               12 us, workers (us):   6,   3,   3, ---, ---, ---, 
[2026-04-03T06:31:12.592+0600][24.746s][info][gc,stats    ]   CMR: CLDG Roots                   105 us, workers (us): ---, 105, ---, ---, ---, ---, 
[2026-04-03T06:31:12.592+0600][24.746s][info][gc,stats    ] Concurrent Marking               315563 us
[2026-04-03T06:31:12.592+0600][24.746s][info][gc,stats    ] Pause Final Mark (G)                916 us
[2026-04-03T06:31:12.592+0600][24.746s][info][gc,stats    ] Pause Final Mark (N)                784 us
[2026-04-03T06:31:12.592+0600][24.746s][info][gc,stats    ]   Finish Mark                       297 us
[2026-04-03T06:31:12.592+0600][24.746s][info][gc,stats    ]   Update Region States               44 us
[2026-04-03T06:31:12.592+0600][24.746s][info][gc,stats    ]   Choose Collection Set             318 us
[2026-04-03T06:31:12.592+0600][24.746s][info][gc,stats    ]   Rebuild Free Set                   35 us
[2026-04-03T06:31:12.592+0600][24.746s][info][gc,stats    ] Concurrent Thread Roots             381 us, parallelism: 0.27x
[2026-04-03T06:31:12.592+0600][24.746s][info][gc,stats    ]   CTR: <total>                      102 us
[2026-04-03T06:31:12.592+0600][24.746s][info][gc,stats    ]   CTR: Thread Roots                 102 us, workers (us):  61,  40,   0, ---, ---, ---, 
[2026-04-03T06:31:12.592+0600][24.746s][info][gc,stats    ] Concurrent Weak References          320 us, parallelism: 0.24x
[2026-04-03T06:31:12.592+0600][24.746s][info][gc,stats    ]   CWRF: <total>                      75 us
[2026-04-03T06:31:12.592+0600][24.746s][info][gc,stats    ]   CWRF: Weak References              75 us, workers (us):  68,   6,   1, ---, ---, ---, 
[2026-04-03T06:31:12.592+0600][24.746s][info][gc,stats    ] Concurrent Weak Roots               747 us
[2026-04-03T06:31:12.592+0600][24.746s][info][gc,stats    ]   Roots                             511 us, parallelism: 1.80x
[2026-04-03T06:31:12.592+0600][24.747s][info][gc,stats    ]     CWR: <total>                    917 us
[2026-04-03T06:31:12.592+0600][24.747s][info][gc,stats    ]     CWR: Code Cache Roots           685 us, workers (us): 231, 234, 220, ---, ---, ---, 
[2026-04-03T06:31:12.592+0600][24.747s][info][gc,stats    ]     CWR: VM Weak Roots              224 us, workers (us): 122,  74,  27, ---, ---, ---, 
[2026-04-03T06:31:12.592+0600][24.747s][info][gc,stats    ]     CWR: CLDG Roots                   7 us, workers (us): ---,   7, ---, ---, ---, ---, 
[2026-04-03T06:31:12.592+0600][24.747s][info][gc,stats    ]   Rendezvous                        172 us
[2026-04-03T06:31:12.593+0600][24.747s][info][gc,stats    ] Concurrent Cleanup                  547 us
[2026-04-03T06:31:12.593+0600][24.747s][info][gc,stats    ] Concurrent Class Unloading         3990 us
[2026-04-03T06:31:12.593+0600][24.747s][info][gc,stats    ]   Unlink Stale                     3589 us
[2026-04-03T06:31:12.593+0600][24.747s][info][gc,stats    ]     System Dictionary               109 us
[2026-04-03T06:31:12.593+0600][24.747s][info][gc,stats    ]     Weak Class Links               1802 us
[2026-04-03T06:31:12.593+0600][24.747s][info][gc,stats    ]     Code Roots                     1676 us
[2026-04-03T06:31:12.593+0600][24.747s][info][gc,stats    ]   Rendezvous                        203 us
[2026-04-03T06:31:12.593+0600][24.747s][info][gc,stats    ]   Purge Unlinked                    124 us
[2026-04-03T06:31:12.593+0600][24.747s][info][gc,stats    ]     Code Roots                       67 us
[2026-04-03T06:31:12.593+0600][24.747s][info][gc,stats    ]     CLDG                             57 us
[2026-04-03T06:31:12.593+0600][24.747s][info][gc,stats    ]     Exception Caches                  0 us
[2026-04-03T06:31:12.593+0600][24.747s][info][gc,stats    ] Concurrent Strong Roots             154 us, parallelism: 0.29x
[2026-04-03T06:31:12.593+0600][24.747s][info][gc,stats    ]   CSR: <total>                       45 us
[2026-04-03T06:31:12.593+0600][24.747s][info][gc,stats    ]   CSR: VM Strong Roots                5 us, workers (us):   4,   1,   0, ---, ---, ---, 
[2026-04-03T06:31:12.593+0600][24.747s][info][gc,stats    ]   CSR: CLDG Roots                    40 us, workers (us):  40, ---, ---, ---, ---, ---, 
[2026-04-03T06:31:12.593+0600][24.747s][info][gc,stats    ] Concurrent Evacuation             25841 us
[2026-04-03T06:31:12.593+0600][24.747s][info][gc,stats    ] Pause Init Update Refs (G)          182 us
[2026-04-03T06:31:12.593+0600][24.747s][info][gc,stats    ] Pause Init Update Refs (N)           87 us
[2026-04-03T06:31:12.593+0600][24.747s][info][gc,stats    ]   Manage GCLABs                       5 us
[2026-04-03T06:31:12.593+0600][24.747s][info][gc,stats    ] Concurrent Update Refs           190428 us
[2026-04-03T06:31:12.593+0600][24.747s][info][gc,stats    ] Concurrent Update Thread Roots      367 us
[2026-04-03T06:31:12.593+0600][24.747s][info][gc,stats    ] Pause Final Update Refs (G)         328 us
[2026-04-03T06:31:12.593+0600][24.747s][info][gc,stats    ] Pause Final Update Refs (N)         209 us
[2026-04-03T06:31:12.593+0600][24.747s][info][gc,stats    ]   Update Region States               69 us
[2026-04-03T06:31:12.593+0600][24.747s][info][gc,stats    ]   Trash Collection Set               17 us
[2026-04-03T06:31:12.593+0600][24.747s][info][gc,stats    ]   Rebuild Free Set                   41 us
[2026-04-03T06:31:12.593+0600][24.747s][info][gc,stats    ] Concurrent Cleanup                  721 us
[2026-04-03T06:31:12.593+0600][24.747s][info][gc,stats    ] 
[2026-04-03T06:31:12.593+0600][24.747s][info][gc,stats    ] Allocation pacing accrued:
[2026-04-03T06:31:12.593+0600][24.747s][info][gc,stats    ]       0 of  3274 ms (  0.0%): <total>
[2026-04-03T06:31:12.593+0600][24.747s][info][gc,stats    ]       0 of  3274 ms (  0.0%): <average total>
[2026-04-03T06:31:12.593+0600][24.747s][info][gc,stats    ] 
[2026-04-03T06:31:12.593+0600][24.747s][info][gc,metaspace] Metaspace: 9200K(9408K)->9148K(9408K) NonClass: 8348K(8448K)->8311K(8448K) Class: 852K(960K)->836K(960K)
[2026-04-03T06:31:12.593+0600][24.747s][info][gc,ergo     ] Pacer for Idle. Initial: 80302K, Alloc Tax Rate: 1.0x
[2026-04-03T06:31:12.593+0600][24.747s][info][gc,start    ] Concurrent uncommit
[2026-04-03T06:31:13.407+0600][25.561s][info][gc          ] Concurrent uncommit 449M->582M(584M) 814.277ms
[2026-04-03T06:31:14.639+0600][26.793s][info][gc          ] Trigger: Learning 2 of 5. Free (2743M) is below initial threshold (2744M)
[2026-04-03T06:31:14.641+0600][26.795s][info][gc,ergo     ] Free: 2740M, Max: 1024K regular, 1600M humongous, Frag: 42% external, 0% internal; Reserve: 197M, Max: 1024K
[2026-04-03T06:31:14.641+0600][26.795s][info][gc,start    ] GC(9) Concurrent reset
[2026-04-03T06:31:14.641+0600][26.795s][info][gc,task     ] GC(9) Using 3 of 6 workers for concurrent reset
[2026-04-03T06:31:14.641+0600][26.796s][info][gc,ergo     ] GC(9) Pacer for Reset. Non-Taxable: 3921M
[2026-04-03T06:31:14.656+0600][26.810s][info][gc          ] GC(9) Concurrent reset 14.844ms
[2026-04-03T06:31:14.657+0600][26.811s][info][gc,start    ] GC(9) Pause Init Mark (unload classes)
[2026-04-03T06:31:14.658+0600][26.812s][info][gc,task     ] GC(9) Using 6 of 6 workers for init marking
[2026-04-03T06:31:14.658+0600][26.812s][info][gc,ergo     ] GC(9) Pacer for Mark. Expected Live: 366M, Free: 2736M, Non-Taxable: 273M, Alloc Tax Rate: 0.2x
[2026-04-03T06:31:14.658+0600][26.812s][info][gc          ] GC(9) Pause Init Mark (unload classes) 0.232ms
[2026-04-03T06:31:14.661+0600][26.815s][info][gc,start    ] GC(9) Concurrent marking roots
[2026-04-03T06:31:14.661+0600][26.816s][info][gc,task     ] GC(9) Using 3 of 6 workers for concurrent marking roots
[2026-04-03T06:31:14.662+0600][26.816s][info][gc          ] GC(9) Concurrent marking roots 0.733ms
[2026-04-03T06:31:14.662+0600][26.816s][info][gc,start    ] GC(9) Concurrent marking (unload classes)
[2026-04-03T06:31:14.662+0600][26.816s][info][gc,task     ] GC(9) Using 3 of 6 workers for concurrent marking
[2026-04-03T06:31:15.350+0600][27.504s][info][gc          ] GC(9) Concurrent marking (unload classes) 687.328ms
[2026-04-03T06:31:15.350+0600][27.504s][info][gc,start    ] GC(9) Pause Final Mark (unload classes)
[2026-04-03T06:31:15.350+0600][27.504s][info][gc,task     ] GC(9) Using 6 of 6 workers for final marking
[2026-04-03T06:31:15.351+0600][27.505s][info][gc,ergo     ] GC(9) Adaptive CSet Selection. Target Free: 555M, Actual Free: 2736M, Max CSet: 163M, Min Garbage: 0B
[2026-04-03T06:31:15.351+0600][27.505s][info][gc,ergo     ] GC(9) Collectable Garbage: 529M (98%), Immediate: 0B (0%), CSet: 529M (98%)
[2026-04-03T06:31:15.352+0600][27.506s][info][gc,ergo     ] GC(9) Pacer for Evacuation. Used CSet: 543M, Free: 2539M, Non-Taxable: 253M, Alloc Tax Rate: 1.1x
[2026-04-03T06:31:15.352+0600][27.506s][info][gc          ] GC(9) Pause Final Mark (unload classes) 1.336ms
[2026-04-03T06:31:15.352+0600][27.506s][info][gc,start    ] GC(9) Concurrent thread roots
[2026-04-03T06:31:15.352+0600][27.506s][info][gc,task     ] GC(9) Using 3 of 6 workers for Concurrent thread roots
[2026-04-03T06:31:15.360+0600][27.514s][info][gc          ] GC(9) Concurrent thread roots 8.244ms
[2026-04-03T06:31:15.360+0600][27.514s][info][gc,start    ] GC(9) Concurrent weak references
[2026-04-03T06:31:15.360+0600][27.514s][info][gc,task     ] GC(9) Using 3 of 6 workers for concurrent weak references
[2026-04-03T06:31:15.361+0600][27.515s][info][gc,ref      ] GC(9) Encountered references: Soft: 117, Weak: 417, Final: 3, Phantom: 58
[2026-04-03T06:31:15.361+0600][27.515s][info][gc,ref      ] GC(9) Discovered  references: Soft: 0, Weak: 199, Final: 1, Phantom: 38
[2026-04-03T06:31:15.361+0600][27.515s][info][gc,ref      ] GC(9) Enqueued    references: Soft: 0, Weak: 2, Final: 0, Phantom: 2
[2026-04-03T06:31:15.361+0600][27.515s][info][gc          ] GC(9) Concurrent weak references 0.263ms
[2026-04-03T06:31:15.361+0600][27.515s][info][gc,start    ] GC(9) Concurrent weak roots
[2026-04-03T06:31:15.361+0600][27.515s][info][gc,task     ] GC(9) Using 3 of 6 workers for concurrent weak root
[2026-04-03T06:31:15.364+0600][27.518s][info][gc          ] GC(9) Concurrent weak roots 3.727ms
[2026-04-03T06:31:15.364+0600][27.518s][info][gc,start    ] GC(9) Concurrent cleanup
[2026-04-03T06:31:15.365+0600][27.519s][info][gc          ] GC(9) Concurrent cleanup 1192M->1192M(1194M) 0.298ms
[2026-04-03T06:31:15.365+0600][27.519s][info][gc,ergo     ] GC(9) Free: 2531M, Max: 1024K regular, 1600M humongous, Frag: 37% external, 0% internal; Reserve: 196M, Max: 1024K
[2026-04-03T06:31:15.365+0600][27.519s][info][gc,start    ] GC(9) Concurrent class unloading
[2026-04-03T06:31:15.365+0600][27.519s][info][gc,task     ] GC(9) Using 3 of 6 workers for concurrent class unloading
[2026-04-03T06:31:15.378+0600][27.532s][info][gc          ] GC(9) Concurrent class unloading 13.328ms
[2026-04-03T06:31:15.386+0600][27.540s][info][gc,start    ] GC(9) Concurrent strong roots
[2026-04-03T06:31:15.386+0600][27.540s][info][gc,task     ] GC(9) Using 3 of 6 workers for concurrent strong root
[2026-04-03T06:31:15.388+0600][27.542s][info][gc          ] GC(9) Concurrent strong roots 1.842ms
[2026-04-03T06:31:15.388+0600][27.542s][info][gc,start    ] GC(9) Concurrent evacuation
[2026-04-03T06:31:15.388+0600][27.542s][info][gc,task     ] GC(9) Using 3 of 6 workers for concurrent evacuation
[2026-04-03T06:31:15.466+0600][27.620s][info][gc          ] GC(9) Concurrent evacuation 78.587ms
[2026-04-03T06:31:15.469+0600][27.623s][info][gc,start    ] GC(9) Pause Init Update Refs
[2026-04-03T06:31:15.470+0600][27.624s][info][gc,ergo     ] GC(9) Pacer for Update Refs. Used: 1229M, Free: 2511M, Non-Taxable: 251M, Alloc Tax Rate: 1.1x
[2026-04-03T06:31:15.470+0600][27.624s][info][gc          ] GC(9) Pause Init Update Refs 0.159ms
[2026-04-03T06:31:15.470+0600][27.624s][info][gc,start    ] GC(9) Concurrent update references
[2026-04-03T06:31:15.470+0600][27.624s][info][gc,task     ] GC(9) Using 3 of 6 workers for concurrent reference update
[2026-04-03T06:31:15.975+0600][28.130s][info][gc          ] GC(9) Concurrent update references 505.679ms
[2026-04-03T06:31:15.976+0600][28.130s][info][gc,start    ] GC(9) Concurrent update thread roots
[2026-04-03T06:31:15.982+0600][28.136s][info][gc          ] GC(9) Concurrent update thread roots 5.976ms
[2026-04-03T06:31:15.982+0600][28.136s][info][gc,start    ] GC(9) Pause Final Update Refs
[2026-04-03T06:31:15.982+0600][28.136s][info][gc,task     ] GC(9) Using 6 of 6 workers for final reference update
[2026-04-03T06:31:15.982+0600][28.136s][info][gc          ] GC(9) Pause Final Update Refs 0.285ms
[2026-04-03T06:31:15.983+0600][28.137s][info][gc,start    ] GC(9) Concurrent cleanup
[2026-04-03T06:31:15.984+0600][28.138s][info][gc          ] GC(9) Concurrent cleanup 1333M->790M(1335M) 0.990ms
[2026-04-03T06:31:15.984+0600][28.138s][info][gc,ergo     ] Free: 2932M, Max: 1024K regular, 1588M humongous, Frag: 46% external, 0% internal; Reserve: 197M, Max: 1024K
[2026-04-03T06:31:15.984+0600][28.138s][info][gc,stats    ] 
[2026-04-03T06:31:15.984+0600][28.138s][info][gc,stats    ] All times are wall-clock times, except per-root-class counters, that are sum over
[2026-04-03T06:31:15.984+0600][28.138s][info][gc,stats    ] all workers. Dividing the <total> over the root stage time estimates parallelism.
[2026-04-03T06:31:15.984+0600][28.138s][info][gc,stats    ] 
[2026-04-03T06:31:15.984+0600][28.138s][info][gc,stats    ] Concurrent Reset                  15337 us
[2026-04-03T06:31:15.984+0600][28.138s][info][gc,stats    ] Pause Init Mark (G)                4611 us
[2026-04-03T06:31:15.984+0600][28.138s][info][gc,stats    ] Pause Init Mark (N)                 247 us
[2026-04-03T06:31:15.984+0600][28.138s][info][gc,stats    ]   Update Region States               87 us
[2026-04-03T06:31:15.984+0600][28.138s][info][gc,stats    ] Concurrent Mark Roots               791 us, parallelism: 0.83x
[2026-04-03T06:31:15.984+0600][28.138s][info][gc,stats    ]   CMR: <total>                      659 us
[2026-04-03T06:31:15.984+0600][28.138s][info][gc,stats    ]   CMR: Thread Roots                 520 us, workers (us): 206, 314,   0, ---, ---, ---, 
[2026-04-03T06:31:15.984+0600][28.138s][info][gc,stats    ]   CMR: VM Strong Roots               15 us, workers (us):  13,   1,   0, ---, ---, ---, 
[2026-04-03T06:31:15.984+0600][28.138s][info][gc,stats    ]   CMR: CLDG Roots                   124 us, workers (us): 124, ---, ---, ---, ---, ---, 
[2026-04-03T06:31:15.984+0600][28.138s][info][gc,stats    ] Concurrent Marking               687496 us
[2026-04-03T06:31:15.984+0600][28.138s][info][gc,stats    ] Pause Final Mark (G)               2235 us
[2026-04-03T06:31:15.984+0600][28.138s][info][gc,stats    ] Pause Final Mark (N)               1365 us
[2026-04-03T06:31:15.984+0600][28.138s][info][gc,stats    ]   Finish Mark                       256 us
[2026-04-03T06:31:15.984+0600][28.138s][info][gc,stats    ]   Update Region States              112 us
[2026-04-03T06:31:15.984+0600][28.138s][info][gc,stats    ]   Choose Collection Set             652 us
[2026-04-03T06:31:15.984+0600][28.138s][info][gc,stats    ]   Rebuild Free Set                   96 us
[2026-04-03T06:31:15.984+0600][28.138s][info][gc,stats    ] Concurrent Thread Roots            8422 us, parallelism: 1.47x
[2026-04-03T06:31:15.984+0600][28.138s][info][gc,stats    ]   CTR: <total>                    12345 us
[2026-04-03T06:31:15.984+0600][28.138s][info][gc,stats    ]   CTR: Thread Roots               12345 us, workers (us): 8035, 4160, 150, ---, ---, ---, 
[2026-04-03T06:31:15.984+0600][28.138s][info][gc,stats    ] Concurrent Weak References          282 us, parallelism: 0.25x
[2026-04-03T06:31:15.984+0600][28.138s][info][gc,stats    ]   CWRF: <total>                      69 us
[2026-04-03T06:31:15.984+0600][28.138s][info][gc,stats    ]   CWRF: Weak References              69 us, workers (us):  69,   0,   0, ---, ---, ---, 
[2026-04-03T06:31:15.984+0600][28.138s][info][gc,stats    ] Concurrent Weak Roots              3825 us
[2026-04-03T06:31:15.984+0600][28.138s][info][gc,stats    ]   Roots                            1249 us, parallelism: 2.29x
[2026-04-03T06:31:15.984+0600][28.138s][info][gc,stats    ]     CWR: <total>                   2863 us
[2026-04-03T06:31:15.984+0600][28.138s][info][gc,stats    ]     CWR: Code Cache Roots          2238 us, workers (us): 785, 770, 683, ---, ---, ---, 
[2026-04-03T06:31:15.984+0600][28.138s][info][gc,stats    ]     CWR: VM Weak Roots              615 us, workers (us): 307, 305,   3, ---, ---, ---, 
[2026-04-03T06:31:15.984+0600][28.138s][info][gc,stats    ]     CWR: CLDG Roots                   9 us, workers (us): ---,   9, ---, ---, ---, ---, 
[2026-04-03T06:31:15.984+0600][28.138s][info][gc,stats    ]   Rendezvous                       2442 us
[2026-04-03T06:31:15.984+0600][28.138s][info][gc,stats    ] Concurrent Cleanup                  335 us
[2026-04-03T06:31:15.984+0600][28.138s][info][gc,stats    ] Concurrent Class Unloading        20854 us
[2026-04-03T06:31:15.984+0600][28.138s][info][gc,stats    ]   Unlink Stale                     6109 us
[2026-04-03T06:31:15.984+0600][28.138s][info][gc,stats    ]     System Dictionary                23 us
[2026-04-03T06:31:15.984+0600][28.138s][info][gc,stats    ]     Weak Class Links                  1 us
[2026-04-03T06:31:15.984+0600][28.138s][info][gc,stats    ]     Code Roots                     6078 us
[2026-04-03T06:31:15.984+0600][28.138s][info][gc,stats    ]   Rendezvous                       2341 us
[2026-04-03T06:31:15.984+0600][28.138s][info][gc,stats    ]   Purge Unlinked                   4824 us
[2026-04-03T06:31:15.984+0600][28.138s][info][gc,stats    ]     Code Roots                     4731 us
[2026-04-03T06:31:15.984+0600][28.138s][info][gc,stats    ]     CLDG                             90 us
[2026-04-03T06:31:15.984+0600][28.138s][info][gc,stats    ]     Exception Caches                  1 us
[2026-04-03T06:31:15.984+0600][28.138s][info][gc,stats    ] Concurrent Strong Roots            1932 us, parallelism: 0.08x
[2026-04-03T06:31:15.984+0600][28.138s][info][gc,stats    ]   CSR: <total>                      149 us
[2026-04-03T06:31:15.984+0600][28.138s][info][gc,stats    ]   CSR: VM Strong Roots               16 us, workers (us):  14,   1,   0, ---, ---, ---, 
[2026-04-03T06:31:15.984+0600][28.139s][info][gc,stats    ]   CSR: CLDG Roots                   134 us, workers (us): 134, ---, ---, ---, ---, ---, 
[2026-04-03T06:31:15.984+0600][28.139s][info][gc,stats    ] Concurrent Evacuation             78744 us
[2026-04-03T06:31:15.985+0600][28.139s][info][gc,stats    ] Pause Init Update Refs (G)         3396 us
[2026-04-03T06:31:15.985+0600][28.139s][info][gc,stats    ] Pause Init Update Refs (N)          183 us
[2026-04-03T06:31:15.985+0600][28.139s][info][gc,stats    ]   Manage GCLABs                      17 us
[2026-04-03T06:31:15.985+0600][28.139s][info][gc,stats    ] Concurrent Update Refs           505825 us
[2026-04-03T06:31:15.985+0600][28.139s][info][gc,stats    ] Concurrent Update Thread Roots     6102 us
[2026-04-03T06:31:15.985+0600][28.139s][info][gc,stats    ] Pause Final Update Refs (G)         857 us
[2026-04-03T06:31:15.985+0600][28.139s][info][gc,stats    ] Pause Final Update Refs (N)         311 us
[2026-04-03T06:31:15.985+0600][28.139s][info][gc,stats    ]   Update Region States               90 us
[2026-04-03T06:31:15.985+0600][28.139s][info][gc,stats    ]   Trash Collection Set               22 us
[2026-04-03T06:31:15.985+0600][28.139s][info][gc,stats    ]   Rebuild Free Set                   72 us
[2026-04-03T06:31:15.985+0600][28.139s][info][gc,stats    ] Concurrent Cleanup                 1051 us
[2026-04-03T06:31:15.985+0600][28.139s][info][gc,stats    ] Pacing                           692857 us
[2026-04-03T06:31:15.985+0600][28.139s][info][gc,stats    ] 
[2026-04-03T06:31:15.985+0600][28.139s][info][gc,stats    ] Allocation pacing accrued:
[2026-04-03T06:31:15.985+0600][28.139s][info][gc,stats    ]      60 of  3392 ms (  1.8%): OE_Thread:0
[2026-04-03T06:31:15.985+0600][28.139s][info][gc,stats    ]      45 of  3392 ms (  1.3%): OE_Thread:1
[2026-04-03T06:31:15.985+0600][28.139s][info][gc,stats    ]      63 of  3392 ms (  1.9%): OE_Thread:2
[2026-04-03T06:31:15.985+0600][28.139s][info][gc,stats    ]      46 of  3392 ms (  1.4%): OE_Thread:3
[2026-04-03T06:31:15.985+0600][28.139s][info][gc,stats    ]      71 of  3392 ms (  2.1%): OE_Thread:4
[2026-04-03T06:31:15.985+0600][28.139s][info][gc,stats    ]      73 of  3392 ms (  2.1%): OE_Thread:5
[2026-04-03T06:31:15.985+0600][28.139s][info][gc,stats    ]      58 of  3392 ms (  1.7%): OE_Thread:6
[2026-04-03T06:31:15.985+0600][28.139s][info][gc,stats    ]      69 of  3392 ms (  2.0%): OE_Thread:7
[2026-04-03T06:31:15.985+0600][28.139s][info][gc,stats    ]      58 of  3392 ms (  1.7%): OE_Thread:8
[2026-04-03T06:31:15.985+0600][28.139s][info][gc,stats    ]      57 of  3392 ms (  1.7%): OE_Thread:9
[2026-04-03T06:31:15.985+0600][28.139s][info][gc,stats    ]      46 of  3392 ms (  1.4%): OE_Thread:10
[2026-04-03T06:31:15.985+0600][28.139s][info][gc,stats    ]      46 of  3392 ms (  1.4%): OE_Thread:11
[2026-04-03T06:31:15.985+0600][28.139s][info][gc,stats    ]     693 of  3392 ms ( 20.4%): <total>
[2026-04-03T06:31:15.985+0600][28.139s][info][gc,stats    ]      29 of  3392 ms (  0.9%): <average total>
[2026-04-03T06:31:15.985+0600][28.139s][info][gc,stats    ]      58 of  3392 ms (  1.7%): <average non-zero>
[2026-04-03T06:31:15.985+0600][28.139s][info][gc,stats    ] 
[2026-04-03T06:31:15.985+0600][28.139s][info][gc,metaspace] Metaspace: 10123K(10304K)->10138K(10304K) NonClass: 9245K(9344K)->9260K(9344K) Class: 878K(960K)->878K(960K)
[2026-04-03T06:31:15.985+0600][28.139s][info][gc,ergo     ] Pacer for Idle. Initial: 80302K, Alloc Tax Rate: 1.0x
[2026-04-03T06:31:16.290+0600][28.444s][info][gc          ] Trigger: Learning 3 of 5. Free (2743M) is below initial threshold (2744M)
[2026-04-03T06:31:16.290+0600][28.444s][info][gc,ergo     ] Free: 2743M, Max: 1024K regular, 1588M humongous, Frag: 43% external, 0% internal; Reserve: 197M, Max: 1024K
[2026-04-03T06:31:16.291+0600][28.445s][info][gc,start    ] GC(10) Concurrent reset
[2026-04-03T06:31:16.291+0600][28.445s][info][gc,task     ] GC(10) Using 3 of 6 workers for concurrent reset
[2026-04-03T06:31:16.291+0600][28.445s][info][gc,ergo     ] GC(10) Pacer for Reset. Non-Taxable: 3921M
[2026-04-03T06:31:16.300+0600][28.455s][info][gc          ] GC(10) Concurrent reset 9.939ms
[2026-04-03T06:31:16.301+0600][28.455s][info][gc,start    ] GC(10) Pause Init Mark (unload classes)
[2026-04-03T06:31:16.301+0600][28.455s][info][gc,task     ] GC(10) Using 6 of 6 workers for init marking
[2026-04-03T06:31:16.301+0600][28.455s][info][gc,ergo     ] GC(10) Pacer for Mark. Expected Live: 407M, Free: 2738M, Non-Taxable: 273M, Alloc Tax Rate: 0.2x
[2026-04-03T06:31:16.301+0600][28.455s][info][gc          ] GC(10) Pause Init Mark (unload classes) 0.155ms
[2026-04-03T06:31:16.305+0600][28.459s][info][gc,start    ] GC(10) Concurrent marking roots
[2026-04-03T06:31:16.305+0600][28.459s][info][gc,task     ] GC(10) Using 3 of 6 workers for concurrent marking roots
[2026-04-03T06:31:16.306+0600][28.460s][info][gc          ] GC(10) Concurrent marking roots 0.771ms
[2026-04-03T06:31:16.306+0600][28.460s][info][gc,start    ] GC(10) Concurrent marking (unload classes)
[2026-04-03T06:31:16.306+0600][28.460s][info][gc,task     ] GC(10) Using 3 of 6 workers for concurrent marking
[2026-04-03T06:31:17.126+0600][29.280s][info][gc          ] GC(10) Concurrent marking (unload classes) 819.619ms
[2026-04-03T06:31:17.126+0600][29.280s][info][gc,start    ] GC(10) Pause Final Mark (unload classes)
[2026-04-03T06:31:17.126+0600][29.280s][info][gc,task     ] GC(10) Using 6 of 6 workers for final marking
[2026-04-03T06:31:17.127+0600][29.281s][info][gc,ergo     ] GC(10) Adaptive CSet Selection. Target Free: 555M, Actual Free: 2640M, Max CSet: 163M, Min Garbage: 0B
[2026-04-03T06:31:17.127+0600][29.281s][info][gc,ergo     ] GC(10) Collectable Garbage: 523M (98%), Immediate: 1024K (0%), CSet: 522M (97%)
[2026-04-03T06:31:17.127+0600][29.281s][info][gc,ergo     ] GC(10) Pacer for Evacuation. Used CSet: 545M, Free: 2443M, Non-Taxable: 244M, Alloc Tax Rate: 1.1x
[2026-04-03T06:31:17.127+0600][29.281s][info][gc          ] GC(10) Pause Final Mark (unload classes) 1.094ms
[2026-04-03T06:31:17.128+0600][29.282s][info][gc,start    ] GC(10) Concurrent thread roots
[2026-04-03T06:31:17.128+0600][29.282s][info][gc,task     ] GC(10) Using 3 of 6 workers for Concurrent thread roots
[2026-04-03T06:31:17.132+0600][29.286s][info][gc          ] GC(10) Concurrent thread roots 4.795ms
[2026-04-03T06:31:17.132+0600][29.286s][info][gc,start    ] GC(10) Concurrent weak references
[2026-04-03T06:31:17.132+0600][29.287s][info][gc,task     ] GC(10) Using 3 of 6 workers for concurrent weak references
[2026-04-03T06:31:17.133+0600][29.287s][info][gc,ref      ] GC(10) Encountered references: Soft: 117, Weak: 415, Final: 3, Phantom: 56
[2026-04-03T06:31:17.133+0600][29.287s][info][gc,ref      ] GC(10) Discovered  references: Soft: 0, Weak: 115, Final: 1, Phantom: 36
[2026-04-03T06:31:17.133+0600][29.287s][info][gc,ref      ] GC(10) Enqueued    references: Soft: 0, Weak: 0, Final: 0, Phantom: 0
[2026-04-03T06:31:17.133+0600][29.287s][info][gc          ] GC(10) Concurrent weak references 0.977ms
[2026-04-03T06:31:17.133+0600][29.287s][info][gc,start    ] GC(10) Concurrent weak roots
[2026-04-03T06:31:17.133+0600][29.288s][info][gc,task     ] GC(10) Using 3 of 6 workers for concurrent weak root
[2026-04-03T06:31:17.138+0600][29.293s][info][gc          ] GC(10) Concurrent weak roots 5.007ms
[2026-04-03T06:31:17.139+0600][29.293s][info][gc,start    ] GC(10) Concurrent cleanup
[2026-04-03T06:31:17.139+0600][29.293s][info][gc          ] GC(10) Concurrent cleanup 1291M->1290M(1335M) 0.280ms
[2026-04-03T06:31:17.139+0600][29.293s][info][gc,ergo     ] GC(10) Free: 2434M, Max: 1024K regular, 1588M humongous, Frag: 35% external, 0% internal; Reserve: 195M, Max: 1024K
[2026-04-03T06:31:17.139+0600][29.293s][info][gc,start    ] GC(10) Concurrent class unloading
[2026-04-03T06:31:17.139+0600][29.293s][info][gc,task     ] GC(10) Using 3 of 6 workers for concurrent class unloading
[2026-04-03T06:31:17.150+0600][29.304s][info][gc          ] GC(10) Concurrent class unloading 10.977ms
[2026-04-03T06:31:17.150+0600][29.304s][info][gc,start    ] GC(10) Concurrent strong roots
[2026-04-03T06:31:17.150+0600][29.304s][info][gc,task     ] GC(10) Using 3 of 6 workers for concurrent strong root
[2026-04-03T06:31:17.150+0600][29.304s][info][gc          ] GC(10) Concurrent strong roots 0.271ms
[2026-04-03T06:31:17.150+0600][29.305s][info][gc,start    ] GC(10) Concurrent evacuation
[2026-04-03T06:31:17.150+0600][29.305s][info][gc,task     ] GC(10) Using 3 of 6 workers for concurrent evacuation
[2026-04-03T06:31:17.208+0600][29.362s][info][gc          ] GC(10) Concurrent evacuation 57.371ms
[2026-04-03T06:31:17.212+0600][29.366s][info][gc,start    ] GC(10) Pause Init Update Refs
[2026-04-03T06:31:17.212+0600][29.366s][info][gc,ergo     ] GC(10) Pacer for Update Refs. Used: 1341M, Free: 2407M, Non-Taxable: 240M, Alloc Tax Rate: 1.1x
[2026-04-03T06:31:17.212+0600][29.366s][info][gc          ] GC(10) Pause Init Update Refs 0.191ms
[2026-04-03T06:31:17.212+0600][29.366s][info][gc,start    ] GC(10) Concurrent update references
[2026-04-03T06:31:17.213+0600][29.367s][info][gc,task     ] GC(10) Using 3 of 6 workers for concurrent reference update
[2026-04-03T06:31:17.813+0600][29.967s][info][gc          ] GC(10) Concurrent update references 600.860ms
[2026-04-03T06:31:17.813+0600][29.967s][info][gc,start    ] GC(10) Concurrent update thread roots
[2026-04-03T06:31:17.819+0600][29.973s][info][gc          ] GC(10) Concurrent update thread roots 5.439ms
[2026-04-03T06:31:17.819+0600][29.973s][info][gc,start    ] GC(10) Pause Final Update Refs
[2026-04-03T06:31:17.820+0600][29.974s][info][gc,task     ] GC(10) Using 6 of 6 workers for final reference update
[2026-04-03T06:31:17.820+0600][29.974s][info][gc          ] GC(10) Pause Final Update Refs 0.312ms
[2026-04-03T06:31:17.820+0600][29.974s][info][gc,start    ] GC(10) Concurrent cleanup
[2026-04-03T06:31:17.821+0600][29.975s][info][gc          ] GC(10) Concurrent cleanup 1523M->978M(1526M) 1.047ms
[2026-04-03T06:31:17.821+0600][29.975s][info][gc,ergo     ] Free: 2745M, Max: 1024K regular, 1584M humongous, Frag: 43% external, 0% internal; Reserve: 197M, Max: 1024K
[2026-04-03T06:31:17.821+0600][29.975s][info][gc,stats    ] 
[2026-04-03T06:31:17.821+0600][29.975s][info][gc,stats    ] All times are wall-clock times, except per-root-class counters, that are sum over
[2026-04-03T06:31:17.821+0600][29.975s][info][gc,stats    ] all workers. Dividing the <total> over the root stage time estimates parallelism.
[2026-04-03T06:31:17.821+0600][29.975s][info][gc,stats    ] 
[2026-04-03T06:31:17.821+0600][29.975s][info][gc,stats    ] Concurrent Reset                  10135 us
[2026-04-03T06:31:17.821+0600][29.975s][info][gc,stats    ] Pause Init Mark (G)                4575 us
[2026-04-03T06:31:17.821+0600][29.975s][info][gc,stats    ] Pause Init Mark (N)                 167 us
[2026-04-03T06:31:17.821+0600][29.975s][info][gc,stats    ]   Update Region States               64 us
[2026-04-03T06:31:17.821+0600][29.975s][info][gc,stats    ] Concurrent Mark Roots               831 us, parallelism: 0.44x
[2026-04-03T06:31:17.821+0600][29.975s][info][gc,stats    ]   CMR: <total>                      367 us
[2026-04-03T06:31:17.821+0600][29.975s][info][gc,stats    ]   CMR: Thread Roots                 242 us, workers (us): 242,   0,   0, ---, ---, ---, 
[2026-04-03T06:31:17.821+0600][29.975s][info][gc,stats    ]   CMR: VM Strong Roots               14 us, workers (us):  14,   0,   0, ---, ---, ---, 
[2026-04-03T06:31:17.821+0600][29.975s][info][gc,stats    ]   CMR: CLDG Roots                   111 us, workers (us): 111, ---, ---, ---, ---, ---, 
[2026-04-03T06:31:17.821+0600][29.975s][info][gc,stats    ] Concurrent Marking               819767 us
[2026-04-03T06:31:17.821+0600][29.975s][info][gc,stats    ] Pause Final Mark (G)               1671 us
[2026-04-03T06:31:17.821+0600][29.975s][info][gc,stats    ] Pause Final Mark (N)               1106 us
[2026-04-03T06:31:17.821+0600][29.975s][info][gc,stats    ]   Finish Mark                       424 us
[2026-04-03T06:31:17.821+0600][29.975s][info][gc,stats    ]   Update Region States               76 us
[2026-04-03T06:31:17.821+0600][29.976s][info][gc,stats    ]   Choose Collection Set             441 us
[2026-04-03T06:31:17.821+0600][29.976s][info][gc,stats    ]   Rebuild Free Set                   52 us
[2026-04-03T06:31:17.822+0600][29.976s][info][gc,stats    ] Concurrent Thread Roots            4947 us, parallelism: 0.98x
[2026-04-03T06:31:17.822+0600][29.976s][info][gc,stats    ]   CTR: <total>                     4847 us
[2026-04-03T06:31:17.822+0600][29.976s][info][gc,stats    ]   CTR: Thread Roots                4847 us, workers (us): 451, 4397,   0, ---, ---, ---, 
[2026-04-03T06:31:17.822+0600][29.976s][info][gc,stats    ] Concurrent Weak References          997 us, parallelism: 0.03x
[2026-04-03T06:31:17.822+0600][29.976s][info][gc,stats    ]   CWRF: <total>                      33 us
[2026-04-03T06:31:17.822+0600][29.976s][info][gc,stats    ]   CWRF: Weak References              33 us, workers (us):  29,   4,   0, ---, ---, ---, 
[2026-04-03T06:31:17.822+0600][29.976s][info][gc,stats    ] Concurrent Weak Roots              5131 us
[2026-04-03T06:31:17.822+0600][29.976s][info][gc,stats    ]   Roots                            1080 us, parallelism: 2.58x
[2026-04-03T06:31:17.822+0600][29.976s][info][gc,stats    ]     CWR: <total>                   2783 us
[2026-04-03T06:31:17.822+0600][29.976s][info][gc,stats    ]     CWR: Code Cache Roots          2174 us, workers (us): 688, 734, 753, ---, ---, ---, 
[2026-04-03T06:31:17.822+0600][29.976s][info][gc,stats    ]     CWR: VM Weak Roots              588 us, workers (us): 198, 198, 192, ---, ---, ---, 
[2026-04-03T06:31:17.822+0600][29.976s][info][gc,stats    ]     CWR: CLDG Roots                  20 us, workers (us):  20, ---, ---, ---, ---, ---, 
[2026-04-03T06:31:17.822+0600][29.976s][info][gc,stats    ]   Rendezvous                       3889 us
[2026-04-03T06:31:17.822+0600][29.976s][info][gc,stats    ] Concurrent Cleanup                  307 us
[2026-04-03T06:31:17.822+0600][29.976s][info][gc,stats    ] Concurrent Class Unloading        11165 us
[2026-04-03T06:31:17.822+0600][29.976s][info][gc,stats    ]   Unlink Stale                     7746 us
[2026-04-03T06:31:17.822+0600][29.976s][info][gc,stats    ]     System Dictionary                24 us
[2026-04-03T06:31:17.822+0600][29.976s][info][gc,stats    ]     Weak Class Links                  1 us
[2026-04-03T06:31:17.822+0600][29.976s][info][gc,stats    ]     Code Roots                     7717 us
[2026-04-03T06:31:17.822+0600][29.976s][info][gc,stats    ]   Rendezvous                       2281 us
[2026-04-03T06:31:17.822+0600][29.976s][info][gc,stats    ]   Purge Unlinked                    900 us
[2026-04-03T06:31:17.822+0600][29.976s][info][gc,stats    ]     Code Roots                      872 us
[2026-04-03T06:31:17.822+0600][29.976s][info][gc,stats    ]     CLDG                             27 us
[2026-04-03T06:31:17.822+0600][29.976s][info][gc,stats    ]     Exception Caches                  1 us
[2026-04-03T06:31:17.822+0600][29.976s][info][gc,stats    ] Concurrent Strong Roots             322 us, parallelism: 0.35x
[2026-04-03T06:31:17.822+0600][29.976s][info][gc,stats    ]   CSR: <total>                      112 us
[2026-04-03T06:31:17.822+0600][29.976s][info][gc,stats    ]   CSR: VM Strong Roots               14 us, workers (us):  12,   2,   0, ---, ---, ---, 
[2026-04-03T06:31:17.822+0600][29.976s][info][gc,stats    ]   CSR: CLDG Roots                    97 us, workers (us):  97, ---, ---, ---, ---, ---, 
[2026-04-03T06:31:17.822+0600][29.976s][info][gc,stats    ] Concurrent Evacuation             57525 us
[2026-04-03T06:31:17.822+0600][29.976s][info][gc,stats    ] Pause Init Update Refs (G)         4358 us
[2026-04-03T06:31:17.822+0600][29.976s][info][gc,stats    ] Pause Init Update Refs (N)          212 us
[2026-04-03T06:31:17.822+0600][29.976s][info][gc,stats    ]   Manage GCLABs                      16 us
[2026-04-03T06:31:17.822+0600][29.976s][info][gc,stats    ] Concurrent Update Refs           600997 us
[2026-04-03T06:31:17.822+0600][29.976s][info][gc,stats    ] Concurrent Update Thread Roots     5628 us
[2026-04-03T06:31:17.822+0600][29.976s][info][gc,stats    ] Pause Final Update Refs (G)         887 us
[2026-04-03T06:31:17.822+0600][29.976s][info][gc,stats    ] Pause Final Update Refs (N)         337 us
[2026-04-03T06:31:17.822+0600][29.976s][info][gc,stats    ]   Update Region States               96 us
[2026-04-03T06:31:17.822+0600][29.976s][info][gc,stats    ]   Trash Collection Set               21 us
[2026-04-03T06:31:17.822+0600][29.976s][info][gc,stats    ]   Rebuild Free Set                   49 us
[2026-04-03T06:31:17.822+0600][29.976s][info][gc,stats    ] Concurrent Cleanup                 1130 us
[2026-04-03T06:31:17.822+0600][29.976s][info][gc,stats    ] 
[2026-04-03T06:31:17.822+0600][29.976s][info][gc,stats    ] Allocation pacing accrued:
[2026-04-03T06:31:17.822+0600][29.976s][info][gc,stats    ]       0 of  1837 ms (  0.0%): <total>
[2026-04-03T06:31:17.822+0600][29.976s][info][gc,stats    ]       0 of  1837 ms (  0.0%): <average total>
[2026-04-03T06:31:17.822+0600][29.976s][info][gc,stats    ] 
[2026-04-03T06:31:17.823+0600][29.977s][info][gc,metaspace] Metaspace: 10140K(10304K)->10150K(10304K) NonClass: 9262K(9344K)->9271K(9344K) Class: 878K(960K)->879K(960K)
[2026-04-03T06:31:17.823+0600][29.977s][info][gc,ergo     ] Pacer for Idle. Initial: 80302K, Alloc Tax Rate: 1.0x
[2026-04-03T06:31:17.825+0600][29.979s][info][gc          ] Trigger: Learning 4 of 5. Free (2742M) is below initial threshold (2744M)
[2026-04-03T06:31:17.825+0600][29.979s][info][gc,ergo     ] Free: 2742M, Max: 1024K regular, 1584M humongous, Frag: 43% external, 0% internal; Reserve: 197M, Max: 1024K
[2026-04-03T06:31:17.825+0600][29.979s][info][gc,start    ] GC(11) Concurrent reset
[2026-04-03T06:31:17.825+0600][29.979s][info][gc,task     ] GC(11) Using 3 of 6 workers for concurrent reset
[2026-04-03T06:31:17.825+0600][29.979s][info][gc,ergo     ] GC(11) Pacer for Reset. Non-Taxable: 3921M
[2026-04-03T06:31:17.840+0600][29.994s][info][gc          ] GC(11) Concurrent reset 14.206ms
[2026-04-03T06:31:17.841+0600][29.995s][info][gc,start    ] GC(11) Pause Init Mark (unload classes)
[2026-04-03T06:31:17.842+0600][29.996s][info][gc,task     ] GC(11) Using 6 of 6 workers for init marking
[2026-04-03T06:31:17.842+0600][29.996s][info][gc,ergo     ] GC(11) Pacer for Mark. Expected Live: 434M, Free: 2733M, Non-Taxable: 273M, Alloc Tax Rate: 0.2x
[2026-04-03T06:31:17.842+0600][29.996s][info][gc          ] GC(11) Pause Init Mark (unload classes) 0.323ms
[2026-04-03T06:31:17.842+0600][29.996s][info][gc,start    ] GC(11) Concurrent marking roots
[2026-04-03T06:31:17.842+0600][29.996s][info][gc,task     ] GC(11) Using 3 of 6 workers for concurrent marking roots
[2026-04-03T06:31:17.850+0600][30.004s][info][gc          ] GC(11) Concurrent marking roots 8.264ms
[2026-04-03T06:31:17.850+0600][30.004s][info][gc,start    ] GC(11) Concurrent marking (unload classes)
[2026-04-03T06:31:17.850+0600][30.004s][info][gc,task     ] GC(11) Using 3 of 6 workers for concurrent marking
[2026-04-03T06:31:18.738+0600][30.892s][info][gc          ] GC(11) Concurrent marking (unload classes) 888.079ms
[2026-04-03T06:31:18.739+0600][30.893s][info][gc,start    ] GC(11) Pause Final Mark (unload classes)
[2026-04-03T06:31:18.739+0600][30.893s][info][gc,task     ] GC(11) Using 6 of 6 workers for final marking
[2026-04-03T06:31:18.741+0600][30.895s][info][gc,ergo     ] GC(11) Adaptive CSet Selection. Target Free: 555M, Actual Free: 2566M, Max CSet: 163M, Min Garbage: 0B
[2026-04-03T06:31:18.741+0600][30.895s][info][gc,ergo     ] GC(11) Collectable Garbage: 522M (97%), Immediate: 1024K (0%), CSet: 521M (97%)
[2026-04-03T06:31:18.741+0600][30.895s][info][gc,ergo     ] GC(11) Pacer for Evacuation. Used CSet: 542M, Free: 2370M, Non-Taxable: 237M, Alloc Tax Rate: 1.1x
[2026-04-03T06:31:18.742+0600][30.896s][info][gc          ] GC(11) Pause Final Mark (unload classes) 2.291ms
[2026-04-03T06:31:18.742+0600][30.896s][info][gc,start    ] GC(11) Concurrent thread roots
[2026-04-03T06:31:18.742+0600][30.896s][info][gc,task     ] GC(11) Using 3 of 6 workers for Concurrent thread roots
[2026-04-03T06:31:18.744+0600][30.898s][info][gc          ] GC(11) Concurrent thread roots 2.273ms
[2026-04-03T06:31:18.744+0600][30.898s][info][gc,start    ] GC(11) Concurrent weak references
[2026-04-03T06:31:18.744+0600][30.898s][info][gc,task     ] GC(11) Using 3 of 6 workers for concurrent weak references
[2026-04-03T06:31:18.745+0600][30.899s][info][gc,ref      ] GC(11) Encountered references: Soft: 117, Weak: 415, Final: 3, Phantom: 56
[2026-04-03T06:31:18.745+0600][30.899s][info][gc,ref      ] GC(11) Discovered  references: Soft: 0, Weak: 123, Final: 1, Phantom: 35
[2026-04-03T06:31:18.745+0600][30.899s][info][gc,ref      ] GC(11) Enqueued    references: Soft: 0, Weak: 0, Final: 0, Phantom: 0
[2026-04-03T06:31:18.745+0600][30.899s][info][gc          ] GC(11) Concurrent weak references 0.766ms
[2026-04-03T06:31:18.745+0600][30.899s][info][gc,start    ] GC(11) Concurrent weak roots
[2026-04-03T06:31:18.745+0600][30.899s][info][gc,task     ] GC(11) Using 3 of 6 workers for concurrent weak root
[2026-04-03T06:31:18.757+0600][30.911s][info][gc          ] GC(11) Concurrent weak roots 11.971ms
[2026-04-03T06:31:18.757+0600][30.911s][info][gc,start    ] GC(11) Concurrent cleanup
[2026-04-03T06:31:18.758+0600][30.912s][info][gc          ] GC(11) Concurrent cleanup 1366M->1365M(1526M) 0.353ms
[2026-04-03T06:31:18.758+0600][30.912s][info][gc,ergo     ] GC(11) Free: 2358M, Max: 1024K regular, 1584M humongous, Frag: 33% external, 0% internal; Reserve: 196M, Max: 1024K
[2026-04-03T06:31:18.758+0600][30.912s][info][gc,start    ] GC(11) Concurrent class unloading
[2026-04-03T06:31:18.758+0600][30.912s][info][gc,task     ] GC(11) Using 3 of 6 workers for concurrent class unloading
[2026-04-03T06:31:18.773+0600][30.927s][info][gc          ] GC(11) Concurrent class unloading 15.156ms
[2026-04-03T06:31:18.773+0600][30.927s][info][gc,start    ] GC(11) Concurrent strong roots
[2026-04-03T06:31:18.773+0600][30.927s][info][gc,task     ] GC(11) Using 3 of 6 workers for concurrent strong root
[2026-04-03T06:31:18.773+0600][30.928s][info][gc          ] GC(11) Concurrent strong roots 0.314ms
[2026-04-03T06:31:18.774+0600][30.928s][info][gc,start    ] GC(11) Concurrent evacuation
[2026-04-03T06:31:18.774+0600][30.928s][info][gc,task     ] GC(11) Using 3 of 6 workers for concurrent evacuation
[2026-04-03T06:31:18.808+0600][30.962s][info][gc          ] GC(11) Concurrent evacuation 34.654ms
[2026-04-03T06:31:18.809+0600][30.963s][info][gc,start    ] GC(11) Pause Init Update Refs
[2026-04-03T06:31:18.809+0600][30.963s][info][gc,ergo     ] GC(11) Pacer for Update Refs. Used: 1405M, Free: 2341M, Non-Taxable: 234M, Alloc Tax Rate: 1.1x
[2026-04-03T06:31:18.809+0600][30.963s][info][gc          ] GC(11) Pause Init Update Refs 0.075ms
[2026-04-03T06:31:18.813+0600][30.967s][info][gc,start    ] GC(11) Concurrent update references
[2026-04-03T06:31:18.813+0600][30.967s][info][gc,task     ] GC(11) Using 3 of 6 workers for concurrent reference update
[2026-04-03T06:31:19.512+0600][31.666s][info][gc          ] GC(11) Concurrent update references 698.975ms
[2026-04-03T06:31:19.512+0600][31.666s][info][gc,start    ] GC(11) Concurrent update thread roots
[2026-04-03T06:31:19.518+0600][31.672s][info][gc          ] GC(11) Concurrent update thread roots 5.781ms
[2026-04-03T06:31:19.519+0600][31.673s][info][gc,start    ] GC(11) Pause Final Update Refs
[2026-04-03T06:31:19.519+0600][31.673s][info][gc,task     ] GC(11) Using 6 of 6 workers for final reference update
[2026-04-03T06:31:19.519+0600][31.673s][info][gc          ] GC(11) Pause Final Update Refs 0.236ms
[2026-04-03T06:31:19.521+0600][31.675s][info][gc,start    ] GC(11) Concurrent cleanup
[2026-04-03T06:31:19.522+0600][31.676s][info][gc          ] GC(11) Concurrent cleanup 1622M->1081M(1626M) 1.081ms
[2026-04-03T06:31:19.522+0600][31.676s][info][gc,ergo     ] Free: 2642M, Max: 1024K regular, 1579M humongous, Frag: 41% external, 0% internal; Reserve: 197M, Max: 1024K
[2026-04-03T06:31:19.522+0600][31.676s][info][gc,stats    ] 
[2026-04-03T06:31:19.522+0600][31.676s][info][gc,stats    ] All times are wall-clock times, except per-root-class counters, that are sum over
[2026-04-03T06:31:19.522+0600][31.676s][info][gc,stats    ] all workers. Dividing the <total> over the root stage time estimates parallelism.
[2026-04-03T06:31:19.522+0600][31.676s][info][gc,stats    ] 
[2026-04-03T06:31:19.522+0600][31.676s][info][gc,stats    ] Concurrent Reset                  14343 us
[2026-04-03T06:31:19.522+0600][31.676s][info][gc,stats    ] Pause Init Mark (G)                2195 us
[2026-04-03T06:31:19.522+0600][31.676s][info][gc,stats    ] Pause Init Mark (N)                 344 us
[2026-04-03T06:31:19.522+0600][31.676s][info][gc,stats    ]   Update Region States              109 us
[2026-04-03T06:31:19.522+0600][31.676s][info][gc,stats    ] Concurrent Mark Roots              8411 us, parallelism: 1.32x
[2026-04-03T06:31:19.522+0600][31.676s][info][gc,stats    ]   CMR: <total>                    11062 us
[2026-04-03T06:31:19.522+0600][31.676s][info][gc,stats    ]   CMR: Thread Roots               10888 us, workers (us): 7814, 3060,  14, ---, ---, ---, 
[2026-04-03T06:31:19.522+0600][31.676s][info][gc,stats    ]   CMR: VM Strong Roots               23 us, workers (us):  19,   2,   2, ---, ---, ---, 
[2026-04-03T06:31:19.522+0600][31.676s][info][gc,stats    ]   CMR: CLDG Roots                   150 us, workers (us): 150, ---, ---, ---, ---, ---, 
[2026-04-03T06:31:19.522+0600][31.676s][info][gc,stats    ] Concurrent Marking               888230 us
[2026-04-03T06:31:19.522+0600][31.677s][info][gc,stats    ] Pause Final Mark (G)               3391 us
[2026-04-03T06:31:19.522+0600][31.677s][info][gc,stats    ] Pause Final Mark (N)               2320 us
[2026-04-03T06:31:19.522+0600][31.677s][info][gc,stats    ]   Finish Mark                       977 us
[2026-04-03T06:31:19.523+0600][31.677s][info][gc,stats    ]   Update Region States              131 us
[2026-04-03T06:31:19.523+0600][31.677s][info][gc,stats    ]   Choose Collection Set             821 us
[2026-04-03T06:31:19.523+0600][31.677s][info][gc,stats    ]   Rebuild Free Set                  117 us
[2026-04-03T06:31:19.523+0600][31.677s][info][gc,stats    ] Concurrent Thread Roots            2404 us, parallelism: 0.22x
[2026-04-03T06:31:19.523+0600][31.677s][info][gc,stats    ]   CTR: <total>                      531 us
[2026-04-03T06:31:19.523+0600][31.677s][info][gc,stats    ]   CTR: Thread Roots                 531 us, workers (us): 268, 262,   0, ---, ---, ---, 
[2026-04-03T06:31:19.523+0600][31.677s][info][gc,stats    ] Concurrent Weak References          787 us, parallelism: 0.05x
[2026-04-03T06:31:19.523+0600][31.677s][info][gc,stats    ]   CWRF: <total>                      40 us
[2026-04-03T06:31:19.523+0600][31.677s][info][gc,stats    ]   CWRF: Weak References              40 us, workers (us):  39,   0,   0, ---, ---, ---, 
[2026-04-03T06:31:19.523+0600][31.677s][info][gc,stats    ] Concurrent Weak Roots             12132 us
[2026-04-03T06:31:19.523+0600][31.677s][info][gc,stats    ]   Roots                            2022 us, parallelism: 1.89x
[2026-04-03T06:31:19.523+0600][31.677s][info][gc,stats    ]     CWR: <total>                   3827 us
[2026-04-03T06:31:19.523+0600][31.677s][info][gc,stats    ]     CWR: Code Cache Roots          3345 us, workers (us): 1322, 1321, 701, ---, ---, ---, 
[2026-04-03T06:31:19.523+0600][31.677s][info][gc,stats    ]     CWR: VM Weak Roots              472 us, workers (us): 266, 203,   3, ---, ---, ---, 
[2026-04-03T06:31:19.523+0600][31.677s][info][gc,stats    ]     CWR: CLDG Roots                  10 us, workers (us): ---,  10, ---, ---, ---, ---, 
[2026-04-03T06:31:19.523+0600][31.677s][info][gc,stats    ]   Rendezvous                       9862 us
[2026-04-03T06:31:19.523+0600][31.677s][info][gc,stats    ] Concurrent Cleanup                  402 us
[2026-04-03T06:31:19.523+0600][31.677s][info][gc,stats    ] Concurrent Class Unloading        15351 us
[2026-04-03T06:31:19.523+0600][31.677s][info][gc,stats    ]   Unlink Stale                     9428 us
[2026-04-03T06:31:19.523+0600][31.677s][info][gc,stats    ]     System Dictionary                29 us
[2026-04-03T06:31:19.523+0600][31.677s][info][gc,stats    ]     Weak Class Links                  1 us
[2026-04-03T06:31:19.523+0600][31.677s][info][gc,stats    ]     Code Roots                     9391 us
[2026-04-03T06:31:19.523+0600][31.677s][info][gc,stats    ]   Rendezvous                       4799 us
[2026-04-03T06:31:19.523+0600][31.677s][info][gc,stats    ]   Purge Unlinked                    859 us
[2026-04-03T06:31:19.523+0600][31.677s][info][gc,stats    ]     Code Roots                      838 us
[2026-04-03T06:31:19.523+0600][31.677s][info][gc,stats    ]     CLDG                             20 us
[2026-04-03T06:31:19.523+0600][31.677s][info][gc,stats    ]     Exception Caches                  0 us
[2026-04-03T06:31:19.523+0600][31.677s][info][gc,stats    ] Concurrent Strong Roots             364 us, parallelism: 0.32x
[2026-04-03T06:31:19.523+0600][31.677s][info][gc,stats    ]   CSR: <total>                      115 us
[2026-04-03T06:31:19.523+0600][31.677s][info][gc,stats    ]   CSR: VM Strong Roots               14 us, workers (us):  11,   3,   0, ---, ---, ---, 
[2026-04-03T06:31:19.523+0600][31.677s][info][gc,stats    ]   CSR: CLDG Roots                   101 us, workers (us): 101, ---, ---, ---, ---, ---, 
[2026-04-03T06:31:19.523+0600][31.677s][info][gc,stats    ] Concurrent Evacuation             34845 us
[2026-04-03T06:31:19.523+0600][31.677s][info][gc,stats    ] Pause Init Update Refs (G)         4886 us
[2026-04-03T06:31:19.523+0600][31.677s][info][gc,stats    ] Pause Init Update Refs (N)           89 us
[2026-04-03T06:31:19.523+0600][31.677s][info][gc,stats    ]   Manage GCLABs                      16 us
[2026-04-03T06:31:19.523+0600][31.677s][info][gc,stats    ] Concurrent Update Refs           699118 us
[2026-04-03T06:31:19.523+0600][31.677s][info][gc,stats    ] Concurrent Update Thread Roots     5923 us
[2026-04-03T06:31:19.523+0600][31.677s][info][gc,stats    ] Pause Final Update Refs (G)        2529 us
[2026-04-03T06:31:19.523+0600][31.677s][info][gc,stats    ] Pause Final Update Refs (N)         254 us
[2026-04-03T06:31:19.523+0600][31.677s][info][gc,stats    ]   Update Region States               84 us
[2026-04-03T06:31:19.523+0600][31.677s][info][gc,stats    ]   Trash Collection Set               15 us
[2026-04-03T06:31:19.523+0600][31.677s][info][gc,stats    ]   Rebuild Free Set                   46 us
[2026-04-03T06:31:19.523+0600][31.677s][info][gc,stats    ] Concurrent Cleanup                 1186 us
[2026-04-03T06:31:19.523+0600][31.677s][info][gc,stats    ] 
[2026-04-03T06:31:19.523+0600][31.677s][info][gc,stats    ] Allocation pacing accrued:
[2026-04-03T06:31:19.523+0600][31.677s][info][gc,stats    ]       0 of  1701 ms (  0.0%): <total>
[2026-04-03T06:31:19.523+0600][31.677s][info][gc,stats    ]       0 of  1701 ms (  0.0%): <average total>
[2026-04-03T06:31:19.523+0600][31.677s][info][gc,stats    ] 
[2026-04-03T06:31:19.523+0600][31.677s][info][gc,metaspace] Metaspace: 10150K(10304K)->10156K(10368K) NonClass: 9271K(9344K)->9277K(9408K) Class: 879K(960K)->879K(960K)
[2026-04-03T06:31:19.523+0600][31.677s][info][gc,ergo     ] Pacer for Idle. Initial: 80302K, Alloc Tax Rate: 1.0x
[2026-04-03T06:31:19.525+0600][31.679s][info][gc          ] Trigger: Learning 5 of 5. Free (2641M) is below initial threshold (2744M)
[2026-04-03T06:31:19.525+0600][31.679s][info][gc,ergo     ] Free: 2641M, Max: 1024K regular, 1579M humongous, Frag: 41% external, 0% internal; Reserve: 197M, Max: 1024K
[2026-04-03T06:31:19.525+0600][31.679s][info][gc,start    ] GC(12) Concurrent reset
[2026-04-03T06:31:19.525+0600][31.679s][info][gc,task     ] GC(12) Using 3 of 6 workers for concurrent reset
[2026-04-03T06:31:19.525+0600][31.679s][info][gc,ergo     ] GC(12) Pacer for Reset. Non-Taxable: 3921M
[2026-04-03T06:31:19.539+0600][31.693s][info][gc          ] GC(12) Concurrent reset 14.609ms
[2026-04-03T06:31:19.540+0600][31.694s][info][gc,start    ] GC(12) Pause Init Mark (unload classes)
[2026-04-03T06:31:19.540+0600][31.694s][info][gc,task     ] GC(12) Using 6 of 6 workers for init marking
[2026-04-03T06:31:19.540+0600][31.694s][info][gc,ergo     ] GC(12) Pacer for Mark. Expected Live: 443M, Free: 2632M, Non-Taxable: 263M, Alloc Tax Rate: 0.2x
[2026-04-03T06:31:19.540+0600][31.694s][info][gc          ] GC(12) Pause Init Mark (unload classes) 0.140ms
[2026-04-03T06:31:19.549+0600][31.703s][info][gc,start    ] GC(12) Concurrent marking roots
[2026-04-03T06:31:19.549+0600][31.703s][info][gc,task     ] GC(12) Using 3 of 6 workers for concurrent marking roots
[2026-04-03T06:31:19.550+0600][31.704s][info][gc          ] GC(12) Concurrent marking roots 0.630ms
[2026-04-03T06:31:19.550+0600][31.704s][info][gc,start    ] GC(12) Concurrent marking (unload classes)
[2026-04-03T06:31:19.550+0600][31.704s][info][gc,task     ] GC(12) Using 3 of 6 workers for concurrent marking
[2026-04-03T06:31:20.427+0600][32.581s][info][gc          ] GC(12) Concurrent marking (unload classes) 876.611ms
[2026-04-03T06:31:20.427+0600][32.581s][info][gc,start    ] GC(12) Pause Final Mark (unload classes)
[2026-04-03T06:31:20.427+0600][32.581s][info][gc,task     ] GC(12) Using 6 of 6 workers for final marking
[2026-04-03T06:31:20.428+0600][32.582s][info][gc,ergo     ] GC(12) Adaptive CSet Selection. Target Free: 555M, Actual Free: 2412M, Max CSet: 163M, Min Garbage: 0B
[2026-04-03T06:31:20.428+0600][32.582s][info][gc,ergo     ] GC(12) Collectable Garbage: 618M (97%), Immediate: 0B (0%), CSet: 618M (97%)
[2026-04-03T06:31:20.428+0600][32.582s][info][gc,ergo     ] GC(12) Pacer for Evacuation. Used CSet: 642M, Free: 2216M, Non-Taxable: 221M, Alloc Tax Rate: 1.1x
[2026-04-03T06:31:20.428+0600][32.582s][info][gc          ] GC(12) Pause Final Mark (unload classes) 1.108ms
[2026-04-03T06:31:20.428+0600][32.582s][info][gc,start    ] GC(12) Concurrent thread roots
[2026-04-03T06:31:20.429+0600][32.583s][info][gc,task     ] GC(12) Using 3 of 6 workers for Concurrent thread roots
[2026-04-03T06:31:20.429+0600][32.583s][info][gc          ] GC(12) Concurrent thread roots 0.531ms
[2026-04-03T06:31:20.429+0600][32.583s][info][gc,start    ] GC(12) Concurrent weak references
[2026-04-03T06:31:20.429+0600][32.583s][info][gc,task     ] GC(12) Using 3 of 6 workers for concurrent weak references
[2026-04-03T06:31:20.429+0600][32.583s][info][gc,ref      ] GC(12) Encountered references: Soft: 117, Weak: 415, Final: 3, Phantom: 56
[2026-04-03T06:31:20.429+0600][32.583s][info][gc,ref      ] GC(12) Discovered  references: Soft: 0, Weak: 131, Final: 1, Phantom: 36
[2026-04-03T06:31:20.429+0600][32.583s][info][gc,ref      ] GC(12) Enqueued    references: Soft: 0, Weak: 0, Final: 0, Phantom: 0
[2026-04-03T06:31:20.429+0600][32.583s][info][gc          ] GC(12) Concurrent weak references 0.180ms
[2026-04-03T06:31:20.429+0600][32.583s][info][gc,start    ] GC(12) Concurrent weak roots
[2026-04-03T06:31:20.429+0600][32.583s][info][gc,task     ] GC(12) Using 3 of 6 workers for concurrent weak root
[2026-04-03T06:31:20.437+0600][32.591s][info][gc          ] GC(12) Concurrent weak roots 8.047ms
[2026-04-03T06:31:20.437+0600][32.591s][info][gc,start    ] GC(12) Concurrent cleanup
[2026-04-03T06:31:20.438+0600][32.592s][info][gc          ] GC(12) Concurrent cleanup 1515M->1516M(1626M) 0.746ms
[2026-04-03T06:31:20.438+0600][32.592s][info][gc,ergo     ] GC(12) Free: 2207M, Max: 1024K regular, 1579M humongous, Frag: 29% external, 0% internal; Reserve: 196M, Max: 1024K
[2026-04-03T06:31:20.438+0600][32.592s][info][gc,start    ] GC(12) Concurrent class unloading
[2026-04-03T06:31:20.438+0600][32.592s][info][gc,task     ] GC(12) Using 3 of 6 workers for concurrent class unloading
[2026-04-03T06:31:20.453+0600][32.607s][info][gc          ] GC(12) Concurrent class unloading 14.745ms
[2026-04-03T06:31:20.453+0600][32.607s][info][gc,start    ] GC(12) Concurrent strong roots
[2026-04-03T06:31:20.453+0600][32.607s][info][gc,task     ] GC(12) Using 3 of 6 workers for concurrent strong root
[2026-04-03T06:31:20.454+0600][32.608s][info][gc          ] GC(12) Concurrent strong roots 0.287ms
[2026-04-03T06:31:20.454+0600][32.608s][info][gc,start    ] GC(12) Concurrent evacuation
[2026-04-03T06:31:20.454+0600][32.608s][info][gc,task     ] GC(12) Using 3 of 6 workers for concurrent evacuation
[2026-04-03T06:31:20.509+0600][32.663s][info][gc          ] GC(12) Concurrent evacuation 55.220ms
[2026-04-03T06:31:20.512+0600][32.666s][info][gc,start    ] GC(12) Pause Init Update Refs
[2026-04-03T06:31:20.512+0600][32.666s][info][gc,ergo     ] GC(12) Pacer for Update Refs. Used: 1577M, Free: 2173M, Non-Taxable: 217M, Alloc Tax Rate: 1.1x
[2026-04-03T06:31:20.512+0600][32.666s][info][gc          ] GC(12) Pause Init Update Refs 0.142ms
[2026-04-03T06:31:20.512+0600][32.666s][info][gc,start    ] GC(12) Concurrent update references
[2026-04-03T06:31:20.512+0600][32.666s][info][gc,task     ] GC(12) Using 3 of 6 workers for concurrent reference update
[2026-04-03T06:31:21.324+0600][33.478s][info][gc          ] GC(12) Concurrent update references 812.036ms
[2026-04-03T06:31:21.324+0600][33.478s][info][gc,start    ] GC(12) Concurrent update thread roots
[2026-04-03T06:31:21.334+0600][33.488s][info][gc          ] GC(12) Concurrent update thread roots 10.182ms
[2026-04-03T06:31:21.335+0600][33.489s][info][gc,start    ] GC(12) Pause Final Update Refs
[2026-04-03T06:31:21.335+0600][33.489s][info][gc,task     ] GC(12) Using 6 of 6 workers for final reference update
[2026-04-03T06:31:21.335+0600][33.489s][info][gc          ] GC(12) Pause Final Update Refs 0.285ms
[2026-04-03T06:31:21.335+0600][33.489s][info][gc,start    ] GC(12) Concurrent cleanup
[2026-04-03T06:31:21.339+0600][33.493s][info][gc          ] GC(12) Concurrent cleanup 1811M->1175M(1815M) 4.015ms
[2026-04-03T06:31:21.340+0600][33.494s][info][gc,ergo     ] Free: 2548M, Max: 1024K regular, 1573M humongous, Frag: 39% external, 0% internal; Reserve: 197M, Max: 1024K
[2026-04-03T06:31:21.340+0600][33.494s][info][gc,stats    ] 
[2026-04-03T06:31:21.340+0600][33.494s][info][gc,stats    ] All times are wall-clock times, except per-root-class counters, that are sum over
[2026-04-03T06:31:21.340+0600][33.494s][info][gc,stats    ] all workers. Dividing the <total> over the root stage time estimates parallelism.
[2026-04-03T06:31:21.340+0600][33.494s][info][gc,stats    ] 
[2026-04-03T06:31:21.340+0600][33.494s][info][gc,stats    ] Concurrent Reset                  14742 us
[2026-04-03T06:31:21.340+0600][33.494s][info][gc,stats    ] Pause Init Mark (G)                9735 us
[2026-04-03T06:31:21.340+0600][33.494s][info][gc,stats    ] Pause Init Mark (N)                 151 us
[2026-04-03T06:31:21.340+0600][33.494s][info][gc,stats    ]   Update Region States               59 us
[2026-04-03T06:31:21.340+0600][33.494s][info][gc,stats    ] Concurrent Mark Roots               741 us, parallelism: 0.42x
[2026-04-03T06:31:21.340+0600][33.494s][info][gc,stats    ]   CMR: <total>                      312 us
[2026-04-03T06:31:21.340+0600][33.494s][info][gc,stats    ]   CMR: Thread Roots                 173 us, workers (us): 173,   0,   0, ---, ---, ---, 
[2026-04-03T06:31:21.340+0600][33.494s][info][gc,stats    ]   CMR: VM Strong Roots               15 us, workers (us):  14,   0,   0, ---, ---, ---, 
[2026-04-03T06:31:21.340+0600][33.494s][info][gc,stats    ]   CMR: CLDG Roots                   124 us, workers (us): 124, ---, ---, ---, ---, ---, 
[2026-04-03T06:31:21.340+0600][33.494s][info][gc,stats    ] Concurrent Marking               876757 us
[2026-04-03T06:31:21.340+0600][33.494s][info][gc,stats    ] Pause Final Mark (G)               1737 us
[2026-04-03T06:31:21.340+0600][33.494s][info][gc,stats    ] Pause Final Mark (N)               1125 us
[2026-04-03T06:31:21.340+0600][33.494s][info][gc,stats    ]   Finish Mark                       392 us
[2026-04-03T06:31:21.340+0600][33.494s][info][gc,stats    ]   Update Region States               80 us
[2026-04-03T06:31:21.340+0600][33.494s][info][gc,stats    ]   Choose Collection Set             447 us
[2026-04-03T06:31:21.340+0600][33.494s][info][gc,stats    ]   Rebuild Free Set                   63 us
[2026-04-03T06:31:21.340+0600][33.494s][info][gc,stats    ] Concurrent Thread Roots             568 us, parallelism: 1.22x
[2026-04-03T06:31:21.340+0600][33.494s][info][gc,stats    ]   CTR: <total>                      691 us
[2026-04-03T06:31:21.340+0600][33.494s][info][gc,stats    ]   CTR: Thread Roots                 691 us, workers (us): 392, 299,   0, ---, ---, ---, 
[2026-04-03T06:31:21.340+0600][33.494s][info][gc,stats    ] Concurrent Weak References          192 us, parallelism: 0.15x
[2026-04-03T06:31:21.340+0600][33.494s][info][gc,stats    ]   CWRF: <total>                      29 us
[2026-04-03T06:31:21.340+0600][33.494s][info][gc,stats    ]   CWRF: Weak References              29 us, workers (us):  28,   0,   0, ---, ---, ---, 
[2026-04-03T06:31:21.340+0600][33.494s][info][gc,stats    ] Concurrent Weak Roots              8172 us
[2026-04-03T06:31:21.340+0600][33.494s][info][gc,stats    ]   Roots                            2484 us, parallelism: 0.97x
[2026-04-03T06:31:21.340+0600][33.494s][info][gc,stats    ]     CWR: <total>                   2403 us
[2026-04-03T06:31:21.340+0600][33.494s][info][gc,stats    ]     CWR: Code Cache Roots          1862 us, workers (us): 1861,   0,   0, ---, ---, ---, 
[2026-04-03T06:31:21.340+0600][33.494s][info][gc,stats    ]     CWR: VM Weak Roots              528 us, workers (us): 525,   2,   1, ---, ---, ---, 
[2026-04-03T06:31:21.340+0600][33.494s][info][gc,stats    ]     CWR: CLDG Roots                  13 us, workers (us):  13, ---, ---, ---, ---, ---, 
[2026-04-03T06:31:21.340+0600][33.494s][info][gc,stats    ]   Rendezvous                       5533 us
[2026-04-03T06:31:21.340+0600][33.494s][info][gc,stats    ] Concurrent Cleanup                  827 us
[2026-04-03T06:31:21.340+0600][33.494s][info][gc,stats    ] Concurrent Class Unloading        15055 us
[2026-04-03T06:31:21.340+0600][33.494s][info][gc,stats    ]   Unlink Stale                    11215 us
[2026-04-03T06:31:21.340+0600][33.494s][info][gc,stats    ]     System Dictionary                21 us
[2026-04-03T06:31:21.340+0600][33.494s][info][gc,stats    ]     Weak Class Links                  1 us
[2026-04-03T06:31:21.340+0600][33.494s][info][gc,stats    ]     Code Roots                    11189 us
[2026-04-03T06:31:21.340+0600][33.494s][info][gc,stats    ]   Rendezvous                       2333 us
[2026-04-03T06:31:21.340+0600][33.494s][info][gc,stats    ]   Purge Unlinked                   1157 us
[2026-04-03T06:31:21.340+0600][33.494s][info][gc,stats    ]     Code Roots                     1122 us
[2026-04-03T06:31:21.340+0600][33.494s][info][gc,stats    ]     CLDG                             34 us
[2026-04-03T06:31:21.340+0600][33.494s][info][gc,stats    ]     Exception Caches                  0 us
[2026-04-03T06:31:21.340+0600][33.494s][info][gc,stats    ] Concurrent Strong Roots             389 us, parallelism: 0.29x
[2026-04-03T06:31:21.340+0600][33.494s][info][gc,stats    ]   CSR: <total>                      114 us
[2026-04-03T06:31:21.340+0600][33.494s][info][gc,stats    ]   CSR: VM Strong Roots               15 us, workers (us):  14,   1,   0, ---, ---, ---, 
[2026-04-03T06:31:21.340+0600][33.494s][info][gc,stats    ]   CSR: CLDG Roots                    98 us, workers (us):  98, ---, ---, ---, ---, ---, 
[2026-04-03T06:31:21.340+0600][33.494s][info][gc,stats    ] Concurrent Evacuation             55371 us
[2026-04-03T06:31:21.340+0600][33.494s][info][gc,stats    ] Pause Init Update Refs (G)         2775 us
[2026-04-03T06:31:21.340+0600][33.494s][info][gc,stats    ] Pause Init Update Refs (N)          156 us
[2026-04-03T06:31:21.340+0600][33.495s][info][gc,stats    ]   Manage GCLABs                      15 us
[2026-04-03T06:31:21.340+0600][33.495s][info][gc,stats    ] Concurrent Update Refs           812189 us
[2026-04-03T06:31:21.340+0600][33.495s][info][gc,stats    ] Concurrent Update Thread Roots    10314 us
[2026-04-03T06:31:21.341+0600][33.495s][info][gc,stats    ] Pause Final Update Refs (G)         887 us
[2026-04-03T06:31:21.341+0600][33.495s][info][gc,stats    ] Pause Final Update Refs (N)         309 us
[2026-04-03T06:31:21.341+0600][33.495s][info][gc,stats    ]   Update Region States               87 us
[2026-04-03T06:31:21.341+0600][33.495s][info][gc,stats    ]   Trash Collection Set               22 us
[2026-04-03T06:31:21.341+0600][33.495s][info][gc,stats    ]   Rebuild Free Set                   46 us
[2026-04-03T06:31:21.341+0600][33.495s][info][gc,stats    ] Concurrent Cleanup                 4134 us
[2026-04-03T06:31:21.341+0600][33.495s][info][gc,stats    ] 
[2026-04-03T06:31:21.341+0600][33.495s][info][gc,stats    ] Allocation pacing accrued:
[2026-04-03T06:31:21.341+0600][33.495s][info][gc,stats    ]       0 of  1817 ms (  0.0%): <total>
[2026-04-03T06:31:21.341+0600][33.495s][info][gc,stats    ]       0 of  1817 ms (  0.0%): <average total>
[2026-04-03T06:31:21.341+0600][33.495s][info][gc,stats    ] 
[2026-04-03T06:31:21.341+0600][33.495s][info][gc,metaspace] Metaspace: 10156K(10368K)->10159K(10368K) NonClass: 9277K(9408K)->9279K(9408K) Class: 879K(960K)->879K(960K)
[2026-04-03T06:31:21.341+0600][33.495s][info][gc,ergo     ] Pacer for Idle. Initial: 80302K, Alloc Tax Rate: 1.0x
[2026-04-03T06:31:23.149+0600][35.303s][info][gc          ] Trigger: Average GC time (2185.87 ms) is above the time for average allocation rate (568 MB/s) to deplete free headroom (1240M) (margin of error = 1.83)
[2026-04-03T06:31:23.149+0600][35.303s][info][gc,ergo     ] Free headroom: 1437M (free) - 196M (spike) - 0B (penalties) = 1240M
[2026-04-03T06:31:23.154+0600][35.308s][info][gc,ergo     ] Free: 1435M, Max: 1024K regular, 1435M humongous, Frag: 0% external, 0% internal; Reserve: 197M, Max: 1024K
[2026-04-03T06:31:23.154+0600][35.309s][info][gc,start    ] GC(13) Concurrent reset
[2026-04-03T06:31:23.155+0600][35.309s][info][gc,task     ] GC(13) Using 3 of 6 workers for concurrent reset
[2026-04-03T06:31:23.155+0600][35.309s][info][gc,ergo     ] GC(13) Pacer for Reset. Non-Taxable: 3921M
[2026-04-03T06:31:23.178+0600][35.332s][info][gc          ] GC(13) Concurrent reset 23.268ms
[2026-04-03T06:31:23.179+0600][35.333s][info][gc,start    ] GC(13) Pause Init Mark (unload classes)
[2026-04-03T06:31:23.179+0600][35.333s][info][gc,task     ] GC(13) Using 6 of 6 workers for init marking
[2026-04-03T06:31:23.179+0600][35.334s][info][gc,ergo     ] GC(13) Pacer for Mark. Expected Live: 450M, Free: 1422M, Non-Taxable: 142M, Alloc Tax Rate: 0.4x
[2026-04-03T06:31:23.180+0600][35.334s][info][gc          ] GC(13) Pause Init Mark (unload classes) 0.380ms
[2026-04-03T06:31:23.183+0600][35.337s][info][gc,start    ] GC(13) Concurrent marking roots
[2026-04-03T06:31:23.183+0600][35.337s][info][gc,task     ] GC(13) Using 3 of 6 workers for concurrent marking roots
[2026-04-03T06:31:23.184+0600][35.338s][info][gc          ] GC(13) Concurrent marking roots 1.344ms
[2026-04-03T06:31:23.185+0600][35.339s][info][gc,start    ] GC(13) Concurrent marking (unload classes)
[2026-04-03T06:31:23.185+0600][35.339s][info][gc,task     ] GC(13) Using 3 of 6 workers for concurrent marking
[2026-04-03T06:31:24.037+0600][36.191s][info][gc          ] GC(13) Concurrent marking (unload classes) 852.240ms
[2026-04-03T06:31:24.038+0600][36.192s][info][gc,start    ] GC(13) Pause Final Mark (unload classes)
[2026-04-03T06:31:24.038+0600][36.192s][info][gc,task     ] GC(13) Using 6 of 6 workers for final marking
[2026-04-03T06:31:24.038+0600][36.192s][info][gc,ergo     ] GC(13) Adaptive CSet Selection. Target Free: 555M, Actual Free: 1288M, Max CSet: 163M, Min Garbage: 0B
[2026-04-03T06:31:24.039+0600][36.193s][info][gc,ergo     ] GC(13) Collectable Garbage: 1816M (99%), Immediate: 0B (0%), CSet: 1816M (99%)
[2026-04-03T06:31:24.039+0600][36.193s][info][gc,ergo     ] GC(13) Pacer for Evacuation. Used CSet: 1861M, Free: 1091M, Non-Taxable: 109M, Alloc Tax Rate: 4.2x
[2026-04-03T06:31:24.039+0600][36.193s][info][gc          ] GC(13) Pause Final Mark (unload classes) 1.696ms
[2026-04-03T06:31:24.039+0600][36.193s][info][gc,start    ] GC(13) Concurrent thread roots
[2026-04-03T06:31:24.039+0600][36.193s][info][gc,task     ] GC(13) Using 3 of 6 workers for Concurrent thread roots
[2026-04-03T06:31:24.040+0600][36.194s][info][gc          ] GC(13) Concurrent thread roots 1.122ms
[2026-04-03T06:31:24.040+0600][36.194s][info][gc,start    ] GC(13) Concurrent weak references
[2026-04-03T06:31:24.040+0600][36.194s][info][gc,task     ] GC(13) Using 3 of 6 workers for concurrent weak references
[2026-04-03T06:31:24.041+0600][36.195s][info][gc,ref      ] GC(13) Encountered references: Soft: 117, Weak: 415, Final: 3, Phantom: 56
[2026-04-03T06:31:24.041+0600][36.195s][info][gc,ref      ] GC(13) Discovered  references: Soft: 0, Weak: 208, Final: 1, Phantom: 35
[2026-04-03T06:31:24.041+0600][36.195s][info][gc,ref      ] GC(13) Enqueued    references: Soft: 0, Weak: 0, Final: 0, Phantom: 0
[2026-04-03T06:31:24.041+0600][36.195s][info][gc          ] GC(13) Concurrent weak references 0.196ms
[2026-04-03T06:31:24.041+0600][36.195s][info][gc,start    ] GC(13) Concurrent weak roots
[2026-04-03T06:31:24.041+0600][36.195s][info][gc,task     ] GC(13) Using 3 of 6 workers for concurrent weak root
[2026-04-03T06:31:24.048+0600][36.202s][info][gc          ] GC(13) Concurrent weak roots 7.585ms
[2026-04-03T06:31:24.048+0600][36.202s][info][gc,start    ] GC(13) Concurrent cleanup
[2026-04-03T06:31:24.049+0600][36.203s][info][gc          ] GC(13) Concurrent cleanup 2640M->2640M(2662M) 1.059ms
[2026-04-03T06:31:24.053+0600][36.207s][info][gc,ergo     ] GC(13) Free: 1081M, Max: 1024K regular, 1081M humongous, Frag: 0% external, 0% internal; Reserve: 195M, Max: 1024K
[2026-04-03T06:31:24.053+0600][36.207s][info][gc,start    ] GC(13) Concurrent class unloading
[2026-04-03T06:31:24.053+0600][36.207s][info][gc,task     ] GC(13) Using 3 of 6 workers for concurrent class unloading
[2026-04-03T06:31:24.066+0600][36.220s][info][gc          ] GC(13) Concurrent class unloading 12.212ms
[2026-04-03T06:31:24.066+0600][36.220s][info][gc,start    ] GC(13) Concurrent strong roots
[2026-04-03T06:31:24.066+0600][36.220s][info][gc,task     ] GC(13) Using 3 of 6 workers for concurrent strong root
[2026-04-03T06:31:24.066+0600][36.220s][info][gc          ] GC(13) Concurrent strong roots 0.293ms
[2026-04-03T06:31:24.066+0600][36.220s][info][gc,start    ] GC(13) Concurrent evacuation
[2026-04-03T06:31:24.066+0600][36.220s][info][gc,task     ] GC(13) Using 3 of 6 workers for concurrent evacuation
[2026-04-03T06:31:24.170+0600][36.324s][info][gc          ] GC(13) Concurrent evacuation 103.684ms
[2026-04-03T06:31:24.170+0600][36.324s][info][gc,start    ] GC(13) Pause Init Update Refs
[2026-04-03T06:31:24.170+0600][36.324s][info][gc,ergo     ] GC(13) Pacer for Update Refs. Used: 2728M, Free: 1042M, Non-Taxable: 104M, Alloc Tax Rate: 3.2x
[2026-04-03T06:31:24.170+0600][36.324s][info][gc          ] GC(13) Pause Init Update Refs 0.084ms
[2026-04-03T06:31:24.172+0600][36.326s][info][gc,start    ] GC(13) Concurrent update references
[2026-04-03T06:31:24.172+0600][36.327s][info][gc,task     ] GC(13) Using 3 of 6 workers for concurrent reference update
[2026-04-03T06:31:24.779+0600][36.933s][info][gc          ] GC(13) Concurrent update references 606.920ms
[2026-04-03T06:31:24.779+0600][36.933s][info][gc,start    ] GC(13) Concurrent update thread roots
[2026-04-03T06:31:24.783+0600][36.937s][info][gc          ] GC(13) Concurrent update thread roots 3.816ms
[2026-04-03T06:31:24.784+0600][36.938s][info][gc,start    ] GC(13) Pause Final Update Refs
[2026-04-03T06:31:24.785+0600][36.939s][info][gc,task     ] GC(13) Using 6 of 6 workers for final reference update
[2026-04-03T06:31:24.785+0600][36.939s][info][gc          ] GC(13) Pause Final Update Refs 0.238ms
[2026-04-03T06:31:24.788+0600][36.942s][info][gc,start    ] GC(13) Concurrent cleanup
[2026-04-03T06:31:24.789+0600][36.943s][info][gc          ] GC(13) Concurrent cleanup 2956M->1100M(2959M) 1.147ms
[2026-04-03T06:31:24.790+0600][36.944s][info][gc,ergo     ] Free: 2622M, Max: 1024K regular, 1319M humongous, Frag: 50% external, 9% internal; Reserve: 197M, Max: 1024K
[2026-04-03T06:31:24.790+0600][36.944s][info][gc,stats    ] 
[2026-04-03T06:31:24.790+0600][36.944s][info][gc,stats    ] All times are wall-clock times, except per-root-class counters, that are sum over
[2026-04-03T06:31:24.790+0600][36.944s][info][gc,stats    ] all workers. Dividing the <total> over the root stage time estimates parallelism.
[2026-04-03T06:31:24.790+0600][36.944s][info][gc,stats    ] 
[2026-04-03T06:31:24.790+0600][36.944s][info][gc,stats    ] Concurrent Reset                  23402 us
[2026-04-03T06:31:24.790+0600][36.944s][info][gc,stats    ] Pause Init Mark (G)                5194 us
[2026-04-03T06:31:24.790+0600][36.944s][info][gc,stats    ] Pause Init Mark (N)                 394 us
[2026-04-03T06:31:24.790+0600][36.944s][info][gc,stats    ]   Update Region States               76 us
[2026-04-03T06:31:24.790+0600][36.944s][info][gc,stats    ] Concurrent Mark Roots              1681 us, parallelism: 0.29x
[2026-04-03T06:31:24.790+0600][36.944s][info][gc,stats    ]   CMR: <total>                      485 us
[2026-04-03T06:31:24.790+0600][36.944s][info][gc,stats    ]   CMR: Thread Roots                 331 us, workers (us): 195, 137,   0, ---, ---, ---, 
[2026-04-03T06:31:24.790+0600][36.944s][info][gc,stats    ]   CMR: VM Strong Roots               19 us, workers (us):  18,   1,   0, ---, ---, ---, 
[2026-04-03T06:31:24.790+0600][36.944s][info][gc,stats    ]   CMR: CLDG Roots                   134 us, workers (us): 134, ---, ---, ---, ---, ---, 
[2026-04-03T06:31:24.790+0600][36.944s][info][gc,stats    ] Concurrent Marking               852369 us
[2026-04-03T06:31:24.790+0600][36.944s][info][gc,stats    ] Pause Final Mark (G)               2076 us
[2026-04-03T06:31:24.790+0600][36.944s][info][gc,stats    ] Pause Final Mark (N)               1709 us
[2026-04-03T06:31:24.790+0600][36.944s][info][gc,stats    ]   Finish Mark                       345 us
[2026-04-03T06:31:24.790+0600][36.944s][info][gc,stats    ]   Update Region States               96 us
[2026-04-03T06:31:24.790+0600][36.944s][info][gc,stats    ]   Choose Collection Set             919 us
[2026-04-03T06:31:24.790+0600][36.944s][info][gc,stats    ]   Rebuild Free Set                   71 us
[2026-04-03T06:31:24.790+0600][36.944s][info][gc,stats    ] Concurrent Thread Roots            1213 us, parallelism: 1.07x
[2026-04-03T06:31:24.790+0600][36.944s][info][gc,stats    ]   CTR: <total>                     1303 us
[2026-04-03T06:31:24.790+0600][36.944s][info][gc,stats    ]   CTR: Thread Roots                1303 us, workers (us): 320, 890,  94, ---, ---, ---, 
[2026-04-03T06:31:24.790+0600][36.944s][info][gc,stats    ] Concurrent Weak References          211 us, parallelism: 0.22x
[2026-04-03T06:31:24.790+0600][36.944s][info][gc,stats    ]   CWRF: <total>                      46 us
[2026-04-03T06:31:24.790+0600][36.944s][info][gc,stats    ]   CWRF: Weak References              46 us, workers (us):  44,   2,   0, ---, ---, ---, 
[2026-04-03T06:31:24.790+0600][36.944s][info][gc,stats    ] Concurrent Weak Roots              7726 us
[2026-04-03T06:31:24.790+0600][36.944s][info][gc,stats    ]   Roots                            1531 us, parallelism: 2.25x
[2026-04-03T06:31:24.790+0600][36.944s][info][gc,stats    ]     CWR: <total>                   3447 us
[2026-04-03T06:31:24.790+0600][36.944s][info][gc,stats    ]     CWR: Code Cache Roots          2788 us, workers (us): 867, 1098, 823, ---, ---, ---, 
[2026-04-03T06:31:24.790+0600][36.944s][info][gc,stats    ]     CWR: VM Weak Roots              652 us, workers (us): 328, 323,   1, ---, ---, ---, 
[2026-04-03T06:31:24.790+0600][36.944s][info][gc,stats    ]     CWR: CLDG Roots                   7 us, workers (us):   7, ---, ---, ---, ---, ---, 
[2026-04-03T06:31:24.790+0600][36.944s][info][gc,stats    ]   Rendezvous                       6016 us
[2026-04-03T06:31:24.790+0600][36.944s][info][gc,stats    ] Concurrent Cleanup                 1127 us
[2026-04-03T06:31:24.790+0600][36.944s][info][gc,stats    ] Concurrent Class Unloading        12358 us
[2026-04-03T06:31:24.790+0600][36.944s][info][gc,stats    ]   Unlink Stale                     4603 us
[2026-04-03T06:31:24.790+0600][36.944s][info][gc,stats    ]     System Dictionary                23 us
[2026-04-03T06:31:24.790+0600][36.944s][info][gc,stats    ]     Weak Class Links                  0 us
[2026-04-03T06:31:24.790+0600][36.944s][info][gc,stats    ]     Code Roots                     4575 us
[2026-04-03T06:31:24.790+0600][36.944s][info][gc,stats    ]   Rendezvous                       3635 us
[2026-04-03T06:31:24.790+0600][36.944s][info][gc,stats    ]   Purge Unlinked                   3905 us
[2026-04-03T06:31:24.790+0600][36.944s][info][gc,stats    ]     Code Roots                     3822 us
[2026-04-03T06:31:24.790+0600][36.944s][info][gc,stats    ]     CLDG                             81 us
[2026-04-03T06:31:24.790+0600][36.944s][info][gc,stats    ]     Exception Caches                  0 us
[2026-04-03T06:31:24.790+0600][36.944s][info][gc,stats    ] Concurrent Strong Roots             315 us, parallelism: 0.39x
[2026-04-03T06:31:24.790+0600][36.944s][info][gc,stats    ]   CSR: <total>                      122 us
[2026-04-03T06:31:24.790+0600][36.944s][info][gc,stats    ]   CSR: VM Strong Roots               18 us, workers (us):  10,   7,   0, ---, ---, ---, 
[2026-04-03T06:31:24.790+0600][36.944s][info][gc,stats    ]   CSR: CLDG Roots                   104 us, workers (us): 104, ---, ---, ---, ---, ---, 
[2026-04-03T06:31:24.790+0600][36.944s][info][gc,stats    ] Concurrent Evacuation            103843 us
[2026-04-03T06:31:24.790+0600][36.944s][info][gc,stats    ] Pause Init Update Refs (G)         2417 us
[2026-04-03T06:31:24.790+0600][36.944s][info][gc,stats    ] Pause Init Update Refs (N)           97 us
[2026-04-03T06:31:24.790+0600][36.944s][info][gc,stats    ]   Manage GCLABs                      15 us
[2026-04-03T06:31:24.790+0600][36.945s][info][gc,stats    ] Concurrent Update Refs           607049 us
[2026-04-03T06:31:24.790+0600][36.945s][info][gc,stats    ] Concurrent Update Thread Roots     3935 us
[2026-04-03T06:31:24.791+0600][36.945s][info][gc,stats    ] Pause Final Update Refs (G)        4910 us
[2026-04-03T06:31:24.791+0600][36.945s][info][gc,stats    ] Pause Final Update Refs (N)         256 us
[2026-04-03T06:31:24.791+0600][36.945s][info][gc,stats    ]   Update Region States               70 us
[2026-04-03T06:31:24.791+0600][36.945s][info][gc,stats    ]   Trash Collection Set               25 us
[2026-04-03T06:31:24.791+0600][36.945s][info][gc,stats    ]   Rebuild Free Set                   48 us
[2026-04-03T06:31:24.791+0600][36.945s][info][gc,stats    ] Concurrent Cleanup                 1218 us
[2026-04-03T06:31:24.791+0600][36.945s][info][gc,stats    ] 
[2026-04-03T06:31:24.791+0600][36.945s][info][gc,stats    ] Allocation pacing accrued:
[2026-04-03T06:31:24.791+0600][36.945s][info][gc,stats    ]       0 of  3450 ms (  0.0%): <total>
[2026-04-03T06:31:24.791+0600][36.945s][info][gc,stats    ]       0 of  3450 ms (  0.0%): <average total>
[2026-04-03T06:31:24.791+0600][36.945s][info][gc,stats    ] 
[2026-04-03T06:31:24.791+0600][36.945s][info][gc,metaspace] Metaspace: 10159K(10368K)->10159K(10368K) NonClass: 9279K(9408K)->9279K(9408K) Class: 879K(960K)->879K(960K)
[2026-04-03T06:31:24.791+0600][36.945s][info][gc,ergo     ] Pacer for Idle. Initial: 80302K, Alloc Tax Rate: 1.0x
[2026-04-03T06:31:25.094+0600][37.248s][info][gc          ] Trigger: Average GC time (2024.62 ms) is above the time for average allocation rate (1076 MB/s) to deplete free headroom (2083M) (margin of error = 1.84)
[2026-04-03T06:31:25.094+0600][37.248s][info][gc,ergo     ] Free headroom: 2279M (free) - 196M (spike) - 0B (penalties) = 2083M
[2026-04-03T06:31:25.094+0600][37.249s][info][gc,ergo     ] Free: 2279M, Max: 1024K regular, 1319M humongous, Frag: 43% external, 10% internal; Reserve: 197M, Max: 1024K
[2026-04-03T06:31:25.095+0600][37.249s][info][gc,start    ] GC(14) Concurrent reset
[2026-04-03T06:31:25.095+0600][37.249s][info][gc,task     ] GC(14) Using 3 of 6 workers for concurrent reset
[2026-04-03T06:31:25.095+0600][37.249s][info][gc,ergo     ] GC(14) Pacer for Reset. Non-Taxable: 3921M
[2026-04-03T06:31:25.109+0600][37.263s][info][gc          ] GC(14) Concurrent reset 14.850ms
[2026-04-03T06:31:25.111+0600][37.265s][info][gc,start    ] GC(14) Pause Init Mark (unload classes)
[2026-04-03T06:31:25.111+0600][37.265s][info][gc,task     ] GC(14) Using 6 of 6 workers for init marking
[2026-04-03T06:31:25.111+0600][37.265s][info][gc,ergo     ] GC(14) Pacer for Mark. Expected Live: 455M, Free: 2264M, Non-Taxable: 226M, Alloc Tax Rate: 0.2x
[2026-04-03T06:31:25.111+0600][37.265s][info][gc          ] GC(14) Pause Init Mark (unload classes) 0.273ms
[2026-04-03T06:31:25.112+0600][37.266s][info][gc,start    ] GC(14) Concurrent marking roots
[2026-04-03T06:31:25.112+0600][37.266s][info][gc,task     ] GC(14) Using 3 of 6 workers for concurrent marking roots
[2026-04-03T06:31:25.113+0600][37.267s][info][gc          ] GC(14) Concurrent marking roots 1.171ms
[2026-04-03T06:31:25.113+0600][37.267s][info][gc,start    ] GC(14) Concurrent marking (unload classes)
[2026-04-03T06:31:25.113+0600][37.267s][info][gc,task     ] GC(14) Using 3 of 6 workers for concurrent marking
[2026-04-03T06:31:25.981+0600][38.135s][info][gc          ] GC(14) Concurrent marking (unload classes) 868.205ms
[2026-04-03T06:31:25.982+0600][38.136s][info][gc,start    ] GC(14) Pause Final Mark (unload classes)
[2026-04-03T06:31:25.982+0600][38.136s][info][gc,task     ] GC(14) Using 6 of 6 workers for final marking
[2026-04-03T06:31:25.982+0600][38.136s][info][gc,ergo     ] GC(14) Adaptive CSet Selection. Target Free: 555M, Actual Free: 1932M, Max CSet: 163M, Min Garbage: 0B
[2026-04-03T06:31:25.983+0600][38.137s][info][gc,ergo     ] GC(14) Collectable Garbage: 964M (97%), Immediate: 0B (0%), CSet: 964M (97%)
[2026-04-03T06:31:25.983+0600][38.137s][info][gc,ergo     ] GC(14) Pacer for Evacuation. Used CSet: 996M, Free: 1735M, Non-Taxable: 173M, Alloc Tax Rate: 1.4x
[2026-04-03T06:31:25.983+0600][38.137s][info][gc          ] GC(14) Pause Final Mark (unload classes) 1.421ms
[2026-04-03T06:31:25.984+0600][38.138s][info][gc,start    ] GC(14) Concurrent thread roots
[2026-04-03T06:31:25.984+0600][38.138s][info][gc,task     ] GC(14) Using 3 of 6 workers for Concurrent thread roots
[2026-04-03T06:31:25.987+0600][38.141s][info][gc          ] GC(14) Concurrent thread roots 3.608ms
[2026-04-03T06:31:25.987+0600][38.141s][info][gc,start    ] GC(14) Concurrent weak references
[2026-04-03T06:31:25.987+0600][38.141s][info][gc,task     ] GC(14) Using 3 of 6 workers for concurrent weak references
[2026-04-03T06:31:25.988+0600][38.142s][info][gc,ref      ] GC(14) Encountered references: Soft: 117, Weak: 415, Final: 3, Phantom: 56
[2026-04-03T06:31:25.988+0600][38.142s][info][gc,ref      ] GC(14) Discovered  references: Soft: 0, Weak: 150, Final: 1, Phantom: 35
[2026-04-03T06:31:25.988+0600][38.142s][info][gc,ref      ] GC(14) Enqueued    references: Soft: 0, Weak: 0, Final: 0, Phantom: 0
[2026-04-03T06:31:25.988+0600][38.143s][info][gc          ] GC(14) Concurrent weak references 1.109ms
[2026-04-03T06:31:25.988+0600][38.143s][info][gc,start    ] GC(14) Concurrent weak roots
[2026-04-03T06:31:25.989+0600][38.143s][info][gc,task     ] GC(14) Using 3 of 6 workers for concurrent weak root
[2026-04-03T06:31:26.000+0600][38.154s][info][gc          ] GC(14) Concurrent weak roots 11.794ms
[2026-04-03T06:31:26.000+0600][38.154s][info][gc,start    ] GC(14) Concurrent cleanup
[2026-04-03T06:31:26.001+0600][38.155s][info][gc          ] GC(14) Concurrent cleanup 2002M->2003M(2959M) 0.924ms
[2026-04-03T06:31:26.001+0600][38.156s][info][gc,ergo     ] GC(14) Free: 1721M, Max: 1024K regular, 920M humongous, Frag: 47% external, 0% internal; Reserve: 195M, Max: 1024K
[2026-04-03T06:31:26.001+0600][38.156s][info][gc,start    ] GC(14) Concurrent class unloading
[2026-04-03T06:31:26.002+0600][38.156s][info][gc,task     ] GC(14) Using 3 of 6 workers for concurrent class unloading
[2026-04-03T06:31:26.021+0600][38.175s][info][gc          ] GC(14) Concurrent class unloading 19.153ms
[2026-04-03T06:31:26.021+0600][38.175s][info][gc,start    ] GC(14) Concurrent strong roots
[2026-04-03T06:31:26.021+0600][38.175s][info][gc,task     ] GC(14) Using 3 of 6 workers for concurrent strong root
[2026-04-03T06:31:26.021+0600][38.175s][info][gc          ] GC(14) Concurrent strong roots 0.259ms
[2026-04-03T06:31:26.021+0600][38.175s][info][gc,start    ] GC(14) Concurrent evacuation
[2026-04-03T06:31:26.021+0600][38.175s][info][gc,task     ] GC(14) Using 3 of 6 workers for concurrent evacuation
[2026-04-03T06:31:26.091+0600][38.245s][info][gc          ] GC(14) Concurrent evacuation 69.503ms
[2026-04-03T06:31:26.091+0600][38.245s][info][gc,start    ] GC(14) Pause Init Update Refs
[2026-04-03T06:31:26.091+0600][38.245s][info][gc,ergo     ] GC(14) Pacer for Update Refs. Used: 2091M, Free: 1666M, Non-Taxable: 166M, Alloc Tax Rate: 1.5x
[2026-04-03T06:31:26.091+0600][38.245s][info][gc          ] GC(14) Pause Init Update Refs 0.141ms
[2026-04-03T06:31:26.091+0600][38.245s][info][gc,start    ] GC(14) Concurrent update references
[2026-04-03T06:31:26.091+0600][38.245s][info][gc,task     ] GC(14) Using 3 of 6 workers for concurrent reference update
[2026-04-03T06:31:26.859+0600][39.013s][info][gc          ] GC(14) Concurrent update references 767.384ms
[2026-04-03T06:31:26.859+0600][39.013s][info][gc,start    ] GC(14) Concurrent update thread roots
[2026-04-03T06:31:26.865+0600][39.019s][info][gc          ] GC(14) Concurrent update thread roots 5.900ms
[2026-04-03T06:31:26.865+0600][39.019s][info][gc,start    ] GC(14) Pause Final Update Refs
[2026-04-03T06:31:26.865+0600][39.019s][info][gc,task     ] GC(14) Using 6 of 6 workers for final reference update
[2026-04-03T06:31:26.866+0600][39.020s][info][gc          ] GC(14) Pause Final Update Refs 0.228ms
[2026-04-03T06:31:26.866+0600][39.020s][info][gc,start    ] GC(14) Concurrent cleanup
[2026-04-03T06:31:26.867+0600][39.021s][info][gc          ] GC(14) Concurrent cleanup 2583M->1589M(2959M) 1.384ms
[2026-04-03T06:31:26.867+0600][39.021s][info][gc,ergo     ] Free: 2134M, Max: 1024K regular, 1772M humongous, Frag: 17% external, 0% internal; Reserve: 197M, Max: 1024K
[2026-04-03T06:31:26.868+0600][39.022s][info][gc,stats    ] 
[2026-04-03T06:31:26.868+0600][39.022s][info][gc,stats    ] All times are wall-clock times, except per-root-class counters, that are sum over
[2026-04-03T06:31:26.868+0600][39.022s][info][gc,stats    ] all workers. Dividing the <total> over the root stage time estimates parallelism.
[2026-04-03T06:31:26.868+0600][39.022s][info][gc,stats    ] 
[2026-04-03T06:31:26.868+0600][39.022s][info][gc,stats    ] Concurrent Reset                  14990 us
[2026-04-03T06:31:26.868+0600][39.022s][info][gc,stats    ] Pause Init Mark (G)                1945 us
[2026-04-03T06:31:26.868+0600][39.022s][info][gc,stats    ] Pause Init Mark (N)                 287 us
[2026-04-03T06:31:26.868+0600][39.022s][info][gc,stats    ]   Update Region States              101 us
[2026-04-03T06:31:26.868+0600][39.022s][info][gc,stats    ] Concurrent Mark Roots              1270 us, parallelism: 0.29x
[2026-04-03T06:31:26.868+0600][39.022s][info][gc,stats    ]   CMR: <total>                      370 us
[2026-04-03T06:31:26.868+0600][39.022s][info][gc,stats    ]   CMR: Thread Roots                 220 us, workers (us): 220,   0,   0, ---, ---, ---, 
[2026-04-03T06:31:26.868+0600][39.022s][info][gc,stats    ]   CMR: VM Strong Roots               17 us, workers (us):  16,   0,   0, ---, ---, ---, 
[2026-04-03T06:31:26.868+0600][39.022s][info][gc,stats    ]   CMR: CLDG Roots                   134 us, workers (us): 134, ---, ---, ---, ---, ---, 
[2026-04-03T06:31:26.868+0600][39.022s][info][gc,stats    ] Concurrent Marking               868357 us
[2026-04-03T06:31:26.868+0600][39.022s][info][gc,stats    ] Pause Final Mark (G)               2496 us
[2026-04-03T06:31:26.868+0600][39.022s][info][gc,stats    ] Pause Final Mark (N)               1470 us
[2026-04-03T06:31:26.868+0600][39.022s][info][gc,stats    ]   Finish Mark                       350 us
[2026-04-03T06:31:26.868+0600][39.022s][info][gc,stats    ]   Update Region States              196 us
[2026-04-03T06:31:26.868+0600][39.022s][info][gc,stats    ]   Choose Collection Set             608 us
[2026-04-03T06:31:26.868+0600][39.022s][info][gc,stats    ]   Rebuild Free Set                   57 us
[2026-04-03T06:31:26.868+0600][39.022s][info][gc,stats    ] Concurrent Thread Roots            3734 us, parallelism: 0.09x
[2026-04-03T06:31:26.868+0600][39.022s][info][gc,stats    ]   CTR: <total>                      342 us
[2026-04-03T06:31:26.868+0600][39.022s][info][gc,stats    ]   CTR: Thread Roots                 342 us, workers (us): 342,   0,   0, ---, ---, ---, 
[2026-04-03T06:31:26.868+0600][39.022s][info][gc,stats    ] Concurrent Weak References         1131 us, parallelism: 0.03x
[2026-04-03T06:31:26.868+0600][39.022s][info][gc,stats    ]   CWRF: <total>                      39 us
[2026-04-03T06:31:26.868+0600][39.022s][info][gc,stats    ]   CWRF: Weak References              39 us, workers (us):  37,   2,   0, ---, ---, ---, 
[2026-04-03T06:31:26.868+0600][39.022s][info][gc,stats    ] Concurrent Weak Roots             11931 us
[2026-04-03T06:31:26.868+0600][39.022s][info][gc,stats    ]   Roots                            1194 us, parallelism: 2.64x
[2026-04-03T06:31:26.868+0600][39.022s][info][gc,stats    ]     CWR: <total>                   3147 us
[2026-04-03T06:31:26.868+0600][39.022s][info][gc,stats    ]     CWR: Code Cache Roots          2478 us, workers (us): 798, 854, 826, ---, ---, ---, 
[2026-04-03T06:31:26.868+0600][39.022s][info][gc,stats    ]     CWR: VM Weak Roots              647 us, workers (us): 215, 219, 214, ---, ---, ---, 
[2026-04-03T06:31:26.868+0600][39.022s][info][gc,stats    ]     CWR: CLDG Roots                  22 us, workers (us):  22, ---, ---, ---, ---, ---, 
[2026-04-03T06:31:26.868+0600][39.022s][info][gc,stats    ]   Rendezvous                      10557 us
[2026-04-03T06:31:26.868+0600][39.022s][info][gc,stats    ] Concurrent Cleanup                  995 us
[2026-04-03T06:31:26.868+0600][39.022s][info][gc,stats    ] Concurrent Class Unloading        19273 us
[2026-04-03T06:31:26.868+0600][39.022s][info][gc,stats    ]   Unlink Stale                    11354 us
[2026-04-03T06:31:26.868+0600][39.022s][info][gc,stats    ]     System Dictionary                24 us
[2026-04-03T06:31:26.868+0600][39.022s][info][gc,stats    ]     Weak Class Links                  0 us
[2026-04-03T06:31:26.868+0600][39.022s][info][gc,stats    ]     Code Roots                    11326 us
[2026-04-03T06:31:26.868+0600][39.022s][info][gc,stats    ]   Rendezvous                       7387 us
[2026-04-03T06:31:26.868+0600][39.022s][info][gc,stats    ]   Purge Unlinked                    364 us
[2026-04-03T06:31:26.868+0600][39.022s][info][gc,stats    ]     Code Roots                      338 us
[2026-04-03T06:31:26.868+0600][39.022s][info][gc,stats    ]     CLDG                             25 us
[2026-04-03T06:31:26.868+0600][39.022s][info][gc,stats    ]     Exception Caches                  1 us
[2026-04-03T06:31:26.868+0600][39.022s][info][gc,stats    ] Concurrent Strong Roots             281 us, parallelism: 0.41x
[2026-04-03T06:31:26.868+0600][39.022s][info][gc,stats    ]   CSR: <total>                      115 us
[2026-04-03T06:31:26.868+0600][39.023s][info][gc,stats    ]   CSR: VM Strong Roots               19 us, workers (us):   9,  10,   0, ---, ---, ---, 
[2026-04-03T06:31:26.868+0600][39.023s][info][gc,stats    ]   CSR: CLDG Roots                    96 us, workers (us):  96, ---, ---, ---, ---, ---, 
[2026-04-03T06:31:26.868+0600][39.023s][info][gc,stats    ] Concurrent Evacuation             69650 us
[2026-04-03T06:31:26.869+0600][39.023s][info][gc,stats    ] Pause Init Update Refs (G)          703 us
[2026-04-03T06:31:26.869+0600][39.023s][info][gc,stats    ] Pause Init Update Refs (N)          159 us
[2026-04-03T06:31:26.869+0600][39.023s][info][gc,stats    ]   Manage GCLABs                      16 us
[2026-04-03T06:31:26.869+0600][39.023s][info][gc,stats    ] Concurrent Update Refs           767539 us
[2026-04-03T06:31:26.869+0600][39.023s][info][gc,stats    ] Concurrent Update Thread Roots     6017 us
[2026-04-03T06:31:26.869+0600][39.023s][info][gc,stats    ] Pause Final Update Refs (G)         866 us
[2026-04-03T06:31:26.869+0600][39.023s][info][gc,stats    ] Pause Final Update Refs (N)         254 us
[2026-04-03T06:31:26.869+0600][39.023s][info][gc,stats    ]   Update Region States               88 us
[2026-04-03T06:31:26.869+0600][39.023s][info][gc,stats    ]   Trash Collection Set               21 us
[2026-04-03T06:31:26.869+0600][39.023s][info][gc,stats    ]   Rebuild Free Set                   55 us
[2026-04-03T06:31:26.869+0600][39.023s][info][gc,stats    ] Concurrent Cleanup                 1470 us
[2026-04-03T06:31:26.869+0600][39.023s][info][gc,stats    ] Pacing                          1761315 us
[2026-04-03T06:31:26.869+0600][39.023s][info][gc,stats    ] 
[2026-04-03T06:31:26.869+0600][39.023s][info][gc,stats    ] Allocation pacing accrued:
[2026-04-03T06:31:26.869+0600][39.023s][info][gc,stats    ]     146 of  2078 ms (  7.0%): OE_Thread:0
[2026-04-03T06:31:26.869+0600][39.023s][info][gc,stats    ]     144 of  2078 ms (  6.9%): OE_Thread:1
[2026-04-03T06:31:26.869+0600][39.023s][info][gc,stats    ]     159 of  2078 ms (  7.7%): OE_Thread:2
[2026-04-03T06:31:26.869+0600][39.023s][info][gc,stats    ]     122 of  2078 ms (  5.9%): OE_Thread:3
[2026-04-03T06:31:26.869+0600][39.023s][info][gc,stats    ]     157 of  2078 ms (  7.5%): OE_Thread:4
[2026-04-03T06:31:26.869+0600][39.023s][info][gc,stats    ]     125 of  2078 ms (  6.0%): OE_Thread:5
[2026-04-03T06:31:26.869+0600][39.023s][info][gc,stats    ]     158 of  2078 ms (  7.6%): OE_Thread:6
[2026-04-03T06:31:26.869+0600][39.023s][info][gc,stats    ]     134 of  2078 ms (  6.5%): OE_Thread:7
[2026-04-03T06:31:26.869+0600][39.023s][info][gc,stats    ]     157 of  2078 ms (  7.5%): OE_Thread:8
[2026-04-03T06:31:26.869+0600][39.023s][info][gc,stats    ]     157 of  2078 ms (  7.5%): OE_Thread:9
[2026-04-03T06:31:26.869+0600][39.023s][info][gc,stats    ]     157 of  2078 ms (  7.6%): OE_Thread:10
[2026-04-03T06:31:26.869+0600][39.023s][info][gc,stats    ]     146 of  2078 ms (  7.0%): OE_Thread:11
[2026-04-03T06:31:26.869+0600][39.023s][info][gc,stats    ]    1761 of  2078 ms ( 84.8%): <total>
[2026-04-03T06:31:26.869+0600][39.023s][info][gc,stats    ]      80 of  2078 ms (  3.9%): <average total>
[2026-04-03T06:31:26.869+0600][39.023s][info][gc,stats    ]     147 of  2078 ms (  7.1%): <average non-zero>
[2026-04-03T06:31:26.869+0600][39.023s][info][gc,stats    ] 
[2026-04-03T06:31:26.869+0600][39.023s][info][gc,metaspace] Metaspace: 10159K(10368K)->10159K(10368K) NonClass: 9279K(9408K)->9279K(9408K) Class: 879K(960K)->879K(960K)
[2026-04-03T06:31:26.869+0600][39.023s][info][gc,ergo     ] Pacer for Idle. Initial: 80302K, Alloc Tax Rate: 1.0x
[2026-04-03T06:31:26.971+0600][39.125s][info][gc          ] Trigger: Average GC time (2007.53 ms) is above the time for average allocation rate (1046 MB/s) to deplete free headroom (1811M) (margin of error = 1.86)
[2026-04-03T06:31:26.971+0600][39.125s][info][gc,ergo     ] Free headroom: 2007M (free) - 196M (spike) - 0B (penalties) = 1811M
[2026-04-03T06:31:26.972+0600][39.126s][info][gc,ergo     ] Free: 2007M, Max: 1024K regular, 1772M humongous, Frag: 12% external, 0% internal; Reserve: 197M, Max: 1024K
[2026-04-03T06:31:26.972+0600][39.126s][info][gc,start    ] GC(15) Concurrent reset
[2026-04-03T06:31:26.972+0600][39.126s][info][gc,task     ] GC(15) Using 3 of 6 workers for concurrent reset
[2026-04-03T06:31:26.972+0600][39.126s][info][gc,ergo     ] GC(15) Pacer for Reset. Non-Taxable: 3921M
[2026-04-03T06:31:26.988+0600][39.142s][info][gc          ] GC(15) Concurrent reset 16.397ms
[2026-04-03T06:31:26.989+0600][39.143s][info][gc,start    ] GC(15) Pause Init Mark (unload classes)
[2026-04-03T06:31:26.989+0600][39.143s][info][gc,task     ] GC(15) Using 6 of 6 workers for init marking
[2026-04-03T06:31:26.989+0600][39.143s][info][gc,ergo     ] GC(15) Pacer for Mark. Expected Live: 460M, Free: 1992M, Non-Taxable: 199M, Alloc Tax Rate: 0.3x
[2026-04-03T06:31:26.989+0600][39.143s][info][gc          ] GC(15) Pause Init Mark (unload classes) 0.199ms
[2026-04-03T06:31:26.989+0600][39.143s][info][gc,start    ] GC(15) Concurrent marking roots
[2026-04-03T06:31:26.989+0600][39.143s][info][gc,task     ] GC(15) Using 3 of 6 workers for concurrent marking roots
[2026-04-03T06:31:26.990+0600][39.144s][info][gc          ] GC(15) Concurrent marking roots 0.675ms
[2026-04-03T06:31:26.990+0600][39.144s][info][gc,start    ] GC(15) Concurrent marking (unload classes)
[2026-04-03T06:31:26.990+0600][39.144s][info][gc,task     ] GC(15) Using 3 of 6 workers for concurrent marking
[2026-04-03T06:31:27.757+0600][39.911s][info][gc          ] GC(15) Concurrent marking (unload classes) 767.651ms
[2026-04-03T06:31:27.758+0600][39.912s][info][gc,start    ] GC(15) Pause Final Mark (unload classes)
[2026-04-03T06:31:27.758+0600][39.912s][info][gc,task     ] GC(15) Using 6 of 6 workers for final marking
[2026-04-03T06:31:27.758+0600][39.912s][info][gc,ergo     ] GC(15) Adaptive CSet Selection. Target Free: 555M, Actual Free: 1657M, Max CSet: 163M, Min Garbage: 0B
[2026-04-03T06:31:27.759+0600][39.913s][info][gc,ergo     ] GC(15) Collectable Garbage: 1227M (98%), Immediate: 0B (0%), CSet: 1227M (98%)
[2026-04-03T06:31:27.759+0600][39.913s][info][gc,ergo     ] GC(15) Pacer for Evacuation. Used CSet: 1265M, Free: 1460M, Non-Taxable: 146M, Alloc Tax Rate: 2.1x
[2026-04-03T06:31:27.759+0600][39.913s][info][gc          ] GC(15) Pause Final Mark (unload classes) 1.138ms
[2026-04-03T06:31:27.759+0600][39.913s][info][gc,start    ] GC(15) Concurrent thread roots
[2026-04-03T06:31:27.759+0600][39.913s][info][gc,task     ] GC(15) Using 3 of 6 workers for Concurrent thread roots
[2026-04-03T06:31:27.760+0600][39.914s][info][gc          ] GC(15) Concurrent thread roots 0.394ms
[2026-04-03T06:31:27.760+0600][39.914s][info][gc,start    ] GC(15) Concurrent weak references
[2026-04-03T06:31:27.760+0600][39.914s][info][gc,task     ] GC(15) Using 3 of 6 workers for concurrent weak references
[2026-04-03T06:31:27.760+0600][39.914s][info][gc,ref      ] GC(15) Encountered references: Soft: 117, Weak: 415, Final: 3, Phantom: 56
[2026-04-03T06:31:27.760+0600][39.914s][info][gc,ref      ] GC(15) Discovered  references: Soft: 0, Weak: 142, Final: 1, Phantom: 31
[2026-04-03T06:31:27.760+0600][39.914s][info][gc,ref      ] GC(15) Enqueued    references: Soft: 0, Weak: 0, Final: 0, Phantom: 0
[2026-04-03T06:31:27.760+0600][39.914s][info][gc          ] GC(15) Concurrent weak references 0.246ms
[2026-04-03T06:31:27.760+0600][39.914s][info][gc,start    ] GC(15) Concurrent weak roots
[2026-04-03T06:31:27.760+0600][39.914s][info][gc,task     ] GC(15) Using 3 of 6 workers for concurrent weak root
[2026-04-03T06:31:27.764+0600][39.918s][info][gc          ] GC(15) Concurrent weak roots 4.590ms
[2026-04-03T06:31:27.765+0600][39.919s][info][gc,start    ] GC(15) Concurrent cleanup
[2026-04-03T06:31:27.765+0600][39.919s][info][gc          ] GC(15) Concurrent cleanup 2270M->2270M(2959M) 0.787ms
[2026-04-03T06:31:27.765+0600][39.919s][info][gc,ergo     ] GC(15) Free: 1454M, Max: 1024K regular, 1454M humongous, Frag: 0% external, 0% internal; Reserve: 196M, Max: 1024K
[2026-04-03T06:31:27.765+0600][39.919s][info][gc,start    ] GC(15) Concurrent class unloading
[2026-04-03T06:31:27.765+0600][39.919s][info][gc,task     ] GC(15) Using 3 of 6 workers for concurrent class unloading
[2026-04-03T06:31:27.776+0600][39.930s][info][gc          ] GC(15) Concurrent class unloading 10.278ms
[2026-04-03T06:31:27.776+0600][39.930s][info][gc,start    ] GC(15) Concurrent strong roots
[2026-04-03T06:31:27.776+0600][39.930s][info][gc,task     ] GC(15) Using 3 of 6 workers for concurrent strong root
[2026-04-03T06:31:27.776+0600][39.930s][info][gc          ] GC(15) Concurrent strong roots 0.335ms
[2026-04-03T06:31:27.776+0600][39.930s][info][gc,start    ] GC(15) Concurrent evacuation
[2026-04-03T06:31:27.776+0600][39.930s][info][gc,task     ] GC(15) Using 3 of 6 workers for concurrent evacuation
[2026-04-03T06:31:27.842+0600][39.996s][info][gc          ] GC(15) Concurrent evacuation 65.781ms
[2026-04-03T06:31:27.842+0600][39.996s][info][gc,start    ] GC(15) Pause Init Update Refs
[2026-04-03T06:31:27.842+0600][39.996s][info][gc,ergo     ] GC(15) Pacer for Update Refs. Used: 2370M, Free: 1393M, Non-Taxable: 139M, Alloc Tax Rate: 2.1x
[2026-04-03T06:31:27.842+0600][39.996s][info][gc          ] GC(15) Pause Init Update Refs 0.116ms
[2026-04-03T06:31:27.845+0600][39.999s][info][gc,start    ] GC(15) Concurrent update references
[2026-04-03T06:31:27.845+0600][39.999s][info][gc,task     ] GC(15) Using 3 of 6 workers for concurrent reference update
[2026-04-03T06:31:28.616+0600][40.770s][info][gc          ] GC(15) Concurrent update references 771.612ms
[2026-04-03T06:31:28.616+0600][40.771s][info][gc,start    ] GC(15) Concurrent update thread roots
[2026-04-03T06:31:28.617+0600][40.771s][info][gc          ] GC(15) Concurrent update thread roots 0.652ms
[2026-04-03T06:31:28.617+0600][40.771s][info][gc,start    ] GC(15) Pause Final Update Refs
[2026-04-03T06:31:28.617+0600][40.771s][info][gc,task     ] GC(15) Using 6 of 6 workers for final reference update
[2026-04-03T06:31:28.618+0600][40.772s][info][gc          ] GC(15) Pause Final Update Refs 0.205ms
[2026-04-03T06:31:28.619+0600][40.773s][info][gc,start    ] GC(15) Concurrent cleanup
[2026-04-03T06:31:28.620+0600][40.774s][info][gc          ] GC(15) Concurrent cleanup 2979M->1717M(2980M) 0.545ms
[2026-04-03T06:31:28.620+0600][40.774s][info][gc,ergo     ] Free: 2006M, Max: 1024K regular, 946M humongous, Frag: 53% external, 0% internal; Reserve: 197M, Max: 1024K
[2026-04-03T06:31:28.620+0600][40.774s][info][gc,stats    ] 
[2026-04-03T06:31:28.620+0600][40.774s][info][gc,stats    ] All times are wall-clock times, except per-root-class counters, that are sum over
[2026-04-03T06:31:28.620+0600][40.774s][info][gc,stats    ] all workers. Dividing the <total> over the root stage time estimates parallelism.
[2026-04-03T06:31:28.620+0600][40.774s][info][gc,stats    ] 
[2026-04-03T06:31:28.620+0600][40.774s][info][gc,stats    ] Concurrent Reset                  16512 us
[2026-04-03T06:31:28.620+0600][40.774s][info][gc,stats    ] Pause Init Mark (G)                 880 us
[2026-04-03T06:31:28.620+0600][40.774s][info][gc,stats    ] Pause Init Mark (N)                 214 us
[2026-04-03T06:31:28.620+0600][40.774s][info][gc,stats    ]   Update Region States               71 us
[2026-04-03T06:31:28.620+0600][40.774s][info][gc,stats    ] Concurrent Mark Roots               735 us, parallelism: 0.49x
[2026-04-03T06:31:28.620+0600][40.774s][info][gc,stats    ]   CMR: <total>                      361 us
[2026-04-03T06:31:28.620+0600][40.774s][info][gc,stats    ]   CMR: Thread Roots                 222 us, workers (us): 222,   0,   0, ---, ---, ---, 
[2026-04-03T06:31:28.620+0600][40.774s][info][gc,stats    ]   CMR: VM Strong Roots               17 us, workers (us):  16,   0,   0, ---, ---, ---, 
[2026-04-03T06:31:28.620+0600][40.774s][info][gc,stats    ]   CMR: CLDG Roots                   122 us, workers (us): 122, ---, ---, ---, ---, ---, 
[2026-04-03T06:31:28.620+0600][40.774s][info][gc,stats    ] Concurrent Marking               767785 us
[2026-04-03T06:31:28.620+0600][40.774s][info][gc,stats    ] Pause Final Mark (G)               1608 us
[2026-04-03T06:31:28.620+0600][40.774s][info][gc,stats    ] Pause Final Mark (N)               1149 us
[2026-04-03T06:31:28.620+0600][40.774s][info][gc,stats    ]   Finish Mark                       163 us
[2026-04-03T06:31:28.620+0600][40.774s][info][gc,stats    ]   Update Region States               99 us
[2026-04-03T06:31:28.620+0600][40.774s][info][gc,stats    ]   Choose Collection Set             703 us
[2026-04-03T06:31:28.620+0600][40.774s][info][gc,stats    ]   Rebuild Free Set                   49 us
[2026-04-03T06:31:28.620+0600][40.774s][info][gc,stats    ] Concurrent Thread Roots             449 us, parallelism: 1.05x
[2026-04-03T06:31:28.620+0600][40.774s][info][gc,stats    ]   CTR: <total>                      473 us
[2026-04-03T06:31:28.620+0600][40.774s][info][gc,stats    ]   CTR: Thread Roots                 473 us, workers (us): 235, 179,  59, ---, ---, ---, 
[2026-04-03T06:31:28.620+0600][40.774s][info][gc,stats    ] Concurrent Weak References          259 us, parallelism: 0.12x
[2026-04-03T06:31:28.620+0600][40.774s][info][gc,stats    ]   CWRF: <total>                      32 us
[2026-04-03T06:31:28.620+0600][40.774s][info][gc,stats    ]   CWRF: Weak References              32 us, workers (us):  32,   0,   0, ---, ---, ---, 
[2026-04-03T06:31:28.620+0600][40.774s][info][gc,stats    ] Concurrent Weak Roots              4715 us
[2026-04-03T06:31:28.620+0600][40.774s][info][gc,stats    ]   Roots                            2308 us, parallelism: 1.18x
[2026-04-03T06:31:28.620+0600][40.774s][info][gc,stats    ]     CWR: <total>                   2732 us
[2026-04-03T06:31:28.620+0600][40.774s][info][gc,stats    ]     CWR: Code Cache Roots          2041 us, workers (us): 682, 649, 710, ---, ---, ---, 
[2026-04-03T06:31:28.620+0600][40.774s][info][gc,stats    ]     CWR: VM Weak Roots              670 us, workers (us): 267, 296, 107, ---, ---, ---, 
[2026-04-03T06:31:28.620+0600][40.774s][info][gc,stats    ]     CWR: CLDG Roots                  21 us, workers (us):  21, ---, ---, ---, ---, ---, 
[2026-04-03T06:31:28.620+0600][40.774s][info][gc,stats    ]   Rendezvous                       2235 us
[2026-04-03T06:31:28.620+0600][40.774s][info][gc,stats    ] Concurrent Cleanup                  832 us
[2026-04-03T06:31:28.620+0600][40.774s][info][gc,stats    ] Concurrent Class Unloading        10396 us
[2026-04-03T06:31:28.620+0600][40.774s][info][gc,stats    ]   Unlink Stale                     6756 us
[2026-04-03T06:31:28.620+0600][40.775s][info][gc,stats    ]     System Dictionary                43 us
[2026-04-03T06:31:28.620+0600][40.775s][info][gc,stats    ]     Weak Class Links                  1 us
[2026-04-03T06:31:28.620+0600][40.775s][info][gc,stats    ]     Code Roots                     6709 us
[2026-04-03T06:31:28.621+0600][40.775s][info][gc,stats    ]   Rendezvous                       3176 us
[2026-04-03T06:31:28.621+0600][40.775s][info][gc,stats    ]   Purge Unlinked                    296 us
[2026-04-03T06:31:28.621+0600][40.775s][info][gc,stats    ]     Code Roots                      284 us
[2026-04-03T06:31:28.621+0600][40.775s][info][gc,stats    ]     CLDG                             11 us
[2026-04-03T06:31:28.621+0600][40.775s][info][gc,stats    ]     Exception Caches                  0 us
[2026-04-03T06:31:28.621+0600][40.775s][info][gc,stats    ] Concurrent Strong Roots             376 us, parallelism: 0.29x
[2026-04-03T06:31:28.621+0600][40.775s][info][gc,stats    ]   CSR: <total>                      108 us
[2026-04-03T06:31:28.621+0600][40.775s][info][gc,stats    ]   CSR: VM Strong Roots               14 us, workers (us):  13,   0,   0, ---, ---, ---, 
[2026-04-03T06:31:28.621+0600][40.775s][info][gc,stats    ]   CSR: CLDG Roots                    94 us, workers (us):  94, ---, ---, ---, ---, ---, 
[2026-04-03T06:31:28.621+0600][40.775s][info][gc,stats    ] Concurrent Evacuation             65907 us
[2026-04-03T06:31:28.621+0600][40.775s][info][gc,stats    ] Pause Init Update Refs (G)         2616 us
[2026-04-03T06:31:28.621+0600][40.775s][info][gc,stats    ] Pause Init Update Refs (N)          131 us
[2026-04-03T06:31:28.621+0600][40.775s][info][gc,stats    ]   Manage GCLABs                      11 us
[2026-04-03T06:31:28.621+0600][40.775s][info][gc,stats    ] Concurrent Update Refs           771740 us
[2026-04-03T06:31:28.621+0600][40.775s][info][gc,stats    ] Concurrent Update Thread Roots      696 us
[2026-04-03T06:31:28.621+0600][40.775s][info][gc,stats    ] Pause Final Update Refs (G)        2034 us
[2026-04-03T06:31:28.621+0600][40.775s][info][gc,stats    ] Pause Final Update Refs (N)         218 us
[2026-04-03T06:31:28.621+0600][40.775s][info][gc,stats    ]   Update Region States               71 us
[2026-04-03T06:31:28.621+0600][40.775s][info][gc,stats    ]   Trash Collection Set               21 us
[2026-04-03T06:31:28.621+0600][40.775s][info][gc,stats    ]   Rebuild Free Set                   46 us
[2026-04-03T06:31:28.621+0600][40.775s][info][gc,stats    ] Concurrent Cleanup                  587 us
[2026-04-03T06:31:28.621+0600][40.775s][info][gc,stats    ] Pacing                          1837177 us
[2026-04-03T06:31:28.621+0600][40.775s][info][gc,stats    ] 
[2026-04-03T06:31:28.621+0600][40.775s][info][gc,stats    ] Allocation pacing accrued:
[2026-04-03T06:31:28.621+0600][40.775s][info][gc,stats    ]     143 of  1752 ms (  8.2%): OE_Thread:0
[2026-04-03T06:31:28.621+0600][40.775s][info][gc,stats    ]     166 of  1752 ms (  9.5%): OE_Thread:1
[2026-04-03T06:31:28.621+0600][40.775s][info][gc,stats    ]     145 of  1752 ms (  8.2%): OE_Thread:2
[2026-04-03T06:31:28.621+0600][40.775s][info][gc,stats    ]     145 of  1752 ms (  8.2%): OE_Thread:3
[2026-04-03T06:31:28.621+0600][40.775s][info][gc,stats    ]     166 of  1752 ms (  9.5%): OE_Thread:4
[2026-04-03T06:31:28.621+0600][40.775s][info][gc,stats    ]     147 of  1752 ms (  8.4%): OE_Thread:5
[2026-04-03T06:31:28.621+0600][40.775s][info][gc,stats    ]     156 of  1752 ms (  8.9%): OE_Thread:6
[2026-04-03T06:31:28.621+0600][40.775s][info][gc,stats    ]     146 of  1752 ms (  8.3%): OE_Thread:7
[2026-04-03T06:31:28.621+0600][40.775s][info][gc,stats    ]     166 of  1752 ms (  9.4%): OE_Thread:8
[2026-04-03T06:31:28.621+0600][40.775s][info][gc,stats    ]     168 of  1752 ms (  9.6%): OE_Thread:9
[2026-04-03T06:31:28.621+0600][40.775s][info][gc,stats    ]     144 of  1752 ms (  8.2%): OE_Thread:10
[2026-04-03T06:31:28.621+0600][40.775s][info][gc,stats    ]     146 of  1752 ms (  8.4%): OE_Thread:11
[2026-04-03T06:31:28.621+0600][40.775s][info][gc,stats    ]    1837 of  1752 ms (104.9%): <total>
[2026-04-03T06:31:28.621+0600][40.775s][info][gc,stats    ]      84 of  1752 ms (  4.8%): <average total>
[2026-04-03T06:31:28.621+0600][40.775s][info][gc,stats    ]     153 of  1752 ms (  8.7%): <average non-zero>
[2026-04-03T06:31:28.621+0600][40.775s][info][gc,stats    ] 
[2026-04-03T06:31:28.621+0600][40.775s][info][gc,metaspace] Metaspace: 10159K(10368K)->10159K(10368K) NonClass: 9279K(9408K)->9279K(9408K) Class: 879K(960K)->879K(960K)
[2026-04-03T06:31:28.621+0600][40.775s][info][gc,ergo     ] Pacer for Idle. Initial: 80302K, Alloc Tax Rate: 1.0x
[2026-04-03T06:31:28.706+0600][40.860s][info][gc          ] Trigger: Average GC time (1899.22 ms) is above the time for average allocation rate (899 MB/s) to deplete free headroom (1705M) (margin of error = 1.88)
[2026-04-03T06:31:28.707+0600][40.861s][info][gc,ergo     ] Free headroom: 1901M (free) - 196M (spike) - 0B (penalties) = 1705M
[2026-04-03T06:31:28.707+0600][40.861s][info][gc,ergo     ] Free: 1901M, Max: 1024K regular, 946M humongous, Frag: 51% external, 0% internal; Reserve: 197M, Max: 1024K
[2026-04-03T06:31:28.707+0600][40.861s][info][gc,start    ] GC(16) Concurrent reset
[2026-04-03T06:31:28.707+0600][40.861s][info][gc,task     ] GC(16) Using 3 of 6 workers for concurrent reset
[2026-04-03T06:31:28.707+0600][40.861s][info][gc,ergo     ] GC(16) Pacer for Reset. Non-Taxable: 3921M
[2026-04-03T06:31:28.719+0600][40.873s][info][gc          ] GC(16) Concurrent reset 12.696ms
[2026-04-03T06:31:28.721+0600][40.875s][info][gc,start    ] GC(16) Pause Init Mark (unload classes)
[2026-04-03T06:31:28.721+0600][40.875s][info][gc,task     ] GC(16) Using 6 of 6 workers for init marking
[2026-04-03T06:31:28.722+0600][40.876s][info][gc,ergo     ] GC(16) Pacer for Mark. Expected Live: 466M, Free: 1891M, Non-Taxable: 189M, Alloc Tax Rate: 0.3x
[2026-04-03T06:31:28.722+0600][40.876s][info][gc          ] GC(16) Pause Init Mark (unload classes) 0.400ms
[2026-04-03T06:31:28.728+0600][40.882s][info][gc,start    ] GC(16) Concurrent marking roots
[2026-04-03T06:31:28.728+0600][40.882s][info][gc,task     ] GC(16) Using 3 of 6 workers for concurrent marking roots
[2026-04-03T06:31:28.729+0600][40.883s][info][gc          ] GC(16) Concurrent marking roots 0.723ms
[2026-04-03T06:31:28.729+0600][40.883s][info][gc,start    ] GC(16) Concurrent marking (unload classes)
[2026-04-03T06:31:28.729+0600][40.883s][info][gc,task     ] GC(16) Using 3 of 6 workers for concurrent marking
[2026-04-03T06:31:29.507+0600][41.661s][info][gc          ] GC(16) Concurrent marking (unload classes) 778.142ms
[2026-04-03T06:31:29.508+0600][41.662s][info][gc,start    ] GC(16) Pause Final Mark (unload classes)
[2026-04-03T06:31:29.508+0600][41.662s][info][gc,task     ] GC(16) Using 6 of 6 workers for final marking
[2026-04-03T06:31:29.508+0600][41.663s][info][gc,ergo     ] GC(16) Adaptive CSet Selection. Target Free: 555M, Actual Free: 1558M, Max CSet: 163M, Min Garbage: 0B
[2026-04-03T06:31:29.509+0600][41.663s][info][gc,ergo     ] GC(16) Collectable Garbage: 1319M (98%), Immediate: 0B (0%), CSet: 1319M (98%)
[2026-04-03T06:31:29.509+0600][41.663s][info][gc,ergo     ] GC(16) Pacer for Evacuation. Used CSet: 1360M, Free: 1361M, Non-Taxable: 136M, Alloc Tax Rate: 2.4x
[2026-04-03T06:31:29.509+0600][41.663s][info][gc          ] GC(16) Pause Final Mark (unload classes) 1.664ms
[2026-04-03T06:31:29.510+0600][41.664s][info][gc,start    ] GC(16) Concurrent thread roots
[2026-04-03T06:31:29.511+0600][41.665s][info][gc,task     ] GC(16) Using 3 of 6 workers for Concurrent thread roots
[2026-04-03T06:31:29.516+0600][41.670s][info][gc          ] GC(16) Concurrent thread roots 6.192ms
[2026-04-03T06:31:29.516+0600][41.670s][info][gc,start    ] GC(16) Concurrent weak references
[2026-04-03T06:31:29.516+0600][41.670s][info][gc,task     ] GC(16) Using 3 of 6 workers for concurrent weak references
[2026-04-03T06:31:29.517+0600][41.671s][info][gc,ref      ] GC(16) Encountered references: Soft: 117, Weak: 415, Final: 3, Phantom: 56
[2026-04-03T06:31:29.517+0600][41.671s][info][gc,ref      ] GC(16) Discovered  references: Soft: 0, Weak: 17, Final: 0, Phantom: 19
[2026-04-03T06:31:29.517+0600][41.672s][info][gc,ref      ] GC(16) Enqueued    references: Soft: 0, Weak: 0, Final: 0, Phantom: 0
[2026-04-03T06:31:29.517+0600][41.672s][info][gc          ] GC(16) Concurrent weak references 1.101ms
[2026-04-03T06:31:29.518+0600][41.672s][info][gc,start    ] GC(16) Concurrent weak roots
[2026-04-03T06:31:29.518+0600][41.672s][info][gc,task     ] GC(16) Using 3 of 6 workers for concurrent weak root
[2026-04-03T06:31:29.521+0600][41.675s][info][gc          ] GC(16) Concurrent weak roots 3.879ms
[2026-04-03T06:31:29.522+0600][41.676s][info][gc,start    ] GC(16) Concurrent cleanup
[2026-04-03T06:31:29.522+0600][41.676s][info][gc          ] GC(16) Concurrent cleanup 2372M->2373M(2980M) 0.334ms
[2026-04-03T06:31:29.522+0600][41.676s][info][gc,ergo     ] GC(16) Free: 1351M, Max: 1024K regular, 776M humongous, Frag: 43% external, 0% internal; Reserve: 195M, Max: 1024K
[2026-04-03T06:31:29.522+0600][41.676s][info][gc,start    ] GC(16) Concurrent class unloading
[2026-04-03T06:31:29.522+0600][41.676s][info][gc,task     ] GC(16) Using 3 of 6 workers for concurrent class unloading
[2026-04-03T06:31:29.530+0600][41.684s][info][gc          ] GC(16) Concurrent class unloading 8.299ms
[2026-04-03T06:31:29.530+0600][41.684s][info][gc,start    ] GC(16) Concurrent strong roots
[2026-04-03T06:31:29.530+0600][41.685s][info][gc,task     ] GC(16) Using 3 of 6 workers for concurrent strong root
[2026-04-03T06:31:29.531+0600][41.685s][info][gc          ] GC(16) Concurrent strong roots 0.309ms
[2026-04-03T06:31:29.531+0600][41.685s][info][gc,start    ] GC(16) Concurrent evacuation
[2026-04-03T06:31:29.531+0600][41.685s][info][gc,task     ] GC(16) Using 3 of 6 workers for concurrent evacuation
[2026-04-03T06:31:29.596+0600][41.750s][info][gc          ] GC(16) Concurrent evacuation 65.306ms
[2026-04-03T06:31:29.597+0600][41.751s][info][gc,start    ] GC(16) Pause Init Update Refs
[2026-04-03T06:31:29.597+0600][41.751s][info][gc,ergo     ] GC(16) Pacer for Update Refs. Used: 2460M, Free: 1305M, Non-Taxable: 130M, Alloc Tax Rate: 2.3x
[2026-04-03T06:31:29.597+0600][41.751s][info][gc          ] GC(16) Pause Init Update Refs 0.102ms
[2026-04-03T06:31:29.597+0600][41.751s][info][gc,start    ] GC(16) Concurrent update references
[2026-04-03T06:31:29.597+0600][41.751s][info][gc,task     ] GC(16) Using 3 of 6 workers for concurrent reference update
[2026-04-03T06:31:30.344+0600][42.498s][info][gc          ] GC(16) Concurrent update references 747.155ms
[2026-04-03T06:31:30.344+0600][42.498s][info][gc,start    ] GC(16) Concurrent update thread roots
[2026-04-03T06:31:30.347+0600][42.501s][info][gc          ] GC(16) Concurrent update thread roots 2.114ms
[2026-04-03T06:31:30.347+0600][42.501s][info][gc,start    ] GC(16) Pause Final Update Refs
[2026-04-03T06:31:30.347+0600][42.501s][info][gc,task     ] GC(16) Using 6 of 6 workers for final reference update
[2026-04-03T06:31:30.347+0600][42.501s][info][gc          ] GC(16) Pause Final Update Refs 0.227ms
[2026-04-03T06:31:30.350+0600][42.504s][info][gc,start    ] GC(16) Concurrent cleanup
[2026-04-03T06:31:30.351+0600][42.505s][info][gc          ] GC(16) Concurrent cleanup 3036M->1682M(3037M) 1.230ms
[2026-04-03T06:31:30.352+0600][42.506s][info][gc,ergo     ] Free: 2041M, Max: 1024K regular, 988M humongous, Frag: 52% external, 0% internal; Reserve: 197M, Max: 1024K
[2026-04-03T06:31:30.352+0600][42.506s][info][gc,stats    ] 
[2026-04-03T06:31:30.352+0600][42.506s][info][gc,stats    ] All times are wall-clock times, except per-root-class counters, that are sum over
[2026-04-03T06:31:30.352+0600][42.506s][info][gc,stats    ] all workers. Dividing the <total> over the root stage time estimates parallelism.
[2026-04-03T06:31:30.352+0600][42.506s][info][gc,stats    ] 
[2026-04-03T06:31:30.352+0600][42.506s][info][gc,stats    ] Concurrent Reset                  12851 us
[2026-04-03T06:31:30.352+0600][42.506s][info][gc,stats    ] Pause Init Mark (G)                8661 us
[2026-04-03T06:31:30.352+0600][42.506s][info][gc,stats    ] Pause Init Mark (N)                 423 us
[2026-04-03T06:31:30.352+0600][42.506s][info][gc,stats    ]   Update Region States              147 us
[2026-04-03T06:31:30.352+0600][42.506s][info][gc,stats    ] Concurrent Mark Roots               848 us, parallelism: 0.59x
[2026-04-03T06:31:30.352+0600][42.506s][info][gc,stats    ]   CMR: <total>                      498 us
[2026-04-03T06:31:30.352+0600][42.506s][info][gc,stats    ]   CMR: Thread Roots                 349 us, workers (us): 168, 122,  59, ---, ---, ---, 
[2026-04-03T06:31:30.352+0600][42.506s][info][gc,stats    ]   CMR: VM Strong Roots               25 us, workers (us):  22,   2,   1, ---, ---, ---, 
[2026-04-03T06:31:30.352+0600][42.506s][info][gc,stats    ]   CMR: CLDG Roots                   123 us, workers (us): 123, ---, ---, ---, ---, ---, 
[2026-04-03T06:31:30.352+0600][42.506s][info][gc,stats    ] Concurrent Marking               778295 us
[2026-04-03T06:31:30.352+0600][42.506s][info][gc,stats    ] Pause Final Mark (G)               2667 us
[2026-04-03T06:31:30.352+0600][42.506s][info][gc,stats    ] Pause Final Mark (N)               1684 us
[2026-04-03T06:31:30.352+0600][42.506s][info][gc,stats    ]   Finish Mark                       483 us
[2026-04-03T06:31:30.352+0600][42.506s][info][gc,stats    ]   Update Region States              131 us
[2026-04-03T06:31:30.352+0600][42.506s][info][gc,stats    ]   Choose Collection Set             838 us
[2026-04-03T06:31:30.352+0600][42.506s][info][gc,stats    ]   Rebuild Free Set                   69 us
[2026-04-03T06:31:30.352+0600][42.506s][info][gc,stats    ] Concurrent Thread Roots            6335 us, parallelism: 0.04x
[2026-04-03T06:31:30.352+0600][42.506s][info][gc,stats    ]   CTR: <total>                      250 us
[2026-04-03T06:31:30.352+0600][42.506s][info][gc,stats    ]   CTR: Thread Roots                 250 us, workers (us): 249,   1,   0, ---, ---, ---, 
[2026-04-03T06:31:30.352+0600][42.506s][info][gc,stats    ] Concurrent Weak References         1124 us, parallelism: 0.02x
[2026-04-03T06:31:30.352+0600][42.506s][info][gc,stats    ]   CWRF: <total>                      24 us
[2026-04-03T06:31:30.352+0600][42.506s][info][gc,stats    ]   CWRF: Weak References              24 us, workers (us):  24,   0,   0, ---, ---, ---, 
[2026-04-03T06:31:30.352+0600][42.506s][info][gc,stats    ] Concurrent Weak Roots              3998 us
[2026-04-03T06:31:30.352+0600][42.506s][info][gc,stats    ]   Roots                            1480 us, parallelism: 2.19x
[2026-04-03T06:31:30.352+0600][42.506s][info][gc,stats    ]     CWR: <total>                   3242 us
[2026-04-03T06:31:30.352+0600][42.506s][info][gc,stats    ]     CWR: Code Cache Roots          2557 us, workers (us): 909, 857, 791, ---, ---, ---, 
[2026-04-03T06:31:30.352+0600][42.506s][info][gc,stats    ]     CWR: VM Weak Roots              672 us, workers (us): 348, 320,   4, ---, ---, ---, 
[2026-04-03T06:31:30.352+0600][42.506s][info][gc,stats    ]     CWR: CLDG Roots                  13 us, workers (us): ---,  13, ---, ---, ---, ---, 
[2026-04-03T06:31:30.352+0600][42.506s][info][gc,stats    ]   Rendezvous                       2300 us
[2026-04-03T06:31:30.352+0600][42.506s][info][gc,stats    ] Concurrent Cleanup                  371 us
[2026-04-03T06:31:30.352+0600][42.506s][info][gc,stats    ] Concurrent Class Unloading         8466 us
[2026-04-03T06:31:30.352+0600][42.506s][info][gc,stats    ]   Unlink Stale                     6146 us
[2026-04-03T06:31:30.352+0600][42.506s][info][gc,stats    ]     System Dictionary                22 us
[2026-04-03T06:31:30.352+0600][42.506s][info][gc,stats    ]     Weak Class Links                  1 us
[2026-04-03T06:31:30.352+0600][42.506s][info][gc,stats    ]     Code Roots                     6118 us
[2026-04-03T06:31:30.352+0600][42.506s][info][gc,stats    ]   Rendezvous                       1693 us
[2026-04-03T06:31:30.352+0600][42.506s][info][gc,stats    ]   Purge Unlinked                    401 us
[2026-04-03T06:31:30.352+0600][42.506s][info][gc,stats    ]     Code Roots                      374 us
[2026-04-03T06:31:30.352+0600][42.506s][info][gc,stats    ]     CLDG                             26 us
[2026-04-03T06:31:30.352+0600][42.506s][info][gc,stats    ]     Exception Caches                  0 us
[2026-04-03T06:31:30.352+0600][42.506s][info][gc,stats    ] Concurrent Strong Roots             421 us, parallelism: 0.29x
[2026-04-03T06:31:30.352+0600][42.506s][info][gc,stats    ]   CSR: <total>                      122 us
[2026-04-03T06:31:30.352+0600][42.506s][info][gc,stats    ]   CSR: VM Strong Roots               15 us, workers (us):  12,   3,   0, ---, ---, ---, 
[2026-04-03T06:31:30.352+0600][42.506s][info][gc,stats    ]   CSR: CLDG Roots                   107 us, workers (us): 107, ---, ---, ---, ---, ---, 
[2026-04-03T06:31:30.352+0600][42.506s][info][gc,stats    ] Concurrent Evacuation             65443 us
[2026-04-03T06:31:30.352+0600][42.506s][info][gc,stats    ] Pause Init Update Refs (G)          765 us
[2026-04-03T06:31:30.352+0600][42.506s][info][gc,stats    ] Pause Init Update Refs (N)          122 us
[2026-04-03T06:31:30.352+0600][42.506s][info][gc,stats    ]   Manage GCLABs                      16 us
[2026-04-03T06:31:30.352+0600][42.506s][info][gc,stats    ] Concurrent Update Refs           747300 us
[2026-04-03T06:31:30.352+0600][42.506s][info][gc,stats    ] Concurrent Update Thread Roots     2207 us
[2026-04-03T06:31:30.352+0600][42.506s][info][gc,stats    ] Pause Final Update Refs (G)        3625 us
[2026-04-03T06:31:30.352+0600][42.506s][info][gc,stats    ] Pause Final Update Refs (N)         244 us
[2026-04-03T06:31:30.352+0600][42.506s][info][gc,stats    ]   Update Region States               70 us
[2026-04-03T06:31:30.352+0600][42.506s][info][gc,stats    ]   Trash Collection Set               21 us
[2026-04-03T06:31:30.352+0600][42.506s][info][gc,stats    ]   Rebuild Free Set                   43 us
[2026-04-03T06:31:30.352+0600][42.506s][info][gc,stats    ] Concurrent Cleanup                 1290 us
[2026-04-03T06:31:30.352+0600][42.506s][info][gc,stats    ] Pacing                          2401754 us
[2026-04-03T06:31:30.352+0600][42.506s][info][gc,stats    ] 
[2026-04-03T06:31:30.352+0600][42.506s][info][gc,stats    ] Allocation pacing accrued:
[2026-04-03T06:31:30.352+0600][42.506s][info][gc,stats    ]     195 of  1732 ms ( 11.2%): OE_Thread:0
[2026-04-03T06:31:30.352+0600][42.506s][info][gc,stats    ]     200 of  1732 ms ( 11.6%): OE_Thread:1
[2026-04-03T06:31:30.352+0600][42.507s][info][gc,stats    ]     199 of  1732 ms ( 11.5%): OE_Thread:2
[2026-04-03T06:31:30.352+0600][42.507s][info][gc,stats    ]     219 of  1732 ms ( 12.7%): OE_Thread:3
[2026-04-03T06:31:30.352+0600][42.507s][info][gc,stats    ]     204 of  1732 ms ( 11.8%): OE_Thread:4
[2026-04-03T06:31:30.353+0600][42.507s][info][gc,stats    ]     195 of  1732 ms ( 11.3%): OE_Thread:5
[2026-04-03T06:31:30.353+0600][42.507s][info][gc,stats    ]     201 of  1732 ms ( 11.6%): OE_Thread:6
[2026-04-03T06:31:30.353+0600][42.507s][info][gc,stats    ]     210 of  1732 ms ( 12.1%): OE_Thread:7
[2026-04-03T06:31:30.353+0600][42.507s][info][gc,stats    ]     215 of  1732 ms ( 12.4%): OE_Thread:8
[2026-04-03T06:31:30.353+0600][42.507s][info][gc,stats    ]     188 of  1732 ms ( 10.8%): OE_Thread:9
[2026-04-03T06:31:30.353+0600][42.507s][info][gc,stats    ]     194 of  1732 ms ( 11.2%): OE_Thread:10
[2026-04-03T06:31:30.353+0600][42.507s][info][gc,stats    ]     183 of  1732 ms ( 10.6%): OE_Thread:11
[2026-04-03T06:31:30.353+0600][42.507s][info][gc,stats    ]    2402 of  1732 ms (138.7%): <total>
[2026-04-03T06:31:30.353+0600][42.507s][info][gc,stats    ]     109 of  1732 ms (  6.3%): <average total>
[2026-04-03T06:31:30.353+0600][42.507s][info][gc,stats    ]     200 of  1732 ms ( 11.6%): <average non-zero>
[2026-04-03T06:31:30.353+0600][42.507s][info][gc,stats    ] 
[2026-04-03T06:31:30.353+0600][42.507s][info][gc,metaspace] Metaspace: 10159K(10368K)->10159K(10368K) NonClass: 9279K(9408K)->9279K(9408K) Class: 879K(960K)->879K(960K)
[2026-04-03T06:31:30.353+0600][42.507s][info][gc,ergo     ] Pacer for Idle. Initial: 80302K, Alloc Tax Rate: 1.0x
[2026-04-03T06:31:30.454+0600][42.608s][info][gc          ] Trigger: Average GC time (1822.09 ms) is above the time for average allocation rate (1116 MB/s) to deplete free headroom (1700M) (margin of error = 1.90)
[2026-04-03T06:31:30.454+0600][42.608s][info][gc,ergo     ] Free headroom: 1896M (free) - 196M (spike) - 0B (penalties) = 1700M
[2026-04-03T06:31:30.454+0600][42.608s][info][gc,ergo     ] Free: 1895M, Max: 1024K regular, 988M humongous, Frag: 48% external, 0% internal; Reserve: 197M, Max: 1024K
[2026-04-03T06:31:30.454+0600][42.609s][info][gc,start    ] GC(17) Concurrent reset
[2026-04-03T06:31:30.455+0600][42.609s][info][gc,task     ] GC(17) Using 3 of 6 workers for concurrent reset
[2026-04-03T06:31:30.455+0600][42.609s][info][gc,ergo     ] GC(17) Pacer for Reset. Non-Taxable: 3921M
[2026-04-03T06:31:30.463+0600][42.617s][info][gc          ] GC(17) Concurrent reset 8.623ms
[2026-04-03T06:31:30.464+0600][42.618s][info][gc,start    ] GC(17) Pause Init Mark (unload classes)
[2026-04-03T06:31:30.464+0600][42.618s][info][gc,task     ] GC(17) Using 6 of 6 workers for init marking
[2026-04-03T06:31:30.464+0600][42.618s][info][gc,ergo     ] GC(17) Pacer for Mark. Expected Live: 473M, Free: 1887M, Non-Taxable: 188M, Alloc Tax Rate: 0.3x
[2026-04-03T06:31:30.464+0600][42.618s][info][gc          ] GC(17) Pause Init Mark (unload classes) 0.138ms
[2026-04-03T06:31:30.464+0600][42.618s][info][gc,start    ] GC(17) Concurrent marking roots
[2026-04-03T06:31:30.464+0600][42.618s][info][gc,task     ] GC(17) Using 3 of 6 workers for concurrent marking roots
[2026-04-03T06:31:30.464+0600][42.618s][info][gc          ] GC(17) Concurrent marking roots 0.348ms
[2026-04-03T06:31:30.464+0600][42.618s][info][gc,start    ] GC(17) Concurrent marking (unload classes)
[2026-04-03T06:31:30.464+0600][42.618s][info][gc,task     ] GC(17) Using 3 of 6 workers for concurrent marking
[2026-04-03T06:31:31.233+0600][43.387s][info][gc          ] GC(17) Concurrent marking (unload classes) 769.059ms
[2026-04-03T06:31:31.238+0600][43.392s][info][gc,start    ] GC(17) Pause Final Mark (unload classes)
[2026-04-03T06:31:31.238+0600][43.392s][info][gc,task     ] GC(17) Using 6 of 6 workers for final marking
[2026-04-03T06:31:31.239+0600][43.393s][info][gc,ergo     ] GC(17) Adaptive CSet Selection. Target Free: 555M, Actual Free: 1599M, Max CSet: 163M, Min Garbage: 0B
[2026-04-03T06:31:31.240+0600][43.394s][info][gc,ergo     ] GC(17) Collectable Garbage: 1311M (97%), Immediate: 0B (0%), CSet: 1311M (97%)
[2026-04-03T06:31:31.240+0600][43.394s][info][gc,ergo     ] GC(17) Pacer for Evacuation. Used CSet: 1346M, Free: 1402M, Non-Taxable: 140M, Alloc Tax Rate: 2.3x
[2026-04-03T06:31:31.240+0600][43.394s][info][gc          ] GC(17) Pause Final Mark (unload classes) 1.385ms
[2026-04-03T06:31:31.240+0600][43.394s][info][gc,start    ] GC(17) Concurrent thread roots
[2026-04-03T06:31:31.240+0600][43.394s][info][gc,task     ] GC(17) Using 3 of 6 workers for Concurrent thread roots
[2026-04-03T06:31:31.240+0600][43.394s][info][gc          ] GC(17) Concurrent thread roots 0.567ms
[2026-04-03T06:31:31.240+0600][43.395s][info][gc,start    ] GC(17) Concurrent weak references
[2026-04-03T06:31:31.240+0600][43.395s][info][gc,task     ] GC(17) Using 3 of 6 workers for concurrent weak references
[2026-04-03T06:31:31.241+0600][43.395s][info][gc,ref      ] GC(17) Encountered references: Soft: 117, Weak: 415, Final: 3, Phantom: 56
[2026-04-03T06:31:31.241+0600][43.395s][info][gc,ref      ] GC(17) Discovered  references: Soft: 0, Weak: 32, Final: 2, Phantom: 29
[2026-04-03T06:31:31.241+0600][43.395s][info][gc,ref      ] GC(17) Enqueued    references: Soft: 0, Weak: 0, Final: 0, Phantom: 0
[2026-04-03T06:31:31.241+0600][43.395s][info][gc          ] GC(17) Concurrent weak references 0.145ms
[2026-04-03T06:31:31.241+0600][43.395s][info][gc,start    ] GC(17) Concurrent weak roots
[2026-04-03T06:31:31.241+0600][43.395s][info][gc,task     ] GC(17) Using 3 of 6 workers for concurrent weak root
[2026-04-03T06:31:31.250+0600][43.404s][info][gc          ] GC(17) Concurrent weak roots 9.472ms
[2026-04-03T06:31:31.250+0600][43.404s][info][gc,start    ] GC(17) Concurrent cleanup
[2026-04-03T06:31:31.251+0600][43.405s][info][gc          ] GC(17) Concurrent cleanup 2330M->2331M(3037M) 0.345ms
[2026-04-03T06:31:31.251+0600][43.405s][info][gc,ergo     ] GC(17) Free: 1393M, Max: 1024K regular, 721M humongous, Frag: 49% external, 0% internal; Reserve: 196M, Max: 1024K
[2026-04-03T06:31:31.251+0600][43.405s][info][gc,start    ] GC(17) Concurrent class unloading
[2026-04-03T06:31:31.251+0600][43.405s][info][gc,task     ] GC(17) Using 3 of 6 workers for concurrent class unloading
[2026-04-03T06:31:31.266+0600][43.420s][info][gc          ] GC(17) Concurrent class unloading 14.806ms
[2026-04-03T06:31:31.266+0600][43.420s][info][gc,start    ] GC(17) Concurrent strong roots
[2026-04-03T06:31:31.266+0600][43.420s][info][gc,task     ] GC(17) Using 3 of 6 workers for concurrent strong root
[2026-04-03T06:31:31.266+0600][43.420s][info][gc          ] GC(17) Concurrent strong roots 0.291ms
[2026-04-03T06:31:31.266+0600][43.420s][info][gc,start    ] GC(17) Concurrent evacuation
[2026-04-03T06:31:31.266+0600][43.420s][info][gc,task     ] GC(17) Using 3 of 6 workers for concurrent evacuation
[2026-04-03T06:31:31.320+0600][43.474s][info][gc          ] GC(17) Concurrent evacuation 54.141ms
[2026-04-03T06:31:31.321+0600][43.475s][info][gc,start    ] GC(17) Pause Init Update Refs
[2026-04-03T06:31:31.321+0600][43.475s][info][gc,ergo     ] GC(17) Pacer for Update Refs. Used: 2411M, Free: 1350M, Non-Taxable: 135M, Alloc Tax Rate: 2.2x
[2026-04-03T06:31:31.321+0600][43.475s][info][gc          ] GC(17) Pause Init Update Refs 0.122ms
[2026-04-03T06:31:31.321+0600][43.475s][info][gc,start    ] GC(17) Concurrent update references
[2026-04-03T06:31:31.321+0600][43.475s][info][gc,task     ] GC(17) Using 3 of 6 workers for concurrent reference update
[2026-04-03T06:31:32.181+0600][44.335s][info][gc          ] GC(17) Concurrent update references 859.718ms
[2026-04-03T06:31:32.181+0600][44.335s][info][gc,start    ] GC(17) Concurrent update thread roots
[2026-04-03T06:31:32.183+0600][44.337s][info][gc          ] GC(17) Concurrent update thread roots 1.433ms
[2026-04-03T06:31:32.183+0600][44.337s][info][gc,start    ] GC(17) Pause Final Update Refs
[2026-04-03T06:31:32.183+0600][44.337s][info][gc,task     ] GC(17) Using 6 of 6 workers for final reference update
[2026-04-03T06:31:32.183+0600][44.337s][info][gc          ] GC(17) Pause Final Update Refs 0.220ms
[2026-04-03T06:31:32.183+0600][44.337s][info][gc,start    ] GC(17) Concurrent cleanup
[2026-04-03T06:31:32.184+0600][44.338s][info][gc          ] GC(17) Concurrent cleanup 3057M->1712M(3058M) 0.985ms
[2026-04-03T06:31:32.184+0600][44.338s][info][gc,ergo     ] Free: 2011M, Max: 1024K regular, 946M humongous, Frag: 53% external, 0% internal; Reserve: 197M, Max: 1024K
[2026-04-03T06:31:32.185+0600][44.339s][info][gc,stats    ] 
[2026-04-03T06:31:32.185+0600][44.339s][info][gc,stats    ] All times are wall-clock times, except per-root-class counters, that are sum over
[2026-04-03T06:31:32.185+0600][44.339s][info][gc,stats    ] all workers. Dividing the <total> over the root stage time estimates parallelism.
[2026-04-03T06:31:32.185+0600][44.339s][info][gc,stats    ] 
[2026-04-03T06:31:32.185+0600][44.339s][info][gc,stats    ] Concurrent Reset                   8778 us
[2026-04-03T06:31:32.185+0600][44.339s][info][gc,stats    ] Pause Init Mark (G)                 553 us
[2026-04-03T06:31:32.185+0600][44.339s][info][gc,stats    ] Pause Init Mark (N)                 148 us
[2026-04-03T06:31:32.185+0600][44.339s][info][gc,stats    ]   Update Region States               50 us
[2026-04-03T06:31:32.185+0600][44.339s][info][gc,stats    ] Concurrent Mark Roots               383 us, parallelism: 1.19x
[2026-04-03T06:31:32.185+0600][44.339s][info][gc,stats    ]   CMR: <total>                      455 us
[2026-04-03T06:31:32.185+0600][44.339s][info][gc,stats    ]   CMR: Thread Roots                 353 us, workers (us): 128, 224,   0, ---, ---, ---, 
[2026-04-03T06:31:32.185+0600][44.339s][info][gc,stats    ]   CMR: VM Strong Roots               15 us, workers (us):  13,   2,   0, ---, ---, ---, 
[2026-04-03T06:31:32.185+0600][44.339s][info][gc,stats    ]   CMR: CLDG Roots                    87 us, workers (us):  87, ---, ---, ---, ---, ---, 
[2026-04-03T06:31:32.185+0600][44.339s][info][gc,stats    ] Concurrent Marking               769209 us
[2026-04-03T06:31:32.185+0600][44.339s][info][gc,stats    ] Pause Final Mark (G)               6432 us
[2026-04-03T06:31:32.185+0600][44.339s][info][gc,stats    ] Pause Final Mark (N)               1402 us
[2026-04-03T06:31:32.185+0600][44.339s][info][gc,stats    ]   Finish Mark                       369 us
[2026-04-03T06:31:32.185+0600][44.339s][info][gc,stats    ]   Update Region States               89 us
[2026-04-03T06:31:32.185+0600][44.339s][info][gc,stats    ]   Choose Collection Set             708 us
[2026-04-03T06:31:32.185+0600][44.339s][info][gc,stats    ]   Rebuild Free Set                   64 us
[2026-04-03T06:31:32.185+0600][44.339s][info][gc,stats    ] Concurrent Thread Roots             609 us, parallelism: 0.61x
[2026-04-03T06:31:32.185+0600][44.339s][info][gc,stats    ]   CTR: <total>                      372 us
[2026-04-03T06:31:32.185+0600][44.339s][info][gc,stats    ]   CTR: Thread Roots                 372 us, workers (us): 372,   0,   0, ---, ---, ---, 
[2026-04-03T06:31:32.185+0600][44.339s][info][gc,stats    ] Concurrent Weak References          158 us, parallelism: 0.14x
[2026-04-03T06:31:32.185+0600][44.339s][info][gc,stats    ]   CWRF: <total>                      22 us
[2026-04-03T06:31:32.185+0600][44.339s][info][gc,stats    ]   CWRF: Weak References              22 us, workers (us):  22,   0,   0, ---, ---, ---, 
[2026-04-03T06:31:32.185+0600][44.339s][info][gc,stats    ] Concurrent Weak Roots              9677 us
[2026-04-03T06:31:32.185+0600][44.339s][info][gc,stats    ]   Roots                            1607 us, parallelism: 1.77x
[2026-04-03T06:31:32.185+0600][44.339s][info][gc,stats    ]     CWR: <total>                   2844 us
[2026-04-03T06:31:32.185+0600][44.339s][info][gc,stats    ]     CWR: Code Cache Roots          2237 us, workers (us): 1094, 1143,   0, ---, ---, ---, 
[2026-04-03T06:31:32.185+0600][44.339s][info][gc,stats    ]     CWR: VM Weak Roots              599 us, workers (us): 304, 293,   2, ---, ---, ---, 
[2026-04-03T06:31:32.185+0600][44.339s][info][gc,stats    ]     CWR: CLDG Roots                   8 us, workers (us):   8, ---, ---, ---, ---, ---, 
[2026-04-03T06:31:32.185+0600][44.339s][info][gc,stats    ]   Rendezvous                       7824 us
[2026-04-03T06:31:32.185+0600][44.339s][info][gc,stats    ] Concurrent Cleanup                  381 us
[2026-04-03T06:31:32.185+0600][44.339s][info][gc,stats    ] Concurrent Class Unloading        14976 us
[2026-04-03T06:31:32.185+0600][44.339s][info][gc,stats    ]   Unlink Stale                     8669 us
[2026-04-03T06:31:32.185+0600][44.339s][info][gc,stats    ]     System Dictionary                27 us
[2026-04-03T06:31:32.185+0600][44.339s][info][gc,stats    ]     Weak Class Links                  1 us
[2026-04-03T06:31:32.185+0600][44.339s][info][gc,stats    ]     Code Roots                     8635 us
[2026-04-03T06:31:32.185+0600][44.339s][info][gc,stats    ]   Rendezvous                       5808 us
[2026-04-03T06:31:32.185+0600][44.339s][info][gc,stats    ]   Purge Unlinked                    212 us
[2026-04-03T06:31:32.185+0600][44.339s][info][gc,stats    ]     Code Roots                      178 us
[2026-04-03T06:31:32.185+0600][44.339s][info][gc,stats    ]     CLDG                             32 us
[2026-04-03T06:31:32.185+0600][44.339s][info][gc,stats    ]     Exception Caches                  1 us
[2026-04-03T06:31:32.185+0600][44.339s][info][gc,stats    ] Concurrent Strong Roots             343 us, parallelism: 0.40x
[2026-04-03T06:31:32.185+0600][44.339s][info][gc,stats    ]   CSR: <total>                      137 us
[2026-04-03T06:31:32.185+0600][44.339s][info][gc,stats    ]   CSR: VM Strong Roots               24 us, workers (us):  13,  11,   0, ---, ---, ---, 
[2026-04-03T06:31:32.185+0600][44.339s][info][gc,stats    ]   CSR: CLDG Roots                   113 us, workers (us): ---, 113, ---, ---, ---, ---, 
[2026-04-03T06:31:32.185+0600][44.339s][info][gc,stats    ] Concurrent Evacuation             54280 us
[2026-04-03T06:31:32.185+0600][44.339s][info][gc,stats    ] Pause Init Update Refs (G)          686 us
[2026-04-03T06:31:32.185+0600][44.339s][info][gc,stats    ] Pause Init Update Refs (N)          141 us
[2026-04-03T06:31:32.185+0600][44.339s][info][gc,stats    ]   Manage GCLABs                      12 us
[2026-04-03T06:31:32.185+0600][44.339s][info][gc,stats    ] Concurrent Update Refs           860271 us
[2026-04-03T06:31:32.185+0600][44.339s][info][gc,stats    ] Concurrent Update Thread Roots     1531 us
[2026-04-03T06:31:32.185+0600][44.339s][info][gc,stats    ] Pause Final Update Refs (G)         489 us
[2026-04-03T06:31:32.185+0600][44.339s][info][gc,stats    ] Pause Final Update Refs (N)         246 us
[2026-04-03T06:31:32.185+0600][44.339s][info][gc,stats    ]   Update Region States               68 us
[2026-04-03T06:31:32.185+0600][44.339s][info][gc,stats    ]   Trash Collection Set               41 us
[2026-04-03T06:31:32.185+0600][44.339s][info][gc,stats    ]   Rebuild Free Set                   45 us
[2026-04-03T06:31:32.185+0600][44.339s][info][gc,stats    ] Concurrent Cleanup                 1032 us
[2026-04-03T06:31:32.185+0600][44.339s][info][gc,stats    ] Pacing                          2225816 us
[2026-04-03T06:31:32.185+0600][44.339s][info][gc,stats    ] 
[2026-04-03T06:31:32.185+0600][44.339s][info][gc,stats    ] Allocation pacing accrued:
[2026-04-03T06:31:32.185+0600][44.339s][info][gc,stats    ]     204 of  1833 ms ( 11.1%): OE_Thread:0
[2026-04-03T06:31:32.185+0600][44.339s][info][gc,stats    ]     203 of  1833 ms ( 11.1%): OE_Thread:1
[2026-04-03T06:31:32.185+0600][44.339s][info][gc,stats    ]     169 of  1833 ms (  9.2%): OE_Thread:2
[2026-04-03T06:31:32.185+0600][44.339s][info][gc,stats    ]     158 of  1833 ms (  8.6%): OE_Thread:3
[2026-04-03T06:31:32.185+0600][44.339s][info][gc,stats    ]     179 of  1833 ms (  9.8%): OE_Thread:4
[2026-04-03T06:31:32.185+0600][44.340s][info][gc,stats    ]     180 of  1833 ms (  9.8%): OE_Thread:5
[2026-04-03T06:31:32.185+0600][44.340s][info][gc,stats    ]     180 of  1833 ms (  9.8%): OE_Thread:6
[2026-04-03T06:31:32.185+0600][44.340s][info][gc,stats    ]     201 of  1833 ms ( 11.0%): OE_Thread:7
[2026-04-03T06:31:32.186+0600][44.340s][info][gc,stats    ]     179 of  1833 ms (  9.8%): OE_Thread:8
[2026-04-03T06:31:32.186+0600][44.340s][info][gc,stats    ]     184 of  1833 ms ( 10.0%): OE_Thread:9
[2026-04-03T06:31:32.186+0600][44.340s][info][gc,stats    ]     186 of  1833 ms ( 10.2%): OE_Thread:10
[2026-04-03T06:31:32.186+0600][44.340s][info][gc,stats    ]     202 of  1833 ms ( 11.0%): OE_Thread:11
[2026-04-03T06:31:32.186+0600][44.340s][info][gc,stats    ]    2226 of  1833 ms (121.4%): <total>
[2026-04-03T06:31:32.186+0600][44.340s][info][gc,stats    ]     101 of  1833 ms (  5.5%): <average total>
[2026-04-03T06:31:32.186+0600][44.340s][info][gc,stats    ]     185 of  1833 ms ( 10.1%): <average non-zero>
[2026-04-03T06:31:32.186+0600][44.340s][info][gc,stats    ] 
[2026-04-03T06:31:32.186+0600][44.340s][info][gc,metaspace] Metaspace: 10159K(10368K)->10159K(10368K) NonClass: 9279K(9408K)->9279K(9408K) Class: 879K(960K)->879K(960K)
[2026-04-03T06:31:32.186+0600][44.340s][info][gc,ergo     ] Pacer for Idle. Initial: 80302K, Alloc Tax Rate: 1.0x
[2026-04-03T06:31:32.290+0600][44.444s][info][gc          ] Trigger: Average GC time (1827.46 ms) is above the time for average allocation rate (1075 MB/s) to deplete free headroom (1685M) (margin of error = 1.91)
[2026-04-03T06:31:32.290+0600][44.444s][info][gc,ergo     ] Free headroom: 1882M (free) - 196M (spike) - 0B (penalties) = 1685M
[2026-04-03T06:31:32.290+0600][44.444s][info][gc,ergo     ] Free: 1881M, Max: 1024K regular, 946M humongous, Frag: 50% external, 0% internal; Reserve: 197M, Max: 1024K
[2026-04-03T06:31:32.290+0600][44.444s][info][gc,start    ] GC(18) Concurrent reset
[2026-04-03T06:31:32.290+0600][44.444s][info][gc,task     ] GC(18) Using 3 of 6 workers for concurrent reset
[2026-04-03T06:31:32.290+0600][44.444s][info][gc,ergo     ] GC(18) Pacer for Reset. Non-Taxable: 3921M
[2026-04-03T06:31:32.302+0600][44.456s][info][gc          ] GC(18) Concurrent reset 11.715ms
[2026-04-03T06:31:32.302+0600][44.456s][info][gc,start    ] GC(18) Pause Init Mark (unload classes)
[2026-04-03T06:31:32.303+0600][44.457s][info][gc,task     ] GC(18) Using 6 of 6 workers for init marking
[2026-04-03T06:31:32.303+0600][44.457s][info][gc,ergo     ] GC(18) Pacer for Mark. Expected Live: 480M, Free: 1871M, Non-Taxable: 187M, Alloc Tax Rate: 0.3x
[2026-04-03T06:31:32.303+0600][44.457s][info][gc          ] GC(18) Pause Init Mark (unload classes) 0.233ms
[2026-04-03T06:31:32.303+0600][44.457s][info][gc,start    ] GC(18) Concurrent marking roots
[2026-04-03T06:31:32.303+0600][44.457s][info][gc,task     ] GC(18) Using 3 of 6 workers for concurrent marking roots
[2026-04-03T06:31:32.303+0600][44.457s][info][gc          ] GC(18) Concurrent marking roots 0.660ms
[2026-04-03T06:31:32.304+0600][44.458s][info][gc,start    ] GC(18) Concurrent marking (unload classes)
[2026-04-03T06:31:32.304+0600][44.458s][info][gc,task     ] GC(18) Using 3 of 6 workers for concurrent marking
[2026-04-03T06:31:33.034+0600][45.188s][info][gc          ] GC(18) Concurrent marking (unload classes) 730.786ms
[2026-04-03T06:31:33.035+0600][45.189s][info][gc,start    ] GC(18) Pause Final Mark (unload classes)
[2026-04-03T06:31:33.035+0600][45.189s][info][gc,task     ] GC(18) Using 6 of 6 workers for final marking
[2026-04-03T06:31:33.035+0600][45.189s][info][gc,ergo     ] GC(18) Adaptive CSet Selection. Target Free: 555M, Actual Free: 1621M, Max CSet: 163M, Min Garbage: 0B
[2026-04-03T06:31:33.036+0600][45.190s][info][gc,ergo     ] GC(18) Collectable Garbage: 1317M (97%), Immediate: 0B (0%), CSet: 1317M (97%)
[2026-04-03T06:31:33.036+0600][45.190s][info][gc,ergo     ] GC(18) Pacer for Evacuation. Used CSet: 1356M, Free: 1424M, Non-Taxable: 142M, Alloc Tax Rate: 2.3x
[2026-04-03T06:31:33.036+0600][45.190s][info][gc          ] GC(18) Pause Final Mark (unload classes) 1.296ms
[2026-04-03T06:31:33.036+0600][45.190s][info][gc,start    ] GC(18) Concurrent thread roots
[2026-04-03T06:31:33.036+0600][45.190s][info][gc,task     ] GC(18) Using 3 of 6 workers for Concurrent thread roots
[2026-04-03T06:31:33.039+0600][45.193s][info][gc          ] GC(18) Concurrent thread roots 2.491ms
[2026-04-03T06:31:33.039+0600][45.193s][info][gc,start    ] GC(18) Concurrent weak references
[2026-04-03T06:31:33.039+0600][45.193s][info][gc,task     ] GC(18) Using 3 of 6 workers for concurrent weak references
[2026-04-03T06:31:33.039+0600][45.193s][info][gc,ref      ] GC(18) Encountered references: Soft: 117, Weak: 415, Final: 3, Phantom: 56
[2026-04-03T06:31:33.039+0600][45.193s][info][gc,ref      ] GC(18) Discovered  references: Soft: 0, Weak: 23, Final: 2, Phantom: 35
[2026-04-03T06:31:33.039+0600][45.193s][info][gc,ref      ] GC(18) Enqueued    references: Soft: 0, Weak: 0, Final: 0, Phantom: 0
[2026-04-03T06:31:33.039+0600][45.193s][info][gc          ] GC(18) Concurrent weak references 0.423ms
[2026-04-03T06:31:33.039+0600][45.193s][info][gc,start    ] GC(18) Concurrent weak roots
[2026-04-03T06:31:33.039+0600][45.193s][info][gc,task     ] GC(18) Using 3 of 6 workers for concurrent weak root
[2026-04-03T06:31:33.043+0600][45.197s][info][gc          ] GC(18) Concurrent weak roots 3.294ms
[2026-04-03T06:31:33.043+0600][45.197s][info][gc,start    ] GC(18) Concurrent cleanup
[2026-04-03T06:31:33.044+0600][45.198s][info][gc          ] GC(18) Concurrent cleanup 2308M->2309M(3058M) 0.850ms
[2026-04-03T06:31:33.044+0600][45.198s][info][gc,ergo     ] GC(18) Free: 1415M, Max: 1024K regular, 691M humongous, Frag: 52% external, 0% internal; Reserve: 195M, Max: 1024K
[2026-04-03T06:31:33.044+0600][45.198s][info][gc,start    ] GC(18) Concurrent class unloading
[2026-04-03T06:31:33.044+0600][45.198s][info][gc,task     ] GC(18) Using 3 of 6 workers for concurrent class unloading
[2026-04-03T06:31:33.048+0600][45.202s][info][gc          ] GC(18) Concurrent class unloading 3.792ms
[2026-04-03T06:31:33.048+0600][45.202s][info][gc,start    ] GC(18) Concurrent strong roots
[2026-04-03T06:31:33.048+0600][45.202s][info][gc,task     ] GC(18) Using 3 of 6 workers for concurrent strong root
[2026-04-03T06:31:33.050+0600][45.204s][info][gc          ] GC(18) Concurrent strong roots 2.615ms
[2026-04-03T06:31:33.050+0600][45.204s][info][gc,start    ] GC(18) Concurrent evacuation
[2026-04-03T06:31:33.050+0600][45.204s][info][gc,task     ] GC(18) Using 3 of 6 workers for concurrent evacuation
[2026-04-03T06:31:33.107+0600][45.261s][info][gc          ] GC(18) Concurrent evacuation 56.815ms
[2026-04-03T06:31:33.108+0600][45.262s][info][gc,start    ] GC(18) Pause Init Update Refs
[2026-04-03T06:31:33.109+0600][45.263s][info][gc,ergo     ] GC(18) Pacer for Update Refs. Used: 2396M, Free: 1368M, Non-Taxable: 136M, Alloc Tax Rate: 2.1x
[2026-04-03T06:31:33.109+0600][45.263s][info][gc          ] GC(18) Pause Init Update Refs 0.133ms
[2026-04-03T06:31:33.111+0600][45.265s][info][gc,start    ] GC(18) Concurrent update references
[2026-04-03T06:31:33.111+0600][45.265s][info][gc,task     ] GC(18) Using 3 of 6 workers for concurrent reference update
[2026-04-03T06:31:33.897+0600][46.051s][info][gc          ] GC(18) Concurrent update references 785.981ms
[2026-04-03T06:31:33.897+0600][46.051s][info][gc,start    ] GC(18) Concurrent update thread roots
[2026-04-03T06:31:33.898+0600][46.052s][info][gc          ] GC(18) Concurrent update thread roots 0.299ms
[2026-04-03T06:31:33.898+0600][46.052s][info][gc,start    ] GC(18) Pause Final Update Refs
[2026-04-03T06:31:33.898+0600][46.052s][info][gc,task     ] GC(18) Using 6 of 6 workers for final reference update
[2026-04-03T06:31:33.898+0600][46.053s][info][gc          ] GC(18) Pause Final Update Refs 0.366ms
[2026-04-03T06:31:33.899+0600][46.053s][info][gc,start    ] GC(18) Concurrent cleanup
[2026-04-03T06:31:33.900+0600][46.054s][info][gc          ] GC(18) Concurrent cleanup 2928M->1573M(3074M) 1.016ms
[2026-04-03T06:31:33.900+0600][46.054s][info][gc,ergo     ] Free: 2150M, Max: 1024K regular, 1831M humongous, Frag: 15% external, 0% internal; Reserve: 197M, Max: 1024K
[2026-04-03T06:31:33.900+0600][46.054s][info][gc,stats    ] 
[2026-04-03T06:31:33.900+0600][46.054s][info][gc,stats    ] All times are wall-clock times, except per-root-class counters, that are sum over
[2026-04-03T06:31:33.900+0600][46.054s][info][gc,stats    ] all workers. Dividing the <total> over the root stage time estimates parallelism.
[2026-04-03T06:31:33.900+0600][46.054s][info][gc,stats    ] 
[2026-04-03T06:31:33.900+0600][46.054s][info][gc,stats    ] Concurrent Reset                  11858 us
[2026-04-03T06:31:33.900+0600][46.054s][info][gc,stats    ] Pause Init Mark (G)                 697 us
[2026-04-03T06:31:33.900+0600][46.054s][info][gc,stats    ] Pause Init Mark (N)                 244 us
[2026-04-03T06:31:33.900+0600][46.054s][info][gc,stats    ]   Update Region States               63 us
[2026-04-03T06:31:33.900+0600][46.054s][info][gc,stats    ] Concurrent Mark Roots               792 us, parallelism: 0.49x
[2026-04-03T06:31:33.900+0600][46.054s][info][gc,stats    ]   CMR: <total>                      386 us
[2026-04-03T06:31:33.900+0600][46.054s][info][gc,stats    ]   CMR: Thread Roots                 258 us, workers (us):  78, 179,   0, ---, ---, ---, 
[2026-04-03T06:31:33.900+0600][46.054s][info][gc,stats    ]   CMR: VM Strong Roots               16 us, workers (us):  13,   2,   1, ---, ---, ---, 
[2026-04-03T06:31:33.900+0600][46.054s][info][gc,stats    ]   CMR: CLDG Roots                   113 us, workers (us): 113, ---, ---, ---, ---, ---, 
[2026-04-03T06:31:33.900+0600][46.054s][info][gc,stats    ] Concurrent Marking               730949 us
[2026-04-03T06:31:33.900+0600][46.054s][info][gc,stats    ] Pause Final Mark (G)               1799 us
[2026-04-03T06:31:33.900+0600][46.054s][info][gc,stats    ] Pause Final Mark (N)               1311 us
[2026-04-03T06:31:33.900+0600][46.054s][info][gc,stats    ]   Finish Mark                       223 us
[2026-04-03T06:31:33.900+0600][46.054s][info][gc,stats    ]   Update Region States              182 us
[2026-04-03T06:31:33.900+0600][46.054s][info][gc,stats    ]   Choose Collection Set             745 us
[2026-04-03T06:31:33.900+0600][46.054s][info][gc,stats    ]   Rebuild Free Set                   58 us
[2026-04-03T06:31:33.900+0600][46.054s][info][gc,stats    ] Concurrent Thread Roots            2623 us, parallelism: 0.10x
[2026-04-03T06:31:33.900+0600][46.054s][info][gc,stats    ]   CTR: <total>                      270 us
[2026-04-03T06:31:33.900+0600][46.054s][info][gc,stats    ]   CTR: Thread Roots                 270 us, workers (us): 269,   1,   0, ---, ---, ---, 
[2026-04-03T06:31:33.900+0600][46.054s][info][gc,stats    ] Concurrent Weak References          441 us, parallelism: 0.08x
[2026-04-03T06:31:33.900+0600][46.054s][info][gc,stats    ]   CWRF: <total>                      33 us
[2026-04-03T06:31:33.900+0600][46.054s][info][gc,stats    ]   CWRF: Weak References              33 us, workers (us):  30,   3,   0, ---, ---, ---, 
[2026-04-03T06:31:33.900+0600][46.054s][info][gc,stats    ] Concurrent Weak Roots              3414 us
[2026-04-03T06:31:33.900+0600][46.054s][info][gc,stats    ]   Roots                            3080 us, parallelism: 0.92x
[2026-04-03T06:31:33.900+0600][46.054s][info][gc,stats    ]     CWR: <total>                   2823 us
[2026-04-03T06:31:33.900+0600][46.054s][info][gc,stats    ]     CWR: Code Cache Roots          2304 us, workers (us): 2303,   0,   0, ---, ---, ---, 
[2026-04-03T06:31:33.900+0600][46.054s][info][gc,stats    ]     CWR: VM Weak Roots              510 us, workers (us): 503,   4,   3, ---, ---, ---, 
[2026-04-03T06:31:33.900+0600][46.054s][info][gc,stats    ]     CWR: CLDG Roots                  10 us, workers (us):  10, ---, ---, ---, ---, ---, 
[2026-04-03T06:31:33.900+0600][46.054s][info][gc,stats    ]   Rendezvous                        180 us
[2026-04-03T06:31:33.900+0600][46.055s][info][gc,stats    ] Concurrent Cleanup                  909 us
[2026-04-03T06:31:33.900+0600][46.055s][info][gc,stats    ] Concurrent Class Unloading         3919 us
[2026-04-03T06:31:33.901+0600][46.055s][info][gc,stats    ]   Unlink Stale                     3154 us
[2026-04-03T06:31:33.901+0600][46.055s][info][gc,stats    ]     System Dictionary                19 us
[2026-04-03T06:31:33.901+0600][46.055s][info][gc,stats    ]     Weak Class Links                  1 us
[2026-04-03T06:31:33.901+0600][46.055s][info][gc,stats    ]     Code Roots                     3132 us
[2026-04-03T06:31:33.901+0600][46.055s][info][gc,stats    ]   Rendezvous                        204 us
[2026-04-03T06:31:33.901+0600][46.055s][info][gc,stats    ]   Purge Unlinked                    392 us
[2026-04-03T06:31:33.901+0600][46.055s][info][gc,stats    ]     Code Roots                      288 us
[2026-04-03T06:31:33.901+0600][46.055s][info][gc,stats    ]     CLDG                            103 us
[2026-04-03T06:31:33.901+0600][46.055s][info][gc,stats    ]     Exception Caches                  0 us
[2026-04-03T06:31:33.901+0600][46.055s][info][gc,stats    ] Concurrent Strong Roots            2771 us, parallelism: 0.04x
[2026-04-03T06:31:33.901+0600][46.055s][info][gc,stats    ]   CSR: <total>                      118 us
[2026-04-03T06:31:33.901+0600][46.055s][info][gc,stats    ]   CSR: VM Strong Roots               16 us, workers (us):  13,   2,   1, ---, ---, ---, 
[2026-04-03T06:31:33.901+0600][46.055s][info][gc,stats    ]   CSR: CLDG Roots                   102 us, workers (us): 102, ---, ---, ---, ---, ---, 
[2026-04-03T06:31:33.901+0600][46.055s][info][gc,stats    ] Concurrent Evacuation             56937 us
[2026-04-03T06:31:33.901+0600][46.055s][info][gc,stats    ] Pause Init Update Refs (G)         3966 us
[2026-04-03T06:31:33.901+0600][46.055s][info][gc,stats    ] Pause Init Update Refs (N)          144 us
[2026-04-03T06:31:33.901+0600][46.055s][info][gc,stats    ]   Manage GCLABs                      37 us
[2026-04-03T06:31:33.901+0600][46.055s][info][gc,stats    ] Concurrent Update Refs           786113 us
[2026-04-03T06:31:33.901+0600][46.055s][info][gc,stats    ] Concurrent Update Thread Roots      383 us
[2026-04-03T06:31:33.901+0600][46.055s][info][gc,stats    ] Pause Final Update Refs (G)         859 us
[2026-04-03T06:31:33.901+0600][46.055s][info][gc,stats    ] Pause Final Update Refs (N)         391 us
[2026-04-03T06:31:33.901+0600][46.055s][info][gc,stats    ]   Update Region States               69 us
[2026-04-03T06:31:33.901+0600][46.055s][info][gc,stats    ]   Trash Collection Set               22 us
[2026-04-03T06:31:33.901+0600][46.055s][info][gc,stats    ]   Rebuild Free Set                   55 us
[2026-04-03T06:31:33.901+0600][46.055s][info][gc,stats    ] Concurrent Cleanup                 1069 us
[2026-04-03T06:31:33.901+0600][46.055s][info][gc,stats    ] Pacing                          3008897 us
[2026-04-03T06:31:33.901+0600][46.055s][info][gc,stats    ] 
[2026-04-03T06:31:33.901+0600][46.055s][info][gc,stats    ] Allocation pacing accrued:
[2026-04-03T06:31:33.901+0600][46.055s][info][gc,stats    ]     236 of  1715 ms ( 13.7%): OE_Thread:0
[2026-04-03T06:31:33.901+0600][46.055s][info][gc,stats    ]     244 of  1715 ms ( 14.2%): OE_Thread:1
[2026-04-03T06:31:33.901+0600][46.055s][info][gc,stats    ]     263 of  1715 ms ( 15.3%): OE_Thread:2
[2026-04-03T06:31:33.901+0600][46.055s][info][gc,stats    ]     255 of  1715 ms ( 14.9%): OE_Thread:3
[2026-04-03T06:31:33.901+0600][46.055s][info][gc,stats    ]     260 of  1715 ms ( 15.2%): OE_Thread:4
[2026-04-03T06:31:33.901+0600][46.055s][info][gc,stats    ]     223 of  1715 ms ( 13.0%): OE_Thread:5
[2026-04-03T06:31:33.901+0600][46.055s][info][gc,stats    ]     252 of  1715 ms ( 14.7%): OE_Thread:6
[2026-04-03T06:31:33.901+0600][46.055s][info][gc,stats    ]     245 of  1715 ms ( 14.3%): OE_Thread:7
[2026-04-03T06:31:33.901+0600][46.055s][info][gc,stats    ]     257 of  1715 ms ( 15.0%): OE_Thread:8
[2026-04-03T06:31:33.901+0600][46.055s][info][gc,stats    ]     270 of  1715 ms ( 15.7%): OE_Thread:9
[2026-04-03T06:31:33.901+0600][46.055s][info][gc,stats    ]     242 of  1715 ms ( 14.1%): OE_Thread:10
[2026-04-03T06:31:33.901+0600][46.055s][info][gc,stats    ]     262 of  1715 ms ( 15.3%): OE_Thread:11
[2026-04-03T06:31:33.901+0600][46.055s][info][gc,stats    ]    3009 of  1715 ms (175.4%): <total>
[2026-04-03T06:31:33.901+0600][46.055s][info][gc,stats    ]     137 of  1715 ms (  8.0%): <average total>
[2026-04-03T06:31:33.901+0600][46.055s][info][gc,stats    ]     251 of  1715 ms ( 14.6%): <average non-zero>
[2026-04-03T06:31:33.901+0600][46.055s][info][gc,stats    ] 
[2026-04-03T06:31:33.901+0600][46.055s][info][gc,metaspace] Metaspace: 10159K(10368K)->10159K(10368K) NonClass: 9279K(9408K)->9279K(9408K) Class: 879K(960K)->879K(960K)
[2026-04-03T06:31:33.901+0600][46.055s][info][gc,ergo     ] Pacer for Idle. Initial: 80302K, Alloc Tax Rate: 1.0x
[2026-04-03T06:31:34.003+0600][46.157s][info][gc          ] Trigger: Average GC time (1777.20 ms) is above the time for average allocation rate (1131 MB/s) to deplete free headroom (1812M) (margin of error = 1.91)
[2026-04-03T06:31:34.003+0600][46.157s][info][gc,ergo     ] Free headroom: 2008M (free) - 196M (spike) - 0B (penalties) = 1812M
[2026-04-03T06:31:34.003+0600][46.157s][info][gc,ergo     ] Free: 2008M, Max: 1024K regular, 1831M humongous, Frag: 9% external, 0% internal; Reserve: 197M, Max: 1024K
[2026-04-03T06:31:34.003+0600][46.157s][info][gc,start    ] GC(19) Concurrent reset
[2026-04-03T06:31:34.003+0600][46.157s][info][gc,task     ] GC(19) Using 3 of 6 workers for concurrent reset
[2026-04-03T06:31:34.003+0600][46.157s][info][gc,ergo     ] GC(19) Pacer for Reset. Non-Taxable: 3921M
[2026-04-03T06:31:34.015+0600][46.169s][info][gc          ] GC(19) Concurrent reset 12.238ms
[2026-04-03T06:31:34.016+0600][46.170s][info][gc,start    ] GC(19) Pause Init Mark (unload classes)
[2026-04-03T06:31:34.016+0600][46.170s][info][gc,task     ] GC(19) Using 6 of 6 workers for init marking
[2026-04-03T06:31:34.016+0600][46.170s][info][gc,ergo     ] GC(19) Pacer for Mark. Expected Live: 487M, Free: 1994M, Non-Taxable: 199M, Alloc Tax Rate: 0.3x
[2026-04-03T06:31:34.016+0600][46.170s][info][gc          ] GC(19) Pause Init Mark (unload classes) 0.419ms
[2026-04-03T06:31:34.017+0600][46.171s][info][gc,start    ] GC(19) Concurrent marking roots
[2026-04-03T06:31:34.017+0600][46.171s][info][gc,task     ] GC(19) Using 3 of 6 workers for concurrent marking roots
[2026-04-03T06:31:34.017+0600][46.171s][info][gc          ] GC(19) Concurrent marking roots 0.610ms
[2026-04-03T06:31:34.017+0600][46.171s][info][gc,start    ] GC(19) Concurrent marking (unload classes)
[2026-04-03T06:31:34.017+0600][46.171s][info][gc,task     ] GC(19) Using 3 of 6 workers for concurrent marking
[2026-04-03T06:31:34.872+0600][47.026s][info][gc          ] GC(19) Concurrent marking (unload classes) 854.771ms
[2026-04-03T06:31:34.873+0600][47.027s][info][gc,start    ] GC(19) Pause Final Mark (unload classes)
[2026-04-03T06:31:34.873+0600][47.027s][info][gc,task     ] GC(19) Using 6 of 6 workers for final marking
[2026-04-03T06:31:34.874+0600][47.028s][info][gc,ergo     ] GC(19) Adaptive CSet Selection. Target Free: 555M, Actual Free: 1679M, Max CSet: 163M, Min Garbage: 0B
[2026-04-03T06:31:34.874+0600][47.028s][info][gc,ergo     ] GC(19) Collectable Garbage: 1186M (97%), Immediate: 0B (0%), CSet: 1186M (97%)
[2026-04-03T06:31:34.874+0600][47.028s][info][gc,ergo     ] GC(19) Pacer for Evacuation. Used CSet: 1225M, Free: 1482M, Non-Taxable: 148M, Alloc Tax Rate: 2.0x
[2026-04-03T06:31:34.874+0600][47.028s][info][gc          ] GC(19) Pause Final Mark (unload classes) 1.150ms
[2026-04-03T06:31:34.874+0600][47.029s][info][gc,start    ] GC(19) Concurrent thread roots
[2026-04-03T06:31:34.875+0600][47.029s][info][gc,task     ] GC(19) Using 3 of 6 workers for Concurrent thread roots
[2026-04-03T06:31:34.875+0600][47.029s][info][gc          ] GC(19) Concurrent thread roots 0.715ms
[2026-04-03T06:31:34.875+0600][47.029s][info][gc,start    ] GC(19) Concurrent weak references
[2026-04-03T06:31:34.875+0600][47.029s][info][gc,task     ] GC(19) Using 3 of 6 workers for concurrent weak references
[2026-04-03T06:31:34.875+0600][47.029s][info][gc,ref      ] GC(19) Encountered references: Soft: 117, Weak: 415, Final: 3, Phantom: 56
[2026-04-03T06:31:34.876+0600][47.030s][info][gc,ref      ] GC(19) Discovered  references: Soft: 0, Weak: 17, Final: 0, Phantom: 34
[2026-04-03T06:31:34.876+0600][47.030s][info][gc,ref      ] GC(19) Enqueued    references: Soft: 0, Weak: 0, Final: 0, Phantom: 0
[2026-04-03T06:31:34.876+0600][47.030s][info][gc          ] GC(19) Concurrent weak references 0.330ms
[2026-04-03T06:31:34.876+0600][47.030s][info][gc,start    ] GC(19) Concurrent weak roots
[2026-04-03T06:31:34.876+0600][47.030s][info][gc,task     ] GC(19) Using 3 of 6 workers for concurrent weak root
[2026-04-03T06:31:34.882+0600][47.036s][info][gc          ] GC(19) Concurrent weak roots 6.055ms
[2026-04-03T06:31:34.882+0600][47.036s][info][gc,start    ] GC(19) Concurrent cleanup
[2026-04-03T06:31:34.883+0600][47.037s][info][gc          ] GC(19) Concurrent cleanup 2250M->2252M(3074M) 1.035ms
[2026-04-03T06:31:34.883+0600][47.037s][info][gc,ergo     ] GC(19) Free: 1472M, Max: 1024K regular, 1472M humongous, Frag: 0% external, 0% internal; Reserve: 195M, Max: 1024K
[2026-04-03T06:31:34.883+0600][47.037s][info][gc,start    ] GC(19) Concurrent class unloading
[2026-04-03T06:31:34.883+0600][47.037s][info][gc,task     ] GC(19) Using 3 of 6 workers for concurrent class unloading
[2026-04-03T06:31:34.893+0600][47.047s][info][gc          ] GC(19) Concurrent class unloading 10.267ms
[2026-04-03T06:31:34.893+0600][47.047s][info][gc,start    ] GC(19) Concurrent strong roots
[2026-04-03T06:31:34.893+0600][47.047s][info][gc,task     ] GC(19) Using 3 of 6 workers for concurrent strong root
[2026-04-03T06:31:34.894+0600][47.048s][info][gc          ] GC(19) Concurrent strong roots 0.299ms
[2026-04-03T06:31:34.894+0600][47.048s][info][gc,start    ] GC(19) Concurrent evacuation
[2026-04-03T06:31:34.894+0600][47.048s][info][gc,task     ] GC(19) Using 3 of 6 workers for concurrent evacuation
[2026-04-03T06:31:34.953+0600][47.107s][info][gc          ] GC(19) Concurrent evacuation 59.470ms
[2026-04-03T06:31:34.954+0600][47.108s][info][gc,start    ] GC(19) Pause Init Update Refs
[2026-04-03T06:31:34.954+0600][47.108s][info][gc,ergo     ] GC(19) Pacer for Update Refs. Used: 2347M, Free: 1419M, Non-Taxable: 141M, Alloc Tax Rate: 2.0x
[2026-04-03T06:31:34.954+0600][47.108s][info][gc          ] GC(19) Pause Init Update Refs 0.098ms
[2026-04-03T06:31:34.954+0600][47.108s][info][gc,start    ] GC(19) Concurrent update references
[2026-04-03T06:31:34.954+0600][47.108s][info][gc,task     ] GC(19) Using 3 of 6 workers for concurrent reference update
[2026-04-03T06:31:35.712+0600][47.867s][info][gc          ] GC(19) Concurrent update references 758.583ms
[2026-04-03T06:31:35.713+0600][47.867s][info][gc,start    ] GC(19) Concurrent update thread roots
[2026-04-03T06:31:35.713+0600][47.867s][info][gc          ] GC(19) Concurrent update thread roots 0.312ms
[2026-04-03T06:31:35.713+0600][47.867s][info][gc,start    ] GC(19) Pause Final Update Refs
[2026-04-03T06:31:35.713+0600][47.867s][info][gc,task     ] GC(19) Using 6 of 6 workers for final reference update
[2026-04-03T06:31:35.713+0600][47.867s][info][gc          ] GC(19) Pause Final Update Refs 0.247ms
[2026-04-03T06:31:35.714+0600][47.868s][info][gc,start    ] GC(19) Concurrent cleanup
[2026-04-03T06:31:35.714+0600][47.869s][info][gc          ] GC(19) Concurrent cleanup 2979M->1754M(3085M) 0.932ms
[2026-04-03T06:31:35.715+0600][47.869s][info][gc,ergo     ] Free: 1969M, Max: 1024K regular, 849M humongous, Frag: 57% external, 0% internal; Reserve: 197M, Max: 1024K
[2026-04-03T06:31:35.715+0600][47.869s][info][gc,stats    ] 
[2026-04-03T06:31:35.715+0600][47.869s][info][gc,stats    ] All times are wall-clock times, except per-root-class counters, that are sum over
[2026-04-03T06:31:35.715+0600][47.869s][info][gc,stats    ] all workers. Dividing the <total> over the root stage time estimates parallelism.
[2026-04-03T06:31:35.715+0600][47.869s][info][gc,stats    ] 
[2026-04-03T06:31:35.715+0600][47.869s][info][gc,stats    ] Concurrent Reset                  12406 us
[2026-04-03T06:31:35.715+0600][47.869s][info][gc,stats    ] Pause Init Mark (G)                 948 us
[2026-04-03T06:31:35.715+0600][47.869s][info][gc,stats    ] Pause Init Mark (N)                 438 us
[2026-04-03T06:31:35.715+0600][47.869s][info][gc,stats    ]   Update Region States               77 us
[2026-04-03T06:31:35.715+0600][47.869s][info][gc,stats    ] Concurrent Mark Roots               700 us, parallelism: 0.80x
[2026-04-03T06:31:35.715+0600][47.869s][info][gc,stats    ]   CMR: <total>                      560 us
[2026-04-03T06:31:35.715+0600][47.869s][info][gc,stats    ]   CMR: Thread Roots                 397 us, workers (us): 130, 267,   0, ---, ---, ---, 
[2026-04-03T06:31:35.715+0600][47.869s][info][gc,stats    ]   CMR: VM Strong Roots               26 us, workers (us):  15,  10,   0, ---, ---, ---, 
[2026-04-03T06:31:35.715+0600][47.869s][info][gc,stats    ]   CMR: CLDG Roots                   137 us, workers (us): 137, ---, ---, ---, ---, ---, 
[2026-04-03T06:31:35.715+0600][47.869s][info][gc,stats    ] Concurrent Marking               854894 us
[2026-04-03T06:31:35.715+0600][47.869s][info][gc,stats    ] Pause Final Mark (G)               2380 us
[2026-04-03T06:31:35.715+0600][47.869s][info][gc,stats    ] Pause Final Mark (N)               1162 us
[2026-04-03T06:31:35.715+0600][47.869s][info][gc,stats    ]   Finish Mark                       278 us
[2026-04-03T06:31:35.715+0600][47.869s][info][gc,stats    ]   Update Region States               72 us
[2026-04-03T06:31:35.715+0600][47.869s][info][gc,stats    ]   Choose Collection Set             614 us
[2026-04-03T06:31:35.715+0600][47.869s][info][gc,stats    ]   Rebuild Free Set                   50 us
[2026-04-03T06:31:35.715+0600][47.869s][info][gc,stats    ] Concurrent Thread Roots             776 us, parallelism: 0.98x
[2026-04-03T06:31:35.715+0600][47.869s][info][gc,stats    ]   CTR: <total>                      759 us
[2026-04-03T06:31:35.715+0600][47.869s][info][gc,stats    ]   CTR: Thread Roots                 759 us, workers (us): 533, 227,   0, ---, ---, ---, 
[2026-04-03T06:31:35.715+0600][47.869s][info][gc,stats    ] Concurrent Weak References          349 us, parallelism: 0.05x
[2026-04-03T06:31:35.715+0600][47.869s][info][gc,stats    ]   CWRF: <total>                      18 us
[2026-04-03T06:31:35.715+0600][47.869s][info][gc,stats    ]   CWRF: Weak References              18 us, workers (us):  18,   0,   0, ---, ---, ---, 
[2026-04-03T06:31:35.715+0600][47.869s][info][gc,stats    ] Concurrent Weak Roots              6178 us
[2026-04-03T06:31:35.715+0600][47.869s][info][gc,stats    ]   Roots                            2567 us, parallelism: 0.93x
[2026-04-03T06:31:35.715+0600][47.869s][info][gc,stats    ]     CWR: <total>                   2390 us
[2026-04-03T06:31:35.715+0600][47.869s][info][gc,stats    ]     CWR: Code Cache Roots          1651 us, workers (us): 1650,   0,   0, ---, ---, ---, 
[2026-04-03T06:31:35.715+0600][47.869s][info][gc,stats    ]     CWR: VM Weak Roots              728 us, workers (us): 726,   2,   0, ---, ---, ---, 
[2026-04-03T06:31:35.715+0600][47.869s][info][gc,stats    ]     CWR: CLDG Roots                  11 us, workers (us):  11, ---, ---, ---, ---, ---, 
[2026-04-03T06:31:35.715+0600][47.869s][info][gc,stats    ]   Rendezvous                       3455 us
[2026-04-03T06:31:35.715+0600][47.869s][info][gc,stats    ] Concurrent Cleanup                 1094 us
[2026-04-03T06:31:35.715+0600][47.869s][info][gc,stats    ] Concurrent Class Unloading        10413 us
[2026-04-03T06:31:35.715+0600][47.869s][info][gc,stats    ]   Unlink Stale                     6672 us
[2026-04-03T06:31:35.715+0600][47.869s][info][gc,stats    ]     System Dictionary                21 us
[2026-04-03T06:31:35.715+0600][47.869s][info][gc,stats    ]     Weak Class Links                  0 us
[2026-04-03T06:31:35.715+0600][47.869s][info][gc,stats    ]     Code Roots                     6647 us
[2026-04-03T06:31:35.715+0600][47.869s][info][gc,stats    ]   Rendezvous                       3345 us
[2026-04-03T06:31:35.715+0600][47.869s][info][gc,stats    ]   Purge Unlinked                    208 us
[2026-04-03T06:31:35.715+0600][47.869s][info][gc,stats    ]     Code Roots                      188 us
[2026-04-03T06:31:35.715+0600][47.869s][info][gc,stats    ]     CLDG                             18 us
[2026-04-03T06:31:35.715+0600][47.869s][info][gc,stats    ]     Exception Caches                  1 us
[2026-04-03T06:31:35.715+0600][47.869s][info][gc,stats    ] Concurrent Strong Roots             328 us, parallelism: 0.38x
[2026-04-03T06:31:35.715+0600][47.869s][info][gc,stats    ]   CSR: <total>                      124 us
[2026-04-03T06:31:35.715+0600][47.869s][info][gc,stats    ]   CSR: VM Strong Roots               22 us, workers (us):  19,   3,   0, ---, ---, ---, 
[2026-04-03T06:31:35.715+0600][47.869s][info][gc,stats    ]   CSR: CLDG Roots                   102 us, workers (us): 102, ---, ---, ---, ---, ---, 
[2026-04-03T06:31:35.715+0600][47.869s][info][gc,stats    ] Concurrent Evacuation             59588 us
[2026-04-03T06:31:35.715+0600][47.869s][info][gc,stats    ] Pause Init Update Refs (G)          526 us
[2026-04-03T06:31:35.715+0600][47.869s][info][gc,stats    ] Pause Init Update Refs (N)          137 us
[2026-04-03T06:31:35.715+0600][47.869s][info][gc,stats    ]   Manage GCLABs                       9 us
[2026-04-03T06:31:35.715+0600][47.869s][info][gc,stats    ] Concurrent Update Refs           758714 us
[2026-04-03T06:31:35.715+0600][47.869s][info][gc,stats    ] Concurrent Update Thread Roots      400 us
[2026-04-03T06:31:35.715+0600][47.869s][info][gc,stats    ] Pause Final Update Refs (G)         542 us
[2026-04-03T06:31:35.715+0600][47.869s][info][gc,stats    ] Pause Final Update Refs (N)         282 us
[2026-04-03T06:31:35.715+0600][47.869s][info][gc,stats    ]   Update Region States               69 us
[2026-04-03T06:31:35.715+0600][47.869s][info][gc,stats    ]   Trash Collection Set               22 us
[2026-04-03T06:31:35.715+0600][47.869s][info][gc,stats    ]   Rebuild Free Set                   44 us
[2026-04-03T06:31:35.715+0600][47.869s][info][gc,stats    ] Concurrent Cleanup                  978 us
[2026-04-03T06:31:35.715+0600][47.869s][info][gc,stats    ] Pacing                          2677019 us
[2026-04-03T06:31:35.715+0600][47.870s][info][gc,stats    ] 
[2026-04-03T06:31:35.716+0600][47.870s][info][gc,stats    ] Allocation pacing accrued:
[2026-04-03T06:31:35.716+0600][47.870s][info][gc,stats    ]     197 of  1815 ms ( 10.8%): OE_Thread:0
[2026-04-03T06:31:35.716+0600][47.870s][info][gc,stats    ]     220 of  1815 ms ( 12.1%): OE_Thread:1
[2026-04-03T06:31:35.716+0600][47.870s][info][gc,stats    ]     243 of  1815 ms ( 13.4%): OE_Thread:2
[2026-04-03T06:31:35.716+0600][47.870s][info][gc,stats    ]     188 of  1815 ms ( 10.3%): OE_Thread:3
[2026-04-03T06:31:35.716+0600][47.870s][info][gc,stats    ]     237 of  1815 ms ( 13.1%): OE_Thread:4
[2026-04-03T06:31:35.716+0600][47.870s][info][gc,stats    ]     203 of  1815 ms ( 11.2%): OE_Thread:5
[2026-04-03T06:31:35.716+0600][47.870s][info][gc,stats    ]     224 of  1815 ms ( 12.3%): OE_Thread:6
[2026-04-03T06:31:35.716+0600][47.870s][info][gc,stats    ]     246 of  1815 ms ( 13.6%): OE_Thread:7
[2026-04-03T06:31:35.716+0600][47.870s][info][gc,stats    ]     223 of  1815 ms ( 12.3%): OE_Thread:8
[2026-04-03T06:31:35.716+0600][47.870s][info][gc,stats    ]     242 of  1815 ms ( 13.4%): OE_Thread:9
[2026-04-03T06:31:35.716+0600][47.870s][info][gc,stats    ]     226 of  1815 ms ( 12.5%): OE_Thread:10
[2026-04-03T06:31:35.716+0600][47.870s][info][gc,stats    ]     229 of  1815 ms ( 12.6%): OE_Thread:11
[2026-04-03T06:31:35.716+0600][47.870s][info][gc,stats    ]    2677 of  1815 ms (147.5%): <total>
[2026-04-03T06:31:35.716+0600][47.870s][info][gc,stats    ]     122 of  1815 ms (  6.7%): <average total>
[2026-04-03T06:31:35.716+0600][47.870s][info][gc,stats    ]     223 of  1815 ms ( 12.3%): <average non-zero>
[2026-04-03T06:31:35.716+0600][47.870s][info][gc,stats    ] 
[2026-04-03T06:31:35.716+0600][47.870s][info][gc,metaspace] Metaspace: 10159K(10368K)->10160K(10368K) NonClass: 9279K(9408K)->9280K(9408K) Class: 879K(960K)->879K(960K)
[2026-04-03T06:31:35.716+0600][47.870s][info][gc,ergo     ] Pacer for Idle. Initial: 80302K, Alloc Tax Rate: 1.0x
[2026-04-03T06:31:35.798+0600][47.953s][info][gc          ] Trigger: Average GC time (1787.12 ms) is above the time for average allocation rate (926 MB/s) to deplete free headroom (1653M) (margin of error = 1.93)
[2026-04-03T06:31:35.799+0600][47.953s][info][gc,ergo     ] Free headroom: 1849M (free) - 196M (spike) - 0B (penalties) = 1653M
[2026-04-03T06:31:35.799+0600][47.953s][info][gc,ergo     ] Free: 1849M, Max: 1024K regular, 849M humongous, Frag: 55% external, 0% internal; Reserve: 197M, Max: 1024K
[2026-04-03T06:31:35.799+0600][47.953s][info][gc,start    ] GC(20) Concurrent reset
[2026-04-03T06:31:35.799+0600][47.953s][info][gc,task     ] GC(20) Using 3 of 6 workers for concurrent reset
[2026-04-03T06:31:35.799+0600][47.953s][info][gc,ergo     ] GC(20) Pacer for Reset. Non-Taxable: 3921M
[2026-04-03T06:31:35.806+0600][47.960s][info][gc          ] GC(20) Concurrent reset 6.973ms
[2026-04-03T06:31:35.806+0600][47.960s][info][gc,start    ] GC(20) Pause Init Mark (unload classes)
[2026-04-03T06:31:35.806+0600][47.960s][info][gc,task     ] GC(20) Using 6 of 6 workers for init marking
[2026-04-03T06:31:35.806+0600][47.961s][info][gc,ergo     ] GC(20) Pacer for Mark. Expected Live: 494M, Free: 1842M, Non-Taxable: 184M, Alloc Tax Rate: 0.3x
[2026-04-03T06:31:35.807+0600][47.961s][info][gc          ] GC(20) Pause Init Mark (unload classes) 0.194ms
[2026-04-03T06:31:35.807+0600][47.961s][info][gc,start    ] GC(20) Concurrent marking roots
[2026-04-03T06:31:35.807+0600][47.961s][info][gc,task     ] GC(20) Using 3 of 6 workers for concurrent marking roots
[2026-04-03T06:31:35.807+0600][47.961s][info][gc          ] GC(20) Concurrent marking roots 0.603ms
[2026-04-03T06:31:35.807+0600][47.961s][info][gc,start    ] GC(20) Concurrent marking (unload classes)
[2026-04-03T06:31:35.807+0600][47.961s][info][gc,task     ] GC(20) Using 3 of 6 workers for concurrent marking
[2026-04-03T06:31:36.685+0600][48.839s][info][gc          ] GC(20) Concurrent marking (unload classes) 878.078ms
[2026-04-03T06:31:36.686+0600][48.840s][info][gc,start    ] GC(20) Pause Final Mark (unload classes)
[2026-04-03T06:31:36.686+0600][48.840s][info][gc,task     ] GC(20) Using 6 of 6 workers for final marking
[2026-04-03T06:31:36.686+0600][48.840s][info][gc,ergo     ] GC(20) Adaptive CSet Selection. Target Free: 555M, Actual Free: 1544M, Max CSet: 163M, Min Garbage: 0B
[2026-04-03T06:31:36.687+0600][48.841s][info][gc,ergo     ] GC(20) Collectable Garbage: 1330M (97%), Immediate: 0B (0%), CSet: 1330M (97%)
[2026-04-03T06:31:36.687+0600][48.841s][info][gc,ergo     ] GC(20) Pacer for Evacuation. Used CSet: 1377M, Free: 1347M, Non-Taxable: 134M, Alloc Tax Rate: 2.5x
[2026-04-03T06:31:36.687+0600][48.841s][info][gc          ] GC(20) Pause Final Mark (unload classes) 1.492ms
[2026-04-03T06:31:36.687+0600][48.841s][info][gc,start    ] GC(20) Concurrent thread roots
[2026-04-03T06:31:36.687+0600][48.841s][info][gc,task     ] GC(20) Using 3 of 6 workers for Concurrent thread roots
[2026-04-03T06:31:36.688+0600][48.842s][info][gc          ] GC(20) Concurrent thread roots 0.407ms
[2026-04-03T06:31:36.688+0600][48.842s][info][gc,start    ] GC(20) Concurrent weak references
[2026-04-03T06:31:36.688+0600][48.842s][info][gc,task     ] GC(20) Using 3 of 6 workers for concurrent weak references
[2026-04-03T06:31:36.688+0600][48.842s][info][gc,ref      ] GC(20) Encountered references: Soft: 117, Weak: 415, Final: 3, Phantom: 56
[2026-04-03T06:31:36.688+0600][48.842s][info][gc,ref      ] GC(20) Discovered  references: Soft: 0, Weak: 129, Final: 1, Phantom: 31
[2026-04-03T06:31:36.688+0600][48.842s][info][gc,ref      ] GC(20) Enqueued    references: Soft: 0, Weak: 0, Final: 0, Phantom: 0
[2026-04-03T06:31:36.688+0600][48.842s][info][gc          ] GC(20) Concurrent weak references 0.196ms
[2026-04-03T06:31:36.688+0600][48.842s][info][gc,start    ] GC(20) Concurrent weak roots
[2026-04-03T06:31:36.688+0600][48.842s][info][gc,task     ] GC(20) Using 3 of 6 workers for concurrent weak root
[2026-04-03T06:31:36.692+0600][48.846s][info][gc          ] GC(20) Concurrent weak roots 3.551ms
[2026-04-03T06:31:36.692+0600][48.846s][info][gc,start    ] GC(20) Concurrent cleanup
[2026-04-03T06:31:36.692+0600][48.846s][info][gc          ] GC(20) Concurrent cleanup 2383M->2384M(3085M) 0.774ms
[2026-04-03T06:31:36.693+0600][48.847s][info][gc,ergo     ] GC(20) Free: 1340M, Max: 1024K regular, 777M humongous, Frag: 43% external, 0% internal; Reserve: 196M, Max: 1024K
[2026-04-03T06:31:36.693+0600][48.847s][info][gc,start    ] GC(20) Concurrent class unloading
[2026-04-03T06:31:36.693+0600][48.847s][info][gc,task     ] GC(20) Using 3 of 6 workers for concurrent class unloading
[2026-04-03T06:31:36.697+0600][48.851s][info][gc          ] GC(20) Concurrent class unloading 4.120ms
[2026-04-03T06:31:36.697+0600][48.851s][info][gc,start    ] GC(20) Concurrent strong roots
[2026-04-03T06:31:36.697+0600][48.851s][info][gc,task     ] GC(20) Using 3 of 6 workers for concurrent strong root
[2026-04-03T06:31:36.697+0600][48.851s][info][gc          ] GC(20) Concurrent strong roots 0.258ms
[2026-04-03T06:31:36.697+0600][48.851s][info][gc,start    ] GC(20) Concurrent evacuation
[2026-04-03T06:31:36.697+0600][48.851s][info][gc,task     ] GC(20) Using 3 of 6 workers for concurrent evacuation
[2026-04-03T06:31:36.755+0600][48.909s][info][gc          ] GC(20) Concurrent evacuation 58.190ms
[2026-04-03T06:31:36.756+0600][48.910s][info][gc,start    ] GC(20) Pause Init Update Refs
[2026-04-03T06:31:36.756+0600][48.910s][info][gc,ergo     ] GC(20) Pacer for Update Refs. Used: 2486M, Free: 1286M, Non-Taxable: 128M, Alloc Tax Rate: 2.4x
[2026-04-03T06:31:36.756+0600][48.910s][info][gc          ] GC(20) Pause Init Update Refs 0.088ms
[2026-04-03T06:31:36.756+0600][48.910s][info][gc,start    ] GC(20) Concurrent update references
[2026-04-03T06:31:36.756+0600][48.910s][info][gc,task     ] GC(20) Using 3 of 6 workers for concurrent reference update
[2026-04-03T06:31:37.519+0600][49.673s][info][gc          ] GC(20) Concurrent update references 762.912ms
[2026-04-03T06:31:37.519+0600][49.673s][info][gc,start    ] GC(20) Concurrent update thread roots
[2026-04-03T06:31:37.519+0600][49.673s][info][gc          ] GC(20) Concurrent update thread roots 0.441ms
[2026-04-03T06:31:37.520+0600][49.674s][info][gc,start    ] GC(20) Pause Final Update Refs
[2026-04-03T06:31:37.520+0600][49.674s][info][gc,task     ] GC(20) Using 6 of 6 workers for final reference update
[2026-04-03T06:31:37.520+0600][49.674s][info][gc          ] GC(20) Pause Final Update Refs 0.205ms
[2026-04-03T06:31:37.523+0600][49.677s][info][gc,start    ] GC(20) Concurrent cleanup
[2026-04-03T06:31:37.524+0600][49.678s][info][gc          ] GC(20) Concurrent cleanup 3146M->1774M(3148M) 0.607ms
[2026-04-03T06:31:37.524+0600][49.678s][info][gc,ergo     ] Free: 1949M, Max: 1024K regular, 1044M humongous, Frag: 47% external, 0% internal; Reserve: 197M, Max: 1024K
[2026-04-03T06:31:37.524+0600][49.678s][info][gc,stats    ] 
[2026-04-03T06:31:37.524+0600][49.678s][info][gc,stats    ] All times are wall-clock times, except per-root-class counters, that are sum over
[2026-04-03T06:31:37.524+0600][49.678s][info][gc,stats    ] all workers. Dividing the <total> over the root stage time estimates parallelism.
[2026-04-03T06:31:37.524+0600][49.678s][info][gc,stats    ] 
[2026-04-03T06:31:37.524+0600][49.678s][info][gc,stats    ] Concurrent Reset                   7128 us
[2026-04-03T06:31:37.524+0600][49.678s][info][gc,stats    ] Pause Init Mark (G)                 725 us
[2026-04-03T06:31:37.524+0600][49.678s][info][gc,stats    ] Pause Init Mark (N)                 207 us
[2026-04-03T06:31:37.524+0600][49.678s][info][gc,stats    ]   Update Region States               58 us
[2026-04-03T06:31:37.524+0600][49.678s][info][gc,stats    ] Concurrent Mark Roots               663 us, parallelism: 0.53x
[2026-04-03T06:31:37.524+0600][49.678s][info][gc,stats    ]   CMR: <total>                      352 us
[2026-04-03T06:31:37.524+0600][49.678s][info][gc,stats    ]   CMR: Thread Roots                 221 us, workers (us): 220,   0,   0, ---, ---, ---, 
[2026-04-03T06:31:37.524+0600][49.678s][info][gc,stats    ]   CMR: VM Strong Roots               13 us, workers (us):  13,   0,   0, ---, ---, ---, 
[2026-04-03T06:31:37.524+0600][49.678s][info][gc,stats    ]   CMR: CLDG Roots                   118 us, workers (us): 118, ---, ---, ---, ---, ---, 
[2026-04-03T06:31:37.524+0600][49.678s][info][gc,stats    ] Concurrent Marking               878215 us
[2026-04-03T06:31:37.524+0600][49.678s][info][gc,stats    ] Pause Final Mark (G)               1816 us
[2026-04-03T06:31:37.524+0600][49.678s][info][gc,stats    ] Pause Final Mark (N)               1507 us
[2026-04-03T06:31:37.524+0600][49.678s][info][gc,stats    ]   Finish Mark                       241 us
[2026-04-03T06:31:37.524+0600][49.678s][info][gc,stats    ]   Update Region States               93 us
[2026-04-03T06:31:37.524+0600][49.678s][info][gc,stats    ]   Choose Collection Set             916 us
[2026-04-03T06:31:37.524+0600][49.678s][info][gc,stats    ]   Rebuild Free Set                   92 us
[2026-04-03T06:31:37.524+0600][49.678s][info][gc,stats    ] Concurrent Thread Roots             448 us, parallelism: 0.86x
[2026-04-03T06:31:37.524+0600][49.678s][info][gc,stats    ]   CTR: <total>                      385 us
[2026-04-03T06:31:37.524+0600][49.678s][info][gc,stats    ]   CTR: Thread Roots                 385 us, workers (us): 197, 188,   0, ---, ---, ---, 
[2026-04-03T06:31:37.524+0600][49.678s][info][gc,stats    ] Concurrent Weak References          209 us, parallelism: 0.19x
[2026-04-03T06:31:37.524+0600][49.678s][info][gc,stats    ]   CWRF: <total>                      40 us
[2026-04-03T06:31:37.524+0600][49.678s][info][gc,stats    ]   CWRF: Weak References              40 us, workers (us):  38,   1,   0, ---, ---, ---, 
[2026-04-03T06:31:37.524+0600][49.678s][info][gc,stats    ] Concurrent Weak Roots              3658 us
[2026-04-03T06:31:37.524+0600][49.678s][info][gc,stats    ]   Roots                            3316 us, parallelism: 0.75x
[2026-04-03T06:31:37.524+0600][49.678s][info][gc,stats    ]     CWR: <total>                   2479 us
[2026-04-03T06:31:37.524+0600][49.678s][info][gc,stats    ]     CWR: Code Cache Roots          1786 us, workers (us): 860, 926,   0, ---, ---, ---, 
[2026-04-03T06:31:37.525+0600][49.679s][info][gc,stats    ]     CWR: VM Weak Roots              681 us, workers (us): 343, 337,   1, ---, ---, ---, 
[2026-04-03T06:31:37.525+0600][49.679s][info][gc,stats    ]     CWR: CLDG Roots                  11 us, workers (us):  11, ---, ---, ---, ---, ---, 
[2026-04-03T06:31:37.525+0600][49.679s][info][gc,stats    ]   Rendezvous                        197 us
[2026-04-03T06:31:37.525+0600][49.679s][info][gc,stats    ] Concurrent Cleanup                  838 us
[2026-04-03T06:31:37.525+0600][49.679s][info][gc,stats    ] Concurrent Class Unloading         4223 us
[2026-04-03T06:31:37.525+0600][49.679s][info][gc,stats    ]   Unlink Stale                     3595 us
[2026-04-03T06:31:37.525+0600][49.679s][info][gc,stats    ]     System Dictionary                18 us
[2026-04-03T06:31:37.525+0600][49.679s][info][gc,stats    ]     Weak Class Links                  1 us
[2026-04-03T06:31:37.525+0600][49.679s][info][gc,stats    ]     Code Roots                     3574 us
[2026-04-03T06:31:37.525+0600][49.679s][info][gc,stats    ]   Rendezvous                        333 us
[2026-04-03T06:31:37.525+0600][49.679s][info][gc,stats    ]   Purge Unlinked                    153 us
[2026-04-03T06:31:37.525+0600][49.679s][info][gc,stats    ]     Code Roots                      144 us
[2026-04-03T06:31:37.525+0600][49.679s][info][gc,stats    ]     CLDG                              8 us
[2026-04-03T06:31:37.525+0600][49.679s][info][gc,stats    ]     Exception Caches                  0 us
[2026-04-03T06:31:37.525+0600][49.679s][info][gc,stats    ] Concurrent Strong Roots             282 us, parallelism: 0.40x
[2026-04-03T06:31:37.525+0600][49.679s][info][gc,stats    ]   CSR: <total>                      114 us
[2026-04-03T06:31:37.525+0600][49.679s][info][gc,stats    ]   CSR: VM Strong Roots               16 us, workers (us):  14,   2,   0, ---, ---, ---, 
[2026-04-03T06:31:37.525+0600][49.679s][info][gc,stats    ]   CSR: CLDG Roots                    98 us, workers (us):  98, ---, ---, ---, ---, ---, 
[2026-04-03T06:31:37.525+0600][49.679s][info][gc,stats    ] Concurrent Evacuation             58288 us
[2026-04-03T06:31:37.525+0600][49.679s][info][gc,stats    ] Pause Init Update Refs (G)          567 us
[2026-04-03T06:31:37.525+0600][49.679s][info][gc,stats    ] Pause Init Update Refs (N)          100 us
[2026-04-03T06:31:37.525+0600][49.679s][info][gc,stats    ]   Manage GCLABs                       8 us
[2026-04-03T06:31:37.525+0600][49.679s][info][gc,stats    ] Concurrent Update Refs           763024 us
[2026-04-03T06:31:37.525+0600][49.679s][info][gc,stats    ] Concurrent Update Thread Roots      596 us
[2026-04-03T06:31:37.525+0600][49.679s][info][gc,stats    ] Pause Final Update Refs (G)        3684 us
[2026-04-03T06:31:37.525+0600][49.679s][info][gc,stats    ] Pause Final Update Refs (N)         220 us
[2026-04-03T06:31:37.525+0600][49.679s][info][gc,stats    ]   Update Region States               60 us
[2026-04-03T06:31:37.525+0600][49.679s][info][gc,stats    ]   Trash Collection Set               19 us
[2026-04-03T06:31:37.525+0600][49.679s][info][gc,stats    ]   Rebuild Free Set                   43 us
[2026-04-03T06:31:37.525+0600][49.679s][info][gc,stats    ] Concurrent Cleanup                  664 us
[2026-04-03T06:31:37.525+0600][49.679s][info][gc,stats    ] Pacing                          4304012 us
[2026-04-03T06:31:37.525+0600][49.679s][info][gc,stats    ] 
[2026-04-03T06:31:37.525+0600][49.679s][info][gc,stats    ] Allocation pacing accrued:
[2026-04-03T06:31:37.525+0600][49.679s][info][gc,stats    ]     369 of  1809 ms ( 20.4%): OE_Thread:0
[2026-04-03T06:31:37.525+0600][49.679s][info][gc,stats    ]     335 of  1809 ms ( 18.5%): OE_Thread:1
[2026-04-03T06:31:37.525+0600][49.679s][info][gc,stats    ]     336 of  1809 ms ( 18.5%): OE_Thread:2
[2026-04-03T06:31:37.525+0600][49.679s][info][gc,stats    ]     362 of  1809 ms ( 20.0%): OE_Thread:3
[2026-04-03T06:31:37.525+0600][49.679s][info][gc,stats    ]     336 of  1809 ms ( 18.6%): OE_Thread:4
[2026-04-03T06:31:37.525+0600][49.679s][info][gc,stats    ]     371 of  1809 ms ( 20.5%): OE_Thread:5
[2026-04-03T06:31:37.525+0600][49.679s][info][gc,stats    ]     368 of  1809 ms ( 20.4%): OE_Thread:6
[2026-04-03T06:31:37.525+0600][49.679s][info][gc,stats    ]     369 of  1809 ms ( 20.4%): OE_Thread:7
[2026-04-03T06:31:37.525+0600][49.679s][info][gc,stats    ]     359 of  1809 ms ( 19.8%): OE_Thread:8
[2026-04-03T06:31:37.525+0600][49.679s][info][gc,stats    ]     372 of  1809 ms ( 20.5%): OE_Thread:9
[2026-04-03T06:31:37.525+0600][49.679s][info][gc,stats    ]     369 of  1809 ms ( 20.4%): OE_Thread:10
[2026-04-03T06:31:37.525+0600][49.679s][info][gc,stats    ]     358 of  1809 ms ( 19.8%): OE_Thread:11
[2026-04-03T06:31:37.525+0600][49.679s][info][gc,stats    ]    4304 of  1809 ms (237.9%): <total>
[2026-04-03T06:31:37.525+0600][49.679s][info][gc,stats    ]     196 of  1809 ms ( 10.8%): <average total>
[2026-04-03T06:31:37.525+0600][49.679s][info][gc,stats    ]     359 of  1809 ms ( 19.8%): <average non-zero>
[2026-04-03T06:31:37.525+0600][49.679s][info][gc,stats    ] 
[2026-04-03T06:31:37.525+0600][49.679s][info][gc,metaspace] Metaspace: 10160K(10368K)->10160K(10368K) NonClass: 9280K(9408K)->9280K(9408K) Class: 879K(960K)->879K(960K)
[2026-04-03T06:31:37.525+0600][49.679s][info][gc,ergo     ] Pacer for Idle. Initial: 80302K, Alloc Tax Rate: 1.0x
[2026-04-03T06:31:37.627+0600][49.781s][info][gc          ] Trigger: Average GC time (1789.16 ms) is above the time for average allocation rate (1109 MB/s) to deplete free headroom (1610M) (margin of error = 1.93)
[2026-04-03T06:31:37.627+0600][49.781s][info][gc,ergo     ] Free headroom: 1806M (free) - 196M (spike) - 0B (penalties) = 1610M
[2026-04-03T06:31:37.627+0600][49.781s][info][gc,ergo     ] Free: 1806M, Max: 1024K regular, 1044M humongous, Frag: 43% external, 0% internal; Reserve: 197M, Max: 1024K
[2026-04-03T06:31:37.627+0600][49.781s][info][gc,start    ] GC(21) Concurrent reset
[2026-04-03T06:31:37.627+0600][49.781s][info][gc,task     ] GC(21) Using 3 of 6 workers for concurrent reset
[2026-04-03T06:31:37.627+0600][49.781s][info][gc,ergo     ] GC(21) Pacer for Reset. Non-Taxable: 3921M
[2026-04-03T06:31:37.638+0600][49.792s][info][gc          ] GC(21) Concurrent reset 11.135ms
[2026-04-03T06:31:37.639+0600][49.793s][info][gc,start    ] GC(21) Pause Init Mark (unload classes)
[2026-04-03T06:31:37.639+0600][49.793s][info][gc,task     ] GC(21) Using 6 of 6 workers for init marking
[2026-04-03T06:31:37.639+0600][49.793s][info][gc,ergo     ] GC(21) Pacer for Mark. Expected Live: 501M, Free: 1792M, Non-Taxable: 179M, Alloc Tax Rate: 0.3x
[2026-04-03T06:31:37.639+0600][49.793s][info][gc          ] GC(21) Pause Init Mark (unload classes) 0.170ms
[2026-04-03T06:31:37.639+0600][49.793s][info][gc,start    ] GC(21) Concurrent marking roots
[2026-04-03T06:31:37.639+0600][49.793s][info][gc,task     ] GC(21) Using 3 of 6 workers for concurrent marking roots
[2026-04-03T06:31:37.643+0600][49.797s][info][gc          ] GC(21) Concurrent marking roots 3.353ms
[2026-04-03T06:31:37.643+0600][49.797s][info][gc,start    ] GC(21) Concurrent marking (unload classes)
[2026-04-03T06:31:37.643+0600][49.797s][info][gc,task     ] GC(21) Using 3 of 6 workers for concurrent marking
[2026-04-03T06:31:38.453+0600][50.607s][info][gc          ] GC(21) Concurrent marking (unload classes) 810.671ms
[2026-04-03T06:31:38.454+0600][50.608s][info][gc,start    ] GC(21) Pause Final Mark (unload classes)
[2026-04-03T06:31:38.454+0600][50.608s][info][gc,task     ] GC(21) Using 6 of 6 workers for final marking
[2026-04-03T06:31:38.454+0600][50.608s][info][gc,ergo     ] GC(21) Adaptive CSet Selection. Target Free: 555M, Actual Free: 1481M, Max CSet: 163M, Min Garbage: 0B
[2026-04-03T06:31:38.455+0600][50.609s][info][gc,ergo     ] GC(21) Collectable Garbage: 1372M (97%), Immediate: 0B (0%), CSet: 1372M (97%)
[2026-04-03T06:31:38.455+0600][50.609s][info][gc,ergo     ] GC(21) Pacer for Evacuation. Used CSet: 1421M, Free: 1284M, Non-Taxable: 128M, Alloc Tax Rate: 2.7x
[2026-04-03T06:31:38.455+0600][50.609s][info][gc          ] GC(21) Pause Final Mark (unload classes) 1.163ms
[2026-04-03T06:31:38.457+0600][50.611s][info][gc,start    ] GC(21) Concurrent thread roots
[2026-04-03T06:31:38.457+0600][50.611s][info][gc,task     ] GC(21) Using 3 of 6 workers for Concurrent thread roots
[2026-04-03T06:31:38.457+0600][50.611s][info][gc          ] GC(21) Concurrent thread roots 0.377ms
[2026-04-03T06:31:38.457+0600][50.611s][info][gc,start    ] GC(21) Concurrent weak references
[2026-04-03T06:31:38.457+0600][50.611s][info][gc,task     ] GC(21) Using 3 of 6 workers for concurrent weak references
[2026-04-03T06:31:38.457+0600][50.611s][info][gc,ref      ] GC(21) Encountered references: Soft: 117, Weak: 415, Final: 3, Phantom: 56
[2026-04-03T06:31:38.457+0600][50.611s][info][gc,ref      ] GC(21) Discovered  references: Soft: 0, Weak: 116, Final: 1, Phantom: 35
[2026-04-03T06:31:38.457+0600][50.611s][info][gc,ref      ] GC(21) Enqueued    references: Soft: 0, Weak: 0, Final: 0, Phantom: 0
[2026-04-03T06:31:38.457+0600][50.611s][info][gc          ] GC(21) Concurrent weak references 0.158ms
[2026-04-03T06:31:38.457+0600][50.612s][info][gc,start    ] GC(21) Concurrent weak roots
[2026-04-03T06:31:38.457+0600][50.612s][info][gc,task     ] GC(21) Using 3 of 6 workers for concurrent weak root
[2026-04-03T06:31:38.461+0600][50.615s][info][gc          ] GC(21) Concurrent weak roots 3.222ms
[2026-04-03T06:31:38.461+0600][50.615s][info][gc,start    ] GC(21) Concurrent cleanup
[2026-04-03T06:31:38.462+0600][50.616s][info][gc          ] GC(21) Concurrent cleanup 2446M->2447M(3148M) 1.020ms
[2026-04-03T06:31:38.462+0600][50.616s][info][gc,ergo     ] GC(21) Free: 1277M, Max: 1024K regular, 658M humongous, Frag: 49% external, 0% internal; Reserve: 195M, Max: 1024K
[2026-04-03T06:31:38.462+0600][50.616s][info][gc,start    ] GC(21) Concurrent class unloading
[2026-04-03T06:31:38.462+0600][50.616s][info][gc,task     ] GC(21) Using 3 of 6 workers for concurrent class unloading
[2026-04-03T06:31:38.471+0600][50.625s][info][gc          ] GC(21) Concurrent class unloading 9.394ms
[2026-04-03T06:31:38.472+0600][50.626s][info][gc,start    ] GC(21) Concurrent strong roots
[2026-04-03T06:31:38.472+0600][50.626s][info][gc,task     ] GC(21) Using 3 of 6 workers for concurrent strong root
[2026-04-03T06:31:38.472+0600][50.626s][info][gc          ] GC(21) Concurrent strong roots 0.324ms
[2026-04-03T06:31:38.472+0600][50.626s][info][gc,start    ] GC(21) Concurrent evacuation
[2026-04-03T06:31:38.472+0600][50.626s][info][gc,task     ] GC(21) Using 3 of 6 workers for concurrent evacuation
[2026-04-03T06:31:38.539+0600][50.693s][info][gc          ] GC(21) Concurrent evacuation 67.329ms
[2026-04-03T06:31:38.540+0600][50.694s][info][gc,start    ] GC(21) Pause Init Update Refs
[2026-04-03T06:31:38.540+0600][50.694s][info][gc,ergo     ] GC(21) Pacer for Update Refs. Used: 2566M, Free: 1208M, Non-Taxable: 120M, Alloc Tax Rate: 2.6x
[2026-04-03T06:31:38.540+0600][50.694s][info][gc          ] GC(21) Pause Init Update Refs 0.098ms
[2026-04-03T06:31:38.540+0600][50.694s][info][gc,start    ] GC(21) Concurrent update references
[2026-04-03T06:31:38.540+0600][50.694s][info][gc,task     ] GC(21) Using 3 of 6 workers for concurrent reference update
[2026-04-03T06:31:39.335+0600][51.489s][info][gc          ] GC(21) Concurrent update references 794.749ms
[2026-04-03T06:31:39.335+0600][51.489s][info][gc,start    ] GC(21) Concurrent update thread roots
[2026-04-03T06:31:39.337+0600][51.492s][info][gc          ] GC(21) Concurrent update thread roots 2.388ms
[2026-04-03T06:31:39.338+0600][51.492s][info][gc,start    ] GC(21) Pause Final Update Refs
[2026-04-03T06:31:39.338+0600][51.492s][info][gc,task     ] GC(21) Using 6 of 6 workers for final reference update
[2026-04-03T06:31:39.338+0600][51.492s][info][gc          ] GC(21) Pause Final Update Refs 0.235ms
[2026-04-03T06:31:39.338+0600][51.493s][info][gc,start    ] GC(21) Concurrent cleanup
[2026-04-03T06:31:39.340+0600][51.494s][info][gc          ] GC(21) Concurrent cleanup 3238M->1818M(3239M) 1.031ms
[2026-04-03T06:31:39.340+0600][51.494s][info][gc,ergo     ] Free: 1905M, Max: 1024K regular, 849M humongous, Frag: 56% external, 0% internal; Reserve: 197M, Max: 1024K
[2026-04-03T06:31:39.340+0600][51.494s][info][gc,stats    ] 
[2026-04-03T06:31:39.340+0600][51.494s][info][gc,stats    ] All times are wall-clock times, except per-root-class counters, that are sum over
[2026-04-03T06:31:39.340+0600][51.494s][info][gc,stats    ] all workers. Dividing the <total> over the root stage time estimates parallelism.
[2026-04-03T06:31:39.340+0600][51.494s][info][gc,stats    ] 
[2026-04-03T06:31:39.340+0600][51.494s][info][gc,stats    ] Concurrent Reset                  11252 us
[2026-04-03T06:31:39.340+0600][51.494s][info][gc,stats    ] Pause Init Mark (G)                 686 us
[2026-04-03T06:31:39.340+0600][51.494s][info][gc,stats    ] Pause Init Mark (N)                 182 us
[2026-04-03T06:31:39.340+0600][51.494s][info][gc,stats    ]   Update Region States               64 us
[2026-04-03T06:31:39.340+0600][51.494s][info][gc,stats    ] Concurrent Mark Roots              3448 us, parallelism: 0.12x
[2026-04-03T06:31:39.340+0600][51.494s][info][gc,stats    ]   CMR: <total>                      428 us
[2026-04-03T06:31:39.340+0600][51.494s][info][gc,stats    ]   CMR: Thread Roots                 262 us, workers (us): 197,  64,   1, ---, ---, ---, 
[2026-04-03T06:31:39.340+0600][51.494s][info][gc,stats    ]   CMR: VM Strong Roots               29 us, workers (us):  17,  12,   0, ---, ---, ---, 
[2026-04-03T06:31:39.340+0600][51.494s][info][gc,stats    ]   CMR: CLDG Roots                   138 us, workers (us): ---, 138, ---, ---, ---, ---, 
[2026-04-03T06:31:39.340+0600][51.494s][info][gc,stats    ] Concurrent Marking               810808 us
[2026-04-03T06:31:39.340+0600][51.494s][info][gc,stats    ] Pause Final Mark (G)               3479 us
[2026-04-03T06:31:39.340+0600][51.494s][info][gc,stats    ] Pause Final Mark (N)               1213 us
[2026-04-03T06:31:39.340+0600][51.494s][info][gc,stats    ]   Finish Mark                       231 us
[2026-04-03T06:31:39.340+0600][51.494s][info][gc,stats    ]   Update Region States               67 us
[2026-04-03T06:31:39.340+0600][51.494s][info][gc,stats    ]   Choose Collection Set             676 us
[2026-04-03T06:31:39.340+0600][51.494s][info][gc,stats    ]   Rebuild Free Set                   79 us
[2026-04-03T06:31:39.340+0600][51.494s][info][gc,stats    ] Concurrent Thread Roots             420 us, parallelism: 0.73x
[2026-04-03T06:31:39.340+0600][51.494s][info][gc,stats    ]   CTR: <total>                      307 us
[2026-04-03T06:31:39.340+0600][51.494s][info][gc,stats    ]   CTR: Thread Roots                 307 us, workers (us): 186, 121,   0, ---, ---, ---, 
[2026-04-03T06:31:39.340+0600][51.494s][info][gc,stats    ] Concurrent Weak References          174 us, parallelism: 0.19x
[2026-04-03T06:31:39.340+0600][51.494s][info][gc,stats    ]   CWRF: <total>                      33 us
[2026-04-03T06:31:39.340+0600][51.494s][info][gc,stats    ]   CWRF: Weak References              33 us, workers (us):  31,   2,   0, ---, ---, ---, 
[2026-04-03T06:31:39.340+0600][51.494s][info][gc,stats    ] Concurrent Weak Roots              3327 us
[2026-04-03T06:31:39.340+0600][51.494s][info][gc,stats    ]   Roots                            1031 us, parallelism: 2.51x
[2026-04-03T06:31:39.340+0600][51.494s][info][gc,stats    ]     CWR: <total>                   2592 us
[2026-04-03T06:31:39.340+0600][51.494s][info][gc,stats    ]     CWR: Code Cache Roots          1933 us, workers (us): 567, 680, 686, ---, ---, ---, 
[2026-04-03T06:31:39.340+0600][51.494s][info][gc,stats    ]     CWR: VM Weak Roots              646 us, workers (us): 247, 241, 158, ---, ---, ---, 
[2026-04-03T06:31:39.340+0600][51.494s][info][gc,stats    ]     CWR: CLDG Roots                  13 us, workers (us): ---,  13, ---, ---, ---, ---, 
[2026-04-03T06:31:39.340+0600][51.494s][info][gc,stats    ]   Rendezvous                       2159 us
[2026-04-03T06:31:39.340+0600][51.494s][info][gc,stats    ] Concurrent Cleanup                 1086 us
[2026-04-03T06:31:39.340+0600][51.494s][info][gc,stats    ] Concurrent Class Unloading         9730 us
[2026-04-03T06:31:39.340+0600][51.494s][info][gc,stats    ]   Unlink Stale                     5804 us
[2026-04-03T06:31:39.340+0600][51.494s][info][gc,stats    ]     System Dictionary               197 us
[2026-04-03T06:31:39.340+0600][51.494s][info][gc,stats    ]     Weak Class Links                  1 us
[2026-04-03T06:31:39.340+0600][51.494s][info][gc,stats    ]     Code Roots                     5603 us
[2026-04-03T06:31:39.340+0600][51.494s][info][gc,stats    ]   Rendezvous                       3361 us
[2026-04-03T06:31:39.340+0600][51.494s][info][gc,stats    ]   Purge Unlinked                    188 us
[2026-04-03T06:31:39.340+0600][51.494s][info][gc,stats    ]     Code Roots                      176 us
[2026-04-03T06:31:39.340+0600][51.494s][info][gc,stats    ]     CLDG                             11 us
[2026-04-03T06:31:39.340+0600][51.494s][info][gc,stats    ]     Exception Caches                  0 us
[2026-04-03T06:31:39.340+0600][51.494s][info][gc,stats    ] Concurrent Strong Roots             353 us, parallelism: 0.28x
[2026-04-03T06:31:39.340+0600][51.494s][info][gc,stats    ]   CSR: <total>                       99 us
[2026-04-03T06:31:39.340+0600][51.494s][info][gc,stats    ]   CSR: VM Strong Roots               14 us, workers (us):  12,   0,   2, ---, ---, ---, 
[2026-04-03T06:31:39.340+0600][51.495s][info][gc,stats    ]   CSR: CLDG Roots                    85 us, workers (us):  85, ---, ---, ---, ---, ---, 
[2026-04-03T06:31:39.340+0600][51.495s][info][gc,stats    ] Concurrent Evacuation             67471 us
[2026-04-03T06:31:39.341+0600][51.495s][info][gc,stats    ] Pause Init Update Refs (G)          680 us
[2026-04-03T06:31:39.341+0600][51.495s][info][gc,stats    ] Pause Init Update Refs (N)          111 us
[2026-04-03T06:31:39.341+0600][51.495s][info][gc,stats    ]   Manage GCLABs                       9 us
[2026-04-03T06:31:39.341+0600][51.495s][info][gc,stats    ] Concurrent Update Refs           794883 us
[2026-04-03T06:31:39.341+0600][51.495s][info][gc,stats    ] Concurrent Update Thread Roots     2480 us
[2026-04-03T06:31:39.341+0600][51.495s][info][gc,stats    ] Pause Final Update Refs (G)         897 us
[2026-04-03T06:31:39.341+0600][51.495s][info][gc,stats    ] Pause Final Update Refs (N)         290 us
[2026-04-03T06:31:39.341+0600][51.495s][info][gc,stats    ]   Update Region States               83 us
[2026-04-03T06:31:39.341+0600][51.495s][info][gc,stats    ]   Trash Collection Set               23 us
[2026-04-03T06:31:39.341+0600][51.495s][info][gc,stats    ]   Rebuild Free Set                   46 us
[2026-04-03T06:31:39.341+0600][51.495s][info][gc,stats    ] Concurrent Cleanup                 1084 us
[2026-04-03T06:31:39.341+0600][51.495s][info][gc,stats    ] Pacing                          3386734 us
[2026-04-03T06:31:39.341+0600][51.495s][info][gc,stats    ] 
[2026-04-03T06:31:39.341+0600][51.495s][info][gc,stats    ] Allocation pacing accrued:
[2026-04-03T06:31:39.341+0600][51.495s][info][gc,stats    ]     290 of  1816 ms ( 16.0%): OE_Thread:0
[2026-04-03T06:31:39.341+0600][51.495s][info][gc,stats    ]     268 of  1816 ms ( 14.8%): OE_Thread:1
[2026-04-03T06:31:39.341+0600][51.495s][info][gc,stats    ]     292 of  1816 ms ( 16.1%): OE_Thread:2
[2026-04-03T06:31:39.341+0600][51.495s][info][gc,stats    ]     258 of  1816 ms ( 14.2%): OE_Thread:3
[2026-04-03T06:31:39.341+0600][51.495s][info][gc,stats    ]     290 of  1816 ms ( 15.9%): OE_Thread:4
[2026-04-03T06:31:39.341+0600][51.495s][info][gc,stats    ]     305 of  1816 ms ( 16.8%): OE_Thread:5
[2026-04-03T06:31:39.341+0600][51.495s][info][gc,stats    ]     272 of  1816 ms ( 15.0%): OE_Thread:6
[2026-04-03T06:31:39.341+0600][51.495s][info][gc,stats    ]     281 of  1816 ms ( 15.5%): OE_Thread:7
[2026-04-03T06:31:39.341+0600][51.495s][info][gc,stats    ]     291 of  1816 ms ( 16.0%): OE_Thread:8
[2026-04-03T06:31:39.341+0600][51.495s][info][gc,stats    ]     290 of  1816 ms ( 16.0%): OE_Thread:9
[2026-04-03T06:31:39.341+0600][51.495s][info][gc,stats    ]     270 of  1816 ms ( 14.8%): OE_Thread:10
[2026-04-03T06:31:39.341+0600][51.495s][info][gc,stats    ]     280 of  1816 ms ( 15.4%): OE_Thread:11
[2026-04-03T06:31:39.341+0600][51.495s][info][gc,stats    ]    3387 of  1816 ms (186.5%): <total>
[2026-04-03T06:31:39.341+0600][51.495s][info][gc,stats    ]     154 of  1816 ms (  8.5%): <average total>
[2026-04-03T06:31:39.341+0600][51.495s][info][gc,stats    ]     282 of  1816 ms ( 15.5%): <average non-zero>
[2026-04-03T06:31:39.341+0600][51.495s][info][gc,stats    ] 
[2026-04-03T06:31:39.341+0600][51.495s][info][gc,metaspace] Metaspace: 10160K(10368K)->10160K(10368K) NonClass: 9280K(9408K)->9280K(9408K) Class: 879K(960K)->879K(960K)
[2026-04-03T06:31:39.341+0600][51.495s][info][gc,ergo     ] Pacer for Idle. Initial: 80302K, Alloc Tax Rate: 1.0x
[2026-04-03T06:31:39.383+0600][51.538s][info][gc          ] Trigger: Average GC time (1769.41 ms) is above the time for average allocation rate (931 MB/s) to deplete free headroom (1646M) (margin of error = 1.94)
[2026-04-03T06:31:39.384+0600][51.538s][info][gc,ergo     ] Free headroom: 1842M (free) - 196M (spike) - 0B (penalties) = 1646M
[2026-04-03T06:31:39.384+0600][51.538s][info][gc,ergo     ] Free: 1842M, Max: 1024K regular, 849M humongous, Frag: 54% external, 0% internal; Reserve: 197M, Max: 1024K
[2026-04-03T06:31:39.384+0600][51.538s][info][gc,start    ] GC(22) Concurrent reset
[2026-04-03T06:31:39.384+0600][51.538s][info][gc,task     ] GC(22) Using 3 of 6 workers for concurrent reset
[2026-04-03T06:31:39.384+0600][51.538s][info][gc,ergo     ] GC(22) Pacer for Reset. Non-Taxable: 3921M
[2026-04-03T06:31:39.394+0600][51.548s][info][gc          ] GC(22) Concurrent reset 10.426ms
[2026-04-03T06:31:39.395+0600][51.549s][info][gc,start    ] GC(22) Pause Init Mark (unload classes)
[2026-04-03T06:31:39.395+0600][51.549s][info][gc,task     ] GC(22) Using 6 of 6 workers for init marking
[2026-04-03T06:31:39.395+0600][51.549s][info][gc,ergo     ] GC(22) Pacer for Mark. Expected Live: 509M, Free: 1831M, Non-Taxable: 183M, Alloc Tax Rate: 0.3x
[2026-04-03T06:31:39.395+0600][51.549s][info][gc          ] GC(22) Pause Init Mark (unload classes) 0.253ms
[2026-04-03T06:31:39.395+0600][51.549s][info][gc,start    ] GC(22) Concurrent marking roots
[2026-04-03T06:31:39.395+0600][51.549s][info][gc,task     ] GC(22) Using 3 of 6 workers for concurrent marking roots
[2026-04-03T06:31:39.395+0600][51.549s][info][gc          ] GC(22) Concurrent marking roots 0.501ms
[2026-04-03T06:31:39.395+0600][51.549s][info][gc,start    ] GC(22) Concurrent marking (unload classes)
[2026-04-03T06:31:39.395+0600][51.549s][info][gc,task     ] GC(22) Using 3 of 6 workers for concurrent marking
[2026-04-03T06:31:40.287+0600][52.441s][info][gc          ] GC(22) Concurrent marking (unload classes) 891.876ms
[2026-04-03T06:31:40.288+0600][52.442s][info][gc,start    ] GC(22) Pause Final Mark (unload classes)
[2026-04-03T06:31:40.288+0600][52.442s][info][gc,task     ] GC(22) Using 6 of 6 workers for final marking
[2026-04-03T06:31:40.288+0600][52.442s][info][gc,ergo     ] GC(22) Adaptive CSet Selection. Target Free: 555M, Actual Free: 1525M, Max CSet: 163M, Min Garbage: 0B
[2026-04-03T06:31:40.289+0600][52.443s][info][gc,ergo     ] GC(22) Collectable Garbage: 1324M (97%), Immediate: 0B (0%), CSet: 1324M (97%)
[2026-04-03T06:31:40.289+0600][52.443s][info][gc,ergo     ] GC(22) Pacer for Evacuation. Used CSet: 1372M, Free: 1328M, Non-Taxable: 132M, Alloc Tax Rate: 2.5x
[2026-04-03T06:31:40.289+0600][52.443s][info][gc          ] GC(22) Pause Final Mark (unload classes) 1.189ms
[2026-04-03T06:31:40.289+0600][52.443s][info][gc,start    ] GC(22) Concurrent thread roots
[2026-04-03T06:31:40.289+0600][52.443s][info][gc,task     ] GC(22) Using 3 of 6 workers for Concurrent thread roots
[2026-04-03T06:31:40.290+0600][52.444s][info][gc          ] GC(22) Concurrent thread roots 0.575ms
[2026-04-03T06:31:40.290+0600][52.444s][info][gc,start    ] GC(22) Concurrent weak references
[2026-04-03T06:31:40.290+0600][52.444s][info][gc,task     ] GC(22) Using 3 of 6 workers for concurrent weak references
[2026-04-03T06:31:40.290+0600][52.444s][info][gc,ref      ] GC(22) Encountered references: Soft: 117, Weak: 415, Final: 3, Phantom: 56
[2026-04-03T06:31:40.290+0600][52.444s][info][gc,ref      ] GC(22) Discovered  references: Soft: 0, Weak: 144, Final: 1, Phantom: 31
[2026-04-03T06:31:40.290+0600][52.444s][info][gc,ref      ] GC(22) Enqueued    references: Soft: 0, Weak: 0, Final: 0, Phantom: 0
[2026-04-03T06:31:40.290+0600][52.444s][info][gc          ] GC(22) Concurrent weak references 0.280ms
[2026-04-03T06:31:40.290+0600][52.444s][info][gc,start    ] GC(22) Concurrent weak roots
[2026-04-03T06:31:40.290+0600][52.444s][info][gc,task     ] GC(22) Using 3 of 6 workers for concurrent weak root
[2026-04-03T06:31:40.293+0600][52.447s][info][gc          ] GC(22) Concurrent weak roots 3.164ms
[2026-04-03T06:31:40.293+0600][52.447s][info][gc,start    ] GC(22) Concurrent cleanup
[2026-04-03T06:31:40.294+0600][52.448s][info][gc          ] GC(22) Concurrent cleanup 2401M->2402M(3239M) 0.756ms
[2026-04-03T06:31:40.294+0600][52.448s][info][gc,ergo     ] GC(22) Free: 1322M, Max: 1024K regular, 642M humongous, Frag: 52% external, 0% internal; Reserve: 195M, Max: 1024K
[2026-04-03T06:31:40.294+0600][52.448s][info][gc,start    ] GC(22) Concurrent class unloading
[2026-04-03T06:31:40.294+0600][52.449s][info][gc,task     ] GC(22) Using 3 of 6 workers for concurrent class unloading
[2026-04-03T06:31:40.306+0600][52.460s][info][gc          ] GC(22) Concurrent class unloading 11.788ms
[2026-04-03T06:31:40.306+0600][52.460s][info][gc,start    ] GC(22) Concurrent strong roots
[2026-04-03T06:31:40.306+0600][52.460s][info][gc,task     ] GC(22) Using 3 of 6 workers for concurrent strong root
[2026-04-03T06:31:40.307+0600][52.461s][info][gc          ] GC(22) Concurrent strong roots 0.734ms
[2026-04-03T06:31:40.307+0600][52.461s][info][gc,start    ] GC(22) Concurrent evacuation
[2026-04-03T06:31:40.307+0600][52.461s][info][gc,task     ] GC(22) Using 3 of 6 workers for concurrent evacuation
[2026-04-03T06:31:40.368+0600][52.522s][info][gc          ] GC(22) Concurrent evacuation 60.791ms
[2026-04-03T06:31:40.370+0600][52.525s][info][gc,start    ] GC(22) Pause Init Update Refs
[2026-04-03T06:31:40.371+0600][52.525s][info][gc,ergo     ] GC(22) Pacer for Update Refs. Used: 2511M, Free: 1263M, Non-Taxable: 126M, Alloc Tax Rate: 2.4x
[2026-04-03T06:31:40.371+0600][52.525s][info][gc          ] GC(22) Pause Init Update Refs 0.093ms
[2026-04-03T06:31:40.371+0600][52.525s][info][gc,start    ] GC(22) Concurrent update references
[2026-04-03T06:31:40.371+0600][52.525s][info][gc,task     ] GC(22) Using 3 of 6 workers for concurrent reference update
[2026-04-03T06:31:41.192+0600][53.346s][info][gc          ] GC(22) Concurrent update references 821.742ms
[2026-04-03T06:31:41.193+0600][53.347s][info][gc,start    ] GC(22) Concurrent update thread roots
[2026-04-03T06:31:41.197+0600][53.351s][info][gc          ] GC(22) Concurrent update thread roots 4.300ms
[2026-04-03T06:31:41.197+0600][53.351s][info][gc,start    ] GC(22) Pause Final Update Refs
[2026-04-03T06:31:41.197+0600][53.351s][info][gc,task     ] GC(22) Using 6 of 6 workers for final reference update
[2026-04-03T06:31:41.197+0600][53.352s][info][gc          ] GC(22) Pause Final Update Refs 0.311ms
[2026-04-03T06:31:41.198+0600][53.352s][info][gc,start    ] GC(22) Concurrent cleanup
[2026-04-03T06:31:41.199+0600][53.353s][info][gc          ] GC(22) Concurrent cleanup 3114M->1743M(3246M) 1.279ms
[2026-04-03T06:31:41.199+0600][53.353s][info][gc,ergo     ] Free: 1980M, Max: 1024K regular, 1044M humongous, Frag: 48% external, 0% internal; Reserve: 197M, Max: 1024K
[2026-04-03T06:31:41.199+0600][53.353s][info][gc,stats    ] 
[2026-04-03T06:31:41.199+0600][53.353s][info][gc,stats    ] All times are wall-clock times, except per-root-class counters, that are sum over
[2026-04-03T06:31:41.199+0600][53.353s][info][gc,stats    ] all workers. Dividing the <total> over the root stage time estimates parallelism.
[2026-04-03T06:31:41.199+0600][53.353s][info][gc,stats    ] 
[2026-04-03T06:31:41.199+0600][53.353s][info][gc,stats    ] Concurrent Reset                  10544 us
[2026-04-03T06:31:41.199+0600][53.353s][info][gc,stats    ] Pause Init Mark (G)                 586 us
[2026-04-03T06:31:41.199+0600][53.353s][info][gc,stats    ] Pause Init Mark (N)                 264 us
[2026-04-03T06:31:41.199+0600][53.353s][info][gc,stats    ]   Update Region States               65 us
[2026-04-03T06:31:41.199+0600][53.353s][info][gc,stats    ] Concurrent Mark Roots               548 us, parallelism: 0.92x
[2026-04-03T06:31:41.199+0600][53.353s][info][gc,stats    ]   CMR: <total>                      504 us
[2026-04-03T06:31:41.199+0600][53.353s][info][gc,stats    ]   CMR: Thread Roots                 342 us, workers (us): 132, 211,   0, ---, ---, ---, 
[2026-04-03T06:31:41.199+0600][53.353s][info][gc,stats    ]   CMR: VM Strong Roots               15 us, workers (us):  14,   1,   0, ---, ---, ---, 
[2026-04-03T06:31:41.199+0600][53.353s][info][gc,stats    ]   CMR: CLDG Roots                   147 us, workers (us): 147, ---, ---, ---, ---, ---, 
[2026-04-03T06:31:41.199+0600][53.353s][info][gc,stats    ] Concurrent Marking               892020 us
[2026-04-03T06:31:41.199+0600][53.353s][info][gc,stats    ] Pause Final Mark (G)               1764 us
[2026-04-03T06:31:41.199+0600][53.353s][info][gc,stats    ] Pause Final Mark (N)               1202 us
[2026-04-03T06:31:41.199+0600][53.353s][info][gc,stats    ]   Finish Mark                       311 us
[2026-04-03T06:31:41.199+0600][53.353s][info][gc,stats    ]   Update Region States              113 us
[2026-04-03T06:31:41.199+0600][53.353s][info][gc,stats    ]   Choose Collection Set             612 us
[2026-04-03T06:31:41.199+0600][53.353s][info][gc,stats    ]   Rebuild Free Set                   49 us
[2026-04-03T06:31:41.199+0600][53.354s][info][gc,stats    ] Concurrent Thread Roots             615 us, parallelism: 0.55x
[2026-04-03T06:31:41.199+0600][53.354s][info][gc,stats    ]   CTR: <total>                      339 us
[2026-04-03T06:31:41.200+0600][53.354s][info][gc,stats    ]   CTR: Thread Roots                 339 us, workers (us): 339,   0,   0, ---, ---, ---, 
[2026-04-03T06:31:41.200+0600][53.354s][info][gc,stats    ] Concurrent Weak References          295 us, parallelism: 0.12x
[2026-04-03T06:31:41.200+0600][53.354s][info][gc,stats    ]   CWRF: <total>                      34 us
[2026-04-03T06:31:41.200+0600][53.354s][info][gc,stats    ]   CWRF: Weak References              34 us, workers (us):  34,   0,   0, ---, ---, ---, 
[2026-04-03T06:31:41.200+0600][53.354s][info][gc,stats    ] Concurrent Weak Roots              3264 us
[2026-04-03T06:31:41.200+0600][53.354s][info][gc,stats    ]   Roots                            2367 us, parallelism: 1.03x
[2026-04-03T06:31:41.200+0600][53.354s][info][gc,stats    ]     CWR: <total>                   2430 us
[2026-04-03T06:31:41.200+0600][53.354s][info][gc,stats    ]     CWR: Code Cache Roots          1794 us, workers (us): 1402, 165, 227, ---, ---, ---, 
[2026-04-03T06:31:41.200+0600][53.354s][info][gc,stats    ]     CWR: VM Weak Roots              623 us, workers (us): 617,   3,   3, ---, ---, ---, 
[2026-04-03T06:31:41.200+0600][53.354s][info][gc,stats    ]     CWR: CLDG Roots                  13 us, workers (us):  13, ---, ---, ---, ---, ---, 
[2026-04-03T06:31:41.200+0600][53.354s][info][gc,stats    ]   Rendezvous                        766 us
[2026-04-03T06:31:41.200+0600][53.354s][info][gc,stats    ] Concurrent Cleanup                  795 us
[2026-04-03T06:31:41.200+0600][53.354s][info][gc,stats    ] Concurrent Class Unloading        11927 us
[2026-04-03T06:31:41.200+0600][53.354s][info][gc,stats    ]   Unlink Stale                     8145 us
[2026-04-03T06:31:41.200+0600][53.354s][info][gc,stats    ]     System Dictionary                23 us
[2026-04-03T06:31:41.200+0600][53.354s][info][gc,stats    ]     Weak Class Links                  1 us
[2026-04-03T06:31:41.200+0600][53.354s][info][gc,stats    ]     Code Roots                     8117 us
[2026-04-03T06:31:41.200+0600][53.354s][info][gc,stats    ]   Rendezvous                       2757 us
[2026-04-03T06:31:41.200+0600][53.354s][info][gc,stats    ]   Purge Unlinked                    833 us
[2026-04-03T06:31:41.200+0600][53.354s][info][gc,stats    ]     Code Roots                      139 us
[2026-04-03T06:31:41.200+0600][53.354s][info][gc,stats    ]     CLDG                            692 us
[2026-04-03T06:31:41.200+0600][53.354s][info][gc,stats    ]     Exception Caches                  0 us
[2026-04-03T06:31:41.200+0600][53.354s][info][gc,stats    ] Concurrent Strong Roots             788 us, parallelism: 0.15x
[2026-04-03T06:31:41.200+0600][53.354s][info][gc,stats    ]   CSR: <total>                      115 us
[2026-04-03T06:31:41.200+0600][53.354s][info][gc,stats    ]   CSR: VM Strong Roots               17 us, workers (us):  11,   6,   0, ---, ---, ---, 
[2026-04-03T06:31:41.200+0600][53.354s][info][gc,stats    ]   CSR: CLDG Roots                    99 us, workers (us):  99, ---, ---, ---, ---, ---, 
[2026-04-03T06:31:41.200+0600][53.354s][info][gc,stats    ] Concurrent Evacuation             60932 us
[2026-04-03T06:31:41.200+0600][53.354s][info][gc,stats    ] Pause Init Update Refs (G)         2564 us
[2026-04-03T06:31:41.200+0600][53.354s][info][gc,stats    ] Pause Init Update Refs (N)          105 us
[2026-04-03T06:31:41.200+0600][53.354s][info][gc,stats    ]   Manage GCLABs                       9 us
[2026-04-03T06:31:41.200+0600][53.354s][info][gc,stats    ] Concurrent Update Refs           821882 us
[2026-04-03T06:31:41.200+0600][53.354s][info][gc,stats    ] Concurrent Update Thread Roots     4425 us
[2026-04-03T06:31:41.200+0600][53.354s][info][gc,stats    ] Pause Final Update Refs (G)         615 us
[2026-04-03T06:31:41.200+0600][53.354s][info][gc,stats    ] Pause Final Update Refs (N)         331 us
[2026-04-03T06:31:41.200+0600][53.354s][info][gc,stats    ]   Update Region States               92 us
[2026-04-03T06:31:41.200+0600][53.354s][info][gc,stats    ]   Trash Collection Set               26 us
[2026-04-03T06:31:41.200+0600][53.354s][info][gc,stats    ]   Rebuild Free Set                   57 us
[2026-04-03T06:31:41.200+0600][53.354s][info][gc,stats    ] Concurrent Cleanup                 1353 us
[2026-04-03T06:31:41.200+0600][53.354s][info][gc,stats    ] Pacing                          4018378 us
[2026-04-03T06:31:41.200+0600][53.354s][info][gc,stats    ] 
[2026-04-03T06:31:41.200+0600][53.354s][info][gc,stats    ] Allocation pacing accrued:
[2026-04-03T06:31:41.200+0600][53.354s][info][gc,stats    ]     338 of  1859 ms ( 18.2%): OE_Thread:0
[2026-04-03T06:31:41.200+0600][53.354s][info][gc,stats    ]     333 of  1859 ms ( 17.9%): OE_Thread:1
[2026-04-03T06:31:41.200+0600][53.354s][info][gc,stats    ]     350 of  1859 ms ( 18.8%): OE_Thread:2
[2026-04-03T06:31:41.200+0600][53.354s][info][gc,stats    ]     319 of  1859 ms ( 17.1%): OE_Thread:3
[2026-04-03T06:31:41.200+0600][53.354s][info][gc,stats    ]     348 of  1859 ms ( 18.7%): OE_Thread:4
[2026-04-03T06:31:41.200+0600][53.354s][info][gc,stats    ]     338 of  1859 ms ( 18.2%): OE_Thread:5
[2026-04-03T06:31:41.200+0600][53.354s][info][gc,stats    ]     328 of  1859 ms ( 17.7%): OE_Thread:6
[2026-04-03T06:31:41.200+0600][53.354s][info][gc,stats    ]     327 of  1859 ms ( 17.6%): OE_Thread:7
[2026-04-03T06:31:41.200+0600][53.354s][info][gc,stats    ]     328 of  1859 ms ( 17.6%): OE_Thread:8
[2026-04-03T06:31:41.200+0600][53.354s][info][gc,stats    ]     330 of  1859 ms ( 17.7%): OE_Thread:9
[2026-04-03T06:31:41.200+0600][53.354s][info][gc,stats    ]     350 of  1859 ms ( 18.8%): OE_Thread:10
[2026-04-03T06:31:41.200+0600][53.354s][info][gc,stats    ]     329 of  1859 ms ( 17.7%): OE_Thread:11
[2026-04-03T06:31:41.200+0600][53.354s][info][gc,stats    ]    4018 of  1859 ms (216.1%): <total>
[2026-04-03T06:31:41.200+0600][53.354s][info][gc,stats    ]     183 of  1859 ms (  9.8%): <average total>
[2026-04-03T06:31:41.200+0600][53.354s][info][gc,stats    ]     335 of  1859 ms ( 18.0%): <average non-zero>
[2026-04-03T06:31:41.200+0600][53.354s][info][gc,stats    ] 
[2026-04-03T06:31:41.200+0600][53.354s][info][gc,metaspace] Metaspace: 10160K(10368K)->10160K(10368K) NonClass: 9280K(9408K)->9280K(9408K) Class: 879K(960K)->879K(960K)
[2026-04-03T06:31:41.200+0600][53.354s][info][gc,ergo     ] Pacer for Idle. Initial: 80302K, Alloc Tax Rate: 1.0x
[2026-04-03T06:31:41.303+0600][53.458s][info][gc          ] Trigger: Average GC time (1874.58 ms) is above the time for average allocation rate (996 MB/s) to deplete free headroom (1661M) (margin of error = 1.94)
[2026-04-03T06:31:41.304+0600][53.458s][info][gc,ergo     ] Free headroom: 1857M (free) - 196M (spike) - 0B (penalties) = 1661M
[2026-04-03T06:31:41.304+0600][53.458s][info][gc,ergo     ] Free: 1857M, Max: 1024K regular, 1044M humongous, Frag: 44% external, 0% internal; Reserve: 197M, Max: 1024K
[2026-04-03T06:31:41.304+0600][53.458s][info][gc,start    ] GC(23) Concurrent reset
[2026-04-03T06:31:41.304+0600][53.458s][info][gc,task     ] GC(23) Using 3 of 6 workers for concurrent reset
[2026-04-03T06:31:41.304+0600][53.458s][info][gc,ergo     ] GC(23) Pacer for Reset. Non-Taxable: 3921M
[2026-04-03T06:31:41.313+0600][53.467s][info][gc          ] GC(23) Concurrent reset 9.308ms
[2026-04-03T06:31:41.314+0600][53.468s][info][gc,start    ] GC(23) Pause Init Mark (unload classes)
[2026-04-03T06:31:41.314+0600][53.468s][info][gc,task     ] GC(23) Using 6 of 6 workers for init marking
[2026-04-03T06:31:41.314+0600][53.468s][info][gc,ergo     ] GC(23) Pacer for Mark. Expected Live: 516M, Free: 1847M, Non-Taxable: 184M, Alloc Tax Rate: 0.3x
[2026-04-03T06:31:41.314+0600][53.468s][info][gc          ] GC(23) Pause Init Mark (unload classes) 0.174ms
[2026-04-03T06:31:41.314+0600][53.468s][info][gc,start    ] GC(23) Concurrent marking roots
[2026-04-03T06:31:41.314+0600][53.468s][info][gc,task     ] GC(23) Using 3 of 6 workers for concurrent marking roots
[2026-04-03T06:31:41.315+0600][53.469s][info][gc          ] GC(23) Concurrent marking roots 0.707ms
[2026-04-03T06:31:41.315+0600][53.469s][info][gc,start    ] GC(23) Concurrent marking (unload classes)
[2026-04-03T06:31:41.315+0600][53.469s][info][gc,task     ] GC(23) Using 3 of 6 workers for concurrent marking
[2026-04-03T06:31:42.179+0600][54.333s][info][gc          ] GC(23) Concurrent marking (unload classes) 864.509ms
[2026-04-03T06:31:42.180+0600][54.334s][info][gc,start    ] GC(23) Pause Final Mark (unload classes)
[2026-04-03T06:31:42.180+0600][54.334s][info][gc,task     ] GC(23) Using 6 of 6 workers for final marking
[2026-04-03T06:31:42.181+0600][54.335s][info][gc,ergo     ] GC(23) Adaptive CSet Selection. Target Free: 555M, Actual Free: 1575M, Max CSet: 163M, Min Garbage: 0B
[2026-04-03T06:31:42.182+0600][54.336s][info][gc,ergo     ] GC(23) Collectable Garbage: 1302M (97%), Immediate: 0B (0%), CSet: 1302M (97%)
[2026-04-03T06:31:42.182+0600][54.336s][info][gc,ergo     ] GC(23) Pacer for Evacuation. Used CSet: 1351M, Free: 1378M, Non-Taxable: 137M, Alloc Tax Rate: 2.4x
[2026-04-03T06:31:42.182+0600][54.336s][info][gc          ] GC(23) Pause Final Mark (unload classes) 1.557ms
[2026-04-03T06:31:42.182+0600][54.336s][info][gc,start    ] GC(23) Concurrent thread roots
[2026-04-03T06:31:42.182+0600][54.336s][info][gc,task     ] GC(23) Using 3 of 6 workers for Concurrent thread roots
[2026-04-03T06:31:42.182+0600][54.337s][info][gc          ] GC(23) Concurrent thread roots 0.698ms
[2026-04-03T06:31:42.183+0600][54.337s][info][gc,start    ] GC(23) Concurrent weak references
[2026-04-03T06:31:42.183+0600][54.337s][info][gc,task     ] GC(23) Using 3 of 6 workers for concurrent weak references
[2026-04-03T06:31:42.183+0600][54.337s][info][gc,ref      ] GC(23) Encountered references: Soft: 117, Weak: 415, Final: 3, Phantom: 56
[2026-04-03T06:31:42.183+0600][54.337s][info][gc,ref      ] GC(23) Discovered  references: Soft: 0, Weak: 28, Final: 2, Phantom: 34
[2026-04-03T06:31:42.183+0600][54.337s][info][gc,ref      ] GC(23) Enqueued    references: Soft: 0, Weak: 0, Final: 0, Phantom: 0
[2026-04-03T06:31:42.183+0600][54.337s][info][gc          ] GC(23) Concurrent weak references 0.283ms
[2026-04-03T06:31:42.183+0600][54.337s][info][gc,start    ] GC(23) Concurrent weak roots
[2026-04-03T06:31:42.183+0600][54.337s][info][gc,task     ] GC(23) Using 3 of 6 workers for concurrent weak root
[2026-04-03T06:31:42.190+0600][54.344s][info][gc          ] GC(23) Concurrent weak roots 7.559ms
[2026-04-03T06:31:42.191+0600][54.345s][info][gc,start    ] GC(23) Concurrent cleanup
[2026-04-03T06:31:42.192+0600][54.346s][info][gc          ] GC(23) Concurrent cleanup 2354M->2354M(3246M) 1.029ms
[2026-04-03T06:31:42.192+0600][54.346s][info][gc,ergo     ] GC(23) Free: 1370M, Max: 1024K regular, 732M humongous, Frag: 47% external, 0% internal; Reserve: 195M, Max: 1024K
[2026-04-03T06:31:42.192+0600][54.346s][info][gc,start    ] GC(23) Concurrent class unloading
[2026-04-03T06:31:42.192+0600][54.346s][info][gc,task     ] GC(23) Using 3 of 6 workers for concurrent class unloading
[2026-04-03T06:31:42.208+0600][54.362s][info][gc          ] GC(23) Concurrent class unloading 16.068ms
[2026-04-03T06:31:42.208+0600][54.362s][info][gc,start    ] GC(23) Concurrent strong roots
[2026-04-03T06:31:42.208+0600][54.362s][info][gc,task     ] GC(23) Using 3 of 6 workers for concurrent strong root
[2026-04-03T06:31:42.208+0600][54.362s][info][gc          ] GC(23) Concurrent strong roots 0.428ms
[2026-04-03T06:31:42.208+0600][54.362s][info][gc,start    ] GC(23) Concurrent evacuation
[2026-04-03T06:31:42.208+0600][54.362s][info][gc,task     ] GC(23) Using 3 of 6 workers for concurrent evacuation
[2026-04-03T06:31:42.308+0600][54.462s][info][gc          ] GC(23) Concurrent evacuation 99.163ms
[2026-04-03T06:31:42.308+0600][54.462s][info][gc,start    ] GC(23) Pause Init Update Refs
[2026-04-03T06:31:42.308+0600][54.462s][info][gc,ergo     ] GC(23) Pacer for Update Refs. Used: 2484M, Free: 1291M, Non-Taxable: 129M, Alloc Tax Rate: 2.4x
[2026-04-03T06:31:42.308+0600][54.462s][info][gc          ] GC(23) Pause Init Update Refs 0.081ms
[2026-04-03T06:31:42.308+0600][54.462s][info][gc,start    ] GC(23) Concurrent update references
[2026-04-03T06:31:42.308+0600][54.462s][info][gc,task     ] GC(23) Using 3 of 6 workers for concurrent reference update
[2026-04-03T06:31:43.242+0600][55.396s][info][gc          ] GC(23) Concurrent update references 933.959ms
[2026-04-03T06:31:43.242+0600][55.396s][info][gc,start    ] GC(23) Concurrent update thread roots
[2026-04-03T06:31:43.246+0600][55.400s][info][gc          ] GC(23) Concurrent update thread roots 3.949ms
[2026-04-03T06:31:43.247+0600][55.401s][info][gc,start    ] GC(23) Pause Final Update Refs
[2026-04-03T06:31:43.247+0600][55.401s][info][gc,task     ] GC(23) Using 6 of 6 workers for final reference update
[2026-04-03T06:31:43.247+0600][55.401s][info][gc          ] GC(23) Pause Final Update Refs 0.209ms
[2026-04-03T06:31:43.247+0600][55.401s][info][gc,start    ] GC(23) Concurrent cleanup
[2026-04-03T06:31:43.248+0600][55.402s][info][gc          ] GC(23) Concurrent cleanup 3029M->1679M(3258M) 0.983ms
[2026-04-03T06:31:43.248+0600][55.402s][info][gc,ergo     ] Free: 2044M, Max: 1024K regular, 849M humongous, Frag: 59% external, 0% internal; Reserve: 197M, Max: 1024K
[2026-04-03T06:31:43.248+0600][55.402s][info][gc,stats    ] 
[2026-04-03T06:31:43.248+0600][55.402s][info][gc,stats    ] All times are wall-clock times, except per-root-class counters, that are sum over
[2026-04-03T06:31:43.248+0600][55.402s][info][gc,stats    ] all workers. Dividing the <total> over the root stage time estimates parallelism.
[2026-04-03T06:31:43.248+0600][55.402s][info][gc,stats    ] 
[2026-04-03T06:31:43.248+0600][55.402s][info][gc,stats    ] Concurrent Reset                   9482 us
[2026-04-03T06:31:43.248+0600][55.402s][info][gc,stats    ] Pause Init Mark (G)                 721 us
[2026-04-03T06:31:43.248+0600][55.403s][info][gc,stats    ] Pause Init Mark (N)                 186 us
[2026-04-03T06:31:43.248+0600][55.403s][info][gc,stats    ]   Update Region States               56 us
[2026-04-03T06:31:43.248+0600][55.403s][info][gc,stats    ] Concurrent Mark Roots               809 us, parallelism: 0.55x
[2026-04-03T06:31:43.249+0600][55.403s][info][gc,stats    ]   CMR: <total>                      444 us
[2026-04-03T06:31:43.249+0600][55.403s][info][gc,stats    ]   CMR: Thread Roots                 299 us, workers (us): 299,   0,   0, ---, ---, ---, 
[2026-04-03T06:31:43.249+0600][55.403s][info][gc,stats    ]   CMR: VM Strong Roots               16 us, workers (us):  15,   0,   0, ---, ---, ---, 
[2026-04-03T06:31:43.249+0600][55.403s][info][gc,stats    ]   CMR: CLDG Roots                   129 us, workers (us): 129, ---, ---, ---, ---, ---, 
[2026-04-03T06:31:43.249+0600][55.403s][info][gc,stats    ] Concurrent Marking               864680 us
[2026-04-03T06:31:43.249+0600][55.403s][info][gc,stats    ] Pause Final Mark (G)               2249 us
[2026-04-03T06:31:43.249+0600][55.403s][info][gc,stats    ] Pause Final Mark (N)               1571 us
[2026-04-03T06:31:43.249+0600][55.403s][info][gc,stats    ]   Finish Mark                       446 us
[2026-04-03T06:31:43.249+0600][55.403s][info][gc,stats    ]   Update Region States              193 us
[2026-04-03T06:31:43.249+0600][55.403s][info][gc,stats    ]   Choose Collection Set             760 us
[2026-04-03T06:31:43.249+0600][55.403s][info][gc,stats    ]   Rebuild Free Set                   58 us
[2026-04-03T06:31:43.249+0600][55.403s][info][gc,stats    ] Concurrent Thread Roots             749 us, parallelism: 1.31x
[2026-04-03T06:31:43.249+0600][55.403s][info][gc,stats    ]   CTR: <total>                      984 us
[2026-04-03T06:31:43.249+0600][55.403s][info][gc,stats    ]   CTR: Thread Roots                 984 us, workers (us): 552, 259, 173, ---, ---, ---, 
[2026-04-03T06:31:43.249+0600][55.403s][info][gc,stats    ] Concurrent Weak References          299 us, parallelism: 0.09x
[2026-04-03T06:31:43.249+0600][55.403s][info][gc,stats    ]   CWRF: <total>                      26 us
[2026-04-03T06:31:43.249+0600][55.403s][info][gc,stats    ]   CWRF: Weak References              26 us, workers (us):  25,   0,   0, ---, ---, ---, 
[2026-04-03T06:31:43.249+0600][55.403s][info][gc,stats    ] Concurrent Weak Roots              7696 us
[2026-04-03T06:31:43.249+0600][55.403s][info][gc,stats    ]   Roots                            1424 us, parallelism: 1.73x
[2026-04-03T06:31:43.249+0600][55.403s][info][gc,stats    ]     CWR: <total>                   2463 us
[2026-04-03T06:31:43.249+0600][55.403s][info][gc,stats    ]     CWR: Code Cache Roots          1692 us, workers (us): 864, 828,   0, ---, ---, ---, 
[2026-04-03T06:31:43.249+0600][55.403s][info][gc,stats    ]     CWR: VM Weak Roots              760 us, workers (us): 413, 326,  21, ---, ---, ---, 
[2026-04-03T06:31:43.249+0600][55.403s][info][gc,stats    ]     CWR: CLDG Roots                  11 us, workers (us): ---,  11, ---, ---, ---, ---, 
[2026-04-03T06:31:43.249+0600][55.403s][info][gc,stats    ]   Rendezvous                       6063 us
[2026-04-03T06:31:43.249+0600][55.403s][info][gc,stats    ] Concurrent Cleanup                 1103 us
[2026-04-03T06:31:43.249+0600][55.403s][info][gc,stats    ] Concurrent Class Unloading        16218 us
[2026-04-03T06:31:43.249+0600][55.403s][info][gc,stats    ]   Unlink Stale                    14747 us
[2026-04-03T06:31:43.249+0600][55.403s][info][gc,stats    ]     System Dictionary                27 us
[2026-04-03T06:31:43.249+0600][55.403s][info][gc,stats    ]     Weak Class Links                  1 us
[2026-04-03T06:31:43.249+0600][55.403s][info][gc,stats    ]     Code Roots                    14715 us
[2026-04-03T06:31:43.249+0600][55.403s][info][gc,stats    ]   Rendezvous                        965 us
[2026-04-03T06:31:43.249+0600][55.403s][info][gc,stats    ]   Purge Unlinked                    307 us
[2026-04-03T06:31:43.249+0600][55.403s][info][gc,stats    ]     Code Roots                      291 us
[2026-04-03T06:31:43.249+0600][55.403s][info][gc,stats    ]     CLDG                             15 us
[2026-04-03T06:31:43.249+0600][55.403s][info][gc,stats    ]     Exception Caches                  1 us
[2026-04-03T06:31:43.249+0600][55.403s][info][gc,stats    ] Concurrent Strong Roots             471 us, parallelism: 0.27x
[2026-04-03T06:31:43.249+0600][55.403s][info][gc,stats    ]   CSR: <total>                      129 us
[2026-04-03T06:31:43.249+0600][55.403s][info][gc,stats    ]   CSR: VM Strong Roots               20 us, workers (us):  12,   8,   0, ---, ---, ---, 
[2026-04-03T06:31:43.249+0600][55.403s][info][gc,stats    ]   CSR: CLDG Roots                   108 us, workers (us): 108, ---, ---, ---, ---, ---, 
[2026-04-03T06:31:43.249+0600][55.403s][info][gc,stats    ] Concurrent Evacuation             99290 us
[2026-04-03T06:31:43.249+0600][55.403s][info][gc,stats    ] Pause Init Update Refs (G)          564 us
[2026-04-03T06:31:43.249+0600][55.403s][info][gc,stats    ] Pause Init Update Refs (N)           93 us
[2026-04-03T06:31:43.249+0600][55.403s][info][gc,stats    ]   Manage GCLABs                      13 us
[2026-04-03T06:31:43.249+0600][55.403s][info][gc,stats    ] Concurrent Update Refs           934127 us
[2026-04-03T06:31:43.249+0600][55.403s][info][gc,stats    ] Concurrent Update Thread Roots     4049 us
[2026-04-03T06:31:43.249+0600][55.403s][info][gc,stats    ] Pause Final Update Refs (G)         780 us
[2026-04-03T06:31:43.249+0600][55.403s][info][gc,stats    ] Pause Final Update Refs (N)         226 us
[2026-04-03T06:31:43.249+0600][55.403s][info][gc,stats    ]   Update Region States               68 us
[2026-04-03T06:31:43.249+0600][55.403s][info][gc,stats    ]   Trash Collection Set               23 us
[2026-04-03T06:31:43.249+0600][55.403s][info][gc,stats    ]   Rebuild Free Set                   45 us
[2026-04-03T06:31:43.249+0600][55.403s][info][gc,stats    ] Concurrent Cleanup                 1052 us
[2026-04-03T06:31:43.249+0600][55.403s][info][gc,stats    ] Pacing                          3774522 us
[2026-04-03T06:31:43.249+0600][55.403s][info][gc,stats    ] 
[2026-04-03T06:31:43.249+0600][55.403s][info][gc,stats    ] Allocation pacing accrued:
[2026-04-03T06:31:43.249+0600][55.403s][info][gc,stats    ]     315 of  2049 ms ( 15.4%): OE_Thread:0
[2026-04-03T06:31:43.249+0600][55.403s][info][gc,stats    ]     347 of  2049 ms ( 16.9%): OE_Thread:1
[2026-04-03T06:31:43.249+0600][55.403s][info][gc,stats    ]     302 of  2049 ms ( 14.7%): OE_Thread:2
[2026-04-03T06:31:43.249+0600][55.403s][info][gc,stats    ]     315 of  2049 ms ( 15.4%): OE_Thread:3
[2026-04-03T06:31:43.249+0600][55.403s][info][gc,stats    ]     302 of  2049 ms ( 14.7%): OE_Thread:4
[2026-04-03T06:31:43.249+0600][55.403s][info][gc,stats    ]     313 of  2049 ms ( 15.3%): OE_Thread:5
[2026-04-03T06:31:43.249+0600][55.403s][info][gc,stats    ]     293 of  2049 ms ( 14.3%): OE_Thread:6
[2026-04-03T06:31:43.249+0600][55.403s][info][gc,stats    ]     306 of  2049 ms ( 14.9%): OE_Thread:7
[2026-04-03T06:31:43.249+0600][55.403s][info][gc,stats    ]     305 of  2049 ms ( 14.9%): OE_Thread:8
[2026-04-03T06:31:43.249+0600][55.403s][info][gc,stats    ]     327 of  2049 ms ( 15.9%): OE_Thread:9
[2026-04-03T06:31:43.249+0600][55.403s][info][gc,stats    ]     338 of  2049 ms ( 16.5%): OE_Thread:10
[2026-04-03T06:31:43.249+0600][55.403s][info][gc,stats    ]     313 of  2049 ms ( 15.3%): OE_Thread:11
[2026-04-03T06:31:43.249+0600][55.403s][info][gc,stats    ]    3775 of  2049 ms (184.2%): <total>
[2026-04-03T06:31:43.249+0600][55.403s][info][gc,stats    ]     172 of  2049 ms (  8.4%): <average total>
[2026-04-03T06:31:43.249+0600][55.404s][info][gc,stats    ]     315 of  2049 ms ( 15.3%): <average non-zero>
[2026-04-03T06:31:43.249+0600][55.404s][info][gc,stats    ] 
[2026-04-03T06:31:43.250+0600][55.404s][info][gc,metaspace] Metaspace: 10160K(10368K)->10160K(10368K) NonClass: 9280K(9408K)->9281K(9408K) Class: 879K(960K)->879K(960K)
[2026-04-03T06:31:43.250+0600][55.404s][info][gc,ergo     ] Pacer for Idle. Initial: 80302K, Alloc Tax Rate: 1.0x
[2026-04-03T06:31:43.352+0600][55.506s][info][gc          ] Trigger: Average GC time (2047.95 ms) is above the time for average allocation rate (988 MB/s) to deplete free headroom (1726M) (margin of error = 1.94)
[2026-04-03T06:31:43.352+0600][55.506s][info][gc,ergo     ] Free headroom: 1922M (free) - 196M (spike) - 0B (penalties) = 1726M
[2026-04-03T06:31:43.352+0600][55.506s][info][gc,ergo     ] Free: 1922M, Max: 1024K regular, 849M humongous, Frag: 56% external, 0% internal; Reserve: 197M, Max: 1024K
[2026-04-03T06:31:43.352+0600][55.506s][info][gc,start    ] GC(24) Concurrent reset
[2026-04-03T06:31:43.352+0600][55.506s][info][gc,task     ] GC(24) Using 3 of 6 workers for concurrent reset
[2026-04-03T06:31:43.352+0600][55.506s][info][gc,ergo     ] GC(24) Pacer for Reset. Non-Taxable: 3921M
[2026-04-03T06:31:43.366+0600][55.521s][info][gc          ] GC(24) Concurrent reset 14.141ms
[2026-04-03T06:31:43.367+0600][55.521s][info][gc,start    ] GC(24) Pause Init Mark (unload classes)
[2026-04-03T06:31:43.367+0600][55.521s][info][gc,task     ] GC(24) Using 6 of 6 workers for init marking
[2026-04-03T06:31:43.367+0600][55.521s][info][gc,ergo     ] GC(24) Pacer for Mark. Expected Live: 523M, Free: 1910M, Non-Taxable: 191M, Alloc Tax Rate: 0.3x
[2026-04-03T06:31:43.367+0600][55.521s][info][gc          ] GC(24) Pause Init Mark (unload classes) 0.200ms
[2026-04-03T06:31:43.367+0600][55.521s][info][gc,start    ] GC(24) Concurrent marking roots
[2026-04-03T06:31:43.367+0600][55.521s][info][gc,task     ] GC(24) Using 3 of 6 workers for concurrent marking roots
[2026-04-03T06:31:43.368+0600][55.522s][info][gc          ] GC(24) Concurrent marking roots 0.735ms
[2026-04-03T06:31:43.368+0600][55.522s][info][gc,start    ] GC(24) Concurrent marking (unload classes)
[2026-04-03T06:31:43.368+0600][55.522s][info][gc,task     ] GC(24) Using 3 of 6 workers for concurrent marking
[2026-04-03T06:31:44.074+0600][56.228s][info][gc          ] GC(24) Concurrent marking (unload classes) 706.291ms
[2026-04-03T06:31:44.075+0600][56.229s][info][gc,start    ] GC(24) Pause Final Mark (unload classes)
[2026-04-03T06:31:44.075+0600][56.229s][info][gc,task     ] GC(24) Using 6 of 6 workers for final marking
[2026-04-03T06:31:44.075+0600][56.229s][info][gc,ergo     ] GC(24) Adaptive CSet Selection. Target Free: 555M, Actual Free: 1783M, Max CSet: 163M, Min Garbage: 0B
[2026-04-03T06:31:44.076+0600][56.230s][info][gc,ergo     ] GC(24) Collectable Garbage: 1231M (97%), Immediate: 0B (0%), CSet: 1231M (97%)
[2026-04-03T06:31:44.076+0600][56.230s][info][gc,ergo     ] GC(24) Pacer for Evacuation. Used CSet: 1274M, Free: 1586M, Non-Taxable: 158M, Alloc Tax Rate: 2.0x
[2026-04-03T06:31:44.076+0600][56.230s][info][gc          ] GC(24) Pause Final Mark (unload classes) 1.307ms
[2026-04-03T06:31:44.076+0600][56.230s][info][gc,start    ] GC(24) Concurrent thread roots
[2026-04-03T06:31:44.076+0600][56.230s][info][gc,task     ] GC(24) Using 3 of 6 workers for Concurrent thread roots
[2026-04-03T06:31:44.077+0600][56.231s][info][gc          ] GC(24) Concurrent thread roots 0.310ms
[2026-04-03T06:31:44.077+0600][56.231s][info][gc,start    ] GC(24) Concurrent weak references
[2026-04-03T06:31:44.077+0600][56.231s][info][gc,task     ] GC(24) Using 3 of 6 workers for concurrent weak references
[2026-04-03T06:31:44.077+0600][56.231s][info][gc,ref      ] GC(24) Encountered references: Soft: 117, Weak: 415, Final: 3, Phantom: 56
[2026-04-03T06:31:44.077+0600][56.231s][info][gc,ref      ] GC(24) Discovered  references: Soft: 0, Weak: 19, Final: 2, Phantom: 37
[2026-04-03T06:31:44.077+0600][56.231s][info][gc,ref      ] GC(24) Enqueued    references: Soft: 0, Weak: 0, Final: 0, Phantom: 0
[2026-04-03T06:31:44.077+0600][56.231s][info][gc          ] GC(24) Concurrent weak references 0.136ms
[2026-04-03T06:31:44.077+0600][56.231s][info][gc,start    ] GC(24) Concurrent weak roots
[2026-04-03T06:31:44.077+0600][56.231s][info][gc,task     ] GC(24) Using 3 of 6 workers for concurrent weak root
[2026-04-03T06:31:44.078+0600][56.232s][info][gc          ] GC(24) Concurrent weak roots 1.597ms
[2026-04-03T06:31:44.078+0600][56.232s][info][gc,start    ] GC(24) Concurrent cleanup
[2026-04-03T06:31:44.079+0600][56.233s][info][gc          ] GC(24) Concurrent cleanup 2136M->2136M(3258M) 0.248ms
[2026-04-03T06:31:44.079+0600][56.233s][info][gc,ergo     ] GC(24) Free: 1586M, Max: 1024K regular, 827M humongous, Frag: 48% external, 0% internal; Reserve: 196M, Max: 1024K
[2026-04-03T06:31:44.079+0600][56.233s][info][gc,start    ] GC(24) Concurrent class unloading
[2026-04-03T06:31:44.079+0600][56.233s][info][gc,task     ] GC(24) Using 3 of 6 workers for concurrent class unloading
[2026-04-03T06:31:44.082+0600][56.236s][info][gc          ] GC(24) Concurrent class unloading 3.018ms
[2026-04-03T06:31:44.082+0600][56.236s][info][gc,start    ] GC(24) Concurrent strong roots
[2026-04-03T06:31:44.082+0600][56.236s][info][gc,task     ] GC(24) Using 3 of 6 workers for concurrent strong root
[2026-04-03T06:31:44.082+0600][56.236s][info][gc          ] GC(24) Concurrent strong roots 0.250ms
[2026-04-03T06:31:44.082+0600][56.236s][info][gc,start    ] GC(24) Concurrent evacuation
[2026-04-03T06:31:44.082+0600][56.236s][info][gc,task     ] GC(24) Using 3 of 6 workers for concurrent evacuation
[2026-04-03T06:31:44.111+0600][56.265s][info][gc          ] GC(24) Concurrent evacuation 28.721ms
[2026-04-03T06:31:44.111+0600][56.265s][info][gc,start    ] GC(24) Pause Init Update Refs
[2026-04-03T06:31:44.111+0600][56.265s][info][gc,ergo     ] GC(24) Pacer for Update Refs. Used: 2182M, Free: 1586M, Non-Taxable: 158M, Alloc Tax Rate: 1.7x
[2026-04-03T06:31:44.111+0600][56.265s][info][gc          ] GC(24) Pause Init Update Refs 0.074ms
[2026-04-03T06:31:44.111+0600][56.265s][info][gc,start    ] GC(24) Concurrent update references
[2026-04-03T06:31:44.111+0600][56.265s][info][gc,task     ] GC(24) Using 3 of 6 workers for concurrent reference update
[2026-04-03T06:31:44.522+0600][56.676s][info][gc          ] GC(24) Concurrent update references 410.361ms
[2026-04-03T06:31:44.522+0600][56.676s][info][gc,start    ] GC(24) Concurrent update thread roots
[2026-04-03T06:31:44.522+0600][56.676s][info][gc          ] GC(24) Concurrent update thread roots 0.520ms
[2026-04-03T06:31:44.523+0600][56.677s][info][gc,start    ] GC(24) Pause Final Update Refs
[2026-04-03T06:31:44.523+0600][56.677s][info][gc,task     ] GC(24) Using 6 of 6 workers for final reference update
[2026-04-03T06:31:44.523+0600][56.677s][info][gc          ] GC(24) Pause Final Update Refs 0.180ms
[2026-04-03T06:31:44.523+0600][56.677s][info][gc,start    ] GC(24) Concurrent cleanup
[2026-04-03T06:31:44.523+0600][56.677s][info][gc          ] GC(24) Concurrent cleanup 2265M->991M(3258M) 0.378ms
[2026-04-03T06:31:44.524+0600][56.678s][info][gc,ergo     ] Free: 2732M, Max: 1024K regular, 2527M humongous, Frag: 8% external, 0% internal; Reserve: 197M, Max: 1024K
[2026-04-03T06:31:44.524+0600][56.678s][info][gc,stats    ] 
[2026-04-03T06:31:44.524+0600][56.678s][info][gc,stats    ] All times are wall-clock times, except per-root-class counters, that are sum over
[2026-04-03T06:31:44.524+0600][56.678s][info][gc,stats    ] all workers. Dividing the <total> over the root stage time estimates parallelism.
[2026-04-03T06:31:44.524+0600][56.678s][info][gc,stats    ] 
[2026-04-03T06:31:44.524+0600][56.678s][info][gc,stats    ] Concurrent Reset                  14284 us
[2026-04-03T06:31:44.524+0600][56.678s][info][gc,stats    ] Pause Init Mark (G)                 696 us
[2026-04-03T06:31:44.524+0600][56.678s][info][gc,stats    ] Pause Init Mark (N)                 227 us
[2026-04-03T06:31:44.524+0600][56.678s][info][gc,stats    ]   Update Region States               60 us
[2026-04-03T06:31:44.524+0600][56.678s][info][gc,stats    ] Concurrent Mark Roots               803 us, parallelism: 0.54x
[2026-04-03T06:31:44.524+0600][56.678s][info][gc,stats    ]   CMR: <total>                      434 us
[2026-04-03T06:31:44.524+0600][56.678s][info][gc,stats    ]   CMR: Thread Roots                 261 us, workers (us): 245,  16,   0, ---, ---, ---, 
[2026-04-03T06:31:44.524+0600][56.678s][info][gc,stats    ]   CMR: VM Strong Roots               21 us, workers (us):  19,   2,   0, ---, ---, ---, 
[2026-04-03T06:31:44.524+0600][56.678s][info][gc,stats    ]   CMR: CLDG Roots                   151 us, workers (us): 151, ---, ---, ---, ---, ---, 
[2026-04-03T06:31:44.524+0600][56.678s][info][gc,stats    ] Concurrent Marking               706384 us
[2026-04-03T06:31:44.524+0600][56.678s][info][gc,stats    ] Pause Final Mark (G)               1763 us
[2026-04-03T06:31:44.524+0600][56.678s][info][gc,stats    ] Pause Final Mark (N)               1318 us
[2026-04-03T06:31:44.524+0600][56.678s][info][gc,stats    ]   Finish Mark                       230 us
[2026-04-03T06:31:44.524+0600][56.678s][info][gc,stats    ]   Update Region States              203 us
[2026-04-03T06:31:44.524+0600][56.678s][info][gc,stats    ]   Choose Collection Set             693 us
[2026-04-03T06:31:44.524+0600][56.678s][info][gc,stats    ]   Rebuild Free Set                   46 us
[2026-04-03T06:31:44.524+0600][56.678s][info][gc,stats    ] Concurrent Thread Roots             334 us, parallelism: 0.82x
[2026-04-03T06:31:44.524+0600][56.678s][info][gc,stats    ]   CTR: <total>                      274 us
[2026-04-03T06:31:44.524+0600][56.678s][info][gc,stats    ]   CTR: Thread Roots                 274 us, workers (us): 158,  46,  71, ---, ---, ---, 
[2026-04-03T06:31:44.524+0600][56.678s][info][gc,stats    ] Concurrent Weak References          148 us, parallelism: 0.18x
[2026-04-03T06:31:44.524+0600][56.678s][info][gc,stats    ]   CWRF: <total>                      26 us
[2026-04-03T06:31:44.524+0600][56.678s][info][gc,stats    ]   CWRF: Weak References              26 us, workers (us):  26,   0,   0, ---, ---, ---, 
[2026-04-03T06:31:44.524+0600][56.678s][info][gc,stats    ] Concurrent Weak Roots              1684 us
[2026-04-03T06:31:44.524+0600][56.678s][info][gc,stats    ]   Roots                            1056 us, parallelism: 2.71x
[2026-04-03T06:31:44.524+0600][56.678s][info][gc,stats    ]     CWR: <total>                   2859 us
[2026-04-03T06:31:44.524+0600][56.678s][info][gc,stats    ]     CWR: Code Cache Roots          2206 us, workers (us): 696, 758, 752, ---, ---, ---, 
[2026-04-03T06:31:44.524+0600][56.678s][info][gc,stats    ]     CWR: VM Weak Roots              641 us, workers (us): 218, 212, 211, ---, ---, ---, 
[2026-04-03T06:31:44.524+0600][56.678s][info][gc,stats    ]     CWR: CLDG Roots                  12 us, workers (us): ---,  12, ---, ---, ---, ---, 
[2026-04-03T06:31:44.524+0600][56.678s][info][gc,stats    ]   Rendezvous                        510 us
[2026-04-03T06:31:44.524+0600][56.678s][info][gc,stats    ] Concurrent Cleanup                  274 us
[2026-04-03T06:31:44.524+0600][56.678s][info][gc,stats    ] Concurrent Class Unloading         3105 us
[2026-04-03T06:31:44.524+0600][56.678s][info][gc,stats    ]   Unlink Stale                     2698 us
[2026-04-03T06:31:44.524+0600][56.678s][info][gc,stats    ]     System Dictionary                20 us
[2026-04-03T06:31:44.524+0600][56.678s][info][gc,stats    ]     Weak Class Links                  1 us
[2026-04-03T06:31:44.524+0600][56.678s][info][gc,stats    ]     Code Roots                     2673 us
[2026-04-03T06:31:44.524+0600][56.678s][info][gc,stats    ]   Rendezvous                        199 us
[2026-04-03T06:31:44.524+0600][56.678s][info][gc,stats    ]   Purge Unlinked                     77 us
[2026-04-03T06:31:44.524+0600][56.678s][info][gc,stats    ]     Code Roots                       65 us
[2026-04-03T06:31:44.524+0600][56.678s][info][gc,stats    ]     CLDG                             11 us
[2026-04-03T06:31:44.524+0600][56.678s][info][gc,stats    ]     Exception Caches                  0 us
[2026-04-03T06:31:44.524+0600][56.678s][info][gc,stats    ] Concurrent Strong Roots             316 us, parallelism: 0.43x
[2026-04-03T06:31:44.524+0600][56.678s][info][gc,stats    ]   CSR: <total>                      137 us
[2026-04-03T06:31:44.524+0600][56.678s][info][gc,stats    ]   CSR: VM Strong Roots               10 us, workers (us):   8,   2,   0, ---, ---, ---, 
[2026-04-03T06:31:44.524+0600][56.678s][info][gc,stats    ]   CSR: CLDG Roots                   127 us, workers (us): 127, ---, ---, ---, ---, ---, 
[2026-04-03T06:31:44.524+0600][56.678s][info][gc,stats    ] Concurrent Evacuation             28811 us
[2026-04-03T06:31:44.524+0600][56.678s][info][gc,stats    ] Pause Init Update Refs (G)          368 us
[2026-04-03T06:31:44.524+0600][56.678s][info][gc,stats    ] Pause Init Update Refs (N)           89 us
[2026-04-03T06:31:44.524+0600][56.678s][info][gc,stats    ]   Manage GCLABs                       8 us
[2026-04-03T06:31:44.524+0600][56.678s][info][gc,stats    ] Concurrent Update Refs           410454 us
[2026-04-03T06:31:44.524+0600][56.678s][info][gc,stats    ] Concurrent Update Thread Roots      553 us
[2026-04-03T06:31:44.524+0600][56.678s][info][gc,stats    ] Pause Final Update Refs (G)         481 us
[2026-04-03T06:31:44.524+0600][56.678s][info][gc,stats    ] Pause Final Update Refs (N)         195 us
[2026-04-03T06:31:44.524+0600][56.678s][info][gc,stats    ]   Update Region States               65 us
[2026-04-03T06:31:44.524+0600][56.678s][info][gc,stats    ]   Trash Collection Set               23 us
[2026-04-03T06:31:44.524+0600][56.678s][info][gc,stats    ]   Rebuild Free Set                   35 us
[2026-04-03T06:31:44.524+0600][56.678s][info][gc,stats    ] Concurrent Cleanup                  597 us
[2026-04-03T06:31:44.524+0600][56.678s][info][gc,stats    ] 
[2026-04-03T06:31:44.524+0600][56.678s][info][gc,stats    ] Allocation pacing accrued:
[2026-04-03T06:31:44.524+0600][56.678s][info][gc,stats    ]       0 of  1275 ms (  0.0%): <total>
[2026-04-03T06:31:44.524+0600][56.678s][info][gc,stats    ]       0 of  1275 ms (  0.0%): <average total>
[2026-04-03T06:31:44.524+0600][56.678s][info][gc,stats    ] 
[2026-04-03T06:31:44.524+0600][56.678s][info][gc,metaspace] Metaspace: 10161K(10368K)->10358K(10624K) NonClass: 9281K(9408K)->9467K(9600K) Class: 879K(960K)->891K(1024K)
[2026-04-03T06:31:44.524+0600][56.678s][info][gc,ergo     ] Pacer for Idle. Initial: 80302K, Alloc Tax Rate: 1.0x
[2026-04-03T06:31:48.027+0600][60.181s][info][gc          ] Trigger: Average GC time (2179.14 ms) is above the time for average allocation rate (557 MB/s) to deplete free headroom (1212M) (margin of error = 1.92)
[2026-04-03T06:31:48.027+0600][60.181s][info][gc,ergo     ] Free headroom: 1409M (free) - 196M (spike) - 0B (penalties) = 1212M
[2026-04-03T06:31:48.027+0600][60.182s][info][gc,ergo     ] Free: 1409M, Max: 1024K regular, 1409M humongous, Frag: 0% external, 0% internal; Reserve: 197M, Max: 1024K
[2026-04-03T06:31:48.028+0600][60.182s][info][gc,start    ] GC(25) Concurrent reset
[2026-04-03T06:31:48.028+0600][60.182s][info][gc,task     ] GC(25) Using 3 of 6 workers for concurrent reset
[2026-04-03T06:31:48.028+0600][60.182s][info][gc,ergo     ] GC(25) Pacer for Reset. Non-Taxable: 3921M
[2026-04-03T06:31:48.031+0600][60.185s][info][gc          ] GC(25) Concurrent reset 3.682ms
[2026-04-03T06:31:48.031+0600][60.185s][info][gc,start    ] GC(25) Pause Init Mark (unload classes)
[2026-04-03T06:31:48.031+0600][60.186s][info][gc,task     ] GC(25) Using 6 of 6 workers for init marking
[2026-04-03T06:31:48.032+0600][60.186s][info][gc,ergo     ] GC(25) Pacer for Mark. Expected Live: 530M, Free: 1408M, Non-Taxable: 140M, Alloc Tax Rate: 0.5x
[2026-04-03T06:31:48.032+0600][60.186s][info][gc          ] GC(25) Pause Init Mark (unload classes) 0.123ms
[2026-04-03T06:31:48.032+0600][60.186s][info][gc,start    ] GC(25) Concurrent marking roots
[2026-04-03T06:31:48.032+0600][60.186s][info][gc,task     ] GC(25) Using 3 of 6 workers for concurrent marking roots
[2026-04-03T06:31:48.032+0600][60.186s][info][gc          ] GC(25) Concurrent marking roots 0.313ms
[2026-04-03T06:31:48.032+0600][60.186s][info][gc,start    ] GC(25) Concurrent marking (unload classes)
[2026-04-03T06:31:48.032+0600][60.186s][info][gc,task     ] GC(25) Using 3 of 6 workers for concurrent marking
[2026-04-03T06:31:48.895+0600][61.049s][info][gc          ] GC(25) Concurrent marking (unload classes) 862.771ms
[2026-04-03T06:31:48.895+0600][61.049s][info][gc,start    ] GC(25) Pause Final Mark (unload classes)
[2026-04-03T06:31:48.895+0600][61.049s][info][gc,task     ] GC(25) Using 6 of 6 workers for final marking
[2026-04-03T06:31:48.896+0600][61.050s][info][gc,ergo     ] GC(25) Adaptive CSet Selection. Target Free: 555M, Actual Free: 1505M, Max CSet: 163M, Min Garbage: 0B
[2026-04-03T06:31:48.897+0600][61.051s][info][gc,ergo     ] GC(25) Collectable Garbage: 1586M (97%), Immediate: 31406K (1%), CSet: 1555M (95%)
[2026-04-03T06:31:48.897+0600][61.051s][info][gc,ergo     ] GC(25) Pacer for Evacuation. Used CSet: 1719M, Free: 1309M, Non-Taxable: 130M, Alloc Tax Rate: 3.2x
[2026-04-03T06:31:48.897+0600][61.051s][info][gc          ] GC(25) Pause Final Mark (unload classes) 1.717ms
[2026-04-03T06:31:48.897+0600][61.051s][info][gc,start    ] GC(25) Concurrent thread roots
[2026-04-03T06:31:48.897+0600][61.051s][info][gc,task     ] GC(25) Using 3 of 6 workers for Concurrent thread roots
[2026-04-03T06:31:48.898+0600][61.052s][info][gc          ] GC(25) Concurrent thread roots 0.656ms
[2026-04-03T06:31:48.898+0600][61.052s][info][gc,start    ] GC(25) Concurrent weak references
[2026-04-03T06:31:48.898+0600][61.052s][info][gc,task     ] GC(25) Using 3 of 6 workers for concurrent weak references
[2026-04-03T06:31:48.898+0600][61.052s][info][gc,ref      ] GC(25) Encountered references: Soft: 172, Weak: 476, Final: 3, Phantom: 54
[2026-04-03T06:31:48.898+0600][61.052s][info][gc,ref      ] GC(25) Discovered  references: Soft: 0, Weak: 221, Final: 1, Phantom: 44
[2026-04-03T06:31:48.898+0600][61.052s][info][gc,ref      ] GC(25) Enqueued    references: Soft: 0, Weak: 23, Final: 0, Phantom: 0
[2026-04-03T06:31:48.898+0600][61.052s][info][gc          ] GC(25) Concurrent weak references 0.296ms
[2026-04-03T06:31:48.898+0600][61.052s][info][gc,start    ] GC(25) Concurrent weak roots
[2026-04-03T06:31:48.898+0600][61.052s][info][gc,task     ] GC(25) Using 3 of 6 workers for concurrent weak root
[2026-04-03T06:31:48.900+0600][61.054s][info][gc          ] GC(25) Concurrent weak roots 1.546ms
[2026-04-03T06:31:48.900+0600][61.054s][info][gc,start    ] GC(25) Concurrent cleanup
[2026-04-03T06:31:48.900+0600][61.054s][info][gc          ] GC(25) Concurrent cleanup 2446M->2416M(3258M) 0.315ms
[2026-04-03T06:31:48.900+0600][61.054s][info][gc,ergo     ] GC(25) Free: 1308M, Max: 1024K regular, 1277M humongous, Frag: 3% external, 0% internal; Reserve: 196M, Max: 1024K
[2026-04-03T06:31:48.900+0600][61.054s][info][gc,start    ] GC(25) Concurrent class unloading
[2026-04-03T06:31:48.900+0600][61.054s][info][gc,task     ] GC(25) Using 3 of 6 workers for concurrent class unloading
[2026-04-03T06:31:48.904+0600][61.058s][info][gc          ] GC(25) Concurrent class unloading 4.308ms
[2026-04-03T06:31:48.904+0600][61.058s][info][gc,start    ] GC(25) Concurrent strong roots
[2026-04-03T06:31:48.904+0600][61.058s][info][gc,task     ] GC(25) Using 3 of 6 workers for concurrent strong root
[2026-04-03T06:31:48.905+0600][61.059s][info][gc          ] GC(25) Concurrent strong roots 0.397ms
[2026-04-03T06:31:48.905+0600][61.059s][info][gc,start    ] GC(25) Concurrent evacuation
[2026-04-03T06:31:48.905+0600][61.059s][info][gc,task     ] GC(25) Using 3 of 6 workers for concurrent evacuation
[2026-04-03T06:31:49.039+0600][61.193s][info][gc          ] GC(25) Concurrent evacuation 133.748ms
[2026-04-03T06:31:49.039+0600][61.193s][info][gc,start    ] GC(25) Pause Init Update Refs
[2026-04-03T06:31:49.039+0600][61.193s][info][gc,ergo     ] GC(25) Pacer for Update Refs. Used: 2609M, Free: 1280M, Non-Taxable: 128M, Alloc Tax Rate: 2.5x
[2026-04-03T06:31:49.039+0600][61.193s][info][gc          ] GC(25) Pause Init Update Refs 0.088ms
[2026-04-03T06:31:49.039+0600][61.193s][info][gc,start    ] GC(25) Concurrent update references
[2026-04-03T06:31:49.039+0600][61.193s][info][gc,task     ] GC(25) Using 3 of 6 workers for concurrent reference update
[2026-04-03T06:31:49.449+0600][61.603s][info][gc          ] GC(25) Concurrent update references 409.700ms
[2026-04-03T06:31:49.449+0600][61.603s][info][gc,start    ] GC(25) Concurrent update thread roots
[2026-04-03T06:31:49.449+0600][61.603s][info][gc          ] GC(25) Concurrent update thread roots 0.198ms
[2026-04-03T06:31:49.449+0600][61.603s][info][gc,start    ] GC(25) Pause Final Update Refs
[2026-04-03T06:31:49.449+0600][61.603s][info][gc,task     ] GC(25) Using 6 of 6 workers for final reference update
[2026-04-03T06:31:49.449+0600][61.603s][info][gc          ] GC(25) Pause Final Update Refs 0.229ms
[2026-04-03T06:31:49.449+0600][61.603s][info][gc,start    ] GC(25) Concurrent cleanup
[2026-04-03T06:31:49.450+0600][61.604s][info][gc          ] GC(25) Concurrent cleanup 2673M->954M(3383M) 0.375ms
[2026-04-03T06:31:49.450+0600][61.604s][info][gc,ergo     ] Free: 2770M, Max: 1024K regular, 1140M humongous, Frag: 59% external, 0% internal; Reserve: 197M, Max: 1024K
[2026-04-03T06:31:49.450+0600][61.604s][info][gc,stats    ] 
[2026-04-03T06:31:49.450+0600][61.604s][info][gc,stats    ] All times are wall-clock times, except per-root-class counters, that are sum over
[2026-04-03T06:31:49.450+0600][61.604s][info][gc,stats    ] all workers. Dividing the <total> over the root stage time estimates parallelism.
[2026-04-03T06:31:49.450+0600][61.604s][info][gc,stats    ] 
[2026-04-03T06:31:49.450+0600][61.604s][info][gc,stats    ] Concurrent Reset                   3756 us
[2026-04-03T06:31:49.450+0600][61.604s][info][gc,stats    ] Pause Init Mark (G)                 364 us
[2026-04-03T06:31:49.450+0600][61.604s][info][gc,stats    ] Pause Init Mark (N)                 133 us
[2026-04-03T06:31:49.450+0600][61.604s][info][gc,stats    ]   Update Region States               27 us
[2026-04-03T06:31:49.450+0600][61.604s][info][gc,stats    ] Concurrent Mark Roots               337 us, parallelism: 0.62x
[2026-04-03T06:31:49.450+0600][61.604s][info][gc,stats    ]   CMR: <total>                      209 us
[2026-04-03T06:31:49.450+0600][61.604s][info][gc,stats    ]   CMR: Thread Roots                 135 us, workers (us):  52,  79,   4, ---, ---, ---, 
[2026-04-03T06:31:49.450+0600][61.604s][info][gc,stats    ]   CMR: VM Strong Roots                8 us, workers (us):   7,   1,   1, ---, ---, ---, 
[2026-04-03T06:31:49.450+0600][61.604s][info][gc,stats    ]   CMR: CLDG Roots                    66 us, workers (us):  66, ---, ---, ---, ---, ---, 
[2026-04-03T06:31:49.450+0600][61.604s][info][gc,stats    ] Concurrent Marking               862936 us
[2026-04-03T06:31:49.450+0600][61.604s][info][gc,stats    ] Pause Final Mark (G)               2016 us
[2026-04-03T06:31:49.450+0600][61.604s][info][gc,stats    ] Pause Final Mark (N)               1735 us
[2026-04-03T06:31:49.450+0600][61.604s][info][gc,stats    ]   Finish Mark                       468 us
[2026-04-03T06:31:49.450+0600][61.604s][info][gc,stats    ]   Update Region States               80 us
[2026-04-03T06:31:49.450+0600][61.604s][info][gc,stats    ]   Choose Collection Set             787 us
[2026-04-03T06:31:49.450+0600][61.604s][info][gc,stats    ]   Rebuild Free Set                   49 us
[2026-04-03T06:31:49.450+0600][61.604s][info][gc,stats    ] Concurrent Thread Roots             710 us, parallelism: 0.96x
[2026-04-03T06:31:49.450+0600][61.604s][info][gc,stats    ]   CTR: <total>                      679 us
[2026-04-03T06:31:49.450+0600][61.604s][info][gc,stats    ]   CTR: Thread Roots                 679 us, workers (us): 438, 186,  55, ---, ---, ---, 
[2026-04-03T06:31:49.450+0600][61.604s][info][gc,stats    ] Concurrent Weak References          316 us, parallelism: 0.22x
[2026-04-03T06:31:49.450+0600][61.604s][info][gc,stats    ]   CWRF: <total>                      68 us
[2026-04-03T06:31:49.450+0600][61.604s][info][gc,stats    ]   CWRF: Weak References              68 us, workers (us):  67,   2,   0, ---, ---, ---, 
[2026-04-03T06:31:49.450+0600][61.604s][info][gc,stats    ] Concurrent Weak Roots              1609 us
[2026-04-03T06:31:49.450+0600][61.604s][info][gc,stats    ]   Roots                            1270 us, parallelism: 2.26x
[2026-04-03T06:31:49.450+0600][61.604s][info][gc,stats    ]     CWR: <total>                   2875 us
[2026-04-03T06:31:49.450+0600][61.604s][info][gc,stats    ]     CWR: Code Cache Roots          2264 us, workers (us): 871, 650, 743, ---, ---, ---, 
[2026-04-03T06:31:49.450+0600][61.604s][info][gc,stats    ]     CWR: VM Weak Roots              597 us, workers (us): 230, 232, 135, ---, ---, ---, 
[2026-04-03T06:31:49.450+0600][61.604s][info][gc,stats    ]     CWR: CLDG Roots                  15 us, workers (us): ---, ---,  15, ---, ---, ---, 
[2026-04-03T06:31:49.450+0600][61.604s][info][gc,stats    ]   Rendezvous                        238 us
[2026-04-03T06:31:49.450+0600][61.604s][info][gc,stats    ] Concurrent Cleanup                  333 us
[2026-04-03T06:31:49.450+0600][61.604s][info][gc,stats    ] Concurrent Class Unloading         4448 us
[2026-04-03T06:31:49.450+0600][61.604s][info][gc,stats    ]   Unlink Stale                     3488 us
[2026-04-03T06:31:49.450+0600][61.604s][info][gc,stats    ]     System Dictionary                14 us
[2026-04-03T06:31:49.450+0600][61.604s][info][gc,stats    ]     Weak Class Links                  1 us
[2026-04-03T06:31:49.450+0600][61.604s][info][gc,stats    ]     Code Roots                     3469 us
[2026-04-03T06:31:49.450+0600][61.604s][info][gc,stats    ]   Rendezvous                        264 us
[2026-04-03T06:31:49.450+0600][61.604s][info][gc,stats    ]   Purge Unlinked                    517 us
[2026-04-03T06:31:49.450+0600][61.604s][info][gc,stats    ]     Code Roots                      498 us
[2026-04-03T06:31:49.450+0600][61.604s][info][gc,stats    ]     CLDG                             18 us
[2026-04-03T06:31:49.450+0600][61.604s][info][gc,stats    ]     Exception Caches                  0 us
[2026-04-03T06:31:49.450+0600][61.604s][info][gc,stats    ] Concurrent Strong Roots             434 us, parallelism: 0.58x
[2026-04-03T06:31:49.450+0600][61.604s][info][gc,stats    ]   CSR: <total>                      253 us
[2026-04-03T06:31:49.450+0600][61.604s][info][gc,stats    ]   CSR: VM Strong Roots               10 us, workers (us):   8,   1,   0, ---, ---, ---, 
[2026-04-03T06:31:49.450+0600][61.604s][info][gc,stats    ]   CSR: CLDG Roots                   243 us, workers (us): 243, ---, ---, ---, ---, ---, 
[2026-04-03T06:31:49.450+0600][61.604s][info][gc,stats    ] Concurrent Evacuation            133831 us
[2026-04-03T06:31:49.450+0600][61.604s][info][gc,stats    ] Pause Init Update Refs (G)          344 us
[2026-04-03T06:31:49.450+0600][61.604s][info][gc,stats    ] Pause Init Update Refs (N)           99 us
[2026-04-03T06:31:49.450+0600][61.604s][info][gc,stats    ]   Manage GCLABs                       6 us
[2026-04-03T06:31:49.450+0600][61.605s][info][gc,stats    ] Concurrent Update Refs           409785 us
[2026-04-03T06:31:49.450+0600][61.605s][info][gc,stats    ] Concurrent Update Thread Roots      212 us
[2026-04-03T06:31:49.450+0600][61.605s][info][gc,stats    ] Pause Final Update Refs (G)         431 us
[2026-04-03T06:31:49.450+0600][61.605s][info][gc,stats    ] Pause Final Update Refs (N)         240 us
[2026-04-03T06:31:49.450+0600][61.605s][info][gc,stats    ]   Update Region States               45 us
[2026-04-03T06:31:49.450+0600][61.605s][info][gc,stats    ]   Trash Collection Set               17 us
[2026-04-03T06:31:49.451+0600][61.605s][info][gc,stats    ]   Rebuild Free Set                   33 us
[2026-04-03T06:31:49.451+0600][61.605s][info][gc,stats    ] Concurrent Cleanup                  391 us
[2026-04-03T06:31:49.451+0600][61.605s][info][gc,stats    ] 
[2026-04-03T06:31:49.451+0600][61.605s][info][gc,stats    ] Allocation pacing accrued:
[2026-04-03T06:31:49.451+0600][61.605s][info][gc,stats    ]       0 of  4926 ms (  0.0%): <total>
[2026-04-03T06:31:49.451+0600][61.605s][info][gc,stats    ]       0 of  4926 ms (  0.0%): <average total>
[2026-04-03T06:31:49.451+0600][61.605s][info][gc,stats    ] 
[2026-04-03T06:31:49.451+0600][61.605s][info][gc,metaspace] Metaspace: 10362K(10624K)->10363K(10624K) NonClass: 9470K(9600K)->9471K(9600K) Class: 891K(1024K)->891K(1024K)
[2026-04-03T06:31:49.451+0600][61.605s][info][gc,ergo     ] Pacer for Idle. Initial: 80302K, Alloc Tax Rate: 1.0x
[2026-04-03T06:31:51.855+0600][64.009s][info][gc          ] Trigger: Average GC time (1941.61 ms) is above the time for average allocation rate (636 MB/s) to deplete free headroom (1233M) (margin of error = 1.90)
[2026-04-03T06:31:51.855+0600][64.009s][info][gc,ergo     ] Free headroom: 1430M (free) - 196M (spike) - 0B (penalties) = 1233M
[2026-04-03T06:31:51.855+0600][64.009s][info][gc,ergo     ] Free: 1430M, Max: 1024K regular, 1056M humongous, Frag: 27% external, 0% internal; Reserve: 197M, Max: 1024K
[2026-04-03T06:31:51.855+0600][64.009s][info][gc,start    ] GC(26) Concurrent reset
[2026-04-03T06:31:51.855+0600][64.009s][info][gc,task     ] GC(26) Using 3 of 6 workers for concurrent reset
[2026-04-03T06:31:51.855+0600][64.009s][info][gc,ergo     ] GC(26) Pacer for Reset. Non-Taxable: 3921M
[2026-04-03T06:31:51.859+0600][64.013s][info][gc          ] GC(26) Concurrent reset 4.310ms
[2026-04-03T06:31:51.859+0600][64.013s][info][gc,start    ] GC(26) Pause Init Mark (unload classes)
[2026-04-03T06:31:51.860+0600][64.014s][info][gc,task     ] GC(26) Using 6 of 6 workers for init marking
[2026-04-03T06:31:51.860+0600][64.014s][info][gc,ergo     ] GC(26) Pacer for Mark. Expected Live: 563M, Free: 1428M, Non-Taxable: 142M, Alloc Tax Rate: 0.5x
[2026-04-03T06:31:51.860+0600][64.014s][info][gc          ] GC(26) Pause Init Mark (unload classes) 0.129ms
[2026-04-03T06:31:51.860+0600][64.014s][info][gc,start    ] GC(26) Concurrent marking roots
[2026-04-03T06:31:51.860+0600][64.014s][info][gc,task     ] GC(26) Using 3 of 6 workers for concurrent marking roots
[2026-04-03T06:31:51.860+0600][64.014s][info][gc          ] GC(26) Concurrent marking roots 0.373ms
[2026-04-03T06:31:51.860+0600][64.014s][info][gc,start    ] GC(26) Concurrent marking (unload classes)
[2026-04-03T06:31:51.860+0600][64.014s][info][gc,task     ] GC(26) Using 3 of 6 workers for concurrent marking
[2026-04-03T06:31:52.270+0600][64.425s][info][gc          ] GC(26) Concurrent marking (unload classes) 410.319ms
[2026-04-03T06:31:52.271+0600][64.425s][info][gc,start    ] GC(26) Pause Final Mark (unload classes)
[2026-04-03T06:31:52.271+0600][64.425s][info][gc,task     ] GC(26) Using 6 of 6 workers for final marking
[2026-04-03T06:31:52.271+0600][64.425s][info][gc,ergo     ] GC(26) Adaptive CSet Selection. Target Free: 555M, Actual Free: 1740M, Max CSet: 163M, Min Garbage: 0B
[2026-04-03T06:31:52.272+0600][64.426s][info][gc,ergo     ] GC(26) Collectable Garbage: 1814M (98%), Immediate: 394M (21%), CSet: 1420M (77%)
[2026-04-03T06:31:52.272+0600][64.426s][info][gc,ergo     ] GC(26) Pacer for Evacuation. Used CSet: 1506M, Free: 1543M, Non-Taxable: 154M, Alloc Tax Rate: 2.4x
[2026-04-03T06:31:52.272+0600][64.426s][info][gc          ] GC(26) Pause Final Mark (unload classes) 1.134ms
[2026-04-03T06:31:52.272+0600][64.426s][info][gc,start    ] GC(26) Concurrent thread roots
[2026-04-03T06:31:52.272+0600][64.426s][info][gc,task     ] GC(26) Using 3 of 6 workers for Concurrent thread roots
[2026-04-03T06:31:52.272+0600][64.426s][info][gc          ] GC(26) Concurrent thread roots 0.218ms
[2026-04-03T06:31:52.272+0600][64.426s][info][gc,start    ] GC(26) Concurrent weak references
[2026-04-03T06:31:52.272+0600][64.426s][info][gc,task     ] GC(26) Using 3 of 6 workers for concurrent weak references
[2026-04-03T06:31:52.273+0600][64.427s][info][gc,ref      ] GC(26) Encountered references: Soft: 172, Weak: 453, Final: 3, Phantom: 54
[2026-04-03T06:31:52.273+0600][64.427s][info][gc,ref      ] GC(26) Discovered  references: Soft: 0, Weak: 213, Final: 3, Phantom: 46
[2026-04-03T06:31:52.273+0600][64.427s][info][gc,ref      ] GC(26) Enqueued    references: Soft: 0, Weak: 0, Final: 0, Phantom: 0
[2026-04-03T06:31:52.273+0600][64.427s][info][gc          ] GC(26) Concurrent weak references 0.310ms
[2026-04-03T06:31:52.273+0600][64.427s][info][gc,start    ] GC(26) Concurrent weak roots
[2026-04-03T06:31:52.273+0600][64.427s][info][gc,task     ] GC(26) Using 3 of 6 workers for concurrent weak root
[2026-04-03T06:31:52.274+0600][64.428s][info][gc          ] GC(26) Concurrent weak roots 0.957ms
[2026-04-03T06:31:52.274+0600][64.428s][info][gc,start    ] GC(26) Concurrent cleanup
[2026-04-03T06:31:52.274+0600][64.428s][info][gc          ] GC(26) Concurrent cleanup 2576M->2182M(3383M) 0.707ms
[2026-04-03T06:31:52.274+0600][64.428s][info][gc,ergo     ] GC(26) Free: 1542M, Max: 1024K regular, 1200M humongous, Frag: 23% external, 0% internal; Reserve: 196M, Max: 1024K
[2026-04-03T06:31:52.274+0600][64.429s][info][gc,start    ] GC(26) Concurrent class unloading
[2026-04-03T06:31:52.274+0600][64.429s][info][gc,task     ] GC(26) Using 3 of 6 workers for concurrent class unloading
[2026-04-03T06:31:52.278+0600][64.432s][info][gc          ] GC(26) Concurrent class unloading 3.306ms
[2026-04-03T06:31:52.278+0600][64.432s][info][gc,start    ] GC(26) Concurrent strong roots
[2026-04-03T06:31:52.278+0600][64.432s][info][gc,task     ] GC(26) Using 3 of 6 workers for concurrent strong root
[2026-04-03T06:31:52.278+0600][64.432s][info][gc          ] GC(26) Concurrent strong roots 0.244ms
[2026-04-03T06:31:52.278+0600][64.432s][info][gc,start    ] GC(26) Concurrent evacuation
[2026-04-03T06:31:52.278+0600][64.432s][info][gc,task     ] GC(26) Using 3 of 6 workers for concurrent evacuation
[2026-04-03T06:31:52.317+0600][64.472s][info][gc          ] GC(26) Concurrent evacuation 39.322ms
[2026-04-03T06:31:52.318+0600][64.472s][info][gc,start    ] GC(26) Pause Init Update Refs
[2026-04-03T06:31:52.318+0600][64.472s][info][gc,ergo     ] GC(26) Pacer for Update Refs. Used: 2291M, Free: 1520M, Non-Taxable: 152M, Alloc Tax Rate: 1.8x
[2026-04-03T06:31:52.318+0600][64.472s][info][gc          ] GC(26) Pause Init Update Refs 0.092ms
[2026-04-03T06:31:52.318+0600][64.472s][info][gc,start    ] GC(26) Concurrent update references
[2026-04-03T06:31:52.318+0600][64.472s][info][gc,task     ] GC(26) Using 3 of 6 workers for concurrent reference update
[2026-04-03T06:31:52.650+0600][64.804s][info][gc          ] GC(26) Concurrent update references 331.733ms
[2026-04-03T06:31:52.650+0600][64.804s][info][gc,start    ] GC(26) Concurrent update thread roots
[2026-04-03T06:31:52.650+0600][64.804s][info][gc          ] GC(26) Concurrent update thread roots 0.444ms
[2026-04-03T06:31:52.650+0600][64.805s][info][gc,start    ] GC(26) Pause Final Update Refs
[2026-04-03T06:31:52.651+0600][64.805s][info][gc,task     ] GC(26) Using 6 of 6 workers for final reference update
[2026-04-03T06:31:52.651+0600][64.805s][info][gc          ] GC(26) Pause Final Update Refs 0.168ms
[2026-04-03T06:31:52.651+0600][64.805s][info][gc,start    ] GC(26) Concurrent cleanup
[2026-04-03T06:31:52.652+0600][64.806s][info][gc          ] GC(26) Concurrent cleanup 2475M->969M(3383M) 0.749ms
[2026-04-03T06:31:52.652+0600][64.806s][info][gc,ergo     ] Free: 2755M, Max: 1024K regular, 1564M humongous, Frag: 44% external, 0% internal; Reserve: 197M, Max: 1024K
[2026-04-03T06:31:52.652+0600][64.806s][info][gc,stats    ] 
[2026-04-03T06:31:52.652+0600][64.806s][info][gc,stats    ] All times are wall-clock times, except per-root-class counters, that are sum over
[2026-04-03T06:31:52.652+0600][64.806s][info][gc,stats    ] all workers. Dividing the <total> over the root stage time estimates parallelism.
[2026-04-03T06:31:52.652+0600][64.806s][info][gc,stats    ] 
[2026-04-03T06:31:52.652+0600][64.806s][info][gc,stats    ] Concurrent Reset                   4393 us
[2026-04-03T06:31:52.652+0600][64.806s][info][gc,stats    ] Pause Init Mark (G)                 580 us
[2026-04-03T06:31:52.652+0600][64.806s][info][gc,stats    ] Pause Init Mark (N)                 138 us
[2026-04-03T06:31:52.652+0600][64.806s][info][gc,stats    ]   Update Region States               40 us
[2026-04-03T06:31:52.652+0600][64.806s][info][gc,stats    ] Concurrent Mark Roots               417 us, parallelism: 0.86x
[2026-04-03T06:31:52.652+0600][64.806s][info][gc,stats    ]   CMR: <total>                      360 us
[2026-04-03T06:31:52.652+0600][64.806s][info][gc,stats    ]   CMR: Thread Roots                 219 us, workers (us):   0, 146,  74, ---, ---, ---, 
[2026-04-03T06:31:52.652+0600][64.806s][info][gc,stats    ]   CMR: VM Strong Roots                9 us, workers (us):   7,   1,   1, ---, ---, ---, 
[2026-04-03T06:31:52.652+0600][64.806s][info][gc,stats    ]   CMR: CLDG Roots                   131 us, workers (us): 131, ---, ---, ---, ---, ---, 
[2026-04-03T06:31:52.652+0600][64.806s][info][gc,stats    ] Concurrent Marking               410426 us
[2026-04-03T06:31:52.652+0600][64.806s][info][gc,stats    ] Pause Final Mark (G)               1508 us
[2026-04-03T06:31:52.652+0600][64.806s][info][gc,stats    ] Pause Final Mark (N)               1148 us
[2026-04-03T06:31:52.652+0600][64.806s][info][gc,stats    ]   Finish Mark                       234 us
[2026-04-03T06:31:52.652+0600][64.806s][info][gc,stats    ]   Update Region States              136 us
[2026-04-03T06:31:52.652+0600][64.806s][info][gc,stats    ]   Choose Collection Set             584 us
[2026-04-03T06:31:52.652+0600][64.806s][info][gc,stats    ]   Rebuild Free Set                   41 us
[2026-04-03T06:31:52.652+0600][64.806s][info][gc,stats    ] Concurrent Thread Roots             273 us, parallelism: 0.61x
[2026-04-03T06:31:52.652+0600][64.806s][info][gc,stats    ]   CTR: <total>                      167 us
[2026-04-03T06:31:52.652+0600][64.806s][info][gc,stats    ]   CTR: Thread Roots                 167 us, workers (us):  96,  70,   1, ---, ---, ---, 
[2026-04-03T06:31:52.652+0600][64.806s][info][gc,stats    ] Concurrent Weak References          320 us, parallelism: 0.19x
[2026-04-03T06:31:52.652+0600][64.806s][info][gc,stats    ]   CWRF: <total>                      59 us
[2026-04-03T06:31:52.652+0600][64.806s][info][gc,stats    ]   CWRF: Weak References              59 us, workers (us):  16,   2,  42, ---, ---, ---, 
[2026-04-03T06:31:52.652+0600][64.806s][info][gc,stats    ] Concurrent Weak Roots              1006 us
[2026-04-03T06:31:52.652+0600][64.806s][info][gc,stats    ]   Roots                             779 us, parallelism: 2.44x
[2026-04-03T06:31:52.652+0600][64.806s][info][gc,stats    ]     CWR: <total>                   1905 us
[2026-04-03T06:31:52.652+0600][64.806s][info][gc,stats    ]     CWR: Code Cache Roots          1367 us, workers (us): 472, 434, 461, ---, ---, ---, 
[2026-04-03T06:31:52.652+0600][64.806s][info][gc,stats    ]     CWR: VM Weak Roots              534 us, workers (us): 214, 201, 119, ---, ---, ---, 
[2026-04-03T06:31:52.652+0600][64.806s][info][gc,stats    ]     CWR: CLDG Roots                   4 us, workers (us): ---,   4, ---, ---, ---, ---, 
[2026-04-03T06:31:52.652+0600][64.806s][info][gc,stats    ]   Rendezvous                        155 us
[2026-04-03T06:31:52.652+0600][64.806s][info][gc,stats    ] Concurrent Cleanup                  721 us
[2026-04-03T06:31:52.652+0600][64.806s][info][gc,stats    ] Concurrent Class Unloading         3363 us
[2026-04-03T06:31:52.652+0600][64.806s][info][gc,stats    ]   Unlink Stale                     2789 us
[2026-04-03T06:31:52.652+0600][64.806s][info][gc,stats    ]     System Dictionary                10 us
[2026-04-03T06:31:52.652+0600][64.806s][info][gc,stats    ]     Weak Class Links                  0 us
[2026-04-03T06:31:52.652+0600][64.806s][info][gc,stats    ]     Code Roots                     2775 us
[2026-04-03T06:31:52.652+0600][64.806s][info][gc,stats    ]   Rendezvous                        244 us
[2026-04-03T06:31:52.652+0600][64.806s][info][gc,stats    ]   Purge Unlinked                    251 us
[2026-04-03T06:31:52.652+0600][64.806s][info][gc,stats    ]     Code Roots                      237 us
[2026-04-03T06:31:52.652+0600][64.806s][info][gc,stats    ]     CLDG                             13 us
[2026-04-03T06:31:52.652+0600][64.806s][info][gc,stats    ]     Exception Caches                  0 us
[2026-04-03T06:31:52.652+0600][64.806s][info][gc,stats    ] Concurrent Strong Roots             288 us, parallelism: 0.41x
[2026-04-03T06:31:52.652+0600][64.806s][info][gc,stats    ]   CSR: <total>                      118 us
[2026-04-03T06:31:52.652+0600][64.806s][info][gc,stats    ]   CSR: VM Strong Roots               11 us, workers (us):   9,   2,   0, ---, ---, ---, 
[2026-04-03T06:31:52.652+0600][64.806s][info][gc,stats    ]   CSR: CLDG Roots                   107 us, workers (us): 107, ---, ---, ---, ---, ---, 
[2026-04-03T06:31:52.652+0600][64.806s][info][gc,stats    ] Concurrent Evacuation             39398 us
[2026-04-03T06:31:52.652+0600][64.806s][info][gc,stats    ] Pause Init Update Refs (G)          466 us
[2026-04-03T06:31:52.652+0600][64.806s][info][gc,stats    ] Pause Init Update Refs (N)          106 us
[2026-04-03T06:31:52.652+0600][64.806s][info][gc,stats    ]   Manage GCLABs                       7 us
[2026-04-03T06:31:52.652+0600][64.806s][info][gc,stats    ] Concurrent Update Refs           331806 us
[2026-04-03T06:31:52.652+0600][64.806s][info][gc,stats    ] Concurrent Update Thread Roots      484 us
[2026-04-03T06:31:52.652+0600][64.806s][info][gc,stats    ] Pause Final Update Refs (G)         510 us
[2026-04-03T06:31:52.652+0600][64.806s][info][gc,stats    ] Pause Final Update Refs (N)         181 us
[2026-04-03T06:31:52.652+0600][64.806s][info][gc,stats    ]   Update Region States               54 us
[2026-04-03T06:31:52.652+0600][64.806s][info][gc,stats    ]   Trash Collection Set               23 us
[2026-04-03T06:31:52.652+0600][64.806s][info][gc,stats    ]   Rebuild Free Set                   32 us
[2026-04-03T06:31:52.652+0600][64.806s][info][gc,stats    ] Concurrent Cleanup                  770 us
[2026-04-03T06:31:52.652+0600][64.806s][info][gc,stats    ] 
[2026-04-03T06:31:52.652+0600][64.806s][info][gc,stats    ] Allocation pacing accrued:
[2026-04-03T06:31:52.652+0600][64.806s][info][gc,stats    ]       0 of  3202 ms (  0.0%): <total>
[2026-04-03T06:31:52.652+0600][64.806s][info][gc,stats    ]       0 of  3202 ms (  0.0%): <average total>
[2026-04-03T06:31:52.652+0600][64.806s][info][gc,stats    ] 
[2026-04-03T06:31:52.652+0600][64.806s][info][gc,metaspace] Metaspace: 10377K(10624K)->10377K(10624K) NonClass: 9486K(9600K)->9486K(9600K) Class: 891K(1024K)->891K(1024K)
[2026-04-03T06:31:52.652+0600][64.806s][info][gc,ergo     ] Pacer for Idle. Initial: 80302K, Alloc Tax Rate: 1.0x
[2026-04-03T06:31:54.060+0600][66.214s][info][gc          ] Trigger: Average GC time (1844.74 ms) is above the time for average allocation rate (947 MB/s) to deplete free headroom (1629M) (margin of error = 1.88)
[2026-04-03T06:31:54.060+0600][66.214s][info][gc,ergo     ] Free headroom: 1826M (free) - 196M (spike) - 0B (penalties) = 1629M
[2026-04-03T06:31:54.061+0600][66.215s][info][gc,ergo     ] Free: 1826M, Max: 1024K regular, 1564M humongous, Frag: 15% external, 0% internal; Reserve: 197M, Max: 1024K
[2026-04-03T06:31:54.061+0600][66.215s][info][gc,start    ] GC(27) Concurrent reset
[2026-04-03T06:31:54.061+0600][66.215s][info][gc,task     ] GC(27) Using 3 of 6 workers for concurrent reset
[2026-04-03T06:31:54.061+0600][66.215s][info][gc,ergo     ] GC(27) Pacer for Reset. Non-Taxable: 3921M
[2026-04-03T06:31:54.064+0600][66.219s][info][gc          ] GC(27) Concurrent reset 3.912ms
[2026-04-03T06:31:54.065+0600][66.219s][info][gc,start    ] GC(27) Pause Init Mark (unload classes)
[2026-04-03T06:31:54.065+0600][66.219s][info][gc,task     ] GC(27) Using 6 of 6 workers for init marking
[2026-04-03T06:31:54.065+0600][66.219s][info][gc,ergo     ] GC(27) Pacer for Mark. Expected Live: 551M, Free: 1824M, Non-Taxable: 182M, Alloc Tax Rate: 0.4x
[2026-04-03T06:31:54.065+0600][66.219s][info][gc          ] GC(27) Pause Init Mark (unload classes) 0.133ms
[2026-04-03T06:31:54.065+0600][66.219s][info][gc,start    ] GC(27) Concurrent marking roots
[2026-04-03T06:31:54.065+0600][66.219s][info][gc,task     ] GC(27) Using 3 of 6 workers for concurrent marking roots
[2026-04-03T06:31:54.065+0600][66.219s][info][gc          ] GC(27) Concurrent marking roots 0.334ms
[2026-04-03T06:31:54.065+0600][66.220s][info][gc,start    ] GC(27) Concurrent marking (unload classes)
[2026-04-03T06:31:54.065+0600][66.220s][info][gc,task     ] GC(27) Using 3 of 6 workers for concurrent marking
[2026-04-03T06:31:54.346+0600][66.500s][info][gc          ] GC(27) Concurrent marking (unload classes) 280.708ms
[2026-04-03T06:31:54.347+0600][66.501s][info][gc,start    ] GC(27) Pause Final Mark (unload classes)
[2026-04-03T06:31:54.347+0600][66.501s][info][gc,task     ] GC(27) Using 6 of 6 workers for final marking
[2026-04-03T06:31:54.347+0600][66.501s][info][gc,ergo     ] GC(27) Adaptive CSet Selection. Target Free: 555M, Actual Free: 2569M, Max CSet: 163M, Min Garbage: 0B
[2026-04-03T06:31:54.347+0600][66.501s][info][gc,ergo     ] GC(27) Collectable Garbage: 1450M (98%), Immediate: 555M (37%), CSet: 895M (60%)
[2026-04-03T06:31:54.347+0600][66.501s][info][gc,ergo     ] GC(27) Pacer for Evacuation. Used CSet: 927M, Free: 2372M, Non-Taxable: 237M, Alloc Tax Rate: 1.1x
[2026-04-03T06:31:54.347+0600][66.501s][info][gc          ] GC(27) Pause Final Mark (unload classes) 0.942ms
[2026-04-03T06:31:54.348+0600][66.502s][info][gc,start    ] GC(27) Concurrent thread roots
[2026-04-03T06:31:54.348+0600][66.502s][info][gc,task     ] GC(27) Using 3 of 6 workers for Concurrent thread roots
[2026-04-03T06:31:54.348+0600][66.502s][info][gc          ] GC(27) Concurrent thread roots 0.300ms
[2026-04-03T06:31:54.348+0600][66.502s][info][gc,start    ] GC(27) Concurrent weak references
[2026-04-03T06:31:54.348+0600][66.502s][info][gc,task     ] GC(27) Using 3 of 6 workers for concurrent weak references
[2026-04-03T06:31:54.348+0600][66.502s][info][gc,ref      ] GC(27) Encountered references: Soft: 172, Weak: 453, Final: 3, Phantom: 94
[2026-04-03T06:31:54.348+0600][66.502s][info][gc,ref      ] GC(27) Discovered  references: Soft: 0, Weak: 209, Final: 3, Phantom: 54
[2026-04-03T06:31:54.348+0600][66.502s][info][gc,ref      ] GC(27) Enqueued    references: Soft: 0, Weak: 0, Final: 0, Phantom: 0
[2026-04-03T06:31:54.348+0600][66.502s][info][gc          ] GC(27) Concurrent weak references 0.108ms
[2026-04-03T06:31:54.348+0600][66.502s][info][gc,start    ] GC(27) Concurrent weak roots
[2026-04-03T06:31:54.348+0600][66.502s][info][gc,task     ] GC(27) Using 3 of 6 workers for concurrent weak root
[2026-04-03T06:31:54.349+0600][66.503s][info][gc          ] GC(27) Concurrent weak roots 1.036ms
[2026-04-03T06:31:54.349+0600][66.503s][info][gc,start    ] GC(27) Concurrent cleanup
[2026-04-03T06:31:54.350+0600][66.504s][info][gc          ] GC(27) Concurrent cleanup 1908M->1353M(3383M) 0.630ms
[2026-04-03T06:31:54.350+0600][66.504s][info][gc,ergo     ] GC(27) Free: 2371M, Max: 1024K regular, 1574M humongous, Frag: 34% external, 0% internal; Reserve: 196M, Max: 1024K
[2026-04-03T06:31:54.350+0600][66.504s][info][gc,start    ] GC(27) Concurrent class unloading
[2026-04-03T06:31:54.350+0600][66.504s][info][gc,task     ] GC(27) Using 3 of 6 workers for concurrent class unloading
[2026-04-03T06:31:54.352+0600][66.506s][info][gc          ] GC(27) Concurrent class unloading 2.468ms
[2026-04-03T06:31:54.352+0600][66.506s][info][gc,start    ] GC(27) Concurrent strong roots
[2026-04-03T06:31:54.352+0600][66.506s][info][gc,task     ] GC(27) Using 3 of 6 workers for concurrent strong root
[2026-04-03T06:31:54.353+0600][66.507s][info][gc          ] GC(27) Concurrent strong roots 0.196ms
[2026-04-03T06:31:54.353+0600][66.507s][info][gc,start    ] GC(27) Concurrent evacuation
[2026-04-03T06:31:54.353+0600][66.507s][info][gc,task     ] GC(27) Using 3 of 6 workers for concurrent evacuation
[2026-04-03T06:31:54.367+0600][66.521s][info][gc          ] GC(27) Concurrent evacuation 14.650ms
[2026-04-03T06:31:54.368+0600][66.522s][info][gc,start    ] GC(27) Pause Init Update Refs
[2026-04-03T06:31:54.368+0600][66.522s][info][gc,ergo     ] GC(27) Pacer for Update Refs. Used: 1385M, Free: 2371M, Non-Taxable: 237M, Alloc Tax Rate: 1.1x
[2026-04-03T06:31:54.368+0600][66.522s][info][gc          ] GC(27) Pause Init Update Refs 0.058ms
[2026-04-03T06:31:54.368+0600][66.522s][info][gc,start    ] GC(27) Concurrent update references
[2026-04-03T06:31:54.368+0600][66.522s][info][gc,task     ] GC(27) Using 3 of 6 workers for concurrent reference update
[2026-04-03T06:31:54.556+0600][66.710s][info][gc          ] GC(27) Concurrent update references 188.575ms
[2026-04-03T06:31:54.556+0600][66.710s][info][gc,start    ] GC(27) Concurrent update thread roots
[2026-04-03T06:31:54.557+0600][66.711s][info][gc          ] GC(27) Concurrent update thread roots 0.348ms
[2026-04-03T06:31:54.557+0600][66.711s][info][gc,start    ] GC(27) Pause Final Update Refs
[2026-04-03T06:31:54.557+0600][66.711s][info][gc,task     ] GC(27) Using 6 of 6 workers for final reference update
[2026-04-03T06:31:54.557+0600][66.711s][info][gc          ] GC(27) Pause Final Update Refs 0.214ms
[2026-04-03T06:31:54.557+0600][66.711s][info][gc,start    ] GC(27) Concurrent cleanup
[2026-04-03T06:31:54.558+0600][66.712s][info][gc          ] GC(27) Concurrent cleanup 1389M->462M(3383M) 0.705ms
[2026-04-03T06:31:54.558+0600][66.712s][info][gc,ergo     ] Free: 3262M, Max: 1024K regular, 2177M humongous, Frag: 34% external, 0% internal; Reserve: 197M, Max: 1024K
[2026-04-03T06:31:54.558+0600][66.712s][info][gc,stats    ] 
[2026-04-03T06:31:54.558+0600][66.712s][info][gc,stats    ] All times are wall-clock times, except per-root-class counters, that are sum over
[2026-04-03T06:31:54.558+0600][66.712s][info][gc,stats    ] all workers. Dividing the <total> over the root stage time estimates parallelism.
[2026-04-03T06:31:54.558+0600][66.712s][info][gc,stats    ] 
[2026-04-03T06:31:54.558+0600][66.712s][info][gc,stats    ] Concurrent Reset                   4001 us
[2026-04-03T06:31:54.558+0600][66.712s][info][gc,stats    ] Pause Init Mark (G)                 550 us
[2026-04-03T06:31:54.558+0600][66.712s][info][gc,stats    ] Pause Init Mark (N)                 144 us
[2026-04-03T06:31:54.558+0600][66.712s][info][gc,stats    ]   Update Region States               40 us
[2026-04-03T06:31:54.558+0600][66.712s][info][gc,stats    ] Concurrent Mark Roots               372 us, parallelism: 0.67x
[2026-04-03T06:31:54.558+0600][66.712s][info][gc,stats    ]   CMR: <total>                      249 us
[2026-04-03T06:31:54.558+0600][66.712s][info][gc,stats    ]   CMR: Thread Roots                 135 us, workers (us):   0,  80,  55, ---, ---, ---, 
[2026-04-03T06:31:54.558+0600][66.712s][info][gc,stats    ]   CMR: VM Strong Roots               23 us, workers (us):  22,   1,   1, ---, ---, ---, 
[2026-04-03T06:31:54.558+0600][66.712s][info][gc,stats    ]   CMR: CLDG Roots                    91 us, workers (us):  91, ---, ---, ---, ---, ---, 
[2026-04-03T06:31:54.558+0600][66.712s][info][gc,stats    ] Concurrent Marking               280785 us
[2026-04-03T06:31:54.558+0600][66.712s][info][gc,stats    ] Pause Final Mark (G)               1334 us
[2026-04-03T06:31:54.558+0600][66.712s][info][gc,stats    ] Pause Final Mark (N)                956 us
[2026-04-03T06:31:54.558+0600][66.712s][info][gc,stats    ]   Finish Mark                       381 us
[2026-04-03T06:31:54.558+0600][66.712s][info][gc,stats    ]   Update Region States               55 us
[2026-04-03T06:31:54.558+0600][66.712s][info][gc,stats    ]   Choose Collection Set             382 us
[2026-04-03T06:31:54.558+0600][66.712s][info][gc,stats    ]   Rebuild Free Set                   34 us
[2026-04-03T06:31:54.558+0600][66.712s][info][gc,stats    ] Concurrent Thread Roots             339 us, parallelism: 0.56x
[2026-04-03T06:31:54.558+0600][66.712s][info][gc,stats    ]   CTR: <total>                      191 us
[2026-04-03T06:31:54.558+0600][66.712s][info][gc,stats    ]   CTR: Thread Roots                 191 us, workers (us): 126,  59,   6, ---, ---, ---, 
[2026-04-03T06:31:54.558+0600][66.712s][info][gc,stats    ] Concurrent Weak References          115 us, parallelism: 0.21x
[2026-04-03T06:31:54.558+0600][66.712s][info][gc,stats    ]   CWRF: <total>                      24 us
[2026-04-03T06:31:54.558+0600][66.712s][info][gc,stats    ]   CWRF: Weak References              24 us, workers (us):  24,   0,   0, ---, ---, ---, 
[2026-04-03T06:31:54.558+0600][66.712s][info][gc,stats    ] Concurrent Weak Roots              1083 us
[2026-04-03T06:31:54.558+0600][66.712s][info][gc,stats    ]   Roots                             812 us, parallelism: 2.20x
[2026-04-03T06:31:54.558+0600][66.712s][info][gc,stats    ]     CWR: <total>                   1784 us
[2026-04-03T06:31:54.558+0600][66.712s][info][gc,stats    ]     CWR: Code Cache Roots          1370 us, workers (us): 511, 477, 382, ---, ---, ---, 
[2026-04-03T06:31:54.558+0600][66.712s][info][gc,stats    ]     CWR: VM Weak Roots              410 us, workers (us): 166, 167,  77, ---, ---, ---, 
[2026-04-03T06:31:54.558+0600][66.712s][info][gc,stats    ]     CWR: CLDG Roots                   5 us, workers (us): ---, ---,   5, ---, ---, ---, 
[2026-04-03T06:31:54.558+0600][66.712s][info][gc,stats    ]   Rendezvous                        206 us
[2026-04-03T06:31:54.558+0600][66.713s][info][gc,stats    ] Concurrent Cleanup                  643 us
[2026-04-03T06:31:54.558+0600][66.713s][info][gc,stats    ] Concurrent Class Unloading         2522 us
[2026-04-03T06:31:54.558+0600][66.713s][info][gc,stats    ]   Unlink Stale                     2121 us
[2026-04-03T06:31:54.558+0600][66.713s][info][gc,stats    ]     System Dictionary                10 us
[2026-04-03T06:31:54.558+0600][66.713s][info][gc,stats    ]     Weak Class Links                  0 us
[2026-04-03T06:31:54.558+0600][66.713s][info][gc,stats    ]     Code Roots                     2110 us
[2026-04-03T06:31:54.559+0600][66.713s][info][gc,stats    ]   Rendezvous                        233 us
[2026-04-03T06:31:54.559+0600][66.713s][info][gc,stats    ]   Purge Unlinked                     97 us
[2026-04-03T06:31:54.559+0600][66.713s][info][gc,stats    ]     Code Roots                       89 us
[2026-04-03T06:31:54.559+0600][66.713s][info][gc,stats    ]     CLDG                              8 us
[2026-04-03T06:31:54.559+0600][66.713s][info][gc,stats    ]     Exception Caches                  0 us
[2026-04-03T06:31:54.559+0600][66.713s][info][gc,stats    ] Concurrent Strong Roots             231 us, parallelism: 0.33x
[2026-04-03T06:31:54.559+0600][66.713s][info][gc,stats    ]   CSR: <total>                       77 us
[2026-04-03T06:31:54.559+0600][66.713s][info][gc,stats    ]   CSR: VM Strong Roots                7 us, workers (us):   6,   1,   0, ---, ---, ---, 
[2026-04-03T06:31:54.559+0600][66.713s][info][gc,stats    ]   CSR: CLDG Roots                    70 us, workers (us):  70, ---, ---, ---, ---, ---, 
[2026-04-03T06:31:54.559+0600][66.713s][info][gc,stats    ] Concurrent Evacuation             14722 us
[2026-04-03T06:31:54.559+0600][66.713s][info][gc,stats    ] Pause Init Update Refs (G)          459 us
[2026-04-03T06:31:54.559+0600][66.713s][info][gc,stats    ] Pause Init Update Refs (N)           67 us
[2026-04-03T06:31:54.559+0600][66.713s][info][gc,stats    ]   Manage GCLABs                       6 us
[2026-04-03T06:31:54.559+0600][66.713s][info][gc,stats    ] Concurrent Update Refs           188654 us
[2026-04-03T06:31:54.559+0600][66.713s][info][gc,stats    ] Concurrent Update Thread Roots      388 us
[2026-04-03T06:31:54.559+0600][66.713s][info][gc,stats    ] Pause Final Update Refs (G)         601 us
[2026-04-03T06:31:54.559+0600][66.713s][info][gc,stats    ] Pause Final Update Refs (N)         238 us
[2026-04-03T06:31:54.559+0600][66.713s][info][gc,stats    ]   Update Region States               55 us
[2026-04-03T06:31:54.559+0600][66.713s][info][gc,stats    ]   Trash Collection Set               35 us
[2026-04-03T06:31:54.559+0600][66.713s][info][gc,stats    ]   Rebuild Free Set                   42 us
[2026-04-03T06:31:54.559+0600][66.713s][info][gc,stats    ] Concurrent Cleanup                  727 us
[2026-04-03T06:31:54.559+0600][66.713s][info][gc,stats    ] 
[2026-04-03T06:31:54.559+0600][66.713s][info][gc,stats    ] Allocation pacing accrued:
[2026-04-03T06:31:54.559+0600][66.713s][info][gc,stats    ]       0 of  1907 ms (  0.0%): <total>
[2026-04-03T06:31:54.559+0600][66.713s][info][gc,stats    ]       0 of  1907 ms (  0.0%): <average total>
[2026-04-03T06:31:54.559+0600][66.713s][info][gc,stats    ] 
[2026-04-03T06:31:54.559+0600][66.713s][info][gc,metaspace] Metaspace: 10377K(10624K)->10380K(10624K) NonClass: 9486K(9600K)->9489K(9600K) Class: 891K(1024K)->891K(1024K)
[2026-04-03T06:31:54.559+0600][66.713s][info][gc,ergo     ] Pacer for Idle. Initial: 80302K, Alloc Tax Rate: 1.0x
[2026-04-03T06:31:54.922+0600][67.076s][info][gc          ] Cancelling GC: Stopping VM
[2026-04-03T06:31:54.923+0600][67.077s][info][gc,heap,exit] Heap
[2026-04-03T06:31:54.923+0600][67.077s][info][gc,heap,exit] Shenandoah Heap
[2026-04-03T06:31:54.923+0600][67.077s][info][gc,heap,exit]  3921M max, 3921M soft max, 3383M committed, 469M used
[2026-04-03T06:31:54.923+0600][67.077s][info][gc,heap,exit]  3921 x 1024K regions
[2026-04-03T06:31:54.923+0600][67.077s][info][gc,heap,exit] Status: cancelled
[2026-04-03T06:31:54.923+0600][67.077s][info][gc,heap,exit] Reserved region:
[2026-04-03T06:31:54.923+0600][67.077s][info][gc,heap,exit]  - [0x000000070af00000, 0x0000000800000000) 
[2026-04-03T06:31:54.923+0600][67.077s][info][gc,heap,exit] Collection set:
[2026-04-03T06:31:54.923+0600][67.077s][info][gc,heap,exit]  - map (vanilla): 0x00000000000170af
[2026-04-03T06:31:54.923+0600][67.077s][info][gc,heap,exit]  - map (biased):  0x0000000000010000
[2026-04-03T06:31:54.923+0600][67.077s][info][gc,heap,exit] 
[2026-04-03T06:31:54.923+0600][67.077s][info][gc,heap,exit]  Metaspace       used 10455K, committed 10688K, reserved 1114112K
[2026-04-03T06:31:54.923+0600][67.077s][info][gc,heap,exit]   class space    used 901K, committed 1024K, reserved 1048576K
[2026-04-03T06:31:54.923+0600][67.077s][info][gc,stats    ] 
[2026-04-03T06:31:54.923+0600][67.077s][info][gc,stats    ] GC STATISTICS:
[2026-04-03T06:31:54.923+0600][67.078s][info][gc,stats    ]   "(G)" (gross) pauses include VM time: time to notify and block threads, do the pre-
[2026-04-03T06:31:54.923+0600][67.078s][info][gc,stats    ]         and post-safepoint housekeeping. Use -Xlog:safepoint+stats to dissect.
[2026-04-03T06:31:54.923+0600][67.078s][info][gc,stats    ]   "(N)" (net) pauses are the times spent in the actual GC code.
[2026-04-03T06:31:54.923+0600][67.078s][info][gc,stats    ]   "a" is average time for each phase, look at levels to see if average makes sense.
[2026-04-03T06:31:54.924+0600][67.078s][info][gc,stats    ]   "lvls" are quantiles: 0% (minimum), 25%, 50% (median), 75%, 100% (maximum).
[2026-04-03T06:31:54.924+0600][67.078s][info][gc,stats    ] 
[2026-04-03T06:31:54.924+0600][67.078s][info][gc,stats    ]   All times are wall-clock times, except per-root-class counters, that are sum over
[2026-04-03T06:31:54.924+0600][67.078s][info][gc,stats    ]   all workers. Dividing the <total> over the root stage time estimates parallelism.
[2026-04-03T06:31:54.924+0600][67.078s][info][gc,stats    ] 
[2026-04-03T06:31:54.924+0600][67.078s][info][gc,stats    ]   Pacing delays are measured from entering the pacing code till exiting it. Therefore,
[2026-04-03T06:31:54.924+0600][67.078s][info][gc,stats    ]   observed pacing delays may be higher than the threshold when paced thread spent more
[2026-04-03T06:31:54.924+0600][67.078s][info][gc,stats    ]   time in the pacing code. It usually happens when thread is de-scheduled while paced,
[2026-04-03T06:31:54.924+0600][67.078s][info][gc,stats    ]   OS takes longer to unblock the thread, or JVM experiences an STW pause.
[2026-04-03T06:31:54.924+0600][67.078s][info][gc,stats    ] 
[2026-04-03T06:31:54.924+0600][67.078s][info][gc,stats    ]   Higher delay would prevent application outpacing the GC, but it will hide the GC latencies
[2026-04-03T06:31:54.924+0600][67.078s][info][gc,stats    ]   from the STW pause times. Pacing affects the individual threads, and so it would also be
[2026-04-03T06:31:54.924+0600][67.078s][info][gc,stats    ]   invisible to the usual profiling tools, but would add up to end-to-end application latency.
[2026-04-03T06:31:54.924+0600][67.078s][info][gc,stats    ]   Raise max pacing delay with care.
[2026-04-03T06:31:54.924+0600][67.078s][info][gc,stats    ] 
[2026-04-03T06:31:54.924+0600][67.078s][info][gc,stats    ] Concurrent Reset               =    0.250 s (a =     8916 us) (n =    28) (lvls, us =     1855,     3750,     8770,    12695,    23402)
[2026-04-03T06:31:54.924+0600][67.078s][info][gc,stats    ] Pause Init Mark (G)            =    0.050 s (a =     1787 us) (n =    28) (lvls, us =      326,      451,      695,     1484,     9735)
[2026-04-03T06:31:54.924+0600][67.078s][info][gc,stats    ] Pause Init Mark (N)            =    0.007 s (a =      247 us) (n =    28) (lvls, us =      105,      131,      186,      248,     1211)
[2026-04-03T06:31:54.924+0600][67.078s][info][gc,stats    ]   Update Region States         =    0.002 s (a =       59 us) (n =    28) (lvls, us =       25,       33,       57,       64,      147)
[2026-04-03T06:31:54.924+0600][67.078s][info][gc,stats    ] Concurrent Mark Roots          =    0.030 s (a =     1060 us) (n =    28) (lvls, us =      268,      371,      699,      830,     8411)
[2026-04-03T06:31:54.924+0600][67.078s][info][gc,stats    ]   CMR: <total>                 =    0.025 s (a =      878 us) (n =    28) (lvls, us =      180,      307,      369,      496,    11062)
[2026-04-03T06:31:54.924+0600][67.078s][info][gc,stats    ]   CMR: Thread Roots            =    0.020 s (a =      698 us) (n =    28) (lvls, us =       90,      166,      240,      348,    10888)
[2026-04-03T06:31:54.924+0600][67.078s][info][gc,stats    ]   CMR: VM Strong Roots         =    0.001 s (a =       43 us) (n =    28) (lvls, us =        8,       12,       15,       21,      698)
[2026-04-03T06:31:54.924+0600][67.078s][info][gc,stats    ]   CMR: CLDG Roots              =    0.004 s (a =      137 us) (n =    28) (lvls, us =       65,       87,      117,      133,      810)
[2026-04-03T06:31:54.924+0600][67.078s][info][gc,stats    ] Concurrent Marking             =   16.903 s (a =   603674 us) (n =    28) (lvls, us =   123047,   314453,   730469,   853516,   892020)
[2026-04-03T06:31:54.924+0600][67.078s][info][gc,stats    ] Pause Final Mark (G)           =    0.057 s (a =     2021 us) (n =    28) (lvls, us =      816,     1348,     1758,     2227,     6432)
[2026-04-03T06:31:54.924+0600][67.078s][info][gc,stats    ] Pause Final Mark (N)           =    0.036 s (a =     1303 us) (n =    28) (lvls, us =      646,     1094,     1211,     1504,     2320)
[2026-04-03T06:31:54.924+0600][67.078s][info][gc,stats    ]   Finish Mark                  =    0.010 s (a =      368 us) (n =    28) (lvls, us =      162,      232,      311,      379,     1197)
[2026-04-03T06:31:54.924+0600][67.078s][info][gc,stats    ]   Update Region States         =    0.003 s (a =      101 us) (n =    28) (lvls, us =       43,       67,       88,      113,      203)
[2026-04-03T06:31:54.924+0600][67.078s][info][gc,stats    ]   Choose Collection Set        =    0.017 s (a =      617 us) (n =    28) (lvls, us =      209,      436,      613,      744,     1238)
[2026-04-03T06:31:54.924+0600][67.078s][info][gc,stats    ]   Rebuild Free Set             =    0.002 s (a =       58 us) (n =    28) (lvls, us =       31,       44,       52,       69,      117)
[2026-04-03T06:31:54.924+0600][67.078s][info][gc,stats    ] Concurrent Thread Roots        =    0.040 s (a =     1428 us) (n =    28) (lvls, us =      242,      379,      566,      775,     8422)
[2026-04-03T06:31:54.924+0600][67.078s][info][gc,stats    ]   CTR: <total>                 =    0.028 s (a =     1008 us) (n =    28) (lvls, us =      102,      230,      342,      678,    12345)
[2026-04-03T06:31:54.924+0600][67.078s][info][gc,stats    ]   CTR: Thread Roots            =    0.028 s (a =     1008 us) (n =    28) (lvls, us =      102,      230,      342,      678,    12345)
[2026-04-03T06:31:54.924+0600][67.078s][info][gc,stats    ] Concurrent Weak References     =    0.010 s (a =      368 us) (n =    28) (lvls, us =      113,      172,      281,      348,     1131)
[2026-04-03T06:31:54.924+0600][67.078s][info][gc,stats    ]   CWRF: <total>                =    0.001 s (a =       47 us) (n =    28) (lvls, us =       18,       26,       33,       43,      270)
[2026-04-03T06:31:54.924+0600][67.078s][info][gc,stats    ]   CWRF: Weak References        =    0.001 s (a =       47 us) (n =    28) (lvls, us =       18,       26,       33,       43,      270)
[2026-04-03T06:31:54.924+0600][67.078s][info][gc,stats    ] Concurrent Weak Roots          =    0.110 s (a =     3941 us) (n =    28) (lvls, us =      746,     1035,     3262,     5117,    12132)
[2026-04-03T06:31:54.924+0600][67.078s][info][gc,stats    ]   Roots                        =    0.039 s (a =     1399 us) (n =    28) (lvls, us =      510,      703,     1172,     1602,     3316)
[2026-04-03T06:31:54.924+0600][67.078s][info][gc,stats    ]     CWR: <total>               =    0.065 s (a =     2315 us) (n =    28) (lvls, us =      916,     1270,     2461,     2832,     3827)
[2026-04-03T06:31:54.924+0600][67.078s][info][gc,stats    ]     CWR: Code Cache Roots      =    0.049 s (a =     1751 us) (n =    28) (lvls, us =      684,      979,     1777,     2227,     3345)
[2026-04-03T06:31:54.924+0600][67.078s][info][gc,stats    ]     CWR: VM Weak Roots         =    0.015 s (a =      551 us) (n =    28) (lvls, us =      223,      408,      588,      646,     1345)
[2026-04-03T06:31:54.924+0600][67.078s][info][gc,stats    ]     CWR: CLDG Roots            =    0.000 s (a =       12 us) (n =    28) (lvls, us =        4,        8,       11,       13,       24)
[2026-04-03T06:31:54.924+0600][67.078s][info][gc,stats    ]   Rendezvous                   =    0.067 s (a =     2406 us) (n =    28) (lvls, us =       83,      205,      510,     3438,    10557)
[2026-04-03T06:31:54.924+0600][67.078s][info][gc,stats    ] Concurrent Cleanup             =    0.018 s (a =      656 us) (n =    28) (lvls, us =      205,      369,      686,      838,     1127)
[2026-04-03T06:31:54.924+0600][67.078s][info][gc,stats    ] Concurrent Class Unloading     =    0.224 s (a =     8007 us) (n =    28) (lvls, us =     1836,     2676,     4434,    11914,    20854)
[2026-04-03T06:31:54.924+0600][67.078s][info][gc,stats    ]   Unlink Stale                 =    0.144 s (a =     5156 us) (n =    28) (lvls, us =     1484,     2148,     3574,     6738,    14747)
[2026-04-03T06:31:54.924+0600][67.078s][info][gc,stats    ]     System Dictionary          =    0.001 s (a =       30 us) (n =    28) (lvls, us =        9,       14,       21,       24,      197)
[2026-04-03T06:31:54.924+0600][67.078s][info][gc,stats    ]     Weak Class Links           =    0.002 s (a =       65 us) (n =    28) (lvls, us =        0,        0,        1,        1,     1802)
[2026-04-03T06:31:54.924+0600][67.078s][info][gc,stats    ]     Code Roots                 =    0.142 s (a =     5057 us) (n =    28) (lvls, us =     1465,     2109,     3457,     6699,    14715)
[2026-04-03T06:31:54.924+0600][67.078s][info][gc,stats    ]   Rendezvous                   =    0.047 s (a =     1686 us) (n =    28) (lvls, us =      100,      203,      305,     2754,     7387)
[2026-04-03T06:31:54.924+0600][67.078s][info][gc,stats    ]   Purge Unlinked               =    0.021 s (a =      734 us) (n =    28) (lvls, us =       77,      148,      295,      654,     4824)
[2026-04-03T06:31:54.924+0600][67.078s][info][gc,stats    ]     Code Roots                 =    0.019 s (a =      683 us) (n =    28) (lvls, us =       65,      139,      236,      527,     4731)
[2026-04-03T06:31:54.924+0600][67.078s][info][gc,stats    ]     CLDG                       =    0.001 s (a =       51 us) (n =    28) (lvls, us =        7,       10,       18,       32,      692)
[2026-04-03T06:31:54.924+0600][67.078s][info][gc,stats    ]     Exception Caches           =    0.000 s (a =        0 us) (n =    28) (lvls, us =        0,        0,        0,        0,        1)
[2026-04-03T06:31:54.924+0600][67.078s][info][gc,stats    ] Concurrent Strong Roots        =    0.014 s (a =      513 us) (n =    28) (lvls, us =      137,      281,      328,      389,     2771)
[2026-04-03T06:31:54.924+0600][67.078s][info][gc,stats    ]   CSR: <total>                 =    0.004 s (a =      147 us) (n =    28) (lvls, us =       45,       77,      113,      125,     1087)
[2026-04-03T06:31:54.924+0600][67.078s][info][gc,stats    ]   CSR: VM Strong Roots         =    0.000 s (a =       15 us) (n =    28) (lvls, us =        5,        8,       14,       16,       45)
[2026-04-03T06:31:54.924+0600][67.078s][info][gc,stats    ]   CSR: CLDG Roots              =    0.004 s (a =      132 us) (n =    28) (lvls, us =       40,       70,       98,      105,     1043)
[2026-04-03T06:31:54.924+0600][67.078s][info][gc,stats    ] Concurrent Evacuation          =    1.734 s (a =    61933 us) (n =    28) (lvls, us =    14648,    39258,    59375,    78320,   133831)
[2026-04-03T06:31:54.924+0600][67.078s][info][gc,stats    ] Pause Init Update Refs (G)     =    0.037 s (a =     1309 us) (n =    28) (lvls, us =      180,      367,      563,     2402,     4886)
[2026-04-03T06:31:54.924+0600][67.078s][info][gc,stats    ] Pause Init Update Refs (N)     =    0.003 s (a =      118 us) (n =    28) (lvls, us =       66,       93,      107,      137,      212)
[2026-04-03T06:31:54.924+0600][67.078s][info][gc,stats    ]   Manage GCLABs                =    0.000 s (a =       11 us) (n =    28) (lvls, us =        5,        6,        9,       15,       37)
[2026-04-03T06:31:54.924+0600][67.078s][info][gc,stats    ] Concurrent Update Refs         =   14.288 s (a =   510276 us) (n =    28) (lvls, us =   123047,   189453,   503906,   765625,   934127)
[2026-04-03T06:31:54.924+0600][67.078s][info][gc,stats    ] Concurrent Update Thread Roots =    0.061 s (a =     2170 us) (n =    28) (lvls, us =      211,      373,      553,     3926,    10314)
[2026-04-03T06:31:54.924+0600][67.078s][info][gc,stats    ] Pause Final Update Refs (G)    =    0.031 s (a =     1117 us) (n =    28) (lvls, us =      225,      488,      602,      887,     4910)
[2026-04-03T06:31:54.924+0600][67.078s][info][gc,stats    ] Pause Final Update Refs (N)    =    0.007 s (a =      257 us) (n =    28) (lvls, us =      168,      219,      242,      297,      391)
[2026-04-03T06:31:54.924+0600][67.078s][info][gc,stats    ]   Update Region States         =    0.002 s (a =       70 us) (n =    28) (lvls, us =       41,       60,       69,       81,       96)
[2026-04-03T06:31:54.924+0600][67.078s][info][gc,stats    ]   Trash Collection Set         =    0.001 s (a =       22 us) (n =    28) (lvls, us =       10,       17,       21,       23,       41)
[2026-04-03T06:31:54.924+0600][67.078s][info][gc,stats    ]   Rebuild Free Set             =    0.001 s (a =       43 us) (n =    28) (lvls, us =       29,       35,       44,       46,       72)
[2026-04-03T06:31:54.924+0600][67.078s][info][gc,stats    ] Concurrent Cleanup             =    0.028 s (a =     1018 us) (n =    28) (lvls, us =      277,      662,      977,     1113,     4134)
[2026-04-03T06:31:54.924+0600][67.078s][info][gc,stats    ] Concurrent Uncommit            =    0.814 s (a =   814472 us) (n =     1) (lvls, us =   814453,   814453,   814453,   814453,   814472)
[2026-04-03T06:31:54.924+0600][67.078s][info][gc,stats    ] Pacing                         =   30.088 s (a =  1074589 us) (n =    28) (lvls, us =        0,        0,        0,  2207031,  4304012)
[2026-04-03T06:31:54.924+0600][67.078s][info][gc,stats    ] 
[2026-04-03T06:31:54.924+0600][67.078s][info][gc,stats    ] 
[2026-04-03T06:31:54.924+0600][67.078s][info][gc,stats    ] Under allocation pressure, concurrent cycles may cancel, and either continue cycle
[2026-04-03T06:31:54.924+0600][67.079s][info][gc,stats    ] under stop-the-world pause or result in stop-the-world Full GC. Increase heap size,
[2026-04-03T06:31:54.924+0600][67.079s][info][gc,stats    ] tune GC heuristics, set more aggressive pacing delay, or lower allocation rate
[2026-04-03T06:31:54.924+0600][67.079s][info][gc,stats    ] to avoid Degenerated and Full GC cycles.
[2026-04-03T06:31:54.924+0600][67.079s][info][gc,stats    ] 
[2026-04-03T06:31:54.924+0600][67.079s][info][gc,stats    ]    28 successful concurrent GCs
[2026-04-03T06:31:54.925+0600][67.079s][info][gc,stats    ]       1 invoked explicitly
[2026-04-03T06:31:54.925+0600][67.079s][info][gc,stats    ]       0 invoked implicitly
[2026-04-03T06:31:54.925+0600][67.079s][info][gc,stats    ] 
[2026-04-03T06:31:54.925+0600][67.079s][info][gc,stats    ]     0 Degenerated GCs
[2026-04-03T06:31:54.925+0600][67.079s][info][gc,stats    ]       0 caused by allocation failure
[2026-04-03T06:31:54.925+0600][67.079s][info][gc,stats    ]       0 upgraded to Full GC
[2026-04-03T06:31:54.925+0600][67.079s][info][gc,stats    ] 
[2026-04-03T06:31:54.925+0600][67.079s][info][gc,stats    ]     0 Full GCs
[2026-04-03T06:31:54.925+0600][67.079s][info][gc,stats    ]       0 invoked explicitly
[2026-04-03T06:31:54.925+0600][67.079s][info][gc,stats    ]       0 invoked implicitly
[2026-04-03T06:31:54.925+0600][67.079s][info][gc,stats    ]       0 caused by allocation failure
[2026-04-03T06:31:54.925+0600][67.079s][info][gc,stats    ]       0 upgraded from Degenerated GC
[2026-04-03T06:31:54.925+0600][67.079s][info][gc,stats    ] 
[2026-04-03T06:31:54.925+0600][67.079s][info][gc,stats    ] 
