[2026-04-03T06:28:04.246+0600][0.007s][info][gc,init] Initializing The Z Garbage Collector
[2026-04-03T06:28:04.246+0600][0.008s][info][gc,init] Version: 21.0.10+7-Ubuntu-124.04 (release)
[2026-04-03T06:28:04.246+0600][0.008s][info][gc,init] NUMA Support: Disabled
[2026-04-03T06:28:04.246+0600][0.008s][info][gc,init] CPUs: 12 total, 12 available
[2026-04-03T06:28:04.246+0600][0.008s][info][gc,init] Memory: 15683M
[2026-04-03T06:28:04.246+0600][0.008s][info][gc,init] Large Page Support: Disabled
[2026-04-03T06:28:04.246+0600][0.008s][info][gc,init] Address Space Type: Contiguous/Unrestricted/Complete
[2026-04-03T06:28:04.247+0600][0.008s][info][gc,init] Address Space Size: 62752M
[2026-04-03T06:28:04.247+0600][0.008s][info][gc,init] Heap Backing File: /memfd:java_heap
[2026-04-03T06:28:04.247+0600][0.008s][info][gc,init] Heap Backing Filesystem: tmpfs (0x1021994)
[2026-04-03T06:28:04.247+0600][0.009s][info][gc,init] Min Capacity: 8M
[2026-04-03T06:28:04.247+0600][0.009s][info][gc,init] Initial Capacity: 246M
[2026-04-03T06:28:04.247+0600][0.009s][info][gc,init] Max Capacity: 3922M
[2026-04-03T06:28:04.247+0600][0.009s][info][gc,init] Soft Max Capacity: 3529M
[2026-04-03T06:28:04.247+0600][0.009s][info][gc,init] Medium Page Size: 32M
[2026-04-03T06:28:04.247+0600][0.009s][info][gc,init] Pre-touch: Disabled
[2026-04-03T06:28:04.247+0600][0.009s][info][gc,init] Available space on backing filesystem: N/A
[2026-04-03T06:28:04.248+0600][0.010s][info][gc,init] Uncommit: Enabled
[2026-04-03T06:28:04.248+0600][0.010s][info][gc,init] Uncommit Delay: 300s
[2026-04-03T06:28:04.248+0600][0.010s][info][gc,init] GC Workers for Old Generation: 3 (dynamic)
[2026-04-03T06:28:04.249+0600][0.011s][info][gc,init] GC Workers for Young Generation: 3 (dynamic)
[2026-04-03T06:28:04.345+0600][0.106s][info][gc,init] GC Workers Max: 3 (dynamic)
[2026-04-03T06:28:04.346+0600][0.108s][info][gc,init] Runtime Workers: 8
[2026-04-03T06:28:04.347+0600][0.109s][info][gc     ] Using The Z Garbage Collector
[2026-04-03T06:28:04.378+0600][0.139s][info][gc,metaspace] CDS archive(s) mapped at: [0x00007c35db000000-0x00007c35dbc9c000-0x00007c35dbc9c000), size 13221888, SharedBaseAddress: 0x00007c35db000000, ArchiveRelocationMode: 1.
[2026-04-03T06:28:04.378+0600][0.139s][info][gc,metaspace] Compressed class space mapped at: 0x00007c35dc000000-0x00007c361c000000, reserved size: 1073741824
[2026-04-03T06:28:04.378+0600][0.139s][info][gc,metaspace] Narrow klass base: 0x00007c35db000000, Narrow klass shift: 0, Narrow klass range: 0x100000000
[2026-04-03T06:28:06.360+0600][2.122s][info][gc          ] GC(0) Major Collection (Warmup)
[2026-04-03T06:28:06.360+0600][2.122s][info][gc,task     ] GC(0) Using 3 Workers for Young Generation
[2026-04-03T06:28:06.360+0600][2.122s][info][gc,task     ] GC(0) Using 2 Workers for Old Generation
[2026-04-03T06:28:06.360+0600][2.122s][info][gc,phases   ] GC(0) Y: Young Generation
[2026-04-03T06:28:06.362+0600][2.124s][info][gc,phases   ] GC(0) Y: Pause Mark Start (Major) 0.029ms
[2026-04-03T06:28:06.417+0600][2.179s][info][gc,phases   ] GC(0) Y: Concurrent Mark 54.737ms
[2026-04-03T06:28:06.417+0600][2.179s][info][gc,phases   ] GC(0) Y: Pause Mark End 0.031ms
[2026-04-03T06:28:06.417+0600][2.179s][info][gc,phases   ] GC(0) Y: Concurrent Mark Free 0.003ms
[2026-04-03T06:28:06.417+0600][2.179s][info][gc,phases   ] GC(0) Y: Concurrent Reset Relocation Set 0.000ms
[2026-04-03T06:28:06.426+0600][2.187s][info][gc,reloc    ] GC(0) Y: Using tenuring threshold: 1 (Computed)
[2026-04-03T06:28:06.432+0600][2.194s][info][gc,phases   ] GC(0) Y: Concurrent Select Relocation Set 14.965ms
[2026-04-03T06:28:06.434+0600][2.195s][info][gc,phases   ] GC(0) Y: Pause Relocate Start 0.027ms
[2026-04-03T06:28:06.472+0600][2.233s][info][gc,phases   ] GC(0) Y: Concurrent Relocate 38.164ms
[2026-04-03T06:28:06.472+0600][2.234s][info][gc,alloc    ] GC(0) Y:                         Mark Start        Mark End      Relocate Start    Relocate End   
[2026-04-03T06:28:06.472+0600][2.234s][info][gc,alloc    ] GC(0) Y: Allocation Stalls:          0                0                0                0         
[2026-04-03T06:28:06.472+0600][2.234s][info][gc,load     ] GC(0) Y: Load: 3.48 (29%) / 4.58 (38%) / 3.52 (29%)
[2026-04-03T06:28:06.472+0600][2.234s][info][gc,mmu      ] GC(0) Y: MMU: 2ms/98.4%, 5ms/99.4%, 10ms/99.7%, 20ms/99.7%, 50ms/99.9%, 100ms/99.9%
[2026-04-03T06:28:06.472+0600][2.234s][info][gc,marking  ] GC(0) Y: Mark: 2 stripe(s), 3 proactive flush(es), 1 terminate flush(es), 0 completion(s), 0 continuation(s) 
[2026-04-03T06:28:06.472+0600][2.234s][info][gc,marking  ] GC(0) Y: Mark Stack Usage: 32M
[2026-04-03T06:28:06.472+0600][2.234s][info][gc,nmethod  ] GC(0) Y: NMethods: 2013 registered, 0 unregistered
[2026-04-03T06:28:06.472+0600][2.234s][info][gc,metaspace] GC(0) Y: Metaspace: 8M used, 8M committed, 1088M reserved
[2026-04-03T06:28:06.472+0600][2.234s][info][gc,reloc    ] GC(0) Y:                        Candidates     Selected     In-Place         Size        Empty    Relocated 
[2026-04-03T06:28:06.472+0600][2.234s][info][gc,reloc    ] GC(0) Y: Small Pages:                  161          146            0         322M           0M          20M 
[2026-04-03T06:28:06.472+0600][2.234s][info][gc,reloc    ] GC(0) Y: Medium Pages:                   1            0            0          32M           0M           0M 
[2026-04-03T06:28:06.472+0600][2.234s][info][gc,reloc    ] GC(0) Y: Large Pages:                    0            0            0           0M           0M           0M 
[2026-04-03T06:28:06.472+0600][2.234s][info][gc,reloc    ] GC(0) Y: Forwarding Usage: 12M
[2026-04-03T06:28:06.472+0600][2.234s][info][gc,reloc    ] GC(0) Y: Age Table:
[2026-04-03T06:28:06.472+0600][2.234s][info][gc,reloc    ] GC(0) Y:                    Live             Garbage             Small              Medium             Large        
[2026-04-03T06:28:06.472+0600][2.234s][info][gc,reloc    ] GC(0) Y: Eden              27M (1%)          326M (8%)         161 / 146            1 / 0              0 / 0        
[2026-04-03T06:28:06.474+0600][2.235s][info][gc,heap     ] GC(0) Y: Min Capacity: 8M(0%)
[2026-04-03T06:28:06.474+0600][2.236s][info][gc,heap     ] GC(0) Y: Max Capacity: 3922M(100%)
[2026-04-03T06:28:06.474+0600][2.236s][info][gc,heap     ] GC(0) Y: Soft Max Capacity: 3529M(90%)
[2026-04-03T06:28:06.474+0600][2.236s][info][gc,heap     ] GC(0) Y: Heap Statistics:
[2026-04-03T06:28:06.474+0600][2.236s][info][gc,heap     ] GC(0) Y:                Mark Start          Mark End        Relocate Start      Relocate End           High               Low         
[2026-04-03T06:28:06.474+0600][2.236s][info][gc,heap     ] GC(0) Y:  Capacity:      354M (9%)          374M (10%)         380M (10%)         390M (10%)         390M (10%)         354M (9%)     
[2026-04-03T06:28:06.474+0600][2.236s][info][gc,heap     ] GC(0) Y:      Free:     3568M (91%)        3548M (90%)        3542M (90%)        3808M (97%)        3810M (97%)        3532M (90%)    
[2026-04-03T06:28:06.474+0600][2.236s][info][gc,heap     ] GC(0) Y:      Used:      354M (9%)          374M (10%)         380M (10%)         114M (3%)          390M (10%)         112M (3%)     
[2026-04-03T06:28:06.474+0600][2.236s][info][gc,heap     ] GC(0) Y: Young Generation Statistics:
[2026-04-03T06:28:06.474+0600][2.236s][info][gc,heap     ] GC(0) Y:                Mark Start          Mark End        Relocate Start      Relocate End    
[2026-04-03T06:28:06.474+0600][2.236s][info][gc,heap     ] GC(0) Y:      Used:      354M (9%)          374M (10%)         380M (10%)         114M (3%)     
[2026-04-03T06:28:06.474+0600][2.236s][info][gc,heap     ] GC(0) Y:      Live:         -                27M (1%)           27M (1%)           27M (1%)     
[2026-04-03T06:28:06.474+0600][2.236s][info][gc,heap     ] GC(0) Y:   Garbage:         -               326M (8%)          326M (8%)           30M (1%)     
[2026-04-03T06:28:06.474+0600][2.236s][info][gc,heap     ] GC(0) Y: Allocated:         -                20M (1%)           26M (1%)           56M (1%)     
[2026-04-03T06:28:06.474+0600][2.236s][info][gc,heap     ] GC(0) Y: Reclaimed:         -                  -                 0M (0%)          296M (8%)     
[2026-04-03T06:28:06.474+0600][2.236s][info][gc,heap     ] GC(0) Y:  Promoted:         -                  -                 0M (0%)            0M (0%)     
[2026-04-03T06:28:06.474+0600][2.236s][info][gc,heap     ] GC(0) Y: Compacted:         -                  -                  -                23M (1%)     
[2026-04-03T06:28:06.474+0600][2.236s][info][gc,phases   ] GC(0) Y: Young Generation 354M(9%)->114M(3%) 0.112s
[2026-04-03T06:28:06.474+0600][2.236s][info][gc,phases   ] GC(0) O: Old Generation
[2026-04-03T06:28:06.475+0600][2.237s][info][gc,phases   ] GC(0) O: Concurrent Mark 1.110ms
[2026-04-03T06:28:06.476+0600][2.237s][info][gc,phases   ] GC(0) O: Pause Mark End 0.095ms
[2026-04-03T06:28:06.476+0600][2.238s][info][gc,phases   ] GC(0) O: Concurrent Mark Free 0.100ms
[2026-04-03T06:28:06.483+0600][2.244s][info][gc,phases   ] GC(0) O: Concurrent Process Non-Strong 6.879ms
[2026-04-03T06:28:06.483+0600][2.245s][info][gc,phases   ] GC(0) O: Concurrent Reset Relocation Set 0.002ms
[2026-04-03T06:28:06.485+0600][2.247s][info][gc,phases   ] GC(0) O: Concurrent Select Relocation Set 2.054ms
[2026-04-03T06:28:06.485+0600][2.247s][info][gc,task     ] GC(0) O: Using 3 Workers for Old Generation
[2026-04-03T06:28:06.503+0600][2.264s][info][gc,task     ] GC(0) O: Using 2 Workers for Old Generation
[2026-04-03T06:28:06.503+0600][2.264s][info][gc,phases   ] GC(0) O: Concurrent Remap Roots 17.554ms
[2026-04-03T06:28:06.503+0600][2.265s][info][gc,phases   ] GC(0) O: Pause Relocate Start 0.087ms
[2026-04-03T06:28:06.503+0600][2.265s][info][gc,phases   ] GC(0) O: Concurrent Relocate 0.276ms
[2026-04-03T06:28:06.503+0600][2.265s][info][gc,alloc    ] GC(0) O:                         Mark Start        Mark End      Relocate Start    Relocate End   
[2026-04-03T06:28:06.503+0600][2.265s][info][gc,alloc    ] GC(0) O: Allocation Stalls:          0                0                0                0         
[2026-04-03T06:28:06.504+0600][2.265s][info][gc,load     ] GC(0) O: Load: 3.48 (29%) / 4.58 (38%) / 3.52 (29%)
[2026-04-03T06:28:06.504+0600][2.265s][info][gc,mmu      ] GC(0) O: MMU: 2ms/95.3%, 5ms/98.1%, 10ms/99.1%, 20ms/99.5%, 50ms/99.6%, 100ms/99.8%
[2026-04-03T06:28:06.504+0600][2.265s][info][gc,marking  ] GC(0) O: Mark: 2 stripe(s), 1 proactive flush(es), 1 terminate flush(es), 0 completion(s), 0 continuation(s) 
[2026-04-03T06:28:06.504+0600][2.265s][info][gc,marking  ] GC(0) O: Mark Stack Usage: 0M
[2026-04-03T06:28:06.504+0600][2.265s][info][gc,nmethod  ] GC(0) O: NMethods: 1545 registered, 476 unregistered
[2026-04-03T06:28:06.504+0600][2.265s][info][gc,metaspace] GC(0) O: Metaspace: 8M used, 8M committed, 1088M reserved
[2026-04-03T06:28:06.504+0600][2.265s][info][gc,ref      ] GC(0) O:                       Encountered   Discovered     Enqueued 
[2026-04-03T06:28:06.504+0600][2.265s][info][gc,ref      ] GC(0) O: Soft References:              223            0            0 
[2026-04-03T06:28:06.504+0600][2.265s][info][gc,ref      ] GC(0) O: Weak References:              610            0            0 
[2026-04-03T06:28:06.504+0600][2.265s][info][gc,ref      ] GC(0) O: Final References:               3            0            0 
[2026-04-03T06:28:06.504+0600][2.265s][info][gc,ref      ] GC(0) O: Phantom References:            49            0            0 
[2026-04-03T06:28:06.504+0600][2.265s][info][gc,heap     ] GC(0) O: Min Capacity: 8M(0%)
[2026-04-03T06:28:06.504+0600][2.265s][info][gc,heap     ] GC(0) O: Max Capacity: 3922M(100%)
[2026-04-03T06:28:06.504+0600][2.265s][info][gc,heap     ] GC(0) O: Soft Max Capacity: 3529M(90%)
[2026-04-03T06:28:06.504+0600][2.265s][info][gc,heap     ] GC(0) O: Heap Statistics:
[2026-04-03T06:28:06.504+0600][2.265s][info][gc,heap     ] GC(0) O:                Mark Start          Mark End        Relocate Start      Relocate End           High               Low         
[2026-04-03T06:28:06.504+0600][2.265s][info][gc,heap     ] GC(0) O:  Capacity:      354M (9%)          390M (10%)         390M (10%)         390M (10%)         390M (10%)         354M (9%)     
[2026-04-03T06:28:06.504+0600][2.265s][info][gc,heap     ] GC(0) O:      Free:     3568M (91%)        3806M (97%)        3798M (97%)        3798M (97%)        3810M (97%)        3532M (90%)    
[2026-04-03T06:28:06.504+0600][2.265s][info][gc,heap     ] GC(0) O:      Used:      354M (9%)          116M (3%)          124M (3%)          124M (3%)          390M (10%)         112M (3%)     
[2026-04-03T06:28:06.504+0600][2.265s][info][gc,heap     ] GC(0) O: Old Generation Statistics:
[2026-04-03T06:28:06.504+0600][2.265s][info][gc,heap     ] GC(0) O:                Mark Start          Mark End        Relocate Start      Relocate End    
[2026-04-03T06:28:06.504+0600][2.265s][info][gc,heap     ] GC(0) O:      Used:        0M (0%)            0M (0%)            0M (0%)            0M (0%)     
[2026-04-03T06:28:06.504+0600][2.265s][info][gc,heap     ] GC(0) O:      Live:         -                 0M (0%)            0M (0%)            0M (0%)     
[2026-04-03T06:28:06.504+0600][2.265s][info][gc,heap     ] GC(0) O:   Garbage:         -                 0M (0%)            0M (0%)            0M (0%)     
[2026-04-03T06:28:06.504+0600][2.265s][info][gc,heap     ] GC(0) O: Allocated:         -                 0M (0%)            0M (0%)            0M (0%)     
[2026-04-03T06:28:06.504+0600][2.265s][info][gc,heap     ] GC(0) O: Reclaimed:         -                  -                 0M (0%)            0M (0%)     
[2026-04-03T06:28:06.504+0600][2.265s][info][gc,heap     ] GC(0) O: Compacted:         -                  -                  -                 0M (0%)     
[2026-04-03T06:28:06.504+0600][2.265s][info][gc,phases   ] GC(0) O: Old Generation 116M(3%)->124M(3%) 0.029s
[2026-04-03T06:28:06.504+0600][2.266s][info][gc          ] GC(0) Major Collection (Warmup) 354M(9%)->124M(3%) 0.144s
[2026-04-03T06:28:07.554+0600][3.315s][info][gc          ] GC(1) Major Collection (Warmup)
[2026-04-03T06:28:07.554+0600][3.315s][info][gc,task     ] GC(1) Using 3 Workers for Young Generation
[2026-04-03T06:28:07.554+0600][3.315s][info][gc,task     ] GC(1) Using 1 Workers for Old Generation
[2026-04-03T06:28:07.554+0600][3.315s][info][gc,phases   ] GC(1) Y: Young Generation
[2026-04-03T06:28:07.554+0600][3.316s][info][gc,phases   ] GC(1) Y: Pause Mark Start (Major) 0.041ms
[2026-04-03T06:28:07.789+0600][3.550s][info][gc,phases   ] GC(1) Y: Concurrent Mark 234.616ms
[2026-04-03T06:28:07.789+0600][3.551s][info][gc,phases   ] GC(1) Y: Pause Mark End 0.040ms
[2026-04-03T06:28:07.789+0600][3.551s][info][gc,phases   ] GC(1) Y: Concurrent Mark Free 0.001ms
[2026-04-03T06:28:07.789+0600][3.551s][info][gc,phases   ] GC(1) Y: Concurrent Reset Relocation Set 0.057ms
[2026-04-03T06:28:07.794+0600][3.556s][info][gc,reloc    ] GC(1) Y: Using tenuring threshold: 2 (Computed)
[2026-04-03T06:28:07.800+0600][3.562s][info][gc,phases   ] GC(1) Y: Concurrent Select Relocation Set 10.853ms
[2026-04-03T06:28:07.800+0600][3.562s][info][gc,phases   ] GC(1) Y: Pause Relocate Start 0.035ms
[2026-04-03T06:28:07.887+0600][3.649s][info][gc,phases   ] GC(1) Y: Concurrent Relocate 86.298ms
[2026-04-03T06:28:07.887+0600][3.649s][info][gc,alloc    ] GC(1) Y:                         Mark Start        Mark End      Relocate Start    Relocate End   
[2026-04-03T06:28:07.887+0600][3.649s][info][gc,alloc    ] GC(1) Y: Allocation Stalls:          0                0                0                0         
[2026-04-03T06:28:07.887+0600][3.649s][info][gc,load     ] GC(1) Y: Load: 3.48 (29%) / 4.58 (38%) / 3.52 (29%)
[2026-04-03T06:28:07.887+0600][3.649s][info][gc,mmu      ] GC(1) Y: MMU: 2ms/95.3%, 5ms/98.1%, 10ms/99.1%, 20ms/99.5%, 50ms/99.6%, 100ms/99.8%
[2026-04-03T06:28:07.887+0600][3.649s][info][gc,marking  ] GC(1) Y: Mark: 2 stripe(s), 10 proactive flush(es), 1 terminate flush(es), 0 completion(s), 0 continuation(s) 
[2026-04-03T06:28:07.887+0600][3.649s][info][gc,marking  ] GC(1) Y: Mark Stack Usage: 32M
[2026-04-03T06:28:07.887+0600][3.649s][info][gc,nmethod  ] GC(1) Y: NMethods: 1618 registered, 476 unregistered
[2026-04-03T06:28:07.887+0600][3.649s][info][gc,metaspace] GC(1) Y: Metaspace: 8M used, 8M committed, 1088M reserved
[2026-04-03T06:28:07.887+0600][3.649s][info][gc,reloc    ] GC(1) Y:                        Candidates     Selected     In-Place         Size        Empty    Relocated 
[2026-04-03T06:28:07.887+0600][3.649s][info][gc,reloc    ] GC(1) Y: Small Pages:                  337          301            0         674M           0M          37M 
[2026-04-03T06:28:07.887+0600][3.649s][info][gc,reloc    ] GC(1) Y: Medium Pages:                   1            0            0          32M           0M           0M 
[2026-04-03T06:28:07.887+0600][3.649s][info][gc,reloc    ] GC(1) Y: Large Pages:                    0            0            0           0M           0M           0M 
[2026-04-03T06:28:07.887+0600][3.649s][info][gc,reloc    ] GC(1) Y: Forwarding Usage: 18M
[2026-04-03T06:28:07.887+0600][3.649s][info][gc,reloc    ] GC(1) Y: Age Table:
[2026-04-03T06:28:07.887+0600][3.649s][info][gc,reloc    ] GC(1) Y:                    Live             Garbage             Small              Medium             Large        
[2026-04-03T06:28:07.887+0600][3.649s][info][gc,reloc    ] GC(1) Y: Eden              40M (1%)          597M (15%)        319 / 296            0 / 0              0 / 0        
[2026-04-03T06:28:07.887+0600][3.649s][info][gc,reloc    ] GC(1) Y: Survivor 1        26M (1%)           41M (1%)          18 / 5              1 / 0              0 / 0        
[2026-04-03T06:28:07.887+0600][3.649s][info][gc,heap     ] GC(1) Y: Min Capacity: 8M(0%)
[2026-04-03T06:28:07.887+0600][3.649s][info][gc,heap     ] GC(1) Y: Max Capacity: 3922M(100%)
[2026-04-03T06:28:07.887+0600][3.649s][info][gc,heap     ] GC(1) Y: Soft Max Capacity: 3529M(90%)
[2026-04-03T06:28:07.888+0600][3.649s][info][gc,heap     ] GC(1) Y: Heap Statistics:
[2026-04-03T06:28:07.888+0600][3.649s][info][gc,heap     ] GC(1) Y:                Mark Start          Mark End        Relocate Start      Relocate End           High               Low         
[2026-04-03T06:28:07.888+0600][3.649s][info][gc,heap     ] GC(1) Y:  Capacity:      706M (18%)         754M (19%)         756M (19%)         766M (20%)         766M (20%)         706M (18%)    
[2026-04-03T06:28:07.888+0600][3.649s][info][gc,heap     ] GC(1) Y:      Free:     3216M (82%)        3168M (81%)        3166M (81%)        3742M (95%)        3742M (95%)        3156M (80%)    
[2026-04-03T06:28:07.888+0600][3.649s][info][gc,heap     ] GC(1) Y:      Used:      706M (18%)         754M (19%)         756M (19%)         180M (5%)          766M (20%)         180M (5%)     
[2026-04-03T06:28:07.888+0600][3.649s][info][gc,heap     ] GC(1) Y: Young Generation Statistics:
[2026-04-03T06:28:07.888+0600][3.649s][info][gc,heap     ] GC(1) Y:                Mark Start          Mark End        Relocate Start      Relocate End    
[2026-04-03T06:28:07.888+0600][3.649s][info][gc,heap     ] GC(1) Y:      Used:      706M (18%)         754M (19%)         756M (19%)         180M (5%)     
[2026-04-03T06:28:07.888+0600][3.649s][info][gc,heap     ] GC(1) Y:      Live:         -                66M (2%)           66M (2%)           66M (2%)     
[2026-04-03T06:28:07.888+0600][3.649s][info][gc,heap     ] GC(1) Y:   Garbage:         -               639M (16%)         639M (16%)          31M (1%)     
[2026-04-03T06:28:07.888+0600][3.649s][info][gc,heap     ] GC(1) Y: Allocated:         -                48M (1%)           50M (1%)           82M (2%)     
[2026-04-03T06:28:07.888+0600][3.649s][info][gc,heap     ] GC(1) Y: Reclaimed:         -                  -                 0M (0%)          608M (16%)    
[2026-04-03T06:28:07.888+0600][3.649s][info][gc,heap     ] GC(1) Y:  Promoted:         -                  -                 0M (0%)            0M (0%)     
[2026-04-03T06:28:07.888+0600][3.649s][info][gc,heap     ] GC(1) Y: Compacted:         -                  -                  -                41M (1%)     
[2026-04-03T06:28:07.888+0600][3.649s][info][gc,phases   ] GC(1) Y: Young Generation 706M(18%)->180M(5%) 0.333s
[2026-04-03T06:28:07.888+0600][3.649s][info][gc,phases   ] GC(1) O: Old Generation
[2026-04-03T06:28:07.890+0600][3.651s][info][gc,phases   ] GC(1) O: Concurrent Mark 1.691ms
[2026-04-03T06:28:07.890+0600][3.652s][info][gc,phases   ] GC(1) O: Pause Mark End 0.036ms
[2026-04-03T06:28:07.890+0600][3.652s][info][gc,phases   ] GC(1) O: Concurrent Mark Free 0.002ms
[2026-04-03T06:28:07.899+0600][3.660s][info][gc,phases   ] GC(1) O: Concurrent Process Non-Strong 8.488ms
[2026-04-03T06:28:07.899+0600][3.660s][info][gc,phases   ] GC(1) O: Concurrent Reset Relocation Set 0.001ms
[2026-04-03T06:28:07.903+0600][3.665s][info][gc,phases   ] GC(1) O: Concurrent Select Relocation Set 4.398ms
[2026-04-03T06:28:07.904+0600][3.665s][info][gc,task     ] GC(1) O: Using 3 Workers for Old Generation
[2026-04-03T06:28:07.926+0600][3.687s][info][gc,task     ] GC(1) O: Using 1 Workers for Old Generation
[2026-04-03T06:28:07.926+0600][3.687s][info][gc,phases   ] GC(1) O: Concurrent Remap Roots 22.300ms
[2026-04-03T06:28:07.926+0600][3.688s][info][gc,phases   ] GC(1) O: Pause Relocate Start 0.032ms
[2026-04-03T06:28:07.926+0600][3.688s][info][gc,phases   ] GC(1) O: Concurrent Relocate 0.144ms
[2026-04-03T06:28:07.926+0600][3.688s][info][gc,alloc    ] GC(1) O:                         Mark Start        Mark End      Relocate Start    Relocate End   
[2026-04-03T06:28:07.926+0600][3.688s][info][gc,alloc    ] GC(1) O: Allocation Stalls:          0                0                0                0         
[2026-04-03T06:28:07.926+0600][3.688s][info][gc,load     ] GC(1) O: Load: 3.48 (29%) / 4.58 (38%) / 3.52 (29%)
[2026-04-03T06:28:07.926+0600][3.688s][info][gc,mmu      ] GC(1) O: MMU: 2ms/95.3%, 5ms/98.1%, 10ms/99.1%, 20ms/99.5%, 50ms/99.6%, 100ms/99.8%
[2026-04-03T06:28:07.926+0600][3.688s][info][gc,marking  ] GC(1) O: Mark: 1 stripe(s), 1 proactive flush(es), 1 terminate flush(es), 0 completion(s), 0 continuation(s) 
[2026-04-03T06:28:07.926+0600][3.688s][info][gc,marking  ] GC(1) O: Mark Stack Usage: 0M
[2026-04-03T06:28:07.926+0600][3.688s][info][gc,nmethod  ] GC(1) O: NMethods: 1565 registered, 531 unregistered
[2026-04-03T06:28:07.927+0600][3.688s][info][gc,metaspace] GC(1) O: Metaspace: 8M used, 8M committed, 1088M reserved
[2026-04-03T06:28:07.927+0600][3.688s][info][gc,ref      ] GC(1) O:                       Encountered   Discovered     Enqueued 
[2026-04-03T06:28:07.927+0600][3.688s][info][gc,ref      ] GC(1) O: Soft References:              223            0            0 
[2026-04-03T06:28:07.927+0600][3.688s][info][gc,ref      ] GC(1) O: Weak References:              610            0            0 
[2026-04-03T06:28:07.927+0600][3.688s][info][gc,ref      ] GC(1) O: Final References:               3            0            0 
[2026-04-03T06:28:07.927+0600][3.688s][info][gc,ref      ] GC(1) O: Phantom References:            49            0            0 
[2026-04-03T06:28:07.927+0600][3.688s][info][gc,heap     ] GC(1) O: Min Capacity: 8M(0%)
[2026-04-03T06:28:07.927+0600][3.688s][info][gc,heap     ] GC(1) O: Max Capacity: 3922M(100%)
[2026-04-03T06:28:07.927+0600][3.688s][info][gc,heap     ] GC(1) O: Soft Max Capacity: 3529M(90%)
[2026-04-03T06:28:07.927+0600][3.688s][info][gc,heap     ] GC(1) O: Heap Statistics:
[2026-04-03T06:28:07.927+0600][3.688s][info][gc,heap     ] GC(1) O:                Mark Start          Mark End        Relocate Start      Relocate End           High               Low         
[2026-04-03T06:28:07.927+0600][3.688s][info][gc,heap     ] GC(1) O:  Capacity:      706M (18%)         766M (20%)         766M (20%)         766M (20%)         766M (20%)         706M (18%)    
[2026-04-03T06:28:07.927+0600][3.688s][info][gc,heap     ] GC(1) O:      Free:     3216M (82%)        3742M (95%)        3734M (95%)        3734M (95%)        3742M (95%)        3156M (80%)    
[2026-04-03T06:28:07.927+0600][3.688s][info][gc,heap     ] GC(1) O:      Used:      706M (18%)         180M (5%)          188M (5%)          188M (5%)          766M (20%)         180M (5%)     
[2026-04-03T06:28:07.927+0600][3.688s][info][gc,heap     ] GC(1) O: Old Generation Statistics:
[2026-04-03T06:28:07.927+0600][3.688s][info][gc,heap     ] GC(1) O:                Mark Start          Mark End        Relocate Start      Relocate End    
[2026-04-03T06:28:07.927+0600][3.688s][info][gc,heap     ] GC(1) O:      Used:        0M (0%)            0M (0%)            0M (0%)            0M (0%)     
[2026-04-03T06:28:07.927+0600][3.688s][info][gc,heap     ] GC(1) O:      Live:         -                 0M (0%)            0M (0%)            0M (0%)     
[2026-04-03T06:28:07.927+0600][3.688s][info][gc,heap     ] GC(1) O:   Garbage:         -                 0M (0%)            0M (0%)            0M (0%)     
[2026-04-03T06:28:07.927+0600][3.688s][info][gc,heap     ] GC(1) O: Allocated:         -                 0M (0%)            0M (0%)            0M (0%)     
[2026-04-03T06:28:07.927+0600][3.688s][info][gc,heap     ] GC(1) O: Reclaimed:         -                  -                 0M (0%)            0M (0%)     
[2026-04-03T06:28:07.927+0600][3.688s][info][gc,heap     ] GC(1) O: Compacted:         -                  -                  -                 0M (0%)     
[2026-04-03T06:28:07.927+0600][3.689s][info][gc,phases   ] GC(1) O: Old Generation 180M(5%)->188M(5%) 0.038s
[2026-04-03T06:28:07.927+0600][3.689s][info][gc          ] GC(1) Major Collection (Warmup) 706M(18%)->188M(5%) 0.373s
[2026-04-03T06:28:09.172+0600][4.933s][info][gc          ] GC(2) Major Collection (Warmup)
[2026-04-03T06:28:09.172+0600][4.933s][info][gc,task     ] GC(2) Using 3 Workers for Young Generation
[2026-04-03T06:28:09.172+0600][4.933s][info][gc,task     ] GC(2) Using 1 Workers for Old Generation
[2026-04-03T06:28:09.172+0600][4.933s][info][gc,phases   ] GC(2) Y: Young Generation
[2026-04-03T06:28:09.172+0600][4.934s][info][gc,phases   ] GC(2) Y: Pause Mark Start (Major) 0.021ms
[2026-04-03T06:28:09.411+0600][5.173s][info][gc,phases   ] GC(2) Y: Concurrent Mark 239.211ms
[2026-04-03T06:28:09.412+0600][5.173s][info][gc,phases   ] GC(2) Y: Pause Mark End 0.028ms
[2026-04-03T06:28:09.412+0600][5.173s][info][gc,phases   ] GC(2) Y: Concurrent Mark Free 0.003ms
[2026-04-03T06:28:09.412+0600][5.174s][info][gc,phases   ] GC(2) Y: Concurrent Reset Relocation Set 0.034ms
[2026-04-03T06:28:09.414+0600][5.176s][info][gc,reloc    ] GC(2) Y: Using tenuring threshold: 3 (Computed)
[2026-04-03T06:28:09.420+0600][5.181s][info][gc,phases   ] GC(2) Y: Concurrent Select Relocation Set 7.684ms
[2026-04-03T06:28:09.420+0600][5.181s][info][gc,phases   ] GC(2) Y: Pause Relocate Start 0.025ms
[2026-04-03T06:28:09.498+0600][5.259s][info][gc,phases   ] GC(2) Y: Concurrent Relocate 77.848ms
[2026-04-03T06:28:09.498+0600][5.260s][info][gc,alloc    ] GC(2) Y:                         Mark Start        Mark End      Relocate Start    Relocate End   
[2026-04-03T06:28:09.498+0600][5.260s][info][gc,alloc    ] GC(2) Y: Allocation Stalls:          0                0                0                0         
[2026-04-03T06:28:09.498+0600][5.260s][info][gc,load     ] GC(2) Y: Load: 3.48 (29%) / 4.58 (38%) / 3.52 (29%)
[2026-04-03T06:28:09.498+0600][5.260s][info][gc,mmu      ] GC(2) Y: MMU: 2ms/95.3%, 5ms/98.1%, 10ms/99.1%, 20ms/99.5%, 50ms/99.6%, 100ms/99.8%
[2026-04-03T06:28:09.498+0600][5.260s][info][gc,marking  ] GC(2) Y: Mark: 2 stripe(s), 2 proactive flush(es), 1 terminate flush(es), 0 completion(s), 0 continuation(s) 
[2026-04-03T06:28:09.498+0600][5.260s][info][gc,marking  ] GC(2) Y: Mark Stack Usage: 32M
[2026-04-03T06:28:09.498+0600][5.260s][info][gc,nmethod  ] GC(2) Y: NMethods: 1615 registered, 531 unregistered
[2026-04-03T06:28:09.498+0600][5.260s][info][gc,metaspace] GC(2) Y: Metaspace: 8M used, 8M committed, 1088M reserved
[2026-04-03T06:28:09.498+0600][5.260s][info][gc,reloc    ] GC(2) Y:                        Candidates     Selected     In-Place         Size        Empty    Relocated 
[2026-04-03T06:28:09.498+0600][5.260s][info][gc,reloc    ] GC(2) Y: Small Pages:                  516          449            0        1032M           0M          52M 
[2026-04-03T06:28:09.498+0600][5.260s][info][gc,reloc    ] GC(2) Y: Medium Pages:                   1            0            0          32M           0M           0M 
[2026-04-03T06:28:09.498+0600][5.260s][info][gc,reloc    ] GC(2) Y: Large Pages:                    0            0            0           0M           0M           0M 
[2026-04-03T06:28:09.498+0600][5.260s][info][gc,reloc    ] GC(2) Y: Forwarding Usage: 26M
[2026-04-03T06:28:09.498+0600][5.260s][info][gc,reloc    ] GC(2) Y: Age Table:
[2026-04-03T06:28:09.498+0600][5.260s][info][gc,reloc    ] GC(2) Y:                    Live             Garbage             Small              Medium             Large        
[2026-04-03T06:28:09.498+0600][5.260s][info][gc,reloc    ] GC(2) Y: Eden              57M (1%)          892M (23%)        475 / 442            0 / 0              0 / 0        
[2026-04-03T06:28:09.498+0600][5.260s][info][gc,reloc    ] GC(2) Y: Survivor 1        39M (1%)            6M (0%)          23 / 3              0 / 0              0 / 0        
[2026-04-03T06:28:09.498+0600][5.260s][info][gc,reloc    ] GC(2) Y: Survivor 2        26M (1%)           41M (1%)          18 / 4              1 / 0              0 / 0        
[2026-04-03T06:28:09.498+0600][5.260s][info][gc,heap     ] GC(2) Y: Min Capacity: 8M(0%)
[2026-04-03T06:28:09.498+0600][5.260s][info][gc,heap     ] GC(2) Y: Max Capacity: 3922M(100%)
[2026-04-03T06:28:09.498+0600][5.260s][info][gc,heap     ] GC(2) Y: Soft Max Capacity: 3529M(90%)
[2026-04-03T06:28:09.498+0600][5.260s][info][gc,heap     ] GC(2) Y: Heap Statistics:
[2026-04-03T06:28:09.498+0600][5.260s][info][gc,heap     ] GC(2) Y:                Mark Start          Mark End        Relocate Start      Relocate End           High               Low         
[2026-04-03T06:28:09.498+0600][5.260s][info][gc,heap     ] GC(2) Y:  Capacity:     1064M (27%)        1166M (30%)        1168M (30%)        1178M (30%)        1178M (30%)        1064M (27%)    
[2026-04-03T06:28:09.498+0600][5.260s][info][gc,heap     ] GC(2) Y:      Free:     2858M (73%)        2756M (70%)        2754M (70%)        3602M (92%)        3602M (92%)        2744M (70%)    
[2026-04-03T06:28:09.498+0600][5.260s][info][gc,heap     ] GC(2) Y:      Used:     1064M (27%)        1166M (30%)        1168M (30%)         320M (8%)         1178M (30%)         320M (8%)     
[2026-04-03T06:28:09.498+0600][5.260s][info][gc,heap     ] GC(2) Y: Young Generation Statistics:
[2026-04-03T06:28:09.498+0600][5.260s][info][gc,heap     ] GC(2) Y:                Mark Start          Mark End        Relocate Start      Relocate End    
[2026-04-03T06:28:09.498+0600][5.260s][info][gc,heap     ] GC(2) Y:      Used:     1064M (27%)        1166M (30%)        1168M (30%)         320M (8%)     
[2026-04-03T06:28:09.498+0600][5.260s][info][gc,heap     ] GC(2) Y:      Live:         -               123M (3%)          123M (3%)          123M (3%)     
[2026-04-03T06:28:09.498+0600][5.260s][info][gc,heap     ] GC(2) Y:   Garbage:         -               940M (24%)         940M (24%)          33M (1%)     
[2026-04-03T06:28:09.498+0600][5.260s][info][gc,heap     ] GC(2) Y: Allocated:         -               102M (3%)          104M (3%)          163M (4%)     
[2026-04-03T06:28:09.498+0600][5.260s][info][gc,heap     ] GC(2) Y: Reclaimed:         -                  -                 0M (0%)          907M (23%)    
[2026-04-03T06:28:09.498+0600][5.260s][info][gc,heap     ] GC(2) Y:  Promoted:         -                  -                 0M (0%)            0M (0%)     
[2026-04-03T06:28:09.498+0600][5.260s][info][gc,heap     ] GC(2) Y: Compacted:         -                  -                  -                58M (1%)     
[2026-04-03T06:28:09.498+0600][5.260s][info][gc,phases   ] GC(2) Y: Young Generation 1064M(27%)->320M(8%) 0.326s
[2026-04-03T06:28:09.498+0600][5.260s][info][gc,phases   ] GC(2) O: Old Generation
[2026-04-03T06:28:09.500+0600][5.262s][info][gc,phases   ] GC(2) O: Concurrent Mark 1.560ms
[2026-04-03T06:28:09.500+0600][5.262s][info][gc,phases   ] GC(2) O: Pause Mark End 0.033ms
[2026-04-03T06:28:09.500+0600][5.262s][info][gc,phases   ] GC(2) O: Concurrent Mark Free 0.003ms
[2026-04-03T06:28:09.508+0600][5.269s][info][gc,phases   ] GC(2) O: Concurrent Process Non-Strong 7.265ms
[2026-04-03T06:28:09.508+0600][5.270s][info][gc,phases   ] GC(2) O: Concurrent Reset Relocation Set 0.002ms
[2026-04-03T06:28:09.513+0600][5.275s][info][gc,phases   ] GC(2) O: Concurrent Select Relocation Set 5.053ms
[2026-04-03T06:28:09.513+0600][5.275s][info][gc,task     ] GC(2) O: Using 3 Workers for Old Generation
[2026-04-03T06:28:09.533+0600][5.294s][info][gc,task     ] GC(2) O: Using 1 Workers for Old Generation
[2026-04-03T06:28:09.533+0600][5.294s][info][gc,phases   ] GC(2) O: Concurrent Remap Roots 19.565ms
[2026-04-03T06:28:09.533+0600][5.295s][info][gc,phases   ] GC(2) O: Pause Relocate Start 0.031ms
[2026-04-03T06:28:09.534+0600][5.295s][info][gc,phases   ] GC(2) O: Concurrent Relocate 0.388ms
[2026-04-03T06:28:09.534+0600][5.295s][info][gc,alloc    ] GC(2) O:                         Mark Start        Mark End      Relocate Start    Relocate End   
[2026-04-03T06:28:09.534+0600][5.295s][info][gc,alloc    ] GC(2) O: Allocation Stalls:          0                0                0                0         
[2026-04-03T06:28:09.534+0600][5.295s][info][gc,load     ] GC(2) O: Load: 3.48 (29%) / 4.58 (38%) / 3.52 (29%)
[2026-04-03T06:28:09.534+0600][5.295s][info][gc,mmu      ] GC(2) O: MMU: 2ms/95.3%, 5ms/98.1%, 10ms/99.1%, 20ms/99.5%, 50ms/99.6%, 100ms/99.8%
[2026-04-03T06:28:09.534+0600][5.295s][info][gc,marking  ] GC(2) O: Mark: 1 stripe(s), 1 proactive flush(es), 1 terminate flush(es), 0 completion(s), 0 continuation(s) 
[2026-04-03T06:28:09.534+0600][5.295s][info][gc,marking  ] GC(2) O: Mark Stack Usage: 0M
[2026-04-03T06:28:09.534+0600][5.295s][info][gc,nmethod  ] GC(2) O: NMethods: 1603 registered, 544 unregistered
[2026-04-03T06:28:09.534+0600][5.295s][info][gc,metaspace] GC(2) O: Metaspace: 8M used, 8M committed, 1088M reserved
[2026-04-03T06:28:09.534+0600][5.295s][info][gc,ref      ] GC(2) O:                       Encountered   Discovered     Enqueued 
[2026-04-03T06:28:09.534+0600][5.295s][info][gc,ref      ] GC(2) O: Soft References:              223            0            0 
[2026-04-03T06:28:09.534+0600][5.295s][info][gc,ref      ] GC(2) O: Weak References:              610            0            0 
[2026-04-03T06:28:09.534+0600][5.295s][info][gc,ref      ] GC(2) O: Final References:               3            0            0 
[2026-04-03T06:28:09.534+0600][5.295s][info][gc,ref      ] GC(2) O: Phantom References:            49            0            0 
[2026-04-03T06:28:09.534+0600][5.295s][info][gc,heap     ] GC(2) O: Min Capacity: 8M(0%)
[2026-04-03T06:28:09.534+0600][5.295s][info][gc,heap     ] GC(2) O: Max Capacity: 3922M(100%)
[2026-04-03T06:28:09.534+0600][5.295s][info][gc,heap     ] GC(2) O: Soft Max Capacity: 3529M(90%)
[2026-04-03T06:28:09.534+0600][5.295s][info][gc,heap     ] GC(2) O: Heap Statistics:
[2026-04-03T06:28:09.534+0600][5.295s][info][gc,heap     ] GC(2) O:                Mark Start          Mark End        Relocate Start      Relocate End           High               Low         
[2026-04-03T06:28:09.534+0600][5.295s][info][gc,heap     ] GC(2) O:  Capacity:     1064M (27%)        1178M (30%)        1178M (30%)        1178M (30%)        1178M (30%)        1064M (27%)    
[2026-04-03T06:28:09.534+0600][5.295s][info][gc,heap     ] GC(2) O:      Free:     2858M (73%)        3600M (92%)        3584M (91%)        3584M (91%)        3602M (92%)        2744M (70%)    
[2026-04-03T06:28:09.534+0600][5.295s][info][gc,heap     ] GC(2) O:      Used:     1064M (27%)         322M (8%)          338M (9%)          338M (9%)         1178M (30%)         320M (8%)     
[2026-04-03T06:28:09.534+0600][5.296s][info][gc,heap     ] GC(2) O: Old Generation Statistics:
[2026-04-03T06:28:09.534+0600][5.296s][info][gc,heap     ] GC(2) O:                Mark Start          Mark End        Relocate Start      Relocate End    
[2026-04-03T06:28:09.534+0600][5.296s][info][gc,heap     ] GC(2) O:      Used:        0M (0%)            0M (0%)            0M (0%)            0M (0%)     
[2026-04-03T06:28:09.534+0600][5.296s][info][gc,heap     ] GC(2) O:      Live:         -                 0M (0%)            0M (0%)            0M (0%)     
[2026-04-03T06:28:09.534+0600][5.296s][info][gc,heap     ] GC(2) O:   Garbage:         -                 0M (0%)            0M (0%)            0M (0%)     
[2026-04-03T06:28:09.534+0600][5.296s][info][gc,heap     ] GC(2) O: Allocated:         -                 0M (0%)            0M (0%)            0M (0%)     
[2026-04-03T06:28:09.534+0600][5.296s][info][gc,heap     ] GC(2) O: Reclaimed:         -                  -                 0M (0%)            0M (0%)     
[2026-04-03T06:28:09.534+0600][5.296s][info][gc,heap     ] GC(2) O: Compacted:         -                  -                  -                 0M (0%)     
[2026-04-03T06:28:09.534+0600][5.296s][info][gc,phases   ] GC(2) O: Old Generation 322M(8%)->338M(9%) 0.035s
[2026-04-03T06:28:09.534+0600][5.296s][info][gc          ] GC(2) Major Collection (Warmup) 1064M(27%)->338M(9%) 0.362s
[2026-04-03T06:28:11.517+0600][7.278s][info][gc          ] GC(3) Minor Collection (Allocation Rate)
[2026-04-03T06:28:11.517+0600][7.278s][info][gc,task     ] GC(3) Using 2 Workers for Young Generation
[2026-04-03T06:28:11.517+0600][7.279s][info][gc,phases   ] GC(3) y: Young Generation
[2026-04-03T06:28:11.517+0600][7.279s][info][gc,phases   ] GC(3) y: Pause Mark Start 0.020ms
[2026-04-03T06:28:11.947+0600][7.708s][info][gc,phases   ] GC(3) y: Concurrent Mark 429.256ms
[2026-04-03T06:28:11.947+0600][7.708s][info][gc,phases   ] GC(3) y: Pause Mark End 0.020ms
[2026-04-03T06:28:11.947+0600][7.709s][info][gc,phases   ] GC(3) y: Concurrent Mark Free 0.002ms
[2026-04-03T06:28:11.947+0600][7.709s][info][gc,phases   ] GC(3) y: Concurrent Reset Relocation Set 0.059ms
[2026-04-03T06:28:11.951+0600][7.713s][info][gc,reloc    ] GC(3) y: Using tenuring threshold: 3 (Computed)
[2026-04-03T06:28:11.977+0600][7.739s][info][gc,phases   ] GC(3) y: Concurrent Select Relocation Set 29.859ms
[2026-04-03T06:28:11.977+0600][7.739s][info][gc,phases   ] GC(3) y: Pause Relocate Start 0.019ms
[2026-04-03T06:28:12.118+0600][7.880s][info][gc,phases   ] GC(3) y: Concurrent Relocate 140.805ms
[2026-04-03T06:28:12.118+0600][7.880s][info][gc,alloc    ] GC(3) y:                         Mark Start        Mark End      Relocate Start    Relocate End   
[2026-04-03T06:28:12.118+0600][7.880s][info][gc,alloc    ] GC(3) y: Allocation Stalls:          0                0                0                0         
[2026-04-03T06:28:12.118+0600][7.880s][info][gc,load     ] GC(3) y: Load: 3.28 (27%) / 4.52 (38%) / 3.51 (29%)
[2026-04-03T06:28:12.118+0600][7.880s][info][gc,mmu      ] GC(3) y: MMU: 2ms/95.3%, 5ms/98.1%, 10ms/99.1%, 20ms/99.5%, 50ms/99.6%, 100ms/99.8%
[2026-04-03T06:28:12.118+0600][7.880s][info][gc,marking  ] GC(3) y: Mark: 2 stripe(s), 2 proactive flush(es), 1 terminate flush(es), 0 completion(s), 0 continuation(s) 
[2026-04-03T06:28:12.118+0600][7.880s][info][gc,marking  ] GC(3) y: Mark Stack Usage: 32M
[2026-04-03T06:28:12.118+0600][7.880s][info][gc,nmethod  ] GC(3) y: NMethods: 1655 registered, 544 unregistered
[2026-04-03T06:28:12.118+0600][7.880s][info][gc,metaspace] GC(3) y: Metaspace: 8M used, 8M committed, 1088M reserved
[2026-04-03T06:28:12.118+0600][7.880s][info][gc,reloc    ] GC(3) y:                        Candidates     Selected     In-Place         Size        Empty    Relocated 
[2026-04-03T06:28:12.118+0600][7.880s][info][gc,reloc    ] GC(3) y: Small Pages:                  973          851            0        1946M           0M          96M 
[2026-04-03T06:28:12.118+0600][7.880s][info][gc,reloc    ] GC(3) y: Medium Pages:                   1            0            0          32M           0M           0M 
[2026-04-03T06:28:12.118+0600][7.880s][info][gc,reloc    ] GC(3) y: Large Pages:                    0            0            0           0M           0M           0M 
[2026-04-03T06:28:12.118+0600][7.880s][info][gc,reloc    ] GC(3) y: Forwarding Usage: 49M
[2026-04-03T06:28:12.118+0600][7.880s][info][gc,reloc    ] GC(3) y: Age Table:
[2026-04-03T06:28:12.118+0600][7.880s][info][gc,reloc    ] GC(3) y:                    Live             Garbage             Small              Medium             Large        
[2026-04-03T06:28:12.118+0600][7.880s][info][gc,reloc    ] GC(3) y: Eden             104M (3%)         1705M (43%)        905 / 846            0 / 0              0 / 0        
[2026-04-03T06:28:12.119+0600][7.880s][info][gc,reloc    ] GC(3) y: Survivor 1        56M (1%)            5M (0%)          31 / 3              0 / 0              0 / 0        
[2026-04-03T06:28:12.119+0600][7.880s][info][gc,reloc    ] GC(3) y: Survivor 2        39M (1%)            4M (0%)          22 / 0              0 / 0              0 / 0        
[2026-04-03T06:28:12.119+0600][7.880s][info][gc,reloc    ] GC(3) y: Survivor 3        26M (1%)           35M (1%)          15 / 2              1 / 0              0 / 0        
[2026-04-03T06:28:12.119+0600][7.880s][info][gc,heap     ] GC(3) y: Min Capacity: 8M(0%)
[2026-04-03T06:28:12.119+0600][7.880s][info][gc,heap     ] GC(3) y: Max Capacity: 3922M(100%)
[2026-04-03T06:28:12.119+0600][7.880s][info][gc,heap     ] GC(3) y: Soft Max Capacity: 3529M(90%)
[2026-04-03T06:28:12.119+0600][7.880s][info][gc,heap     ] GC(3) y: Heap Statistics:
[2026-04-03T06:28:12.119+0600][7.880s][info][gc,heap     ] GC(3) y:                Mark Start          Mark End        Relocate Start      Relocate End           High               Low         
[2026-04-03T06:28:12.119+0600][7.880s][info][gc,heap     ] GC(3) y:  Capacity:     1978M (50%)        2216M (57%)        2236M (57%)        2244M (57%)        2244M (57%)        1978M (50%)    
[2026-04-03T06:28:12.119+0600][7.880s][info][gc,heap     ] GC(3) y:      Free:     1944M (50%)        1706M (43%)        1686M (43%)        3242M (83%)        3270M (83%)        1678M (43%)    
[2026-04-03T06:28:12.119+0600][7.880s][info][gc,heap     ] GC(3) y:      Used:     1978M (50%)        2216M (57%)        2236M (57%)         680M (17%)        2244M (57%)         652M (17%)    
[2026-04-03T06:28:12.119+0600][7.880s][info][gc,heap     ] GC(3) y: Young Generation Statistics:
[2026-04-03T06:28:12.119+0600][7.880s][info][gc,heap     ] GC(3) y:                Mark Start          Mark End        Relocate Start      Relocate End    
[2026-04-03T06:28:12.119+0600][7.880s][info][gc,heap     ] GC(3) y:      Used:     1978M (50%)        2216M (57%)        2180M (56%)         612M (16%)    
[2026-04-03T06:28:12.119+0600][7.880s][info][gc,heap     ] GC(3) y:      Live:         -               226M (6%)          201M (5%)          200M (5%)     
[2026-04-03T06:28:12.119+0600][7.880s][info][gc,heap     ] GC(3) y:   Garbage:         -              1751M (45%)        1720M (44%)           2M (0%)     
[2026-04-03T06:28:12.119+0600][7.880s][info][gc,heap     ] GC(3) y: Allocated:         -               238M (6%)          258M (7%)          409M (10%)    
[2026-04-03T06:28:12.119+0600][7.880s][info][gc,heap     ] GC(3) y: Reclaimed:         -                  -                31M (1%)         1748M (45%)    
[2026-04-03T06:28:12.119+0600][7.880s][info][gc,heap     ] GC(3) y:  Promoted:         -                  -                24M (1%)           26M (1%)     
[2026-04-03T06:28:12.119+0600][7.880s][info][gc,heap     ] GC(3) y: Compacted:         -                  -                  -               106M (3%)     
[2026-04-03T06:28:12.119+0600][7.880s][info][gc,phases   ] GC(3) y: Young Generation 1978M(50%)->680M(17%) 0.601s
[2026-04-03T06:28:12.119+0600][7.880s][info][gc          ] GC(3) Minor Collection (Allocation Rate) 1978M(50%)->680M(17%) 0.602s
[2026-04-03T06:28:12.912+0600][8.674s][info][gc          ] GC(4) Minor Collection (Allocation Rate)
[2026-04-03T06:28:12.913+0600][8.674s][info][gc,task     ] GC(4) Using 2 Workers for Young Generation
[2026-04-03T06:28:12.913+0600][8.674s][info][gc,phases   ] GC(4) y: Young Generation
[2026-04-03T06:28:12.913+0600][8.674s][info][gc,phases   ] GC(4) y: Pause Mark Start 0.028ms
[2026-04-03T06:28:13.519+0600][9.280s][info][gc,phases   ] GC(4) y: Concurrent Mark 605.842ms
[2026-04-03T06:28:13.519+0600][9.281s][info][gc,phases   ] GC(4) y: Pause Mark End 0.021ms
[2026-04-03T06:28:13.519+0600][9.281s][info][gc,phases   ] GC(4) y: Concurrent Mark Free 0.002ms
[2026-04-03T06:28:13.519+0600][9.281s][info][gc,phases   ] GC(4) y: Concurrent Reset Relocation Set 0.124ms
[2026-04-03T06:28:13.522+0600][9.283s][info][gc,reloc    ] GC(4) y: Using tenuring threshold: 2 (Computed)
[2026-04-03T06:28:13.563+0600][9.325s][info][gc,phases   ] GC(4) y: Concurrent Select Relocation Set 43.601ms
[2026-04-03T06:28:13.563+0600][9.325s][info][gc,phases   ] GC(4) y: Pause Relocate Start 0.014ms
[2026-04-03T06:28:13.745+0600][9.507s][info][gc,phases   ] GC(4) y: Concurrent Relocate 182.099ms
[2026-04-03T06:28:13.745+0600][9.507s][info][gc,alloc    ] GC(4) y:                         Mark Start        Mark End      Relocate Start    Relocate End   
[2026-04-03T06:28:13.745+0600][9.507s][info][gc,alloc    ] GC(4) y: Allocation Stalls:          0                0                0                0         
[2026-04-03T06:28:13.745+0600][9.507s][info][gc,load     ] GC(4) y: Load: 3.28 (27%) / 4.52 (38%) / 3.51 (29%)
[2026-04-03T06:28:13.745+0600][9.507s][info][gc,mmu      ] GC(4) y: MMU: 2ms/95.3%, 5ms/98.1%, 10ms/99.1%, 20ms/99.5%, 50ms/99.6%, 100ms/99.8%
[2026-04-03T06:28:13.745+0600][9.507s][info][gc,marking  ] GC(4) y: Mark: 2 stripe(s), 3 proactive flush(es), 1 terminate flush(es), 0 completion(s), 0 continuation(s) 
[2026-04-03T06:28:13.745+0600][9.507s][info][gc,marking  ] GC(4) y: Mark Stack Usage: 32M
[2026-04-03T06:28:13.745+0600][9.507s][info][gc,nmethod  ] GC(4) y: NMethods: 1836 registered, 544 unregistered
[2026-04-03T06:28:13.745+0600][9.507s][info][gc,metaspace] GC(4) y: Metaspace: 8M used, 8M committed, 1088M reserved
[2026-04-03T06:28:13.745+0600][9.507s][info][gc,reloc    ] GC(4) y:                        Candidates     Selected     In-Place         Size        Empty    Relocated 
[2026-04-03T06:28:13.745+0600][9.507s][info][gc,reloc    ] GC(4) y: Small Pages:                  732          589            0        1464M           2M          64M 
[2026-04-03T06:28:13.745+0600][9.507s][info][gc,reloc    ] GC(4) y: Medium Pages:                   1            0            0          32M           0M           0M 
[2026-04-03T06:28:13.745+0600][9.507s][info][gc,reloc    ] GC(4) y: Large Pages:                    0            0            0           0M           0M           0M 
[2026-04-03T06:28:13.745+0600][9.507s][info][gc,reloc    ] GC(4) y: Forwarding Usage: 32M
[2026-04-03T06:28:13.745+0600][9.507s][info][gc,reloc    ] GC(4) y: Age Table:
[2026-04-03T06:28:13.745+0600][9.507s][info][gc,reloc    ] GC(4) y:                    Live             Garbage             Small              Medium             Large        
[2026-04-03T06:28:13.745+0600][9.507s][info][gc,reloc    ] GC(4) y: Eden              70M (2%)         1209M (31%)        624 / 585            1 / 0              0 / 0        
[2026-04-03T06:28:13.745+0600][9.507s][info][gc,reloc    ] GC(4) y: Survivor 1       102M (3%)            7M (0%)          55 / 3              0 / 0              0 / 0        
[2026-04-03T06:28:13.745+0600][9.507s][info][gc,reloc    ] GC(4) y: Survivor 2        56M (1%)            3M (0%)          30 / 1              0 / 0              0 / 0        
[2026-04-03T06:28:13.745+0600][9.507s][info][gc,reloc    ] GC(4) y: Survivor 3        39M (1%)            6M (0%)          23 / 0              0 / 0              0 / 0        
[2026-04-03T06:28:13.745+0600][9.507s][info][gc,heap     ] GC(4) y: Min Capacity: 8M(0%)
[2026-04-03T06:28:13.745+0600][9.507s][info][gc,heap     ] GC(4) y: Max Capacity: 3922M(100%)
[2026-04-03T06:28:13.745+0600][9.507s][info][gc,heap     ] GC(4) y: Soft Max Capacity: 3529M(90%)
[2026-04-03T06:28:13.745+0600][9.507s][info][gc,heap     ] GC(4) y: Heap Statistics:
[2026-04-03T06:28:13.745+0600][9.507s][info][gc,heap     ] GC(4) y:                Mark Start          Mark End        Relocate Start      Relocate End           High               Low         
[2026-04-03T06:28:13.745+0600][9.507s][info][gc,heap     ] GC(4) y:  Capacity:     2276M (58%)        2308M (59%)        2308M (59%)        2308M (59%)        2308M (59%)        2276M (58%)    
[2026-04-03T06:28:13.746+0600][9.507s][info][gc,heap     ] GC(4) y:      Free:     2358M (60%)        1744M (44%)        1684M (43%)        2706M (69%)        2782M (71%)        1678M (43%)    
[2026-04-03T06:28:13.746+0600][9.507s][info][gc,heap     ] GC(4) y:      Used:     1564M (40%)        2178M (56%)        2238M (57%)        1216M (31%)        2244M (57%)        1140M (29%)    
[2026-04-03T06:28:13.746+0600][9.507s][info][gc,heap     ] GC(4) y: Young Generation Statistics:
[2026-04-03T06:28:13.746+0600][9.507s][info][gc,heap     ] GC(4) y:                Mark Start          Mark End        Relocate Start      Relocate End    
[2026-04-03T06:28:13.746+0600][9.507s][info][gc,heap     ] GC(4) y:      Used:     1496M (38%)        2110M (54%)        2072M (53%)        1046M (27%)    
[2026-04-03T06:28:13.746+0600][9.507s][info][gc,heap     ] GC(4) y:      Live:         -               268M (7%)          173M (4%)          173M (4%)     
[2026-04-03T06:28:13.746+0600][9.507s][info][gc,heap     ] GC(4) y:   Garbage:         -              1227M (31%)        1222M (31%)          33M (1%)     
[2026-04-03T06:28:13.746+0600][9.507s][info][gc,heap     ] GC(4) y: Allocated:         -               614M (16%)         676M (17%)         839M (21%)    
[2026-04-03T06:28:13.746+0600][9.507s][info][gc,heap     ] GC(4) y: Reclaimed:         -                  -                 4M (0%)         1193M (30%)    
[2026-04-03T06:28:13.746+0600][9.507s][info][gc,heap     ] GC(4) y:  Promoted:         -                  -                95M (2%)           95M (2%)     
[2026-04-03T06:28:13.746+0600][9.507s][info][gc,heap     ] GC(4) y: Compacted:         -                  -                  -                70M (2%)     
[2026-04-03T06:28:13.746+0600][9.507s][info][gc,phases   ] GC(4) y: Young Generation 1564M(40%)->1216M(31%) 0.833s
[2026-04-03T06:28:13.746+0600][9.507s][info][gc          ] GC(4) Minor Collection (Allocation Rate) 1564M(40%)->1216M(31%) 0.833s
[2026-04-03T06:28:14.373+0600][10.135s][info][gc          ] GC(5) Major Collection (Allocation Rate)
[2026-04-03T06:28:14.373+0600][10.135s][info][gc,task     ] GC(5) Using 3 Workers for Young Generation
[2026-04-03T06:28:14.373+0600][10.135s][info][gc,task     ] GC(5) Using 1 Workers for Old Generation
[2026-04-03T06:28:14.373+0600][10.135s][info][gc,phases   ] GC(5) Y: Young Generation
[2026-04-03T06:28:14.373+0600][10.135s][info][gc,phases   ] GC(5) Y: Pause Mark Start (Major) 0.019ms
[2026-04-03T06:28:14.679+0600][10.441s][info][gc,phases   ] GC(5) Y: Concurrent Mark 305.821ms
[2026-04-03T06:28:14.679+0600][10.441s][info][gc,phases   ] GC(5) Y: Pause Mark End 0.021ms
[2026-04-03T06:28:14.680+0600][10.441s][info][gc,phases   ] GC(5) Y: Concurrent Mark Free 0.002ms
[2026-04-03T06:28:14.680+0600][10.441s][info][gc,phases   ] GC(5) Y: Concurrent Reset Relocation Set 0.133ms
[2026-04-03T06:28:14.683+0600][10.445s][info][gc,reloc    ] GC(5) Y: Using tenuring threshold: 1 (Computed)
[2026-04-03T06:28:14.727+0600][10.488s][info][gc,phases   ] GC(5) Y: Concurrent Select Relocation Set 46.831ms
[2026-04-03T06:28:14.727+0600][10.488s][info][gc,phases   ] GC(5) Y: Pause Relocate Start 0.013ms
[2026-04-03T06:28:14.878+0600][10.640s][info][gc,phases   ] GC(5) Y: Concurrent Relocate 150.976ms
[2026-04-03T06:28:14.878+0600][10.640s][info][gc,alloc    ] GC(5) Y:                         Mark Start        Mark End      Relocate Start    Relocate End   
[2026-04-03T06:28:14.878+0600][10.640s][info][gc,alloc    ] GC(5) Y: Allocation Stalls:          0                0                0                0         
[2026-04-03T06:28:14.878+0600][10.640s][info][gc,load     ] GC(5) Y: Load: 3.28 (27%) / 4.52 (38%) / 3.51 (29%)
[2026-04-03T06:28:14.878+0600][10.640s][info][gc,mmu      ] GC(5) Y: MMU: 2ms/95.3%, 5ms/98.1%, 10ms/99.1%, 20ms/99.5%, 50ms/99.6%, 100ms/99.8%
[2026-04-03T06:28:14.878+0600][10.640s][info][gc,marking  ] GC(5) Y: Mark: 2 stripe(s), 10 proactive flush(es), 1 terminate flush(es), 0 completion(s), 0 continuation(s) 
[2026-04-03T06:28:14.878+0600][10.640s][info][gc,marking  ] GC(5) Y: Mark Stack Usage: 32M
[2026-04-03T06:28:14.878+0600][10.640s][info][gc,nmethod  ] GC(5) Y: NMethods: 1842 registered, 544 unregistered
[2026-04-03T06:28:14.878+0600][10.640s][info][gc,metaspace] GC(5) Y: Metaspace: 8M used, 9M committed, 1088M reserved
[2026-04-03T06:28:14.878+0600][10.640s][info][gc,reloc    ] GC(5) Y:                        Candidates     Selected     In-Place         Size        Empty    Relocated 
[2026-04-03T06:28:14.878+0600][10.640s][info][gc,reloc    ] GC(5) Y: Small Pages:                  844          732            0        1688M           4M          42M 
[2026-04-03T06:28:14.878+0600][10.640s][info][gc,reloc    ] GC(5) Y: Medium Pages:                   2            0            0          64M          32M           0M 
[2026-04-03T06:28:14.878+0600][10.640s][info][gc,reloc    ] GC(5) Y: Large Pages:                    0            0            0           0M           0M           0M 
[2026-04-03T06:28:14.878+0600][10.640s][info][gc,reloc    ] GC(5) Y: Forwarding Usage: 23M
[2026-04-03T06:28:14.878+0600][10.640s][info][gc,reloc    ] GC(5) Y: Age Table:
[2026-04-03T06:28:14.878+0600][10.640s][info][gc,reloc    ] GC(5) Y:                    Live             Garbage             Small              Medium             Large        
[2026-04-03T06:28:14.878+0600][10.640s][info][gc,reloc    ] GC(5) Y: Eden              42M (1%)         1499M (38%)        755 / 729            1 / 0              0 / 0        
[2026-04-03T06:28:14.878+0600][10.640s][info][gc,reloc    ] GC(5) Y: Survivor 1        63M (2%)           40M (1%)          36 / 3              1 / 0              0 / 0        
[2026-04-03T06:28:14.878+0600][10.640s][info][gc,reloc    ] GC(5) Y: Survivor 2       102M (3%)            3M (0%)          53 / 0              0 / 0              0 / 0        
[2026-04-03T06:28:14.878+0600][10.640s][info][gc,heap     ] GC(5) Y: Min Capacity: 8M(0%)
[2026-04-03T06:28:14.878+0600][10.640s][info][gc,heap     ] GC(5) Y: Max Capacity: 3922M(100%)
[2026-04-03T06:28:14.878+0600][10.640s][info][gc,heap     ] GC(5) Y: Soft Max Capacity: 3529M(90%)
[2026-04-03T06:28:14.878+0600][10.640s][info][gc,heap     ] GC(5) Y: Heap Statistics:
[2026-04-03T06:28:14.878+0600][10.640s][info][gc,heap     ] GC(5) Y:                Mark Start          Mark End        Relocate Start      Relocate End           High               Low         
[2026-04-03T06:28:14.878+0600][10.640s][info][gc,heap     ] GC(5) Y:  Capacity:     2308M (59%)        2308M (59%)        2308M (59%)        2308M (59%)        2308M (59%)        2308M (59%)    
[2026-04-03T06:28:14.878+0600][10.640s][info][gc,heap     ] GC(5) Y:      Free:     2000M (51%)        1644M (42%)        1630M (42%)        2918M (74%)        3040M (78%)        1624M (41%)    
[2026-04-03T06:28:14.878+0600][10.640s][info][gc,heap     ] GC(5) Y:      Used:     1922M (49%)        2278M (58%)        2292M (58%)        1004M (26%)        2298M (59%)         882M (22%)    
[2026-04-03T06:28:14.878+0600][10.640s][info][gc,heap     ] GC(5) Y: Young Generation Statistics:
[2026-04-03T06:28:14.878+0600][10.640s][info][gc,heap     ] GC(5) Y:                Mark Start          Mark End        Relocate Start      Relocate End    
[2026-04-03T06:28:14.878+0600][10.640s][info][gc,heap     ] GC(5) Y:      Used:     1752M (45%)        2108M (54%)        1956M (50%)         660M (17%)    
[2026-04-03T06:28:14.878+0600][10.640s][info][gc,heap     ] GC(5) Y:      Live:         -               209M (5%)           48M (1%)           42M (1%)     
[2026-04-03T06:28:14.878+0600][10.640s][info][gc,heap     ] GC(5) Y:   Garbage:         -              1542M (39%)        1501M (38%)          30M (1%)     
[2026-04-03T06:28:14.878+0600][10.640s][info][gc,heap     ] GC(5) Y: Allocated:         -               356M (9%)          406M (10%)         586M (15%)    
[2026-04-03T06:28:14.878+0600][10.640s][info][gc,heap     ] GC(5) Y: Reclaimed:         -                  -                40M (1%)         1511M (39%)    
[2026-04-03T06:28:14.878+0600][10.640s][info][gc,heap     ] GC(5) Y:  Promoted:         -                  -               161M (4%)          166M (4%)     
[2026-04-03T06:28:14.878+0600][10.640s][info][gc,heap     ] GC(5) Y: Compacted:         -                  -                  -                41M (1%)     
[2026-04-03T06:28:14.878+0600][10.640s][info][gc,phases   ] GC(5) Y: Young Generation 1922M(49%)->1004M(26%) 0.505s
[2026-04-03T06:28:14.878+0600][10.640s][info][gc,phases   ] GC(5) O: Old Generation
[2026-04-03T06:28:15.220+0600][10.982s][info][gc,phases   ] GC(5) O: Concurrent Mark 341.718ms
[2026-04-03T06:28:15.220+0600][10.982s][info][gc,phases   ] GC(5) O: Pause Mark End 0.018ms
[2026-04-03T06:28:15.220+0600][10.982s][info][gc,phases   ] GC(5) O: Concurrent Mark Free 0.001ms
[2026-04-03T06:28:15.225+0600][10.986s][info][gc,phases   ] GC(5) O: Concurrent Process Non-Strong 4.417ms
[2026-04-03T06:28:15.225+0600][10.987s][info][gc,phases   ] GC(5) O: Concurrent Reset Relocation Set 0.001ms
[2026-04-03T06:28:15.228+0600][10.989s][info][gc,phases   ] GC(5) O: Concurrent Select Relocation Set 2.864ms
[2026-04-03T06:28:15.228+0600][10.989s][info][gc,task     ] GC(5) O: Using 3 Workers for Old Generation
[2026-04-03T06:28:15.242+0600][11.004s][info][gc,task     ] GC(5) O: Using 1 Workers for Old Generation
[2026-04-03T06:28:15.242+0600][11.004s][info][gc,phases   ] GC(5) O: Concurrent Remap Roots 14.187ms
[2026-04-03T06:28:15.242+0600][11.004s][info][gc,phases   ] GC(5) O: Pause Relocate Start 0.015ms
[2026-04-03T06:28:15.250+0600][11.011s][info][gc,phases   ] GC(5) O: Concurrent Relocate 7.200ms
[2026-04-03T06:28:15.250+0600][11.011s][info][gc,alloc    ] GC(5) O:                         Mark Start        Mark End      Relocate Start    Relocate End   
[2026-04-03T06:28:15.250+0600][11.011s][info][gc,alloc    ] GC(5) O: Allocation Stalls:          0                0                0                0         
[2026-04-03T06:28:15.250+0600][11.011s][info][gc,load     ] GC(5) O: Load: 3.28 (27%) / 4.52 (38%) / 3.51 (29%)
[2026-04-03T06:28:15.250+0600][11.011s][info][gc,mmu      ] GC(5) O: MMU: 2ms/95.3%, 5ms/98.1%, 10ms/99.1%, 20ms/99.5%, 50ms/99.6%, 100ms/99.8%
[2026-04-03T06:28:15.250+0600][11.011s][info][gc,marking  ] GC(5) O: Mark: 1 stripe(s), 2 proactive flush(es), 1 terminate flush(es), 0 completion(s), 0 continuation(s) 
[2026-04-03T06:28:15.250+0600][11.011s][info][gc,marking  ] GC(5) O: Mark Stack Usage: 32M
[2026-04-03T06:28:15.250+0600][11.011s][info][gc,nmethod  ] GC(5) O: NMethods: 1698 registered, 689 unregistered
[2026-04-03T06:28:15.250+0600][11.011s][info][gc,metaspace] GC(5) O: Metaspace: 8M used, 9M committed, 1088M reserved
[2026-04-03T06:28:15.250+0600][11.011s][info][gc,ref      ] GC(5) O:                       Encountered   Discovered     Enqueued 
[2026-04-03T06:28:15.250+0600][11.011s][info][gc,ref      ] GC(5) O: Soft References:              221            0            0 
[2026-04-03T06:28:15.250+0600][11.011s][info][gc,ref      ] GC(5) O: Weak References:              612          469          147 
[2026-04-03T06:28:15.250+0600][11.011s][info][gc,ref      ] GC(5) O: Final References:               3            1            0 
[2026-04-03T06:28:15.250+0600][11.011s][info][gc,ref      ] GC(5) O: Phantom References:            50           28            3 
[2026-04-03T06:28:15.250+0600][11.011s][info][gc,reloc    ] GC(5) O:                        Candidates     Selected     In-Place         Size        Empty    Relocated 
[2026-04-03T06:28:15.250+0600][11.011s][info][gc,reloc    ] GC(5) O: Small Pages:                   69            7            0         138M           0M           2M 
[2026-04-03T06:28:15.250+0600][11.011s][info][gc,reloc    ] GC(5) O: Medium Pages:                   1            0            0          32M           0M           0M 
[2026-04-03T06:28:15.250+0600][11.011s][info][gc,reloc    ] GC(5) O: Large Pages:                    0            0            0           0M           0M           0M 
[2026-04-03T06:28:15.250+0600][11.011s][info][gc,reloc    ] GC(5) O: Forwarding Usage: 1M
[2026-04-03T06:28:15.250+0600][11.011s][info][gc,heap     ] GC(5) O: Min Capacity: 8M(0%)
[2026-04-03T06:28:15.250+0600][11.011s][info][gc,heap     ] GC(5) O: Max Capacity: 3922M(100%)
[2026-04-03T06:28:15.250+0600][11.011s][info][gc,heap     ] GC(5) O: Soft Max Capacity: 3529M(90%)
[2026-04-03T06:28:15.250+0600][11.011s][info][gc,heap     ] GC(5) O: Heap Statistics:
[2026-04-03T06:28:15.250+0600][11.011s][info][gc,heap     ] GC(5) O:                Mark Start          Mark End        Relocate Start      Relocate End           High               Low         
[2026-04-03T06:28:15.250+0600][11.011s][info][gc,heap     ] GC(5) O:  Capacity:     2308M (59%)        2308M (59%)        2308M (59%)        2308M (59%)        2308M (59%)        2308M (59%)    
[2026-04-03T06:28:15.250+0600][11.011s][info][gc,heap     ] GC(5) O:      Free:     2000M (51%)        2432M (62%)        2398M (61%)        2402M (61%)        3040M (78%)        1624M (41%)    
[2026-04-03T06:28:15.250+0600][11.011s][info][gc,heap     ] GC(5) O:      Used:     1922M (49%)        1490M (38%)        1524M (39%)        1520M (39%)        2298M (59%)         882M (22%)    
[2026-04-03T06:28:15.250+0600][11.011s][info][gc,heap     ] GC(5) O: Old Generation Statistics:
[2026-04-03T06:28:15.250+0600][11.011s][info][gc,heap     ] GC(5) O:                Mark Start          Mark End        Relocate Start      Relocate End    
[2026-04-03T06:28:15.250+0600][11.011s][info][gc,heap     ] GC(5) O:      Used:      170M (4%)          344M (9%)          344M (9%)          332M (8%)     
[2026-04-03T06:28:15.250+0600][11.011s][info][gc,heap     ] GC(5) O:      Live:         -               121M (3%)          121M (3%)          121M (3%)     
[2026-04-03T06:28:15.250+0600][11.011s][info][gc,heap     ] GC(5) O:   Garbage:         -                48M (1%)           48M (1%)           33M (1%)     
[2026-04-03T06:28:15.250+0600][11.011s][info][gc,heap     ] GC(5) O: Allocated:         -               174M (4%)          174M (4%)          176M (5%)     
[2026-04-03T06:28:15.250+0600][11.011s][info][gc,heap     ] GC(5) O: Reclaimed:         -                  -                 0M (0%)           14M (0%)     
[2026-04-03T06:28:15.250+0600][11.011s][info][gc,heap     ] GC(5) O: Compacted:         -                  -                  -                 3M (0%)     
[2026-04-03T06:28:15.250+0600][11.011s][info][gc,phases   ] GC(5) O: Old Generation 1004M(26%)->1520M(39%) 0.371s
[2026-04-03T06:28:15.250+0600][11.011s][info][gc          ] GC(5) Major Collection (Allocation Rate) 1922M(49%)->1520M(39%) 0.877s
[2026-04-03T06:28:15.420+0600][11.181s][info][gc          ] GC(6) Minor Collection (Allocation Rate)
[2026-04-03T06:28:15.420+0600][11.181s][info][gc,task     ] GC(6) Using 3 Workers for Young Generation
[2026-04-03T06:28:15.420+0600][11.181s][info][gc,phases   ] GC(6) y: Young Generation
[2026-04-03T06:28:15.420+0600][11.182s][info][gc,phases   ] GC(6) y: Pause Mark Start 0.020ms
[2026-04-03T06:28:16.164+0600][11.925s][info][gc,phases   ] GC(6) y: Concurrent Mark 743.781ms
[2026-04-03T06:28:16.164+0600][11.926s][info][gc,phases   ] GC(6) y: Pause Mark End 0.025ms
[2026-04-03T06:28:16.164+0600][11.926s][info][gc,phases   ] GC(6) y: Concurrent Mark Free 0.002ms
[2026-04-03T06:28:16.164+0600][11.926s][info][gc,phases   ] GC(6) y: Concurrent Reset Relocation Set 0.171ms
[2026-04-03T06:28:16.166+0600][11.928s][info][gc,reloc    ] GC(6) y: Using tenuring threshold: 2 (Computed)
[2026-04-03T06:28:16.174+0600][11.936s][info][gc,phases   ] GC(6) y: Concurrent Select Relocation Set 9.936ms
[2026-04-03T06:28:16.175+0600][11.937s][info][gc,phases   ] GC(6) y: Pause Relocate Start 0.022ms
[2026-04-03T06:28:16.271+0600][12.032s][info][gc,phases   ] GC(6) y: Concurrent Relocate 95.212ms
[2026-04-03T06:28:16.271+0600][12.032s][info][gc,alloc    ] GC(6) y:                         Mark Start        Mark End      Relocate Start    Relocate End   
[2026-04-03T06:28:16.271+0600][12.032s][info][gc,alloc    ] GC(6) y: Allocation Stalls:          0                0                0                0         
[2026-04-03T06:28:16.271+0600][12.032s][info][gc,load     ] GC(6) y: Load: 3.28 (27%) / 4.52 (38%) / 3.51 (29%)
[2026-04-03T06:28:16.271+0600][12.032s][info][gc,mmu      ] GC(6) y: MMU: 2ms/95.3%, 5ms/98.1%, 10ms/99.1%, 20ms/99.5%, 50ms/99.6%, 100ms/99.8%
[2026-04-03T06:28:16.271+0600][12.032s][info][gc,marking  ] GC(6) y: Mark: 2 stripe(s), 10 proactive flush(es), 1 terminate flush(es), 0 completion(s), 0 continuation(s) 
[2026-04-03T06:28:16.271+0600][12.032s][info][gc,marking  ] GC(6) y: Mark Stack Usage: 32M
[2026-04-03T06:28:16.271+0600][12.032s][info][gc,nmethod  ] GC(6) y: NMethods: 1699 registered, 689 unregistered
[2026-04-03T06:28:16.271+0600][12.032s][info][gc,metaspace] GC(6) y: Metaspace: 8M used, 9M committed, 1088M reserved
[2026-04-03T06:28:16.271+0600][12.032s][info][gc,reloc    ] GC(6) y:                        Candidates     Selected     In-Place         Size        Empty    Relocated 
[2026-04-03T06:28:16.271+0600][12.032s][info][gc,reloc    ] GC(6) y: Small Pages:                  707          633            0        1414M           8M          78M 
[2026-04-03T06:28:16.271+0600][12.032s][info][gc,reloc    ] GC(6) y: Medium Pages:                   1            0            0          32M           0M           0M 
[2026-04-03T06:28:16.271+0600][12.032s][info][gc,reloc    ] GC(6) y: Large Pages:                    0            0            0           0M           0M           0M 
[2026-04-03T06:28:16.271+0600][12.032s][info][gc,reloc    ] GC(6) y: Forwarding Usage: 42M
[2026-04-03T06:28:16.271+0600][12.032s][info][gc,reloc    ] GC(6) y: Age Table:
[2026-04-03T06:28:16.271+0600][12.032s][info][gc,reloc    ] GC(6) y:                    Live             Garbage             Small              Medium             Large        
[2026-04-03T06:28:16.271+0600][12.032s][info][gc,reloc    ] GC(6) y: Eden              84M (2%)         1283M (33%)        684 / 631            0 / 0              0 / 0        
[2026-04-03T06:28:16.271+0600][12.032s][info][gc,reloc    ] GC(6) y: Survivor 1        42M (1%)           35M (1%)          23 / 2              1 / 0              0 / 0        
[2026-04-03T06:28:16.271+0600][12.032s][info][gc,heap     ] GC(6) y: Min Capacity: 8M(0%)
[2026-04-03T06:28:16.271+0600][12.032s][info][gc,heap     ] GC(6) y: Max Capacity: 3922M(100%)
[2026-04-03T06:28:16.271+0600][12.032s][info][gc,heap     ] GC(6) y: Soft Max Capacity: 3529M(90%)
[2026-04-03T06:28:16.271+0600][12.032s][info][gc,heap     ] GC(6) y: Heap Statistics:
[2026-04-03T06:28:16.271+0600][12.032s][info][gc,heap     ] GC(6) y:                Mark Start          Mark End        Relocate Start      Relocate End           High               Low         
[2026-04-03T06:28:16.271+0600][12.032s][info][gc,heap     ] GC(6) y:  Capacity:     2308M (59%)        2504M (64%)        2508M (64%)        2516M (64%)        2516M (64%)        2308M (59%)    
[2026-04-03T06:28:16.271+0600][12.032s][info][gc,heap     ] GC(6) y:      Free:     2144M (55%)        1418M (36%)        1414M (36%)        2620M (67%)        2620M (67%)        1406M (36%)    
[2026-04-03T06:28:16.271+0600][12.032s][info][gc,heap     ] GC(6) y:      Used:     1778M (45%)        2504M (64%)        2508M (64%)        1302M (33%)        2516M (64%)        1302M (33%)    
[2026-04-03T06:28:16.271+0600][12.032s][info][gc,heap     ] GC(6) y: Young Generation Statistics:
[2026-04-03T06:28:16.271+0600][12.032s][info][gc,heap     ] GC(6) y:                Mark Start          Mark End        Relocate Start      Relocate End    
[2026-04-03T06:28:16.271+0600][12.033s][info][gc,heap     ] GC(6) y:      Used:     1446M (37%)        2172M (55%)        2176M (55%)         970M (25%)    
[2026-04-03T06:28:16.271+0600][12.033s][info][gc,heap     ] GC(6) y:      Live:         -               126M (3%)          126M (3%)          126M (3%)     
[2026-04-03T06:28:16.271+0600][12.033s][info][gc,heap     ] GC(6) y:   Garbage:         -              1319M (34%)        1311M (33%)          31M (1%)     
[2026-04-03T06:28:16.271+0600][12.033s][info][gc,heap     ] GC(6) y: Allocated:         -               726M (19%)         738M (19%)         811M (21%)    
[2026-04-03T06:28:16.271+0600][12.033s][info][gc,heap     ] GC(6) y: Reclaimed:         -                  -                 8M (0%)         1287M (33%)    
[2026-04-03T06:28:16.271+0600][12.033s][info][gc,heap     ] GC(6) y:  Promoted:         -                  -                 0M (0%)            0M (0%)     
[2026-04-03T06:28:16.271+0600][12.033s][info][gc,heap     ] GC(6) y: Compacted:         -                  -                  -                84M (2%)     
[2026-04-03T06:28:16.271+0600][12.033s][info][gc,phases   ] GC(6) y: Young Generation 1778M(45%)->1302M(33%) 0.851s
[2026-04-03T06:28:16.271+0600][12.033s][info][gc          ] GC(6) Minor Collection (Allocation Rate) 1778M(45%)->1304M(33%) 0.851s
[2026-04-03T06:28:16.271+0600][12.033s][info][gc          ] GC(7) Minor Collection (Allocation Rate)
[2026-04-03T06:28:16.271+0600][12.033s][info][gc,task     ] GC(7) Using 3 Workers for Young Generation
[2026-04-03T06:28:16.271+0600][12.033s][info][gc,phases   ] GC(7) y: Young Generation
[2026-04-03T06:28:16.272+0600][12.033s][info][gc,phases   ] GC(7) y: Pause Mark Start 0.025ms
[2026-04-03T06:28:16.702+0600][12.464s][info][gc,phases   ] GC(7) y: Concurrent Mark 430.248ms
[2026-04-03T06:28:16.702+0600][12.464s][info][gc,phases   ] GC(7) y: Pause Mark End 0.029ms
[2026-04-03T06:28:16.702+0600][12.464s][info][gc,phases   ] GC(7) y: Concurrent Mark Free 0.002ms
[2026-04-03T06:28:16.703+0600][12.464s][info][gc,phases   ] GC(7) y: Concurrent Reset Relocation Set 0.074ms
[2026-04-03T06:28:16.704+0600][12.466s][info][gc,reloc    ] GC(7) y: Using tenuring threshold: 2 (Computed)
[2026-04-03T06:28:16.717+0600][12.479s][info][gc,phases   ] GC(7) y: Concurrent Select Relocation Set 14.602ms
[2026-04-03T06:28:16.718+0600][12.479s][info][gc,phases   ] GC(7) y: Pause Relocate Start 0.079ms
[2026-04-03T06:28:16.790+0600][12.552s][info][gc,phases   ] GC(7) y: Concurrent Relocate 72.704ms
[2026-04-03T06:28:16.791+0600][12.552s][info][gc,alloc    ] GC(7) y:                         Mark Start        Mark End      Relocate Start    Relocate End   
[2026-04-03T06:28:16.791+0600][12.552s][info][gc,alloc    ] GC(7) y: Allocation Stalls:          0                0                0                0         
[2026-04-03T06:28:16.791+0600][12.552s][info][gc,load     ] GC(7) y: Load: 3.42 (28%) / 4.52 (38%) / 3.52 (29%)
[2026-04-03T06:28:16.791+0600][12.552s][info][gc,mmu      ] GC(7) y: MMU: 2ms/95.3%, 5ms/98.1%, 10ms/99.1%, 20ms/99.5%, 50ms/99.6%, 100ms/99.8%
[2026-04-03T06:28:16.791+0600][12.552s][info][gc,marking  ] GC(7) y: Mark: 2 stripe(s), 10 proactive flush(es), 1 terminate flush(es), 0 completion(s), 0 continuation(s) 
[2026-04-03T06:28:16.791+0600][12.552s][info][gc,marking  ] GC(7) y: Mark Stack Usage: 32M
[2026-04-03T06:28:16.791+0600][12.552s][info][gc,nmethod  ] GC(7) y: NMethods: 1699 registered, 689 unregistered
[2026-04-03T06:28:16.791+0600][12.552s][info][gc,metaspace] GC(7) y: Metaspace: 8M used, 9M committed, 1088M reserved
[2026-04-03T06:28:16.791+0600][12.552s][info][gc,reloc    ] GC(7) y:                        Candidates     Selected     In-Place         Size        Empty    Relocated 
[2026-04-03T06:28:16.791+0600][12.552s][info][gc,reloc    ] GC(7) y: Small Pages:                  470          380            0         940M           2M          43M 
[2026-04-03T06:28:16.791+0600][12.552s][info][gc,reloc    ] GC(7) y: Medium Pages:                   1            0            0          32M          32M           0M 
[2026-04-03T06:28:16.791+0600][12.552s][info][gc,reloc    ] GC(7) y: Large Pages:                    0            0            0           0M           0M           0M 
[2026-04-03T06:28:16.791+0600][12.552s][info][gc,reloc    ] GC(7) y: Forwarding Usage: 24M
[2026-04-03T06:28:16.791+0600][12.552s][info][gc,reloc    ] GC(7) y: Age Table:
[2026-04-03T06:28:16.791+0600][12.552s][info][gc,reloc    ] GC(7) y:                    Live             Garbage             Small              Medium             Large        
[2026-04-03T06:28:16.791+0600][12.552s][info][gc,reloc    ] GC(7) y: Eden              44M (1%)          759M (19%)        402 / 376            0 / 0              0 / 0        
[2026-04-03T06:28:16.791+0600][12.552s][info][gc,reloc    ] GC(7) y: Survivor 1        84M (2%)            5M (0%)          45 / 3              0 / 0              0 / 0        
[2026-04-03T06:28:16.791+0600][12.552s][info][gc,reloc    ] GC(7) y: Survivor 2        39M (1%)           38M (1%)          23 / 1              1 / 0              0 / 0        
[2026-04-03T06:28:16.791+0600][12.552s][info][gc,heap     ] GC(7) y: Min Capacity: 8M(0%)
[2026-04-03T06:28:16.791+0600][12.552s][info][gc,heap     ] GC(7) y: Max Capacity: 3922M(100%)
[2026-04-03T06:28:16.791+0600][12.552s][info][gc,heap     ] GC(7) y: Soft Max Capacity: 3529M(90%)
[2026-04-03T06:28:16.791+0600][12.552s][info][gc,heap     ] GC(7) y: Heap Statistics:
[2026-04-03T06:28:16.791+0600][12.552s][info][gc,heap     ] GC(7) y:                Mark Start          Mark End        Relocate Start      Relocate End           High               Low         
[2026-04-03T06:28:16.791+0600][12.552s][info][gc,heap     ] GC(7) y:  Capacity:     2516M (64%)        2516M (64%)        2516M (64%)        2516M (64%)        2516M (64%)        2516M (64%)    
[2026-04-03T06:28:16.791+0600][12.552s][info][gc,heap     ] GC(7) y:      Free:     2618M (67%)        2214M (56%)        2230M (57%)        2924M (75%)        2946M (75%)        2212M (56%)    
[2026-04-03T06:28:16.791+0600][12.552s][info][gc,heap     ] GC(7) y:      Used:     1304M (33%)        1708M (44%)        1692M (43%)         998M (25%)        1710M (44%)         976M (25%)    
[2026-04-03T06:28:16.791+0600][12.552s][info][gc,heap     ] GC(7) y: Young Generation Statistics:
[2026-04-03T06:28:16.791+0600][12.552s][info][gc,heap     ] GC(7) y:                Mark Start          Mark End        Relocate Start      Relocate End    
[2026-04-03T06:28:16.791+0600][12.552s][info][gc,heap     ] GC(7) y:      Used:      972M (25%)        1376M (35%)        1318M (34%)         620M (16%)    
[2026-04-03T06:28:16.791+0600][12.552s][info][gc,heap     ] GC(7) y:      Live:         -               168M (4%)          128M (3%)          128M (3%)     
[2026-04-03T06:28:16.791+0600][12.552s][info][gc,heap     ] GC(7) y:   Garbage:         -               803M (20%)         767M (20%)           0M (0%)     
[2026-04-03T06:28:16.791+0600][12.552s][info][gc,heap     ] GC(7) y: Allocated:         -               404M (10%)         422M (11%)         491M (13%)    
[2026-04-03T06:28:16.791+0600][12.552s][info][gc,heap     ] GC(7) y: Reclaimed:         -                  -                36M (1%)          803M (20%)    
[2026-04-03T06:28:16.791+0600][12.552s][info][gc,heap     ] GC(7) y:  Promoted:         -                  -                39M (1%)           39M (1%)     
[2026-04-03T06:28:16.791+0600][12.552s][info][gc,heap     ] GC(7) y: Compacted:         -                  -                  -                46M (1%)     
[2026-04-03T06:28:16.791+0600][12.552s][info][gc,phases   ] GC(7) y: Young Generation 1304M(33%)->998M(25%) 0.519s
[2026-04-03T06:28:16.791+0600][12.553s][info][gc          ] GC(7) Minor Collection (Allocation Rate) 1304M(33%)->998M(25%) 0.520s
[2026-04-03T06:28:16.791+0600][12.553s][info][gc          ] GC(8) Major Collection (Allocation Rate)
[2026-04-03T06:28:16.791+0600][12.553s][info][gc,task     ] GC(8) Using 3 Workers for Young Generation
[2026-04-03T06:28:16.791+0600][12.553s][info][gc,task     ] GC(8) Using 1 Workers for Old Generation
[2026-04-03T06:28:16.791+0600][12.553s][info][gc,phases   ] GC(8) Y: Young Generation
[2026-04-03T06:28:16.792+0600][12.553s][info][gc,phases   ] GC(8) Y: Pause Mark Start (Major) 0.094ms
[2026-04-03T06:28:16.959+0600][12.721s][info][gc,phases   ] GC(8) Y: Concurrent Mark 167.138ms
[2026-04-03T06:28:16.959+0600][12.721s][info][gc,phases   ] GC(8) Y: Pause Mark End 0.084ms
[2026-04-03T06:28:16.959+0600][12.721s][info][gc,phases   ] GC(8) Y: Concurrent Mark Free 0.002ms
[2026-04-03T06:28:16.960+0600][12.721s][info][gc,phases   ] GC(8) Y: Concurrent Reset Relocation Set 0.108ms
[2026-04-03T06:28:16.961+0600][12.723s][info][gc,reloc    ] GC(8) Y: Using tenuring threshold: 1 (Computed)
[2026-04-03T06:28:16.994+0600][12.755s][info][gc,phases   ] GC(8) Y: Concurrent Select Relocation Set 34.235ms
[2026-04-03T06:28:16.994+0600][12.756s][info][gc,phases   ] GC(8) Y: Pause Relocate Start 0.024ms
[2026-04-03T06:28:17.079+0600][12.840s][info][gc,phases   ] GC(8) Y: Concurrent Relocate 84.468ms
[2026-04-03T06:28:17.079+0600][12.840s][info][gc,alloc    ] GC(8) Y:                         Mark Start        Mark End      Relocate Start    Relocate End   
[2026-04-03T06:28:17.079+0600][12.840s][info][gc,alloc    ] GC(8) Y: Allocation Stalls:          0                0                0                0         
[2026-04-03T06:28:17.079+0600][12.840s][info][gc,load     ] GC(8) Y: Load: 3.42 (28%) / 4.52 (38%) / 3.52 (29%)
[2026-04-03T06:28:17.079+0600][12.840s][info][gc,mmu      ] GC(8) Y: MMU: 2ms/95.3%, 5ms/98.1%, 10ms/99.1%, 20ms/99.5%, 50ms/99.6%, 100ms/99.8%
[2026-04-03T06:28:17.079+0600][12.840s][info][gc,marking  ] GC(8) Y: Mark: 2 stripe(s), 10 proactive flush(es), 1 terminate flush(es), 0 completion(s), 0 continuation(s) 
[2026-04-03T06:28:17.079+0600][12.840s][info][gc,marking  ] GC(8) Y: Mark Stack Usage: 32M
[2026-04-03T06:28:17.079+0600][12.840s][info][gc,nmethod  ] GC(8) Y: NMethods: 1699 registered, 689 unregistered
[2026-04-03T06:28:17.079+0600][12.840s][info][gc,metaspace] GC(8) Y: Metaspace: 8M used, 9M committed, 1088M reserved
[2026-04-03T06:28:17.079+0600][12.840s][info][gc,reloc    ] GC(8) Y:                        Candidates     Selected     In-Place         Size        Empty    Relocated 
[2026-04-03T06:28:17.079+0600][12.840s][info][gc,reloc    ] GC(8) Y: Small Pages:                  311          244            0         622M           0M           6M 
[2026-04-03T06:28:17.079+0600][12.840s][info][gc,reloc    ] GC(8) Y: Medium Pages:                   0            0            0           0M           0M           0M 
[2026-04-03T06:28:17.079+0600][12.840s][info][gc,reloc    ] GC(8) Y: Large Pages:                    0            0            0           0M           0M           0M 
[2026-04-03T06:28:17.079+0600][12.840s][info][gc,reloc    ] GC(8) Y: Forwarding Usage: 2M
[2026-04-03T06:28:17.079+0600][12.840s][info][gc,reloc    ] GC(8) Y: Age Table:
[2026-04-03T06:28:17.079+0600][12.841s][info][gc,reloc    ] GC(8) Y:                    Live             Garbage             Small              Medium             Large        
[2026-04-03T06:28:17.079+0600][12.841s][info][gc,reloc    ] GC(8) Y: Eden               4M (0%)          479M (12%)        242 / 240            0 / 0              0 / 0        
[2026-04-03T06:28:17.079+0600][12.841s][info][gc,reloc    ] GC(8) Y: Survivor 1        44M (1%)            5M (0%)          25 / 2              0 / 0              0 / 0        
[2026-04-03T06:28:17.079+0600][12.841s][info][gc,reloc    ] GC(8) Y: Survivor 2        69M (2%)           18M (0%)          44 / 2              0 / 0              0 / 0        
[2026-04-03T06:28:17.079+0600][12.841s][info][gc,heap     ] GC(8) Y: Min Capacity: 8M(0%)
[2026-04-03T06:28:17.079+0600][12.841s][info][gc,heap     ] GC(8) Y: Max Capacity: 3922M(100%)
[2026-04-03T06:28:17.079+0600][12.841s][info][gc,heap     ] GC(8) Y: Soft Max Capacity: 3529M(90%)
[2026-04-03T06:28:17.079+0600][12.841s][info][gc,heap     ] GC(8) Y: Heap Statistics:
[2026-04-03T06:28:17.079+0600][12.841s][info][gc,heap     ] GC(8) Y:                Mark Start          Mark End        Relocate Start      Relocate End           High               Low         
[2026-04-03T06:28:17.079+0600][12.841s][info][gc,heap     ] GC(8) Y:  Capacity:     2516M (64%)        2516M (64%)        2516M (64%)        2516M (64%)        2516M (64%)        2516M (64%)    
[2026-04-03T06:28:17.079+0600][12.841s][info][gc,heap     ] GC(8) Y:      Free:     2922M (75%)        2760M (70%)        2724M (69%)        3128M (80%)        3198M (82%)        2714M (69%)    
[2026-04-03T06:28:17.079+0600][12.841s][info][gc,heap     ] GC(8) Y:      Used:     1000M (25%)        1162M (30%)        1198M (31%)         794M (20%)        1208M (31%)         724M (18%)    
[2026-04-03T06:28:17.079+0600][12.841s][info][gc,heap     ] GC(8) Y: Young Generation Statistics:
[2026-04-03T06:28:17.079+0600][12.841s][info][gc,heap     ] GC(8) Y:                Mark Start          Mark End        Relocate Start      Relocate End    
[2026-04-03T06:28:17.079+0600][12.841s][info][gc,heap     ] GC(8) Y:      Used:      622M (16%)         784M (20%)         694M (18%)         282M (7%)     
[2026-04-03T06:28:17.079+0600][12.841s][info][gc,heap     ] GC(8) Y:      Live:         -               118M (3%)            6M (0%)            4M (0%)     
[2026-04-03T06:28:17.079+0600][12.841s][info][gc,heap     ] GC(8) Y:   Garbage:         -               503M (13%)         489M (12%)           0M (0%)     
[2026-04-03T06:28:17.079+0600][12.841s][info][gc,heap     ] GC(8) Y: Allocated:         -               162M (4%)          198M (5%)          277M (7%)     
[2026-04-03T06:28:17.079+0600][12.841s][info][gc,heap     ] GC(8) Y: Reclaimed:         -                  -                14M (0%)          503M (13%)    
[2026-04-03T06:28:17.079+0600][12.841s][info][gc,heap     ] GC(8) Y:  Promoted:         -                  -               111M (3%)          113M (3%)     
[2026-04-03T06:28:17.079+0600][12.841s][info][gc,heap     ] GC(8) Y: Compacted:         -                  -                  -                 4M (0%)     
[2026-04-03T06:28:17.079+0600][12.841s][info][gc,phases   ] GC(8) Y: Young Generation 1000M(25%)->794M(20%) 0.288s
[2026-04-03T06:28:17.079+0600][12.841s][info][gc,phases   ] GC(8) O: Old Generation
[2026-04-03T06:28:17.907+0600][13.669s][info][gc          ] GC(9) Minor Collection (Allocation Rate)
[2026-04-03T06:28:17.907+0600][13.669s][info][gc,task     ] GC(9) Using 2 Workers for Young Generation
[2026-04-03T06:28:17.907+0600][13.669s][info][gc,phases   ] GC(9) y: Young Generation
[2026-04-03T06:28:17.908+0600][13.670s][info][gc,phases   ] GC(9) y: Pause Mark Start 0.167ms
[2026-04-03T06:28:18.022+0600][13.783s][info][gc,phases   ] GC(9) y: Concurrent Mark 113.443ms
[2026-04-03T06:28:18.022+0600][13.784s][info][gc,phases   ] GC(9) y: Pause Mark End 0.026ms
[2026-04-03T06:28:18.022+0600][13.784s][info][gc,phases   ] GC(9) y: Concurrent Mark Free 0.003ms
[2026-04-03T06:28:18.022+0600][13.784s][info][gc,phases   ] GC(9) y: Concurrent Reset Relocation Set 0.137ms
[2026-04-03T06:28:18.026+0600][13.787s][info][gc,reloc    ] GC(9) y: Using tenuring threshold: 2 (Computed)
[2026-04-03T06:28:18.031+0600][13.793s][info][gc,phases   ] GC(9) y: Concurrent Select Relocation Set 8.678ms
[2026-04-03T06:28:18.031+0600][13.793s][info][gc,phases   ] GC(9) y: Pause Relocate Start 0.024ms
[2026-04-03T06:28:18.072+0600][13.834s][info][gc,phases   ] GC(9) y: Concurrent Relocate 40.803ms
[2026-04-03T06:28:18.073+0600][13.834s][info][gc,alloc    ] GC(9) y:                         Mark Start        Mark End      Relocate Start    Relocate End   
[2026-04-03T06:28:18.073+0600][13.834s][info][gc,alloc    ] GC(9) y: Allocation Stalls:          0                0                0                0         
[2026-04-03T06:28:18.073+0600][13.834s][info][gc,load     ] GC(9) y: Load: 3.42 (28%) / 4.52 (38%) / 3.52 (29%)
[2026-04-03T06:28:18.073+0600][13.834s][info][gc,mmu      ] GC(9) y: MMU: 2ms/91.6%, 5ms/96.7%, 10ms/98.3%, 20ms/99.2%, 50ms/99.6%, 100ms/99.8%
[2026-04-03T06:28:18.073+0600][13.834s][info][gc,marking  ] GC(9) y: Mark: 2 stripe(s), 10 proactive flush(es), 1 terminate flush(es), 0 completion(s), 0 continuation(s) 
[2026-04-03T06:28:18.073+0600][13.834s][info][gc,marking  ] GC(9) y: Mark Stack Usage: 32M
[2026-04-03T06:28:18.073+0600][13.834s][info][gc,nmethod  ] GC(9) y: NMethods: 1930 registered, 689 unregistered
[2026-04-03T06:28:18.073+0600][13.834s][info][gc,metaspace] GC(9) y: Metaspace: 8M used, 9M committed, 1088M reserved
[2026-04-03T06:28:18.073+0600][13.834s][info][gc,reloc    ] GC(9) y:                        Candidates     Selected     In-Place         Size        Empty    Relocated 
[2026-04-03T06:28:18.073+0600][13.834s][info][gc,reloc    ] GC(9) y: Small Pages:                  448          398            0         896M          66M          23M 
[2026-04-03T06:28:18.073+0600][13.834s][info][gc,reloc    ] GC(9) y: Medium Pages:                   1            0            0          32M           0M           0M 
[2026-04-03T06:28:18.073+0600][13.834s][info][gc,reloc    ] GC(9) y: Large Pages:                    0            0            0           0M           0M           0M 
[2026-04-03T06:28:18.073+0600][13.834s][info][gc,reloc    ] GC(9) y: Forwarding Usage: 13M
[2026-04-03T06:28:18.073+0600][13.834s][info][gc,reloc    ] GC(9) y: Age Table:
[2026-04-03T06:28:18.073+0600][13.834s][info][gc,reloc    ] GC(9) y:                    Live             Garbage             Small              Medium             Large        
[2026-04-03T06:28:18.073+0600][13.834s][info][gc,reloc    ] GC(9) y: Eden              25M (1%)          894M (23%)        444 / 396            1 / 0              0 / 0        
[2026-04-03T06:28:18.073+0600][13.834s][info][gc,reloc    ] GC(9) y: Survivor 1         4M (0%)            3M (0%)           4 / 2              0 / 0              0 / 0        
[2026-04-03T06:28:18.073+0600][13.834s][info][gc,heap     ] GC(9) y: Min Capacity: 8M(0%)
[2026-04-03T06:28:18.073+0600][13.834s][info][gc,heap     ] GC(9) y: Max Capacity: 3922M(100%)
[2026-04-03T06:28:18.073+0600][13.835s][info][gc,heap     ] GC(9) y: Soft Max Capacity: 3529M(90%)
[2026-04-03T06:28:18.073+0600][13.835s][info][gc,heap     ] GC(9) y: Heap Statistics:
[2026-04-03T06:28:18.073+0600][13.835s][info][gc,heap     ] GC(9) y:                Mark Start          Mark End        Relocate Start      Relocate End           High               Low         
[2026-04-03T06:28:18.073+0600][13.835s][info][gc,heap     ] GC(9) y:  Capacity:     2516M (64%)        2548M (65%)        2548M (65%)        2548M (65%)        2548M (65%)        2516M (64%)    
[2026-04-03T06:28:18.073+0600][13.835s][info][gc,heap     ] GC(9) y:      Free:     2482M (63%)        2386M (61%)        2448M (62%)        3200M (82%)        3200M (82%)        2384M (61%)    
[2026-04-03T06:28:18.073+0600][13.835s][info][gc,heap     ] GC(9) y:      Used:     1440M (37%)        1536M (39%)        1474M (38%)         722M (18%)        1538M (39%)         722M (18%)    
[2026-04-03T06:28:18.073+0600][13.835s][info][gc,heap     ] GC(9) y: Young Generation Statistics:
[2026-04-03T06:28:18.073+0600][13.835s][info][gc,heap     ] GC(9) y:                Mark Start          Mark End        Relocate Start      Relocate End    
[2026-04-03T06:28:18.073+0600][13.835s][info][gc,heap     ] GC(9) y:      Used:      928M (24%)        1024M (26%)         962M (25%)         210M (5%)     
[2026-04-03T06:28:18.073+0600][13.835s][info][gc,heap     ] GC(9) y:      Live:         -                30M (1%)           30M (1%)           30M (1%)     
[2026-04-03T06:28:18.073+0600][13.835s][info][gc,heap     ] GC(9) y:   Garbage:         -               897M (23%)         831M (21%)          31M (1%)     
[2026-04-03T06:28:18.073+0600][13.835s][info][gc,heap     ] GC(9) y: Allocated:         -                96M (2%)          100M (3%)          148M (4%)     
[2026-04-03T06:28:18.073+0600][13.835s][info][gc,heap     ] GC(9) y: Reclaimed:         -                  -                66M (2%)          866M (22%)    
[2026-04-03T06:28:18.073+0600][13.835s][info][gc,heap     ] GC(9) y:  Promoted:         -                  -                 0M (0%)            0M (0%)     
[2026-04-03T06:28:18.073+0600][13.835s][info][gc,heap     ] GC(9) y: Compacted:         -                  -                  -                27M (1%)     
[2026-04-03T06:28:18.073+0600][13.835s][info][gc,phases   ] GC(9) y: Young Generation 1440M(37%)->722M(18%) 0.165s
[2026-04-03T06:28:18.073+0600][13.835s][info][gc          ] GC(9) Minor Collection (Allocation Rate) 1440M(37%)->724M(18%) 0.166s
[2026-04-03T06:28:18.163+0600][13.924s][info][gc          ] GC(10) Minor Collection (Allocation Rate)
[2026-04-03T06:28:18.163+0600][13.924s][info][gc,task     ] GC(10) Using 2 Workers for Young Generation
[2026-04-03T06:28:18.163+0600][13.925s][info][gc,phases   ] GC(10) y: Young Generation
[2026-04-03T06:28:18.163+0600][13.925s][info][gc,phases   ] GC(10) y: Pause Mark Start 0.031ms
[2026-04-03T06:28:18.200+0600][13.962s][info][gc,phases   ] GC(8) O: Concurrent Mark 1120.804ms
[2026-04-03T06:28:18.201+0600][13.962s][info][gc,phases   ] GC(8) O: Pause Mark End 0.341ms
[2026-04-03T06:28:18.201+0600][13.962s][info][gc,phases   ] GC(8) O: Concurrent Mark Free 0.002ms
[2026-04-03T06:28:18.206+0600][13.968s][info][gc,phases   ] GC(8) O: Concurrent Process Non-Strong 5.634ms
[2026-04-03T06:28:18.207+0600][13.968s][info][gc,phases   ] GC(8) O: Concurrent Reset Relocation Set 0.004ms
[2026-04-03T06:28:18.218+0600][13.980s][info][gc,phases   ] GC(8) O: Concurrent Select Relocation Set 11.571ms
[2026-04-03T06:28:18.362+0600][14.124s][info][gc,phases   ] GC(10) y: Concurrent Mark 198.655ms
[2026-04-03T06:28:18.362+0600][14.124s][info][gc,phases   ] GC(10) y: Pause Mark End 0.084ms
[2026-04-03T06:28:18.363+0600][14.124s][info][gc,phases   ] GC(10) y: Concurrent Mark Free 0.001ms
[2026-04-03T06:28:18.363+0600][14.124s][info][gc,phases   ] GC(10) y: Concurrent Reset Relocation Set 0.054ms
[2026-04-03T06:28:18.365+0600][14.127s][info][gc,reloc    ] GC(10) y: Using tenuring threshold: 3 (Computed)
[2026-04-03T06:28:18.367+0600][14.129s][info][gc,phases   ] GC(10) y: Concurrent Select Relocation Set 4.348ms
[2026-04-03T06:28:18.367+0600][14.129s][info][gc,phases   ] GC(10) y: Pause Relocate Start 0.255ms
[2026-04-03T06:28:18.402+0600][14.164s][info][gc,phases   ] GC(10) y: Concurrent Relocate 34.646ms
[2026-04-03T06:28:18.402+0600][14.164s][info][gc,alloc    ] GC(10) y:                         Mark Start        Mark End      Relocate Start    Relocate End   
[2026-04-03T06:28:18.402+0600][14.164s][info][gc,alloc    ] GC(10) y: Allocation Stalls:          0                0                0                0         
[2026-04-03T06:28:18.402+0600][14.164s][info][gc,load     ] GC(10) y: Load: 3.42 (28%) / 4.52 (38%) / 3.52 (29%)
[2026-04-03T06:28:18.402+0600][14.164s][info][gc,mmu      ] GC(10) y: MMU: 2ms/83.0%, 5ms/93.2%, 10ms/96.6%, 20ms/98.3%, 50ms/99.3%, 100ms/99.6%
[2026-04-03T06:28:18.402+0600][14.164s][info][gc,marking  ] GC(10) y: Mark: 2 stripe(s), 3 proactive flush(es), 1 terminate flush(es), 0 completion(s), 0 continuation(s) 
[2026-04-03T06:28:18.402+0600][14.164s][info][gc,marking  ] GC(10) y: Mark Stack Usage: 32M
[2026-04-03T06:28:18.402+0600][14.164s][info][gc,nmethod  ] GC(10) y: NMethods: 1960 registered, 693 unregistered
[2026-04-03T06:28:18.402+0600][14.164s][info][gc,metaspace] GC(10) y: Metaspace: 8M used, 9M committed, 1088M reserved
[2026-04-03T06:28:18.402+0600][14.164s][info][gc,reloc    ] GC(10) y:                        Candidates     Selected     In-Place         Size        Empty    Relocated 
[2026-04-03T06:28:18.402+0600][14.164s][info][gc,reloc    ] GC(10) y: Small Pages:                  189          163            0         378M           4M          23M 
[2026-04-03T06:28:18.402+0600][14.164s][info][gc,reloc    ] GC(10) y: Medium Pages:                   2            0            0          64M          32M           0M 
[2026-04-03T06:28:18.402+0600][14.164s][info][gc,reloc    ] GC(10) y: Large Pages:                    0            0            0           0M           0M           0M 
[2026-04-03T06:28:18.402+0600][14.164s][info][gc,reloc    ] GC(10) y: Forwarding Usage: 13M
[2026-04-03T06:28:18.402+0600][14.164s][info][gc,reloc    ] GC(10) y: Age Table:
[2026-04-03T06:28:18.402+0600][14.164s][info][gc,reloc    ] GC(10) y:                    Live             Garbage             Small              Medium             Large        
[2026-04-03T06:28:18.403+0600][14.164s][info][gc,reloc    ] GC(10) y: Eden              23M (1%)          350M (9%)         171 / 157            1 / 0              0 / 0        
[2026-04-03T06:28:18.403+0600][14.164s][info][gc,reloc    ] GC(10) y: Survivor 1        16M (0%)           45M (1%)          15 / 5              1 / 0              0 / 0        
[2026-04-03T06:28:18.403+0600][14.164s][info][gc,reloc    ] GC(10) y: Survivor 2         4M (0%)            1M (0%)           3 / 1              0 / 0              0 / 0        
[2026-04-03T06:28:18.403+0600][14.164s][info][gc,heap     ] GC(10) y: Min Capacity: 8M(0%)
[2026-04-03T06:28:18.403+0600][14.164s][info][gc,heap     ] GC(10) y: Max Capacity: 3922M(100%)
[2026-04-03T06:28:18.403+0600][14.164s][info][gc,heap     ] GC(10) y: Soft Max Capacity: 3529M(90%)
[2026-04-03T06:28:18.403+0600][14.164s][info][gc,heap     ] GC(10) y: Heap Statistics:
[2026-04-03T06:28:18.403+0600][14.164s][info][gc,heap     ] GC(10) y:                Mark Start          Mark End        Relocate Start      Relocate End           High               Low         
[2026-04-03T06:28:18.403+0600][14.164s][info][gc,heap     ] GC(10) y:  Capacity:     2548M (65%)        2580M (66%)        2580M (66%)        2580M (66%)        2580M (66%)        2548M (65%)    
[2026-04-03T06:28:18.403+0600][14.164s][info][gc,heap     ] GC(10) y:      Free:     2968M (76%)        2792M (71%)        2824M (72%)        3100M (79%)        3102M (79%)        2790M (71%)    
[2026-04-03T06:28:18.403+0600][14.164s][info][gc,heap     ] GC(10) y:      Used:      954M (24%)        1130M (29%)        1098M (28%)         822M (21%)        1132M (29%)         820M (21%)    
[2026-04-03T06:28:18.403+0600][14.164s][info][gc,heap     ] GC(10) y: Young Generation Statistics:
[2026-04-03T06:28:18.403+0600][14.164s][info][gc,heap     ] GC(10) y:                Mark Start          Mark End        Relocate Start      Relocate End    
[2026-04-03T06:28:18.403+0600][14.164s][info][gc,heap     ] GC(10) y:      Used:      442M (11%)         618M (16%)         586M (15%)         310M (8%)     
[2026-04-03T06:28:18.403+0600][14.164s][info][gc,heap     ] GC(10) y:      Live:         -                43M (1%)           43M (1%)           43M (1%)     
[2026-04-03T06:28:18.403+0600][14.164s][info][gc,heap     ] GC(10) y:   Garbage:         -               398M (10%)         362M (9%)           32M (1%)     
[2026-04-03T06:28:18.403+0600][14.164s][info][gc,heap     ] GC(10) y: Allocated:         -               176M (4%)          180M (5%)          234M (6%)     
[2026-04-03T06:28:18.403+0600][14.164s][info][gc,heap     ] GC(10) y: Reclaimed:         -                  -                36M (1%)          366M (9%)     
[2026-04-03T06:28:18.403+0600][14.164s][info][gc,heap     ] GC(10) y:  Promoted:         -                  -                 0M (0%)            0M (0%)     
[2026-04-03T06:28:18.403+0600][14.164s][info][gc,heap     ] GC(10) y: Compacted:         -                  -                  -                27M (1%)     
[2026-04-03T06:28:18.403+0600][14.164s][info][gc,phases   ] GC(10) y: Young Generation 954M(24%)->822M(21%) 0.239s
[2026-04-03T06:28:18.403+0600][14.164s][info][gc          ] GC(10) Minor Collection (Allocation Rate) 952M(24%)->822M(21%) 0.240s
[2026-04-03T06:28:18.403+0600][14.164s][info][gc,task     ] GC(8) O: Using 3 Workers for Old Generation
[2026-04-03T06:28:18.418+0600][14.179s][info][gc,task     ] GC(8) O: Using 1 Workers for Old Generation
[2026-04-03T06:28:18.418+0600][14.180s][info][gc,phases   ] GC(8) O: Concurrent Remap Roots 15.184ms
[2026-04-03T06:28:18.418+0600][14.180s][info][gc,phases   ] GC(8) O: Pause Relocate Start 0.025ms
[2026-04-03T06:28:18.458+0600][14.219s][info][gc,phases   ] GC(8) O: Concurrent Relocate 39.298ms
[2026-04-03T06:28:18.458+0600][14.220s][info][gc,alloc    ] GC(8) O:                         Mark Start        Mark End      Relocate Start    Relocate End   
[2026-04-03T06:28:18.458+0600][14.220s][info][gc,alloc    ] GC(8) O: Allocation Stalls:          0                0                0                0         
[2026-04-03T06:28:18.458+0600][14.220s][info][gc,load     ] GC(8) O: Load: 3.42 (28%) / 4.52 (38%) / 3.52 (29%)
[2026-04-03T06:28:18.458+0600][14.220s][info][gc,mmu      ] GC(8) O: MMU: 2ms/83.0%, 5ms/93.2%, 10ms/96.6%, 20ms/98.3%, 50ms/99.3%, 100ms/99.6%
[2026-04-03T06:28:18.458+0600][14.220s][info][gc,marking  ] GC(8) O: Mark: 1 stripe(s), 2 proactive flush(es), 1 terminate flush(es), 0 completion(s), 0 continuation(s) 
[2026-04-03T06:28:18.458+0600][14.220s][info][gc,marking  ] GC(8) O: Mark Stack Usage: 32M
[2026-04-03T06:28:18.458+0600][14.220s][info][gc,nmethod  ] GC(8) O: NMethods: 1960 registered, 693 unregistered
[2026-04-03T06:28:18.458+0600][14.220s][info][gc,metaspace] GC(8) O: Metaspace: 8M used, 9M committed, 1088M reserved
[2026-04-03T06:28:18.458+0600][14.220s][info][gc,ref      ] GC(8) O:                       Encountered   Discovered     Enqueued 
[2026-04-03T06:28:18.458+0600][14.220s][info][gc,ref      ] GC(8) O: Soft References:              221            0            0 
[2026-04-03T06:28:18.458+0600][14.220s][info][gc,ref      ] GC(8) O: Weak References:              467          323            0 
[2026-04-03T06:28:18.458+0600][14.220s][info][gc,ref      ] GC(8) O: Final References:               3            1            0 
[2026-04-03T06:28:18.458+0600][14.220s][info][gc,ref      ] GC(8) O: Phantom References:            46           21            0 
[2026-04-03T06:28:18.458+0600][14.220s][info][gc,reloc    ] GC(8) O:                        Candidates     Selected     In-Place         Size        Empty    Relocated 
[2026-04-03T06:28:18.458+0600][14.220s][info][gc,reloc    ] GC(8) O: Small Pages:                  173            6            0         346M           0M           4M 
[2026-04-03T06:28:18.458+0600][14.220s][info][gc,reloc    ] GC(8) O: Medium Pages:                   1            0            0          32M           0M           0M 
[2026-04-03T06:28:18.458+0600][14.220s][info][gc,reloc    ] GC(8) O: Large Pages:                    0            0            0           0M           0M           0M 
[2026-04-03T06:28:18.458+0600][14.220s][info][gc,reloc    ] GC(8) O: Forwarding Usage: 8M
[2026-04-03T06:28:18.458+0600][14.220s][info][gc,heap     ] GC(8) O: Min Capacity: 8M(0%)
[2026-04-03T06:28:18.458+0600][14.220s][info][gc,heap     ] GC(8) O: Max Capacity: 3922M(100%)
[2026-04-03T06:28:18.458+0600][14.220s][info][gc,heap     ] GC(8) O: Soft Max Capacity: 3529M(90%)
[2026-04-03T06:28:18.458+0600][14.220s][info][gc,heap     ] GC(8) O: Heap Statistics:
[2026-04-03T06:28:18.458+0600][14.220s][info][gc,heap     ] GC(8) O:                Mark Start          Mark End        Relocate Start      Relocate End           High               Low         
[2026-04-03T06:28:18.458+0600][14.220s][info][gc,heap     ] GC(8) O:  Capacity:     2516M (64%)        2548M (65%)        2580M (66%)        2580M (66%)        2580M (66%)        2516M (64%)    
[2026-04-03T06:28:18.458+0600][14.220s][info][gc,heap     ] GC(8) O:      Free:     2922M (75%)        2896M (74%)        3078M (78%)        3050M (78%)        3200M (82%)        2384M (61%)    
[2026-04-03T06:28:18.458+0600][14.220s][info][gc,heap     ] GC(8) O:      Used:     1000M (25%)        1026M (26%)         844M (22%)         872M (22%)        1538M (39%)         722M (18%)    
[2026-04-03T06:28:18.458+0600][14.220s][info][gc,heap     ] GC(8) O: Old Generation Statistics:
[2026-04-03T06:28:18.458+0600][14.220s][info][gc,heap     ] GC(8) O:                Mark Start          Mark End        Relocate Start      Relocate End    
[2026-04-03T06:28:18.458+0600][14.220s][info][gc,heap     ] GC(8) O:      Used:      378M (10%)         512M (13%)         512M (13%)         498M (13%)    
[2026-04-03T06:28:18.458+0600][14.220s][info][gc,heap     ] GC(8) O:      Live:         -               326M (8%)          326M (8%)          326M (8%)     
[2026-04-03T06:28:18.458+0600][14.220s][info][gc,heap     ] GC(8) O:   Garbage:         -                51M (1%)           51M (1%)           37M (1%)     
[2026-04-03T06:28:18.458+0600][14.220s][info][gc,heap     ] GC(8) O: Allocated:         -               134M (3%)          134M (3%)          134M (3%)     
[2026-04-03T06:28:18.458+0600][14.220s][info][gc,heap     ] GC(8) O: Reclaimed:         -                  -                 0M (0%)           14M (0%)     
[2026-04-03T06:28:18.458+0600][14.220s][info][gc,heap     ] GC(8) O: Compacted:         -                  -                  -                13M (0%)     
[2026-04-03T06:28:18.458+0600][14.220s][info][gc,phases   ] GC(8) O: Old Generation 796M(20%)->872M(22%) 1.379s
[2026-04-03T06:28:18.458+0600][14.220s][info][gc          ] GC(8) Major Collection (Allocation Rate) 1000M(25%)->874M(22%) 1.667s
[2026-04-03T06:28:19.687+0600][15.448s][info][gc,exit     ] Stopping ZGC
[2026-04-03T06:28:19.687+0600][15.449s][info][gc,stats    ] === Garbage Collection Statistics =======================================================================================================================
[2026-04-03T06:28:19.688+0600][15.449s][info][gc,stats    ]                                                              Last 10s              Last 10m              Last 10h                Total
[2026-04-03T06:28:19.688+0600][15.449s][info][gc,stats    ]                                                              Avg / Max             Avg / Max             Avg / Max             Avg / Max
[2026-04-03T06:28:19.688+0600][15.449s][info][gc,stats    ]        Contention: Mark Segment Reset Contention                     1 / 9                 3 / 24                3 / 24                3 / 24          ops/s
[2026-04-03T06:28:19.688+0600][15.449s][info][gc,stats    ]        Contention: Mark SeqNum Reset Contention                      0 / 0                 0 / 0                 0 / 0                 0 / 0           ops/s
[2026-04-03T06:28:19.688+0600][15.449s][info][gc,stats    ]          Critical: Allocation Stall                                  0 / 0                 0 / 0                 0 / 0                 0 / 0           ops/s
[2026-04-03T06:28:19.688+0600][15.449s][info][gc,stats    ]          Critical: Allocation Stall                              0.000 / 0.000         0.000 / 0.000         0.000 / 0.000         0.000 / 0.000       ms
[2026-04-03T06:28:19.688+0600][15.449s][info][gc,stats    ]          Critical: JNI Critical Stall                                0 / 0                 0 / 0                 0 / 0                 0 / 0           ops/s
[2026-04-03T06:28:19.688+0600][15.449s][info][gc,stats    ]          Critical: JNI Critical Stall                            0.000 / 0.000         0.000 / 0.000         0.000 / 0.000         0.000 / 0.000       ms
[2026-04-03T06:28:19.688+0600][15.449s][info][gc,stats    ]          Critical: Relocation Stall                                  0 / 0                 0 / 0                 0 / 0                 0 / 0           ops/s
[2026-04-03T06:28:19.688+0600][15.449s][info][gc,stats    ]          Critical: Relocation Stall                              0.000 / 0.000         0.000 / 0.000         0.000 / 0.000         0.000 / 0.000       ms
[2026-04-03T06:28:19.688+0600][15.449s][info][gc,stats    ]  Major Collection: Major Collection                            968.775 / 1667.241    684.709 / 1667.241    684.709 / 1667.241    684.709 / 1667.241    ms
[2026-04-03T06:28:19.688+0600][15.449s][info][gc,stats    ]            Memory: Allocation Rate                                 983 / 1300            791 / 1300            791 / 1300            791 / 1300        MB/s
[2026-04-03T06:28:19.688+0600][15.449s][info][gc,stats    ]            Memory: Defragment                                        1 / 11                1 / 11                1 / 11                1 / 11          ops/s
[2026-04-03T06:28:19.688+0600][15.449s][info][gc,stats    ]            Memory: Out Of Memory                                     0 / 0                 0 / 0                 0 / 0                 0 / 0           ops/s
[2026-04-03T06:28:19.688+0600][15.449s][info][gc,stats    ]            Memory: Page Cache Flush                                  3 / 22                2 / 22                2 / 22                2 / 22          MB/s
[2026-04-03T06:28:19.688+0600][15.449s][info][gc,stats    ]            Memory: Page Cache Hit L1                               444 / 667             329 / 667             329 / 667             329 / 667         ops/s
[2026-04-03T06:28:19.688+0600][15.449s][info][gc,stats    ]            Memory: Page Cache Hit L2                                 0 / 0                 0 / 0                 0 / 0                 0 / 0           ops/s
[2026-04-03T06:28:19.688+0600][15.449s][info][gc,stats    ]            Memory: Page Cache Hit L3                                 1 / 11                8 / 83                8 / 83                8 / 83          ops/s
[2026-04-03T06:28:19.688+0600][15.449s][info][gc,stats    ]            Memory: Page Cache Miss                                  65 / 327              73 / 327              73 / 327              73 / 327         ops/s
[2026-04-03T06:28:19.688+0600][15.449s][info][gc,stats    ]            Memory: Uncommit                                          0 / 0                 0 / 0                 0 / 0                 0 / 0           MB/s
[2026-04-03T06:28:19.688+0600][15.449s][info][gc,stats    ]            Memory: Undo Object Allocation Failed                     0 / 0                 0 / 0                 0 / 0                 0 / 0           ops/s
[2026-04-03T06:28:19.688+0600][15.449s][info][gc,stats    ]            Memory: Undo Object Allocation Succeeded                  0 / 3                 0 / 3                 0 / 3                 0 / 3           ops/s
[2026-04-03T06:28:19.688+0600][15.449s][info][gc,stats    ]            Memory: Undo Page Allocation                              0 / 0                 0 / 0                 0 / 0                 0 / 0           ops/s
[2026-04-03T06:28:19.688+0600][15.449s][info][gc,stats    ]  Minor Collection: Minor Collection                            535.304 / 851.359     535.304 / 851.359     535.304 / 851.359     535.304 / 851.359     ms
[2026-04-03T06:28:19.688+0600][15.450s][info][gc,stats    ]    Old Generation: Old Generation                              595.135 / 1378.900    370.636 / 1378.900    370.636 / 1378.900    370.636 / 1378.900    ms
[2026-04-03T06:28:19.688+0600][15.450s][info][gc,stats    ]         Old Pause: Pause Mark End                                0.131 / 0.341         0.105 / 0.341         0.105 / 0.341         0.105 / 0.341       ms
[2026-04-03T06:28:19.688+0600][15.450s][info][gc,stats    ]         Old Pause: Pause Relocate Start                          0.024 / 0.031         0.038 / 0.087         0.038 / 0.087         0.038 / 0.087       ms
[2026-04-03T06:28:19.688+0600][15.450s][info][gc,stats    ]         Old Phase: Concurrent Mark                             488.027 / 1120.804    293.377 / 1120.804    293.377 / 1120.804    293.377 / 1120.804    ms
[2026-04-03T06:28:19.688+0600][15.450s][info][gc,stats    ]         Old Phase: Concurrent Mark Continue                      0.000 / 0.000         0.000 / 0.000         0.000 / 0.000         0.000 / 0.000       ms
[2026-04-03T06:28:19.688+0600][15.450s][info][gc,stats    ]         Old Phase: Concurrent Mark Free                          0.002 / 0.003         0.022 / 0.100         0.022 / 0.100         0.022 / 0.100       ms
[2026-04-03T06:28:19.688+0600][15.450s][info][gc,stats    ]         Old Phase: Concurrent Process Non-Strong                 5.772 / 7.265         6.537 / 8.488         6.537 / 8.488         6.537 / 8.488       ms
[2026-04-03T06:28:19.688+0600][15.450s][info][gc,stats    ]         Old Phase: Concurrent Relocate                          15.628 / 39.298        9.461 / 39.298        9.461 / 39.298        9.461 / 39.298      ms
[2026-04-03T06:28:19.688+0600][15.450s][info][gc,stats    ]         Old Phase: Concurrent Remap Roots                       16.312 / 19.565       17.758 / 22.300       17.758 / 22.300       17.758 / 22.300      ms
[2026-04-03T06:28:19.688+0600][15.450s][info][gc,stats    ]         Old Phase: Concurrent Reset Relocation Set               0.002 / 0.004         0.002 / 0.004         0.002 / 0.004         0.002 / 0.004       ms
[2026-04-03T06:28:19.688+0600][15.450s][info][gc,stats    ]         Old Phase: Concurrent Select Relocation Set              6.496 / 11.571        5.188 / 11.571        5.188 / 11.571        5.188 / 11.571      ms
[2026-04-03T06:28:19.688+0600][15.450s][info][gc,stats    ]      Old Subphase: Concurrent Classes Purge                      0.130 / 0.189         0.283 / 0.856         0.283 / 0.856         0.283 / 0.856       ms
[2026-04-03T06:28:19.688+0600][15.450s][info][gc,stats    ]      Old Subphase: Concurrent Classes Unlink                     4.579 / 5.729         5.195 / 7.188         5.195 / 7.188         5.195 / 7.188       ms
[2026-04-03T06:28:19.688+0600][15.450s][info][gc,stats    ]      Old Subphase: Concurrent Mark Follow                      487.590 / 1120.263    292.970 / 1120.263    292.970 / 1120.263    292.970 / 1120.263    ms
[2026-04-03T06:28:19.688+0600][15.450s][info][gc,stats    ]      Old Subphase: Concurrent Mark Root Colored                  0.078 / 0.114         0.063 / 0.114         0.063 / 0.114         0.063 / 0.114       ms
[2026-04-03T06:28:19.688+0600][15.450s][info][gc,stats    ]      Old Subphase: Concurrent Mark Root Uncolored                0.185 / 0.261         0.167 / 0.261         0.167 / 0.261         0.167 / 0.261       ms
[2026-04-03T06:28:19.688+0600][15.450s][info][gc,stats    ]      Old Subphase: Concurrent Mark Roots                         0.430 / 0.534         0.399 / 0.534         0.399 / 0.534         0.399 / 0.534       ms
[2026-04-03T06:28:19.688+0600][15.450s][info][gc,stats    ]      Old Subphase: Concurrent References Enqueue                 0.002 / 0.005         0.002 / 0.005         0.002 / 0.005         0.002 / 0.005       ms
[2026-04-03T06:28:19.688+0600][15.450s][info][gc,stats    ]      Old Subphase: Concurrent References Process                 0.189 / 0.226         0.159 / 0.226         0.159 / 0.226         0.159 / 0.226       ms
[2026-04-03T06:28:19.688+0600][15.450s][info][gc,stats    ]      Old Subphase: Concurrent Remap Remembered                  14.629 / 17.634       15.896 / 20.346       15.896 / 20.346       15.896 / 20.346      ms
[2026-04-03T06:28:19.688+0600][15.450s][info][gc,stats    ]      Old Subphase: Concurrent Remap Roots Colored                0.619 / 0.761         0.700 / 1.052         0.700 / 1.052         0.700 / 1.052       ms
[2026-04-03T06:28:19.688+0600][15.450s][info][gc,stats    ]      Old Subphase: Concurrent Remap Roots Uncolored              0.704 / 0.834         0.808 / 1.406         0.808 / 1.406         0.808 / 1.406       ms
[2026-04-03T06:28:19.688+0600][15.450s][info][gc,stats    ]      Old Subphase: Concurrent Roots ClassLoaderDataGraph         0.422 / 0.670         0.458 / 0.967         0.458 / 0.967         0.458 / 0.967       ms
[2026-04-03T06:28:19.688+0600][15.450s][info][gc,stats    ]      Old Subphase: Concurrent Roots CodeCache                    0.638 / 0.824         0.765 / 1.400         0.765 / 1.400         0.765 / 1.400       ms
[2026-04-03T06:28:19.688+0600][15.450s][info][gc,stats    ]      Old Subphase: Concurrent Roots JavaThreads                  0.077 / 0.483         0.062 / 0.483         0.062 / 0.483         0.062 / 0.483       ms
[2026-04-03T06:28:19.688+0600][15.450s][info][gc,stats    ]      Old Subphase: Concurrent Roots OopStorageSet                0.019 / 0.046         0.016 / 0.046         0.016 / 0.046         0.016 / 0.046       ms
[2026-04-03T06:28:19.688+0600][15.450s][info][gc,stats    ]      Old Subphase: Concurrent Weak Roots OopStorageSet           0.154 / 0.580         0.204 / 0.662         0.204 / 0.662         0.204 / 0.662       ms
[2026-04-03T06:28:19.688+0600][15.450s][info][gc,stats    ]            System: Java Threads                                     10 / 12               10 / 12               10 / 12               10 / 12          threads
[2026-04-03T06:28:19.688+0600][15.450s][info][gc,stats    ]  Young Generation: Young Generation                            372.880 / 504.864     312.750 / 504.864     312.750 / 504.864     312.750 / 504.864     ms
[2026-04-03T06:28:19.688+0600][15.450s][info][gc,stats    ]  Young Generation: Young Generation                            534.813 / 850.878     534.813 / 850.878     534.813 / 850.878     534.813 / 850.878     ms
[2026-04-03T06:28:19.688+0600][15.450s][info][gc,stats    ]  Young Generation: Young Generation (Collect Roots)              0.000 / 0.000         0.000 / 0.000         0.000 / 0.000         0.000 / 0.000       ms
[2026-04-03T06:28:19.688+0600][15.450s][info][gc,stats    ]  Young Generation: Young Generation (Promote All)                0.000 / 0.000         0.000 / 0.000         0.000 / 0.000         0.000 / 0.000       ms
[2026-04-03T06:28:19.688+0600][15.450s][info][gc,stats    ]       Young Pause: Pause Mark End                                0.038 / 0.084         0.037 / 0.084         0.037 / 0.084         0.037 / 0.084       ms
[2026-04-03T06:28:19.688+0600][15.450s][info][gc,stats    ]       Young Pause: Pause Mark Start                              0.049 / 0.167         0.049 / 0.167         0.049 / 0.167         0.049 / 0.167       ms
[2026-04-03T06:28:19.688+0600][15.450s][info][gc,stats    ]       Young Pause: Pause Mark Start (Major)                      0.057 / 0.094         0.041 / 0.094         0.041 / 0.094         0.041 / 0.094       ms
[2026-04-03T06:28:19.689+0600][15.450s][info][gc,stats    ]       Young Pause: Pause Relocate Start                          0.053 / 0.255         0.049 / 0.255         0.049 / 0.255         0.049 / 0.255       ms
[2026-04-03T06:28:19.689+0600][15.450s][info][gc,stats    ]       Young Phase: Concurrent Mark                             359.266 / 743.781     320.250 / 743.781     320.250 / 743.781     320.250 / 743.781     ms
[2026-04-03T06:28:19.689+0600][15.450s][info][gc,stats    ]       Young Phase: Concurrent Mark Continue                      0.000 / 0.000         0.000 / 0.000         0.000 / 0.000         0.000 / 0.000       ms
[2026-04-03T06:28:19.689+0600][15.450s][info][gc,stats    ]       Young Phase: Concurrent Mark Free                          0.002 / 0.003         0.002 / 0.003         0.002 / 0.003         0.002 / 0.003       ms
[2026-04-03T06:28:19.689+0600][15.450s][info][gc,stats    ]       Young Phase: Concurrent Relocate                          97.729 / 182.099      91.275 / 182.099      91.275 / 182.099      91.275 / 182.099     ms
[2026-04-03T06:28:19.689+0600][15.450s][info][gc,stats    ]       Young Phase: Concurrent Reset Relocation Set               0.099 / 0.171         0.087 / 0.171         0.087 / 0.171         0.087 / 0.171       ms
[2026-04-03T06:28:19.689+0600][15.450s][info][gc,stats    ]       Young Phase: Concurrent Select Relocation Set             22.197 / 46.831       20.509 / 46.831       20.509 / 46.831       20.509 / 46.831      ms
[2026-04-03T06:28:19.689+0600][15.450s][info][gc,stats    ]    Young Subphase: Concurrent Mark Follow                      357.456 / 742.523     318.255 / 742.523     318.255 / 742.523     318.255 / 742.523     ms
[2026-04-03T06:28:19.689+0600][15.450s][info][gc,stats    ]    Young Subphase: Concurrent Mark Root Colored                  0.704 / 0.955         0.964 / 1.813         0.964 / 1.813         0.964 / 1.813       ms
[2026-04-03T06:28:19.689+0600][15.450s][info][gc,stats    ]    Young Subphase: Concurrent Mark Root Uncolored                0.892 / 1.546         0.869 / 1.546         0.869 / 1.546         0.869 / 1.546       ms
[2026-04-03T06:28:19.689+0600][15.450s][info][gc,stats    ]    Young Subphase: Concurrent Mark Roots                         1.803 / 2.525         1.987 / 3.036         1.987 / 3.036         1.987 / 3.036       ms
[2026-04-03T06:28:19.689+0600][15.450s][info][gc,stats    ]    Young Subphase: Concurrent Relocate Remset FP                34.278 / 95.759       28.058 / 95.759       28.058 / 95.759       28.058 / 95.759      ms
[2026-04-03T06:28:19.689+0600][15.450s][info][gc,stats    ]    Young Subphase: Concurrent Roots ClassLoaderDataGraph         0.530 / 0.737         0.722 / 1.270         0.722 / 1.270         0.722 / 1.270       ms
[2026-04-03T06:28:19.689+0600][15.450s][info][gc,stats    ]    Young Subphase: Concurrent Roots CodeCache                    0.757 / 1.376         0.727 / 1.376         0.727 / 1.376         0.727 / 1.376       ms
[2026-04-03T06:28:19.689+0600][15.450s][info][gc,stats    ]    Young Subphase: Concurrent Roots JavaThreads                  0.064 / 0.731         0.072 / 0.731         0.072 / 0.731         0.072 / 0.731       ms
[2026-04-03T06:28:19.689+0600][15.450s][info][gc,stats    ]    Young Subphase: Concurrent Roots OopStorageSet                0.013 / 0.037         0.034 / 0.175         0.034 / 0.175         0.034 / 0.175       ms
[2026-04-03T06:28:19.689+0600][15.450s][info][gc,stats    ]    Young Subphase: Concurrent Weak Roots OopStorageSet           0.163 / 0.283         0.213 / 0.472         0.213 / 0.472         0.213 / 0.472       ms
[2026-04-03T06:28:19.689+0600][15.450s][info][gc,stats    ] =========================================================================================================================================================
[2026-04-03T06:28:19.689+0600][15.451s][info][gc,heap,exit] Heap
[2026-04-03T06:28:19.689+0600][15.451s][info][gc,heap,exit]  ZHeap           used 2088M, capacity 2580M, max capacity 3922M
[2026-04-03T06:28:19.689+0600][15.451s][info][gc,heap,exit]  Metaspace       used 9217K, committed 9408K, reserved 1114112K
[2026-04-03T06:28:19.689+0600][15.451s][info][gc,heap,exit]   class space    used 858K, committed 960K, reserved 1048576K
