[2026-04-03T06:28:55.692+0600][0.006s][info][gc,init] Initializing The Z Garbage Collector
[2026-04-03T06:28:55.693+0600][0.006s][info][gc,init] Version: 21.0.10+7-Ubuntu-124.04 (release)
[2026-04-03T06:28:55.693+0600][0.006s][info][gc,init] NUMA Support: Disabled
[2026-04-03T06:28:55.693+0600][0.006s][info][gc,init] CPUs: 12 total, 12 available
[2026-04-03T06:28:55.693+0600][0.006s][info][gc,init] Memory: 15683M
[2026-04-03T06:28:55.693+0600][0.006s][info][gc,init] Large Page Support: Disabled
[2026-04-03T06:28:55.693+0600][0.006s][info][gc,init] Address Space Type: Contiguous/Unrestricted/Complete
[2026-04-03T06:28:55.693+0600][0.006s][info][gc,init] Address Space Size: 62752M
[2026-04-03T06:28:55.693+0600][0.006s][info][gc,init] Heap Backing File: /memfd:java_heap
[2026-04-03T06:28:55.693+0600][0.006s][info][gc,init] Heap Backing Filesystem: tmpfs (0x1021994)
[2026-04-03T06:28:55.693+0600][0.007s][info][gc,init] Min Capacity: 8M
[2026-04-03T06:28:55.693+0600][0.007s][info][gc,init] Initial Capacity: 246M
[2026-04-03T06:28:55.693+0600][0.007s][info][gc,init] Max Capacity: 3922M
[2026-04-03T06:28:55.693+0600][0.007s][info][gc,init] Soft Max Capacity: 3529M
[2026-04-03T06:28:55.693+0600][0.007s][info][gc,init] Medium Page Size: 32M
[2026-04-03T06:28:55.693+0600][0.007s][info][gc,init] Pre-touch: Disabled
[2026-04-03T06:28:55.693+0600][0.007s][info][gc,init] Available space on backing filesystem: N/A
[2026-04-03T06:28:55.694+0600][0.008s][info][gc,init] Uncommit: Enabled
[2026-04-03T06:28:55.694+0600][0.008s][info][gc,init] Uncommit Delay: 300s
[2026-04-03T06:28:55.694+0600][0.008s][info][gc,init] GC Workers for Old Generation: 3 (dynamic)
[2026-04-03T06:28:55.695+0600][0.008s][info][gc,init] GC Workers for Young Generation: 3 (dynamic)
[2026-04-03T06:28:55.786+0600][0.100s][info][gc,init] GC Workers Max: 3 (dynamic)
[2026-04-03T06:28:55.787+0600][0.100s][info][gc,init] Runtime Workers: 8
[2026-04-03T06:28:55.788+0600][0.102s][info][gc     ] Using The Z Garbage Collector
[2026-04-03T06:28:55.800+0600][0.113s][info][gc,metaspace] CDS archive(s) mapped at: [0x0000702feb000000-0x0000702febc9c000-0x0000702febc9c000), size 13221888, SharedBaseAddress: 0x0000702feb000000, ArchiveRelocationMode: 1.
[2026-04-03T06:28:55.800+0600][0.113s][info][gc,metaspace] Compressed class space mapped at: 0x0000702fec000000-0x000070302c000000, reserved size: 1073741824
[2026-04-03T06:28:55.800+0600][0.113s][info][gc,metaspace] Narrow klass base: 0x0000702feb000000, Narrow klass shift: 0, Narrow klass range: 0x100000000
[2026-04-03T06:28:57.551+0600][1.865s][info][gc          ] GC(0) Major Collection (Warmup)
[2026-04-03T06:28:57.551+0600][1.865s][info][gc,task     ] GC(0) Using 3 Workers for Young Generation
[2026-04-03T06:28:57.551+0600][1.865s][info][gc,task     ] GC(0) Using 2 Workers for Old Generation
[2026-04-03T06:28:57.551+0600][1.865s][info][gc,phases   ] GC(0) Y: Young Generation
[2026-04-03T06:28:57.552+0600][1.865s][info][gc,phases   ] GC(0) Y: Pause Mark Start (Major) 0.025ms
[2026-04-03T06:28:57.602+0600][1.915s][info][gc,phases   ] GC(0) Y: Concurrent Mark 49.726ms
[2026-04-03T06:28:57.602+0600][1.915s][info][gc,phases   ] GC(0) Y: Pause Mark End 0.033ms
[2026-04-03T06:28:57.602+0600][1.915s][info][gc,phases   ] GC(0) Y: Concurrent Mark Free 0.002ms
[2026-04-03T06:28:57.602+0600][1.915s][info][gc,phases   ] GC(0) Y: Concurrent Reset Relocation Set 0.000ms
[2026-04-03T06:28:57.610+0600][1.923s][info][gc,reloc    ] GC(0) Y: Using tenuring threshold: 1 (Computed)
[2026-04-03T06:28:57.615+0600][1.928s][info][gc,phases   ] GC(0) Y: Concurrent Select Relocation Set 12.931ms
[2026-04-03T06:28:57.615+0600][1.929s][info][gc,phases   ] GC(0) Y: Pause Relocate Start 0.032ms
[2026-04-03T06:28:57.653+0600][1.966s][info][gc,phases   ] GC(0) Y: Concurrent Relocate 37.240ms
[2026-04-03T06:28:57.653+0600][1.966s][info][gc,alloc    ] GC(0) Y:                         Mark Start        Mark End      Relocate Start    Relocate End   
[2026-04-03T06:28:57.653+0600][1.966s][info][gc,alloc    ] GC(0) Y: Allocation Stalls:          0                0                0                0         
[2026-04-03T06:28:57.653+0600][1.966s][info][gc,load     ] GC(0) Y: Load: 2.73 (23%) / 4.23 (35%) / 3.46 (29%)
[2026-04-03T06:28:57.653+0600][1.966s][info][gc,mmu      ] GC(0) Y: MMU: 2ms/98.3%, 5ms/99.3%, 10ms/99.7%, 20ms/99.7%, 50ms/99.9%, 100ms/99.9%
[2026-04-03T06:28:57.653+0600][1.966s][info][gc,marking  ] GC(0) Y: Mark: 2 stripe(s), 2 proactive flush(es), 1 terminate flush(es), 0 completion(s), 0 continuation(s) 
[2026-04-03T06:28:57.653+0600][1.966s][info][gc,marking  ] GC(0) Y: Mark Stack Usage: 32M
[2026-04-03T06:28:57.653+0600][1.966s][info][gc,nmethod  ] GC(0) Y: NMethods: 2001 registered, 0 unregistered
[2026-04-03T06:28:57.653+0600][1.966s][info][gc,metaspace] GC(0) Y: Metaspace: 8M used, 8M committed, 1088M reserved
[2026-04-03T06:28:57.653+0600][1.966s][info][gc,reloc    ] GC(0) Y:                        Candidates     Selected     In-Place         Size        Empty    Relocated 
[2026-04-03T06:28:57.653+0600][1.966s][info][gc,reloc    ] GC(0) Y: Small Pages:                  163          149            0         326M           0M          20M 
[2026-04-03T06:28:57.653+0600][1.966s][info][gc,reloc    ] GC(0) Y: Medium Pages:                   1            0            0          32M           0M           0M 
[2026-04-03T06:28:57.653+0600][1.966s][info][gc,reloc    ] GC(0) Y: Large Pages:                    0            0            0           0M           0M           0M 
[2026-04-03T06:28:57.653+0600][1.966s][info][gc,reloc    ] GC(0) Y: Forwarding Usage: 11M
[2026-04-03T06:28:57.653+0600][1.966s][info][gc,reloc    ] GC(0) Y: Age Table:
[2026-04-03T06:28:57.653+0600][1.966s][info][gc,reloc    ] GC(0) Y:                    Live             Garbage             Small              Medium             Large        
[2026-04-03T06:28:57.653+0600][1.966s][info][gc,reloc    ] GC(0) Y: Eden              26M (1%)          331M (8%)         163 / 149            1 / 0              0 / 0        
[2026-04-03T06:28:57.653+0600][1.967s][info][gc,heap     ] GC(0) Y: Min Capacity: 8M(0%)
[2026-04-03T06:28:57.653+0600][1.967s][info][gc,heap     ] GC(0) Y: Max Capacity: 3922M(100%)
[2026-04-03T06:28:57.653+0600][1.967s][info][gc,heap     ] GC(0) Y: Soft Max Capacity: 3529M(90%)
[2026-04-03T06:28:57.653+0600][1.967s][info][gc,heap     ] GC(0) Y: Heap Statistics:
[2026-04-03T06:28:57.653+0600][1.967s][info][gc,heap     ] GC(0) Y:                Mark Start          Mark End        Relocate Start      Relocate End           High               Low         
[2026-04-03T06:28:57.653+0600][1.967s][info][gc,heap     ] GC(0) Y:  Capacity:      358M (9%)          374M (10%)         378M (10%)         392M (10%)         392M (10%)         358M (9%)     
[2026-04-03T06:28:57.653+0600][1.967s][info][gc,heap     ] GC(0) Y:      Free:     3564M (91%)        3548M (90%)        3544M (90%)        3816M (97%)        3816M (97%)        3530M (90%)    
[2026-04-03T06:28:57.653+0600][1.967s][info][gc,heap     ] GC(0) Y:      Used:      358M (9%)          374M (10%)         378M (10%)         106M (3%)          392M (10%)         106M (3%)     
[2026-04-03T06:28:57.653+0600][1.967s][info][gc,heap     ] GC(0) Y: Young Generation Statistics:
[2026-04-03T06:28:57.653+0600][1.967s][info][gc,heap     ] GC(0) Y:                Mark Start          Mark End        Relocate Start      Relocate End    
[2026-04-03T06:28:57.653+0600][1.967s][info][gc,heap     ] GC(0) Y:      Used:      358M (9%)          374M (10%)         378M (10%)         106M (3%)     
[2026-04-03T06:28:57.653+0600][1.967s][info][gc,heap     ] GC(0) Y:      Live:         -                26M (1%)           26M (1%)           26M (1%)     
[2026-04-03T06:28:57.653+0600][1.967s][info][gc,heap     ] GC(0) Y:   Garbage:         -               331M (8%)          331M (8%)           29M (1%)     
[2026-04-03T06:28:57.653+0600][1.967s][info][gc,heap     ] GC(0) Y: Allocated:         -                16M (0%)           20M (1%)           50M (1%)     
[2026-04-03T06:28:57.653+0600][1.967s][info][gc,heap     ] GC(0) Y: Reclaimed:         -                  -                 0M (0%)          302M (8%)     
[2026-04-03T06:28:57.653+0600][1.967s][info][gc,heap     ] GC(0) Y:  Promoted:         -                  -                 0M (0%)            0M (0%)     
[2026-04-03T06:28:57.653+0600][1.967s][info][gc,heap     ] GC(0) Y: Compacted:         -                  -                  -                23M (1%)     
[2026-04-03T06:28:57.653+0600][1.967s][info][gc,phases   ] GC(0) Y: Young Generation 358M(9%)->106M(3%) 0.102s
[2026-04-03T06:28:57.653+0600][1.967s][info][gc,phases   ] GC(0) O: Old Generation
[2026-04-03T06:28:57.655+0600][1.968s][info][gc,phases   ] GC(0) O: Concurrent Mark 1.373ms
[2026-04-03T06:28:57.655+0600][1.968s][info][gc,phases   ] GC(0) O: Pause Mark End 0.036ms
[2026-04-03T06:28:57.656+0600][1.969s][info][gc,phases   ] GC(0) O: Concurrent Mark Free 0.057ms
[2026-04-03T06:28:57.663+0600][1.977s][info][gc,phases   ] GC(0) O: Concurrent Process Non-Strong 7.471ms
[2026-04-03T06:28:57.663+0600][1.977s][info][gc,phases   ] GC(0) O: Concurrent Reset Relocation Set 0.002ms
[2026-04-03T06:28:57.667+0600][1.980s][info][gc,phases   ] GC(0) O: Concurrent Select Relocation Set 3.220ms
[2026-04-03T06:28:57.667+0600][1.980s][info][gc,task     ] GC(0) O: Using 3 Workers for Old Generation
[2026-04-03T06:28:57.684+0600][1.997s][info][gc,task     ] GC(0) O: Using 2 Workers for Old Generation
[2026-04-03T06:28:57.684+0600][1.997s][info][gc,phases   ] GC(0) O: Concurrent Remap Roots 17.510ms
[2026-04-03T06:28:57.684+0600][1.998s][info][gc,phases   ] GC(0) O: Pause Relocate Start 0.032ms
[2026-04-03T06:28:57.685+0600][1.998s][info][gc,phases   ] GC(0) O: Concurrent Relocate 0.174ms
[2026-04-03T06:28:57.685+0600][1.998s][info][gc,alloc    ] GC(0) O:                         Mark Start        Mark End      Relocate Start    Relocate End   
[2026-04-03T06:28:57.685+0600][1.998s][info][gc,alloc    ] GC(0) O: Allocation Stalls:          0                0                0                0         
[2026-04-03T06:28:57.685+0600][1.998s][info][gc,load     ] GC(0) O: Load: 2.73 (23%) / 4.23 (35%) / 3.46 (29%)
[2026-04-03T06:28:57.685+0600][1.998s][info][gc,mmu      ] GC(0) O: MMU: 2ms/98.2%, 5ms/99.3%, 10ms/99.6%, 20ms/99.7%, 50ms/99.9%, 100ms/99.9%
[2026-04-03T06:28:57.685+0600][1.998s][info][gc,marking  ] GC(0) O: Mark: 2 stripe(s), 1 proactive flush(es), 1 terminate flush(es), 0 completion(s), 0 continuation(s) 
[2026-04-03T06:28:57.685+0600][1.998s][info][gc,marking  ] GC(0) O: Mark Stack Usage: 0M
[2026-04-03T06:28:57.685+0600][1.998s][info][gc,nmethod  ] GC(0) O: NMethods: 1535 registered, 477 unregistered
[2026-04-03T06:28:57.685+0600][1.998s][info][gc,metaspace] GC(0) O: Metaspace: 8M used, 8M committed, 1088M reserved
[2026-04-03T06:28:57.685+0600][1.998s][info][gc,ref      ] GC(0) O:                       Encountered   Discovered     Enqueued 
[2026-04-03T06:28:57.685+0600][1.998s][info][gc,ref      ] GC(0) O: Soft References:              223            0            0 
[2026-04-03T06:28:57.685+0600][1.998s][info][gc,ref      ] GC(0) O: Weak References:              610            0            0 
[2026-04-03T06:28:57.685+0600][1.998s][info][gc,ref      ] GC(0) O: Final References:               3            0            0 
[2026-04-03T06:28:57.685+0600][1.998s][info][gc,ref      ] GC(0) O: Phantom References:            49            0            0 
[2026-04-03T06:28:57.685+0600][1.998s][info][gc,heap     ] GC(0) O: Min Capacity: 8M(0%)
[2026-04-03T06:28:57.685+0600][1.998s][info][gc,heap     ] GC(0) O: Max Capacity: 3922M(100%)
[2026-04-03T06:28:57.685+0600][1.998s][info][gc,heap     ] GC(0) O: Soft Max Capacity: 3529M(90%)
[2026-04-03T06:28:57.685+0600][1.998s][info][gc,heap     ] GC(0) O: Heap Statistics:
[2026-04-03T06:28:57.685+0600][1.998s][info][gc,heap     ] GC(0) O:                Mark Start          Mark End        Relocate Start      Relocate End           High               Low         
[2026-04-03T06:28:57.685+0600][1.998s][info][gc,heap     ] GC(0) O:  Capacity:      358M (9%)          392M (10%)         392M (10%)         392M (10%)         392M (10%)         358M (9%)     
[2026-04-03T06:28:57.685+0600][1.999s][info][gc,heap     ] GC(0) O:      Free:     3564M (91%)        3816M (97%)        3806M (97%)        3806M (97%)        3816M (97%)        3530M (90%)    
[2026-04-03T06:28:57.685+0600][1.999s][info][gc,heap     ] GC(0) O:      Used:      358M (9%)          106M (3%)          116M (3%)          116M (3%)          392M (10%)         106M (3%)     
[2026-04-03T06:28:57.685+0600][1.999s][info][gc,heap     ] GC(0) O: Old Generation Statistics:
[2026-04-03T06:28:57.685+0600][1.999s][info][gc,heap     ] GC(0) O:                Mark Start          Mark End        Relocate Start      Relocate End    
[2026-04-03T06:28:57.685+0600][1.999s][info][gc,heap     ] GC(0) O:      Used:        0M (0%)            0M (0%)            0M (0%)            0M (0%)     
[2026-04-03T06:28:57.685+0600][1.999s][info][gc,heap     ] GC(0) O:      Live:         -                 0M (0%)            0M (0%)            0M (0%)     
[2026-04-03T06:28:57.685+0600][1.999s][info][gc,heap     ] GC(0) O:   Garbage:         -                 0M (0%)            0M (0%)            0M (0%)     
[2026-04-03T06:28:57.685+0600][1.999s][info][gc,heap     ] GC(0) O: Allocated:         -                 0M (0%)            0M (0%)            0M (0%)     
[2026-04-03T06:28:57.685+0600][1.999s][info][gc,heap     ] GC(0) O: Reclaimed:         -                  -                 0M (0%)            0M (0%)     
[2026-04-03T06:28:57.685+0600][1.999s][info][gc,heap     ] GC(0) O: Compacted:         -                  -                  -                 0M (0%)     
[2026-04-03T06:28:57.685+0600][1.999s][info][gc,phases   ] GC(0) O: Old Generation 106M(3%)->116M(3%) 0.032s
[2026-04-03T06:28:57.685+0600][1.999s][info][gc          ] GC(0) Major Collection (Warmup) 358M(9%)->116M(3%) 0.134s
[2026-04-03T06:28:58.632+0600][2.945s][info][gc          ] GC(1) Major Collection (Warmup)
[2026-04-03T06:28:58.632+0600][2.945s][info][gc,task     ] GC(1) Using 3 Workers for Young Generation
[2026-04-03T06:28:58.632+0600][2.945s][info][gc,task     ] GC(1) Using 1 Workers for Old Generation
[2026-04-03T06:28:58.632+0600][2.945s][info][gc,phases   ] GC(1) Y: Young Generation
[2026-04-03T06:28:58.632+0600][2.946s][info][gc,phases   ] GC(1) Y: Pause Mark Start (Major) 0.026ms
[2026-04-03T06:28:58.792+0600][3.106s][info][gc,phases   ] GC(1) Y: Concurrent Mark 160.114ms
[2026-04-03T06:28:58.793+0600][3.106s][info][gc,phases   ] GC(1) Y: Pause Mark End 0.029ms
[2026-04-03T06:28:58.793+0600][3.106s][info][gc,phases   ] GC(1) Y: Concurrent Mark Free 0.002ms
[2026-04-03T06:28:58.793+0600][3.106s][info][gc,phases   ] GC(1) Y: Concurrent Reset Relocation Set 0.030ms
[2026-04-03T06:28:58.796+0600][3.109s][info][gc,reloc    ] GC(1) Y: Using tenuring threshold: 2 (Computed)
[2026-04-03T06:28:58.801+0600][3.114s][info][gc,phases   ] GC(1) Y: Concurrent Select Relocation Set 8.000ms
[2026-04-03T06:28:58.801+0600][3.114s][info][gc,phases   ] GC(1) Y: Pause Relocate Start 0.023ms
[2026-04-03T06:28:58.852+0600][3.166s][info][gc,phases   ] GC(1) Y: Concurrent Relocate 51.002ms
[2026-04-03T06:28:58.852+0600][3.166s][info][gc,alloc    ] GC(1) Y:                         Mark Start        Mark End      Relocate Start    Relocate End   
[2026-04-03T06:28:58.852+0600][3.166s][info][gc,alloc    ] GC(1) Y: Allocation Stalls:          0                0                0                0         
[2026-04-03T06:28:58.852+0600][3.166s][info][gc,load     ] GC(1) Y: Load: 2.73 (23%) / 4.23 (35%) / 3.46 (29%)
[2026-04-03T06:28:58.852+0600][3.166s][info][gc,mmu      ] GC(1) Y: MMU: 2ms/98.2%, 5ms/99.3%, 10ms/99.5%, 20ms/99.7%, 50ms/99.9%, 100ms/99.9%
[2026-04-03T06:28:58.852+0600][3.166s][info][gc,marking  ] GC(1) Y: Mark: 2 stripe(s), 10 proactive flush(es), 1 terminate flush(es), 0 completion(s), 0 continuation(s) 
[2026-04-03T06:28:58.852+0600][3.166s][info][gc,marking  ] GC(1) Y: Mark Stack Usage: 32M
[2026-04-03T06:28:58.852+0600][3.166s][info][gc,nmethod  ] GC(1) Y: NMethods: 1613 registered, 477 unregistered
[2026-04-03T06:28:58.852+0600][3.166s][info][gc,metaspace] GC(1) Y: Metaspace: 8M used, 8M committed, 1088M reserved
[2026-04-03T06:28:58.852+0600][3.166s][info][gc,reloc    ] GC(1) Y:                        Candidates     Selected     In-Place         Size        Empty    Relocated 
[2026-04-03T06:28:58.852+0600][3.166s][info][gc,reloc    ] GC(1) Y: Small Pages:                  338          301            0         676M           2M          37M 
[2026-04-03T06:28:58.852+0600][3.166s][info][gc,reloc    ] GC(1) Y: Medium Pages:                   1            0            0          32M           0M           0M 
[2026-04-03T06:28:58.852+0600][3.166s][info][gc,reloc    ] GC(1) Y: Large Pages:                    0            0            0           0M           0M           0M 
[2026-04-03T06:28:58.852+0600][3.166s][info][gc,reloc    ] GC(1) Y: Forwarding Usage: 19M
[2026-04-03T06:28:58.852+0600][3.166s][info][gc,reloc    ] GC(1) Y: Age Table:
[2026-04-03T06:28:58.852+0600][3.166s][info][gc,reloc    ] GC(1) Y:                    Live             Garbage             Small              Medium             Large        
[2026-04-03T06:28:58.852+0600][3.166s][info][gc,reloc    ] GC(1) Y: Eden              41M (1%)          598M (15%)        320 / 298            0 / 0              0 / 0        
[2026-04-03T06:28:58.852+0600][3.166s][info][gc,reloc    ] GC(1) Y: Survivor 1        26M (1%)           41M (1%)          18 / 3              1 / 0              0 / 0        
[2026-04-03T06:28:58.852+0600][3.166s][info][gc,heap     ] GC(1) Y: Min Capacity: 8M(0%)
[2026-04-03T06:28:58.852+0600][3.166s][info][gc,heap     ] GC(1) Y: Max Capacity: 3922M(100%)
[2026-04-03T06:28:58.852+0600][3.166s][info][gc,heap     ] GC(1) Y: Soft Max Capacity: 3529M(90%)
[2026-04-03T06:28:58.852+0600][3.166s][info][gc,heap     ] GC(1) Y: Heap Statistics:
[2026-04-03T06:28:58.852+0600][3.166s][info][gc,heap     ] GC(1) Y:                Mark Start          Mark End        Relocate Start      Relocate End           High               Low         
[2026-04-03T06:28:58.853+0600][3.166s][info][gc,heap     ] GC(1) Y:  Capacity:      708M (18%)         766M (20%)         768M (20%)         778M (20%)         778M (20%)         708M (18%)    
[2026-04-03T06:28:58.853+0600][3.166s][info][gc,heap     ] GC(1) Y:      Free:     3214M (82%)        3156M (80%)        3156M (80%)        3728M (95%)        3728M (95%)        3144M (80%)    
[2026-04-03T06:28:58.853+0600][3.166s][info][gc,heap     ] GC(1) Y:      Used:      708M (18%)         766M (20%)         766M (20%)         194M (5%)          778M (20%)         194M (5%)     
[2026-04-03T06:28:58.853+0600][3.166s][info][gc,heap     ] GC(1) Y: Young Generation Statistics:
[2026-04-03T06:28:58.853+0600][3.166s][info][gc,heap     ] GC(1) Y:                Mark Start          Mark End        Relocate Start      Relocate End    
[2026-04-03T06:28:58.853+0600][3.166s][info][gc,heap     ] GC(1) Y:      Used:      708M (18%)         766M (20%)         766M (20%)         194M (5%)     
[2026-04-03T06:28:58.853+0600][3.166s][info][gc,heap     ] GC(1) Y:      Live:         -                67M (2%)           67M (2%)           67M (2%)     
[2026-04-03T06:28:58.853+0600][3.166s][info][gc,heap     ] GC(1) Y:   Garbage:         -               640M (16%)         638M (16%)          29M (1%)     
[2026-04-03T06:28:58.853+0600][3.166s][info][gc,heap     ] GC(1) Y: Allocated:         -                58M (1%)           60M (2%)           97M (2%)     
[2026-04-03T06:28:58.853+0600][3.166s][info][gc,heap     ] GC(1) Y: Reclaimed:         -                  -                 2M (0%)          611M (16%)    
[2026-04-03T06:28:58.853+0600][3.166s][info][gc,heap     ] GC(1) Y:  Promoted:         -                  -                 0M (0%)            0M (0%)     
[2026-04-03T06:28:58.853+0600][3.166s][info][gc,heap     ] GC(1) Y: Compacted:         -                  -                  -                42M (1%)     
[2026-04-03T06:28:58.853+0600][3.166s][info][gc,phases   ] GC(1) Y: Young Generation 708M(18%)->194M(5%) 0.220s
[2026-04-03T06:28:58.853+0600][3.166s][info][gc,phases   ] GC(1) O: Old Generation
[2026-04-03T06:28:58.854+0600][3.167s][info][gc,phases   ] GC(1) O: Concurrent Mark 1.225ms
[2026-04-03T06:28:58.854+0600][3.167s][info][gc,phases   ] GC(1) O: Pause Mark End 0.023ms
[2026-04-03T06:28:58.854+0600][3.168s][info][gc,phases   ] GC(1) O: Concurrent Mark Free 0.002ms
[2026-04-03T06:28:58.861+0600][3.174s][info][gc,phases   ] GC(1) O: Concurrent Process Non-Strong 6.368ms
[2026-04-03T06:28:58.861+0600][3.174s][info][gc,phases   ] GC(1) O: Concurrent Reset Relocation Set 0.001ms
[2026-04-03T06:28:58.863+0600][3.176s][info][gc,phases   ] GC(1) O: Concurrent Select Relocation Set 2.275ms
[2026-04-03T06:28:58.863+0600][3.176s][info][gc,task     ] GC(1) O: Using 3 Workers for Old Generation
[2026-04-03T06:28:58.878+0600][3.191s][info][gc,task     ] GC(1) O: Using 1 Workers for Old Generation
[2026-04-03T06:28:58.878+0600][3.191s][info][gc,phases   ] GC(1) O: Concurrent Remap Roots 14.696ms
[2026-04-03T06:28:58.878+0600][3.191s][info][gc,phases   ] GC(1) O: Pause Relocate Start 0.052ms
[2026-04-03T06:28:58.879+0600][3.193s][info][gc,phases   ] GC(1) O: Concurrent Relocate 1.181ms
[2026-04-03T06:28:58.879+0600][3.193s][info][gc,alloc    ] GC(1) O:                         Mark Start        Mark End      Relocate Start    Relocate End   
[2026-04-03T06:28:58.880+0600][3.193s][info][gc,alloc    ] GC(1) O: Allocation Stalls:          0                0                0                0         
[2026-04-03T06:28:58.880+0600][3.193s][info][gc,load     ] GC(1) O: Load: 2.73 (23%) / 4.23 (35%) / 3.46 (29%)
[2026-04-03T06:28:58.880+0600][3.193s][info][gc,mmu      ] GC(1) O: MMU: 2ms/97.4%, 5ms/99.0%, 10ms/99.5%, 20ms/99.7%, 50ms/99.8%, 100ms/99.9%
[2026-04-03T06:28:58.880+0600][3.193s][info][gc,marking  ] GC(1) O: Mark: 1 stripe(s), 1 proactive flush(es), 1 terminate flush(es), 0 completion(s), 0 continuation(s) 
[2026-04-03T06:28:58.880+0600][3.193s][info][gc,marking  ] GC(1) O: Mark Stack Usage: 0M
[2026-04-03T06:28:58.880+0600][3.193s][info][gc,nmethod  ] GC(1) O: NMethods: 1564 registered, 535 unregistered
[2026-04-03T06:28:58.880+0600][3.193s][info][gc,metaspace] GC(1) O: Metaspace: 8M used, 8M committed, 1088M reserved
[2026-04-03T06:28:58.880+0600][3.193s][info][gc,ref      ] GC(1) O:                       Encountered   Discovered     Enqueued 
[2026-04-03T06:28:58.880+0600][3.193s][info][gc,ref      ] GC(1) O: Soft References:              223            0            0 
[2026-04-03T06:28:58.880+0600][3.193s][info][gc,ref      ] GC(1) O: Weak References:              610            0            0 
[2026-04-03T06:28:58.880+0600][3.193s][info][gc,ref      ] GC(1) O: Final References:               3            0            0 
[2026-04-03T06:28:58.880+0600][3.193s][info][gc,ref      ] GC(1) O: Phantom References:            49            0            0 
[2026-04-03T06:28:58.880+0600][3.193s][info][gc,heap     ] GC(1) O: Min Capacity: 8M(0%)
[2026-04-03T06:28:58.880+0600][3.193s][info][gc,heap     ] GC(1) O: Max Capacity: 3922M(100%)
[2026-04-03T06:28:58.880+0600][3.193s][info][gc,heap     ] GC(1) O: Soft Max Capacity: 3529M(90%)
[2026-04-03T06:28:58.880+0600][3.193s][info][gc,heap     ] GC(1) O: Heap Statistics:
[2026-04-03T06:28:58.880+0600][3.193s][info][gc,heap     ] GC(1) O:                Mark Start          Mark End        Relocate Start      Relocate End           High               Low         
[2026-04-03T06:28:58.880+0600][3.193s][info][gc,heap     ] GC(1) O:  Capacity:      708M (18%)         778M (20%)         778M (20%)         778M (20%)         778M (20%)         708M (18%)    
[2026-04-03T06:28:58.880+0600][3.193s][info][gc,heap     ] GC(1) O:      Free:     3214M (82%)        3726M (95%)        3710M (95%)        3708M (95%)        3728M (95%)        3144M (80%)    
[2026-04-03T06:28:58.880+0600][3.193s][info][gc,heap     ] GC(1) O:      Used:      708M (18%)         196M (5%)          212M (5%)          214M (5%)          778M (20%)         194M (5%)     
[2026-04-03T06:28:58.880+0600][3.193s][info][gc,heap     ] GC(1) O: Old Generation Statistics:
[2026-04-03T06:28:58.880+0600][3.193s][info][gc,heap     ] GC(1) O:                Mark Start          Mark End        Relocate Start      Relocate End    
[2026-04-03T06:28:58.880+0600][3.193s][info][gc,heap     ] GC(1) O:      Used:        0M (0%)            0M (0%)            0M (0%)            0M (0%)     
[2026-04-03T06:28:58.880+0600][3.193s][info][gc,heap     ] GC(1) O:      Live:         -                 0M (0%)            0M (0%)            0M (0%)     
[2026-04-03T06:28:58.880+0600][3.193s][info][gc,heap     ] GC(1) O:   Garbage:         -                 0M (0%)            0M (0%)            0M (0%)     
[2026-04-03T06:28:58.880+0600][3.193s][info][gc,heap     ] GC(1) O: Allocated:         -                 0M (0%)            0M (0%)            0M (0%)     
[2026-04-03T06:28:58.880+0600][3.193s][info][gc,heap     ] GC(1) O: Reclaimed:         -                  -                 0M (0%)            0M (0%)     
[2026-04-03T06:28:58.880+0600][3.193s][info][gc,heap     ] GC(1) O: Compacted:         -                  -                  -                 0M (0%)     
[2026-04-03T06:28:58.880+0600][3.193s][info][gc,phases   ] GC(1) O: Old Generation 194M(5%)->214M(5%) 0.027s
[2026-04-03T06:28:58.880+0600][3.193s][info][gc          ] GC(1) Major Collection (Warmup) 708M(18%)->214M(5%) 0.248s
[2026-04-03T06:28:59.893+0600][4.207s][info][gc          ] GC(2) Major Collection (Warmup)
[2026-04-03T06:28:59.893+0600][4.207s][info][gc,task     ] GC(2) Using 3 Workers for Young Generation
[2026-04-03T06:28:59.893+0600][4.207s][info][gc,task     ] GC(2) Using 1 Workers for Old Generation
[2026-04-03T06:28:59.893+0600][4.207s][info][gc,phases   ] GC(2) Y: Young Generation
[2026-04-03T06:28:59.893+0600][4.207s][info][gc,phases   ] GC(2) Y: Pause Mark Start (Major) 0.019ms
[2026-04-03T06:29:00.487+0600][4.801s][info][gc,phases   ] GC(2) Y: Concurrent Mark 593.892ms
[2026-04-03T06:29:00.488+0600][4.801s][info][gc,phases   ] GC(2) Y: Pause Mark End 0.025ms
[2026-04-03T06:29:00.488+0600][4.801s][info][gc,phases   ] GC(2) Y: Concurrent Mark Free 0.001ms
[2026-04-03T06:29:00.488+0600][4.801s][info][gc,phases   ] GC(2) Y: Concurrent Reset Relocation Set 0.031ms
[2026-04-03T06:29:00.489+0600][4.802s][info][gc,reloc    ] GC(2) Y: Using tenuring threshold: 3 (Computed)
[2026-04-03T06:29:00.493+0600][4.806s][info][gc,phases   ] GC(2) Y: Concurrent Select Relocation Set 5.016ms
[2026-04-03T06:29:00.493+0600][4.806s][info][gc,phases   ] GC(2) Y: Pause Relocate Start 0.013ms
[2026-04-03T06:29:00.555+0600][4.868s][info][gc,phases   ] GC(2) Y: Concurrent Relocate 61.521ms
[2026-04-03T06:29:00.555+0600][4.868s][info][gc,alloc    ] GC(2) Y:                         Mark Start        Mark End      Relocate Start    Relocate End   
[2026-04-03T06:29:00.555+0600][4.868s][info][gc,alloc    ] GC(2) Y: Allocation Stalls:          0                0                0                0         
[2026-04-03T06:29:00.555+0600][4.868s][info][gc,load     ] GC(2) Y: Load: 2.73 (23%) / 4.23 (35%) / 3.46 (29%)
[2026-04-03T06:29:00.555+0600][4.868s][info][gc,mmu      ] GC(2) Y: MMU: 2ms/97.4%, 5ms/99.0%, 10ms/99.5%, 20ms/99.7%, 50ms/99.8%, 100ms/99.9%
[2026-04-03T06:29:00.555+0600][4.868s][info][gc,marking  ] GC(2) Y: Mark: 2 stripe(s), 10 proactive flush(es), 1 terminate flush(es), 0 completion(s), 0 continuation(s) 
[2026-04-03T06:29:00.555+0600][4.868s][info][gc,marking  ] GC(2) Y: Mark Stack Usage: 32M
[2026-04-03T06:29:00.555+0600][4.868s][info][gc,nmethod  ] GC(2) Y: NMethods: 1623 registered, 535 unregistered
[2026-04-03T06:29:00.555+0600][4.868s][info][gc,metaspace] GC(2) Y: Metaspace: 8M used, 8M committed, 1088M reserved
[2026-04-03T06:29:00.555+0600][4.868s][info][gc,reloc    ] GC(2) Y:                        Candidates     Selected     In-Place         Size        Empty    Relocated 
[2026-04-03T06:29:00.555+0600][4.868s][info][gc,reloc    ] GC(2) Y: Small Pages:                  514          448            0        1028M           0M          53M 
[2026-04-03T06:29:00.555+0600][4.868s][info][gc,reloc    ] GC(2) Y: Medium Pages:                   1            0            0          32M           0M           0M 
[2026-04-03T06:29:00.555+0600][4.868s][info][gc,reloc    ] GC(2) Y: Large Pages:                    0            0            0           0M           0M           0M 
[2026-04-03T06:29:00.555+0600][4.868s][info][gc,reloc    ] GC(2) Y: Forwarding Usage: 26M
[2026-04-03T06:29:00.555+0600][4.868s][info][gc,reloc    ] GC(2) Y: Age Table:
[2026-04-03T06:29:00.555+0600][4.868s][info][gc,reloc    ] GC(2) Y:                    Live             Garbage             Small              Medium             Large        
[2026-04-03T06:29:00.555+0600][4.868s][info][gc,reloc    ] GC(2) Y: Eden              56M (1%)          895M (23%)        476 / 443            0 / 0              0 / 0        
[2026-04-03T06:29:00.555+0600][4.868s][info][gc,reloc    ] GC(2) Y: Survivor 1        39M (1%)            6M (0%)          23 / 2              0 / 0              0 / 0        
[2026-04-03T06:29:00.555+0600][4.868s][info][gc,reloc    ] GC(2) Y: Survivor 2        26M (1%)           35M (1%)          15 / 3              1 / 0              0 / 0        
[2026-04-03T06:29:00.555+0600][4.868s][info][gc,heap     ] GC(2) Y: Min Capacity: 8M(0%)
[2026-04-03T06:29:00.555+0600][4.868s][info][gc,heap     ] GC(2) Y: Max Capacity: 3922M(100%)
[2026-04-03T06:29:00.555+0600][4.868s][info][gc,heap     ] GC(2) Y: Soft Max Capacity: 3529M(90%)
[2026-04-03T06:29:00.555+0600][4.868s][info][gc,heap     ] GC(2) Y: Heap Statistics:
[2026-04-03T06:29:00.555+0600][4.868s][info][gc,heap     ] GC(2) Y:                Mark Start          Mark End        Relocate Start      Relocate End           High               Low         
[2026-04-03T06:29:00.555+0600][4.868s][info][gc,heap     ] GC(2) Y:  Capacity:     1060M (27%)        1326M (34%)        1328M (34%)        1338M (34%)        1338M (34%)        1060M (27%)    
[2026-04-03T06:29:00.555+0600][4.868s][info][gc,heap     ] GC(2) Y:      Free:     2862M (73%)        2596M (66%)        2594M (66%)        3440M (88%)        3442M (88%)        2584M (66%)    
[2026-04-03T06:29:00.555+0600][4.868s][info][gc,heap     ] GC(2) Y:      Used:     1060M (27%)        1326M (34%)        1328M (34%)         482M (12%)        1338M (34%)         480M (12%)    
[2026-04-03T06:29:00.555+0600][4.868s][info][gc,heap     ] GC(2) Y: Young Generation Statistics:
[2026-04-03T06:29:00.555+0600][4.868s][info][gc,heap     ] GC(2) Y:                Mark Start          Mark End        Relocate Start      Relocate End    
[2026-04-03T06:29:00.555+0600][4.868s][info][gc,heap     ] GC(2) Y:      Used:     1060M (27%)        1326M (34%)        1328M (34%)         482M (12%)    
[2026-04-03T06:29:00.555+0600][4.868s][info][gc,heap     ] GC(2) Y:      Live:         -               123M (3%)          123M (3%)          123M (3%)     
[2026-04-03T06:29:00.555+0600][4.868s][info][gc,heap     ] GC(2) Y:   Garbage:         -               936M (24%)         936M (24%)          32M (1%)     
[2026-04-03T06:29:00.555+0600][4.868s][info][gc,heap     ] GC(2) Y: Allocated:         -               266M (7%)          268M (7%)          326M (8%)     
[2026-04-03T06:29:00.555+0600][4.868s][info][gc,heap     ] GC(2) Y: Reclaimed:         -                  -                 0M (0%)          904M (23%)    
[2026-04-03T06:29:00.555+0600][4.868s][info][gc,heap     ] GC(2) Y:  Promoted:         -                  -                 0M (0%)            0M (0%)     
[2026-04-03T06:29:00.555+0600][4.868s][info][gc,heap     ] GC(2) Y: Compacted:         -                  -                  -                59M (2%)     
[2026-04-03T06:29:00.555+0600][4.868s][info][gc,phases   ] GC(2) Y: Young Generation 1060M(27%)->482M(12%) 0.661s
[2026-04-03T06:29:00.555+0600][4.868s][info][gc,phases   ] GC(2) O: Old Generation
[2026-04-03T06:29:00.557+0600][4.870s][info][gc,phases   ] GC(2) O: Concurrent Mark 2.007ms
[2026-04-03T06:29:00.558+0600][4.871s][info][gc,phases   ] GC(2) O: Pause Mark End 0.100ms
[2026-04-03T06:29:00.558+0600][4.871s][info][gc,phases   ] GC(2) O: Concurrent Mark Free 0.004ms
[2026-04-03T06:29:00.567+0600][4.880s][info][gc,phases   ] GC(2) O: Concurrent Process Non-Strong 8.855ms
[2026-04-03T06:29:00.567+0600][4.880s][info][gc,phases   ] GC(2) O: Concurrent Reset Relocation Set 0.001ms
[2026-04-03T06:29:00.569+0600][4.882s][info][gc,phases   ] GC(2) O: Concurrent Select Relocation Set 2.014ms
[2026-04-03T06:29:00.569+0600][4.882s][info][gc,task     ] GC(2) O: Using 3 Workers for Old Generation
[2026-04-03T06:29:00.586+0600][4.900s][info][gc,task     ] GC(2) O: Using 1 Workers for Old Generation
[2026-04-03T06:29:00.586+0600][4.900s][info][gc,phases   ] GC(2) O: Concurrent Remap Roots 17.321ms
[2026-04-03T06:29:00.587+0600][4.900s][info][gc,phases   ] GC(2) O: Pause Relocate Start 0.036ms
[2026-04-03T06:29:00.587+0600][4.901s][info][gc,phases   ] GC(2) O: Concurrent Relocate 0.313ms
[2026-04-03T06:29:00.587+0600][4.901s][info][gc,alloc    ] GC(2) O:                         Mark Start        Mark End      Relocate Start    Relocate End   
[2026-04-03T06:29:00.587+0600][4.901s][info][gc,alloc    ] GC(2) O: Allocation Stalls:          0                0                0                0         
[2026-04-03T06:29:00.588+0600][4.901s][info][gc,load     ] GC(2) O: Load: 2.73 (23%) / 4.23 (35%) / 3.46 (29%)
[2026-04-03T06:29:00.588+0600][4.901s][info][gc,mmu      ] GC(2) O: MMU: 2ms/95.0%, 5ms/98.0%, 10ms/99.0%, 20ms/99.5%, 50ms/99.7%, 100ms/99.8%
[2026-04-03T06:29:00.588+0600][4.901s][info][gc,marking  ] GC(2) O: Mark: 1 stripe(s), 1 proactive flush(es), 1 terminate flush(es), 0 completion(s), 0 continuation(s) 
[2026-04-03T06:29:00.588+0600][4.901s][info][gc,marking  ] GC(2) O: Mark Stack Usage: 0M
[2026-04-03T06:29:00.588+0600][4.901s][info][gc,nmethod  ] GC(2) O: NMethods: 1601 registered, 558 unregistered
[2026-04-03T06:29:00.588+0600][4.901s][info][gc,metaspace] GC(2) O: Metaspace: 8M used, 8M committed, 1088M reserved
[2026-04-03T06:29:00.588+0600][4.901s][info][gc,ref      ] GC(2) O:                       Encountered   Discovered     Enqueued 
[2026-04-03T06:29:00.588+0600][4.901s][info][gc,ref      ] GC(2) O: Soft References:              223            0            0 
[2026-04-03T06:29:00.588+0600][4.901s][info][gc,ref      ] GC(2) O: Weak References:              610            0            0 
[2026-04-03T06:29:00.588+0600][4.901s][info][gc,ref      ] GC(2) O: Final References:               3            0            0 
[2026-04-03T06:29:00.588+0600][4.901s][info][gc,ref      ] GC(2) O: Phantom References:            49            0            0 
[2026-04-03T06:29:00.588+0600][4.901s][info][gc,heap     ] GC(2) O: Min Capacity: 8M(0%)
[2026-04-03T06:29:00.588+0600][4.901s][info][gc,heap     ] GC(2) O: Max Capacity: 3922M(100%)
[2026-04-03T06:29:00.588+0600][4.901s][info][gc,heap     ] GC(2) O: Soft Max Capacity: 3529M(90%)
[2026-04-03T06:29:00.588+0600][4.901s][info][gc,heap     ] GC(2) O: Heap Statistics:
[2026-04-03T06:29:00.588+0600][4.901s][info][gc,heap     ] GC(2) O:                Mark Start          Mark End        Relocate Start      Relocate End           High               Low         
[2026-04-03T06:29:00.588+0600][4.901s][info][gc,heap     ] GC(2) O:  Capacity:     1060M (27%)        1338M (34%)        1338M (34%)        1338M (34%)        1338M (34%)        1060M (27%)    
[2026-04-03T06:29:00.588+0600][4.901s][info][gc,heap     ] GC(2) O:      Free:     2862M (73%)        3440M (88%)        3422M (87%)        3422M (87%)        3442M (88%)        2584M (66%)    
[2026-04-03T06:29:00.588+0600][4.901s][info][gc,heap     ] GC(2) O:      Used:     1060M (27%)         482M (12%)         500M (13%)         500M (13%)        1338M (34%)         480M (12%)    
[2026-04-03T06:29:00.588+0600][4.901s][info][gc,heap     ] GC(2) O: Old Generation Statistics:
[2026-04-03T06:29:00.588+0600][4.901s][info][gc,heap     ] GC(2) O:                Mark Start          Mark End        Relocate Start      Relocate End    
[2026-04-03T06:29:00.588+0600][4.901s][info][gc,heap     ] GC(2) O:      Used:        0M (0%)            0M (0%)            0M (0%)            0M (0%)     
[2026-04-03T06:29:00.588+0600][4.901s][info][gc,heap     ] GC(2) O:      Live:         -                 0M (0%)            0M (0%)            0M (0%)     
[2026-04-03T06:29:00.588+0600][4.901s][info][gc,heap     ] GC(2) O:   Garbage:         -                 0M (0%)            0M (0%)            0M (0%)     
[2026-04-03T06:29:00.588+0600][4.901s][info][gc,heap     ] GC(2) O: Allocated:         -                 0M (0%)            0M (0%)            0M (0%)     
[2026-04-03T06:29:00.588+0600][4.901s][info][gc,heap     ] GC(2) O: Reclaimed:         -                  -                 0M (0%)            0M (0%)     
[2026-04-03T06:29:00.588+0600][4.901s][info][gc,heap     ] GC(2) O: Compacted:         -                  -                  -                 0M (0%)     
[2026-04-03T06:29:00.588+0600][4.901s][info][gc,phases   ] GC(2) O: Old Generation 482M(12%)->500M(13%) 0.032s
[2026-04-03T06:29:00.588+0600][4.901s][info][gc          ] GC(2) Major Collection (Warmup) 1060M(27%)->500M(13%) 0.695s
[2026-04-03T06:29:01.344+0600][5.657s][info][gc          ] GC(3) Minor Collection (Allocation Rate)
[2026-04-03T06:29:01.344+0600][5.657s][info][gc,task     ] GC(3) Using 3 Workers for Young Generation
[2026-04-03T06:29:01.344+0600][5.657s][info][gc,phases   ] GC(3) y: Young Generation
[2026-04-03T06:29:01.344+0600][5.657s][info][gc,phases   ] GC(3) y: Pause Mark Start 0.023ms
[2026-04-03T06:29:01.690+0600][6.003s][info][gc,phases   ] GC(3) y: Concurrent Mark 345.336ms
[2026-04-03T06:29:01.690+0600][6.003s][info][gc,phases   ] GC(3) y: Pause Mark End 0.033ms
[2026-04-03T06:29:01.690+0600][6.003s][info][gc,phases   ] GC(3) y: Concurrent Mark Free 0.001ms
[2026-04-03T06:29:01.690+0600][6.003s][info][gc,phases   ] GC(3) y: Concurrent Reset Relocation Set 0.074ms
[2026-04-03T06:29:01.692+0600][6.005s][info][gc,reloc    ] GC(3) y: Using tenuring threshold: 3 (Computed)
[2026-04-03T06:29:01.709+0600][6.022s][info][gc,phases   ] GC(3) y: Concurrent Select Relocation Set 18.748ms
[2026-04-03T06:29:01.709+0600][6.023s][info][gc,phases   ] GC(3) y: Pause Relocate Start 0.031ms
[2026-04-03T06:29:01.788+0600][6.101s][info][gc,phases   ] GC(3) y: Concurrent Relocate 78.227ms
[2026-04-03T06:29:01.788+0600][6.101s][info][gc,alloc    ] GC(3) y:                         Mark Start        Mark End      Relocate Start    Relocate End   
[2026-04-03T06:29:01.788+0600][6.101s][info][gc,alloc    ] GC(3) y: Allocation Stalls:          0                0                0                0         
[2026-04-03T06:29:01.788+0600][6.101s][info][gc,load     ] GC(3) y: Load: 3.00 (25%) / 4.26 (36%) / 3.47 (29%)
[2026-04-03T06:29:01.788+0600][6.101s][info][gc,mmu      ] GC(3) y: MMU: 2ms/95.0%, 5ms/98.0%, 10ms/99.0%, 20ms/99.5%, 50ms/99.7%, 100ms/99.8%
[2026-04-03T06:29:01.788+0600][6.101s][info][gc,marking  ] GC(3) y: Mark: 2 stripe(s), 6 proactive flush(es), 1 terminate flush(es), 0 completion(s), 0 continuation(s) 
[2026-04-03T06:29:01.788+0600][6.101s][info][gc,marking  ] GC(3) y: Mark Stack Usage: 32M
[2026-04-03T06:29:01.788+0600][6.101s][info][gc,nmethod  ] GC(3) y: NMethods: 1627 registered, 558 unregistered
[2026-04-03T06:29:01.788+0600][6.101s][info][gc,metaspace] GC(3) y: Metaspace: 8M used, 8M committed, 1088M reserved
[2026-04-03T06:29:01.788+0600][6.101s][info][gc,reloc    ] GC(3) y:                        Candidates     Selected     In-Place         Size        Empty    Relocated 
[2026-04-03T06:29:01.788+0600][6.101s][info][gc,reloc    ] GC(3) y: Small Pages:                  603          505            0        1206M           2M          57M 
[2026-04-03T06:29:01.788+0600][6.101s][info][gc,reloc    ] GC(3) y: Medium Pages:                   1            0            0          32M           0M           0M 
[2026-04-03T06:29:01.788+0600][6.101s][info][gc,reloc    ] GC(3) y: Large Pages:                    0            0            0           0M           0M           0M 
[2026-04-03T06:29:01.788+0600][6.101s][info][gc,reloc    ] GC(3) y: Forwarding Usage: 29M
[2026-04-03T06:29:01.788+0600][6.101s][info][gc,reloc    ] GC(3) y: Age Table:
[2026-04-03T06:29:01.788+0600][6.101s][info][gc,reloc    ] GC(3) y:                    Live             Garbage             Small              Medium             Large        
[2026-04-03T06:29:01.788+0600][6.101s][info][gc,reloc    ] GC(3) y: Eden              61M (2%)         1006M (26%)        534 / 500            0 / 0              0 / 0        
[2026-04-03T06:29:01.788+0600][6.101s][info][gc,reloc    ] GC(3) y: Survivor 1        55M (1%)            4M (0%)          30 / 1              0 / 0              0 / 0        
[2026-04-03T06:29:01.788+0600][6.101s][info][gc,reloc    ] GC(3) y: Survivor 2        39M (1%)            6M (0%)          23 / 1              0 / 0              0 / 0        
[2026-04-03T06:29:01.788+0600][6.101s][info][gc,reloc    ] GC(3) y: Survivor 3        26M (1%)           37M (1%)          16 / 3              1 / 0              0 / 0        
[2026-04-03T06:29:01.788+0600][6.101s][info][gc,heap     ] GC(3) y: Min Capacity: 8M(0%)
[2026-04-03T06:29:01.788+0600][6.101s][info][gc,heap     ] GC(3) y: Max Capacity: 3922M(100%)
[2026-04-03T06:29:01.788+0600][6.101s][info][gc,heap     ] GC(3) y: Soft Max Capacity: 3529M(90%)
[2026-04-03T06:29:01.788+0600][6.101s][info][gc,heap     ] GC(3) y: Heap Statistics:
[2026-04-03T06:29:01.788+0600][6.101s][info][gc,heap     ] GC(3) y:                Mark Start          Mark End        Relocate Start      Relocate End           High               Low         
[2026-04-03T06:29:01.788+0600][6.101s][info][gc,heap     ] GC(3) y:  Capacity:     1338M (34%)        1428M (36%)        1438M (37%)        1448M (37%)        1448M (37%)        1338M (34%)    
[2026-04-03T06:29:01.788+0600][6.101s][info][gc,heap     ] GC(3) y:      Free:     2684M (68%)        2494M (64%)        2484M (63%)        3452M (88%)        3464M (88%)        2474M (63%)    
[2026-04-03T06:29:01.788+0600][6.101s][info][gc,heap     ] GC(3) y:      Used:     1238M (32%)        1428M (36%)        1438M (37%)         470M (12%)        1448M (37%)         458M (12%)    
[2026-04-03T06:29:01.788+0600][6.101s][info][gc,heap     ] GC(3) y: Young Generation Statistics:
[2026-04-03T06:29:01.788+0600][6.101s][info][gc,heap     ] GC(3) y:                Mark Start          Mark End        Relocate Start      Relocate End    
[2026-04-03T06:29:01.788+0600][6.101s][info][gc,heap     ] GC(3) y:      Used:     1238M (32%)        1428M (36%)        1384M (35%)         410M (10%)    
[2026-04-03T06:29:01.788+0600][6.101s][info][gc,heap     ] GC(3) y:      Live:         -               183M (5%)          158M (4%)          156M (4%)     
[2026-04-03T06:29:01.788+0600][6.101s][info][gc,heap     ] GC(3) y:   Garbage:         -              1054M (27%)        1023M (26%)           4M (0%)     
[2026-04-03T06:29:01.788+0600][6.101s][info][gc,heap     ] GC(3) y: Allocated:         -               190M (5%)          202M (5%)          249M (6%)     
[2026-04-03T06:29:01.788+0600][6.101s][info][gc,heap     ] GC(3) y: Reclaimed:         -                  -                31M (1%)         1050M (27%)    
[2026-04-03T06:29:01.788+0600][6.101s][info][gc,heap     ] GC(3) y:  Promoted:         -                  -                24M (1%)           26M (1%)     
[2026-04-03T06:29:01.788+0600][6.101s][info][gc,heap     ] GC(3) y: Compacted:         -                  -                  -                62M (2%)     
[2026-04-03T06:29:01.788+0600][6.101s][info][gc,phases   ] GC(3) y: Young Generation 1238M(32%)->470M(12%) 0.444s
[2026-04-03T06:29:01.788+0600][6.101s][info][gc          ] GC(3) Minor Collection (Allocation Rate) 1238M(32%)->470M(12%) 0.444s
[2026-04-03T06:29:02.731+0600][7.044s][info][gc          ] GC(4) Major Collection (Allocation Rate)
[2026-04-03T06:29:02.731+0600][7.044s][info][gc,task     ] GC(4) Using 3 Workers for Young Generation
[2026-04-03T06:29:02.731+0600][7.044s][info][gc,task     ] GC(4) Using 1 Workers for Old Generation
[2026-04-03T06:29:02.731+0600][7.045s][info][gc,phases   ] GC(4) Y: Young Generation
[2026-04-03T06:29:02.731+0600][7.045s][info][gc,phases   ] GC(4) Y: Pause Mark Start (Major) 0.021ms
[2026-04-03T06:29:03.205+0600][7.518s][info][gc,phases   ] GC(4) Y: Concurrent Mark 473.326ms
[2026-04-03T06:29:03.205+0600][7.519s][info][gc,phases   ] GC(4) Y: Pause Mark End 0.079ms
[2026-04-03T06:29:03.205+0600][7.519s][info][gc,phases   ] GC(4) Y: Concurrent Mark Free 0.002ms
[2026-04-03T06:29:03.205+0600][7.519s][info][gc,phases   ] GC(4) Y: Concurrent Reset Relocation Set 0.072ms
[2026-04-03T06:29:03.207+0600][7.520s][info][gc,reloc    ] GC(4) Y: Using tenuring threshold: 3 (Computed)
[2026-04-03T06:29:03.222+0600][7.535s][info][gc,phases   ] GC(4) Y: Concurrent Select Relocation Set 16.369ms
[2026-04-03T06:29:03.222+0600][7.535s][info][gc,phases   ] GC(4) Y: Pause Relocate Start 0.023ms
[2026-04-03T06:29:03.327+0600][7.640s][info][gc,phases   ] GC(4) Y: Concurrent Relocate 104.856ms
[2026-04-03T06:29:03.327+0600][7.640s][info][gc,alloc    ] GC(4) Y:                         Mark Start        Mark End      Relocate Start    Relocate End   
[2026-04-03T06:29:03.327+0600][7.640s][info][gc,alloc    ] GC(4) Y: Allocation Stalls:          0                0                0                0         
[2026-04-03T06:29:03.327+0600][7.640s][info][gc,load     ] GC(4) Y: Load: 3.00 (25%) / 4.26 (36%) / 3.47 (29%)
[2026-04-03T06:29:03.327+0600][7.640s][info][gc,mmu      ] GC(4) Y: MMU: 2ms/95.0%, 5ms/98.0%, 10ms/99.0%, 20ms/99.5%, 50ms/99.7%, 100ms/99.8%
[2026-04-03T06:29:03.327+0600][7.640s][info][gc,marking  ] GC(4) Y: Mark: 2 stripe(s), 10 proactive flush(es), 1 terminate flush(es), 0 completion(s), 0 continuation(s) 
[2026-04-03T06:29:03.327+0600][7.640s][info][gc,marking  ] GC(4) Y: Mark Stack Usage: 32M
[2026-04-03T06:29:03.327+0600][7.640s][info][gc,nmethod  ] GC(4) Y: NMethods: 1646 registered, 558 unregistered
[2026-04-03T06:29:03.327+0600][7.640s][info][gc,metaspace] GC(4) Y: Metaspace: 8M used, 8M committed, 1088M reserved
[2026-04-03T06:29:03.327+0600][7.640s][info][gc,reloc    ] GC(4) Y:                        Candidates     Selected     In-Place         Size        Empty    Relocated 
[2026-04-03T06:29:03.327+0600][7.640s][info][gc,reloc    ] GC(4) Y: Small Pages:                  715          594            0        1430M           0M          66M 
[2026-04-03T06:29:03.327+0600][7.640s][info][gc,reloc    ] GC(4) Y: Medium Pages:                   0            0            0           0M           0M           0M 
[2026-04-03T06:29:03.327+0600][7.640s][info][gc,reloc    ] GC(4) Y: Large Pages:                    0            0            0           0M           0M           0M 
[2026-04-03T06:29:03.327+0600][7.640s][info][gc,reloc    ] GC(4) Y: Forwarding Usage: 34M
[2026-04-03T06:29:03.327+0600][7.641s][info][gc,reloc    ] GC(4) Y: Age Table:
[2026-04-03T06:29:03.327+0600][7.641s][info][gc,reloc    ] GC(4) Y:                    Live             Garbage             Small              Medium             Large        
[2026-04-03T06:29:03.327+0600][7.641s][info][gc,reloc    ] GC(4) Y: Eden              71M (2%)         1188M (30%)        630 / 590            0 / 0              0 / 0        
[2026-04-03T06:29:03.327+0600][7.641s][info][gc,reloc    ] GC(4) Y: Survivor 1        60M (2%)            5M (0%)          33 / 2              0 / 0              0 / 0        
[2026-04-03T06:29:03.327+0600][7.641s][info][gc,reloc    ] GC(4) Y: Survivor 2        55M (1%)            4M (0%)          30 / 1              0 / 0              0 / 0        
[2026-04-03T06:29:03.327+0600][7.641s][info][gc,reloc    ] GC(4) Y: Survivor 3        39M (1%)            4M (0%)          22 / 1              0 / 0              0 / 0        
[2026-04-03T06:29:03.327+0600][7.641s][info][gc,heap     ] GC(4) Y: Min Capacity: 8M(0%)
[2026-04-03T06:29:03.327+0600][7.641s][info][gc,heap     ] GC(4) Y: Max Capacity: 3922M(100%)
[2026-04-03T06:29:03.327+0600][7.641s][info][gc,heap     ] GC(4) Y: Soft Max Capacity: 3529M(90%)
[2026-04-03T06:29:03.327+0600][7.641s][info][gc,heap     ] GC(4) Y: Heap Statistics:
[2026-04-03T06:29:03.327+0600][7.641s][info][gc,heap     ] GC(4) Y:                Mark Start          Mark End        Relocate Start      Relocate End           High               Low         
[2026-04-03T06:29:03.327+0600][7.641s][info][gc,heap     ] GC(4) Y:  Capacity:     1490M (38%)        1714M (44%)        1722M (44%)        1730M (44%)        1730M (44%)        1490M (38%)    
[2026-04-03T06:29:03.327+0600][7.641s][info][gc,heap     ] GC(4) Y:      Free:     2432M (62%)        2208M (56%)        2200M (56%)        3308M (84%)        3328M (85%)        2192M (56%)    
[2026-04-03T06:29:03.327+0600][7.641s][info][gc,heap     ] GC(4) Y:      Used:     1490M (38%)        1714M (44%)        1722M (44%)         614M (16%)        1730M (44%)         594M (15%)    
[2026-04-03T06:29:03.327+0600][7.641s][info][gc,heap     ] GC(4) Y: Young Generation Statistics:
[2026-04-03T06:29:03.327+0600][7.641s][info][gc,heap     ] GC(4) Y:                Mark Start          Mark End        Relocate Start      Relocate End    
[2026-04-03T06:29:03.327+0600][7.641s][info][gc,heap     ] GC(4) Y:      Used:     1430M (36%)        1654M (42%)        1622M (41%)         508M (13%)    
[2026-04-03T06:29:03.327+0600][7.641s][info][gc,heap     ] GC(4) Y:      Live:         -               228M (6%)          189M (5%)          188M (5%)     
[2026-04-03T06:29:03.327+0600][7.641s][info][gc,heap     ] GC(4) Y:   Garbage:         -              1201M (31%)        1200M (31%)           1M (0%)     
[2026-04-03T06:29:03.327+0600][7.641s][info][gc,heap     ] GC(4) Y: Allocated:         -               224M (6%)          232M (6%)          318M (8%)     
[2026-04-03T06:29:03.327+0600][7.641s][info][gc,heap     ] GC(4) Y: Reclaimed:         -                  -                 1M (0%)         1200M (31%)    
[2026-04-03T06:29:03.327+0600][7.641s][info][gc,heap     ] GC(4) Y:  Promoted:         -                  -                38M (1%)           39M (1%)     
[2026-04-03T06:29:03.327+0600][7.641s][info][gc,heap     ] GC(4) Y: Compacted:         -                  -                  -                73M (2%)     
[2026-04-03T06:29:03.328+0600][7.641s][info][gc,phases   ] GC(4) Y: Young Generation 1490M(38%)->614M(16%) 0.596s
[2026-04-03T06:29:03.328+0600][7.641s][info][gc,phases   ] GC(4) O: Old Generation
[2026-04-03T06:29:03.403+0600][7.716s][info][gc,phases   ] GC(4) O: Concurrent Mark 75.555ms
[2026-04-03T06:29:03.403+0600][7.717s][info][gc,phases   ] GC(4) O: Pause Mark End 0.032ms
[2026-04-03T06:29:03.404+0600][7.717s][info][gc,phases   ] GC(4) O: Concurrent Mark Free 0.002ms
[2026-04-03T06:29:03.409+0600][7.722s][info][gc,phases   ] GC(4) O: Concurrent Process Non-Strong 5.120ms
[2026-04-03T06:29:03.409+0600][7.722s][info][gc,phases   ] GC(4) O: Concurrent Reset Relocation Set 0.001ms
[2026-04-03T06:29:03.411+0600][7.724s][info][gc,phases   ] GC(4) O: Concurrent Select Relocation Set 1.892ms
[2026-04-03T06:29:03.411+0600][7.724s][info][gc,task     ] GC(4) O: Using 3 Workers for Old Generation
[2026-04-03T06:29:03.426+0600][7.739s][info][gc,task     ] GC(4) O: Using 1 Workers for Old Generation
[2026-04-03T06:29:03.426+0600][7.739s][info][gc,phases   ] GC(4) O: Concurrent Remap Roots 15.139ms
[2026-04-03T06:29:03.426+0600][7.740s][info][gc,phases   ] GC(4) O: Pause Relocate Start 0.028ms
[2026-04-03T06:29:03.429+0600][7.742s][info][gc,phases   ] GC(4) O: Concurrent Relocate 1.952ms
[2026-04-03T06:29:03.429+0600][7.742s][info][gc,alloc    ] GC(4) O:                         Mark Start        Mark End      Relocate Start    Relocate End   
[2026-04-03T06:29:03.429+0600][7.742s][info][gc,alloc    ] GC(4) O: Allocation Stalls:          0                0                0                0         
[2026-04-03T06:29:03.429+0600][7.742s][info][gc,load     ] GC(4) O: Load: 3.00 (25%) / 4.26 (36%) / 3.47 (29%)
[2026-04-03T06:29:03.429+0600][7.742s][info][gc,mmu      ] GC(4) O: MMU: 2ms/95.0%, 5ms/98.0%, 10ms/99.0%, 20ms/99.5%, 50ms/99.7%, 100ms/99.8%
[2026-04-03T06:29:03.429+0600][7.742s][info][gc,marking  ] GC(4) O: Mark: 1 stripe(s), 2 proactive flush(es), 1 terminate flush(es), 0 completion(s), 0 continuation(s) 
[2026-04-03T06:29:03.429+0600][7.742s][info][gc,marking  ] GC(4) O: Mark Stack Usage: 32M
[2026-04-03T06:29:03.429+0600][7.742s][info][gc,nmethod  ] GC(4) O: NMethods: 1632 registered, 574 unregistered
[2026-04-03T06:29:03.429+0600][7.742s][info][gc,metaspace] GC(4) O: Metaspace: 8M used, 8M committed, 1088M reserved
[2026-04-03T06:29:03.429+0600][7.742s][info][gc,ref      ] GC(4) O:                       Encountered   Discovered     Enqueued 
[2026-04-03T06:29:03.429+0600][7.742s][info][gc,ref      ] GC(4) O: Soft References:              221            0            0 
[2026-04-03T06:29:03.429+0600][7.742s][info][gc,ref      ] GC(4) O: Weak References:              610          474          147 
[2026-04-03T06:29:03.429+0600][7.742s][info][gc,ref      ] GC(4) O: Final References:               3            1            0 
[2026-04-03T06:29:03.429+0600][7.742s][info][gc,ref      ] GC(4) O: Phantom References:            49           37            3 
[2026-04-03T06:29:03.429+0600][7.742s][info][gc,reloc    ] GC(4) O:                        Candidates     Selected     In-Place         Size        Empty    Relocated 
[2026-04-03T06:29:03.429+0600][7.742s][info][gc,reloc    ] GC(4) O: Small Pages:                   14            1            0          28M           0M           0M 
[2026-04-03T06:29:03.429+0600][7.742s][info][gc,reloc    ] GC(4) O: Medium Pages:                   1            0            0          32M           0M           0M 
[2026-04-03T06:29:03.429+0600][7.742s][info][gc,reloc    ] GC(4) O: Large Pages:                    0            0            0           0M           0M           0M 
[2026-04-03T06:29:03.429+0600][7.742s][info][gc,reloc    ] GC(4) O: Forwarding Usage: 0M
[2026-04-03T06:29:03.429+0600][7.742s][info][gc,heap     ] GC(4) O: Min Capacity: 8M(0%)
[2026-04-03T06:29:03.429+0600][7.742s][info][gc,heap     ] GC(4) O: Max Capacity: 3922M(100%)
[2026-04-03T06:29:03.429+0600][7.742s][info][gc,heap     ] GC(4) O: Soft Max Capacity: 3529M(90%)
[2026-04-03T06:29:03.429+0600][7.742s][info][gc,heap     ] GC(4) O: Heap Statistics:
[2026-04-03T06:29:03.429+0600][7.742s][info][gc,heap     ] GC(4) O:                Mark Start          Mark End        Relocate Start      Relocate End           High               Low         
[2026-04-03T06:29:03.429+0600][7.742s][info][gc,heap     ] GC(4) O:  Capacity:     1490M (38%)        1730M (44%)        1730M (44%)        1730M (44%)        1730M (44%)        1490M (38%)    
[2026-04-03T06:29:03.429+0600][7.742s][info][gc,heap     ] GC(4) O:      Free:     2432M (62%)        3232M (82%)        3210M (82%)        3212M (82%)        3328M (85%)        2192M (56%)    
[2026-04-03T06:29:03.429+0600][7.742s][info][gc,heap     ] GC(4) O:      Used:     1490M (38%)         690M (18%)         712M (18%)         710M (18%)        1730M (44%)         594M (15%)    
[2026-04-03T06:29:03.429+0600][7.742s][info][gc,heap     ] GC(4) O: Old Generation Statistics:
[2026-04-03T06:29:03.429+0600][7.742s][info][gc,heap     ] GC(4) O:                Mark Start          Mark End        Relocate Start      Relocate End    
[2026-04-03T06:29:03.429+0600][7.742s][info][gc,heap     ] GC(4) O:      Used:       60M (2%)          106M (3%)          106M (3%)          104M (3%)     
[2026-04-03T06:29:03.429+0600][7.742s][info][gc,heap     ] GC(4) O:      Live:         -                26M (1%)           26M (1%)           26M (1%)     
[2026-04-03T06:29:03.429+0600][7.742s][info][gc,heap     ] GC(4) O:   Garbage:         -                33M (1%)           33M (1%)           30M (1%)     
[2026-04-03T06:29:03.429+0600][7.742s][info][gc,heap     ] GC(4) O: Allocated:         -                46M (1%)           46M (1%)           47M (1%)     
[2026-04-03T06:29:03.429+0600][7.742s][info][gc,heap     ] GC(4) O: Reclaimed:         -                  -                 0M (0%)            3M (0%)     
[2026-04-03T06:29:03.429+0600][7.742s][info][gc,heap     ] GC(4) O: Compacted:         -                  -                  -                 0M (0%)     
[2026-04-03T06:29:03.429+0600][7.742s][info][gc,phases   ] GC(4) O: Old Generation 614M(16%)->710M(18%) 0.101s
[2026-04-03T06:29:03.429+0600][7.742s][info][gc          ] GC(4) Major Collection (Allocation Rate) 1490M(38%)->710M(18%) 0.698s
[2026-04-03T06:29:04.950+0600][9.263s][info][gc          ] GC(5) Minor Collection (Allocation Rate)
[2026-04-03T06:29:04.950+0600][9.263s][info][gc,task     ] GC(5) Using 3 Workers for Young Generation
[2026-04-03T06:29:04.950+0600][9.263s][info][gc,phases   ] GC(5) y: Young Generation
[2026-04-03T06:29:04.950+0600][9.263s][info][gc,phases   ] GC(5) y: Pause Mark Start 0.024ms
[2026-04-03T06:29:05.328+0600][9.641s][info][gc,phases   ] GC(5) y: Concurrent Mark 378.063ms
[2026-04-03T06:29:05.329+0600][9.642s][info][gc,phases   ] GC(5) y: Pause Mark End 0.091ms
[2026-04-03T06:29:05.329+0600][9.642s][info][gc,phases   ] GC(5) y: Concurrent Mark Free 0.003ms
[2026-04-03T06:29:05.329+0600][9.642s][info][gc,phases   ] GC(5) y: Concurrent Reset Relocation Set 0.107ms
[2026-04-03T06:29:05.331+0600][9.644s][info][gc,reloc    ] GC(5) y: Using tenuring threshold: 3 (Computed)
[2026-04-03T06:29:05.350+0600][9.664s][info][gc,phases   ] GC(5) y: Concurrent Select Relocation Set 21.459ms
[2026-04-03T06:29:05.351+0600][9.664s][info][gc,phases   ] GC(5) y: Pause Relocate Start 0.025ms
[2026-04-03T06:29:05.458+0600][9.771s][info][gc,phases   ] GC(5) y: Concurrent Relocate 106.928ms
[2026-04-03T06:29:05.458+0600][9.771s][info][gc,alloc    ] GC(5) y:                         Mark Start        Mark End      Relocate Start    Relocate End   
[2026-04-03T06:29:05.458+0600][9.771s][info][gc,alloc    ] GC(5) y: Allocation Stalls:          0                0                0                0         
[2026-04-03T06:29:05.458+0600][9.771s][info][gc,load     ] GC(5) y: Load: 3.00 (25%) / 4.26 (36%) / 3.47 (29%)
[2026-04-03T06:29:05.458+0600][9.771s][info][gc,mmu      ] GC(5) y: MMU: 2ms/95.0%, 5ms/98.0%, 10ms/99.0%, 20ms/99.5%, 50ms/99.7%, 100ms/99.8%
[2026-04-03T06:29:05.458+0600][9.771s][info][gc,marking  ] GC(5) y: Mark: 2 stripe(s), 3 proactive flush(es), 1 terminate flush(es), 0 completion(s), 0 continuation(s) 
[2026-04-03T06:29:05.458+0600][9.771s][info][gc,marking  ] GC(5) y: Mark Stack Usage: 32M
[2026-04-03T06:29:05.458+0600][9.771s][info][gc,nmethod  ] GC(5) y: NMethods: 1811 registered, 574 unregistered
[2026-04-03T06:29:05.458+0600][9.771s][info][gc,metaspace] GC(5) y: Metaspace: 8M used, 8M committed, 1088M reserved
[2026-04-03T06:29:05.458+0600][9.771s][info][gc,reloc    ] GC(5) y:                        Candidates     Selected     In-Place         Size        Empty    Relocated 
[2026-04-03T06:29:05.458+0600][9.772s][info][gc,reloc    ] GC(5) y: Small Pages:                  929          801            0        1858M           2M          51M 
[2026-04-03T06:29:05.458+0600][9.772s][info][gc,reloc    ] GC(5) y: Medium Pages:                   1            0            0          32M           0M           0M 
[2026-04-03T06:29:05.458+0600][9.772s][info][gc,reloc    ] GC(5) y: Large Pages:                    0            0            0           0M           0M           0M 
[2026-04-03T06:29:05.458+0600][9.772s][info][gc,reloc    ] GC(5) y: Forwarding Usage: 27M
[2026-04-03T06:29:05.458+0600][9.772s][info][gc,reloc    ] GC(5) y: Age Table:
[2026-04-03T06:29:05.458+0600][9.772s][info][gc,reloc    ] GC(5) y:                    Live             Garbage             Small              Medium             Large        
[2026-04-03T06:29:05.458+0600][9.772s][info][gc,reloc    ] GC(5) y: Eden              54M (1%)         1633M (42%)        828 / 797            1 / 0              0 / 0        
[2026-04-03T06:29:05.458+0600][9.772s][info][gc,reloc    ] GC(5) y: Survivor 1        70M (2%)            5M (0%)          38 / 1              0 / 0              0 / 0        
[2026-04-03T06:29:05.458+0600][9.772s][info][gc,reloc    ] GC(5) y: Survivor 2        60M (2%)            5M (0%)          33 / 2              0 / 0              0 / 0        
[2026-04-03T06:29:05.458+0600][9.772s][info][gc,reloc    ] GC(5) y: Survivor 3        55M (1%)            4M (0%)          30 / 1              0 / 0              0 / 0        
[2026-04-03T06:29:05.458+0600][9.772s][info][gc,heap     ] GC(5) y: Min Capacity: 8M(0%)
[2026-04-03T06:29:05.458+0600][9.772s][info][gc,heap     ] GC(5) y: Max Capacity: 3922M(100%)
[2026-04-03T06:29:05.458+0600][9.772s][info][gc,heap     ] GC(5) y: Soft Max Capacity: 3529M(90%)
[2026-04-03T06:29:05.458+0600][9.772s][info][gc,heap     ] GC(5) y: Heap Statistics:
[2026-04-03T06:29:05.458+0600][9.772s][info][gc,heap     ] GC(5) y:                Mark Start          Mark End        Relocate Start      Relocate End           High               Low         
[2026-04-03T06:29:05.458+0600][9.772s][info][gc,heap     ] GC(5) y:  Capacity:     1994M (51%)        2190M (56%)        2198M (56%)        2206M (56%)        2206M (56%)        1994M (51%)    
[2026-04-03T06:29:05.458+0600][9.772s][info][gc,heap     ] GC(5) y:      Free:     1928M (49%)        1732M (44%)        1724M (44%)        3262M (83%)        3286M (84%)        1716M (44%)    
[2026-04-03T06:29:05.458+0600][9.772s][info][gc,heap     ] GC(5) y:      Used:     1994M (51%)        2190M (56%)        2198M (56%)         660M (17%)        2206M (56%)         636M (16%)    
[2026-04-03T06:29:05.458+0600][9.772s][info][gc,heap     ] GC(5) y: Young Generation Statistics:
[2026-04-03T06:29:05.458+0600][9.772s][info][gc,heap     ] GC(5) y:                Mark Start          Mark End        Relocate Start      Relocate End    
[2026-04-03T06:29:05.458+0600][9.772s][info][gc,heap     ] GC(5) y:      Used:     1890M (48%)        2086M (53%)        2036M (52%)         496M (13%)    
[2026-04-03T06:29:05.458+0600][9.772s][info][gc,heap     ] GC(5) y:      Live:         -               242M (6%)          186M (5%)          186M (5%)     
[2026-04-03T06:29:05.458+0600][9.772s][info][gc,heap     ] GC(5) y:   Garbage:         -              1647M (42%)        1643M (42%)          33M (1%)     
[2026-04-03T06:29:05.458+0600][9.772s][info][gc,heap     ] GC(5) y: Allocated:         -               196M (5%)          206M (5%)          276M (7%)     
[2026-04-03T06:29:05.458+0600][9.772s][info][gc,heap     ] GC(5) y: Reclaimed:         -                  -                 4M (0%)         1614M (41%)    
[2026-04-03T06:29:05.458+0600][9.772s][info][gc,heap     ] GC(5) y:  Promoted:         -                  -                55M (1%)           55M (1%)     
[2026-04-03T06:29:05.458+0600][9.772s][info][gc,heap     ] GC(5) y: Compacted:         -                  -                  -                55M (1%)     
[2026-04-03T06:29:05.458+0600][9.772s][info][gc,phases   ] GC(5) y: Young Generation 1994M(51%)->660M(17%) 0.508s
[2026-04-03T06:29:05.458+0600][9.772s][info][gc          ] GC(5) Minor Collection (Allocation Rate) 1994M(51%)->660M(17%) 0.509s
[2026-04-03T06:29:06.271+0600][10.584s][info][gc          ] GC(6) Minor Collection (Allocation Rate)
[2026-04-03T06:29:06.271+0600][10.584s][info][gc,task     ] GC(6) Using 2 Workers for Young Generation
[2026-04-03T06:29:06.271+0600][10.584s][info][gc,phases   ] GC(6) y: Young Generation
[2026-04-03T06:29:06.271+0600][10.585s][info][gc,phases   ] GC(6) y: Pause Mark Start 0.032ms
[2026-04-03T06:29:06.798+0600][11.111s][info][gc,phases   ] GC(6) y: Concurrent Mark 526.803ms
[2026-04-03T06:29:06.798+0600][11.112s][info][gc,phases   ] GC(6) y: Pause Mark End 0.028ms
[2026-04-03T06:29:06.800+0600][11.114s][info][gc,phases   ] GC(6) y: Concurrent Mark Free 0.002ms
[2026-04-03T06:29:06.801+0600][11.114s][info][gc,phases   ] GC(6) y: Concurrent Reset Relocation Set 0.132ms
[2026-04-03T06:29:06.803+0600][11.116s][info][gc,reloc    ] GC(6) y: Using tenuring threshold: 2 (Computed)
[2026-04-03T06:29:06.858+0600][11.171s][info][gc,phases   ] GC(6) y: Concurrent Select Relocation Set 57.075ms
[2026-04-03T06:29:06.858+0600][11.171s][info][gc,phases   ] GC(6) y: Pause Relocate Start 0.018ms
[2026-04-03T06:29:07.056+0600][11.369s][info][gc,phases   ] GC(6) y: Concurrent Relocate 197.480ms
[2026-04-03T06:29:07.056+0600][11.369s][info][gc,alloc    ] GC(6) y:                         Mark Start        Mark End      Relocate Start    Relocate End   
[2026-04-03T06:29:07.056+0600][11.369s][info][gc,alloc    ] GC(6) y: Allocation Stalls:          0                0                0                0         
[2026-04-03T06:29:07.056+0600][11.369s][info][gc,load     ] GC(6) y: Load: 3.08 (26%) / 4.26 (35%) / 3.48 (29%)
[2026-04-03T06:29:07.056+0600][11.369s][info][gc,mmu      ] GC(6) y: MMU: 2ms/95.0%, 5ms/98.0%, 10ms/99.0%, 20ms/99.5%, 50ms/99.7%, 100ms/99.8%
[2026-04-03T06:29:07.056+0600][11.369s][info][gc,marking  ] GC(6) y: Mark: 2 stripe(s), 4 proactive flush(es), 1 terminate flush(es), 0 completion(s), 0 continuation(s) 
[2026-04-03T06:29:07.056+0600][11.369s][info][gc,marking  ] GC(6) y: Mark Stack Usage: 32M
[2026-04-03T06:29:07.056+0600][11.369s][info][gc,nmethod  ] GC(6) y: NMethods: 1813 registered, 574 unregistered
[2026-04-03T06:29:07.056+0600][11.369s][info][gc,metaspace] GC(6) y: Metaspace: 8M used, 8M committed, 1088M reserved
[2026-04-03T06:29:07.056+0600][11.369s][info][gc,reloc    ] GC(6) y:                        Candidates     Selected     In-Place         Size        Empty    Relocated 
[2026-04-03T06:29:07.056+0600][11.369s][info][gc,reloc    ] GC(6) y: Small Pages:                  782          643            0        1564M           6M          68M 
[2026-04-03T06:29:07.056+0600][11.369s][info][gc,reloc    ] GC(6) y: Medium Pages:                   2            0            0          64M          32M           0M 
[2026-04-03T06:29:07.056+0600][11.369s][info][gc,reloc    ] GC(6) y: Large Pages:                    0            0            0           0M           0M           0M 
[2026-04-03T06:29:07.056+0600][11.369s][info][gc,reloc    ] GC(6) y: Forwarding Usage: 36M
[2026-04-03T06:29:07.056+0600][11.369s][info][gc,reloc    ] GC(6) y: Age Table:
[2026-04-03T06:29:07.056+0600][11.369s][info][gc,reloc    ] GC(6) y:                    Live             Garbage             Small              Medium             Large        
[2026-04-03T06:29:07.056+0600][11.369s][info][gc,reloc    ] GC(6) y: Eden              73M (2%)         1324M (34%)        683 / 639            1 / 0              0 / 0        
[2026-04-03T06:29:07.056+0600][11.369s][info][gc,reloc    ] GC(6) y: Survivor 1        53M (1%)           38M (1%)          30 / 2              1 / 0              0 / 0        
[2026-04-03T06:29:07.056+0600][11.369s][info][gc,reloc    ] GC(6) y: Survivor 2        70M (2%)            5M (0%)          38 / 2              0 / 0              0 / 0        
[2026-04-03T06:29:07.056+0600][11.369s][info][gc,reloc    ] GC(6) y: Survivor 3        60M (2%)            1M (0%)          31 / 0              0 / 0              0 / 0        
[2026-04-03T06:29:07.056+0600][11.369s][info][gc,heap     ] GC(6) y: Min Capacity: 8M(0%)
[2026-04-03T06:29:07.056+0600][11.369s][info][gc,heap     ] GC(6) y: Max Capacity: 3922M(100%)
[2026-04-03T06:29:07.056+0600][11.369s][info][gc,heap     ] GC(6) y: Soft Max Capacity: 3529M(90%)
[2026-04-03T06:29:07.056+0600][11.369s][info][gc,heap     ] GC(6) y: Heap Statistics:
[2026-04-03T06:29:07.056+0600][11.369s][info][gc,heap     ] GC(6) y:                Mark Start          Mark End        Relocate Start      Relocate End           High               Low         
[2026-04-03T06:29:07.056+0600][11.369s][info][gc,heap     ] GC(6) y:  Capacity:     2238M (57%)        2304M (59%)        2310M (59%)        2318M (59%)        2318M (59%)        2238M (57%)    
[2026-04-03T06:29:07.056+0600][11.369s][info][gc,heap     ] GC(6) y:      Free:     2130M (54%)        1618M (41%)        1612M (41%)        2692M (69%)        2808M (72%)        1604M (41%)    
[2026-04-03T06:29:07.056+0600][11.369s][info][gc,heap     ] GC(6) y:      Used:     1792M (46%)        2304M (59%)        2310M (59%)        1230M (31%)        2318M (59%)        1114M (28%)    
[2026-04-03T06:29:07.056+0600][11.369s][info][gc,heap     ] GC(6) y: Young Generation Statistics:
[2026-04-03T06:29:07.056+0600][11.369s][info][gc,heap     ] GC(6) y:                Mark Start          Mark End        Relocate Start      Relocate End    
[2026-04-03T06:29:07.056+0600][11.369s][info][gc,heap     ] GC(6) y:      Used:     1628M (42%)        2140M (55%)        2012M (51%)         930M (24%)    
[2026-04-03T06:29:07.056+0600][11.369s][info][gc,heap     ] GC(6) y:      Live:         -               258M (7%)          127M (3%)          126M (3%)     
[2026-04-03T06:29:07.056+0600][11.369s][info][gc,heap     ] GC(6) y:   Garbage:         -              1369M (35%)        1328M (34%)          32M (1%)     
[2026-04-03T06:29:07.056+0600][11.369s][info][gc,heap     ] GC(6) y: Allocated:         -               512M (13%)         556M (14%)         771M (20%)    
[2026-04-03T06:29:07.056+0600][11.369s][info][gc,heap     ] GC(6) y: Reclaimed:         -                  -                40M (1%)         1337M (34%)    
[2026-04-03T06:29:07.056+0600][11.369s][info][gc,heap     ] GC(6) y:  Promoted:         -                  -               131M (3%)          131M (3%)     
[2026-04-03T06:29:07.056+0600][11.369s][info][gc,heap     ] GC(6) y: Compacted:         -                  -                  -                72M (2%)     
[2026-04-03T06:29:07.056+0600][11.369s][info][gc,phases   ] GC(6) y: Young Generation 1792M(46%)->1230M(31%) 0.785s
[2026-04-03T06:29:07.056+0600][11.369s][info][gc          ] GC(6) Minor Collection (Allocation Rate) 1792M(46%)->1230M(31%) 0.785s
[2026-04-03T06:29:07.250+0600][11.564s][info][gc          ] GC(7) Major Collection (Allocation Rate)
[2026-04-03T06:29:07.250+0600][11.564s][info][gc,task     ] GC(7) Using 2 Workers for Young Generation
[2026-04-03T06:29:07.250+0600][11.564s][info][gc,task     ] GC(7) Using 1 Workers for Old Generation
[2026-04-03T06:29:07.250+0600][11.564s][info][gc,phases   ] GC(7) Y: Young Generation
[2026-04-03T06:29:07.251+0600][11.564s][info][gc,phases   ] GC(7) Y: Pause Mark Start (Major) 0.017ms
[2026-04-03T06:29:07.979+0600][12.293s][info][gc,phases   ] GC(7) Y: Concurrent Mark 728.764ms
[2026-04-03T06:29:07.980+0600][12.293s][info][gc,phases   ] GC(7) Y: Pause Mark End 0.024ms
[2026-04-03T06:29:07.980+0600][12.293s][info][gc,phases   ] GC(7) Y: Concurrent Mark Free 0.002ms
[2026-04-03T06:29:07.980+0600][12.293s][info][gc,phases   ] GC(7) Y: Concurrent Reset Relocation Set 0.142ms
[2026-04-03T06:29:07.982+0600][12.295s][info][gc,reloc    ] GC(7) Y: Using tenuring threshold: 1 (Computed)
[2026-04-03T06:29:08.037+0600][12.351s][info][gc,phases   ] GC(7) Y: Concurrent Select Relocation Set 57.395ms
[2026-04-03T06:29:08.038+0600][12.351s][info][gc,phases   ] GC(7) Y: Pause Relocate Start 0.024ms
[2026-04-03T06:29:08.274+0600][12.588s][info][gc,phases   ] GC(7) Y: Concurrent Relocate 236.272ms
[2026-04-03T06:29:08.282+0600][12.596s][info][gc,alloc    ] GC(7) Y:                         Mark Start        Mark End      Relocate Start    Relocate End   
[2026-04-03T06:29:08.283+0600][12.596s][info][gc,alloc    ] GC(7) Y: Allocation Stalls:          0                0                0                0         
[2026-04-03T06:29:08.283+0600][12.596s][info][gc,load     ] GC(7) Y: Load: 3.08 (26%) / 4.26 (35%) / 3.48 (29%)
[2026-04-03T06:29:08.283+0600][12.596s][info][gc,mmu      ] GC(7) Y: MMU: 2ms/95.0%, 5ms/98.0%, 10ms/99.0%, 20ms/99.5%, 50ms/99.7%, 100ms/99.8%
[2026-04-03T06:29:08.283+0600][12.596s][info][gc,marking  ] GC(7) Y: Mark: 2 stripe(s), 10 proactive flush(es), 1 terminate flush(es), 0 completion(s), 0 continuation(s) 
[2026-04-03T06:29:08.283+0600][12.596s][info][gc,marking  ] GC(7) Y: Mark Stack Usage: 32M
[2026-04-03T06:29:08.283+0600][12.596s][info][gc,nmethod  ] GC(7) Y: NMethods: 1814 registered, 574 unregistered
[2026-04-03T06:29:08.283+0600][12.596s][info][gc,metaspace] GC(7) Y: Metaspace: 8M used, 8M committed, 1088M reserved
[2026-04-03T06:29:08.283+0600][12.596s][info][gc,reloc    ] GC(7) Y:                        Candidates     Selected     In-Place         Size        Empty    Relocated 
[2026-04-03T06:29:08.283+0600][12.596s][info][gc,reloc    ] GC(7) Y: Small Pages:                  608          503            0        1216M           8M          61M 
[2026-04-03T06:29:08.283+0600][12.596s][info][gc,reloc    ] GC(7) Y: Medium Pages:                   1            0            0          32M           0M           0M 
[2026-04-03T06:29:08.283+0600][12.596s][info][gc,reloc    ] GC(7) Y: Large Pages:                    0            0            0           0M           0M           0M 
[2026-04-03T06:29:08.283+0600][12.596s][info][gc,reloc    ] GC(7) Y: Forwarding Usage: 34M
[2026-04-03T06:29:08.283+0600][12.596s][info][gc,reloc    ] GC(7) Y: Age Table:
[2026-04-03T06:29:08.283+0600][12.596s][info][gc,reloc    ] GC(7) Y:                    Live             Garbage             Small              Medium             Large        
[2026-04-03T06:29:08.283+0600][12.596s][info][gc,reloc    ] GC(7) Y: Eden              64M (2%)         1015M (26%)        540 / 501            0 / 0              0 / 0        
[2026-04-03T06:29:08.283+0600][12.596s][info][gc,reloc    ] GC(7) Y: Survivor 1        73M (2%)           34M (1%)          38 / 0              1 / 0              0 / 0        
[2026-04-03T06:29:08.283+0600][12.596s][info][gc,reloc    ] GC(7) Y: Survivor 2        53M (1%)            6M (0%)          30 / 2              0 / 0              0 / 0        
[2026-04-03T06:29:08.283+0600][12.596s][info][gc,heap     ] GC(7) Y: Min Capacity: 8M(0%)
[2026-04-03T06:29:08.283+0600][12.596s][info][gc,heap     ] GC(7) Y: Max Capacity: 3922M(100%)
[2026-04-03T06:29:08.283+0600][12.596s][info][gc,heap     ] GC(7) Y: Soft Max Capacity: 3529M(90%)
[2026-04-03T06:29:08.283+0600][12.596s][info][gc,heap     ] GC(7) Y: Heap Statistics:
[2026-04-03T06:29:08.283+0600][12.596s][info][gc,heap     ] GC(7) Y:                Mark Start          Mark End        Relocate Start      Relocate End           High               Low         
[2026-04-03T06:29:08.283+0600][12.596s][info][gc,heap     ] GC(7) Y:  Capacity:     2318M (59%)        2318M (59%)        2328M (59%)        2336M (60%)        2336M (60%)        2318M (59%)    
[2026-04-03T06:29:08.283+0600][12.596s][info][gc,heap     ] GC(7) Y:      Free:     2374M (61%)        1628M (42%)        1594M (41%)        2448M (62%)        2542M (65%)        1586M (40%)    
[2026-04-03T06:29:08.283+0600][12.596s][info][gc,heap     ] GC(7) Y:      Used:     1548M (39%)        2294M (58%)        2328M (59%)        1474M (38%)        2336M (60%)        1380M (35%)    
[2026-04-03T06:29:08.283+0600][12.596s][info][gc,heap     ] GC(7) Y: Young Generation Statistics:
[2026-04-03T06:29:08.283+0600][12.596s][info][gc,heap     ] GC(7) Y:                Mark Start          Mark End        Relocate Start      Relocate End    
[2026-04-03T06:29:08.283+0600][12.596s][info][gc,heap     ] GC(7) Y:      Used:     1248M (32%)        1994M (51%)        1870M (48%)        1010M (26%)    
[2026-04-03T06:29:08.283+0600][12.596s][info][gc,heap     ] GC(7) Y:      Live:         -               191M (5%)           65M (2%)           64M (2%)     
[2026-04-03T06:29:08.283+0600][12.596s][info][gc,heap     ] GC(7) Y:   Garbage:         -              1056M (27%)        1016M (26%)           0M (0%)     
[2026-04-03T06:29:08.283+0600][12.596s][info][gc,heap     ] GC(7) Y: Allocated:         -               746M (19%)         788M (20%)         945M (24%)    
[2026-04-03T06:29:08.283+0600][12.596s][info][gc,heap     ] GC(7) Y: Reclaimed:         -                  -                40M (1%)         1056M (27%)    
[2026-04-03T06:29:08.283+0600][12.596s][info][gc,heap     ] GC(7) Y:  Promoted:         -                  -               125M (3%)          126M (3%)     
[2026-04-03T06:29:08.283+0600][12.596s][info][gc,heap     ] GC(7) Y: Compacted:         -                  -                  -                64M (2%)     
[2026-04-03T06:29:08.283+0600][12.596s][info][gc,phases   ] GC(7) Y: Young Generation 1548M(39%)->1474M(38%) 1.032s
[2026-04-03T06:29:08.283+0600][12.596s][info][gc,phases   ] GC(7) O: Old Generation
[2026-04-03T06:29:08.284+0600][12.597s][info][gc          ] GC(8) Minor Collection (Allocation Rate)
[2026-04-03T06:29:08.284+0600][12.597s][info][gc,task     ] GC(8) Using 2 Workers for Young Generation
[2026-04-03T06:29:08.284+0600][12.597s][info][gc,phases   ] GC(8) y: Young Generation
[2026-04-03T06:29:08.284+0600][12.598s][info][gc,phases   ] GC(8) y: Pause Mark Start 0.099ms
[2026-04-03T06:29:08.475+0600][12.788s][info][gc,phases   ] GC(8) y: Concurrent Mark 190.305ms
[2026-04-03T06:29:08.475+0600][12.788s][info][gc,phases   ] GC(8) y: Pause Mark End 0.087ms
[2026-04-03T06:29:08.475+0600][12.788s][info][gc,phases   ] GC(8) y: Concurrent Mark Free 0.002ms
[2026-04-03T06:29:08.475+0600][12.789s][info][gc,phases   ] GC(8) y: Concurrent Reset Relocation Set 0.158ms
[2026-04-03T06:29:08.477+0600][12.790s][info][gc,reloc    ] GC(8) y: Using tenuring threshold: 2 (Computed)
[2026-04-03T06:29:08.481+0600][12.794s][info][gc,phases   ] GC(8) y: Concurrent Select Relocation Set 5.404ms
[2026-04-03T06:29:08.481+0600][12.794s][info][gc,phases   ] GC(8) y: Pause Relocate Start 0.024ms
[2026-04-03T06:29:08.517+0600][12.830s][info][gc,phases   ] GC(8) y: Concurrent Relocate 35.729ms
[2026-04-03T06:29:08.517+0600][12.830s][info][gc,alloc    ] GC(8) y:                         Mark Start        Mark End      Relocate Start    Relocate End   
[2026-04-03T06:29:08.517+0600][12.830s][info][gc,alloc    ] GC(8) y: Allocation Stalls:          0                0                0                0         
[2026-04-03T06:29:08.517+0600][12.830s][info][gc,load     ] GC(8) y: Load: 3.08 (26%) / 4.26 (35%) / 3.48 (29%)
[2026-04-03T06:29:08.517+0600][12.830s][info][gc,mmu      ] GC(8) y: MMU: 2ms/95.0%, 5ms/98.0%, 10ms/98.9%, 20ms/99.4%, 50ms/99.7%, 100ms/99.8%
[2026-04-03T06:29:08.517+0600][12.830s][info][gc,marking  ] GC(8) y: Mark: 2 stripe(s), 10 proactive flush(es), 1 terminate flush(es), 0 completion(s), 0 continuation(s) 
[2026-04-03T06:29:08.517+0600][12.830s][info][gc,marking  ] GC(8) y: Mark Stack Usage: 32M
[2026-04-03T06:29:08.517+0600][12.830s][info][gc,nmethod  ] GC(8) y: NMethods: 1814 registered, 574 unregistered
[2026-04-03T06:29:08.517+0600][12.830s][info][gc,metaspace] GC(8) y: Metaspace: 8M used, 8M committed, 1088M reserved
[2026-04-03T06:29:08.517+0600][12.830s][info][gc,reloc    ] GC(8) y:                        Candidates     Selected     In-Place         Size        Empty    Relocated 
[2026-04-03T06:29:08.517+0600][12.830s][info][gc,reloc    ] GC(8) y: Small Pages:                  509          465            0        1018M           0M          20M 
[2026-04-03T06:29:08.517+0600][12.830s][info][gc,reloc    ] GC(8) y: Medium Pages:                   0            0            0           0M           0M           0M 
[2026-04-03T06:29:08.517+0600][12.830s][info][gc,reloc    ] GC(8) y: Large Pages:                    0            0            0           0M           0M           0M 
[2026-04-03T06:29:08.517+0600][12.830s][info][gc,reloc    ] GC(8) y: Forwarding Usage: 9M
[2026-04-03T06:29:08.517+0600][12.830s][info][gc,reloc    ] GC(8) y: Age Table:
[2026-04-03T06:29:08.517+0600][12.831s][info][gc,reloc    ] GC(8) y:                    Live             Garbage             Small              Medium             Large        
[2026-04-03T06:29:08.517+0600][12.831s][info][gc,reloc    ] GC(8) y: Eden              20M (1%)          929M (24%)        475 / 463            0 / 0              0 / 0        
[2026-04-03T06:29:08.517+0600][12.831s][info][gc,reloc    ] GC(8) y: Survivor 1        55M (1%)           12M (0%)          34 / 2              0 / 0              0 / 0        
[2026-04-03T06:29:08.517+0600][12.831s][info][gc,heap     ] GC(8) y: Min Capacity: 8M(0%)
[2026-04-03T06:29:08.517+0600][12.831s][info][gc,heap     ] GC(8) y: Max Capacity: 3922M(100%)
[2026-04-03T06:29:08.517+0600][12.831s][info][gc,heap     ] GC(8) y: Soft Max Capacity: 3529M(90%)
[2026-04-03T06:29:08.517+0600][12.831s][info][gc,heap     ] GC(8) y: Heap Statistics:
[2026-04-03T06:29:08.517+0600][12.831s][info][gc,heap     ] GC(8) y:                Mark Start          Mark End        Relocate Start      Relocate End           High               Low         
[2026-04-03T06:29:08.517+0600][12.831s][info][gc,heap     ] GC(8) y:  Capacity:     2336M (60%)        2336M (60%)        2336M (60%)        2336M (60%)        2336M (60%)        2336M (60%)    
[2026-04-03T06:29:08.517+0600][12.831s][info][gc,heap     ] GC(8) y:      Free:     2440M (62%)        2282M (58%)        2276M (58%)        3178M (81%)        3180M (81%)        2270M (58%)    
[2026-04-03T06:29:08.517+0600][12.831s][info][gc,heap     ] GC(8) y:      Used:     1482M (38%)        1640M (42%)        1646M (42%)         744M (19%)        1652M (42%)         742M (19%)    
[2026-04-03T06:29:08.517+0600][12.831s][info][gc,heap     ] GC(8) y: Young Generation Statistics:
[2026-04-03T06:29:08.517+0600][12.831s][info][gc,heap     ] GC(8) y:                Mark Start          Mark End        Relocate Start      Relocate End    
[2026-04-03T06:29:08.517+0600][12.831s][info][gc,heap     ] GC(8) y:      Used:     1018M (26%)        1176M (30%)        1182M (30%)         280M (7%)     
[2026-04-03T06:29:08.517+0600][12.831s][info][gc,heap     ] GC(8) y:      Live:         -                75M (2%)           75M (2%)           75M (2%)     
[2026-04-03T06:29:08.517+0600][12.831s][info][gc,heap     ] GC(8) y:   Garbage:         -               942M (24%)         942M (24%)           8M (0%)     
[2026-04-03T06:29:08.517+0600][12.831s][info][gc,heap     ] GC(8) y: Allocated:         -               158M (4%)          164M (4%)          195M (5%)     
[2026-04-03T06:29:08.517+0600][12.831s][info][gc,heap     ] GC(8) y: Reclaimed:         -                  -                 0M (0%)          933M (24%)    
[2026-04-03T06:29:08.517+0600][12.831s][info][gc,heap     ] GC(8) y:  Promoted:         -                  -                 0M (0%)            0M (0%)     
[2026-04-03T06:29:08.517+0600][12.831s][info][gc,heap     ] GC(8) y: Compacted:         -                  -                  -                22M (1%)     
[2026-04-03T06:29:08.517+0600][12.831s][info][gc,phases   ] GC(8) y: Young Generation 1482M(38%)->744M(19%) 0.233s
[2026-04-03T06:29:08.517+0600][12.831s][info][gc          ] GC(8) Minor Collection (Allocation Rate) 1482M(38%)->744M(19%) 0.234s
[2026-04-03T06:29:08.518+0600][12.831s][info][gc          ] GC(9) Minor Collection (Allocation Rate)
[2026-04-03T06:29:08.518+0600][12.831s][info][gc,task     ] GC(9) Using 2 Workers for Young Generation
[2026-04-03T06:29:08.518+0600][12.831s][info][gc,phases   ] GC(9) y: Young Generation
[2026-04-03T06:29:08.518+0600][12.831s][info][gc,phases   ] GC(9) y: Pause Mark Start 0.030ms
[2026-04-03T06:29:08.654+0600][12.968s][info][gc,phases   ] GC(9) y: Concurrent Mark 135.971ms
[2026-04-03T06:29:08.655+0600][12.968s][info][gc,phases   ] GC(9) y: Pause Mark End 0.036ms
[2026-04-03T06:29:08.655+0600][12.968s][info][gc,phases   ] GC(9) y: Concurrent Mark Free 0.003ms
[2026-04-03T06:29:08.655+0600][12.968s][info][gc,phases   ] GC(9) y: Concurrent Reset Relocation Set 0.048ms
[2026-04-03T06:29:08.657+0600][12.970s][info][gc,reloc    ] GC(9) y: Using tenuring threshold: 1 (Computed)
[2026-04-03T06:29:08.696+0600][13.009s][info][gc,phases   ] GC(9) y: Concurrent Select Relocation Set 40.829ms
[2026-04-03T06:29:08.696+0600][13.010s][info][gc,phases   ] GC(9) y: Pause Relocate Start 0.085ms
[2026-04-03T06:29:08.783+0600][13.097s][info][gc,phases   ] GC(9) y: Concurrent Relocate 86.697ms
[2026-04-03T06:29:08.783+0600][13.097s][info][gc,alloc    ] GC(9) y:                         Mark Start        Mark End      Relocate Start    Relocate End   
[2026-04-03T06:29:08.783+0600][13.097s][info][gc,alloc    ] GC(9) y: Allocation Stalls:          0                0                0                0         
[2026-04-03T06:29:08.783+0600][13.097s][info][gc,load     ] GC(9) y: Load: 3.08 (26%) / 4.26 (35%) / 3.48 (29%)
[2026-04-03T06:29:08.783+0600][13.097s][info][gc,mmu      ] GC(9) y: MMU: 2ms/95.0%, 5ms/98.0%, 10ms/98.9%, 20ms/99.4%, 50ms/99.7%, 100ms/99.8%
[2026-04-03T06:29:08.783+0600][13.097s][info][gc,marking  ] GC(9) y: Mark: 2 stripe(s), 4 proactive flush(es), 1 terminate flush(es), 0 completion(s), 0 continuation(s) 
[2026-04-03T06:29:08.783+0600][13.097s][info][gc,marking  ] GC(9) y: Mark Stack Usage: 32M
[2026-04-03T06:29:08.783+0600][13.097s][info][gc,nmethod  ] GC(9) y: NMethods: 1854 registered, 574 unregistered
[2026-04-03T06:29:08.783+0600][13.097s][info][gc,metaspace] GC(9) y: Metaspace: 8M used, 9M committed, 1088M reserved
[2026-04-03T06:29:08.784+0600][13.097s][info][gc,reloc    ] GC(9) y:                        Candidates     Selected     In-Place         Size        Empty    Relocated 
[2026-04-03T06:29:08.784+0600][13.097s][info][gc,reloc    ] GC(9) y: Small Pages:                  140           96            0         280M           0M           2M 
[2026-04-03T06:29:08.784+0600][13.097s][info][gc,reloc    ] GC(9) y: Medium Pages:                   0            0            0           0M           0M           0M 
[2026-04-03T06:29:08.784+0600][13.097s][info][gc,reloc    ] GC(9) y: Large Pages:                    0            0            0           0M           0M           0M 
[2026-04-03T06:29:08.784+0600][13.097s][info][gc,reloc    ] GC(9) y: Forwarding Usage: 0M
[2026-04-03T06:29:08.784+0600][13.097s][info][gc,reloc    ] GC(9) y: Age Table:
[2026-04-03T06:29:08.784+0600][13.097s][info][gc,reloc    ] GC(9) y:                    Live             Garbage             Small              Medium             Large        
[2026-04-03T06:29:08.784+0600][13.097s][info][gc,reloc    ] GC(9) y: Eden               1M (0%)          188M (5%)          95 / 94             0 / 0              0 / 0        
[2026-04-03T06:29:08.784+0600][13.097s][info][gc,reloc    ] GC(9) y: Survivor 1        19M (1%)            4M (0%)          12 / 1              0 / 0              0 / 0        
[2026-04-03T06:29:08.784+0600][13.097s][info][gc,reloc    ] GC(9) y: Survivor 2        49M (1%)           16M (0%)          33 / 1              0 / 0              0 / 0        
[2026-04-03T06:29:08.784+0600][13.097s][info][gc,heap     ] GC(9) y: Min Capacity: 8M(0%)
[2026-04-03T06:29:08.784+0600][13.097s][info][gc,heap     ] GC(9) y: Max Capacity: 3922M(100%)
[2026-04-03T06:29:08.784+0600][13.097s][info][gc,heap     ] GC(9) y: Soft Max Capacity: 3529M(90%)
[2026-04-03T06:29:08.784+0600][13.097s][info][gc,heap     ] GC(9) y: Heap Statistics:
[2026-04-03T06:29:08.784+0600][13.097s][info][gc,heap     ] GC(9) y:                Mark Start          Mark End        Relocate Start      Relocate End           High               Low         
[2026-04-03T06:29:08.784+0600][13.097s][info][gc,heap     ] GC(9) y:  Capacity:     2336M (60%)        2368M (60%)        2368M (60%)        2368M (60%)        2368M (60%)        2336M (60%)    
[2026-04-03T06:29:08.784+0600][13.097s][info][gc,heap     ] GC(9) y:      Free:     3178M (81%)        3058M (78%)        3058M (78%)        3220M (82%)        3246M (83%)        3054M (78%)    
[2026-04-03T06:29:08.784+0600][13.097s][info][gc,heap     ] GC(9) y:      Used:      744M (19%)         864M (22%)         864M (22%)         702M (18%)         868M (22%)         676M (17%)    
[2026-04-03T06:29:08.784+0600][13.097s][info][gc,heap     ] GC(9) y: Young Generation Statistics:
[2026-04-03T06:29:08.784+0600][13.097s][info][gc,heap     ] GC(9) y:                Mark Start          Mark End        Relocate Start      Relocate End    
[2026-04-03T06:29:08.784+0600][13.097s][info][gc,heap     ] GC(9) y:      Used:      280M (7%)          400M (10%)         316M (8%)          150M (4%)     
[2026-04-03T06:29:08.784+0600][13.097s][info][gc,heap     ] GC(9) y:      Live:         -                71M (2%)            2M (0%)            1M (0%)     
[2026-04-03T06:29:08.784+0600][13.097s][info][gc,heap     ] GC(9) y:   Garbage:         -               208M (5%)          193M (5%)            0M (0%)     
[2026-04-03T06:29:08.784+0600][13.097s][info][gc,heap     ] GC(9) y: Allocated:         -               120M (3%)          120M (3%)          148M (4%)     
[2026-04-03T06:29:08.784+0600][13.097s][info][gc,heap     ] GC(9) y: Reclaimed:         -                  -                15M (0%)          208M (5%)     
[2026-04-03T06:29:08.784+0600][13.097s][info][gc,heap     ] GC(9) y:  Promoted:         -                  -                68M (2%)           69M (2%)     
[2026-04-03T06:29:08.784+0600][13.097s][info][gc,heap     ] GC(9) y: Compacted:         -                  -                  -                 1M (0%)     
[2026-04-03T06:29:08.784+0600][13.097s][info][gc,phases   ] GC(9) y: Young Generation 744M(19%)->702M(18%) 0.266s
[2026-04-03T06:29:08.784+0600][13.097s][info][gc          ] GC(9) Minor Collection (Allocation Rate) 744M(19%)->702M(18%) 0.266s
[2026-04-03T06:29:09.182+0600][13.495s][info][gc          ] GC(10) Minor Collection (Allocation Rate)
[2026-04-03T06:29:09.182+0600][13.495s][info][gc,task     ] GC(10) Using 2 Workers for Young Generation
[2026-04-03T06:29:09.182+0600][13.495s][info][gc,phases   ] GC(10) y: Young Generation
[2026-04-03T06:29:09.182+0600][13.496s][info][gc,phases   ] GC(10) y: Pause Mark Start 0.029ms
[2026-04-03T06:29:09.268+0600][13.581s][info][gc,phases   ] GC(10) y: Concurrent Mark 85.353ms
[2026-04-03T06:29:09.268+0600][13.582s][info][gc,phases   ] GC(10) y: Pause Mark End 0.040ms
[2026-04-03T06:29:09.269+0600][13.582s][info][gc,phases   ] GC(10) y: Concurrent Mark Free 0.003ms
[2026-04-03T06:29:09.269+0600][13.582s][info][gc,phases   ] GC(10) y: Concurrent Reset Relocation Set 0.115ms
[2026-04-03T06:29:09.273+0600][13.587s][info][gc,reloc    ] GC(10) y: Using tenuring threshold: 2 (Computed)
[2026-04-03T06:29:09.281+0600][13.595s][info][gc,phases   ] GC(10) y: Concurrent Select Relocation Set 12.678ms
[2026-04-03T06:29:09.282+0600][13.595s][info][gc,phases   ] GC(10) y: Pause Relocate Start 0.027ms
[2026-04-03T06:29:09.305+0600][13.618s][info][gc,phases   ] GC(7) O: Concurrent Mark 1021.702ms
[2026-04-03T06:29:09.306+0600][13.619s][info][gc,phases   ] GC(7) O: Pause Mark End 0.108ms
[2026-04-03T06:29:09.306+0600][13.620s][info][gc,phases   ] GC(7) O: Concurrent Mark Free 0.003ms
[2026-04-03T06:29:09.317+0600][13.630s][info][gc,phases   ] GC(7) O: Concurrent Process Non-Strong 10.008ms
[2026-04-03T06:29:09.317+0600][13.630s][info][gc,phases   ] GC(7) O: Concurrent Reset Relocation Set 0.003ms
[2026-04-03T06:29:09.332+0600][13.645s][info][gc,phases   ] GC(7) O: Concurrent Select Relocation Set 15.113ms
[2026-04-03T06:29:09.335+0600][13.648s][info][gc,phases   ] GC(10) y: Concurrent Relocate 52.836ms
[2026-04-03T06:29:09.335+0600][13.648s][info][gc,alloc    ] GC(10) y:                         Mark Start        Mark End      Relocate Start    Relocate End   
[2026-04-03T06:29:09.335+0600][13.648s][info][gc,alloc    ] GC(10) y: Allocation Stalls:          0                0                0                0         
[2026-04-03T06:29:09.335+0600][13.648s][info][gc,load     ] GC(10) y: Load: 3.08 (26%) / 4.26 (35%) / 3.48 (29%)
[2026-04-03T06:29:09.335+0600][13.648s][info][gc,mmu      ] GC(10) y: MMU: 2ms/94.6%, 5ms/97.8%, 10ms/98.9%, 20ms/99.4%, 50ms/99.7%, 100ms/99.8%
[2026-04-03T06:29:09.335+0600][13.648s][info][gc,marking  ] GC(10) y: Mark: 2 stripe(s), 2 proactive flush(es), 1 terminate flush(es), 0 completion(s), 0 continuation(s) 
[2026-04-03T06:29:09.335+0600][13.648s][info][gc,marking  ] GC(10) y: Mark Stack Usage: 32M
[2026-04-03T06:29:09.335+0600][13.648s][info][gc,nmethod  ] GC(10) y: NMethods: 1879 registered, 703 unregistered
[2026-04-03T06:29:09.335+0600][13.648s][info][gc,metaspace] GC(10) y: Metaspace: 8M used, 9M committed, 1088M reserved
[2026-04-03T06:29:09.335+0600][13.648s][info][gc,reloc    ] GC(10) y:                        Candidates     Selected     In-Place         Size        Empty    Relocated 
[2026-04-03T06:29:09.335+0600][13.648s][info][gc,reloc    ] GC(10) y: Small Pages:                  224          209            0         448M           2M          20M 
[2026-04-03T06:29:09.335+0600][13.648s][info][gc,reloc    ] GC(10) y: Medium Pages:                   1            0            0          32M           0M           0M 
[2026-04-03T06:29:09.335+0600][13.648s][info][gc,reloc    ] GC(10) y: Large Pages:                    0            0            0           0M           0M           0M 
[2026-04-03T06:29:09.335+0600][13.648s][info][gc,reloc    ] GC(10) y: Forwarding Usage: 11M
[2026-04-03T06:29:09.335+0600][13.648s][info][gc,reloc    ] GC(10) y: Age Table:
[2026-04-03T06:29:09.335+0600][13.648s][info][gc,reloc    ] GC(10) y:                    Live             Garbage             Small              Medium             Large        
[2026-04-03T06:29:09.335+0600][13.649s][info][gc,reloc    ] GC(10) y: Eden              23M (1%)          452M (12%)        222 / 207            1 / 0              0 / 0        
[2026-04-03T06:29:09.335+0600][13.649s][info][gc,reloc    ] GC(10) y: Survivor 1         1M (0%)            2M (0%)           2 / 2              0 / 0              0 / 0        
[2026-04-03T06:29:09.335+0600][13.649s][info][gc,heap     ] GC(10) y: Min Capacity: 8M(0%)
[2026-04-03T06:29:09.335+0600][13.649s][info][gc,heap     ] GC(10) y: Max Capacity: 3922M(100%)
[2026-04-03T06:29:09.335+0600][13.649s][info][gc,heap     ] GC(10) y: Soft Max Capacity: 3529M(90%)
[2026-04-03T06:29:09.335+0600][13.649s][info][gc,heap     ] GC(10) y: Heap Statistics:
[2026-04-03T06:29:09.335+0600][13.649s][info][gc,heap     ] GC(10) y:                Mark Start          Mark End        Relocate Start      Relocate End           High               Low         
[2026-04-03T06:29:09.335+0600][13.649s][info][gc,heap     ] GC(10) y:  Capacity:     2368M (60%)        2400M (61%)        2400M (61%)        2400M (61%)        2400M (61%)        2368M (60%)    
[2026-04-03T06:29:09.335+0600][13.649s][info][gc,heap     ] GC(10) y:      Free:     2890M (74%)        2848M (73%)        2848M (73%)        3248M (83%)        3248M (83%)        2842M (72%)    
[2026-04-03T06:29:09.335+0600][13.649s][info][gc,heap     ] GC(10) y:      Used:     1032M (26%)        1074M (27%)        1074M (27%)         674M (17%)        1080M (28%)         674M (17%)    
[2026-04-03T06:29:09.335+0600][13.649s][info][gc,heap     ] GC(10) y: Young Generation Statistics:
[2026-04-03T06:29:09.335+0600][13.649s][info][gc,heap     ] GC(10) y:                Mark Start          Mark End        Relocate Start      Relocate End    
[2026-04-03T06:29:09.335+0600][13.649s][info][gc,heap     ] GC(10) y:      Used:      480M (12%)         522M (13%)         522M (13%)         122M (3%)     
[2026-04-03T06:29:09.336+0600][13.649s][info][gc,heap     ] GC(10) y:      Live:         -                24M (1%)           24M (1%)           24M (1%)     
[2026-04-03T06:29:09.336+0600][13.649s][info][gc,heap     ] GC(10) y:   Garbage:         -               455M (12%)         453M (12%)          32M (1%)     
[2026-04-03T06:29:09.336+0600][13.649s][info][gc,heap     ] GC(10) y: Allocated:         -                42M (1%)           44M (1%)           65M (2%)     
[2026-04-03T06:29:09.336+0600][13.649s][info][gc,heap     ] GC(10) y: Reclaimed:         -                  -                 2M (0%)          423M (11%)    
[2026-04-03T06:29:09.336+0600][13.649s][info][gc,heap     ] GC(10) y:  Promoted:         -                  -                 0M (0%)            0M (0%)     
[2026-04-03T06:29:09.336+0600][13.649s][info][gc,heap     ] GC(10) y: Compacted:         -                  -                  -                22M (1%)     
[2026-04-03T06:29:09.336+0600][13.649s][info][gc,phases   ] GC(10) y: Young Generation 1032M(26%)->674M(17%) 0.153s
[2026-04-03T06:29:09.336+0600][13.649s][info][gc          ] GC(10) Minor Collection (Allocation Rate) 1032M(26%)->674M(17%) 0.154s
[2026-04-03T06:29:09.336+0600][13.649s][info][gc,task     ] GC(7) O: Using 3 Workers for Old Generation
[2026-04-03T06:29:09.355+0600][13.669s][info][gc,task     ] GC(7) O: Using 1 Workers for Old Generation
[2026-04-03T06:29:09.355+0600][13.669s][info][gc,phases   ] GC(7) O: Concurrent Remap Roots 19.594ms
[2026-04-03T06:29:09.356+0600][13.669s][info][gc,phases   ] GC(7) O: Pause Relocate Start 0.027ms
[2026-04-03T06:29:09.405+0600][13.718s][info][gc,phases   ] GC(7) O: Concurrent Relocate 49.228ms
[2026-04-03T06:29:09.405+0600][13.719s][info][gc,alloc    ] GC(7) O:                         Mark Start        Mark End      Relocate Start    Relocate End   
[2026-04-03T06:29:09.405+0600][13.719s][info][gc,alloc    ] GC(7) O: Allocation Stalls:          0                0                0                0         
[2026-04-03T06:29:09.405+0600][13.719s][info][gc,load     ] GC(7) O: Load: 3.08 (26%) / 4.26 (35%) / 3.48 (29%)
[2026-04-03T06:29:09.405+0600][13.719s][info][gc,mmu      ] GC(7) O: MMU: 2ms/94.6%, 5ms/97.8%, 10ms/98.9%, 20ms/99.4%, 50ms/99.7%, 100ms/99.8%
[2026-04-03T06:29:09.405+0600][13.719s][info][gc,marking  ] GC(7) O: Mark: 1 stripe(s), 2 proactive flush(es), 1 terminate flush(es), 0 completion(s), 0 continuation(s) 
[2026-04-03T06:29:09.405+0600][13.719s][info][gc,marking  ] GC(7) O: Mark Stack Usage: 32M
[2026-04-03T06:29:09.405+0600][13.719s][info][gc,nmethod  ] GC(7) O: NMethods: 1884 registered, 703 unregistered
[2026-04-03T06:29:09.405+0600][13.719s][info][gc,metaspace] GC(7) O: Metaspace: 8M used, 9M committed, 1088M reserved
[2026-04-03T06:29:09.405+0600][13.719s][info][gc,ref      ] GC(7) O:                       Encountered   Discovered     Enqueued 
[2026-04-03T06:29:09.405+0600][13.719s][info][gc,ref      ] GC(7) O: Soft References:              221            0            0 
[2026-04-03T06:29:09.405+0600][13.719s][info][gc,ref      ] GC(7) O: Weak References:              467          322            0 
[2026-04-03T06:29:09.405+0600][13.719s][info][gc,ref      ] GC(7) O: Final References:               3            1            0 
[2026-04-03T06:29:09.405+0600][13.719s][info][gc,ref      ] GC(7) O: Phantom References:            46           22            0 
[2026-04-03T06:29:09.405+0600][13.719s][info][gc,reloc    ] GC(7) O:                        Candidates     Selected     In-Place         Size        Empty    Relocated 
[2026-04-03T06:29:09.405+0600][13.719s][info][gc,reloc    ] GC(7) O: Small Pages:                  134            6            0         268M           0M           4M 
[2026-04-03T06:29:09.405+0600][13.719s][info][gc,reloc    ] GC(7) O: Medium Pages:                   1            0            0          32M           0M           0M 
[2026-04-03T06:29:09.406+0600][13.719s][info][gc,reloc    ] GC(7) O: Large Pages:                    0            0            0           0M           0M           0M 
[2026-04-03T06:29:09.406+0600][13.719s][info][gc,reloc    ] GC(7) O: Forwarding Usage: 8M
[2026-04-03T06:29:09.406+0600][13.719s][info][gc,heap     ] GC(7) O: Min Capacity: 8M(0%)
[2026-04-03T06:29:09.406+0600][13.719s][info][gc,heap     ] GC(7) O: Max Capacity: 3922M(100%)
[2026-04-03T06:29:09.406+0600][13.719s][info][gc,heap     ] GC(7) O: Soft Max Capacity: 3529M(90%)
[2026-04-03T06:29:09.406+0600][13.719s][info][gc,heap     ] GC(7) O: Heap Statistics:
[2026-04-03T06:29:09.406+0600][13.719s][info][gc,heap     ] GC(7) O:                Mark Start          Mark End        Relocate Start      Relocate End           High               Low         
[2026-04-03T06:29:09.406+0600][13.719s][info][gc,heap     ] GC(7) O:  Capacity:     2318M (59%)        2400M (61%)        2400M (61%)        2400M (61%)        2400M (61%)        2318M (59%)    
[2026-04-03T06:29:09.406+0600][13.719s][info][gc,heap     ] GC(7) O:      Free:     2374M (61%)        3150M (80%)        3240M (83%)        3228M (82%)        3248M (83%)        1586M (40%)    
[2026-04-03T06:29:09.406+0600][13.719s][info][gc,heap     ] GC(7) O:      Used:     1548M (39%)         772M (20%)         682M (17%)         694M (18%)        2336M (60%)         674M (17%)    
[2026-04-03T06:29:09.406+0600][13.719s][info][gc,heap     ] GC(7) O: Old Generation Statistics:
[2026-04-03T06:29:09.406+0600][13.719s][info][gc,heap     ] GC(7) O:                Mark Start          Mark End        Relocate Start      Relocate End    
[2026-04-03T06:29:09.406+0600][13.719s][info][gc,heap     ] GC(7) O:      Used:      300M (8%)          552M (14%)         552M (14%)         542M (14%)    
[2026-04-03T06:29:09.406+0600][13.719s][info][gc,heap     ] GC(7) O:      Live:         -               253M (6%)          253M (6%)          253M (6%)     
[2026-04-03T06:29:09.406+0600][13.719s][info][gc,heap     ] GC(7) O:   Garbage:         -                46M (1%)           46M (1%)           31M (1%)     
[2026-04-03T06:29:09.406+0600][13.719s][info][gc,heap     ] GC(7) O: Allocated:         -               252M (6%)          252M (6%)          256M (7%)     
[2026-04-03T06:29:09.406+0600][13.719s][info][gc,heap     ] GC(7) O: Reclaimed:         -                  -                 0M (0%)           14M (0%)     
[2026-04-03T06:29:09.406+0600][13.719s][info][gc,heap     ] GC(7) O: Compacted:         -                  -                  -                15M (0%)     
[2026-04-03T06:29:09.406+0600][13.719s][info][gc,phases   ] GC(7) O: Old Generation 1482M(38%)->694M(18%) 1.122s
[2026-04-03T06:29:09.406+0600][13.719s][info][gc          ] GC(7) Major Collection (Allocation Rate) 1548M(39%)->696M(18%) 2.156s
[2026-04-03T06:29:10.604+0600][14.918s][info][gc          ] GC(11) Major Collection (Allocation Rate)
[2026-04-03T06:29:10.605+0600][14.918s][info][gc,task     ] GC(11) Using 2 Workers for Young Generation
[2026-04-03T06:29:10.605+0600][14.918s][info][gc,task     ] GC(11) Using 1 Workers for Old Generation
[2026-04-03T06:29:10.605+0600][14.918s][info][gc,phases   ] GC(11) Y: Young Generation
[2026-04-03T06:29:10.605+0600][14.918s][info][gc,phases   ] GC(11) Y: Pause Mark Start (Major) 0.031ms
[2026-04-03T06:29:10.758+0600][15.071s][info][gc,phases   ] GC(11) Y: Concurrent Mark 152.755ms
[2026-04-03T06:29:10.758+0600][15.072s][info][gc,phases   ] GC(11) Y: Pause Mark End 0.032ms
[2026-04-03T06:29:10.758+0600][15.072s][info][gc,phases   ] GC(11) Y: Concurrent Mark Free 0.003ms
[2026-04-03T06:29:10.759+0600][15.072s][info][gc,phases   ] GC(11) Y: Concurrent Reset Relocation Set 0.037ms
[2026-04-03T06:29:10.762+0600][15.076s][info][gc,reloc    ] GC(11) Y: Using tenuring threshold: 3 (Computed)
[2026-04-03T06:29:10.769+0600][15.082s][info][gc,phases   ] GC(11) Y: Concurrent Select Relocation Set 10.547ms
[2026-04-03T06:29:10.770+0600][15.083s][info][gc,phases   ] GC(11) Y: Pause Relocate Start 0.091ms
[2026-04-03T06:29:10.826+0600][15.139s][info][gc,phases   ] GC(11) Y: Concurrent Relocate 55.988ms
[2026-04-03T06:29:10.826+0600][15.139s][info][gc,alloc    ] GC(11) Y:                         Mark Start        Mark End      Relocate Start    Relocate End   
[2026-04-03T06:29:10.826+0600][15.139s][info][gc,alloc    ] GC(11) Y: Allocation Stalls:          0                0                0                0         
[2026-04-03T06:29:10.826+0600][15.139s][info][gc,load     ] GC(11) Y: Load: 3.08 (26%) / 4.26 (35%) / 3.48 (29%)
[2026-04-03T06:29:10.826+0600][15.139s][info][gc,mmu      ] GC(11) Y: MMU: 2ms/94.6%, 5ms/97.8%, 10ms/98.9%, 20ms/99.4%, 50ms/99.7%, 100ms/99.8%
[2026-04-03T06:29:10.826+0600][15.139s][info][gc,marking  ] GC(11) Y: Mark: 2 stripe(s), 3 proactive flush(es), 1 terminate flush(es), 0 completion(s), 0 continuation(s) 
[2026-04-03T06:29:10.826+0600][15.139s][info][gc,marking  ] GC(11) Y: Mark Stack Usage: 32M
[2026-04-03T06:29:10.826+0600][15.139s][info][gc,nmethod  ] GC(11) Y: NMethods: 1989 registered, 703 unregistered
[2026-04-03T06:29:10.826+0600][15.139s][info][gc,metaspace] GC(11) Y: Metaspace: 8M used, 9M committed, 1088M reserved
[2026-04-03T06:29:10.826+0600][15.139s][info][gc,reloc    ] GC(11) Y:                        Candidates     Selected     In-Place         Size        Empty    Relocated 
[2026-04-03T06:29:10.826+0600][15.139s][info][gc,reloc    ] GC(11) Y: Small Pages:                  746          540            0        1492M         352M          35M 
[2026-04-03T06:29:10.826+0600][15.139s][info][gc,reloc    ] GC(11) Y: Medium Pages:                   2            0            0          64M          32M           0M 
[2026-04-03T06:29:10.826+0600][15.139s][info][gc,reloc    ] GC(11) Y: Large Pages:                    0            0            0           0M           0M           0M 
[2026-04-03T06:29:10.826+0600][15.139s][info][gc,reloc    ] GC(11) Y: Forwarding Usage: 18M
[2026-04-03T06:29:10.826+0600][15.139s][info][gc,reloc    ] GC(11) Y: Age Table:
[2026-04-03T06:29:10.826+0600][15.139s][info][gc,reloc    ] GC(11) Y:                    Live             Garbage             Small              Medium             Large        
[2026-04-03T06:29:10.826+0600][15.139s][info][gc,reloc    ] GC(11) Y: Eden              39M (1%)         1454M (37%)        731 / 533            1 / 0              0 / 0        
[2026-04-03T06:29:10.826+0600][15.139s][info][gc,reloc    ] GC(11) Y: Survivor 1        12M (0%)           47M (1%)          14 / 7              1 / 0              0 / 0        
[2026-04-03T06:29:10.826+0600][15.139s][info][gc,reloc    ] GC(11) Y: Survivor 2         1M (0%)            0M (0%)           1 / 0              0 / 0              0 / 0        
[2026-04-03T06:29:10.826+0600][15.139s][info][gc,heap     ] GC(11) Y: Min Capacity: 8M(0%)
[2026-04-03T06:29:10.826+0600][15.139s][info][gc,heap     ] GC(11) Y: Max Capacity: 3922M(100%)
[2026-04-03T06:29:10.826+0600][15.139s][info][gc,heap     ] GC(11) Y: Soft Max Capacity: 3529M(90%)
[2026-04-03T06:29:10.826+0600][15.139s][info][gc,heap     ] GC(11) Y: Heap Statistics:
[2026-04-03T06:29:10.826+0600][15.139s][info][gc,heap     ] GC(11) Y:                Mark Start          Mark End        Relocate Start      Relocate End           High               Low         
[2026-04-03T06:29:10.826+0600][15.139s][info][gc,heap     ] GC(11) Y:  Capacity:     2400M (61%)        2432M (62%)        2432M (62%)        2432M (62%)        2432M (62%)        2400M (61%)    
[2026-04-03T06:29:10.826+0600][15.139s][info][gc,heap     ] GC(11) Y:      Free:     1824M (47%)        1692M (43%)        2076M (53%)        3084M (79%)        3088M (79%)        1692M (43%)    
[2026-04-03T06:29:10.826+0600][15.139s][info][gc,heap     ] GC(11) Y:      Used:     2098M (53%)        2230M (57%)        1846M (47%)         838M (21%)        2230M (57%)         834M (21%)    
[2026-04-03T06:29:10.826+0600][15.139s][info][gc,heap     ] GC(11) Y: Young Generation Statistics:
[2026-04-03T06:29:10.826+0600][15.139s][info][gc,heap     ] GC(11) Y:                Mark Start          Mark End        Relocate Start      Relocate End    
[2026-04-03T06:29:10.826+0600][15.139s][info][gc,heap     ] GC(11) Y:      Used:     1556M (40%)        1688M (43%)        1304M (33%)         296M (8%)     
[2026-04-03T06:29:10.826+0600][15.139s][info][gc,heap     ] GC(11) Y:      Live:         -                53M (1%)           53M (1%)           53M (1%)     
[2026-04-03T06:29:10.826+0600][15.139s][info][gc,heap     ] GC(11) Y:   Garbage:         -              1502M (38%)        1118M (29%)          31M (1%)     
[2026-04-03T06:29:10.826+0600][15.139s][info][gc,heap     ] GC(11) Y: Allocated:         -               132M (3%)          132M (3%)          210M (5%)     
[2026-04-03T06:29:10.826+0600][15.139s][info][gc,heap     ] GC(11) Y: Reclaimed:         -                  -               384M (10%)        1470M (37%)    
[2026-04-03T06:29:10.826+0600][15.140s][info][gc,heap     ] GC(11) Y:  Promoted:         -                  -                 0M (0%)            0M (0%)     
[2026-04-03T06:29:10.826+0600][15.140s][info][gc,heap     ] GC(11) Y: Compacted:         -                  -                  -                39M (1%)     
[2026-04-03T06:29:10.826+0600][15.140s][info][gc,phases   ] GC(11) Y: Young Generation 2098M(53%)->838M(21%) 0.221s
[2026-04-03T06:29:10.826+0600][15.140s][info][gc,phases   ] GC(11) O: Old Generation
[2026-04-03T06:29:12.018+0600][16.331s][info][gc,phases   ] GC(11) O: Concurrent Mark 1191.407ms
[2026-04-03T06:29:12.018+0600][16.331s][info][gc,phases   ] GC(11) O: Pause Mark End 0.018ms
[2026-04-03T06:29:12.018+0600][16.331s][info][gc,phases   ] GC(11) O: Concurrent Mark Free 0.001ms
[2026-04-03T06:29:12.023+0600][16.337s][info][gc,phases   ] GC(11) O: Concurrent Process Non-Strong 5.101ms
[2026-04-03T06:29:12.023+0600][16.337s][info][gc,phases   ] GC(11) O: Concurrent Reset Relocation Set 0.004ms
[2026-04-03T06:29:12.049+0600][16.363s][info][gc,phases   ] GC(11) O: Concurrent Select Relocation Set 26.084ms
[2026-04-03T06:29:12.049+0600][16.363s][info][gc,task     ] GC(11) O: Using 3 Workers for Old Generation
[2026-04-03T06:29:12.063+0600][16.377s][info][gc,task     ] GC(11) O: Using 1 Workers for Old Generation
[2026-04-03T06:29:12.063+0600][16.377s][info][gc,phases   ] GC(11) O: Concurrent Remap Roots 14.037ms
[2026-04-03T06:29:12.064+0600][16.377s][info][gc,phases   ] GC(11) O: Pause Relocate Start 0.051ms
[2026-04-03T06:29:12.170+0600][16.483s][info][gc,phases   ] GC(11) O: Concurrent Relocate 105.855ms
[2026-04-03T06:29:12.170+0600][16.483s][info][gc,alloc    ] GC(11) O:                         Mark Start        Mark End      Relocate Start    Relocate End   
[2026-04-03T06:29:12.170+0600][16.483s][info][gc,alloc    ] GC(11) O: Allocation Stalls:          0                0                0                0         
[2026-04-03T06:29:12.170+0600][16.483s][info][gc,load     ] GC(11) O: Load: 2.99 (25%) / 4.22 (35%) / 3.47 (29%)
[2026-04-03T06:29:12.170+0600][16.483s][info][gc,mmu      ] GC(11) O: MMU: 2ms/94.6%, 5ms/97.8%, 10ms/98.9%, 20ms/99.4%, 50ms/99.7%, 100ms/99.8%
[2026-04-03T06:29:12.170+0600][16.483s][info][gc,marking  ] GC(11) O: Mark: 1 stripe(s), 2 proactive flush(es), 1 terminate flush(es), 0 completion(s), 0 continuation(s) 
[2026-04-03T06:29:12.170+0600][16.483s][info][gc,marking  ] GC(11) O: Mark Stack Usage: 32M
[2026-04-03T06:29:12.170+0600][16.483s][info][gc,nmethod  ] GC(11) O: NMethods: 1857 registered, 876 unregistered
[2026-04-03T06:29:12.170+0600][16.483s][info][gc,metaspace] GC(11) O: Metaspace: 8M used, 9M committed, 1088M reserved
[2026-04-03T06:29:12.170+0600][16.483s][info][gc,ref      ] GC(11) O:                       Encountered   Discovered     Enqueued 
[2026-04-03T06:29:12.170+0600][16.483s][info][gc,ref      ] GC(11) O: Soft References:              221            0            0 
[2026-04-03T06:29:12.170+0600][16.483s][info][gc,ref      ] GC(11) O: Weak References:              464          319            0 
[2026-04-03T06:29:12.170+0600][16.483s][info][gc,ref      ] GC(11) O: Final References:               3            1            0 
[2026-04-03T06:29:12.170+0600][16.483s][info][gc,ref      ] GC(11) O: Phantom References:            45           25            0 
[2026-04-03T06:29:12.170+0600][16.483s][info][gc,reloc    ] GC(11) O:                        Candidates     Selected     In-Place         Size        Empty    Relocated 
[2026-04-03T06:29:12.170+0600][16.483s][info][gc,reloc    ] GC(11) O: Small Pages:                  239           40            0         478M           0M          32M 
[2026-04-03T06:29:12.170+0600][16.483s][info][gc,reloc    ] GC(11) O: Medium Pages:                   2            0            0          64M          32M           0M 
[2026-04-03T06:29:12.170+0600][16.483s][info][gc,reloc    ] GC(11) O: Large Pages:                    0            0            0           0M           0M           0M 
[2026-04-03T06:29:12.170+0600][16.483s][info][gc,reloc    ] GC(11) O: Forwarding Usage: 35M
[2026-04-03T06:29:12.170+0600][16.483s][info][gc,heap     ] GC(11) O: Min Capacity: 8M(0%)
[2026-04-03T06:29:12.170+0600][16.483s][info][gc,heap     ] GC(11) O: Max Capacity: 3922M(100%)
[2026-04-03T06:29:12.170+0600][16.483s][info][gc,heap     ] GC(11) O: Soft Max Capacity: 3529M(90%)
[2026-04-03T06:29:12.170+0600][16.483s][info][gc,heap     ] GC(11) O: Heap Statistics:
[2026-04-03T06:29:12.170+0600][16.483s][info][gc,heap     ] GC(11) O:                Mark Start          Mark End        Relocate Start      Relocate End           High               Low         
[2026-04-03T06:29:12.170+0600][16.483s][info][gc,heap     ] GC(11) O:  Capacity:     2400M (61%)        2432M (62%)        2432M (62%)        2432M (62%)        2432M (62%)        2400M (61%)    
[2026-04-03T06:29:12.170+0600][16.483s][info][gc,heap     ] GC(11) O:      Free:     1824M (47%)        1820M (46%)        1746M (45%)        1658M (42%)        3088M (79%)        1646M (42%)    
[2026-04-03T06:29:12.170+0600][16.483s][info][gc,heap     ] GC(11) O:      Used:     2098M (53%)        2102M (54%)        2176M (55%)        2264M (58%)        2276M (58%)         834M (21%)    
[2026-04-03T06:29:12.170+0600][16.483s][info][gc,heap     ] GC(11) O: Old Generation Statistics:
[2026-04-03T06:29:12.170+0600][16.483s][info][gc,heap     ] GC(11) O:                Mark Start          Mark End        Relocate Start      Relocate End    
[2026-04-03T06:29:12.170+0600][16.483s][info][gc,heap     ] GC(11) O:      Used:      542M (14%)         542M (14%)         510M (13%)         424M (11%)    
[2026-04-03T06:29:12.170+0600][16.483s][info][gc,heap     ] GC(11) O:      Live:         -               385M (10%)         385M (10%)         385M (10%)    
[2026-04-03T06:29:12.170+0600][16.483s][info][gc,heap     ] GC(11) O:   Garbage:         -               156M (4%)          124M (3%)           34M (1%)     
[2026-04-03T06:29:12.170+0600][16.483s][info][gc,heap     ] GC(11) O: Allocated:         -                 0M (0%)            0M (0%)            3M (0%)     
[2026-04-03T06:29:12.170+0600][16.483s][info][gc,heap     ] GC(11) O: Reclaimed:         -                  -                32M (1%)          121M (3%)     
[2026-04-03T06:29:12.170+0600][16.483s][info][gc,heap     ] GC(11) O: Compacted:         -                  -                  -                64M (2%)     
[2026-04-03T06:29:12.170+0600][16.483s][info][gc,phases   ] GC(11) O: Old Generation 838M(21%)->2264M(58%) 1.344s
[2026-04-03T06:29:12.170+0600][16.483s][info][gc          ] GC(11) Major Collection (Allocation Rate) 2098M(53%)->2264M(58%) 1.566s
[2026-04-03T06:29:12.304+0600][16.617s][info][gc          ] GC(12) Minor Collection (Allocation Rate)
[2026-04-03T06:29:12.304+0600][16.617s][info][gc,task     ] GC(12) Using 2 Workers for Young Generation
[2026-04-03T06:29:12.304+0600][16.617s][info][gc,phases   ] GC(12) y: Young Generation
[2026-04-03T06:29:12.304+0600][16.617s][info][gc,phases   ] GC(12) y: Pause Mark Start 0.015ms
[2026-04-03T06:29:12.575+0600][16.888s][info][gc,phases   ] GC(12) y: Concurrent Mark 270.915ms
[2026-04-03T06:29:12.575+0600][16.889s][info][gc,phases   ] GC(12) y: Pause Mark End 0.025ms
[2026-04-03T06:29:12.575+0600][16.889s][info][gc,phases   ] GC(12) y: Concurrent Mark Free 0.002ms
[2026-04-03T06:29:12.575+0600][16.889s][info][gc,phases   ] GC(12) y: Concurrent Reset Relocation Set 0.055ms
[2026-04-03T06:29:12.578+0600][16.892s][info][gc,reloc    ] GC(12) y: Using tenuring threshold: 4 (Computed)
[2026-04-03T06:29:12.604+0600][16.917s][info][gc,phases   ] GC(12) y: Concurrent Select Relocation Set 28.412ms
[2026-04-03T06:29:12.604+0600][16.918s][info][gc,phases   ] GC(12) y: Pause Relocate Start 0.024ms
[2026-04-03T06:29:12.744+0600][17.057s][info][gc,phases   ] GC(12) y: Concurrent Relocate 139.265ms
[2026-04-03T06:29:12.744+0600][17.057s][info][gc,alloc    ] GC(12) y:                         Mark Start        Mark End      Relocate Start    Relocate End   
[2026-04-03T06:29:12.744+0600][17.057s][info][gc,alloc    ] GC(12) y: Allocation Stalls:          0                0                0                0         
[2026-04-03T06:29:12.744+0600][17.057s][info][gc,load     ] GC(12) y: Load: 2.99 (25%) / 4.22 (35%) / 3.47 (29%)
[2026-04-03T06:29:12.744+0600][17.057s][info][gc,mmu      ] GC(12) y: MMU: 2ms/94.6%, 5ms/97.8%, 10ms/98.9%, 20ms/99.4%, 50ms/99.7%, 100ms/99.8%
[2026-04-03T06:29:12.744+0600][17.057s][info][gc,marking  ] GC(12) y: Mark: 2 stripe(s), 2 proactive flush(es), 1 terminate flush(es), 0 completion(s), 0 continuation(s) 
[2026-04-03T06:29:12.744+0600][17.057s][info][gc,marking  ] GC(12) y: Mark Stack Usage: 32M
[2026-04-03T06:29:12.744+0600][17.057s][info][gc,nmethod  ] GC(12) y: NMethods: 1857 registered, 876 unregistered
[2026-04-03T06:29:12.744+0600][17.057s][info][gc,metaspace] GC(12) y: Metaspace: 8M used, 9M committed, 1088M reserved
[2026-04-03T06:29:12.744+0600][17.057s][info][gc,reloc    ] GC(12) y:                        Candidates     Selected     In-Place         Size        Empty    Relocated 
[2026-04-03T06:29:12.744+0600][17.057s][info][gc,reloc    ] GC(12) y: Small Pages:                  992          735            0        1984M         356M         100M 
[2026-04-03T06:29:12.744+0600][17.057s][info][gc,reloc    ] GC(12) y: Medium Pages:                   2            0            0          64M          32M           0M 
[2026-04-03T06:29:12.744+0600][17.057s][info][gc,reloc    ] GC(12) y: Large Pages:                    0            0            0           0M           0M           0M 
[2026-04-03T06:29:12.744+0600][17.057s][info][gc,reloc    ] GC(12) y: Forwarding Usage: 68M
[2026-04-03T06:29:12.744+0600][17.057s][info][gc,reloc    ] GC(12) y: Age Table:
[2026-04-03T06:29:12.744+0600][17.057s][info][gc,reloc    ] GC(12) y:                    Live             Garbage             Small              Medium             Large        
[2026-04-03T06:29:12.744+0600][17.057s][info][gc,reloc    ] GC(12) y: Eden             107M (3%)         1848M (47%)        962 / 726            1 / 0              0 / 0        
[2026-04-03T06:29:12.744+0600][17.057s][info][gc,reloc    ] GC(12) y: Survivor 1        18M (0%)           55M (1%)          21 / 8              1 / 0              0 / 0        
[2026-04-03T06:29:12.744+0600][17.057s][info][gc,reloc    ] GC(12) y: Survivor 2        12M (0%)            3M (0%)           8 / 1              0 / 0              0 / 0        
[2026-04-03T06:29:12.744+0600][17.057s][info][gc,reloc    ] GC(12) y: Survivor 3         1M (0%)            0M (0%)           1 / 0              0 / 0              0 / 0        
[2026-04-03T06:29:12.744+0600][17.057s][info][gc,heap     ] GC(12) y: Min Capacity: 8M(0%)
[2026-04-03T06:29:12.744+0600][17.057s][info][gc,heap     ] GC(12) y: Max Capacity: 3922M(100%)
[2026-04-03T06:29:12.744+0600][17.057s][info][gc,heap     ] GC(12) y: Soft Max Capacity: 3529M(90%)
[2026-04-03T06:29:12.744+0600][17.057s][info][gc,heap     ] GC(12) y: Heap Statistics:
[2026-04-03T06:29:12.744+0600][17.057s][info][gc,heap     ] GC(12) y:                Mark Start          Mark End        Relocate Start      Relocate End           High               Low         
[2026-04-03T06:29:12.744+0600][17.057s][info][gc,heap     ] GC(12) y:  Capacity:     2472M (63%)        2654M (68%)        2654M (68%)        2654M (68%)        2654M (68%)        2472M (63%)    
[2026-04-03T06:29:12.744+0600][17.057s][info][gc,heap     ] GC(12) y:      Free:     1450M (37%)        1268M (32%)        1600M (41%)        2828M (72%)        2830M (72%)        1268M (32%)    
[2026-04-03T06:29:12.744+0600][17.058s][info][gc,heap     ] GC(12) y:      Used:     2472M (63%)        2654M (68%)        2322M (59%)        1094M (28%)        2654M (68%)        1092M (28%)    
[2026-04-03T06:29:12.744+0600][17.058s][info][gc,heap     ] GC(12) y: Young Generation Statistics:
[2026-04-03T06:29:12.744+0600][17.058s][info][gc,heap     ] GC(12) y:                Mark Start          Mark End        Relocate Start      Relocate End    
[2026-04-03T06:29:12.744+0600][17.058s][info][gc,heap     ] GC(12) y:      Used:     2048M (52%)        2230M (57%)        1898M (48%)         670M (17%)    
[2026-04-03T06:29:12.744+0600][17.058s][info][gc,heap     ] GC(12) y:      Live:         -               140M (4%)          140M (4%)          140M (4%)     
[2026-04-03T06:29:12.744+0600][17.058s][info][gc,heap     ] GC(12) y:   Garbage:         -              1907M (49%)        1519M (39%)          33M (1%)     
[2026-04-03T06:29:12.744+0600][17.058s][info][gc,heap     ] GC(12) y: Allocated:         -               182M (5%)          238M (6%)          496M (13%)    
[2026-04-03T06:29:12.744+0600][17.058s][info][gc,heap     ] GC(12) y: Reclaimed:         -                  -               388M (10%)        1874M (48%)    
[2026-04-03T06:29:12.744+0600][17.058s][info][gc,heap     ] GC(12) y:  Promoted:         -                  -                 0M (0%)            0M (0%)     
[2026-04-03T06:29:12.744+0600][17.058s][info][gc,heap     ] GC(12) y: Compacted:         -                  -                  -               113M (3%)     
[2026-04-03T06:29:12.744+0600][17.058s][info][gc,phases   ] GC(12) y: Young Generation 2472M(63%)->1094M(28%) 0.440s
[2026-04-03T06:29:12.744+0600][17.058s][info][gc          ] GC(12) Minor Collection (Allocation Rate) 2472M(63%)->1094M(28%) 0.441s
[2026-04-03T06:29:13.461+0600][17.775s][info][gc          ] GC(13) Minor Collection (Allocation Rate)
[2026-04-03T06:29:13.462+0600][17.775s][info][gc,task     ] GC(13) Using 2 Workers for Young Generation
[2026-04-03T06:29:13.462+0600][17.775s][info][gc,phases   ] GC(13) y: Young Generation
[2026-04-03T06:29:13.462+0600][17.775s][info][gc,phases   ] GC(13) y: Pause Mark Start 0.018ms
[2026-04-03T06:29:13.811+0600][18.125s][info][gc,phases   ] GC(13) y: Concurrent Mark 349.226ms
[2026-04-03T06:29:13.811+0600][18.125s][info][gc,phases   ] GC(13) y: Pause Mark End 0.018ms
[2026-04-03T06:29:13.812+0600][18.125s][info][gc,phases   ] GC(13) y: Concurrent Mark Free 0.001ms
[2026-04-03T06:29:13.812+0600][18.125s][info][gc,phases   ] GC(13) y: Concurrent Reset Relocation Set 0.047ms
[2026-04-03T06:29:13.813+0600][18.127s][info][gc,reloc    ] GC(13) y: Using tenuring threshold: 5 (Computed)
[2026-04-03T06:29:13.818+0600][18.131s][info][gc,phases   ] GC(13) y: Concurrent Select Relocation Set 6.302ms
[2026-04-03T06:29:13.818+0600][18.132s][info][gc,phases   ] GC(13) y: Pause Relocate Start 0.045ms
[2026-04-03T06:29:13.879+0600][18.192s][info][gc,phases   ] GC(13) y: Concurrent Relocate 60.484ms
[2026-04-03T06:29:13.879+0600][18.192s][info][gc,alloc    ] GC(13) y:                         Mark Start        Mark End      Relocate Start    Relocate End   
[2026-04-03T06:29:13.879+0600][18.192s][info][gc,alloc    ] GC(13) y: Allocation Stalls:          0                0                0                0         
[2026-04-03T06:29:13.879+0600][18.192s][info][gc,load     ] GC(13) y: Load: 2.99 (25%) / 4.22 (35%) / 3.47 (29%)
[2026-04-03T06:29:13.879+0600][18.192s][info][gc,mmu      ] GC(13) y: MMU: 2ms/94.6%, 5ms/97.8%, 10ms/98.9%, 20ms/99.4%, 50ms/99.7%, 100ms/99.8%
[2026-04-03T06:29:13.879+0600][18.192s][info][gc,marking  ] GC(13) y: Mark: 2 stripe(s), 2 proactive flush(es), 1 terminate flush(es), 0 completion(s), 0 continuation(s) 
[2026-04-03T06:29:13.879+0600][18.192s][info][gc,marking  ] GC(13) y: Mark Stack Usage: 32M
[2026-04-03T06:29:13.879+0600][18.192s][info][gc,nmethod  ] GC(13) y: NMethods: 1863 registered, 876 unregistered
[2026-04-03T06:29:13.879+0600][18.192s][info][gc,metaspace] GC(13) y: Metaspace: 8M used, 9M committed, 1088M reserved
[2026-04-03T06:29:13.879+0600][18.192s][info][gc,reloc    ] GC(13) y:                        Candidates     Selected     In-Place         Size        Empty    Relocated 
[2026-04-03T06:29:13.879+0600][18.192s][info][gc,reloc    ] GC(13) y: Small Pages:                  571          279            0        1142M         356M          49M 
[2026-04-03T06:29:13.879+0600][18.192s][info][gc,reloc    ] GC(13) y: Medium Pages:                   2            0            0          64M          64M           0M 
[2026-04-03T06:29:13.879+0600][18.192s][info][gc,reloc    ] GC(13) y: Large Pages:                    1            0            0           6M           0M           0M 
[2026-04-03T06:29:13.879+0600][18.192s][info][gc,reloc    ] GC(13) y: Forwarding Usage: 38M
[2026-04-03T06:29:13.879+0600][18.192s][info][gc,reloc    ] GC(13) y: Age Table:
[2026-04-03T06:29:13.879+0600][18.192s][info][gc,reloc    ] GC(13) y:                    Live             Garbage             Small              Medium             Large        
[2026-04-03T06:29:13.879+0600][18.192s][info][gc,reloc    ] GC(13) y: Eden              83M (2%)          946M (24%)        496 / 274            1 / 0              1 / 0        
[2026-04-03T06:29:13.879+0600][18.192s][info][gc,reloc    ] GC(13) y: Survivor 1       106M (3%)           35M (1%)          55 / 2              1 / 0              0 / 0        
[2026-04-03T06:29:13.879+0600][18.193s][info][gc,reloc    ] GC(13) y: Survivor 2        18M (0%)            3M (0%)          11 / 2              0 / 0              0 / 0        
[2026-04-03T06:29:13.879+0600][18.193s][info][gc,reloc    ] GC(13) y: Survivor 3        12M (0%)            3M (0%)           8 / 1              0 / 0              0 / 0        
[2026-04-03T06:29:13.879+0600][18.193s][info][gc,reloc    ] GC(13) y: Survivor 4         1M (0%)            0M (0%)           1 / 0              0 / 0              0 / 0        
[2026-04-03T06:29:13.879+0600][18.193s][info][gc,heap     ] GC(13) y: Min Capacity: 8M(0%)
[2026-04-03T06:29:13.879+0600][18.193s][info][gc,heap     ] GC(13) y: Max Capacity: 3922M(100%)
[2026-04-03T06:29:13.879+0600][18.193s][info][gc,heap     ] GC(13) y: Soft Max Capacity: 3529M(90%)
[2026-04-03T06:29:13.879+0600][18.193s][info][gc,heap     ] GC(13) y: Heap Statistics:
[2026-04-03T06:29:13.879+0600][18.193s][info][gc,heap     ] GC(13) y:                Mark Start          Mark End        Relocate Start      Relocate End           High               Low         
[2026-04-03T06:29:13.879+0600][18.193s][info][gc,heap     ] GC(13) y:  Capacity:     2660M (68%)        2660M (68%)        2660M (68%)        2660M (68%)        2660M (68%)        2660M (68%)    
[2026-04-03T06:29:13.879+0600][18.193s][info][gc,heap     ] GC(13) y:      Free:     2286M (58%)        2018M (51%)        2434M (62%)        2954M (75%)        2954M (75%)        2018M (51%)    
[2026-04-03T06:29:13.879+0600][18.193s][info][gc,heap     ] GC(13) y:      Used:     1636M (42%)        1904M (49%)        1488M (38%)         968M (25%)        1904M (49%)         968M (25%)    
[2026-04-03T06:29:13.879+0600][18.193s][info][gc,heap     ] GC(13) y: Young Generation Statistics:
[2026-04-03T06:29:13.879+0600][18.193s][info][gc,heap     ] GC(13) y:                Mark Start          Mark End        Relocate Start      Relocate End    
[2026-04-03T06:29:13.879+0600][18.193s][info][gc,heap     ] GC(13) y:      Used:     1212M (31%)        1480M (38%)        1064M (27%)         544M (14%)    
[2026-04-03T06:29:13.879+0600][18.193s][info][gc,heap     ] GC(13) y:      Live:         -               222M (6%)          222M (6%)          222M (6%)     
[2026-04-03T06:29:13.879+0600][18.193s][info][gc,heap     ] GC(13) y:   Garbage:         -               989M (25%)         569M (15%)           3M (0%)     
[2026-04-03T06:29:13.879+0600][18.193s][info][gc,heap     ] GC(13) y: Allocated:         -               268M (7%)          272M (7%)          318M (8%)     
[2026-04-03T06:29:13.879+0600][18.193s][info][gc,heap     ] GC(13) y: Reclaimed:         -                  -               420M (11%)         986M (25%)    
[2026-04-03T06:29:13.879+0600][18.193s][info][gc,heap     ] GC(13) y:  Promoted:         -                  -                 0M (0%)            0M (0%)     
[2026-04-03T06:29:13.879+0600][18.193s][info][gc,heap     ] GC(13) y: Compacted:         -                  -                  -                57M (1%)     
[2026-04-03T06:29:13.879+0600][18.193s][info][gc,phases   ] GC(13) y: Young Generation 1636M(42%)->968M(25%) 0.417s
[2026-04-03T06:29:13.879+0600][18.193s][info][gc          ] GC(13) Minor Collection (Allocation Rate) 1636M(42%)->968M(25%) 0.418s
[2026-04-03T06:29:15.070+0600][19.384s][info][gc          ] GC(14) Minor Collection (Allocation Rate)
[2026-04-03T06:29:15.070+0600][19.384s][info][gc,task     ] GC(14) Using 2 Workers for Young Generation
[2026-04-03T06:29:15.070+0600][19.384s][info][gc,phases   ] GC(14) y: Young Generation
[2026-04-03T06:29:15.071+0600][19.384s][info][gc,phases   ] GC(14) y: Pause Mark Start 0.029ms
[2026-04-03T06:29:15.336+0600][19.649s][info][gc,phases   ] GC(14) y: Concurrent Mark 264.636ms
[2026-04-03T06:29:15.336+0600][19.649s][info][gc,phases   ] GC(14) y: Pause Mark End 0.022ms
[2026-04-03T06:29:15.336+0600][19.649s][info][gc,phases   ] GC(14) y: Concurrent Mark Free 0.001ms
[2026-04-03T06:29:15.336+0600][19.649s][info][gc,phases   ] GC(14) y: Concurrent Reset Relocation Set 0.039ms
[2026-04-03T06:29:15.339+0600][19.652s][info][gc,reloc    ] GC(14) y: Using tenuring threshold: 4 (Computed)
[2026-04-03T06:29:15.354+0600][19.667s][info][gc,phases   ] GC(14) y: Concurrent Select Relocation Set 17.525ms
[2026-04-03T06:29:15.354+0600][19.667s][info][gc,phases   ] GC(14) y: Pause Relocate Start 0.028ms
[2026-04-03T06:29:15.466+0600][19.779s][info][gc,phases   ] GC(14) y: Concurrent Relocate 111.526ms
[2026-04-03T06:29:15.466+0600][19.779s][info][gc,alloc    ] GC(14) y:                         Mark Start        Mark End      Relocate Start    Relocate End   
[2026-04-03T06:29:15.466+0600][19.779s][info][gc,alloc    ] GC(14) y: Allocation Stalls:          0                0                0                0         
[2026-04-03T06:29:15.466+0600][19.779s][info][gc,load     ] GC(14) y: Load: 2.99 (25%) / 4.22 (35%) / 3.47 (29%)
[2026-04-03T06:29:15.466+0600][19.779s][info][gc,mmu      ] GC(14) y: MMU: 2ms/94.6%, 5ms/97.8%, 10ms/98.9%, 20ms/99.4%, 50ms/99.7%, 100ms/99.8%
[2026-04-03T06:29:15.466+0600][19.779s][info][gc,marking  ] GC(14) y: Mark: 2 stripe(s), 3 proactive flush(es), 1 terminate flush(es), 0 completion(s), 0 continuation(s) 
[2026-04-03T06:29:15.466+0600][19.779s][info][gc,marking  ] GC(14) y: Mark Stack Usage: 32M
[2026-04-03T06:29:15.466+0600][19.779s][info][gc,nmethod  ] GC(14) y: NMethods: 1875 registered, 876 unregistered
[2026-04-03T06:29:15.466+0600][19.779s][info][gc,metaspace] GC(14) y: Metaspace: 8M used, 9M committed, 1088M reserved
[2026-04-03T06:29:15.466+0600][19.779s][info][gc,reloc    ] GC(14) y:                        Candidates     Selected     In-Place         Size        Empty    Relocated 
[2026-04-03T06:29:15.466+0600][19.779s][info][gc,reloc    ] GC(14) y: Small Pages:                  933          660            0        1866M         378M          64M 
[2026-04-03T06:29:15.466+0600][19.779s][info][gc,reloc    ] GC(14) y: Medium Pages:                   1            0            0          32M           0M           0M 
[2026-04-03T06:29:15.466+0600][19.779s][info][gc,reloc    ] GC(14) y: Large Pages:                    1            0            0           6M           6M           0M 
[2026-04-03T06:29:15.466+0600][19.779s][info][gc,reloc    ] GC(14) y: Forwarding Usage: 55M
[2026-04-03T06:29:15.466+0600][19.779s][info][gc,reloc    ] GC(14) y: Age Table:
[2026-04-03T06:29:15.466+0600][19.779s][info][gc,reloc    ] GC(14) y:                    Live             Garbage             Small              Medium             Large        
[2026-04-03T06:29:15.466+0600][19.779s][info][gc,reloc    ] GC(14) y: Eden              38M (1%)         1631M (42%)        819 / 621            1 / 0              0 / 0        
[2026-04-03T06:29:15.466+0600][19.779s][info][gc,reloc    ] GC(14) y: Survivor 1        22M (1%)           65M (2%)          41 / 16             0 / 0              1 / 0        
[2026-04-03T06:29:15.466+0600][19.779s][info][gc,reloc    ] GC(14) y: Survivor 2        57M (1%)           50M (1%)          54 / 22             0 / 0              0 / 0        
[2026-04-03T06:29:15.466+0600][19.779s][info][gc,reloc    ] GC(14) y: Survivor 3        18M (0%)            3M (0%)          11 / 1              0 / 0              0 / 0        
[2026-04-03T06:29:15.466+0600][19.779s][info][gc,reloc    ] GC(14) y: Survivor 4        12M (0%)            1M (0%)           7 / 0              0 / 0              0 / 0        
[2026-04-03T06:29:15.466+0600][19.779s][info][gc,reloc    ] GC(14) y: Survivor 5         1M (0%)            0M (0%)           1 / 0              0 / 0              0 / 0        
[2026-04-03T06:29:15.466+0600][19.779s][info][gc,heap     ] GC(14) y: Min Capacity: 8M(0%)
[2026-04-03T06:29:15.466+0600][19.779s][info][gc,heap     ] GC(14) y: Max Capacity: 3922M(100%)
[2026-04-03T06:29:15.466+0600][19.779s][info][gc,heap     ] GC(14) y: Soft Max Capacity: 3529M(90%)
[2026-04-03T06:29:15.466+0600][19.779s][info][gc,heap     ] GC(14) y: Heap Statistics:
[2026-04-03T06:29:15.466+0600][19.779s][info][gc,heap     ] GC(14) y:                Mark Start          Mark End        Relocate Start      Relocate End           High               Low         
[2026-04-03T06:29:15.466+0600][19.779s][info][gc,heap     ] GC(14) y:  Capacity:     2660M (68%)        2660M (68%)        2660M (68%)        2660M (68%)        2660M (68%)        2660M (68%)    
[2026-04-03T06:29:15.466+0600][19.779s][info][gc,heap     ] GC(14) y:      Free:     1594M (41%)        1440M (37%)        1790M (46%)        2944M (75%)        2972M (76%)        1440M (37%)    
[2026-04-03T06:29:15.466+0600][19.779s][info][gc,heap     ] GC(14) y:      Used:     2328M (59%)        2482M (63%)        2132M (54%)         978M (25%)        2482M (63%)         950M (24%)    
[2026-04-03T06:29:15.466+0600][19.779s][info][gc,heap     ] GC(14) y: Young Generation Statistics:
[2026-04-03T06:29:15.466+0600][19.779s][info][gc,heap     ] GC(14) y:                Mark Start          Mark End        Relocate Start      Relocate End    
[2026-04-03T06:29:15.466+0600][19.779s][info][gc,heap     ] GC(14) y:      Used:     1904M (49%)        2058M (52%)        1692M (43%)         538M (14%)    
[2026-04-03T06:29:15.466+0600][19.779s][info][gc,heap     ] GC(14) y:      Live:         -               151M (4%)          136M (3%)          136M (3%)     
[2026-04-03T06:29:15.466+0600][19.779s][info][gc,heap     ] GC(14) y:   Garbage:         -              1752M (45%)        1367M (35%)          32M (1%)     
[2026-04-03T06:29:15.466+0600][19.779s][info][gc,heap     ] GC(14) y: Allocated:         -               154M (4%)          188M (5%)          368M (9%)     
[2026-04-03T06:29:15.466+0600][19.779s][info][gc,heap     ] GC(14) y: Reclaimed:         -                  -               385M (10%)        1719M (44%)    
[2026-04-03T06:29:15.466+0600][19.779s][info][gc,heap     ] GC(14) y:  Promoted:         -                  -                14M (0%)           14M (0%)     
[2026-04-03T06:29:15.466+0600][19.779s][info][gc,heap     ] GC(14) y: Compacted:         -                  -                  -                97M (2%)     
[2026-04-03T06:29:15.466+0600][19.779s][info][gc,phases   ] GC(14) y: Young Generation 2328M(59%)->978M(25%) 0.395s
[2026-04-03T06:29:15.466+0600][19.779s][info][gc          ] GC(14) Minor Collection (Allocation Rate) 2328M(59%)->978M(25%) 0.396s
[2026-04-03T06:29:17.327+0600][21.640s][info][gc          ] GC(15) Minor Collection (Allocation Rate)
[2026-04-03T06:29:17.327+0600][21.640s][info][gc,task     ] GC(15) Using 2 Workers for Young Generation
[2026-04-03T06:29:17.327+0600][21.640s][info][gc,phases   ] GC(15) y: Young Generation
[2026-04-03T06:29:17.327+0600][21.640s][info][gc,phases   ] GC(15) y: Pause Mark Start 0.018ms
[2026-04-03T06:29:17.976+0600][22.289s][info][gc,phases   ] GC(15) y: Concurrent Mark 648.222ms
[2026-04-03T06:29:17.976+0600][22.289s][info][gc,phases   ] GC(15) y: Pause Mark End 0.020ms
[2026-04-03T06:29:17.976+0600][22.289s][info][gc,phases   ] GC(15) y: Concurrent Mark Free 0.002ms
[2026-04-03T06:29:17.976+0600][22.289s][info][gc,phases   ] GC(15) y: Concurrent Reset Relocation Set 0.056ms
[2026-04-03T06:29:17.978+0600][22.291s][info][gc,reloc    ] GC(15) y: Using tenuring threshold: 2 (Computed)
[2026-04-03T06:29:18.033+0600][22.346s][info][gc,phases   ] GC(15) y: Concurrent Select Relocation Set 56.667ms
[2026-04-03T06:29:18.033+0600][22.346s][info][gc,phases   ] GC(15) y: Pause Relocate Start 0.020ms
[2026-04-03T06:29:18.299+0600][22.612s][info][gc,phases   ] GC(15) y: Concurrent Relocate 266.077ms
[2026-04-03T06:29:18.299+0600][22.612s][info][gc,alloc    ] GC(15) y:                         Mark Start        Mark End      Relocate Start    Relocate End   
[2026-04-03T06:29:18.299+0600][22.612s][info][gc,alloc    ] GC(15) y: Allocation Stalls:          0                0                0                0         
[2026-04-03T06:29:18.299+0600][22.612s][info][gc,load     ] GC(15) y: Load: 2.83 (24%) / 4.17 (35%) / 3.46 (29%)
[2026-04-03T06:29:18.299+0600][22.612s][info][gc,mmu      ] GC(15) y: MMU: 2ms/94.6%, 5ms/97.8%, 10ms/98.9%, 20ms/99.4%, 50ms/99.7%, 100ms/99.8%
[2026-04-03T06:29:18.299+0600][22.612s][info][gc,marking  ] GC(15) y: Mark: 2 stripe(s), 10 proactive flush(es), 1 terminate flush(es), 0 completion(s), 0 continuation(s) 
[2026-04-03T06:29:18.299+0600][22.612s][info][gc,marking  ] GC(15) y: Mark Stack Usage: 32M
[2026-04-03T06:29:18.299+0600][22.612s][info][gc,nmethod  ] GC(15) y: NMethods: 1879 registered, 876 unregistered
[2026-04-03T06:29:18.299+0600][22.613s][info][gc,metaspace] GC(15) y: Metaspace: 8M used, 9M committed, 1088M reserved
[2026-04-03T06:29:18.299+0600][22.613s][info][gc,reloc    ] GC(15) y:                        Candidates     Selected     In-Place         Size        Empty    Relocated 
[2026-04-03T06:29:18.299+0600][22.613s][info][gc,reloc    ] GC(15) y: Small Pages:                  925          543            0        1850M         486M          96M 
[2026-04-03T06:29:18.299+0600][22.613s][info][gc,reloc    ] GC(15) y: Medium Pages:                   2            0            0          64M          64M           0M 
[2026-04-03T06:29:18.299+0600][22.613s][info][gc,reloc    ] GC(15) y: Large Pages:                    1            0            0           6M           0M           0M 
[2026-04-03T06:29:18.299+0600][22.613s][info][gc,reloc    ] GC(15) y: Forwarding Usage: 75M
[2026-04-03T06:29:18.299+0600][22.613s][info][gc,reloc    ] GC(15) y: Age Table:
[2026-04-03T06:29:18.299+0600][22.613s][info][gc,reloc    ] GC(15) y:                    Live             Garbage             Small              Medium             Large        
[2026-04-03T06:29:18.299+0600][22.613s][info][gc,reloc    ] GC(15) y: Eden             129M (3%)         1610M (41%)        851 / 538            1 / 0              1 / 0        
[2026-04-03T06:29:18.299+0600][22.613s][info][gc,reloc    ] GC(15) y: Survivor 1        36M (1%)           37M (1%)          21 / 2              1 / 0              0 / 0        
[2026-04-03T06:29:18.299+0600][22.613s][info][gc,reloc    ] GC(15) y: Survivor 2        22M (1%)            1M (0%)          12 / 0              0 / 0              0 / 0        
[2026-04-03T06:29:18.299+0600][22.613s][info][gc,reloc    ] GC(15) y: Survivor 3        57M (1%)            2M (0%)          30 / 1              0 / 0              0 / 0        
[2026-04-03T06:29:18.299+0600][22.613s][info][gc,reloc    ] GC(15) y: Survivor 4        18M (0%)            3M (0%)          11 / 2              0 / 0              0 / 0        
[2026-04-03T06:29:18.299+0600][22.613s][info][gc,heap     ] GC(15) y: Min Capacity: 8M(0%)
[2026-04-03T06:29:18.299+0600][22.613s][info][gc,heap     ] GC(15) y: Max Capacity: 3922M(100%)
[2026-04-03T06:29:18.299+0600][22.613s][info][gc,heap     ] GC(15) y: Soft Max Capacity: 3529M(90%)
[2026-04-03T06:29:18.299+0600][22.613s][info][gc,heap     ] GC(15) y: Heap Statistics:
[2026-04-03T06:29:18.299+0600][22.613s][info][gc,heap     ] GC(15) y:                Mark Start          Mark End        Relocate Start      Relocate End           High               Low         
[2026-04-03T06:29:18.299+0600][22.613s][info][gc,heap     ] GC(15) y:  Capacity:     2660M (68%)        2706M (69%)        2706M (69%)        2706M (69%)        2706M (69%)        2660M (68%)    
[2026-04-03T06:29:18.299+0600][22.613s][info][gc,heap     ] GC(15) y:      Free:     1562M (40%)        1216M (31%)        1720M (44%)        2644M (67%)        2706M (69%)        1216M (31%)    
[2026-04-03T06:29:18.299+0600][22.613s][info][gc,heap     ] GC(15) y:      Used:     2360M (60%)        2706M (69%)        2202M (56%)        1278M (33%)        2706M (69%)        1216M (31%)    
[2026-04-03T06:29:18.299+0600][22.613s][info][gc,heap     ] GC(15) y: Young Generation Statistics:
[2026-04-03T06:29:18.299+0600][22.613s][info][gc,heap     ] GC(15) y:                Mark Start          Mark End        Relocate Start      Relocate End    
[2026-04-03T06:29:18.299+0600][22.613s][info][gc,heap     ] GC(15) y:      Used:     1920M (49%)        2266M (58%)        1666M (42%)         734M (19%)    
[2026-04-03T06:29:18.299+0600][22.613s][info][gc,heap     ] GC(15) y:      Live:         -               265M (7%)          170M (4%)          166M (4%)     
[2026-04-03T06:29:18.299+0600][22.613s][info][gc,heap     ] GC(15) y:   Garbage:         -              1654M (42%)        1103M (28%)           1M (0%)     
[2026-04-03T06:29:18.299+0600][22.613s][info][gc,heap     ] GC(15) y: Allocated:         -               346M (9%)          392M (10%)         566M (14%)    
[2026-04-03T06:29:18.299+0600][22.613s][info][gc,heap     ] GC(15) y: Reclaimed:         -                  -               551M (14%)        1653M (42%)    
[2026-04-03T06:29:18.299+0600][22.613s][info][gc,heap     ] GC(15) y:  Promoted:         -                  -                94M (2%)           98M (3%)     
[2026-04-03T06:29:18.299+0600][22.613s][info][gc,heap     ] GC(15) y: Compacted:         -                  -                  -               105M (3%)     
[2026-04-03T06:29:18.299+0600][22.613s][info][gc,phases   ] GC(15) y: Young Generation 2360M(60%)->1278M(33%) 0.972s
[2026-04-03T06:29:18.299+0600][22.613s][info][gc          ] GC(15) Minor Collection (Allocation Rate) 2360M(60%)->1278M(33%) 0.973s
[2026-04-03T06:29:18.300+0600][22.613s][info][gc          ] GC(16) Minor Collection (Allocation Rate)
[2026-04-03T06:29:18.300+0600][22.613s][info][gc,task     ] GC(16) Using 3 Workers for Young Generation
[2026-04-03T06:29:18.300+0600][22.613s][info][gc,phases   ] GC(16) y: Young Generation
[2026-04-03T06:29:18.300+0600][22.613s][info][gc,phases   ] GC(16) y: Pause Mark Start 0.018ms
[2026-04-03T06:29:18.657+0600][22.971s][info][gc,phases   ] GC(16) y: Concurrent Mark 357.171ms
[2026-04-03T06:29:18.658+0600][22.971s][info][gc,phases   ] GC(16) y: Pause Mark End 0.028ms
[2026-04-03T06:29:18.658+0600][22.971s][info][gc,phases   ] GC(16) y: Concurrent Mark Free 0.002ms
[2026-04-03T06:29:18.658+0600][22.971s][info][gc,phases   ] GC(16) y: Concurrent Reset Relocation Set 0.142ms
[2026-04-03T06:29:18.659+0600][22.973s][info][gc,reloc    ] GC(16) y: Using tenuring threshold: 1 (Computed)
[2026-04-03T06:29:18.709+0600][23.022s][info][gc,phases   ] GC(16) y: Concurrent Select Relocation Set 51.110ms
[2026-04-03T06:29:18.709+0600][23.023s][info][gc,phases   ] GC(16) y: Pause Relocate Start 0.035ms
[2026-04-03T06:29:18.832+0600][23.145s][info][gc,phases   ] GC(16) y: Concurrent Relocate 122.394ms
[2026-04-03T06:29:18.832+0600][23.145s][info][gc,alloc    ] GC(16) y:                         Mark Start        Mark End      Relocate Start    Relocate End   
[2026-04-03T06:29:18.832+0600][23.146s][info][gc,alloc    ] GC(16) y: Allocation Stalls:          0                0                0                0         
[2026-04-03T06:29:18.832+0600][23.146s][info][gc,load     ] GC(16) y: Load: 2.83 (24%) / 4.17 (35%) / 3.46 (29%)
[2026-04-03T06:29:18.832+0600][23.146s][info][gc,mmu      ] GC(16) y: MMU: 2ms/94.6%, 5ms/97.8%, 10ms/98.9%, 20ms/99.4%, 50ms/99.7%, 100ms/99.8%
[2026-04-03T06:29:18.832+0600][23.146s][info][gc,marking  ] GC(16) y: Mark: 2 stripe(s), 10 proactive flush(es), 1 terminate flush(es), 0 completion(s), 0 continuation(s) 
[2026-04-03T06:29:18.832+0600][23.146s][info][gc,marking  ] GC(16) y: Mark Stack Usage: 32M
[2026-04-03T06:29:18.832+0600][23.146s][info][gc,nmethod  ] GC(16) y: NMethods: 1879 registered, 876 unregistered
[2026-04-03T06:29:18.832+0600][23.146s][info][gc,metaspace] GC(16) y: Metaspace: 8M used, 9M committed, 1088M reserved
[2026-04-03T06:29:18.832+0600][23.146s][info][gc,reloc    ] GC(16) y:                        Candidates     Selected     In-Place         Size        Empty    Relocated 
[2026-04-03T06:29:18.832+0600][23.146s][info][gc,reloc    ] GC(16) y: Small Pages:                  364          129            0         728M         306M           4M 
[2026-04-03T06:29:18.832+0600][23.146s][info][gc,reloc    ] GC(16) y: Medium Pages:                   0            0            0           0M           0M           0M 
[2026-04-03T06:29:18.832+0600][23.146s][info][gc,reloc    ] GC(16) y: Large Pages:                    1            0            0           6M           0M           0M 
[2026-04-03T06:29:18.832+0600][23.146s][info][gc,reloc    ] GC(16) y: Forwarding Usage: 2M
[2026-04-03T06:29:18.832+0600][23.146s][info][gc,reloc    ] GC(16) y: Age Table:
[2026-04-03T06:29:18.832+0600][23.146s][info][gc,reloc    ] GC(16) y:                    Live             Garbage             Small              Medium             Large        
[2026-04-03T06:29:18.832+0600][23.146s][info][gc,reloc    ] GC(16) y: Eden               2M (0%)          555M (14%)        279 / 124            0 / 0              0 / 0        
[2026-04-03T06:29:18.832+0600][23.146s][info][gc,reloc    ] GC(16) y: Survivor 1       127M (3%)            6M (0%)          64 / 2              0 / 0              1 / 0        
[2026-04-03T06:29:18.832+0600][23.146s][info][gc,reloc    ] GC(16) y: Survivor 2        29M (1%)           12M (0%)          21 / 3              0 / 0              0 / 0        
[2026-04-03T06:29:18.832+0600][23.146s][info][gc,heap     ] GC(16) y: Min Capacity: 8M(0%)
[2026-04-03T06:29:18.832+0600][23.146s][info][gc,heap     ] GC(16) y: Max Capacity: 3922M(100%)
[2026-04-03T06:29:18.832+0600][23.146s][info][gc,heap     ] GC(16) y: Soft Max Capacity: 3529M(90%)
[2026-04-03T06:29:18.832+0600][23.146s][info][gc,heap     ] GC(16) y: Heap Statistics:
[2026-04-03T06:29:18.832+0600][23.146s][info][gc,heap     ] GC(16) y:                Mark Start          Mark End        Relocate Start      Relocate End           High               Low         
[2026-04-03T06:29:18.832+0600][23.146s][info][gc,heap     ] GC(16) y:  Capacity:     2706M (69%)        2706M (69%)        2706M (69%)        2706M (69%)        2706M (69%)        2706M (69%)    
[2026-04-03T06:29:18.832+0600][23.146s][info][gc,heap     ] GC(16) y:      Free:     2644M (67%)        2372M (60%)        2628M (67%)        2784M (71%)        2872M (73%)        2372M (60%)    
[2026-04-03T06:29:18.832+0600][23.146s][info][gc,heap     ] GC(16) y:      Used:     1278M (33%)        1550M (40%)        1294M (33%)        1138M (29%)        1550M (40%)        1050M (27%)    
[2026-04-03T06:29:18.832+0600][23.146s][info][gc,heap     ] GC(16) y: Young Generation Statistics:
[2026-04-03T06:29:18.832+0600][23.146s][info][gc,heap     ] GC(16) y:                Mark Start          Mark End        Relocate Start      Relocate End    
[2026-04-03T06:29:18.832+0600][23.146s][info][gc,heap     ] GC(16) y:      Used:      734M (19%)        1006M (26%)         586M (15%)         424M (11%)    
[2026-04-03T06:29:18.833+0600][23.146s][info][gc,heap     ] GC(16) y:      Live:         -               159M (4%)            5M (0%)            2M (0%)     
[2026-04-03T06:29:18.833+0600][23.146s][info][gc,heap     ] GC(16) y:   Garbage:         -               574M (15%)         258M (7%)            0M (0%)     
[2026-04-03T06:29:18.833+0600][23.146s][info][gc,heap     ] GC(16) y: Allocated:         -               272M (7%)          322M (8%)          421M (11%)    
[2026-04-03T06:29:18.833+0600][23.146s][info][gc,heap     ] GC(16) y: Reclaimed:         -                  -               315M (8%)          574M (15%)    
[2026-04-03T06:29:18.833+0600][23.146s][info][gc,heap     ] GC(16) y:  Promoted:         -                  -               154M (4%)          157M (4%)     
[2026-04-03T06:29:18.833+0600][23.146s][info][gc,heap     ] GC(16) y: Compacted:         -                  -                  -                 2M (0%)     
[2026-04-03T06:29:18.833+0600][23.146s][info][gc,phases   ] GC(16) y: Young Generation 1278M(33%)->1138M(29%) 0.532s
[2026-04-03T06:29:18.833+0600][23.146s][info][gc          ] GC(16) Minor Collection (Allocation Rate) 1278M(33%)->1138M(29%) 0.533s
[2026-04-03T06:29:19.153+0600][23.466s][info][gc          ] GC(17) Major Collection (System.gc())
[2026-04-03T06:29:19.153+0600][23.466s][info][gc,task     ] GC(17) Using 3 Workers for Young Generation
[2026-04-03T06:29:19.153+0600][23.466s][info][gc,task     ] GC(17) Using 3 Workers for Old Generation
[2026-04-03T06:29:19.153+0600][23.466s][info][gc,phases   ] GC(17) Y: Young Generation (Promote All)
[2026-04-03T06:29:19.153+0600][23.467s][info][gc,phases   ] GC(17) Y: Pause Mark Start 0.118ms
[2026-04-03T06:29:19.186+0600][23.499s][info][gc,phases   ] GC(17) Y: Concurrent Mark 32.423ms
[2026-04-03T06:29:19.186+0600][23.500s][info][gc,phases   ] GC(17) Y: Pause Mark End 0.026ms
[2026-04-03T06:29:19.186+0600][23.500s][info][gc,phases   ] GC(17) Y: Concurrent Mark Free 0.001ms
[2026-04-03T06:29:19.186+0600][23.500s][info][gc,phases   ] GC(17) Y: Concurrent Reset Relocation Set 0.176ms
[2026-04-03T06:29:19.188+0600][23.501s][info][gc,reloc    ] GC(17) Y: Using tenuring threshold: 0 (Promote All)
[2026-04-03T06:29:19.193+0600][23.506s][info][gc,phases   ] GC(17) Y: Concurrent Select Relocation Set 6.347ms
[2026-04-03T06:29:19.193+0600][23.506s][info][gc,phases   ] GC(17) Y: Pause Relocate Start 0.020ms
[2026-04-03T06:29:19.205+0600][23.518s][info][gc,phases   ] GC(17) Y: Concurrent Relocate 12.002ms
[2026-04-03T06:29:19.205+0600][23.518s][info][gc,alloc    ] GC(17) Y:                         Mark Start        Mark End      Relocate Start    Relocate End   
[2026-04-03T06:29:19.205+0600][23.518s][info][gc,alloc    ] GC(17) Y: Allocation Stalls:          0                0                0                0         
[2026-04-03T06:29:19.205+0600][23.518s][info][gc,load     ] GC(17) Y: Load: 2.83 (24%) / 4.17 (35%) / 3.46 (29%)
[2026-04-03T06:29:19.205+0600][23.519s][info][gc,mmu      ] GC(17) Y: MMU: 2ms/94.1%, 5ms/97.6%, 10ms/98.8%, 20ms/99.4%, 50ms/99.7%, 100ms/99.8%
[2026-04-03T06:29:19.205+0600][23.519s][info][gc,marking  ] GC(17) Y: Mark: 2 stripe(s), 10 proactive flush(es), 1 terminate flush(es), 0 completion(s), 0 continuation(s) 
[2026-04-03T06:29:19.205+0600][23.519s][info][gc,marking  ] GC(17) Y: Mark Stack Usage: 32M
[2026-04-03T06:29:19.205+0600][23.519s][info][gc,nmethod  ] GC(17) Y: NMethods: 1912 registered, 876 unregistered
[2026-04-03T06:29:19.205+0600][23.519s][info][gc,metaspace] GC(17) Y: Metaspace: 8M used, 9M committed, 1088M reserved
[2026-04-03T06:29:19.205+0600][23.519s][info][gc,reloc    ] GC(17) Y:                        Candidates     Selected     In-Place         Size        Empty    Relocated 
[2026-04-03T06:29:19.205+0600][23.519s][info][gc,reloc    ] GC(17) Y: Small Pages:                  361          310            0         722M          92M           7M 
[2026-04-03T06:29:19.205+0600][23.519s][info][gc,reloc    ] GC(17) Y: Medium Pages:                   0            0            0           0M           0M           0M 
[2026-04-03T06:29:19.205+0600][23.519s][info][gc,reloc    ] GC(17) Y: Large Pages:                    0            0            0           0M           0M           0M 
[2026-04-03T06:29:19.205+0600][23.519s][info][gc,reloc    ] GC(17) Y: Forwarding Usage: 1M
[2026-04-03T06:29:19.205+0600][23.519s][info][gc,reloc    ] GC(17) Y: Age Table:
[2026-04-03T06:29:19.205+0600][23.519s][info][gc,reloc    ] GC(17) Y:                    Live             Garbage             Small              Medium             Large        
[2026-04-03T06:29:19.205+0600][23.519s][info][gc,reloc    ] GC(17) Y: Eden               5M (0%)          708M (18%)        357 / 307            0 / 0              0 / 0        
[2026-04-03T06:29:19.205+0600][23.519s][info][gc,reloc    ] GC(17) Y: Survivor 1         2M (0%)            5M (0%)           4 / 3              0 / 0              0 / 0        
[2026-04-03T06:29:19.205+0600][23.519s][info][gc,heap     ] GC(17) Y: Min Capacity: 8M(0%)
[2026-04-03T06:29:19.205+0600][23.519s][info][gc,heap     ] GC(17) Y: Max Capacity: 3922M(100%)
[2026-04-03T06:29:19.205+0600][23.519s][info][gc,heap     ] GC(17) Y: Soft Max Capacity: 3529M(90%)
[2026-04-03T06:29:19.205+0600][23.519s][info][gc,heap     ] GC(17) Y: Heap Statistics:
[2026-04-03T06:29:19.205+0600][23.519s][info][gc,heap     ] GC(17) Y:                Mark Start          Mark End        Relocate Start      Relocate End           High               Low         
[2026-04-03T06:29:19.205+0600][23.519s][info][gc,heap     ] GC(17) Y:  Capacity:     2706M (69%)        2706M (69%)        2706M (69%)        2706M (69%)        2706M (69%)        2706M (69%)    
[2026-04-03T06:29:19.205+0600][23.519s][info][gc,heap     ] GC(17) Y:      Free:     2486M (63%)        2486M (63%)        2578M (66%)        3196M (81%)        3196M (81%)        2486M (63%)    
[2026-04-03T06:29:19.205+0600][23.519s][info][gc,heap     ] GC(17) Y:      Used:     1436M (37%)        1436M (37%)        1344M (34%)         726M (19%)        1436M (37%)         726M (19%)    
[2026-04-03T06:29:19.205+0600][23.519s][info][gc,heap     ] GC(17) Y: Young Generation Statistics:
[2026-04-03T06:29:19.205+0600][23.519s][info][gc,heap     ] GC(17) Y:                Mark Start          Mark End        Relocate Start      Relocate End    
[2026-04-03T06:29:19.205+0600][23.519s][info][gc,heap     ] GC(17) Y:      Used:      722M (18%)         722M (18%)         630M (16%)           0M (0%)     
[2026-04-03T06:29:19.205+0600][23.519s][info][gc,heap     ] GC(17) Y:      Live:         -                 8M (0%)            8M (0%)            0M (0%)     
[2026-04-03T06:29:19.205+0600][23.519s][info][gc,heap     ] GC(17) Y:   Garbage:         -               713M (18%)         621M (16%)           0M (0%)     
[2026-04-03T06:29:19.205+0600][23.519s][info][gc,heap     ] GC(17) Y: Allocated:         -                 0M (0%)            0M (0%)            0M (0%)     
[2026-04-03T06:29:19.205+0600][23.519s][info][gc,heap     ] GC(17) Y: Reclaimed:         -                  -                92M (2%)          713M (18%)    
[2026-04-03T06:29:19.205+0600][23.519s][info][gc,heap     ] GC(17) Y:  Promoted:         -                  -                 0M (0%)            8M (0%)     
[2026-04-03T06:29:19.205+0600][23.519s][info][gc,heap     ] GC(17) Y: Compacted:         -                  -                  -                 0M (0%)     
[2026-04-03T06:29:19.205+0600][23.519s][info][gc,phases   ] GC(17) Y: Young Generation (Promote All) 1436M(37%)->726M(19%) 0.052s
[2026-04-03T06:29:19.205+0600][23.519s][info][gc,phases   ] GC(17) Y: Young Generation (Collect Roots)
[2026-04-03T06:29:19.206+0600][23.519s][info][gc,phases   ] GC(17) Y: Pause Mark Start (Major) 0.025ms
[2026-04-03T06:29:19.211+0600][23.524s][info][gc,phases   ] GC(17) Y: Concurrent Mark 4.764ms
[2026-04-03T06:29:19.211+0600][23.524s][info][gc,phases   ] GC(17) Y: Pause Mark End 0.022ms
[2026-04-03T06:29:19.211+0600][23.524s][info][gc,phases   ] GC(17) Y: Concurrent Mark Free 0.270ms
[2026-04-03T06:29:19.211+0600][23.525s][info][gc,phases   ] GC(17) Y: Concurrent Reset Relocation Set 0.019ms
[2026-04-03T06:29:19.213+0600][23.526s][info][gc,reloc    ] GC(17) Y: Using tenuring threshold: 0 (Computed)
[2026-04-03T06:29:19.213+0600][23.526s][info][gc,phases   ] GC(17) Y: Concurrent Select Relocation Set 1.852ms
[2026-04-03T06:29:19.213+0600][23.527s][info][gc,phases   ] GC(17) Y: Pause Relocate Start 0.013ms
[2026-04-03T06:29:19.214+0600][23.527s][info][gc,phases   ] GC(17) Y: Concurrent Relocate 0.077ms
[2026-04-03T06:29:19.214+0600][23.527s][info][gc,alloc    ] GC(17) Y:                         Mark Start        Mark End      Relocate Start    Relocate End   
[2026-04-03T06:29:19.214+0600][23.527s][info][gc,alloc    ] GC(17) Y: Allocation Stalls:          0                0                0                0         
[2026-04-03T06:29:19.214+0600][23.527s][info][gc,load     ] GC(17) Y: Load: 2.83 (24%) / 4.17 (35%) / 3.46 (29%)
[2026-04-03T06:29:19.214+0600][23.527s][info][gc,mmu      ] GC(17) Y: MMU: 2ms/94.1%, 5ms/97.6%, 10ms/98.8%, 20ms/99.4%, 50ms/99.7%, 100ms/99.8%
[2026-04-03T06:29:19.214+0600][23.527s][info][gc,marking  ] GC(17) Y: Mark: 2 stripe(s), 1 proactive flush(es), 1 terminate flush(es), 0 completion(s), 0 continuation(s) 
[2026-04-03T06:29:19.214+0600][23.527s][info][gc,marking  ] GC(17) Y: Mark Stack Usage: 0M
[2026-04-03T06:29:19.214+0600][23.527s][info][gc,nmethod  ] GC(17) Y: NMethods: 1912 registered, 876 unregistered
[2026-04-03T06:29:19.214+0600][23.527s][info][gc,metaspace] GC(17) Y: Metaspace: 8M used, 9M committed, 1088M reserved
[2026-04-03T06:29:19.214+0600][23.527s][info][gc,heap     ] GC(17) Y: Min Capacity: 8M(0%)
[2026-04-03T06:29:19.214+0600][23.527s][info][gc,heap     ] GC(17) Y: Max Capacity: 3922M(100%)
[2026-04-03T06:29:19.214+0600][23.527s][info][gc,heap     ] GC(17) Y: Soft Max Capacity: 3529M(90%)
[2026-04-03T06:29:19.214+0600][23.527s][info][gc,heap     ] GC(17) Y: Heap Statistics:
[2026-04-03T06:29:19.214+0600][23.527s][info][gc,heap     ] GC(17) Y:                Mark Start          Mark End        Relocate Start      Relocate End           High               Low         
[2026-04-03T06:29:19.214+0600][23.527s][info][gc,heap     ] GC(17) Y:  Capacity:     2706M (69%)        2706M (69%)        2706M (69%)        2706M (69%)        2706M (69%)        2706M (69%)    
[2026-04-03T06:29:19.214+0600][23.527s][info][gc,heap     ] GC(17) Y:      Free:     3196M (81%)        3196M (81%)        3196M (81%)        3196M (81%)        3196M (81%)        3196M (81%)    
[2026-04-03T06:29:19.214+0600][23.527s][info][gc,heap     ] GC(17) Y:      Used:      726M (19%)         726M (19%)         726M (19%)         726M (19%)         726M (19%)         726M (19%)    
[2026-04-03T06:29:19.214+0600][23.527s][info][gc,heap     ] GC(17) Y: Young Generation Statistics:
[2026-04-03T06:29:19.214+0600][23.527s][info][gc,heap     ] GC(17) Y:                Mark Start          Mark End        Relocate Start      Relocate End    
[2026-04-03T06:29:19.214+0600][23.527s][info][gc,heap     ] GC(17) Y:      Used:        0M (0%)            0M (0%)            0M (0%)            0M (0%)     
[2026-04-03T06:29:19.214+0600][23.527s][info][gc,heap     ] GC(17) Y:      Live:         -                 0M (0%)            0M (0%)            0M (0%)     
[2026-04-03T06:29:19.214+0600][23.527s][info][gc,heap     ] GC(17) Y:   Garbage:         -                 0M (0%)            0M (0%)            0M (0%)     
[2026-04-03T06:29:19.214+0600][23.527s][info][gc,heap     ] GC(17) Y: Allocated:         -                 0M (0%)            0M (0%)            0M (0%)     
[2026-04-03T06:29:19.214+0600][23.527s][info][gc,heap     ] GC(17) Y: Reclaimed:         -                  -                 0M (0%)            0M (0%)     
[2026-04-03T06:29:19.214+0600][23.527s][info][gc,heap     ] GC(17) Y:  Promoted:         -                  -                 0M (0%)            0M (0%)     
[2026-04-03T06:29:19.214+0600][23.527s][info][gc,heap     ] GC(17) Y: Compacted:         -                  -                  -                 0M (0%)     
[2026-04-03T06:29:19.214+0600][23.527s][info][gc,phases   ] GC(17) Y: Young Generation (Collect Roots) 726M(19%)->726M(19%) 0.008s
[2026-04-03T06:29:19.214+0600][23.527s][info][gc,phases   ] GC(17) O: Old Generation
[2026-04-03T06:29:19.955+0600][24.269s][info][gc,phases   ] GC(17) O: Concurrent Mark 741.616ms
[2026-04-03T06:29:19.956+0600][24.269s][info][gc,phases   ] GC(17) O: Pause Mark End 0.030ms
[2026-04-03T06:29:19.956+0600][24.269s][info][gc,phases   ] GC(17) O: Concurrent Mark Free 0.001ms
[2026-04-03T06:29:19.959+0600][24.272s][info][gc,phases   ] GC(17) O: Concurrent Process Non-Strong 3.230ms
[2026-04-03T06:29:19.959+0600][24.272s][info][gc,phases   ] GC(17) O: Concurrent Reset Relocation Set 0.025ms
[2026-04-03T06:29:19.966+0600][24.279s][info][gc,phases   ] GC(17) O: Concurrent Select Relocation Set 6.420ms
[2026-04-03T06:29:19.966+0600][24.279s][info][gc,task     ] GC(17) O: Using 3 Workers for Old Generation
[2026-04-03T06:29:19.981+0600][24.295s][info][gc,task     ] GC(17) O: Using 3 Workers for Old Generation
[2026-04-03T06:29:19.981+0600][24.295s][info][gc,phases   ] GC(17) O: Concurrent Remap Roots 15.819ms
[2026-04-03T06:29:19.982+0600][24.295s][info][gc,phases   ] GC(17) O: Pause Relocate Start 0.026ms
[2026-04-03T06:29:20.045+0600][24.358s][info][gc,phases   ] GC(17) O: Concurrent Relocate 62.882ms
[2026-04-03T06:29:20.045+0600][24.358s][info][gc,alloc    ] GC(17) O:                         Mark Start        Mark End      Relocate Start    Relocate End   
[2026-04-03T06:29:20.045+0600][24.358s][info][gc,alloc    ] GC(17) O: Allocation Stalls:          0                0                0                0         
[2026-04-03T06:29:20.045+0600][24.358s][info][gc,load     ] GC(17) O: Load: 2.83 (24%) / 4.17 (35%) / 3.46 (29%)
[2026-04-03T06:29:20.045+0600][24.358s][info][gc,mmu      ] GC(17) O: MMU: 2ms/94.1%, 5ms/97.6%, 10ms/98.8%, 20ms/99.4%, 50ms/99.7%, 100ms/99.8%
[2026-04-03T06:29:20.045+0600][24.358s][info][gc,marking  ] GC(17) O: Mark: 2 stripe(s), 3 proactive flush(es), 1 terminate flush(es), 0 completion(s), 0 continuation(s) 
[2026-04-03T06:29:20.045+0600][24.358s][info][gc,marking  ] GC(17) O: Mark Stack Usage: 32M
[2026-04-03T06:29:20.045+0600][24.358s][info][gc,nmethod  ] GC(17) O: NMethods: 1877 registered, 911 unregistered
[2026-04-03T06:29:20.045+0600][24.358s][info][gc,metaspace] GC(17) O: Metaspace: 8M used, 9M committed, 1088M reserved
[2026-04-03T06:29:20.045+0600][24.358s][info][gc,ref      ] GC(17) O:                       Encountered   Discovered     Enqueued 
[2026-04-03T06:29:20.045+0600][24.358s][info][gc,ref      ] GC(17) O: Soft References:              221            0            0 
[2026-04-03T06:29:20.045+0600][24.358s][info][gc,ref      ] GC(17) O: Weak References:              463          128            0 
[2026-04-03T06:29:20.045+0600][24.358s][info][gc,ref      ] GC(17) O: Final References:               3            3            0 
[2026-04-03T06:29:20.045+0600][24.358s][info][gc,ref      ] GC(17) O: Phantom References:            56           28            0 
[2026-04-03T06:29:20.045+0600][24.358s][info][gc,reloc    ] GC(17) O:                        Candidates     Selected     In-Place         Size        Empty    Relocated 
[2026-04-03T06:29:20.045+0600][24.358s][info][gc,reloc    ] GC(17) O: Small Pages:                  344           43            0         688M           0M          33M 
[2026-04-03T06:29:20.045+0600][24.358s][info][gc,reloc    ] GC(17) O: Medium Pages:                   1            0            0          32M           0M           0M 
[2026-04-03T06:29:20.045+0600][24.358s][info][gc,reloc    ] GC(17) O: Large Pages:                    1            0            0           6M           0M           0M 
[2026-04-03T06:29:20.045+0600][24.358s][info][gc,reloc    ] GC(17) O: Forwarding Usage: 37M
[2026-04-03T06:29:20.045+0600][24.358s][info][gc,heap     ] GC(17) O: Min Capacity: 8M(0%)
[2026-04-03T06:29:20.045+0600][24.358s][info][gc,heap     ] GC(17) O: Max Capacity: 3922M(100%)
[2026-04-03T06:29:20.045+0600][24.358s][info][gc,heap     ] GC(17) O: Soft Max Capacity: 3529M(90%)
[2026-04-03T06:29:20.045+0600][24.358s][info][gc,heap     ] GC(17) O: Heap Statistics:
[2026-04-03T06:29:20.045+0600][24.358s][info][gc,heap     ] GC(17) O:                Mark Start          Mark End        Relocate Start      Relocate End           High               Low         
[2026-04-03T06:29:20.045+0600][24.358s][info][gc,heap     ] GC(17) O:  Capacity:     2706M (69%)        2706M (69%)        2706M (69%)        2706M (69%)        2706M (69%)        2706M (69%)    
[2026-04-03T06:29:20.045+0600][24.359s][info][gc,heap     ] GC(17) O:      Free:     3196M (81%)        3196M (81%)        3196M (81%)        3290M (84%)        3290M (84%)        3190M (81%)    
[2026-04-03T06:29:20.045+0600][24.359s][info][gc,heap     ] GC(17) O:      Used:      726M (19%)         726M (19%)         726M (19%)         632M (16%)         732M (19%)         632M (16%)    
[2026-04-03T06:29:20.045+0600][24.359s][info][gc,heap     ] GC(17) O: Old Generation Statistics:
[2026-04-03T06:29:20.045+0600][24.359s][info][gc,heap     ] GC(17) O:                Mark Start          Mark End        Relocate Start      Relocate End    
[2026-04-03T06:29:20.045+0600][24.359s][info][gc,heap     ] GC(17) O:      Used:      726M (19%)         726M (19%)         726M (19%)         632M (16%)    
[2026-04-03T06:29:20.045+0600][24.359s][info][gc,heap     ] GC(17) O:      Live:         -               595M (15%)         595M (15%)         595M (15%)    
[2026-04-03T06:29:20.045+0600][24.359s][info][gc,heap     ] GC(17) O:   Garbage:         -               130M (3%)          130M (3%)           35M (1%)     
[2026-04-03T06:29:20.045+0600][24.359s][info][gc,heap     ] GC(17) O: Allocated:         -                 0M (0%)            0M (0%)            1M (0%)     
[2026-04-03T06:29:20.045+0600][24.359s][info][gc,heap     ] GC(17) O: Reclaimed:         -                  -                 0M (0%)           95M (2%)     
[2026-04-03T06:29:20.045+0600][24.359s][info][gc,heap     ] GC(17) O: Compacted:         -                  -                  -                64M (2%)     
[2026-04-03T06:29:20.045+0600][24.359s][info][gc,phases   ] GC(17) O: Old Generation 726M(19%)->632M(16%) 0.831s
[2026-04-03T06:29:20.045+0600][24.359s][info][gc          ] GC(17) Major Collection (System.gc()) 1436M(37%)->632M(16%) 0.893s
[2026-04-03T06:29:20.641+0600][24.954s][info][gc          ] GC(18) Minor Collection (Allocation Rate)
[2026-04-03T06:29:20.641+0600][24.954s][info][gc,task     ] GC(18) Using 2 Workers for Young Generation
[2026-04-03T06:29:20.641+0600][24.954s][info][gc,phases   ] GC(18) y: Young Generation
[2026-04-03T06:29:20.646+0600][24.960s][info][gc,phases   ] GC(18) y: Pause Mark Start 0.047ms
[2026-04-03T06:29:20.742+0600][25.055s][info][gc,phases   ] GC(18) y: Concurrent Mark 90.826ms
[2026-04-03T06:29:20.743+0600][25.056s][info][gc,phases   ] GC(18) y: Pause Mark End 0.039ms
[2026-04-03T06:29:20.743+0600][25.056s][info][gc,phases   ] GC(18) y: Concurrent Mark Free 0.002ms
[2026-04-03T06:29:20.743+0600][25.056s][info][gc,phases   ] GC(18) y: Concurrent Reset Relocation Set 0.001ms
[2026-04-03T06:29:20.746+0600][25.059s][info][gc,reloc    ] GC(18) y: Using tenuring threshold: 1 (Computed)
[2026-04-03T06:29:20.756+0600][25.069s][info][gc,phases   ] GC(18) y: Concurrent Select Relocation Set 12.584ms
[2026-04-03T06:29:20.756+0600][25.070s][info][gc,phases   ] GC(18) y: Pause Relocate Start 0.028ms
[2026-04-03T06:29:20.782+0600][25.096s][info][gc,phases   ] GC(18) y: Concurrent Relocate 25.005ms
[2026-04-03T06:29:20.782+0600][25.096s][info][gc,alloc    ] GC(18) y:                         Mark Start        Mark End      Relocate Start    Relocate End   
[2026-04-03T06:29:20.782+0600][25.096s][info][gc,alloc    ] GC(18) y: Allocation Stalls:          0                0                0                0         
[2026-04-03T06:29:20.783+0600][25.096s][info][gc,load     ] GC(18) y: Load: 2.83 (24%) / 4.17 (35%) / 3.46 (29%)
[2026-04-03T06:29:20.783+0600][25.096s][info][gc,mmu      ] GC(18) y: MMU: 2ms/94.1%, 5ms/97.6%, 10ms/98.8%, 20ms/99.4%, 50ms/99.7%, 100ms/99.8%
[2026-04-03T06:29:20.783+0600][25.096s][info][gc,marking  ] GC(18) y: Mark: 2 stripe(s), 3 proactive flush(es), 1 terminate flush(es), 0 completion(s), 0 continuation(s) 
[2026-04-03T06:29:20.783+0600][25.096s][info][gc,marking  ] GC(18) y: Mark Stack Usage: 32M
[2026-04-03T06:29:20.783+0600][25.096s][info][gc,nmethod  ] GC(18) y: NMethods: 2258 registered, 0 unregistered
[2026-04-03T06:29:20.783+0600][25.096s][info][gc,metaspace] GC(18) y: Metaspace: 9M used, 9M committed, 1088M reserved
[2026-04-03T06:29:20.783+0600][25.096s][info][gc,reloc    ] GC(18) y:                        Candidates     Selected     In-Place         Size        Empty    Relocated 
[2026-04-03T06:29:20.783+0600][25.096s][info][gc,reloc    ] GC(18) y: Small Pages:                   91           87            0         182M           0M           6M 
[2026-04-03T06:29:20.783+0600][25.096s][info][gc,reloc    ] GC(18) y: Medium Pages:                   0            0            0           0M           0M           0M 
[2026-04-03T06:29:20.783+0600][25.096s][info][gc,reloc    ] GC(18) y: Large Pages:                    0            0            0           0M           0M           0M 
[2026-04-03T06:29:20.783+0600][25.096s][info][gc,reloc    ] GC(18) y: Forwarding Usage: 1M
[2026-04-03T06:29:20.783+0600][25.096s][info][gc,reloc    ] GC(18) y: Age Table:
[2026-04-03T06:29:20.783+0600][25.096s][info][gc,reloc    ] GC(18) y:                    Live             Garbage             Small              Medium             Large        
[2026-04-03T06:29:20.783+0600][25.096s][info][gc,reloc    ] GC(18) y: Eden               6M (0%)          175M (4%)          91 / 87             0 / 0              0 / 0        
[2026-04-03T06:29:20.783+0600][25.096s][info][gc,heap     ] GC(18) y: Min Capacity: 8M(0%)
[2026-04-03T06:29:20.783+0600][25.096s][info][gc,heap     ] GC(18) y: Max Capacity: 3922M(100%)
[2026-04-03T06:29:20.783+0600][25.096s][info][gc,heap     ] GC(18) y: Soft Max Capacity: 3529M(90%)
[2026-04-03T06:29:20.783+0600][25.096s][info][gc,heap     ] GC(18) y: Heap Statistics:
[2026-04-03T06:29:20.783+0600][25.096s][info][gc,heap     ] GC(18) y:                Mark Start          Mark End        Relocate Start      Relocate End           High               Low         
[2026-04-03T06:29:20.783+0600][25.096s][info][gc,heap     ] GC(18) y:  Capacity:     2706M (69%)        2706M (69%)        2706M (69%)        2706M (69%)        2706M (69%)        2706M (69%)    
[2026-04-03T06:29:20.783+0600][25.096s][info][gc,heap     ] GC(18) y:      Free:     3108M (79%)        3066M (78%)        3058M (78%)        3204M (82%)        3204M (82%)        3040M (78%)    
[2026-04-03T06:29:20.783+0600][25.096s][info][gc,heap     ] GC(18) y:      Used:      814M (21%)         856M (22%)         864M (22%)         718M (18%)         882M (22%)         718M (18%)    
[2026-04-03T06:29:20.783+0600][25.096s][info][gc,heap     ] GC(18) y: Young Generation Statistics:
[2026-04-03T06:29:20.783+0600][25.096s][info][gc,heap     ] GC(18) y:                Mark Start          Mark End        Relocate Start      Relocate End    
[2026-04-03T06:29:20.783+0600][25.096s][info][gc,heap     ] GC(18) y:      Used:      182M (5%)          224M (6%)          232M (6%)           86M (2%)     
[2026-04-03T06:29:20.783+0600][25.096s][info][gc,heap     ] GC(18) y:      Live:         -                 6M (0%)            6M (0%)            6M (0%)     
[2026-04-03T06:29:20.783+0600][25.096s][info][gc,heap     ] GC(18) y:   Garbage:         -               175M (4%)          175M (4%)            0M (0%)     
[2026-04-03T06:29:20.783+0600][25.096s][info][gc,heap     ] GC(18) y: Allocated:         -                42M (1%)           50M (1%)           79M (2%)     
[2026-04-03T06:29:20.783+0600][25.096s][info][gc,heap     ] GC(18) y: Reclaimed:         -                  -                 0M (0%)          175M (4%)     
[2026-04-03T06:29:20.783+0600][25.096s][info][gc,heap     ] GC(18) y:  Promoted:         -                  -                 0M (0%)            0M (0%)     
[2026-04-03T06:29:20.783+0600][25.096s][info][gc,heap     ] GC(18) y: Compacted:         -                  -                  -                 6M (0%)     
[2026-04-03T06:29:20.783+0600][25.096s][info][gc,phases   ] GC(18) y: Young Generation 814M(21%)->718M(18%) 0.142s
[2026-04-03T06:29:20.783+0600][25.096s][info][gc          ] GC(18) Minor Collection (Allocation Rate) 814M(21%)->718M(18%) 0.143s
[2026-04-03T06:29:22.259+0600][26.573s][info][gc          ] GC(19) Minor Collection (Allocation Rate)
[2026-04-03T06:29:22.259+0600][26.573s][info][gc,task     ] GC(19) Using 3 Workers for Young Generation
[2026-04-03T06:29:22.259+0600][26.573s][info][gc,phases   ] GC(19) y: Young Generation
[2026-04-03T06:29:22.263+0600][26.576s][info][gc,phases   ] GC(19) y: Pause Mark Start 0.039ms
[2026-04-03T06:29:22.438+0600][26.751s][info][gc,phases   ] GC(19) y: Concurrent Mark 174.126ms
[2026-04-03T06:29:22.439+0600][26.752s][info][gc,phases   ] GC(19) y: Pause Mark End 0.039ms
[2026-04-03T06:29:22.439+0600][26.753s][info][gc,phases   ] GC(19) y: Concurrent Mark Free 0.002ms
[2026-04-03T06:29:22.440+0600][26.753s][info][gc,phases   ] GC(19) y: Concurrent Reset Relocation Set 0.013ms
[2026-04-03T06:29:22.447+0600][26.760s][info][gc,reloc    ] GC(19) y: Using tenuring threshold: 2 (Computed)
[2026-04-03T06:29:22.457+0600][26.770s][info][gc,phases   ] GC(19) y: Concurrent Select Relocation Set 16.908ms
[2026-04-03T06:29:22.457+0600][26.770s][info][gc,phases   ] GC(19) y: Pause Relocate Start 0.030ms
[2026-04-03T06:29:22.532+0600][26.846s][info][gc,phases   ] GC(19) y: Concurrent Relocate 72.058ms
[2026-04-03T06:29:22.533+0600][26.846s][info][gc,alloc    ] GC(19) y:                         Mark Start        Mark End      Relocate Start    Relocate End   
[2026-04-03T06:29:22.533+0600][26.846s][info][gc,alloc    ] GC(19) y: Allocation Stalls:          0                0                0                0         
[2026-04-03T06:29:22.533+0600][26.846s][info][gc,load     ] GC(19) y: Load: 4.85 (40%) / 4.56 (38%) / 3.59 (30%)
[2026-04-03T06:29:22.533+0600][26.846s][info][gc,mmu      ] GC(19) y: MMU: 2ms/94.1%, 5ms/97.6%, 10ms/98.8%, 20ms/99.4%, 50ms/99.7%, 100ms/99.8%
[2026-04-03T06:29:22.533+0600][26.846s][info][gc,marking  ] GC(19) y: Mark: 2 stripe(s), 2 proactive flush(es), 1 terminate flush(es), 0 completion(s), 0 continuation(s) 
[2026-04-03T06:29:22.533+0600][26.846s][info][gc,marking  ] GC(19) y: Mark Stack Usage: 32M
[2026-04-03T06:29:22.533+0600][26.846s][info][gc,nmethod  ] GC(19) y: NMethods: 2802 registered, 0 unregistered
[2026-04-03T06:29:22.533+0600][26.846s][info][gc,metaspace] GC(19) y: Metaspace: 9M used, 10M committed, 1088M reserved
[2026-04-03T06:29:22.533+0600][26.846s][info][gc,reloc    ] GC(19) y:                        Candidates     Selected     In-Place         Size        Empty    Relocated 
[2026-04-03T06:29:22.533+0600][26.846s][info][gc,reloc    ] GC(19) y: Small Pages:                  508          494            0        1016M           0M          20M 
[2026-04-03T06:29:22.533+0600][26.846s][info][gc,reloc    ] GC(19) y: Medium Pages:                   0            0            0           0M           0M           0M 
[2026-04-03T06:29:22.533+0600][26.846s][info][gc,reloc    ] GC(19) y: Large Pages:                    0            0            0           0M           0M           0M 
[2026-04-03T06:29:22.533+0600][26.846s][info][gc,reloc    ] GC(19) y: Forwarding Usage: 6M
[2026-04-03T06:29:22.533+0600][26.846s][info][gc,reloc    ] GC(19) y: Age Table:
[2026-04-03T06:29:22.533+0600][26.846s][info][gc,reloc    ] GC(19) y:                    Live             Garbage             Small              Medium             Large        
[2026-04-03T06:29:22.533+0600][26.846s][info][gc,reloc    ] GC(19) y: Eden              19M (1%)          966M (25%)        493 / 482            0 / 0              0 / 0        
[2026-04-03T06:29:22.533+0600][26.846s][info][gc,reloc    ] GC(19) y: Survivor 1         3M (0%)           26M (1%)          15 / 12             0 / 0              0 / 0        
[2026-04-03T06:29:22.533+0600][26.846s][info][gc,heap     ] GC(19) y: Min Capacity: 8M(0%)
[2026-04-03T06:29:22.533+0600][26.846s][info][gc,heap     ] GC(19) y: Max Capacity: 3922M(100%)
[2026-04-03T06:29:22.533+0600][26.846s][info][gc,heap     ] GC(19) y: Soft Max Capacity: 3529M(90%)
[2026-04-03T06:29:22.533+0600][26.846s][info][gc,heap     ] GC(19) y: Heap Statistics:
[2026-04-03T06:29:22.533+0600][26.846s][info][gc,heap     ] GC(19) y:                Mark Start          Mark End        Relocate Start      Relocate End           High               Low         
[2026-04-03T06:29:22.533+0600][26.846s][info][gc,heap     ] GC(19) y:  Capacity:     2706M (69%)        2706M (69%)        2706M (69%)        2706M (69%)        2706M (69%)        2706M (69%)    
[2026-04-03T06:29:22.533+0600][26.846s][info][gc,heap     ] GC(19) y:      Free:     2274M (58%)        2144M (55%)        2134M (54%)        3034M (77%)        3044M (78%)        2090M (53%)    
[2026-04-03T06:29:22.533+0600][26.846s][info][gc,heap     ] GC(19) y:      Used:     1648M (42%)        1778M (45%)        1788M (46%)         888M (23%)        1832M (47%)         878M (22%)    
[2026-04-03T06:29:22.533+0600][26.846s][info][gc,heap     ] GC(19) y: Young Generation Statistics:
[2026-04-03T06:29:22.533+0600][26.846s][info][gc,heap     ] GC(19) y:                Mark Start          Mark End        Relocate Start      Relocate End    
[2026-04-03T06:29:22.533+0600][26.846s][info][gc,heap     ] GC(19) y:      Used:     1016M (26%)        1146M (29%)        1156M (29%)         256M (7%)     
[2026-04-03T06:29:22.533+0600][26.846s][info][gc,heap     ] GC(19) y:      Live:         -                23M (1%)           23M (1%)           23M (1%)     
[2026-04-03T06:29:22.533+0600][26.846s][info][gc,heap     ] GC(19) y:   Garbage:         -               992M (25%)         992M (25%)           1M (0%)     
[2026-04-03T06:29:22.533+0600][26.846s][info][gc,heap     ] GC(19) y: Allocated:         -               130M (3%)          140M (4%)          231M (6%)     
[2026-04-03T06:29:22.533+0600][26.846s][info][gc,heap     ] GC(19) y: Reclaimed:         -                  -                 0M (0%)          991M (25%)    
[2026-04-03T06:29:22.533+0600][26.846s][info][gc,heap     ] GC(19) y:  Promoted:         -                  -                 0M (0%)            0M (0%)     
[2026-04-03T06:29:22.533+0600][26.846s][info][gc,heap     ] GC(19) y: Compacted:         -                  -                  -                22M (1%)     
[2026-04-03T06:29:22.533+0600][26.847s][info][gc,phases   ] GC(19) y: Young Generation 1646M(42%)->888M(23%) 0.273s
[2026-04-03T06:29:22.533+0600][26.847s][info][gc          ] GC(19) Minor Collection (Allocation Rate) 1644M(42%)->888M(23%) 0.280s
[2026-04-03T06:29:24.492+0600][28.806s][info][gc          ] GC(20) Minor Collection (Allocation Rate)
[2026-04-03T06:29:24.492+0600][28.806s][info][gc,task     ] GC(20) Using 2 Workers for Young Generation
[2026-04-03T06:29:24.492+0600][28.806s][info][gc,phases   ] GC(20) y: Young Generation
[2026-04-03T06:29:24.494+0600][28.807s][info][gc,phases   ] GC(20) y: Pause Mark Start 0.035ms
[2026-04-03T06:29:24.840+0600][29.153s][info][gc,phases   ] GC(20) y: Concurrent Mark 344.702ms
[2026-04-03T06:29:24.840+0600][29.154s][info][gc,phases   ] GC(20) y: Pause Mark End 0.046ms
[2026-04-03T06:29:24.843+0600][29.157s][info][gc,phases   ] GC(20) y: Concurrent Mark Free 0.005ms
[2026-04-03T06:29:24.844+0600][29.157s][info][gc,phases   ] GC(20) y: Concurrent Reset Relocation Set 0.073ms
[2026-04-03T06:29:24.851+0600][29.165s][info][gc,reloc    ] GC(20) y: Using tenuring threshold: 3 (Computed)
[2026-04-03T06:29:24.860+0600][29.174s][info][gc,phases   ] GC(20) y: Concurrent Select Relocation Set 16.759ms
[2026-04-03T06:29:24.862+0600][29.175s][info][gc,phases   ] GC(20) y: Pause Relocate Start 0.035ms
[2026-04-03T06:29:24.995+0600][29.308s][info][gc,phases   ] GC(20) y: Concurrent Relocate 132.776ms
[2026-04-03T06:29:24.995+0600][29.309s][info][gc,alloc    ] GC(20) y:                         Mark Start        Mark End      Relocate Start    Relocate End   
[2026-04-03T06:29:24.995+0600][29.309s][info][gc,alloc    ] GC(20) y: Allocation Stalls:          0                0                0                0         
[2026-04-03T06:29:24.995+0600][29.309s][info][gc,load     ] GC(20) y: Load: 4.85 (40%) / 4.56 (38%) / 3.59 (30%)
[2026-04-03T06:29:24.995+0600][29.309s][info][gc,mmu      ] GC(20) y: MMU: 2ms/94.1%, 5ms/97.6%, 10ms/98.8%, 20ms/99.4%, 50ms/99.7%, 100ms/99.8%
[2026-04-03T06:29:24.995+0600][29.309s][info][gc,marking  ] GC(20) y: Mark: 2 stripe(s), 2 proactive flush(es), 1 terminate flush(es), 0 completion(s), 0 continuation(s) 
[2026-04-03T06:29:24.995+0600][29.309s][info][gc,marking  ] GC(20) y: Mark Stack Usage: 32M
[2026-04-03T06:29:24.995+0600][29.309s][info][gc,nmethod  ] GC(20) y: NMethods: 3013 registered, 0 unregistered
[2026-04-03T06:29:24.996+0600][29.309s][info][gc,metaspace] GC(20) y: Metaspace: 9M used, 10M committed, 1088M reserved
[2026-04-03T06:29:24.996+0600][29.309s][info][gc,reloc    ] GC(20) y:                        Candidates     Selected     In-Place         Size        Empty    Relocated 
[2026-04-03T06:29:24.996+0600][29.309s][info][gc,reloc    ] GC(20) y: Small Pages:                  906          882            0        1812M           0M          33M 
[2026-04-03T06:29:24.996+0600][29.309s][info][gc,reloc    ] GC(20) y: Medium Pages:                   0            0            0           0M           0M           0M 
[2026-04-03T06:29:24.996+0600][29.309s][info][gc,reloc    ] GC(20) y: Large Pages:                    0            0            0           0M           0M           0M 
[2026-04-03T06:29:24.996+0600][29.309s][info][gc,reloc    ] GC(20) y: Forwarding Usage: 13M
[2026-04-03T06:29:24.996+0600][29.309s][info][gc,reloc    ] GC(20) y: Age Table:
[2026-04-03T06:29:24.996+0600][29.309s][info][gc,reloc    ] GC(20) y:                    Live             Garbage             Small              Medium             Large        
[2026-04-03T06:29:24.996+0600][29.309s][info][gc,reloc    ] GC(20) y: Eden              28M (1%)         1707M (44%)        868 / 852            0 / 0              0 / 0        
[2026-04-03T06:29:24.996+0600][29.309s][info][gc,reloc    ] GC(20) y: Survivor 1         9M (0%)           36M (1%)          23 / 17             0 / 0              0 / 0        
[2026-04-03T06:29:24.996+0600][29.309s][info][gc,reloc    ] GC(20) y: Survivor 2         2M (0%)           27M (1%)          15 / 13             0 / 0              0 / 0        
[2026-04-03T06:29:24.996+0600][29.309s][info][gc,heap     ] GC(20) y: Min Capacity: 8M(0%)
[2026-04-03T06:29:24.996+0600][29.309s][info][gc,heap     ] GC(20) y: Max Capacity: 3922M(100%)
[2026-04-03T06:29:24.996+0600][29.309s][info][gc,heap     ] GC(20) y: Soft Max Capacity: 3529M(90%)
[2026-04-03T06:29:24.996+0600][29.309s][info][gc,heap     ] GC(20) y: Heap Statistics:
[2026-04-03T06:29:24.996+0600][29.309s][info][gc,heap     ] GC(20) y:                Mark Start          Mark End        Relocate Start      Relocate End           High               Low         
[2026-04-03T06:29:24.996+0600][29.309s][info][gc,heap     ] GC(20) y:  Capacity:     2706M (69%)        2714M (69%)        2730M (70%)        2770M (71%)        2770M (71%)        2706M (69%)    
[2026-04-03T06:29:24.996+0600][29.309s][info][gc,heap     ] GC(20) y:      Free:     1478M (38%)        1208M (31%)        1192M (30%)        2824M (72%)        2826M (72%)        1152M (29%)    
[2026-04-03T06:29:24.996+0600][29.309s][info][gc,heap     ] GC(20) y:      Used:     2444M (62%)        2714M (69%)        2730M (70%)        1098M (28%)        2770M (71%)        1096M (28%)    
[2026-04-03T06:29:24.996+0600][29.309s][info][gc,heap     ] GC(20) y: Young Generation Statistics:
[2026-04-03T06:29:24.996+0600][29.309s][info][gc,heap     ] GC(20) y:                Mark Start          Mark End        Relocate Start      Relocate End    
[2026-04-03T06:29:24.996+0600][29.309s][info][gc,heap     ] GC(20) y:      Used:     1812M (46%)        2082M (53%)        2098M (53%)         466M (12%)    
[2026-04-03T06:29:24.996+0600][29.309s][info][gc,heap     ] GC(20) y:      Live:         -                40M (1%)           40M (1%)           40M (1%)     
[2026-04-03T06:29:24.996+0600][29.309s][info][gc,heap     ] GC(20) y:   Garbage:         -              1771M (45%)        1771M (45%)           0M (0%)     
[2026-04-03T06:29:24.996+0600][29.309s][info][gc,heap     ] GC(20) y: Allocated:         -               270M (7%)          286M (7%)          424M (11%)    
[2026-04-03T06:29:24.996+0600][29.309s][info][gc,heap     ] GC(20) y: Reclaimed:         -                  -                 0M (0%)         1770M (45%)    
[2026-04-03T06:29:24.996+0600][29.309s][info][gc,heap     ] GC(20) y:  Promoted:         -                  -                 0M (0%)            0M (0%)     
[2026-04-03T06:29:24.996+0600][29.309s][info][gc,heap     ] GC(20) y: Compacted:         -                  -                  -                39M (1%)     
[2026-04-03T06:29:24.996+0600][29.309s][info][gc,phases   ] GC(20) y: Young Generation 2444M(62%)->1098M(28%) 0.503s
[2026-04-03T06:29:24.996+0600][29.309s][info][gc          ] GC(20) Minor Collection (Allocation Rate) 2444M(62%)->1100M(28%) 0.504s
[2026-04-03T06:29:25.589+0600][29.902s][info][gc          ] GC(21) Minor Collection (Allocation Rate)
[2026-04-03T06:29:25.589+0600][29.903s][info][gc,task     ] GC(21) Using 2 Workers for Young Generation
[2026-04-03T06:29:25.589+0600][29.903s][info][gc,phases   ] GC(21) y: Young Generation
[2026-04-03T06:29:25.594+0600][29.908s][info][gc,phases   ] GC(21) y: Pause Mark Start 0.043ms
[2026-04-03T06:29:25.987+0600][30.301s][info][gc,phases   ] GC(21) y: Concurrent Mark 382.656ms
[2026-04-03T06:29:25.988+0600][30.301s][info][gc,phases   ] GC(21) y: Pause Mark End 0.036ms
[2026-04-03T06:29:25.988+0600][30.301s][info][gc,phases   ] GC(21) y: Concurrent Mark Free 0.004ms
[2026-04-03T06:29:25.988+0600][30.302s][info][gc,phases   ] GC(21) y: Concurrent Reset Relocation Set 0.155ms
[2026-04-03T06:29:25.996+0600][30.309s][info][gc,reloc    ] GC(21) y: Using tenuring threshold: 4 (Computed)
[2026-04-03T06:29:26.000+0600][30.314s][info][gc,phases   ] GC(21) y: Concurrent Select Relocation Set 12.138ms
[2026-04-03T06:29:26.001+0600][30.315s][info][gc,phases   ] GC(21) y: Pause Relocate Start 0.031ms
[2026-04-03T06:29:26.105+0600][30.419s][info][gc,phases   ] GC(21) y: Concurrent Relocate 103.503ms
[2026-04-03T06:29:26.105+0600][30.419s][info][gc,alloc    ] GC(21) y:                         Mark Start        Mark End      Relocate Start    Relocate End   
[2026-04-03T06:29:26.106+0600][30.419s][info][gc,alloc    ] GC(21) y: Allocation Stalls:          0                0                0                0         
[2026-04-03T06:29:26.106+0600][30.419s][info][gc,load     ] GC(21) y: Load: 4.85 (40%) / 4.56 (38%) / 3.59 (30%)
[2026-04-03T06:29:26.106+0600][30.419s][info][gc,mmu      ] GC(21) y: MMU: 2ms/94.1%, 5ms/97.6%, 10ms/98.8%, 20ms/99.4%, 50ms/99.7%, 100ms/99.8%
[2026-04-03T06:29:26.106+0600][30.419s][info][gc,marking  ] GC(21) y: Mark: 2 stripe(s), 2 proactive flush(es), 1 terminate flush(es), 0 completion(s), 0 continuation(s) 
[2026-04-03T06:29:26.106+0600][30.419s][info][gc,marking  ] GC(21) y: Mark Stack Usage: 32M
[2026-04-03T06:29:26.106+0600][30.419s][info][gc,nmethod  ] GC(21) y: NMethods: 3101 registered, 0 unregistered
[2026-04-03T06:29:26.106+0600][30.419s][info][gc,metaspace] GC(21) y: Metaspace: 9M used, 10M committed, 1088M reserved
[2026-04-03T06:29:26.106+0600][30.419s][info][gc,reloc    ] GC(21) y:                        Candidates     Selected     In-Place         Size        Empty    Relocated 
[2026-04-03T06:29:26.106+0600][30.419s][info][gc,reloc    ] GC(21) y: Small Pages:                  510          479            0        1020M           2M          22M 
[2026-04-03T06:29:26.106+0600][30.419s][info][gc,reloc    ] GC(21) y: Medium Pages:                   0            0            0           0M           0M           0M 
[2026-04-03T06:29:26.106+0600][30.419s][info][gc,reloc    ] GC(21) y: Large Pages:                    0            0            0           0M           0M           0M 
[2026-04-03T06:29:26.106+0600][30.419s][info][gc,reloc    ] GC(21) y: Forwarding Usage: 7M
[2026-04-03T06:29:26.106+0600][30.419s][info][gc,reloc    ] GC(21) y: Age Table:
[2026-04-03T06:29:26.106+0600][30.419s][info][gc,reloc    ] GC(21) y:                    Live             Garbage             Small              Medium             Large        
[2026-04-03T06:29:26.106+0600][30.419s][info][gc,reloc    ] GC(21) y: Eden              19M (0%)          886M (23%)        453 / 442            0 / 0              0 / 0        
[2026-04-03T06:29:26.106+0600][30.419s][info][gc,reloc    ] GC(21) y: Survivor 1        18M (0%)           35M (1%)          27 / 14             0 / 0              0 / 0        
[2026-04-03T06:29:26.106+0600][30.419s][info][gc,reloc    ] GC(21) y: Survivor 2         8M (0%)           23M (1%)          16 / 10             0 / 0              0 / 0        
[2026-04-03T06:29:26.106+0600][30.419s][info][gc,reloc    ] GC(21) y: Survivor 3         2M (0%)           25M (1%)          14 / 13             0 / 0              0 / 0        
[2026-04-03T06:29:26.106+0600][30.419s][info][gc,heap     ] GC(21) y: Min Capacity: 8M(0%)
[2026-04-03T06:29:26.106+0600][30.419s][info][gc,heap     ] GC(21) y: Max Capacity: 3922M(100%)
[2026-04-03T06:29:26.106+0600][30.419s][info][gc,heap     ] GC(21) y: Soft Max Capacity: 3529M(90%)
[2026-04-03T06:29:26.106+0600][30.419s][info][gc,heap     ] GC(21) y: Heap Statistics:
[2026-04-03T06:29:26.106+0600][30.419s][info][gc,heap     ] GC(21) y:                Mark Start          Mark End        Relocate Start      Relocate End           High               Low         
[2026-04-03T06:29:26.106+0600][30.419s][info][gc,heap     ] GC(21) y:  Capacity:     2770M (71%)        2770M (71%)        2770M (71%)        2770M (71%)        2770M (71%)        2770M (71%)    
[2026-04-03T06:29:26.106+0600][30.419s][info][gc,heap     ] GC(21) y:      Free:     2270M (58%)        1910M (49%)        1900M (48%)        2682M (68%)        2688M (69%)        1846M (47%)    
[2026-04-03T06:29:26.106+0600][30.419s][info][gc,heap     ] GC(21) y:      Used:     1652M (42%)        2012M (51%)        2022M (52%)        1240M (32%)        2076M (53%)        1234M (31%)    
[2026-04-03T06:29:26.106+0600][30.419s][info][gc,heap     ] GC(21) y: Young Generation Statistics:
[2026-04-03T06:29:26.106+0600][30.419s][info][gc,heap     ] GC(21) y:                Mark Start          Mark End        Relocate Start      Relocate End    
[2026-04-03T06:29:26.106+0600][30.419s][info][gc,heap     ] GC(21) y:      Used:     1020M (26%)        1380M (35%)        1390M (35%)         608M (16%)    
[2026-04-03T06:29:26.106+0600][30.419s][info][gc,heap     ] GC(21) y:      Live:         -                48M (1%)           48M (1%)           48M (1%)     
[2026-04-03T06:29:26.106+0600][30.419s][info][gc,heap     ] GC(21) y:   Garbage:         -               971M (25%)         969M (25%)           7M (0%)     
[2026-04-03T06:29:26.106+0600][30.419s][info][gc,heap     ] GC(21) y: Allocated:         -               360M (9%)          372M (9%)          552M (14%)    
[2026-04-03T06:29:26.106+0600][30.420s][info][gc,heap     ] GC(21) y: Reclaimed:         -                  -                 2M (0%)          964M (25%)    
[2026-04-03T06:29:26.107+0600][30.421s][info][gc,heap     ] GC(21) y:  Promoted:         -                  -                 0M (0%)            0M (0%)     
[2026-04-03T06:29:26.107+0600][30.421s][info][gc,heap     ] GC(21) y: Compacted:         -                  -                  -                25M (1%)     
[2026-04-03T06:29:26.107+0600][30.421s][info][gc,phases   ] GC(21) y: Young Generation 1646M(42%)->1240M(32%) 0.516s
[2026-04-03T06:29:26.108+0600][30.421s][info][gc          ] GC(21) Minor Collection (Allocation Rate) 1646M(42%)->1240M(32%) 0.518s
[2026-04-03T06:29:26.681+0600][30.995s][info][gc          ] GC(22) Minor Collection (Allocation Rate)
[2026-04-03T06:29:26.682+0600][30.995s][info][gc,task     ] GC(22) Using 2 Workers for Young Generation
[2026-04-03T06:29:26.682+0600][30.995s][info][gc,phases   ] GC(22) y: Young Generation
[2026-04-03T06:29:26.684+0600][30.997s][info][gc,phases   ] GC(22) y: Pause Mark Start 0.042ms
[2026-04-03T06:29:27.102+0600][31.415s][info][gc,phases   ] GC(22) y: Concurrent Mark 417.214ms
[2026-04-03T06:29:27.102+0600][31.416s][info][gc,phases   ] GC(22) y: Pause Mark End 0.038ms
[2026-04-03T06:29:27.102+0600][31.416s][info][gc,phases   ] GC(22) y: Concurrent Mark Free 0.001ms
[2026-04-03T06:29:27.103+0600][31.416s][info][gc,phases   ] GC(22) y: Concurrent Reset Relocation Set 0.066ms
[2026-04-03T06:29:27.106+0600][31.420s][info][gc,reloc    ] GC(22) y: Using tenuring threshold: 4 (Computed)
[2026-04-03T06:29:27.126+0600][31.439s][info][gc,phases   ] GC(22) y: Concurrent Select Relocation Set 23.014ms
[2026-04-03T06:29:27.126+0600][31.440s][info][gc,phases   ] GC(22) y: Pause Relocate Start 0.031ms
[2026-04-03T06:29:27.353+0600][31.667s][info][gc,phases   ] GC(22) y: Concurrent Relocate 218.207ms
[2026-04-03T06:29:27.354+0600][31.667s][info][gc,alloc    ] GC(22) y:                         Mark Start        Mark End      Relocate Start    Relocate End   
[2026-04-03T06:29:27.354+0600][31.667s][info][gc,alloc    ] GC(22) y: Allocation Stalls:          0                0                0                0         
[2026-04-03T06:29:27.354+0600][31.667s][info][gc,load     ] GC(22) y: Load: 6.14 (51%) / 4.83 (40%) / 3.68 (31%)
[2026-04-03T06:29:27.354+0600][31.667s][info][gc,mmu      ] GC(22) y: MMU: 2ms/94.1%, 5ms/97.6%, 10ms/98.8%, 20ms/99.4%, 50ms/99.7%, 100ms/99.8%
[2026-04-03T06:29:27.354+0600][31.667s][info][gc,marking  ] GC(22) y: Mark: 2 stripe(s), 2 proactive flush(es), 1 terminate flush(es), 0 completion(s), 0 continuation(s) 
[2026-04-03T06:29:27.354+0600][31.667s][info][gc,marking  ] GC(22) y: Mark Stack Usage: 32M
[2026-04-03T06:29:27.354+0600][31.667s][info][gc,nmethod  ] GC(22) y: NMethods: 3178 registered, 0 unregistered
[2026-04-03T06:29:27.354+0600][31.667s][info][gc,metaspace] GC(22) y: Metaspace: 9M used, 10M committed, 1088M reserved
[2026-04-03T06:29:27.354+0600][31.667s][info][gc,reloc    ] GC(22) y:                        Candidates     Selected     In-Place         Size        Empty    Relocated 
[2026-04-03T06:29:27.354+0600][31.667s][info][gc,reloc    ] GC(22) y: Small Pages:                  571          537            0        1142M           0M          29M 
[2026-04-03T06:29:27.354+0600][31.667s][info][gc,reloc    ] GC(22) y: Medium Pages:                   0            0            0           0M           0M           0M 
[2026-04-03T06:29:27.354+0600][31.667s][info][gc,reloc    ] GC(22) y: Large Pages:                    0            0            0           0M           0M           0M 
[2026-04-03T06:29:27.354+0600][31.667s][info][gc,reloc    ] GC(22) y: Forwarding Usage: 16M
[2026-04-03T06:29:27.354+0600][31.667s][info][gc,reloc    ] GC(22) y: Age Table:
[2026-04-03T06:29:27.354+0600][31.667s][info][gc,reloc    ] GC(22) y:                    Live             Garbage             Small              Medium             Large        
[2026-04-03T06:29:27.354+0600][31.667s][info][gc,reloc    ] GC(22) y: Eden              20M (1%)          977M (25%)        499 / 489            0 / 0              0 / 0        
[2026-04-03T06:29:27.354+0600][31.667s][info][gc,reloc    ] GC(22) y: Survivor 1        10M (0%)           29M (1%)          20 / 13             0 / 0              0 / 0        
[2026-04-03T06:29:27.354+0600][31.667s][info][gc,reloc    ] GC(22) y: Survivor 2        15M (0%)           28M (1%)          22 / 13             0 / 0              0 / 0        
[2026-04-03T06:29:27.354+0600][31.667s][info][gc,reloc    ] GC(22) y: Survivor 3         7M (0%)           24M (1%)          16 / 11             0 / 0              0 / 0        
[2026-04-03T06:29:27.354+0600][31.667s][info][gc,reloc    ] GC(22) y: Survivor 4         2M (0%)           25M (1%)          14 / 11             0 / 0              0 / 0        
[2026-04-03T06:29:27.354+0600][31.667s][info][gc,heap     ] GC(22) y: Min Capacity: 8M(0%)
[2026-04-03T06:29:27.354+0600][31.667s][info][gc,heap     ] GC(22) y: Max Capacity: 3922M(100%)
[2026-04-03T06:29:27.354+0600][31.667s][info][gc,heap     ] GC(22) y: Soft Max Capacity: 3529M(90%)
[2026-04-03T06:29:27.354+0600][31.667s][info][gc,heap     ] GC(22) y: Heap Statistics:
[2026-04-03T06:29:27.354+0600][31.667s][info][gc,heap     ] GC(22) y:                Mark Start          Mark End        Relocate Start      Relocate End           High               Low         
[2026-04-03T06:29:27.354+0600][31.667s][info][gc,heap     ] GC(22) y:  Capacity:     2770M (71%)        2770M (71%)        2770M (71%)        2770M (71%)        2770M (71%)        2770M (71%)    
[2026-04-03T06:29:27.354+0600][31.667s][info][gc,heap     ] GC(22) y:      Free:     2148M (55%)        1840M (47%)        1824M (47%)        2592M (66%)        2664M (68%)        1716M (44%)    
[2026-04-03T06:29:27.354+0600][31.667s][info][gc,heap     ] GC(22) y:      Used:     1774M (45%)        2082M (53%)        2098M (53%)        1330M (34%)        2206M (56%)        1258M (32%)    
[2026-04-03T06:29:27.354+0600][31.668s][info][gc,heap     ] GC(22) y: Young Generation Statistics:
[2026-04-03T06:29:27.354+0600][31.668s][info][gc,heap     ] GC(22) y:                Mark Start          Mark End        Relocate Start      Relocate End    
[2026-04-03T06:29:27.354+0600][31.668s][info][gc,heap     ] GC(22) y:      Used:     1142M (29%)        1450M (37%)        1464M (37%)         668M (17%)    
[2026-04-03T06:29:27.354+0600][31.668s][info][gc,heap     ] GC(22) y:      Live:         -                56M (1%)           55M (1%)           54M (1%)     
[2026-04-03T06:29:27.354+0600][31.668s][info][gc,heap     ] GC(22) y:   Garbage:         -              1085M (28%)        1084M (28%)           2M (0%)     
[2026-04-03T06:29:27.354+0600][31.668s][info][gc,heap     ] GC(22) y: Allocated:         -               308M (8%)          324M (8%)          611M (16%)    
[2026-04-03T06:29:27.354+0600][31.668s][info][gc,heap     ] GC(22) y: Reclaimed:         -                  -                 0M (0%)         1083M (28%)    
[2026-04-03T06:29:27.354+0600][31.668s][info][gc,heap     ] GC(22) y:  Promoted:         -                  -                 1M (0%)            2M (0%)     
[2026-04-03T06:29:27.354+0600][31.668s][info][gc,heap     ] GC(22) y: Compacted:         -                  -                  -                46M (1%)     
[2026-04-03T06:29:27.354+0600][31.668s][info][gc,phases   ] GC(22) y: Young Generation 1772M(45%)->1330M(34%) 0.672s
[2026-04-03T06:29:27.355+0600][31.668s][info][gc          ] GC(22) Minor Collection (Allocation Rate) 1770M(45%)->1332M(34%) 0.673s
[2026-04-03T06:29:27.780+0600][32.094s][info][gc          ] GC(23) Minor Collection (Allocation Rate)
[2026-04-03T06:29:27.780+0600][32.094s][info][gc,task     ] GC(23) Using 2 Workers for Young Generation
[2026-04-03T06:29:27.781+0600][32.094s][info][gc,phases   ] GC(23) y: Young Generation
[2026-04-03T06:29:27.781+0600][32.095s][info][gc,phases   ] GC(23) y: Pause Mark Start 0.051ms
[2026-04-03T06:29:28.307+0600][32.621s][info][gc,phases   ] GC(23) y: Concurrent Mark 515.222ms
[2026-04-03T06:29:28.308+0600][32.622s][info][gc,phases   ] GC(23) y: Pause Mark End 0.044ms
[2026-04-03T06:29:28.318+0600][32.632s][info][gc,phases   ] GC(23) y: Concurrent Mark Free 0.006ms
[2026-04-03T06:29:28.319+0600][32.632s][info][gc,phases   ] GC(23) y: Concurrent Reset Relocation Set 0.102ms
[2026-04-03T06:29:28.336+0600][32.649s][info][gc,reloc    ] GC(23) y: Using tenuring threshold: 2 (Computed)
[2026-04-03T06:29:28.420+0600][32.733s][info][gc,phases   ] GC(23) y: Concurrent Select Relocation Set 100.705ms
[2026-04-03T06:29:28.422+0600][32.736s][info][gc,phases   ] GC(23) y: Pause Relocate Start 0.029ms
[2026-04-03T06:29:28.674+0600][32.988s][info][gc,phases   ] GC(23) y: Concurrent Relocate 245.039ms
[2026-04-03T06:29:28.675+0600][32.988s][info][gc,alloc    ] GC(23) y:                         Mark Start        Mark End      Relocate Start    Relocate End   
[2026-04-03T06:29:28.675+0600][32.988s][info][gc,alloc    ] GC(23) y: Allocation Stalls:          0                0                0                0         
[2026-04-03T06:29:28.675+0600][32.988s][info][gc,load     ] GC(23) y: Load: 6.14 (51%) / 4.83 (40%) / 3.68 (31%)
[2026-04-03T06:29:28.675+0600][32.988s][info][gc,mmu      ] GC(23) y: MMU: 2ms/94.1%, 5ms/97.6%, 10ms/98.8%, 20ms/99.4%, 50ms/99.7%, 100ms/99.8%
[2026-04-03T06:29:28.675+0600][32.988s][info][gc,marking  ] GC(23) y: Mark: 2 stripe(s), 2 proactive flush(es), 1 terminate flush(es), 0 completion(s), 0 continuation(s) 
[2026-04-03T06:29:28.675+0600][32.988s][info][gc,marking  ] GC(23) y: Mark Stack Usage: 32M
[2026-04-03T06:29:28.675+0600][32.988s][info][gc,nmethod  ] GC(23) y: NMethods: 3226 registered, 0 unregistered
[2026-04-03T06:29:28.675+0600][32.988s][info][gc,metaspace] GC(23) y: Metaspace: 9M used, 10M committed, 1088M reserved
[2026-04-03T06:29:28.675+0600][32.988s][info][gc,reloc    ] GC(23) y:                        Candidates     Selected     In-Place         Size        Empty    Relocated 
[2026-04-03T06:29:28.675+0600][32.988s][info][gc,reloc    ] GC(23) y: Small Pages:                  536          499            0        1072M           0M          27M 
[2026-04-03T06:29:28.675+0600][32.988s][info][gc,reloc    ] GC(23) y: Medium Pages:                   0            0            0           0M           0M           0M 
[2026-04-03T06:29:28.675+0600][32.988s][info][gc,reloc    ] GC(23) y: Large Pages:                    0            0            0           0M           0M           0M 
[2026-04-03T06:29:28.675+0600][32.988s][info][gc,reloc    ] GC(23) y: Forwarding Usage: 11M
[2026-04-03T06:29:28.675+0600][32.988s][info][gc,reloc    ] GC(23) y: Age Table:
[2026-04-03T06:29:28.675+0600][32.988s][info][gc,reloc    ] GC(23) y:                    Live             Garbage             Small              Medium             Large        
[2026-04-03T06:29:28.675+0600][32.988s][info][gc,reloc    ] GC(23) y: Eden              20M (1%)          893M (23%)        457 / 444            0 / 0              0 / 0        
[2026-04-03T06:29:28.675+0600][32.988s][info][gc,reloc    ] GC(23) y: Survivor 1        12M (0%)           33M (1%)          23 / 16             0 / 0              0 / 0        
[2026-04-03T06:29:28.675+0600][32.988s][info][gc,reloc    ] GC(23) y: Survivor 2         8M (0%)           27M (1%)          18 / 13             0 / 0              0 / 0        
[2026-04-03T06:29:28.675+0600][32.988s][info][gc,reloc    ] GC(23) y: Survivor 3        13M (0%)           28M (1%)          21 / 13             0 / 0              0 / 0        
[2026-04-03T06:29:28.675+0600][32.988s][info][gc,reloc    ] GC(23) y: Survivor 4         7M (0%)           26M (1%)          17 / 13             0 / 0              0 / 0        
[2026-04-03T06:29:28.675+0600][32.988s][info][gc,heap     ] GC(23) y: Min Capacity: 8M(0%)
[2026-04-03T06:29:28.675+0600][32.988s][info][gc,heap     ] GC(23) y: Max Capacity: 3922M(100%)
[2026-04-03T06:29:28.675+0600][32.988s][info][gc,heap     ] GC(23) y: Soft Max Capacity: 3529M(90%)
[2026-04-03T06:29:28.675+0600][32.988s][info][gc,heap     ] GC(23) y: Heap Statistics:
[2026-04-03T06:29:28.675+0600][32.988s][info][gc,heap     ] GC(23) y:                Mark Start          Mark End        Relocate Start      Relocate End           High               Low         
[2026-04-03T06:29:28.675+0600][32.988s][info][gc,heap     ] GC(23) y:  Capacity:     2770M (71%)        2770M (71%)        2770M (71%)        2770M (71%)        2770M (71%)        2770M (71%)    
[2026-04-03T06:29:28.675+0600][32.988s][info][gc,heap     ] GC(23) y:      Free:     2188M (56%)        1718M (44%)        1612M (41%)        2380M (61%)        2486M (63%)        1560M (40%)    
[2026-04-03T06:29:28.675+0600][32.988s][info][gc,heap     ] GC(23) y:      Used:     1734M (44%)        2204M (56%)        2310M (59%)        1542M (39%)        2362M (60%)        1436M (37%)    
[2026-04-03T06:29:28.675+0600][32.988s][info][gc,heap     ] GC(23) y: Young Generation Statistics:
[2026-04-03T06:29:28.678+0600][32.992s][info][gc,heap     ] GC(23) y:                Mark Start          Mark End        Relocate Start      Relocate End    
[2026-04-03T06:29:28.678+0600][32.992s][info][gc,heap     ] GC(23) y:      Used:     1072M (27%)        1542M (39%)        1620M (41%)         844M (22%)    
[2026-04-03T06:29:28.678+0600][32.992s][info][gc,heap     ] GC(23) y:      Live:         -                62M (2%)           38M (1%)           33M (1%)     
[2026-04-03T06:29:28.678+0600][32.992s][info][gc,heap     ] GC(23) y:   Garbage:         -              1009M (26%)        1005M (26%)           1M (0%)     
[2026-04-03T06:29:28.678+0600][32.992s][info][gc,heap     ] GC(23) y: Allocated:         -               470M (12%)         576M (15%)         809M (21%)    
[2026-04-03T06:29:28.678+0600][32.992s][info][gc,heap     ] GC(23) y: Reclaimed:         -                  -                 4M (0%)         1007M (26%)    
[2026-04-03T06:29:28.678+0600][32.992s][info][gc,heap     ] GC(23) y:  Promoted:         -                  -                23M (1%)           29M (1%)     
[2026-04-03T06:29:28.678+0600][32.992s][info][gc,heap     ] GC(23) y: Compacted:         -                  -                  -                28M (1%)     
[2026-04-03T06:29:28.678+0600][32.992s][info][gc,phases   ] GC(23) y: Young Generation 1734M(44%)->1542M(39%) 0.894s
[2026-04-03T06:29:28.678+0600][32.992s][info][gc          ] GC(23) Minor Collection (Allocation Rate) 1734M(44%)->1548M(39%) 0.898s
[2026-04-03T06:29:28.990+0600][33.303s][info][gc          ] GC(24) Minor Collection (Allocation Rate)
[2026-04-03T06:29:28.990+0600][33.303s][info][gc,task     ] GC(24) Using 3 Workers for Young Generation
[2026-04-03T06:29:28.990+0600][33.303s][info][gc,phases   ] GC(24) y: Young Generation
[2026-04-03T06:29:28.991+0600][33.304s][info][gc,phases   ] GC(24) y: Pause Mark Start 0.044ms
[2026-04-03T06:29:29.265+0600][33.579s][info][gc,phases   ] GC(24) y: Concurrent Mark 273.539ms
[2026-04-03T06:29:29.266+0600][33.579s][info][gc,phases   ] GC(24) y: Pause Mark End 0.039ms
[2026-04-03T06:29:29.271+0600][33.585s][info][gc,phases   ] GC(24) y: Concurrent Mark Free 0.005ms
[2026-04-03T06:29:29.271+0600][33.585s][info][gc,phases   ] GC(24) y: Concurrent Reset Relocation Set 0.113ms
[2026-04-03T06:29:29.279+0600][33.592s][info][gc,reloc    ] GC(24) y: Using tenuring threshold: 3 (Computed)
[2026-04-03T06:29:29.283+0600][33.596s][info][gc,phases   ] GC(24) y: Concurrent Select Relocation Set 10.992ms
[2026-04-03T06:29:29.283+0600][33.596s][info][gc,phases   ] GC(24) y: Pause Relocate Start 0.038ms
[2026-04-03T06:29:29.349+0600][33.663s][info][gc,phases   ] GC(24) y: Concurrent Relocate 65.694ms
[2026-04-03T06:29:29.349+0600][33.663s][info][gc,alloc    ] GC(24) y:                         Mark Start        Mark End      Relocate Start    Relocate End   
[2026-04-03T06:29:29.349+0600][33.663s][info][gc,alloc    ] GC(24) y: Allocation Stalls:          0                0                0                0         
[2026-04-03T06:29:29.349+0600][33.663s][info][gc,load     ] GC(24) y: Load: 6.14 (51%) / 4.83 (40%) / 3.68 (31%)
[2026-04-03T06:29:29.349+0600][33.663s][info][gc,mmu      ] GC(24) y: MMU: 2ms/94.1%, 5ms/97.6%, 10ms/98.8%, 20ms/99.4%, 50ms/99.7%, 100ms/99.8%
[2026-04-03T06:29:29.349+0600][33.663s][info][gc,marking  ] GC(24) y: Mark: 2 stripe(s), 2 proactive flush(es), 1 terminate flush(es), 0 completion(s), 0 continuation(s) 
[2026-04-03T06:29:29.349+0600][33.663s][info][gc,marking  ] GC(24) y: Mark Stack Usage: 32M
[2026-04-03T06:29:29.349+0600][33.663s][info][gc,nmethod  ] GC(24) y: NMethods: 3256 registered, 0 unregistered
[2026-04-03T06:29:29.350+0600][33.663s][info][gc,metaspace] GC(24) y: Metaspace: 9M used, 10M committed, 1088M reserved
[2026-04-03T06:29:29.350+0600][33.663s][info][gc,reloc    ] GC(24) y:                        Candidates     Selected     In-Place         Size        Empty    Relocated 
[2026-04-03T06:29:29.350+0600][33.663s][info][gc,reloc    ] GC(24) y: Small Pages:                  643          618            0        1286M           0M          30M 
[2026-04-03T06:29:29.350+0600][33.663s][info][gc,reloc    ] GC(24) y: Medium Pages:                   0            0            0           0M           0M           0M 
[2026-04-03T06:29:29.350+0600][33.663s][info][gc,reloc    ] GC(24) y: Large Pages:                    0            0            0           0M           0M           0M 
[2026-04-03T06:29:29.350+0600][33.663s][info][gc,reloc    ] GC(24) y: Forwarding Usage: 12M
[2026-04-03T06:29:29.350+0600][33.663s][info][gc,reloc    ] GC(24) y: Age Table:
[2026-04-03T06:29:29.350+0600][33.663s][info][gc,reloc    ] GC(24) y:                    Live             Garbage             Small              Medium             Large        
[2026-04-03T06:29:29.350+0600][33.663s][info][gc,reloc    ] GC(24) y: Eden              23M (1%)         1180M (30%)        602 / 588            0 / 0              0 / 0        
[2026-04-03T06:29:29.350+0600][33.663s][info][gc,reloc    ] GC(24) y: Survivor 1        10M (0%)           33M (1%)          22 / 17             0 / 0              0 / 0        
[2026-04-03T06:29:29.350+0600][33.663s][info][gc,reloc    ] GC(24) y: Survivor 2         9M (0%)           28M (1%)          19 / 13             0 / 0              0 / 0        
[2026-04-03T06:29:29.350+0600][33.663s][info][gc,heap     ] GC(24) y: Min Capacity: 8M(0%)
[2026-04-03T06:29:29.350+0600][33.663s][info][gc,heap     ] GC(24) y: Max Capacity: 3922M(100%)
[2026-04-03T06:29:29.350+0600][33.663s][info][gc,heap     ] GC(24) y: Soft Max Capacity: 3529M(90%)
[2026-04-03T06:29:29.350+0600][33.663s][info][gc,heap     ] GC(24) y: Heap Statistics:
[2026-04-03T06:29:29.350+0600][33.663s][info][gc,heap     ] GC(24) y:                Mark Start          Mark End        Relocate Start      Relocate End           High               Low         
[2026-04-03T06:29:29.350+0600][33.663s][info][gc,heap     ] GC(24) y:  Capacity:     2770M (71%)        2770M (71%)        2770M (71%)        2770M (71%)        2770M (71%)        2770M (71%)    
[2026-04-03T06:29:29.350+0600][33.663s][info][gc,heap     ] GC(24) y:      Free:     1938M (49%)        1596M (41%)        1578M (40%)        2678M (68%)        2682M (68%)        1554M (40%)    
[2026-04-03T06:29:29.350+0600][33.663s][info][gc,heap     ] GC(24) y:      Used:     1984M (51%)        2326M (59%)        2344M (60%)        1244M (32%)        2368M (60%)        1240M (32%)    
[2026-04-03T06:29:29.350+0600][33.663s][info][gc,heap     ] GC(24) y: Young Generation Statistics:
[2026-04-03T06:29:29.350+0600][33.663s][info][gc,heap     ] GC(24) y:                Mark Start          Mark End        Relocate Start      Relocate End    
[2026-04-03T06:29:29.350+0600][33.663s][info][gc,heap     ] GC(24) y:      Used:     1286M (33%)        1628M (42%)        1646M (42%)         546M (14%)    
[2026-04-03T06:29:29.350+0600][33.663s][info][gc,heap     ] GC(24) y:      Live:         -                42M (1%)           42M (1%)           42M (1%)     
[2026-04-03T06:29:29.350+0600][33.663s][info][gc,heap     ] GC(24) y:   Garbage:         -              1243M (32%)        1243M (32%)           1M (0%)     
[2026-04-03T06:29:29.350+0600][33.663s][info][gc,heap     ] GC(24) y: Allocated:         -               342M (9%)          360M (9%)          501M (13%)    
[2026-04-03T06:29:29.350+0600][33.663s][info][gc,heap     ] GC(24) y: Reclaimed:         -                  -                 0M (0%)         1241M (32%)    
[2026-04-03T06:29:29.350+0600][33.663s][info][gc,heap     ] GC(24) y:  Promoted:         -                  -                 0M (0%)            0M (0%)     
[2026-04-03T06:29:29.350+0600][33.663s][info][gc,heap     ] GC(24) y: Compacted:         -                  -                  -                38M (1%)     
[2026-04-03T06:29:29.350+0600][33.663s][info][gc,phases   ] GC(24) y: Young Generation 1984M(51%)->1244M(32%) 0.359s
[2026-04-03T06:29:29.350+0600][33.663s][info][gc          ] GC(24) Minor Collection (Allocation Rate) 1982M(51%)->1244M(32%) 0.360s
[2026-04-03T06:29:29.826+0600][34.140s][info][gc          ] GC(25) Minor Collection (Allocation Rate)
[2026-04-03T06:29:29.826+0600][34.140s][info][gc,task     ] GC(25) Using 3 Workers for Young Generation
[2026-04-03T06:29:29.827+0600][34.140s][info][gc,phases   ] GC(25) y: Young Generation
[2026-04-03T06:29:29.828+0600][34.142s][info][gc,phases   ] GC(25) y: Pause Mark Start 0.041ms
[2026-04-03T06:29:30.134+0600][34.448s][info][gc,phases   ] GC(25) y: Concurrent Mark 299.138ms
[2026-04-03T06:29:30.135+0600][34.448s][info][gc,phases   ] GC(25) y: Pause Mark End 0.041ms
[2026-04-03T06:29:30.135+0600][34.449s][info][gc,phases   ] GC(25) y: Concurrent Mark Free 0.002ms
[2026-04-03T06:29:30.136+0600][34.449s][info][gc,phases   ] GC(25) y: Concurrent Reset Relocation Set 0.089ms
[2026-04-03T06:29:30.139+0600][34.453s][info][gc,reloc    ] GC(25) y: Using tenuring threshold: 4 (Computed)
[2026-04-03T06:29:30.142+0600][34.456s][info][gc,phases   ] GC(25) y: Concurrent Select Relocation Set 6.734ms
[2026-04-03T06:29:30.143+0600][34.456s][info][gc,phases   ] GC(25) y: Pause Relocate Start 0.033ms
[2026-04-03T06:29:30.199+0600][34.512s][info][gc,phases   ] GC(25) y: Concurrent Relocate 55.475ms
[2026-04-03T06:29:30.199+0600][34.512s][info][gc,alloc    ] GC(25) y:                         Mark Start        Mark End      Relocate Start    Relocate End   
[2026-04-03T06:29:30.199+0600][34.512s][info][gc,alloc    ] GC(25) y: Allocation Stalls:          0                0                0                0         
[2026-04-03T06:29:30.199+0600][34.512s][info][gc,load     ] GC(25) y: Load: 6.14 (51%) / 4.83 (40%) / 3.68 (31%)
[2026-04-03T06:29:30.199+0600][34.512s][info][gc,mmu      ] GC(25) y: MMU: 2ms/94.1%, 5ms/97.6%, 10ms/98.8%, 20ms/99.4%, 50ms/99.7%, 100ms/99.8%
[2026-04-03T06:29:30.199+0600][34.512s][info][gc,marking  ] GC(25) y: Mark: 2 stripe(s), 2 proactive flush(es), 1 terminate flush(es), 0 completion(s), 0 continuation(s) 
[2026-04-03T06:29:30.199+0600][34.512s][info][gc,marking  ] GC(25) y: Mark Stack Usage: 32M
[2026-04-03T06:29:30.199+0600][34.512s][info][gc,nmethod  ] GC(25) y: NMethods: 3281 registered, 0 unregistered
[2026-04-03T06:29:30.199+0600][34.512s][info][gc,metaspace] GC(25) y: Metaspace: 9M used, 10M committed, 1088M reserved
[2026-04-03T06:29:30.199+0600][34.512s][info][gc,reloc    ] GC(25) y:                        Candidates     Selected     In-Place         Size        Empty    Relocated 
[2026-04-03T06:29:30.199+0600][34.512s][info][gc,reloc    ] GC(25) y: Small Pages:                  595          563            0        1190M           0M          26M 
[2026-04-03T06:29:30.199+0600][34.512s][info][gc,reloc    ] GC(25) y: Medium Pages:                   0            0            0           0M           0M           0M 
[2026-04-03T06:29:30.199+0600][34.512s][info][gc,reloc    ] GC(25) y: Large Pages:                    0            0            0           0M           0M           0M 
[2026-04-03T06:29:30.199+0600][34.512s][info][gc,reloc    ] GC(25) y: Forwarding Usage: 10M
[2026-04-03T06:29:30.199+0600][34.513s][info][gc,reloc    ] GC(25) y: Age Table:
[2026-04-03T06:29:30.199+0600][34.513s][info][gc,reloc    ] GC(25) y:                    Live             Garbage             Small              Medium             Large        
[2026-04-03T06:29:30.199+0600][34.513s][info][gc,reloc    ] GC(25) y: Eden              21M (1%)         1042M (27%)        532 / 520            0 / 0              0 / 0        
[2026-04-03T06:29:30.199+0600][34.513s][info][gc,reloc    ] GC(25) y: Survivor 1        13M (0%)           36M (1%)          25 / 16             0 / 0              0 / 0        
[2026-04-03T06:29:30.199+0600][34.513s][info][gc,reloc    ] GC(25) y: Survivor 2         8M (0%)           29M (1%)          19 / 14             0 / 0              0 / 0        
[2026-04-03T06:29:30.199+0600][34.513s][info][gc,reloc    ] GC(25) y: Survivor 3         8M (0%)           29M (1%)          19 / 13             0 / 0              0 / 0        
[2026-04-03T06:29:30.200+0600][34.513s][info][gc,heap     ] GC(25) y: Min Capacity: 8M(0%)
[2026-04-03T06:29:30.200+0600][34.513s][info][gc,heap     ] GC(25) y: Max Capacity: 3922M(100%)
[2026-04-03T06:29:30.200+0600][34.513s][info][gc,heap     ] GC(25) y: Soft Max Capacity: 3529M(90%)
[2026-04-03T06:29:30.200+0600][34.513s][info][gc,heap     ] GC(25) y: Heap Statistics:
[2026-04-03T06:29:30.200+0600][34.513s][info][gc,heap     ] GC(25) y:                Mark Start          Mark End        Relocate Start      Relocate End           High               Low         
[2026-04-03T06:29:30.200+0600][34.513s][info][gc,heap     ] GC(25) y:  Capacity:     2770M (71%)        2770M (71%)        2770M (71%)        2770M (71%)        2770M (71%)        2770M (71%)    
[2026-04-03T06:29:30.200+0600][34.513s][info][gc,heap     ] GC(25) y:      Free:     2034M (52%)        1700M (43%)        1696M (43%)        2664M (68%)        2664M (68%)        1632M (42%)    
[2026-04-03T06:29:30.200+0600][34.513s][info][gc,heap     ] GC(25) y:      Used:     1888M (48%)        2222M (57%)        2226M (57%)        1258M (32%)        2290M (58%)        1258M (32%)    
[2026-04-03T06:29:30.200+0600][34.513s][info][gc,heap     ] GC(25) y: Young Generation Statistics:
[2026-04-03T06:29:30.200+0600][34.513s][info][gc,heap     ] GC(25) y:                Mark Start          Mark End        Relocate Start      Relocate End    
[2026-04-03T06:29:30.200+0600][34.513s][info][gc,heap     ] GC(25) y:      Used:     1190M (30%)        1524M (39%)        1528M (39%)         560M (14%)    
[2026-04-03T06:29:30.200+0600][34.513s][info][gc,heap     ] GC(25) y:      Live:         -                51M (1%)           51M (1%)           51M (1%)     
[2026-04-03T06:29:30.200+0600][34.513s][info][gc,heap     ] GC(25) y:   Garbage:         -              1138M (29%)        1138M (29%)           7M (0%)     
[2026-04-03T06:29:30.200+0600][34.513s][info][gc,heap     ] GC(25) y: Allocated:         -               334M (9%)          338M (9%)          500M (13%)    
[2026-04-03T06:29:30.200+0600][34.513s][info][gc,heap     ] GC(25) y: Reclaimed:         -                  -                 0M (0%)         1130M (29%)    
[2026-04-03T06:29:30.200+0600][34.513s][info][gc,heap     ] GC(25) y:  Promoted:         -                  -                 0M (0%)            0M (0%)     
[2026-04-03T06:29:30.200+0600][34.513s][info][gc,heap     ] GC(25) y: Compacted:         -                  -                  -                31M (1%)     
[2026-04-03T06:29:30.200+0600][34.513s][info][gc,phases   ] GC(25) y: Young Generation 1888M(48%)->1258M(32%) 0.372s
[2026-04-03T06:29:30.200+0600][34.513s][info][gc          ] GC(25) Minor Collection (Allocation Rate) 1888M(48%)->1260M(32%) 0.374s
[2026-04-03T06:29:30.615+0600][34.929s][info][gc          ] GC(26) Minor Collection (Allocation Rate)
[2026-04-03T06:29:30.615+0600][34.929s][info][gc,task     ] GC(26) Using 3 Workers for Young Generation
[2026-04-03T06:29:30.615+0600][34.929s][info][gc,phases   ] GC(26) y: Young Generation
[2026-04-03T06:29:30.616+0600][34.929s][info][gc,phases   ] GC(26) y: Pause Mark Start 0.035ms
[2026-04-03T06:29:30.880+0600][35.193s][info][gc,phases   ] GC(26) y: Concurrent Mark 263.264ms
[2026-04-03T06:29:30.880+0600][35.193s][info][gc,phases   ] GC(26) y: Pause Mark End 0.108ms
[2026-04-03T06:29:30.880+0600][35.194s][info][gc,phases   ] GC(26) y: Concurrent Mark Free 0.002ms
[2026-04-03T06:29:30.881+0600][35.194s][info][gc,phases   ] GC(26) y: Concurrent Reset Relocation Set 0.072ms
[2026-04-03T06:29:30.884+0600][35.198s][info][gc,reloc    ] GC(26) y: Using tenuring threshold: 3 (Computed)
[2026-04-03T06:29:30.907+0600][35.221s][info][gc,phases   ] GC(26) y: Concurrent Select Relocation Set 26.581ms
[2026-04-03T06:29:30.908+0600][35.221s][info][gc,phases   ] GC(26) y: Pause Relocate Start 0.041ms
[2026-04-03T06:29:31.008+0600][35.322s][info][gc,phases   ] GC(26) y: Concurrent Relocate 100.020ms
[2026-04-03T06:29:31.008+0600][35.322s][info][gc,alloc    ] GC(26) y:                         Mark Start        Mark End      Relocate Start    Relocate End   
[2026-04-03T06:29:31.008+0600][35.322s][info][gc,alloc    ] GC(26) y: Allocation Stalls:          0                0                0                0         
[2026-04-03T06:29:31.009+0600][35.322s][info][gc,load     ] GC(26) y: Load: 6.14 (51%) / 4.83 (40%) / 3.68 (31%)
[2026-04-03T06:29:31.009+0600][35.322s][info][gc,mmu      ] GC(26) y: MMU: 2ms/94.1%, 5ms/97.6%, 10ms/98.8%, 20ms/99.4%, 50ms/99.7%, 100ms/99.8%
[2026-04-03T06:29:31.009+0600][35.322s][info][gc,marking  ] GC(26) y: Mark: 2 stripe(s), 2 proactive flush(es), 1 terminate flush(es), 0 completion(s), 0 continuation(s) 
[2026-04-03T06:29:31.009+0600][35.322s][info][gc,marking  ] GC(26) y: Mark Stack Usage: 32M
[2026-04-03T06:29:31.009+0600][35.322s][info][gc,nmethod  ] GC(26) y: NMethods: 3295 registered, 0 unregistered
[2026-04-03T06:29:31.009+0600][35.322s][info][gc,metaspace] GC(26) y: Metaspace: 9M used, 10M committed, 1088M reserved
[2026-04-03T06:29:31.009+0600][35.322s][info][gc,reloc    ] GC(26) y:                        Candidates     Selected     In-Place         Size        Empty    Relocated 
[2026-04-03T06:29:31.009+0600][35.322s][info][gc,reloc    ] GC(26) y: Small Pages:                  594          558            0        1188M           0M          28M 
[2026-04-03T06:29:31.009+0600][35.322s][info][gc,reloc    ] GC(26) y: Medium Pages:                   0            0            0           0M           0M           0M 
[2026-04-03T06:29:31.009+0600][35.322s][info][gc,reloc    ] GC(26) y: Large Pages:                    0            0            0           0M           0M           0M 
[2026-04-03T06:29:31.009+0600][35.322s][info][gc,reloc    ] GC(26) y: Forwarding Usage: 14M
[2026-04-03T06:29:31.009+0600][35.322s][info][gc,reloc    ] GC(26) y: Age Table:
[2026-04-03T06:29:31.009+0600][35.322s][info][gc,reloc    ] GC(26) y:                    Live             Garbage             Small              Medium             Large        
[2026-04-03T06:29:31.009+0600][35.322s][info][gc,reloc    ] GC(26) y: Eden              20M (1%)         1001M (26%)        511 / 499            0 / 0              0 / 0        
[2026-04-03T06:29:31.009+0600][35.322s][info][gc,reloc    ] GC(26) y: Survivor 1        12M (0%)           35M (1%)          24 / 16             0 / 0              0 / 0        
[2026-04-03T06:29:31.009+0600][35.322s][info][gc,reloc    ] GC(26) y: Survivor 2        11M (0%)           32M (1%)          22 / 17             0 / 0              0 / 0        
[2026-04-03T06:29:31.009+0600][35.322s][info][gc,reloc    ] GC(26) y: Survivor 3         7M (0%)           30M (1%)          19 / 13             0 / 0              0 / 0        
[2026-04-03T06:29:31.009+0600][35.322s][info][gc,reloc    ] GC(26) y: Survivor 4         7M (0%)           28M (1%)          18 / 13             0 / 0              0 / 0        
[2026-04-03T06:29:31.009+0600][35.322s][info][gc,heap     ] GC(26) y: Min Capacity: 8M(0%)
[2026-04-03T06:29:31.009+0600][35.322s][info][gc,heap     ] GC(26) y: Max Capacity: 3922M(100%)
[2026-04-03T06:29:31.009+0600][35.322s][info][gc,heap     ] GC(26) y: Soft Max Capacity: 3529M(90%)
[2026-04-03T06:29:31.009+0600][35.322s][info][gc,heap     ] GC(26) y: Heap Statistics:
[2026-04-03T06:29:31.009+0600][35.322s][info][gc,heap     ] GC(26) y:                Mark Start          Mark End        Relocate Start      Relocate End           High               Low         
[2026-04-03T06:29:31.009+0600][35.322s][info][gc,heap     ] GC(26) y:  Capacity:     2770M (71%)        2770M (71%)        2770M (71%)        2770M (71%)        2770M (71%)        2770M (71%)    
[2026-04-03T06:29:31.009+0600][35.322s][info][gc,heap     ] GC(26) y:      Free:     2036M (52%)        1676M (43%)        1642M (42%)        2566M (65%)        2628M (67%)        1594M (41%)    
[2026-04-03T06:29:31.009+0600][35.322s][info][gc,heap     ] GC(26) y:      Used:     1886M (48%)        2246M (57%)        2280M (58%)        1356M (35%)        2328M (59%)        1294M (33%)    
[2026-04-03T06:29:31.009+0600][35.322s][info][gc,heap     ] GC(26) y: Young Generation Statistics:
[2026-04-03T06:29:31.009+0600][35.322s][info][gc,heap     ] GC(26) y:                Mark Start          Mark End        Relocate Start      Relocate End    
[2026-04-03T06:29:31.009+0600][35.322s][info][gc,heap     ] GC(26) y:      Used:     1188M (30%)        1548M (39%)        1566M (40%)         636M (16%)    
[2026-04-03T06:29:31.009+0600][35.322s][info][gc,heap     ] GC(26) y:      Live:         -                59M (2%)           47M (1%)           43M (1%)     
[2026-04-03T06:29:31.009+0600][35.322s][info][gc,heap     ] GC(26) y:   Garbage:         -              1128M (29%)        1124M (29%)           2M (0%)     
[2026-04-03T06:29:31.009+0600][35.322s][info][gc,heap     ] GC(26) y: Allocated:         -               360M (9%)          394M (10%)         589M (15%)    
[2026-04-03T06:29:31.009+0600][35.322s][info][gc,heap     ] GC(26) y: Reclaimed:         -                  -                 4M (0%)         1126M (29%)    
[2026-04-03T06:29:31.009+0600][35.322s][info][gc,heap     ] GC(26) y:  Promoted:         -                  -                11M (0%)           15M (0%)     
[2026-04-03T06:29:31.009+0600][35.322s][info][gc,heap     ] GC(26) y: Compacted:         -                  -                  -                38M (1%)     
[2026-04-03T06:29:31.009+0600][35.322s][info][gc,phases   ] GC(26) y: Young Generation 1886M(48%)->1356M(35%) 0.393s
[2026-04-03T06:29:31.009+0600][35.322s][info][gc          ] GC(26) Minor Collection (Allocation Rate) 1884M(48%)->1360M(35%) 0.394s
[2026-04-03T06:29:31.314+0600][35.627s][info][gc          ] GC(27) Minor Collection (Allocation Rate)
[2026-04-03T06:29:31.314+0600][35.627s][info][gc,task     ] GC(27) Using 3 Workers for Young Generation
[2026-04-03T06:29:31.314+0600][35.627s][info][gc,phases   ] GC(27) y: Young Generation
[2026-04-03T06:29:31.314+0600][35.628s][info][gc,phases   ] GC(27) y: Pause Mark Start 0.032ms
[2026-04-03T06:29:31.600+0600][35.913s][info][gc,phases   ] GC(27) y: Concurrent Mark 285.344ms
[2026-04-03T06:29:31.601+0600][35.914s][info][gc,phases   ] GC(27) y: Pause Mark End 0.034ms
[2026-04-03T06:29:31.601+0600][35.914s][info][gc,phases   ] GC(27) y: Concurrent Mark Free 0.001ms
[2026-04-03T06:29:31.601+0600][35.914s][info][gc,phases   ] GC(27) y: Concurrent Reset Relocation Set 0.100ms
[2026-04-03T06:29:31.604+0600][35.917s][info][gc,reloc    ] GC(27) y: Using tenuring threshold: 3 (Computed)
[2026-04-03T06:29:31.621+0600][35.934s][info][gc,phases   ] GC(27) y: Concurrent Select Relocation Set 19.512ms
[2026-04-03T06:29:31.621+0600][35.934s][info][gc,phases   ] GC(27) y: Pause Relocate Start 0.035ms
[2026-04-03T06:29:31.701+0600][36.014s][info][gc,phases   ] GC(27) y: Concurrent Relocate 79.704ms
[2026-04-03T06:29:31.701+0600][36.014s][info][gc,alloc    ] GC(27) y:                         Mark Start        Mark End      Relocate Start    Relocate End   
[2026-04-03T06:29:31.701+0600][36.015s][info][gc,alloc    ] GC(27) y: Allocation Stalls:          0                0                0                0         
[2026-04-03T06:29:31.701+0600][36.015s][info][gc,load     ] GC(27) y: Load: 7.09 (59%) / 5.05 (42%) / 3.76 (31%)
[2026-04-03T06:29:31.701+0600][36.015s][info][gc,mmu      ] GC(27) y: MMU: 2ms/94.1%, 5ms/97.6%, 10ms/98.8%, 20ms/99.4%, 50ms/99.7%, 100ms/99.8%
[2026-04-03T06:29:31.701+0600][36.015s][info][gc,marking  ] GC(27) y: Mark: 2 stripe(s), 2 proactive flush(es), 1 terminate flush(es), 0 completion(s), 0 continuation(s) 
[2026-04-03T06:29:31.701+0600][36.015s][info][gc,marking  ] GC(27) y: Mark Stack Usage: 32M
[2026-04-03T06:29:31.701+0600][36.015s][info][gc,nmethod  ] GC(27) y: NMethods: 3298 registered, 0 unregistered
[2026-04-03T06:29:31.701+0600][36.015s][info][gc,metaspace] GC(27) y: Metaspace: 9M used, 10M committed, 1088M reserved
[2026-04-03T06:29:31.701+0600][36.015s][info][gc,reloc    ] GC(27) y:                        Candidates     Selected     In-Place         Size        Empty    Relocated 
[2026-04-03T06:29:31.701+0600][36.015s][info][gc,reloc    ] GC(27) y: Small Pages:                  561          530            0        1122M           0M          26M 
[2026-04-03T06:29:31.701+0600][36.015s][info][gc,reloc    ] GC(27) y: Medium Pages:                   0            0            0           0M           0M           0M 
[2026-04-03T06:29:31.701+0600][36.015s][info][gc,reloc    ] GC(27) y: Large Pages:                    0            0            0           0M           0M           0M 
[2026-04-03T06:29:31.701+0600][36.015s][info][gc,reloc    ] GC(27) y: Forwarding Usage: 12M
[2026-04-03T06:29:31.701+0600][36.015s][info][gc,reloc    ] GC(27) y: Age Table:
[2026-04-03T06:29:31.701+0600][36.015s][info][gc,reloc    ] GC(27) y:                    Live             Garbage             Small              Medium             Large        
[2026-04-03T06:29:31.701+0600][36.015s][info][gc,reloc    ] GC(27) y: Eden              20M (1%)          975M (25%)        498 / 487            0 / 0              0 / 0        
[2026-04-03T06:29:31.701+0600][36.015s][info][gc,reloc    ] GC(27) y: Survivor 1        11M (0%)           32M (1%)          22 / 15             0 / 0              0 / 0        
[2026-04-03T06:29:31.701+0600][36.015s][info][gc,reloc    ] GC(27) y: Survivor 2         9M (0%)           32M (1%)          21 / 15             0 / 0              0 / 0        
[2026-04-03T06:29:31.702+0600][36.015s][info][gc,reloc    ] GC(27) y: Survivor 3        10M (0%)           29M (1%)          20 / 13             0 / 0              0 / 0        
[2026-04-03T06:29:31.702+0600][36.015s][info][gc,heap     ] GC(27) y: Min Capacity: 8M(0%)
[2026-04-03T06:29:31.702+0600][36.015s][info][gc,heap     ] GC(27) y: Max Capacity: 3922M(100%)
[2026-04-03T06:29:31.702+0600][36.015s][info][gc,heap     ] GC(27) y: Soft Max Capacity: 3529M(90%)
[2026-04-03T06:29:31.702+0600][36.015s][info][gc,heap     ] GC(27) y: Heap Statistics:
[2026-04-03T06:29:31.702+0600][36.015s][info][gc,heap     ] GC(27) y:                Mark Start          Mark End        Relocate Start      Relocate End           High               Low         
[2026-04-03T06:29:31.702+0600][36.015s][info][gc,heap     ] GC(27) y:  Capacity:     2770M (71%)        2770M (71%)        2770M (71%)        2770M (71%)        2770M (71%)        2770M (71%)    
[2026-04-03T06:29:31.702+0600][36.015s][info][gc,heap     ] GC(27) y:      Free:     2080M (53%)        1754M (45%)        1732M (44%)        2648M (68%)        2688M (69%)        1712M (44%)    
[2026-04-03T06:29:31.702+0600][36.015s][info][gc,heap     ] GC(27) y:      Used:     1842M (47%)        2168M (55%)        2190M (56%)        1274M (32%)        2210M (56%)        1234M (31%)    
[2026-04-03T06:29:31.702+0600][36.015s][info][gc,heap     ] GC(27) y: Young Generation Statistics:
[2026-04-03T06:29:31.702+0600][36.015s][info][gc,heap     ] GC(27) y:                Mark Start          Mark End        Relocate Start      Relocate End    
[2026-04-03T06:29:31.702+0600][36.015s][info][gc,heap     ] GC(27) y:      Used:     1122M (29%)        1448M (37%)        1460M (37%)         538M (14%)    
[2026-04-03T06:29:31.702+0600][36.015s][info][gc,heap     ] GC(27) y:      Live:         -                52M (1%)           43M (1%)           41M (1%)     
[2026-04-03T06:29:31.702+0600][36.015s][info][gc,heap     ] GC(27) y:   Garbage:         -              1069M (27%)        1068M (27%)           1M (0%)     
[2026-04-03T06:29:31.702+0600][36.015s][info][gc,heap     ] GC(27) y: Allocated:         -               326M (8%)          348M (9%)          494M (13%)    
[2026-04-03T06:29:31.702+0600][36.015s][info][gc,heap     ] GC(27) y: Reclaimed:         -                  -                 1M (0%)         1068M (27%)    
[2026-04-03T06:29:31.702+0600][36.015s][info][gc,heap     ] GC(27) y:  Promoted:         -                  -                 8M (0%)           10M (0%)     
[2026-04-03T06:29:31.702+0600][36.015s][info][gc,heap     ] GC(27) y: Compacted:         -                  -                  -                37M (1%)     
[2026-04-03T06:29:31.702+0600][36.015s][info][gc,phases   ] GC(27) y: Young Generation 1842M(47%)->1274M(32%) 0.387s
[2026-04-03T06:29:31.702+0600][36.015s][info][gc          ] GC(27) Minor Collection (Allocation Rate) 1842M(47%)->1274M(32%) 0.388s
[2026-04-03T06:29:32.296+0600][36.610s][info][gc          ] GC(28) Minor Collection (Allocation Rate)
[2026-04-03T06:29:32.296+0600][36.610s][info][gc,task     ] GC(28) Using 3 Workers for Young Generation
[2026-04-03T06:29:32.296+0600][36.610s][info][gc,phases   ] GC(28) y: Young Generation
[2026-04-03T06:29:32.297+0600][36.610s][info][gc,phases   ] GC(28) y: Pause Mark Start 0.038ms
[2026-04-03T06:29:32.585+0600][36.899s][info][gc,phases   ] GC(28) y: Concurrent Mark 288.320ms
[2026-04-03T06:29:32.586+0600][36.899s][info][gc,phases   ] GC(28) y: Pause Mark End 0.033ms
[2026-04-03T06:29:32.586+0600][36.900s][info][gc,phases   ] GC(28) y: Concurrent Mark Free 0.003ms
[2026-04-03T06:29:32.586+0600][36.900s][info][gc,phases   ] GC(28) y: Concurrent Reset Relocation Set 0.088ms
[2026-04-03T06:29:32.590+0600][36.903s][info][gc,reloc    ] GC(28) y: Using tenuring threshold: 3 (Computed)
[2026-04-03T06:29:32.601+0600][36.915s][info][gc,phases   ] GC(28) y: Concurrent Select Relocation Set 14.863ms
[2026-04-03T06:29:32.602+0600][36.915s][info][gc,phases   ] GC(28) y: Pause Relocate Start 0.035ms
[2026-04-03T06:29:32.691+0600][37.004s][info][gc,phases   ] GC(28) y: Concurrent Relocate 88.636ms
[2026-04-03T06:29:32.691+0600][37.004s][info][gc,alloc    ] GC(28) y:                         Mark Start        Mark End      Relocate Start    Relocate End   
[2026-04-03T06:29:32.691+0600][37.004s][info][gc,alloc    ] GC(28) y: Allocation Stalls:          0                0                0                0         
[2026-04-03T06:29:32.691+0600][37.004s][info][gc,load     ] GC(28) y: Load: 7.09 (59%) / 5.05 (42%) / 3.76 (31%)
[2026-04-03T06:29:32.691+0600][37.004s][info][gc,mmu      ] GC(28) y: MMU: 2ms/94.1%, 5ms/97.6%, 10ms/98.8%, 20ms/99.4%, 50ms/99.7%, 100ms/99.8%
[2026-04-03T06:29:32.691+0600][37.004s][info][gc,marking  ] GC(28) y: Mark: 2 stripe(s), 2 proactive flush(es), 1 terminate flush(es), 0 completion(s), 0 continuation(s) 
[2026-04-03T06:29:32.691+0600][37.004s][info][gc,marking  ] GC(28) y: Mark Stack Usage: 32M
[2026-04-03T06:29:32.691+0600][37.004s][info][gc,nmethod  ] GC(28) y: NMethods: 3304 registered, 0 unregistered
[2026-04-03T06:29:32.691+0600][37.004s][info][gc,metaspace] GC(28) y: Metaspace: 9M used, 10M committed, 1088M reserved
[2026-04-03T06:29:32.691+0600][37.004s][info][gc,reloc    ] GC(28) y:                        Candidates     Selected     In-Place         Size        Empty    Relocated 
[2026-04-03T06:29:32.691+0600][37.004s][info][gc,reloc    ] GC(28) y: Small Pages:                  765          733            0        1530M           0M          32M 
[2026-04-03T06:29:32.692+0600][37.005s][info][gc,reloc    ] GC(28) y: Medium Pages:                   0            0            0           0M           0M           0M 
[2026-04-03T06:29:32.692+0600][37.006s][info][gc,reloc    ] GC(28) y: Large Pages:                    0            0            0           0M           0M           0M 
[2026-04-03T06:29:32.692+0600][37.006s][info][gc,reloc    ] GC(28) y: Forwarding Usage: 13M
[2026-04-03T06:29:32.692+0600][37.006s][info][gc,reloc    ] GC(28) y: Age Table:
[2026-04-03T06:29:32.692+0600][37.006s][info][gc,reloc    ] GC(28) y:                    Live             Garbage             Small              Medium             Large        
[2026-04-03T06:29:32.692+0600][37.006s][info][gc,reloc    ] GC(28) y: Eden              25M (1%)         1400M (36%)        713 / 699            0 / 0              0 / 0        
[2026-04-03T06:29:32.692+0600][37.006s][info][gc,reloc    ] GC(28) y: Survivor 1        10M (0%)           29M (1%)          20 / 16             0 / 0              0 / 0        
[2026-04-03T06:29:32.692+0600][37.006s][info][gc,reloc    ] GC(28) y: Survivor 2         8M (0%)           23M (1%)          16 / 7              0 / 0              0 / 0        
[2026-04-03T06:29:32.692+0600][37.006s][info][gc,reloc    ] GC(28) y: Survivor 3         8M (0%)           23M (1%)          16 / 11             0 / 0              0 / 0        
[2026-04-03T06:29:32.692+0600][37.006s][info][gc,heap     ] GC(28) y: Min Capacity: 8M(0%)
[2026-04-03T06:29:32.692+0600][37.006s][info][gc,heap     ] GC(28) y: Max Capacity: 3922M(100%)
[2026-04-03T06:29:32.692+0600][37.006s][info][gc,heap     ] GC(28) y: Soft Max Capacity: 3529M(90%)
[2026-04-03T06:29:32.692+0600][37.006s][info][gc,heap     ] GC(28) y: Heap Statistics:
[2026-04-03T06:29:32.692+0600][37.006s][info][gc,heap     ] GC(28) y:                Mark Start          Mark End        Relocate Start      Relocate End           High               Low         
[2026-04-03T06:29:32.692+0600][37.006s][info][gc,heap     ] GC(28) y:  Capacity:     2770M (71%)        2770M (71%)        2770M (71%)        2770M (71%)        2770M (71%)        2770M (71%)    
[2026-04-03T06:29:32.692+0600][37.006s][info][gc,heap     ] GC(28) y:      Free:     1656M (42%)        1250M (32%)        1230M (31%)        2516M (64%)        2554M (65%)        1202M (31%)    
[2026-04-03T06:29:32.692+0600][37.006s][info][gc,heap     ] GC(28) y:      Used:     2266M (58%)        2672M (68%)        2692M (69%)        1406M (36%)        2720M (69%)        1368M (35%)    
[2026-04-03T06:29:32.692+0600][37.006s][info][gc,heap     ] GC(28) y: Young Generation Statistics:
[2026-04-03T06:29:32.692+0600][37.006s][info][gc,heap     ] GC(28) y:                Mark Start          Mark End        Relocate Start      Relocate End    
[2026-04-03T06:29:32.692+0600][37.006s][info][gc,heap     ] GC(28) y:      Used:     1530M (39%)        1936M (49%)        1948M (50%)         656M (17%)    
[2026-04-03T06:29:32.693+0600][37.006s][info][gc,heap     ] GC(28) y:      Live:         -                53M (1%)           47M (1%)           45M (1%)     
[2026-04-03T06:29:32.693+0600][37.006s][info][gc,heap     ] GC(28) y:   Garbage:         -              1476M (38%)        1474M (38%)           2M (0%)     
[2026-04-03T06:29:32.693+0600][37.006s][info][gc,heap     ] GC(28) y: Allocated:         -               406M (10%)         426M (11%)         608M (16%)    
[2026-04-03T06:29:32.693+0600][37.006s][info][gc,heap     ] GC(28) y: Reclaimed:         -                  -                 1M (0%)         1474M (38%)    
[2026-04-03T06:29:32.693+0600][37.006s][info][gc,heap     ] GC(28) y:  Promoted:         -                  -                 6M (0%)            8M (0%)     
[2026-04-03T06:29:32.693+0600][37.006s][info][gc,heap     ] GC(28) y: Compacted:         -                  -                  -                39M (1%)     
[2026-04-03T06:29:32.693+0600][37.006s][info][gc,phases   ] GC(28) y: Young Generation 2266M(58%)->1406M(36%) 0.394s
[2026-04-03T06:29:32.693+0600][37.006s][info][gc          ] GC(28) Minor Collection (Allocation Rate) 2266M(58%)->1408M(36%) 0.396s
[2026-04-03T06:29:33.334+0600][37.647s][info][gc          ] GC(29) Minor Collection (Allocation Rate)
[2026-04-03T06:29:33.334+0600][37.647s][info][gc,task     ] GC(29) Using 3 Workers for Young Generation
[2026-04-03T06:29:33.334+0600][37.647s][info][gc,phases   ] GC(29) y: Young Generation
[2026-04-03T06:29:33.336+0600][37.649s][info][gc,phases   ] GC(29) y: Pause Mark Start 0.042ms
[2026-04-03T06:29:33.614+0600][37.928s][info][gc,phases   ] GC(29) y: Concurrent Mark 276.488ms
[2026-04-03T06:29:33.615+0600][37.928s][info][gc,phases   ] GC(29) y: Pause Mark End 0.040ms
[2026-04-03T06:29:33.618+0600][37.932s][info][gc,phases   ] GC(29) y: Concurrent Mark Free 0.005ms
[2026-04-03T06:29:33.619+0600][37.932s][info][gc,phases   ] GC(29) y: Concurrent Reset Relocation Set 0.116ms
[2026-04-03T06:29:33.623+0600][37.936s][info][gc,reloc    ] GC(29) y: Using tenuring threshold: 4 (Computed)
[2026-04-03T06:29:33.626+0600][37.940s][info][gc,phases   ] GC(29) y: Concurrent Select Relocation Set 7.590ms
[2026-04-03T06:29:33.627+0600][37.940s][info][gc,phases   ] GC(29) y: Pause Relocate Start 0.040ms
[2026-04-03T06:29:33.710+0600][38.024s][info][gc,phases   ] GC(29) y: Concurrent Relocate 82.130ms
[2026-04-03T06:29:33.710+0600][38.024s][info][gc,alloc    ] GC(29) y:                         Mark Start        Mark End      Relocate Start    Relocate End   
[2026-04-03T06:29:33.710+0600][38.024s][info][gc,alloc    ] GC(29) y: Allocation Stalls:          0                0                0                0         
[2026-04-03T06:29:33.710+0600][38.024s][info][gc,load     ] GC(29) y: Load: 7.09 (59%) / 5.05 (42%) / 3.76 (31%)
[2026-04-03T06:29:33.711+0600][38.024s][info][gc,mmu      ] GC(29) y: MMU: 2ms/94.1%, 5ms/97.6%, 10ms/98.8%, 20ms/99.4%, 50ms/99.7%, 100ms/99.8%
[2026-04-03T06:29:33.711+0600][38.024s][info][gc,marking  ] GC(29) y: Mark: 2 stripe(s), 2 proactive flush(es), 1 terminate flush(es), 0 completion(s), 0 continuation(s) 
[2026-04-03T06:29:33.711+0600][38.024s][info][gc,marking  ] GC(29) y: Mark Stack Usage: 32M
[2026-04-03T06:29:33.711+0600][38.024s][info][gc,nmethod  ] GC(29) y: NMethods: 3307 registered, 0 unregistered
[2026-04-03T06:29:33.711+0600][38.024s][info][gc,metaspace] GC(29) y: Metaspace: 9M used, 10M committed, 1088M reserved
[2026-04-03T06:29:33.711+0600][38.024s][info][gc,reloc    ] GC(29) y:                        Candidates     Selected     In-Place         Size        Empty    Relocated 
[2026-04-03T06:29:33.711+0600][38.024s][info][gc,reloc    ] GC(29) y: Small Pages:                  820          785            0        1640M           0M          33M 
[2026-04-03T06:29:33.711+0600][38.024s][info][gc,reloc    ] GC(29) y: Medium Pages:                   0            0            0           0M           0M           0M 
[2026-04-03T06:29:33.711+0600][38.024s][info][gc,reloc    ] GC(29) y: Large Pages:                    0            0            0           0M           0M           0M 
[2026-04-03T06:29:33.711+0600][38.024s][info][gc,reloc    ] GC(29) y: Forwarding Usage: 13M
[2026-04-03T06:29:33.711+0600][38.024s][info][gc,reloc    ] GC(29) y: Age Table:
[2026-04-03T06:29:33.711+0600][38.024s][info][gc,reloc    ] GC(29) y:                    Live             Garbage             Small              Medium             Large        
[2026-04-03T06:29:33.711+0600][38.024s][info][gc,reloc    ] GC(29) y: Eden              27M (1%)         1490M (38%)        759 / 744            0 / 0              0 / 0        
[2026-04-03T06:29:33.711+0600][38.024s][info][gc,reloc    ] GC(29) y: Survivor 1        14M (0%)           35M (1%)          25 / 16             0 / 0              0 / 0        
[2026-04-03T06:29:33.711+0600][38.024s][info][gc,reloc    ] GC(29) y: Survivor 2         8M (0%)           25M (1%)          17 / 12             0 / 0              0 / 0        
[2026-04-03T06:29:33.711+0600][38.024s][info][gc,reloc    ] GC(29) y: Survivor 3         7M (0%)           30M (1%)          19 / 13             0 / 0              0 / 0        
[2026-04-03T06:29:33.711+0600][38.024s][info][gc,heap     ] GC(29) y: Min Capacity: 8M(0%)
[2026-04-03T06:29:33.711+0600][38.024s][info][gc,heap     ] GC(29) y: Max Capacity: 3922M(100%)
[2026-04-03T06:29:33.711+0600][38.024s][info][gc,heap     ] GC(29) y: Soft Max Capacity: 3529M(90%)
[2026-04-03T06:29:33.711+0600][38.024s][info][gc,heap     ] GC(29) y: Heap Statistics:
[2026-04-03T06:29:33.711+0600][38.024s][info][gc,heap     ] GC(29) y:                Mark Start          Mark End        Relocate Start      Relocate End           High               Low         
[2026-04-03T06:29:33.711+0600][38.024s][info][gc,heap     ] GC(29) y:  Capacity:     2770M (71%)        2770M (71%)        2770M (71%)        2770M (71%)        2770M (71%)        2770M (71%)    
[2026-04-03T06:29:33.711+0600][38.024s][info][gc,heap     ] GC(29) y:      Free:     1532M (39%)        1220M (31%)        1214M (31%)        2628M (67%)        2634M (67%)        1152M (29%)    
[2026-04-03T06:29:33.711+0600][38.024s][info][gc,heap     ] GC(29) y:      Used:     2390M (61%)        2702M (69%)        2708M (69%)        1294M (33%)        2770M (71%)        1288M (33%)    
[2026-04-03T06:29:33.711+0600][38.024s][info][gc,heap     ] GC(29) y: Young Generation Statistics:
[2026-04-03T06:29:33.711+0600][38.024s][info][gc,heap     ] GC(29) y:                Mark Start          Mark End        Relocate Start      Relocate End    
[2026-04-03T06:29:33.711+0600][38.024s][info][gc,heap     ] GC(29) y:      Used:     1640M (42%)        1952M (50%)        1958M (50%)         544M (14%)    
[2026-04-03T06:29:33.711+0600][38.024s][info][gc,heap     ] GC(29) y:      Live:         -                57M (1%)           57M (1%)           57M (1%)     
[2026-04-03T06:29:33.711+0600][38.024s][info][gc,heap     ] GC(29) y:   Garbage:         -              1582M (40%)        1582M (40%)           6M (0%)     
[2026-04-03T06:29:33.711+0600][38.024s][info][gc,heap     ] GC(29) y: Allocated:         -               312M (8%)          318M (8%)          480M (12%)    
[2026-04-03T06:29:33.711+0600][38.024s][info][gc,heap     ] GC(29) y: Reclaimed:         -                  -                 0M (0%)         1576M (40%)    
[2026-04-03T06:29:33.711+0600][38.024s][info][gc,heap     ] GC(29) y:  Promoted:         -                  -                 0M (0%)            0M (0%)     
[2026-04-03T06:29:33.711+0600][38.024s][info][gc,heap     ] GC(29) y: Compacted:         -                  -                  -                41M (1%)     
[2026-04-03T06:29:33.711+0600][38.024s][info][gc,phases   ] GC(29) y: Young Generation 2388M(61%)->1294M(33%) 0.376s
[2026-04-03T06:29:33.711+0600][38.025s][info][gc          ] GC(29) Minor Collection (Allocation Rate) 2386M(61%)->1294M(33%) 0.377s
[2026-04-03T06:29:34.452+0600][38.765s][info][gc          ] GC(30) Minor Collection (Allocation Rate)
[2026-04-03T06:29:34.452+0600][38.765s][info][gc,task     ] GC(30) Using 3 Workers for Young Generation
[2026-04-03T06:29:34.452+0600][38.765s][info][gc,phases   ] GC(30) y: Young Generation
[2026-04-03T06:29:34.452+0600][38.766s][info][gc,phases   ] GC(30) y: Pause Mark Start 0.046ms
[2026-04-03T06:29:34.894+0600][39.207s][info][gc,phases   ] GC(30) y: Concurrent Mark 441.020ms
[2026-04-03T06:29:34.897+0600][39.211s][info][gc,phases   ] GC(30) y: Pause Mark End 0.039ms
[2026-04-03T06:29:34.898+0600][39.211s][info][gc,phases   ] GC(30) y: Concurrent Mark Free 0.004ms
[2026-04-03T06:29:34.898+0600][39.211s][info][gc,phases   ] GC(30) y: Concurrent Reset Relocation Set 0.078ms
[2026-04-03T06:29:34.906+0600][39.219s][info][gc,reloc    ] GC(30) y: Using tenuring threshold: 4 (Computed)
[2026-04-03T06:29:34.922+0600][39.235s][info][gc,phases   ] GC(30) y: Concurrent Select Relocation Set 23.728ms
[2026-04-03T06:29:34.925+0600][39.239s][info][gc,phases   ] GC(30) y: Pause Relocate Start 0.033ms
[2026-04-03T06:29:35.038+0600][39.351s][info][gc,phases   ] GC(30) y: Concurrent Relocate 111.176ms
[2026-04-03T06:29:35.038+0600][39.352s][info][gc,alloc    ] GC(30) y:                         Mark Start        Mark End      Relocate Start    Relocate End   
[2026-04-03T06:29:35.038+0600][39.352s][info][gc,alloc    ] GC(30) y: Allocation Stalls:          0                0                0                0         
[2026-04-03T06:29:35.038+0600][39.352s][info][gc,load     ] GC(30) y: Load: 7.09 (59%) / 5.05 (42%) / 3.76 (31%)
[2026-04-03T06:29:35.038+0600][39.352s][info][gc,mmu      ] GC(30) y: MMU: 2ms/94.1%, 5ms/97.6%, 10ms/98.8%, 20ms/99.4%, 50ms/99.7%, 100ms/99.8%
[2026-04-03T06:29:35.038+0600][39.352s][info][gc,marking  ] GC(30) y: Mark: 2 stripe(s), 2 proactive flush(es), 1 terminate flush(es), 0 completion(s), 0 continuation(s) 
[2026-04-03T06:29:35.038+0600][39.352s][info][gc,marking  ] GC(30) y: Mark Stack Usage: 32M
[2026-04-03T06:29:35.038+0600][39.352s][info][gc,nmethod  ] GC(30) y: NMethods: 3316 registered, 0 unregistered
[2026-04-03T06:29:35.038+0600][39.352s][info][gc,metaspace] GC(30) y: Metaspace: 9M used, 10M committed, 1088M reserved
[2026-04-03T06:29:35.038+0600][39.352s][info][gc,reloc    ] GC(30) y:                        Candidates     Selected     In-Place         Size        Empty    Relocated 
[2026-04-03T06:29:35.038+0600][39.352s][info][gc,reloc    ] GC(30) y: Small Pages:                  829          788            0        1658M           0M          35M 
[2026-04-03T06:29:35.038+0600][39.352s][info][gc,reloc    ] GC(30) y: Medium Pages:                   0            0            0           0M           0M           0M 
[2026-04-03T06:29:35.038+0600][39.352s][info][gc,reloc    ] GC(30) y: Large Pages:                    0            0            0           0M           0M           0M 
[2026-04-03T06:29:35.039+0600][39.352s][info][gc,reloc    ] GC(30) y: Forwarding Usage: 16M
[2026-04-03T06:29:35.039+0600][39.352s][info][gc,reloc    ] GC(30) y: Age Table:
[2026-04-03T06:29:35.039+0600][39.352s][info][gc,reloc    ] GC(30) y:                    Live             Garbage             Small              Medium             Large        
[2026-04-03T06:29:35.039+0600][39.352s][info][gc,reloc    ] GC(30) y: Eden              26M (1%)         1475M (38%)        751 / 737            0 / 0              0 / 0        
[2026-04-03T06:29:35.039+0600][39.352s][info][gc,reloc    ] GC(30) y: Survivor 1        15M (0%)           32M (1%)          24 / 15             0 / 0              0 / 0        
[2026-04-03T06:29:35.039+0600][39.352s][info][gc,reloc    ] GC(30) y: Survivor 2        11M (0%)           26M (1%)          19 / 13             0 / 0              0 / 0        
[2026-04-03T06:29:35.039+0600][39.352s][info][gc,reloc    ] GC(30) y: Survivor 3         7M (0%)           26M (1%)          17 / 11             0 / 0              0 / 0        
[2026-04-03T06:29:35.039+0600][39.352s][info][gc,reloc    ] GC(30) y: Survivor 4         7M (0%)           28M (1%)          18 / 12             0 / 0              0 / 0        
[2026-04-03T06:29:35.039+0600][39.352s][info][gc,heap     ] GC(30) y: Min Capacity: 8M(0%)
[2026-04-03T06:29:35.039+0600][39.352s][info][gc,heap     ] GC(30) y: Max Capacity: 3922M(100%)
[2026-04-03T06:29:35.039+0600][39.352s][info][gc,heap     ] GC(30) y: Soft Max Capacity: 3529M(90%)
[2026-04-03T06:29:35.039+0600][39.352s][info][gc,heap     ] GC(30) y: Heap Statistics:
[2026-04-03T06:29:35.039+0600][39.352s][info][gc,heap     ] GC(30) y:                Mark Start          Mark End        Relocate Start      Relocate End           High               Low         
[2026-04-03T06:29:35.039+0600][39.352s][info][gc,heap     ] GC(30) y:  Capacity:     2770M (71%)        2840M (72%)        2860M (73%)        2892M (74%)        2892M (74%)        2770M (71%)    
[2026-04-03T06:29:35.039+0600][39.352s][info][gc,heap     ] GC(30) y:      Free:     1514M (39%)        1082M (28%)        1062M (27%)        2438M (62%)        2494M (64%)        1030M (26%)    
[2026-04-03T06:29:35.039+0600][39.352s][info][gc,heap     ] GC(30) y:      Used:     2408M (61%)        2840M (72%)        2860M (73%)        1484M (38%)        2892M (74%)        1428M (36%)    
[2026-04-03T06:29:35.039+0600][39.352s][info][gc,heap     ] GC(30) y: Young Generation Statistics:
[2026-04-03T06:29:35.039+0600][39.352s][info][gc,heap     ] GC(30) y:                Mark Start          Mark End        Relocate Start      Relocate End    
[2026-04-03T06:29:35.039+0600][39.352s][info][gc,heap     ] GC(30) y:      Used:     1658M (42%)        2090M (53%)        2108M (54%)         724M (18%)    
[2026-04-03T06:29:35.039+0600][39.352s][info][gc,heap     ] GC(30) y:      Live:         -                68M (2%)           66M (2%)           60M (2%)     
[2026-04-03T06:29:35.039+0600][39.352s][info][gc,heap     ] GC(30) y:   Garbage:         -              1589M (41%)        1589M (41%)           6M (0%)     
[2026-04-03T06:29:35.039+0600][39.352s][info][gc,heap     ] GC(30) y: Allocated:         -               432M (11%)         452M (12%)         656M (17%)    
[2026-04-03T06:29:35.039+0600][39.352s][info][gc,heap     ] GC(30) y: Reclaimed:         -                  -                 0M (0%)         1583M (40%)    
[2026-04-03T06:29:35.039+0600][39.352s][info][gc,heap     ] GC(30) y:  Promoted:         -                  -                 1M (0%)            7M (0%)     
[2026-04-03T06:29:35.039+0600][39.352s][info][gc,heap     ] GC(30) y: Compacted:         -                  -                  -                43M (1%)     
[2026-04-03T06:29:35.039+0600][39.352s][info][gc,phases   ] GC(30) y: Young Generation 2408M(61%)->1484M(38%) 0.587s
[2026-04-03T06:29:35.039+0600][39.352s][info][gc          ] GC(30) Minor Collection (Allocation Rate) 2408M(61%)->1486M(38%) 0.587s
[2026-04-03T06:29:35.039+0600][39.352s][info][gc          ] GC(31) Minor Collection (Allocation Rate)
[2026-04-03T06:29:35.039+0600][39.352s][info][gc,task     ] GC(31) Using 3 Workers for Young Generation
[2026-04-03T06:29:35.039+0600][39.352s][info][gc,phases   ] GC(31) y: Young Generation
[2026-04-03T06:29:35.039+0600][39.353s][info][gc,phases   ] GC(31) y: Pause Mark Start 0.031ms
[2026-04-03T06:29:35.377+0600][39.691s][info][gc,phases   ] GC(31) y: Concurrent Mark 337.492ms
[2026-04-03T06:29:35.378+0600][39.691s][info][gc,phases   ] GC(31) y: Pause Mark End 0.048ms
[2026-04-03T06:29:35.378+0600][39.692s][info][gc,phases   ] GC(31) y: Concurrent Mark Free 0.005ms
[2026-04-03T06:29:35.379+0600][39.692s][info][gc,phases   ] GC(31) y: Concurrent Reset Relocation Set 0.105ms
[2026-04-03T06:29:35.382+0600][39.696s][info][gc,reloc    ] GC(31) y: Using tenuring threshold: 3 (Computed)
[2026-04-03T06:29:35.412+0600][39.725s][info][gc,phases   ] GC(31) y: Concurrent Select Relocation Set 33.121ms
[2026-04-03T06:29:35.412+0600][39.726s][info][gc,phases   ] GC(31) y: Pause Relocate Start 0.045ms
[2026-04-03T06:29:35.513+0600][39.826s][info][gc,phases   ] GC(31) y: Concurrent Relocate 100.375ms
[2026-04-03T06:29:35.513+0600][39.826s][info][gc,alloc    ] GC(31) y:                         Mark Start        Mark End      Relocate Start    Relocate End   
[2026-04-03T06:29:35.513+0600][39.826s][info][gc,alloc    ] GC(31) y: Allocation Stalls:          0                0                0                0         
[2026-04-03T06:29:35.513+0600][39.826s][info][gc,load     ] GC(31) y: Load: 7.09 (59%) / 5.05 (42%) / 3.76 (31%)
[2026-04-03T06:29:35.513+0600][39.827s][info][gc,mmu      ] GC(31) y: MMU: 2ms/94.1%, 5ms/97.6%, 10ms/98.8%, 20ms/99.4%, 50ms/99.7%, 100ms/99.8%
[2026-04-03T06:29:35.513+0600][39.827s][info][gc,marking  ] GC(31) y: Mark: 2 stripe(s), 2 proactive flush(es), 1 terminate flush(es), 0 completion(s), 0 continuation(s) 
[2026-04-03T06:29:35.513+0600][39.827s][info][gc,marking  ] GC(31) y: Mark Stack Usage: 32M
[2026-04-03T06:29:35.513+0600][39.827s][info][gc,nmethod  ] GC(31) y: NMethods: 3320 registered, 0 unregistered
[2026-04-03T06:29:35.513+0600][39.827s][info][gc,metaspace] GC(31) y: Metaspace: 9M used, 10M committed, 1088M reserved
[2026-04-03T06:29:35.513+0600][39.827s][info][gc,reloc    ] GC(31) y:                        Candidates     Selected     In-Place         Size        Empty    Relocated 
[2026-04-03T06:29:35.513+0600][39.827s][info][gc,reloc    ] GC(31) y: Small Pages:                  363          322            0         726M           2M          19M 
[2026-04-03T06:29:35.513+0600][39.827s][info][gc,reloc    ] GC(31) y: Medium Pages:                   0            0            0           0M           0M           0M 
[2026-04-03T06:29:35.513+0600][39.827s][info][gc,reloc    ] GC(31) y: Large Pages:                    0            0            0           0M           0M           0M 
[2026-04-03T06:29:35.513+0600][39.827s][info][gc,reloc    ] GC(31) y: Forwarding Usage: 8M
[2026-04-03T06:29:35.513+0600][39.827s][info][gc,reloc    ] GC(31) y: Age Table:
[2026-04-03T06:29:35.513+0600][39.827s][info][gc,reloc    ] GC(31) y:                    Live             Garbage             Small              Medium             Large        
[2026-04-03T06:29:35.513+0600][39.827s][info][gc,reloc    ] GC(31) y: Eden              13M (0%)          548M (14%)        281 / 273            0 / 0              0 / 0        
[2026-04-03T06:29:35.513+0600][39.827s][info][gc,reloc    ] GC(31) y: Survivor 1        18M (0%)           31M (1%)          25 / 12             0 / 0              0 / 0        
[2026-04-03T06:29:35.513+0600][39.827s][info][gc,reloc    ] GC(31) y: Survivor 2        13M (0%)           28M (1%)          21 / 15             0 / 0              0 / 0        
[2026-04-03T06:29:35.513+0600][39.827s][info][gc,reloc    ] GC(31) y: Survivor 3        11M (0%)           26M (1%)          19 / 11             0 / 0              0 / 0        
[2026-04-03T06:29:35.513+0600][39.827s][info][gc,reloc    ] GC(31) y: Survivor 4         7M (0%)           26M (1%)          17 / 11             0 / 0              0 / 0        
[2026-04-03T06:29:35.514+0600][39.827s][info][gc,heap     ] GC(31) y: Min Capacity: 8M(0%)
[2026-04-03T06:29:35.514+0600][39.827s][info][gc,heap     ] GC(31) y: Max Capacity: 3922M(100%)
[2026-04-03T06:29:35.514+0600][39.827s][info][gc,heap     ] GC(31) y: Soft Max Capacity: 3529M(90%)
[2026-04-03T06:29:35.514+0600][39.827s][info][gc,heap     ] GC(31) y: Heap Statistics:
[2026-04-03T06:29:35.514+0600][39.827s][info][gc,heap     ] GC(31) y:                Mark Start          Mark End        Relocate Start      Relocate End           High               Low         
[2026-04-03T06:29:35.514+0600][39.827s][info][gc,heap     ] GC(31) y:  Capacity:     2892M (74%)        2892M (74%)        2892M (74%)        2892M (74%)        2892M (74%)        2892M (74%)    
[2026-04-03T06:29:35.514+0600][39.827s][info][gc,heap     ] GC(31) y:      Free:     2436M (62%)        1996M (51%)        1970M (50%)        2462M (63%)        2508M (64%)        1950M (50%)    
[2026-04-03T06:29:35.514+0600][39.827s][info][gc,heap     ] GC(31) y:      Used:     1486M (38%)        1926M (49%)        1952M (50%)        1460M (37%)        1972M (50%)        1414M (36%)    
[2026-04-03T06:29:35.514+0600][39.827s][info][gc,heap     ] GC(31) y: Young Generation Statistics:
[2026-04-03T06:29:35.514+0600][39.827s][info][gc,heap     ] GC(31) y:                Mark Start          Mark End        Relocate Start      Relocate End    
[2026-04-03T06:29:35.514+0600][39.827s][info][gc,heap     ] GC(31) y:      Used:      726M (19%)        1166M (30%)        1174M (30%)         676M (17%)    
[2026-04-03T06:29:35.514+0600][39.827s][info][gc,heap     ] GC(31) y:      Live:         -                64M (2%)           51M (1%)           46M (1%)     
[2026-04-03T06:29:35.514+0600][39.827s][info][gc,heap     ] GC(31) y:   Garbage:         -               661M (17%)         654M (17%)           6M (0%)     
[2026-04-03T06:29:35.514+0600][39.827s][info][gc,heap     ] GC(31) y: Allocated:         -               440M (11%)         468M (12%)         622M (16%)    
[2026-04-03T06:29:35.514+0600][39.827s][info][gc,heap     ] GC(31) y: Reclaimed:         -                  -                 6M (0%)          654M (17%)    
[2026-04-03T06:29:35.514+0600][39.827s][info][gc,heap     ] GC(31) y:  Promoted:         -                  -                13M (0%)           18M (0%)     
[2026-04-03T06:29:35.514+0600][39.827s][info][gc,heap     ] GC(31) y: Compacted:         -                  -                  -                21M (1%)     
[2026-04-03T06:29:35.514+0600][39.827s][info][gc,phases   ] GC(31) y: Young Generation 1486M(38%)->1460M(37%) 0.474s
[2026-04-03T06:29:35.514+0600][39.827s][info][gc          ] GC(31) Minor Collection (Allocation Rate) 1486M(38%)->1460M(37%) 0.475s
[2026-04-03T06:29:35.622+0600][39.935s][info][gc          ] GC(32) Major Collection (Allocation Rate)
[2026-04-03T06:29:35.622+0600][39.936s][info][gc,task     ] GC(32) Using 3 Workers for Young Generation
[2026-04-03T06:29:35.622+0600][39.936s][info][gc,task     ] GC(32) Using 1 Workers for Old Generation
[2026-04-03T06:29:35.622+0600][39.936s][info][gc,phases   ] GC(32) Y: Young Generation
[2026-04-03T06:29:35.624+0600][39.937s][info][gc,phases   ] GC(32) Y: Pause Mark Start (Major) 0.039ms
[2026-04-03T06:29:35.973+0600][40.286s][info][gc,phases   ] GC(32) Y: Concurrent Mark 345.238ms
[2026-04-03T06:29:35.973+0600][40.286s][info][gc,phases   ] GC(32) Y: Pause Mark End 0.031ms
[2026-04-03T06:29:35.973+0600][40.287s][info][gc,phases   ] GC(32) Y: Concurrent Mark Free 0.006ms
[2026-04-03T06:29:35.973+0600][40.287s][info][gc,phases   ] GC(32) Y: Concurrent Reset Relocation Set 0.092ms
[2026-04-03T06:29:35.991+0600][40.305s][info][gc,reloc    ] GC(32) Y: Using tenuring threshold: 2 (Computed)
[2026-04-03T06:29:36.023+0600][40.336s][info][gc,phases   ] GC(32) Y: Concurrent Select Relocation Set 49.000ms
[2026-04-03T06:29:36.024+0600][40.337s][info][gc,phases   ] GC(32) Y: Pause Relocate Start 0.036ms
[2026-04-03T06:29:36.165+0600][40.479s][info][gc,phases   ] GC(32) Y: Concurrent Relocate 141.181ms
[2026-04-03T06:29:36.165+0600][40.479s][info][gc,alloc    ] GC(32) Y:                         Mark Start        Mark End      Relocate Start    Relocate End   
[2026-04-03T06:29:36.165+0600][40.479s][info][gc,alloc    ] GC(32) Y: Allocation Stalls:          0                0                0                0         
[2026-04-03T06:29:36.165+0600][40.479s][info][gc,load     ] GC(32) Y: Load: 7.09 (59%) / 5.05 (42%) / 3.76 (31%)
[2026-04-03T06:29:36.165+0600][40.479s][info][gc,mmu      ] GC(32) Y: MMU: 2ms/94.1%, 5ms/97.6%, 10ms/98.8%, 20ms/99.4%, 50ms/99.7%, 100ms/99.8%
[2026-04-03T06:29:36.165+0600][40.479s][info][gc,marking  ] GC(32) Y: Mark: 2 stripe(s), 2 proactive flush(es), 1 terminate flush(es), 0 completion(s), 0 continuation(s) 
[2026-04-03T06:29:36.165+0600][40.479s][info][gc,marking  ] GC(32) Y: Mark Stack Usage: 32M
[2026-04-03T06:29:36.165+0600][40.479s][info][gc,nmethod  ] GC(32) Y: NMethods: 3321 registered, 0 unregistered
[2026-04-03T06:29:36.166+0600][40.479s][info][gc,metaspace] GC(32) Y: Metaspace: 9M used, 10M committed, 1088M reserved
[2026-04-03T06:29:36.166+0600][40.479s][info][gc,reloc    ] GC(32) Y:                        Candidates     Selected     In-Place         Size        Empty    Relocated 
[2026-04-03T06:29:36.166+0600][40.479s][info][gc,reloc    ] GC(32) Y: Small Pages:                  400          368            0         800M           0M          21M 
[2026-04-03T06:29:36.166+0600][40.479s][info][gc,reloc    ] GC(32) Y: Medium Pages:                   0            0            0           0M           0M           0M 
[2026-04-03T06:29:36.166+0600][40.479s][info][gc,reloc    ] GC(32) Y: Large Pages:                    0            0            0           0M           0M           0M 
[2026-04-03T06:29:36.166+0600][40.479s][info][gc,reloc    ] GC(32) Y: Forwarding Usage: 11M
[2026-04-03T06:29:36.166+0600][40.479s][info][gc,reloc    ] GC(32) Y: Age Table:
[2026-04-03T06:29:36.166+0600][40.479s][info][gc,reloc    ] GC(32) Y:                    Live             Garbage             Small              Medium             Large        
[2026-04-03T06:29:36.166+0600][40.479s][info][gc,reloc    ] GC(32) Y: Eden              15M (0%)          662M (17%)        339 / 330            0 / 0              0 / 0        
[2026-04-03T06:29:36.166+0600][40.479s][info][gc,reloc    ] GC(32) Y: Survivor 1         7M (0%)           28M (1%)          18 / 14             0 / 0              0 / 0        
[2026-04-03T06:29:36.166+0600][40.479s][info][gc,reloc    ] GC(32) Y: Survivor 2        15M (0%)           32M (1%)          24 / 14             0 / 0              0 / 0        
[2026-04-03T06:29:36.166+0600][40.479s][info][gc,reloc    ] GC(32) Y: Survivor 3        12M (0%)           25M (1%)          19 / 10             0 / 0              0 / 0        
[2026-04-03T06:29:36.166+0600][40.479s][info][gc,heap     ] GC(32) Y: Min Capacity: 8M(0%)
[2026-04-03T06:29:36.166+0600][40.479s][info][gc,heap     ] GC(32) Y: Max Capacity: 3922M(100%)
[2026-04-03T06:29:36.166+0600][40.479s][info][gc,heap     ] GC(32) Y: Soft Max Capacity: 3529M(90%)
[2026-04-03T06:29:36.166+0600][40.479s][info][gc,heap     ] GC(32) Y: Heap Statistics:
[2026-04-03T06:29:36.166+0600][40.479s][info][gc,heap     ] GC(32) Y:                Mark Start          Mark End        Relocate Start      Relocate End           High               Low         
[2026-04-03T06:29:36.166+0600][40.479s][info][gc,heap     ] GC(32) Y:  Capacity:     2892M (74%)        2892M (74%)        2892M (74%)        2892M (74%)        2892M (74%)        2892M (74%)    
[2026-04-03T06:29:36.166+0600][40.479s][info][gc,heap     ] GC(32) Y:      Free:     2338M (60%)        1916M (49%)        1858M (47%)        2350M (60%)        2478M (63%)        1794M (46%)    
[2026-04-03T06:29:36.166+0600][40.479s][info][gc,heap     ] GC(32) Y:      Used:     1584M (40%)        2006M (51%)        2064M (53%)        1572M (40%)        2128M (54%)        1444M (37%)    
[2026-04-03T06:29:36.166+0600][40.479s][info][gc,heap     ] GC(32) Y: Young Generation Statistics:
[2026-04-03T06:29:36.166+0600][40.479s][info][gc,heap     ] GC(32) Y:                Mark Start          Mark End        Relocate Start      Relocate End    
[2026-04-03T06:29:36.166+0600][40.479s][info][gc,heap     ] GC(32) Y:      Used:      800M (20%)        1222M (31%)        1262M (32%)         730M (19%)    
[2026-04-03T06:29:36.166+0600][40.479s][info][gc,heap     ] GC(32) Y:      Live:         -                51M (1%)           37M (1%)           23M (1%)     
[2026-04-03T06:29:36.166+0600][40.479s][info][gc,heap     ] GC(32) Y:   Garbage:         -               748M (19%)         744M (19%)           1M (0%)     
[2026-04-03T06:29:36.166+0600][40.479s][info][gc,heap     ] GC(32) Y: Allocated:         -               422M (11%)         480M (12%)         705M (18%)    
[2026-04-03T06:29:36.166+0600][40.479s][info][gc,heap     ] GC(32) Y: Reclaimed:         -                  -                 3M (0%)          747M (19%)    
[2026-04-03T06:29:36.166+0600][40.479s][info][gc,heap     ] GC(32) Y:  Promoted:         -                  -                14M (0%)           28M (1%)     
[2026-04-03T06:29:36.166+0600][40.479s][info][gc,heap     ] GC(32) Y: Compacted:         -                  -                  -                20M (1%)     
[2026-04-03T06:29:36.166+0600][40.479s][info][gc,phases   ] GC(32) Y: Young Generation 1582M(40%)->1572M(40%) 0.543s
[2026-04-03T06:29:36.166+0600][40.479s][info][gc,phases   ] GC(32) O: Old Generation
[2026-04-03T06:29:36.289+0600][40.603s][info][gc          ] GC(33) Minor Collection (Allocation Rate)
[2026-04-03T06:29:36.290+0600][40.603s][info][gc,task     ] GC(33) Using 2 Workers for Young Generation
[2026-04-03T06:29:36.290+0600][40.603s][info][gc,phases   ] GC(33) y: Young Generation
[2026-04-03T06:29:36.291+0600][40.605s][info][gc,phases   ] GC(33) y: Pause Mark Start 0.053ms
[2026-04-03T06:29:36.561+0600][40.875s][info][gc,phases   ] GC(33) y: Concurrent Mark 270.022ms
[2026-04-03T06:29:36.562+0600][40.875s][info][gc,phases   ] GC(33) y: Pause Mark End 0.032ms
[2026-04-03T06:29:36.562+0600][40.875s][info][gc,phases   ] GC(33) y: Concurrent Mark Free 0.001ms
[2026-04-03T06:29:36.562+0600][40.876s][info][gc,phases   ] GC(33) y: Concurrent Reset Relocation Set 0.100ms
[2026-04-03T06:29:36.566+0600][40.879s][info][gc,reloc    ] GC(33) y: Using tenuring threshold: 3 (Computed)
[2026-04-03T06:29:36.572+0600][40.886s][info][gc,phases   ] GC(33) y: Concurrent Select Relocation Set 10.008ms
[2026-04-03T06:29:36.573+0600][40.886s][info][gc,phases   ] GC(33) y: Pause Relocate Start 0.033ms
[2026-04-03T06:29:36.642+0600][40.955s][info][gc,phases   ] GC(33) y: Concurrent Relocate 67.946ms
[2026-04-03T06:29:36.642+0600][40.955s][info][gc,alloc    ] GC(33) y:                         Mark Start        Mark End      Relocate Start    Relocate End   
[2026-04-03T06:29:36.642+0600][40.955s][info][gc,alloc    ] GC(33) y: Allocation Stalls:          0                0                0                0         
[2026-04-03T06:29:36.642+0600][40.955s][info][gc,load     ] GC(33) y: Load: 7.88 (66%) / 5.25 (44%) / 3.83 (32%)
[2026-04-03T06:29:36.642+0600][40.955s][info][gc,mmu      ] GC(33) y: MMU: 2ms/94.1%, 5ms/97.6%, 10ms/98.8%, 20ms/99.4%, 50ms/99.7%, 100ms/99.8%
[2026-04-03T06:29:36.642+0600][40.955s][info][gc,marking  ] GC(33) y: Mark: 2 stripe(s), 2 proactive flush(es), 1 terminate flush(es), 0 completion(s), 0 continuation(s) 
[2026-04-03T06:29:36.642+0600][40.955s][info][gc,marking  ] GC(33) y: Mark Stack Usage: 32M
[2026-04-03T06:29:36.642+0600][40.955s][info][gc,nmethod  ] GC(33) y: NMethods: 3323 registered, 0 unregistered
[2026-04-03T06:29:36.642+0600][40.955s][info][gc,metaspace] GC(33) y: Metaspace: 9M used, 10M committed, 1088M reserved
[2026-04-03T06:29:36.642+0600][40.955s][info][gc,reloc    ] GC(33) y:                        Candidates     Selected     In-Place         Size        Empty    Relocated 
[2026-04-03T06:29:36.642+0600][40.955s][info][gc,reloc    ] GC(33) y: Small Pages:                  453          434            0         906M           0M          22M 
[2026-04-03T06:29:36.642+0600][40.955s][info][gc,reloc    ] GC(33) y: Medium Pages:                   0            0            0           0M           0M           0M 
[2026-04-03T06:29:36.642+0600][40.955s][info][gc,reloc    ] GC(33) y: Large Pages:                    0            0            0           0M           0M           0M 
[2026-04-03T06:29:36.642+0600][40.955s][info][gc,reloc    ] GC(33) y: Forwarding Usage: 8M
[2026-04-03T06:29:36.642+0600][40.955s][info][gc,reloc    ] GC(33) y: Age Table:
[2026-04-03T06:29:36.642+0600][40.955s][info][gc,reloc    ] GC(33) y:                    Live             Garbage             Small              Medium             Large        
[2026-04-03T06:29:36.642+0600][40.955s][info][gc,reloc    ] GC(33) y: Eden              17M (0%)          814M (21%)        416 / 406            0 / 0              0 / 0        
[2026-04-03T06:29:36.642+0600][40.955s][info][gc,reloc    ] GC(33) y: Survivor 1         8M (0%)           29M (1%)          19 / 14             0 / 0              0 / 0        
[2026-04-03T06:29:36.642+0600][40.955s][info][gc,reloc    ] GC(33) y: Survivor 2         6M (0%)           29M (1%)          18 / 14             0 / 0              0 / 0        
[2026-04-03T06:29:36.642+0600][40.955s][info][gc,heap     ] GC(33) y: Min Capacity: 8M(0%)
[2026-04-03T06:29:36.642+0600][40.955s][info][gc,heap     ] GC(33) y: Max Capacity: 3922M(100%)
[2026-04-03T06:29:36.642+0600][40.955s][info][gc,heap     ] GC(33) y: Soft Max Capacity: 3529M(90%)
[2026-04-03T06:29:36.642+0600][40.955s][info][gc,heap     ] GC(33) y: Heap Statistics:
[2026-04-03T06:29:36.642+0600][40.955s][info][gc,heap     ] GC(33) y:                Mark Start          Mark End        Relocate Start      Relocate End           High               Low         
[2026-04-03T06:29:36.642+0600][40.955s][info][gc,heap     ] GC(33) y:  Capacity:     2892M (74%)        2892M (74%)        2892M (74%)        2892M (74%)        2892M (74%)        2892M (74%)    
[2026-04-03T06:29:36.642+0600][40.956s][info][gc,heap     ] GC(33) y:      Free:     2174M (55%)        1842M (47%)        1822M (46%)        2556M (65%)        2560M (65%)        1764M (45%)    
[2026-04-03T06:29:36.642+0600][40.956s][info][gc,heap     ] GC(33) y:      Used:     1748M (45%)        2080M (53%)        2100M (54%)        1366M (35%)        2158M (55%)        1362M (35%)    
[2026-04-03T06:29:36.643+0600][40.956s][info][gc,heap     ] GC(33) y: Young Generation Statistics:
[2026-04-03T06:29:36.643+0600][40.956s][info][gc,heap     ] GC(33) y:                Mark Start          Mark End        Relocate Start      Relocate End    
[2026-04-03T06:29:36.643+0600][40.956s][info][gc,heap     ] GC(33) y:      Used:      906M (23%)        1238M (32%)        1258M (32%)         524M (13%)    
[2026-04-03T06:29:36.643+0600][40.956s][info][gc,heap     ] GC(33) y:      Live:         -                32M (1%)           32M (1%)           32M (1%)     
[2026-04-03T06:29:36.643+0600][40.956s][info][gc,heap     ] GC(33) y:   Garbage:         -               873M (22%)         873M (22%)           1M (0%)     
[2026-04-03T06:29:36.643+0600][40.956s][info][gc,heap     ] GC(33) y: Allocated:         -               332M (8%)          352M (9%)          490M (12%)    
[2026-04-03T06:29:36.643+0600][40.956s][info][gc,heap     ] GC(33) y: Reclaimed:         -                  -                 0M (0%)          872M (22%)    
[2026-04-03T06:29:36.643+0600][40.956s][info][gc,heap     ] GC(33) y:  Promoted:         -                  -                 0M (0%)            0M (0%)     
[2026-04-03T06:29:36.643+0600][40.956s][info][gc,heap     ] GC(33) y: Compacted:         -                  -                  -                27M (1%)     
[2026-04-03T06:29:36.643+0600][40.956s][info][gc,phases   ] GC(33) y: Young Generation 1748M(45%)->1366M(35%) 0.352s
[2026-04-03T06:29:36.643+0600][40.956s][info][gc          ] GC(33) Minor Collection (Allocation Rate) 1748M(45%)->1366M(35%) 0.353s
[2026-04-03T06:29:36.814+0600][41.128s][info][gc          ] GC(34) Minor Collection (Allocation Rate)
[2026-04-03T06:29:36.814+0600][41.128s][info][gc,task     ] GC(34) Using 2 Workers for Young Generation
[2026-04-03T06:29:36.814+0600][41.128s][info][gc,phases   ] GC(34) y: Young Generation
[2026-04-03T06:29:36.815+0600][41.128s][info][gc,phases   ] GC(34) y: Pause Mark Start 0.030ms
[2026-04-03T06:29:37.084+0600][41.398s][info][gc,phases   ] GC(34) y: Concurrent Mark 263.955ms
[2026-04-03T06:29:37.086+0600][41.400s][info][gc,phases   ] GC(34) y: Pause Mark End 0.041ms
[2026-04-03T06:29:37.087+0600][41.400s][info][gc,phases   ] GC(34) y: Concurrent Mark Free 0.001ms
[2026-04-03T06:29:37.087+0600][41.400s][info][gc,phases   ] GC(34) y: Concurrent Reset Relocation Set 0.065ms
[2026-04-03T06:29:37.094+0600][41.408s][info][gc,reloc    ] GC(34) y: Using tenuring threshold: 3 (Computed)
[2026-04-03T06:29:37.108+0600][41.421s][info][gc,phases   ] GC(34) y: Concurrent Select Relocation Set 20.780ms
[2026-04-03T06:29:37.108+0600][41.421s][info][gc,phases   ] GC(34) y: Pause Relocate Start 0.039ms
[2026-04-03T06:29:37.194+0600][41.508s][info][gc,phases   ] GC(34) y: Concurrent Relocate 85.907ms
[2026-04-03T06:29:37.195+0600][41.508s][info][gc,alloc    ] GC(34) y:                         Mark Start        Mark End      Relocate Start    Relocate End   
[2026-04-03T06:29:37.195+0600][41.508s][info][gc,alloc    ] GC(34) y: Allocation Stalls:          0                0                0                0         
[2026-04-03T06:29:37.195+0600][41.508s][info][gc,load     ] GC(34) y: Load: 7.88 (66%) / 5.25 (44%) / 3.83 (32%)
[2026-04-03T06:29:37.195+0600][41.508s][info][gc,mmu      ] GC(34) y: MMU: 2ms/94.1%, 5ms/97.6%, 10ms/98.8%, 20ms/99.4%, 50ms/99.7%, 100ms/99.8%
[2026-04-03T06:29:37.195+0600][41.508s][info][gc,marking  ] GC(34) y: Mark: 2 stripe(s), 2 proactive flush(es), 1 terminate flush(es), 0 completion(s), 0 continuation(s) 
[2026-04-03T06:29:37.195+0600][41.508s][info][gc,marking  ] GC(34) y: Mark Stack Usage: 32M
[2026-04-03T06:29:37.195+0600][41.508s][info][gc,nmethod  ] GC(34) y: NMethods: 3324 registered, 0 unregistered
[2026-04-03T06:29:37.195+0600][41.508s][info][gc,metaspace] GC(34) y: Metaspace: 9M used, 10M committed, 1088M reserved
[2026-04-03T06:29:37.195+0600][41.508s][info][gc,reloc    ] GC(34) y:                        Candidates     Selected     In-Place         Size        Empty    Relocated 
[2026-04-03T06:29:37.195+0600][41.508s][info][gc,reloc    ] GC(34) y: Small Pages:                  388          364            0         776M           0M          19M 
[2026-04-03T06:29:37.195+0600][41.508s][info][gc,reloc    ] GC(34) y: Medium Pages:                   0            0            0           0M           0M           0M 
[2026-04-03T06:29:37.195+0600][41.508s][info][gc,reloc    ] GC(34) y: Large Pages:                    0            0            0           0M           0M           0M 
[2026-04-03T06:29:37.195+0600][41.508s][info][gc,reloc    ] GC(34) y: Forwarding Usage: 6M
[2026-04-03T06:29:37.195+0600][41.508s][info][gc,reloc    ] GC(34) y: Age Table:
[2026-04-03T06:29:37.195+0600][41.508s][info][gc,reloc    ] GC(34) y:                    Live             Garbage             Small              Medium             Large        
[2026-04-03T06:29:37.195+0600][41.508s][info][gc,reloc    ] GC(34) y: Eden              15M (0%)          650M (17%)        333 / 325            0 / 0              0 / 0        
[2026-04-03T06:29:37.195+0600][41.508s][info][gc,reloc    ] GC(34) y: Survivor 1        10M (0%)           31M (1%)          21 / 13             0 / 0              0 / 0        
[2026-04-03T06:29:37.195+0600][41.508s][info][gc,reloc    ] GC(34) y: Survivor 2         7M (0%)           26M (1%)          17 / 13             0 / 0              0 / 0        
[2026-04-03T06:29:37.195+0600][41.508s][info][gc,reloc    ] GC(34) y: Survivor 3         5M (0%)           28M (1%)          17 / 13             0 / 0              0 / 0        
[2026-04-03T06:29:37.195+0600][41.508s][info][gc,heap     ] GC(34) y: Min Capacity: 8M(0%)
[2026-04-03T06:29:37.195+0600][41.508s][info][gc,heap     ] GC(34) y: Max Capacity: 3922M(100%)
[2026-04-03T06:29:37.195+0600][41.508s][info][gc,heap     ] GC(34) y: Soft Max Capacity: 3529M(90%)
[2026-04-03T06:29:37.195+0600][41.508s][info][gc,heap     ] GC(34) y: Heap Statistics:
[2026-04-03T06:29:37.195+0600][41.508s][info][gc,heap     ] GC(34) y:                Mark Start          Mark End        Relocate Start      Relocate End           High               Low         
[2026-04-03T06:29:37.195+0600][41.508s][info][gc,heap     ] GC(34) y:  Capacity:     2892M (74%)        2892M (74%)        2892M (74%)        2892M (74%)        2892M (74%)        2892M (74%)    
[2026-04-03T06:29:37.195+0600][41.508s][info][gc,heap     ] GC(34) y:      Free:     2304M (59%)        1950M (50%)        1922M (49%)        2478M (63%)        2524M (64%)        1884M (48%)    
[2026-04-03T06:29:37.195+0600][41.508s][info][gc,heap     ] GC(34) y:      Used:     1618M (41%)        1972M (50%)        2000M (51%)        1444M (37%)        2038M (52%)        1398M (36%)    
[2026-04-03T06:29:37.195+0600][41.508s][info][gc,heap     ] GC(34) y: Young Generation Statistics:
[2026-04-03T06:29:37.195+0600][41.508s][info][gc,heap     ] GC(34) y:                Mark Start          Mark End        Relocate Start      Relocate End    
[2026-04-03T06:29:37.195+0600][41.508s][info][gc,heap     ] GC(34) y:      Used:      776M (20%)        1130M (29%)        1152M (29%)         592M (15%)    
[2026-04-03T06:29:37.195+0600][41.508s][info][gc,heap     ] GC(34) y:      Live:         -                38M (1%)           34M (1%)           33M (1%)     
[2026-04-03T06:29:37.195+0600][41.508s][info][gc,heap     ] GC(34) y:   Garbage:         -               737M (19%)         735M (19%)           4M (0%)     
[2026-04-03T06:29:37.195+0600][41.508s][info][gc,heap     ] GC(34) y: Allocated:         -               354M (9%)          382M (10%)         554M (14%)    
[2026-04-03T06:29:37.195+0600][41.508s][info][gc,heap     ] GC(34) y: Reclaimed:         -                  -                 1M (0%)          733M (19%)    
[2026-04-03T06:29:37.195+0600][41.508s][info][gc,heap     ] GC(34) y:  Promoted:         -                  -                 4M (0%)            5M (0%)     
[2026-04-03T06:29:37.195+0600][41.508s][info][gc,heap     ] GC(34) y: Compacted:         -                  -                  -                21M (1%)     
[2026-04-03T06:29:37.195+0600][41.508s][info][gc,phases   ] GC(34) y: Young Generation 1618M(41%)->1444M(37%) 0.380s
[2026-04-03T06:29:37.195+0600][41.508s][info][gc          ] GC(34) Minor Collection (Allocation Rate) 1618M(41%)->1444M(37%) 0.381s
[2026-04-03T06:29:37.267+0600][41.581s][info][gc          ] GC(35) Minor Collection (Allocation Rate)
[2026-04-03T06:29:37.267+0600][41.581s][info][gc,task     ] GC(35) Using 2 Workers for Young Generation
[2026-04-03T06:29:37.267+0600][41.581s][info][gc,phases   ] GC(35) y: Young Generation
[2026-04-03T06:29:37.268+0600][41.581s][info][gc,phases   ] GC(35) y: Pause Mark Start 0.031ms
[2026-04-03T06:29:37.527+0600][41.840s][info][gc,phases   ] GC(35) y: Concurrent Mark 258.455ms
[2026-04-03T06:29:37.527+0600][41.841s][info][gc,phases   ] GC(35) y: Pause Mark End 0.034ms
[2026-04-03T06:29:37.527+0600][41.841s][info][gc,phases   ] GC(35) y: Concurrent Mark Free 0.002ms
[2026-04-03T06:29:37.527+0600][41.841s][info][gc,phases   ] GC(35) y: Concurrent Reset Relocation Set 0.058ms
[2026-04-03T06:29:37.534+0600][41.847s][info][gc,reloc    ] GC(35) y: Using tenuring threshold: 3 (Computed)
[2026-04-03T06:29:37.547+0600][41.860s][info][gc,phases   ] GC(35) y: Concurrent Select Relocation Set 19.258ms
[2026-04-03T06:29:37.547+0600][41.861s][info][gc,phases   ] GC(35) y: Pause Relocate Start 0.030ms
[2026-04-03T06:29:37.626+0600][41.939s][info][gc,phases   ] GC(35) y: Concurrent Relocate 78.237ms
[2026-04-03T06:29:37.626+0600][41.939s][info][gc,alloc    ] GC(35) y:                         Mark Start        Mark End      Relocate Start    Relocate End   
[2026-04-03T06:29:37.626+0600][41.939s][info][gc,alloc    ] GC(35) y: Allocation Stalls:          0                0                0                0         
[2026-04-03T06:29:37.626+0600][41.940s][info][gc,load     ] GC(35) y: Load: 7.88 (66%) / 5.25 (44%) / 3.83 (32%)
[2026-04-03T06:29:37.626+0600][41.940s][info][gc,mmu      ] GC(35) y: MMU: 2ms/94.1%, 5ms/97.6%, 10ms/98.8%, 20ms/99.4%, 50ms/99.7%, 100ms/99.8%
[2026-04-03T06:29:37.626+0600][41.940s][info][gc,marking  ] GC(35) y: Mark: 2 stripe(s), 2 proactive flush(es), 1 terminate flush(es), 0 completion(s), 0 continuation(s) 
[2026-04-03T06:29:37.626+0600][41.940s][info][gc,marking  ] GC(35) y: Mark Stack Usage: 32M
[2026-04-03T06:29:37.626+0600][41.940s][info][gc,nmethod  ] GC(35) y: NMethods: 3328 registered, 0 unregistered
[2026-04-03T06:29:37.626+0600][41.940s][info][gc,metaspace] GC(35) y: Metaspace: 9M used, 10M committed, 1088M reserved
[2026-04-03T06:29:37.626+0600][41.940s][info][gc,reloc    ] GC(35) y:                        Candidates     Selected     In-Place         Size        Empty    Relocated 
[2026-04-03T06:29:37.626+0600][41.940s][info][gc,reloc    ] GC(35) y: Small Pages:                  349          325            0         698M           0M          18M 
[2026-04-03T06:29:37.626+0600][41.940s][info][gc,reloc    ] GC(35) y: Medium Pages:                   0            0            0           0M           0M           0M 
[2026-04-03T06:29:37.626+0600][41.940s][info][gc,reloc    ] GC(35) y: Large Pages:                    0            0            0           0M           0M           0M 
[2026-04-03T06:29:37.626+0600][41.940s][info][gc,reloc    ] GC(35) y: Forwarding Usage: 7M
[2026-04-03T06:29:37.626+0600][41.940s][info][gc,reloc    ] GC(35) y: Age Table:
[2026-04-03T06:29:37.626+0600][41.940s][info][gc,reloc    ] GC(35) y:                    Live             Garbage             Small              Medium             Large        
[2026-04-03T06:29:37.626+0600][41.940s][info][gc,reloc    ] GC(35) y: Eden              14M (0%)          577M (15%)        296 / 288            0 / 0              0 / 0        
[2026-04-03T06:29:37.626+0600][41.940s][info][gc,reloc    ] GC(35) y: Survivor 1         9M (0%)           28M (1%)          19 / 13             0 / 0              0 / 0        
[2026-04-03T06:29:37.626+0600][41.940s][info][gc,reloc    ] GC(35) y: Survivor 2         8M (0%)           27M (1%)          18 / 13             0 / 0              0 / 0        
[2026-04-03T06:29:37.626+0600][41.940s][info][gc,reloc    ] GC(35) y: Survivor 3         6M (0%)           25M (1%)          16 / 11             0 / 0              0 / 0        
[2026-04-03T06:29:37.627+0600][41.940s][info][gc,heap     ] GC(35) y: Min Capacity: 8M(0%)
[2026-04-03T06:29:37.627+0600][41.940s][info][gc,heap     ] GC(35) y: Max Capacity: 3922M(100%)
[2026-04-03T06:29:37.627+0600][41.940s][info][gc,heap     ] GC(35) y: Soft Max Capacity: 3529M(90%)
[2026-04-03T06:29:37.627+0600][41.940s][info][gc,heap     ] GC(35) y: Heap Statistics:
[2026-04-03T06:29:37.627+0600][41.940s][info][gc,heap     ] GC(35) y:                Mark Start          Mark End        Relocate Start      Relocate End           High               Low         
[2026-04-03T06:29:37.627+0600][41.940s][info][gc,heap     ] GC(35) y:  Capacity:     2892M (74%)        2892M (74%)        2892M (74%)        2892M (74%)        2892M (74%)        2892M (74%)    
[2026-04-03T06:29:37.627+0600][41.940s][info][gc,heap     ] GC(35) y:      Free:     2372M (60%)        2050M (52%)        2024M (52%)        2494M (64%)        2532M (65%)        1978M (50%)    
[2026-04-03T06:29:37.627+0600][41.940s][info][gc,heap     ] GC(35) y:      Used:     1550M (40%)        1872M (48%)        1898M (48%)        1428M (36%)        1944M (50%)        1390M (35%)    
[2026-04-03T06:29:37.627+0600][41.940s][info][gc,heap     ] GC(35) y: Young Generation Statistics:
[2026-04-03T06:29:37.627+0600][41.940s][info][gc,heap     ] GC(35) y:                Mark Start          Mark End        Relocate Start      Relocate End    
[2026-04-03T06:29:37.627+0600][41.940s][info][gc,heap     ] GC(35) y:      Used:      698M (18%)        1020M (26%)        1038M (26%)         564M (14%)    
[2026-04-03T06:29:37.627+0600][41.940s][info][gc,heap     ] GC(35) y:      Live:         -                38M (1%)           32M (1%)           32M (1%)     
[2026-04-03T06:29:37.627+0600][41.940s][info][gc,heap     ] GC(35) y:   Garbage:         -               659M (17%)         657M (17%)           3M (0%)     
[2026-04-03T06:29:37.627+0600][41.940s][info][gc,heap     ] GC(35) y: Allocated:         -               322M (8%)          348M (9%)          527M (13%)    
[2026-04-03T06:29:37.627+0600][41.940s][info][gc,heap     ] GC(35) y: Reclaimed:         -                  -                 1M (0%)          655M (17%)    
[2026-04-03T06:29:37.627+0600][41.940s][info][gc,heap     ] GC(35) y:  Promoted:         -                  -                 6M (0%)            6M (0%)     
[2026-04-03T06:29:37.627+0600][41.940s][info][gc,heap     ] GC(35) y: Compacted:         -                  -                  -                24M (1%)     
[2026-04-03T06:29:37.627+0600][41.940s][info][gc,phases   ] GC(35) y: Young Generation 1550M(40%)->1428M(36%) 0.359s
[2026-04-03T06:29:37.627+0600][41.940s][info][gc          ] GC(35) Minor Collection (Allocation Rate) 1550M(40%)->1430M(36%) 0.360s
[2026-04-03T06:29:37.928+0600][42.242s][info][gc          ] GC(36) Minor Collection (Allocation Rate)
[2026-04-03T06:29:37.929+0600][42.242s][info][gc,task     ] GC(36) Using 2 Workers for Young Generation
[2026-04-03T06:29:37.929+0600][42.242s][info][gc,phases   ] GC(36) y: Young Generation
[2026-04-03T06:29:37.930+0600][42.243s][info][gc,phases   ] GC(36) y: Pause Mark Start 0.041ms
[2026-04-03T06:29:38.242+0600][42.555s][info][gc,phases   ] GC(36) y: Concurrent Mark 311.914ms
[2026-04-03T06:29:38.242+0600][42.556s][info][gc,phases   ] GC(36) y: Pause Mark End 0.032ms
[2026-04-03T06:29:38.243+0600][42.556s][info][gc,phases   ] GC(36) y: Concurrent Mark Free 0.004ms
[2026-04-03T06:29:38.243+0600][42.556s][info][gc,phases   ] GC(36) y: Concurrent Reset Relocation Set 0.065ms
[2026-04-03T06:29:38.247+0600][42.560s][info][gc,reloc    ] GC(36) y: Using tenuring threshold: 3 (Computed)
[2026-04-03T06:29:38.264+0600][42.577s][info][gc,phases   ] GC(36) y: Concurrent Select Relocation Set 20.678ms
[2026-04-03T06:29:38.266+0600][42.579s][info][gc,phases   ] GC(36) y: Pause Relocate Start 0.034ms
[2026-04-03T06:29:38.359+0600][42.672s][info][gc,phases   ] GC(36) y: Concurrent Relocate 92.995ms
[2026-04-03T06:29:38.359+0600][42.672s][info][gc,alloc    ] GC(36) y:                         Mark Start        Mark End      Relocate Start    Relocate End   
[2026-04-03T06:29:38.359+0600][42.672s][info][gc,alloc    ] GC(36) y: Allocation Stalls:          0                0                0                0         
[2026-04-03T06:29:38.359+0600][42.672s][info][gc,load     ] GC(36) y: Load: 7.88 (66%) / 5.25 (44%) / 3.83 (32%)
[2026-04-03T06:29:38.359+0600][42.672s][info][gc,mmu      ] GC(36) y: MMU: 2ms/94.1%, 5ms/97.6%, 10ms/98.8%, 20ms/99.4%, 50ms/99.7%, 100ms/99.8%
[2026-04-03T06:29:38.359+0600][42.672s][info][gc,marking  ] GC(36) y: Mark: 2 stripe(s), 2 proactive flush(es), 1 terminate flush(es), 0 completion(s), 0 continuation(s) 
[2026-04-03T06:29:38.359+0600][42.672s][info][gc,marking  ] GC(36) y: Mark Stack Usage: 32M
[2026-04-03T06:29:38.359+0600][42.672s][info][gc,nmethod  ] GC(36) y: NMethods: 3331 registered, 0 unregistered
[2026-04-03T06:29:38.359+0600][42.672s][info][gc,metaspace] GC(36) y: Metaspace: 9M used, 10M committed, 1088M reserved
[2026-04-03T06:29:38.359+0600][42.672s][info][gc,reloc    ] GC(36) y:                        Candidates     Selected     In-Place         Size        Empty    Relocated 
[2026-04-03T06:29:38.359+0600][42.672s][info][gc,reloc    ] GC(36) y: Small Pages:                  510          485            0        1020M           0M          25M 
[2026-04-03T06:29:38.359+0600][42.672s][info][gc,reloc    ] GC(36) y: Medium Pages:                   0            0            0           0M           0M           0M 
[2026-04-03T06:29:38.359+0600][42.672s][info][gc,reloc    ] GC(36) y: Large Pages:                    0            0            0           0M           0M           0M 
[2026-04-03T06:29:38.359+0600][42.673s][info][gc,reloc    ] GC(36) y: Forwarding Usage: 9M
[2026-04-03T06:29:38.359+0600][42.673s][info][gc,reloc    ] GC(36) y: Age Table:
[2026-04-03T06:29:38.359+0600][42.673s][info][gc,reloc    ] GC(36) y:                    Live             Garbage             Small              Medium             Large        
[2026-04-03T06:29:38.359+0600][42.673s][info][gc,reloc    ] GC(36) y: Eden              19M (1%)          886M (23%)        453 / 441            0 / 0              0 / 0        
[2026-04-03T06:29:38.359+0600][42.673s][info][gc,reloc    ] GC(36) y: Survivor 1         7M (0%)           32M (1%)          20 / 17             0 / 0              0 / 0        
[2026-04-03T06:29:38.359+0600][42.673s][info][gc,reloc    ] GC(36) y: Survivor 2         6M (0%)           31M (1%)          19 / 15             0 / 0              0 / 0        
[2026-04-03T06:29:38.359+0600][42.673s][info][gc,reloc    ] GC(36) y: Survivor 3         7M (0%)           28M (1%)          18 / 12             0 / 0              0 / 0        
[2026-04-03T06:29:38.359+0600][42.673s][info][gc,heap     ] GC(36) y: Min Capacity: 8M(0%)
[2026-04-03T06:29:38.359+0600][42.673s][info][gc,heap     ] GC(36) y: Max Capacity: 3922M(100%)
[2026-04-03T06:29:38.359+0600][42.673s][info][gc,heap     ] GC(36) y: Soft Max Capacity: 3529M(90%)
[2026-04-03T06:29:38.359+0600][42.673s][info][gc,heap     ] GC(36) y: Heap Statistics:
[2026-04-03T06:29:38.359+0600][42.673s][info][gc,heap     ] GC(36) y:                Mark Start          Mark End        Relocate Start      Relocate End           High               Low         
[2026-04-03T06:29:38.359+0600][42.673s][info][gc,heap     ] GC(36) y:  Capacity:     2892M (74%)        2892M (74%)        2892M (74%)        2892M (74%)        2892M (74%)        2892M (74%)    
[2026-04-03T06:29:38.359+0600][42.673s][info][gc,heap     ] GC(36) y:      Free:     2038M (52%)        1682M (43%)        1650M (42%)        2448M (62%)        2490M (63%)        1598M (41%)    
[2026-04-03T06:29:38.359+0600][42.673s][info][gc,heap     ] GC(36) y:      Used:     1884M (48%)        2240M (57%)        2272M (58%)        1474M (38%)        2324M (59%)        1432M (37%)    
[2026-04-03T06:29:38.359+0600][42.673s][info][gc,heap     ] GC(36) y: Young Generation Statistics:
[2026-04-03T06:29:38.359+0600][42.673s][info][gc,heap     ] GC(36) y:                Mark Start          Mark End        Relocate Start      Relocate End    
[2026-04-03T06:29:38.360+0600][42.673s][info][gc,heap     ] GC(36) y:      Used:     1020M (26%)        1376M (35%)        1400M (36%)         598M (15%)    
[2026-04-03T06:29:38.360+0600][42.673s][info][gc,heap     ] GC(36) y:      Live:         -                41M (1%)           35M (1%)           34M (1%)     
[2026-04-03T06:29:38.360+0600][42.673s][info][gc,heap     ] GC(36) y:   Garbage:         -               978M (25%)         976M (25%)           1M (0%)     
[2026-04-03T06:29:38.360+0600][42.673s][info][gc,heap     ] GC(36) y: Allocated:         -               356M (9%)          388M (10%)         562M (14%)    
[2026-04-03T06:29:38.360+0600][42.673s][info][gc,heap     ] GC(36) y: Reclaimed:         -                  -                 2M (0%)          977M (25%)    
[2026-04-03T06:29:38.360+0600][42.673s][info][gc,heap     ] GC(36) y:  Promoted:         -                  -                 5M (0%)            7M (0%)     
[2026-04-03T06:29:38.360+0600][42.673s][info][gc,heap     ] GC(36) y: Compacted:         -                  -                  -                31M (1%)     
[2026-04-03T06:29:38.360+0600][42.673s][info][gc,phases   ] GC(36) y: Young Generation 1884M(48%)->1474M(38%) 0.430s
[2026-04-03T06:29:38.360+0600][42.673s][info][gc          ] GC(36) Minor Collection (Allocation Rate) 1884M(48%)->1476M(38%) 0.431s
[2026-04-03T06:29:38.699+0600][43.013s][info][gc          ] GC(37) Minor Collection (Allocation Rate)
[2026-04-03T06:29:38.699+0600][43.013s][info][gc,task     ] GC(37) Using 2 Workers for Young Generation
[2026-04-03T06:29:38.700+0600][43.013s][info][gc,phases   ] GC(37) y: Young Generation
[2026-04-03T06:29:38.700+0600][43.013s][info][gc,phases   ] GC(37) y: Pause Mark Start 0.055ms
[2026-04-03T06:29:39.010+0600][43.324s][info][gc,phases   ] GC(37) y: Concurrent Mark 310.205ms
[2026-04-03T06:29:39.011+0600][43.324s][info][gc,phases   ] GC(37) y: Pause Mark End 0.034ms
[2026-04-03T06:29:39.011+0600][43.325s][info][gc,phases   ] GC(37) y: Concurrent Mark Free 0.001ms
[2026-04-03T06:29:39.011+0600][43.325s][info][gc,phases   ] GC(37) y: Concurrent Reset Relocation Set 0.087ms
[2026-04-03T06:29:39.015+0600][43.329s][info][gc,reloc    ] GC(37) y: Using tenuring threshold: 3 (Computed)
[2026-04-03T06:29:39.027+0600][43.341s][info][gc,phases   ] GC(37) y: Concurrent Select Relocation Set 15.965ms
[2026-04-03T06:29:39.028+0600][43.342s][info][gc,phases   ] GC(37) y: Pause Relocate Start 0.030ms
[2026-04-03T06:29:39.119+0600][43.433s][info][gc,phases   ] GC(37) y: Concurrent Relocate 90.924ms
[2026-04-03T06:29:39.120+0600][43.433s][info][gc,alloc    ] GC(37) y:                         Mark Start        Mark End      Relocate Start    Relocate End   
[2026-04-03T06:29:39.120+0600][43.433s][info][gc,alloc    ] GC(37) y: Allocation Stalls:          0                0                0                0         
[2026-04-03T06:29:39.120+0600][43.433s][info][gc,load     ] GC(37) y: Load: 7.88 (66%) / 5.25 (44%) / 3.83 (32%)
[2026-04-03T06:29:39.120+0600][43.433s][info][gc,mmu      ] GC(37) y: MMU: 2ms/94.1%, 5ms/97.6%, 10ms/98.8%, 20ms/99.4%, 50ms/99.7%, 100ms/99.8%
[2026-04-03T06:29:39.120+0600][43.433s][info][gc,marking  ] GC(37) y: Mark: 2 stripe(s), 2 proactive flush(es), 1 terminate flush(es), 0 completion(s), 0 continuation(s) 
[2026-04-03T06:29:39.120+0600][43.433s][info][gc,marking  ] GC(37) y: Mark Stack Usage: 32M
[2026-04-03T06:29:39.120+0600][43.433s][info][gc,nmethod  ] GC(37) y: NMethods: 3331 registered, 0 unregistered
[2026-04-03T06:29:39.120+0600][43.433s][info][gc,metaspace] GC(37) y: Metaspace: 9M used, 10M committed, 1088M reserved
[2026-04-03T06:29:39.120+0600][43.433s][info][gc,reloc    ] GC(37) y:                        Candidates     Selected     In-Place         Size        Empty    Relocated 
[2026-04-03T06:29:39.120+0600][43.433s][info][gc,reloc    ] GC(37) y: Small Pages:                  567          540            0        1134M           0M          26M 
[2026-04-03T06:29:39.120+0600][43.433s][info][gc,reloc    ] GC(37) y: Medium Pages:                   0            0            0           0M           0M           0M 
[2026-04-03T06:29:39.120+0600][43.433s][info][gc,reloc    ] GC(37) y: Large Pages:                    0            0            0           0M           0M           0M 
[2026-04-03T06:29:39.120+0600][43.433s][info][gc,reloc    ] GC(37) y: Forwarding Usage: 9M
[2026-04-03T06:29:39.120+0600][43.433s][info][gc,reloc    ] GC(37) y: Age Table:
[2026-04-03T06:29:39.120+0600][43.433s][info][gc,reloc    ] GC(37) y:                    Live             Garbage             Small              Medium             Large        
[2026-04-03T06:29:39.120+0600][43.433s][info][gc,reloc    ] GC(37) y: Eden              21M (1%)         1006M (26%)        514 / 502            0 / 0              0 / 0        
[2026-04-03T06:29:39.120+0600][43.433s][info][gc,reloc    ] GC(37) y: Survivor 1        11M (0%)           30M (1%)          21 / 13             0 / 0              0 / 0        
[2026-04-03T06:29:39.120+0600][43.433s][info][gc,reloc    ] GC(37) y: Survivor 2         5M (0%)           26M (1%)          16 / 13             0 / 0              0 / 0        
[2026-04-03T06:29:39.120+0600][43.433s][info][gc,reloc    ] GC(37) y: Survivor 3         5M (0%)           26M (1%)          16 / 12             0 / 0              0 / 0        
[2026-04-03T06:29:39.120+0600][43.433s][info][gc,heap     ] GC(37) y: Min Capacity: 8M(0%)
[2026-04-03T06:29:39.120+0600][43.433s][info][gc,heap     ] GC(37) y: Max Capacity: 3922M(100%)
[2026-04-03T06:29:39.120+0600][43.434s][info][gc,heap     ] GC(37) y: Soft Max Capacity: 3529M(90%)
[2026-04-03T06:29:39.120+0600][43.434s][info][gc,heap     ] GC(37) y: Heap Statistics:
[2026-04-03T06:29:39.120+0600][43.434s][info][gc,heap     ] GC(37) y:                Mark Start          Mark End        Relocate Start      Relocate End           High               Low         
[2026-04-03T06:29:39.120+0600][43.434s][info][gc,heap     ] GC(37) y:  Capacity:     2892M (74%)        2892M (74%)        2892M (74%)        2892M (74%)        2892M (74%)        2892M (74%)    
[2026-04-03T06:29:39.120+0600][43.434s][info][gc,heap     ] GC(37) y:      Free:     1912M (49%)        1500M (38%)        1478M (38%)        2372M (60%)        2418M (62%)        1448M (37%)    
[2026-04-03T06:29:39.120+0600][43.434s][info][gc,heap     ] GC(37) y:      Used:     2010M (51%)        2422M (62%)        2444M (62%)        1550M (40%)        2474M (63%)        1504M (38%)    
[2026-04-03T06:29:39.120+0600][43.434s][info][gc,heap     ] GC(37) y: Young Generation Statistics:
[2026-04-03T06:29:39.120+0600][43.434s][info][gc,heap     ] GC(37) y:                Mark Start          Mark End        Relocate Start      Relocate End    
[2026-04-03T06:29:39.120+0600][43.434s][info][gc,heap     ] GC(37) y:      Used:     1134M (29%)        1546M (39%)        1564M (40%)         666M (17%)    
[2026-04-03T06:29:39.120+0600][43.434s][info][gc,heap     ] GC(37) y:      Live:         -                44M (1%)           40M (1%)           38M (1%)     
[2026-04-03T06:29:39.120+0600][43.434s][info][gc,heap     ] GC(37) y:   Garbage:         -              1089M (28%)        1089M (28%)           4M (0%)     
[2026-04-03T06:29:39.120+0600][43.434s][info][gc,heap     ] GC(37) y: Allocated:         -               412M (11%)         434M (11%)         623M (16%)    
[2026-04-03T06:29:39.120+0600][43.434s][info][gc,heap     ] GC(37) y: Reclaimed:         -                  -                 0M (0%)         1085M (28%)    
[2026-04-03T06:29:39.120+0600][43.434s][info][gc,heap     ] GC(37) y:  Promoted:         -                  -                 3M (0%)            5M (0%)     
[2026-04-03T06:29:39.120+0600][43.434s][info][gc,heap     ] GC(37) y: Compacted:         -                  -                  -                28M (1%)     
[2026-04-03T06:29:39.121+0600][43.434s][info][gc,phases   ] GC(37) y: Young Generation 2010M(51%)->1550M(40%) 0.420s
[2026-04-03T06:29:39.121+0600][43.434s][info][gc          ] GC(37) Minor Collection (Allocation Rate) 2010M(51%)->1552M(40%) 0.421s
[2026-04-03T06:29:39.601+0600][43.915s][info][gc          ] GC(38) Minor Collection (Allocation Rate)
[2026-04-03T06:29:39.601+0600][43.915s][info][gc,task     ] GC(38) Using 2 Workers for Young Generation
[2026-04-03T06:29:39.601+0600][43.915s][info][gc,phases   ] GC(38) y: Young Generation
[2026-04-03T06:29:39.602+0600][43.915s][info][gc,phases   ] GC(38) y: Pause Mark Start 0.083ms
[2026-04-03T06:29:39.925+0600][44.239s][info][gc,phases   ] GC(38) y: Concurrent Mark 323.316ms
[2026-04-03T06:29:39.926+0600][44.239s][info][gc,phases   ] GC(38) y: Pause Mark End 0.031ms
[2026-04-03T06:29:39.929+0600][44.242s][info][gc,phases   ] GC(38) y: Concurrent Mark Free 0.004ms
[2026-04-03T06:29:39.929+0600][44.243s][info][gc,phases   ] GC(38) y: Concurrent Reset Relocation Set 0.085ms
[2026-04-03T06:29:39.934+0600][44.248s][info][gc,reloc    ] GC(38) y: Using tenuring threshold: 4 (Computed)
[2026-04-03T06:29:39.942+0600][44.256s][info][gc,phases   ] GC(38) y: Concurrent Select Relocation Set 12.925ms
[2026-04-03T06:29:39.943+0600][44.256s][info][gc,phases   ] GC(38) y: Pause Relocate Start 0.029ms
[2026-04-03T06:29:40.041+0600][44.354s][info][gc,phases   ] GC(38) y: Concurrent Relocate 97.075ms
[2026-04-03T06:29:40.041+0600][44.354s][info][gc,alloc    ] GC(38) y:                         Mark Start        Mark End      Relocate Start    Relocate End   
[2026-04-03T06:29:40.041+0600][44.354s][info][gc,alloc    ] GC(38) y: Allocation Stalls:          0                0                0                0         
[2026-04-03T06:29:40.041+0600][44.355s][info][gc,load     ] GC(38) y: Load: 7.88 (66%) / 5.25 (44%) / 3.83 (32%)
[2026-04-03T06:29:40.041+0600][44.355s][info][gc,mmu      ] GC(38) y: MMU: 2ms/94.1%, 5ms/97.6%, 10ms/98.8%, 20ms/99.4%, 50ms/99.7%, 100ms/99.8%
[2026-04-03T06:29:40.041+0600][44.355s][info][gc,marking  ] GC(38) y: Mark: 2 stripe(s), 2 proactive flush(es), 1 terminate flush(es), 0 completion(s), 0 continuation(s) 
[2026-04-03T06:29:40.041+0600][44.355s][info][gc,marking  ] GC(38) y: Mark Stack Usage: 32M
[2026-04-03T06:29:40.041+0600][44.355s][info][gc,nmethod  ] GC(38) y: NMethods: 3331 registered, 0 unregistered
[2026-04-03T06:29:40.041+0600][44.355s][info][gc,metaspace] GC(38) y: Metaspace: 9M used, 10M committed, 1088M reserved
[2026-04-03T06:29:40.041+0600][44.355s][info][gc,reloc    ] GC(38) y:                        Candidates     Selected     In-Place         Size        Empty    Relocated 
[2026-04-03T06:29:40.041+0600][44.355s][info][gc,reloc    ] GC(38) y: Small Pages:                  688          659            0        1376M           0M          32M 
[2026-04-03T06:29:40.041+0600][44.355s][info][gc,reloc    ] GC(38) y: Medium Pages:                   0            0            0           0M           0M           0M 
[2026-04-03T06:29:40.041+0600][44.355s][info][gc,reloc    ] GC(38) y: Large Pages:                    0            0            0           0M           0M           0M 
[2026-04-03T06:29:40.041+0600][44.355s][info][gc,reloc    ] GC(38) y: Forwarding Usage: 14M
[2026-04-03T06:29:40.041+0600][44.355s][info][gc,reloc    ] GC(38) y: Age Table:
[2026-04-03T06:29:40.041+0600][44.355s][info][gc,reloc    ] GC(38) y:                    Live             Garbage             Small              Medium             Large        
[2026-04-03T06:29:40.041+0600][44.355s][info][gc,reloc    ] GC(38) y: Eden              24M (1%)         1237M (32%)        631 / 619            0 / 0              0 / 0        
[2026-04-03T06:29:40.041+0600][44.355s][info][gc,reloc    ] GC(38) y: Survivor 1        11M (0%)           32M (1%)          22 / 15             0 / 0              0 / 0        
[2026-04-03T06:29:40.041+0600][44.355s][info][gc,reloc    ] GC(38) y: Survivor 2         8M (0%)           29M (1%)          19 / 12             0 / 0              0 / 0        
[2026-04-03T06:29:40.041+0600][44.355s][info][gc,reloc    ] GC(38) y: Survivor 3         4M (0%)           27M (1%)          16 / 13             0 / 0              0 / 0        
[2026-04-03T06:29:40.042+0600][44.355s][info][gc,heap     ] GC(38) y: Min Capacity: 8M(0%)
[2026-04-03T06:29:40.042+0600][44.355s][info][gc,heap     ] GC(38) y: Max Capacity: 3922M(100%)
[2026-04-03T06:29:40.042+0600][44.355s][info][gc,heap     ] GC(38) y: Soft Max Capacity: 3529M(90%)
[2026-04-03T06:29:40.042+0600][44.355s][info][gc,heap     ] GC(38) y: Heap Statistics:
[2026-04-03T06:29:40.042+0600][44.355s][info][gc,heap     ] GC(38) y:                Mark Start          Mark End        Relocate Start      Relocate End           High               Low         
[2026-04-03T06:29:40.042+0600][44.355s][info][gc,heap     ] GC(38) y:  Capacity:     2892M (74%)        2892M (74%)        2892M (74%)        2892M (74%)        2892M (74%)        2892M (74%)    
[2026-04-03T06:29:40.042+0600][44.355s][info][gc,heap     ] GC(38) y:      Free:     1662M (42%)        1278M (33%)        1254M (32%)        2360M (60%)        2378M (61%)        1188M (30%)    
[2026-04-03T06:29:40.042+0600][44.355s][info][gc,heap     ] GC(38) y:      Used:     2260M (58%)        2644M (67%)        2668M (68%)        1562M (40%)        2734M (70%)        1544M (39%)    
[2026-04-03T06:29:40.042+0600][44.355s][info][gc,heap     ] GC(38) y: Young Generation Statistics:
[2026-04-03T06:29:40.042+0600][44.355s][info][gc,heap     ] GC(38) y:                Mark Start          Mark End        Relocate Start      Relocate End    
[2026-04-03T06:29:40.042+0600][44.355s][info][gc,heap     ] GC(38) y:      Used:     1376M (35%)        1760M (45%)        1784M (45%)         678M (17%)    
[2026-04-03T06:29:40.042+0600][44.355s][info][gc,heap     ] GC(38) y:      Live:         -                49M (1%)           49M (1%)           49M (1%)     
[2026-04-03T06:29:40.042+0600][44.355s][info][gc,heap     ] GC(38) y:   Garbage:         -              1326M (34%)        1326M (34%)           1M (0%)     
[2026-04-03T06:29:40.042+0600][44.355s][info][gc,heap     ] GC(38) y: Allocated:         -               384M (10%)         408M (10%)         626M (16%)    
[2026-04-03T06:29:40.042+0600][44.355s][info][gc,heap     ] GC(38) y: Reclaimed:         -                  -                 0M (0%)         1324M (34%)    
[2026-04-03T06:29:40.042+0600][44.355s][info][gc,heap     ] GC(38) y:  Promoted:         -                  -                 0M (0%)            0M (0%)     
[2026-04-03T06:29:40.042+0600][44.355s][info][gc,heap     ] GC(38) y: Compacted:         -                  -                  -                43M (1%)     
[2026-04-03T06:29:40.042+0600][44.355s][info][gc,phases   ] GC(38) y: Young Generation 2260M(58%)->1562M(40%) 0.440s
[2026-04-03T06:29:40.042+0600][44.355s][info][gc          ] GC(38) Minor Collection (Allocation Rate) 2258M(58%)->1566M(40%) 0.441s
[2026-04-03T06:29:40.512+0600][44.825s][info][gc          ] GC(39) Minor Collection (Allocation Rate)
[2026-04-03T06:29:40.512+0600][44.825s][info][gc,task     ] GC(39) Using 2 Workers for Young Generation
[2026-04-03T06:29:40.512+0600][44.825s][info][gc,phases   ] GC(39) y: Young Generation
[2026-04-03T06:29:40.513+0600][44.826s][info][gc,phases   ] GC(39) y: Pause Mark Start 0.036ms
[2026-04-03T06:29:40.926+0600][45.239s][info][gc,phases   ] GC(39) y: Concurrent Mark 412.750ms
[2026-04-03T06:29:40.926+0600][45.239s][info][gc,phases   ] GC(39) y: Pause Mark End 0.030ms
[2026-04-03T06:29:40.926+0600][45.239s][info][gc,phases   ] GC(39) y: Concurrent Mark Free 0.001ms
[2026-04-03T06:29:40.926+0600][45.240s][info][gc,phases   ] GC(39) y: Concurrent Reset Relocation Set 0.122ms
[2026-04-03T06:29:40.936+0600][45.249s][info][gc,reloc    ] GC(39) y: Using tenuring threshold: 3 (Computed)
[2026-04-03T06:29:40.969+0600][45.282s][info][gc,phases   ] GC(39) y: Concurrent Select Relocation Set 42.274ms
[2026-04-03T06:29:40.972+0600][45.285s][info][gc,phases   ] GC(39) y: Pause Relocate Start 0.030ms
[2026-04-03T06:29:41.106+0600][45.419s][info][gc,phases   ] GC(39) y: Concurrent Relocate 133.404ms
[2026-04-03T06:29:41.106+0600][45.419s][info][gc,alloc    ] GC(39) y:                         Mark Start        Mark End      Relocate Start    Relocate End   
[2026-04-03T06:29:41.106+0600][45.420s][info][gc,alloc    ] GC(39) y: Allocation Stalls:          0                0                0                0         
[2026-04-03T06:29:41.107+0600][45.420s][info][gc,load     ] GC(39) y: Load: 7.88 (66%) / 5.25 (44%) / 3.83 (32%)
[2026-04-03T06:29:41.107+0600][45.420s][info][gc,mmu      ] GC(39) y: MMU: 2ms/94.1%, 5ms/97.6%, 10ms/98.8%, 20ms/99.4%, 50ms/99.7%, 100ms/99.8%
[2026-04-03T06:29:41.107+0600][45.420s][info][gc,marking  ] GC(39) y: Mark: 2 stripe(s), 2 proactive flush(es), 1 terminate flush(es), 0 completion(s), 0 continuation(s) 
[2026-04-03T06:29:41.107+0600][45.420s][info][gc,marking  ] GC(39) y: Mark Stack Usage: 32M
[2026-04-03T06:29:41.107+0600][45.420s][info][gc,nmethod  ] GC(39) y: NMethods: 3334 registered, 0 unregistered
[2026-04-03T06:29:41.107+0600][45.420s][info][gc,metaspace] GC(39) y: Metaspace: 9M used, 10M committed, 1088M reserved
[2026-04-03T06:29:41.107+0600][45.420s][info][gc,reloc    ] GC(39) y:                        Candidates     Selected     In-Place         Size        Empty    Relocated 
[2026-04-03T06:29:41.107+0600][45.420s][info][gc,reloc    ] GC(39) y: Small Pages:                  707          671            0        1414M           0M          29M 
[2026-04-03T06:29:41.107+0600][45.420s][info][gc,reloc    ] GC(39) y: Medium Pages:                   0            0            0           0M           0M           0M 
[2026-04-03T06:29:41.107+0600][45.420s][info][gc,reloc    ] GC(39) y: Large Pages:                    0            0            0           0M           0M           0M 
[2026-04-03T06:29:41.107+0600][45.420s][info][gc,reloc    ] GC(39) y: Forwarding Usage: 12M
[2026-04-03T06:29:41.107+0600][45.420s][info][gc,reloc    ] GC(39) y: Age Table:
[2026-04-03T06:29:41.107+0600][45.420s][info][gc,reloc    ] GC(39) y:                    Live             Garbage             Small              Medium             Large        
[2026-04-03T06:29:41.107+0600][45.420s][info][gc,reloc    ] GC(39) y: Eden              24M (1%)         1239M (32%)        632 / 619            0 / 0              0 / 0        
[2026-04-03T06:29:41.107+0600][45.420s][info][gc,reloc    ] GC(39) y: Survivor 1        13M (0%)           34M (1%)          24 / 15             0 / 0              0 / 0        
[2026-04-03T06:29:41.107+0600][45.420s][info][gc,reloc    ] GC(39) y: Survivor 2         9M (0%)           26M (1%)          18 / 10             0 / 0              0 / 0        
[2026-04-03T06:29:41.107+0600][45.420s][info][gc,reloc    ] GC(39) y: Survivor 3         7M (0%)           26M (1%)          17 / 14             0 / 0              0 / 0        
[2026-04-03T06:29:41.107+0600][45.420s][info][gc,reloc    ] GC(39) y: Survivor 4         4M (0%)           27M (1%)          16 / 13             0 / 0              0 / 0        
[2026-04-03T06:29:41.107+0600][45.420s][info][gc,heap     ] GC(39) y: Min Capacity: 8M(0%)
[2026-04-03T06:29:41.107+0600][45.420s][info][gc,heap     ] GC(39) y: Max Capacity: 3922M(100%)
[2026-04-03T06:29:41.107+0600][45.420s][info][gc,heap     ] GC(39) y: Soft Max Capacity: 3529M(90%)
[2026-04-03T06:29:41.107+0600][45.420s][info][gc,heap     ] GC(39) y: Heap Statistics:
[2026-04-03T06:29:41.107+0600][45.420s][info][gc,heap     ] GC(39) y:                Mark Start          Mark End        Relocate Start      Relocate End           High               Low         
[2026-04-03T06:29:41.107+0600][45.420s][info][gc,heap     ] GC(39) y:  Capacity:     2892M (74%)        2892M (74%)        2928M (75%)        2970M (76%)        2970M (76%)        2892M (74%)    
[2026-04-03T06:29:41.107+0600][45.420s][info][gc,heap     ] GC(39) y:      Free:     1624M (41%)        1054M (27%)         994M (25%)        2142M (55%)        2224M (57%)         952M (24%)    
[2026-04-03T06:29:41.107+0600][45.420s][info][gc,heap     ] GC(39) y:      Used:     2298M (59%)        2868M (73%)        2928M (75%)        1780M (45%)        2970M (76%)        1698M (43%)    
[2026-04-03T06:29:41.107+0600][45.420s][info][gc,heap     ] GC(39) y: Young Generation Statistics:
[2026-04-03T06:29:41.107+0600][45.420s][info][gc,heap     ] GC(39) y:                Mark Start          Mark End        Relocate Start      Relocate End    
[2026-04-03T06:29:41.107+0600][45.420s][info][gc,heap     ] GC(39) y:      Used:     1414M (36%)        1984M (51%)        2034M (52%)         880M (22%)    
[2026-04-03T06:29:41.107+0600][45.420s][info][gc,heap     ] GC(39) y:      Live:         -                59M (2%)           51M (1%)           47M (1%)     
[2026-04-03T06:29:41.107+0600][45.420s][info][gc,heap     ] GC(39) y:   Garbage:         -              1354M (35%)        1352M (34%)           4M (0%)     
[2026-04-03T06:29:41.107+0600][45.420s][info][gc,heap     ] GC(39) y: Allocated:         -               570M (15%)         630M (16%)         827M (21%)    
[2026-04-03T06:29:41.107+0600][45.420s][info][gc,heap     ] GC(39) y: Reclaimed:         -                  -                 2M (0%)         1349M (34%)    
[2026-04-03T06:29:41.107+0600][45.420s][info][gc,heap     ] GC(39) y:  Promoted:         -                  -                 7M (0%)           11M (0%)     
[2026-04-03T06:29:41.107+0600][45.420s][info][gc,heap     ] GC(39) y: Compacted:         -                  -                  -                34M (1%)     
[2026-04-03T06:29:41.107+0600][45.420s][info][gc,phases   ] GC(39) y: Young Generation 2298M(59%)->1780M(45%) 0.594s
[2026-04-03T06:29:41.107+0600][45.420s][info][gc          ] GC(39) Minor Collection (Allocation Rate) 2298M(59%)->1784M(45%) 0.595s
[2026-04-03T06:29:41.337+0600][45.650s][info][gc          ] GC(40) Minor Collection (Allocation Rate)
[2026-04-03T06:29:41.337+0600][45.650s][info][gc,task     ] GC(40) Using 2 Workers for Young Generation
[2026-04-03T06:29:41.337+0600][45.650s][info][gc,phases   ] GC(40) y: Young Generation
[2026-04-03T06:29:41.337+0600][45.651s][info][gc,phases   ] GC(40) y: Pause Mark Start 0.029ms
[2026-04-03T06:29:41.599+0600][45.913s][info][gc,phases   ] GC(32) O: Concurrent Mark 5433.320ms
[2026-04-03T06:29:41.600+0600][45.913s][info][gc,phases   ] GC(32) O: Pause Mark End 0.036ms
[2026-04-03T06:29:41.601+0600][45.914s][info][gc,phases   ] GC(32) O: Concurrent Mark Free 0.003ms
[2026-04-03T06:29:41.637+0600][45.951s][info][gc,phases   ] GC(32) O: Concurrent Process Non-Strong 35.917ms
[2026-04-03T06:29:41.637+0600][45.951s][info][gc,phases   ] GC(32) O: Concurrent Reset Relocation Set 0.025ms
[2026-04-03T06:29:41.694+0600][46.007s][info][gc,phases   ] GC(32) O: Concurrent Select Relocation Set 56.389ms
[2026-04-03T06:29:41.778+0600][46.091s][info][gc,phases   ] GC(40) y: Concurrent Mark 440.246ms
[2026-04-03T06:29:41.778+0600][46.092s][info][gc,phases   ] GC(40) y: Pause Mark End 0.039ms
[2026-04-03T06:29:41.779+0600][46.092s][info][gc,phases   ] GC(40) y: Concurrent Mark Free 0.002ms
[2026-04-03T06:29:41.779+0600][46.093s][info][gc,phases   ] GC(40) y: Concurrent Reset Relocation Set 0.148ms
[2026-04-03T06:29:41.782+0600][46.095s][info][gc,reloc    ] GC(40) y: Using tenuring threshold: 3 (Computed)
[2026-04-03T06:29:41.797+0600][46.111s][info][gc,phases   ] GC(40) y: Concurrent Select Relocation Set 18.129ms
[2026-04-03T06:29:41.798+0600][46.111s][info][gc,phases   ] GC(40) y: Pause Relocate Start 0.041ms
[2026-04-03T06:29:41.942+0600][46.256s][info][gc,phases   ] GC(40) y: Concurrent Relocate 143.964ms
[2026-04-03T06:29:41.942+0600][46.256s][info][gc,alloc    ] GC(40) y:                         Mark Start        Mark End      Relocate Start    Relocate End   
[2026-04-03T06:29:41.942+0600][46.256s][info][gc,alloc    ] GC(40) y: Allocation Stalls:          0                0                0                0         
[2026-04-03T06:29:41.943+0600][46.256s][info][gc,load     ] GC(40) y: Load: 8.85 (74%) / 5.50 (46%) / 3.92 (33%)
[2026-04-03T06:29:41.943+0600][46.256s][info][gc,mmu      ] GC(40) y: MMU: 2ms/94.1%, 5ms/97.6%, 10ms/98.8%, 20ms/99.4%, 50ms/99.7%, 100ms/99.8%
[2026-04-03T06:29:41.943+0600][46.256s][info][gc,marking  ] GC(40) y: Mark: 2 stripe(s), 2 proactive flush(es), 1 terminate flush(es), 0 completion(s), 0 continuation(s) 
[2026-04-03T06:29:41.943+0600][46.256s][info][gc,marking  ] GC(40) y: Mark Stack Usage: 32M
[2026-04-03T06:29:41.943+0600][46.256s][info][gc,nmethod  ] GC(40) y: NMethods: 2594 registered, 742 unregistered
[2026-04-03T06:29:41.943+0600][46.256s][info][gc,metaspace] GC(40) y: Metaspace: 9M used, 10M committed, 1088M reserved
[2026-04-03T06:29:41.943+0600][46.256s][info][gc,reloc    ] GC(40) y:                        Candidates     Selected     In-Place         Size        Empty    Relocated 
[2026-04-03T06:29:41.943+0600][46.256s][info][gc,reloc    ] GC(40) y: Small Pages:                  628          593            0        1256M           0M          28M 
[2026-04-03T06:29:41.943+0600][46.256s][info][gc,reloc    ] GC(40) y: Medium Pages:                   0            0            0           0M           0M           0M 
[2026-04-03T06:29:41.943+0600][46.256s][info][gc,reloc    ] GC(40) y: Large Pages:                    0            0            0           0M           0M           0M 
[2026-04-03T06:29:41.943+0600][46.256s][info][gc,reloc    ] GC(40) y: Forwarding Usage: 12M
[2026-04-03T06:29:41.943+0600][46.256s][info][gc,reloc    ] GC(40) y: Age Table:
[2026-04-03T06:29:41.943+0600][46.256s][info][gc,reloc    ] GC(40) y:                    Live             Garbage             Small              Medium             Large        
[2026-04-03T06:29:41.943+0600][46.256s][info][gc,reloc    ] GC(40) y: Eden              22M (1%)         1115M (28%)        569 / 557            0 / 0              0 / 0        
[2026-04-03T06:29:41.943+0600][46.256s][info][gc,reloc    ] GC(40) y: Survivor 1        14M (0%)           31M (1%)          23 / 13             0 / 0              0 / 0        
[2026-04-03T06:29:41.943+0600][46.256s][info][gc,reloc    ] GC(40) y: Survivor 2        11M (0%)           28M (1%)          20 / 14             0 / 0              0 / 0        
[2026-04-03T06:29:41.943+0600][46.256s][info][gc,reloc    ] GC(40) y: Survivor 3         8M (0%)           23M (1%)          16 / 9              0 / 0              0 / 0        
[2026-04-03T06:29:41.943+0600][46.256s][info][gc,heap     ] GC(40) y: Min Capacity: 8M(0%)
[2026-04-03T06:29:41.943+0600][46.256s][info][gc,heap     ] GC(40) y: Max Capacity: 3922M(100%)
[2026-04-03T06:29:41.943+0600][46.256s][info][gc,heap     ] GC(40) y: Soft Max Capacity: 3529M(90%)
[2026-04-03T06:29:41.943+0600][46.256s][info][gc,heap     ] GC(40) y: Heap Statistics:
[2026-04-03T06:29:41.943+0600][46.256s][info][gc,heap     ] GC(40) y:                Mark Start          Mark End        Relocate Start      Relocate End           High               Low         
[2026-04-03T06:29:41.943+0600][46.256s][info][gc,heap     ] GC(40) y:  Capacity:     2970M (76%)        2970M (76%)        2970M (76%)        2970M (76%)        2970M (76%)        2970M (76%)    
[2026-04-03T06:29:41.943+0600][46.256s][info][gc,heap     ] GC(40) y:      Free:     1766M (45%)        1230M (31%)        1206M (31%)        2152M (55%)        2232M (57%)        1156M (29%)    
[2026-04-03T06:29:41.943+0600][46.256s][info][gc,heap     ] GC(40) y:      Used:     2156M (55%)        2692M (69%)        2716M (69%)        1770M (45%)        2766M (71%)        1690M (43%)    
[2026-04-03T06:29:41.943+0600][46.256s][info][gc,heap     ] GC(40) y: Young Generation Statistics:
[2026-04-03T06:29:41.943+0600][46.256s][info][gc,heap     ] GC(40) y:                Mark Start          Mark End        Relocate Start      Relocate End    
[2026-04-03T06:29:41.943+0600][46.256s][info][gc,heap     ] GC(40) y:      Used:     1256M (32%)        1792M (46%)        1808M (46%)         858M (22%)    
[2026-04-03T06:29:41.943+0600][46.256s][info][gc,heap     ] GC(40) y:      Live:         -                56M (1%)           50M (1%)           48M (1%)     
[2026-04-03T06:29:41.943+0600][46.256s][info][gc,heap     ] GC(40) y:   Garbage:         -              1199M (31%)        1197M (31%)           6M (0%)     
[2026-04-03T06:29:41.943+0600][46.256s][info][gc,heap     ] GC(40) y: Allocated:         -               536M (14%)         560M (14%)         803M (20%)    
[2026-04-03T06:29:41.943+0600][46.256s][info][gc,heap     ] GC(40) y: Reclaimed:         -                  -                 2M (0%)         1193M (30%)    
[2026-04-03T06:29:41.943+0600][46.256s][info][gc,heap     ] GC(40) y:  Promoted:         -                  -                 5M (0%)            8M (0%)     
[2026-04-03T06:29:41.943+0600][46.256s][info][gc,heap     ] GC(40) y: Compacted:         -                  -                  -                34M (1%)     
[2026-04-03T06:29:41.943+0600][46.256s][info][gc,phases   ] GC(40) y: Young Generation 2156M(55%)->1770M(45%) 0.606s
[2026-04-03T06:29:41.943+0600][46.256s][info][gc          ] GC(40) Minor Collection (Allocation Rate) 2152M(55%)->1772M(45%) 0.607s
[2026-04-03T06:29:41.943+0600][46.257s][info][gc,task     ] GC(32) O: Using 3 Workers for Old Generation
[2026-04-03T06:29:41.978+0600][46.291s][info][gc,task     ] GC(32) O: Using 1 Workers for Old Generation
[2026-04-03T06:29:41.978+0600][46.291s][info][gc,phases   ] GC(32) O: Concurrent Remap Roots 34.435ms
[2026-04-03T06:29:41.980+0600][46.293s][info][gc,phases   ] GC(32) O: Pause Relocate Start 0.039ms
[2026-04-03T06:29:42.356+0600][46.669s][info][gc          ] GC(41) Minor Collection (Allocation Rate)
[2026-04-03T06:29:42.356+0600][46.669s][info][gc,task     ] GC(41) Using 2 Workers for Young Generation
[2026-04-03T06:29:42.356+0600][46.669s][info][gc,phases   ] GC(41) y: Young Generation
[2026-04-03T06:29:42.361+0600][46.675s][info][gc,phases   ] GC(41) y: Pause Mark Start 0.033ms
[2026-04-03T06:29:42.656+0600][46.969s][info][gc,phases   ] GC(32) O: Concurrent Relocate 675.567ms
[2026-04-03T06:29:42.818+0600][47.131s][info][gc,phases   ] GC(41) y: Concurrent Mark 456.107ms
[2026-04-03T06:29:42.818+0600][47.131s][info][gc,phases   ] GC(41) y: Pause Mark End 0.031ms
[2026-04-03T06:29:42.818+0600][47.132s][info][gc,phases   ] GC(41) y: Concurrent Mark Free 0.001ms
[2026-04-03T06:29:42.818+0600][47.132s][info][gc,phases   ] GC(41) y: Concurrent Reset Relocation Set 0.108ms
[2026-04-03T06:29:42.822+0600][47.136s][info][gc,reloc    ] GC(41) y: Using tenuring threshold: 3 (Computed)
[2026-04-03T06:29:42.842+0600][47.155s][info][gc,phases   ] GC(41) y: Concurrent Select Relocation Set 23.588ms
[2026-04-03T06:29:42.843+0600][47.156s][info][gc,phases   ] GC(41) y: Pause Relocate Start 0.037ms
[2026-04-03T06:29:42.969+0600][47.282s][info][gc,phases   ] GC(41) y: Concurrent Relocate 126.350ms
[2026-04-03T06:29:42.969+0600][47.283s][info][gc,alloc    ] GC(41) y:                         Mark Start        Mark End      Relocate Start    Relocate End   
[2026-04-03T06:29:42.969+0600][47.283s][info][gc,alloc    ] GC(41) y: Allocation Stalls:          0                0                0                0         
[2026-04-03T06:29:42.969+0600][47.283s][info][gc,load     ] GC(41) y: Load: 8.85 (74%) / 5.50 (46%) / 3.92 (33%)
[2026-04-03T06:29:42.969+0600][47.283s][info][gc,mmu      ] GC(41) y: MMU: 2ms/94.1%, 5ms/97.6%, 10ms/98.8%, 20ms/99.4%, 50ms/99.7%, 100ms/99.8%
[2026-04-03T06:29:42.969+0600][47.283s][info][gc,marking  ] GC(41) y: Mark: 2 stripe(s), 2 proactive flush(es), 1 terminate flush(es), 0 completion(s), 0 continuation(s) 
[2026-04-03T06:29:42.969+0600][47.283s][info][gc,marking  ] GC(41) y: Mark Stack Usage: 32M
[2026-04-03T06:29:42.969+0600][47.283s][info][gc,nmethod  ] GC(41) y: NMethods: 2596 registered, 742 unregistered
[2026-04-03T06:29:42.969+0600][47.283s][info][gc,metaspace] GC(41) y: Metaspace: 9M used, 10M committed, 1088M reserved
[2026-04-03T06:29:42.969+0600][47.283s][info][gc,reloc    ] GC(41) y:                        Candidates     Selected     In-Place         Size        Empty    Relocated 
[2026-04-03T06:29:42.969+0600][47.283s][info][gc,reloc    ] GC(41) y: Small Pages:                  704          669            0        1408M           0M          33M 
[2026-04-03T06:29:42.969+0600][47.283s][info][gc,reloc    ] GC(41) y: Medium Pages:                   0            0            0           0M           0M           0M 
[2026-04-03T06:29:42.969+0600][47.283s][info][gc,reloc    ] GC(41) y: Large Pages:                    0            0            0           0M           0M           0M 
[2026-04-03T06:29:42.969+0600][47.283s][info][gc,reloc    ] GC(41) y: Forwarding Usage: 15M
[2026-04-03T06:29:42.970+0600][47.283s][info][gc,reloc    ] GC(41) y: Age Table:
[2026-04-03T06:29:42.970+0600][47.283s][info][gc,reloc    ] GC(41) y:                    Live             Garbage             Small              Medium             Large        
[2026-04-03T06:29:42.970+0600][47.283s][info][gc,reloc    ] GC(41) y: Eden              24M (1%)         1257M (32%)        641 / 627            0 / 0              0 / 0        
[2026-04-03T06:29:42.970+0600][47.283s][info][gc,reloc    ] GC(41) y: Survivor 1        12M (0%)           33M (1%)          23 / 15             0 / 0              0 / 0        
[2026-04-03T06:29:42.970+0600][47.283s][info][gc,reloc    ] GC(41) y: Survivor 2        11M (0%)           32M (1%)          22 / 15             0 / 0              0 / 0        
[2026-04-03T06:29:42.970+0600][47.283s][info][gc,reloc    ] GC(41) y: Survivor 3        10M (0%)           25M (1%)          18 / 12             0 / 0              0 / 0        
[2026-04-03T06:29:42.970+0600][47.283s][info][gc,heap     ] GC(41) y: Min Capacity: 8M(0%)
[2026-04-03T06:29:42.970+0600][47.283s][info][gc,heap     ] GC(41) y: Max Capacity: 3922M(100%)
[2026-04-03T06:29:42.970+0600][47.283s][info][gc,heap     ] GC(41) y: Soft Max Capacity: 3529M(90%)
[2026-04-03T06:29:42.970+0600][47.283s][info][gc,heap     ] GC(41) y: Heap Statistics:
[2026-04-03T06:29:42.970+0600][47.283s][info][gc,heap     ] GC(41) y:                Mark Start          Mark End        Relocate Start      Relocate End           High               Low         
[2026-04-03T06:29:42.970+0600][47.283s][info][gc,heap     ] GC(41) y:  Capacity:     2970M (76%)        2970M (76%)        2970M (76%)        2970M (76%)        2970M (76%)        2970M (76%)    
[2026-04-03T06:29:42.970+0600][47.283s][info][gc,heap     ] GC(41) y:      Free:     1694M (43%)        1116M (28%)        1082M (28%)        2204M (56%)        2276M (58%)        1056M (27%)    
[2026-04-03T06:29:42.970+0600][47.283s][info][gc,heap     ] GC(41) y:      Used:     2228M (57%)        2806M (72%)        2840M (72%)        1718M (44%)        2866M (73%)        1646M (42%)    
[2026-04-03T06:29:42.970+0600][47.283s][info][gc,heap     ] GC(41) y: Young Generation Statistics:
[2026-04-03T06:29:42.970+0600][47.283s][info][gc,heap     ] GC(41) y:                Mark Start          Mark End        Relocate Start      Relocate End    
[2026-04-03T06:29:42.970+0600][47.283s][info][gc,heap     ] GC(41) y:      Used:     1408M (36%)        2008M (51%)        2032M (52%)         906M (23%)    
[2026-04-03T06:29:42.970+0600][47.283s][info][gc,heap     ] GC(41) y:      Live:         -                58M (1%)           50M (1%)           48M (1%)     
[2026-04-03T06:29:42.970+0600][47.283s][info][gc,heap     ] GC(41) y:   Garbage:         -              1349M (34%)        1347M (34%)           2M (0%)     
[2026-04-03T06:29:42.970+0600][47.283s][info][gc,heap     ] GC(41) y: Allocated:         -               600M (15%)         634M (16%)         855M (22%)    
[2026-04-03T06:29:42.970+0600][47.283s][info][gc,heap     ] GC(41) y: Reclaimed:         -                  -                 2M (0%)         1346M (34%)    
[2026-04-03T06:29:42.970+0600][47.283s][info][gc,heap     ] GC(41) y:  Promoted:         -                  -                 7M (0%)           10M (0%)     
[2026-04-03T06:29:42.970+0600][47.283s][info][gc,heap     ] GC(41) y: Compacted:         -                  -                  -                42M (1%)     
[2026-04-03T06:29:42.970+0600][47.283s][info][gc,phases   ] GC(41) y: Young Generation 2222M(57%)->1718M(44%) 0.613s
[2026-04-03T06:29:42.970+0600][47.283s][info][gc          ] GC(41) Minor Collection (Allocation Rate) 2222M(57%)->1722M(44%) 0.614s
[2026-04-03T06:29:42.971+0600][47.284s][info][gc,alloc    ] GC(32) O:                         Mark Start        Mark End      Relocate Start    Relocate End   
[2026-04-03T06:29:42.971+0600][47.284s][info][gc,alloc    ] GC(32) O: Allocation Stalls:          0                0                0                0         
[2026-04-03T06:29:42.971+0600][47.284s][info][gc,load     ] GC(32) O: Load: 8.85 (74%) / 5.50 (46%) / 3.92 (33%)
[2026-04-03T06:29:42.971+0600][47.284s][info][gc,mmu      ] GC(32) O: MMU: 2ms/94.1%, 5ms/97.6%, 10ms/98.8%, 20ms/99.4%, 50ms/99.7%, 100ms/99.8%
[2026-04-03T06:29:42.971+0600][47.284s][info][gc,marking  ] GC(32) O: Mark: 1 stripe(s), 2 proactive flush(es), 1 terminate flush(es), 0 completion(s), 0 continuation(s) 
[2026-04-03T06:29:42.971+0600][47.284s][info][gc,marking  ] GC(32) O: Mark Stack Usage: 32M
[2026-04-03T06:29:42.971+0600][47.284s][info][gc,nmethod  ] GC(32) O: NMethods: 2596 registered, 742 unregistered
[2026-04-03T06:29:42.971+0600][47.284s][info][gc,metaspace] GC(32) O: Metaspace: 9M used, 10M committed, 1088M reserved
[2026-04-03T06:29:42.971+0600][47.284s][info][gc,ref      ] GC(32) O:                       Encountered   Discovered     Enqueued 
[2026-04-03T06:29:42.971+0600][47.284s][info][gc,ref      ] GC(32) O: Soft References:              222            0            0 
[2026-04-03T06:29:42.971+0600][47.284s][info][gc,ref      ] GC(32) O: Weak References:              468          332            1 
[2026-04-03T06:29:42.971+0600][47.284s][info][gc,ref      ] GC(32) O: Final References:               3            1            0 
[2026-04-03T06:29:42.971+0600][47.284s][info][gc,ref      ] GC(32) O: Phantom References:            58           32            2 
[2026-04-03T06:29:42.971+0600][47.284s][info][gc,reloc    ] GC(32) O:                        Candidates     Selected     In-Place         Size        Empty    Relocated 
[2026-04-03T06:29:42.971+0600][47.284s][info][gc,reloc    ] GC(32) O: Small Pages:                  373           44            0         746M           0M          28M 
[2026-04-03T06:29:42.971+0600][47.284s][info][gc,reloc    ] GC(32) O: Medium Pages:                   1            0            0          32M           0M           0M 
[2026-04-03T06:29:42.971+0600][47.284s][info][gc,reloc    ] GC(32) O: Large Pages:                    1            0            0           6M           0M           0M 
[2026-04-03T06:29:42.971+0600][47.284s][info][gc,reloc    ] GC(32) O: Forwarding Usage: 49M
[2026-04-03T06:29:42.971+0600][47.284s][info][gc,heap     ] GC(32) O: Min Capacity: 8M(0%)
[2026-04-03T06:29:42.971+0600][47.284s][info][gc,heap     ] GC(32) O: Max Capacity: 3922M(100%)
[2026-04-03T06:29:42.971+0600][47.284s][info][gc,heap     ] GC(32) O: Soft Max Capacity: 3529M(90%)
[2026-04-03T06:29:42.971+0600][47.284s][info][gc,heap     ] GC(32) O: Heap Statistics:
[2026-04-03T06:29:42.971+0600][47.284s][info][gc,heap     ] GC(32) O:                Mark Start          Mark End        Relocate Start      Relocate End           High               Low         
[2026-04-03T06:29:42.971+0600][47.284s][info][gc,heap     ] GC(32) O:  Capacity:     2892M (74%)        2970M (76%)        2970M (76%)        2970M (76%)        2970M (76%)        2892M (74%)    
[2026-04-03T06:29:42.971+0600][47.284s][info][gc,heap     ] GC(32) O:      Free:     2338M (60%)        1434M (37%)        2104M (54%)        1330M (34%)        2560M (65%)         952M (24%)    
[2026-04-03T06:29:42.971+0600][47.284s][info][gc,heap     ] GC(32) O:      Used:     1584M (40%)        2488M (63%)        1818M (46%)        2592M (66%)        2970M (76%)        1362M (35%)    
[2026-04-03T06:29:42.971+0600][47.284s][info][gc,heap     ] GC(32) O: Old Generation Statistics:
[2026-04-03T06:29:42.971+0600][47.285s][info][gc,heap     ] GC(32) O:                Mark Start          Mark End        Relocate Start      Relocate End    
[2026-04-03T06:29:42.971+0600][47.285s][info][gc,heap     ] GC(32) O:      Used:      784M (20%)         900M (23%)         912M (23%)         798M (20%)    
[2026-04-03T06:29:42.971+0600][47.285s][info][gc,heap     ] GC(32) O:      Live:         -               626M (16%)         626M (16%)         626M (16%)    
[2026-04-03T06:29:42.971+0600][47.285s][info][gc,heap     ] GC(32) O:   Garbage:         -               157M (4%)          157M (4%)           52M (1%)     
[2026-04-03T06:29:42.971+0600][47.285s][info][gc,heap     ] GC(32) O: Allocated:         -               116M (3%)          128M (3%)          119M (3%)     
[2026-04-03T06:29:42.971+0600][47.285s][info][gc,heap     ] GC(32) O: Reclaimed:         -                  -                 0M (0%)          105M (3%)     
[2026-04-03T06:29:42.971+0600][47.285s][info][gc,heap     ] GC(32) O: Compacted:         -                  -                  -               118M (3%)     
[2026-04-03T06:29:42.971+0600][47.285s][info][gc,phases   ] GC(32) O: Old Generation 1572M(40%)->2592M(66%) 6.805s
[2026-04-03T06:29:42.971+0600][47.285s][info][gc          ] GC(32) Major Collection (Allocation Rate) 1582M(40%)->1722M(44%) 7.349s
[2026-04-03T06:29:43.414+0600][47.727s][info][gc          ] GC(42) Minor Collection (Allocation Rate)
[2026-04-03T06:29:43.414+0600][47.727s][info][gc,task     ] GC(42) Using 3 Workers for Young Generation
[2026-04-03T06:29:43.414+0600][47.728s][info][gc,phases   ] GC(42) y: Young Generation
[2026-04-03T06:29:43.415+0600][47.728s][info][gc,phases   ] GC(42) y: Pause Mark Start 0.126ms
[2026-04-03T06:29:43.720+0600][48.033s][info][gc,phases   ] GC(42) y: Concurrent Mark 304.357ms
[2026-04-03T06:29:43.720+0600][48.033s][info][gc,phases   ] GC(42) y: Pause Mark End 0.033ms
[2026-04-03T06:29:43.720+0600][48.034s][info][gc,phases   ] GC(42) y: Concurrent Mark Free 0.002ms
[2026-04-03T06:29:43.720+0600][48.034s][info][gc,phases   ] GC(42) y: Concurrent Reset Relocation Set 0.112ms
[2026-04-03T06:29:43.725+0600][48.039s][info][gc,reloc    ] GC(42) y: Using tenuring threshold: 4 (Computed)
[2026-04-03T06:29:43.729+0600][48.042s][info][gc,phases   ] GC(42) y: Concurrent Select Relocation Set 8.463ms
[2026-04-03T06:29:43.729+0600][48.043s][info][gc,phases   ] GC(42) y: Pause Relocate Start 0.069ms
[2026-04-03T06:29:43.803+0600][48.116s][info][gc,phases   ] GC(42) y: Concurrent Relocate 73.346ms
[2026-04-03T06:29:43.803+0600][48.116s][info][gc,alloc    ] GC(42) y:                         Mark Start        Mark End      Relocate Start    Relocate End   
[2026-04-03T06:29:43.803+0600][48.116s][info][gc,alloc    ] GC(42) y: Allocation Stalls:          0                0                0                0         
[2026-04-03T06:29:43.803+0600][48.116s][info][gc,load     ] GC(42) y: Load: 8.85 (74%) / 5.50 (46%) / 3.92 (33%)
[2026-04-03T06:29:43.803+0600][48.117s][info][gc,mmu      ] GC(42) y: MMU: 2ms/93.7%, 5ms/97.5%, 10ms/98.7%, 20ms/99.4%, 50ms/99.7%, 100ms/99.8%
[2026-04-03T06:29:43.803+0600][48.117s][info][gc,marking  ] GC(42) y: Mark: 2 stripe(s), 2 proactive flush(es), 1 terminate flush(es), 0 completion(s), 0 continuation(s) 
[2026-04-03T06:29:43.803+0600][48.117s][info][gc,marking  ] GC(42) y: Mark Stack Usage: 32M
[2026-04-03T06:29:43.803+0600][48.117s][info][gc,nmethod  ] GC(42) y: NMethods: 2598 registered, 742 unregistered
[2026-04-03T06:29:43.803+0600][48.117s][info][gc,metaspace] GC(42) y: Metaspace: 9M used, 10M committed, 1088M reserved
[2026-04-03T06:29:43.803+0600][48.117s][info][gc,reloc    ] GC(42) y:                        Candidates     Selected     In-Place         Size        Empty    Relocated 
[2026-04-03T06:29:43.803+0600][48.117s][info][gc,reloc    ] GC(42) y: Small Pages:                  781          745            0        1562M           0M          33M 
[2026-04-03T06:29:43.803+0600][48.117s][info][gc,reloc    ] GC(42) y: Medium Pages:                   0            0            0           0M           0M           0M 
[2026-04-03T06:29:43.803+0600][48.117s][info][gc,reloc    ] GC(42) y: Large Pages:                    0            0            0           0M           0M           0M 
[2026-04-03T06:29:43.803+0600][48.117s][info][gc,reloc    ] GC(42) y: Forwarding Usage: 14M
[2026-04-03T06:29:43.803+0600][48.117s][info][gc,reloc    ] GC(42) y: Age Table:
[2026-04-03T06:29:43.803+0600][48.117s][info][gc,reloc    ] GC(42) y:                    Live             Garbage             Small              Medium             Large        
[2026-04-03T06:29:43.803+0600][48.117s][info][gc,reloc    ] GC(42) y: Eden              26M (1%)         1413M (36%)        720 / 706            0 / 0              0 / 0        
[2026-04-03T06:29:43.803+0600][48.117s][info][gc,reloc    ] GC(42) y: Survivor 1        13M (0%)           34M (1%)          24 / 14             0 / 0              0 / 0        
[2026-04-03T06:29:43.803+0600][48.117s][info][gc,reloc    ] GC(42) y: Survivor 2         9M (0%)           28M (1%)          19 / 13             0 / 0              0 / 0        
[2026-04-03T06:29:43.803+0600][48.117s][info][gc,reloc    ] GC(42) y: Survivor 3         9M (0%)           26M (1%)          18 / 12             0 / 0              0 / 0        
[2026-04-03T06:29:43.803+0600][48.117s][info][gc,heap     ] GC(42) y: Min Capacity: 8M(0%)
[2026-04-03T06:29:43.803+0600][48.117s][info][gc,heap     ] GC(42) y: Max Capacity: 3922M(100%)
[2026-04-03T06:29:43.803+0600][48.117s][info][gc,heap     ] GC(42) y: Soft Max Capacity: 3529M(90%)
[2026-04-03T06:29:43.803+0600][48.117s][info][gc,heap     ] GC(42) y: Heap Statistics:
[2026-04-03T06:29:43.804+0600][48.117s][info][gc,heap     ] GC(42) y:                Mark Start          Mark End        Relocate Start      Relocate End           High               Low         
[2026-04-03T06:29:43.804+0600][48.117s][info][gc,heap     ] GC(42) y:  Capacity:     2970M (76%)        2970M (76%)        2970M (76%)        2970M (76%)        2970M (76%)        2970M (76%)    
[2026-04-03T06:29:43.804+0600][48.117s][info][gc,heap     ] GC(42) y:      Free:     1548M (39%)        1220M (31%)        1212M (31%)        2564M (65%)        2572M (66%)        1184M (30%)    
[2026-04-03T06:29:43.804+0600][48.117s][info][gc,heap     ] GC(42) y:      Used:     2374M (61%)        2702M (69%)        2710M (69%)        1358M (35%)        2738M (70%)        1350M (34%)    
[2026-04-03T06:29:43.804+0600][48.117s][info][gc,heap     ] GC(42) y: Young Generation Statistics:
[2026-04-03T06:29:43.804+0600][48.117s][info][gc,heap     ] GC(42) y:                Mark Start          Mark End        Relocate Start      Relocate End    
[2026-04-03T06:29:43.804+0600][48.117s][info][gc,heap     ] GC(42) y:      Used:     1562M (40%)        1890M (48%)        1898M (48%)         546M (14%)    
[2026-04-03T06:29:43.804+0600][48.117s][info][gc,heap     ] GC(42) y:      Live:         -                59M (2%)           59M (2%)           59M (2%)     
[2026-04-03T06:29:43.804+0600][48.117s][info][gc,heap     ] GC(42) y:   Garbage:         -              1502M (38%)        1502M (38%)           3M (0%)     
[2026-04-03T06:29:43.804+0600][48.117s][info][gc,heap     ] GC(42) y: Allocated:         -               328M (8%)          336M (9%)          482M (12%)    
[2026-04-03T06:29:43.804+0600][48.117s][info][gc,heap     ] GC(42) y: Reclaimed:         -                  -                 0M (0%)         1498M (38%)    
[2026-04-03T06:29:43.804+0600][48.117s][info][gc,heap     ] GC(42) y:  Promoted:         -                  -                 0M (0%)            0M (0%)     
[2026-04-03T06:29:43.804+0600][48.117s][info][gc,heap     ] GC(42) y: Compacted:         -                  -                  -                45M (1%)     
[2026-04-03T06:29:43.804+0600][48.117s][info][gc,phases   ] GC(42) y: Young Generation 2374M(61%)->1358M(35%) 0.389s
[2026-04-03T06:29:43.804+0600][48.117s][info][gc          ] GC(42) Minor Collection (Allocation Rate) 2372M(60%)->1360M(35%) 0.390s
[2026-04-03T06:29:44.643+0600][48.957s][info][gc          ] GC(43) Minor Collection (Allocation Rate)
[2026-04-03T06:29:44.643+0600][48.957s][info][gc,task     ] GC(43) Using 2 Workers for Young Generation
[2026-04-03T06:29:44.643+0600][48.957s][info][gc,phases   ] GC(43) y: Young Generation
[2026-04-03T06:29:44.644+0600][48.957s][info][gc,phases   ] GC(43) y: Pause Mark Start 0.021ms
[2026-04-03T06:29:44.950+0600][49.263s][info][gc,phases   ] GC(43) y: Concurrent Mark 306.359ms
[2026-04-03T06:29:44.950+0600][49.264s][info][gc,phases   ] GC(43) y: Pause Mark End 0.045ms
[2026-04-03T06:29:44.951+0600][49.264s][info][gc,phases   ] GC(43) y: Concurrent Mark Free 0.003ms
[2026-04-03T06:29:44.951+0600][49.264s][info][gc,phases   ] GC(43) y: Concurrent Reset Relocation Set 0.053ms
[2026-04-03T06:29:44.953+0600][49.266s][info][gc,reloc    ] GC(43) y: Using tenuring threshold: 5 (Computed)
[2026-04-03T06:29:44.955+0600][49.269s][info][gc,phases   ] GC(43) y: Concurrent Select Relocation Set 4.369ms
[2026-04-03T06:29:44.955+0600][49.269s][info][gc,phases   ] GC(43) y: Pause Relocate Start 0.024ms
[2026-04-03T06:29:45.004+0600][49.318s][info][gc,phases   ] GC(43) y: Concurrent Relocate 48.663ms
[2026-04-03T06:29:45.004+0600][49.318s][info][gc,alloc    ] GC(43) y:                         Mark Start        Mark End      Relocate Start    Relocate End   
[2026-04-03T06:29:45.004+0600][49.318s][info][gc,alloc    ] GC(43) y: Allocation Stalls:          0                0                0                0         
[2026-04-03T06:29:45.005+0600][49.318s][info][gc,load     ] GC(43) y: Load: 8.85 (74%) / 5.50 (46%) / 3.92 (33%)
[2026-04-03T06:29:45.005+0600][49.318s][info][gc,mmu      ] GC(43) y: MMU: 2ms/93.7%, 5ms/97.5%, 10ms/98.7%, 20ms/99.4%, 50ms/99.7%, 100ms/99.8%
[2026-04-03T06:29:45.005+0600][49.318s][info][gc,marking  ] GC(43) y: Mark: 2 stripe(s), 3 proactive flush(es), 1 terminate flush(es), 0 completion(s), 0 continuation(s) 
[2026-04-03T06:29:45.005+0600][49.318s][info][gc,marking  ] GC(43) y: Mark Stack Usage: 32M
[2026-04-03T06:29:45.005+0600][49.318s][info][gc,nmethod  ] GC(43) y: NMethods: 2693 registered, 742 unregistered
[2026-04-03T06:29:45.005+0600][49.318s][info][gc,metaspace] GC(43) y: Metaspace: 10M used, 10M committed, 1088M reserved
[2026-04-03T06:29:45.005+0600][49.318s][info][gc,reloc    ] GC(43) y:                        Candidates     Selected     In-Place         Size        Empty    Relocated 
[2026-04-03T06:29:45.005+0600][49.318s][info][gc,reloc    ] GC(43) y: Small Pages:                  481          431            0         962M           0M          36M 
[2026-04-03T06:29:45.005+0600][49.318s][info][gc,reloc    ] GC(43) y: Medium Pages:                   1            0            0          32M           0M           0M 
[2026-04-03T06:29:45.005+0600][49.318s][info][gc,reloc    ] GC(43) y: Large Pages:                    0            0            0           0M           0M           0M 
[2026-04-03T06:29:45.005+0600][49.318s][info][gc,reloc    ] GC(43) y: Forwarding Usage: 16M
[2026-04-03T06:29:45.005+0600][49.318s][info][gc,reloc    ] GC(43) y: Age Table:
[2026-04-03T06:29:45.005+0600][49.318s][info][gc,reloc    ] GC(43) y:                    Live             Garbage             Small              Medium             Large        
[2026-04-03T06:29:45.005+0600][49.318s][info][gc,reloc    ] GC(43) y: Eden              35M (1%)          808M (21%)        406 / 386            1 / 0              0 / 0        
[2026-04-03T06:29:45.005+0600][49.318s][info][gc,reloc    ] GC(43) y: Survivor 1        18M (0%)           27M (1%)          23 / 12             0 / 0              0 / 0        
[2026-04-03T06:29:45.005+0600][49.318s][info][gc,reloc    ] GC(43) y: Survivor 2        11M (0%)           24M (1%)          18 / 10             0 / 0              0 / 0        
[2026-04-03T06:29:45.005+0600][49.318s][info][gc,reloc    ] GC(43) y: Survivor 3         9M (0%)           22M (1%)          16 / 10             0 / 0              0 / 0        
[2026-04-03T06:29:45.005+0600][49.318s][info][gc,reloc    ] GC(43) y: Survivor 4         9M (0%)           26M (1%)          18 / 13             0 / 0              0 / 0        
[2026-04-03T06:29:45.005+0600][49.318s][info][gc,heap     ] GC(43) y: Min Capacity: 8M(0%)
[2026-04-03T06:29:45.005+0600][49.318s][info][gc,heap     ] GC(43) y: Max Capacity: 3922M(100%)
[2026-04-03T06:29:45.005+0600][49.318s][info][gc,heap     ] GC(43) y: Soft Max Capacity: 3529M(90%)
[2026-04-03T06:29:45.005+0600][49.318s][info][gc,heap     ] GC(43) y: Heap Statistics:
[2026-04-03T06:29:45.005+0600][49.318s][info][gc,heap     ] GC(43) y:                Mark Start          Mark End        Relocate Start      Relocate End           High               Low         
[2026-04-03T06:29:45.005+0600][49.318s][info][gc,heap     ] GC(43) y:  Capacity:     3002M (77%)        3002M (77%)        3002M (77%)        3002M (77%)        3002M (77%)        3002M (77%)    
[2026-04-03T06:29:45.005+0600][49.318s][info][gc,heap     ] GC(43) y:      Free:     2116M (54%)        2010M (51%)        2008M (51%)        2846M (73%)        2846M (73%)        1996M (51%)    
[2026-04-03T06:29:45.005+0600][49.318s][info][gc,heap     ] GC(43) y:      Used:     1806M (46%)        1912M (49%)        1914M (49%)        1076M (27%)        1926M (49%)        1076M (27%)    
[2026-04-03T06:29:45.005+0600][49.318s][info][gc,heap     ] GC(43) y: Young Generation Statistics:
[2026-04-03T06:29:45.005+0600][49.318s][info][gc,heap     ] GC(43) y:                Mark Start          Mark End        Relocate Start      Relocate End    
[2026-04-03T06:29:45.005+0600][49.318s][info][gc,heap     ] GC(43) y:      Used:      994M (25%)        1100M (28%)        1102M (28%)         264M (7%)     
[2026-04-03T06:29:45.005+0600][49.318s][info][gc,heap     ] GC(43) y:      Live:         -                83M (2%)           83M (2%)           83M (2%)     
[2026-04-03T06:29:45.005+0600][49.318s][info][gc,heap     ] GC(43) y:   Garbage:         -               910M (23%)         910M (23%)          41M (1%)     
[2026-04-03T06:29:45.005+0600][49.318s][info][gc,heap     ] GC(43) y: Allocated:         -               106M (3%)          108M (3%)          138M (4%)     
[2026-04-03T06:29:45.005+0600][49.318s][info][gc,heap     ] GC(43) y: Reclaimed:         -                  -                 0M (0%)          868M (22%)    
[2026-04-03T06:29:45.005+0600][49.318s][info][gc,heap     ] GC(43) y:  Promoted:         -                  -                 0M (0%)            0M (0%)     
[2026-04-03T06:29:45.005+0600][49.318s][info][gc,heap     ] GC(43) y: Compacted:         -                  -                  -                43M (1%)     
[2026-04-03T06:29:45.005+0600][49.318s][info][gc,phases   ] GC(43) y: Young Generation 1806M(46%)->1076M(27%) 0.361s
[2026-04-03T06:29:45.005+0600][49.318s][info][gc          ] GC(43) Minor Collection (Allocation Rate) 1806M(46%)->1076M(27%) 0.362s
[2026-04-03T06:29:45.216+0600][49.529s][info][gc          ] GC(44) Minor Collection (Allocation Rate)
[2026-04-03T06:29:45.216+0600][49.529s][info][gc,task     ] GC(44) Using 2 Workers for Young Generation
[2026-04-03T06:29:45.216+0600][49.529s][info][gc,phases   ] GC(44) y: Young Generation
[2026-04-03T06:29:45.216+0600][49.530s][info][gc,phases   ] GC(44) y: Pause Mark Start 0.022ms
[2026-04-03T06:29:45.500+0600][49.813s][info][gc,phases   ] GC(44) y: Concurrent Mark 283.505ms
[2026-04-03T06:29:45.501+0600][49.814s][info][gc,phases   ] GC(44) y: Pause Mark End 0.093ms
[2026-04-03T06:29:45.501+0600][49.814s][info][gc,phases   ] GC(44) y: Concurrent Mark Free 0.003ms
[2026-04-03T06:29:45.501+0600][49.814s][info][gc,phases   ] GC(44) y: Concurrent Reset Relocation Set 0.047ms
[2026-04-03T06:29:45.503+0600][49.816s][info][gc,reloc    ] GC(44) y: Using tenuring threshold: 6 (Computed)
[2026-04-03T06:29:45.509+0600][49.822s][info][gc,phases   ] GC(44) y: Concurrent Select Relocation Set 8.037ms
[2026-04-03T06:29:45.509+0600][49.823s][info][gc,phases   ] GC(44) y: Pause Relocate Start 0.029ms
[2026-04-03T06:29:45.598+0600][49.911s][info][gc,phases   ] GC(44) y: Concurrent Relocate 88.486ms
[2026-04-03T06:29:45.598+0600][49.911s][info][gc,alloc    ] GC(44) y:                         Mark Start        Mark End      Relocate Start    Relocate End   
[2026-04-03T06:29:45.598+0600][49.911s][info][gc,alloc    ] GC(44) y: Allocation Stalls:          0                0                0                0         
[2026-04-03T06:29:45.598+0600][49.911s][info][gc,load     ] GC(44) y: Load: 8.85 (74%) / 5.50 (46%) / 3.92 (33%)
[2026-04-03T06:29:45.598+0600][49.911s][info][gc,mmu      ] GC(44) y: MMU: 2ms/93.7%, 5ms/97.5%, 10ms/98.7%, 20ms/99.4%, 50ms/99.7%, 100ms/99.8%
[2026-04-03T06:29:45.598+0600][49.912s][info][gc,marking  ] GC(44) y: Mark: 2 stripe(s), 2 proactive flush(es), 1 terminate flush(es), 0 completion(s), 0 continuation(s) 
[2026-04-03T06:29:45.598+0600][49.912s][info][gc,marking  ] GC(44) y: Mark Stack Usage: 32M
[2026-04-03T06:29:45.598+0600][49.912s][info][gc,nmethod  ] GC(44) y: NMethods: 2700 registered, 742 unregistered
[2026-04-03T06:29:45.598+0600][49.912s][info][gc,metaspace] GC(44) y: Metaspace: 10M used, 10M committed, 1088M reserved
[2026-04-03T06:29:45.598+0600][49.912s][info][gc,reloc    ] GC(44) y:                        Candidates     Selected     In-Place         Size        Empty    Relocated 
[2026-04-03T06:29:45.598+0600][49.912s][info][gc,reloc    ] GC(44) y: Small Pages:                  179          116            0         358M           4M          28M 
[2026-04-03T06:29:45.598+0600][49.912s][info][gc,reloc    ] GC(44) y: Medium Pages:                   1            0            0          32M          32M           0M 
[2026-04-03T06:29:45.598+0600][49.912s][info][gc,reloc    ] GC(44) y: Large Pages:                    0            0            0           0M           0M           0M 
[2026-04-03T06:29:45.598+0600][49.912s][info][gc,reloc    ] GC(44) y: Forwarding Usage: 21M
[2026-04-03T06:29:45.598+0600][49.912s][info][gc,reloc    ] GC(44) y: Age Table:
[2026-04-03T06:29:45.598+0600][49.912s][info][gc,reloc    ] GC(44) y:                    Live             Garbage             Small              Medium             Large        
[2026-04-03T06:29:45.598+0600][49.912s][info][gc,reloc    ] GC(44) y: Eden              27M (1%)          218M (6%)         123 / 106            0 / 0              0 / 0        
[2026-04-03T06:29:45.598+0600][49.912s][info][gc,reloc    ] GC(44) y: Survivor 1        27M (1%)           42M (1%)          19 / 3              1 / 0              0 / 0        
[2026-04-03T06:29:45.598+0600][49.912s][info][gc,reloc    ] GC(44) y: Survivor 2        18M (0%)            7M (0%)          13 / 2              0 / 0              0 / 0        
[2026-04-03T06:29:45.598+0600][49.912s][info][gc,reloc    ] GC(44) y: Survivor 3        11M (0%)            6M (0%)           9 / 2              0 / 0              0 / 0        
[2026-04-03T06:29:45.598+0600][49.912s][info][gc,reloc    ] GC(44) y: Survivor 4         9M (0%)            6M (0%)           8 / 2              0 / 0              0 / 0        
[2026-04-03T06:29:45.598+0600][49.912s][info][gc,reloc    ] GC(44) y: Survivor 5         9M (0%)            4M (0%)           7 / 1              0 / 0              0 / 0        
[2026-04-03T06:29:45.598+0600][49.912s][info][gc,heap     ] GC(44) y: Min Capacity: 8M(0%)
[2026-04-03T06:29:45.598+0600][49.912s][info][gc,heap     ] GC(44) y: Max Capacity: 3922M(100%)
[2026-04-03T06:29:45.598+0600][49.912s][info][gc,heap     ] GC(44) y: Soft Max Capacity: 3529M(90%)
[2026-04-03T06:29:45.598+0600][49.912s][info][gc,heap     ] GC(44) y: Heap Statistics:
[2026-04-03T06:29:45.599+0600][49.912s][info][gc,heap     ] GC(44) y:                Mark Start          Mark End        Relocate Start      Relocate End           High               Low         
[2026-04-03T06:29:45.599+0600][49.912s][info][gc,heap     ] GC(44) y:  Capacity:     3002M (77%)        3002M (77%)        3002M (77%)        3002M (77%)        3002M (77%)        3002M (77%)    
[2026-04-03T06:29:45.599+0600][49.912s][info][gc,heap     ] GC(44) y:      Free:     2720M (69%)        2678M (68%)        2712M (69%)        2920M (74%)        2920M (74%)        2678M (68%)    
[2026-04-03T06:29:45.599+0600][49.912s][info][gc,heap     ] GC(44) y:      Used:     1202M (31%)        1244M (32%)        1210M (31%)        1002M (26%)        1244M (32%)        1002M (26%)    
[2026-04-03T06:29:45.599+0600][49.912s][info][gc,heap     ] GC(44) y: Young Generation Statistics:
[2026-04-03T06:29:45.599+0600][49.912s][info][gc,heap     ] GC(44) y:                Mark Start          Mark End        Relocate Start      Relocate End    
[2026-04-03T06:29:45.599+0600][49.912s][info][gc,heap     ] GC(44) y:      Used:      390M (10%)         432M (11%)         398M (10%)         190M (5%)     
[2026-04-03T06:29:45.599+0600][49.912s][info][gc,heap     ] GC(44) y:      Live:         -               103M (3%)          103M (3%)          103M (3%)     
[2026-04-03T06:29:45.599+0600][49.912s][info][gc,heap     ] GC(44) y:   Garbage:         -               286M (7%)          250M (6%)           12M (0%)     
[2026-04-03T06:29:45.599+0600][49.912s][info][gc,heap     ] GC(44) y: Allocated:         -                42M (1%)           44M (1%)           73M (2%)     
[2026-04-03T06:29:45.599+0600][49.912s][info][gc,heap     ] GC(44) y: Reclaimed:         -                  -                36M (1%)          273M (7%)     
[2026-04-03T06:29:45.599+0600][49.912s][info][gc,heap     ] GC(44) y:  Promoted:         -                  -                 0M (0%)            0M (0%)     
[2026-04-03T06:29:45.599+0600][49.912s][info][gc,heap     ] GC(44) y: Compacted:         -                  -                  -                38M (1%)     
[2026-04-03T06:29:45.599+0600][49.912s][info][gc,phases   ] GC(44) y: Young Generation 1202M(31%)->1002M(26%) 0.382s
[2026-04-03T06:29:45.599+0600][49.912s][info][gc          ] GC(44) Minor Collection (Allocation Rate) 1202M(31%)->1002M(26%) 0.383s
[2026-04-03T06:29:47.230+0600][51.543s][info][gc          ] GC(45) Minor Collection (Allocation Rate)
[2026-04-03T06:29:47.230+0600][51.543s][info][gc,task     ] GC(45) Using 2 Workers for Young Generation
[2026-04-03T06:29:47.230+0600][51.544s][info][gc,phases   ] GC(45) y: Young Generation
[2026-04-03T06:29:47.230+0600][51.544s][info][gc,phases   ] GC(45) y: Pause Mark Start 0.025ms
[2026-04-03T06:29:47.866+0600][52.179s][info][gc,phases   ] GC(45) y: Concurrent Mark 635.656ms
[2026-04-03T06:29:47.866+0600][52.180s][info][gc,phases   ] GC(45) y: Pause Mark End 0.030ms
[2026-04-03T06:29:47.867+0600][52.180s][info][gc,phases   ] GC(45) y: Concurrent Mark Free 0.001ms
[2026-04-03T06:29:47.867+0600][52.180s][info][gc,phases   ] GC(45) y: Concurrent Reset Relocation Set 0.027ms
[2026-04-03T06:29:47.870+0600][52.183s][info][gc,reloc    ] GC(45) y: Using tenuring threshold: 1 (Computed)
[2026-04-03T06:29:47.926+0600][52.239s][info][gc,phases   ] GC(45) y: Concurrent Select Relocation Set 59.369ms
[2026-04-03T06:29:47.927+0600][52.240s][info][gc,phases   ] GC(45) y: Pause Relocate Start 0.094ms
[2026-04-03T06:29:48.098+0600][52.412s][info][gc,phases   ] GC(45) y: Concurrent Relocate 171.468ms
[2026-04-03T06:29:48.098+0600][52.412s][info][gc,alloc    ] GC(45) y:                         Mark Start        Mark End      Relocate Start    Relocate End   
[2026-04-03T06:29:48.099+0600][52.412s][info][gc,alloc    ] GC(45) y: Allocation Stalls:          0                0                0                0         
[2026-04-03T06:29:48.099+0600][52.412s][info][gc,load     ] GC(45) y: Load: 8.23 (69%) / 5.42 (45%) / 3.90 (33%)
[2026-04-03T06:29:48.099+0600][52.412s][info][gc,mmu      ] GC(45) y: MMU: 2ms/93.7%, 5ms/97.5%, 10ms/98.7%, 20ms/99.4%, 50ms/99.7%, 100ms/99.8%
[2026-04-03T06:29:48.099+0600][52.412s][info][gc,marking  ] GC(45) y: Mark: 2 stripe(s), 10 proactive flush(es), 1 terminate flush(es), 0 completion(s), 0 continuation(s) 
[2026-04-03T06:29:48.099+0600][52.412s][info][gc,marking  ] GC(45) y: Mark Stack Usage: 32M
[2026-04-03T06:29:48.099+0600][52.412s][info][gc,nmethod  ] GC(45) y: NMethods: 2701 registered, 742 unregistered
[2026-04-03T06:29:48.099+0600][52.412s][info][gc,metaspace] GC(45) y: Metaspace: 10M used, 10M committed, 1088M reserved
[2026-04-03T06:29:48.099+0600][52.412s][info][gc,reloc    ] GC(45) y:                        Candidates     Selected     In-Place         Size        Empty    Relocated 
[2026-04-03T06:29:48.099+0600][52.412s][info][gc,reloc    ] GC(45) y: Small Pages:                  292          201            0         584M           0M          50M 
[2026-04-03T06:29:48.099+0600][52.412s][info][gc,reloc    ] GC(45) y: Medium Pages:                   1            0            0          32M           0M           0M 
[2026-04-03T06:29:48.099+0600][52.412s][info][gc,reloc    ] GC(45) y: Large Pages:                    0            0            0           0M           0M           0M 
[2026-04-03T06:29:48.099+0600][52.412s][info][gc,reloc    ] GC(45) y: Forwarding Usage: 29M
[2026-04-03T06:29:48.099+0600][52.412s][info][gc,reloc    ] GC(45) y: Age Table:
[2026-04-03T06:29:48.099+0600][52.412s][info][gc,reloc    ] GC(45) y:                    Live             Garbage             Small              Medium             Large        
[2026-04-03T06:29:48.099+0600][52.412s][info][gc,reloc    ] GC(45) y: Eden              57M (1%)          418M (11%)        222 / 190            1 / 0              0 / 0        
[2026-04-03T06:29:48.099+0600][52.412s][info][gc,reloc    ] GC(45) y: Survivor 1        25M (1%)            6M (0%)          16 / 1              0 / 0              0 / 0        
[2026-04-03T06:29:48.099+0600][52.412s][info][gc,reloc    ] GC(45) y: Survivor 2        27M (1%)            6M (0%)          17 / 3              0 / 0              0 / 0        
[2026-04-03T06:29:48.099+0600][52.412s][info][gc,reloc    ] GC(45) y: Survivor 3        18M (0%)            9M (0%)          14 / 2              0 / 0              0 / 0        
[2026-04-03T06:29:48.099+0600][52.412s][info][gc,reloc    ] GC(45) y: Survivor 4        11M (0%)            6M (0%)           9 / 3              0 / 0              0 / 0        
[2026-04-03T06:29:48.099+0600][52.412s][info][gc,reloc    ] GC(45) y: Survivor 5         9M (0%)            4M (0%)           7 / 1              0 / 0              0 / 0        
[2026-04-03T06:29:48.099+0600][52.412s][info][gc,reloc    ] GC(45) y: Survivor 6         9M (0%)            4M (0%)           7 / 1              0 / 0              0 / 0        
[2026-04-03T06:29:48.099+0600][52.412s][info][gc,heap     ] GC(45) y: Min Capacity: 8M(0%)
[2026-04-03T06:29:48.099+0600][52.412s][info][gc,heap     ] GC(45) y: Max Capacity: 3922M(100%)
[2026-04-03T06:29:48.099+0600][52.412s][info][gc,heap     ] GC(45) y: Soft Max Capacity: 3529M(90%)
[2026-04-03T06:29:48.099+0600][52.412s][info][gc,heap     ] GC(45) y: Heap Statistics:
[2026-04-03T06:29:48.099+0600][52.412s][info][gc,heap     ] GC(45) y:                Mark Start          Mark End        Relocate Start      Relocate End           High               Low         
[2026-04-03T06:29:48.099+0600][52.412s][info][gc,heap     ] GC(45) y:  Capacity:     3002M (77%)        3002M (77%)        3002M (77%)        3002M (77%)        3002M (77%)        3002M (77%)    
[2026-04-03T06:29:48.099+0600][52.412s][info][gc,heap     ] GC(45) y:      Free:     2494M (64%)        2178M (56%)        2152M (55%)        2490M (63%)        2532M (65%)        2144M (55%)    
[2026-04-03T06:29:48.099+0600][52.412s][info][gc,heap     ] GC(45) y:      Used:     1428M (36%)        1744M (44%)        1770M (45%)        1432M (37%)        1778M (45%)        1390M (35%)    
[2026-04-03T06:29:48.099+0600][52.412s][info][gc,heap     ] GC(45) y: Young Generation Statistics:
[2026-04-03T06:29:48.099+0600][52.412s][info][gc,heap     ] GC(45) y:                Mark Start          Mark End        Relocate Start      Relocate End    
[2026-04-03T06:29:48.099+0600][52.412s][info][gc,heap     ] GC(45) y:      Used:      616M (16%)         932M (24%)         844M (22%)         502M (13%)    
[2026-04-03T06:29:48.099+0600][52.412s][info][gc,heap     ] GC(45) y:      Live:         -               159M (4%)           61M (2%)           57M (1%)     
[2026-04-03T06:29:48.099+0600][52.412s][info][gc,heap     ] GC(45) y:   Garbage:         -               456M (12%)         440M (11%)          30M (1%)     
[2026-04-03T06:29:48.099+0600][52.412s][info][gc,heap     ] GC(45) y: Allocated:         -               316M (8%)          342M (9%)          414M (11%)    
[2026-04-03T06:29:48.099+0600][52.412s][info][gc,heap     ] GC(45) y: Reclaimed:         -                  -                15M (0%)          425M (11%)    
[2026-04-03T06:29:48.099+0600][52.412s][info][gc,heap     ] GC(45) y:  Promoted:         -                  -                98M (3%)          102M (3%)     
[2026-04-03T06:29:48.099+0600][52.412s][info][gc,heap     ] GC(45) y: Compacted:         -                  -                  -                55M (1%)     
[2026-04-03T06:29:48.099+0600][52.412s][info][gc,phases   ] GC(45) y: Young Generation 1428M(36%)->1432M(37%) 0.868s
[2026-04-03T06:29:48.099+0600][52.412s][info][gc          ] GC(45) Minor Collection (Allocation Rate) 1428M(36%)->1432M(37%) 0.869s
[2026-04-03T06:29:48.099+0600][52.412s][info][gc          ] GC(46) Major Collection (Allocation Rate)
[2026-04-03T06:29:48.099+0600][52.412s][info][gc,task     ] GC(46) Using 3 Workers for Young Generation
[2026-04-03T06:29:48.099+0600][52.412s][info][gc,task     ] GC(46) Using 1 Workers for Old Generation
[2026-04-03T06:29:48.099+0600][52.412s][info][gc,phases   ] GC(46) Y: Young Generation
[2026-04-03T06:29:48.099+0600][52.413s][info][gc,phases   ] GC(46) Y: Pause Mark Start (Major) 0.093ms
[2026-04-03T06:29:48.459+0600][52.772s][info][gc,phases   ] GC(46) Y: Concurrent Mark 359.120ms
[2026-04-03T06:29:48.459+0600][52.772s][info][gc,phases   ] GC(46) Y: Pause Mark End 0.080ms
[2026-04-03T06:29:48.459+0600][52.773s][info][gc,phases   ] GC(46) Y: Concurrent Mark Free 0.003ms
[2026-04-03T06:29:48.460+0600][52.773s][info][gc,phases   ] GC(46) Y: Concurrent Reset Relocation Set 0.157ms
[2026-04-03T06:29:48.461+0600][52.775s][info][gc,reloc    ] GC(46) Y: Using tenuring threshold: 2 (Computed)
[2026-04-03T06:29:48.464+0600][52.777s][info][gc,phases   ] GC(46) Y: Concurrent Select Relocation Set 4.346ms
[2026-04-03T06:29:48.464+0600][52.777s][info][gc,phases   ] GC(46) Y: Pause Relocate Start 0.029ms
[2026-04-03T06:29:48.506+0600][52.820s][info][gc,phases   ] GC(46) Y: Concurrent Relocate 42.261ms
[2026-04-03T06:29:48.507+0600][52.820s][info][gc,alloc    ] GC(46) Y:                         Mark Start        Mark End      Relocate Start    Relocate End   
[2026-04-03T06:29:48.507+0600][52.820s][info][gc,alloc    ] GC(46) Y: Allocation Stalls:          0                0                0                0         
[2026-04-03T06:29:48.507+0600][52.820s][info][gc,load     ] GC(46) Y: Load: 8.23 (69%) / 5.42 (45%) / 3.90 (33%)
[2026-04-03T06:29:48.507+0600][52.820s][info][gc,mmu      ] GC(46) Y: MMU: 2ms/93.7%, 5ms/97.5%, 10ms/98.7%, 20ms/99.4%, 50ms/99.7%, 100ms/99.8%
[2026-04-03T06:29:48.507+0600][52.820s][info][gc,marking  ] GC(46) Y: Mark: 2 stripe(s), 10 proactive flush(es), 1 terminate flush(es), 0 completion(s), 0 continuation(s) 
[2026-04-03T06:29:48.507+0600][52.820s][info][gc,marking  ] GC(46) Y: Mark Stack Usage: 32M
[2026-04-03T06:29:48.507+0600][52.820s][info][gc,nmethod  ] GC(46) Y: NMethods: 2701 registered, 742 unregistered
[2026-04-03T06:29:48.507+0600][52.820s][info][gc,metaspace] GC(46) Y: Metaspace: 10M used, 10M committed, 1088M reserved
[2026-04-03T06:29:48.507+0600][52.820s][info][gc,reloc    ] GC(46) Y:                        Candidates     Selected     In-Place         Size        Empty    Relocated 
[2026-04-03T06:29:48.507+0600][52.820s][info][gc,reloc    ] GC(46) Y: Small Pages:                  236          183            0         472M           0M          39M 
[2026-04-03T06:29:48.507+0600][52.820s][info][gc,reloc    ] GC(46) Y: Medium Pages:                   1            0            0          32M           0M           0M 
[2026-04-03T06:29:48.507+0600][52.820s][info][gc,reloc    ] GC(46) Y: Large Pages:                    0            0            0           0M           0M           0M 
[2026-04-03T06:29:48.507+0600][52.820s][info][gc,reloc    ] GC(46) Y: Forwarding Usage: 26M
[2026-04-03T06:29:48.507+0600][52.820s][info][gc,reloc    ] GC(46) Y: Age Table:
[2026-04-03T06:29:48.507+0600][52.820s][info][gc,reloc    ] GC(46) Y:                    Live             Garbage             Small              Medium             Large        
[2026-04-03T06:29:48.507+0600][52.820s][info][gc,reloc    ] GC(46) Y: Eden              43M (1%)          366M (9%)         205 / 181            0 / 0              0 / 0        
[2026-04-03T06:29:48.507+0600][52.820s][info][gc,reloc    ] GC(46) Y: Survivor 1        55M (1%)           38M (1%)          31 / 2              1 / 0              0 / 0        
[2026-04-03T06:29:48.507+0600][52.820s][info][gc,heap     ] GC(46) Y: Min Capacity: 8M(0%)
[2026-04-03T06:29:48.507+0600][52.820s][info][gc,heap     ] GC(46) Y: Max Capacity: 3922M(100%)
[2026-04-03T06:29:48.507+0600][52.820s][info][gc,heap     ] GC(46) Y: Soft Max Capacity: 3529M(90%)
[2026-04-03T06:29:48.507+0600][52.820s][info][gc,heap     ] GC(46) Y: Heap Statistics:
[2026-04-03T06:29:48.507+0600][52.820s][info][gc,heap     ] GC(46) Y:                Mark Start          Mark End        Relocate Start      Relocate End           High               Low         
[2026-04-03T06:29:48.507+0600][52.820s][info][gc,heap     ] GC(46) Y:  Capacity:     3002M (77%)        3002M (77%)        3002M (77%)        3002M (77%)        3002M (77%)        3002M (77%)    
[2026-04-03T06:29:48.507+0600][52.820s][info][gc,heap     ] GC(46) Y:      Free:     2488M (63%)        2364M (60%)        2362M (60%)        2710M (69%)        2710M (69%)        2354M (60%)    
[2026-04-03T06:29:48.507+0600][52.820s][info][gc,heap     ] GC(46) Y:      Used:     1434M (37%)        1558M (40%)        1560M (40%)        1212M (31%)        1568M (40%)        1212M (31%)    
[2026-04-03T06:29:48.507+0600][52.820s][info][gc,heap     ] GC(46) Y: Young Generation Statistics:
[2026-04-03T06:29:48.507+0600][52.820s][info][gc,heap     ] GC(46) Y:                Mark Start          Mark End        Relocate Start      Relocate End    
[2026-04-03T06:29:48.507+0600][52.820s][info][gc,heap     ] GC(46) Y:      Used:      504M (13%)         628M (16%)         630M (16%)         282M (7%)     
[2026-04-03T06:29:48.507+0600][52.820s][info][gc,heap     ] GC(46) Y:      Live:         -                98M (3%)           98M (3%)           98M (3%)     
[2026-04-03T06:29:48.507+0600][52.820s][info][gc,heap     ] GC(46) Y:   Garbage:         -               405M (10%)         405M (10%)          32M (1%)     
[2026-04-03T06:29:48.507+0600][52.820s][info][gc,heap     ] GC(46) Y: Allocated:         -               124M (3%)          126M (3%)          150M (4%)     
[2026-04-03T06:29:48.507+0600][52.820s][info][gc,heap     ] GC(46) Y: Reclaimed:         -                  -                 0M (0%)          372M (10%)    
[2026-04-03T06:29:48.507+0600][52.820s][info][gc,heap     ] GC(46) Y:  Promoted:         -                  -                 0M (0%)            0M (0%)     
[2026-04-03T06:29:48.507+0600][52.820s][info][gc,heap     ] GC(46) Y: Compacted:         -                  -                  -                45M (1%)     
[2026-04-03T06:29:48.507+0600][52.820s][info][gc,phases   ] GC(46) Y: Young Generation 1432M(37%)->1212M(31%) 0.407s
[2026-04-03T06:29:48.507+0600][52.820s][info][gc,phases   ] GC(46) O: Old Generation
[2026-04-03T06:29:48.515+0600][52.829s][info][gc          ] GC(47) Minor Collection (Allocation Rate)
[2026-04-03T06:29:48.515+0600][52.829s][info][gc,task     ] GC(47) Using 2 Workers for Young Generation
[2026-04-03T06:29:48.515+0600][52.829s][info][gc,phases   ] GC(47) y: Young Generation
[2026-04-03T06:29:48.516+0600][52.829s][info][gc,phases   ] GC(47) y: Pause Mark Start 0.027ms
[2026-04-03T06:29:48.852+0600][53.165s][info][gc,phases   ] GC(47) y: Concurrent Mark 336.043ms
[2026-04-03T06:29:48.853+0600][53.166s][info][gc,phases   ] GC(47) y: Pause Mark End 0.169ms
[2026-04-03T06:29:48.853+0600][53.166s][info][gc,phases   ] GC(47) y: Concurrent Mark Free 0.004ms
[2026-04-03T06:29:48.853+0600][53.166s][info][gc,phases   ] GC(47) y: Concurrent Reset Relocation Set 0.056ms
[2026-04-03T06:29:48.855+0600][53.169s][info][gc,reloc    ] GC(47) y: Using tenuring threshold: 1 (Computed)
[2026-04-03T06:29:48.913+0600][53.226s][info][gc,phases   ] GC(47) y: Concurrent Select Relocation Set 60.120ms
[2026-04-03T06:29:48.914+0600][53.227s][info][gc,phases   ] GC(47) y: Pause Relocate Start 0.096ms
[2026-04-03T06:29:49.042+0600][53.356s][info][gc,phases   ] GC(47) y: Concurrent Relocate 128.310ms
[2026-04-03T06:29:49.042+0600][53.356s][info][gc,alloc    ] GC(47) y:                         Mark Start        Mark End      Relocate Start    Relocate End   
[2026-04-03T06:29:49.043+0600][53.356s][info][gc,alloc    ] GC(47) y: Allocation Stalls:          0                0                0                0         
[2026-04-03T06:29:49.043+0600][53.356s][info][gc,load     ] GC(47) y: Load: 8.23 (69%) / 5.42 (45%) / 3.90 (33%)
[2026-04-03T06:29:49.043+0600][53.356s][info][gc,mmu      ] GC(47) y: MMU: 2ms/91.5%, 5ms/96.6%, 10ms/98.3%, 20ms/99.2%, 50ms/99.7%, 100ms/99.7%
[2026-04-03T06:29:49.043+0600][53.356s][info][gc,marking  ] GC(47) y: Mark: 2 stripe(s), 2 proactive flush(es), 1 terminate flush(es), 0 completion(s), 0 continuation(s) 
[2026-04-03T06:29:49.043+0600][53.356s][info][gc,marking  ] GC(47) y: Mark Stack Usage: 32M
[2026-04-03T06:29:49.043+0600][53.356s][info][gc,nmethod  ] GC(47) y: NMethods: 2701 registered, 742 unregistered
[2026-04-03T06:29:49.043+0600][53.356s][info][gc,metaspace] GC(47) y: Metaspace: 10M used, 10M committed, 1088M reserved
[2026-04-03T06:29:49.043+0600][53.356s][info][gc,reloc    ] GC(47) y:                        Candidates     Selected     In-Place         Size        Empty    Relocated 
[2026-04-03T06:29:49.043+0600][53.356s][info][gc,reloc    ] GC(47) y: Small Pages:                  127           68            0         254M           0M          16M 
[2026-04-03T06:29:49.043+0600][53.356s][info][gc,reloc    ] GC(47) y: Medium Pages:                   1            0            0          32M           0M           0M 
[2026-04-03T06:29:49.043+0600][53.356s][info][gc,reloc    ] GC(47) y: Large Pages:                    0            0            0           0M           0M           0M 
[2026-04-03T06:29:49.043+0600][53.356s][info][gc,reloc    ] GC(47) y: Forwarding Usage: 10M
[2026-04-03T06:29:49.043+0600][53.356s][info][gc,reloc    ] GC(47) y: Age Table:
[2026-04-03T06:29:49.043+0600][53.356s][info][gc,reloc    ] GC(47) y:                    Live             Garbage             Small              Medium             Large        
[2026-04-03T06:29:49.043+0600][53.356s][info][gc,reloc    ] GC(47) y: Eden              15M (0%)          126M (3%)          71 / 62             0 / 0              0 / 0        
[2026-04-03T06:29:49.043+0600][53.356s][info][gc,reloc    ] GC(47) y: Survivor 1        42M (1%)            7M (0%)          25 / 4              0 / 0              0 / 0        
[2026-04-03T06:29:49.043+0600][53.356s][info][gc,reloc    ] GC(47) y: Survivor 2        55M (1%)           38M (1%)          31 / 2              1 / 0              0 / 0        
[2026-04-03T06:29:49.043+0600][53.356s][info][gc,heap     ] GC(47) y: Min Capacity: 8M(0%)
[2026-04-03T06:29:49.043+0600][53.356s][info][gc,heap     ] GC(47) y: Max Capacity: 3922M(100%)
[2026-04-03T06:29:49.043+0600][53.356s][info][gc,heap     ] GC(47) y: Soft Max Capacity: 3529M(90%)
[2026-04-03T06:29:49.043+0600][53.356s][info][gc,heap     ] GC(47) y: Heap Statistics:
[2026-04-03T06:29:49.043+0600][53.356s][info][gc,heap     ] GC(47) y:                Mark Start          Mark End        Relocate Start      Relocate End           High               Low         
[2026-04-03T06:29:49.043+0600][53.356s][info][gc,heap     ] GC(47) y:  Capacity:     3002M (77%)        3002M (77%)        3002M (77%)        3002M (77%)        3002M (77%)        3002M (77%)    
[2026-04-03T06:29:49.043+0600][53.356s][info][gc,heap     ] GC(47) y:      Free:     2706M (69%)        2586M (66%)        2564M (65%)        2648M (68%)        2706M (69%)        2554M (65%)    
[2026-04-03T06:29:49.043+0600][53.356s][info][gc,heap     ] GC(47) y:      Used:     1216M (31%)        1336M (34%)        1358M (35%)        1274M (32%)        1368M (35%)        1216M (31%)    
[2026-04-03T06:29:49.043+0600][53.356s][info][gc,heap     ] GC(47) y: Young Generation Statistics:
[2026-04-03T06:29:49.043+0600][53.356s][info][gc,heap     ] GC(47) y:                Mark Start          Mark End        Relocate Start      Relocate End    
[2026-04-03T06:29:49.043+0600][53.356s][info][gc,heap     ] GC(47) y:      Used:      286M (7%)          406M (10%)         300M (8%)          210M (5%)     
[2026-04-03T06:29:49.043+0600][53.356s][info][gc,heap     ] GC(47) y:      Live:         -               113M (3%)           18M (0%)           15M (0%)     
[2026-04-03T06:29:49.043+0600][53.356s][info][gc,heap     ] GC(47) y:   Garbage:         -               172M (4%)          139M (4%)            0M (0%)     
[2026-04-03T06:29:49.043+0600][53.356s][info][gc,heap     ] GC(47) y: Allocated:         -               120M (3%)          142M (4%)          194M (5%)     
[2026-04-03T06:29:49.043+0600][53.356s][info][gc,heap     ] GC(47) y: Reclaimed:         -                  -                33M (1%)          172M (4%)     
[2026-04-03T06:29:49.043+0600][53.356s][info][gc,heap     ] GC(47) y:  Promoted:         -                  -                94M (2%)           97M (2%)     
[2026-04-03T06:29:49.043+0600][53.356s][info][gc,heap     ] GC(47) y: Compacted:         -                  -                  -                15M (0%)     
[2026-04-03T06:29:49.043+0600][53.356s][info][gc,phases   ] GC(47) y: Young Generation 1216M(31%)->1274M(32%) 0.527s
[2026-04-03T06:29:49.043+0600][53.356s][info][gc          ] GC(47) Minor Collection (Allocation Rate) 1216M(31%)->1274M(32%) 0.528s
[2026-04-03T06:29:49.043+0600][53.356s][info][gc          ] GC(48) Minor Collection (Allocation Rate)
[2026-04-03T06:29:49.043+0600][53.356s][info][gc,task     ] GC(48) Using 2 Workers for Young Generation
[2026-04-03T06:29:49.043+0600][53.356s][info][gc,phases   ] GC(48) y: Young Generation
[2026-04-03T06:29:49.044+0600][53.357s][info][gc,phases   ] GC(48) y: Pause Mark Start 0.057ms
[2026-04-03T06:29:49.315+0600][53.628s][info][gc,phases   ] GC(48) y: Concurrent Mark 270.897ms
[2026-04-03T06:29:49.315+0600][53.628s][info][gc,phases   ] GC(48) y: Pause Mark End 0.100ms
[2026-04-03T06:29:49.315+0600][53.629s][info][gc,phases   ] GC(48) y: Concurrent Mark Free 0.001ms
[2026-04-03T06:29:49.317+0600][53.630s][info][gc,phases   ] GC(48) y: Concurrent Reset Relocation Set 0.172ms
[2026-04-03T06:29:49.322+0600][53.635s][info][gc,reloc    ] GC(48) y: Using tenuring threshold: 2 (Computed)
[2026-04-03T06:29:49.326+0600][53.639s][info][gc,phases   ] GC(48) y: Concurrent Select Relocation Set 8.717ms
[2026-04-03T06:29:49.326+0600][53.639s][info][gc,phases   ] GC(48) y: Pause Relocate Start 0.081ms
[2026-04-03T06:29:49.361+0600][53.675s][info][gc,phases   ] GC(48) y: Concurrent Relocate 35.039ms
[2026-04-03T06:29:49.362+0600][53.675s][info][gc,alloc    ] GC(48) y:                         Mark Start        Mark End      Relocate Start    Relocate End   
[2026-04-03T06:29:49.362+0600][53.675s][info][gc,alloc    ] GC(48) y: Allocation Stalls:          0                0                0                0         
[2026-04-03T06:29:49.362+0600][53.675s][info][gc,load     ] GC(48) y: Load: 8.23 (69%) / 5.42 (45%) / 3.90 (33%)
[2026-04-03T06:29:49.362+0600][53.675s][info][gc,mmu      ] GC(48) y: MMU: 2ms/91.5%, 5ms/96.6%, 10ms/98.3%, 20ms/99.1%, 50ms/99.6%, 100ms/99.7%
[2026-04-03T06:29:49.362+0600][53.675s][info][gc,marking  ] GC(48) y: Mark: 2 stripe(s), 10 proactive flush(es), 1 terminate flush(es), 0 completion(s), 0 continuation(s) 
[2026-04-03T06:29:49.362+0600][53.675s][info][gc,marking  ] GC(48) y: Mark Stack Usage: 32M
[2026-04-03T06:29:49.362+0600][53.675s][info][gc,nmethod  ] GC(48) y: NMethods: 2701 registered, 742 unregistered
[2026-04-03T06:29:49.362+0600][53.675s][info][gc,metaspace] GC(48) y: Metaspace: 10M used, 10M committed, 1088M reserved
[2026-04-03T06:29:49.362+0600][53.675s][info][gc,reloc    ] GC(48) y:                        Candidates     Selected     In-Place         Size        Empty    Relocated 
[2026-04-03T06:29:49.362+0600][53.675s][info][gc,reloc    ] GC(48) y: Small Pages:                  105           85            0         210M           0M          19M 
[2026-04-03T06:29:49.362+0600][53.675s][info][gc,reloc    ] GC(48) y: Medium Pages:                   0            0            0           0M           0M           0M 
[2026-04-03T06:29:49.362+0600][53.675s][info][gc,reloc    ] GC(48) y: Large Pages:                    0            0            0           0M           0M           0M 
[2026-04-03T06:29:49.362+0600][53.675s][info][gc,reloc    ] GC(48) y: Forwarding Usage: 12M
[2026-04-03T06:29:49.362+0600][53.675s][info][gc,reloc    ] GC(48) y: Age Table:
[2026-04-03T06:29:49.362+0600][53.675s][info][gc,reloc    ] GC(48) y:                    Live             Garbage             Small              Medium             Large        
[2026-04-03T06:29:49.362+0600][53.675s][info][gc,reloc    ] GC(48) y: Eden              21M (1%)          168M (4%)          95 / 83             0 / 0              0 / 0        
[2026-04-03T06:29:49.362+0600][53.675s][info][gc,reloc    ] GC(48) y: Survivor 1        14M (0%)            5M (0%)          10 / 2              0 / 0              0 / 0        
[2026-04-03T06:29:49.362+0600][53.675s][info][gc,heap     ] GC(48) y: Min Capacity: 8M(0%)
[2026-04-03T06:29:49.362+0600][53.675s][info][gc,heap     ] GC(48) y: Max Capacity: 3922M(100%)
[2026-04-03T06:29:49.362+0600][53.675s][info][gc,heap     ] GC(48) y: Soft Max Capacity: 3529M(90%)
[2026-04-03T06:29:49.362+0600][53.675s][info][gc,heap     ] GC(48) y: Heap Statistics:
[2026-04-03T06:29:49.362+0600][53.675s][info][gc,heap     ] GC(48) y:                Mark Start          Mark End        Relocate Start      Relocate End           High               Low         
[2026-04-03T06:29:49.362+0600][53.675s][info][gc,heap     ] GC(48) y:  Capacity:     3002M (77%)        3002M (77%)        3002M (77%)        3002M (77%)        3002M (77%)        3002M (77%)    
[2026-04-03T06:29:49.362+0600][53.675s][info][gc,heap     ] GC(48) y:      Free:     2648M (68%)        2528M (64%)        2526M (64%)        2680M (68%)        2680M (68%)        2518M (64%)    
[2026-04-03T06:29:49.362+0600][53.675s][info][gc,heap     ] GC(48) y:      Used:     1274M (32%)        1394M (36%)        1396M (36%)        1242M (32%)        1404M (36%)        1242M (32%)    
[2026-04-03T06:29:49.362+0600][53.675s][info][gc,heap     ] GC(48) y: Young Generation Statistics:
[2026-04-03T06:29:49.362+0600][53.675s][info][gc,heap     ] GC(48) y:                Mark Start          Mark End        Relocate Start      Relocate End    
[2026-04-03T06:29:49.362+0600][53.675s][info][gc,heap     ] GC(48) y:      Used:      210M (5%)          330M (8%)          332M (8%)          178M (5%)     
[2026-04-03T06:29:49.362+0600][53.675s][info][gc,heap     ] GC(48) y:      Live:         -                35M (1%)           35M (1%)           35M (1%)     
[2026-04-03T06:29:49.362+0600][53.675s][info][gc,heap     ] GC(48) y:   Garbage:         -               174M (4%)          174M (4%)            0M (0%)     
[2026-04-03T06:29:49.362+0600][53.675s][info][gc,heap     ] GC(48) y: Allocated:         -               120M (3%)          122M (3%)          141M (4%)     
[2026-04-03T06:29:49.362+0600][53.675s][info][gc,heap     ] GC(48) y: Reclaimed:         -                  -                 0M (0%)          173M (4%)     
[2026-04-03T06:29:49.362+0600][53.675s][info][gc,heap     ] GC(48) y:  Promoted:         -                  -                 0M (0%)            0M (0%)     
[2026-04-03T06:29:49.362+0600][53.675s][info][gc,heap     ] GC(48) y: Compacted:         -                  -                  -                22M (1%)     
[2026-04-03T06:29:49.362+0600][53.675s][info][gc,phases   ] GC(48) y: Young Generation 1274M(32%)->1242M(32%) 0.318s
[2026-04-03T06:29:49.362+0600][53.675s][info][gc          ] GC(48) Minor Collection (Allocation Rate) 1274M(32%)->1242M(32%) 0.319s
[2026-04-03T06:29:50.088+0600][54.401s][info][gc          ] GC(49) Minor Collection (Allocation Rate)
[2026-04-03T06:29:50.088+0600][54.401s][info][gc,task     ] GC(49) Using 2 Workers for Young Generation
[2026-04-03T06:29:50.088+0600][54.401s][info][gc,phases   ] GC(49) y: Young Generation
[2026-04-03T06:29:50.088+0600][54.401s][info][gc,phases   ] GC(49) y: Pause Mark Start 0.035ms
[2026-04-03T06:29:50.354+0600][54.668s][info][gc,phases   ] GC(49) y: Concurrent Mark 266.105ms
[2026-04-03T06:29:50.355+0600][54.668s][info][gc,phases   ] GC(49) y: Pause Mark End 0.088ms
[2026-04-03T06:29:50.355+0600][54.668s][info][gc,phases   ] GC(49) y: Concurrent Mark Free 0.002ms
[2026-04-03T06:29:50.355+0600][54.668s][info][gc,phases   ] GC(49) y: Concurrent Reset Relocation Set 0.025ms
[2026-04-03T06:29:50.361+0600][54.675s][info][gc,reloc    ] GC(49) y: Using tenuring threshold: 3 (Computed)
[2026-04-03T06:29:50.373+0600][54.687s][info][gc,phases   ] GC(49) y: Concurrent Select Relocation Set 18.376ms
[2026-04-03T06:29:50.374+0600][54.687s][info][gc,phases   ] GC(49) y: Pause Relocate Start 0.032ms
[2026-04-03T06:29:50.451+0600][54.765s][info][gc,phases   ] GC(49) y: Concurrent Relocate 77.108ms
[2026-04-03T06:29:50.451+0600][54.765s][info][gc,alloc    ] GC(49) y:                         Mark Start        Mark End      Relocate Start    Relocate End   
[2026-04-03T06:29:50.452+0600][54.765s][info][gc,alloc    ] GC(49) y: Allocation Stalls:          0                0                0                0         
[2026-04-03T06:29:50.452+0600][54.765s][info][gc,load     ] GC(49) y: Load: 8.23 (69%) / 5.42 (45%) / 3.90 (33%)
[2026-04-03T06:29:50.452+0600][54.765s][info][gc,mmu      ] GC(49) y: MMU: 2ms/91.5%, 5ms/96.6%, 10ms/98.3%, 20ms/99.1%, 50ms/99.6%, 100ms/99.7%
[2026-04-03T06:29:50.452+0600][54.765s][info][gc,marking  ] GC(49) y: Mark: 2 stripe(s), 3 proactive flush(es), 1 terminate flush(es), 0 completion(s), 0 continuation(s) 
[2026-04-03T06:29:50.452+0600][54.765s][info][gc,marking  ] GC(49) y: Mark Stack Usage: 32M
[2026-04-03T06:29:50.452+0600][54.765s][info][gc,nmethod  ] GC(49) y: NMethods: 2708 registered, 742 unregistered
[2026-04-03T06:29:50.452+0600][54.765s][info][gc,metaspace] GC(49) y: Metaspace: 10M used, 10M committed, 1088M reserved
[2026-04-03T06:29:50.452+0600][54.765s][info][gc,reloc    ] GC(49) y:                        Candidates     Selected     In-Place         Size        Empty    Relocated 
[2026-04-03T06:29:50.452+0600][54.765s][info][gc,reloc    ] GC(49) y: Small Pages:                  247          192            0         494M          20M          40M 
[2026-04-03T06:29:50.452+0600][54.765s][info][gc,reloc    ] GC(49) y: Medium Pages:                   0            0            0           0M           0M           0M 
[2026-04-03T06:29:50.452+0600][54.765s][info][gc,reloc    ] GC(49) y: Large Pages:                    0            0            0           0M           0M           0M 
[2026-04-03T06:29:50.452+0600][54.765s][info][gc,reloc    ] GC(49) y: Forwarding Usage: 27M
[2026-04-03T06:29:50.452+0600][54.765s][info][gc,reloc    ] GC(49) y: Age Table:
[2026-04-03T06:29:50.452+0600][54.765s][info][gc,reloc    ] GC(49) y:                    Live             Garbage             Small              Medium             Large        
[2026-04-03T06:29:50.452+0600][54.765s][info][gc,reloc    ] GC(49) y: Eden              45M (1%)          402M (10%)        224 / 188            0 / 0              0 / 0        
[2026-04-03T06:29:50.452+0600][54.765s][info][gc,reloc    ] GC(49) y: Survivor 1        19M (0%)            6M (0%)          13 / 3              0 / 0              0 / 0        
[2026-04-03T06:29:50.452+0600][54.765s][info][gc,reloc    ] GC(49) y: Survivor 2        14M (0%)            5M (0%)          10 / 1              0 / 0              0 / 0        
[2026-04-03T06:29:50.452+0600][54.765s][info][gc,heap     ] GC(49) y: Min Capacity: 8M(0%)
[2026-04-03T06:29:50.452+0600][54.765s][info][gc,heap     ] GC(49) y: Max Capacity: 3922M(100%)
[2026-04-03T06:29:50.452+0600][54.765s][info][gc,heap     ] GC(49) y: Soft Max Capacity: 3529M(90%)
[2026-04-03T06:29:50.452+0600][54.765s][info][gc,heap     ] GC(49) y: Heap Statistics:
[2026-04-03T06:29:50.452+0600][54.765s][info][gc,heap     ] GC(49) y:                Mark Start          Mark End        Relocate Start      Relocate End           High               Low         
[2026-04-03T06:29:50.452+0600][54.765s][info][gc,heap     ] GC(49) y:  Capacity:     3002M (77%)        3002M (77%)        3002M (77%)        3002M (77%)        3002M (77%)        3002M (77%)    
[2026-04-03T06:29:50.452+0600][54.765s][info][gc,heap     ] GC(49) y:      Free:     2364M (60%)        2258M (58%)        2276M (58%)        2648M (68%)        2648M (68%)        2256M (58%)    
[2026-04-03T06:29:50.452+0600][54.765s][info][gc,heap     ] GC(49) y:      Used:     1558M (40%)        1664M (42%)        1646M (42%)        1274M (32%)        1666M (42%)        1274M (32%)    
[2026-04-03T06:29:50.452+0600][54.765s][info][gc,heap     ] GC(49) y: Young Generation Statistics:
[2026-04-03T06:29:50.452+0600][54.765s][info][gc,heap     ] GC(49) y:                Mark Start          Mark End        Relocate Start      Relocate End    
[2026-04-03T06:29:50.452+0600][54.765s][info][gc,heap     ] GC(49) y:      Used:      494M (13%)         600M (15%)         582M (15%)         210M (5%)     
[2026-04-03T06:29:50.452+0600][54.765s][info][gc,heap     ] GC(49) y:      Live:         -                79M (2%)           79M (2%)           79M (2%)     
[2026-04-03T06:29:50.452+0600][54.765s][info][gc,heap     ] GC(49) y:   Garbage:         -               414M (11%)         394M (10%)           3M (0%)     
[2026-04-03T06:29:50.452+0600][54.765s][info][gc,heap     ] GC(49) y: Allocated:         -               106M (3%)          108M (3%)          127M (3%)     
[2026-04-03T06:29:50.452+0600][54.765s][info][gc,heap     ] GC(49) y: Reclaimed:         -                  -                20M (1%)          411M (10%)    
[2026-04-03T06:29:50.452+0600][54.765s][info][gc,heap     ] GC(49) y:  Promoted:         -                  -                 0M (0%)            0M (0%)     
[2026-04-03T06:29:50.452+0600][54.765s][info][gc,heap     ] GC(49) y: Compacted:         -                  -                  -                46M (1%)     
[2026-04-03T06:29:50.452+0600][54.765s][info][gc,phases   ] GC(49) y: Young Generation 1558M(40%)->1274M(32%) 0.364s
[2026-04-03T06:29:50.452+0600][54.765s][info][gc          ] GC(49) Minor Collection (Allocation Rate) 1558M(40%)->1274M(32%) 0.364s
[2026-04-03T06:29:52.341+0600][56.655s][info][gc,phases   ] GC(46) O: Concurrent Mark 3834.221ms
[2026-04-03T06:29:52.341+0600][56.655s][info][gc,phases   ] GC(46) O: Pause Mark End 0.022ms
[2026-04-03T06:29:52.342+0600][56.655s][info][gc,phases   ] GC(46) O: Concurrent Mark Free 0.002ms
[2026-04-03T06:29:52.349+0600][56.663s][info][gc,phases   ] GC(46) O: Concurrent Process Non-Strong 7.528ms
[2026-04-03T06:29:52.349+0600][56.663s][info][gc,phases   ] GC(46) O: Concurrent Reset Relocation Set 0.011ms
[2026-04-03T06:29:52.365+0600][56.679s][info][gc,phases   ] GC(46) O: Concurrent Select Relocation Set 16.097ms
[2026-04-03T06:29:52.365+0600][56.679s][info][gc,task     ] GC(46) O: Using 3 Workers for Old Generation
[2026-04-03T06:29:52.380+0600][56.694s][info][gc,task     ] GC(46) O: Using 1 Workers for Old Generation
[2026-04-03T06:29:52.380+0600][56.694s][info][gc,phases   ] GC(46) O: Concurrent Remap Roots 14.847ms
[2026-04-03T06:29:52.381+0600][56.694s][info][gc,phases   ] GC(46) O: Pause Relocate Start 0.021ms
[2026-04-03T06:29:52.687+0600][57.000s][info][gc,phases   ] GC(46) O: Concurrent Relocate 305.875ms
[2026-04-03T06:29:52.687+0600][57.000s][info][gc,alloc    ] GC(46) O:                         Mark Start        Mark End      Relocate Start    Relocate End   
[2026-04-03T06:29:52.687+0600][57.000s][info][gc,alloc    ] GC(46) O: Allocation Stalls:          0                0                0                0         
[2026-04-03T06:29:52.687+0600][57.000s][info][gc,load     ] GC(46) O: Load: 7.89 (66%) / 5.40 (45%) / 3.90 (33%)
[2026-04-03T06:29:52.687+0600][57.000s][info][gc,mmu      ] GC(46) O: MMU: 2ms/91.5%, 5ms/96.6%, 10ms/98.3%, 20ms/99.1%, 50ms/99.6%, 100ms/99.7%
[2026-04-03T06:29:52.687+0600][57.000s][info][gc,marking  ] GC(46) O: Mark: 1 stripe(s), 2 proactive flush(es), 1 terminate flush(es), 0 completion(s), 0 continuation(s) 
[2026-04-03T06:29:52.687+0600][57.000s][info][gc,marking  ] GC(46) O: Mark Stack Usage: 32M
[2026-04-03T06:29:52.687+0600][57.000s][info][gc,nmethod  ] GC(46) O: NMethods: 2662 registered, 802 unregistered
[2026-04-03T06:29:52.687+0600][57.000s][info][gc,metaspace] GC(46) O: Metaspace: 10M used, 10M committed, 1088M reserved
[2026-04-03T06:29:52.687+0600][57.000s][info][gc,ref      ] GC(46) O:                       Encountered   Discovered     Enqueued 
[2026-04-03T06:29:52.687+0600][57.000s][info][gc,ref      ] GC(46) O: Soft References:              274            0            0 
[2026-04-03T06:29:52.687+0600][57.000s][info][gc,ref      ] GC(46) O: Weak References:              529          383           22 
[2026-04-03T06:29:52.687+0600][57.000s][info][gc,ref      ] GC(46) O: Final References:               3            1            0 
[2026-04-03T06:29:52.687+0600][57.000s][info][gc,ref      ] GC(46) O: Phantom References:            54           44            0 
[2026-04-03T06:29:52.687+0600][57.000s][info][gc,reloc    ] GC(46) O:                        Candidates     Selected     In-Place         Size        Empty    Relocated 
[2026-04-03T06:29:52.687+0600][57.000s][info][gc,reloc    ] GC(46) O: Small Pages:                  446           40            0         892M          18M          37M 
[2026-04-03T06:29:52.687+0600][57.000s][info][gc,reloc    ] GC(46) O: Medium Pages:                   1            0            0          32M           0M           0M 
[2026-04-03T06:29:52.687+0600][57.000s][info][gc,reloc    ] GC(46) O: Large Pages:                    1            0            0           6M           6M           0M 
[2026-04-03T06:29:52.687+0600][57.000s][info][gc,reloc    ] GC(46) O: Forwarding Usage: 62M
[2026-04-03T06:29:52.687+0600][57.000s][info][gc,heap     ] GC(46) O: Min Capacity: 8M(0%)
[2026-04-03T06:29:52.687+0600][57.000s][info][gc,heap     ] GC(46) O: Max Capacity: 3922M(100%)
[2026-04-03T06:29:52.687+0600][57.000s][info][gc,heap     ] GC(46) O: Soft Max Capacity: 3529M(90%)
[2026-04-03T06:29:52.687+0600][57.000s][info][gc,heap     ] GC(46) O: Heap Statistics:
[2026-04-03T06:29:52.687+0600][57.000s][info][gc,heap     ] GC(46) O:                Mark Start          Mark End        Relocate Start      Relocate End           High               Low         
[2026-04-03T06:29:52.687+0600][57.000s][info][gc,heap     ] GC(46) O:  Capacity:     3002M (77%)        3002M (77%)        3002M (77%)        3002M (77%)        3002M (77%)        3002M (77%)    
[2026-04-03T06:29:52.687+0600][57.000s][info][gc,heap     ] GC(46) O:      Free:     2488M (63%)        1972M (50%)        1974M (50%)        1950M (50%)        2710M (69%)        1948M (50%)    
[2026-04-03T06:29:52.687+0600][57.000s][info][gc,heap     ] GC(46) O:      Used:     1434M (37%)        1950M (50%)        1948M (50%)        1972M (50%)        1974M (50%)        1212M (31%)    
[2026-04-03T06:29:52.687+0600][57.000s][info][gc,heap     ] GC(46) O: Old Generation Statistics:
[2026-04-03T06:29:52.687+0600][57.000s][info][gc,heap     ] GC(46) O:                Mark Start          Mark End        Relocate Start      Relocate End    
[2026-04-03T06:29:52.687+0600][57.000s][info][gc,heap     ] GC(46) O:      Used:      930M (24%)        1064M (27%)        1040M (27%)         940M (24%)    
[2026-04-03T06:29:52.687+0600][57.000s][info][gc,heap     ] GC(46) O:      Live:         -               741M (19%)         741M (19%)         741M (19%)    
[2026-04-03T06:29:52.687+0600][57.000s][info][gc,heap     ] GC(46) O:   Garbage:         -               188M (5%)          164M (4%)           64M (2%)     
[2026-04-03T06:29:52.687+0600][57.000s][info][gc,heap     ] GC(46) O: Allocated:         -               134M (3%)          134M (3%)          133M (3%)     
[2026-04-03T06:29:52.687+0600][57.000s][info][gc,heap     ] GC(46) O: Reclaimed:         -                  -                24M (1%)          123M (3%)     
[2026-04-03T06:29:52.687+0600][57.000s][info][gc,heap     ] GC(46) O: Compacted:         -                  -                  -               138M (4%)     
[2026-04-03T06:29:52.687+0600][57.000s][info][gc,phases   ] GC(46) O: Old Generation 1212M(31%)->1972M(50%) 4.180s
[2026-04-03T06:29:52.687+0600][57.000s][info][gc          ] GC(46) Major Collection (Allocation Rate) 1432M(37%)->1972M(50%) 4.588s
[2026-04-03T06:29:54.441+0600][58.755s][info][gc          ] GC(50) Minor Collection (Allocation Rate)
[2026-04-03T06:29:54.441+0600][58.755s][info][gc,task     ] GC(50) Using 2 Workers for Young Generation
[2026-04-03T06:29:54.441+0600][58.755s][info][gc,phases   ] GC(50) y: Young Generation
[2026-04-03T06:29:54.442+0600][58.755s][info][gc,phases   ] GC(50) y: Pause Mark Start 0.028ms
[2026-04-03T06:29:54.572+0600][58.885s][info][gc,phases   ] GC(50) y: Concurrent Mark 129.806ms
[2026-04-03T06:29:54.572+0600][58.885s][info][gc,phases   ] GC(50) y: Pause Mark End 0.030ms
[2026-04-03T06:29:54.572+0600][58.885s][info][gc,phases   ] GC(50) y: Concurrent Mark Free 0.003ms
[2026-04-03T06:29:54.572+0600][58.885s][info][gc,phases   ] GC(50) y: Concurrent Reset Relocation Set 0.020ms
[2026-04-03T06:29:54.574+0600][58.887s][info][gc,reloc    ] GC(50) y: Using tenuring threshold: 2 (Computed)
[2026-04-03T06:29:54.577+0600][58.890s][info][gc,phases   ] GC(50) y: Concurrent Select Relocation Set 4.899ms
[2026-04-03T06:29:54.577+0600][58.891s][info][gc,phases   ] GC(50) y: Pause Relocate Start 0.022ms
[2026-04-03T06:29:54.629+0600][58.942s][info][gc,phases   ] GC(50) y: Concurrent Relocate 51.343ms
[2026-04-03T06:29:54.629+0600][58.942s][info][gc,alloc    ] GC(50) y:                         Mark Start        Mark End      Relocate Start    Relocate End   
[2026-04-03T06:29:54.629+0600][58.942s][info][gc,alloc    ] GC(50) y: Allocation Stalls:          0                0                0                0         
[2026-04-03T06:29:54.629+0600][58.942s][info][gc,load     ] GC(50) y: Load: 7.89 (66%) / 5.40 (45%) / 3.90 (33%)
[2026-04-03T06:29:54.629+0600][58.942s][info][gc,mmu      ] GC(50) y: MMU: 2ms/91.5%, 5ms/96.6%, 10ms/98.3%, 20ms/99.1%, 50ms/99.6%, 100ms/99.7%
[2026-04-03T06:29:54.629+0600][58.942s][info][gc,marking  ] GC(50) y: Mark: 2 stripe(s), 3 proactive flush(es), 1 terminate flush(es), 0 completion(s), 0 continuation(s) 
[2026-04-03T06:29:54.629+0600][58.942s][info][gc,marking  ] GC(50) y: Mark Stack Usage: 32M
[2026-04-03T06:29:54.629+0600][58.942s][info][gc,nmethod  ] GC(50) y: NMethods: 2683 registered, 802 unregistered
[2026-04-03T06:29:54.629+0600][58.942s][info][gc,metaspace] GC(50) y: Metaspace: 10M used, 10M committed, 1088M reserved
[2026-04-03T06:29:54.629+0600][58.942s][info][gc,reloc    ] GC(50) y:                        Candidates     Selected     In-Place         Size        Empty    Relocated 
[2026-04-03T06:29:54.629+0600][58.942s][info][gc,reloc    ] GC(50) y: Small Pages:                  961          798            0        1922M         252M          54M 
[2026-04-03T06:29:54.629+0600][58.942s][info][gc,reloc    ] GC(50) y: Medium Pages:                   1            0            0          32M           0M           0M 
[2026-04-03T06:29:54.629+0600][58.942s][info][gc,reloc    ] GC(50) y: Large Pages:                    0            0            0           0M           0M           0M 
[2026-04-03T06:29:54.629+0600][58.942s][info][gc,reloc    ] GC(50) y: Forwarding Usage: 22M
[2026-04-03T06:29:54.629+0600][58.942s][info][gc,reloc    ] GC(50) y: Age Table:
[2026-04-03T06:29:54.629+0600][58.942s][info][gc,reloc    ] GC(50) y:                    Live             Garbage             Small              Medium             Large        
[2026-04-03T06:29:54.629+0600][58.942s][info][gc,reloc    ] GC(50) y: Eden              63M (2%)         1796M (46%)        914 / 795            1 / 0              0 / 0        
[2026-04-03T06:29:54.629+0600][58.942s][info][gc,reloc    ] GC(50) y: Survivor 1         0M (0%)           49M (1%)          25 / 3              0 / 0              0 / 0        
[2026-04-03T06:29:54.629+0600][58.942s][info][gc,reloc    ] GC(50) y: Survivor 2          -                24M (1%)          12 / 0              0 / 0              0 / 0        
[2026-04-03T06:29:54.629+0600][58.942s][info][gc,reloc    ] GC(50) y: Survivor 3          -                20M (1%)          10 / 0              0 / 0              0 / 0        
[2026-04-03T06:29:54.629+0600][58.942s][info][gc,heap     ] GC(50) y: Min Capacity: 8M(0%)
[2026-04-03T06:29:54.629+0600][58.942s][info][gc,heap     ] GC(50) y: Max Capacity: 3922M(100%)
[2026-04-03T06:29:54.629+0600][58.942s][info][gc,heap     ] GC(50) y: Soft Max Capacity: 3529M(90%)
[2026-04-03T06:29:54.629+0600][58.942s][info][gc,heap     ] GC(50) y: Heap Statistics:
[2026-04-03T06:29:54.629+0600][58.942s][info][gc,heap     ] GC(50) y:                Mark Start          Mark End        Relocate Start      Relocate End           High               Low         
[2026-04-03T06:29:54.629+0600][58.942s][info][gc,heap     ] GC(50) y:  Capacity:     3034M (77%)        3034M (77%)        3034M (77%)        3034M (77%)        3034M (77%)        3034M (77%)    
[2026-04-03T06:29:54.629+0600][58.942s][info][gc,heap     ] GC(50) y:      Free:     1028M (26%)         942M (24%)        1190M (30%)        2764M (70%)        2764M (70%)         942M (24%)    
[2026-04-03T06:29:54.629+0600][58.942s][info][gc,heap     ] GC(50) y:      Used:     2894M (74%)        2980M (76%)        2732M (70%)        1158M (30%)        2980M (76%)        1158M (30%)    
[2026-04-03T06:29:54.629+0600][58.942s][info][gc,heap     ] GC(50) y: Young Generation Statistics:
[2026-04-03T06:29:54.629+0600][58.942s][info][gc,heap     ] GC(50) y:                Mark Start          Mark End        Relocate Start      Relocate End    
[2026-04-03T06:29:54.629+0600][58.942s][info][gc,heap     ] GC(50) y:      Used:     1954M (50%)        2040M (52%)        1792M (46%)         218M (6%)     
[2026-04-03T06:29:54.629+0600][58.942s][info][gc,heap     ] GC(50) y:      Live:         -                63M (2%)           63M (2%)           63M (2%)     
[2026-04-03T06:29:54.629+0600][58.942s][info][gc,heap     ] GC(50) y:   Garbage:         -              1890M (48%)        1638M (42%)          33M (1%)     
[2026-04-03T06:29:54.629+0600][58.942s][info][gc,heap     ] GC(50) y: Allocated:         -                86M (2%)           90M (2%)          121M (3%)     
[2026-04-03T06:29:54.629+0600][58.942s][info][gc,heap     ] GC(50) y: Reclaimed:         -                  -               252M (6%)         1857M (47%)    
[2026-04-03T06:29:54.629+0600][58.942s][info][gc,heap     ] GC(50) y:  Promoted:         -                  -                 0M (0%)            0M (0%)     
[2026-04-03T06:29:54.629+0600][58.942s][info][gc,heap     ] GC(50) y: Compacted:         -                  -                  -                62M (2%)     
[2026-04-03T06:29:54.629+0600][58.942s][info][gc,phases   ] GC(50) y: Young Generation 2894M(74%)->1158M(30%) 0.187s
[2026-04-03T06:29:54.629+0600][58.942s][info][gc          ] GC(50) Minor Collection (Allocation Rate) 2894M(74%)->1158M(30%) 0.188s
[2026-04-03T06:29:56.745+0600][61.059s][info][gc          ] GC(51) Minor Collection (Allocation Rate)
[2026-04-03T06:29:56.745+0600][61.059s][info][gc,task     ] GC(51) Using 2 Workers for Young Generation
[2026-04-03T06:29:56.745+0600][61.059s][info][gc,phases   ] GC(51) y: Young Generation
[2026-04-03T06:29:56.746+0600][61.059s][info][gc,phases   ] GC(51) y: Pause Mark Start 0.018ms
[2026-04-03T06:29:57.673+0600][61.986s][info][gc,phases   ] GC(51) y: Concurrent Mark 927.292ms
[2026-04-03T06:29:57.673+0600][61.987s][info][gc,phases   ] GC(51) y: Pause Mark End 0.036ms
[2026-04-03T06:29:57.674+0600][61.987s][info][gc,phases   ] GC(51) y: Concurrent Mark Free 0.003ms
[2026-04-03T06:29:57.674+0600][61.987s][info][gc,phases   ] GC(51) y: Concurrent Reset Relocation Set 0.063ms
[2026-04-03T06:29:57.676+0600][61.989s][info][gc,reloc    ] GC(51) y: Using tenuring threshold: 3 (Computed)
[2026-04-03T06:29:57.716+0600][62.029s][info][gc,phases   ] GC(51) y: Concurrent Select Relocation Set 41.863ms
[2026-04-03T06:29:57.716+0600][62.029s][info][gc,phases   ] GC(51) y: Pause Relocate Start 0.030ms
[2026-04-03T06:29:57.962+0600][62.275s][info][gc,phases   ] GC(51) y: Concurrent Relocate 245.631ms
[2026-04-03T06:29:57.962+0600][62.275s][info][gc,alloc    ] GC(51) y:                         Mark Start        Mark End      Relocate Start    Relocate End   
[2026-04-03T06:29:57.962+0600][62.275s][info][gc,alloc    ] GC(51) y: Allocation Stalls:          0                0                0                0         
[2026-04-03T06:29:57.962+0600][62.275s][info][gc,load     ] GC(51) y: Load: 7.33 (61%) / 5.33 (44%) / 3.89 (32%)
[2026-04-03T06:29:57.962+0600][62.275s][info][gc,mmu      ] GC(51) y: MMU: 2ms/91.5%, 5ms/96.6%, 10ms/98.3%, 20ms/99.1%, 50ms/99.6%, 100ms/99.7%
[2026-04-03T06:29:57.962+0600][62.275s][info][gc,marking  ] GC(51) y: Mark: 2 stripe(s), 10 proactive flush(es), 1 terminate flush(es), 0 completion(s), 0 continuation(s) 
[2026-04-03T06:29:57.962+0600][62.275s][info][gc,marking  ] GC(51) y: Mark Stack Usage: 32M
[2026-04-03T06:29:57.962+0600][62.276s][info][gc,nmethod  ] GC(51) y: NMethods: 2694 registered, 802 unregistered
[2026-04-03T06:29:57.962+0600][62.276s][info][gc,metaspace] GC(51) y: Metaspace: 10M used, 10M committed, 1088M reserved
[2026-04-03T06:29:57.962+0600][62.276s][info][gc,reloc    ] GC(51) y:                        Candidates     Selected     In-Place         Size        Empty    Relocated 
[2026-04-03T06:29:57.962+0600][62.276s][info][gc,reloc    ] GC(51) y: Small Pages:                  916          782            0        1832M          46M         152M 
[2026-04-03T06:29:57.962+0600][62.276s][info][gc,reloc    ] GC(51) y: Medium Pages:                   2            0            0          64M          32M           0M 
[2026-04-03T06:29:57.962+0600][62.276s][info][gc,reloc    ] GC(51) y: Large Pages:                    0            0            0           0M           0M           0M 
[2026-04-03T06:29:57.962+0600][62.276s][info][gc,reloc    ] GC(51) y: Forwarding Usage: 88M
[2026-04-03T06:29:57.962+0600][62.276s][info][gc,reloc    ] GC(51) y: Age Table:
[2026-04-03T06:29:57.962+0600][62.276s][info][gc,reloc    ] GC(51) y:                    Live             Garbage             Small              Medium             Large        
[2026-04-03T06:29:57.962+0600][62.276s][info][gc,reloc    ] GC(51) y: Eden             178M (5%)         1617M (41%)        882 / 765            1 / 0              0 / 0        
[2026-04-03T06:29:57.962+0600][62.276s][info][gc,reloc    ] GC(51) y: Survivor 1        17M (0%)           80M (2%)          33 / 16             1 / 0              0 / 0        
[2026-04-03T06:29:57.962+0600][62.276s][info][gc,reloc    ] GC(51) y: Survivor 2         0M (0%)            1M (0%)           1 / 1              0 / 0              0 / 0        
[2026-04-03T06:29:57.962+0600][62.276s][info][gc,heap     ] GC(51) y: Min Capacity: 8M(0%)
[2026-04-03T06:29:57.962+0600][62.276s][info][gc,heap     ] GC(51) y: Max Capacity: 3922M(100%)
[2026-04-03T06:29:57.962+0600][62.276s][info][gc,heap     ] GC(51) y: Soft Max Capacity: 3529M(90%)
[2026-04-03T06:29:57.962+0600][62.276s][info][gc,heap     ] GC(51) y: Heap Statistics:
[2026-04-03T06:29:57.962+0600][62.276s][info][gc,heap     ] GC(51) y:                Mark Start          Mark End        Relocate Start      Relocate End           High               Low         
[2026-04-03T06:29:57.962+0600][62.276s][info][gc,heap     ] GC(51) y:  Capacity:     3066M (78%)        3196M (81%)        3196M (81%)        3196M (81%)        3196M (81%)        3066M (78%)    
[2026-04-03T06:29:57.962+0600][62.276s][info][gc,heap     ] GC(51) y:      Free:     1086M (28%)         726M (19%)         798M (20%)        2334M (60%)        2334M (60%)         726M (19%)    
[2026-04-03T06:29:57.962+0600][62.276s][info][gc,heap     ] GC(51) y:      Used:     2836M (72%)        3196M (81%)        3124M (80%)        1588M (40%)        3196M (81%)        1588M (40%)    
[2026-04-03T06:29:57.962+0600][62.276s][info][gc,heap     ] GC(51) y: Young Generation Statistics:
[2026-04-03T06:29:57.962+0600][62.276s][info][gc,heap     ] GC(51) y:                Mark Start          Mark End        Relocate Start      Relocate End    
[2026-04-03T06:29:57.962+0600][62.276s][info][gc,heap     ] GC(51) y:      Used:     1896M (48%)        2256M (58%)        2184M (56%)         648M (17%)    
[2026-04-03T06:29:57.962+0600][62.276s][info][gc,heap     ] GC(51) y:      Live:         -               196M (5%)          196M (5%)          196M (5%)     
[2026-04-03T06:29:57.962+0600][62.276s][info][gc,heap     ] GC(51) y:   Garbage:         -              1699M (43%)        1621M (41%)          30M (1%)     
[2026-04-03T06:29:57.962+0600][62.276s][info][gc,heap     ] GC(51) y: Allocated:         -               360M (9%)          366M (9%)          420M (11%)    
[2026-04-03T06:29:57.962+0600][62.276s][info][gc,heap     ] GC(51) y: Reclaimed:         -                  -                78M (2%)         1668M (43%)    
[2026-04-03T06:29:57.962+0600][62.276s][info][gc,heap     ] GC(51) y:  Promoted:         -                  -                 0M (0%)            0M (0%)     
[2026-04-03T06:29:57.962+0600][62.276s][info][gc,heap     ] GC(51) y: Compacted:         -                  -                  -               179M (5%)     
[2026-04-03T06:29:57.962+0600][62.276s][info][gc,phases   ] GC(51) y: Young Generation 2836M(72%)->1588M(40%) 1.217s
[2026-04-03T06:29:57.962+0600][62.276s][info][gc          ] GC(51) Minor Collection (Allocation Rate) 2836M(72%)->1588M(40%) 1.217s
[2026-04-03T06:29:57.963+0600][62.276s][info][gc          ] GC(52) Minor Collection (Allocation Rate)
[2026-04-03T06:29:57.963+0600][62.276s][info][gc,task     ] GC(52) Using 3 Workers for Young Generation
[2026-04-03T06:29:57.963+0600][62.276s][info][gc,phases   ] GC(52) y: Young Generation
[2026-04-03T06:29:57.963+0600][62.276s][info][gc,phases   ] GC(52) y: Pause Mark Start 0.027ms
[2026-04-03T06:29:58.306+0600][62.619s][info][gc,phases   ] GC(52) y: Concurrent Mark 342.901ms
[2026-04-03T06:29:58.307+0600][62.620s][info][gc,phases   ] GC(52) y: Pause Mark End 0.096ms
[2026-04-03T06:29:58.307+0600][62.620s][info][gc,phases   ] GC(52) y: Concurrent Mark Free 0.001ms
[2026-04-03T06:29:58.307+0600][62.620s][info][gc,phases   ] GC(52) y: Concurrent Reset Relocation Set 0.160ms
[2026-04-03T06:29:58.313+0600][62.626s][info][gc,reloc    ] GC(52) y: Using tenuring threshold: 3 (Computed)
[2026-04-03T06:29:58.321+0600][62.634s][info][gc,phases   ] GC(52) y: Concurrent Select Relocation Set 13.964ms
[2026-04-03T06:29:58.321+0600][62.635s][info][gc,phases   ] GC(52) y: Pause Relocate Start 0.099ms
[2026-04-03T06:29:58.369+0600][62.682s][info][gc,phases   ] GC(52) y: Concurrent Relocate 47.441ms
[2026-04-03T06:29:58.369+0600][62.683s][info][gc,alloc    ] GC(52) y:                         Mark Start        Mark End      Relocate Start    Relocate End   
[2026-04-03T06:29:58.369+0600][62.683s][info][gc,alloc    ] GC(52) y: Allocation Stalls:          0                0                0                0         
[2026-04-03T06:29:58.369+0600][62.683s][info][gc,load     ] GC(52) y: Load: 7.33 (61%) / 5.33 (44%) / 3.89 (32%)
[2026-04-03T06:29:58.369+0600][62.683s][info][gc,mmu      ] GC(52) y: MMU: 2ms/91.5%, 5ms/96.6%, 10ms/98.3%, 20ms/99.0%, 50ms/99.6%, 100ms/99.7%
[2026-04-03T06:29:58.369+0600][62.683s][info][gc,marking  ] GC(52) y: Mark: 2 stripe(s), 2 proactive flush(es), 1 terminate flush(es), 0 completion(s), 0 continuation(s) 
[2026-04-03T06:29:58.369+0600][62.683s][info][gc,marking  ] GC(52) y: Mark Stack Usage: 32M
[2026-04-03T06:29:58.369+0600][62.683s][info][gc,nmethod  ] GC(52) y: NMethods: 2694 registered, 802 unregistered
[2026-04-03T06:29:58.369+0600][62.683s][info][gc,metaspace] GC(52) y: Metaspace: 10M used, 10M committed, 1088M reserved
[2026-04-03T06:29:58.369+0600][62.683s][info][gc,reloc    ] GC(52) y:                        Candidates     Selected     In-Place         Size        Empty    Relocated 
[2026-04-03T06:29:58.369+0600][62.683s][info][gc,reloc    ] GC(52) y: Small Pages:                  308          157            0         616M         102M          39M 
[2026-04-03T06:29:58.369+0600][62.683s][info][gc,reloc    ] GC(52) y: Medium Pages:                   1            0            0          32M          32M           0M 
[2026-04-03T06:29:58.369+0600][62.683s][info][gc,reloc    ] GC(52) y: Large Pages:                    0            0            0           0M           0M           0M 
[2026-04-03T06:29:58.369+0600][62.683s][info][gc,reloc    ] GC(52) y: Forwarding Usage: 30M
[2026-04-03T06:29:58.369+0600][62.683s][info][gc,reloc    ] GC(52) y: Age Table:
[2026-04-03T06:29:58.369+0600][62.683s][info][gc,reloc    ] GC(52) y:                    Live             Garbage             Small              Medium             Large        
[2026-04-03T06:29:58.369+0600][62.683s][info][gc,reloc    ] GC(52) y: Eden              31M (1%)          382M (10%)        207 / 138            0 / 0              0 / 0        
[2026-04-03T06:29:58.369+0600][62.683s][info][gc,reloc    ] GC(52) y: Survivor 1       137M (4%)           74M (2%)          90 / 18             1 / 0              0 / 0        
[2026-04-03T06:29:58.369+0600][62.683s][info][gc,reloc    ] GC(52) y: Survivor 2        17M (0%)            2M (0%)          10 / 1              0 / 0              0 / 0        
[2026-04-03T06:29:58.369+0600][62.683s][info][gc,reloc    ] GC(52) y: Survivor 3         0M (0%)            1M (0%)           1 / 0              0 / 0              0 / 0        
[2026-04-03T06:29:58.370+0600][62.683s][info][gc,heap     ] GC(52) y: Min Capacity: 8M(0%)
[2026-04-03T06:29:58.370+0600][62.683s][info][gc,heap     ] GC(52) y: Max Capacity: 3922M(100%)
[2026-04-03T06:29:58.370+0600][62.683s][info][gc,heap     ] GC(52) y: Soft Max Capacity: 3529M(90%)
[2026-04-03T06:29:58.370+0600][62.683s][info][gc,heap     ] GC(52) y: Heap Statistics:
[2026-04-03T06:29:58.370+0600][62.683s][info][gc,heap     ] GC(52) y:                Mark Start          Mark End        Relocate Start      Relocate End           High               Low         
[2026-04-03T06:29:58.370+0600][62.683s][info][gc,heap     ] GC(52) y:  Capacity:     3196M (81%)        3196M (81%)        3196M (81%)        3196M (81%)        3196M (81%)        3196M (81%)    
[2026-04-03T06:29:58.370+0600][62.683s][info][gc,heap     ] GC(52) y:      Free:     2334M (60%)        2102M (54%)        2224M (57%)        2508M (64%)        2508M (64%)        2098M (53%)    
[2026-04-03T06:29:58.370+0600][62.683s][info][gc,heap     ] GC(52) y:      Used:     1588M (40%)        1820M (46%)        1698M (43%)        1414M (36%)        1824M (47%)        1414M (36%)    
[2026-04-03T06:29:58.370+0600][62.683s][info][gc,heap     ] GC(52) y: Young Generation Statistics:
[2026-04-03T06:29:58.370+0600][62.683s][info][gc,heap     ] GC(52) y:                Mark Start          Mark End        Relocate Start      Relocate End    
[2026-04-03T06:29:58.370+0600][62.683s][info][gc,heap     ] GC(52) y:      Used:      648M (17%)         880M (22%)         758M (19%)         472M (12%)    
[2026-04-03T06:29:58.370+0600][62.683s][info][gc,heap     ] GC(52) y:      Live:         -               187M (5%)          187M (5%)          187M (5%)     
[2026-04-03T06:29:58.370+0600][62.683s][info][gc,heap     ] GC(52) y:   Garbage:         -               460M (12%)         326M (8%)            5M (0%)     
[2026-04-03T06:29:58.370+0600][62.683s][info][gc,heap     ] GC(52) y: Allocated:         -               232M (6%)          244M (6%)          279M (7%)     
[2026-04-03T06:29:58.370+0600][62.683s][info][gc,heap     ] GC(52) y: Reclaimed:         -                  -               134M (3%)          455M (12%)    
[2026-04-03T06:29:58.370+0600][62.683s][info][gc,heap     ] GC(52) y:  Promoted:         -                  -                 0M (0%)            0M (0%)     
[2026-04-03T06:29:58.370+0600][62.683s][info][gc,heap     ] GC(52) y: Compacted:         -                  -                  -                48M (1%)     
[2026-04-03T06:29:58.370+0600][62.683s][info][gc,phases   ] GC(52) y: Young Generation 1588M(40%)->1414M(36%) 0.406s
[2026-04-03T06:29:58.370+0600][62.683s][info][gc          ] GC(52) Minor Collection (Allocation Rate) 1588M(40%)->1416M(36%) 0.407s
[2026-04-03T06:29:58.449+0600][62.762s][info][gc          ] GC(53) Minor Collection (Allocation Rate)
[2026-04-03T06:29:58.449+0600][62.762s][info][gc,task     ] GC(53) Using 3 Workers for Young Generation
[2026-04-03T06:29:58.449+0600][62.762s][info][gc,phases   ] GC(53) y: Young Generation
[2026-04-03T06:29:58.449+0600][62.762s][info][gc,phases   ] GC(53) y: Pause Mark Start 0.091ms
[2026-04-03T06:29:58.794+0600][63.108s][info][gc,phases   ] GC(53) y: Concurrent Mark 344.989ms
[2026-04-03T06:29:58.795+0600][63.108s][info][gc,phases   ] GC(53) y: Pause Mark End 0.027ms
[2026-04-03T06:29:58.795+0600][63.108s][info][gc,phases   ] GC(53) y: Concurrent Mark Free 0.003ms
[2026-04-03T06:29:58.795+0600][63.108s][info][gc,phases   ] GC(53) y: Concurrent Reset Relocation Set 0.032ms
[2026-04-03T06:29:58.796+0600][63.110s][info][gc,reloc    ] GC(53) y: Using tenuring threshold: 1 (Computed)
[2026-04-03T06:29:58.846+0600][63.160s][info][gc,phases   ] GC(53) y: Concurrent Select Relocation Set 51.624ms
[2026-04-03T06:29:58.847+0600][63.160s][info][gc,phases   ] GC(53) y: Pause Relocate Start 0.027ms
[2026-04-03T06:29:58.964+0600][63.278s][info][gc,phases   ] GC(53) y: Concurrent Relocate 117.217ms
[2026-04-03T06:29:58.964+0600][63.278s][info][gc,alloc    ] GC(53) y:                         Mark Start        Mark End      Relocate Start    Relocate End   
[2026-04-03T06:29:58.964+0600][63.278s][info][gc,alloc    ] GC(53) y: Allocation Stalls:          0                0                0                0         
[2026-04-03T06:29:58.964+0600][63.278s][info][gc,load     ] GC(53) y: Load: 7.33 (61%) / 5.33 (44%) / 3.89 (32%)
[2026-04-03T06:29:58.964+0600][63.278s][info][gc,mmu      ] GC(53) y: MMU: 2ms/91.5%, 5ms/96.6%, 10ms/98.3%, 20ms/99.0%, 50ms/99.6%, 100ms/99.7%
[2026-04-03T06:29:58.964+0600][63.278s][info][gc,marking  ] GC(53) y: Mark: 2 stripe(s), 10 proactive flush(es), 1 terminate flush(es), 0 completion(s), 0 continuation(s) 
[2026-04-03T06:29:58.965+0600][63.278s][info][gc,marking  ] GC(53) y: Mark Stack Usage: 32M
[2026-04-03T06:29:58.965+0600][63.278s][info][gc,nmethod  ] GC(53) y: NMethods: 2705 registered, 802 unregistered
[2026-04-03T06:29:58.965+0600][63.278s][info][gc,metaspace] GC(53) y: Metaspace: 10M used, 10M committed, 1088M reserved
[2026-04-03T06:29:58.965+0600][63.278s][info][gc,reloc    ] GC(53) y:                        Candidates     Selected     In-Place         Size        Empty    Relocated 
[2026-04-03T06:29:58.965+0600][63.278s][info][gc,reloc    ] GC(53) y: Small Pages:                  271          171            0         542M           2M           9M 
[2026-04-03T06:29:58.965+0600][63.278s][info][gc,reloc    ] GC(53) y: Medium Pages:                   0            0            0           0M           0M           0M 
[2026-04-03T06:29:58.965+0600][63.278s][info][gc,reloc    ] GC(53) y: Large Pages:                    0            0            0           0M           0M           0M 
[2026-04-03T06:29:58.965+0600][63.278s][info][gc,reloc    ] GC(53) y: Forwarding Usage: 4M
[2026-04-03T06:29:58.965+0600][63.278s][info][gc,reloc    ] GC(53) y: Age Table:
[2026-04-03T06:29:58.965+0600][63.278s][info][gc,reloc    ] GC(53) y:                    Live             Garbage             Small              Medium             Large        
[2026-04-03T06:29:58.965+0600][63.278s][info][gc,reloc    ] GC(53) y: Eden               5M (0%)          334M (9%)         170 / 166            0 / 0              0 / 0        
[2026-04-03T06:29:58.965+0600][63.278s][info][gc,reloc    ] GC(53) y: Survivor 1        28M (1%)            7M (0%)          18 / 3              0 / 0              0 / 0        
[2026-04-03T06:29:58.965+0600][63.278s][info][gc,reloc    ] GC(53) y: Survivor 2       125M (3%)           22M (1%)          74 / 2              0 / 0              0 / 0        
[2026-04-03T06:29:58.965+0600][63.278s][info][gc,reloc    ] GC(53) y: Survivor 3        17M (0%)            0M (0%)           9 / 0              0 / 0              0 / 0        
[2026-04-03T06:29:58.965+0600][63.278s][info][gc,heap     ] GC(53) y: Min Capacity: 8M(0%)
[2026-04-03T06:29:58.965+0600][63.278s][info][gc,heap     ] GC(53) y: Max Capacity: 3922M(100%)
[2026-04-03T06:29:58.965+0600][63.278s][info][gc,heap     ] GC(53) y: Soft Max Capacity: 3529M(90%)
[2026-04-03T06:29:58.965+0600][63.278s][info][gc,heap     ] GC(53) y: Heap Statistics:
[2026-04-03T06:29:58.965+0600][63.278s][info][gc,heap     ] GC(53) y:                Mark Start          Mark End        Relocate Start      Relocate End           High               Low         
[2026-04-03T06:29:58.965+0600][63.278s][info][gc,heap     ] GC(53) y:  Capacity:     3196M (81%)        3196M (81%)        3196M (81%)        3196M (81%)        3196M (81%)        3196M (81%)    
[2026-04-03T06:29:58.965+0600][63.278s][info][gc,heap     ] GC(53) y:      Free:     2438M (62%)        2292M (58%)        2292M (58%)        2628M (67%)        2630M (67%)        2286M (58%)    
[2026-04-03T06:29:58.965+0600][63.278s][info][gc,heap     ] GC(53) y:      Used:     1484M (38%)        1630M (42%)        1630M (42%)        1294M (33%)        1636M (42%)        1292M (33%)    
[2026-04-03T06:29:58.965+0600][63.278s][info][gc,heap     ] GC(53) y: Young Generation Statistics:
[2026-04-03T06:29:58.965+0600][63.278s][info][gc,heap     ] GC(53) y:                Mark Start          Mark End        Relocate Start      Relocate End    
[2026-04-03T06:29:58.965+0600][63.278s][info][gc,heap     ] GC(53) y:      Used:      542M (14%)         688M (18%)         504M (13%)         160M (4%)     
[2026-04-03T06:29:58.965+0600][63.278s][info][gc,heap     ] GC(53) y:      Live:         -               177M (5%)           12M (0%)            5M (0%)     
[2026-04-03T06:29:58.965+0600][63.278s][info][gc,heap     ] GC(53) y:   Garbage:         -               364M (9%)          343M (9%)            0M (0%)     
[2026-04-03T06:29:58.965+0600][63.278s][info][gc,heap     ] GC(53) y: Allocated:         -               146M (4%)          148M (4%)          154M (4%)     
[2026-04-03T06:29:58.965+0600][63.278s][info][gc,heap     ] GC(53) y: Reclaimed:         -                  -                21M (1%)          364M (9%)     
[2026-04-03T06:29:58.965+0600][63.278s][info][gc,heap     ] GC(53) y:  Promoted:         -                  -               164M (4%)          171M (4%)     
[2026-04-03T06:29:58.965+0600][63.278s][info][gc,heap     ] GC(53) y: Compacted:         -                  -                  -                 5M (0%)     
[2026-04-03T06:29:58.965+0600][63.278s][info][gc,phases   ] GC(53) y: Young Generation 1482M(38%)->1294M(33%) 0.516s
[2026-04-03T06:29:58.965+0600][63.278s][info][gc          ] GC(53) Minor Collection (Allocation Rate) 1482M(38%)->1294M(33%) 0.516s
[2026-04-03T06:29:59.688+0600][64.001s][info][gc,exit     ] Stopping ZGC
[2026-04-03T06:29:59.689+0600][64.002s][info][gc,stats    ] === Garbage Collection Statistics =======================================================================================================================
[2026-04-03T06:29:59.689+0600][64.002s][info][gc,stats    ]                                                              Last 10s              Last 10m              Last 10h                Total
[2026-04-03T06:29:59.689+0600][64.002s][info][gc,stats    ]                                                              Avg / Max             Avg / Max             Avg / Max             Avg / Max
[2026-04-03T06:29:59.689+0600][64.002s][info][gc,stats    ]        Contention: Mark Segment Reset Contention                     0 / 6                 1 / 15                1 / 15                1 / 15          ops/s
[2026-04-03T06:29:59.689+0600][64.002s][info][gc,stats    ]        Contention: Mark SeqNum Reset Contention                      0 / 0                 0 / 3                 0 / 3                 0 / 3           ops/s
[2026-04-03T06:29:59.689+0600][64.002s][info][gc,stats    ]          Critical: Allocation Stall                                  0 / 0                 0 / 0                 0 / 0                 0 / 0           ops/s
[2026-04-03T06:29:59.689+0600][64.002s][info][gc,stats    ]          Critical: Allocation Stall                              0.000 / 0.000         0.000 / 0.000         0.000 / 0.000         0.000 / 0.000       ms
[2026-04-03T06:29:59.689+0600][64.002s][info][gc,stats    ]          Critical: JNI Critical Stall                                0 / 0                 0 / 0                 0 / 0                 0 / 0           ops/s
[2026-04-03T06:29:59.689+0600][64.002s][info][gc,stats    ]          Critical: JNI Critical Stall                            0.000 / 0.000         0.000 / 0.000         0.000 / 0.000         0.000 / 0.000       ms
[2026-04-03T06:29:59.689+0600][64.002s][info][gc,stats    ]          Critical: Relocation Stall                                  0 / 0                 0 / 0                 0 / 0                 0 / 0           ops/s
[2026-04-03T06:29:59.689+0600][64.002s][info][gc,stats    ]          Critical: Relocation Stall                              0.000 / 0.000         0.000 / 0.000         0.000 / 0.000         0.000 / 0.000       ms
[2026-04-03T06:29:59.689+0600][64.002s][info][gc,stats    ]  Major Collection: Major Collection                           4587.953 / 4587.953   2036.266 / 7349.418   2036.266 / 7349.418   2036.266 / 7349.418    ms
[2026-04-03T06:29:59.689+0600][64.002s][info][gc,stats    ]            Memory: Allocation Rate                                 511 / 932             865 / 1598            865 / 1598            865 / 1598        MB/s
[2026-04-03T06:29:59.689+0600][64.002s][info][gc,stats    ]            Memory: Defragment                                        0 / 3                 1 / 32                1 / 32                1 / 32          ops/s
[2026-04-03T06:29:59.689+0600][64.002s][info][gc,stats    ]            Memory: Out Of Memory                                     0 / 0                 0 / 0                 0 / 0                 0 / 0           ops/s
[2026-04-03T06:29:59.689+0600][64.002s][info][gc,stats    ]            Memory: Page Cache Flush                                  0 / 6                 2 / 64                2 / 64                2 / 64          MB/s
[2026-04-03T06:29:59.689+0600][64.002s][info][gc,stats    ]            Memory: Page Cache Hit L1                               272 / 466             430 / 826             430 / 826             430 / 826         ops/s
[2026-04-03T06:29:59.689+0600][64.002s][info][gc,stats    ]            Memory: Page Cache Hit L2                                 0 / 0                 0 / 0                 0 / 0                 0 / 0           ops/s
[2026-04-03T06:29:59.689+0600][64.002s][info][gc,stats    ]            Memory: Page Cache Hit L3                                 0 / 2                 2 / 63                2 / 63                2 / 63          ops/s
[2026-04-03T06:29:59.689+0600][64.002s][info][gc,stats    ]            Memory: Page Cache Miss                                   6 / 65               21 / 193              21 / 193              21 / 193         ops/s
[2026-04-03T06:29:59.689+0600][64.002s][info][gc,stats    ]            Memory: Uncommit                                          0 / 0                 0 / 0                 0 / 0                 0 / 0           MB/s
[2026-04-03T06:29:59.689+0600][64.002s][info][gc,stats    ]            Memory: Undo Object Allocation Failed                     0 / 0                 0 / 1                 0 / 1                 0 / 1           ops/s
[2026-04-03T06:29:59.689+0600][64.002s][info][gc,stats    ]            Memory: Undo Object Allocation Succeeded                  0 / 1                 4 / 60                4 / 60                4 / 60          ops/s
[2026-04-03T06:29:59.689+0600][64.002s][info][gc,stats    ]            Memory: Undo Page Allocation                              0 / 0                 0 / 8                 0 / 8                 0 / 8           ops/s
[2026-04-03T06:29:59.689+0600][64.003s][info][gc,stats    ]  Minor Collection: Minor Collection                            503.804 / 1217.122    471.568 / 1217.122    471.568 / 1217.122    471.568 / 1217.122    ms
[2026-04-03T06:29:59.689+0600][64.003s][info][gc,stats    ]    Old Generation: Old Generation                             4179.769 / 4179.769   1608.128 / 6804.621   1608.128 / 6804.621   1608.128 / 6804.621    ms
[2026-04-03T06:29:59.689+0600][64.003s][info][gc,stats    ]         Old Pause: Pause Mark End                                0.022 / 0.022         0.045 / 0.108         0.045 / 0.108         0.045 / 0.108       ms
[2026-04-03T06:29:59.689+0600][64.003s][info][gc,stats    ]         Old Pause: Pause Relocate Start                          0.021 / 0.021         0.035 / 0.052         0.035 / 0.052         0.035 / 0.052       ms
[2026-04-03T06:29:59.689+0600][64.003s][info][gc,stats    ]         Old Phase: Concurrent Mark                            3834.221 / 3834.221   1366.936 / 5433.320   1366.936 / 5433.320   1366.936 / 5433.320    ms
[2026-04-03T06:29:59.689+0600][64.003s][info][gc,stats    ]         Old Phase: Concurrent Mark Continue                      0.000 / 0.000         0.000 / 0.000         0.000 / 0.000         0.000 / 0.000       ms
[2026-04-03T06:29:59.689+0600][64.003s][info][gc,stats    ]         Old Phase: Concurrent Mark Free                          0.002 / 0.002         0.008 / 0.057         0.008 / 0.057         0.008 / 0.057       ms
[2026-04-03T06:29:59.689+0600][64.003s][info][gc,stats    ]         Old Phase: Concurrent Process Non-Strong                 7.528 / 7.528         9.955 / 35.917        9.955 / 35.917        9.955 / 35.917      ms
[2026-04-03T06:29:59.689+0600][64.003s][info][gc,stats    ]         Old Phase: Concurrent Relocate                         305.875 / 305.875     133.670 / 675.567     133.670 / 675.567     133.670 / 675.567     ms
[2026-04-03T06:29:59.689+0600][64.003s][info][gc,stats    ]         Old Phase: Concurrent Remap Roots                       14.847 / 14.847       18.155 / 34.435       18.155 / 34.435       18.155 / 34.435      ms
[2026-04-03T06:29:59.689+0600][64.003s][info][gc,stats    ]         Old Phase: Concurrent Reset Relocation Set               0.011 / 0.011         0.008 / 0.025         0.008 / 0.025         0.008 / 0.025       ms
[2026-04-03T06:29:59.689+0600][64.003s][info][gc,stats    ]         Old Phase: Concurrent Select Relocation Set             16.097 / 16.097       14.389 / 56.389       14.389 / 56.389       14.389 / 56.389      ms
[2026-04-03T06:29:59.689+0600][64.003s][info][gc,stats    ]      Old Subphase: Concurrent Classes Purge                      0.174 / 0.174         0.748 / 3.968         0.748 / 3.968         0.748 / 3.968       ms
[2026-04-03T06:29:59.689+0600][64.003s][info][gc,stats    ]      Old Subphase: Concurrent Classes Unlink                     6.052 / 6.052         6.874 / 21.151        6.874 / 21.151        6.874 / 21.151      ms
[2026-04-03T06:29:59.689+0600][64.003s][info][gc,stats    ]      Old Subphase: Concurrent Mark Follow                     3833.646 / 3833.646   1366.171 / 5430.838   1366.171 / 5430.838   1366.171 / 5430.838    ms
[2026-04-03T06:29:59.689+0600][64.003s][info][gc,stats    ]      Old Subphase: Concurrent Mark Root Colored                  0.000 / 0.000         0.091 / 0.329         0.091 / 0.329         0.091 / 0.329       ms
[2026-04-03T06:29:59.689+0600][64.003s][info][gc,stats    ]      Old Subphase: Concurrent Mark Root Uncolored                0.000 / 0.000         0.181 / 0.514         0.181 / 0.514         0.181 / 0.514       ms
[2026-04-03T06:29:59.689+0600][64.003s][info][gc,stats    ]      Old Subphase: Concurrent Mark Roots                         0.000 / 0.000         0.754 / 2.470         0.754 / 2.470         0.754 / 2.470       ms
[2026-04-03T06:29:59.689+0600][64.003s][info][gc,stats    ]      Old Subphase: Concurrent References Enqueue                 0.018 / 0.018         0.097 / 0.841         0.097 / 0.841         0.097 / 0.841       ms
[2026-04-03T06:29:59.689+0600][64.003s][info][gc,stats    ]      Old Subphase: Concurrent References Process                 0.205 / 0.205         0.421 / 2.172         0.421 / 2.172         0.421 / 2.172       ms
[2026-04-03T06:29:59.689+0600][64.003s][info][gc,stats    ]      Old Subphase: Concurrent Remap Remembered                  13.252 / 13.300       16.153 / 30.513       16.153 / 30.513       16.153 / 30.513      ms
[2026-04-03T06:29:59.689+0600][64.003s][info][gc,stats    ]      Old Subphase: Concurrent Remap Roots Colored                0.535 / 0.540         0.727 / 1.360         0.727 / 1.360         0.727 / 1.360       ms
[2026-04-03T06:29:59.689+0600][64.003s][info][gc,stats    ]      Old Subphase: Concurrent Remap Roots Uncolored              0.904 / 0.906         0.875 / 2.347         0.875 / 2.347         0.875 / 2.347       ms
[2026-04-03T06:29:59.690+0600][64.003s][info][gc,stats    ]      Old Subphase: Concurrent Roots ClassLoaderDataGraph         0.463 / 0.463         0.447 / 1.237         0.447 / 1.237         0.447 / 1.237       ms
[2026-04-03T06:29:59.690+0600][64.003s][info][gc,stats    ]      Old Subphase: Concurrent Roots CodeCache                    0.882 / 0.889         0.851 / 2.251         0.851 / 2.251         0.851 / 2.251       ms
[2026-04-03T06:29:59.690+0600][64.003s][info][gc,stats    ]      Old Subphase: Concurrent Roots JavaThreads                  0.018 / 0.028         0.057 / 0.513         0.057 / 0.513         0.057 / 0.513       ms
[2026-04-03T06:29:59.690+0600][64.003s][info][gc,stats    ]      Old Subphase: Concurrent Roots OopStorageSet                0.003 / 0.007         0.026 / 0.302         0.026 / 0.302         0.026 / 0.302       ms
[2026-04-03T06:29:59.690+0600][64.003s][info][gc,stats    ]      Old Subphase: Concurrent Weak Roots OopStorageSet           0.243 / 0.773         0.254 / 1.367         0.254 / 1.367         0.254 / 1.367       ms
[2026-04-03T06:29:59.690+0600][64.003s][info][gc,stats    ]            System: Java Threads                                     10 / 10               15 / 24               15 / 24               15 / 24          threads
[2026-04-03T06:29:59.690+0600][64.003s][info][gc,stats    ]  Young Generation: Young Generation                              0.000 / 0.000       472.833 / 1031.990    472.833 / 1031.990    472.833 / 1031.990    ms
[2026-04-03T06:29:59.690+0600][64.003s][info][gc,stats    ]  Young Generation: Young Generation                            503.262 / 1216.611    470.508 / 1216.611    470.508 / 1216.611    470.508 / 1216.611    ms
[2026-04-03T06:29:59.690+0600][64.003s][info][gc,stats    ]  Young Generation: Young Generation (Collect Roots)              0.000 / 0.000         8.170 / 8.170         8.170 / 8.170         8.170 / 8.170       ms
[2026-04-03T06:29:59.690+0600][64.003s][info][gc,stats    ]  Young Generation: Young Generation (Promote All)                0.000 / 0.000        52.177 / 52.177       52.177 / 52.177       52.177 / 52.177      ms
[2026-04-03T06:29:59.690+0600][64.003s][info][gc,stats    ]       Young Pause: Pause Mark End                                0.078 / 0.169         0.045 / 0.169         0.045 / 0.169         0.045 / 0.169       ms
[2026-04-03T06:29:59.690+0600][64.003s][info][gc,stats    ]       Young Pause: Pause Mark Start                              0.043 / 0.091         0.041 / 0.126         0.041 / 0.126         0.041 / 0.126       ms
[2026-04-03T06:29:59.690+0600][64.003s][info][gc,stats    ]       Young Pause: Pause Mark Start (Major)                      0.000 / 0.000         0.033 / 0.093         0.033 / 0.093         0.033 / 0.093       ms
[2026-04-03T06:29:59.690+0600][64.003s][info][gc,stats    ]       Young Pause: Pause Relocate Start                          0.060 / 0.099         0.038 / 0.099         0.038 / 0.099         0.038 / 0.099       ms
[2026-04-03T06:29:59.690+0600][64.003s][info][gc,stats    ]       Young Phase: Concurrent Mark                             374.005 / 927.292     327.934 / 927.292     327.934 / 927.292     327.934 / 927.292     ms
[2026-04-03T06:29:59.690+0600][64.003s][info][gc,stats    ]       Young Phase: Concurrent Mark Continue                      0.000 / 0.000         0.000 / 0.000         0.000 / 0.000         0.000 / 0.000       ms
[2026-04-03T06:29:59.690+0600][64.003s][info][gc,stats    ]       Young Phase: Concurrent Mark Free                          0.002 / 0.004         0.007 / 0.270         0.007 / 0.270         0.007 / 0.270       ms
[2026-04-03T06:29:59.690+0600][64.003s][info][gc,stats    ]       Young Phase: Concurrent Relocate                          97.479 / 245.631      99.324 / 266.077      99.324 / 266.077      99.324 / 266.077     ms
[2026-04-03T06:29:59.690+0600][64.003s][info][gc,stats    ]       Young Phase: Concurrent Reset Relocation Set               0.075 / 0.172         0.082 / 0.176         0.082 / 0.176         0.082 / 0.176       ms
[2026-04-03T06:29:59.690+0600][64.003s][info][gc,stats    ]       Young Phase: Concurrent Select Relocation Set             24.657 / 60.120       22.686 / 100.705      22.686 / 100.705      22.686 / 100.705     ms
[2026-04-03T06:29:59.690+0600][64.003s][info][gc,stats    ]    Young Subphase: Concurrent Mark Follow                      371.455 / 925.420     322.963 / 925.420     322.963 / 925.420     322.963 / 925.420     ms
[2026-04-03T06:29:59.690+0600][64.003s][info][gc,stats    ]    Young Subphase: Concurrent Mark Root Colored                  0.719 / 1.060         1.075 / 4.736         1.075 / 4.736         1.075 / 4.736       ms
[2026-04-03T06:29:59.690+0600][64.003s][info][gc,stats    ]    Young Subphase: Concurrent Mark Root Uncolored                1.498 / 2.052         2.715 / 12.149        2.715 / 12.149        2.715 / 12.149      ms
[2026-04-03T06:29:59.690+0600][64.003s][info][gc,stats    ]    Young Subphase: Concurrent Mark Roots                         2.460 / 2.925         4.961 / 16.499        4.961 / 16.499        4.961 / 16.499      ms
[2026-04-03T06:29:59.690+0600][64.003s][info][gc,stats    ]    Young Subphase: Concurrent Relocate Remset FP                15.703 / 93.112       23.207 / 113.875      23.207 / 113.875      23.207 / 113.875     ms
[2026-04-03T06:29:59.690+0600][64.003s][info][gc,stats    ]    Young Subphase: Concurrent Roots ClassLoaderDataGraph         0.446 / 0.743         0.670 / 3.739         0.670 / 3.739         0.670 / 3.739       ms
[2026-04-03T06:29:59.690+0600][64.003s][info][gc,stats    ]    Young Subphase: Concurrent Roots CodeCache                    1.424 / 1.979         2.455 / 11.801        2.455 / 11.801        2.455 / 11.801      ms
[2026-04-03T06:29:59.690+0600][64.003s][info][gc,stats    ]    Young Subphase: Concurrent Roots JavaThreads                  0.042 / 0.130         0.138 / 3.701         0.138 / 3.701         0.138 / 3.701       ms
[2026-04-03T06:29:59.690+0600][64.003s][info][gc,stats    ]    Young Subphase: Concurrent Roots OopStorageSet                0.017 / 0.074         0.022 / 0.111         0.022 / 0.111         0.022 / 0.111       ms
[2026-04-03T06:29:59.690+0600][64.003s][info][gc,stats    ]    Young Subphase: Concurrent Weak Roots OopStorageSet           0.258 / 0.452         0.480 / 1.912         0.480 / 1.912         0.480 / 1.912       ms
[2026-04-03T06:29:59.690+0600][64.003s][info][gc,stats    ] =========================================================================================================================================================
[2026-04-03T06:29:59.690+0600][64.004s][info][gc,heap,exit] Heap
[2026-04-03T06:29:59.690+0600][64.004s][info][gc,heap,exit]  ZHeap           used 1308M, capacity 3196M, max capacity 3922M
[2026-04-03T06:29:59.690+0600][64.004s][info][gc,heap,exit]  Metaspace       used 10499K, committed 10752K, reserved 1114112K
[2026-04-03T06:29:59.690+0600][64.004s][info][gc,heap,exit]   class space    used 909K, committed 1024K, reserved 1048576K
