[2026-04-03T06:55:48.481+0600][0.005s][info][gc,init] CardTable entry size: 512
[2026-04-03T06:55:48.482+0600][0.005s][info][gc     ] Using G1
[2026-04-03T06:55:48.485+0600][0.009s][info][gc,init] Version: 21.0.10+7-Ubuntu-124.04 (release)
[2026-04-03T06:55:48.485+0600][0.009s][info][gc,init] CPUs: 12 total, 12 available
[2026-04-03T06:55:48.485+0600][0.009s][info][gc,init] Memory: 15683M
[2026-04-03T06:55:48.485+0600][0.009s][info][gc,init] Large Page Support: Disabled
[2026-04-03T06:55:48.485+0600][0.009s][info][gc,init] NUMA Support: Disabled
[2026-04-03T06:55:48.485+0600][0.009s][info][gc,init] Compressed Oops: Enabled (Zero based)
[2026-04-03T06:55:48.485+0600][0.009s][info][gc,init] Heap Region Size: 2M
[2026-04-03T06:55:48.485+0600][0.009s][info][gc,init] Heap Min Capacity: 8M
[2026-04-03T06:55:48.485+0600][0.009s][info][gc,init] Heap Initial Capacity: 246M
[2026-04-03T06:55:48.485+0600][0.009s][info][gc,init] Heap Max Capacity: 3922M
[2026-04-03T06:55:48.485+0600][0.009s][info][gc,init] Pre-touch: Disabled
[2026-04-03T06:55:48.485+0600][0.009s][info][gc,init] Parallel Workers: 10
[2026-04-03T06:55:48.485+0600][0.009s][info][gc,init] Concurrent Workers: 3
[2026-04-03T06:55:48.485+0600][0.009s][info][gc,init] Concurrent Refinement Workers: 10
[2026-04-03T06:55:48.485+0600][0.009s][info][gc,init] Periodic GC: Disabled
[2026-04-03T06:55:48.503+0600][0.026s][info][gc,metaspace] CDS archive(s) mapped at: [0x000077a707000000-0x000077a707c9c000-0x000077a707c9c000), size 13221888, SharedBaseAddress: 0x000077a707000000, ArchiveRelocationMode: 1.
[2026-04-03T06:55:48.503+0600][0.026s][info][gc,metaspace] Compressed class space mapped at: 0x000077a708000000-0x000077a748000000, reserved size: 1073741824
[2026-04-03T06:55:48.503+0600][0.026s][info][gc,metaspace] Narrow klass base: 0x000077a707000000, Narrow klass shift: 0, Narrow klass range: 0x100000000
[2026-04-03T06:55:48.897+0600][0.420s][info][gc,start    ] GC(0) Pause Young (Normal) (G1 Evacuation Pause)
[2026-04-03T06:55:48.898+0600][0.422s][info][gc,task     ] GC(0) Using 5 workers of 10 for evacuation
[2026-04-03T06:55:48.901+0600][0.424s][info][gc,phases   ] GC(0)   Pre Evacuate Collection Set: 0.23ms
[2026-04-03T06:55:48.901+0600][0.425s][info][gc,phases   ] GC(0)   Merge Heap Roots: 0.16ms
[2026-04-03T06:55:48.901+0600][0.425s][info][gc,phases   ] GC(0)   Evacuate Collection Set: 1.89ms
[2026-04-03T06:55:48.901+0600][0.425s][info][gc,phases   ] GC(0)   Post Evacuate Collection Set: 0.36ms
[2026-04-03T06:55:48.901+0600][0.425s][info][gc,phases   ] GC(0)   Other: 1.28ms
[2026-04-03T06:55:48.901+0600][0.425s][info][gc,heap     ] GC(0) Eden regions: 11->0(22)
[2026-04-03T06:55:48.901+0600][0.425s][info][gc,heap     ] GC(0) Survivor regions: 0->2(2)
[2026-04-03T06:55:48.901+0600][0.425s][info][gc,heap     ] GC(0) Old regions: 1->1
[2026-04-03T06:55:48.901+0600][0.425s][info][gc,heap     ] GC(0) Humongous regions: 0->0
[2026-04-03T06:55:48.901+0600][0.425s][info][gc,metaspace] GC(0) Metaspace: 2533K(2688K)->2533K(2688K) NonClass: 2304K(2368K)->2304K(2368K) Class: 228K(320K)->228K(320K)
[2026-04-03T06:55:48.901+0600][0.425s][info][gc          ] GC(0) Pause Young (Normal) (G1 Evacuation Pause) 23M->3M(248M) 4.369ms
[2026-04-03T06:55:48.901+0600][0.425s][info][gc,cpu      ] GC(0) User=0.01s Sys=0.00s Real=0.00s
[2026-04-03T06:55:49.046+0600][0.570s][info][gc,start    ] GC(1) Pause Young (Normal) (G1 Evacuation Pause)
[2026-04-03T06:55:49.046+0600][0.570s][info][gc,task     ] GC(1) Using 5 workers of 10 for evacuation
[2026-04-03T06:55:49.050+0600][0.574s][info][gc,phases   ] GC(1)   Pre Evacuate Collection Set: 0.41ms
[2026-04-03T06:55:49.050+0600][0.574s][info][gc,phases   ] GC(1)   Merge Heap Roots: 0.11ms
[2026-04-03T06:55:49.050+0600][0.574s][info][gc,phases   ] GC(1)   Evacuate Collection Set: 2.35ms
[2026-04-03T06:55:49.050+0600][0.574s][info][gc,phases   ] GC(1)   Post Evacuate Collection Set: 0.62ms
[2026-04-03T06:55:49.050+0600][0.574s][info][gc,phases   ] GC(1)   Other: 0.15ms
[2026-04-03T06:55:49.050+0600][0.574s][info][gc,heap     ] GC(1) Eden regions: 22->0(71)
[2026-04-03T06:55:49.050+0600][0.574s][info][gc,heap     ] GC(1) Survivor regions: 2->2(3)
[2026-04-03T06:55:49.050+0600][0.574s][info][gc,heap     ] GC(1) Old regions: 1->1
[2026-04-03T06:55:49.050+0600][0.574s][info][gc,heap     ] GC(1) Humongous regions: 0->0
[2026-04-03T06:55:49.050+0600][0.574s][info][gc,metaspace] GC(1) Metaspace: 3810K(3968K)->3810K(3968K) NonClass: 3377K(3456K)->3377K(3456K) Class: 432K(512K)->432K(512K)
[2026-04-03T06:55:49.050+0600][0.574s][info][gc          ] GC(1) Pause Young (Normal) (G1 Evacuation Pause) 47M->3M(248M) 4.134ms
[2026-04-03T06:55:49.050+0600][0.574s][info][gc,cpu      ] GC(1) User=0.01s Sys=0.00s Real=0.00s
[2026-04-03T06:55:49.562+0600][1.086s][info][gc,start    ] GC(2) Pause Young (Normal) (G1 Evacuation Pause)
[2026-04-03T06:55:49.562+0600][1.086s][info][gc,task     ] GC(2) Using 5 workers of 10 for evacuation
[2026-04-03T06:55:49.566+0600][1.090s][info][gc,phases   ] GC(2)   Pre Evacuate Collection Set: 0.17ms
[2026-04-03T06:55:49.566+0600][1.090s][info][gc,phases   ] GC(2)   Merge Heap Roots: 0.11ms
[2026-04-03T06:55:49.566+0600][1.090s][info][gc,phases   ] GC(2)   Evacuate Collection Set: 2.85ms
[2026-04-03T06:55:49.566+0600][1.090s][info][gc,phases   ] GC(2)   Post Evacuate Collection Set: 0.61ms
[2026-04-03T06:55:49.566+0600][1.090s][info][gc,phases   ] GC(2)   Other: 0.09ms
[2026-04-03T06:55:49.566+0600][1.090s][info][gc,heap     ] GC(2) Eden regions: 71->0(71)
[2026-04-03T06:55:49.566+0600][1.090s][info][gc,heap     ] GC(2) Survivor regions: 2->2(10)
[2026-04-03T06:55:49.566+0600][1.090s][info][gc,heap     ] GC(2) Old regions: 1->1
[2026-04-03T06:55:49.566+0600][1.090s][info][gc,heap     ] GC(2) Humongous regions: 0->0
[2026-04-03T06:55:49.566+0600][1.090s][info][gc,metaspace] GC(2) Metaspace: 9920K(10176K)->9920K(10176K) NonClass: 8667K(8832K)->8667K(8832K) Class: 1253K(1344K)->1253K(1344K)
[2026-04-03T06:55:49.566+0600][1.090s][info][gc          ] GC(2) Pause Young (Normal) (G1 Evacuation Pause) 145M->4M(248M) 4.111ms
[2026-04-03T06:55:49.566+0600][1.090s][info][gc,cpu      ] GC(2) User=0.02s Sys=0.00s Real=0.01s
[2026-04-03T06:55:49.775+0600][1.299s][info][gc,start    ] GC(3) Pause Full (System.gc())
[2026-04-03T06:55:49.775+0600][1.299s][info][gc,task     ] GC(3) Using 5 workers of 10 for full compaction
[2026-04-03T06:55:49.776+0600][1.299s][info][gc,phases,start] GC(3) Phase 1: Mark live objects
[2026-04-03T06:55:49.789+0600][1.312s][info][gc,phases      ] GC(3) Phase 1: Mark live objects 13.143ms
[2026-04-03T06:55:49.789+0600][1.312s][info][gc,phases,start] GC(3) Phase 2: Prepare compaction
[2026-04-03T06:55:49.797+0600][1.321s][info][gc,phases      ] GC(3) Phase 2: Prepare compaction 8.520ms
[2026-04-03T06:55:49.798+0600][1.321s][info][gc,phases,start] GC(3) Phase 3: Adjust pointers
[2026-04-03T06:55:49.804+0600][1.327s][info][gc,phases      ] GC(3) Phase 3: Adjust pointers 6.124ms
[2026-04-03T06:55:49.804+0600][1.327s][info][gc,phases,start] GC(3) Phase 4: Compact heap
[2026-04-03T06:55:49.814+0600][1.337s][info][gc,phases      ] GC(3) Phase 4: Compact heap 9.853ms
[2026-04-03T06:55:49.814+0600][1.337s][info][gc,phases,start] GC(3) Phase 5: Reset Metadata
[2026-04-03T06:55:49.814+0600][1.338s][info][gc,phases      ] GC(3) Phase 5: Reset Metadata 0.338ms
[2026-04-03T06:55:49.817+0600][1.340s][info][gc,heap        ] GC(3) Eden regions: 45->0(32)
[2026-04-03T06:55:49.817+0600][1.340s][info][gc,heap        ] GC(3) Survivor regions: 2->0(10)
[2026-04-03T06:55:49.817+0600][1.340s][info][gc,heap        ] GC(3) Old regions: 1->16
[2026-04-03T06:55:49.817+0600][1.340s][info][gc,heap        ] GC(3) Humongous regions: 0->0
[2026-04-03T06:55:49.817+0600][1.340s][info][gc,metaspace   ] GC(3) Metaspace: 11996K(12224K)->11996K(12224K) NonClass: 10383K(10496K)->10383K(10496K) Class: 1612K(1728K)->1612K(1728K)
[2026-04-03T06:55:49.817+0600][1.340s][info][gc             ] GC(3) Pause Full (System.gc()) 93M->25M(108M) 41.425ms
[2026-04-03T06:55:49.817+0600][1.340s][info][gc,cpu         ] GC(3) User=0.16s Sys=0.02s Real=0.04s
[2026-04-03T06:55:50.257+0600][1.781s][info][gc,start       ] GC(4) Pause Full (System.gc())
[2026-04-03T06:55:50.257+0600][1.781s][info][gc,task        ] GC(4) Using 3 workers of 10 for full compaction
[2026-04-03T06:55:50.257+0600][1.781s][info][gc,phases,start] GC(4) Phase 1: Mark live objects
[2026-04-03T06:55:50.273+0600][1.797s][info][gc,phases      ] GC(4) Phase 1: Mark live objects 15.947ms
[2026-04-03T06:55:50.273+0600][1.797s][info][gc,phases,start] GC(4) Phase 2: Prepare compaction
[2026-04-03T06:55:50.275+0600][1.798s][info][gc,phases      ] GC(4) Phase 2: Prepare compaction 1.439ms
[2026-04-03T06:55:50.275+0600][1.798s][info][gc,phases,start] GC(4) Phase 3: Adjust pointers
[2026-04-03T06:55:50.280+0600][1.803s][info][gc,phases      ] GC(4) Phase 3: Adjust pointers 5.120ms
[2026-04-03T06:55:50.280+0600][1.804s][info][gc,phases,start] GC(4) Phase 4: Compact heap
[2026-04-03T06:55:50.282+0600][1.806s][info][gc,phases      ] GC(4) Phase 4: Compact heap 2.161ms
[2026-04-03T06:55:50.282+0600][1.806s][info][gc,phases,start] GC(4) Phase 5: Reset Metadata
[2026-04-03T06:55:50.286+0600][1.809s][info][gc,phases      ] GC(4) Phase 5: Reset Metadata 3.253ms
[2026-04-03T06:55:50.287+0600][1.811s][info][gc,heap        ] GC(4) Eden regions: 20->0(30)
[2026-04-03T06:55:50.287+0600][1.811s][info][gc,heap        ] GC(4) Survivor regions: 0->0(10)
[2026-04-03T06:55:50.287+0600][1.811s][info][gc,heap        ] GC(4) Old regions: 16->15
[2026-04-03T06:55:50.287+0600][1.811s][info][gc,heap        ] GC(4) Humongous regions: 0->0
[2026-04-03T06:55:50.287+0600][1.811s][info][gc,metaspace   ] GC(4) Metaspace: 12390K(12672K)->12390K(12672K) NonClass: 10714K(10880K)->10714K(10880K) Class: 1676K(1792K)->1676K(1792K)
[2026-04-03T06:55:50.287+0600][1.811s][info][gc             ] GC(4) Pause Full (System.gc()) 65M->25M(100M) 30.069ms
[2026-04-03T06:55:50.287+0600][1.811s][info][gc,cpu         ] GC(4) User=0.10s Sys=0.00s Real=0.03s
[2026-04-03T06:55:50.523+0600][2.047s][info][gc,start       ] GC(5) Pause Full (System.gc())
[2026-04-03T06:55:50.523+0600][2.047s][info][gc,task        ] GC(5) Using 2 workers of 10 for full compaction
[2026-04-03T06:55:50.523+0600][2.047s][info][gc,phases,start] GC(5) Phase 1: Mark live objects
[2026-04-03T06:55:50.543+0600][2.066s][info][gc,phases      ] GC(5) Phase 1: Mark live objects 19.061ms
[2026-04-03T06:55:50.543+0600][2.066s][info][gc,phases,start] GC(5) Phase 2: Prepare compaction
[2026-04-03T06:55:50.543+0600][2.067s][info][gc,phases      ] GC(5) Phase 2: Prepare compaction 0.632ms
[2026-04-03T06:55:50.543+0600][2.067s][info][gc,phases,start] GC(5) Phase 3: Adjust pointers
[2026-04-03T06:55:50.550+0600][2.074s][info][gc,phases      ] GC(5) Phase 3: Adjust pointers 6.905ms
[2026-04-03T06:55:50.550+0600][2.074s][info][gc,phases,start] GC(5) Phase 4: Compact heap
[2026-04-03T06:55:50.551+0600][2.074s][info][gc,phases      ] GC(5) Phase 4: Compact heap 0.622ms
[2026-04-03T06:55:50.551+0600][2.074s][info][gc,phases,start] GC(5) Phase 5: Reset Metadata
[2026-04-03T06:55:50.555+0600][2.079s][info][gc,phases      ] GC(5) Phase 5: Reset Metadata 4.529ms
[2026-04-03T06:55:50.557+0600][2.080s][info][gc,heap        ] GC(5) Eden regions: 16->0(28)
[2026-04-03T06:55:50.557+0600][2.080s][info][gc,heap        ] GC(5) Survivor regions: 0->0(10)
[2026-04-03T06:55:50.557+0600][2.080s][info][gc,heap        ] GC(5) Old regions: 15->14
[2026-04-03T06:55:50.557+0600][2.080s][info][gc,heap        ] GC(5) Humongous regions: 0->0
[2026-04-03T06:55:50.557+0600][2.080s][info][gc,metaspace   ] GC(5) Metaspace: 12393K(12672K)->12393K(12672K) NonClass: 10717K(10880K)->10717K(10880K) Class: 1676K(1792K)->1676K(1792K)
[2026-04-03T06:55:50.557+0600][2.080s][info][gc             ] GC(5) Pause Full (System.gc()) 56M->25M(94M) 33.721ms
[2026-04-03T06:55:50.557+0600][2.080s][info][gc,cpu         ] GC(5) User=0.06s Sys=0.01s Real=0.03s
[2026-04-03T06:55:50.857+0600][2.381s][info][gc,heap,exit   ] Heap
[2026-04-03T06:55:50.857+0600][2.381s][info][gc,heap,exit   ]  garbage-first heap   total 96256K, used 71651K [0x000000070ae00000, 0x0000000800000000)
[2026-04-03T06:55:50.857+0600][2.381s][info][gc,heap,exit   ]   region size 2048K, 23 young (47104K), 0 survivors (0K)
[2026-04-03T06:55:50.857+0600][2.381s][info][gc,heap,exit   ]  Metaspace       used 12782K, committed 12928K, reserved 1114112K
[2026-04-03T06:55:50.857+0600][2.381s][info][gc,heap,exit   ]   class space    used 1796K, committed 1856K, reserved 1048576K
