[2026-04-03T06:55:45.356+0600][0.007s][info][gc,init] Initializing The Z Garbage Collector
[2026-04-03T06:55:45.356+0600][0.007s][info][gc,init] Version: 21.0.10+7-Ubuntu-124.04 (release)
[2026-04-03T06:55:45.356+0600][0.007s][info][gc,init] NUMA Support: Disabled
[2026-04-03T06:55:45.356+0600][0.007s][info][gc,init] CPUs: 12 total, 12 available
[2026-04-03T06:55:45.356+0600][0.007s][info][gc,init] Memory: 15683M
[2026-04-03T06:55:45.356+0600][0.007s][info][gc,init] Large Page Support: Disabled
[2026-04-03T06:55:45.356+0600][0.007s][info][gc,init] Address Space Type: Contiguous/Unrestricted/Complete
[2026-04-03T06:55:45.356+0600][0.007s][info][gc,init] Address Space Size: 62752M
[2026-04-03T06:55:45.356+0600][0.007s][info][gc,init] Heap Backing File: /memfd:java_heap
[2026-04-03T06:55:45.356+0600][0.007s][info][gc,init] Heap Backing Filesystem: tmpfs (0x1021994)
[2026-04-03T06:55:45.356+0600][0.008s][info][gc,init] Min Capacity: 8M
[2026-04-03T06:55:45.357+0600][0.008s][info][gc,init] Initial Capacity: 246M
[2026-04-03T06:55:45.357+0600][0.008s][info][gc,init] Max Capacity: 3922M
[2026-04-03T06:55:45.357+0600][0.008s][info][gc,init] Soft Max Capacity: 3529M
[2026-04-03T06:55:45.357+0600][0.008s][info][gc,init] Medium Page Size: 32M
[2026-04-03T06:55:45.357+0600][0.008s][info][gc,init] Pre-touch: Disabled
[2026-04-03T06:55:45.357+0600][0.008s][info][gc,init] Available space on backing filesystem: N/A
[2026-04-03T06:55:45.358+0600][0.010s][info][gc,init] Uncommit: Enabled
[2026-04-03T06:55:45.358+0600][0.010s][info][gc,init] Uncommit Delay: 300s
[2026-04-03T06:55:45.359+0600][0.010s][info][gc,init] GC Workers for Old Generation: 3 (dynamic)
[2026-04-03T06:55:45.360+0600][0.011s][info][gc,init] GC Workers for Young Generation: 3 (dynamic)
[2026-04-03T06:55:45.458+0600][0.110s][info][gc,init] GC Workers Max: 3 (dynamic)
[2026-04-03T06:55:45.459+0600][0.110s][info][gc,init] Runtime Workers: 8
[2026-04-03T06:55:45.460+0600][0.111s][info][gc     ] Using The Z Garbage Collector
[2026-04-03T06:55:45.470+0600][0.121s][info][gc,metaspace] CDS archive(s) mapped at: [0x00007c0dab000000-0x00007c0dabc9c000-0x00007c0dabc9c000), size 13221888, SharedBaseAddress: 0x00007c0dab000000, ArchiveRelocationMode: 1.
[2026-04-03T06:55:45.470+0600][0.121s][info][gc,metaspace] Compressed class space mapped at: 0x00007c0dac000000-0x00007c0dec000000, reserved size: 1073741824
[2026-04-03T06:55:45.470+0600][0.121s][info][gc,metaspace] Narrow klass base: 0x00007c0dab000000, Narrow klass shift: 0, Narrow klass range: 0x100000000
[2026-04-03T06:55:46.794+0600][1.446s][info][gc          ] GC(0) Major Collection (Warmup)
[2026-04-03T06:55:46.795+0600][1.446s][info][gc,task     ] GC(0) Using 3 Workers for Young Generation
[2026-04-03T06:55:46.795+0600][1.446s][info][gc,task     ] GC(0) Using 2 Workers for Old Generation
[2026-04-03T06:55:46.795+0600][1.446s][info][gc,phases   ] GC(0) Y: Young Generation
[2026-04-03T06:55:46.795+0600][1.446s][info][gc,phases   ] GC(0) Y: Pause Mark Start (Major) 0.018ms
[2026-04-03T06:55:46.806+0600][1.457s][info][gc,phases   ] GC(0) Y: Concurrent Mark 10.771ms
[2026-04-03T06:55:46.806+0600][1.457s][info][gc,phases   ] GC(0) Y: Pause Mark End 0.018ms
[2026-04-03T06:55:46.806+0600][1.457s][info][gc,phases   ] GC(0) Y: Concurrent Mark Free 0.001ms
[2026-04-03T06:55:46.806+0600][1.457s][info][gc,phases   ] GC(0) Y: Concurrent Reset Relocation Set 0.000ms
[2026-04-03T06:55:46.812+0600][1.463s][info][gc,reloc    ] GC(0) Y: Using tenuring threshold: 1 (Computed)
[2026-04-03T06:55:46.813+0600][1.464s][info][gc,phases   ] GC(0) Y: Concurrent Select Relocation Set 7.082ms
[2026-04-03T06:55:46.813+0600][1.465s][info][gc,phases   ] GC(0) Y: Pause Relocate Start 0.014ms
[2026-04-03T06:55:46.820+0600][1.471s][info][gc,phases   ] GC(0) Y: Concurrent Relocate 6.199ms
[2026-04-03T06:55:46.820+0600][1.471s][info][gc,alloc    ] GC(0) Y:                         Mark Start        Mark End      Relocate Start    Relocate End   
[2026-04-03T06:55:46.820+0600][1.471s][info][gc,alloc    ] GC(0) Y: Allocation Stalls:          0                0                0                0         
[2026-04-03T06:55:46.820+0600][1.471s][info][gc,load     ] GC(0) Y: Load: 9.27 (77%) / 8.14 (68%) / 7.50 (63%)
[2026-04-03T06:55:46.820+0600][1.471s][info][gc,mmu      ] GC(0) Y: MMU: 2ms/99.1%, 5ms/99.6%, 10ms/99.7%, 20ms/99.8%, 50ms/99.9%, 100ms/100.0%
[2026-04-03T06:55:46.820+0600][1.471s][info][gc,marking  ] GC(0) Y: Mark: 2 stripe(s), 2 proactive flush(es), 1 terminate flush(es), 0 completion(s), 0 continuation(s) 
[2026-04-03T06:55:46.820+0600][1.471s][info][gc,marking  ] GC(0) Y: Mark Stack Usage: 32M
[2026-04-03T06:55:46.820+0600][1.471s][info][gc,nmethod  ] GC(0) Y: NMethods: 1205 registered, 0 unregistered
[2026-04-03T06:55:46.820+0600][1.471s][info][gc,metaspace] GC(0) Y: Metaspace: 11M used, 11M committed, 1088M reserved
[2026-04-03T06:55:46.820+0600][1.471s][info][gc,reloc    ] GC(0) Y:                        Candidates     Selected     In-Place         Size        Empty    Relocated 
[2026-04-03T06:55:46.820+0600][1.471s][info][gc,reloc    ] GC(0) Y: Small Pages:                  177          174            0         354M           0M           2M 
[2026-04-03T06:55:46.820+0600][1.471s][info][gc,reloc    ] GC(0) Y: Medium Pages:                   0            0            0           0M           0M           0M 
[2026-04-03T06:55:46.820+0600][1.471s][info][gc,reloc    ] GC(0) Y: Large Pages:                    0            0            0           0M           0M           0M 
[2026-04-03T06:55:46.820+0600][1.471s][info][gc,reloc    ] GC(0) Y: Forwarding Usage: 1M
[2026-04-03T06:55:46.820+0600][1.471s][info][gc,reloc    ] GC(0) Y: Age Table:
[2026-04-03T06:55:46.820+0600][1.471s][info][gc,reloc    ] GC(0) Y:                    Live             Garbage             Small              Medium             Large        
[2026-04-03T06:55:46.820+0600][1.471s][info][gc,reloc    ] GC(0) Y: Eden               4M (0%)          349M (9%)         177 / 174            0 / 0              0 / 0        
[2026-04-03T06:55:46.820+0600][1.471s][info][gc,heap     ] GC(0) Y: Min Capacity: 8M(0%)
[2026-04-03T06:55:46.820+0600][1.471s][info][gc,heap     ] GC(0) Y: Max Capacity: 3922M(100%)
[2026-04-03T06:55:46.820+0600][1.471s][info][gc,heap     ] GC(0) Y: Soft Max Capacity: 3529M(90%)
[2026-04-03T06:55:46.820+0600][1.471s][info][gc,heap     ] GC(0) Y: Heap Statistics:
[2026-04-03T06:55:46.820+0600][1.471s][info][gc,heap     ] GC(0) Y:                Mark Start          Mark End        Relocate Start      Relocate End           High               Low         
[2026-04-03T06:55:46.820+0600][1.471s][info][gc,heap     ] GC(0) Y:  Capacity:      354M (9%)          360M (9%)          362M (9%)          372M (9%)          372M (9%)          354M (9%)     
[2026-04-03T06:55:46.820+0600][1.471s][info][gc,heap     ] GC(0) Y:      Free:     3568M (91%)        3562M (91%)        3560M (91%)        3902M (99%)        3902M (99%)        3550M (91%)    
[2026-04-03T06:55:46.820+0600][1.471s][info][gc,heap     ] GC(0) Y:      Used:      354M (9%)          360M (9%)          362M (9%)           20M (1%)          372M (9%)           20M (1%)     
[2026-04-03T06:55:46.820+0600][1.471s][info][gc,heap     ] GC(0) Y: Young Generation Statistics:
[2026-04-03T06:55:46.820+0600][1.471s][info][gc,heap     ] GC(0) Y:                Mark Start          Mark End        Relocate Start      Relocate End    
[2026-04-03T06:55:46.820+0600][1.471s][info][gc,heap     ] GC(0) Y:      Used:      354M (9%)          360M (9%)          362M (9%)           20M (1%)     
[2026-04-03T06:55:46.820+0600][1.471s][info][gc,heap     ] GC(0) Y:      Live:         -                 4M (0%)            4M (0%)            4M (0%)     
[2026-04-03T06:55:46.820+0600][1.471s][info][gc,heap     ] GC(0) Y:   Garbage:         -               349M (9%)          349M (9%)            0M (0%)     
[2026-04-03T06:55:46.820+0600][1.471s][info][gc,heap     ] GC(0) Y: Allocated:         -                 6M (0%)            8M (0%)           14M (0%)     
[2026-04-03T06:55:46.820+0600][1.471s][info][gc,heap     ] GC(0) Y: Reclaimed:         -                  -                 0M (0%)          348M (9%)     
[2026-04-03T06:55:46.820+0600][1.471s][info][gc,heap     ] GC(0) Y:  Promoted:         -                  -                 0M (0%)            0M (0%)     
[2026-04-03T06:55:46.820+0600][1.471s][info][gc,heap     ] GC(0) Y: Compacted:         -                  -                  -                 3M (0%)     
[2026-04-03T06:55:46.820+0600][1.471s][info][gc,phases   ] GC(0) Y: Young Generation 354M(9%)->20M(1%) 0.025s
[2026-04-03T06:55:46.820+0600][1.471s][info][gc,phases   ] GC(0) O: Old Generation
[2026-04-03T06:55:46.821+0600][1.472s][info][gc,phases   ] GC(0) O: Concurrent Mark 1.025ms
[2026-04-03T06:55:46.821+0600][1.473s][info][gc,phases   ] GC(0) O: Pause Mark End 0.027ms
[2026-04-03T06:55:46.822+0600][1.473s][info][gc,phases   ] GC(0) O: Concurrent Mark Free 0.021ms
[2026-04-03T06:55:46.824+0600][1.475s][info][gc,phases   ] GC(0) O: Concurrent Process Non-Strong 2.029ms
[2026-04-03T06:55:46.824+0600][1.475s][info][gc,phases   ] GC(0) O: Concurrent Reset Relocation Set 0.001ms
[2026-04-03T06:55:46.828+0600][1.479s][info][gc,phases   ] GC(0) O: Concurrent Select Relocation Set 4.110ms
[2026-04-03T06:55:46.828+0600][1.479s][info][gc,task     ] GC(0) O: Using 3 Workers for Old Generation
[2026-04-03T06:55:46.841+0600][1.492s][info][gc,task     ] GC(0) O: Using 2 Workers for Old Generation
[2026-04-03T06:55:46.841+0600][1.492s][info][gc,phases   ] GC(0) O: Concurrent Remap Roots 12.982ms
[2026-04-03T06:55:46.841+0600][1.492s][info][gc,phases   ] GC(0) O: Pause Relocate Start 0.017ms
[2026-04-03T06:55:46.841+0600][1.492s][info][gc,phases   ] GC(0) O: Concurrent Relocate 0.125ms
[2026-04-03T06:55:46.841+0600][1.492s][info][gc,alloc    ] GC(0) O:                         Mark Start        Mark End      Relocate Start    Relocate End   
[2026-04-03T06:55:46.841+0600][1.492s][info][gc,alloc    ] GC(0) O: Allocation Stalls:          0                0                0                0         
[2026-04-03T06:55:46.841+0600][1.492s][info][gc,load     ] GC(0) O: Load: 9.27 (77%) / 8.14 (68%) / 7.50 (63%)
[2026-04-03T06:55:46.841+0600][1.493s][info][gc,mmu      ] GC(0) O: MMU: 2ms/98.6%, 5ms/99.5%, 10ms/99.6%, 20ms/99.7%, 50ms/99.8%, 100ms/99.9%
[2026-04-03T06:55:46.841+0600][1.493s][info][gc,marking  ] GC(0) O: Mark: 2 stripe(s), 1 proactive flush(es), 1 terminate flush(es), 0 completion(s), 0 continuation(s) 
[2026-04-03T06:55:46.841+0600][1.493s][info][gc,marking  ] GC(0) O: Mark Stack Usage: 0M
[2026-04-03T06:55:46.841+0600][1.493s][info][gc,nmethod  ] GC(0) O: NMethods: 1095 registered, 119 unregistered
[2026-04-03T06:55:46.841+0600][1.493s][info][gc,metaspace] GC(0) O: Metaspace: 11M used, 11M committed, 1088M reserved
[2026-04-03T06:55:46.841+0600][1.493s][info][gc,ref      ] GC(0) O:                       Encountered   Discovered     Enqueued 
[2026-04-03T06:55:46.841+0600][1.493s][info][gc,ref      ] GC(0) O: Soft References:              211            0            0 
[2026-04-03T06:55:46.841+0600][1.493s][info][gc,ref      ] GC(0) O: Weak References:              923            0            0 
[2026-04-03T06:55:46.841+0600][1.493s][info][gc,ref      ] GC(0) O: Final References:               0            0            0 
[2026-04-03T06:55:46.841+0600][1.493s][info][gc,ref      ] GC(0) O: Phantom References:            28            0            0 
[2026-04-03T06:55:46.841+0600][1.493s][info][gc,heap     ] GC(0) O: Min Capacity: 8M(0%)
[2026-04-03T06:55:46.841+0600][1.493s][info][gc,heap     ] GC(0) O: Max Capacity: 3922M(100%)
[2026-04-03T06:55:46.841+0600][1.493s][info][gc,heap     ] GC(0) O: Soft Max Capacity: 3529M(90%)
[2026-04-03T06:55:46.841+0600][1.493s][info][gc,heap     ] GC(0) O: Heap Statistics:
[2026-04-03T06:55:46.841+0600][1.493s][info][gc,heap     ] GC(0) O:                Mark Start          Mark End        Relocate Start      Relocate End           High               Low         
[2026-04-03T06:55:46.841+0600][1.493s][info][gc,heap     ] GC(0) O:  Capacity:      354M (9%)          372M (9%)          372M (9%)          372M (9%)          372M (9%)          354M (9%)     
[2026-04-03T06:55:46.841+0600][1.493s][info][gc,heap     ] GC(0) O:      Free:     3568M (91%)        3902M (99%)        3888M (99%)        3888M (99%)        3902M (99%)        3550M (91%)    
[2026-04-03T06:55:46.841+0600][1.493s][info][gc,heap     ] GC(0) O:      Used:      354M (9%)           20M (1%)           34M (1%)           34M (1%)          372M (9%)           20M (1%)     
[2026-04-03T06:55:46.842+0600][1.493s][info][gc,heap     ] GC(0) O: Old Generation Statistics:
[2026-04-03T06:55:46.842+0600][1.493s][info][gc,heap     ] GC(0) O:                Mark Start          Mark End        Relocate Start      Relocate End    
[2026-04-03T06:55:46.842+0600][1.493s][info][gc,heap     ] GC(0) O:      Used:        0M (0%)            0M (0%)            0M (0%)            0M (0%)     
[2026-04-03T06:55:46.842+0600][1.493s][info][gc,heap     ] GC(0) O:      Live:         -                 0M (0%)            0M (0%)            0M (0%)     
[2026-04-03T06:55:46.842+0600][1.493s][info][gc,heap     ] GC(0) O:   Garbage:         -                 0M (0%)            0M (0%)            0M (0%)     
[2026-04-03T06:55:46.842+0600][1.493s][info][gc,heap     ] GC(0) O: Allocated:         -                 0M (0%)            0M (0%)            0M (0%)     
[2026-04-03T06:55:46.842+0600][1.493s][info][gc,heap     ] GC(0) O: Reclaimed:         -                  -                 0M (0%)            0M (0%)     
[2026-04-03T06:55:46.842+0600][1.493s][info][gc,heap     ] GC(0) O: Compacted:         -                  -                  -                 0M (0%)     
[2026-04-03T06:55:46.842+0600][1.493s][info][gc,phases   ] GC(0) O: Old Generation 20M(1%)->34M(1%) 0.021s
[2026-04-03T06:55:46.842+0600][1.493s][info][gc          ] GC(0) Major Collection (Warmup) 354M(9%)->34M(1%) 0.047s
[2026-04-03T06:55:46.931+0600][1.582s][info][gc          ] GC(1) Major Collection (System.gc())
[2026-04-03T06:55:46.931+0600][1.583s][info][gc,task     ] GC(1) Using 3 Workers for Young Generation
[2026-04-03T06:55:46.931+0600][1.583s][info][gc,task     ] GC(1) Using 3 Workers for Old Generation
[2026-04-03T06:55:46.931+0600][1.583s][info][gc,phases   ] GC(1) Y: Young Generation (Promote All)
[2026-04-03T06:55:46.931+0600][1.583s][info][gc,phases   ] GC(1) Y: Pause Mark Start 0.018ms
[2026-04-03T06:55:46.975+0600][1.626s][info][gc,phases   ] GC(1) Y: Concurrent Mark 43.215ms
[2026-04-03T06:55:46.975+0600][1.626s][info][gc,phases   ] GC(1) Y: Pause Mark End 0.023ms
[2026-04-03T06:55:46.975+0600][1.626s][info][gc,phases   ] GC(1) Y: Concurrent Mark Free 0.002ms
[2026-04-03T06:55:46.975+0600][1.626s][info][gc,phases   ] GC(1) Y: Concurrent Reset Relocation Set 0.015ms
[2026-04-03T06:55:46.976+0600][1.628s][info][gc,reloc    ] GC(1) Y: Using tenuring threshold: 0 (Promote All)
[2026-04-03T06:55:46.984+0600][1.636s][info][gc,phases   ] GC(1) Y: Concurrent Select Relocation Set 9.240ms
[2026-04-03T06:55:46.984+0600][1.636s][info][gc,phases   ] GC(1) Y: Pause Relocate Start 0.019ms
[2026-04-03T06:55:47.001+0600][1.652s][info][gc,phases   ] GC(1) Y: Concurrent Relocate 16.386ms
[2026-04-03T06:55:47.001+0600][1.652s][info][gc,alloc    ] GC(1) Y:                         Mark Start        Mark End      Relocate Start    Relocate End   
[2026-04-03T06:55:47.001+0600][1.652s][info][gc,alloc    ] GC(1) Y: Allocation Stalls:          0                0                0                0         
[2026-04-03T06:55:47.001+0600][1.652s][info][gc,load     ] GC(1) Y: Load: 9.27 (77%) / 8.14 (68%) / 7.50 (63%)
[2026-04-03T06:55:47.001+0600][1.652s][info][gc,mmu      ] GC(1) Y: MMU: 2ms/98.6%, 5ms/99.5%, 10ms/99.6%, 20ms/99.7%, 50ms/99.8%, 100ms/99.9%
[2026-04-03T06:55:47.001+0600][1.652s][info][gc,marking  ] GC(1) Y: Mark: 2 stripe(s), 10 proactive flush(es), 1 terminate flush(es), 0 completion(s), 0 continuation(s) 
[2026-04-03T06:55:47.001+0600][1.652s][info][gc,marking  ] GC(1) Y: Mark Stack Usage: 32M
[2026-04-03T06:55:47.001+0600][1.652s][info][gc,nmethod  ] GC(1) Y: NMethods: 1132 registered, 119 unregistered
[2026-04-03T06:55:47.001+0600][1.652s][info][gc,metaspace] GC(1) Y: Metaspace: 11M used, 11M committed, 1088M reserved
[2026-04-03T06:55:47.001+0600][1.652s][info][gc,reloc    ] GC(1) Y:                        Candidates     Selected     In-Place         Size        Empty    Relocated 
[2026-04-03T06:55:47.001+0600][1.652s][info][gc,reloc    ] GC(1) Y: Small Pages:                   36           15            0          72M           0M           1M 
[2026-04-03T06:55:47.001+0600][1.652s][info][gc,reloc    ] GC(1) Y: Medium Pages:                   0            0            0           0M           0M           0M 
[2026-04-03T06:55:47.001+0600][1.652s][info][gc,reloc    ] GC(1) Y: Large Pages:                    0            0            0           0M           0M           0M 
[2026-04-03T06:55:47.001+0600][1.652s][info][gc,reloc    ] GC(1) Y: Forwarding Usage: 1M
[2026-04-03T06:55:47.001+0600][1.652s][info][gc,reloc    ] GC(1) Y: Age Table:
[2026-04-03T06:55:47.001+0600][1.652s][info][gc,reloc    ] GC(1) Y:                    Live             Garbage             Small              Medium             Large        
[2026-04-03T06:55:47.001+0600][1.652s][info][gc,reloc    ] GC(1) Y: Eden              27M (1%)           34M (1%)          31 / 13             0 / 0              0 / 0        
[2026-04-03T06:55:47.001+0600][1.652s][info][gc,reloc    ] GC(1) Y: Survivor 1         4M (0%)            5M (0%)           5 / 2              0 / 0              0 / 0        
[2026-04-03T06:55:47.001+0600][1.652s][info][gc,heap     ] GC(1) Y: Min Capacity: 8M(0%)
[2026-04-03T06:55:47.001+0600][1.652s][info][gc,heap     ] GC(1) Y: Max Capacity: 3922M(100%)
[2026-04-03T06:55:47.001+0600][1.652s][info][gc,heap     ] GC(1) Y: Soft Max Capacity: 3529M(90%)
[2026-04-03T06:55:47.001+0600][1.652s][info][gc,heap     ] GC(1) Y: Heap Statistics:
[2026-04-03T06:55:47.001+0600][1.652s][info][gc,heap     ] GC(1) Y:                Mark Start          Mark End        Relocate Start      Relocate End           High               Low         
[2026-04-03T06:55:47.001+0600][1.652s][info][gc,heap     ] GC(1) Y:  Capacity:      372M (9%)          372M (9%)          372M (9%)          372M (9%)          372M (9%)          372M (9%)     
[2026-04-03T06:55:47.001+0600][1.652s][info][gc,heap     ] GC(1) Y:      Free:     3850M (98%)        3850M (98%)        3850M (98%)        3878M (99%)        3878M (99%)        3844M (98%)    
[2026-04-03T06:55:47.001+0600][1.652s][info][gc,heap     ] GC(1) Y:      Used:       72M (2%)           72M (2%)           72M (2%)           44M (1%)           78M (2%)           44M (1%)     
[2026-04-03T06:55:47.001+0600][1.652s][info][gc,heap     ] GC(1) Y: Young Generation Statistics:
[2026-04-03T06:55:47.001+0600][1.652s][info][gc,heap     ] GC(1) Y:                Mark Start          Mark End        Relocate Start      Relocate End    
[2026-04-03T06:55:47.001+0600][1.652s][info][gc,heap     ] GC(1) Y:      Used:       72M (2%)           72M (2%)           34M (1%)            0M (0%)     
[2026-04-03T06:55:47.001+0600][1.652s][info][gc,heap     ] GC(1) Y:      Live:         -                31M (1%)            2M (0%)            0M (0%)     
[2026-04-03T06:55:47.001+0600][1.652s][info][gc,heap     ] GC(1) Y:   Garbage:         -                40M (1%)           31M (1%)            0M (0%)     
[2026-04-03T06:55:47.001+0600][1.652s][info][gc,heap     ] GC(1) Y: Allocated:         -                 0M (0%)            0M (0%)            0M (0%)     
[2026-04-03T06:55:47.001+0600][1.652s][info][gc,heap     ] GC(1) Y: Reclaimed:         -                  -                 9M (0%)           40M (1%)     
[2026-04-03T06:55:47.001+0600][1.652s][info][gc,heap     ] GC(1) Y:  Promoted:         -                  -                28M (1%)           31M (1%)     
[2026-04-03T06:55:47.001+0600][1.652s][info][gc,heap     ] GC(1) Y: Compacted:         -                  -                  -                 0M (0%)     
[2026-04-03T06:55:47.001+0600][1.652s][info][gc,phases   ] GC(1) Y: Young Generation (Promote All) 72M(2%)->44M(1%) 0.070s
[2026-04-03T06:55:47.001+0600][1.652s][info][gc,phases   ] GC(1) Y: Young Generation (Collect Roots)
[2026-04-03T06:55:47.001+0600][1.653s][info][gc,phases   ] GC(1) Y: Pause Mark Start (Major) 0.041ms
[2026-04-03T06:55:47.006+0600][1.657s][info][gc,phases   ] GC(1) Y: Concurrent Mark 4.030ms
[2026-04-03T06:55:47.006+0600][1.657s][info][gc,phases   ] GC(1) Y: Pause Mark End 0.021ms
[2026-04-03T06:55:47.006+0600][1.657s][info][gc,phases   ] GC(1) Y: Concurrent Mark Free 0.119ms
[2026-04-03T06:55:47.006+0600][1.657s][info][gc,phases   ] GC(1) Y: Concurrent Reset Relocation Set 0.022ms
[2026-04-03T06:55:47.007+0600][1.659s][info][gc,reloc    ] GC(1) Y: Using tenuring threshold: 0 (Computed)
[2026-04-03T06:55:47.008+0600][1.659s][info][gc,phases   ] GC(1) Y: Concurrent Select Relocation Set 1.452ms
[2026-04-03T06:55:47.008+0600][1.659s][info][gc,phases   ] GC(1) Y: Pause Relocate Start 0.014ms
[2026-04-03T06:55:47.008+0600][1.659s][info][gc,phases   ] GC(1) Y: Concurrent Relocate 0.042ms
[2026-04-03T06:55:47.008+0600][1.659s][info][gc,alloc    ] GC(1) Y:                         Mark Start        Mark End      Relocate Start    Relocate End   
[2026-04-03T06:55:47.008+0600][1.659s][info][gc,alloc    ] GC(1) Y: Allocation Stalls:          0                0                0                0         
[2026-04-03T06:55:47.008+0600][1.659s][info][gc,load     ] GC(1) Y: Load: 9.27 (77%) / 8.14 (68%) / 7.50 (63%)
[2026-04-03T06:55:47.008+0600][1.659s][info][gc,mmu      ] GC(1) Y: MMU: 2ms/98.0%, 5ms/98.8%, 10ms/99.3%, 20ms/99.6%, 50ms/99.8%, 100ms/99.9%
[2026-04-03T06:55:47.008+0600][1.659s][info][gc,marking  ] GC(1) Y: Mark: 2 stripe(s), 1 proactive flush(es), 1 terminate flush(es), 0 completion(s), 0 continuation(s) 
[2026-04-03T06:55:47.008+0600][1.659s][info][gc,marking  ] GC(1) Y: Mark Stack Usage: 0M
[2026-04-03T06:55:47.008+0600][1.659s][info][gc,nmethod  ] GC(1) Y: NMethods: 1132 registered, 119 unregistered
[2026-04-03T06:55:47.008+0600][1.659s][info][gc,metaspace] GC(1) Y: Metaspace: 11M used, 11M committed, 1088M reserved
[2026-04-03T06:55:47.008+0600][1.659s][info][gc,heap     ] GC(1) Y: Min Capacity: 8M(0%)
[2026-04-03T06:55:47.008+0600][1.659s][info][gc,heap     ] GC(1) Y: Max Capacity: 3922M(100%)
[2026-04-03T06:55:47.008+0600][1.659s][info][gc,heap     ] GC(1) Y: Soft Max Capacity: 3529M(90%)
[2026-04-03T06:55:47.008+0600][1.659s][info][gc,heap     ] GC(1) Y: Heap Statistics:
[2026-04-03T06:55:47.008+0600][1.659s][info][gc,heap     ] GC(1) Y:                Mark Start          Mark End        Relocate Start      Relocate End           High               Low         
[2026-04-03T06:55:47.008+0600][1.659s][info][gc,heap     ] GC(1) Y:  Capacity:      372M (9%)          372M (9%)          372M (9%)          372M (9%)          372M (9%)          372M (9%)     
[2026-04-03T06:55:47.008+0600][1.659s][info][gc,heap     ] GC(1) Y:      Free:     3878M (99%)        3878M (99%)        3878M (99%)        3878M (99%)        3878M (99%)        3878M (99%)    
[2026-04-03T06:55:47.008+0600][1.659s][info][gc,heap     ] GC(1) Y:      Used:       44M (1%)           44M (1%)           44M (1%)           44M (1%)           44M (1%)           44M (1%)     
[2026-04-03T06:55:47.008+0600][1.659s][info][gc,heap     ] GC(1) Y: Young Generation Statistics:
[2026-04-03T06:55:47.008+0600][1.659s][info][gc,heap     ] GC(1) Y:                Mark Start          Mark End        Relocate Start      Relocate End    
[2026-04-03T06:55:47.008+0600][1.659s][info][gc,heap     ] GC(1) Y:      Used:        0M (0%)            0M (0%)            0M (0%)            0M (0%)     
[2026-04-03T06:55:47.008+0600][1.659s][info][gc,heap     ] GC(1) Y:      Live:         -                 0M (0%)            0M (0%)            0M (0%)     
[2026-04-03T06:55:47.008+0600][1.659s][info][gc,heap     ] GC(1) Y:   Garbage:         -                 0M (0%)            0M (0%)            0M (0%)     
[2026-04-03T06:55:47.008+0600][1.659s][info][gc,heap     ] GC(1) Y: Allocated:         -                 0M (0%)            0M (0%)            0M (0%)     
[2026-04-03T06:55:47.008+0600][1.659s][info][gc,heap     ] GC(1) Y: Reclaimed:         -                  -                 0M (0%)            0M (0%)     
[2026-04-03T06:55:47.008+0600][1.659s][info][gc,heap     ] GC(1) Y:  Promoted:         -                  -                 0M (0%)            0M (0%)     
[2026-04-03T06:55:47.008+0600][1.659s][info][gc,heap     ] GC(1) Y: Compacted:         -                  -                  -                 0M (0%)     
[2026-04-03T06:55:47.008+0600][1.659s][info][gc,phases   ] GC(1) Y: Young Generation (Collect Roots) 44M(1%)->44M(1%) 0.007s
[2026-04-03T06:55:47.008+0600][1.659s][info][gc,phases   ] GC(1) O: Old Generation
[2026-04-03T06:55:47.064+0600][1.715s][info][gc,phases   ] GC(1) O: Concurrent Mark 55.606ms
[2026-04-03T06:55:47.064+0600][1.715s][info][gc,phases   ] GC(1) O: Pause Mark End 0.022ms
[2026-04-03T06:55:47.064+0600][1.715s][info][gc,phases   ] GC(1) O: Concurrent Mark Free 0.001ms
[2026-04-03T06:55:47.065+0600][1.717s][info][gc,phases   ] GC(1) O: Concurrent Process Non-Strong 1.424ms
[2026-04-03T06:55:47.065+0600][1.717s][info][gc,phases   ] GC(1) O: Concurrent Reset Relocation Set 0.000ms
[2026-04-03T06:55:47.069+0600][1.720s][info][gc,phases   ] GC(1) O: Concurrent Select Relocation Set 3.800ms
[2026-04-03T06:55:47.069+0600][1.720s][info][gc,task     ] GC(1) O: Using 3 Workers for Old Generation
[2026-04-03T06:55:47.081+0600][1.733s][info][gc,task     ] GC(1) O: Using 3 Workers for Old Generation
[2026-04-03T06:55:47.081+0600][1.733s][info][gc,phases   ] GC(1) O: Concurrent Remap Roots 12.168ms
[2026-04-03T06:55:47.081+0600][1.733s][info][gc,phases   ] GC(1) O: Pause Relocate Start 0.019ms
[2026-04-03T06:55:47.094+0600][1.745s][info][gc,phases   ] GC(1) O: Concurrent Relocate 12.558ms
[2026-04-03T06:55:47.094+0600][1.745s][info][gc,alloc    ] GC(1) O:                         Mark Start        Mark End      Relocate Start    Relocate End   
[2026-04-03T06:55:47.094+0600][1.745s][info][gc,alloc    ] GC(1) O: Allocation Stalls:          0                0                0                0         
[2026-04-03T06:55:47.094+0600][1.745s][info][gc,load     ] GC(1) O: Load: 9.27 (77%) / 8.14 (68%) / 7.50 (63%)
[2026-04-03T06:55:47.094+0600][1.745s][info][gc,mmu      ] GC(1) O: MMU: 2ms/98.0%, 5ms/98.8%, 10ms/99.3%, 20ms/99.6%, 50ms/99.8%, 100ms/99.9%
[2026-04-03T06:55:47.094+0600][1.746s][info][gc,marking  ] GC(1) O: Mark: 2 stripe(s), 10 proactive flush(es), 1 terminate flush(es), 0 completion(s), 0 continuation(s) 
[2026-04-03T06:55:47.094+0600][1.746s][info][gc,marking  ] GC(1) O: Mark Stack Usage: 32M
[2026-04-03T06:55:47.094+0600][1.746s][info][gc,nmethod  ] GC(1) O: NMethods: 1119 registered, 135 unregistered
[2026-04-03T06:55:47.094+0600][1.746s][info][gc,metaspace] GC(1) O: Metaspace: 11M used, 11M committed, 1088M reserved
[2026-04-03T06:55:47.094+0600][1.746s][info][gc,ref      ] GC(1) O:                       Encountered   Discovered     Enqueued 
[2026-04-03T06:55:47.094+0600][1.746s][info][gc,ref      ] GC(1) O: Soft References:              217            0            0 
[2026-04-03T06:55:47.094+0600][1.746s][info][gc,ref      ] GC(1) O: Weak References:              949          302          279 
[2026-04-03T06:55:47.094+0600][1.746s][info][gc,ref      ] GC(1) O: Final References:               0            0            0 
[2026-04-03T06:55:47.094+0600][1.746s][info][gc,ref      ] GC(1) O: Phantom References:            28           22            0 
[2026-04-03T06:55:47.094+0600][1.746s][info][gc,reloc    ] GC(1) O:                        Candidates     Selected     In-Place         Size        Empty    Relocated 
[2026-04-03T06:55:47.094+0600][1.746s][info][gc,reloc    ] GC(1) O: Small Pages:                   22            3            0          44M           0M           4M 
[2026-04-03T06:55:47.094+0600][1.746s][info][gc,reloc    ] GC(1) O: Medium Pages:                   0            0            0           0M           0M           0M 
[2026-04-03T06:55:47.094+0600][1.746s][info][gc,reloc    ] GC(1) O: Large Pages:                    0            0            0           0M           0M           0M 
[2026-04-03T06:55:47.094+0600][1.746s][info][gc,reloc    ] GC(1) O: Forwarding Usage: 7M
[2026-04-03T06:55:47.094+0600][1.746s][info][gc,heap     ] GC(1) O: Min Capacity: 8M(0%)
[2026-04-03T06:55:47.094+0600][1.746s][info][gc,heap     ] GC(1) O: Max Capacity: 3922M(100%)
[2026-04-03T06:55:47.094+0600][1.746s][info][gc,heap     ] GC(1) O: Soft Max Capacity: 3529M(90%)
[2026-04-03T06:55:47.094+0600][1.746s][info][gc,heap     ] GC(1) O: Heap Statistics:
[2026-04-03T06:55:47.094+0600][1.746s][info][gc,heap     ] GC(1) O:                Mark Start          Mark End        Relocate Start      Relocate End           High               Low         
[2026-04-03T06:55:47.094+0600][1.746s][info][gc,heap     ] GC(1) O:  Capacity:      372M (9%)          372M (9%)          372M (9%)          372M (9%)          372M (9%)          372M (9%)     
[2026-04-03T06:55:47.094+0600][1.746s][info][gc,heap     ] GC(1) O:      Free:     3878M (99%)        3878M (99%)        3878M (99%)        3884M (99%)        3884M (99%)        3872M (99%)    
[2026-04-03T06:55:47.094+0600][1.746s][info][gc,heap     ] GC(1) O:      Used:       44M (1%)           44M (1%)           44M (1%)           38M (1%)           50M (1%)           38M (1%)     
[2026-04-03T06:55:47.094+0600][1.746s][info][gc,heap     ] GC(1) O: Old Generation Statistics:
[2026-04-03T06:55:47.094+0600][1.746s][info][gc,heap     ] GC(1) O:                Mark Start          Mark End        Relocate Start      Relocate End    
[2026-04-03T06:55:47.094+0600][1.746s][info][gc,heap     ] GC(1) O:      Used:       44M (1%)           44M (1%)           44M (1%)           38M (1%)     
[2026-04-03T06:55:47.094+0600][1.746s][info][gc,heap     ] GC(1) O:      Live:         -                31M (1%)           31M (1%)           31M (1%)     
[2026-04-03T06:55:47.094+0600][1.746s][info][gc,heap     ] GC(1) O:   Garbage:         -                12M (0%)           12M (0%)            3M (0%)     
[2026-04-03T06:55:47.094+0600][1.746s][info][gc,heap     ] GC(1) O: Allocated:         -                 0M (0%)            0M (0%)            3M (0%)     
[2026-04-03T06:55:47.094+0600][1.746s][info][gc,heap     ] GC(1) O: Reclaimed:         -                  -                 0M (0%)            9M (0%)     
[2026-04-03T06:55:47.094+0600][1.746s][info][gc,heap     ] GC(1) O: Compacted:         -                  -                  -                20M (1%)     
[2026-04-03T06:55:47.094+0600][1.746s][info][gc,phases   ] GC(1) O: Old Generation 44M(1%)->38M(1%) 0.086s
[2026-04-03T06:55:47.094+0600][1.746s][info][gc          ] GC(1) Major Collection (System.gc()) 72M(2%)->38M(1%) 0.163s
[2026-04-03T06:55:47.551+0600][2.202s][info][gc          ] GC(2) Major Collection (System.gc())
[2026-04-03T06:55:47.551+0600][2.202s][info][gc,task     ] GC(2) Using 3 Workers for Young Generation
[2026-04-03T06:55:47.551+0600][2.202s][info][gc,task     ] GC(2) Using 3 Workers for Old Generation
[2026-04-03T06:55:47.551+0600][2.202s][info][gc,phases   ] GC(2) Y: Young Generation (Promote All)
[2026-04-03T06:55:47.551+0600][2.202s][info][gc,phases   ] GC(2) Y: Pause Mark Start 0.017ms
[2026-04-03T06:55:47.554+0600][2.206s][info][gc,phases   ] GC(2) Y: Concurrent Mark 3.478ms
[2026-04-03T06:55:47.555+0600][2.206s][info][gc,phases   ] GC(2) Y: Pause Mark End 0.015ms
[2026-04-03T06:55:47.555+0600][2.206s][info][gc,phases   ] GC(2) Y: Concurrent Mark Free 0.001ms
[2026-04-03T06:55:47.555+0600][2.206s][info][gc,phases   ] GC(2) Y: Concurrent Reset Relocation Set 0.000ms
[2026-04-03T06:55:47.556+0600][2.208s][info][gc,reloc    ] GC(2) Y: Using tenuring threshold: 0 (Promote All)
[2026-04-03T06:55:47.557+0600][2.208s][info][gc,phases   ] GC(2) Y: Concurrent Select Relocation Set 2.022ms
[2026-04-03T06:55:47.557+0600][2.208s][info][gc,phases   ] GC(2) Y: Pause Relocate Start 0.013ms
[2026-04-03T06:55:47.557+0600][2.209s][info][gc,phases   ] GC(2) Y: Concurrent Relocate 0.423ms
[2026-04-03T06:55:47.558+0600][2.209s][info][gc,alloc    ] GC(2) Y:                         Mark Start        Mark End      Relocate Start    Relocate End   
[2026-04-03T06:55:47.558+0600][2.209s][info][gc,alloc    ] GC(2) Y: Allocation Stalls:          0                0                0                0         
[2026-04-03T06:55:47.558+0600][2.209s][info][gc,load     ] GC(2) Y: Load: 9.27 (77%) / 8.14 (68%) / 7.50 (63%)
[2026-04-03T06:55:47.558+0600][2.209s][info][gc,mmu      ] GC(2) Y: MMU: 2ms/98.0%, 5ms/98.8%, 10ms/99.3%, 20ms/99.6%, 50ms/99.8%, 100ms/99.9%
[2026-04-03T06:55:47.558+0600][2.209s][info][gc,marking  ] GC(2) Y: Mark: 2 stripe(s), 2 proactive flush(es), 1 terminate flush(es), 0 completion(s), 0 continuation(s) 
[2026-04-03T06:55:47.558+0600][2.209s][info][gc,marking  ] GC(2) Y: Mark Stack Usage: 32M
[2026-04-03T06:55:47.558+0600][2.209s][info][gc,nmethod  ] GC(2) Y: NMethods: 1294 registered, 135 unregistered
[2026-04-03T06:55:47.558+0600][2.209s][info][gc,metaspace] GC(2) Y: Metaspace: 12M used, 12M committed, 1088M reserved
[2026-04-03T06:55:47.558+0600][2.209s][info][gc,reloc    ] GC(2) Y:                        Candidates     Selected     In-Place         Size        Empty    Relocated 
[2026-04-03T06:55:47.558+0600][2.209s][info][gc,reloc    ] GC(2) Y: Small Pages:                   32           15            0          64M          32M           0M 
[2026-04-03T06:55:47.558+0600][2.209s][info][gc,reloc    ] GC(2) Y: Medium Pages:                   0            0            0           0M           0M           0M 
[2026-04-03T06:55:47.558+0600][2.209s][info][gc,reloc    ] GC(2) Y: Large Pages:                    0            0            0           0M           0M           0M 
[2026-04-03T06:55:47.558+0600][2.209s][info][gc,reloc    ] GC(2) Y: Forwarding Usage: 0M
[2026-04-03T06:55:47.558+0600][2.209s][info][gc,reloc    ] GC(2) Y: Age Table:
[2026-04-03T06:55:47.558+0600][2.209s][info][gc,reloc    ] GC(2) Y:                    Live             Garbage             Small              Medium             Large        
[2026-04-03T06:55:47.558+0600][2.209s][info][gc,reloc    ] GC(2) Y: Eden               0M (0%)           63M (2%)          32 / 15             0 / 0              0 / 0        
[2026-04-03T06:55:47.558+0600][2.209s][info][gc,heap     ] GC(2) Y: Min Capacity: 8M(0%)
[2026-04-03T06:55:47.558+0600][2.209s][info][gc,heap     ] GC(2) Y: Max Capacity: 3922M(100%)
[2026-04-03T06:55:47.558+0600][2.209s][info][gc,heap     ] GC(2) Y: Soft Max Capacity: 3529M(90%)
[2026-04-03T06:55:47.558+0600][2.209s][info][gc,heap     ] GC(2) Y: Heap Statistics:
[2026-04-03T06:55:47.558+0600][2.209s][info][gc,heap     ] GC(2) Y:                Mark Start          Mark End        Relocate Start      Relocate End           High               Low         
[2026-04-03T06:55:47.558+0600][2.209s][info][gc,heap     ] GC(2) Y:  Capacity:      372M (9%)          372M (9%)          372M (9%)          372M (9%)          372M (9%)          372M (9%)     
[2026-04-03T06:55:47.558+0600][2.209s][info][gc,heap     ] GC(2) Y:      Free:     3820M (97%)        3820M (97%)        3852M (98%)        3878M (99%)        3878M (99%)        3820M (97%)    
[2026-04-03T06:55:47.558+0600][2.209s][info][gc,heap     ] GC(2) Y:      Used:      102M (3%)          102M (3%)           70M (2%)           44M (1%)          102M (3%)           44M (1%)     
[2026-04-03T06:55:47.558+0600][2.209s][info][gc,heap     ] GC(2) Y: Young Generation Statistics:
[2026-04-03T06:55:47.558+0600][2.209s][info][gc,heap     ] GC(2) Y:                Mark Start          Mark End        Relocate Start      Relocate End    
[2026-04-03T06:55:47.558+0600][2.209s][info][gc,heap     ] GC(2) Y:      Used:       64M (2%)           64M (2%)           32M (1%)            0M (0%)     
[2026-04-03T06:55:47.558+0600][2.209s][info][gc,heap     ] GC(2) Y:      Live:         -                 0M (0%)            0M (0%)            0M (0%)     
[2026-04-03T06:55:47.558+0600][2.209s][info][gc,heap     ] GC(2) Y:   Garbage:         -                63M (2%)           31M (1%)            0M (0%)     
[2026-04-03T06:55:47.558+0600][2.209s][info][gc,heap     ] GC(2) Y: Allocated:         -                 0M (0%)            0M (0%)            0M (0%)     
[2026-04-03T06:55:47.558+0600][2.209s][info][gc,heap     ] GC(2) Y: Reclaimed:         -                  -                32M (1%)           63M (2%)     
[2026-04-03T06:55:47.558+0600][2.209s][info][gc,heap     ] GC(2) Y:  Promoted:         -                  -                 0M (0%)            0M (0%)     
[2026-04-03T06:55:47.558+0600][2.209s][info][gc,heap     ] GC(2) Y: Compacted:         -                  -                  -                 0M (0%)     
[2026-04-03T06:55:47.558+0600][2.209s][info][gc,phases   ] GC(2) Y: Young Generation (Promote All) 102M(3%)->44M(1%) 0.007s
[2026-04-03T06:55:47.558+0600][2.209s][info][gc,phases   ] GC(2) Y: Young Generation (Collect Roots)
[2026-04-03T06:55:47.558+0600][2.209s][info][gc,phases   ] GC(2) Y: Pause Mark Start (Major) 0.016ms
[2026-04-03T06:55:47.560+0600][2.211s][info][gc,phases   ] GC(2) Y: Concurrent Mark 1.923ms
[2026-04-03T06:55:47.560+0600][2.211s][info][gc,phases   ] GC(2) Y: Pause Mark End 0.011ms
[2026-04-03T06:55:47.560+0600][2.211s][info][gc,phases   ] GC(2) Y: Concurrent Mark Free 0.123ms
[2026-04-03T06:55:47.560+0600][2.211s][info][gc,phases   ] GC(2) Y: Concurrent Reset Relocation Set 0.003ms
[2026-04-03T06:55:47.562+0600][2.213s][info][gc,reloc    ] GC(2) Y: Using tenuring threshold: 0 (Computed)
[2026-04-03T06:55:47.562+0600][2.213s][info][gc,phases   ] GC(2) Y: Concurrent Select Relocation Set 1.660ms
[2026-04-03T06:55:47.562+0600][2.213s][info][gc,phases   ] GC(2) Y: Pause Relocate Start 0.013ms
[2026-04-03T06:55:47.562+0600][2.213s][info][gc,phases   ] GC(2) Y: Concurrent Relocate 0.063ms
[2026-04-03T06:55:47.562+0600][2.213s][info][gc,alloc    ] GC(2) Y:                         Mark Start        Mark End      Relocate Start    Relocate End   
[2026-04-03T06:55:47.562+0600][2.213s][info][gc,alloc    ] GC(2) Y: Allocation Stalls:          0                0                0                0         
[2026-04-03T06:55:47.562+0600][2.214s][info][gc,load     ] GC(2) Y: Load: 9.27 (77%) / 8.14 (68%) / 7.50 (63%)
[2026-04-03T06:55:47.562+0600][2.214s][info][gc,mmu      ] GC(2) Y: MMU: 2ms/98.0%, 5ms/98.8%, 10ms/99.3%, 20ms/99.6%, 50ms/99.8%, 100ms/99.9%
[2026-04-03T06:55:47.562+0600][2.214s][info][gc,marking  ] GC(2) Y: Mark: 2 stripe(s), 1 proactive flush(es), 1 terminate flush(es), 0 completion(s), 0 continuation(s) 
[2026-04-03T06:55:47.562+0600][2.214s][info][gc,marking  ] GC(2) Y: Mark Stack Usage: 0M
[2026-04-03T06:55:47.562+0600][2.214s][info][gc,nmethod  ] GC(2) Y: NMethods: 1294 registered, 135 unregistered
[2026-04-03T06:55:47.562+0600][2.214s][info][gc,metaspace] GC(2) Y: Metaspace: 12M used, 12M committed, 1088M reserved
[2026-04-03T06:55:47.562+0600][2.214s][info][gc,heap     ] GC(2) Y: Min Capacity: 8M(0%)
[2026-04-03T06:55:47.562+0600][2.214s][info][gc,heap     ] GC(2) Y: Max Capacity: 3922M(100%)
[2026-04-03T06:55:47.562+0600][2.214s][info][gc,heap     ] GC(2) Y: Soft Max Capacity: 3529M(90%)
[2026-04-03T06:55:47.562+0600][2.214s][info][gc,heap     ] GC(2) Y: Heap Statistics:
[2026-04-03T06:55:47.562+0600][2.214s][info][gc,heap     ] GC(2) Y:                Mark Start          Mark End        Relocate Start      Relocate End           High               Low         
[2026-04-03T06:55:47.562+0600][2.214s][info][gc,heap     ] GC(2) Y:  Capacity:      372M (9%)          372M (9%)          372M (9%)          372M (9%)          372M (9%)          372M (9%)     
[2026-04-03T06:55:47.562+0600][2.214s][info][gc,heap     ] GC(2) Y:      Free:     3878M (99%)        3878M (99%)        3878M (99%)        3878M (99%)        3878M (99%)        3878M (99%)    
[2026-04-03T06:55:47.562+0600][2.214s][info][gc,heap     ] GC(2) Y:      Used:       44M (1%)           44M (1%)           44M (1%)           44M (1%)           44M (1%)           44M (1%)     
[2026-04-03T06:55:47.562+0600][2.214s][info][gc,heap     ] GC(2) Y: Young Generation Statistics:
[2026-04-03T06:55:47.562+0600][2.214s][info][gc,heap     ] GC(2) Y:                Mark Start          Mark End        Relocate Start      Relocate End    
[2026-04-03T06:55:47.562+0600][2.214s][info][gc,heap     ] GC(2) Y:      Used:        0M (0%)            0M (0%)            0M (0%)            0M (0%)     
[2026-04-03T06:55:47.562+0600][2.214s][info][gc,heap     ] GC(2) Y:      Live:         -                 0M (0%)            0M (0%)            0M (0%)     
[2026-04-03T06:55:47.562+0600][2.214s][info][gc,heap     ] GC(2) Y:   Garbage:         -                 0M (0%)            0M (0%)            0M (0%)     
[2026-04-03T06:55:47.562+0600][2.214s][info][gc,heap     ] GC(2) Y: Allocated:         -                 0M (0%)            0M (0%)            0M (0%)     
[2026-04-03T06:55:47.562+0600][2.214s][info][gc,heap     ] GC(2) Y: Reclaimed:         -                  -                 0M (0%)            0M (0%)     
[2026-04-03T06:55:47.562+0600][2.214s][info][gc,heap     ] GC(2) Y:  Promoted:         -                  -                 0M (0%)            0M (0%)     
[2026-04-03T06:55:47.562+0600][2.214s][info][gc,heap     ] GC(2) Y: Compacted:         -                  -                  -                 0M (0%)     
[2026-04-03T06:55:47.562+0600][2.214s][info][gc,phases   ] GC(2) Y: Young Generation (Collect Roots) 44M(1%)->44M(1%) 0.004s
[2026-04-03T06:55:47.562+0600][2.214s][info][gc,phases   ] GC(2) O: Old Generation
[2026-04-03T06:55:47.626+0600][2.278s][info][gc,phases   ] GC(2) O: Concurrent Mark 63.986ms
[2026-04-03T06:55:47.627+0600][2.278s][info][gc,phases   ] GC(2) O: Pause Mark End 0.023ms
[2026-04-03T06:55:47.627+0600][2.278s][info][gc,phases   ] GC(2) O: Concurrent Mark Free 0.001ms
[2026-04-03T06:55:47.628+0600][2.279s][info][gc,phases   ] GC(2) O: Concurrent Process Non-Strong 1.426ms
[2026-04-03T06:55:47.628+0600][2.280s][info][gc,phases   ] GC(2) O: Concurrent Reset Relocation Set 0.002ms
[2026-04-03T06:55:47.630+0600][2.281s][info][gc,phases   ] GC(2) O: Concurrent Select Relocation Set 1.874ms
[2026-04-03T06:55:47.630+0600][2.281s][info][gc,task     ] GC(2) O: Using 3 Workers for Old Generation
[2026-04-03T06:55:47.642+0600][2.293s][info][gc,task     ] GC(2) O: Using 3 Workers for Old Generation
[2026-04-03T06:55:47.642+0600][2.294s][info][gc,phases   ] GC(2) O: Concurrent Remap Roots 12.097ms
[2026-04-03T06:55:47.642+0600][2.294s][info][gc,phases   ] GC(2) O: Pause Relocate Start 0.018ms
[2026-04-03T06:55:47.651+0600][2.302s][info][gc,phases   ] GC(2) O: Concurrent Relocate 8.239ms
[2026-04-03T06:55:47.651+0600][2.302s][info][gc,alloc    ] GC(2) O:                         Mark Start        Mark End      Relocate Start    Relocate End   
[2026-04-03T06:55:47.651+0600][2.302s][info][gc,alloc    ] GC(2) O: Allocation Stalls:          0                0                0                0         
[2026-04-03T06:55:47.651+0600][2.302s][info][gc,load     ] GC(2) O: Load: 9.27 (77%) / 8.14 (68%) / 7.50 (63%)
[2026-04-03T06:55:47.651+0600][2.302s][info][gc,mmu      ] GC(2) O: MMU: 2ms/98.0%, 5ms/98.8%, 10ms/99.3%, 20ms/99.6%, 50ms/99.8%, 100ms/99.9%
[2026-04-03T06:55:47.651+0600][2.302s][info][gc,marking  ] GC(2) O: Mark: 2 stripe(s), 10 proactive flush(es), 1 terminate flush(es), 0 completion(s), 0 continuation(s) 
[2026-04-03T06:55:47.651+0600][2.302s][info][gc,marking  ] GC(2) O: Mark Stack Usage: 32M
[2026-04-03T06:55:47.651+0600][2.302s][info][gc,nmethod  ] GC(2) O: NMethods: 1245 registered, 184 unregistered
[2026-04-03T06:55:47.651+0600][2.302s][info][gc,metaspace] GC(2) O: Metaspace: 12M used, 12M committed, 1088M reserved
[2026-04-03T06:55:47.651+0600][2.302s][info][gc,ref      ] GC(2) O:                       Encountered   Discovered     Enqueued 
[2026-04-03T06:55:47.651+0600][2.302s][info][gc,ref      ] GC(2) O: Soft References:              250            0            0 
[2026-04-03T06:55:47.651+0600][2.302s][info][gc,ref      ] GC(2) O: Weak References:              809          232           34 
[2026-04-03T06:55:47.651+0600][2.302s][info][gc,ref      ] GC(2) O: Final References:               0            0            0 
[2026-04-03T06:55:47.651+0600][2.302s][info][gc,ref      ] GC(2) O: Phantom References:            28           20            0 
[2026-04-03T06:55:47.651+0600][2.302s][info][gc,reloc    ] GC(2) O:                        Candidates     Selected     In-Place         Size        Empty    Relocated 
[2026-04-03T06:55:47.651+0600][2.302s][info][gc,reloc    ] GC(2) O: Small Pages:                   22            5            0          44M           0M           3M 
[2026-04-03T06:55:47.651+0600][2.302s][info][gc,reloc    ] GC(2) O: Medium Pages:                   0            0            0           0M           0M           0M 
[2026-04-03T06:55:47.651+0600][2.302s][info][gc,reloc    ] GC(2) O: Large Pages:                    0            0            0           0M           0M           0M 
[2026-04-03T06:55:47.651+0600][2.302s][info][gc,reloc    ] GC(2) O: Forwarding Usage: 4M
[2026-04-03T06:55:47.651+0600][2.302s][info][gc,heap     ] GC(2) O: Min Capacity: 8M(0%)
[2026-04-03T06:55:47.651+0600][2.302s][info][gc,heap     ] GC(2) O: Max Capacity: 3922M(100%)
[2026-04-03T06:55:47.651+0600][2.302s][info][gc,heap     ] GC(2) O: Soft Max Capacity: 3529M(90%)
[2026-04-03T06:55:47.651+0600][2.302s][info][gc,heap     ] GC(2) O: Heap Statistics:
[2026-04-03T06:55:47.651+0600][2.302s][info][gc,heap     ] GC(2) O:                Mark Start          Mark End        Relocate Start      Relocate End           High               Low         
[2026-04-03T06:55:47.651+0600][2.302s][info][gc,heap     ] GC(2) O:  Capacity:      372M (9%)          372M (9%)          372M (9%)          372M (9%)          372M (9%)          372M (9%)     
[2026-04-03T06:55:47.651+0600][2.302s][info][gc,heap     ] GC(2) O:      Free:     3878M (99%)        3878M (99%)        3878M (99%)        3886M (99%)        3886M (99%)        3872M (99%)    
[2026-04-03T06:55:47.651+0600][2.302s][info][gc,heap     ] GC(2) O:      Used:       44M (1%)           44M (1%)           44M (1%)           36M (1%)           50M (1%)           36M (1%)     
[2026-04-03T06:55:47.651+0600][2.302s][info][gc,heap     ] GC(2) O: Old Generation Statistics:
[2026-04-03T06:55:47.651+0600][2.302s][info][gc,heap     ] GC(2) O:                Mark Start          Mark End        Relocate Start      Relocate End    
[2026-04-03T06:55:47.651+0600][2.302s][info][gc,heap     ] GC(2) O:      Used:       44M (1%)           44M (1%)           44M (1%)           36M (1%)     
[2026-04-03T06:55:47.651+0600][2.302s][info][gc,heap     ] GC(2) O:      Live:         -                31M (1%)           31M (1%)           31M (1%)     
[2026-04-03T06:55:47.651+0600][2.302s][info][gc,heap     ] GC(2) O:   Garbage:         -                12M (0%)           12M (0%)            0M (0%)     
[2026-04-03T06:55:47.651+0600][2.302s][info][gc,heap     ] GC(2) O: Allocated:         -                 0M (0%)            0M (0%)            4M (0%)     
[2026-04-03T06:55:47.651+0600][2.302s][info][gc,heap     ] GC(2) O: Reclaimed:         -                  -                 0M (0%)           12M (0%)     
[2026-04-03T06:55:47.651+0600][2.302s][info][gc,heap     ] GC(2) O: Compacted:         -                  -                  -                13M (0%)     
[2026-04-03T06:55:47.651+0600][2.302s][info][gc,phases   ] GC(2) O: Old Generation 44M(1%)->36M(1%) 0.088s
[2026-04-03T06:55:47.651+0600][2.302s][info][gc          ] GC(2) Major Collection (System.gc()) 102M(3%)->36M(1%) 0.100s
[2026-04-03T06:55:47.937+0600][2.588s][info][gc          ] GC(3) Major Collection (System.gc())
[2026-04-03T06:55:47.937+0600][2.588s][info][gc,task     ] GC(3) Using 3 Workers for Young Generation
[2026-04-03T06:55:47.937+0600][2.588s][info][gc,task     ] GC(3) Using 3 Workers for Old Generation
[2026-04-03T06:55:47.937+0600][2.588s][info][gc,phases   ] GC(3) Y: Young Generation (Promote All)
[2026-04-03T06:55:47.937+0600][2.588s][info][gc,phases   ] GC(3) Y: Pause Mark Start 0.020ms
[2026-04-03T06:55:47.940+0600][2.591s][info][gc,phases   ] GC(3) Y: Concurrent Mark 2.528ms
[2026-04-03T06:55:47.940+0600][2.591s][info][gc,phases   ] GC(3) Y: Pause Mark End 0.020ms
[2026-04-03T06:55:47.940+0600][2.591s][info][gc,phases   ] GC(3) Y: Concurrent Mark Free 0.002ms
[2026-04-03T06:55:47.940+0600][2.591s][info][gc,phases   ] GC(3) Y: Concurrent Reset Relocation Set 0.000ms
[2026-04-03T06:55:47.942+0600][2.593s][info][gc,reloc    ] GC(3) Y: Using tenuring threshold: 0 (Promote All)
[2026-04-03T06:55:47.942+0600][2.593s][info][gc,phases   ] GC(3) Y: Concurrent Select Relocation Set 1.986ms
[2026-04-03T06:55:47.942+0600][2.593s][info][gc,phases   ] GC(3) Y: Pause Relocate Start 0.018ms
[2026-04-03T06:55:47.942+0600][2.594s][info][gc,phases   ] GC(3) Y: Concurrent Relocate 0.097ms
[2026-04-03T06:55:47.942+0600][2.594s][info][gc,alloc    ] GC(3) Y:                         Mark Start        Mark End      Relocate Start    Relocate End   
[2026-04-03T06:55:47.942+0600][2.594s][info][gc,alloc    ] GC(3) Y: Allocation Stalls:          0                0                0                0         
[2026-04-03T06:55:47.942+0600][2.594s][info][gc,load     ] GC(3) Y: Load: 9.27 (77%) / 8.14 (68%) / 7.50 (63%)
[2026-04-03T06:55:47.942+0600][2.594s][info][gc,mmu      ] GC(3) Y: MMU: 2ms/98.0%, 5ms/98.8%, 10ms/99.3%, 20ms/99.6%, 50ms/99.8%, 100ms/99.9%
[2026-04-03T06:55:47.942+0600][2.594s][info][gc,marking  ] GC(3) Y: Mark: 2 stripe(s), 1 proactive flush(es), 1 terminate flush(es), 0 completion(s), 0 continuation(s) 
[2026-04-03T06:55:47.942+0600][2.594s][info][gc,marking  ] GC(3) Y: Mark Stack Usage: 32M
[2026-04-03T06:55:47.942+0600][2.594s][info][gc,nmethod  ] GC(3) Y: NMethods: 1263 registered, 0 unregistered
[2026-04-03T06:55:47.942+0600][2.594s][info][gc,metaspace] GC(3) Y: Metaspace: 12M used, 12M committed, 1088M reserved
[2026-04-03T06:55:47.942+0600][2.594s][info][gc,reloc    ] GC(3) Y:                        Candidates     Selected     In-Place         Size        Empty    Relocated 
[2026-04-03T06:55:47.942+0600][2.594s][info][gc,reloc    ] GC(3) Y: Small Pages:                   25            1            0          50M          46M           0M 
[2026-04-03T06:55:47.942+0600][2.594s][info][gc,reloc    ] GC(3) Y: Medium Pages:                   0            0            0           0M           0M           0M 
[2026-04-03T06:55:47.942+0600][2.594s][info][gc,reloc    ] GC(3) Y: Large Pages:                    0            0            0           0M           0M           0M 
[2026-04-03T06:55:47.942+0600][2.594s][info][gc,reloc    ] GC(3) Y: Forwarding Usage: 0M
[2026-04-03T06:55:47.942+0600][2.594s][info][gc,reloc    ] GC(3) Y: Age Table:
[2026-04-03T06:55:47.942+0600][2.594s][info][gc,reloc    ] GC(3) Y:                    Live             Garbage             Small              Medium             Large        
[2026-04-03T06:55:47.942+0600][2.594s][info][gc,reloc    ] GC(3) Y: Eden               0M (0%)           49M (1%)          25 / 1              0 / 0              0 / 0        
[2026-04-03T06:55:47.942+0600][2.594s][info][gc,heap     ] GC(3) Y: Min Capacity: 8M(0%)
[2026-04-03T06:55:47.942+0600][2.594s][info][gc,heap     ] GC(3) Y: Max Capacity: 3922M(100%)
[2026-04-03T06:55:47.942+0600][2.594s][info][gc,heap     ] GC(3) Y: Soft Max Capacity: 3529M(90%)
[2026-04-03T06:55:47.942+0600][2.594s][info][gc,heap     ] GC(3) Y: Heap Statistics:
[2026-04-03T06:55:47.942+0600][2.594s][info][gc,heap     ] GC(3) Y:                Mark Start          Mark End        Relocate Start      Relocate End           High               Low         
[2026-04-03T06:55:47.942+0600][2.594s][info][gc,heap     ] GC(3) Y:  Capacity:      372M (9%)          372M (9%)          372M (9%)          372M (9%)          372M (9%)          372M (9%)     
[2026-04-03T06:55:47.942+0600][2.594s][info][gc,heap     ] GC(3) Y:      Free:     3836M (98%)        3836M (98%)        3882M (99%)        3882M (99%)        3882M (99%)        3836M (98%)    
[2026-04-03T06:55:47.942+0600][2.594s][info][gc,heap     ] GC(3) Y:      Used:       86M (2%)           86M (2%)           40M (1%)           40M (1%)           86M (2%)           40M (1%)     
[2026-04-03T06:55:47.942+0600][2.594s][info][gc,heap     ] GC(3) Y: Young Generation Statistics:
[2026-04-03T06:55:47.942+0600][2.594s][info][gc,heap     ] GC(3) Y:                Mark Start          Mark End        Relocate Start      Relocate End    
[2026-04-03T06:55:47.943+0600][2.594s][info][gc,heap     ] GC(3) Y:      Used:       50M (1%)           50M (1%)            4M (0%)            0M (0%)     
[2026-04-03T06:55:47.943+0600][2.594s][info][gc,heap     ] GC(3) Y:      Live:         -                 0M (0%)            0M (0%)            0M (0%)     
[2026-04-03T06:55:47.943+0600][2.594s][info][gc,heap     ] GC(3) Y:   Garbage:         -                49M (1%)            3M (0%)            0M (0%)     
[2026-04-03T06:55:47.943+0600][2.594s][info][gc,heap     ] GC(3) Y: Allocated:         -                 0M (0%)            0M (0%)            0M (0%)     
[2026-04-03T06:55:47.943+0600][2.594s][info][gc,heap     ] GC(3) Y: Reclaimed:         -                  -                46M (1%)           49M (1%)     
[2026-04-03T06:55:47.943+0600][2.594s][info][gc,heap     ] GC(3) Y:  Promoted:         -                  -                 0M (0%)            0M (0%)     
[2026-04-03T06:55:47.943+0600][2.594s][info][gc,heap     ] GC(3) Y: Compacted:         -                  -                  -                 0M (0%)     
[2026-04-03T06:55:47.943+0600][2.594s][info][gc,phases   ] GC(3) Y: Young Generation (Promote All) 86M(2%)->40M(1%) 0.005s
[2026-04-03T06:55:47.943+0600][2.594s][info][gc,phases   ] GC(3) Y: Young Generation (Collect Roots)
[2026-04-03T06:55:47.943+0600][2.594s][info][gc,phases   ] GC(3) Y: Pause Mark Start (Major) 0.016ms
[2026-04-03T06:55:47.945+0600][2.596s][info][gc,phases   ] GC(3) Y: Concurrent Mark 2.457ms
[2026-04-03T06:55:47.945+0600][2.597s][info][gc,phases   ] GC(3) Y: Pause Mark End 0.080ms
[2026-04-03T06:55:47.946+0600][2.597s][info][gc,phases   ] GC(3) Y: Concurrent Mark Free 0.192ms
[2026-04-03T06:55:47.946+0600][2.597s][info][gc,phases   ] GC(3) Y: Concurrent Reset Relocation Set 0.001ms
[2026-04-03T06:55:47.947+0600][2.599s][info][gc,reloc    ] GC(3) Y: Using tenuring threshold: 0 (Computed)
[2026-04-03T06:55:47.948+0600][2.599s][info][gc,phases   ] GC(3) Y: Concurrent Select Relocation Set 1.732ms
[2026-04-03T06:55:47.948+0600][2.599s][info][gc,phases   ] GC(3) Y: Pause Relocate Start 0.019ms
[2026-04-03T06:55:47.948+0600][2.599s][info][gc,phases   ] GC(3) Y: Concurrent Relocate 0.064ms
[2026-04-03T06:55:47.948+0600][2.599s][info][gc,alloc    ] GC(3) Y:                         Mark Start        Mark End      Relocate Start    Relocate End   
[2026-04-03T06:55:47.948+0600][2.599s][info][gc,alloc    ] GC(3) Y: Allocation Stalls:          0                0                0                0         
[2026-04-03T06:55:47.948+0600][2.599s][info][gc,load     ] GC(3) Y: Load: 9.27 (77%) / 8.14 (68%) / 7.50 (63%)
[2026-04-03T06:55:47.948+0600][2.599s][info][gc,mmu      ] GC(3) Y: MMU: 2ms/96.0%, 5ms/97.7%, 10ms/98.5%, 20ms/99.1%, 50ms/99.7%, 100ms/99.8%
[2026-04-03T06:55:47.948+0600][2.599s][info][gc,marking  ] GC(3) Y: Mark: 2 stripe(s), 1 proactive flush(es), 1 terminate flush(es), 0 completion(s), 0 continuation(s) 
[2026-04-03T06:55:47.948+0600][2.599s][info][gc,marking  ] GC(3) Y: Mark Stack Usage: 0M
[2026-04-03T06:55:47.948+0600][2.599s][info][gc,nmethod  ] GC(3) Y: NMethods: 1263 registered, 0 unregistered
[2026-04-03T06:55:47.948+0600][2.599s][info][gc,metaspace] GC(3) Y: Metaspace: 12M used, 12M committed, 1088M reserved
[2026-04-03T06:55:47.948+0600][2.599s][info][gc,heap     ] GC(3) Y: Min Capacity: 8M(0%)
[2026-04-03T06:55:47.948+0600][2.599s][info][gc,heap     ] GC(3) Y: Max Capacity: 3922M(100%)
[2026-04-03T06:55:47.948+0600][2.599s][info][gc,heap     ] GC(3) Y: Soft Max Capacity: 3529M(90%)
[2026-04-03T06:55:47.948+0600][2.599s][info][gc,heap     ] GC(3) Y: Heap Statistics:
[2026-04-03T06:55:47.948+0600][2.599s][info][gc,heap     ] GC(3) Y:                Mark Start          Mark End        Relocate Start      Relocate End           High               Low         
[2026-04-03T06:55:47.948+0600][2.599s][info][gc,heap     ] GC(3) Y:  Capacity:      372M (9%)          372M (9%)          372M (9%)          372M (9%)          372M (9%)          372M (9%)     
[2026-04-03T06:55:47.948+0600][2.599s][info][gc,heap     ] GC(3) Y:      Free:     3882M (99%)        3882M (99%)        3882M (99%)        3882M (99%)        3882M (99%)        3882M (99%)    
[2026-04-03T06:55:47.948+0600][2.599s][info][gc,heap     ] GC(3) Y:      Used:       40M (1%)           40M (1%)           40M (1%)           40M (1%)           40M (1%)           40M (1%)     
[2026-04-03T06:55:47.948+0600][2.599s][info][gc,heap     ] GC(3) Y: Young Generation Statistics:
[2026-04-03T06:55:47.948+0600][2.599s][info][gc,heap     ] GC(3) Y:                Mark Start          Mark End        Relocate Start      Relocate End    
[2026-04-03T06:55:47.948+0600][2.599s][info][gc,heap     ] GC(3) Y:      Used:        0M (0%)            0M (0%)            0M (0%)            0M (0%)     
[2026-04-03T06:55:47.948+0600][2.599s][info][gc,heap     ] GC(3) Y:      Live:         -                 0M (0%)            0M (0%)            0M (0%)     
[2026-04-03T06:55:47.948+0600][2.599s][info][gc,heap     ] GC(3) Y:   Garbage:         -                 0M (0%)            0M (0%)            0M (0%)     
[2026-04-03T06:55:47.948+0600][2.599s][info][gc,heap     ] GC(3) Y: Allocated:         -                 0M (0%)            0M (0%)            0M (0%)     
[2026-04-03T06:55:47.948+0600][2.599s][info][gc,heap     ] GC(3) Y: Reclaimed:         -                  -                 0M (0%)            0M (0%)     
[2026-04-03T06:55:47.948+0600][2.599s][info][gc,heap     ] GC(3) Y:  Promoted:         -                  -                 0M (0%)            0M (0%)     
[2026-04-03T06:55:47.948+0600][2.599s][info][gc,heap     ] GC(3) Y: Compacted:         -                  -                  -                 0M (0%)     
[2026-04-03T06:55:47.948+0600][2.599s][info][gc,phases   ] GC(3) Y: Young Generation (Collect Roots) 40M(1%)->40M(1%) 0.005s
[2026-04-03T06:55:47.948+0600][2.599s][info][gc,phases   ] GC(3) O: Old Generation
[2026-04-03T06:55:47.980+0600][2.631s][info][gc,phases   ] GC(3) O: Concurrent Mark 31.343ms
[2026-04-03T06:55:47.980+0600][2.631s][info][gc,phases   ] GC(3) O: Pause Mark End 0.074ms
[2026-04-03T06:55:47.980+0600][2.631s][info][gc,phases   ] GC(3) O: Concurrent Mark Free 0.006ms
[2026-04-03T06:55:47.982+0600][2.633s][info][gc,phases   ] GC(3) O: Concurrent Process Non-Strong 1.924ms
[2026-04-03T06:55:47.982+0600][2.633s][info][gc,phases   ] GC(3) O: Concurrent Reset Relocation Set 0.003ms
[2026-04-03T06:55:47.985+0600][2.636s][info][gc,phases   ] GC(3) O: Concurrent Select Relocation Set 2.447ms
[2026-04-03T06:55:47.985+0600][2.636s][info][gc,task     ] GC(3) O: Using 3 Workers for Old Generation
[2026-04-03T06:55:47.999+0600][2.650s][info][gc,task     ] GC(3) O: Using 3 Workers for Old Generation
[2026-04-03T06:55:47.999+0600][2.650s][info][gc,phases   ] GC(3) O: Concurrent Remap Roots 13.963ms
[2026-04-03T06:55:47.999+0600][2.650s][info][gc,phases   ] GC(3) O: Pause Relocate Start 0.018ms
[2026-04-03T06:55:48.000+0600][2.651s][info][gc,phases   ] GC(3) O: Concurrent Relocate 1.185ms
[2026-04-03T06:55:48.000+0600][2.651s][info][gc,alloc    ] GC(3) O:                         Mark Start        Mark End      Relocate Start    Relocate End   
[2026-04-03T06:55:48.000+0600][2.651s][info][gc,alloc    ] GC(3) O: Allocation Stalls:          0                0                0                0         
[2026-04-03T06:55:48.000+0600][2.651s][info][gc,load     ] GC(3) O: Load: 9.27 (77%) / 8.14 (68%) / 7.50 (63%)
[2026-04-03T06:55:48.000+0600][2.651s][info][gc,mmu      ] GC(3) O: MMU: 2ms/96.0%, 5ms/97.7%, 10ms/98.5%, 20ms/99.1%, 50ms/99.5%, 100ms/99.7%
[2026-04-03T06:55:48.000+0600][2.651s][info][gc,marking  ] GC(3) O: Mark: 2 stripe(s), 10 proactive flush(es), 1 terminate flush(es), 0 completion(s), 0 continuation(s) 
[2026-04-03T06:55:48.000+0600][2.652s][info][gc,marking  ] GC(3) O: Mark Stack Usage: 32M
[2026-04-03T06:55:48.000+0600][2.652s][info][gc,nmethod  ] GC(3) O: NMethods: 1263 registered, 0 unregistered
[2026-04-03T06:55:48.000+0600][2.652s][info][gc,metaspace] GC(3) O: Metaspace: 12M used, 12M committed, 1088M reserved
[2026-04-03T06:55:48.000+0600][2.652s][info][gc,ref      ] GC(3) O:                       Encountered   Discovered     Enqueued 
[2026-04-03T06:55:48.000+0600][2.652s][info][gc,ref      ] GC(3) O: Soft References:              250            0            0 
[2026-04-03T06:55:48.000+0600][2.652s][info][gc,ref      ] GC(3) O: Weak References:              775          236            0 
[2026-04-03T06:55:48.000+0600][2.652s][info][gc,ref      ] GC(3) O: Final References:               0            0            0 
[2026-04-03T06:55:48.000+0600][2.652s][info][gc,ref      ] GC(3) O: Phantom References:            28           21            0 
[2026-04-03T06:55:48.000+0600][2.652s][info][gc,reloc    ] GC(3) O:                        Candidates     Selected     In-Place         Size        Empty    Relocated 
[2026-04-03T06:55:48.000+0600][2.652s][info][gc,reloc    ] GC(3) O: Small Pages:                   20            3            0          40M           0M           0M 
[2026-04-03T06:55:48.000+0600][2.652s][info][gc,reloc    ] GC(3) O: Medium Pages:                   0            0            0           0M           0M           0M 
[2026-04-03T06:55:48.000+0600][2.652s][info][gc,reloc    ] GC(3) O: Large Pages:                    0            0            0           0M           0M           0M 
[2026-04-03T06:55:48.000+0600][2.652s][info][gc,reloc    ] GC(3) O: Forwarding Usage: 0M
[2026-04-03T06:55:48.000+0600][2.652s][info][gc,heap     ] GC(3) O: Min Capacity: 8M(0%)
[2026-04-03T06:55:48.000+0600][2.652s][info][gc,heap     ] GC(3) O: Max Capacity: 3922M(100%)
[2026-04-03T06:55:48.000+0600][2.652s][info][gc,heap     ] GC(3) O: Soft Max Capacity: 3529M(90%)
[2026-04-03T06:55:48.000+0600][2.652s][info][gc,heap     ] GC(3) O: Heap Statistics:
[2026-04-03T06:55:48.000+0600][2.652s][info][gc,heap     ] GC(3) O:                Mark Start          Mark End        Relocate Start      Relocate End           High               Low         
[2026-04-03T06:55:48.000+0600][2.652s][info][gc,heap     ] GC(3) O:  Capacity:      372M (9%)          372M (9%)          372M (9%)          372M (9%)          372M (9%)          372M (9%)     
[2026-04-03T06:55:48.000+0600][2.652s][info][gc,heap     ] GC(3) O:      Free:     3882M (99%)        3882M (99%)        3882M (99%)        3884M (99%)        3884M (99%)        3876M (99%)    
[2026-04-03T06:55:48.000+0600][2.652s][info][gc,heap     ] GC(3) O:      Used:       40M (1%)           40M (1%)           40M (1%)           38M (1%)           46M (1%)           38M (1%)     
[2026-04-03T06:55:48.000+0600][2.652s][info][gc,heap     ] GC(3) O: Old Generation Statistics:
[2026-04-03T06:55:48.000+0600][2.652s][info][gc,heap     ] GC(3) O:                Mark Start          Mark End        Relocate Start      Relocate End    
[2026-04-03T06:55:48.000+0600][2.652s][info][gc,heap     ] GC(3) O:      Used:       40M (1%)           40M (1%)           40M (1%)           38M (1%)     
[2026-04-03T06:55:48.000+0600][2.652s][info][gc,heap     ] GC(3) O:      Live:         -                31M (1%)           31M (1%)           31M (1%)     
[2026-04-03T06:55:48.000+0600][2.652s][info][gc,heap     ] GC(3) O:   Garbage:         -                 8M (0%)            8M (0%)            0M (0%)     
[2026-04-03T06:55:48.000+0600][2.652s][info][gc,heap     ] GC(3) O: Allocated:         -                 0M (0%)            0M (0%)            5M (0%)     
[2026-04-03T06:55:48.000+0600][2.652s][info][gc,heap     ] GC(3) O: Reclaimed:         -                  -                 0M (0%)            7M (0%)     
[2026-04-03T06:55:48.000+0600][2.652s][info][gc,heap     ] GC(3) O: Compacted:         -                  -                  -                 0M (0%)     
[2026-04-03T06:55:48.000+0600][2.652s][info][gc,phases   ] GC(3) O: Old Generation 40M(1%)->38M(1%) 0.052s
[2026-04-03T06:55:48.000+0600][2.652s][info][gc          ] GC(3) Major Collection (System.gc()) 86M(2%)->38M(1%) 0.064s
[2026-04-03T06:55:48.336+0600][2.987s][info][gc,exit     ] Stopping ZGC
[2026-04-03T06:55:48.336+0600][2.987s][info][gc,stats    ] === Garbage Collection Statistics =======================================================================================================================
[2026-04-03T06:55:48.336+0600][2.987s][info][gc,stats    ]                                                              Last 10s              Last 10m              Last 10h                Total
[2026-04-03T06:55:48.336+0600][2.987s][info][gc,stats    ]                                                              Avg / Max             Avg / Max             Avg / Max             Avg / Max
[2026-04-03T06:55:48.336+0600][2.987s][info][gc,stats    ]        Contention: Mark Segment Reset Contention                   116 / 232             116 / 232             116 / 232             116 / 232         ops/s
[2026-04-03T06:55:48.336+0600][2.987s][info][gc,stats    ]        Contention: Mark SeqNum Reset Contention                      9 / 18                9 / 18                9 / 18                9 / 18          ops/s
[2026-04-03T06:55:48.336+0600][2.987s][info][gc,stats    ]          Critical: Allocation Stall                                  0 / 0                 0 / 0                 0 / 0                 0 / 0           ops/s
[2026-04-03T06:55:48.336+0600][2.987s][info][gc,stats    ]          Critical: Allocation Stall                              0.000 / 0.000         0.000 / 0.000         0.000 / 0.000         0.000 / 0.000       ms
[2026-04-03T06:55:48.336+0600][2.988s][info][gc,stats    ]          Critical: JNI Critical Stall                                1 / 2                 1 / 2                 1 / 2                 1 / 2           ops/s
[2026-04-03T06:55:48.336+0600][2.988s][info][gc,stats    ]          Critical: JNI Critical Stall                            0.239 / 0.240         0.239 / 0.240         0.239 / 0.240         0.239 / 0.240       ms
[2026-04-03T06:55:48.336+0600][2.988s][info][gc,stats    ]          Critical: Relocation Stall                                  0 / 0                 0 / 0                 0 / 0                 0 / 0           ops/s
[2026-04-03T06:55:48.336+0600][2.988s][info][gc,stats    ]          Critical: Relocation Stall                              0.000 / 0.000         0.000 / 0.000         0.000 / 0.000         0.000 / 0.000       ms
[2026-04-03T06:55:48.336+0600][2.988s][info][gc,stats    ]  Major Collection: Major Collection                            105.171 / 163.248     105.171 / 163.248     105.171 / 163.248     105.171 / 163.248     ms
[2026-04-03T06:55:48.336+0600][2.988s][info][gc,stats    ]            Memory: Allocation Rate                                 231 / 242             231 / 242             231 / 242             231 / 242         MB/s
[2026-04-03T06:55:48.336+0600][2.988s][info][gc,stats    ]            Memory: Defragment                                        0 / 0                 0 / 0                 0 / 0                 0 / 0           ops/s
[2026-04-03T06:55:48.336+0600][2.988s][info][gc,stats    ]            Memory: Out Of Memory                                     0 / 0                 0 / 0                 0 / 0                 0 / 0           ops/s
[2026-04-03T06:55:48.336+0600][2.988s][info][gc,stats    ]            Memory: Page Cache Flush                                  0 / 0                 0 / 0                 0 / 0                 0 / 0           MB/s
[2026-04-03T06:55:48.336+0600][2.988s][info][gc,stats    ]            Memory: Page Cache Hit L1                                33 / 67               33 / 67               33 / 67               33 / 67          ops/s
[2026-04-03T06:55:48.336+0600][2.988s][info][gc,stats    ]            Memory: Page Cache Hit L2                                 0 / 0                 0 / 0                 0 / 0                 0 / 0           ops/s
[2026-04-03T06:55:48.336+0600][2.988s][info][gc,stats    ]            Memory: Page Cache Hit L3                                61 / 113              61 / 113              61 / 113              61 / 113         ops/s
[2026-04-03T06:55:48.336+0600][2.988s][info][gc,stats    ]            Memory: Page Cache Miss                                  32 / 63               32 / 63               32 / 63               32 / 63          ops/s
[2026-04-03T06:55:48.336+0600][2.988s][info][gc,stats    ]            Memory: Uncommit                                          0 / 0                 0 / 0                 0 / 0                 0 / 0           MB/s
[2026-04-03T06:55:48.336+0600][2.988s][info][gc,stats    ]            Memory: Undo Object Allocation Failed                     0 / 0                 0 / 0                 0 / 0                 0 / 0           ops/s
[2026-04-03T06:55:48.336+0600][2.988s][info][gc,stats    ]            Memory: Undo Object Allocation Succeeded                  0 / 1                 0 / 1                 0 / 1                 0 / 1           ops/s
[2026-04-03T06:55:48.336+0600][2.988s][info][gc,stats    ]            Memory: Undo Page Allocation                              0 / 0                 0 / 0                 0 / 0                 0 / 0           ops/s
[2026-04-03T06:55:48.336+0600][2.988s][info][gc,stats    ]  Minor Collection: Minor Collection                              0.000 / 0.000         0.000 / 0.000         0.000 / 0.000         0.000 / 0.000       ms
[2026-04-03T06:55:48.336+0600][2.988s][info][gc,stats    ]    Old Generation: Old Generation                               53.597 / 86.147       53.597 / 86.147       53.597 / 86.147       53.597 / 86.147      ms
[2026-04-03T06:55:48.336+0600][2.988s][info][gc,stats    ]         Old Pause: Pause Mark End                                0.025 / 0.027         0.025 / 0.027         0.025 / 0.027         0.025 / 0.027       ms
[2026-04-03T06:55:48.336+0600][2.988s][info][gc,stats    ]         Old Pause: Pause Relocate Start                          0.018 / 0.019         0.018 / 0.019         0.018 / 0.019         0.018 / 0.019       ms
[2026-04-03T06:55:48.336+0600][2.988s][info][gc,stats    ]         Old Phase: Concurrent Mark                              28.315 / 55.606       28.315 / 55.606       28.315 / 55.606       28.315 / 55.606      ms
[2026-04-03T06:55:48.336+0600][2.988s][info][gc,stats    ]         Old Phase: Concurrent Mark Continue                      0.000 / 0.000         0.000 / 0.000         0.000 / 0.000         0.000 / 0.000       ms
[2026-04-03T06:55:48.336+0600][2.988s][info][gc,stats    ]         Old Phase: Concurrent Mark Free                          0.011 / 0.021         0.011 / 0.021         0.011 / 0.021         0.011 / 0.021       ms
[2026-04-03T06:55:48.336+0600][2.988s][info][gc,stats    ]         Old Phase: Concurrent Process Non-Strong                 1.726 / 2.029         1.726 / 2.029         1.726 / 2.029         1.726 / 2.029       ms
[2026-04-03T06:55:48.336+0600][2.988s][info][gc,stats    ]         Old Phase: Concurrent Relocate                           6.342 / 12.558        6.342 / 12.558        6.342 / 12.558        6.342 / 12.558      ms
[2026-04-03T06:55:48.336+0600][2.988s][info][gc,stats    ]         Old Phase: Concurrent Remap Roots                       12.575 / 12.982       12.575 / 12.982       12.575 / 12.982       12.575 / 12.982      ms
[2026-04-03T06:55:48.336+0600][2.988s][info][gc,stats    ]         Old Phase: Concurrent Reset Relocation Set               0.000 / 0.001         0.000 / 0.001         0.000 / 0.001         0.000 / 0.001       ms
[2026-04-03T06:55:48.337+0600][2.988s][info][gc,stats    ]         Old Phase: Concurrent Select Relocation Set              3.955 / 4.110         3.955 / 4.110         3.955 / 4.110         3.955 / 4.110       ms
[2026-04-03T06:55:48.337+0600][2.988s][info][gc,stats    ]      Old Subphase: Concurrent Classes Purge                      0.094 / 0.136         0.094 / 0.136         0.094 / 0.136         0.094 / 0.136       ms
[2026-04-03T06:55:48.337+0600][2.988s][info][gc,stats    ]      Old Subphase: Concurrent Classes Unlink                     1.135 / 1.348         1.135 / 1.348         1.135 / 1.348         1.135 / 1.348       ms
[2026-04-03T06:55:48.337+0600][2.988s][info][gc,stats    ]      Old Subphase: Concurrent Mark Follow                       28.126 / 55.447       28.126 / 55.447       28.126 / 55.447       28.126 / 55.447      ms
[2026-04-03T06:55:48.337+0600][2.988s][info][gc,stats    ]      Old Subphase: Concurrent Mark Root Colored                  0.035 / 0.118         0.035 / 0.118         0.035 / 0.118         0.035 / 0.118       ms
[2026-04-03T06:55:48.337+0600][2.988s][info][gc,stats    ]      Old Subphase: Concurrent Mark Root Uncolored                0.049 / 0.080         0.049 / 0.080         0.049 / 0.080         0.049 / 0.080       ms
[2026-04-03T06:55:48.337+0600][2.988s][info][gc,stats    ]      Old Subphase: Concurrent Mark Roots                         0.186 / 0.217         0.186 / 0.217         0.186 / 0.217         0.186 / 0.217       ms
[2026-04-03T06:55:48.337+0600][2.988s][info][gc,stats    ]      Old Subphase: Concurrent References Enqueue                 0.002 / 0.003         0.002 / 0.003         0.002 / 0.003         0.002 / 0.003       ms
[2026-04-03T06:55:48.337+0600][2.988s][info][gc,stats    ]      Old Subphase: Concurrent References Process                 0.094 / 0.108         0.094 / 0.108         0.094 / 0.108         0.094 / 0.108       ms
[2026-04-03T06:55:48.337+0600][2.988s][info][gc,stats    ]      Old Subphase: Concurrent Remap Remembered                  11.593 / 11.612       11.593 / 11.612       11.593 / 11.612       11.593 / 11.612      ms
[2026-04-03T06:55:48.337+0600][2.988s][info][gc,stats    ]      Old Subphase: Concurrent Remap Roots Colored                0.443 / 0.847         0.443 / 0.847         0.443 / 0.847         0.443 / 0.847       ms
[2026-04-03T06:55:48.337+0600][2.988s][info][gc,stats    ]      Old Subphase: Concurrent Remap Roots Uncolored              0.265 / 0.315         0.265 / 0.315         0.265 / 0.315         0.265 / 0.315       ms
[2026-04-03T06:55:48.337+0600][2.988s][info][gc,stats    ]      Old Subphase: Concurrent Roots ClassLoaderDataGraph         0.256 / 0.772         0.256 / 0.772         0.256 / 0.772         0.256 / 0.772       ms
[2026-04-03T06:55:48.337+0600][2.988s][info][gc,stats    ]      Old Subphase: Concurrent Roots CodeCache                    0.262 / 0.312         0.262 / 0.312         0.262 / 0.312         0.262 / 0.312       ms
[2026-04-03T06:55:48.337+0600][2.988s][info][gc,stats    ]      Old Subphase: Concurrent Roots JavaThreads                  0.018 / 0.079         0.018 / 0.079         0.018 / 0.079         0.018 / 0.079       ms
[2026-04-03T06:55:48.337+0600][2.988s][info][gc,stats    ]      Old Subphase: Concurrent Roots OopStorageSet                0.006 / 0.010         0.006 / 0.010         0.006 / 0.010         0.006 / 0.010       ms
[2026-04-03T06:55:48.337+0600][2.988s][info][gc,stats    ]      Old Subphase: Concurrent Weak Roots OopStorageSet           0.103 / 0.291         0.103 / 0.291         0.103 / 0.291         0.103 / 0.291       ms
[2026-04-03T06:55:48.337+0600][2.988s][info][gc,stats    ]            System: Java Threads                                     11 / 12               11 / 12               11 / 12               11 / 12          threads
[2026-04-03T06:55:48.337+0600][2.988s][info][gc,stats    ]  Young Generation: Young Generation                             25.212 / 25.212       25.212 / 25.212       25.212 / 25.212       25.212 / 25.212      ms
[2026-04-03T06:55:48.337+0600][2.988s][info][gc,stats    ]  Young Generation: Young Generation                              0.000 / 0.000         0.000 / 0.000         0.000 / 0.000         0.000 / 0.000       ms
[2026-04-03T06:55:48.337+0600][2.988s][info][gc,stats    ]  Young Generation: Young Generation (Collect Roots)              6.568 / 6.568         6.568 / 6.568         6.568 / 6.568         6.568 / 6.568       ms
[2026-04-03T06:55:48.337+0600][2.988s][info][gc,stats    ]  Young Generation: Young Generation (Promote All)               69.604 / 69.604       69.604 / 69.604       69.604 / 69.604       69.604 / 69.604      ms
[2026-04-03T06:55:48.337+0600][2.988s][info][gc,stats    ]       Young Pause: Pause Mark End                                0.020 / 0.023         0.020 / 0.023         0.020 / 0.023         0.020 / 0.023       ms
[2026-04-03T06:55:48.337+0600][2.988s][info][gc,stats    ]       Young Pause: Pause Mark Start                              0.018 / 0.018         0.018 / 0.018         0.018 / 0.018         0.018 / 0.018       ms
[2026-04-03T06:55:48.337+0600][2.988s][info][gc,stats    ]       Young Pause: Pause Mark Start (Major)                      0.029 / 0.041         0.029 / 0.041         0.029 / 0.041         0.029 / 0.041       ms
[2026-04-03T06:55:48.337+0600][2.988s][info][gc,stats    ]       Young Pause: Pause Relocate Start                          0.015 / 0.019         0.015 / 0.019         0.015 / 0.019         0.015 / 0.019       ms
[2026-04-03T06:55:48.337+0600][2.988s][info][gc,stats    ]       Young Phase: Concurrent Mark                              19.339 / 43.215       19.339 / 43.215       19.339 / 43.215       19.339 / 43.215      ms
[2026-04-03T06:55:48.337+0600][2.988s][info][gc,stats    ]       Young Phase: Concurrent Mark Continue                      0.000 / 0.000         0.000 / 0.000         0.000 / 0.000         0.000 / 0.000       ms
[2026-04-03T06:55:48.337+0600][2.988s][info][gc,stats    ]       Young Phase: Concurrent Mark Free                          0.041 / 0.119         0.041 / 0.119         0.041 / 0.119         0.041 / 0.119       ms
[2026-04-03T06:55:48.337+0600][2.988s][info][gc,stats    ]       Young Phase: Concurrent Relocate                           7.543 / 16.386        7.543 / 16.386        7.543 / 16.386        7.543 / 16.386      ms
[2026-04-03T06:55:48.337+0600][2.988s][info][gc,stats    ]       Young Phase: Concurrent Reset Relocation Set               0.013 / 0.022         0.013 / 0.022         0.013 / 0.022         0.013 / 0.022       ms
[2026-04-03T06:55:48.337+0600][2.988s][info][gc,stats    ]       Young Phase: Concurrent Select Relocation Set              5.925 / 9.240         5.925 / 9.240         5.925 / 9.240         5.925 / 9.240       ms
[2026-04-03T06:55:48.337+0600][2.988s][info][gc,stats    ]    Young Subphase: Concurrent Mark Follow                       17.218 / 41.198       17.218 / 41.198       17.218 / 41.198       17.218 / 41.198      ms
[2026-04-03T06:55:48.337+0600][2.988s][info][gc,stats    ]    Young Subphase: Concurrent Mark Root Colored                  1.520 / 2.107         1.520 / 2.107         1.520 / 2.107         1.520 / 2.107       ms
[2026-04-03T06:55:48.337+0600][2.988s][info][gc,stats    ]    Young Subphase: Concurrent Mark Root Uncolored                0.449 / 0.510         0.449 / 0.510         0.449 / 0.510         0.449 / 0.510       ms
[2026-04-03T06:55:48.337+0600][2.988s][info][gc,stats    ]    Young Subphase: Concurrent Mark Roots                         2.116 / 2.766         2.116 / 2.766         2.116 / 2.766         2.116 / 2.766       ms
[2026-04-03T06:55:48.337+0600][2.988s][info][gc,stats    ]    Young Subphase: Concurrent Relocate Remset FP                 3.954 / 11.697        3.954 / 11.697        3.954 / 11.697        3.954 / 11.697      ms
[2026-04-03T06:55:48.337+0600][2.988s][info][gc,stats    ]    Young Subphase: Concurrent Roots ClassLoaderDataGraph         1.159 / 1.507         1.159 / 1.507         1.159 / 1.507         1.159 / 1.507       ms
[2026-04-03T06:55:48.337+0600][2.988s][info][gc,stats    ]    Young Subphase: Concurrent Roots CodeCache                    0.302 / 0.434         0.302 / 0.434         0.302 / 0.434         0.302 / 0.434       ms
[2026-04-03T06:55:48.337+0600][2.988s][info][gc,stats    ]    Young Subphase: Concurrent Roots JavaThreads                  0.074 / 0.366         0.074 / 0.366         0.074 / 0.366         0.074 / 0.366       ms
[2026-04-03T06:55:48.337+0600][2.988s][info][gc,stats    ]    Young Subphase: Concurrent Roots OopStorageSet                0.047 / 0.129         0.047 / 0.129         0.047 / 0.129         0.047 / 0.129       ms
[2026-04-03T06:55:48.337+0600][2.988s][info][gc,stats    ]    Young Subphase: Concurrent Weak Roots OopStorageSet           0.326 / 0.855         0.326 / 0.855         0.326 / 0.855         0.326 / 0.855       ms
[2026-04-03T06:55:48.337+0600][2.988s][info][gc,stats    ] =========================================================================================================================================================
[2026-04-03T06:55:48.337+0600][2.989s][info][gc,heap,exit] Heap
[2026-04-03T06:55:48.337+0600][2.989s][info][gc,heap,exit]  ZHeap           used 112M, capacity 372M, max capacity 3922M
[2026-04-03T06:55:48.337+0600][2.989s][info][gc,heap,exit]  Metaspace       used 12846K, committed 13056K, reserved 1114112K
[2026-04-03T06:55:48.337+0600][2.989s][info][gc,heap,exit]   class space    used 1795K, committed 1856K, reserved 1048576K
