[2026-04-03T06:47:53.508+0600][0.006s][info][gc,init] CardTable entry size: 512
[2026-04-03T06:47:53.508+0600][0.006s][info][gc     ] Using G1
[2026-04-03T06:47:53.512+0600][0.010s][info][gc,init] Version: 21.0.10+7-Ubuntu-124.04 (release)
[2026-04-03T06:47:53.512+0600][0.010s][info][gc,init] CPUs: 12 total, 12 available
[2026-04-03T06:47:53.512+0600][0.010s][info][gc,init] Memory: 15683M
[2026-04-03T06:47:53.512+0600][0.010s][info][gc,init] Large Page Support: Disabled
[2026-04-03T06:47:53.512+0600][0.011s][info][gc,init] NUMA Support: Disabled
[2026-04-03T06:47:53.512+0600][0.011s][info][gc,init] Compressed Oops: Enabled (Zero based)
[2026-04-03T06:47:53.512+0600][0.011s][info][gc,init] Heap Region Size: 2M
[2026-04-03T06:47:53.512+0600][0.011s][info][gc,init] Heap Min Capacity: 8M
[2026-04-03T06:47:53.512+0600][0.011s][info][gc,init] Heap Initial Capacity: 246M
[2026-04-03T06:47:53.512+0600][0.011s][info][gc,init] Heap Max Capacity: 3922M
[2026-04-03T06:47:53.512+0600][0.011s][info][gc,init] Pre-touch: Disabled
[2026-04-03T06:47:53.512+0600][0.011s][info][gc,init] Parallel Workers: 10
[2026-04-03T06:47:53.512+0600][0.011s][info][gc,init] Concurrent Workers: 3
[2026-04-03T06:47:53.512+0600][0.011s][info][gc,init] Concurrent Refinement Workers: 10
[2026-04-03T06:47:53.512+0600][0.011s][info][gc,init] Periodic GC: Disabled
[2026-04-03T06:47:53.527+0600][0.026s][info][gc,metaspace] CDS archive(s) mapped at: [0x00007e5827000000-0x00007e5827c9c000-0x00007e5827c9c000), size 13221888, SharedBaseAddress: 0x00007e5827000000, ArchiveRelocationMode: 1.
[2026-04-03T06:47:53.527+0600][0.026s][info][gc,metaspace] Compressed class space mapped at: 0x00007e5828000000-0x00007e5868000000, reserved size: 1073741824
[2026-04-03T06:47:53.527+0600][0.026s][info][gc,metaspace] Narrow klass base: 0x00007e5827000000, Narrow klass shift: 0, Narrow klass range: 0x100000000
[2026-04-03T06:47:53.933+0600][0.431s][info][gc,start    ] GC(0) Pause Young (Normal) (G1 Evacuation Pause)
[2026-04-03T06:47:53.934+0600][0.432s][info][gc,task     ] GC(0) Using 5 workers of 10 for evacuation
[2026-04-03T06:47:53.937+0600][0.435s][info][gc,phases   ] GC(0)   Pre Evacuate Collection Set: 0.16ms
[2026-04-03T06:47:53.937+0600][0.435s][info][gc,phases   ] GC(0)   Merge Heap Roots: 0.16ms
[2026-04-03T06:47:53.937+0600][0.435s][info][gc,phases   ] GC(0)   Evacuate Collection Set: 2.05ms
[2026-04-03T06:47:53.937+0600][0.435s][info][gc,phases   ] GC(0)   Post Evacuate Collection Set: 0.34ms
[2026-04-03T06:47:53.937+0600][0.435s][info][gc,phases   ] GC(0)   Other: 1.07ms
[2026-04-03T06:47:53.937+0600][0.435s][info][gc,heap     ] GC(0) Eden regions: 11->0(22)
[2026-04-03T06:47:53.937+0600][0.435s][info][gc,heap     ] GC(0) Survivor regions: 0->2(2)
[2026-04-03T06:47:53.937+0600][0.435s][info][gc,heap     ] GC(0) Old regions: 1->1
[2026-04-03T06:47:53.937+0600][0.435s][info][gc,heap     ] GC(0) Humongous regions: 0->0
[2026-04-03T06:47:53.937+0600][0.435s][info][gc,metaspace] GC(0) Metaspace: 2522K(2688K)->2522K(2688K) NonClass: 2294K(2368K)->2294K(2368K) Class: 228K(320K)->228K(320K)
[2026-04-03T06:47:53.937+0600][0.435s][info][gc          ] GC(0) Pause Young (Normal) (G1 Evacuation Pause) 23M->3M(248M) 4.217ms
[2026-04-03T06:47:53.937+0600][0.435s][info][gc,cpu      ] GC(0) User=0.01s Sys=0.00s Real=0.01s
[2026-04-03T06:47:54.086+0600][0.585s][info][gc,start    ] GC(1) Pause Young (Normal) (G1 Evacuation Pause)
[2026-04-03T06:47:54.087+0600][0.585s][info][gc,task     ] GC(1) Using 5 workers of 10 for evacuation
[2026-04-03T06:47:54.089+0600][0.588s][info][gc,phases   ] GC(1)   Pre Evacuate Collection Set: 0.25ms
[2026-04-03T06:47:54.089+0600][0.588s][info][gc,phases   ] GC(1)   Merge Heap Roots: 0.06ms
[2026-04-03T06:47:54.089+0600][0.588s][info][gc,phases   ] GC(1)   Evacuate Collection Set: 1.82ms
[2026-04-03T06:47:54.089+0600][0.588s][info][gc,phases   ] GC(1)   Post Evacuate Collection Set: 0.36ms
[2026-04-03T06:47:54.089+0600][0.588s][info][gc,phases   ] GC(1)   Other: 0.08ms
[2026-04-03T06:47:54.089+0600][0.588s][info][gc,heap     ] GC(1) Eden regions: 22->0(71)
[2026-04-03T06:47:54.089+0600][0.588s][info][gc,heap     ] GC(1) Survivor regions: 2->2(3)
[2026-04-03T06:47:54.089+0600][0.588s][info][gc,heap     ] GC(1) Old regions: 1->1
[2026-04-03T06:47:54.089+0600][0.588s][info][gc,heap     ] GC(1) Humongous regions: 0->0
[2026-04-03T06:47:54.089+0600][0.588s][info][gc,metaspace] GC(1) Metaspace: 3808K(3968K)->3808K(3968K) NonClass: 3375K(3456K)->3375K(3456K) Class: 432K(512K)->432K(512K)
[2026-04-03T06:47:54.089+0600][0.588s][info][gc          ] GC(1) Pause Young (Normal) (G1 Evacuation Pause) 47M->3M(248M) 2.907ms
[2026-04-03T06:47:54.089+0600][0.588s][info][gc,cpu      ] GC(1) User=0.01s Sys=0.01s Real=0.00s
[2026-04-03T06:47:54.736+0600][1.235s][info][gc,start    ] GC(2) Pause Young (Normal) (G1 Evacuation Pause)
[2026-04-03T06:47:54.736+0600][1.235s][info][gc,task     ] GC(2) Using 5 workers of 10 for evacuation
[2026-04-03T06:47:54.740+0600][1.239s][info][gc,phases   ] GC(2)   Pre Evacuate Collection Set: 0.36ms
[2026-04-03T06:47:54.740+0600][1.239s][info][gc,phases   ] GC(2)   Merge Heap Roots: 0.12ms
[2026-04-03T06:47:54.740+0600][1.239s][info][gc,phases   ] GC(2)   Evacuate Collection Set: 2.40ms
[2026-04-03T06:47:54.740+0600][1.239s][info][gc,phases   ] GC(2)   Post Evacuate Collection Set: 0.70ms
[2026-04-03T06:47:54.740+0600][1.239s][info][gc,phases   ] GC(2)   Other: 0.10ms
[2026-04-03T06:47:54.740+0600][1.239s][info][gc,heap     ] GC(2) Eden regions: 71->0(71)
[2026-04-03T06:47:54.740+0600][1.239s][info][gc,heap     ] GC(2) Survivor regions: 2->2(10)
[2026-04-03T06:47:54.740+0600][1.239s][info][gc,heap     ] GC(2) Old regions: 1->1
[2026-04-03T06:47:54.740+0600][1.239s][info][gc,heap     ] GC(2) Humongous regions: 0->0
[2026-04-03T06:47:54.740+0600][1.239s][info][gc,metaspace] GC(2) Metaspace: 9914K(10176K)->9914K(10176K) NonClass: 8654K(8832K)->8654K(8832K) Class: 1259K(1344K)->1259K(1344K)
[2026-04-03T06:47:54.740+0600][1.239s][info][gc          ] GC(2) Pause Young (Normal) (G1 Evacuation Pause) 145M->4M(248M) 4.025ms
[2026-04-03T06:47:54.740+0600][1.239s][info][gc,cpu      ] GC(2) User=0.01s Sys=0.01s Real=0.00s
[2026-04-03T06:47:57.635+0600][4.133s][info][gc,start    ] GC(3) Pause Young (Normal) (G1 Evacuation Pause)
[2026-04-03T06:47:57.635+0600][4.133s][info][gc,task     ] GC(3) Using 5 workers of 10 for evacuation
[2026-04-03T06:47:57.642+0600][4.140s][info][gc,phases   ] GC(3)   Pre Evacuate Collection Set: 0.32ms
[2026-04-03T06:47:57.642+0600][4.140s][info][gc,phases   ] GC(3)   Merge Heap Roots: 0.14ms
[2026-04-03T06:47:57.642+0600][4.140s][info][gc,phases   ] GC(3)   Evacuate Collection Set: 5.49ms
[2026-04-03T06:47:57.642+0600][4.140s][info][gc,phases   ] GC(3)   Post Evacuate Collection Set: 0.83ms
[2026-04-03T06:47:57.642+0600][4.140s][info][gc,phases   ] GC(3)   Other: 0.09ms
[2026-04-03T06:47:57.642+0600][4.140s][info][gc,heap     ] GC(3) Eden regions: 71->0(66)
[2026-04-03T06:47:57.642+0600][4.140s][info][gc,heap     ] GC(3) Survivor regions: 2->7(10)
[2026-04-03T06:47:57.642+0600][4.140s][info][gc,heap     ] GC(3) Old regions: 1->1
[2026-04-03T06:47:57.642+0600][4.140s][info][gc,heap     ] GC(3) Humongous regions: 3->3
[2026-04-03T06:47:57.642+0600][4.140s][info][gc,metaspace] GC(3) Metaspace: 16818K(17024K)->16818K(17024K) NonClass: 14735K(14848K)->14735K(14848K) Class: 2082K(2176K)->2082K(2176K)
[2026-04-03T06:47:57.642+0600][4.140s][info][gc          ] GC(3) Pause Young (Normal) (G1 Evacuation Pause) 152M->20M(248M) 7.221ms
[2026-04-03T06:47:57.642+0600][4.140s][info][gc,cpu      ] GC(3) User=0.02s Sys=0.01s Real=0.00s
[2026-04-03T06:47:58.092+0600][4.591s][info][gc,start    ] GC(4) Pause Young (Concurrent Start) (Metadata GC Threshold)
[2026-04-03T06:47:58.092+0600][4.591s][info][gc,task     ] GC(4) Using 5 workers of 10 for evacuation
[2026-04-03T06:47:58.099+0600][4.598s][info][gc,phases   ] GC(4)   Pre Evacuate Collection Set: 0.37ms
[2026-04-03T06:47:58.100+0600][4.598s][info][gc,phases   ] GC(4)   Merge Heap Roots: 0.13ms
[2026-04-03T06:47:58.100+0600][4.598s][info][gc,phases   ] GC(4)   Evacuate Collection Set: 5.15ms
[2026-04-03T06:47:58.100+0600][4.598s][info][gc,phases   ] GC(4)   Post Evacuate Collection Set: 1.38ms
[2026-04-03T06:47:58.100+0600][4.598s][info][gc,phases   ] GC(4)   Other: 0.19ms
[2026-04-03T06:47:58.100+0600][4.598s][info][gc,heap     ] GC(4) Eden regions: 10->0(66)
[2026-04-03T06:47:58.100+0600][4.598s][info][gc,heap     ] GC(4) Survivor regions: 7->7(10)
[2026-04-03T06:47:58.100+0600][4.598s][info][gc,heap     ] GC(4) Old regions: 1->3
[2026-04-03T06:47:58.100+0600][4.598s][info][gc,heap     ] GC(4) Humongous regions: 3->3
[2026-04-03T06:47:58.100+0600][4.598s][info][gc,metaspace] GC(4) Metaspace: 21233K(21504K)->21233K(21504K) NonClass: 18582K(18688K)->18582K(18688K) Class: 2651K(2816K)->2651K(2816K)
[2026-04-03T06:47:58.100+0600][4.598s][info][gc          ] GC(4) Pause Young (Concurrent Start) (Metadata GC Threshold) 39M->22M(248M) 7.681ms
[2026-04-03T06:47:58.100+0600][4.598s][info][gc,cpu      ] GC(4) User=0.03s Sys=0.00s Real=0.01s
[2026-04-03T06:47:58.100+0600][4.598s][info][gc          ] GC(5) Concurrent Mark Cycle
[2026-04-03T06:47:58.100+0600][4.598s][info][gc,marking  ] GC(5) Concurrent Scan Root Regions
[2026-04-03T06:47:58.104+0600][4.602s][info][gc,marking  ] GC(5) Concurrent Scan Root Regions 3.910ms
[2026-04-03T06:47:58.104+0600][4.602s][info][gc,marking  ] GC(5) Concurrent Mark
[2026-04-03T06:47:58.104+0600][4.602s][info][gc,marking  ] GC(5) Concurrent Mark From Roots
[2026-04-03T06:47:58.104+0600][4.602s][info][gc,task     ] GC(5) Using 3 workers of 3 for marking
[2026-04-03T06:47:58.108+0600][4.607s][info][gc,marking  ] GC(5) Concurrent Mark From Roots 4.133ms
[2026-04-03T06:47:58.108+0600][4.607s][info][gc,marking  ] GC(5) Concurrent Preclean
[2026-04-03T06:47:58.108+0600][4.607s][info][gc,marking  ] GC(5) Concurrent Preclean 0.027ms
[2026-04-03T06:47:58.108+0600][4.607s][info][gc,start    ] GC(5) Pause Remark
[2026-04-03T06:47:58.112+0600][4.610s][info][gc          ] GC(5) Pause Remark 23M->23M(88M) 3.522ms
[2026-04-03T06:47:58.112+0600][4.611s][info][gc,cpu      ] GC(5) User=0.02s Sys=0.00s Real=0.00s
[2026-04-03T06:47:58.112+0600][4.611s][info][gc,marking  ] GC(5) Concurrent Mark 8.249ms
[2026-04-03T06:47:58.112+0600][4.611s][info][gc,marking  ] GC(5) Concurrent Rebuild Remembered Sets and Scrub Regions
[2026-04-03T06:47:58.115+0600][4.614s][info][gc,marking  ] GC(5) Concurrent Rebuild Remembered Sets and Scrub Regions 2.774ms
[2026-04-03T06:47:58.128+0600][4.627s][info][gc,start    ] GC(5) Pause Cleanup
[2026-04-03T06:47:58.129+0600][4.627s][info][gc          ] GC(5) Pause Cleanup 23M->23M(88M) 0.169ms
[2026-04-03T06:47:58.129+0600][4.627s][info][gc,cpu      ] GC(5) User=0.00s Sys=0.00s Real=0.00s
[2026-04-03T06:47:58.129+0600][4.627s][info][gc,marking  ] GC(5) Concurrent Clear Claimed Marks
[2026-04-03T06:47:58.129+0600][4.627s][info][gc,marking  ] GC(5) Concurrent Clear Claimed Marks 0.100ms
[2026-04-03T06:47:58.129+0600][4.627s][info][gc,marking  ] GC(5) Concurrent Cleanup for Next Mark
[2026-04-03T06:47:58.130+0600][4.628s][info][gc,marking  ] GC(5) Concurrent Cleanup for Next Mark 0.896ms
[2026-04-03T06:47:58.130+0600][4.628s][info][gc          ] GC(5) Concurrent Mark Cycle 29.827ms
[2026-04-03T06:47:59.695+0600][6.193s][info][gc,start    ] GC(6) Pause Young (Prepare Mixed) (G1 Evacuation Pause)
[2026-04-03T06:47:59.695+0600][6.193s][info][gc,task     ] GC(6) Using 3 workers of 10 for evacuation
[2026-04-03T06:47:59.707+0600][6.206s][info][gc,phases   ] GC(6)   Pre Evacuate Collection Set: 0.31ms
[2026-04-03T06:47:59.707+0600][6.206s][info][gc,phases   ] GC(6)   Merge Heap Roots: 0.19ms
[2026-04-03T06:47:59.707+0600][6.206s][info][gc,phases   ] GC(6)   Evacuate Collection Set: 10.04ms
[2026-04-03T06:47:59.707+0600][6.206s][info][gc,phases   ] GC(6)   Post Evacuate Collection Set: 1.44ms
[2026-04-03T06:47:59.707+0600][6.206s][info][gc,phases   ] GC(6)   Other: 0.10ms
[2026-04-03T06:47:59.707+0600][6.206s][info][gc,heap     ] GC(6) Eden regions: 28->0(29)
[2026-04-03T06:47:59.707+0600][6.206s][info][gc,heap     ] GC(6) Survivor regions: 7->2(10)
[2026-04-03T06:47:59.707+0600][6.206s][info][gc,heap     ] GC(6) Old regions: 3->9
[2026-04-03T06:47:59.707+0600][6.206s][info][gc,heap     ] GC(6) Humongous regions: 7->3
[2026-04-03T06:47:59.707+0600][6.206s][info][gc,metaspace] GC(6) Metaspace: 28964K(29312K)->28964K(29312K) NonClass: 25348K(25536K)->25348K(25536K) Class: 3615K(3776K)->3615K(3776K)
[2026-04-03T06:47:59.707+0600][6.206s][info][gc          ] GC(6) Pause Young (Prepare Mixed) (G1 Evacuation Pause) 86M->24M(106M) 12.531ms
[2026-04-03T06:47:59.707+0600][6.206s][info][gc,cpu      ] GC(6) User=0.04s Sys=0.01s Real=0.01s
[2026-04-03T06:48:01.524+0600][8.022s][info][gc,start    ] GC(7) Pause Young (Mixed) (Metadata GC Threshold)
[2026-04-03T06:48:01.524+0600][8.023s][info][gc,task     ] GC(7) Using 2 workers of 10 for evacuation
[2026-04-03T06:48:01.539+0600][8.037s][info][gc,phases   ] GC(7)   Pre Evacuate Collection Set: 0.32ms
[2026-04-03T06:48:01.539+0600][8.037s][info][gc,phases   ] GC(7)   Merge Heap Roots: 0.16ms
[2026-04-03T06:48:01.539+0600][8.037s][info][gc,phases   ] GC(7)   Evacuate Collection Set: 11.65ms
[2026-04-03T06:48:01.539+0600][8.037s][info][gc,phases   ] GC(7)   Post Evacuate Collection Set: 2.34ms
[2026-04-03T06:48:01.539+0600][8.037s][info][gc,phases   ] GC(7)   Other: 0.14ms
[2026-04-03T06:48:01.539+0600][8.037s][info][gc,heap     ] GC(7) Eden regions: 26->0(28)
[2026-04-03T06:48:01.539+0600][8.037s][info][gc,heap     ] GC(7) Survivor regions: 2->3(4)
[2026-04-03T06:48:01.539+0600][8.037s][info][gc,heap     ] GC(7) Old regions: 9->8
[2026-04-03T06:48:01.539+0600][8.037s][info][gc,heap     ] GC(7) Humongous regions: 9->3
[2026-04-03T06:48:01.539+0600][8.037s][info][gc,metaspace] GC(7) Metaspace: 36011K(36288K)->36011K(36288K) NonClass: 31520K(31680K)->31520K(31680K) Class: 4490K(4608K)->4490K(4608K)
[2026-04-03T06:48:01.539+0600][8.037s][info][gc          ] GC(7) Pause Young (Mixed) (Metadata GC Threshold) 88M->25M(106M) 14.997ms
[2026-04-03T06:48:01.539+0600][8.037s][info][gc,cpu      ] GC(7) User=0.05s Sys=0.00s Real=0.01s
[2026-04-03T06:48:01.565+0600][8.064s][info][gc,start    ] GC(8) Pause Young (Concurrent Start) (Metadata GC Threshold)
[2026-04-03T06:48:01.566+0600][8.064s][info][gc,task     ] GC(8) Using 2 workers of 10 for evacuation
[2026-04-03T06:48:01.575+0600][8.074s][info][gc,phases   ] GC(8)   Pre Evacuate Collection Set: 0.30ms
[2026-04-03T06:48:01.575+0600][8.074s][info][gc,phases   ] GC(8)   Merge Heap Roots: 0.07ms
[2026-04-03T06:48:01.575+0600][8.074s][info][gc,phases   ] GC(8)   Evacuate Collection Set: 8.32ms
[2026-04-03T06:48:01.575+0600][8.074s][info][gc,phases   ] GC(8)   Post Evacuate Collection Set: 0.67ms
[2026-04-03T06:48:01.575+0600][8.074s][info][gc,phases   ] GC(8)   Other: 0.11ms
[2026-04-03T06:48:01.575+0600][8.074s][info][gc,heap     ] GC(8) Eden regions: 2->0(29)
[2026-04-03T06:48:01.575+0600][8.074s][info][gc,heap     ] GC(8) Survivor regions: 3->2(4)
[2026-04-03T06:48:01.575+0600][8.074s][info][gc,heap     ] GC(8) Old regions: 8->9
[2026-04-03T06:48:01.575+0600][8.074s][info][gc,heap     ] GC(8) Humongous regions: 3->3
[2026-04-03T06:48:01.575+0600][8.074s][info][gc,metaspace] GC(8) Metaspace: 36232K(36608K)->36232K(36608K) NonClass: 31713K(31936K)->31713K(31936K) Class: 4519K(4672K)->4519K(4672K)
[2026-04-03T06:48:01.575+0600][8.074s][info][gc          ] GC(8) Pause Young (Concurrent Start) (Metadata GC Threshold) 28M->26M(106M) 9.800ms
[2026-04-03T06:48:01.575+0600][8.074s][info][gc,cpu      ] GC(8) User=0.03s Sys=0.00s Real=0.01s
[2026-04-03T06:48:01.575+0600][8.074s][info][gc          ] GC(9) Concurrent Mark Cycle
[2026-04-03T06:48:01.575+0600][8.074s][info][gc,marking  ] GC(9) Concurrent Scan Root Regions
[2026-04-03T06:48:01.578+0600][8.077s][info][gc,marking  ] GC(9) Concurrent Scan Root Regions 2.684ms
[2026-04-03T06:48:01.578+0600][8.077s][info][gc,marking  ] GC(9) Concurrent Mark
[2026-04-03T06:48:01.578+0600][8.077s][info][gc,marking  ] GC(9) Concurrent Mark From Roots
[2026-04-03T06:48:01.578+0600][8.077s][info][gc,task     ] GC(9) Using 3 workers of 3 for marking
[2026-04-03T06:48:01.584+0600][8.082s][info][gc,marking  ] GC(9) Concurrent Mark From Roots 5.613ms
[2026-04-03T06:48:01.584+0600][8.082s][info][gc,marking  ] GC(9) Concurrent Preclean
[2026-04-03T06:48:01.584+0600][8.082s][info][gc,marking  ] GC(9) Concurrent Preclean 0.088ms
[2026-04-03T06:48:01.584+0600][8.083s][info][gc,start    ] GC(9) Pause Remark
[2026-04-03T06:48:01.590+0600][8.089s][info][gc          ] GC(9) Pause Remark 27M->27M(94M) 6.044ms
[2026-04-03T06:48:01.590+0600][8.089s][info][gc,cpu      ] GC(9) User=0.01s Sys=0.00s Real=0.00s
[2026-04-03T06:48:01.590+0600][8.089s][info][gc,marking  ] GC(9) Concurrent Mark 12.182ms
[2026-04-03T06:48:01.590+0600][8.089s][info][gc,marking  ] GC(9) Concurrent Rebuild Remembered Sets and Scrub Regions
[2026-04-03T06:48:01.594+0600][8.093s][info][gc,marking  ] GC(9) Concurrent Rebuild Remembered Sets and Scrub Regions 3.706ms
[2026-04-03T06:48:01.594+0600][8.093s][info][gc,start    ] GC(9) Pause Cleanup
[2026-04-03T06:48:01.595+0600][8.093s][info][gc          ] GC(9) Pause Cleanup 27M->27M(94M) 0.285ms
[2026-04-03T06:48:01.595+0600][8.093s][info][gc,cpu      ] GC(9) User=0.00s Sys=0.00s Real=0.00s
[2026-04-03T06:48:01.595+0600][8.093s][info][gc,marking  ] GC(9) Concurrent Clear Claimed Marks
[2026-04-03T06:48:01.595+0600][8.093s][info][gc,marking  ] GC(9) Concurrent Clear Claimed Marks 0.082ms
[2026-04-03T06:48:01.595+0600][8.093s][info][gc,marking  ] GC(9) Concurrent Cleanup for Next Mark
[2026-04-03T06:48:01.595+0600][8.094s][info][gc,marking  ] GC(9) Concurrent Cleanup for Next Mark 0.345ms
[2026-04-03T06:48:01.595+0600][8.094s][info][gc          ] GC(9) Concurrent Mark Cycle 19.964ms
[2026-04-03T06:48:03.450+0600][9.949s][info][gc,start    ] GC(10) Pause Young (Prepare Mixed) (G1 Evacuation Pause)
[2026-04-03T06:48:03.450+0600][9.949s][info][gc,task     ] GC(10) Using 2 workers of 10 for evacuation
[2026-04-03T06:48:03.464+0600][9.963s][info][gc,phases   ] GC(10)   Pre Evacuate Collection Set: 0.26ms
[2026-04-03T06:48:03.464+0600][9.963s][info][gc,phases   ] GC(10)   Merge Heap Roots: 0.10ms
[2026-04-03T06:48:03.464+0600][9.963s][info][gc,phases   ] GC(10)   Evacuate Collection Set: 12.66ms
[2026-04-03T06:48:03.464+0600][9.963s][info][gc,phases   ] GC(10)   Post Evacuate Collection Set: 0.70ms
[2026-04-03T06:48:03.464+0600][9.963s][info][gc,phases   ] GC(10)   Other: 0.10ms
[2026-04-03T06:48:03.464+0600][9.963s][info][gc,heap     ] GC(10) Eden regions: 27->0(26)
[2026-04-03T06:48:03.464+0600][9.963s][info][gc,heap     ] GC(10) Survivor regions: 2->4(4)
[2026-04-03T06:48:03.464+0600][9.963s][info][gc,heap     ] GC(10) Old regions: 9->9
[2026-04-03T06:48:03.464+0600][9.963s][info][gc,heap     ] GC(10) Humongous regions: 9->3
[2026-04-03T06:48:03.464+0600][9.963s][info][gc,metaspace] GC(10) Metaspace: 43042K(43520K)->43042K(43520K) NonClass: 37683K(37952K)->37683K(37952K) Class: 5359K(5568K)->5359K(5568K)
[2026-04-03T06:48:03.464+0600][9.963s][info][gc          ] GC(10) Pause Young (Prepare Mixed) (G1 Evacuation Pause) 92M->29M(102M) 14.133ms
[2026-04-03T06:48:03.464+0600][9.963s][info][gc,cpu      ] GC(10) User=0.02s Sys=0.01s Real=0.02s
[2026-04-03T06:48:05.488+0600][11.987s][info][gc,start    ] GC(11) Pause Young (Mixed) (G1 Evacuation Pause)
[2026-04-03T06:48:05.488+0600][11.987s][info][gc,task     ] GC(11) Using 2 workers of 10 for evacuation
[2026-04-03T06:48:05.507+0600][12.005s][info][gc,phases   ] GC(11)   Pre Evacuate Collection Set: 0.35ms
[2026-04-03T06:48:05.507+0600][12.005s][info][gc,phases   ] GC(11)   Merge Heap Roots: 2.50ms
[2026-04-03T06:48:05.507+0600][12.005s][info][gc,phases   ] GC(11)   Evacuate Collection Set: 14.53ms
[2026-04-03T06:48:05.507+0600][12.005s][info][gc,phases   ] GC(11)   Post Evacuate Collection Set: 0.78ms
[2026-04-03T06:48:05.507+0600][12.005s][info][gc,phases   ] GC(11)   Other: 0.11ms
[2026-04-03T06:48:05.507+0600][12.005s][info][gc,heap     ] GC(11) Eden regions: 26->0(30)
[2026-04-03T06:48:05.507+0600][12.005s][info][gc,heap     ] GC(11) Survivor regions: 4->3(4)
[2026-04-03T06:48:05.507+0600][12.005s][info][gc,heap     ] GC(11) Old regions: 9->11
[2026-04-03T06:48:05.507+0600][12.005s][info][gc,heap     ] GC(11) Humongous regions: 10->3
[2026-04-03T06:48:05.507+0600][12.005s][info][gc,metaspace] GC(11) Metaspace: 50529K(51008K)->50529K(51008K) NonClass: 44258K(44544K)->44258K(44544K) Class: 6270K(6464K)->6270K(6464K)
[2026-04-03T06:48:05.507+0600][12.005s][info][gc          ] GC(11) Pause Young (Mixed) (G1 Evacuation Pause) 95M->30M(110M) 18.634ms
[2026-04-03T06:48:05.507+0600][12.005s][info][gc,cpu      ] GC(11) User=0.03s Sys=0.00s Real=0.02s
[2026-04-03T06:48:06.291+0600][12.790s][info][gc,start    ] GC(12) Pause Young (Concurrent Start) (Metadata GC Threshold)
[2026-04-03T06:48:06.292+0600][12.790s][info][gc,task     ] GC(12) Using 2 workers of 10 for evacuation
[2026-04-03T06:48:06.307+0600][12.805s][info][gc,phases   ] GC(12)   Pre Evacuate Collection Set: 0.37ms
[2026-04-03T06:48:06.307+0600][12.806s][info][gc,phases   ] GC(12)   Merge Heap Roots: 0.18ms
[2026-04-03T06:48:06.307+0600][12.806s][info][gc,phases   ] GC(12)   Evacuate Collection Set: 13.82ms
[2026-04-03T06:48:06.307+0600][12.806s][info][gc,phases   ] GC(12)   Post Evacuate Collection Set: 0.88ms
[2026-04-03T06:48:06.307+0600][12.806s][info][gc,phases   ] GC(12)   Other: 0.17ms
[2026-04-03T06:48:06.307+0600][12.806s][info][gc,heap     ] GC(12) Eden regions: 25->0(29)
[2026-04-03T06:48:06.307+0600][12.806s][info][gc,heap     ] GC(12) Survivor regions: 3->4(5)
[2026-04-03T06:48:06.307+0600][12.806s][info][gc,heap     ] GC(12) Old regions: 11->11
[2026-04-03T06:48:06.307+0600][12.806s][info][gc,heap     ] GC(12) Humongous regions: 3->3
[2026-04-03T06:48:06.307+0600][12.806s][info][gc,metaspace] GC(12) Metaspace: 60680K(61120K)->60680K(61120K) NonClass: 53241K(53504K)->53241K(53504K) Class: 7439K(7616K)->7439K(7616K)
[2026-04-03T06:48:06.307+0600][12.806s][info][gc          ] GC(12) Pause Young (Concurrent Start) (Metadata GC Threshold) 80M->33M(110M) 15.832ms
[2026-04-03T06:48:06.307+0600][12.806s][info][gc,cpu      ] GC(12) User=0.06s Sys=0.00s Real=0.02s
[2026-04-03T06:48:06.307+0600][12.806s][info][gc          ] GC(13) Concurrent Mark Cycle
[2026-04-03T06:48:06.308+0600][12.806s][info][gc,marking  ] GC(13) Concurrent Scan Root Regions
[2026-04-03T06:48:06.313+0600][12.812s][info][gc,marking  ] GC(13) Concurrent Scan Root Regions 5.641ms
[2026-04-03T06:48:06.313+0600][12.812s][info][gc,marking  ] GC(13) Concurrent Mark
[2026-04-03T06:48:06.313+0600][12.812s][info][gc,marking  ] GC(13) Concurrent Mark From Roots
[2026-04-03T06:48:06.313+0600][12.812s][info][gc,task     ] GC(13) Using 3 workers of 3 for marking
[2026-04-03T06:48:06.331+0600][12.830s][info][gc,marking  ] GC(13) Concurrent Mark From Roots 18.087ms
[2026-04-03T06:48:06.332+0600][12.830s][info][gc,marking  ] GC(13) Concurrent Preclean
[2026-04-03T06:48:06.332+0600][12.830s][info][gc,marking  ] GC(13) Concurrent Preclean 0.117ms
[2026-04-03T06:48:06.334+0600][12.832s][info][gc,start    ] GC(13) Pause Remark
[2026-04-03T06:48:06.343+0600][12.841s][info][gc          ] GC(13) Pause Remark 35M->35M(110M) 8.954ms
[2026-04-03T06:48:06.343+0600][12.842s][info][gc,cpu      ] GC(13) User=0.03s Sys=0.00s Real=0.00s
[2026-04-03T06:48:06.343+0600][12.842s][info][gc,marking  ] GC(13) Concurrent Mark 29.912ms
[2026-04-03T06:48:06.343+0600][12.842s][info][gc,marking  ] GC(13) Concurrent Rebuild Remembered Sets and Scrub Regions
[2026-04-03T06:48:06.352+0600][12.850s][info][gc,marking  ] GC(13) Concurrent Rebuild Remembered Sets and Scrub Regions 8.721ms
[2026-04-03T06:48:06.352+0600][12.851s][info][gc,start    ] GC(13) Pause Cleanup
[2026-04-03T06:48:06.353+0600][12.851s][info][gc          ] GC(13) Pause Cleanup 35M->35M(110M) 0.334ms
[2026-04-03T06:48:06.353+0600][12.851s][info][gc,cpu      ] GC(13) User=0.00s Sys=0.00s Real=0.00s
[2026-04-03T06:48:06.353+0600][12.851s][info][gc,marking  ] GC(13) Concurrent Clear Claimed Marks
[2026-04-03T06:48:06.353+0600][12.851s][info][gc,marking  ] GC(13) Concurrent Clear Claimed Marks 0.110ms
[2026-04-03T06:48:06.353+0600][12.851s][info][gc,marking  ] GC(13) Concurrent Cleanup for Next Mark
[2026-04-03T06:48:06.353+0600][12.852s][info][gc,marking  ] GC(13) Concurrent Cleanup for Next Mark 0.476ms
[2026-04-03T06:48:06.354+0600][12.852s][info][gc          ] GC(13) Concurrent Mark Cycle 46.133ms
[2026-04-03T06:48:06.958+0600][13.456s][info][gc,start    ] GC(14) Pause Young (Prepare Mixed) (G1 Evacuation Pause)
[2026-04-03T06:48:06.958+0600][13.457s][info][gc,task     ] GC(14) Using 2 workers of 10 for evacuation
[2026-04-03T06:48:06.973+0600][13.472s][info][gc,phases   ] GC(14)   Pre Evacuate Collection Set: 0.31ms
[2026-04-03T06:48:06.974+0600][13.472s][info][gc,phases   ] GC(14)   Merge Heap Roots: 0.21ms
[2026-04-03T06:48:06.974+0600][13.472s][info][gc,phases   ] GC(14)   Evacuate Collection Set: 13.45ms
[2026-04-03T06:48:06.974+0600][13.472s][info][gc,phases   ] GC(14)   Post Evacuate Collection Set: 1.29ms
[2026-04-03T06:48:06.974+0600][13.472s][info][gc,phases   ] GC(14)   Other: 0.10ms
[2026-04-03T06:48:06.974+0600][13.472s][info][gc,heap     ] GC(14) Eden regions: 29->0(29)
[2026-04-03T06:48:06.974+0600][13.472s][info][gc,heap     ] GC(14) Survivor regions: 4->4(5)
[2026-04-03T06:48:06.974+0600][13.472s][info][gc,heap     ] GC(14) Old regions: 11->12
[2026-04-03T06:48:06.974+0600][13.472s][info][gc,heap     ] GC(14) Humongous regions: 3->3
[2026-04-03T06:48:06.974+0600][13.472s][info][gc,metaspace] GC(14) Metaspace: 63521K(64000K)->63521K(64000K) NonClass: 55696K(55936K)->55696K(55936K) Class: 7825K(8064K)->7825K(8064K)
[2026-04-03T06:48:06.974+0600][13.472s][info][gc          ] GC(14) Pause Young (Prepare Mixed) (G1 Evacuation Pause) 91M->35M(110M) 15.692ms
[2026-04-03T06:48:06.974+0600][13.472s][info][gc,cpu      ] GC(14) User=0.03s Sys=0.00s Real=0.02s
[2026-04-03T06:48:07.575+0600][14.073s][info][gc,start    ] GC(15) Pause Young (Mixed) (G1 Evacuation Pause)
[2026-04-03T06:48:07.575+0600][14.073s][info][gc,task     ] GC(15) Using 2 workers of 10 for evacuation
[2026-04-03T06:48:07.595+0600][14.093s][info][gc,phases   ] GC(15)   Pre Evacuate Collection Set: 0.30ms
[2026-04-03T06:48:07.595+0600][14.093s][info][gc,phases   ] GC(15)   Merge Heap Roots: 0.26ms
[2026-04-03T06:48:07.595+0600][14.093s][info][gc,phases   ] GC(15)   Evacuate Collection Set: 17.94ms
[2026-04-03T06:48:07.595+0600][14.093s][info][gc,phases   ] GC(15)   Post Evacuate Collection Set: 1.38ms
[2026-04-03T06:48:07.595+0600][14.093s][info][gc,phases   ] GC(15)   Other: 0.10ms
[2026-04-03T06:48:07.595+0600][14.093s][info][gc,heap     ] GC(15) Eden regions: 29->0(35)
[2026-04-03T06:48:07.595+0600][14.093s][info][gc,heap     ] GC(15) Survivor regions: 4->4(5)
[2026-04-03T06:48:07.595+0600][14.093s][info][gc,heap     ] GC(15) Old regions: 12->13
[2026-04-03T06:48:07.595+0600][14.093s][info][gc,heap     ] GC(15) Humongous regions: 3->3
[2026-04-03T06:48:07.595+0600][14.093s][info][gc,metaspace] GC(15) Metaspace: 70720K(71232K)->70720K(71232K) NonClass: 62068K(62336K)->62068K(62336K) Class: 8652K(8896K)->8652K(8896K)
[2026-04-03T06:48:07.595+0600][14.093s][info][gc          ] GC(15) Pause Young (Mixed) (G1 Evacuation Pause) 93M->38M(132M) 20.254ms
[2026-04-03T06:48:07.595+0600][14.093s][info][gc,cpu      ] GC(15) User=0.04s Sys=0.00s Real=0.02s
[2026-04-03T06:48:08.454+0600][14.952s][info][gc,start    ] GC(16) Pause Young (Normal) (G1 Evacuation Pause)
[2026-04-03T06:48:08.454+0600][14.952s][info][gc,task     ] GC(16) Using 3 workers of 10 for evacuation
[2026-04-03T06:48:08.466+0600][14.965s][info][gc,phases   ] GC(16)   Pre Evacuate Collection Set: 0.25ms
[2026-04-03T06:48:08.466+0600][14.965s][info][gc,phases   ] GC(16)   Merge Heap Roots: 0.32ms
[2026-04-03T06:48:08.466+0600][14.965s][info][gc,phases   ] GC(16)   Evacuate Collection Set: 9.53ms
[2026-04-03T06:48:08.466+0600][14.965s][info][gc,phases   ] GC(16)   Post Evacuate Collection Set: 2.46ms
[2026-04-03T06:48:08.466+0600][14.965s][info][gc,phases   ] GC(16)   Other: 0.11ms
[2026-04-03T06:48:08.466+0600][14.965s][info][gc,heap     ] GC(16) Eden regions: 35->0(35)
[2026-04-03T06:48:08.466+0600][14.965s][info][gc,heap     ] GC(16) Survivor regions: 4->4(5)
[2026-04-03T06:48:08.467+0600][14.965s][info][gc,heap     ] GC(16) Old regions: 13->14
[2026-04-03T06:48:08.467+0600][14.965s][info][gc,heap     ] GC(16) Humongous regions: 3->3
[2026-04-03T06:48:08.467+0600][14.965s][info][gc,metaspace] GC(16) Metaspace: 82199K(82688K)->82199K(82688K) NonClass: 72129K(72448K)->72129K(72448K) Class: 10070K(10240K)->10070K(10240K)
[2026-04-03T06:48:08.467+0600][14.965s][info][gc          ] GC(16) Pause Young (Normal) (G1 Evacuation Pause) 108M->41M(132M) 13.051ms
[2026-04-03T06:48:08.467+0600][14.965s][info][gc,cpu      ] GC(16) User=0.03s Sys=0.00s Real=0.01s
[2026-04-03T06:48:09.620+0600][16.119s][info][gc,start    ] GC(17) Pause Young (Concurrent Start) (G1 Evacuation Pause)
[2026-04-03T06:48:09.620+0600][16.119s][info][gc,task     ] GC(17) Using 3 workers of 10 for evacuation
[2026-04-03T06:48:09.634+0600][16.133s][info][gc,phases   ] GC(17)   Pre Evacuate Collection Set: 0.31ms
[2026-04-03T06:48:09.635+0600][16.133s][info][gc,phases   ] GC(17)   Merge Heap Roots: 0.16ms
[2026-04-03T06:48:09.635+0600][16.133s][info][gc,phases   ] GC(17)   Evacuate Collection Set: 12.28ms
[2026-04-03T06:48:09.635+0600][16.133s][info][gc,phases   ] GC(17)   Post Evacuate Collection Set: 1.09ms
[2026-04-03T06:48:09.635+0600][16.133s][info][gc,phases   ] GC(17)   Other: 0.34ms
[2026-04-03T06:48:09.635+0600][16.133s][info][gc,heap     ] GC(17) Eden regions: 35->0(35)
[2026-04-03T06:48:09.635+0600][16.133s][info][gc,heap     ] GC(17) Survivor regions: 4->4(5)
[2026-04-03T06:48:09.635+0600][16.133s][info][gc,heap     ] GC(17) Old regions: 14->16
[2026-04-03T06:48:09.635+0600][16.133s][info][gc,heap     ] GC(17) Humongous regions: 3->3
[2026-04-03T06:48:09.635+0600][16.133s][info][gc,metaspace] GC(17) Metaspace: 95028K(95552K)->95028K(95552K) NonClass: 83289K(83584K)->83289K(83584K) Class: 11739K(11968K)->11739K(11968K)
[2026-04-03T06:48:09.635+0600][16.133s][info][gc          ] GC(17) Pause Young (Concurrent Start) (G1 Evacuation Pause) 111M->45M(132M) 14.571ms
[2026-04-03T06:48:09.635+0600][16.133s][info][gc,cpu      ] GC(17) User=0.03s Sys=0.00s Real=0.02s
[2026-04-03T06:48:09.635+0600][16.133s][info][gc          ] GC(18) Concurrent Mark Cycle
[2026-04-03T06:48:09.635+0600][16.133s][info][gc,marking  ] GC(18) Concurrent Scan Root Regions
[2026-04-03T06:48:09.641+0600][16.139s][info][gc,marking  ] GC(18) Concurrent Scan Root Regions 6.002ms
[2026-04-03T06:48:09.641+0600][16.139s][info][gc,marking  ] GC(18) Concurrent Mark
[2026-04-03T06:48:09.641+0600][16.139s][info][gc,marking  ] GC(18) Concurrent Mark From Roots
[2026-04-03T06:48:09.641+0600][16.139s][info][gc,task     ] GC(18) Using 3 workers of 3 for marking
[2026-04-03T06:48:09.656+0600][16.154s][info][gc,marking  ] GC(18) Concurrent Mark From Roots 14.827ms
[2026-04-03T06:48:09.656+0600][16.154s][info][gc,marking  ] GC(18) Concurrent Preclean
[2026-04-03T06:48:09.656+0600][16.155s][info][gc,marking  ] GC(18) Concurrent Preclean 0.185ms
[2026-04-03T06:48:09.656+0600][16.155s][info][gc,start    ] GC(18) Pause Remark
[2026-04-03T06:48:09.666+0600][16.164s][info][gc          ] GC(18) Pause Remark 47M->47M(132M) 9.259ms
[2026-04-03T06:48:09.666+0600][16.164s][info][gc,cpu      ] GC(18) User=0.02s Sys=0.00s Real=0.01s
[2026-04-03T06:48:09.666+0600][16.164s][info][gc,marking  ] GC(18) Concurrent Mark 24.870ms
[2026-04-03T06:48:09.666+0600][16.164s][info][gc,marking  ] GC(18) Concurrent Rebuild Remembered Sets and Scrub Regions
[2026-04-03T06:48:09.675+0600][16.174s][info][gc,marking  ] GC(18) Concurrent Rebuild Remembered Sets and Scrub Regions 9.378ms
[2026-04-03T06:48:09.676+0600][16.174s][info][gc,start    ] GC(18) Pause Cleanup
[2026-04-03T06:48:09.676+0600][16.174s][info][gc          ] GC(18) Pause Cleanup 47M->47M(132M) 0.313ms
[2026-04-03T06:48:09.676+0600][16.174s][info][gc,cpu      ] GC(18) User=0.00s Sys=0.00s Real=0.00s
[2026-04-03T06:48:09.676+0600][16.175s][info][gc,marking  ] GC(18) Concurrent Clear Claimed Marks
[2026-04-03T06:48:09.676+0600][16.175s][info][gc,marking  ] GC(18) Concurrent Clear Claimed Marks 0.138ms
[2026-04-03T06:48:09.676+0600][16.175s][info][gc,marking  ] GC(18) Concurrent Cleanup for Next Mark
[2026-04-03T06:48:09.677+0600][16.175s][info][gc,marking  ] GC(18) Concurrent Cleanup for Next Mark 0.481ms
[2026-04-03T06:48:09.677+0600][16.175s][info][gc          ] GC(18) Concurrent Mark Cycle 41.968ms
[2026-04-03T06:48:10.654+0600][17.152s][info][gc,start    ] GC(19) Pause Young (Prepare Mixed) (G1 Evacuation Pause)
[2026-04-03T06:48:10.654+0600][17.152s][info][gc,task     ] GC(19) Using 3 workers of 10 for evacuation
[2026-04-03T06:48:10.669+0600][17.167s][info][gc,phases   ] GC(19)   Pre Evacuate Collection Set: 0.22ms
[2026-04-03T06:48:10.669+0600][17.168s][info][gc,phases   ] GC(19)   Merge Heap Roots: 0.25ms
[2026-04-03T06:48:10.669+0600][17.168s][info][gc,phases   ] GC(19)   Evacuate Collection Set: 13.43ms
[2026-04-03T06:48:10.669+0600][17.168s][info][gc,phases   ] GC(19)   Post Evacuate Collection Set: 1.16ms
[2026-04-03T06:48:10.669+0600][17.168s][info][gc,phases   ] GC(19)   Other: 0.16ms
[2026-04-03T06:48:10.669+0600][17.168s][info][gc,heap     ] GC(19) Eden regions: 35->0(34)
[2026-04-03T06:48:10.669+0600][17.168s][info][gc,heap     ] GC(19) Survivor regions: 4->5(5)
[2026-04-03T06:48:10.669+0600][17.168s][info][gc,heap     ] GC(19) Old regions: 16->18
[2026-04-03T06:48:10.669+0600][17.168s][info][gc,heap     ] GC(19) Humongous regions: 5->3
[2026-04-03T06:48:10.669+0600][17.168s][info][gc,metaspace] GC(19) Metaspace: 103914K(104512K)->103914K(104512K) NonClass: 90849K(91200K)->90849K(91200K) Class: 13064K(13312K)->13064K(13312K)
[2026-04-03T06:48:10.669+0600][17.168s][info][gc          ] GC(19) Pause Young (Prepare Mixed) (G1 Evacuation Pause) 119M->51M(134M) 15.639ms
[2026-04-03T06:48:10.669+0600][17.168s][info][gc,cpu      ] GC(19) User=0.05s Sys=0.00s Real=0.01s
[2026-04-03T06:48:12.223+0600][18.722s][info][gc,start    ] GC(20) Pause Young (Mixed) (G1 Evacuation Pause)
[2026-04-03T06:48:12.223+0600][18.722s][info][gc,task     ] GC(20) Using 3 workers of 10 for evacuation
[2026-04-03T06:48:12.245+0600][18.744s][info][gc,phases   ] GC(20)   Pre Evacuate Collection Set: 0.16ms
[2026-04-03T06:48:12.246+0600][18.744s][info][gc,phases   ] GC(20)   Merge Heap Roots: 0.14ms
[2026-04-03T06:48:12.246+0600][18.744s][info][gc,phases   ] GC(20)   Evacuate Collection Set: 20.71ms
[2026-04-03T06:48:12.246+0600][18.744s][info][gc,phases   ] GC(20)   Post Evacuate Collection Set: 1.00ms
[2026-04-03T06:48:12.246+0600][18.744s][info][gc,phases   ] GC(20)   Other: 0.17ms
[2026-04-03T06:48:12.246+0600][18.744s][info][gc,heap     ] GC(20) Eden regions: 34->0(50)
[2026-04-03T06:48:12.246+0600][18.744s][info][gc,heap     ] GC(20) Survivor regions: 5->4(5)
[2026-04-03T06:48:12.246+0600][18.744s][info][gc,heap     ] GC(20) Old regions: 18->22
[2026-04-03T06:48:12.246+0600][18.744s][info][gc,heap     ] GC(20) Humongous regions: 9->3
[2026-04-03T06:48:12.246+0600][18.744s][info][gc,metaspace] GC(20) Metaspace: 111737K(112960K)->111737K(112960K) NonClass: 97433K(98112K)->97433K(98112K) Class: 14303K(14848K)->14303K(14848K)
[2026-04-03T06:48:12.246+0600][18.744s][info][gc          ] GC(20) Pause Young (Mixed) (G1 Evacuation Pause) 131M->56M(180M) 22.583ms
[2026-04-03T06:48:12.246+0600][18.744s][info][gc,cpu      ] GC(20) User=0.06s Sys=0.01s Real=0.03s
[2026-04-03T06:48:12.448+0600][18.947s][info][gc,start    ] GC(21) Pause Young (Concurrent Start) (G1 Humongous Allocation)
[2026-04-03T06:48:12.448+0600][18.947s][info][gc,task     ] GC(21) Using 4 workers of 10 for evacuation
[2026-04-03T06:48:12.462+0600][18.961s][info][gc,phases   ] GC(21)   Pre Evacuate Collection Set: 0.42ms
[2026-04-03T06:48:12.462+0600][18.961s][info][gc,phases   ] GC(21)   Merge Heap Roots: 0.19ms
[2026-04-03T06:48:12.462+0600][18.961s][info][gc,phases   ] GC(21)   Evacuate Collection Set: 11.64ms
[2026-04-03T06:48:12.462+0600][18.961s][info][gc,phases   ] GC(21)   Post Evacuate Collection Set: 1.36ms
[2026-04-03T06:48:12.462+0600][18.961s][info][gc,phases   ] GC(21)   Other: 0.27ms
[2026-04-03T06:48:12.463+0600][18.961s][info][gc,heap     ] GC(21) Eden regions: 6->0(36)
[2026-04-03T06:48:12.463+0600][18.961s][info][gc,heap     ] GC(21) Survivor regions: 4->5(7)
[2026-04-03T06:48:12.463+0600][18.961s][info][gc,heap     ] GC(21) Old regions: 22->22
[2026-04-03T06:48:12.463+0600][18.961s][info][gc,heap     ] GC(21) Humongous regions: 19->19
[2026-04-03T06:48:12.463+0600][18.961s][info][gc,metaspace] GC(21) Metaspace: 112916K(114304K)->112916K(114304K) NonClass: 98334K(99136K)->98334K(99136K) Class: 14582K(15168K)->14582K(15168K)
[2026-04-03T06:48:12.463+0600][18.961s][info][gc          ] GC(21) Pause Young (Concurrent Start) (G1 Humongous Allocation) 98M->90M(180M) 14.569ms
[2026-04-03T06:48:12.463+0600][18.961s][info][gc,cpu      ] GC(21) User=0.08s Sys=0.01s Real=0.01s
[2026-04-03T06:48:12.463+0600][18.961s][info][gc          ] GC(22) Concurrent Mark Cycle
[2026-04-03T06:48:12.463+0600][18.961s][info][gc,marking  ] GC(22) Concurrent Scan Root Regions
[2026-04-03T06:48:12.469+0600][18.967s][info][gc,marking  ] GC(22) Concurrent Scan Root Regions 5.888ms
[2026-04-03T06:48:12.469+0600][18.967s][info][gc,marking  ] GC(22) Concurrent Mark
[2026-04-03T06:48:12.469+0600][18.967s][info][gc,marking  ] GC(22) Concurrent Mark From Roots
[2026-04-03T06:48:12.469+0600][18.967s][info][gc,task     ] GC(22) Using 3 workers of 3 for marking
[2026-04-03T06:48:12.510+0600][19.008s][info][gc,marking  ] GC(22) Concurrent Mark From Roots 40.893ms
[2026-04-03T06:48:12.510+0600][19.008s][info][gc,marking  ] GC(22) Concurrent Preclean
[2026-04-03T06:48:12.510+0600][19.009s][info][gc,marking  ] GC(22) Concurrent Preclean 0.484ms
[2026-04-03T06:48:12.526+0600][19.025s][info][gc,start    ] GC(22) Pause Remark
[2026-04-03T06:48:12.536+0600][19.034s][info][gc          ] GC(22) Pause Remark 219M->219M(368M) 9.510ms
[2026-04-03T06:48:12.536+0600][19.034s][info][gc,cpu      ] GC(22) User=0.03s Sys=0.00s Real=0.01s
[2026-04-03T06:48:12.536+0600][19.035s][info][gc,marking  ] GC(22) Concurrent Mark 67.363ms
[2026-04-03T06:48:12.536+0600][19.035s][info][gc,marking  ] GC(22) Concurrent Rebuild Remembered Sets and Scrub Regions
[2026-04-03T06:48:12.564+0600][19.062s][info][gc,marking  ] GC(22) Concurrent Rebuild Remembered Sets and Scrub Regions 27.152ms
[2026-04-03T06:48:12.564+0600][19.063s][info][gc,start    ] GC(22) Pause Cleanup
[2026-04-03T06:48:12.565+0600][19.063s][info][gc          ] GC(22) Pause Cleanup 220M->220M(368M) 0.362ms
[2026-04-03T06:48:12.565+0600][19.063s][info][gc,cpu      ] GC(22) User=0.00s Sys=0.00s Real=0.00s
[2026-04-03T06:48:12.565+0600][19.064s][info][gc,marking  ] GC(22) Concurrent Clear Claimed Marks
[2026-04-03T06:48:12.566+0600][19.064s][info][gc,marking  ] GC(22) Concurrent Clear Claimed Marks 0.364ms
[2026-04-03T06:48:12.566+0600][19.064s][info][gc,marking  ] GC(22) Concurrent Cleanup for Next Mark
[2026-04-03T06:48:12.575+0600][19.074s][info][gc,marking  ] GC(22) Concurrent Cleanup for Next Mark 9.670ms
[2026-04-03T06:48:12.575+0600][19.074s][info][gc          ] GC(22) Concurrent Mark Cycle 112.561ms
[2026-04-03T06:48:13.747+0600][20.246s][info][gc,start    ] GC(23) Pause Young (Prepare Mixed) (G1 Evacuation Pause)
[2026-04-03T06:48:13.747+0600][20.246s][info][gc,task     ] GC(23) Using 8 workers of 10 for evacuation
[2026-04-03T06:48:13.757+0600][20.256s][info][gc,phases   ] GC(23)   Pre Evacuate Collection Set: 0.44ms
[2026-04-03T06:48:13.757+0600][20.256s][info][gc,phases   ] GC(23)   Merge Heap Roots: 0.24ms
[2026-04-03T06:48:13.757+0600][20.256s][info][gc,phases   ] GC(23)   Evacuate Collection Set: 7.56ms
[2026-04-03T06:48:13.757+0600][20.256s][info][gc,phases   ] GC(23)   Post Evacuate Collection Set: 1.44ms
[2026-04-03T06:48:13.757+0600][20.256s][info][gc,phases   ] GC(23)   Other: 0.17ms
[2026-04-03T06:48:13.757+0600][20.256s][info][gc,heap     ] GC(23) Eden regions: 34->0(77)
[2026-04-03T06:48:13.758+0600][20.256s][info][gc,heap     ] GC(23) Survivor regions: 5->3(5)
[2026-04-03T06:48:13.758+0600][20.256s][info][gc,heap     ] GC(23) Old regions: 22->24
[2026-04-03T06:48:13.758+0600][20.256s][info][gc,heap     ] GC(23) Humongous regions: 99->67
[2026-04-03T06:48:13.758+0600][20.256s][info][gc,metaspace] GC(23) Metaspace: 116644K(118144K)->116644K(118144K) NonClass: 101357K(102208K)->101357K(102208K) Class: 15286K(15936K)->15286K(15936K)
[2026-04-03T06:48:13.758+0600][20.256s][info][gc          ] GC(23) Pause Young (Prepare Mixed) (G1 Evacuation Pause) 318M->186M(368M) 10.326ms
[2026-04-03T06:48:13.758+0600][20.256s][info][gc,cpu      ] GC(23) User=0.06s Sys=0.02s Real=0.01s
[2026-04-03T06:48:14.454+0600][20.952s][info][gc,start    ] GC(24) Pause Young (Mixed) (G1 Evacuation Pause)
[2026-04-03T06:48:14.454+0600][20.952s][info][gc,task     ] GC(24) Using 8 workers of 10 for evacuation
[2026-04-03T06:48:14.550+0600][21.049s][info][gc,phases   ] GC(24)   Pre Evacuate Collection Set: 0.29ms
[2026-04-03T06:48:14.550+0600][21.049s][info][gc,phases   ] GC(24)   Merge Heap Roots: 0.10ms
[2026-04-03T06:48:14.550+0600][21.049s][info][gc,phases   ] GC(24)   Evacuate Collection Set: 95.07ms
[2026-04-03T06:48:14.550+0600][21.049s][info][gc,phases   ] GC(24)   Post Evacuate Collection Set: 0.80ms
[2026-04-03T06:48:14.550+0600][21.049s][info][gc,phases   ] GC(24)   Other: 0.09ms
[2026-04-03T06:48:14.550+0600][21.049s][info][gc,heap     ] GC(24) Eden regions: 57->0(64)
[2026-04-03T06:48:14.550+0600][21.049s][info][gc,heap     ] GC(24) Survivor regions: 3->10(10)
[2026-04-03T06:48:14.550+0600][21.049s][info][gc,heap     ] GC(24) Old regions: 24->35
[2026-04-03T06:48:14.550+0600][21.049s][info][gc,heap     ] GC(24) Humongous regions: 100->67
[2026-04-03T06:48:14.550+0600][21.049s][info][gc,metaspace] GC(24) Metaspace: 117633K(119232K)->117633K(119232K) NonClass: 102207K(103104K)->102207K(103104K) Class: 15426K(16128K)->15426K(16128K)
[2026-04-03T06:48:14.550+0600][21.049s][info][gc          ] GC(24) Pause Young (Mixed) (G1 Evacuation Pause) 366M->222M(412M) 96.850ms
[2026-04-03T06:48:14.551+0600][21.049s][info][gc,cpu      ] GC(24) User=0.68s Sys=0.05s Real=0.09s
[2026-04-03T06:48:14.667+0600][21.166s][info][gc,start    ] GC(25) Pause Young (Concurrent Start) (G1 Humongous Allocation)
[2026-04-03T06:48:14.668+0600][21.166s][info][gc,task     ] GC(25) Using 9 workers of 10 for evacuation
[2026-04-03T06:48:14.722+0600][21.221s][info][gc,phases   ] GC(25)   Pre Evacuate Collection Set: 0.51ms
[2026-04-03T06:48:14.722+0600][21.221s][info][gc,phases   ] GC(25)   Merge Heap Roots: 0.19ms
[2026-04-03T06:48:14.722+0600][21.221s][info][gc,phases   ] GC(25)   Evacuate Collection Set: 53.18ms
[2026-04-03T06:48:14.722+0600][21.221s][info][gc,phases   ] GC(25)   Post Evacuate Collection Set: 0.65ms
[2026-04-03T06:48:14.722+0600][21.221s][info][gc,phases   ] GC(25)   Other: 0.21ms
[2026-04-03T06:48:14.723+0600][21.221s][info][gc,heap     ] GC(25) Eden regions: 17->0(48)
[2026-04-03T06:48:14.723+0600][21.221s][info][gc,heap     ] GC(25) Survivor regions: 10->10(10)
[2026-04-03T06:48:14.723+0600][21.221s][info][gc,heap     ] GC(25) Old regions: 35->42
[2026-04-03T06:48:14.723+0600][21.221s][info][gc,heap     ] GC(25) Humongous regions: 67->67
[2026-04-03T06:48:14.723+0600][21.221s][info][gc,metaspace] GC(25) Metaspace: 117703K(119296K)->117703K(119296K) NonClass: 102277K(103168K)->102277K(103168K) Class: 15426K(16128K)->15426K(16128K)
[2026-04-03T06:48:14.723+0600][21.221s][info][gc          ] GC(25) Pause Young (Concurrent Start) (G1 Humongous Allocation) 254M->237M(412M) 55.154ms
[2026-04-03T06:48:14.723+0600][21.221s][info][gc,cpu      ] GC(25) User=0.47s Sys=0.01s Real=0.05s
[2026-04-03T06:48:14.723+0600][21.221s][info][gc          ] GC(26) Concurrent Mark Cycle
[2026-04-03T06:48:14.723+0600][21.221s][info][gc,marking  ] GC(26) Concurrent Scan Root Regions
[2026-04-03T06:48:14.738+0600][21.237s][info][gc,marking  ] GC(26) Concurrent Scan Root Regions 15.457ms
[2026-04-03T06:48:14.738+0600][21.237s][info][gc,marking  ] GC(26) Concurrent Mark
[2026-04-03T06:48:14.738+0600][21.237s][info][gc,marking  ] GC(26) Concurrent Mark From Roots
[2026-04-03T06:48:14.738+0600][21.237s][info][gc,task     ] GC(26) Using 3 workers of 3 for marking
[2026-04-03T06:48:14.835+0600][21.334s][info][gc,marking  ] GC(26) Concurrent Mark From Roots 96.964ms
[2026-04-03T06:48:14.835+0600][21.334s][info][gc,marking  ] GC(26) Concurrent Preclean
[2026-04-03T06:48:14.836+0600][21.335s][info][gc,marking  ] GC(26) Concurrent Preclean 0.615ms
[2026-04-03T06:48:14.836+0600][21.335s][info][gc,start    ] GC(26) Pause Remark
[2026-04-03T06:48:14.860+0600][21.358s][info][gc          ] GC(26) Pause Remark 276M->276M(434M) 23.466ms
[2026-04-03T06:48:14.860+0600][21.359s][info][gc,cpu      ] GC(26) User=0.17s Sys=0.00s Real=0.02s
[2026-04-03T06:48:14.860+0600][21.359s][info][gc,marking  ] GC(26) Concurrent Mark 121.877ms
[2026-04-03T06:48:14.860+0600][21.359s][info][gc,marking  ] GC(26) Concurrent Rebuild Remembered Sets and Scrub Regions
[2026-04-03T06:48:14.968+0600][21.467s][info][gc,marking  ] GC(26) Concurrent Rebuild Remembered Sets and Scrub Regions 107.952ms
[2026-04-03T06:48:14.970+0600][21.468s][info][gc,start    ] GC(26) Pause Cleanup
[2026-04-03T06:48:14.970+0600][21.469s][info][gc          ] GC(26) Pause Cleanup 304M->304M(434M) 0.470ms
[2026-04-03T06:48:14.970+0600][21.469s][info][gc,cpu      ] GC(26) User=0.00s Sys=0.00s Real=0.00s
[2026-04-03T06:48:14.971+0600][21.469s][info][gc,marking  ] GC(26) Concurrent Clear Claimed Marks
[2026-04-03T06:48:14.971+0600][21.469s][info][gc,marking  ] GC(26) Concurrent Clear Claimed Marks 0.310ms
[2026-04-03T06:48:14.971+0600][21.469s][info][gc,marking  ] GC(26) Concurrent Cleanup for Next Mark
[2026-04-03T06:48:14.972+0600][21.471s][info][gc,marking  ] GC(26) Concurrent Cleanup for Next Mark 1.566ms
[2026-04-03T06:48:14.973+0600][21.471s][info][gc          ] GC(26) Concurrent Mark Cycle 249.871ms
[2026-04-03T06:48:15.310+0600][21.808s][info][gc,start    ] GC(27) Pause Young (Prepare Mixed) (G1 Evacuation Pause)
[2026-04-03T06:48:15.310+0600][21.809s][info][gc,task     ] GC(27) Using 10 workers of 10 for evacuation
[2026-04-03T06:48:15.331+0600][21.829s][info][gc,phases   ] GC(27)   Pre Evacuate Collection Set: 0.35ms
[2026-04-03T06:48:15.331+0600][21.829s][info][gc,phases   ] GC(27)   Merge Heap Roots: 0.16ms
[2026-04-03T06:48:15.331+0600][21.829s][info][gc,phases   ] GC(27)   Evacuate Collection Set: 19.38ms
[2026-04-03T06:48:15.331+0600][21.829s][info][gc,phases   ] GC(27)   Post Evacuate Collection Set: 0.56ms
[2026-04-03T06:48:15.331+0600][21.829s][info][gc,phases   ] GC(27)   Other: 0.11ms
[2026-04-03T06:48:15.331+0600][21.829s][info][gc,heap     ] GC(27) Eden regions: 48->0(38)
[2026-04-03T06:48:15.331+0600][21.829s][info][gc,heap     ] GC(27) Survivor regions: 10->8(8)
[2026-04-03T06:48:15.331+0600][21.829s][info][gc,heap     ] GC(27) Old regions: 42->52
[2026-04-03T06:48:15.331+0600][21.829s][info][gc,heap     ] GC(27) Humongous regions: 94->91
[2026-04-03T06:48:15.331+0600][21.829s][info][gc,metaspace] GC(27) Metaspace: 117278K(119296K)->117278K(119296K) NonClass: 101999K(103168K)->101999K(103168K) Class: 15278K(16128K)->15278K(16128K)
[2026-04-03T06:48:15.331+0600][21.829s][info][gc          ] GC(27) Pause Young (Prepare Mixed) (G1 Evacuation Pause) 387M->300M(434M) 20.906ms
[2026-04-03T06:48:15.331+0600][21.829s][info][gc,cpu      ] GC(27) User=0.15s Sys=0.00s Real=0.02s
[2026-04-03T06:48:16.192+0600][22.691s][info][gc,start    ] GC(28) Pause Young (Mixed) (G1 Evacuation Pause)
[2026-04-03T06:48:16.193+0600][22.691s][info][gc,task     ] GC(28) Using 10 workers of 10 for evacuation
[2026-04-03T06:48:16.196+0600][22.694s][info][gc,phases   ] GC(28)   Pre Evacuate Collection Set: 0.39ms
[2026-04-03T06:48:16.196+0600][22.695s][info][gc,phases   ] GC(28)   Merge Heap Roots: 0.22ms
[2026-04-03T06:48:16.196+0600][22.695s][info][gc,phases   ] GC(28)   Evacuate Collection Set: 1.95ms
[2026-04-03T06:48:16.196+0600][22.695s][info][gc,phases   ] GC(28)   Post Evacuate Collection Set: 0.73ms
[2026-04-03T06:48:16.196+0600][22.695s][info][gc,phases   ] GC(28)   Other: 0.11ms
[2026-04-03T06:48:16.196+0600][22.695s][info][gc,heap     ] GC(28) Eden regions: 38->0(61)
[2026-04-03T06:48:16.196+0600][22.695s][info][gc,heap     ] GC(28) Survivor regions: 8->2(6)
[2026-04-03T06:48:16.196+0600][22.695s][info][gc,heap     ] GC(28) Old regions: 52->52
[2026-04-03T06:48:16.196+0600][22.695s][info][gc,heap     ] GC(28) Humongous regions: 104->67
[2026-04-03T06:48:16.196+0600][22.695s][info][gc,metaspace] GC(28) Metaspace: 117484K(119296K)->117484K(119296K) NonClass: 102186K(103168K)->102186K(103168K) Class: 15297K(16128K)->15297K(16128K)
[2026-04-03T06:48:16.196+0600][22.695s][info][gc          ] GC(28) Pause Young (Mixed) (G1 Evacuation Pause) 402M->238M(434M) 3.789ms
[2026-04-03T06:48:16.196+0600][22.695s][info][gc,cpu      ] GC(28) User=0.03s Sys=0.01s Real=0.01s
[2026-04-03T06:48:16.488+0600][22.987s][info][gc,start    ] GC(29) Pause Young (Concurrent Start) (G1 Humongous Allocation)
[2026-04-03T06:48:16.488+0600][22.987s][info][gc,task     ] GC(29) Using 10 workers of 10 for evacuation
[2026-04-03T06:48:16.492+0600][22.991s][info][gc,phases   ] GC(29)   Pre Evacuate Collection Set: 0.43ms
[2026-04-03T06:48:16.492+0600][22.991s][info][gc,phases   ] GC(29)   Merge Heap Roots: 0.17ms
[2026-04-03T06:48:16.492+0600][22.991s][info][gc,phases   ] GC(29)   Evacuate Collection Set: 2.21ms
[2026-04-03T06:48:16.492+0600][22.991s][info][gc,phases   ] GC(29)   Post Evacuate Collection Set: 0.87ms
[2026-04-03T06:48:16.492+0600][22.991s][info][gc,phases   ] GC(29)   Other: 0.17ms
[2026-04-03T06:48:16.492+0600][22.991s][info][gc,heap     ] GC(29) Eden regions: 11->0(67)
[2026-04-03T06:48:16.492+0600][22.991s][info][gc,heap     ] GC(29) Survivor regions: 2->1(8)
[2026-04-03T06:48:16.492+0600][22.991s][info][gc,heap     ] GC(29) Old regions: 52->52
[2026-04-03T06:48:16.492+0600][22.991s][info][gc,heap     ] GC(29) Humongous regions: 67->67
[2026-04-03T06:48:16.492+0600][22.991s][info][gc,metaspace] GC(29) Metaspace: 120780K(121984K)->120780K(121984K) NonClass: 105145K(105792K)->105145K(105792K) Class: 15635K(16192K)->15635K(16192K)
[2026-04-03T06:48:16.493+0600][22.991s][info][gc          ] GC(29) Pause Young (Concurrent Start) (G1 Humongous Allocation) 259M->237M(434M) 4.245ms
[2026-04-03T06:48:16.493+0600][22.991s][info][gc,cpu      ] GC(29) User=0.03s Sys=0.00s Real=0.00s
[2026-04-03T06:48:16.493+0600][22.991s][info][gc          ] GC(30) Concurrent Mark Cycle
[2026-04-03T06:48:16.493+0600][22.991s][info][gc,marking  ] GC(30) Concurrent Scan Root Regions
[2026-04-03T06:48:16.496+0600][22.994s][info][gc,marking  ] GC(30) Concurrent Scan Root Regions 3.001ms
[2026-04-03T06:48:16.496+0600][22.994s][info][gc,marking  ] GC(30) Concurrent Mark
[2026-04-03T06:48:16.496+0600][22.994s][info][gc,marking  ] GC(30) Concurrent Mark From Roots
[2026-04-03T06:48:16.496+0600][22.994s][info][gc,task     ] GC(30) Using 3 workers of 3 for marking
[2026-04-03T06:48:16.610+0600][23.108s][info][gc,marking  ] GC(30) Concurrent Mark From Roots 113.836ms
[2026-04-03T06:48:16.610+0600][23.108s][info][gc,marking  ] GC(30) Concurrent Preclean
[2026-04-03T06:48:16.611+0600][23.109s][info][gc,marking  ] GC(30) Concurrent Preclean 0.880ms
[2026-04-03T06:48:16.611+0600][23.109s][info][gc,start    ] GC(30) Pause Remark
[2026-04-03T06:48:16.634+0600][23.132s][info][gc          ] GC(30) Pause Remark 247M->245M(434M) 23.043ms
[2026-04-03T06:48:16.634+0600][23.133s][info][gc,cpu      ] GC(30) User=0.21s Sys=0.00s Real=0.03s
[2026-04-03T06:48:16.634+0600][23.133s][info][gc,marking  ] GC(30) Concurrent Mark 138.593ms
[2026-04-03T06:48:16.635+0600][23.133s][info][gc,marking  ] GC(30) Concurrent Rebuild Remembered Sets and Scrub Regions
[2026-04-03T06:48:16.680+0600][23.179s][info][gc,marking  ] GC(30) Concurrent Rebuild Remembered Sets and Scrub Regions 45.746ms
[2026-04-03T06:48:16.681+0600][23.179s][info][gc,start    ] GC(30) Pause Cleanup
[2026-04-03T06:48:16.681+0600][23.180s][info][gc          ] GC(30) Pause Cleanup 246M->246M(434M) 0.560ms
[2026-04-03T06:48:16.681+0600][23.180s][info][gc,cpu      ] GC(30) User=0.00s Sys=0.00s Real=0.00s
[2026-04-03T06:48:16.682+0600][23.180s][info][gc,marking  ] GC(30) Concurrent Clear Claimed Marks
[2026-04-03T06:48:16.682+0600][23.180s][info][gc,marking  ] GC(30) Concurrent Clear Claimed Marks 0.346ms
[2026-04-03T06:48:16.682+0600][23.180s][info][gc,marking  ] GC(30) Concurrent Cleanup for Next Mark
[2026-04-03T06:48:16.683+0600][23.181s][info][gc,marking  ] GC(30) Concurrent Cleanup for Next Mark 0.847ms
[2026-04-03T06:48:16.683+0600][23.181s][info][gc          ] GC(30) Concurrent Mark Cycle 190.361ms
[2026-04-03T06:48:17.606+0600][24.104s][info][gc,start    ] GC(31) Pause Young (Prepare Mixed) (G1 Evacuation Pause)
[2026-04-03T06:48:17.606+0600][24.104s][info][gc,task     ] GC(31) Using 10 workers of 10 for evacuation
[2026-04-03T06:48:17.610+0600][24.109s][info][gc,phases   ] GC(31)   Pre Evacuate Collection Set: 0.53ms
[2026-04-03T06:48:17.610+0600][24.109s][info][gc,phases   ] GC(31)   Merge Heap Roots: 0.24ms
[2026-04-03T06:48:17.610+0600][24.109s][info][gc,phases   ] GC(31)   Evacuate Collection Set: 2.52ms
[2026-04-03T06:48:17.610+0600][24.109s][info][gc,phases   ] GC(31)   Post Evacuate Collection Set: 0.91ms
[2026-04-03T06:48:17.610+0600][24.109s][info][gc,phases   ] GC(31)   Other: 0.14ms
[2026-04-03T06:48:17.610+0600][24.109s][info][gc,heap     ] GC(31) Eden regions: 67->0(73)
[2026-04-03T06:48:17.610+0600][24.109s][info][gc,heap     ] GC(31) Survivor regions: 1->1(9)
[2026-04-03T06:48:17.610+0600][24.109s][info][gc,heap     ] GC(31) Old regions: 51->51
[2026-04-03T06:48:17.610+0600][24.109s][info][gc,heap     ] GC(31) Humongous regions: 87->67
[2026-04-03T06:48:17.610+0600][24.109s][info][gc,metaspace] GC(31) Metaspace: 121562K(122688K)->121562K(122688K) NonClass: 105878K(106432K)->105878K(106432K) Class: 15683K(16256K)->15683K(16256K)
[2026-04-03T06:48:17.611+0600][24.109s][info][gc          ] GC(31) Pause Young (Prepare Mixed) (G1 Evacuation Pause) 409M->235M(434M) 4.803ms
[2026-04-03T06:48:17.611+0600][24.109s][info][gc,cpu      ] GC(31) User=0.03s Sys=0.00s Real=0.00s
[2026-04-03T06:48:18.071+0600][24.569s][info][gc,start    ] GC(32) Pause Young (Mixed) (G1 Evacuation Pause)
[2026-04-03T06:48:18.071+0600][24.570s][info][gc,task     ] GC(32) Using 10 workers of 10 for evacuation
[2026-04-03T06:48:18.078+0600][24.576s][info][gc,phases   ] GC(32)   Pre Evacuate Collection Set: 0.44ms
[2026-04-03T06:48:18.078+0600][24.576s][info][gc,phases   ] GC(32)   Merge Heap Roots: 0.23ms
[2026-04-03T06:48:18.078+0600][24.576s][info][gc,phases   ] GC(32)   Evacuate Collection Set: 4.88ms
[2026-04-03T06:48:18.078+0600][24.576s][info][gc,phases   ] GC(32)   Post Evacuate Collection Set: 0.94ms
[2026-04-03T06:48:18.078+0600][24.576s][info][gc,phases   ] GC(32)   Other: 0.13ms
[2026-04-03T06:48:18.078+0600][24.576s][info][gc,heap     ] GC(32) Eden regions: 73->0(81)
[2026-04-03T06:48:18.078+0600][24.576s][info][gc,heap     ] GC(32) Survivor regions: 1->3(10)
[2026-04-03T06:48:18.078+0600][24.576s][info][gc,heap     ] GC(32) Old regions: 51->46
[2026-04-03T06:48:18.078+0600][24.576s][info][gc,heap     ] GC(32) Humongous regions: 82->67
[2026-04-03T06:48:18.078+0600][24.576s][info][gc,metaspace] GC(32) Metaspace: 121998K(123136K)->121998K(123136K) NonClass: 106250K(106880K)->106250K(106880K) Class: 15747K(16256K)->15747K(16256K)
[2026-04-03T06:48:18.078+0600][24.576s][info][gc          ] GC(32) Pause Young (Mixed) (G1 Evacuation Pause) 411M->228M(434M) 7.058ms
[2026-04-03T06:48:18.078+0600][24.577s][info][gc,cpu      ] GC(32) User=0.06s Sys=0.00s Real=0.01s
[2026-04-03T06:48:18.132+0600][24.630s][info][gc,start    ] GC(33) Pause Young (Concurrent Start) (G1 Humongous Allocation)
[2026-04-03T06:48:18.132+0600][24.630s][info][gc,task     ] GC(33) Using 10 workers of 10 for evacuation
[2026-04-03T06:48:18.136+0600][24.634s][info][gc,phases   ] GC(33)   Pre Evacuate Collection Set: 0.31ms
[2026-04-03T06:48:18.136+0600][24.634s][info][gc,phases   ] GC(33)   Merge Heap Roots: 0.10ms
[2026-04-03T06:48:18.136+0600][24.634s][info][gc,phases   ] GC(33)   Evacuate Collection Set: 2.97ms
[2026-04-03T06:48:18.136+0600][24.634s][info][gc,phases   ] GC(33)   Post Evacuate Collection Set: 0.62ms
[2026-04-03T06:48:18.136+0600][24.634s][info][gc,phases   ] GC(33)   Other: 0.10ms
[2026-04-03T06:48:18.136+0600][24.634s][info][gc,heap     ] GC(33) Eden regions: 14->0(83)
[2026-04-03T06:48:18.136+0600][24.634s][info][gc,heap     ] GC(33) Survivor regions: 3->3(11)
[2026-04-03T06:48:18.136+0600][24.634s][info][gc,heap     ] GC(33) Old regions: 46->46
[2026-04-03T06:48:18.136+0600][24.634s][info][gc,heap     ] GC(33) Humongous regions: 67->67
[2026-04-03T06:48:18.136+0600][24.634s][info][gc,metaspace] GC(33) Metaspace: 122039K(123136K)->122039K(123136K) NonClass: 106290K(106880K)->106290K(106880K) Class: 15748K(16256K)->15748K(16256K)
[2026-04-03T06:48:18.136+0600][24.634s][info][gc          ] GC(33) Pause Young (Concurrent Start) (G1 Humongous Allocation) 256M->230M(434M) 4.424ms
[2026-04-03T06:48:18.136+0600][24.634s][info][gc,cpu      ] GC(33) User=0.03s Sys=0.00s Real=0.01s
[2026-04-03T06:48:18.136+0600][24.635s][info][gc          ] GC(34) Concurrent Mark Cycle
[2026-04-03T06:48:18.136+0600][24.635s][info][gc,marking  ] GC(34) Concurrent Scan Root Regions
[2026-04-03T06:48:18.140+0600][24.638s][info][gc,marking  ] GC(34) Concurrent Scan Root Regions 3.552ms
[2026-04-03T06:48:18.140+0600][24.638s][info][gc,marking  ] GC(34) Concurrent Mark
[2026-04-03T06:48:18.140+0600][24.638s][info][gc,marking  ] GC(34) Concurrent Mark From Roots
[2026-04-03T06:48:18.140+0600][24.638s][info][gc,task     ] GC(34) Using 3 workers of 3 for marking
[2026-04-03T06:48:18.150+0600][24.648s][info][gc,start    ] GC(35) Pause Full (System.gc())
[2026-04-03T06:48:18.150+0600][24.648s][info][gc,task     ] GC(35) Using 10 workers of 10 for full compaction
[2026-04-03T06:48:18.151+0600][24.649s][info][gc,phases,start] GC(35) Phase 1: Mark live objects
[2026-04-03T06:48:18.244+0600][24.742s][info][gc,phases      ] GC(35) Phase 1: Mark live objects 92.886ms
[2026-04-03T06:48:18.244+0600][24.742s][info][gc,phases,start] GC(35) Phase 2: Prepare compaction
[2026-04-03T06:48:18.249+0600][24.747s][info][gc,phases      ] GC(35) Phase 2: Prepare compaction 4.572ms
[2026-04-03T06:48:18.249+0600][24.747s][info][gc,phases,start] GC(35) Phase 3: Adjust pointers
[2026-04-03T06:48:18.267+0600][24.765s][info][gc,phases      ] GC(35) Phase 3: Adjust pointers 18.144ms
[2026-04-03T06:48:18.267+0600][24.765s][info][gc,phases,start] GC(35) Phase 4: Compact heap
[2026-04-03T06:48:18.274+0600][24.772s][info][gc,phases      ] GC(35) Phase 4: Compact heap 6.850ms
[2026-04-03T06:48:18.274+0600][24.772s][info][gc,phases,start] GC(35) Phase 5: Reset Metadata
[2026-04-03T06:48:18.277+0600][24.776s][info][gc,phases      ] GC(35) Phase 5: Reset Metadata 3.520ms
[2026-04-03T06:48:18.290+0600][24.788s][info][gc,heap        ] GC(35) Eden regions: 2->0(83)
[2026-04-03T06:48:18.290+0600][24.789s][info][gc,heap        ] GC(35) Survivor regions: 3->0(11)
[2026-04-03T06:48:18.290+0600][24.789s][info][gc,heap        ] GC(35) Old regions: 46->40
[2026-04-03T06:48:18.290+0600][24.789s][info][gc,heap        ] GC(35) Humongous regions: 69->3
[2026-04-03T06:48:18.290+0600][24.789s][info][gc,metaspace   ] GC(35) Metaspace: 122079K(123200K)->122079K(123200K) NonClass: 106321K(106944K)->106321K(106944K) Class: 15758K(16256K)->15758K(16256K)
[2026-04-03T06:48:18.290+0600][24.789s][info][gc             ] GC(35) Pause Full (System.gc()) 237M->77M(288M) 140.387ms
[2026-04-03T06:48:18.290+0600][24.789s][info][gc,cpu         ] GC(35) User=1.00s Sys=0.06s Real=0.14s
[2026-04-03T06:48:18.291+0600][24.789s][info][gc,marking     ] GC(34) Concurrent Mark From Roots 150.802ms
[2026-04-03T06:48:18.291+0600][24.789s][info][gc,marking     ] GC(34) Concurrent Mark Abort
[2026-04-03T06:48:18.291+0600][24.789s][info][gc             ] GC(34) Concurrent Mark Cycle 154.598ms
[2026-04-03T06:48:18.321+0600][24.819s][info][gc,start       ] GC(36) Pause Young (Concurrent Start) (G1 Humongous Allocation)
[2026-04-03T06:48:18.321+0600][24.819s][info][gc,task        ] GC(36) Using 8 workers of 10 for evacuation
[2026-04-03T06:48:18.325+0600][24.823s][info][gc,phases      ] GC(36)   Pre Evacuate Collection Set: 0.48ms
[2026-04-03T06:48:18.325+0600][24.823s][info][gc,phases      ] GC(36)   Merge Heap Roots: 0.09ms
[2026-04-03T06:48:18.325+0600][24.823s][info][gc,phases      ] GC(36)   Evacuate Collection Set: 1.60ms
[2026-04-03T06:48:18.325+0600][24.823s][info][gc,phases      ] GC(36)   Post Evacuate Collection Set: 1.19ms
[2026-04-03T06:48:18.325+0600][24.823s][info][gc,phases      ] GC(36)   Other: 0.23ms
[2026-04-03T06:48:18.325+0600][24.823s][info][gc,heap        ] GC(36) Eden regions: 4->0(140)
[2026-04-03T06:48:18.325+0600][24.823s][info][gc,heap        ] GC(36) Survivor regions: 0->1(11)
[2026-04-03T06:48:18.325+0600][24.823s][info][gc,heap        ] GC(36) Old regions: 40->40
[2026-04-03T06:48:18.325+0600][24.823s][info][gc,heap        ] GC(36) Humongous regions: 3->3
[2026-04-03T06:48:18.325+0600][24.823s][info][gc,metaspace   ] GC(36) Metaspace: 122165K(123264K)->122165K(123264K) NonClass: 106397K(107008K)->106397K(107008K) Class: 15767K(16256K)->15767K(16256K)
[2026-04-03T06:48:18.325+0600][24.823s][info][gc             ] GC(36) Pause Young (Concurrent Start) (G1 Humongous Allocation) 83M->77M(472M) 3.885ms
[2026-04-03T06:48:18.325+0600][24.823s][info][gc,cpu         ] GC(36) User=0.01s Sys=0.00s Real=0.01s
[2026-04-03T06:48:18.325+0600][24.823s][info][gc             ] GC(37) Concurrent Undo Cycle
[2026-04-03T06:48:18.325+0600][24.824s][info][gc,marking     ] GC(37) Concurrent Clear Claimed Marks
[2026-04-03T06:48:18.325+0600][24.824s][info][gc,marking     ] GC(37) Concurrent Clear Claimed Marks 0.204ms
[2026-04-03T06:48:18.325+0600][24.824s][info][gc,marking     ] GC(37) Concurrent Cleanup for Next Mark
[2026-04-03T06:48:18.325+0600][24.824s][info][gc,marking     ] GC(37) Concurrent Cleanup for Next Mark 0.192ms
[2026-04-03T06:48:18.325+0600][24.824s][info][gc             ] GC(37) Concurrent Undo Cycle 0.540ms
[2026-04-03T06:48:18.352+0600][24.851s][info][gc,start       ] GC(38) Pause Young (Concurrent Start) (G1 Humongous Allocation)
[2026-04-03T06:48:18.353+0600][24.851s][info][gc,task        ] GC(38) Using 10 workers of 10 for evacuation
[2026-04-03T06:48:18.357+0600][24.855s][info][gc,phases      ] GC(38)   Pre Evacuate Collection Set: 0.49ms
[2026-04-03T06:48:18.357+0600][24.855s][info][gc,phases      ] GC(38)   Merge Heap Roots: 0.86ms
[2026-04-03T06:48:18.357+0600][24.855s][info][gc,phases      ] GC(38)   Evacuate Collection Set: 1.87ms
[2026-04-03T06:48:18.357+0600][24.855s][info][gc,phases      ] GC(38)   Post Evacuate Collection Set: 0.54ms
[2026-04-03T06:48:18.357+0600][24.855s][info][gc,phases      ] GC(38)   Other: 0.19ms
[2026-04-03T06:48:18.357+0600][24.855s][info][gc,heap        ] GC(38) Eden regions: 1->0(140)
[2026-04-03T06:48:18.357+0600][24.855s][info][gc,heap        ] GC(38) Survivor regions: 1->1(18)
[2026-04-03T06:48:18.357+0600][24.855s][info][gc,heap        ] GC(38) Old regions: 40->40
[2026-04-03T06:48:18.357+0600][24.855s][info][gc,heap        ] GC(38) Humongous regions: 6->3
[2026-04-03T06:48:18.357+0600][24.855s][info][gc,metaspace   ] GC(38) Metaspace: 122285K(123328K)->122285K(123328K) NonClass: 106495K(107072K)->106495K(107072K) Class: 15790K(16256K)->15790K(16256K)
[2026-04-03T06:48:18.357+0600][24.855s][info][gc             ] GC(38) Pause Young (Concurrent Start) (G1 Humongous Allocation) 85M->77M(472M) 4.342ms
[2026-04-03T06:48:18.357+0600][24.855s][info][gc,cpu         ] GC(38) User=0.02s Sys=0.00s Real=0.01s
[2026-04-03T06:48:18.357+0600][24.855s][info][gc             ] GC(39) Concurrent Mark Cycle
[2026-04-03T06:48:18.357+0600][24.855s][info][gc,marking     ] GC(39) Concurrent Scan Root Regions
[2026-04-03T06:48:18.358+0600][24.857s][info][gc,marking     ] GC(39) Concurrent Scan Root Regions 1.516ms
[2026-04-03T06:48:18.359+0600][24.857s][info][gc,marking     ] GC(39) Concurrent Mark
[2026-04-03T06:48:18.359+0600][24.857s][info][gc,marking     ] GC(39) Concurrent Mark From Roots
[2026-04-03T06:48:18.359+0600][24.857s][info][gc,task        ] GC(39) Using 3 workers of 3 for marking
[2026-04-03T06:48:18.431+0600][24.929s][info][gc,marking     ] GC(39) Concurrent Mark From Roots 72.010ms
[2026-04-03T06:48:18.431+0600][24.929s][info][gc,marking     ] GC(39) Concurrent Preclean
[2026-04-03T06:48:18.431+0600][24.930s][info][gc,marking     ] GC(39) Concurrent Preclean 0.597ms
[2026-04-03T06:48:18.432+0600][24.930s][info][gc,start       ] GC(39) Pause Remark
[2026-04-03T06:48:18.439+0600][24.937s][info][gc             ] GC(39) Pause Remark 82M->82M(300M) 7.332ms
[2026-04-03T06:48:18.439+0600][24.938s][info][gc,cpu         ] GC(39) User=0.05s Sys=0.00s Real=0.01s
[2026-04-03T06:48:18.439+0600][24.938s][info][gc,marking     ] GC(39) Concurrent Mark 80.706ms
[2026-04-03T06:48:18.439+0600][24.938s][info][gc,marking     ] GC(39) Concurrent Rebuild Remembered Sets and Scrub Regions
[2026-04-03T06:48:18.466+0600][24.965s][info][gc,marking     ] GC(39) Concurrent Rebuild Remembered Sets and Scrub Regions 26.715ms
[2026-04-03T06:48:18.466+0600][24.965s][info][gc,start       ] GC(39) Pause Cleanup
[2026-04-03T06:48:18.467+0600][24.965s][info][gc             ] GC(39) Pause Cleanup 82M->82M(300M) 0.412ms
[2026-04-03T06:48:18.467+0600][24.965s][info][gc,cpu         ] GC(39) User=0.00s Sys=0.00s Real=0.00s
[2026-04-03T06:48:18.467+0600][24.966s][info][gc,marking     ] GC(39) Concurrent Clear Claimed Marks
[2026-04-03T06:48:18.467+0600][24.966s][info][gc,marking     ] GC(39) Concurrent Clear Claimed Marks 0.297ms
[2026-04-03T06:48:18.467+0600][24.966s][info][gc,marking     ] GC(39) Concurrent Cleanup for Next Mark
[2026-04-03T06:48:18.468+0600][24.966s][info][gc,marking     ] GC(39) Concurrent Cleanup for Next Mark 0.523ms
[2026-04-03T06:48:18.468+0600][24.967s][info][gc             ] GC(39) Concurrent Mark Cycle 111.217ms
[2026-04-03T06:48:19.085+0600][25.583s][info][gc,start       ] GC(40) Pause Young (Prepare Mixed) (G1 Evacuation Pause)
[2026-04-03T06:48:19.085+0600][25.584s][info][gc,task        ] GC(40) Using 9 workers of 10 for evacuation
[2026-04-03T06:48:19.090+0600][25.589s][info][gc,phases      ] GC(40)   Pre Evacuate Collection Set: 0.49ms
[2026-04-03T06:48:19.090+0600][25.589s][info][gc,phases      ] GC(40)   Merge Heap Roots: 0.15ms
[2026-04-03T06:48:19.090+0600][25.589s][info][gc,phases      ] GC(40)   Evacuate Collection Set: 3.47ms
[2026-04-03T06:48:19.090+0600][25.589s][info][gc,phases      ] GC(40)   Post Evacuate Collection Set: 0.93ms
[2026-04-03T06:48:19.090+0600][25.589s][info][gc,phases      ] GC(40)   Other: 0.16ms
[2026-04-03T06:48:19.090+0600][25.589s][info][gc,heap        ] GC(40) Eden regions: 31->0(123)
[2026-04-03T06:48:19.090+0600][25.589s][info][gc,heap        ] GC(40) Survivor regions: 1->3(12)
[2026-04-03T06:48:19.091+0600][25.589s][info][gc,heap        ] GC(40) Old regions: 40->40
[2026-04-03T06:48:19.091+0600][25.589s][info][gc,heap        ] GC(40) Humongous regions: 135->15
[2026-04-03T06:48:19.091+0600][25.589s][info][gc,metaspace   ] GC(40) Metaspace: 123208K(124352K)->123208K(124352K) NonClass: 107281K(107904K)->107281K(107904K) Class: 15926K(16448K)->15926K(16448K)
[2026-04-03T06:48:19.091+0600][25.589s][info][gc             ] GC(40) Pause Young (Prepare Mixed) (G1 Evacuation Pause) 403M->106M(420M) 5.618ms
[2026-04-03T06:48:19.091+0600][25.589s][info][gc,cpu         ] GC(40) User=0.03s Sys=0.01s Real=0.00s
[2026-04-03T06:48:19.728+0600][26.227s][info][gc,start       ] GC(41) Pause Young (Mixed) (G1 Evacuation Pause)
[2026-04-03T06:48:19.728+0600][26.227s][info][gc,task        ] GC(41) Using 10 workers of 10 for evacuation
[2026-04-03T06:48:19.735+0600][26.234s][info][gc,phases      ] GC(41)   Pre Evacuate Collection Set: 0.48ms
[2026-04-03T06:48:19.735+0600][26.234s][info][gc,phases      ] GC(41)   Merge Heap Roots: 0.24ms
[2026-04-03T06:48:19.735+0600][26.234s][info][gc,phases      ] GC(41)   Evacuate Collection Set: 4.84ms
[2026-04-03T06:48:19.735+0600][26.234s][info][gc,phases      ] GC(41)   Post Evacuate Collection Set: 1.07ms
[2026-04-03T06:48:19.735+0600][26.234s][info][gc,phases      ] GC(41)   Other: 0.34ms
[2026-04-03T06:48:19.735+0600][26.234s][info][gc,heap        ] GC(41) Eden regions: 32->0(166)
[2026-04-03T06:48:19.735+0600][26.234s][info][gc,heap        ] GC(41) Survivor regions: 3->3(16)
[2026-04-03T06:48:19.735+0600][26.234s][info][gc,heap        ] GC(41) Old regions: 40->39
[2026-04-03T06:48:19.736+0600][26.234s][info][gc,heap        ] GC(41) Humongous regions: 204->12
[2026-04-03T06:48:19.736+0600][26.234s][info][gc,metaspace   ] GC(41) Metaspace: 123422K(124672K)->123422K(124672K) NonClass: 107468K(108160K)->107468K(108160K) Class: 15953K(16512K)->15953K(16512K)
[2026-04-03T06:48:19.736+0600][26.234s][info][gc             ] GC(41) Pause Young (Mixed) (G1 Evacuation Pause) 547M->100M(566M) 7.545ms
[2026-04-03T06:48:19.736+0600][26.234s][info][gc,cpu         ] GC(41) User=0.03s Sys=0.01s Real=0.01s
[2026-04-03T06:48:19.742+0600][26.240s][info][gc,start       ] GC(42) Pause Young (Concurrent Start) (G1 Humongous Allocation)
[2026-04-03T06:48:19.742+0600][26.240s][info][gc,task        ] GC(42) Using 10 workers of 10 for evacuation
[2026-04-03T06:48:19.748+0600][26.246s][info][gc,phases      ] GC(42)   Pre Evacuate Collection Set: 0.43ms
[2026-04-03T06:48:19.748+0600][26.246s][info][gc,phases      ] GC(42)   Merge Heap Roots: 0.12ms
[2026-04-03T06:48:19.748+0600][26.246s][info][gc,phases      ] GC(42)   Evacuate Collection Set: 3.90ms
[2026-04-03T06:48:19.748+0600][26.246s][info][gc,phases      ] GC(42)   Post Evacuate Collection Set: 1.00ms
[2026-04-03T06:48:19.748+0600][26.246s][info][gc,phases      ] GC(42)   Other: 0.18ms
[2026-04-03T06:48:19.748+0600][26.246s][info][gc,heap        ] GC(42) Eden regions: 2->0(166)
[2026-04-03T06:48:19.748+0600][26.246s][info][gc,heap        ] GC(42) Survivor regions: 3->3(22)
[2026-04-03T06:48:19.748+0600][26.246s][info][gc,heap        ] GC(42) Old regions: 39->39
[2026-04-03T06:48:19.748+0600][26.246s][info][gc,heap        ] GC(42) Humongous regions: 33->12
[2026-04-03T06:48:19.748+0600][26.246s][info][gc,metaspace   ] GC(42) Metaspace: 123422K(124672K)->123422K(124672K) NonClass: 107468K(108160K)->107468K(108160K) Class: 15953K(16512K)->15953K(16512K)
[2026-04-03T06:48:19.748+0600][26.246s][info][gc             ] GC(42) Pause Young (Concurrent Start) (G1 Humongous Allocation) 145M->100M(566M) 6.141ms
[2026-04-03T06:48:19.748+0600][26.246s][info][gc             ] GC(43) Concurrent Undo Cycle
[2026-04-03T06:48:19.748+0600][26.246s][info][gc,cpu         ] GC(42) User=0.03s Sys=0.01s Real=0.01s
[2026-04-03T06:48:19.748+0600][26.247s][info][gc,marking     ] GC(43) Concurrent Clear Claimed Marks
[2026-04-03T06:48:19.748+0600][26.247s][info][gc,marking     ] GC(43) Concurrent Clear Claimed Marks 0.377ms
[2026-04-03T06:48:19.748+0600][26.247s][info][gc,marking     ] GC(43) Concurrent Cleanup for Next Mark
[2026-04-03T06:48:19.749+0600][26.247s][info][gc,marking     ] GC(43) Concurrent Cleanup for Next Mark 0.266ms
[2026-04-03T06:48:19.749+0600][26.247s][info][gc             ] GC(43) Concurrent Undo Cycle 0.872ms
[2026-04-03T06:48:19.755+0600][26.253s][info][gc,start       ] GC(44) Pause Young (Concurrent Start) (G1 Humongous Allocation)
[2026-04-03T06:48:19.755+0600][26.253s][info][gc,task        ] GC(44) Using 10 workers of 10 for evacuation
[2026-04-03T06:48:19.762+0600][26.260s][info][gc,phases      ] GC(44)   Pre Evacuate Collection Set: 0.42ms
[2026-04-03T06:48:19.762+0600][26.260s][info][gc,phases      ] GC(44)   Merge Heap Roots: 0.16ms
[2026-04-03T06:48:19.762+0600][26.260s][info][gc,phases      ] GC(44)   Evacuate Collection Set: 3.40ms
[2026-04-03T06:48:19.762+0600][26.260s][info][gc,phases      ] GC(44)   Post Evacuate Collection Set: 2.75ms
[2026-04-03T06:48:19.762+0600][26.260s][info][gc,phases      ] GC(44)   Other: 0.24ms
[2026-04-03T06:48:19.762+0600][26.260s][info][gc,heap        ] GC(44) Eden regions: 2->0(166)
[2026-04-03T06:48:19.762+0600][26.260s][info][gc,heap        ] GC(44) Survivor regions: 3->3(22)
[2026-04-03T06:48:19.762+0600][26.260s][info][gc,heap        ] GC(44) Old regions: 39->39
[2026-04-03T06:48:19.762+0600][26.260s][info][gc,heap        ] GC(44) Humongous regions: 15->9
[2026-04-03T06:48:19.762+0600][26.260s][info][gc,metaspace   ] GC(44) Metaspace: 123427K(124672K)->123427K(124672K) NonClass: 107474K(108160K)->107474K(108160K) Class: 15953K(16512K)->15953K(16512K)
[2026-04-03T06:48:19.762+0600][26.260s][info][gc             ] GC(44) Pause Young (Concurrent Start) (G1 Humongous Allocation) 110M->94M(566M) 7.425ms
[2026-04-03T06:48:19.762+0600][26.261s][info][gc             ] GC(45) Concurrent Mark Cycle
[2026-04-03T06:48:19.762+0600][26.261s][info][gc,marking     ] GC(45) Concurrent Scan Root Regions
[2026-04-03T06:48:19.762+0600][26.261s][info][gc,cpu         ] GC(44) User=0.03s Sys=0.00s Real=0.00s
[2026-04-03T06:48:19.767+0600][26.265s][info][gc,marking     ] GC(45) Concurrent Scan Root Regions 4.514ms
[2026-04-03T06:48:19.767+0600][26.265s][info][gc,marking     ] GC(45) Concurrent Mark
[2026-04-03T06:48:19.767+0600][26.265s][info][gc,marking     ] GC(45) Concurrent Mark From Roots
[2026-04-03T06:48:19.767+0600][26.265s][info][gc,task        ] GC(45) Using 3 workers of 3 for marking
[2026-04-03T06:48:19.861+0600][26.360s][info][gc,marking     ] GC(45) Concurrent Mark From Roots 94.437ms
[2026-04-03T06:48:19.861+0600][26.360s][info][gc,marking     ] GC(45) Concurrent Preclean
[2026-04-03T06:48:19.862+0600][26.361s][info][gc,marking     ] GC(45) Concurrent Preclean 0.849ms
[2026-04-03T06:48:19.864+0600][26.362s][info][gc,start       ] GC(45) Pause Remark
[2026-04-03T06:48:19.872+0600][26.370s][info][gc             ] GC(45) Pause Remark 270M->270M(566M) 7.932ms
[2026-04-03T06:48:19.872+0600][26.370s][info][gc,cpu         ] GC(45) User=0.06s Sys=0.01s Real=0.00s
[2026-04-03T06:48:19.872+0600][26.371s][info][gc,marking     ] GC(45) Concurrent Mark 105.289ms
[2026-04-03T06:48:19.872+0600][26.371s][info][gc,marking     ] GC(45) Concurrent Rebuild Remembered Sets and Scrub Regions
[2026-04-03T06:48:19.925+0600][26.424s][info][gc,marking     ] GC(45) Concurrent Rebuild Remembered Sets and Scrub Regions 52.804ms
[2026-04-03T06:48:19.927+0600][26.426s][info][gc,start       ] GC(45) Pause Cleanup
[2026-04-03T06:48:19.928+0600][26.426s][info][gc             ] GC(45) Pause Cleanup 272M->272M(566M) 0.418ms
[2026-04-03T06:48:19.928+0600][26.426s][info][gc,cpu         ] GC(45) User=0.00s Sys=0.00s Real=0.00s
[2026-04-03T06:48:19.928+0600][26.427s][info][gc,marking     ] GC(45) Concurrent Clear Claimed Marks
[2026-04-03T06:48:19.928+0600][26.427s][info][gc,marking     ] GC(45) Concurrent Clear Claimed Marks 0.438ms
[2026-04-03T06:48:19.929+0600][26.427s][info][gc,marking     ] GC(45) Concurrent Cleanup for Next Mark
[2026-04-03T06:48:19.935+0600][26.434s][info][gc,marking     ] GC(45) Concurrent Cleanup for Next Mark 6.766ms
[2026-04-03T06:48:19.935+0600][26.434s][info][gc             ] GC(45) Concurrent Mark Cycle 173.440ms
[2026-04-03T06:48:22.159+0600][28.657s][info][gc,start       ] GC(46) Pause Young (Prepare Mixed) (G1 Evacuation Pause)
[2026-04-03T06:48:22.159+0600][28.657s][info][gc,task        ] GC(46) Using 10 workers of 10 for evacuation
[2026-04-03T06:48:22.165+0600][28.663s][info][gc,phases      ] GC(46)   Pre Evacuate Collection Set: 0.47ms
[2026-04-03T06:48:22.165+0600][28.663s][info][gc,phases      ] GC(46)   Merge Heap Roots: 0.21ms
[2026-04-03T06:48:22.165+0600][28.663s][info][gc,phases      ] GC(46)   Evacuate Collection Set: 3.76ms
[2026-04-03T06:48:22.165+0600][28.663s][info][gc,phases      ] GC(46)   Post Evacuate Collection Set: 0.99ms
[2026-04-03T06:48:22.165+0600][28.663s][info][gc,phases      ] GC(46)   Other: 0.22ms
[2026-04-03T06:48:22.165+0600][28.663s][info][gc,heap        ] GC(46) Eden regions: 103->0(168)
[2026-04-03T06:48:22.165+0600][28.663s][info][gc,heap        ] GC(46) Survivor regions: 3->3(22)
[2026-04-03T06:48:22.165+0600][28.663s][info][gc,heap        ] GC(46) Old regions: 39->39
[2026-04-03T06:48:22.165+0600][28.663s][info][gc,heap        ] GC(46) Humongous regions: 138->3
[2026-04-03T06:48:22.165+0600][28.663s][info][gc,metaspace   ] GC(46) Metaspace: 127401K(128768K)->127401K(128768K) NonClass: 110992K(111744K)->110992K(111744K) Class: 16409K(17024K)->16409K(17024K)
[2026-04-03T06:48:22.165+0600][28.663s][info][gc             ] GC(46) Pause Young (Prepare Mixed) (G1 Evacuation Pause) 558M->82M(572M) 6.046ms
[2026-04-03T06:48:22.165+0600][28.663s][info][gc,cpu         ] GC(46) User=0.03s Sys=0.01s Real=0.01s
[2026-04-03T06:48:23.171+0600][29.669s][info][gc,start       ] GC(47) Pause Young (Mixed) (G1 Evacuation Pause)
[2026-04-03T06:48:23.171+0600][29.669s][info][gc,task        ] GC(47) Using 10 workers of 10 for evacuation
[2026-04-03T06:48:23.182+0600][29.680s][info][gc,phases      ] GC(47)   Pre Evacuate Collection Set: 0.57ms
[2026-04-03T06:48:23.182+0600][29.680s][info][gc,phases      ] GC(47)   Merge Heap Roots: 0.35ms
[2026-04-03T06:48:23.182+0600][29.680s][info][gc,phases      ] GC(47)   Evacuate Collection Set: 8.79ms
[2026-04-03T06:48:23.182+0600][29.680s][info][gc,phases      ] GC(47)   Post Evacuate Collection Set: 1.13ms
[2026-04-03T06:48:23.182+0600][29.680s][info][gc,phases      ] GC(47)   Other: 0.26ms
[2026-04-03T06:48:23.182+0600][29.680s][info][gc,heap        ] GC(47) Eden regions: 150->0(170)
[2026-04-03T06:48:23.182+0600][29.680s][info][gc,heap        ] GC(47) Survivor regions: 3->4(22)
[2026-04-03T06:48:23.182+0600][29.680s][info][gc,heap        ] GC(47) Old regions: 39->38
[2026-04-03T06:48:23.182+0600][29.680s][info][gc,heap        ] GC(47) Humongous regions: 94->3
[2026-04-03T06:48:23.182+0600][29.681s][info][gc,metaspace   ] GC(47) Metaspace: 127990K(129408K)->127990K(129408K) NonClass: 111563K(112320K)->111563K(112320K) Class: 16427K(17088K)->16427K(17088K)
[2026-04-03T06:48:23.182+0600][29.681s][info][gc             ] GC(47) Pause Young (Mixed) (G1 Evacuation Pause) 564M->84M(580M) 11.514ms
[2026-04-03T06:48:23.182+0600][29.681s][info][gc,cpu         ] GC(47) User=0.04s Sys=0.01s Real=0.01s
[2026-04-03T06:48:23.213+0600][29.712s][info][gc,start       ] GC(48) Pause Young (Concurrent Start) (G1 Humongous Allocation)
[2026-04-03T06:48:23.213+0600][29.712s][info][gc,task        ] GC(48) Using 10 workers of 10 for evacuation
[2026-04-03T06:48:23.220+0600][29.718s][info][gc,phases      ] GC(48)   Pre Evacuate Collection Set: 0.62ms
[2026-04-03T06:48:23.220+0600][29.718s][info][gc,phases      ] GC(48)   Merge Heap Roots: 0.24ms
[2026-04-03T06:48:23.220+0600][29.718s][info][gc,phases      ] GC(48)   Evacuate Collection Set: 4.37ms
[2026-04-03T06:48:23.220+0600][29.718s][info][gc,phases      ] GC(48)   Post Evacuate Collection Set: 1.06ms
[2026-04-03T06:48:23.220+0600][29.718s][info][gc,phases      ] GC(48)   Other: 0.28ms
[2026-04-03T06:48:23.220+0600][29.718s][info][gc,heap        ] GC(48) Eden regions: 8->0(169)
[2026-04-03T06:48:23.220+0600][29.718s][info][gc,heap        ] GC(48) Survivor regions: 4->5(22)
[2026-04-03T06:48:23.220+0600][29.719s][info][gc,heap        ] GC(48) Old regions: 38->38
[2026-04-03T06:48:23.220+0600][29.719s][info][gc,heap        ] GC(48) Humongous regions: 3->3
[2026-04-03T06:48:23.220+0600][29.719s][info][gc,metaspace   ] GC(48) Metaspace: 128006K(129408K)->128006K(129408K) NonClass: 111579K(112320K)->111579K(112320K) Class: 16427K(17088K)->16427K(17088K)
[2026-04-03T06:48:23.220+0600][29.719s][info][gc             ] GC(48) Pause Young (Concurrent Start) (G1 Humongous Allocation) 99M->85M(580M) 7.024ms
[2026-04-03T06:48:23.220+0600][29.719s][info][gc             ] GC(49) Concurrent Undo Cycle
[2026-04-03T06:48:23.220+0600][29.719s][info][gc,marking     ] GC(49) Concurrent Clear Claimed Marks
[2026-04-03T06:48:23.220+0600][29.719s][info][gc,cpu         ] GC(48) User=0.05s Sys=0.01s Real=0.01s
[2026-04-03T06:48:23.221+0600][29.719s][info][gc,marking     ] GC(49) Concurrent Clear Claimed Marks 0.280ms
[2026-04-03T06:48:23.221+0600][29.719s][info][gc,marking     ] GC(49) Concurrent Cleanup for Next Mark
[2026-04-03T06:48:23.221+0600][29.719s][info][gc,marking     ] GC(49) Concurrent Cleanup for Next Mark 0.214ms
[2026-04-03T06:48:23.221+0600][29.719s][info][gc             ] GC(49) Concurrent Undo Cycle 0.727ms
[2026-04-03T06:48:23.227+0600][29.726s][info][gc,start       ] GC(50) Pause Young (Concurrent Start) (GCLocker Initiated GC)
[2026-04-03T06:48:23.227+0600][29.726s][info][gc,task        ] GC(50) Using 10 workers of 10 for evacuation
[2026-04-03T06:48:23.233+0600][29.732s][info][gc,phases      ] GC(50)   Pre Evacuate Collection Set: 0.44ms
[2026-04-03T06:48:23.234+0600][29.732s][info][gc,phases      ] GC(50)   Merge Heap Roots: 0.14ms
[2026-04-03T06:48:23.234+0600][29.732s][info][gc,phases      ] GC(50)   Evacuate Collection Set: 4.55ms
[2026-04-03T06:48:23.234+0600][29.732s][info][gc,phases      ] GC(50)   Post Evacuate Collection Set: 0.74ms
[2026-04-03T06:48:23.234+0600][29.732s][info][gc,phases      ] GC(50)   Other: 0.17ms
[2026-04-03T06:48:23.234+0600][29.732s][info][gc,heap        ] GC(50) Eden regions: 5->0(169)
[2026-04-03T06:48:23.234+0600][29.732s][info][gc,heap        ] GC(50) Survivor regions: 5->5(22)
[2026-04-03T06:48:23.234+0600][29.732s][info][gc,heap        ] GC(50) Old regions: 38->38
[2026-04-03T06:48:23.234+0600][29.732s][info][gc,heap        ] GC(50) Humongous regions: 4->3
[2026-04-03T06:48:23.234+0600][29.732s][info][gc,metaspace   ] GC(50) Metaspace: 128009K(129408K)->128009K(129408K) NonClass: 111582K(112320K)->111582K(112320K) Class: 16427K(17088K)->16427K(17088K)
[2026-04-03T06:48:23.234+0600][29.732s][info][gc             ] GC(50) Pause Young (Concurrent Start) (GCLocker Initiated GC) 95M->85M(580M) 6.570ms
[2026-04-03T06:48:23.234+0600][29.732s][info][gc             ] GC(51) Concurrent Mark Cycle
[2026-04-03T06:48:23.234+0600][29.732s][info][gc,cpu         ] GC(50) User=0.03s Sys=0.01s Real=0.01s
[2026-04-03T06:48:23.234+0600][29.732s][info][gc,marking     ] GC(51) Concurrent Scan Root Regions
[2026-04-03T06:48:23.238+0600][29.737s][info][gc,marking     ] GC(51) Concurrent Scan Root Regions 4.119ms
[2026-04-03T06:48:23.238+0600][29.737s][info][gc,marking     ] GC(51) Concurrent Mark
[2026-04-03T06:48:23.238+0600][29.737s][info][gc,marking     ] GC(51) Concurrent Mark From Roots
[2026-04-03T06:48:23.238+0600][29.737s][info][gc,task        ] GC(51) Using 3 workers of 3 for marking
[2026-04-03T06:48:23.327+0600][29.825s][info][gc,marking     ] GC(51) Concurrent Mark From Roots 88.535ms
[2026-04-03T06:48:23.327+0600][29.825s][info][gc,marking     ] GC(51) Concurrent Preclean
[2026-04-03T06:48:23.328+0600][29.826s][info][gc,marking     ] GC(51) Concurrent Preclean 0.785ms
[2026-04-03T06:48:23.329+0600][29.828s][info][gc,start       ] GC(51) Pause Remark
[2026-04-03T06:48:23.340+0600][29.839s][info][gc             ] GC(51) Pause Remark 138M->138M(374M) 10.780ms
[2026-04-03T06:48:23.340+0600][29.839s][info][gc,cpu         ] GC(51) User=0.06s Sys=0.00s Real=0.01s
[2026-04-03T06:48:23.341+0600][29.839s][info][gc,marking     ] GC(51) Concurrent Mark 102.566ms
[2026-04-03T06:48:23.341+0600][29.839s][info][gc,marking     ] GC(51) Concurrent Rebuild Remembered Sets and Scrub Regions
[2026-04-03T06:48:23.385+0600][29.883s][info][gc,marking     ] GC(51) Concurrent Rebuild Remembered Sets and Scrub Regions 43.747ms
[2026-04-03T06:48:23.385+0600][29.884s][info][gc,start       ] GC(51) Pause Cleanup
[2026-04-03T06:48:23.386+0600][29.884s][info][gc             ] GC(51) Pause Cleanup 164M->164M(374M) 0.383ms
[2026-04-03T06:48:23.386+0600][29.884s][info][gc,cpu         ] GC(51) User=0.00s Sys=0.00s Real=0.00s
[2026-04-03T06:48:23.386+0600][29.885s][info][gc,marking     ] GC(51) Concurrent Clear Claimed Marks
[2026-04-03T06:48:23.387+0600][29.885s][info][gc,marking     ] GC(51) Concurrent Clear Claimed Marks 0.508ms
[2026-04-03T06:48:23.387+0600][29.885s][info][gc,marking     ] GC(51) Concurrent Cleanup for Next Mark
[2026-04-03T06:48:23.388+0600][29.886s][info][gc,marking     ] GC(51) Concurrent Cleanup for Next Mark 0.863ms
[2026-04-03T06:48:23.388+0600][29.886s][info][gc             ] GC(51) Concurrent Mark Cycle 153.750ms
[2026-04-03T06:48:23.748+0600][30.246s][info][gc,start       ] GC(52) Pause Young (Prepare Mixed) (G1 Evacuation Pause)
[2026-04-03T06:48:23.748+0600][30.246s][info][gc,task        ] GC(52) Using 9 workers of 10 for evacuation
[2026-04-03T06:48:23.756+0600][30.254s][info][gc,phases      ] GC(52)   Pre Evacuate Collection Set: 0.53ms
[2026-04-03T06:48:23.756+0600][30.254s][info][gc,phases      ] GC(52)   Merge Heap Roots: 0.28ms
[2026-04-03T06:48:23.756+0600][30.254s][info][gc,phases      ] GC(52)   Evacuate Collection Set: 5.42ms
[2026-04-03T06:48:23.756+0600][30.254s][info][gc,phases      ] GC(52)   Post Evacuate Collection Set: 1.46ms
[2026-04-03T06:48:23.756+0600][30.254s][info][gc,phases      ] GC(52)   Other: 0.14ms
[2026-04-03T06:48:23.756+0600][30.254s][info][gc,heap        ] GC(52) Eden regions: 79->0(112)
[2026-04-03T06:48:23.756+0600][30.254s][info][gc,heap        ] GC(52) Survivor regions: 5->4(14)
[2026-04-03T06:48:23.756+0600][30.254s][info][gc,heap        ] GC(52) Old regions: 38->38
[2026-04-03T06:48:23.756+0600][30.254s][info][gc,heap        ] GC(52) Humongous regions: 68->3
[2026-04-03T06:48:23.756+0600][30.254s][info][gc,metaspace   ] GC(52) Metaspace: 128360K(129792K)->128360K(129792K) NonClass: 111895K(112640K)->111895K(112640K) Class: 16464K(17152K)->16464K(17152K)
[2026-04-03T06:48:23.756+0600][30.254s][info][gc             ] GC(52) Pause Young (Prepare Mixed) (G1 Evacuation Pause) 373M->84M(388M) 8.387ms
[2026-04-03T06:48:23.756+0600][30.254s][info][gc,cpu         ] GC(52) User=0.04s Sys=0.01s Real=0.01s
[2026-04-03T06:48:24.215+0600][30.714s][info][gc,start       ] GC(53) Pause Young (Mixed) (G1 Evacuation Pause)
[2026-04-03T06:48:24.215+0600][30.714s][info][gc,task        ] GC(53) Using 9 workers of 10 for evacuation
[2026-04-03T06:48:24.223+0600][30.721s][info][gc,phases      ] GC(53)   Pre Evacuate Collection Set: 0.43ms
[2026-04-03T06:48:24.223+0600][30.721s][info][gc,phases      ] GC(53)   Merge Heap Roots: 0.16ms
[2026-04-03T06:48:24.223+0600][30.721s][info][gc,phases      ] GC(53)   Evacuate Collection Set: 5.29ms
[2026-04-03T06:48:24.223+0600][30.721s][info][gc,phases      ] GC(53)   Post Evacuate Collection Set: 1.24ms
[2026-04-03T06:48:24.223+0600][30.721s][info][gc,phases      ] GC(53)   Other: 0.12ms
[2026-04-03T06:48:24.223+0600][30.721s][info][gc,heap        ] GC(53) Eden regions: 87->0(142)
[2026-04-03T06:48:24.223+0600][30.721s][info][gc,heap        ] GC(53) Survivor regions: 4->4(15)
[2026-04-03T06:48:24.223+0600][30.721s][info][gc,heap        ] GC(53) Old regions: 38->38
[2026-04-03T06:48:24.223+0600][30.721s][info][gc,heap        ] GC(53) Humongous regions: 69->3
[2026-04-03T06:48:24.223+0600][30.721s][info][gc,metaspace   ] GC(53) Metaspace: 128666K(130112K)->128666K(130112K) NonClass: 112199K(112960K)->112199K(112960K) Class: 16466K(17152K)->16466K(17152K)
[2026-04-03T06:48:24.223+0600][30.721s][info][gc             ] GC(53) Pause Young (Mixed) (G1 Evacuation Pause) 390M->83M(488M) 7.611ms
[2026-04-03T06:48:24.223+0600][30.721s][info][gc,cpu         ] GC(53) User=0.03s Sys=0.00s Real=0.00s
[2026-04-03T06:48:24.391+0600][30.890s][info][gc,start       ] GC(54) Pause Young (Concurrent Start) (G1 Humongous Allocation)
[2026-04-03T06:48:24.391+0600][30.890s][info][gc,task        ] GC(54) Using 10 workers of 10 for evacuation
[2026-04-03T06:48:24.400+0600][30.899s][info][gc,phases      ] GC(54)   Pre Evacuate Collection Set: 0.45ms
[2026-04-03T06:48:24.401+0600][30.899s][info][gc,phases      ] GC(54)   Merge Heap Roots: 0.16ms
[2026-04-03T06:48:24.401+0600][30.899s][info][gc,phases      ] GC(54)   Evacuate Collection Set: 4.85ms
[2026-04-03T06:48:24.401+0600][30.899s][info][gc,phases      ] GC(54)   Post Evacuate Collection Set: 3.62ms
[2026-04-03T06:48:24.401+0600][30.899s][info][gc,phases      ] GC(54)   Other: 0.19ms
[2026-04-03T06:48:24.401+0600][30.899s][info][gc,heap        ] GC(54) Eden regions: 22->0(142)
[2026-04-03T06:48:24.401+0600][30.899s][info][gc,heap        ] GC(54) Survivor regions: 4->4(19)
[2026-04-03T06:48:24.401+0600][30.899s][info][gc,heap        ] GC(54) Old regions: 38->38
[2026-04-03T06:48:24.401+0600][30.899s][info][gc,heap        ] GC(54) Humongous regions: 22->3
[2026-04-03T06:48:24.401+0600][30.899s][info][gc,metaspace   ] GC(54) Metaspace: 128725K(130176K)->128725K(130176K) NonClass: 112259K(113024K)->112259K(113024K) Class: 16466K(17152K)->16466K(17152K)
[2026-04-03T06:48:24.401+0600][30.899s][info][gc             ] GC(54) Pause Young (Concurrent Start) (G1 Humongous Allocation) 164M->83M(488M) 9.615ms
[2026-04-03T06:48:24.401+0600][30.899s][info][gc             ] GC(55) Concurrent Undo Cycle
[2026-04-03T06:48:24.401+0600][30.899s][info][gc,cpu         ] GC(54) User=0.04s Sys=0.01s Real=0.01s
[2026-04-03T06:48:24.401+0600][30.899s][info][gc,marking     ] GC(55) Concurrent Clear Claimed Marks
[2026-04-03T06:48:24.401+0600][30.900s][info][gc,marking     ] GC(55) Concurrent Clear Claimed Marks 0.330ms
[2026-04-03T06:48:24.401+0600][30.900s][info][gc,marking     ] GC(55) Concurrent Cleanup for Next Mark
[2026-04-03T06:48:24.402+0600][30.901s][info][gc,marking     ] GC(55) Concurrent Cleanup for Next Mark 1.159ms
[2026-04-03T06:48:24.403+0600][30.901s][info][gc             ] GC(55) Concurrent Undo Cycle 1.808ms
[2026-04-03T06:48:24.427+0600][30.926s][info][gc,start       ] GC(56) Pause Young (Concurrent Start) (G1 Humongous Allocation)
[2026-04-03T06:48:24.428+0600][30.926s][info][gc,task        ] GC(56) Using 10 workers of 10 for evacuation
[2026-04-03T06:48:24.432+0600][30.931s][info][gc,phases      ] GC(56)   Pre Evacuate Collection Set: 0.43ms
[2026-04-03T06:48:24.432+0600][30.931s][info][gc,phases      ] GC(56)   Merge Heap Roots: 0.11ms
[2026-04-03T06:48:24.432+0600][30.931s][info][gc,phases      ] GC(56)   Evacuate Collection Set: 3.26ms
[2026-04-03T06:48:24.432+0600][30.931s][info][gc,phases      ] GC(56)   Post Evacuate Collection Set: 0.70ms
[2026-04-03T06:48:24.432+0600][30.931s][info][gc,phases      ] GC(56)   Other: 0.20ms
[2026-04-03T06:48:24.432+0600][30.931s][info][gc,heap        ] GC(56) Eden regions: 3->0(143)
[2026-04-03T06:48:24.432+0600][30.931s][info][gc,heap        ] GC(56) Survivor regions: 4->3(19)
[2026-04-03T06:48:24.432+0600][30.931s][info][gc,heap        ] GC(56) Old regions: 38->38
[2026-04-03T06:48:24.432+0600][30.931s][info][gc,heap        ] GC(56) Humongous regions: 6->3
[2026-04-03T06:48:24.432+0600][30.931s][info][gc,metaspace   ] GC(56) Metaspace: 128736K(130240K)->128736K(130240K) NonClass: 112269K(113088K)->112269K(113088K) Class: 16467K(17152K)->16467K(17152K)
[2026-04-03T06:48:24.432+0600][30.931s][info][gc             ] GC(56) Pause Young (Concurrent Start) (G1 Humongous Allocation) 95M->83M(488M) 5.055ms
[2026-04-03T06:48:24.433+0600][30.931s][info][gc,cpu         ] GC(56) User=0.02s Sys=0.00s Real=0.00s
[2026-04-03T06:48:24.433+0600][30.931s][info][gc             ] GC(57) Concurrent Mark Cycle
[2026-04-03T06:48:24.433+0600][30.931s][info][gc,marking     ] GC(57) Concurrent Scan Root Regions
[2026-04-03T06:48:24.436+0600][30.935s][info][gc,marking     ] GC(57) Concurrent Scan Root Regions 3.421ms
[2026-04-03T06:48:24.436+0600][30.935s][info][gc,marking     ] GC(57) Concurrent Mark
[2026-04-03T06:48:24.436+0600][30.935s][info][gc,marking     ] GC(57) Concurrent Mark From Roots
[2026-04-03T06:48:24.436+0600][30.935s][info][gc,task        ] GC(57) Using 3 workers of 3 for marking
[2026-04-03T06:48:24.534+0600][31.032s][info][gc,marking     ] GC(57) Concurrent Mark From Roots 97.575ms
[2026-04-03T06:48:24.534+0600][31.033s][info][gc,marking     ] GC(57) Concurrent Preclean
[2026-04-03T06:48:24.535+0600][31.033s][info][gc,marking     ] GC(57) Concurrent Preclean 0.801ms
[2026-04-03T06:48:24.535+0600][31.034s][info][gc,start       ] GC(57) Pause Remark
[2026-04-03T06:48:24.544+0600][31.042s][info][gc             ] GC(57) Pause Remark 116M->116M(314M) 8.241ms
[2026-04-03T06:48:24.544+0600][31.042s][info][gc,cpu         ] GC(57) User=0.06s Sys=0.01s Real=0.01s
[2026-04-03T06:48:24.544+0600][31.042s][info][gc,marking     ] GC(57) Concurrent Mark 107.416ms
[2026-04-03T06:48:24.544+0600][31.042s][info][gc,marking     ] GC(57) Concurrent Rebuild Remembered Sets and Scrub Regions
[2026-04-03T06:48:24.571+0600][31.069s][info][gc,marking     ] GC(57) Concurrent Rebuild Remembered Sets and Scrub Regions 27.041ms
[2026-04-03T06:48:24.572+0600][31.070s][info][gc,start       ] GC(57) Pause Cleanup
[2026-04-03T06:48:24.572+0600][31.070s][info][gc             ] GC(57) Pause Cleanup 122M->122M(314M) 0.322ms
[2026-04-03T06:48:24.572+0600][31.070s][info][gc,cpu         ] GC(57) User=0.00s Sys=0.00s Real=0.00s
[2026-04-03T06:48:24.572+0600][31.071s][info][gc,marking     ] GC(57) Concurrent Clear Claimed Marks
[2026-04-03T06:48:24.573+0600][31.071s][info][gc,marking     ] GC(57) Concurrent Clear Claimed Marks 0.512ms
[2026-04-03T06:48:24.573+0600][31.071s][info][gc,marking     ] GC(57) Concurrent Cleanup for Next Mark
[2026-04-03T06:48:24.573+0600][31.072s][info][gc,marking     ] GC(57) Concurrent Cleanup for Next Mark 0.639ms
[2026-04-03T06:48:24.574+0600][31.072s][info][gc             ] GC(57) Concurrent Mark Cycle 140.779ms
[2026-04-03T06:48:24.986+0600][31.485s][info][gc,start       ] GC(58) Pause Young (Prepare Mixed) (G1 Evacuation Pause)
[2026-04-03T06:48:24.987+0600][31.485s][info][gc,task        ] GC(58) Using 8 workers of 10 for evacuation
[2026-04-03T06:48:24.993+0600][31.491s][info][gc,phases      ] GC(58)   Pre Evacuate Collection Set: 0.47ms
[2026-04-03T06:48:24.993+0600][31.491s][info][gc,phases      ] GC(58)   Merge Heap Roots: 0.27ms
[2026-04-03T06:48:24.993+0600][31.491s][info][gc,phases      ] GC(58)   Evacuate Collection Set: 4.34ms
[2026-04-03T06:48:24.993+0600][31.491s][info][gc,phases      ] GC(58)   Post Evacuate Collection Set: 0.97ms
[2026-04-03T06:48:24.993+0600][31.491s][info][gc,phases      ] GC(58)   Other: 0.13ms
[2026-04-03T06:48:24.993+0600][31.491s][info][gc,heap        ] GC(58) Eden regions: 91->0(89)
[2026-04-03T06:48:24.993+0600][31.491s][info][gc,heap        ] GC(58) Survivor regions: 3->5(12)
[2026-04-03T06:48:24.993+0600][31.491s][info][gc,heap        ] GC(58) Old regions: 38->38
[2026-04-03T06:48:24.993+0600][31.491s][info][gc,heap        ] GC(58) Humongous regions: 9->3
[2026-04-03T06:48:24.993+0600][31.491s][info][gc,metaspace   ] GC(58) Metaspace: 128962K(130368K)->128962K(130368K) NonClass: 112461K(113216K)->112461K(113216K) Class: 16501K(17152K)->16501K(17152K)
[2026-04-03T06:48:24.993+0600][31.491s][info][gc             ] GC(58) Pause Young (Prepare Mixed) (G1 Evacuation Pause) 277M->87M(314M) 6.593ms
[2026-04-03T06:48:24.993+0600][31.492s][info][gc,cpu         ] GC(58) User=0.03s Sys=0.01s Real=0.00s
[2026-04-03T06:48:25.271+0600][31.770s][info][gc,start       ] GC(59) Pause Young (Mixed) (G1 Evacuation Pause)
[2026-04-03T06:48:25.271+0600][31.770s][info][gc,task        ] GC(59) Using 7 workers of 10 for evacuation
[2026-04-03T06:48:25.282+0600][31.780s][info][gc,phases      ] GC(59)   Pre Evacuate Collection Set: 0.51ms
[2026-04-03T06:48:25.282+0600][31.780s][info][gc,phases      ] GC(59)   Merge Heap Roots: 0.24ms
[2026-04-03T06:48:25.282+0600][31.780s][info][gc,phases      ] GC(59)   Evacuate Collection Set: 8.27ms
[2026-04-03T06:48:25.282+0600][31.780s][info][gc,phases      ] GC(59)   Post Evacuate Collection Set: 1.03ms
[2026-04-03T06:48:25.282+0600][31.780s][info][gc,phases      ] GC(59)   Other: 0.19ms
[2026-04-03T06:48:25.282+0600][31.780s][info][gc,heap        ] GC(59) Eden regions: 56->0(93)
[2026-04-03T06:48:25.282+0600][31.780s][info][gc,heap        ] GC(59) Survivor regions: 5->4(12)
[2026-04-03T06:48:25.282+0600][31.780s][info][gc,heap        ] GC(59) Old regions: 38->38
[2026-04-03T06:48:25.282+0600][31.780s][info][gc,heap        ] GC(59) Humongous regions: 58->3
[2026-04-03T06:48:25.282+0600][31.780s][info][gc,metaspace   ] GC(59) Metaspace: 129112K(130560K)->129112K(130560K) NonClass: 112608K(113408K)->112608K(113408K) Class: 16504K(17152K)->16504K(17152K)
[2026-04-03T06:48:25.282+0600][31.780s][info][gc             ] GC(59) Pause Young (Mixed) (G1 Evacuation Pause) 309M->84M(324M) 10.735ms
[2026-04-03T06:48:25.282+0600][31.780s][info][gc,cpu         ] GC(59) User=0.06s Sys=0.01s Real=0.01s
[2026-04-03T06:48:25.310+0600][31.809s][info][gc,start       ] GC(60) Pause Young (Concurrent Start) (G1 Humongous Allocation)
[2026-04-03T06:48:25.310+0600][31.809s][info][gc,task        ] GC(60) Using 7 workers of 10 for evacuation
[2026-04-03T06:48:25.317+0600][31.816s][info][gc,phases      ] GC(60)   Pre Evacuate Collection Set: 0.52ms
[2026-04-03T06:48:25.317+0600][31.816s][info][gc,phases      ] GC(60)   Merge Heap Roots: 0.17ms
[2026-04-03T06:48:25.317+0600][31.816s][info][gc,phases      ] GC(60)   Evacuate Collection Set: 5.04ms
[2026-04-03T06:48:25.317+0600][31.816s][info][gc,phases      ] GC(60)   Post Evacuate Collection Set: 1.06ms
[2026-04-03T06:48:25.317+0600][31.816s][info][gc,phases      ] GC(60)   Other: 0.25ms
[2026-04-03T06:48:25.317+0600][31.816s][info][gc,heap        ] GC(60) Eden regions: 10->0(92)
[2026-04-03T06:48:25.317+0600][31.816s][info][gc,heap        ] GC(60) Survivor regions: 4->5(13)
[2026-04-03T06:48:25.318+0600][31.816s][info][gc,heap        ] GC(60) Old regions: 38->38
[2026-04-03T06:48:25.318+0600][31.816s][info][gc,heap        ] GC(60) Humongous regions: 3->3
[2026-04-03T06:48:25.318+0600][31.816s][info][gc,metaspace   ] GC(60) Metaspace: 129122K(130560K)->129122K(130560K) NonClass: 112617K(113408K)->112617K(113408K) Class: 16504K(17152K)->16504K(17152K)
[2026-04-03T06:48:25.318+0600][31.816s][info][gc             ] GC(60) Pause Young (Concurrent Start) (G1 Humongous Allocation) 104M->85M(324M) 7.479ms
[2026-04-03T06:48:25.318+0600][31.816s][info][gc             ] GC(61) Concurrent Mark Cycle
[2026-04-03T06:48:25.318+0600][31.816s][info][gc,cpu         ] GC(60) User=0.05s Sys=0.00s Real=0.01s
[2026-04-03T06:48:25.318+0600][31.816s][info][gc,marking     ] GC(61) Concurrent Scan Root Regions
[2026-04-03T06:48:25.327+0600][31.826s][info][gc,marking     ] GC(61) Concurrent Scan Root Regions 9.387ms
[2026-04-03T06:48:25.327+0600][31.826s][info][gc,marking     ] GC(61) Concurrent Mark
[2026-04-03T06:48:25.327+0600][31.826s][info][gc,marking     ] GC(61) Concurrent Mark From Roots
[2026-04-03T06:48:25.327+0600][31.826s][info][gc,task        ] GC(61) Using 3 workers of 3 for marking
[2026-04-03T06:48:25.422+0600][31.921s][info][gc,marking     ] GC(61) Concurrent Mark From Roots 95.103ms
[2026-04-03T06:48:25.423+0600][31.921s][info][gc,marking     ] GC(61) Concurrent Preclean
[2026-04-03T06:48:25.424+0600][31.922s][info][gc,marking     ] GC(61) Concurrent Preclean 1.055ms
[2026-04-03T06:48:25.424+0600][31.923s][info][gc,start       ] GC(61) Pause Remark
[2026-04-03T06:48:25.435+0600][31.934s][info][gc             ] GC(61) Pause Remark 142M->142M(324M) 10.891ms
[2026-04-03T06:48:25.435+0600][31.934s][info][gc,cpu         ] GC(61) User=0.07s Sys=0.00s Real=0.01s
[2026-04-03T06:48:25.436+0600][31.934s][info][gc,marking     ] GC(61) Concurrent Mark 108.377ms
[2026-04-03T06:48:25.436+0600][31.934s][info][gc,marking     ] GC(61) Concurrent Rebuild Remembered Sets and Scrub Regions
[2026-04-03T06:48:25.474+0600][31.973s][info][gc,marking     ] GC(61) Concurrent Rebuild Remembered Sets and Scrub Regions 38.390ms
[2026-04-03T06:48:25.476+0600][31.974s][info][gc,start       ] GC(61) Pause Cleanup
[2026-04-03T06:48:25.476+0600][31.974s][info][gc             ] GC(61) Pause Cleanup 167M->167M(324M) 0.311ms
[2026-04-03T06:48:25.476+0600][31.975s][info][gc,cpu         ] GC(61) User=0.00s Sys=0.00s Real=0.00s
[2026-04-03T06:48:25.476+0600][31.975s][info][gc,marking     ] GC(61) Concurrent Clear Claimed Marks
[2026-04-03T06:48:25.478+0600][31.977s][info][gc,marking     ] GC(61) Concurrent Clear Claimed Marks 2.024ms
[2026-04-03T06:48:25.478+0600][31.977s][info][gc,marking     ] GC(61) Concurrent Cleanup for Next Mark
[2026-04-03T06:48:25.480+0600][31.979s][info][gc,marking     ] GC(61) Concurrent Cleanup for Next Mark 1.637ms
[2026-04-03T06:48:25.480+0600][31.979s][info][gc             ] GC(61) Concurrent Mark Cycle 162.590ms
[2026-04-03T06:48:25.657+0600][32.156s][info][gc,start       ] GC(62) Pause Young (Prepare Mixed) (G1 Evacuation Pause)
[2026-04-03T06:48:25.658+0600][32.156s][info][gc,task        ] GC(62) Using 7 workers of 10 for evacuation
[2026-04-03T06:48:25.667+0600][32.166s][info][gc,phases      ] GC(62)   Pre Evacuate Collection Set: 0.52ms
[2026-04-03T06:48:25.667+0600][32.166s][info][gc,phases      ] GC(62)   Merge Heap Roots: 0.26ms
[2026-04-03T06:48:25.667+0600][32.166s][info][gc,phases      ] GC(62)   Evacuate Collection Set: 7.52ms
[2026-04-03T06:48:25.667+0600][32.166s][info][gc,phases      ] GC(62)   Post Evacuate Collection Set: 1.01ms
[2026-04-03T06:48:25.667+0600][32.166s][info][gc,phases      ] GC(62)   Other: 0.13ms
[2026-04-03T06:48:25.667+0600][32.166s][info][gc,heap        ] GC(62) Eden regions: 61->0(96)
[2026-04-03T06:48:25.667+0600][32.166s][info][gc,heap        ] GC(62) Survivor regions: 5->4(13)
[2026-04-03T06:48:25.667+0600][32.166s][info][gc,heap        ] GC(62) Old regions: 38->39
[2026-04-03T06:48:25.667+0600][32.166s][info][gc,heap        ] GC(62) Humongous regions: 58->3
[2026-04-03T06:48:25.667+0600][32.166s][info][gc,metaspace   ] GC(62) Metaspace: 129226K(130688K)->129226K(130688K) NonClass: 112720K(113536K)->112720K(113536K) Class: 16505K(17152K)->16505K(17152K)
[2026-04-03T06:48:25.667+0600][32.166s][info][gc             ] GC(62) Pause Young (Prepare Mixed) (G1 Evacuation Pause) 317M->85M(334M) 9.920ms
[2026-04-03T06:48:25.668+0600][32.166s][info][gc,cpu         ] GC(62) User=0.05s Sys=0.02s Real=0.01s
[2026-04-03T06:48:25.983+0600][32.482s][info][gc,start       ] GC(63) Pause Young (Mixed) (G1 Evacuation Pause)
[2026-04-03T06:48:25.983+0600][32.482s][info][gc,task        ] GC(63) Using 8 workers of 10 for evacuation
[2026-04-03T06:48:25.991+0600][32.490s][info][gc,phases      ] GC(63)   Pre Evacuate Collection Set: 0.43ms
[2026-04-03T06:48:25.991+0600][32.490s][info][gc,phases      ] GC(63)   Merge Heap Roots: 0.24ms
[2026-04-03T06:48:25.991+0600][32.490s][info][gc,phases      ] GC(63)   Evacuate Collection Set: 5.78ms
[2026-04-03T06:48:25.991+0600][32.490s][info][gc,phases      ] GC(63)   Post Evacuate Collection Set: 1.27ms
[2026-04-03T06:48:25.991+0600][32.490s][info][gc,phases      ] GC(63)   Other: 0.12ms
[2026-04-03T06:48:25.991+0600][32.490s][info][gc,heap        ] GC(63) Eden regions: 66->0(132)
[2026-04-03T06:48:25.991+0600][32.490s][info][gc,heap        ] GC(63) Survivor regions: 4->3(13)
[2026-04-03T06:48:25.991+0600][32.490s][info][gc,heap        ] GC(63) Old regions: 39->39
[2026-04-03T06:48:25.991+0600][32.490s][info][gc,heap        ] GC(63) Humongous regions: 58->3
[2026-04-03T06:48:25.991+0600][32.490s][info][gc,metaspace   ] GC(63) Metaspace: 129354K(130816K)->129354K(130816K) NonClass: 112847K(113664K)->112847K(113664K) Class: 16507K(17152K)->16507K(17152K)
[2026-04-03T06:48:25.991+0600][32.490s][info][gc             ] GC(63) Pause Young (Mixed) (G1 Evacuation Pause) 327M->85M(450M) 8.254ms
[2026-04-03T06:48:25.991+0600][32.490s][info][gc,cpu         ] GC(63) User=0.04s Sys=0.01s Real=0.01s
[2026-04-03T06:48:26.141+0600][32.640s][info][gc,start       ] GC(64) Pause Young (Concurrent Start) (G1 Humongous Allocation)
[2026-04-03T06:48:26.142+0600][32.640s][info][gc,task        ] GC(64) Using 10 workers of 10 for evacuation
[2026-04-03T06:48:26.150+0600][32.648s][info][gc,phases      ] GC(64)   Pre Evacuate Collection Set: 0.58ms
[2026-04-03T06:48:26.150+0600][32.648s][info][gc,phases      ] GC(64)   Merge Heap Roots: 0.26ms
[2026-04-03T06:48:26.150+0600][32.649s][info][gc,phases      ] GC(64)   Evacuate Collection Set: 6.17ms
[2026-04-03T06:48:26.150+0600][32.649s][info][gc,phases      ] GC(64)   Post Evacuate Collection Set: 1.12ms
[2026-04-03T06:48:26.150+0600][32.649s][info][gc,phases      ] GC(64)   Other: 0.29ms
[2026-04-03T06:48:26.150+0600][32.649s][info][gc,heap        ] GC(64) Eden regions: 43->0(132)
[2026-04-03T06:48:26.150+0600][32.649s][info][gc,heap        ] GC(64) Survivor regions: 3->3(17)
[2026-04-03T06:48:26.150+0600][32.649s][info][gc,heap        ] GC(64) Old regions: 39->39
[2026-04-03T06:48:26.150+0600][32.649s][info][gc,heap        ] GC(64) Humongous regions: 29->3
[2026-04-03T06:48:26.150+0600][32.649s][info][gc,metaspace   ] GC(64) Metaspace: 129404K(130816K)->129404K(130816K) NonClass: 112897K(113664K)->112897K(113664K) Class: 16507K(17152K)->16507K(17152K)
[2026-04-03T06:48:26.150+0600][32.649s][info][gc             ] GC(64) Pause Young (Concurrent Start) (G1 Humongous Allocation) 223M->85M(450M) 8.857ms
[2026-04-03T06:48:26.151+0600][32.649s][info][gc,cpu         ] GC(64) User=0.05s Sys=0.01s Real=0.01s
[2026-04-03T06:48:26.151+0600][32.649s][info][gc             ] GC(65) Concurrent Undo Cycle
[2026-04-03T06:48:26.151+0600][32.649s][info][gc,marking     ] GC(65) Concurrent Clear Claimed Marks
[2026-04-03T06:48:26.151+0600][32.650s][info][gc,marking     ] GC(65) Concurrent Clear Claimed Marks 0.353ms
[2026-04-03T06:48:26.151+0600][32.650s][info][gc,marking     ] GC(65) Concurrent Cleanup for Next Mark
[2026-04-03T06:48:26.152+0600][32.650s][info][gc,marking     ] GC(65) Concurrent Cleanup for Next Mark 0.592ms
[2026-04-03T06:48:26.152+0600][32.650s][info][gc             ] GC(65) Concurrent Undo Cycle 1.323ms
[2026-04-03T06:48:26.153+0600][32.652s][info][gc,start       ] GC(66) Pause Young (Concurrent Start) (G1 Humongous Allocation)
[2026-04-03T06:48:26.153+0600][32.652s][info][gc,task        ] GC(66) Using 10 workers of 10 for evacuation
[2026-04-03T06:48:26.159+0600][32.658s][info][gc,phases      ] GC(66)   Pre Evacuate Collection Set: 0.53ms
[2026-04-03T06:48:26.159+0600][32.658s][info][gc,phases      ] GC(66)   Merge Heap Roots: 0.22ms
[2026-04-03T06:48:26.159+0600][32.658s][info][gc,phases      ] GC(66)   Evacuate Collection Set: 3.72ms
[2026-04-03T06:48:26.159+0600][32.658s][info][gc,phases      ] GC(66)   Post Evacuate Collection Set: 1.03ms
[2026-04-03T06:48:26.159+0600][32.658s][info][gc,phases      ] GC(66)   Other: 0.32ms
[2026-04-03T06:48:26.159+0600][32.658s][info][gc,heap        ] GC(66) Eden regions: 2->0(132)
[2026-04-03T06:48:26.160+0600][32.658s][info][gc,heap        ] GC(66) Survivor regions: 3->3(17)
[2026-04-03T06:48:26.160+0600][32.658s][info][gc,heap        ] GC(66) Old regions: 39->39
[2026-04-03T06:48:26.160+0600][32.658s][info][gc,heap        ] GC(66) Humongous regions: 4->3
[2026-04-03T06:48:26.160+0600][32.658s][info][gc,metaspace   ] GC(66) Metaspace: 129404K(130816K)->129404K(130816K) NonClass: 112897K(113664K)->112897K(113664K) Class: 16507K(17152K)->16507K(17152K)
[2026-04-03T06:48:26.160+0600][32.658s][info][gc             ] GC(66) Pause Young (Concurrent Start) (G1 Humongous Allocation) 91M->84M(450M) 6.260ms
[2026-04-03T06:48:26.160+0600][32.658s][info][gc             ] GC(67) Concurrent Mark Cycle
[2026-04-03T06:48:26.160+0600][32.658s][info][gc,marking     ] GC(67) Concurrent Scan Root Regions
[2026-04-03T06:48:26.160+0600][32.658s][info][gc,cpu         ] GC(66) User=0.04s Sys=0.00s Real=0.00s
[2026-04-03T06:48:26.166+0600][32.664s][info][gc,marking     ] GC(67) Concurrent Scan Root Regions 6.065ms
[2026-04-03T06:48:26.166+0600][32.664s][info][gc,marking     ] GC(67) Concurrent Mark
[2026-04-03T06:48:26.166+0600][32.664s][info][gc,marking     ] GC(67) Concurrent Mark From Roots
[2026-04-03T06:48:26.166+0600][32.664s][info][gc,task        ] GC(67) Using 3 workers of 3 for marking
[2026-04-03T06:48:26.245+0600][32.743s][info][gc,marking     ] GC(67) Concurrent Mark From Roots 79.011ms
[2026-04-03T06:48:26.245+0600][32.744s][info][gc,marking     ] GC(67) Concurrent Preclean
[2026-04-03T06:48:26.246+0600][32.744s][info][gc,marking     ] GC(67) Concurrent Preclean 0.879ms
[2026-04-03T06:48:26.247+0600][32.745s][info][gc,start       ] GC(67) Pause Remark
[2026-04-03T06:48:26.273+0600][32.772s][info][gc             ] GC(67) Pause Remark 126M->126M(360M) 26.956ms
[2026-04-03T06:48:26.274+0600][32.772s][info][gc,cpu         ] GC(67) User=0.23s Sys=0.00s Real=0.03s
[2026-04-03T06:48:26.275+0600][32.774s][info][gc,marking     ] GC(67) Concurrent Mark 109.408ms
[2026-04-03T06:48:26.275+0600][32.774s][info][gc,marking     ] GC(67) Concurrent Rebuild Remembered Sets and Scrub Regions
[2026-04-03T06:48:26.313+0600][32.811s][info][gc,marking     ] GC(67) Concurrent Rebuild Remembered Sets and Scrub Regions 37.172ms
[2026-04-03T06:48:26.313+0600][32.812s][info][gc,start       ] GC(67) Pause Cleanup
[2026-04-03T06:48:26.314+0600][32.812s][info][gc             ] GC(67) Pause Cleanup 148M->148M(360M) 0.457ms
[2026-04-03T06:48:26.314+0600][32.812s][info][gc,cpu         ] GC(67) User=0.01s Sys=0.00s Real=0.01s
[2026-04-03T06:48:26.314+0600][32.812s][info][gc,marking     ] GC(67) Concurrent Clear Claimed Marks
[2026-04-03T06:48:26.314+0600][32.813s][info][gc,marking     ] GC(67) Concurrent Clear Claimed Marks 0.557ms
[2026-04-03T06:48:26.314+0600][32.813s][info][gc,marking     ] GC(67) Concurrent Cleanup for Next Mark
[2026-04-03T06:48:26.315+0600][32.814s][info][gc,marking     ] GC(67) Concurrent Cleanup for Next Mark 0.943ms
[2026-04-03T06:48:26.316+0600][32.814s][info][gc             ] GC(67) Concurrent Mark Cycle 155.907ms
[2026-04-03T06:48:26.813+0600][33.312s][info][gc,start       ] GC(68) Pause Young (Prepare Mixed) (G1 Evacuation Pause)
[2026-04-03T06:48:26.814+0600][33.312s][info][gc,task        ] GC(68) Using 9 workers of 10 for evacuation
[2026-04-03T06:48:26.824+0600][33.322s][info][gc,phases      ] GC(68)   Pre Evacuate Collection Set: 0.47ms
[2026-04-03T06:48:26.824+0600][33.322s][info][gc,phases      ] GC(68)   Merge Heap Roots: 0.27ms
[2026-04-03T06:48:26.824+0600][33.322s][info][gc,phases      ] GC(68)   Evacuate Collection Set: 7.80ms
[2026-04-03T06:48:26.824+0600][33.322s][info][gc,phases      ] GC(68)   Post Evacuate Collection Set: 1.57ms
[2026-04-03T06:48:26.824+0600][33.322s][info][gc,phases      ] GC(68)   Other: 0.13ms
[2026-04-03T06:48:26.824+0600][33.322s][info][gc,heap        ] GC(68) Eden regions: 80->0(106)
[2026-04-03T06:48:26.824+0600][33.323s][info][gc,heap        ] GC(68) Survivor regions: 3->5(14)
[2026-04-03T06:48:26.824+0600][33.323s][info][gc,heap        ] GC(68) Old regions: 39->40
[2026-04-03T06:48:26.824+0600][33.323s][info][gc,heap        ] GC(68) Humongous regions: 58->3
[2026-04-03T06:48:26.824+0600][33.323s][info][gc,metaspace   ] GC(68) Metaspace: 129874K(131328K)->129874K(131328K) NonClass: 113298K(114048K)->113298K(114048K) Class: 16576K(17280K)->16576K(17280K)
[2026-04-03T06:48:26.824+0600][33.323s][info][gc             ] GC(68) Pause Young (Prepare Mixed) (G1 Evacuation Pause) 354M->89M(372M) 10.677ms
[2026-04-03T06:48:26.824+0600][33.323s][info][gc,cpu         ] GC(68) User=0.04s Sys=0.02s Real=0.01s
[2026-04-03T06:48:27.234+0600][33.733s][info][gc,start       ] GC(69) Pause Young (Mixed) (G1 Evacuation Pause)
[2026-04-03T06:48:27.235+0600][33.733s][info][gc,task        ] GC(69) Using 8 workers of 10 for evacuation
[2026-04-03T06:48:27.241+0600][33.740s][info][gc,phases      ] GC(69)   Pre Evacuate Collection Set: 0.38ms
[2026-04-03T06:48:27.241+0600][33.740s][info][gc,phases      ] GC(69)   Merge Heap Roots: 0.21ms
[2026-04-03T06:48:27.241+0600][33.740s][info][gc,phases      ] GC(69)   Evacuate Collection Set: 4.86ms
[2026-04-03T06:48:27.241+0600][33.740s][info][gc,phases      ] GC(69)   Post Evacuate Collection Set: 0.95ms
[2026-04-03T06:48:27.241+0600][33.740s][info][gc,phases      ] GC(69)   Other: 0.12ms
[2026-04-03T06:48:27.241+0600][33.740s][info][gc,heap        ] GC(69) Eden regions: 106->0(108)
[2026-04-03T06:48:27.241+0600][33.740s][info][gc,heap        ] GC(69) Survivor regions: 5->4(14)
[2026-04-03T06:48:27.241+0600][33.740s][info][gc,heap        ] GC(69) Old regions: 40->40
[2026-04-03T06:48:27.241+0600][33.740s][info][gc,heap        ] GC(69) Humongous regions: 32->3
[2026-04-03T06:48:27.241+0600][33.740s][info][gc,metaspace   ] GC(69) Metaspace: 129995K(131456K)->129995K(131456K) NonClass: 113412K(114176K)->113412K(114176K) Class: 16583K(17280K)->16583K(17280K)
[2026-04-03T06:48:27.241+0600][33.740s][info][gc             ] GC(69) Pause Young (Mixed) (G1 Evacuation Pause) 359M->88M(376M) 6.933ms
[2026-04-03T06:48:27.242+0600][33.740s][info][gc,cpu         ] GC(69) User=0.05s Sys=0.00s Real=0.00s
[2026-04-03T06:48:27.290+0600][33.788s][info][gc,start       ] GC(70) Pause Young (Concurrent Start) (G1 Humongous Allocation)
[2026-04-03T06:48:27.290+0600][33.788s][info][gc,task        ] GC(70) Using 9 workers of 10 for evacuation
[2026-04-03T06:48:27.297+0600][33.796s][info][gc,phases      ] GC(70)   Pre Evacuate Collection Set: 0.36ms
[2026-04-03T06:48:27.297+0600][33.796s][info][gc,phases      ] GC(70)   Merge Heap Roots: 0.21ms
[2026-04-03T06:48:27.297+0600][33.796s][info][gc,phases      ] GC(70)   Evacuate Collection Set: 5.14ms
[2026-04-03T06:48:27.297+0600][33.796s][info][gc,phases      ] GC(70)   Post Evacuate Collection Set: 1.40ms
[2026-04-03T06:48:27.297+0600][33.796s][info][gc,phases      ] GC(70)   Other: 0.31ms
[2026-04-03T06:48:27.297+0600][33.796s][info][gc,heap        ] GC(70) Eden regions: 21->0(131)
[2026-04-03T06:48:27.297+0600][33.796s][info][gc,heap        ] GC(70) Survivor regions: 4->4(14)
[2026-04-03T06:48:27.297+0600][33.796s][info][gc,heap        ] GC(70) Old regions: 40->40
[2026-04-03T06:48:27.297+0600][33.796s][info][gc,heap        ] GC(70) Humongous regions: 3->3
[2026-04-03T06:48:27.297+0600][33.796s][info][gc,metaspace   ] GC(70) Metaspace: 130002K(131456K)->130002K(131456K) NonClass: 113418K(114176K)->113418K(114176K) Class: 16583K(17280K)->16583K(17280K)
[2026-04-03T06:48:27.297+0600][33.796s][info][gc             ] GC(70) Pause Young (Concurrent Start) (G1 Humongous Allocation) 129M->89M(452M) 7.842ms
[2026-04-03T06:48:27.298+0600][33.796s][info][gc,cpu         ] GC(70) User=0.06s Sys=0.00s Real=0.01s
[2026-04-03T06:48:27.298+0600][33.796s][info][gc             ] GC(71) Concurrent Undo Cycle
[2026-04-03T06:48:27.298+0600][33.796s][info][gc,marking     ] GC(71) Concurrent Clear Claimed Marks
[2026-04-03T06:48:27.298+0600][33.797s][info][gc,marking     ] GC(71) Concurrent Clear Claimed Marks 0.392ms
[2026-04-03T06:48:27.298+0600][33.797s][info][gc,marking     ] GC(71) Concurrent Cleanup for Next Mark
[2026-04-03T06:48:27.299+0600][33.797s][info][gc,marking     ] GC(71) Concurrent Cleanup for Next Mark 0.418ms
[2026-04-03T06:48:27.299+0600][33.797s][info][gc             ] GC(71) Concurrent Undo Cycle 1.080ms
[2026-04-03T06:48:27.319+0600][33.817s][info][gc,start       ] GC(72) Pause Young (Concurrent Start) (G1 Humongous Allocation)
[2026-04-03T06:48:27.319+0600][33.818s][info][gc,task        ] GC(72) Using 10 workers of 10 for evacuation
[2026-04-03T06:48:27.325+0600][33.823s][info][gc,phases      ] GC(72)   Pre Evacuate Collection Set: 0.48ms
[2026-04-03T06:48:27.325+0600][33.823s][info][gc,phases      ] GC(72)   Merge Heap Roots: 0.14ms
[2026-04-03T06:48:27.325+0600][33.823s][info][gc,phases      ] GC(72)   Evacuate Collection Set: 3.92ms
[2026-04-03T06:48:27.325+0600][33.823s][info][gc,phases      ] GC(72)   Post Evacuate Collection Set: 0.60ms
[2026-04-03T06:48:27.325+0600][33.823s][info][gc,phases      ] GC(72)   Other: 0.27ms
[2026-04-03T06:48:27.325+0600][33.823s][info][gc,heap        ] GC(72) Eden regions: 4->0(131)
[2026-04-03T06:48:27.325+0600][33.823s][info][gc,heap        ] GC(72) Survivor regions: 4->4(17)
[2026-04-03T06:48:27.325+0600][33.823s][info][gc,heap        ] GC(72) Old regions: 40->40
[2026-04-03T06:48:27.325+0600][33.823s][info][gc,heap        ] GC(72) Humongous regions: 4->3
[2026-04-03T06:48:27.325+0600][33.823s][info][gc,metaspace   ] GC(72) Metaspace: 130002K(131456K)->130002K(131456K) NonClass: 113418K(114176K)->113418K(114176K) Class: 16583K(17280K)->16583K(17280K)
[2026-04-03T06:48:27.325+0600][33.823s][info][gc             ] GC(72) Pause Young (Concurrent Start) (G1 Humongous Allocation) 99M->88M(452M) 5.785ms
[2026-04-03T06:48:27.325+0600][33.823s][info][gc             ] GC(73) Concurrent Mark Cycle
[2026-04-03T06:48:27.325+0600][33.823s][info][gc,cpu         ] GC(72) User=0.04s Sys=0.00s Real=0.01s
[2026-04-03T06:48:27.325+0600][33.823s][info][gc,marking     ] GC(73) Concurrent Scan Root Regions
[2026-04-03T06:48:27.331+0600][33.830s][info][gc,marking     ] GC(73) Concurrent Scan Root Regions 6.389ms
[2026-04-03T06:48:27.331+0600][33.830s][info][gc,marking     ] GC(73) Concurrent Mark
[2026-04-03T06:48:27.331+0600][33.830s][info][gc,marking     ] GC(73) Concurrent Mark From Roots
[2026-04-03T06:48:27.331+0600][33.830s][info][gc,task        ] GC(73) Using 3 workers of 3 for marking
[2026-04-03T06:48:27.404+0600][33.902s][info][gc,marking     ] GC(73) Concurrent Mark From Roots 72.367ms
[2026-04-03T06:48:27.404+0600][33.902s][info][gc,marking     ] GC(73) Concurrent Preclean
[2026-04-03T06:48:27.405+0600][33.903s][info][gc,marking     ] GC(73) Concurrent Preclean 0.847ms
[2026-04-03T06:48:27.405+0600][33.904s][info][gc,start       ] GC(73) Pause Remark
[2026-04-03T06:48:27.433+0600][33.931s][info][gc             ] GC(73) Pause Remark 122M->122M(388M) 27.599ms
[2026-04-03T06:48:27.433+0600][33.932s][info][gc,cpu         ] GC(73) User=0.23s Sys=0.01s Real=0.02s
[2026-04-03T06:48:27.433+0600][33.932s][info][gc,marking     ] GC(73) Concurrent Mark 101.774ms
[2026-04-03T06:48:27.433+0600][33.932s][info][gc,marking     ] GC(73) Concurrent Rebuild Remembered Sets and Scrub Regions
[2026-04-03T06:48:27.465+0600][33.964s][info][gc,marking     ] GC(73) Concurrent Rebuild Remembered Sets and Scrub Regions 31.792ms
[2026-04-03T06:48:27.466+0600][33.964s][info][gc,start       ] GC(73) Pause Cleanup
[2026-04-03T06:48:27.466+0600][33.964s][info][gc             ] GC(73) Pause Cleanup 132M->132M(388M) 0.328ms
[2026-04-03T06:48:27.466+0600][33.964s][info][gc,cpu         ] GC(73) User=0.00s Sys=0.00s Real=0.00s
[2026-04-03T06:48:27.466+0600][33.965s][info][gc,marking     ] GC(73) Concurrent Clear Claimed Marks
[2026-04-03T06:48:27.466+0600][33.965s][info][gc,marking     ] GC(73) Concurrent Clear Claimed Marks 0.361ms
[2026-04-03T06:48:27.466+0600][33.965s][info][gc,marking     ] GC(73) Concurrent Cleanup for Next Mark
[2026-04-03T06:48:27.468+0600][33.966s][info][gc,marking     ] GC(73) Concurrent Cleanup for Next Mark 1.170ms
[2026-04-03T06:48:27.468+0600][33.966s][info][gc             ] GC(73) Concurrent Mark Cycle 142.849ms
[2026-04-03T06:48:27.667+0600][34.166s][info][gc,start       ] GC(74) Pause Young (Prepare Mixed) (G1 Evacuation Pause)
[2026-04-03T06:48:27.668+0600][34.166s][info][gc,task        ] GC(74) Using 10 workers of 10 for evacuation
[2026-04-03T06:48:27.675+0600][34.173s][info][gc,phases      ] GC(74)   Pre Evacuate Collection Set: 0.33ms
[2026-04-03T06:48:27.675+0600][34.173s][info][gc,phases      ] GC(74)   Merge Heap Roots: 0.15ms
[2026-04-03T06:48:27.675+0600][34.173s][info][gc,phases      ] GC(74)   Evacuate Collection Set: 5.47ms
[2026-04-03T06:48:27.675+0600][34.173s][info][gc,phases      ] GC(74)   Post Evacuate Collection Set: 0.90ms
[2026-04-03T06:48:27.675+0600][34.173s][info][gc,phases      ] GC(74)   Other: 0.11ms
[2026-04-03T06:48:27.675+0600][34.173s][info][gc,heap        ] GC(74) Eden regions: 34->0(156)
[2026-04-03T06:48:27.675+0600][34.173s][info][gc,heap        ] GC(74) Survivor regions: 4->4(15)
[2026-04-03T06:48:27.675+0600][34.173s][info][gc,heap        ] GC(74) Old regions: 40->41
[2026-04-03T06:48:27.675+0600][34.173s][info][gc,heap        ] GC(74) Humongous regions: 185->6
[2026-04-03T06:48:27.675+0600][34.173s][info][gc,metaspace   ] GC(74) Metaspace: 129851K(131456K)->129851K(131456K) NonClass: 113315K(114176K)->113315K(114176K) Class: 16536K(17280K)->16536K(17280K)
[2026-04-03T06:48:27.675+0600][34.173s][info][gc             ] GC(74) Pause Young (Prepare Mixed) (G1 Evacuation Pause) 520M->95M(536M) 7.350ms
[2026-04-03T06:48:27.675+0600][34.173s][info][gc,cpu         ] GC(74) User=0.05s Sys=0.02s Real=0.01s
[2026-04-03T06:48:27.924+0600][34.422s][info][gc,start       ] GC(75) Pause Young (Mixed) (G1 Evacuation Pause)
[2026-04-03T06:48:27.924+0600][34.423s][info][gc,task        ] GC(75) Using 10 workers of 10 for evacuation
[2026-04-03T06:48:27.930+0600][34.429s][info][gc,phases      ] GC(75)   Pre Evacuate Collection Set: 0.46ms
[2026-04-03T06:48:27.930+0600][34.429s][info][gc,phases      ] GC(75)   Merge Heap Roots: 0.26ms
[2026-04-03T06:48:27.930+0600][34.429s][info][gc,phases      ] GC(75)   Evacuate Collection Set: 4.33ms
[2026-04-03T06:48:27.930+0600][34.429s][info][gc,phases      ] GC(75)   Post Evacuate Collection Set: 0.88ms
[2026-04-03T06:48:27.930+0600][34.429s][info][gc,phases      ] GC(75)   Other: 0.11ms
[2026-04-03T06:48:27.930+0600][34.429s][info][gc,heap        ] GC(75) Eden regions: 34->0(200)
[2026-04-03T06:48:27.930+0600][34.429s][info][gc,heap        ] GC(75) Survivor regions: 4->4(20)
[2026-04-03T06:48:27.930+0600][34.429s][info][gc,heap        ] GC(75) Old regions: 41->40
[2026-04-03T06:48:27.930+0600][34.429s][info][gc,heap        ] GC(75) Humongous regions: 258->3
[2026-04-03T06:48:27.930+0600][34.429s][info][gc,metaspace   ] GC(75) Metaspace: 129881K(131456K)->129881K(131456K) NonClass: 113345K(114176K)->113345K(114176K) Class: 16536K(17280K)->16536K(17280K)
[2026-04-03T06:48:27.930+0600][34.429s][info][gc             ] GC(75) Pause Young (Mixed) (G1 Evacuation Pause) 667M->87M(682M) 6.457ms
[2026-04-03T06:48:27.930+0600][34.429s][info][gc,cpu         ] GC(75) User=0.03s Sys=0.01s Real=0.00s
[2026-04-03T06:48:28.812+0600][35.310s][info][gc,start       ] GC(76) Pause Young (Concurrent Start) (GCLocker Initiated GC)
[2026-04-03T06:48:28.812+0600][35.311s][info][gc,task        ] GC(76) Using 10 workers of 10 for evacuation
[2026-04-03T06:48:28.819+0600][35.317s][info][gc,phases      ] GC(76)   Pre Evacuate Collection Set: 0.52ms
[2026-04-03T06:48:28.819+0600][35.318s][info][gc,phases      ] GC(76)   Merge Heap Roots: 0.20ms
[2026-04-03T06:48:28.819+0600][35.318s][info][gc,phases      ] GC(76)   Evacuate Collection Set: 4.63ms
[2026-04-03T06:48:28.819+0600][35.318s][info][gc,phases      ] GC(76)   Post Evacuate Collection Set: 1.31ms
[2026-04-03T06:48:28.819+0600][35.318s][info][gc,phases      ] GC(76)   Other: 0.28ms
[2026-04-03T06:48:28.819+0600][35.318s][info][gc,heap        ] GC(76) Eden regions: 172->0(199)
[2026-04-03T06:48:28.819+0600][35.318s][info][gc,heap        ] GC(76) Survivor regions: 4->5(26)
[2026-04-03T06:48:28.819+0600][35.318s][info][gc,heap        ] GC(76) Old regions: 40->40
[2026-04-03T06:48:28.819+0600][35.318s][info][gc,heap        ] GC(76) Humongous regions: 86->3
[2026-04-03T06:48:28.819+0600][35.318s][info][gc,metaspace   ] GC(76) Metaspace: 130188K(131712K)->130188K(131712K) NonClass: 113650K(114432K)->113650K(114432K) Class: 16538K(17280K)->16538K(17280K)
[2026-04-03T06:48:28.819+0600][35.318s][info][gc             ] GC(76) Pause Young (Concurrent Start) (GCLocker Initiated GC) 597M->91M(682M) 7.414ms
[2026-04-03T06:48:28.819+0600][35.318s][info][gc             ] GC(77) Concurrent Mark Cycle
[2026-04-03T06:48:28.819+0600][35.318s][info][gc,marking     ] GC(77) Concurrent Scan Root Regions
[2026-04-03T06:48:28.819+0600][35.318s][info][gc,cpu         ] GC(76) User=0.05s Sys=0.01s Real=0.01s
[2026-04-03T06:48:28.824+0600][35.322s][info][gc,marking     ] GC(77) Concurrent Scan Root Regions 4.462ms
[2026-04-03T06:48:28.824+0600][35.323s][info][gc,marking     ] GC(77) Concurrent Mark
[2026-04-03T06:48:28.824+0600][35.323s][info][gc,marking     ] GC(77) Concurrent Mark From Roots
[2026-04-03T06:48:28.824+0600][35.323s][info][gc,task        ] GC(77) Using 3 workers of 3 for marking
[2026-04-03T06:48:28.909+0600][35.408s][info][gc,marking     ] GC(77) Concurrent Mark From Roots 85.325ms
[2026-04-03T06:48:28.910+0600][35.408s][info][gc,marking     ] GC(77) Concurrent Preclean
[2026-04-03T06:48:28.910+0600][35.409s][info][gc,marking     ] GC(77) Concurrent Preclean 0.586ms
[2026-04-03T06:48:28.910+0600][35.409s][info][gc,start       ] GC(77) Pause Remark
[2026-04-03T06:48:28.920+0600][35.419s][info][gc             ] GC(77) Pause Remark 177M->177M(468M) 9.622ms
[2026-04-03T06:48:28.920+0600][35.419s][info][gc,cpu         ] GC(77) User=0.07s Sys=0.00s Real=0.01s
[2026-04-03T06:48:28.921+0600][35.419s][info][gc,marking     ] GC(77) Concurrent Mark 96.478ms
[2026-04-03T06:48:28.921+0600][35.419s][info][gc,marking     ] GC(77) Concurrent Rebuild Remembered Sets and Scrub Regions
[2026-04-03T06:48:28.954+0600][35.453s][info][gc,marking     ] GC(77) Concurrent Rebuild Remembered Sets and Scrub Regions 33.729ms
[2026-04-03T06:48:28.955+0600][35.453s][info][gc,start       ] GC(77) Pause Cleanup
[2026-04-03T06:48:28.955+0600][35.454s][info][gc             ] GC(77) Pause Cleanup 199M->199M(468M) 0.362ms
[2026-04-03T06:48:28.955+0600][35.454s][info][gc,cpu         ] GC(77) User=0.00s Sys=0.00s Real=0.00s
[2026-04-03T06:48:28.956+0600][35.454s][info][gc,marking     ] GC(77) Concurrent Clear Claimed Marks
[2026-04-03T06:48:28.956+0600][35.454s][info][gc,marking     ] GC(77) Concurrent Clear Claimed Marks 0.424ms
[2026-04-03T06:48:28.956+0600][35.454s][info][gc,marking     ] GC(77) Concurrent Cleanup for Next Mark
[2026-04-03T06:48:28.958+0600][35.457s][info][gc,marking     ] GC(77) Concurrent Cleanup for Next Mark 2.222ms
[2026-04-03T06:48:28.958+0600][35.457s][info][gc             ] GC(77) Concurrent Mark Cycle 138.975ms
[2026-04-03T06:48:29.243+0600][35.741s][info][gc,start       ] GC(78) Pause Young (Prepare Mixed) (G1 Evacuation Pause)
[2026-04-03T06:48:29.243+0600][35.741s][info][gc,task        ] GC(78) Using 10 workers of 10 for evacuation
[2026-04-03T06:48:29.250+0600][35.749s][info][gc,phases      ] GC(78)   Pre Evacuate Collection Set: 0.44ms
[2026-04-03T06:48:29.250+0600][35.749s][info][gc,phases      ] GC(78)   Merge Heap Roots: 0.35ms
[2026-04-03T06:48:29.250+0600][35.749s][info][gc,phases      ] GC(78)   Evacuate Collection Set: 5.40ms
[2026-04-03T06:48:29.250+0600][35.749s][info][gc,phases      ] GC(78)   Post Evacuate Collection Set: 0.88ms
[2026-04-03T06:48:29.250+0600][35.749s][info][gc,phases      ] GC(78)   Other: 0.14ms
[2026-04-03T06:48:29.250+0600][35.749s][info][gc,heap        ] GC(78) Eden regions: 101->0(140)
[2026-04-03T06:48:29.250+0600][35.749s][info][gc,heap        ] GC(78) Survivor regions: 5->5(18)
[2026-04-03T06:48:29.250+0600][35.749s][info][gc,heap        ] GC(78) Old regions: 40->41
[2026-04-03T06:48:29.250+0600][35.749s][info][gc,heap        ] GC(78) Humongous regions: 91->3
[2026-04-03T06:48:29.250+0600][35.749s][info][gc,metaspace   ] GC(78) Metaspace: 130248K(131712K)->130248K(131712K) NonClass: 113708K(114432K)->113708K(114432K) Class: 16539K(17280K)->16539K(17280K)
[2026-04-03T06:48:29.250+0600][35.749s][info][gc             ] GC(78) Pause Young (Prepare Mixed) (G1 Evacuation Pause) 469M->91M(486M) 7.667ms
[2026-04-03T06:48:29.251+0600][35.749s][info][gc,cpu         ] GC(78) User=0.04s Sys=0.01s Real=0.01s
[2026-04-03T06:48:29.644+0600][36.143s][info][gc,start       ] GC(79) Pause Young (Mixed) (G1 Evacuation Pause)
[2026-04-03T06:48:29.644+0600][36.143s][info][gc,task        ] GC(79) Using 10 workers of 10 for evacuation
[2026-04-03T06:48:29.652+0600][36.150s][info][gc,phases      ] GC(79)   Pre Evacuate Collection Set: 0.52ms
[2026-04-03T06:48:29.652+0600][36.151s][info][gc,phases      ] GC(79)   Merge Heap Roots: 0.33ms
[2026-04-03T06:48:29.652+0600][36.151s][info][gc,phases      ] GC(79)   Evacuate Collection Set: 5.56ms
[2026-04-03T06:48:29.652+0600][36.151s][info][gc,phases      ] GC(79)   Post Evacuate Collection Set: 1.26ms
[2026-04-03T06:48:29.652+0600][36.151s][info][gc,phases      ] GC(79)   Other: 0.16ms
[2026-04-03T06:48:29.652+0600][36.151s][info][gc,heap        ] GC(79) Eden regions: 112->0(147)
[2026-04-03T06:48:29.652+0600][36.151s][info][gc,heap        ] GC(79) Survivor regions: 5->4(19)
[2026-04-03T06:48:29.652+0600][36.151s][info][gc,heap        ] GC(79) Old regions: 41->40
[2026-04-03T06:48:29.652+0600][36.151s][info][gc,heap        ] GC(79) Humongous regions: 91->3
[2026-04-03T06:48:29.652+0600][36.151s][info][gc,metaspace   ] GC(79) Metaspace: 130305K(131776K)->130305K(131776K) NonClass: 113763K(114496K)->113763K(114496K) Class: 16541K(17280K)->16541K(17280K)
[2026-04-03T06:48:29.652+0600][36.151s][info][gc             ] GC(79) Pause Young (Mixed) (G1 Evacuation Pause) 491M->89M(506M) 8.212ms
[2026-04-03T06:48:29.652+0600][36.151s][info][gc,cpu         ] GC(79) User=0.04s Sys=0.02s Real=0.00s
[2026-04-03T06:48:29.734+0600][36.232s][info][gc,start       ] GC(80) Pause Young (Concurrent Start) (GCLocker Initiated GC)
[2026-04-03T06:48:29.734+0600][36.232s][info][gc,task        ] GC(80) Using 10 workers of 10 for evacuation
[2026-04-03T06:48:29.743+0600][36.241s][info][gc,phases      ] GC(80)   Pre Evacuate Collection Set: 0.61ms
[2026-04-03T06:48:29.743+0600][36.241s][info][gc,phases      ] GC(80)   Merge Heap Roots: 0.24ms
[2026-04-03T06:48:29.743+0600][36.241s][info][gc,phases      ] GC(80)   Evacuate Collection Set: 6.48ms
[2026-04-03T06:48:29.743+0600][36.241s][info][gc,phases      ] GC(80)   Post Evacuate Collection Set: 1.23ms
[2026-04-03T06:48:29.743+0600][36.241s][info][gc,phases      ] GC(80)   Other: 0.26ms
[2026-04-03T06:48:29.743+0600][36.241s][info][gc,heap        ] GC(80) Eden regions: 27->0(147)
[2026-04-03T06:48:29.743+0600][36.241s][info][gc,heap        ] GC(80) Survivor regions: 4->4(19)
[2026-04-03T06:48:29.743+0600][36.241s][info][gc,heap        ] GC(80) Old regions: 40->40
[2026-04-03T06:48:29.743+0600][36.241s][info][gc,heap        ] GC(80) Humongous regions: 20->3
[2026-04-03T06:48:29.743+0600][36.241s][info][gc,metaspace   ] GC(80) Metaspace: 130308K(131776K)->130308K(131776K) NonClass: 113766K(114496K)->113766K(114496K) Class: 16542K(17280K)->16542K(17280K)
[2026-04-03T06:48:29.743+0600][36.242s][info][gc             ] GC(80) Pause Young (Concurrent Start) (GCLocker Initiated GC) 177M->90M(506M) 9.212ms
[2026-04-03T06:48:29.743+0600][36.242s][info][gc,cpu         ] GC(80) User=0.04s Sys=0.01s Real=0.00s
[2026-04-03T06:48:29.743+0600][36.242s][info][gc             ] GC(81) Concurrent Mark Cycle
[2026-04-03T06:48:29.744+0600][36.242s][info][gc,marking     ] GC(81) Concurrent Scan Root Regions
[2026-04-03T06:48:29.748+0600][36.246s][info][gc,marking     ] GC(81) Concurrent Scan Root Regions 4.430ms
[2026-04-03T06:48:29.748+0600][36.247s][info][gc,marking     ] GC(81) Concurrent Mark
[2026-04-03T06:48:29.748+0600][36.247s][info][gc,marking     ] GC(81) Concurrent Mark From Roots
[2026-04-03T06:48:29.748+0600][36.247s][info][gc,task        ] GC(81) Using 3 workers of 3 for marking
[2026-04-03T06:48:29.850+0600][36.349s][info][gc,marking     ] GC(81) Concurrent Mark From Roots 102.220ms
[2026-04-03T06:48:29.850+0600][36.349s][info][gc,marking     ] GC(81) Concurrent Preclean
[2026-04-03T06:48:29.851+0600][36.350s][info][gc,marking     ] GC(81) Concurrent Preclean 0.810ms
[2026-04-03T06:48:29.852+0600][36.350s][info][gc,start       ] GC(81) Pause Remark
[2026-04-03T06:48:29.861+0600][36.359s][info][gc             ] GC(81) Pause Remark 149M->149M(420M) 9.406ms
[2026-04-03T06:48:29.861+0600][36.360s][info][gc,cpu         ] GC(81) User=0.06s Sys=0.00s Real=0.01s
[2026-04-03T06:48:29.861+0600][36.360s][info][gc,marking     ] GC(81) Concurrent Mark 113.198ms
[2026-04-03T06:48:29.861+0600][36.360s][info][gc,marking     ] GC(81) Concurrent Rebuild Remembered Sets and Scrub Regions
[2026-04-03T06:48:29.889+0600][36.387s][info][gc,marking     ] GC(81) Concurrent Rebuild Remembered Sets and Scrub Regions 27.524ms
[2026-04-03T06:48:29.889+0600][36.388s][info][gc,start       ] GC(81) Pause Cleanup
[2026-04-03T06:48:29.890+0600][36.388s][info][gc             ] GC(81) Pause Cleanup 158M->158M(420M) 0.350ms
[2026-04-03T06:48:29.890+0600][36.388s][info][gc,cpu         ] GC(81) User=0.00s Sys=0.00s Real=0.00s
[2026-04-03T06:48:29.890+0600][36.388s][info][gc,marking     ] GC(81) Concurrent Clear Claimed Marks
[2026-04-03T06:48:29.890+0600][36.389s][info][gc,marking     ] GC(81) Concurrent Clear Claimed Marks 0.440ms
[2026-04-03T06:48:29.890+0600][36.389s][info][gc,marking     ] GC(81) Concurrent Cleanup for Next Mark
[2026-04-03T06:48:29.891+0600][36.390s][info][gc,marking     ] GC(81) Concurrent Cleanup for Next Mark 0.687ms
[2026-04-03T06:48:29.891+0600][36.390s][info][gc             ] GC(81) Concurrent Mark Cycle 147.981ms
[2026-04-03T06:48:30.335+0600][36.834s][info][gc,start       ] GC(82) Pause Young (Prepare Mixed) (G1 Evacuation Pause)
[2026-04-03T06:48:30.335+0600][36.834s][info][gc,task        ] GC(82) Using 10 workers of 10 for evacuation
[2026-04-03T06:48:30.344+0600][36.843s][info][gc,phases      ] GC(82)   Pre Evacuate Collection Set: 0.44ms
[2026-04-03T06:48:30.344+0600][36.843s][info][gc,phases      ] GC(82)   Merge Heap Roots: 0.25ms
[2026-04-03T06:48:30.344+0600][36.843s][info][gc,phases      ] GC(82)   Evacuate Collection Set: 6.82ms
[2026-04-03T06:48:30.344+0600][36.843s][info][gc,phases      ] GC(82)   Post Evacuate Collection Set: 1.27ms
[2026-04-03T06:48:30.344+0600][36.843s][info][gc,phases      ] GC(82)   Other: 0.16ms
[2026-04-03T06:48:30.344+0600][36.843s][info][gc,heap        ] GC(82) Eden regions: 119->0(125)
[2026-04-03T06:48:30.344+0600][36.843s][info][gc,heap        ] GC(82) Survivor regions: 4->4(16)
[2026-04-03T06:48:30.345+0600][36.843s][info][gc,heap        ] GC(82) Old regions: 40->41
[2026-04-03T06:48:30.345+0600][36.843s][info][gc,heap        ] GC(82) Humongous regions: 47->3
[2026-04-03T06:48:30.345+0600][36.843s][info][gc,metaspace   ] GC(82) Metaspace: 130359K(131776K)->130359K(131776K) NonClass: 113813K(114496K)->113813K(114496K) Class: 16545K(17280K)->16545K(17280K)
[2026-04-03T06:48:30.345+0600][36.843s][info][gc             ] GC(82) Pause Young (Prepare Mixed) (G1 Evacuation Pause) 416M->90M(430M) 9.454ms
[2026-04-03T06:48:30.345+0600][36.843s][info][gc,cpu         ] GC(82) User=0.04s Sys=0.02s Real=0.01s
[2026-04-03T06:48:30.778+0600][37.277s][info][gc,start       ] GC(83) Pause Young (Mixed) (G1 Evacuation Pause)
[2026-04-03T06:48:30.778+0600][37.277s][info][gc,task        ] GC(83) Using 10 workers of 10 for evacuation
[2026-04-03T06:48:30.789+0600][37.287s][info][gc,phases      ] GC(83)   Pre Evacuate Collection Set: 0.44ms
[2026-04-03T06:48:30.789+0600][37.287s][info][gc,phases      ] GC(83)   Merge Heap Roots: 0.33ms
[2026-04-03T06:48:30.789+0600][37.287s][info][gc,phases      ] GC(83)   Evacuate Collection Set: 8.10ms
[2026-04-03T06:48:30.789+0600][37.287s][info][gc,phases      ] GC(83)   Post Evacuate Collection Set: 1.46ms
[2026-04-03T06:48:30.789+0600][37.287s][info][gc,phases      ] GC(83)   Other: 0.14ms
[2026-04-03T06:48:30.789+0600][37.287s][info][gc,heap        ] GC(83) Eden regions: 90->0(187)
[2026-04-03T06:48:30.789+0600][37.287s][info][gc,heap        ] GC(83) Survivor regions: 4->5(17)
[2026-04-03T06:48:30.789+0600][37.287s][info][gc,heap        ] GC(83) Old regions: 41->40
[2026-04-03T06:48:30.789+0600][37.287s][info][gc,heap        ] GC(83) Humongous regions: 80->3
[2026-04-03T06:48:30.789+0600][37.287s][info][gc,metaspace   ] GC(83) Metaspace: 130402K(131840K)->130402K(131840K) NonClass: 113856K(114560K)->113856K(114560K) Class: 16545K(17280K)->16545K(17280K)
[2026-04-03T06:48:30.789+0600][37.287s][info][gc             ] GC(83) Pause Young (Mixed) (G1 Evacuation Pause) 424M->92M(640M) 10.918ms
[2026-04-03T06:48:30.789+0600][37.288s][info][gc,cpu         ] GC(83) User=0.07s Sys=0.02s Real=0.01s
[2026-04-03T06:48:31.301+0600][37.799s][info][gc,start       ] GC(84) Pause Young (Concurrent Start) (G1 Humongous Allocation)
[2026-04-03T06:48:31.301+0600][37.800s][info][gc,task        ] GC(84) Using 10 workers of 10 for evacuation
[2026-04-03T06:48:31.309+0600][37.807s][info][gc,phases      ] GC(84)   Pre Evacuate Collection Set: 0.75ms
[2026-04-03T06:48:31.309+0600][37.807s][info][gc,phases      ] GC(84)   Merge Heap Roots: 0.28ms
[2026-04-03T06:48:31.309+0600][37.807s][info][gc,phases      ] GC(84)   Evacuate Collection Set: 5.08ms
[2026-04-03T06:48:31.309+0600][37.807s][info][gc,phases      ] GC(84)   Post Evacuate Collection Set: 1.29ms
[2026-04-03T06:48:31.309+0600][37.807s][info][gc,phases      ] GC(84)   Other: 0.17ms
[2026-04-03T06:48:31.309+0600][37.807s][info][gc,heap        ] GC(84) Eden regions: 136->0(187)
[2026-04-03T06:48:31.309+0600][37.807s][info][gc,heap        ] GC(84) Survivor regions: 5->5(24)
[2026-04-03T06:48:31.309+0600][37.807s][info][gc,heap        ] GC(84) Old regions: 40->40
[2026-04-03T06:48:31.309+0600][37.807s][info][gc,heap        ] GC(84) Humongous regions: 103->3
[2026-04-03T06:48:31.309+0600][37.807s][info][gc,metaspace   ] GC(84) Metaspace: 130468K(131904K)->130468K(131904K) NonClass: 113921K(114624K)->113921K(114624K) Class: 16546K(17280K)->16546K(17280K)
[2026-04-03T06:48:31.309+0600][37.807s][info][gc             ] GC(84) Pause Young (Concurrent Start) (G1 Humongous Allocation) 564M->93M(640M) 7.944ms
[2026-04-03T06:48:31.309+0600][37.807s][info][gc             ] GC(85) Concurrent Undo Cycle
[2026-04-03T06:48:31.309+0600][37.808s][info][gc,cpu         ] GC(84) User=0.06s Sys=0.00s Real=0.01s
[2026-04-03T06:48:31.309+0600][37.808s][info][gc,marking     ] GC(85) Concurrent Clear Claimed Marks
[2026-04-03T06:48:31.309+0600][37.808s][info][gc,marking     ] GC(85) Concurrent Clear Claimed Marks 0.350ms
[2026-04-03T06:48:31.309+0600][37.808s][info][gc,marking     ] GC(85) Concurrent Cleanup for Next Mark
[2026-04-03T06:48:31.310+0600][37.808s][info][gc,marking     ] GC(85) Concurrent Cleanup for Next Mark 0.191ms
[2026-04-03T06:48:31.310+0600][37.808s][info][gc             ] GC(85) Concurrent Undo Cycle 0.743ms
[2026-04-03T06:48:31.585+0600][38.083s][info][gc,start       ] GC(86) Pause Young (Concurrent Start) (G1 Humongous Allocation)
[2026-04-03T06:48:31.585+0600][38.084s][info][gc,task        ] GC(86) Using 10 workers of 10 for evacuation
[2026-04-03T06:48:31.594+0600][38.093s][info][gc,phases      ] GC(86)   Pre Evacuate Collection Set: 0.78ms
[2026-04-03T06:48:31.594+0600][38.093s][info][gc,phases      ] GC(86)   Merge Heap Roots: 0.24ms
[2026-04-03T06:48:31.594+0600][38.093s][info][gc,phases      ] GC(86)   Evacuate Collection Set: 5.20ms
[2026-04-03T06:48:31.594+0600][38.093s][info][gc,phases      ] GC(86)   Post Evacuate Collection Set: 2.40ms
[2026-04-03T06:48:31.594+0600][38.093s][info][gc,phases      ] GC(86)   Other: 0.38ms
[2026-04-03T06:48:31.594+0600][38.093s][info][gc,heap        ] GC(86) Eden regions: 57->0(187)
[2026-04-03T06:48:31.594+0600][38.093s][info][gc,heap        ] GC(86) Survivor regions: 5->5(24)
[2026-04-03T06:48:31.594+0600][38.093s][info][gc,heap        ] GC(86) Old regions: 40->40
[2026-04-03T06:48:31.594+0600][38.093s][info][gc,heap        ] GC(86) Humongous regions: 40->3
[2026-04-03T06:48:31.594+0600][38.093s][info][gc,metaspace   ] GC(86) Metaspace: 130510K(131904K)->130510K(131904K) NonClass: 113962K(114624K)->113962K(114624K) Class: 16547K(17280K)->16547K(17280K)
[2026-04-03T06:48:31.594+0600][38.093s][info][gc             ] GC(86) Pause Young (Concurrent Start) (G1 Humongous Allocation) 281M->91M(640M) 9.468ms
[2026-04-03T06:48:31.595+0600][38.093s][info][gc,cpu         ] GC(86) User=0.07s Sys=0.00s Real=0.01s
[2026-04-03T06:48:31.595+0600][38.093s][info][gc             ] GC(87) Concurrent Undo Cycle
[2026-04-03T06:48:31.595+0600][38.093s][info][gc,marking     ] GC(87) Concurrent Clear Claimed Marks
[2026-04-03T06:48:31.595+0600][38.094s][info][gc,marking     ] GC(87) Concurrent Clear Claimed Marks 0.463ms
[2026-04-03T06:48:31.596+0600][38.094s][info][gc,marking     ] GC(87) Concurrent Cleanup for Next Mark
[2026-04-03T06:48:31.596+0600][38.094s][info][gc,marking     ] GC(87) Concurrent Cleanup for Next Mark 0.413ms
[2026-04-03T06:48:31.596+0600][38.094s][info][gc             ] GC(87) Concurrent Undo Cycle 1.423ms
[2026-04-03T06:48:31.890+0600][38.388s][info][gc,start       ] GC(88) Pause Young (Concurrent Start) (G1 Humongous Allocation)
[2026-04-03T06:48:31.890+0600][38.388s][info][gc,task        ] GC(88) Using 10 workers of 10 for evacuation
[2026-04-03T06:48:31.897+0600][38.395s][info][gc,phases      ] GC(88)   Pre Evacuate Collection Set: 0.65ms
[2026-04-03T06:48:31.897+0600][38.395s][info][gc,phases      ] GC(88)   Merge Heap Roots: 0.31ms
[2026-04-03T06:48:31.897+0600][38.395s][info][gc,phases      ] GC(88)   Evacuate Collection Set: 3.93ms
[2026-04-03T06:48:31.897+0600][38.395s][info][gc,phases      ] GC(88)   Post Evacuate Collection Set: 1.12ms
[2026-04-03T06:48:31.897+0600][38.395s][info][gc,phases      ] GC(88)   Other: 0.93ms
[2026-04-03T06:48:31.897+0600][38.395s][info][gc,heap        ] GC(88) Eden regions: 97->0(187)
[2026-04-03T06:48:31.897+0600][38.395s][info][gc,heap        ] GC(88) Survivor regions: 5->5(24)
[2026-04-03T06:48:31.897+0600][38.395s][info][gc,heap        ] GC(88) Old regions: 40->40
[2026-04-03T06:48:31.897+0600][38.395s][info][gc,heap        ] GC(88) Humongous regions: 40->3
[2026-04-03T06:48:31.897+0600][38.395s][info][gc,metaspace   ] GC(88) Metaspace: 130521K(131968K)->130521K(131968K) NonClass: 113973K(114688K)->113973K(114688K) Class: 16548K(17280K)->16548K(17280K)
[2026-04-03T06:48:31.897+0600][38.395s][info][gc             ] GC(88) Pause Young (Concurrent Start) (G1 Humongous Allocation) 358M->91M(640M) 7.321ms
[2026-04-03T06:48:31.897+0600][38.395s][info][gc             ] GC(89) Concurrent Undo Cycle
[2026-04-03T06:48:31.897+0600][38.395s][info][gc,cpu         ] GC(88) User=0.05s Sys=0.00s Real=0.01s
[2026-04-03T06:48:31.897+0600][38.395s][info][gc,marking     ] GC(89) Concurrent Clear Claimed Marks
[2026-04-03T06:48:31.897+0600][38.396s][info][gc,marking     ] GC(89) Concurrent Clear Claimed Marks 0.322ms
[2026-04-03T06:48:31.897+0600][38.396s][info][gc,marking     ] GC(89) Concurrent Cleanup for Next Mark
[2026-04-03T06:48:31.898+0600][38.396s][info][gc,marking     ] GC(89) Concurrent Cleanup for Next Mark 0.595ms
[2026-04-03T06:48:31.898+0600][38.397s][info][gc             ] GC(89) Concurrent Undo Cycle 1.136ms
[2026-04-03T06:48:32.145+0600][38.643s][info][gc,start       ] GC(90) Pause Young (Concurrent Start) (G1 Humongous Allocation)
[2026-04-03T06:48:32.145+0600][38.643s][info][gc,task        ] GC(90) Using 10 workers of 10 for evacuation
[2026-04-03T06:48:32.151+0600][38.649s][info][gc,phases      ] GC(90)   Pre Evacuate Collection Set: 0.51ms
[2026-04-03T06:48:32.151+0600][38.649s][info][gc,phases      ] GC(90)   Merge Heap Roots: 0.24ms
[2026-04-03T06:48:32.151+0600][38.649s][info][gc,phases      ] GC(90)   Evacuate Collection Set: 3.64ms
[2026-04-03T06:48:32.151+0600][38.649s][info][gc,phases      ] GC(90)   Post Evacuate Collection Set: 0.84ms
[2026-04-03T06:48:32.151+0600][38.649s][info][gc,phases      ] GC(90)   Other: 0.59ms
[2026-04-03T06:48:32.151+0600][38.649s][info][gc,heap        ] GC(90) Eden regions: 69->0(187)
[2026-04-03T06:48:32.151+0600][38.649s][info][gc,heap        ] GC(90) Survivor regions: 5->5(24)
[2026-04-03T06:48:32.151+0600][38.649s][info][gc,heap        ] GC(90) Old regions: 40->41
[2026-04-03T06:48:32.151+0600][38.649s][info][gc,heap        ] GC(90) Humongous regions: 41->6
[2026-04-03T06:48:32.151+0600][38.649s][info][gc,metaspace   ] GC(90) Metaspace: 130540K(131968K)->130540K(131968K) NonClass: 113991K(114688K)->113991K(114688K) Class: 16549K(17280K)->16549K(17280K)
[2026-04-03T06:48:32.151+0600][38.650s][info][gc             ] GC(90) Pause Young (Concurrent Start) (G1 Humongous Allocation) 303M->99M(640M) 6.370ms
[2026-04-03T06:48:32.151+0600][38.650s][info][gc             ] GC(91) Concurrent Undo Cycle
[2026-04-03T06:48:32.151+0600][38.650s][info][gc,marking     ] GC(91) Concurrent Clear Claimed Marks
[2026-04-03T06:48:32.151+0600][38.650s][info][gc,cpu         ] GC(90) User=0.04s Sys=0.00s Real=0.00s
[2026-04-03T06:48:32.152+0600][38.650s][info][gc,marking     ] GC(91) Concurrent Clear Claimed Marks 0.361ms
[2026-04-03T06:48:32.152+0600][38.650s][info][gc,marking     ] GC(91) Concurrent Cleanup for Next Mark
[2026-04-03T06:48:32.152+0600][38.650s][info][gc,marking     ] GC(91) Concurrent Cleanup for Next Mark 0.304ms
[2026-04-03T06:48:32.152+0600][38.650s][info][gc             ] GC(91) Concurrent Undo Cycle 0.900ms
[2026-04-03T06:48:32.160+0600][38.658s][info][gc,start       ] GC(92) Pause Young (Concurrent Start) (G1 Humongous Allocation)
[2026-04-03T06:48:32.160+0600][38.658s][info][gc,task        ] GC(92) Using 10 workers of 10 for evacuation
[2026-04-03T06:48:32.165+0600][38.664s][info][gc,phases      ] GC(92)   Pre Evacuate Collection Set: 0.48ms
[2026-04-03T06:48:32.165+0600][38.664s][info][gc,phases      ] GC(92)   Merge Heap Roots: 0.21ms
[2026-04-03T06:48:32.165+0600][38.664s][info][gc,phases      ] GC(92)   Evacuate Collection Set: 3.52ms
[2026-04-03T06:48:32.165+0600][38.664s][info][gc,phases      ] GC(92)   Post Evacuate Collection Set: 0.83ms
[2026-04-03T06:48:32.166+0600][38.664s][info][gc,phases      ] GC(92)   Other: 0.39ms
[2026-04-03T06:48:32.166+0600][38.664s][info][gc,heap        ] GC(92) Eden regions: 3->0(187)
[2026-04-03T06:48:32.166+0600][38.664s][info][gc,heap        ] GC(92) Survivor regions: 5->5(24)
[2026-04-03T06:48:32.166+0600][38.664s][info][gc,heap        ] GC(92) Old regions: 41->41
[2026-04-03T06:48:32.166+0600][38.664s][info][gc,heap        ] GC(92) Humongous regions: 39->6
[2026-04-03T06:48:32.166+0600][38.664s][info][gc,metaspace   ] GC(92) Metaspace: 130540K(131968K)->130540K(131968K) NonClass: 113991K(114688K)->113991K(114688K) Class: 16549K(17280K)->16549K(17280K)
[2026-04-03T06:48:32.166+0600][38.664s][info][gc             ] GC(92) Pause Young (Concurrent Start) (G1 Humongous Allocation) 171M->100M(640M) 5.933ms
[2026-04-03T06:48:32.166+0600][38.664s][info][gc,cpu         ] GC(92) User=0.04s Sys=0.01s Real=0.01s
[2026-04-03T06:48:32.166+0600][38.664s][info][gc             ] GC(93) Concurrent Undo Cycle
[2026-04-03T06:48:32.166+0600][38.664s][info][gc,marking     ] GC(93) Concurrent Clear Claimed Marks
[2026-04-03T06:48:32.166+0600][38.665s][info][gc,marking     ] GC(93) Concurrent Clear Claimed Marks 0.379ms
[2026-04-03T06:48:32.166+0600][38.665s][info][gc,marking     ] GC(93) Concurrent Cleanup for Next Mark
[2026-04-03T06:48:32.167+0600][38.665s][info][gc,marking     ] GC(93) Concurrent Cleanup for Next Mark 0.275ms
[2026-04-03T06:48:32.167+0600][38.665s][info][gc             ] GC(93) Concurrent Undo Cycle 0.915ms
[2026-04-03T06:48:32.174+0600][38.673s][info][gc,start       ] GC(94) Pause Young (Concurrent Start) (G1 Humongous Allocation)
[2026-04-03T06:48:32.174+0600][38.673s][info][gc,task        ] GC(94) Using 10 workers of 10 for evacuation
[2026-04-03T06:48:32.179+0600][38.678s][info][gc,phases      ] GC(94)   Pre Evacuate Collection Set: 0.49ms
[2026-04-03T06:48:32.179+0600][38.678s][info][gc,phases      ] GC(94)   Merge Heap Roots: 0.14ms
[2026-04-03T06:48:32.179+0600][38.678s][info][gc,phases      ] GC(94)   Evacuate Collection Set: 3.32ms
[2026-04-03T06:48:32.179+0600][38.678s][info][gc,phases      ] GC(94)   Post Evacuate Collection Set: 0.68ms
[2026-04-03T06:48:32.179+0600][38.678s][info][gc,phases      ] GC(94)   Other: 0.21ms
[2026-04-03T06:48:32.179+0600][38.678s][info][gc,heap        ] GC(94) Eden regions: 4->0(187)
[2026-04-03T06:48:32.179+0600][38.678s][info][gc,heap        ] GC(94) Survivor regions: 5->5(24)
[2026-04-03T06:48:32.179+0600][38.678s][info][gc,heap        ] GC(94) Old regions: 41->41
[2026-04-03T06:48:32.179+0600][38.678s][info][gc,heap        ] GC(94) Humongous regions: 39->9
[2026-04-03T06:48:32.179+0600][38.678s][info][gc,metaspace   ] GC(94) Metaspace: 130540K(131968K)->130540K(131968K) NonClass: 113991K(114688K)->113991K(114688K) Class: 16549K(17280K)->16549K(17280K)
[2026-04-03T06:48:32.179+0600][38.678s][info][gc             ] GC(94) Pause Young (Concurrent Start) (G1 Humongous Allocation) 172M->107M(640M) 5.321ms
[2026-04-03T06:48:32.180+0600][38.678s][info][gc,cpu         ] GC(94) User=0.04s Sys=0.00s Real=0.00s
[2026-04-03T06:48:32.180+0600][38.678s][info][gc             ] GC(95) Concurrent Undo Cycle
[2026-04-03T06:48:32.180+0600][38.678s][info][gc,marking     ] GC(95) Concurrent Clear Claimed Marks
[2026-04-03T06:48:32.180+0600][38.679s][info][gc,marking     ] GC(95) Concurrent Clear Claimed Marks 0.402ms
[2026-04-03T06:48:32.180+0600][38.679s][info][gc,marking     ] GC(95) Concurrent Cleanup for Next Mark
[2026-04-03T06:48:32.180+0600][38.679s][info][gc,marking     ] GC(95) Concurrent Cleanup for Next Mark 0.287ms
[2026-04-03T06:48:32.181+0600][38.679s][info][gc             ] GC(95) Concurrent Undo Cycle 0.990ms
[2026-04-03T06:48:32.181+0600][38.679s][info][gc,start       ] GC(96) Pause Young (Concurrent Start) (G1 Humongous Allocation)
[2026-04-03T06:48:32.181+0600][38.679s][info][gc,task        ] GC(96) Using 10 workers of 10 for evacuation
[2026-04-03T06:48:32.186+0600][38.685s][info][gc,phases      ] GC(96)   Pre Evacuate Collection Set: 0.46ms
[2026-04-03T06:48:32.187+0600][38.685s][info][gc,phases      ] GC(96)   Merge Heap Roots: 0.20ms
[2026-04-03T06:48:32.187+0600][38.685s][info][gc,phases      ] GC(96)   Evacuate Collection Set: 3.61ms
[2026-04-03T06:48:32.187+0600][38.685s][info][gc,phases      ] GC(96)   Post Evacuate Collection Set: 1.01ms
[2026-04-03T06:48:32.187+0600][38.685s][info][gc,phases      ] GC(96)   Other: 0.24ms
[2026-04-03T06:48:32.187+0600][38.685s][info][gc,heap        ] GC(96) Eden regions: 2->0(187)
[2026-04-03T06:48:32.187+0600][38.685s][info][gc,heap        ] GC(96) Survivor regions: 5->5(24)
[2026-04-03T06:48:32.187+0600][38.685s][info][gc,heap        ] GC(96) Old regions: 41->41
[2026-04-03T06:48:32.187+0600][38.685s][info][gc,heap        ] GC(96) Humongous regions: 12->6
[2026-04-03T06:48:32.187+0600][38.685s][info][gc,metaspace   ] GC(96) Metaspace: 130540K(131968K)->130540K(131968K) NonClass: 113991K(114688K)->113991K(114688K) Class: 16549K(17280K)->16549K(17280K)
[2026-04-03T06:48:32.187+0600][38.685s][info][gc             ] GC(96) Pause Young (Concurrent Start) (G1 Humongous Allocation) 116M->101M(640M) 5.977ms
[2026-04-03T06:48:32.187+0600][38.685s][info][gc             ] GC(97) Concurrent Mark Cycle
[2026-04-03T06:48:32.187+0600][38.686s][info][gc,marking     ] GC(97) Concurrent Scan Root Regions
[2026-04-03T06:48:32.187+0600][38.685s][info][gc,cpu         ] GC(96) User=0.03s Sys=0.01s Real=0.01s
[2026-04-03T06:48:32.192+0600][38.691s][info][gc,marking     ] GC(97) Concurrent Scan Root Regions 4.998ms
[2026-04-03T06:48:32.192+0600][38.691s][info][gc,marking     ] GC(97) Concurrent Mark
[2026-04-03T06:48:32.192+0600][38.691s][info][gc,marking     ] GC(97) Concurrent Mark From Roots
[2026-04-03T06:48:32.192+0600][38.691s][info][gc,task        ] GC(97) Using 3 workers of 3 for marking
[2026-04-03T06:48:32.286+0600][38.785s][info][gc,marking     ] GC(97) Concurrent Mark From Roots 93.919ms
[2026-04-03T06:48:32.286+0600][38.785s][info][gc,marking     ] GC(97) Concurrent Preclean
[2026-04-03T06:48:32.288+0600][38.786s][info][gc,marking     ] GC(97) Concurrent Preclean 1.108ms
[2026-04-03T06:48:32.288+0600][38.786s][info][gc,start       ] GC(97) Pause Remark
[2026-04-03T06:48:32.312+0600][38.811s][info][gc             ] GC(97) Pause Remark 405M->405M(640M) 24.394ms
[2026-04-03T06:48:32.313+0600][38.811s][info][gc,cpu         ] GC(97) User=0.20s Sys=0.00s Real=0.02s
[2026-04-03T06:48:32.313+0600][38.811s][info][gc,marking     ] GC(97) Concurrent Mark 120.585ms
[2026-04-03T06:48:32.313+0600][38.811s][info][gc,marking     ] GC(97) Concurrent Rebuild Remembered Sets and Scrub Regions
[2026-04-03T06:48:32.348+0600][38.846s][info][gc,marking     ] GC(97) Concurrent Rebuild Remembered Sets and Scrub Regions 34.927ms
[2026-04-03T06:48:32.348+0600][38.847s][info][gc,start       ] GC(97) Pause Cleanup
[2026-04-03T06:48:32.349+0600][38.847s][info][gc             ] GC(97) Pause Cleanup 413M->413M(640M) 0.431ms
[2026-04-03T06:48:32.349+0600][38.847s][info][gc,cpu         ] GC(97) User=0.00s Sys=0.00s Real=0.00s
[2026-04-03T06:48:32.349+0600][38.848s][info][gc,marking     ] GC(97) Concurrent Clear Claimed Marks
[2026-04-03T06:48:32.350+0600][38.848s][info][gc,marking     ] GC(97) Concurrent Clear Claimed Marks 0.429ms
[2026-04-03T06:48:32.350+0600][38.848s][info][gc,marking     ] GC(97) Concurrent Cleanup for Next Mark
[2026-04-03T06:48:32.352+0600][38.851s][info][gc,marking     ] GC(97) Concurrent Cleanup for Next Mark 2.645ms
[2026-04-03T06:48:32.352+0600][38.851s][info][gc             ] GC(97) Concurrent Mark Cycle 165.430ms
[2026-04-03T06:48:32.432+0600][38.931s][info][gc,start       ] GC(98) Pause Young (Prepare Mixed) (G1 Evacuation Pause)
[2026-04-03T06:48:32.433+0600][38.931s][info][gc,task        ] GC(98) Using 10 workers of 10 for evacuation
[2026-04-03T06:48:32.440+0600][38.938s][info][gc,phases      ] GC(98)   Pre Evacuate Collection Set: 0.40ms
[2026-04-03T06:48:32.440+0600][38.938s][info][gc,phases      ] GC(98)   Merge Heap Roots: 0.21ms
[2026-04-03T06:48:32.440+0600][38.938s][info][gc,phases      ] GC(98)   Evacuate Collection Set: 5.34ms
[2026-04-03T06:48:32.440+0600][38.938s][info][gc,phases      ] GC(98)   Post Evacuate Collection Set: 0.95ms
[2026-04-03T06:48:32.440+0600][38.938s][info][gc,phases      ] GC(98)   Other: 0.10ms
[2026-04-03T06:48:32.440+0600][38.938s][info][gc,heap        ] GC(98) Eden regions: 37->0(232)
[2026-04-03T06:48:32.440+0600][38.938s][info][gc,heap        ] GC(98) Survivor regions: 5->5(24)
[2026-04-03T06:48:32.440+0600][38.938s][info][gc,heap        ] GC(98) Old regions: 41->42
[2026-04-03T06:48:32.440+0600][38.938s][info][gc,heap        ] GC(98) Humongous regions: 307->12
[2026-04-03T06:48:32.440+0600][38.938s][info][gc,metaspace   ] GC(98) Metaspace: 130542K(131968K)->130542K(131968K) NonClass: 113998K(114688K)->113998K(114688K) Class: 16544K(17280K)->16544K(17280K)
[2026-04-03T06:48:32.440+0600][38.938s][info][gc             ] GC(98) Pause Young (Prepare Mixed) (G1 Evacuation Pause) 777M->113M(792M) 7.324ms
[2026-04-03T06:48:32.440+0600][38.938s][info][gc,cpu         ] GC(98) User=0.04s Sys=0.01s Real=0.01s
[2026-04-03T06:48:33.317+0600][39.815s][info][gc,start       ] GC(99) Pause Young (Mixed) (GCLocker Initiated GC)
[2026-04-03T06:48:33.317+0600][39.816s][info][gc,task        ] GC(99) Using 10 workers of 10 for evacuation
[2026-04-03T06:48:33.329+0600][39.828s][info][gc,phases      ] GC(99)   Pre Evacuate Collection Set: 0.50ms
[2026-04-03T06:48:33.329+0600][39.828s][info][gc,phases      ] GC(99)   Merge Heap Roots: 0.28ms
[2026-04-03T06:48:33.329+0600][39.828s][info][gc,phases      ] GC(99)   Evacuate Collection Set: 7.17ms
[2026-04-03T06:48:33.329+0600][39.828s][info][gc,phases      ] GC(99)   Post Evacuate Collection Set: 4.13ms
[2026-04-03T06:48:33.329+0600][39.828s][info][gc,phases      ] GC(99)   Other: 0.17ms
[2026-04-03T06:48:33.329+0600][39.828s][info][gc,heap        ] GC(99) Eden regions: 201->0(493)
[2026-04-03T06:48:33.329+0600][39.828s][info][gc,heap        ] GC(99) Survivor regions: 5->6(30)
[2026-04-03T06:48:33.330+0600][39.828s][info][gc,heap        ] GC(99) Old regions: 42->42
[2026-04-03T06:48:33.330+0600][39.828s][info][gc,heap        ] GC(99) Humongous regions: 148->3
[2026-04-03T06:48:33.330+0600][39.828s][info][gc,metaspace   ] GC(99) Metaspace: 130608K(132096K)->130608K(132096K) NonClass: 114062K(114816K)->114062K(114816K) Class: 16545K(17280K)->16545K(17280K)
[2026-04-03T06:48:33.330+0600][39.828s][info][gc             ] GC(99) Pause Young (Mixed) (GCLocker Initiated GC) 787M->98M(1666M) 12.598ms
[2026-04-03T06:48:33.330+0600][39.828s][info][gc,cpu         ] GC(99) User=0.06s Sys=0.03s Real=0.01s
[2026-04-03T06:48:35.215+0600][41.714s][info][gc,start       ] GC(100) Pause Young (Normal) (G1 Evacuation Pause)
[2026-04-03T06:48:35.215+0600][41.714s][info][gc,task        ] GC(100) Using 10 workers of 10 for evacuation
[2026-04-03T06:48:35.225+0600][41.723s][info][gc,phases      ] GC(100)   Pre Evacuate Collection Set: 0.43ms
[2026-04-03T06:48:35.225+0600][41.723s][info][gc,phases      ] GC(100)   Merge Heap Roots: 0.43ms
[2026-04-03T06:48:35.225+0600][41.723s][info][gc,phases      ] GC(100)   Evacuate Collection Set: 6.43ms
[2026-04-03T06:48:35.225+0600][41.723s][info][gc,phases      ] GC(100)   Post Evacuate Collection Set: 1.76ms
[2026-04-03T06:48:35.225+0600][41.723s][info][gc,phases      ] GC(100)   Other: 0.18ms
[2026-04-03T06:48:35.225+0600][41.723s][info][gc,heap        ] GC(100) Eden regions: 458->0(497)
[2026-04-03T06:48:35.225+0600][41.723s][info][gc,heap        ] GC(100) Survivor regions: 6->6(63)
[2026-04-03T06:48:35.225+0600][41.723s][info][gc,heap        ] GC(100) Old regions: 42->42
[2026-04-03T06:48:35.225+0600][41.723s][info][gc,heap        ] GC(100) Humongous regions: 327->3
[2026-04-03T06:48:35.225+0600][41.723s][info][gc,metaspace   ] GC(100) Metaspace: 130713K(132160K)->130713K(132160K) NonClass: 114166K(114880K)->114166K(114880K) Class: 16546K(17280K)->16546K(17280K)
[2026-04-03T06:48:35.225+0600][41.723s][info][gc             ] GC(100) Pause Young (Normal) (G1 Evacuation Pause) 1662M->99M(1678M) 9.613ms
[2026-04-03T06:48:35.225+0600][41.723s][info][gc,cpu         ] GC(100) User=0.04s Sys=0.02s Real=0.01s
[2026-04-03T06:48:35.660+0600][42.158s][info][gc,start       ] GC(101) Pause Young (Concurrent Start) (G1 Humongous Allocation)
[2026-04-03T06:48:35.660+0600][42.158s][info][gc,task        ] GC(101) Using 10 workers of 10 for evacuation
[2026-04-03T06:48:35.667+0600][42.165s][info][gc,phases      ] GC(101)   Pre Evacuate Collection Set: 0.68ms
[2026-04-03T06:48:35.667+0600][42.166s][info][gc,phases      ] GC(101)   Merge Heap Roots: 0.29ms
[2026-04-03T06:48:35.667+0600][42.166s][info][gc,phases      ] GC(101)   Evacuate Collection Set: 4.27ms
[2026-04-03T06:48:35.667+0600][42.166s][info][gc,phases      ] GC(101)   Post Evacuate Collection Set: 1.84ms
[2026-04-03T06:48:35.667+0600][42.166s][info][gc,phases      ] GC(101)   Other: 0.18ms
[2026-04-03T06:48:35.667+0600][42.166s][info][gc,heap        ] GC(101) Eden regions: 150->0(498)
[2026-04-03T06:48:35.667+0600][42.166s][info][gc,heap        ] GC(101) Survivor regions: 6->5(63)
[2026-04-03T06:48:35.667+0600][42.166s][info][gc,heap        ] GC(101) Old regions: 42->42
[2026-04-03T06:48:35.667+0600][42.166s][info][gc,heap        ] GC(101) Humongous regions: 98->3
[2026-04-03T06:48:35.667+0600][42.166s][info][gc,metaspace   ] GC(101) Metaspace: 130733K(132224K)->130733K(132224K) NonClass: 114186K(114944K)->114186K(114944K) Class: 16546K(17280K)->16546K(17280K)
[2026-04-03T06:48:35.667+0600][42.166s][info][gc             ] GC(101) Pause Young (Concurrent Start) (G1 Humongous Allocation) 588M->97M(1678M) 7.699ms
[2026-04-03T06:48:35.667+0600][42.166s][info][gc,cpu         ] GC(101) User=0.04s Sys=0.00s Real=0.01s
[2026-04-03T06:48:35.667+0600][42.166s][info][gc             ] GC(102) Concurrent Undo Cycle
[2026-04-03T06:48:35.668+0600][42.166s][info][gc,marking     ] GC(102) Concurrent Clear Claimed Marks
[2026-04-03T06:48:35.668+0600][42.166s][info][gc,marking     ] GC(102) Concurrent Clear Claimed Marks 0.315ms
[2026-04-03T06:48:35.668+0600][42.166s][info][gc,marking     ] GC(102) Concurrent Cleanup for Next Mark
[2026-04-03T06:48:35.668+0600][42.167s][info][gc,marking     ] GC(102) Concurrent Cleanup for Next Mark 0.311ms
[2026-04-03T06:48:35.668+0600][42.167s][info][gc             ] GC(102) Concurrent Undo Cycle 0.831ms
[2026-04-03T06:48:36.252+0600][42.751s][info][gc,start       ] GC(103) Pause Young (Concurrent Start) (G1 Humongous Allocation)
[2026-04-03T06:48:36.252+0600][42.751s][info][gc,task        ] GC(103) Using 10 workers of 10 for evacuation
[2026-04-03T06:48:36.258+0600][42.756s][info][gc,phases      ] GC(103)   Pre Evacuate Collection Set: 0.50ms
[2026-04-03T06:48:36.258+0600][42.756s][info][gc,phases      ] GC(103)   Merge Heap Roots: 0.22ms
[2026-04-03T06:48:36.258+0600][42.756s][info][gc,phases      ] GC(103)   Evacuate Collection Set: 3.62ms
[2026-04-03T06:48:36.258+0600][42.756s][info][gc,phases      ] GC(103)   Post Evacuate Collection Set: 1.07ms
[2026-04-03T06:48:36.258+0600][42.757s][info][gc,phases      ] GC(103)   Other: 0.19ms
[2026-04-03T06:48:36.258+0600][42.757s][info][gc,heap        ] GC(103) Eden regions: 172->0(497)
[2026-04-03T06:48:36.258+0600][42.757s][info][gc,heap        ] GC(103) Survivor regions: 5->6(63)
[2026-04-03T06:48:36.258+0600][42.757s][info][gc,heap        ] GC(103) Old regions: 42->42
[2026-04-03T06:48:36.258+0600][42.757s][info][gc,heap        ] GC(103) Humongous regions: 102->6
[2026-04-03T06:48:36.258+0600][42.757s][info][gc,metaspace   ] GC(103) Metaspace: 130755K(132224K)->130755K(132224K) NonClass: 114208K(114944K)->114208K(114944K) Class: 16546K(17280K)->16546K(17280K)
[2026-04-03T06:48:36.258+0600][42.757s][info][gc             ] GC(103) Pause Young (Concurrent Start) (G1 Humongous Allocation) 638M->106M(1678M) 5.949ms
[2026-04-03T06:48:36.258+0600][42.757s][info][gc             ] GC(104) Concurrent Undo Cycle
[2026-04-03T06:48:36.258+0600][42.757s][info][gc,marking     ] GC(104) Concurrent Clear Claimed Marks
[2026-04-03T06:48:36.258+0600][42.757s][info][gc,cpu         ] GC(103) User=0.04s Sys=0.00s Real=0.01s
[2026-04-03T06:48:36.259+0600][42.757s][info][gc,marking     ] GC(104) Concurrent Clear Claimed Marks 0.281ms
[2026-04-03T06:48:36.259+0600][42.757s][info][gc,marking     ] GC(104) Concurrent Cleanup for Next Mark
[2026-04-03T06:48:36.260+0600][42.758s][info][gc,marking     ] GC(104) Concurrent Cleanup for Next Mark 1.120ms
[2026-04-03T06:48:36.260+0600][42.758s][info][gc             ] GC(104) Concurrent Undo Cycle 1.781ms
[2026-04-03T06:48:36.281+0600][42.779s][info][gc,start       ] GC(105) Pause Young (Concurrent Start) (G1 Humongous Allocation)
[2026-04-03T06:48:36.281+0600][42.779s][info][gc,task        ] GC(105) Using 10 workers of 10 for evacuation
[2026-04-03T06:48:36.287+0600][42.785s][info][gc,phases      ] GC(105)   Pre Evacuate Collection Set: 0.51ms
[2026-04-03T06:48:36.287+0600][42.785s][info][gc,phases      ] GC(105)   Merge Heap Roots: 0.21ms
[2026-04-03T06:48:36.287+0600][42.785s][info][gc,phases      ] GC(105)   Evacuate Collection Set: 3.94ms
[2026-04-03T06:48:36.287+0600][42.785s][info][gc,phases      ] GC(105)   Post Evacuate Collection Set: 0.78ms
[2026-04-03T06:48:36.287+0600][42.785s][info][gc,phases      ] GC(105)   Other: 0.28ms
[2026-04-03T06:48:36.287+0600][42.785s][info][gc,heap        ] GC(105) Eden regions: 12->0(496)
[2026-04-03T06:48:36.287+0600][42.785s][info][gc,heap        ] GC(105) Survivor regions: 6->7(63)
[2026-04-03T06:48:36.287+0600][42.785s][info][gc,heap        ] GC(105) Old regions: 42->43
[2026-04-03T06:48:36.287+0600][42.785s][info][gc,heap        ] GC(105) Humongous regions: 108->9
[2026-04-03T06:48:36.287+0600][42.785s][info][gc,metaspace   ] GC(105) Metaspace: 130755K(132224K)->130755K(132224K) NonClass: 114208K(114944K)->114208K(114944K) Class: 16546K(17280K)->16546K(17280K)
[2026-04-03T06:48:36.287+0600][42.785s][info][gc             ] GC(105) Pause Young (Concurrent Start) (G1 Humongous Allocation) 332M->113M(1678M) 6.164ms
[2026-04-03T06:48:36.287+0600][42.785s][info][gc             ] GC(106) Concurrent Undo Cycle
[2026-04-03T06:48:36.287+0600][42.785s][info][gc,cpu         ] GC(105) User=0.04s Sys=0.00s Real=0.01s
[2026-04-03T06:48:36.287+0600][42.786s][info][gc,marking     ] GC(106) Concurrent Clear Claimed Marks
[2026-04-03T06:48:36.287+0600][42.786s][info][gc,marking     ] GC(106) Concurrent Clear Claimed Marks 0.351ms
[2026-04-03T06:48:36.287+0600][42.786s][info][gc,marking     ] GC(106) Concurrent Cleanup for Next Mark
[2026-04-03T06:48:36.288+0600][42.786s][info][gc,marking     ] GC(106) Concurrent Cleanup for Next Mark 0.332ms
[2026-04-03T06:48:36.288+0600][42.786s][info][gc             ] GC(106) Concurrent Undo Cycle 0.894ms
[2026-04-03T06:48:36.346+0600][42.845s][info][gc,start       ] GC(107) Pause Young (Concurrent Start) (G1 Humongous Allocation)
[2026-04-03T06:48:36.347+0600][42.845s][info][gc,task        ] GC(107) Using 10 workers of 10 for evacuation
[2026-04-03T06:48:36.353+0600][42.851s][info][gc,phases      ] GC(107)   Pre Evacuate Collection Set: 0.75ms
[2026-04-03T06:48:36.353+0600][42.851s][info][gc,phases      ] GC(107)   Merge Heap Roots: 0.23ms
[2026-04-03T06:48:36.353+0600][42.851s][info][gc,phases      ] GC(107)   Evacuate Collection Set: 3.96ms
[2026-04-03T06:48:36.353+0600][42.851s][info][gc,phases      ] GC(107)   Post Evacuate Collection Set: 0.61ms
[2026-04-03T06:48:36.353+0600][42.851s][info][gc,phases      ] GC(107)   Other: 0.40ms
[2026-04-03T06:48:36.353+0600][42.851s][info][gc,heap        ] GC(107) Eden regions: 25->0(498)
[2026-04-03T06:48:36.353+0600][42.851s][info][gc,heap        ] GC(107) Survivor regions: 7->5(63)
[2026-04-03T06:48:36.353+0600][42.851s][info][gc,heap        ] GC(107) Old regions: 43->43
[2026-04-03T06:48:36.353+0600][42.851s][info][gc,heap        ] GC(107) Humongous regions: 84->5
[2026-04-03T06:48:36.353+0600][42.851s][info][gc,metaspace   ] GC(107) Metaspace: 130760K(132224K)->130760K(132224K) NonClass: 114213K(114944K)->114213K(114944K) Class: 16546K(17280K)->16546K(17280K)
[2026-04-03T06:48:36.353+0600][42.851s][info][gc             ] GC(107) Pause Young (Concurrent Start) (G1 Humongous Allocation) 313M->102M(1678M) 6.379ms
[2026-04-03T06:48:36.353+0600][42.851s][info][gc             ] GC(108) Concurrent Undo Cycle
[2026-04-03T06:48:36.353+0600][42.851s][info][gc,cpu         ] GC(107) User=0.05s Sys=0.00s Real=0.00s
[2026-04-03T06:48:36.353+0600][42.851s][info][gc,marking     ] GC(108) Concurrent Clear Claimed Marks
[2026-04-03T06:48:36.353+0600][42.852s][info][gc,marking     ] GC(108) Concurrent Clear Claimed Marks 0.310ms
[2026-04-03T06:48:36.353+0600][42.852s][info][gc,marking     ] GC(108) Concurrent Cleanup for Next Mark
[2026-04-03T06:48:36.354+0600][42.852s][info][gc,marking     ] GC(108) Concurrent Cleanup for Next Mark 0.343ms
[2026-04-03T06:48:36.354+0600][42.852s][info][gc             ] GC(108) Concurrent Undo Cycle 0.900ms
[2026-04-03T06:48:36.410+0600][42.908s][info][gc,start       ] GC(109) Pause Young (Concurrent Start) (G1 Humongous Allocation)
[2026-04-03T06:48:36.410+0600][42.909s][info][gc,task        ] GC(109) Using 10 workers of 10 for evacuation
[2026-04-03T06:48:36.416+0600][42.914s][info][gc,phases      ] GC(109)   Pre Evacuate Collection Set: 0.69ms
[2026-04-03T06:48:36.416+0600][42.914s][info][gc,phases      ] GC(109)   Merge Heap Roots: 0.20ms
[2026-04-03T06:48:36.416+0600][42.914s][info][gc,phases      ] GC(109)   Evacuate Collection Set: 3.53ms
[2026-04-03T06:48:36.416+0600][42.914s][info][gc,phases      ] GC(109)   Post Evacuate Collection Set: 0.86ms
[2026-04-03T06:48:36.416+0600][42.914s][info][gc,phases      ] GC(109)   Other: 0.41ms
[2026-04-03T06:48:36.416+0600][42.914s][info][gc,heap        ] GC(109) Eden regions: 13->0(497)
[2026-04-03T06:48:36.416+0600][42.914s][info][gc,heap        ] GC(109) Survivor regions: 5->6(63)
[2026-04-03T06:48:36.416+0600][42.914s][info][gc,heap        ] GC(109) Old regions: 43->43
[2026-04-03T06:48:36.416+0600][42.914s][info][gc,heap        ] GC(109) Humongous regions: 89->3
[2026-04-03T06:48:36.416+0600][42.914s][info][gc,metaspace   ] GC(109) Metaspace: 130780K(132224K)->130780K(132224K) NonClass: 114233K(114944K)->114233K(114944K) Class: 16547K(17280K)->16547K(17280K)
[2026-04-03T06:48:36.416+0600][42.915s][info][gc             ] GC(109) Pause Young (Concurrent Start) (G1 Humongous Allocation) 296M->100M(1678M) 6.081ms
[2026-04-03T06:48:36.416+0600][42.915s][info][gc             ] GC(110) Concurrent Undo Cycle
[2026-04-03T06:48:36.416+0600][42.915s][info][gc,cpu         ] GC(109) User=0.04s Sys=0.00s Real=0.01s
[2026-04-03T06:48:36.416+0600][42.915s][info][gc,marking     ] GC(110) Concurrent Clear Claimed Marks
[2026-04-03T06:48:36.417+0600][42.915s][info][gc,marking     ] GC(110) Concurrent Clear Claimed Marks 0.413ms
[2026-04-03T06:48:36.417+0600][42.915s][info][gc,marking     ] GC(110) Concurrent Cleanup for Next Mark
[2026-04-03T06:48:36.418+0600][42.917s][info][gc,marking     ] GC(110) Concurrent Cleanup for Next Mark 1.483ms
[2026-04-03T06:48:36.418+0600][42.917s][info][gc             ] GC(110) Concurrent Undo Cycle 2.386ms
[2026-04-03T06:48:36.431+0600][42.930s][info][gc,start       ] GC(111) Pause Young (Concurrent Start) (G1 Humongous Allocation)
[2026-04-03T06:48:36.431+0600][42.930s][info][gc,task        ] GC(111) Using 10 workers of 10 for evacuation
[2026-04-03T06:48:36.437+0600][42.935s][info][gc,phases      ] GC(111)   Pre Evacuate Collection Set: 0.60ms
[2026-04-03T06:48:36.437+0600][42.935s][info][gc,phases      ] GC(111)   Merge Heap Roots: 0.14ms
[2026-04-03T06:48:36.437+0600][42.935s][info][gc,phases      ] GC(111)   Evacuate Collection Set: 3.43ms
[2026-04-03T06:48:36.437+0600][42.935s][info][gc,phases      ] GC(111)   Post Evacuate Collection Set: 1.00ms
[2026-04-03T06:48:36.437+0600][42.935s][info][gc,phases      ] GC(111)   Other: 0.21ms
[2026-04-03T06:48:36.437+0600][42.935s][info][gc,heap        ] GC(111) Eden regions: 5->0(497)
[2026-04-03T06:48:36.437+0600][42.935s][info][gc,heap        ] GC(111) Survivor regions: 6->6(63)
[2026-04-03T06:48:36.437+0600][42.935s][info][gc,heap        ] GC(111) Old regions: 43->43
[2026-04-03T06:48:36.437+0600][42.935s][info][gc,heap        ] GC(111) Humongous regions: 94->6
[2026-04-03T06:48:36.437+0600][42.935s][info][gc,metaspace   ] GC(111) Metaspace: 130780K(132224K)->130780K(132224K) NonClass: 114233K(114944K)->114233K(114944K) Class: 16547K(17280K)->16547K(17280K)
[2026-04-03T06:48:36.437+0600][42.935s][info][gc             ] GC(111) Pause Young (Concurrent Start) (G1 Humongous Allocation) 291M->106M(1678M) 5.887ms
[2026-04-03T06:48:36.437+0600][42.936s][info][gc             ] GC(112) Concurrent Undo Cycle
[2026-04-03T06:48:36.437+0600][42.936s][info][gc,cpu         ] GC(111) User=0.03s Sys=0.00s Real=0.01s
[2026-04-03T06:48:36.437+0600][42.936s][info][gc,marking     ] GC(112) Concurrent Clear Claimed Marks
[2026-04-03T06:48:36.438+0600][42.936s][info][gc,marking     ] GC(112) Concurrent Clear Claimed Marks 0.362ms
[2026-04-03T06:48:36.438+0600][42.936s][info][gc,marking     ] GC(112) Concurrent Cleanup for Next Mark
[2026-04-03T06:48:36.438+0600][42.936s][info][gc,marking     ] GC(112) Concurrent Cleanup for Next Mark 0.427ms
[2026-04-03T06:48:36.438+0600][42.937s][info][gc             ] GC(112) Concurrent Undo Cycle 1.030ms
[2026-04-03T06:48:36.550+0600][43.048s][info][gc,start       ] GC(113) Pause Young (Concurrent Start) (G1 Humongous Allocation)
[2026-04-03T06:48:36.550+0600][43.048s][info][gc,task        ] GC(113) Using 10 workers of 10 for evacuation
[2026-04-03T06:48:36.559+0600][43.057s][info][gc,phases      ] GC(113)   Pre Evacuate Collection Set: 0.56ms
[2026-04-03T06:48:36.559+0600][43.057s][info][gc,phases      ] GC(113)   Merge Heap Roots: 0.16ms
[2026-04-03T06:48:36.559+0600][43.057s][info][gc,phases      ] GC(113)   Evacuate Collection Set: 3.37ms
[2026-04-03T06:48:36.559+0600][43.057s][info][gc,phases      ] GC(113)   Post Evacuate Collection Set: 4.37ms
[2026-04-03T06:48:36.559+0600][43.057s][info][gc,phases      ] GC(113)   Other: 0.16ms
[2026-04-03T06:48:36.559+0600][43.057s][info][gc,heap        ] GC(113) Eden regions: 39->0(633)
[2026-04-03T06:48:36.559+0600][43.057s][info][gc,heap        ] GC(113) Survivor regions: 6->5(63)
[2026-04-03T06:48:36.559+0600][43.057s][info][gc,heap        ] GC(113) Old regions: 43->43
[2026-04-03T06:48:36.559+0600][43.057s][info][gc,heap        ] GC(113) Humongous regions: 56->3
[2026-04-03T06:48:36.559+0600][43.057s][info][gc,metaspace   ] GC(113) Metaspace: 130788K(132224K)->130788K(132224K) NonClass: 114241K(114944K)->114241K(114944K) Class: 16547K(17280K)->16547K(17280K)
[2026-04-03T06:48:36.559+0600][43.057s][info][gc             ] GC(113) Pause Young (Concurrent Start) (G1 Humongous Allocation) 283M->98M(2128M) 9.072ms
[2026-04-03T06:48:36.559+0600][43.058s][info][gc             ] GC(114) Concurrent Undo Cycle
[2026-04-03T06:48:36.559+0600][43.058s][info][gc,cpu         ] GC(113) User=0.04s Sys=0.01s Real=0.01s
[2026-04-03T06:48:36.559+0600][43.058s][info][gc,marking     ] GC(114) Concurrent Clear Claimed Marks
[2026-04-03T06:48:36.560+0600][43.058s][info][gc,marking     ] GC(114) Concurrent Clear Claimed Marks 0.351ms
[2026-04-03T06:48:36.560+0600][43.058s][info][gc,marking     ] GC(114) Concurrent Cleanup for Next Mark
[2026-04-03T06:48:36.560+0600][43.058s][info][gc,marking     ] GC(114) Concurrent Cleanup for Next Mark 0.413ms
[2026-04-03T06:48:36.560+0600][43.059s][info][gc             ] GC(114) Concurrent Undo Cycle 1.034ms
[2026-04-03T06:48:37.534+0600][44.032s][info][gc,start       ] GC(115) Pause Young (Concurrent Start) (G1 Humongous Allocation)
[2026-04-03T06:48:37.534+0600][44.032s][info][gc,task        ] GC(115) Using 10 workers of 10 for evacuation
[2026-04-03T06:48:37.542+0600][44.040s][info][gc,phases      ] GC(115)   Pre Evacuate Collection Set: 0.60ms
[2026-04-03T06:48:37.542+0600][44.040s][info][gc,phases      ] GC(115)   Merge Heap Roots: 0.25ms
[2026-04-03T06:48:37.542+0600][44.040s][info][gc,phases      ] GC(115)   Evacuate Collection Set: 5.70ms
[2026-04-03T06:48:37.542+0600][44.040s][info][gc,phases      ] GC(115)   Post Evacuate Collection Set: 1.17ms
[2026-04-03T06:48:37.542+0600][44.040s][info][gc,phases      ] GC(115)   Other: 0.27ms
[2026-04-03T06:48:37.542+0600][44.040s][info][gc,heap        ] GC(115) Eden regions: 222->0(632)
[2026-04-03T06:48:37.542+0600][44.040s][info][gc,heap        ] GC(115) Survivor regions: 5->6(80)
[2026-04-03T06:48:37.542+0600][44.040s][info][gc,heap        ] GC(115) Old regions: 43->43
[2026-04-03T06:48:37.542+0600][44.040s][info][gc,heap        ] GC(115) Humongous regions: 141->3
[2026-04-03T06:48:37.542+0600][44.040s][info][gc,metaspace   ] GC(115) Metaspace: 130838K(132288K)->130838K(132288K) NonClass: 114289K(115008K)->114289K(115008K) Class: 16548K(17280K)->16548K(17280K)
[2026-04-03T06:48:37.542+0600][44.040s][info][gc             ] GC(115) Pause Young (Concurrent Start) (G1 Humongous Allocation) 817M->100M(2128M) 8.377ms
[2026-04-03T06:48:37.542+0600][44.040s][info][gc             ] GC(116) Concurrent Undo Cycle
[2026-04-03T06:48:37.542+0600][44.040s][info][gc,cpu         ] GC(115) User=0.05s Sys=0.01s Real=0.00s
[2026-04-03T06:48:37.542+0600][44.041s][info][gc,marking     ] GC(116) Concurrent Clear Claimed Marks
[2026-04-03T06:48:37.543+0600][44.041s][info][gc,marking     ] GC(116) Concurrent Clear Claimed Marks 0.478ms
[2026-04-03T06:48:37.543+0600][44.041s][info][gc,marking     ] GC(116) Concurrent Cleanup for Next Mark
[2026-04-03T06:48:37.543+0600][44.042s][info][gc,marking     ] GC(116) Concurrent Cleanup for Next Mark 0.366ms
[2026-04-03T06:48:37.543+0600][44.042s][info][gc             ] GC(116) Concurrent Undo Cycle 1.159ms
[2026-04-03T06:48:38.517+0600][45.016s][info][gc,start       ] GC(117) Pause Young (Concurrent Start) (G1 Humongous Allocation)
[2026-04-03T06:48:38.517+0600][45.016s][info][gc,task        ] GC(117) Using 10 workers of 10 for evacuation
[2026-04-03T06:48:38.525+0600][45.023s][info][gc,phases      ] GC(117)   Pre Evacuate Collection Set: 0.63ms
[2026-04-03T06:48:38.525+0600][45.023s][info][gc,phases      ] GC(117)   Merge Heap Roots: 0.38ms
[2026-04-03T06:48:38.525+0600][45.023s][info][gc,phases      ] GC(117)   Evacuate Collection Set: 4.51ms
[2026-04-03T06:48:38.525+0600][45.023s][info][gc,phases      ] GC(117)   Post Evacuate Collection Set: 1.54ms
[2026-04-03T06:48:38.525+0600][45.023s][info][gc,phases      ] GC(117)   Other: 0.16ms
[2026-04-03T06:48:38.525+0600][45.023s][info][gc,heap        ] GC(117) Eden regions: 256->0(632)
[2026-04-03T06:48:38.525+0600][45.023s][info][gc,heap        ] GC(117) Survivor regions: 6->6(80)
[2026-04-03T06:48:38.525+0600][45.023s][info][gc,heap        ] GC(117) Old regions: 43->44
[2026-04-03T06:48:38.525+0600][45.023s][info][gc,heap        ] GC(117) Humongous regions: 148->3
[2026-04-03T06:48:38.525+0600][45.023s][info][gc,metaspace   ] GC(117) Metaspace: 130874K(132288K)->130874K(132288K) NonClass: 114325K(115008K)->114325K(115008K) Class: 16548K(17280K)->16548K(17280K)
[2026-04-03T06:48:38.525+0600][45.023s][info][gc             ] GC(117) Pause Young (Concurrent Start) (G1 Humongous Allocation) 902M->102M(2128M) 7.599ms
[2026-04-03T06:48:38.525+0600][45.023s][info][gc             ] GC(118) Concurrent Undo Cycle
[2026-04-03T06:48:38.525+0600][45.023s][info][gc,marking     ] GC(118) Concurrent Clear Claimed Marks
[2026-04-03T06:48:38.525+0600][45.023s][info][gc,cpu         ] GC(117) User=0.06s Sys=0.01s Real=0.01s
[2026-04-03T06:48:38.525+0600][45.024s][info][gc,marking     ] GC(118) Concurrent Clear Claimed Marks 0.363ms
[2026-04-03T06:48:38.525+0600][45.024s][info][gc,marking     ] GC(118) Concurrent Cleanup for Next Mark
[2026-04-03T06:48:38.526+0600][45.024s][info][gc,marking     ] GC(118) Concurrent Cleanup for Next Mark 0.379ms
[2026-04-03T06:48:38.526+0600][45.024s][info][gc             ] GC(118) Concurrent Undo Cycle 0.904ms
[2026-04-03T06:48:39.084+0600][45.583s][info][gc,start       ] GC(119) Pause Young (Concurrent Start) (G1 Humongous Allocation)
[2026-04-03T06:48:39.084+0600][45.583s][info][gc,task        ] GC(119) Using 10 workers of 10 for evacuation
[2026-04-03T06:48:39.090+0600][45.588s][info][gc,phases      ] GC(119)   Pre Evacuate Collection Set: 0.61ms
[2026-04-03T06:48:39.090+0600][45.588s][info][gc,phases      ] GC(119)   Merge Heap Roots: 0.25ms
[2026-04-03T06:48:39.090+0600][45.588s][info][gc,phases      ] GC(119)   Evacuate Collection Set: 3.37ms
[2026-04-03T06:48:39.090+0600][45.588s][info][gc,phases      ] GC(119)   Post Evacuate Collection Set: 0.77ms
[2026-04-03T06:48:39.090+0600][45.588s][info][gc,phases      ] GC(119)   Other: 0.20ms
[2026-04-03T06:48:39.090+0600][45.588s][info][gc,heap        ] GC(119) Eden regions: 178->0(632)
[2026-04-03T06:48:39.090+0600][45.588s][info][gc,heap        ] GC(119) Survivor regions: 6->6(80)
[2026-04-03T06:48:39.090+0600][45.588s][info][gc,heap        ] GC(119) Old regions: 44->44
[2026-04-03T06:48:39.090+0600][45.588s][info][gc,heap        ] GC(119) Humongous regions: 152->3
[2026-04-03T06:48:39.090+0600][45.588s][info][gc,metaspace   ] GC(119) Metaspace: 130902K(132352K)->130902K(132352K) NonClass: 114353K(115072K)->114353K(115072K) Class: 16548K(17280K)->16548K(17280K)
[2026-04-03T06:48:39.090+0600][45.588s][info][gc             ] GC(119) Pause Young (Concurrent Start) (G1 Humongous Allocation) 755M->100M(2128M) 5.542ms
[2026-04-03T06:48:39.090+0600][45.588s][info][gc             ] GC(120) Concurrent Undo Cycle
[2026-04-03T06:48:39.090+0600][45.588s][info][gc,cpu         ] GC(119) User=0.04s Sys=0.00s Real=0.00s
[2026-04-03T06:48:39.090+0600][45.588s][info][gc,marking     ] GC(120) Concurrent Clear Claimed Marks
[2026-04-03T06:48:39.090+0600][45.589s][info][gc,marking     ] GC(120) Concurrent Clear Claimed Marks 0.288ms
[2026-04-03T06:48:39.090+0600][45.589s][info][gc,marking     ] GC(120) Concurrent Cleanup for Next Mark
[2026-04-03T06:48:39.091+0600][45.589s][info][gc,marking     ] GC(120) Concurrent Cleanup for Next Mark 0.367ms
[2026-04-03T06:48:39.091+0600][45.589s][info][gc             ] GC(120) Concurrent Undo Cycle 0.925ms
[2026-04-03T06:48:39.976+0600][46.474s][info][gc,start       ] GC(121) Pause Young (Concurrent Start) (G1 Humongous Allocation)
[2026-04-03T06:48:39.976+0600][46.474s][info][gc,task        ] GC(121) Using 10 workers of 10 for evacuation
[2026-04-03T06:48:39.984+0600][46.483s][info][gc,phases      ] GC(121)   Pre Evacuate Collection Set: 0.58ms
[2026-04-03T06:48:39.984+0600][46.483s][info][gc,phases      ] GC(121)   Merge Heap Roots: 0.42ms
[2026-04-03T06:48:39.984+0600][46.483s][info][gc,phases      ] GC(121)   Evacuate Collection Set: 4.37ms
[2026-04-03T06:48:39.984+0600][46.483s][info][gc,phases      ] GC(121)   Post Evacuate Collection Set: 2.36ms
[2026-04-03T06:48:39.984+0600][46.483s][info][gc,phases      ] GC(121)   Other: 0.40ms
[2026-04-03T06:48:39.984+0600][46.483s][info][gc,heap        ] GC(121) Eden regions: 283->0(631)
[2026-04-03T06:48:39.984+0600][46.483s][info][gc,heap        ] GC(121) Survivor regions: 6->7(80)
[2026-04-03T06:48:39.984+0600][46.483s][info][gc,heap        ] GC(121) Old regions: 44->44
[2026-04-03T06:48:39.984+0600][46.483s][info][gc,heap        ] GC(121) Humongous regions: 160->6
[2026-04-03T06:48:39.984+0600][46.483s][info][gc,metaspace   ] GC(121) Metaspace: 130965K(132352K)->130965K(132352K) NonClass: 114417K(115072K)->114417K(115072K) Class: 16548K(17280K)->16548K(17280K)
[2026-04-03T06:48:39.984+0600][46.483s][info][gc             ] GC(121) Pause Young (Concurrent Start) (G1 Humongous Allocation) 980M->110M(2128M) 8.569ms
[2026-04-03T06:48:39.984+0600][46.483s][info][gc,cpu         ] GC(121) User=0.05s Sys=0.00s Real=0.01s
[2026-04-03T06:48:39.984+0600][46.483s][info][gc             ] GC(122) Concurrent Undo Cycle
[2026-04-03T06:48:39.985+0600][46.483s][info][gc,marking     ] GC(122) Concurrent Clear Claimed Marks
[2026-04-03T06:48:39.985+0600][46.483s][info][gc,marking     ] GC(122) Concurrent Clear Claimed Marks 0.335ms
[2026-04-03T06:48:39.985+0600][46.483s][info][gc,marking     ] GC(122) Concurrent Cleanup for Next Mark
[2026-04-03T06:48:39.986+0600][46.485s][info][gc,marking     ] GC(122) Concurrent Cleanup for Next Mark 1.149ms
[2026-04-03T06:48:39.986+0600][46.485s][info][gc             ] GC(122) Concurrent Undo Cycle 1.802ms
[2026-04-03T06:48:40.008+0600][46.507s][info][gc,start       ] GC(123) Pause Young (Concurrent Start) (G1 Humongous Allocation)
[2026-04-03T06:48:40.008+0600][46.507s][info][gc,task        ] GC(123) Using 10 workers of 10 for evacuation
[2026-04-03T06:48:40.016+0600][46.515s][info][gc,phases      ] GC(123)   Pre Evacuate Collection Set: 0.58ms
[2026-04-03T06:48:40.016+0600][46.515s][info][gc,phases      ] GC(123)   Merge Heap Roots: 0.25ms
[2026-04-03T06:48:40.016+0600][46.515s][info][gc,phases      ] GC(123)   Evacuate Collection Set: 5.25ms
[2026-04-03T06:48:40.016+0600][46.515s][info][gc,phases      ] GC(123)   Post Evacuate Collection Set: 1.28ms
[2026-04-03T06:48:40.016+0600][46.515s][info][gc,phases      ] GC(123)   Other: 0.45ms
[2026-04-03T06:48:40.016+0600][46.515s][info][gc,heap        ] GC(123) Eden regions: 13->0(630)
[2026-04-03T06:48:40.016+0600][46.515s][info][gc,heap        ] GC(123) Survivor regions: 7->8(80)
[2026-04-03T06:48:40.016+0600][46.515s][info][gc,heap        ] GC(123) Old regions: 44->44
[2026-04-03T06:48:40.016+0600][46.515s][info][gc,heap        ] GC(123) Humongous regions: 165->9
[2026-04-03T06:48:40.016+0600][46.515s][info][gc,metaspace   ] GC(123) Metaspace: 130970K(132416K)->130970K(132416K) NonClass: 114421K(115136K)->114421K(115136K) Class: 16548K(17280K)->16548K(17280K)
[2026-04-03T06:48:40.016+0600][46.515s][info][gc             ] GC(123) Pause Young (Concurrent Start) (G1 Humongous Allocation) 453M->118M(2128M) 8.269ms
[2026-04-03T06:48:40.016+0600][46.515s][info][gc             ] GC(124) Concurrent Undo Cycle
[2026-04-03T06:48:40.016+0600][46.515s][info][gc,cpu         ] GC(123) User=0.05s Sys=0.01s Real=0.01s
[2026-04-03T06:48:40.017+0600][46.515s][info][gc,marking     ] GC(124) Concurrent Clear Claimed Marks
[2026-04-03T06:48:40.017+0600][46.515s][info][gc,marking     ] GC(124) Concurrent Clear Claimed Marks 0.345ms
[2026-04-03T06:48:40.017+0600][46.515s][info][gc,marking     ] GC(124) Concurrent Cleanup for Next Mark
[2026-04-03T06:48:40.017+0600][46.516s][info][gc,marking     ] GC(124) Concurrent Cleanup for Next Mark 0.402ms
[2026-04-03T06:48:40.017+0600][46.516s][info][gc             ] GC(124) Concurrent Undo Cycle 1.012ms
[2026-04-03T06:48:40.108+0600][46.607s][info][gc,start       ] GC(125) Pause Young (Concurrent Start) (G1 Humongous Allocation)
[2026-04-03T06:48:40.108+0600][46.607s][info][gc,task        ] GC(125) Using 10 workers of 10 for evacuation
[2026-04-03T06:48:40.114+0600][46.612s][info][gc,phases      ] GC(125)   Pre Evacuate Collection Set: 0.67ms
[2026-04-03T06:48:40.114+0600][46.612s][info][gc,phases      ] GC(125)   Merge Heap Roots: 0.24ms
[2026-04-03T06:48:40.114+0600][46.612s][info][gc,phases      ] GC(125)   Evacuate Collection Set: 3.60ms
[2026-04-03T06:48:40.114+0600][46.612s][info][gc,phases      ] GC(125)   Post Evacuate Collection Set: 0.77ms
[2026-04-03T06:48:40.114+0600][46.612s][info][gc,phases      ] GC(125)   Other: 0.12ms
[2026-04-03T06:48:40.114+0600][46.613s][info][gc,heap        ] GC(125) Eden regions: 40->0(631)
[2026-04-03T06:48:40.114+0600][46.613s][info][gc,heap        ] GC(125) Survivor regions: 8->7(80)
[2026-04-03T06:48:40.114+0600][46.613s][info][gc,heap        ] GC(125) Old regions: 44->44
[2026-04-03T06:48:40.114+0600][46.613s][info][gc,heap        ] GC(125) Humongous regions: 147->6
[2026-04-03T06:48:40.114+0600][46.613s][info][gc,metaspace   ] GC(125) Metaspace: 130980K(132416K)->130980K(132416K) NonClass: 114431K(115136K)->114431K(115136K) Class: 16548K(17280K)->16548K(17280K)
[2026-04-03T06:48:40.114+0600][46.613s][info][gc             ] GC(125) Pause Young (Concurrent Start) (G1 Humongous Allocation) 474M->109M(2128M) 5.747ms
[2026-04-03T06:48:40.114+0600][46.613s][info][gc,cpu         ] GC(125) User=0.04s Sys=0.00s Real=0.01s
[2026-04-03T06:48:40.114+0600][46.613s][info][gc             ] GC(126) Concurrent Undo Cycle
[2026-04-03T06:48:40.114+0600][46.613s][info][gc,marking     ] GC(126) Concurrent Clear Claimed Marks
[2026-04-03T06:48:40.115+0600][46.613s][info][gc,marking     ] GC(126) Concurrent Clear Claimed Marks 0.307ms
[2026-04-03T06:48:40.115+0600][46.613s][info][gc,marking     ] GC(126) Concurrent Cleanup for Next Mark
[2026-04-03T06:48:40.117+0600][46.616s][info][gc,marking     ] GC(126) Concurrent Cleanup for Next Mark 2.606ms
[2026-04-03T06:48:40.117+0600][46.616s][info][gc             ] GC(126) Concurrent Undo Cycle 3.208ms
[2026-04-03T06:48:40.313+0600][46.812s][info][gc,start       ] GC(127) Pause Young (Concurrent Start) (G1 Humongous Allocation)
[2026-04-03T06:48:40.314+0600][46.812s][info][gc,task        ] GC(127) Using 10 workers of 10 for evacuation
[2026-04-03T06:48:40.321+0600][46.819s][info][gc,phases      ] GC(127)   Pre Evacuate Collection Set: 0.50ms
[2026-04-03T06:48:40.321+0600][46.819s][info][gc,phases      ] GC(127)   Merge Heap Roots: 0.32ms
[2026-04-03T06:48:40.321+0600][46.819s][info][gc,phases      ] GC(127)   Evacuate Collection Set: 5.44ms
[2026-04-03T06:48:40.321+0600][46.819s][info][gc,phases      ] GC(127)   Post Evacuate Collection Set: 0.91ms
[2026-04-03T06:48:40.321+0600][46.820s][info][gc,phases      ] GC(127)   Other: 0.20ms
[2026-04-03T06:48:40.321+0600][46.820s][info][gc,heap        ] GC(127) Eden regions: 56->0(632)
[2026-04-03T06:48:40.321+0600][46.820s][info][gc,heap        ] GC(127) Survivor regions: 7->6(80)
[2026-04-03T06:48:40.321+0600][46.820s][info][gc,heap        ] GC(127) Old regions: 44->44
[2026-04-03T06:48:40.321+0600][46.820s][info][gc,heap        ] GC(127) Humongous regions: 154->3
[2026-04-03T06:48:40.321+0600][46.820s][info][gc,metaspace   ] GC(127) Metaspace: 130998K(132416K)->130998K(132416K) NonClass: 114449K(115136K)->114449K(115136K) Class: 16549K(17280K)->16549K(17280K)
[2026-04-03T06:48:40.321+0600][46.820s][info][gc             ] GC(127) Pause Young (Concurrent Start) (G1 Humongous Allocation) 516M->101M(2128M) 7.876ms
[2026-04-03T06:48:40.321+0600][46.820s][info][gc             ] GC(128) Concurrent Undo Cycle
[2026-04-03T06:48:40.321+0600][46.820s][info][gc,cpu         ] GC(127) User=0.06s Sys=0.00s Real=0.00s
[2026-04-03T06:48:40.321+0600][46.820s][info][gc,marking     ] GC(128) Concurrent Clear Claimed Marks
[2026-04-03T06:48:40.322+0600][46.820s][info][gc,marking     ] GC(128) Concurrent Clear Claimed Marks 0.310ms
[2026-04-03T06:48:40.322+0600][46.820s][info][gc,marking     ] GC(128) Concurrent Cleanup for Next Mark
[2026-04-03T06:48:40.322+0600][46.821s][info][gc,marking     ] GC(128) Concurrent Cleanup for Next Mark 0.362ms
[2026-04-03T06:48:40.322+0600][46.821s][info][gc             ] GC(128) Concurrent Undo Cycle 0.951ms
[2026-04-03T06:48:41.178+0600][47.677s][info][gc,start       ] GC(129) Pause Young (Concurrent Start) (G1 Humongous Allocation)
[2026-04-03T06:48:41.178+0600][47.677s][info][gc,task        ] GC(129) Using 10 workers of 10 for evacuation
[2026-04-03T06:48:41.185+0600][47.683s][info][gc,phases      ] GC(129)   Pre Evacuate Collection Set: 0.50ms
[2026-04-03T06:48:41.185+0600][47.683s][info][gc,phases      ] GC(129)   Merge Heap Roots: 0.33ms
[2026-04-03T06:48:41.185+0600][47.683s][info][gc,phases      ] GC(129)   Evacuate Collection Set: 4.29ms
[2026-04-03T06:48:41.185+0600][47.683s][info][gc,phases      ] GC(129)   Post Evacuate Collection Set: 1.10ms
[2026-04-03T06:48:41.185+0600][47.684s][info][gc,phases      ] GC(129)   Other: 0.20ms
[2026-04-03T06:48:41.185+0600][47.684s][info][gc,heap        ] GC(129) Eden regions: 261->0(632)
[2026-04-03T06:48:41.185+0600][47.684s][info][gc,heap        ] GC(129) Survivor regions: 6->6(80)
[2026-04-03T06:48:41.185+0600][47.684s][info][gc,heap        ] GC(129) Old regions: 44->44
[2026-04-03T06:48:41.185+0600][47.684s][info][gc,heap        ] GC(129) Humongous regions: 160->3
[2026-04-03T06:48:41.185+0600][47.684s][info][gc,metaspace   ] GC(129) Metaspace: 131021K(132416K)->131021K(132416K) NonClass: 114471K(115136K)->114471K(115136K) Class: 16549K(17280K)->16549K(17280K)
[2026-04-03T06:48:41.185+0600][47.684s][info][gc             ] GC(129) Pause Young (Concurrent Start) (G1 Humongous Allocation) 935M->103M(2128M) 6.810ms
[2026-04-03T06:48:41.185+0600][47.684s][info][gc             ] GC(130) Concurrent Undo Cycle
[2026-04-03T06:48:41.185+0600][47.684s][info][gc,cpu         ] GC(129) User=0.05s Sys=0.01s Real=0.01s
[2026-04-03T06:48:41.185+0600][47.684s][info][gc,marking     ] GC(130) Concurrent Clear Claimed Marks
[2026-04-03T06:48:41.186+0600][47.684s][info][gc,marking     ] GC(130) Concurrent Clear Claimed Marks 0.314ms
[2026-04-03T06:48:41.186+0600][47.684s][info][gc,marking     ] GC(130) Concurrent Cleanup for Next Mark
[2026-04-03T06:48:41.186+0600][47.685s][info][gc,marking     ] GC(130) Concurrent Cleanup for Next Mark 0.365ms
[2026-04-03T06:48:41.186+0600][47.685s][info][gc             ] GC(130) Concurrent Undo Cycle 0.978ms
[2026-04-03T06:48:41.969+0600][48.467s][info][gc,start       ] GC(131) Pause Young (Concurrent Start) (G1 Humongous Allocation)
[2026-04-03T06:48:41.969+0600][48.467s][info][gc,task        ] GC(131) Using 10 workers of 10 for evacuation
[2026-04-03T06:48:41.975+0600][48.474s][info][gc,phases      ] GC(131)   Pre Evacuate Collection Set: 0.48ms
[2026-04-03T06:48:41.975+0600][48.474s][info][gc,phases      ] GC(131)   Merge Heap Roots: 0.24ms
[2026-04-03T06:48:41.975+0600][48.474s][info][gc,phases      ] GC(131)   Evacuate Collection Set: 4.20ms
[2026-04-03T06:48:41.975+0600][48.474s][info][gc,phases      ] GC(131)   Post Evacuate Collection Set: 1.61ms
[2026-04-03T06:48:41.976+0600][48.474s][info][gc,phases      ] GC(131)   Other: 0.20ms
[2026-04-03T06:48:41.976+0600][48.474s][info][gc,heap        ] GC(131) Eden regions: 286->0(630)
[2026-04-03T06:48:41.976+0600][48.474s][info][gc,heap        ] GC(131) Survivor regions: 6->8(80)
[2026-04-03T06:48:41.976+0600][48.474s][info][gc,heap        ] GC(131) Old regions: 44->44
[2026-04-03T06:48:41.976+0600][48.474s][info][gc,heap        ] GC(131) Humongous regions: 165->6
[2026-04-03T06:48:41.976+0600][48.474s][info][gc,metaspace   ] GC(131) Metaspace: 131122K(132544K)->131122K(132544K) NonClass: 114558K(115264K)->114558K(115264K) Class: 16564K(17280K)->16564K(17280K)
[2026-04-03T06:48:41.976+0600][48.474s][info][gc             ] GC(131) Pause Young (Concurrent Start) (G1 Humongous Allocation) 997M->112M(2128M) 7.149ms
[2026-04-03T06:48:41.976+0600][48.474s][info][gc,cpu         ] GC(131) User=0.04s Sys=0.00s Real=0.01s
[2026-04-03T06:48:41.976+0600][48.474s][info][gc             ] GC(132) Concurrent Undo Cycle
[2026-04-03T06:48:41.976+0600][48.474s][info][gc,marking     ] GC(132) Concurrent Clear Claimed Marks
[2026-04-03T06:48:41.976+0600][48.475s][info][gc,marking     ] GC(132) Concurrent Clear Claimed Marks 0.317ms
[2026-04-03T06:48:41.976+0600][48.475s][info][gc,marking     ] GC(132) Concurrent Cleanup for Next Mark
[2026-04-03T06:48:41.977+0600][48.476s][info][gc,marking     ] GC(132) Concurrent Cleanup for Next Mark 1.004ms
[2026-04-03T06:48:41.977+0600][48.476s][info][gc             ] GC(132) Concurrent Undo Cycle 1.541ms
[2026-04-03T06:48:41.997+0600][48.496s][info][gc,start       ] GC(133) Pause Young (Concurrent Start) (G1 Humongous Allocation)
[2026-04-03T06:48:41.997+0600][48.496s][info][gc,task        ] GC(133) Using 10 workers of 10 for evacuation
[2026-04-03T06:48:42.005+0600][48.503s][info][gc,phases      ] GC(133)   Pre Evacuate Collection Set: 0.62ms
[2026-04-03T06:48:42.005+0600][48.504s][info][gc,phases      ] GC(133)   Merge Heap Roots: 0.16ms
[2026-04-03T06:48:42.005+0600][48.504s][info][gc,phases      ] GC(133)   Evacuate Collection Set: 5.97ms
[2026-04-03T06:48:42.005+0600][48.504s][info][gc,phases      ] GC(133)   Post Evacuate Collection Set: 0.84ms
[2026-04-03T06:48:42.005+0600][48.504s][info][gc,phases      ] GC(133)   Other: 0.16ms
[2026-04-03T06:48:42.005+0600][48.504s][info][gc,heap        ] GC(133) Eden regions: 14->0(630)
[2026-04-03T06:48:42.005+0600][48.504s][info][gc,heap        ] GC(133) Survivor regions: 8->8(80)
[2026-04-03T06:48:42.005+0600][48.504s][info][gc,heap        ] GC(133) Old regions: 44->45
[2026-04-03T06:48:42.005+0600][48.504s][info][gc,heap        ] GC(133) Humongous regions: 171->9
[2026-04-03T06:48:42.005+0600][48.504s][info][gc,metaspace   ] GC(133) Metaspace: 131124K(132544K)->131124K(132544K) NonClass: 114559K(115264K)->114559K(115264K) Class: 16564K(17280K)->16564K(17280K)
[2026-04-03T06:48:42.005+0600][48.504s][info][gc             ] GC(133) Pause Young (Concurrent Start) (G1 Humongous Allocation) 470M->120M(2128M) 8.139ms
[2026-04-03T06:48:42.005+0600][48.504s][info][gc             ] GC(134) Concurrent Undo Cycle
[2026-04-03T06:48:42.005+0600][48.504s][info][gc,cpu         ] GC(133) User=0.04s Sys=0.01s Real=0.01s
[2026-04-03T06:48:42.005+0600][48.504s][info][gc,marking     ] GC(134) Concurrent Clear Claimed Marks
[2026-04-03T06:48:42.006+0600][48.504s][info][gc,marking     ] GC(134) Concurrent Clear Claimed Marks 0.321ms
[2026-04-03T06:48:42.006+0600][48.504s][info][gc,marking     ] GC(134) Concurrent Cleanup for Next Mark
[2026-04-03T06:48:42.006+0600][48.504s][info][gc,marking     ] GC(134) Concurrent Cleanup for Next Mark 0.266ms
[2026-04-03T06:48:42.006+0600][48.505s][info][gc             ] GC(134) Concurrent Undo Cycle 0.776ms
[2026-04-03T06:48:42.097+0600][48.596s][info][gc,start       ] GC(135) Pause Young (Concurrent Start) (G1 Humongous Allocation)
[2026-04-03T06:48:42.098+0600][48.596s][info][gc,task        ] GC(135) Using 10 workers of 10 for evacuation
[2026-04-03T06:48:42.103+0600][48.601s][info][gc,phases      ] GC(135)   Pre Evacuate Collection Set: 0.61ms
[2026-04-03T06:48:42.103+0600][48.601s][info][gc,phases      ] GC(135)   Merge Heap Roots: 0.24ms
[2026-04-03T06:48:42.103+0600][48.601s][info][gc,phases      ] GC(135)   Evacuate Collection Set: 3.24ms
[2026-04-03T06:48:42.103+0600][48.601s][info][gc,phases      ] GC(135)   Post Evacuate Collection Set: 0.85ms
[2026-04-03T06:48:42.103+0600][48.601s][info][gc,phases      ] GC(135)   Other: 0.33ms
[2026-04-03T06:48:42.103+0600][48.601s][info][gc,heap        ] GC(135) Eden regions: 39->0(632)
[2026-04-03T06:48:42.103+0600][48.601s][info][gc,heap        ] GC(135) Survivor regions: 8->6(80)
[2026-04-03T06:48:42.103+0600][48.601s][info][gc,heap        ] GC(135) Old regions: 45->45
[2026-04-03T06:48:42.103+0600][48.601s][info][gc,heap        ] GC(135) Humongous regions: 144->12
[2026-04-03T06:48:42.103+0600][48.601s][info][gc,metaspace   ] GC(135) Metaspace: 131160K(132544K)->131160K(132544K) NonClass: 114595K(115264K)->114595K(115264K) Class: 16564K(17280K)->16564K(17280K)
[2026-04-03T06:48:42.103+0600][48.602s][info][gc             ] GC(135) Pause Young (Concurrent Start) (G1 Humongous Allocation) 468M->122M(2128M) 5.875ms
[2026-04-03T06:48:42.103+0600][48.602s][info][gc             ] GC(136) Concurrent Undo Cycle
[2026-04-03T06:48:42.103+0600][48.602s][info][gc,cpu         ] GC(135) User=0.04s Sys=0.01s Real=0.01s
[2026-04-03T06:48:42.103+0600][48.602s][info][gc,marking     ] GC(136) Concurrent Clear Claimed Marks
[2026-04-03T06:48:42.104+0600][48.602s][info][gc,marking     ] GC(136) Concurrent Clear Claimed Marks 0.276ms
[2026-04-03T06:48:42.104+0600][48.602s][info][gc,marking     ] GC(136) Concurrent Cleanup for Next Mark
[2026-04-03T06:48:42.104+0600][48.602s][info][gc,marking     ] GC(136) Concurrent Cleanup for Next Mark 0.281ms
[2026-04-03T06:48:42.104+0600][48.602s][info][gc             ] GC(136) Concurrent Undo Cycle 0.801ms
[2026-04-03T06:48:42.297+0600][48.795s][info][gc,start       ] GC(137) Pause Young (Concurrent Start) (G1 Humongous Allocation)
[2026-04-03T06:48:42.297+0600][48.795s][info][gc,task        ] GC(137) Using 10 workers of 10 for evacuation
[2026-04-03T06:48:42.304+0600][48.802s][info][gc,phases      ] GC(137)   Pre Evacuate Collection Set: 0.49ms
[2026-04-03T06:48:42.304+0600][48.802s][info][gc,phases      ] GC(137)   Merge Heap Roots: 0.17ms
[2026-04-03T06:48:42.304+0600][48.802s][info][gc,phases      ] GC(137)   Evacuate Collection Set: 5.64ms
[2026-04-03T06:48:42.304+0600][48.802s][info][gc,phases      ] GC(137)   Post Evacuate Collection Set: 0.72ms
[2026-04-03T06:48:42.304+0600][48.802s][info][gc,phases      ] GC(137)   Other: 0.15ms
[2026-04-03T06:48:42.304+0600][48.802s][info][gc,heap        ] GC(137) Eden regions: 55->0(633)
[2026-04-03T06:48:42.304+0600][48.802s][info][gc,heap        ] GC(137) Survivor regions: 6->5(80)
[2026-04-03T06:48:42.304+0600][48.802s][info][gc,heap        ] GC(137) Old regions: 45->45
[2026-04-03T06:48:42.304+0600][48.802s][info][gc,heap        ] GC(137) Humongous regions: 148->3
[2026-04-03T06:48:42.304+0600][48.802s][info][gc,metaspace   ] GC(137) Metaspace: 131174K(132608K)->131174K(132608K) NonClass: 114609K(115328K)->114609K(115328K) Class: 16565K(17280K)->16565K(17280K)
[2026-04-03T06:48:42.304+0600][48.803s][info][gc             ] GC(137) Pause Young (Concurrent Start) (G1 Humongous Allocation) 503M->103M(2128M) 7.502ms
[2026-04-03T06:48:42.304+0600][48.803s][info][gc             ] GC(138) Concurrent Undo Cycle
[2026-04-03T06:48:42.304+0600][48.803s][info][gc,cpu         ] GC(137) User=0.05s Sys=0.01s Real=0.01s
[2026-04-03T06:48:42.304+0600][48.803s][info][gc,marking     ] GC(138) Concurrent Clear Claimed Marks
[2026-04-03T06:48:42.305+0600][48.803s][info][gc,marking     ] GC(138) Concurrent Clear Claimed Marks 0.314ms
[2026-04-03T06:48:42.305+0600][48.803s][info][gc,marking     ] GC(138) Concurrent Cleanup for Next Mark
[2026-04-03T06:48:42.305+0600][48.803s][info][gc,marking     ] GC(138) Concurrent Cleanup for Next Mark 0.351ms
[2026-04-03T06:48:42.305+0600][48.803s][info][gc             ] GC(138) Concurrent Undo Cycle 0.848ms
[2026-04-03T06:48:43.078+0600][49.577s][info][gc,start       ] GC(139) Pause Young (Concurrent Start) (G1 Humongous Allocation)
[2026-04-03T06:48:43.079+0600][49.577s][info][gc,task        ] GC(139) Using 10 workers of 10 for evacuation
[2026-04-03T06:48:43.088+0600][49.586s][info][gc,phases      ] GC(139)   Pre Evacuate Collection Set: 0.58ms
[2026-04-03T06:48:43.088+0600][49.586s][info][gc,phases      ] GC(139)   Merge Heap Roots: 0.22ms
[2026-04-03T06:48:43.088+0600][49.586s][info][gc,phases      ] GC(139)   Evacuate Collection Set: 4.25ms
[2026-04-03T06:48:43.088+0600][49.586s][info][gc,phases      ] GC(139)   Post Evacuate Collection Set: 3.72ms
[2026-04-03T06:48:43.088+0600][49.586s][info][gc,phases      ] GC(139)   Other: 0.31ms
[2026-04-03T06:48:43.088+0600][49.586s][info][gc,heap        ] GC(139) Eden regions: 245->0(632)
[2026-04-03T06:48:43.088+0600][49.586s][info][gc,heap        ] GC(139) Survivor regions: 5->6(80)
[2026-04-03T06:48:43.088+0600][49.586s][info][gc,heap        ] GC(139) Old regions: 45->45
[2026-04-03T06:48:43.088+0600][49.586s][info][gc,heap        ] GC(139) Humongous regions: 154->3
[2026-04-03T06:48:43.088+0600][49.586s][info][gc,metaspace   ] GC(139) Metaspace: 131198K(132672K)->131198K(132672K) NonClass: 114633K(115392K)->114633K(115392K) Class: 16565K(17280K)->16565K(17280K)
[2026-04-03T06:48:43.088+0600][49.586s][info][gc             ] GC(139) Pause Young (Concurrent Start) (G1 Humongous Allocation) 894M->103M(2128M) 9.436ms
[2026-04-03T06:48:43.088+0600][49.586s][info][gc             ] GC(140) Concurrent Undo Cycle
[2026-04-03T06:48:43.088+0600][49.586s][info][gc,cpu         ] GC(139) User=0.06s Sys=0.00s Real=0.01s
[2026-04-03T06:48:43.088+0600][49.586s][info][gc,marking     ] GC(140) Concurrent Clear Claimed Marks
[2026-04-03T06:48:43.088+0600][49.587s][info][gc,marking     ] GC(140) Concurrent Clear Claimed Marks 0.274ms
[2026-04-03T06:48:43.088+0600][49.587s][info][gc,marking     ] GC(140) Concurrent Cleanup for Next Mark
[2026-04-03T06:48:43.089+0600][49.587s][info][gc,marking     ] GC(140) Concurrent Cleanup for Next Mark 0.303ms
[2026-04-03T06:48:43.089+0600][49.587s][info][gc             ] GC(140) Concurrent Undo Cycle 0.784ms
[2026-04-03T06:48:43.895+0600][50.394s][info][gc,start       ] GC(141) Pause Young (Concurrent Start) (G1 Humongous Allocation)
[2026-04-03T06:48:43.895+0600][50.394s][info][gc,task        ] GC(141) Using 10 workers of 10 for evacuation
[2026-04-03T06:48:43.901+0600][50.400s][info][gc,phases      ] GC(141)   Pre Evacuate Collection Set: 0.50ms
[2026-04-03T06:48:43.902+0600][50.400s][info][gc,phases      ] GC(141)   Merge Heap Roots: 0.24ms
[2026-04-03T06:48:43.902+0600][50.400s][info][gc,phases      ] GC(141)   Evacuate Collection Set: 3.93ms
[2026-04-03T06:48:43.902+0600][50.400s][info][gc,phases      ] GC(141)   Post Evacuate Collection Set: 1.20ms
[2026-04-03T06:48:43.902+0600][50.400s][info][gc,phases      ] GC(141)   Other: 0.20ms
[2026-04-03T06:48:43.902+0600][50.400s][info][gc,heap        ] GC(141) Eden regions: 294->0(631)
[2026-04-03T06:48:43.902+0600][50.400s][info][gc,heap        ] GC(141) Survivor regions: 6->7(80)
[2026-04-03T06:48:43.902+0600][50.400s][info][gc,heap        ] GC(141) Old regions: 45->45
[2026-04-03T06:48:43.902+0600][50.400s][info][gc,heap        ] GC(141) Humongous regions: 161->3
[2026-04-03T06:48:43.902+0600][50.400s][info][gc,metaspace   ] GC(141) Metaspace: 131233K(132672K)->131233K(132672K) NonClass: 114668K(115392K)->114668K(115392K) Class: 16565K(17280K)->16565K(17280K)
[2026-04-03T06:48:43.902+0600][50.400s][info][gc             ] GC(141) Pause Young (Concurrent Start) (G1 Humongous Allocation) 1006M->106M(2128M) 6.353ms
[2026-04-03T06:48:43.902+0600][50.400s][info][gc             ] GC(142) Concurrent Undo Cycle
[2026-04-03T06:48:43.902+0600][50.400s][info][gc,cpu         ] GC(141) User=0.04s Sys=0.00s Real=0.00s
[2026-04-03T06:48:43.902+0600][50.400s][info][gc,marking     ] GC(142) Concurrent Clear Claimed Marks
[2026-04-03T06:48:43.902+0600][50.401s][info][gc,marking     ] GC(142) Concurrent Clear Claimed Marks 0.368ms
[2026-04-03T06:48:43.902+0600][50.401s][info][gc,marking     ] GC(142) Concurrent Cleanup for Next Mark
[2026-04-03T06:48:43.903+0600][50.401s][info][gc,marking     ] GC(142) Concurrent Cleanup for Next Mark 0.290ms
[2026-04-03T06:48:43.903+0600][50.401s][info][gc             ] GC(142) Concurrent Undo Cycle 0.899ms
[2026-04-03T06:48:43.961+0600][50.459s][info][gc,start       ] GC(143) Pause Young (Concurrent Start) (G1 Humongous Allocation)
[2026-04-03T06:48:43.961+0600][50.459s][info][gc,task        ] GC(143) Using 10 workers of 10 for evacuation
[2026-04-03T06:48:43.967+0600][50.466s][info][gc,phases      ] GC(143)   Pre Evacuate Collection Set: 0.65ms
[2026-04-03T06:48:43.967+0600][50.466s][info][gc,phases      ] GC(143)   Merge Heap Roots: 0.38ms
[2026-04-03T06:48:43.967+0600][50.466s][info][gc,phases      ] GC(143)   Evacuate Collection Set: 4.28ms
[2026-04-03T06:48:43.967+0600][50.466s][info][gc,phases      ] GC(143)   Post Evacuate Collection Set: 0.80ms
[2026-04-03T06:48:43.967+0600][50.466s][info][gc,phases      ] GC(143)   Other: 0.28ms
[2026-04-03T06:48:43.968+0600][50.466s][info][gc,heap        ] GC(143) Eden regions: 31->0(633)
[2026-04-03T06:48:43.968+0600][50.466s][info][gc,heap        ] GC(143) Survivor regions: 7->5(80)
[2026-04-03T06:48:43.968+0600][50.466s][info][gc,heap        ] GC(143) Old regions: 45->46
[2026-04-03T06:48:43.968+0600][50.466s][info][gc,heap        ] GC(143) Humongous regions: 166->3
[2026-04-03T06:48:43.968+0600][50.466s][info][gc,metaspace   ] GC(143) Metaspace: 131241K(132672K)->131241K(132672K) NonClass: 114676K(115392K)->114676K(115392K) Class: 16565K(17280K)->16565K(17280K)
[2026-04-03T06:48:43.968+0600][50.466s][info][gc             ] GC(143) Pause Young (Concurrent Start) (G1 Humongous Allocation) 493M->103M(2128M) 6.828ms
[2026-04-03T06:48:43.968+0600][50.466s][info][gc,cpu         ] GC(143) User=0.05s Sys=0.00s Real=0.01s
[2026-04-03T06:48:43.968+0600][50.466s][info][gc             ] GC(144) Concurrent Undo Cycle
[2026-04-03T06:48:43.968+0600][50.466s][info][gc,marking     ] GC(144) Concurrent Clear Claimed Marks
[2026-04-03T06:48:43.968+0600][50.467s][info][gc,marking     ] GC(144) Concurrent Clear Claimed Marks 0.345ms
[2026-04-03T06:48:43.968+0600][50.467s][info][gc,marking     ] GC(144) Concurrent Cleanup for Next Mark
[2026-04-03T06:48:43.969+0600][50.467s][info][gc,marking     ] GC(144) Concurrent Cleanup for Next Mark 0.404ms
[2026-04-03T06:48:43.969+0600][50.467s][info][gc             ] GC(144) Concurrent Undo Cycle 0.961ms
[2026-04-03T06:48:44.061+0600][50.559s][info][gc,start       ] GC(145) Pause Young (Concurrent Start) (G1 Humongous Allocation)
[2026-04-03T06:48:44.061+0600][50.559s][info][gc,task        ] GC(145) Using 10 workers of 10 for evacuation
[2026-04-03T06:48:44.066+0600][50.565s][info][gc,phases      ] GC(145)   Pre Evacuate Collection Set: 0.63ms
[2026-04-03T06:48:44.066+0600][50.565s][info][gc,phases      ] GC(145)   Merge Heap Roots: 0.16ms
[2026-04-03T06:48:44.066+0600][50.565s][info][gc,phases      ] GC(145)   Evacuate Collection Set: 3.28ms
[2026-04-03T06:48:44.066+0600][50.565s][info][gc,phases      ] GC(145)   Post Evacuate Collection Set: 0.86ms
[2026-04-03T06:48:44.066+0600][50.565s][info][gc,phases      ] GC(145)   Other: 0.25ms
[2026-04-03T06:48:44.066+0600][50.565s][info][gc,heap        ] GC(145) Eden regions: 31->0(632)
[2026-04-03T06:48:44.066+0600][50.565s][info][gc,heap        ] GC(145) Survivor regions: 5->6(80)
[2026-04-03T06:48:44.066+0600][50.565s][info][gc,heap        ] GC(145) Old regions: 46->46
[2026-04-03T06:48:44.066+0600][50.565s][info][gc,heap        ] GC(145) Humongous regions: 171->6
[2026-04-03T06:48:44.066+0600][50.565s][info][gc,metaspace   ] GC(145) Metaspace: 131245K(132672K)->131245K(132672K) NonClass: 114680K(115392K)->114680K(115392K) Class: 16565K(17280K)->16565K(17280K)
[2026-04-03T06:48:44.066+0600][50.565s][info][gc             ] GC(145) Pause Young (Concurrent Start) (G1 Humongous Allocation) 501M->111M(2128M) 5.566ms
[2026-04-03T06:48:44.066+0600][50.565s][info][gc,cpu         ] GC(145) User=0.04s Sys=0.00s Real=0.01s
[2026-04-03T06:48:44.066+0600][50.565s][info][gc             ] GC(146) Concurrent Undo Cycle
[2026-04-03T06:48:44.067+0600][50.565s][info][gc,marking     ] GC(146) Concurrent Clear Claimed Marks
[2026-04-03T06:48:44.067+0600][50.565s][info][gc,marking     ] GC(146) Concurrent Clear Claimed Marks 0.318ms
[2026-04-03T06:48:44.067+0600][50.565s][info][gc,marking     ] GC(146) Concurrent Cleanup for Next Mark
[2026-04-03T06:48:44.068+0600][50.566s][info][gc,marking     ] GC(146) Concurrent Cleanup for Next Mark 0.670ms
[2026-04-03T06:48:44.068+0600][50.566s][info][gc             ] GC(146) Concurrent Undo Cycle 1.181ms
[2026-04-03T06:48:44.068+0600][50.567s][info][gc,start       ] GC(147) Pause Young (Concurrent Start) (G1 Humongous Allocation)
[2026-04-03T06:48:44.068+0600][50.567s][info][gc,task        ] GC(147) Using 10 workers of 10 for evacuation
[2026-04-03T06:48:44.074+0600][50.572s][info][gc,phases      ] GC(147)   Pre Evacuate Collection Set: 0.42ms
[2026-04-03T06:48:44.074+0600][50.572s][info][gc,phases      ] GC(147)   Merge Heap Roots: 0.12ms
[2026-04-03T06:48:44.074+0600][50.572s][info][gc,phases      ] GC(147)   Evacuate Collection Set: 3.76ms
[2026-04-03T06:48:44.074+0600][50.572s][info][gc,phases      ] GC(147)   Post Evacuate Collection Set: 0.64ms
[2026-04-03T06:48:44.074+0600][50.572s][info][gc,phases      ] GC(147)   Other: 0.16ms
[2026-04-03T06:48:44.074+0600][50.572s][info][gc,heap        ] GC(147) Eden regions: 0->0(633)
[2026-04-03T06:48:44.074+0600][50.572s][info][gc,heap        ] GC(147) Survivor regions: 6->5(80)
[2026-04-03T06:48:44.074+0600][50.572s][info][gc,heap        ] GC(147) Old regions: 46->46
[2026-04-03T06:48:44.074+0600][50.572s][info][gc,heap        ] GC(147) Humongous regions: 12->12
[2026-04-03T06:48:44.074+0600][50.572s][info][gc,metaspace   ] GC(147) Metaspace: 131245K(132672K)->131245K(132672K) NonClass: 114680K(115392K)->114680K(115392K) Class: 16565K(17280K)->16565K(17280K)
[2026-04-03T06:48:44.074+0600][50.572s][info][gc             ] GC(147) Pause Young (Concurrent Start) (G1 Humongous Allocation) 123M->122M(2128M) 5.490ms
[2026-04-03T06:48:44.074+0600][50.572s][info][gc,cpu         ] GC(147) User=0.03s Sys=0.00s Real=0.01s
[2026-04-03T06:48:44.074+0600][50.572s][info][gc             ] GC(148) Concurrent Undo Cycle
[2026-04-03T06:48:44.074+0600][50.573s][info][gc,marking     ] GC(148) Concurrent Clear Claimed Marks
[2026-04-03T06:48:44.074+0600][50.573s][info][gc,marking     ] GC(148) Concurrent Clear Claimed Marks 0.344ms
[2026-04-03T06:48:44.074+0600][50.573s][info][gc,marking     ] GC(148) Concurrent Cleanup for Next Mark
[2026-04-03T06:48:44.075+0600][50.573s][info][gc,marking     ] GC(148) Concurrent Cleanup for Next Mark 0.549ms
[2026-04-03T06:48:44.075+0600][50.574s][info][gc             ] GC(148) Concurrent Undo Cycle 1.145ms
[2026-04-03T06:48:44.076+0600][50.575s][info][gc,start       ] GC(149) Pause Young (Concurrent Start) (G1 Humongous Allocation)
[2026-04-03T06:48:44.076+0600][50.575s][info][gc,task        ] GC(149) Using 10 workers of 10 for evacuation
[2026-04-03T06:48:44.081+0600][50.579s][info][gc,phases      ] GC(149)   Pre Evacuate Collection Set: 0.61ms
[2026-04-03T06:48:44.081+0600][50.579s][info][gc,phases      ] GC(149)   Merge Heap Roots: 0.15ms
[2026-04-03T06:48:44.081+0600][50.579s][info][gc,phases      ] GC(149)   Evacuate Collection Set: 2.84ms
[2026-04-03T06:48:44.081+0600][50.579s][info][gc,phases      ] GC(149)   Post Evacuate Collection Set: 0.65ms
[2026-04-03T06:48:44.081+0600][50.579s][info][gc,phases      ] GC(149)   Other: 0.37ms
[2026-04-03T06:48:44.081+0600][50.579s][info][gc,heap        ] GC(149) Eden regions: 3->0(633)
[2026-04-03T06:48:44.081+0600][50.579s][info][gc,heap        ] GC(149) Survivor regions: 5->5(80)
[2026-04-03T06:48:44.081+0600][50.579s][info][gc,heap        ] GC(149) Old regions: 46->46
[2026-04-03T06:48:44.081+0600][50.579s][info][gc,heap        ] GC(149) Humongous regions: 24->9
[2026-04-03T06:48:44.081+0600][50.579s][info][gc,metaspace   ] GC(149) Metaspace: 131245K(132672K)->131245K(132672K) NonClass: 114680K(115392K)->114680K(115392K) Class: 16565K(17280K)->16565K(17280K)
[2026-04-03T06:48:44.081+0600][50.579s][info][gc             ] GC(149) Pause Young (Concurrent Start) (G1 Humongous Allocation) 150M->117M(2128M) 4.958ms
[2026-04-03T06:48:44.081+0600][50.580s][info][gc             ] GC(150) Concurrent Mark Cycle
[2026-04-03T06:48:44.081+0600][50.580s][info][gc,cpu         ] GC(149) User=0.03s Sys=0.00s Real=0.00s
[2026-04-03T06:48:44.081+0600][50.580s][info][gc,marking     ] GC(150) Concurrent Scan Root Regions
[2026-04-03T06:48:44.088+0600][50.586s][info][gc,marking     ] GC(150) Concurrent Scan Root Regions 6.363ms
[2026-04-03T06:48:44.088+0600][50.586s][info][gc,marking     ] GC(150) Concurrent Mark
[2026-04-03T06:48:44.088+0600][50.586s][info][gc,marking     ] GC(150) Concurrent Mark From Roots
[2026-04-03T06:48:44.088+0600][50.586s][info][gc,task        ] GC(150) Using 3 workers of 3 for marking
[2026-04-03T06:48:44.162+0600][50.661s][info][gc,marking     ] GC(150) Concurrent Mark From Roots 74.794ms
[2026-04-03T06:48:44.163+0600][50.661s][info][gc,marking     ] GC(150) Concurrent Preclean
[2026-04-03T06:48:44.163+0600][50.662s][info][gc,marking     ] GC(150) Concurrent Preclean 0.634ms
[2026-04-03T06:48:44.164+0600][50.662s][info][gc,start       ] GC(150) Pause Remark
[2026-04-03T06:48:44.176+0600][50.674s][info][gc             ] GC(150) Pause Remark 325M->325M(900M) 12.020ms
[2026-04-03T06:48:44.176+0600][50.674s][info][gc,cpu         ] GC(150) User=0.08s Sys=0.00s Real=0.01s
[2026-04-03T06:48:44.176+0600][50.674s][info][gc,marking     ] GC(150) Concurrent Mark 88.254ms
[2026-04-03T06:48:44.176+0600][50.674s][info][gc,marking     ] GC(150) Concurrent Rebuild Remembered Sets and Scrub Regions
[2026-04-03T06:48:44.208+0600][50.707s][info][gc,marking     ] GC(150) Concurrent Rebuild Remembered Sets and Scrub Regions 32.468ms
[2026-04-03T06:48:44.209+0600][50.707s][info][gc,start       ] GC(150) Pause Cleanup
[2026-04-03T06:48:44.209+0600][50.708s][info][gc             ] GC(150) Pause Cleanup 349M->349M(900M) 0.306ms
[2026-04-03T06:48:44.209+0600][50.708s][info][gc,cpu         ] GC(150) User=0.01s Sys=0.00s Real=0.00s
[2026-04-03T06:48:44.209+0600][50.708s][info][gc,marking     ] GC(150) Concurrent Clear Claimed Marks
[2026-04-03T06:48:44.210+0600][50.708s][info][gc,marking     ] GC(150) Concurrent Clear Claimed Marks 0.352ms
[2026-04-03T06:48:44.210+0600][50.708s][info][gc,marking     ] GC(150) Concurrent Cleanup for Next Mark
[2026-04-03T06:48:44.214+0600][50.712s][info][gc,marking     ] GC(150) Concurrent Cleanup for Next Mark 3.769ms
[2026-04-03T06:48:44.214+0600][50.712s][info][gc             ] GC(150) Concurrent Mark Cycle 132.653ms
[2026-04-03T06:48:44.888+0600][51.387s][info][gc,start       ] GC(151) Pause Young (Prepare Mixed) (GCLocker Initiated GC)
[2026-04-03T06:48:44.888+0600][51.387s][info][gc,task        ] GC(151) Using 10 workers of 10 for evacuation
[2026-04-03T06:48:44.896+0600][51.395s][info][gc,phases      ] GC(151)   Pre Evacuate Collection Set: 0.65ms
[2026-04-03T06:48:44.896+0600][51.395s][info][gc,phases      ] GC(151)   Merge Heap Roots: 0.44ms
[2026-04-03T06:48:44.896+0600][51.395s][info][gc,phases      ] GC(151)   Evacuate Collection Set: 5.38ms
[2026-04-03T06:48:44.896+0600][51.395s][info][gc,phases      ] GC(151)   Post Evacuate Collection Set: 1.03ms
[2026-04-03T06:48:44.896+0600][51.395s][info][gc,phases      ] GC(151)   Other: 0.16ms
[2026-04-03T06:48:44.896+0600][51.395s][info][gc,heap        ] GC(151) Eden regions: 215->0(269)
[2026-04-03T06:48:44.896+0600][51.395s][info][gc,heap        ] GC(151) Survivor regions: 5->4(34)
[2026-04-03T06:48:44.896+0600][51.395s][info][gc,heap        ] GC(151) Old regions: 46->47
[2026-04-03T06:48:44.896+0600][51.395s][info][gc,heap        ] GC(151) Humongous regions: 184->4
[2026-04-03T06:48:44.896+0600][51.395s][info][gc,metaspace   ] GC(151) Metaspace: 131281K(132736K)->131281K(132736K) NonClass: 114715K(115456K)->114715K(115456K) Class: 16565K(17280K)->16565K(17280K)
[2026-04-03T06:48:44.896+0600][51.395s][info][gc             ] GC(151) Pause Young (Prepare Mixed) (GCLocker Initiated GC) 897M->107M(910M) 8.116ms
[2026-04-03T06:48:44.896+0600][51.395s][info][gc,cpu         ] GC(151) User=0.04s Sys=0.02s Real=0.01s
[2026-04-03T06:48:45.621+0600][52.120s][info][gc,start       ] GC(152) Pause Young (Mixed) (G1 Evacuation Pause)
[2026-04-03T06:48:45.621+0600][52.120s][info][gc,task        ] GC(152) Using 10 workers of 10 for evacuation
[2026-04-03T06:48:45.628+0600][52.126s][info][gc,phases      ] GC(152)   Pre Evacuate Collection Set: 0.32ms
[2026-04-03T06:48:45.628+0600][52.127s][info][gc,phases      ] GC(152)   Merge Heap Roots: 0.20ms
[2026-04-03T06:48:45.628+0600][52.127s][info][gc,phases      ] GC(152)   Evacuate Collection Set: 5.07ms
[2026-04-03T06:48:45.628+0600][52.127s][info][gc,phases      ] GC(152)   Post Evacuate Collection Set: 0.86ms
[2026-04-03T06:48:45.628+0600][52.127s][info][gc,phases      ] GC(152)   Other: 0.10ms
[2026-04-03T06:48:45.628+0600][52.127s][info][gc,heap        ] GC(152) Eden regions: 230->0(274)
[2026-04-03T06:48:45.628+0600][52.127s][info][gc,heap        ] GC(152) Survivor regions: 4->5(35)
[2026-04-03T06:48:45.628+0600][52.127s][info][gc,heap        ] GC(152) Old regions: 47->46
[2026-04-03T06:48:45.628+0600][52.127s][info][gc,heap        ] GC(152) Humongous regions: 178->3
[2026-04-03T06:48:45.628+0600][52.127s][info][gc,metaspace   ] GC(152) Metaspace: 131291K(132736K)->131291K(132736K) NonClass: 114725K(115456K)->114725K(115456K) Class: 16565K(17280K)->16565K(17280K)
[2026-04-03T06:48:45.628+0600][52.127s][info][gc             ] GC(152) Pause Young (Mixed) (G1 Evacuation Pause) 915M->103M(930M) 6.877ms
[2026-04-03T06:48:45.628+0600][52.127s][info][gc,cpu         ] GC(152) User=0.03s Sys=0.01s Real=0.01s
[2026-04-03T06:48:45.645+0600][52.144s][info][gc,start       ] GC(153) Pause Young (Concurrent Start) (G1 Humongous Allocation)
[2026-04-03T06:48:45.646+0600][52.144s][info][gc,task        ] GC(153) Using 10 workers of 10 for evacuation
[2026-04-03T06:48:45.649+0600][52.148s][info][gc,phases      ] GC(153)   Pre Evacuate Collection Set: 0.42ms
[2026-04-03T06:48:45.650+0600][52.148s][info][gc,phases      ] GC(153)   Merge Heap Roots: 0.17ms
[2026-04-03T06:48:45.650+0600][52.148s][info][gc,phases      ] GC(153)   Evacuate Collection Set: 2.46ms
[2026-04-03T06:48:45.650+0600][52.148s][info][gc,phases      ] GC(153)   Post Evacuate Collection Set: 0.53ms
[2026-04-03T06:48:45.650+0600][52.148s][info][gc,phases      ] GC(153)   Other: 0.33ms
[2026-04-03T06:48:45.650+0600][52.148s][info][gc,heap        ] GC(153) Eden regions: 5->0(275)
[2026-04-03T06:48:45.650+0600][52.148s][info][gc,heap        ] GC(153) Survivor regions: 5->4(35)
[2026-04-03T06:48:45.650+0600][52.148s][info][gc,heap        ] GC(153) Old regions: 46->46
[2026-04-03T06:48:45.650+0600][52.148s][info][gc,heap        ] GC(153) Humongous regions: 3->3
[2026-04-03T06:48:45.650+0600][52.148s][info][gc,metaspace   ] GC(153) Metaspace: 131299K(132736K)->131299K(132736K) NonClass: 114734K(115456K)->114734K(115456K) Class: 16565K(17280K)->16565K(17280K)
[2026-04-03T06:48:45.650+0600][52.148s][info][gc             ] GC(153) Pause Young (Concurrent Start) (G1 Humongous Allocation) 111M->102M(930M) 4.221ms
[2026-04-03T06:48:45.650+0600][52.148s][info][gc,cpu         ] GC(153) User=0.03s Sys=0.00s Real=0.00s
[2026-04-03T06:48:45.650+0600][52.148s][info][gc             ] GC(154) Concurrent Mark Cycle
[2026-04-03T06:48:45.650+0600][52.148s][info][gc,marking     ] GC(154) Concurrent Scan Root Regions
[2026-04-03T06:48:45.653+0600][52.151s][info][gc,marking     ] GC(154) Concurrent Scan Root Regions 2.942ms
[2026-04-03T06:48:45.653+0600][52.151s][info][gc,marking     ] GC(154) Concurrent Mark
[2026-04-03T06:48:45.653+0600][52.151s][info][gc,marking     ] GC(154) Concurrent Mark From Roots
[2026-04-03T06:48:45.653+0600][52.151s][info][gc,task        ] GC(154) Using 3 workers of 3 for marking
[2026-04-03T06:48:45.729+0600][52.227s][info][gc,marking     ] GC(154) Concurrent Mark From Roots 75.852ms
[2026-04-03T06:48:45.729+0600][52.227s][info][gc,marking     ] GC(154) Concurrent Preclean
[2026-04-03T06:48:45.730+0600][52.228s][info][gc,marking     ] GC(154) Concurrent Preclean 0.648ms
[2026-04-03T06:48:45.730+0600][52.228s][info][gc,start       ] GC(154) Pause Remark
[2026-04-03T06:48:45.742+0600][52.240s][info][gc             ] GC(154) Pause Remark 147M->147M(434M) 11.994ms
[2026-04-03T06:48:45.742+0600][52.241s][info][gc,cpu         ] GC(154) User=0.06s Sys=0.01s Real=0.01s
[2026-04-03T06:48:45.742+0600][52.241s][info][gc,marking     ] GC(154) Concurrent Mark 89.338ms
[2026-04-03T06:48:45.742+0600][52.241s][info][gc,marking     ] GC(154) Concurrent Rebuild Remembered Sets and Scrub Regions
[2026-04-03T06:48:45.772+0600][52.270s][info][gc,marking     ] GC(154) Concurrent Rebuild Remembered Sets and Scrub Regions 29.497ms
[2026-04-03T06:48:45.772+0600][52.271s][info][gc,start       ] GC(154) Pause Cleanup
[2026-04-03T06:48:45.773+0600][52.271s][info][gc             ] GC(154) Pause Cleanup 173M->173M(434M) 0.305ms
[2026-04-03T06:48:45.773+0600][52.271s][info][gc,cpu         ] GC(154) User=0.00s Sys=0.00s Real=0.00s
[2026-04-03T06:48:45.773+0600][52.271s][info][gc,marking     ] GC(154) Concurrent Clear Claimed Marks
[2026-04-03T06:48:45.773+0600][52.272s][info][gc,marking     ] GC(154) Concurrent Clear Claimed Marks 0.448ms
[2026-04-03T06:48:45.773+0600][52.272s][info][gc,marking     ] GC(154) Concurrent Cleanup for Next Mark
[2026-04-03T06:48:45.774+0600][52.272s][info][gc,marking     ] GC(154) Concurrent Cleanup for Next Mark 0.638ms
[2026-04-03T06:48:45.774+0600][52.272s][info][gc             ] GC(154) Concurrent Mark Cycle 124.182ms
[2026-04-03T06:48:45.991+0600][52.489s][info][gc,start       ] GC(155) Pause Young (Prepare Mixed) (G1 Evacuation Pause)
[2026-04-03T06:48:45.991+0600][52.489s][info][gc,task        ] GC(155) Using 10 workers of 10 for evacuation
[2026-04-03T06:48:46.004+0600][52.503s][info][gc,phases      ] GC(155)   Pre Evacuate Collection Set: 0.46ms
[2026-04-03T06:48:46.004+0600][52.503s][info][gc,phases      ] GC(155)   Merge Heap Roots: 1.04ms
[2026-04-03T06:48:46.004+0600][52.503s][info][gc,phases      ] GC(155)   Evacuate Collection Set: 8.92ms
[2026-04-03T06:48:46.004+0600][52.503s][info][gc,phases      ] GC(155)   Post Evacuate Collection Set: 2.96ms
[2026-04-03T06:48:46.004+0600][52.503s][info][gc,phases      ] GC(155)   Other: 0.14ms
[2026-04-03T06:48:46.005+0600][52.503s][info][gc,heap        ] GC(155) Eden regions: 120->0(128)
[2026-04-03T06:48:46.005+0600][52.503s][info][gc,heap        ] GC(155) Survivor regions: 4->6(17)
[2026-04-03T06:48:46.005+0600][52.503s][info][gc,heap        ] GC(155) Old regions: 46->47
[2026-04-03T06:48:46.005+0600][52.503s][info][gc,heap        ] GC(155) Humongous regions: 47->3
[2026-04-03T06:48:46.005+0600][52.503s][info][gc,metaspace   ] GC(155) Metaspace: 131315K(132736K)->131315K(132736K) NonClass: 114750K(115456K)->114750K(115456K) Class: 16565K(17280K)->16565K(17280K)
[2026-04-03T06:48:46.005+0600][52.503s][info][gc             ] GC(155) Pause Young (Prepare Mixed) (G1 Evacuation Pause) 430M->105M(448M) 13.949ms
[2026-04-03T06:48:46.005+0600][52.503s][info][gc,cpu         ] GC(155) User=0.05s Sys=0.02s Real=0.02s
[2026-04-03T06:48:46.179+0600][52.677s][info][gc,start       ] GC(156) Pause Young (Mixed) (G1 Evacuation Pause)
[2026-04-03T06:48:46.179+0600][52.677s][info][gc,task        ] GC(156) Using 10 workers of 10 for evacuation
[2026-04-03T06:48:46.185+0600][52.684s][info][gc,phases      ] GC(156)   Pre Evacuate Collection Set: 0.32ms
[2026-04-03T06:48:46.185+0600][52.684s][info][gc,phases      ] GC(156)   Merge Heap Roots: 0.14ms
[2026-04-03T06:48:46.185+0600][52.684s][info][gc,phases      ] GC(156)   Evacuate Collection Set: 5.24ms
[2026-04-03T06:48:46.185+0600][52.684s][info][gc,phases      ] GC(156)   Post Evacuate Collection Set: 0.73ms
[2026-04-03T06:48:46.185+0600][52.684s][info][gc,phases      ] GC(156)   Other: 0.09ms
[2026-04-03T06:48:46.185+0600][52.684s][info][gc,heap        ] GC(156) Eden regions: 55->0(189)
[2026-04-03T06:48:46.185+0600][52.684s][info][gc,heap        ] GC(156) Survivor regions: 6->6(17)
[2026-04-03T06:48:46.185+0600][52.684s][info][gc,heap        ] GC(156) Old regions: 47->45
[2026-04-03T06:48:46.185+0600][52.684s][info][gc,heap        ] GC(156) Humongous regions: 212->15
[2026-04-03T06:48:46.185+0600][52.684s][info][gc,metaspace   ] GC(156) Metaspace: 131316K(132736K)->131316K(132736K) NonClass: 114751K(115456K)->114751K(115456K) Class: 16565K(17280K)->16565K(17280K)
[2026-04-03T06:48:46.186+0600][52.684s][info][gc             ] GC(156) Pause Young (Mixed) (G1 Evacuation Pause) 633M->127M(652M) 6.892ms
[2026-04-03T06:48:46.186+0600][52.684s][info][gc,cpu         ] GC(156) User=0.04s Sys=0.00s Real=0.01s
[2026-04-03T06:48:46.186+0600][52.685s][info][gc,start       ] GC(157) Pause Young (Concurrent Start) (G1 Humongous Allocation)
[2026-04-03T06:48:46.186+0600][52.685s][info][gc,task        ] GC(157) Using 10 workers of 10 for evacuation
[2026-04-03T06:48:46.190+0600][52.688s][info][gc,phases      ] GC(157)   Pre Evacuate Collection Set: 0.26ms
[2026-04-03T06:48:46.190+0600][52.689s][info][gc,phases      ] GC(157)   Merge Heap Roots: 0.09ms
[2026-04-03T06:48:46.190+0600][52.689s][info][gc,phases      ] GC(157)   Evacuate Collection Set: 2.73ms
[2026-04-03T06:48:46.190+0600][52.689s][info][gc,phases      ] GC(157)   Post Evacuate Collection Set: 0.53ms
[2026-04-03T06:48:46.190+0600][52.689s][info][gc,phases      ] GC(157)   Other: 0.10ms
[2026-04-03T06:48:46.190+0600][52.689s][info][gc,heap        ] GC(157) Eden regions: 2->0(189)
[2026-04-03T06:48:46.190+0600][52.689s][info][gc,heap        ] GC(157) Survivor regions: 6->6(25)
[2026-04-03T06:48:46.190+0600][52.689s][info][gc,heap        ] GC(157) Old regions: 45->45
[2026-04-03T06:48:46.190+0600][52.689s][info][gc,heap        ] GC(157) Humongous regions: 15->3
[2026-04-03T06:48:46.190+0600][52.689s][info][gc,metaspace   ] GC(157) Metaspace: 131316K(132736K)->131316K(132736K) NonClass: 114751K(115456K)->114751K(115456K) Class: 16565K(17280K)->16565K(17280K)
[2026-04-03T06:48:46.190+0600][52.689s][info][gc             ] GC(157) Pause Young (Concurrent Start) (G1 Humongous Allocation) 130M->104M(652M) 4.031ms
[2026-04-03T06:48:46.190+0600][52.689s][info][gc             ] GC(158) Concurrent Mark Cycle
[2026-04-03T06:48:46.190+0600][52.689s][info][gc,cpu         ] GC(157) User=0.02s Sys=0.00s Real=0.00s
[2026-04-03T06:48:46.190+0600][52.689s][info][gc,marking     ] GC(158) Concurrent Scan Root Regions
[2026-04-03T06:48:46.194+0600][52.692s][info][gc,marking     ] GC(158) Concurrent Scan Root Regions 3.053ms
[2026-04-03T06:48:46.194+0600][52.692s][info][gc,marking     ] GC(158) Concurrent Mark
[2026-04-03T06:48:46.194+0600][52.692s][info][gc,marking     ] GC(158) Concurrent Mark From Roots
[2026-04-03T06:48:46.194+0600][52.692s][info][gc,task        ] GC(158) Using 3 workers of 3 for marking
[2026-04-03T06:48:46.263+0600][52.761s][info][gc,marking     ] GC(158) Concurrent Mark From Roots 68.995ms
[2026-04-03T06:48:46.263+0600][52.761s][info][gc,marking     ] GC(158) Concurrent Preclean
[2026-04-03T06:48:46.263+0600][52.762s][info][gc,marking     ] GC(158) Concurrent Preclean 0.760ms
[2026-04-03T06:48:46.264+0600][52.762s][info][gc,start       ] GC(158) Pause Remark
[2026-04-03T06:48:46.273+0600][52.772s][info][gc             ] GC(158) Pause Remark 191M->191M(520M) 9.557ms
[2026-04-03T06:48:46.274+0600][52.772s][info][gc,cpu         ] GC(158) User=0.06s Sys=0.01s Real=0.01s
[2026-04-03T06:48:46.274+0600][52.772s][info][gc,marking     ] GC(158) Concurrent Mark 80.157ms
[2026-04-03T06:48:46.274+0600][52.772s][info][gc,marking     ] GC(158) Concurrent Rebuild Remembered Sets and Scrub Regions
[2026-04-03T06:48:46.311+0600][52.810s][info][gc,marking     ] GC(158) Concurrent Rebuild Remembered Sets and Scrub Regions 37.594ms
[2026-04-03T06:48:46.313+0600][52.811s][info][gc,start       ] GC(158) Pause Cleanup
[2026-04-03T06:48:46.313+0600][52.811s][info][gc             ] GC(158) Pause Cleanup 401M->401M(520M) 0.363ms
[2026-04-03T06:48:46.313+0600][52.812s][info][gc,cpu         ] GC(158) User=0.01s Sys=0.00s Real=0.00s
[2026-04-03T06:48:46.313+0600][52.812s][info][gc,marking     ] GC(158) Concurrent Clear Claimed Marks
[2026-04-03T06:48:46.314+0600][52.812s][info][gc,marking     ] GC(158) Concurrent Clear Claimed Marks 0.392ms
[2026-04-03T06:48:46.314+0600][52.812s][info][gc,marking     ] GC(158) Concurrent Cleanup for Next Mark
[2026-04-03T06:48:46.315+0600][52.814s][info][gc,marking     ] GC(158) Concurrent Cleanup for Next Mark 1.798ms
[2026-04-03T06:48:46.316+0600][52.814s][info][gc             ] GC(158) Concurrent Mark Cycle 125.207ms
[2026-04-03T06:48:46.355+0600][52.854s][info][gc,start       ] GC(159) Pause Young (Prepare Mixed) (G1 Evacuation Pause)
[2026-04-03T06:48:46.355+0600][52.854s][info][gc,task        ] GC(159) Using 10 workers of 10 for evacuation
[2026-04-03T06:48:46.360+0600][52.858s][info][gc,phases      ] GC(159)   Pre Evacuate Collection Set: 0.37ms
[2026-04-03T06:48:46.360+0600][52.858s][info][gc,phases      ] GC(159)   Merge Heap Roots: 0.18ms
[2026-04-03T06:48:46.360+0600][52.858s][info][gc,phases      ] GC(159)   Evacuate Collection Set: 3.27ms
[2026-04-03T06:48:46.360+0600][52.858s][info][gc,phases      ] GC(159)   Post Evacuate Collection Set: 0.54ms
[2026-04-03T06:48:46.360+0600][52.858s][info][gc,phases      ] GC(159)   Other: 0.11ms
[2026-04-03T06:48:46.360+0600][52.858s][info][gc,heap        ] GC(159) Eden regions: 34->0(187)
[2026-04-03T06:48:46.360+0600][52.858s][info][gc,heap        ] GC(159) Survivor regions: 6->5(24)
[2026-04-03T06:48:46.360+0600][52.858s][info][gc,heap        ] GC(159) Old regions: 45->46
[2026-04-03T06:48:46.360+0600][52.858s][info][gc,heap        ] GC(159) Humongous regions: 229->3
[2026-04-03T06:48:46.360+0600][52.858s][info][gc,metaspace   ] GC(159) Metaspace: 131324K(132736K)->131324K(132736K) NonClass: 114758K(115456K)->114758K(115456K) Class: 16565K(17280K)->16565K(17280K)
[2026-04-03T06:48:46.360+0600][52.858s][info][gc             ] GC(159) Pause Young (Prepare Mixed) (G1 Evacuation Pause) 624M->101M(640M) 4.758ms
[2026-04-03T06:48:46.360+0600][52.858s][info][gc,cpu         ] GC(159) User=0.03s Sys=0.00s Real=0.00s
[2026-04-03T06:48:46.961+0600][53.460s][info][gc,start       ] GC(160) Pause Young (Mixed) (G1 Evacuation Pause)
[2026-04-03T06:48:46.961+0600][53.460s][info][gc,task        ] GC(160) Using 10 workers of 10 for evacuation
[2026-04-03T06:48:46.970+0600][53.469s][info][gc,phases      ] GC(160)   Pre Evacuate Collection Set: 0.26ms
[2026-04-03T06:48:46.970+0600][53.469s][info][gc,phases      ] GC(160)   Merge Heap Roots: 0.16ms
[2026-04-03T06:48:46.970+0600][53.469s][info][gc,phases      ] GC(160)   Evacuate Collection Set: 5.66ms
[2026-04-03T06:48:46.970+0600][53.469s][info][gc,phases      ] GC(160)   Post Evacuate Collection Set: 2.77ms
[2026-04-03T06:48:46.970+0600][53.469s][info][gc,phases      ] GC(160)   Other: 0.11ms
[2026-04-03T06:48:46.970+0600][53.469s][info][gc,heap        ] GC(160) Eden regions: 172->0(481)
[2026-04-03T06:48:46.970+0600][53.469s][info][gc,heap        ] GC(160) Survivor regions: 5->6(24)
[2026-04-03T06:48:46.970+0600][53.469s][info][gc,heap        ] GC(160) Old regions: 46->44
[2026-04-03T06:48:46.970+0600][53.469s][info][gc,heap        ] GC(160) Humongous regions: 97->3
[2026-04-03T06:48:46.970+0600][53.469s][info][gc,metaspace   ] GC(160) Metaspace: 131372K(132800K)->131372K(132800K) NonClass: 114806K(115520K)->114806K(115520K) Class: 16566K(17280K)->16566K(17280K)
[2026-04-03T06:48:46.970+0600][53.469s][info][gc             ] GC(160) Pause Young (Mixed) (G1 Evacuation Pause) 633M->102M(1626M) 9.293ms
[2026-04-03T06:48:46.970+0600][53.469s][info][gc,cpu         ] GC(160) User=0.04s Sys=0.02s Real=0.01s
[2026-04-03T06:48:46.989+0600][53.488s][info][gc,start       ] GC(161) Pause Young (Concurrent Start) (G1 Humongous Allocation)
[2026-04-03T06:48:46.989+0600][53.488s][info][gc,task        ] GC(161) Using 10 workers of 10 for evacuation
[2026-04-03T06:48:46.995+0600][53.494s][info][gc,phases      ] GC(161)   Pre Evacuate Collection Set: 0.45ms
[2026-04-03T06:48:46.995+0600][53.494s][info][gc,phases      ] GC(161)   Merge Heap Roots: 0.19ms
[2026-04-03T06:48:46.995+0600][53.494s][info][gc,phases      ] GC(161)   Evacuate Collection Set: 4.45ms
[2026-04-03T06:48:46.995+0600][53.494s][info][gc,phases      ] GC(161)   Post Evacuate Collection Set: 0.71ms
[2026-04-03T06:48:46.995+0600][53.494s][info][gc,phases      ] GC(161)   Other: 0.24ms
[2026-04-03T06:48:46.996+0600][53.494s][info][gc,heap        ] GC(161) Eden regions: 8->0(480)
[2026-04-03T06:48:46.996+0600][53.494s][info][gc,heap        ] GC(161) Survivor regions: 6->7(61)
[2026-04-03T06:48:46.996+0600][53.494s][info][gc,heap        ] GC(161) Old regions: 44->44
[2026-04-03T06:48:46.996+0600][53.494s][info][gc,heap        ] GC(161) Humongous regions: 3->3
[2026-04-03T06:48:46.996+0600][53.494s][info][gc,metaspace   ] GC(161) Metaspace: 131372K(132800K)->131372K(132800K) NonClass: 114806K(115520K)->114806K(115520K) Class: 16566K(17280K)->16566K(17280K)
[2026-04-03T06:48:46.996+0600][53.494s][info][gc             ] GC(161) Pause Young (Concurrent Start) (G1 Humongous Allocation) 117M->104M(1626M) 6.477ms
[2026-04-03T06:48:46.996+0600][53.494s][info][gc             ] GC(162) Concurrent Mark Cycle
[2026-04-03T06:48:46.996+0600][53.494s][info][gc,marking     ] GC(162) Concurrent Scan Root Regions
[2026-04-03T06:48:46.996+0600][53.494s][info][gc,cpu         ] GC(161) User=0.05s Sys=0.01s Real=0.01s
[2026-04-03T06:48:46.999+0600][53.498s][info][gc,marking     ] GC(162) Concurrent Scan Root Regions 3.730ms
[2026-04-03T06:48:47.000+0600][53.498s][info][gc,marking     ] GC(162) Concurrent Mark
[2026-04-03T06:48:47.000+0600][53.498s][info][gc,marking     ] GC(162) Concurrent Mark From Roots
[2026-04-03T06:48:47.000+0600][53.498s][info][gc,task        ] GC(162) Using 3 workers of 3 for marking
[2026-04-03T06:48:47.081+0600][53.579s][info][gc,marking     ] GC(162) Concurrent Mark From Roots 80.988ms
[2026-04-03T06:48:47.081+0600][53.579s][info][gc,marking     ] GC(162) Concurrent Preclean
[2026-04-03T06:48:47.082+0600][53.580s][info][gc,marking     ] GC(162) Concurrent Preclean 0.927ms
[2026-04-03T06:48:47.082+0600][53.580s][info][gc,start       ] GC(162) Pause Remark
[2026-04-03T06:48:47.091+0600][53.590s][info][gc             ] GC(162) Pause Remark 190M->190M(508M) 9.266ms
[2026-04-03T06:48:47.091+0600][53.590s][info][gc,cpu         ] GC(162) User=0.06s Sys=0.01s Real=0.01s
[2026-04-03T06:48:47.091+0600][53.590s][info][gc,marking     ] GC(162) Concurrent Mark 91.925ms
[2026-04-03T06:48:47.092+0600][53.590s][info][gc,marking     ] GC(162) Concurrent Rebuild Remembered Sets and Scrub Regions
[2026-04-03T06:48:47.132+0600][53.630s][info][gc,marking     ] GC(162) Concurrent Rebuild Remembered Sets and Scrub Regions 40.347ms
[2026-04-03T06:48:47.132+0600][53.631s][info][gc,start       ] GC(162) Pause Cleanup
[2026-04-03T06:48:47.133+0600][53.631s][info][gc             ] GC(162) Pause Cleanup 219M->219M(508M) 0.364ms
[2026-04-03T06:48:47.133+0600][53.631s][info][gc,cpu         ] GC(162) User=0.00s Sys=0.00s Real=0.00s
[2026-04-03T06:48:47.133+0600][53.631s][info][gc,marking     ] GC(162) Concurrent Clear Claimed Marks
[2026-04-03T06:48:47.133+0600][53.632s][info][gc,marking     ] GC(162) Concurrent Clear Claimed Marks 0.458ms
[2026-04-03T06:48:47.134+0600][53.632s][info][gc,marking     ] GC(162) Concurrent Cleanup for Next Mark
[2026-04-03T06:48:47.134+0600][53.633s][info][gc,marking     ] GC(162) Concurrent Cleanup for Next Mark 0.899ms
[2026-04-03T06:48:47.135+0600][53.633s][info][gc             ] GC(162) Concurrent Mark Cycle 138.892ms
[2026-04-03T06:48:47.351+0600][53.849s][info][gc,start       ] GC(163) Pause Young (Prepare Mixed) (G1 Evacuation Pause)
[2026-04-03T06:48:47.351+0600][53.849s][info][gc,task        ] GC(163) Using 10 workers of 10 for evacuation
[2026-04-03T06:48:47.359+0600][53.858s][info][gc,phases      ] GC(163)   Pre Evacuate Collection Set: 0.44ms
[2026-04-03T06:48:47.359+0600][53.858s][info][gc,phases      ] GC(163)   Merge Heap Roots: 0.30ms
[2026-04-03T06:48:47.359+0600][53.858s][info][gc,phases      ] GC(163)   Evacuate Collection Set: 6.75ms
[2026-04-03T06:48:47.359+0600][53.858s][info][gc,phases      ] GC(163)   Post Evacuate Collection Set: 0.83ms
[2026-04-03T06:48:47.359+0600][53.858s][info][gc,phases      ] GC(163)   Other: 0.11ms
[2026-04-03T06:48:47.360+0600][53.858s][info][gc,heap        ] GC(163) Eden regions: 109->0(150)
[2026-04-03T06:48:47.360+0600][53.858s][info][gc,heap        ] GC(163) Survivor regions: 7->7(19)
[2026-04-03T06:48:47.360+0600][53.858s][info][gc,heap        ] GC(163) Old regions: 44->45
[2026-04-03T06:48:47.360+0600][53.858s][info][gc,heap        ] GC(163) Humongous regions: 94->3
[2026-04-03T06:48:47.360+0600][53.858s][info][gc,metaspace   ] GC(163) Metaspace: 131375K(132800K)->131375K(132800K) NonClass: 114808K(115520K)->114808K(115520K) Class: 16566K(17280K)->16566K(17280K)
[2026-04-03T06:48:47.360+0600][53.858s][info][gc             ] GC(163) Pause Young (Prepare Mixed) (G1 Evacuation Pause) 504M->105M(524M) 8.802ms
[2026-04-03T06:48:47.360+0600][53.858s][info][gc,cpu         ] GC(163) User=0.05s Sys=0.02s Real=0.01s
[2026-04-03T06:48:47.684+0600][54.182s][info][gc,start       ] GC(164) Pause Young (Mixed) (G1 Evacuation Pause)
[2026-04-03T06:48:47.684+0600][54.182s][info][gc,task        ] GC(164) Using 10 workers of 10 for evacuation
[2026-04-03T06:48:47.693+0600][54.191s][info][gc,phases      ] GC(164)   Pre Evacuate Collection Set: 0.43ms
[2026-04-03T06:48:47.693+0600][54.191s][info][gc,phases      ] GC(164)   Merge Heap Roots: 0.25ms
[2026-04-03T06:48:47.693+0600][54.191s][info][gc,phases      ] GC(164)   Evacuate Collection Set: 7.11ms
[2026-04-03T06:48:47.693+0600][54.191s][info][gc,phases      ] GC(164)   Post Evacuate Collection Set: 0.74ms
[2026-04-03T06:48:47.693+0600][54.191s][info][gc,phases      ] GC(164)   Other: 0.12ms
[2026-04-03T06:48:47.693+0600][54.191s][info][gc,heap        ] GC(164) Eden regions: 121->0(155)
[2026-04-03T06:48:47.693+0600][54.191s][info][gc,heap        ] GC(164) Survivor regions: 7->6(20)
[2026-04-03T06:48:47.693+0600][54.191s][info][gc,heap        ] GC(164) Old regions: 45->44
[2026-04-03T06:48:47.693+0600][54.191s][info][gc,heap        ] GC(164) Humongous regions: 89->3
[2026-04-03T06:48:47.693+0600][54.191s][info][gc,metaspace   ] GC(164) Metaspace: 131394K(132800K)->131394K(132800K) NonClass: 114827K(115520K)->114827K(115520K) Class: 16566K(17280K)->16566K(17280K)
[2026-04-03T06:48:47.693+0600][54.191s][info][gc             ] GC(164) Pause Young (Mixed) (G1 Evacuation Pause) 519M->101M(538M) 9.063ms
[2026-04-03T06:48:47.693+0600][54.191s][info][gc,cpu         ] GC(164) User=0.04s Sys=0.02s Real=0.00s
[2026-04-03T06:48:47.697+0600][54.195s][info][gc,start       ] GC(165) Pause Young (Concurrent Start) (G1 Humongous Allocation)
[2026-04-03T06:48:47.697+0600][54.195s][info][gc,task        ] GC(165) Using 10 workers of 10 for evacuation
[2026-04-03T06:48:47.702+0600][54.200s][info][gc,phases      ] GC(165)   Pre Evacuate Collection Set: 0.52ms
[2026-04-03T06:48:47.702+0600][54.200s][info][gc,phases      ] GC(165)   Merge Heap Roots: 0.15ms
[2026-04-03T06:48:47.702+0600][54.200s][info][gc,phases      ] GC(165)   Evacuate Collection Set: 3.50ms
[2026-04-03T06:48:47.702+0600][54.200s][info][gc,phases      ] GC(165)   Post Evacuate Collection Set: 0.53ms
[2026-04-03T06:48:47.702+0600][54.200s][info][gc,phases      ] GC(165)   Other: 0.19ms
[2026-04-03T06:48:47.702+0600][54.200s][info][gc,heap        ] GC(165) Eden regions: 4->0(155)
[2026-04-03T06:48:47.702+0600][54.200s][info][gc,heap        ] GC(165) Survivor regions: 6->6(21)
[2026-04-03T06:48:47.702+0600][54.200s][info][gc,heap        ] GC(165) Old regions: 44->44
[2026-04-03T06:48:47.702+0600][54.200s][info][gc,heap        ] GC(165) Humongous regions: 3->3
[2026-04-03T06:48:47.702+0600][54.200s][info][gc,metaspace   ] GC(165) Metaspace: 131394K(132800K)->131394K(132800K) NonClass: 114827K(115520K)->114827K(115520K) Class: 16566K(17280K)->16566K(17280K)
[2026-04-03T06:48:47.702+0600][54.200s][info][gc             ] GC(165) Pause Young (Concurrent Start) (G1 Humongous Allocation) 107M->101M(538M) 5.193ms
[2026-04-03T06:48:47.702+0600][54.200s][info][gc             ] GC(166) Concurrent Mark Cycle
[2026-04-03T06:48:47.702+0600][54.200s][info][gc,cpu         ] GC(165) User=0.04s Sys=0.01s Real=0.00s
[2026-04-03T06:48:47.702+0600][54.200s][info][gc,marking     ] GC(166) Concurrent Scan Root Regions
[2026-04-03T06:48:47.708+0600][54.207s][info][gc,marking     ] GC(166) Concurrent Scan Root Regions 6.426ms
[2026-04-03T06:48:47.709+0600][54.207s][info][gc,marking     ] GC(166) Concurrent Mark
[2026-04-03T06:48:47.709+0600][54.207s][info][gc,marking     ] GC(166) Concurrent Mark From Roots
[2026-04-03T06:48:47.709+0600][54.207s][info][gc,task        ] GC(166) Using 3 workers of 3 for marking
[2026-04-03T06:48:47.779+0600][54.277s][info][gc,marking     ] GC(166) Concurrent Mark From Roots 70.140ms
[2026-04-03T06:48:47.779+0600][54.277s][info][gc,marking     ] GC(166) Concurrent Preclean
[2026-04-03T06:48:47.780+0600][54.278s][info][gc,marking     ] GC(166) Concurrent Preclean 0.922ms
[2026-04-03T06:48:47.780+0600][54.279s][info][gc,start       ] GC(166) Pause Remark
[2026-04-03T06:48:47.788+0600][54.287s][info][gc             ] GC(166) Pause Remark 154M->154M(428M) 8.193ms
[2026-04-03T06:48:47.788+0600][54.287s][info][gc,cpu         ] GC(166) User=0.06s Sys=0.00s Real=0.01s
[2026-04-03T06:48:47.789+0600][54.287s][info][gc,marking     ] GC(166) Concurrent Mark 80.071ms
[2026-04-03T06:48:47.789+0600][54.287s][info][gc,marking     ] GC(166) Concurrent Rebuild Remembered Sets and Scrub Regions
[2026-04-03T06:48:47.818+0600][54.317s][info][gc,marking     ] GC(166) Concurrent Rebuild Remembered Sets and Scrub Regions 29.419ms
[2026-04-03T06:48:47.818+0600][54.317s][info][gc,start       ] GC(166) Pause Cleanup
[2026-04-03T06:48:47.819+0600][54.317s][info][gc             ] GC(166) Pause Cleanup 165M->165M(428M) 0.287ms
[2026-04-03T06:48:47.819+0600][54.317s][info][gc,cpu         ] GC(166) User=0.00s Sys=0.00s Real=0.00s
[2026-04-03T06:48:47.819+0600][54.317s][info][gc,marking     ] GC(166) Concurrent Clear Claimed Marks
[2026-04-03T06:48:47.819+0600][54.318s][info][gc,marking     ] GC(166) Concurrent Clear Claimed Marks 0.400ms
[2026-04-03T06:48:47.819+0600][54.318s][info][gc,marking     ] GC(166) Concurrent Cleanup for Next Mark
[2026-04-03T06:48:47.820+0600][54.319s][info][gc,marking     ] GC(166) Concurrent Cleanup for Next Mark 0.687ms
[2026-04-03T06:48:47.820+0600][54.319s][info][gc             ] GC(166) Concurrent Mark Cycle 118.338ms
[2026-04-03T06:48:48.048+0600][54.546s][info][gc,start       ] GC(167) Pause Young (Prepare Mixed) (G1 Evacuation Pause)
[2026-04-03T06:48:48.048+0600][54.547s][info][gc,task        ] GC(167) Using 10 workers of 10 for evacuation
[2026-04-03T06:48:48.055+0600][54.554s][info][gc,phases      ] GC(167)   Pre Evacuate Collection Set: 0.34ms
[2026-04-03T06:48:48.055+0600][54.554s][info][gc,phases      ] GC(167)   Merge Heap Roots: 0.19ms
[2026-04-03T06:48:48.055+0600][54.554s][info][gc,phases      ] GC(167)   Evacuate Collection Set: 5.77ms
[2026-04-03T06:48:48.055+0600][54.554s][info][gc,phases      ] GC(167)   Post Evacuate Collection Set: 0.71ms
[2026-04-03T06:48:48.055+0600][54.554s][info][gc,phases      ] GC(167)   Other: 0.11ms
[2026-04-03T06:48:48.055+0600][54.554s][info][gc,heap        ] GC(167) Eden regions: 111->0(126)
[2026-04-03T06:48:48.055+0600][54.554s][info][gc,heap        ] GC(167) Survivor regions: 6->6(16)
[2026-04-03T06:48:48.055+0600][54.554s][info][gc,heap        ] GC(167) Old regions: 44->45
[2026-04-03T06:48:48.055+0600][54.554s][info][gc,heap        ] GC(167) Humongous regions: 53->3
[2026-04-03T06:48:48.055+0600][54.554s][info][gc,metaspace   ] GC(167) Metaspace: 131417K(132864K)->131417K(132864K) NonClass: 114846K(115584K)->114846K(115584K) Class: 16570K(17280K)->16570K(17280K)
[2026-04-03T06:48:48.055+0600][54.554s][info][gc             ] GC(167) Pause Young (Prepare Mixed) (G1 Evacuation Pause) 423M->102M(442M) 7.454ms
[2026-04-03T06:48:48.056+0600][54.554s][info][gc,cpu         ] GC(167) User=0.02s Sys=0.03s Real=0.01s
[2026-04-03T06:48:48.330+0600][54.828s][info][gc,start       ] GC(168) Pause Young (Mixed) (G1 Evacuation Pause)
[2026-04-03T06:48:48.330+0600][54.829s][info][gc,task        ] GC(168) Using 10 workers of 10 for evacuation
[2026-04-03T06:48:48.340+0600][54.839s][info][gc,phases      ] GC(168)   Pre Evacuate Collection Set: 0.52ms
[2026-04-03T06:48:48.341+0600][54.839s][info][gc,phases      ] GC(168)   Merge Heap Roots: 0.23ms
[2026-04-03T06:48:48.341+0600][54.839s][info][gc,phases      ] GC(168)   Evacuate Collection Set: 8.64ms
[2026-04-03T06:48:48.341+0600][54.839s][info][gc,phases      ] GC(168)   Post Evacuate Collection Set: 0.88ms
[2026-04-03T06:48:48.341+0600][54.839s][info][gc,phases      ] GC(168)   Other: 0.12ms
[2026-04-03T06:48:48.341+0600][54.839s][info][gc,heap        ] GC(168) Eden regions: 125->0(130)
[2026-04-03T06:48:48.341+0600][54.839s][info][gc,heap        ] GC(168) Survivor regions: 6->8(17)
[2026-04-03T06:48:48.341+0600][54.839s][info][gc,heap        ] GC(168) Old regions: 45->44
[2026-04-03T06:48:48.341+0600][54.839s][info][gc,heap        ] GC(168) Humongous regions: 45->3
[2026-04-03T06:48:48.341+0600][54.839s][info][gc,metaspace   ] GC(168) Metaspace: 131417K(132864K)->131417K(132864K) NonClass: 114846K(115584K)->114846K(115584K) Class: 16570K(17280K)->16570K(17280K)
[2026-04-03T06:48:48.341+0600][54.839s][info][gc             ] GC(168) Pause Young (Mixed) (G1 Evacuation Pause) 436M->104M(460M) 10.770ms
[2026-04-03T06:48:48.341+0600][54.839s][info][gc,cpu         ] GC(168) User=0.05s Sys=0.03s Real=0.01s
[2026-04-03T06:48:48.345+0600][54.844s][info][gc,start       ] GC(169) Pause Young (Concurrent Start) (G1 Humongous Allocation)
[2026-04-03T06:48:48.345+0600][54.844s][info][gc,task        ] GC(169) Using 10 workers of 10 for evacuation
[2026-04-03T06:48:48.350+0600][54.849s][info][gc,phases      ] GC(169)   Pre Evacuate Collection Set: 0.32ms
[2026-04-03T06:48:48.350+0600][54.849s][info][gc,phases      ] GC(169)   Merge Heap Roots: 0.11ms
[2026-04-03T06:48:48.351+0600][54.849s][info][gc,phases      ] GC(169)   Evacuate Collection Set: 3.56ms
[2026-04-03T06:48:48.351+0600][54.849s][info][gc,phases      ] GC(169)   Post Evacuate Collection Set: 0.88ms
[2026-04-03T06:48:48.351+0600][54.849s][info][gc,phases      ] GC(169)   Other: 0.13ms
[2026-04-03T06:48:48.351+0600][54.849s][info][gc,heap        ] GC(169) Eden regions: 4->0(158)
[2026-04-03T06:48:48.351+0600][54.849s][info][gc,heap        ] GC(169) Survivor regions: 8->7(18)
[2026-04-03T06:48:48.351+0600][54.849s][info][gc,heap        ] GC(169) Old regions: 44->44
[2026-04-03T06:48:48.351+0600][54.849s][info][gc,heap        ] GC(169) Humongous regions: 3->3
[2026-04-03T06:48:48.351+0600][54.849s][info][gc,metaspace   ] GC(169) Metaspace: 131417K(132864K)->131417K(132864K) NonClass: 114846K(115584K)->114846K(115584K) Class: 16570K(17280K)->16570K(17280K)
[2026-04-03T06:48:48.351+0600][54.849s][info][gc             ] GC(169) Pause Young (Concurrent Start) (G1 Humongous Allocation) 112M->102M(552M) 5.306ms
[2026-04-03T06:48:48.351+0600][54.849s][info][gc             ] GC(170) Concurrent Mark Cycle
[2026-04-03T06:48:48.351+0600][54.849s][info][gc,cpu         ] GC(169) User=0.04s Sys=0.00s Real=0.00s
[2026-04-03T06:48:48.351+0600][54.849s][info][gc,marking     ] GC(170) Concurrent Scan Root Regions
[2026-04-03T06:48:48.359+0600][54.857s][info][gc,marking     ] GC(170) Concurrent Scan Root Regions 7.671ms
[2026-04-03T06:48:48.359+0600][54.857s][info][gc,marking     ] GC(170) Concurrent Mark
[2026-04-03T06:48:48.359+0600][54.857s][info][gc,marking     ] GC(170) Concurrent Mark From Roots
[2026-04-03T06:48:48.359+0600][54.857s][info][gc,task        ] GC(170) Using 3 workers of 3 for marking
[2026-04-03T06:48:48.449+0600][54.947s][info][gc,marking     ] GC(170) Concurrent Mark From Roots 89.852ms
[2026-04-03T06:48:48.449+0600][54.947s][info][gc,marking     ] GC(170) Concurrent Preclean
[2026-04-03T06:48:48.449+0600][54.948s][info][gc,marking     ] GC(170) Concurrent Preclean 0.879ms
[2026-04-03T06:48:48.450+0600][54.948s][info][gc,start       ] GC(170) Pause Remark
[2026-04-03T06:48:48.459+0600][54.957s][info][gc             ] GC(170) Pause Remark 196M->196M(434M) 8.922ms
[2026-04-03T06:48:48.459+0600][54.958s][info][gc,cpu         ] GC(170) User=0.06s Sys=0.00s Real=0.01s
[2026-04-03T06:48:48.459+0600][54.958s][info][gc,marking     ] GC(170) Concurrent Mark 100.731ms
[2026-04-03T06:48:48.459+0600][54.958s][info][gc,marking     ] GC(170) Concurrent Rebuild Remembered Sets and Scrub Regions
[2026-04-03T06:48:48.501+0600][55.000s][info][gc,marking     ] GC(170) Concurrent Rebuild Remembered Sets and Scrub Regions 41.879ms
[2026-04-03T06:48:48.502+0600][55.000s][info][gc,start       ] GC(170) Pause Cleanup
[2026-04-03T06:48:48.502+0600][55.000s][info][gc             ] GC(170) Pause Cleanup 258M->258M(434M) 0.285ms
[2026-04-03T06:48:48.502+0600][55.000s][info][gc,cpu         ] GC(170) User=0.00s Sys=0.00s Real=0.00s
[2026-04-03T06:48:48.502+0600][55.001s][info][gc,marking     ] GC(170) Concurrent Clear Claimed Marks
[2026-04-03T06:48:48.502+0600][55.001s][info][gc,marking     ] GC(170) Concurrent Clear Claimed Marks 0.386ms
[2026-04-03T06:48:48.503+0600][55.001s][info][gc,marking     ] GC(170) Concurrent Cleanup for Next Mark
[2026-04-03T06:48:48.503+0600][55.002s][info][gc,marking     ] GC(170) Concurrent Cleanup for Next Mark 0.937ms
[2026-04-03T06:48:48.504+0600][55.002s][info][gc             ] GC(170) Concurrent Mark Cycle 152.822ms
[2026-04-03T06:48:48.735+0600][55.234s][info][gc,start       ] GC(171) Pause Young (Prepare Mixed) (G1 Evacuation Pause)
[2026-04-03T06:48:48.736+0600][55.234s][info][gc,task        ] GC(171) Using 10 workers of 10 for evacuation
[2026-04-03T06:48:48.745+0600][55.243s][info][gc,phases      ] GC(171)   Pre Evacuate Collection Set: 0.71ms
[2026-04-03T06:48:48.745+0600][55.244s][info][gc,phases      ] GC(171)   Merge Heap Roots: 0.32ms
[2026-04-03T06:48:48.745+0600][55.244s][info][gc,phases      ] GC(171)   Evacuate Collection Set: 7.32ms
[2026-04-03T06:48:48.745+0600][55.244s][info][gc,phases      ] GC(171)   Post Evacuate Collection Set: 0.96ms
[2026-04-03T06:48:48.745+0600][55.244s][info][gc,phases      ] GC(171)   Other: 0.13ms
[2026-04-03T06:48:48.745+0600][55.244s][info][gc,heap        ] GC(171) Eden regions: 94->0(128)
[2026-04-03T06:48:48.745+0600][55.244s][info][gc,heap        ] GC(171) Survivor regions: 7->5(17)
[2026-04-03T06:48:48.745+0600][55.244s][info][gc,heap        ] GC(171) Old regions: 44->45
[2026-04-03T06:48:48.745+0600][55.244s][info][gc,heap        ] GC(171) Humongous regions: 72->3
[2026-04-03T06:48:48.745+0600][55.244s][info][gc,metaspace   ] GC(171) Metaspace: 131702K(133184K)->131702K(133184K) NonClass: 115064K(115840K)->115064K(115840K) Class: 16638K(17344K)->16638K(17344K)
[2026-04-03T06:48:48.745+0600][55.244s][info][gc             ] GC(171) Pause Young (Prepare Mixed) (G1 Evacuation Pause) 428M->100M(446M) 9.922ms
[2026-04-03T06:48:48.745+0600][55.244s][info][gc,cpu         ] GC(171) User=0.05s Sys=0.02s Real=0.01s
[2026-04-03T06:48:48.833+0600][55.332s][info][gc,start       ] GC(172) Pause Full (System.gc())
[2026-04-03T06:48:48.834+0600][55.332s][info][gc,task        ] GC(172) Using 10 workers of 10 for full compaction
[2026-04-03T06:48:48.834+0600][55.332s][info][gc,phases,start] GC(172) Phase 1: Mark live objects
[2026-04-03T06:48:48.937+0600][55.435s][info][gc,phases      ] GC(172) Phase 1: Mark live objects 102.690ms
[2026-04-03T06:48:48.937+0600][55.435s][info][gc,phases,start] GC(172) Phase 2: Prepare compaction
[2026-04-03T06:48:48.940+0600][55.438s][info][gc,phases      ] GC(172) Phase 2: Prepare compaction 3.079ms
[2026-04-03T06:48:48.940+0600][55.438s][info][gc,phases,start] GC(172) Phase 3: Adjust pointers
[2026-04-03T06:48:48.964+0600][55.462s][info][gc,phases      ] GC(172) Phase 3: Adjust pointers 23.853ms
[2026-04-03T06:48:48.964+0600][55.462s][info][gc,phases,start] GC(172) Phase 4: Compact heap
[2026-04-03T06:48:48.966+0600][55.465s][info][gc,phases      ] GC(172) Phase 4: Compact heap 2.453ms
[2026-04-03T06:48:48.966+0600][55.465s][info][gc,phases,start] GC(172) Phase 5: Reset Metadata
[2026-04-03T06:48:48.972+0600][55.471s][info][gc,phases      ] GC(172) Phase 5: Reset Metadata 5.845ms
[2026-04-03T06:48:48.991+0600][55.490s][info][gc,heap        ] GC(172) Eden regions: 36->0(102)
[2026-04-03T06:48:48.991+0600][55.490s][info][gc,heap        ] GC(172) Survivor regions: 5->0(17)
[2026-04-03T06:48:48.991+0600][55.490s][info][gc,heap        ] GC(172) Old regions: 45->48
[2026-04-03T06:48:48.991+0600][55.490s][info][gc,heap        ] GC(172) Humongous regions: 11->3
[2026-04-03T06:48:48.991+0600][55.490s][info][gc,metaspace   ] GC(172) Metaspace: 131740K(133184K)->131651K(133184K) NonClass: 115093K(115840K)->115028K(115840K) Class: 16647K(17344K)->16622K(17344K)
[2026-04-03T06:48:48.991+0600][55.490s][info][gc             ] GC(172) Pause Full (System.gc()) 187M->91M(340M) 157.772ms
[2026-04-03T06:48:48.991+0600][55.490s][info][gc,cpu         ] GC(172) User=1.00s Sys=0.08s Real=0.15s
[2026-04-03T06:48:49.014+0600][55.512s][info][gc,start       ] GC(173) Pause Young (Concurrent Start) (G1 Humongous Allocation)
[2026-04-03T06:48:49.014+0600][55.513s][info][gc,task        ] GC(173) Using 9 workers of 10 for evacuation
[2026-04-03T06:48:49.018+0600][55.516s][info][gc,phases      ] GC(173)   Pre Evacuate Collection Set: 0.62ms
[2026-04-03T06:48:49.018+0600][55.517s][info][gc,phases      ] GC(173)   Merge Heap Roots: 0.19ms
[2026-04-03T06:48:49.018+0600][55.517s][info][gc,phases      ] GC(173)   Evacuate Collection Set: 2.19ms
[2026-04-03T06:48:49.018+0600][55.517s][info][gc,phases      ] GC(173)   Post Evacuate Collection Set: 0.69ms
[2026-04-03T06:48:49.018+0600][55.517s][info][gc,phases      ] GC(173)   Other: 0.23ms
[2026-04-03T06:48:49.018+0600][55.517s][info][gc,heap        ] GC(173) Eden regions: 3->0(101)
[2026-04-03T06:48:49.018+0600][55.517s][info][gc,heap        ] GC(173) Survivor regions: 0->1(13)
[2026-04-03T06:48:49.018+0600][55.517s][info][gc,heap        ] GC(173) Old regions: 48->48
[2026-04-03T06:48:49.018+0600][55.517s][info][gc,heap        ] GC(173) Humongous regions: 3->3
[2026-04-03T06:48:49.018+0600][55.517s][info][gc,metaspace   ] GC(173) Metaspace: 131652K(133184K)->131652K(133184K) NonClass: 115030K(115840K)->115030K(115840K) Class: 16622K(17344K)->16622K(17344K)
[2026-04-03T06:48:49.018+0600][55.517s][info][gc             ] GC(173) Pause Young (Concurrent Start) (G1 Humongous Allocation) 96M->92M(340M) 4.367ms
[2026-04-03T06:48:49.018+0600][55.517s][info][gc             ] GC(174) Concurrent Mark Cycle
[2026-04-03T06:48:49.018+0600][55.517s][info][gc,marking     ] GC(174) Concurrent Scan Root Regions
[2026-04-03T06:48:49.018+0600][55.517s][info][gc,cpu         ] GC(173) User=0.02s Sys=0.00s Real=0.00s
[2026-04-03T06:48:49.020+0600][55.518s][info][gc,marking     ] GC(174) Concurrent Scan Root Regions 1.614ms
[2026-04-03T06:48:49.020+0600][55.519s][info][gc,marking     ] GC(174) Concurrent Mark
[2026-04-03T06:48:49.020+0600][55.519s][info][gc,marking     ] GC(174) Concurrent Mark From Roots
[2026-04-03T06:48:49.020+0600][55.519s][info][gc,task        ] GC(174) Using 3 workers of 3 for marking
[2026-04-03T06:48:49.094+0600][55.593s][info][gc,marking     ] GC(174) Concurrent Mark From Roots 74.227ms
[2026-04-03T06:48:49.094+0600][55.593s][info][gc,marking     ] GC(174) Concurrent Preclean
[2026-04-03T06:48:49.095+0600][55.593s][info][gc,marking     ] GC(174) Concurrent Preclean 0.620ms
[2026-04-03T06:48:49.095+0600][55.594s][info][gc,start       ] GC(174) Pause Remark
[2026-04-03T06:48:49.105+0600][55.604s][info][gc             ] GC(174) Pause Remark 121M->121M(340M) 9.884ms
[2026-04-03T06:48:49.105+0600][55.604s][info][gc,cpu         ] GC(174) User=0.07s Sys=0.01s Real=0.01s
[2026-04-03T06:48:49.106+0600][55.604s][info][gc,marking     ] GC(174) Concurrent Mark 85.428ms
[2026-04-03T06:48:49.106+0600][55.604s][info][gc,marking     ] GC(174) Concurrent Rebuild Remembered Sets and Scrub Regions
[2026-04-03T06:48:49.135+0600][55.633s][info][gc,marking     ] GC(174) Concurrent Rebuild Remembered Sets and Scrub Regions 29.323ms
[2026-04-03T06:48:49.135+0600][55.634s][info][gc,start       ] GC(174) Pause Cleanup
[2026-04-03T06:48:49.136+0600][55.634s][info][gc             ] GC(174) Pause Cleanup 133M->133M(340M) 0.324ms
[2026-04-03T06:48:49.136+0600][55.634s][info][gc,cpu         ] GC(174) User=0.00s Sys=0.00s Real=0.00s
[2026-04-03T06:48:49.136+0600][55.634s][info][gc,marking     ] GC(174) Concurrent Clear Claimed Marks
[2026-04-03T06:48:49.136+0600][55.635s][info][gc,marking     ] GC(174) Concurrent Clear Claimed Marks 0.421ms
[2026-04-03T06:48:49.136+0600][55.635s][info][gc,marking     ] GC(174) Concurrent Cleanup for Next Mark
[2026-04-03T06:48:49.137+0600][55.635s][info][gc,marking     ] GC(174) Concurrent Cleanup for Next Mark 0.538ms
[2026-04-03T06:48:49.137+0600][55.636s][info][gc             ] GC(174) Concurrent Mark Cycle 118.786ms
[2026-04-03T06:48:49.207+0600][55.706s][info][gc,start       ] GC(175) Pause Young (Prepare Mixed) (G1 Evacuation Pause)
[2026-04-03T06:48:49.207+0600][55.706s][info][gc,task        ] GC(175) Using 10 workers of 10 for evacuation
[2026-04-03T06:48:49.212+0600][55.710s][info][gc,phases      ] GC(175)   Pre Evacuate Collection Set: 0.28ms
[2026-04-03T06:48:49.212+0600][55.710s][info][gc,phases      ] GC(175)   Merge Heap Roots: 0.13ms
[2026-04-03T06:48:49.212+0600][55.710s][info][gc,phases      ] GC(175)   Evacuate Collection Set: 2.79ms
[2026-04-03T06:48:49.212+0600][55.710s][info][gc,phases      ] GC(175)   Post Evacuate Collection Set: 0.86ms
[2026-04-03T06:48:49.212+0600][55.710s][info][gc,phases      ] GC(175)   Other: 0.15ms
[2026-04-03T06:48:49.212+0600][55.710s][info][gc,heap        ] GC(175) Eden regions: 28->0(142)
[2026-04-03T06:48:49.212+0600][55.710s][info][gc,heap        ] GC(175) Survivor regions: 1->3(14)
[2026-04-03T06:48:49.212+0600][55.710s][info][gc,heap        ] GC(175) Old regions: 48->48
[2026-04-03T06:48:49.212+0600][55.710s][info][gc,heap        ] GC(175) Humongous regions: 162->12
[2026-04-03T06:48:49.212+0600][55.710s][info][gc,metaspace   ] GC(175) Metaspace: 131652K(133184K)->131652K(133184K) NonClass: 115030K(115840K)->115030K(115840K) Class: 16622K(17344K)->16622K(17344K)
[2026-04-03T06:48:49.212+0600][55.710s][info][gc             ] GC(175) Pause Young (Prepare Mixed) (G1 Evacuation Pause) 466M->113M(484M) 4.544ms
[2026-04-03T06:48:49.212+0600][55.710s][info][gc,cpu         ] GC(175) User=0.02s Sys=0.01s Real=0.00s
[2026-04-03T06:48:49.333+0600][55.832s][info][gc,start       ] GC(176) Pause Young (Mixed) (G1 Evacuation Pause)
[2026-04-03T06:48:49.333+0600][55.832s][info][gc,task        ] GC(176) Using 10 workers of 10 for evacuation
[2026-04-03T06:48:49.337+0600][55.835s][info][gc,phases      ] GC(176)   Pre Evacuate Collection Set: 0.31ms
[2026-04-03T06:48:49.337+0600][55.835s][info][gc,phases      ] GC(176)   Merge Heap Roots: 0.10ms
[2026-04-03T06:48:49.337+0600][55.835s][info][gc,phases      ] GC(176)   Evacuate Collection Set: 2.19ms
[2026-04-03T06:48:49.337+0600][55.835s][info][gc,phases      ] GC(176)   Post Evacuate Collection Set: 0.65ms
[2026-04-03T06:48:49.337+0600][55.835s][info][gc,phases      ] GC(176)   Other: 0.08ms
[2026-04-03T06:48:49.337+0600][55.835s][info][gc,heap        ] GC(176) Eden regions: 32->0(211)
[2026-04-03T06:48:49.337+0600][55.835s][info][gc,heap        ] GC(176) Survivor regions: 3->3(19)
[2026-04-03T06:48:49.337+0600][55.835s][info][gc,heap        ] GC(176) Old regions: 48->47
[2026-04-03T06:48:49.337+0600][55.835s][info][gc,heap        ] GC(176) Humongous regions: 271->10
[2026-04-03T06:48:49.337+0600][55.835s][info][gc,metaspace   ] GC(176) Metaspace: 131654K(133184K)->131654K(133184K) NonClass: 115031K(115840K)->115031K(115840K) Class: 16622K(17344K)->16622K(17344K)
[2026-04-03T06:48:49.337+0600][55.835s][info][gc             ] GC(176) Pause Young (Mixed) (G1 Evacuation Pause) 695M->109M(716M) 3.603ms
[2026-04-03T06:48:49.337+0600][55.836s][info][gc,cpu         ] GC(176) User=0.02s Sys=0.00s Real=0.00s
[2026-04-03T06:48:49.338+0600][55.836s][info][gc,start       ] GC(177) Pause Young (Concurrent Start) (G1 Humongous Allocation)
[2026-04-03T06:48:49.338+0600][55.836s][info][gc,task        ] GC(177) Using 10 workers of 10 for evacuation
[2026-04-03T06:48:49.340+0600][55.839s][info][gc,phases      ] GC(177)   Pre Evacuate Collection Set: 0.27ms
[2026-04-03T06:48:49.340+0600][55.839s][info][gc,phases      ] GC(177)   Merge Heap Roots: 0.07ms
[2026-04-03T06:48:49.340+0600][55.839s][info][gc,phases      ] GC(177)   Evacuate Collection Set: 1.46ms
[2026-04-03T06:48:49.340+0600][55.839s][info][gc,phases      ] GC(177)   Post Evacuate Collection Set: 0.45ms
[2026-04-03T06:48:49.340+0600][55.839s][info][gc,phases      ] GC(177)   Other: 0.08ms
[2026-04-03T06:48:49.340+0600][55.839s][info][gc,heap        ] GC(177) Eden regions: 2->0(211)
[2026-04-03T06:48:49.340+0600][55.839s][info][gc,heap        ] GC(177) Survivor regions: 3->3(27)
[2026-04-03T06:48:49.340+0600][55.839s][info][gc,heap        ] GC(177) Old regions: 47->47
[2026-04-03T06:48:49.340+0600][55.839s][info][gc,heap        ] GC(177) Humongous regions: 10->3
[2026-04-03T06:48:49.340+0600][55.839s][info][gc,metaspace   ] GC(177) Metaspace: 131654K(133184K)->131654K(133184K) NonClass: 115031K(115840K)->115031K(115840K) Class: 16622K(17344K)->16622K(17344K)
[2026-04-03T06:48:49.341+0600][55.839s][info][gc             ] GC(177) Pause Young (Concurrent Start) (G1 Humongous Allocation) 112M->95M(716M) 2.616ms
[2026-04-03T06:48:49.341+0600][55.839s][info][gc             ] GC(178) Concurrent Mark Cycle
[2026-04-03T06:48:49.341+0600][55.839s][info][gc,cpu         ] GC(177) User=0.02s Sys=0.01s Real=0.00s
[2026-04-03T06:48:49.341+0600][55.839s][info][gc,marking     ] GC(178) Concurrent Scan Root Regions
[2026-04-03T06:48:49.342+0600][55.841s][info][gc,marking     ] GC(178) Concurrent Scan Root Regions 1.478ms
[2026-04-03T06:48:49.342+0600][55.841s][info][gc,marking     ] GC(178) Concurrent Mark
[2026-04-03T06:48:49.342+0600][55.841s][info][gc,marking     ] GC(178) Concurrent Mark From Roots
[2026-04-03T06:48:49.342+0600][55.841s][info][gc,task        ] GC(178) Using 3 workers of 3 for marking
[2026-04-03T06:48:49.422+0600][55.921s][info][gc,marking     ] GC(178) Concurrent Mark From Roots 80.182ms
[2026-04-03T06:48:49.422+0600][55.921s][info][gc,marking     ] GC(178) Concurrent Preclean
[2026-04-03T06:48:49.423+0600][55.922s][info][gc,marking     ] GC(178) Concurrent Preclean 0.603ms
[2026-04-03T06:48:49.423+0600][55.922s][info][gc,start       ] GC(178) Pause Remark
[2026-04-03T06:48:49.431+0600][55.930s][info][gc             ] GC(178) Pause Remark 184M->184M(468M) 8.049ms
[2026-04-03T06:48:49.431+0600][55.930s][info][gc,cpu         ] GC(178) User=0.05s Sys=0.00s Real=0.00s
[2026-04-03T06:48:49.432+0600][55.930s][info][gc,marking     ] GC(178) Concurrent Mark 89.444ms
[2026-04-03T06:48:49.432+0600][55.930s][info][gc,marking     ] GC(178) Concurrent Rebuild Remembered Sets and Scrub Regions
[2026-04-03T06:48:49.455+0600][55.954s][info][gc,marking     ] GC(178) Concurrent Rebuild Remembered Sets and Scrub Regions 23.731ms
[2026-04-03T06:48:49.456+0600][55.954s][info][gc,start       ] GC(178) Pause Cleanup
[2026-04-03T06:48:49.456+0600][55.955s][info][gc             ] GC(178) Pause Cleanup 195M->195M(468M) 0.377ms
[2026-04-03T06:48:49.456+0600][55.955s][info][gc,cpu         ] GC(178) User=0.00s Sys=0.00s Real=0.00s
[2026-04-03T06:48:49.456+0600][55.955s][info][gc,marking     ] GC(178) Concurrent Clear Claimed Marks
[2026-04-03T06:48:49.457+0600][55.955s][info][gc,marking     ] GC(178) Concurrent Clear Claimed Marks 0.348ms
[2026-04-03T06:48:49.457+0600][55.955s][info][gc,marking     ] GC(178) Concurrent Cleanup for Next Mark
[2026-04-03T06:48:49.458+0600][55.956s][info][gc,marking     ] GC(178) Concurrent Cleanup for Next Mark 1.115ms
[2026-04-03T06:48:49.458+0600][55.956s][info][gc             ] GC(178) Concurrent Mark Cycle 117.346ms
[2026-04-03T06:48:49.910+0600][56.408s][info][gc,start       ] GC(179) Pause Young (Prepare Mixed) (G1 Evacuation Pause)
[2026-04-03T06:48:49.910+0600][56.408s][info][gc,task        ] GC(179) Using 10 workers of 10 for evacuation
[2026-04-03T06:48:49.913+0600][56.412s][info][gc,phases      ] GC(179)   Pre Evacuate Collection Set: 0.32ms
[2026-04-03T06:48:49.913+0600][56.412s][info][gc,phases      ] GC(179)   Merge Heap Roots: 0.15ms
[2026-04-03T06:48:49.913+0600][56.412s][info][gc,phases      ] GC(179)   Evacuate Collection Set: 2.37ms
[2026-04-03T06:48:49.913+0600][56.412s][info][gc,phases      ] GC(179)   Post Evacuate Collection Set: 0.58ms
[2026-04-03T06:48:49.913+0600][56.412s][info][gc,phases      ] GC(179)   Other: 0.13ms
[2026-04-03T06:48:49.913+0600][56.412s][info][gc,heap        ] GC(179) Eden regions: 125->0(139)
[2026-04-03T06:48:49.913+0600][56.412s][info][gc,heap        ] GC(179) Survivor regions: 3->2(18)
[2026-04-03T06:48:49.913+0600][56.412s][info][gc,heap        ] GC(179) Old regions: 47->47
[2026-04-03T06:48:49.913+0600][56.412s][info][gc,heap        ] GC(179) Humongous regions: 59->3
[2026-04-03T06:48:49.913+0600][56.412s][info][gc,metaspace   ] GC(179) Metaspace: 131666K(133184K)->131666K(133184K) NonClass: 115043K(115840K)->115043K(115840K) Class: 16622K(17344K)->16622K(17344K)
[2026-04-03T06:48:49.914+0600][56.412s][info][gc             ] GC(179) Pause Young (Prepare Mixed) (G1 Evacuation Pause) 457M->94M(472M) 3.864ms
[2026-04-03T06:48:49.914+0600][56.412s][info][gc,cpu         ] GC(179) User=0.02s Sys=0.00s Real=0.01s
[2026-04-03T06:48:50.205+0600][56.703s][info][gc,start       ] GC(180) Pause Young (Mixed) (GCLocker Initiated GC)
[2026-04-03T06:48:50.205+0600][56.703s][info][gc,task        ] GC(180) Using 10 workers of 10 for evacuation
[2026-04-03T06:48:50.211+0600][56.710s][info][gc,phases      ] GC(180)   Pre Evacuate Collection Set: 0.39ms
[2026-04-03T06:48:50.211+0600][56.710s][info][gc,phases      ] GC(180)   Merge Heap Roots: 0.33ms
[2026-04-03T06:48:50.211+0600][56.710s][info][gc,phases      ] GC(180)   Evacuate Collection Set: 4.57ms
[2026-04-03T06:48:50.211+0600][56.710s][info][gc,phases      ] GC(180)   Post Evacuate Collection Set: 0.90ms
[2026-04-03T06:48:50.211+0600][56.710s][info][gc,phases      ] GC(180)   Other: 0.15ms
[2026-04-03T06:48:50.211+0600][56.710s][info][gc,heap        ] GC(180) Eden regions: 101->0(141)
[2026-04-03T06:48:50.211+0600][56.710s][info][gc,heap        ] GC(180) Survivor regions: 2->3(18)
[2026-04-03T06:48:50.211+0600][56.710s][info][gc,heap        ] GC(180) Old regions: 47->46
[2026-04-03T06:48:50.211+0600][56.710s][info][gc,heap        ] GC(180) Humongous regions: 86->3
[2026-04-03T06:48:50.211+0600][56.710s][info][gc,metaspace   ] GC(180) Metaspace: 131667K(133184K)->131667K(133184K) NonClass: 115044K(115840K)->115044K(115840K) Class: 16622K(17344K)->16622K(17344K)
[2026-04-03T06:48:50.211+0600][56.710s][info][gc             ] GC(180) Pause Young (Mixed) (GCLocker Initiated GC) 462M->95M(480M) 6.710ms
[2026-04-03T06:48:50.212+0600][56.710s][info][gc,cpu         ] GC(180) User=0.05s Sys=0.01s Real=0.00s
[2026-04-03T06:48:50.213+0600][56.712s][info][gc,start       ] GC(181) Pause Young (Concurrent Start) (G1 Humongous Allocation)
[2026-04-03T06:48:50.213+0600][56.712s][info][gc,task        ] GC(181) Using 10 workers of 10 for evacuation
[2026-04-03T06:48:50.218+0600][56.716s][info][gc,phases      ] GC(181)   Pre Evacuate Collection Set: 0.38ms
[2026-04-03T06:48:50.218+0600][56.716s][info][gc,phases      ] GC(181)   Merge Heap Roots: 0.10ms
[2026-04-03T06:48:50.218+0600][56.716s][info][gc,phases      ] GC(181)   Evacuate Collection Set: 3.03ms
[2026-04-03T06:48:50.218+0600][56.716s][info][gc,phases      ] GC(181)   Post Evacuate Collection Set: 0.60ms
[2026-04-03T06:48:50.218+0600][56.716s][info][gc,phases      ] GC(181)   Other: 0.17ms
[2026-04-03T06:48:50.218+0600][56.716s][info][gc,heap        ] GC(181) Eden regions: 2->0(132)
[2026-04-03T06:48:50.218+0600][56.716s][info][gc,heap        ] GC(181) Survivor regions: 3->3(18)
[2026-04-03T06:48:50.218+0600][56.716s][info][gc,heap        ] GC(181) Old regions: 46->46
[2026-04-03T06:48:50.218+0600][56.716s][info][gc,heap        ] GC(181) Humongous regions: 3->3
[2026-04-03T06:48:50.218+0600][56.716s][info][gc,metaspace   ] GC(181) Metaspace: 131667K(133184K)->131667K(133184K) NonClass: 115044K(115840K)->115044K(115840K) Class: 16622K(17344K)->16622K(17344K)
[2026-04-03T06:48:50.218+0600][56.717s][info][gc             ] GC(181) Pause Young (Concurrent Start) (G1 Humongous Allocation) 99M->96M(480M) 4.727ms
[2026-04-03T06:48:50.218+0600][56.717s][info][gc             ] GC(182) Concurrent Mark Cycle
[2026-04-03T06:48:50.218+0600][56.717s][info][gc,marking     ] GC(182) Concurrent Scan Root Regions
[2026-04-03T06:48:50.218+0600][56.717s][info][gc,cpu         ] GC(181) User=0.02s Sys=0.00s Real=0.00s
[2026-04-03T06:48:50.220+0600][56.719s][info][gc,marking     ] GC(182) Concurrent Scan Root Regions 2.008ms
[2026-04-03T06:48:50.220+0600][56.719s][info][gc,marking     ] GC(182) Concurrent Mark
[2026-04-03T06:48:50.220+0600][56.719s][info][gc,marking     ] GC(182) Concurrent Mark From Roots
[2026-04-03T06:48:50.220+0600][56.719s][info][gc,task        ] GC(182) Using 3 workers of 3 for marking
[2026-04-03T06:48:50.317+0600][56.815s][info][gc,marking     ] GC(182) Concurrent Mark From Roots 96.536ms
[2026-04-03T06:48:50.317+0600][56.816s][info][gc,marking     ] GC(182) Concurrent Preclean
[2026-04-03T06:48:50.318+0600][56.817s][info][gc,marking     ] GC(182) Concurrent Preclean 1.007ms
[2026-04-03T06:48:50.319+0600][56.817s][info][gc,start       ] GC(182) Pause Remark
[2026-04-03T06:48:50.329+0600][56.827s][info][gc             ] GC(182) Pause Remark 182M->182M(474M) 10.280ms
[2026-04-03T06:48:50.329+0600][56.827s][info][gc,cpu         ] GC(182) User=0.06s Sys=0.01s Real=0.01s
[2026-04-03T06:48:50.332+0600][56.831s][info][gc,marking     ] GC(182) Concurrent Mark 111.870ms
[2026-04-03T06:48:50.332+0600][56.831s][info][gc,marking     ] GC(182) Concurrent Rebuild Remembered Sets and Scrub Regions
[2026-04-03T06:48:50.368+0600][56.867s][info][gc,marking     ] GC(182) Concurrent Rebuild Remembered Sets and Scrub Regions 36.133ms
[2026-04-03T06:48:50.369+0600][56.867s][info][gc,start       ] GC(182) Pause Cleanup
[2026-04-03T06:48:50.369+0600][56.868s][info][gc             ] GC(182) Pause Cleanup 221M->221M(474M) 0.524ms
[2026-04-03T06:48:50.370+0600][56.868s][info][gc,cpu         ] GC(182) User=0.00s Sys=0.00s Real=0.00s
[2026-04-03T06:48:50.370+0600][56.869s][info][gc,marking     ] GC(182) Concurrent Clear Claimed Marks
[2026-04-03T06:48:50.371+0600][56.869s][info][gc,marking     ] GC(182) Concurrent Clear Claimed Marks 0.487ms
[2026-04-03T06:48:50.371+0600][56.869s][info][gc,marking     ] GC(182) Concurrent Cleanup for Next Mark
[2026-04-03T06:48:50.372+0600][56.871s][info][gc,marking     ] GC(182) Concurrent Cleanup for Next Mark 1.226ms
[2026-04-03T06:48:50.372+0600][56.871s][info][gc             ] GC(182) Concurrent Mark Cycle 154.324ms
[2026-04-03T06:48:50.550+0600][57.048s][info][gc,start       ] GC(183) Pause Young (Prepare Mixed) (G1 Evacuation Pause)
[2026-04-03T06:48:50.550+0600][57.048s][info][gc,task        ] GC(183) Using 10 workers of 10 for evacuation
[2026-04-03T06:48:50.557+0600][57.055s][info][gc,phases      ] GC(183)   Pre Evacuate Collection Set: 0.39ms
[2026-04-03T06:48:50.557+0600][57.055s][info][gc,phases      ] GC(183)   Merge Heap Roots: 0.25ms
[2026-04-03T06:48:50.557+0600][57.055s][info][gc,phases      ] GC(183)   Evacuate Collection Set: 5.58ms
[2026-04-03T06:48:50.557+0600][57.055s][info][gc,phases      ] GC(183)   Post Evacuate Collection Set: 0.67ms
[2026-04-03T06:48:50.557+0600][57.055s][info][gc,phases      ] GC(183)   Other: 0.10ms
[2026-04-03T06:48:50.557+0600][57.055s][info][gc,heap        ] GC(183) Eden regions: 100->0(140)
[2026-04-03T06:48:50.557+0600][57.055s][info][gc,heap        ] GC(183) Survivor regions: 3->4(17)
[2026-04-03T06:48:50.557+0600][57.055s][info][gc,heap        ] GC(183) Old regions: 46->46
[2026-04-03T06:48:50.557+0600][57.056s][info][gc,heap        ] GC(183) Humongous regions: 88->3
[2026-04-03T06:48:50.557+0600][57.056s][info][gc,metaspace   ] GC(183) Metaspace: 131667K(133184K)->131667K(133184K) NonClass: 115045K(115840K)->115045K(115840K) Class: 16622K(17344K)->16622K(17344K)
[2026-04-03T06:48:50.557+0600][57.056s][info][gc             ] GC(183) Pause Young (Prepare Mixed) (G1 Evacuation Pause) 466M->96M(482M) 7.316ms
[2026-04-03T06:48:50.557+0600][57.056s][info][gc,cpu         ] GC(183) User=0.03s Sys=0.01s Real=0.01s
[2026-04-03T06:48:50.911+0600][57.409s][info][gc,start       ] GC(184) Pause Young (Mixed) (G1 Evacuation Pause)
[2026-04-03T06:48:50.911+0600][57.410s][info][gc,task        ] GC(184) Using 10 workers of 10 for evacuation
[2026-04-03T06:48:50.916+0600][57.415s][info][gc,phases      ] GC(184)   Pre Evacuate Collection Set: 0.30ms
[2026-04-03T06:48:50.916+0600][57.415s][info][gc,phases      ] GC(184)   Merge Heap Roots: 0.21ms
[2026-04-03T06:48:50.916+0600][57.415s][info][gc,phases      ] GC(184)   Evacuate Collection Set: 2.53ms
[2026-04-03T06:48:50.916+0600][57.415s][info][gc,phases      ] GC(184)   Post Evacuate Collection Set: 1.91ms
[2026-04-03T06:48:50.916+0600][57.415s][info][gc,phases      ] GC(184)   Other: 0.08ms
[2026-04-03T06:48:50.916+0600][57.415s][info][gc,heap        ] GC(184) Eden regions: 108->0(342)
[2026-04-03T06:48:50.916+0600][57.415s][info][gc,heap        ] GC(184) Survivor regions: 4->3(18)
[2026-04-03T06:48:50.916+0600][57.415s][info][gc,heap        ] GC(184) Old regions: 46->45
[2026-04-03T06:48:50.916+0600][57.415s][info][gc,heap        ] GC(184) Humongous regions: 83->3
[2026-04-03T06:48:50.916+0600][57.415s][info][gc,metaspace   ] GC(184) Metaspace: 131697K(133184K)->131697K(133184K) NonClass: 115074K(115840K)->115074K(115840K) Class: 16622K(17344K)->16622K(17344K)
[2026-04-03T06:48:50.916+0600][57.415s][info][gc             ] GC(184) Pause Young (Mixed) (G1 Evacuation Pause) 472M->94M(1150M) 5.307ms
[2026-04-03T06:48:50.916+0600][57.415s][info][gc,cpu         ] GC(184) User=0.02s Sys=0.01s Real=0.01s
[2026-04-03T06:48:51.193+0600][57.691s][info][gc,start       ] GC(185) Pause Young (Concurrent Start) (G1 Humongous Allocation)
[2026-04-03T06:48:51.193+0600][57.692s][info][gc,task        ] GC(185) Using 10 workers of 10 for evacuation
[2026-04-03T06:48:51.196+0600][57.694s][info][gc,phases      ] GC(185)   Pre Evacuate Collection Set: 0.31ms
[2026-04-03T06:48:51.196+0600][57.694s][info][gc,phases      ] GC(185)   Merge Heap Roots: 0.11ms
[2026-04-03T06:48:51.196+0600][57.694s][info][gc,phases      ] GC(185)   Evacuate Collection Set: 1.60ms
[2026-04-03T06:48:51.196+0600][57.694s][info][gc,phases      ] GC(185)   Post Evacuate Collection Set: 0.50ms
[2026-04-03T06:48:51.196+0600][57.694s][info][gc,phases      ] GC(185)   Other: 0.22ms
[2026-04-03T06:48:51.196+0600][57.694s][info][gc,heap        ] GC(185) Eden regions: 56->0(343)
[2026-04-03T06:48:51.196+0600][57.694s][info][gc,heap        ] GC(185) Survivor regions: 3->2(44)
[2026-04-03T06:48:51.196+0600][57.694s][info][gc,heap        ] GC(185) Old regions: 45->45
[2026-04-03T06:48:51.196+0600][57.694s][info][gc,heap        ] GC(185) Humongous regions: 3->3
[2026-04-03T06:48:51.196+0600][57.694s][info][gc,metaspace   ] GC(185) Metaspace: 131702K(133184K)->131702K(133184K) NonClass: 115080K(115840K)->115080K(115840K) Class: 16622K(17344K)->16622K(17344K)
[2026-04-03T06:48:51.196+0600][57.694s][info][gc             ] GC(185) Pause Young (Concurrent Start) (G1 Humongous Allocation) 206M->94M(1150M) 3.005ms
[2026-04-03T06:48:51.196+0600][57.695s][info][gc,cpu         ] GC(185) User=0.01s Sys=0.00s Real=0.01s
[2026-04-03T06:48:51.196+0600][57.695s][info][gc             ] GC(186) Concurrent Mark Cycle
[2026-04-03T06:48:51.196+0600][57.695s][info][gc,marking     ] GC(186) Concurrent Scan Root Regions
[2026-04-03T06:48:51.199+0600][57.697s][info][gc,marking     ] GC(186) Concurrent Scan Root Regions 2.432ms
[2026-04-03T06:48:51.199+0600][57.697s][info][gc,marking     ] GC(186) Concurrent Mark
[2026-04-03T06:48:51.199+0600][57.697s][info][gc,marking     ] GC(186) Concurrent Mark From Roots
[2026-04-03T06:48:51.199+0600][57.697s][info][gc,task        ] GC(186) Using 3 workers of 3 for marking
[2026-04-03T06:48:51.280+0600][57.778s][info][gc,marking     ] GC(186) Concurrent Mark From Roots 80.916ms
[2026-04-03T06:48:51.280+0600][57.778s][info][gc,marking     ] GC(186) Concurrent Preclean
[2026-04-03T06:48:51.281+0600][57.779s][info][gc,marking     ] GC(186) Concurrent Preclean 0.729ms
[2026-04-03T06:48:51.281+0600][57.779s][info][gc,start       ] GC(186) Pause Remark
[2026-04-03T06:48:51.290+0600][57.788s][info][gc             ] GC(186) Pause Remark 194M->194M(500M) 8.965ms
[2026-04-03T06:48:51.290+0600][57.788s][info][gc,cpu         ] GC(186) User=0.05s Sys=0.00s Real=0.01s
[2026-04-03T06:48:51.290+0600][57.789s][info][gc,marking     ] GC(186) Concurrent Mark 91.270ms
[2026-04-03T06:48:51.290+0600][57.789s][info][gc,marking     ] GC(186) Concurrent Rebuild Remembered Sets and Scrub Regions
[2026-04-03T06:48:51.324+0600][57.822s][info][gc,marking     ] GC(186) Concurrent Rebuild Remembered Sets and Scrub Regions 33.812ms
[2026-04-03T06:48:51.324+0600][57.823s][info][gc,start       ] GC(186) Pause Cleanup
[2026-04-03T06:48:51.325+0600][57.823s][info][gc             ] GC(186) Pause Cleanup 222M->222M(500M) 0.334ms
[2026-04-03T06:48:51.325+0600][57.823s][info][gc,cpu         ] GC(186) User=0.00s Sys=0.00s Real=0.00s
[2026-04-03T06:48:51.325+0600][57.823s][info][gc,marking     ] GC(186) Concurrent Clear Claimed Marks
[2026-04-03T06:48:51.326+0600][57.824s][info][gc,marking     ] GC(186) Concurrent Clear Claimed Marks 0.521ms
[2026-04-03T06:48:51.326+0600][57.824s][info][gc,marking     ] GC(186) Concurrent Cleanup for Next Mark
[2026-04-03T06:48:51.327+0600][57.826s][info][gc,marking     ] GC(186) Concurrent Cleanup for Next Mark 1.720ms
[2026-04-03T06:48:51.327+0600][57.826s][info][gc             ] GC(186) Concurrent Mark Cycle 131.250ms
[2026-04-03T06:48:51.523+0600][58.022s][info][gc,start       ] GC(187) Pause Young (Prepare Mixed) (GCLocker Initiated GC)
[2026-04-03T06:48:51.523+0600][58.022s][info][gc,task        ] GC(187) Using 10 workers of 10 for evacuation
[2026-04-03T06:48:51.529+0600][58.028s][info][gc,phases      ] GC(187)   Pre Evacuate Collection Set: 0.43ms
[2026-04-03T06:48:51.529+0600][58.028s][info][gc,phases      ] GC(187)   Merge Heap Roots: 0.21ms
[2026-04-03T06:48:51.529+0600][58.028s][info][gc,phases      ] GC(187)   Evacuate Collection Set: 4.47ms
[2026-04-03T06:48:51.529+0600][58.028s][info][gc,phases      ] GC(187)   Post Evacuate Collection Set: 0.69ms
[2026-04-03T06:48:51.529+0600][58.028s][info][gc,phases      ] GC(187)   Other: 0.12ms
[2026-04-03T06:48:51.529+0600][58.028s][info][gc,heap        ] GC(187) Eden regions: 108->0(148)
[2026-04-03T06:48:51.529+0600][58.028s][info][gc,heap        ] GC(187) Survivor regions: 2->4(19)
[2026-04-03T06:48:51.529+0600][58.028s][info][gc,heap        ] GC(187) Old regions: 45->45
[2026-04-03T06:48:51.529+0600][58.028s][info][gc,heap        ] GC(187) Humongous regions: 95->3
[2026-04-03T06:48:51.529+0600][58.028s][info][gc,metaspace   ] GC(187) Metaspace: 131702K(133184K)->131702K(133184K) NonClass: 115080K(115840K)->115080K(115840K) Class: 16622K(17344K)->16622K(17344K)
[2026-04-03T06:48:51.529+0600][58.028s][info][gc             ] GC(187) Pause Young (Prepare Mixed) (GCLocker Initiated GC) 494M->98M(508M) 6.257ms
[2026-04-03T06:48:51.530+0600][58.028s][info][gc,cpu         ] GC(187) User=0.03s Sys=0.02s Real=0.01s
[2026-04-03T06:48:51.808+0600][58.306s][info][gc,start       ] GC(188) Pause Young (Mixed) (G1 Evacuation Pause)
[2026-04-03T06:48:51.808+0600][58.306s][info][gc,task        ] GC(188) Using 10 workers of 10 for evacuation
[2026-04-03T06:48:51.816+0600][58.315s][info][gc,phases      ] GC(188)   Pre Evacuate Collection Set: 0.46ms
[2026-04-03T06:48:51.816+0600][58.315s][info][gc,phases      ] GC(188)   Merge Heap Roots: 0.22ms
[2026-04-03T06:48:51.816+0600][58.315s][info][gc,phases      ] GC(188)   Evacuate Collection Set: 6.53ms
[2026-04-03T06:48:51.816+0600][58.315s][info][gc,phases      ] GC(188)   Post Evacuate Collection Set: 0.77ms
[2026-04-03T06:48:51.816+0600][58.315s][info][gc,phases      ] GC(188)   Other: 0.15ms
[2026-04-03T06:48:51.816+0600][58.315s][info][gc,heap        ] GC(188) Eden regions: 112->0(151)
[2026-04-03T06:48:51.816+0600][58.315s][info][gc,heap        ] GC(188) Survivor regions: 4->4(19)
[2026-04-03T06:48:51.816+0600][58.315s][info][gc,heap        ] GC(188) Old regions: 45->44
[2026-04-03T06:48:51.816+0600][58.315s][info][gc,heap        ] GC(188) Humongous regions: 93->3
[2026-04-03T06:48:51.816+0600][58.315s][info][gc,metaspace   ] GC(188) Metaspace: 131722K(133184K)->131722K(133184K) NonClass: 115098K(115840K)->115098K(115840K) Class: 16623K(17344K)->16623K(17344K)
[2026-04-03T06:48:51.816+0600][58.315s][info][gc             ] GC(188) Pause Young (Mixed) (G1 Evacuation Pause) 502M->97M(518M) 8.508ms
[2026-04-03T06:48:51.816+0600][58.315s][info][gc,cpu         ] GC(188) User=0.05s Sys=0.02s Real=0.01s
[2026-04-03T06:48:51.818+0600][58.316s][info][gc,start       ] GC(189) Pause Young (Concurrent Start) (G1 Humongous Allocation)
[2026-04-03T06:48:51.818+0600][58.316s][info][gc,task        ] GC(189) Using 10 workers of 10 for evacuation
[2026-04-03T06:48:51.822+0600][58.320s][info][gc,phases      ] GC(189)   Pre Evacuate Collection Set: 0.36ms
[2026-04-03T06:48:51.822+0600][58.320s][info][gc,phases      ] GC(189)   Merge Heap Roots: 0.11ms
[2026-04-03T06:48:51.822+0600][58.320s][info][gc,phases      ] GC(189)   Evacuate Collection Set: 2.92ms
[2026-04-03T06:48:51.822+0600][58.321s][info][gc,phases      ] GC(189)   Post Evacuate Collection Set: 0.51ms
[2026-04-03T06:48:51.822+0600][58.321s][info][gc,phases      ] GC(189)   Other: 0.15ms
[2026-04-03T06:48:51.822+0600][58.321s][info][gc,heap        ] GC(189) Eden regions: 3->0(130)
[2026-04-03T06:48:51.822+0600][58.321s][info][gc,heap        ] GC(189) Survivor regions: 4->4(20)
[2026-04-03T06:48:51.822+0600][58.321s][info][gc,heap        ] GC(189) Old regions: 44->44
[2026-04-03T06:48:51.822+0600][58.321s][info][gc,heap        ] GC(189) Humongous regions: 3->3
[2026-04-03T06:48:51.822+0600][58.321s][info][gc,metaspace   ] GC(189) Metaspace: 131722K(133184K)->131722K(133184K) NonClass: 115098K(115840K)->115098K(115840K) Class: 16623K(17344K)->16623K(17344K)
[2026-04-03T06:48:51.822+0600][58.321s][info][gc             ] GC(189) Pause Young (Concurrent Start) (G1 Humongous Allocation) 101M->97M(518M) 4.357ms
[2026-04-03T06:48:51.822+0600][58.321s][info][gc             ] GC(190) Concurrent Mark Cycle
[2026-04-03T06:48:51.822+0600][58.321s][info][gc,cpu         ] GC(189) User=0.03s Sys=0.00s Real=0.00s
[2026-04-03T06:48:51.822+0600][58.321s][info][gc,marking     ] GC(190) Concurrent Scan Root Regions
[2026-04-03T06:48:51.827+0600][58.325s][info][gc,marking     ] GC(190) Concurrent Scan Root Regions 4.593ms
[2026-04-03T06:48:51.827+0600][58.326s][info][gc,marking     ] GC(190) Concurrent Mark
[2026-04-03T06:48:51.827+0600][58.326s][info][gc,marking     ] GC(190) Concurrent Mark From Roots
[2026-04-03T06:48:51.827+0600][58.326s][info][gc,task        ] GC(190) Using 3 workers of 3 for marking
[2026-04-03T06:48:51.916+0600][58.415s][info][gc,marking     ] GC(190) Concurrent Mark From Roots 89.090ms
[2026-04-03T06:48:51.916+0600][58.415s][info][gc,marking     ] GC(190) Concurrent Preclean
[2026-04-03T06:48:51.918+0600][58.417s][info][gc,marking     ] GC(190) Concurrent Preclean 2.019ms
[2026-04-03T06:48:51.919+0600][58.417s][info][gc,start       ] GC(190) Pause Remark
[2026-04-03T06:48:51.929+0600][58.427s][info][gc             ] GC(190) Pause Remark 187M->187M(468M) 9.995ms
[2026-04-03T06:48:51.929+0600][58.428s][info][gc,cpu         ] GC(190) User=0.06s Sys=0.00s Real=0.01s
[2026-04-03T06:48:51.929+0600][58.428s][info][gc,marking     ] GC(190) Concurrent Mark 102.122ms
[2026-04-03T06:48:51.929+0600][58.428s][info][gc,marking     ] GC(190) Concurrent Rebuild Remembered Sets and Scrub Regions
[2026-04-03T06:48:51.965+0600][58.464s][info][gc,marking     ] GC(190) Concurrent Rebuild Remembered Sets and Scrub Regions 36.105ms
[2026-04-03T06:48:51.966+0600][58.464s][info][gc,start       ] GC(190) Pause Cleanup
[2026-04-03T06:48:51.966+0600][58.465s][info][gc             ] GC(190) Pause Cleanup 227M->227M(468M) 0.314ms
[2026-04-03T06:48:51.966+0600][58.465s][info][gc,cpu         ] GC(190) User=0.00s Sys=0.00s Real=0.00s
[2026-04-03T06:48:51.970+0600][58.468s][info][gc,marking     ] GC(190) Concurrent Clear Claimed Marks
[2026-04-03T06:48:51.970+0600][58.468s][info][gc,marking     ] GC(190) Concurrent Clear Claimed Marks 0.445ms
[2026-04-03T06:48:51.970+0600][58.469s][info][gc,marking     ] GC(190) Concurrent Cleanup for Next Mark
[2026-04-03T06:48:51.971+0600][58.469s][info][gc,marking     ] GC(190) Concurrent Cleanup for Next Mark 0.935ms
[2026-04-03T06:48:51.971+0600][58.470s][info][gc             ] GC(190) Concurrent Mark Cycle 148.857ms
[2026-04-03T06:48:52.230+0600][58.728s][info][gc,start       ] GC(191) Pause Young (Prepare Mixed) (G1 Evacuation Pause)
[2026-04-03T06:48:52.230+0600][58.728s][info][gc,task        ] GC(191) Using 10 workers of 10 for evacuation
[2026-04-03T06:48:52.236+0600][58.735s][info][gc,phases      ] GC(191)   Pre Evacuate Collection Set: 0.61ms
[2026-04-03T06:48:52.236+0600][58.735s][info][gc,phases      ] GC(191)   Merge Heap Roots: 0.24ms
[2026-04-03T06:48:52.236+0600][58.735s][info][gc,phases      ] GC(191)   Evacuate Collection Set: 4.41ms
[2026-04-03T06:48:52.236+0600][58.735s][info][gc,phases      ] GC(191)   Post Evacuate Collection Set: 0.92ms
[2026-04-03T06:48:52.236+0600][58.735s][info][gc,phases      ] GC(191)   Other: 0.12ms
[2026-04-03T06:48:52.236+0600][58.735s][info][gc,heap        ] GC(191) Eden regions: 108->0(126)
[2026-04-03T06:48:52.237+0600][58.735s][info][gc,heap        ] GC(191) Survivor regions: 4->4(17)
[2026-04-03T06:48:52.237+0600][58.735s][info][gc,heap        ] GC(191) Old regions: 44->44
[2026-04-03T06:48:52.237+0600][58.735s][info][gc,heap        ] GC(191) Humongous regions: 78->3
[2026-04-03T06:48:52.237+0600][58.735s][info][gc,metaspace   ] GC(191) Metaspace: 131747K(133184K)->131747K(133184K) NonClass: 115122K(115840K)->115122K(115840K) Class: 16624K(17344K)->16624K(17344K)
[2026-04-03T06:48:52.237+0600][58.735s][info][gc             ] GC(191) Pause Young (Prepare Mixed) (G1 Evacuation Pause) 463M->97M(476M) 6.737ms
[2026-04-03T06:48:52.237+0600][58.735s][info][gc,cpu         ] GC(191) User=0.03s Sys=0.01s Real=0.01s
[2026-04-03T06:48:52.550+0600][59.049s][info][gc,start       ] GC(192) Pause Young (Mixed) (G1 Evacuation Pause)
[2026-04-03T06:48:52.550+0600][59.049s][info][gc,task        ] GC(192) Using 10 workers of 10 for evacuation
[2026-04-03T06:48:52.555+0600][59.054s][info][gc,phases      ] GC(192)   Pre Evacuate Collection Set: 0.36ms
[2026-04-03T06:48:52.555+0600][59.054s][info][gc,phases      ] GC(192)   Merge Heap Roots: 0.21ms
[2026-04-03T06:48:52.555+0600][59.054s][info][gc,phases      ] GC(192)   Evacuate Collection Set: 3.22ms
[2026-04-03T06:48:52.556+0600][59.054s][info][gc,phases      ] GC(192)   Post Evacuate Collection Set: 1.11ms
[2026-04-03T06:48:52.556+0600][59.054s][info][gc,phases      ] GC(192)   Other: 0.27ms
[2026-04-03T06:48:52.556+0600][59.054s][info][gc,heap        ] GC(192) Eden regions: 126->0(134)
[2026-04-03T06:48:52.556+0600][59.054s][info][gc,heap        ] GC(192) Survivor regions: 4->4(17)
[2026-04-03T06:48:52.556+0600][59.054s][info][gc,heap        ] GC(192) Old regions: 44->44
[2026-04-03T06:48:52.556+0600][59.054s][info][gc,heap        ] GC(192) Humongous regions: 46->4
[2026-04-03T06:48:52.556+0600][59.054s][info][gc,metaspace   ] GC(192) Metaspace: 131747K(133184K)->131747K(133184K) NonClass: 115122K(115840K)->115122K(115840K) Class: 16624K(17344K)->16624K(17344K)
[2026-04-03T06:48:52.556+0600][59.054s][info][gc             ] GC(192) Pause Young (Mixed) (G1 Evacuation Pause) 435M->98M(476M) 5.605ms
[2026-04-03T06:48:52.556+0600][59.054s][info][gc,cpu         ] GC(192) User=0.05s Sys=0.00s Real=0.01s
[2026-04-03T06:48:52.568+0600][59.066s][info][gc,start       ] GC(193) Pause Young (Concurrent Start) (G1 Humongous Allocation)
[2026-04-03T06:48:52.568+0600][59.066s][info][gc,task        ] GC(193) Using 10 workers of 10 for evacuation
[2026-04-03T06:48:52.572+0600][59.070s][info][gc,phases      ] GC(193)   Pre Evacuate Collection Set: 0.41ms
[2026-04-03T06:48:52.572+0600][59.070s][info][gc,phases      ] GC(193)   Merge Heap Roots: 0.23ms
[2026-04-03T06:48:52.572+0600][59.071s][info][gc,phases      ] GC(193)   Evacuate Collection Set: 2.78ms
[2026-04-03T06:48:52.572+0600][59.071s][info][gc,phases      ] GC(193)   Post Evacuate Collection Set: 0.59ms
[2026-04-03T06:48:52.572+0600][59.071s][info][gc,phases      ] GC(193)   Other: 0.25ms
[2026-04-03T06:48:52.572+0600][59.071s][info][gc,heap        ] GC(193) Eden regions: 6->0(139)
[2026-04-03T06:48:52.572+0600][59.071s][info][gc,heap        ] GC(193) Survivor regions: 4->3(18)
[2026-04-03T06:48:52.572+0600][59.071s][info][gc,heap        ] GC(193) Old regions: 44->44
[2026-04-03T06:48:52.572+0600][59.071s][info][gc,heap        ] GC(193) Humongous regions: 4->3
[2026-04-03T06:48:52.572+0600][59.071s][info][gc,metaspace   ] GC(193) Metaspace: 131750K(133184K)->131750K(133184K) NonClass: 115125K(115840K)->115125K(115840K) Class: 16624K(17344K)->16624K(17344K)
[2026-04-03T06:48:52.572+0600][59.071s][info][gc             ] GC(193) Pause Young (Concurrent Start) (G1 Humongous Allocation) 108M->94M(476M) 4.700ms
[2026-04-03T06:48:52.572+0600][59.071s][info][gc             ] GC(194) Concurrent Mark Cycle
[2026-04-03T06:48:52.572+0600][59.071s][info][gc,cpu         ] GC(193) User=0.03s Sys=0.00s Real=0.00s
[2026-04-03T06:48:52.572+0600][59.071s][info][gc,marking     ] GC(194) Concurrent Scan Root Regions
[2026-04-03T06:48:52.576+0600][59.075s][info][gc,marking     ] GC(194) Concurrent Scan Root Regions 3.838ms
[2026-04-03T06:48:52.576+0600][59.075s][info][gc,marking     ] GC(194) Concurrent Mark
[2026-04-03T06:48:52.576+0600][59.075s][info][gc,marking     ] GC(194) Concurrent Mark From Roots
[2026-04-03T06:48:52.576+0600][59.075s][info][gc,task        ] GC(194) Using 3 workers of 3 for marking
[2026-04-03T06:48:52.659+0600][59.158s][info][gc,marking     ] GC(194) Concurrent Mark From Roots 82.974ms
[2026-04-03T06:48:52.659+0600][59.158s][info][gc,marking     ] GC(194) Concurrent Preclean
[2026-04-03T06:48:52.660+0600][59.159s][info][gc,marking     ] GC(194) Concurrent Preclean 0.745ms
[2026-04-03T06:48:52.665+0600][59.163s][info][gc,start       ] GC(194) Pause Remark
[2026-04-03T06:48:52.674+0600][59.173s][info][gc             ] GC(194) Pause Remark 520M->520M(820M) 9.205ms
[2026-04-03T06:48:52.674+0600][59.173s][info][gc,cpu         ] GC(194) User=0.06s Sys=0.01s Real=0.01s
[2026-04-03T06:48:52.674+0600][59.173s][info][gc,marking     ] GC(194) Concurrent Mark 98.040ms
[2026-04-03T06:48:52.675+0600][59.173s][info][gc,marking     ] GC(194) Concurrent Rebuild Remembered Sets and Scrub Regions
[2026-04-03T06:48:52.704+0600][59.203s][info][gc,marking     ] GC(194) Concurrent Rebuild Remembered Sets and Scrub Regions 29.733ms
[2026-04-03T06:48:52.705+0600][59.203s][info][gc,start       ] GC(194) Pause Cleanup
[2026-04-03T06:48:52.705+0600][59.204s][info][gc             ] GC(194) Pause Cleanup 542M->542M(820M) 0.408ms
[2026-04-03T06:48:52.705+0600][59.204s][info][gc,cpu         ] GC(194) User=0.00s Sys=0.00s Real=0.00s
[2026-04-03T06:48:52.706+0600][59.204s][info][gc,marking     ] GC(194) Concurrent Clear Claimed Marks
[2026-04-03T06:48:52.706+0600][59.204s][info][gc,marking     ] GC(194) Concurrent Clear Claimed Marks 0.410ms
[2026-04-03T06:48:52.706+0600][59.204s][info][gc,marking     ] GC(194) Concurrent Cleanup for Next Mark
[2026-04-03T06:48:52.711+0600][59.210s][info][gc,marking     ] GC(194) Concurrent Cleanup for Next Mark 5.038ms
[2026-04-03T06:48:52.711+0600][59.210s][info][gc             ] GC(194) Concurrent Mark Cycle 138.815ms
[2026-04-03T06:48:52.818+0600][59.317s][info][gc,start       ] GC(195) Pause Young (Prepare Mixed) (G1 Evacuation Pause)
[2026-04-03T06:48:52.818+0600][59.317s][info][gc,task        ] GC(195) Using 10 workers of 10 for evacuation
[2026-04-03T06:48:52.823+0600][59.322s][info][gc,phases      ] GC(195)   Pre Evacuate Collection Set: 0.37ms
[2026-04-03T06:48:52.823+0600][59.322s][info][gc,phases      ] GC(195)   Merge Heap Roots: 0.20ms
[2026-04-03T06:48:52.823+0600][59.322s][info][gc,phases      ] GC(195)   Evacuate Collection Set: 3.68ms
[2026-04-03T06:48:52.823+0600][59.322s][info][gc,phases      ] GC(195)   Post Evacuate Collection Set: 0.83ms
[2026-04-03T06:48:52.823+0600][59.322s][info][gc,phases      ] GC(195)   Other: 0.09ms
[2026-04-03T06:48:52.823+0600][59.322s][info][gc,heap        ] GC(195) Eden regions: 43->0(271)
[2026-04-03T06:48:52.823+0600][59.322s][info][gc,heap        ] GC(195) Survivor regions: 3->4(19)
[2026-04-03T06:48:52.823+0600][59.322s][info][gc,heap        ] GC(195) Old regions: 44->44
[2026-04-03T06:48:52.823+0600][59.322s][info][gc,heap        ] GC(195) Humongous regions: 365->12
[2026-04-03T06:48:52.823+0600][59.322s][info][gc,metaspace   ] GC(195) Metaspace: 131767K(133184K)->131767K(133184K) NonClass: 115142K(115840K)->115142K(115840K) Class: 16624K(17344K)->16624K(17344K)
[2026-04-03T06:48:52.824+0600][59.322s][info][gc             ] GC(195) Pause Young (Prepare Mixed) (G1 Evacuation Pause) 904M->114M(918M) 5.486ms
[2026-04-03T06:48:52.824+0600][59.322s][info][gc,cpu         ] GC(195) User=0.02s Sys=0.01s Real=0.01s
[2026-04-03T06:48:53.574+0600][60.072s][info][gc,start       ] GC(196) Pause Young (Mixed) (G1 Evacuation Pause)
[2026-04-03T06:48:53.574+0600][60.072s][info][gc,task        ] GC(196) Using 10 workers of 10 for evacuation
[2026-04-03T06:48:53.584+0600][60.082s][info][gc,phases      ] GC(196)   Pre Evacuate Collection Set: 0.56ms
[2026-04-03T06:48:53.584+0600][60.082s][info][gc,phases      ] GC(196)   Merge Heap Roots: 0.29ms
[2026-04-03T06:48:53.584+0600][60.082s][info][gc,phases      ] GC(196)   Evacuate Collection Set: 7.28ms
[2026-04-03T06:48:53.584+0600][60.082s][info][gc,phases      ] GC(196)   Post Evacuate Collection Set: 1.64ms
[2026-04-03T06:48:53.584+0600][60.083s][info][gc,phases      ] GC(196)   Other: 0.22ms
[2026-04-03T06:48:53.584+0600][60.083s][info][gc,heap        ] GC(196) Eden regions: 220->0(310)
[2026-04-03T06:48:53.584+0600][60.083s][info][gc,heap        ] GC(196) Survivor regions: 4->5(35)
[2026-04-03T06:48:53.584+0600][60.083s][info][gc,heap        ] GC(196) Old regions: 44->44
[2026-04-03T06:48:53.584+0600][60.083s][info][gc,heap        ] GC(196) Humongous regions: 191->3
[2026-04-03T06:48:53.584+0600][60.083s][info][gc,metaspace   ] GC(196) Metaspace: 131794K(133184K)->131794K(133184K) NonClass: 115169K(115840K)->115169K(115840K) Class: 16624K(17344K)->16624K(17344K)
[2026-04-03T06:48:53.584+0600][60.083s][info][gc             ] GC(196) Pause Young (Mixed) (G1 Evacuation Pause) 912M->97M(1050M) 10.381ms
[2026-04-03T06:48:53.584+0600][60.083s][info][gc,cpu         ] GC(196) User=0.05s Sys=0.01s Real=0.01s
[2026-04-03T06:48:53.599+0600][60.097s][info][gc,start       ] GC(197) Pause Young (Concurrent Start) (GCLocker Initiated GC)
[2026-04-03T06:48:53.599+0600][60.097s][info][gc,task        ] GC(197) Using 10 workers of 10 for evacuation
[2026-04-03T06:48:53.607+0600][60.106s][info][gc,phases      ] GC(197)   Pre Evacuate Collection Set: 2.65ms
[2026-04-03T06:48:53.607+0600][60.106s][info][gc,phases      ] GC(197)   Merge Heap Roots: 0.16ms
[2026-04-03T06:48:53.607+0600][60.106s][info][gc,phases      ] GC(197)   Evacuate Collection Set: 4.37ms
[2026-04-03T06:48:53.607+0600][60.106s][info][gc,phases      ] GC(197)   Post Evacuate Collection Set: 0.79ms
[2026-04-03T06:48:53.607+0600][60.106s][info][gc,phases      ] GC(197)   Other: 0.27ms
[2026-04-03T06:48:53.607+0600][60.106s][info][gc,heap        ] GC(197) Eden regions: 8->0(311)
[2026-04-03T06:48:53.607+0600][60.106s][info][gc,heap        ] GC(197) Survivor regions: 5->4(40)
[2026-04-03T06:48:53.607+0600][60.106s][info][gc,heap        ] GC(197) Old regions: 44->44
[2026-04-03T06:48:53.607+0600][60.106s][info][gc,heap        ] GC(197) Humongous regions: 3->3
[2026-04-03T06:48:53.607+0600][60.106s][info][gc,metaspace   ] GC(197) Metaspace: 131794K(133184K)->131794K(133184K) NonClass: 115169K(115840K)->115169K(115840K) Class: 16624K(17344K)->16624K(17344K)
[2026-04-03T06:48:53.608+0600][60.106s][info][gc             ] GC(197) Pause Young (Concurrent Start) (GCLocker Initiated GC) 112M->97M(1050M) 8.642ms
[2026-04-03T06:48:53.608+0600][60.106s][info][gc             ] GC(198) Concurrent Mark Cycle
[2026-04-03T06:48:53.608+0600][60.106s][info][gc,cpu         ] GC(197) User=0.03s Sys=0.00s Real=0.01s
[2026-04-03T06:48:53.608+0600][60.106s][info][gc,marking     ] GC(198) Concurrent Scan Root Regions
[2026-04-03T06:48:53.610+0600][60.109s][info][gc,marking     ] GC(198) Concurrent Scan Root Regions 2.772ms
[2026-04-03T06:48:53.611+0600][60.109s][info][gc,marking     ] GC(198) Concurrent Mark
[2026-04-03T06:48:53.611+0600][60.109s][info][gc,marking     ] GC(198) Concurrent Mark From Roots
[2026-04-03T06:48:53.611+0600][60.109s][info][gc,task        ] GC(198) Using 3 workers of 3 for marking
[2026-04-03T06:48:53.695+0600][60.193s][info][gc,marking     ] GC(198) Concurrent Mark From Roots 84.119ms
[2026-04-03T06:48:53.695+0600][60.193s][info][gc,marking     ] GC(198) Concurrent Preclean
[2026-04-03T06:48:53.696+0600][60.194s][info][gc,marking     ] GC(198) Concurrent Preclean 0.868ms
[2026-04-03T06:48:53.696+0600][60.195s][info][gc,start       ] GC(198) Pause Remark
[2026-04-03T06:48:53.706+0600][60.204s][info][gc             ] GC(198) Pause Remark 184M->184M(488M) 9.710ms
[2026-04-03T06:48:53.706+0600][60.205s][info][gc,cpu         ] GC(198) User=0.06s Sys=0.00s Real=0.01s
[2026-04-03T06:48:53.706+0600][60.205s][info][gc,marking     ] GC(198) Concurrent Mark 95.938ms
[2026-04-03T06:48:53.707+0600][60.205s][info][gc,marking     ] GC(198) Concurrent Rebuild Remembered Sets and Scrub Regions
[2026-04-03T06:48:53.752+0600][60.250s][info][gc,marking     ] GC(198) Concurrent Rebuild Remembered Sets and Scrub Regions 45.115ms
[2026-04-03T06:48:53.753+0600][60.251s][info][gc,start       ] GC(198) Pause Cleanup
[2026-04-03T06:48:53.753+0600][60.252s][info][gc             ] GC(198) Pause Cleanup 235M->235M(488M) 0.385ms
[2026-04-03T06:48:53.753+0600][60.252s][info][gc,cpu         ] GC(198) User=0.01s Sys=0.00s Real=0.01s
[2026-04-03T06:48:53.756+0600][60.255s][info][gc,marking     ] GC(198) Concurrent Clear Claimed Marks
[2026-04-03T06:48:53.757+0600][60.255s][info][gc,marking     ] GC(198) Concurrent Clear Claimed Marks 0.432ms
[2026-04-03T06:48:53.757+0600][60.255s][info][gc,marking     ] GC(198) Concurrent Cleanup for Next Mark
[2026-04-03T06:48:53.758+0600][60.256s][info][gc,marking     ] GC(198) Concurrent Cleanup for Next Mark 1.162ms
[2026-04-03T06:48:53.758+0600][60.256s][info][gc             ] GC(198) Concurrent Mark Cycle 150.371ms
[2026-04-03T06:48:53.965+0600][60.464s][info][gc,start       ] GC(199) Pause Young (Prepare Mixed) (G1 Evacuation Pause)
[2026-04-03T06:48:53.966+0600][60.464s][info][gc,task        ] GC(199) Using 10 workers of 10 for evacuation
[2026-04-03T06:48:53.974+0600][60.472s][info][gc,phases      ] GC(199)   Pre Evacuate Collection Set: 0.40ms
[2026-04-03T06:48:53.974+0600][60.472s][info][gc,phases      ] GC(199)   Merge Heap Roots: 0.45ms
[2026-04-03T06:48:53.974+0600][60.472s][info][gc,phases      ] GC(199)   Evacuate Collection Set: 5.89ms
[2026-04-03T06:48:53.974+0600][60.472s][info][gc,phases      ] GC(199)   Post Evacuate Collection Set: 1.04ms
[2026-04-03T06:48:53.974+0600][60.472s][info][gc,phases      ] GC(199)   Other: 0.10ms
[2026-04-03T06:48:53.974+0600][60.472s][info][gc,heap        ] GC(199) Eden regions: 105->0(145)
[2026-04-03T06:48:53.974+0600][60.472s][info][gc,heap        ] GC(199) Survivor regions: 4->4(19)
[2026-04-03T06:48:53.974+0600][60.472s][info][gc,heap        ] GC(199) Old regions: 44->45
[2026-04-03T06:48:53.974+0600][60.472s][info][gc,heap        ] GC(199) Humongous regions: 91->3
[2026-04-03T06:48:53.974+0600][60.472s][info][gc,metaspace   ] GC(199) Metaspace: 131831K(133248K)->131831K(133248K) NonClass: 115206K(115904K)->115206K(115904K) Class: 16624K(17344K)->16624K(17344K)
[2026-04-03T06:48:53.974+0600][60.472s][info][gc             ] GC(199) Pause Young (Prepare Mixed) (G1 Evacuation Pause) 483M->97M(498M) 8.297ms
[2026-04-03T06:48:53.974+0600][60.472s][info][gc,cpu         ] GC(199) User=0.05s Sys=0.00s Real=0.01s
[2026-04-03T06:48:54.384+0600][60.883s][info][gc,start       ] GC(200) Pause Young (Mixed) (G1 Evacuation Pause)
[2026-04-03T06:48:54.384+0600][60.883s][info][gc,task        ] GC(200) Using 10 workers of 10 for evacuation
[2026-04-03T06:48:54.389+0600][60.887s][info][gc,phases      ] GC(200)   Pre Evacuate Collection Set: 0.34ms
[2026-04-03T06:48:54.389+0600][60.887s][info][gc,phases      ] GC(200)   Merge Heap Roots: 0.21ms
[2026-04-03T06:48:54.389+0600][60.887s][info][gc,phases      ] GC(200)   Evacuate Collection Set: 2.87ms
[2026-04-03T06:48:54.389+0600][60.887s][info][gc,phases      ] GC(200)   Post Evacuate Collection Set: 0.81ms
[2026-04-03T06:48:54.389+0600][60.887s][info][gc,phases      ] GC(200)   Other: 0.10ms
[2026-04-03T06:48:54.389+0600][60.887s][info][gc,heap        ] GC(200) Eden regions: 117->0(148)
[2026-04-03T06:48:54.389+0600][60.887s][info][gc,heap        ] GC(200) Survivor regions: 4->3(19)
[2026-04-03T06:48:54.389+0600][60.887s][info][gc,heap        ] GC(200) Old regions: 45->44
[2026-04-03T06:48:54.389+0600][60.887s][info][gc,heap        ] GC(200) Humongous regions: 83->3
[2026-04-03T06:48:54.389+0600][60.887s][info][gc,metaspace   ] GC(200) Metaspace: 131850K(133312K)->131850K(133312K) NonClass: 115221K(115968K)->115221K(115968K) Class: 16628K(17344K)->16628K(17344K)
[2026-04-03T06:48:54.389+0600][60.887s][info][gc             ] GC(200) Pause Young (Mixed) (G1 Evacuation Pause) 491M->95M(504M) 4.720ms
[2026-04-03T06:48:54.389+0600][60.887s][info][gc,cpu         ] GC(200) User=0.03s Sys=0.01s Real=0.00s
[2026-04-03T06:48:54.575+0600][61.073s][info][gc,start       ] GC(201) Pause Young (Concurrent Start) (G1 Humongous Allocation)
[2026-04-03T06:48:54.575+0600][61.073s][info][gc,task        ] GC(201) Using 10 workers of 10 for evacuation
[2026-04-03T06:48:54.578+0600][61.077s][info][gc,phases      ] GC(201)   Pre Evacuate Collection Set: 0.25ms
[2026-04-03T06:48:54.578+0600][61.077s][info][gc,phases      ] GC(201)   Merge Heap Roots: 0.11ms
[2026-04-03T06:48:54.578+0600][61.077s][info][gc,phases      ] GC(201)   Evacuate Collection Set: 2.19ms
[2026-04-03T06:48:54.578+0600][61.077s][info][gc,phases      ] GC(201)   Post Evacuate Collection Set: 0.63ms
[2026-04-03T06:48:54.578+0600][61.077s][info][gc,phases      ] GC(201)   Other: 0.14ms
[2026-04-03T06:48:54.578+0600][61.077s][info][gc,heap        ] GC(201) Eden regions: 47->0(148)
[2026-04-03T06:48:54.578+0600][61.077s][info][gc,heap        ] GC(201) Survivor regions: 3->3(19)
[2026-04-03T06:48:54.578+0600][61.077s][info][gc,heap        ] GC(201) Old regions: 44->44
[2026-04-03T06:48:54.578+0600][61.077s][info][gc,heap        ] GC(201) Humongous regions: 3->3
[2026-04-03T06:48:54.578+0600][61.077s][info][gc,metaspace   ] GC(201) Metaspace: 131855K(133312K)->131855K(133312K) NonClass: 115226K(115968K)->115226K(115968K) Class: 16628K(17344K)->16628K(17344K)
[2026-04-03T06:48:54.578+0600][61.077s][info][gc             ] GC(201) Pause Young (Concurrent Start) (G1 Humongous Allocation) 188M->94M(504M) 3.640ms
[2026-04-03T06:48:54.578+0600][61.077s][info][gc             ] GC(202) Concurrent Mark Cycle
[2026-04-03T06:48:54.578+0600][61.077s][info][gc,marking     ] GC(202) Concurrent Scan Root Regions
[2026-04-03T06:48:54.578+0600][61.077s][info][gc,cpu         ] GC(201) User=0.01s Sys=0.00s Real=0.00s
[2026-04-03T06:48:54.581+0600][61.079s][info][gc,marking     ] GC(202) Concurrent Scan Root Regions 2.518ms
[2026-04-03T06:48:54.581+0600][61.080s][info][gc,marking     ] GC(202) Concurrent Mark
[2026-04-03T06:48:54.581+0600][61.080s][info][gc,marking     ] GC(202) Concurrent Mark From Roots
[2026-04-03T06:48:54.581+0600][61.080s][info][gc,task        ] GC(202) Using 3 workers of 3 for marking
[2026-04-03T06:48:54.659+0600][61.158s][info][gc,marking     ] GC(202) Concurrent Mark From Roots 78.127ms
[2026-04-03T06:48:54.659+0600][61.158s][info][gc,marking     ] GC(202) Concurrent Preclean
[2026-04-03T06:48:54.660+0600][61.159s][info][gc,marking     ] GC(202) Concurrent Preclean 1.039ms
[2026-04-03T06:48:54.661+0600][61.159s][info][gc,start       ] GC(202) Pause Remark
[2026-04-03T06:48:54.670+0600][61.169s][info][gc             ] GC(202) Pause Remark 198M->198M(500M) 9.604ms
[2026-04-03T06:48:54.671+0600][61.169s][info][gc,cpu         ] GC(202) User=0.07s Sys=0.00s Real=0.01s
[2026-04-03T06:48:54.671+0600][61.169s][info][gc,marking     ] GC(202) Concurrent Mark 89.640ms
[2026-04-03T06:48:54.671+0600][61.169s][info][gc,marking     ] GC(202) Concurrent Rebuild Remembered Sets and Scrub Regions
[2026-04-03T06:48:54.706+0600][61.204s][info][gc,marking     ] GC(202) Concurrent Rebuild Remembered Sets and Scrub Regions 34.789ms
[2026-04-03T06:48:54.706+0600][61.204s][info][gc,start       ] GC(202) Pause Cleanup
[2026-04-03T06:48:54.706+0600][61.205s][info][gc             ] GC(202) Pause Cleanup 236M->236M(500M) 0.239ms
[2026-04-03T06:48:54.706+0600][61.205s][info][gc,cpu         ] GC(202) User=0.00s Sys=0.00s Real=0.00s
[2026-04-03T06:48:54.706+0600][61.205s][info][gc,marking     ] GC(202) Concurrent Clear Claimed Marks
[2026-04-03T06:48:54.707+0600][61.205s][info][gc,marking     ] GC(202) Concurrent Clear Claimed Marks 0.459ms
[2026-04-03T06:48:54.707+0600][61.205s][info][gc,marking     ] GC(202) Concurrent Cleanup for Next Mark
[2026-04-03T06:48:54.708+0600][61.206s][info][gc,marking     ] GC(202) Concurrent Cleanup for Next Mark 0.939ms
[2026-04-03T06:48:54.708+0600][61.206s][info][gc             ] GC(202) Concurrent Mark Cycle 129.512ms
[2026-04-03T06:48:54.896+0600][61.394s][info][gc,start       ] GC(203) Pause Young (Prepare Mixed) (GCLocker Initiated GC)
[2026-04-03T06:48:54.896+0600][61.394s][info][gc,task        ] GC(203) Using 10 workers of 10 for evacuation
[2026-04-03T06:48:54.903+0600][61.402s][info][gc,phases      ] GC(203)   Pre Evacuate Collection Set: 0.36ms
[2026-04-03T06:48:54.903+0600][61.402s][info][gc,phases      ] GC(203)   Merge Heap Roots: 0.25ms
[2026-04-03T06:48:54.903+0600][61.402s][info][gc,phases      ] GC(203)   Evacuate Collection Set: 5.78ms
[2026-04-03T06:48:54.903+0600][61.402s][info][gc,phases      ] GC(203)   Post Evacuate Collection Set: 0.78ms
[2026-04-03T06:48:54.903+0600][61.402s][info][gc,phases      ] GC(203)   Other: 0.13ms
[2026-04-03T06:48:54.903+0600][61.402s][info][gc,heap        ] GC(203) Eden regions: 108->0(149)
[2026-04-03T06:48:54.903+0600][61.402s][info][gc,heap        ] GC(203) Survivor regions: 3->4(19)
[2026-04-03T06:48:54.903+0600][61.402s][info][gc,heap        ] GC(203) Old regions: 44->45
[2026-04-03T06:48:54.903+0600][61.402s][info][gc,heap        ] GC(203) Humongous regions: 96->3
[2026-04-03T06:48:54.903+0600][61.402s][info][gc,metaspace   ] GC(203) Metaspace: 131858K(133312K)->131858K(133312K) NonClass: 115229K(115968K)->115229K(115968K) Class: 16628K(17344K)->16628K(17344K)
[2026-04-03T06:48:54.903+0600][61.402s][info][gc             ] GC(203) Pause Young (Prepare Mixed) (GCLocker Initiated GC) 496M->97M(512M) 7.805ms
[2026-04-03T06:48:54.903+0600][61.402s][info][gc,cpu         ] GC(203) User=0.03s Sys=0.02s Real=0.01s
[2026-04-03T06:48:55.208+0600][61.707s][info][gc,start       ] GC(204) Pause Young (Mixed) (G1 Evacuation Pause)
[2026-04-03T06:48:55.208+0600][61.707s][info][gc,task        ] GC(204) Using 10 workers of 10 for evacuation
[2026-04-03T06:48:55.218+0600][61.717s][info][gc,phases      ] GC(204)   Pre Evacuate Collection Set: 0.36ms
[2026-04-03T06:48:55.219+0600][61.717s][info][gc,phases      ] GC(204)   Merge Heap Roots: 1.61ms
[2026-04-03T06:48:55.219+0600][61.717s][info][gc,phases      ] GC(204)   Evacuate Collection Set: 5.34ms
[2026-04-03T06:48:55.219+0600][61.717s][info][gc,phases      ] GC(204)   Post Evacuate Collection Set: 2.68ms
[2026-04-03T06:48:55.219+0600][61.717s][info][gc,phases      ] GC(204)   Other: 0.12ms
[2026-04-03T06:48:55.219+0600][61.717s][info][gc,heap        ] GC(204) Eden regions: 114->0(154)
[2026-04-03T06:48:55.219+0600][61.717s][info][gc,heap        ] GC(204) Survivor regions: 4->3(20)
[2026-04-03T06:48:55.219+0600][61.717s][info][gc,heap        ] GC(204) Old regions: 45->44
[2026-04-03T06:48:55.219+0600][61.717s][info][gc,heap        ] GC(204) Humongous regions: 97->3
[2026-04-03T06:48:55.219+0600][61.717s][info][gc,metaspace   ] GC(204) Metaspace: 131858K(133312K)->131858K(133312K) NonClass: 115229K(115968K)->115229K(115968K) Class: 16628K(17344K)->16628K(17344K)
[2026-04-03T06:48:55.219+0600][61.717s][info][gc             ] GC(204) Pause Young (Mixed) (G1 Evacuation Pause) 513M->96M(526M) 10.496ms
[2026-04-03T06:48:55.219+0600][61.717s][info][gc,cpu         ] GC(204) User=0.03s Sys=0.01s Real=0.01s
[2026-04-03T06:48:55.224+0600][61.723s][info][gc,start       ] GC(205) Pause Young (Concurrent Start) (G1 Humongous Allocation)
[2026-04-03T06:48:55.224+0600][61.723s][info][gc,task        ] GC(205) Using 10 workers of 10 for evacuation
[2026-04-03T06:48:55.230+0600][61.728s][info][gc,phases      ] GC(205)   Pre Evacuate Collection Set: 0.32ms
[2026-04-03T06:48:55.230+0600][61.728s][info][gc,phases      ] GC(205)   Merge Heap Roots: 0.10ms
[2026-04-03T06:48:55.230+0600][61.728s][info][gc,phases      ] GC(205)   Evacuate Collection Set: 2.92ms
[2026-04-03T06:48:55.230+0600][61.728s][info][gc,phases      ] GC(205)   Post Evacuate Collection Set: 1.98ms
[2026-04-03T06:48:55.230+0600][61.728s][info][gc,phases      ] GC(205)   Other: 0.15ms
[2026-04-03T06:48:55.230+0600][61.728s][info][gc,heap        ] GC(205) Eden regions: 2->0(154)
[2026-04-03T06:48:55.230+0600][61.728s][info][gc,heap        ] GC(205) Survivor regions: 3->3(20)
[2026-04-03T06:48:55.230+0600][61.728s][info][gc,heap        ] GC(205) Old regions: 44->44
[2026-04-03T06:48:55.230+0600][61.728s][info][gc,heap        ] GC(205) Humongous regions: 3->3
[2026-04-03T06:48:55.230+0600][61.728s][info][gc,metaspace   ] GC(205) Metaspace: 131858K(133312K)->131858K(133312K) NonClass: 115229K(115968K)->115229K(115968K) Class: 16628K(17344K)->16628K(17344K)
[2026-04-03T06:48:55.230+0600][61.728s][info][gc             ] GC(205) Pause Young (Concurrent Start) (G1 Humongous Allocation) 98M->95M(526M) 5.839ms
[2026-04-03T06:48:55.230+0600][61.729s][info][gc,cpu         ] GC(205) User=0.02s Sys=0.01s Real=0.00s
[2026-04-03T06:48:55.230+0600][61.729s][info][gc             ] GC(206) Concurrent Mark Cycle
[2026-04-03T06:48:55.230+0600][61.729s][info][gc,marking     ] GC(206) Concurrent Scan Root Regions
[2026-04-03T06:48:55.232+0600][61.730s][info][gc,marking     ] GC(206) Concurrent Scan Root Regions 1.679ms
[2026-04-03T06:48:55.232+0600][61.730s][info][gc,marking     ] GC(206) Concurrent Mark
[2026-04-03T06:48:55.232+0600][61.730s][info][gc,marking     ] GC(206) Concurrent Mark From Roots
[2026-04-03T06:48:55.232+0600][61.730s][info][gc,task        ] GC(206) Using 3 workers of 3 for marking
[2026-04-03T06:48:55.320+0600][61.818s][info][gc,marking     ] GC(206) Concurrent Mark From Roots 88.020ms
[2026-04-03T06:48:55.320+0600][61.819s][info][gc,marking     ] GC(206) Concurrent Preclean
[2026-04-03T06:48:55.321+0600][61.820s][info][gc,marking     ] GC(206) Concurrent Preclean 1.010ms
[2026-04-03T06:48:55.322+0600][61.820s][info][gc,start       ] GC(206) Pause Remark
[2026-04-03T06:48:55.331+0600][61.830s][info][gc             ] GC(206) Pause Remark 172M->172M(428M) 9.434ms
[2026-04-03T06:48:55.331+0600][61.830s][info][gc,cpu         ] GC(206) User=0.07s Sys=0.00s Real=0.01s
[2026-04-03T06:48:55.331+0600][61.830s][info][gc,marking     ] GC(206) Concurrent Mark 99.577ms
[2026-04-03T06:48:55.332+0600][61.830s][info][gc,marking     ] GC(206) Concurrent Rebuild Remembered Sets and Scrub Regions
[2026-04-03T06:48:55.370+0600][61.868s][info][gc,marking     ] GC(206) Concurrent Rebuild Remembered Sets and Scrub Regions 38.005ms
[2026-04-03T06:48:55.370+0600][61.869s][info][gc,start       ] GC(206) Pause Cleanup
[2026-04-03T06:48:55.371+0600][61.869s][info][gc             ] GC(206) Pause Cleanup 205M->205M(428M) 0.279ms
[2026-04-03T06:48:55.371+0600][61.869s][info][gc,cpu         ] GC(206) User=0.00s Sys=0.00s Real=0.00s
[2026-04-03T06:48:55.371+0600][61.869s][info][gc,marking     ] GC(206) Concurrent Clear Claimed Marks
[2026-04-03T06:48:55.371+0600][61.870s][info][gc,marking     ] GC(206) Concurrent Clear Claimed Marks 0.475ms
[2026-04-03T06:48:55.371+0600][61.870s][info][gc,marking     ] GC(206) Concurrent Cleanup for Next Mark
[2026-04-03T06:48:55.372+0600][61.870s][info][gc,marking     ] GC(206) Concurrent Cleanup for Next Mark 0.695ms
[2026-04-03T06:48:55.372+0600][61.871s][info][gc             ] GC(206) Concurrent Mark Cycle 142.019ms
[2026-04-03T06:48:55.620+0600][62.118s][info][gc,start       ] GC(207) Pause Young (Prepare Mixed) (G1 Evacuation Pause)
[2026-04-03T06:48:55.620+0600][62.118s][info][gc,task        ] GC(207) Using 10 workers of 10 for evacuation
[2026-04-03T06:48:55.626+0600][62.124s][info][gc,phases      ] GC(207)   Pre Evacuate Collection Set: 0.36ms
[2026-04-03T06:48:55.626+0600][62.124s][info][gc,phases      ] GC(207)   Merge Heap Roots: 0.20ms
[2026-04-03T06:48:55.626+0600][62.124s][info][gc,phases      ] GC(207)   Evacuate Collection Set: 4.19ms
[2026-04-03T06:48:55.626+0600][62.124s][info][gc,phases      ] GC(207)   Post Evacuate Collection Set: 0.69ms
[2026-04-03T06:48:55.626+0600][62.124s][info][gc,phases      ] GC(207)   Other: 0.10ms
[2026-04-03T06:48:55.626+0600][62.124s][info][gc,heap        ] GC(207) Eden regions: 95->0(128)
[2026-04-03T06:48:55.626+0600][62.124s][info][gc,heap        ] GC(207) Survivor regions: 3->4(16)
[2026-04-03T06:48:55.626+0600][62.124s][info][gc,heap        ] GC(207) Old regions: 44->45
[2026-04-03T06:48:55.626+0600][62.124s][info][gc,heap        ] GC(207) Humongous regions: 73->3
[2026-04-03T06:48:55.626+0600][62.124s][info][gc,metaspace   ] GC(207) Metaspace: 131861K(133312K)->131861K(133312K) NonClass: 115231K(115968K)->115231K(115968K) Class: 16629K(17344K)->16629K(17344K)
[2026-04-03T06:48:55.626+0600][62.124s][info][gc             ] GC(207) Pause Young (Prepare Mixed) (G1 Evacuation Pause) 425M->97M(440M) 5.902ms
[2026-04-03T06:48:55.626+0600][62.124s][info][gc,cpu         ] GC(207) User=0.04s Sys=0.02s Real=0.01s
[2026-04-03T06:48:55.891+0600][62.390s][info][gc,start       ] GC(208) Pause Young (Mixed) (G1 Evacuation Pause)
[2026-04-03T06:48:55.891+0600][62.390s][info][gc,task        ] GC(208) Using 10 workers of 10 for evacuation
[2026-04-03T06:48:55.898+0600][62.396s][info][gc,phases      ] GC(208)   Pre Evacuate Collection Set: 0.62ms
[2026-04-03T06:48:55.898+0600][62.396s][info][gc,phases      ] GC(208)   Merge Heap Roots: 0.17ms
[2026-04-03T06:48:55.898+0600][62.396s][info][gc,phases      ] GC(208)   Evacuate Collection Set: 2.75ms
[2026-04-03T06:48:55.898+0600][62.396s][info][gc,phases      ] GC(208)   Post Evacuate Collection Set: 2.94ms
[2026-04-03T06:48:55.898+0600][62.396s][info][gc,phases      ] GC(208)   Other: 0.11ms
[2026-04-03T06:48:55.898+0600][62.396s][info][gc,heap        ] GC(208) Eden regions: 128->0(154)
[2026-04-03T06:48:55.898+0600][62.396s][info][gc,heap        ] GC(208) Survivor regions: 4->4(17)
[2026-04-03T06:48:55.898+0600][62.396s][info][gc,heap        ] GC(208) Old regions: 45->44
[2026-04-03T06:48:55.898+0600][62.396s][info][gc,heap        ] GC(208) Humongous regions: 37->3
[2026-04-03T06:48:55.898+0600][62.396s][info][gc,metaspace   ] GC(208) Metaspace: 131861K(133312K)->131861K(133312K) NonClass: 115231K(115968K)->115231K(115968K) Class: 16629K(17344K)->16629K(17344K)
[2026-04-03T06:48:55.898+0600][62.396s][info][gc             ] GC(208) Pause Young (Mixed) (G1 Evacuation Pause) 421M->96M(528M) 6.915ms
[2026-04-03T06:48:55.898+0600][62.397s][info][gc,cpu         ] GC(208) User=0.02s Sys=0.00s Real=0.01s
[2026-04-03T06:48:55.909+0600][62.407s][info][gc,start       ] GC(209) Pause Young (Concurrent Start) (G1 Humongous Allocation)
[2026-04-03T06:48:55.909+0600][62.408s][info][gc,task        ] GC(209) Using 10 workers of 10 for evacuation
[2026-04-03T06:48:55.912+0600][62.410s][info][gc,phases      ] GC(209)   Pre Evacuate Collection Set: 0.31ms
[2026-04-03T06:48:55.912+0600][62.410s][info][gc,phases      ] GC(209)   Merge Heap Roots: 0.12ms
[2026-04-03T06:48:55.912+0600][62.410s][info][gc,phases      ] GC(209)   Evacuate Collection Set: 1.57ms
[2026-04-03T06:48:55.912+0600][62.410s][info][gc,phases      ] GC(209)   Post Evacuate Collection Set: 0.51ms
[2026-04-03T06:48:55.912+0600][62.410s][info][gc,phases      ] GC(209)   Other: 0.11ms
[2026-04-03T06:48:55.912+0600][62.410s][info][gc,heap        ] GC(209) Eden regions: 3->0(156)
[2026-04-03T06:48:55.912+0600][62.410s][info][gc,heap        ] GC(209) Survivor regions: 4->2(20)
[2026-04-03T06:48:55.912+0600][62.410s][info][gc,heap        ] GC(209) Old regions: 44->44
[2026-04-03T06:48:55.912+0600][62.410s][info][gc,heap        ] GC(209) Humongous regions: 3->3
[2026-04-03T06:48:55.912+0600][62.410s][info][gc,metaspace   ] GC(209) Metaspace: 131861K(133312K)->131861K(133312K) NonClass: 115231K(115968K)->115231K(115968K) Class: 16629K(17344K)->16629K(17344K)
[2026-04-03T06:48:55.912+0600][62.410s][info][gc             ] GC(209) Pause Young (Concurrent Start) (G1 Humongous Allocation) 101M->94M(528M) 2.880ms
[2026-04-03T06:48:55.912+0600][62.410s][info][gc             ] GC(210) Concurrent Mark Cycle
[2026-04-03T06:48:55.912+0600][62.410s][info][gc,cpu         ] GC(209) User=0.02s Sys=0.00s Real=0.00s
[2026-04-03T06:48:55.912+0600][62.410s][info][gc,marking     ] GC(210) Concurrent Scan Root Regions
[2026-04-03T06:48:55.915+0600][62.413s][info][gc,marking     ] GC(210) Concurrent Scan Root Regions 2.829ms
[2026-04-03T06:48:55.915+0600][62.413s][info][gc,marking     ] GC(210) Concurrent Mark
[2026-04-03T06:48:55.915+0600][62.413s][info][gc,marking     ] GC(210) Concurrent Mark From Roots
[2026-04-03T06:48:55.915+0600][62.413s][info][gc,task        ] GC(210) Using 3 workers of 3 for marking
[2026-04-03T06:48:55.982+0600][62.481s][info][gc,marking     ] GC(210) Concurrent Mark From Roots 67.103ms
[2026-04-03T06:48:55.982+0600][62.481s][info][gc,marking     ] GC(210) Concurrent Preclean
[2026-04-03T06:48:55.983+0600][62.481s][info][gc,marking     ] GC(210) Concurrent Preclean 0.811ms
[2026-04-03T06:48:55.983+0600][62.482s][info][gc,start       ] GC(210) Pause Remark
[2026-04-03T06:48:55.993+0600][62.491s][info][gc             ] GC(210) Pause Remark 127M->127M(374M) 9.325ms
[2026-04-03T06:48:55.993+0600][62.491s][info][gc,cpu         ] GC(210) User=0.07s Sys=0.00s Real=0.00s
[2026-04-03T06:48:55.993+0600][62.492s][info][gc,marking     ] GC(210) Concurrent Mark 78.141ms
[2026-04-03T06:48:55.993+0600][62.492s][info][gc,marking     ] GC(210) Concurrent Rebuild Remembered Sets and Scrub Regions
[2026-04-03T06:48:56.025+0600][62.523s][info][gc,marking     ] GC(210) Concurrent Rebuild Remembered Sets and Scrub Regions 31.339ms
[2026-04-03T06:48:56.025+0600][62.524s][info][gc,start       ] GC(210) Pause Cleanup
[2026-04-03T06:48:56.026+0600][62.524s][info][gc             ] GC(210) Pause Cleanup 154M->154M(374M) 0.488ms
[2026-04-03T06:48:56.026+0600][62.524s][info][gc,cpu         ] GC(210) User=0.00s Sys=0.00s Real=0.00s
[2026-04-03T06:48:56.026+0600][62.524s][info][gc,marking     ] GC(210) Concurrent Clear Claimed Marks
[2026-04-03T06:48:56.026+0600][62.525s][info][gc,marking     ] GC(210) Concurrent Clear Claimed Marks 0.423ms
[2026-04-03T06:48:56.026+0600][62.525s][info][gc,marking     ] GC(210) Concurrent Cleanup for Next Mark
[2026-04-03T06:48:56.027+0600][62.525s][info][gc,marking     ] GC(210) Concurrent Cleanup for Next Mark 0.540ms
[2026-04-03T06:48:56.027+0600][62.525s][info][gc             ] GC(210) Concurrent Mark Cycle 114.923ms
[2026-04-03T06:48:56.100+0600][62.598s][info][gc,start       ] GC(211) Pause Young (Prepare Mixed) (G1 Evacuation Pause)
[2026-04-03T06:48:56.100+0600][62.598s][info][gc,task        ] GC(211) Using 10 workers of 10 for evacuation
[2026-04-03T06:48:56.103+0600][62.602s][info][gc,phases      ] GC(211)   Pre Evacuate Collection Set: 0.32ms
[2026-04-03T06:48:56.103+0600][62.602s][info][gc,phases      ] GC(211)   Merge Heap Roots: 0.16ms
[2026-04-03T06:48:56.103+0600][62.602s][info][gc,phases      ] GC(211)   Evacuate Collection Set: 2.23ms
[2026-04-03T06:48:56.103+0600][62.602s][info][gc,phases      ] GC(211)   Post Evacuate Collection Set: 0.60ms
[2026-04-03T06:48:56.103+0600][62.602s][info][gc,phases      ] GC(211)   Other: 0.09ms
[2026-04-03T06:48:56.103+0600][62.602s][info][gc,heap        ] GC(211) Eden regions: 31->0(173)
[2026-04-03T06:48:56.103+0600][62.602s][info][gc,heap        ] GC(211) Survivor regions: 2->2(18)
[2026-04-03T06:48:56.103+0600][62.602s][info][gc,heap        ] GC(211) Old regions: 44->45
[2026-04-03T06:48:56.103+0600][62.602s][info][gc,heap        ] GC(211) Humongous regions: 212->3
[2026-04-03T06:48:56.103+0600][62.602s][info][gc,metaspace   ] GC(211) Metaspace: 131861K(133312K)->131861K(133312K) NonClass: 115231K(115968K)->115231K(115968K) Class: 16629K(17344K)->16629K(17344K)
[2026-04-03T06:48:56.103+0600][62.602s][info][gc             ] GC(211) Pause Young (Prepare Mixed) (G1 Evacuation Pause) 574M->93M(584M) 3.680ms
[2026-04-03T06:48:56.103+0600][62.602s][info][gc,cpu         ] GC(211) User=0.02s Sys=0.00s Real=0.01s
[2026-04-03T06:48:56.202+0600][62.701s][info][gc,start       ] GC(212) Pause Young (Mixed) (G1 Evacuation Pause)
[2026-04-03T06:48:56.202+0600][62.701s][info][gc,task        ] GC(212) Using 10 workers of 10 for evacuation
[2026-04-03T06:48:56.208+0600][62.707s][info][gc,phases      ] GC(212)   Pre Evacuate Collection Set: 0.31ms
[2026-04-03T06:48:56.208+0600][62.707s][info][gc,phases      ] GC(212)   Merge Heap Roots: 0.23ms
[2026-04-03T06:48:56.208+0600][62.707s][info][gc,phases      ] GC(212)   Evacuate Collection Set: 3.68ms
[2026-04-03T06:48:56.208+0600][62.707s][info][gc,phases      ] GC(212)   Post Evacuate Collection Set: 1.69ms
[2026-04-03T06:48:56.208+0600][62.707s][info][gc,phases      ] GC(212)   Other: 0.10ms
[2026-04-03T06:48:56.209+0600][62.707s][info][gc,heap        ] GC(212) Eden regions: 31->0(175)
[2026-04-03T06:48:56.209+0600][62.707s][info][gc,heap        ] GC(212) Survivor regions: 2->3(22)
[2026-04-03T06:48:56.209+0600][62.707s][info][gc,heap        ] GC(212) Old regions: 45->44
[2026-04-03T06:48:56.209+0600][62.707s][info][gc,heap        ] GC(212) Humongous regions: 217->3
[2026-04-03T06:48:56.209+0600][62.707s][info][gc,metaspace   ] GC(212) Metaspace: 131865K(133312K)->131865K(133312K) NonClass: 115236K(115968K)->115236K(115968K) Class: 16629K(17344K)->16629K(17344K)
[2026-04-03T06:48:56.209+0600][62.707s][info][gc             ] GC(212) Pause Young (Mixed) (G1 Evacuation Pause) 583M->95M(596M) 6.350ms
[2026-04-03T06:48:56.209+0600][62.707s][info][gc,cpu         ] GC(212) User=0.03s Sys=0.02s Real=0.01s
[2026-04-03T06:48:56.222+0600][62.720s][info][gc,start       ] GC(213) Pause Young (Concurrent Start) (G1 Humongous Allocation)
[2026-04-03T06:48:56.222+0600][62.720s][info][gc,task        ] GC(213) Using 10 workers of 10 for evacuation
[2026-04-03T06:48:56.226+0600][62.724s][info][gc,phases      ] GC(213)   Pre Evacuate Collection Set: 0.33ms
[2026-04-03T06:48:56.226+0600][62.724s][info][gc,phases      ] GC(213)   Merge Heap Roots: 0.14ms
[2026-04-03T06:48:56.226+0600][62.724s][info][gc,phases      ] GC(213)   Evacuate Collection Set: 2.53ms
[2026-04-03T06:48:56.226+0600][62.724s][info][gc,phases      ] GC(213)   Post Evacuate Collection Set: 0.97ms
[2026-04-03T06:48:56.226+0600][62.724s][info][gc,phases      ] GC(213)   Other: 0.28ms
[2026-04-03T06:48:56.226+0600][62.725s][info][gc,heap        ] GC(213) Eden regions: 17->0(175)
[2026-04-03T06:48:56.226+0600][62.725s][info][gc,heap        ] GC(213) Survivor regions: 3->3(23)
[2026-04-03T06:48:56.226+0600][62.725s][info][gc,heap        ] GC(213) Old regions: 44->44
[2026-04-03T06:48:56.226+0600][62.725s][info][gc,heap        ] GC(213) Humongous regions: 3->3
[2026-04-03T06:48:56.226+0600][62.725s][info][gc,metaspace   ] GC(213) Metaspace: 131865K(133312K)->131865K(133312K) NonClass: 115236K(115968K)->115236K(115968K) Class: 16629K(17344K)->16629K(17344K)
[2026-04-03T06:48:56.226+0600][62.725s][info][gc             ] GC(213) Pause Young (Concurrent Start) (G1 Humongous Allocation) 129M->97M(596M) 4.699ms
[2026-04-03T06:48:56.226+0600][62.725s][info][gc             ] GC(214) Concurrent Mark Cycle
[2026-04-03T06:48:56.226+0600][62.725s][info][gc,marking     ] GC(214) Concurrent Scan Root Regions
[2026-04-03T06:48:56.226+0600][62.725s][info][gc,cpu         ] GC(213) User=0.03s Sys=0.00s Real=0.01s
[2026-04-03T06:48:56.231+0600][62.729s][info][gc,marking     ] GC(214) Concurrent Scan Root Regions 4.630ms
[2026-04-03T06:48:56.231+0600][62.730s][info][gc,marking     ] GC(214) Concurrent Mark
[2026-04-03T06:48:56.231+0600][62.730s][info][gc,marking     ] GC(214) Concurrent Mark From Roots
[2026-04-03T06:48:56.231+0600][62.730s][info][gc,task        ] GC(214) Using 3 workers of 3 for marking
[2026-04-03T06:48:56.297+0600][62.795s][info][gc,marking     ] GC(214) Concurrent Mark From Roots 65.710ms
[2026-04-03T06:48:56.297+0600][62.795s][info][gc,marking     ] GC(214) Concurrent Preclean
[2026-04-03T06:48:56.298+0600][62.796s][info][gc,marking     ] GC(214) Concurrent Preclean 0.997ms
[2026-04-03T06:48:56.298+0600][62.797s][info][gc,start       ] GC(214) Pause Remark
[2026-04-03T06:48:56.308+0600][62.807s][info][gc             ] GC(214) Pause Remark 155M->155M(408M) 9.650ms
[2026-04-03T06:48:56.308+0600][62.807s][info][gc,cpu         ] GC(214) User=0.08s Sys=0.00s Real=0.01s
[2026-04-03T06:48:56.309+0600][62.807s][info][gc,marking     ] GC(214) Concurrent Mark 77.368ms
[2026-04-03T06:48:56.309+0600][62.807s][info][gc,marking     ] GC(214) Concurrent Rebuild Remembered Sets and Scrub Regions
[2026-04-03T06:48:56.343+0600][62.841s][info][gc,marking     ] GC(214) Concurrent Rebuild Remembered Sets and Scrub Regions 34.340ms
[2026-04-03T06:48:56.343+0600][62.842s][info][gc,start       ] GC(214) Pause Cleanup
[2026-04-03T06:48:56.344+0600][62.842s][info][gc             ] GC(214) Pause Cleanup 189M->189M(408M) 0.304ms
[2026-04-03T06:48:56.344+0600][62.842s][info][gc,cpu         ] GC(214) User=0.00s Sys=0.00s Real=0.00s
[2026-04-03T06:48:56.344+0600][62.842s][info][gc,marking     ] GC(214) Concurrent Clear Claimed Marks
[2026-04-03T06:48:56.344+0600][62.843s][info][gc,marking     ] GC(214) Concurrent Clear Claimed Marks 0.455ms
[2026-04-03T06:48:56.344+0600][62.843s][info][gc,marking     ] GC(214) Concurrent Cleanup for Next Mark
[2026-04-03T06:48:56.346+0600][62.844s][info][gc,marking     ] GC(214) Concurrent Cleanup for Next Mark 1.174ms
[2026-04-03T06:48:56.346+0600][62.844s][info][gc             ] GC(214) Concurrent Mark Cycle 119.374ms
[2026-04-03T06:48:56.747+0600][63.246s][info][gc,start       ] GC(215) Pause Young (Prepare Mixed) (G1 Evacuation Pause)
[2026-04-03T06:48:56.747+0600][63.246s][info][gc,task        ] GC(215) Using 9 workers of 10 for evacuation
[2026-04-03T06:48:56.751+0600][63.250s][info][gc,phases      ] GC(215)   Pre Evacuate Collection Set: 0.35ms
[2026-04-03T06:48:56.751+0600][63.250s][info][gc,phases      ] GC(215)   Merge Heap Roots: 0.14ms
[2026-04-03T06:48:56.751+0600][63.250s][info][gc,phases      ] GC(215)   Evacuate Collection Set: 2.53ms
[2026-04-03T06:48:56.751+0600][63.250s][info][gc,phases      ] GC(215)   Post Evacuate Collection Set: 0.55ms
[2026-04-03T06:48:56.751+0600][63.250s][info][gc,phases      ] GC(215)   Other: 0.09ms
[2026-04-03T06:48:56.751+0600][63.250s][info][gc,heap        ] GC(215) Eden regions: 107->0(121)
[2026-04-03T06:48:56.751+0600][63.250s][info][gc,heap        ] GC(215) Survivor regions: 3->3(16)
[2026-04-03T06:48:56.751+0600][63.250s][info][gc,heap        ] GC(215) Old regions: 44->45
[2026-04-03T06:48:56.751+0600][63.250s][info][gc,heap        ] GC(215) Humongous regions: 50->3
[2026-04-03T06:48:56.751+0600][63.250s][info][gc,metaspace   ] GC(215) Metaspace: 131874K(133312K)->131874K(133312K) NonClass: 115244K(115968K)->115244K(115968K) Class: 16630K(17344K)->16630K(17344K)
[2026-04-03T06:48:56.751+0600][63.250s][info][gc             ] GC(215) Pause Young (Prepare Mixed) (G1 Evacuation Pause) 405M->96M(416M) 3.948ms
[2026-04-03T06:48:56.751+0600][63.250s][info][gc,cpu         ] GC(215) User=0.02s Sys=0.00s Real=0.00s
[2026-04-03T06:48:56.971+0600][63.470s][info][gc,start       ] GC(216) Pause Young (Mixed) (GCLocker Initiated GC)
[2026-04-03T06:48:56.972+0600][63.470s][info][gc,task        ] GC(216) Using 10 workers of 10 for evacuation
[2026-04-03T06:48:56.978+0600][63.477s][info][gc,phases      ] GC(216)   Pre Evacuate Collection Set: 0.36ms
[2026-04-03T06:48:56.978+0600][63.477s][info][gc,phases      ] GC(216)   Merge Heap Roots: 0.25ms
[2026-04-03T06:48:56.978+0600][63.477s][info][gc,phases      ] GC(216)   Evacuate Collection Set: 5.13ms
[2026-04-03T06:48:56.978+0600][63.477s][info][gc,phases      ] GC(216)   Post Evacuate Collection Set: 0.75ms
[2026-04-03T06:48:56.978+0600][63.477s][info][gc,phases      ] GC(216)   Other: 0.14ms
[2026-04-03T06:48:56.978+0600][63.477s][info][gc,heap        ] GC(216) Eden regions: 86->0(122)
[2026-04-03T06:48:56.978+0600][63.477s][info][gc,heap        ] GC(216) Survivor regions: 3->5(16)
[2026-04-03T06:48:56.978+0600][63.477s][info][gc,heap        ] GC(216) Old regions: 45->44
[2026-04-03T06:48:56.978+0600][63.477s][info][gc,heap        ] GC(216) Humongous regions: 74->3
[2026-04-03T06:48:56.978+0600][63.477s][info][gc,metaspace   ] GC(216) Metaspace: 131877K(133312K)->131877K(133312K) NonClass: 115247K(115968K)->115247K(115968K) Class: 16630K(17344K)->16630K(17344K)
[2026-04-03T06:48:56.978+0600][63.477s][info][gc             ] GC(216) Pause Young (Mixed) (GCLocker Initiated GC) 410M->99M(426M) 7.011ms
[2026-04-03T06:48:56.979+0600][63.477s][info][gc,cpu         ] GC(216) User=0.04s Sys=0.01s Real=0.01s
[2026-04-03T06:48:56.983+0600][63.481s][info][gc,start       ] GC(217) Pause Young (Concurrent Start) (G1 Humongous Allocation)
[2026-04-03T06:48:56.983+0600][63.481s][info][gc,task        ] GC(217) Using 10 workers of 10 for evacuation
[2026-04-03T06:48:56.989+0600][63.487s][info][gc,phases      ] GC(217)   Pre Evacuate Collection Set: 0.44ms
[2026-04-03T06:48:56.989+0600][63.488s][info][gc,phases      ] GC(217)   Merge Heap Roots: 0.21ms
[2026-04-03T06:48:56.989+0600][63.488s][info][gc,phases      ] GC(217)   Evacuate Collection Set: 3.99ms
[2026-04-03T06:48:56.989+0600][63.488s][info][gc,phases      ] GC(217)   Post Evacuate Collection Set: 1.14ms
[2026-04-03T06:48:56.989+0600][63.488s][info][gc,phases      ] GC(217)   Other: 0.25ms
[2026-04-03T06:48:56.989+0600][63.488s][info][gc,heap        ] GC(217) Eden regions: 3->0(141)
[2026-04-03T06:48:56.989+0600][63.488s][info][gc,heap        ] GC(217) Survivor regions: 5->4(16)
[2026-04-03T06:48:56.989+0600][63.488s][info][gc,heap        ] GC(217) Old regions: 44->44
[2026-04-03T06:48:56.989+0600][63.488s][info][gc,heap        ] GC(217) Humongous regions: 3->3
[2026-04-03T06:48:56.989+0600][63.488s][info][gc,metaspace   ] GC(217) Metaspace: 131877K(133312K)->131877K(133312K) NonClass: 115247K(115968K)->115247K(115968K) Class: 16630K(17344K)->16630K(17344K)
[2026-04-03T06:48:56.989+0600][63.488s][info][gc             ] GC(217) Pause Young (Concurrent Start) (G1 Humongous Allocation) 105M->98M(546M) 6.478ms
[2026-04-03T06:48:56.989+0600][63.488s][info][gc             ] GC(218) Concurrent Mark Cycle
[2026-04-03T06:48:56.989+0600][63.488s][info][gc,marking     ] GC(218) Concurrent Scan Root Regions
[2026-04-03T06:48:56.989+0600][63.488s][info][gc,cpu         ] GC(217) User=0.03s Sys=0.00s Real=0.01s
[2026-04-03T06:48:56.994+0600][63.493s][info][gc,marking     ] GC(218) Concurrent Scan Root Regions 4.807ms
[2026-04-03T06:48:56.994+0600][63.493s][info][gc,marking     ] GC(218) Concurrent Mark
[2026-04-03T06:48:56.994+0600][63.493s][info][gc,marking     ] GC(218) Concurrent Mark From Roots
[2026-04-03T06:48:56.994+0600][63.493s][info][gc,task        ] GC(218) Using 3 workers of 3 for marking
[2026-04-03T06:48:57.078+0600][63.577s][info][gc,marking     ] GC(218) Concurrent Mark From Roots 83.800ms
[2026-04-03T06:48:57.078+0600][63.577s][info][gc,marking     ] GC(218) Concurrent Preclean
[2026-04-03T06:48:57.079+0600][63.578s][info][gc,marking     ] GC(218) Concurrent Preclean 1.036ms
[2026-04-03T06:48:57.080+0600][63.578s][info][gc,start       ] GC(218) Pause Remark
[2026-04-03T06:48:57.089+0600][63.588s][info][gc             ] GC(218) Pause Remark 185M->185M(474M) 9.636ms
[2026-04-03T06:48:57.090+0600][63.588s][info][gc,cpu         ] GC(218) User=0.08s Sys=0.00s Real=0.01s
[2026-04-03T06:48:57.090+0600][63.589s][info][gc,marking     ] GC(218) Concurrent Mark 95.839ms
[2026-04-03T06:48:57.090+0600][63.589s][info][gc,marking     ] GC(218) Concurrent Rebuild Remembered Sets and Scrub Regions
[2026-04-03T06:48:57.127+0600][63.626s][info][gc,marking     ] GC(218) Concurrent Rebuild Remembered Sets and Scrub Regions 36.982ms
[2026-04-03T06:48:57.128+0600][63.626s][info][gc,start       ] GC(218) Pause Cleanup
[2026-04-03T06:48:57.128+0600][63.627s][info][gc             ] GC(218) Pause Cleanup 219M->219M(474M) 0.281ms
[2026-04-03T06:48:57.128+0600][63.627s][info][gc,cpu         ] GC(218) User=0.00s Sys=0.00s Real=0.00s
[2026-04-03T06:48:57.128+0600][63.627s][info][gc,marking     ] GC(218) Concurrent Clear Claimed Marks
[2026-04-03T06:48:57.129+0600][63.627s][info][gc,marking     ] GC(218) Concurrent Clear Claimed Marks 0.342ms
[2026-04-03T06:48:57.129+0600][63.627s][info][gc,marking     ] GC(218) Concurrent Cleanup for Next Mark
[2026-04-03T06:48:57.130+0600][63.628s][info][gc,marking     ] GC(218) Concurrent Cleanup for Next Mark 1.010ms
[2026-04-03T06:48:57.130+0600][63.628s][info][gc             ] GC(218) Concurrent Mark Cycle 140.329ms
[2026-04-03T06:48:57.328+0600][63.826s][info][gc,start       ] GC(219) Pause Young (Prepare Mixed) (G1 Evacuation Pause)
[2026-04-03T06:48:57.328+0600][63.827s][info][gc,task        ] GC(219) Using 10 workers of 10 for evacuation
[2026-04-03T06:48:57.335+0600][63.834s][info][gc,phases      ] GC(219)   Pre Evacuate Collection Set: 0.52ms
[2026-04-03T06:48:57.335+0600][63.834s][info][gc,phases      ] GC(219)   Merge Heap Roots: 0.25ms
[2026-04-03T06:48:57.335+0600][63.834s][info][gc,phases      ] GC(219)   Evacuate Collection Set: 5.68ms
[2026-04-03T06:48:57.335+0600][63.834s][info][gc,phases      ] GC(219)   Post Evacuate Collection Set: 0.58ms
[2026-04-03T06:48:57.335+0600][63.834s][info][gc,phases      ] GC(219)   Other: 0.13ms
[2026-04-03T06:48:57.335+0600][63.834s][info][gc,heap        ] GC(219) Eden regions: 103->0(133)
[2026-04-03T06:48:57.335+0600][63.834s][info][gc,heap        ] GC(219) Survivor regions: 4->4(18)
[2026-04-03T06:48:57.335+0600][63.834s][info][gc,heap        ] GC(219) Old regions: 44->45
[2026-04-03T06:48:57.335+0600][63.834s][info][gc,heap        ] GC(219) Humongous regions: 89->3
[2026-04-03T06:48:57.335+0600][63.834s][info][gc,metaspace   ] GC(219) Metaspace: 131887K(133376K)->131887K(133376K) NonClass: 115257K(116032K)->115257K(116032K) Class: 16630K(17344K)->16630K(17344K)
[2026-04-03T06:48:57.335+0600][63.834s][info][gc             ] GC(219) Pause Young (Prepare Mixed) (G1 Evacuation Pause) 476M->98M(490M) 7.504ms
[2026-04-03T06:48:57.336+0600][63.834s][info][gc,cpu         ] GC(219) User=0.02s Sys=0.01s Real=0.01s
[2026-04-03T06:48:57.673+0600][64.172s][info][gc,start       ] GC(220) Pause Young (Mixed) (G1 Evacuation Pause)
[2026-04-03T06:48:57.673+0600][64.172s][info][gc,task        ] GC(220) Using 10 workers of 10 for evacuation
[2026-04-03T06:48:57.678+0600][64.176s][info][gc,phases      ] GC(220)   Pre Evacuate Collection Set: 0.33ms
[2026-04-03T06:48:57.678+0600][64.176s][info][gc,phases      ] GC(220)   Merge Heap Roots: 0.21ms
[2026-04-03T06:48:57.678+0600][64.176s][info][gc,phases      ] GC(220)   Evacuate Collection Set: 2.75ms
[2026-04-03T06:48:57.678+0600][64.176s][info][gc,phases      ] GC(220)   Post Evacuate Collection Set: 0.77ms
[2026-04-03T06:48:57.678+0600][64.176s][info][gc,phases      ] GC(220)   Other: 0.10ms
[2026-04-03T06:48:57.678+0600][64.176s][info][gc,heap        ] GC(220) Eden regions: 105->0(145)
[2026-04-03T06:48:57.678+0600][64.176s][info][gc,heap        ] GC(220) Survivor regions: 4->3(18)
[2026-04-03T06:48:57.678+0600][64.176s][info][gc,heap        ] GC(220) Old regions: 45->44
[2026-04-03T06:48:57.678+0600][64.176s][info][gc,heap        ] GC(220) Humongous regions: 94->3
[2026-04-03T06:48:57.678+0600][64.176s][info][gc,metaspace   ] GC(220) Metaspace: 131905K(133376K)->131905K(133376K) NonClass: 115275K(116032K)->115275K(116032K) Class: 16630K(17344K)->16630K(17344K)
[2026-04-03T06:48:57.678+0600][64.176s][info][gc             ] GC(220) Pause Young (Mixed) (G1 Evacuation Pause) 490M->96M(502M) 4.496ms
[2026-04-03T06:48:57.678+0600][64.176s][info][gc,cpu         ] GC(220) User=0.02s Sys=0.01s Real=0.00s
[2026-04-03T06:48:57.972+0600][64.470s][info][gc,start       ] GC(221) Pause Young (Concurrent Start) (G1 Humongous Allocation)
[2026-04-03T06:48:57.972+0600][64.470s][info][gc,task        ] GC(221) Using 10 workers of 10 for evacuation
[2026-04-03T06:48:57.975+0600][64.473s][info][gc,phases      ] GC(221)   Pre Evacuate Collection Set: 0.55ms
[2026-04-03T06:48:57.975+0600][64.473s][info][gc,phases      ] GC(221)   Merge Heap Roots: 0.16ms
[2026-04-03T06:48:57.975+0600][64.473s][info][gc,phases      ] GC(221)   Evacuate Collection Set: 1.40ms
[2026-04-03T06:48:57.975+0600][64.473s][info][gc,phases      ] GC(221)   Post Evacuate Collection Set: 0.53ms
[2026-04-03T06:48:57.975+0600][64.473s][info][gc,phases      ] GC(221)   Other: 0.26ms
[2026-04-03T06:48:57.975+0600][64.473s][info][gc,heap        ] GC(221) Eden regions: 75->0(147)
[2026-04-03T06:48:57.975+0600][64.473s][info][gc,heap        ] GC(221) Survivor regions: 3->3(19)
[2026-04-03T06:48:57.975+0600][64.473s][info][gc,heap        ] GC(221) Old regions: 44->44
[2026-04-03T06:48:57.975+0600][64.473s][info][gc,heap        ] GC(221) Humongous regions: 3->3
[2026-04-03T06:48:57.975+0600][64.473s][info][gc,metaspace   ] GC(221) Metaspace: 131915K(133376K)->131915K(133376K) NonClass: 115284K(116032K)->115284K(116032K) Class: 16630K(17344K)->16630K(17344K)
[2026-04-03T06:48:57.975+0600][64.473s][info][gc             ] GC(221) Pause Young (Concurrent Start) (G1 Humongous Allocation) 246M->96M(502M) 3.205ms
[2026-04-03T06:48:57.975+0600][64.473s][info][gc             ] GC(222) Concurrent Mark Cycle
[2026-04-03T06:48:57.975+0600][64.473s][info][gc,marking     ] GC(222) Concurrent Scan Root Regions
[2026-04-03T06:48:57.975+0600][64.473s][info][gc,cpu         ] GC(221) User=0.02s Sys=0.00s Real=0.01s
[2026-04-03T06:48:57.977+0600][64.475s][info][gc,marking     ] GC(222) Concurrent Scan Root Regions 2.076ms
[2026-04-03T06:48:57.977+0600][64.476s][info][gc,marking     ] GC(222) Concurrent Mark
[2026-04-03T06:48:57.977+0600][64.476s][info][gc,marking     ] GC(222) Concurrent Mark From Roots
[2026-04-03T06:48:57.977+0600][64.476s][info][gc,task        ] GC(222) Using 3 workers of 3 for marking
[2026-04-03T06:48:58.058+0600][64.556s][info][gc,marking     ] GC(222) Concurrent Mark From Roots 80.455ms
[2026-04-03T06:48:58.058+0600][64.556s][info][gc,marking     ] GC(222) Concurrent Preclean
[2026-04-03T06:48:58.059+0600][64.557s][info][gc,marking     ] GC(222) Concurrent Preclean 1.023ms
[2026-04-03T06:48:58.059+0600][64.558s][info][gc,start       ] GC(222) Pause Remark
[2026-04-03T06:48:58.068+0600][64.566s][info][gc             ] GC(222) Pause Remark 195M->195M(500M) 8.904ms
[2026-04-03T06:48:58.068+0600][64.567s][info][gc,cpu         ] GC(222) User=0.07s Sys=0.00s Real=0.01s
[2026-04-03T06:48:58.068+0600][64.567s][info][gc,marking     ] GC(222) Concurrent Mark 91.337ms
[2026-04-03T06:48:58.069+0600][64.567s][info][gc,marking     ] GC(222) Concurrent Rebuild Remembered Sets and Scrub Regions
[2026-04-03T06:48:58.107+0600][64.605s][info][gc,marking     ] GC(222) Concurrent Rebuild Remembered Sets and Scrub Regions 38.204ms
[2026-04-03T06:48:58.107+0600][64.606s][info][gc,start       ] GC(222) Pause Cleanup
[2026-04-03T06:48:58.108+0600][64.606s][info][gc             ] GC(222) Pause Cleanup 231M->231M(500M) 0.500ms
[2026-04-03T06:48:58.108+0600][64.606s][info][gc,cpu         ] GC(222) User=0.00s Sys=0.00s Real=0.00s
[2026-04-03T06:48:58.108+0600][64.606s][info][gc,marking     ] GC(222) Concurrent Clear Claimed Marks
[2026-04-03T06:48:58.108+0600][64.607s][info][gc,marking     ] GC(222) Concurrent Clear Claimed Marks 0.375ms
[2026-04-03T06:48:58.108+0600][64.607s][info][gc,marking     ] GC(222) Concurrent Cleanup for Next Mark
[2026-04-03T06:48:58.109+0600][64.608s][info][gc,marking     ] GC(222) Concurrent Cleanup for Next Mark 0.894ms
[2026-04-03T06:48:58.109+0600][64.608s][info][gc             ] GC(222) Concurrent Mark Cycle 134.333ms
[2026-04-03T06:48:58.305+0600][64.803s][info][gc,start       ] GC(223) Pause Young (Prepare Mixed) (GCLocker Initiated GC)
[2026-04-03T06:48:58.305+0600][64.803s][info][gc,task        ] GC(223) Using 10 workers of 10 for evacuation
[2026-04-03T06:48:58.311+0600][64.809s][info][gc,phases      ] GC(223)   Pre Evacuate Collection Set: 0.39ms
[2026-04-03T06:48:58.311+0600][64.809s][info][gc,phases      ] GC(223)   Merge Heap Roots: 0.22ms
[2026-04-03T06:48:58.311+0600][64.809s][info][gc,phases      ] GC(223)   Evacuate Collection Set: 4.69ms
[2026-04-03T06:48:58.311+0600][64.809s][info][gc,phases      ] GC(223)   Post Evacuate Collection Set: 0.67ms
[2026-04-03T06:48:58.311+0600][64.809s][info][gc,phases      ] GC(223)   Other: 0.11ms
[2026-04-03T06:48:58.311+0600][64.809s][info][gc,heap        ] GC(223) Eden regions: 109->0(149)
[2026-04-03T06:48:58.311+0600][64.809s][info][gc,heap        ] GC(223) Survivor regions: 3->4(19)
[2026-04-03T06:48:58.311+0600][64.810s][info][gc,heap        ] GC(223) Old regions: 44->45
[2026-04-03T06:48:58.311+0600][64.810s][info][gc,heap        ] GC(223) Humongous regions: 95->3
[2026-04-03T06:48:58.311+0600][64.810s][info][gc,metaspace   ] GC(223) Metaspace: 131915K(133376K)->131915K(133376K) NonClass: 115284K(116032K)->115284K(116032K) Class: 16630K(17344K)->16630K(17344K)
[2026-04-03T06:48:58.311+0600][64.810s][info][gc             ] GC(223) Pause Young (Prepare Mixed) (GCLocker Initiated GC) 498M->99M(512M) 6.453ms
[2026-04-03T06:48:58.311+0600][64.810s][info][gc,cpu         ] GC(223) User=0.04s Sys=0.01s Real=0.00s
[2026-04-03T06:48:58.624+0600][65.122s][info][gc,start       ] GC(224) Pause Young (Mixed) (G1 Evacuation Pause)
[2026-04-03T06:48:58.624+0600][65.123s][info][gc,task        ] GC(224) Using 10 workers of 10 for evacuation
[2026-04-03T06:48:58.631+0600][65.129s][info][gc,phases      ] GC(224)   Pre Evacuate Collection Set: 0.48ms
[2026-04-03T06:48:58.631+0600][65.129s][info][gc,phases      ] GC(224)   Merge Heap Roots: 0.24ms
[2026-04-03T06:48:58.631+0600][65.129s][info][gc,phases      ] GC(224)   Evacuate Collection Set: 5.03ms
[2026-04-03T06:48:58.631+0600][65.129s][info][gc,phases      ] GC(224)   Post Evacuate Collection Set: 0.79ms
[2026-04-03T06:48:58.631+0600][65.129s][info][gc,phases      ] GC(224)   Other: 0.20ms
[2026-04-03T06:48:58.631+0600][65.129s][info][gc,heap        ] GC(224) Eden regions: 114->0(152)
[2026-04-03T06:48:58.631+0600][65.129s][info][gc,heap        ] GC(224) Survivor regions: 4->4(20)
[2026-04-03T06:48:58.631+0600][65.129s][info][gc,heap        ] GC(224) Old regions: 45->44
[2026-04-03T06:48:58.631+0600][65.129s][info][gc,heap        ] GC(224) Humongous regions: 94->4
[2026-04-03T06:48:58.631+0600][65.129s][info][gc,metaspace   ] GC(224) Metaspace: 131915K(133376K)->131915K(133376K) NonClass: 115285K(116032K)->115285K(116032K) Class: 16630K(17344K)->16630K(17344K)
[2026-04-03T06:48:58.631+0600][65.130s][info][gc             ] GC(224) Pause Young (Mixed) (G1 Evacuation Pause) 509M->100M(522M) 7.115ms
[2026-04-03T06:48:58.631+0600][65.130s][info][gc,cpu         ] GC(224) User=0.03s Sys=0.02s Real=0.00s
[2026-04-03T06:48:58.634+0600][65.133s][info][gc,start       ] GC(225) Pause Young (Concurrent Start) (G1 Humongous Allocation)
[2026-04-03T06:48:58.634+0600][65.133s][info][gc,task        ] GC(225) Using 10 workers of 10 for evacuation
[2026-04-03T06:48:58.640+0600][65.139s][info][gc,phases      ] GC(225)   Pre Evacuate Collection Set: 0.46ms
[2026-04-03T06:48:58.640+0600][65.139s][info][gc,phases      ] GC(225)   Merge Heap Roots: 0.12ms
[2026-04-03T06:48:58.640+0600][65.139s][info][gc,phases      ] GC(225)   Evacuate Collection Set: 4.39ms
[2026-04-03T06:48:58.640+0600][65.139s][info][gc,phases      ] GC(225)   Post Evacuate Collection Set: 0.93ms
[2026-04-03T06:48:58.640+0600][65.139s][info][gc,phases      ] GC(225)   Other: 0.22ms
[2026-04-03T06:48:58.641+0600][65.139s][info][gc,heap        ] GC(225) Eden regions: 3->0(152)
[2026-04-03T06:48:58.641+0600][65.139s][info][gc,heap        ] GC(225) Survivor regions: 4->4(20)
[2026-04-03T06:48:58.641+0600][65.139s][info][gc,heap        ] GC(225) Old regions: 44->44
[2026-04-03T06:48:58.641+0600][65.139s][info][gc,heap        ] GC(225) Humongous regions: 4->3
[2026-04-03T06:48:58.641+0600][65.139s][info][gc,metaspace   ] GC(225) Metaspace: 131915K(133376K)->131915K(133376K) NonClass: 115285K(116032K)->115285K(116032K) Class: 16630K(17344K)->16630K(17344K)
[2026-04-03T06:48:58.641+0600][65.139s][info][gc             ] GC(225) Pause Young (Concurrent Start) (G1 Humongous Allocation) 104M->98M(522M) 6.494ms
[2026-04-03T06:48:58.641+0600][65.139s][info][gc             ] GC(226) Concurrent Mark Cycle
[2026-04-03T06:48:58.641+0600][65.139s][info][gc,marking     ] GC(226) Concurrent Scan Root Regions
[2026-04-03T06:48:58.641+0600][65.139s][info][gc,cpu         ] GC(225) User=0.03s Sys=0.01s Real=0.00s
[2026-04-03T06:48:58.644+0600][65.142s][info][gc,marking     ] GC(226) Concurrent Scan Root Regions 3.206ms
[2026-04-03T06:48:58.644+0600][65.143s][info][gc,marking     ] GC(226) Concurrent Mark
[2026-04-03T06:48:58.644+0600][65.143s][info][gc,marking     ] GC(226) Concurrent Mark From Roots
[2026-04-03T06:48:58.644+0600][65.143s][info][gc,task        ] GC(226) Using 3 workers of 3 for marking
[2026-04-03T06:48:58.731+0600][65.229s][info][gc,marking     ] GC(226) Concurrent Mark From Roots 86.919ms
[2026-04-03T06:48:58.731+0600][65.230s][info][gc,marking     ] GC(226) Concurrent Preclean
[2026-04-03T06:48:58.732+0600][65.231s][info][gc,marking     ] GC(226) Concurrent Preclean 0.997ms
[2026-04-03T06:48:58.734+0600][65.233s][info][gc,start       ] GC(226) Pause Remark
[2026-04-03T06:48:58.744+0600][65.242s][info][gc             ] GC(226) Pause Remark 184M->184M(460M) 9.333ms
[2026-04-03T06:48:58.744+0600][65.242s][info][gc,cpu         ] GC(226) User=0.07s Sys=0.00s Real=0.01s
[2026-04-03T06:48:58.744+0600][65.243s][info][gc,marking     ] GC(226) Concurrent Mark 100.057ms
[2026-04-03T06:48:58.744+0600][65.243s][info][gc,marking     ] GC(226) Concurrent Rebuild Remembered Sets and Scrub Regions
[2026-04-03T06:48:58.779+0600][65.277s][info][gc,marking     ] GC(226) Concurrent Rebuild Remembered Sets and Scrub Regions 34.548ms
[2026-04-03T06:48:58.779+0600][65.278s][info][gc,start       ] GC(226) Pause Cleanup
[2026-04-03T06:48:58.781+0600][65.280s][info][gc             ] GC(226) Pause Cleanup 219M->219M(460M) 2.123ms
[2026-04-03T06:48:58.781+0600][65.280s][info][gc,cpu         ] GC(226) User=0.00s Sys=0.00s Real=0.00s
[2026-04-03T06:48:58.782+0600][65.280s][info][gc,marking     ] GC(226) Concurrent Clear Claimed Marks
[2026-04-03T06:48:58.782+0600][65.280s][info][gc,marking     ] GC(226) Concurrent Clear Claimed Marks 0.371ms
[2026-04-03T06:48:58.782+0600][65.280s][info][gc,marking     ] GC(226) Concurrent Cleanup for Next Mark
[2026-04-03T06:48:58.783+0600][65.281s][info][gc,marking     ] GC(226) Concurrent Cleanup for Next Mark 0.823ms
[2026-04-03T06:48:58.783+0600][65.281s][info][gc             ] GC(226) Concurrent Mark Cycle 142.192ms
[2026-04-03T06:48:59.033+0600][65.532s][info][gc,start       ] GC(227) Pause Young (Prepare Mixed) (G1 Evacuation Pause)
[2026-04-03T06:48:59.033+0600][65.532s][info][gc,task        ] GC(227) Using 10 workers of 10 for evacuation
[2026-04-03T06:48:59.042+0600][65.541s][info][gc,phases      ] GC(227)   Pre Evacuate Collection Set: 0.57ms
[2026-04-03T06:48:59.042+0600][65.541s][info][gc,phases      ] GC(227)   Merge Heap Roots: 0.32ms
[2026-04-03T06:48:59.042+0600][65.541s][info][gc,phases      ] GC(227)   Evacuate Collection Set: 6.18ms
[2026-04-03T06:48:59.042+0600][65.541s][info][gc,phases      ] GC(227)   Post Evacuate Collection Set: 1.53ms
[2026-04-03T06:48:59.042+0600][65.541s][info][gc,phases      ] GC(227)   Other: 0.13ms
[2026-04-03T06:48:59.042+0600][65.541s][info][gc,heap        ] GC(227) Eden regions: 105->0(166)
[2026-04-03T06:48:59.042+0600][65.541s][info][gc,heap        ] GC(227) Survivor regions: 4->4(18)
[2026-04-03T06:48:59.042+0600][65.541s][info][gc,heap        ] GC(227) Old regions: 44->45
[2026-04-03T06:48:59.042+0600][65.541s][info][gc,heap        ] GC(227) Humongous regions: 77->3
[2026-04-03T06:48:59.042+0600][65.541s][info][gc,metaspace   ] GC(227) Metaspace: 131924K(133376K)->131924K(133376K) NonClass: 115294K(116032K)->115294K(116032K) Class: 16630K(17344K)->16630K(17344K)
[2026-04-03T06:48:59.042+0600][65.541s][info][gc             ] GC(227) Pause Young (Prepare Mixed) (G1 Evacuation Pause) 456M->99M(568M) 9.156ms
[2026-04-03T06:48:59.042+0600][65.541s][info][gc,cpu         ] GC(227) User=0.04s Sys=0.02s Real=0.01s
[2026-04-03T06:48:59.397+0600][65.896s][info][gc,start       ] GC(228) Pause Young (Mixed) (G1 Evacuation Pause)
[2026-04-03T06:48:59.397+0600][65.896s][info][gc,task        ] GC(228) Using 10 workers of 10 for evacuation
[2026-04-03T06:48:59.403+0600][65.902s][info][gc,phases      ] GC(228)   Pre Evacuate Collection Set: 0.34ms
[2026-04-03T06:48:59.404+0600][65.902s][info][gc,phases      ] GC(228)   Merge Heap Roots: 0.14ms
[2026-04-03T06:48:59.404+0600][65.902s][info][gc,phases      ] GC(228)   Evacuate Collection Set: 4.63ms
[2026-04-03T06:48:59.404+0600][65.902s][info][gc,phases      ] GC(228)   Post Evacuate Collection Set: 0.97ms
[2026-04-03T06:48:59.404+0600][65.902s][info][gc,phases      ] GC(228)   Other: 0.17ms
[2026-04-03T06:48:59.404+0600][65.902s][info][gc,heap        ] GC(228) Eden regions: 145->0(206)
[2026-04-03T06:48:59.404+0600][65.902s][info][gc,heap        ] GC(228) Survivor regions: 4->5(23)
[2026-04-03T06:48:59.404+0600][65.902s][info][gc,heap        ] GC(228) Old regions: 45->44
[2026-04-03T06:48:59.404+0600][65.902s][info][gc,heap        ] GC(228) Humongous regions: 153->12
[2026-04-03T06:48:59.404+0600][65.902s][info][gc,metaspace   ] GC(228) Metaspace: 131926K(133376K)->131926K(133376K) NonClass: 115295K(116032K)->115295K(116032K) Class: 16630K(17344K)->16630K(17344K)
[2026-04-03T06:48:59.404+0600][65.902s][info][gc             ] GC(228) Pause Young (Mixed) (G1 Evacuation Pause) 689M->118M(704M) 6.612ms
[2026-04-03T06:48:59.404+0600][65.902s][info][gc,cpu         ] GC(228) User=0.03s Sys=0.02s Real=0.01s
[2026-04-03T06:48:59.404+0600][65.903s][info][gc,start       ] GC(229) Pause Young (Concurrent Start) (G1 Humongous Allocation)
[2026-04-03T06:48:59.404+0600][65.903s][info][gc,task        ] GC(229) Using 10 workers of 10 for evacuation
[2026-04-03T06:48:59.408+0600][65.906s][info][gc,phases      ] GC(229)   Pre Evacuate Collection Set: 0.25ms
[2026-04-03T06:48:59.408+0600][65.906s][info][gc,phases      ] GC(229)   Merge Heap Roots: 0.12ms
[2026-04-03T06:48:59.408+0600][65.906s][info][gc,phases      ] GC(229)   Evacuate Collection Set: 2.34ms
[2026-04-03T06:48:59.408+0600][65.906s][info][gc,phases      ] GC(229)   Post Evacuate Collection Set: 0.53ms
[2026-04-03T06:48:59.408+0600][65.906s][info][gc,phases      ] GC(229)   Other: 0.10ms
[2026-04-03T06:48:59.408+0600][65.906s][info][gc,heap        ] GC(229) Eden regions: 2->0(206)
[2026-04-03T06:48:59.408+0600][65.906s][info][gc,heap        ] GC(229) Survivor regions: 5->5(27)
[2026-04-03T06:48:59.408+0600][65.906s][info][gc,heap        ] GC(229) Old regions: 44->45
[2026-04-03T06:48:59.408+0600][65.906s][info][gc,heap        ] GC(229) Humongous regions: 12->3
[2026-04-03T06:48:59.408+0600][65.906s][info][gc,metaspace   ] GC(229) Metaspace: 131926K(133376K)->131926K(133376K) NonClass: 115295K(116032K)->115295K(116032K) Class: 16630K(17344K)->16630K(17344K)
[2026-04-03T06:48:59.408+0600][65.906s][info][gc             ] GC(229) Pause Young (Concurrent Start) (G1 Humongous Allocation) 122M->100M(704M) 3.622ms
[2026-04-03T06:48:59.408+0600][65.906s][info][gc             ] GC(230) Concurrent Mark Cycle
[2026-04-03T06:48:59.408+0600][65.906s][info][gc,marking     ] GC(230) Concurrent Scan Root Regions
[2026-04-03T06:48:59.408+0600][65.906s][info][gc,cpu         ] GC(229) User=0.02s Sys=0.00s Real=0.00s
[2026-04-03T06:48:59.411+0600][65.909s][info][gc,marking     ] GC(230) Concurrent Scan Root Regions 2.545ms
[2026-04-03T06:48:59.411+0600][65.909s][info][gc,marking     ] GC(230) Concurrent Mark
[2026-04-03T06:48:59.411+0600][65.909s][info][gc,marking     ] GC(230) Concurrent Mark From Roots
[2026-04-03T06:48:59.411+0600][65.909s][info][gc,task        ] GC(230) Using 3 workers of 3 for marking
[2026-04-03T06:48:59.488+0600][65.986s][info][gc,marking     ] GC(230) Concurrent Mark From Roots 76.909ms
[2026-04-03T06:48:59.488+0600][65.986s][info][gc,marking     ] GC(230) Concurrent Preclean
[2026-04-03T06:48:59.488+0600][65.987s][info][gc,marking     ] GC(230) Concurrent Preclean 0.562ms
[2026-04-03T06:48:59.489+0600][65.987s][info][gc,start       ] GC(230) Pause Remark
[2026-04-03T06:48:59.497+0600][65.995s][info][gc             ] GC(230) Pause Remark 360M->360M(704M) 8.188ms
[2026-04-03T06:48:59.497+0600][65.995s][info][gc,cpu         ] GC(230) User=0.05s Sys=0.01s Real=0.01s
[2026-04-03T06:48:59.497+0600][65.996s][info][gc,marking     ] GC(230) Concurrent Mark 86.614ms
[2026-04-03T06:48:59.497+0600][65.996s][info][gc,marking     ] GC(230) Concurrent Rebuild Remembered Sets and Scrub Regions
[2026-04-03T06:48:59.521+0600][66.020s][info][gc,marking     ] GC(230) Concurrent Rebuild Remembered Sets and Scrub Regions 24.089ms
[2026-04-03T06:48:59.522+0600][66.020s][info][gc,start       ] GC(230) Pause Cleanup
[2026-04-03T06:48:59.522+0600][66.021s][info][gc             ] GC(230) Pause Cleanup 372M->372M(704M) 0.327ms
[2026-04-03T06:48:59.522+0600][66.021s][info][gc,cpu         ] GC(230) User=0.00s Sys=0.00s Real=0.00s
[2026-04-03T06:48:59.522+0600][66.021s][info][gc,marking     ] GC(230) Concurrent Clear Claimed Marks
[2026-04-03T06:48:59.523+0600][66.021s][info][gc,marking     ] GC(230) Concurrent Clear Claimed Marks 0.489ms
[2026-04-03T06:48:59.523+0600][66.021s][info][gc,marking     ] GC(230) Concurrent Cleanup for Next Mark
[2026-04-03T06:48:59.525+0600][66.024s][info][gc,marking     ] GC(230) Concurrent Cleanup for Next Mark 2.141ms
[2026-04-03T06:48:59.525+0600][66.024s][info][gc             ] GC(230) Concurrent Mark Cycle 117.322ms
[2026-04-03T06:48:59.552+0600][66.051s][info][gc,start       ] GC(231) Pause Young (Prepare Mixed) (G1 Evacuation Pause)
[2026-04-03T06:48:59.553+0600][66.051s][info][gc,task        ] GC(231) Using 10 workers of 10 for evacuation
[2026-04-03T06:48:59.557+0600][66.055s][info][gc,phases      ] GC(231)   Pre Evacuate Collection Set: 0.37ms
[2026-04-03T06:48:59.557+0600][66.055s][info][gc,phases      ] GC(231)   Merge Heap Roots: 0.20ms
[2026-04-03T06:48:59.557+0600][66.055s][info][gc,phases      ] GC(231)   Evacuate Collection Set: 2.71ms
[2026-04-03T06:48:59.557+0600][66.055s][info][gc,phases      ] GC(231)   Post Evacuate Collection Set: 0.65ms
[2026-04-03T06:48:59.557+0600][66.055s][info][gc,phases      ] GC(231)   Other: 0.10ms
[2026-04-03T06:48:59.557+0600][66.055s][info][gc,heap        ] GC(231) Eden regions: 35->0(214)
[2026-04-03T06:48:59.557+0600][66.055s][info][gc,heap        ] GC(231) Survivor regions: 5->3(27)
[2026-04-03T06:48:59.557+0600][66.055s][info][gc,heap        ] GC(231) Old regions: 45->45
[2026-04-03T06:48:59.557+0600][66.055s][info][gc,heap        ] GC(231) Humongous regions: 274->10
[2026-04-03T06:48:59.557+0600][66.055s][info][gc,metaspace   ] GC(231) Metaspace: 131931K(133376K)->131931K(133376K) NonClass: 115301K(116032K)->115301K(116032K) Class: 16630K(17344K)->16630K(17344K)
[2026-04-03T06:48:59.557+0600][66.055s][info][gc             ] GC(231) Pause Young (Prepare Mixed) (G1 Evacuation Pause) 712M->111M(724M) 4.335ms
[2026-04-03T06:48:59.557+0600][66.055s][info][gc,cpu         ] GC(231) User=0.02s Sys=0.01s Real=0.01s
[2026-04-03T06:49:00.193+0600][66.691s][info][gc,start       ] GC(232) Pause Young (Mixed) (G1 Evacuation Pause)
[2026-04-03T06:49:00.193+0600][66.691s][info][gc,task        ] GC(232) Using 10 workers of 10 for evacuation
[2026-04-03T06:49:00.199+0600][66.697s][info][gc,phases      ] GC(232)   Pre Evacuate Collection Set: 0.36ms
[2026-04-03T06:49:00.199+0600][66.698s][info][gc,phases      ] GC(232)   Merge Heap Roots: 0.20ms
[2026-04-03T06:49:00.199+0600][66.698s][info][gc,phases      ] GC(232)   Evacuate Collection Set: 4.55ms
[2026-04-03T06:49:00.199+0600][66.698s][info][gc,phases      ] GC(232)   Post Evacuate Collection Set: 0.87ms
[2026-04-03T06:49:00.199+0600][66.698s][info][gc,phases      ] GC(232)   Other: 0.13ms
[2026-04-03T06:49:00.199+0600][66.698s][info][gc,heap        ] GC(232) Eden regions: 177->0(217)
[2026-04-03T06:49:00.199+0600][66.698s][info][gc,heap        ] GC(232) Survivor regions: 3->4(28)
[2026-04-03T06:49:00.199+0600][66.698s][info][gc,heap        ] GC(232) Old regions: 45->44
[2026-04-03T06:49:00.199+0600][66.698s][info][gc,heap        ] GC(232) Humongous regions: 140->3
[2026-04-03T06:49:00.199+0600][66.698s][info][gc,metaspace   ] GC(232) Metaspace: 131945K(133376K)->131945K(133376K) NonClass: 115314K(116032K)->115314K(116032K) Class: 16631K(17344K)->16631K(17344K)
[2026-04-03T06:49:00.199+0600][66.698s][info][gc             ] GC(232) Pause Young (Mixed) (G1 Evacuation Pause) 725M->97M(738M) 6.500ms
[2026-04-03T06:49:00.199+0600][66.698s][info][gc,cpu         ] GC(232) User=0.04s Sys=0.01s Real=0.01s
[2026-04-03T06:49:00.218+0600][66.716s][info][gc,start       ] GC(233) Pause Young (Concurrent Start) (G1 Humongous Allocation)
[2026-04-03T06:49:00.218+0600][66.716s][info][gc,task        ] GC(233) Using 10 workers of 10 for evacuation
[2026-04-03T06:49:00.223+0600][66.722s][info][gc,phases      ] GC(233)   Pre Evacuate Collection Set: 0.48ms
[2026-04-03T06:49:00.223+0600][66.722s][info][gc,phases      ] GC(233)   Merge Heap Roots: 0.18ms
[2026-04-03T06:49:00.223+0600][66.722s][info][gc,phases      ] GC(233)   Evacuate Collection Set: 3.59ms
[2026-04-03T06:49:00.223+0600][66.722s][info][gc,phases      ] GC(233)   Post Evacuate Collection Set: 0.61ms
[2026-04-03T06:49:00.223+0600][66.722s][info][gc,phases      ] GC(233)   Other: 0.24ms
[2026-04-03T06:49:00.223+0600][66.722s][info][gc,heap        ] GC(233) Eden regions: 8->0(216)
[2026-04-03T06:49:00.223+0600][66.722s][info][gc,heap        ] GC(233) Survivor regions: 4->5(28)
[2026-04-03T06:49:00.223+0600][66.722s][info][gc,heap        ] GC(233) Old regions: 44->44
[2026-04-03T06:49:00.223+0600][66.722s][info][gc,heap        ] GC(233) Humongous regions: 3->3
[2026-04-03T06:49:00.223+0600][66.722s][info][gc,metaspace   ] GC(233) Metaspace: 131945K(133376K)->131945K(133376K) NonClass: 115314K(116032K)->115314K(116032K) Class: 16631K(17344K)->16631K(17344K)
[2026-04-03T06:49:00.223+0600][66.722s][info][gc             ] GC(233) Pause Young (Concurrent Start) (G1 Humongous Allocation) 112M->99M(738M) 5.594ms
[2026-04-03T06:49:00.224+0600][66.722s][info][gc,cpu         ] GC(233) User=0.04s Sys=0.00s Real=0.01s
[2026-04-03T06:49:00.224+0600][66.722s][info][gc             ] GC(234) Concurrent Mark Cycle
[2026-04-03T06:49:00.224+0600][66.722s][info][gc,marking     ] GC(234) Concurrent Scan Root Regions
[2026-04-03T06:49:00.229+0600][66.727s][info][gc,marking     ] GC(234) Concurrent Scan Root Regions 4.859ms
[2026-04-03T06:49:00.229+0600][66.727s][info][gc,marking     ] GC(234) Concurrent Mark
[2026-04-03T06:49:00.229+0600][66.727s][info][gc,marking     ] GC(234) Concurrent Mark From Roots
[2026-04-03T06:49:00.229+0600][66.727s][info][gc,task        ] GC(234) Using 3 workers of 3 for marking
[2026-04-03T06:49:00.305+0600][66.803s][info][gc,marking     ] GC(234) Concurrent Mark From Roots 75.841ms
[2026-04-03T06:49:00.305+0600][66.803s][info][gc,marking     ] GC(234) Concurrent Preclean
[2026-04-03T06:49:00.306+0600][66.804s][info][gc,marking     ] GC(234) Concurrent Preclean 0.981ms
[2026-04-03T06:49:00.306+0600][66.805s][info][gc,start       ] GC(234) Pause Remark
[2026-04-03T06:49:00.316+0600][66.815s][info][gc             ] GC(234) Pause Remark 181M->181M(494M) 10.235ms
[2026-04-03T06:49:00.317+0600][66.815s][info][gc,cpu         ] GC(234) User=0.08s Sys=0.00s Real=0.01s
[2026-04-03T06:49:00.317+0600][66.815s][info][gc,marking     ] GC(234) Concurrent Mark 87.922ms
[2026-04-03T06:49:00.317+0600][66.815s][info][gc,marking     ] GC(234) Concurrent Rebuild Remembered Sets and Scrub Regions
[2026-04-03T06:49:00.356+0600][66.855s][info][gc,marking     ] GC(234) Concurrent Rebuild Remembered Sets and Scrub Regions 39.486ms
[2026-04-03T06:49:00.357+0600][66.855s][info][gc,start       ] GC(234) Pause Cleanup
[2026-04-03T06:49:00.357+0600][66.855s][info][gc             ] GC(234) Pause Cleanup 213M->213M(494M) 0.340ms
[2026-04-03T06:49:00.357+0600][66.856s][info][gc,cpu         ] GC(234) User=0.00s Sys=0.00s Real=0.00s
[2026-04-03T06:49:00.357+0600][66.856s][info][gc,marking     ] GC(234) Concurrent Clear Claimed Marks
[2026-04-03T06:49:00.358+0600][66.856s][info][gc,marking     ] GC(234) Concurrent Clear Claimed Marks 0.412ms
[2026-04-03T06:49:00.358+0600][66.856s][info][gc,marking     ] GC(234) Concurrent Cleanup for Next Mark
[2026-04-03T06:49:00.359+0600][66.857s][info][gc,marking     ] GC(234) Concurrent Cleanup for Next Mark 1.058ms
[2026-04-03T06:49:00.359+0600][66.857s][info][gc             ] GC(234) Concurrent Mark Cycle 135.225ms
[2026-04-03T06:49:00.562+0600][67.061s][info][gc,start       ] GC(235) Pause Young (Prepare Mixed) (GCLocker Initiated GC)
[2026-04-03T06:49:00.562+0600][67.061s][info][gc,task        ] GC(235) Using 10 workers of 10 for evacuation
[2026-04-03T06:49:00.570+0600][67.068s][info][gc,phases      ] GC(235)   Pre Evacuate Collection Set: 0.42ms
[2026-04-03T06:49:00.570+0600][67.068s][info][gc,phases      ] GC(235)   Merge Heap Roots: 0.20ms
[2026-04-03T06:49:00.570+0600][67.068s][info][gc,phases      ] GC(235)   Evacuate Collection Set: 5.83ms
[2026-04-03T06:49:00.570+0600][67.068s][info][gc,phases      ] GC(235)   Post Evacuate Collection Set: 0.75ms
[2026-04-03T06:49:00.570+0600][67.068s][info][gc,phases      ] GC(235)   Other: 0.15ms
[2026-04-03T06:49:00.570+0600][67.068s][info][gc,heap        ] GC(235) Eden regions: 105->0(147)
[2026-04-03T06:49:00.570+0600][67.068s][info][gc,heap        ] GC(235) Survivor regions: 5->4(19)
[2026-04-03T06:49:00.570+0600][67.068s][info][gc,heap        ] GC(235) Old regions: 44->45
[2026-04-03T06:49:00.570+0600][67.068s][info][gc,heap        ] GC(235) Humongous regions: 93->3
[2026-04-03T06:49:00.570+0600][67.068s][info][gc,metaspace   ] GC(235) Metaspace: 131946K(133376K)->131946K(133376K) NonClass: 115315K(116032K)->115315K(116032K) Class: 16631K(17344K)->16631K(17344K)
[2026-04-03T06:49:00.570+0600][67.068s][info][gc             ] GC(235) Pause Young (Prepare Mixed) (GCLocker Initiated GC) 489M->98M(504M) 7.812ms
[2026-04-03T06:49:00.570+0600][67.068s][info][gc,cpu         ] GC(235) User=0.04s Sys=0.01s Real=0.01s
[2026-04-03T06:49:00.855+0600][67.354s][info][gc,start       ] GC(236) Pause Young (Mixed) (GCLocker Initiated GC)
[2026-04-03T06:49:00.855+0600][67.354s][info][gc,task        ] GC(236) Using 10 workers of 10 for evacuation
[2026-04-03T06:49:00.864+0600][67.362s][info][gc,phases      ] GC(236)   Pre Evacuate Collection Set: 0.33ms
[2026-04-03T06:49:00.864+0600][67.362s][info][gc,phases      ] GC(236)   Merge Heap Roots: 0.21ms
[2026-04-03T06:49:00.864+0600][67.362s][info][gc,phases      ] GC(236)   Evacuate Collection Set: 6.64ms
[2026-04-03T06:49:00.864+0600][67.362s][info][gc,phases      ] GC(236)   Post Evacuate Collection Set: 0.91ms
[2026-04-03T06:49:00.864+0600][67.362s][info][gc,phases      ] GC(236)   Other: 0.12ms
[2026-04-03T06:49:00.864+0600][67.362s][info][gc,heap        ] GC(236) Eden regions: 112->0(151)
[2026-04-03T06:49:00.864+0600][67.362s][info][gc,heap        ] GC(236) Survivor regions: 4->4(19)
[2026-04-03T06:49:00.864+0600][67.362s][info][gc,heap        ] GC(236) Old regions: 45->44
[2026-04-03T06:49:00.864+0600][67.362s][info][gc,heap        ] GC(236) Humongous regions: 94->3
[2026-04-03T06:49:00.864+0600][67.362s][info][gc,metaspace   ] GC(236) Metaspace: 131948K(133376K)->131948K(133376K) NonClass: 115316K(116032K)->115316K(116032K) Class: 16631K(17344K)->16631K(17344K)
[2026-04-03T06:49:00.864+0600][67.362s][info][gc             ] GC(236) Pause Young (Mixed) (GCLocker Initiated GC) 504M->97M(518M) 8.657ms
[2026-04-03T06:49:00.864+0600][67.362s][info][gc,cpu         ] GC(236) User=0.06s Sys=0.01s Real=0.01s
[2026-04-03T06:49:00.865+0600][67.364s][info][gc,start       ] GC(237) Pause Young (Concurrent Start) (G1 Humongous Allocation)
[2026-04-03T06:49:00.865+0600][67.364s][info][gc,task        ] GC(237) Using 10 workers of 10 for evacuation
[2026-04-03T06:49:00.872+0600][67.370s][info][gc,phases      ] GC(237)   Pre Evacuate Collection Set: 0.43ms
[2026-04-03T06:49:00.872+0600][67.370s][info][gc,phases      ] GC(237)   Merge Heap Roots: 0.12ms
[2026-04-03T06:49:00.872+0600][67.370s][info][gc,phases      ] GC(237)   Evacuate Collection Set: 4.48ms
[2026-04-03T06:49:00.872+0600][67.370s][info][gc,phases      ] GC(237)   Post Evacuate Collection Set: 1.36ms
[2026-04-03T06:49:00.872+0600][67.370s][info][gc,phases      ] GC(237)   Other: 0.15ms
[2026-04-03T06:49:00.872+0600][67.370s][info][gc,heap        ] GC(237) Eden regions: 2->0(216)
[2026-04-03T06:49:00.872+0600][67.370s][info][gc,heap        ] GC(237) Survivor regions: 4->4(20)
[2026-04-03T06:49:00.872+0600][67.370s][info][gc,heap        ] GC(237) Old regions: 44->44
[2026-04-03T06:49:00.872+0600][67.370s][info][gc,heap        ] GC(237) Humongous regions: 3->3
[2026-04-03T06:49:00.872+0600][67.371s][info][gc,metaspace   ] GC(237) Metaspace: 131948K(133376K)->131948K(133376K) NonClass: 115316K(116032K)->115316K(116032K) Class: 16631K(17344K)->16631K(17344K)
[2026-04-03T06:49:00.872+0600][67.371s][info][gc             ] GC(237) Pause Young (Concurrent Start) (G1 Humongous Allocation) 101M->97M(736M) 6.969ms
[2026-04-03T06:49:00.872+0600][67.371s][info][gc             ] GC(238) Concurrent Mark Cycle
[2026-04-03T06:49:00.872+0600][67.371s][info][gc,cpu         ] GC(237) User=0.04s Sys=0.01s Real=0.00s
[2026-04-03T06:49:00.872+0600][67.371s][info][gc,marking     ] GC(238) Concurrent Scan Root Regions
[2026-04-03T06:49:00.876+0600][67.375s][info][gc,marking     ] GC(238) Concurrent Scan Root Regions 3.920ms
[2026-04-03T06:49:00.876+0600][67.375s][info][gc,marking     ] GC(238) Concurrent Mark
[2026-04-03T06:49:00.876+0600][67.375s][info][gc,marking     ] GC(238) Concurrent Mark From Roots
[2026-04-03T06:49:00.876+0600][67.375s][info][gc,task        ] GC(238) Using 3 workers of 3 for marking
[2026-04-03T06:49:00.956+0600][67.455s][info][gc,marking     ] GC(238) Concurrent Mark From Roots 80.038ms
[2026-04-03T06:49:00.956+0600][67.455s][info][gc,marking     ] GC(238) Concurrent Preclean
[2026-04-03T06:49:00.958+0600][67.457s][info][gc,marking     ] GC(238) Concurrent Preclean 1.538ms
[2026-04-03T06:49:00.958+0600][67.457s][info][gc,start       ] GC(238) Pause Remark
[2026-04-03T06:49:00.969+0600][67.467s][info][gc             ] GC(238) Pause Remark 156M->156M(454M) 10.216ms
[2026-04-03T06:49:00.969+0600][67.467s][info][gc,cpu         ] GC(238) User=0.07s Sys=0.00s Real=0.01s
[2026-04-03T06:49:00.969+0600][67.467s][info][gc,marking     ] GC(238) Concurrent Mark 92.681ms
[2026-04-03T06:49:00.969+0600][67.468s][info][gc,marking     ] GC(238) Concurrent Rebuild Remembered Sets and Scrub Regions
[2026-04-03T06:49:00.996+0600][67.495s][info][gc,marking     ] GC(238) Concurrent Rebuild Remembered Sets and Scrub Regions 27.034ms
[2026-04-03T06:49:00.996+0600][67.495s][info][gc,start       ] GC(238) Pause Cleanup
[2026-04-03T06:49:00.997+0600][67.495s][info][gc             ] GC(238) Pause Cleanup 164M->164M(454M) 0.440ms
[2026-04-03T06:49:00.997+0600][67.496s][info][gc,cpu         ] GC(238) User=0.00s Sys=0.00s Real=0.00s
[2026-04-03T06:49:00.997+0600][67.496s][info][gc,marking     ] GC(238) Concurrent Clear Claimed Marks
[2026-04-03T06:49:00.997+0600][67.496s][info][gc,marking     ] GC(238) Concurrent Clear Claimed Marks 0.354ms
[2026-04-03T06:49:00.997+0600][67.496s][info][gc,marking     ] GC(238) Concurrent Cleanup for Next Mark
[2026-04-03T06:49:00.998+0600][67.497s][info][gc,marking     ] GC(238) Concurrent Cleanup for Next Mark 0.583ms
[2026-04-03T06:49:00.998+0600][67.497s][info][gc             ] GC(238) Concurrent Mark Cycle 125.988ms
[2026-04-03T06:49:01.411+0600][67.909s][info][gc,start       ] GC(239) Pause Young (Prepare Mixed) (G1 Evacuation Pause)
[2026-04-03T06:49:01.411+0600][67.910s][info][gc,task        ] GC(239) Using 10 workers of 10 for evacuation
[2026-04-03T06:49:01.416+0600][67.915s][info][gc,phases      ] GC(239)   Pre Evacuate Collection Set: 1.08ms
[2026-04-03T06:49:01.416+0600][67.915s][info][gc,phases      ] GC(239)   Merge Heap Roots: 0.26ms
[2026-04-03T06:49:01.416+0600][67.915s][info][gc,phases      ] GC(239)   Evacuate Collection Set: 2.90ms
[2026-04-03T06:49:01.416+0600][67.915s][info][gc,phases      ] GC(239)   Post Evacuate Collection Set: 0.67ms
[2026-04-03T06:49:01.416+0600][67.915s][info][gc,phases      ] GC(239)   Other: 0.09ms
[2026-04-03T06:49:01.416+0600][67.915s][info][gc,heap        ] GC(239) Eden regions: 123->0(137)
[2026-04-03T06:49:01.416+0600][67.915s][info][gc,heap        ] GC(239) Survivor regions: 4->3(17)
[2026-04-03T06:49:01.416+0600][67.915s][info][gc,heap        ] GC(239) Old regions: 44->45
[2026-04-03T06:49:01.416+0600][67.915s][info][gc,heap        ] GC(239) Humongous regions: 59->3
[2026-04-03T06:49:01.416+0600][67.915s][info][gc,metaspace   ] GC(239) Metaspace: 131972K(133376K)->131972K(133376K) NonClass: 115340K(116032K)->115340K(116032K) Class: 16631K(17344K)->16631K(17344K)
[2026-04-03T06:49:01.416+0600][67.915s][info][gc             ] GC(239) Pause Young (Prepare Mixed) (G1 Evacuation Pause) 455M->96M(468M) 5.316ms
[2026-04-03T06:49:01.416+0600][67.915s][info][gc,cpu         ] GC(239) User=0.02s Sys=0.01s Real=0.01s
[2026-04-03T06:49:01.685+0600][68.183s][info][gc,start       ] GC(240) Pause Young (Mixed) (G1 Evacuation Pause)
[2026-04-03T06:49:01.685+0600][68.184s][info][gc,task        ] GC(240) Using 10 workers of 10 for evacuation
[2026-04-03T06:49:01.690+0600][68.189s][info][gc,phases      ] GC(240)   Pre Evacuate Collection Set: 0.41ms
[2026-04-03T06:49:01.691+0600][68.189s][info][gc,phases      ] GC(240)   Merge Heap Roots: 0.20ms
[2026-04-03T06:49:01.691+0600][68.189s][info][gc,phases      ] GC(240)   Evacuate Collection Set: 4.01ms
[2026-04-03T06:49:01.691+0600][68.189s][info][gc,phases      ] GC(240)   Post Evacuate Collection Set: 0.66ms
[2026-04-03T06:49:01.691+0600][68.189s][info][gc,phases      ] GC(240)   Other: 0.12ms
[2026-04-03T06:49:01.691+0600][68.189s][info][gc,heap        ] GC(240) Eden regions: 104->0(142)
[2026-04-03T06:49:01.691+0600][68.189s][info][gc,heap        ] GC(240) Survivor regions: 3->3(18)
[2026-04-03T06:49:01.691+0600][68.189s][info][gc,heap        ] GC(240) Old regions: 45->44
[2026-04-03T06:49:01.691+0600][68.189s][info][gc,heap        ] GC(240) Humongous regions: 88->7
[2026-04-03T06:49:01.691+0600][68.189s][info][gc,metaspace   ] GC(240) Metaspace: 131972K(133376K)->131972K(133376K) NonClass: 115340K(116032K)->115340K(116032K) Class: 16631K(17344K)->16631K(17344K)
[2026-04-03T06:49:01.691+0600][68.189s][info][gc             ] GC(240) Pause Young (Mixed) (G1 Evacuation Pause) 474M->105M(486M) 5.783ms
[2026-04-03T06:49:01.691+0600][68.189s][info][gc,cpu         ] GC(240) User=0.03s Sys=0.01s Real=0.00s
[2026-04-03T06:49:01.697+0600][68.195s][info][gc,start       ] GC(241) Pause Young (Concurrent Start) (G1 Humongous Allocation)
[2026-04-03T06:49:01.697+0600][68.195s][info][gc,task        ] GC(241) Using 10 workers of 10 for evacuation
[2026-04-03T06:49:01.702+0600][68.201s][info][gc,phases      ] GC(241)   Pre Evacuate Collection Set: 0.32ms
[2026-04-03T06:49:01.703+0600][68.201s][info][gc,phases      ] GC(241)   Merge Heap Roots: 0.14ms
[2026-04-03T06:49:01.703+0600][68.201s][info][gc,phases      ] GC(241)   Evacuate Collection Set: 3.25ms
[2026-04-03T06:49:01.703+0600][68.201s][info][gc,phases      ] GC(241)   Post Evacuate Collection Set: 1.97ms
[2026-04-03T06:49:01.703+0600][68.201s][info][gc,phases      ] GC(241)   Other: 0.18ms
[2026-04-03T06:49:01.703+0600][68.201s][info][gc,heap        ] GC(241) Eden regions: 3->0(142)
[2026-04-03T06:49:01.703+0600][68.201s][info][gc,heap        ] GC(241) Survivor regions: 3->3(19)
[2026-04-03T06:49:01.703+0600][68.201s][info][gc,heap        ] GC(241) Old regions: 44->44
[2026-04-03T06:49:01.703+0600][68.201s][info][gc,heap        ] GC(241) Humongous regions: 7->3
[2026-04-03T06:49:01.703+0600][68.201s][info][gc,metaspace   ] GC(241) Metaspace: 131972K(133376K)->131972K(133376K) NonClass: 115340K(116032K)->115340K(116032K) Class: 16631K(17344K)->16631K(17344K)
[2026-04-03T06:49:01.703+0600][68.201s][info][gc             ] GC(241) Pause Young (Concurrent Start) (G1 Humongous Allocation) 109M->96M(486M) 6.240ms
[2026-04-03T06:49:01.703+0600][68.201s][info][gc,cpu         ] GC(241) User=0.02s Sys=0.00s Real=0.00s
[2026-04-03T06:49:01.703+0600][68.201s][info][gc             ] GC(242) Concurrent Mark Cycle
[2026-04-03T06:49:01.703+0600][68.202s][info][gc,marking     ] GC(242) Concurrent Scan Root Regions
[2026-04-03T06:49:01.706+0600][68.205s][info][gc,marking     ] GC(242) Concurrent Scan Root Regions 3.434ms
[2026-04-03T06:49:01.707+0600][68.205s][info][gc,marking     ] GC(242) Concurrent Mark
[2026-04-03T06:49:01.707+0600][68.205s][info][gc,marking     ] GC(242) Concurrent Mark From Roots
[2026-04-03T06:49:01.707+0600][68.205s][info][gc,task        ] GC(242) Using 3 workers of 3 for marking
[2026-04-03T06:49:01.790+0600][68.289s][info][gc,marking     ] GC(242) Concurrent Mark From Roots 83.662ms
[2026-04-03T06:49:01.790+0600][68.289s][info][gc,marking     ] GC(242) Concurrent Preclean
[2026-04-03T06:49:01.791+0600][68.290s][info][gc,marking     ] GC(242) Concurrent Preclean 1.050ms
[2026-04-03T06:49:01.792+0600][68.290s][info][gc,start       ] GC(242) Pause Remark
[2026-04-03T06:49:01.802+0600][68.300s][info][gc             ] GC(242) Pause Remark 187M->187M(460M) 10.064ms
[2026-04-03T06:49:01.802+0600][68.301s][info][gc,cpu         ] GC(242) User=0.07s Sys=0.00s Real=0.01s
[2026-04-03T06:49:01.802+0600][68.301s][info][gc,marking     ] GC(242) Concurrent Mark 95.647ms
[2026-04-03T06:49:01.802+0600][68.301s][info][gc,marking     ] GC(242) Concurrent Rebuild Remembered Sets and Scrub Regions
[2026-04-03T06:49:01.837+0600][68.335s][info][gc,marking     ] GC(242) Concurrent Rebuild Remembered Sets and Scrub Regions 34.317ms
[2026-04-03T06:49:01.838+0600][68.336s][info][gc,start       ] GC(242) Pause Cleanup
[2026-04-03T06:49:01.838+0600][68.336s][info][gc             ] GC(242) Pause Cleanup 210M->210M(460M) 0.494ms
[2026-04-03T06:49:01.838+0600][68.337s][info][gc,cpu         ] GC(242) User=0.00s Sys=0.00s Real=0.00s
[2026-04-03T06:49:01.839+0600][68.338s][info][gc,marking     ] GC(242) Concurrent Clear Claimed Marks
[2026-04-03T06:49:01.840+0600][68.338s][info][gc,marking     ] GC(242) Concurrent Clear Claimed Marks 0.416ms
[2026-04-03T06:49:01.840+0600][68.338s][info][gc,marking     ] GC(242) Concurrent Cleanup for Next Mark
[2026-04-03T06:49:01.843+0600][68.342s][info][gc,marking     ] GC(242) Concurrent Cleanup for Next Mark 3.287ms
[2026-04-03T06:49:01.843+0600][68.342s][info][gc             ] GC(242) Concurrent Mark Cycle 140.366ms
[2026-04-03T06:49:02.024+0600][68.522s][info][gc,start       ] GC(243) Pause Young (Prepare Mixed) (G1 Evacuation Pause)
[2026-04-03T06:49:02.024+0600][68.523s][info][gc,task        ] GC(243) Using 10 workers of 10 for evacuation
[2026-04-03T06:49:02.032+0600][68.530s][info][gc,phases      ] GC(243)   Pre Evacuate Collection Set: 0.46ms
[2026-04-03T06:49:02.032+0600][68.530s][info][gc,phases      ] GC(243)   Merge Heap Roots: 0.21ms
[2026-04-03T06:49:02.032+0600][68.530s][info][gc,phases      ] GC(243)   Evacuate Collection Set: 4.74ms
[2026-04-03T06:49:02.032+0600][68.530s][info][gc,phases      ] GC(243)   Post Evacuate Collection Set: 1.95ms
[2026-04-03T06:49:02.032+0600][68.530s][info][gc,phases      ] GC(243)   Other: 0.12ms
[2026-04-03T06:49:02.032+0600][68.530s][info][gc,heap        ] GC(243) Eden regions: 100->0(137)
[2026-04-03T06:49:02.032+0600][68.530s][info][gc,heap        ] GC(243) Survivor regions: 3->4(18)
[2026-04-03T06:49:02.032+0600][68.530s][info][gc,heap        ] GC(243) Old regions: 44->45
[2026-04-03T06:49:02.032+0600][68.530s][info][gc,heap        ] GC(243) Humongous regions: 83->3
[2026-04-03T06:49:02.032+0600][68.530s][info][gc,metaspace   ] GC(243) Metaspace: 131972K(133376K)->131972K(133376K) NonClass: 115340K(116032K)->115340K(116032K) Class: 16631K(17344K)->16631K(17344K)
[2026-04-03T06:49:02.032+0600][68.530s][info][gc             ] GC(243) Pause Young (Prepare Mixed) (G1 Evacuation Pause) 456M->98M(470M) 7.813ms
[2026-04-03T06:49:02.032+0600][68.530s][info][gc,cpu         ] GC(243) User=0.04s Sys=0.01s Real=0.00s
[2026-04-03T06:49:02.381+0600][68.880s][info][gc,start       ] GC(244) Pause Young (Mixed) (G1 Evacuation Pause)
[2026-04-03T06:49:02.382+0600][68.880s][info][gc,task        ] GC(244) Using 10 workers of 10 for evacuation
[2026-04-03T06:49:02.390+0600][68.889s][info][gc,phases      ] GC(244)   Pre Evacuate Collection Set: 0.39ms
[2026-04-03T06:49:02.390+0600][68.889s][info][gc,phases      ] GC(244)   Merge Heap Roots: 0.26ms
[2026-04-03T06:49:02.390+0600][68.889s][info][gc,phases      ] GC(244)   Evacuate Collection Set: 6.99ms
[2026-04-03T06:49:02.390+0600][68.889s][info][gc,phases      ] GC(244)   Post Evacuate Collection Set: 1.03ms
[2026-04-03T06:49:02.391+0600][68.889s][info][gc,phases      ] GC(244)   Other: 0.13ms
[2026-04-03T06:49:02.391+0600][68.889s][info][gc,heap        ] GC(244) Eden regions: 116->0(139)
[2026-04-03T06:49:02.391+0600][68.889s][info][gc,heap        ] GC(244) Survivor regions: 4->4(18)
[2026-04-03T06:49:02.391+0600][68.889s][info][gc,heap        ] GC(244) Old regions: 45->44
[2026-04-03T06:49:02.391+0600][68.889s][info][gc,heap        ] GC(244) Humongous regions: 70->3
[2026-04-03T06:49:02.391+0600][68.889s][info][gc,metaspace   ] GC(244) Metaspace: 131972K(133376K)->131972K(133376K) NonClass: 115341K(116032K)->115341K(116032K) Class: 16631K(17344K)->16631K(17344K)
[2026-04-03T06:49:02.391+0600][68.889s][info][gc             ] GC(244) Pause Young (Mixed) (G1 Evacuation Pause) 464M->99M(478M) 9.162ms
[2026-04-03T06:49:02.391+0600][68.889s][info][gc,cpu         ] GC(244) User=0.05s Sys=0.01s Real=0.01s
[2026-04-03T06:49:02.447+0600][68.946s][info][gc,start       ] GC(245) Pause Young (Concurrent Start) (G1 Humongous Allocation)
[2026-04-03T06:49:02.447+0600][68.946s][info][gc,task        ] GC(245) Using 10 workers of 10 for evacuation
[2026-04-03T06:49:02.453+0600][68.952s][info][gc,phases      ] GC(245)   Pre Evacuate Collection Set: 0.43ms
[2026-04-03T06:49:02.454+0600][68.952s][info][gc,phases      ] GC(245)   Merge Heap Roots: 0.23ms
[2026-04-03T06:49:02.454+0600][68.952s][info][gc,phases      ] GC(245)   Evacuate Collection Set: 3.66ms
[2026-04-03T06:49:02.454+0600][68.952s][info][gc,phases      ] GC(245)   Post Evacuate Collection Set: 1.29ms
[2026-04-03T06:49:02.454+0600][68.952s][info][gc,phases      ] GC(245)   Other: 0.26ms
[2026-04-03T06:49:02.454+0600][68.952s][info][gc,heap        ] GC(245) Eden regions: 33->0(138)
[2026-04-03T06:49:02.454+0600][68.952s][info][gc,heap        ] GC(245) Survivor regions: 4->5(18)
[2026-04-03T06:49:02.454+0600][68.952s][info][gc,heap        ] GC(245) Old regions: 44->44
[2026-04-03T06:49:02.454+0600][68.952s][info][gc,heap        ] GC(245) Humongous regions: 3->3
[2026-04-03T06:49:02.454+0600][68.952s][info][gc,metaspace   ] GC(245) Metaspace: 131972K(133376K)->131972K(133376K) NonClass: 115341K(116032K)->115341K(116032K) Class: 16631K(17344K)->16631K(17344K)
[2026-04-03T06:49:02.454+0600][68.952s][info][gc             ] GC(245) Pause Young (Concurrent Start) (G1 Humongous Allocation) 164M->100M(478M) 6.393ms
[2026-04-03T06:49:02.454+0600][68.952s][info][gc,cpu         ] GC(245) User=0.04s Sys=0.01s Real=0.01s
[2026-04-03T06:49:02.454+0600][68.952s][info][gc             ] GC(246) Concurrent Mark Cycle
[2026-04-03T06:49:02.454+0600][68.952s][info][gc,marking     ] GC(246) Concurrent Scan Root Regions
[2026-04-03T06:49:02.459+0600][68.958s][info][gc,marking     ] GC(246) Concurrent Scan Root Regions 5.395ms
[2026-04-03T06:49:02.459+0600][68.958s][info][gc,marking     ] GC(246) Concurrent Mark
[2026-04-03T06:49:02.459+0600][68.958s][info][gc,marking     ] GC(246) Concurrent Mark From Roots
[2026-04-03T06:49:02.459+0600][68.958s][info][gc,task        ] GC(246) Using 3 workers of 3 for marking
[2026-04-03T06:49:02.538+0600][69.036s][info][gc,marking     ] GC(246) Concurrent Mark From Roots 78.383ms
[2026-04-03T06:49:02.538+0600][69.036s][info][gc,marking     ] GC(246) Concurrent Preclean
[2026-04-03T06:49:02.539+0600][69.037s][info][gc,marking     ] GC(246) Concurrent Preclean 0.821ms
[2026-04-03T06:49:02.539+0600][69.038s][info][gc,start       ] GC(246) Pause Remark
[2026-04-03T06:49:02.551+0600][69.050s][info][gc             ] GC(246) Pause Remark 195M->195M(420M) 12.335ms
[2026-04-03T06:49:02.552+0600][69.050s][info][gc,cpu         ] GC(246) User=0.07s Sys=0.00s Real=0.01s
[2026-04-03T06:49:02.552+0600][69.050s][info][gc,marking     ] GC(246) Concurrent Mark 92.465ms
[2026-04-03T06:49:02.552+0600][69.050s][info][gc,marking     ] GC(246) Concurrent Rebuild Remembered Sets and Scrub Regions
[2026-04-03T06:49:02.589+0600][69.087s][info][gc,marking     ] GC(246) Concurrent Rebuild Remembered Sets and Scrub Regions 36.604ms
[2026-04-03T06:49:02.589+0600][69.087s][info][gc,start       ] GC(246) Pause Cleanup
[2026-04-03T06:49:02.589+0600][69.088s][info][gc             ] GC(246) Pause Cleanup 246M->246M(420M) 0.427ms
[2026-04-03T06:49:02.590+0600][69.088s][info][gc,cpu         ] GC(246) User=0.00s Sys=0.00s Real=0.00s
[2026-04-03T06:49:02.590+0600][69.088s][info][gc,marking     ] GC(246) Concurrent Clear Claimed Marks
[2026-04-03T06:49:02.590+0600][69.089s][info][gc,marking     ] GC(246) Concurrent Clear Claimed Marks 0.495ms
[2026-04-03T06:49:02.591+0600][69.089s][info][gc,marking     ] GC(246) Concurrent Cleanup for Next Mark
[2026-04-03T06:49:02.591+0600][69.090s][info][gc,marking     ] GC(246) Concurrent Cleanup for Next Mark 0.809ms
[2026-04-03T06:49:02.591+0600][69.090s][info][gc             ] GC(246) Concurrent Mark Cycle 137.538ms
[2026-04-03T06:49:02.726+0600][69.225s][info][gc,start       ] GC(247) Pause Young (Prepare Mixed) (G1 Evacuation Pause)
[2026-04-03T06:49:02.726+0600][69.225s][info][gc,task        ] GC(247) Using 10 workers of 10 for evacuation
[2026-04-03T06:49:02.733+0600][69.232s][info][gc,phases      ] GC(247)   Pre Evacuate Collection Set: 0.41ms
[2026-04-03T06:49:02.734+0600][69.232s][info][gc,phases      ] GC(247)   Merge Heap Roots: 0.15ms
[2026-04-03T06:49:02.734+0600][69.232s][info][gc,phases      ] GC(247)   Evacuate Collection Set: 5.61ms
[2026-04-03T06:49:02.734+0600][69.232s][info][gc,phases      ] GC(247)   Post Evacuate Collection Set: 0.81ms
[2026-04-03T06:49:02.734+0600][69.232s][info][gc,phases      ] GC(247)   Other: 0.11ms
[2026-04-03T06:49:02.734+0600][69.232s][info][gc,heap        ] GC(247) Eden regions: 82->0(167)
[2026-04-03T06:49:02.734+0600][69.232s][info][gc,heap        ] GC(247) Survivor regions: 5->5(16)
[2026-04-03T06:49:02.734+0600][69.232s][info][gc,heap        ] GC(247) Old regions: 44->45
[2026-04-03T06:49:02.734+0600][69.232s][info][gc,heap        ] GC(247) Humongous regions: 151->12
[2026-04-03T06:49:02.734+0600][69.232s][info][gc,metaspace   ] GC(247) Metaspace: 131973K(133376K)->131973K(133376K) NonClass: 115342K(116032K)->115342K(116032K) Class: 16631K(17344K)->16631K(17344K)
[2026-04-03T06:49:02.734+0600][69.232s][info][gc             ] GC(247) Pause Young (Prepare Mixed) (G1 Evacuation Pause) 560M->118M(576M) 7.417ms
[2026-04-03T06:49:02.734+0600][69.232s][info][gc,cpu         ] GC(247) User=0.02s Sys=0.02s Real=0.01s
[2026-04-03T06:49:02.862+0600][69.360s][info][gc,start       ] GC(248) Pause Young (Mixed) (G1 Evacuation Pause)
[2026-04-03T06:49:02.862+0600][69.360s][info][gc,task        ] GC(248) Using 10 workers of 10 for evacuation
[2026-04-03T06:49:02.867+0600][69.366s][info][gc,phases      ] GC(248)   Pre Evacuate Collection Set: 0.46ms
[2026-04-03T06:49:02.867+0600][69.366s][info][gc,phases      ] GC(248)   Merge Heap Roots: 0.19ms
[2026-04-03T06:49:02.867+0600][69.366s][info][gc,phases      ] GC(248)   Evacuate Collection Set: 3.47ms
[2026-04-03T06:49:02.867+0600][69.366s][info][gc,phases      ] GC(248)   Post Evacuate Collection Set: 1.17ms
[2026-04-03T06:49:02.867+0600][69.366s][info][gc,phases      ] GC(248)   Other: 0.09ms
[2026-04-03T06:49:02.867+0600][69.366s][info][gc,heap        ] GC(248) Eden regions: 35->0(259)
[2026-04-03T06:49:02.867+0600][69.366s][info][gc,heap        ] GC(248) Survivor regions: 5->3(22)
[2026-04-03T06:49:02.867+0600][69.366s][info][gc,heap        ] GC(248) Old regions: 45->44
[2026-04-03T06:49:02.867+0600][69.366s][info][gc,heap        ] GC(248) Humongous regions: 284->6
[2026-04-03T06:49:02.867+0600][69.366s][info][gc,metaspace   ] GC(248) Metaspace: 131975K(133376K)->131975K(133376K) NonClass: 115344K(116032K)->115344K(116032K) Class: 16631K(17344K)->16631K(17344K)
[2026-04-03T06:49:02.867+0600][69.366s][info][gc             ] GC(248) Pause Young (Mixed) (G1 Evacuation Pause) 732M->103M(874M) 5.662ms
[2026-04-03T06:49:02.868+0600][69.366s][info][gc,cpu         ] GC(248) User=0.03s Sys=0.01s Real=0.01s
[2026-04-03T06:49:02.870+0600][69.368s][info][gc,start       ] GC(249) Pause Young (Concurrent Start) (G1 Humongous Allocation)
[2026-04-03T06:49:02.870+0600][69.368s][info][gc,task        ] GC(249) Using 10 workers of 10 for evacuation
[2026-04-03T06:49:02.873+0600][69.371s][info][gc,phases      ] GC(249)   Pre Evacuate Collection Set: 0.34ms
[2026-04-03T06:49:02.873+0600][69.371s][info][gc,phases      ] GC(249)   Merge Heap Roots: 0.08ms
[2026-04-03T06:49:02.873+0600][69.371s][info][gc,phases      ] GC(249)   Evacuate Collection Set: 1.65ms
[2026-04-03T06:49:02.873+0600][69.371s][info][gc,phases      ] GC(249)   Post Evacuate Collection Set: 0.48ms
[2026-04-03T06:49:02.873+0600][69.371s][info][gc,phases      ] GC(249)   Other: 0.12ms
[2026-04-03T06:49:02.873+0600][69.371s][info][gc,heap        ] GC(249) Eden regions: 1->0(259)
[2026-04-03T06:49:02.873+0600][69.371s][info][gc,heap        ] GC(249) Survivor regions: 3->3(33)
[2026-04-03T06:49:02.873+0600][69.371s][info][gc,heap        ] GC(249) Old regions: 44->44
[2026-04-03T06:49:02.873+0600][69.371s][info][gc,heap        ] GC(249) Humongous regions: 18->3
[2026-04-03T06:49:02.873+0600][69.371s][info][gc,metaspace   ] GC(249) Metaspace: 131975K(133376K)->131975K(133376K) NonClass: 115344K(116032K)->115344K(116032K) Class: 16631K(17344K)->16631K(17344K)
[2026-04-03T06:49:02.873+0600][69.371s][info][gc             ] GC(249) Pause Young (Concurrent Start) (G1 Humongous Allocation) 129M->97M(874M) 2.984ms
[2026-04-03T06:49:02.873+0600][69.371s][info][gc             ] GC(250) Concurrent Undo Cycle
[2026-04-03T06:49:02.873+0600][69.371s][info][gc,cpu         ] GC(249) User=0.02s Sys=0.00s Real=0.00s
[2026-04-03T06:49:02.873+0600][69.371s][info][gc,marking     ] GC(250) Concurrent Clear Claimed Marks
[2026-04-03T06:49:02.873+0600][69.372s][info][gc,marking     ] GC(250) Concurrent Clear Claimed Marks 0.320ms
[2026-04-03T06:49:02.873+0600][69.372s][info][gc,marking     ] GC(250) Concurrent Cleanup for Next Mark
[2026-04-03T06:49:02.874+0600][69.372s][info][gc,marking     ] GC(250) Concurrent Cleanup for Next Mark 0.228ms
[2026-04-03T06:49:02.874+0600][69.372s][info][gc             ] GC(250) Concurrent Undo Cycle 0.733ms
[2026-04-03T06:49:02.874+0600][69.373s][info][gc,start       ] GC(251) Pause Young (Concurrent Start) (G1 Humongous Allocation)
[2026-04-03T06:49:02.874+0600][69.373s][info][gc,task        ] GC(251) Using 10 workers of 10 for evacuation
[2026-04-03T06:49:02.879+0600][69.378s][info][gc,phases      ] GC(251)   Pre Evacuate Collection Set: 0.35ms
[2026-04-03T06:49:02.879+0600][69.378s][info][gc,phases      ] GC(251)   Merge Heap Roots: 0.09ms
[2026-04-03T06:49:02.879+0600][69.378s][info][gc,phases      ] GC(251)   Evacuate Collection Set: 3.43ms
[2026-04-03T06:49:02.879+0600][69.378s][info][gc,phases      ] GC(251)   Post Evacuate Collection Set: 0.91ms
[2026-04-03T06:49:02.879+0600][69.378s][info][gc,phases      ] GC(251)   Other: 0.10ms
[2026-04-03T06:49:02.879+0600][69.378s][info][gc,heap        ] GC(251) Eden regions: 1->0(259)
[2026-04-03T06:49:02.879+0600][69.378s][info][gc,heap        ] GC(251) Survivor regions: 3->3(33)
[2026-04-03T06:49:02.879+0600][69.378s][info][gc,heap        ] GC(251) Old regions: 44->44
[2026-04-03T06:49:02.879+0600][69.378s][info][gc,heap        ] GC(251) Humongous regions: 6->3
[2026-04-03T06:49:02.879+0600][69.378s][info][gc,metaspace   ] GC(251) Metaspace: 131975K(133376K)->131975K(133376K) NonClass: 115344K(116032K)->115344K(116032K) Class: 16631K(17344K)->16631K(17344K)
[2026-04-03T06:49:02.880+0600][69.378s][info][gc             ] GC(251) Pause Young (Concurrent Start) (G1 Humongous Allocation) 105M->96M(874M) 5.187ms
[2026-04-03T06:49:02.880+0600][69.378s][info][gc             ] GC(252) Concurrent Mark Cycle
[2026-04-03T06:49:02.880+0600][69.378s][info][gc,marking     ] GC(252) Concurrent Scan Root Regions
[2026-04-03T06:49:02.880+0600][69.378s][info][gc,cpu         ] GC(251) User=0.02s Sys=0.00s Real=0.00s
[2026-04-03T06:49:02.881+0600][69.380s][info][gc,marking     ] GC(252) Concurrent Scan Root Regions 1.809ms
[2026-04-03T06:49:02.882+0600][69.380s][info][gc,marking     ] GC(252) Concurrent Mark
[2026-04-03T06:49:02.882+0600][69.380s][info][gc,marking     ] GC(252) Concurrent Mark From Roots
[2026-04-03T06:49:02.882+0600][69.380s][info][gc,task        ] GC(252) Using 3 workers of 3 for marking
[2026-04-03T06:49:02.951+0600][69.449s][info][gc,marking     ] GC(252) Concurrent Mark From Roots 69.461ms
[2026-04-03T06:49:02.951+0600][69.450s][info][gc,marking     ] GC(252) Concurrent Preclean
[2026-04-03T06:49:02.952+0600][69.450s][info][gc,marking     ] GC(252) Concurrent Preclean 0.572ms
[2026-04-03T06:49:02.952+0600][69.451s][info][gc,start       ] GC(252) Pause Remark
[2026-04-03T06:49:02.962+0600][69.460s][info][gc             ] GC(252) Pause Remark 184M->184M(460M) 9.824ms
[2026-04-03T06:49:02.962+0600][69.461s][info][gc,cpu         ] GC(252) User=0.06s Sys=0.00s Real=0.01s
[2026-04-03T06:49:02.962+0600][69.461s][info][gc,marking     ] GC(252) Concurrent Mark 80.690ms
[2026-04-03T06:49:02.962+0600][69.461s][info][gc,marking     ] GC(252) Concurrent Rebuild Remembered Sets and Scrub Regions
[2026-04-03T06:49:02.990+0600][69.489s][info][gc,marking     ] GC(252) Concurrent Rebuild Remembered Sets and Scrub Regions 27.984ms
[2026-04-03T06:49:02.991+0600][69.489s][info][gc,start       ] GC(252) Pause Cleanup
[2026-04-03T06:49:02.991+0600][69.489s][info][gc             ] GC(252) Pause Cleanup 192M->192M(460M) 0.240ms
[2026-04-03T06:49:02.991+0600][69.489s][info][gc,cpu         ] GC(252) User=0.00s Sys=0.00s Real=0.00s
[2026-04-03T06:49:02.991+0600][69.489s][info][gc,marking     ] GC(252) Concurrent Clear Claimed Marks
[2026-04-03T06:49:02.991+0600][69.490s][info][gc,marking     ] GC(252) Concurrent Clear Claimed Marks 0.292ms
[2026-04-03T06:49:02.991+0600][69.490s][info][gc,marking     ] GC(252) Concurrent Cleanup for Next Mark
[2026-04-03T06:49:02.992+0600][69.491s][info][gc,marking     ] GC(252) Concurrent Cleanup for Next Mark 1.014ms
[2026-04-03T06:49:02.992+0600][69.491s][info][gc             ] GC(252) Concurrent Mark Cycle 112.804ms
[2026-04-03T06:49:03.430+0600][69.928s][info][gc,start       ] GC(253) Pause Young (Prepare Mixed) (G1 Evacuation Pause)
[2026-04-03T06:49:03.430+0600][69.929s][info][gc,task        ] GC(253) Using 10 workers of 10 for evacuation
[2026-04-03T06:49:03.436+0600][69.934s][info][gc,phases      ] GC(253)   Pre Evacuate Collection Set: 1.10ms
[2026-04-03T06:49:03.436+0600][69.934s][info][gc,phases      ] GC(253)   Merge Heap Roots: 0.97ms
[2026-04-03T06:49:03.436+0600][69.934s][info][gc,phases      ] GC(253)   Evacuate Collection Set: 3.06ms
[2026-04-03T06:49:03.436+0600][69.934s][info][gc,phases      ] GC(253)   Post Evacuate Collection Set: 0.52ms
[2026-04-03T06:49:03.436+0600][69.934s][info][gc,phases      ] GC(253)   Other: 0.09ms
[2026-04-03T06:49:03.436+0600][69.934s][info][gc,heap        ] GC(253) Eden regions: 122->0(137)
[2026-04-03T06:49:03.436+0600][69.934s][info][gc,heap        ] GC(253) Survivor regions: 3->3(18)
[2026-04-03T06:49:03.436+0600][69.934s][info][gc,heap        ] GC(253) Old regions: 44->45
[2026-04-03T06:49:03.436+0600][69.934s][info][gc,heap        ] GC(253) Humongous regions: 61->3
[2026-04-03T06:49:03.436+0600][69.934s][info][gc,metaspace   ] GC(253) Metaspace: 131999K(133440K)->131999K(133440K) NonClass: 115368K(116096K)->115368K(116096K) Class: 16631K(17344K)->16631K(17344K)
[2026-04-03T06:49:03.436+0600][69.934s][info][gc             ] GC(253) Pause Young (Prepare Mixed) (G1 Evacuation Pause) 456M->96M(468M) 5.998ms
[2026-04-03T06:49:03.436+0600][69.935s][info][gc,cpu         ] GC(253) User=0.02s Sys=0.00s Real=0.01s
[2026-04-03T06:49:03.749+0600][70.248s][info][gc,start       ] GC(254) Pause Young (Mixed) (GCLocker Initiated GC)
[2026-04-03T06:49:03.749+0600][70.248s][info][gc,task        ] GC(254) Using 10 workers of 10 for evacuation
[2026-04-03T06:49:03.757+0600][70.255s][info][gc,phases      ] GC(254)   Pre Evacuate Collection Set: 0.47ms
[2026-04-03T06:49:03.757+0600][70.255s][info][gc,phases      ] GC(254)   Merge Heap Roots: 0.23ms
[2026-04-03T06:49:03.757+0600][70.255s][info][gc,phases      ] GC(254)   Evacuate Collection Set: 5.60ms
[2026-04-03T06:49:03.757+0600][70.255s][info][gc,phases      ] GC(254)   Post Evacuate Collection Set: 0.65ms
[2026-04-03T06:49:03.757+0600][70.255s][info][gc,phases      ] GC(254)   Other: 0.20ms
[2026-04-03T06:49:03.757+0600][70.255s][info][gc,heap        ] GC(254) Eden regions: 102->0(138)
[2026-04-03T06:49:03.757+0600][70.255s][info][gc,heap        ] GC(254) Survivor regions: 3->4(18)
[2026-04-03T06:49:03.757+0600][70.255s][info][gc,heap        ] GC(254) Old regions: 45->44
[2026-04-03T06:49:03.757+0600][70.255s][info][gc,heap        ] GC(254) Humongous regions: 84->3
[2026-04-03T06:49:03.757+0600][70.255s][info][gc,metaspace   ] GC(254) Metaspace: 132002K(133440K)->132002K(133440K) NonClass: 115370K(116096K)->115370K(116096K) Class: 16631K(17344K)->16631K(17344K)
[2026-04-03T06:49:03.757+0600][70.255s][info][gc             ] GC(254) Pause Young (Mixed) (GCLocker Initiated GC) 462M->99M(476M) 7.657ms
[2026-04-03T06:49:03.757+0600][70.255s][info][gc,cpu         ] GC(254) User=0.04s Sys=0.01s Real=0.01s
[2026-04-03T06:49:03.760+0600][70.259s][info][gc,start       ] GC(255) Pause Young (Concurrent Start) (G1 Humongous Allocation)
[2026-04-03T06:49:03.760+0600][70.259s][info][gc,task        ] GC(255) Using 10 workers of 10 for evacuation
[2026-04-03T06:49:03.765+0600][70.264s][info][gc,phases      ] GC(255)   Pre Evacuate Collection Set: 0.44ms
[2026-04-03T06:49:03.765+0600][70.264s][info][gc,phases      ] GC(255)   Merge Heap Roots: 0.11ms
[2026-04-03T06:49:03.765+0600][70.264s][info][gc,phases      ] GC(255)   Evacuate Collection Set: 3.18ms
[2026-04-03T06:49:03.765+0600][70.264s][info][gc,phases      ] GC(255)   Post Evacuate Collection Set: 0.84ms
[2026-04-03T06:49:03.765+0600][70.264s][info][gc,phases      ] GC(255)   Other: 0.16ms
[2026-04-03T06:49:03.765+0600][70.264s][info][gc,heap        ] GC(255) Eden regions: 4->0(138)
[2026-04-03T06:49:03.765+0600][70.264s][info][gc,heap        ] GC(255) Survivor regions: 4->4(18)
[2026-04-03T06:49:03.765+0600][70.264s][info][gc,heap        ] GC(255) Old regions: 44->44
[2026-04-03T06:49:03.765+0600][70.264s][info][gc,heap        ] GC(255) Humongous regions: 3->3
[2026-04-03T06:49:03.765+0600][70.264s][info][gc,metaspace   ] GC(255) Metaspace: 132002K(133440K)->132002K(133440K) NonClass: 115370K(116096K)->115370K(116096K) Class: 16631K(17344K)->16631K(17344K)
[2026-04-03T06:49:03.765+0600][70.264s][info][gc             ] GC(255) Pause Young (Concurrent Start) (G1 Humongous Allocation) 105M->99M(476M) 5.123ms
[2026-04-03T06:49:03.765+0600][70.264s][info][gc             ] GC(256) Concurrent Mark Cycle
[2026-04-03T06:49:03.766+0600][70.264s][info][gc,cpu         ] GC(255) User=0.03s Sys=0.00s Real=0.01s
[2026-04-03T06:49:03.766+0600][70.264s][info][gc,marking     ] GC(256) Concurrent Scan Root Regions
[2026-04-03T06:49:03.768+0600][70.267s][info][gc,marking     ] GC(256) Concurrent Scan Root Regions 2.766ms
[2026-04-03T06:49:03.768+0600][70.267s][info][gc,marking     ] GC(256) Concurrent Mark
[2026-04-03T06:49:03.768+0600][70.267s][info][gc,marking     ] GC(256) Concurrent Mark From Roots
[2026-04-03T06:49:03.768+0600][70.267s][info][gc,task        ] GC(256) Using 3 workers of 3 for marking
[2026-04-03T06:49:03.845+0600][70.344s][info][gc,marking     ] GC(256) Concurrent Mark From Roots 76.846ms
[2026-04-03T06:49:03.845+0600][70.344s][info][gc,marking     ] GC(256) Concurrent Preclean
[2026-04-03T06:49:03.846+0600][70.345s][info][gc,marking     ] GC(256) Concurrent Preclean 0.922ms
[2026-04-03T06:49:03.847+0600][70.345s][info][gc,start       ] GC(256) Pause Remark
[2026-04-03T06:49:03.857+0600][70.355s][info][gc             ] GC(256) Pause Remark 176M->176M(476M) 9.688ms
[2026-04-03T06:49:03.857+0600][70.355s][info][gc,cpu         ] GC(256) User=0.07s Sys=0.00s Real=0.01s
[2026-04-03T06:49:03.857+0600][70.355s][info][gc,marking     ] GC(256) Concurrent Mark 88.401ms
[2026-04-03T06:49:03.857+0600][70.355s][info][gc,marking     ] GC(256) Concurrent Rebuild Remembered Sets and Scrub Regions
[2026-04-03T06:49:03.896+0600][70.394s][info][gc,marking     ] GC(256) Concurrent Rebuild Remembered Sets and Scrub Regions 38.963ms
[2026-04-03T06:49:03.896+0600][70.395s][info][gc,start       ] GC(256) Pause Cleanup
[2026-04-03T06:49:03.897+0600][70.395s][info][gc             ] GC(256) Pause Cleanup 219M->219M(476M) 0.324ms
[2026-04-03T06:49:03.897+0600][70.395s][info][gc,cpu         ] GC(256) User=0.00s Sys=0.00s Real=0.00s
[2026-04-03T06:49:03.897+0600][70.395s][info][gc,marking     ] GC(256) Concurrent Clear Claimed Marks
[2026-04-03T06:49:03.897+0600][70.396s][info][gc,marking     ] GC(256) Concurrent Clear Claimed Marks 0.423ms
[2026-04-03T06:49:03.897+0600][70.396s][info][gc,marking     ] GC(256) Concurrent Cleanup for Next Mark
[2026-04-03T06:49:03.898+0600][70.397s][info][gc,marking     ] GC(256) Concurrent Cleanup for Next Mark 0.760ms
[2026-04-03T06:49:03.898+0600][70.397s][info][gc             ] GC(256) Concurrent Mark Cycle 132.889ms
[2026-04-03T06:49:04.097+0600][70.595s][info][gc,start       ] GC(257) Pause Young (Prepare Mixed) (G1 Evacuation Pause)
[2026-04-03T06:49:04.097+0600][70.595s][info][gc,task        ] GC(257) Using 10 workers of 10 for evacuation
[2026-04-03T06:49:04.106+0600][70.605s][info][gc,phases      ] GC(257)   Pre Evacuate Collection Set: 1.84ms
[2026-04-03T06:49:04.107+0600][70.605s][info][gc,phases      ] GC(257)   Merge Heap Roots: 0.21ms
[2026-04-03T06:49:04.107+0600][70.605s][info][gc,phases      ] GC(257)   Evacuate Collection Set: 6.28ms
[2026-04-03T06:49:04.107+0600][70.605s][info][gc,phases      ] GC(257)   Post Evacuate Collection Set: 1.01ms
[2026-04-03T06:49:04.107+0600][70.605s][info][gc,phases      ] GC(257)   Other: 0.10ms
[2026-04-03T06:49:04.107+0600][70.605s][info][gc,heap        ] GC(257) Eden regions: 100->0(141)
[2026-04-03T06:49:04.107+0600][70.605s][info][gc,heap        ] GC(257) Survivor regions: 4->4(18)
[2026-04-03T06:49:04.107+0600][70.605s][info][gc,heap        ] GC(257) Old regions: 44->44
[2026-04-03T06:49:04.107+0600][70.605s][info][gc,heap        ] GC(257) Humongous regions: 90->3
[2026-04-03T06:49:04.107+0600][70.605s][info][gc,metaspace   ] GC(257) Metaspace: 132002K(133440K)->132002K(133440K) NonClass: 115370K(116096K)->115370K(116096K) Class: 16631K(17344K)->16631K(17344K)
[2026-04-03T06:49:04.107+0600][70.605s][info][gc             ] GC(257) Pause Young (Prepare Mixed) (G1 Evacuation Pause) 473M->99M(484M) 9.768ms
[2026-04-03T06:49:04.107+0600][70.605s][info][gc,cpu         ] GC(257) User=0.03s Sys=0.01s Real=0.01s
[2026-04-03T06:49:04.461+0600][70.960s][info][gc,start       ] GC(258) Pause Young (Mixed) (G1 Evacuation Pause)
[2026-04-03T06:49:04.461+0600][70.960s][info][gc,task        ] GC(258) Using 10 workers of 10 for evacuation
[2026-04-03T06:49:04.473+0600][70.971s][info][gc,phases      ] GC(258)   Pre Evacuate Collection Set: 0.39ms
[2026-04-03T06:49:04.473+0600][70.971s][info][gc,phases      ] GC(258)   Merge Heap Roots: 0.15ms
[2026-04-03T06:49:04.473+0600][70.971s][info][gc,phases      ] GC(258)   Evacuate Collection Set: 7.82ms
[2026-04-03T06:49:04.473+0600][70.971s][info][gc,phases      ] GC(258)   Post Evacuate Collection Set: 2.66ms
[2026-04-03T06:49:04.473+0600][70.971s][info][gc,phases      ] GC(258)   Other: 0.12ms
[2026-04-03T06:49:04.473+0600][70.971s][info][gc,heap        ] GC(258) Eden regions: 115->0(308)
[2026-04-03T06:49:04.473+0600][70.971s][info][gc,heap        ] GC(258) Survivor regions: 4->4(19)
[2026-04-03T06:49:04.473+0600][70.971s][info][gc,heap        ] GC(258) Old regions: 44->44
[2026-04-03T06:49:04.473+0600][70.971s][info][gc,heap        ] GC(258) Humongous regions: 79->3
[2026-04-03T06:49:04.473+0600][70.971s][info][gc,metaspace   ] GC(258) Metaspace: 132002K(133440K)->132002K(133440K) NonClass: 115370K(116096K)->115370K(116096K) Class: 16631K(17344K)->16631K(17344K)
[2026-04-03T06:49:04.473+0600][70.971s][info][gc             ] GC(258) Pause Young (Mixed) (G1 Evacuation Pause) 481M->98M(1042M) 11.501ms
[2026-04-03T06:49:04.473+0600][70.971s][info][gc,cpu         ] GC(258) User=0.05s Sys=0.01s Real=0.01s
[2026-04-03T06:49:04.904+0600][71.402s][info][gc,start       ] GC(259) Pause Young (Concurrent Start) (G1 Humongous Allocation)
[2026-04-03T06:49:04.904+0600][71.402s][info][gc,task        ] GC(259) Using 10 workers of 10 for evacuation
[2026-04-03T06:49:04.912+0600][71.411s][info][gc,phases      ] GC(259)   Pre Evacuate Collection Set: 0.52ms
[2026-04-03T06:49:04.912+0600][71.411s][info][gc,phases      ] GC(259)   Merge Heap Roots: 0.24ms
[2026-04-03T06:49:04.913+0600][71.411s][info][gc,phases      ] GC(259)   Evacuate Collection Set: 3.59ms
[2026-04-03T06:49:04.913+0600][71.411s][info][gc,phases      ] GC(259)   Post Evacuate Collection Set: 3.18ms
[2026-04-03T06:49:04.913+0600][71.411s][info][gc,phases      ] GC(259)   Other: 0.98ms
[2026-04-03T06:49:04.913+0600][71.411s][info][gc,heap        ] GC(259) Eden regions: 158->0(307)
[2026-04-03T06:49:04.913+0600][71.411s][info][gc,heap        ] GC(259) Survivor regions: 4->5(39)
[2026-04-03T06:49:04.913+0600][71.411s][info][gc,heap        ] GC(259) Old regions: 44->44
[2026-04-03T06:49:04.913+0600][71.411s][info][gc,heap        ] GC(259) Humongous regions: 154->9
[2026-04-03T06:49:04.913+0600][71.411s][info][gc,metaspace   ] GC(259) Metaspace: 132002K(133440K)->132002K(133440K) NonClass: 115371K(116096K)->115371K(116096K) Class: 16631K(17344K)->16631K(17344K)
[2026-04-03T06:49:04.913+0600][71.411s][info][gc             ] GC(259) Pause Young (Concurrent Start) (G1 Humongous Allocation) 716M->113M(1042M) 8.915ms
[2026-04-03T06:49:04.913+0600][71.411s][info][gc,cpu         ] GC(259) User=0.04s Sys=0.02s Real=0.00s
[2026-04-03T06:49:04.913+0600][71.411s][info][gc             ] GC(260) Concurrent Undo Cycle
[2026-04-03T06:49:04.913+0600][71.411s][info][gc,marking     ] GC(260) Concurrent Clear Claimed Marks
[2026-04-03T06:49:04.913+0600][71.412s][info][gc,marking     ] GC(260) Concurrent Clear Claimed Marks 0.314ms
[2026-04-03T06:49:04.913+0600][71.412s][info][gc,marking     ] GC(260) Concurrent Cleanup for Next Mark
[2026-04-03T06:49:04.914+0600][71.412s][info][gc,marking     ] GC(260) Concurrent Cleanup for Next Mark 0.372ms
[2026-04-03T06:49:04.914+0600][71.412s][info][gc             ] GC(260) Concurrent Undo Cycle 0.960ms
[2026-04-03T06:49:04.914+0600][71.413s][info][gc,start       ] GC(261) Pause Young (Concurrent Start) (G1 Humongous Allocation)
[2026-04-03T06:49:04.914+0600][71.413s][info][gc,task        ] GC(261) Using 10 workers of 10 for evacuation
[2026-04-03T06:49:04.918+0600][71.417s][info][gc,phases      ] GC(261)   Pre Evacuate Collection Set: 0.46ms
[2026-04-03T06:49:04.918+0600][71.417s][info][gc,phases      ] GC(261)   Merge Heap Roots: 0.09ms
[2026-04-03T06:49:04.918+0600][71.417s][info][gc,phases      ] GC(261)   Evacuate Collection Set: 2.35ms
[2026-04-03T06:49:04.918+0600][71.417s][info][gc,phases      ] GC(261)   Post Evacuate Collection Set: 0.62ms
[2026-04-03T06:49:04.918+0600][71.417s][info][gc,phases      ] GC(261)   Other: 0.13ms
[2026-04-03T06:49:04.918+0600][71.417s][info][gc,heap        ] GC(261) Eden regions: 2->0(307)
[2026-04-03T06:49:04.918+0600][71.417s][info][gc,heap        ] GC(261) Survivor regions: 5->5(39)
[2026-04-03T06:49:04.918+0600][71.417s][info][gc,heap        ] GC(261) Old regions: 44->44
[2026-04-03T06:49:04.918+0600][71.417s][info][gc,heap        ] GC(261) Humongous regions: 18->12
[2026-04-03T06:49:04.918+0600][71.417s][info][gc,metaspace   ] GC(261) Metaspace: 132002K(133440K)->132002K(133440K) NonClass: 115371K(116096K)->115371K(116096K) Class: 16631K(17344K)->16631K(17344K)
[2026-04-03T06:49:04.918+0600][71.417s][info][gc             ] GC(261) Pause Young (Concurrent Start) (G1 Humongous Allocation) 134M->119M(1042M) 4.076ms
[2026-04-03T06:49:04.919+0600][71.417s][info][gc,cpu         ] GC(261) User=0.02s Sys=0.00s Real=0.00s
[2026-04-03T06:49:04.919+0600][71.417s][info][gc             ] GC(262) Concurrent Mark Cycle
[2026-04-03T06:49:04.919+0600][71.417s][info][gc,marking     ] GC(262) Concurrent Scan Root Regions
[2026-04-03T06:49:04.921+0600][71.420s][info][gc,marking     ] GC(262) Concurrent Scan Root Regions 2.582ms
[2026-04-03T06:49:04.921+0600][71.420s][info][gc,marking     ] GC(262) Concurrent Mark
[2026-04-03T06:49:04.921+0600][71.420s][info][gc,marking     ] GC(262) Concurrent Mark From Roots
[2026-04-03T06:49:04.921+0600][71.420s][info][gc,task        ] GC(262) Using 3 workers of 3 for marking
[2026-04-03T06:49:05.003+0600][71.502s][info][gc,marking     ] GC(262) Concurrent Mark From Roots 81.919ms
[2026-04-03T06:49:05.003+0600][71.502s][info][gc,marking     ] GC(262) Concurrent Preclean
[2026-04-03T06:49:05.004+0600][71.503s][info][gc,marking     ] GC(262) Concurrent Preclean 0.683ms
[2026-04-03T06:49:05.004+0600][71.503s][info][gc,start       ] GC(262) Pause Remark
[2026-04-03T06:49:05.016+0600][71.515s][info][gc             ] GC(262) Pause Remark 382M->382M(1042M) 11.867ms
[2026-04-03T06:49:05.016+0600][71.515s][info][gc,cpu         ] GC(262) User=0.06s Sys=0.00s Real=0.01s
[2026-04-03T06:49:05.017+0600][71.515s][info][gc,marking     ] GC(262) Concurrent Mark 95.240ms
[2026-04-03T06:49:05.017+0600][71.515s][info][gc,marking     ] GC(262) Concurrent Rebuild Remembered Sets and Scrub Regions
[2026-04-03T06:49:05.043+0600][71.541s][info][gc,marking     ] GC(262) Concurrent Rebuild Remembered Sets and Scrub Regions 25.939ms
[2026-04-03T06:49:05.043+0600][71.541s][info][gc,start       ] GC(262) Pause Cleanup
[2026-04-03T06:49:05.044+0600][71.543s][info][gc             ] GC(262) Pause Cleanup 389M->389M(1042M) 1.404ms
[2026-04-03T06:49:05.045+0600][71.543s][info][gc,cpu         ] GC(262) User=0.00s Sys=0.00s Real=0.01s
[2026-04-03T06:49:05.045+0600][71.543s][info][gc,marking     ] GC(262) Concurrent Clear Claimed Marks
[2026-04-03T06:49:05.045+0600][71.544s][info][gc,marking     ] GC(262) Concurrent Clear Claimed Marks 0.368ms
[2026-04-03T06:49:05.045+0600][71.544s][info][gc,marking     ] GC(262) Concurrent Cleanup for Next Mark
[2026-04-03T06:49:05.049+0600][71.547s][info][gc,marking     ] GC(262) Concurrent Cleanup for Next Mark 3.883ms
[2026-04-03T06:49:05.049+0600][71.548s][info][gc             ] GC(262) Concurrent Mark Cycle 130.499ms
[2026-04-03T06:49:05.396+0600][71.894s][info][gc,start       ] GC(263) Pause Young (Prepare Mixed) (G1 Evacuation Pause)
[2026-04-03T06:49:05.396+0600][71.894s][info][gc,task        ] GC(263) Using 10 workers of 10 for evacuation
[2026-04-03T06:49:05.401+0600][71.899s][info][gc,phases      ] GC(263)   Pre Evacuate Collection Set: 0.93ms
[2026-04-03T06:49:05.401+0600][71.899s][info][gc,phases      ] GC(263)   Merge Heap Roots: 0.24ms
[2026-04-03T06:49:05.401+0600][71.899s][info][gc,phases      ] GC(263)   Evacuate Collection Set: 2.86ms
[2026-04-03T06:49:05.401+0600][71.899s][info][gc,phases      ] GC(263)   Post Evacuate Collection Set: 0.71ms
[2026-04-03T06:49:05.401+0600][71.899s][info][gc,phases      ] GC(263)   Other: 0.08ms
[2026-04-03T06:49:05.401+0600][71.899s][info][gc,heap        ] GC(263) Eden regions: 103->0(311)
[2026-04-03T06:49:05.401+0600][71.899s][info][gc,heap        ] GC(263) Survivor regions: 5->3(39)
[2026-04-03T06:49:05.401+0600][71.899s][info][gc,heap        ] GC(263) Old regions: 44->44
[2026-04-03T06:49:05.401+0600][71.899s][info][gc,heap        ] GC(263) Humongous regions: 369->3
[2026-04-03T06:49:05.401+0600][71.899s][info][gc,metaspace   ] GC(263) Metaspace: 132020K(133440K)->132020K(133440K) NonClass: 115388K(116096K)->115388K(116096K) Class: 16631K(17344K)->16631K(17344K)
[2026-04-03T06:49:05.401+0600][71.899s][info][gc             ] GC(263) Pause Young (Prepare Mixed) (G1 Evacuation Pause) 1039M->97M(1048M) 5.066ms
[2026-04-03T06:49:05.401+0600][71.899s][info][gc,cpu         ] GC(263) User=0.01s Sys=0.01s Real=0.00s
[2026-04-03T06:49:06.207+0600][72.705s][info][gc,start       ] GC(264) Pause Young (Mixed) (G1 Evacuation Pause)
[2026-04-03T06:49:06.207+0600][72.705s][info][gc,task        ] GC(264) Using 10 workers of 10 for evacuation
[2026-04-03T06:49:06.215+0600][72.713s][info][gc,phases      ] GC(264)   Pre Evacuate Collection Set: 1.06ms
[2026-04-03T06:49:06.215+0600][72.713s][info][gc,phases      ] GC(264)   Merge Heap Roots: 0.55ms
[2026-04-03T06:49:06.215+0600][72.713s][info][gc,phases      ] GC(264)   Evacuate Collection Set: 5.44ms
[2026-04-03T06:49:06.215+0600][72.714s][info][gc,phases      ] GC(264)   Post Evacuate Collection Set: 0.88ms
[2026-04-03T06:49:06.215+0600][72.714s][info][gc,phases      ] GC(264)   Other: 0.13ms
[2026-04-03T06:49:06.215+0600][72.714s][info][gc,heap        ] GC(264) Eden regions: 284->0(313)
[2026-04-03T06:49:06.215+0600][72.714s][info][gc,heap        ] GC(264) Survivor regions: 3->4(40)
[2026-04-03T06:49:06.215+0600][72.714s][info][gc,heap        ] GC(264) Old regions: 44->44
[2026-04-03T06:49:06.215+0600][72.714s][info][gc,heap        ] GC(264) Humongous regions: 193->3
[2026-04-03T06:49:06.215+0600][72.714s][info][gc,metaspace   ] GC(264) Metaspace: 132020K(133440K)->132020K(133440K) NonClass: 115388K(116096K)->115388K(116096K) Class: 16631K(17344K)->16631K(17344K)
[2026-04-03T06:49:06.215+0600][72.714s][info][gc             ] GC(264) Pause Young (Mixed) (G1 Evacuation Pause) 1045M->100M(1058M) 8.415ms
[2026-04-03T06:49:06.215+0600][72.714s][info][gc,cpu         ] GC(264) User=0.04s Sys=0.01s Real=0.01s
[2026-04-03T06:49:06.231+0600][72.729s][info][gc,start       ] GC(265) Pause Young (Concurrent Start) (GCLocker Initiated GC)
[2026-04-03T06:49:06.231+0600][72.729s][info][gc,task        ] GC(265) Using 10 workers of 10 for evacuation
[2026-04-03T06:49:06.236+0600][72.734s][info][gc,phases      ] GC(265)   Pre Evacuate Collection Set: 0.54ms
[2026-04-03T06:49:06.236+0600][72.734s][info][gc,phases      ] GC(265)   Merge Heap Roots: 0.24ms
[2026-04-03T06:49:06.236+0600][72.734s][info][gc,phases      ] GC(265)   Evacuate Collection Set: 3.10ms
[2026-04-03T06:49:06.236+0600][72.734s][info][gc,phases      ] GC(265)   Post Evacuate Collection Set: 0.77ms
[2026-04-03T06:49:06.236+0600][72.734s][info][gc,phases      ] GC(265)   Other: 0.26ms
[2026-04-03T06:49:06.236+0600][72.734s][info][gc,heap        ] GC(265) Eden regions: 12->0(313)
[2026-04-03T06:49:06.236+0600][72.734s][info][gc,heap        ] GC(265) Survivor regions: 4->4(40)
[2026-04-03T06:49:06.236+0600][72.735s][info][gc,heap        ] GC(265) Old regions: 44->44
[2026-04-03T06:49:06.236+0600][72.735s][info][gc,heap        ] GC(265) Humongous regions: 3->3
[2026-04-03T06:49:06.236+0600][72.735s][info][gc,metaspace   ] GC(265) Metaspace: 132020K(133440K)->132020K(133440K) NonClass: 115388K(116096K)->115388K(116096K) Class: 16631K(17344K)->16631K(17344K)
[2026-04-03T06:49:06.236+0600][72.735s][info][gc             ] GC(265) Pause Young (Concurrent Start) (GCLocker Initiated GC) 123M->99M(1058M) 5.355ms
[2026-04-03T06:49:06.236+0600][72.735s][info][gc             ] GC(266) Concurrent Mark Cycle
[2026-04-03T06:49:06.236+0600][72.735s][info][gc,marking     ] GC(266) Concurrent Scan Root Regions
[2026-04-03T06:49:06.236+0600][72.735s][info][gc,cpu         ] GC(265) User=0.03s Sys=0.00s Real=0.01s
[2026-04-03T06:49:06.240+0600][72.738s][info][gc,marking     ] GC(266) Concurrent Scan Root Regions 3.478ms
[2026-04-03T06:49:06.240+0600][72.738s][info][gc,marking     ] GC(266) Concurrent Mark
[2026-04-03T06:49:06.240+0600][72.738s][info][gc,marking     ] GC(266) Concurrent Mark From Roots
[2026-04-03T06:49:06.240+0600][72.738s][info][gc,task        ] GC(266) Using 3 workers of 3 for marking
[2026-04-03T06:49:06.314+0600][72.813s][info][gc,marking     ] GC(266) Concurrent Mark From Roots 74.436ms
[2026-04-03T06:49:06.314+0600][72.813s][info][gc,marking     ] GC(266) Concurrent Preclean
[2026-04-03T06:49:06.315+0600][72.814s][info][gc,marking     ] GC(266) Concurrent Preclean 0.922ms
[2026-04-03T06:49:06.316+0600][72.814s][info][gc,start       ] GC(266) Pause Remark
[2026-04-03T06:49:06.325+0600][72.824s][info][gc             ] GC(266) Pause Remark 188M->188M(488M) 9.695ms
[2026-04-03T06:49:06.326+0600][72.824s][info][gc,cpu         ] GC(266) User=0.07s Sys=0.00s Real=0.01s
[2026-04-03T06:49:06.326+0600][72.825s][info][gc,marking     ] GC(266) Concurrent Mark 86.223ms
[2026-04-03T06:49:06.326+0600][72.825s][info][gc,marking     ] GC(266) Concurrent Rebuild Remembered Sets and Scrub Regions
[2026-04-03T06:49:06.362+0600][72.861s][info][gc,marking     ] GC(266) Concurrent Rebuild Remembered Sets and Scrub Regions 36.097ms
[2026-04-03T06:49:06.363+0600][72.861s][info][gc,start       ] GC(266) Pause Cleanup
[2026-04-03T06:49:06.363+0600][72.862s][info][gc             ] GC(266) Pause Cleanup 224M->224M(488M) 0.268ms
[2026-04-03T06:49:06.363+0600][72.862s][info][gc,cpu         ] GC(266) User=0.00s Sys=0.00s Real=0.01s
[2026-04-03T06:49:06.363+0600][72.862s][info][gc,marking     ] GC(266) Concurrent Clear Claimed Marks
[2026-04-03T06:49:06.364+0600][72.862s][info][gc,marking     ] GC(266) Concurrent Clear Claimed Marks 0.450ms
[2026-04-03T06:49:06.364+0600][72.862s][info][gc,marking     ] GC(266) Concurrent Cleanup for Next Mark
[2026-04-03T06:49:06.365+0600][72.863s][info][gc,marking     ] GC(266) Concurrent Cleanup for Next Mark 0.780ms
[2026-04-03T06:49:06.365+0600][72.863s][info][gc             ] GC(266) Concurrent Mark Cycle 128.446ms
[2026-04-03T06:49:06.630+0600][73.128s][info][gc,start       ] GC(267) Pause Young (Prepare Mixed) (G1 Evacuation Pause)
[2026-04-03T06:49:06.630+0600][73.129s][info][gc,task        ] GC(267) Using 10 workers of 10 for evacuation
[2026-04-03T06:49:06.637+0600][73.136s][info][gc,phases      ] GC(267)   Pre Evacuate Collection Set: 0.46ms
[2026-04-03T06:49:06.637+0600][73.136s][info][gc,phases      ] GC(267)   Merge Heap Roots: 0.20ms
[2026-04-03T06:49:06.637+0600][73.136s][info][gc,phases      ] GC(267)   Evacuate Collection Set: 5.04ms
[2026-04-03T06:49:06.637+0600][73.136s][info][gc,phases      ] GC(267)   Post Evacuate Collection Set: 1.06ms
[2026-04-03T06:49:06.637+0600][73.136s][info][gc,phases      ] GC(267)   Other: 0.16ms
[2026-04-03T06:49:06.637+0600][73.136s][info][gc,heap        ] GC(267) Eden regions: 115->0(145)
[2026-04-03T06:49:06.637+0600][73.136s][info][gc,heap        ] GC(267) Survivor regions: 4->4(19)
[2026-04-03T06:49:06.637+0600][73.136s][info][gc,heap        ] GC(267) Old regions: 44->45
[2026-04-03T06:49:06.637+0600][73.136s][info][gc,heap        ] GC(267) Humongous regions: 81->3
[2026-04-03T06:49:06.637+0600][73.136s][info][gc,metaspace   ] GC(267) Metaspace: 132027K(133440K)->132027K(133440K) NonClass: 115394K(116096K)->115394K(116096K) Class: 16632K(17344K)->16632K(17344K)
[2026-04-03T06:49:06.637+0600][73.136s][info][gc             ] GC(267) Pause Young (Prepare Mixed) (G1 Evacuation Pause) 485M->100M(498M) 7.317ms
[2026-04-03T06:49:06.637+0600][73.136s][info][gc,cpu         ] GC(267) User=0.03s Sys=0.01s Real=0.01s
[2026-04-03T06:49:06.933+0600][73.432s][info][gc,start       ] GC(268) Pause Young (Mixed) (G1 Evacuation Pause)
[2026-04-03T06:49:06.934+0600][73.432s][info][gc,task        ] GC(268) Using 10 workers of 10 for evacuation
[2026-04-03T06:49:06.942+0600][73.440s][info][gc,phases      ] GC(268)   Pre Evacuate Collection Set: 0.30ms
[2026-04-03T06:49:06.942+0600][73.440s][info][gc,phases      ] GC(268)   Merge Heap Roots: 0.18ms
[2026-04-03T06:49:06.942+0600][73.440s][info][gc,phases      ] GC(268)   Evacuate Collection Set: 6.49ms
[2026-04-03T06:49:06.942+0600][73.440s][info][gc,phases      ] GC(268)   Post Evacuate Collection Set: 0.90ms
[2026-04-03T06:49:06.942+0600][73.440s][info][gc,phases      ] GC(268)   Other: 0.12ms
[2026-04-03T06:49:06.942+0600][73.440s][info][gc,heap        ] GC(268) Eden regions: 118->0(180)
[2026-04-03T06:49:06.942+0600][73.440s][info][gc,heap        ] GC(268) Survivor regions: 4->5(19)
[2026-04-03T06:49:06.942+0600][73.440s][info][gc,heap        ] GC(268) Old regions: 45->44
[2026-04-03T06:49:06.942+0600][73.440s][info][gc,heap        ] GC(268) Humongous regions: 136->9
[2026-04-03T06:49:06.942+0600][73.440s][info][gc,metaspace   ] GC(268) Metaspace: 132029K(133440K)->132029K(133440K) NonClass: 115396K(116096K)->115396K(116096K) Class: 16633K(17344K)->16633K(17344K)
[2026-04-03T06:49:06.942+0600][73.440s][info][gc             ] GC(268) Pause Young (Mixed) (G1 Evacuation Pause) 602M->113M(618M) 8.380ms
[2026-04-03T06:49:06.942+0600][73.440s][info][gc,cpu         ] GC(268) User=0.05s Sys=0.01s Real=0.00s
[2026-04-03T06:49:06.945+0600][73.443s][info][gc,start       ] GC(269) Pause Young (Concurrent Start) (G1 Humongous Allocation)
[2026-04-03T06:49:06.945+0600][73.443s][info][gc,task        ] GC(269) Using 10 workers of 10 for evacuation
[2026-04-03T06:49:06.949+0600][73.447s][info][gc,phases      ] GC(269)   Pre Evacuate Collection Set: 0.45ms
[2026-04-03T06:49:06.949+0600][73.448s][info][gc,phases      ] GC(269)   Merge Heap Roots: 0.12ms
[2026-04-03T06:49:06.949+0600][73.448s][info][gc,phases      ] GC(269)   Evacuate Collection Set: 2.97ms
[2026-04-03T06:49:06.949+0600][73.448s][info][gc,phases      ] GC(269)   Post Evacuate Collection Set: 0.53ms
[2026-04-03T06:49:06.949+0600][73.448s][info][gc,phases      ] GC(269)   Other: 0.20ms
[2026-04-03T06:49:06.949+0600][73.448s][info][gc,heap        ] GC(269) Eden regions: 2->0(180)
[2026-04-03T06:49:06.949+0600][73.448s][info][gc,heap        ] GC(269) Survivor regions: 5->5(24)
[2026-04-03T06:49:06.949+0600][73.448s][info][gc,heap        ] GC(269) Old regions: 44->44
[2026-04-03T06:49:06.949+0600][73.448s][info][gc,heap        ] GC(269) Humongous regions: 9->6
[2026-04-03T06:49:06.949+0600][73.448s][info][gc,metaspace   ] GC(269) Metaspace: 132029K(133440K)->132029K(133440K) NonClass: 115396K(116096K)->115396K(116096K) Class: 16633K(17344K)->16633K(17344K)
[2026-04-03T06:49:06.949+0600][73.448s][info][gc             ] GC(269) Pause Young (Concurrent Start) (G1 Humongous Allocation) 116M->108M(618M) 4.663ms
[2026-04-03T06:49:06.949+0600][73.448s][info][gc             ] GC(270) Concurrent Mark Cycle
[2026-04-03T06:49:06.949+0600][73.448s][info][gc,cpu         ] GC(269) User=0.03s Sys=0.01s Real=0.00s
[2026-04-03T06:49:06.949+0600][73.448s][info][gc,marking     ] GC(270) Concurrent Scan Root Regions
[2026-04-03T06:49:06.953+0600][73.451s][info][gc,marking     ] GC(270) Concurrent Scan Root Regions 3.122ms
[2026-04-03T06:49:06.953+0600][73.451s][info][gc,marking     ] GC(270) Concurrent Mark
[2026-04-03T06:49:06.953+0600][73.451s][info][gc,marking     ] GC(270) Concurrent Mark From Roots
[2026-04-03T06:49:06.953+0600][73.451s][info][gc,task        ] GC(270) Using 3 workers of 3 for marking
[2026-04-03T06:49:07.035+0600][73.533s][info][gc,marking     ] GC(270) Concurrent Mark From Roots 81.985ms
[2026-04-03T06:49:07.035+0600][73.533s][info][gc,marking     ] GC(270) Concurrent Preclean
[2026-04-03T06:49:07.035+0600][73.534s][info][gc,marking     ] GC(270) Concurrent Preclean 0.758ms
[2026-04-03T06:49:07.036+0600][73.534s][info][gc,start       ] GC(270) Pause Remark
[2026-04-03T06:49:07.045+0600][73.544s][info][gc             ] GC(270) Pause Remark 377M->377M(618M) 9.611ms
[2026-04-03T06:49:07.046+0600][73.544s][info][gc,cpu         ] GC(270) User=0.06s Sys=0.01s Real=0.01s
[2026-04-03T06:49:07.046+0600][73.544s][info][gc,marking     ] GC(270) Concurrent Mark 93.134ms
[2026-04-03T06:49:07.046+0600][73.544s][info][gc,marking     ] GC(270) Concurrent Rebuild Remembered Sets and Scrub Regions
[2026-04-03T06:49:07.072+0600][73.571s][info][gc,marking     ] GC(270) Concurrent Rebuild Remembered Sets and Scrub Regions 26.290ms
[2026-04-03T06:49:07.072+0600][73.571s][info][gc,start       ] GC(270) Pause Cleanup
[2026-04-03T06:49:07.073+0600][73.571s][info][gc             ] GC(270) Pause Cleanup 390M->390M(618M) 0.267ms
[2026-04-03T06:49:07.073+0600][73.571s][info][gc,cpu         ] GC(270) User=0.00s Sys=0.00s Real=0.00s
[2026-04-03T06:49:07.073+0600][73.571s][info][gc,marking     ] GC(270) Concurrent Clear Claimed Marks
[2026-04-03T06:49:07.073+0600][73.572s][info][gc,marking     ] GC(270) Concurrent Clear Claimed Marks 0.337ms
[2026-04-03T06:49:07.073+0600][73.572s][info][gc,marking     ] GC(270) Concurrent Cleanup for Next Mark
[2026-04-03T06:49:07.075+0600][73.573s][info][gc,marking     ] GC(270) Concurrent Cleanup for Next Mark 1.623ms
[2026-04-03T06:49:07.075+0600][73.573s][info][gc             ] GC(270) Concurrent Mark Cycle 125.706ms
[2026-04-03T06:49:07.121+0600][73.619s][info][gc,start       ] GC(271) Pause Young (Prepare Mixed) (G1 Evacuation Pause)
[2026-04-03T06:49:07.121+0600][73.620s][info][gc,task        ] GC(271) Using 10 workers of 10 for evacuation
[2026-04-03T06:49:07.129+0600][73.627s][info][gc,phases      ] GC(271)   Pre Evacuate Collection Set: 0.54ms
[2026-04-03T06:49:07.129+0600][73.627s][info][gc,phases      ] GC(271)   Merge Heap Roots: 0.18ms
[2026-04-03T06:49:07.129+0600][73.627s][info][gc,phases      ] GC(271)   Evacuate Collection Set: 5.97ms
[2026-04-03T06:49:07.129+0600][73.627s][info][gc,phases      ] GC(271)   Post Evacuate Collection Set: 0.66ms
[2026-04-03T06:49:07.129+0600][73.627s][info][gc,phases      ] GC(271)   Other: 0.09ms
[2026-04-03T06:49:07.129+0600][73.627s][info][gc,heap        ] GC(271) Eden regions: 35->0(221)
[2026-04-03T06:49:07.129+0600][73.627s][info][gc,heap        ] GC(271) Survivor regions: 5->4(24)
[2026-04-03T06:49:07.129+0600][73.627s][info][gc,heap        ] GC(271) Old regions: 44->44
[2026-04-03T06:49:07.129+0600][73.627s][info][gc,heap        ] GC(271) Humongous regions: 288->12
[2026-04-03T06:49:07.129+0600][73.627s][info][gc,metaspace   ] GC(271) Metaspace: 132033K(133440K)->132033K(133440K) NonClass: 115400K(116096K)->115400K(116096K) Class: 16633K(17344K)->16633K(17344K)
[2026-04-03T06:49:07.129+0600][73.627s][info][gc             ] GC(271) Pause Young (Prepare Mixed) (G1 Evacuation Pause) 742M->118M(752M) 7.731ms
[2026-04-03T06:49:07.129+0600][73.627s][info][gc,cpu         ] GC(271) User=0.01s Sys=0.01s Real=0.01s
[2026-04-03T06:49:07.788+0600][74.286s][info][gc,start       ] GC(272) Pause Young (Mixed) (G1 Evacuation Pause)
[2026-04-03T06:49:07.788+0600][74.286s][info][gc,task        ] GC(272) Using 10 workers of 10 for evacuation
[2026-04-03T06:49:07.795+0600][74.294s][info][gc,phases      ] GC(272)   Pre Evacuate Collection Set: 0.50ms
[2026-04-03T06:49:07.795+0600][74.294s][info][gc,phases      ] GC(272)   Merge Heap Roots: 0.26ms
[2026-04-03T06:49:07.795+0600][74.294s][info][gc,phases      ] GC(272)   Evacuate Collection Set: 4.99ms
[2026-04-03T06:49:07.795+0600][74.294s][info][gc,phases      ] GC(272)   Post Evacuate Collection Set: 1.40ms
[2026-04-03T06:49:07.795+0600][74.294s][info][gc,phases      ] GC(272)   Other: 0.22ms
[2026-04-03T06:49:07.796+0600][74.294s][info][gc,heap        ] GC(272) Eden regions: 186->0(293)
[2026-04-03T06:49:07.796+0600][74.294s][info][gc,heap        ] GC(272) Survivor regions: 4->4(29)
[2026-04-03T06:49:07.796+0600][74.294s][info][gc,heap        ] GC(272) Old regions: 44->44
[2026-04-03T06:49:07.796+0600][74.294s][info][gc,heap        ] GC(272) Humongous regions: 145->4
[2026-04-03T06:49:07.796+0600][74.294s][info][gc,metaspace   ] GC(272) Metaspace: 132050K(133440K)->132050K(133440K) NonClass: 115417K(116096K)->115417K(116096K) Class: 16633K(17344K)->16633K(17344K)
[2026-04-03T06:49:07.796+0600][74.294s][info][gc             ] GC(272) Pause Young (Mixed) (G1 Evacuation Pause) 756M->100M(992M) 7.770ms
[2026-04-03T06:49:07.796+0600][74.294s][info][gc,cpu         ] GC(272) User=0.04s Sys=0.01s Real=0.01s
[2026-04-03T06:49:07.801+0600][74.299s][info][gc,start       ] GC(273) Pause Young (Concurrent Start) (G1 Humongous Allocation)
[2026-04-03T06:49:07.801+0600][74.299s][info][gc,task        ] GC(273) Using 10 workers of 10 for evacuation
[2026-04-03T06:49:07.804+0600][74.303s][info][gc,phases      ] GC(273)   Pre Evacuate Collection Set: 0.43ms
[2026-04-03T06:49:07.804+0600][74.303s][info][gc,phases      ] GC(273)   Merge Heap Roots: 0.13ms
[2026-04-03T06:49:07.804+0600][74.303s][info][gc,phases      ] GC(273)   Evacuate Collection Set: 2.12ms
[2026-04-03T06:49:07.804+0600][74.303s][info][gc,phases      ] GC(273)   Post Evacuate Collection Set: 0.49ms
[2026-04-03T06:49:07.804+0600][74.303s][info][gc,phases      ] GC(273)   Other: 0.10ms
[2026-04-03T06:49:07.804+0600][74.303s][info][gc,heap        ] GC(273) Eden regions: 2->0(294)
[2026-04-03T06:49:07.804+0600][74.303s][info][gc,heap        ] GC(273) Survivor regions: 4->3(38)
[2026-04-03T06:49:07.804+0600][74.303s][info][gc,heap        ] GC(273) Old regions: 44->44
[2026-04-03T06:49:07.804+0600][74.303s][info][gc,heap        ] GC(273) Humongous regions: 4->3
[2026-04-03T06:49:07.804+0600][74.303s][info][gc,metaspace   ] GC(273) Metaspace: 132050K(133440K)->132050K(133440K) NonClass: 115417K(116096K)->115417K(116096K) Class: 16633K(17344K)->16633K(17344K)
[2026-04-03T06:49:07.804+0600][74.303s][info][gc             ] GC(273) Pause Young (Concurrent Start) (G1 Humongous Allocation) 103M->98M(992M) 3.623ms
[2026-04-03T06:49:07.804+0600][74.303s][info][gc,cpu         ] GC(273) User=0.03s Sys=0.01s Real=0.01s
[2026-04-03T06:49:07.804+0600][74.303s][info][gc             ] GC(274) Concurrent Mark Cycle
[2026-04-03T06:49:07.805+0600][74.303s][info][gc,marking     ] GC(274) Concurrent Scan Root Regions
[2026-04-03T06:49:07.808+0600][74.306s][info][gc,marking     ] GC(274) Concurrent Scan Root Regions 3.227ms
[2026-04-03T06:49:07.808+0600][74.307s][info][gc,marking     ] GC(274) Concurrent Mark
[2026-04-03T06:49:07.808+0600][74.307s][info][gc,marking     ] GC(274) Concurrent Mark From Roots
[2026-04-03T06:49:07.808+0600][74.307s][info][gc,task        ] GC(274) Using 3 workers of 3 for marking
[2026-04-03T06:49:07.896+0600][74.395s][info][gc,marking     ] GC(274) Concurrent Mark From Roots 88.004ms
[2026-04-03T06:49:07.896+0600][74.395s][info][gc,marking     ] GC(274) Concurrent Preclean
[2026-04-03T06:49:07.897+0600][74.395s][info][gc,marking     ] GC(274) Concurrent Preclean 0.799ms
[2026-04-03T06:49:07.897+0600][74.396s][info][gc,start       ] GC(274) Pause Remark
[2026-04-03T06:49:07.906+0600][74.405s][info][gc             ] GC(274) Pause Remark 195M->195M(474M) 8.864ms
[2026-04-03T06:49:07.906+0600][74.405s][info][gc,cpu         ] GC(274) User=0.07s Sys=0.01s Real=0.01s
[2026-04-03T06:49:07.907+0600][74.405s][info][gc,marking     ] GC(274) Concurrent Mark 98.471ms
[2026-04-03T06:49:07.907+0600][74.405s][info][gc,marking     ] GC(274) Concurrent Rebuild Remembered Sets and Scrub Regions
[2026-04-03T06:49:07.936+0600][74.434s][info][gc,marking     ] GC(274) Concurrent Rebuild Remembered Sets and Scrub Regions 29.109ms
[2026-04-03T06:49:07.936+0600][74.435s][info][gc,start       ] GC(274) Pause Cleanup
[2026-04-03T06:49:07.937+0600][74.435s][info][gc             ] GC(274) Pause Cleanup 213M->213M(474M) 0.409ms
[2026-04-03T06:49:07.937+0600][74.435s][info][gc,cpu         ] GC(274) User=0.00s Sys=0.00s Real=0.00s
[2026-04-03T06:49:07.937+0600][74.435s][info][gc,marking     ] GC(274) Concurrent Clear Claimed Marks
[2026-04-03T06:49:07.937+0600][74.436s][info][gc,marking     ] GC(274) Concurrent Clear Claimed Marks 0.471ms
[2026-04-03T06:49:07.937+0600][74.436s][info][gc,marking     ] GC(274) Concurrent Cleanup for Next Mark
[2026-04-03T06:49:07.939+0600][74.437s][info][gc,marking     ] GC(274) Concurrent Cleanup for Next Mark 1.134ms
[2026-04-03T06:49:07.939+0600][74.437s][info][gc             ] GC(274) Concurrent Mark Cycle 134.301ms
[2026-04-03T06:49:08.141+0600][74.640s][info][gc,start       ] GC(275) Pause Young (Prepare Mixed) (GCLocker Initiated GC)
[2026-04-03T06:49:08.141+0600][74.640s][info][gc,task        ] GC(275) Using 10 workers of 10 for evacuation
[2026-04-03T06:49:08.149+0600][74.648s][info][gc,phases      ] GC(275)   Pre Evacuate Collection Set: 0.51ms
[2026-04-03T06:49:08.149+0600][74.648s][info][gc,phases      ] GC(275)   Merge Heap Roots: 0.28ms
[2026-04-03T06:49:08.149+0600][74.648s][info][gc,phases      ] GC(275)   Evacuate Collection Set: 6.21ms
[2026-04-03T06:49:08.149+0600][74.648s][info][gc,phases      ] GC(275)   Post Evacuate Collection Set: 0.91ms
[2026-04-03T06:49:08.149+0600][74.648s][info][gc,phases      ] GC(275)   Other: 0.14ms
[2026-04-03T06:49:08.149+0600][74.648s][info][gc,heap        ] GC(275) Eden regions: 105->0(141)
[2026-04-03T06:49:08.149+0600][74.648s][info][gc,heap        ] GC(275) Survivor regions: 3->4(18)
[2026-04-03T06:49:08.149+0600][74.648s][info][gc,heap        ] GC(275) Old regions: 44->45
[2026-04-03T06:49:08.149+0600][74.648s][info][gc,heap        ] GC(275) Humongous regions: 85->3
[2026-04-03T06:49:08.149+0600][74.648s][info][gc,metaspace   ] GC(275) Metaspace: 132052K(133440K)->132052K(133440K) NonClass: 115419K(116096K)->115419K(116096K) Class: 16633K(17344K)->16633K(17344K)
[2026-04-03T06:49:08.150+0600][74.648s][info][gc             ] GC(275) Pause Young (Prepare Mixed) (GCLocker Initiated GC) 472M->100M(484M) 8.455ms
[2026-04-03T06:49:08.150+0600][74.648s][info][gc,cpu         ] GC(275) User=0.04s Sys=0.02s Real=0.01s
[2026-04-03T06:49:08.463+0600][74.962s][info][gc,start       ] GC(276) Pause Young (Mixed) (G1 Evacuation Pause)
[2026-04-03T06:49:08.463+0600][74.962s][info][gc,task        ] GC(276) Using 10 workers of 10 for evacuation
[2026-04-03T06:49:08.471+0600][74.970s][info][gc,phases      ] GC(276)   Pre Evacuate Collection Set: 0.56ms
[2026-04-03T06:49:08.471+0600][74.970s][info][gc,phases      ] GC(276)   Merge Heap Roots: 0.21ms
[2026-04-03T06:49:08.471+0600][74.970s][info][gc,phases      ] GC(276)   Evacuate Collection Set: 4.10ms
[2026-04-03T06:49:08.471+0600][74.970s][info][gc,phases      ] GC(276)   Post Evacuate Collection Set: 2.86ms
[2026-04-03T06:49:08.471+0600][74.970s][info][gc,phases      ] GC(276)   Other: 0.16ms
[2026-04-03T06:49:08.471+0600][74.970s][info][gc,heap        ] GC(276) Eden regions: 107->0(144)
[2026-04-03T06:49:08.471+0600][74.970s][info][gc,heap        ] GC(276) Survivor regions: 4->3(19)
[2026-04-03T06:49:08.471+0600][74.970s][info][gc,heap        ] GC(276) Old regions: 45->44
[2026-04-03T06:49:08.471+0600][74.970s][info][gc,heap        ] GC(276) Humongous regions: 86->3
[2026-04-03T06:49:08.471+0600][74.970s][info][gc,metaspace   ] GC(276) Metaspace: 132053K(133440K)->132053K(133440K) NonClass: 115419K(116096K)->115419K(116096K) Class: 16633K(17344K)->16633K(17344K)
[2026-04-03T06:49:08.471+0600][74.970s][info][gc             ] GC(276) Pause Young (Mixed) (G1 Evacuation Pause) 480M->98M(490M) 8.256ms
[2026-04-03T06:49:08.472+0600][74.970s][info][gc,cpu         ] GC(276) User=0.03s Sys=0.01s Real=0.00s
[2026-04-03T06:49:08.473+0600][74.971s][info][gc,start       ] GC(277) Pause Young (Concurrent Start) (G1 Humongous Allocation)
[2026-04-03T06:49:08.473+0600][74.971s][info][gc,task        ] GC(277) Using 10 workers of 10 for evacuation
[2026-04-03T06:49:08.477+0600][74.975s][info][gc,phases      ] GC(277)   Pre Evacuate Collection Set: 0.36ms
[2026-04-03T06:49:08.477+0600][74.975s][info][gc,phases      ] GC(277)   Merge Heap Roots: 0.11ms
[2026-04-03T06:49:08.477+0600][74.975s][info][gc,phases      ] GC(277)   Evacuate Collection Set: 2.73ms
[2026-04-03T06:49:08.477+0600][74.975s][info][gc,phases      ] GC(277)   Post Evacuate Collection Set: 0.58ms
[2026-04-03T06:49:08.477+0600][74.975s][info][gc,phases      ] GC(277)   Other: 0.12ms
[2026-04-03T06:49:08.477+0600][74.975s][info][gc,heap        ] GC(277) Eden regions: 1->0(144)
[2026-04-03T06:49:08.477+0600][74.975s][info][gc,heap        ] GC(277) Survivor regions: 3->3(19)
[2026-04-03T06:49:08.477+0600][74.975s][info][gc,heap        ] GC(277) Old regions: 44->44
[2026-04-03T06:49:08.477+0600][74.975s][info][gc,heap        ] GC(277) Humongous regions: 3->3
[2026-04-03T06:49:08.477+0600][74.975s][info][gc,metaspace   ] GC(277) Metaspace: 132053K(133440K)->132053K(133440K) NonClass: 115419K(116096K)->115419K(116096K) Class: 16633K(17344K)->16633K(17344K)
[2026-04-03T06:49:08.477+0600][74.975s][info][gc             ] GC(277) Pause Young (Concurrent Start) (G1 Humongous Allocation) 99M->98M(490M) 4.219ms
[2026-04-03T06:49:08.477+0600][74.975s][info][gc             ] GC(278) Concurrent Mark Cycle
[2026-04-03T06:49:08.477+0600][74.976s][info][gc,cpu         ] GC(277) User=0.03s Sys=0.00s Real=0.01s
[2026-04-03T06:49:08.477+0600][74.976s][info][gc,marking     ] GC(278) Concurrent Scan Root Regions
[2026-04-03T06:49:08.482+0600][74.980s][info][gc,marking     ] GC(278) Concurrent Scan Root Regions 4.561ms
[2026-04-03T06:49:08.482+0600][74.980s][info][gc,marking     ] GC(278) Concurrent Mark
[2026-04-03T06:49:08.482+0600][74.980s][info][gc,marking     ] GC(278) Concurrent Mark From Roots
[2026-04-03T06:49:08.482+0600][74.980s][info][gc,task        ] GC(278) Using 3 workers of 3 for marking
[2026-04-03T06:49:08.571+0600][75.070s][info][gc,marking     ] GC(278) Concurrent Mark From Roots 89.512ms
[2026-04-03T06:49:08.571+0600][75.070s][info][gc,marking     ] GC(278) Concurrent Preclean
[2026-04-03T06:49:08.572+0600][75.071s][info][gc,marking     ] GC(278) Concurrent Preclean 0.723ms
[2026-04-03T06:49:08.572+0600][75.071s][info][gc,start       ] GC(278) Pause Remark
[2026-04-03T06:49:08.582+0600][75.081s][info][gc             ] GC(278) Pause Remark 176M->176M(400M) 9.719ms
[2026-04-03T06:49:08.582+0600][75.081s][info][gc,cpu         ] GC(278) User=0.07s Sys=0.00s Real=0.01s
[2026-04-03T06:49:08.583+0600][75.081s][info][gc,marking     ] GC(278) Concurrent Mark 100.866ms
[2026-04-03T06:49:08.583+0600][75.081s][info][gc,marking     ] GC(278) Concurrent Rebuild Remembered Sets and Scrub Regions
[2026-04-03T06:49:08.613+0600][75.112s][info][gc,marking     ] GC(278) Concurrent Rebuild Remembered Sets and Scrub Regions 30.350ms
[2026-04-03T06:49:08.614+0600][75.112s][info][gc,start       ] GC(278) Pause Cleanup
[2026-04-03T06:49:08.614+0600][75.112s][info][gc             ] GC(278) Pause Cleanup 184M->184M(400M) 0.309ms
[2026-04-03T06:49:08.614+0600][75.112s][info][gc,cpu         ] GC(278) User=0.00s Sys=0.00s Real=0.00s
[2026-04-03T06:49:08.614+0600][75.113s][info][gc,marking     ] GC(278) Concurrent Clear Claimed Marks
[2026-04-03T06:49:08.615+0600][75.113s][info][gc,marking     ] GC(278) Concurrent Clear Claimed Marks 0.442ms
[2026-04-03T06:49:08.615+0600][75.113s][info][gc,marking     ] GC(278) Concurrent Cleanup for Next Mark
[2026-04-03T06:49:08.615+0600][75.114s][info][gc,marking     ] GC(278) Concurrent Cleanup for Next Mark 0.766ms
[2026-04-03T06:49:08.616+0600][75.114s][info][gc             ] GC(278) Concurrent Mark Cycle 138.472ms
[2026-04-03T06:49:08.832+0600][75.330s][info][gc,start       ] GC(279) Pause Young (Prepare Mixed) (G1 Evacuation Pause)
[2026-04-03T06:49:08.832+0600][75.330s][info][gc,task        ] GC(279) Using 9 workers of 10 for evacuation
[2026-04-03T06:49:08.839+0600][75.337s][info][gc,phases      ] GC(279)   Pre Evacuate Collection Set: 0.43ms
[2026-04-03T06:49:08.839+0600][75.337s][info][gc,phases      ] GC(279)   Merge Heap Roots: 0.26ms
[2026-04-03T06:49:08.839+0600][75.338s][info][gc,phases      ] GC(279)   Evacuate Collection Set: 5.78ms
[2026-04-03T06:49:08.839+0600][75.338s][info][gc,phases      ] GC(279)   Post Evacuate Collection Set: 0.66ms
[2026-04-03T06:49:08.839+0600][75.338s][info][gc,phases      ] GC(279)   Other: 0.13ms
[2026-04-03T06:49:08.839+0600][75.338s][info][gc,heap        ] GC(279) Eden regions: 102->0(118)
[2026-04-03T06:49:08.839+0600][75.338s][info][gc,heap        ] GC(279) Survivor regions: 3->5(15)
[2026-04-03T06:49:08.839+0600][75.338s][info][gc,heap        ] GC(279) Old regions: 44->45
[2026-04-03T06:49:08.839+0600][75.338s][info][gc,heap        ] GC(279) Humongous regions: 51->3
[2026-04-03T06:49:08.839+0600][75.338s][info][gc,metaspace   ] GC(279) Metaspace: 132062K(133504K)->132062K(133504K) NonClass: 115428K(116160K)->115428K(116160K) Class: 16633K(17344K)->16633K(17344K)
[2026-04-03T06:49:08.839+0600][75.338s][info][gc             ] GC(279) Pause Young (Prepare Mixed) (G1 Evacuation Pause) 398M->101M(412M) 7.639ms
[2026-04-03T06:49:08.839+0600][75.338s][info][gc,cpu         ] GC(279) User=0.04s Sys=0.01s Real=0.01s
[2026-04-03T06:49:09.090+0600][75.589s][info][gc,start       ] GC(280) Pause Young (Mixed) (G1 Evacuation Pause)
[2026-04-03T06:49:09.090+0600][75.589s][info][gc,task        ] GC(280) Using 10 workers of 10 for evacuation
[2026-04-03T06:49:09.096+0600][75.595s][info][gc,phases      ] GC(280)   Pre Evacuate Collection Set: 0.36ms
[2026-04-03T06:49:09.096+0600][75.595s][info][gc,phases      ] GC(280)   Merge Heap Roots: 0.17ms
[2026-04-03T06:49:09.096+0600][75.595s][info][gc,phases      ] GC(280)   Evacuate Collection Set: 4.50ms
[2026-04-03T06:49:09.096+0600][75.595s][info][gc,phases      ] GC(280)   Post Evacuate Collection Set: 0.70ms
[2026-04-03T06:49:09.096+0600][75.595s][info][gc,phases      ] GC(280)   Other: 0.23ms
[2026-04-03T06:49:09.096+0600][75.595s][info][gc,heap        ] GC(280) Eden regions: 98->0(148)
[2026-04-03T06:49:09.096+0600][75.595s][info][gc,heap        ] GC(280) Survivor regions: 5->5(16)
[2026-04-03T06:49:09.096+0600][75.595s][info][gc,heap        ] GC(280) Old regions: 45->44
[2026-04-03T06:49:09.096+0600][75.595s][info][gc,heap        ] GC(280) Humongous regions: 103->12
[2026-04-03T06:49:09.096+0600][75.595s][info][gc,metaspace   ] GC(280) Metaspace: 132066K(133504K)->132066K(133504K) NonClass: 115431K(116160K)->115431K(116160K) Class: 16634K(17344K)->16634K(17344K)
[2026-04-03T06:49:09.096+0600][75.595s][info][gc             ] GC(280) Pause Young (Mixed) (G1 Evacuation Pause) 497M->120M(512M) 6.346ms
[2026-04-03T06:49:09.097+0600][75.595s][info][gc,cpu         ] GC(280) User=0.03s Sys=0.02s Real=0.01s
[2026-04-03T06:49:09.097+0600][75.596s][info][gc,start       ] GC(281) Pause Young (Concurrent Start) (G1 Humongous Allocation)
[2026-04-03T06:49:09.097+0600][75.596s][info][gc,task        ] GC(281) Using 10 workers of 10 for evacuation
[2026-04-03T06:49:09.101+0600][75.600s][info][gc,phases      ] GC(281)   Pre Evacuate Collection Set: 0.30ms
[2026-04-03T06:49:09.101+0600][75.600s][info][gc,phases      ] GC(281)   Merge Heap Roots: 0.11ms
[2026-04-03T06:49:09.101+0600][75.600s][info][gc,phases      ] GC(281)   Evacuate Collection Set: 2.51ms
[2026-04-03T06:49:09.101+0600][75.600s][info][gc,phases      ] GC(281)   Post Evacuate Collection Set: 0.83ms
[2026-04-03T06:49:09.101+0600][75.600s][info][gc,phases      ] GC(281)   Other: 0.28ms
[2026-04-03T06:49:09.101+0600][75.600s][info][gc,heap        ] GC(281) Eden regions: 1->0(179)
[2026-04-03T06:49:09.101+0600][75.600s][info][gc,heap        ] GC(281) Survivor regions: 5->5(20)
[2026-04-03T06:49:09.101+0600][75.600s][info][gc,heap        ] GC(281) Old regions: 44->44
[2026-04-03T06:49:09.101+0600][75.600s][info][gc,heap        ] GC(281) Humongous regions: 12->3
[2026-04-03T06:49:09.101+0600][75.600s][info][gc,metaspace   ] GC(281) Metaspace: 132066K(133504K)->132066K(133504K) NonClass: 115431K(116160K)->115431K(116160K) Class: 16634K(17344K)->16634K(17344K)
[2026-04-03T06:49:09.101+0600][75.600s][info][gc             ] GC(281) Pause Young (Concurrent Start) (G1 Humongous Allocation) 122M->101M(616M) 4.344ms
[2026-04-03T06:49:09.102+0600][75.600s][info][gc             ] GC(282) Concurrent Mark Cycle
[2026-04-03T06:49:09.102+0600][75.600s][info][gc,cpu         ] GC(281) User=0.02s Sys=0.00s Real=0.00s
[2026-04-03T06:49:09.102+0600][75.600s][info][gc,marking     ] GC(282) Concurrent Scan Root Regions
[2026-04-03T06:49:09.107+0600][75.605s][info][gc,marking     ] GC(282) Concurrent Scan Root Regions 5.298ms
[2026-04-03T06:49:09.107+0600][75.605s][info][gc,marking     ] GC(282) Concurrent Mark
[2026-04-03T06:49:09.107+0600][75.605s][info][gc,marking     ] GC(282) Concurrent Mark From Roots
[2026-04-03T06:49:09.107+0600][75.606s][info][gc,task        ] GC(282) Using 3 workers of 3 for marking
[2026-04-03T06:49:09.191+0600][75.690s][info][gc,marking     ] GC(282) Concurrent Mark From Roots 84.313ms
[2026-04-03T06:49:09.191+0600][75.690s][info][gc,marking     ] GC(282) Concurrent Preclean
[2026-04-03T06:49:09.192+0600][75.690s][info][gc,marking     ] GC(282) Concurrent Preclean 0.594ms
[2026-04-03T06:49:09.192+0600][75.691s][info][gc,start       ] GC(282) Pause Remark
[2026-04-03T06:49:09.201+0600][75.699s][info][gc             ] GC(282) Pause Remark 444M->444M(654M) 8.650ms
[2026-04-03T06:49:09.201+0600][75.700s][info][gc,cpu         ] GC(282) User=0.06s Sys=0.00s Real=0.01s
[2026-04-03T06:49:09.201+0600][75.700s][info][gc,marking     ] GC(282) Concurrent Mark 94.189ms
[2026-04-03T06:49:09.201+0600][75.700s][info][gc,marking     ] GC(282) Concurrent Rebuild Remembered Sets and Scrub Regions
[2026-04-03T06:49:09.229+0600][75.728s][info][gc,marking     ] GC(282) Concurrent Rebuild Remembered Sets and Scrub Regions 27.804ms
[2026-04-03T06:49:09.230+0600][75.728s][info][gc,start       ] GC(282) Pause Cleanup
[2026-04-03T06:49:09.230+0600][75.728s][info][gc             ] GC(282) Pause Cleanup 482M->482M(654M) 0.298ms
[2026-04-03T06:49:09.230+0600][75.729s][info][gc,cpu         ] GC(282) User=0.00s Sys=0.00s Real=0.00s
[2026-04-03T06:49:09.230+0600][75.729s][info][gc,marking     ] GC(282) Concurrent Clear Claimed Marks
[2026-04-03T06:49:09.231+0600][75.729s][info][gc,marking     ] GC(282) Concurrent Clear Claimed Marks 0.525ms
[2026-04-03T06:49:09.231+0600][75.729s][info][gc,marking     ] GC(282) Concurrent Cleanup for Next Mark
[2026-04-03T06:49:09.233+0600][75.732s][info][gc,marking     ] GC(282) Concurrent Cleanup for Next Mark 2.619ms
[2026-04-03T06:49:09.234+0600][75.732s][info][gc             ] GC(282) Concurrent Mark Cycle 132.090ms
[2026-04-03T06:49:09.287+0600][75.785s][info][gc,start       ] GC(283) Pause Young (Prepare Mixed) (G1 Evacuation Pause)
[2026-04-03T06:49:09.287+0600][75.785s][info][gc,task        ] GC(283) Using 10 workers of 10 for evacuation
[2026-04-03T06:49:09.291+0600][75.789s][info][gc,phases      ] GC(283)   Pre Evacuate Collection Set: 0.37ms
[2026-04-03T06:49:09.291+0600][75.789s][info][gc,phases      ] GC(283)   Merge Heap Roots: 0.19ms
[2026-04-03T06:49:09.291+0600][75.789s][info][gc,phases      ] GC(283)   Evacuate Collection Set: 2.73ms
[2026-04-03T06:49:09.291+0600][75.789s][info][gc,phases      ] GC(283)   Post Evacuate Collection Set: 0.62ms
[2026-04-03T06:49:09.291+0600][75.789s][info][gc,phases      ] GC(283)   Other: 0.09ms
[2026-04-03T06:49:09.291+0600][75.789s][info][gc,heap        ] GC(283) Eden regions: 38->0(243)
[2026-04-03T06:49:09.291+0600][75.789s][info][gc,heap        ] GC(283) Survivor regions: 5->4(25)
[2026-04-03T06:49:09.291+0600][75.789s][info][gc,heap        ] GC(283) Old regions: 44->44
[2026-04-03T06:49:09.291+0600][75.789s][info][gc,heap        ] GC(283) Humongous regions: 321->12
[2026-04-03T06:49:09.291+0600][75.789s][info][gc,metaspace   ] GC(283) Metaspace: 132066K(133504K)->132066K(133504K) NonClass: 115431K(116160K)->115431K(116160K) Class: 16634K(17344K)->16634K(17344K)
[2026-04-03T06:49:09.291+0600][75.789s][info][gc             ] GC(283) Pause Young (Prepare Mixed) (G1 Evacuation Pause) 813M->117M(824M) 4.280ms
[2026-04-03T06:49:09.291+0600][75.789s][info][gc,cpu         ] GC(283) User=0.02s Sys=0.00s Real=0.00s
[2026-04-03T06:49:10.029+0600][76.528s][info][gc,start       ] GC(284) Pause Young (Mixed) (GCLocker Initiated GC)
[2026-04-03T06:49:10.030+0600][76.528s][info][gc,task        ] GC(284) Using 10 workers of 10 for evacuation
[2026-04-03T06:49:10.037+0600][76.536s][info][gc,phases      ] GC(284)   Pre Evacuate Collection Set: 0.46ms
[2026-04-03T06:49:10.037+0600][76.536s][info][gc,phases      ] GC(284)   Merge Heap Roots: 0.33ms
[2026-04-03T06:49:10.038+0600][76.536s][info][gc,phases      ] GC(284)   Evacuate Collection Set: 6.00ms
[2026-04-03T06:49:10.038+0600][76.536s][info][gc,phases      ] GC(284)   Post Evacuate Collection Set: 0.87ms
[2026-04-03T06:49:10.038+0600][76.536s][info][gc,phases      ] GC(284)   Other: 0.14ms
[2026-04-03T06:49:10.038+0600][76.536s][info][gc,heap        ] GC(284) Eden regions: 208->0(245)
[2026-04-03T06:49:10.038+0600][76.536s][info][gc,heap        ] GC(284) Survivor regions: 4->5(31)
[2026-04-03T06:49:10.038+0600][76.536s][info][gc,heap        ] GC(284) Old regions: 44->44
[2026-04-03T06:49:10.038+0600][76.536s][info][gc,heap        ] GC(284) Humongous regions: 156->3
[2026-04-03T06:49:10.038+0600][76.536s][info][gc,metaspace   ] GC(284) Metaspace: 132078K(133504K)->132078K(133504K) NonClass: 115444K(116160K)->115444K(116160K) Class: 16634K(17344K)->16634K(17344K)
[2026-04-03T06:49:10.038+0600][76.536s][info][gc             ] GC(284) Pause Young (Mixed) (GCLocker Initiated GC) 821M->101M(836M) 8.223ms
[2026-04-03T06:49:10.038+0600][76.536s][info][gc,cpu         ] GC(284) User=0.04s Sys=0.01s Real=0.01s
[2026-04-03T06:49:10.041+0600][76.539s][info][gc,start       ] GC(285) Pause Young (Concurrent Start) (G1 Humongous Allocation)
[2026-04-03T06:49:10.041+0600][76.539s][info][gc,task        ] GC(285) Using 10 workers of 10 for evacuation
[2026-04-03T06:49:10.046+0600][76.545s][info][gc,phases      ] GC(285)   Pre Evacuate Collection Set: 0.43ms
[2026-04-03T06:49:10.046+0600][76.545s][info][gc,phases      ] GC(285)   Merge Heap Roots: 0.14ms
[2026-04-03T06:49:10.046+0600][76.545s][info][gc,phases      ] GC(285)   Evacuate Collection Set: 4.20ms
[2026-04-03T06:49:10.046+0600][76.545s][info][gc,phases      ] GC(285)   Post Evacuate Collection Set: 0.53ms
[2026-04-03T06:49:10.046+0600][76.545s][info][gc,phases      ] GC(285)   Other: 0.14ms
[2026-04-03T06:49:10.046+0600][76.545s][info][gc,heap        ] GC(285) Eden regions: 4->0(245)
[2026-04-03T06:49:10.046+0600][76.545s][info][gc,heap        ] GC(285) Survivor regions: 5->5(32)
[2026-04-03T06:49:10.046+0600][76.545s][info][gc,heap        ] GC(285) Old regions: 44->44
[2026-04-03T06:49:10.046+0600][76.545s][info][gc,heap        ] GC(285) Humongous regions: 3->3
[2026-04-03T06:49:10.046+0600][76.545s][info][gc,metaspace   ] GC(285) Metaspace: 132078K(133504K)->132078K(133504K) NonClass: 115444K(116160K)->115444K(116160K) Class: 16634K(17344K)->16634K(17344K)
[2026-04-03T06:49:10.046+0600][76.545s][info][gc             ] GC(285) Pause Young (Concurrent Start) (G1 Humongous Allocation) 108M->102M(836M) 5.826ms
[2026-04-03T06:49:10.046+0600][76.545s][info][gc             ] GC(286) Concurrent Mark Cycle
[2026-04-03T06:49:10.046+0600][76.545s][info][gc,cpu         ] GC(285) User=0.04s Sys=0.00s Real=0.01s
[2026-04-03T06:49:10.047+0600][76.545s][info][gc,marking     ] GC(286) Concurrent Scan Root Regions
[2026-04-03T06:49:10.052+0600][76.550s][info][gc,marking     ] GC(286) Concurrent Scan Root Regions 5.065ms
[2026-04-03T06:49:10.052+0600][76.550s][info][gc,marking     ] GC(286) Concurrent Mark
[2026-04-03T06:49:10.052+0600][76.550s][info][gc,marking     ] GC(286) Concurrent Mark From Roots
[2026-04-03T06:49:10.052+0600][76.550s][info][gc,task        ] GC(286) Using 3 workers of 3 for marking
[2026-04-03T06:49:10.138+0600][76.636s][info][gc,marking     ] GC(286) Concurrent Mark From Roots 85.764ms
[2026-04-03T06:49:10.138+0600][76.636s][info][gc,marking     ] GC(286) Concurrent Preclean
[2026-04-03T06:49:10.139+0600][76.637s][info][gc,marking     ] GC(286) Concurrent Preclean 0.987ms
[2026-04-03T06:49:10.139+0600][76.638s][info][gc,start       ] GC(286) Pause Remark
[2026-04-03T06:49:10.149+0600][76.647s][info][gc             ] GC(286) Pause Remark 194M->194M(494M) 9.750ms
[2026-04-03T06:49:10.149+0600][76.648s][info][gc,cpu         ] GC(286) User=0.07s Sys=0.01s Real=0.01s
[2026-04-03T06:49:10.149+0600][76.648s][info][gc,marking     ] GC(286) Concurrent Mark 97.445ms
[2026-04-03T06:49:10.149+0600][76.648s][info][gc,marking     ] GC(286) Concurrent Rebuild Remembered Sets and Scrub Regions
[2026-04-03T06:49:10.187+0600][76.685s][info][gc,marking     ] GC(286) Concurrent Rebuild Remembered Sets and Scrub Regions 37.324ms
[2026-04-03T06:49:10.187+0600][76.686s][info][gc,start       ] GC(286) Pause Cleanup
[2026-04-03T06:49:10.188+0600][76.686s][info][gc             ] GC(286) Pause Cleanup 232M->232M(494M) 0.323ms
[2026-04-03T06:49:10.188+0600][76.686s][info][gc,cpu         ] GC(286) User=0.00s Sys=0.00s Real=0.00s
[2026-04-03T06:49:10.188+0600][76.686s][info][gc,marking     ] GC(286) Concurrent Clear Claimed Marks
[2026-04-03T06:49:10.188+0600][76.687s][info][gc,marking     ] GC(286) Concurrent Clear Claimed Marks 0.441ms
[2026-04-03T06:49:10.188+0600][76.687s][info][gc,marking     ] GC(286) Concurrent Cleanup for Next Mark
[2026-04-03T06:49:10.189+0600][76.688s][info][gc,marking     ] GC(286) Concurrent Cleanup for Next Mark 0.976ms
[2026-04-03T06:49:10.189+0600][76.688s][info][gc             ] GC(286) Concurrent Mark Cycle 143.002ms
[2026-04-03T06:49:10.385+0600][76.884s][info][gc,start       ] GC(287) Pause Young (Prepare Mixed) (GCLocker Initiated GC)
[2026-04-03T06:49:10.386+0600][76.884s][info][gc,task        ] GC(287) Using 10 workers of 10 for evacuation
[2026-04-03T06:49:10.394+0600][76.892s][info][gc,phases      ] GC(287)   Pre Evacuate Collection Set: 0.36ms
[2026-04-03T06:49:10.394+0600][76.892s][info][gc,phases      ] GC(287)   Merge Heap Roots: 0.24ms
[2026-04-03T06:49:10.394+0600][76.892s][info][gc,phases      ] GC(287)   Evacuate Collection Set: 6.54ms
[2026-04-03T06:49:10.394+0600][76.892s][info][gc,phases      ] GC(287)   Post Evacuate Collection Set: 0.84ms
[2026-04-03T06:49:10.394+0600][76.892s][info][gc,phases      ] GC(287)   Other: 0.12ms
[2026-04-03T06:49:10.394+0600][76.892s][info][gc,heap        ] GC(287) Eden regions: 106->0(147)
[2026-04-03T06:49:10.394+0600][76.892s][info][gc,heap        ] GC(287) Survivor regions: 5->4(19)
[2026-04-03T06:49:10.394+0600][76.892s][info][gc,heap        ] GC(287) Old regions: 44->45
[2026-04-03T06:49:10.394+0600][76.892s][info][gc,heap        ] GC(287) Humongous regions: 92->3
[2026-04-03T06:49:10.394+0600][76.892s][info][gc,metaspace   ] GC(287) Metaspace: 132078K(133504K)->132078K(133504K) NonClass: 115444K(116160K)->115444K(116160K) Class: 16634K(17344K)->16634K(17344K)
[2026-04-03T06:49:10.394+0600][76.892s][info][gc             ] GC(287) Pause Young (Prepare Mixed) (GCLocker Initiated GC) 492M->100M(504M) 8.494ms
[2026-04-03T06:49:10.394+0600][76.893s][info][gc,cpu         ] GC(287) User=0.03s Sys=0.01s Real=0.01s
[2026-04-03T06:49:10.749+0600][77.247s][info][gc,start       ] GC(288) Pause Young (Mixed) (G1 Evacuation Pause)
[2026-04-03T06:49:10.749+0600][77.247s][info][gc,task        ] GC(288) Using 10 workers of 10 for evacuation
[2026-04-03T06:49:10.754+0600][77.252s][info][gc,phases      ] GC(288)   Pre Evacuate Collection Set: 0.24ms
[2026-04-03T06:49:10.754+0600][77.252s][info][gc,phases      ] GC(288)   Merge Heap Roots: 0.28ms
[2026-04-03T06:49:10.754+0600][77.252s][info][gc,phases      ] GC(288)   Evacuate Collection Set: 3.33ms
[2026-04-03T06:49:10.754+0600][77.252s][info][gc,phases      ] GC(288)   Post Evacuate Collection Set: 0.76ms
[2026-04-03T06:49:10.754+0600][77.252s][info][gc,phases      ] GC(288)   Other: 0.08ms
[2026-04-03T06:49:10.754+0600][77.252s][info][gc,heap        ] GC(288) Eden regions: 116->0(150)
[2026-04-03T06:49:10.754+0600][77.252s][info][gc,heap        ] GC(288) Survivor regions: 4->4(19)
[2026-04-03T06:49:10.754+0600][77.252s][info][gc,heap        ] GC(288) Old regions: 45->44
[2026-04-03T06:49:10.754+0600][77.252s][info][gc,heap        ] GC(288) Humongous regions: 89->3
[2026-04-03T06:49:10.754+0600][77.252s][info][gc,metaspace   ] GC(288) Metaspace: 132079K(133504K)->132079K(133504K) NonClass: 115444K(116160K)->115444K(116160K) Class: 16634K(17344K)->16634K(17344K)
[2026-04-03T06:49:10.754+0600][77.252s][info][gc             ] GC(288) Pause Young (Mixed) (G1 Evacuation Pause) 504M->99M(516M) 4.954ms
[2026-04-03T06:49:10.754+0600][77.252s][info][gc,cpu         ] GC(288) User=0.03s Sys=0.01s Real=0.01s
[2026-04-03T06:49:10.783+0600][77.282s][info][gc,start       ] GC(289) Pause Young (Concurrent Start) (G1 Humongous Allocation)
[2026-04-03T06:49:10.784+0600][77.282s][info][gc,task        ] GC(289) Using 10 workers of 10 for evacuation
[2026-04-03T06:49:10.788+0600][77.287s][info][gc,phases      ] GC(289)   Pre Evacuate Collection Set: 1.58ms
[2026-04-03T06:49:10.788+0600][77.287s][info][gc,phases      ] GC(289)   Merge Heap Roots: 0.14ms
[2026-04-03T06:49:10.788+0600][77.287s][info][gc,phases      ] GC(289)   Evacuate Collection Set: 2.05ms
[2026-04-03T06:49:10.788+0600][77.287s][info][gc,phases      ] GC(289)   Post Evacuate Collection Set: 0.69ms
[2026-04-03T06:49:10.788+0600][77.287s][info][gc,phases      ] GC(289)   Other: 0.28ms
[2026-04-03T06:49:10.788+0600][77.287s][info][gc,heap        ] GC(289) Eden regions: 7->0(151)
[2026-04-03T06:49:10.788+0600][77.287s][info][gc,heap        ] GC(289) Survivor regions: 4->3(20)
[2026-04-03T06:49:10.788+0600][77.287s][info][gc,heap        ] GC(289) Old regions: 44->44
[2026-04-03T06:49:10.788+0600][77.287s][info][gc,heap        ] GC(289) Humongous regions: 3->3
[2026-04-03T06:49:10.788+0600][77.287s][info][gc,metaspace   ] GC(289) Metaspace: 132079K(133504K)->132079K(133504K) NonClass: 115444K(116160K)->115444K(116160K) Class: 16634K(17344K)->16634K(17344K)
[2026-04-03T06:49:10.788+0600][77.287s][info][gc             ] GC(289) Pause Young (Concurrent Start) (G1 Humongous Allocation) 112M->98M(516M) 5.011ms
[2026-04-03T06:49:10.789+0600][77.287s][info][gc             ] GC(290) Concurrent Mark Cycle
[2026-04-03T06:49:10.789+0600][77.287s][info][gc,cpu         ] GC(289) User=0.02s Sys=0.00s Real=0.00s
[2026-04-03T06:49:10.789+0600][77.287s][info][gc,marking     ] GC(290) Concurrent Scan Root Regions
[2026-04-03T06:49:10.792+0600][77.291s][info][gc,marking     ] GC(290) Concurrent Scan Root Regions 3.810ms
[2026-04-03T06:49:10.792+0600][77.291s][info][gc,marking     ] GC(290) Concurrent Mark
[2026-04-03T06:49:10.793+0600][77.291s][info][gc,marking     ] GC(290) Concurrent Mark From Roots
[2026-04-03T06:49:10.793+0600][77.291s][info][gc,task        ] GC(290) Using 3 workers of 3 for marking
[2026-04-03T06:49:10.874+0600][77.372s][info][gc,marking     ] GC(290) Concurrent Mark From Roots 81.009ms
[2026-04-03T06:49:10.874+0600][77.372s][info][gc,marking     ] GC(290) Concurrent Preclean
[2026-04-03T06:49:10.874+0600][77.373s][info][gc,marking     ] GC(290) Concurrent Preclean 0.790ms
[2026-04-03T06:49:10.875+0600][77.373s][info][gc,start       ] GC(290) Pause Remark
[2026-04-03T06:49:10.884+0600][77.383s][info][gc             ] GC(290) Pause Remark 178M->178M(420M) 9.500ms
[2026-04-03T06:49:10.884+0600][77.383s][info][gc,cpu         ] GC(290) User=0.06s Sys=0.00s Real=0.01s
[2026-04-03T06:49:10.886+0600][77.385s][info][gc,marking     ] GC(290) Concurrent Mark 93.887ms
[2026-04-03T06:49:10.886+0600][77.385s][info][gc,marking     ] GC(290) Concurrent Rebuild Remembered Sets and Scrub Regions
[2026-04-03T06:49:10.921+0600][77.420s][info][gc,marking     ] GC(290) Concurrent Rebuild Remembered Sets and Scrub Regions 34.936ms
[2026-04-03T06:49:10.922+0600][77.421s][info][gc,start       ] GC(290) Pause Cleanup
[2026-04-03T06:49:10.923+0600][77.421s][info][gc             ] GC(290) Pause Cleanup 218M->218M(420M) 0.377ms
[2026-04-03T06:49:10.923+0600][77.421s][info][gc,cpu         ] GC(290) User=0.00s Sys=0.00s Real=0.00s
[2026-04-03T06:49:10.923+0600][77.421s][info][gc,marking     ] GC(290) Concurrent Clear Claimed Marks
[2026-04-03T06:49:10.923+0600][77.422s][info][gc,marking     ] GC(290) Concurrent Clear Claimed Marks 0.425ms
[2026-04-03T06:49:10.923+0600][77.422s][info][gc,marking     ] GC(290) Concurrent Cleanup for Next Mark
[2026-04-03T06:49:10.924+0600][77.423s][info][gc,marking     ] GC(290) Concurrent Cleanup for Next Mark 0.825ms
[2026-04-03T06:49:10.924+0600][77.423s][info][gc             ] GC(290) Concurrent Mark Cycle 135.658ms
[2026-04-03T06:49:11.091+0600][77.589s][info][gc,start       ] GC(291) Pause Young (Prepare Mixed) (G1 Evacuation Pause)
[2026-04-03T06:49:11.091+0600][77.590s][info][gc,task        ] GC(291) Using 10 workers of 10 for evacuation
[2026-04-03T06:49:11.099+0600][77.597s][info][gc,phases      ] GC(291)   Pre Evacuate Collection Set: 0.53ms
[2026-04-03T06:49:11.099+0600][77.597s][info][gc,phases      ] GC(291)   Merge Heap Roots: 0.23ms
[2026-04-03T06:49:11.099+0600][77.597s][info][gc,phases      ] GC(291)   Evacuate Collection Set: 5.94ms
[2026-04-03T06:49:11.099+0600][77.597s][info][gc,phases      ] GC(291)   Post Evacuate Collection Set: 0.78ms
[2026-04-03T06:49:11.099+0600][77.597s][info][gc,phases      ] GC(291)   Other: 0.21ms
[2026-04-03T06:49:11.099+0600][77.597s][info][gc,heap        ] GC(291) Eden regions: 122->0(125)
[2026-04-03T06:49:11.099+0600][77.597s][info][gc,heap        ] GC(291) Survivor regions: 3->4(16)
[2026-04-03T06:49:11.099+0600][77.597s][info][gc,heap        ] GC(291) Old regions: 44->45
[2026-04-03T06:49:11.099+0600][77.597s][info][gc,heap        ] GC(291) Humongous regions: 41->3
[2026-04-03T06:49:11.099+0600][77.597s][info][gc,metaspace   ] GC(291) Metaspace: 132079K(133504K)->132079K(133504K) NonClass: 115444K(116160K)->115444K(116160K) Class: 16634K(17344K)->16634K(17344K)
[2026-04-03T06:49:11.099+0600][77.597s][info][gc             ] GC(291) Pause Young (Prepare Mixed) (G1 Evacuation Pause) 418M->101M(430M) 8.047ms
[2026-04-03T06:49:11.099+0600][77.598s][info][gc,cpu         ] GC(291) User=0.04s Sys=0.01s Real=0.01s
[2026-04-03T06:49:11.376+0600][77.875s][info][gc,start       ] GC(292) Pause Young (Mixed) (G1 Evacuation Pause)
[2026-04-03T06:49:11.376+0600][77.875s][info][gc,task        ] GC(292) Using 10 workers of 10 for evacuation
[2026-04-03T06:49:11.383+0600][77.881s][info][gc,phases      ] GC(292)   Pre Evacuate Collection Set: 0.29ms
[2026-04-03T06:49:11.383+0600][77.881s][info][gc,phases      ] GC(292)   Merge Heap Roots: 0.20ms
[2026-04-03T06:49:11.383+0600][77.881s][info][gc,phases      ] GC(292)   Evacuate Collection Set: 4.60ms
[2026-04-03T06:49:11.383+0600][77.881s][info][gc,phases      ] GC(292)   Post Evacuate Collection Set: 0.89ms
[2026-04-03T06:49:11.383+0600][77.881s][info][gc,phases      ] GC(292)   Other: 0.12ms
[2026-04-03T06:49:11.383+0600][77.881s][info][gc,heap        ] GC(292) Eden regions: 118->0(127)
[2026-04-03T06:49:11.383+0600][77.881s][info][gc,heap        ] GC(292) Survivor regions: 4->4(17)
[2026-04-03T06:49:11.383+0600][77.881s][info][gc,heap        ] GC(292) Old regions: 45->44
[2026-04-03T06:49:11.383+0600][77.881s][info][gc,heap        ] GC(292) Humongous regions: 48->3
[2026-04-03T06:49:11.383+0600][77.881s][info][gc,metaspace   ] GC(292) Metaspace: 132079K(133504K)->132079K(133504K) NonClass: 115444K(116160K)->115444K(116160K) Class: 16634K(17344K)->16634K(17344K)
[2026-04-03T06:49:11.383+0600][77.881s][info][gc             ] GC(292) Pause Young (Mixed) (G1 Evacuation Pause) 427M->100M(438M) 6.451ms
[2026-04-03T06:49:11.383+0600][77.881s][info][gc,cpu         ] GC(292) User=0.03s Sys=0.01s Real=0.00s
[2026-04-03T06:49:11.415+0600][77.914s][info][gc,start       ] GC(293) Pause Young (Concurrent Start) (G1 Humongous Allocation)
[2026-04-03T06:49:11.415+0600][77.914s][info][gc,task        ] GC(293) Using 10 workers of 10 for evacuation
[2026-04-03T06:49:11.421+0600][77.919s][info][gc,phases      ] GC(293)   Pre Evacuate Collection Set: 0.45ms
[2026-04-03T06:49:11.421+0600][77.920s][info][gc,phases      ] GC(293)   Merge Heap Roots: 0.21ms
[2026-04-03T06:49:11.421+0600][77.920s][info][gc,phases      ] GC(293)   Evacuate Collection Set: 3.81ms
[2026-04-03T06:49:11.421+0600][77.920s][info][gc,phases      ] GC(293)   Post Evacuate Collection Set: 0.98ms
[2026-04-03T06:49:11.421+0600][77.920s][info][gc,phases      ] GC(293)   Other: 0.14ms
[2026-04-03T06:49:11.421+0600][77.920s][info][gc,heap        ] GC(293) Eden regions: 24->0(170)
[2026-04-03T06:49:11.421+0600][77.920s][info][gc,heap        ] GC(293) Survivor regions: 4->4(17)
[2026-04-03T06:49:11.421+0600][77.920s][info][gc,heap        ] GC(293) Old regions: 44->45
[2026-04-03T06:49:11.421+0600][77.920s][info][gc,heap        ] GC(293) Humongous regions: 3->3
[2026-04-03T06:49:11.421+0600][77.920s][info][gc,metaspace   ] GC(293) Metaspace: 132079K(133504K)->132079K(133504K) NonClass: 115444K(116160K)->115444K(116160K) Class: 16634K(17344K)->16634K(17344K)
[2026-04-03T06:49:11.421+0600][77.920s][info][gc             ] GC(293) Pause Young (Concurrent Start) (G1 Humongous Allocation) 147M->99M(582M) 5.977ms
[2026-04-03T06:49:11.421+0600][77.920s][info][gc             ] GC(294) Concurrent Mark Cycle
[2026-04-03T06:49:11.421+0600][77.920s][info][gc,cpu         ] GC(293) User=0.04s Sys=0.00s Real=0.00s
[2026-04-03T06:49:11.421+0600][77.920s][info][gc,marking     ] GC(294) Concurrent Scan Root Regions
[2026-04-03T06:49:11.427+0600][77.926s][info][gc,marking     ] GC(294) Concurrent Scan Root Regions 5.708ms
[2026-04-03T06:49:11.427+0600][77.926s][info][gc,marking     ] GC(294) Concurrent Mark
[2026-04-03T06:49:11.427+0600][77.926s][info][gc,marking     ] GC(294) Concurrent Mark From Roots
[2026-04-03T06:49:11.427+0600][77.926s][info][gc,task        ] GC(294) Using 3 workers of 3 for marking
[2026-04-03T06:49:11.508+0600][78.006s][info][gc,marking     ] GC(294) Concurrent Mark From Roots 80.444ms
[2026-04-03T06:49:11.508+0600][78.006s][info][gc,marking     ] GC(294) Concurrent Preclean
[2026-04-03T06:49:11.509+0600][78.007s][info][gc,marking     ] GC(294) Concurrent Preclean 0.865ms
[2026-04-03T06:49:11.509+0600][78.007s][info][gc,start       ] GC(294) Pause Remark
[2026-04-03T06:49:11.520+0600][78.018s][info][gc             ] GC(294) Pause Remark 183M->183M(514M) 10.618ms
[2026-04-03T06:49:11.520+0600][78.018s][info][gc,cpu         ] GC(294) User=0.07s Sys=0.00s Real=0.01s
[2026-04-03T06:49:11.520+0600][78.018s][info][gc,marking     ] GC(294) Concurrent Mark 92.757ms
[2026-04-03T06:49:11.520+0600][78.019s][info][gc,marking     ] GC(294) Concurrent Rebuild Remembered Sets and Scrub Regions
[2026-04-03T06:49:11.550+0600][78.048s][info][gc,marking     ] GC(294) Concurrent Rebuild Remembered Sets and Scrub Regions 29.810ms
[2026-04-03T06:49:11.550+0600][78.049s][info][gc,start       ] GC(294) Pause Cleanup
[2026-04-03T06:49:11.551+0600][78.050s][info][gc             ] GC(294) Pause Cleanup 208M->208M(514M) 0.744ms
[2026-04-03T06:49:11.551+0600][78.050s][info][gc,cpu         ] GC(294) User=0.01s Sys=0.00s Real=0.00s
[2026-04-03T06:49:11.551+0600][78.050s][info][gc,marking     ] GC(294) Concurrent Clear Claimed Marks
[2026-04-03T06:49:11.552+0600][78.050s][info][gc,marking     ] GC(294) Concurrent Clear Claimed Marks 0.399ms
[2026-04-03T06:49:11.552+0600][78.050s][info][gc,marking     ] GC(294) Concurrent Cleanup for Next Mark
[2026-04-03T06:49:11.553+0600][78.052s][info][gc,marking     ] GC(294) Concurrent Cleanup for Next Mark 1.238ms
[2026-04-03T06:49:11.553+0600][78.052s][info][gc             ] GC(294) Concurrent Mark Cycle 131.926ms
[2026-04-03T06:49:11.736+0600][78.235s][info][gc,start       ] GC(295) Pause Full (System.gc())
[2026-04-03T06:49:11.736+0600][78.235s][info][gc,task        ] GC(295) Using 10 workers of 10 for full compaction
[2026-04-03T06:49:11.737+0600][78.235s][info][gc,phases,start] GC(295) Phase 1: Mark live objects
[2026-04-03T06:49:11.818+0600][78.316s][info][gc,phases      ] GC(295) Phase 1: Mark live objects 81.401ms
[2026-04-03T06:49:11.818+0600][78.317s][info][gc,phases,start] GC(295) Phase 2: Prepare compaction
[2026-04-03T06:49:11.820+0600][78.319s][info][gc,phases      ] GC(295) Phase 2: Prepare compaction 2.371ms
[2026-04-03T06:49:11.820+0600][78.319s][info][gc,phases,start] GC(295) Phase 3: Adjust pointers
[2026-04-03T06:49:11.842+0600][78.341s][info][gc,phases      ] GC(295) Phase 3: Adjust pointers 21.575ms
[2026-04-03T06:49:11.842+0600][78.341s][info][gc,phases,start] GC(295) Phase 4: Compact heap
[2026-04-03T06:49:11.845+0600][78.343s][info][gc,phases      ] GC(295) Phase 4: Compact heap 2.695ms
[2026-04-03T06:49:11.845+0600][78.343s][info][gc,phases,start] GC(295) Phase 5: Reset Metadata
[2026-04-03T06:49:11.851+0600][78.349s][info][gc,phases      ] GC(295) Phase 5: Reset Metadata 5.848ms
[2026-04-03T06:49:11.866+0600][78.364s][info][gc,heap        ] GC(295) Eden regions: 76->0(100)
[2026-04-03T06:49:11.866+0600][78.364s][info][gc,heap        ] GC(295) Survivor regions: 4->0(17)
[2026-04-03T06:49:11.866+0600][78.364s][info][gc,heap        ] GC(295) Old regions: 45->47
[2026-04-03T06:49:11.866+0600][78.364s][info][gc,heap        ] GC(295) Humongous regions: 69->3
[2026-04-03T06:49:11.866+0600][78.364s][info][gc,metaspace   ] GC(295) Metaspace: 132084K(133504K)->132084K(133504K) NonClass: 115448K(116160K)->115448K(116160K) Class: 16635K(17344K)->16635K(17344K)
[2026-04-03T06:49:11.866+0600][78.364s][info][gc             ] GC(295) Pause Full (System.gc()) 382M->91M(334M) 129.522ms
[2026-04-03T06:49:11.866+0600][78.364s][info][gc,cpu         ] GC(295) User=0.84s Sys=0.06s Real=0.13s
[2026-04-03T06:49:11.883+0600][78.382s][info][gc,start       ] GC(296) Pause Young (Concurrent Start) (G1 Humongous Allocation)
[2026-04-03T06:49:11.883+0600][78.382s][info][gc,task        ] GC(296) Using 9 workers of 10 for evacuation
[2026-04-03T06:49:11.887+0600][78.385s][info][gc,phases      ] GC(296)   Pre Evacuate Collection Set: 0.37ms
[2026-04-03T06:49:11.887+0600][78.385s][info][gc,phases      ] GC(296)   Merge Heap Roots: 0.11ms
[2026-04-03T06:49:11.887+0600][78.385s][info][gc,phases      ] GC(296)   Evacuate Collection Set: 2.15ms
[2026-04-03T06:49:11.887+0600][78.385s][info][gc,phases      ] GC(296)   Post Evacuate Collection Set: 0.59ms
[2026-04-03T06:49:11.887+0600][78.385s][info][gc,phases      ] GC(296)   Other: 0.32ms
[2026-04-03T06:49:11.887+0600][78.386s][info][gc,heap        ] GC(296) Eden regions: 3->0(99)
[2026-04-03T06:49:11.887+0600][78.386s][info][gc,heap        ] GC(296) Survivor regions: 0->1(13)
[2026-04-03T06:49:11.887+0600][78.386s][info][gc,heap        ] GC(296) Old regions: 47->47
[2026-04-03T06:49:11.887+0600][78.386s][info][gc,heap        ] GC(296) Humongous regions: 3->3
[2026-04-03T06:49:11.887+0600][78.386s][info][gc,metaspace   ] GC(296) Metaspace: 132084K(133504K)->132084K(133504K) NonClass: 115448K(116160K)->115448K(116160K) Class: 16635K(17344K)->16635K(17344K)
[2026-04-03T06:49:11.887+0600][78.386s][info][gc             ] GC(296) Pause Young (Concurrent Start) (G1 Humongous Allocation) 97M->93M(334M) 4.029ms
[2026-04-03T06:49:11.887+0600][78.386s][info][gc             ] GC(297) Concurrent Mark Cycle
[2026-04-03T06:49:11.887+0600][78.386s][info][gc,cpu         ] GC(296) User=0.01s Sys=0.00s Real=0.01s
[2026-04-03T06:49:11.888+0600][78.386s][info][gc,marking     ] GC(297) Concurrent Scan Root Regions
[2026-04-03T06:49:11.889+0600][78.388s][info][gc,marking     ] GC(297) Concurrent Scan Root Regions 1.510ms
[2026-04-03T06:49:11.889+0600][78.388s][info][gc,marking     ] GC(297) Concurrent Mark
[2026-04-03T06:49:11.889+0600][78.388s][info][gc,marking     ] GC(297) Concurrent Mark From Roots
[2026-04-03T06:49:11.889+0600][78.388s][info][gc,task        ] GC(297) Using 3 workers of 3 for marking
[2026-04-03T06:49:11.967+0600][78.466s][info][gc,marking     ] GC(297) Concurrent Mark From Roots 77.924ms
[2026-04-03T06:49:11.967+0600][78.466s][info][gc,marking     ] GC(297) Concurrent Preclean
[2026-04-03T06:49:11.968+0600][78.466s][info][gc,marking     ] GC(297) Concurrent Preclean 0.713ms
[2026-04-03T06:49:11.972+0600][78.471s][info][gc,start       ] GC(297) Pause Remark
[2026-04-03T06:49:11.983+0600][78.482s][info][gc             ] GC(297) Pause Remark 124M->124M(334M) 10.635ms
[2026-04-03T06:49:11.983+0600][78.482s][info][gc,cpu         ] GC(297) User=0.07s Sys=0.00s Real=0.02s
[2026-04-03T06:49:11.984+0600][78.482s][info][gc,marking     ] GC(297) Concurrent Mark 94.531ms
[2026-04-03T06:49:11.984+0600][78.482s][info][gc,marking     ] GC(297) Concurrent Rebuild Remembered Sets and Scrub Regions
[2026-04-03T06:49:12.017+0600][78.515s][info][gc,marking     ] GC(297) Concurrent Rebuild Remembered Sets and Scrub Regions 33.130ms
[2026-04-03T06:49:12.017+0600][78.516s][info][gc,start       ] GC(297) Pause Cleanup
[2026-04-03T06:49:12.018+0600][78.516s][info][gc             ] GC(297) Pause Cleanup 150M->150M(334M) 0.344ms
[2026-04-03T06:49:12.018+0600][78.516s][info][gc,cpu         ] GC(297) User=0.00s Sys=0.00s Real=0.00s
[2026-04-03T06:49:12.018+0600][78.517s][info][gc,marking     ] GC(297) Concurrent Clear Claimed Marks
[2026-04-03T06:49:12.019+0600][78.517s][info][gc,marking     ] GC(297) Concurrent Clear Claimed Marks 0.528ms
[2026-04-03T06:49:12.019+0600][78.517s][info][gc,marking     ] GC(297) Concurrent Cleanup for Next Mark
[2026-04-03T06:49:12.019+0600][78.518s][info][gc,marking     ] GC(297) Concurrent Cleanup for Next Mark 0.603ms
[2026-04-03T06:49:12.019+0600][78.518s][info][gc             ] GC(297) Concurrent Mark Cycle 131.854ms
[2026-04-03T06:49:12.093+0600][78.592s][info][gc,start       ] GC(298) Pause Young (Prepare Mixed) (G1 Evacuation Pause)
[2026-04-03T06:49:12.093+0600][78.592s][info][gc,task        ] GC(298) Using 10 workers of 10 for evacuation
[2026-04-03T06:49:12.097+0600][78.596s][info][gc,phases      ] GC(298)   Pre Evacuate Collection Set: 0.28ms
[2026-04-03T06:49:12.098+0600][78.596s][info][gc,phases      ] GC(298)   Merge Heap Roots: 0.15ms
[2026-04-03T06:49:12.098+0600][78.596s][info][gc,phases      ] GC(298)   Evacuate Collection Set: 2.81ms
[2026-04-03T06:49:12.098+0600][78.596s][info][gc,phases      ] GC(298)   Post Evacuate Collection Set: 0.72ms
[2026-04-03T06:49:12.098+0600][78.596s][info][gc,phases      ] GC(298)   Other: 0.09ms
[2026-04-03T06:49:12.098+0600][78.596s][info][gc,heap        ] GC(298) Eden regions: 29->0(151)
[2026-04-03T06:49:12.098+0600][78.596s][info][gc,heap        ] GC(298) Survivor regions: 1->3(13)
[2026-04-03T06:49:12.098+0600][78.596s][info][gc,heap        ] GC(298) Old regions: 47->47
[2026-04-03T06:49:12.098+0600][78.596s][info][gc,heap        ] GC(298) Humongous regions: 177->12
[2026-04-03T06:49:12.098+0600][78.596s][info][gc,metaspace   ] GC(298) Metaspace: 132085K(133504K)->132085K(133504K) NonClass: 115450K(116160K)->115450K(116160K) Class: 16635K(17344K)->16635K(17344K)
[2026-04-03T06:49:12.098+0600][78.596s][info][gc             ] GC(298) Pause Young (Prepare Mixed) (G1 Evacuation Pause) 499M->114M(514M) 4.428ms
[2026-04-03T06:49:12.098+0600][78.596s][info][gc,cpu         ] GC(298) User=0.01s Sys=0.01s Real=0.00s
[2026-04-03T06:49:12.254+0600][78.753s][info][gc,start       ] GC(299) Pause Young (Mixed) (G1 Evacuation Pause)
[2026-04-03T06:49:12.254+0600][78.753s][info][gc,task        ] GC(299) Using 10 workers of 10 for evacuation
[2026-04-03T06:49:12.257+0600][78.755s][info][gc,phases      ] GC(299)   Pre Evacuate Collection Set: 0.35ms
[2026-04-03T06:49:12.257+0600][78.755s][info][gc,phases      ] GC(299)   Merge Heap Roots: 0.18ms
[2026-04-03T06:49:12.257+0600][78.755s][info][gc,phases      ] GC(299)   Evacuate Collection Set: 1.20ms
[2026-04-03T06:49:12.257+0600][78.755s][info][gc,phases      ] GC(299)   Post Evacuate Collection Set: 0.78ms
[2026-04-03T06:49:12.257+0600][78.755s][info][gc,phases      ] GC(299)   Other: 0.09ms
[2026-04-03T06:49:12.257+0600][78.755s][info][gc,heap        ] GC(299) Eden regions: 32->0(208)
[2026-04-03T06:49:12.257+0600][78.755s][info][gc,heap        ] GC(299) Survivor regions: 3->1(22)
[2026-04-03T06:49:12.257+0600][78.755s][info][gc,heap        ] GC(299) Old regions: 47->46
[2026-04-03T06:49:12.257+0600][78.755s][info][gc,heap        ] GC(299) Humongous regions: 265->3
[2026-04-03T06:49:12.257+0600][78.755s][info][gc,metaspace   ] GC(299) Metaspace: 132087K(133504K)->132087K(133504K) NonClass: 115452K(116160K)->115452K(116160K) Class: 16635K(17344K)->16635K(17344K)
[2026-04-03T06:49:12.257+0600][78.756s][info][gc             ] GC(299) Pause Young (Mixed) (G1 Evacuation Pause) 684M->93M(698M) 2.905ms
[2026-04-03T06:49:12.257+0600][78.756s][info][gc,cpu         ] GC(299) User=0.01s Sys=0.00s Real=0.00s
[2026-04-03T06:49:12.276+0600][78.774s][info][gc,start       ] GC(300) Pause Young (Concurrent Start) (G1 Humongous Allocation)
[2026-04-03T06:49:12.276+0600][78.774s][info][gc,task        ] GC(300) Using 10 workers of 10 for evacuation
[2026-04-03T06:49:12.279+0600][78.777s][info][gc,phases      ] GC(300)   Pre Evacuate Collection Set: 0.58ms
[2026-04-03T06:49:12.279+0600][78.778s][info][gc,phases      ] GC(300)   Merge Heap Roots: 0.11ms
[2026-04-03T06:49:12.279+0600][78.778s][info][gc,phases      ] GC(300)   Evacuate Collection Set: 1.76ms
[2026-04-03T06:49:12.279+0600][78.778s][info][gc,phases      ] GC(300)   Post Evacuate Collection Set: 0.63ms
[2026-04-03T06:49:12.279+0600][78.778s][info][gc,phases      ] GC(300)   Other: 0.16ms
[2026-04-03T06:49:12.279+0600][78.778s][info][gc,heap        ] GC(300) Eden regions: 22->0(207)
[2026-04-03T06:49:12.279+0600][78.778s][info][gc,heap        ] GC(300) Survivor regions: 1->2(27)
[2026-04-03T06:49:12.279+0600][78.778s][info][gc,heap        ] GC(300) Old regions: 46->46
[2026-04-03T06:49:12.279+0600][78.778s][info][gc,heap        ] GC(300) Humongous regions: 3->3
[2026-04-03T06:49:12.279+0600][78.778s][info][gc,metaspace   ] GC(300) Metaspace: 132087K(133504K)->132087K(133504K) NonClass: 115452K(116160K)->115452K(116160K) Class: 16635K(17344K)->16635K(17344K)
[2026-04-03T06:49:12.279+0600][78.778s][info][gc             ] GC(300) Pause Young (Concurrent Start) (G1 Humongous Allocation) 137M->95M(698M) 3.604ms
[2026-04-03T06:49:12.279+0600][78.778s][info][gc             ] GC(301) Concurrent Mark Cycle
[2026-04-03T06:49:12.279+0600][78.778s][info][gc,marking     ] GC(301) Concurrent Scan Root Regions
[2026-04-03T06:49:12.279+0600][78.778s][info][gc,cpu         ] GC(300) User=0.02s Sys=0.00s Real=0.00s
[2026-04-03T06:49:12.282+0600][78.781s][info][gc,marking     ] GC(301) Concurrent Scan Root Regions 2.949ms
[2026-04-03T06:49:12.282+0600][78.781s][info][gc,marking     ] GC(301) Concurrent Mark
[2026-04-03T06:49:12.283+0600][78.781s][info][gc,marking     ] GC(301) Concurrent Mark From Roots
[2026-04-03T06:49:12.283+0600][78.781s][info][gc,task        ] GC(301) Using 3 workers of 3 for marking
[2026-04-03T06:49:12.351+0600][78.849s][info][gc,marking     ] GC(301) Concurrent Mark From Roots 68.224ms
[2026-04-03T06:49:12.351+0600][78.849s][info][gc,marking     ] GC(301) Concurrent Preclean
[2026-04-03T06:49:12.352+0600][78.850s][info][gc,marking     ] GC(301) Concurrent Preclean 1.071ms
[2026-04-03T06:49:12.352+0600][78.851s][info][gc,start       ] GC(301) Pause Remark
[2026-04-03T06:49:12.361+0600][78.860s][info][gc             ] GC(301) Pause Remark 165M->165M(468M) 8.975ms
[2026-04-03T06:49:12.361+0600][78.860s][info][gc,cpu         ] GC(301) User=0.06s Sys=0.00s Real=0.01s
[2026-04-03T06:49:12.362+0600][78.860s][info][gc,marking     ] GC(301) Concurrent Mark 79.034ms
[2026-04-03T06:49:12.362+0600][78.860s][info][gc,marking     ] GC(301) Concurrent Rebuild Remembered Sets and Scrub Regions
[2026-04-03T06:49:12.395+0600][78.894s][info][gc,marking     ] GC(301) Concurrent Rebuild Remembered Sets and Scrub Regions 33.761ms
[2026-04-03T06:49:12.396+0600][78.894s][info][gc,start       ] GC(301) Pause Cleanup
[2026-04-03T06:49:12.396+0600][78.895s][info][gc             ] GC(301) Pause Cleanup 188M->188M(468M) 0.363ms
[2026-04-03T06:49:12.396+0600][78.895s][info][gc,cpu         ] GC(301) User=0.01s Sys=0.00s Real=0.00s
[2026-04-03T06:49:12.396+0600][78.895s][info][gc,marking     ] GC(301) Concurrent Clear Claimed Marks
[2026-04-03T06:49:12.397+0600][78.895s][info][gc,marking     ] GC(301) Concurrent Clear Claimed Marks 0.344ms
[2026-04-03T06:49:12.397+0600][78.895s][info][gc,marking     ] GC(301) Concurrent Cleanup for Next Mark
[2026-04-03T06:49:12.399+0600][78.897s][info][gc,marking     ] GC(301) Concurrent Cleanup for Next Mark 1.939ms
[2026-04-03T06:49:12.399+0600][78.897s][info][gc             ] GC(301) Concurrent Mark Cycle 119.505ms
[2026-04-03T06:49:12.882+0600][79.381s][info][gc,start       ] GC(302) Pause Young (Prepare Mixed) (G1 Evacuation Pause)
[2026-04-03T06:49:12.882+0600][79.381s][info][gc,task        ] GC(302) Using 10 workers of 10 for evacuation
[2026-04-03T06:49:12.888+0600][79.386s][info][gc,phases      ] GC(302)   Pre Evacuate Collection Set: 0.39ms
[2026-04-03T06:49:12.888+0600][79.386s][info][gc,phases      ] GC(302)   Merge Heap Roots: 0.17ms
[2026-04-03T06:49:12.888+0600][79.386s][info][gc,phases      ] GC(302)   Evacuate Collection Set: 4.07ms
[2026-04-03T06:49:12.888+0600][79.386s][info][gc,phases      ] GC(302)   Post Evacuate Collection Set: 0.89ms
[2026-04-03T06:49:12.888+0600][79.386s][info][gc,phases      ] GC(302)   Other: 0.13ms
[2026-04-03T06:49:12.888+0600][79.387s][info][gc,heap        ] GC(302) Eden regions: 122->0(139)
[2026-04-03T06:49:12.888+0600][79.387s][info][gc,heap        ] GC(302) Survivor regions: 2->3(18)
[2026-04-03T06:49:12.888+0600][79.387s][info][gc,heap        ] GC(302) Old regions: 46->46
[2026-04-03T06:49:12.888+0600][79.387s][info][gc,heap        ] GC(302) Humongous regions: 64->3
[2026-04-03T06:49:12.888+0600][79.387s][info][gc,metaspace   ] GC(302) Metaspace: 132094K(133504K)->132094K(133504K) NonClass: 115459K(116160K)->115459K(116160K) Class: 16635K(17344K)->16635K(17344K)
[2026-04-03T06:49:12.888+0600][79.387s][info][gc             ] GC(302) Pause Young (Prepare Mixed) (G1 Evacuation Pause) 461M->97M(474M) 6.064ms
[2026-04-03T06:49:12.888+0600][79.387s][info][gc,cpu         ] GC(302) User=0.02s Sys=0.02s Real=0.01s
[2026-04-03T06:49:13.148+0600][79.646s][info][gc,start       ] GC(303) Pause Young (Mixed) (G1 Evacuation Pause)
[2026-04-03T06:49:13.148+0600][79.646s][info][gc,task        ] GC(303) Using 10 workers of 10 for evacuation
[2026-04-03T06:49:13.152+0600][79.650s][info][gc,phases      ] GC(303)   Pre Evacuate Collection Set: 0.26ms
[2026-04-03T06:49:13.152+0600][79.650s][info][gc,phases      ] GC(303)   Merge Heap Roots: 0.32ms
[2026-04-03T06:49:13.152+0600][79.650s][info][gc,phases      ] GC(303)   Evacuate Collection Set: 2.67ms
[2026-04-03T06:49:13.152+0600][79.650s][info][gc,phases      ] GC(303)   Post Evacuate Collection Set: 0.49ms
[2026-04-03T06:49:13.152+0600][79.650s][info][gc,phases      ] GC(303)   Other: 0.10ms
[2026-04-03T06:49:13.152+0600][79.650s][info][gc,heap        ] GC(303) Eden regions: 97->0(141)
[2026-04-03T06:49:13.152+0600][79.650s][info][gc,heap        ] GC(303) Survivor regions: 3->3(18)
[2026-04-03T06:49:13.152+0600][79.650s][info][gc,heap        ] GC(303) Old regions: 46->46
[2026-04-03T06:49:13.152+0600][79.650s][info][gc,heap        ] GC(303) Humongous regions: 91->3
[2026-04-03T06:49:13.152+0600][79.650s][info][gc,metaspace   ] GC(303) Metaspace: 132094K(133504K)->132094K(133504K) NonClass: 115459K(116160K)->115459K(116160K) Class: 16635K(17344K)->16635K(17344K)
[2026-04-03T06:49:13.152+0600][79.650s][info][gc             ] GC(303) Pause Young (Mixed) (G1 Evacuation Pause) 467M->96M(482M) 4.128ms
[2026-04-03T06:49:13.152+0600][79.650s][info][gc,cpu         ] GC(303) User=0.02s Sys=0.01s Real=0.00s
[2026-04-03T06:49:13.167+0600][79.666s][info][gc,start       ] GC(304) Pause Young (Concurrent Start) (G1 Humongous Allocation)
[2026-04-03T06:49:13.168+0600][79.666s][info][gc,task        ] GC(304) Using 10 workers of 10 for evacuation
[2026-04-03T06:49:13.172+0600][79.670s][info][gc,phases      ] GC(304)   Pre Evacuate Collection Set: 0.59ms
[2026-04-03T06:49:13.172+0600][79.670s][info][gc,phases      ] GC(304)   Merge Heap Roots: 0.15ms
[2026-04-03T06:49:13.172+0600][79.670s][info][gc,phases      ] GC(304)   Evacuate Collection Set: 2.50ms
[2026-04-03T06:49:13.172+0600][79.670s][info][gc,phases      ] GC(304)   Post Evacuate Collection Set: 0.71ms
[2026-04-03T06:49:13.172+0600][79.670s][info][gc,phases      ] GC(304)   Other: 0.12ms
[2026-04-03T06:49:13.172+0600][79.670s][info][gc,heap        ] GC(304) Eden regions: 12->0(140)
[2026-04-03T06:49:13.172+0600][79.670s][info][gc,heap        ] GC(304) Survivor regions: 3->4(18)
[2026-04-03T06:49:13.172+0600][79.670s][info][gc,heap        ] GC(304) Old regions: 46->46
[2026-04-03T06:49:13.172+0600][79.670s][info][gc,heap        ] GC(304) Humongous regions: 3->3
[2026-04-03T06:49:13.172+0600][79.670s][info][gc,metaspace   ] GC(304) Metaspace: 132094K(133504K)->132094K(133504K) NonClass: 115459K(116160K)->115459K(116160K) Class: 16635K(17344K)->16635K(17344K)
[2026-04-03T06:49:13.172+0600][79.670s][info][gc             ] GC(304) Pause Young (Concurrent Start) (G1 Humongous Allocation) 120M->98M(482M) 4.439ms
[2026-04-03T06:49:13.172+0600][79.670s][info][gc             ] GC(305) Concurrent Mark Cycle
[2026-04-03T06:49:13.172+0600][79.671s][info][gc,marking     ] GC(305) Concurrent Scan Root Regions
[2026-04-03T06:49:13.172+0600][79.670s][info][gc,cpu         ] GC(304) User=0.03s Sys=0.00s Real=0.00s
[2026-04-03T06:49:13.176+0600][79.674s][info][gc,marking     ] GC(305) Concurrent Scan Root Regions 3.749ms
[2026-04-03T06:49:13.176+0600][79.674s][info][gc,marking     ] GC(305) Concurrent Mark
[2026-04-03T06:49:13.176+0600][79.674s][info][gc,marking     ] GC(305) Concurrent Mark From Roots
[2026-04-03T06:49:13.176+0600][79.674s][info][gc,task        ] GC(305) Using 3 workers of 3 for marking
[2026-04-03T06:49:13.252+0600][79.750s][info][gc,marking     ] GC(305) Concurrent Mark From Roots 75.872ms
[2026-04-03T06:49:13.252+0600][79.750s][info][gc,marking     ] GC(305) Concurrent Preclean
[2026-04-03T06:49:13.253+0600][79.751s][info][gc,marking     ] GC(305) Concurrent Preclean 0.996ms
[2026-04-03T06:49:13.256+0600][79.754s][info][gc,start       ] GC(305) Pause Remark
[2026-04-03T06:49:13.264+0600][79.763s][info][gc             ] GC(305) Pause Remark 178M->178M(482M) 8.792ms
[2026-04-03T06:49:13.265+0600][79.763s][info][gc,cpu         ] GC(305) User=0.06s Sys=0.01s Real=0.01s
[2026-04-03T06:49:13.265+0600][79.763s][info][gc,marking     ] GC(305) Concurrent Mark 88.818ms
[2026-04-03T06:49:13.265+0600][79.763s][info][gc,marking     ] GC(305) Concurrent Rebuild Remembered Sets and Scrub Regions
[2026-04-03T06:49:13.310+0600][79.808s][info][gc,marking     ] GC(305) Concurrent Rebuild Remembered Sets and Scrub Regions 44.774ms
[2026-04-03T06:49:13.310+0600][79.808s][info][gc,start       ] GC(305) Pause Cleanup
[2026-04-03T06:49:13.310+0600][79.809s][info][gc             ] GC(305) Pause Cleanup 218M->218M(482M) 0.470ms
[2026-04-03T06:49:13.310+0600][79.809s][info][gc,cpu         ] GC(305) User=0.00s Sys=0.00s Real=0.00s
[2026-04-03T06:49:13.311+0600][79.809s][info][gc,marking     ] GC(305) Concurrent Clear Claimed Marks
[2026-04-03T06:49:13.311+0600][79.810s][info][gc,marking     ] GC(305) Concurrent Clear Claimed Marks 0.441ms
[2026-04-03T06:49:13.311+0600][79.810s][info][gc,marking     ] GC(305) Concurrent Cleanup for Next Mark
[2026-04-03T06:49:13.312+0600][79.811s][info][gc,marking     ] GC(305) Concurrent Cleanup for Next Mark 0.836ms
[2026-04-03T06:49:13.312+0600][79.811s][info][gc             ] GC(305) Concurrent Mark Cycle 140.186ms
[2026-04-03T06:49:13.539+0600][80.037s][info][gc,start       ] GC(306) Pause Young (Prepare Mixed) (G1 Evacuation Pause)
[2026-04-03T06:49:13.539+0600][80.038s][info][gc,task        ] GC(306) Using 10 workers of 10 for evacuation
[2026-04-03T06:49:13.544+0600][80.043s][info][gc,phases      ] GC(306)   Pre Evacuate Collection Set: 0.46ms
[2026-04-03T06:49:13.545+0600][80.043s][info][gc,phases      ] GC(306)   Merge Heap Roots: 0.24ms
[2026-04-03T06:49:13.545+0600][80.043s][info][gc,phases      ] GC(306)   Evacuate Collection Set: 3.64ms
[2026-04-03T06:49:13.545+0600][80.043s][info][gc,phases      ] GC(306)   Post Evacuate Collection Set: 0.77ms
[2026-04-03T06:49:13.545+0600][80.043s][info][gc,phases      ] GC(306)   Other: 0.17ms
[2026-04-03T06:49:13.545+0600][80.043s][info][gc,heap        ] GC(306) Eden regions: 100->0(143)
[2026-04-03T06:49:13.545+0600][80.043s][info][gc,heap        ] GC(306) Survivor regions: 4->3(18)
[2026-04-03T06:49:13.545+0600][80.043s][info][gc,heap        ] GC(306) Old regions: 46->46
[2026-04-03T06:49:13.545+0600][80.043s][info][gc,heap        ] GC(306) Humongous regions: 91->3
[2026-04-03T06:49:13.545+0600][80.043s][info][gc,metaspace   ] GC(306) Metaspace: 132097K(133504K)->132097K(133504K) NonClass: 115462K(116160K)->115462K(116160K) Class: 16635K(17344K)->16635K(17344K)
[2026-04-03T06:49:13.545+0600][80.043s][info][gc             ] GC(306) Pause Young (Prepare Mixed) (G1 Evacuation Pause) 474M->97M(488M) 5.719ms
[2026-04-03T06:49:13.545+0600][80.043s][info][gc,cpu         ] GC(306) User=0.03s Sys=0.02s Real=0.01s
[2026-04-03T06:49:14.099+0600][80.597s][info][gc,start       ] GC(307) Pause Young (Mixed) (G1 Evacuation Pause)
[2026-04-03T06:49:14.099+0600][80.597s][info][gc,task        ] GC(307) Using 10 workers of 10 for evacuation
[2026-04-03T06:49:14.103+0600][80.601s][info][gc,phases      ] GC(307)   Pre Evacuate Collection Set: 0.38ms
[2026-04-03T06:49:14.103+0600][80.601s][info][gc,phases      ] GC(307)   Merge Heap Roots: 0.20ms
[2026-04-03T06:49:14.103+0600][80.601s][info][gc,phases      ] GC(307)   Evacuate Collection Set: 2.47ms
[2026-04-03T06:49:14.103+0600][80.601s][info][gc,phases      ] GC(307)   Post Evacuate Collection Set: 0.61ms
[2026-04-03T06:49:14.103+0600][80.601s][info][gc,phases      ] GC(307)   Other: 0.09ms
[2026-04-03T06:49:14.103+0600][80.601s][info][gc,heap        ] GC(307) Eden regions: 134->0(145)
[2026-04-03T06:49:14.103+0600][80.601s][info][gc,heap        ] GC(307) Survivor regions: 3->3(19)
[2026-04-03T06:49:14.103+0600][80.601s][info][gc,heap        ] GC(307) Old regions: 46->45
[2026-04-03T06:49:14.103+0600][80.601s][info][gc,heap        ] GC(307) Humongous regions: 61->3
[2026-04-03T06:49:14.103+0600][80.601s][info][gc,metaspace   ] GC(307) Metaspace: 132115K(133504K)->132115K(133504K) NonClass: 115480K(116160K)->115480K(116160K) Class: 16635K(17344K)->16635K(17344K)
[2026-04-03T06:49:14.103+0600][80.601s][info][gc             ] GC(307) Pause Young (Mixed) (G1 Evacuation Pause) 481M->96M(494M) 4.071ms
[2026-04-03T06:49:14.103+0600][80.601s][info][gc,cpu         ] GC(307) User=0.02s Sys=0.01s Real=0.00s
[2026-04-03T06:49:14.134+0600][80.632s][info][gc,start       ] GC(308) Pause Young (Concurrent Start) (G1 Humongous Allocation)
[2026-04-03T06:49:14.134+0600][80.632s][info][gc,task        ] GC(308) Using 10 workers of 10 for evacuation
[2026-04-03T06:49:14.139+0600][80.638s][info][gc,phases      ] GC(308)   Pre Evacuate Collection Set: 0.36ms
[2026-04-03T06:49:14.139+0600][80.638s][info][gc,phases      ] GC(308)   Merge Heap Roots: 0.13ms
[2026-04-03T06:49:14.139+0600][80.638s][info][gc,phases      ] GC(308)   Evacuate Collection Set: 1.65ms
[2026-04-03T06:49:14.140+0600][80.638s][info][gc,phases      ] GC(308)   Post Evacuate Collection Set: 3.09ms
[2026-04-03T06:49:14.140+0600][80.638s][info][gc,phases      ] GC(308)   Other: 0.29ms
[2026-04-03T06:49:14.140+0600][80.638s][info][gc,heap        ] GC(308) Eden regions: 7->0(146)
[2026-04-03T06:49:14.140+0600][80.638s][info][gc,heap        ] GC(308) Survivor regions: 3->2(19)
[2026-04-03T06:49:14.140+0600][80.638s][info][gc,heap        ] GC(308) Old regions: 45->45
[2026-04-03T06:49:14.140+0600][80.638s][info][gc,heap        ] GC(308) Humongous regions: 3->3
[2026-04-03T06:49:14.140+0600][80.638s][info][gc,metaspace   ] GC(308) Metaspace: 132115K(133504K)->132115K(133504K) NonClass: 115480K(116160K)->115480K(116160K) Class: 16635K(17344K)->16635K(17344K)
[2026-04-03T06:49:14.140+0600][80.638s][info][gc             ] GC(308) Pause Young (Concurrent Start) (G1 Humongous Allocation) 109M->95M(494M) 5.857ms
[2026-04-03T06:49:14.140+0600][80.638s][info][gc             ] GC(309) Concurrent Mark Cycle
[2026-04-03T06:49:14.140+0600][80.638s][info][gc,marking     ] GC(309) Concurrent Scan Root Regions
[2026-04-03T06:49:14.140+0600][80.638s][info][gc,cpu         ] GC(308) User=0.02s Sys=0.00s Real=0.00s
[2026-04-03T06:49:14.142+0600][80.641s][info][gc,marking     ] GC(309) Concurrent Scan Root Regions 2.398ms
[2026-04-03T06:49:14.142+0600][80.641s][info][gc,marking     ] GC(309) Concurrent Mark
[2026-04-03T06:49:14.142+0600][80.641s][info][gc,marking     ] GC(309) Concurrent Mark From Roots
[2026-04-03T06:49:14.142+0600][80.641s][info][gc,task        ] GC(309) Using 3 workers of 3 for marking
[2026-04-03T06:49:14.237+0600][80.736s][info][gc,marking     ] GC(309) Concurrent Mark From Roots 95.153ms
[2026-04-03T06:49:14.238+0600][80.736s][info][gc,marking     ] GC(309) Concurrent Preclean
[2026-04-03T06:49:14.239+0600][80.737s][info][gc,marking     ] GC(309) Concurrent Preclean 0.980ms
[2026-04-03T06:49:14.239+0600][80.737s][info][gc,start       ] GC(309) Pause Remark
[2026-04-03T06:49:14.249+0600][80.748s][info][gc             ] GC(309) Pause Remark 193M->193M(494M) 10.727ms
[2026-04-03T06:49:14.250+0600][80.748s][info][gc,cpu         ] GC(309) User=0.09s Sys=0.00s Real=0.01s
[2026-04-03T06:49:14.250+0600][80.748s][info][gc,marking     ] GC(309) Concurrent Mark 107.619ms
[2026-04-03T06:49:14.250+0600][80.748s][info][gc,marking     ] GC(309) Concurrent Rebuild Remembered Sets and Scrub Regions
[2026-04-03T06:49:14.287+0600][80.786s][info][gc,marking     ] GC(309) Concurrent Rebuild Remembered Sets and Scrub Regions 37.316ms
[2026-04-03T06:49:14.288+0600][80.786s][info][gc,start       ] GC(309) Pause Cleanup
[2026-04-03T06:49:14.288+0600][80.786s][info][gc             ] GC(309) Pause Cleanup 222M->222M(494M) 0.404ms
[2026-04-03T06:49:14.288+0600][80.787s][info][gc,cpu         ] GC(309) User=0.00s Sys=0.00s Real=0.00s
[2026-04-03T06:49:14.288+0600][80.787s][info][gc,marking     ] GC(309) Concurrent Clear Claimed Marks
[2026-04-03T06:49:14.289+0600][80.787s][info][gc,marking     ] GC(309) Concurrent Clear Claimed Marks 0.429ms
[2026-04-03T06:49:14.289+0600][80.787s][info][gc,marking     ] GC(309) Concurrent Cleanup for Next Mark
[2026-04-03T06:49:14.290+0600][80.789s][info][gc,marking     ] GC(309) Concurrent Cleanup for Next Mark 1.323ms
[2026-04-03T06:49:14.290+0600][80.789s][info][gc             ] GC(309) Concurrent Mark Cycle 150.467ms
[2026-04-03T06:49:14.505+0600][81.003s][info][gc,start       ] GC(310) Pause Young (Prepare Mixed) (GCLocker Initiated GC)
[2026-04-03T06:49:14.505+0600][81.003s][info][gc,task        ] GC(310) Using 10 workers of 10 for evacuation
[2026-04-03T06:49:14.511+0600][81.010s][info][gc,phases      ] GC(310)   Pre Evacuate Collection Set: 0.56ms
[2026-04-03T06:49:14.512+0600][81.010s][info][gc,phases      ] GC(310)   Merge Heap Roots: 0.24ms
[2026-04-03T06:49:14.512+0600][81.010s][info][gc,phases      ] GC(310)   Evacuate Collection Set: 4.76ms
[2026-04-03T06:49:14.512+0600][81.010s][info][gc,phases      ] GC(310)   Post Evacuate Collection Set: 1.02ms
[2026-04-03T06:49:14.512+0600][81.010s][info][gc,phases      ] GC(310)   Other: 0.13ms
[2026-04-03T06:49:14.512+0600][81.010s][info][gc,heap        ] GC(310) Eden regions: 106->0(177)
[2026-04-03T06:49:14.512+0600][81.010s][info][gc,heap        ] GC(310) Survivor regions: 2->4(19)
[2026-04-03T06:49:14.512+0600][81.010s][info][gc,heap        ] GC(310) Old regions: 45->45
[2026-04-03T06:49:14.512+0600][81.010s][info][gc,heap        ] GC(310) Humongous regions: 95->4
[2026-04-03T06:49:14.512+0600][81.010s][info][gc,metaspace   ] GC(310) Metaspace: 132115K(133504K)->132115K(133504K) NonClass: 115480K(116160K)->115480K(116160K) Class: 16635K(17344K)->16635K(17344K)
[2026-04-03T06:49:14.512+0600][81.010s][info][gc             ] GC(310) Pause Young (Prepare Mixed) (GCLocker Initiated GC) 491M->100M(606M) 7.098ms
[2026-04-03T06:49:14.512+0600][81.010s][info][gc,cpu         ] GC(310) User=0.03s Sys=0.02s Real=0.00s
[2026-04-03T06:49:14.930+0600][81.428s][info][gc,start       ] GC(311) Pause Young (Mixed) (G1 Evacuation Pause)
[2026-04-03T06:49:14.930+0600][81.428s][info][gc,task        ] GC(311) Using 10 workers of 10 for evacuation
[2026-04-03T06:49:14.939+0600][81.437s][info][gc,phases      ] GC(311)   Pre Evacuate Collection Set: 0.35ms
[2026-04-03T06:49:14.939+0600][81.437s][info][gc,phases      ] GC(311)   Merge Heap Roots: 0.33ms
[2026-04-03T06:49:14.939+0600][81.437s][info][gc,phases      ] GC(311)   Evacuate Collection Set: 6.81ms
[2026-04-03T06:49:14.939+0600][81.437s][info][gc,phases      ] GC(311)   Post Evacuate Collection Set: 1.10ms
[2026-04-03T06:49:14.939+0600][81.437s][info][gc,phases      ] GC(311)   Other: 0.18ms
[2026-04-03T06:49:14.939+0600][81.437s][info][gc,heap        ] GC(311) Eden regions: 141->0(182)
[2026-04-03T06:49:14.939+0600][81.437s][info][gc,heap        ] GC(311) Survivor regions: 4->4(23)
[2026-04-03T06:49:14.939+0600][81.437s][info][gc,heap        ] GC(311) Old regions: 45->45
[2026-04-03T06:49:14.939+0600][81.437s][info][gc,heap        ] GC(311) Humongous regions: 115->5
[2026-04-03T06:49:14.939+0600][81.437s][info][gc,metaspace   ] GC(311) Metaspace: 132115K(133504K)->132115K(133504K) NonClass: 115480K(116160K)->115480K(116160K) Class: 16635K(17344K)->16635K(17344K)
[2026-04-03T06:49:14.939+0600][81.437s][info][gc             ] GC(311) Pause Young (Mixed) (G1 Evacuation Pause) 604M->103M(620M) 9.204ms
[2026-04-03T06:49:14.939+0600][81.437s][info][gc,cpu         ] GC(311) User=0.05s Sys=0.01s Real=0.01s
[2026-04-03T06:49:14.940+0600][81.439s][info][gc,start       ] GC(312) Pause Young (Concurrent Start) (G1 Humongous Allocation)
[2026-04-03T06:49:14.941+0600][81.439s][info][gc,task        ] GC(312) Using 10 workers of 10 for evacuation
[2026-04-03T06:49:14.946+0600][81.444s][info][gc,phases      ] GC(312)   Pre Evacuate Collection Set: 0.37ms
[2026-04-03T06:49:14.946+0600][81.444s][info][gc,phases      ] GC(312)   Merge Heap Roots: 0.11ms
[2026-04-03T06:49:14.946+0600][81.444s][info][gc,phases      ] GC(312)   Evacuate Collection Set: 3.98ms
[2026-04-03T06:49:14.946+0600][81.444s][info][gc,phases      ] GC(312)   Post Evacuate Collection Set: 0.63ms
[2026-04-03T06:49:14.946+0600][81.444s][info][gc,phases      ] GC(312)   Other: 0.15ms
[2026-04-03T06:49:14.946+0600][81.444s][info][gc,heap        ] GC(312) Eden regions: 4->0(182)
[2026-04-03T06:49:14.946+0600][81.444s][info][gc,heap        ] GC(312) Survivor regions: 4->4(24)
[2026-04-03T06:49:14.946+0600][81.444s][info][gc,heap        ] GC(312) Old regions: 45->45
[2026-04-03T06:49:14.946+0600][81.444s][info][gc,heap        ] GC(312) Humongous regions: 5->3
[2026-04-03T06:49:14.946+0600][81.444s][info][gc,metaspace   ] GC(312) Metaspace: 132115K(133504K)->132115K(133504K) NonClass: 115480K(116160K)->115480K(116160K) Class: 16635K(17344K)->16635K(17344K)
[2026-04-03T06:49:14.946+0600][81.444s][info][gc             ] GC(312) Pause Young (Concurrent Start) (G1 Humongous Allocation) 110M->98M(620M) 5.547ms
[2026-04-03T06:49:14.946+0600][81.445s][info][gc             ] GC(313) Concurrent Mark Cycle
[2026-04-03T06:49:14.946+0600][81.445s][info][gc,cpu         ] GC(312) User=0.04s Sys=0.00s Real=0.01s
[2026-04-03T06:49:14.946+0600][81.445s][info][gc,marking     ] GC(313) Concurrent Scan Root Regions
[2026-04-03T06:49:14.950+0600][81.448s][info][gc,marking     ] GC(313) Concurrent Scan Root Regions 3.756ms
[2026-04-03T06:49:14.950+0600][81.449s][info][gc,marking     ] GC(313) Concurrent Mark
[2026-04-03T06:49:14.950+0600][81.449s][info][gc,marking     ] GC(313) Concurrent Mark From Roots
[2026-04-03T06:49:14.950+0600][81.449s][info][gc,task        ] GC(313) Using 3 workers of 3 for marking
[2026-04-03T06:49:15.034+0600][81.532s][info][gc,marking     ] GC(313) Concurrent Mark From Roots 83.436ms
[2026-04-03T06:49:15.034+0600][81.532s][info][gc,marking     ] GC(313) Concurrent Preclean
[2026-04-03T06:49:15.035+0600][81.533s][info][gc,marking     ] GC(313) Concurrent Preclean 0.918ms
[2026-04-03T06:49:15.035+0600][81.533s][info][gc,start       ] GC(313) Pause Remark
[2026-04-03T06:49:15.045+0600][81.544s][info][gc             ] GC(313) Pause Remark 166M->166M(460M) 10.107ms
[2026-04-03T06:49:15.045+0600][81.544s][info][gc,cpu         ] GC(313) User=0.07s Sys=0.01s Real=0.01s
[2026-04-03T06:49:15.045+0600][81.544s][info][gc,marking     ] GC(313) Concurrent Mark 95.344ms
[2026-04-03T06:49:15.045+0600][81.544s][info][gc,marking     ] GC(313) Concurrent Rebuild Remembered Sets and Scrub Regions
[2026-04-03T06:49:15.081+0600][81.579s][info][gc,marking     ] GC(313) Concurrent Rebuild Remembered Sets and Scrub Regions 35.284ms
[2026-04-03T06:49:15.081+0600][81.580s][info][gc,start       ] GC(313) Pause Cleanup
[2026-04-03T06:49:15.082+0600][81.580s][info][gc             ] GC(313) Pause Cleanup 186M->186M(460M) 0.442ms
[2026-04-03T06:49:15.082+0600][81.580s][info][gc,cpu         ] GC(313) User=0.00s Sys=0.00s Real=0.00s
[2026-04-03T06:49:15.082+0600][81.581s][info][gc,marking     ] GC(313) Concurrent Clear Claimed Marks
[2026-04-03T06:49:15.083+0600][81.581s][info][gc,marking     ] GC(313) Concurrent Clear Claimed Marks 0.416ms
[2026-04-03T06:49:15.083+0600][81.581s][info][gc,marking     ] GC(313) Concurrent Cleanup for Next Mark
[2026-04-03T06:49:15.085+0600][81.583s][info][gc,marking     ] GC(313) Concurrent Cleanup for Next Mark 1.962ms
[2026-04-03T06:49:15.085+0600][81.583s][info][gc             ] GC(313) Concurrent Mark Cycle 138.674ms
[2026-04-03T06:49:15.380+0600][81.879s][info][gc,start       ] GC(314) Pause Young (Prepare Mixed) (G1 Evacuation Pause)
[2026-04-03T06:49:15.380+0600][81.879s][info][gc,task        ] GC(314) Using 10 workers of 10 for evacuation
[2026-04-03T06:49:15.391+0600][81.890s][info][gc,phases      ] GC(314)   Pre Evacuate Collection Set: 0.54ms
[2026-04-03T06:49:15.391+0600][81.890s][info][gc,phases      ] GC(314)   Merge Heap Roots: 0.26ms
[2026-04-03T06:49:15.391+0600][81.890s][info][gc,phases      ] GC(314)   Evacuate Collection Set: 6.55ms
[2026-04-03T06:49:15.391+0600][81.890s][info][gc,phases      ] GC(314)   Post Evacuate Collection Set: 3.45ms
[2026-04-03T06:49:15.391+0600][81.890s][info][gc,phases      ] GC(314)   Other: 0.11ms
[2026-04-03T06:49:15.391+0600][81.890s][info][gc,heap        ] GC(314) Eden regions: 113->0(136)
[2026-04-03T06:49:15.391+0600][81.890s][info][gc,heap        ] GC(314) Survivor regions: 4->4(18)
[2026-04-03T06:49:15.392+0600][81.890s][info][gc,heap        ] GC(314) Old regions: 45->45
[2026-04-03T06:49:15.392+0600][81.890s][info][gc,heap        ] GC(314) Humongous regions: 68->3
[2026-04-03T06:49:15.392+0600][81.890s][info][gc,metaspace   ] GC(314) Metaspace: 132121K(133504K)->132121K(133504K) NonClass: 115485K(116160K)->115485K(116160K) Class: 16635K(17344K)->16635K(17344K)
[2026-04-03T06:49:15.392+0600][81.890s][info][gc             ] GC(314) Pause Young (Prepare Mixed) (G1 Evacuation Pause) 454M->99M(468M) 11.253ms
[2026-04-03T06:49:15.392+0600][81.890s][info][gc,cpu         ] GC(314) User=0.04s Sys=0.01s Real=0.01s
[2026-04-03T06:49:15.655+0600][82.154s][info][gc,start       ] GC(315) Pause Young (Mixed) (G1 Evacuation Pause)
[2026-04-03T06:49:15.655+0600][82.154s][info][gc,task        ] GC(315) Using 10 workers of 10 for evacuation
[2026-04-03T06:49:15.660+0600][82.158s][info][gc,phases      ] GC(315)   Pre Evacuate Collection Set: 0.28ms
[2026-04-03T06:49:15.660+0600][82.158s][info][gc,phases      ] GC(315)   Merge Heap Roots: 0.16ms
[2026-04-03T06:49:15.660+0600][82.158s][info][gc,phases      ] GC(315)   Evacuate Collection Set: 3.54ms
[2026-04-03T06:49:15.660+0600][82.158s][info][gc,phases      ] GC(315)   Post Evacuate Collection Set: 0.61ms
[2026-04-03T06:49:15.660+0600][82.158s][info][gc,phases      ] GC(315)   Other: 0.10ms
[2026-04-03T06:49:15.660+0600][82.158s][info][gc,heap        ] GC(315) Eden regions: 106->0(167)
[2026-04-03T06:49:15.660+0600][82.158s][info][gc,heap        ] GC(315) Survivor regions: 4->5(20)
[2026-04-03T06:49:15.660+0600][82.158s][info][gc,heap        ] GC(315) Old regions: 45->45
[2026-04-03T06:49:15.660+0600][82.159s][info][gc,heap        ] GC(315) Humongous regions: 127->15
[2026-04-03T06:49:15.660+0600][82.159s][info][gc,metaspace   ] GC(315) Metaspace: 132123K(133504K)->132123K(133504K) NonClass: 115486K(116160K)->115486K(116160K) Class: 16636K(17344K)->16636K(17344K)
[2026-04-03T06:49:15.660+0600][82.159s][info][gc             ] GC(315) Pause Young (Mixed) (G1 Evacuation Pause) 559M->124M(576M) 4.990ms
[2026-04-03T06:49:15.660+0600][82.159s][info][gc,cpu         ] GC(315) User=0.02s Sys=0.01s Real=0.00s
[2026-04-03T06:49:15.661+0600][82.159s][info][gc,start       ] GC(316) Pause Young (Concurrent Start) (G1 Humongous Allocation)
[2026-04-03T06:49:15.661+0600][82.159s][info][gc,task        ] GC(316) Using 10 workers of 10 for evacuation
[2026-04-03T06:49:15.664+0600][82.162s][info][gc,phases      ] GC(316)   Pre Evacuate Collection Set: 0.23ms
[2026-04-03T06:49:15.664+0600][82.162s][info][gc,phases      ] GC(316)   Merge Heap Roots: 0.07ms
[2026-04-03T06:49:15.664+0600][82.162s][info][gc,phases      ] GC(316)   Evacuate Collection Set: 1.80ms
[2026-04-03T06:49:15.664+0600][82.162s][info][gc,phases      ] GC(316)   Post Evacuate Collection Set: 0.43ms
[2026-04-03T06:49:15.664+0600][82.162s][info][gc,phases      ] GC(316)   Other: 0.08ms
[2026-04-03T06:49:15.664+0600][82.162s][info][gc,heap        ] GC(316) Eden regions: 2->0(167)
[2026-04-03T06:49:15.664+0600][82.162s][info][gc,heap        ] GC(316) Survivor regions: 5->5(22)
[2026-04-03T06:49:15.664+0600][82.162s][info][gc,heap        ] GC(316) Old regions: 45->45
[2026-04-03T06:49:15.664+0600][82.162s][info][gc,heap        ] GC(316) Humongous regions: 15->3
[2026-04-03T06:49:15.664+0600][82.162s][info][gc,metaspace   ] GC(316) Metaspace: 132123K(133504K)->132123K(133504K) NonClass: 115486K(116160K)->115486K(116160K) Class: 16636K(17344K)->16636K(17344K)
[2026-04-03T06:49:15.664+0600][82.162s][info][gc             ] GC(316) Pause Young (Concurrent Start) (G1 Humongous Allocation) 127M->100M(576M) 2.793ms
[2026-04-03T06:49:15.664+0600][82.162s][info][gc             ] GC(317) Concurrent Mark Cycle
[2026-04-03T06:49:15.664+0600][82.162s][info][gc,cpu         ] GC(316) User=0.02s Sys=0.00s Real=0.01s
[2026-04-03T06:49:15.664+0600][82.162s][info][gc,marking     ] GC(317) Concurrent Scan Root Regions
[2026-04-03T06:49:15.667+0600][82.165s][info][gc,marking     ] GC(317) Concurrent Scan Root Regions 2.894ms
[2026-04-03T06:49:15.667+0600][82.165s][info][gc,marking     ] GC(317) Concurrent Mark
[2026-04-03T06:49:15.667+0600][82.165s][info][gc,marking     ] GC(317) Concurrent Mark From Roots
[2026-04-03T06:49:15.667+0600][82.165s][info][gc,task        ] GC(317) Using 3 workers of 3 for marking
[2026-04-03T06:49:15.755+0600][82.253s][info][gc,marking     ] GC(317) Concurrent Mark From Roots 88.043ms
[2026-04-03T06:49:15.755+0600][82.253s][info][gc,marking     ] GC(317) Concurrent Preclean
[2026-04-03T06:49:15.756+0600][82.254s][info][gc,marking     ] GC(317) Concurrent Preclean 0.720ms
[2026-04-03T06:49:15.758+0600][82.256s][info][gc,start       ] GC(317) Pause Remark
[2026-04-03T06:49:15.765+0600][82.263s][info][gc             ] GC(317) Pause Remark 393M->393M(578M) 7.443ms
[2026-04-03T06:49:15.765+0600][82.264s][info][gc,cpu         ] GC(317) User=0.05s Sys=0.00s Real=0.01s
[2026-04-03T06:49:15.765+0600][82.264s][info][gc,marking     ] GC(317) Concurrent Mark 98.452ms
[2026-04-03T06:49:15.765+0600][82.264s][info][gc,marking     ] GC(317) Concurrent Rebuild Remembered Sets and Scrub Regions
[2026-04-03T06:49:15.793+0600][82.291s][info][gc,marking     ] GC(317) Concurrent Rebuild Remembered Sets and Scrub Regions 27.344ms
[2026-04-03T06:49:15.794+0600][82.292s][info][gc,start       ] GC(317) Pause Cleanup
[2026-04-03T06:49:15.794+0600][82.293s][info][gc             ] GC(317) Pause Cleanup 561M->561M(578M) 0.312ms
[2026-04-03T06:49:15.794+0600][82.293s][info][gc,cpu         ] GC(317) User=0.00s Sys=0.00s Real=0.00s
[2026-04-03T06:49:15.795+0600][82.293s][info][gc,marking     ] GC(317) Concurrent Clear Claimed Marks
[2026-04-03T06:49:15.795+0600][82.293s][info][gc,marking     ] GC(317) Concurrent Clear Claimed Marks 0.397ms
[2026-04-03T06:49:15.795+0600][82.293s][info][gc,marking     ] GC(317) Concurrent Cleanup for Next Mark
[2026-04-03T06:49:15.797+0600][82.295s][info][gc,marking     ] GC(317) Concurrent Cleanup for Next Mark 1.813ms
[2026-04-03T06:49:15.797+0600][82.295s][info][gc             ] GC(317) Concurrent Mark Cycle 133.171ms
[2026-04-03T06:49:15.826+0600][82.325s][info][gc,start       ] GC(318) Pause Young (Prepare Mixed) (G1 Evacuation Pause)
[2026-04-03T06:49:15.826+0600][82.325s][info][gc,task        ] GC(318) Using 10 workers of 10 for evacuation
[2026-04-03T06:49:15.831+0600][82.329s][info][gc,phases      ] GC(318)   Pre Evacuate Collection Set: 0.30ms
[2026-04-03T06:49:15.831+0600][82.329s][info][gc,phases      ] GC(318)   Merge Heap Roots: 0.19ms
[2026-04-03T06:49:15.831+0600][82.329s][info][gc,phases      ] GC(318)   Evacuate Collection Set: 3.22ms
[2026-04-03T06:49:15.831+0600][82.329s][info][gc,phases      ] GC(318)   Post Evacuate Collection Set: 0.75ms
[2026-04-03T06:49:15.831+0600][82.329s][info][gc,phases      ] GC(318)   Other: 0.09ms
[2026-04-03T06:49:15.831+0600][82.329s][info][gc,heap        ] GC(318) Eden regions: 35->0(218)
[2026-04-03T06:49:15.831+0600][82.329s][info][gc,heap        ] GC(318) Survivor regions: 5->4(27)
[2026-04-03T06:49:15.831+0600][82.329s][info][gc,heap        ] GC(318) Old regions: 45->45
[2026-04-03T06:49:15.831+0600][82.329s][info][gc,heap        ] GC(318) Humongous regions: 282->9
[2026-04-03T06:49:15.831+0600][82.329s][info][gc,metaspace   ] GC(318) Metaspace: 132123K(133504K)->132123K(133504K) NonClass: 115487K(116160K)->115487K(116160K) Class: 16636K(17344K)->16636K(17344K)
[2026-04-03T06:49:15.831+0600][82.330s][info][gc             ] GC(318) Pause Young (Prepare Mixed) (G1 Evacuation Pause) 728M->110M(742M) 4.853ms
[2026-04-03T06:49:15.831+0600][82.330s][info][gc,cpu         ] GC(318) User=0.02s Sys=0.00s Real=0.00s
[2026-04-03T06:49:16.492+0600][82.990s][info][gc,start       ] GC(319) Pause Young (Mixed) (G1 Evacuation Pause)
[2026-04-03T06:49:16.492+0600][82.990s][info][gc,task        ] GC(319) Using 10 workers of 10 for evacuation
[2026-04-03T06:49:16.499+0600][82.997s][info][gc,phases      ] GC(319)   Pre Evacuate Collection Set: 0.31ms
[2026-04-03T06:49:16.499+0600][82.998s][info][gc,phases      ] GC(319)   Merge Heap Roots: 0.18ms
[2026-04-03T06:49:16.499+0600][82.998s][info][gc,phases      ] GC(319)   Evacuate Collection Set: 4.86ms
[2026-04-03T06:49:16.499+0600][82.998s][info][gc,phases      ] GC(319)   Post Evacuate Collection Set: 1.61ms
[2026-04-03T06:49:16.499+0600][82.998s][info][gc,phases      ] GC(319)   Other: 0.11ms
[2026-04-03T06:49:16.499+0600][82.998s][info][gc,heap        ] GC(319) Eden regions: 179->0(222)
[2026-04-03T06:49:16.499+0600][82.998s][info][gc,heap        ] GC(319) Survivor regions: 4->4(28)
[2026-04-03T06:49:16.499+0600][82.998s][info][gc,heap        ] GC(319) Old regions: 45->44
[2026-04-03T06:49:16.499+0600][82.998s][info][gc,heap        ] GC(319) Humongous regions: 146->3
[2026-04-03T06:49:16.499+0600][82.998s][info][gc,metaspace   ] GC(319) Metaspace: 132130K(133568K)->132130K(133568K) NonClass: 115493K(116224K)->115493K(116224K) Class: 16636K(17344K)->16636K(17344K)
[2026-04-03T06:49:16.499+0600][82.998s][info][gc             ] GC(319) Pause Young (Mixed) (G1 Evacuation Pause) 742M->98M(756M) 7.464ms
[2026-04-03T06:49:16.499+0600][82.998s][info][gc,cpu         ] GC(319) User=0.04s Sys=0.01s Real=0.01s
[2026-04-03T06:49:16.516+0600][83.014s][info][gc,start       ] GC(320) Pause Young (Concurrent Start) (G1 Humongous Allocation)
[2026-04-03T06:49:16.516+0600][83.015s][info][gc,task        ] GC(320) Using 10 workers of 10 for evacuation
[2026-04-03T06:49:16.522+0600][83.021s][info][gc,phases      ] GC(320)   Pre Evacuate Collection Set: 0.57ms
[2026-04-03T06:49:16.522+0600][83.021s][info][gc,phases      ] GC(320)   Merge Heap Roots: 0.23ms
[2026-04-03T06:49:16.522+0600][83.021s][info][gc,phases      ] GC(320)   Evacuate Collection Set: 4.09ms
[2026-04-03T06:49:16.522+0600][83.021s][info][gc,phases      ] GC(320)   Post Evacuate Collection Set: 0.86ms
[2026-04-03T06:49:16.522+0600][83.021s][info][gc,phases      ] GC(320)   Other: 0.36ms
[2026-04-03T06:49:16.522+0600][83.021s][info][gc,heap        ] GC(320) Eden regions: 7->0(221)
[2026-04-03T06:49:16.522+0600][83.021s][info][gc,heap        ] GC(320) Survivor regions: 4->5(29)
[2026-04-03T06:49:16.522+0600][83.021s][info][gc,heap        ] GC(320) Old regions: 44->44
[2026-04-03T06:49:16.522+0600][83.021s][info][gc,heap        ] GC(320) Humongous regions: 3->3
[2026-04-03T06:49:16.522+0600][83.021s][info][gc,metaspace   ] GC(320) Metaspace: 132130K(133568K)->132130K(133568K) NonClass: 115493K(116224K)->115493K(116224K) Class: 16636K(17344K)->16636K(17344K)
[2026-04-03T06:49:16.523+0600][83.021s][info][gc             ] GC(320) Pause Young (Concurrent Start) (G1 Humongous Allocation) 112M->100M(756M) 6.614ms
[2026-04-03T06:49:16.523+0600][83.021s][info][gc,cpu         ] GC(320) User=0.03s Sys=0.01s Real=0.00s
[2026-04-03T06:49:16.523+0600][83.021s][info][gc             ] GC(321) Concurrent Mark Cycle
[2026-04-03T06:49:16.523+0600][83.021s][info][gc,marking     ] GC(321) Concurrent Scan Root Regions
[2026-04-03T06:49:16.527+0600][83.026s][info][gc,marking     ] GC(321) Concurrent Scan Root Regions 4.252ms
[2026-04-03T06:49:16.527+0600][83.026s][info][gc,marking     ] GC(321) Concurrent Mark
[2026-04-03T06:49:16.527+0600][83.026s][info][gc,marking     ] GC(321) Concurrent Mark From Roots
[2026-04-03T06:49:16.527+0600][83.026s][info][gc,task        ] GC(321) Using 3 workers of 3 for marking
[2026-04-03T06:49:16.614+0600][83.112s][info][gc,marking     ] GC(321) Concurrent Mark From Roots 86.366ms
[2026-04-03T06:49:16.614+0600][83.112s][info][gc,marking     ] GC(321) Concurrent Preclean
[2026-04-03T06:49:16.615+0600][83.113s][info][gc,marking     ] GC(321) Concurrent Preclean 0.946ms
[2026-04-03T06:49:16.615+0600][83.113s][info][gc,start       ] GC(321) Pause Remark
[2026-04-03T06:49:16.625+0600][83.124s][info][gc             ] GC(321) Pause Remark 197M->197M(494M) 10.450ms
[2026-04-03T06:49:16.626+0600][83.124s][info][gc,cpu         ] GC(321) User=0.07s Sys=0.00s Real=0.01s
[2026-04-03T06:49:16.626+0600][83.124s][info][gc,marking     ] GC(321) Concurrent Mark 98.697ms
[2026-04-03T06:49:16.626+0600][83.124s][info][gc,marking     ] GC(321) Concurrent Rebuild Remembered Sets and Scrub Regions
[2026-04-03T06:49:16.663+0600][83.161s][info][gc,marking     ] GC(321) Concurrent Rebuild Remembered Sets and Scrub Regions 36.718ms
[2026-04-03T06:49:16.665+0600][83.163s][info][gc,start       ] GC(321) Pause Cleanup
[2026-04-03T06:49:16.665+0600][83.164s][info][gc             ] GC(321) Pause Cleanup 236M->236M(494M) 0.469ms
[2026-04-03T06:49:16.665+0600][83.164s][info][gc,cpu         ] GC(321) User=0.00s Sys=0.00s Real=0.00s
[2026-04-03T06:49:16.665+0600][83.164s][info][gc,marking     ] GC(321) Concurrent Clear Claimed Marks
[2026-04-03T06:49:16.666+0600][83.164s][info][gc,marking     ] GC(321) Concurrent Clear Claimed Marks 0.454ms
[2026-04-03T06:49:16.666+0600][83.164s][info][gc,marking     ] GC(321) Concurrent Cleanup for Next Mark
[2026-04-03T06:49:16.669+0600][83.168s][info][gc,marking     ] GC(321) Concurrent Cleanup for Next Mark 3.331ms
[2026-04-03T06:49:16.669+0600][83.168s][info][gc             ] GC(321) Concurrent Mark Cycle 146.726ms
[2026-04-03T06:49:16.880+0600][83.379s][info][gc,start       ] GC(322) Pause Young (Prepare Mixed) (GCLocker Initiated GC)
[2026-04-03T06:49:16.880+0600][83.379s][info][gc,task        ] GC(322) Using 10 workers of 10 for evacuation
[2026-04-03T06:49:16.887+0600][83.385s][info][gc,phases      ] GC(322)   Pre Evacuate Collection Set: 0.37ms
[2026-04-03T06:49:16.887+0600][83.385s][info][gc,phases      ] GC(322)   Merge Heap Roots: 0.23ms
[2026-04-03T06:49:16.887+0600][83.385s][info][gc,phases      ] GC(322)   Evacuate Collection Set: 4.96ms
[2026-04-03T06:49:16.887+0600][83.385s][info][gc,phases      ] GC(322)   Post Evacuate Collection Set: 0.72ms
[2026-04-03T06:49:16.887+0600][83.385s][info][gc,phases      ] GC(322)   Other: 0.13ms
[2026-04-03T06:49:16.887+0600][83.385s][info][gc,heap        ] GC(322) Eden regions: 106->0(148)
[2026-04-03T06:49:16.887+0600][83.385s][info][gc,heap        ] GC(322) Survivor regions: 5->4(19)
[2026-04-03T06:49:16.887+0600][83.385s][info][gc,heap        ] GC(322) Old regions: 44->45
[2026-04-03T06:49:16.887+0600][83.385s][info][gc,heap        ] GC(322) Humongous regions: 94->4
[2026-04-03T06:49:16.887+0600][83.385s][info][gc,metaspace   ] GC(322) Metaspace: 132130K(133568K)->132130K(133568K) NonClass: 115493K(116224K)->115493K(116224K) Class: 16636K(17344K)->16636K(17344K)
[2026-04-03T06:49:16.887+0600][83.385s][info][gc             ] GC(322) Pause Young (Prepare Mixed) (GCLocker Initiated GC) 494M->100M(508M) 6.800ms
[2026-04-03T06:49:16.887+0600][83.385s][info][gc,cpu         ] GC(322) User=0.04s Sys=0.01s Real=0.01s
[2026-04-03T06:49:17.213+0600][83.711s][info][gc,start       ] GC(323) Pause Young (Mixed) (G1 Evacuation Pause)
[2026-04-03T06:49:17.213+0600][83.711s][info][gc,task        ] GC(323) Using 10 workers of 10 for evacuation
[2026-04-03T06:49:17.221+0600][83.720s][info][gc,phases      ] GC(323)   Pre Evacuate Collection Set: 0.43ms
[2026-04-03T06:49:17.221+0600][83.720s][info][gc,phases      ] GC(323)   Merge Heap Roots: 0.21ms
[2026-04-03T06:49:17.221+0600][83.720s][info][gc,phases      ] GC(323)   Evacuate Collection Set: 5.73ms
[2026-04-03T06:49:17.221+0600][83.720s][info][gc,phases      ] GC(323)   Post Evacuate Collection Set: 1.80ms
[2026-04-03T06:49:17.221+0600][83.720s][info][gc,phases      ] GC(323)   Other: 0.13ms
[2026-04-03T06:49:17.221+0600][83.720s][info][gc,heap        ] GC(323) Eden regions: 113->0(222)
[2026-04-03T06:49:17.221+0600][83.720s][info][gc,heap        ] GC(323) Survivor regions: 4->3(19)
[2026-04-03T06:49:17.221+0600][83.720s][info][gc,heap        ] GC(323) Old regions: 45->44
[2026-04-03T06:49:17.221+0600][83.720s][info][gc,heap        ] GC(323) Humongous regions: 97->3
[2026-04-03T06:49:17.221+0600][83.720s][info][gc,metaspace   ] GC(323) Metaspace: 132130K(133568K)->132130K(133568K) NonClass: 115493K(116224K)->115493K(116224K) Class: 16636K(17344K)->16636K(17344K)
[2026-04-03T06:49:17.221+0600][83.720s][info][gc             ] GC(323) Pause Young (Mixed) (G1 Evacuation Pause) 512M->98M(752M) 8.706ms
[2026-04-03T06:49:17.221+0600][83.720s][info][gc,cpu         ] GC(323) User=0.02s Sys=0.01s Real=0.01s
[2026-04-03T06:49:17.733+0600][84.231s][info][gc,start       ] GC(324) Pause Young (Concurrent Start) (G1 Humongous Allocation)
[2026-04-03T06:49:17.733+0600][84.231s][info][gc,task        ] GC(324) Using 10 workers of 10 for evacuation
[2026-04-03T06:49:17.739+0600][84.237s][info][gc,phases      ] GC(324)   Pre Evacuate Collection Set: 0.53ms
[2026-04-03T06:49:17.739+0600][84.238s][info][gc,phases      ] GC(324)   Merge Heap Roots: 0.23ms
[2026-04-03T06:49:17.739+0600][84.238s][info][gc,phases      ] GC(324)   Evacuate Collection Set: 3.93ms
[2026-04-03T06:49:17.739+0600][84.238s][info][gc,phases      ] GC(324)   Post Evacuate Collection Set: 1.57ms
[2026-04-03T06:49:17.739+0600][84.238s][info][gc,phases      ] GC(324)   Other: 0.15ms
[2026-04-03T06:49:17.739+0600][84.238s][info][gc,heap        ] GC(324) Eden regions: 98->0(222)
[2026-04-03T06:49:17.739+0600][84.238s][info][gc,heap        ] GC(324) Survivor regions: 3->3(29)
[2026-04-03T06:49:17.739+0600][84.238s][info][gc,heap        ] GC(324) Old regions: 44->44
[2026-04-03T06:49:17.739+0600][84.238s][info][gc,heap        ] GC(324) Humongous regions: 27->3
[2026-04-03T06:49:17.739+0600][84.238s][info][gc,metaspace   ] GC(324) Metaspace: 132140K(133632K)->132140K(133632K) NonClass: 115502K(116288K)->115502K(116288K) Class: 16637K(17344K)->16637K(17344K)
[2026-04-03T06:49:17.739+0600][84.238s][info][gc             ] GC(324) Pause Young (Concurrent Start) (G1 Humongous Allocation) 340M->98M(752M) 6.757ms
[2026-04-03T06:49:17.739+0600][84.238s][info][gc             ] GC(325) Concurrent Undo Cycle
[2026-04-03T06:49:17.739+0600][84.238s][info][gc,marking     ] GC(325) Concurrent Clear Claimed Marks
[2026-04-03T06:49:17.739+0600][84.238s][info][gc,cpu         ] GC(324) User=0.03s Sys=0.01s Real=0.01s
[2026-04-03T06:49:17.740+0600][84.238s][info][gc,marking     ] GC(325) Concurrent Clear Claimed Marks 0.334ms
[2026-04-03T06:49:17.740+0600][84.238s][info][gc,marking     ] GC(325) Concurrent Cleanup for Next Mark
[2026-04-03T06:49:17.740+0600][84.239s][info][gc,marking     ] GC(325) Concurrent Cleanup for Next Mark 0.318ms
[2026-04-03T06:49:17.740+0600][84.239s][info][gc             ] GC(325) Concurrent Undo Cycle 0.929ms
[2026-04-03T06:49:17.741+0600][84.239s][info][gc,start       ] GC(326) Pause Young (Concurrent Start) (G1 Humongous Allocation)
[2026-04-03T06:49:17.741+0600][84.239s][info][gc,task        ] GC(326) Using 10 workers of 10 for evacuation
[2026-04-03T06:49:17.745+0600][84.244s][info][gc,phases      ] GC(326)   Pre Evacuate Collection Set: 0.35ms
[2026-04-03T06:49:17.746+0600][84.244s][info][gc,phases      ] GC(326)   Merge Heap Roots: 0.17ms
[2026-04-03T06:49:17.746+0600][84.244s][info][gc,phases      ] GC(326)   Evacuate Collection Set: 2.74ms
[2026-04-03T06:49:17.746+0600][84.244s][info][gc,phases      ] GC(326)   Post Evacuate Collection Set: 0.92ms
[2026-04-03T06:49:17.746+0600][84.244s][info][gc,phases      ] GC(326)   Other: 0.21ms
[2026-04-03T06:49:17.746+0600][84.244s][info][gc,heap        ] GC(326) Eden regions: 4->0(222)
[2026-04-03T06:49:17.746+0600][84.244s][info][gc,heap        ] GC(326) Survivor regions: 3->3(29)
[2026-04-03T06:49:17.746+0600][84.244s][info][gc,heap        ] GC(326) Old regions: 44->44
[2026-04-03T06:49:17.746+0600][84.244s][info][gc,heap        ] GC(326) Humongous regions: 4->3
[2026-04-03T06:49:17.746+0600][84.244s][info][gc,metaspace   ] GC(326) Metaspace: 132140K(133632K)->132140K(133632K) NonClass: 115502K(116288K)->115502K(116288K) Class: 16637K(17344K)->16637K(17344K)
[2026-04-03T06:49:17.746+0600][84.244s][info][gc             ] GC(326) Pause Young (Concurrent Start) (G1 Humongous Allocation) 106M->98M(752M) 4.764ms
[2026-04-03T06:49:17.746+0600][84.244s][info][gc             ] GC(327) Concurrent Mark Cycle
[2026-04-03T06:49:17.746+0600][84.244s][info][gc,cpu         ] GC(326) User=0.03s Sys=0.00s Real=0.01s
[2026-04-03T06:49:17.746+0600][84.244s][info][gc,marking     ] GC(327) Concurrent Scan Root Regions
[2026-04-03T06:49:17.748+0600][84.247s][info][gc,marking     ] GC(327) Concurrent Scan Root Regions 2.609ms
[2026-04-03T06:49:17.749+0600][84.247s][info][gc,marking     ] GC(327) Concurrent Mark
[2026-04-03T06:49:17.749+0600][84.247s][info][gc,marking     ] GC(327) Concurrent Mark From Roots
[2026-04-03T06:49:17.749+0600][84.247s][info][gc,task        ] GC(327) Using 3 workers of 3 for marking
[2026-04-03T06:49:17.830+0600][84.329s][info][gc,marking     ] GC(327) Concurrent Mark From Roots 81.749ms
[2026-04-03T06:49:17.830+0600][84.329s][info][gc,marking     ] GC(327) Concurrent Preclean
[2026-04-03T06:49:17.831+0600][84.330s][info][gc,marking     ] GC(327) Concurrent Preclean 0.829ms
[2026-04-03T06:49:17.832+0600][84.330s][info][gc,start       ] GC(327) Pause Remark
[2026-04-03T06:49:17.844+0600][84.342s][info][gc             ] GC(327) Pause Remark 177M->177M(448M) 12.012ms
[2026-04-03T06:49:17.844+0600][84.342s][info][gc,cpu         ] GC(327) User=0.08s Sys=0.00s Real=0.02s
[2026-04-03T06:49:17.844+0600][84.342s][info][gc,marking     ] GC(327) Concurrent Mark 95.488ms
[2026-04-03T06:49:17.844+0600][84.343s][info][gc,marking     ] GC(327) Concurrent Rebuild Remembered Sets and Scrub Regions
[2026-04-03T06:49:17.880+0600][84.378s][info][gc,marking     ] GC(327) Concurrent Rebuild Remembered Sets and Scrub Regions 35.429ms
[2026-04-03T06:49:17.881+0600][84.379s][info][gc,start       ] GC(327) Pause Cleanup
[2026-04-03T06:49:17.881+0600][84.379s][info][gc             ] GC(327) Pause Cleanup 215M->215M(448M) 0.332ms
[2026-04-03T06:49:17.881+0600][84.379s][info][gc,cpu         ] GC(327) User=0.00s Sys=0.00s Real=0.00s
[2026-04-03T06:49:17.884+0600][84.382s][info][gc,marking     ] GC(327) Concurrent Clear Claimed Marks
[2026-04-03T06:49:17.884+0600][84.383s][info][gc,marking     ] GC(327) Concurrent Clear Claimed Marks 0.537ms
[2026-04-03T06:49:17.885+0600][84.383s][info][gc,marking     ] GC(327) Concurrent Cleanup for Next Mark
[2026-04-03T06:49:17.886+0600][84.384s][info][gc,marking     ] GC(327) Concurrent Cleanup for Next Mark 1.134ms
[2026-04-03T06:49:17.886+0600][84.384s][info][gc             ] GC(327) Concurrent Mark Cycle 140.083ms
[2026-04-03T06:49:18.064+0600][84.563s][info][gc,start       ] GC(328) Pause Young (Prepare Mixed) (G1 Evacuation Pause)
[2026-04-03T06:49:18.064+0600][84.563s][info][gc,task        ] GC(328) Using 10 workers of 10 for evacuation
[2026-04-03T06:49:18.070+0600][84.569s][info][gc,phases      ] GC(328)   Pre Evacuate Collection Set: 0.29ms
[2026-04-03T06:49:18.071+0600][84.569s][info][gc,phases      ] GC(328)   Merge Heap Roots: 0.20ms
[2026-04-03T06:49:18.071+0600][84.569s][info][gc,phases      ] GC(328)   Evacuate Collection Set: 4.28ms
[2026-04-03T06:49:18.071+0600][84.569s][info][gc,phases      ] GC(328)   Post Evacuate Collection Set: 1.05ms
[2026-04-03T06:49:18.071+0600][84.569s][info][gc,phases      ] GC(328)   Other: 0.15ms
[2026-04-03T06:49:18.071+0600][84.569s][info][gc,heap        ] GC(328) Eden regions: 95->0(136)
[2026-04-03T06:49:18.071+0600][84.569s][info][gc,heap        ] GC(328) Survivor regions: 3->3(17)
[2026-04-03T06:49:18.071+0600][84.569s][info][gc,heap        ] GC(328) Old regions: 44->45
[2026-04-03T06:49:18.071+0600][84.569s][info][gc,heap        ] GC(328) Humongous regions: 86->3
[2026-04-03T06:49:18.071+0600][84.569s][info][gc,metaspace   ] GC(328) Metaspace: 132140K(133632K)->132140K(133632K) NonClass: 115502K(116288K)->115502K(116288K) Class: 16637K(17344K)->16637K(17344K)
[2026-04-03T06:49:18.071+0600][84.569s][info][gc             ] GC(328) Pause Young (Prepare Mixed) (G1 Evacuation Pause) 454M->98M(464M) 6.483ms
[2026-04-03T06:49:18.071+0600][84.569s][info][gc,cpu         ] GC(328) User=0.03s Sys=0.01s Real=0.00s
[2026-04-03T06:49:18.364+0600][84.862s][info][gc,start       ] GC(329) Pause Young (Mixed) (GCLocker Initiated GC)
[2026-04-03T06:49:18.364+0600][84.862s][info][gc,task        ] GC(329) Using 10 workers of 10 for evacuation
[2026-04-03T06:49:18.373+0600][84.872s][info][gc,phases      ] GC(329)   Pre Evacuate Collection Set: 0.50ms
[2026-04-03T06:49:18.373+0600][84.872s][info][gc,phases      ] GC(329)   Merge Heap Roots: 0.28ms
[2026-04-03T06:49:18.373+0600][84.872s][info][gc,phases      ] GC(329)   Evacuate Collection Set: 7.64ms
[2026-04-03T06:49:18.373+0600][84.872s][info][gc,phases      ] GC(329)   Post Evacuate Collection Set: 0.83ms
[2026-04-03T06:49:18.373+0600][84.872s][info][gc,phases      ] GC(329)   Other: 0.16ms
[2026-04-03T06:49:18.373+0600][84.872s][info][gc,heap        ] GC(329) Eden regions: 104->0(137)
[2026-04-03T06:49:18.373+0600][84.872s][info][gc,heap        ] GC(329) Survivor regions: 3->5(18)
[2026-04-03T06:49:18.373+0600][84.872s][info][gc,heap        ] GC(329) Old regions: 45->44
[2026-04-03T06:49:18.373+0600][84.872s][info][gc,heap        ] GC(329) Humongous regions: 80->3
[2026-04-03T06:49:18.373+0600][84.872s][info][gc,metaspace   ] GC(329) Metaspace: 132142K(133632K)->132142K(133632K) NonClass: 115504K(116288K)->115504K(116288K) Class: 16637K(17344K)->16637K(17344K)
[2026-04-03T06:49:18.374+0600][84.872s][info][gc             ] GC(329) Pause Young (Mixed) (GCLocker Initiated GC) 460M->100M(474M) 9.849ms
[2026-04-03T06:49:18.374+0600][84.872s][info][gc,cpu         ] GC(329) User=0.06s Sys=0.02s Real=0.01s
[2026-04-03T06:49:18.377+0600][84.875s][info][gc,start       ] GC(330) Pause Young (Concurrent Start) (G1 Humongous Allocation)
[2026-04-03T06:49:18.377+0600][84.875s][info][gc,task        ] GC(330) Using 10 workers of 10 for evacuation
[2026-04-03T06:49:18.384+0600][84.883s][info][gc,phases      ] GC(330)   Pre Evacuate Collection Set: 0.39ms
[2026-04-03T06:49:18.384+0600][84.883s][info][gc,phases      ] GC(330)   Merge Heap Roots: 0.13ms
[2026-04-03T06:49:18.384+0600][84.883s][info][gc,phases      ] GC(330)   Evacuate Collection Set: 5.81ms
[2026-04-03T06:49:18.384+0600][84.883s][info][gc,phases      ] GC(330)   Post Evacuate Collection Set: 0.76ms
[2026-04-03T06:49:18.384+0600][84.883s][info][gc,phases      ] GC(330)   Other: 0.14ms
[2026-04-03T06:49:18.384+0600][84.883s][info][gc,heap        ] GC(330) Eden regions: 3->0(138)
[2026-04-03T06:49:18.384+0600][84.883s][info][gc,heap        ] GC(330) Survivor regions: 5->4(18)
[2026-04-03T06:49:18.384+0600][84.883s][info][gc,heap        ] GC(330) Old regions: 44->44
[2026-04-03T06:49:18.384+0600][84.883s][info][gc,heap        ] GC(330) Humongous regions: 3->3
[2026-04-03T06:49:18.384+0600][84.883s][info][gc,metaspace   ] GC(330) Metaspace: 132142K(133632K)->132142K(133632K) NonClass: 115504K(116288K)->115504K(116288K) Class: 16637K(17344K)->16637K(17344K)
[2026-04-03T06:49:18.384+0600][84.883s][info][gc             ] GC(330) Pause Young (Concurrent Start) (G1 Humongous Allocation) 106M->100M(474M) 7.662ms
[2026-04-03T06:49:18.385+0600][84.883s][info][gc,cpu         ] GC(330) User=0.04s Sys=0.01s Real=0.01s
[2026-04-03T06:49:18.385+0600][84.883s][info][gc             ] GC(331) Concurrent Mark Cycle
[2026-04-03T06:49:18.385+0600][84.883s][info][gc,marking     ] GC(331) Concurrent Scan Root Regions
[2026-04-03T06:49:18.390+0600][84.888s][info][gc,marking     ] GC(331) Concurrent Scan Root Regions 4.937ms
[2026-04-03T06:49:18.390+0600][84.888s][info][gc,marking     ] GC(331) Concurrent Mark
[2026-04-03T06:49:18.390+0600][84.888s][info][gc,marking     ] GC(331) Concurrent Mark From Roots
[2026-04-03T06:49:18.390+0600][84.888s][info][gc,task        ] GC(331) Using 3 workers of 3 for marking
[2026-04-03T06:49:18.487+0600][84.986s][info][gc,marking     ] GC(331) Concurrent Mark From Roots 97.508ms
[2026-04-03T06:49:18.487+0600][84.986s][info][gc,marking     ] GC(331) Concurrent Preclean
[2026-04-03T06:49:18.489+0600][84.987s][info][gc,marking     ] GC(331) Concurrent Preclean 1.233ms
[2026-04-03T06:49:18.489+0600][84.988s][info][gc,start       ] GC(331) Pause Remark
[2026-04-03T06:49:18.500+0600][84.998s][info][gc             ] GC(331) Pause Remark 182M->182M(474M) 10.554ms
[2026-04-03T06:49:18.500+0600][84.998s][info][gc,cpu         ] GC(331) User=0.08s Sys=0.00s Real=0.01s
[2026-04-03T06:49:18.501+0600][84.999s][info][gc,marking     ] GC(331) Concurrent Mark 111.130ms
[2026-04-03T06:49:18.501+0600][84.999s][info][gc,marking     ] GC(331) Concurrent Rebuild Remembered Sets and Scrub Regions
[2026-04-03T06:49:18.550+0600][85.049s][info][gc,marking     ] GC(331) Concurrent Rebuild Remembered Sets and Scrub Regions 49.237ms
[2026-04-03T06:49:18.551+0600][85.049s][info][gc,start       ] GC(331) Pause Cleanup
[2026-04-03T06:49:18.551+0600][85.050s][info][gc             ] GC(331) Pause Cleanup 222M->222M(474M) 0.432ms
[2026-04-03T06:49:18.551+0600][85.050s][info][gc,cpu         ] GC(331) User=0.00s Sys=0.00s Real=0.00s
[2026-04-03T06:49:18.551+0600][85.050s][info][gc,marking     ] GC(331) Concurrent Clear Claimed Marks
[2026-04-03T06:49:18.552+0600][85.050s][info][gc,marking     ] GC(331) Concurrent Clear Claimed Marks 0.523ms
[2026-04-03T06:49:18.552+0600][85.050s][info][gc,marking     ] GC(331) Concurrent Cleanup for Next Mark
[2026-04-03T06:49:18.553+0600][85.052s][info][gc,marking     ] GC(331) Concurrent Cleanup for Next Mark 1.067ms
[2026-04-03T06:49:18.553+0600][85.052s][info][gc             ] GC(331) Concurrent Mark Cycle 168.667ms
[2026-04-03T06:49:18.841+0600][85.340s][info][gc,start       ] GC(332) Pause Young (Prepare Mixed) (G1 Evacuation Pause)
[2026-04-03T06:49:18.841+0600][85.340s][info][gc,task        ] GC(332) Using 10 workers of 10 for evacuation
[2026-04-03T06:49:18.848+0600][85.347s][info][gc,phases      ] GC(332)   Pre Evacuate Collection Set: 1.50ms
[2026-04-03T06:49:18.848+0600][85.347s][info][gc,phases      ] GC(332)   Merge Heap Roots: 0.54ms
[2026-04-03T06:49:18.848+0600][85.347s][info][gc,phases      ] GC(332)   Evacuate Collection Set: 4.08ms
[2026-04-03T06:49:18.848+0600][85.347s][info][gc,phases      ] GC(332)   Post Evacuate Collection Set: 0.99ms
[2026-04-03T06:49:18.848+0600][85.347s][info][gc,phases      ] GC(332)   Other: 0.13ms
[2026-04-03T06:49:18.849+0600][85.347s][info][gc,heap        ] GC(332) Eden regions: 107->0(142)
[2026-04-03T06:49:18.849+0600][85.347s][info][gc,heap        ] GC(332) Survivor regions: 4->5(18)
[2026-04-03T06:49:18.849+0600][85.347s][info][gc,heap        ] GC(332) Old regions: 44->45
[2026-04-03T06:49:18.849+0600][85.347s][info][gc,heap        ] GC(332) Humongous regions: 85->3
[2026-04-03T06:49:18.849+0600][85.347s][info][gc,metaspace   ] GC(332) Metaspace: 132173K(133632K)->132173K(133632K) NonClass: 115534K(116288K)->115534K(116288K) Class: 16639K(17344K)->16639K(17344K)
[2026-04-03T06:49:18.849+0600][85.347s][info][gc             ] GC(332) Pause Young (Prepare Mixed) (G1 Evacuation Pause) 478M->101M(492M) 7.528ms
[2026-04-03T06:49:18.849+0600][85.347s][info][gc,cpu         ] GC(332) User=0.03s Sys=0.01s Real=0.01s
[2026-04-03T06:49:19.191+0600][85.689s][info][gc,start       ] GC(333) Pause Young (Mixed) (G1 Evacuation Pause)
[2026-04-03T06:49:19.191+0600][85.689s][info][gc,task        ] GC(333) Using 10 workers of 10 for evacuation
[2026-04-03T06:49:19.197+0600][85.695s][info][gc,phases      ] GC(333)   Pre Evacuate Collection Set: 0.46ms
[2026-04-03T06:49:19.197+0600][85.695s][info][gc,phases      ] GC(333)   Merge Heap Roots: 1.01ms
[2026-04-03T06:49:19.197+0600][85.695s][info][gc,phases      ] GC(333)   Evacuate Collection Set: 3.28ms
[2026-04-03T06:49:19.197+0600][85.695s][info][gc,phases      ] GC(333)   Post Evacuate Collection Set: 0.94ms
[2026-04-03T06:49:19.197+0600][85.695s][info][gc,phases      ] GC(333)   Other: 0.10ms
[2026-04-03T06:49:19.197+0600][85.695s][info][gc,heap        ] GC(333) Eden regions: 142->0(144)
[2026-04-03T06:49:19.197+0600][85.695s][info][gc,heap        ] GC(333) Survivor regions: 5->4(19)
[2026-04-03T06:49:19.197+0600][85.695s][info][gc,heap        ] GC(333) Old regions: 45->44
[2026-04-03T06:49:19.197+0600][85.695s][info][gc,heap        ] GC(333) Humongous regions: 52->3
[2026-04-03T06:49:19.197+0600][85.695s][info][gc,metaspace   ] GC(333) Metaspace: 132174K(133632K)->132174K(133632K) NonClass: 115535K(116288K)->115535K(116288K) Class: 16639K(17344K)->16639K(17344K)
[2026-04-03T06:49:19.197+0600][85.695s][info][gc             ] GC(333) Pause Young (Mixed) (G1 Evacuation Pause) 483M->99M(496M) 6.103ms
[2026-04-03T06:49:19.197+0600][85.695s][info][gc,cpu         ] GC(333) User=0.03s Sys=0.01s Real=0.01s
[2026-04-03T06:49:19.198+0600][85.696s][info][gc,start       ] GC(334) Pause Young (Concurrent Start) (G1 Humongous Allocation)
[2026-04-03T06:49:19.198+0600][85.696s][info][gc,task        ] GC(334) Using 10 workers of 10 for evacuation
[2026-04-03T06:49:19.201+0600][85.700s][info][gc,phases      ] GC(334)   Pre Evacuate Collection Set: 0.29ms
[2026-04-03T06:49:19.201+0600][85.700s][info][gc,phases      ] GC(334)   Merge Heap Roots: 0.09ms
[2026-04-03T06:49:19.201+0600][85.700s][info][gc,phases      ] GC(334)   Evacuate Collection Set: 2.19ms
[2026-04-03T06:49:19.201+0600][85.700s][info][gc,phases      ] GC(334)   Post Evacuate Collection Set: 0.47ms
[2026-04-03T06:49:19.201+0600][85.700s][info][gc,phases      ] GC(334)   Other: 0.19ms
[2026-04-03T06:49:19.201+0600][85.700s][info][gc,heap        ] GC(334) Eden regions: 2->0(144)
[2026-04-03T06:49:19.201+0600][85.700s][info][gc,heap        ] GC(334) Survivor regions: 4->4(19)
[2026-04-03T06:49:19.201+0600][85.700s][info][gc,heap        ] GC(334) Old regions: 44->44
[2026-04-03T06:49:19.201+0600][85.700s][info][gc,heap        ] GC(334) Humongous regions: 3->3
[2026-04-03T06:49:19.201+0600][85.700s][info][gc,metaspace   ] GC(334) Metaspace: 132174K(133632K)->132174K(133632K) NonClass: 115535K(116288K)->115535K(116288K) Class: 16639K(17344K)->16639K(17344K)
[2026-04-03T06:49:19.201+0600][85.700s][info][gc             ] GC(334) Pause Young (Concurrent Start) (G1 Humongous Allocation) 103M->99M(496M) 3.480ms
[2026-04-03T06:49:19.201+0600][85.700s][info][gc             ] GC(335) Concurrent Mark Cycle
[2026-04-03T06:49:19.202+0600][85.700s][info][gc,cpu         ] GC(334) User=0.02s Sys=0.00s Real=0.00s
[2026-04-03T06:49:19.202+0600][85.700s][info][gc,marking     ] GC(335) Concurrent Scan Root Regions
[2026-04-03T06:49:19.205+0600][85.704s][info][gc,marking     ] GC(335) Concurrent Scan Root Regions 3.731ms
[2026-04-03T06:49:19.205+0600][85.704s][info][gc,marking     ] GC(335) Concurrent Mark
[2026-04-03T06:49:19.205+0600][85.704s][info][gc,marking     ] GC(335) Concurrent Mark From Roots
[2026-04-03T06:49:19.205+0600][85.704s][info][gc,task        ] GC(335) Using 3 workers of 3 for marking
[2026-04-03T06:49:19.288+0600][85.787s][info][gc,marking     ] GC(335) Concurrent Mark From Roots 83.020ms
[2026-04-03T06:49:19.289+0600][85.787s][info][gc,marking     ] GC(335) Concurrent Preclean
[2026-04-03T06:49:19.290+0600][85.788s][info][gc,marking     ] GC(335) Concurrent Preclean 0.946ms
[2026-04-03T06:49:19.290+0600][85.789s][info][gc,start       ] GC(335) Pause Remark
[2026-04-03T06:49:19.302+0600][85.800s][info][gc             ] GC(335) Pause Remark 543M->543M(840M) 11.621ms
[2026-04-03T06:49:19.302+0600][85.800s][info][gc,cpu         ] GC(335) User=0.06s Sys=0.00s Real=0.01s
[2026-04-03T06:49:19.302+0600][85.801s][info][gc,marking     ] GC(335) Concurrent Mark 96.694ms
[2026-04-03T06:49:19.302+0600][85.801s][info][gc,marking     ] GC(335) Concurrent Rebuild Remembered Sets and Scrub Regions
[2026-04-03T06:49:19.335+0600][85.833s][info][gc,marking     ] GC(335) Concurrent Rebuild Remembered Sets and Scrub Regions 32.465ms
[2026-04-03T06:49:19.336+0600][85.834s][info][gc,start       ] GC(335) Pause Cleanup
[2026-04-03T06:49:19.336+0600][85.834s][info][gc             ] GC(335) Pause Cleanup 566M->566M(840M) 0.398ms
[2026-04-03T06:49:19.336+0600][85.835s][info][gc,cpu         ] GC(335) User=0.00s Sys=0.00s Real=0.00s
[2026-04-03T06:49:19.336+0600][85.835s][info][gc,marking     ] GC(335) Concurrent Clear Claimed Marks
[2026-04-03T06:49:19.337+0600][85.835s][info][gc,marking     ] GC(335) Concurrent Clear Claimed Marks 0.427ms
[2026-04-03T06:49:19.337+0600][85.835s][info][gc,marking     ] GC(335) Concurrent Cleanup for Next Mark
[2026-04-03T06:49:19.341+0600][85.840s][info][gc,marking     ] GC(335) Concurrent Cleanup for Next Mark 4.249ms
[2026-04-03T06:49:19.341+0600][85.840s][info][gc             ] GC(335) Concurrent Mark Cycle 139.846ms
[2026-04-03T06:49:19.459+0600][85.958s][info][gc,start       ] GC(336) Pause Young (Prepare Mixed) (G1 Evacuation Pause)
[2026-04-03T06:49:19.460+0600][85.958s][info][gc,task        ] GC(336) Using 10 workers of 10 for evacuation
[2026-04-03T06:49:19.464+0600][85.963s][info][gc,phases      ] GC(336)   Pre Evacuate Collection Set: 0.39ms
[2026-04-03T06:49:19.464+0600][85.963s][info][gc,phases      ] GC(336)   Merge Heap Roots: 0.22ms
[2026-04-03T06:49:19.464+0600][85.963s][info][gc,phases      ] GC(336)   Evacuate Collection Set: 3.03ms
[2026-04-03T06:49:19.464+0600][85.963s][info][gc,phases      ] GC(336)   Post Evacuate Collection Set: 1.08ms
[2026-04-03T06:49:19.465+0600][85.963s][info][gc,phases      ] GC(336)   Other: 0.10ms
[2026-04-03T06:49:19.465+0600][85.963s][info][gc,heap        ] GC(336) Eden regions: 48->0(294)
[2026-04-03T06:49:19.465+0600][85.963s][info][gc,heap        ] GC(336) Survivor regions: 4->3(21)
[2026-04-03T06:49:19.465+0600][85.963s][info][gc,heap        ] GC(336) Old regions: 44->44
[2026-04-03T06:49:19.465+0600][85.963s][info][gc,heap        ] GC(336) Humongous regions: 397->12
[2026-04-03T06:49:19.465+0600][85.963s][info][gc,metaspace   ] GC(336) Metaspace: 132181K(133632K)->132181K(133632K) NonClass: 115541K(116288K)->115541K(116288K) Class: 16639K(17344K)->16639K(17344K)
[2026-04-03T06:49:19.465+0600][85.963s][info][gc             ] GC(336) Pause Young (Prepare Mixed) (G1 Evacuation Pause) 983M->116M(992M) 5.247ms
[2026-04-03T06:49:19.465+0600][85.963s][info][gc,cpu         ] GC(336) User=0.02s Sys=0.00s Real=0.01s
[2026-04-03T06:49:20.324+0600][86.823s][info][gc,start       ] GC(337) Pause Young (Mixed) (G1 Evacuation Pause)
[2026-04-03T06:49:20.324+0600][86.823s][info][gc,task        ] GC(337) Using 10 workers of 10 for evacuation
[2026-04-03T06:49:20.334+0600][86.832s][info][gc,phases      ] GC(337)   Pre Evacuate Collection Set: 0.48ms
[2026-04-03T06:49:20.334+0600][86.832s][info][gc,phases      ] GC(337)   Merge Heap Roots: 0.26ms
[2026-04-03T06:49:20.334+0600][86.832s][info][gc,phases      ] GC(337)   Evacuate Collection Set: 7.04ms
[2026-04-03T06:49:20.334+0600][86.832s][info][gc,phases      ] GC(337)   Post Evacuate Collection Set: 1.62ms
[2026-04-03T06:49:20.334+0600][86.832s][info][gc,phases      ] GC(337)   Other: 0.14ms
[2026-04-03T06:49:20.334+0600][86.832s][info][gc,heap        ] GC(337) Eden regions: 256->0(296)
[2026-04-03T06:49:20.334+0600][86.832s][info][gc,heap        ] GC(337) Survivor regions: 3->4(38)
[2026-04-03T06:49:20.334+0600][86.832s][info][gc,heap        ] GC(337) Old regions: 44->44
[2026-04-03T06:49:20.334+0600][86.832s][info][gc,heap        ] GC(337) Humongous regions: 193->3
[2026-04-03T06:49:20.334+0600][86.832s][info][gc,metaspace   ] GC(337) Metaspace: 132197K(133632K)->132197K(133632K) NonClass: 115557K(116288K)->115557K(116288K) Class: 16639K(17344K)->16639K(17344K)
[2026-04-03T06:49:20.334+0600][86.832s][info][gc             ] GC(337) Pause Young (Mixed) (G1 Evacuation Pause) 990M->99M(1002M) 9.902ms
[2026-04-03T06:49:20.334+0600][86.833s][info][gc,cpu         ] GC(337) User=0.05s Sys=0.03s Real=0.01s
[2026-04-03T06:49:20.405+0600][86.903s][info][gc,start       ] GC(338) Pause Young (Concurrent Start) (G1 Humongous Allocation)
[2026-04-03T06:49:20.405+0600][86.903s][info][gc,task        ] GC(338) Using 10 workers of 10 for evacuation
[2026-04-03T06:49:20.409+0600][86.908s][info][gc,phases      ] GC(338)   Pre Evacuate Collection Set: 0.46ms
[2026-04-03T06:49:20.409+0600][86.908s][info][gc,phases      ] GC(338)   Merge Heap Roots: 0.20ms
[2026-04-03T06:49:20.409+0600][86.908s][info][gc,phases      ] GC(338)   Evacuate Collection Set: 2.88ms
[2026-04-03T06:49:20.409+0600][86.908s][info][gc,phases      ] GC(338)   Post Evacuate Collection Set: 0.74ms
[2026-04-03T06:49:20.409+0600][86.908s][info][gc,phases      ] GC(338)   Other: 0.19ms
[2026-04-03T06:49:20.409+0600][86.908s][info][gc,heap        ] GC(338) Eden regions: 29->0(297)
[2026-04-03T06:49:20.409+0600][86.908s][info][gc,heap        ] GC(338) Survivor regions: 4->3(38)
[2026-04-03T06:49:20.409+0600][86.908s][info][gc,heap        ] GC(338) Old regions: 44->44
[2026-04-03T06:49:20.409+0600][86.908s][info][gc,heap        ] GC(338) Humongous regions: 20->3
[2026-04-03T06:49:20.409+0600][86.908s][info][gc,metaspace   ] GC(338) Metaspace: 132197K(133632K)->132197K(133632K) NonClass: 115557K(116288K)->115557K(116288K) Class: 16639K(17344K)->16639K(17344K)
[2026-04-03T06:49:20.409+0600][86.908s][info][gc             ] GC(338) Pause Young (Concurrent Start) (G1 Humongous Allocation) 189M->98M(1002M) 4.873ms
[2026-04-03T06:49:20.409+0600][86.908s][info][gc             ] GC(339) Concurrent Undo Cycle
[2026-04-03T06:49:20.409+0600][86.908s][info][gc,cpu         ] GC(338) User=0.03s Sys=0.00s Real=0.00s
[2026-04-03T06:49:20.410+0600][86.908s][info][gc,marking     ] GC(339) Concurrent Clear Claimed Marks
[2026-04-03T06:49:20.410+0600][86.908s][info][gc,marking     ] GC(339) Concurrent Clear Claimed Marks 0.353ms
[2026-04-03T06:49:20.410+0600][86.908s][info][gc,marking     ] GC(339) Concurrent Cleanup for Next Mark
[2026-04-03T06:49:20.410+0600][86.909s][info][gc,marking     ] GC(339) Concurrent Cleanup for Next Mark 0.394ms
[2026-04-03T06:49:20.410+0600][86.909s][info][gc             ] GC(339) Concurrent Undo Cycle 1.002ms
[2026-04-03T06:49:20.491+0600][86.989s][info][gc,start       ] GC(340) Pause Young (Concurrent Start) (G1 Humongous Allocation)
[2026-04-03T06:49:20.491+0600][86.989s][info][gc,task        ] GC(340) Using 10 workers of 10 for evacuation
[2026-04-03T06:49:20.497+0600][86.995s][info][gc,phases      ] GC(340)   Pre Evacuate Collection Set: 0.69ms
[2026-04-03T06:49:20.497+0600][86.995s][info][gc,phases      ] GC(340)   Merge Heap Roots: 0.29ms
[2026-04-03T06:49:20.497+0600][86.995s][info][gc,phases      ] GC(340)   Evacuate Collection Set: 3.25ms
[2026-04-03T06:49:20.497+0600][86.995s][info][gc,phases      ] GC(340)   Post Evacuate Collection Set: 1.24ms
[2026-04-03T06:49:20.497+0600][86.995s][info][gc,phases      ] GC(340)   Other: 0.35ms
[2026-04-03T06:49:20.497+0600][86.995s][info][gc,heap        ] GC(340) Eden regions: 27->0(332)
[2026-04-03T06:49:20.497+0600][86.995s][info][gc,heap        ] GC(340) Survivor regions: 3->4(38)
[2026-04-03T06:49:20.497+0600][86.995s][info][gc,heap        ] GC(340) Old regions: 44->44
[2026-04-03T06:49:20.497+0600][86.995s][info][gc,heap        ] GC(340) Humongous regions: 21->3
[2026-04-03T06:49:20.497+0600][86.995s][info][gc,metaspace   ] GC(340) Metaspace: 132197K(133632K)->132197K(133632K) NonClass: 115557K(116288K)->115557K(116288K) Class: 16639K(17344K)->16639K(17344K)
[2026-04-03T06:49:20.497+0600][86.995s][info][gc             ] GC(340) Pause Young (Concurrent Start) (G1 Humongous Allocation) 188M->100M(1120M) 6.177ms
[2026-04-03T06:49:20.497+0600][86.996s][info][gc             ] GC(341) Concurrent Undo Cycle
[2026-04-03T06:49:20.497+0600][86.996s][info][gc,cpu         ] GC(340) User=0.03s Sys=0.01s Real=0.01s
[2026-04-03T06:49:20.497+0600][86.996s][info][gc,marking     ] GC(341) Concurrent Clear Claimed Marks
[2026-04-03T06:49:20.498+0600][86.996s][info][gc,marking     ] GC(341) Concurrent Clear Claimed Marks 0.360ms
[2026-04-03T06:49:20.498+0600][86.996s][info][gc,marking     ] GC(341) Concurrent Cleanup for Next Mark
[2026-04-03T06:49:20.498+0600][86.996s][info][gc,marking     ] GC(341) Concurrent Cleanup for Next Mark 0.340ms
[2026-04-03T06:49:20.498+0600][86.996s][info][gc             ] GC(341) Concurrent Undo Cycle 0.949ms
[2026-04-03T06:49:20.682+0600][87.181s][info][gc,start       ] GC(342) Pause Young (Concurrent Start) (G1 Humongous Allocation)
[2026-04-03T06:49:20.682+0600][87.181s][info][gc,task        ] GC(342) Using 10 workers of 10 for evacuation
[2026-04-03T06:49:20.689+0600][87.188s][info][gc,phases      ] GC(342)   Pre Evacuate Collection Set: 0.53ms
[2026-04-03T06:49:20.689+0600][87.188s][info][gc,phases      ] GC(342)   Merge Heap Roots: 0.27ms
[2026-04-03T06:49:20.689+0600][87.188s][info][gc,phases      ] GC(342)   Evacuate Collection Set: 4.70ms
[2026-04-03T06:49:20.689+0600][87.188s][info][gc,phases      ] GC(342)   Post Evacuate Collection Set: 0.96ms
[2026-04-03T06:49:20.689+0600][87.188s][info][gc,phases      ] GC(342)   Other: 0.24ms
[2026-04-03T06:49:20.689+0600][87.188s][info][gc,heap        ] GC(342) Eden regions: 57->0(332)
[2026-04-03T06:49:20.689+0600][87.188s][info][gc,heap        ] GC(342) Survivor regions: 4->4(42)
[2026-04-03T06:49:20.689+0600][87.188s][info][gc,heap        ] GC(342) Old regions: 44->44
[2026-04-03T06:49:20.689+0600][87.188s][info][gc,heap        ] GC(342) Humongous regions: 45->3
[2026-04-03T06:49:20.689+0600][87.188s][info][gc,metaspace   ] GC(342) Metaspace: 132197K(133632K)->132197K(133632K) NonClass: 115557K(116288K)->115557K(116288K) Class: 16639K(17344K)->16639K(17344K)
[2026-04-03T06:49:20.689+0600][87.188s][info][gc             ] GC(342) Pause Young (Concurrent Start) (G1 Humongous Allocation) 298M->101M(1120M) 7.122ms
[2026-04-03T06:49:20.689+0600][87.188s][info][gc             ] GC(343) Concurrent Undo Cycle
[2026-04-03T06:49:20.690+0600][87.188s][info][gc,cpu         ] GC(342) User=0.04s Sys=0.01s Real=0.01s
[2026-04-03T06:49:20.690+0600][87.188s][info][gc,marking     ] GC(343) Concurrent Clear Claimed Marks
[2026-04-03T06:49:20.690+0600][87.189s][info][gc,marking     ] GC(343) Concurrent Clear Claimed Marks 0.411ms
[2026-04-03T06:49:20.690+0600][87.189s][info][gc,marking     ] GC(343) Concurrent Cleanup for Next Mark
[2026-04-03T06:49:20.691+0600][87.189s][info][gc,marking     ] GC(343) Concurrent Cleanup for Next Mark 0.444ms
[2026-04-03T06:49:20.691+0600][87.189s][info][gc             ] GC(343) Concurrent Undo Cycle 1.179ms
[2026-04-03T06:49:20.846+0600][87.344s][info][gc,start       ] GC(344) Pause Young (Concurrent Start) (G1 Humongous Allocation)
[2026-04-03T06:49:20.846+0600][87.345s][info][gc,task        ] GC(344) Using 10 workers of 10 for evacuation
[2026-04-03T06:49:20.851+0600][87.349s][info][gc,phases      ] GC(344)   Pre Evacuate Collection Set: 2.22ms
[2026-04-03T06:49:20.851+0600][87.349s][info][gc,phases      ] GC(344)   Merge Heap Roots: 0.15ms
[2026-04-03T06:49:20.851+0600][87.349s][info][gc,phases      ] GC(344)   Evacuate Collection Set: 1.56ms
[2026-04-03T06:49:20.851+0600][87.349s][info][gc,phases      ] GC(344)   Post Evacuate Collection Set: 0.68ms
[2026-04-03T06:49:20.851+0600][87.349s][info][gc,phases      ] GC(344)   Other: 0.17ms
[2026-04-03T06:49:20.851+0600][87.349s][info][gc,heap        ] GC(344) Eden regions: 46->0(333)
[2026-04-03T06:49:20.851+0600][87.349s][info][gc,heap        ] GC(344) Survivor regions: 4->3(42)
[2026-04-03T06:49:20.851+0600][87.349s][info][gc,heap        ] GC(344) Old regions: 44->44
[2026-04-03T06:49:20.851+0600][87.349s][info][gc,heap        ] GC(344) Humongous regions: 47->3
[2026-04-03T06:49:20.851+0600][87.349s][info][gc,metaspace   ] GC(344) Metaspace: 132197K(133632K)->132197K(133632K) NonClass: 115557K(116288K)->115557K(116288K) Class: 16639K(17344K)->16639K(17344K)
[2026-04-03T06:49:20.851+0600][87.350s][info][gc             ] GC(344) Pause Young (Concurrent Start) (G1 Humongous Allocation) 280M->98M(1120M) 5.039ms
[2026-04-03T06:49:20.851+0600][87.350s][info][gc             ] GC(345) Concurrent Undo Cycle
[2026-04-03T06:49:20.851+0600][87.350s][info][gc,cpu         ] GC(344) User=0.02s Sys=0.00s Real=0.00s
[2026-04-03T06:49:20.851+0600][87.350s][info][gc,marking     ] GC(345) Concurrent Clear Claimed Marks
[2026-04-03T06:49:20.852+0600][87.350s][info][gc,marking     ] GC(345) Concurrent Clear Claimed Marks 0.302ms
[2026-04-03T06:49:20.852+0600][87.350s][info][gc,marking     ] GC(345) Concurrent Cleanup for Next Mark
[2026-04-03T06:49:20.852+0600][87.350s][info][gc,marking     ] GC(345) Concurrent Cleanup for Next Mark 0.310ms
[2026-04-03T06:49:20.852+0600][87.350s][info][gc             ] GC(345) Concurrent Undo Cycle 0.869ms
[2026-04-03T06:49:21.311+0600][87.810s][info][gc,start       ] GC(346) Pause Young (Concurrent Start) (G1 Humongous Allocation)
[2026-04-03T06:49:21.311+0600][87.810s][info][gc,task        ] GC(346) Using 10 workers of 10 for evacuation
[2026-04-03T06:49:21.315+0600][87.813s][info][gc,phases      ] GC(346)   Pre Evacuate Collection Set: 0.37ms
[2026-04-03T06:49:21.315+0600][87.813s][info][gc,phases      ] GC(346)   Merge Heap Roots: 0.28ms
[2026-04-03T06:49:21.315+0600][87.813s][info][gc,phases      ] GC(346)   Evacuate Collection Set: 1.83ms
[2026-04-03T06:49:21.315+0600][87.813s][info][gc,phases      ] GC(346)   Post Evacuate Collection Set: 0.70ms
[2026-04-03T06:49:21.315+0600][87.813s][info][gc,phases      ] GC(346)   Other: 0.35ms
[2026-04-03T06:49:21.315+0600][87.813s][info][gc,heap        ] GC(346) Eden regions: 122->0(333)
[2026-04-03T06:49:21.315+0600][87.813s][info][gc,heap        ] GC(346) Survivor regions: 3->3(42)
[2026-04-03T06:49:21.315+0600][87.814s][info][gc,heap        ] GC(346) Old regions: 44->45
[2026-04-03T06:49:21.315+0600][87.814s][info][gc,heap        ] GC(346) Humongous regions: 50->3
[2026-04-03T06:49:21.315+0600][87.814s][info][gc,metaspace   ] GC(346) Metaspace: 132199K(133632K)->132199K(133632K) NonClass: 115559K(116288K)->115559K(116288K) Class: 16639K(17344K)->16639K(17344K)
[2026-04-03T06:49:21.315+0600][87.814s][info][gc             ] GC(346) Pause Young (Concurrent Start) (G1 Humongous Allocation) 436M->98M(1120M) 3.834ms
[2026-04-03T06:49:21.315+0600][87.814s][info][gc             ] GC(347) Concurrent Undo Cycle
[2026-04-03T06:49:21.315+0600][87.814s][info][gc,cpu         ] GC(346) User=0.02s Sys=0.00s Real=0.01s
[2026-04-03T06:49:21.315+0600][87.814s][info][gc,marking     ] GC(347) Concurrent Clear Claimed Marks
[2026-04-03T06:49:21.316+0600][87.814s][info][gc,marking     ] GC(347) Concurrent Clear Claimed Marks 0.346ms
[2026-04-03T06:49:21.316+0600][87.814s][info][gc,marking     ] GC(347) Concurrent Cleanup for Next Mark
[2026-04-03T06:49:21.316+0600][87.814s][info][gc,marking     ] GC(347) Concurrent Cleanup for Next Mark 0.313ms
[2026-04-03T06:49:21.316+0600][87.815s][info][gc             ] GC(347) Concurrent Undo Cycle 0.976ms
[2026-04-03T06:49:21.488+0600][87.986s][info][gc,start       ] GC(348) Pause Young (Concurrent Start) (G1 Humongous Allocation)
[2026-04-03T06:49:21.488+0600][87.987s][info][gc,task        ] GC(348) Using 10 workers of 10 for evacuation
[2026-04-03T06:49:21.493+0600][87.991s][info][gc,phases      ] GC(348)   Pre Evacuate Collection Set: 0.53ms
[2026-04-03T06:49:21.493+0600][87.991s][info][gc,phases      ] GC(348)   Merge Heap Roots: 0.16ms
[2026-04-03T06:49:21.493+0600][87.991s][info][gc,phases      ] GC(348)   Evacuate Collection Set: 2.92ms
[2026-04-03T06:49:21.493+0600][87.991s][info][gc,phases      ] GC(348)   Post Evacuate Collection Set: 0.69ms
[2026-04-03T06:49:21.493+0600][87.991s][info][gc,phases      ] GC(348)   Other: 0.18ms
[2026-04-03T06:49:21.493+0600][87.991s][info][gc,heap        ] GC(348) Eden regions: 69->0(333)
[2026-04-03T06:49:21.493+0600][87.991s][info][gc,heap        ] GC(348) Survivor regions: 3->3(42)
[2026-04-03T06:49:21.493+0600][87.991s][info][gc,heap        ] GC(348) Old regions: 45->45
[2026-04-03T06:49:21.493+0600][87.991s][info][gc,heap        ] GC(348) Humongous regions: 53->3
[2026-04-03T06:49:21.493+0600][87.991s][info][gc,metaspace   ] GC(348) Metaspace: 132200K(133632K)->132200K(133632K) NonClass: 115560K(116288K)->115560K(116288K) Class: 16639K(17344K)->16639K(17344K)
[2026-04-03T06:49:21.493+0600][87.991s][info][gc             ] GC(348) Pause Young (Concurrent Start) (G1 Humongous Allocation) 335M->98M(1120M) 4.867ms
[2026-04-03T06:49:21.493+0600][87.991s][info][gc             ] GC(349) Concurrent Undo Cycle
[2026-04-03T06:49:21.493+0600][87.991s][info][gc,cpu         ] GC(348) User=0.04s Sys=0.00s Real=0.00s
[2026-04-03T06:49:21.493+0600][87.992s][info][gc,marking     ] GC(349) Concurrent Clear Claimed Marks
[2026-04-03T06:49:21.494+0600][87.992s][info][gc,marking     ] GC(349) Concurrent Clear Claimed Marks 0.412ms
[2026-04-03T06:49:21.494+0600][87.992s][info][gc,marking     ] GC(349) Concurrent Cleanup for Next Mark
[2026-04-03T06:49:21.494+0600][87.992s][info][gc,marking     ] GC(349) Concurrent Cleanup for Next Mark 0.302ms
[2026-04-03T06:49:21.494+0600][87.992s][info][gc             ] GC(349) Concurrent Undo Cycle 1.007ms
[2026-04-03T06:49:21.691+0600][88.189s][info][gc,start       ] GC(350) Pause Young (Concurrent Start) (G1 Humongous Allocation)
[2026-04-03T06:49:21.691+0600][88.190s][info][gc,task        ] GC(350) Using 10 workers of 10 for evacuation
[2026-04-03T06:49:21.697+0600][88.196s][info][gc,phases      ] GC(350)   Pre Evacuate Collection Set: 0.52ms
[2026-04-03T06:49:21.697+0600][88.196s][info][gc,phases      ] GC(350)   Merge Heap Roots: 0.17ms
[2026-04-03T06:49:21.697+0600][88.196s][info][gc,phases      ] GC(350)   Evacuate Collection Set: 3.16ms
[2026-04-03T06:49:21.697+0600][88.196s][info][gc,phases      ] GC(350)   Post Evacuate Collection Set: 2.08ms
[2026-04-03T06:49:21.697+0600][88.196s][info][gc,phases      ] GC(350)   Other: 0.18ms
[2026-04-03T06:49:21.697+0600][88.196s][info][gc,heap        ] GC(350) Eden regions: 66->0(332)
[2026-04-03T06:49:21.697+0600][88.196s][info][gc,heap        ] GC(350) Survivor regions: 3->4(42)
[2026-04-03T06:49:21.697+0600][88.196s][info][gc,heap        ] GC(350) Old regions: 45->45
[2026-04-03T06:49:21.697+0600][88.196s][info][gc,heap        ] GC(350) Humongous regions: 56->3
[2026-04-03T06:49:21.697+0600][88.196s][info][gc,metaspace   ] GC(350) Metaspace: 132200K(133632K)->132200K(133632K) NonClass: 115560K(116288K)->115560K(116288K) Class: 16639K(17344K)->16639K(17344K)
[2026-04-03T06:49:21.698+0600][88.196s][info][gc             ] GC(350) Pause Young (Concurrent Start) (G1 Humongous Allocation) 335M->100M(1120M) 6.555ms
[2026-04-03T06:49:21.698+0600][88.196s][info][gc,cpu         ] GC(350) User=0.04s Sys=0.00s Real=0.01s
[2026-04-03T06:49:21.698+0600][88.196s][info][gc             ] GC(351) Concurrent Undo Cycle
[2026-04-03T06:49:21.698+0600][88.196s][info][gc,marking     ] GC(351) Concurrent Clear Claimed Marks
[2026-04-03T06:49:21.698+0600][88.197s][info][gc,marking     ] GC(351) Concurrent Clear Claimed Marks 0.441ms
[2026-04-03T06:49:21.698+0600][88.197s][info][gc,marking     ] GC(351) Concurrent Cleanup for Next Mark
[2026-04-03T06:49:21.699+0600][88.197s][info][gc,marking     ] GC(351) Concurrent Cleanup for Next Mark 0.321ms
[2026-04-03T06:49:21.699+0600][88.197s][info][gc             ] GC(351) Concurrent Undo Cycle 1.072ms
[2026-04-03T06:49:21.888+0600][88.387s][info][gc,start       ] GC(352) Pause Young (Concurrent Start) (G1 Humongous Allocation)
[2026-04-03T06:49:21.888+0600][88.387s][info][gc,task        ] GC(352) Using 10 workers of 10 for evacuation
[2026-04-03T06:49:21.893+0600][88.392s][info][gc,phases      ] GC(352)   Pre Evacuate Collection Set: 0.51ms
[2026-04-03T06:49:21.893+0600][88.392s][info][gc,phases      ] GC(352)   Merge Heap Roots: 0.20ms
[2026-04-03T06:49:21.893+0600][88.392s][info][gc,phases      ] GC(352)   Evacuate Collection Set: 3.28ms
[2026-04-03T06:49:21.893+0600][88.392s][info][gc,phases      ] GC(352)   Post Evacuate Collection Set: 0.65ms
[2026-04-03T06:49:21.893+0600][88.392s][info][gc,phases      ] GC(352)   Other: 0.13ms
[2026-04-03T06:49:21.893+0600][88.392s][info][gc,heap        ] GC(352) Eden regions: 76->0(332)
[2026-04-03T06:49:21.893+0600][88.392s][info][gc,heap        ] GC(352) Survivor regions: 4->4(42)
[2026-04-03T06:49:21.893+0600][88.392s][info][gc,heap        ] GC(352) Old regions: 45->45
[2026-04-03T06:49:21.893+0600][88.392s][info][gc,heap        ] GC(352) Humongous regions: 59->3
[2026-04-03T06:49:21.893+0600][88.392s][info][gc,metaspace   ] GC(352) Metaspace: 132200K(133632K)->132200K(133632K) NonClass: 115560K(116288K)->115560K(116288K) Class: 16639K(17344K)->16639K(17344K)
[2026-04-03T06:49:21.893+0600][88.392s][info][gc             ] GC(352) Pause Young (Concurrent Start) (G1 Humongous Allocation) 364M->100M(1120M) 5.133ms
[2026-04-03T06:49:21.894+0600][88.392s][info][gc             ] GC(353) Concurrent Undo Cycle
[2026-04-03T06:49:21.894+0600][88.392s][info][gc,cpu         ] GC(352) User=0.03s Sys=0.00s Real=0.01s
[2026-04-03T06:49:21.894+0600][88.392s][info][gc,marking     ] GC(353) Concurrent Clear Claimed Marks
[2026-04-03T06:49:21.894+0600][88.393s][info][gc,marking     ] GC(353) Concurrent Clear Claimed Marks 0.371ms
[2026-04-03T06:49:21.894+0600][88.393s][info][gc,marking     ] GC(353) Concurrent Cleanup for Next Mark
[2026-04-03T06:49:21.895+0600][88.393s][info][gc,marking     ] GC(353) Concurrent Cleanup for Next Mark 0.343ms
[2026-04-03T06:49:21.895+0600][88.393s][info][gc             ] GC(353) Concurrent Undo Cycle 0.986ms
[2026-04-03T06:49:22.168+0600][88.667s][info][gc,start       ] GC(354) Pause Young (Concurrent Start) (G1 Humongous Allocation)
[2026-04-03T06:49:22.168+0600][88.667s][info][gc,task        ] GC(354) Using 10 workers of 10 for evacuation
[2026-04-03T06:49:22.174+0600][88.672s][info][gc,phases      ] GC(354)   Pre Evacuate Collection Set: 1.32ms
[2026-04-03T06:49:22.174+0600][88.672s][info][gc,phases      ] GC(354)   Merge Heap Roots: 0.69ms
[2026-04-03T06:49:22.174+0600][88.672s][info][gc,phases      ] GC(354)   Evacuate Collection Set: 2.39ms
[2026-04-03T06:49:22.174+0600][88.672s][info][gc,phases      ] GC(354)   Post Evacuate Collection Set: 0.89ms
[2026-04-03T06:49:22.174+0600][88.672s][info][gc,phases      ] GC(354)   Other: 0.20ms
[2026-04-03T06:49:22.174+0600][88.672s][info][gc,heap        ] GC(354) Eden regions: 82->0(331)
[2026-04-03T06:49:22.174+0600][88.672s][info][gc,heap        ] GC(354) Survivor regions: 4->5(42)
[2026-04-03T06:49:22.174+0600][88.672s][info][gc,heap        ] GC(354) Old regions: 45->45
[2026-04-03T06:49:22.174+0600][88.672s][info][gc,heap        ] GC(354) Humongous regions: 62->3
[2026-04-03T06:49:22.174+0600][88.672s][info][gc,metaspace   ] GC(354) Metaspace: 132200K(133632K)->132200K(133632K) NonClass: 115560K(116288K)->115560K(116288K) Class: 16639K(17344K)->16639K(17344K)
[2026-04-03T06:49:22.174+0600][88.672s][info][gc             ] GC(354) Pause Young (Concurrent Start) (G1 Humongous Allocation) 381M->101M(1120M) 5.828ms
[2026-04-03T06:49:22.174+0600][88.672s][info][gc,cpu         ] GC(354) User=0.03s Sys=0.00s Real=0.01s
[2026-04-03T06:49:22.174+0600][88.672s][info][gc             ] GC(355) Concurrent Undo Cycle
[2026-04-03T06:49:22.174+0600][88.673s][info][gc,marking     ] GC(355) Concurrent Clear Claimed Marks
[2026-04-03T06:49:22.175+0600][88.673s][info][gc,marking     ] GC(355) Concurrent Clear Claimed Marks 0.365ms
[2026-04-03T06:49:22.175+0600][88.673s][info][gc,marking     ] GC(355) Concurrent Cleanup for Next Mark
[2026-04-03T06:49:22.175+0600][88.673s][info][gc,marking     ] GC(355) Concurrent Cleanup for Next Mark 0.341ms
[2026-04-03T06:49:22.175+0600][88.673s][info][gc             ] GC(355) Concurrent Undo Cycle 0.952ms
[2026-04-03T06:49:22.541+0600][89.039s][info][gc,start       ] GC(356) Pause Young (Concurrent Start) (G1 Humongous Allocation)
[2026-04-03T06:49:22.541+0600][89.039s][info][gc,task        ] GC(356) Using 10 workers of 10 for evacuation
[2026-04-03T06:49:22.545+0600][89.044s][info][gc,phases      ] GC(356)   Pre Evacuate Collection Set: 0.40ms
[2026-04-03T06:49:22.546+0600][89.044s][info][gc,phases      ] GC(356)   Merge Heap Roots: 1.13ms
[2026-04-03T06:49:22.546+0600][89.044s][info][gc,phases      ] GC(356)   Evacuate Collection Set: 2.18ms
[2026-04-03T06:49:22.546+0600][89.044s][info][gc,phases      ] GC(356)   Post Evacuate Collection Set: 0.88ms
[2026-04-03T06:49:22.546+0600][89.044s][info][gc,phases      ] GC(356)   Other: 0.12ms
[2026-04-03T06:49:22.546+0600][89.044s][info][gc,heap        ] GC(356) Eden regions: 148->0(332)
[2026-04-03T06:49:22.546+0600][89.044s][info][gc,heap        ] GC(356) Survivor regions: 5->4(42)
[2026-04-03T06:49:22.546+0600][89.044s][info][gc,heap        ] GC(356) Old regions: 45->45
[2026-04-03T06:49:22.546+0600][89.044s][info][gc,heap        ] GC(356) Humongous regions: 63->9
[2026-04-03T06:49:22.546+0600][89.044s][info][gc,metaspace   ] GC(356) Metaspace: 132204K(133696K)->132204K(133696K) NonClass: 115564K(116352K)->115564K(116352K) Class: 16639K(17344K)->16639K(17344K)
[2026-04-03T06:49:22.546+0600][89.044s][info][gc             ] GC(356) Pause Young (Concurrent Start) (G1 Humongous Allocation) 515M->113M(1120M) 5.021ms
[2026-04-03T06:49:22.546+0600][89.044s][info][gc,cpu         ] GC(356) User=0.03s Sys=0.00s Real=0.01s
[2026-04-03T06:49:22.546+0600][89.044s][info][gc             ] GC(357) Concurrent Undo Cycle
[2026-04-03T06:49:22.546+0600][89.044s][info][gc,marking     ] GC(357) Concurrent Clear Claimed Marks
[2026-04-03T06:49:22.546+0600][89.045s][info][gc,marking     ] GC(357) Concurrent Clear Claimed Marks 0.339ms
[2026-04-03T06:49:22.546+0600][89.045s][info][gc,marking     ] GC(357) Concurrent Cleanup for Next Mark
[2026-04-03T06:49:22.547+0600][89.045s][info][gc,marking     ] GC(357) Concurrent Cleanup for Next Mark 0.402ms
[2026-04-03T06:49:22.547+0600][89.045s][info][gc             ] GC(357) Concurrent Undo Cycle 1.032ms
[2026-04-03T06:49:22.554+0600][89.052s][info][gc,start       ] GC(358) Pause Young (Concurrent Start) (G1 Humongous Allocation)
[2026-04-03T06:49:22.554+0600][89.052s][info][gc,task        ] GC(358) Using 10 workers of 10 for evacuation
[2026-04-03T06:49:22.558+0600][89.057s][info][gc,phases      ] GC(358)   Pre Evacuate Collection Set: 0.54ms
[2026-04-03T06:49:22.558+0600][89.057s][info][gc,phases      ] GC(358)   Merge Heap Roots: 0.20ms
[2026-04-03T06:49:22.558+0600][89.057s][info][gc,phases      ] GC(358)   Evacuate Collection Set: 2.75ms
[2026-04-03T06:49:22.558+0600][89.057s][info][gc,phases      ] GC(358)   Post Evacuate Collection Set: 0.71ms
[2026-04-03T06:49:22.558+0600][89.057s][info][gc,phases      ] GC(358)   Other: 0.21ms
[2026-04-03T06:49:22.559+0600][89.057s][info][gc,heap        ] GC(358) Eden regions: 5->0(331)
[2026-04-03T06:49:22.559+0600][89.057s][info][gc,heap        ] GC(358) Survivor regions: 4->5(42)
[2026-04-03T06:49:22.559+0600][89.057s][info][gc,heap        ] GC(358) Old regions: 45->45
[2026-04-03T06:49:22.559+0600][89.057s][info][gc,heap        ] GC(358) Humongous regions: 66->12
[2026-04-03T06:49:22.559+0600][89.057s][info][gc,metaspace   ] GC(358) Metaspace: 132204K(133696K)->132204K(133696K) NonClass: 115564K(116352K)->115564K(116352K) Class: 16639K(17344K)->16639K(17344K)
[2026-04-03T06:49:22.559+0600][89.057s][info][gc             ] GC(358) Pause Young (Concurrent Start) (G1 Humongous Allocation) 236M->120M(1120M) 5.029ms
[2026-04-03T06:49:22.559+0600][89.057s][info][gc,cpu         ] GC(358) User=0.03s Sys=0.00s Real=0.00s
[2026-04-03T06:49:22.559+0600][89.057s][info][gc             ] GC(359) Concurrent Undo Cycle
[2026-04-03T06:49:22.559+0600][89.057s][info][gc,marking     ] GC(359) Concurrent Clear Claimed Marks
[2026-04-03T06:49:22.559+0600][89.058s][info][gc,marking     ] GC(359) Concurrent Clear Claimed Marks 0.413ms
[2026-04-03T06:49:22.559+0600][89.058s][info][gc,marking     ] GC(359) Concurrent Cleanup for Next Mark
[2026-04-03T06:49:22.560+0600][89.058s][info][gc,marking     ] GC(359) Concurrent Cleanup for Next Mark 0.416ms
[2026-04-03T06:49:22.560+0600][89.058s][info][gc             ] GC(359) Concurrent Undo Cycle 1.132ms
[2026-04-03T06:49:22.562+0600][89.061s][info][gc,start       ] GC(360) Pause Young (Concurrent Start) (G1 Humongous Allocation)
[2026-04-03T06:49:22.563+0600][89.061s][info][gc,task        ] GC(360) Using 10 workers of 10 for evacuation
[2026-04-03T06:49:22.567+0600][89.065s][info][gc,phases      ] GC(360)   Pre Evacuate Collection Set: 0.61ms
[2026-04-03T06:49:22.567+0600][89.065s][info][gc,phases      ] GC(360)   Merge Heap Roots: 0.20ms
[2026-04-03T06:49:22.567+0600][89.065s][info][gc,phases      ] GC(360)   Evacuate Collection Set: 2.34ms
[2026-04-03T06:49:22.567+0600][89.065s][info][gc,phases      ] GC(360)   Post Evacuate Collection Set: 0.93ms
[2026-04-03T06:49:22.567+0600][89.065s][info][gc,phases      ] GC(360)   Other: 0.24ms
[2026-04-03T06:49:22.567+0600][89.066s][info][gc,heap        ] GC(360) Eden regions: 3->0(331)
[2026-04-03T06:49:22.567+0600][89.066s][info][gc,heap        ] GC(360) Survivor regions: 5->5(42)
[2026-04-03T06:49:22.567+0600][89.066s][info][gc,heap        ] GC(360) Old regions: 45->45
[2026-04-03T06:49:22.567+0600][89.066s][info][gc,heap        ] GC(360) Humongous regions: 30->6
[2026-04-03T06:49:22.567+0600][89.066s][info][gc,metaspace   ] GC(360) Metaspace: 132204K(133696K)->132204K(133696K) NonClass: 115564K(116352K)->115564K(116352K) Class: 16639K(17344K)->16639K(17344K)
[2026-04-03T06:49:22.567+0600][89.066s][info][gc             ] GC(360) Pause Young (Concurrent Start) (G1 Humongous Allocation) 161M->108M(1120M) 4.813ms
[2026-04-03T06:49:22.567+0600][89.066s][info][gc             ] GC(361) Concurrent Undo Cycle
[2026-04-03T06:49:22.567+0600][89.066s][info][gc,cpu         ] GC(360) User=0.03s Sys=0.01s Real=0.01s
[2026-04-03T06:49:22.567+0600][89.066s][info][gc,marking     ] GC(361) Concurrent Clear Claimed Marks
[2026-04-03T06:49:22.568+0600][89.066s][info][gc,marking     ] GC(361) Concurrent Clear Claimed Marks 0.370ms
[2026-04-03T06:49:22.568+0600][89.066s][info][gc,marking     ] GC(361) Concurrent Cleanup for Next Mark
[2026-04-03T06:49:22.569+0600][89.067s][info][gc,marking     ] GC(361) Concurrent Cleanup for Next Mark 0.776ms
[2026-04-03T06:49:22.569+0600][89.067s][info][gc             ] GC(361) Concurrent Undo Cycle 1.390ms
[2026-04-03T06:49:22.572+0600][89.071s][info][gc,start       ] GC(362) Pause Young (Concurrent Start) (G1 Humongous Allocation)
[2026-04-03T06:49:22.573+0600][89.071s][info][gc,task        ] GC(362) Using 10 workers of 10 for evacuation
[2026-04-03T06:49:22.577+0600][89.075s][info][gc,phases      ] GC(362)   Pre Evacuate Collection Set: 0.51ms
[2026-04-03T06:49:22.577+0600][89.075s][info][gc,phases      ] GC(362)   Merge Heap Roots: 0.20ms
[2026-04-03T06:49:22.577+0600][89.075s][info][gc,phases      ] GC(362)   Evacuate Collection Set: 2.44ms
[2026-04-03T06:49:22.577+0600][89.075s][info][gc,phases      ] GC(362)   Post Evacuate Collection Set: 0.70ms
[2026-04-03T06:49:22.577+0600][89.075s][info][gc,phases      ] GC(362)   Other: 0.23ms
[2026-04-03T06:49:22.577+0600][89.075s][info][gc,heap        ] GC(362) Eden regions: 3->0(331)
[2026-04-03T06:49:22.577+0600][89.075s][info][gc,heap        ] GC(362) Survivor regions: 5->5(42)
[2026-04-03T06:49:22.577+0600][89.075s][info][gc,heap        ] GC(362) Old regions: 45->45
[2026-04-03T06:49:22.577+0600][89.075s][info][gc,heap        ] GC(362) Humongous regions: 33->6
[2026-04-03T06:49:22.577+0600][89.075s][info][gc,metaspace   ] GC(362) Metaspace: 132204K(133696K)->132204K(133696K) NonClass: 115564K(116352K)->115564K(116352K) Class: 16639K(17344K)->16639K(17344K)
[2026-04-03T06:49:22.577+0600][89.075s][info][gc             ] GC(362) Pause Young (Concurrent Start) (G1 Humongous Allocation) 167M->108M(1120M) 4.545ms
[2026-04-03T06:49:22.577+0600][89.075s][info][gc             ] GC(363) Concurrent Undo Cycle
[2026-04-03T06:49:22.577+0600][89.076s][info][gc,cpu         ] GC(362) User=0.02s Sys=0.00s Real=0.01s
[2026-04-03T06:49:22.577+0600][89.076s][info][gc,marking     ] GC(363) Concurrent Clear Claimed Marks
[2026-04-03T06:49:22.577+0600][89.076s][info][gc,marking     ] GC(363) Concurrent Clear Claimed Marks 0.348ms
[2026-04-03T06:49:22.577+0600][89.076s][info][gc,marking     ] GC(363) Concurrent Cleanup for Next Mark
[2026-04-03T06:49:22.579+0600][89.078s][info][gc,marking     ] GC(363) Concurrent Cleanup for Next Mark 1.648ms
[2026-04-03T06:49:22.579+0600][89.078s][info][gc             ] GC(363) Concurrent Undo Cycle 2.255ms
[2026-04-03T06:49:22.585+0600][89.083s][info][gc,start       ] GC(364) Pause Young (Concurrent Start) (G1 Humongous Allocation)
[2026-04-03T06:49:22.585+0600][89.083s][info][gc,task        ] GC(364) Using 10 workers of 10 for evacuation
[2026-04-03T06:49:22.589+0600][89.087s][info][gc,phases      ] GC(364)   Pre Evacuate Collection Set: 0.66ms
[2026-04-03T06:49:22.589+0600][89.087s][info][gc,phases      ] GC(364)   Merge Heap Roots: 0.14ms
[2026-04-03T06:49:22.589+0600][89.087s][info][gc,phases      ] GC(364)   Evacuate Collection Set: 2.50ms
[2026-04-03T06:49:22.589+0600][89.087s][info][gc,phases      ] GC(364)   Post Evacuate Collection Set: 0.62ms
[2026-04-03T06:49:22.589+0600][89.087s][info][gc,phases      ] GC(364)   Other: 0.15ms
[2026-04-03T06:49:22.589+0600][89.087s][info][gc,heap        ] GC(364) Eden regions: 4->0(332)
[2026-04-03T06:49:22.589+0600][89.087s][info][gc,heap        ] GC(364) Survivor regions: 5->4(42)
[2026-04-03T06:49:22.589+0600][89.087s][info][gc,heap        ] GC(364) Old regions: 45->45
[2026-04-03T06:49:22.589+0600][89.088s][info][gc,heap        ] GC(364) Humongous regions: 39->6
[2026-04-03T06:49:22.589+0600][89.088s][info][gc,metaspace   ] GC(364) Metaspace: 132204K(133696K)->132204K(133696K) NonClass: 115564K(116352K)->115564K(116352K) Class: 16639K(17344K)->16639K(17344K)
[2026-04-03T06:49:22.589+0600][89.088s][info][gc             ] GC(364) Pause Young (Concurrent Start) (G1 Humongous Allocation) 180M->107M(1120M) 4.451ms
[2026-04-03T06:49:22.589+0600][89.088s][info][gc,cpu         ] GC(364) User=0.03s Sys=0.00s Real=0.00s
[2026-04-03T06:49:22.589+0600][89.088s][info][gc             ] GC(365) Concurrent Undo Cycle
[2026-04-03T06:49:22.589+0600][89.088s][info][gc,marking     ] GC(365) Concurrent Clear Claimed Marks
[2026-04-03T06:49:22.590+0600][89.088s][info][gc,marking     ] GC(365) Concurrent Clear Claimed Marks 0.390ms
[2026-04-03T06:49:22.590+0600][89.088s][info][gc,marking     ] GC(365) Concurrent Cleanup for Next Mark
[2026-04-03T06:49:22.590+0600][89.089s][info][gc,marking     ] GC(365) Concurrent Cleanup for Next Mark 0.397ms
[2026-04-03T06:49:22.590+0600][89.089s][info][gc             ] GC(365) Concurrent Undo Cycle 1.107ms
[2026-04-03T06:49:22.591+0600][89.090s][info][gc,start       ] GC(366) Pause Young (Concurrent Start) (G1 Humongous Allocation)
[2026-04-03T06:49:22.592+0600][89.090s][info][gc,task        ] GC(366) Using 10 workers of 10 for evacuation
[2026-04-03T06:49:22.597+0600][89.095s][info][gc,phases      ] GC(366)   Pre Evacuate Collection Set: 0.46ms
[2026-04-03T06:49:22.597+0600][89.095s][info][gc,phases      ] GC(366)   Merge Heap Roots: 0.11ms
[2026-04-03T06:49:22.597+0600][89.095s][info][gc,phases      ] GC(366)   Evacuate Collection Set: 3.55ms
[2026-04-03T06:49:22.597+0600][89.095s][info][gc,phases      ] GC(366)   Post Evacuate Collection Set: 0.87ms
[2026-04-03T06:49:22.597+0600][89.095s][info][gc,phases      ] GC(366)   Other: 0.15ms
[2026-04-03T06:49:22.597+0600][89.095s][info][gc,heap        ] GC(366) Eden regions: 2->0(333)
[2026-04-03T06:49:22.597+0600][89.095s][info][gc,heap        ] GC(366) Survivor regions: 4->3(42)
[2026-04-03T06:49:22.597+0600][89.095s][info][gc,heap        ] GC(366) Old regions: 45->46
[2026-04-03T06:49:22.597+0600][89.095s][info][gc,heap        ] GC(366) Humongous regions: 12->9
[2026-04-03T06:49:22.597+0600][89.095s][info][gc,metaspace   ] GC(366) Metaspace: 132204K(133696K)->132204K(133696K) NonClass: 115564K(116352K)->115564K(116352K) Class: 16639K(17344K)->16639K(17344K)
[2026-04-03T06:49:22.597+0600][89.095s][info][gc             ] GC(366) Pause Young (Concurrent Start) (G1 Humongous Allocation) 122M->113M(1120M) 5.528ms
[2026-04-03T06:49:22.597+0600][89.096s][info][gc,cpu         ] GC(366) User=0.03s Sys=0.00s Real=0.01s
[2026-04-03T06:49:22.597+0600][89.096s][info][gc             ] GC(367) Concurrent Undo Cycle
[2026-04-03T06:49:22.597+0600][89.096s][info][gc,marking     ] GC(367) Concurrent Clear Claimed Marks
[2026-04-03T06:49:22.598+0600][89.096s][info][gc,marking     ] GC(367) Concurrent Clear Claimed Marks 0.432ms
[2026-04-03T06:49:22.598+0600][89.096s][info][gc,marking     ] GC(367) Concurrent Cleanup for Next Mark
[2026-04-03T06:49:22.598+0600][89.097s][info][gc,marking     ] GC(367) Concurrent Cleanup for Next Mark 0.531ms
[2026-04-03T06:49:22.599+0600][89.097s][info][gc             ] GC(367) Concurrent Undo Cycle 1.384ms
[2026-04-03T06:49:22.600+0600][89.098s][info][gc,start       ] GC(368) Pause Young (Concurrent Start) (G1 Humongous Allocation)
[2026-04-03T06:49:22.600+0600][89.098s][info][gc,task        ] GC(368) Using 10 workers of 10 for evacuation
[2026-04-03T06:49:22.604+0600][89.103s][info][gc,phases      ] GC(368)   Pre Evacuate Collection Set: 0.51ms
[2026-04-03T06:49:22.604+0600][89.103s][info][gc,phases      ] GC(368)   Merge Heap Roots: 0.20ms
[2026-04-03T06:49:22.604+0600][89.103s][info][gc,phases      ] GC(368)   Evacuate Collection Set: 2.72ms
[2026-04-03T06:49:22.604+0600][89.103s][info][gc,phases      ] GC(368)   Post Evacuate Collection Set: 0.60ms
[2026-04-03T06:49:22.604+0600][89.103s][info][gc,phases      ] GC(368)   Other: 0.21ms
[2026-04-03T06:49:22.604+0600][89.103s][info][gc,heap        ] GC(368) Eden regions: 2->0(333)
[2026-04-03T06:49:22.604+0600][89.103s][info][gc,heap        ] GC(368) Survivor regions: 3->3(42)
[2026-04-03T06:49:22.604+0600][89.103s][info][gc,heap        ] GC(368) Old regions: 46->46
[2026-04-03T06:49:22.604+0600][89.103s][info][gc,heap        ] GC(368) Humongous regions: 18->6
[2026-04-03T06:49:22.604+0600][89.103s][info][gc,metaspace   ] GC(368) Metaspace: 132204K(133696K)->132204K(133696K) NonClass: 115564K(116352K)->115564K(116352K) Class: 16639K(17344K)->16639K(17344K)
[2026-04-03T06:49:22.604+0600][89.103s][info][gc             ] GC(368) Pause Young (Concurrent Start) (G1 Humongous Allocation) 134M->107M(1120M) 4.634ms
[2026-04-03T06:49:22.604+0600][89.103s][info][gc             ] GC(369) Concurrent Mark Cycle
[2026-04-03T06:49:22.605+0600][89.103s][info][gc,cpu         ] GC(368) User=0.02s Sys=0.00s Real=0.01s
[2026-04-03T06:49:22.605+0600][89.103s][info][gc,marking     ] GC(369) Concurrent Scan Root Regions
[2026-04-03T06:49:22.607+0600][89.106s][info][gc,marking     ] GC(369) Concurrent Scan Root Regions 2.678ms
[2026-04-03T06:49:22.607+0600][89.106s][info][gc,marking     ] GC(369) Concurrent Mark
[2026-04-03T06:49:22.607+0600][89.106s][info][gc,marking     ] GC(369) Concurrent Mark From Roots
[2026-04-03T06:49:22.607+0600][89.106s][info][gc,task        ] GC(369) Using 3 workers of 3 for marking
[2026-04-03T06:49:22.686+0600][89.185s][info][gc,marking     ] GC(369) Concurrent Mark From Roots 79.114ms
[2026-04-03T06:49:22.687+0600][89.185s][info][gc,marking     ] GC(369) Concurrent Preclean
[2026-04-03T06:49:22.687+0600][89.186s][info][gc,marking     ] GC(369) Concurrent Preclean 0.877ms
[2026-04-03T06:49:22.688+0600][89.186s][info][gc,start       ] GC(369) Pause Remark
[2026-04-03T06:49:22.697+0600][89.196s][info][gc             ] GC(369) Pause Remark 255M->255M(708M) 9.180ms
[2026-04-03T06:49:22.697+0600][89.196s][info][gc,cpu         ] GC(369) User=0.07s Sys=0.00s Real=0.01s
[2026-04-03T06:49:22.697+0600][89.196s][info][gc,marking     ] GC(369) Concurrent Mark 90.082ms
[2026-04-03T06:49:22.698+0600][89.196s][info][gc,marking     ] GC(369) Concurrent Rebuild Remembered Sets and Scrub Regions
[2026-04-03T06:49:22.727+0600][89.225s][info][gc,marking     ] GC(369) Concurrent Rebuild Remembered Sets and Scrub Regions 29.414ms
[2026-04-03T06:49:22.728+0600][89.227s][info][gc,start       ] GC(369) Pause Cleanup
[2026-04-03T06:49:22.729+0600][89.227s][info][gc             ] GC(369) Pause Cleanup 452M->452M(708M) 0.466ms
[2026-04-03T06:49:22.729+0600][89.227s][info][gc,cpu         ] GC(369) User=0.00s Sys=0.00s Real=0.00s
[2026-04-03T06:49:22.729+0600][89.227s][info][gc,marking     ] GC(369) Concurrent Clear Claimed Marks
[2026-04-03T06:49:22.730+0600][89.228s][info][gc,marking     ] GC(369) Concurrent Clear Claimed Marks 0.489ms
[2026-04-03T06:49:22.730+0600][89.228s][info][gc,marking     ] GC(369) Concurrent Cleanup for Next Mark
[2026-04-03T06:49:22.732+0600][89.230s][info][gc,marking     ] GC(369) Concurrent Cleanup for Next Mark 2.055ms
[2026-04-03T06:49:22.732+0600][89.230s][info][gc             ] GC(369) Concurrent Mark Cycle 127.324ms
[2026-04-03T06:49:22.769+0600][89.267s][info][gc,start       ] GC(370) Pause Young (Prepare Mixed) (G1 Evacuation Pause)
[2026-04-03T06:49:22.769+0600][89.267s][info][gc,task        ] GC(370) Using 10 workers of 10 for evacuation
[2026-04-03T06:49:22.773+0600][89.272s][info][gc,phases      ] GC(370)   Pre Evacuate Collection Set: 0.48ms
[2026-04-03T06:49:22.773+0600][89.272s][info][gc,phases      ] GC(370)   Merge Heap Roots: 0.39ms
[2026-04-03T06:49:22.773+0600][89.272s][info][gc,phases      ] GC(370)   Evacuate Collection Set: 2.27ms
[2026-04-03T06:49:22.773+0600][89.272s][info][gc,phases      ] GC(370)   Post Evacuate Collection Set: 1.04ms
[2026-04-03T06:49:22.773+0600][89.272s][info][gc,phases      ] GC(370)   Other: 0.10ms
[2026-04-03T06:49:22.773+0600][89.272s][info][gc,heap        ] GC(370) Eden regions: 46->0(211)
[2026-04-03T06:49:22.773+0600][89.272s][info][gc,heap        ] GC(370) Survivor regions: 3->3(27)
[2026-04-03T06:49:22.773+0600][89.272s][info][gc,heap        ] GC(370) Old regions: 46->47
[2026-04-03T06:49:22.773+0600][89.272s][info][gc,heap        ] GC(370) Humongous regions: 259->3
[2026-04-03T06:49:22.773+0600][89.272s][info][gc,metaspace   ] GC(370) Metaspace: 132204K(133696K)->132204K(133696K) NonClass: 115564K(116352K)->115564K(116352K) Class: 16639K(17344K)->16639K(17344K)
[2026-04-03T06:49:22.774+0600][89.272s][info][gc             ] GC(370) Pause Young (Prepare Mixed) (G1 Evacuation Pause) 705M->100M(716M) 4.896ms
[2026-04-03T06:49:22.774+0600][89.272s][info][gc,cpu         ] GC(370) User=0.02s Sys=0.00s Real=0.01s
[2026-04-03T06:49:23.422+0600][89.921s][info][gc,start       ] GC(371) Pause Young (Mixed) (G1 Evacuation Pause)
[2026-04-03T06:49:23.423+0600][89.921s][info][gc,task        ] GC(371) Using 10 workers of 10 for evacuation
[2026-04-03T06:49:23.432+0600][89.930s][info][gc,phases      ] GC(371)   Pre Evacuate Collection Set: 0.98ms
[2026-04-03T06:49:23.432+0600][89.930s][info][gc,phases      ] GC(371)   Merge Heap Roots: 0.29ms
[2026-04-03T06:49:23.432+0600][89.930s][info][gc,phases      ] GC(371)   Evacuate Collection Set: 3.91ms
[2026-04-03T06:49:23.432+0600][89.930s][info][gc,phases      ] GC(371)   Post Evacuate Collection Set: 4.04ms
[2026-04-03T06:49:23.432+0600][89.930s][info][gc,phases      ] GC(371)   Other: 0.13ms
[2026-04-03T06:49:23.432+0600][89.930s][info][gc,heap        ] GC(371) Eden regions: 189->0(597)
[2026-04-03T06:49:23.432+0600][89.930s][info][gc,heap        ] GC(371) Survivor regions: 3->3(27)
[2026-04-03T06:49:23.432+0600][89.930s][info][gc,heap        ] GC(371) Old regions: 47->46
[2026-04-03T06:49:23.432+0600][89.931s][info][gc,heap        ] GC(371) Humongous regions: 119->3
[2026-04-03T06:49:23.432+0600][89.931s][info][gc,metaspace   ] GC(371) Metaspace: 132210K(133696K)->132210K(133696K) NonClass: 115570K(116352K)->115570K(116352K) Class: 16639K(17344K)->16639K(17344K)
[2026-04-03T06:49:23.432+0600][89.931s][info][gc             ] GC(371) Pause Young (Mixed) (G1 Evacuation Pause) 710M->101M(2002M) 9.693ms
[2026-04-03T06:49:23.432+0600][89.931s][info][gc,cpu         ] GC(371) User=0.03s Sys=0.01s Real=0.01s
[2026-04-03T06:49:25.321+0600][91.819s][info][gc,start       ] GC(372) Pause Young (Normal) (G1 Evacuation Pause)
[2026-04-03T06:49:25.321+0600][91.819s][info][gc,task        ] GC(372) Using 10 workers of 10 for evacuation
[2026-04-03T06:49:25.326+0600][91.825s][info][gc,phases      ] GC(372)   Pre Evacuate Collection Set: 0.53ms
[2026-04-03T06:49:25.326+0600][91.825s][info][gc,phases      ] GC(372)   Merge Heap Roots: 0.24ms
[2026-04-03T06:49:25.326+0600][91.825s][info][gc,phases      ] GC(372)   Evacuate Collection Set: 3.37ms
[2026-04-03T06:49:25.326+0600][91.825s][info][gc,phases      ] GC(372)   Post Evacuate Collection Set: 1.26ms
[2026-04-03T06:49:25.327+0600][91.825s][info][gc,phases      ] GC(372)   Other: 0.17ms
[2026-04-03T06:49:25.327+0600][91.825s][info][gc,heap        ] GC(372) Eden regions: 547->0(599)
[2026-04-03T06:49:25.327+0600][91.825s][info][gc,heap        ] GC(372) Survivor regions: 3->4(75)
[2026-04-03T06:49:25.327+0600][91.825s][info][gc,heap        ] GC(372) Old regions: 46->46
[2026-04-03T06:49:25.327+0600][91.825s][info][gc,heap        ] GC(372) Humongous regions: 405->3
[2026-04-03T06:49:25.327+0600][91.825s][info][gc,metaspace   ] GC(372) Metaspace: 132246K(133696K)->132246K(133696K) NonClass: 115600K(116352K)->115600K(116352K) Class: 16646K(17344K)->16646K(17344K)
[2026-04-03T06:49:25.327+0600][91.825s][info][gc             ] GC(372) Pause Young (Normal) (G1 Evacuation Pause) 1999M->103M(2010M) 5.888ms
[2026-04-03T06:49:25.327+0600][91.825s][info][gc,cpu         ] GC(372) User=0.03s Sys=0.00s Real=0.01s
[2026-04-03T06:49:25.765+0600][92.264s][info][gc,start       ] GC(373) Pause Young (Concurrent Start) (G1 Humongous Allocation)
[2026-04-03T06:49:25.765+0600][92.264s][info][gc,task        ] GC(373) Using 10 workers of 10 for evacuation
[2026-04-03T06:49:25.770+0600][92.269s][info][gc,phases      ] GC(373)   Pre Evacuate Collection Set: 0.52ms
[2026-04-03T06:49:25.770+0600][92.269s][info][gc,phases      ] GC(373)   Merge Heap Roots: 0.32ms
[2026-04-03T06:49:25.770+0600][92.269s][info][gc,phases      ] GC(373)   Evacuate Collection Set: 2.57ms
[2026-04-03T06:49:25.770+0600][92.269s][info][gc,phases      ] GC(373)   Post Evacuate Collection Set: 1.09ms
[2026-04-03T06:49:25.770+0600][92.269s][info][gc,phases      ] GC(373)   Other: 0.21ms
[2026-04-03T06:49:25.770+0600][92.269s][info][gc,heap        ] GC(373) Eden regions: 175->0(599)
[2026-04-03T06:49:25.770+0600][92.269s][info][gc,heap        ] GC(373) Survivor regions: 4->4(76)
[2026-04-03T06:49:25.770+0600][92.269s][info][gc,heap        ] GC(373) Old regions: 46->46
[2026-04-03T06:49:25.770+0600][92.269s][info][gc,heap        ] GC(373) Humongous regions: 66->3
[2026-04-03T06:49:25.770+0600][92.269s][info][gc,metaspace   ] GC(373) Metaspace: 132252K(133696K)->132252K(133696K) NonClass: 115606K(116352K)->115606K(116352K) Class: 16646K(17344K)->16646K(17344K)
[2026-04-03T06:49:25.770+0600][92.269s][info][gc             ] GC(373) Pause Young (Concurrent Start) (G1 Humongous Allocation) 578M->101M(2010M) 5.121ms
[2026-04-03T06:49:25.771+0600][92.269s][info][gc             ] GC(374) Concurrent Undo Cycle
[2026-04-03T06:49:25.771+0600][92.269s][info][gc,marking     ] GC(374) Concurrent Clear Claimed Marks
[2026-04-03T06:49:25.771+0600][92.269s][info][gc,cpu         ] GC(373) User=0.03s Sys=0.00s Real=0.00s
[2026-04-03T06:49:25.771+0600][92.269s][info][gc,marking     ] GC(374) Concurrent Clear Claimed Marks 0.303ms
[2026-04-03T06:49:25.771+0600][92.269s][info][gc,marking     ] GC(374) Concurrent Cleanup for Next Mark
[2026-04-03T06:49:25.771+0600][92.270s][info][gc,marking     ] GC(374) Concurrent Cleanup for Next Mark 0.388ms
[2026-04-03T06:49:25.771+0600][92.270s][info][gc             ] GC(374) Concurrent Undo Cycle 0.993ms
[2026-04-03T06:49:25.877+0600][92.376s][info][gc,start       ] GC(375) Pause Young (Concurrent Start) (G1 Humongous Allocation)
[2026-04-03T06:49:25.878+0600][92.376s][info][gc,task        ] GC(375) Using 10 workers of 10 for evacuation
[2026-04-03T06:49:25.883+0600][92.382s][info][gc,phases      ] GC(375)   Pre Evacuate Collection Set: 0.60ms
[2026-04-03T06:49:25.883+0600][92.382s][info][gc,phases      ] GC(375)   Merge Heap Roots: 0.18ms
[2026-04-03T06:49:25.883+0600][92.382s][info][gc,phases      ] GC(375)   Evacuate Collection Set: 3.65ms
[2026-04-03T06:49:25.883+0600][92.382s][info][gc,phases      ] GC(375)   Post Evacuate Collection Set: 0.78ms
[2026-04-03T06:49:25.883+0600][92.382s][info][gc,phases      ] GC(375)   Other: 0.31ms
[2026-04-03T06:49:25.883+0600][92.382s][info][gc,heap        ] GC(375) Eden regions: 26->0(598)
[2026-04-03T06:49:25.883+0600][92.382s][info][gc,heap        ] GC(375) Survivor regions: 4->5(76)
[2026-04-03T06:49:25.883+0600][92.382s][info][gc,heap        ] GC(375) Old regions: 46->46
[2026-04-03T06:49:25.883+0600][92.382s][info][gc,heap        ] GC(375) Humongous regions: 73->12
[2026-04-03T06:49:25.883+0600][92.382s][info][gc,metaspace   ] GC(375) Metaspace: 132254K(133696K)->132254K(133696K) NonClass: 115607K(116352K)->115607K(116352K) Class: 16646K(17344K)->16646K(17344K)
[2026-04-03T06:49:25.883+0600][92.382s][info][gc             ] GC(375) Pause Young (Concurrent Start) (G1 Humongous Allocation) 293M->121M(2010M) 5.940ms
[2026-04-03T06:49:25.884+0600][92.382s][info][gc,cpu         ] GC(375) User=0.03s Sys=0.01s Real=0.01s
[2026-04-03T06:49:25.884+0600][92.382s][info][gc             ] GC(376) Concurrent Undo Cycle
[2026-04-03T06:49:25.884+0600][92.382s][info][gc,marking     ] GC(376) Concurrent Clear Claimed Marks
[2026-04-03T06:49:25.884+0600][92.383s][info][gc,marking     ] GC(376) Concurrent Clear Claimed Marks 0.358ms
[2026-04-03T06:49:25.884+0600][92.383s][info][gc,marking     ] GC(376) Concurrent Cleanup for Next Mark
[2026-04-03T06:49:25.885+0600][92.383s][info][gc,marking     ] GC(376) Concurrent Cleanup for Next Mark 0.413ms
[2026-04-03T06:49:25.885+0600][92.383s][info][gc             ] GC(376) Concurrent Undo Cycle 1.056ms
[2026-04-03T06:49:25.894+0600][92.392s][info][gc,start       ] GC(377) Pause Young (Concurrent Start) (G1 Humongous Allocation)
[2026-04-03T06:49:25.894+0600][92.392s][info][gc,task        ] GC(377) Using 10 workers of 10 for evacuation
[2026-04-03T06:49:25.900+0600][92.398s][info][gc,phases      ] GC(377)   Pre Evacuate Collection Set: 0.61ms
[2026-04-03T06:49:25.900+0600][92.398s][info][gc,phases      ] GC(377)   Merge Heap Roots: 1.85ms
[2026-04-03T06:49:25.900+0600][92.398s][info][gc,phases      ] GC(377)   Evacuate Collection Set: 2.44ms
[2026-04-03T06:49:25.900+0600][92.398s][info][gc,phases      ] GC(377)   Post Evacuate Collection Set: 0.87ms
[2026-04-03T06:49:25.900+0600][92.399s][info][gc,phases      ] GC(377)   Other: 0.29ms
[2026-04-03T06:49:25.900+0600][92.399s][info][gc,heap        ] GC(377) Eden regions: 6->0(599)
[2026-04-03T06:49:25.900+0600][92.399s][info][gc,heap        ] GC(377) Survivor regions: 5->4(76)
[2026-04-03T06:49:25.900+0600][92.399s][info][gc,heap        ] GC(377) Old regions: 46->46
[2026-04-03T06:49:25.900+0600][92.399s][info][gc,heap        ] GC(377) Humongous regions: 75->9
[2026-04-03T06:49:25.900+0600][92.399s][info][gc,metaspace   ] GC(377) Metaspace: 132254K(133696K)->132254K(133696K) NonClass: 115607K(116352K)->115607K(116352K) Class: 16646K(17344K)->16646K(17344K)
[2026-04-03T06:49:25.900+0600][92.399s][info][gc             ] GC(377) Pause Young (Concurrent Start) (G1 Humongous Allocation) 258M->115M(2010M) 6.652ms
[2026-04-03T06:49:25.900+0600][92.399s][info][gc             ] GC(378) Concurrent Undo Cycle
[2026-04-03T06:49:25.900+0600][92.399s][info][gc,cpu         ] GC(377) User=0.02s Sys=0.01s Real=0.00s
[2026-04-03T06:49:25.900+0600][92.399s][info][gc,marking     ] GC(378) Concurrent Clear Claimed Marks
[2026-04-03T06:49:25.901+0600][92.399s][info][gc,marking     ] GC(378) Concurrent Clear Claimed Marks 0.375ms
[2026-04-03T06:49:25.901+0600][92.399s][info][gc,marking     ] GC(378) Concurrent Cleanup for Next Mark
[2026-04-03T06:49:25.901+0600][92.400s][info][gc,marking     ] GC(378) Concurrent Cleanup for Next Mark 0.381ms
[2026-04-03T06:49:25.902+0600][92.400s][info][gc             ] GC(378) Concurrent Undo Cycle 1.256ms
[2026-04-03T06:49:25.914+0600][92.413s][info][gc,start       ] GC(379) Pause Young (Concurrent Start) (G1 Humongous Allocation)
[2026-04-03T06:49:25.915+0600][92.413s][info][gc,task        ] GC(379) Using 10 workers of 10 for evacuation
[2026-04-03T06:49:25.920+0600][92.419s][info][gc,phases      ] GC(379)   Pre Evacuate Collection Set: 2.33ms
[2026-04-03T06:49:25.920+0600][92.419s][info][gc,phases      ] GC(379)   Merge Heap Roots: 0.20ms
[2026-04-03T06:49:25.920+0600][92.419s][info][gc,phases      ] GC(379)   Evacuate Collection Set: 2.33ms
[2026-04-03T06:49:25.920+0600][92.419s][info][gc,phases      ] GC(379)   Post Evacuate Collection Set: 0.56ms
[2026-04-03T06:49:25.920+0600][92.419s][info][gc,phases      ] GC(379)   Other: 0.17ms
[2026-04-03T06:49:25.920+0600][92.419s][info][gc,heap        ] GC(379) Eden regions: 6->0(599)
[2026-04-03T06:49:25.920+0600][92.419s][info][gc,heap        ] GC(379) Survivor regions: 4->4(76)
[2026-04-03T06:49:25.920+0600][92.419s][info][gc,heap        ] GC(379) Old regions: 46->46
[2026-04-03T06:49:25.920+0600][92.419s][info][gc,heap        ] GC(379) Humongous regions: 84->6
[2026-04-03T06:49:25.920+0600][92.419s][info][gc,metaspace   ] GC(379) Metaspace: 132254K(133696K)->132254K(133696K) NonClass: 115607K(116352K)->115607K(116352K) Class: 16646K(17344K)->16646K(17344K)
[2026-04-03T06:49:25.920+0600][92.419s][info][gc             ] GC(379) Pause Young (Concurrent Start) (G1 Humongous Allocation) 276M->108M(2010M) 6.008ms
[2026-04-03T06:49:25.920+0600][92.419s][info][gc             ] GC(380) Concurrent Undo Cycle
[2026-04-03T06:49:25.921+0600][92.419s][info][gc,cpu         ] GC(379) User=0.02s Sys=0.00s Real=0.00s
[2026-04-03T06:49:25.921+0600][92.419s][info][gc,marking     ] GC(380) Concurrent Clear Claimed Marks
[2026-04-03T06:49:25.921+0600][92.420s][info][gc,marking     ] GC(380) Concurrent Clear Claimed Marks 0.445ms
[2026-04-03T06:49:25.921+0600][92.420s][info][gc,marking     ] GC(380) Concurrent Cleanup for Next Mark
[2026-04-03T06:49:25.922+0600][92.420s][info][gc,marking     ] GC(380) Concurrent Cleanup for Next Mark 0.408ms
[2026-04-03T06:49:25.922+0600][92.420s][info][gc             ] GC(380) Concurrent Undo Cycle 1.158ms
[2026-04-03T06:49:25.997+0600][92.496s][info][gc,start       ] GC(381) Pause Young (Concurrent Start) (G1 Humongous Allocation)
[2026-04-03T06:49:25.998+0600][92.496s][info][gc,task        ] GC(381) Using 10 workers of 10 for evacuation
[2026-04-03T06:49:26.001+0600][92.500s][info][gc,phases      ] GC(381)   Pre Evacuate Collection Set: 0.56ms
[2026-04-03T06:49:26.002+0600][92.500s][info][gc,phases      ] GC(381)   Merge Heap Roots: 0.23ms
[2026-04-03T06:49:26.002+0600][92.500s][info][gc,phases      ] GC(381)   Evacuate Collection Set: 2.12ms
[2026-04-03T06:49:26.002+0600][92.500s][info][gc,phases      ] GC(381)   Post Evacuate Collection Set: 0.80ms
[2026-04-03T06:49:26.002+0600][92.500s][info][gc,phases      ] GC(381)   Other: 0.23ms
[2026-04-03T06:49:26.002+0600][92.500s][info][gc,heap        ] GC(381) Eden regions: 25->0(600)
[2026-04-03T06:49:26.002+0600][92.500s][info][gc,heap        ] GC(381) Survivor regions: 4->3(76)
[2026-04-03T06:49:26.002+0600][92.500s][info][gc,heap        ] GC(381) Old regions: 46->46
[2026-04-03T06:49:26.002+0600][92.500s][info][gc,heap        ] GC(381) Humongous regions: 90->6
[2026-04-03T06:49:26.002+0600][92.500s][info][gc,metaspace   ] GC(381) Metaspace: 132255K(133696K)->132255K(133696K) NonClass: 115608K(116352K)->115608K(116352K) Class: 16646K(17344K)->16646K(17344K)
[2026-04-03T06:49:26.002+0600][92.500s][info][gc             ] GC(381) Pause Young (Concurrent Start) (G1 Humongous Allocation) 326M->107M(2010M) 4.443ms
[2026-04-03T06:49:26.002+0600][92.500s][info][gc             ] GC(382) Concurrent Undo Cycle
[2026-04-03T06:49:26.002+0600][92.500s][info][gc,cpu         ] GC(381) User=0.03s Sys=0.00s Real=0.00s
[2026-04-03T06:49:26.002+0600][92.500s][info][gc,marking     ] GC(382) Concurrent Clear Claimed Marks
[2026-04-03T06:49:26.002+0600][92.501s][info][gc,marking     ] GC(382) Concurrent Clear Claimed Marks 0.390ms
[2026-04-03T06:49:26.002+0600][92.501s][info][gc,marking     ] GC(382) Concurrent Cleanup for Next Mark
[2026-04-03T06:49:26.003+0600][92.501s][info][gc,marking     ] GC(382) Concurrent Cleanup for Next Mark 0.359ms
[2026-04-03T06:49:26.003+0600][92.501s][info][gc             ] GC(382) Concurrent Undo Cycle 1.070ms
[2026-04-03T06:49:26.014+0600][92.513s][info][gc,start       ] GC(383) Pause Young (Concurrent Start) (G1 Humongous Allocation)
[2026-04-03T06:49:26.014+0600][92.513s][info][gc,task        ] GC(383) Using 10 workers of 10 for evacuation
[2026-04-03T06:49:26.021+0600][92.519s][info][gc,phases      ] GC(383)   Pre Evacuate Collection Set: 0.53ms
[2026-04-03T06:49:26.021+0600][92.519s][info][gc,phases      ] GC(383)   Merge Heap Roots: 0.17ms
[2026-04-03T06:49:26.021+0600][92.519s][info][gc,phases      ] GC(383)   Evacuate Collection Set: 4.20ms
[2026-04-03T06:49:26.021+0600][92.519s][info][gc,phases      ] GC(383)   Post Evacuate Collection Set: 1.00ms
[2026-04-03T06:49:26.021+0600][92.519s][info][gc,phases      ] GC(383)   Other: 0.35ms
[2026-04-03T06:49:26.021+0600][92.519s][info][gc,heap        ] GC(383) Eden regions: 5->0(599)
[2026-04-03T06:49:26.021+0600][92.519s][info][gc,heap        ] GC(383) Survivor regions: 3->4(76)
[2026-04-03T06:49:26.021+0600][92.519s][info][gc,heap        ] GC(383) Old regions: 46->46
[2026-04-03T06:49:26.021+0600][92.519s][info][gc,heap        ] GC(383) Humongous regions: 99->9
[2026-04-03T06:49:26.021+0600][92.519s][info][gc,metaspace   ] GC(383) Metaspace: 132255K(133696K)->132255K(133696K) NonClass: 115608K(116352K)->115608K(116352K) Class: 16646K(17344K)->16646K(17344K)
[2026-04-03T06:49:26.021+0600][92.519s][info][gc             ] GC(383) Pause Young (Concurrent Start) (G1 Humongous Allocation) 303M->114M(2010M) 6.671ms
[2026-04-03T06:49:26.021+0600][92.519s][info][gc,cpu         ] GC(383) User=0.02s Sys=0.00s Real=0.00s
[2026-04-03T06:49:26.021+0600][92.519s][info][gc             ] GC(384) Concurrent Undo Cycle
[2026-04-03T06:49:26.021+0600][92.520s][info][gc,marking     ] GC(384) Concurrent Clear Claimed Marks
[2026-04-03T06:49:26.021+0600][92.520s][info][gc,marking     ] GC(384) Concurrent Clear Claimed Marks 0.395ms
[2026-04-03T06:49:26.021+0600][92.520s][info][gc,marking     ] GC(384) Concurrent Cleanup for Next Mark
[2026-04-03T06:49:26.022+0600][92.521s][info][gc,marking     ] GC(384) Concurrent Cleanup for Next Mark 0.572ms
[2026-04-03T06:49:26.022+0600][92.521s][info][gc             ] GC(384) Concurrent Undo Cycle 1.320ms
[2026-04-03T06:49:26.181+0600][92.679s][info][gc,start       ] GC(385) Pause Young (Concurrent Start) (G1 Humongous Allocation)
[2026-04-03T06:49:26.181+0600][92.679s][info][gc,task        ] GC(385) Using 10 workers of 10 for evacuation
[2026-04-03T06:49:26.186+0600][92.684s][info][gc,phases      ] GC(385)   Pre Evacuate Collection Set: 0.46ms
[2026-04-03T06:49:26.186+0600][92.684s][info][gc,phases      ] GC(385)   Merge Heap Roots: 0.21ms
[2026-04-03T06:49:26.186+0600][92.684s][info][gc,phases      ] GC(385)   Evacuate Collection Set: 3.34ms
[2026-04-03T06:49:26.186+0600][92.684s][info][gc,phases      ] GC(385)   Post Evacuate Collection Set: 0.69ms
[2026-04-03T06:49:26.186+0600][92.684s][info][gc,phases      ] GC(385)   Other: 0.15ms
[2026-04-03T06:49:26.186+0600][92.684s][info][gc,heap        ] GC(385) Eden regions: 53->0(600)
[2026-04-03T06:49:26.186+0600][92.684s][info][gc,heap        ] GC(385) Survivor regions: 4->3(76)
[2026-04-03T06:49:26.186+0600][92.684s][info][gc,heap        ] GC(385) Old regions: 46->46
[2026-04-03T06:49:26.186+0600][92.684s][info][gc,heap        ] GC(385) Humongous regions: 90->3
[2026-04-03T06:49:26.186+0600][92.684s][info][gc,metaspace   ] GC(385) Metaspace: 132258K(133696K)->132258K(133696K) NonClass: 115611K(116352K)->115611K(116352K) Class: 16646K(17344K)->16646K(17344K)
[2026-04-03T06:49:26.186+0600][92.684s][info][gc             ] GC(385) Pause Young (Concurrent Start) (G1 Humongous Allocation) 382M->101M(2010M) 5.318ms
[2026-04-03T06:49:26.186+0600][92.684s][info][gc             ] GC(386) Concurrent Undo Cycle
[2026-04-03T06:49:26.186+0600][92.684s][info][gc,cpu         ] GC(385) User=0.03s Sys=0.01s Real=0.01s
[2026-04-03T06:49:26.186+0600][92.685s][info][gc,marking     ] GC(386) Concurrent Clear Claimed Marks
[2026-04-03T06:49:26.187+0600][92.685s][info][gc,marking     ] GC(386) Concurrent Clear Claimed Marks 0.464ms
[2026-04-03T06:49:26.187+0600][92.685s][info][gc,marking     ] GC(386) Concurrent Cleanup for Next Mark
[2026-04-03T06:49:26.187+0600][92.686s][info][gc,marking     ] GC(386) Concurrent Cleanup for Next Mark 0.595ms
[2026-04-03T06:49:26.188+0600][92.686s][info][gc             ] GC(386) Concurrent Undo Cycle 1.826ms
[2026-04-03T06:49:26.785+0600][93.283s][info][gc,start       ] GC(387) Pause Young (Concurrent Start) (G1 Humongous Allocation)
[2026-04-03T06:49:26.785+0600][93.283s][info][gc,task        ] GC(387) Using 10 workers of 10 for evacuation
[2026-04-03T06:49:26.790+0600][93.288s][info][gc,phases      ] GC(387)   Pre Evacuate Collection Set: 0.63ms
[2026-04-03T06:49:26.790+0600][93.288s][info][gc,phases      ] GC(387)   Merge Heap Roots: 0.26ms
[2026-04-03T06:49:26.790+0600][93.288s][info][gc,phases      ] GC(387)   Evacuate Collection Set: 2.80ms
[2026-04-03T06:49:26.790+0600][93.288s][info][gc,phases      ] GC(387)   Post Evacuate Collection Set: 0.95ms
[2026-04-03T06:49:26.790+0600][93.288s][info][gc,phases      ] GC(387)   Other: 0.28ms
[2026-04-03T06:49:26.790+0600][93.288s][info][gc,heap        ] GC(387) Eden regions: 180->0(600)
[2026-04-03T06:49:26.790+0600][93.288s][info][gc,heap        ] GC(387) Survivor regions: 3->3(76)
[2026-04-03T06:49:26.790+0600][93.288s][info][gc,heap        ] GC(387) Old regions: 46->46
[2026-04-03T06:49:26.790+0600][93.288s][info][gc,heap        ] GC(387) Humongous regions: 97->3
[2026-04-03T06:49:26.790+0600][93.288s][info][gc,metaspace   ] GC(387) Metaspace: 132259K(133696K)->132259K(133696K) NonClass: 115612K(116352K)->115612K(116352K) Class: 16646K(17344K)->16646K(17344K)
[2026-04-03T06:49:26.790+0600][93.289s][info][gc             ] GC(387) Pause Young (Concurrent Start) (G1 Humongous Allocation) 648M->101M(2010M) 5.320ms
[2026-04-03T06:49:26.790+0600][93.289s][info][gc             ] GC(388) Concurrent Undo Cycle
[2026-04-03T06:49:26.790+0600][93.289s][info][gc,marking     ] GC(388) Concurrent Clear Claimed Marks
[2026-04-03T06:49:26.790+0600][93.289s][info][gc,cpu         ] GC(387) User=0.03s Sys=0.00s Real=0.00s
[2026-04-03T06:49:26.791+0600][93.289s][info][gc,marking     ] GC(388) Concurrent Clear Claimed Marks 0.425ms
[2026-04-03T06:49:26.791+0600][93.289s][info][gc,marking     ] GC(388) Concurrent Cleanup for Next Mark
[2026-04-03T06:49:26.791+0600][93.290s][info][gc,marking     ] GC(388) Concurrent Cleanup for Next Mark 0.401ms
[2026-04-03T06:49:26.791+0600][93.290s][info][gc             ] GC(388) Concurrent Undo Cycle 1.107ms
[2026-04-03T06:49:27.112+0600][93.611s][info][gc,start       ] GC(389) Pause Young (Concurrent Start) (G1 Humongous Allocation)
[2026-04-03T06:49:27.113+0600][93.611s][info][gc,task        ] GC(389) Using 10 workers of 10 for evacuation
[2026-04-03T06:49:27.118+0600][93.616s][info][gc,phases      ] GC(389)   Pre Evacuate Collection Set: 0.60ms
[2026-04-03T06:49:27.118+0600][93.616s][info][gc,phases      ] GC(389)   Merge Heap Roots: 0.23ms
[2026-04-03T06:49:27.118+0600][93.616s][info][gc,phases      ] GC(389)   Evacuate Collection Set: 3.23ms
[2026-04-03T06:49:27.118+0600][93.617s][info][gc,phases      ] GC(389)   Post Evacuate Collection Set: 1.08ms
[2026-04-03T06:49:27.118+0600][93.617s][info][gc,phases      ] GC(389)   Other: 0.24ms
[2026-04-03T06:49:27.118+0600][93.617s][info][gc,heap        ] GC(389) Eden regions: 123->0(600)
[2026-04-03T06:49:27.118+0600][93.617s][info][gc,heap        ] GC(389) Survivor regions: 3->3(76)
[2026-04-03T06:49:27.118+0600][93.617s][info][gc,heap        ] GC(389) Old regions: 46->46
[2026-04-03T06:49:27.118+0600][93.617s][info][gc,heap        ] GC(389) Humongous regions: 104->3
[2026-04-03T06:49:27.118+0600][93.617s][info][gc,metaspace   ] GC(389) Metaspace: 132259K(133696K)->132259K(133696K) NonClass: 115612K(116352K)->115612K(116352K) Class: 16646K(17344K)->16646K(17344K)
[2026-04-03T06:49:27.118+0600][93.617s][info][gc             ] GC(389) Pause Young (Concurrent Start) (G1 Humongous Allocation) 548M->101M(2010M) 5.727ms
[2026-04-03T06:49:27.118+0600][93.617s][info][gc             ] GC(390) Concurrent Undo Cycle
[2026-04-03T06:49:27.118+0600][93.617s][info][gc,marking     ] GC(390) Concurrent Clear Claimed Marks
[2026-04-03T06:49:27.118+0600][93.617s][info][gc,cpu         ] GC(389) User=0.03s Sys=0.00s Real=0.01s
[2026-04-03T06:49:27.119+0600][93.617s][info][gc,marking     ] GC(390) Concurrent Clear Claimed Marks 0.350ms
[2026-04-03T06:49:27.119+0600][93.617s][info][gc,marking     ] GC(390) Concurrent Cleanup for Next Mark
[2026-04-03T06:49:27.119+0600][93.618s][info][gc,marking     ] GC(390) Concurrent Cleanup for Next Mark 0.390ms
[2026-04-03T06:49:27.119+0600][93.618s][info][gc             ] GC(390) Concurrent Undo Cycle 0.936ms
[2026-04-03T06:49:27.741+0600][94.239s][info][gc,start       ] GC(391) Pause Young (Concurrent Start) (G1 Humongous Allocation)
[2026-04-03T06:49:27.741+0600][94.239s][info][gc,task        ] GC(391) Using 10 workers of 10 for evacuation
[2026-04-03T06:49:27.746+0600][94.245s][info][gc,phases      ] GC(391)   Pre Evacuate Collection Set: 1.29ms
[2026-04-03T06:49:27.746+0600][94.245s][info][gc,phases      ] GC(391)   Merge Heap Roots: 0.76ms
[2026-04-03T06:49:27.746+0600][94.245s][info][gc,phases      ] GC(391)   Evacuate Collection Set: 1.89ms
[2026-04-03T06:49:27.746+0600][94.245s][info][gc,phases      ] GC(391)   Post Evacuate Collection Set: 0.97ms
[2026-04-03T06:49:27.746+0600][94.245s][info][gc,phases      ] GC(391)   Other: 0.24ms
[2026-04-03T06:49:27.746+0600][94.245s][info][gc,heap        ] GC(391) Eden regions: 225->0(599)
[2026-04-03T06:49:27.746+0600][94.245s][info][gc,heap        ] GC(391) Survivor regions: 3->4(76)
[2026-04-03T06:49:27.746+0600][94.245s][info][gc,heap        ] GC(391) Old regions: 46->46
[2026-04-03T06:49:27.746+0600][94.245s][info][gc,heap        ] GC(391) Humongous regions: 111->3
[2026-04-03T06:49:27.746+0600][94.245s][info][gc,metaspace   ] GC(391) Metaspace: 132263K(133696K)->132263K(133696K) NonClass: 115616K(116352K)->115616K(116352K) Class: 16646K(17344K)->16646K(17344K)
[2026-04-03T06:49:27.746+0600][94.245s][info][gc             ] GC(391) Pause Young (Concurrent Start) (G1 Humongous Allocation) 765M->102M(2010M) 5.532ms
[2026-04-03T06:49:27.746+0600][94.245s][info][gc,cpu         ] GC(391) User=0.02s Sys=0.00s Real=0.01s
[2026-04-03T06:49:27.747+0600][94.245s][info][gc             ] GC(392) Concurrent Undo Cycle
[2026-04-03T06:49:27.747+0600][94.245s][info][gc,marking     ] GC(392) Concurrent Clear Claimed Marks
[2026-04-03T06:49:27.747+0600][94.245s][info][gc,marking     ] GC(392) Concurrent Clear Claimed Marks 0.276ms
[2026-04-03T06:49:27.747+0600][94.245s][info][gc,marking     ] GC(392) Concurrent Cleanup for Next Mark
[2026-04-03T06:49:27.747+0600][94.246s][info][gc,marking     ] GC(392) Concurrent Cleanup for Next Mark 0.280ms
[2026-04-03T06:49:27.747+0600][94.246s][info][gc             ] GC(392) Concurrent Undo Cycle 0.701ms
[2026-04-03T06:49:27.833+0600][94.331s][info][gc,start       ] GC(393) Pause Young (Concurrent Start) (G1 Humongous Allocation)
[2026-04-03T06:49:27.833+0600][94.331s][info][gc,task        ] GC(393) Using 10 workers of 10 for evacuation
[2026-04-03T06:49:27.837+0600][94.335s][info][gc,phases      ] GC(393)   Pre Evacuate Collection Set: 0.75ms
[2026-04-03T06:49:27.837+0600][94.336s][info][gc,phases      ] GC(393)   Merge Heap Roots: 0.22ms
[2026-04-03T06:49:27.837+0600][94.336s][info][gc,phases      ] GC(393)   Evacuate Collection Set: 1.99ms
[2026-04-03T06:49:27.837+0600][94.336s][info][gc,phases      ] GC(393)   Post Evacuate Collection Set: 0.95ms
[2026-04-03T06:49:27.837+0600][94.336s][info][gc,phases      ] GC(393)   Other: 0.24ms
[2026-04-03T06:49:27.837+0600][94.336s][info][gc,heap        ] GC(393) Eden regions: 26->0(600)
[2026-04-03T06:49:27.837+0600][94.336s][info][gc,heap        ] GC(393) Survivor regions: 4->3(76)
[2026-04-03T06:49:27.837+0600][94.336s][info][gc,heap        ] GC(393) Old regions: 46->46
[2026-04-03T06:49:27.837+0600][94.336s][info][gc,heap        ] GC(393) Humongous regions: 116->6
[2026-04-03T06:49:27.837+0600][94.336s][info][gc,metaspace   ] GC(393) Metaspace: 132264K(133696K)->132264K(133696K) NonClass: 115617K(116352K)->115617K(116352K) Class: 16646K(17344K)->16646K(17344K)
[2026-04-03T06:49:27.837+0600][94.336s][info][gc             ] GC(393) Pause Young (Concurrent Start) (G1 Humongous Allocation) 380M->107M(2010M) 4.634ms
[2026-04-03T06:49:27.837+0600][94.336s][info][gc             ] GC(394) Concurrent Undo Cycle
[2026-04-03T06:49:27.837+0600][94.336s][info][gc,cpu         ] GC(393) User=0.02s Sys=0.00s Real=0.01s
[2026-04-03T06:49:27.838+0600][94.336s][info][gc,marking     ] GC(394) Concurrent Clear Claimed Marks
[2026-04-03T06:49:27.838+0600][94.337s][info][gc,marking     ] GC(394) Concurrent Clear Claimed Marks 0.406ms
[2026-04-03T06:49:27.838+0600][94.337s][info][gc,marking     ] GC(394) Concurrent Cleanup for Next Mark
[2026-04-03T06:49:27.839+0600][94.337s][info][gc,marking     ] GC(394) Concurrent Cleanup for Next Mark 0.935ms
[2026-04-03T06:49:27.840+0600][94.338s][info][gc             ] GC(394) Concurrent Undo Cycle 2.132ms
[2026-04-03T06:49:27.915+0600][94.414s][info][gc,start       ] GC(395) Pause Young (Concurrent Start) (G1 Humongous Allocation)
[2026-04-03T06:49:27.915+0600][94.414s][info][gc,task        ] GC(395) Using 10 workers of 10 for evacuation
[2026-04-03T06:49:27.920+0600][94.418s][info][gc,phases      ] GC(395)   Pre Evacuate Collection Set: 1.93ms
[2026-04-03T06:49:27.920+0600][94.419s][info][gc,phases      ] GC(395)   Merge Heap Roots: 0.16ms
[2026-04-03T06:49:27.920+0600][94.419s][info][gc,phases      ] GC(395)   Evacuate Collection Set: 1.74ms
[2026-04-03T06:49:27.920+0600][94.419s][info][gc,phases      ] GC(395)   Post Evacuate Collection Set: 0.54ms
[2026-04-03T06:49:27.920+0600][94.419s][info][gc,phases      ] GC(395)   Other: 0.30ms
[2026-04-03T06:49:27.920+0600][94.419s][info][gc,heap        ] GC(395) Eden regions: 29->0(601)
[2026-04-03T06:49:27.920+0600][94.419s][info][gc,heap        ] GC(395) Survivor regions: 3->2(76)
[2026-04-03T06:49:27.920+0600][94.419s][info][gc,heap        ] GC(395) Old regions: 46->46
[2026-04-03T06:49:27.920+0600][94.419s][info][gc,heap        ] GC(395) Humongous regions: 123->3
[2026-04-03T06:49:27.920+0600][94.419s][info][gc,metaspace   ] GC(395) Metaspace: 132264K(133696K)->132264K(133696K) NonClass: 115617K(116352K)->115617K(116352K) Class: 16646K(17344K)->16646K(17344K)
[2026-04-03T06:49:27.920+0600][94.419s][info][gc             ] GC(395) Pause Young (Concurrent Start) (G1 Humongous Allocation) 397M->99M(2010M) 5.211ms
[2026-04-03T06:49:27.920+0600][94.419s][info][gc             ] GC(396) Concurrent Undo Cycle
[2026-04-03T06:49:27.921+0600][94.419s][info][gc,marking     ] GC(396) Concurrent Clear Claimed Marks
[2026-04-03T06:49:27.921+0600][94.419s][info][gc,cpu         ] GC(395) User=0.02s Sys=0.00s Real=0.00s
[2026-04-03T06:49:27.921+0600][94.419s][info][gc,marking     ] GC(396) Concurrent Clear Claimed Marks 0.280ms
[2026-04-03T06:49:27.921+0600][94.419s][info][gc,marking     ] GC(396) Concurrent Cleanup for Next Mark
[2026-04-03T06:49:27.922+0600][94.421s][info][gc,marking     ] GC(396) Concurrent Cleanup for Next Mark 1.432ms
[2026-04-03T06:49:27.922+0600][94.421s][info][gc             ] GC(396) Concurrent Undo Cycle 1.960ms
[2026-04-03T06:49:27.936+0600][94.435s][info][gc,start       ] GC(397) Pause Young (Concurrent Start) (G1 Humongous Allocation)
[2026-04-03T06:49:27.937+0600][94.435s][info][gc,task        ] GC(397) Using 10 workers of 10 for evacuation
[2026-04-03T06:49:27.942+0600][94.440s][info][gc,phases      ] GC(397)   Pre Evacuate Collection Set: 0.78ms
[2026-04-03T06:49:27.942+0600][94.440s][info][gc,phases      ] GC(397)   Merge Heap Roots: 0.21ms
[2026-04-03T06:49:27.942+0600][94.440s][info][gc,phases      ] GC(397)   Evacuate Collection Set: 2.10ms
[2026-04-03T06:49:27.942+0600][94.440s][info][gc,phases      ] GC(397)   Post Evacuate Collection Set: 1.63ms
[2026-04-03T06:49:27.942+0600][94.440s][info][gc,phases      ] GC(397)   Other: 0.34ms
[2026-04-03T06:49:27.942+0600][94.440s][info][gc,heap        ] GC(397) Eden regions: 6->0(599)
[2026-04-03T06:49:27.942+0600][94.440s][info][gc,heap        ] GC(397) Survivor regions: 2->4(76)
[2026-04-03T06:49:27.942+0600][94.440s][info][gc,heap        ] GC(397) Old regions: 46->46
[2026-04-03T06:49:27.942+0600][94.440s][info][gc,heap        ] GC(397) Humongous regions: 126->12
[2026-04-03T06:49:27.942+0600][94.440s][info][gc,metaspace   ] GC(397) Metaspace: 132264K(133696K)->132264K(133696K) NonClass: 115617K(116352K)->115617K(116352K) Class: 16646K(17344K)->16646K(17344K)
[2026-04-03T06:49:27.942+0600][94.440s][info][gc             ] GC(397) Pause Young (Concurrent Start) (G1 Humongous Allocation) 357M->120M(2010M) 5.458ms
[2026-04-03T06:49:27.942+0600][94.440s][info][gc             ] GC(398) Concurrent Undo Cycle
[2026-04-03T06:49:27.942+0600][94.441s][info][gc,cpu         ] GC(397) User=0.03s Sys=0.00s Real=0.00s
[2026-04-03T06:49:27.942+0600][94.441s][info][gc,marking     ] GC(398) Concurrent Clear Claimed Marks
[2026-04-03T06:49:27.942+0600][94.441s][info][gc,marking     ] GC(398) Concurrent Clear Claimed Marks 0.370ms
[2026-04-03T06:49:27.942+0600][94.441s][info][gc,marking     ] GC(398) Concurrent Cleanup for Next Mark
[2026-04-03T06:49:27.943+0600][94.441s][info][gc,marking     ] GC(398) Concurrent Cleanup for Next Mark 0.414ms
[2026-04-03T06:49:27.943+0600][94.441s][info][gc             ] GC(398) Concurrent Undo Cycle 1.011ms
[2026-04-03T06:49:27.988+0600][94.486s][info][gc,start       ] GC(399) Pause Young (Concurrent Start) (G1 Humongous Allocation)
[2026-04-03T06:49:27.988+0600][94.486s][info][gc,task        ] GC(399) Using 10 workers of 10 for evacuation
[2026-04-03T06:49:27.996+0600][94.494s][info][gc,phases      ] GC(399)   Pre Evacuate Collection Set: 0.61ms
[2026-04-03T06:49:27.996+0600][94.494s][info][gc,phases      ] GC(399)   Merge Heap Roots: 0.17ms
[2026-04-03T06:49:27.996+0600][94.494s][info][gc,phases      ] GC(399)   Evacuate Collection Set: 2.60ms
[2026-04-03T06:49:27.996+0600][94.494s][info][gc,phases      ] GC(399)   Post Evacuate Collection Set: 4.47ms
[2026-04-03T06:49:27.996+0600][94.494s][info][gc,phases      ] GC(399)   Other: 0.18ms
[2026-04-03T06:49:27.996+0600][94.495s][info][gc,heap        ] GC(399) Eden regions: 25->0(623)
[2026-04-03T06:49:27.996+0600][94.495s][info][gc,heap        ] GC(399) Survivor regions: 4->3(76)
[2026-04-03T06:49:27.996+0600][94.495s][info][gc,heap        ] GC(399) Old regions: 46->46
[2026-04-03T06:49:27.996+0600][94.495s][info][gc,heap        ] GC(399) Humongous regions: 84->5
[2026-04-03T06:49:27.996+0600][94.495s][info][gc,metaspace   ] GC(399) Metaspace: 132264K(133696K)->132264K(133696K) NonClass: 115617K(116352K)->115617K(116352K) Class: 16646K(17344K)->16646K(17344K)
[2026-04-03T06:49:27.996+0600][94.495s][info][gc             ] GC(399) Pause Young (Concurrent Start) (G1 Humongous Allocation) 314M->104M(2088M) 8.433ms
[2026-04-03T06:49:27.996+0600][94.495s][info][gc             ] GC(400) Concurrent Undo Cycle
[2026-04-03T06:49:27.996+0600][94.495s][info][gc,cpu         ] GC(399) User=0.03s Sys=0.00s Real=0.01s
[2026-04-03T06:49:27.996+0600][94.495s][info][gc,marking     ] GC(400) Concurrent Clear Claimed Marks
[2026-04-03T06:49:27.997+0600][94.495s][info][gc,marking     ] GC(400) Concurrent Clear Claimed Marks 0.304ms
[2026-04-03T06:49:27.997+0600][94.495s][info][gc,marking     ] GC(400) Concurrent Cleanup for Next Mark
[2026-04-03T06:49:27.997+0600][94.495s][info][gc,marking     ] GC(400) Concurrent Cleanup for Next Mark 0.348ms
[2026-04-03T06:49:27.997+0600][94.496s][info][gc             ] GC(400) Concurrent Undo Cycle 0.877ms
[2026-04-03T06:49:28.697+0600][95.196s][info][gc,start       ] GC(401) Pause Young (Concurrent Start) (GCLocker Initiated GC)
[2026-04-03T06:49:28.697+0600][95.196s][info][gc,task        ] GC(401) Using 10 workers of 10 for evacuation
[2026-04-03T06:49:28.704+0600][95.202s][info][gc,phases      ] GC(401)   Pre Evacuate Collection Set: 0.70ms
[2026-04-03T06:49:28.704+0600][95.202s][info][gc,phases      ] GC(401)   Merge Heap Roots: 0.31ms
[2026-04-03T06:49:28.704+0600][95.202s][info][gc,phases      ] GC(401)   Evacuate Collection Set: 3.94ms
[2026-04-03T06:49:28.704+0600][95.202s][info][gc,phases      ] GC(401)   Post Evacuate Collection Set: 1.26ms
[2026-04-03T06:49:28.704+0600][95.203s][info][gc,phases      ] GC(401)   Other: 0.26ms
[2026-04-03T06:49:28.704+0600][95.203s][info][gc,heap        ] GC(401) Eden regions: 176->0(622)
[2026-04-03T06:49:28.704+0600][95.203s][info][gc,heap        ] GC(401) Survivor regions: 3->4(79)
[2026-04-03T06:49:28.704+0600][95.203s][info][gc,heap        ] GC(401) Old regions: 46->46
[2026-04-03T06:49:28.704+0600][95.203s][info][gc,heap        ] GC(401) Humongous regions: 105->3
[2026-04-03T06:49:28.704+0600][95.203s][info][gc,metaspace   ] GC(401) Metaspace: 132278K(133760K)->132278K(133760K) NonClass: 115631K(116416K)->115631K(116416K) Class: 16646K(17344K)->16646K(17344K)
[2026-04-03T06:49:28.704+0600][95.203s][info][gc             ] GC(401) Pause Young (Concurrent Start) (GCLocker Initiated GC) 655M->103M(2088M) 6.908ms
[2026-04-03T06:49:28.704+0600][95.203s][info][gc             ] GC(402) Concurrent Mark Cycle
[2026-04-03T06:49:28.704+0600][95.203s][info][gc,marking     ] GC(402) Concurrent Scan Root Regions
[2026-04-03T06:49:28.704+0600][95.203s][info][gc,cpu         ] GC(401) User=0.05s Sys=0.00s Real=0.01s
[2026-04-03T06:49:28.708+0600][95.206s][info][gc,marking     ] GC(402) Concurrent Scan Root Regions 3.418ms
[2026-04-03T06:49:28.708+0600][95.206s][info][gc,marking     ] GC(402) Concurrent Mark
[2026-04-03T06:49:28.708+0600][95.206s][info][gc,marking     ] GC(402) Concurrent Mark From Roots
[2026-04-03T06:49:28.708+0600][95.206s][info][gc,task        ] GC(402) Using 3 workers of 3 for marking
[2026-04-03T06:49:28.799+0600][95.297s][info][gc,marking     ] GC(402) Concurrent Mark From Roots 90.752ms
[2026-04-03T06:49:28.799+0600][95.297s][info][gc,marking     ] GC(402) Concurrent Preclean
[2026-04-03T06:49:28.800+0600][95.298s][info][gc,marking     ] GC(402) Concurrent Preclean 0.936ms
[2026-04-03T06:49:28.802+0600][95.301s][info][gc,start       ] GC(402) Pause Remark
[2026-04-03T06:49:28.812+0600][95.311s][info][gc             ] GC(402) Pause Remark 187M->187M(500M) 10.033ms
[2026-04-03T06:49:28.812+0600][95.311s][info][gc,cpu         ] GC(402) User=0.07s Sys=0.00s Real=0.01s
[2026-04-03T06:49:28.813+0600][95.311s][info][gc,marking     ] GC(402) Concurrent Mark 104.628ms
[2026-04-03T06:49:28.813+0600][95.311s][info][gc,marking     ] GC(402) Concurrent Rebuild Remembered Sets and Scrub Regions
[2026-04-03T06:49:28.861+0600][95.359s][info][gc,marking     ] GC(402) Concurrent Rebuild Remembered Sets and Scrub Regions 48.040ms
[2026-04-03T06:49:28.861+0600][95.359s][info][gc,start       ] GC(402) Pause Cleanup
[2026-04-03T06:49:28.861+0600][95.360s][info][gc             ] GC(402) Pause Cleanup 236M->236M(500M) 0.372ms
[2026-04-03T06:49:28.861+0600][95.360s][info][gc,cpu         ] GC(402) User=0.00s Sys=0.00s Real=0.00s
[2026-04-03T06:49:28.862+0600][95.360s][info][gc,marking     ] GC(402) Concurrent Clear Claimed Marks
[2026-04-03T06:49:28.862+0600][95.360s][info][gc,marking     ] GC(402) Concurrent Clear Claimed Marks 0.391ms
[2026-04-03T06:49:28.862+0600][95.360s][info][gc,marking     ] GC(402) Concurrent Cleanup for Next Mark
[2026-04-03T06:49:28.863+0600][95.362s][info][gc,marking     ] GC(402) Concurrent Cleanup for Next Mark 1.085ms
[2026-04-03T06:49:28.863+0600][95.362s][info][gc             ] GC(402) Concurrent Mark Cycle 158.986ms
[2026-04-03T06:49:29.097+0600][95.596s][info][gc,start       ] GC(403) Pause Young (Prepare Mixed) (G1 Evacuation Pause)
[2026-04-03T06:49:29.097+0600][95.596s][info][gc,task        ] GC(403) Using 10 workers of 10 for evacuation
[2026-04-03T06:49:29.105+0600][95.603s][info][gc,phases      ] GC(403)   Pre Evacuate Collection Set: 0.35ms
[2026-04-03T06:49:29.105+0600][95.603s][info][gc,phases      ] GC(403)   Merge Heap Roots: 0.23ms
[2026-04-03T06:49:29.105+0600][95.603s][info][gc,phases      ] GC(403)   Evacuate Collection Set: 5.77ms
[2026-04-03T06:49:29.105+0600][95.603s][info][gc,phases      ] GC(403)   Post Evacuate Collection Set: 0.80ms
[2026-04-03T06:49:29.105+0600][95.603s][info][gc,phases      ] GC(403)   Other: 0.11ms
[2026-04-03T06:49:29.105+0600][95.603s][info][gc,heap        ] GC(403) Eden regions: 109->0(149)
[2026-04-03T06:49:29.105+0600][95.603s][info][gc,heap        ] GC(403) Survivor regions: 4->4(19)
[2026-04-03T06:49:29.105+0600][95.603s][info][gc,heap        ] GC(403) Old regions: 46->47
[2026-04-03T06:49:29.105+0600][95.603s][info][gc,heap        ] GC(403) Humongous regions: 92->4
[2026-04-03T06:49:29.105+0600][95.603s][info][gc,metaspace   ] GC(403) Metaspace: 132278K(133760K)->132278K(133760K) NonClass: 115631K(116416K)->115631K(116416K) Class: 16646K(17344K)->16646K(17344K)
[2026-04-03T06:49:29.105+0600][95.603s][info][gc             ] GC(403) Pause Young (Prepare Mixed) (G1 Evacuation Pause) 499M->105M(512M) 7.620ms
[2026-04-03T06:49:29.105+0600][95.604s][info][gc,cpu         ] GC(403) User=0.03s Sys=0.02s Real=0.01s
[2026-04-03T06:49:29.490+0600][95.988s][info][gc,start       ] GC(404) Pause Young (Mixed) (G1 Evacuation Pause)
[2026-04-03T06:49:29.490+0600][95.988s][info][gc,task        ] GC(404) Using 10 workers of 10 for evacuation
[2026-04-03T06:49:29.496+0600][95.995s][info][gc,phases      ] GC(404)   Pre Evacuate Collection Set: 1.54ms
[2026-04-03T06:49:29.496+0600][95.995s][info][gc,phases      ] GC(404)   Merge Heap Roots: 0.16ms
[2026-04-03T06:49:29.496+0600][95.995s][info][gc,phases      ] GC(404)   Evacuate Collection Set: 3.62ms
[2026-04-03T06:49:29.496+0600][95.995s][info][gc,phases      ] GC(404)   Post Evacuate Collection Set: 1.04ms
[2026-04-03T06:49:29.496+0600][95.995s][info][gc,phases      ] GC(404)   Other: 0.18ms
[2026-04-03T06:49:29.496+0600][95.995s][info][gc,heap        ] GC(404) Eden regions: 117->0(152)
[2026-04-03T06:49:29.496+0600][95.995s][info][gc,heap        ] GC(404) Survivor regions: 4->3(20)
[2026-04-03T06:49:29.496+0600][95.995s][info][gc,heap        ] GC(404) Old regions: 47->45
[2026-04-03T06:49:29.496+0600][95.995s][info][gc,heap        ] GC(404) Humongous regions: 88->3
[2026-04-03T06:49:29.496+0600][95.995s][info][gc,metaspace   ] GC(404) Metaspace: 132279K(133760K)->132279K(133760K) NonClass: 115632K(116416K)->115632K(116416K) Class: 16646K(17344K)->16646K(17344K)
[2026-04-03T06:49:29.496+0600][95.995s][info][gc             ] GC(404) Pause Young (Mixed) (G1 Evacuation Pause) 507M->101M(518M) 6.863ms
[2026-04-03T06:49:29.496+0600][95.995s][info][gc,cpu         ] GC(404) User=0.03s Sys=0.01s Real=0.01s
[2026-04-03T06:49:29.507+0600][96.006s][info][gc,start       ] GC(405) Pause Young (Concurrent Start) (G1 Humongous Allocation)
[2026-04-03T06:49:29.507+0600][96.006s][info][gc,task        ] GC(405) Using 10 workers of 10 for evacuation
[2026-04-03T06:49:29.511+0600][96.010s][info][gc,phases      ] GC(405)   Pre Evacuate Collection Set: 1.05ms
[2026-04-03T06:49:29.511+0600][96.010s][info][gc,phases      ] GC(405)   Merge Heap Roots: 0.12ms
[2026-04-03T06:49:29.511+0600][96.010s][info][gc,phases      ] GC(405)   Evacuate Collection Set: 1.95ms
[2026-04-03T06:49:29.511+0600][96.010s][info][gc,phases      ] GC(405)   Post Evacuate Collection Set: 0.55ms
[2026-04-03T06:49:29.511+0600][96.010s][info][gc,phases      ] GC(405)   Other: 0.33ms
[2026-04-03T06:49:29.511+0600][96.010s][info][gc,heap        ] GC(405) Eden regions: 3->0(152)
[2026-04-03T06:49:29.511+0600][96.010s][info][gc,heap        ] GC(405) Survivor regions: 3->3(20)
[2026-04-03T06:49:29.511+0600][96.010s][info][gc,heap        ] GC(405) Old regions: 45->45
[2026-04-03T06:49:29.511+0600][96.010s][info][gc,heap        ] GC(405) Humongous regions: 3->3
[2026-04-03T06:49:29.511+0600][96.010s][info][gc,metaspace   ] GC(405) Metaspace: 132279K(133760K)->132279K(133760K) NonClass: 115632K(116416K)->115632K(116416K) Class: 16646K(17344K)->16646K(17344K)
[2026-04-03T06:49:29.511+0600][96.010s][info][gc             ] GC(405) Pause Young (Concurrent Start) (G1 Humongous Allocation) 105M->100M(518M) 4.384ms
[2026-04-03T06:49:29.511+0600][96.010s][info][gc             ] GC(406) Concurrent Mark Cycle
[2026-04-03T06:49:29.512+0600][96.010s][info][gc,marking     ] GC(406) Concurrent Scan Root Regions
[2026-04-03T06:49:29.512+0600][96.010s][info][gc,cpu         ] GC(405) User=0.02s Sys=0.00s Real=0.00s
[2026-04-03T06:49:29.515+0600][96.013s][info][gc,marking     ] GC(406) Concurrent Scan Root Regions 3.225ms
[2026-04-03T06:49:29.515+0600][96.013s][info][gc,marking     ] GC(406) Concurrent Mark
[2026-04-03T06:49:29.515+0600][96.013s][info][gc,marking     ] GC(406) Concurrent Mark From Roots
[2026-04-03T06:49:29.515+0600][96.013s][info][gc,task        ] GC(406) Using 3 workers of 3 for marking
[2026-04-03T06:49:29.592+0600][96.091s][info][gc,marking     ] GC(406) Concurrent Mark From Roots 77.553ms
[2026-04-03T06:49:29.593+0600][96.091s][info][gc,marking     ] GC(406) Concurrent Preclean
[2026-04-03T06:49:29.594+0600][96.092s][info][gc,marking     ] GC(406) Concurrent Preclean 1.127ms
[2026-04-03T06:49:29.594+0600][96.093s][info][gc,start       ] GC(406) Pause Remark
[2026-04-03T06:49:29.607+0600][96.105s][info][gc             ] GC(406) Pause Remark 136M->136M(414M) 12.520ms
[2026-04-03T06:49:29.607+0600][96.105s][info][gc,cpu         ] GC(406) User=0.08s Sys=0.00s Real=0.01s
[2026-04-03T06:49:29.609+0600][96.107s][info][gc,marking     ] GC(406) Concurrent Mark 93.675ms
[2026-04-03T06:49:29.609+0600][96.107s][info][gc,marking     ] GC(406) Concurrent Rebuild Remembered Sets and Scrub Regions
[2026-04-03T06:49:29.644+0600][96.143s][info][gc,marking     ] GC(406) Concurrent Rebuild Remembered Sets and Scrub Regions 35.767ms
[2026-04-03T06:49:29.645+0600][96.143s][info][gc,start       ] GC(406) Pause Cleanup
[2026-04-03T06:49:29.645+0600][96.144s][info][gc             ] GC(406) Pause Cleanup 149M->149M(414M) 0.403ms
[2026-04-03T06:49:29.645+0600][96.144s][info][gc,cpu         ] GC(406) User=0.01s Sys=0.00s Real=0.00s
[2026-04-03T06:49:29.646+0600][96.144s][info][gc,marking     ] GC(406) Concurrent Clear Claimed Marks
[2026-04-03T06:49:29.646+0600][96.144s][info][gc,marking     ] GC(406) Concurrent Clear Claimed Marks 0.443ms
[2026-04-03T06:49:29.646+0600][96.144s][info][gc,marking     ] GC(406) Concurrent Cleanup for Next Mark
[2026-04-03T06:49:29.647+0600][96.145s][info][gc,marking     ] GC(406) Concurrent Cleanup for Next Mark 0.844ms
[2026-04-03T06:49:29.647+0600][96.145s][info][gc             ] GC(406) Concurrent Mark Cycle 135.524ms
[2026-04-03T06:49:29.920+0600][96.419s][info][gc,start       ] GC(407) Pause Young (Prepare Mixed) (G1 Evacuation Pause)
[2026-04-03T06:49:29.920+0600][96.419s][info][gc,task        ] GC(407) Using 9 workers of 10 for evacuation
[2026-04-03T06:49:29.928+0600][96.427s][info][gc,phases      ] GC(407)   Pre Evacuate Collection Set: 1.12ms
[2026-04-03T06:49:29.928+0600][96.427s][info][gc,phases      ] GC(407)   Merge Heap Roots: 0.25ms
[2026-04-03T06:49:29.928+0600][96.427s][info][gc,phases      ] GC(407)   Evacuate Collection Set: 5.22ms
[2026-04-03T06:49:29.928+0600][96.427s][info][gc,phases      ] GC(407)   Post Evacuate Collection Set: 0.97ms
[2026-04-03T06:49:29.928+0600][96.427s][info][gc,phases      ] GC(407)   Other: 0.12ms
[2026-04-03T06:49:29.928+0600][96.427s][info][gc,heap        ] GC(407) Eden regions: 108->0(123)
[2026-04-03T06:49:29.928+0600][96.427s][info][gc,heap        ] GC(407) Survivor regions: 3->4(16)
[2026-04-03T06:49:29.928+0600][96.427s][info][gc,heap        ] GC(407) Old regions: 45->46
[2026-04-03T06:49:29.928+0600][96.427s][info][gc,heap        ] GC(407) Humongous regions: 51->3
[2026-04-03T06:49:29.928+0600][96.427s][info][gc,metaspace   ] GC(407) Metaspace: 132281K(133760K)->132281K(133760K) NonClass: 115634K(116416K)->115634K(116416K) Class: 16646K(17344K)->16646K(17344K)
[2026-04-03T06:49:29.928+0600][96.427s][info][gc             ] GC(407) Pause Young (Prepare Mixed) (G1 Evacuation Pause) 412M->102M(424M) 8.239ms
[2026-04-03T06:49:29.929+0600][96.427s][info][gc,cpu         ] GC(407) User=0.03s Sys=0.02s Real=0.01s
[2026-04-03T06:49:30.123+0600][96.622s][info][gc,start       ] GC(408) Pause Young (Mixed) (G1 Evacuation Pause)
[2026-04-03T06:49:30.123+0600][96.622s][info][gc,task        ] GC(408) Using 10 workers of 10 for evacuation
[2026-04-03T06:49:30.130+0600][96.628s][info][gc,phases      ] GC(408)   Pre Evacuate Collection Set: 0.36ms
[2026-04-03T06:49:30.130+0600][96.628s][info][gc,phases      ] GC(408)   Merge Heap Roots: 0.18ms
[2026-04-03T06:49:30.130+0600][96.628s][info][gc,phases      ] GC(408)   Evacuate Collection Set: 4.69ms
[2026-04-03T06:49:30.130+0600][96.628s][info][gc,phases      ] GC(408)   Post Evacuate Collection Set: 0.89ms
[2026-04-03T06:49:30.130+0600][96.628s][info][gc,phases      ] GC(408)   Other: 0.10ms
[2026-04-03T06:49:30.130+0600][96.628s][info][gc,heap        ] GC(408) Eden regions: 67->0(170)
[2026-04-03T06:49:30.130+0600][96.628s][info][gc,heap        ] GC(408) Survivor regions: 4->5(16)
[2026-04-03T06:49:30.130+0600][96.628s][info][gc,heap        ] GC(408) Old regions: 46->45
[2026-04-03T06:49:30.130+0600][96.628s][info][gc,heap        ] GC(408) Humongous regions: 170->12
[2026-04-03T06:49:30.130+0600][96.628s][info][gc,metaspace   ] GC(408) Metaspace: 132282K(133760K)->132282K(133760K) NonClass: 115636K(116416K)->115636K(116416K) Class: 16646K(17344K)->16646K(17344K)
[2026-04-03T06:49:30.130+0600][96.628s][info][gc             ] GC(408) Pause Young (Mixed) (G1 Evacuation Pause) 570M->122M(584M) 6.571ms
[2026-04-03T06:49:30.130+0600][96.628s][info][gc,cpu         ] GC(408) User=0.02s Sys=0.02s Real=0.00s
[2026-04-03T06:49:30.131+0600][96.629s][info][gc,start       ] GC(409) Pause Young (Concurrent Start) (G1 Humongous Allocation)
[2026-04-03T06:49:30.131+0600][96.629s][info][gc,task        ] GC(409) Using 10 workers of 10 for evacuation
[2026-04-03T06:49:30.135+0600][96.633s][info][gc,phases      ] GC(409)   Pre Evacuate Collection Set: 0.32ms
[2026-04-03T06:49:30.135+0600][96.634s][info][gc,phases      ] GC(409)   Merge Heap Roots: 0.09ms
[2026-04-03T06:49:30.135+0600][96.634s][info][gc,phases      ] GC(409)   Evacuate Collection Set: 2.20ms
[2026-04-03T06:49:30.135+0600][96.634s][info][gc,phases      ] GC(409)   Post Evacuate Collection Set: 1.28ms
[2026-04-03T06:49:30.135+0600][96.634s][info][gc,phases      ] GC(409)   Other: 0.12ms
[2026-04-03T06:49:30.135+0600][96.634s][info][gc,heap        ] GC(409) Eden regions: 3->0(251)
[2026-04-03T06:49:30.135+0600][96.634s][info][gc,heap        ] GC(409) Survivor regions: 5->5(22)
[2026-04-03T06:49:30.135+0600][96.634s][info][gc,heap        ] GC(409) Old regions: 45->45
[2026-04-03T06:49:30.135+0600][96.634s][info][gc,heap        ] GC(409) Humongous regions: 12->3
[2026-04-03T06:49:30.135+0600][96.634s][info][gc,metaspace   ] GC(409) Metaspace: 132282K(133760K)->132282K(133760K) NonClass: 115636K(116416K)->115636K(116416K) Class: 16646K(17344K)->16646K(17344K)
[2026-04-03T06:49:30.135+0600][96.634s][info][gc             ] GC(409) Pause Young (Concurrent Start) (G1 Humongous Allocation) 126M->103M(856M) 4.355ms
[2026-04-03T06:49:30.135+0600][96.634s][info][gc             ] GC(410) Concurrent Undo Cycle
[2026-04-03T06:49:30.135+0600][96.634s][info][gc,cpu         ] GC(409) User=0.02s Sys=0.00s Real=0.01s
[2026-04-03T06:49:30.135+0600][96.634s][info][gc,marking     ] GC(410) Concurrent Clear Claimed Marks
[2026-04-03T06:49:30.136+0600][96.634s][info][gc,marking     ] GC(410) Concurrent Clear Claimed Marks 0.338ms
[2026-04-03T06:49:30.136+0600][96.634s][info][gc,marking     ] GC(410) Concurrent Cleanup for Next Mark
[2026-04-03T06:49:30.136+0600][96.635s][info][gc,marking     ] GC(410) Concurrent Cleanup for Next Mark 0.300ms
[2026-04-03T06:49:30.136+0600][96.635s][info][gc             ] GC(410) Concurrent Undo Cycle 0.839ms
[2026-04-03T06:49:30.137+0600][96.635s][info][gc,start       ] GC(411) Pause Young (Concurrent Start) (G1 Humongous Allocation)
[2026-04-03T06:49:30.137+0600][96.635s][info][gc,task        ] GC(411) Using 10 workers of 10 for evacuation
[2026-04-03T06:49:30.141+0600][96.639s][info][gc,phases      ] GC(411)   Pre Evacuate Collection Set: 0.34ms
[2026-04-03T06:49:30.141+0600][96.639s][info][gc,phases      ] GC(411)   Merge Heap Roots: 0.09ms
[2026-04-03T06:49:30.141+0600][96.639s][info][gc,phases      ] GC(411)   Evacuate Collection Set: 2.54ms
[2026-04-03T06:49:30.141+0600][96.639s][info][gc,phases      ] GC(411)   Post Evacuate Collection Set: 0.59ms
[2026-04-03T06:49:30.141+0600][96.639s][info][gc,phases      ] GC(411)   Other: 0.12ms
[2026-04-03T06:49:30.141+0600][96.639s][info][gc,heap        ] GC(411) Eden regions: 2->0(251)
[2026-04-03T06:49:30.141+0600][96.639s][info][gc,heap        ] GC(411) Survivor regions: 5->5(32)
[2026-04-03T06:49:30.141+0600][96.639s][info][gc,heap        ] GC(411) Old regions: 45->45
[2026-04-03T06:49:30.141+0600][96.639s][info][gc,heap        ] GC(411) Humongous regions: 12->12
[2026-04-03T06:49:30.141+0600][96.639s][info][gc,metaspace   ] GC(411) Metaspace: 132282K(133760K)->132282K(133760K) NonClass: 115636K(116416K)->115636K(116416K) Class: 16646K(17344K)->16646K(17344K)
[2026-04-03T06:49:30.141+0600][96.639s][info][gc             ] GC(411) Pause Young (Concurrent Start) (G1 Humongous Allocation) 124M->122M(856M) 3.957ms
[2026-04-03T06:49:30.141+0600][96.639s][info][gc             ] GC(412) Concurrent Mark Cycle
[2026-04-03T06:49:30.141+0600][96.639s][info][gc,cpu         ] GC(411) User=0.02s Sys=0.00s Real=0.00s
[2026-04-03T06:49:30.141+0600][96.639s][info][gc,marking     ] GC(412) Concurrent Scan Root Regions
[2026-04-03T06:49:30.143+0600][96.642s][info][gc,marking     ] GC(412) Concurrent Scan Root Regions 2.437ms
[2026-04-03T06:49:30.144+0600][96.642s][info][gc,marking     ] GC(412) Concurrent Mark
[2026-04-03T06:49:30.144+0600][96.642s][info][gc,marking     ] GC(412) Concurrent Mark From Roots
[2026-04-03T06:49:30.144+0600][96.642s][info][gc,task        ] GC(412) Using 3 workers of 3 for marking
[2026-04-03T06:49:30.226+0600][96.725s][info][gc,marking     ] GC(412) Concurrent Mark From Roots 82.886ms
[2026-04-03T06:49:30.227+0600][96.725s][info][gc,marking     ] GC(412) Concurrent Preclean
[2026-04-03T06:49:30.227+0600][96.726s][info][gc,marking     ] GC(412) Concurrent Preclean 0.565ms
[2026-04-03T06:49:30.227+0600][96.726s][info][gc,start       ] GC(412) Pause Remark
[2026-04-03T06:49:30.237+0600][96.735s][info][gc             ] GC(412) Pause Remark 281M->281M(794M) 9.033ms
[2026-04-03T06:49:30.237+0600][96.735s][info][gc,cpu         ] GC(412) User=0.06s Sys=0.01s Real=0.01s
[2026-04-03T06:49:30.237+0600][96.735s][info][gc,marking     ] GC(412) Concurrent Mark 93.339ms
[2026-04-03T06:49:30.237+0600][96.735s][info][gc,marking     ] GC(412) Concurrent Rebuild Remembered Sets and Scrub Regions
[2026-04-03T06:49:30.264+0600][96.763s][info][gc,marking     ] GC(412) Concurrent Rebuild Remembered Sets and Scrub Regions 27.408ms
[2026-04-03T06:49:30.265+0600][96.764s][info][gc,start       ] GC(412) Pause Cleanup
[2026-04-03T06:49:30.266+0600][96.764s][info][gc             ] GC(412) Pause Cleanup 329M->329M(794M) 0.355ms
[2026-04-03T06:49:30.266+0600][96.764s][info][gc,cpu         ] GC(412) User=0.00s Sys=0.00s Real=0.00s
[2026-04-03T06:49:30.266+0600][96.764s][info][gc,marking     ] GC(412) Concurrent Clear Claimed Marks
[2026-04-03T06:49:30.266+0600][96.765s][info][gc,marking     ] GC(412) Concurrent Clear Claimed Marks 0.573ms
[2026-04-03T06:49:30.267+0600][96.765s][info][gc,marking     ] GC(412) Concurrent Cleanup for Next Mark
[2026-04-03T06:49:30.272+0600][96.770s][info][gc,marking     ] GC(412) Concurrent Cleanup for Next Mark 4.944ms
[2026-04-03T06:49:30.272+0600][96.770s][info][gc             ] GC(412) Concurrent Mark Cycle 130.912ms
[2026-04-03T06:49:30.402+0600][96.900s][info][gc,start       ] GC(413) Pause Young (Prepare Mixed) (G1 Evacuation Pause)
[2026-04-03T06:49:30.402+0600][96.900s][info][gc,task        ] GC(413) Using 10 workers of 10 for evacuation
[2026-04-03T06:49:30.408+0600][96.906s][info][gc,phases      ] GC(413)   Pre Evacuate Collection Set: 0.48ms
[2026-04-03T06:49:30.408+0600][96.906s][info][gc,phases      ] GC(413)   Merge Heap Roots: 0.24ms
[2026-04-03T06:49:30.408+0600][96.906s][info][gc,phases      ] GC(413)   Evacuate Collection Set: 3.88ms
[2026-04-03T06:49:30.408+0600][96.906s][info][gc,phases      ] GC(413)   Post Evacuate Collection Set: 0.82ms
[2026-04-03T06:49:30.408+0600][96.906s][info][gc,phases      ] GC(413)   Other: 0.10ms
[2026-04-03T06:49:30.408+0600][96.906s][info][gc,heap        ] GC(413) Eden regions: 65->0(237)
[2026-04-03T06:49:30.408+0600][96.906s][info][gc,heap        ] GC(413) Survivor regions: 5->4(30)
[2026-04-03T06:49:30.408+0600][96.906s][info][gc,heap        ] GC(413) Old regions: 45->46
[2026-04-03T06:49:30.408+0600][96.906s][info][gc,heap        ] GC(413) Humongous regions: 282->3
[2026-04-03T06:49:30.408+0600][96.906s][info][gc,metaspace   ] GC(413) Metaspace: 132285K(133760K)->132285K(133760K) NonClass: 115638K(116416K)->115638K(116416K) Class: 16646K(17344K)->16646K(17344K)
[2026-04-03T06:49:30.408+0600][96.906s][info][gc             ] GC(413) Pause Young (Prepare Mixed) (G1 Evacuation Pause) 792M->101M(804M) 5.842ms
[2026-04-03T06:49:30.408+0600][96.906s][info][gc,cpu         ] GC(413) User=0.03s Sys=0.01s Real=0.01s
[2026-04-03T06:49:31.130+0600][97.628s][info][gc,start       ] GC(414) Pause Young (Mixed) (G1 Evacuation Pause)
[2026-04-03T06:49:31.130+0600][97.628s][info][gc,task        ] GC(414) Using 10 workers of 10 for evacuation
[2026-04-03T06:49:31.140+0600][97.639s][info][gc,phases      ] GC(414)   Pre Evacuate Collection Set: 0.57ms
[2026-04-03T06:49:31.140+0600][97.639s][info][gc,phases      ] GC(414)   Merge Heap Roots: 0.96ms
[2026-04-03T06:49:31.140+0600][97.639s][info][gc,phases      ] GC(414)   Evacuate Collection Set: 6.66ms
[2026-04-03T06:49:31.140+0600][97.639s][info][gc,phases      ] GC(414)   Post Evacuate Collection Set: 2.20ms
[2026-04-03T06:49:31.140+0600][97.639s][info][gc,phases      ] GC(414)   Other: 0.16ms
[2026-04-03T06:49:31.140+0600][97.639s][info][gc,heap        ] GC(414) Eden regions: 211->0(240)
[2026-04-03T06:49:31.140+0600][97.639s][info][gc,heap        ] GC(414) Survivor regions: 4->4(31)
[2026-04-03T06:49:31.140+0600][97.639s][info][gc,heap        ] GC(414) Old regions: 46->45
[2026-04-03T06:49:31.140+0600][97.639s][info][gc,heap        ] GC(414) Humongous regions: 141->3
[2026-04-03T06:49:31.140+0600][97.639s][info][gc,metaspace   ] GC(414) Metaspace: 132286K(133760K)->132286K(133760K) NonClass: 115639K(116416K)->115639K(116416K) Class: 16646K(17344K)->16646K(17344K)
[2026-04-03T06:49:31.141+0600][97.639s][info][gc             ] GC(414) Pause Young (Mixed) (G1 Evacuation Pause) 799M->101M(814M) 10.953ms
[2026-04-03T06:49:31.141+0600][97.639s][info][gc,cpu         ] GC(414) User=0.06s Sys=0.01s Real=0.01s
[2026-04-03T06:49:31.153+0600][97.652s][info][gc,start       ] GC(415) Pause Young (Concurrent Start) (GCLocker Initiated GC)
[2026-04-03T06:49:31.154+0600][97.652s][info][gc,task        ] GC(415) Using 10 workers of 10 for evacuation
[2026-04-03T06:49:31.160+0600][97.658s][info][gc,phases      ] GC(415)   Pre Evacuate Collection Set: 1.77ms
[2026-04-03T06:49:31.160+0600][97.658s][info][gc,phases      ] GC(415)   Merge Heap Roots: 0.21ms
[2026-04-03T06:49:31.160+0600][97.658s][info][gc,phases      ] GC(415)   Evacuate Collection Set: 2.62ms
[2026-04-03T06:49:31.160+0600][97.658s][info][gc,phases      ] GC(415)   Post Evacuate Collection Set: 1.11ms
[2026-04-03T06:49:31.160+0600][97.658s][info][gc,phases      ] GC(415)   Other: 0.30ms
[2026-04-03T06:49:31.160+0600][97.658s][info][gc,heap        ] GC(415) Eden regions: 10->0(240)
[2026-04-03T06:49:31.160+0600][97.658s][info][gc,heap        ] GC(415) Survivor regions: 4->4(31)
[2026-04-03T06:49:31.160+0600][97.658s][info][gc,heap        ] GC(415) Old regions: 45->45
[2026-04-03T06:49:31.160+0600][97.658s][info][gc,heap        ] GC(415) Humongous regions: 3->3
[2026-04-03T06:49:31.160+0600][97.658s][info][gc,metaspace   ] GC(415) Metaspace: 132286K(133760K)->132286K(133760K) NonClass: 115639K(116416K)->115639K(116416K) Class: 16646K(17344K)->16646K(17344K)
[2026-04-03T06:49:31.160+0600][97.658s][info][gc             ] GC(415) Pause Young (Concurrent Start) (GCLocker Initiated GC) 120M->101M(814M) 6.441ms
[2026-04-03T06:49:31.160+0600][97.659s][info][gc,cpu         ] GC(415) User=0.03s Sys=0.00s Real=0.00s
[2026-04-03T06:49:31.160+0600][97.659s][info][gc             ] GC(416) Concurrent Mark Cycle
[2026-04-03T06:49:31.160+0600][97.659s][info][gc,marking     ] GC(416) Concurrent Scan Root Regions
[2026-04-03T06:49:31.164+0600][97.663s][info][gc,marking     ] GC(416) Concurrent Scan Root Regions 3.766ms
[2026-04-03T06:49:31.164+0600][97.663s][info][gc,marking     ] GC(416) Concurrent Mark
[2026-04-03T06:49:31.164+0600][97.663s][info][gc,marking     ] GC(416) Concurrent Mark From Roots
[2026-04-03T06:49:31.164+0600][97.663s][info][gc,task        ] GC(416) Using 3 workers of 3 for marking
[2026-04-03T06:49:31.250+0600][97.748s][info][gc,marking     ] GC(416) Concurrent Mark From Roots 85.493ms
[2026-04-03T06:49:31.250+0600][97.748s][info][gc,marking     ] GC(416) Concurrent Preclean
[2026-04-03T06:49:31.251+0600][97.749s][info][gc,marking     ] GC(416) Concurrent Preclean 0.933ms
[2026-04-03T06:49:31.252+0600][97.750s][info][gc,start       ] GC(416) Pause Remark
[2026-04-03T06:49:31.262+0600][97.761s][info][gc             ] GC(416) Pause Remark 199M->199M(494M) 10.499ms
[2026-04-03T06:49:31.262+0600][97.761s][info][gc,cpu         ] GC(416) User=0.08s Sys=0.00s Real=0.01s
[2026-04-03T06:49:31.263+0600][97.761s][info][gc,marking     ] GC(416) Concurrent Mark 98.530ms
[2026-04-03T06:49:31.263+0600][97.761s][info][gc,marking     ] GC(416) Concurrent Rebuild Remembered Sets and Scrub Regions
[2026-04-03T06:49:31.302+0600][97.800s][info][gc,marking     ] GC(416) Concurrent Rebuild Remembered Sets and Scrub Regions 38.904ms
[2026-04-03T06:49:31.302+0600][97.801s][info][gc,start       ] GC(416) Pause Cleanup
[2026-04-03T06:49:31.303+0600][97.801s][info][gc             ] GC(416) Pause Cleanup 237M->237M(494M) 0.371ms
[2026-04-03T06:49:31.303+0600][97.801s][info][gc,cpu         ] GC(416) User=0.00s Sys=0.00s Real=0.00s
[2026-04-03T06:49:31.303+0600][97.801s][info][gc,marking     ] GC(416) Concurrent Clear Claimed Marks
[2026-04-03T06:49:31.303+0600][97.802s][info][gc,marking     ] GC(416) Concurrent Clear Claimed Marks 0.423ms
[2026-04-03T06:49:31.303+0600][97.802s][info][gc,marking     ] GC(416) Concurrent Cleanup for Next Mark
[2026-04-03T06:49:31.305+0600][97.803s][info][gc,marking     ] GC(416) Concurrent Cleanup for Next Mark 1.263ms
[2026-04-03T06:49:31.305+0600][97.803s][info][gc             ] GC(416) Concurrent Mark Cycle 144.514ms
[2026-04-03T06:49:31.517+0600][98.015s][info][gc,start       ] GC(417) Pause Young (Prepare Mixed) (G1 Evacuation Pause)
[2026-04-03T06:49:31.517+0600][98.015s][info][gc,task        ] GC(417) Using 10 workers of 10 for evacuation
[2026-04-03T06:49:31.524+0600][98.023s][info][gc,phases      ] GC(417)   Pre Evacuate Collection Set: 0.59ms
[2026-04-03T06:49:31.524+0600][98.023s][info][gc,phases      ] GC(417)   Merge Heap Roots: 0.23ms
[2026-04-03T06:49:31.524+0600][98.023s][info][gc,phases      ] GC(417)   Evacuate Collection Set: 4.89ms
[2026-04-03T06:49:31.524+0600][98.023s][info][gc,phases      ] GC(417)   Post Evacuate Collection Set: 1.51ms
[2026-04-03T06:49:31.524+0600][98.023s][info][gc,phases      ] GC(417)   Other: 0.13ms
[2026-04-03T06:49:31.524+0600][98.023s][info][gc,heap        ] GC(417) Eden regions: 107->0(147)
[2026-04-03T06:49:31.524+0600][98.023s][info][gc,heap        ] GC(417) Survivor regions: 4->4(19)
[2026-04-03T06:49:31.524+0600][98.023s][info][gc,heap        ] GC(417) Old regions: 45->46
[2026-04-03T06:49:31.524+0600][98.023s][info][gc,heap        ] GC(417) Humongous regions: 91->3
[2026-04-03T06:49:31.524+0600][98.023s][info][gc,metaspace   ] GC(417) Metaspace: 132286K(133760K)->132286K(133760K) NonClass: 115639K(116416K)->115639K(116416K) Class: 16646K(17344K)->16646K(17344K)
[2026-04-03T06:49:31.524+0600][98.023s][info][gc             ] GC(417) Pause Young (Prepare Mixed) (G1 Evacuation Pause) 491M->102M(504M) 7.854ms
[2026-04-03T06:49:31.525+0600][98.023s][info][gc,cpu         ] GC(417) User=0.04s Sys=0.00s Real=0.01s
[2026-04-03T06:49:31.891+0600][98.390s][info][gc,start       ] GC(418) Pause Young (Mixed) (G1 Evacuation Pause)
[2026-04-03T06:49:31.891+0600][98.390s][info][gc,task        ] GC(418) Using 10 workers of 10 for evacuation
[2026-04-03T06:49:31.900+0600][98.398s][info][gc,phases      ] GC(418)   Pre Evacuate Collection Set: 0.42ms
[2026-04-03T06:49:31.900+0600][98.399s][info][gc,phases      ] GC(418)   Merge Heap Roots: 0.25ms
[2026-04-03T06:49:31.900+0600][98.399s][info][gc,phases      ] GC(418)   Evacuate Collection Set: 6.99ms
[2026-04-03T06:49:31.900+0600][98.399s][info][gc,phases      ] GC(418)   Post Evacuate Collection Set: 0.76ms
[2026-04-03T06:49:31.900+0600][98.399s][info][gc,phases      ] GC(418)   Other: 0.34ms
[2026-04-03T06:49:31.900+0600][98.399s][info][gc,heap        ] GC(418) Eden regions: 121->0(149)
[2026-04-03T06:49:31.900+0600][98.399s][info][gc,heap        ] GC(418) Survivor regions: 4->5(19)
[2026-04-03T06:49:31.900+0600][98.399s][info][gc,heap        ] GC(418) Old regions: 46->45
[2026-04-03T06:49:31.900+0600][98.399s][info][gc,heap        ] GC(418) Humongous regions: 81->3
[2026-04-03T06:49:31.900+0600][98.399s][info][gc,metaspace   ] GC(418) Metaspace: 132286K(133760K)->132286K(133760K) NonClass: 115639K(116416K)->115639K(116416K) Class: 16646K(17344K)->16646K(17344K)
[2026-04-03T06:49:31.900+0600][98.399s][info][gc             ] GC(418) Pause Young (Mixed) (G1 Evacuation Pause) 500M->103M(514M) 9.403ms
[2026-04-03T06:49:31.901+0600][98.399s][info][gc,cpu         ] GC(418) User=0.04s Sys=0.01s Real=0.01s
[2026-04-03T06:49:31.968+0600][98.466s][info][gc,start       ] GC(419) Pause Young (Concurrent Start) (G1 Humongous Allocation)
[2026-04-03T06:49:31.968+0600][98.466s][info][gc,task        ] GC(419) Using 10 workers of 10 for evacuation
[2026-04-03T06:49:31.975+0600][98.474s][info][gc,phases      ] GC(419)   Pre Evacuate Collection Set: 0.47ms
[2026-04-03T06:49:31.975+0600][98.474s][info][gc,phases      ] GC(419)   Merge Heap Roots: 0.22ms
[2026-04-03T06:49:31.975+0600][98.474s][info][gc,phases      ] GC(419)   Evacuate Collection Set: 3.48ms
[2026-04-03T06:49:31.975+0600][98.474s][info][gc,phases      ] GC(419)   Post Evacuate Collection Set: 2.99ms
[2026-04-03T06:49:31.975+0600][98.474s][info][gc,phases      ] GC(419)   Other: 0.23ms
[2026-04-03T06:49:31.975+0600][98.474s][info][gc,heap        ] GC(419) Eden regions: 38->0(380)
[2026-04-03T06:49:31.975+0600][98.474s][info][gc,heap        ] GC(419) Survivor regions: 5->5(20)
[2026-04-03T06:49:31.975+0600][98.474s][info][gc,heap        ] GC(419) Old regions: 45->45
[2026-04-03T06:49:31.975+0600][98.474s][info][gc,heap        ] GC(419) Humongous regions: 3->3
[2026-04-03T06:49:31.975+0600][98.474s][info][gc,metaspace   ] GC(419) Metaspace: 132286K(133760K)->132286K(133760K) NonClass: 115639K(116416K)->115639K(116416K) Class: 16646K(17344K)->16646K(17344K)
[2026-04-03T06:49:31.975+0600][98.474s][info][gc             ] GC(419) Pause Young (Concurrent Start) (G1 Humongous Allocation) 178M->104M(1284M) 7.787ms
[2026-04-03T06:49:31.976+0600][98.474s][info][gc,cpu         ] GC(419) User=0.04s Sys=0.01s Real=0.01s
[2026-04-03T06:49:31.976+0600][98.474s][info][gc             ] GC(420) Concurrent Mark Cycle
[2026-04-03T06:49:31.976+0600][98.474s][info][gc,marking     ] GC(420) Concurrent Scan Root Regions
[2026-04-03T06:49:31.979+0600][98.478s][info][gc,marking     ] GC(420) Concurrent Scan Root Regions 3.586ms
[2026-04-03T06:49:31.979+0600][98.478s][info][gc,marking     ] GC(420) Concurrent Mark
[2026-04-03T06:49:31.979+0600][98.478s][info][gc,marking     ] GC(420) Concurrent Mark From Roots
[2026-04-03T06:49:31.979+0600][98.478s][info][gc,task        ] GC(420) Using 3 workers of 3 for marking
[2026-04-03T06:49:32.066+0600][98.564s][info][gc,marking     ] GC(420) Concurrent Mark From Roots 86.336ms
[2026-04-03T06:49:32.066+0600][98.564s][info][gc,marking     ] GC(420) Concurrent Preclean
[2026-04-03T06:49:32.067+0600][98.565s][info][gc,marking     ] GC(420) Concurrent Preclean 0.908ms
[2026-04-03T06:49:32.067+0600][98.566s][info][gc,start       ] GC(420) Pause Remark
[2026-04-03T06:49:32.076+0600][98.575s][info][gc             ] GC(420) Pause Remark 192M->192M(428M) 9.140ms
[2026-04-03T06:49:32.077+0600][98.575s][info][gc,cpu         ] GC(420) User=0.07s Sys=0.00s Real=0.01s
[2026-04-03T06:49:32.077+0600][98.575s][info][gc,marking     ] GC(420) Concurrent Mark 97.320ms
[2026-04-03T06:49:32.077+0600][98.575s][info][gc,marking     ] GC(420) Concurrent Rebuild Remembered Sets and Scrub Regions
[2026-04-03T06:49:32.118+0600][98.617s][info][gc,marking     ] GC(420) Concurrent Rebuild Remembered Sets and Scrub Regions 41.337ms
[2026-04-03T06:49:32.119+0600][98.617s][info][gc,start       ] GC(420) Pause Cleanup
[2026-04-03T06:49:32.119+0600][98.618s][info][gc             ] GC(420) Pause Cleanup 254M->254M(428M) 0.445ms
[2026-04-03T06:49:32.119+0600][98.618s][info][gc,cpu         ] GC(420) User=0.00s Sys=0.00s Real=0.00s
[2026-04-03T06:49:32.120+0600][98.618s][info][gc,marking     ] GC(420) Concurrent Clear Claimed Marks
[2026-04-03T06:49:32.120+0600][98.619s][info][gc,marking     ] GC(420) Concurrent Clear Claimed Marks 0.596ms
[2026-04-03T06:49:32.120+0600][98.619s][info][gc,marking     ] GC(420) Concurrent Cleanup for Next Mark
[2026-04-03T06:49:32.122+0600][98.620s][info][gc,marking     ] GC(420) Concurrent Cleanup for Next Mark 1.387ms
[2026-04-03T06:49:32.122+0600][98.620s][info][gc             ] GC(420) Concurrent Mark Cycle 146.084ms
[2026-04-03T06:49:32.230+0600][98.729s][info][gc,start       ] GC(421) Pause Young (Prepare Mixed) (G1 Evacuation Pause)
[2026-04-03T06:49:32.231+0600][98.729s][info][gc,task        ] GC(421) Using 10 workers of 10 for evacuation
[2026-04-03T06:49:32.236+0600][98.734s][info][gc,phases      ] GC(421)   Pre Evacuate Collection Set: 0.53ms
[2026-04-03T06:49:32.236+0600][98.734s][info][gc,phases      ] GC(421)   Merge Heap Roots: 0.20ms
[2026-04-03T06:49:32.236+0600][98.734s][info][gc,phases      ] GC(421)   Evacuate Collection Set: 3.73ms
[2026-04-03T06:49:32.236+0600][98.734s][info][gc,phases      ] GC(421)   Post Evacuate Collection Set: 0.70ms
[2026-04-03T06:49:32.236+0600][98.734s][info][gc,phases      ] GC(421)   Other: 0.17ms
[2026-04-03T06:49:32.236+0600][98.735s][info][gc,heap        ] GC(421) Eden regions: 82->0(128)
[2026-04-03T06:49:32.236+0600][98.735s][info][gc,heap        ] GC(421) Survivor regions: 5->5(16)
[2026-04-03T06:49:32.236+0600][98.735s][info][gc,heap        ] GC(421) Old regions: 45->46
[2026-04-03T06:49:32.236+0600][98.735s][info][gc,heap        ] GC(421) Humongous regions: 85->12
[2026-04-03T06:49:32.236+0600][98.735s][info][gc,metaspace   ] GC(421) Metaspace: 132289K(133760K)->132289K(133760K) NonClass: 115642K(116416K)->115642K(116416K) Class: 16646K(17344K)->16646K(17344K)
[2026-04-03T06:49:32.236+0600][98.735s][info][gc             ] GC(421) Pause Young (Prepare Mixed) (G1 Evacuation Pause) 432M->120M(446M) 5.737ms
[2026-04-03T06:49:32.236+0600][98.735s][info][gc,cpu         ] GC(421) User=0.02s Sys=0.01s Real=0.01s
[2026-04-03T06:49:32.295+0600][98.793s][info][gc,start       ] GC(422) Pause Young (Mixed) (G1 Evacuation Pause)
[2026-04-03T06:49:32.295+0600][98.793s][info][gc,task        ] GC(422) Using 10 workers of 10 for evacuation
[2026-04-03T06:49:32.302+0600][98.800s][info][gc,phases      ] GC(422)   Pre Evacuate Collection Set: 1.50ms
[2026-04-03T06:49:32.302+0600][98.801s][info][gc,phases      ] GC(422)   Merge Heap Roots: 0.33ms
[2026-04-03T06:49:32.302+0600][98.801s][info][gc,phases      ] GC(422)   Evacuate Collection Set: 4.47ms
[2026-04-03T06:49:32.302+0600][98.801s][info][gc,phases      ] GC(422)   Post Evacuate Collection Set: 0.83ms
[2026-04-03T06:49:32.302+0600][98.801s][info][gc,phases      ] GC(422)   Other: 0.11ms
[2026-04-03T06:49:32.302+0600][98.801s][info][gc,heap        ] GC(422) Eden regions: 18->0(140)
[2026-04-03T06:49:32.302+0600][98.801s][info][gc,heap        ] GC(422) Survivor regions: 5->3(17)
[2026-04-03T06:49:32.302+0600][98.801s][info][gc,heap        ] GC(422) Old regions: 46->45
[2026-04-03T06:49:32.302+0600][98.801s][info][gc,heap        ] GC(422) Humongous regions: 166->3
[2026-04-03T06:49:32.302+0600][98.801s][info][gc,metaspace   ] GC(422) Metaspace: 132289K(133760K)->132289K(133760K) NonClass: 115642K(116416K)->115642K(116416K) Class: 16646K(17344K)->16646K(17344K)
[2026-04-03T06:49:32.302+0600][98.801s][info][gc             ] GC(422) Pause Young (Mixed) (G1 Evacuation Pause) 464M->98M(478M) 7.660ms
[2026-04-03T06:49:32.302+0600][98.801s][info][gc,cpu         ] GC(422) User=0.04s Sys=0.01s Real=0.00s
[2026-04-03T06:49:32.307+0600][98.805s][info][gc,start       ] GC(423) Pause Young (Concurrent Start) (G1 Humongous Allocation)
[2026-04-03T06:49:32.307+0600][98.805s][info][gc,task        ] GC(423) Using 10 workers of 10 for evacuation
[2026-04-03T06:49:32.311+0600][98.810s][info][gc,phases      ] GC(423)   Pre Evacuate Collection Set: 0.51ms
[2026-04-03T06:49:32.311+0600][98.810s][info][gc,phases      ] GC(423)   Merge Heap Roots: 0.20ms
[2026-04-03T06:49:32.311+0600][98.810s][info][gc,phases      ] GC(423)   Evacuate Collection Set: 2.54ms
[2026-04-03T06:49:32.311+0600][98.810s][info][gc,phases      ] GC(423)   Post Evacuate Collection Set: 0.83ms
[2026-04-03T06:49:32.311+0600][98.810s][info][gc,phases      ] GC(423)   Other: 0.23ms
[2026-04-03T06:49:32.311+0600][98.810s][info][gc,heap        ] GC(423) Eden regions: 7->0(140)
[2026-04-03T06:49:32.311+0600][98.810s][info][gc,heap        ] GC(423) Survivor regions: 3->3(18)
[2026-04-03T06:49:32.311+0600][98.810s][info][gc,heap        ] GC(423) Old regions: 45->45
[2026-04-03T06:49:32.311+0600][98.810s][info][gc,heap        ] GC(423) Humongous regions: 3->3
[2026-04-03T06:49:32.312+0600][98.810s][info][gc,metaspace   ] GC(423) Metaspace: 132289K(133760K)->132289K(133760K) NonClass: 115642K(116416K)->115642K(116416K) Class: 16646K(17344K)->16646K(17344K)
[2026-04-03T06:49:32.312+0600][98.810s][info][gc             ] GC(423) Pause Young (Concurrent Start) (G1 Humongous Allocation) 111M->98M(478M) 4.800ms
[2026-04-03T06:49:32.312+0600][98.810s][info][gc             ] GC(424) Concurrent Mark Cycle
[2026-04-03T06:49:32.312+0600][98.810s][info][gc,marking     ] GC(424) Concurrent Scan Root Regions
[2026-04-03T06:49:32.312+0600][98.810s][info][gc,cpu         ] GC(423) User=0.03s Sys=0.00s Real=0.00s
[2026-04-03T06:49:32.315+0600][98.813s][info][gc,marking     ] GC(424) Concurrent Scan Root Regions 3.050ms
[2026-04-03T06:49:32.315+0600][98.813s][info][gc,marking     ] GC(424) Concurrent Mark
[2026-04-03T06:49:32.315+0600][98.813s][info][gc,marking     ] GC(424) Concurrent Mark From Roots
[2026-04-03T06:49:32.315+0600][98.813s][info][gc,task        ] GC(424) Using 3 workers of 3 for marking
[2026-04-03T06:49:32.394+0600][98.892s][info][gc,marking     ] GC(424) Concurrent Mark From Roots 78.900ms
[2026-04-03T06:49:32.394+0600][98.892s][info][gc,marking     ] GC(424) Concurrent Preclean
[2026-04-03T06:49:32.395+0600][98.894s][info][gc,marking     ] GC(424) Concurrent Preclean 1.062ms
[2026-04-03T06:49:32.401+0600][98.900s][info][gc,start       ] GC(424) Pause Remark
[2026-04-03T06:49:32.412+0600][98.910s][info][gc             ] GC(424) Pause Remark 504M->504M(788M) 10.443ms
[2026-04-03T06:49:32.412+0600][98.911s][info][gc,cpu         ] GC(424) User=0.06s Sys=0.00s Real=0.01s
[2026-04-03T06:49:32.412+0600][98.911s][info][gc,marking     ] GC(424) Concurrent Mark 97.529ms
[2026-04-03T06:49:32.413+0600][98.911s][info][gc,marking     ] GC(424) Concurrent Rebuild Remembered Sets and Scrub Regions
[2026-04-03T06:49:32.444+0600][98.942s][info][gc,marking     ] GC(424) Concurrent Rebuild Remembered Sets and Scrub Regions 30.888ms
[2026-04-03T06:49:32.444+0600][98.942s][info][gc,start       ] GC(424) Pause Cleanup
[2026-04-03T06:49:32.444+0600][98.943s][info][gc             ] GC(424) Pause Cleanup 552M->552M(788M) 0.256ms
[2026-04-03T06:49:32.444+0600][98.943s][info][gc,cpu         ] GC(424) User=0.01s Sys=0.00s Real=0.00s
[2026-04-03T06:49:32.444+0600][98.943s][info][gc,marking     ] GC(424) Concurrent Clear Claimed Marks
[2026-04-03T06:49:32.445+0600][98.943s][info][gc,marking     ] GC(424) Concurrent Clear Claimed Marks 0.315ms
[2026-04-03T06:49:32.445+0600][98.943s][info][gc,marking     ] GC(424) Concurrent Cleanup for Next Mark
[2026-04-03T06:49:32.448+0600][98.946s][info][gc,marking     ] GC(424) Concurrent Cleanup for Next Mark 2.982ms
[2026-04-03T06:49:32.448+0600][98.946s][info][gc             ] GC(424) Concurrent Mark Cycle 136.082ms
[2026-04-03T06:49:32.763+0600][99.262s][info][gc,start       ] GC(425) Pause Young (Prepare Mixed) (G1 Evacuation Pause)
[2026-04-03T06:49:32.764+0600][99.262s][info][gc,task        ] GC(425) Using 10 workers of 10 for evacuation
[2026-04-03T06:49:32.767+0600][99.265s][info][gc,phases      ] GC(425)   Pre Evacuate Collection Set: 0.28ms
[2026-04-03T06:49:32.767+0600][99.265s][info][gc,phases      ] GC(425)   Merge Heap Roots: 0.19ms
[2026-04-03T06:49:32.767+0600][99.265s][info][gc,phases      ] GC(425)   Evacuate Collection Set: 1.95ms
[2026-04-03T06:49:32.767+0600][99.265s][info][gc,phases      ] GC(425)   Post Evacuate Collection Set: 0.63ms
[2026-04-03T06:49:32.767+0600][99.265s][info][gc,phases      ] GC(425)   Other: 0.08ms
[2026-04-03T06:49:32.767+0600][99.265s][info][gc,heap        ] GC(425) Eden regions: 86->0(235)
[2026-04-03T06:49:32.767+0600][99.265s][info][gc,heap        ] GC(425) Survivor regions: 3->2(22)
[2026-04-03T06:49:32.767+0600][99.265s][info][gc,heap        ] GC(425) Old regions: 45->45
[2026-04-03T06:49:32.767+0600][99.265s][info][gc,heap        ] GC(425) Humongous regions: 260->3
[2026-04-03T06:49:32.767+0600][99.265s][info][gc,metaspace   ] GC(425) Metaspace: 132289K(133760K)->132289K(133760K) NonClass: 115642K(116416K)->115642K(116416K) Class: 16646K(17344K)->16646K(17344K)
[2026-04-03T06:49:32.767+0600][99.265s][info][gc             ] GC(425) Pause Young (Prepare Mixed) (G1 Evacuation Pause) 784M->98M(792M) 3.474ms
[2026-04-03T06:49:32.767+0600][99.265s][info][gc,cpu         ] GC(425) User=0.02s Sys=0.01s Real=0.00s
[2026-04-03T06:49:33.399+0600][99.898s][info][gc,start       ] GC(426) Pause Young (Mixed) (G1 Evacuation Pause)
[2026-04-03T06:49:33.399+0600][99.898s][info][gc,task        ] GC(426) Using 10 workers of 10 for evacuation
[2026-04-03T06:49:33.407+0600][99.905s][info][gc,phases      ] GC(426)   Pre Evacuate Collection Set: 0.35ms
[2026-04-03T06:49:33.407+0600][99.906s][info][gc,phases      ] GC(426)   Merge Heap Roots: 0.21ms
[2026-04-03T06:49:33.407+0600][99.906s][info][gc,phases      ] GC(426)   Evacuate Collection Set: 5.89ms
[2026-04-03T06:49:33.407+0600][99.906s][info][gc,phases      ] GC(426)   Post Evacuate Collection Set: 0.89ms
[2026-04-03T06:49:33.407+0600][99.906s][info][gc,phases      ] GC(426)   Other: 0.22ms
[2026-04-03T06:49:33.407+0600][99.906s][info][gc,heap        ] GC(426) Eden regions: 211->0(236)
[2026-04-03T06:49:33.407+0600][99.906s][info][gc,heap        ] GC(426) Survivor regions: 2->4(30)
[2026-04-03T06:49:33.407+0600][99.906s][info][gc,heap        ] GC(426) Old regions: 45->45
[2026-04-03T06:49:33.407+0600][99.906s][info][gc,heap        ] GC(426) Humongous regions: 138->3
[2026-04-03T06:49:33.407+0600][99.906s][info][gc,metaspace   ] GC(426) Metaspace: 132293K(133760K)->132293K(133760K) NonClass: 115645K(116416K)->115645K(116416K) Class: 16647K(17344K)->16647K(17344K)
[2026-04-03T06:49:33.407+0600][99.906s][info][gc             ] GC(426) Pause Young (Mixed) (G1 Evacuation Pause) 790M->100M(802M) 7.976ms
[2026-04-03T06:49:33.407+0600][99.906s][info][gc,cpu         ] GC(426) User=0.03s Sys=0.01s Real=0.01s
[2026-04-03T06:49:33.425+0600][99.923s][info][gc,start       ] GC(427) Pause Young (Concurrent Start) (G1 Humongous Allocation)
[2026-04-03T06:49:33.425+0600][99.923s][info][gc,task        ] GC(427) Using 10 workers of 10 for evacuation
[2026-04-03T06:49:33.430+0600][99.928s][info][gc,phases      ] GC(427)   Pre Evacuate Collection Set: 0.44ms
[2026-04-03T06:49:33.430+0600][99.928s][info][gc,phases      ] GC(427)   Merge Heap Roots: 0.16ms
[2026-04-03T06:49:33.430+0600][99.928s][info][gc,phases      ] GC(427)   Evacuate Collection Set: 3.23ms
[2026-04-03T06:49:33.430+0600][99.928s][info][gc,phases      ] GC(427)   Post Evacuate Collection Set: 0.67ms
[2026-04-03T06:49:33.430+0600][99.928s][info][gc,phases      ] GC(427)   Other: 0.37ms
[2026-04-03T06:49:33.430+0600][99.928s][info][gc,heap        ] GC(427) Eden regions: 10->0(235)
[2026-04-03T06:49:33.430+0600][99.928s][info][gc,heap        ] GC(427) Survivor regions: 4->5(30)
[2026-04-03T06:49:33.430+0600][99.928s][info][gc,heap        ] GC(427) Old regions: 45->45
[2026-04-03T06:49:33.430+0600][99.928s][info][gc,heap        ] GC(427) Humongous regions: 3->3
[2026-04-03T06:49:33.430+0600][99.928s][info][gc,metaspace   ] GC(427) Metaspace: 132293K(133760K)->132293K(133760K) NonClass: 115645K(116416K)->115645K(116416K) Class: 16647K(17344K)->16647K(17344K)
[2026-04-03T06:49:33.430+0600][99.929s][info][gc             ] GC(427) Pause Young (Concurrent Start) (G1 Humongous Allocation) 119M->104M(802M) 5.280ms
[2026-04-03T06:49:33.430+0600][99.929s][info][gc,cpu         ] GC(427) User=0.03s Sys=0.01s Real=0.00s
[2026-04-03T06:49:33.430+0600][99.929s][info][gc             ] GC(428) Concurrent Mark Cycle
[2026-04-03T06:49:33.430+0600][99.929s][info][gc,marking     ] GC(428) Concurrent Scan Root Regions
[2026-04-03T06:49:33.433+0600][99.932s][info][gc,marking     ] GC(428) Concurrent Scan Root Regions 2.851ms
[2026-04-03T06:49:33.433+0600][99.932s][info][gc,marking     ] GC(428) Concurrent Mark
[2026-04-03T06:49:33.433+0600][99.932s][info][gc,marking     ] GC(428) Concurrent Mark From Roots
[2026-04-03T06:49:33.433+0600][99.932s][info][gc,task        ] GC(428) Using 3 workers of 3 for marking
[2026-04-03T06:49:33.515+0600][100.013s][info][gc,marking     ] GC(428) Concurrent Mark From Roots 81.474ms
[2026-04-03T06:49:33.515+0600][100.013s][info][gc,marking     ] GC(428) Concurrent Preclean
[2026-04-03T06:49:33.516+0600][100.014s][info][gc,marking     ] GC(428) Concurrent Preclean 0.759ms
[2026-04-03T06:49:33.516+0600][100.015s][info][gc,start       ] GC(428) Pause Remark
[2026-04-03T06:49:33.526+0600][100.024s][info][gc             ] GC(428) Pause Remark 200M->200M(500M) 9.521ms
[2026-04-03T06:49:33.526+0600][100.024s][info][gc,cpu         ] GC(428) User=0.07s Sys=0.00s Real=0.01s
[2026-04-03T06:49:33.526+0600][100.024s][info][gc,marking     ] GC(428) Concurrent Mark 92.653ms
[2026-04-03T06:49:33.526+0600][100.025s][info][gc,marking     ] GC(428) Concurrent Rebuild Remembered Sets and Scrub Regions
[2026-04-03T06:49:33.564+0600][100.063s][info][gc,marking     ] GC(428) Concurrent Rebuild Remembered Sets and Scrub Regions 38.122ms
[2026-04-03T06:49:33.565+0600][100.063s][info][gc,start       ] GC(428) Pause Cleanup
[2026-04-03T06:49:33.565+0600][100.064s][info][gc             ] GC(428) Pause Cleanup 247M->247M(500M) 0.441ms
[2026-04-03T06:49:33.565+0600][100.064s][info][gc,cpu         ] GC(428) User=0.00s Sys=0.01s Real=0.00s
[2026-04-03T06:49:33.565+0600][100.064s][info][gc,marking     ] GC(428) Concurrent Clear Claimed Marks
[2026-04-03T06:49:33.566+0600][100.064s][info][gc,marking     ] GC(428) Concurrent Clear Claimed Marks 0.554ms
[2026-04-03T06:49:33.566+0600][100.065s][info][gc,marking     ] GC(428) Concurrent Cleanup for Next Mark
[2026-04-03T06:49:33.567+0600][100.066s][info][gc,marking     ] GC(428) Concurrent Cleanup for Next Mark 1.073ms
[2026-04-03T06:49:33.567+0600][100.066s][info][gc             ] GC(428) Concurrent Mark Cycle 137.020ms
[2026-04-03T06:49:33.767+0600][100.265s][info][gc,start       ] GC(429) Pause Young (Prepare Mixed) (G1 Evacuation Pause)
[2026-04-03T06:49:33.767+0600][100.265s][info][gc,task        ] GC(429) Using 10 workers of 10 for evacuation
[2026-04-03T06:49:33.774+0600][100.273s][info][gc,phases      ] GC(429)   Pre Evacuate Collection Set: 0.47ms
[2026-04-03T06:49:33.774+0600][100.273s][info][gc,phases      ] GC(429)   Merge Heap Roots: 0.99ms
[2026-04-03T06:49:33.774+0600][100.273s][info][gc,phases      ] GC(429)   Evacuate Collection Set: 5.00ms
[2026-04-03T06:49:33.774+0600][100.273s][info][gc,phases      ] GC(429)   Post Evacuate Collection Set: 0.95ms
[2026-04-03T06:49:33.774+0600][100.273s][info][gc,phases      ] GC(429)   Other: 0.14ms
[2026-04-03T06:49:33.774+0600][100.273s][info][gc,heap        ] GC(429) Eden regions: 109->0(149)
[2026-04-03T06:49:33.774+0600][100.273s][info][gc,heap        ] GC(429) Survivor regions: 5->4(19)
[2026-04-03T06:49:33.774+0600][100.273s][info][gc,heap        ] GC(429) Old regions: 45->46
[2026-04-03T06:49:33.774+0600][100.273s][info][gc,heap        ] GC(429) Humongous regions: 91->3
[2026-04-03T06:49:33.775+0600][100.273s][info][gc,metaspace   ] GC(429) Metaspace: 132296K(133760K)->132296K(133760K) NonClass: 115649K(116416K)->115649K(116416K) Class: 16647K(17344K)->16647K(17344K)
[2026-04-03T06:49:33.775+0600][100.273s][info][gc             ] GC(429) Pause Young (Prepare Mixed) (G1 Evacuation Pause) 498M->101M(510M) 8.002ms
[2026-04-03T06:49:33.775+0600][100.273s][info][gc,cpu         ] GC(429) User=0.03s Sys=0.02s Real=0.01s
[2026-04-03T06:49:34.162+0600][100.661s][info][gc,start       ] GC(430) Pause Young (Mixed) (G1 Evacuation Pause)
[2026-04-03T06:49:34.163+0600][100.661s][info][gc,task        ] GC(430) Using 10 workers of 10 for evacuation
[2026-04-03T06:49:34.171+0600][100.669s][info][gc,phases      ] GC(430)   Pre Evacuate Collection Set: 1.50ms
[2026-04-03T06:49:34.171+0600][100.669s][info][gc,phases      ] GC(430)   Merge Heap Roots: 0.30ms
[2026-04-03T06:49:34.171+0600][100.669s][info][gc,phases      ] GC(430)   Evacuate Collection Set: 5.24ms
[2026-04-03T06:49:34.171+0600][100.669s][info][gc,phases      ] GC(430)   Post Evacuate Collection Set: 0.77ms
[2026-04-03T06:49:34.171+0600][100.669s][info][gc,phases      ] GC(430)   Other: 0.15ms
[2026-04-03T06:49:34.171+0600][100.669s][info][gc,heap        ] GC(430) Eden regions: 146->0(151)
[2026-04-03T06:49:34.171+0600][100.669s][info][gc,heap        ] GC(430) Survivor regions: 4->5(20)
[2026-04-03T06:49:34.171+0600][100.669s][info][gc,heap        ] GC(430) Old regions: 46->45
[2026-04-03T06:49:34.171+0600][100.669s][info][gc,heap        ] GC(430) Humongous regions: 59->3
[2026-04-03T06:49:34.171+0600][100.669s][info][gc,metaspace   ] GC(430) Metaspace: 132299K(133760K)->132299K(133760K) NonClass: 115651K(116416K)->115651K(116416K) Class: 16647K(17344K)->16647K(17344K)
[2026-04-03T06:49:34.171+0600][100.669s][info][gc             ] GC(430) Pause Young (Mixed) (G1 Evacuation Pause) 505M->103M(520M) 8.457ms
[2026-04-03T06:49:34.171+0600][100.669s][info][gc,cpu         ] GC(430) User=0.03s Sys=0.02s Real=0.01s
[2026-04-03T06:49:34.179+0600][100.677s][info][gc,start       ] GC(431) Pause Young (Concurrent Start) (G1 Humongous Allocation)
[2026-04-03T06:49:34.179+0600][100.677s][info][gc,task        ] GC(431) Using 10 workers of 10 for evacuation
[2026-04-03T06:49:34.183+0600][100.682s][info][gc,phases      ] GC(431)   Pre Evacuate Collection Set: 0.39ms
[2026-04-03T06:49:34.184+0600][100.682s][info][gc,phases      ] GC(431)   Merge Heap Roots: 0.15ms
[2026-04-03T06:49:34.184+0600][100.682s][info][gc,phases      ] GC(431)   Evacuate Collection Set: 3.39ms
[2026-04-03T06:49:34.184+0600][100.682s][info][gc,phases      ] GC(431)   Post Evacuate Collection Set: 0.64ms
[2026-04-03T06:49:34.184+0600][100.682s][info][gc,phases      ] GC(431)   Other: 0.14ms
[2026-04-03T06:49:34.184+0600][100.682s][info][gc,heap        ] GC(431) Eden regions: 7->0(151)
[2026-04-03T06:49:34.184+0600][100.682s][info][gc,heap        ] GC(431) Survivor regions: 5->5(20)
[2026-04-03T06:49:34.184+0600][100.682s][info][gc,heap        ] GC(431) Old regions: 45->45
[2026-04-03T06:49:34.184+0600][100.682s][info][gc,heap        ] GC(431) Humongous regions: 3->3
[2026-04-03T06:49:34.184+0600][100.682s][info][gc,metaspace   ] GC(431) Metaspace: 132299K(133760K)->132299K(133760K) NonClass: 115651K(116416K)->115651K(116416K) Class: 16647K(17344K)->16647K(17344K)
[2026-04-03T06:49:34.184+0600][100.682s][info][gc             ] GC(431) Pause Young (Concurrent Start) (G1 Humongous Allocation) 116M->102M(520M) 5.215ms
[2026-04-03T06:49:34.184+0600][100.682s][info][gc,cpu         ] GC(431) User=0.04s Sys=0.00s Real=0.01s
[2026-04-03T06:49:34.184+0600][100.682s][info][gc             ] GC(432) Concurrent Mark Cycle
[2026-04-03T06:49:34.184+0600][100.683s][info][gc,marking     ] GC(432) Concurrent Scan Root Regions
[2026-04-03T06:49:34.188+0600][100.687s][info][gc,marking     ] GC(432) Concurrent Scan Root Regions 3.937ms
[2026-04-03T06:49:34.188+0600][100.687s][info][gc,marking     ] GC(432) Concurrent Mark
[2026-04-03T06:49:34.188+0600][100.687s][info][gc,marking     ] GC(432) Concurrent Mark From Roots
[2026-04-03T06:49:34.188+0600][100.687s][info][gc,task        ] GC(432) Using 3 workers of 3 for marking
[2026-04-03T06:49:34.268+0600][100.767s][info][gc,marking     ] GC(432) Concurrent Mark From Roots 80.184ms
[2026-04-03T06:49:34.269+0600][100.767s][info][gc,marking     ] GC(432) Concurrent Preclean
[2026-04-03T06:49:34.269+0600][100.768s][info][gc,marking     ] GC(432) Concurrent Preclean 0.633ms
[2026-04-03T06:49:34.269+0600][100.768s][info][gc,start       ] GC(432) Pause Remark
[2026-04-03T06:49:34.279+0600][100.778s][info][gc             ] GC(432) Pause Remark 178M->178M(440M) 9.847ms
[2026-04-03T06:49:34.280+0600][100.778s][info][gc,cpu         ] GC(432) User=0.07s Sys=0.00s Real=0.01s
[2026-04-03T06:49:34.280+0600][100.778s][info][gc,marking     ] GC(432) Concurrent Mark 91.701ms
[2026-04-03T06:49:34.280+0600][100.778s][info][gc,marking     ] GC(432) Concurrent Rebuild Remembered Sets and Scrub Regions
[2026-04-03T06:49:34.313+0600][100.811s][info][gc,marking     ] GC(432) Concurrent Rebuild Remembered Sets and Scrub Regions 32.831ms
[2026-04-03T06:49:34.313+0600][100.812s][info][gc,start       ] GC(432) Pause Cleanup
[2026-04-03T06:49:34.314+0600][100.812s][info][gc             ] GC(432) Pause Cleanup 203M->203M(440M) 0.520ms
[2026-04-03T06:49:34.314+0600][100.812s][info][gc,cpu         ] GC(432) User=0.00s Sys=0.01s Real=0.00s
[2026-04-03T06:49:34.314+0600][100.812s][info][gc,marking     ] GC(432) Concurrent Clear Claimed Marks
[2026-04-03T06:49:34.314+0600][100.813s][info][gc,marking     ] GC(432) Concurrent Clear Claimed Marks 0.381ms
[2026-04-03T06:49:34.314+0600][100.813s][info][gc,marking     ] GC(432) Concurrent Cleanup for Next Mark
[2026-04-03T06:49:34.315+0600][100.814s][info][gc,marking     ] GC(432) Concurrent Cleanup for Next Mark 0.720ms
[2026-04-03T06:49:34.315+0600][100.814s][info][gc             ] GC(432) Concurrent Mark Cycle 131.269ms
[2026-04-03T06:49:34.527+0600][101.026s][info][gc,start       ] GC(433) Pause Young (Prepare Mixed) (G1 Evacuation Pause)
[2026-04-03T06:49:34.527+0600][101.026s][info][gc,task        ] GC(433) Using 10 workers of 10 for evacuation
[2026-04-03T06:49:34.534+0600][101.032s][info][gc,phases      ] GC(433)   Pre Evacuate Collection Set: 0.43ms
[2026-04-03T06:49:34.534+0600][101.032s][info][gc,phases      ] GC(433)   Merge Heap Roots: 0.21ms
[2026-04-03T06:49:34.534+0600][101.032s][info][gc,phases      ] GC(433)   Evacuate Collection Set: 4.46ms
[2026-04-03T06:49:34.534+0600][101.032s][info][gc,phases      ] GC(433)   Post Evacuate Collection Set: 0.90ms
[2026-04-03T06:49:34.534+0600][101.032s][info][gc,phases      ] GC(433)   Other: 0.11ms
[2026-04-03T06:49:34.534+0600][101.032s][info][gc,heap        ] GC(433) Eden regions: 119->0(131)
[2026-04-03T06:49:34.534+0600][101.032s][info][gc,heap        ] GC(433) Survivor regions: 5->4(17)
[2026-04-03T06:49:34.534+0600][101.032s][info][gc,heap        ] GC(433) Old regions: 45->46
[2026-04-03T06:49:34.534+0600][101.032s][info][gc,heap        ] GC(433) Humongous regions: 51->3
[2026-04-03T06:49:34.534+0600][101.032s][info][gc,metaspace   ] GC(433) Metaspace: 132299K(133760K)->132299K(133760K) NonClass: 115651K(116416K)->115651K(116416K) Class: 16647K(17344K)->16647K(17344K)
[2026-04-03T06:49:34.534+0600][101.032s][info][gc             ] GC(433) Pause Young (Prepare Mixed) (G1 Evacuation Pause) 436M->100M(450M) 6.566ms
[2026-04-03T06:49:34.534+0600][101.032s][info][gc,cpu         ] GC(433) User=0.03s Sys=0.01s Real=0.01s
[2026-04-03T06:49:34.820+0600][101.319s][info][gc,start       ] GC(434) Pause Young (Mixed) (G1 Evacuation Pause)
[2026-04-03T06:49:34.820+0600][101.319s][info][gc,task        ] GC(434) Using 10 workers of 10 for evacuation
[2026-04-03T06:49:34.825+0600][101.323s][info][gc,phases      ] GC(434)   Pre Evacuate Collection Set: 0.30ms
[2026-04-03T06:49:34.825+0600][101.323s][info][gc,phases      ] GC(434)   Merge Heap Roots: 0.20ms
[2026-04-03T06:49:34.825+0600][101.323s][info][gc,phases      ] GC(434)   Evacuate Collection Set: 2.76ms
[2026-04-03T06:49:34.825+0600][101.323s][info][gc,phases      ] GC(434)   Post Evacuate Collection Set: 0.94ms
[2026-04-03T06:49:34.825+0600][101.323s][info][gc,phases      ] GC(434)   Other: 0.10ms
[2026-04-03T06:49:34.825+0600][101.323s][info][gc,heap        ] GC(434) Eden regions: 106->0(199)
[2026-04-03T06:49:34.825+0600][101.323s][info][gc,heap        ] GC(434) Survivor regions: 4->1(17)
[2026-04-03T06:49:34.825+0600][101.323s][info][gc,heap        ] GC(434) Old regions: 46->45
[2026-04-03T06:49:34.825+0600][101.323s][info][gc,heap        ] GC(434) Humongous regions: 69->3
[2026-04-03T06:49:34.825+0600][101.323s][info][gc,metaspace   ] GC(434) Metaspace: 132372K(133824K)->132372K(133824K) NonClass: 115709K(116480K)->115709K(116480K) Class: 16663K(17344K)->16663K(17344K)
[2026-04-03T06:49:34.825+0600][101.323s][info][gc             ] GC(434) Pause Young (Mixed) (G1 Evacuation Pause) 444M->96M(668M) 4.595ms
[2026-04-03T06:49:34.825+0600][101.323s][info][gc,cpu         ] GC(434) User=0.02s Sys=0.00s Real=0.01s
[2026-04-03T06:49:35.227+0600][101.725s][info][gc,start       ] GC(435) Pause Young (Concurrent Start) (G1 Humongous Allocation)
[2026-04-03T06:49:35.227+0600][101.726s][info][gc,task        ] GC(435) Using 10 workers of 10 for evacuation
[2026-04-03T06:49:35.230+0600][101.728s][info][gc,phases      ] GC(435)   Pre Evacuate Collection Set: 0.23ms
[2026-04-03T06:49:35.230+0600][101.728s][info][gc,phases      ] GC(435)   Merge Heap Roots: 0.19ms
[2026-04-03T06:49:35.230+0600][101.728s][info][gc,phases      ] GC(435)   Evacuate Collection Set: 1.67ms
[2026-04-03T06:49:35.230+0600][101.728s][info][gc,phases      ] GC(435)   Post Evacuate Collection Set: 0.39ms
[2026-04-03T06:49:35.230+0600][101.728s][info][gc,phases      ] GC(435)   Other: 0.09ms
[2026-04-03T06:49:35.230+0600][101.728s][info][gc,heap        ] GC(435) Eden regions: 18->0(199)
[2026-04-03T06:49:35.230+0600][101.728s][info][gc,heap        ] GC(435) Survivor regions: 1->1(25)
[2026-04-03T06:49:35.230+0600][101.728s][info][gc,heap        ] GC(435) Old regions: 45->45
[2026-04-03T06:49:35.230+0600][101.728s][info][gc,heap        ] GC(435) Humongous regions: 3->3
[2026-04-03T06:49:35.230+0600][101.728s][info][gc,metaspace   ] GC(435) Metaspace: 133010K(134464K)->133010K(134464K) NonClass: 116170K(116928K)->116170K(116928K) Class: 16839K(17536K)->16839K(17536K)
[2026-04-03T06:49:35.230+0600][101.728s][info][gc             ] GC(435) Pause Young (Concurrent Start) (G1 Humongous Allocation) 131M->95M(668M) 2.848ms
[2026-04-03T06:49:35.230+0600][101.728s][info][gc,cpu         ] GC(435) User=0.02s Sys=0.00s Real=0.00s
[2026-04-03T06:49:35.230+0600][101.728s][info][gc             ] GC(436) Concurrent Mark Cycle
[2026-04-03T06:49:35.230+0600][101.728s][info][gc,marking     ] GC(436) Concurrent Scan Root Regions
[2026-04-03T06:49:35.232+0600][101.730s][info][gc,marking     ] GC(436) Concurrent Scan Root Regions 1.594ms
[2026-04-03T06:49:35.232+0600][101.730s][info][gc,marking     ] GC(436) Concurrent Mark
[2026-04-03T06:49:35.232+0600][101.730s][info][gc,marking     ] GC(436) Concurrent Mark From Roots
[2026-04-03T06:49:35.232+0600][101.730s][info][gc,task        ] GC(436) Using 3 workers of 3 for marking
[2026-04-03T06:49:35.267+0600][101.765s][info][gc,marking     ] GC(436) Concurrent Mark From Roots 35.099ms
[2026-04-03T06:49:35.267+0600][101.765s][info][gc,marking     ] GC(436) Concurrent Preclean
[2026-04-03T06:49:35.268+0600][101.766s][info][gc,marking     ] GC(436) Concurrent Preclean 0.649ms
[2026-04-03T06:49:35.268+0600][101.766s][info][gc,start       ] GC(436) Pause Remark
[2026-04-03T06:49:35.277+0600][101.775s][info][gc             ] GC(436) Pause Remark 99M->93M(314M) 9.232ms
[2026-04-03T06:49:35.277+0600][101.776s][info][gc,cpu         ] GC(436) User=0.06s Sys=0.00s Real=0.01s
[2026-04-03T06:49:35.277+0600][101.776s][info][gc,marking     ] GC(436) Concurrent Mark 45.642ms
[2026-04-03T06:49:35.277+0600][101.776s][info][gc,marking     ] GC(436) Concurrent Rebuild Remembered Sets and Scrub Regions
[2026-04-03T06:49:35.304+0600][101.803s][info][gc,marking     ] GC(436) Concurrent Rebuild Remembered Sets and Scrub Regions 26.950ms
[2026-04-03T06:49:35.305+0600][101.803s][info][gc,start       ] GC(436) Pause Cleanup
[2026-04-03T06:49:35.305+0600][101.803s][info][gc             ] GC(436) Pause Cleanup 96M->96M(314M) 0.367ms
[2026-04-03T06:49:35.305+0600][101.803s][info][gc,cpu         ] GC(436) User=0.01s Sys=0.00s Real=0.00s
[2026-04-03T06:49:35.305+0600][101.804s][info][gc,marking     ] GC(436) Concurrent Clear Claimed Marks
[2026-04-03T06:49:35.305+0600][101.804s][info][gc,marking     ] GC(436) Concurrent Clear Claimed Marks 0.341ms
[2026-04-03T06:49:35.306+0600][101.804s][info][gc,marking     ] GC(436) Concurrent Cleanup for Next Mark
[2026-04-03T06:49:35.306+0600][101.804s][info][gc,marking     ] GC(436) Concurrent Cleanup for Next Mark 0.422ms
[2026-04-03T06:49:35.306+0600][101.804s][info][gc             ] GC(436) Concurrent Mark Cycle 76.078ms
[2026-04-03T06:49:35.680+0600][102.178s][info][gc,heap,exit   ] Heap
[2026-04-03T06:49:35.680+0600][102.178s][info][gc,heap,exit   ]  garbage-first heap   total 321536K, used 103528K [0x000000070ae00000, 0x0000000800000000)
[2026-04-03T06:49:35.680+0600][102.178s][info][gc,heap,exit   ]   region size 2048K, 4 young (8192K), 1 survivors (2048K)
[2026-04-03T06:49:35.680+0600][102.178s][info][gc,heap,exit   ]  Metaspace       used 133039K, committed 134464K, reserved 1179648K
[2026-04-03T06:49:35.680+0600][102.178s][info][gc,heap,exit   ]   class space    used 16839K, committed 17536K, reserved 1048576K
