[2026-04-03T06:49:35.870+0600][0.007s][info][gc] Heuristics ergonomically sets -XX:+ExplicitGCInvokesConcurrent
[2026-04-03T06:49:35.870+0600][0.007s][info][gc] Heuristics ergonomically sets -XX:+ShenandoahImplicitGCInvokesConcurrent
[2026-04-03T06:49:35.870+0600][0.008s][info][gc] Using Shenandoah
[2026-04-03T06:49:35.872+0600][0.009s][info][gc,ergo] Pacer for Idle. Initial: 80302K, Alloc Tax Rate: 1.0x
[2026-04-03T06:49:35.872+0600][0.010s][info][gc,init] Version: 21.0.10+7-Ubuntu-124.04 (release)
[2026-04-03T06:49:35.872+0600][0.010s][info][gc,init] CPUs: 12 total, 12 available
[2026-04-03T06:49:35.872+0600][0.010s][info][gc,init] Memory: 15683M
[2026-04-03T06:49:35.872+0600][0.010s][info][gc,init] Large Page Support: Disabled
[2026-04-03T06:49:35.872+0600][0.010s][info][gc,init] NUMA Support: Disabled
[2026-04-03T06:49:35.872+0600][0.010s][info][gc,init] Compressed Oops: Enabled (Zero based)
[2026-04-03T06:49:35.872+0600][0.010s][info][gc,init] Heap Min Capacity: 7M
[2026-04-03T06:49:35.872+0600][0.010s][info][gc,init] Heap Initial Capacity: 246M
[2026-04-03T06:49:35.872+0600][0.010s][info][gc,init] Heap Max Capacity: 3921M
[2026-04-03T06:49:35.872+0600][0.010s][info][gc,init] Pre-touch: Disabled
[2026-04-03T06:49:35.872+0600][0.010s][info][gc,init] Mode: Snapshot-At-The-Beginning (SATB)
[2026-04-03T06:49:35.872+0600][0.010s][info][gc,init] Heuristics: Adaptive
[2026-04-03T06:49:35.872+0600][0.010s][info][gc,init] Heap Region Count: 3921
[2026-04-03T06:49:35.872+0600][0.010s][info][gc,init] Heap Region Size: 1M
[2026-04-03T06:49:35.872+0600][0.010s][info][gc,init] TLAB Size Max: 1M
[2026-04-03T06:49:35.872+0600][0.010s][info][gc,init] Humongous Object Threshold: 1M
[2026-04-03T06:49:35.872+0600][0.010s][info][gc,init] Parallel Workers: 6
[2026-04-03T06:49:35.872+0600][0.010s][info][gc,init] Concurrent Workers: 3
[2026-04-03T06:49:35.887+0600][0.025s][info][gc,metaspace] CDS archive(s) mapped at: [0x000075dbdb000000-0x000075dbdbc9c000-0x000075dbdbc9c000), size 13221888, SharedBaseAddress: 0x000075dbdb000000, ArchiveRelocationMode: 1.
[2026-04-03T06:49:35.887+0600][0.025s][info][gc,metaspace] Compressed class space mapped at: 0x000075dbdc000000-0x000075dc1c000000, reserved size: 1073741824
[2026-04-03T06:49:35.887+0600][0.025s][info][gc,metaspace] Narrow klass base: 0x000075dbdb000000, Narrow klass shift: 0, Narrow klass range: 0x100000000
[2026-04-03T06:49:40.585+0600][4.723s][info][gc          ] Trigger: Metadata GC Threshold
[2026-04-03T06:49:40.586+0600][4.723s][info][gc,ergo     ] Free: 3348M, Max: 1024K regular, 3348M humongous, Frag: 0% external, 0% internal; Reserve: 197M, Max: 1024K
[2026-04-03T06:49:40.586+0600][4.723s][info][gc,start    ] GC(0) Concurrent reset
[2026-04-03T06:49:40.586+0600][4.724s][info][gc,task     ] GC(0) Using 3 of 6 workers for concurrent reset
[2026-04-03T06:49:40.586+0600][4.724s][info][gc,ergo     ] GC(0) Pacer for Reset. Non-Taxable: 3921M
[2026-04-03T06:49:40.587+0600][4.724s][info][gc          ] GC(0) Concurrent reset 1.000ms
[2026-04-03T06:49:40.590+0600][4.728s][info][gc,start    ] GC(0) Pause Init Mark (unload classes)
[2026-04-03T06:49:40.591+0600][4.728s][info][gc,task     ] GC(0) Using 6 of 6 workers for init marking
[2026-04-03T06:49:40.591+0600][4.729s][info][gc,ergo     ] GC(0) Pacer for Mark. Expected Live: 392M, Free: 3348M, Non-Taxable: 334M, Alloc Tax Rate: 0.1x
[2026-04-03T06:49:40.591+0600][4.729s][info][gc          ] GC(0) Pause Init Mark (unload classes) 0.785ms
[2026-04-03T06:49:40.591+0600][4.729s][info][gc,start    ] GC(0) Concurrent marking roots
[2026-04-03T06:49:40.591+0600][4.729s][info][gc,task     ] GC(0) Using 3 of 6 workers for concurrent marking roots
[2026-04-03T06:49:40.594+0600][4.732s][info][gc          ] GC(0) Concurrent marking roots 3.381ms
[2026-04-03T06:49:40.595+0600][4.732s][info][gc,start    ] GC(0) Concurrent marking (unload classes)
[2026-04-03T06:49:40.595+0600][4.732s][info][gc,task     ] GC(0) Using 3 of 6 workers for concurrent marking
[2026-04-03T06:49:40.606+0600][4.744s][info][gc          ] GC(0) Concurrent marking (unload classes) 11.933ms
[2026-04-03T06:49:40.607+0600][4.744s][info][gc,start    ] GC(0) Pause Final Mark (unload classes)
[2026-04-03T06:49:40.607+0600][4.744s][info][gc,task     ] GC(0) Using 6 of 6 workers for final marking
[2026-04-03T06:49:40.607+0600][4.745s][info][gc,ergo     ] GC(0) Adaptive CSet Selection. Target Free: 555M, Actual Free: 3544M, Max CSet: 163M, Min Garbage: 0B
[2026-04-03T06:49:40.607+0600][4.745s][info][gc,ergo     ] GC(0) Collectable Garbage: 355M (99%), Immediate: 0B (0%), CSet: 355M (99%)
[2026-04-03T06:49:40.607+0600][4.745s][info][gc,ergo     ] GC(0) Pacer for Evacuation. Used CSet: 368M, Free: 3347M, Non-Taxable: 334M, Alloc Tax Rate: 1.1x
[2026-04-03T06:49:40.607+0600][4.745s][info][gc          ] GC(0) Pause Final Mark (unload classes) 0.630ms
[2026-04-03T06:49:40.607+0600][4.745s][info][gc,start    ] GC(0) Concurrent thread roots
[2026-04-03T06:49:40.608+0600][4.745s][info][gc,task     ] GC(0) Using 3 of 6 workers for Concurrent thread roots
[2026-04-03T06:49:40.608+0600][4.746s][info][gc          ] GC(0) Concurrent thread roots 0.672ms
[2026-04-03T06:49:40.608+0600][4.746s][info][gc,start    ] GC(0) Concurrent weak references
[2026-04-03T06:49:40.608+0600][4.746s][info][gc,task     ] GC(0) Using 3 of 6 workers for concurrent weak references
[2026-04-03T06:49:40.609+0600][4.746s][info][gc,ref      ] GC(0) Encountered references: Soft: 3500, Weak: 1466, Final: 0, Phantom: 563
[2026-04-03T06:49:40.609+0600][4.746s][info][gc,ref      ] GC(0) Discovered  references: Soft: 0, Weak: 1116, Final: 0, Phantom: 560
[2026-04-03T06:49:40.609+0600][4.746s][info][gc,ref      ] GC(0) Enqueued    references: Soft: 0, Weak: 460, Final: 0, Phantom: 0
[2026-04-03T06:49:40.609+0600][4.747s][info][gc          ] GC(0) Concurrent weak references 0.756ms
[2026-04-03T06:49:40.609+0600][4.747s][info][gc,start    ] GC(0) Concurrent weak roots
[2026-04-03T06:49:40.609+0600][4.747s][info][gc,task     ] GC(0) Using 3 of 6 workers for concurrent weak root
[2026-04-03T06:49:40.610+0600][4.748s][info][gc          ] GC(0) Concurrent weak roots 1.386ms
[2026-04-03T06:49:40.610+0600][4.748s][info][gc,start    ] GC(0) Concurrent cleanup
[2026-04-03T06:49:40.611+0600][4.748s][info][gc          ] GC(0) Concurrent cleanup 376M->376M(379M) 0.248ms
[2026-04-03T06:49:40.611+0600][4.748s][info][gc,ergo     ] GC(0) Free: 3346M, Max: 1024K regular, 3346M humongous, Frag: 0% external, 0% internal; Reserve: 196M, Max: 1024K
[2026-04-03T06:49:40.611+0600][4.748s][info][gc,start    ] GC(0) Concurrent class unloading
[2026-04-03T06:49:40.611+0600][4.748s][info][gc,task     ] GC(0) Using 3 of 6 workers for concurrent class unloading
[2026-04-03T06:49:40.614+0600][4.751s][info][gc          ] GC(0) Concurrent class unloading 2.767ms
[2026-04-03T06:49:40.614+0600][4.751s][info][gc,start    ] GC(0) Concurrent strong roots
[2026-04-03T06:49:40.614+0600][4.751s][info][gc,task     ] GC(0) Using 3 of 6 workers for concurrent strong root
[2026-04-03T06:49:40.615+0600][4.752s][info][gc          ] GC(0) Concurrent strong roots 1.270ms
[2026-04-03T06:49:40.615+0600][4.752s][info][gc,start    ] GC(0) Concurrent evacuation
[2026-04-03T06:49:40.615+0600][4.752s][info][gc,task     ] GC(0) Using 3 of 6 workers for concurrent evacuation
[2026-04-03T06:49:40.626+0600][4.763s][info][gc          ] GC(0) Concurrent evacuation 10.882ms
[2026-04-03T06:49:40.626+0600][4.764s][info][gc,start    ] GC(0) Pause Init Update Refs
[2026-04-03T06:49:40.626+0600][4.764s][info][gc,ergo     ] GC(0) Pacer for Update Refs. Used: 392M, Free: 3346M, Non-Taxable: 334M, Alloc Tax Rate: 1.1x
[2026-04-03T06:49:40.626+0600][4.764s][info][gc          ] GC(0) Pause Init Update Refs 0.116ms
[2026-04-03T06:49:40.626+0600][4.764s][info][gc,start    ] GC(0) Concurrent update references
[2026-04-03T06:49:40.626+0600][4.764s][info][gc,task     ] GC(0) Using 3 of 6 workers for concurrent reference update
[2026-04-03T06:49:40.632+0600][4.769s][info][gc          ] GC(0) Concurrent update references 5.675ms
[2026-04-03T06:49:40.632+0600][4.770s][info][gc,start    ] GC(0) Concurrent update thread roots
[2026-04-03T06:49:40.633+0600][4.771s][info][gc          ] GC(0) Concurrent update thread roots 1.127ms
[2026-04-03T06:49:40.633+0600][4.771s][info][gc,start    ] GC(0) Pause Final Update Refs
[2026-04-03T06:49:40.633+0600][4.771s][info][gc,task     ] GC(0) Using 6 of 6 workers for final reference update
[2026-04-03T06:49:40.634+0600][4.771s][info][gc          ] GC(0) Pause Final Update Refs 0.192ms
[2026-04-03T06:49:40.634+0600][4.771s][info][gc,start    ] GC(0) Concurrent cleanup
[2026-04-03T06:49:40.634+0600][4.772s][info][gc          ] GC(0) Concurrent cleanup 392M->24M(394M) 0.784ms
[2026-04-03T06:49:40.635+0600][4.772s][info][gc,ergo     ] Free: 3698M, Max: 1024K regular, 3330M humongous, Frag: 10% external, 0% internal; Reserve: 197M, Max: 1024K
[2026-04-03T06:49:40.635+0600][4.772s][info][gc,stats    ] 
[2026-04-03T06:49:40.635+0600][4.772s][info][gc,stats    ] All times are wall-clock times, except per-root-class counters, that are sum over
[2026-04-03T06:49:40.635+0600][4.772s][info][gc,stats    ] all workers. Dividing the <total> over the root stage time estimates parallelism.
[2026-04-03T06:49:40.635+0600][4.772s][info][gc,stats    ] 
[2026-04-03T06:49:40.635+0600][4.772s][info][gc,stats    ] Concurrent Reset                   1043 us
[2026-04-03T06:49:40.635+0600][4.772s][info][gc,stats    ] Pause Init Mark (G)                4407 us
[2026-04-03T06:49:40.635+0600][4.772s][info][gc,stats    ] Pause Init Mark (N)                 806 us
[2026-04-03T06:49:40.635+0600][4.772s][info][gc,stats    ]   Update Region States               56 us
[2026-04-03T06:49:40.635+0600][4.772s][info][gc,stats    ] Concurrent Mark Roots              3446 us, parallelism: 1.37x
[2026-04-03T06:49:40.635+0600][4.772s][info][gc,stats    ]   CMR: <total>                     4735 us
[2026-04-03T06:49:40.635+0600][4.772s][info][gc,stats    ]   CMR: Thread Roots                3248 us, workers (us): 2887, 361,   0, ---, ---, ---, 
[2026-04-03T06:49:40.635+0600][4.772s][info][gc,stats    ]   CMR: VM Strong Roots              570 us, workers (us): 227, 292,  51, ---, ---, ---, 
[2026-04-03T06:49:40.635+0600][4.772s][info][gc,stats    ]   CMR: CLDG Roots                   917 us, workers (us): ---, ---, 917, ---, ---, ---, 
[2026-04-03T06:49:40.635+0600][4.772s][info][gc,stats    ] Concurrent Marking                12052 us
[2026-04-03T06:49:40.635+0600][4.772s][info][gc,stats    ] Pause Final Mark (G)                863 us
[2026-04-03T06:49:40.635+0600][4.772s][info][gc,stats    ] Pause Final Mark (N)                652 us
[2026-04-03T06:49:40.635+0600][4.772s][info][gc,stats    ]   Finish Mark                       153 us
[2026-04-03T06:49:40.635+0600][4.772s][info][gc,stats    ]   Update Region States               54 us
[2026-04-03T06:49:40.635+0600][4.772s][info][gc,stats    ]   Choose Collection Set             235 us
[2026-04-03T06:49:40.635+0600][4.772s][info][gc,stats    ]   Rebuild Free Set                   54 us
[2026-04-03T06:49:40.635+0600][4.772s][info][gc,stats    ] Concurrent Thread Roots             744 us, parallelism: 0.87x
[2026-04-03T06:49:40.635+0600][4.772s][info][gc,stats    ]   CTR: <total>                      648 us
[2026-04-03T06:49:40.635+0600][4.772s][info][gc,stats    ]   CTR: Thread Roots                 648 us, workers (us): 522,  62,  64, ---, ---, ---, 
[2026-04-03T06:49:40.635+0600][4.772s][info][gc,stats    ] Concurrent Weak References          777 us, parallelism: 0.88x
[2026-04-03T06:49:40.635+0600][4.772s][info][gc,stats    ]   CWRF: <total>                     686 us
[2026-04-03T06:49:40.635+0600][4.772s][info][gc,stats    ]   CWRF: Weak References             686 us, workers (us): 244, 440,   1, ---, ---, ---, 
[2026-04-03T06:49:40.635+0600][4.772s][info][gc,stats    ] Concurrent Weak Roots              1469 us
[2026-04-03T06:49:40.635+0600][4.773s][info][gc,stats    ]   Roots                            1170 us, parallelism: 2.58x
[2026-04-03T06:49:40.635+0600][4.773s][info][gc,stats    ]     CWR: <total>                   3022 us
[2026-04-03T06:49:40.635+0600][4.773s][info][gc,stats    ]     CWR: Code Cache Roots           997 us, workers (us): 330, 348, 319, ---, ---, ---, 
[2026-04-03T06:49:40.635+0600][4.773s][info][gc,stats    ]     CWR: VM Weak Roots             2011 us, workers (us): 694, 656, 660, ---, ---, ---, 
[2026-04-03T06:49:40.635+0600][4.773s][info][gc,stats    ]     CWR: CLDG Roots                  14 us, workers (us): ---,  14, ---, ---, ---, ---, 
[2026-04-03T06:49:40.635+0600][4.773s][info][gc,stats    ]   Rendezvous                        173 us
[2026-04-03T06:49:40.635+0600][4.773s][info][gc,stats    ] Concurrent Cleanup                  272 us
[2026-04-03T06:49:40.635+0600][4.773s][info][gc,stats    ] Concurrent Class Unloading         2847 us
[2026-04-03T06:49:40.635+0600][4.773s][info][gc,stats    ]   Unlink Stale                     1829 us
[2026-04-03T06:49:40.635+0600][4.773s][info][gc,stats    ]     System Dictionary                38 us
[2026-04-03T06:49:40.635+0600][4.773s][info][gc,stats    ]     Weak Class Links                  1 us
[2026-04-03T06:49:40.635+0600][4.773s][info][gc,stats    ]     Code Roots                     1787 us
[2026-04-03T06:49:40.635+0600][4.773s][info][gc,stats    ]   Rendezvous                        111 us
[2026-04-03T06:49:40.635+0600][4.773s][info][gc,stats    ]   Purge Unlinked                    791 us
[2026-04-03T06:49:40.635+0600][4.773s][info][gc,stats    ]     Code Roots                      769 us
[2026-04-03T06:49:40.635+0600][4.773s][info][gc,stats    ]     CLDG                             20 us
[2026-04-03T06:49:40.635+0600][4.773s][info][gc,stats    ]     Exception Caches                  0 us
[2026-04-03T06:49:40.635+0600][4.773s][info][gc,stats    ] Concurrent Strong Roots            1296 us, parallelism: 0.90x
[2026-04-03T06:49:40.635+0600][4.773s][info][gc,stats    ]   CSR: <total>                     1168 us
[2026-04-03T06:49:40.635+0600][4.773s][info][gc,stats    ]   CSR: VM Strong Roots               50 us, workers (us):  48,   2,   0, ---, ---, ---, 
[2026-04-03T06:49:40.635+0600][4.773s][info][gc,stats    ]   CSR: CLDG Roots                  1119 us, workers (us): 1119, ---, ---, ---, ---, ---, 
[2026-04-03T06:49:40.635+0600][4.773s][info][gc,stats    ] Concurrent Evacuation             10972 us
[2026-04-03T06:49:40.635+0600][4.773s][info][gc,stats    ] Pause Init Update Refs (G)          329 us
[2026-04-03T06:49:40.635+0600][4.773s][info][gc,stats    ] Pause Init Update Refs (N)          128 us
[2026-04-03T06:49:40.635+0600][4.773s][info][gc,stats    ]   Manage GCLABs                       8 us
[2026-04-03T06:49:40.635+0600][4.773s][info][gc,stats    ] Concurrent Update Refs             5761 us
[2026-04-03T06:49:40.635+0600][4.773s][info][gc,stats    ] Concurrent Update Thread Roots     1238 us
[2026-04-03T06:49:40.635+0600][4.773s][info][gc,stats    ] Pause Final Update Refs (G)         418 us
[2026-04-03T06:49:40.635+0600][4.773s][info][gc,stats    ] Pause Final Update Refs (N)         205 us
[2026-04-03T06:49:40.635+0600][4.773s][info][gc,stats    ]   Update Region States               57 us
[2026-04-03T06:49:40.635+0600][4.773s][info][gc,stats    ]   Trash Collection Set               10 us
[2026-04-03T06:49:40.635+0600][4.773s][info][gc,stats    ]   Rebuild Free Set                   38 us
[2026-04-03T06:49:40.635+0600][4.773s][info][gc,stats    ] Concurrent Cleanup                  816 us
[2026-04-03T06:49:40.635+0600][4.773s][info][gc,stats    ] 
[2026-04-03T06:49:40.635+0600][4.773s][info][gc,stats    ] Allocation pacing accrued:
[2026-04-03T06:49:40.635+0600][4.773s][info][gc,stats    ]       0 of  4764 ms (  0.0%): <total>
[2026-04-03T06:49:40.635+0600][4.773s][info][gc,stats    ]       0 of  4764 ms (  0.0%): <average total>
[2026-04-03T06:49:40.635+0600][4.773s][info][gc,stats    ] 
[2026-04-03T06:49:40.636+0600][4.773s][info][gc,metaspace] Metaspace: 21251K(21568K)->21703K(22016K) NonClass: 18594K(18752K)->18986K(19136K) Class: 2656K(2816K)->2717K(2880K)
[2026-04-03T06:49:40.636+0600][4.773s][info][gc,ergo     ] Pacer for Idle. Initial: 80302K, Alloc Tax Rate: 1.0x
[2026-04-03T06:49:43.867+0600][8.004s][info][gc          ] Trigger: Metadata GC Threshold
[2026-04-03T06:49:43.867+0600][8.005s][info][gc,ergo     ] Free: 3560M, Max: 1024K regular, 3330M humongous, Frag: 7% external, 0% internal; Reserve: 197M, Max: 1024K
[2026-04-03T06:49:43.867+0600][8.005s][info][gc,start    ] GC(1) Concurrent reset
[2026-04-03T06:49:43.867+0600][8.005s][info][gc,task     ] GC(1) Using 3 of 6 workers for concurrent reset
[2026-04-03T06:49:43.867+0600][8.005s][info][gc,ergo     ] GC(1) Pacer for Reset. Non-Taxable: 3921M
[2026-04-03T06:49:43.877+0600][8.015s][info][gc          ] GC(1) Concurrent reset 10.023ms
[2026-04-03T06:49:43.877+0600][8.015s][info][gc,start    ] GC(1) Pause Init Mark (unload classes)
[2026-04-03T06:49:43.877+0600][8.015s][info][gc,task     ] GC(1) Using 6 of 6 workers for init marking
[2026-04-03T06:49:43.877+0600][8.015s][info][gc,ergo     ] GC(1) Pacer for Mark. Expected Live: 18348K, Free: 3559M, Non-Taxable: 355M, Alloc Tax Rate: 0.0x
[2026-04-03T06:49:43.877+0600][8.015s][info][gc          ] GC(1) Pause Init Mark (unload classes) 0.085ms
[2026-04-03T06:49:43.878+0600][8.015s][info][gc,start    ] GC(1) Concurrent marking roots
[2026-04-03T06:49:43.878+0600][8.015s][info][gc,task     ] GC(1) Using 3 of 6 workers for concurrent marking roots
[2026-04-03T06:49:43.879+0600][8.017s][info][gc          ] GC(1) Concurrent marking roots 1.395ms
[2026-04-03T06:49:43.879+0600][8.017s][info][gc,start    ] GC(1) Concurrent marking (unload classes)
[2026-04-03T06:49:43.879+0600][8.017s][info][gc,task     ] GC(1) Using 3 of 6 workers for concurrent marking
[2026-04-03T06:49:43.892+0600][8.030s][info][gc          ] GC(1) Concurrent marking (unload classes) 13.306ms
[2026-04-03T06:49:43.893+0600][8.030s][info][gc,start    ] GC(1) Pause Final Mark (unload classes)
[2026-04-03T06:49:43.893+0600][8.030s][info][gc,task     ] GC(1) Using 6 of 6 workers for final marking
[2026-04-03T06:49:43.893+0600][8.031s][info][gc,ergo     ] GC(1) Adaptive CSet Selection. Target Free: 555M, Actual Free: 3766M, Max CSet: 163M, Min Garbage: 0B
[2026-04-03T06:49:43.893+0600][8.031s][info][gc,ergo     ] GC(1) Collectable Garbage: 130M (99%), Immediate: 11660K (8%), CSet: 119M (90%)
[2026-04-03T06:49:43.893+0600][8.031s][info][gc,ergo     ] GC(1) Pacer for Evacuation. Used CSet: 124M, Free: 3579M, Non-Taxable: 357M, Alloc Tax Rate: 1.1x
[2026-04-03T06:49:43.893+0600][8.031s][info][gc          ] GC(1) Pause Final Mark (unload classes) 0.699ms
[2026-04-03T06:49:43.893+0600][8.031s][info][gc,start    ] GC(1) Concurrent thread roots
[2026-04-03T06:49:43.893+0600][8.031s][info][gc,task     ] GC(1) Using 3 of 6 workers for Concurrent thread roots
[2026-04-03T06:49:43.894+0600][8.032s][info][gc          ] GC(1) Concurrent thread roots 0.570ms
[2026-04-03T06:49:43.894+0600][8.032s][info][gc,start    ] GC(1) Concurrent weak references
[2026-04-03T06:49:43.894+0600][8.032s][info][gc,task     ] GC(1) Using 3 of 6 workers for concurrent weak references
[2026-04-03T06:49:43.895+0600][8.032s][info][gc,ref      ] GC(1) Encountered references: Soft: 3859, Weak: 2547, Final: 80, Phantom: 569
[2026-04-03T06:49:43.895+0600][8.033s][info][gc,ref      ] GC(1) Discovered  references: Soft: 0, Weak: 1399, Final: 48, Phantom: 506
[2026-04-03T06:49:43.895+0600][8.033s][info][gc,ref      ] GC(1) Enqueued    references: Soft: 0, Weak: 480, Final: 0, Phantom: 1
[2026-04-03T06:49:43.895+0600][8.033s][info][gc          ] GC(1) Concurrent weak references 1.006ms
[2026-04-03T06:49:43.895+0600][8.033s][info][gc,start    ] GC(1) Concurrent weak roots
[2026-04-03T06:49:43.895+0600][8.033s][info][gc,task     ] GC(1) Using 3 of 6 workers for concurrent weak root
[2026-04-03T06:49:43.897+0600][8.035s][info][gc          ] GC(1) Concurrent weak roots 2.340ms
[2026-04-03T06:49:43.898+0600][8.035s][info][gc,start    ] GC(1) Concurrent cleanup
[2026-04-03T06:49:43.898+0600][8.036s][info][gc          ] GC(1) Concurrent cleanup 156M->145M(396M) 0.745ms
[2026-04-03T06:49:43.898+0600][8.036s][info][gc,ergo     ] GC(1) Free: 3578M, Max: 1024K regular, 3330M humongous, Frag: 7% external, 0% internal; Reserve: 195M, Max: 1024K
[2026-04-03T06:49:43.898+0600][8.036s][info][gc,start    ] GC(1) Concurrent class unloading
[2026-04-03T06:49:43.898+0600][8.036s][info][gc,task     ] GC(1) Using 3 of 6 workers for concurrent class unloading
[2026-04-03T06:49:43.903+0600][8.040s][info][gc          ] GC(1) Concurrent class unloading 4.511ms
[2026-04-03T06:49:43.903+0600][8.041s][info][gc,start    ] GC(1) Concurrent strong roots
[2026-04-03T06:49:43.903+0600][8.041s][info][gc,task     ] GC(1) Using 3 of 6 workers for concurrent strong root
[2026-04-03T06:49:43.904+0600][8.042s][info][gc          ] GC(1) Concurrent strong roots 1.312ms
[2026-04-03T06:49:43.904+0600][8.042s][info][gc,start    ] GC(1) Concurrent evacuation
[2026-04-03T06:49:43.904+0600][8.042s][info][gc,task     ] GC(1) Using 3 of 6 workers for concurrent evacuation
[2026-04-03T06:49:43.910+0600][8.048s][info][gc          ] GC(1) Concurrent evacuation 5.803ms
[2026-04-03T06:49:43.911+0600][8.048s][info][gc,start    ] GC(1) Pause Init Update Refs
[2026-04-03T06:49:43.911+0600][8.048s][info][gc,ergo     ] GC(1) Pacer for Update Refs. Used: 151M, Free: 3578M, Non-Taxable: 357M, Alloc Tax Rate: 1.1x
[2026-04-03T06:49:43.911+0600][8.048s][info][gc          ] GC(1) Pause Init Update Refs 0.162ms
[2026-04-03T06:49:43.911+0600][8.048s][info][gc,start    ] GC(1) Concurrent update references
[2026-04-03T06:49:43.911+0600][8.048s][info][gc,task     ] GC(1) Using 3 of 6 workers for concurrent reference update
[2026-04-03T06:49:43.919+0600][8.056s][info][gc          ] GC(1) Concurrent update references 8.013ms
[2026-04-03T06:49:43.919+0600][8.056s][info][gc,start    ] GC(1) Concurrent update thread roots
[2026-04-03T06:49:43.920+0600][8.057s][info][gc          ] GC(1) Concurrent update thread roots 0.669ms
[2026-04-03T06:49:43.920+0600][8.057s][info][gc,start    ] GC(1) Pause Final Update Refs
[2026-04-03T06:49:43.920+0600][8.058s][info][gc,task     ] GC(1) Using 6 of 6 workers for final reference update
[2026-04-03T06:49:43.920+0600][8.058s][info][gc          ] GC(1) Pause Final Update Refs 0.238ms
[2026-04-03T06:49:43.920+0600][8.058s][info][gc,start    ] GC(1) Concurrent cleanup
[2026-04-03T06:49:43.921+0600][8.059s][info][gc          ] GC(1) Concurrent cleanup 152M->27M(402M) 0.724ms
[2026-04-03T06:49:43.921+0600][8.059s][info][gc,ergo     ] Free: 3694M, Max: 1024K regular, 3417M humongous, Frag: 8% external, 0% internal; Reserve: 197M, Max: 1024K
[2026-04-03T06:49:43.921+0600][8.059s][info][gc,stats    ] 
[2026-04-03T06:49:43.921+0600][8.059s][info][gc,stats    ] All times are wall-clock times, except per-root-class counters, that are sum over
[2026-04-03T06:49:43.921+0600][8.059s][info][gc,stats    ] all workers. Dividing the <total> over the root stage time estimates parallelism.
[2026-04-03T06:49:43.921+0600][8.059s][info][gc,stats    ] 
[2026-04-03T06:49:43.921+0600][8.059s][info][gc,stats    ] Concurrent Reset                  10125 us
[2026-04-03T06:49:43.921+0600][8.059s][info][gc,stats    ] Pause Init Mark (G)                 441 us
[2026-04-03T06:49:43.921+0600][8.059s][info][gc,stats    ] Pause Init Mark (N)                  95 us
[2026-04-03T06:49:43.921+0600][8.059s][info][gc,stats    ]   Update Region States               26 us
[2026-04-03T06:49:43.921+0600][8.059s][info][gc,stats    ] Concurrent Mark Roots              1469 us, parallelism: 2.18x
[2026-04-03T06:49:43.921+0600][8.059s][info][gc,stats    ]   CMR: <total>                     3200 us
[2026-04-03T06:49:43.921+0600][8.059s][info][gc,stats    ]   CMR: Thread Roots                2510 us, workers (us): 840, 977, 693, ---, ---, ---, 
[2026-04-03T06:49:43.921+0600][8.059s][info][gc,stats    ]   CMR: VM Strong Roots              368 us, workers (us): 207,  95,  66, ---, ---, ---, 
[2026-04-03T06:49:43.921+0600][8.059s][info][gc,stats    ]   CMR: CLDG Roots                   322 us, workers (us): ---, ---, 322, ---, ---, ---, 
[2026-04-03T06:49:43.921+0600][8.059s][info][gc,stats    ] Concurrent Marking                13412 us
[2026-04-03T06:49:43.921+0600][8.059s][info][gc,stats    ] Pause Final Mark (G)                946 us
[2026-04-03T06:49:43.921+0600][8.059s][info][gc,stats    ] Pause Final Mark (N)                718 us
[2026-04-03T06:49:43.921+0600][8.059s][info][gc,stats    ]   Finish Mark                       251 us
[2026-04-03T06:49:43.921+0600][8.059s][info][gc,stats    ]   Update Region States               65 us
[2026-04-03T06:49:43.921+0600][8.059s][info][gc,stats    ]   Choose Collection Set             230 us
[2026-04-03T06:49:43.921+0600][8.059s][info][gc,stats    ]   Rebuild Free Set                   41 us
[2026-04-03T06:49:43.921+0600][8.059s][info][gc,stats    ] Concurrent Thread Roots             635 us, parallelism: 1.37x
[2026-04-03T06:49:43.921+0600][8.059s][info][gc,stats    ]   CTR: <total>                      873 us
[2026-04-03T06:49:43.921+0600][8.059s][info][gc,stats    ]   CTR: Thread Roots                 873 us, workers (us): 398, 246, 228, ---, ---, ---, 
[2026-04-03T06:49:43.921+0600][8.059s][info][gc,stats    ] Concurrent Weak References         1027 us, parallelism: 0.84x
[2026-04-03T06:49:43.921+0600][8.059s][info][gc,stats    ]   CWRF: <total>                     864 us
[2026-04-03T06:49:43.921+0600][8.059s][info][gc,stats    ]   CWRF: Weak References             864 us, workers (us): 181,  90, 593, ---, ---, ---, 
[2026-04-03T06:49:43.921+0600][8.059s][info][gc,stats    ] Concurrent Weak Roots              2423 us
[2026-04-03T06:49:43.921+0600][8.059s][info][gc,stats    ]   Roots                            1955 us, parallelism: 2.44x
[2026-04-03T06:49:43.921+0600][8.059s][info][gc,stats    ]     CWR: <total>                   4776 us
[2026-04-03T06:49:43.921+0600][8.059s][info][gc,stats    ]     CWR: Code Cache Roots          1468 us, workers (us): 437, 478, 552, ---, ---, ---, 
[2026-04-03T06:49:43.921+0600][8.059s][info][gc,stats    ]     CWR: VM Weak Roots             3269 us, workers (us): 1122, 1085, 1061, ---, ---, ---, 
[2026-04-03T06:49:43.921+0600][8.059s][info][gc,stats    ]     CWR: CLDG Roots                  40 us, workers (us): ---, ---,  40, ---, ---, ---, 
[2026-04-03T06:49:43.922+0600][8.059s][info][gc,stats    ]   Rendezvous                        340 us
[2026-04-03T06:49:43.922+0600][8.059s][info][gc,stats    ] Concurrent Cleanup                  769 us
[2026-04-03T06:49:43.922+0600][8.059s][info][gc,stats    ] Concurrent Class Unloading         4602 us
[2026-04-03T06:49:43.922+0600][8.059s][info][gc,stats    ]   Unlink Stale                     3431 us
[2026-04-03T06:49:43.922+0600][8.059s][info][gc,stats    ]     System Dictionary                36 us
[2026-04-03T06:49:43.922+0600][8.059s][info][gc,stats    ]     Weak Class Links                  0 us
[2026-04-03T06:49:43.922+0600][8.059s][info][gc,stats    ]     Code Roots                     3390 us
[2026-04-03T06:49:43.922+0600][8.059s][info][gc,stats    ]   Rendezvous                        168 us
[2026-04-03T06:49:43.922+0600][8.059s][info][gc,stats    ]   Purge Unlinked                    874 us
[2026-04-03T06:49:43.922+0600][8.059s][info][gc,stats    ]     Code Roots                      859 us
[2026-04-03T06:49:43.922+0600][8.059s][info][gc,stats    ]     CLDG                             14 us
[2026-04-03T06:49:43.922+0600][8.059s][info][gc,stats    ]     Exception Caches                  0 us
[2026-04-03T06:49:43.922+0600][8.059s][info][gc,stats    ] Concurrent Strong Roots            1386 us, parallelism: 0.81x
[2026-04-03T06:49:43.922+0600][8.059s][info][gc,stats    ]   CSR: <total>                     1116 us
[2026-04-03T06:49:43.922+0600][8.059s][info][gc,stats    ]   CSR: VM Strong Roots               95 us, workers (us):  47,  36,  11, ---, ---, ---, 
[2026-04-03T06:49:43.922+0600][8.059s][info][gc,stats    ]   CSR: CLDG Roots                  1022 us, workers (us): ---, ---, 1022, ---, ---, ---, 
[2026-04-03T06:49:43.922+0600][8.059s][info][gc,stats    ] Concurrent Evacuation              5909 us
[2026-04-03T06:49:43.922+0600][8.059s][info][gc,stats    ] Pause Init Update Refs (G)          479 us
[2026-04-03T06:49:43.922+0600][8.059s][info][gc,stats    ] Pause Init Update Refs (N)          182 us
[2026-04-03T06:49:43.922+0600][8.059s][info][gc,stats    ]   Manage GCLABs                      10 us
[2026-04-03T06:49:43.922+0600][8.059s][info][gc,stats    ] Concurrent Update Refs             8118 us
[2026-04-03T06:49:43.922+0600][8.059s][info][gc,stats    ] Concurrent Update Thread Roots      739 us
[2026-04-03T06:49:43.922+0600][8.059s][info][gc,stats    ] Pause Final Update Refs (G)         631 us
[2026-04-03T06:49:43.922+0600][8.059s][info][gc,stats    ] Pause Final Update Refs (N)         255 us
[2026-04-03T06:49:43.922+0600][8.059s][info][gc,stats    ]   Update Region States               63 us
[2026-04-03T06:49:43.922+0600][8.059s][info][gc,stats    ]   Trash Collection Set                9 us
[2026-04-03T06:49:43.922+0600][8.059s][info][gc,stats    ]   Rebuild Free Set                   47 us
[2026-04-03T06:49:43.922+0600][8.059s][info][gc,stats    ] Concurrent Cleanup                  748 us
[2026-04-03T06:49:43.922+0600][8.059s][info][gc,stats    ] 
[2026-04-03T06:49:43.922+0600][8.059s][info][gc,stats    ] Allocation pacing accrued:
[2026-04-03T06:49:43.922+0600][8.059s][info][gc,stats    ]       0 of  3286 ms (  0.0%): <total>
[2026-04-03T06:49:43.922+0600][8.059s][info][gc,stats    ]       0 of  3286 ms (  0.0%): <average total>
[2026-04-03T06:49:43.922+0600][8.059s][info][gc,stats    ] 
[2026-04-03T06:49:43.922+0600][8.059s][info][gc,metaspace] Metaspace: 36404K(36800K)->36604K(36992K) NonClass: 31869K(32128K)->32036K(32256K) Class: 4534K(4672K)->4567K(4736K)
[2026-04-03T06:49:43.922+0600][8.059s][info][gc,ergo     ] Pacer for Idle. Initial: 80302K, Alloc Tax Rate: 1.0x
[2026-04-03T06:49:48.686+0600][12.823s][info][gc          ] Trigger: Metadata GC Threshold
[2026-04-03T06:49:48.686+0600][12.824s][info][gc,ergo     ] Free: 3493M, Max: 1024K regular, 3417M humongous, Frag: 3% external, 0% internal; Reserve: 197M, Max: 1024K
[2026-04-03T06:49:48.686+0600][12.824s][info][gc,start    ] GC(2) Concurrent reset
[2026-04-03T06:49:48.686+0600][12.824s][info][gc,task     ] GC(2) Using 3 of 6 workers for concurrent reset
[2026-04-03T06:49:48.686+0600][12.824s][info][gc,ergo     ] GC(2) Pacer for Reset. Non-Taxable: 3921M
[2026-04-03T06:49:48.688+0600][12.825s][info][gc          ] GC(2) Concurrent reset 1.446ms
[2026-04-03T06:49:48.688+0600][12.826s][info][gc,start    ] GC(2) Pause Init Mark (unload classes)
[2026-04-03T06:49:48.688+0600][12.826s][info][gc,task     ] GC(2) Using 6 of 6 workers for init marking
[2026-04-03T06:49:48.688+0600][12.826s][info][gc,ergo     ] GC(2) Pacer for Mark. Expected Live: 20166K, Free: 3493M, Non-Taxable: 349M, Alloc Tax Rate: 0.0x
[2026-04-03T06:49:48.688+0600][12.826s][info][gc          ] GC(2) Pause Init Mark (unload classes) 0.315ms
[2026-04-03T06:49:48.689+0600][12.826s][info][gc,start    ] GC(2) Concurrent marking roots
[2026-04-03T06:49:48.689+0600][12.826s][info][gc,task     ] GC(2) Using 3 of 6 workers for concurrent marking roots
[2026-04-03T06:49:48.691+0600][12.828s][info][gc          ] GC(2) Concurrent marking roots 2.296ms
[2026-04-03T06:49:48.691+0600][12.828s][info][gc,start    ] GC(2) Concurrent marking (unload classes)
[2026-04-03T06:49:48.691+0600][12.828s][info][gc,task     ] GC(2) Using 3 of 6 workers for concurrent marking
[2026-04-03T06:49:48.716+0600][12.854s][info][gc          ] GC(2) Concurrent marking (unload classes) 25.194ms
[2026-04-03T06:49:48.717+0600][12.854s][info][gc,start    ] GC(2) Pause Final Mark (unload classes)
[2026-04-03T06:49:48.717+0600][12.854s][info][gc,task     ] GC(2) Using 6 of 6 workers for final marking
[2026-04-03T06:49:48.717+0600][12.855s][info][gc,ergo     ] GC(2) Adaptive CSet Selection. Target Free: 555M, Actual Free: 3702M, Max CSet: 163M, Min Garbage: 0B
[2026-04-03T06:49:48.717+0600][12.855s][info][gc,ergo     ] GC(2) Collectable Garbage: 184M (98%), Immediate: 13827K (7%), CSet: 171M (91%)
[2026-04-03T06:49:48.718+0600][12.855s][info][gc,ergo     ] GC(2) Pacer for Evacuation. Used CSet: 179M, Free: 3518M, Non-Taxable: 351M, Alloc Tax Rate: 1.1x
[2026-04-03T06:49:48.718+0600][12.855s][info][gc          ] GC(2) Pause Final Mark (unload classes) 0.752ms
[2026-04-03T06:49:48.718+0600][12.855s][info][gc,start    ] GC(2) Concurrent thread roots
[2026-04-03T06:49:48.718+0600][12.855s][info][gc,task     ] GC(2) Using 3 of 6 workers for Concurrent thread roots
[2026-04-03T06:49:48.719+0600][12.856s][info][gc          ] GC(2) Concurrent thread roots 1.220ms
[2026-04-03T06:49:48.719+0600][12.857s][info][gc,start    ] GC(2) Concurrent weak references
[2026-04-03T06:49:48.719+0600][12.857s][info][gc,task     ] GC(2) Using 3 of 6 workers for concurrent weak references
[2026-04-03T06:49:48.720+0600][12.857s][info][gc,ref      ] GC(2) Encountered references: Soft: 4005, Weak: 5059, Final: 82, Phantom: 588
[2026-04-03T06:49:48.720+0600][12.857s][info][gc,ref      ] GC(2) Discovered  references: Soft: 0, Weak: 1037, Final: 0, Phantom: 582
[2026-04-03T06:49:48.720+0600][12.857s][info][gc,ref      ] GC(2) Enqueued    references: Soft: 0, Weak: 711, Final: 0, Phantom: 0
[2026-04-03T06:49:48.720+0600][12.858s][info][gc          ] GC(2) Concurrent weak references 0.969ms
[2026-04-03T06:49:48.720+0600][12.858s][info][gc,start    ] GC(2) Concurrent weak roots
[2026-04-03T06:49:48.720+0600][12.858s][info][gc,task     ] GC(2) Using 3 of 6 workers for concurrent weak root
[2026-04-03T06:49:48.724+0600][12.861s][info][gc          ] GC(2) Concurrent weak roots 3.500ms
[2026-04-03T06:49:48.724+0600][12.861s][info][gc,start    ] GC(2) Concurrent cleanup
[2026-04-03T06:49:48.725+0600][12.862s][info][gc          ] GC(2) Concurrent cleanup 219M->205M(402M) 0.837ms
[2026-04-03T06:49:48.725+0600][12.862s][info][gc,ergo     ] GC(2) Free: 3517M, Max: 1024K regular, 3417M humongous, Frag: 3% external, 0% internal; Reserve: 195M, Max: 1024K
[2026-04-03T06:49:48.725+0600][12.862s][info][gc,start    ] GC(2) Concurrent class unloading
[2026-04-03T06:49:48.725+0600][12.862s][info][gc,task     ] GC(2) Using 3 of 6 workers for concurrent class unloading
[2026-04-03T06:49:48.733+0600][12.870s][info][gc          ] GC(2) Concurrent class unloading 8.286ms
[2026-04-03T06:49:48.733+0600][12.871s][info][gc,start    ] GC(2) Concurrent strong roots
[2026-04-03T06:49:48.733+0600][12.871s][info][gc,task     ] GC(2) Using 3 of 6 workers for concurrent strong root
[2026-04-03T06:49:48.736+0600][12.873s][info][gc          ] GC(2) Concurrent strong roots 2.595ms
[2026-04-03T06:49:48.736+0600][12.873s][info][gc,start    ] GC(2) Concurrent evacuation
[2026-04-03T06:49:48.736+0600][12.873s][info][gc,task     ] GC(2) Using 3 of 6 workers for concurrent evacuation
[2026-04-03T06:49:48.747+0600][12.884s][info][gc          ] GC(2) Concurrent evacuation 10.852ms
[2026-04-03T06:49:48.747+0600][12.885s][info][gc,start    ] GC(2) Pause Init Update Refs
[2026-04-03T06:49:48.747+0600][12.885s][info][gc,ergo     ] GC(2) Pacer for Update Refs. Used: 214M, Free: 3517M, Non-Taxable: 351M, Alloc Tax Rate: 1.1x
[2026-04-03T06:49:48.747+0600][12.885s][info][gc          ] GC(2) Pause Init Update Refs 0.219ms
[2026-04-03T06:49:48.747+0600][12.885s][info][gc,start    ] GC(2) Concurrent update references
[2026-04-03T06:49:48.748+0600][12.885s][info][gc,task     ] GC(2) Using 3 of 6 workers for concurrent reference update
[2026-04-03T06:49:48.765+0600][12.903s][info][gc          ] GC(2) Concurrent update references 17.618ms
[2026-04-03T06:49:48.765+0600][12.903s][info][gc,start    ] GC(2) Concurrent update thread roots
[2026-04-03T06:49:48.766+0600][12.903s][info][gc          ] GC(2) Concurrent update thread roots 0.699ms
[2026-04-03T06:49:48.767+0600][12.904s][info][gc,start    ] GC(2) Pause Final Update Refs
[2026-04-03T06:49:48.767+0600][12.904s][info][gc,task     ] GC(2) Using 6 of 6 workers for final reference update
[2026-04-03T06:49:48.767+0600][12.904s][info][gc          ] GC(2) Pause Final Update Refs 0.327ms
[2026-04-03T06:49:48.767+0600][12.905s][info][gc,start    ] GC(2) Concurrent cleanup
[2026-04-03T06:49:48.767+0600][12.905s][info][gc          ] GC(2) Concurrent cleanup 214M->35M(408M) 0.405ms
[2026-04-03T06:49:48.768+0600][12.905s][info][gc,ergo     ] Free: 3687M, Max: 1024K regular, 3409M humongous, Frag: 8% external, 0% internal; Reserve: 197M, Max: 1024K
[2026-04-03T06:49:48.768+0600][12.905s][info][gc,stats    ] 
[2026-04-03T06:49:48.768+0600][12.905s][info][gc,stats    ] All times are wall-clock times, except per-root-class counters, that are sum over
[2026-04-03T06:49:48.768+0600][12.905s][info][gc,stats    ] all workers. Dividing the <total> over the root stage time estimates parallelism.
[2026-04-03T06:49:48.768+0600][12.905s][info][gc,stats    ] 
[2026-04-03T06:49:48.768+0600][12.905s][info][gc,stats    ] Concurrent Reset                   1519 us
[2026-04-03T06:49:48.768+0600][12.905s][info][gc,stats    ] Pause Init Mark (G)                 745 us
[2026-04-03T06:49:48.768+0600][12.905s][info][gc,stats    ] Pause Init Mark (N)                 335 us
[2026-04-03T06:49:48.768+0600][12.905s][info][gc,stats    ]   Update Region States               82 us
[2026-04-03T06:49:48.768+0600][12.905s][info][gc,stats    ] Concurrent Mark Roots              2407 us, parallelism: 2.25x
[2026-04-03T06:49:48.768+0600][12.905s][info][gc,stats    ]   CMR: <total>                     5418 us
[2026-04-03T06:49:48.768+0600][12.905s][info][gc,stats    ]   CMR: Thread Roots                4746 us, workers (us): 1677, 1436, 1633, ---, ---, ---, 
[2026-04-03T06:49:48.768+0600][12.905s][info][gc,stats    ]   CMR: VM Strong Roots              319 us, workers (us): 134,  96,  89, ---, ---, ---, 
[2026-04-03T06:49:48.768+0600][12.905s][info][gc,stats    ]   CMR: CLDG Roots                   353 us, workers (us): ---, 353, ---, ---, ---, ---, 
[2026-04-03T06:49:48.768+0600][12.905s][info][gc,stats    ] Concurrent Marking                25481 us
[2026-04-03T06:49:48.768+0600][12.905s][info][gc,stats    ] Pause Final Mark (G)               1252 us
[2026-04-03T06:49:48.768+0600][12.905s][info][gc,stats    ] Pause Final Mark (N)                815 us
[2026-04-03T06:49:48.768+0600][12.905s][info][gc,stats    ]   Finish Mark                       173 us
[2026-04-03T06:49:48.768+0600][12.905s][info][gc,stats    ]   Update Region States               98 us
[2026-04-03T06:49:48.768+0600][12.906s][info][gc,stats    ]   Choose Collection Set             245 us
[2026-04-03T06:49:48.768+0600][12.906s][info][gc,stats    ]   Rebuild Free Set                   49 us
[2026-04-03T06:49:48.768+0600][12.906s][info][gc,stats    ] Concurrent Thread Roots            1345 us, parallelism: 1.70x
[2026-04-03T06:49:48.768+0600][12.906s][info][gc,stats    ]   CTR: <total>                     2281 us
[2026-04-03T06:49:48.768+0600][12.906s][info][gc,stats    ]   CTR: Thread Roots                2281 us, workers (us): 905, 698, 678, ---, ---, ---, 
[2026-04-03T06:49:48.768+0600][12.906s][info][gc,stats    ] Concurrent Weak References          995 us, parallelism: 0.92x
[2026-04-03T06:49:48.768+0600][12.906s][info][gc,stats    ]   CWRF: <total>                     912 us
[2026-04-03T06:49:48.768+0600][12.906s][info][gc,stats    ]   CWRF: Weak References             912 us, workers (us): 253, 634,  25, ---, ---, ---, 
[2026-04-03T06:49:48.768+0600][12.906s][info][gc,stats    ] Concurrent Weak Roots              3645 us
[2026-04-03T06:49:48.768+0600][12.906s][info][gc,stats    ]   Roots                            3244 us, parallelism: 2.69x
[2026-04-03T06:49:48.768+0600][12.906s][info][gc,stats    ]     CWR: <total>                   8739 us
[2026-04-03T06:49:48.768+0600][12.906s][info][gc,stats    ]     CWR: Code Cache Roots          3266 us, workers (us): 1046, 1109, 1110, ---, ---, ---, 
[2026-04-03T06:49:48.768+0600][12.906s][info][gc,stats    ]     CWR: VM Weak Roots             5404 us, workers (us): 1843, 1792, 1769, ---, ---, ---, 
[2026-04-03T06:49:48.768+0600][12.906s][info][gc,stats    ]     CWR: CLDG Roots                  70 us, workers (us): ---,  70, ---, ---, ---, ---, 
[2026-04-03T06:49:48.768+0600][12.906s][info][gc,stats    ]   Rendezvous                        203 us
[2026-04-03T06:49:48.768+0600][12.906s][info][gc,stats    ] Concurrent Cleanup                  886 us
[2026-04-03T06:49:48.768+0600][12.906s][info][gc,stats    ] Concurrent Class Unloading         8429 us
[2026-04-03T06:49:48.768+0600][12.906s][info][gc,stats    ]   Unlink Stale                     5549 us
[2026-04-03T06:49:48.768+0600][12.906s][info][gc,stats    ]     System Dictionary                75 us
[2026-04-03T06:49:48.768+0600][12.906s][info][gc,stats    ]     Weak Class Links                  1 us
[2026-04-03T06:49:48.768+0600][12.906s][info][gc,stats    ]     Code Roots                     5470 us
[2026-04-03T06:49:48.768+0600][12.906s][info][gc,stats    ]   Rendezvous                        256 us
[2026-04-03T06:49:48.768+0600][12.906s][info][gc,stats    ]   Purge Unlinked                   2432 us
[2026-04-03T06:49:48.768+0600][12.906s][info][gc,stats    ]     Code Roots                     2384 us
[2026-04-03T06:49:48.768+0600][12.906s][info][gc,stats    ]     CLDG                             45 us
[2026-04-03T06:49:48.768+0600][12.906s][info][gc,stats    ]     Exception Caches                  1 us
[2026-04-03T06:49:48.768+0600][12.906s][info][gc,stats    ] Concurrent Strong Roots            2752 us, parallelism: 0.82x
[2026-04-03T06:49:48.768+0600][12.906s][info][gc,stats    ]   CSR: <total>                     2256 us
[2026-04-03T06:49:48.768+0600][12.906s][info][gc,stats    ]   CSR: VM Strong Roots               96 us, workers (us):  49,  25,  22, ---, ---, ---, 
[2026-04-03T06:49:48.768+0600][12.906s][info][gc,stats    ]   CSR: CLDG Roots                  2160 us, workers (us): ---, 2160, ---, ---, ---, ---, 
[2026-04-03T06:49:48.769+0600][12.906s][info][gc,stats    ] Concurrent Evacuation             11012 us
[2026-04-03T06:49:48.769+0600][12.906s][info][gc,stats    ] Pause Init Update Refs (G)          580 us
[2026-04-03T06:49:48.769+0600][12.906s][info][gc,stats    ] Pause Init Update Refs (N)          248 us
[2026-04-03T06:49:48.769+0600][12.906s][info][gc,stats    ]   Manage GCLABs                      14 us
[2026-04-03T06:49:48.769+0600][12.906s][info][gc,stats    ] Concurrent Update Refs            17776 us
[2026-04-03T06:49:48.769+0600][12.906s][info][gc,stats    ] Concurrent Update Thread Roots      748 us
[2026-04-03T06:49:48.769+0600][12.906s][info][gc,stats    ] Pause Final Update Refs (G)        1060 us
[2026-04-03T06:49:48.769+0600][12.906s][info][gc,stats    ] Pause Final Update Refs (N)         352 us
[2026-04-03T06:49:48.769+0600][12.906s][info][gc,stats    ]   Update Region States               99 us
[2026-04-03T06:49:48.769+0600][12.906s][info][gc,stats    ]   Trash Collection Set               17 us
[2026-04-03T06:49:48.769+0600][12.906s][info][gc,stats    ]   Rebuild Free Set                   50 us
[2026-04-03T06:49:48.769+0600][12.906s][info][gc,stats    ] Concurrent Cleanup                  454 us
[2026-04-03T06:49:48.769+0600][12.906s][info][gc,stats    ] 
[2026-04-03T06:49:48.769+0600][12.906s][info][gc,stats    ] Allocation pacing accrued:
[2026-04-03T06:49:48.769+0600][12.906s][info][gc,stats    ]       0 of  4847 ms (  0.0%): <total>
[2026-04-03T06:49:48.769+0600][12.906s][info][gc,stats    ]       0 of  4847 ms (  0.0%): <average total>
[2026-04-03T06:49:48.769+0600][12.906s][info][gc,stats    ] 
[2026-04-03T06:49:48.769+0600][12.906s][info][gc,metaspace] Metaspace: 61272K(61760K)->61318K(61760K) NonClass: 53765K(54080K)->53807K(54080K) Class: 7507K(7680K)->7510K(7680K)
[2026-04-03T06:49:48.769+0600][12.906s][info][gc,ergo     ] Pacer for Idle. Initial: 80302K, Alloc Tax Rate: 1.0x
[2026-04-03T06:49:52.684+0600][16.822s][info][gc          ] Trigger: Metadata GC Threshold
[2026-04-03T06:49:52.684+0600][16.822s][info][gc,ergo     ] Free: 3375M, Max: 1024K regular, 3374M humongous, Frag: 0% external, 0% internal; Reserve: 197M, Max: 1024K
[2026-04-03T06:49:52.685+0600][16.822s][info][gc,start    ] GC(3) Concurrent reset
[2026-04-03T06:49:52.685+0600][16.822s][info][gc,task     ] GC(3) Using 3 of 6 workers for concurrent reset
[2026-04-03T06:49:52.685+0600][16.822s][info][gc,ergo     ] GC(3) Pacer for Reset. Non-Taxable: 3921M
[2026-04-03T06:49:52.686+0600][16.823s][info][gc          ] GC(3) Concurrent reset 1.203ms
[2026-04-03T06:49:52.686+0600][16.824s][info][gc,start    ] GC(3) Pause Init Mark (unload classes)
[2026-04-03T06:49:52.686+0600][16.824s][info][gc,task     ] GC(3) Using 6 of 6 workers for init marking
[2026-04-03T06:49:52.687+0600][16.824s][info][gc,ergo     ] GC(3) Pacer for Mark. Expected Live: 23373K, Free: 3375M, Non-Taxable: 337M, Alloc Tax Rate: 0.0x
[2026-04-03T06:49:52.687+0600][16.824s][info][gc          ] GC(3) Pause Init Mark (unload classes) 0.252ms
[2026-04-03T06:49:52.687+0600][16.824s][info][gc,start    ] GC(3) Concurrent marking roots
[2026-04-03T06:49:52.687+0600][16.824s][info][gc,task     ] GC(3) Using 3 of 6 workers for concurrent marking roots
[2026-04-03T06:49:52.688+0600][16.825s][info][gc          ] GC(3) Concurrent marking roots 0.943ms
[2026-04-03T06:49:52.688+0600][16.825s][info][gc,start    ] GC(3) Concurrent marking (unload classes)
[2026-04-03T06:49:52.688+0600][16.825s][info][gc,task     ] GC(3) Using 3 of 6 workers for concurrent marking
[2026-04-03T06:49:52.723+0600][16.861s][info][gc          ] GC(3) Concurrent marking (unload classes) 35.556ms
[2026-04-03T06:49:52.723+0600][16.861s][info][gc,start    ] GC(3) Pause Final Mark (unload classes)
[2026-04-03T06:49:52.723+0600][16.861s][info][gc,task     ] GC(3) Using 6 of 6 workers for final marking
[2026-04-03T06:49:52.724+0600][16.861s][info][gc,ergo     ] GC(3) Adaptive CSet Selection. Target Free: 555M, Actual Free: 3572M, Max CSet: 163M, Min Garbage: 0B
[2026-04-03T06:49:52.724+0600][16.862s][info][gc,ergo     ] GC(3) Collectable Garbage: 300M (99%), Immediate: 2814K (0%), CSet: 297M (98%)
[2026-04-03T06:49:52.724+0600][16.862s][info][gc,ergo     ] GC(3) Pacer for Evacuation. Used CSet: 312M, Free: 3378M, Non-Taxable: 337M, Alloc Tax Rate: 1.1x
[2026-04-03T06:49:52.724+0600][16.862s][info][gc          ] GC(3) Pause Final Mark (unload classes) 0.814ms
[2026-04-03T06:49:52.724+0600][16.862s][info][gc,start    ] GC(3) Concurrent thread roots
[2026-04-03T06:49:52.724+0600][16.862s][info][gc,task     ] GC(3) Using 3 of 6 workers for Concurrent thread roots
[2026-04-03T06:49:52.725+0600][16.863s][info][gc          ] GC(3) Concurrent thread roots 0.667ms
[2026-04-03T06:49:52.725+0600][16.863s][info][gc,start    ] GC(3) Concurrent weak references
[2026-04-03T06:49:52.725+0600][16.863s][info][gc,task     ] GC(3) Using 3 of 6 workers for concurrent weak references
[2026-04-03T06:49:52.727+0600][16.864s][info][gc,ref      ] GC(3) Encountered references: Soft: 4582, Weak: 13380, Final: 84, Phantom: 592
[2026-04-03T06:49:52.727+0600][16.864s][info][gc,ref      ] GC(3) Discovered  references: Soft: 0, Weak: 9106, Final: 48, Phantom: 267
[2026-04-03T06:49:52.727+0600][16.864s][info][gc,ref      ] GC(3) Enqueued    references: Soft: 0, Weak: 3553, Final: 0, Phantom: 1
[2026-04-03T06:49:52.727+0600][16.864s][info][gc          ] GC(3) Concurrent weak references 1.830ms
[2026-04-03T06:49:52.727+0600][16.864s][info][gc,start    ] GC(3) Concurrent weak roots
[2026-04-03T06:49:52.727+0600][16.864s][info][gc,task     ] GC(3) Using 3 of 6 workers for concurrent weak root
[2026-04-03T06:49:52.731+0600][16.868s][info][gc          ] GC(3) Concurrent weak roots 3.648ms
[2026-04-03T06:49:52.731+0600][16.868s][info][gc,start    ] GC(3) Concurrent cleanup
[2026-04-03T06:49:52.731+0600][16.868s][info][gc          ] GC(3) Concurrent cleanup 348M->346M(408M) 0.282ms
[2026-04-03T06:49:52.731+0600][16.869s][info][gc,ergo     ] GC(3) Free: 3377M, Max: 1024K regular, 3372M humongous, Frag: 1% external, 0% internal; Reserve: 195M, Max: 1024K
[2026-04-03T06:49:52.731+0600][16.869s][info][gc,start    ] GC(3) Concurrent class unloading
[2026-04-03T06:49:52.731+0600][16.869s][info][gc,task     ] GC(3) Using 3 of 6 workers for concurrent class unloading
[2026-04-03T06:49:52.743+0600][16.880s][info][gc          ] GC(3) Concurrent class unloading 11.915ms
[2026-04-03T06:49:52.743+0600][16.881s][info][gc,start    ] GC(3) Concurrent strong roots
[2026-04-03T06:49:52.743+0600][16.881s][info][gc,task     ] GC(3) Using 3 of 6 workers for concurrent strong root
[2026-04-03T06:49:52.746+0600][16.883s][info][gc          ] GC(3) Concurrent strong roots 2.906ms
[2026-04-03T06:49:52.746+0600][16.884s][info][gc,start    ] GC(3) Concurrent evacuation
[2026-04-03T06:49:52.746+0600][16.884s][info][gc,task     ] GC(3) Using 3 of 6 workers for concurrent evacuation
[2026-04-03T06:49:52.762+0600][16.900s][info][gc          ] GC(3) Concurrent evacuation 16.088ms
[2026-04-03T06:49:52.762+0600][16.900s][info][gc,start    ] GC(3) Pause Init Update Refs
[2026-04-03T06:49:52.763+0600][16.900s][info][gc,ergo     ] GC(3) Pacer for Update Refs. Used: 361M, Free: 3377M, Non-Taxable: 337M, Alloc Tax Rate: 1.1x
[2026-04-03T06:49:52.763+0600][16.900s][info][gc          ] GC(3) Pause Init Update Refs 0.177ms
[2026-04-03T06:49:52.763+0600][16.900s][info][gc,start    ] GC(3) Concurrent update references
[2026-04-03T06:49:52.763+0600][16.900s][info][gc,task     ] GC(3) Using 3 of 6 workers for concurrent reference update
[2026-04-03T06:49:52.785+0600][16.922s][info][gc          ] GC(3) Concurrent update references 21.872ms
[2026-04-03T06:49:52.785+0600][16.922s][info][gc,start    ] GC(3) Concurrent update thread roots
[2026-04-03T06:49:52.785+0600][16.923s][info][gc          ] GC(3) Concurrent update thread roots 0.663ms
[2026-04-03T06:49:52.786+0600][16.923s][info][gc,start    ] GC(3) Pause Final Update Refs
[2026-04-03T06:49:52.786+0600][16.923s][info][gc,task     ] GC(3) Using 6 of 6 workers for final reference update
[2026-04-03T06:49:52.786+0600][16.924s][info][gc          ] GC(3) Pause Final Update Refs 0.313ms
[2026-04-03T06:49:52.786+0600][16.924s][info][gc,start    ] GC(3) Concurrent cleanup
[2026-04-03T06:49:52.787+0600][16.924s][info][gc          ] GC(3) Concurrent cleanup 362M->50M(422M) 0.406ms
[2026-04-03T06:49:52.787+0600][16.924s][info][gc,ergo     ] Free: 3672M, Max: 1024K regular, 3358M humongous, Frag: 9% external, 0% internal; Reserve: 197M, Max: 1024K
[2026-04-03T06:49:52.787+0600][16.924s][info][gc,stats    ] 
[2026-04-03T06:49:52.787+0600][16.924s][info][gc,stats    ] All times are wall-clock times, except per-root-class counters, that are sum over
[2026-04-03T06:49:52.787+0600][16.924s][info][gc,stats    ] all workers. Dividing the <total> over the root stage time estimates parallelism.
[2026-04-03T06:49:52.787+0600][16.924s][info][gc,stats    ] 
[2026-04-03T06:49:52.787+0600][16.924s][info][gc,stats    ] Concurrent Reset                   1315 us
[2026-04-03T06:49:52.787+0600][16.924s][info][gc,stats    ] Pause Init Mark (G)                 795 us
[2026-04-03T06:49:52.787+0600][16.924s][info][gc,stats    ] Pause Init Mark (N)                 268 us
[2026-04-03T06:49:52.787+0600][16.924s][info][gc,stats    ]   Update Region States               60 us
[2026-04-03T06:49:52.787+0600][16.924s][info][gc,stats    ] Concurrent Mark Roots               979 us, parallelism: 1.97x
[2026-04-03T06:49:52.787+0600][16.924s][info][gc,stats    ]   CMR: <total>                     1930 us
[2026-04-03T06:49:52.787+0600][16.924s][info][gc,stats    ]   CMR: Thread Roots                1644 us, workers (us): 743, 426, 475, ---, ---, ---, 
[2026-04-03T06:49:52.787+0600][16.924s][info][gc,stats    ]   CMR: VM Strong Roots               28 us, workers (us):  22,   5,   1, ---, ---, ---, 
[2026-04-03T06:49:52.787+0600][16.924s][info][gc,stats    ]   CMR: CLDG Roots                   259 us, workers (us): ---, 259, ---, ---, ---, ---, 
[2026-04-03T06:49:52.787+0600][16.924s][info][gc,stats    ] Concurrent Marking                35699 us
[2026-04-03T06:49:52.787+0600][16.924s][info][gc,stats    ] Pause Final Mark (G)               1016 us
[2026-04-03T06:49:52.787+0600][16.924s][info][gc,stats    ] Pause Final Mark (N)                837 us
[2026-04-03T06:49:52.787+0600][16.924s][info][gc,stats    ]   Finish Mark                       270 us
[2026-04-03T06:49:52.787+0600][16.924s][info][gc,stats    ]   Update Region States               65 us
[2026-04-03T06:49:52.787+0600][16.924s][info][gc,stats    ]   Choose Collection Set             280 us
[2026-04-03T06:49:52.787+0600][16.924s][info][gc,stats    ]   Rebuild Free Set                   59 us
[2026-04-03T06:49:52.787+0600][16.925s][info][gc,stats    ] Concurrent Thread Roots             705 us, parallelism: 1.92x
[2026-04-03T06:49:52.787+0600][16.925s][info][gc,stats    ]   CTR: <total>                     1355 us
[2026-04-03T06:49:52.787+0600][16.925s][info][gc,stats    ]   CTR: Thread Roots                1355 us, workers (us): 456, 447, 452, ---, ---, ---, 
[2026-04-03T06:49:52.787+0600][16.925s][info][gc,stats    ] Concurrent Weak References         1850 us, parallelism: 1.57x
[2026-04-03T06:49:52.787+0600][16.925s][info][gc,stats    ]   CWRF: <total>                    2902 us
[2026-04-03T06:49:52.787+0600][16.925s][info][gc,stats    ]   CWRF: Weak References            2902 us, workers (us): 243, 1523, 1136, ---, ---, ---, 
[2026-04-03T06:49:52.787+0600][16.925s][info][gc,stats    ] Concurrent Weak Roots              3759 us
[2026-04-03T06:49:52.787+0600][16.925s][info][gc,stats    ]   Roots                            3373 us, parallelism: 2.75x
[2026-04-03T06:49:52.787+0600][16.925s][info][gc,stats    ]     CWR: <total>                   9278 us
[2026-04-03T06:49:52.787+0600][16.925s][info][gc,stats    ]     CWR: Code Cache Roots          4475 us, workers (us): 1473, 1443, 1558, ---, ---, ---, 
[2026-04-03T06:49:52.787+0600][16.925s][info][gc,stats    ]     CWR: VM Weak Roots             4743 us, workers (us): 1598, 1587, 1559, ---, ---, ---, 
[2026-04-03T06:49:52.787+0600][16.925s][info][gc,stats    ]     CWR: CLDG Roots                  60 us, workers (us): ---,  60, ---, ---, ---, ---, 
[2026-04-03T06:49:52.787+0600][16.925s][info][gc,stats    ]   Rendezvous                        231 us
[2026-04-03T06:49:52.787+0600][16.925s][info][gc,stats    ] Concurrent Cleanup                  303 us
[2026-04-03T06:49:52.787+0600][16.925s][info][gc,stats    ] Concurrent Class Unloading        12030 us
[2026-04-03T06:49:52.787+0600][16.925s][info][gc,stats    ]   Unlink Stale                     6747 us
[2026-04-03T06:49:52.787+0600][16.925s][info][gc,stats    ]     System Dictionary                86 us
[2026-04-03T06:49:52.787+0600][16.925s][info][gc,stats    ]     Weak Class Links                  1 us
[2026-04-03T06:49:52.787+0600][16.925s][info][gc,stats    ]     Code Roots                     6655 us
[2026-04-03T06:49:52.787+0600][16.925s][info][gc,stats    ]   Rendezvous                        130 us
[2026-04-03T06:49:52.787+0600][16.925s][info][gc,stats    ]   Purge Unlinked                   4990 us
[2026-04-03T06:49:52.787+0600][16.925s][info][gc,stats    ]     Code Roots                     4930 us
[2026-04-03T06:49:52.787+0600][16.925s][info][gc,stats    ]     CLDG                             58 us
[2026-04-03T06:49:52.787+0600][16.925s][info][gc,stats    ]     Exception Caches                  0 us
[2026-04-03T06:49:52.787+0600][16.925s][info][gc,stats    ] Concurrent Strong Roots            3019 us, parallelism: 0.87x
[2026-04-03T06:49:52.787+0600][16.925s][info][gc,stats    ]   CSR: <total>                     2628 us
[2026-04-03T06:49:52.787+0600][16.925s][info][gc,stats    ]   CSR: VM Strong Roots               34 us, workers (us):  19,  13,   2, ---, ---, ---, 
[2026-04-03T06:49:52.787+0600][16.925s][info][gc,stats    ]   CSR: CLDG Roots                  2595 us, workers (us): ---, 2595, ---, ---, ---, ---, 
[2026-04-03T06:49:52.787+0600][16.925s][info][gc,stats    ] Concurrent Evacuation             16242 us
[2026-04-03T06:49:52.787+0600][16.925s][info][gc,stats    ] Pause Init Update Refs (G)          408 us
[2026-04-03T06:49:52.787+0600][16.925s][info][gc,stats    ] Pause Init Update Refs (N)          200 us
[2026-04-03T06:49:52.787+0600][16.925s][info][gc,stats    ]   Manage GCLABs                      14 us
[2026-04-03T06:49:52.788+0600][16.925s][info][gc,stats    ] Concurrent Update Refs            21990 us
[2026-04-03T06:49:52.788+0600][16.925s][info][gc,stats    ] Concurrent Update Thread Roots      722 us
[2026-04-03T06:49:52.788+0600][16.925s][info][gc,stats    ] Pause Final Update Refs (G)         647 us
[2026-04-03T06:49:52.788+0600][16.925s][info][gc,stats    ] Pause Final Update Refs (N)         340 us
[2026-04-03T06:49:52.788+0600][16.925s][info][gc,stats    ]   Update Region States               81 us
[2026-04-03T06:49:52.788+0600][16.925s][info][gc,stats    ]   Trash Collection Set               16 us
[2026-04-03T06:49:52.788+0600][16.925s][info][gc,stats    ]   Rebuild Free Set                   60 us
[2026-04-03T06:49:52.788+0600][16.925s][info][gc,stats    ] Concurrent Cleanup                  450 us
[2026-04-03T06:49:52.788+0600][16.925s][info][gc,stats    ] 
[2026-04-03T06:49:52.788+0600][16.925s][info][gc,stats    ] Allocation pacing accrued:
[2026-04-03T06:49:52.788+0600][16.925s][info][gc,stats    ]       0 of  4019 ms (  0.0%): <total>
[2026-04-03T06:49:52.788+0600][16.925s][info][gc,stats    ]       0 of  4019 ms (  0.0%): <average total>
[2026-04-03T06:49:52.788+0600][16.925s][info][gc,stats    ] 
[2026-04-03T06:49:52.788+0600][16.925s][info][gc,metaspace] Metaspace: 102418K(103040K)->102812K(103488K) NonClass: 89598K(89920K)->89919K(90304K) Class: 12820K(13120K)->12893K(13184K)
[2026-04-03T06:49:52.788+0600][16.925s][info][gc,ergo     ] Pacer for Idle. Initial: 80302K, Alloc Tax Rate: 1.0x
[2026-04-03T06:49:59.327+0600][23.465s][info][gc          ] Trigger: Learning 5 of 5. Free (2744M) is below initial threshold (2744M)
[2026-04-03T06:49:59.327+0600][23.465s][info][gc,ergo     ] Free: 2744M, Max: 1024K regular, 2743M humongous, Frag: 0% external, 0% internal; Reserve: 197M, Max: 1024K
[2026-04-03T06:49:59.327+0600][23.465s][info][gc,start    ] GC(4) Concurrent reset
[2026-04-03T06:49:59.327+0600][23.465s][info][gc,task     ] GC(4) Using 3 of 6 workers for concurrent reset
[2026-04-03T06:49:59.327+0600][23.465s][info][gc,ergo     ] GC(4) Pacer for Reset. Non-Taxable: 3921M
[2026-04-03T06:49:59.329+0600][23.466s][info][gc          ] GC(4) Concurrent reset 1.315ms
[2026-04-03T06:49:59.329+0600][23.467s][info][gc,start    ] GC(4) Pause Init Mark (unload classes)
[2026-04-03T06:49:59.329+0600][23.467s][info][gc,task     ] GC(4) Using 6 of 6 workers for init marking
[2026-04-03T06:49:59.329+0600][23.467s][info][gc,ergo     ] GC(4) Pacer for Mark. Expected Live: 28366K, Free: 2744M, Non-Taxable: 274M, Alloc Tax Rate: 0.0x
[2026-04-03T06:49:59.329+0600][23.467s][info][gc          ] GC(4) Pause Init Mark (unload classes) 0.138ms
[2026-04-03T06:49:59.329+0600][23.467s][info][gc,start    ] GC(4) Concurrent marking roots
[2026-04-03T06:49:59.329+0600][23.467s][info][gc,task     ] GC(4) Using 3 of 6 workers for concurrent marking roots
[2026-04-03T06:49:59.332+0600][23.469s][info][gc          ] GC(4) Concurrent marking roots 2.448ms
[2026-04-03T06:49:59.332+0600][23.469s][info][gc,start    ] GC(4) Concurrent marking (unload classes)
[2026-04-03T06:49:59.332+0600][23.469s][info][gc,task     ] GC(4) Using 3 of 6 workers for concurrent marking
[2026-04-03T06:49:59.394+0600][23.531s][info][gc          ] GC(4) Concurrent marking (unload classes) 62.148ms
[2026-04-03T06:49:59.394+0600][23.532s][info][gc,start    ] GC(4) Pause Final Mark (unload classes)
[2026-04-03T06:49:59.394+0600][23.532s][info][gc,task     ] GC(4) Using 6 of 6 workers for final marking
[2026-04-03T06:49:59.395+0600][23.532s][info][gc,ergo     ] GC(4) Adaptive CSet Selection. Target Free: 555M, Actual Free: 3422M, Max CSet: 163M, Min Garbage: 0B
[2026-04-03T06:49:59.395+0600][23.532s][info][gc,ergo     ] GC(4) Collectable Garbage: 811M (99%), Immediate: 498M (60%), CSet: 312M (38%)
[2026-04-03T06:49:59.395+0600][23.532s][info][gc,ergo     ] GC(4) Pacer for Evacuation. Used CSet: 337M, Free: 3315M, Non-Taxable: 331M, Alloc Tax Rate: 1.1x
[2026-04-03T06:49:59.395+0600][23.532s][info][gc          ] GC(4) Pause Final Mark (unload classes) 0.775ms
[2026-04-03T06:49:59.395+0600][23.533s][info][gc,start    ] GC(4) Concurrent thread roots
[2026-04-03T06:49:59.395+0600][23.533s][info][gc,task     ] GC(4) Using 3 of 6 workers for Concurrent thread roots
[2026-04-03T06:49:59.396+0600][23.533s][info][gc          ] GC(4) Concurrent thread roots 0.702ms
[2026-04-03T06:49:59.396+0600][23.533s][info][gc,start    ] GC(4) Concurrent weak references
[2026-04-03T06:49:59.396+0600][23.533s][info][gc,task     ] GC(4) Using 3 of 6 workers for concurrent weak references
[2026-04-03T06:49:59.399+0600][23.536s][info][gc,ref      ] GC(4) Encountered references: Soft: 5820, Weak: 16270, Final: 84, Phantom: 613
[2026-04-03T06:49:59.399+0600][23.537s][info][gc,ref      ] GC(4) Discovered  references: Soft: 0, Weak: 10331, Final: 52, Phantom: 587
[2026-04-03T06:49:59.399+0600][23.537s][info][gc,ref      ] GC(4) Enqueued    references: Soft: 0, Weak: 3192, Final: 0, Phantom: 2
[2026-04-03T06:49:59.399+0600][23.537s][info][gc          ] GC(4) Concurrent weak references 3.320ms
[2026-04-03T06:49:59.399+0600][23.537s][info][gc,start    ] GC(4) Concurrent weak roots
[2026-04-03T06:49:59.399+0600][23.537s][info][gc,task     ] GC(4) Using 3 of 6 workers for concurrent weak root
[2026-04-03T06:49:59.405+0600][23.542s][info][gc          ] GC(4) Concurrent weak roots 5.686ms
[2026-04-03T06:49:59.405+0600][23.542s][info][gc,start    ] GC(4) Concurrent cleanup
[2026-04-03T06:49:59.406+0600][23.543s][info][gc          ] GC(4) Concurrent cleanup 908M->410M(1003M) 0.860ms
[2026-04-03T06:49:59.406+0600][23.543s][info][gc,ergo     ] GC(4) Free: 3312M, Max: 1024K regular, 2724M humongous, Frag: 18% external, 0% internal; Reserve: 195M, Max: 1024K
[2026-04-03T06:49:59.406+0600][23.544s][info][gc,start    ] GC(4) Concurrent class unloading
[2026-04-03T06:49:59.406+0600][23.544s][info][gc,task     ] GC(4) Using 3 of 6 workers for concurrent class unloading
[2026-04-03T06:49:59.463+0600][23.600s][info][gc          ] GC(4) Concurrent class unloading 56.535ms
[2026-04-03T06:49:59.463+0600][23.600s][info][gc,start    ] GC(4) Concurrent strong roots
[2026-04-03T06:49:59.463+0600][23.600s][info][gc,task     ] GC(4) Using 3 of 6 workers for concurrent strong root
[2026-04-03T06:49:59.464+0600][23.601s][info][gc          ] GC(4) Concurrent strong roots 1.283ms
[2026-04-03T06:49:59.464+0600][23.602s][info][gc,start    ] GC(4) Concurrent evacuation
[2026-04-03T06:49:59.464+0600][23.602s][info][gc,task     ] GC(4) Using 3 of 6 workers for concurrent evacuation
[2026-04-03T06:49:59.497+0600][23.635s][info][gc          ] GC(4) Concurrent evacuation 32.911ms
[2026-04-03T06:49:59.498+0600][23.635s][info][gc,start    ] GC(4) Pause Init Update Refs
[2026-04-03T06:49:59.498+0600][23.635s][info][gc,ergo     ] GC(4) Pacer for Update Refs. Used: 459M, Free: 3288M, Non-Taxable: 328M, Alloc Tax Rate: 1.1x
[2026-04-03T06:49:59.498+0600][23.635s][info][gc          ] GC(4) Pause Init Update Refs 0.132ms
[2026-04-03T06:49:59.498+0600][23.635s][info][gc,start    ] GC(4) Concurrent update references
[2026-04-03T06:49:59.498+0600][23.635s][info][gc,task     ] GC(4) Using 3 of 6 workers for concurrent reference update
[2026-04-03T06:49:59.549+0600][23.687s][info][gc          ] GC(4) Concurrent update references 51.544ms
[2026-04-03T06:49:59.549+0600][23.687s][info][gc,start    ] GC(4) Concurrent update thread roots
[2026-04-03T06:49:59.552+0600][23.690s][info][gc          ] GC(4) Concurrent update thread roots 2.784ms
[2026-04-03T06:49:59.553+0600][23.690s][info][gc,start    ] GC(4) Pause Final Update Refs
[2026-04-03T06:49:59.553+0600][23.690s][info][gc,task     ] GC(4) Using 6 of 6 workers for final reference update
[2026-04-03T06:49:59.553+0600][23.690s][info][gc          ] GC(4) Pause Final Update Refs 0.224ms
[2026-04-03T06:49:59.553+0600][23.690s][info][gc,start    ] GC(4) Concurrent cleanup
[2026-04-03T06:49:59.554+0600][23.691s][info][gc          ] GC(4) Concurrent cleanup 490M->153M(1027M) 0.744ms
[2026-04-03T06:49:59.554+0600][23.691s][info][gc,ergo     ] Free: 3569M, Max: 1024K regular, 2706M humongous, Frag: 25% external, 0% internal; Reserve: 197M, Max: 1024K
[2026-04-03T06:49:59.554+0600][23.692s][info][gc,stats    ] 
[2026-04-03T06:49:59.554+0600][23.692s][info][gc,stats    ] All times are wall-clock times, except per-root-class counters, that are sum over
[2026-04-03T06:49:59.554+0600][23.692s][info][gc,stats    ] all workers. Dividing the <total> over the root stage time estimates parallelism.
[2026-04-03T06:49:59.554+0600][23.692s][info][gc,stats    ] 
[2026-04-03T06:49:59.554+0600][23.692s][info][gc,stats    ] Concurrent Reset                   1382 us
[2026-04-03T06:49:59.554+0600][23.692s][info][gc,stats    ] Pause Init Mark (G)                 429 us
[2026-04-03T06:49:59.554+0600][23.692s][info][gc,stats    ] Pause Init Mark (N)                 149 us
[2026-04-03T06:49:59.554+0600][23.692s][info][gc,stats    ]   Update Region States               33 us
[2026-04-03T06:49:59.554+0600][23.692s][info][gc,stats    ] Concurrent Mark Roots              2529 us, parallelism: 1.81x
[2026-04-03T06:49:59.554+0600][23.692s][info][gc,stats    ]   CMR: <total>                     4578 us
[2026-04-03T06:49:59.554+0600][23.692s][info][gc,stats    ]   CMR: Thread Roots                4061 us, workers (us): 768, 1433, 1860, ---, ---, ---, 
[2026-04-03T06:49:59.554+0600][23.692s][info][gc,stats    ]   CMR: VM Strong Roots              113 us, workers (us):  54,  16,  44, ---, ---, ---, 
[2026-04-03T06:49:59.554+0600][23.692s][info][gc,stats    ]   CMR: CLDG Roots                   404 us, workers (us): ---, 404, ---, ---, ---, ---, 
[2026-04-03T06:49:59.554+0600][23.692s][info][gc,stats    ] Concurrent Marking                62272 us
[2026-04-03T06:49:59.554+0600][23.692s][info][gc,stats    ] Pause Final Mark (G)                926 us
[2026-04-03T06:49:59.554+0600][23.692s][info][gc,stats    ] Pause Final Mark (N)                794 us
[2026-04-03T06:49:59.554+0600][23.692s][info][gc,stats    ]   Finish Mark                       248 us
[2026-04-03T06:49:59.554+0600][23.692s][info][gc,stats    ]   Update Region States               65 us
[2026-04-03T06:49:59.554+0600][23.692s][info][gc,stats    ]   Choose Collection Set             225 us
[2026-04-03T06:49:59.554+0600][23.692s][info][gc,stats    ]   Rebuild Free Set                   50 us
[2026-04-03T06:49:59.554+0600][23.692s][info][gc,stats    ] Concurrent Thread Roots             786 us, parallelism: 1.75x
[2026-04-03T06:49:59.554+0600][23.692s][info][gc,stats    ]   CTR: <total>                     1373 us
[2026-04-03T06:49:59.554+0600][23.692s][info][gc,stats    ]   CTR: Thread Roots                1373 us, workers (us): 466, 452, 456, ---, ---, ---, 
[2026-04-03T06:49:59.555+0600][23.692s][info][gc,stats    ] Concurrent Weak References         3345 us, parallelism: 1.12x
[2026-04-03T06:49:59.555+0600][23.692s][info][gc,stats    ]   CWRF: <total>                    3763 us
[2026-04-03T06:49:59.555+0600][23.692s][info][gc,stats    ]   CWRF: Weak References            3763 us, workers (us): 762, 2928,  73, ---, ---, ---, 
[2026-04-03T06:49:59.555+0600][23.692s][info][gc,stats    ] Concurrent Weak Roots              5824 us
[2026-04-03T06:49:59.555+0600][23.692s][info][gc,stats    ]   Roots                            5306 us, parallelism: 2.67x
[2026-04-03T06:49:59.555+0600][23.692s][info][gc,stats    ]     CWR: <total>                  14154 us
[2026-04-03T06:49:59.555+0600][23.692s][info][gc,stats    ]     CWR: Code Cache Roots          7544 us, workers (us): 2351, 2570, 2623, ---, ---, ---, 
[2026-04-03T06:49:59.555+0600][23.692s][info][gc,stats    ]     CWR: VM Weak Roots             6359 us, workers (us): 2131, 2113, 2114, ---, ---, ---, 
[2026-04-03T06:49:59.555+0600][23.692s][info][gc,stats    ]     CWR: CLDG Roots                 251 us, workers (us): 251, ---, ---, ---, ---, ---, 
[2026-04-03T06:49:59.555+0600][23.692s][info][gc,stats    ]   Rendezvous                        332 us
[2026-04-03T06:49:59.555+0600][23.692s][info][gc,stats    ] Concurrent Cleanup                  918 us
[2026-04-03T06:49:59.555+0600][23.692s][info][gc,stats    ] Concurrent Class Unloading        56676 us
[2026-04-03T06:49:59.555+0600][23.692s][info][gc,stats    ]   Unlink Stale                    37215 us
[2026-04-03T06:49:59.555+0600][23.692s][info][gc,stats    ]     System Dictionary              1193 us
[2026-04-03T06:49:59.555+0600][23.692s][info][gc,stats    ]     Weak Class Links              19932 us
[2026-04-03T06:49:59.555+0600][23.692s][info][gc,stats    ]     Code Roots                    16081 us
[2026-04-03T06:49:59.555+0600][23.692s][info][gc,stats    ]   Rendezvous                        381 us
[2026-04-03T06:49:59.555+0600][23.692s][info][gc,stats    ]   Purge Unlinked                  18887 us
[2026-04-03T06:49:59.555+0600][23.692s][info][gc,stats    ]     Code Roots                    17733 us
[2026-04-03T06:49:59.555+0600][23.692s][info][gc,stats    ]     CLDG                           1151 us
[2026-04-03T06:49:59.555+0600][23.692s][info][gc,stats    ]     Exception Caches                  0 us
[2026-04-03T06:49:59.555+0600][23.692s][info][gc,stats    ] Concurrent Strong Roots            1381 us, parallelism: 0.71x
[2026-04-03T06:49:59.555+0600][23.692s][info][gc,stats    ]   CSR: <total>                      979 us
[2026-04-03T06:49:59.555+0600][23.692s][info][gc,stats    ]   CSR: VM Strong Roots               52 us, workers (us):  28,  24,   0, ---, ---, ---, 
[2026-04-03T06:49:59.555+0600][23.692s][info][gc,stats    ]   CSR: CLDG Roots                   928 us, workers (us): 928, ---, ---, ---, ---, ---, 
[2026-04-03T06:49:59.555+0600][23.692s][info][gc,stats    ] Concurrent Evacuation             33053 us
[2026-04-03T06:49:59.555+0600][23.692s][info][gc,stats    ] Pause Init Update Refs (G)          618 us
[2026-04-03T06:49:59.555+0600][23.692s][info][gc,stats    ] Pause Init Update Refs (N)          156 us
[2026-04-03T06:49:59.555+0600][23.692s][info][gc,stats    ]   Manage GCLABs                      17 us
[2026-04-03T06:49:59.555+0600][23.693s][info][gc,stats    ] Concurrent Update Refs            51698 us
[2026-04-03T06:49:59.555+0600][23.693s][info][gc,stats    ] Concurrent Update Thread Roots     2895 us
[2026-04-03T06:49:59.555+0600][23.693s][info][gc,stats    ] Pause Final Update Refs (G)         583 us
[2026-04-03T06:49:59.555+0600][23.693s][info][gc,stats    ] Pause Final Update Refs (N)         260 us
[2026-04-03T06:49:59.555+0600][23.693s][info][gc,stats    ]   Update Region States               83 us
[2026-04-03T06:49:59.555+0600][23.693s][info][gc,stats    ]   Trash Collection Set               18 us
[2026-04-03T06:49:59.555+0600][23.693s][info][gc,stats    ]   Rebuild Free Set                   55 us
[2026-04-03T06:49:59.555+0600][23.693s][info][gc,stats    ] Concurrent Cleanup                  870 us
[2026-04-03T06:49:59.555+0600][23.693s][info][gc,stats    ] Pacing                             5263 us
[2026-04-03T06:49:59.555+0600][23.693s][info][gc,stats    ] 
[2026-04-03T06:49:59.555+0600][23.693s][info][gc,stats    ] Allocation pacing accrued:
[2026-04-03T06:49:59.555+0600][23.693s][info][gc,stats    ]       5 of  6768 ms (  0.1%): Executor task launch worker for task 0.0 in stage 15.0 (TID 35)
[2026-04-03T06:49:59.555+0600][23.693s][info][gc,stats    ]       5 of  6768 ms (  0.1%): <total>
[2026-04-03T06:49:59.556+0600][23.693s][info][gc,stats    ]       0 of  6768 ms (  0.0%): <average total>
[2026-04-03T06:49:59.556+0600][23.693s][info][gc,stats    ]       5 of  6768 ms (  0.1%): <average non-zero>
[2026-04-03T06:49:59.556+0600][23.693s][info][gc,stats    ] 
[2026-04-03T06:49:59.556+0600][23.693s][info][gc,metaspace] Metaspace: 121443K(122880K)->121100K(123136K) NonClass: 105749K(106560K)->105529K(106752K) Class: 15693K(16320K)->15571K(16384K)
[2026-04-03T06:49:59.556+0600][23.693s][info][gc,ergo     ] Pacer for Idle. Initial: 80302K, Alloc Tax Rate: 1.0x
[2026-04-03T06:50:00.318+0600][24.455s][info][gc          ] Trigger: Explicit GC request (System.gc())
[2026-04-03T06:50:00.318+0600][24.455s][info][gc,ergo     ] Free: 3315M, Max: 1024K regular, 2706M humongous, Frag: 19% external, 0% internal; Reserve: 197M, Max: 1024K
[2026-04-03T06:50:00.318+0600][24.455s][info][gc,start    ] GC(5) Concurrent reset
[2026-04-03T06:50:00.318+0600][24.455s][info][gc,task     ] GC(5) Using 3 of 6 workers for concurrent reset
[2026-04-03T06:50:00.318+0600][24.455s][info][gc,ergo     ] GC(5) Pacer for Reset. Non-Taxable: 3921M
[2026-04-03T06:50:00.323+0600][24.460s][info][gc          ] GC(5) Concurrent reset 4.852ms
[2026-04-03T06:50:00.323+0600][24.461s][info][gc,start    ] GC(5) Pause Init Mark (unload classes)
[2026-04-03T06:50:00.323+0600][24.461s][info][gc,task     ] GC(5) Using 6 of 6 workers for init marking
[2026-04-03T06:50:00.323+0600][24.461s][info][gc,ref      ] GC(5) Clearing All SoftReferences
[2026-04-03T06:50:00.323+0600][24.461s][info][gc,ergo     ] GC(5) Pacer for Mark. Expected Live: 37351K, Free: 3315M, Non-Taxable: 331M, Alloc Tax Rate: 0.0x
[2026-04-03T06:50:00.323+0600][24.461s][info][gc          ] GC(5) Pause Init Mark (unload classes) 0.206ms
[2026-04-03T06:50:00.323+0600][24.461s][info][gc,start    ] GC(5) Concurrent marking roots
[2026-04-03T06:50:00.323+0600][24.461s][info][gc,task     ] GC(5) Using 3 of 6 workers for concurrent marking roots
[2026-04-03T06:50:00.324+0600][24.462s][info][gc          ] GC(5) Concurrent marking roots 1.074ms
[2026-04-03T06:50:00.324+0600][24.462s][info][gc,start    ] GC(5) Concurrent marking (unload classes)
[2026-04-03T06:50:00.325+0600][24.462s][info][gc,task     ] GC(5) Using 3 of 6 workers for concurrent marking
[2026-04-03T06:50:00.381+0600][24.518s][info][gc          ] GC(5) Concurrent marking (unload classes) 56.298ms
[2026-04-03T06:50:00.381+0600][24.519s][info][gc,start    ] GC(5) Pause Final Mark (unload classes)
[2026-04-03T06:50:00.381+0600][24.519s][info][gc,task     ] GC(5) Using 6 of 6 workers for final marking
[2026-04-03T06:50:00.382+0600][24.519s][info][gc,ergo     ] GC(5) Adaptive CSet Selection. Target Free: 555M, Actual Free: 3570M, Max CSet: 163M, Min Garbage: 0B
[2026-04-03T06:50:00.382+0600][24.519s][info][gc,ergo     ] GC(5) Collectable Garbage: 312M (97%), Immediate: 60416K (18%), CSet: 253M (79%)
[2026-04-03T06:50:00.382+0600][24.519s][info][gc,ergo     ] GC(5) Pacer for Evacuation. Used CSet: 263M, Free: 3390M, Non-Taxable: 339M, Alloc Tax Rate: 1.1x
[2026-04-03T06:50:00.382+0600][24.519s][info][gc          ] GC(5) Pause Final Mark (unload classes) 0.817ms
[2026-04-03T06:50:00.382+0600][24.519s][info][gc,start    ] GC(5) Concurrent thread roots
[2026-04-03T06:50:00.382+0600][24.520s][info][gc,task     ] GC(5) Using 3 of 6 workers for Concurrent thread roots
[2026-04-03T06:50:00.383+0600][24.520s][info][gc          ] GC(5) Concurrent thread roots 1.015ms
[2026-04-03T06:50:00.383+0600][24.521s][info][gc,start    ] GC(5) Concurrent weak references
[2026-04-03T06:50:00.383+0600][24.521s][info][gc,task     ] GC(5) Using 3 of 6 workers for concurrent weak references
[2026-04-03T06:50:00.384+0600][24.522s][info][gc,ref      ] GC(5) Encountered references: Soft: 5589, Weak: 13793, Final: 84, Phantom: 609
[2026-04-03T06:50:00.384+0600][24.522s][info][gc,ref      ] GC(5) Discovered  references: Soft: 3242, Weak: 6637, Final: 0, Phantom: 606
[2026-04-03T06:50:00.384+0600][24.522s][info][gc,ref      ] GC(5) Enqueued    references: Soft: 2801, Weak: 909, Final: 0, Phantom: 0
[2026-04-03T06:50:00.385+0600][24.522s][info][gc          ] GC(5) Concurrent weak references 1.514ms
[2026-04-03T06:50:00.385+0600][24.522s][info][gc,start    ] GC(5) Concurrent weak roots
[2026-04-03T06:50:00.385+0600][24.522s][info][gc,task     ] GC(5) Using 3 of 6 workers for concurrent weak root
[2026-04-03T06:50:00.389+0600][24.526s][info][gc          ] GC(5) Concurrent weak roots 4.152ms
[2026-04-03T06:50:00.389+0600][24.526s][info][gc,start    ] GC(5) Concurrent cleanup
[2026-04-03T06:50:00.389+0600][24.527s][info][gc          ] GC(5) Concurrent cleanup 394M->335M(1027M) 0.298ms
[2026-04-03T06:50:00.389+0600][24.527s][info][gc,ergo     ] GC(5) Free: 3387M, Max: 1024K regular, 2706M humongous, Frag: 21% external, 0% internal; Reserve: 195M, Max: 1024K
[2026-04-03T06:50:00.389+0600][24.527s][info][gc,start    ] GC(5) Concurrent class unloading
[2026-04-03T06:50:00.389+0600][24.527s][info][gc,task     ] GC(5) Using 3 of 6 workers for concurrent class unloading
[2026-04-03T06:50:00.434+0600][24.572s][info][gc          ] GC(5) Concurrent class unloading 44.927ms
[2026-04-03T06:50:00.434+0600][24.572s][info][gc,start    ] GC(5) Concurrent strong roots
[2026-04-03T06:50:00.434+0600][24.572s][info][gc,task     ] GC(5) Using 3 of 6 workers for concurrent strong root
[2026-04-03T06:50:00.436+0600][24.574s][info][gc          ] GC(5) Concurrent strong roots 1.751ms
[2026-04-03T06:50:00.436+0600][24.574s][info][gc,start    ] GC(5) Concurrent evacuation
[2026-04-03T06:50:00.436+0600][24.574s][info][gc,task     ] GC(5) Using 3 of 6 workers for concurrent evacuation
[2026-04-03T06:50:00.446+0600][24.583s][info][gc          ] GC(5) Concurrent evacuation 9.673ms
[2026-04-03T06:50:00.446+0600][24.584s][info][gc,start    ] GC(5) Pause Init Update Refs
[2026-04-03T06:50:00.446+0600][24.584s][info][gc,ergo     ] GC(5) Pacer for Update Refs. Used: 376M, Free: 3357M, Non-Taxable: 335M, Alloc Tax Rate: 1.1x
[2026-04-03T06:50:00.446+0600][24.584s][info][gc          ] GC(5) Pause Init Update Refs 0.134ms
[2026-04-03T06:50:00.446+0600][24.584s][info][gc,start    ] GC(5) Concurrent update references
[2026-04-03T06:50:00.446+0600][24.584s][info][gc,task     ] GC(5) Using 3 of 6 workers for concurrent reference update
[2026-04-03T06:50:00.480+0600][24.618s][info][gc          ] GC(5) Concurrent update references 34.052ms
[2026-04-03T06:50:00.481+0600][24.618s][info][gc,start    ] GC(5) Concurrent update thread roots
[2026-04-03T06:50:00.482+0600][24.619s][info][gc          ] GC(5) Concurrent update thread roots 1.123ms
[2026-04-03T06:50:00.482+0600][24.619s][info][gc,start    ] GC(5) Pause Final Update Refs
[2026-04-03T06:50:00.482+0600][24.619s][info][gc,task     ] GC(5) Using 6 of 6 workers for final reference update
[2026-04-03T06:50:00.482+0600][24.620s][info][gc          ] GC(5) Pause Final Update Refs 0.199ms
[2026-04-03T06:50:00.482+0600][24.620s][info][gc,start    ] GC(5) Concurrent cleanup
[2026-04-03T06:50:00.482+0600][24.620s][info][gc          ] GC(5) Concurrent cleanup 376M->113M(1030M) 0.316ms
[2026-04-03T06:50:00.483+0600][24.620s][info][gc,ergo     ] Free: 3609M, Max: 1024K regular, 3099M humongous, Frag: 15% external, 0% internal; Reserve: 197M, Max: 1024K
[2026-04-03T06:50:00.483+0600][24.620s][info][gc,stats    ] 
[2026-04-03T06:50:00.483+0600][24.620s][info][gc,stats    ] All times are wall-clock times, except per-root-class counters, that are sum over
[2026-04-03T06:50:00.483+0600][24.620s][info][gc,stats    ] all workers. Dividing the <total> over the root stage time estimates parallelism.
[2026-04-03T06:50:00.483+0600][24.620s][info][gc,stats    ] 
[2026-04-03T06:50:00.483+0600][24.620s][info][gc,stats    ] Concurrent Reset                   4948 us
[2026-04-03T06:50:00.483+0600][24.620s][info][gc,stats    ] Pause Init Mark (G)                 613 us
[2026-04-03T06:50:00.483+0600][24.620s][info][gc,stats    ] Pause Init Mark (N)                 222 us
[2026-04-03T06:50:00.483+0600][24.620s][info][gc,stats    ]   Update Region States               53 us
[2026-04-03T06:50:00.483+0600][24.620s][info][gc,stats    ] Concurrent Mark Roots              1130 us, parallelism: 1.69x
[2026-04-03T06:50:00.483+0600][24.620s][info][gc,stats    ]   CMR: <total>                     1908 us
[2026-04-03T06:50:00.483+0600][24.620s][info][gc,stats    ]   CMR: Thread Roots                1473 us, workers (us): 233, 622, 618, ---, ---, ---, 
[2026-04-03T06:50:00.483+0600][24.620s][info][gc,stats    ]   CMR: VM Strong Roots               49 us, workers (us):  33,  16,   1, ---, ---, ---, 
[2026-04-03T06:50:00.483+0600][24.620s][info][gc,stats    ]   CMR: CLDG Roots                   386 us, workers (us): 386, ---, ---, ---, ---, ---, 
[2026-04-03T06:50:00.483+0600][24.620s][info][gc,stats    ] Concurrent Marking                56404 us
[2026-04-03T06:50:00.483+0600][24.620s][info][gc,stats    ] Pause Final Mark (G)               1033 us
[2026-04-03T06:50:00.483+0600][24.620s][info][gc,stats    ] Pause Final Mark (N)                843 us
[2026-04-03T06:50:00.483+0600][24.620s][info][gc,stats    ]   Finish Mark                       381 us
[2026-04-03T06:50:00.483+0600][24.620s][info][gc,stats    ]   Update Region States               58 us
[2026-04-03T06:50:00.483+0600][24.620s][info][gc,stats    ]   Choose Collection Set             214 us
[2026-04-03T06:50:00.483+0600][24.620s][info][gc,stats    ]   Rebuild Free Set                   40 us
[2026-04-03T06:50:00.483+0600][24.620s][info][gc,stats    ] Concurrent Thread Roots            1069 us, parallelism: 2.22x
[2026-04-03T06:50:00.483+0600][24.620s][info][gc,stats    ]   CTR: <total>                     2372 us
[2026-04-03T06:50:00.483+0600][24.621s][info][gc,stats    ]   CTR: Thread Roots                2372 us, workers (us): 786, 786, 801, ---, ---, ---, 
[2026-04-03T06:50:00.483+0600][24.621s][info][gc,stats    ] Concurrent Weak References         1532 us, parallelism: 1.67x
[2026-04-03T06:50:00.483+0600][24.621s][info][gc,stats    ]   CWRF: <total>                    2562 us
[2026-04-03T06:50:00.483+0600][24.621s][info][gc,stats    ]   CWRF: Weak References            2562 us, workers (us): 1281, 1087, 194, ---, ---, ---, 
[2026-04-03T06:50:00.483+0600][24.621s][info][gc,stats    ] Concurrent Weak Roots              4266 us
[2026-04-03T06:50:00.483+0600][24.621s][info][gc,stats    ]   Roots                            3821 us, parallelism: 2.67x
[2026-04-03T06:50:00.483+0600][24.621s][info][gc,stats    ]     CWR: <total>                  10212 us
[2026-04-03T06:50:00.483+0600][24.621s][info][gc,stats    ]     CWR: Code Cache Roots          6872 us, workers (us): 2362, 2321, 2189, ---, ---, ---, 
[2026-04-03T06:50:00.483+0600][24.621s][info][gc,stats    ]     CWR: VM Weak Roots             3211 us, workers (us): 1083, 1069, 1059, ---, ---, ---, 
[2026-04-03T06:50:00.483+0600][24.621s][info][gc,stats    ]     CWR: CLDG Roots                 129 us, workers (us): ---, ---, 129, ---, ---, ---, 
[2026-04-03T06:50:00.483+0600][24.621s][info][gc,stats    ]   Rendezvous                        288 us
[2026-04-03T06:50:00.483+0600][24.621s][info][gc,stats    ] Concurrent Cleanup                  350 us
[2026-04-03T06:50:00.483+0600][24.621s][info][gc,stats    ] Concurrent Class Unloading        45065 us
[2026-04-03T06:50:00.483+0600][24.621s][info][gc,stats    ]   Unlink Stale                    38761 us
[2026-04-03T06:50:00.483+0600][24.621s][info][gc,stats    ]     System Dictionary              1079 us
[2026-04-03T06:50:00.483+0600][24.621s][info][gc,stats    ]     Weak Class Links              24970 us
[2026-04-03T06:50:00.483+0600][24.621s][info][gc,stats    ]     Code Roots                    12705 us
[2026-04-03T06:50:00.483+0600][24.621s][info][gc,stats    ]   Rendezvous                        331 us
[2026-04-03T06:50:00.483+0600][24.621s][info][gc,stats    ]   Purge Unlinked                   5778 us
[2026-04-03T06:50:00.483+0600][24.621s][info][gc,stats    ]     Code Roots                     4354 us
[2026-04-03T06:50:00.483+0600][24.621s][info][gc,stats    ]     CLDG                           1423 us
[2026-04-03T06:50:00.483+0600][24.621s][info][gc,stats    ]     Exception Caches                  0 us
[2026-04-03T06:50:00.483+0600][24.621s][info][gc,stats    ] Concurrent Strong Roots            1884 us, parallelism: 0.80x
[2026-04-03T06:50:00.483+0600][24.621s][info][gc,stats    ]   CSR: <total>                     1516 us
[2026-04-03T06:50:00.483+0600][24.621s][info][gc,stats    ]   CSR: VM Strong Roots               81 us, workers (us):  33,  27,  20, ---, ---, ---, 
[2026-04-03T06:50:00.483+0600][24.621s][info][gc,stats    ]   CSR: CLDG Roots                  1435 us, workers (us): 1435, ---, ---, ---, ---, ---, 
[2026-04-03T06:50:00.483+0600][24.621s][info][gc,stats    ] Concurrent Evacuation              9782 us
[2026-04-03T06:50:00.483+0600][24.621s][info][gc,stats    ] Pause Init Update Refs (G)          358 us
[2026-04-03T06:50:00.484+0600][24.621s][info][gc,stats    ] Pause Init Update Refs (N)          153 us
[2026-04-03T06:50:00.484+0600][24.621s][info][gc,stats    ]   Manage GCLABs                      31 us
[2026-04-03T06:50:00.484+0600][24.621s][info][gc,stats    ] Concurrent Update Refs            34160 us
[2026-04-03T06:50:00.484+0600][24.621s][info][gc,stats    ] Concurrent Update Thread Roots     1180 us
[2026-04-03T06:50:00.484+0600][24.621s][info][gc,stats    ] Pause Final Update Refs (G)         415 us
[2026-04-03T06:50:00.484+0600][24.621s][info][gc,stats    ] Pause Final Update Refs (N)         227 us
[2026-04-03T06:50:00.484+0600][24.621s][info][gc,stats    ]   Update Region States               72 us
[2026-04-03T06:50:00.484+0600][24.621s][info][gc,stats    ]   Trash Collection Set               14 us
[2026-04-03T06:50:00.484+0600][24.621s][info][gc,stats    ]   Rebuild Free Set                   42 us
[2026-04-03T06:50:00.484+0600][24.621s][info][gc,stats    ] Concurrent Cleanup                  345 us
[2026-04-03T06:50:00.484+0600][24.621s][info][gc,stats    ] 
[2026-04-03T06:50:00.484+0600][24.621s][info][gc,stats    ] Allocation pacing accrued:
[2026-04-03T06:50:00.484+0600][24.621s][info][gc,stats    ]       0 of   928 ms (  0.0%): <total>
[2026-04-03T06:50:00.484+0600][24.621s][info][gc,stats    ]       0 of   928 ms (  0.0%): <average total>
[2026-04-03T06:50:00.484+0600][24.621s][info][gc,stats    ] 
[2026-04-03T06:50:00.484+0600][24.621s][info][gc,metaspace] Metaspace: 121621K(123200K)->120794K(123328K) NonClass: 105966K(106816K)->105307K(106944K) Class: 15654K(16384K)->15487K(16384K)
[2026-04-03T06:50:00.484+0600][24.621s][info][gc,ergo     ] Pacer for Idle. Initial: 80302K, Alloc Tax Rate: 1.0x
[2026-04-03T06:50:00.484+0600][24.621s][info][gc,start    ] Concurrent uncommit
[2026-04-03T06:50:00.617+0600][24.755s][info][gc          ] Concurrent uncommit 114M->122M(125M) 133.569ms
[2026-04-03T06:50:02.257+0600][26.394s][info][gc          ] Trigger: Learning 2 of 5. Free (2739M) is below initial threshold (2744M)
[2026-04-03T06:50:02.257+0600][26.394s][info][gc,ergo     ] Free: 2739M, Max: 1024K regular, 2738M humongous, Frag: 0% external, 0% internal; Reserve: 197M, Max: 1024K
[2026-04-03T06:50:02.257+0600][26.394s][info][gc,start    ] GC(6) Concurrent reset
[2026-04-03T06:50:02.257+0600][26.394s][info][gc,task     ] GC(6) Using 3 of 6 workers for concurrent reset
[2026-04-03T06:50:02.257+0600][26.394s][info][gc,ergo     ] GC(6) Pacer for Reset. Non-Taxable: 3921M
[2026-04-03T06:50:02.262+0600][26.399s][info][gc          ] GC(6) Concurrent reset 4.585ms
[2026-04-03T06:50:02.262+0600][26.399s][info][gc,start    ] GC(6) Pause Init Mark (unload classes)
[2026-04-03T06:50:02.262+0600][26.399s][info][gc,task     ] GC(6) Using 6 of 6 workers for init marking
[2026-04-03T06:50:02.262+0600][26.399s][info][gc,ergo     ] GC(6) Pacer for Mark. Expected Live: 48258K, Free: 2739M, Non-Taxable: 273M, Alloc Tax Rate: 0.0x
[2026-04-03T06:50:02.262+0600][26.400s][info][gc          ] GC(6) Pause Init Mark (unload classes) 0.219ms
[2026-04-03T06:50:02.262+0600][26.400s][info][gc,start    ] GC(6) Concurrent marking roots
[2026-04-03T06:50:02.262+0600][26.400s][info][gc,task     ] GC(6) Using 3 of 6 workers for concurrent marking roots
[2026-04-03T06:50:02.264+0600][26.401s][info][gc          ] GC(6) Concurrent marking roots 1.678ms
[2026-04-03T06:50:02.264+0600][26.401s][info][gc,start    ] GC(6) Concurrent marking (unload classes)
[2026-04-03T06:50:02.264+0600][26.401s][info][gc,task     ] GC(6) Using 3 of 6 workers for concurrent marking
[2026-04-03T06:50:02.342+0600][26.480s][info][gc          ] GC(6) Concurrent marking (unload classes) 78.469ms
[2026-04-03T06:50:02.343+0600][26.481s][info][gc,start    ] GC(6) Pause Final Mark (unload classes)
[2026-04-03T06:50:02.343+0600][26.481s][info][gc,task     ] GC(6) Using 6 of 6 workers for final marking
[2026-04-03T06:50:02.344+0600][26.482s][info][gc,ergo     ] GC(6) Adaptive CSet Selection. Target Free: 555M, Actual Free: 3496M, Max CSet: 163M, Min Garbage: 0B
[2026-04-03T06:50:02.344+0600][26.482s][info][gc,ergo     ] GC(6) Collectable Garbage: 744M (99%), Immediate: 591M (78%), CSet: 152M (20%)
[2026-04-03T06:50:02.344+0600][26.482s][info][gc,ergo     ] GC(6) Pacer for Evacuation. Used CSet: 162M, Free: 3454M, Non-Taxable: 345M, Alloc Tax Rate: 1.1x
[2026-04-03T06:50:02.344+0600][26.482s][info][gc          ] GC(6) Pause Final Mark (unload classes) 1.294ms
[2026-04-03T06:50:02.345+0600][26.482s][info][gc,start    ] GC(6) Concurrent thread roots
[2026-04-03T06:50:02.345+0600][26.482s][info][gc,task     ] GC(6) Using 3 of 6 workers for Concurrent thread roots
[2026-04-03T06:50:02.347+0600][26.484s][info][gc          ] GC(6) Concurrent thread roots 1.933ms
[2026-04-03T06:50:02.347+0600][26.484s][info][gc,start    ] GC(6) Concurrent weak references
[2026-04-03T06:50:02.347+0600][26.484s][info][gc,task     ] GC(6) Using 3 of 6 workers for concurrent weak references
[2026-04-03T06:50:02.348+0600][26.485s][info][gc,ref      ] GC(6) Encountered references: Soft: 3586, Weak: 14197, Final: 84, Phantom: 613
[2026-04-03T06:50:02.348+0600][26.485s][info][gc,ref      ] GC(6) Discovered  references: Soft: 0, Weak: 3444, Final: 0, Phantom: 577
[2026-04-03T06:50:02.348+0600][26.485s][info][gc,ref      ] GC(6) Enqueued    references: Soft: 0, Weak: 707, Final: 0, Phantom: 0
[2026-04-03T06:50:02.348+0600][26.485s][info][gc          ] GC(6) Concurrent weak references 1.106ms
[2026-04-03T06:50:02.348+0600][26.485s][info][gc,start    ] GC(6) Concurrent weak roots
[2026-04-03T06:50:02.348+0600][26.485s][info][gc,task     ] GC(6) Using 3 of 6 workers for concurrent weak root
[2026-04-03T06:50:02.357+0600][26.495s][info][gc          ] GC(6) Concurrent weak roots 9.532ms
[2026-04-03T06:50:02.357+0600][26.495s][info][gc,start    ] GC(6) Concurrent cleanup
[2026-04-03T06:50:02.359+0600][26.496s][info][gc          ] GC(6) Concurrent cleanup 863M->272M(1025M) 1.076ms
[2026-04-03T06:50:02.359+0600][26.496s][info][gc,ergo     ] GC(6) Free: 3446M, Max: 1024K regular, 2700M humongous, Frag: 22% external, 0% internal; Reserve: 196M, Max: 1024K
[2026-04-03T06:50:02.359+0600][26.496s][info][gc,start    ] GC(6) Concurrent class unloading
[2026-04-03T06:50:02.359+0600][26.496s][info][gc,task     ] GC(6) Using 3 of 6 workers for concurrent class unloading
[2026-04-03T06:50:02.433+0600][26.570s][info][gc          ] GC(6) Concurrent class unloading 73.994ms
[2026-04-03T06:50:02.434+0600][26.571s][info][gc,start    ] GC(6) Concurrent strong roots
[2026-04-03T06:50:02.434+0600][26.571s][info][gc,task     ] GC(6) Using 3 of 6 workers for concurrent strong root
[2026-04-03T06:50:02.436+0600][26.573s][info][gc          ] GC(6) Concurrent strong roots 2.240ms
[2026-04-03T06:50:02.436+0600][26.573s][info][gc,start    ] GC(6) Concurrent evacuation
[2026-04-03T06:50:02.436+0600][26.573s][info][gc,task     ] GC(6) Using 3 of 6 workers for concurrent evacuation
[2026-04-03T06:50:02.454+0600][26.592s][info][gc          ] GC(6) Concurrent evacuation 18.306ms
[2026-04-03T06:50:02.455+0600][26.592s][info][gc,start    ] GC(6) Pause Init Update Refs
[2026-04-03T06:50:02.455+0600][26.592s][info][gc,ergo     ] GC(6) Pacer for Update Refs. Used: 318M, Free: 3410M, Non-Taxable: 341M, Alloc Tax Rate: 1.1x
[2026-04-03T06:50:02.455+0600][26.592s][info][gc          ] GC(6) Pause Init Update Refs 0.153ms
[2026-04-03T06:50:02.455+0600][26.592s][info][gc,start    ] GC(6) Concurrent update references
[2026-04-03T06:50:02.455+0600][26.592s][info][gc,task     ] GC(6) Using 3 of 6 workers for concurrent reference update
[2026-04-03T06:50:02.501+0600][26.639s][info][gc          ] GC(6) Concurrent update references 46.298ms
[2026-04-03T06:50:02.501+0600][26.639s][info][gc,start    ] GC(6) Concurrent update thread roots
[2026-04-03T06:50:02.502+0600][26.640s][info][gc          ] GC(6) Concurrent update thread roots 1.131ms
[2026-04-03T06:50:02.502+0600][26.640s][info][gc,start    ] GC(6) Pause Final Update Refs
[2026-04-03T06:50:02.503+0600][26.640s][info][gc,task     ] GC(6) Using 6 of 6 workers for final reference update
[2026-04-03T06:50:02.503+0600][26.640s][info][gc          ] GC(6) Pause Final Update Refs 0.181ms
[2026-04-03T06:50:02.503+0600][26.640s][info][gc,start    ] GC(6) Concurrent cleanup
[2026-04-03T06:50:02.503+0600][26.641s][info][gc          ] GC(6) Concurrent cleanup 332M->171M(1036M) 0.717ms
[2026-04-03T06:50:02.504+0600][26.641s][info][gc,ergo     ] Free: 3544M, Max: 1024K regular, 2693M humongous, Frag: 24% external, 0% internal; Reserve: 197M, Max: 1024K
[2026-04-03T06:50:02.504+0600][26.641s][info][gc,stats    ] 
[2026-04-03T06:50:02.504+0600][26.641s][info][gc,stats    ] All times are wall-clock times, except per-root-class counters, that are sum over
[2026-04-03T06:50:02.504+0600][26.641s][info][gc,stats    ] all workers. Dividing the <total> over the root stage time estimates parallelism.
[2026-04-03T06:50:02.504+0600][26.641s][info][gc,stats    ] 
[2026-04-03T06:50:02.504+0600][26.641s][info][gc,stats    ] Concurrent Reset                   4663 us
[2026-04-03T06:50:02.504+0600][26.641s][info][gc,stats    ] Pause Init Mark (G)                 500 us
[2026-04-03T06:50:02.504+0600][26.641s][info][gc,stats    ] Pause Init Mark (N)                 236 us
[2026-04-03T06:50:02.504+0600][26.641s][info][gc,stats    ]   Update Region States               65 us
[2026-04-03T06:50:02.504+0600][26.641s][info][gc,stats    ] Concurrent Mark Roots              1737 us, parallelism: 2.18x
[2026-04-03T06:50:02.504+0600][26.641s][info][gc,stats    ]   CMR: <total>                     3794 us
[2026-04-03T06:50:02.504+0600][26.641s][info][gc,stats    ]   CMR: Thread Roots                3277 us, workers (us): 809, 1257, 1211, ---, ---, ---, 
[2026-04-03T06:50:02.504+0600][26.641s][info][gc,stats    ]   CMR: VM Strong Roots               83 us, workers (us):  40,  42,   1, ---, ---, ---, 
[2026-04-03T06:50:02.504+0600][26.641s][info][gc,stats    ]   CMR: CLDG Roots                   434 us, workers (us): 434, ---, ---, ---, ---, ---, 
[2026-04-03T06:50:02.504+0600][26.641s][info][gc,stats    ] Concurrent Marking                79173 us
[2026-04-03T06:50:02.504+0600][26.641s][info][gc,stats    ] Pause Final Mark (G)               1614 us
[2026-04-03T06:50:02.504+0600][26.641s][info][gc,stats    ] Pause Final Mark (N)               1309 us
[2026-04-03T06:50:02.504+0600][26.641s][info][gc,stats    ]   Finish Mark                       462 us
[2026-04-03T06:50:02.504+0600][26.641s][info][gc,stats    ]   Update Region States               85 us
[2026-04-03T06:50:02.504+0600][26.641s][info][gc,stats    ]   Choose Collection Set             333 us
[2026-04-03T06:50:02.504+0600][26.641s][info][gc,stats    ]   Rebuild Free Set                   69 us
[2026-04-03T06:50:02.504+0600][26.641s][info][gc,stats    ] Concurrent Thread Roots            2052 us, parallelism: 1.88x
[2026-04-03T06:50:02.504+0600][26.641s][info][gc,stats    ]   CTR: <total>                     3859 us
[2026-04-03T06:50:02.504+0600][26.641s][info][gc,stats    ]   CTR: Thread Roots                3859 us, workers (us): 1610, 1259, 991, ---, ---, ---, 
[2026-04-03T06:50:02.504+0600][26.641s][info][gc,stats    ] Concurrent Weak References         1123 us, parallelism: 0.77x
[2026-04-03T06:50:02.504+0600][26.641s][info][gc,stats    ]   CWRF: <total>                     870 us
[2026-04-03T06:50:02.504+0600][26.641s][info][gc,stats    ]   CWRF: Weak References             870 us, workers (us): 870,   0,   0, ---, ---, ---, 
[2026-04-03T06:50:02.504+0600][26.641s][info][gc,stats    ] Concurrent Weak Roots              9678 us
[2026-04-03T06:50:02.504+0600][26.641s][info][gc,stats    ]   Roots                            6849 us, parallelism: 2.73x
[2026-04-03T06:50:02.504+0600][26.641s][info][gc,stats    ]     CWR: <total>                  18687 us
[2026-04-03T06:50:02.504+0600][26.641s][info][gc,stats    ]     CWR: Code Cache Roots         14556 us, workers (us): 4683, 4845, 5029, ---, ---, ---, 
[2026-04-03T06:50:02.504+0600][26.641s][info][gc,stats    ]     CWR: VM Weak Roots             3920 us, workers (us): 1495, 1327, 1098, ---, ---, ---, 
[2026-04-03T06:50:02.504+0600][26.641s][info][gc,stats    ]     CWR: CLDG Roots                 211 us, workers (us): 211, ---, ---, ---, ---, ---, 
[2026-04-03T06:50:02.504+0600][26.641s][info][gc,stats    ]   Rendezvous                       2647 us
[2026-04-03T06:50:02.504+0600][26.641s][info][gc,stats    ] Concurrent Cleanup                 1149 us
[2026-04-03T06:50:02.504+0600][26.641s][info][gc,stats    ] Concurrent Class Unloading        74854 us
[2026-04-03T06:50:02.504+0600][26.641s][info][gc,stats    ]   Unlink Stale                    52066 us
[2026-04-03T06:50:02.504+0600][26.641s][info][gc,stats    ]     System Dictionary               660 us
[2026-04-03T06:50:02.504+0600][26.641s][info][gc,stats    ]     Weak Class Links              27238 us
[2026-04-03T06:50:02.504+0600][26.642s][info][gc,stats    ]     Code Roots                    24163 us
[2026-04-03T06:50:02.504+0600][26.642s][info][gc,stats    ]   Rendezvous                       3424 us
[2026-04-03T06:50:02.504+0600][26.642s][info][gc,stats    ]   Purge Unlinked                  18447 us
[2026-04-03T06:50:02.504+0600][26.642s][info][gc,stats    ]     Code Roots                    18115 us
[2026-04-03T06:50:02.504+0600][26.642s][info][gc,stats    ]     CLDG                            330 us
[2026-04-03T06:50:02.504+0600][26.642s][info][gc,stats    ]     Exception Caches                  0 us
[2026-04-03T06:50:02.504+0600][26.642s][info][gc,stats    ] Concurrent Strong Roots            2323 us, parallelism: 0.79x
[2026-04-03T06:50:02.504+0600][26.642s][info][gc,stats    ]   CSR: <total>                     1824 us
[2026-04-03T06:50:02.504+0600][26.642s][info][gc,stats    ]   CSR: VM Strong Roots               51 us, workers (us):  49,   2,   0, ---, ---, ---, 
[2026-04-03T06:50:02.504+0600][26.642s][info][gc,stats    ]   CSR: CLDG Roots                  1772 us, workers (us): 1772, ---, ---, ---, ---, ---, 
[2026-04-03T06:50:02.504+0600][26.642s][info][gc,stats    ] Concurrent Evacuation             18460 us
[2026-04-03T06:50:02.504+0600][26.642s][info][gc,stats    ] Pause Init Update Refs (G)          373 us
[2026-04-03T06:50:02.504+0600][26.642s][info][gc,stats    ] Pause Init Update Refs (N)          168 us
[2026-04-03T06:50:02.504+0600][26.642s][info][gc,stats    ]   Manage GCLABs                      29 us
[2026-04-03T06:50:02.504+0600][26.642s][info][gc,stats    ] Concurrent Update Refs            46436 us
[2026-04-03T06:50:02.504+0600][26.642s][info][gc,stats    ] Concurrent Update Thread Roots     1220 us
[2026-04-03T06:50:02.504+0600][26.642s][info][gc,stats    ] Pause Final Update Refs (G)         357 us
[2026-04-03T06:50:02.504+0600][26.642s][info][gc,stats    ] Pause Final Update Refs (N)         197 us
[2026-04-03T06:50:02.504+0600][26.642s][info][gc,stats    ]   Update Region States               61 us
[2026-04-03T06:50:02.504+0600][26.642s][info][gc,stats    ]   Trash Collection Set               11 us
[2026-04-03T06:50:02.504+0600][26.642s][info][gc,stats    ]   Rebuild Free Set                   44 us
[2026-04-03T06:50:02.504+0600][26.642s][info][gc,stats    ] Concurrent Cleanup                  741 us
[2026-04-03T06:50:02.504+0600][26.642s][info][gc,stats    ] 
[2026-04-03T06:50:02.504+0600][26.642s][info][gc,stats    ] Allocation pacing accrued:
[2026-04-03T06:50:02.504+0600][26.642s][info][gc,stats    ]       0 of  2021 ms (  0.0%): <total>
[2026-04-03T06:50:02.504+0600][26.642s][info][gc,stats    ]       0 of  2021 ms (  0.0%): <average total>
[2026-04-03T06:50:02.504+0600][26.642s][info][gc,stats    ] 
[2026-04-03T06:50:02.504+0600][26.642s][info][gc,metaspace] Metaspace: 123005K(124160K)->122949K(124160K) NonClass: 107178K(107776K)->107151K(107776K) Class: 15826K(16384K)->15797K(16384K)
[2026-04-03T06:50:02.504+0600][26.642s][info][gc,ergo     ] Pacer for Idle. Initial: 80302K, Alloc Tax Rate: 1.0x
[2026-04-03T06:50:05.450+0600][29.587s][info][gc          ] Trigger: Learning 3 of 5. Free (2742M) is below initial threshold (2744M)
[2026-04-03T06:50:05.450+0600][29.588s][info][gc,ergo     ] Free: 2742M, Max: 1024K regular, 2693M humongous, Frag: 2% external, 0% internal; Reserve: 197M, Max: 1024K
[2026-04-03T06:50:05.450+0600][29.588s][info][gc,start    ] GC(7) Concurrent reset
[2026-04-03T06:50:05.450+0600][29.588s][info][gc,task     ] GC(7) Using 3 of 6 workers for concurrent reset
[2026-04-03T06:50:05.450+0600][29.588s][info][gc,ergo     ] GC(7) Pacer for Reset. Non-Taxable: 3921M
[2026-04-03T06:50:05.456+0600][29.593s][info][gc          ] GC(7) Concurrent reset 5.564ms
[2026-04-03T06:50:05.456+0600][29.594s][info][gc,start    ] GC(7) Pause Init Mark (unload classes)
[2026-04-03T06:50:05.456+0600][29.594s][info][gc,task     ] GC(7) Using 6 of 6 workers for init marking
[2026-04-03T06:50:05.457+0600][29.594s][info][gc,ergo     ] GC(7) Pacer for Mark. Expected Live: 59675K, Free: 2735M, Non-Taxable: 273M, Alloc Tax Rate: 0.0x
[2026-04-03T06:50:05.457+0600][29.594s][info][gc          ] GC(7) Pause Init Mark (unload classes) 0.250ms
[2026-04-03T06:50:05.457+0600][29.594s][info][gc,start    ] GC(7) Concurrent marking roots
[2026-04-03T06:50:05.457+0600][29.594s][info][gc,task     ] GC(7) Using 3 of 6 workers for concurrent marking roots
[2026-04-03T06:50:05.462+0600][29.599s][info][gc          ] GC(7) Concurrent marking roots 4.850ms
[2026-04-03T06:50:05.462+0600][29.599s][info][gc,start    ] GC(7) Concurrent marking (unload classes)
[2026-04-03T06:50:05.462+0600][29.599s][info][gc,task     ] GC(7) Using 3 of 6 workers for concurrent marking
[2026-04-03T06:50:05.549+0600][29.687s][info][gc          ] GC(7) Concurrent marking (unload classes) 87.634ms
[2026-04-03T06:50:05.551+0600][29.689s][info][gc,start    ] GC(7) Pause Final Mark (unload classes)
[2026-04-03T06:50:05.552+0600][29.689s][info][gc,task     ] GC(7) Using 6 of 6 workers for final marking
[2026-04-03T06:50:05.552+0600][29.690s][info][gc,ergo     ] GC(7) Adaptive CSet Selection. Target Free: 555M, Actual Free: 3244M, Max CSet: 163M, Min Garbage: 0B
[2026-04-03T06:50:05.552+0600][29.690s][info][gc,ergo     ] GC(7) Collectable Garbage: 767M (99%), Immediate: 360M (46%), CSet: 407M (52%)
[2026-04-03T06:50:05.553+0600][29.690s][info][gc,ergo     ] GC(7) Pacer for Evacuation. Used CSet: 413M, Free: 3177M, Non-Taxable: 317M, Alloc Tax Rate: 1.1x
[2026-04-03T06:50:05.553+0600][29.690s][info][gc          ] GC(7) Pause Final Mark (unload classes) 1.123ms
[2026-04-03T06:50:05.553+0600][29.690s][info][gc,start    ] GC(7) Concurrent thread roots
[2026-04-03T06:50:05.553+0600][29.690s][info][gc,task     ] GC(7) Using 3 of 6 workers for Concurrent thread roots
[2026-04-03T06:50:05.554+0600][29.692s][info][gc          ] GC(7) Concurrent thread roots 1.700ms
[2026-04-03T06:50:05.555+0600][29.692s][info][gc,start    ] GC(7) Concurrent weak references
[2026-04-03T06:50:05.555+0600][29.692s][info][gc,task     ] GC(7) Using 3 of 6 workers for concurrent weak references
[2026-04-03T06:50:05.555+0600][29.693s][info][gc,ref      ] GC(7) Encountered references: Soft: 3752, Weak: 15416, Final: 84, Phantom: 621
[2026-04-03T06:50:05.555+0600][29.693s][info][gc,ref      ] GC(7) Discovered  references: Soft: 0, Weak: 3828, Final: 0, Phantom: 596
[2026-04-03T06:50:05.555+0600][29.693s][info][gc,ref      ] GC(7) Enqueued    references: Soft: 0, Weak: 766, Final: 0, Phantom: 0
[2026-04-03T06:50:05.555+0600][29.693s][info][gc          ] GC(7) Concurrent weak references 0.944ms
[2026-04-03T06:50:05.556+0600][29.693s][info][gc,start    ] GC(7) Concurrent weak roots
[2026-04-03T06:50:05.556+0600][29.693s][info][gc,task     ] GC(7) Using 3 of 6 workers for concurrent weak root
[2026-04-03T06:50:05.568+0600][29.705s][info][gc          ] GC(7) Concurrent weak roots 12.073ms
[2026-04-03T06:50:05.568+0600][29.705s][info][gc,start    ] GC(7) Concurrent cleanup
[2026-04-03T06:50:05.569+0600][29.706s][info][gc          ] GC(7) Concurrent cleanup 904M->545M(1049M) 0.891ms
[2026-04-03T06:50:05.569+0600][29.706s][info][gc,ergo     ] GC(7) Free: 3169M, Max: 1024K regular, 2680M humongous, Frag: 16% external, 0% internal; Reserve: 195M, Max: 1024K
[2026-04-03T06:50:05.569+0600][29.706s][info][gc,start    ] GC(7) Concurrent class unloading
[2026-04-03T06:50:05.569+0600][29.706s][info][gc,task     ] GC(7) Using 3 of 6 workers for concurrent class unloading
[2026-04-03T06:50:05.646+0600][29.784s][info][gc          ] GC(7) Concurrent class unloading 77.617ms
[2026-04-03T06:50:05.646+0600][29.784s][info][gc,start    ] GC(7) Concurrent strong roots
[2026-04-03T06:50:05.646+0600][29.784s][info][gc,task     ] GC(7) Using 3 of 6 workers for concurrent strong root
[2026-04-03T06:50:05.648+0600][29.785s][info][gc          ] GC(7) Concurrent strong roots 1.152ms
[2026-04-03T06:50:05.648+0600][29.785s][info][gc,start    ] GC(7) Concurrent evacuation
[2026-04-03T06:50:05.648+0600][29.785s][info][gc,task     ] GC(7) Using 3 of 6 workers for concurrent evacuation
[2026-04-03T06:50:05.669+0600][29.807s][info][gc          ] GC(7) Concurrent evacuation 21.501ms
[2026-04-03T06:50:05.670+0600][29.808s][info][gc,start    ] GC(7) Pause Init Update Refs
[2026-04-03T06:50:05.671+0600][29.808s][info][gc,ergo     ] GC(7) Pacer for Update Refs. Used: 621M, Free: 3093M, Non-Taxable: 309M, Alloc Tax Rate: 1.1x
[2026-04-03T06:50:05.671+0600][29.808s][info][gc          ] GC(7) Pause Init Update Refs 0.109ms
[2026-04-03T06:50:05.674+0600][29.812s][info][gc,start    ] GC(7) Concurrent update references
[2026-04-03T06:50:05.674+0600][29.812s][info][gc,task     ] GC(7) Using 3 of 6 workers for concurrent reference update
[2026-04-03T06:50:05.726+0600][29.863s][info][gc          ] GC(7) Concurrent update references 51.382ms
[2026-04-03T06:50:05.726+0600][29.863s][info][gc,start    ] GC(7) Concurrent update thread roots
[2026-04-03T06:50:05.729+0600][29.867s][info][gc          ] GC(7) Concurrent update thread roots 3.356ms
[2026-04-03T06:50:05.732+0600][29.869s][info][gc,start    ] GC(7) Pause Final Update Refs
[2026-04-03T06:50:05.732+0600][29.869s][info][gc,task     ] GC(7) Using 6 of 6 workers for final reference update
[2026-04-03T06:50:05.732+0600][29.869s][info][gc          ] GC(7) Pause Final Update Refs 0.309ms
[2026-04-03T06:50:05.735+0600][29.873s][info][gc,start    ] GC(7) Concurrent cleanup
[2026-04-03T06:50:05.736+0600][29.874s][info][gc          ] GC(7) Concurrent cleanup 655M->246M(1055M) 0.946ms
[2026-04-03T06:50:05.736+0600][29.874s][info][gc,ergo     ] Free: 3456M, Max: 1024K regular, 2676M humongous, Frag: 23% external, 0% internal; Reserve: 197M, Max: 1024K
[2026-04-03T06:50:05.736+0600][29.874s][info][gc,stats    ] 
[2026-04-03T06:50:05.736+0600][29.874s][info][gc,stats    ] All times are wall-clock times, except per-root-class counters, that are sum over
[2026-04-03T06:50:05.736+0600][29.874s][info][gc,stats    ] all workers. Dividing the <total> over the root stage time estimates parallelism.
[2026-04-03T06:50:05.737+0600][29.874s][info][gc,stats    ] 
[2026-04-03T06:50:05.737+0600][29.874s][info][gc,stats    ] Concurrent Reset                   5672 us
[2026-04-03T06:50:05.737+0600][29.874s][info][gc,stats    ] Pause Init Mark (G)                1051 us
[2026-04-03T06:50:05.737+0600][29.874s][info][gc,stats    ] Pause Init Mark (N)                 270 us
[2026-04-03T06:50:05.737+0600][29.874s][info][gc,stats    ]   Update Region States               77 us
[2026-04-03T06:50:05.737+0600][29.874s][info][gc,stats    ] Concurrent Mark Roots              4934 us, parallelism: 0.93x
[2026-04-03T06:50:05.737+0600][29.874s][info][gc,stats    ]   CMR: <total>                     4576 us
[2026-04-03T06:50:05.737+0600][29.874s][info][gc,stats    ]   CMR: Thread Roots                4003 us, workers (us): 3179, 824,   0, ---, ---, ---, 
[2026-04-03T06:50:05.737+0600][29.874s][info][gc,stats    ]   CMR: VM Strong Roots              113 us, workers (us): 110,   2,   1, ---, ---, ---, 
[2026-04-03T06:50:05.737+0600][29.874s][info][gc,stats    ]   CMR: CLDG Roots                   460 us, workers (us): 460, ---, ---, ---, ---, ---, 
[2026-04-03T06:50:05.737+0600][29.874s][info][gc,stats    ] Concurrent Marking                87801 us
[2026-04-03T06:50:05.737+0600][29.874s][info][gc,stats    ] Pause Final Mark (G)               3178 us
[2026-04-03T06:50:05.737+0600][29.874s][info][gc,stats    ] Pause Final Mark (N)               1141 us
[2026-04-03T06:50:05.737+0600][29.874s][info][gc,stats    ]   Finish Mark                       315 us
[2026-04-03T06:50:05.737+0600][29.874s][info][gc,stats    ]   Update Region States               81 us
[2026-04-03T06:50:05.737+0600][29.874s][info][gc,stats    ]   Choose Collection Set             417 us
[2026-04-03T06:50:05.737+0600][29.874s][info][gc,stats    ]   Rebuild Free Set                   68 us
[2026-04-03T06:50:05.737+0600][29.874s][info][gc,stats    ] Concurrent Thread Roots            1813 us, parallelism: 2.41x
[2026-04-03T06:50:05.737+0600][29.874s][info][gc,stats    ]   CTR: <total>                     4374 us
[2026-04-03T06:50:05.737+0600][29.874s][info][gc,stats    ]   CTR: Thread Roots                4374 us, workers (us): 1494, 1455, 1425, ---, ---, ---, 
[2026-04-03T06:50:05.737+0600][29.874s][info][gc,stats    ] Concurrent Weak References          967 us, parallelism: 0.93x
[2026-04-03T06:50:05.737+0600][29.874s][info][gc,stats    ]   CWRF: <total>                     904 us
[2026-04-03T06:50:05.737+0600][29.874s][info][gc,stats    ]   CWRF: Weak References             904 us, workers (us): 637, 265,   2, ---, ---, ---, 
[2026-04-03T06:50:05.737+0600][29.874s][info][gc,stats    ] Concurrent Weak Roots             12176 us
[2026-04-03T06:50:05.737+0600][29.874s][info][gc,stats    ]   Roots                            9816 us, parallelism: 2.77x
[2026-04-03T06:50:05.737+0600][29.874s][info][gc,stats    ]     CWR: <total>                  27234 us
[2026-04-03T06:50:05.737+0600][29.874s][info][gc,stats    ]     CWR: Code Cache Roots         21339 us, workers (us): 7341, 7129, 6869, ---, ---, ---, 
[2026-04-03T06:50:05.737+0600][29.875s][info][gc,stats    ]     CWR: VM Weak Roots             5599 us, workers (us): 2039, 1956, 1604, ---, ---, ---, 
[2026-04-03T06:50:05.737+0600][29.875s][info][gc,stats    ]     CWR: CLDG Roots                 296 us, workers (us): ---, 296, ---, ---, ---, ---, 
[2026-04-03T06:50:05.737+0600][29.875s][info][gc,stats    ]   Rendezvous                       2216 us
[2026-04-03T06:50:05.737+0600][29.875s][info][gc,stats    ] Concurrent Cleanup                  938 us
[2026-04-03T06:50:05.737+0600][29.875s][info][gc,stats    ] Concurrent Class Unloading        77739 us
[2026-04-03T06:50:05.737+0600][29.875s][info][gc,stats    ]   Unlink Stale                    54956 us
[2026-04-03T06:50:05.737+0600][29.875s][info][gc,stats    ]     System Dictionary               785 us
[2026-04-03T06:50:05.737+0600][29.875s][info][gc,stats    ]     Weak Class Links              39099 us
[2026-04-03T06:50:05.737+0600][29.875s][info][gc,stats    ]     Code Roots                    15066 us
[2026-04-03T06:50:05.737+0600][29.875s][info][gc,stats    ]   Rendezvous                        401 us
[2026-04-03T06:50:05.737+0600][29.875s][info][gc,stats    ]   Purge Unlinked                  22206 us
[2026-04-03T06:50:05.737+0600][29.875s][info][gc,stats    ]     Code Roots                    21647 us
[2026-04-03T06:50:05.737+0600][29.875s][info][gc,stats    ]     CLDG                            557 us
[2026-04-03T06:50:05.737+0600][29.875s][info][gc,stats    ]     Exception Caches                  0 us
[2026-04-03T06:50:05.737+0600][29.875s][info][gc,stats    ] Concurrent Strong Roots            1251 us, parallelism: 0.68x
[2026-04-03T06:50:05.737+0600][29.875s][info][gc,stats    ]   CSR: <total>                      849 us
[2026-04-03T06:50:05.737+0600][29.875s][info][gc,stats    ]   CSR: VM Strong Roots               75 us, workers (us):  25,  24,  25, ---, ---, ---, 
[2026-04-03T06:50:05.737+0600][29.875s][info][gc,stats    ]   CSR: CLDG Roots                   774 us, workers (us): 774, ---, ---, ---, ---, ---, 
[2026-04-03T06:50:05.737+0600][29.875s][info][gc,stats    ] Concurrent Evacuation             21659 us
[2026-04-03T06:50:05.737+0600][29.875s][info][gc,stats    ] Pause Init Update Refs (G)         4869 us
[2026-04-03T06:50:05.737+0600][29.875s][info][gc,stats    ] Pause Init Update Refs (N)          125 us
[2026-04-03T06:50:05.737+0600][29.875s][info][gc,stats    ]   Manage GCLABs                      36 us
[2026-04-03T06:50:05.737+0600][29.875s][info][gc,stats    ] Concurrent Update Refs            51502 us
[2026-04-03T06:50:05.737+0600][29.875s][info][gc,stats    ] Concurrent Update Thread Roots     3474 us
[2026-04-03T06:50:05.737+0600][29.875s][info][gc,stats    ] Pause Final Update Refs (G)        6022 us
[2026-04-03T06:50:05.737+0600][29.875s][info][gc,stats    ] Pause Final Update Refs (N)         396 us
[2026-04-03T06:50:05.737+0600][29.875s][info][gc,stats    ]   Update Region States               90 us
[2026-04-03T06:50:05.737+0600][29.875s][info][gc,stats    ]   Trash Collection Set               23 us
[2026-04-03T06:50:05.737+0600][29.875s][info][gc,stats    ]   Rebuild Free Set                   55 us
[2026-04-03T06:50:05.737+0600][29.875s][info][gc,stats    ] Concurrent Cleanup                 1033 us
[2026-04-03T06:50:05.737+0600][29.875s][info][gc,stats    ] 
[2026-04-03T06:50:05.737+0600][29.875s][info][gc,stats    ] Allocation pacing accrued:
[2026-04-03T06:50:05.737+0600][29.875s][info][gc,stats    ]       0 of  3233 ms (  0.0%): <total>
[2026-04-03T06:50:05.737+0600][29.875s][info][gc,stats    ]       0 of  3233 ms (  0.0%): <average total>
[2026-04-03T06:50:05.738+0600][29.875s][info][gc,stats    ] 
[2026-04-03T06:50:05.738+0600][29.875s][info][gc,metaspace] Metaspace: 127670K(128896K)->127579K(129024K) NonClass: 111349K(112000K)->111317K(112128K) Class: 16321K(16896K)->16262K(16896K)
[2026-04-03T06:50:05.738+0600][29.875s][info][gc,ergo     ] Pacer for Idle. Initial: 80302K, Alloc Tax Rate: 1.0x
[2026-04-03T06:50:06.973+0600][31.110s][info][gc          ] Trigger: Learning 4 of 5. Free (2744M) is below initial threshold (2744M)
[2026-04-03T06:50:06.973+0600][31.111s][info][gc,ergo     ] Free: 2744M, Max: 1024K regular, 2676M humongous, Frag: 3% external, 0% internal; Reserve: 197M, Max: 1024K
[2026-04-03T06:50:06.973+0600][31.111s][info][gc,start    ] GC(8) Concurrent reset
[2026-04-03T06:50:06.973+0600][31.111s][info][gc,task     ] GC(8) Using 3 of 6 workers for concurrent reset
[2026-04-03T06:50:06.973+0600][31.111s][info][gc,ergo     ] GC(8) Pacer for Reset. Non-Taxable: 3921M
[2026-04-03T06:50:06.980+0600][31.117s][info][gc          ] GC(8) Concurrent reset 6.881ms
[2026-04-03T06:50:06.980+0600][31.118s][info][gc,start    ] GC(8) Pause Init Mark (unload classes)
[2026-04-03T06:50:06.980+0600][31.118s][info][gc,task     ] GC(8) Using 6 of 6 workers for init marking
[2026-04-03T06:50:06.980+0600][31.118s][info][gc,ergo     ] GC(8) Pacer for Mark. Expected Live: 70160K, Free: 2743M, Non-Taxable: 274M, Alloc Tax Rate: 0.0x
[2026-04-03T06:50:06.981+0600][31.118s][info][gc          ] GC(8) Pause Init Mark (unload classes) 0.156ms
[2026-04-03T06:50:06.981+0600][31.118s][info][gc,start    ] GC(8) Concurrent marking roots
[2026-04-03T06:50:06.981+0600][31.118s][info][gc,task     ] GC(8) Using 3 of 6 workers for concurrent marking roots
[2026-04-03T06:50:06.982+0600][31.120s][info][gc          ] GC(8) Concurrent marking roots 1.881ms
[2026-04-03T06:50:06.983+0600][31.120s][info][gc,start    ] GC(8) Concurrent marking (unload classes)
[2026-04-03T06:50:06.983+0600][31.120s][info][gc,task     ] GC(8) Using 3 of 6 workers for concurrent marking
[2026-04-03T06:50:07.031+0600][31.169s][info][gc          ] GC(8) Concurrent marking (unload classes) 48.622ms
[2026-04-03T06:50:07.032+0600][31.169s][info][gc,start    ] GC(8) Pause Final Mark (unload classes)
[2026-04-03T06:50:07.032+0600][31.169s][info][gc,task     ] GC(8) Using 6 of 6 workers for final marking
[2026-04-03T06:50:07.032+0600][31.170s][info][gc,ergo     ] GC(8) Adaptive CSet Selection. Target Free: 555M, Actual Free: 3335M, Max CSet: 163M, Min Garbage: 0B
[2026-04-03T06:50:07.032+0600][31.170s][info][gc,ergo     ] GC(8) Collectable Garbage: 774M (98%), Immediate: 408M (52%), CSet: 365M (46%)
[2026-04-03T06:50:07.032+0600][31.170s][info][gc,ergo     ] GC(8) Pacer for Evacuation. Used CSet: 371M, Free: 3257M, Non-Taxable: 325M, Alloc Tax Rate: 1.1x
[2026-04-03T06:50:07.032+0600][31.170s][info][gc          ] GC(8) Pause Final Mark (unload classes) 0.910ms
[2026-04-03T06:50:07.033+0600][31.170s][info][gc,start    ] GC(8) Concurrent thread roots
[2026-04-03T06:50:07.033+0600][31.170s][info][gc,task     ] GC(8) Using 3 of 6 workers for Concurrent thread roots
[2026-04-03T06:50:07.034+0600][31.172s][info][gc          ] GC(8) Concurrent thread roots 1.417ms
[2026-04-03T06:50:07.034+0600][31.172s][info][gc,start    ] GC(8) Concurrent weak references
[2026-04-03T06:50:07.034+0600][31.172s][info][gc,task     ] GC(8) Using 3 of 6 workers for concurrent weak references
[2026-04-03T06:50:07.036+0600][31.173s][info][gc,ref      ] GC(8) Encountered references: Soft: 3747, Weak: 15751, Final: 84, Phantom: 621
[2026-04-03T06:50:07.036+0600][31.173s][info][gc,ref      ] GC(8) Discovered  references: Soft: 0, Weak: 9837, Final: 0, Phantom: 616
[2026-04-03T06:50:07.036+0600][31.173s][info][gc,ref      ] GC(8) Enqueued    references: Soft: 0, Weak: 1671, Final: 0, Phantom: 0
[2026-04-03T06:50:07.036+0600][31.173s][info][gc          ] GC(8) Concurrent weak references 1.592ms
[2026-04-03T06:50:07.036+0600][31.173s][info][gc,start    ] GC(8) Concurrent weak roots
[2026-04-03T06:50:07.036+0600][31.173s][info][gc,task     ] GC(8) Using 3 of 6 workers for concurrent weak root
[2026-04-03T06:50:07.040+0600][31.178s][info][gc          ] GC(8) Concurrent weak roots 4.725ms
[2026-04-03T06:50:07.041+0600][31.178s][info][gc,start    ] GC(8) Concurrent cleanup
[2026-04-03T06:50:07.041+0600][31.179s][info][gc          ] GC(8) Concurrent cleanup 879M->471M(1055M) 0.761ms
[2026-04-03T06:50:07.042+0600][31.179s][info][gc,ergo     ] GC(8) Free: 3250M, Max: 1024K regular, 2677M humongous, Frag: 18% external, 0% internal; Reserve: 196M, Max: 1024K
[2026-04-03T06:50:07.042+0600][31.179s][info][gc,start    ] GC(8) Concurrent class unloading
[2026-04-03T06:50:07.042+0600][31.179s][info][gc,task     ] GC(8) Using 3 of 6 workers for concurrent class unloading
[2026-04-03T06:50:07.066+0600][31.203s][info][gc          ] GC(8) Concurrent class unloading 24.120ms
[2026-04-03T06:50:07.066+0600][31.203s][info][gc,start    ] GC(8) Concurrent strong roots
[2026-04-03T06:50:07.066+0600][31.203s][info][gc,task     ] GC(8) Using 3 of 6 workers for concurrent strong root
[2026-04-03T06:50:07.067+0600][31.204s][info][gc          ] GC(8) Concurrent strong roots 1.068ms
[2026-04-03T06:50:07.067+0600][31.204s][info][gc,start    ] GC(8) Concurrent evacuation
[2026-04-03T06:50:07.067+0600][31.204s][info][gc,task     ] GC(8) Using 3 of 6 workers for concurrent evacuation
[2026-04-03T06:50:07.072+0600][31.210s][info][gc          ] GC(8) Concurrent evacuation 5.056ms
[2026-04-03T06:50:07.072+0600][31.210s][info][gc,start    ] GC(8) Pause Init Update Refs
[2026-04-03T06:50:07.072+0600][31.210s][info][gc,ergo     ] GC(8) Pacer for Update Refs. Used: 511M, Free: 3216M, Non-Taxable: 321M, Alloc Tax Rate: 1.1x
[2026-04-03T06:50:07.073+0600][31.210s][info][gc          ] GC(8) Pause Init Update Refs 0.114ms
[2026-04-03T06:50:07.073+0600][31.210s][info][gc,start    ] GC(8) Concurrent update references
[2026-04-03T06:50:07.073+0600][31.210s][info][gc,task     ] GC(8) Using 3 of 6 workers for concurrent reference update
[2026-04-03T06:50:07.135+0600][31.273s][info][gc          ] GC(8) Concurrent update references 62.486ms
[2026-04-03T06:50:07.135+0600][31.273s][info][gc,start    ] GC(8) Concurrent update thread roots
[2026-04-03T06:50:07.137+0600][31.275s][info][gc          ] GC(8) Concurrent update thread roots 2.005ms
[2026-04-03T06:50:07.138+0600][31.275s][info][gc,start    ] GC(8) Pause Final Update Refs
[2026-04-03T06:50:07.138+0600][31.275s][info][gc,task     ] GC(8) Using 6 of 6 workers for final reference update
[2026-04-03T06:50:07.138+0600][31.275s][info][gc          ] GC(8) Pause Final Update Refs 0.241ms
[2026-04-03T06:50:07.138+0600][31.276s][info][gc,start    ] GC(8) Concurrent cleanup
[2026-04-03T06:50:07.138+0600][31.276s][info][gc          ] GC(8) Concurrent cleanup 559M->188M(1055M) 0.357ms
[2026-04-03T06:50:07.139+0600][31.276s][info][gc,ergo     ] Free: 3525M, Max: 1024K regular, 2781M humongous, Frag: 22% external, 0% internal; Reserve: 197M, Max: 1024K
[2026-04-03T06:50:07.139+0600][31.276s][info][gc,stats    ] 
[2026-04-03T06:50:07.139+0600][31.276s][info][gc,stats    ] All times are wall-clock times, except per-root-class counters, that are sum over
[2026-04-03T06:50:07.139+0600][31.276s][info][gc,stats    ] all workers. Dividing the <total> over the root stage time estimates parallelism.
[2026-04-03T06:50:07.139+0600][31.276s][info][gc,stats    ] 
[2026-04-03T06:50:07.139+0600][31.276s][info][gc,stats    ] Concurrent Reset                   6972 us
[2026-04-03T06:50:07.139+0600][31.276s][info][gc,stats    ] Pause Init Mark (G)                 589 us
[2026-04-03T06:50:07.139+0600][31.276s][info][gc,stats    ] Pause Init Mark (N)                 170 us
[2026-04-03T06:50:07.139+0600][31.276s][info][gc,stats    ]   Update Region States               37 us
[2026-04-03T06:50:07.139+0600][31.276s][info][gc,stats    ] Concurrent Mark Roots              1944 us, parallelism: 2.16x
[2026-04-03T06:50:07.139+0600][31.276s][info][gc,stats    ]   CMR: <total>                     4198 us
[2026-04-03T06:50:07.139+0600][31.276s][info][gc,stats    ]   CMR: Thread Roots                3704 us, workers (us): 1320, 1102, 1282, ---, ---, ---, 
[2026-04-03T06:50:07.139+0600][31.276s][info][gc,stats    ]   CMR: VM Strong Roots              285 us, workers (us): 115,  84,  86, ---, ---, ---, 
[2026-04-03T06:50:07.139+0600][31.276s][info][gc,stats    ]   CMR: CLDG Roots                   209 us, workers (us): ---, 209, ---, ---, ---, ---, 
[2026-04-03T06:50:07.139+0600][31.276s][info][gc,stats    ] Concurrent Marking                48752 us
[2026-04-03T06:50:07.139+0600][31.276s][info][gc,stats    ] Pause Final Mark (G)               1304 us
[2026-04-03T06:50:07.139+0600][31.276s][info][gc,stats    ] Pause Final Mark (N)                931 us
[2026-04-03T06:50:07.139+0600][31.276s][info][gc,stats    ]   Finish Mark                       251 us
[2026-04-03T06:50:07.139+0600][31.276s][info][gc,stats    ]   Update Region States               56 us
[2026-04-03T06:50:07.139+0600][31.276s][info][gc,stats    ]   Choose Collection Set             247 us
[2026-04-03T06:50:07.139+0600][31.276s][info][gc,stats    ]   Rebuild Free Set                   63 us
[2026-04-03T06:50:07.139+0600][31.276s][info][gc,stats    ] Concurrent Thread Roots            1479 us, parallelism: 2.24x
[2026-04-03T06:50:07.139+0600][31.276s][info][gc,stats    ]   CTR: <total>                     3310 us
[2026-04-03T06:50:07.139+0600][31.276s][info][gc,stats    ]   CTR: Thread Roots                3310 us, workers (us): 1104, 1101, 1104, ---, ---, ---, 
[2026-04-03T06:50:07.139+0600][31.276s][info][gc,stats    ] Concurrent Weak References         1610 us, parallelism: 1.08x
[2026-04-03T06:50:07.139+0600][31.277s][info][gc,stats    ]   CWRF: <total>                    1732 us
[2026-04-03T06:50:07.139+0600][31.277s][info][gc,stats    ]   CWRF: Weak References            1732 us, workers (us): 336,  72, 1324, ---, ---, ---, 
[2026-04-03T06:50:07.139+0600][31.277s][info][gc,stats    ] Concurrent Weak Roots              4828 us
[2026-04-03T06:50:07.139+0600][31.277s][info][gc,stats    ]   Roots                            4309 us, parallelism: 2.63x
[2026-04-03T06:50:07.139+0600][31.277s][info][gc,stats    ]     CWR: <total>                  11345 us
[2026-04-03T06:50:07.139+0600][31.277s][info][gc,stats    ]     CWR: Code Cache Roots          8602 us, workers (us): 3007, 2612, 2984, ---, ---, ---, 
[2026-04-03T06:50:07.139+0600][31.277s][info][gc,stats    ]     CWR: VM Weak Roots             2590 us, workers (us): 879, 867, 844, ---, ---, ---, 
[2026-04-03T06:50:07.139+0600][31.277s][info][gc,stats    ]     CWR: CLDG Roots                 154 us, workers (us): ---, 154, ---, ---, ---, ---, 
[2026-04-03T06:50:07.139+0600][31.277s][info][gc,stats    ]   Rendezvous                        383 us
[2026-04-03T06:50:07.139+0600][31.277s][info][gc,stats    ] Concurrent Cleanup                  894 us
[2026-04-03T06:50:07.139+0600][31.277s][info][gc,stats    ] Concurrent Class Unloading        24239 us
[2026-04-03T06:50:07.139+0600][31.277s][info][gc,stats    ]   Unlink Stale                    13412 us
[2026-04-03T06:50:07.139+0600][31.277s][info][gc,stats    ]     System Dictionary               401 us
[2026-04-03T06:50:07.139+0600][31.277s][info][gc,stats    ]     Weak Class Links                  1 us
[2026-04-03T06:50:07.139+0600][31.277s][info][gc,stats    ]     Code Roots                    13005 us
[2026-04-03T06:50:07.139+0600][31.277s][info][gc,stats    ]   Rendezvous                        508 us
[2026-04-03T06:50:07.139+0600][31.277s][info][gc,stats    ]   Purge Unlinked                  10144 us
[2026-04-03T06:50:07.139+0600][31.277s][info][gc,stats    ]     Code Roots                    10112 us
[2026-04-03T06:50:07.139+0600][31.277s][info][gc,stats    ]     CLDG                             31 us
[2026-04-03T06:50:07.139+0600][31.277s][info][gc,stats    ]     Exception Caches                  0 us
[2026-04-03T06:50:07.139+0600][31.277s][info][gc,stats    ] Concurrent Strong Roots            1126 us, parallelism: 0.62x
[2026-04-03T06:50:07.139+0600][31.277s][info][gc,stats    ]   CSR: <total>                      702 us
[2026-04-03T06:50:07.139+0600][31.277s][info][gc,stats    ]   CSR: VM Strong Roots               82 us, workers (us):  37,  42,   3, ---, ---, ---, 
[2026-04-03T06:50:07.139+0600][31.277s][info][gc,stats    ]   CSR: CLDG Roots                   620 us, workers (us): 620, ---, ---, ---, ---, ---, 
[2026-04-03T06:50:07.139+0600][31.277s][info][gc,stats    ] Concurrent Evacuation              5193 us
[2026-04-03T06:50:07.139+0600][31.277s][info][gc,stats    ] Pause Init Update Refs (G)          500 us
[2026-04-03T06:50:07.139+0600][31.277s][info][gc,stats    ] Pause Init Update Refs (N)          132 us
[2026-04-03T06:50:07.139+0600][31.277s][info][gc,stats    ]   Manage GCLABs                      50 us
[2026-04-03T06:50:07.139+0600][31.277s][info][gc,stats    ] Concurrent Update Refs            62652 us
[2026-04-03T06:50:07.139+0600][31.277s][info][gc,stats    ] Concurrent Update Thread Roots     2129 us
[2026-04-03T06:50:07.139+0600][31.277s][info][gc,stats    ] Pause Final Update Refs (G)         597 us
[2026-04-03T06:50:07.139+0600][31.277s][info][gc,stats    ] Pause Final Update Refs (N)         274 us
[2026-04-03T06:50:07.139+0600][31.277s][info][gc,stats    ]   Update Region States               85 us
[2026-04-03T06:50:07.139+0600][31.277s][info][gc,stats    ]   Trash Collection Set               23 us
[2026-04-03T06:50:07.140+0600][31.277s][info][gc,stats    ]   Rebuild Free Set                   53 us
[2026-04-03T06:50:07.140+0600][31.277s][info][gc,stats    ] Concurrent Cleanup                  396 us
[2026-04-03T06:50:07.140+0600][31.277s][info][gc,stats    ] 
[2026-04-03T06:50:07.140+0600][31.277s][info][gc,stats    ] Allocation pacing accrued:
[2026-04-03T06:50:07.140+0600][31.277s][info][gc,stats    ]       0 of  1402 ms (  0.0%): <total>
[2026-04-03T06:50:07.140+0600][31.277s][info][gc,stats    ]       0 of  1402 ms (  0.0%): <average total>
[2026-04-03T06:50:07.140+0600][31.277s][info][gc,stats    ] 
[2026-04-03T06:50:07.140+0600][31.277s][info][gc,metaspace] Metaspace: 128206K(129472K)->128274K(129472K) NonClass: 111909K(112576K)->111965K(112576K) Class: 16296K(16896K)->16308K(16896K)
[2026-04-03T06:50:07.140+0600][31.277s][info][gc,ergo     ] Pacer for Idle. Initial: 80302K, Alloc Tax Rate: 1.0x
[2026-04-03T06:50:08.178+0600][32.316s][info][gc          ] Trigger: Learning 5 of 5. Free (2744M) is below initial threshold (2744M)
[2026-04-03T06:50:08.179+0600][32.316s][info][gc,ergo     ] Free: 2744M, Max: 1024K regular, 2743M humongous, Frag: 0% external, 0% internal; Reserve: 197M, Max: 1024K
[2026-04-03T06:50:08.179+0600][32.316s][info][gc,start    ] GC(9) Concurrent reset
[2026-04-03T06:50:08.179+0600][32.316s][info][gc,task     ] GC(9) Using 3 of 6 workers for concurrent reset
[2026-04-03T06:50:08.179+0600][32.316s][info][gc,ergo     ] GC(9) Pacer for Reset. Non-Taxable: 3921M
[2026-04-03T06:50:08.197+0600][32.335s][info][gc          ] GC(9) Concurrent reset 18.594ms
[2026-04-03T06:50:08.198+0600][32.335s][info][gc,start    ] GC(9) Pause Init Mark (unload classes)
[2026-04-03T06:50:08.198+0600][32.335s][info][gc,task     ] GC(9) Using 6 of 6 workers for init marking
[2026-04-03T06:50:08.198+0600][32.335s][info][gc,ergo     ] GC(9) Pacer for Mark. Expected Live: 77679K, Free: 2730M, Non-Taxable: 273M, Alloc Tax Rate: 0.0x
[2026-04-03T06:50:08.198+0600][32.335s][info][gc          ] GC(9) Pause Init Mark (unload classes) 0.147ms
[2026-04-03T06:50:08.199+0600][32.337s][info][gc,start    ] GC(9) Concurrent marking roots
[2026-04-03T06:50:08.199+0600][32.337s][info][gc,task     ] GC(9) Using 3 of 6 workers for concurrent marking roots
[2026-04-03T06:50:08.204+0600][32.341s][info][gc          ] GC(9) Concurrent marking roots 4.378ms
[2026-04-03T06:50:08.204+0600][32.341s][info][gc,start    ] GC(9) Concurrent marking (unload classes)
[2026-04-03T06:50:08.204+0600][32.341s][info][gc,task     ] GC(9) Using 3 of 6 workers for concurrent marking
[2026-04-03T06:50:08.260+0600][32.398s][info][gc          ] GC(9) Concurrent marking (unload classes) 56.720ms
[2026-04-03T06:50:08.261+0600][32.399s][info][gc,start    ] GC(9) Pause Final Mark (unload classes)
[2026-04-03T06:50:08.261+0600][32.399s][info][gc,task     ] GC(9) Using 6 of 6 workers for final marking
[2026-04-03T06:50:08.263+0600][32.400s][info][gc,ergo     ] GC(9) Adaptive CSet Selection. Target Free: 555M, Actual Free: 3400M, Max CSet: 163M, Min Garbage: 0B
[2026-04-03T06:50:08.263+0600][32.400s][info][gc,ergo     ] GC(9) Collectable Garbage: 746M (98%), Immediate: 511M (67%), CSet: 234M (31%)
[2026-04-03T06:50:08.263+0600][32.400s][info][gc,ergo     ] GC(9) Pacer for Evacuation. Used CSet: 240M, Free: 3361M, Non-Taxable: 336M, Alloc Tax Rate: 1.1x
[2026-04-03T06:50:08.263+0600][32.401s][info][gc          ] GC(9) Pause Final Mark (unload classes) 1.716ms
[2026-04-03T06:50:08.264+0600][32.401s][info][gc,start    ] GC(9) Concurrent thread roots
[2026-04-03T06:50:08.264+0600][32.401s][info][gc,task     ] GC(9) Using 3 of 6 workers for Concurrent thread roots
[2026-04-03T06:50:08.269+0600][32.407s][info][gc          ] GC(9) Concurrent thread roots 5.494ms
[2026-04-03T06:50:08.270+0600][32.407s][info][gc,start    ] GC(9) Concurrent weak references
[2026-04-03T06:50:08.270+0600][32.407s][info][gc,task     ] GC(9) Using 3 of 6 workers for concurrent weak references
[2026-04-03T06:50:08.271+0600][32.409s][info][gc,ref      ] GC(9) Encountered references: Soft: 3770, Weak: 15505, Final: 84, Phantom: 621
[2026-04-03T06:50:08.273+0600][32.411s][info][gc,ref      ] GC(9) Discovered  references: Soft: 0, Weak: 7155, Final: 0, Phantom: 218
[2026-04-03T06:50:08.273+0600][32.411s][info][gc,ref      ] GC(9) Enqueued    references: Soft: 0, Weak: 64, Final: 0, Phantom: 0
[2026-04-03T06:50:08.273+0600][32.411s][info][gc          ] GC(9) Concurrent weak references 3.750ms
[2026-04-03T06:50:08.273+0600][32.411s][info][gc,start    ] GC(9) Concurrent weak roots
[2026-04-03T06:50:08.273+0600][32.411s][info][gc,task     ] GC(9) Using 3 of 6 workers for concurrent weak root
[2026-04-03T06:50:08.286+0600][32.424s][info][gc          ] GC(9) Concurrent weak roots 12.913ms
[2026-04-03T06:50:08.288+0600][32.426s][info][gc,start    ] GC(9) Concurrent cleanup
[2026-04-03T06:50:08.294+0600][32.432s][info][gc          ] GC(9) Concurrent cleanup 881M->372M(1057M) 6.051ms
[2026-04-03T06:50:08.295+0600][32.432s][info][gc,ergo     ] GC(9) Free: 3343M, Max: 1024K regular, 2676M humongous, Frag: 20% external, 0% internal; Reserve: 196M, Max: 1024K
[2026-04-03T06:50:08.295+0600][32.432s][info][gc,start    ] GC(9) Concurrent class unloading
[2026-04-03T06:50:08.295+0600][32.432s][info][gc,task     ] GC(9) Using 3 of 6 workers for concurrent class unloading
[2026-04-03T06:50:08.348+0600][32.486s][info][gc          ] GC(9) Concurrent class unloading 53.802ms
[2026-04-03T06:50:08.349+0600][32.486s][info][gc,start    ] GC(9) Concurrent strong roots
[2026-04-03T06:50:08.349+0600][32.486s][info][gc,task     ] GC(9) Using 3 of 6 workers for concurrent strong root
[2026-04-03T06:50:08.350+0600][32.487s][info][gc          ] GC(9) Concurrent strong roots 1.298ms
[2026-04-03T06:50:08.350+0600][32.487s][info][gc,start    ] GC(9) Concurrent evacuation
[2026-04-03T06:50:08.350+0600][32.487s][info][gc,task     ] GC(9) Using 3 of 6 workers for concurrent evacuation
[2026-04-03T06:50:08.356+0600][32.494s][info][gc          ] GC(9) Concurrent evacuation 6.311ms
[2026-04-03T06:50:08.357+0600][32.494s][info][gc,start    ] GC(9) Pause Init Update Refs
[2026-04-03T06:50:08.357+0600][32.494s][info][gc,ergo     ] GC(9) Pacer for Update Refs. Used: 447M, Free: 3268M, Non-Taxable: 326M, Alloc Tax Rate: 1.1x
[2026-04-03T06:50:08.357+0600][32.494s][info][gc          ] GC(9) Pause Init Update Refs 0.209ms
[2026-04-03T06:50:08.357+0600][32.495s][info][gc,start    ] GC(9) Concurrent update references
[2026-04-03T06:50:08.357+0600][32.495s][info][gc,task     ] GC(9) Using 3 of 6 workers for concurrent reference update
[2026-04-03T06:50:08.399+0600][32.537s][info][gc          ] GC(9) Concurrent update references 42.112ms
[2026-04-03T06:50:08.400+0600][32.537s][info][gc,start    ] GC(9) Concurrent update thread roots
[2026-04-03T06:50:08.403+0600][32.541s][info][gc          ] GC(9) Concurrent update thread roots 3.523ms
[2026-04-03T06:50:08.404+0600][32.541s][info][gc,start    ] GC(9) Pause Final Update Refs
[2026-04-03T06:50:08.404+0600][32.541s][info][gc,task     ] GC(9) Using 6 of 6 workers for final reference update
[2026-04-03T06:50:08.404+0600][32.542s][info][gc          ] GC(9) Pause Final Update Refs 0.270ms
[2026-04-03T06:50:08.404+0600][32.542s][info][gc,start    ] GC(9) Concurrent cleanup
[2026-04-03T06:50:08.405+0600][32.542s][info][gc          ] GC(9) Concurrent cleanup 469M->228M(1057M) 0.444ms
[2026-04-03T06:50:08.405+0600][32.542s][info][gc,ergo     ] Free: 3478M, Max: 1024K regular, 2674M humongous, Frag: 24% external, 0% internal; Reserve: 197M, Max: 1024K
[2026-04-03T06:50:08.405+0600][32.542s][info][gc,stats    ] 
[2026-04-03T06:50:08.405+0600][32.542s][info][gc,stats    ] All times are wall-clock times, except per-root-class counters, that are sum over
[2026-04-03T06:50:08.405+0600][32.542s][info][gc,stats    ] all workers. Dividing the <total> over the root stage time estimates parallelism.
[2026-04-03T06:50:08.405+0600][32.542s][info][gc,stats    ] 
[2026-04-03T06:50:08.405+0600][32.542s][info][gc,stats    ] Concurrent Reset                  18780 us
[2026-04-03T06:50:08.405+0600][32.542s][info][gc,stats    ] Pause Init Mark (G)                1696 us
[2026-04-03T06:50:08.405+0600][32.542s][info][gc,stats    ] Pause Init Mark (N)                 159 us
[2026-04-03T06:50:08.405+0600][32.542s][info][gc,stats    ]   Update Region States               53 us
[2026-04-03T06:50:08.405+0600][32.542s][info][gc,stats    ] Concurrent Mark Roots              4505 us, parallelism: 1.88x
[2026-04-03T06:50:08.405+0600][32.543s][info][gc,stats    ]   CMR: <total>                     8464 us
[2026-04-03T06:50:08.405+0600][32.543s][info][gc,stats    ]   CMR: Thread Roots                7876 us, workers (us): 2723, 2805, 2348, ---, ---, ---, 
[2026-04-03T06:50:08.405+0600][32.543s][info][gc,stats    ]   CMR: VM Strong Roots               69 us, workers (us):  67,   1,   1, ---, ---, ---, 
[2026-04-03T06:50:08.405+0600][32.543s][info][gc,stats    ]   CMR: CLDG Roots                   518 us, workers (us): 518, ---, ---, ---, ---, ---, 
[2026-04-03T06:50:08.405+0600][32.543s][info][gc,stats    ] Concurrent Marking                56886 us
[2026-04-03T06:50:08.405+0600][32.543s][info][gc,stats    ] Pause Final Mark (G)               2872 us
[2026-04-03T06:50:08.405+0600][32.543s][info][gc,stats    ] Pause Final Mark (N)               1734 us
[2026-04-03T06:50:08.405+0600][32.543s][info][gc,stats    ]   Finish Mark                      1017 us
[2026-04-03T06:50:08.405+0600][32.543s][info][gc,stats    ]   Update Region States               80 us
[2026-04-03T06:50:08.405+0600][32.543s][info][gc,stats    ]   Choose Collection Set             260 us
[2026-04-03T06:50:08.405+0600][32.543s][info][gc,stats    ]   Rebuild Free Set                  121 us
[2026-04-03T06:50:08.405+0600][32.543s][info][gc,stats    ] Concurrent Thread Roots            6154 us, parallelism: 1.14x
[2026-04-03T06:50:08.405+0600][32.543s][info][gc,stats    ]   CTR: <total>                     6994 us
[2026-04-03T06:50:08.405+0600][32.543s][info][gc,stats    ]   CTR: Thread Roots                6994 us, workers (us): 4637, 1658, 699, ---, ---, ---, 
[2026-04-03T06:50:08.405+0600][32.543s][info][gc,stats    ] Concurrent Weak References         3777 us, parallelism: 0.42x
[2026-04-03T06:50:08.405+0600][32.543s][info][gc,stats    ]   CWRF: <total>                    1569 us
[2026-04-03T06:50:08.405+0600][32.543s][info][gc,stats    ]   CWRF: Weak References            1569 us, workers (us): 837, 732,   0, ---, ---, ---, 
[2026-04-03T06:50:08.405+0600][32.543s][info][gc,stats    ] Concurrent Weak Roots             14773 us
[2026-04-03T06:50:08.405+0600][32.543s][info][gc,stats    ]   Roots                           10347 us, parallelism: 2.80x
[2026-04-03T06:50:08.405+0600][32.543s][info][gc,stats    ]     CWR: <total>                  28976 us
[2026-04-03T06:50:08.405+0600][32.543s][info][gc,stats    ]     CWR: Code Cache Roots         19613 us, workers (us): 4539, 7403, 7670, ---, ---, ---, 
[2026-04-03T06:50:08.405+0600][32.543s][info][gc,stats    ]     CWR: VM Weak Roots             9131 us, workers (us): 5329, 2168, 1634, ---, ---, ---, 
[2026-04-03T06:50:08.405+0600][32.543s][info][gc,stats    ]     CWR: CLDG Roots                 232 us, workers (us): ---, 232, ---, ---, ---, ---, 
[2026-04-03T06:50:08.406+0600][32.543s][info][gc,stats    ]   Rendezvous                       2513 us
[2026-04-03T06:50:08.406+0600][32.543s][info][gc,stats    ] Concurrent Cleanup                 6260 us
[2026-04-03T06:50:08.406+0600][32.543s][info][gc,stats    ] Concurrent Class Unloading        53931 us
[2026-04-03T06:50:08.406+0600][32.543s][info][gc,stats    ]   Unlink Stale                    35531 us
[2026-04-03T06:50:08.406+0600][32.543s][info][gc,stats    ]     System Dictionary               322 us
[2026-04-03T06:50:08.406+0600][32.543s][info][gc,stats    ]     Weak Class Links                  1 us
[2026-04-03T06:50:08.406+0600][32.543s][info][gc,stats    ]     Code Roots                    35203 us
[2026-04-03T06:50:08.406+0600][32.543s][info][gc,stats    ]   Rendezvous                       2162 us
[2026-04-03T06:50:08.406+0600][32.543s][info][gc,stats    ]   Purge Unlinked                  16045 us
[2026-04-03T06:50:08.406+0600][32.543s][info][gc,stats    ]     Code Roots                    15998 us
[2026-04-03T06:50:08.406+0600][32.543s][info][gc,stats    ]     CLDG                             46 us
[2026-04-03T06:50:08.406+0600][32.543s][info][gc,stats    ]     Exception Caches                  1 us
[2026-04-03T06:50:08.406+0600][32.543s][info][gc,stats    ] Concurrent Strong Roots            1358 us, parallelism: 0.62x
[2026-04-03T06:50:08.406+0600][32.543s][info][gc,stats    ]   CSR: <total>                      846 us
[2026-04-03T06:50:08.406+0600][32.543s][info][gc,stats    ]   CSR: VM Strong Roots               63 us, workers (us):  61,   1,   0, ---, ---, ---, 
[2026-04-03T06:50:08.406+0600][32.543s][info][gc,stats    ]   CSR: CLDG Roots                   783 us, workers (us): 783, ---, ---, ---, ---, ---, 
[2026-04-03T06:50:08.406+0600][32.543s][info][gc,stats    ] Concurrent Evacuation              6472 us
[2026-04-03T06:50:08.406+0600][32.543s][info][gc,stats    ] Pause Init Update Refs (G)          696 us
[2026-04-03T06:50:08.406+0600][32.543s][info][gc,stats    ] Pause Init Update Refs (N)          253 us
[2026-04-03T06:50:08.406+0600][32.543s][info][gc,stats    ]   Manage GCLABs                      55 us
[2026-04-03T06:50:08.406+0600][32.543s][info][gc,stats    ] Concurrent Update Refs            42441 us
[2026-04-03T06:50:08.406+0600][32.543s][info][gc,stats    ] Concurrent Update Thread Roots     3905 us
[2026-04-03T06:50:08.406+0600][32.543s][info][gc,stats    ] Pause Final Update Refs (G)         684 us
[2026-04-03T06:50:08.406+0600][32.543s][info][gc,stats    ] Pause Final Update Refs (N)         293 us
[2026-04-03T06:50:08.406+0600][32.543s][info][gc,stats    ]   Update Region States               76 us
[2026-04-03T06:50:08.406+0600][32.543s][info][gc,stats    ]   Trash Collection Set               16 us
[2026-04-03T06:50:08.406+0600][32.543s][info][gc,stats    ]   Rebuild Free Set                   52 us
[2026-04-03T06:50:08.406+0600][32.543s][info][gc,stats    ] Concurrent Cleanup                  497 us
[2026-04-03T06:50:08.406+0600][32.543s][info][gc,stats    ] 
[2026-04-03T06:50:08.406+0600][32.543s][info][gc,stats    ] Allocation pacing accrued:
[2026-04-03T06:50:08.406+0600][32.543s][info][gc,stats    ]       0 of  1266 ms (  0.0%): <total>
[2026-04-03T06:50:08.406+0600][32.544s][info][gc,stats    ]       0 of  1266 ms (  0.0%): <average total>
[2026-04-03T06:50:08.406+0600][32.544s][info][gc,stats    ] 
[2026-04-03T06:50:08.406+0600][32.544s][info][gc,metaspace] Metaspace: 128675K(129856K)->128716K(129920K) NonClass: 112364K(112960K)->112405K(113024K) Class: 16310K(16896K)->16311K(16896K)
[2026-04-03T06:50:08.406+0600][32.544s][info][gc,ergo     ] Pacer for Idle. Initial: 80302K, Alloc Tax Rate: 1.0x
[2026-04-03T06:50:12.833+0600][36.971s][info][gc          ] Trigger: Free (390M) is below minimum threshold (392M)
[2026-04-03T06:50:12.833+0600][36.971s][info][gc,ergo     ] Free: 390M, Max: 1024K regular, 388M humongous, Frag: 0% external, 0% internal; Reserve: 197M, Max: 1024K
[2026-04-03T06:50:12.833+0600][36.971s][info][gc,start    ] GC(10) Concurrent reset
[2026-04-03T06:50:12.833+0600][36.971s][info][gc,task     ] GC(10) Using 3 of 6 workers for concurrent reset
[2026-04-03T06:50:12.833+0600][36.971s][info][gc,ergo     ] GC(10) Pacer for Reset. Non-Taxable: 3921M
[2026-04-03T06:50:12.836+0600][36.974s][info][gc          ] GC(10) Concurrent reset 2.575ms
[2026-04-03T06:50:12.837+0600][36.974s][info][gc,start    ] GC(10) Pause Init Mark (unload classes)
[2026-04-03T06:50:12.837+0600][36.975s][info][gc,task     ] GC(10) Using 6 of 6 workers for init marking
[2026-04-03T06:50:12.837+0600][36.975s][info][gc,ergo     ] GC(10) Pacer for Mark. Expected Live: 79595K, Free: 390M, Non-Taxable: 39942K, Alloc Tax Rate: 0.2x
[2026-04-03T06:50:12.837+0600][36.975s][info][gc          ] GC(10) Pause Init Mark (unload classes) 0.186ms
[2026-04-03T06:50:12.837+0600][36.975s][info][gc,start    ] GC(10) Concurrent marking roots
[2026-04-03T06:50:12.837+0600][36.975s][info][gc,task     ] GC(10) Using 3 of 6 workers for concurrent marking roots
[2026-04-03T06:50:12.840+0600][36.977s][info][gc          ] GC(10) Concurrent marking roots 2.529ms
[2026-04-03T06:50:12.840+0600][36.977s][info][gc,start    ] GC(10) Concurrent marking (unload classes)
[2026-04-03T06:50:12.840+0600][36.977s][info][gc,task     ] GC(10) Using 3 of 6 workers for concurrent marking
[2026-04-03T06:50:12.926+0600][37.063s][info][gc          ] GC(10) Concurrent marking (unload classes) 85.942ms
[2026-04-03T06:50:12.926+0600][37.064s][info][gc,start    ] GC(10) Pause Final Mark (unload classes)
[2026-04-03T06:50:12.926+0600][37.064s][info][gc,task     ] GC(10) Using 6 of 6 workers for final marking
[2026-04-03T06:50:12.927+0600][37.064s][info][gc,ergo     ] GC(10) Adaptive CSet Selection. Target Free: 555M, Actual Free: 2472M, Max CSet: 163M, Min Garbage: 0B
[2026-04-03T06:50:12.927+0600][37.065s][info][gc,ergo     ] GC(10) Collectable Garbage: 2740M (99%), Immediate: 1935M (70%), CSet: 804M (29%)
[2026-04-03T06:50:12.927+0600][37.065s][info][gc,ergo     ] GC(10) Pacer for Evacuation. Used CSet: 815M, Free: 2764M, Non-Taxable: 276M, Alloc Tax Rate: 1.1x
[2026-04-03T06:50:12.927+0600][37.065s][info][gc          ] GC(10) Pause Final Mark (unload classes) 1.215ms
[2026-04-03T06:50:12.927+0600][37.065s][info][gc,start    ] GC(10) Concurrent thread roots
[2026-04-03T06:50:12.927+0600][37.065s][info][gc,task     ] GC(10) Using 3 of 6 workers for Concurrent thread roots
[2026-04-03T06:50:12.929+0600][37.066s][info][gc          ] GC(10) Concurrent thread roots 1.586ms
[2026-04-03T06:50:12.929+0600][37.067s][info][gc,start    ] GC(10) Concurrent weak references
[2026-04-03T06:50:12.929+0600][37.067s][info][gc,task     ] GC(10) Using 3 of 6 workers for concurrent weak references
[2026-04-03T06:50:12.931+0600][37.069s][info][gc,ref      ] GC(10) Encountered references: Soft: 3867, Weak: 19140, Final: 84, Phantom: 621
[2026-04-03T06:50:12.932+0600][37.069s][info][gc,ref      ] GC(10) Discovered  references: Soft: 0, Weak: 12789, Final: 64, Phantom: 617
[2026-04-03T06:50:12.932+0600][37.069s][info][gc,ref      ] GC(10) Enqueued    references: Soft: 0, Weak: 4491, Final: 0, Phantom: 0
[2026-04-03T06:50:12.932+0600][37.069s][info][gc          ] GC(10) Concurrent weak references 2.578ms
[2026-04-03T06:50:12.932+0600][37.069s][info][gc,start    ] GC(10) Concurrent weak roots
[2026-04-03T06:50:12.932+0600][37.069s][info][gc,task     ] GC(10) Using 3 of 6 workers for concurrent weak root
[2026-04-03T06:50:12.938+0600][37.076s][info][gc          ] GC(10) Concurrent weak roots 6.433ms
[2026-04-03T06:50:12.938+0600][37.076s][info][gc,start    ] GC(10) Concurrent cleanup
[2026-04-03T06:50:12.939+0600][37.077s][info][gc          ] GC(10) Concurrent cleanup 2889M->953M(3401M) 0.843ms
[2026-04-03T06:50:12.941+0600][37.079s][info][gc,ergo     ] GC(10) Free: 2754M, Max: 1024K regular, 330M humongous, Frag: 89% external, 0% internal; Reserve: 196M, Max: 1024K
[2026-04-03T06:50:12.941+0600][37.079s][info][gc,start    ] GC(10) Concurrent class unloading
[2026-04-03T06:50:12.941+0600][37.079s][info][gc,task     ] GC(10) Using 3 of 6 workers for concurrent class unloading
[2026-04-03T06:50:13.024+0600][37.162s][info][gc          ] GC(10) Concurrent class unloading 83.343ms
[2026-04-03T06:50:13.025+0600][37.162s][info][gc,start    ] GC(10) Concurrent strong roots
[2026-04-03T06:50:13.025+0600][37.162s][info][gc,task     ] GC(10) Using 3 of 6 workers for concurrent strong root
[2026-04-03T06:50:13.026+0600][37.164s][info][gc          ] GC(10) Concurrent strong roots 1.582ms
[2026-04-03T06:50:13.026+0600][37.164s][info][gc,start    ] GC(10) Concurrent evacuation
[2026-04-03T06:50:13.026+0600][37.164s][info][gc,task     ] GC(10) Using 3 of 6 workers for concurrent evacuation
[2026-04-03T06:50:13.053+0600][37.190s][info][gc          ] GC(10) Concurrent evacuation 26.213ms
[2026-04-03T06:50:13.053+0600][37.191s][info][gc,start    ] GC(10) Pause Init Update Refs
[2026-04-03T06:50:13.053+0600][37.191s][info][gc,ergo     ] GC(10) Pacer for Update Refs. Used: 1042M, Free: 2667M, Non-Taxable: 266M, Alloc Tax Rate: 1.1x
[2026-04-03T06:50:13.053+0600][37.191s][info][gc          ] GC(10) Pause Init Update Refs 0.156ms
[2026-04-03T06:50:13.053+0600][37.191s][info][gc,start    ] GC(10) Concurrent update references
[2026-04-03T06:50:13.053+0600][37.191s][info][gc,task     ] GC(10) Using 3 of 6 workers for concurrent reference update
[2026-04-03T06:50:13.106+0600][37.243s][info][gc          ] GC(10) Concurrent update references 52.302ms
[2026-04-03T06:50:13.106+0600][37.243s][info][gc,start    ] GC(10) Concurrent update thread roots
[2026-04-03T06:50:13.109+0600][37.247s][info][gc          ] GC(10) Concurrent update thread roots 3.130ms
[2026-04-03T06:50:13.109+0600][37.247s][info][gc,start    ] GC(10) Pause Final Update Refs
[2026-04-03T06:50:13.109+0600][37.247s][info][gc,task     ] GC(10) Using 6 of 6 workers for final reference update
[2026-04-03T06:50:13.110+0600][37.247s][info][gc          ] GC(10) Pause Final Update Refs 0.287ms
[2026-04-03T06:50:13.110+0600][37.247s][info][gc,start    ] GC(10) Concurrent cleanup
[2026-04-03T06:50:13.110+0600][37.248s][info][gc          ] GC(10) Concurrent cleanup 1077M->263M(3407M) 0.578ms
[2026-04-03T06:50:13.111+0600][37.248s][info][gc,ergo     ] Free: 3430M, Max: 1024K regular, 2694M humongous, Frag: 22% external, 0% internal; Reserve: 197M, Max: 1024K
[2026-04-03T06:50:13.111+0600][37.248s][info][gc,stats    ] 
[2026-04-03T06:50:13.111+0600][37.248s][info][gc,stats    ] All times are wall-clock times, except per-root-class counters, that are sum over
[2026-04-03T06:50:13.111+0600][37.248s][info][gc,stats    ] all workers. Dividing the <total> over the root stage time estimates parallelism.
[2026-04-03T06:50:13.111+0600][37.248s][info][gc,stats    ] 
[2026-04-03T06:50:13.111+0600][37.248s][info][gc,stats    ] Concurrent Reset                   2646 us
[2026-04-03T06:50:13.111+0600][37.248s][info][gc,stats    ] Pause Init Mark (G)                1082 us
[2026-04-03T06:50:13.111+0600][37.248s][info][gc,stats    ] Pause Init Mark (N)                 201 us
[2026-04-03T06:50:13.111+0600][37.248s][info][gc,stats    ]   Update Region States               47 us
[2026-04-03T06:50:13.111+0600][37.248s][info][gc,stats    ] Concurrent Mark Roots              2606 us, parallelism: 2.05x
[2026-04-03T06:50:13.111+0600][37.248s][info][gc,stats    ]   CMR: <total>                     5337 us
[2026-04-03T06:50:13.111+0600][37.248s][info][gc,stats    ]   CMR: Thread Roots                4848 us, workers (us): 1852, 1632, 1364, ---, ---, ---, 
[2026-04-03T06:50:13.111+0600][37.248s][info][gc,stats    ]   CMR: VM Strong Roots              134 us, workers (us):  94,  40,   1, ---, ---, ---, 
[2026-04-03T06:50:13.111+0600][37.248s][info][gc,stats    ]   CMR: CLDG Roots                   354 us, workers (us): ---, 354, ---, ---, ---, ---, 
[2026-04-03T06:50:13.111+0600][37.248s][info][gc,stats    ] Concurrent Marking                86030 us
[2026-04-03T06:50:13.111+0600][37.248s][info][gc,stats    ] Pause Final Mark (G)               1535 us
[2026-04-03T06:50:13.111+0600][37.248s][info][gc,stats    ] Pause Final Mark (N)               1227 us
[2026-04-03T06:50:13.111+0600][37.248s][info][gc,stats    ]   Finish Mark                       375 us
[2026-04-03T06:50:13.111+0600][37.248s][info][gc,stats    ]   Update Region States               88 us
[2026-04-03T06:50:13.111+0600][37.248s][info][gc,stats    ]   Choose Collection Set             494 us
[2026-04-03T06:50:13.111+0600][37.248s][info][gc,stats    ]   Rebuild Free Set                   74 us
[2026-04-03T06:50:13.111+0600][37.248s][info][gc,stats    ] Concurrent Thread Roots            1661 us, parallelism: 2.54x
[2026-04-03T06:50:13.111+0600][37.248s][info][gc,stats    ]   CTR: <total>                     4225 us
[2026-04-03T06:50:13.111+0600][37.249s][info][gc,stats    ]   CTR: Thread Roots                4225 us, workers (us): 1426, 1412, 1387, ---, ---, ---, 
[2026-04-03T06:50:13.111+0600][37.249s][info][gc,stats    ] Concurrent Weak References         2619 us, parallelism: 0.99x
[2026-04-03T06:50:13.111+0600][37.249s][info][gc,stats    ]   CWRF: <total>                    2580 us
[2026-04-03T06:50:13.111+0600][37.249s][info][gc,stats    ]   CWRF: Weak References            2580 us, workers (us): 2316, 263,   1, ---, ---, ---, 
[2026-04-03T06:50:13.111+0600][37.249s][info][gc,stats    ] Concurrent Weak Roots              6596 us
[2026-04-03T06:50:13.111+0600][37.249s][info][gc,stats    ]   Roots                            5181 us, parallelism: 2.71x
[2026-04-03T06:50:13.111+0600][37.249s][info][gc,stats    ]     CWR: <total>                  14052 us
[2026-04-03T06:50:13.111+0600][37.249s][info][gc,stats    ]     CWR: Code Cache Roots         11266 us, workers (us): 3803, 3742, 3721, ---, ---, ---, 
[2026-04-03T06:50:13.111+0600][37.249s][info][gc,stats    ]     CWR: VM Weak Roots             2655 us, workers (us): 903, 897, 854, ---, ---, ---, 
[2026-04-03T06:50:13.111+0600][37.249s][info][gc,stats    ]     CWR: CLDG Roots                 131 us, workers (us): ---, 131, ---, ---, ---, ---, 
[2026-04-03T06:50:13.111+0600][37.249s][info][gc,stats    ]   Rendezvous                       1201 us
[2026-04-03T06:50:13.111+0600][37.249s][info][gc,stats    ] Concurrent Cleanup                  886 us
[2026-04-03T06:50:13.111+0600][37.249s][info][gc,stats    ] Concurrent Class Unloading        83508 us
[2026-04-03T06:50:13.111+0600][37.249s][info][gc,stats    ]   Unlink Stale                    54843 us
[2026-04-03T06:50:13.111+0600][37.249s][info][gc,stats    ]     System Dictionary               714 us
[2026-04-03T06:50:13.111+0600][37.249s][info][gc,stats    ]     Weak Class Links              32451 us
[2026-04-03T06:50:13.111+0600][37.249s][info][gc,stats    ]     Code Roots                    21667 us
[2026-04-03T06:50:13.111+0600][37.249s][info][gc,stats    ]   Rendezvous                        491 us
[2026-04-03T06:50:13.111+0600][37.249s][info][gc,stats    ]   Purge Unlinked                  27908 us
[2026-04-03T06:50:13.111+0600][37.249s][info][gc,stats    ]     Code Roots                    27759 us
[2026-04-03T06:50:13.111+0600][37.249s][info][gc,stats    ]     CLDG                            147 us
[2026-04-03T06:50:13.111+0600][37.249s][info][gc,stats    ]     Exception Caches                  1 us
[2026-04-03T06:50:13.111+0600][37.249s][info][gc,stats    ] Concurrent Strong Roots            1676 us, parallelism: 0.61x
[2026-04-03T06:50:13.111+0600][37.249s][info][gc,stats    ]   CSR: <total>                     1029 us
[2026-04-03T06:50:13.111+0600][37.249s][info][gc,stats    ]   CSR: VM Strong Roots               59 us, workers (us):  57,   2,   0, ---, ---, ---, 
[2026-04-03T06:50:13.111+0600][37.249s][info][gc,stats    ]   CSR: CLDG Roots                   970 us, workers (us): 970, ---, ---, ---, ---, ---, 
[2026-04-03T06:50:13.111+0600][37.249s][info][gc,stats    ] Concurrent Evacuation             26312 us
[2026-04-03T06:50:13.111+0600][37.249s][info][gc,stats    ] Pause Init Update Refs (G)          747 us
[2026-04-03T06:50:13.111+0600][37.249s][info][gc,stats    ] Pause Init Update Refs (N)          195 us
[2026-04-03T06:50:13.111+0600][37.249s][info][gc,stats    ]   Manage GCLABs                      54 us
[2026-04-03T06:50:13.111+0600][37.249s][info][gc,stats    ] Concurrent Update Refs            52440 us
[2026-04-03T06:50:13.111+0600][37.249s][info][gc,stats    ] Concurrent Update Thread Roots     3252 us
[2026-04-03T06:50:13.111+0600][37.249s][info][gc,stats    ] Pause Final Update Refs (G)         657 us
[2026-04-03T06:50:13.111+0600][37.249s][info][gc,stats    ] Pause Final Update Refs (N)         306 us
[2026-04-03T06:50:13.112+0600][37.249s][info][gc,stats    ]   Update Region States               80 us
[2026-04-03T06:50:13.112+0600][37.249s][info][gc,stats    ]   Trash Collection Set               30 us
[2026-04-03T06:50:13.112+0600][37.249s][info][gc,stats    ]   Rebuild Free Set                   62 us
[2026-04-03T06:50:13.112+0600][37.249s][info][gc,stats    ] Concurrent Cleanup                  652 us
[2026-04-03T06:50:13.112+0600][37.249s][info][gc,stats    ] 
[2026-04-03T06:50:13.112+0600][37.249s][info][gc,stats    ] Allocation pacing accrued:
[2026-04-03T06:50:13.112+0600][37.249s][info][gc,stats    ]       0 of  4706 ms (  0.0%): <total>
[2026-04-03T06:50:13.112+0600][37.249s][info][gc,stats    ]       0 of  4706 ms (  0.0%): <average total>
[2026-04-03T06:50:13.112+0600][37.249s][info][gc,stats    ] 
[2026-04-03T06:50:13.112+0600][37.249s][info][gc,metaspace] Metaspace: 129905K(131072K)->129907K(131136K) NonClass: 113495K(114112K)->113500K(114176K) Class: 16410K(16960K)->16406K(16960K)
[2026-04-03T06:50:13.112+0600][37.249s][info][gc,ergo     ] Pacer for Idle. Initial: 80302K, Alloc Tax Rate: 1.0x
[2026-04-03T06:50:16.302+0600][40.439s][info][gc          ] Trigger: Average GC time (322.75 ms) is above the time for average allocation rate (882 MB/s) to deplete free headroom (281M) (margin of error = 1.80)
[2026-04-03T06:50:16.302+0600][40.440s][info][gc,ergo     ] Free headroom: 477M (free) - 196M (spike) - 0B (penalties) = 281M
[2026-04-03T06:50:16.302+0600][40.440s][info][gc,ergo     ] Free: 477M, Max: 1024K regular, 324M humongous, Frag: 32% external, 0% internal; Reserve: 197M, Max: 1024K
[2026-04-03T06:50:16.302+0600][40.440s][info][gc,start    ] GC(11) Concurrent reset
[2026-04-03T06:50:16.302+0600][40.440s][info][gc,task     ] GC(11) Using 3 of 6 workers for concurrent reset
[2026-04-03T06:50:16.302+0600][40.440s][info][gc,ergo     ] GC(11) Pacer for Reset. Non-Taxable: 3921M
[2026-04-03T06:50:16.334+0600][40.471s][info][gc          ] GC(11) Concurrent reset 31.572ms
[2026-04-03T06:50:16.335+0600][40.472s][info][gc,start    ] GC(11) Pause Init Mark (unload classes)
[2026-04-03T06:50:16.335+0600][40.472s][info][gc,task     ] GC(11) Using 6 of 6 workers for init marking
[2026-04-03T06:50:16.335+0600][40.472s][info][gc,ergo     ] GC(11) Pacer for Mark. Expected Live: 83618K, Free: 468M, Non-Taxable: 48001K, Alloc Tax Rate: 0.2x
[2026-04-03T06:50:16.335+0600][40.472s][info][gc          ] GC(11) Pause Init Mark (unload classes) 0.294ms
[2026-04-03T06:50:16.336+0600][40.474s][info][gc,start    ] GC(11) Concurrent marking roots
[2026-04-03T06:50:16.336+0600][40.474s][info][gc,task     ] GC(11) Using 3 of 6 workers for concurrent marking roots
[2026-04-03T06:50:16.341+0600][40.478s][info][gc          ] GC(11) Concurrent marking roots 4.911ms
[2026-04-03T06:50:16.341+0600][40.479s][info][gc,start    ] GC(11) Concurrent marking (unload classes)
[2026-04-03T06:50:16.341+0600][40.479s][info][gc,task     ] GC(11) Using 3 of 6 workers for concurrent marking
[2026-04-03T06:50:16.425+0600][40.563s][info][gc          ] GC(11) Concurrent marking (unload classes) 84.313ms
[2026-04-03T06:50:16.426+0600][40.563s][info][gc,start    ] GC(11) Pause Final Mark (unload classes)
[2026-04-03T06:50:16.426+0600][40.564s][info][gc,task     ] GC(11) Using 6 of 6 workers for final marking
[2026-04-03T06:50:16.427+0600][40.565s][info][gc,ergo     ] GC(11) Adaptive CSet Selection. Target Free: 555M, Actual Free: 2609M, Max CSet: 163M, Min Garbage: 0B
[2026-04-03T06:50:16.427+0600][40.565s][info][gc,ergo     ] GC(11) Collectable Garbage: 2637M (99%), Immediate: 2007M (75%), CSet: 629M (23%)
[2026-04-03T06:50:16.427+0600][40.565s][info][gc,ergo     ] GC(11) Pacer for Evacuation. Used CSet: 646M, Free: 2928M, Non-Taxable: 292M, Alloc Tax Rate: 1.1x
[2026-04-03T06:50:16.427+0600][40.565s][info][gc          ] GC(11) Pause Final Mark (unload classes) 1.386ms
[2026-04-03T06:50:16.427+0600][40.565s][info][gc,start    ] GC(11) Concurrent thread roots
[2026-04-03T06:50:16.427+0600][40.565s][info][gc,task     ] GC(11) Using 3 of 6 workers for Concurrent thread roots
[2026-04-03T06:50:16.432+0600][40.570s][info][gc          ] GC(11) Concurrent thread roots 4.830ms
[2026-04-03T06:50:16.432+0600][40.570s][info][gc,start    ] GC(11) Concurrent weak references
[2026-04-03T06:50:16.432+0600][40.570s][info][gc,task     ] GC(11) Using 3 of 6 workers for concurrent weak references
[2026-04-03T06:50:16.437+0600][40.574s][info][gc,ref      ] GC(11) Encountered references: Soft: 3875, Weak: 18303, Final: 84, Phantom: 621
[2026-04-03T06:50:16.437+0600][40.574s][info][gc,ref      ] GC(11) Discovered  references: Soft: 0, Weak: 7789, Final: 0, Phantom: 222
[2026-04-03T06:50:16.437+0600][40.574s][info][gc,ref      ] GC(11) Enqueued    references: Soft: 0, Weak: 2919, Final: 0, Phantom: 0
[2026-04-03T06:50:16.437+0600][40.574s][info][gc          ] GC(11) Concurrent weak references 4.536ms
[2026-04-03T06:50:16.437+0600][40.574s][info][gc,start    ] GC(11) Concurrent weak roots
[2026-04-03T06:50:16.437+0600][40.574s][info][gc,task     ] GC(11) Using 3 of 6 workers for concurrent weak root
[2026-04-03T06:50:16.446+0600][40.583s][info][gc          ] GC(11) Concurrent weak roots 8.815ms
[2026-04-03T06:50:16.446+0600][40.583s][info][gc,start    ] GC(11) Concurrent cleanup
[2026-04-03T06:50:16.447+0600][40.585s][info][gc          ] GC(11) Concurrent cleanup 2812M->806M(3407M) 1.475ms
[2026-04-03T06:50:16.447+0600][40.585s][info][gc,ergo     ] GC(11) Free: 2900M, Max: 1024K regular, 324M humongous, Frag: 89% external, 0% internal; Reserve: 196M, Max: 1024K
[2026-04-03T06:50:16.447+0600][40.585s][info][gc,start    ] GC(11) Concurrent class unloading
[2026-04-03T06:50:16.447+0600][40.585s][info][gc,task     ] GC(11) Using 3 of 6 workers for concurrent class unloading
[2026-04-03T06:50:16.484+0600][40.622s][info][gc          ] GC(11) Concurrent class unloading 36.688ms
[2026-04-03T06:50:16.484+0600][40.622s][info][gc,start    ] GC(11) Concurrent strong roots
[2026-04-03T06:50:16.484+0600][40.622s][info][gc,task     ] GC(11) Using 3 of 6 workers for concurrent strong root
[2026-04-03T06:50:16.488+0600][40.626s][info][gc          ] GC(11) Concurrent strong roots 3.935ms
[2026-04-03T06:50:16.488+0600][40.626s][info][gc,start    ] GC(11) Concurrent evacuation
[2026-04-03T06:50:16.488+0600][40.626s][info][gc,task     ] GC(11) Using 3 of 6 workers for concurrent evacuation
[2026-04-03T06:50:16.525+0600][40.662s][info][gc          ] GC(11) Concurrent evacuation 36.263ms
[2026-04-03T06:50:16.526+0600][40.664s][info][gc,start    ] GC(11) Pause Init Update Refs
[2026-04-03T06:50:16.527+0600][40.664s][info][gc,ergo     ] GC(11) Pacer for Update Refs. Used: 843M, Free: 2878M, Non-Taxable: 287M, Alloc Tax Rate: 1.1x
[2026-04-03T06:50:16.527+0600][40.664s][info][gc          ] GC(11) Pause Init Update Refs 0.239ms
[2026-04-03T06:50:16.527+0600][40.664s][info][gc,start    ] GC(11) Concurrent update references
[2026-04-03T06:50:16.527+0600][40.664s][info][gc,task     ] GC(11) Using 3 of 6 workers for concurrent reference update
[2026-04-03T06:50:16.602+0600][40.740s][info][gc          ] GC(11) Concurrent update references 75.428ms
[2026-04-03T06:50:16.602+0600][40.740s][info][gc,start    ] GC(11) Concurrent update thread roots
[2026-04-03T06:50:16.609+0600][40.747s][info][gc          ] GC(11) Concurrent update thread roots 6.991ms
[2026-04-03T06:50:16.610+0600][40.748s][info][gc,start    ] GC(11) Pause Final Update Refs
[2026-04-03T06:50:16.610+0600][40.748s][info][gc,task     ] GC(11) Using 6 of 6 workers for final reference update
[2026-04-03T06:50:16.610+0600][40.748s][info][gc          ] GC(11) Pause Final Update Refs 0.270ms
[2026-04-03T06:50:16.611+0600][40.748s][info][gc,start    ] GC(11) Concurrent cleanup
[2026-04-03T06:50:16.611+0600][40.749s][info][gc          ] GC(11) Concurrent cleanup 875M->229M(3420M) 0.895ms
[2026-04-03T06:50:16.612+0600][40.749s][info][gc,ergo     ] Free: 3464M, Max: 1024K regular, 2551M humongous, Frag: 27% external, 0% internal; Reserve: 197M, Max: 1024K
[2026-04-03T06:50:16.612+0600][40.749s][info][gc,stats    ] 
[2026-04-03T06:50:16.612+0600][40.749s][info][gc,stats    ] All times are wall-clock times, except per-root-class counters, that are sum over
[2026-04-03T06:50:16.612+0600][40.749s][info][gc,stats    ] all workers. Dividing the <total> over the root stage time estimates parallelism.
[2026-04-03T06:50:16.612+0600][40.749s][info][gc,stats    ] 
[2026-04-03T06:50:16.612+0600][40.749s][info][gc,stats    ] Concurrent Reset                  31700 us
[2026-04-03T06:50:16.612+0600][40.749s][info][gc,stats    ] Pause Init Mark (G)                2144 us
[2026-04-03T06:50:16.612+0600][40.749s][info][gc,stats    ] Pause Init Mark (N)                 312 us
[2026-04-03T06:50:16.612+0600][40.749s][info][gc,stats    ]   Update Region States               88 us
[2026-04-03T06:50:16.612+0600][40.749s][info][gc,stats    ] Concurrent Mark Roots              5017 us, parallelism: 1.43x
[2026-04-03T06:50:16.612+0600][40.749s][info][gc,stats    ]   CMR: <total>                     7158 us
[2026-04-03T06:50:16.612+0600][40.749s][info][gc,stats    ]   CMR: Thread Roots                6696 us, workers (us): 3621, 1518, 1558, ---, ---, ---, 
[2026-04-03T06:50:16.612+0600][40.749s][info][gc,stats    ]   CMR: VM Strong Roots               58 us, workers (us):  56,   1,   0, ---, ---, ---, 
[2026-04-03T06:50:16.612+0600][40.749s][info][gc,stats    ]   CMR: CLDG Roots                   404 us, workers (us): 404, ---, ---, ---, ---, ---, 
[2026-04-03T06:50:16.612+0600][40.749s][info][gc,stats    ] Concurrent Marking                84437 us
[2026-04-03T06:50:16.612+0600][40.749s][info][gc,stats    ] Pause Final Mark (G)               1973 us
[2026-04-03T06:50:16.612+0600][40.749s][info][gc,stats    ] Pause Final Mark (N)               1398 us
[2026-04-03T06:50:16.612+0600][40.749s][info][gc,stats    ]   Finish Mark                       789 us
[2026-04-03T06:50:16.612+0600][40.749s][info][gc,stats    ]   Update Region States               70 us
[2026-04-03T06:50:16.612+0600][40.749s][info][gc,stats    ]   Choose Collection Set             350 us
[2026-04-03T06:50:16.612+0600][40.749s][info][gc,stats    ]   Rebuild Free Set                   61 us
[2026-04-03T06:50:16.612+0600][40.750s][info][gc,stats    ] Concurrent Thread Roots            4918 us, parallelism: 2.78x
[2026-04-03T06:50:16.612+0600][40.750s][info][gc,stats    ]   CTR: <total>                    13671 us
[2026-04-03T06:50:16.612+0600][40.750s][info][gc,stats    ]   CTR: Thread Roots               13671 us, workers (us): 4703, 4622, 4346, ---, ---, ---, 
[2026-04-03T06:50:16.612+0600][40.750s][info][gc,stats    ] Concurrent Weak References         4560 us, parallelism: 1.05x
[2026-04-03T06:50:16.612+0600][40.750s][info][gc,stats    ]   CWRF: <total>                    4768 us
[2026-04-03T06:50:16.612+0600][40.750s][info][gc,stats    ]   CWRF: Weak References            4768 us, workers (us): 1347, 3367,  55, ---, ---, ---, 
[2026-04-03T06:50:16.612+0600][40.750s][info][gc,stats    ] Concurrent Weak Roots              8917 us
[2026-04-03T06:50:16.612+0600][40.750s][info][gc,stats    ]   Roots                            6495 us, parallelism: 2.40x
[2026-04-03T06:50:16.612+0600][40.750s][info][gc,stats    ]     CWR: <total>                  15612 us
[2026-04-03T06:50:16.612+0600][40.750s][info][gc,stats    ]     CWR: Code Cache Roots         11448 us, workers (us): 3998, 3833, 3617, ---, ---, ---, 
[2026-04-03T06:50:16.612+0600][40.750s][info][gc,stats    ]     CWR: VM Weak Roots             3864 us, workers (us): 1711, 1703, 449, ---, ---, ---, 
[2026-04-03T06:50:16.612+0600][40.750s][info][gc,stats    ]     CWR: CLDG Roots                 301 us, workers (us): ---, ---, 301, ---, ---, ---, 
[2026-04-03T06:50:16.612+0600][40.750s][info][gc,stats    ]   Rendezvous                       2273 us
[2026-04-03T06:50:16.612+0600][40.750s][info][gc,stats    ] Concurrent Cleanup                 1534 us
[2026-04-03T06:50:16.612+0600][40.750s][info][gc,stats    ] Concurrent Class Unloading        36832 us
[2026-04-03T06:50:16.612+0600][40.750s][info][gc,stats    ]   Unlink Stale                    18847 us
[2026-04-03T06:50:16.612+0600][40.750s][info][gc,stats    ]     System Dictionary               302 us
[2026-04-03T06:50:16.612+0600][40.750s][info][gc,stats    ]     Weak Class Links                  1 us
[2026-04-03T06:50:16.612+0600][40.750s][info][gc,stats    ]     Code Roots                    18540 us
[2026-04-03T06:50:16.612+0600][40.750s][info][gc,stats    ]   Rendezvous                        430 us
[2026-04-03T06:50:16.612+0600][40.750s][info][gc,stats    ]   Purge Unlinked                  17357 us
[2026-04-03T06:50:16.612+0600][40.750s][info][gc,stats    ]     Code Roots                    17311 us
[2026-04-03T06:50:16.612+0600][40.750s][info][gc,stats    ]     CLDG                             44 us
[2026-04-03T06:50:16.612+0600][40.750s][info][gc,stats    ]     Exception Caches                  1 us
[2026-04-03T06:50:16.612+0600][40.750s][info][gc,stats    ] Concurrent Strong Roots            4051 us, parallelism: 0.23x
[2026-04-03T06:50:16.612+0600][40.750s][info][gc,stats    ]   CSR: <total>                      922 us
[2026-04-03T06:50:16.612+0600][40.750s][info][gc,stats    ]   CSR: VM Strong Roots               72 us, workers (us):  38,  34,   0, ---, ---, ---, 
[2026-04-03T06:50:16.612+0600][40.750s][info][gc,stats    ]   CSR: CLDG Roots                   850 us, workers (us): 850, ---, ---, ---, ---, ---, 
[2026-04-03T06:50:16.612+0600][40.750s][info][gc,stats    ] Concurrent Evacuation             36768 us
[2026-04-03T06:50:16.612+0600][40.750s][info][gc,stats    ] Pause Init Update Refs (G)         1732 us
[2026-04-03T06:50:16.612+0600][40.750s][info][gc,stats    ] Pause Init Update Refs (N)          289 us
[2026-04-03T06:50:16.612+0600][40.750s][info][gc,stats    ]   Manage GCLABs                      89 us
[2026-04-03T06:50:16.613+0600][40.750s][info][gc,stats    ] Concurrent Update Refs            75583 us
[2026-04-03T06:50:16.613+0600][40.750s][info][gc,stats    ] Concurrent Update Thread Roots     7109 us
[2026-04-03T06:50:16.613+0600][40.750s][info][gc,stats    ] Pause Final Update Refs (G)         970 us
[2026-04-03T06:50:16.613+0600][40.750s][info][gc,stats    ] Pause Final Update Refs (N)         289 us
[2026-04-03T06:50:16.613+0600][40.750s][info][gc,stats    ]   Update Region States              108 us
[2026-04-03T06:50:16.613+0600][40.750s][info][gc,stats    ]   Trash Collection Set               30 us
[2026-04-03T06:50:16.613+0600][40.750s][info][gc,stats    ]   Rebuild Free Set                   65 us
[2026-04-03T06:50:16.613+0600][40.750s][info][gc,stats    ] Concurrent Cleanup                  958 us
[2026-04-03T06:50:16.613+0600][40.750s][info][gc,stats    ] 
[2026-04-03T06:50:16.613+0600][40.750s][info][gc,stats    ] Allocation pacing accrued:
[2026-04-03T06:50:16.613+0600][40.750s][info][gc,stats    ]       0 of  3501 ms (  0.0%): <total>
[2026-04-03T06:50:16.613+0600][40.750s][info][gc,stats    ]       0 of  3501 ms (  0.0%): <average total>
[2026-04-03T06:50:16.613+0600][40.750s][info][gc,stats    ] 
[2026-04-03T06:50:16.613+0600][40.750s][info][gc,metaspace] Metaspace: 130209K(131392K)->130233K(131456K) NonClass: 113790K(114432K)->113814K(114496K) Class: 16418K(16960K)->16418K(16960K)
[2026-04-03T06:50:16.613+0600][40.750s][info][gc,ergo     ] Pacer for Idle. Initial: 80302K, Alloc Tax Rate: 1.0x
[2026-04-03T06:50:19.130+0600][43.267s][info][gc          ] Trigger: Average GC time (356.66 ms) is above the time for instantaneous allocation rate (4076 MB/s) to deplete free headroom (905M) (spike threshold = 1.80)
[2026-04-03T06:50:19.130+0600][43.267s][info][gc,ergo     ] Free: 1101M, Max: 1024K regular, 664M humongous, Frag: 40% external, 0% internal; Reserve: 197M, Max: 1024K
[2026-04-03T06:50:19.130+0600][43.267s][info][gc,start    ] GC(12) Concurrent reset
[2026-04-03T06:50:19.130+0600][43.267s][info][gc,task     ] GC(12) Using 3 of 6 workers for concurrent reset
[2026-04-03T06:50:19.130+0600][43.267s][info][gc,ergo     ] GC(12) Pacer for Reset. Non-Taxable: 3921M
[2026-04-03T06:50:19.151+0600][43.288s][info][gc          ] GC(12) Concurrent reset 21.061ms
[2026-04-03T06:50:19.151+0600][43.289s][info][gc,start    ] GC(12) Pause Init Mark (unload classes)
[2026-04-03T06:50:19.151+0600][43.289s][info][gc,task     ] GC(12) Using 6 of 6 workers for init marking
[2026-04-03T06:50:19.151+0600][43.289s][info][gc,ergo     ] GC(12) Pacer for Mark. Expected Live: 86873K, Free: 1069M, Non-Taxable: 106M, Alloc Tax Rate: 0.1x
[2026-04-03T06:50:19.151+0600][43.289s][info][gc          ] GC(12) Pause Init Mark (unload classes) 0.184ms
[2026-04-03T06:50:19.152+0600][43.289s][info][gc,start    ] GC(12) Concurrent marking roots
[2026-04-03T06:50:19.152+0600][43.289s][info][gc,task     ] GC(12) Using 3 of 6 workers for concurrent marking roots
[2026-04-03T06:50:19.153+0600][43.291s][info][gc          ] GC(12) Concurrent marking roots 1.636ms
[2026-04-03T06:50:19.153+0600][43.291s][info][gc,start    ] GC(12) Concurrent marking (unload classes)
[2026-04-03T06:50:19.153+0600][43.291s][info][gc,task     ] GC(12) Using 3 of 6 workers for concurrent marking
[2026-04-03T06:50:19.216+0600][43.354s][info][gc          ] GC(12) Concurrent marking (unload classes) 63.082ms
[2026-04-03T06:50:19.219+0600][43.356s][info][gc,start    ] GC(12) Pause Final Mark (unload classes)
[2026-04-03T06:50:19.219+0600][43.356s][info][gc,task     ] GC(12) Using 6 of 6 workers for final marking
[2026-04-03T06:50:19.219+0600][43.357s][info][gc,ergo     ] GC(12) Adaptive CSet Selection. Target Free: 555M, Actual Free: 2766M, Max CSet: 163M, Min Garbage: 0B
[2026-04-03T06:50:19.220+0600][43.357s][info][gc,ergo     ] GC(12) Collectable Garbage: 2147M (99%), Immediate: 1577M (73%), CSet: 569M (26%)
[2026-04-03T06:50:19.220+0600][43.357s][info][gc,ergo     ] GC(12) Pacer for Evacuation. Used CSet: 583M, Free: 2978M, Non-Taxable: 297M, Alloc Tax Rate: 1.1x
[2026-04-03T06:50:19.220+0600][43.357s][info][gc          ] GC(12) Pause Final Mark (unload classes) 1.062ms
[2026-04-03T06:50:19.220+0600][43.357s][info][gc,start    ] GC(12) Concurrent thread roots
[2026-04-03T06:50:19.220+0600][43.358s][info][gc,task     ] GC(12) Using 3 of 6 workers for Concurrent thread roots
[2026-04-03T06:50:19.221+0600][43.359s][info][gc          ] GC(12) Concurrent thread roots 1.333ms
[2026-04-03T06:50:19.221+0600][43.359s][info][gc,start    ] GC(12) Concurrent weak references
[2026-04-03T06:50:19.221+0600][43.359s][info][gc,task     ] GC(12) Using 3 of 6 workers for concurrent weak references
[2026-04-03T06:50:19.222+0600][43.360s][info][gc,ref      ] GC(12) Encountered references: Soft: 3868, Weak: 18577, Final: 84, Phantom: 621
[2026-04-03T06:50:19.222+0600][43.360s][info][gc,ref      ] GC(12) Discovered  references: Soft: 0, Weak: 6919, Final: 0, Phantom: 541
[2026-04-03T06:50:19.222+0600][43.360s][info][gc,ref      ] GC(12) Enqueued    references: Soft: 0, Weak: 3912, Final: 0, Phantom: 0
[2026-04-03T06:50:19.222+0600][43.360s][info][gc          ] GC(12) Concurrent weak references 0.986ms
[2026-04-03T06:50:19.222+0600][43.360s][info][gc,start    ] GC(12) Concurrent weak roots
[2026-04-03T06:50:19.222+0600][43.360s][info][gc,task     ] GC(12) Using 3 of 6 workers for concurrent weak root
[2026-04-03T06:50:19.229+0600][43.366s][info][gc          ] GC(12) Concurrent weak roots 6.623ms
[2026-04-03T06:50:19.229+0600][43.367s][info][gc,start    ] GC(12) Concurrent cleanup
[2026-04-03T06:50:19.230+0600][43.368s][info][gc          ] GC(12) Concurrent cleanup 2387M->822M(3420M) 0.943ms
[2026-04-03T06:50:19.230+0600][43.368s][info][gc,ergo     ] GC(12) Free: 2867M, Max: 1024K regular, 482M humongous, Frag: 84% external, 0% internal; Reserve: 195M, Max: 1024K
[2026-04-03T06:50:19.230+0600][43.368s][info][gc,start    ] GC(12) Concurrent class unloading
[2026-04-03T06:50:19.230+0600][43.368s][info][gc,task     ] GC(12) Using 3 of 6 workers for concurrent class unloading
[2026-04-03T06:50:19.274+0600][43.411s][info][gc          ] GC(12) Concurrent class unloading 43.303ms
[2026-04-03T06:50:19.274+0600][43.411s][info][gc,start    ] GC(12) Concurrent strong roots
[2026-04-03T06:50:19.274+0600][43.411s][info][gc,task     ] GC(12) Using 3 of 6 workers for concurrent strong root
[2026-04-03T06:50:19.276+0600][43.413s][info][gc          ] GC(12) Concurrent strong roots 1.944ms
[2026-04-03T06:50:19.276+0600][43.413s][info][gc,start    ] GC(12) Concurrent evacuation
[2026-04-03T06:50:19.276+0600][43.413s][info][gc,task     ] GC(12) Using 3 of 6 workers for concurrent evacuation
[2026-04-03T06:50:19.287+0600][43.425s][info][gc          ] GC(12) Concurrent evacuation 11.633ms
[2026-04-03T06:50:19.288+0600][43.425s][info][gc,start    ] GC(12) Pause Init Update Refs
[2026-04-03T06:50:19.288+0600][43.425s][info][gc,ergo     ] GC(12) Pacer for Update Refs. Used: 989M, Free: 2676M, Non-Taxable: 267M, Alloc Tax Rate: 1.1x
[2026-04-03T06:50:19.288+0600][43.426s][info][gc          ] GC(12) Pause Init Update Refs 0.207ms
[2026-04-03T06:50:19.288+0600][43.426s][info][gc,start    ] GC(12) Concurrent update references
[2026-04-03T06:50:19.288+0600][43.426s][info][gc,task     ] GC(12) Using 3 of 6 workers for concurrent reference update
[2026-04-03T06:50:19.344+0600][43.481s][info][gc          ] GC(12) Concurrent update references 55.415ms
[2026-04-03T06:50:19.344+0600][43.481s][info][gc,start    ] GC(12) Concurrent update thread roots
[2026-04-03T06:50:19.346+0600][43.483s][info][gc          ] GC(12) Concurrent update thread roots 2.019ms
[2026-04-03T06:50:19.346+0600][43.483s][info][gc,start    ] GC(12) Pause Final Update Refs
[2026-04-03T06:50:19.346+0600][43.484s][info][gc,task     ] GC(12) Using 6 of 6 workers for final reference update
[2026-04-03T06:50:19.346+0600][43.484s][info][gc          ] GC(12) Pause Final Update Refs 0.324ms
[2026-04-03T06:50:19.346+0600][43.484s][info][gc,start    ] GC(12) Concurrent cleanup
[2026-04-03T06:50:19.347+0600][43.485s][info][gc          ] GC(12) Concurrent cleanup 1038M->456M(3424M) 0.859ms
[2026-04-03T06:50:19.347+0600][43.485s][info][gc,ergo     ] Free: 3189M, Max: 1024K regular, 1919M humongous, Frag: 40% external, 0% internal; Reserve: 197M, Max: 1024K
[2026-04-03T06:50:19.347+0600][43.485s][info][gc,stats    ] 
[2026-04-03T06:50:19.347+0600][43.485s][info][gc,stats    ] All times are wall-clock times, except per-root-class counters, that are sum over
[2026-04-03T06:50:19.347+0600][43.485s][info][gc,stats    ] all workers. Dividing the <total> over the root stage time estimates parallelism.
[2026-04-03T06:50:19.347+0600][43.485s][info][gc,stats    ] 
[2026-04-03T06:50:19.347+0600][43.485s][info][gc,stats    ] Concurrent Reset                  21174 us
[2026-04-03T06:50:19.347+0600][43.485s][info][gc,stats    ] Pause Init Mark (G)                 537 us
[2026-04-03T06:50:19.347+0600][43.485s][info][gc,stats    ] Pause Init Mark (N)                 199 us
[2026-04-03T06:50:19.347+0600][43.485s][info][gc,stats    ]   Update Region States               64 us
[2026-04-03T06:50:19.348+0600][43.485s][info][gc,stats    ] Concurrent Mark Roots              1710 us, parallelism: 1.91x
[2026-04-03T06:50:19.348+0600][43.485s][info][gc,stats    ]   CMR: <total>                     3270 us
[2026-04-03T06:50:19.348+0600][43.485s][info][gc,stats    ]   CMR: Thread Roots                2978 us, workers (us): 833, 1092, 1053, ---, ---, ---, 
[2026-04-03T06:50:19.348+0600][43.485s][info][gc,stats    ]   CMR: VM Strong Roots               44 us, workers (us):  32,  10,   1, ---, ---, ---, 
[2026-04-03T06:50:19.348+0600][43.485s][info][gc,stats    ]   CMR: CLDG Roots                   248 us, workers (us): 248, ---, ---, ---, ---, ---, 
[2026-04-03T06:50:19.348+0600][43.485s][info][gc,stats    ] Concurrent Marking                63178 us
[2026-04-03T06:50:19.348+0600][43.485s][info][gc,stats    ] Pause Final Mark (G)               3471 us
[2026-04-03T06:50:19.348+0600][43.485s][info][gc,stats    ] Pause Final Mark (N)               1082 us
[2026-04-03T06:50:19.348+0600][43.485s][info][gc,stats    ]   Finish Mark                       437 us
[2026-04-03T06:50:19.348+0600][43.485s][info][gc,stats    ]   Update Region States               77 us
[2026-04-03T06:50:19.348+0600][43.485s][info][gc,stats    ]   Choose Collection Set             311 us
[2026-04-03T06:50:19.348+0600][43.485s][info][gc,stats    ]   Rebuild Free Set                   72 us
[2026-04-03T06:50:19.348+0600][43.485s][info][gc,stats    ] Concurrent Thread Roots            1377 us, parallelism: 2.46x
[2026-04-03T06:50:19.348+0600][43.485s][info][gc,stats    ]   CTR: <total>                     3387 us
[2026-04-03T06:50:19.348+0600][43.485s][info][gc,stats    ]   CTR: Thread Roots                3387 us, workers (us): 1164, 1133, 1090, ---, ---, ---, 
[2026-04-03T06:50:19.348+0600][43.485s][info][gc,stats    ] Concurrent Weak References         1024 us, parallelism: 1.12x
[2026-04-03T06:50:19.348+0600][43.485s][info][gc,stats    ]   CWRF: <total>                    1144 us
[2026-04-03T06:50:19.348+0600][43.485s][info][gc,stats    ]   CWRF: Weak References            1144 us, workers (us): 461, 681,   1, ---, ---, ---, 
[2026-04-03T06:50:19.348+0600][43.485s][info][gc,stats    ] Concurrent Weak Roots              6748 us
[2026-04-03T06:50:19.348+0600][43.485s][info][gc,stats    ]   Roots                            5565 us, parallelism: 2.74x
[2026-04-03T06:50:19.348+0600][43.485s][info][gc,stats    ]     CWR: <total>                  15272 us
[2026-04-03T06:50:19.348+0600][43.485s][info][gc,stats    ]     CWR: Code Cache Roots         11184 us, workers (us): 3633, 3762, 3790, ---, ---, ---, 
[2026-04-03T06:50:19.348+0600][43.485s][info][gc,stats    ]     CWR: VM Weak Roots             3809 us, workers (us): 1294, 1287, 1227, ---, ---, ---, 
[2026-04-03T06:50:19.348+0600][43.485s][info][gc,stats    ]     CWR: CLDG Roots                 279 us, workers (us): 279, ---, ---, ---, ---, ---, 
[2026-04-03T06:50:19.348+0600][43.485s][info][gc,stats    ]   Rendezvous                       1018 us
[2026-04-03T06:50:19.348+0600][43.485s][info][gc,stats    ] Concurrent Cleanup                 1042 us
[2026-04-03T06:50:19.348+0600][43.485s][info][gc,stats    ] Concurrent Class Unloading        43419 us
[2026-04-03T06:50:19.348+0600][43.485s][info][gc,stats    ]   Unlink Stale                    22344 us
[2026-04-03T06:50:19.348+0600][43.485s][info][gc,stats    ]     System Dictionary               413 us
[2026-04-03T06:50:19.348+0600][43.485s][info][gc,stats    ]     Weak Class Links                  1 us
[2026-04-03T06:50:19.348+0600][43.485s][info][gc,stats    ]     Code Roots                    21923 us
[2026-04-03T06:50:19.348+0600][43.485s][info][gc,stats    ]   Rendezvous                        308 us
[2026-04-03T06:50:19.348+0600][43.485s][info][gc,stats    ]   Purge Unlinked                  20583 us
[2026-04-03T06:50:19.348+0600][43.485s][info][gc,stats    ]     Code Roots                    20546 us
[2026-04-03T06:50:19.348+0600][43.485s][info][gc,stats    ]     CLDG                             35 us
[2026-04-03T06:50:19.348+0600][43.485s][info][gc,stats    ]     Exception Caches                  0 us
[2026-04-03T06:50:19.348+0600][43.485s][info][gc,stats    ] Concurrent Strong Roots            2040 us, parallelism: 0.67x
[2026-04-03T06:50:19.348+0600][43.486s][info][gc,stats    ]   CSR: <total>                     1359 us
[2026-04-03T06:50:19.348+0600][43.486s][info][gc,stats    ]   CSR: VM Strong Roots               77 us, workers (us):  74,   2,   0, ---, ---, ---, 
[2026-04-03T06:50:19.348+0600][43.486s][info][gc,stats    ]   CSR: CLDG Roots                  1282 us, workers (us): 1282, ---, ---, ---, ---, ---, 
[2026-04-03T06:50:19.348+0600][43.486s][info][gc,stats    ] Concurrent Evacuation             11765 us
[2026-04-03T06:50:19.348+0600][43.486s][info][gc,stats    ] Pause Init Update Refs (G)          517 us
[2026-04-03T06:50:19.348+0600][43.486s][info][gc,stats    ] Pause Init Update Refs (N)          227 us
[2026-04-03T06:50:19.348+0600][43.486s][info][gc,stats    ]   Manage GCLABs                      90 us
[2026-04-03T06:50:19.348+0600][43.486s][info][gc,stats    ] Concurrent Update Refs            55539 us
[2026-04-03T06:50:19.348+0600][43.486s][info][gc,stats    ] Concurrent Update Thread Roots     2135 us
[2026-04-03T06:50:19.348+0600][43.486s][info][gc,stats    ] Pause Final Update Refs (G)         584 us
[2026-04-03T06:50:19.348+0600][43.486s][info][gc,stats    ] Pause Final Update Refs (N)         360 us
[2026-04-03T06:50:19.348+0600][43.486s][info][gc,stats    ]   Update Region States               78 us
[2026-04-03T06:50:19.348+0600][43.486s][info][gc,stats    ]   Trash Collection Set               27 us
[2026-04-03T06:50:19.348+0600][43.486s][info][gc,stats    ]   Rebuild Free Set                   86 us
[2026-04-03T06:50:19.348+0600][43.486s][info][gc,stats    ] Concurrent Cleanup                  912 us
[2026-04-03T06:50:19.348+0600][43.486s][info][gc,stats    ] Pacing                            15863 us
[2026-04-03T06:50:19.348+0600][43.486s][info][gc,stats    ] 
[2026-04-03T06:50:19.348+0600][43.486s][info][gc,stats    ] Allocation pacing accrued:
[2026-04-03T06:50:19.348+0600][43.486s][info][gc,stats    ]       5 of  2735 ms (  0.2%): dispatcher-BlockManagerMaster
[2026-04-03T06:50:19.348+0600][43.486s][info][gc,stats    ]       5 of  2735 ms (  0.2%): dag-scheduler-event-loop
[2026-04-03T06:50:19.348+0600][43.486s][info][gc,stats    ]       5 of  2735 ms (  0.2%): block-manager-storage-async-thread-pool-1
[2026-04-03T06:50:19.348+0600][43.486s][info][gc,stats    ]      16 of  2735 ms (  0.6%): <total>
[2026-04-03T06:50:19.348+0600][43.486s][info][gc,stats    ]       0 of  2735 ms (  0.0%): <average total>
[2026-04-03T06:50:19.348+0600][43.486s][info][gc,stats    ]       5 of  2735 ms (  0.2%): <average non-zero>
[2026-04-03T06:50:19.348+0600][43.486s][info][gc,stats    ] 
[2026-04-03T06:50:19.348+0600][43.486s][info][gc,metaspace] Metaspace: 130375K(131520K)->130377K(131520K) NonClass: 113955K(114560K)->113957K(114560K) Class: 16420K(16960K)->16420K(16960K)
[2026-04-03T06:50:19.348+0600][43.486s][info][gc,ergo     ] Pacer for Idle. Initial: 80302K, Alloc Tax Rate: 1.0x
[2026-04-03T06:50:22.667+0600][46.805s][info][gc          ] Trigger: Average GC time (325.67 ms) is above the time for average allocation rate (866 MB/s) to deplete free headroom (261M) (margin of error = 1.81)
[2026-04-03T06:50:22.667+0600][46.805s][info][gc,ergo     ] Free headroom: 457M (free) - 196M (spike) - 0B (penalties) = 261M
[2026-04-03T06:50:22.667+0600][46.805s][info][gc,ergo     ] Free: 457M, Max: 1024K regular, 455M humongous, Frag: 0% external, 0% internal; Reserve: 197M, Max: 1024K
[2026-04-03T06:50:22.667+0600][46.805s][info][gc,start    ] GC(13) Concurrent reset
[2026-04-03T06:50:22.667+0600][46.805s][info][gc,task     ] GC(13) Using 3 of 6 workers for concurrent reset
[2026-04-03T06:50:22.667+0600][46.805s][info][gc,ergo     ] GC(13) Pacer for Reset. Non-Taxable: 3921M
[2026-04-03T06:50:22.681+0600][46.819s][info][gc          ] GC(13) Concurrent reset 13.688ms
[2026-04-03T06:50:22.681+0600][46.819s][info][gc,start    ] GC(13) Pause Init Mark (unload classes)
[2026-04-03T06:50:22.681+0600][46.819s][info][gc,task     ] GC(13) Using 6 of 6 workers for init marking
[2026-04-03T06:50:22.682+0600][46.819s][info][gc,ergo     ] GC(13) Pacer for Mark. Expected Live: 89006K, Free: 447M, Non-Taxable: 45782K, Alloc Tax Rate: 0.2x
[2026-04-03T06:50:22.682+0600][46.819s][info][gc          ] GC(13) Pause Init Mark (unload classes) 0.220ms
[2026-04-03T06:50:22.682+0600][46.819s][info][gc,start    ] GC(13) Concurrent marking roots
[2026-04-03T06:50:22.682+0600][46.819s][info][gc,task     ] GC(13) Using 3 of 6 workers for concurrent marking roots
[2026-04-03T06:50:22.684+0600][46.821s][info][gc          ] GC(13) Concurrent marking roots 1.929ms
[2026-04-03T06:50:22.684+0600][46.821s][info][gc,start    ] GC(13) Concurrent marking (unload classes)
[2026-04-03T06:50:22.684+0600][46.821s][info][gc,task     ] GC(13) Using 3 of 6 workers for concurrent marking
[2026-04-03T06:50:22.775+0600][46.913s][info][gc          ] GC(13) Concurrent marking (unload classes) 91.600ms
[2026-04-03T06:50:22.775+0600][46.913s][info][gc,start    ] GC(13) Pause Final Mark (unload classes)
[2026-04-03T06:50:22.776+0600][46.913s][info][gc,task     ] GC(13) Using 6 of 6 workers for final marking
[2026-04-03T06:50:22.776+0600][46.914s][info][gc,ergo     ] GC(13) Adaptive CSet Selection. Target Free: 555M, Actual Free: 2430M, Max CSet: 163M, Min Garbage: 0B
[2026-04-03T06:50:22.777+0600][46.914s][info][gc,ergo     ] GC(13) Collectable Garbage: 2653M (99%), Immediate: 1871M (70%), CSet: 782M (29%)
[2026-04-03T06:50:22.777+0600][46.914s][info][gc,ergo     ] GC(13) Pacer for Evacuation. Used CSet: 798M, Free: 2755M, Non-Taxable: 275M, Alloc Tax Rate: 1.1x
[2026-04-03T06:50:22.777+0600][46.914s][info][gc          ] GC(13) Pause Final Mark (unload classes) 1.333ms
[2026-04-03T06:50:22.777+0600][46.914s][info][gc,start    ] GC(13) Concurrent thread roots
[2026-04-03T06:50:22.777+0600][46.914s][info][gc,task     ] GC(13) Using 3 of 6 workers for Concurrent thread roots
[2026-04-03T06:50:22.781+0600][46.919s][info][gc          ] GC(13) Concurrent thread roots 4.406ms
[2026-04-03T06:50:22.781+0600][46.919s][info][gc,start    ] GC(13) Concurrent weak references
[2026-04-03T06:50:22.781+0600][46.919s][info][gc,task     ] GC(13) Using 3 of 6 workers for concurrent weak references
[2026-04-03T06:50:22.783+0600][46.920s][info][gc,ref      ] GC(13) Encountered references: Soft: 3875, Weak: 18759, Final: 84, Phantom: 624
[2026-04-03T06:50:22.783+0600][46.920s][info][gc,ref      ] GC(13) Discovered  references: Soft: 0, Weak: 7228, Final: 0, Phantom: 615
[2026-04-03T06:50:22.783+0600][46.921s][info][gc,ref      ] GC(13) Enqueued    references: Soft: 0, Weak: 3949, Final: 0, Phantom: 0
[2026-04-03T06:50:22.783+0600][46.921s][info][gc          ] GC(13) Concurrent weak references 1.604ms
[2026-04-03T06:50:22.783+0600][46.921s][info][gc,start    ] GC(13) Concurrent weak roots
[2026-04-03T06:50:22.783+0600][46.921s][info][gc,task     ] GC(13) Using 3 of 6 workers for concurrent weak root
[2026-04-03T06:50:22.796+0600][46.933s][info][gc          ] GC(13) Concurrent weak roots 12.568ms
[2026-04-03T06:50:22.796+0600][46.933s][info][gc,start    ] GC(13) Concurrent cleanup
[2026-04-03T06:50:22.797+0600][46.935s][info][gc          ] GC(13) Concurrent cleanup 2846M->975M(3424M) 1.312ms
[2026-04-03T06:50:22.797+0600][46.935s][info][gc,ergo     ] GC(13) Free: 2739M, Max: 1024K regular, 347M humongous, Frag: 88% external, 0% internal; Reserve: 196M, Max: 1024K
[2026-04-03T06:50:22.797+0600][46.935s][info][gc,start    ] GC(13) Concurrent class unloading
[2026-04-03T06:50:22.797+0600][46.935s][info][gc,task     ] GC(13) Using 3 of 6 workers for concurrent class unloading
[2026-04-03T06:50:22.854+0600][46.992s][info][gc          ] GC(13) Concurrent class unloading 57.166ms
[2026-04-03T06:50:22.854+0600][46.992s][info][gc,start    ] GC(13) Concurrent strong roots
[2026-04-03T06:50:22.855+0600][46.992s][info][gc,task     ] GC(13) Using 3 of 6 workers for concurrent strong root
[2026-04-03T06:50:22.856+0600][46.994s][info][gc          ] GC(13) Concurrent strong roots 1.505ms
[2026-04-03T06:50:22.856+0600][46.994s][info][gc,start    ] GC(13) Concurrent evacuation
[2026-04-03T06:50:22.856+0600][46.994s][info][gc,task     ] GC(13) Using 3 of 6 workers for concurrent evacuation
[2026-04-03T06:50:22.875+0600][47.013s][info][gc          ] GC(13) Concurrent evacuation 19.057ms
[2026-04-03T06:50:22.876+0600][47.013s][info][gc,start    ] GC(13) Pause Init Update Refs
[2026-04-03T06:50:22.876+0600][47.013s][info][gc,ergo     ] GC(13) Pacer for Update Refs. Used: 1066M, Free: 2659M, Non-Taxable: 265M, Alloc Tax Rate: 1.1x
[2026-04-03T06:50:22.876+0600][47.013s][info][gc          ] GC(13) Pause Init Update Refs 0.234ms
[2026-04-03T06:50:22.876+0600][47.014s][info][gc,start    ] GC(13) Concurrent update references
[2026-04-03T06:50:22.876+0600][47.014s][info][gc,task     ] GC(13) Using 3 of 6 workers for concurrent reference update
[2026-04-03T06:50:22.943+0600][47.081s][info][gc          ] GC(13) Concurrent update references 67.062ms
[2026-04-03T06:50:22.943+0600][47.081s][info][gc,start    ] GC(13) Concurrent update thread roots
[2026-04-03T06:50:22.945+0600][47.082s][info][gc          ] GC(13) Concurrent update thread roots 1.591ms
[2026-04-03T06:50:22.945+0600][47.083s][info][gc,start    ] GC(13) Pause Final Update Refs
[2026-04-03T06:50:22.945+0600][47.083s][info][gc,task     ] GC(13) Using 6 of 6 workers for final reference update
[2026-04-03T06:50:22.945+0600][47.083s][info][gc          ] GC(13) Pause Final Update Refs 0.310ms
[2026-04-03T06:50:22.946+0600][47.083s][info][gc,start    ] GC(13) Concurrent cleanup
[2026-04-03T06:50:22.946+0600][47.083s][info][gc          ] GC(13) Concurrent cleanup 1087M->288M(3424M) 0.388ms
[2026-04-03T06:50:22.946+0600][47.084s][info][gc,ergo     ] Free: 3415M, Max: 1024K regular, 2632M humongous, Frag: 23% external, 0% internal; Reserve: 197M, Max: 1024K
[2026-04-03T06:50:22.946+0600][47.084s][info][gc,stats    ] 
[2026-04-03T06:50:22.946+0600][47.084s][info][gc,stats    ] All times are wall-clock times, except per-root-class counters, that are sum over
[2026-04-03T06:50:22.946+0600][47.084s][info][gc,stats    ] all workers. Dividing the <total> over the root stage time estimates parallelism.
[2026-04-03T06:50:22.946+0600][47.084s][info][gc,stats    ] 
[2026-04-03T06:50:22.946+0600][47.084s][info][gc,stats    ] Concurrent Reset                  13796 us
[2026-04-03T06:50:22.946+0600][47.084s][info][gc,stats    ] Pause Init Mark (G)                 490 us
[2026-04-03T06:50:22.946+0600][47.084s][info][gc,stats    ] Pause Init Mark (N)                 232 us
[2026-04-03T06:50:22.946+0600][47.084s][info][gc,stats    ]   Update Region States               47 us
[2026-04-03T06:50:22.946+0600][47.084s][info][gc,stats    ] Concurrent Mark Roots              1992 us, parallelism: 2.10x
[2026-04-03T06:50:22.946+0600][47.084s][info][gc,stats    ]   CMR: <total>                     4181 us
[2026-04-03T06:50:22.946+0600][47.084s][info][gc,stats    ]   CMR: Thread Roots                3661 us, workers (us): 940, 1357, 1364, ---, ---, ---, 
[2026-04-03T06:50:22.946+0600][47.084s][info][gc,stats    ]   CMR: VM Strong Roots               72 us, workers (us):  30,  27,  15, ---, ---, ---, 
[2026-04-03T06:50:22.946+0600][47.084s][info][gc,stats    ]   CMR: CLDG Roots                   448 us, workers (us): 448, ---, ---, ---, ---, ---, 
[2026-04-03T06:50:22.947+0600][47.084s][info][gc,stats    ] Concurrent Marking                91719 us
[2026-04-03T06:50:22.947+0600][47.084s][info][gc,stats    ] Pause Final Mark (G)               1590 us
[2026-04-03T06:50:22.947+0600][47.084s][info][gc,stats    ] Pause Final Mark (N)               1347 us
[2026-04-03T06:50:22.947+0600][47.084s][info][gc,stats    ]   Finish Mark                       387 us
[2026-04-03T06:50:22.947+0600][47.084s][info][gc,stats    ]   Update Region States               99 us
[2026-04-03T06:50:22.947+0600][47.084s][info][gc,stats    ]   Choose Collection Set             570 us
[2026-04-03T06:50:22.947+0600][47.084s][info][gc,stats    ]   Rebuild Free Set                   75 us
[2026-04-03T06:50:22.947+0600][47.084s][info][gc,stats    ] Concurrent Thread Roots            4499 us, parallelism: 1.84x
[2026-04-03T06:50:22.947+0600][47.084s][info][gc,stats    ]   CTR: <total>                     8272 us
[2026-04-03T06:50:22.947+0600][47.084s][info][gc,stats    ]   CTR: Thread Roots                8272 us, workers (us): 4272, 2016, 1984, ---, ---, ---, 
[2026-04-03T06:50:22.947+0600][47.084s][info][gc,stats    ] Concurrent Weak References         1620 us, parallelism: 1.04x
[2026-04-03T06:50:22.947+0600][47.084s][info][gc,stats    ]   CWRF: <total>                    1692 us
[2026-04-03T06:50:22.947+0600][47.084s][info][gc,stats    ]   CWRF: Weak References            1692 us, workers (us): 1414, 276,   2, ---, ---, ---, 
[2026-04-03T06:50:22.947+0600][47.084s][info][gc,stats    ] Concurrent Weak Roots             12681 us
[2026-04-03T06:50:22.947+0600][47.084s][info][gc,stats    ]   Roots                           10340 us, parallelism: 2.09x
[2026-04-03T06:50:22.947+0600][47.084s][info][gc,stats    ]     CWR: <total>                  21602 us
[2026-04-03T06:50:22.947+0600][47.084s][info][gc,stats    ]     CWR: Code Cache Roots         17115 us, workers (us): 4844, 4607, 7665, ---, ---, ---, 
[2026-04-03T06:50:22.947+0600][47.084s][info][gc,stats    ]     CWR: VM Weak Roots             4250 us, workers (us): 2259, 1494, 497, ---, ---, ---, 
[2026-04-03T06:50:22.947+0600][47.084s][info][gc,stats    ]     CWR: CLDG Roots                 237 us, workers (us): ---, 237, ---, ---, ---, ---, 
[2026-04-03T06:50:22.947+0600][47.084s][info][gc,stats    ]   Rendezvous                       2189 us
[2026-04-03T06:50:22.947+0600][47.084s][info][gc,stats    ] Concurrent Cleanup                 1358 us
[2026-04-03T06:50:22.947+0600][47.084s][info][gc,stats    ] Concurrent Class Unloading        57298 us
[2026-04-03T06:50:22.947+0600][47.084s][info][gc,stats    ]   Unlink Stale                    28985 us
[2026-04-03T06:50:22.947+0600][47.084s][info][gc,stats    ]     System Dictionary               285 us
[2026-04-03T06:50:22.947+0600][47.084s][info][gc,stats    ]     Weak Class Links                  0 us
[2026-04-03T06:50:22.947+0600][47.084s][info][gc,stats    ]     Code Roots                    28696 us
[2026-04-03T06:50:22.947+0600][47.084s][info][gc,stats    ]   Rendezvous                        362 us
[2026-04-03T06:50:22.947+0600][47.084s][info][gc,stats    ]   Purge Unlinked                  27751 us
[2026-04-03T06:50:22.947+0600][47.084s][info][gc,stats    ]     Code Roots                    27712 us
[2026-04-03T06:50:22.947+0600][47.084s][info][gc,stats    ]     CLDG                             38 us
[2026-04-03T06:50:22.947+0600][47.084s][info][gc,stats    ]     Exception Caches                  0 us
[2026-04-03T06:50:22.947+0600][47.084s][info][gc,stats    ] Concurrent Strong Roots            1587 us, parallelism: 0.70x
[2026-04-03T06:50:22.947+0600][47.084s][info][gc,stats    ]   CSR: <total>                     1105 us
[2026-04-03T06:50:22.947+0600][47.084s][info][gc,stats    ]   CSR: VM Strong Roots               79 us, workers (us):  49,  30,   0, ---, ---, ---, 
[2026-04-03T06:50:22.947+0600][47.084s][info][gc,stats    ]   CSR: CLDG Roots                  1026 us, workers (us): 1026, ---, ---, ---, ---, ---, 
[2026-04-03T06:50:22.947+0600][47.084s][info][gc,stats    ] Concurrent Evacuation             19217 us
[2026-04-03T06:50:22.947+0600][47.084s][info][gc,stats    ] Pause Init Update Refs (G)          755 us
[2026-04-03T06:50:22.947+0600][47.084s][info][gc,stats    ] Pause Init Update Refs (N)          254 us
[2026-04-03T06:50:22.947+0600][47.084s][info][gc,stats    ]   Manage GCLABs                      79 us
[2026-04-03T06:50:22.947+0600][47.084s][info][gc,stats    ] Concurrent Update Refs            67212 us
[2026-04-03T06:50:22.947+0600][47.084s][info][gc,stats    ] Concurrent Update Thread Roots     1662 us
[2026-04-03T06:50:22.947+0600][47.084s][info][gc,stats    ] Pause Final Update Refs (G)         605 us
[2026-04-03T06:50:22.947+0600][47.084s][info][gc,stats    ] Pause Final Update Refs (N)         355 us
[2026-04-03T06:50:22.947+0600][47.084s][info][gc,stats    ]   Update Region States              101 us
[2026-04-03T06:50:22.947+0600][47.084s][info][gc,stats    ]   Trash Collection Set               35 us
[2026-04-03T06:50:22.947+0600][47.084s][info][gc,stats    ]   Rebuild Free Set                   83 us
[2026-04-03T06:50:22.947+0600][47.084s][info][gc,stats    ] Concurrent Cleanup                  429 us
[2026-04-03T06:50:22.947+0600][47.084s][info][gc,stats    ] 
[2026-04-03T06:50:22.947+0600][47.085s][info][gc,stats    ] Allocation pacing accrued:
[2026-04-03T06:50:22.947+0600][47.085s][info][gc,stats    ]       0 of  3599 ms (  0.0%): <total>
[2026-04-03T06:50:22.947+0600][47.085s][info][gc,stats    ]       0 of  3599 ms (  0.0%): <average total>
[2026-04-03T06:50:22.947+0600][47.085s][info][gc,stats    ] 
[2026-04-03T06:50:22.947+0600][47.085s][info][gc,metaspace] Metaspace: 130539K(131648K)->130549K(131712K) NonClass: 114117K(114688K)->114127K(114752K) Class: 16422K(16960K)->16422K(16960K)
[2026-04-03T06:50:22.947+0600][47.085s][info][gc,ergo     ] Pacer for Idle. Initial: 80302K, Alloc Tax Rate: 1.0x
[2026-04-03T06:50:25.384+0600][49.522s][info][gc          ] Trigger: Average GC time (325.06 ms) is above the time for average allocation rate (782 MB/s) to deplete free headroom (244M) (margin of error = 1.81)
[2026-04-03T06:50:25.384+0600][49.522s][info][gc,ergo     ] Free headroom: 440M (free) - 196M (spike) - 0B (penalties) = 244M
[2026-04-03T06:50:25.384+0600][49.522s][info][gc,ergo     ] Free: 440M, Max: 1024K regular, 345M humongous, Frag: 22% external, 0% internal; Reserve: 197M, Max: 1024K
[2026-04-03T06:50:25.384+0600][49.522s][info][gc,start    ] GC(14) Concurrent reset
[2026-04-03T06:50:25.384+0600][49.522s][info][gc,task     ] GC(14) Using 3 of 6 workers for concurrent reset
[2026-04-03T06:50:25.384+0600][49.522s][info][gc,ergo     ] GC(14) Pacer for Reset. Non-Taxable: 3921M
[2026-04-03T06:50:25.397+0600][49.535s][info][gc          ] GC(14) Concurrent reset 12.750ms
[2026-04-03T06:50:25.397+0600][49.535s][info][gc,start    ] GC(14) Pause Init Mark (unload classes)
[2026-04-03T06:50:25.398+0600][49.535s][info][gc,task     ] GC(14) Using 6 of 6 workers for init marking
[2026-04-03T06:50:25.398+0600][49.535s][info][gc,ergo     ] GC(14) Pacer for Mark. Expected Live: 91880K, Free: 389M, Non-Taxable: 39932K, Alloc Tax Rate: 0.3x
[2026-04-03T06:50:25.398+0600][49.535s][info][gc          ] GC(14) Pause Init Mark (unload classes) 0.209ms
[2026-04-03T06:50:25.398+0600][49.535s][info][gc,start    ] GC(14) Concurrent marking roots
[2026-04-03T06:50:25.398+0600][49.535s][info][gc,task     ] GC(14) Using 3 of 6 workers for concurrent marking roots
[2026-04-03T06:50:25.400+0600][49.537s][info][gc          ] GC(14) Concurrent marking roots 1.931ms
[2026-04-03T06:50:25.400+0600][49.537s][info][gc,start    ] GC(14) Concurrent marking (unload classes)
[2026-04-03T06:50:25.400+0600][49.537s][info][gc,task     ] GC(14) Using 3 of 6 workers for concurrent marking
[2026-04-03T06:50:25.473+0600][49.611s][info][gc          ] GC(14) Concurrent marking (unload classes) 73.346ms
[2026-04-03T06:50:25.474+0600][49.611s][info][gc,start    ] GC(14) Pause Final Mark (unload classes)
[2026-04-03T06:50:25.474+0600][49.611s][info][gc,task     ] GC(14) Using 6 of 6 workers for final marking
[2026-04-03T06:50:25.474+0600][49.612s][info][gc,ergo     ] GC(14) Adaptive CSet Selection. Target Free: 555M, Actual Free: 2623M, Max CSet: 163M, Min Garbage: 0B
[2026-04-03T06:50:25.474+0600][49.612s][info][gc,ergo     ] GC(14) Collectable Garbage: 2711M (99%), Immediate: 2095M (77%), CSet: 615M (22%)
[2026-04-03T06:50:25.474+0600][49.612s][info][gc,ergo     ] GC(14) Pacer for Evacuation. Used CSet: 631M, Free: 2945M, Non-Taxable: 294M, Alloc Tax Rate: 1.1x
[2026-04-03T06:50:25.474+0600][49.612s][info][gc          ] GC(14) Pause Final Mark (unload classes) 0.870ms
[2026-04-03T06:50:25.475+0600][49.612s][info][gc,start    ] GC(14) Concurrent thread roots
[2026-04-03T06:50:25.475+0600][49.612s][info][gc,task     ] GC(14) Using 3 of 6 workers for Concurrent thread roots
[2026-04-03T06:50:25.476+0600][49.613s][info][gc          ] GC(14) Concurrent thread roots 1.229ms
[2026-04-03T06:50:25.476+0600][49.614s][info][gc,start    ] GC(14) Concurrent weak references
[2026-04-03T06:50:25.476+0600][49.614s][info][gc,task     ] GC(14) Using 3 of 6 workers for concurrent weak references
[2026-04-03T06:50:25.477+0600][49.614s][info][gc,ref      ] GC(14) Encountered references: Soft: 3869, Weak: 18123, Final: 84, Phantom: 621
[2026-04-03T06:50:25.477+0600][49.614s][info][gc,ref      ] GC(14) Discovered  references: Soft: 0, Weak: 7367, Final: 0, Phantom: 615
[2026-04-03T06:50:25.477+0600][49.614s][info][gc,ref      ] GC(14) Enqueued    references: Soft: 0, Weak: 3459, Final: 0, Phantom: 0
[2026-04-03T06:50:25.477+0600][49.615s][info][gc          ] GC(14) Concurrent weak references 1.008ms
[2026-04-03T06:50:25.477+0600][49.615s][info][gc,start    ] GC(14) Concurrent weak roots
[2026-04-03T06:50:25.477+0600][49.615s][info][gc,task     ] GC(14) Using 3 of 6 workers for concurrent weak root
[2026-04-03T06:50:25.483+0600][49.620s][info][gc          ] GC(14) Concurrent weak roots 5.803ms
[2026-04-03T06:50:25.483+0600][49.620s][info][gc,start    ] GC(14) Concurrent cleanup
[2026-04-03T06:50:25.484+0600][49.622s][info][gc          ] GC(14) Concurrent cleanup 2865M->769M(3424M) 1.045ms
[2026-04-03T06:50:25.484+0600][49.622s][info][gc,ergo     ] GC(14) Free: 2943M, Max: 1024K regular, 328M humongous, Frag: 89% external, 0% internal; Reserve: 196M, Max: 1024K
[2026-04-03T06:50:25.484+0600][49.622s][info][gc,start    ] GC(14) Concurrent class unloading
[2026-04-03T06:50:25.484+0600][49.622s][info][gc,task     ] GC(14) Using 3 of 6 workers for concurrent class unloading
[2026-04-03T06:50:25.513+0600][49.651s][info][gc          ] GC(14) Concurrent class unloading 28.978ms
[2026-04-03T06:50:25.513+0600][49.651s][info][gc,start    ] GC(14) Concurrent strong roots
[2026-04-03T06:50:25.513+0600][49.651s][info][gc,task     ] GC(14) Using 3 of 6 workers for concurrent strong root
[2026-04-03T06:50:25.515+0600][49.652s][info][gc          ] GC(14) Concurrent strong roots 1.521ms
[2026-04-03T06:50:25.515+0600][49.652s][info][gc,start    ] GC(14) Concurrent evacuation
[2026-04-03T06:50:25.515+0600][49.652s][info][gc,task     ] GC(14) Using 3 of 6 workers for concurrent evacuation
[2026-04-03T06:50:25.529+0600][49.666s][info][gc          ] GC(14) Concurrent evacuation 13.593ms
[2026-04-03T06:50:25.529+0600][49.666s][info][gc,start    ] GC(14) Pause Init Update Refs
[2026-04-03T06:50:25.529+0600][49.667s][info][gc,ergo     ] GC(14) Pacer for Update Refs. Used: 801M, Free: 2928M, Non-Taxable: 292M, Alloc Tax Rate: 1.1x
[2026-04-03T06:50:25.529+0600][49.667s][info][gc          ] GC(14) Pause Init Update Refs 0.203ms
[2026-04-03T06:50:25.533+0600][49.671s][info][gc,start    ] GC(14) Concurrent update references
[2026-04-03T06:50:25.533+0600][49.671s][info][gc,task     ] GC(14) Using 3 of 6 workers for concurrent reference update
[2026-04-03T06:50:25.606+0600][49.744s][info][gc          ] GC(14) Concurrent update references 72.744ms
[2026-04-03T06:50:25.606+0600][49.744s][info][gc,start    ] GC(14) Concurrent update thread roots
[2026-04-03T06:50:25.609+0600][49.747s][info][gc          ] GC(14) Concurrent update thread roots 3.207ms
[2026-04-03T06:50:25.610+0600][49.747s][info][gc,start    ] GC(14) Pause Final Update Refs
[2026-04-03T06:50:25.610+0600][49.747s][info][gc,task     ] GC(14) Using 6 of 6 workers for final reference update
[2026-04-03T06:50:25.610+0600][49.748s][info][gc          ] GC(14) Pause Final Update Refs 0.281ms
[2026-04-03T06:50:25.610+0600][49.748s][info][gc,start    ] GC(14) Concurrent cleanup
[2026-04-03T06:50:25.611+0600][49.749s][info][gc          ] GC(14) Concurrent cleanup 1089M->459M(3425M) 1.008ms
[2026-04-03T06:50:25.611+0600][49.749s][info][gc,ergo     ] Free: 3182M, Max: 1024K regular, 2588M humongous, Frag: 19% external, 0% internal; Reserve: 197M, Max: 1024K
[2026-04-03T06:50:25.612+0600][49.749s][info][gc,stats    ] 
[2026-04-03T06:50:25.612+0600][49.749s][info][gc,stats    ] All times are wall-clock times, except per-root-class counters, that are sum over
[2026-04-03T06:50:25.612+0600][49.749s][info][gc,stats    ] all workers. Dividing the <total> over the root stage time estimates parallelism.
[2026-04-03T06:50:25.612+0600][49.749s][info][gc,stats    ] 
[2026-04-03T06:50:25.612+0600][49.749s][info][gc,stats    ] Concurrent Reset                  12858 us
[2026-04-03T06:50:25.612+0600][49.749s][info][gc,stats    ] Pause Init Mark (G)                 685 us
[2026-04-03T06:50:25.612+0600][49.749s][info][gc,stats    ] Pause Init Mark (N)                 225 us
[2026-04-03T06:50:25.612+0600][49.749s][info][gc,stats    ]   Update Region States               51 us
[2026-04-03T06:50:25.612+0600][49.749s][info][gc,stats    ] Concurrent Mark Roots              2003 us, parallelism: 1.85x
[2026-04-03T06:50:25.612+0600][49.749s][info][gc,stats    ]   CMR: <total>                     3701 us
[2026-04-03T06:50:25.612+0600][49.749s][info][gc,stats    ]   CMR: Thread Roots                3220 us, workers (us): 785, 1225, 1210, ---, ---, ---, 
[2026-04-03T06:50:25.612+0600][49.749s][info][gc,stats    ]   CMR: VM Strong Roots               59 us, workers (us):  56,   1,   1, ---, ---, ---, 
[2026-04-03T06:50:25.612+0600][49.749s][info][gc,stats    ]   CMR: CLDG Roots                   423 us, workers (us): 423, ---, ---, ---, ---, ---, 
[2026-04-03T06:50:25.612+0600][49.749s][info][gc,stats    ] Concurrent Marking                73478 us
[2026-04-03T06:50:25.612+0600][49.749s][info][gc,stats    ] Pause Final Mark (G)               1328 us
[2026-04-03T06:50:25.612+0600][49.749s][info][gc,stats    ] Pause Final Mark (N)                883 us
[2026-04-03T06:50:25.612+0600][49.749s][info][gc,stats    ]   Finish Mark                       260 us
[2026-04-03T06:50:25.612+0600][49.749s][info][gc,stats    ]   Update Region States               99 us
[2026-04-03T06:50:25.612+0600][49.749s][info][gc,stats    ]   Choose Collection Set             321 us
[2026-04-03T06:50:25.612+0600][49.749s][info][gc,stats    ]   Rebuild Free Set                   57 us
[2026-04-03T06:50:25.612+0600][49.749s][info][gc,stats    ] Concurrent Thread Roots            1313 us, parallelism: 2.26x
[2026-04-03T06:50:25.612+0600][49.749s][info][gc,stats    ]   CTR: <total>                     2970 us
[2026-04-03T06:50:25.612+0600][49.749s][info][gc,stats    ]   CTR: Thread Roots                2970 us, workers (us): 978, 1031, 961, ---, ---, ---, 
[2026-04-03T06:50:25.612+0600][49.749s][info][gc,stats    ] Concurrent Weak References         1026 us, parallelism: 1.43x
[2026-04-03T06:50:25.612+0600][49.749s][info][gc,stats    ]   CWRF: <total>                    1465 us
[2026-04-03T06:50:25.612+0600][49.750s][info][gc,stats    ]   CWRF: Weak References            1465 us, workers (us): 235, 717, 513, ---, ---, ---, 
[2026-04-03T06:50:25.612+0600][49.750s][info][gc,stats    ] Concurrent Weak Roots              5940 us
[2026-04-03T06:50:25.612+0600][49.750s][info][gc,stats    ]   Roots                            5311 us, parallelism: 2.72x
[2026-04-03T06:50:25.612+0600][49.750s][info][gc,stats    ]     CWR: <total>                  14422 us
[2026-04-03T06:50:25.612+0600][49.750s][info][gc,stats    ]     CWR: Code Cache Roots         10979 us, workers (us): 3527, 3682, 3771, ---, ---, ---, 
[2026-04-03T06:50:25.612+0600][49.750s][info][gc,stats    ]     CWR: VM Weak Roots             3279 us, workers (us): 1096, 1095, 1088, ---, ---, ---, 
[2026-04-03T06:50:25.612+0600][49.750s][info][gc,stats    ]     CWR: CLDG Roots                 163 us, workers (us): 163, ---, ---, ---, ---, ---, 
[2026-04-03T06:50:25.612+0600][49.750s][info][gc,stats    ]   Rendezvous                        451 us
[2026-04-03T06:50:25.612+0600][49.750s][info][gc,stats    ] Concurrent Cleanup                 1110 us
[2026-04-03T06:50:25.612+0600][49.750s][info][gc,stats    ] Concurrent Class Unloading        29138 us
[2026-04-03T06:50:25.612+0600][49.750s][info][gc,stats    ]   Unlink Stale                    18570 us
[2026-04-03T06:50:25.612+0600][49.750s][info][gc,stats    ]     System Dictionary               347 us
[2026-04-03T06:50:25.612+0600][49.750s][info][gc,stats    ]     Weak Class Links                  1 us
[2026-04-03T06:50:25.612+0600][49.750s][info][gc,stats    ]     Code Roots                    18217 us
[2026-04-03T06:50:25.612+0600][49.750s][info][gc,stats    ]   Rendezvous                        465 us
[2026-04-03T06:50:25.612+0600][49.750s][info][gc,stats    ]   Purge Unlinked                   9865 us
[2026-04-03T06:50:25.612+0600][49.750s][info][gc,stats    ]     Code Roots                     9824 us
[2026-04-03T06:50:25.612+0600][49.750s][info][gc,stats    ]     CLDG                             38 us
[2026-04-03T06:50:25.612+0600][49.750s][info][gc,stats    ]     Exception Caches                  1 us
[2026-04-03T06:50:25.612+0600][49.750s][info][gc,stats    ] Concurrent Strong Roots            1620 us, parallelism: 0.65x
[2026-04-03T06:50:25.612+0600][49.750s][info][gc,stats    ]   CSR: <total>                     1059 us
[2026-04-03T06:50:25.612+0600][49.750s][info][gc,stats    ]   CSR: VM Strong Roots               93 us, workers (us):  46,  46,   1, ---, ---, ---, 
[2026-04-03T06:50:25.612+0600][49.750s][info][gc,stats    ]   CSR: CLDG Roots                   966 us, workers (us): ---, 966, ---, ---, ---, ---, 
[2026-04-03T06:50:25.612+0600][49.750s][info][gc,stats    ] Concurrent Evacuation             13780 us
[2026-04-03T06:50:25.612+0600][49.750s][info][gc,stats    ] Pause Init Update Refs (G)         4554 us
[2026-04-03T06:50:25.612+0600][49.750s][info][gc,stats    ] Pause Init Update Refs (N)          225 us
[2026-04-03T06:50:25.612+0600][49.750s][info][gc,stats    ]   Manage GCLABs                      84 us
[2026-04-03T06:50:25.612+0600][49.750s][info][gc,stats    ] Concurrent Update Refs            72891 us
[2026-04-03T06:50:25.613+0600][49.750s][info][gc,stats    ] Concurrent Update Thread Roots     3425 us
[2026-04-03T06:50:25.613+0600][49.750s][info][gc,stats    ] Pause Final Update Refs (G)         668 us
[2026-04-03T06:50:25.613+0600][49.750s][info][gc,stats    ] Pause Final Update Refs (N)         314 us
[2026-04-03T06:50:25.613+0600][49.750s][info][gc,stats    ]   Update Region States               91 us
[2026-04-03T06:50:25.613+0600][49.750s][info][gc,stats    ]   Trash Collection Set               33 us
[2026-04-03T06:50:25.613+0600][49.750s][info][gc,stats    ]   Rebuild Free Set                   71 us
[2026-04-03T06:50:25.613+0600][49.750s][info][gc,stats    ] Concurrent Cleanup                 1065 us
[2026-04-03T06:50:25.613+0600][49.750s][info][gc,stats    ] 
[2026-04-03T06:50:25.613+0600][49.750s][info][gc,stats    ] Allocation pacing accrued:
[2026-04-03T06:50:25.613+0600][49.750s][info][gc,stats    ]       0 of  2666 ms (  0.0%): <total>
[2026-04-03T06:50:25.613+0600][49.750s][info][gc,stats    ]       0 of  2666 ms (  0.0%): <average total>
[2026-04-03T06:50:25.613+0600][49.750s][info][gc,stats    ] 
[2026-04-03T06:50:25.613+0600][49.750s][info][gc,metaspace] Metaspace: 130689K(131968K)->130720K(131968K) NonClass: 114251K(114944K)->114283K(114944K) Class: 16437K(17024K)->16437K(17024K)
[2026-04-03T06:50:25.613+0600][49.750s][info][gc,ergo     ] Pacer for Idle. Initial: 80302K, Alloc Tax Rate: 1.0x
[2026-04-03T06:50:27.725+0600][51.863s][info][gc          ] Trigger: Average GC time (300.27 ms) is above the time for instantaneous allocation rate (4025 MB/s) to deplete free headroom (796M) (spike threshold = 1.78)
[2026-04-03T06:50:27.726+0600][51.863s][info][gc,ergo     ] Free: 992M, Max: 1024K regular, 566M humongous, Frag: 43% external, 0% internal; Reserve: 197M, Max: 1024K
[2026-04-03T06:50:27.726+0600][51.863s][info][gc,start    ] GC(15) Concurrent reset
[2026-04-03T06:50:27.726+0600][51.863s][info][gc,task     ] GC(15) Using 3 of 6 workers for concurrent reset
[2026-04-03T06:50:27.726+0600][51.863s][info][gc,ergo     ] GC(15) Pacer for Reset. Non-Taxable: 3921M
[2026-04-03T06:50:27.734+0600][51.872s][info][gc          ] GC(15) Concurrent reset 8.906ms
[2026-04-03T06:50:27.735+0600][51.872s][info][gc,start    ] GC(15) Pause Init Mark (unload classes)
[2026-04-03T06:50:27.735+0600][51.872s][info][gc,task     ] GC(15) Using 6 of 6 workers for init marking
[2026-04-03T06:50:27.735+0600][51.872s][info][gc,ergo     ] GC(15) Pacer for Mark. Expected Live: 94627K, Free: 987M, Non-Taxable: 101076K, Alloc Tax Rate: 0.1x
[2026-04-03T06:50:27.735+0600][51.872s][info][gc          ] GC(15) Pause Init Mark (unload classes) 0.197ms
[2026-04-03T06:50:27.735+0600][51.873s][info][gc,start    ] GC(15) Concurrent marking roots
[2026-04-03T06:50:27.735+0600][51.873s][info][gc,task     ] GC(15) Using 3 of 6 workers for concurrent marking roots
[2026-04-03T06:50:27.737+0600][51.875s][info][gc          ] GC(15) Concurrent marking roots 1.850ms
[2026-04-03T06:50:27.737+0600][51.875s][info][gc,start    ] GC(15) Concurrent marking (unload classes)
[2026-04-03T06:50:27.737+0600][51.875s][info][gc,task     ] GC(15) Using 3 of 6 workers for concurrent marking
[2026-04-03T06:50:27.808+0600][51.946s][info][gc          ] GC(15) Concurrent marking (unload classes) 71.084ms
[2026-04-03T06:50:27.808+0600][51.946s][info][gc,start    ] GC(15) Pause Final Mark (unload classes)
[2026-04-03T06:50:27.809+0600][51.946s][info][gc,task     ] GC(15) Using 6 of 6 workers for final marking
[2026-04-03T06:50:27.809+0600][51.947s][info][gc,ergo     ] GC(15) Adaptive CSet Selection. Target Free: 555M, Actual Free: 2744M, Max CSet: 163M, Min Garbage: 0B
[2026-04-03T06:50:27.810+0600][51.947s][info][gc,ergo     ] GC(15) Collectable Garbage: 2211M (99%), Immediate: 1616M (72%), CSet: 594M (26%)
[2026-04-03T06:50:27.810+0600][51.947s][info][gc,ergo     ] GC(15) Pacer for Evacuation. Used CSet: 607M, Free: 2975M, Non-Taxable: 297M, Alloc Tax Rate: 1.1x
[2026-04-03T06:50:27.810+0600][51.947s][info][gc          ] GC(15) Pause Final Mark (unload classes) 1.229ms
[2026-04-03T06:50:27.810+0600][51.947s][info][gc,start    ] GC(15) Concurrent thread roots
[2026-04-03T06:50:27.810+0600][51.947s][info][gc,task     ] GC(15) Using 3 of 6 workers for Concurrent thread roots
[2026-04-03T06:50:27.812+0600][51.949s][info][gc          ] GC(15) Concurrent thread roots 1.646ms
[2026-04-03T06:50:27.812+0600][51.949s][info][gc,start    ] GC(15) Concurrent weak references
[2026-04-03T06:50:27.812+0600][51.949s][info][gc,task     ] GC(15) Using 3 of 6 workers for concurrent weak references
[2026-04-03T06:50:27.813+0600][51.950s][info][gc,ref      ] GC(15) Encountered references: Soft: 3868, Weak: 17616, Final: 84, Phantom: 621
[2026-04-03T06:50:27.813+0600][51.950s][info][gc,ref      ] GC(15) Discovered  references: Soft: 0, Weak: 10909, Final: 68, Phantom: 617
[2026-04-03T06:50:27.813+0600][51.950s][info][gc,ref      ] GC(15) Enqueued    references: Soft: 0, Weak: 2899, Final: 0, Phantom: 0
[2026-04-03T06:50:27.813+0600][51.950s][info][gc          ] GC(15) Concurrent weak references 1.045ms
[2026-04-03T06:50:27.813+0600][51.950s][info][gc,start    ] GC(15) Concurrent weak roots
[2026-04-03T06:50:27.813+0600][51.950s][info][gc,task     ] GC(15) Using 3 of 6 workers for concurrent weak root
[2026-04-03T06:50:27.819+0600][51.957s][info][gc          ] GC(15) Concurrent weak roots 6.378ms
[2026-04-03T06:50:27.819+0600][51.957s][info][gc,start    ] GC(15) Concurrent cleanup
[2026-04-03T06:50:27.821+0600][51.958s][info][gc          ] GC(15) Concurrent cleanup 2359M->743M(3425M) 1.556ms
[2026-04-03T06:50:27.821+0600][51.959s][info][gc,ergo     ] GC(15) Free: 2972M, Max: 1024K regular, 504M humongous, Frag: 84% external, 0% internal; Reserve: 195M, Max: 1024K
[2026-04-03T06:50:27.821+0600][51.959s][info][gc,start    ] GC(15) Concurrent class unloading
[2026-04-03T06:50:27.821+0600][51.959s][info][gc,task     ] GC(15) Using 3 of 6 workers for concurrent class unloading
[2026-04-03T06:50:27.850+0600][51.988s][info][gc          ] GC(15) Concurrent class unloading 29.375ms
[2026-04-03T06:50:27.851+0600][51.988s][info][gc,start    ] GC(15) Concurrent strong roots
[2026-04-03T06:50:27.851+0600][51.988s][info][gc,task     ] GC(15) Using 3 of 6 workers for concurrent strong root
[2026-04-03T06:50:27.853+0600][51.990s][info][gc          ] GC(15) Concurrent strong roots 2.191ms
[2026-04-03T06:50:27.853+0600][51.990s][info][gc,start    ] GC(15) Concurrent evacuation
[2026-04-03T06:50:27.853+0600][51.991s][info][gc,task     ] GC(15) Using 3 of 6 workers for concurrent evacuation
[2026-04-03T06:50:27.865+0600][52.003s][info][gc          ] GC(15) Concurrent evacuation 12.470ms
[2026-04-03T06:50:27.866+0600][52.004s][info][gc,start    ] GC(15) Pause Init Update Refs
[2026-04-03T06:50:27.867+0600][52.004s][info][gc,ergo     ] GC(15) Pacer for Update Refs. Used: 986M, Free: 2689M, Non-Taxable: 268M, Alloc Tax Rate: 1.1x
[2026-04-03T06:50:27.867+0600][52.004s][info][gc          ] GC(15) Pause Init Update Refs 0.238ms
[2026-04-03T06:50:27.867+0600][52.004s][info][gc,start    ] GC(15) Concurrent update references
[2026-04-03T06:50:27.867+0600][52.004s][info][gc,task     ] GC(15) Using 3 of 6 workers for concurrent reference update
[2026-04-03T06:50:27.928+0600][52.066s][info][gc          ] GC(15) Concurrent update references 61.228ms
[2026-04-03T06:50:27.928+0600][52.066s][info][gc,start    ] GC(15) Concurrent update thread roots
[2026-04-03T06:50:27.930+0600][52.067s][info][gc          ] GC(15) Concurrent update thread roots 1.782ms
[2026-04-03T06:50:27.930+0600][52.068s][info][gc,start    ] GC(15) Pause Final Update Refs
[2026-04-03T06:50:27.930+0600][52.068s][info][gc,task     ] GC(15) Using 6 of 6 workers for final reference update
[2026-04-03T06:50:27.931+0600][52.068s][info][gc          ] GC(15) Pause Final Update Refs 0.506ms
[2026-04-03T06:50:27.931+0600][52.068s][info][gc,start    ] GC(15) Concurrent cleanup
[2026-04-03T06:50:27.932+0600][52.069s][info][gc          ] GC(15) Concurrent cleanup 1081M->475M(3425M) 0.885ms
[2026-04-03T06:50:27.932+0600][52.069s][info][gc,ergo     ] Free: 3166M, Max: 1024K regular, 2027M humongous, Frag: 36% external, 0% internal; Reserve: 197M, Max: 1024K
[2026-04-03T06:50:27.932+0600][52.069s][info][gc,stats    ] 
[2026-04-03T06:50:27.932+0600][52.069s][info][gc,stats    ] All times are wall-clock times, except per-root-class counters, that are sum over
[2026-04-03T06:50:27.932+0600][52.069s][info][gc,stats    ] all workers. Dividing the <total> over the root stage time estimates parallelism.
[2026-04-03T06:50:27.932+0600][52.069s][info][gc,stats    ] 
[2026-04-03T06:50:27.932+0600][52.070s][info][gc,stats    ] Concurrent Reset                   8985 us
[2026-04-03T06:50:27.932+0600][52.070s][info][gc,stats    ] Pause Init Mark (G)                 609 us
[2026-04-03T06:50:27.932+0600][52.070s][info][gc,stats    ] Pause Init Mark (N)                 208 us
[2026-04-03T06:50:27.932+0600][52.070s][info][gc,stats    ]   Update Region States               43 us
[2026-04-03T06:50:27.932+0600][52.070s][info][gc,stats    ] Concurrent Mark Roots              1919 us, parallelism: 1.75x
[2026-04-03T06:50:27.932+0600][52.070s][info][gc,stats    ]   CMR: <total>                     3352 us
[2026-04-03T06:50:27.932+0600][52.070s][info][gc,stats    ]   CMR: Thread Roots                2939 us, workers (us): 734, 1082, 1123, ---, ---, ---, 
[2026-04-03T06:50:27.932+0600][52.070s][info][gc,stats    ]   CMR: VM Strong Roots               56 us, workers (us):  30,  24,   1, ---, ---, ---, 
[2026-04-03T06:50:27.932+0600][52.070s][info][gc,stats    ]   CMR: CLDG Roots                   358 us, workers (us): 358, ---, ---, ---, ---, ---, 
[2026-04-03T06:50:27.932+0600][52.070s][info][gc,stats    ] Concurrent Marking                71223 us
[2026-04-03T06:50:27.932+0600][52.070s][info][gc,stats    ] Pause Final Mark (G)               1576 us
[2026-04-03T06:50:27.932+0600][52.070s][info][gc,stats    ] Pause Final Mark (N)               1248 us
[2026-04-03T06:50:27.932+0600][52.070s][info][gc,stats    ]   Finish Mark                       454 us
[2026-04-03T06:50:27.932+0600][52.070s][info][gc,stats    ]   Update Region States               77 us
[2026-04-03T06:50:27.932+0600][52.070s][info][gc,stats    ]   Choose Collection Set             419 us
[2026-04-03T06:50:27.932+0600][52.070s][info][gc,stats    ]   Rebuild Free Set                   76 us
[2026-04-03T06:50:27.932+0600][52.070s][info][gc,stats    ] Concurrent Thread Roots            1707 us, parallelism: 2.49x
[2026-04-03T06:50:27.932+0600][52.070s][info][gc,stats    ]   CTR: <total>                     4251 us
[2026-04-03T06:50:27.932+0600][52.070s][info][gc,stats    ]   CTR: Thread Roots                4251 us, workers (us): 1362, 1452, 1436, ---, ---, ---, 
[2026-04-03T06:50:27.932+0600][52.070s][info][gc,stats    ] Concurrent Weak References         1058 us, parallelism: 2.09x
[2026-04-03T06:50:27.932+0600][52.070s][info][gc,stats    ]   CWRF: <total>                    2210 us
[2026-04-03T06:50:27.932+0600][52.070s][info][gc,stats    ]   CWRF: Weak References            2210 us, workers (us): 791, 590, 830, ---, ---, ---, 
[2026-04-03T06:50:27.932+0600][52.070s][info][gc,stats    ] Concurrent Weak Roots              6518 us
[2026-04-03T06:50:27.932+0600][52.070s][info][gc,stats    ]   Roots                            5853 us, parallelism: 2.73x
[2026-04-03T06:50:27.932+0600][52.070s][info][gc,stats    ]     CWR: <total>                  15960 us
[2026-04-03T06:50:27.932+0600][52.070s][info][gc,stats    ]     CWR: Code Cache Roots         12360 us, workers (us): 3741, 4295, 4324, ---, ---, ---, 
[2026-04-03T06:50:27.932+0600][52.070s][info][gc,stats    ]     CWR: VM Weak Roots             3358 us, workers (us): 1120, 1120, 1119, ---, ---, ---, 
[2026-04-03T06:50:27.932+0600][52.070s][info][gc,stats    ]     CWR: CLDG Roots                 243 us, workers (us): 243, ---, ---, ---, ---, ---, 
[2026-04-03T06:50:27.933+0600][52.070s][info][gc,stats    ]   Rendezvous                        489 us
[2026-04-03T06:50:27.933+0600][52.070s][info][gc,stats    ] Concurrent Cleanup                 1696 us
[2026-04-03T06:50:27.933+0600][52.070s][info][gc,stats    ] Concurrent Class Unloading        29545 us
[2026-04-03T06:50:27.933+0600][52.070s][info][gc,stats    ]   Unlink Stale                    17098 us
[2026-04-03T06:50:27.933+0600][52.070s][info][gc,stats    ]     System Dictionary               442 us
[2026-04-03T06:50:27.933+0600][52.070s][info][gc,stats    ]     Weak Class Links                  1 us
[2026-04-03T06:50:27.933+0600][52.070s][info][gc,stats    ]     Code Roots                    16649 us
[2026-04-03T06:50:27.933+0600][52.070s][info][gc,stats    ]   Rendezvous                        563 us
[2026-04-03T06:50:27.933+0600][52.070s][info][gc,stats    ]   Purge Unlinked                  11653 us
[2026-04-03T06:50:27.933+0600][52.070s][info][gc,stats    ]     Code Roots                    11592 us
[2026-04-03T06:50:27.933+0600][52.070s][info][gc,stats    ]     CLDG                             58 us
[2026-04-03T06:50:27.933+0600][52.070s][info][gc,stats    ]     Exception Caches                  0 us
[2026-04-03T06:50:27.933+0600][52.070s][info][gc,stats    ] Concurrent Strong Roots            2307 us, parallelism: 0.72x
[2026-04-03T06:50:27.933+0600][52.070s][info][gc,stats    ]   CSR: <total>                     1658 us
[2026-04-03T06:50:27.933+0600][52.070s][info][gc,stats    ]   CSR: VM Strong Roots              106 us, workers (us):  64,  24,  18, ---, ---, ---, 
[2026-04-03T06:50:27.933+0600][52.070s][info][gc,stats    ]   CSR: CLDG Roots                  1552 us, workers (us): 1552, ---, ---, ---, ---, ---, 
[2026-04-03T06:50:27.933+0600][52.070s][info][gc,stats    ] Concurrent Evacuation             12656 us
[2026-04-03T06:50:27.933+0600][52.070s][info][gc,stats    ] Pause Init Update Refs (G)         1217 us
[2026-04-03T06:50:27.933+0600][52.070s][info][gc,stats    ] Pause Init Update Refs (N)          260 us
[2026-04-03T06:50:27.933+0600][52.070s][info][gc,stats    ]   Manage GCLABs                      84 us
[2026-04-03T06:50:27.933+0600][52.070s][info][gc,stats    ] Concurrent Update Refs            61361 us
[2026-04-03T06:50:27.933+0600][52.070s][info][gc,stats    ] Concurrent Update Thread Roots     1908 us
[2026-04-03T06:50:27.933+0600][52.070s][info][gc,stats    ] Pause Final Update Refs (G)         793 us
[2026-04-03T06:50:27.933+0600][52.070s][info][gc,stats    ] Pause Final Update Refs (N)         533 us
[2026-04-03T06:50:27.933+0600][52.070s][info][gc,stats    ]   Update Region States               79 us
[2026-04-03T06:50:27.933+0600][52.070s][info][gc,stats    ]   Trash Collection Set               29 us
[2026-04-03T06:50:27.933+0600][52.070s][info][gc,stats    ]   Rebuild Free Set                   63 us
[2026-04-03T06:50:27.933+0600][52.070s][info][gc,stats    ] Concurrent Cleanup                  931 us
[2026-04-03T06:50:27.933+0600][52.070s][info][gc,stats    ] 
[2026-04-03T06:50:27.933+0600][52.071s][info][gc,stats    ] Allocation pacing accrued:
[2026-04-03T06:50:27.933+0600][52.071s][info][gc,stats    ]       0 of  2320 ms (  0.0%): <total>
[2026-04-03T06:50:27.933+0600][52.071s][info][gc,stats    ]       0 of  2320 ms (  0.0%): <average total>
[2026-04-03T06:50:27.933+0600][52.071s][info][gc,stats    ] 
[2026-04-03T06:50:27.933+0600][52.071s][info][gc,metaspace] Metaspace: 130792K(132032K)->130797K(132032K) NonClass: 114353K(115008K)->114357K(115008K) Class: 16439K(17024K)->16439K(17024K)
[2026-04-03T06:50:27.933+0600][52.071s][info][gc,ergo     ] Pacer for Idle. Initial: 80302K, Alloc Tax Rate: 1.0x
[2026-04-03T06:50:30.048+0600][54.185s][info][gc          ] Trigger: Average GC time (278.42 ms) is above the time for instantaneous allocation rate (4276 MB/s) to deplete free headroom (752M) (spike threshold = 1.76)
[2026-04-03T06:50:30.048+0600][54.185s][info][gc,ergo     ] Free: 948M, Max: 1024K regular, 616M humongous, Frag: 35% external, 0% internal; Reserve: 197M, Max: 1024K
[2026-04-03T06:50:30.048+0600][54.185s][info][gc,start    ] GC(16) Concurrent reset
[2026-04-03T06:50:30.048+0600][54.185s][info][gc,task     ] GC(16) Using 3 of 6 workers for concurrent reset
[2026-04-03T06:50:30.048+0600][54.185s][info][gc,ergo     ] GC(16) Pacer for Reset. Non-Taxable: 3921M
[2026-04-03T06:50:30.054+0600][54.192s][info][gc          ] GC(16) Concurrent reset 6.241ms
[2026-04-03T06:50:30.054+0600][54.192s][info][gc,start    ] GC(16) Pause Init Mark (unload classes)
[2026-04-03T06:50:30.055+0600][54.192s][info][gc,task     ] GC(16) Using 6 of 6 workers for init marking
[2026-04-03T06:50:30.055+0600][54.192s][info][gc,ergo     ] GC(16) Pacer for Mark. Expected Live: 94587K, Free: 947M, Non-Taxable: 96983K, Alloc Tax Rate: 0.1x
[2026-04-03T06:50:30.055+0600][54.192s][info][gc          ] GC(16) Pause Init Mark (unload classes) 0.285ms
[2026-04-03T06:50:30.055+0600][54.192s][info][gc,start    ] GC(16) Concurrent marking roots
[2026-04-03T06:50:30.055+0600][54.193s][info][gc,task     ] GC(16) Using 3 of 6 workers for concurrent marking roots
[2026-04-03T06:50:30.057+0600][54.194s][info][gc          ] GC(16) Concurrent marking roots 1.983ms
[2026-04-03T06:50:30.057+0600][54.194s][info][gc,start    ] GC(16) Concurrent marking (unload classes)
[2026-04-03T06:50:30.057+0600][54.194s][info][gc,task     ] GC(16) Using 3 of 6 workers for concurrent marking
[2026-04-03T06:50:30.132+0600][54.270s][info][gc          ] GC(16) Concurrent marking (unload classes) 75.266ms
[2026-04-03T06:50:30.134+0600][54.271s][info][gc,start    ] GC(16) Pause Final Mark (unload classes)
[2026-04-03T06:50:30.134+0600][54.271s][info][gc,task     ] GC(16) Using 6 of 6 workers for final marking
[2026-04-03T06:50:30.134+0600][54.272s][info][gc,ergo     ] GC(16) Adaptive CSet Selection. Target Free: 555M, Actual Free: 2485M, Max CSet: 163M, Min Garbage: 0B
[2026-04-03T06:50:30.135+0600][54.272s][info][gc,ergo     ] GC(16) Collectable Garbage: 2244M (99%), Immediate: 1666M (73%), CSet: 578M (25%)
[2026-04-03T06:50:30.135+0600][54.272s][info][gc,ergo     ] GC(16) Pacer for Evacuation. Used CSet: 591M, Free: 2721M, Non-Taxable: 272M, Alloc Tax Rate: 1.1x
[2026-04-03T06:50:30.135+0600][54.272s][info][gc          ] GC(16) Pause Final Mark (unload classes) 1.304ms
[2026-04-03T06:50:30.135+0600][54.273s][info][gc,start    ] GC(16) Concurrent thread roots
[2026-04-03T06:50:30.135+0600][54.273s][info][gc,task     ] GC(16) Using 3 of 6 workers for Concurrent thread roots
[2026-04-03T06:50:30.137+0600][54.275s][info][gc          ] GC(16) Concurrent thread roots 1.936ms
[2026-04-03T06:50:30.137+0600][54.275s][info][gc,start    ] GC(16) Concurrent weak references
[2026-04-03T06:50:30.137+0600][54.275s][info][gc,task     ] GC(16) Using 3 of 6 workers for concurrent weak references
[2026-04-03T06:50:30.139+0600][54.276s][info][gc,ref      ] GC(16) Encountered references: Soft: 3868, Weak: 17613, Final: 84, Phantom: 621
[2026-04-03T06:50:30.139+0600][54.277s][info][gc,ref      ] GC(16) Discovered  references: Soft: 0, Weak: 11409, Final: 52, Phantom: 580
[2026-04-03T06:50:30.139+0600][54.277s][info][gc,ref      ] GC(16) Enqueued    references: Soft: 0, Weak: 3102, Final: 0, Phantom: 0
[2026-04-03T06:50:30.139+0600][54.277s][info][gc          ] GC(16) Concurrent weak references 1.937ms
[2026-04-03T06:50:30.139+0600][54.277s][info][gc,start    ] GC(16) Concurrent weak roots
[2026-04-03T06:50:30.139+0600][54.277s][info][gc,task     ] GC(16) Using 3 of 6 workers for concurrent weak root
[2026-04-03T06:50:30.146+0600][54.283s][info][gc          ] GC(16) Concurrent weak roots 6.853ms
[2026-04-03T06:50:30.146+0600][54.284s][info][gc,start    ] GC(16) Concurrent cleanup
[2026-04-03T06:50:30.147+0600][54.285s][info][gc          ] GC(16) Concurrent cleanup 2640M->974M(3425M) 1.049ms
[2026-04-03T06:50:30.147+0600][54.285s][info][gc,ergo     ] GC(16) Free: 2680M, Max: 1024K regular, 330M humongous, Frag: 88% external, 0% internal; Reserve: 195M, Max: 1024K
[2026-04-03T06:50:30.147+0600][54.285s][info][gc,start    ] GC(16) Concurrent class unloading
[2026-04-03T06:50:30.147+0600][54.285s][info][gc,task     ] GC(16) Using 3 of 6 workers for concurrent class unloading
[2026-04-03T06:50:30.175+0600][54.312s][info][gc          ] GC(16) Concurrent class unloading 27.660ms
[2026-04-03T06:50:30.175+0600][54.313s][info][gc,start    ] GC(16) Concurrent strong roots
[2026-04-03T06:50:30.175+0600][54.313s][info][gc,task     ] GC(16) Using 3 of 6 workers for concurrent strong root
[2026-04-03T06:50:30.178+0600][54.315s][info][gc          ] GC(16) Concurrent strong roots 2.446ms
[2026-04-03T06:50:30.178+0600][54.315s][info][gc,start    ] GC(16) Concurrent evacuation
[2026-04-03T06:50:30.178+0600][54.315s][info][gc,task     ] GC(16) Using 3 of 6 workers for concurrent evacuation
[2026-04-03T06:50:30.190+0600][54.328s][info][gc          ] GC(16) Concurrent evacuation 12.515ms
[2026-04-03T06:50:30.191+0600][54.329s][info][gc,start    ] GC(16) Pause Init Update Refs
[2026-04-03T06:50:30.191+0600][54.329s][info][gc,ergo     ] GC(16) Pacer for Update Refs. Used: 1011M, Free: 2656M, Non-Taxable: 265M, Alloc Tax Rate: 1.1x
[2026-04-03T06:50:30.191+0600][54.329s][info][gc          ] GC(16) Pause Init Update Refs 0.230ms
[2026-04-03T06:50:30.191+0600][54.329s][info][gc,start    ] GC(16) Concurrent update references
[2026-04-03T06:50:30.192+0600][54.329s][info][gc,task     ] GC(16) Using 3 of 6 workers for concurrent reference update
[2026-04-03T06:50:30.244+0600][54.382s][info][gc          ] GC(16) Concurrent update references 52.725ms
[2026-04-03T06:50:30.244+0600][54.382s][info][gc,start    ] GC(16) Concurrent update thread roots
[2026-04-03T06:50:30.246+0600][54.383s][info][gc          ] GC(16) Concurrent update thread roots 1.312ms
[2026-04-03T06:50:30.246+0600][54.384s][info][gc,start    ] GC(16) Pause Final Update Refs
[2026-04-03T06:50:30.246+0600][54.384s][info][gc,task     ] GC(16) Using 6 of 6 workers for final reference update
[2026-04-03T06:50:30.246+0600][54.384s][info][gc          ] GC(16) Pause Final Update Refs 0.283ms
[2026-04-03T06:50:30.246+0600][54.384s][info][gc,start    ] GC(16) Concurrent cleanup
[2026-04-03T06:50:30.247+0600][54.384s][info][gc          ] GC(16) Concurrent cleanup 1054M->464M(3425M) 0.425ms
[2026-04-03T06:50:30.247+0600][54.385s][info][gc,ergo     ] Free: 3180M, Max: 1024K regular, 2132M humongous, Frag: 33% external, 0% internal; Reserve: 197M, Max: 1024K
[2026-04-03T06:50:30.247+0600][54.385s][info][gc,stats    ] 
[2026-04-03T06:50:30.247+0600][54.385s][info][gc,stats    ] All times are wall-clock times, except per-root-class counters, that are sum over
[2026-04-03T06:50:30.247+0600][54.385s][info][gc,stats    ] all workers. Dividing the <total> over the root stage time estimates parallelism.
[2026-04-03T06:50:30.247+0600][54.385s][info][gc,stats    ] 
[2026-04-03T06:50:30.247+0600][54.385s][info][gc,stats    ] Concurrent Reset                   6382 us
[2026-04-03T06:50:30.247+0600][54.385s][info][gc,stats    ] Pause Init Mark (G)                 635 us
[2026-04-03T06:50:30.247+0600][54.385s][info][gc,stats    ] Pause Init Mark (N)                 299 us
[2026-04-03T06:50:30.247+0600][54.385s][info][gc,stats    ]   Update Region States               94 us
[2026-04-03T06:50:30.247+0600][54.385s][info][gc,stats    ] Concurrent Mark Roots              2056 us, parallelism: 1.72x
[2026-04-03T06:50:30.247+0600][54.385s][info][gc,stats    ]   CMR: <total>                     3545 us
[2026-04-03T06:50:30.247+0600][54.385s][info][gc,stats    ]   CMR: Thread Roots                3057 us, workers (us): 733, 1149, 1174, ---, ---, ---, 
[2026-04-03T06:50:30.247+0600][54.385s][info][gc,stats    ]   CMR: VM Strong Roots               55 us, workers (us):  46,   8,   1, ---, ---, ---, 
[2026-04-03T06:50:30.247+0600][54.385s][info][gc,stats    ]   CMR: CLDG Roots                   433 us, workers (us): 433, ---, ---, ---, ---, ---, 
[2026-04-03T06:50:30.247+0600][54.385s][info][gc,stats    ] Concurrent Marking                75420 us
[2026-04-03T06:50:30.247+0600][54.385s][info][gc,stats    ] Pause Final Mark (G)               2720 us
[2026-04-03T06:50:30.247+0600][54.385s][info][gc,stats    ] Pause Final Mark (N)               1326 us
[2026-04-03T06:50:30.247+0600][54.385s][info][gc,stats    ]   Finish Mark                       301 us
[2026-04-03T06:50:30.247+0600][54.385s][info][gc,stats    ]   Update Region States              160 us
[2026-04-03T06:50:30.247+0600][54.385s][info][gc,stats    ]   Choose Collection Set             562 us
[2026-04-03T06:50:30.247+0600][54.385s][info][gc,stats    ]   Rebuild Free Set                   65 us
[2026-04-03T06:50:30.247+0600][54.385s][info][gc,stats    ] Concurrent Thread Roots            2037 us, parallelism: 2.13x
[2026-04-03T06:50:30.247+0600][54.385s][info][gc,stats    ]   CTR: <total>                     4333 us
[2026-04-03T06:50:30.247+0600][54.385s][info][gc,stats    ]   CTR: Thread Roots                4333 us, workers (us): 1565, 1398, 1371, ---, ---, ---, 
[2026-04-03T06:50:30.247+0600][54.385s][info][gc,stats    ] Concurrent Weak References         1958 us, parallelism: 1.21x
[2026-04-03T06:50:30.247+0600][54.385s][info][gc,stats    ]   CWRF: <total>                    2366 us
[2026-04-03T06:50:30.248+0600][54.385s][info][gc,stats    ]   CWRF: Weak References            2366 us, workers (us): 1465, 595, 306, ---, ---, ---, 
[2026-04-03T06:50:30.248+0600][54.385s][info][gc,stats    ] Concurrent Weak Roots              6958 us
[2026-04-03T06:50:30.248+0600][54.385s][info][gc,stats    ]   Roots                            6296 us, parallelism: 2.70x
[2026-04-03T06:50:30.248+0600][54.385s][info][gc,stats    ]     CWR: <total>                  17013 us
[2026-04-03T06:50:30.248+0600][54.385s][info][gc,stats    ]     CWR: Code Cache Roots         13065 us, workers (us): 4462, 4161, 4443, ---, ---, ---, 
[2026-04-03T06:50:30.248+0600][54.385s][info][gc,stats    ]     CWR: VM Weak Roots             3710 us, workers (us): 1249, 1232, 1229, ---, ---, ---, 
[2026-04-03T06:50:30.248+0600][54.385s][info][gc,stats    ]     CWR: CLDG Roots                 238 us, workers (us): ---, 238, ---, ---, ---, ---, 
[2026-04-03T06:50:30.248+0600][54.385s][info][gc,stats    ]   Rendezvous                        492 us
[2026-04-03T06:50:30.248+0600][54.385s][info][gc,stats    ] Concurrent Cleanup                 1101 us
[2026-04-03T06:50:30.248+0600][54.385s][info][gc,stats    ] Concurrent Class Unloading        27817 us
[2026-04-03T06:50:30.248+0600][54.385s][info][gc,stats    ]   Unlink Stale                    21150 us
[2026-04-03T06:50:30.248+0600][54.385s][info][gc,stats    ]     System Dictionary               393 us
[2026-04-03T06:50:30.248+0600][54.385s][info][gc,stats    ]     Weak Class Links                  1 us
[2026-04-03T06:50:30.248+0600][54.385s][info][gc,stats    ]     Code Roots                    20752 us
[2026-04-03T06:50:30.248+0600][54.385s][info][gc,stats    ]   Rendezvous                        382 us
[2026-04-03T06:50:30.248+0600][54.385s][info][gc,stats    ]   Purge Unlinked                   6065 us
[2026-04-03T06:50:30.248+0600][54.385s][info][gc,stats    ]     Code Roots                     6027 us
[2026-04-03T06:50:30.248+0600][54.385s][info][gc,stats    ]     CLDG                             35 us
[2026-04-03T06:50:30.248+0600][54.385s][info][gc,stats    ]     Exception Caches                  1 us
[2026-04-03T06:50:30.248+0600][54.385s][info][gc,stats    ] Concurrent Strong Roots            2603 us, parallelism: 0.73x
[2026-04-03T06:50:30.248+0600][54.385s][info][gc,stats    ]   CSR: <total>                     1892 us
[2026-04-03T06:50:30.248+0600][54.385s][info][gc,stats    ]   CSR: VM Strong Roots               82 us, workers (us):  46,  36,   0, ---, ---, ---, 
[2026-04-03T06:50:30.248+0600][54.385s][info][gc,stats    ]   CSR: CLDG Roots                  1810 us, workers (us): 1810, ---, ---, ---, ---, ---, 
[2026-04-03T06:50:30.248+0600][54.385s][info][gc,stats    ] Concurrent Evacuation             12654 us
[2026-04-03T06:50:30.248+0600][54.385s][info][gc,stats    ] Pause Init Update Refs (G)         1055 us
[2026-04-03T06:50:30.248+0600][54.385s][info][gc,stats    ] Pause Init Update Refs (N)          252 us
[2026-04-03T06:50:30.248+0600][54.385s][info][gc,stats    ]   Manage GCLABs                      72 us
[2026-04-03T06:50:30.248+0600][54.385s][info][gc,stats    ] Concurrent Update Refs            52973 us
[2026-04-03T06:50:30.248+0600][54.385s][info][gc,stats    ] Concurrent Update Thread Roots     1392 us
[2026-04-03T06:50:30.248+0600][54.385s][info][gc,stats    ] Pause Final Update Refs (G)         590 us
[2026-04-03T06:50:30.248+0600][54.385s][info][gc,stats    ] Pause Final Update Refs (N)         307 us
[2026-04-03T06:50:30.248+0600][54.386s][info][gc,stats    ]   Update Region States               78 us
[2026-04-03T06:50:30.248+0600][54.386s][info][gc,stats    ]   Trash Collection Set               27 us
[2026-04-03T06:50:30.248+0600][54.386s][info][gc,stats    ]   Rebuild Free Set                   83 us
[2026-04-03T06:50:30.248+0600][54.386s][info][gc,stats    ] Concurrent Cleanup                  481 us
[2026-04-03T06:50:30.248+0600][54.386s][info][gc,stats    ] 
[2026-04-03T06:50:30.248+0600][54.386s][info][gc,stats    ] Allocation pacing accrued:
[2026-04-03T06:50:30.248+0600][54.386s][info][gc,stats    ]       0 of  2315 ms (  0.0%): <total>
[2026-04-03T06:50:30.248+0600][54.386s][info][gc,stats    ]       0 of  2315 ms (  0.0%): <average total>
[2026-04-03T06:50:30.248+0600][54.386s][info][gc,stats    ] 
[2026-04-03T06:50:30.248+0600][54.386s][info][gc,metaspace] Metaspace: 130866K(132096K)->130885K(132096K) NonClass: 114427K(115072K)->114446K(115072K) Class: 16439K(17024K)->16439K(17024K)
[2026-04-03T06:50:30.248+0600][54.386s][info][gc,ergo     ] Pacer for Idle. Initial: 80302K, Alloc Tax Rate: 1.0x
[2026-04-03T06:50:32.818+0600][56.955s][info][gc          ] Trigger: Explicit GC request (System.gc())
[2026-04-03T06:50:32.818+0600][56.955s][info][gc,ergo     ] Free: 869M, Max: 1024K regular, 328M humongous, Frag: 63% external, 0% internal; Reserve: 197M, Max: 1024K
[2026-04-03T06:50:32.818+0600][56.955s][info][gc,start    ] GC(17) Concurrent reset
[2026-04-03T06:50:32.818+0600][56.956s][info][gc,task     ] GC(17) Using 3 of 6 workers for concurrent reset
[2026-04-03T06:50:32.818+0600][56.956s][info][gc,ergo     ] GC(17) Pacer for Reset. Non-Taxable: 3921M
[2026-04-03T06:50:32.823+0600][56.961s][info][gc          ] GC(17) Concurrent reset 5.292ms
[2026-04-03T06:50:32.824+0600][56.961s][info][gc,start    ] GC(17) Pause Init Mark (unload classes)
[2026-04-03T06:50:32.824+0600][56.961s][info][gc,task     ] GC(17) Using 6 of 6 workers for init marking
[2026-04-03T06:50:32.824+0600][56.961s][info][gc,ref      ] GC(17) Clearing All SoftReferences
[2026-04-03T06:50:32.824+0600][56.961s][info][gc,ergo     ] GC(17) Pacer for Mark. Expected Live: 94274K, Free: 869M, Non-Taxable: 88989K, Alloc Tax Rate: 0.1x
[2026-04-03T06:50:32.824+0600][56.961s][info][gc          ] GC(17) Pause Init Mark (unload classes) 0.183ms
[2026-04-03T06:50:32.824+0600][56.961s][info][gc,start    ] GC(17) Concurrent marking roots
[2026-04-03T06:50:32.824+0600][56.962s][info][gc,task     ] GC(17) Using 3 of 6 workers for concurrent marking roots
[2026-04-03T06:50:32.826+0600][56.963s][info][gc          ] GC(17) Concurrent marking roots 1.908ms
[2026-04-03T06:50:32.826+0600][56.963s][info][gc,start    ] GC(17) Concurrent marking (unload classes)
[2026-04-03T06:50:32.826+0600][56.963s][info][gc,task     ] GC(17) Using 3 of 6 workers for concurrent marking
[2026-04-03T06:50:32.889+0600][57.026s][info][gc          ] GC(17) Concurrent marking (unload classes) 62.701ms
[2026-04-03T06:50:32.889+0600][57.026s][info][gc,start    ] GC(17) Pause Final Mark (unload classes)
[2026-04-03T06:50:32.889+0600][57.027s][info][gc,task     ] GC(17) Using 6 of 6 workers for final marking
[2026-04-03T06:50:32.890+0600][57.027s][info][gc,ergo     ] GC(17) Adaptive CSet Selection. Target Free: 555M, Actual Free: 2804M, Max CSet: 163M, Min Garbage: 0B
[2026-04-03T06:50:32.890+0600][57.027s][info][gc,ergo     ] GC(17) Collectable Garbage: 2337M (99%), Immediate: 1743M (74%), CSet: 594M (25%)
[2026-04-03T06:50:32.890+0600][57.027s][info][gc,ergo     ] GC(17) Pacer for Evacuation. Used CSet: 608M, Free: 3031M, Non-Taxable: 303M, Alloc Tax Rate: 1.1x
[2026-04-03T06:50:32.890+0600][57.027s][info][gc          ] GC(17) Pause Final Mark (unload classes) 0.932ms
[2026-04-03T06:50:32.890+0600][57.027s][info][gc,start    ] GC(17) Concurrent thread roots
[2026-04-03T06:50:32.890+0600][57.028s][info][gc,task     ] GC(17) Using 3 of 6 workers for Concurrent thread roots
[2026-04-03T06:50:32.891+0600][57.029s][info][gc          ] GC(17) Concurrent thread roots 1.418ms
[2026-04-03T06:50:32.891+0600][57.029s][info][gc,start    ] GC(17) Concurrent weak references
[2026-04-03T06:50:32.891+0600][57.029s][info][gc,task     ] GC(17) Using 3 of 6 workers for concurrent weak references
[2026-04-03T06:50:32.893+0600][57.031s][info][gc,ref      ] GC(17) Encountered references: Soft: 3645, Weak: 17877, Final: 84, Phantom: 621
[2026-04-03T06:50:32.893+0600][57.031s][info][gc,ref      ] GC(17) Discovered  references: Soft: 1949, Weak: 8602, Final: 0, Phantom: 616
[2026-04-03T06:50:32.893+0600][57.031s][info][gc,ref      ] GC(17) Enqueued    references: Soft: 748, Weak: 3595, Final: 0, Phantom: 0
[2026-04-03T06:50:32.893+0600][57.031s][info][gc          ] GC(17) Concurrent weak references 1.668ms
[2026-04-03T06:50:32.893+0600][57.031s][info][gc,start    ] GC(17) Concurrent weak roots
[2026-04-03T06:50:32.893+0600][57.031s][info][gc,task     ] GC(17) Using 3 of 6 workers for concurrent weak root
[2026-04-03T06:50:32.901+0600][57.039s][info][gc          ] GC(17) Concurrent weak roots 8.072ms
[2026-04-03T06:50:32.901+0600][57.039s][info][gc,start    ] GC(17) Concurrent cleanup
[2026-04-03T06:50:32.903+0600][57.040s][info][gc          ] GC(17) Concurrent cleanup 2436M->692M(3425M) 1.406ms
[2026-04-03T06:50:32.903+0600][57.041s][info][gc,ergo     ] GC(17) Free: 3030M, Max: 1024K regular, 328M humongous, Frag: 90% external, 0% internal; Reserve: 196M, Max: 1024K
[2026-04-03T06:50:32.903+0600][57.041s][info][gc,start    ] GC(17) Concurrent class unloading
[2026-04-03T06:50:32.903+0600][57.041s][info][gc,task     ] GC(17) Using 3 of 6 workers for concurrent class unloading
[2026-04-03T06:50:32.994+0600][57.132s][info][gc          ] GC(17) Concurrent class unloading 91.385ms
[2026-04-03T06:50:32.995+0600][57.132s][info][gc,start    ] GC(17) Concurrent strong roots
[2026-04-03T06:50:32.995+0600][57.132s][info][gc,task     ] GC(17) Using 3 of 6 workers for concurrent strong root
[2026-04-03T06:50:32.997+0600][57.134s][info][gc          ] GC(17) Concurrent strong roots 2.112ms
[2026-04-03T06:50:32.997+0600][57.134s][info][gc,start    ] GC(17) Concurrent evacuation
[2026-04-03T06:50:32.997+0600][57.134s][info][gc,task     ] GC(17) Using 3 of 6 workers for concurrent evacuation
[2026-04-03T06:50:33.008+0600][57.145s][info][gc          ] GC(17) Concurrent evacuation 11.007ms
[2026-04-03T06:50:33.008+0600][57.146s][info][gc,start    ] GC(17) Pause Init Update Refs
[2026-04-03T06:50:33.009+0600][57.146s][info][gc,ergo     ] GC(17) Pacer for Update Refs. Used: 711M, Free: 3028M, Non-Taxable: 302M, Alloc Tax Rate: 1.1x
[2026-04-03T06:50:33.009+0600][57.146s][info][gc          ] GC(17) Pause Init Update Refs 0.256ms
[2026-04-03T06:50:33.009+0600][57.146s][info][gc,start    ] GC(17) Concurrent update references
[2026-04-03T06:50:33.009+0600][57.147s][info][gc,task     ] GC(17) Using 3 of 6 workers for concurrent reference update
[2026-04-03T06:50:33.053+0600][57.190s][info][gc          ] GC(17) Concurrent update references 43.744ms
[2026-04-03T06:50:33.053+0600][57.190s][info][gc,start    ] GC(17) Concurrent update thread roots
[2026-04-03T06:50:33.055+0600][57.192s][info][gc          ] GC(17) Concurrent update thread roots 1.917ms
[2026-04-03T06:50:33.055+0600][57.192s][info][gc,start    ] GC(17) Pause Final Update Refs
[2026-04-03T06:50:33.055+0600][57.193s][info][gc,task     ] GC(17) Using 6 of 6 workers for final reference update
[2026-04-03T06:50:33.055+0600][57.193s][info][gc          ] GC(17) Pause Final Update Refs 0.326ms
[2026-04-03T06:50:33.055+0600][57.193s][info][gc,start    ] GC(17) Concurrent cleanup
[2026-04-03T06:50:33.056+0600][57.194s][info][gc          ] GC(17) Concurrent cleanup 711M->102M(3425M) 0.969ms
[2026-04-03T06:50:33.057+0600][57.194s][info][gc,ergo     ] Free: 3619M, Max: 1024K regular, 1846M humongous, Frag: 49% external, 0% internal; Reserve: 197M, Max: 1024K
[2026-04-03T06:50:33.057+0600][57.194s][info][gc,stats    ] 
[2026-04-03T06:50:33.057+0600][57.194s][info][gc,stats    ] All times are wall-clock times, except per-root-class counters, that are sum over
[2026-04-03T06:50:33.057+0600][57.194s][info][gc,stats    ] all workers. Dividing the <total> over the root stage time estimates parallelism.
[2026-04-03T06:50:33.057+0600][57.194s][info][gc,stats    ] 
[2026-04-03T06:50:33.057+0600][57.194s][info][gc,stats    ] Concurrent Reset                   5381 us
[2026-04-03T06:50:33.057+0600][57.194s][info][gc,stats    ] Pause Init Mark (G)                 546 us
[2026-04-03T06:50:33.057+0600][57.194s][info][gc,stats    ] Pause Init Mark (N)                 193 us
[2026-04-03T06:50:33.057+0600][57.194s][info][gc,stats    ]   Update Region States               60 us
[2026-04-03T06:50:33.057+0600][57.194s][info][gc,stats    ] Concurrent Mark Roots              2008 us, parallelism: 1.49x
[2026-04-03T06:50:33.057+0600][57.194s][info][gc,stats    ]   CMR: <total>                     2983 us
[2026-04-03T06:50:33.057+0600][57.194s][info][gc,stats    ]   CMR: Thread Roots                2462 us, workers (us): 974, 533, 956, ---, ---, ---, 
[2026-04-03T06:50:33.057+0600][57.194s][info][gc,stats    ]   CMR: VM Strong Roots               89 us, workers (us):  48,  39,   1, ---, ---, ---, 
[2026-04-03T06:50:33.057+0600][57.194s][info][gc,stats    ]   CMR: CLDG Roots                   433 us, workers (us): ---, 433, ---, ---, ---, ---, 
[2026-04-03T06:50:33.057+0600][57.194s][info][gc,stats    ] Concurrent Marking                62836 us
[2026-04-03T06:50:33.057+0600][57.194s][info][gc,stats    ] Pause Final Mark (G)               1206 us
[2026-04-03T06:50:33.057+0600][57.194s][info][gc,stats    ] Pause Final Mark (N)                947 us
[2026-04-03T06:50:33.057+0600][57.195s][info][gc,stats    ]   Finish Mark                       312 us
[2026-04-03T06:50:33.057+0600][57.195s][info][gc,stats    ]   Update Region States               65 us
[2026-04-03T06:50:33.057+0600][57.195s][info][gc,stats    ]   Choose Collection Set             322 us
[2026-04-03T06:50:33.057+0600][57.195s][info][gc,stats    ]   Rebuild Free Set                   58 us
[2026-04-03T06:50:33.057+0600][57.195s][info][gc,stats    ] Concurrent Thread Roots            1497 us, parallelism: 2.19x
[2026-04-03T06:50:33.057+0600][57.195s][info][gc,stats    ]   CTR: <total>                     3280 us
[2026-04-03T06:50:33.057+0600][57.195s][info][gc,stats    ]   CTR: Thread Roots                3280 us, workers (us): 1137, 1095, 1047, ---, ---, ---, 
[2026-04-03T06:50:33.057+0600][57.195s][info][gc,stats    ] Concurrent Weak References         1690 us, parallelism: 1.39x
[2026-04-03T06:50:33.057+0600][57.195s][info][gc,stats    ]   CWRF: <total>                    2353 us
[2026-04-03T06:50:33.057+0600][57.195s][info][gc,stats    ]   CWRF: Weak References            2353 us, workers (us): 558, 457, 1338, ---, ---, ---, 
[2026-04-03T06:50:33.057+0600][57.195s][info][gc,stats    ] Concurrent Weak Roots              8246 us
[2026-04-03T06:50:33.057+0600][57.195s][info][gc,stats    ]   Roots                            7479 us, parallelism: 2.74x
[2026-04-03T06:50:33.057+0600][57.195s][info][gc,stats    ]     CWR: <total>                  20520 us
[2026-04-03T06:50:33.057+0600][57.195s][info][gc,stats    ]     CWR: Code Cache Roots         16636 us, workers (us): 5639, 5541, 5456, ---, ---, ---, 
[2026-04-03T06:50:33.057+0600][57.195s][info][gc,stats    ]     CWR: VM Weak Roots             3595 us, workers (us): 1217, 1218, 1161, ---, ---, ---, 
[2026-04-03T06:50:33.057+0600][57.195s][info][gc,stats    ]     CWR: CLDG Roots                 289 us, workers (us): ---, ---, 289, ---, ---, ---, 
[2026-04-03T06:50:33.057+0600][57.195s][info][gc,stats    ]   Rendezvous                        549 us
[2026-04-03T06:50:33.057+0600][57.195s][info][gc,stats    ] Concurrent Cleanup                 1559 us
[2026-04-03T06:50:33.057+0600][57.195s][info][gc,stats    ] Concurrent Class Unloading        91563 us
[2026-04-03T06:50:33.057+0600][57.195s][info][gc,stats    ]   Unlink Stale                    53318 us
[2026-04-03T06:50:33.057+0600][57.195s][info][gc,stats    ]     System Dictionary              1473 us
[2026-04-03T06:50:33.057+0600][57.195s][info][gc,stats    ]     Weak Class Links              29944 us
[2026-04-03T06:50:33.057+0600][57.195s][info][gc,stats    ]     Code Roots                    21894 us
[2026-04-03T06:50:33.057+0600][57.195s][info][gc,stats    ]   Rendezvous                       1012 us
[2026-04-03T06:50:33.058+0600][57.195s][info][gc,stats    ]   Purge Unlinked                  36996 us
[2026-04-03T06:50:33.058+0600][57.195s][info][gc,stats    ]     Code Roots                    33574 us
[2026-04-03T06:50:33.058+0600][57.195s][info][gc,stats    ]     CLDG                           3419 us
[2026-04-03T06:50:33.058+0600][57.195s][info][gc,stats    ]     Exception Caches                  1 us
[2026-04-03T06:50:33.058+0600][57.195s][info][gc,stats    ] Concurrent Strong Roots            2273 us, parallelism: 0.74x
[2026-04-03T06:50:33.058+0600][57.195s][info][gc,stats    ]   CSR: <total>                     1682 us
[2026-04-03T06:50:33.058+0600][57.195s][info][gc,stats    ]   CSR: VM Strong Roots               86 us, workers (us):  44,  31,  12, ---, ---, ---, 
[2026-04-03T06:50:33.058+0600][57.195s][info][gc,stats    ]   CSR: CLDG Roots                  1595 us, workers (us): ---, ---, 1595, ---, ---, ---, 
[2026-04-03T06:50:33.058+0600][57.195s][info][gc,stats    ] Concurrent Evacuation             11258 us
[2026-04-03T06:50:33.058+0600][57.195s][info][gc,stats    ] Pause Init Update Refs (G)          684 us
[2026-04-03T06:50:33.058+0600][57.195s][info][gc,stats    ] Pause Init Update Refs (N)          280 us
[2026-04-03T06:50:33.058+0600][57.195s][info][gc,stats    ]   Manage GCLABs                     108 us
[2026-04-03T06:50:33.058+0600][57.195s][info][gc,stats    ] Concurrent Update Refs            43879 us
[2026-04-03T06:50:33.058+0600][57.195s][info][gc,stats    ] Concurrent Update Thread Roots     2010 us
[2026-04-03T06:50:33.058+0600][57.195s][info][gc,stats    ] Pause Final Update Refs (G)         735 us
[2026-04-03T06:50:33.058+0600][57.195s][info][gc,stats    ] Pause Final Update Refs (N)         366 us
[2026-04-03T06:50:33.058+0600][57.195s][info][gc,stats    ]   Update Region States               96 us
[2026-04-03T06:50:33.058+0600][57.195s][info][gc,stats    ]   Trash Collection Set               44 us
[2026-04-03T06:50:33.058+0600][57.195s][info][gc,stats    ]   Rebuild Free Set                   66 us
[2026-04-03T06:50:33.058+0600][57.195s][info][gc,stats    ] Concurrent Cleanup                 1017 us
[2026-04-03T06:50:33.058+0600][57.195s][info][gc,stats    ] 
[2026-04-03T06:50:33.058+0600][57.195s][info][gc,stats    ] Allocation pacing accrued:
[2026-04-03T06:50:33.058+0600][57.196s][info][gc,stats    ]       0 of  2810 ms (  0.0%): <total>
[2026-04-03T06:50:33.058+0600][57.196s][info][gc,stats    ]       0 of  2810 ms (  0.0%): <average total>
[2026-04-03T06:50:33.058+0600][57.196s][info][gc,stats    ] 
[2026-04-03T06:50:33.058+0600][57.196s][info][gc,metaspace] Metaspace: 131348K(132672K)->129996K(132672K) NonClass: 114820K(115520K)->113699K(115520K) Class: 16528K(17152K)->16296K(17152K)
[2026-04-03T06:50:33.058+0600][57.196s][info][gc,ergo     ] Pacer for Idle. Initial: 80302K, Alloc Tax Rate: 1.0x
[2026-04-03T06:50:33.058+0600][57.196s][info][gc,start    ] Concurrent uncommit
[2026-04-03T06:50:33.454+0600][57.591s][info][gc          ] Concurrent uncommit 103M->175M(191M) 395.482ms
[2026-04-03T06:50:33.794+0600][57.932s][info][gc          ] Trigger: Learning 2 of 5. Free (2742M) is below initial threshold (2744M)
[2026-04-03T06:50:33.794+0600][57.932s][info][gc,ergo     ] Free: 2742M, Max: 1024K regular, 1508M humongous, Frag: 45% external, 0% internal; Reserve: 197M, Max: 1024K
[2026-04-03T06:50:33.794+0600][57.932s][info][gc,start    ] GC(18) Concurrent reset
[2026-04-03T06:50:33.794+0600][57.932s][info][gc,task     ] GC(18) Using 3 of 6 workers for concurrent reset
[2026-04-03T06:50:33.794+0600][57.932s][info][gc,ergo     ] GC(18) Pacer for Reset. Non-Taxable: 3921M
[2026-04-03T06:50:33.800+0600][57.937s][info][gc          ] GC(18) Concurrent reset 5.420ms
[2026-04-03T06:50:33.800+0600][57.938s][info][gc,start    ] GC(18) Pause Init Mark (unload classes)
[2026-04-03T06:50:33.800+0600][57.938s][info][gc,task     ] GC(18) Using 6 of 6 workers for init marking
[2026-04-03T06:50:33.800+0600][57.938s][info][gc,ergo     ] GC(18) Pacer for Mark. Expected Live: 93900K, Free: 2733M, Non-Taxable: 273M, Alloc Tax Rate: 0.0x
[2026-04-03T06:50:33.800+0600][57.938s][info][gc          ] GC(18) Pause Init Mark (unload classes) 0.216ms
[2026-04-03T06:50:33.800+0600][57.938s][info][gc,start    ] GC(18) Concurrent marking roots
[2026-04-03T06:50:33.800+0600][57.938s][info][gc,task     ] GC(18) Using 3 of 6 workers for concurrent marking roots
[2026-04-03T06:50:33.802+0600][57.940s][info][gc          ] GC(18) Concurrent marking roots 1.781ms
[2026-04-03T06:50:33.802+0600][57.940s][info][gc,start    ] GC(18) Concurrent marking (unload classes)
[2026-04-03T06:50:33.802+0600][57.940s][info][gc,task     ] GC(18) Using 3 of 6 workers for concurrent marking
[2026-04-03T06:50:33.861+0600][57.999s][info][gc          ] GC(18) Concurrent marking (unload classes) 58.746ms
[2026-04-03T06:50:33.861+0600][57.999s][info][gc,start    ] GC(18) Pause Final Mark (unload classes)
[2026-04-03T06:50:33.861+0600][57.999s][info][gc,task     ] GC(18) Using 6 of 6 workers for final marking
[2026-04-03T06:50:33.862+0600][57.999s][info][gc,ergo     ] GC(18) Adaptive CSet Selection. Target Free: 555M, Actual Free: 3489M, Max CSet: 163M, Min Garbage: 0B
[2026-04-03T06:50:33.862+0600][57.999s][info][gc,ergo     ] GC(18) Collectable Garbage: 734M (98%), Immediate: 612M (82%), CSet: 122M (16%)
[2026-04-03T06:50:33.862+0600][57.999s][info][gc,ergo     ] GC(18) Pacer for Evacuation. Used CSet: 136M, Free: 3453M, Non-Taxable: 345M, Alloc Tax Rate: 1.1x
[2026-04-03T06:50:33.862+0600][58.000s][info][gc          ] GC(18) Pause Final Mark (unload classes) 0.795ms
[2026-04-03T06:50:33.862+0600][58.000s][info][gc,start    ] GC(18) Concurrent thread roots
[2026-04-03T06:50:33.862+0600][58.000s][info][gc,task     ] GC(18) Using 3 of 6 workers for Concurrent thread roots
[2026-04-03T06:50:33.863+0600][58.001s][info][gc          ] GC(18) Concurrent thread roots 1.197ms
[2026-04-03T06:50:33.863+0600][58.001s][info][gc,start    ] GC(18) Concurrent weak references
[2026-04-03T06:50:33.863+0600][58.001s][info][gc,task     ] GC(18) Using 3 of 6 workers for concurrent weak references
[2026-04-03T06:50:33.865+0600][58.002s][info][gc,ref      ] GC(18) Encountered references: Soft: 3623, Weak: 15077, Final: 84, Phantom: 621
[2026-04-03T06:50:33.865+0600][58.002s][info][gc,ref      ] GC(18) Discovered  references: Soft: 0, Weak: 7985, Final: 48, Phantom: 617
[2026-04-03T06:50:33.865+0600][58.002s][info][gc,ref      ] GC(18) Enqueued    references: Soft: 0, Weak: 604, Final: 0, Phantom: 0
[2026-04-03T06:50:33.865+0600][58.002s][info][gc          ] GC(18) Concurrent weak references 1.365ms
[2026-04-03T06:50:33.865+0600][58.002s][info][gc,start    ] GC(18) Concurrent weak roots
[2026-04-03T06:50:33.865+0600][58.002s][info][gc,task     ] GC(18) Using 3 of 6 workers for concurrent weak root
[2026-04-03T06:50:33.870+0600][58.007s][info][gc          ] GC(18) Concurrent weak roots 5.090ms
[2026-04-03T06:50:33.870+0600][58.007s][info][gc,start    ] GC(18) Concurrent cleanup
[2026-04-03T06:50:33.871+0600][58.008s][info][gc          ] GC(18) Concurrent cleanup 875M->263M(1049M) 0.916ms
[2026-04-03T06:50:33.871+0600][58.008s][info][gc,ergo     ] GC(18) Free: 3451M, Max: 1024K regular, 1447M humongous, Frag: 59% external, 0% internal; Reserve: 195M, Max: 1024K
[2026-04-03T06:50:33.871+0600][58.008s][info][gc,start    ] GC(18) Concurrent class unloading
[2026-04-03T06:50:33.871+0600][58.008s][info][gc,task     ] GC(18) Using 3 of 6 workers for concurrent class unloading
[2026-04-03T06:50:33.887+0600][58.025s][info][gc          ] GC(18) Concurrent class unloading 16.230ms
[2026-04-03T06:50:33.887+0600][58.025s][info][gc,start    ] GC(18) Concurrent strong roots
[2026-04-03T06:50:33.887+0600][58.025s][info][gc,task     ] GC(18) Using 3 of 6 workers for concurrent strong root
[2026-04-03T06:50:33.889+0600][58.027s][info][gc          ] GC(18) Concurrent strong roots 1.872ms
[2026-04-03T06:50:33.889+0600][58.027s][info][gc,start    ] GC(18) Concurrent evacuation
[2026-04-03T06:50:33.889+0600][58.027s][info][gc,task     ] GC(18) Using 3 of 6 workers for concurrent evacuation
[2026-04-03T06:50:33.901+0600][58.038s][info][gc          ] GC(18) Concurrent evacuation 11.667ms
[2026-04-03T06:50:33.901+0600][58.039s][info][gc,start    ] GC(18) Pause Init Update Refs
[2026-04-03T06:50:33.901+0600][58.039s][info][gc,ergo     ] GC(18) Pacer for Update Refs. Used: 288M, Free: 3440M, Non-Taxable: 344M, Alloc Tax Rate: 1.1x
[2026-04-03T06:50:33.901+0600][58.039s][info][gc          ] GC(18) Pause Init Update Refs 0.181ms
[2026-04-03T06:50:33.902+0600][58.039s][info][gc,start    ] GC(18) Concurrent update references
[2026-04-03T06:50:33.902+0600][58.039s][info][gc,task     ] GC(18) Using 3 of 6 workers for concurrent reference update
[2026-04-03T06:50:33.954+0600][58.092s][info][gc          ] GC(18) Concurrent update references 52.809ms
[2026-04-03T06:50:33.955+0600][58.092s][info][gc,start    ] GC(18) Concurrent update thread roots
[2026-04-03T06:50:33.957+0600][58.094s][info][gc          ] GC(18) Concurrent update thread roots 2.317ms
[2026-04-03T06:50:33.957+0600][58.095s][info][gc,start    ] GC(18) Pause Final Update Refs
[2026-04-03T06:50:33.957+0600][58.095s][info][gc,task     ] GC(18) Using 6 of 6 workers for final reference update
[2026-04-03T06:50:33.958+0600][58.095s][info][gc          ] GC(18) Pause Final Update Refs 0.373ms
[2026-04-03T06:50:33.958+0600][58.095s][info][gc,start    ] GC(18) Concurrent cleanup
[2026-04-03T06:50:33.959+0600][58.096s][info][gc          ] GC(18) Concurrent cleanup 324M->189M(1064M) 0.878ms
[2026-04-03T06:50:33.959+0600][58.096s][info][gc,ergo     ] Free: 3515M, Max: 1024K regular, 2348M humongous, Frag: 34% external, 0% internal; Reserve: 197M, Max: 1024K
[2026-04-03T06:50:33.959+0600][58.096s][info][gc,stats    ] 
[2026-04-03T06:50:33.959+0600][58.096s][info][gc,stats    ] All times are wall-clock times, except per-root-class counters, that are sum over
[2026-04-03T06:50:33.959+0600][58.096s][info][gc,stats    ] all workers. Dividing the <total> over the root stage time estimates parallelism.
[2026-04-03T06:50:33.959+0600][58.096s][info][gc,stats    ] 
[2026-04-03T06:50:33.959+0600][58.096s][info][gc,stats    ] Concurrent Reset                   5505 us
[2026-04-03T06:50:33.959+0600][58.096s][info][gc,stats    ] Pause Init Mark (G)                 485 us
[2026-04-03T06:50:33.959+0600][58.097s][info][gc,stats    ] Pause Init Mark (N)                 229 us
[2026-04-03T06:50:33.959+0600][58.097s][info][gc,stats    ]   Update Region States               54 us
[2026-04-03T06:50:33.959+0600][58.097s][info][gc,stats    ] Concurrent Mark Roots              1824 us, parallelism: 2.26x
[2026-04-03T06:50:33.959+0600][58.097s][info][gc,stats    ]   CMR: <total>                     4115 us
[2026-04-03T06:50:33.959+0600][58.097s][info][gc,stats    ]   CMR: Thread Roots                3818 us, workers (us): 1360, 1122, 1336, ---, ---, ---, 
[2026-04-03T06:50:33.959+0600][58.097s][info][gc,stats    ]   CMR: VM Strong Roots               63 us, workers (us):  24,  23,  15, ---, ---, ---, 
[2026-04-03T06:50:33.959+0600][58.097s][info][gc,stats    ]   CMR: CLDG Roots                   234 us, workers (us): ---, 234, ---, ---, ---, ---, 
[2026-04-03T06:50:33.959+0600][58.097s][info][gc,stats    ] Concurrent Marking                58842 us
[2026-04-03T06:50:33.959+0600][58.097s][info][gc,stats    ] Pause Final Mark (G)                953 us
[2026-04-03T06:50:33.959+0600][58.097s][info][gc,stats    ] Pause Final Mark (N)                812 us
[2026-04-03T06:50:33.959+0600][58.097s][info][gc,stats    ]   Finish Mark                       251 us
[2026-04-03T06:50:33.959+0600][58.097s][info][gc,stats    ]   Update Region States               99 us
[2026-04-03T06:50:33.959+0600][58.097s][info][gc,stats    ]   Choose Collection Set             194 us
[2026-04-03T06:50:33.959+0600][58.097s][info][gc,stats    ]   Rebuild Free Set                   59 us
[2026-04-03T06:50:33.959+0600][58.097s][info][gc,stats    ] Concurrent Thread Roots            1253 us, parallelism: 2.03x
[2026-04-03T06:50:33.959+0600][58.097s][info][gc,stats    ]   CTR: <total>                     2547 us
[2026-04-03T06:50:33.959+0600][58.097s][info][gc,stats    ]   CTR: Thread Roots                2547 us, workers (us): 847, 857, 843, ---, ---, ---, 
[2026-04-03T06:50:33.959+0600][58.097s][info][gc,stats    ] Concurrent Weak References         1381 us, parallelism: 1.02x
[2026-04-03T06:50:33.959+0600][58.097s][info][gc,stats    ]   CWRF: <total>                    1411 us
[2026-04-03T06:50:33.959+0600][58.097s][info][gc,stats    ]   CWRF: Weak References            1411 us, workers (us): 1091, 146, 173, ---, ---, ---, 
[2026-04-03T06:50:33.959+0600][58.097s][info][gc,stats    ] Concurrent Weak Roots              5233 us
[2026-04-03T06:50:33.959+0600][58.097s][info][gc,stats    ]   Roots                            4337 us, parallelism: 2.63x
[2026-04-03T06:50:33.959+0600][58.097s][info][gc,stats    ]     CWR: <total>                  11416 us
[2026-04-03T06:50:33.959+0600][58.097s][info][gc,stats    ]     CWR: Code Cache Roots          8185 us, workers (us): 2878, 2689, 2618, ---, ---, ---, 
[2026-04-03T06:50:33.959+0600][58.097s][info][gc,stats    ]     CWR: VM Weak Roots             3128 us, workers (us): 1067, 1066, 995, ---, ---, ---, 
[2026-04-03T06:50:33.959+0600][58.097s][info][gc,stats    ]     CWR: CLDG Roots                 103 us, workers (us): ---, ---, 103, ---, ---, ---, 
[2026-04-03T06:50:33.959+0600][58.097s][info][gc,stats    ]   Rendezvous                        714 us
[2026-04-03T06:50:33.959+0600][58.097s][info][gc,stats    ] Concurrent Cleanup                  939 us
[2026-04-03T06:50:33.959+0600][58.097s][info][gc,stats    ] Concurrent Class Unloading        16335 us
[2026-04-03T06:50:33.959+0600][58.097s][info][gc,stats    ]   Unlink Stale                    14046 us
[2026-04-03T06:50:33.959+0600][58.097s][info][gc,stats    ]     System Dictionary               292 us
[2026-04-03T06:50:33.959+0600][58.097s][info][gc,stats    ]     Weak Class Links                  1 us
[2026-04-03T06:50:33.959+0600][58.097s][info][gc,stats    ]     Code Roots                    13750 us
[2026-04-03T06:50:33.959+0600][58.097s][info][gc,stats    ]   Rendezvous                        314 us
[2026-04-03T06:50:33.960+0600][58.097s][info][gc,stats    ]   Purge Unlinked                   1828 us
[2026-04-03T06:50:33.960+0600][58.097s][info][gc,stats    ]     Code Roots                     1810 us
[2026-04-03T06:50:33.960+0600][58.097s][info][gc,stats    ]     CLDG                             16 us
[2026-04-03T06:50:33.960+0600][58.097s][info][gc,stats    ]     Exception Caches                  0 us
[2026-04-03T06:50:33.960+0600][58.097s][info][gc,stats    ] Concurrent Strong Roots            1977 us, parallelism: 0.75x
[2026-04-03T06:50:33.960+0600][58.097s][info][gc,stats    ]   CSR: <total>                     1482 us
[2026-04-03T06:50:33.960+0600][58.097s][info][gc,stats    ]   CSR: VM Strong Roots               66 us, workers (us):  60,   6,   0, ---, ---, ---, 
[2026-04-03T06:50:33.960+0600][58.097s][info][gc,stats    ]   CSR: CLDG Roots                  1416 us, workers (us): 1416, ---, ---, ---, ---, ---, 
[2026-04-03T06:50:33.960+0600][58.097s][info][gc,stats    ] Concurrent Evacuation             11776 us
[2026-04-03T06:50:33.960+0600][58.097s][info][gc,stats    ] Pause Init Update Refs (G)          524 us
[2026-04-03T06:50:33.960+0600][58.097s][info][gc,stats    ] Pause Init Update Refs (N)          197 us
[2026-04-03T06:50:33.960+0600][58.097s][info][gc,stats    ]   Manage GCLABs                      36 us
[2026-04-03T06:50:33.960+0600][58.097s][info][gc,stats    ] Concurrent Update Refs            52941 us
[2026-04-03T06:50:33.960+0600][58.097s][info][gc,stats    ] Concurrent Update Thread Roots     2423 us
[2026-04-03T06:50:33.960+0600][58.097s][info][gc,stats    ] Pause Final Update Refs (G)         807 us
[2026-04-03T06:50:33.960+0600][58.097s][info][gc,stats    ] Pause Final Update Refs (N)         397 us
[2026-04-03T06:50:33.960+0600][58.097s][info][gc,stats    ]   Update Region States               70 us
[2026-04-03T06:50:33.960+0600][58.097s][info][gc,stats    ]   Trash Collection Set               11 us
[2026-04-03T06:50:33.960+0600][58.097s][info][gc,stats    ]   Rebuild Free Set                   50 us
[2026-04-03T06:50:33.960+0600][58.097s][info][gc,stats    ] Concurrent Cleanup                  952 us
[2026-04-03T06:50:33.960+0600][58.097s][info][gc,stats    ] Pacing                            22378 us
[2026-04-03T06:50:33.960+0600][58.097s][info][gc,stats    ] 
[2026-04-03T06:50:33.960+0600][58.097s][info][gc,stats    ] Allocation pacing accrued:
[2026-04-03T06:50:33.960+0600][58.097s][info][gc,stats    ]      11 of   902 ms (  1.2%): Executor task launch worker for task 7.0 in stage 1590.0 (TID 2898)
[2026-04-03T06:50:33.960+0600][58.097s][info][gc,stats    ]      11 of   902 ms (  1.2%): task-result-getter-3
[2026-04-03T06:50:33.960+0600][58.097s][info][gc,stats    ]      22 of   902 ms (  2.5%): <total>
[2026-04-03T06:50:33.960+0600][58.097s][info][gc,stats    ]       0 of   902 ms (  0.0%): <average total>
[2026-04-03T06:50:33.960+0600][58.097s][info][gc,stats    ]      11 of   902 ms (  1.2%): <average non-zero>
[2026-04-03T06:50:33.960+0600][58.097s][info][gc,stats    ] 
[2026-04-03T06:50:33.960+0600][58.097s][info][gc,metaspace] Metaspace: 130650K(132672K)->130724K(132672K) NonClass: 114250K(115520K)->114312K(115520K) Class: 16400K(17152K)->16412K(17152K)
[2026-04-03T06:50:33.960+0600][58.098s][info][gc,ergo     ] Pacer for Idle. Initial: 80302K, Alloc Tax Rate: 1.0x
[2026-04-03T06:50:34.946+0600][59.083s][info][gc          ] Trigger: Learning 3 of 5. Free (2741M) is below initial threshold (2744M)
[2026-04-03T06:50:34.946+0600][59.084s][info][gc,ergo     ] Free: 2741M, Max: 1024K regular, 2348M humongous, Frag: 15% external, 0% internal; Reserve: 197M, Max: 1024K
[2026-04-03T06:50:34.946+0600][59.084s][info][gc,start    ] GC(19) Concurrent reset
[2026-04-03T06:50:34.946+0600][59.084s][info][gc,task     ] GC(19) Using 3 of 6 workers for concurrent reset
[2026-04-03T06:50:34.946+0600][59.084s][info][gc,ergo     ] GC(19) Pacer for Reset. Non-Taxable: 3921M
[2026-04-03T06:50:34.951+0600][59.088s][info][gc          ] GC(19) Concurrent reset 4.478ms
[2026-04-03T06:50:34.951+0600][59.088s][info][gc,start    ] GC(19) Pause Init Mark (unload classes)
[2026-04-03T06:50:34.951+0600][59.089s][info][gc,task     ] GC(19) Using 6 of 6 workers for init marking
[2026-04-03T06:50:34.951+0600][59.089s][info][gc,ergo     ] GC(19) Pacer for Mark. Expected Live: 93050K, Free: 2735M, Non-Taxable: 273M, Alloc Tax Rate: 0.0x
[2026-04-03T06:50:34.951+0600][59.089s][info][gc          ] GC(19) Pause Init Mark (unload classes) 0.376ms
[2026-04-03T06:50:34.952+0600][59.089s][info][gc,start    ] GC(19) Concurrent marking roots
[2026-04-03T06:50:34.952+0600][59.089s][info][gc,task     ] GC(19) Using 3 of 6 workers for concurrent marking roots
[2026-04-03T06:50:34.954+0600][59.091s][info][gc          ] GC(19) Concurrent marking roots 2.151ms
[2026-04-03T06:50:34.954+0600][59.091s][info][gc,start    ] GC(19) Concurrent marking (unload classes)
[2026-04-03T06:50:34.954+0600][59.091s][info][gc,task     ] GC(19) Using 3 of 6 workers for concurrent marking
[2026-04-03T06:50:35.041+0600][59.179s][info][gc          ] GC(19) Concurrent marking (unload classes) 87.185ms
[2026-04-03T06:50:35.041+0600][59.179s][info][gc,start    ] GC(19) Pause Final Mark (unload classes)
[2026-04-03T06:50:35.041+0600][59.179s][info][gc,task     ] GC(19) Using 6 of 6 workers for final marking
[2026-04-03T06:50:35.042+0600][59.180s][info][gc,ergo     ] GC(19) Adaptive CSet Selection. Target Free: 555M, Actual Free: 3331M, Max CSet: 163M, Min Garbage: 0B
[2026-04-03T06:50:35.042+0600][59.180s][info][gc,ergo     ] GC(19) Collectable Garbage: 749M (98%), Immediate: 460M (60%), CSet: 289M (38%)
[2026-04-03T06:50:35.042+0600][59.180s][info][gc,ergo     ] GC(19) Pacer for Evacuation. Used CSet: 296M, Free: 3278M, Non-Taxable: 327M, Alloc Tax Rate: 1.1x
[2026-04-03T06:50:35.042+0600][59.180s][info][gc          ] GC(19) Pause Final Mark (unload classes) 1.053ms
[2026-04-03T06:50:35.042+0600][59.180s][info][gc,start    ] GC(19) Concurrent thread roots
[2026-04-03T06:50:35.043+0600][59.180s][info][gc,task     ] GC(19) Using 3 of 6 workers for Concurrent thread roots
[2026-04-03T06:50:35.045+0600][59.182s][info][gc          ] GC(19) Concurrent thread roots 2.147ms
[2026-04-03T06:50:35.045+0600][59.182s][info][gc,start    ] GC(19) Concurrent weak references
[2026-04-03T06:50:35.045+0600][59.182s][info][gc,task     ] GC(19) Using 3 of 6 workers for concurrent weak references
[2026-04-03T06:50:35.046+0600][59.183s][info][gc,ref      ] GC(19) Encountered references: Soft: 3710, Weak: 15751, Final: 84, Phantom: 621
[2026-04-03T06:50:35.046+0600][59.184s][info][gc,ref      ] GC(19) Discovered  references: Soft: 0, Weak: 8679, Final: 0, Phantom: 586
[2026-04-03T06:50:35.046+0600][59.184s][info][gc,ref      ] GC(19) Enqueued    references: Soft: 0, Weak: 437, Final: 0, Phantom: 0
[2026-04-03T06:50:35.046+0600][59.184s][info][gc          ] GC(19) Concurrent weak references 1.338ms
[2026-04-03T06:50:35.046+0600][59.184s][info][gc,start    ] GC(19) Concurrent weak roots
[2026-04-03T06:50:35.046+0600][59.184s][info][gc,task     ] GC(19) Using 3 of 6 workers for concurrent weak root
[2026-04-03T06:50:35.056+0600][59.194s][info][gc          ] GC(19) Concurrent weak roots 9.922ms
[2026-04-03T06:50:35.056+0600][59.194s][info][gc,start    ] GC(19) Concurrent cleanup
[2026-04-03T06:50:35.057+0600][59.195s][info][gc          ] GC(19) Concurrent cleanup 900M->440M(1077M) 0.968ms
[2026-04-03T06:50:35.057+0600][59.195s][info][gc,ergo     ] GC(19) Free: 3268M, Max: 1024K regular, 2335M humongous, Frag: 29% external, 0% internal; Reserve: 196M, Max: 1024K
[2026-04-03T06:50:35.057+0600][59.195s][info][gc,start    ] GC(19) Concurrent class unloading
[2026-04-03T06:50:35.057+0600][59.195s][info][gc,task     ] GC(19) Using 3 of 6 workers for concurrent class unloading
[2026-04-03T06:50:35.129+0600][59.267s][info][gc          ] GC(19) Concurrent class unloading 71.759ms
[2026-04-03T06:50:35.129+0600][59.267s][info][gc,start    ] GC(19) Concurrent strong roots
[2026-04-03T06:50:35.129+0600][59.267s][info][gc,task     ] GC(19) Using 3 of 6 workers for concurrent strong root
[2026-04-03T06:50:35.131+0600][59.269s][info][gc          ] GC(19) Concurrent strong roots 2.144ms
[2026-04-03T06:50:35.131+0600][59.269s][info][gc,start    ] GC(19) Concurrent evacuation
[2026-04-03T06:50:35.131+0600][59.269s][info][gc,task     ] GC(19) Using 3 of 6 workers for concurrent evacuation
[2026-04-03T06:50:35.138+0600][59.275s][info][gc          ] GC(19) Concurrent evacuation 6.316ms
[2026-04-03T06:50:35.138+0600][59.276s][info][gc,start    ] GC(19) Pause Init Update Refs
[2026-04-03T06:50:35.139+0600][59.276s][info][gc,ergo     ] GC(19) Pacer for Update Refs. Used: 491M, Free: 3220M, Non-Taxable: 322M, Alloc Tax Rate: 1.1x
[2026-04-03T06:50:35.139+0600][59.276s][info][gc          ] GC(19) Pause Init Update Refs 0.425ms
[2026-04-03T06:50:35.139+0600][59.276s][info][gc,start    ] GC(19) Concurrent update references
[2026-04-03T06:50:35.139+0600][59.276s][info][gc,task     ] GC(19) Using 3 of 6 workers for concurrent reference update
[2026-04-03T06:50:35.193+0600][59.331s][info][gc          ] GC(19) Concurrent update references 54.496ms
[2026-04-03T06:50:35.193+0600][59.331s][info][gc,start    ] GC(19) Concurrent update thread roots
[2026-04-03T06:50:35.198+0600][59.335s][info][gc          ] GC(19) Concurrent update thread roots 4.548ms
[2026-04-03T06:50:35.199+0600][59.337s][info][gc,start    ] GC(19) Pause Final Update Refs
[2026-04-03T06:50:35.199+0600][59.337s][info][gc,task     ] GC(19) Using 6 of 6 workers for final reference update
[2026-04-03T06:50:35.200+0600][59.337s][info][gc          ] GC(19) Pause Final Update Refs 0.335ms
[2026-04-03T06:50:35.200+0600][59.337s][info][gc,start    ] GC(19) Concurrent cleanup
[2026-04-03T06:50:35.201+0600][59.338s][info][gc          ] GC(19) Concurrent cleanup 518M->221M(1077M) 0.922ms
[2026-04-03T06:50:35.201+0600][59.338s][info][gc,ergo     ] Free: 3474M, Max: 1024K regular, 2335M humongous, Frag: 33% external, 0% internal; Reserve: 197M, Max: 1024K
[2026-04-03T06:50:35.201+0600][59.339s][info][gc,stats    ] 
[2026-04-03T06:50:35.201+0600][59.339s][info][gc,stats    ] All times are wall-clock times, except per-root-class counters, that are sum over
[2026-04-03T06:50:35.201+0600][59.339s][info][gc,stats    ] all workers. Dividing the <total> over the root stage time estimates parallelism.
[2026-04-03T06:50:35.201+0600][59.339s][info][gc,stats    ] 
[2026-04-03T06:50:35.201+0600][59.339s][info][gc,stats    ] Concurrent Reset                   4564 us
[2026-04-03T06:50:35.201+0600][59.339s][info][gc,stats    ] Pause Init Mark (G)                 892 us
[2026-04-03T06:50:35.201+0600][59.339s][info][gc,stats    ] Pause Init Mark (N)                 447 us
[2026-04-03T06:50:35.201+0600][59.339s][info][gc,stats    ]   Update Region States               72 us
[2026-04-03T06:50:35.201+0600][59.339s][info][gc,stats    ] Concurrent Mark Roots              2267 us, parallelism: 1.92x
[2026-04-03T06:50:35.201+0600][59.339s][info][gc,stats    ]   CMR: <total>                     4346 us
[2026-04-03T06:50:35.201+0600][59.339s][info][gc,stats    ]   CMR: Thread Roots                3803 us, workers (us): 1548, 1080, 1174, ---, ---, ---, 
[2026-04-03T06:50:35.201+0600][59.339s][info][gc,stats    ]   CMR: VM Strong Roots               74 us, workers (us):  41,  32,   1, ---, ---, ---, 
[2026-04-03T06:50:35.201+0600][59.339s][info][gc,stats    ]   CMR: CLDG Roots                   469 us, workers (us): ---, 469, ---, ---, ---, ---, 
[2026-04-03T06:50:35.201+0600][59.339s][info][gc,stats    ] Concurrent Marking                87290 us
[2026-04-03T06:50:35.201+0600][59.339s][info][gc,stats    ] Pause Final Mark (G)               1376 us
[2026-04-03T06:50:35.201+0600][59.339s][info][gc,stats    ] Pause Final Mark (N)               1074 us
[2026-04-03T06:50:35.201+0600][59.339s][info][gc,stats    ]   Finish Mark                       361 us
[2026-04-03T06:50:35.201+0600][59.339s][info][gc,stats    ]   Update Region States              115 us
[2026-04-03T06:50:35.201+0600][59.339s][info][gc,stats    ]   Choose Collection Set             313 us
[2026-04-03T06:50:35.201+0600][59.339s][info][gc,stats    ]   Rebuild Free Set                   54 us
[2026-04-03T06:50:35.201+0600][59.339s][info][gc,stats    ] Concurrent Thread Roots            2241 us, parallelism: 2.49x
[2026-04-03T06:50:35.201+0600][59.339s][info][gc,stats    ]   CTR: <total>                     5582 us
[2026-04-03T06:50:35.201+0600][59.339s][info][gc,stats    ]   CTR: Thread Roots                5582 us, workers (us): 1851, 1910, 1822, ---, ---, ---, 
[2026-04-03T06:50:35.201+0600][59.339s][info][gc,stats    ] Concurrent Weak References         1360 us, parallelism: 1.14x
[2026-04-03T06:50:35.201+0600][59.339s][info][gc,stats    ]   CWRF: <total>                    1546 us
[2026-04-03T06:50:35.201+0600][59.339s][info][gc,stats    ]   CWRF: Weak References            1546 us, workers (us): 302, 228, 1016, ---, ---, ---, 
[2026-04-03T06:50:35.201+0600][59.339s][info][gc,stats    ] Concurrent Weak Roots             10052 us
[2026-04-03T06:50:35.201+0600][59.339s][info][gc,stats    ]   Roots                            9425 us, parallelism: 2.80x
[2026-04-03T06:50:35.201+0600][59.339s][info][gc,stats    ]     CWR: <total>                  26395 us
[2026-04-03T06:50:35.201+0600][59.339s][info][gc,stats    ]     CWR: Code Cache Roots         18677 us, workers (us): 6402, 6117, 6158, ---, ---, ---, 
[2026-04-03T06:50:35.202+0600][59.339s][info][gc,stats    ]     CWR: VM Weak Roots             7362 us, workers (us): 2464, 2453, 2445, ---, ---, ---, 
[2026-04-03T06:50:35.202+0600][59.339s][info][gc,stats    ]     CWR: CLDG Roots                 356 us, workers (us): ---, 356, ---, ---, ---, ---, 
[2026-04-03T06:50:35.202+0600][59.339s][info][gc,stats    ]   Rendezvous                        446 us
[2026-04-03T06:50:35.202+0600][59.339s][info][gc,stats    ] Concurrent Cleanup                 1004 us
[2026-04-03T06:50:35.202+0600][59.339s][info][gc,stats    ] Concurrent Class Unloading        71891 us
[2026-04-03T06:50:35.202+0600][59.339s][info][gc,stats    ]   Unlink Stale                    59760 us
[2026-04-03T06:50:35.202+0600][59.339s][info][gc,stats    ]     System Dictionary               536 us
[2026-04-03T06:50:35.202+0600][59.339s][info][gc,stats    ]     Weak Class Links              35754 us
[2026-04-03T06:50:35.202+0600][59.339s][info][gc,stats    ]     Code Roots                    23463 us
[2026-04-03T06:50:35.202+0600][59.339s][info][gc,stats    ]   Rendezvous                       2362 us
[2026-04-03T06:50:35.202+0600][59.339s][info][gc,stats    ]   Purge Unlinked                   9597 us
[2026-04-03T06:50:35.202+0600][59.339s][info][gc,stats    ]     Code Roots                     9536 us
[2026-04-03T06:50:35.202+0600][59.339s][info][gc,stats    ]     CLDG                             58 us
[2026-04-03T06:50:35.202+0600][59.339s][info][gc,stats    ]     Exception Caches                  1 us
[2026-04-03T06:50:35.202+0600][59.339s][info][gc,stats    ] Concurrent Strong Roots            2241 us, parallelism: 0.74x
[2026-04-03T06:50:35.202+0600][59.339s][info][gc,stats    ]   CSR: <total>                     1668 us
[2026-04-03T06:50:35.202+0600][59.339s][info][gc,stats    ]   CSR: VM Strong Roots               87 us, workers (us):  44,  41,   2, ---, ---, ---, 
[2026-04-03T06:50:35.202+0600][59.339s][info][gc,stats    ]   CSR: CLDG Roots                  1581 us, workers (us): 1581, ---, ---, ---, ---, ---, 
[2026-04-03T06:50:35.202+0600][59.339s][info][gc,stats    ] Concurrent Evacuation              6440 us
[2026-04-03T06:50:35.202+0600][59.339s][info][gc,stats    ] Pause Init Update Refs (G)          897 us
[2026-04-03T06:50:35.202+0600][59.339s][info][gc,stats    ] Pause Init Update Refs (N)          450 us
[2026-04-03T06:50:35.202+0600][59.339s][info][gc,stats    ]   Manage GCLABs                     108 us
[2026-04-03T06:50:35.202+0600][59.339s][info][gc,stats    ] Concurrent Update Refs            54639 us
[2026-04-03T06:50:35.202+0600][59.339s][info][gc,stats    ] Concurrent Update Thread Roots     5072 us
[2026-04-03T06:50:35.202+0600][59.339s][info][gc,stats    ] Pause Final Update Refs (G)        1386 us
[2026-04-03T06:50:35.202+0600][59.339s][info][gc,stats    ] Pause Final Update Refs (N)         362 us
[2026-04-03T06:50:35.202+0600][59.339s][info][gc,stats    ]   Update Region States              101 us
[2026-04-03T06:50:35.202+0600][59.339s][info][gc,stats    ]   Trash Collection Set               26 us
[2026-04-03T06:50:35.202+0600][59.339s][info][gc,stats    ]   Rebuild Free Set                   79 us
[2026-04-03T06:50:35.202+0600][59.339s][info][gc,stats    ] Concurrent Cleanup                  987 us
[2026-04-03T06:50:35.202+0600][59.340s][info][gc,stats    ] 
[2026-04-03T06:50:35.202+0600][59.340s][info][gc,stats    ] Allocation pacing accrued:
[2026-04-03T06:50:35.202+0600][59.340s][info][gc,stats    ]       0 of  1242 ms (  0.0%): <total>
[2026-04-03T06:50:35.202+0600][59.340s][info][gc,stats    ]       0 of  1242 ms (  0.0%): <average total>
[2026-04-03T06:50:35.202+0600][59.340s][info][gc,stats    ] 
[2026-04-03T06:50:35.202+0600][59.340s][info][gc,metaspace] Metaspace: 130875K(132736K)->130895K(132736K) NonClass: 114445K(115584K)->114461K(115584K) Class: 16429K(17152K)->16434K(17152K)
[2026-04-03T06:50:35.202+0600][59.340s][info][gc,ergo     ] Pacer for Idle. Initial: 80302K, Alloc Tax Rate: 1.0x
[2026-04-03T06:50:36.110+0600][60.247s][info][gc          ] Trigger: Learning 4 of 5. Free (2740M) is below initial threshold (2744M)
[2026-04-03T06:50:36.110+0600][60.248s][info][gc,ergo     ] Free: 2740M, Max: 1024K regular, 2335M humongous, Frag: 15% external, 0% internal; Reserve: 197M, Max: 1024K
[2026-04-03T06:50:36.110+0600][60.248s][info][gc,start    ] GC(20) Concurrent reset
[2026-04-03T06:50:36.110+0600][60.248s][info][gc,task     ] GC(20) Using 3 of 6 workers for concurrent reset
[2026-04-03T06:50:36.110+0600][60.248s][info][gc,ergo     ] GC(20) Pacer for Reset. Non-Taxable: 3921M
[2026-04-03T06:50:36.120+0600][60.257s][info][gc          ] GC(20) Concurrent reset 9.393ms
[2026-04-03T06:50:36.120+0600][60.258s][info][gc,start    ] GC(20) Pause Init Mark (unload classes)
[2026-04-03T06:50:36.120+0600][60.258s][info][gc,task     ] GC(20) Using 6 of 6 workers for init marking
[2026-04-03T06:50:36.121+0600][60.258s][info][gc,ergo     ] GC(20) Pacer for Mark. Expected Live: 91972K, Free: 2728M, Non-Taxable: 272M, Alloc Tax Rate: 0.0x
[2026-04-03T06:50:36.121+0600][60.258s][info][gc          ] GC(20) Pause Init Mark (unload classes) 0.241ms
[2026-04-03T06:50:36.121+0600][60.258s][info][gc,start    ] GC(20) Concurrent marking roots
[2026-04-03T06:50:36.121+0600][60.258s][info][gc,task     ] GC(20) Using 3 of 6 workers for concurrent marking roots
[2026-04-03T06:50:36.123+0600][60.260s][info][gc          ] GC(20) Concurrent marking roots 1.969ms
[2026-04-03T06:50:36.123+0600][60.260s][info][gc,start    ] GC(20) Concurrent marking (unload classes)
[2026-04-03T06:50:36.123+0600][60.260s][info][gc,task     ] GC(20) Using 3 of 6 workers for concurrent marking
[2026-04-03T06:50:36.198+0600][60.335s][info][gc          ] GC(20) Concurrent marking (unload classes) 75.080ms
[2026-04-03T06:50:36.198+0600][60.336s][info][gc,start    ] GC(20) Pause Final Mark (unload classes)
[2026-04-03T06:50:36.198+0600][60.336s][info][gc,task     ] GC(20) Using 6 of 6 workers for final marking
[2026-04-03T06:50:36.200+0600][60.337s][info][gc,ergo     ] GC(20) Adaptive CSet Selection. Target Free: 555M, Actual Free: 3340M, Max CSet: 163M, Min Garbage: 0B
[2026-04-03T06:50:36.200+0600][60.337s][info][gc,ergo     ] GC(20) Collectable Garbage: 753M (98%), Immediate: 479M (62%), CSet: 274M (35%)
[2026-04-03T06:50:36.200+0600][60.338s][info][gc,ergo     ] GC(20) Pacer for Evacuation. Used CSet: 280M, Free: 3288M, Non-Taxable: 328M, Alloc Tax Rate: 1.1x
[2026-04-03T06:50:36.200+0600][60.338s][info][gc          ] GC(20) Pause Final Mark (unload classes) 1.827ms
[2026-04-03T06:50:36.200+0600][60.338s][info][gc,start    ] GC(20) Concurrent thread roots
[2026-04-03T06:50:36.200+0600][60.338s][info][gc,task     ] GC(20) Using 3 of 6 workers for Concurrent thread roots
[2026-04-03T06:50:36.201+0600][60.339s][info][gc          ] GC(20) Concurrent thread roots 1.298ms
[2026-04-03T06:50:36.202+0600][60.339s][info][gc,start    ] GC(20) Concurrent weak references
[2026-04-03T06:50:36.202+0600][60.339s][info][gc,task     ] GC(20) Using 3 of 6 workers for concurrent weak references
[2026-04-03T06:50:36.202+0600][60.340s][info][gc,ref      ] GC(20) Encountered references: Soft: 3723, Weak: 16558, Final: 84, Phantom: 621
[2026-04-03T06:50:36.202+0600][60.340s][info][gc,ref      ] GC(20) Discovered  references: Soft: 0, Weak: 4550, Final: 0, Phantom: 616
[2026-04-03T06:50:36.202+0600][60.340s][info][gc,ref      ] GC(20) Enqueued    references: Soft: 0, Weak: 1632, Final: 0, Phantom: 0
[2026-04-03T06:50:36.202+0600][60.340s][info][gc          ] GC(20) Concurrent weak references 0.894ms
[2026-04-03T06:50:36.202+0600][60.340s][info][gc,start    ] GC(20) Concurrent weak roots
[2026-04-03T06:50:36.203+0600][60.340s][info][gc,task     ] GC(20) Using 3 of 6 workers for concurrent weak root
[2026-04-03T06:50:36.209+0600][60.347s][info][gc          ] GC(20) Concurrent weak roots 6.896ms
[2026-04-03T06:50:36.210+0600][60.347s][info][gc,start    ] GC(20) Concurrent cleanup
[2026-04-03T06:50:36.211+0600][60.348s][info][gc          ] GC(20) Concurrent cleanup 912M->433M(1087M) 1.054ms
[2026-04-03T06:50:36.211+0600][60.348s][info][gc,ergo     ] GC(20) Free: 3279M, Max: 1024K regular, 2325M humongous, Frag: 29% external, 0% internal; Reserve: 196M, Max: 1024K
[2026-04-03T06:50:36.211+0600][60.348s][info][gc,start    ] GC(20) Concurrent class unloading
[2026-04-03T06:50:36.211+0600][60.348s][info][gc,task     ] GC(20) Using 3 of 6 workers for concurrent class unloading
[2026-04-03T06:50:36.247+0600][60.384s][info][gc          ] GC(20) Concurrent class unloading 35.747ms
[2026-04-03T06:50:36.247+0600][60.384s][info][gc,start    ] GC(20) Concurrent strong roots
[2026-04-03T06:50:36.247+0600][60.384s][info][gc,task     ] GC(20) Using 3 of 6 workers for concurrent strong root
[2026-04-03T06:50:36.249+0600][60.387s][info][gc          ] GC(20) Concurrent strong roots 2.262ms
[2026-04-03T06:50:36.249+0600][60.387s][info][gc,start    ] GC(20) Concurrent evacuation
[2026-04-03T06:50:36.249+0600][60.387s][info][gc,task     ] GC(20) Using 3 of 6 workers for concurrent evacuation
[2026-04-03T06:50:36.254+0600][60.392s][info][gc          ] GC(20) Concurrent evacuation 4.954ms
[2026-04-03T06:50:36.254+0600][60.392s][info][gc,start    ] GC(20) Pause Init Update Refs
[2026-04-03T06:50:36.255+0600][60.392s][info][gc,ergo     ] GC(20) Pacer for Update Refs. Used: 458M, Free: 3259M, Non-Taxable: 325M, Alloc Tax Rate: 1.1x
[2026-04-03T06:50:36.255+0600][60.392s][info][gc          ] GC(20) Pause Init Update Refs 0.376ms
[2026-04-03T06:50:36.255+0600][60.393s][info][gc,start    ] GC(20) Concurrent update references
[2026-04-03T06:50:36.255+0600][60.393s][info][gc,task     ] GC(20) Using 3 of 6 workers for concurrent reference update
[2026-04-03T06:50:36.306+0600][60.443s][info][gc          ] GC(20) Concurrent update references 50.430ms
[2026-04-03T06:50:36.306+0600][60.443s][info][gc,start    ] GC(20) Concurrent update thread roots
[2026-04-03T06:50:36.308+0600][60.445s][info][gc          ] GC(20) Concurrent update thread roots 2.044ms
[2026-04-03T06:50:36.308+0600][60.446s][info][gc,start    ] GC(20) Pause Final Update Refs
[2026-04-03T06:50:36.308+0600][60.446s][info][gc,task     ] GC(20) Using 6 of 6 workers for final reference update
[2026-04-03T06:50:36.308+0600][60.446s][info][gc          ] GC(20) Pause Final Update Refs 0.221ms
[2026-04-03T06:50:36.308+0600][60.446s][info][gc,start    ] GC(20) Concurrent cleanup
[2026-04-03T06:50:36.309+0600][60.447s][info][gc          ] GC(20) Concurrent cleanup 481M->203M(1087M) 0.821ms
[2026-04-03T06:50:36.309+0600][60.447s][info][gc,ergo     ] Free: 3500M, Max: 1024K regular, 2325M humongous, Frag: 34% external, 0% internal; Reserve: 197M, Max: 1024K
[2026-04-03T06:50:36.309+0600][60.447s][info][gc,stats    ] 
[2026-04-03T06:50:36.310+0600][60.447s][info][gc,stats    ] All times are wall-clock times, except per-root-class counters, that are sum over
[2026-04-03T06:50:36.310+0600][60.447s][info][gc,stats    ] all workers. Dividing the <total> over the root stage time estimates parallelism.
[2026-04-03T06:50:36.310+0600][60.447s][info][gc,stats    ] 
[2026-04-03T06:50:36.310+0600][60.447s][info][gc,stats    ] Concurrent Reset                   9525 us
[2026-04-03T06:50:36.310+0600][60.447s][info][gc,stats    ] Pause Init Mark (G)                1067 us
[2026-04-03T06:50:36.310+0600][60.447s][info][gc,stats    ] Pause Init Mark (N)                 261 us
[2026-04-03T06:50:36.310+0600][60.447s][info][gc,stats    ]   Update Region States               66 us
[2026-04-03T06:50:36.310+0600][60.447s][info][gc,stats    ] Concurrent Mark Roots              2052 us, parallelism: 1.93x
[2026-04-03T06:50:36.310+0600][60.447s][info][gc,stats    ]   CMR: <total>                     3969 us
[2026-04-03T06:50:36.310+0600][60.447s][info][gc,stats    ]   CMR: Thread Roots                3432 us, workers (us): 815, 1333, 1284, ---, ---, ---, 
[2026-04-03T06:50:36.310+0600][60.447s][info][gc,stats    ]   CMR: VM Strong Roots               79 us, workers (us):  38,  34,   7, ---, ---, ---, 
[2026-04-03T06:50:36.310+0600][60.447s][info][gc,stats    ]   CMR: CLDG Roots                   458 us, workers (us): 458, ---, ---, ---, ---, ---, 
[2026-04-03T06:50:36.310+0600][60.447s][info][gc,stats    ] Concurrent Marking                75203 us
[2026-04-03T06:50:36.310+0600][60.447s][info][gc,stats    ] Pause Final Mark (G)               2109 us
[2026-04-03T06:50:36.310+0600][60.447s][info][gc,stats    ] Pause Final Mark (N)               1846 us
[2026-04-03T06:50:36.310+0600][60.447s][info][gc,stats    ]   Finish Mark                      1077 us
[2026-04-03T06:50:36.310+0600][60.447s][info][gc,stats    ]   Update Region States              131 us
[2026-04-03T06:50:36.310+0600][60.447s][info][gc,stats    ]   Choose Collection Set             323 us
[2026-04-03T06:50:36.310+0600][60.447s][info][gc,stats    ]   Rebuild Free Set                   56 us
[2026-04-03T06:50:36.310+0600][60.447s][info][gc,stats    ] Concurrent Thread Roots            1350 us, parallelism: 2.22x
[2026-04-03T06:50:36.310+0600][60.447s][info][gc,stats    ]   CTR: <total>                     2995 us
[2026-04-03T06:50:36.310+0600][60.447s][info][gc,stats    ]   CTR: Thread Roots                2995 us, workers (us): 999, 1006, 991, ---, ---, ---, 
[2026-04-03T06:50:36.310+0600][60.447s][info][gc,stats    ] Concurrent Weak References          961 us, parallelism: 0.95x
[2026-04-03T06:50:36.310+0600][60.447s][info][gc,stats    ]   CWRF: <total>                     915 us
[2026-04-03T06:50:36.310+0600][60.447s][info][gc,stats    ]   CWRF: Weak References             915 us, workers (us): 406, 234, 275, ---, ---, ---, 
[2026-04-03T06:50:36.310+0600][60.447s][info][gc,stats    ] Concurrent Weak Roots              7032 us
[2026-04-03T06:50:36.310+0600][60.447s][info][gc,stats    ]   Roots                            6163 us, parallelism: 2.73x
[2026-04-03T06:50:36.310+0600][60.447s][info][gc,stats    ]     CWR: <total>                  16797 us
[2026-04-03T06:50:36.310+0600][60.448s][info][gc,stats    ]     CWR: Code Cache Roots         12582 us, workers (us): 4198, 4189, 4195, ---, ---, ---, 
[2026-04-03T06:50:36.310+0600][60.448s][info][gc,stats    ]     CWR: VM Weak Roots             3984 us, workers (us): 1349, 1336, 1299, ---, ---, ---, 
[2026-04-03T06:50:36.310+0600][60.448s][info][gc,stats    ]     CWR: CLDG Roots                 231 us, workers (us): ---, 231, ---, ---, ---, ---, 
[2026-04-03T06:50:36.310+0600][60.448s][info][gc,stats    ]   Rendezvous                        640 us
[2026-04-03T06:50:36.310+0600][60.448s][info][gc,stats    ] Concurrent Cleanup                 1128 us
[2026-04-03T06:50:36.310+0600][60.448s][info][gc,stats    ] Concurrent Class Unloading        35953 us
[2026-04-03T06:50:36.310+0600][60.448s][info][gc,stats    ]   Unlink Stale                    27599 us
[2026-04-03T06:50:36.310+0600][60.448s][info][gc,stats    ]     System Dictionary               303 us
[2026-04-03T06:50:36.310+0600][60.448s][info][gc,stats    ]     Weak Class Links                  1 us
[2026-04-03T06:50:36.310+0600][60.448s][info][gc,stats    ]     Code Roots                    27290 us
[2026-04-03T06:50:36.310+0600][60.448s][info][gc,stats    ]   Rendezvous                        920 us
[2026-04-03T06:50:36.310+0600][60.448s][info][gc,stats    ]   Purge Unlinked                   7175 us
[2026-04-03T06:50:36.310+0600][60.448s][info][gc,stats    ]     Code Roots                     7148 us
[2026-04-03T06:50:36.310+0600][60.448s][info][gc,stats    ]     CLDG                             25 us
[2026-04-03T06:50:36.310+0600][60.448s][info][gc,stats    ]     Exception Caches                  1 us
[2026-04-03T06:50:36.310+0600][60.448s][info][gc,stats    ] Concurrent Strong Roots            2354 us, parallelism: 0.80x
[2026-04-03T06:50:36.310+0600][60.448s][info][gc,stats    ]   CSR: <total>                     1882 us
[2026-04-03T06:50:36.310+0600][60.448s][info][gc,stats    ]   CSR: VM Strong Roots               85 us, workers (us):  38,  28,  20, ---, ---, ---, 
[2026-04-03T06:50:36.310+0600][60.448s][info][gc,stats    ]   CSR: CLDG Roots                  1797 us, workers (us): 1797, ---, ---, ---, ---, ---, 
[2026-04-03T06:50:36.310+0600][60.448s][info][gc,stats    ] Concurrent Evacuation              5077 us
[2026-04-03T06:50:36.310+0600][60.448s][info][gc,stats    ] Pause Init Update Refs (G)         1106 us
[2026-04-03T06:50:36.310+0600][60.448s][info][gc,stats    ] Pause Init Update Refs (N)          406 us
[2026-04-03T06:50:36.310+0600][60.448s][info][gc,stats    ]   Manage GCLABs                     108 us
[2026-04-03T06:50:36.310+0600][60.448s][info][gc,stats    ] Concurrent Update Refs            50588 us
[2026-04-03T06:50:36.310+0600][60.448s][info][gc,stats    ] Concurrent Update Thread Roots     2161 us
[2026-04-03T06:50:36.310+0600][60.448s][info][gc,stats    ] Pause Final Update Refs (G)         460 us
[2026-04-03T06:50:36.310+0600][60.448s][info][gc,stats    ] Pause Final Update Refs (N)         246 us
[2026-04-03T06:50:36.310+0600][60.448s][info][gc,stats    ]   Update Region States               88 us
[2026-04-03T06:50:36.310+0600][60.448s][info][gc,stats    ]   Trash Collection Set               16 us
[2026-04-03T06:50:36.310+0600][60.448s][info][gc,stats    ]   Rebuild Free Set                   52 us
[2026-04-03T06:50:36.310+0600][60.448s][info][gc,stats    ] Concurrent Cleanup                  865 us
[2026-04-03T06:50:36.311+0600][60.448s][info][gc,stats    ] 
[2026-04-03T06:50:36.311+0600][60.448s][info][gc,stats    ] Allocation pacing accrued:
[2026-04-03T06:50:36.311+0600][60.448s][info][gc,stats    ]       0 of  1109 ms (  0.0%): <total>
[2026-04-03T06:50:36.311+0600][60.448s][info][gc,stats    ]       0 of  1109 ms (  0.0%): <average total>
[2026-04-03T06:50:36.311+0600][60.448s][info][gc,stats    ] 
[2026-04-03T06:50:36.311+0600][60.448s][info][gc,metaspace] Metaspace: 130974K(132736K)->130986K(132736K) NonClass: 114535K(115584K)->114546K(115584K) Class: 16439K(17152K)->16439K(17152K)
[2026-04-03T06:50:36.311+0600][60.448s][info][gc,ergo     ] Pacer for Idle. Initial: 80302K, Alloc Tax Rate: 1.0x
[2026-04-03T06:50:37.092+0600][61.230s][info][gc          ] Trigger: Learning 5 of 5. Free (2744M) is below initial threshold (2744M)
[2026-04-03T06:50:37.092+0600][61.230s][info][gc,ergo     ] Free: 2744M, Max: 1024K regular, 2325M humongous, Frag: 16% external, 0% internal; Reserve: 197M, Max: 1024K
[2026-04-03T06:50:37.093+0600][61.230s][info][gc,start    ] GC(21) Concurrent reset
[2026-04-03T06:50:37.093+0600][61.230s][info][gc,task     ] GC(21) Using 3 of 6 workers for concurrent reset
[2026-04-03T06:50:37.093+0600][61.230s][info][gc,ergo     ] GC(21) Pacer for Reset. Non-Taxable: 3921M
[2026-04-03T06:50:37.101+0600][61.238s][info][gc          ] GC(21) Concurrent reset 8.060ms
[2026-04-03T06:50:37.101+0600][61.239s][info][gc,start    ] GC(21) Pause Init Mark (unload classes)
[2026-04-03T06:50:37.101+0600][61.239s][info][gc,task     ] GC(21) Using 6 of 6 workers for init marking
[2026-04-03T06:50:37.101+0600][61.239s][info][gc,ergo     ] GC(21) Pacer for Mark. Expected Live: 91565K, Free: 2741M, Non-Taxable: 274M, Alloc Tax Rate: 0.0x
[2026-04-03T06:50:37.101+0600][61.239s][info][gc          ] GC(21) Pause Init Mark (unload classes) 0.358ms
[2026-04-03T06:50:37.102+0600][61.239s][info][gc,start    ] GC(21) Concurrent marking roots
[2026-04-03T06:50:37.102+0600][61.239s][info][gc,task     ] GC(21) Using 3 of 6 workers for concurrent marking roots
[2026-04-03T06:50:37.104+0600][61.241s][info][gc          ] GC(21) Concurrent marking roots 2.120ms
[2026-04-03T06:50:37.104+0600][61.241s][info][gc,start    ] GC(21) Concurrent marking (unload classes)
[2026-04-03T06:50:37.104+0600][61.241s][info][gc,task     ] GC(21) Using 3 of 6 workers for concurrent marking
[2026-04-03T06:50:37.181+0600][61.319s][info][gc          ] GC(21) Concurrent marking (unload classes) 77.402ms
[2026-04-03T06:50:37.182+0600][61.319s][info][gc,start    ] GC(21) Pause Final Mark (unload classes)
[2026-04-03T06:50:37.182+0600][61.319s][info][gc,task     ] GC(21) Using 6 of 6 workers for final marking
[2026-04-03T06:50:37.182+0600][61.320s][info][gc,ergo     ] GC(21) Adaptive CSet Selection. Target Free: 555M, Actual Free: 3361M, Max CSet: 163M, Min Garbage: 0B
[2026-04-03T06:50:37.183+0600][61.320s][info][gc,ergo     ] GC(21) Collectable Garbage: 726M (98%), Immediate: 473M (64%), CSet: 253M (34%)
[2026-04-03T06:50:37.183+0600][61.320s][info][gc,ergo     ] GC(21) Pacer for Evacuation. Used CSet: 262M, Free: 3321M, Non-Taxable: 332M, Alloc Tax Rate: 1.1x
[2026-04-03T06:50:37.183+0600][61.320s][info][gc          ] GC(21) Pause Final Mark (unload classes) 1.191ms
[2026-04-03T06:50:37.183+0600][61.320s][info][gc,start    ] GC(21) Concurrent thread roots
[2026-04-03T06:50:37.183+0600][61.320s][info][gc,task     ] GC(21) Using 3 of 6 workers for Concurrent thread roots
[2026-04-03T06:50:37.185+0600][61.322s][info][gc          ] GC(21) Concurrent thread roots 1.743ms
[2026-04-03T06:50:37.185+0600][61.322s][info][gc,start    ] GC(21) Concurrent weak references
[2026-04-03T06:50:37.185+0600][61.322s][info][gc,task     ] GC(21) Using 3 of 6 workers for concurrent weak references
[2026-04-03T06:50:37.186+0600][61.323s][info][gc,ref      ] GC(21) Encountered references: Soft: 3785, Weak: 16479, Final: 84, Phantom: 636
[2026-04-03T06:50:37.186+0600][61.323s][info][gc,ref      ] GC(21) Discovered  references: Soft: 0, Weak: 9397, Final: 48, Phantom: 629
[2026-04-03T06:50:37.186+0600][61.323s][info][gc,ref      ] GC(21) Enqueued    references: Soft: 0, Weak: 1744, Final: 0, Phantom: 0
[2026-04-03T06:50:37.186+0600][61.323s][info][gc          ] GC(21) Concurrent weak references 1.034ms
[2026-04-03T06:50:37.186+0600][61.323s][info][gc,start    ] GC(21) Concurrent weak roots
[2026-04-03T06:50:37.186+0600][61.323s][info][gc,task     ] GC(21) Using 3 of 6 workers for concurrent weak root
[2026-04-03T06:50:37.195+0600][61.333s][info][gc          ] GC(21) Concurrent weak roots 9.473ms
[2026-04-03T06:50:37.195+0600][61.333s][info][gc,start    ] GC(21) Concurrent cleanup
[2026-04-03T06:50:37.196+0600][61.334s][info][gc          ] GC(21) Concurrent cleanup 879M->409M(1087M) 0.903ms
[2026-04-03T06:50:37.196+0600][61.334s][info][gc,ergo     ] GC(21) Free: 3309M, Max: 1024K regular, 2325M humongous, Frag: 30% external, 0% internal; Reserve: 195M, Max: 1024K
[2026-04-03T06:50:37.196+0600][61.334s][info][gc,start    ] GC(21) Concurrent class unloading
[2026-04-03T06:50:37.196+0600][61.334s][info][gc,task     ] GC(21) Using 3 of 6 workers for concurrent class unloading
[2026-04-03T06:50:37.232+0600][61.370s][info][gc          ] GC(21) Concurrent class unloading 35.799ms
[2026-04-03T06:50:37.232+0600][61.370s][info][gc,start    ] GC(21) Concurrent strong roots
[2026-04-03T06:50:37.232+0600][61.370s][info][gc,task     ] GC(21) Using 3 of 6 workers for concurrent strong root
[2026-04-03T06:50:37.234+0600][61.372s][info][gc          ] GC(21) Concurrent strong roots 1.896ms
[2026-04-03T06:50:37.234+0600][61.372s][info][gc,start    ] GC(21) Concurrent evacuation
[2026-04-03T06:50:37.234+0600][61.372s][info][gc,task     ] GC(21) Using 3 of 6 workers for concurrent evacuation
[2026-04-03T06:50:37.240+0600][61.377s][info][gc          ] GC(21) Concurrent evacuation 5.247ms
[2026-04-03T06:50:37.240+0600][61.378s][info][gc,start    ] GC(21) Pause Init Update Refs
[2026-04-03T06:50:37.240+0600][61.378s][info][gc,ergo     ] GC(21) Pacer for Update Refs. Used: 450M, Free: 3271M, Non-Taxable: 327M, Alloc Tax Rate: 1.1x
[2026-04-03T06:50:37.240+0600][61.378s][info][gc          ] GC(21) Pause Init Update Refs 0.238ms
[2026-04-03T06:50:37.240+0600][61.378s][info][gc,start    ] GC(21) Concurrent update references
[2026-04-03T06:50:37.241+0600][61.378s][info][gc,task     ] GC(21) Using 3 of 6 workers for concurrent reference update
[2026-04-03T06:50:37.297+0600][61.435s][info][gc          ] GC(21) Concurrent update references 56.531ms
[2026-04-03T06:50:37.297+0600][61.435s][info][gc,start    ] GC(21) Concurrent update thread roots
[2026-04-03T06:50:37.300+0600][61.438s][info][gc          ] GC(21) Concurrent update thread roots 3.001ms
[2026-04-03T06:50:37.301+0600][61.438s][info][gc,start    ] GC(21) Pause Final Update Refs
[2026-04-03T06:50:37.301+0600][61.438s][info][gc,task     ] GC(21) Using 6 of 6 workers for final reference update
[2026-04-03T06:50:37.301+0600][61.438s][info][gc          ] GC(21) Pause Final Update Refs 0.193ms
[2026-04-03T06:50:37.301+0600][61.438s][info][gc,start    ] GC(21) Concurrent cleanup
[2026-04-03T06:50:37.302+0600][61.439s][info][gc          ] GC(21) Concurrent cleanup 477M->214M(1087M) 0.909ms
[2026-04-03T06:50:37.302+0600][61.439s][info][gc,ergo     ] Free: 3494M, Max: 1024K regular, 2325M humongous, Frag: 34% external, 0% internal; Reserve: 197M, Max: 1024K
[2026-04-03T06:50:37.302+0600][61.439s][info][gc,stats    ] 
[2026-04-03T06:50:37.302+0600][61.439s][info][gc,stats    ] All times are wall-clock times, except per-root-class counters, that are sum over
[2026-04-03T06:50:37.302+0600][61.439s][info][gc,stats    ] all workers. Dividing the <total> over the root stage time estimates parallelism.
[2026-04-03T06:50:37.302+0600][61.439s][info][gc,stats    ] 
[2026-04-03T06:50:37.302+0600][61.440s][info][gc,stats    ] Concurrent Reset                   8209 us
[2026-04-03T06:50:37.302+0600][61.440s][info][gc,stats    ] Pause Init Mark (G)                 902 us
[2026-04-03T06:50:37.302+0600][61.440s][info][gc,stats    ] Pause Init Mark (N)                 380 us
[2026-04-03T06:50:37.302+0600][61.440s][info][gc,stats    ]   Update Region States               70 us
[2026-04-03T06:50:37.302+0600][61.440s][info][gc,stats    ] Concurrent Mark Roots              2195 us, parallelism: 1.90x
[2026-04-03T06:50:37.302+0600][61.440s][info][gc,stats    ]   CMR: <total>                     4161 us
[2026-04-03T06:50:37.302+0600][61.440s][info][gc,stats    ]   CMR: Thread Roots                3571 us, workers (us): 1385, 831, 1354, ---, ---, ---, 
[2026-04-03T06:50:37.302+0600][61.440s][info][gc,stats    ]   CMR: VM Strong Roots               72 us, workers (us):  56,  15,   1, ---, ---, ---, 
[2026-04-03T06:50:37.302+0600][61.440s][info][gc,stats    ]   CMR: CLDG Roots                   519 us, workers (us): ---, 519, ---, ---, ---, ---, 
[2026-04-03T06:50:37.302+0600][61.440s][info][gc,stats    ] Concurrent Marking                77558 us
[2026-04-03T06:50:37.302+0600][61.440s][info][gc,stats    ] Pause Final Mark (G)               1476 us
[2026-04-03T06:50:37.302+0600][61.440s][info][gc,stats    ] Pause Final Mark (N)               1206 us
[2026-04-03T06:50:37.302+0600][61.440s][info][gc,stats    ]   Finish Mark                       330 us
[2026-04-03T06:50:37.302+0600][61.440s][info][gc,stats    ]   Update Region States               80 us
[2026-04-03T06:50:37.302+0600][61.440s][info][gc,stats    ]   Choose Collection Set             442 us
[2026-04-03T06:50:37.302+0600][61.440s][info][gc,stats    ]   Rebuild Free Set                   65 us
[2026-04-03T06:50:37.302+0600][61.440s][info][gc,stats    ] Concurrent Thread Roots            1822 us, parallelism: 1.76x
[2026-04-03T06:50:37.302+0600][61.440s][info][gc,stats    ]   CTR: <total>                     3208 us
[2026-04-03T06:50:37.302+0600][61.440s][info][gc,stats    ]   CTR: Thread Roots                3208 us, workers (us): 1606, 1602,   0, ---, ---, ---, 
[2026-04-03T06:50:37.302+0600][61.440s][info][gc,stats    ] Concurrent Weak References         1046 us, parallelism: 1.48x
[2026-04-03T06:50:37.302+0600][61.440s][info][gc,stats    ]   CWRF: <total>                    1544 us
[2026-04-03T06:50:37.302+0600][61.440s][info][gc,stats    ]   CWRF: Weak References            1544 us, workers (us): 242, 860, 443, ---, ---, ---, 
[2026-04-03T06:50:37.303+0600][61.440s][info][gc,stats    ] Concurrent Weak Roots              9641 us
[2026-04-03T06:50:37.303+0600][61.440s][info][gc,stats    ]   Roots                            6556 us, parallelism: 2.60x
[2026-04-03T06:50:37.303+0600][61.440s][info][gc,stats    ]     CWR: <total>                  17053 us
[2026-04-03T06:50:37.303+0600][61.440s][info][gc,stats    ]     CWR: Code Cache Roots         12936 us, workers (us): 4289, 4481, 4167, ---, ---, ---, 
[2026-04-03T06:50:37.303+0600][61.440s][info][gc,stats    ]     CWR: VM Weak Roots             3807 us, workers (us): 1412, 1295, 1100, ---, ---, ---, 
[2026-04-03T06:50:37.303+0600][61.440s][info][gc,stats    ]     CWR: CLDG Roots                 309 us, workers (us): ---, 309, ---, ---, ---, ---, 
[2026-04-03T06:50:37.303+0600][61.440s][info][gc,stats    ]   Rendezvous                       2888 us
[2026-04-03T06:50:37.303+0600][61.440s][info][gc,stats    ] Concurrent Cleanup                  963 us
[2026-04-03T06:50:37.303+0600][61.440s][info][gc,stats    ] Concurrent Class Unloading        35962 us
[2026-04-03T06:50:37.303+0600][61.440s][info][gc,stats    ]   Unlink Stale                    28270 us
[2026-04-03T06:50:37.303+0600][61.440s][info][gc,stats    ]     System Dictionary               274 us
[2026-04-03T06:50:37.303+0600][61.440s][info][gc,stats    ]     Weak Class Links                  0 us
[2026-04-03T06:50:37.303+0600][61.440s][info][gc,stats    ]     Code Roots                    27991 us
[2026-04-03T06:50:37.303+0600][61.440s][info][gc,stats    ]   Rendezvous                        776 us
[2026-04-03T06:50:37.303+0600][61.440s][info][gc,stats    ]   Purge Unlinked                   6708 us
[2026-04-03T06:50:37.303+0600][61.440s][info][gc,stats    ]     Code Roots                     6644 us
[2026-04-03T06:50:37.303+0600][61.440s][info][gc,stats    ]     CLDG                             60 us
[2026-04-03T06:50:37.303+0600][61.440s][info][gc,stats    ]     Exception Caches                  1 us
[2026-04-03T06:50:37.303+0600][61.440s][info][gc,stats    ] Concurrent Strong Roots            2052 us, parallelism: 0.69x
[2026-04-03T06:50:37.303+0600][61.440s][info][gc,stats    ]   CSR: <total>                     1415 us
[2026-04-03T06:50:37.303+0600][61.440s][info][gc,stats    ]   CSR: VM Strong Roots               88 us, workers (us):  32,  32,  24, ---, ---, ---, 
[2026-04-03T06:50:37.303+0600][61.440s][info][gc,stats    ]   CSR: CLDG Roots                  1327 us, workers (us): ---, 1327, ---, ---, ---, ---, 
[2026-04-03T06:50:37.303+0600][61.440s][info][gc,stats    ] Concurrent Evacuation              5378 us
[2026-04-03T06:50:37.303+0600][61.440s][info][gc,stats    ] Pause Init Update Refs (G)          614 us
[2026-04-03T06:50:37.303+0600][61.440s][info][gc,stats    ] Pause Init Update Refs (N)          257 us
[2026-04-03T06:50:37.303+0600][61.440s][info][gc,stats    ]   Manage GCLABs                     112 us
[2026-04-03T06:50:37.303+0600][61.440s][info][gc,stats    ] Concurrent Update Refs            56658 us
[2026-04-03T06:50:37.303+0600][61.440s][info][gc,stats    ] Concurrent Update Thread Roots     3133 us
[2026-04-03T06:50:37.303+0600][61.440s][info][gc,stats    ] Pause Final Update Refs (G)         578 us
[2026-04-03T06:50:37.303+0600][61.440s][info][gc,stats    ] Pause Final Update Refs (N)         215 us
[2026-04-03T06:50:37.303+0600][61.440s][info][gc,stats    ]   Update Region States               72 us
[2026-04-03T06:50:37.303+0600][61.440s][info][gc,stats    ]   Trash Collection Set               17 us
[2026-04-03T06:50:37.303+0600][61.440s][info][gc,stats    ]   Rebuild Free Set                   51 us
[2026-04-03T06:50:37.303+0600][61.441s][info][gc,stats    ] Concurrent Cleanup                  959 us
[2026-04-03T06:50:37.303+0600][61.441s][info][gc,stats    ] 
[2026-04-03T06:50:37.303+0600][61.441s][info][gc,stats    ] Allocation pacing accrued:
[2026-04-03T06:50:37.303+0600][61.441s][info][gc,stats    ]       0 of   992 ms (  0.0%): <total>
[2026-04-03T06:50:37.303+0600][61.441s][info][gc,stats    ]       0 of   992 ms (  0.0%): <average total>
[2026-04-03T06:50:37.303+0600][61.441s][info][gc,stats    ] 
[2026-04-03T06:50:37.303+0600][61.441s][info][gc,metaspace] Metaspace: 131089K(132736K)->131092K(132736K) NonClass: 114638K(115584K)->114642K(115584K) Class: 16450K(17152K)->16450K(17152K)
[2026-04-03T06:50:37.303+0600][61.441s][info][gc,ergo     ] Pacer for Idle. Initial: 80302K, Alloc Tax Rate: 1.0x
[2026-04-03T06:50:40.691+0600][64.828s][info][gc          ] Trigger: Average GC time (249.61 ms) is above the time for average allocation rate (875 MB/s) to deplete free headroom (218M) (margin of error = 1.83)
[2026-04-03T06:50:40.691+0600][64.828s][info][gc,ergo     ] Free headroom: 414M (free) - 196M (spike) - 0B (penalties) = 218M
[2026-04-03T06:50:40.691+0600][64.828s][info][gc,ergo     ] Free: 414M, Max: 1024K regular, 328M humongous, Frag: 21% external, 0% internal; Reserve: 197M, Max: 1024K
[2026-04-03T06:50:40.691+0600][64.828s][info][gc,start    ] GC(22) Concurrent reset
[2026-04-03T06:50:40.691+0600][64.828s][info][gc,task     ] GC(22) Using 3 of 6 workers for concurrent reset
[2026-04-03T06:50:40.691+0600][64.828s][info][gc,ergo     ] GC(22) Pacer for Reset. Non-Taxable: 3921M
[2026-04-03T06:50:40.703+0600][64.841s][info][gc          ] GC(22) Concurrent reset 12.118ms
[2026-04-03T06:50:40.703+0600][64.841s][info][gc,start    ] GC(22) Pause Init Mark (unload classes)
[2026-04-03T06:50:40.703+0600][64.841s][info][gc,task     ] GC(22) Using 6 of 6 workers for init marking
[2026-04-03T06:50:40.704+0600][64.841s][info][gc,ergo     ] GC(22) Pacer for Mark. Expected Live: 91669K, Free: 410M, Non-Taxable: 41993K, Alloc Tax Rate: 0.3x
[2026-04-03T06:50:40.704+0600][64.841s][info][gc          ] GC(22) Pause Init Mark (unload classes) 0.242ms
[2026-04-03T06:50:40.704+0600][64.841s][info][gc,start    ] GC(22) Concurrent marking roots
[2026-04-03T06:50:40.704+0600][64.841s][info][gc,task     ] GC(22) Using 3 of 6 workers for concurrent marking roots
[2026-04-03T06:50:40.707+0600][64.844s][info][gc          ] GC(22) Concurrent marking roots 3.057ms
[2026-04-03T06:50:40.707+0600][64.844s][info][gc,start    ] GC(22) Concurrent marking (unload classes)
[2026-04-03T06:50:40.707+0600][64.844s][info][gc,task     ] GC(22) Using 3 of 6 workers for concurrent marking
[2026-04-03T06:50:40.818+0600][64.956s][info][gc          ] GC(22) Concurrent marking (unload classes) 111.432ms
[2026-04-03T06:50:40.819+0600][64.957s][info][gc,start    ] GC(22) Pause Final Mark (unload classes)
[2026-04-03T06:50:40.819+0600][64.957s][info][gc,task     ] GC(22) Using 6 of 6 workers for final marking
[2026-04-03T06:50:40.820+0600][64.957s][info][gc,ergo     ] GC(22) Adaptive CSet Selection. Target Free: 555M, Actual Free: 2615M, Max CSet: 163M, Min Garbage: 0B
[2026-04-03T06:50:40.820+0600][64.958s][info][gc,ergo     ] GC(22) Collectable Garbage: 2690M (99%), Immediate: 2086M (77%), CSet: 603M (22%)
[2026-04-03T06:50:40.820+0600][64.958s][info][gc,ergo     ] GC(22) Pacer for Evacuation. Used CSet: 617M, Free: 2938M, Non-Taxable: 293M, Alloc Tax Rate: 1.1x
[2026-04-03T06:50:40.820+0600][64.958s][info][gc          ] GC(22) Pause Final Mark (unload classes) 1.071ms
[2026-04-03T06:50:40.820+0600][64.958s][info][gc,start    ] GC(22) Concurrent thread roots
[2026-04-03T06:50:40.820+0600][64.958s][info][gc,task     ] GC(22) Using 3 of 6 workers for Concurrent thread roots
[2026-04-03T06:50:40.823+0600][64.960s][info][gc          ] GC(22) Concurrent thread roots 2.205ms
[2026-04-03T06:50:40.823+0600][64.960s][info][gc,start    ] GC(22) Concurrent weak references
[2026-04-03T06:50:40.823+0600][64.960s][info][gc,task     ] GC(22) Using 3 of 6 workers for concurrent weak references
[2026-04-03T06:50:40.824+0600][64.962s][info][gc,ref      ] GC(22) Encountered references: Soft: 3792, Weak: 18178, Final: 84, Phantom: 621
[2026-04-03T06:50:40.825+0600][64.962s][info][gc,ref      ] GC(22) Discovered  references: Soft: 0, Weak: 10224, Final: 52, Phantom: 584
[2026-04-03T06:50:40.825+0600][64.962s][info][gc,ref      ] GC(22) Enqueued    references: Soft: 0, Weak: 2767, Final: 0, Phantom: 0
[2026-04-03T06:50:40.825+0600][64.962s][info][gc          ] GC(22) Concurrent weak references 1.859ms
[2026-04-03T06:50:40.825+0600][64.962s][info][gc,start    ] GC(22) Concurrent weak roots
[2026-04-03T06:50:40.825+0600][64.962s][info][gc,task     ] GC(22) Using 3 of 6 workers for concurrent weak root
[2026-04-03T06:50:40.835+0600][64.972s][info][gc          ] GC(22) Concurrent weak roots 10.262ms
[2026-04-03T06:50:40.835+0600][64.973s][info][gc,start    ] GC(22) Concurrent cleanup
[2026-04-03T06:50:40.836+0600][64.974s][info][gc          ] GC(22) Concurrent cleanup 2879M->792M(3429M) 1.274ms
[2026-04-03T06:50:40.837+0600][64.974s][info][gc,ergo     ] GC(22) Free: 2914M, Max: 1024K regular, 309M humongous, Frag: 90% external, 0% internal; Reserve: 195M, Max: 1024K
[2026-04-03T06:50:40.837+0600][64.974s][info][gc,start    ] GC(22) Concurrent class unloading
[2026-04-03T06:50:40.837+0600][64.974s][info][gc,task     ] GC(22) Using 3 of 6 workers for concurrent class unloading
[2026-04-03T06:50:40.870+0600][65.008s][info][gc          ] GC(22) Concurrent class unloading 33.811ms
[2026-04-03T06:50:40.871+0600][65.009s][info][gc,start    ] GC(22) Concurrent strong roots
[2026-04-03T06:50:40.871+0600][65.009s][info][gc,task     ] GC(22) Using 3 of 6 workers for concurrent strong root
[2026-04-03T06:50:40.874+0600][65.011s][info][gc          ] GC(22) Concurrent strong roots 2.623ms
[2026-04-03T06:50:40.874+0600][65.011s][info][gc,start    ] GC(22) Concurrent evacuation
[2026-04-03T06:50:40.874+0600][65.011s][info][gc,task     ] GC(22) Using 3 of 6 workers for concurrent evacuation
[2026-04-03T06:50:40.895+0600][65.033s][info][gc          ] GC(22) Concurrent evacuation 21.635ms
[2026-04-03T06:50:40.896+0600][65.033s][info][gc,start    ] GC(22) Pause Init Update Refs
[2026-04-03T06:50:40.896+0600][65.033s][info][gc,ergo     ] GC(22) Pacer for Update Refs. Used: 827M, Free: 2893M, Non-Taxable: 289M, Alloc Tax Rate: 1.1x
[2026-04-03T06:50:40.896+0600][65.033s][info][gc          ] GC(22) Pause Init Update Refs 0.098ms
[2026-04-03T06:50:40.896+0600][65.033s][info][gc,start    ] GC(22) Concurrent update references
[2026-04-03T06:50:40.896+0600][65.033s][info][gc,task     ] GC(22) Using 3 of 6 workers for concurrent reference update
[2026-04-03T06:50:40.971+0600][65.108s][info][gc          ] GC(22) Concurrent update references 74.957ms
[2026-04-03T06:50:40.971+0600][65.109s][info][gc,start    ] GC(22) Concurrent update thread roots
[2026-04-03T06:50:40.973+0600][65.110s][info][gc          ] GC(22) Concurrent update thread roots 1.894ms
[2026-04-03T06:50:40.973+0600][65.111s][info][gc,start    ] GC(22) Pause Final Update Refs
[2026-04-03T06:50:40.973+0600][65.111s][info][gc,task     ] GC(22) Using 6 of 6 workers for final reference update
[2026-04-03T06:50:40.973+0600][65.111s][info][gc          ] GC(22) Pause Final Update Refs 0.301ms
[2026-04-03T06:50:40.974+0600][65.111s][info][gc,start    ] GC(22) Concurrent cleanup
[2026-04-03T06:50:40.974+0600][65.112s][info][gc          ] GC(22) Concurrent cleanup 877M->260M(3433M) 0.868ms
[2026-04-03T06:50:40.975+0600][65.112s][info][gc,ergo     ] Free: 3431M, Max: 1024K regular, 2668M humongous, Frag: 23% external, 0% internal; Reserve: 197M, Max: 1024K
[2026-04-03T06:50:40.975+0600][65.112s][info][gc,stats    ] 
[2026-04-03T06:50:40.975+0600][65.112s][info][gc,stats    ] All times are wall-clock times, except per-root-class counters, that are sum over
[2026-04-03T06:50:40.975+0600][65.112s][info][gc,stats    ] all workers. Dividing the <total> over the root stage time estimates parallelism.
[2026-04-03T06:50:40.975+0600][65.112s][info][gc,stats    ] 
[2026-04-03T06:50:40.975+0600][65.112s][info][gc,stats    ] Concurrent Reset                  12240 us
[2026-04-03T06:50:40.975+0600][65.112s][info][gc,stats    ] Pause Init Mark (G)                 611 us
[2026-04-03T06:50:40.975+0600][65.112s][info][gc,stats    ] Pause Init Mark (N)                 254 us
[2026-04-03T06:50:40.975+0600][65.112s][info][gc,stats    ]   Update Region States               58 us
[2026-04-03T06:50:40.975+0600][65.112s][info][gc,stats    ] Concurrent Mark Roots              3153 us, parallelism: 1.94x
[2026-04-03T06:50:40.975+0600][65.112s][info][gc,stats    ]   CMR: <total>                     6127 us
[2026-04-03T06:50:40.975+0600][65.112s][info][gc,stats    ]   CMR: Thread Roots                5516 us, workers (us): 1959, 2492, 1066, ---, ---, ---, 
[2026-04-03T06:50:40.975+0600][65.112s][info][gc,stats    ]   CMR: VM Strong Roots               94 us, workers (us):  51,  42,   1, ---, ---, ---, 
[2026-04-03T06:50:40.975+0600][65.112s][info][gc,stats    ]   CMR: CLDG Roots                   517 us, workers (us): 517, ---, ---, ---, ---, ---, 
[2026-04-03T06:50:40.975+0600][65.112s][info][gc,stats    ] Concurrent Marking               111529 us
[2026-04-03T06:50:40.975+0600][65.112s][info][gc,stats    ] Pause Final Mark (G)               2078 us
[2026-04-03T06:50:40.975+0600][65.112s][info][gc,stats    ] Pause Final Mark (N)               1086 us
[2026-04-03T06:50:40.975+0600][65.112s][info][gc,stats    ]   Finish Mark                       275 us
[2026-04-03T06:50:40.975+0600][65.112s][info][gc,stats    ]   Update Region States               85 us
[2026-04-03T06:50:40.975+0600][65.112s][info][gc,stats    ]   Choose Collection Set             424 us
[2026-04-03T06:50:40.975+0600][65.112s][info][gc,stats    ]   Rebuild Free Set                   72 us
[2026-04-03T06:50:40.975+0600][65.112s][info][gc,stats    ] Concurrent Thread Roots            2288 us, parallelism: 2.60x
[2026-04-03T06:50:40.975+0600][65.112s][info][gc,stats    ]   CTR: <total>                     5946 us
[2026-04-03T06:50:40.975+0600][65.112s][info][gc,stats    ]   CTR: Thread Roots                5946 us, workers (us): 2032, 1992, 1922, ---, ---, ---, 
[2026-04-03T06:50:40.975+0600][65.112s][info][gc,stats    ] Concurrent Weak References         1882 us, parallelism: 1.47x
[2026-04-03T06:50:40.975+0600][65.112s][info][gc,stats    ]   CWRF: <total>                    2766 us
[2026-04-03T06:50:40.975+0600][65.112s][info][gc,stats    ]   CWRF: Weak References            2766 us, workers (us): 1288, 1475,   4, ---, ---, ---, 
[2026-04-03T06:50:40.975+0600][65.112s][info][gc,stats    ] Concurrent Weak Roots             10392 us
[2026-04-03T06:50:40.975+0600][65.112s][info][gc,stats    ]   Roots                            8017 us, parallelism: 2.66x
[2026-04-03T06:50:40.975+0600][65.112s][info][gc,stats    ]     CWR: <total>                  21302 us
[2026-04-03T06:50:40.975+0600][65.112s][info][gc,stats    ]     CWR: Code Cache Roots         14677 us, workers (us): 5456, 3958, 5263, ---, ---, ---, 
[2026-04-03T06:50:40.975+0600][65.113s][info][gc,stats    ]     CWR: VM Weak Roots             6344 us, workers (us): 2040, 3435, 869, ---, ---, ---, 
[2026-04-03T06:50:40.975+0600][65.113s][info][gc,stats    ]     CWR: CLDG Roots                 282 us, workers (us): ---, ---, 282, ---, ---, ---, 
[2026-04-03T06:50:40.975+0600][65.113s][info][gc,stats    ]   Rendezvous                       2194 us
[2026-04-03T06:50:40.975+0600][65.113s][info][gc,stats    ] Concurrent Cleanup                 1391 us
[2026-04-03T06:50:40.975+0600][65.113s][info][gc,stats    ] Concurrent Class Unloading        34484 us
[2026-04-03T06:50:40.975+0600][65.113s][info][gc,stats    ]   Unlink Stale                    16295 us
[2026-04-03T06:50:40.975+0600][65.113s][info][gc,stats    ]     System Dictionary               338 us
[2026-04-03T06:50:40.975+0600][65.113s][info][gc,stats    ]     Weak Class Links                  1 us
[2026-04-03T06:50:40.975+0600][65.113s][info][gc,stats    ]     Code Roots                    15951 us
[2026-04-03T06:50:40.975+0600][65.113s][info][gc,stats    ]   Rendezvous                        650 us
[2026-04-03T06:50:40.975+0600][65.113s][info][gc,stats    ]   Purge Unlinked                  16802 us
[2026-04-03T06:50:40.975+0600][65.113s][info][gc,stats    ]     Code Roots                    16768 us
[2026-04-03T06:50:40.975+0600][65.113s][info][gc,stats    ]     CLDG                             32 us
[2026-04-03T06:50:40.975+0600][65.113s][info][gc,stats    ]     Exception Caches                  0 us
[2026-04-03T06:50:40.975+0600][65.113s][info][gc,stats    ] Concurrent Strong Roots            2752 us, parallelism: 0.72x
[2026-04-03T06:50:40.975+0600][65.113s][info][gc,stats    ]   CSR: <total>                     1972 us
[2026-04-03T06:50:40.975+0600][65.113s][info][gc,stats    ]   CSR: VM Strong Roots               75 us, workers (us):  74,   1,   0, ---, ---, ---, 
[2026-04-03T06:50:40.975+0600][65.113s][info][gc,stats    ]   CSR: CLDG Roots                  1897 us, workers (us): 1897, ---, ---, ---, ---, ---, 
[2026-04-03T06:50:40.975+0600][65.113s][info][gc,stats    ] Concurrent Evacuation             21734 us
[2026-04-03T06:50:40.975+0600][65.113s][info][gc,stats    ] Pause Init Update Refs (G)          341 us
[2026-04-03T06:50:40.975+0600][65.113s][info][gc,stats    ] Pause Init Update Refs (N)          111 us
[2026-04-03T06:50:40.975+0600][65.113s][info][gc,stats    ]   Manage GCLABs                      52 us
[2026-04-03T06:50:40.975+0600][65.113s][info][gc,stats    ] Concurrent Update Refs            75072 us
[2026-04-03T06:50:40.975+0600][65.113s][info][gc,stats    ] Concurrent Update Thread Roots     1971 us
[2026-04-03T06:50:40.975+0600][65.113s][info][gc,stats    ] Pause Final Update Refs (G)         594 us
[2026-04-03T06:50:40.975+0600][65.113s][info][gc,stats    ] Pause Final Update Refs (N)         325 us
[2026-04-03T06:50:40.975+0600][65.113s][info][gc,stats    ]   Update Region States               78 us
[2026-04-03T06:50:40.975+0600][65.113s][info][gc,stats    ]   Trash Collection Set               26 us
[2026-04-03T06:50:40.975+0600][65.113s][info][gc,stats    ]   Rebuild Free Set                   62 us
[2026-04-03T06:50:40.975+0600][65.113s][info][gc,stats    ] Concurrent Cleanup                  938 us
[2026-04-03T06:50:40.975+0600][65.113s][info][gc,stats    ] 
[2026-04-03T06:50:40.975+0600][65.113s][info][gc,stats    ] Allocation pacing accrued:
[2026-04-03T06:50:40.975+0600][65.113s][info][gc,stats    ]       0 of  3672 ms (  0.0%): <total>
[2026-04-03T06:50:40.975+0600][65.113s][info][gc,stats    ]       0 of  3672 ms (  0.0%): <average total>
[2026-04-03T06:50:40.975+0600][65.113s][info][gc,stats    ] 
[2026-04-03T06:50:40.975+0600][65.113s][info][gc,metaspace] Metaspace: 131194K(132736K)->131213K(132736K) NonClass: 114737K(115584K)->114756K(115584K) Class: 16456K(17152K)->16456K(17152K)
[2026-04-03T06:50:40.975+0600][65.113s][info][gc,ergo     ] Pacer for Idle. Initial: 80302K, Alloc Tax Rate: 1.0x
[2026-04-03T06:50:43.492+0600][67.629s][info][gc          ] Trigger: Average GC time (319.32 ms) is above the time for average allocation rate (1081 MB/s) to deplete free headroom (344M) (margin of error = 1.83)
[2026-04-03T06:50:43.492+0600][67.630s][info][gc,ergo     ] Free headroom: 540M (free) - 196M (spike) - 0B (penalties) = 344M
[2026-04-03T06:50:43.492+0600][67.630s][info][gc,ergo     ] Free: 540M, Max: 1024K regular, 302M humongous, Frag: 44% external, 0% internal; Reserve: 197M, Max: 1024K
[2026-04-03T06:50:43.492+0600][67.630s][info][gc,start    ] GC(23) Concurrent reset
[2026-04-03T06:50:43.492+0600][67.630s][info][gc,task     ] GC(23) Using 3 of 6 workers for concurrent reset
[2026-04-03T06:50:43.492+0600][67.630s][info][gc,ergo     ] GC(23) Pacer for Reset. Non-Taxable: 3921M
[2026-04-03T06:50:43.518+0600][67.655s][info][gc          ] GC(23) Concurrent reset 25.686ms
[2026-04-03T06:50:43.518+0600][67.656s][info][gc,start    ] GC(23) Pause Init Mark (unload classes)
[2026-04-03T06:50:43.518+0600][67.656s][info][gc,task     ] GC(23) Using 6 of 6 workers for init marking
[2026-04-03T06:50:43.518+0600][67.656s][info][gc,ergo     ] GC(23) Pacer for Mark. Expected Live: 93125K, Free: 518M, Non-Taxable: 53108K, Alloc Tax Rate: 0.2x
[2026-04-03T06:50:43.518+0600][67.656s][info][gc          ] GC(23) Pause Init Mark (unload classes) 0.194ms
[2026-04-03T06:50:43.519+0600][67.656s][info][gc,start    ] GC(23) Concurrent marking roots
[2026-04-03T06:50:43.519+0600][67.656s][info][gc,task     ] GC(23) Using 3 of 6 workers for concurrent marking roots
[2026-04-03T06:50:43.521+0600][67.658s][info][gc          ] GC(23) Concurrent marking roots 2.145ms
[2026-04-03T06:50:43.521+0600][67.658s][info][gc,start    ] GC(23) Concurrent marking (unload classes)
[2026-04-03T06:50:43.521+0600][67.658s][info][gc,task     ] GC(23) Using 3 of 6 workers for concurrent marking
[2026-04-03T06:50:43.598+0600][67.736s][info][gc          ] GC(23) Concurrent marking (unload classes) 77.372ms
[2026-04-03T06:50:43.598+0600][67.736s][info][gc,start    ] GC(23) Pause Final Mark (unload classes)
[2026-04-03T06:50:43.598+0600][67.736s][info][gc,task     ] GC(23) Using 6 of 6 workers for final marking
[2026-04-03T06:50:43.599+0600][67.736s][info][gc,ergo     ] GC(23) Adaptive CSet Selection. Target Free: 555M, Actual Free: 2567M, Max CSet: 163M, Min Garbage: 0B
[2026-04-03T06:50:43.599+0600][67.737s][info][gc,ergo     ] GC(23) Collectable Garbage: 2590M (99%), Immediate: 1910M (73%), CSet: 679M (26%)
[2026-04-03T06:50:43.599+0600][67.737s][info][gc,ergo     ] GC(23) Pacer for Evacuation. Used CSet: 700M, Free: 2881M, Non-Taxable: 288M, Alloc Tax Rate: 1.1x
[2026-04-03T06:50:43.599+0600][67.737s][info][gc          ] GC(23) Pause Final Mark (unload classes) 0.869ms
[2026-04-03T06:50:43.599+0600][67.737s][info][gc,start    ] GC(23) Concurrent thread roots
[2026-04-03T06:50:43.599+0600][67.737s][info][gc,task     ] GC(23) Using 3 of 6 workers for Concurrent thread roots
[2026-04-03T06:50:43.600+0600][67.738s][info][gc          ] GC(23) Concurrent thread roots 1.153ms
[2026-04-03T06:50:43.600+0600][67.738s][info][gc,start    ] GC(23) Concurrent weak references
[2026-04-03T06:50:43.600+0600][67.738s][info][gc,task     ] GC(23) Using 3 of 6 workers for concurrent weak references
[2026-04-03T06:50:43.602+0600][67.739s][info][gc,ref      ] GC(23) Encountered references: Soft: 3789, Weak: 18942, Final: 84, Phantom: 621
[2026-04-03T06:50:43.602+0600][67.739s][info][gc,ref      ] GC(23) Discovered  references: Soft: 0, Weak: 12421, Final: 84, Phantom: 597
[2026-04-03T06:50:43.602+0600][67.739s][info][gc,ref      ] GC(23) Enqueued    references: Soft: 0, Weak: 2916, Final: 0, Phantom: 0
[2026-04-03T06:50:43.602+0600][67.739s][info][gc          ] GC(23) Concurrent weak references 1.368ms
[2026-04-03T06:50:43.602+0600][67.739s][info][gc,start    ] GC(23) Concurrent weak roots
[2026-04-03T06:50:43.602+0600][67.739s][info][gc,task     ] GC(23) Using 3 of 6 workers for concurrent weak root
[2026-04-03T06:50:43.607+0600][67.745s][info][gc          ] GC(23) Concurrent weak roots 5.304ms
[2026-04-03T06:50:43.607+0600][67.745s][info][gc,start    ] GC(23) Concurrent cleanup
[2026-04-03T06:50:43.609+0600][67.746s][info][gc          ] GC(23) Concurrent cleanup 2743M->832M(3433M) 1.275ms
[2026-04-03T06:50:43.609+0600][67.746s][info][gc,ergo     ] GC(23) Free: 2874M, Max: 1024K regular, 306M humongous, Frag: 90% external, 0% internal; Reserve: 196M, Max: 1024K
[2026-04-03T06:50:43.609+0600][67.746s][info][gc,start    ] GC(23) Concurrent class unloading
[2026-04-03T06:50:43.609+0600][67.746s][info][gc,task     ] GC(23) Using 3 of 6 workers for concurrent class unloading
[2026-04-03T06:50:43.633+0600][67.770s][info][gc          ] GC(23) Concurrent class unloading 24.095ms
[2026-04-03T06:50:43.633+0600][67.770s][info][gc,start    ] GC(23) Concurrent strong roots
[2026-04-03T06:50:43.633+0600][67.771s][info][gc,task     ] GC(23) Using 3 of 6 workers for concurrent strong root
[2026-04-03T06:50:43.635+0600][67.772s][info][gc          ] GC(23) Concurrent strong roots 1.882ms
[2026-04-03T06:50:43.635+0600][67.772s][info][gc,start    ] GC(23) Concurrent evacuation
[2026-04-03T06:50:43.635+0600][67.772s][info][gc,task     ] GC(23) Using 3 of 6 workers for concurrent evacuation
[2026-04-03T06:50:43.658+0600][67.795s][info][gc          ] GC(23) Concurrent evacuation 22.644ms
[2026-04-03T06:50:43.658+0600][67.796s][info][gc,start    ] GC(23) Pause Init Update Refs
[2026-04-03T06:50:43.658+0600][67.796s][info][gc,ergo     ] GC(23) Pacer for Update Refs. Used: 871M, Free: 2857M, Non-Taxable: 285M, Alloc Tax Rate: 1.1x
[2026-04-03T06:50:43.658+0600][67.796s][info][gc          ] GC(23) Pause Init Update Refs 0.245ms
[2026-04-03T06:50:43.665+0600][67.803s][info][gc,start    ] GC(23) Concurrent update references
[2026-04-03T06:50:43.665+0600][67.803s][info][gc,task     ] GC(23) Using 3 of 6 workers for concurrent reference update
[2026-04-03T06:50:43.726+0600][67.863s][info][gc          ] GC(23) Concurrent update references 60.567ms
[2026-04-03T06:50:43.726+0600][67.863s][info][gc,start    ] GC(23) Concurrent update thread roots
[2026-04-03T06:50:43.727+0600][67.865s][info][gc          ] GC(23) Concurrent update thread roots 1.229ms
[2026-04-03T06:50:43.727+0600][67.865s][info][gc,start    ] GC(23) Pause Final Update Refs
[2026-04-03T06:50:43.727+0600][67.865s][info][gc,task     ] GC(23) Using 6 of 6 workers for final reference update
[2026-04-03T06:50:43.728+0600][67.865s][info][gc          ] GC(23) Pause Final Update Refs 0.296ms
[2026-04-03T06:50:43.728+0600][67.865s][info][gc,start    ] GC(23) Concurrent cleanup
[2026-04-03T06:50:43.728+0600][67.866s][info][gc          ] GC(23) Concurrent cleanup 908M->207M(3443M) 0.504ms
[2026-04-03T06:50:43.728+0600][67.866s][info][gc,ergo     ] Free: 3490M, Max: 1024K regular, 2455M humongous, Frag: 30% external, 0% internal; Reserve: 197M, Max: 1024K
[2026-04-03T06:50:43.728+0600][67.866s][info][gc,stats    ] 
[2026-04-03T06:50:43.728+0600][67.866s][info][gc,stats    ] All times are wall-clock times, except per-root-class counters, that are sum over
[2026-04-03T06:50:43.729+0600][67.866s][info][gc,stats    ] all workers. Dividing the <total> over the root stage time estimates parallelism.
[2026-04-03T06:50:43.729+0600][67.866s][info][gc,stats    ] 
[2026-04-03T06:50:43.729+0600][67.866s][info][gc,stats    ] Concurrent Reset                  25801 us
[2026-04-03T06:50:43.729+0600][67.866s][info][gc,stats    ] Pause Init Mark (G)                 537 us
[2026-04-03T06:50:43.729+0600][67.866s][info][gc,stats    ] Pause Init Mark (N)                 207 us
[2026-04-03T06:50:43.729+0600][67.866s][info][gc,stats    ]   Update Region States               60 us
[2026-04-03T06:50:43.729+0600][67.866s][info][gc,stats    ] Concurrent Mark Roots              2208 us, parallelism: 2.18x
[2026-04-03T06:50:43.729+0600][67.866s][info][gc,stats    ]   CMR: <total>                     4805 us
[2026-04-03T06:50:43.729+0600][67.866s][info][gc,stats    ]   CMR: Thread Roots                4154 us, workers (us): 1560, 1583, 1010, ---, ---, ---, 
[2026-04-03T06:50:43.729+0600][67.866s][info][gc,stats    ]   CMR: VM Strong Roots               61 us, workers (us):  41,  18,   1, ---, ---, ---, 
[2026-04-03T06:50:43.729+0600][67.866s][info][gc,stats    ]   CMR: CLDG Roots                   590 us, workers (us): ---, ---, 590, ---, ---, ---, 
[2026-04-03T06:50:43.729+0600][67.866s][info][gc,stats    ] Concurrent Marking                77455 us
[2026-04-03T06:50:43.729+0600][67.866s][info][gc,stats    ] Pause Final Mark (G)               1063 us
[2026-04-03T06:50:43.729+0600][67.866s][info][gc,stats    ] Pause Final Mark (N)                883 us
[2026-04-03T06:50:43.729+0600][67.866s][info][gc,stats    ]   Finish Mark                       290 us
[2026-04-03T06:50:43.729+0600][67.866s][info][gc,stats    ]   Update Region States               56 us
[2026-04-03T06:50:43.729+0600][67.866s][info][gc,stats    ]   Choose Collection Set             310 us
[2026-04-03T06:50:43.729+0600][67.866s][info][gc,stats    ]   Rebuild Free Set                   56 us
[2026-04-03T06:50:43.729+0600][67.866s][info][gc,stats    ] Concurrent Thread Roots            1190 us, parallelism: 2.34x
[2026-04-03T06:50:43.729+0600][67.866s][info][gc,stats    ]   CTR: <total>                     2790 us
[2026-04-03T06:50:43.729+0600][67.866s][info][gc,stats    ]   CTR: Thread Roots                2790 us, workers (us): 960, 918, 912, ---, ---, ---, 
[2026-04-03T06:50:43.729+0600][67.866s][info][gc,stats    ] Concurrent Weak References         1383 us, parallelism: 1.25x
[2026-04-03T06:50:43.729+0600][67.866s][info][gc,stats    ]   CWRF: <total>                    1725 us
[2026-04-03T06:50:43.729+0600][67.866s][info][gc,stats    ]   CWRF: Weak References            1725 us, workers (us): 549, 1175,   1, ---, ---, ---, 
[2026-04-03T06:50:43.729+0600][67.866s][info][gc,stats    ] Concurrent Weak Roots              5464 us
[2026-04-03T06:50:43.729+0600][67.866s][info][gc,stats    ]   Roots                            4968 us, parallelism: 2.65x
[2026-04-03T06:50:43.729+0600][67.867s][info][gc,stats    ]     CWR: <total>                  13178 us
[2026-04-03T06:50:43.729+0600][67.867s][info][gc,stats    ]     CWR: Code Cache Roots         10114 us, workers (us): 3114, 3396, 3603, ---, ---, ---, 
[2026-04-03T06:50:43.729+0600][67.867s][info][gc,stats    ]     CWR: VM Weak Roots             2833 us, workers (us): 958, 959, 916, ---, ---, ---, 
[2026-04-03T06:50:43.729+0600][67.867s][info][gc,stats    ]     CWR: CLDG Roots                 232 us, workers (us): 232, ---, ---, ---, ---, ---, 
[2026-04-03T06:50:43.729+0600][67.867s][info][gc,stats    ]   Rendezvous                        296 us
[2026-04-03T06:50:43.729+0600][67.867s][info][gc,stats    ] Concurrent Cleanup                 1317 us
[2026-04-03T06:50:43.729+0600][67.867s][info][gc,stats    ] Concurrent Class Unloading        24266 us
[2026-04-03T06:50:43.729+0600][67.867s][info][gc,stats    ]   Unlink Stale                    16642 us
[2026-04-03T06:50:43.729+0600][67.867s][info][gc,stats    ]     System Dictionary               308 us
[2026-04-03T06:50:43.729+0600][67.867s][info][gc,stats    ]     Weak Class Links                  1 us
[2026-04-03T06:50:43.729+0600][67.867s][info][gc,stats    ]     Code Roots                    16330 us
[2026-04-03T06:50:43.729+0600][67.867s][info][gc,stats    ]   Rendezvous                        427 us
[2026-04-03T06:50:43.729+0600][67.867s][info][gc,stats    ]   Purge Unlinked                   6986 us
[2026-04-03T06:50:43.729+0600][67.867s][info][gc,stats    ]     Code Roots                     6961 us
[2026-04-03T06:50:43.729+0600][67.867s][info][gc,stats    ]     CLDG                             23 us
[2026-04-03T06:50:43.729+0600][67.867s][info][gc,stats    ]     Exception Caches                  0 us
[2026-04-03T06:50:43.729+0600][67.867s][info][gc,stats    ] Concurrent Strong Roots            1987 us, parallelism: 0.67x
[2026-04-03T06:50:43.729+0600][67.867s][info][gc,stats    ]   CSR: <total>                     1339 us
[2026-04-03T06:50:43.729+0600][67.867s][info][gc,stats    ]   CSR: VM Strong Roots               63 us, workers (us):  36,  27,   0, ---, ---, ---, 
[2026-04-03T06:50:43.729+0600][67.867s][info][gc,stats    ]   CSR: CLDG Roots                  1276 us, workers (us): 1276, ---, ---, ---, ---, ---, 
[2026-04-03T06:50:43.729+0600][67.867s][info][gc,stats    ] Concurrent Evacuation             22870 us
[2026-04-03T06:50:43.729+0600][67.867s][info][gc,stats    ] Pause Init Update Refs (G)         7441 us
[2026-04-03T06:50:43.729+0600][67.867s][info][gc,stats    ] Pause Init Update Refs (N)          262 us
[2026-04-03T06:50:43.729+0600][67.867s][info][gc,stats    ]   Manage GCLABs                      64 us
[2026-04-03T06:50:43.729+0600][67.867s][info][gc,stats    ] Concurrent Update Refs            60677 us
[2026-04-03T06:50:43.729+0600][67.867s][info][gc,stats    ] Concurrent Update Thread Roots     1333 us
[2026-04-03T06:50:43.729+0600][67.867s][info][gc,stats    ] Pause Final Update Refs (G)         479 us
[2026-04-03T06:50:43.729+0600][67.867s][info][gc,stats    ] Pause Final Update Refs (N)         319 us
[2026-04-03T06:50:43.730+0600][67.867s][info][gc,stats    ]   Update Region States               80 us
[2026-04-03T06:50:43.730+0600][67.867s][info][gc,stats    ]   Trash Collection Set               31 us
[2026-04-03T06:50:43.730+0600][67.867s][info][gc,stats    ]   Rebuild Free Set                   65 us
[2026-04-03T06:50:43.730+0600][67.867s][info][gc,stats    ] Concurrent Cleanup                  547 us
[2026-04-03T06:50:43.730+0600][67.867s][info][gc,stats    ] 
[2026-04-03T06:50:43.730+0600][67.867s][info][gc,stats    ] Allocation pacing accrued:
[2026-04-03T06:50:43.730+0600][67.867s][info][gc,stats    ]       0 of  2754 ms (  0.0%): <total>
[2026-04-03T06:50:43.730+0600][67.867s][info][gc,stats    ]       0 of  2754 ms (  0.0%): <average total>
[2026-04-03T06:50:43.730+0600][67.867s][info][gc,stats    ] 
[2026-04-03T06:50:43.730+0600][67.867s][info][gc,metaspace] Metaspace: 131282K(132736K)->131287K(132736K) NonClass: 114814K(115584K)->114819K(115584K) Class: 16468K(17152K)->16468K(17152K)
[2026-04-03T06:50:43.730+0600][67.867s][info][gc,ergo     ] Pacer for Idle. Initial: 80302K, Alloc Tax Rate: 1.0x
[2026-04-03T06:50:45.640+0600][69.777s][info][gc          ] Trigger: Average GC time (293.51 ms) is above the time for average allocation rate (3946 MB/s) to deplete free headroom (874M) (margin of error = 1.82)
[2026-04-03T06:50:45.640+0600][69.777s][info][gc,ergo     ] Free headroom: 1070M (free) - 196M (spike) - 0B (penalties) = 874M
[2026-04-03T06:50:45.640+0600][69.777s][info][gc,ergo     ] Free: 1070M, Max: 1024K regular, 553M humongous, Frag: 49% external, 0% internal; Reserve: 197M, Max: 1024K
[2026-04-03T06:50:45.640+0600][69.777s][info][gc,start    ] GC(24) Concurrent reset
[2026-04-03T06:50:45.640+0600][69.777s][info][gc,task     ] GC(24) Using 3 of 6 workers for concurrent reset
[2026-04-03T06:50:45.640+0600][69.777s][info][gc,ergo     ] GC(24) Pacer for Reset. Non-Taxable: 3921M
[2026-04-03T06:50:45.653+0600][69.791s][info][gc          ] GC(24) Concurrent reset 13.201ms
[2026-04-03T06:50:45.654+0600][69.791s][info][gc,start    ] GC(24) Pause Init Mark (unload classes)
[2026-04-03T06:50:45.654+0600][69.791s][info][gc,task     ] GC(24) Using 6 of 6 workers for init marking
[2026-04-03T06:50:45.654+0600][69.791s][info][gc,ergo     ] GC(24) Pacer for Mark. Expected Live: 94921K, Free: 1063M, Non-Taxable: 106M, Alloc Tax Rate: 0.1x
[2026-04-03T06:50:45.654+0600][69.791s][info][gc          ] GC(24) Pause Init Mark (unload classes) 0.177ms
[2026-04-03T06:50:45.654+0600][69.791s][info][gc,start    ] GC(24) Concurrent marking roots
[2026-04-03T06:50:45.654+0600][69.791s][info][gc,task     ] GC(24) Using 3 of 6 workers for concurrent marking roots
[2026-04-03T06:50:45.656+0600][69.793s][info][gc          ] GC(24) Concurrent marking roots 1.684ms
[2026-04-03T06:50:45.656+0600][69.793s][info][gc,start    ] GC(24) Concurrent marking (unload classes)
[2026-04-03T06:50:45.656+0600][69.793s][info][gc,task     ] GC(24) Using 3 of 6 workers for concurrent marking
[2026-04-03T06:50:45.726+0600][69.863s][info][gc          ] GC(24) Concurrent marking (unload classes) 70.107ms
[2026-04-03T06:50:45.726+0600][69.864s][info][gc,start    ] GC(24) Pause Final Mark (unload classes)
[2026-04-03T06:50:45.726+0600][69.864s][info][gc,task     ] GC(24) Using 6 of 6 workers for final marking
[2026-04-03T06:50:45.727+0600][69.864s][info][gc,ergo     ] GC(24) Adaptive CSet Selection. Target Free: 555M, Actual Free: 2825M, Max CSet: 163M, Min Garbage: 0B
[2026-04-03T06:50:45.727+0600][69.864s][info][gc,ergo     ] GC(24) Collectable Garbage: 2145M (99%), Immediate: 1635M (75%), CSet: 509M (23%)
[2026-04-03T06:50:45.727+0600][69.865s][info][gc,ergo     ] GC(24) Pacer for Evacuation. Used CSet: 523M, Free: 3043M, Non-Taxable: 304M, Alloc Tax Rate: 1.1x
[2026-04-03T06:50:45.727+0600][69.865s][info][gc          ] GC(24) Pause Final Mark (unload classes) 0.991ms
[2026-04-03T06:50:45.727+0600][69.865s][info][gc,start    ] GC(24) Concurrent thread roots
[2026-04-03T06:50:45.727+0600][69.865s][info][gc,task     ] GC(24) Using 3 of 6 workers for Concurrent thread roots
[2026-04-03T06:50:45.728+0600][69.866s][info][gc          ] GC(24) Concurrent thread roots 1.159ms
[2026-04-03T06:50:45.728+0600][69.866s][info][gc,start    ] GC(24) Concurrent weak references
[2026-04-03T06:50:45.728+0600][69.866s][info][gc,task     ] GC(24) Using 3 of 6 workers for concurrent weak references
[2026-04-03T06:50:45.730+0600][69.867s][info][gc,ref      ] GC(24) Encountered references: Soft: 3784, Weak: 18849, Final: 84, Phantom: 621
[2026-04-03T06:50:45.730+0600][69.867s][info][gc,ref      ] GC(24) Discovered  references: Soft: 0, Weak: 8587, Final: 0, Phantom: 296
[2026-04-03T06:50:45.730+0600][69.867s][info][gc,ref      ] GC(24) Enqueued    references: Soft: 0, Weak: 4117, Final: 0, Phantom: 0
[2026-04-03T06:50:45.730+0600][69.867s][info][gc          ] GC(24) Concurrent weak references 1.227ms
[2026-04-03T06:50:45.730+0600][69.867s][info][gc,start    ] GC(24) Concurrent weak roots
[2026-04-03T06:50:45.730+0600][69.867s][info][gc,task     ] GC(24) Using 3 of 6 workers for concurrent weak root
[2026-04-03T06:50:45.736+0600][69.873s][info][gc          ] GC(24) Concurrent weak roots 6.269ms
[2026-04-03T06:50:45.736+0600][69.874s][info][gc,start    ] GC(24) Concurrent cleanup
[2026-04-03T06:50:45.737+0600][69.875s][info][gc          ] GC(24) Concurrent cleanup 2310M->674M(3443M) 1.267ms
[2026-04-03T06:50:45.737+0600][69.875s][info][gc,ergo     ] GC(24) Free: 3040M, Max: 1024K regular, 558M humongous, Frag: 82% external, 0% internal; Reserve: 196M, Max: 1024K
[2026-04-03T06:50:45.737+0600][69.875s][info][gc,start    ] GC(24) Concurrent class unloading
[2026-04-03T06:50:45.738+0600][69.875s][info][gc,task     ] GC(24) Using 3 of 6 workers for concurrent class unloading
[2026-04-03T06:50:45.761+0600][69.899s][info][gc          ] GC(24) Concurrent class unloading 23.793ms
[2026-04-03T06:50:45.761+0600][69.899s][info][gc,start    ] GC(24) Concurrent strong roots
[2026-04-03T06:50:45.761+0600][69.899s][info][gc,task     ] GC(24) Using 3 of 6 workers for concurrent strong root
[2026-04-03T06:50:45.763+0600][69.901s][info][gc          ] GC(24) Concurrent strong roots 1.939ms
[2026-04-03T06:50:45.763+0600][69.901s][info][gc,start    ] GC(24) Concurrent evacuation
[2026-04-03T06:50:45.764+0600][69.901s][info][gc,task     ] GC(24) Using 3 of 6 workers for concurrent evacuation
[2026-04-03T06:50:45.773+0600][69.911s][info][gc          ] GC(24) Concurrent evacuation 9.483ms
[2026-04-03T06:50:45.773+0600][69.911s][info][gc,start    ] GC(24) Pause Init Update Refs
[2026-04-03T06:50:45.774+0600][69.911s][info][gc,ergo     ] GC(24) Pacer for Update Refs. Used: 698M, Free: 3032M, Non-Taxable: 303M, Alloc Tax Rate: 1.1x
[2026-04-03T06:50:45.774+0600][69.911s][info][gc          ] GC(24) Pause Init Update Refs 0.282ms
[2026-04-03T06:50:45.774+0600][69.911s][info][gc,start    ] GC(24) Concurrent update references
[2026-04-03T06:50:45.774+0600][69.912s][info][gc,task     ] GC(24) Using 3 of 6 workers for concurrent reference update
[2026-04-03T06:50:45.845+0600][69.982s][info][gc          ] GC(24) Concurrent update references 70.864ms
[2026-04-03T06:50:45.845+0600][69.983s][info][gc,start    ] GC(24) Concurrent update thread roots
[2026-04-03T06:50:45.848+0600][69.986s][info][gc          ] GC(24) Concurrent update thread roots 3.101ms
[2026-04-03T06:50:45.848+0600][69.986s][info][gc,start    ] GC(24) Pause Final Update Refs
[2026-04-03T06:50:45.849+0600][69.986s][info][gc,task     ] GC(24) Using 6 of 6 workers for final reference update
[2026-04-03T06:50:45.849+0600][69.986s][info][gc          ] GC(24) Pause Final Update Refs 0.317ms
[2026-04-03T06:50:45.849+0600][69.987s][info][gc,start    ] GC(24) Concurrent cleanup
[2026-04-03T06:50:45.850+0600][69.988s][info][gc          ] GC(24) Concurrent cleanup 744M->223M(3443M) 1.065ms
[2026-04-03T06:50:45.850+0600][69.988s][info][gc,ergo     ] Free: 3477M, Max: 1024K regular, 1947M humongous, Frag: 44% external, 0% internal; Reserve: 197M, Max: 1024K
[2026-04-03T06:50:45.851+0600][69.988s][info][gc,stats    ] 
[2026-04-03T06:50:45.851+0600][69.988s][info][gc,stats    ] All times are wall-clock times, except per-root-class counters, that are sum over
[2026-04-03T06:50:45.851+0600][69.988s][info][gc,stats    ] all workers. Dividing the <total> over the root stage time estimates parallelism.
[2026-04-03T06:50:45.851+0600][69.988s][info][gc,stats    ] 
[2026-04-03T06:50:45.851+0600][69.988s][info][gc,stats    ] Concurrent Reset                  13312 us
[2026-04-03T06:50:45.851+0600][69.988s][info][gc,stats    ] Pause Init Mark (G)                 591 us
[2026-04-03T06:50:45.851+0600][69.988s][info][gc,stats    ] Pause Init Mark (N)                 189 us
[2026-04-03T06:50:45.851+0600][69.988s][info][gc,stats    ]   Update Region States               42 us
[2026-04-03T06:50:45.851+0600][69.988s][info][gc,stats    ] Concurrent Mark Roots              1804 us, parallelism: 1.80x
[2026-04-03T06:50:45.851+0600][69.988s][info][gc,stats    ]   CMR: <total>                     3245 us
[2026-04-03T06:50:45.851+0600][69.988s][info][gc,stats    ]   CMR: Thread Roots                2777 us, workers (us): 1068, 1053, 656, ---, ---, ---, 
[2026-04-03T06:50:45.851+0600][69.988s][info][gc,stats    ]   CMR: VM Strong Roots               51 us, workers (us):  48,   1,   1, ---, ---, ---, 
[2026-04-03T06:50:45.851+0600][69.988s][info][gc,stats    ]   CMR: CLDG Roots                   417 us, workers (us): ---, ---, 417, ---, ---, ---, 
[2026-04-03T06:50:45.851+0600][69.988s][info][gc,stats    ] Concurrent Marking                70225 us
[2026-04-03T06:50:45.851+0600][69.988s][info][gc,stats    ] Pause Final Mark (G)               1285 us
[2026-04-03T06:50:45.851+0600][69.988s][info][gc,stats    ] Pause Final Mark (N)               1006 us
[2026-04-03T06:50:45.851+0600][69.988s][info][gc,stats    ]   Finish Mark                       300 us
[2026-04-03T06:50:45.851+0600][69.988s][info][gc,stats    ]   Update Region States               75 us
[2026-04-03T06:50:45.851+0600][69.988s][info][gc,stats    ]   Choose Collection Set             325 us
[2026-04-03T06:50:45.851+0600][69.988s][info][gc,stats    ]   Rebuild Free Set                   62 us
[2026-04-03T06:50:45.851+0600][69.988s][info][gc,stats    ] Concurrent Thread Roots            1226 us, parallelism: 2.05x
[2026-04-03T06:50:45.851+0600][69.988s][info][gc,stats    ]   CTR: <total>                     2515 us
[2026-04-03T06:50:45.851+0600][69.988s][info][gc,stats    ]   CTR: Thread Roots                2515 us, workers (us): 881, 823, 810, ---, ---, ---, 
[2026-04-03T06:50:45.851+0600][69.988s][info][gc,stats    ] Concurrent Weak References         1246 us, parallelism: 1.41x
[2026-04-03T06:50:45.851+0600][69.988s][info][gc,stats    ]   CWRF: <total>                    1755 us
[2026-04-03T06:50:45.851+0600][69.988s][info][gc,stats    ]   CWRF: Weak References            1755 us, workers (us): 550, 971, 233, ---, ---, ---, 
[2026-04-03T06:50:45.851+0600][69.988s][info][gc,stats    ] Concurrent Weak Roots              6405 us
[2026-04-03T06:50:45.851+0600][69.988s][info][gc,stats    ]   Roots                            5858 us, parallelism: 2.68x
[2026-04-03T06:50:45.851+0600][69.988s][info][gc,stats    ]     CWR: <total>                  15692 us
[2026-04-03T06:50:45.851+0600][69.989s][info][gc,stats    ]     CWR: Code Cache Roots         12599 us, workers (us): 4396, 3922, 4280, ---, ---, ---, 
[2026-04-03T06:50:45.851+0600][69.989s][info][gc,stats    ]     CWR: VM Weak Roots             2880 us, workers (us): 992, 961, 926, ---, ---, ---, 
[2026-04-03T06:50:45.851+0600][69.989s][info][gc,stats    ]     CWR: CLDG Roots                 214 us, workers (us): ---, 214, ---, ---, ---, ---, 
[2026-04-03T06:50:45.851+0600][69.989s][info][gc,stats    ]   Rendezvous                        369 us
[2026-04-03T06:50:45.851+0600][69.989s][info][gc,stats    ] Concurrent Cleanup                 1381 us
[2026-04-03T06:50:45.851+0600][69.989s][info][gc,stats    ] Concurrent Class Unloading        23930 us
[2026-04-03T06:50:45.851+0600][69.989s][info][gc,stats    ]   Unlink Stale                    18840 us
[2026-04-03T06:50:45.851+0600][69.989s][info][gc,stats    ]     System Dictionary               298 us
[2026-04-03T06:50:45.851+0600][69.989s][info][gc,stats    ]     Weak Class Links                  0 us
[2026-04-03T06:50:45.851+0600][69.989s][info][gc,stats    ]     Code Roots                    18538 us
[2026-04-03T06:50:45.851+0600][69.989s][info][gc,stats    ]   Rendezvous                        556 us
[2026-04-03T06:50:45.851+0600][69.989s][info][gc,stats    ]   Purge Unlinked                   4356 us
[2026-04-03T06:50:45.851+0600][69.989s][info][gc,stats    ]     Code Roots                     4328 us
[2026-04-03T06:50:45.851+0600][69.989s][info][gc,stats    ]     CLDG                             27 us
[2026-04-03T06:50:45.851+0600][69.989s][info][gc,stats    ]     Exception Caches                  0 us
[2026-04-03T06:50:45.851+0600][69.989s][info][gc,stats    ] Concurrent Strong Roots            2049 us, parallelism: 0.77x
[2026-04-03T06:50:45.851+0600][69.989s][info][gc,stats    ]   CSR: <total>                     1578 us
[2026-04-03T06:50:45.851+0600][69.989s][info][gc,stats    ]   CSR: VM Strong Roots               71 us, workers (us):  38,  32,   1, ---, ---, ---, 
[2026-04-03T06:50:45.851+0600][69.989s][info][gc,stats    ]   CSR: CLDG Roots                  1507 us, workers (us): ---, 1507, ---, ---, ---, ---, 
[2026-04-03T06:50:45.851+0600][69.989s][info][gc,stats    ] Concurrent Evacuation              9634 us
[2026-04-03T06:50:45.851+0600][69.989s][info][gc,stats    ] Pause Init Update Refs (G)          808 us
[2026-04-03T06:50:45.851+0600][69.989s][info][gc,stats    ] Pause Init Update Refs (N)          305 us
[2026-04-03T06:50:45.851+0600][69.989s][info][gc,stats    ]   Manage GCLABs                      97 us
[2026-04-03T06:50:45.851+0600][69.989s][info][gc,stats    ] Concurrent Update Refs            71086 us
[2026-04-03T06:50:45.851+0600][69.989s][info][gc,stats    ] Concurrent Update Thread Roots     3200 us
[2026-04-03T06:50:45.851+0600][69.989s][info][gc,stats    ] Pause Final Update Refs (G)         752 us
[2026-04-03T06:50:45.851+0600][69.989s][info][gc,stats    ] Pause Final Update Refs (N)         340 us
[2026-04-03T06:50:45.851+0600][69.989s][info][gc,stats    ]   Update Region States               92 us
[2026-04-03T06:50:45.851+0600][69.989s][info][gc,stats    ]   Trash Collection Set               28 us
[2026-04-03T06:50:45.851+0600][69.989s][info][gc,stats    ]   Rebuild Free Set                   67 us
[2026-04-03T06:50:45.851+0600][69.989s][info][gc,stats    ] Concurrent Cleanup                 1234 us
[2026-04-03T06:50:45.851+0600][69.989s][info][gc,stats    ] 
[2026-04-03T06:50:45.851+0600][69.989s][info][gc,stats    ] Allocation pacing accrued:
[2026-04-03T06:50:45.852+0600][69.989s][info][gc,stats    ]       0 of  2122 ms (  0.0%): <total>
[2026-04-03T06:50:45.852+0600][69.989s][info][gc,stats    ]       0 of  2122 ms (  0.0%): <average total>
[2026-04-03T06:50:45.852+0600][69.989s][info][gc,stats    ] 
[2026-04-03T06:50:45.852+0600][69.989s][info][gc,metaspace] Metaspace: 131328K(132736K)->131338K(132736K) NonClass: 114859K(115584K)->114869K(115584K) Class: 16469K(17152K)->16469K(17152K)
[2026-04-03T06:50:45.852+0600][69.989s][info][gc,ergo     ] Pacer for Idle. Initial: 80302K, Alloc Tax Rate: 1.0x
[2026-04-03T06:50:48.913+0600][73.050s][info][gc          ] Trigger: Average GC time (272.46 ms) is above the time for average allocation rate (932 MB/s) to deplete free headroom (249M) (margin of error = 1.82)
[2026-04-03T06:50:48.913+0600][73.050s][info][gc,ergo     ] Free headroom: 445M (free) - 196M (spike) - 0B (penalties) = 249M
[2026-04-03T06:50:48.913+0600][73.050s][info][gc,ergo     ] Free: 445M, Max: 1024K regular, 443M humongous, Frag: 0% external, 0% internal; Reserve: 197M, Max: 1024K
[2026-04-03T06:50:48.913+0600][73.051s][info][gc,start    ] GC(25) Concurrent reset
[2026-04-03T06:50:48.913+0600][73.051s][info][gc,task     ] GC(25) Using 3 of 6 workers for concurrent reset
[2026-04-03T06:50:48.913+0600][73.051s][info][gc,ergo     ] GC(25) Pacer for Reset. Non-Taxable: 3921M
[2026-04-03T06:50:48.922+0600][73.059s][info][gc          ] GC(25) Concurrent reset 8.867ms
[2026-04-03T06:50:48.925+0600][73.063s][info][gc,start    ] GC(25) Pause Init Mark (unload classes)
[2026-04-03T06:50:48.926+0600][73.063s][info][gc,task     ] GC(25) Using 6 of 6 workers for init marking
[2026-04-03T06:50:48.926+0600][73.063s][info][gc,ergo     ] GC(25) Pacer for Mark. Expected Live: 95781K, Free: 370M, Non-Taxable: 37898K, Alloc Tax Rate: 0.3x
[2026-04-03T06:50:48.926+0600][73.063s][info][gc          ] GC(25) Pause Init Mark (unload classes) 0.310ms
[2026-04-03T06:50:48.926+0600][73.064s][info][gc,start    ] GC(25) Concurrent marking roots
[2026-04-03T06:50:48.926+0600][73.064s][info][gc,task     ] GC(25) Using 3 of 6 workers for concurrent marking roots
[2026-04-03T06:50:48.928+0600][73.066s][info][gc          ] GC(25) Concurrent marking roots 1.987ms
[2026-04-03T06:50:48.928+0600][73.066s][info][gc,start    ] GC(25) Concurrent marking (unload classes)
[2026-04-03T06:50:48.928+0600][73.066s][info][gc,task     ] GC(25) Using 3 of 6 workers for concurrent marking
[2026-04-03T06:50:49.002+0600][73.139s][info][gc          ] GC(25) Concurrent marking (unload classes) 73.644ms
[2026-04-03T06:50:49.002+0600][73.140s][info][gc,start    ] GC(25) Pause Final Mark (unload classes)
[2026-04-03T06:50:49.002+0600][73.140s][info][gc,task     ] GC(25) Using 6 of 6 workers for final marking
[2026-04-03T06:50:49.003+0600][73.140s][info][gc,ergo     ] GC(25) Adaptive CSet Selection. Target Free: 555M, Actual Free: 2347M, Max CSet: 163M, Min Garbage: 0B
[2026-04-03T06:50:49.003+0600][73.141s][info][gc,ergo     ] GC(25) Collectable Garbage: 2718M (99%), Immediate: 1946M (71%), CSet: 772M (28%)
[2026-04-03T06:50:49.003+0600][73.141s][info][gc,ergo     ] GC(25) Pacer for Evacuation. Used CSet: 788M, Free: 2660M, Non-Taxable: 266M, Alloc Tax Rate: 1.1x
[2026-04-03T06:50:49.003+0600][73.141s][info][gc          ] GC(25) Pause Final Mark (unload classes) 1.150ms
[2026-04-03T06:50:49.003+0600][73.141s][info][gc,start    ] GC(25) Concurrent thread roots
[2026-04-03T06:50:49.003+0600][73.141s][info][gc,task     ] GC(25) Using 3 of 6 workers for Concurrent thread roots
[2026-04-03T06:50:49.005+0600][73.142s][info][gc          ] GC(25) Concurrent thread roots 1.501ms
[2026-04-03T06:50:49.005+0600][73.142s][info][gc,start    ] GC(25) Concurrent weak references
[2026-04-03T06:50:49.005+0600][73.142s][info][gc,task     ] GC(25) Using 3 of 6 workers for concurrent weak references
[2026-04-03T06:50:49.006+0600][73.144s][info][gc,ref      ] GC(25) Encountered references: Soft: 3788, Weak: 19023, Final: 84, Phantom: 639
[2026-04-03T06:50:49.006+0600][73.144s][info][gc,ref      ] GC(25) Discovered  references: Soft: 0, Weak: 8742, Final: 0, Phantom: 606
[2026-04-03T06:50:49.006+0600][73.144s][info][gc,ref      ] GC(25) Enqueued    references: Soft: 0, Weak: 4284, Final: 0, Phantom: 0
[2026-04-03T06:50:49.006+0600][73.144s][info][gc          ] GC(25) Concurrent weak references 1.556ms
[2026-04-03T06:50:49.006+0600][73.144s][info][gc,start    ] GC(25) Concurrent weak roots
[2026-04-03T06:50:49.006+0600][73.144s][info][gc,task     ] GC(25) Using 3 of 6 workers for concurrent weak root
[2026-04-03T06:50:49.015+0600][73.153s][info][gc          ] GC(25) Concurrent weak roots 8.949ms
[2026-04-03T06:50:49.016+0600][73.153s][info][gc,start    ] GC(25) Concurrent cleanup
[2026-04-03T06:50:49.017+0600][73.154s][info][gc          ] GC(25) Concurrent cleanup 2977M->1031M(3552M) 1.107ms
[2026-04-03T06:50:49.017+0600][73.154s][info][gc,ergo     ] GC(25) Free: 2654M, Max: 1024K regular, 198M humongous, Frag: 93% external, 0% internal; Reserve: 196M, Max: 1024K
[2026-04-03T06:50:49.017+0600][73.154s][info][gc,start    ] GC(25) Concurrent class unloading
[2026-04-03T06:50:49.017+0600][73.154s][info][gc,task     ] GC(25) Using 3 of 6 workers for concurrent class unloading
[2026-04-03T06:50:49.044+0600][73.181s][info][gc          ] GC(25) Concurrent class unloading 26.746ms
[2026-04-03T06:50:49.044+0600][73.181s][info][gc,start    ] GC(25) Concurrent strong roots
[2026-04-03T06:50:49.044+0600][73.181s][info][gc,task     ] GC(25) Using 3 of 6 workers for concurrent strong root
[2026-04-03T06:50:49.046+0600][73.183s][info][gc          ] GC(25) Concurrent strong roots 2.177ms
[2026-04-03T06:50:49.046+0600][73.184s][info][gc,start    ] GC(25) Concurrent evacuation
[2026-04-03T06:50:49.046+0600][73.184s][info][gc,task     ] GC(25) Using 3 of 6 workers for concurrent evacuation
[2026-04-03T06:50:49.058+0600][73.196s][info][gc          ] GC(25) Concurrent evacuation 11.903ms
[2026-04-03T06:50:49.058+0600][73.196s][info][gc,start    ] GC(25) Pause Init Update Refs
[2026-04-03T06:50:49.059+0600][73.196s][info][gc,ergo     ] GC(25) Pacer for Update Refs. Used: 1084M, Free: 2614M, Non-Taxable: 261M, Alloc Tax Rate: 1.1x
[2026-04-03T06:50:49.059+0600][73.196s][info][gc          ] GC(25) Pause Init Update Refs 0.211ms
[2026-04-03T06:50:49.059+0600][73.196s][info][gc,start    ] GC(25) Concurrent update references
[2026-04-03T06:50:49.059+0600][73.197s][info][gc,task     ] GC(25) Using 3 of 6 workers for concurrent reference update
[2026-04-03T06:50:49.106+0600][73.244s][info][gc          ] GC(25) Concurrent update references 47.382ms
[2026-04-03T06:50:49.106+0600][73.244s][info][gc,start    ] GC(25) Concurrent update thread roots
[2026-04-03T06:50:49.108+0600][73.246s][info][gc          ] GC(25) Concurrent update thread roots 1.521ms
[2026-04-03T06:50:49.108+0600][73.246s][info][gc,start    ] GC(25) Pause Final Update Refs
[2026-04-03T06:50:49.108+0600][73.246s][info][gc,task     ] GC(25) Using 6 of 6 workers for final reference update
[2026-04-03T06:50:49.109+0600][73.246s][info][gc          ] GC(25) Pause Final Update Refs 0.393ms
[2026-04-03T06:50:49.109+0600][73.246s][info][gc,start    ] GC(25) Concurrent cleanup
[2026-04-03T06:50:49.109+0600][73.247s][info][gc          ] GC(25) Concurrent cleanup 1099M->310M(3552M) 0.439ms
[2026-04-03T06:50:49.109+0600][73.247s][info][gc,ergo     ] Free: 3361M, Max: 1024K regular, 2686M humongous, Frag: 21% external, 0% internal; Reserve: 197M, Max: 1024K
[2026-04-03T06:50:49.109+0600][73.247s][info][gc,stats    ] 
[2026-04-03T06:50:49.109+0600][73.247s][info][gc,stats    ] All times are wall-clock times, except per-root-class counters, that are sum over
[2026-04-03T06:50:49.110+0600][73.247s][info][gc,stats    ] all workers. Dividing the <total> over the root stage time estimates parallelism.
[2026-04-03T06:50:49.110+0600][73.247s][info][gc,stats    ] 
[2026-04-03T06:50:49.110+0600][73.247s][info][gc,stats    ] Concurrent Reset                   9011 us
[2026-04-03T06:50:49.110+0600][73.247s][info][gc,stats    ] Pause Init Mark (G)                3984 us
[2026-04-03T06:50:49.110+0600][73.247s][info][gc,stats    ] Pause Init Mark (N)                 328 us
[2026-04-03T06:50:49.110+0600][73.247s][info][gc,stats    ]   Update Region States               81 us
[2026-04-03T06:50:49.110+0600][73.247s][info][gc,stats    ] Concurrent Mark Roots              2121 us, parallelism: 2.03x
[2026-04-03T06:50:49.110+0600][73.247s][info][gc,stats    ]   CMR: <total>                     4299 us
[2026-04-03T06:50:49.110+0600][73.247s][info][gc,stats    ]   CMR: Thread Roots                3712 us, workers (us): 910, 1397, 1404, ---, ---, ---, 
[2026-04-03T06:50:49.110+0600][73.247s][info][gc,stats    ]   CMR: VM Strong Roots               66 us, workers (us):  35,  30,   1, ---, ---, ---, 
[2026-04-03T06:50:49.110+0600][73.247s][info][gc,stats    ]   CMR: CLDG Roots                   521 us, workers (us): 521, ---, ---, ---, ---, ---, 
[2026-04-03T06:50:49.110+0600][73.247s][info][gc,stats    ] Concurrent Marking                73780 us
[2026-04-03T06:50:49.110+0600][73.247s][info][gc,stats    ] Pause Final Mark (G)               1425 us
[2026-04-03T06:50:49.110+0600][73.247s][info][gc,stats    ] Pause Final Mark (N)               1175 us
[2026-04-03T06:50:49.110+0600][73.247s][info][gc,stats    ]   Finish Mark                       323 us
[2026-04-03T06:50:49.110+0600][73.247s][info][gc,stats    ]   Update Region States              100 us
[2026-04-03T06:50:49.110+0600][73.247s][info][gc,stats    ]   Choose Collection Set             429 us
[2026-04-03T06:50:49.110+0600][73.247s][info][gc,stats    ]   Rebuild Free Set                   60 us
[2026-04-03T06:50:49.110+0600][73.247s][info][gc,stats    ] Concurrent Thread Roots            1551 us, parallelism: 2.20x
[2026-04-03T06:50:49.110+0600][73.247s][info][gc,stats    ]   CTR: <total>                     3415 us
[2026-04-03T06:50:49.110+0600][73.247s][info][gc,stats    ]   CTR: Thread Roots                3415 us, workers (us): 1202, 1130, 1083, ---, ---, ---, 
[2026-04-03T06:50:49.110+0600][73.247s][info][gc,stats    ] Concurrent Weak References         1569 us, parallelism: 1.45x
[2026-04-03T06:50:49.110+0600][73.247s][info][gc,stats    ]   CWRF: <total>                    2268 us
[2026-04-03T06:50:49.110+0600][73.247s][info][gc,stats    ]   CWRF: Weak References            2268 us, workers (us): 1311, 330, 628, ---, ---, ---, 
[2026-04-03T06:50:49.110+0600][73.247s][info][gc,stats    ] Concurrent Weak Roots              9084 us
[2026-04-03T06:50:49.110+0600][73.248s][info][gc,stats    ]   Roots                            5484 us, parallelism: 2.75x
[2026-04-03T06:50:49.110+0600][73.248s][info][gc,stats    ]     CWR: <total>                  15068 us
[2026-04-03T06:50:49.110+0600][73.248s][info][gc,stats    ]     CWR: Code Cache Roots         11677 us, workers (us): 4002, 3743, 3931, ---, ---, ---, 
[2026-04-03T06:50:49.110+0600][73.248s][info][gc,stats    ]     CWR: VM Weak Roots             3176 us, workers (us): 1080, 1065, 1031, ---, ---, ---, 
[2026-04-03T06:50:49.110+0600][73.248s][info][gc,stats    ]     CWR: CLDG Roots                 215 us, workers (us): ---, 215, ---, ---, ---, ---, 
[2026-04-03T06:50:49.110+0600][73.248s][info][gc,stats    ]   Rendezvous                       3433 us
[2026-04-03T06:50:49.110+0600][73.248s][info][gc,stats    ] Concurrent Cleanup                 1174 us
[2026-04-03T06:50:49.110+0600][73.248s][info][gc,stats    ] Concurrent Class Unloading        26931 us
[2026-04-03T06:50:49.110+0600][73.248s][info][gc,stats    ]   Unlink Stale                    19241 us
[2026-04-03T06:50:49.110+0600][73.248s][info][gc,stats    ]     System Dictionary               369 us
[2026-04-03T06:50:49.110+0600][73.248s][info][gc,stats    ]     Weak Class Links                  1 us
[2026-04-03T06:50:49.110+0600][73.248s][info][gc,stats    ]     Code Roots                    18864 us
[2026-04-03T06:50:49.110+0600][73.248s][info][gc,stats    ]   Rendezvous                        490 us
[2026-04-03T06:50:49.110+0600][73.248s][info][gc,stats    ]   Purge Unlinked                   6958 us
[2026-04-03T06:50:49.110+0600][73.248s][info][gc,stats    ]     Code Roots                     6913 us
[2026-04-03T06:50:49.110+0600][73.248s][info][gc,stats    ]     CLDG                             43 us
[2026-04-03T06:50:49.110+0600][73.248s][info][gc,stats    ]     Exception Caches                  1 us
[2026-04-03T06:50:49.110+0600][73.248s][info][gc,stats    ] Concurrent Strong Roots            2320 us, parallelism: 0.72x
[2026-04-03T06:50:49.110+0600][73.248s][info][gc,stats    ]   CSR: <total>                     1669 us
[2026-04-03T06:50:49.110+0600][73.248s][info][gc,stats    ]   CSR: VM Strong Roots               78 us, workers (us):  76,   2,   0, ---, ---, ---, 
[2026-04-03T06:50:49.110+0600][73.248s][info][gc,stats    ]   CSR: CLDG Roots                  1591 us, workers (us): 1591, ---, ---, ---, ---, ---, 
[2026-04-03T06:50:49.110+0600][73.248s][info][gc,stats    ] Concurrent Evacuation             12136 us
[2026-04-03T06:50:49.110+0600][73.248s][info][gc,stats    ] Pause Init Update Refs (G)          666 us
[2026-04-03T06:50:49.110+0600][73.248s][info][gc,stats    ] Pause Init Update Refs (N)          227 us
[2026-04-03T06:50:49.110+0600][73.248s][info][gc,stats    ]   Manage GCLABs                      87 us
[2026-04-03T06:50:49.110+0600][73.248s][info][gc,stats    ] Concurrent Update Refs            47558 us
[2026-04-03T06:50:49.110+0600][73.248s][info][gc,stats    ] Concurrent Update Thread Roots     1631 us
[2026-04-03T06:50:49.110+0600][73.248s][info][gc,stats    ] Pause Final Update Refs (G)         753 us
[2026-04-03T06:50:49.111+0600][73.248s][info][gc,stats    ] Pause Final Update Refs (N)         510 us
[2026-04-03T06:50:49.111+0600][73.248s][info][gc,stats    ]   Update Region States               88 us
[2026-04-03T06:50:49.111+0600][73.248s][info][gc,stats    ]   Trash Collection Set               37 us
[2026-04-03T06:50:49.111+0600][73.248s][info][gc,stats    ]   Rebuild Free Set                  127 us
[2026-04-03T06:50:49.111+0600][73.248s][info][gc,stats    ] Concurrent Cleanup                  485 us
[2026-04-03T06:50:49.111+0600][73.248s][info][gc,stats    ] Pacing                            44365 us
[2026-04-03T06:50:49.111+0600][73.248s][info][gc,stats    ] 
[2026-04-03T06:50:49.111+0600][73.248s][info][gc,stats    ] Allocation pacing accrued:
[2026-04-03T06:50:49.111+0600][73.248s][info][gc,stats    ]      10 of  3259 ms (  0.3%): Executor task launch worker for task 2.0 in stage 2422.0 (TID 4585)
[2026-04-03T06:50:49.111+0600][73.248s][info][gc,stats    ]      16 of  3259 ms (  0.5%): Executor task launch worker for task 1.0 in stage 2422.0 (TID 4584)
[2026-04-03T06:50:49.111+0600][73.248s][info][gc,stats    ]      18 of  3259 ms (  0.6%): Executor task launch worker for task 0.0 in stage 2422.0 (TID 4583)
[2026-04-03T06:50:49.111+0600][73.248s][info][gc,stats    ]      44 of  3259 ms (  1.4%): <total>
[2026-04-03T06:50:49.111+0600][73.248s][info][gc,stats    ]       0 of  3259 ms (  0.0%): <average total>
[2026-04-03T06:50:49.111+0600][73.248s][info][gc,stats    ]      15 of  3259 ms (  0.5%): <average non-zero>
[2026-04-03T06:50:49.111+0600][73.248s][info][gc,stats    ] 
[2026-04-03T06:50:49.111+0600][73.248s][info][gc,metaspace] Metaspace: 131392K(132736K)->131395K(132736K) NonClass: 114922K(115584K)->114926K(115584K) Class: 16469K(17152K)->16469K(17152K)
[2026-04-03T06:50:49.111+0600][73.248s][info][gc,ergo     ] Pacer for Idle. Initial: 80302K, Alloc Tax Rate: 1.0x
[2026-04-03T06:50:51.225+0600][75.362s][info][gc          ] Trigger: Average GC time (253.89 ms) is above the time for average allocation rate (3625 MB/s) to deplete free headroom (336M) (margin of error = 1.83)
[2026-04-03T06:50:51.225+0600][75.362s][info][gc,ergo     ] Free headroom: 532M (free) - 196M (spike) - 0B (penalties) = 336M
[2026-04-03T06:50:51.225+0600][75.362s][info][gc,ergo     ] Free: 527M, Max: 1024K regular, 331M humongous, Frag: 37% external, 0% internal; Reserve: 197M, Max: 1024K
[2026-04-03T06:50:51.225+0600][75.362s][info][gc,start    ] GC(26) Concurrent reset
[2026-04-03T06:50:51.225+0600][75.362s][info][gc,task     ] GC(26) Using 3 of 6 workers for concurrent reset
[2026-04-03T06:50:51.225+0600][75.362s][info][gc,ergo     ] GC(26) Pacer for Reset. Non-Taxable: 3921M
[2026-04-03T06:50:51.238+0600][75.376s][info][gc          ] GC(26) Concurrent reset 13.285ms
[2026-04-03T06:50:51.239+0600][75.376s][info][gc,start    ] GC(26) Pause Init Mark (unload classes)
[2026-04-03T06:50:51.239+0600][75.376s][info][gc,task     ] GC(26) Using 6 of 6 workers for init marking
[2026-04-03T06:50:51.239+0600][75.376s][info][gc,ergo     ] GC(26) Pacer for Mark. Expected Live: 100816K, Free: 414M, Non-Taxable: 42471K, Alloc Tax Rate: 0.3x
[2026-04-03T06:50:51.239+0600][75.376s][info][gc          ] GC(26) Pause Init Mark (unload classes) 0.319ms
[2026-04-03T06:50:51.239+0600][75.376s][info][gc,start    ] GC(26) Concurrent marking roots
[2026-04-03T06:50:51.239+0600][75.377s][info][gc,task     ] GC(26) Using 3 of 6 workers for concurrent marking roots
[2026-04-03T06:50:51.241+0600][75.379s][info][gc          ] GC(26) Concurrent marking roots 2.131ms
[2026-04-03T06:50:51.241+0600][75.379s][info][gc,start    ] GC(26) Concurrent marking (unload classes)
[2026-04-03T06:50:51.241+0600][75.379s][info][gc,task     ] GC(26) Using 3 of 6 workers for concurrent marking
[2026-04-03T06:50:51.319+0600][75.457s][info][gc          ] GC(26) Concurrent marking (unload classes) 78.168ms
[2026-04-03T06:50:51.320+0600][75.457s][info][gc,start    ] GC(26) Pause Final Mark (unload classes)
[2026-04-03T06:50:51.320+0600][75.457s][info][gc,task     ] GC(26) Using 6 of 6 workers for final marking
[2026-04-03T06:50:51.320+0600][75.458s][info][gc,ergo     ] GC(26) Adaptive CSet Selection. Target Free: 555M, Actual Free: 2608M, Max CSet: 163M, Min Garbage: 0B
[2026-04-03T06:50:51.321+0600][75.458s][info][gc,ergo     ] GC(26) Collectable Garbage: 2671M (99%), Immediate: 2083M (77%), CSet: 587M (21%)
[2026-04-03T06:50:51.321+0600][75.458s][info][gc,ergo     ] GC(26) Pacer for Evacuation. Used CSet: 601M, Free: 2947M, Non-Taxable: 294M, Alloc Tax Rate: 1.1x
[2026-04-03T06:50:51.321+0600][75.458s][info][gc          ] GC(26) Pause Final Mark (unload classes) 1.094ms
[2026-04-03T06:50:51.321+0600][75.459s][info][gc,start    ] GC(26) Concurrent thread roots
[2026-04-03T06:50:51.321+0600][75.459s][info][gc,task     ] GC(26) Using 3 of 6 workers for Concurrent thread roots
[2026-04-03T06:50:51.322+0600][75.460s][info][gc          ] GC(26) Concurrent thread roots 1.109ms
[2026-04-03T06:50:51.322+0600][75.460s][info][gc,start    ] GC(26) Concurrent weak references
[2026-04-03T06:50:51.322+0600][75.460s][info][gc,task     ] GC(26) Using 3 of 6 workers for concurrent weak references
[2026-04-03T06:50:51.324+0600][75.461s][info][gc,ref      ] GC(26) Encountered references: Soft: 3788, Weak: 17794, Final: 84, Phantom: 621
[2026-04-03T06:50:51.324+0600][75.461s][info][gc,ref      ] GC(26) Discovered  references: Soft: 0, Weak: 11489, Final: 84, Phantom: 589
[2026-04-03T06:50:51.324+0600][75.461s][info][gc,ref      ] GC(26) Enqueued    references: Soft: 0, Weak: 3116, Final: 0, Phantom: 0
[2026-04-03T06:50:51.324+0600][75.461s][info][gc          ] GC(26) Concurrent weak references 1.646ms
[2026-04-03T06:50:51.324+0600][75.461s][info][gc,start    ] GC(26) Concurrent weak roots
[2026-04-03T06:50:51.324+0600][75.461s][info][gc,task     ] GC(26) Using 3 of 6 workers for concurrent weak root
[2026-04-03T06:50:51.329+0600][75.467s][info][gc          ] GC(26) Concurrent weak roots 5.549ms
[2026-04-03T06:50:51.330+0600][75.467s][info][gc,start    ] GC(26) Concurrent cleanup
[2026-04-03T06:50:51.331+0600][75.468s][info][gc          ] GC(26) Concurrent cleanup 2848M->764M(3552M) 1.310ms
[2026-04-03T06:50:51.331+0600][75.468s][info][gc,ergo     ] GC(26) Free: 2944M, Max: 1024K regular, 315M humongous, Frag: 90% external, 0% internal; Reserve: 196M, Max: 1024K
[2026-04-03T06:50:51.331+0600][75.468s][info][gc,start    ] GC(26) Concurrent class unloading
[2026-04-03T06:50:51.331+0600][75.468s][info][gc,task     ] GC(26) Using 3 of 6 workers for concurrent class unloading
[2026-04-03T06:50:51.353+0600][75.491s][info][gc          ] GC(26) Concurrent class unloading 22.347ms
[2026-04-03T06:50:51.353+0600][75.491s][info][gc,start    ] GC(26) Concurrent strong roots
[2026-04-03T06:50:51.353+0600][75.491s][info][gc,task     ] GC(26) Using 3 of 6 workers for concurrent strong root
[2026-04-03T06:50:51.355+0600][75.493s][info][gc          ] GC(26) Concurrent strong roots 1.925ms
[2026-04-03T06:50:51.355+0600][75.493s][info][gc,start    ] GC(26) Concurrent evacuation
[2026-04-03T06:50:51.355+0600][75.493s][info][gc,task     ] GC(26) Using 3 of 6 workers for concurrent evacuation
[2026-04-03T06:50:51.365+0600][75.502s][info][gc          ] GC(26) Concurrent evacuation 9.268ms
[2026-04-03T06:50:51.365+0600][75.503s][info][gc,start    ] GC(26) Pause Init Update Refs
[2026-04-03T06:50:51.366+0600][75.503s][info][gc,ergo     ] GC(26) Pacer for Update Refs. Used: 801M, Free: 2924M, Non-Taxable: 292M, Alloc Tax Rate: 1.1x
[2026-04-03T06:50:51.366+0600][75.503s][info][gc          ] GC(26) Pause Init Update Refs 0.375ms
[2026-04-03T06:50:51.366+0600][75.503s][info][gc,start    ] GC(26) Concurrent update references
[2026-04-03T06:50:51.366+0600][75.503s][info][gc,task     ] GC(26) Using 3 of 6 workers for concurrent reference update
[2026-04-03T06:50:51.434+0600][75.571s][info][gc          ] GC(26) Concurrent update references 68.237ms
[2026-04-03T06:50:51.434+0600][75.572s][info][gc,start    ] GC(26) Concurrent update thread roots
[2026-04-03T06:50:51.436+0600][75.573s][info][gc          ] GC(26) Concurrent update thread roots 1.520ms
[2026-04-03T06:50:51.436+0600][75.573s][info][gc,start    ] GC(26) Pause Final Update Refs
[2026-04-03T06:50:51.436+0600][75.573s][info][gc,task     ] GC(26) Using 6 of 6 workers for final reference update
[2026-04-03T06:50:51.436+0600][75.573s][info][gc          ] GC(26) Pause Final Update Refs 0.225ms
[2026-04-03T06:50:51.436+0600][75.574s][info][gc,start    ] GC(26) Concurrent cleanup
[2026-04-03T06:50:51.437+0600][75.574s][info][gc          ] GC(26) Concurrent cleanup 841M->239M(3552M) 0.803ms
[2026-04-03T06:50:51.437+0600][75.574s][info][gc,ergo     ] Free: 3453M, Max: 1024K regular, 2468M humongous, Frag: 29% external, 0% internal; Reserve: 197M, Max: 1024K
[2026-04-03T06:50:51.437+0600][75.574s][info][gc,stats    ] 
[2026-04-03T06:50:51.437+0600][75.574s][info][gc,stats    ] All times are wall-clock times, except per-root-class counters, that are sum over
[2026-04-03T06:50:51.437+0600][75.575s][info][gc,stats    ] all workers. Dividing the <total> over the root stage time estimates parallelism.
[2026-04-03T06:50:51.437+0600][75.575s][info][gc,stats    ] 
[2026-04-03T06:50:51.437+0600][75.575s][info][gc,stats    ] Concurrent Reset                  13499 us
[2026-04-03T06:50:51.437+0600][75.575s][info][gc,stats    ] Pause Init Mark (G)                 652 us
[2026-04-03T06:50:51.437+0600][75.575s][info][gc,stats    ] Pause Init Mark (N)                 340 us
[2026-04-03T06:50:51.437+0600][75.575s][info][gc,stats    ]   Update Region States               72 us
[2026-04-03T06:50:51.437+0600][75.575s][info][gc,stats    ] Concurrent Mark Roots              2284 us, parallelism: 1.76x
[2026-04-03T06:50:51.437+0600][75.575s][info][gc,stats    ]   CMR: <total>                     4018 us
[2026-04-03T06:50:51.437+0600][75.575s][info][gc,stats    ]   CMR: Thread Roots                3118 us, workers (us): 1256, 575, 1288, ---, ---, ---, 
[2026-04-03T06:50:51.437+0600][75.575s][info][gc,stats    ]   CMR: VM Strong Roots              194 us, workers (us): 156,  36,   2, ---, ---, ---, 
[2026-04-03T06:50:51.437+0600][75.575s][info][gc,stats    ]   CMR: CLDG Roots                   706 us, workers (us): ---, 706, ---, ---, ---, ---, 
[2026-04-03T06:50:51.437+0600][75.575s][info][gc,stats    ] Concurrent Marking                78282 us
[2026-04-03T06:50:51.437+0600][75.575s][info][gc,stats    ] Pause Final Mark (G)               1509 us
[2026-04-03T06:50:51.437+0600][75.575s][info][gc,stats    ] Pause Final Mark (N)               1112 us
[2026-04-03T06:50:51.437+0600][75.575s][info][gc,stats    ]   Finish Mark                       321 us
[2026-04-03T06:50:51.437+0600][75.575s][info][gc,stats    ]   Update Region States               66 us
[2026-04-03T06:50:51.437+0600][75.575s][info][gc,stats    ]   Choose Collection Set             358 us
[2026-04-03T06:50:51.437+0600][75.575s][info][gc,stats    ]   Rebuild Free Set                   79 us
[2026-04-03T06:50:51.437+0600][75.575s][info][gc,stats    ] Concurrent Thread Roots            1165 us, parallelism: 2.20x
[2026-04-03T06:50:51.437+0600][75.575s][info][gc,stats    ]   CTR: <total>                     2558 us
[2026-04-03T06:50:51.437+0600][75.575s][info][gc,stats    ]   CTR: Thread Roots                2558 us, workers (us): 873, 839, 846, ---, ---, ---, 
[2026-04-03T06:50:51.437+0600][75.575s][info][gc,stats    ] Concurrent Weak References         1662 us, parallelism: 1.23x
[2026-04-03T06:50:51.437+0600][75.575s][info][gc,stats    ]   CWRF: <total>                    2053 us
[2026-04-03T06:50:51.437+0600][75.575s][info][gc,stats    ]   CWRF: Weak References            2053 us, workers (us): 481, 1371, 202, ---, ---, ---, 
[2026-04-03T06:50:51.437+0600][75.575s][info][gc,stats    ] Concurrent Weak Roots              5658 us
[2026-04-03T06:50:51.437+0600][75.575s][info][gc,stats    ]   Roots                            5052 us, parallelism: 2.70x
[2026-04-03T06:50:51.437+0600][75.575s][info][gc,stats    ]     CWR: <total>                  13631 us
[2026-04-03T06:50:51.437+0600][75.575s][info][gc,stats    ]     CWR: Code Cache Roots         10600 us, workers (us): 3379, 3619, 3602, ---, ---, ---, 
[2026-04-03T06:50:51.437+0600][75.575s][info][gc,stats    ]     CWR: VM Weak Roots             2902 us, workers (us): 1023, 975, 904, ---, ---, ---, 
[2026-04-03T06:50:51.437+0600][75.575s][info][gc,stats    ]     CWR: CLDG Roots                 129 us, workers (us): 129, ---, ---, ---, ---, ---, 
[2026-04-03T06:50:51.437+0600][75.575s][info][gc,stats    ]   Rendezvous                        460 us
[2026-04-03T06:50:51.437+0600][75.575s][info][gc,stats    ] Concurrent Cleanup                 1335 us
[2026-04-03T06:50:51.437+0600][75.575s][info][gc,stats    ] Concurrent Class Unloading        22520 us
[2026-04-03T06:50:51.437+0600][75.575s][info][gc,stats    ]   Unlink Stale                    16272 us
[2026-04-03T06:50:51.437+0600][75.575s][info][gc,stats    ]     System Dictionary               304 us
[2026-04-03T06:50:51.437+0600][75.575s][info][gc,stats    ]     Weak Class Links                  1 us
[2026-04-03T06:50:51.437+0600][75.575s][info][gc,stats    ]     Code Roots                    15963 us
[2026-04-03T06:50:51.437+0600][75.575s][info][gc,stats    ]   Rendezvous                        436 us
[2026-04-03T06:50:51.437+0600][75.575s][info][gc,stats    ]   Purge Unlinked                   5599 us
[2026-04-03T06:50:51.437+0600][75.575s][info][gc,stats    ]     Code Roots                     5568 us
[2026-04-03T06:50:51.437+0600][75.575s][info][gc,stats    ]     CLDG                             29 us
[2026-04-03T06:50:51.437+0600][75.575s][info][gc,stats    ]     Exception Caches                  0 us
[2026-04-03T06:50:51.437+0600][75.575s][info][gc,stats    ] Concurrent Strong Roots            2014 us, parallelism: 0.76x
[2026-04-03T06:50:51.437+0600][75.575s][info][gc,stats    ]   CSR: <total>                     1523 us
[2026-04-03T06:50:51.437+0600][75.575s][info][gc,stats    ]   CSR: VM Strong Roots               86 us, workers (us):  55,  30,   1, ---, ---, ---, 
[2026-04-03T06:50:51.437+0600][75.575s][info][gc,stats    ]   CSR: CLDG Roots                  1437 us, workers (us): 1437, ---, ---, ---, ---, ---, 
[2026-04-03T06:50:51.437+0600][75.575s][info][gc,stats    ] Concurrent Evacuation              9458 us
[2026-04-03T06:50:51.437+0600][75.575s][info][gc,stats    ] Pause Init Update Refs (G)          735 us
[2026-04-03T06:50:51.437+0600][75.575s][info][gc,stats    ] Pause Init Update Refs (N)          394 us
[2026-04-03T06:50:51.437+0600][75.575s][info][gc,stats    ]   Manage GCLABs                      68 us
[2026-04-03T06:50:51.437+0600][75.575s][info][gc,stats    ] Concurrent Update Refs            68369 us
[2026-04-03T06:50:51.437+0600][75.575s][info][gc,stats    ] Concurrent Update Thread Roots     1600 us
[2026-04-03T06:50:51.437+0600][75.575s][info][gc,stats    ] Pause Final Update Refs (G)         382 us
[2026-04-03T06:50:51.438+0600][75.575s][info][gc,stats    ] Pause Final Update Refs (N)         261 us
[2026-04-03T06:50:51.438+0600][75.575s][info][gc,stats    ]   Update Region States               80 us
[2026-04-03T06:50:51.438+0600][75.575s][info][gc,stats    ]   Trash Collection Set               28 us
[2026-04-03T06:50:51.438+0600][75.575s][info][gc,stats    ]   Rebuild Free Set                   63 us
[2026-04-03T06:50:51.438+0600][75.575s][info][gc,stats    ] Concurrent Cleanup                  825 us
[2026-04-03T06:50:51.438+0600][75.575s][info][gc,stats    ] 
[2026-04-03T06:50:51.438+0600][75.575s][info][gc,stats    ] Allocation pacing accrued:
[2026-04-03T06:50:51.438+0600][75.575s][info][gc,stats    ]       0 of  2327 ms (  0.0%): <total>
[2026-04-03T06:50:51.438+0600][75.575s][info][gc,stats    ]       0 of  2327 ms (  0.0%): <average total>
[2026-04-03T06:50:51.438+0600][75.575s][info][gc,stats    ] 
[2026-04-03T06:50:51.438+0600][75.575s][info][gc,metaspace] Metaspace: 131434K(132800K)->131438K(132800K) NonClass: 114965K(115648K)->114968K(115648K) Class: 16469K(17152K)->16470K(17152K)
[2026-04-03T06:50:51.438+0600][75.575s][info][gc,ergo     ] Pacer for Idle. Initial: 80302K, Alloc Tax Rate: 1.0x
[2026-04-03T06:50:53.349+0600][77.487s][info][gc          ] Trigger: Average GC time (241.84 ms) is above the time for average allocation rate (3418 MB/s) to deplete free headroom (806M) (margin of error = 1.83)
[2026-04-03T06:50:53.350+0600][77.487s][info][gc,ergo     ] Free headroom: 1002M (free) - 196M (spike) - 0B (penalties) = 806M
[2026-04-03T06:50:53.350+0600][77.487s][info][gc,ergo     ] Free: 1002M, Max: 1024K regular, 516M humongous, Frag: 49% external, 0% internal; Reserve: 197M, Max: 1024K
[2026-04-03T06:50:53.350+0600][77.487s][info][gc,start    ] GC(27) Concurrent reset
[2026-04-03T06:50:53.350+0600][77.487s][info][gc,task     ] GC(27) Using 3 of 6 workers for concurrent reset
[2026-04-03T06:50:53.350+0600][77.487s][info][gc,ergo     ] GC(27) Pacer for Reset. Non-Taxable: 3921M
[2026-04-03T06:50:53.357+0600][77.494s][info][gc          ] GC(27) Concurrent reset 7.134ms
[2026-04-03T06:50:53.357+0600][77.495s][info][gc,start    ] GC(27) Pause Init Mark (unload classes)
[2026-04-03T06:50:53.357+0600][77.495s][info][gc,task     ] GC(27) Using 6 of 6 workers for init marking
[2026-04-03T06:50:53.358+0600][77.495s][info][gc,ergo     ] GC(27) Pacer for Mark. Expected Live: 101379K, Free: 989M, Non-Taxable: 101357K, Alloc Tax Rate: 0.1x
[2026-04-03T06:50:53.358+0600][77.495s][info][gc          ] GC(27) Pause Init Mark (unload classes) 0.231ms
[2026-04-03T06:50:53.358+0600][77.495s][info][gc,start    ] GC(27) Concurrent marking roots
[2026-04-03T06:50:53.358+0600][77.495s][info][gc,task     ] GC(27) Using 3 of 6 workers for concurrent marking roots
[2026-04-03T06:50:53.360+0600][77.497s][info][gc          ] GC(27) Concurrent marking roots 1.826ms
[2026-04-03T06:50:53.360+0600][77.497s][info][gc,start    ] GC(27) Concurrent marking (unload classes)
[2026-04-03T06:50:53.360+0600][77.497s][info][gc,task     ] GC(27) Using 3 of 6 workers for concurrent marking
[2026-04-03T06:50:53.437+0600][77.574s][info][gc          ] GC(27) Concurrent marking (unload classes) 77.159ms
[2026-04-03T06:50:53.437+0600][77.575s][info][gc,start    ] GC(27) Pause Final Mark (unload classes)
[2026-04-03T06:50:53.437+0600][77.575s][info][gc,task     ] GC(27) Using 6 of 6 workers for final marking
[2026-04-03T06:50:53.438+0600][77.575s][info][gc,ergo     ] GC(27) Adaptive CSet Selection. Target Free: 555M, Actual Free: 2748M, Max CSet: 163M, Min Garbage: 0B
[2026-04-03T06:50:53.438+0600][77.576s][info][gc,ergo     ] GC(27) Collectable Garbage: 2202M (99%), Immediate: 1637M (74%), CSet: 564M (25%)
[2026-04-03T06:50:53.438+0600][77.576s][info][gc,ergo     ] GC(27) Pacer for Evacuation. Used CSet: 577M, Free: 2980M, Non-Taxable: 298M, Alloc Tax Rate: 1.1x
[2026-04-03T06:50:53.438+0600][77.576s][info][gc          ] GC(27) Pause Final Mark (unload classes) 1.229ms
[2026-04-03T06:50:53.439+0600][77.576s][info][gc,start    ] GC(27) Concurrent thread roots
[2026-04-03T06:50:53.439+0600][77.576s][info][gc,task     ] GC(27) Using 3 of 6 workers for Concurrent thread roots
[2026-04-03T06:50:53.440+0600][77.577s][info][gc          ] GC(27) Concurrent thread roots 1.388ms
[2026-04-03T06:50:53.440+0600][77.578s][info][gc,start    ] GC(27) Concurrent weak references
[2026-04-03T06:50:53.440+0600][77.578s][info][gc,task     ] GC(27) Using 3 of 6 workers for concurrent weak references
[2026-04-03T06:50:53.441+0600][77.578s][info][gc,ref      ] GC(27) Encountered references: Soft: 3785, Weak: 17566, Final: 84, Phantom: 621
[2026-04-03T06:50:53.441+0600][77.579s][info][gc,ref      ] GC(27) Discovered  references: Soft: 0, Weak: 8785, Final: 0, Phantom: 586
[2026-04-03T06:50:53.441+0600][77.579s][info][gc,ref      ] GC(27) Enqueued    references: Soft: 0, Weak: 2887, Final: 0, Phantom: 0
[2026-04-03T06:50:53.441+0600][77.579s][info][gc          ] GC(27) Concurrent weak references 1.072ms
[2026-04-03T06:50:53.441+0600][77.579s][info][gc,start    ] GC(27) Concurrent weak roots
[2026-04-03T06:50:53.441+0600][77.579s][info][gc,task     ] GC(27) Using 3 of 6 workers for concurrent weak root
[2026-04-03T06:50:53.448+0600][77.585s][info][gc          ] GC(27) Concurrent weak roots 6.763ms
[2026-04-03T06:50:53.448+0600][77.586s][info][gc,start    ] GC(27) Concurrent cleanup
[2026-04-03T06:50:53.449+0600][77.587s][info][gc          ] GC(27) Concurrent cleanup 2372M->735M(3552M) 1.107ms
[2026-04-03T06:50:53.449+0600][77.587s][info][gc,ergo     ] GC(27) Free: 2977M, Max: 1024K regular, 516M humongous, Frag: 83% external, 0% internal; Reserve: 196M, Max: 1024K
[2026-04-03T06:50:53.449+0600][77.587s][info][gc,start    ] GC(27) Concurrent class unloading
[2026-04-03T06:50:53.449+0600][77.587s][info][gc,task     ] GC(27) Using 3 of 6 workers for concurrent class unloading
[2026-04-03T06:50:53.472+0600][77.610s][info][gc          ] GC(27) Concurrent class unloading 23.015ms
[2026-04-03T06:50:53.473+0600][77.610s][info][gc,start    ] GC(27) Concurrent strong roots
[2026-04-03T06:50:53.473+0600][77.610s][info][gc,task     ] GC(27) Using 3 of 6 workers for concurrent strong root
[2026-04-03T06:50:53.474+0600][77.612s][info][gc          ] GC(27) Concurrent strong roots 1.902ms
[2026-04-03T06:50:53.475+0600][77.612s][info][gc,start    ] GC(27) Concurrent evacuation
[2026-04-03T06:50:53.475+0600][77.612s][info][gc,task     ] GC(27) Using 3 of 6 workers for concurrent evacuation
[2026-04-03T06:50:53.483+0600][77.620s][info][gc          ] GC(27) Concurrent evacuation 7.915ms
[2026-04-03T06:50:53.483+0600][77.620s][info][gc,start    ] GC(27) Pause Init Update Refs
[2026-04-03T06:50:53.483+0600][77.620s][info][gc,ergo     ] GC(27) Pacer for Update Refs. Used: 756M, Free: 2969M, Non-Taxable: 296M, Alloc Tax Rate: 1.1x
[2026-04-03T06:50:53.483+0600][77.620s][info][gc          ] GC(27) Pause Init Update Refs 0.166ms
[2026-04-03T06:50:53.483+0600][77.621s][info][gc,start    ] GC(27) Concurrent update references
[2026-04-03T06:50:53.483+0600][77.621s][info][gc,task     ] GC(27) Using 3 of 6 workers for concurrent reference update
[2026-04-03T06:50:53.557+0600][77.695s][info][gc          ] GC(27) Concurrent update references 74.020ms
[2026-04-03T06:50:53.557+0600][77.695s][info][gc,start    ] GC(27) Concurrent update thread roots
[2026-04-03T06:50:53.560+0600][77.697s][info][gc          ] GC(27) Concurrent update thread roots 2.425ms
[2026-04-03T06:50:53.560+0600][77.697s][info][gc,start    ] GC(27) Pause Final Update Refs
[2026-04-03T06:50:53.560+0600][77.698s][info][gc,task     ] GC(27) Using 6 of 6 workers for final reference update
[2026-04-03T06:50:53.560+0600][77.698s][info][gc          ] GC(27) Pause Final Update Refs 0.361ms
[2026-04-03T06:50:53.564+0600][77.702s][info][gc,start    ] GC(27) Concurrent cleanup
[2026-04-03T06:50:53.565+0600][77.703s][info][gc          ] GC(27) Concurrent cleanup 799M->223M(3552M) 1.069ms
[2026-04-03T06:50:53.565+0600][77.703s][info][gc,ergo     ] Free: 3479M, Max: 1024K regular, 1992M humongous, Frag: 43% external, 0% internal; Reserve: 197M, Max: 1024K
[2026-04-03T06:50:53.566+0600][77.703s][info][gc,stats    ] 
[2026-04-03T06:50:53.566+0600][77.703s][info][gc,stats    ] All times are wall-clock times, except per-root-class counters, that are sum over
[2026-04-03T06:50:53.566+0600][77.703s][info][gc,stats    ] all workers. Dividing the <total> over the root stage time estimates parallelism.
[2026-04-03T06:50:53.566+0600][77.703s][info][gc,stats    ] 
[2026-04-03T06:50:53.566+0600][77.703s][info][gc,stats    ] Concurrent Reset                   7266 us
[2026-04-03T06:50:53.566+0600][77.703s][info][gc,stats    ] Pause Init Mark (G)                 641 us
[2026-04-03T06:50:53.566+0600][77.703s][info][gc,stats    ] Pause Init Mark (N)                 253 us
[2026-04-03T06:50:53.566+0600][77.703s][info][gc,stats    ]   Update Region States               60 us
[2026-04-03T06:50:53.566+0600][77.703s][info][gc,stats    ] Concurrent Mark Roots              1918 us, parallelism: 1.86x
[2026-04-03T06:50:53.566+0600][77.703s][info][gc,stats    ]   CMR: <total>                     3576 us
[2026-04-03T06:50:53.566+0600][77.703s][info][gc,stats    ]   CMR: Thread Roots                3237 us, workers (us): 893, 1179, 1165, ---, ---, ---, 
[2026-04-03T06:50:53.566+0600][77.703s][info][gc,stats    ]   CMR: VM Strong Roots               52 us, workers (us):  50,   1,   1, ---, ---, ---, 
[2026-04-03T06:50:53.566+0600][77.703s][info][gc,stats    ]   CMR: CLDG Roots                   287 us, workers (us): 287, ---, ---, ---, ---, ---, 
[2026-04-03T06:50:53.566+0600][77.703s][info][gc,stats    ] Concurrent Marking                77340 us
[2026-04-03T06:50:53.566+0600][77.703s][info][gc,stats    ] Pause Final Mark (G)               1527 us
[2026-04-03T06:50:53.566+0600][77.703s][info][gc,stats    ] Pause Final Mark (N)               1254 us
[2026-04-03T06:50:53.566+0600][77.703s][info][gc,stats    ]   Finish Mark                       435 us
[2026-04-03T06:50:53.566+0600][77.703s][info][gc,stats    ]   Update Region States              103 us
[2026-04-03T06:50:53.566+0600][77.703s][info][gc,stats    ]   Choose Collection Set             402 us
[2026-04-03T06:50:53.566+0600][77.703s][info][gc,stats    ]   Rebuild Free Set                   59 us
[2026-04-03T06:50:53.566+0600][77.703s][info][gc,stats    ] Concurrent Thread Roots            1491 us, parallelism: 2.22x
[2026-04-03T06:50:53.566+0600][77.703s][info][gc,stats    ]   CTR: <total>                     3304 us
[2026-04-03T06:50:53.566+0600][77.704s][info][gc,stats    ]   CTR: Thread Roots                3304 us, workers (us): 1119, 1080, 1104, ---, ---, ---, 
[2026-04-03T06:50:53.566+0600][77.704s][info][gc,stats    ] Concurrent Weak References         1094 us, parallelism: 1.49x
[2026-04-03T06:50:53.566+0600][77.704s][info][gc,stats    ]   CWRF: <total>                    1627 us
[2026-04-03T06:50:53.566+0600][77.704s][info][gc,stats    ]   CWRF: Weak References            1627 us, workers (us): 587, 350, 690, ---, ---, ---, 
[2026-04-03T06:50:53.566+0600][77.704s][info][gc,stats    ] Concurrent Weak Roots              6925 us
[2026-04-03T06:50:53.566+0600][77.704s][info][gc,stats    ]   Roots                            6158 us, parallelism: 2.68x
[2026-04-03T06:50:53.566+0600][77.704s][info][gc,stats    ]     CWR: <total>                  16499 us
[2026-04-03T06:50:53.566+0600][77.704s][info][gc,stats    ]     CWR: Code Cache Roots         13044 us, workers (us): 4410, 4392, 4242, ---, ---, ---, 
[2026-04-03T06:50:53.566+0600][77.704s][info][gc,stats    ]     CWR: VM Weak Roots             3303 us, workers (us): 1120, 1103, 1081, ---, ---, ---, 
[2026-04-03T06:50:53.566+0600][77.704s][info][gc,stats    ]     CWR: CLDG Roots                 152 us, workers (us): 152, ---, ---, ---, ---, ---, 
[2026-04-03T06:50:53.566+0600][77.704s][info][gc,stats    ]   Rendezvous                        524 us
[2026-04-03T06:50:53.566+0600][77.704s][info][gc,stats    ] Concurrent Cleanup                 1215 us
[2026-04-03T06:50:53.566+0600][77.704s][info][gc,stats    ] Concurrent Class Unloading        23179 us
[2026-04-03T06:50:53.566+0600][77.704s][info][gc,stats    ]   Unlink Stale                    19980 us
[2026-04-03T06:50:53.566+0600][77.704s][info][gc,stats    ]     System Dictionary               403 us
[2026-04-03T06:50:53.566+0600][77.704s][info][gc,stats    ]     Weak Class Links                  0 us
[2026-04-03T06:50:53.566+0600][77.704s][info][gc,stats    ]     Code Roots                    19570 us
[2026-04-03T06:50:53.566+0600][77.704s][info][gc,stats    ]   Rendezvous                        518 us
[2026-04-03T06:50:53.566+0600][77.704s][info][gc,stats    ]   Purge Unlinked                   2447 us
[2026-04-03T06:50:53.566+0600][77.704s][info][gc,stats    ]     Code Roots                     2426 us
[2026-04-03T06:50:53.566+0600][77.704s][info][gc,stats    ]     CLDG                             19 us
[2026-04-03T06:50:53.566+0600][77.704s][info][gc,stats    ]     Exception Caches                  1 us
[2026-04-03T06:50:53.566+0600][77.704s][info][gc,stats    ] Concurrent Strong Roots            2013 us, parallelism: 0.70x
[2026-04-03T06:50:53.566+0600][77.704s][info][gc,stats    ]   CSR: <total>                     1403 us
[2026-04-03T06:50:53.566+0600][77.704s][info][gc,stats    ]   CSR: VM Strong Roots               92 us, workers (us):  35,  32,  24, ---, ---, ---, 
[2026-04-03T06:50:53.566+0600][77.704s][info][gc,stats    ]   CSR: CLDG Roots                  1312 us, workers (us): ---, ---, 1312, ---, ---, ---, 
[2026-04-03T06:50:53.566+0600][77.704s][info][gc,stats    ] Concurrent Evacuation              8046 us
[2026-04-03T06:50:53.566+0600][77.704s][info][gc,stats    ] Pause Init Update Refs (G)          441 us
[2026-04-03T06:50:53.566+0600][77.704s][info][gc,stats    ] Pause Init Update Refs (N)          182 us
[2026-04-03T06:50:53.567+0600][77.704s][info][gc,stats    ]   Manage GCLABs                      53 us
[2026-04-03T06:50:53.567+0600][77.704s][info][gc,stats    ] Concurrent Update Refs            74198 us
[2026-04-03T06:50:53.567+0600][77.704s][info][gc,stats    ] Concurrent Update Thread Roots     2574 us
[2026-04-03T06:50:53.567+0600][77.704s][info][gc,stats    ] Pause Final Update Refs (G)        4383 us
[2026-04-03T06:50:53.567+0600][77.704s][info][gc,stats    ] Pause Final Update Refs (N)         413 us
[2026-04-03T06:50:53.567+0600][77.704s][info][gc,stats    ]   Update Region States              121 us
[2026-04-03T06:50:53.567+0600][77.704s][info][gc,stats    ]   Trash Collection Set               63 us
[2026-04-03T06:50:53.567+0600][77.704s][info][gc,stats    ]   Rebuild Free Set                   99 us
[2026-04-03T06:50:53.567+0600][77.704s][info][gc,stats    ] Concurrent Cleanup                 1129 us
[2026-04-03T06:50:53.567+0600][77.704s][info][gc,stats    ] 
[2026-04-03T06:50:53.567+0600][77.704s][info][gc,stats    ] Allocation pacing accrued:
[2026-04-03T06:50:53.567+0600][77.704s][info][gc,stats    ]       0 of  2129 ms (  0.0%): <total>
[2026-04-03T06:50:53.567+0600][77.704s][info][gc,stats    ]       0 of  2129 ms (  0.0%): <average total>
[2026-04-03T06:50:53.567+0600][77.704s][info][gc,stats    ] 
[2026-04-03T06:50:53.567+0600][77.704s][info][gc,metaspace] Metaspace: 131474K(132800K)->131475K(132800K) NonClass: 115002K(115648K)->115004K(115648K) Class: 16471K(17152K)->16471K(17152K)
[2026-04-03T06:50:53.567+0600][77.704s][info][gc,ergo     ] Pacer for Idle. Initial: 80302K, Alloc Tax Rate: 1.0x
[2026-04-03T06:50:55.478+0600][79.616s][info][gc          ] Trigger: Average GC time (235.29 ms) is above the time for average allocation rate (3835 MB/s) to deplete free headroom (792M) (margin of error = 1.83)
[2026-04-03T06:50:55.478+0600][79.616s][info][gc,ergo     ] Free headroom: 988M (free) - 196M (spike) - 0B (penalties) = 792M
[2026-04-03T06:50:55.478+0600][79.616s][info][gc,ergo     ] Free: 988M, Max: 1024K regular, 518M humongous, Frag: 48% external, 0% internal; Reserve: 197M, Max: 1024K
[2026-04-03T06:50:55.479+0600][79.616s][info][gc,start    ] GC(28) Concurrent reset
[2026-04-03T06:50:55.479+0600][79.616s][info][gc,task     ] GC(28) Using 3 of 6 workers for concurrent reset
[2026-04-03T06:50:55.479+0600][79.616s][info][gc,ergo     ] GC(28) Pacer for Reset. Non-Taxable: 3921M
[2026-04-03T06:50:55.484+0600][79.621s][info][gc          ] GC(28) Concurrent reset 4.939ms
[2026-04-03T06:50:55.484+0600][79.621s][info][gc,start    ] GC(28) Pause Init Mark (unload classes)
[2026-04-03T06:50:55.484+0600][79.621s][info][gc,task     ] GC(28) Using 6 of 6 workers for init marking
[2026-04-03T06:50:55.484+0600][79.622s][info][gc,ergo     ] GC(28) Pacer for Mark. Expected Live: 101032K, Free: 983M, Non-Taxable: 100760K, Alloc Tax Rate: 0.1x
[2026-04-03T06:50:55.484+0600][79.622s][info][gc          ] GC(28) Pause Init Mark (unload classes) 0.219ms
[2026-04-03T06:50:55.484+0600][79.622s][info][gc,start    ] GC(28) Concurrent marking roots
[2026-04-03T06:50:55.484+0600][79.622s][info][gc,task     ] GC(28) Using 3 of 6 workers for concurrent marking roots
[2026-04-03T06:50:55.486+0600][79.623s][info][gc          ] GC(28) Concurrent marking roots 1.653ms
[2026-04-03T06:50:55.486+0600][79.623s][info][gc,start    ] GC(28) Concurrent marking (unload classes)
[2026-04-03T06:50:55.486+0600][79.623s][info][gc,task     ] GC(28) Using 3 of 6 workers for concurrent marking
[2026-04-03T06:50:55.551+0600][79.689s][info][gc          ] GC(28) Concurrent marking (unload classes) 65.177ms
[2026-04-03T06:50:55.551+0600][79.689s][info][gc,start    ] GC(28) Pause Final Mark (unload classes)
[2026-04-03T06:50:55.551+0600][79.689s][info][gc,task     ] GC(28) Using 6 of 6 workers for final marking
[2026-04-03T06:50:55.552+0600][79.689s][info][gc,ergo     ] GC(28) Adaptive CSet Selection. Target Free: 555M, Actual Free: 2765M, Max CSet: 163M, Min Garbage: 0B
[2026-04-03T06:50:55.552+0600][79.689s][info][gc,ergo     ] GC(28) Collectable Garbage: 2211M (99%), Immediate: 1659M (74%), CSet: 551M (24%)
[2026-04-03T06:50:55.552+0600][79.690s][info][gc,ergo     ] GC(28) Pacer for Evacuation. Used CSet: 564M, Free: 2996M, Non-Taxable: 299M, Alloc Tax Rate: 1.1x
[2026-04-03T06:50:55.552+0600][79.690s][info][gc          ] GC(28) Pause Final Mark (unload classes) 0.862ms
[2026-04-03T06:50:55.552+0600][79.690s][info][gc,start    ] GC(28) Concurrent thread roots
[2026-04-03T06:50:55.552+0600][79.690s][info][gc,task     ] GC(28) Using 3 of 6 workers for Concurrent thread roots
[2026-04-03T06:50:55.554+0600][79.691s][info][gc          ] GC(28) Concurrent thread roots 1.600ms
[2026-04-03T06:50:55.554+0600][79.691s][info][gc,start    ] GC(28) Concurrent weak references
[2026-04-03T06:50:55.554+0600][79.691s][info][gc,task     ] GC(28) Using 3 of 6 workers for concurrent weak references
[2026-04-03T06:50:55.555+0600][79.693s][info][gc,ref      ] GC(28) Encountered references: Soft: 3784, Weak: 17558, Final: 84, Phantom: 621
[2026-04-03T06:50:55.555+0600][79.693s][info][gc,ref      ] GC(28) Discovered  references: Soft: 0, Weak: 9768, Final: 52, Phantom: 616
[2026-04-03T06:50:55.555+0600][79.693s][info][gc,ref      ] GC(28) Enqueued    references: Soft: 0, Weak: 2887, Final: 0, Phantom: 0
[2026-04-03T06:50:55.555+0600][79.693s][info][gc          ] GC(28) Concurrent weak references 1.375ms
[2026-04-03T06:50:55.555+0600][79.693s][info][gc,start    ] GC(28) Concurrent weak roots
[2026-04-03T06:50:55.555+0600][79.693s][info][gc,task     ] GC(28) Using 3 of 6 workers for concurrent weak root
[2026-04-03T06:50:55.561+0600][79.698s][info][gc          ] GC(28) Concurrent weak roots 5.296ms
[2026-04-03T06:50:55.561+0600][79.698s][info][gc,start    ] GC(28) Concurrent cleanup
[2026-04-03T06:50:55.562+0600][79.699s][info][gc          ] GC(28) Concurrent cleanup 2379M->719M(3552M) 1.150ms
[2026-04-03T06:50:55.562+0600][79.699s][info][gc,ergo     ] GC(28) Free: 2994M, Max: 1024K regular, 518M humongous, Frag: 83% external, 0% internal; Reserve: 196M, Max: 1024K
[2026-04-03T06:50:55.562+0600][79.700s][info][gc,start    ] GC(28) Concurrent class unloading
[2026-04-03T06:50:55.562+0600][79.700s][info][gc,task     ] GC(28) Using 3 of 6 workers for concurrent class unloading
[2026-04-03T06:50:55.587+0600][79.725s][info][gc          ] GC(28) Concurrent class unloading 25.340ms
[2026-04-03T06:50:55.587+0600][79.725s][info][gc,start    ] GC(28) Concurrent strong roots
[2026-04-03T06:50:55.588+0600][79.725s][info][gc,task     ] GC(28) Using 3 of 6 workers for concurrent strong root
[2026-04-03T06:50:55.590+0600][79.727s][info][gc          ] GC(28) Concurrent strong roots 2.446ms
[2026-04-03T06:50:55.590+0600][79.728s][info][gc,start    ] GC(28) Concurrent evacuation
[2026-04-03T06:50:55.590+0600][79.728s][info][gc,task     ] GC(28) Using 3 of 6 workers for concurrent evacuation
[2026-04-03T06:50:55.598+0600][79.736s][info][gc          ] GC(28) Concurrent evacuation 8.050ms
[2026-04-03T06:50:55.599+0600][79.736s][info][gc,start    ] GC(28) Pause Init Update Refs
[2026-04-03T06:50:55.599+0600][79.736s][info][gc,ergo     ] GC(28) Pacer for Update Refs. Used: 747M, Free: 2981M, Non-Taxable: 298M, Alloc Tax Rate: 1.1x
[2026-04-03T06:50:55.599+0600][79.736s][info][gc          ] GC(28) Pause Init Update Refs 0.159ms
[2026-04-03T06:50:55.599+0600][79.736s][info][gc,start    ] GC(28) Concurrent update references
[2026-04-03T06:50:55.599+0600][79.736s][info][gc,task     ] GC(28) Using 3 of 6 workers for concurrent reference update
[2026-04-03T06:50:55.671+0600][79.808s][info][gc          ] GC(28) Concurrent update references 71.779ms
[2026-04-03T06:50:55.671+0600][79.808s][info][gc,start    ] GC(28) Concurrent update thread roots
[2026-04-03T06:50:55.674+0600][79.812s][info][gc          ] GC(28) Concurrent update thread roots 3.589ms
[2026-04-03T06:50:55.675+0600][79.812s][info][gc,start    ] GC(28) Pause Final Update Refs
[2026-04-03T06:50:55.675+0600][79.812s][info][gc,task     ] GC(28) Using 6 of 6 workers for final reference update
[2026-04-03T06:50:55.675+0600][79.812s][info][gc          ] GC(28) Pause Final Update Refs 0.342ms
[2026-04-03T06:50:55.675+0600][79.813s][info][gc,start    ] GC(28) Concurrent cleanup
[2026-04-03T06:50:55.676+0600][79.814s][info][gc          ] GC(28) Concurrent cleanup 795M->232M(3552M) 0.945ms
[2026-04-03T06:50:55.676+0600][79.814s][info][gc,ergo     ] Free: 3464M, Max: 1024K regular, 2092M humongous, Frag: 40% external, 0% internal; Reserve: 197M, Max: 1024K
[2026-04-03T06:50:55.676+0600][79.814s][info][gc,stats    ] 
[2026-04-03T06:50:55.676+0600][79.814s][info][gc,stats    ] All times are wall-clock times, except per-root-class counters, that are sum over
[2026-04-03T06:50:55.676+0600][79.814s][info][gc,stats    ] all workers. Dividing the <total> over the root stage time estimates parallelism.
[2026-04-03T06:50:55.676+0600][79.814s][info][gc,stats    ] 
[2026-04-03T06:50:55.676+0600][79.814s][info][gc,stats    ] Concurrent Reset                   5031 us
[2026-04-03T06:50:55.676+0600][79.814s][info][gc,stats    ] Pause Init Mark (G)                 504 us
[2026-04-03T06:50:55.676+0600][79.814s][info][gc,stats    ] Pause Init Mark (N)                 230 us
[2026-04-03T06:50:55.676+0600][79.814s][info][gc,stats    ]   Update Region States               78 us
[2026-04-03T06:50:55.676+0600][79.814s][info][gc,stats    ] Concurrent Mark Roots              1721 us, parallelism: 1.85x
[2026-04-03T06:50:55.676+0600][79.814s][info][gc,stats    ]   CMR: <total>                     3186 us
[2026-04-03T06:50:55.676+0600][79.814s][info][gc,stats    ]   CMR: Thread Roots                2842 us, workers (us): 1056, 1034, 752, ---, ---, ---, 
[2026-04-03T06:50:55.676+0600][79.814s][info][gc,stats    ]   CMR: VM Strong Roots               56 us, workers (us):  20,  21,  15, ---, ---, ---, 
[2026-04-03T06:50:55.677+0600][79.814s][info][gc,stats    ]   CMR: CLDG Roots                   289 us, workers (us): ---, ---, 289, ---, ---, ---, 
[2026-04-03T06:50:55.677+0600][79.814s][info][gc,stats    ] Concurrent Marking                65279 us
[2026-04-03T06:50:55.677+0600][79.814s][info][gc,stats    ] Pause Final Mark (G)                982 us
[2026-04-03T06:50:55.677+0600][79.814s][info][gc,stats    ] Pause Final Mark (N)                877 us
[2026-04-03T06:50:55.677+0600][79.814s][info][gc,stats    ]   Finish Mark                       310 us
[2026-04-03T06:50:55.677+0600][79.814s][info][gc,stats    ]   Update Region States               99 us
[2026-04-03T06:50:55.677+0600][79.814s][info][gc,stats    ]   Choose Collection Set             288 us
[2026-04-03T06:50:55.677+0600][79.814s][info][gc,stats    ]   Rebuild Free Set                   58 us
[2026-04-03T06:50:55.677+0600][79.814s][info][gc,stats    ] Concurrent Thread Roots            1675 us, parallelism: 2.39x
[2026-04-03T06:50:55.677+0600][79.814s][info][gc,stats    ]   CTR: <total>                     4001 us
[2026-04-03T06:50:55.677+0600][79.814s][info][gc,stats    ]   CTR: Thread Roots                4001 us, workers (us): 1388, 1354, 1259, ---, ---, ---, 
[2026-04-03T06:50:55.677+0600][79.814s][info][gc,stats    ] Concurrent Weak References         1421 us, parallelism: 1.26x
[2026-04-03T06:50:55.677+0600][79.814s][info][gc,stats    ]   CWRF: <total>                    1794 us
[2026-04-03T06:50:55.677+0600][79.814s][info][gc,stats    ]   CWRF: Weak References            1794 us, workers (us): 540, 1056, 197, ---, ---, ---, 
[2026-04-03T06:50:55.677+0600][79.814s][info][gc,stats    ] Concurrent Weak Roots              5393 us
[2026-04-03T06:50:55.677+0600][79.814s][info][gc,stats    ]   Roots                            4974 us, parallelism: 2.63x
[2026-04-03T06:50:55.677+0600][79.814s][info][gc,stats    ]     CWR: <total>                  13100 us
[2026-04-03T06:50:55.677+0600][79.814s][info][gc,stats    ]     CWR: Code Cache Roots          9616 us, workers (us): 3231, 3146, 3239, ---, ---, ---, 
[2026-04-03T06:50:55.677+0600][79.814s][info][gc,stats    ]     CWR: VM Weak Roots             3178 us, workers (us): 1071, 1056, 1051, ---, ---, ---, 
[2026-04-03T06:50:55.677+0600][79.814s][info][gc,stats    ]     CWR: CLDG Roots                 307 us, workers (us): ---, 307, ---, ---, ---, ---, 
[2026-04-03T06:50:55.677+0600][79.814s][info][gc,stats    ]   Rendezvous                        292 us
[2026-04-03T06:50:55.677+0600][79.814s][info][gc,stats    ] Concurrent Cleanup                 1252 us
[2026-04-03T06:50:55.677+0600][79.814s][info][gc,stats    ] Concurrent Class Unloading        25492 us
[2026-04-03T06:50:55.677+0600][79.814s][info][gc,stats    ]   Unlink Stale                    19880 us
[2026-04-03T06:50:55.677+0600][79.814s][info][gc,stats    ]     System Dictionary               384 us
[2026-04-03T06:50:55.677+0600][79.814s][info][gc,stats    ]     Weak Class Links                  1 us
[2026-04-03T06:50:55.677+0600][79.814s][info][gc,stats    ]     Code Roots                    19490 us
[2026-04-03T06:50:55.677+0600][79.814s][info][gc,stats    ]   Rendezvous                        352 us
[2026-04-03T06:50:55.677+0600][79.814s][info][gc,stats    ]   Purge Unlinked                   5052 us
[2026-04-03T06:50:55.677+0600][79.814s][info][gc,stats    ]     Code Roots                     5019 us
[2026-04-03T06:50:55.677+0600][79.814s][info][gc,stats    ]     CLDG                             28 us
[2026-04-03T06:50:55.677+0600][79.814s][info][gc,stats    ]     Exception Caches                  1 us
[2026-04-03T06:50:55.677+0600][79.815s][info][gc,stats    ] Concurrent Strong Roots            2586 us, parallelism: 0.72x
[2026-04-03T06:50:55.677+0600][79.815s][info][gc,stats    ]   CSR: <total>                     1860 us
[2026-04-03T06:50:55.677+0600][79.815s][info][gc,stats    ]   CSR: VM Strong Roots               76 us, workers (us):  43,  33,   0, ---, ---, ---, 
[2026-04-03T06:50:55.677+0600][79.815s][info][gc,stats    ]   CSR: CLDG Roots                  1784 us, workers (us): ---, 1784, ---, ---, ---, ---, 
[2026-04-03T06:50:55.677+0600][79.815s][info][gc,stats    ] Concurrent Evacuation              8192 us
[2026-04-03T06:50:55.677+0600][79.815s][info][gc,stats    ] Pause Init Update Refs (G)          511 us
[2026-04-03T06:50:55.677+0600][79.815s][info][gc,stats    ] Pause Init Update Refs (N)          177 us
[2026-04-03T06:50:55.677+0600][79.815s][info][gc,stats    ]   Manage GCLABs                      53 us
[2026-04-03T06:50:55.677+0600][79.815s][info][gc,stats    ] Concurrent Update Refs            71969 us
[2026-04-03T06:50:55.677+0600][79.815s][info][gc,stats    ] Concurrent Update Thread Roots     3709 us
[2026-04-03T06:50:55.677+0600][79.815s][info][gc,stats    ] Pause Final Update Refs (G)         628 us
[2026-04-03T06:50:55.677+0600][79.815s][info][gc,stats    ] Pause Final Update Refs (N)         394 us
[2026-04-03T06:50:55.677+0600][79.815s][info][gc,stats    ]   Update Region States              107 us
[2026-04-03T06:50:55.677+0600][79.815s][info][gc,stats    ]   Trash Collection Set               37 us
[2026-04-03T06:50:55.677+0600][79.815s][info][gc,stats    ]   Rebuild Free Set                   83 us
[2026-04-03T06:50:55.677+0600][79.815s][info][gc,stats    ] Concurrent Cleanup                 1013 us
[2026-04-03T06:50:55.677+0600][79.815s][info][gc,stats    ] 
[2026-04-03T06:50:55.677+0600][79.815s][info][gc,stats    ] Allocation pacing accrued:
[2026-04-03T06:50:55.677+0600][79.815s][info][gc,stats    ]       0 of  2111 ms (  0.0%): <total>
[2026-04-03T06:50:55.677+0600][79.815s][info][gc,stats    ]       0 of  2111 ms (  0.0%): <average total>
[2026-04-03T06:50:55.677+0600][79.815s][info][gc,stats    ] 
[2026-04-03T06:50:55.677+0600][79.815s][info][gc,metaspace] Metaspace: 131514K(132800K)->131516K(132800K) NonClass: 115039K(115648K)->115042K(115648K) Class: 16474K(17152K)->16474K(17152K)
[2026-04-03T06:50:55.677+0600][79.815s][info][gc,ergo     ] Pacer for Idle. Initial: 80302K, Alloc Tax Rate: 1.0x
[2026-04-03T06:50:57.979+0600][82.116s][info][gc          ] Trigger: Explicit GC request (System.gc())
[2026-04-03T06:50:57.979+0600][82.116s][info][gc,ergo     ] Free: 1229M, Max: 1024K regular, 516M humongous, Frag: 58% external, 0% internal; Reserve: 197M, Max: 1024K
[2026-04-03T06:50:57.979+0600][82.116s][info][gc,start    ] GC(29) Concurrent reset
[2026-04-03T06:50:57.979+0600][82.116s][info][gc,task     ] GC(29) Using 3 of 6 workers for concurrent reset
[2026-04-03T06:50:57.979+0600][82.116s][info][gc,ergo     ] GC(29) Pacer for Reset. Non-Taxable: 3921M
[2026-04-03T06:50:57.982+0600][82.120s][info][gc          ] GC(29) Concurrent reset 3.303ms
[2026-04-03T06:50:57.982+0600][82.120s][info][gc,start    ] GC(29) Pause Init Mark (unload classes)
[2026-04-03T06:50:57.982+0600][82.120s][info][gc,task     ] GC(29) Using 6 of 6 workers for init marking
[2026-04-03T06:50:57.982+0600][82.120s][info][gc,ref      ] GC(29) Clearing All SoftReferences
[2026-04-03T06:50:57.983+0600][82.120s][info][gc,ergo     ] GC(29) Pacer for Mark. Expected Live: 100329K, Free: 1229M, Non-Taxable: 122M, Alloc Tax Rate: 0.1x
[2026-04-03T06:50:57.983+0600][82.120s][info][gc          ] GC(29) Pause Init Mark (unload classes) 0.184ms
[2026-04-03T06:50:57.983+0600][82.120s][info][gc,start    ] GC(29) Concurrent marking roots
[2026-04-03T06:50:57.983+0600][82.120s][info][gc,task     ] GC(29) Using 3 of 6 workers for concurrent marking roots
[2026-04-03T06:50:57.984+0600][82.122s][info][gc          ] GC(29) Concurrent marking roots 1.333ms
[2026-04-03T06:50:57.984+0600][82.122s][info][gc,start    ] GC(29) Concurrent marking (unload classes)
[2026-04-03T06:50:57.984+0600][82.122s][info][gc,task     ] GC(29) Using 3 of 6 workers for concurrent marking
[2026-04-03T06:50:58.040+0600][82.177s][info][gc          ] GC(29) Concurrent marking (unload classes) 55.565ms
[2026-04-03T06:50:58.040+0600][82.177s][info][gc,start    ] GC(29) Pause Final Mark (unload classes)
[2026-04-03T06:50:58.040+0600][82.177s][info][gc,task     ] GC(29) Using 6 of 6 workers for final marking
[2026-04-03T06:50:58.041+0600][82.178s][info][gc,ergo     ] GC(29) Adaptive CSet Selection. Target Free: 555M, Actual Free: 2887M, Max CSet: 163M, Min Garbage: 0B
[2026-04-03T06:50:58.041+0600][82.178s][info][gc,ergo     ] GC(29) Collectable Garbage: 2043M (99%), Immediate: 1466M (71%), CSet: 576M (28%)
[2026-04-03T06:50:58.041+0600][82.178s][info][gc,ergo     ] GC(29) Pacer for Evacuation. Used CSet: 589M, Free: 3045M, Non-Taxable: 304M, Alloc Tax Rate: 1.1x
[2026-04-03T06:50:58.041+0600][82.178s][info][gc          ] GC(29) Pause Final Mark (unload classes) 0.989ms
[2026-04-03T06:50:58.041+0600][82.179s][info][gc,start    ] GC(29) Concurrent thread roots
[2026-04-03T06:50:58.041+0600][82.179s][info][gc,task     ] GC(29) Using 3 of 6 workers for Concurrent thread roots
[2026-04-03T06:50:58.042+0600][82.180s][info][gc          ] GC(29) Concurrent thread roots 1.091ms
[2026-04-03T06:50:58.042+0600][82.180s][info][gc,start    ] GC(29) Concurrent weak references
[2026-04-03T06:50:58.042+0600][82.180s][info][gc,task     ] GC(29) Using 3 of 6 workers for concurrent weak references
[2026-04-03T06:50:58.043+0600][82.181s][info][gc,ref      ] GC(29) Encountered references: Soft: 3586, Weak: 17813, Final: 84, Phantom: 621
[2026-04-03T06:50:58.043+0600][82.181s][info][gc,ref      ] GC(29) Discovered  references: Soft: 1206, Weak: 12221, Final: 84, Phantom: 298
[2026-04-03T06:50:58.043+0600][82.181s][info][gc,ref      ] GC(29) Enqueued    references: Soft: 689, Weak: 3525, Final: 0, Phantom: 0
[2026-04-03T06:50:58.044+0600][82.181s][info][gc          ] GC(29) Concurrent weak references 1.230ms
[2026-04-03T06:50:58.044+0600][82.181s][info][gc,start    ] GC(29) Concurrent weak roots
[2026-04-03T06:50:58.044+0600][82.181s][info][gc,task     ] GC(29) Using 3 of 6 workers for concurrent weak root
[2026-04-03T06:50:58.050+0600][82.188s][info][gc          ] GC(29) Concurrent weak roots 6.441ms
[2026-04-03T06:50:58.050+0600][82.188s][info][gc,start    ] GC(29) Concurrent cleanup
[2026-04-03T06:50:58.051+0600][82.189s][info][gc          ] GC(29) Concurrent cleanup 2144M->677M(3552M) 1.186ms
[2026-04-03T06:50:58.051+0600][82.189s][info][gc,ergo     ] GC(29) Free: 3045M, Max: 1024K regular, 516M humongous, Frag: 84% external, 0% internal; Reserve: 196M, Max: 1024K
[2026-04-03T06:50:58.051+0600][82.189s][info][gc,start    ] GC(29) Concurrent class unloading
[2026-04-03T06:50:58.051+0600][82.189s][info][gc,task     ] GC(29) Using 3 of 6 workers for concurrent class unloading
[2026-04-03T06:50:58.124+0600][82.262s][info][gc          ] GC(29) Concurrent class unloading 72.660ms
[2026-04-03T06:50:58.124+0600][82.262s][info][gc,start    ] GC(29) Concurrent strong roots
[2026-04-03T06:50:58.124+0600][82.262s][info][gc,task     ] GC(29) Using 3 of 6 workers for concurrent strong root
[2026-04-03T06:50:58.125+0600][82.263s][info][gc          ] GC(29) Concurrent strong roots 0.920ms
[2026-04-03T06:50:58.125+0600][82.263s][info][gc,start    ] GC(29) Concurrent evacuation
[2026-04-03T06:50:58.125+0600][82.263s][info][gc,task     ] GC(29) Using 3 of 6 workers for concurrent evacuation
[2026-04-03T06:50:58.131+0600][82.269s][info][gc          ] GC(29) Concurrent evacuation 5.941ms
[2026-04-03T06:50:58.131+0600][82.269s][info][gc,start    ] GC(29) Pause Init Update Refs
[2026-04-03T06:50:58.132+0600][82.269s][info][gc,ergo     ] GC(29) Pacer for Update Refs. Used: 695M, Free: 3042M, Non-Taxable: 304M, Alloc Tax Rate: 1.1x
[2026-04-03T06:50:58.132+0600][82.269s][info][gc          ] GC(29) Pause Init Update Refs 0.334ms
[2026-04-03T06:50:58.132+0600][82.269s][info][gc,start    ] GC(29) Concurrent update references
[2026-04-03T06:50:58.132+0600][82.270s][info][gc,task     ] GC(29) Using 3 of 6 workers for concurrent reference update
[2026-04-03T06:50:58.165+0600][82.303s][info][gc          ] GC(29) Concurrent update references 33.226ms
[2026-04-03T06:50:58.165+0600][82.303s][info][gc,start    ] GC(29) Concurrent update thread roots
[2026-04-03T06:50:58.167+0600][82.304s][info][gc          ] GC(29) Concurrent update thread roots 1.278ms
[2026-04-03T06:50:58.167+0600][82.304s][info][gc,start    ] GC(29) Pause Final Update Refs
[2026-04-03T06:50:58.167+0600][82.304s][info][gc,task     ] GC(29) Using 6 of 6 workers for final reference update
[2026-04-03T06:50:58.167+0600][82.305s][info][gc          ] GC(29) Pause Final Update Refs 0.242ms
[2026-04-03T06:50:58.167+0600][82.305s][info][gc,start    ] GC(29) Concurrent cleanup
[2026-04-03T06:50:58.168+0600][82.305s][info][gc          ] GC(29) Concurrent cleanup 695M->105M(3552M) 0.361ms
[2026-04-03T06:50:58.168+0600][82.305s][info][gc,ergo     ] Free: 3616M, Max: 1024K regular, 1771M humongous, Frag: 51% external, 0% internal; Reserve: 197M, Max: 1024K
[2026-04-03T06:50:58.168+0600][82.305s][info][gc,stats    ] 
[2026-04-03T06:50:58.168+0600][82.305s][info][gc,stats    ] All times are wall-clock times, except per-root-class counters, that are sum over
[2026-04-03T06:50:58.168+0600][82.305s][info][gc,stats    ] all workers. Dividing the <total> over the root stage time estimates parallelism.
[2026-04-03T06:50:58.168+0600][82.305s][info][gc,stats    ] 
[2026-04-03T06:50:58.168+0600][82.305s][info][gc,stats    ] Concurrent Reset                   3433 us
[2026-04-03T06:50:58.168+0600][82.305s][info][gc,stats    ] Pause Init Mark (G)                 513 us
[2026-04-03T06:50:58.168+0600][82.305s][info][gc,stats    ] Pause Init Mark (N)                 201 us
[2026-04-03T06:50:58.168+0600][82.305s][info][gc,stats    ]   Update Region States               34 us
[2026-04-03T06:50:58.168+0600][82.305s][info][gc,stats    ] Concurrent Mark Roots              1390 us, parallelism: 1.83x
[2026-04-03T06:50:58.168+0600][82.305s][info][gc,stats    ]   CMR: <total>                     2539 us
[2026-04-03T06:50:58.168+0600][82.305s][info][gc,stats    ]   CMR: Thread Roots                2127 us, workers (us): 468, 824, 835, ---, ---, ---, 
[2026-04-03T06:50:58.168+0600][82.306s][info][gc,stats    ]   CMR: VM Strong Roots               42 us, workers (us):  33,   9,   1, ---, ---, ---, 
[2026-04-03T06:50:58.168+0600][82.306s][info][gc,stats    ]   CMR: CLDG Roots                   370 us, workers (us): 370, ---, ---, ---, ---, ---, 
[2026-04-03T06:50:58.168+0600][82.306s][info][gc,stats    ] Concurrent Marking                55719 us
[2026-04-03T06:50:58.168+0600][82.306s][info][gc,stats    ] Pause Final Mark (G)               1242 us
[2026-04-03T06:50:58.168+0600][82.306s][info][gc,stats    ] Pause Final Mark (N)               1015 us
[2026-04-03T06:50:58.168+0600][82.306s][info][gc,stats    ]   Finish Mark                       370 us
[2026-04-03T06:50:58.168+0600][82.306s][info][gc,stats    ]   Update Region States               79 us
[2026-04-03T06:50:58.168+0600][82.306s][info][gc,stats    ]   Choose Collection Set             322 us
[2026-04-03T06:50:58.168+0600][82.306s][info][gc,stats    ]   Rebuild Free Set                   51 us
[2026-04-03T06:50:58.168+0600][82.306s][info][gc,stats    ] Concurrent Thread Roots            1259 us, parallelism: 1.97x
[2026-04-03T06:50:58.168+0600][82.306s][info][gc,stats    ]   CTR: <total>                     2480 us
[2026-04-03T06:50:58.168+0600][82.306s][info][gc,stats    ]   CTR: Thread Roots                2480 us, workers (us): 864, 828, 788, ---, ---, ---, 
[2026-04-03T06:50:58.168+0600][82.306s][info][gc,stats    ] Concurrent Weak References         1244 us, parallelism: 1.97x
[2026-04-03T06:50:58.168+0600][82.306s][info][gc,stats    ]   CWRF: <total>                    2447 us
[2026-04-03T06:50:58.168+0600][82.306s][info][gc,stats    ]   CWRF: Weak References            2447 us, workers (us): 694, 874, 878, ---, ---, ---, 
[2026-04-03T06:50:58.168+0600][82.306s][info][gc,stats    ] Concurrent Weak Roots              6583 us
[2026-04-03T06:50:58.168+0600][82.306s][info][gc,stats    ]   Roots                            5923 us, parallelism: 2.70x
[2026-04-03T06:50:58.168+0600][82.306s][info][gc,stats    ]     CWR: <total>                  15972 us
[2026-04-03T06:50:58.168+0600][82.306s][info][gc,stats    ]     CWR: Code Cache Roots         12500 us, workers (us): 4142, 3989, 4370, ---, ---, ---, 
[2026-04-03T06:50:58.168+0600][82.306s][info][gc,stats    ]     CWR: VM Weak Roots             3316 us, workers (us): 1111, 1111, 1093, ---, ---, ---, 
[2026-04-03T06:50:58.168+0600][82.306s][info][gc,stats    ]     CWR: CLDG Roots                 156 us, workers (us): ---, 156, ---, ---, ---, ---, 
[2026-04-03T06:50:58.168+0600][82.306s][info][gc,stats    ]   Rendezvous                        461 us
[2026-04-03T06:50:58.168+0600][82.306s][info][gc,stats    ] Concurrent Cleanup                 1231 us
[2026-04-03T06:50:58.168+0600][82.306s][info][gc,stats    ] Concurrent Class Unloading        72736 us
[2026-04-03T06:50:58.168+0600][82.306s][info][gc,stats    ]   Unlink Stale                    44991 us
[2026-04-03T06:50:58.168+0600][82.306s][info][gc,stats    ]     System Dictionary               896 us
[2026-04-03T06:50:58.168+0600][82.306s][info][gc,stats    ]     Weak Class Links              26416 us
[2026-04-03T06:50:58.168+0600][82.306s][info][gc,stats    ]     Code Roots                    17671 us
[2026-04-03T06:50:58.168+0600][82.306s][info][gc,stats    ]   Rendezvous                        462 us
[2026-04-03T06:50:58.168+0600][82.306s][info][gc,stats    ]   Purge Unlinked                  27054 us
[2026-04-03T06:50:58.168+0600][82.306s][info][gc,stats    ]     Code Roots                    25727 us
[2026-04-03T06:50:58.168+0600][82.306s][info][gc,stats    ]     CLDG                           1325 us
[2026-04-03T06:50:58.168+0600][82.306s][info][gc,stats    ]     Exception Caches                  0 us
[2026-04-03T06:50:58.168+0600][82.306s][info][gc,stats    ] Concurrent Strong Roots             975 us, parallelism: 0.73x
[2026-04-03T06:50:58.168+0600][82.306s][info][gc,stats    ]   CSR: <total>                      715 us
[2026-04-03T06:50:58.168+0600][82.306s][info][gc,stats    ]   CSR: VM Strong Roots               33 us, workers (us):  28,   4,   1, ---, ---, ---, 
[2026-04-03T06:50:58.168+0600][82.306s][info][gc,stats    ]   CSR: CLDG Roots                   682 us, workers (us): ---, 682, ---, ---, ---, ---, 
[2026-04-03T06:50:58.168+0600][82.306s][info][gc,stats    ] Concurrent Evacuation              6031 us
[2026-04-03T06:50:58.168+0600][82.306s][info][gc,stats    ] Pause Init Update Refs (G)          759 us
[2026-04-03T06:50:58.168+0600][82.306s][info][gc,stats    ] Pause Init Update Refs (N)          351 us
[2026-04-03T06:50:58.168+0600][82.306s][info][gc,stats    ]   Manage GCLABs                      67 us
[2026-04-03T06:50:58.168+0600][82.306s][info][gc,stats    ] Concurrent Update Refs            33336 us
[2026-04-03T06:50:58.168+0600][82.306s][info][gc,stats    ] Concurrent Update Thread Roots     1416 us
[2026-04-03T06:50:58.168+0600][82.306s][info][gc,stats    ] Pause Final Update Refs (G)         641 us
[2026-04-03T06:50:58.168+0600][82.306s][info][gc,stats    ] Pause Final Update Refs (N)         285 us
[2026-04-03T06:50:58.168+0600][82.306s][info][gc,stats    ]   Update Region States               65 us
[2026-04-03T06:50:58.168+0600][82.306s][info][gc,stats    ]   Trash Collection Set               23 us
[2026-04-03T06:50:58.168+0600][82.306s][info][gc,stats    ]   Rebuild Free Set                   55 us
[2026-04-03T06:50:58.168+0600][82.306s][info][gc,stats    ] Concurrent Cleanup                  392 us
[2026-04-03T06:50:58.168+0600][82.306s][info][gc,stats    ] 
[2026-04-03T06:50:58.169+0600][82.306s][info][gc,stats    ] Allocation pacing accrued:
[2026-04-03T06:50:58.169+0600][82.306s][info][gc,stats    ]       0 of  2491 ms (  0.0%): <total>
[2026-04-03T06:50:58.169+0600][82.306s][info][gc,stats    ]       0 of  2491 ms (  0.0%): <average total>
[2026-04-03T06:50:58.169+0600][82.306s][info][gc,stats    ] 
[2026-04-03T06:50:58.169+0600][82.306s][info][gc,metaspace] Metaspace: 131569K(132864K)->130436K(132864K) NonClass: 115089K(115712K)->114129K(115712K) Class: 16480K(17152K)->16306K(17152K)
[2026-04-03T06:50:58.169+0600][82.306s][info][gc,ergo     ] Pacer for Idle. Initial: 80302K, Alloc Tax Rate: 1.0x
[2026-04-03T06:50:58.169+0600][82.306s][info][gc,start    ] Concurrent uncommit
[2026-04-03T06:50:58.544+0600][82.681s][info][gc          ] Concurrent uncommit 106M->182M(200M) 375.333ms
[2026-04-03T06:50:58.892+0600][83.030s][info][gc          ] Trigger: Learning 2 of 5. Free (2742M) is below initial threshold (2744M)
[2026-04-03T06:50:58.892+0600][83.030s][info][gc,ergo     ] Free: 2742M, Max: 1024K regular, 1436M humongous, Frag: 48% external, 0% internal; Reserve: 197M, Max: 1024K
[2026-04-03T06:50:58.893+0600][83.030s][info][gc,start    ] GC(30) Concurrent reset
[2026-04-03T06:50:58.893+0600][83.030s][info][gc,task     ] GC(30) Using 3 of 6 workers for concurrent reset
[2026-04-03T06:50:58.893+0600][83.030s][info][gc,ergo     ] GC(30) Pacer for Reset. Non-Taxable: 3921M
[2026-04-03T06:50:58.898+0600][83.036s][info][gc          ] GC(30) Concurrent reset 5.513ms
[2026-04-03T06:50:58.898+0600][83.036s][info][gc,start    ] GC(30) Pause Init Mark (unload classes)
[2026-04-03T06:50:58.898+0600][83.036s][info][gc,task     ] GC(30) Using 6 of 6 workers for init marking
[2026-04-03T06:50:58.899+0600][83.036s][info][gc,ergo     ] GC(30) Pacer for Mark. Expected Live: 99896K, Free: 2734M, Non-Taxable: 273M, Alloc Tax Rate: 0.0x
[2026-04-03T06:50:58.899+0600][83.036s][info][gc          ] GC(30) Pause Init Mark (unload classes) 0.258ms
[2026-04-03T06:50:58.899+0600][83.036s][info][gc,start    ] GC(30) Concurrent marking roots
[2026-04-03T06:50:58.899+0600][83.036s][info][gc,task     ] GC(30) Using 3 of 6 workers for concurrent marking roots
[2026-04-03T06:50:58.903+0600][83.040s][info][gc          ] GC(30) Concurrent marking roots 4.217ms
[2026-04-03T06:50:58.903+0600][83.041s][info][gc,start    ] GC(30) Concurrent marking (unload classes)
[2026-04-03T06:50:58.903+0600][83.041s][info][gc,task     ] GC(30) Using 3 of 6 workers for concurrent marking
[2026-04-03T06:50:58.968+0600][83.105s][info][gc          ] GC(30) Concurrent marking (unload classes) 64.884ms
[2026-04-03T06:50:58.968+0600][83.106s][info][gc,start    ] GC(30) Pause Final Mark (unload classes)
[2026-04-03T06:50:58.968+0600][83.106s][info][gc,task     ] GC(30) Using 6 of 6 workers for final marking
[2026-04-03T06:50:58.969+0600][83.106s][info][gc,ergo     ] GC(30) Adaptive CSet Selection. Target Free: 555M, Actual Free: 3489M, Max CSet: 163M, Min Garbage: 0B
[2026-04-03T06:50:58.969+0600][83.107s][info][gc,ergo     ] GC(30) Collectable Garbage: 730M (98%), Immediate: 613M (83%), CSet: 116M (15%)
[2026-04-03T06:50:58.969+0600][83.107s][info][gc,ergo     ] GC(30) Pacer for Evacuation. Used CSet: 127M, Free: 3454M, Non-Taxable: 345M, Alloc Tax Rate: 1.1x
[2026-04-03T06:50:58.969+0600][83.107s][info][gc          ] GC(30) Pause Final Mark (unload classes) 0.920ms
[2026-04-03T06:50:58.969+0600][83.107s][info][gc,start    ] GC(30) Concurrent thread roots
[2026-04-03T06:50:58.969+0600][83.107s][info][gc,task     ] GC(30) Using 3 of 6 workers for Concurrent thread roots
[2026-04-03T06:50:58.971+0600][83.108s][info][gc          ] GC(30) Concurrent thread roots 1.368ms
[2026-04-03T06:50:58.971+0600][83.108s][info][gc,start    ] GC(30) Concurrent weak references
[2026-04-03T06:50:58.971+0600][83.108s][info][gc,task     ] GC(30) Using 3 of 6 workers for concurrent weak references
[2026-04-03T06:50:58.972+0600][83.109s][info][gc,ref      ] GC(30) Encountered references: Soft: 3623, Weak: 15086, Final: 84, Phantom: 621
[2026-04-03T06:50:58.972+0600][83.109s][info][gc,ref      ] GC(30) Discovered  references: Soft: 0, Weak: 8363, Final: 84, Phantom: 616
[2026-04-03T06:50:58.972+0600][83.109s][info][gc,ref      ] GC(30) Enqueued    references: Soft: 0, Weak: 603, Final: 0, Phantom: 0
[2026-04-03T06:50:58.972+0600][83.110s][info][gc          ] GC(30) Concurrent weak references 1.266ms
[2026-04-03T06:50:58.972+0600][83.110s][info][gc,start    ] GC(30) Concurrent weak roots
[2026-04-03T06:50:58.972+0600][83.110s][info][gc,task     ] GC(30) Using 3 of 6 workers for concurrent weak root
[2026-04-03T06:50:58.979+0600][83.116s][info][gc          ] GC(30) Concurrent weak roots 6.819ms
[2026-04-03T06:50:58.979+0600][83.117s][info][gc,start    ] GC(30) Concurrent cleanup
[2026-04-03T06:50:58.980+0600][83.117s][info][gc          ] GC(30) Concurrent cleanup 876M->262M(1049M) 0.556ms
[2026-04-03T06:50:58.980+0600][83.117s][info][gc,ergo     ] GC(30) Free: 3452M, Max: 1024K regular, 1375M humongous, Frag: 61% external, 0% internal; Reserve: 196M, Max: 1024K
[2026-04-03T06:50:58.980+0600][83.117s][info][gc,start    ] GC(30) Concurrent class unloading
[2026-04-03T06:50:58.980+0600][83.117s][info][gc,task     ] GC(30) Using 3 of 6 workers for concurrent class unloading
[2026-04-03T06:50:59.035+0600][83.173s][info][gc          ] GC(30) Concurrent class unloading 55.705ms
[2026-04-03T06:50:59.036+0600][83.173s][info][gc,start    ] GC(30) Concurrent strong roots
[2026-04-03T06:50:59.036+0600][83.173s][info][gc,task     ] GC(30) Using 3 of 6 workers for concurrent strong root
[2026-04-03T06:50:59.038+0600][83.176s][info][gc          ] GC(30) Concurrent strong roots 2.442ms
[2026-04-03T06:50:59.038+0600][83.176s][info][gc,start    ] GC(30) Concurrent evacuation
[2026-04-03T06:50:59.038+0600][83.176s][info][gc,task     ] GC(30) Using 3 of 6 workers for concurrent evacuation
[2026-04-03T06:50:59.053+0600][83.190s][info][gc          ] GC(30) Concurrent evacuation 14.376ms
[2026-04-03T06:50:59.053+0600][83.191s][info][gc,start    ] GC(30) Pause Init Update Refs
[2026-04-03T06:50:59.053+0600][83.191s][info][gc,ergo     ] GC(30) Pacer for Update Refs. Used: 312M, Free: 3407M, Non-Taxable: 340M, Alloc Tax Rate: 1.1x
[2026-04-03T06:50:59.053+0600][83.191s][info][gc          ] GC(30) Pause Init Update Refs 0.301ms
[2026-04-03T06:50:59.053+0600][83.191s][info][gc,start    ] GC(30) Concurrent update references
[2026-04-03T06:50:59.053+0600][83.191s][info][gc,task     ] GC(30) Using 3 of 6 workers for concurrent reference update
[2026-04-03T06:50:59.112+0600][83.249s][info][gc          ] GC(30) Concurrent update references 58.351ms
[2026-04-03T06:50:59.112+0600][83.250s][info][gc,start    ] GC(30) Concurrent update thread roots
[2026-04-03T06:50:59.114+0600][83.251s][info][gc          ] GC(30) Concurrent update thread roots 1.567ms
[2026-04-03T06:50:59.115+0600][83.252s][info][gc,start    ] GC(30) Pause Final Update Refs
[2026-04-03T06:50:59.115+0600][83.252s][info][gc,task     ] GC(30) Using 6 of 6 workers for final reference update
[2026-04-03T06:50:59.115+0600][83.253s][info][gc          ] GC(30) Pause Final Update Refs 0.412ms
[2026-04-03T06:50:59.115+0600][83.253s][info][gc,start    ] GC(30) Concurrent cleanup
[2026-04-03T06:50:59.116+0600][83.254s][info][gc          ] GC(30) Concurrent cleanup 336M->209M(1063M) 0.868ms
[2026-04-03T06:50:59.117+0600][83.254s][info][gc,ergo     ] Free: 3487M, Max: 1024K regular, 1769M humongous, Frag: 50% external, 0% internal; Reserve: 197M, Max: 1024K
[2026-04-03T06:50:59.117+0600][83.254s][info][gc,stats    ] 
[2026-04-03T06:50:59.117+0600][83.254s][info][gc,stats    ] All times are wall-clock times, except per-root-class counters, that are sum over
[2026-04-03T06:50:59.117+0600][83.254s][info][gc,stats    ] all workers. Dividing the <total> over the root stage time estimates parallelism.
[2026-04-03T06:50:59.117+0600][83.254s][info][gc,stats    ] 
[2026-04-03T06:50:59.117+0600][83.254s][info][gc,stats    ] Concurrent Reset                   5651 us
[2026-04-03T06:50:59.117+0600][83.254s][info][gc,stats    ] Pause Init Mark (G)                 538 us
[2026-04-03T06:50:59.117+0600][83.254s][info][gc,stats    ] Pause Init Mark (N)                 274 us
[2026-04-03T06:50:59.117+0600][83.254s][info][gc,stats    ]   Update Region States               47 us
[2026-04-03T06:50:59.117+0600][83.254s][info][gc,stats    ] Concurrent Mark Roots              4338 us, parallelism: 1.12x
[2026-04-03T06:50:59.117+0600][83.254s][info][gc,stats    ]   CMR: <total>                     4838 us
[2026-04-03T06:50:59.117+0600][83.254s][info][gc,stats    ]   CMR: Thread Roots                4295 us, workers (us): 3046, 614, 635, ---, ---, ---, 
[2026-04-03T06:50:59.117+0600][83.254s][info][gc,stats    ]   CMR: VM Strong Roots               59 us, workers (us):  57,   1,   1, ---, ---, ---, 
[2026-04-03T06:50:59.117+0600][83.254s][info][gc,stats    ]   CMR: CLDG Roots                   484 us, workers (us): 484, ---, ---, ---, ---, ---, 
[2026-04-03T06:50:59.117+0600][83.254s][info][gc,stats    ] Concurrent Marking                65044 us
[2026-04-03T06:50:59.117+0600][83.254s][info][gc,stats    ] Pause Final Mark (G)               1188 us
[2026-04-03T06:50:59.117+0600][83.254s][info][gc,stats    ] Pause Final Mark (N)                937 us
[2026-04-03T06:50:59.117+0600][83.254s][info][gc,stats    ]   Finish Mark                       308 us
[2026-04-03T06:50:59.117+0600][83.254s][info][gc,stats    ]   Update Region States               67 us
[2026-04-03T06:50:59.117+0600][83.255s][info][gc,stats    ]   Choose Collection Set             230 us
[2026-04-03T06:50:59.117+0600][83.255s][info][gc,stats    ]   Rebuild Free Set                   54 us
[2026-04-03T06:50:59.117+0600][83.255s][info][gc,stats    ] Concurrent Thread Roots            1446 us, parallelism: 2.37x
[2026-04-03T06:50:59.117+0600][83.255s][info][gc,stats    ]   CTR: <total>                     3426 us
[2026-04-03T06:50:59.117+0600][83.255s][info][gc,stats    ]   CTR: Thread Roots                3426 us, workers (us): 1159, 1146, 1121, ---, ---, ---, 
[2026-04-03T06:50:59.117+0600][83.255s][info][gc,stats    ] Concurrent Weak References         1289 us, parallelism: 1.03x
[2026-04-03T06:50:59.117+0600][83.255s][info][gc,stats    ]   CWRF: <total>                    1332 us
[2026-04-03T06:50:59.117+0600][83.255s][info][gc,stats    ]   CWRF: Weak References            1332 us, workers (us): 266, 252, 814, ---, ---, ---, 
[2026-04-03T06:50:59.117+0600][83.255s][info][gc,stats    ] Concurrent Weak Roots              6998 us
[2026-04-03T06:50:59.117+0600][83.255s][info][gc,stats    ]   Roots                            6334 us, parallelism: 2.75x
[2026-04-03T06:50:59.117+0600][83.255s][info][gc,stats    ]     CWR: <total>                  17407 us
[2026-04-03T06:50:59.117+0600][83.255s][info][gc,stats    ]     CWR: Code Cache Roots         13043 us, workers (us): 4408, 4291, 4344, ---, ---, ---, 
[2026-04-03T06:50:59.117+0600][83.255s][info][gc,stats    ]     CWR: VM Weak Roots             4217 us, workers (us): 1419, 1419, 1380, ---, ---, ---, 
[2026-04-03T06:50:59.117+0600][83.255s][info][gc,stats    ]     CWR: CLDG Roots                 146 us, workers (us): ---, ---, 146, ---, ---, ---, 
[2026-04-03T06:50:59.117+0600][83.255s][info][gc,stats    ]   Rendezvous                        439 us
[2026-04-03T06:50:59.117+0600][83.255s][info][gc,stats    ] Concurrent Cleanup                  603 us
[2026-04-03T06:50:59.117+0600][83.255s][info][gc,stats    ] Concurrent Class Unloading        55921 us
[2026-04-03T06:50:59.117+0600][83.255s][info][gc,stats    ]   Unlink Stale                    48569 us
[2026-04-03T06:50:59.117+0600][83.255s][info][gc,stats    ]     System Dictionary               648 us
[2026-04-03T06:50:59.117+0600][83.255s][info][gc,stats    ]     Weak Class Links              28947 us
[2026-04-03T06:50:59.117+0600][83.255s][info][gc,stats    ]     Code Roots                    18968 us
[2026-04-03T06:50:59.117+0600][83.255s][info][gc,stats    ]   Rendezvous                       4194 us
[2026-04-03T06:50:59.117+0600][83.255s][info][gc,stats    ]   Purge Unlinked                   2884 us
[2026-04-03T06:50:59.117+0600][83.255s][info][gc,stats    ]     Code Roots                     2819 us
[2026-04-03T06:50:59.117+0600][83.255s][info][gc,stats    ]     CLDG                             64 us
[2026-04-03T06:50:59.117+0600][83.255s][info][gc,stats    ]     Exception Caches                  0 us
[2026-04-03T06:50:59.118+0600][83.255s][info][gc,stats    ] Concurrent Strong Roots            2631 us, parallelism: 0.77x
[2026-04-03T06:50:59.118+0600][83.255s][info][gc,stats    ]   CSR: <total>                     2037 us
[2026-04-03T06:50:59.118+0600][83.255s][info][gc,stats    ]   CSR: VM Strong Roots               88 us, workers (us):  38,  33,  17, ---, ---, ---, 
[2026-04-03T06:50:59.118+0600][83.255s][info][gc,stats    ]   CSR: CLDG Roots                  1949 us, workers (us): ---, 1949, ---, ---, ---, ---, 
[2026-04-03T06:50:59.118+0600][83.255s][info][gc,stats    ] Concurrent Evacuation             14559 us
[2026-04-03T06:50:59.118+0600][83.255s][info][gc,stats    ] Pause Init Update Refs (G)          601 us
[2026-04-03T06:50:59.118+0600][83.255s][info][gc,stats    ] Pause Init Update Refs (N)          328 us
[2026-04-03T06:50:59.118+0600][83.255s][info][gc,stats    ]   Manage GCLABs                      60 us
[2026-04-03T06:50:59.118+0600][83.255s][info][gc,stats    ] Concurrent Update Refs            58589 us
[2026-04-03T06:50:59.118+0600][83.255s][info][gc,stats    ] Concurrent Update Thread Roots     1709 us
[2026-04-03T06:50:59.118+0600][83.255s][info][gc,stats    ] Pause Final Update Refs (G)        1640 us
[2026-04-03T06:50:59.118+0600][83.255s][info][gc,stats    ] Pause Final Update Refs (N)         465 us
[2026-04-03T06:50:59.118+0600][83.255s][info][gc,stats    ]   Update Region States               99 us
[2026-04-03T06:50:59.118+0600][83.255s][info][gc,stats    ]   Trash Collection Set               19 us
[2026-04-03T06:50:59.118+0600][83.255s][info][gc,stats    ]   Rebuild Free Set                   77 us
[2026-04-03T06:50:59.118+0600][83.255s][info][gc,stats    ] Concurrent Cleanup                 1022 us
[2026-04-03T06:50:59.118+0600][83.255s][info][gc,stats    ] Pacing                            66685 us
[2026-04-03T06:50:59.118+0600][83.255s][info][gc,stats    ] 
[2026-04-03T06:50:59.118+0600][83.255s][info][gc,stats    ] Allocation pacing accrued:
[2026-04-03T06:50:59.118+0600][83.255s][info][gc,stats    ]      33 of   949 ms (  3.5%): dispatcher-event-loop-2
[2026-04-03T06:50:59.118+0600][83.255s][info][gc,stats    ]      11 of   949 ms (  1.2%): dag-scheduler-event-loop
[2026-04-03T06:50:59.118+0600][83.255s][info][gc,stats    ]      11 of   949 ms (  1.2%): Executor task launch worker for task 1.0 in stage 3134.0 (TID 5698)
[2026-04-03T06:50:59.118+0600][83.255s][info][gc,stats    ]      11 of   949 ms (  1.2%): task-result-getter-3
[2026-04-03T06:50:59.118+0600][83.255s][info][gc,stats    ]      67 of   949 ms (  7.0%): <total>
[2026-04-03T06:50:59.118+0600][83.256s][info][gc,stats    ]       0 of   949 ms (  0.0%): <average total>
[2026-04-03T06:50:59.118+0600][83.256s][info][gc,stats    ]      17 of   949 ms (  1.8%): <average non-zero>
[2026-04-03T06:50:59.118+0600][83.256s][info][gc,stats    ] 
[2026-04-03T06:50:59.118+0600][83.256s][info][gc,metaspace] Metaspace: 131098K(132864K)->131176K(132864K) NonClass: 114687K(115712K)->114751K(115712K) Class: 16410K(17152K)->16424K(17152K)
[2026-04-03T06:50:59.118+0600][83.256s][info][gc,ergo     ] Pacer for Idle. Initial: 80302K, Alloc Tax Rate: 1.0x
[2026-04-03T06:51:00.054+0600][84.191s][info][gc          ] Trigger: Learning 3 of 5. Free (2744M) is below initial threshold (2744M)
[2026-04-03T06:51:00.054+0600][84.192s][info][gc,ergo     ] Free: 2744M, Max: 1024K regular, 1769M humongous, Frag: 36% external, 0% internal; Reserve: 197M, Max: 1024K
[2026-04-03T06:51:00.054+0600][84.192s][info][gc,start    ] GC(31) Concurrent reset
[2026-04-03T06:51:00.054+0600][84.192s][info][gc,task     ] GC(31) Using 3 of 6 workers for concurrent reset
[2026-04-03T06:51:00.054+0600][84.192s][info][gc,ergo     ] GC(31) Pacer for Reset. Non-Taxable: 3921M
[2026-04-03T06:51:00.061+0600][84.199s][info][gc          ] GC(31) Concurrent reset 7.223ms
[2026-04-03T06:51:00.062+0600][84.200s][info][gc,start    ] GC(31) Pause Init Mark (unload classes)
[2026-04-03T06:51:00.062+0600][84.200s][info][gc,task     ] GC(31) Using 6 of 6 workers for init marking
[2026-04-03T06:51:00.062+0600][84.200s][info][gc,ergo     ] GC(31) Pacer for Mark. Expected Live: 95456K, Free: 2741M, Non-Taxable: 274M, Alloc Tax Rate: 0.0x
[2026-04-03T06:51:00.062+0600][84.200s][info][gc          ] GC(31) Pause Init Mark (unload classes) 0.247ms
[2026-04-03T06:51:00.063+0600][84.200s][info][gc,start    ] GC(31) Concurrent marking roots
[2026-04-03T06:51:00.063+0600][84.200s][info][gc,task     ] GC(31) Using 3 of 6 workers for concurrent marking roots
[2026-04-03T06:51:00.065+0600][84.203s][info][gc          ] GC(31) Concurrent marking roots 2.938ms
[2026-04-03T06:51:00.066+0600][84.203s][info][gc,start    ] GC(31) Concurrent marking (unload classes)
[2026-04-03T06:51:00.066+0600][84.203s][info][gc,task     ] GC(31) Using 3 of 6 workers for concurrent marking
[2026-04-03T06:51:00.153+0600][84.290s][info][gc          ] GC(31) Concurrent marking (unload classes) 87.109ms
[2026-04-03T06:51:00.153+0600][84.291s][info][gc,start    ] GC(31) Pause Final Mark (unload classes)
[2026-04-03T06:51:00.153+0600][84.291s][info][gc,task     ] GC(31) Using 6 of 6 workers for final marking
[2026-04-03T06:51:00.154+0600][84.291s][info][gc,ergo     ] GC(31) Adaptive CSet Selection. Target Free: 555M, Actual Free: 3283M, Max CSet: 163M, Min Garbage: 0B
[2026-04-03T06:51:00.154+0600][84.291s][info][gc,ergo     ] GC(31) Collectable Garbage: 740M (98%), Immediate: 417M (55%), CSet: 323M (43%)
[2026-04-03T06:51:00.154+0600][84.292s][info][gc,ergo     ] GC(31) Pacer for Evacuation. Used CSet: 331M, Free: 3227M, Non-Taxable: 322M, Alloc Tax Rate: 1.1x
[2026-04-03T06:51:00.154+0600][84.292s][info][gc          ] GC(31) Pause Final Mark (unload classes) 1.064ms
[2026-04-03T06:51:00.154+0600][84.292s][info][gc,start    ] GC(31) Concurrent thread roots
[2026-04-03T06:51:00.154+0600][84.292s][info][gc,task     ] GC(31) Using 3 of 6 workers for Concurrent thread roots
[2026-04-03T06:51:00.156+0600][84.293s][info][gc          ] GC(31) Concurrent thread roots 1.516ms
[2026-04-03T06:51:00.156+0600][84.293s][info][gc,start    ] GC(31) Concurrent weak references
[2026-04-03T06:51:00.156+0600][84.293s][info][gc,task     ] GC(31) Using 3 of 6 workers for concurrent weak references
[2026-04-03T06:51:00.157+0600][84.294s][info][gc,ref      ] GC(31) Encountered references: Soft: 3711, Weak: 15746, Final: 84, Phantom: 621
[2026-04-03T06:51:00.157+0600][84.294s][info][gc,ref      ] GC(31) Discovered  references: Soft: 0, Weak: 9514, Final: 0, Phantom: 596
[2026-04-03T06:51:00.157+0600][84.294s][info][gc,ref      ] GC(31) Enqueued    references: Soft: 0, Weak: 429, Final: 0, Phantom: 0
[2026-04-03T06:51:00.157+0600][84.294s][info][gc          ] GC(31) Concurrent weak references 1.140ms
[2026-04-03T06:51:00.157+0600][84.294s][info][gc,start    ] GC(31) Concurrent weak roots
[2026-04-03T06:51:00.157+0600][84.294s][info][gc,task     ] GC(31) Using 3 of 6 workers for concurrent weak root
[2026-04-03T06:51:00.164+0600][84.301s][info][gc          ] GC(31) Concurrent weak roots 6.986ms
[2026-04-03T06:51:00.164+0600][84.302s][info][gc,start    ] GC(31) Concurrent cleanup
[2026-04-03T06:51:00.165+0600][84.302s][info][gc          ] GC(31) Concurrent cleanup 902M->485M(1076M) 0.570ms
[2026-04-03T06:51:00.165+0600][84.302s][info][gc,ergo     ] GC(31) Free: 3221M, Max: 1024K regular, 1756M humongous, Frag: 46% external, 0% internal; Reserve: 196M, Max: 1024K
[2026-04-03T06:51:00.165+0600][84.302s][info][gc,start    ] GC(31) Concurrent class unloading
[2026-04-03T06:51:00.165+0600][84.302s][info][gc,task     ] GC(31) Using 3 of 6 workers for concurrent class unloading
[2026-04-03T06:51:00.233+0600][84.371s][info][gc          ] GC(31) Concurrent class unloading 68.524ms
[2026-04-03T06:51:00.233+0600][84.371s][info][gc,start    ] GC(31) Concurrent strong roots
[2026-04-03T06:51:00.233+0600][84.371s][info][gc,task     ] GC(31) Using 3 of 6 workers for concurrent strong root
[2026-04-03T06:51:00.235+0600][84.373s][info][gc          ] GC(31) Concurrent strong roots 1.935ms
[2026-04-03T06:51:00.235+0600][84.373s][info][gc,start    ] GC(31) Concurrent evacuation
[2026-04-03T06:51:00.235+0600][84.373s][info][gc,task     ] GC(31) Using 3 of 6 workers for concurrent evacuation
[2026-04-03T06:51:00.241+0600][84.379s][info][gc          ] GC(31) Concurrent evacuation 5.872ms
[2026-04-03T06:51:00.242+0600][84.379s][info][gc,start    ] GC(31) Pause Init Update Refs
[2026-04-03T06:51:00.242+0600][84.379s][info][gc,ergo     ] GC(31) Pacer for Update Refs. Used: 542M, Free: 3165M, Non-Taxable: 316M, Alloc Tax Rate: 1.1x
[2026-04-03T06:51:00.242+0600][84.379s][info][gc          ] GC(31) Pause Init Update Refs 0.182ms
[2026-04-03T06:51:00.242+0600][84.379s][info][gc,start    ] GC(31) Concurrent update references
[2026-04-03T06:51:00.242+0600][84.379s][info][gc,task     ] GC(31) Using 3 of 6 workers for concurrent reference update
[2026-04-03T06:51:00.295+0600][84.432s][info][gc          ] GC(31) Concurrent update references 52.812ms
[2026-04-03T06:51:00.295+0600][84.432s][info][gc,start    ] GC(31) Concurrent update thread roots
[2026-04-03T06:51:00.297+0600][84.434s][info][gc          ] GC(31) Concurrent update thread roots 2.005ms
[2026-04-03T06:51:00.297+0600][84.435s][info][gc,start    ] GC(31) Pause Final Update Refs
[2026-04-03T06:51:00.297+0600][84.435s][info][gc,task     ] GC(31) Using 6 of 6 workers for final reference update
[2026-04-03T06:51:00.297+0600][84.435s][info][gc          ] GC(31) Pause Final Update Refs 0.275ms
[2026-04-03T06:51:00.297+0600][84.435s][info][gc,start    ] GC(31) Concurrent cleanup
[2026-04-03T06:51:00.298+0600][84.435s][info][gc          ] GC(31) Concurrent cleanup 573M->241M(1078M) 0.349ms
[2026-04-03T06:51:00.298+0600][84.435s][info][gc,ergo     ] Free: 3446M, Max: 1024K regular, 1756M humongous, Frag: 49% external, 0% internal; Reserve: 197M, Max: 1024K
[2026-04-03T06:51:00.298+0600][84.436s][info][gc,stats    ] 
[2026-04-03T06:51:00.298+0600][84.436s][info][gc,stats    ] All times are wall-clock times, except per-root-class counters, that are sum over
[2026-04-03T06:51:00.298+0600][84.436s][info][gc,stats    ] all workers. Dividing the <total> over the root stage time estimates parallelism.
[2026-04-03T06:51:00.298+0600][84.436s][info][gc,stats    ] 
[2026-04-03T06:51:00.298+0600][84.436s][info][gc,stats    ] Concurrent Reset                   7397 us
[2026-04-03T06:51:00.298+0600][84.436s][info][gc,stats    ] Pause Init Mark (G)                 936 us
[2026-04-03T06:51:00.298+0600][84.436s][info][gc,stats    ] Pause Init Mark (N)                 262 us
[2026-04-03T06:51:00.298+0600][84.436s][info][gc,stats    ]   Update Region States               93 us
[2026-04-03T06:51:00.298+0600][84.436s][info][gc,stats    ] Concurrent Mark Roots              3068 us, parallelism: 1.62x
[2026-04-03T06:51:00.298+0600][84.436s][info][gc,stats    ]   CMR: <total>                     4976 us
[2026-04-03T06:51:00.298+0600][84.436s][info][gc,stats    ]   CMR: Thread Roots                4405 us, workers (us): 1956, 2449,   0, ---, ---, ---, 
[2026-04-03T06:51:00.298+0600][84.436s][info][gc,stats    ]   CMR: VM Strong Roots               72 us, workers (us):  40,  30,   2, ---, ---, ---, 
[2026-04-03T06:51:00.298+0600][84.436s][info][gc,stats    ]   CMR: CLDG Roots                   499 us, workers (us): 499, ---, ---, ---, ---, ---, 
[2026-04-03T06:51:00.298+0600][84.436s][info][gc,stats    ] Concurrent Marking                87230 us
[2026-04-03T06:51:00.298+0600][84.436s][info][gc,stats    ] Pause Final Mark (G)               1344 us
[2026-04-03T06:51:00.298+0600][84.436s][info][gc,stats    ] Pause Final Mark (N)               1081 us
[2026-04-03T06:51:00.298+0600][84.436s][info][gc,stats    ]   Finish Mark                       343 us
[2026-04-03T06:51:00.298+0600][84.436s][info][gc,stats    ]   Update Region States               84 us
[2026-04-03T06:51:00.298+0600][84.436s][info][gc,stats    ]   Choose Collection Set             303 us
[2026-04-03T06:51:00.298+0600][84.436s][info][gc,stats    ]   Rebuild Free Set                   75 us
[2026-04-03T06:51:00.298+0600][84.436s][info][gc,stats    ] Concurrent Thread Roots            1572 us, parallelism: 2.45x
[2026-04-03T06:51:00.298+0600][84.436s][info][gc,stats    ]   CTR: <total>                     3849 us
[2026-04-03T06:51:00.298+0600][84.436s][info][gc,stats    ]   CTR: Thread Roots                3849 us, workers (us): 1328, 1279, 1242, ---, ---, ---, 
[2026-04-03T06:51:00.298+0600][84.436s][info][gc,stats    ] Concurrent Weak References         1151 us, parallelism: 1.54x
[2026-04-03T06:51:00.298+0600][84.436s][info][gc,stats    ]   CWRF: <total>                    1767 us
[2026-04-03T06:51:00.298+0600][84.436s][info][gc,stats    ]   CWRF: Weak References            1767 us, workers (us): 947,  20, 801, ---, ---, ---, 
[2026-04-03T06:51:00.298+0600][84.436s][info][gc,stats    ] Concurrent Weak Roots              7101 us
[2026-04-03T06:51:00.298+0600][84.436s][info][gc,stats    ]   Roots                            6556 us, parallelism: 2.77x
[2026-04-03T06:51:00.298+0600][84.436s][info][gc,stats    ]     CWR: <total>                  18177 us
[2026-04-03T06:51:00.298+0600][84.436s][info][gc,stats    ]     CWR: Code Cache Roots         14512 us, workers (us): 4600, 4978, 4933, ---, ---, ---, 
[2026-04-03T06:51:00.299+0600][84.436s][info][gc,stats    ]     CWR: VM Weak Roots             3511 us, workers (us): 1171, 1178, 1163, ---, ---, ---, 
[2026-04-03T06:51:00.299+0600][84.436s][info][gc,stats    ]     CWR: CLDG Roots                 154 us, workers (us): 154, ---, ---, ---, ---, ---, 
[2026-04-03T06:51:00.299+0600][84.436s][info][gc,stats    ]   Rendezvous                        401 us
[2026-04-03T06:51:00.299+0600][84.436s][info][gc,stats    ] Concurrent Cleanup                  632 us
[2026-04-03T06:51:00.299+0600][84.436s][info][gc,stats    ] Concurrent Class Unloading        68661 us
[2026-04-03T06:51:00.299+0600][84.436s][info][gc,stats    ]   Unlink Stale                    59774 us
[2026-04-03T06:51:00.299+0600][84.436s][info][gc,stats    ]     System Dictionary               955 us
[2026-04-03T06:51:00.299+0600][84.436s][info][gc,stats    ]     Weak Class Links              33449 us
[2026-04-03T06:51:00.299+0600][84.436s][info][gc,stats    ]     Code Roots                    25362 us
[2026-04-03T06:51:00.299+0600][84.436s][info][gc,stats    ]   Rendezvous                       3700 us
[2026-04-03T06:51:00.299+0600][84.436s][info][gc,stats    ]   Purge Unlinked                   4990 us
[2026-04-03T06:51:00.299+0600][84.436s][info][gc,stats    ]     Code Roots                     4877 us
[2026-04-03T06:51:00.299+0600][84.436s][info][gc,stats    ]     CLDG                            110 us
[2026-04-03T06:51:00.299+0600][84.436s][info][gc,stats    ]     Exception Caches                  1 us
[2026-04-03T06:51:00.299+0600][84.436s][info][gc,stats    ] Concurrent Strong Roots            1992 us, parallelism: 0.78x
[2026-04-03T06:51:00.299+0600][84.436s][info][gc,stats    ]   CSR: <total>                     1563 us
[2026-04-03T06:51:00.299+0600][84.436s][info][gc,stats    ]   CSR: VM Strong Roots               89 us, workers (us):  41,  27,  21, ---, ---, ---, 
[2026-04-03T06:51:00.299+0600][84.436s][info][gc,stats    ]   CSR: CLDG Roots                  1474 us, workers (us): 1474, ---, ---, ---, ---, ---, 
[2026-04-03T06:51:00.299+0600][84.436s][info][gc,stats    ] Concurrent Evacuation              5936 us
[2026-04-03T06:51:00.299+0600][84.436s][info][gc,stats    ] Pause Init Update Refs (G)          504 us
[2026-04-03T06:51:00.299+0600][84.436s][info][gc,stats    ] Pause Init Update Refs (N)          200 us
[2026-04-03T06:51:00.299+0600][84.436s][info][gc,stats    ]   Manage GCLABs                      43 us
[2026-04-03T06:51:00.299+0600][84.436s][info][gc,stats    ] Concurrent Update Refs            52902 us
[2026-04-03T06:51:00.299+0600][84.436s][info][gc,stats    ] Concurrent Update Thread Roots     2128 us
[2026-04-03T06:51:00.299+0600][84.436s][info][gc,stats    ] Pause Final Update Refs (G)         544 us
[2026-04-03T06:51:00.299+0600][84.436s][info][gc,stats    ] Pause Final Update Refs (N)         314 us
[2026-04-03T06:51:00.299+0600][84.436s][info][gc,stats    ]   Update Region States              105 us
[2026-04-03T06:51:00.299+0600][84.436s][info][gc,stats    ]   Trash Collection Set               23 us
[2026-04-03T06:51:00.299+0600][84.436s][info][gc,stats    ]   Rebuild Free Set                   58 us
[2026-04-03T06:51:00.299+0600][84.436s][info][gc,stats    ] Concurrent Cleanup                  384 us
[2026-04-03T06:51:00.299+0600][84.436s][info][gc,stats    ] 
[2026-04-03T06:51:00.299+0600][84.436s][info][gc,stats    ] Allocation pacing accrued:
[2026-04-03T06:51:00.299+0600][84.437s][info][gc,stats    ]       0 of  1181 ms (  0.0%): <total>
[2026-04-03T06:51:00.299+0600][84.437s][info][gc,stats    ]       0 of  1181 ms (  0.0%): <average total>
[2026-04-03T06:51:00.299+0600][84.437s][info][gc,stats    ] 
[2026-04-03T06:51:00.299+0600][84.437s][info][gc,metaspace] Metaspace: 131293K(132864K)->131296K(132864K) NonClass: 114851K(115712K)->114854K(115712K) Class: 16442K(17152K)->16442K(17152K)
[2026-04-03T06:51:00.299+0600][84.437s][info][gc,ergo     ] Pacer for Idle. Initial: 80302K, Alloc Tax Rate: 1.0x
[2026-04-03T06:51:01.196+0600][85.333s][info][gc          ] Trigger: Learning 4 of 5. Free (2744M) is below initial threshold (2744M)
[2026-04-03T06:51:01.196+0600][85.334s][info][gc,ergo     ] Free: 2744M, Max: 1024K regular, 1756M humongous, Frag: 36% external, 0% internal; Reserve: 197M, Max: 1024K
[2026-04-03T06:51:01.196+0600][85.334s][info][gc,start    ] GC(32) Concurrent reset
[2026-04-03T06:51:01.196+0600][85.334s][info][gc,task     ] GC(32) Using 3 of 6 workers for concurrent reset
[2026-04-03T06:51:01.196+0600][85.334s][info][gc,ergo     ] GC(32) Pacer for Reset. Non-Taxable: 3921M
[2026-04-03T06:51:01.205+0600][85.342s][info][gc          ] GC(32) Concurrent reset 8.667ms
[2026-04-03T06:51:01.205+0600][85.343s][info][gc,start    ] GC(32) Pause Init Mark (unload classes)
[2026-04-03T06:51:01.205+0600][85.343s][info][gc,task     ] GC(32) Using 6 of 6 workers for init marking
[2026-04-03T06:51:01.205+0600][85.343s][info][gc,ergo     ] GC(32) Pacer for Mark. Expected Live: 95141K, Free: 2738M, Non-Taxable: 273M, Alloc Tax Rate: 0.0x
[2026-04-03T06:51:01.205+0600][85.343s][info][gc          ] GC(32) Pause Init Mark (unload classes) 0.218ms
[2026-04-03T06:51:01.205+0600][85.343s][info][gc,start    ] GC(32) Concurrent marking roots
[2026-04-03T06:51:01.206+0600][85.343s][info][gc,task     ] GC(32) Using 3 of 6 workers for concurrent marking roots
[2026-04-03T06:51:01.208+0600][85.346s][info][gc          ] GC(32) Concurrent marking roots 2.666ms
[2026-04-03T06:51:01.208+0600][85.346s][info][gc,start    ] GC(32) Concurrent marking (unload classes)
[2026-04-03T06:51:01.208+0600][85.346s][info][gc,task     ] GC(32) Using 3 of 6 workers for concurrent marking
[2026-04-03T06:51:01.278+0600][85.416s][info][gc          ] GC(32) Concurrent marking (unload classes) 70.059ms
[2026-04-03T06:51:01.279+0600][85.416s][info][gc,start    ] GC(32) Pause Final Mark (unload classes)
[2026-04-03T06:51:01.279+0600][85.416s][info][gc,task     ] GC(32) Using 6 of 6 workers for final marking
[2026-04-03T06:51:01.279+0600][85.417s][info][gc,ergo     ] GC(32) Adaptive CSet Selection. Target Free: 555M, Actual Free: 3324M, Max CSet: 163M, Min Garbage: 0B
[2026-04-03T06:51:01.279+0600][85.417s][info][gc,ergo     ] GC(32) Collectable Garbage: 744M (98%), Immediate: 469M (62%), CSet: 275M (36%)
[2026-04-03T06:51:01.279+0600][85.417s][info][gc,ergo     ] GC(32) Pacer for Evacuation. Used CSet: 281M, Free: 3268M, Non-Taxable: 326M, Alloc Tax Rate: 1.1x
[2026-04-03T06:51:01.279+0600][85.417s][info][gc          ] GC(32) Pause Final Mark (unload classes) 0.808ms
[2026-04-03T06:51:01.280+0600][85.417s][info][gc,start    ] GC(32) Concurrent thread roots
[2026-04-03T06:51:01.280+0600][85.417s][info][gc,task     ] GC(32) Using 3 of 6 workers for Concurrent thread roots
[2026-04-03T06:51:01.281+0600][85.418s][info][gc          ] GC(32) Concurrent thread roots 1.277ms
[2026-04-03T06:51:01.281+0600][85.418s][info][gc,start    ] GC(32) Concurrent weak references
[2026-04-03T06:51:01.281+0600][85.418s][info][gc,task     ] GC(32) Using 3 of 6 workers for concurrent weak references
[2026-04-03T06:51:01.282+0600][85.419s][info][gc,ref      ] GC(32) Encountered references: Soft: 3729, Weak: 16481, Final: 84, Phantom: 621
[2026-04-03T06:51:01.282+0600][85.419s][info][gc,ref      ] GC(32) Discovered  references: Soft: 0, Weak: 10369, Final: 52, Phantom: 578
[2026-04-03T06:51:01.282+0600][85.420s][info][gc,ref      ] GC(32) Enqueued    references: Soft: 0, Weak: 1631, Final: 0, Phantom: 0
[2026-04-03T06:51:01.282+0600][85.420s][info][gc          ] GC(32) Concurrent weak references 1.166ms
[2026-04-03T06:51:01.282+0600][85.420s][info][gc,start    ] GC(32) Concurrent weak roots
[2026-04-03T06:51:01.282+0600][85.420s][info][gc,task     ] GC(32) Using 3 of 6 workers for concurrent weak root
[2026-04-03T06:51:01.288+0600][85.426s][info][gc          ] GC(32) Concurrent weak roots 6.356ms
[2026-04-03T06:51:01.288+0600][85.426s][info][gc,start    ] GC(32) Concurrent cleanup
[2026-04-03T06:51:01.290+0600][85.427s][info][gc          ] GC(32) Concurrent cleanup 912M->443M(1086M) 1.000ms
[2026-04-03T06:51:01.290+0600][85.427s][info][gc,ergo     ] GC(32) Free: 3263M, Max: 1024K regular, 1748M humongous, Frag: 47% external, 0% internal; Reserve: 196M, Max: 1024K
[2026-04-03T06:51:01.290+0600][85.427s][info][gc,start    ] GC(32) Concurrent class unloading
[2026-04-03T06:51:01.290+0600][85.427s][info][gc,task     ] GC(32) Using 3 of 6 workers for concurrent class unloading
[2026-04-03T06:51:01.313+0600][85.451s][info][gc          ] GC(32) Concurrent class unloading 23.703ms
[2026-04-03T06:51:01.313+0600][85.451s][info][gc,start    ] GC(32) Concurrent strong roots
[2026-04-03T06:51:01.313+0600][85.451s][info][gc,task     ] GC(32) Using 3 of 6 workers for concurrent strong root
[2026-04-03T06:51:01.316+0600][85.454s][info][gc          ] GC(32) Concurrent strong roots 2.534ms
[2026-04-03T06:51:01.316+0600][85.454s][info][gc,start    ] GC(32) Concurrent evacuation
[2026-04-03T06:51:01.316+0600][85.454s][info][gc,task     ] GC(32) Using 3 of 6 workers for concurrent evacuation
[2026-04-03T06:51:01.324+0600][85.462s][info][gc          ] GC(32) Concurrent evacuation 8.263ms
[2026-04-03T06:51:01.325+0600][85.462s][info][gc,start    ] GC(32) Pause Init Update Refs
[2026-04-03T06:51:01.325+0600][85.462s][info][gc,ergo     ] GC(32) Pacer for Update Refs. Used: 467M, Free: 3245M, Non-Taxable: 324M, Alloc Tax Rate: 1.1x
[2026-04-03T06:51:01.325+0600][85.463s][info][gc          ] GC(32) Pause Init Update Refs 0.214ms
[2026-04-03T06:51:01.325+0600][85.463s][info][gc,start    ] GC(32) Concurrent update references
[2026-04-03T06:51:01.325+0600][85.463s][info][gc,task     ] GC(32) Using 3 of 6 workers for concurrent reference update
[2026-04-03T06:51:01.385+0600][85.522s][info][gc          ] GC(32) Concurrent update references 59.802ms
[2026-04-03T06:51:01.385+0600][85.523s][info][gc,start    ] GC(32) Concurrent update thread roots
[2026-04-03T06:51:01.387+0600][85.525s][info][gc          ] GC(32) Concurrent update thread roots 1.933ms
[2026-04-03T06:51:01.387+0600][85.525s][info][gc,start    ] GC(32) Pause Final Update Refs
[2026-04-03T06:51:01.387+0600][85.525s][info][gc,task     ] GC(32) Using 6 of 6 workers for final reference update
[2026-04-03T06:51:01.387+0600][85.525s][info][gc          ] GC(32) Pause Final Update Refs 0.249ms
[2026-04-03T06:51:01.388+0600][85.525s][info][gc,start    ] GC(32) Concurrent cleanup
[2026-04-03T06:51:01.389+0600][85.526s][info][gc          ] GC(32) Concurrent cleanup 510M->229M(1086M) 0.918ms
[2026-04-03T06:51:01.389+0600][85.526s][info][gc,ergo     ] Free: 3465M, Max: 1024K regular, 1748M humongous, Frag: 50% external, 0% internal; Reserve: 197M, Max: 1024K
[2026-04-03T06:51:01.389+0600][85.526s][info][gc,stats    ] 
[2026-04-03T06:51:01.389+0600][85.526s][info][gc,stats    ] All times are wall-clock times, except per-root-class counters, that are sum over
[2026-04-03T06:51:01.389+0600][85.526s][info][gc,stats    ] all workers. Dividing the <total> over the root stage time estimates parallelism.
[2026-04-03T06:51:01.389+0600][85.526s][info][gc,stats    ] 
[2026-04-03T06:51:01.389+0600][85.526s][info][gc,stats    ] Concurrent Reset                   8755 us
[2026-04-03T06:51:01.389+0600][85.526s][info][gc,stats    ] Pause Init Mark (G)                 666 us
[2026-04-03T06:51:01.389+0600][85.526s][info][gc,stats    ] Pause Init Mark (N)                 231 us
[2026-04-03T06:51:01.389+0600][85.526s][info][gc,stats    ]   Update Region States               52 us
[2026-04-03T06:51:01.389+0600][85.526s][info][gc,stats    ] Concurrent Mark Roots              2758 us, parallelism: 1.93x
[2026-04-03T06:51:01.389+0600][85.526s][info][gc,stats    ]   CMR: <total>                     5325 us
[2026-04-03T06:51:01.389+0600][85.526s][info][gc,stats    ]   CMR: Thread Roots                4777 us, workers (us): 1291, 1679, 1807, ---, ---, ---, 
[2026-04-03T06:51:01.389+0600][85.526s][info][gc,stats    ]   CMR: VM Strong Roots              116 us, workers (us):  31,  65,  20, ---, ---, ---, 
[2026-04-03T06:51:01.389+0600][85.526s][info][gc,stats    ]   CMR: CLDG Roots                   432 us, workers (us): 432, ---, ---, ---, ---, ---, 
[2026-04-03T06:51:01.389+0600][85.526s][info][gc,stats    ] Concurrent Marking                70167 us
[2026-04-03T06:51:01.389+0600][85.527s][info][gc,stats    ] Pause Final Mark (G)               1115 us
[2026-04-03T06:51:01.389+0600][85.527s][info][gc,stats    ] Pause Final Mark (N)                824 us
[2026-04-03T06:51:01.389+0600][85.527s][info][gc,stats    ]   Finish Mark                       210 us
[2026-04-03T06:51:01.389+0600][85.527s][info][gc,stats    ]   Update Region States               76 us
[2026-04-03T06:51:01.389+0600][85.527s][info][gc,stats    ]   Choose Collection Set             260 us
[2026-04-03T06:51:01.389+0600][85.527s][info][gc,stats    ]   Rebuild Free Set                   61 us
[2026-04-03T06:51:01.389+0600][85.527s][info][gc,stats    ] Concurrent Thread Roots            1328 us, parallelism: 2.25x
[2026-04-03T06:51:01.389+0600][85.527s][info][gc,stats    ]   CTR: <total>                     2986 us
[2026-04-03T06:51:01.389+0600][85.527s][info][gc,stats    ]   CTR: Thread Roots                2986 us, workers (us): 1024, 987, 975, ---, ---, ---, 
[2026-04-03T06:51:01.389+0600][85.527s][info][gc,stats    ] Concurrent Weak References         1186 us, parallelism: 1.63x
[2026-04-03T06:51:01.389+0600][85.527s][info][gc,stats    ]   CWRF: <total>                    1927 us
[2026-04-03T06:51:01.389+0600][85.527s][info][gc,stats    ]   CWRF: Weak References            1927 us, workers (us): 987, 578, 363, ---, ---, ---, 
[2026-04-03T06:51:01.389+0600][85.527s][info][gc,stats    ] Concurrent Weak Roots              6466 us
[2026-04-03T06:51:01.389+0600][85.527s][info][gc,stats    ]   Roots                            5962 us, parallelism: 2.75x
[2026-04-03T06:51:01.389+0600][85.527s][info][gc,stats    ]     CWR: <total>                  16403 us
[2026-04-03T06:51:01.389+0600][85.527s][info][gc,stats    ]     CWR: Code Cache Roots         12669 us, workers (us): 4368, 4272, 4029, ---, ---, ---, 
[2026-04-03T06:51:01.389+0600][85.527s][info][gc,stats    ]     CWR: VM Weak Roots             3418 us, workers (us): 1158, 1147, 1113, ---, ---, ---, 
[2026-04-03T06:51:01.389+0600][85.527s][info][gc,stats    ]     CWR: CLDG Roots                 316 us, workers (us): ---, ---, 316, ---, ---, ---, 
[2026-04-03T06:51:01.389+0600][85.527s][info][gc,stats    ]   Rendezvous                        348 us
[2026-04-03T06:51:01.389+0600][85.527s][info][gc,stats    ] Concurrent Cleanup                 1046 us
[2026-04-03T06:51:01.389+0600][85.527s][info][gc,stats    ] Concurrent Class Unloading        23832 us
[2026-04-03T06:51:01.389+0600][85.527s][info][gc,stats    ]   Unlink Stale                    20369 us
[2026-04-03T06:51:01.389+0600][85.527s][info][gc,stats    ]     System Dictionary               303 us
[2026-04-03T06:51:01.389+0600][85.527s][info][gc,stats    ]     Weak Class Links                  1 us
[2026-04-03T06:51:01.389+0600][85.527s][info][gc,stats    ]     Code Roots                    20009 us
[2026-04-03T06:51:01.389+0600][85.527s][info][gc,stats    ]   Rendezvous                        486 us
[2026-04-03T06:51:01.389+0600][85.527s][info][gc,stats    ]   Purge Unlinked                   2811 us
[2026-04-03T06:51:01.389+0600][85.527s][info][gc,stats    ]     Code Roots                     2797 us
[2026-04-03T06:51:01.389+0600][85.527s][info][gc,stats    ]     CLDG                             12 us
[2026-04-03T06:51:01.389+0600][85.527s][info][gc,stats    ]     Exception Caches                  1 us
[2026-04-03T06:51:01.390+0600][85.527s][info][gc,stats    ] Concurrent Strong Roots            2649 us, parallelism: 0.58x
[2026-04-03T06:51:01.390+0600][85.527s][info][gc,stats    ]   CSR: <total>                     1532 us
[2026-04-03T06:51:01.390+0600][85.527s][info][gc,stats    ]   CSR: VM Strong Roots              122 us, workers (us):  74,  31,  18, ---, ---, ---, 
[2026-04-03T06:51:01.390+0600][85.527s][info][gc,stats    ]   CSR: CLDG Roots                  1410 us, workers (us): ---, 1410, ---, ---, ---, ---, 
[2026-04-03T06:51:01.390+0600][85.527s][info][gc,stats    ] Concurrent Evacuation              8393 us
[2026-04-03T06:51:01.390+0600][85.527s][info][gc,stats    ] Pause Init Update Refs (G)          633 us
[2026-04-03T06:51:01.390+0600][85.527s][info][gc,stats    ] Pause Init Update Refs (N)          229 us
[2026-04-03T06:51:01.390+0600][85.527s][info][gc,stats    ]   Manage GCLABs                      48 us
[2026-04-03T06:51:01.390+0600][85.527s][info][gc,stats    ] Concurrent Update Refs            59934 us
[2026-04-03T06:51:01.390+0600][85.527s][info][gc,stats    ] Concurrent Update Thread Roots     2012 us
[2026-04-03T06:51:01.390+0600][85.527s][info][gc,stats    ] Pause Final Update Refs (G)         538 us
[2026-04-03T06:51:01.390+0600][85.527s][info][gc,stats    ] Pause Final Update Refs (N)         273 us
[2026-04-03T06:51:01.390+0600][85.527s][info][gc,stats    ]   Update Region States               75 us
[2026-04-03T06:51:01.390+0600][85.527s][info][gc,stats    ]   Trash Collection Set               16 us
[2026-04-03T06:51:01.390+0600][85.527s][info][gc,stats    ]   Rebuild Free Set                   51 us
[2026-04-03T06:51:01.390+0600][85.527s][info][gc,stats    ] Concurrent Cleanup                  966 us
[2026-04-03T06:51:01.390+0600][85.527s][info][gc,stats    ] 
[2026-04-03T06:51:01.390+0600][85.527s][info][gc,stats    ] Allocation pacing accrued:
[2026-04-03T06:51:01.390+0600][85.527s][info][gc,stats    ]       0 of  1091 ms (  0.0%): <total>
[2026-04-03T06:51:01.390+0600][85.527s][info][gc,stats    ]       0 of  1091 ms (  0.0%): <average total>
[2026-04-03T06:51:01.390+0600][85.527s][info][gc,stats    ] 
[2026-04-03T06:51:01.390+0600][85.527s][info][gc,metaspace] Metaspace: 131358K(132864K)->131364K(132864K) NonClass: 114911K(115712K)->114916K(115712K) Class: 16447K(17152K)->16447K(17152K)
[2026-04-03T06:51:01.390+0600][85.527s][info][gc,ergo     ] Pacer for Idle. Initial: 80302K, Alloc Tax Rate: 1.0x
[2026-04-03T06:51:02.066+0600][86.204s][info][gc          ] Trigger: Learning 5 of 5. Free (2742M) is below initial threshold (2744M)
[2026-04-03T06:51:02.066+0600][86.204s][info][gc,ergo     ] Free: 2742M, Max: 1024K regular, 1748M humongous, Frag: 37% external, 0% internal; Reserve: 197M, Max: 1024K
[2026-04-03T06:51:02.066+0600][86.204s][info][gc,start    ] GC(33) Concurrent reset
[2026-04-03T06:51:02.066+0600][86.204s][info][gc,task     ] GC(33) Using 3 of 6 workers for concurrent reset
[2026-04-03T06:51:02.066+0600][86.204s][info][gc,ergo     ] GC(33) Pacer for Reset. Non-Taxable: 3921M
[2026-04-03T06:51:02.072+0600][86.209s][info][gc          ] GC(33) Concurrent reset 5.500ms
[2026-04-03T06:51:02.072+0600][86.210s][info][gc,start    ] GC(33) Pause Init Mark (unload classes)
[2026-04-03T06:51:02.072+0600][86.210s][info][gc,task     ] GC(33) Using 6 of 6 workers for init marking
[2026-04-03T06:51:02.072+0600][86.210s][info][gc,ergo     ] GC(33) Pacer for Mark. Expected Live: 94785K, Free: 2738M, Non-Taxable: 273M, Alloc Tax Rate: 0.0x
[2026-04-03T06:51:02.072+0600][86.210s][info][gc          ] GC(33) Pause Init Mark (unload classes) 0.191ms
[2026-04-03T06:51:02.072+0600][86.210s][info][gc,start    ] GC(33) Concurrent marking roots
[2026-04-03T06:51:02.072+0600][86.210s][info][gc,task     ] GC(33) Using 3 of 6 workers for concurrent marking roots
[2026-04-03T06:51:02.074+0600][86.211s][info][gc          ] GC(33) Concurrent marking roots 1.402ms
[2026-04-03T06:51:02.074+0600][86.211s][info][gc,start    ] GC(33) Concurrent marking (unload classes)
[2026-04-03T06:51:02.074+0600][86.211s][info][gc,task     ] GC(33) Using 3 of 6 workers for concurrent marking
[2026-04-03T06:51:02.133+0600][86.270s][info][gc          ] GC(33) Concurrent marking (unload classes) 58.999ms
[2026-04-03T06:51:02.133+0600][86.271s][info][gc,start    ] GC(33) Pause Final Mark (unload classes)
[2026-04-03T06:51:02.133+0600][86.271s][info][gc,task     ] GC(33) Using 6 of 6 workers for final marking
[2026-04-03T06:51:02.134+0600][86.271s][info][gc,ergo     ] GC(33) Adaptive CSet Selection. Target Free: 555M, Actual Free: 3394M, Max CSet: 163M, Min Garbage: 0B
[2026-04-03T06:51:02.134+0600][86.271s][info][gc,ergo     ] GC(33) Collectable Garbage: 721M (98%), Immediate: 496M (67%), CSet: 224M (30%)
[2026-04-03T06:51:02.134+0600][86.271s][info][gc,ergo     ] GC(33) Pacer for Evacuation. Used CSet: 230M, Free: 3362M, Non-Taxable: 336M, Alloc Tax Rate: 1.1x
[2026-04-03T06:51:02.134+0600][86.272s][info][gc          ] GC(33) Pause Final Mark (unload classes) 0.865ms
[2026-04-03T06:51:02.134+0600][86.272s][info][gc,start    ] GC(33) Concurrent thread roots
[2026-04-03T06:51:02.134+0600][86.272s][info][gc,task     ] GC(33) Using 3 of 6 workers for Concurrent thread roots
[2026-04-03T06:51:02.136+0600][86.273s][info][gc          ] GC(33) Concurrent thread roots 1.410ms
[2026-04-03T06:51:02.136+0600][86.273s][info][gc,start    ] GC(33) Concurrent weak references
[2026-04-03T06:51:02.136+0600][86.273s][info][gc,task     ] GC(33) Using 3 of 6 workers for concurrent weak references
[2026-04-03T06:51:02.137+0600][86.275s][info][gc,ref      ] GC(33) Encountered references: Soft: 3758, Weak: 16277, Final: 84, Phantom: 621
[2026-04-03T06:51:02.137+0600][86.275s][info][gc,ref      ] GC(33) Discovered  references: Soft: 0, Weak: 9806, Final: 0, Phantom: 579
[2026-04-03T06:51:02.137+0600][86.275s][info][gc,ref      ] GC(33) Enqueued    references: Soft: 0, Weak: 1737, Final: 0, Phantom: 0
[2026-04-03T06:51:02.137+0600][86.275s][info][gc          ] GC(33) Concurrent weak references 1.700ms
[2026-04-03T06:51:02.137+0600][86.275s][info][gc,start    ] GC(33) Concurrent weak roots
[2026-04-03T06:51:02.137+0600][86.275s][info][gc,task     ] GC(33) Using 3 of 6 workers for concurrent weak root
[2026-04-03T06:51:02.145+0600][86.282s][info][gc          ] GC(33) Concurrent weak roots 7.540ms
[2026-04-03T06:51:02.145+0600][86.283s][info][gc,start    ] GC(33) Concurrent cleanup
[2026-04-03T06:51:02.146+0600][86.283s][info][gc          ] GC(33) Concurrent cleanup 863M->367M(1086M) 0.631ms
[2026-04-03T06:51:02.146+0600][86.283s][info][gc,ergo     ] GC(33) Free: 3350M, Max: 1024K regular, 1748M humongous, Frag: 48% external, 0% internal; Reserve: 196M, Max: 1024K
[2026-04-03T06:51:02.146+0600][86.283s][info][gc,start    ] GC(33) Concurrent class unloading
[2026-04-03T06:51:02.146+0600][86.283s][info][gc,task     ] GC(33) Using 3 of 6 workers for concurrent class unloading
[2026-04-03T06:51:02.166+0600][86.304s][info][gc          ] GC(33) Concurrent class unloading 20.351ms
[2026-04-03T06:51:02.166+0600][86.304s][info][gc,start    ] GC(33) Concurrent strong roots
[2026-04-03T06:51:02.166+0600][86.304s][info][gc,task     ] GC(33) Using 3 of 6 workers for concurrent strong root
[2026-04-03T06:51:02.168+0600][86.305s][info][gc          ] GC(33) Concurrent strong roots 1.453ms
[2026-04-03T06:51:02.168+0600][86.305s][info][gc,start    ] GC(33) Concurrent evacuation
[2026-04-03T06:51:02.168+0600][86.305s][info][gc,task     ] GC(33) Using 3 of 6 workers for concurrent evacuation
[2026-04-03T06:51:02.173+0600][86.310s][info][gc          ] GC(33) Concurrent evacuation 4.806ms
[2026-04-03T06:51:02.173+0600][86.311s][info][gc,start    ] GC(33) Pause Init Update Refs
[2026-04-03T06:51:02.173+0600][86.311s][info][gc,ergo     ] GC(33) Pacer for Update Refs. Used: 390M, Free: 3332M, Non-Taxable: 333M, Alloc Tax Rate: 1.1x
[2026-04-03T06:51:02.173+0600][86.311s][info][gc          ] GC(33) Pause Init Update Refs 0.254ms
[2026-04-03T06:51:02.174+0600][86.311s][info][gc,start    ] GC(33) Concurrent update references
[2026-04-03T06:51:02.174+0600][86.311s][info][gc,task     ] GC(33) Using 3 of 6 workers for concurrent reference update
[2026-04-03T06:51:02.225+0600][86.362s][info][gc          ] GC(33) Concurrent update references 51.062ms
[2026-04-03T06:51:02.225+0600][86.362s][info][gc,start    ] GC(33) Concurrent update thread roots
[2026-04-03T06:51:02.226+0600][86.364s][info][gc          ] GC(33) Concurrent update thread roots 1.616ms
[2026-04-03T06:51:02.227+0600][86.364s][info][gc,start    ] GC(33) Pause Final Update Refs
[2026-04-03T06:51:02.227+0600][86.364s][info][gc,task     ] GC(33) Using 6 of 6 workers for final reference update
[2026-04-03T06:51:02.227+0600][86.364s][info][gc          ] GC(33) Pause Final Update Refs 0.224ms
[2026-04-03T06:51:02.227+0600][86.365s][info][gc,start    ] GC(33) Concurrent cleanup
[2026-04-03T06:51:02.228+0600][86.366s][info][gc          ] GC(33) Concurrent cleanup 420M->189M(1086M) 0.812ms
[2026-04-03T06:51:02.228+0600][86.366s][info][gc,ergo     ] Free: 3524M, Max: 1024K regular, 1748M humongous, Frag: 51% external, 0% internal; Reserve: 197M, Max: 1024K
[2026-04-03T06:51:02.228+0600][86.366s][info][gc,stats    ] 
[2026-04-03T06:51:02.228+0600][86.366s][info][gc,stats    ] All times are wall-clock times, except per-root-class counters, that are sum over
[2026-04-03T06:51:02.228+0600][86.366s][info][gc,stats    ] all workers. Dividing the <total> over the root stage time estimates parallelism.
[2026-04-03T06:51:02.228+0600][86.366s][info][gc,stats    ] 
[2026-04-03T06:51:02.228+0600][86.366s][info][gc,stats    ] Concurrent Reset                   5601 us
[2026-04-03T06:51:02.228+0600][86.366s][info][gc,stats    ] Pause Init Mark (G)                 508 us
[2026-04-03T06:51:02.228+0600][86.366s][info][gc,stats    ] Pause Init Mark (N)                 206 us
[2026-04-03T06:51:02.228+0600][86.366s][info][gc,stats    ]   Update Region States               40 us
[2026-04-03T06:51:02.228+0600][86.366s][info][gc,stats    ] Concurrent Mark Roots              1464 us, parallelism: 1.80x
[2026-04-03T06:51:02.228+0600][86.366s][info][gc,stats    ]   CMR: <total>                     2633 us
[2026-04-03T06:51:02.228+0600][86.366s][info][gc,stats    ]   CMR: Thread Roots                2356 us, workers (us): 864, 642, 850, ---, ---, ---, 
[2026-04-03T06:51:02.228+0600][86.366s][info][gc,stats    ]   CMR: VM Strong Roots               46 us, workers (us):  39,   5,   1, ---, ---, ---, 
[2026-04-03T06:51:02.228+0600][86.366s][info][gc,stats    ]   CMR: CLDG Roots                   231 us, workers (us): ---, 231, ---, ---, ---, ---, 
[2026-04-03T06:51:02.229+0600][86.366s][info][gc,stats    ] Concurrent Marking                59115 us
[2026-04-03T06:51:02.229+0600][86.366s][info][gc,stats    ] Pause Final Mark (G)               1136 us
[2026-04-03T06:51:02.229+0600][86.366s][info][gc,stats    ] Pause Final Mark (N)                886 us
[2026-04-03T06:51:02.229+0600][86.366s][info][gc,stats    ]   Finish Mark                       259 us
[2026-04-03T06:51:02.229+0600][86.366s][info][gc,stats    ]   Update Region States               74 us
[2026-04-03T06:51:02.229+0600][86.366s][info][gc,stats    ]   Choose Collection Set             255 us
[2026-04-03T06:51:02.229+0600][86.366s][info][gc,stats    ]   Rebuild Free Set                   50 us
[2026-04-03T06:51:02.229+0600][86.366s][info][gc,stats    ] Concurrent Thread Roots            1480 us, parallelism: 2.38x
[2026-04-03T06:51:02.229+0600][86.366s][info][gc,stats    ]   CTR: <total>                     3521 us
[2026-04-03T06:51:02.229+0600][86.366s][info][gc,stats    ]   CTR: Thread Roots                3521 us, workers (us): 1169, 1193, 1159, ---, ---, ---, 
[2026-04-03T06:51:02.229+0600][86.366s][info][gc,stats    ] Concurrent Weak References         1721 us, parallelism: 1.16x
[2026-04-03T06:51:02.229+0600][86.366s][info][gc,stats    ]   CWRF: <total>                    1999 us
[2026-04-03T06:51:02.229+0600][86.366s][info][gc,stats    ]   CWRF: Weak References            1999 us, workers (us): 339, 296, 1363, ---, ---, ---, 
[2026-04-03T06:51:02.229+0600][86.366s][info][gc,stats    ] Concurrent Weak Roots              7701 us
[2026-04-03T06:51:02.229+0600][86.366s][info][gc,stats    ]   Roots                            6830 us, parallelism: 2.72x
[2026-04-03T06:51:02.229+0600][86.366s][info][gc,stats    ]     CWR: <total>                  18580 us
[2026-04-03T06:51:02.229+0600][86.366s][info][gc,stats    ]     CWR: Code Cache Roots         14395 us, workers (us): 4808, 4992, 4595, ---, ---, ---, 
[2026-04-03T06:51:02.229+0600][86.366s][info][gc,stats    ]     CWR: VM Weak Roots             3990 us, workers (us): 1346, 1350, 1294, ---, ---, ---, 
[2026-04-03T06:51:02.229+0600][86.366s][info][gc,stats    ]     CWR: CLDG Roots                 195 us, workers (us): ---, ---, 195, ---, ---, ---, 
[2026-04-03T06:51:02.229+0600][86.366s][info][gc,stats    ]   Rendezvous                        536 us
[2026-04-03T06:51:02.229+0600][86.366s][info][gc,stats    ] Concurrent Cleanup                  710 us
[2026-04-03T06:51:02.229+0600][86.366s][info][gc,stats    ] Concurrent Class Unloading        20481 us
[2026-04-03T06:51:02.229+0600][86.366s][info][gc,stats    ]   Unlink Stale                    16635 us
[2026-04-03T06:51:02.229+0600][86.366s][info][gc,stats    ]     System Dictionary               439 us
[2026-04-03T06:51:02.229+0600][86.366s][info][gc,stats    ]     Weak Class Links                  1 us
[2026-04-03T06:51:02.229+0600][86.367s][info][gc,stats    ]     Code Roots                    16190 us
[2026-04-03T06:51:02.229+0600][86.367s][info][gc,stats    ]   Rendezvous                        425 us
[2026-04-03T06:51:02.229+0600][86.367s][info][gc,stats    ]   Purge Unlinked                   3230 us
[2026-04-03T06:51:02.229+0600][86.367s][info][gc,stats    ]     Code Roots                     3208 us
[2026-04-03T06:51:02.229+0600][86.367s][info][gc,stats    ]     CLDG                             19 us
[2026-04-03T06:51:02.229+0600][86.367s][info][gc,stats    ]     Exception Caches                  1 us
[2026-04-03T06:51:02.229+0600][86.367s][info][gc,stats    ] Concurrent Strong Roots            1521 us, parallelism: 0.69x
[2026-04-03T06:51:02.229+0600][86.367s][info][gc,stats    ]   CSR: <total>                     1048 us
[2026-04-03T06:51:02.229+0600][86.367s][info][gc,stats    ]   CSR: VM Strong Roots               94 us, workers (us):  39,  33,  22, ---, ---, ---, 
[2026-04-03T06:51:02.229+0600][86.367s][info][gc,stats    ]   CSR: CLDG Roots                   955 us, workers (us): ---, ---, 955, ---, ---, ---, 
[2026-04-03T06:51:02.229+0600][86.367s][info][gc,stats    ] Concurrent Evacuation              4929 us
[2026-04-03T06:51:02.229+0600][86.367s][info][gc,stats    ] Pause Init Update Refs (G)          702 us
[2026-04-03T06:51:02.229+0600][86.367s][info][gc,stats    ] Pause Init Update Refs (N)          270 us
[2026-04-03T06:51:02.229+0600][86.367s][info][gc,stats    ]   Manage GCLABs                      56 us
[2026-04-03T06:51:02.229+0600][86.367s][info][gc,stats    ] Concurrent Update Refs            51169 us
[2026-04-03T06:51:02.229+0600][86.367s][info][gc,stats    ] Concurrent Update Thread Roots     1673 us
[2026-04-03T06:51:02.229+0600][86.367s][info][gc,stats    ] Pause Final Update Refs (G)         865 us
[2026-04-03T06:51:02.229+0600][86.367s][info][gc,stats    ] Pause Final Update Refs (N)         243 us
[2026-04-03T06:51:02.229+0600][86.367s][info][gc,stats    ]   Update Region States               67 us
[2026-04-03T06:51:02.229+0600][86.367s][info][gc,stats    ]   Trash Collection Set               15 us
[2026-04-03T06:51:02.229+0600][86.367s][info][gc,stats    ]   Rebuild Free Set                   51 us
[2026-04-03T06:51:02.229+0600][86.367s][info][gc,stats    ] Concurrent Cleanup                  852 us
[2026-04-03T06:51:02.229+0600][86.367s][info][gc,stats    ] 
[2026-04-03T06:51:02.229+0600][86.367s][info][gc,stats    ] Allocation pacing accrued:
[2026-04-03T06:51:02.229+0600][86.367s][info][gc,stats    ]       0 of   840 ms (  0.0%): <total>
[2026-04-03T06:51:02.229+0600][86.367s][info][gc,stats    ]       0 of   840 ms (  0.0%): <average total>
[2026-04-03T06:51:02.229+0600][86.367s][info][gc,stats    ] 
[2026-04-03T06:51:02.229+0600][86.367s][info][gc,metaspace] Metaspace: 131421K(132864K)->131445K(132864K) NonClass: 114966K(115712K)->114987K(115712K) Class: 16455K(17152K)->16458K(17152K)
[2026-04-03T06:51:02.229+0600][86.367s][info][gc,ergo     ] Pacer for Idle. Initial: 80302K, Alloc Tax Rate: 1.0x
[2026-04-03T06:51:05.579+0600][89.716s][info][gc          ] Trigger: Average GC time (238.44 ms) is above the time for average allocation rate (857 MB/s) to deplete free headroom (202M) (margin of error = 1.83)
[2026-04-03T06:51:05.579+0600][89.717s][info][gc,ergo     ] Free headroom: 398M (free) - 196M (spike) - 0B (penalties) = 202M
[2026-04-03T06:51:05.579+0600][89.717s][info][gc,ergo     ] Free: 398M, Max: 1024K regular, 395M humongous, Frag: 0% external, 0% internal; Reserve: 197M, Max: 1024K
[2026-04-03T06:51:05.579+0600][89.717s][info][gc,start    ] GC(34) Concurrent reset
[2026-04-03T06:51:05.579+0600][89.717s][info][gc,task     ] GC(34) Using 3 of 6 workers for concurrent reset
[2026-04-03T06:51:05.579+0600][89.717s][info][gc,ergo     ] GC(34) Pacer for Reset. Non-Taxable: 3921M
[2026-04-03T06:51:05.589+0600][89.726s][info][gc          ] GC(34) Concurrent reset 9.410ms
[2026-04-03T06:51:05.589+0600][89.726s][info][gc,start    ] GC(34) Pause Init Mark (unload classes)
[2026-04-03T06:51:05.589+0600][89.726s][info][gc,task     ] GC(34) Using 6 of 6 workers for init marking
[2026-04-03T06:51:05.589+0600][89.727s][info][gc,ergo     ] GC(34) Pacer for Mark. Expected Live: 94464K, Free: 396M, Non-Taxable: 40564K, Alloc Tax Rate: 0.3x
[2026-04-03T06:51:05.589+0600][89.727s][info][gc          ] GC(34) Pause Init Mark (unload classes) 0.281ms
[2026-04-03T06:51:05.590+0600][89.727s][info][gc,start    ] GC(34) Concurrent marking roots
[2026-04-03T06:51:05.590+0600][89.727s][info][gc,task     ] GC(34) Using 3 of 6 workers for concurrent marking roots
[2026-04-03T06:51:05.592+0600][89.729s][info][gc          ] GC(34) Concurrent marking roots 2.137ms
[2026-04-03T06:51:05.592+0600][89.729s][info][gc,start    ] GC(34) Concurrent marking (unload classes)
[2026-04-03T06:51:05.592+0600][89.729s][info][gc,task     ] GC(34) Using 3 of 6 workers for concurrent marking
[2026-04-03T06:51:05.693+0600][89.830s][info][gc          ] GC(34) Concurrent marking (unload classes) 100.946ms
[2026-04-03T06:51:05.693+0600][89.831s][info][gc,start    ] GC(34) Pause Final Mark (unload classes)
[2026-04-03T06:51:05.693+0600][89.831s][info][gc,task     ] GC(34) Using 6 of 6 workers for final marking
[2026-04-03T06:51:05.694+0600][89.831s][info][gc,ergo     ] GC(34) Adaptive CSet Selection. Target Free: 555M, Actual Free: 2624M, Max CSet: 163M, Min Garbage: 0B
[2026-04-03T06:51:05.694+0600][89.832s][info][gc,ergo     ] GC(34) Collectable Garbage: 2701M (99%), Immediate: 2082M (76%), CSet: 618M (22%)
[2026-04-03T06:51:05.694+0600][89.832s][info][gc,ergo     ] GC(34) Pacer for Evacuation. Used CSet: 628M, Free: 2948M, Non-Taxable: 294M, Alloc Tax Rate: 1.1x
[2026-04-03T06:51:05.694+0600][89.832s][info][gc          ] GC(34) Pause Final Mark (unload classes) 1.438ms
[2026-04-03T06:51:05.695+0600][89.832s][info][gc,start    ] GC(34) Concurrent thread roots
[2026-04-03T06:51:05.695+0600][89.832s][info][gc,task     ] GC(34) Using 3 of 6 workers for Concurrent thread roots
[2026-04-03T06:51:05.696+0600][89.833s][info][gc          ] GC(34) Concurrent thread roots 1.308ms
[2026-04-03T06:51:05.696+0600][89.834s][info][gc,start    ] GC(34) Concurrent weak references
[2026-04-03T06:51:05.696+0600][89.834s][info][gc,task     ] GC(34) Using 3 of 6 workers for concurrent weak references
[2026-04-03T06:51:05.698+0600][89.836s][info][gc,ref      ] GC(34) Encountered references: Soft: 3784, Weak: 18178, Final: 84, Phantom: 621
[2026-04-03T06:51:05.698+0600][89.836s][info][gc,ref      ] GC(34) Discovered  references: Soft: 0, Weak: 10539, Final: 0, Phantom: 616
[2026-04-03T06:51:05.698+0600][89.836s][info][gc,ref      ] GC(34) Enqueued    references: Soft: 0, Weak: 2784, Final: 0, Phantom: 0
[2026-04-03T06:51:05.698+0600][89.836s][info][gc          ] GC(34) Concurrent weak references 2.313ms
[2026-04-03T06:51:05.698+0600][89.836s][info][gc,start    ] GC(34) Concurrent weak roots
[2026-04-03T06:51:05.698+0600][89.836s][info][gc,task     ] GC(34) Using 3 of 6 workers for concurrent weak root
[2026-04-03T06:51:05.705+0600][89.843s][info][gc          ] GC(34) Concurrent weak roots 7.118ms
[2026-04-03T06:51:05.706+0600][89.843s][info][gc,start    ] GC(34) Concurrent cleanup
[2026-04-03T06:51:05.707+0600][89.844s][info][gc          ] GC(34) Concurrent cleanup 2850M->767M(3396M) 1.160ms
[2026-04-03T06:51:05.707+0600][89.844s][info][gc,ergo     ] GC(34) Free: 2947M, Max: 1024K regular, 343M humongous, Frag: 89% external, 0% internal; Reserve: 195M, Max: 1024K
[2026-04-03T06:51:05.707+0600][89.844s][info][gc,start    ] GC(34) Concurrent class unloading
[2026-04-03T06:51:05.707+0600][89.844s][info][gc,task     ] GC(34) Using 3 of 6 workers for concurrent class unloading
[2026-04-03T06:51:05.742+0600][89.879s][info][gc          ] GC(34) Concurrent class unloading 34.725ms
[2026-04-03T06:51:05.742+0600][89.879s][info][gc,start    ] GC(34) Concurrent strong roots
[2026-04-03T06:51:05.742+0600][89.879s][info][gc,task     ] GC(34) Using 3 of 6 workers for concurrent strong root
[2026-04-03T06:51:05.743+0600][89.881s][info][gc          ] GC(34) Concurrent strong roots 1.665ms
[2026-04-03T06:51:05.744+0600][89.881s][info][gc,start    ] GC(34) Concurrent evacuation
[2026-04-03T06:51:05.744+0600][89.881s][info][gc,task     ] GC(34) Using 3 of 6 workers for concurrent evacuation
[2026-04-03T06:51:05.757+0600][89.895s][info][gc          ] GC(34) Concurrent evacuation 13.782ms
[2026-04-03T06:51:05.758+0600][89.895s][info][gc,start    ] GC(34) Pause Init Update Refs
[2026-04-03T06:51:05.758+0600][89.895s][info][gc,ergo     ] GC(34) Pacer for Update Refs. Used: 811M, Free: 2913M, Non-Taxable: 291M, Alloc Tax Rate: 1.1x
[2026-04-03T06:51:05.758+0600][89.895s][info][gc          ] GC(34) Pause Init Update Refs 0.237ms
[2026-04-03T06:51:05.758+0600][89.896s][info][gc,start    ] GC(34) Concurrent update references
[2026-04-03T06:51:05.758+0600][89.896s][info][gc,task     ] GC(34) Using 3 of 6 workers for concurrent reference update
[2026-04-03T06:51:05.822+0600][89.960s][info][gc          ] GC(34) Concurrent update references 64.286ms
[2026-04-03T06:51:05.823+0600][89.960s][info][gc,start    ] GC(34) Concurrent update thread roots
[2026-04-03T06:51:05.825+0600][89.962s][info][gc          ] GC(34) Concurrent update thread roots 2.189ms
[2026-04-03T06:51:05.825+0600][89.963s][info][gc,start    ] GC(34) Pause Final Update Refs
[2026-04-03T06:51:05.825+0600][89.963s][info][gc,task     ] GC(34) Using 6 of 6 workers for final reference update
[2026-04-03T06:51:05.825+0600][89.963s][info][gc          ] GC(34) Pause Final Update Refs 0.249ms
[2026-04-03T06:51:05.825+0600][89.963s][info][gc,start    ] GC(34) Concurrent cleanup
[2026-04-03T06:51:05.826+0600][89.964s][info][gc          ] GC(34) Concurrent cleanup 843M->214M(3397M) 0.574ms
[2026-04-03T06:51:05.826+0600][89.964s][info][gc,ergo     ] Free: 3489M, Max: 1024K regular, 2680M humongous, Frag: 24% external, 0% internal; Reserve: 197M, Max: 1024K
[2026-04-03T06:51:05.826+0600][89.964s][info][gc,stats    ] 
[2026-04-03T06:51:05.826+0600][89.964s][info][gc,stats    ] All times are wall-clock times, except per-root-class counters, that are sum over
[2026-04-03T06:51:05.826+0600][89.964s][info][gc,stats    ] all workers. Dividing the <total> over the root stage time estimates parallelism.
[2026-04-03T06:51:05.826+0600][89.964s][info][gc,stats    ] 
[2026-04-03T06:51:05.826+0600][89.964s][info][gc,stats    ] Concurrent Reset                   9545 us
[2026-04-03T06:51:05.826+0600][89.964s][info][gc,stats    ] Pause Init Mark (G)                 864 us
[2026-04-03T06:51:05.826+0600][89.964s][info][gc,stats    ] Pause Init Mark (N)                 301 us
[2026-04-03T06:51:05.826+0600][89.964s][info][gc,stats    ]   Update Region States               80 us
[2026-04-03T06:51:05.826+0600][89.964s][info][gc,stats    ] Concurrent Mark Roots              2243 us, parallelism: 1.92x
[2026-04-03T06:51:05.826+0600][89.964s][info][gc,stats    ]   CMR: <total>                     4303 us
[2026-04-03T06:51:05.826+0600][89.964s][info][gc,stats    ]   CMR: Thread Roots                3788 us, workers (us): 983, 1408, 1397, ---, ---, ---, 
[2026-04-03T06:51:05.826+0600][89.964s][info][gc,stats    ]   CMR: VM Strong Roots               77 us, workers (us):  64,  13,   1, ---, ---, ---, 
[2026-04-03T06:51:05.826+0600][89.964s][info][gc,stats    ]   CMR: CLDG Roots                   438 us, workers (us): 438, ---, ---, ---, ---, ---, 
[2026-04-03T06:51:05.826+0600][89.964s][info][gc,stats    ] Concurrent Marking               101084 us
[2026-04-03T06:51:05.827+0600][89.964s][info][gc,stats    ] Pause Final Mark (G)               1670 us
[2026-04-03T06:51:05.827+0600][89.964s][info][gc,stats    ] Pause Final Mark (N)               1458 us
[2026-04-03T06:51:05.827+0600][89.964s][info][gc,stats    ]   Finish Mark                       319 us
[2026-04-03T06:51:05.827+0600][89.964s][info][gc,stats    ]   Update Region States               97 us
[2026-04-03T06:51:05.827+0600][89.964s][info][gc,stats    ]   Choose Collection Set             679 us
[2026-04-03T06:51:05.827+0600][89.964s][info][gc,stats    ]   Rebuild Free Set                   90 us
[2026-04-03T06:51:05.827+0600][89.964s][info][gc,stats    ] Concurrent Thread Roots            1398 us, parallelism: 2.36x
[2026-04-03T06:51:05.827+0600][89.964s][info][gc,stats    ]   CTR: <total>                     3294 us
[2026-04-03T06:51:05.827+0600][89.964s][info][gc,stats    ]   CTR: Thread Roots                3294 us, workers (us): 1113, 1104, 1078, ---, ---, ---, 
[2026-04-03T06:51:05.827+0600][89.964s][info][gc,stats    ] Concurrent Weak References         2335 us, parallelism: 1.46x
[2026-04-03T06:51:05.827+0600][89.964s][info][gc,stats    ]   CWRF: <total>                    3406 us
[2026-04-03T06:51:05.827+0600][89.964s][info][gc,stats    ]   CWRF: Weak References            3406 us, workers (us): 427, 1022, 1957, ---, ---, ---, 
[2026-04-03T06:51:05.827+0600][89.964s][info][gc,stats    ] Concurrent Weak Roots              7243 us
[2026-04-03T06:51:05.827+0600][89.964s][info][gc,stats    ]   Roots                            6609 us, parallelism: 2.72x
[2026-04-03T06:51:05.827+0600][89.964s][info][gc,stats    ]     CWR: <total>                  17996 us
[2026-04-03T06:51:05.827+0600][89.964s][info][gc,stats    ]     CWR: Code Cache Roots         13487 us, workers (us): 4488, 4524, 4475, ---, ---, ---, 
[2026-04-03T06:51:05.827+0600][89.964s][info][gc,stats    ]     CWR: VM Weak Roots             4326 us, workers (us): 1447, 1443, 1437, ---, ---, ---, 
[2026-04-03T06:51:05.827+0600][89.964s][info][gc,stats    ]     CWR: CLDG Roots                 183 us, workers (us): ---, 183, ---, ---, ---, ---, 
[2026-04-03T06:51:05.827+0600][89.964s][info][gc,stats    ]   Rendezvous                        466 us
[2026-04-03T06:51:05.827+0600][89.964s][info][gc,stats    ] Concurrent Cleanup                 1225 us
[2026-04-03T06:51:05.827+0600][89.964s][info][gc,stats    ] Concurrent Class Unloading        34884 us
[2026-04-03T06:51:05.827+0600][89.964s][info][gc,stats    ]   Unlink Stale                    23383 us
[2026-04-03T06:51:05.827+0600][89.964s][info][gc,stats    ]     System Dictionary               356 us
[2026-04-03T06:51:05.827+0600][89.964s][info][gc,stats    ]     Weak Class Links                  1 us
[2026-04-03T06:51:05.827+0600][89.964s][info][gc,stats    ]     Code Roots                    23020 us
[2026-04-03T06:51:05.827+0600][89.964s][info][gc,stats    ]   Rendezvous                       3453 us
[2026-04-03T06:51:05.827+0600][89.964s][info][gc,stats    ]   Purge Unlinked                   7835 us
[2026-04-03T06:51:05.827+0600][89.964s][info][gc,stats    ]     Code Roots                     7794 us
[2026-04-03T06:51:05.827+0600][89.964s][info][gc,stats    ]     CLDG                             39 us
[2026-04-03T06:51:05.827+0600][89.964s][info][gc,stats    ]     Exception Caches                  0 us
[2026-04-03T06:51:05.827+0600][89.965s][info][gc,stats    ] Concurrent Strong Roots            1735 us, parallelism: 0.67x
[2026-04-03T06:51:05.827+0600][89.965s][info][gc,stats    ]   CSR: <total>                     1170 us
[2026-04-03T06:51:05.827+0600][89.965s][info][gc,stats    ]   CSR: VM Strong Roots               92 us, workers (us):  56,  36,   0, ---, ---, ---, 
[2026-04-03T06:51:05.827+0600][89.965s][info][gc,stats    ]   CSR: CLDG Roots                  1078 us, workers (us): ---, 1078, ---, ---, ---, ---, 
[2026-04-03T06:51:05.827+0600][89.965s][info][gc,stats    ] Concurrent Evacuation             13906 us
[2026-04-03T06:51:05.827+0600][89.965s][info][gc,stats    ] Pause Init Update Refs (G)          666 us
[2026-04-03T06:51:05.827+0600][89.965s][info][gc,stats    ] Pause Init Update Refs (N)          269 us
[2026-04-03T06:51:05.827+0600][89.965s][info][gc,stats    ]   Manage GCLABs                      61 us
[2026-04-03T06:51:05.827+0600][89.965s][info][gc,stats    ] Concurrent Update Refs            64426 us
[2026-04-03T06:51:05.827+0600][89.965s][info][gc,stats    ] Concurrent Update Thread Roots     2266 us
[2026-04-03T06:51:05.827+0600][89.965s][info][gc,stats    ] Pause Final Update Refs (G)         599 us
[2026-04-03T06:51:05.827+0600][89.965s][info][gc,stats    ] Pause Final Update Refs (N)         274 us
[2026-04-03T06:51:05.827+0600][89.965s][info][gc,stats    ]   Update Region States               93 us
[2026-04-03T06:51:05.827+0600][89.965s][info][gc,stats    ]   Trash Collection Set               29 us
[2026-04-03T06:51:05.827+0600][89.965s][info][gc,stats    ]   Rebuild Free Set                   80 us
[2026-04-03T06:51:05.827+0600][89.965s][info][gc,stats    ] Concurrent Cleanup                  622 us
[2026-04-03T06:51:05.827+0600][89.965s][info][gc,stats    ] 
[2026-04-03T06:51:05.827+0600][89.965s][info][gc,stats    ] Allocation pacing accrued:
[2026-04-03T06:51:05.827+0600][89.965s][info][gc,stats    ]       0 of  3598 ms (  0.0%): <total>
[2026-04-03T06:51:05.827+0600][89.965s][info][gc,stats    ]       0 of  3598 ms (  0.0%): <average total>
[2026-04-03T06:51:05.827+0600][89.965s][info][gc,stats    ] 
[2026-04-03T06:51:05.827+0600][89.965s][info][gc,metaspace] Metaspace: 131489K(132864K)->131490K(132864K) NonClass: 115026K(115712K)->115028K(115712K) Class: 16462K(17152K)->16462K(17152K)
[2026-04-03T06:51:05.827+0600][89.965s][info][gc,ergo     ] Pacer for Idle. Initial: 80302K, Alloc Tax Rate: 1.0x
[2026-04-03T06:51:08.278+0600][92.415s][info][gc          ] Trigger: Average GC time (283.48 ms) is above the time for average allocation rate (1056 MB/s) to deplete free headroom (299M) (margin of error = 1.83)
[2026-04-03T06:51:08.278+0600][92.416s][info][gc,ergo     ] Free headroom: 495M (free) - 196M (spike) - 0B (penalties) = 299M
[2026-04-03T06:51:08.278+0600][92.416s][info][gc,ergo     ] Free: 495M, Max: 1024K regular, 336M humongous, Frag: 32% external, 0% internal; Reserve: 197M, Max: 1024K
[2026-04-03T06:51:08.278+0600][92.416s][info][gc,start    ] GC(35) Concurrent reset
[2026-04-03T06:51:08.278+0600][92.416s][info][gc,task     ] GC(35) Using 3 of 6 workers for concurrent reset
[2026-04-03T06:51:08.278+0600][92.416s][info][gc,ergo     ] GC(35) Pacer for Reset. Non-Taxable: 3921M
[2026-04-03T06:51:08.300+0600][92.438s][info][gc          ] GC(35) Concurrent reset 21.902ms
[2026-04-03T06:51:08.301+0600][92.438s][info][gc,start    ] GC(35) Pause Init Mark (unload classes)
[2026-04-03T06:51:08.301+0600][92.438s][info][gc,task     ] GC(35) Using 6 of 6 workers for init marking
[2026-04-03T06:51:08.301+0600][92.438s][info][gc,ergo     ] GC(35) Pacer for Mark. Expected Live: 95654K, Free: 485M, Non-Taxable: 49674K, Alloc Tax Rate: 0.2x
[2026-04-03T06:51:08.301+0600][92.438s][info][gc          ] GC(35) Pause Init Mark (unload classes) 0.323ms
[2026-04-03T06:51:08.301+0600][92.439s][info][gc,start    ] GC(35) Concurrent marking roots
[2026-04-03T06:51:08.301+0600][92.439s][info][gc,task     ] GC(35) Using 3 of 6 workers for concurrent marking roots
[2026-04-03T06:51:08.309+0600][92.446s][info][gc          ] GC(35) Concurrent marking roots 7.800ms
[2026-04-03T06:51:08.309+0600][92.447s][info][gc,start    ] GC(35) Concurrent marking (unload classes)
[2026-04-03T06:51:08.309+0600][92.447s][info][gc,task     ] GC(35) Using 3 of 6 workers for concurrent marking
[2026-04-03T06:51:08.394+0600][92.532s][info][gc          ] GC(35) Concurrent marking (unload classes) 85.347ms
[2026-04-03T06:51:08.395+0600][92.532s][info][gc,start    ] GC(35) Pause Final Mark (unload classes)
[2026-04-03T06:51:08.395+0600][92.532s][info][gc,task     ] GC(35) Using 6 of 6 workers for final marking
[2026-04-03T06:51:08.396+0600][92.533s][info][gc,ergo     ] GC(35) Adaptive CSet Selection. Target Free: 555M, Actual Free: 2571M, Max CSet: 163M, Min Garbage: 0B
[2026-04-03T06:51:08.396+0600][92.533s][info][gc,ergo     ] GC(35) Collectable Garbage: 2614M (99%), Immediate: 1943M (74%), CSet: 670M (25%)
[2026-04-03T06:51:08.396+0600][92.533s][info][gc,ergo     ] GC(35) Pacer for Evacuation. Used CSet: 687M, Free: 2894M, Non-Taxable: 289M, Alloc Tax Rate: 1.1x
[2026-04-03T06:51:08.396+0600][92.533s][info][gc          ] GC(35) Pause Final Mark (unload classes) 1.182ms
[2026-04-03T06:51:08.396+0600][92.534s][info][gc,start    ] GC(35) Concurrent thread roots
[2026-04-03T06:51:08.396+0600][92.534s][info][gc,task     ] GC(35) Using 3 of 6 workers for Concurrent thread roots
[2026-04-03T06:51:08.397+0600][92.535s][info][gc          ] GC(35) Concurrent thread roots 1.468ms
[2026-04-03T06:51:08.398+0600][92.535s][info][gc,start    ] GC(35) Concurrent weak references
[2026-04-03T06:51:08.398+0600][92.535s][info][gc,task     ] GC(35) Using 3 of 6 workers for concurrent weak references
[2026-04-03T06:51:08.399+0600][92.537s][info][gc,ref      ] GC(35) Encountered references: Soft: 3792, Weak: 19008, Final: 84, Phantom: 621
[2026-04-03T06:51:08.399+0600][92.537s][info][gc,ref      ] GC(35) Discovered  references: Soft: 0, Weak: 7319, Final: 0, Phantom: 614
[2026-04-03T06:51:08.399+0600][92.537s][info][gc,ref      ] GC(35) Enqueued    references: Soft: 0, Weak: 2915, Final: 0, Phantom: 0
[2026-04-03T06:51:08.399+0600][92.537s][info][gc          ] GC(35) Concurrent weak references 1.952ms
[2026-04-03T06:51:08.400+0600][92.537s][info][gc,start    ] GC(35) Concurrent weak roots
[2026-04-03T06:51:08.400+0600][92.537s][info][gc,task     ] GC(35) Using 3 of 6 workers for concurrent weak root
[2026-04-03T06:51:08.408+0600][92.546s][info][gc          ] GC(35) Concurrent weak roots 8.823ms
[2026-04-03T06:51:08.408+0600][92.546s][info][gc,start    ] GC(35) Concurrent cleanup
[2026-04-03T06:51:08.410+0600][92.548s][info][gc          ] GC(35) Concurrent cleanup 2771M->827M(3397M) 1.757ms
[2026-04-03T06:51:08.410+0600][92.548s][info][gc,ergo     ] GC(35) Free: 2885M, Max: 1024K regular, 337M humongous, Frag: 89% external, 0% internal; Reserve: 195M, Max: 1024K
[2026-04-03T06:51:08.410+0600][92.548s][info][gc,start    ] GC(35) Concurrent class unloading
[2026-04-03T06:51:08.410+0600][92.548s][info][gc,task     ] GC(35) Using 3 of 6 workers for concurrent class unloading
[2026-04-03T06:51:08.459+0600][92.596s][info][gc          ] GC(35) Concurrent class unloading 48.209ms
[2026-04-03T06:51:08.459+0600][92.596s][info][gc,start    ] GC(35) Concurrent strong roots
[2026-04-03T06:51:08.459+0600][92.596s][info][gc,task     ] GC(35) Using 3 of 6 workers for concurrent strong root
[2026-04-03T06:51:08.461+0600][92.598s][info][gc          ] GC(35) Concurrent strong roots 1.916ms
[2026-04-03T06:51:08.461+0600][92.598s][info][gc,start    ] GC(35) Concurrent evacuation
[2026-04-03T06:51:08.461+0600][92.598s][info][gc,task     ] GC(35) Using 3 of 6 workers for concurrent evacuation
[2026-04-03T06:51:08.479+0600][92.616s][info][gc          ] GC(35) Concurrent evacuation 17.901ms
[2026-04-03T06:51:08.479+0600][92.617s][info][gc,start    ] GC(35) Pause Init Update Refs
[2026-04-03T06:51:08.479+0600][92.617s][info][gc,ergo     ] GC(35) Pacer for Update Refs. Used: 880M, Free: 2843M, Non-Taxable: 284M, Alloc Tax Rate: 1.1x
[2026-04-03T06:51:08.479+0600][92.617s][info][gc          ] GC(35) Pause Init Update Refs 0.315ms
[2026-04-03T06:51:08.480+0600][92.617s][info][gc,start    ] GC(35) Concurrent update references
[2026-04-03T06:51:08.480+0600][92.617s][info][gc,task     ] GC(35) Using 3 of 6 workers for concurrent reference update
[2026-04-03T06:51:08.537+0600][92.674s][info][gc          ] GC(35) Concurrent update references 57.272ms
[2026-04-03T06:51:08.537+0600][92.674s][info][gc,start    ] GC(35) Concurrent update thread roots
[2026-04-03T06:51:08.538+0600][92.676s][info][gc          ] GC(35) Concurrent update thread roots 1.493ms
[2026-04-03T06:51:08.539+0600][92.676s][info][gc,start    ] GC(35) Pause Final Update Refs
[2026-04-03T06:51:08.539+0600][92.676s][info][gc,task     ] GC(35) Using 6 of 6 workers for final reference update
[2026-04-03T06:51:08.539+0600][92.676s][info][gc          ] GC(35) Pause Final Update Refs 0.286ms
[2026-04-03T06:51:08.539+0600][92.677s][info][gc,start    ] GC(35) Concurrent cleanup
[2026-04-03T06:51:08.540+0600][92.677s][info][gc          ] GC(35) Concurrent cleanup 894M->207M(3409M) 0.535ms
[2026-04-03T06:51:08.540+0600][92.677s][info][gc,ergo     ] Free: 3495M, Max: 1024K regular, 2536M humongous, Frag: 28% external, 0% internal; Reserve: 197M, Max: 1024K
[2026-04-03T06:51:08.540+0600][92.677s][info][gc,stats    ] 
[2026-04-03T06:51:08.540+0600][92.677s][info][gc,stats    ] All times are wall-clock times, except per-root-class counters, that are sum over
[2026-04-03T06:51:08.540+0600][92.677s][info][gc,stats    ] all workers. Dividing the <total> over the root stage time estimates parallelism.
[2026-04-03T06:51:08.540+0600][92.677s][info][gc,stats    ] 
[2026-04-03T06:51:08.540+0600][92.677s][info][gc,stats    ] Concurrent Reset                  22100 us
[2026-04-03T06:51:08.540+0600][92.677s][info][gc,stats    ] Pause Init Mark (G)                 887 us
[2026-04-03T06:51:08.540+0600][92.677s][info][gc,stats    ] Pause Init Mark (N)                 343 us
[2026-04-03T06:51:08.540+0600][92.678s][info][gc,stats    ]   Update Region States               98 us
[2026-04-03T06:51:08.540+0600][92.678s][info][gc,stats    ] Concurrent Mark Roots              7960 us, parallelism: 1.44x
[2026-04-03T06:51:08.540+0600][92.678s][info][gc,stats    ]   CMR: <total>                    11456 us
[2026-04-03T06:51:08.540+0600][92.678s][info][gc,stats    ]   CMR: Thread Roots               10884 us, workers (us): 3161, 6540, 1182, ---, ---, ---, 
[2026-04-03T06:51:08.540+0600][92.678s][info][gc,stats    ]   CMR: VM Strong Roots               72 us, workers (us):  69,   1,   1, ---, ---, ---, 
[2026-04-03T06:51:08.540+0600][92.678s][info][gc,stats    ]   CMR: CLDG Roots                   500 us, workers (us): 500, ---, ---, ---, ---, ---, 
[2026-04-03T06:51:08.540+0600][92.678s][info][gc,stats    ] Concurrent Marking                85476 us
[2026-04-03T06:51:08.540+0600][92.678s][info][gc,stats    ] Pause Final Mark (G)               1509 us
[2026-04-03T06:51:08.540+0600][92.678s][info][gc,stats    ] Pause Final Mark (N)               1198 us
[2026-04-03T06:51:08.540+0600][92.678s][info][gc,stats    ]   Finish Mark                       445 us
[2026-04-03T06:51:08.540+0600][92.678s][info][gc,stats    ]   Update Region States               69 us
[2026-04-03T06:51:08.540+0600][92.678s][info][gc,stats    ]   Choose Collection Set             381 us
[2026-04-03T06:51:08.540+0600][92.678s][info][gc,stats    ]   Rebuild Free Set                   64 us
[2026-04-03T06:51:08.540+0600][92.678s][info][gc,stats    ] Concurrent Thread Roots            1521 us, parallelism: 2.47x
[2026-04-03T06:51:08.540+0600][92.678s][info][gc,stats    ]   CTR: <total>                     3752 us
[2026-04-03T06:51:08.540+0600][92.678s][info][gc,stats    ]   CTR: Thread Roots                3752 us, workers (us): 1242, 1235, 1276, ---, ---, ---, 
[2026-04-03T06:51:08.540+0600][92.678s][info][gc,stats    ] Concurrent Weak References         1974 us, parallelism: 1.05x
[2026-04-03T06:51:08.540+0600][92.678s][info][gc,stats    ]   CWRF: <total>                    2068 us
[2026-04-03T06:51:08.540+0600][92.678s][info][gc,stats    ]   CWRF: Weak References            2068 us, workers (us): 372,  96, 1600, ---, ---, ---, 
[2026-04-03T06:51:08.540+0600][92.678s][info][gc,stats    ] Concurrent Weak Roots              8977 us
[2026-04-03T06:51:08.540+0600][92.678s][info][gc,stats    ]   Roots                            7917 us, parallelism: 2.80x
[2026-04-03T06:51:08.540+0600][92.678s][info][gc,stats    ]     CWR: <total>                  22148 us
[2026-04-03T06:51:08.540+0600][92.678s][info][gc,stats    ]     CWR: Code Cache Roots         16296 us, workers (us): 5561, 5435, 5299, ---, ---, ---, 
[2026-04-03T06:51:08.540+0600][92.678s][info][gc,stats    ]     CWR: VM Weak Roots             5591 us, workers (us): 1816, 1779, 1997, ---, ---, ---, 
[2026-04-03T06:51:08.540+0600][92.678s][info][gc,stats    ]     CWR: CLDG Roots                 261 us, workers (us): ---, 261, ---, ---, ---, ---, 
[2026-04-03T06:51:08.540+0600][92.678s][info][gc,stats    ]   Rendezvous                        855 us
[2026-04-03T06:51:08.540+0600][92.678s][info][gc,stats    ] Concurrent Cleanup                 1832 us
[2026-04-03T06:51:08.540+0600][92.678s][info][gc,stats    ] Concurrent Class Unloading        48370 us
[2026-04-03T06:51:08.540+0600][92.678s][info][gc,stats    ]   Unlink Stale                    27119 us
[2026-04-03T06:51:08.540+0600][92.678s][info][gc,stats    ]     System Dictionary               345 us
[2026-04-03T06:51:08.540+0600][92.678s][info][gc,stats    ]     Weak Class Links                  1 us
[2026-04-03T06:51:08.540+0600][92.678s][info][gc,stats    ]     Code Roots                    26769 us
[2026-04-03T06:51:08.540+0600][92.678s][info][gc,stats    ]   Rendezvous                       1333 us
[2026-04-03T06:51:08.540+0600][92.678s][info][gc,stats    ]   Purge Unlinked                  19697 us
[2026-04-03T06:51:08.541+0600][92.678s][info][gc,stats    ]     Code Roots                    19665 us
[2026-04-03T06:51:08.541+0600][92.678s][info][gc,stats    ]     CLDG                             30 us
[2026-04-03T06:51:08.541+0600][92.678s][info][gc,stats    ]     Exception Caches                  0 us
[2026-04-03T06:51:08.541+0600][92.678s][info][gc,stats    ] Concurrent Strong Roots            2010 us, parallelism: 0.70x
[2026-04-03T06:51:08.541+0600][92.678s][info][gc,stats    ]   CSR: <total>                     1399 us
[2026-04-03T06:51:08.541+0600][92.678s][info][gc,stats    ]   CSR: VM Strong Roots               97 us, workers (us):  42,  29,  26, ---, ---, ---, 
[2026-04-03T06:51:08.541+0600][92.678s][info][gc,stats    ]   CSR: CLDG Roots                  1302 us, workers (us): ---, ---, 1302, ---, ---, ---, 
[2026-04-03T06:51:08.541+0600][92.678s][info][gc,stats    ] Concurrent Evacuation             18056 us
[2026-04-03T06:51:08.541+0600][92.678s][info][gc,stats    ] Pause Init Update Refs (G)          657 us
[2026-04-03T06:51:08.541+0600][92.678s][info][gc,stats    ] Pause Init Update Refs (N)          340 us
[2026-04-03T06:51:08.541+0600][92.678s][info][gc,stats    ]   Manage GCLABs                     122 us
[2026-04-03T06:51:08.541+0600][92.678s][info][gc,stats    ] Concurrent Update Refs            57394 us
[2026-04-03T06:51:08.541+0600][92.678s][info][gc,stats    ] Concurrent Update Thread Roots     1597 us
[2026-04-03T06:51:08.541+0600][92.678s][info][gc,stats    ] Pause Final Update Refs (G)         523 us
[2026-04-03T06:51:08.541+0600][92.678s][info][gc,stats    ] Pause Final Update Refs (N)         322 us
[2026-04-03T06:51:08.541+0600][92.678s][info][gc,stats    ]   Update Region States               94 us
[2026-04-03T06:51:08.541+0600][92.678s][info][gc,stats    ]   Trash Collection Set               35 us
[2026-04-03T06:51:08.541+0600][92.678s][info][gc,stats    ]   Rebuild Free Set                   71 us
[2026-04-03T06:51:08.541+0600][92.678s][info][gc,stats    ] Concurrent Cleanup                  588 us
[2026-04-03T06:51:08.541+0600][92.678s][info][gc,stats    ] 
[2026-04-03T06:51:08.541+0600][92.678s][info][gc,stats    ] Allocation pacing accrued:
[2026-04-03T06:51:08.541+0600][92.678s][info][gc,stats    ]       0 of  2714 ms (  0.0%): <total>
[2026-04-03T06:51:08.541+0600][92.678s][info][gc,stats    ]       0 of  2714 ms (  0.0%): <average total>
[2026-04-03T06:51:08.541+0600][92.678s][info][gc,stats    ] 
[2026-04-03T06:51:08.541+0600][92.678s][info][gc,metaspace] Metaspace: 131582K(132864K)->131590K(132864K) NonClass: 115108K(115712K)->115116K(115712K) Class: 16474K(17152K)->16474K(17152K)
[2026-04-03T06:51:08.541+0600][92.678s][info][gc,ergo     ] Pacer for Idle. Initial: 80302K, Alloc Tax Rate: 1.0x
[2026-04-03T06:51:10.351+0600][94.489s][info][gc          ] Trigger: Average GC time (302.00 ms) is above the time for instantaneous allocation rate (5336 MB/s) to deplete free headroom (1128M) (spike threshold = 1.75)
[2026-04-03T06:51:10.352+0600][94.489s][info][gc,ergo     ] Free: 1323M, Max: 1024K regular, 848M humongous, Frag: 36% external, 0% internal; Reserve: 197M, Max: 1024K
[2026-04-03T06:51:10.352+0600][94.489s][info][gc,start    ] GC(36) Concurrent reset
[2026-04-03T06:51:10.352+0600][94.489s][info][gc,task     ] GC(36) Using 3 of 6 workers for concurrent reset
[2026-04-03T06:51:10.352+0600][94.489s][info][gc,ergo     ] GC(36) Pacer for Reset. Non-Taxable: 3921M
[2026-04-03T06:51:10.370+0600][94.507s][info][gc          ] GC(36) Concurrent reset 17.815ms
[2026-04-03T06:51:10.371+0600][94.508s][info][gc,start    ] GC(36) Pause Init Mark (unload classes)
[2026-04-03T06:51:10.371+0600][94.508s][info][gc,task     ] GC(36) Using 6 of 6 workers for init marking
[2026-04-03T06:51:10.371+0600][94.508s][info][gc,ergo     ] GC(36) Pacer for Mark. Expected Live: 97320K, Free: 1135M, Non-Taxable: 113M, Alloc Tax Rate: 0.1x
[2026-04-03T06:51:10.371+0600][94.508s][info][gc          ] GC(36) Pause Init Mark (unload classes) 0.214ms
[2026-04-03T06:51:10.371+0600][94.508s][info][gc,start    ] GC(36) Concurrent marking roots
[2026-04-03T06:51:10.371+0600][94.509s][info][gc,task     ] GC(36) Using 3 of 6 workers for concurrent marking roots
[2026-04-03T06:51:10.373+0600][94.511s][info][gc          ] GC(36) Concurrent marking roots 2.308ms
[2026-04-03T06:51:10.373+0600][94.511s][info][gc,start    ] GC(36) Concurrent marking (unload classes)
[2026-04-03T06:51:10.373+0600][94.511s][info][gc,task     ] GC(36) Using 3 of 6 workers for concurrent marking
[2026-04-03T06:51:10.443+0600][94.580s][info][gc          ] GC(36) Concurrent marking (unload classes) 69.513ms
[2026-04-03T06:51:10.443+0600][94.581s][info][gc,start    ] GC(36) Pause Final Mark (unload classes)
[2026-04-03T06:51:10.443+0600][94.581s][info][gc,task     ] GC(36) Using 6 of 6 workers for final marking
[2026-04-03T06:51:10.444+0600][94.581s][info][gc,ergo     ] GC(36) Adaptive CSet Selection. Target Free: 555M, Actual Free: 2735M, Max CSet: 163M, Min Garbage: 0B
[2026-04-03T06:51:10.444+0600][94.582s][info][gc,ergo     ] GC(36) Collectable Garbage: 2072M (99%), Immediate: 1522M (73%), CSet: 549M (26%)
[2026-04-03T06:51:10.444+0600][94.582s][info][gc,ergo     ] GC(36) Pacer for Evacuation. Used CSet: 564M, Free: 2934M, Non-Taxable: 293M, Alloc Tax Rate: 1.1x
[2026-04-03T06:51:10.444+0600][94.582s][info][gc          ] GC(36) Pause Final Mark (unload classes) 1.075ms
[2026-04-03T06:51:10.444+0600][94.582s][info][gc,start    ] GC(36) Concurrent thread roots
[2026-04-03T06:51:10.444+0600][94.582s][info][gc,task     ] GC(36) Using 3 of 6 workers for Concurrent thread roots
[2026-04-03T06:51:10.445+0600][94.583s][info][gc          ] GC(36) Concurrent thread roots 1.078ms
[2026-04-03T06:51:10.445+0600][94.583s][info][gc,start    ] GC(36) Concurrent weak references
[2026-04-03T06:51:10.445+0600][94.583s][info][gc,task     ] GC(36) Using 3 of 6 workers for concurrent weak references
[2026-04-03T06:51:10.447+0600][94.584s][info][gc,ref      ] GC(36) Encountered references: Soft: 3788, Weak: 18773, Final: 84, Phantom: 633
[2026-04-03T06:51:10.447+0600][94.584s][info][gc,ref      ] GC(36) Discovered  references: Soft: 0, Weak: 11495, Final: 52, Phantom: 589
[2026-04-03T06:51:10.447+0600][94.584s][info][gc,ref      ] GC(36) Enqueued    references: Soft: 0, Weak: 4117, Final: 0, Phantom: 0
[2026-04-03T06:51:10.447+0600][94.584s][info][gc          ] GC(36) Concurrent weak references 1.478ms
[2026-04-03T06:51:10.447+0600][94.584s][info][gc,start    ] GC(36) Concurrent weak roots
[2026-04-03T06:51:10.447+0600][94.585s][info][gc,task     ] GC(36) Using 3 of 6 workers for concurrent weak root
[2026-04-03T06:51:10.453+0600][94.591s][info][gc          ] GC(36) Concurrent weak roots 6.096ms
[2026-04-03T06:51:10.453+0600][94.591s][info][gc,start    ] GC(36) Concurrent cleanup
[2026-04-03T06:51:10.454+0600][94.592s][info][gc          ] GC(36) Concurrent cleanup 2290M->767M(3409M) 1.143ms
[2026-04-03T06:51:10.454+0600][94.592s][info][gc,ergo     ] GC(36) Free: 2932M, Max: 1024K regular, 543M humongous, Frag: 82% external, 0% internal; Reserve: 195M, Max: 1024K
[2026-04-03T06:51:10.454+0600][94.592s][info][gc,start    ] GC(36) Concurrent class unloading
[2026-04-03T06:51:10.454+0600][94.592s][info][gc,task     ] GC(36) Using 3 of 6 workers for concurrent class unloading
[2026-04-03T06:51:10.479+0600][94.617s][info][gc          ] GC(36) Concurrent class unloading 24.828ms
[2026-04-03T06:51:10.479+0600][94.617s][info][gc,start    ] GC(36) Concurrent strong roots
[2026-04-03T06:51:10.479+0600][94.617s][info][gc,task     ] GC(36) Using 3 of 6 workers for concurrent strong root
[2026-04-03T06:51:10.481+0600][94.619s][info][gc          ] GC(36) Concurrent strong roots 1.723ms
[2026-04-03T06:51:10.481+0600][94.619s][info][gc,start    ] GC(36) Concurrent evacuation
[2026-04-03T06:51:10.481+0600][94.619s][info][gc,task     ] GC(36) Using 3 of 6 workers for concurrent evacuation
[2026-04-03T06:51:10.491+0600][94.629s][info][gc          ] GC(36) Concurrent evacuation 10.254ms
[2026-04-03T06:51:10.492+0600][94.629s][info][gc,start    ] GC(36) Pause Init Update Refs
[2026-04-03T06:51:10.492+0600][94.629s][info][gc,ergo     ] GC(36) Pacer for Update Refs. Used: 793M, Free: 2921M, Non-Taxable: 292M, Alloc Tax Rate: 1.1x
[2026-04-03T06:51:10.492+0600][94.630s][info][gc          ] GC(36) Pause Init Update Refs 0.224ms
[2026-04-03T06:51:10.492+0600][94.630s][info][gc,start    ] GC(36) Concurrent update references
[2026-04-03T06:51:10.492+0600][94.630s][info][gc,task     ] GC(36) Using 3 of 6 workers for concurrent reference update
[2026-04-03T06:51:10.562+0600][94.700s][info][gc          ] GC(36) Concurrent update references 70.205ms
[2026-04-03T06:51:10.562+0600][94.700s][info][gc,start    ] GC(36) Concurrent update thread roots
[2026-04-03T06:51:10.564+0600][94.702s][info][gc          ] GC(36) Concurrent update thread roots 1.869ms
[2026-04-03T06:51:10.564+0600][94.702s][info][gc,start    ] GC(36) Pause Final Update Refs
[2026-04-03T06:51:10.565+0600][94.702s][info][gc,task     ] GC(36) Using 6 of 6 workers for final reference update
[2026-04-03T06:51:10.565+0600][94.702s][info][gc          ] GC(36) Pause Final Update Refs 0.326ms
[2026-04-03T06:51:10.565+0600][94.702s][info][gc,start    ] GC(36) Concurrent cleanup
[2026-04-03T06:51:10.566+0600][94.703s][info][gc          ] GC(36) Concurrent cleanup 841M->277M(3409M) 0.861ms
[2026-04-03T06:51:10.566+0600][94.703s][info][gc,ergo     ] Free: 3412M, Max: 1024K regular, 1860M humongous, Frag: 46% external, 0% internal; Reserve: 197M, Max: 1024K
[2026-04-03T06:51:10.566+0600][94.704s][info][gc,stats    ] 
[2026-04-03T06:51:10.566+0600][94.704s][info][gc,stats    ] All times are wall-clock times, except per-root-class counters, that are sum over
[2026-04-03T06:51:10.566+0600][94.704s][info][gc,stats    ] all workers. Dividing the <total> over the root stage time estimates parallelism.
[2026-04-03T06:51:10.566+0600][94.704s][info][gc,stats    ] 
[2026-04-03T06:51:10.566+0600][94.704s][info][gc,stats    ] Concurrent Reset                  17942 us
[2026-04-03T06:51:10.566+0600][94.704s][info][gc,stats    ] Pause Init Mark (G)                1315 us
[2026-04-03T06:51:10.566+0600][94.704s][info][gc,stats    ] Pause Init Mark (N)                 227 us
[2026-04-03T06:51:10.566+0600][94.704s][info][gc,stats    ]   Update Region States               62 us
[2026-04-03T06:51:10.566+0600][94.704s][info][gc,stats    ] Concurrent Mark Roots              2476 us, parallelism: 1.78x
[2026-04-03T06:51:10.566+0600][94.704s][info][gc,stats    ]   CMR: <total>                     4396 us
[2026-04-03T06:51:10.566+0600][94.704s][info][gc,stats    ]   CMR: Thread Roots                3767 us, workers (us): 887, 1434, 1446, ---, ---, ---, 
[2026-04-03T06:51:10.566+0600][94.704s][info][gc,stats    ]   CMR: VM Strong Roots               85 us, workers (us):  45,  39,   1, ---, ---, ---, 
[2026-04-03T06:51:10.566+0600][94.704s][info][gc,stats    ]   CMR: CLDG Roots                   544 us, workers (us): 544, ---, ---, ---, ---, ---, 
[2026-04-03T06:51:10.566+0600][94.704s][info][gc,stats    ] Concurrent Marking                69608 us
[2026-04-03T06:51:10.566+0600][94.704s][info][gc,stats    ] Pause Final Mark (G)               1295 us
[2026-04-03T06:51:10.566+0600][94.704s][info][gc,stats    ] Pause Final Mark (N)               1086 us
[2026-04-03T06:51:10.566+0600][94.704s][info][gc,stats    ]   Finish Mark                       472 us
[2026-04-03T06:51:10.566+0600][94.704s][info][gc,stats    ]   Update Region States               67 us
[2026-04-03T06:51:10.566+0600][94.704s][info][gc,stats    ]   Choose Collection Set             340 us
[2026-04-03T06:51:10.566+0600][94.704s][info][gc,stats    ]   Rebuild Free Set                   58 us
[2026-04-03T06:51:10.566+0600][94.704s][info][gc,stats    ] Concurrent Thread Roots            1125 us, parallelism: 2.27x
[2026-04-03T06:51:10.566+0600][94.704s][info][gc,stats    ]   CTR: <total>                     2559 us
[2026-04-03T06:51:10.566+0600][94.704s][info][gc,stats    ]   CTR: Thread Roots                2559 us, workers (us): 868, 849, 842, ---, ---, ---, 
[2026-04-03T06:51:10.566+0600][94.704s][info][gc,stats    ] Concurrent Weak References         1495 us, parallelism: 1.25x
[2026-04-03T06:51:10.566+0600][94.704s][info][gc,stats    ]   CWRF: <total>                    1862 us
[2026-04-03T06:51:10.566+0600][94.704s][info][gc,stats    ]   CWRF: Weak References            1862 us, workers (us): 1217, 488, 157, ---, ---, ---, 
[2026-04-03T06:51:10.566+0600][94.704s][info][gc,stats    ] Concurrent Weak Roots              6194 us
[2026-04-03T06:51:10.566+0600][94.704s][info][gc,stats    ]   Roots                            5654 us, parallelism: 2.71x
[2026-04-03T06:51:10.567+0600][94.704s][info][gc,stats    ]     CWR: <total>                  15302 us
[2026-04-03T06:51:10.567+0600][94.704s][info][gc,stats    ]     CWR: Code Cache Roots         12259 us, workers (us): 4093, 4146, 4021, ---, ---, ---, 
[2026-04-03T06:51:10.567+0600][94.704s][info][gc,stats    ]     CWR: VM Weak Roots             2927 us, workers (us): 1004, 988, 934, ---, ---, ---, 
[2026-04-03T06:51:10.567+0600][94.704s][info][gc,stats    ]     CWR: CLDG Roots                 116 us, workers (us): ---, ---, 116, ---, ---, ---, 
[2026-04-03T06:51:10.567+0600][94.704s][info][gc,stats    ]   Rendezvous                        403 us
[2026-04-03T06:51:10.567+0600][94.704s][info][gc,stats    ] Concurrent Cleanup                 1173 us
[2026-04-03T06:51:10.567+0600][94.704s][info][gc,stats    ] Concurrent Class Unloading        24965 us
[2026-04-03T06:51:10.567+0600][94.704s][info][gc,stats    ]   Unlink Stale                    20447 us
[2026-04-03T06:51:10.567+0600][94.704s][info][gc,stats    ]     System Dictionary               321 us
[2026-04-03T06:51:10.567+0600][94.704s][info][gc,stats    ]     Weak Class Links                  1 us
[2026-04-03T06:51:10.567+0600][94.704s][info][gc,stats    ]     Code Roots                    20122 us
[2026-04-03T06:51:10.567+0600][94.704s][info][gc,stats    ]   Rendezvous                        551 us
[2026-04-03T06:51:10.567+0600][94.704s][info][gc,stats    ]   Purge Unlinked                   3793 us
[2026-04-03T06:51:10.567+0600][94.704s][info][gc,stats    ]     Code Roots                     3769 us
[2026-04-03T06:51:10.567+0600][94.704s][info][gc,stats    ]     CLDG                             24 us
[2026-04-03T06:51:10.567+0600][94.704s][info][gc,stats    ]     Exception Caches                  0 us
[2026-04-03T06:51:10.567+0600][94.704s][info][gc,stats    ] Concurrent Strong Roots            1767 us, parallelism: 0.72x
[2026-04-03T06:51:10.567+0600][94.704s][info][gc,stats    ]   CSR: <total>                     1264 us
[2026-04-03T06:51:10.567+0600][94.704s][info][gc,stats    ]   CSR: VM Strong Roots               69 us, workers (us):  67,   2,   0, ---, ---, ---, 
[2026-04-03T06:51:10.567+0600][94.704s][info][gc,stats    ]   CSR: CLDG Roots                  1194 us, workers (us): 1194, ---, ---, ---, ---, ---, 
[2026-04-03T06:51:10.567+0600][94.704s][info][gc,stats    ] Concurrent Evacuation             10422 us
[2026-04-03T06:51:10.567+0600][94.704s][info][gc,stats    ] Pause Init Update Refs (G)          491 us
[2026-04-03T06:51:10.567+0600][94.704s][info][gc,stats    ] Pause Init Update Refs (N)          242 us
[2026-04-03T06:51:10.567+0600][94.704s][info][gc,stats    ]   Manage GCLABs                      61 us
[2026-04-03T06:51:10.567+0600][94.704s][info][gc,stats    ] Concurrent Update Refs            70330 us
[2026-04-03T06:51:10.567+0600][94.704s][info][gc,stats    ] Concurrent Update Thread Roots     1943 us
[2026-04-03T06:51:10.567+0600][94.704s][info][gc,stats    ] Pause Final Update Refs (G)         620 us
[2026-04-03T06:51:10.567+0600][94.704s][info][gc,stats    ] Pause Final Update Refs (N)         354 us
[2026-04-03T06:51:10.567+0600][94.704s][info][gc,stats    ]   Update Region States               78 us
[2026-04-03T06:51:10.567+0600][94.705s][info][gc,stats    ]   Trash Collection Set               28 us
[2026-04-03T06:51:10.567+0600][94.705s][info][gc,stats    ]   Rebuild Free Set                   61 us
[2026-04-03T06:51:10.567+0600][94.705s][info][gc,stats    ] Concurrent Cleanup                  899 us
[2026-04-03T06:51:10.567+0600][94.705s][info][gc,stats    ] 
[2026-04-03T06:51:10.567+0600][94.705s][info][gc,stats    ] Allocation pacing accrued:
[2026-04-03T06:51:10.567+0600][94.705s][info][gc,stats    ]       0 of  2026 ms (  0.0%): <total>
[2026-04-03T06:51:10.567+0600][94.705s][info][gc,stats    ]       0 of  2026 ms (  0.0%): <average total>
[2026-04-03T06:51:10.567+0600][94.705s][info][gc,stats    ] 
[2026-04-03T06:51:10.567+0600][94.705s][info][gc,metaspace] Metaspace: 131603K(132928K)->131603K(132928K) NonClass: 115128K(115776K)->115128K(115776K) Class: 16475K(17152K)->16475K(17152K)
[2026-04-03T06:51:10.567+0600][94.705s][info][gc,ergo     ] Pacer for Idle. Initial: 80302K, Alloc Tax Rate: 1.0x
[2026-04-03T06:51:13.476+0600][97.613s][info][gc          ] Trigger: Average GC time (276.60 ms) is above the time for average allocation rate (1080 MB/s) to deplete free headroom (292M) (margin of error = 1.83)
[2026-04-03T06:51:13.476+0600][97.613s][info][gc,ergo     ] Free headroom: 488M (free) - 196M (spike) - 0B (penalties) = 292M
[2026-04-03T06:51:13.476+0600][97.613s][info][gc,ergo     ] Free: 488M, Max: 1024K regular, 482M humongous, Frag: 0% external, 0% internal; Reserve: 197M, Max: 1024K
[2026-04-03T06:51:13.476+0600][97.613s][info][gc,start    ] GC(37) Concurrent reset
[2026-04-03T06:51:13.476+0600][97.614s][info][gc,task     ] GC(37) Using 3 of 6 workers for concurrent reset
[2026-04-03T06:51:13.476+0600][97.614s][info][gc,ergo     ] GC(37) Pacer for Reset. Non-Taxable: 3921M
[2026-04-03T06:51:13.484+0600][97.622s][info][gc          ] GC(37) Concurrent reset 8.489ms
[2026-04-03T06:51:13.486+0600][97.623s][info][gc,start    ] GC(37) Pause Init Mark (unload classes)
[2026-04-03T06:51:13.486+0600][97.623s][info][gc,task     ] GC(37) Using 6 of 6 workers for init marking
[2026-04-03T06:51:13.486+0600][97.624s][info][gc,ergo     ] GC(37) Pacer for Mark. Expected Live: 100824K, Free: 423M, Non-Taxable: 43324K, Alloc Tax Rate: 0.3x
[2026-04-03T06:51:13.486+0600][97.624s][info][gc          ] GC(37) Pause Init Mark (unload classes) 0.251ms
[2026-04-03T06:51:13.486+0600][97.624s][info][gc,start    ] GC(37) Concurrent marking roots
[2026-04-03T06:51:13.486+0600][97.624s][info][gc,task     ] GC(37) Using 3 of 6 workers for concurrent marking roots
[2026-04-03T06:51:13.488+0600][97.626s][info][gc          ] GC(37) Concurrent marking roots 2.201ms
[2026-04-03T06:51:13.489+0600][97.626s][info][gc,start    ] GC(37) Concurrent marking (unload classes)
[2026-04-03T06:51:13.489+0600][97.626s][info][gc,task     ] GC(37) Using 3 of 6 workers for concurrent marking
[2026-04-03T06:51:13.567+0600][97.704s][info][gc          ] GC(37) Concurrent marking (unload classes) 78.267ms
[2026-04-03T06:51:13.571+0600][97.709s][info][gc,start    ] GC(37) Pause Final Mark (unload classes)
[2026-04-03T06:51:13.571+0600][97.709s][info][gc,task     ] GC(37) Using 6 of 6 workers for final marking
[2026-04-03T06:51:13.572+0600][97.710s][info][gc,ergo     ] GC(37) Adaptive CSet Selection. Target Free: 555M, Actual Free: 2297M, Max CSet: 163M, Min Garbage: 0B
[2026-04-03T06:51:13.572+0600][97.710s][info][gc,ergo     ] GC(37) Collectable Garbage: 2675M (99%), Immediate: 1902M (70%), CSet: 772M (28%)
[2026-04-03T06:51:13.572+0600][97.710s][info][gc,ergo     ] GC(37) Pacer for Evacuation. Used CSet: 787M, Free: 2607M, Non-Taxable: 260M, Alloc Tax Rate: 1.1x
[2026-04-03T06:51:13.572+0600][97.710s][info][gc          ] GC(37) Pause Final Mark (unload classes) 0.981ms
[2026-04-03T06:51:13.572+0600][97.710s][info][gc,start    ] GC(37) Concurrent thread roots
[2026-04-03T06:51:13.573+0600][97.710s][info][gc,task     ] GC(37) Using 3 of 6 workers for Concurrent thread roots
[2026-04-03T06:51:13.574+0600][97.711s][info][gc          ] GC(37) Concurrent thread roots 1.463ms
[2026-04-03T06:51:13.574+0600][97.712s][info][gc,start    ] GC(37) Concurrent weak references
[2026-04-03T06:51:13.574+0600][97.712s][info][gc,task     ] GC(37) Using 3 of 6 workers for concurrent weak references
[2026-04-03T06:51:13.575+0600][97.713s][info][gc,ref      ] GC(37) Encountered references: Soft: 3788, Weak: 19018, Final: 84, Phantom: 628
[2026-04-03T06:51:13.575+0600][97.713s][info][gc,ref      ] GC(37) Discovered  references: Soft: 0, Weak: 12849, Final: 84, Phantom: 283
[2026-04-03T06:51:13.575+0600][97.713s][info][gc,ref      ] GC(37) Enqueued    references: Soft: 0, Weak: 4291, Final: 0, Phantom: 0
[2026-04-03T06:51:13.575+0600][97.713s][info][gc          ] GC(37) Concurrent weak references 1.357ms
[2026-04-03T06:51:13.575+0600][97.713s][info][gc,start    ] GC(37) Concurrent weak roots
[2026-04-03T06:51:13.575+0600][97.713s][info][gc,task     ] GC(37) Using 3 of 6 workers for concurrent weak root
[2026-04-03T06:51:13.587+0600][97.725s][info][gc          ] GC(37) Concurrent weak roots 11.819ms
[2026-04-03T06:51:13.587+0600][97.725s][info][gc,start    ] GC(37) Concurrent cleanup
[2026-04-03T06:51:13.589+0600][97.726s][info][gc          ] GC(37) Concurrent cleanup 3001M->1108M(3582M) 1.232ms
[2026-04-03T06:51:13.589+0600][97.726s][info][gc,ergo     ] GC(37) Free: 2564M, Max: 1024K regular, 162M humongous, Frag: 94% external, 0% internal; Reserve: 194M, Max: 1024K
[2026-04-03T06:51:13.589+0600][97.726s][info][gc,start    ] GC(37) Concurrent class unloading
[2026-04-03T06:51:13.589+0600][97.726s][info][gc,task     ] GC(37) Using 3 of 6 workers for concurrent class unloading
[2026-04-03T06:51:13.611+0600][97.748s][info][gc          ] GC(37) Concurrent class unloading 21.908ms
[2026-04-03T06:51:13.611+0600][97.748s][info][gc,start    ] GC(37) Concurrent strong roots
[2026-04-03T06:51:13.611+0600][97.748s][info][gc,task     ] GC(37) Using 3 of 6 workers for concurrent strong root
[2026-04-03T06:51:13.612+0600][97.750s][info][gc          ] GC(37) Concurrent strong roots 1.313ms
[2026-04-03T06:51:13.612+0600][97.750s][info][gc,start    ] GC(37) Concurrent evacuation
[2026-04-03T06:51:13.612+0600][97.750s][info][gc,task     ] GC(37) Using 3 of 6 workers for concurrent evacuation
[2026-04-03T06:51:13.623+0600][97.761s][info][gc          ] GC(37) Concurrent evacuation 11.150ms
[2026-04-03T06:51:13.624+0600][97.761s][info][gc,start    ] GC(37) Pause Init Update Refs
[2026-04-03T06:51:13.624+0600][97.762s][info][gc,ergo     ] GC(37) Pacer for Update Refs. Used: 1156M, Free: 2525M, Non-Taxable: 252M, Alloc Tax Rate: 1.1x
[2026-04-03T06:51:13.624+0600][97.762s][info][gc          ] GC(37) Pause Init Update Refs 0.271ms
[2026-04-03T06:51:13.624+0600][97.762s][info][gc,start    ] GC(37) Concurrent update references
[2026-04-03T06:51:13.624+0600][97.762s][info][gc,task     ] GC(37) Using 3 of 6 workers for concurrent reference update
[2026-04-03T06:51:13.675+0600][97.812s][info][gc          ] GC(37) Concurrent update references 50.632ms
[2026-04-03T06:51:13.675+0600][97.813s][info][gc,start    ] GC(37) Concurrent update thread roots
[2026-04-03T06:51:13.676+0600][97.814s][info][gc          ] GC(37) Concurrent update thread roots 1.319ms
[2026-04-03T06:51:13.677+0600][97.814s][info][gc,start    ] GC(37) Pause Final Update Refs
[2026-04-03T06:51:13.677+0600][97.814s][info][gc,task     ] GC(37) Using 6 of 6 workers for final reference update
[2026-04-03T06:51:13.677+0600][97.814s][info][gc          ] GC(37) Pause Final Update Refs 0.315ms
[2026-04-03T06:51:13.677+0600][97.815s][info][gc,start    ] GC(37) Concurrent cleanup
[2026-04-03T06:51:13.678+0600][97.816s][info][gc          ] GC(37) Concurrent cleanup 1189M->401M(3582M) 1.018ms
[2026-04-03T06:51:13.678+0600][97.816s][info][gc,ergo     ] Free: 3253M, Max: 1024K regular, 2625M humongous, Frag: 20% external, 0% internal; Reserve: 197M, Max: 1024K
[2026-04-03T06:51:13.678+0600][97.816s][info][gc,stats    ] 
[2026-04-03T06:51:13.678+0600][97.816s][info][gc,stats    ] All times are wall-clock times, except per-root-class counters, that are sum over
[2026-04-03T06:51:13.678+0600][97.816s][info][gc,stats    ] all workers. Dividing the <total> over the root stage time estimates parallelism.
[2026-04-03T06:51:13.678+0600][97.816s][info][gc,stats    ] 
[2026-04-03T06:51:13.678+0600][97.816s][info][gc,stats    ] Concurrent Reset                   8587 us
[2026-04-03T06:51:13.678+0600][97.816s][info][gc,stats    ] Pause Init Mark (G)                1653 us
[2026-04-03T06:51:13.678+0600][97.816s][info][gc,stats    ] Pause Init Mark (N)                 264 us
[2026-04-03T06:51:13.678+0600][97.816s][info][gc,stats    ]   Update Region States               93 us
[2026-04-03T06:51:13.678+0600][97.816s][info][gc,stats    ] Concurrent Mark Roots              2316 us, parallelism: 1.89x
[2026-04-03T06:51:13.678+0600][97.816s][info][gc,stats    ]   CMR: <total>                     4389 us
[2026-04-03T06:51:13.678+0600][97.816s][info][gc,stats    ]   CMR: Thread Roots                3662 us, workers (us): 755, 1410, 1497, ---, ---, ---, 
[2026-04-03T06:51:13.678+0600][97.816s][info][gc,stats    ]   CMR: VM Strong Roots               80 us, workers (us):  45,  24,  11, ---, ---, ---, 
[2026-04-03T06:51:13.679+0600][97.816s][info][gc,stats    ]   CMR: CLDG Roots                   647 us, workers (us): 647, ---, ---, ---, ---, ---, 
[2026-04-03T06:51:13.679+0600][97.816s][info][gc,stats    ] Concurrent Marking                78377 us
[2026-04-03T06:51:13.679+0600][97.816s][info][gc,stats    ] Pause Final Mark (G)               5582 us
[2026-04-03T06:51:13.679+0600][97.816s][info][gc,stats    ] Pause Final Mark (N)               1000 us
[2026-04-03T06:51:13.679+0600][97.816s][info][gc,stats    ]   Finish Mark                       269 us
[2026-04-03T06:51:13.679+0600][97.816s][info][gc,stats    ]   Update Region States               84 us
[2026-04-03T06:51:13.679+0600][97.816s][info][gc,stats    ]   Choose Collection Set             359 us
[2026-04-03T06:51:13.679+0600][97.816s][info][gc,stats    ]   Rebuild Free Set                   53 us
[2026-04-03T06:51:13.679+0600][97.816s][info][gc,stats    ] Concurrent Thread Roots            1533 us, parallelism: 2.57x
[2026-04-03T06:51:13.679+0600][97.816s][info][gc,stats    ]   CTR: <total>                     3934 us
[2026-04-03T06:51:13.679+0600][97.816s][info][gc,stats    ]   CTR: Thread Roots                3934 us, workers (us): 1336, 1305, 1293, ---, ---, ---, 
[2026-04-03T06:51:13.679+0600][97.816s][info][gc,stats    ] Concurrent Weak References         1377 us, parallelism: 1.96x
[2026-04-03T06:51:13.679+0600][97.816s][info][gc,stats    ]   CWRF: <total>                    2702 us
[2026-04-03T06:51:13.679+0600][97.816s][info][gc,stats    ]   CWRF: Weak References            2702 us, workers (us): 943, 1048, 711, ---, ---, ---, 
[2026-04-03T06:51:13.679+0600][97.816s][info][gc,stats    ] Concurrent Weak Roots             11952 us
[2026-04-03T06:51:13.679+0600][97.816s][info][gc,stats    ]   Roots                            6040 us, parallelism: 2.75x
[2026-04-03T06:51:13.679+0600][97.816s][info][gc,stats    ]     CWR: <total>                  16611 us
[2026-04-03T06:51:13.679+0600][97.816s][info][gc,stats    ]     CWR: Code Cache Roots         12740 us, workers (us): 4266, 4250, 4224, ---, ---, ---, 
[2026-04-03T06:51:13.679+0600][97.816s][info][gc,stats    ]     CWR: VM Weak Roots             3673 us, workers (us): 1243, 1233, 1198, ---, ---, ---, 
[2026-04-03T06:51:13.679+0600][97.816s][info][gc,stats    ]     CWR: CLDG Roots                 197 us, workers (us): ---, ---, 197, ---, ---, ---, 
[2026-04-03T06:51:13.679+0600][97.816s][info][gc,stats    ]   Rendezvous                       5740 us
[2026-04-03T06:51:13.679+0600][97.816s][info][gc,stats    ] Concurrent Cleanup                 1299 us
[2026-04-03T06:51:13.679+0600][97.816s][info][gc,stats    ] Concurrent Class Unloading        22018 us
[2026-04-03T06:51:13.679+0600][97.816s][info][gc,stats    ]   Unlink Stale                    16792 us
[2026-04-03T06:51:13.679+0600][97.816s][info][gc,stats    ]     System Dictionary               344 us
[2026-04-03T06:51:13.679+0600][97.816s][info][gc,stats    ]     Weak Class Links                  0 us
[2026-04-03T06:51:13.679+0600][97.816s][info][gc,stats    ]     Code Roots                    16443 us
[2026-04-03T06:51:13.679+0600][97.816s][info][gc,stats    ]   Rendezvous                        529 us
[2026-04-03T06:51:13.679+0600][97.816s][info][gc,stats    ]   Purge Unlinked                   4535 us
[2026-04-03T06:51:13.679+0600][97.816s][info][gc,stats    ]     Code Roots                     4511 us
[2026-04-03T06:51:13.679+0600][97.816s][info][gc,stats    ]     CLDG                             23 us
[2026-04-03T06:51:13.679+0600][97.816s][info][gc,stats    ]     Exception Caches                  0 us
[2026-04-03T06:51:13.679+0600][97.816s][info][gc,stats    ] Concurrent Strong Roots            1476 us, parallelism: 0.65x
[2026-04-03T06:51:13.679+0600][97.816s][info][gc,stats    ]   CSR: <total>                      956 us
[2026-04-03T06:51:13.679+0600][97.817s][info][gc,stats    ]   CSR: VM Strong Roots               73 us, workers (us):  39,  33,   0, ---, ---, ---, 
[2026-04-03T06:51:13.679+0600][97.817s][info][gc,stats    ]   CSR: CLDG Roots                   883 us, workers (us): 883, ---, ---, ---, ---, ---, 
[2026-04-03T06:51:13.679+0600][97.817s][info][gc,stats    ] Concurrent Evacuation             11297 us
[2026-04-03T06:51:13.679+0600][97.817s][info][gc,stats    ] Pause Init Update Refs (G)          737 us
[2026-04-03T06:51:13.679+0600][97.817s][info][gc,stats    ] Pause Init Update Refs (N)          293 us
[2026-04-03T06:51:13.679+0600][97.817s][info][gc,stats    ]   Manage GCLABs                      72 us
[2026-04-03T06:51:13.679+0600][97.817s][info][gc,stats    ] Concurrent Update Refs            50722 us
[2026-04-03T06:51:13.679+0600][97.817s][info][gc,stats    ] Concurrent Update Thread Roots     1431 us
[2026-04-03T06:51:13.679+0600][97.817s][info][gc,stats    ] Pause Final Update Refs (G)         577 us
[2026-04-03T06:51:13.679+0600][97.817s][info][gc,stats    ] Pause Final Update Refs (N)         368 us
[2026-04-03T06:51:13.679+0600][97.817s][info][gc,stats    ]   Update Region States              100 us
[2026-04-03T06:51:13.679+0600][97.817s][info][gc,stats    ]   Trash Collection Set               40 us
[2026-04-03T06:51:13.679+0600][97.817s][info][gc,stats    ]   Rebuild Free Set                   79 us
[2026-04-03T06:51:13.679+0600][97.817s][info][gc,stats    ] Concurrent Cleanup                 1088 us
[2026-04-03T06:51:13.679+0600][97.817s][info][gc,stats    ] Pacing                           114315 us
[2026-04-03T06:51:13.679+0600][97.817s][info][gc,stats    ] 
[2026-04-03T06:51:13.679+0600][97.817s][info][gc,stats    ] Allocation pacing accrued:
[2026-04-03T06:51:13.679+0600][97.817s][info][gc,stats    ]      29 of  3112 ms (  0.9%): Executor task launch worker for task 3.0 in stage 3966.0 (TID 7392)
[2026-04-03T06:51:13.679+0600][97.817s][info][gc,stats    ]      31 of  3112 ms (  1.0%): Executor task launch worker for task 0.0 in stage 3966.0 (TID 7389)
[2026-04-03T06:51:13.679+0600][97.817s][info][gc,stats    ]      32 of  3112 ms (  1.0%): Executor task launch worker for task 2.0 in stage 3966.0 (TID 7391)
[2026-04-03T06:51:13.679+0600][97.817s][info][gc,stats    ]      22 of  3112 ms (  0.7%): Executor task launch worker for task 1.0 in stage 3966.0 (TID 7390)
[2026-04-03T06:51:13.679+0600][97.817s][info][gc,stats    ]     114 of  3112 ms (  3.7%): <total>
[2026-04-03T06:51:13.679+0600][97.817s][info][gc,stats    ]       0 of  3112 ms (  0.0%): <average total>
[2026-04-03T06:51:13.679+0600][97.817s][info][gc,stats    ]      29 of  3112 ms (  0.9%): <average non-zero>
[2026-04-03T06:51:13.679+0600][97.817s][info][gc,stats    ] 
[2026-04-03T06:51:13.679+0600][97.817s][info][gc,metaspace] Metaspace: 131662K(132928K)->131662K(132928K) NonClass: 115180K(115776K)->115180K(115776K) Class: 16482K(17152K)->16482K(17152K)
[2026-04-03T06:51:13.679+0600][97.817s][info][gc,ergo     ] Pacer for Idle. Initial: 80302K, Alloc Tax Rate: 1.0x
[2026-04-03T06:51:15.690+0600][99.828s][info][gc          ] Trigger: Average GC time (256.77 ms) is above the time for average allocation rate (2680 MB/s) to deplete free headroom (445M) (margin of error = 1.86)
[2026-04-03T06:51:15.690+0600][99.828s][info][gc,ergo     ] Free headroom: 641M (free) - 196M (spike) - 0B (penalties) = 445M
[2026-04-03T06:51:15.690+0600][99.828s][info][gc,ergo     ] Free: 641M, Max: 1024K regular, 469M humongous, Frag: 27% external, 0% internal; Reserve: 197M, Max: 1024K
[2026-04-03T06:51:15.690+0600][99.828s][info][gc,start    ] GC(38) Concurrent reset
[2026-04-03T06:51:15.690+0600][99.828s][info][gc,task     ] GC(38) Using 3 of 6 workers for concurrent reset
[2026-04-03T06:51:15.690+0600][99.828s][info][gc,ergo     ] GC(38) Pacer for Reset. Non-Taxable: 3921M
[2026-04-03T06:51:15.699+0600][99.836s][info][gc          ] GC(38) Concurrent reset 8.698ms
[2026-04-03T06:51:15.699+0600][99.837s][info][gc,start    ] GC(38) Pause Init Mark (unload classes)
[2026-04-03T06:51:15.699+0600][99.837s][info][gc,task     ] GC(38) Using 6 of 6 workers for init marking
[2026-04-03T06:51:15.700+0600][99.837s][info][gc,ergo     ] GC(38) Pacer for Mark. Expected Live: 101M, Free: 639M, Non-Taxable: 65489K, Alloc Tax Rate: 0.2x
[2026-04-03T06:51:15.700+0600][99.837s][info][gc          ] GC(38) Pause Init Mark (unload classes) 0.182ms
[2026-04-03T06:51:15.700+0600][99.837s][info][gc,start    ] GC(38) Concurrent marking roots
[2026-04-03T06:51:15.700+0600][99.837s][info][gc,task     ] GC(38) Using 3 of 6 workers for concurrent marking roots
[2026-04-03T06:51:15.701+0600][99.839s][info][gc          ] GC(38) Concurrent marking roots 1.467ms
[2026-04-03T06:51:15.701+0600][99.839s][info][gc,start    ] GC(38) Concurrent marking (unload classes)
[2026-04-03T06:51:15.701+0600][99.839s][info][gc,task     ] GC(38) Using 3 of 6 workers for concurrent marking
[2026-04-03T06:51:15.765+0600][99.903s][info][gc          ] GC(38) Concurrent marking (unload classes) 63.777ms
[2026-04-03T06:51:15.766+0600][99.903s][info][gc,start    ] GC(38) Pause Final Mark (unload classes)
[2026-04-03T06:51:15.766+0600][99.904s][info][gc,task     ] GC(38) Using 6 of 6 workers for final marking
[2026-04-03T06:51:15.767+0600][99.904s][info][gc,ergo     ] GC(38) Adaptive CSet Selection. Target Free: 555M, Actual Free: 2430M, Max CSet: 163M, Min Garbage: 0B
[2026-04-03T06:51:15.767+0600][99.904s][info][gc,ergo     ] GC(38) Collectable Garbage: 2487M (99%), Immediate: 1910M (76%), CSet: 576M (23%)
[2026-04-03T06:51:15.767+0600][99.904s][info][gc,ergo     ] GC(38) Pacer for Evacuation. Used CSet: 589M, Free: 2729M, Non-Taxable: 272M, Alloc Tax Rate: 1.1x
[2026-04-03T06:51:15.767+0600][99.904s][info][gc          ] GC(38) Pause Final Mark (unload classes) 0.997ms
[2026-04-03T06:51:15.767+0600][99.905s][info][gc,start    ] GC(38) Concurrent thread roots
[2026-04-03T06:51:15.767+0600][99.905s][info][gc,task     ] GC(38) Using 3 of 6 workers for Concurrent thread roots
[2026-04-03T06:51:15.769+0600][99.906s][info][gc          ] GC(38) Concurrent thread roots 1.738ms
[2026-04-03T06:51:15.769+0600][99.906s][info][gc,start    ] GC(38) Concurrent weak references
[2026-04-03T06:51:15.769+0600][99.906s][info][gc,task     ] GC(38) Using 3 of 6 workers for concurrent weak references
[2026-04-03T06:51:15.770+0600][99.908s][info][gc,ref      ] GC(38) Encountered references: Soft: 3784, Weak: 17717, Final: 84, Phantom: 621
[2026-04-03T06:51:15.770+0600][99.908s][info][gc,ref      ] GC(38) Discovered  references: Soft: 0, Weak: 5672, Final: 0, Phantom: 616
[2026-04-03T06:51:15.770+0600][99.908s][info][gc,ref      ] GC(38) Enqueued    references: Soft: 0, Weak: 3126, Final: 0, Phantom: 0
[2026-04-03T06:51:15.770+0600][99.908s][info][gc          ] GC(38) Concurrent weak references 1.219ms
[2026-04-03T06:51:15.770+0600][99.908s][info][gc,start    ] GC(38) Concurrent weak roots
[2026-04-03T06:51:15.770+0600][99.908s][info][gc,task     ] GC(38) Using 3 of 6 workers for concurrent weak root
[2026-04-03T06:51:15.776+0600][99.913s][info][gc          ] GC(38) Concurrent weak roots 5.328ms
[2026-04-03T06:51:15.776+0600][99.913s][info][gc,start    ] GC(38) Concurrent cleanup
[2026-04-03T06:51:15.777+0600][99.915s][info][gc          ] GC(38) Concurrent cleanup 2882M->973M(3582M) 1.491ms
[2026-04-03T06:51:15.777+0600][99.915s][info][gc,ergo     ] GC(38) Free: 2682M, Max: 1024K regular, 345M humongous, Frag: 88% external, 0% internal; Reserve: 195M, Max: 1024K
[2026-04-03T06:51:15.777+0600][99.915s][info][gc,start    ] GC(38) Concurrent class unloading
[2026-04-03T06:51:15.777+0600][99.915s][info][gc,task     ] GC(38) Using 3 of 6 workers for concurrent class unloading
[2026-04-03T06:51:15.800+0600][99.938s][info][gc          ] GC(38) Concurrent class unloading 23.102ms
[2026-04-03T06:51:15.801+0600][99.938s][info][gc,start    ] GC(38) Concurrent strong roots
[2026-04-03T06:51:15.801+0600][99.938s][info][gc,task     ] GC(38) Using 3 of 6 workers for concurrent strong root
[2026-04-03T06:51:15.802+0600][99.939s][info][gc          ] GC(38) Concurrent strong roots 1.238ms
[2026-04-03T06:51:15.802+0600][99.939s][info][gc,start    ] GC(38) Concurrent evacuation
[2026-04-03T06:51:15.802+0600][99.939s][info][gc,task     ] GC(38) Using 3 of 6 workers for concurrent evacuation
[2026-04-03T06:51:15.810+0600][99.948s][info][gc          ] GC(38) Concurrent evacuation 8.513ms
[2026-04-03T06:51:15.811+0600][99.948s][info][gc,start    ] GC(38) Pause Init Update Refs
[2026-04-03T06:51:15.811+0600][99.948s][info][gc,ergo     ] GC(38) Pacer for Update Refs. Used: 1008M, Free: 2657M, Non-Taxable: 265M, Alloc Tax Rate: 1.1x
[2026-04-03T06:51:15.811+0600][99.948s][info][gc          ] GC(38) Pause Init Update Refs 0.230ms
[2026-04-03T06:51:15.811+0600][99.949s][info][gc,start    ] GC(38) Concurrent update references
[2026-04-03T06:51:15.811+0600][99.949s][info][gc,task     ] GC(38) Using 3 of 6 workers for concurrent reference update
[2026-04-03T06:51:15.867+0600][100.005s][info][gc          ] GC(38) Concurrent update references 56.012ms
[2026-04-03T06:51:15.867+0600][100.005s][info][gc,start    ] GC(38) Concurrent update thread roots
[2026-04-03T06:51:15.869+0600][100.007s][info][gc          ] GC(38) Concurrent update thread roots 1.808ms
[2026-04-03T06:51:15.869+0600][100.007s][info][gc,start    ] GC(38) Pause Final Update Refs
[2026-04-03T06:51:15.869+0600][100.007s][info][gc,task     ] GC(38) Using 6 of 6 workers for final reference update
[2026-04-03T06:51:15.870+0600][100.007s][info][gc          ] GC(38) Pause Final Update Refs 0.330ms
[2026-04-03T06:51:15.870+0600][100.007s][info][gc,start    ] GC(38) Concurrent cleanup
[2026-04-03T06:51:15.870+0600][100.008s][info][gc          ] GC(38) Concurrent cleanup 1056M->467M(3582M) 0.420ms
[2026-04-03T06:51:15.870+0600][100.008s][info][gc,ergo     ] Free: 3176M, Max: 1024K regular, 2158M humongous, Frag: 32% external, 0% internal; Reserve: 197M, Max: 1024K
[2026-04-03T06:51:15.870+0600][100.008s][info][gc,stats    ] 
[2026-04-03T06:51:15.870+0600][100.008s][info][gc,stats    ] All times are wall-clock times, except per-root-class counters, that are sum over
[2026-04-03T06:51:15.870+0600][100.008s][info][gc,stats    ] all workers. Dividing the <total> over the root stage time estimates parallelism.
[2026-04-03T06:51:15.870+0600][100.008s][info][gc,stats    ] 
[2026-04-03T06:51:15.870+0600][100.008s][info][gc,stats    ] Concurrent Reset                   8801 us
[2026-04-03T06:51:15.870+0600][100.008s][info][gc,stats    ] Pause Init Mark (G)                 787 us
[2026-04-03T06:51:15.870+0600][100.008s][info][gc,stats    ] Pause Init Mark (N)                 194 us
[2026-04-03T06:51:15.870+0600][100.008s][info][gc,stats    ]   Update Region States               44 us
[2026-04-03T06:51:15.871+0600][100.008s][info][gc,stats    ] Concurrent Mark Roots              1503 us, parallelism: 1.81x
[2026-04-03T06:51:15.871+0600][100.008s][info][gc,stats    ]   CMR: <total>                     2727 us
[2026-04-03T06:51:15.871+0600][100.008s][info][gc,stats    ]   CMR: Thread Roots                2287 us, workers (us): 553, 921, 813, ---, ---, ---, 
[2026-04-03T06:51:15.871+0600][100.008s][info][gc,stats    ]   CMR: VM Strong Roots               40 us, workers (us):  38,   1,   1, ---, ---, ---, 
[2026-04-03T06:51:15.871+0600][100.008s][info][gc,stats    ]   CMR: CLDG Roots                   399 us, workers (us): 399, ---, ---, ---, ---, ---, 
[2026-04-03T06:51:15.871+0600][100.008s][info][gc,stats    ] Concurrent Marking                63904 us
[2026-04-03T06:51:15.871+0600][100.008s][info][gc,stats    ] Pause Final Mark (G)               1914 us
[2026-04-03T06:51:15.871+0600][100.008s][info][gc,stats    ] Pause Final Mark (N)               1016 us
[2026-04-03T06:51:15.871+0600][100.008s][info][gc,stats    ]   Finish Mark                       332 us
[2026-04-03T06:51:15.871+0600][100.008s][info][gc,stats    ]   Update Region States               95 us
[2026-04-03T06:51:15.871+0600][100.008s][info][gc,stats    ]   Choose Collection Set             322 us
[2026-04-03T06:51:15.871+0600][100.008s][info][gc,stats    ]   Rebuild Free Set                   51 us
[2026-04-03T06:51:15.871+0600][100.008s][info][gc,stats    ] Concurrent Thread Roots            1840 us, parallelism: 2.40x
[2026-04-03T06:51:15.871+0600][100.008s][info][gc,stats    ]   CTR: <total>                     4416 us
[2026-04-03T06:51:15.871+0600][100.008s][info][gc,stats    ]   CTR: Thread Roots                4416 us, workers (us): 1468, 1484, 1465, ---, ---, ---, 
[2026-04-03T06:51:15.871+0600][100.008s][info][gc,stats    ] Concurrent Weak References         1239 us, parallelism: 1.00x
[2026-04-03T06:51:15.871+0600][100.008s][info][gc,stats    ]   CWRF: <total>                    1242 us
[2026-04-03T06:51:15.871+0600][100.008s][info][gc,stats    ]   CWRF: Weak References            1242 us, workers (us): 273, 160, 809, ---, ---, ---, 
[2026-04-03T06:51:15.871+0600][100.008s][info][gc,stats    ] Concurrent Weak Roots              5433 us
[2026-04-03T06:51:15.871+0600][100.008s][info][gc,stats    ]   Roots                            4886 us, parallelism: 2.68x
[2026-04-03T06:51:15.871+0600][100.008s][info][gc,stats    ]     CWR: <total>                  13115 us
[2026-04-03T06:51:15.871+0600][100.008s][info][gc,stats    ]     CWR: Code Cache Roots          9461 us, workers (us): 2986, 3254, 3221, ---, ---, ---, 
[2026-04-03T06:51:15.871+0600][100.008s][info][gc,stats    ]     CWR: VM Weak Roots             3409 us, workers (us): 1053, 1189, 1167, ---, ---, ---, 
[2026-04-03T06:51:15.871+0600][100.008s][info][gc,stats    ]     CWR: CLDG Roots                 245 us, workers (us): 245, ---, ---, ---, ---, ---, 
[2026-04-03T06:51:15.871+0600][100.008s][info][gc,stats    ]   Rendezvous                        372 us
[2026-04-03T06:51:15.871+0600][100.008s][info][gc,stats    ] Concurrent Cleanup                 1587 us
[2026-04-03T06:51:15.871+0600][100.008s][info][gc,stats    ] Concurrent Class Unloading        23242 us
[2026-04-03T06:51:15.871+0600][100.008s][info][gc,stats    ]   Unlink Stale                    17931 us
[2026-04-03T06:51:15.871+0600][100.008s][info][gc,stats    ]     System Dictionary               340 us
[2026-04-03T06:51:15.871+0600][100.008s][info][gc,stats    ]     Weak Class Links                  1 us
[2026-04-03T06:51:15.871+0600][100.008s][info][gc,stats    ]     Code Roots                    17585 us
[2026-04-03T06:51:15.871+0600][100.008s][info][gc,stats    ]   Rendezvous                        455 us
[2026-04-03T06:51:15.871+0600][100.008s][info][gc,stats    ]   Purge Unlinked                   4638 us
[2026-04-03T06:51:15.871+0600][100.008s][info][gc,stats    ]     Code Roots                     4616 us
[2026-04-03T06:51:15.871+0600][100.008s][info][gc,stats    ]     CLDG                             21 us
[2026-04-03T06:51:15.871+0600][100.008s][info][gc,stats    ]     Exception Caches                  0 us
[2026-04-03T06:51:15.871+0600][100.008s][info][gc,stats    ] Concurrent Strong Roots            1285 us, parallelism: 0.66x
[2026-04-03T06:51:15.871+0600][100.008s][info][gc,stats    ]   CSR: <total>                      852 us
[2026-04-03T06:51:15.871+0600][100.009s][info][gc,stats    ]   CSR: VM Strong Roots               75 us, workers (us):  48,  27,   0, ---, ---, ---, 
[2026-04-03T06:51:15.871+0600][100.009s][info][gc,stats    ]   CSR: CLDG Roots                   777 us, workers (us): ---, 777, ---, ---, ---, ---, 
[2026-04-03T06:51:15.871+0600][100.009s][info][gc,stats    ] Concurrent Evacuation              8595 us
[2026-04-03T06:51:15.871+0600][100.009s][info][gc,stats    ] Pause Init Update Refs (G)          614 us
[2026-04-03T06:51:15.871+0600][100.009s][info][gc,stats    ] Pause Init Update Refs (N)          253 us
[2026-04-03T06:51:15.871+0600][100.009s][info][gc,stats    ]   Manage GCLABs                      63 us
[2026-04-03T06:51:15.871+0600][100.009s][info][gc,stats    ] Concurrent Update Refs            56123 us
[2026-04-03T06:51:15.871+0600][100.009s][info][gc,stats    ] Concurrent Update Thread Roots     1907 us
[2026-04-03T06:51:15.871+0600][100.009s][info][gc,stats    ] Pause Final Update Refs (G)         758 us
[2026-04-03T06:51:15.871+0600][100.009s][info][gc,stats    ] Pause Final Update Refs (N)         355 us
[2026-04-03T06:51:15.871+0600][100.009s][info][gc,stats    ]   Update Region States               76 us
[2026-04-03T06:51:15.871+0600][100.009s][info][gc,stats    ]   Trash Collection Set               32 us
[2026-04-03T06:51:15.871+0600][100.009s][info][gc,stats    ]   Rebuild Free Set                   75 us
[2026-04-03T06:51:15.871+0600][100.009s][info][gc,stats    ] Concurrent Cleanup                  448 us
[2026-04-03T06:51:15.871+0600][100.009s][info][gc,stats    ] Pacing                            51229 us
[2026-04-03T06:51:15.871+0600][100.009s][info][gc,stats    ] 
[2026-04-03T06:51:15.871+0600][100.009s][info][gc,stats    ] Allocation pacing accrued:
[2026-04-03T06:51:15.871+0600][100.009s][info][gc,stats    ]      16 of  2192 ms (  0.8%): Executor task launch worker for task 0.0 in stage 4130.0 (TID 7655)
[2026-04-03T06:51:15.871+0600][100.009s][info][gc,stats    ]      13 of  2192 ms (  0.6%): Executor task launch worker for task 1.0 in stage 4130.0 (TID 7656)
[2026-04-03T06:51:15.871+0600][100.009s][info][gc,stats    ]       7 of  2192 ms (  0.3%): Executor task launch worker for task 3.0 in stage 4130.0 (TID 7658)
[2026-04-03T06:51:15.871+0600][100.009s][info][gc,stats    ]      15 of  2192 ms (  0.7%): Executor task launch worker for task 2.0 in stage 4130.0 (TID 7657)
[2026-04-03T06:51:15.871+0600][100.009s][info][gc,stats    ]      51 of  2192 ms (  2.3%): <total>
[2026-04-03T06:51:15.871+0600][100.009s][info][gc,stats    ]       0 of  2192 ms (  0.0%): <average total>
[2026-04-03T06:51:15.871+0600][100.009s][info][gc,stats    ]      13 of  2192 ms (  0.6%): <average non-zero>
[2026-04-03T06:51:15.871+0600][100.009s][info][gc,stats    ] 
[2026-04-03T06:51:15.871+0600][100.009s][info][gc,metaspace] Metaspace: 131669K(132992K)->131670K(132992K) NonClass: 115187K(115840K)->115188K(115840K) Class: 16482K(17152K)->16482K(17152K)
[2026-04-03T06:51:15.871+0600][100.009s][info][gc,ergo     ] Pacer for Idle. Initial: 80302K, Alloc Tax Rate: 1.0x
[2026-04-03T06:51:17.783+0600][101.921s][info][gc          ] Trigger: Average GC time (241.43 ms) is above the time for average allocation rate (3705 MB/s) to deplete free headroom (479M) (margin of error = 1.88)
[2026-04-03T06:51:17.783+0600][101.921s][info][gc,ergo     ] Free headroom: 675M (free) - 196M (spike) - 0B (penalties) = 479M
[2026-04-03T06:51:17.784+0600][101.921s][info][gc,ergo     ] Free: 675M, Max: 1024K regular, 553M humongous, Frag: 18% external, 0% internal; Reserve: 197M, Max: 1024K
[2026-04-03T06:51:17.784+0600][101.921s][info][gc,start    ] GC(39) Concurrent reset
[2026-04-03T06:51:17.784+0600][101.921s][info][gc,task     ] GC(39) Using 3 of 6 workers for concurrent reset
[2026-04-03T06:51:17.784+0600][101.921s][info][gc,ergo     ] GC(39) Pacer for Reset. Non-Taxable: 3921M
[2026-04-03T06:51:17.791+0600][101.928s][info][gc          ] GC(39) Concurrent reset 6.980ms
[2026-04-03T06:51:17.791+0600][101.929s][info][gc,start    ] GC(39) Pause Init Mark (unload classes)
[2026-04-03T06:51:17.791+0600][101.929s][info][gc,task     ] GC(39) Using 6 of 6 workers for init marking
[2026-04-03T06:51:17.791+0600][101.929s][info][gc,ergo     ] GC(39) Pacer for Mark. Expected Live: 102M, Free: 648M, Non-Taxable: 66447K, Alloc Tax Rate: 0.2x
[2026-04-03T06:51:17.791+0600][101.929s][info][gc          ] GC(39) Pause Init Mark (unload classes) 0.360ms
[2026-04-03T06:51:17.792+0600][101.929s][info][gc,start    ] GC(39) Concurrent marking roots
[2026-04-03T06:51:17.792+0600][101.929s][info][gc,task     ] GC(39) Using 3 of 6 workers for concurrent marking roots
[2026-04-03T06:51:17.793+0600][101.931s][info][gc          ] GC(39) Concurrent marking roots 1.618ms
[2026-04-03T06:51:17.793+0600][101.931s][info][gc,start    ] GC(39) Concurrent marking (unload classes)
[2026-04-03T06:51:17.793+0600][101.931s][info][gc,task     ] GC(39) Using 3 of 6 workers for concurrent marking
[2026-04-03T06:51:17.870+0600][102.007s][info][gc          ] GC(39) Concurrent marking (unload classes) 76.349ms
[2026-04-03T06:51:17.870+0600][102.007s][info][gc,start    ] GC(39) Pause Final Mark (unload classes)
[2026-04-03T06:51:17.870+0600][102.007s][info][gc,task     ] GC(39) Using 6 of 6 workers for final marking
[2026-04-03T06:51:17.871+0600][102.008s][info][gc,ergo     ] GC(39) Adaptive CSet Selection. Target Free: 555M, Actual Free: 2665M, Max CSet: 163M, Min Garbage: 0B
[2026-04-03T06:51:17.871+0600][102.008s][info][gc,ergo     ] GC(39) Collectable Garbage: 2477M (99%), Immediate: 1902M (76%), CSet: 574M (23%)
[2026-04-03T06:51:17.871+0600][102.009s][info][gc,ergo     ] GC(39) Pacer for Evacuation. Used CSet: 587M, Free: 2964M, Non-Taxable: 296M, Alloc Tax Rate: 1.1x
[2026-04-03T06:51:17.871+0600][102.009s][info][gc          ] GC(39) Pause Final Mark (unload classes) 1.216ms
[2026-04-03T06:51:17.871+0600][102.009s][info][gc,start    ] GC(39) Concurrent thread roots
[2026-04-03T06:51:17.871+0600][102.009s][info][gc,task     ] GC(39) Using 3 of 6 workers for Concurrent thread roots
[2026-04-03T06:51:17.872+0600][102.010s][info][gc          ] GC(39) Concurrent thread roots 1.163ms
[2026-04-03T06:51:17.872+0600][102.010s][info][gc,start    ] GC(39) Concurrent weak references
[2026-04-03T06:51:17.872+0600][102.010s][info][gc,task     ] GC(39) Using 3 of 6 workers for concurrent weak references
[2026-04-03T06:51:17.874+0600][102.011s][info][gc,ref      ] GC(39) Encountered references: Soft: 3786, Weak: 17556, Final: 84, Phantom: 625
[2026-04-03T06:51:17.874+0600][102.011s][info][gc,ref      ] GC(39) Discovered  references: Soft: 0, Weak: 10917, Final: 80, Phantom: 619
[2026-04-03T06:51:17.874+0600][102.011s][info][gc,ref      ] GC(39) Enqueued    references: Soft: 0, Weak: 2886, Final: 0, Phantom: 0
[2026-04-03T06:51:17.874+0600][102.011s][info][gc          ] GC(39) Concurrent weak references 1.226ms
[2026-04-03T06:51:17.874+0600][102.011s][info][gc,start    ] GC(39) Concurrent weak roots
[2026-04-03T06:51:17.874+0600][102.011s][info][gc,task     ] GC(39) Using 3 of 6 workers for concurrent weak root
[2026-04-03T06:51:17.879+0600][102.017s][info][gc          ] GC(39) Concurrent weak roots 5.523ms
[2026-04-03T06:51:17.879+0600][102.017s][info][gc,start    ] GC(39) Concurrent cleanup
[2026-04-03T06:51:17.881+0600][102.018s][info][gc          ] GC(39) Concurrent cleanup 2652M->750M(3582M) 1.468ms
[2026-04-03T06:51:17.881+0600][102.018s][info][gc,ergo     ] GC(39) Free: 2961M, Max: 1024K regular, 570M humongous, Frag: 81% external, 0% internal; Reserve: 196M, Max: 1024K
[2026-04-03T06:51:17.881+0600][102.019s][info][gc,start    ] GC(39) Concurrent class unloading
[2026-04-03T06:51:17.881+0600][102.019s][info][gc,task     ] GC(39) Using 3 of 6 workers for concurrent class unloading
[2026-04-03T06:51:17.905+0600][102.043s][info][gc          ] GC(39) Concurrent class unloading 24.273ms
[2026-04-03T06:51:17.905+0600][102.043s][info][gc,start    ] GC(39) Concurrent strong roots
[2026-04-03T06:51:17.905+0600][102.043s][info][gc,task     ] GC(39) Using 3 of 6 workers for concurrent strong root
[2026-04-03T06:51:17.907+0600][102.044s][info][gc          ] GC(39) Concurrent strong roots 1.378ms
[2026-04-03T06:51:17.907+0600][102.044s][info][gc,start    ] GC(39) Concurrent evacuation
[2026-04-03T06:51:17.907+0600][102.044s][info][gc,task     ] GC(39) Using 3 of 6 workers for concurrent evacuation
[2026-04-03T06:51:17.915+0600][102.053s][info][gc          ] GC(39) Concurrent evacuation 8.379ms
[2026-04-03T06:51:17.916+0600][102.054s][info][gc,start    ] GC(39) Pause Init Update Refs
[2026-04-03T06:51:17.917+0600][102.054s][info][gc,ergo     ] GC(39) Pacer for Update Refs. Used: 783M, Free: 2941M, Non-Taxable: 294M, Alloc Tax Rate: 1.1x
[2026-04-03T06:51:17.917+0600][102.054s][info][gc          ] GC(39) Pause Init Update Refs 0.256ms
[2026-04-03T06:51:17.917+0600][102.054s][info][gc,start    ] GC(39) Concurrent update references
[2026-04-03T06:51:17.917+0600][102.054s][info][gc,task     ] GC(39) Using 3 of 6 workers for concurrent reference update
[2026-04-03T06:51:17.984+0600][102.121s][info][gc          ] GC(39) Concurrent update references 66.776ms
[2026-04-03T06:51:17.984+0600][102.121s][info][gc,start    ] GC(39) Concurrent update thread roots
[2026-04-03T06:51:17.985+0600][102.123s][info][gc          ] GC(39) Concurrent update thread roots 1.681ms
[2026-04-03T06:51:17.986+0600][102.123s][info][gc,start    ] GC(39) Pause Final Update Refs
[2026-04-03T06:51:17.986+0600][102.123s][info][gc,task     ] GC(39) Using 6 of 6 workers for final reference update
[2026-04-03T06:51:17.986+0600][102.123s][info][gc          ] GC(39) Pause Final Update Refs 0.249ms
[2026-04-03T06:51:17.986+0600][102.123s][info][gc,start    ] GC(39) Concurrent cleanup
[2026-04-03T06:51:17.986+0600][102.124s][info][gc          ] GC(39) Concurrent cleanup 821M->234M(3582M) 0.395ms
[2026-04-03T06:51:17.986+0600][102.124s][info][gc,ergo     ] Free: 3461M, Max: 1024K regular, 2068M humongous, Frag: 41% external, 0% internal; Reserve: 197M, Max: 1024K
[2026-04-03T06:51:17.986+0600][102.124s][info][gc,stats    ] 
[2026-04-03T06:51:17.987+0600][102.124s][info][gc,stats    ] All times are wall-clock times, except per-root-class counters, that are sum over
[2026-04-03T06:51:17.987+0600][102.124s][info][gc,stats    ] all workers. Dividing the <total> over the root stage time estimates parallelism.
[2026-04-03T06:51:17.987+0600][102.124s][info][gc,stats    ] 
[2026-04-03T06:51:17.987+0600][102.124s][info][gc,stats    ] Concurrent Reset                   7141 us
[2026-04-03T06:51:17.987+0600][102.124s][info][gc,stats    ] Pause Init Mark (G)                 761 us
[2026-04-03T06:51:17.987+0600][102.124s][info][gc,stats    ] Pause Init Mark (N)                 382 us
[2026-04-03T06:51:17.987+0600][102.124s][info][gc,stats    ]   Update Region States               97 us
[2026-04-03T06:51:17.987+0600][102.124s][info][gc,stats    ] Concurrent Mark Roots              1710 us, parallelism: 1.79x
[2026-04-03T06:51:17.987+0600][102.124s][info][gc,stats    ]   CMR: <total>                     3056 us
[2026-04-03T06:51:17.987+0600][102.124s][info][gc,stats    ]   CMR: Thread Roots                2724 us, workers (us): 758, 985, 980, ---, ---, ---, 
[2026-04-03T06:51:17.987+0600][102.124s][info][gc,stats    ]   CMR: VM Strong Roots               48 us, workers (us):  46,   1,   1, ---, ---, ---, 
[2026-04-03T06:51:17.987+0600][102.124s][info][gc,stats    ]   CMR: CLDG Roots                   285 us, workers (us): 285, ---, ---, ---, ---, ---, 
[2026-04-03T06:51:17.987+0600][102.124s][info][gc,stats    ] Concurrent Marking                76466 us
[2026-04-03T06:51:17.987+0600][102.124s][info][gc,stats    ] Pause Final Mark (G)               1482 us
[2026-04-03T06:51:17.987+0600][102.124s][info][gc,stats    ] Pause Final Mark (N)               1235 us
[2026-04-03T06:51:17.987+0600][102.124s][info][gc,stats    ]   Finish Mark                       507 us
[2026-04-03T06:51:17.987+0600][102.124s][info][gc,stats    ]   Update Region States              102 us
[2026-04-03T06:51:17.987+0600][102.124s][info][gc,stats    ]   Choose Collection Set             372 us
[2026-04-03T06:51:17.987+0600][102.124s][info][gc,stats    ]   Rebuild Free Set                   57 us
[2026-04-03T06:51:17.987+0600][102.124s][info][gc,stats    ] Concurrent Thread Roots            1225 us, parallelism: 2.27x
[2026-04-03T06:51:17.987+0600][102.124s][info][gc,stats    ]   CTR: <total>                     2778 us
[2026-04-03T06:51:17.987+0600][102.124s][info][gc,stats    ]   CTR: Thread Roots                2778 us, workers (us): 957, 922, 899, ---, ---, ---, 
[2026-04-03T06:51:17.987+0600][102.124s][info][gc,stats    ] Concurrent Weak References         1243 us, parallelism: 1.82x
[2026-04-03T06:51:17.987+0600][102.124s][info][gc,stats    ]   CWRF: <total>                    2262 us
[2026-04-03T06:51:17.987+0600][102.124s][info][gc,stats    ]   CWRF: Weak References            2262 us, workers (us): 892, 419, 951, ---, ---, ---, 
[2026-04-03T06:51:17.987+0600][102.124s][info][gc,stats    ] Concurrent Weak Roots              5678 us
[2026-04-03T06:51:17.987+0600][102.124s][info][gc,stats    ]   Roots                            4876 us, parallelism: 2.68x
[2026-04-03T06:51:17.987+0600][102.124s][info][gc,stats    ]     CWR: <total>                  13087 us
[2026-04-03T06:51:17.987+0600][102.124s][info][gc,stats    ]     CWR: Code Cache Roots          9733 us, workers (us): 3346, 3218, 3169, ---, ---, ---, 
[2026-04-03T06:51:17.987+0600][102.124s][info][gc,stats    ]     CWR: VM Weak Roots             3208 us, workers (us): 1095, 1099, 1013, ---, ---, ---, 
[2026-04-03T06:51:17.987+0600][102.124s][info][gc,stats    ]     CWR: CLDG Roots                 146 us, workers (us): ---, ---, 146, ---, ---, ---, 
[2026-04-03T06:51:17.987+0600][102.125s][info][gc,stats    ]   Rendezvous                        605 us
[2026-04-03T06:51:17.987+0600][102.125s][info][gc,stats    ] Concurrent Cleanup                 1549 us
[2026-04-03T06:51:17.987+0600][102.125s][info][gc,stats    ] Concurrent Class Unloading        24399 us
[2026-04-03T06:51:17.987+0600][102.125s][info][gc,stats    ]   Unlink Stale                    19768 us
[2026-04-03T06:51:17.987+0600][102.125s][info][gc,stats    ]     System Dictionary               378 us
[2026-04-03T06:51:17.987+0600][102.125s][info][gc,stats    ]     Weak Class Links                  1 us
[2026-04-03T06:51:17.987+0600][102.125s][info][gc,stats    ]     Code Roots                    19384 us
[2026-04-03T06:51:17.987+0600][102.125s][info][gc,stats    ]   Rendezvous                        426 us
[2026-04-03T06:51:17.987+0600][102.125s][info][gc,stats    ]   Purge Unlinked                   4024 us
[2026-04-03T06:51:17.987+0600][102.125s][info][gc,stats    ]     Code Roots                     4005 us
[2026-04-03T06:51:17.987+0600][102.125s][info][gc,stats    ]     CLDG                             18 us
[2026-04-03T06:51:17.987+0600][102.125s][info][gc,stats    ]     Exception Caches                  1 us
[2026-04-03T06:51:17.987+0600][102.125s][info][gc,stats    ] Concurrent Strong Roots            1475 us, parallelism: 0.65x
[2026-04-03T06:51:17.987+0600][102.125s][info][gc,stats    ]   CSR: <total>                      957 us
[2026-04-03T06:51:17.987+0600][102.125s][info][gc,stats    ]   CSR: VM Strong Roots               53 us, workers (us):  51,   2,   0, ---, ---, ---, 
[2026-04-03T06:51:17.987+0600][102.125s][info][gc,stats    ]   CSR: CLDG Roots                   904 us, workers (us): 904, ---, ---, ---, ---, ---, 
[2026-04-03T06:51:17.987+0600][102.125s][info][gc,stats    ] Concurrent Evacuation              8491 us
[2026-04-03T06:51:17.987+0600][102.125s][info][gc,stats    ] Pause Init Update Refs (G)         1380 us
[2026-04-03T06:51:17.987+0600][102.125s][info][gc,stats    ] Pause Init Update Refs (N)          286 us
[2026-04-03T06:51:17.987+0600][102.125s][info][gc,stats    ]   Manage GCLABs                      83 us
[2026-04-03T06:51:17.987+0600][102.125s][info][gc,stats    ] Concurrent Update Refs            66901 us
[2026-04-03T06:51:17.987+0600][102.125s][info][gc,stats    ] Concurrent Update Thread Roots     1761 us
[2026-04-03T06:51:17.987+0600][102.125s][info][gc,stats    ] Pause Final Update Refs (G)         491 us
[2026-04-03T06:51:17.987+0600][102.125s][info][gc,stats    ] Pause Final Update Refs (N)         282 us
[2026-04-03T06:51:17.987+0600][102.125s][info][gc,stats    ]   Update Region States               88 us
[2026-04-03T06:51:17.987+0600][102.125s][info][gc,stats    ]   Trash Collection Set               31 us
[2026-04-03T06:51:17.987+0600][102.125s][info][gc,stats    ]   Rebuild Free Set                   60 us
[2026-04-03T06:51:17.987+0600][102.125s][info][gc,stats    ] Concurrent Cleanup                  434 us
[2026-04-03T06:51:17.987+0600][102.125s][info][gc,stats    ] 
[2026-04-03T06:51:17.987+0600][102.125s][info][gc,stats    ] Allocation pacing accrued:
[2026-04-03T06:51:17.987+0600][102.125s][info][gc,stats    ]       0 of  2116 ms (  0.0%): <total>
[2026-04-03T06:51:17.987+0600][102.125s][info][gc,stats    ]       0 of  2116 ms (  0.0%): <average total>
[2026-04-03T06:51:17.987+0600][102.125s][info][gc,stats    ] 
[2026-04-03T06:51:17.987+0600][102.125s][info][gc,metaspace] Metaspace: 131710K(132992K)->131713K(132992K) NonClass: 115224K(115840K)->115227K(115840K) Class: 16486K(17152K)->16486K(17152K)
[2026-04-03T06:51:17.988+0600][102.125s][info][gc,ergo     ] Pacer for Idle. Initial: 80302K, Alloc Tax Rate: 1.0x
[2026-04-03T06:51:19.900+0600][104.037s][info][gc          ] Trigger: Average GC time (231.68 ms) is above the time for average allocation rate (3661 MB/s) to deplete free headroom (724M) (margin of error = 1.88)
[2026-04-03T06:51:19.900+0600][104.038s][info][gc,ergo     ] Free headroom: 920M (free) - 196M (spike) - 0B (penalties) = 724M
[2026-04-03T06:51:19.900+0600][104.038s][info][gc,ergo     ] Free: 919M, Max: 1024K regular, 570M humongous, Frag: 38% external, 0% internal; Reserve: 197M, Max: 1024K
[2026-04-03T06:51:19.900+0600][104.038s][info][gc,start    ] GC(40) Concurrent reset
[2026-04-03T06:51:19.900+0600][104.038s][info][gc,task     ] GC(40) Using 3 of 6 workers for concurrent reset
[2026-04-03T06:51:19.900+0600][104.038s][info][gc,ergo     ] GC(40) Pacer for Reset. Non-Taxable: 3921M
[2026-04-03T06:51:19.906+0600][104.043s][info][gc          ] GC(40) Concurrent reset 5.394ms
[2026-04-03T06:51:19.906+0600][104.043s][info][gc,start    ] GC(40) Pause Init Mark (unload classes)
[2026-04-03T06:51:19.906+0600][104.043s][info][gc,task     ] GC(40) Using 6 of 6 workers for init marking
[2026-04-03T06:51:19.906+0600][104.044s][info][gc,ergo     ] GC(40) Pacer for Mark. Expected Live: 102M, Free: 917M, Non-Taxable: 93906K, Alloc Tax Rate: 0.1x
[2026-04-03T06:51:19.906+0600][104.044s][info][gc          ] GC(40) Pause Init Mark (unload classes) 0.210ms
[2026-04-03T06:51:19.906+0600][104.044s][info][gc,start    ] GC(40) Concurrent marking roots
[2026-04-03T06:51:19.906+0600][104.044s][info][gc,task     ] GC(40) Using 3 of 6 workers for concurrent marking roots
[2026-04-03T06:51:19.908+0600][104.046s][info][gc          ] GC(40) Concurrent marking roots 1.720ms
[2026-04-03T06:51:19.908+0600][104.046s][info][gc,start    ] GC(40) Concurrent marking (unload classes)
[2026-04-03T06:51:19.908+0600][104.046s][info][gc,task     ] GC(40) Using 3 of 6 workers for concurrent marking
[2026-04-03T06:51:19.962+0600][104.100s][info][gc          ] GC(40) Concurrent marking (unload classes) 53.884ms
[2026-04-03T06:51:19.962+0600][104.100s][info][gc,start    ] GC(40) Pause Final Mark (unload classes)
[2026-04-03T06:51:19.962+0600][104.100s][info][gc,task     ] GC(40) Using 6 of 6 workers for final marking
[2026-04-03T06:51:19.963+0600][104.101s][info][gc,ergo     ] GC(40) Adaptive CSet Selection. Target Free: 555M, Actual Free: 2781M, Max CSet: 163M, Min Garbage: 0B
[2026-04-03T06:51:19.963+0600][104.101s][info][gc,ergo     ] GC(40) Collectable Garbage: 2265M (99%), Immediate: 1700M (74%), CSet: 564M (24%)
[2026-04-03T06:51:19.964+0600][104.101s][info][gc,ergo     ] GC(40) Pacer for Evacuation. Used CSet: 580M, Free: 3024M, Non-Taxable: 302M, Alloc Tax Rate: 1.1x
[2026-04-03T06:51:19.964+0600][104.101s][info][gc          ] GC(40) Pause Final Mark (unload classes) 1.315ms
[2026-04-03T06:51:19.964+0600][104.101s][info][gc,start    ] GC(40) Concurrent thread roots
[2026-04-03T06:51:19.964+0600][104.102s][info][gc,task     ] GC(40) Using 3 of 6 workers for Concurrent thread roots
[2026-04-03T06:51:19.967+0600][104.105s][info][gc          ] GC(40) Concurrent thread roots 3.502ms
[2026-04-03T06:51:19.968+0600][104.105s][info][gc,start    ] GC(40) Concurrent weak references
[2026-04-03T06:51:19.968+0600][104.105s][info][gc,task     ] GC(40) Using 3 of 6 workers for concurrent weak references
[2026-04-03T06:51:19.969+0600][104.106s][info][gc,ref      ] GC(40) Encountered references: Soft: 3784, Weak: 17627, Final: 84, Phantom: 621
[2026-04-03T06:51:19.969+0600][104.106s][info][gc,ref      ] GC(40) Discovered  references: Soft: 0, Weak: 11115, Final: 48, Phantom: 580
[2026-04-03T06:51:19.969+0600][104.107s][info][gc,ref      ] GC(40) Enqueued    references: Soft: 0, Weak: 3027, Final: 0, Phantom: 0
[2026-04-03T06:51:19.969+0600][104.107s][info][gc          ] GC(40) Concurrent weak references 1.502ms
[2026-04-03T06:51:19.969+0600][104.107s][info][gc,start    ] GC(40) Concurrent weak roots
[2026-04-03T06:51:19.969+0600][104.107s][info][gc,task     ] GC(40) Using 3 of 6 workers for concurrent weak root
[2026-04-03T06:51:19.978+0600][104.116s][info][gc          ] GC(40) Concurrent weak roots 9.195ms
[2026-04-03T06:51:19.978+0600][104.116s][info][gc,start    ] GC(40) Concurrent cleanup
[2026-04-03T06:51:19.980+0600][104.117s][info][gc          ] GC(40) Concurrent cleanup 2419M->721M(3582M) 1.227ms
[2026-04-03T06:51:19.980+0600][104.117s][info][gc,ergo     ] GC(40) Free: 2991M, Max: 1024K regular, 570M humongous, Frag: 81% external, 0% internal; Reserve: 195M, Max: 1024K
[2026-04-03T06:51:19.980+0600][104.117s][info][gc,start    ] GC(40) Concurrent class unloading
[2026-04-03T06:51:19.980+0600][104.117s][info][gc,task     ] GC(40) Using 3 of 6 workers for concurrent class unloading
[2026-04-03T06:51:20.006+0600][104.143s][info][gc          ] GC(40) Concurrent class unloading 25.974ms
[2026-04-03T06:51:20.006+0600][104.144s][info][gc,start    ] GC(40) Concurrent strong roots
[2026-04-03T06:51:20.006+0600][104.144s][info][gc,task     ] GC(40) Using 3 of 6 workers for concurrent strong root
[2026-04-03T06:51:20.008+0600][104.145s][info][gc          ] GC(40) Concurrent strong roots 1.946ms
[2026-04-03T06:51:20.008+0600][104.146s][info][gc,start    ] GC(40) Concurrent evacuation
[2026-04-03T06:51:20.008+0600][104.146s][info][gc,task     ] GC(40) Using 3 of 6 workers for concurrent evacuation
[2026-04-03T06:51:20.022+0600][104.159s][info][gc          ] GC(40) Concurrent evacuation 13.495ms
[2026-04-03T06:51:20.022+0600][104.159s][info][gc,start    ] GC(40) Pause Init Update Refs
[2026-04-03T06:51:20.022+0600][104.160s][info][gc,ergo     ] GC(40) Pacer for Update Refs. Used: 753M, Free: 2976M, Non-Taxable: 297M, Alloc Tax Rate: 1.1x
[2026-04-03T06:51:20.022+0600][104.160s][info][gc          ] GC(40) Pause Init Update Refs 0.214ms
[2026-04-03T06:51:20.022+0600][104.160s][info][gc,start    ] GC(40) Concurrent update references
[2026-04-03T06:51:20.022+0600][104.160s][info][gc,task     ] GC(40) Using 3 of 6 workers for concurrent reference update
[2026-04-03T06:51:20.071+0600][104.209s][info][gc          ] GC(40) Concurrent update references 49.093ms
[2026-04-03T06:51:20.071+0600][104.209s][info][gc,start    ] GC(40) Concurrent update thread roots
[2026-04-03T06:51:20.073+0600][104.211s][info][gc          ] GC(40) Concurrent update thread roots 1.907ms
[2026-04-03T06:51:20.074+0600][104.211s][info][gc,start    ] GC(40) Pause Final Update Refs
[2026-04-03T06:51:20.074+0600][104.211s][info][gc,task     ] GC(40) Using 6 of 6 workers for final reference update
[2026-04-03T06:51:20.074+0600][104.211s][info][gc          ] GC(40) Pause Final Update Refs 0.315ms
[2026-04-03T06:51:20.074+0600][104.212s][info][gc,start    ] GC(40) Concurrent cleanup
[2026-04-03T06:51:20.075+0600][104.213s][info][gc          ] GC(40) Concurrent cleanup 776M->195M(3582M) 0.926ms
[2026-04-03T06:51:20.075+0600][104.213s][info][gc,ergo     ] Free: 3507M, Max: 1024K regular, 2156M humongous, Frag: 39% external, 0% internal; Reserve: 197M, Max: 1024K
[2026-04-03T06:51:20.075+0600][104.213s][info][gc,stats    ] 
[2026-04-03T06:51:20.075+0600][104.213s][info][gc,stats    ] All times are wall-clock times, except per-root-class counters, that are sum over
[2026-04-03T06:51:20.075+0600][104.213s][info][gc,stats    ] all workers. Dividing the <total> over the root stage time estimates parallelism.
[2026-04-03T06:51:20.075+0600][104.213s][info][gc,stats    ] 
[2026-04-03T06:51:20.075+0600][104.213s][info][gc,stats    ] Concurrent Reset                   5493 us
[2026-04-03T06:51:20.075+0600][104.213s][info][gc,stats    ] Pause Init Mark (G)                 685 us
[2026-04-03T06:51:20.075+0600][104.213s][info][gc,stats    ] Pause Init Mark (N)                 222 us
[2026-04-03T06:51:20.075+0600][104.213s][info][gc,stats    ]   Update Region States               62 us
[2026-04-03T06:51:20.075+0600][104.213s][info][gc,stats    ] Concurrent Mark Roots              1784 us, parallelism: 1.72x
[2026-04-03T06:51:20.075+0600][104.213s][info][gc,stats    ]   CMR: <total>                     3073 us
[2026-04-03T06:51:20.075+0600][104.213s][info][gc,stats    ]   CMR: Thread Roots                2544 us, workers (us): 568, 992, 984, ---, ---, ---, 
[2026-04-03T06:51:20.075+0600][104.213s][info][gc,stats    ]   CMR: VM Strong Roots              106 us, workers (us):  53,  52,   1, ---, ---, ---, 
[2026-04-03T06:51:20.075+0600][104.213s][info][gc,stats    ]   CMR: CLDG Roots                   423 us, workers (us): 423, ---, ---, ---, ---, ---, 
[2026-04-03T06:51:20.075+0600][104.213s][info][gc,stats    ] Concurrent Marking                54063 us
[2026-04-03T06:51:20.075+0600][104.213s][info][gc,stats    ] Pause Final Mark (G)               1765 us
[2026-04-03T06:51:20.075+0600][104.213s][info][gc,stats    ] Pause Final Mark (N)               1346 us
[2026-04-03T06:51:20.076+0600][104.213s][info][gc,stats    ]   Finish Mark                       290 us
[2026-04-03T06:51:20.076+0600][104.213s][info][gc,stats    ]   Update Region States              123 us
[2026-04-03T06:51:20.076+0600][104.213s][info][gc,stats    ]   Choose Collection Set             521 us
[2026-04-03T06:51:20.076+0600][104.213s][info][gc,stats    ]   Rebuild Free Set                   77 us
[2026-04-03T06:51:20.076+0600][104.213s][info][gc,stats    ] Concurrent Thread Roots            3616 us, parallelism: 2.50x
[2026-04-03T06:51:20.076+0600][104.213s][info][gc,stats    ]   CTR: <total>                     9032 us
[2026-04-03T06:51:20.076+0600][104.213s][info][gc,stats    ]   CTR: Thread Roots                9032 us, workers (us): 3220, 2924, 2888, ---, ---, ---, 
[2026-04-03T06:51:20.076+0600][104.213s][info][gc,stats    ] Concurrent Weak References         1524 us, parallelism: 1.60x
[2026-04-03T06:51:20.076+0600][104.213s][info][gc,stats    ]   CWRF: <total>                    2443 us
[2026-04-03T06:51:20.076+0600][104.213s][info][gc,stats    ]   CWRF: Weak References            2443 us, workers (us): 1227, 227, 989, ---, ---, ---, 
[2026-04-03T06:51:20.076+0600][104.213s][info][gc,stats    ] Concurrent Weak Roots              9318 us
[2026-04-03T06:51:20.076+0600][104.213s][info][gc,stats    ]   Roots                            8582 us, parallelism: 2.78x
[2026-04-03T06:51:20.076+0600][104.213s][info][gc,stats    ]     CWR: <total>                  23834 us
[2026-04-03T06:51:20.076+0600][104.213s][info][gc,stats    ]     CWR: Code Cache Roots         19430 us, workers (us): 6482, 6192, 6756, ---, ---, ---, 
[2026-04-03T06:51:20.076+0600][104.213s][info][gc,stats    ]     CWR: VM Weak Roots             4009 us, workers (us): 1367, 1322, 1319, ---, ---, ---, 
[2026-04-03T06:51:20.076+0600][104.213s][info][gc,stats    ]     CWR: CLDG Roots                 396 us, workers (us): ---, 396, ---, ---, ---, ---, 
[2026-04-03T06:51:20.076+0600][104.213s][info][gc,stats    ]   Rendezvous                        563 us
[2026-04-03T06:51:20.076+0600][104.213s][info][gc,stats    ] Concurrent Cleanup                 1313 us
[2026-04-03T06:51:20.076+0600][104.213s][info][gc,stats    ] Concurrent Class Unloading        26131 us
[2026-04-03T06:51:20.076+0600][104.213s][info][gc,stats    ]   Unlink Stale                    19823 us
[2026-04-03T06:51:20.076+0600][104.213s][info][gc,stats    ]     System Dictionary               434 us
[2026-04-03T06:51:20.076+0600][104.213s][info][gc,stats    ]     Weak Class Links                  1 us
[2026-04-03T06:51:20.076+0600][104.213s][info][gc,stats    ]     Code Roots                    19380 us
[2026-04-03T06:51:20.076+0600][104.213s][info][gc,stats    ]   Rendezvous                       1097 us
[2026-04-03T06:51:20.076+0600][104.213s][info][gc,stats    ]   Purge Unlinked                   4989 us
[2026-04-03T06:51:20.076+0600][104.213s][info][gc,stats    ]     Code Roots                     4962 us
[2026-04-03T06:51:20.076+0600][104.214s][info][gc,stats    ]     CLDG                             25 us
[2026-04-03T06:51:20.076+0600][104.214s][info][gc,stats    ]     Exception Caches                  1 us
[2026-04-03T06:51:20.076+0600][104.214s][info][gc,stats    ] Concurrent Strong Roots            2033 us, parallelism: 0.69x
[2026-04-03T06:51:20.076+0600][104.214s][info][gc,stats    ]   CSR: <total>                     1412 us
[2026-04-03T06:51:20.076+0600][104.214s][info][gc,stats    ]   CSR: VM Strong Roots               88 us, workers (us):  60,  27,   0, ---, ---, ---, 
[2026-04-03T06:51:20.076+0600][104.214s][info][gc,stats    ]   CSR: CLDG Roots                  1324 us, workers (us): ---, 1324, ---, ---, ---, ---, 
[2026-04-03T06:51:20.076+0600][104.214s][info][gc,stats    ] Concurrent Evacuation             13659 us
[2026-04-03T06:51:20.076+0600][104.214s][info][gc,stats    ] Pause Init Update Refs (G)          569 us
[2026-04-03T06:51:20.076+0600][104.214s][info][gc,stats    ] Pause Init Update Refs (N)          230 us
[2026-04-03T06:51:20.076+0600][104.214s][info][gc,stats    ]   Manage GCLABs                      77 us
[2026-04-03T06:51:20.076+0600][104.214s][info][gc,stats    ] Concurrent Update Refs            49225 us
[2026-04-03T06:51:20.076+0600][104.214s][info][gc,stats    ] Concurrent Update Thread Roots     1993 us
[2026-04-03T06:51:20.076+0600][104.214s][info][gc,stats    ] Pause Final Update Refs (G)         565 us
[2026-04-03T06:51:20.076+0600][104.214s][info][gc,stats    ] Pause Final Update Refs (N)         336 us
[2026-04-03T06:51:20.076+0600][104.214s][info][gc,stats    ]   Update Region States               78 us
[2026-04-03T06:51:20.076+0600][104.214s][info][gc,stats    ]   Trash Collection Set               28 us
[2026-04-03T06:51:20.076+0600][104.214s][info][gc,stats    ]   Rebuild Free Set                   60 us
[2026-04-03T06:51:20.076+0600][104.214s][info][gc,stats    ] Concurrent Cleanup                  974 us
[2026-04-03T06:51:20.076+0600][104.214s][info][gc,stats    ] 
[2026-04-03T06:51:20.076+0600][104.214s][info][gc,stats    ] Allocation pacing accrued:
[2026-04-03T06:51:20.076+0600][104.214s][info][gc,stats    ]       0 of  2089 ms (  0.0%): <total>
[2026-04-03T06:51:20.076+0600][104.214s][info][gc,stats    ]       0 of  2089 ms (  0.0%): <average total>
[2026-04-03T06:51:20.076+0600][104.214s][info][gc,stats    ] 
[2026-04-03T06:51:20.076+0600][104.214s][info][gc,metaspace] Metaspace: 131725K(132992K)->131725K(132992K) NonClass: 115239K(115840K)->115239K(115840K) Class: 16486K(17152K)->16486K(17152K)
[2026-04-03T06:51:20.076+0600][104.214s][info][gc,ergo     ] Pacer for Idle. Initial: 80302K, Alloc Tax Rate: 1.0x
[2026-04-03T06:51:23.095+0600][107.232s][info][gc          ] Cancelling GC: Stopping VM
[2026-04-03T06:51:23.096+0600][107.233s][info][gc,heap,exit] Heap
[2026-04-03T06:51:23.096+0600][107.233s][info][gc,heap,exit] Shenandoah Heap
[2026-04-03T06:51:23.096+0600][107.233s][info][gc,heap,exit]  3921M max, 3921M soft max, 3582M committed, 2155M used
[2026-04-03T06:51:23.096+0600][107.233s][info][gc,heap,exit]  3921 x 1024K regions
[2026-04-03T06:51:23.096+0600][107.233s][info][gc,heap,exit] Status: cancelled
[2026-04-03T06:51:23.096+0600][107.233s][info][gc,heap,exit] Reserved region:
[2026-04-03T06:51:23.096+0600][107.233s][info][gc,heap,exit]  - [0x000000070af00000, 0x0000000800000000) 
[2026-04-03T06:51:23.096+0600][107.233s][info][gc,heap,exit] Collection set:
[2026-04-03T06:51:23.096+0600][107.233s][info][gc,heap,exit]  - map (vanilla): 0x00000000000170af
[2026-04-03T06:51:23.096+0600][107.233s][info][gc,heap,exit]  - map (biased):  0x0000000000010000
[2026-04-03T06:51:23.096+0600][107.233s][info][gc,heap,exit] 
[2026-04-03T06:51:23.096+0600][107.233s][info][gc,heap,exit]  Metaspace       used 132518K, committed 133696K, reserved 1179648K
[2026-04-03T06:51:23.096+0600][107.233s][info][gc,heap,exit]   class space    used 16688K, committed 17280K, reserved 1048576K
[2026-04-03T06:51:23.096+0600][107.233s][info][gc,stats    ] 
[2026-04-03T06:51:23.096+0600][107.233s][info][gc,stats    ] GC STATISTICS:
[2026-04-03T06:51:23.096+0600][107.233s][info][gc,stats    ]   "(G)" (gross) pauses include VM time: time to notify and block threads, do the pre-
[2026-04-03T06:51:23.096+0600][107.233s][info][gc,stats    ]         and post-safepoint housekeeping. Use -Xlog:safepoint+stats to dissect.
[2026-04-03T06:51:23.096+0600][107.233s][info][gc,stats    ]   "(N)" (net) pauses are the times spent in the actual GC code.
[2026-04-03T06:51:23.096+0600][107.233s][info][gc,stats    ]   "a" is average time for each phase, look at levels to see if average makes sense.
[2026-04-03T06:51:23.096+0600][107.233s][info][gc,stats    ]   "lvls" are quantiles: 0% (minimum), 25%, 50% (median), 75%, 100% (maximum).
[2026-04-03T06:51:23.096+0600][107.233s][info][gc,stats    ] 
[2026-04-03T06:51:23.096+0600][107.233s][info][gc,stats    ]   All times are wall-clock times, except per-root-class counters, that are sum over
[2026-04-03T06:51:23.096+0600][107.233s][info][gc,stats    ]   all workers. Dividing the <total> over the root stage time estimates parallelism.
[2026-04-03T06:51:23.096+0600][107.233s][info][gc,stats    ] 
[2026-04-03T06:51:23.096+0600][107.233s][info][gc,stats    ]   Pacing delays are measured from entering the pacing code till exiting it. Therefore,
[2026-04-03T06:51:23.096+0600][107.233s][info][gc,stats    ]   observed pacing delays may be higher than the threshold when paced thread spent more
[2026-04-03T06:51:23.096+0600][107.233s][info][gc,stats    ]   time in the pacing code. It usually happens when thread is de-scheduled while paced,
[2026-04-03T06:51:23.096+0600][107.233s][info][gc,stats    ]   OS takes longer to unblock the thread, or JVM experiences an STW pause.
[2026-04-03T06:51:23.096+0600][107.233s][info][gc,stats    ] 
[2026-04-03T06:51:23.096+0600][107.233s][info][gc,stats    ]   Higher delay would prevent application outpacing the GC, but it will hide the GC latencies
[2026-04-03T06:51:23.096+0600][107.233s][info][gc,stats    ]   from the STW pause times. Pacing affects the individual threads, and so it would also be
[2026-04-03T06:51:23.096+0600][107.233s][info][gc,stats    ]   invisible to the usual profiling tools, but would add up to end-to-end application latency.
[2026-04-03T06:51:23.096+0600][107.233s][info][gc,stats    ]   Raise max pacing delay with care.
[2026-04-03T06:51:23.096+0600][107.233s][info][gc,stats    ] 
[2026-04-03T06:51:23.096+0600][107.233s][info][gc,stats    ] Concurrent Reset               =    0.384 s (a =     9360 us) (n =    41) (lvls, us =     1035,     5020,     7266,     9961,    31700)
[2026-04-03T06:51:23.096+0600][107.233s][info][gc,stats    ] Pause Init Mark (G)            =    0.039 s (a =      951 us) (n =    41) (lvls, us =      428,      537,      652,      891,     4407)
[2026-04-03T06:51:23.096+0600][107.233s][info][gc,stats    ] Pause Init Mark (N)            =    0.011 s (a =      263 us) (n =    41) (lvls, us =       95,      201,      230,      273,      806)
[2026-04-03T06:51:23.096+0600][107.233s][info][gc,stats    ]   Update Region States         =    0.003 s (a =       62 us) (n =    41) (lvls, us =       26,       47,       60,       72,       98)
[2026-04-03T06:51:23.096+0600][107.233s][info][gc,stats    ] Concurrent Mark Roots          =    0.101 s (a =     2462 us) (n =    41) (lvls, us =      979,     1719,     2051,     2461,     7960)
[2026-04-03T06:51:23.096+0600][107.233s][info][gc,stats    ]   CMR: <total>                 =    0.176 s (a =     4290 us) (n =    41) (lvls, us =     1895,     3184,     4102,     4570,    11456)
[2026-04-03T06:51:23.096+0600][107.233s][info][gc,stats    ]   CMR: Thread Roots            =    0.154 s (a =     3756 us) (n =    41) (lvls, us =     1465,     2773,     3418,     3984,    10884)
[2026-04-03T06:51:23.096+0600][107.233s][info][gc,stats    ]   CMR: VM Strong Roots         =    0.004 s (a =      104 us) (n =    41) (lvls, us =       28,       55,       72,       88,      570)
[2026-04-03T06:51:23.096+0600][107.234s][info][gc,stats    ]   CMR: CLDG Roots              =    0.018 s (a =      430 us) (n =    41) (lvls, us =      207,      352,      422,      482,      917)
[2026-04-03T06:51:23.096+0600][107.234s][info][gc,stats    ] Concurrent Marking             =    2.805 s (a =    68422 us) (n =    41) (lvls, us =    11914,    58789,    70117,    78125,   111529)
[2026-04-03T06:51:23.096+0600][107.234s][info][gc,stats    ] Pause Final Mark (G)           =    0.067 s (a =     1645 us) (n =    41) (lvls, us =      863,     1133,     1367,     1602,     5582)
[2026-04-03T06:51:23.096+0600][107.234s][info][gc,stats    ] Pause Final Mark (N)           =    0.045 s (a =     1089 us) (n =    41) (lvls, us =      650,      881,     1055,     1211,     1846)
[2026-04-03T06:51:23.096+0600][107.234s][info][gc,stats    ]   Finish Mark                  =    0.015 s (a =      371 us) (n =    41) (lvls, us =      152,      268,      314,      379,     1077)
[2026-04-03T06:51:23.096+0600][107.234s][info][gc,stats    ]   Update Region States         =    0.003 s (a =       85 us) (n =    41) (lvls, us =       54,       67,       80,       98,      160)
[2026-04-03T06:51:23.096+0600][107.234s][info][gc,stats    ]   Choose Collection Set        =    0.014 s (a =      346 us) (n =    41) (lvls, us =      193,      258,      320,      381,      679)
[2026-04-03T06:51:23.096+0600][107.234s][info][gc,stats    ]   Rebuild Free Set             =    0.003 s (a =       63 us) (n =    41) (lvls, us =       40,       54,       59,       68,      121)
[2026-04-03T06:51:23.096+0600][107.234s][info][gc,stats    ] Concurrent Thread Roots        =    0.072 s (a =     1765 us) (n =    41) (lvls, us =      635,     1211,     1465,     1699,     6154)
[2026-04-03T06:51:23.096+0600][107.234s][info][gc,stats    ]   CTR: <total>                 =    0.157 s (a =     3822 us) (n =    41) (lvls, us =      646,     2539,     3301,     3984,    13671)
[2026-04-03T06:51:23.096+0600][107.234s][info][gc,stats    ]   CTR: Thread Roots            =    0.157 s (a =     3822 us) (n =    41) (lvls, us =      646,     2539,     3301,     3984,    13671)
[2026-04-03T06:51:23.096+0600][107.234s][info][gc,stats    ] Concurrent Weak References     =    0.065 s (a =     1594 us) (n =    41) (lvls, us =      777,     1094,     1367,     1660,     4560)
[2026-04-03T06:51:23.096+0600][107.234s][info][gc,stats    ]   CWRF: <total>                =    0.080 s (a =     1956 us) (n =    41) (lvls, us =      686,     1406,     1758,     2344,     4768)
[2026-04-03T06:51:23.096+0600][107.234s][info][gc,stats    ]   CWRF: Weak References        =    0.080 s (a =     1956 us) (n =    41) (lvls, us =      686,     1406,     1758,     2344,     4768)
[2026-04-03T06:51:23.096+0600][107.234s][info][gc,stats    ] Concurrent Weak Roots          =    0.296 s (a =     7229 us) (n =    41) (lvls, us =     1465,     5449,     6582,     8906,    14773)
[2026-04-03T06:51:23.096+0600][107.234s][info][gc,stats    ]   Roots                        =    0.246 s (a =     5997 us) (n =    41) (lvls, us =     1152,     4961,     5840,     6543,    10347)
[2026-04-03T06:51:23.096+0600][107.234s][info][gc,stats    ]     CWR: <total>               =    0.660 s (a =    16089 us) (n =    41) (lvls, us =     3008,    13086,    15625,    17969,    28976)
[2026-04-03T06:51:23.096+0600][107.234s][info][gc,stats    ]     CWR: Code Cache Roots      =    0.488 s (a =    11903 us) (n =    41) (lvls, us =      996,     9609,    12305,    13477,    21339)
[2026-04-03T06:51:23.096+0600][107.234s][info][gc,stats    ]     CWR: VM Weak Roots         =    0.163 s (a =     3982 us) (n =    41) (lvls, us =     1992,     3164,     3496,     4004,     9131)
[2026-04-03T06:51:23.096+0600][107.234s][info][gc,stats    ]     CWR: CLDG Roots            =    0.008 s (a =      204 us) (n =    41) (lvls, us =       14,      145,      211,      250,      396)
[2026-04-03T06:51:23.096+0600][107.234s][info][gc,stats    ]   Rendezvous                   =    0.041 s (a =     1011 us) (n =    41) (lvls, us =      172,      369,      465,      854,     5740)
[2026-04-03T06:51:23.096+0600][107.234s][info][gc,stats    ] Concurrent Cleanup             =    0.050 s (a =     1227 us) (n =    41) (lvls, us =      271,      893,     1113,     1309,     6260)
[2026-04-03T06:51:23.096+0600][107.234s][info][gc,stats    ] Concurrent Class Unloading     =    1.546 s (a =    37710 us) (n =    41) (lvls, us =     2832,    23047,    27734,    48242,    91563)
[2026-04-03T06:51:23.096+0600][107.234s][info][gc,stats    ]   Unlink Stale                 =    1.077 s (a =    26270 us) (n =    41) (lvls, us =     1816,    16602,    19727,    28906,    59774)
[2026-04-03T06:51:23.096+0600][107.234s][info][gc,stats    ]     System Dictionary          =    0.019 s (a =      454 us) (n =    41) (lvls, us =       36,      303,      346,      438,     1473)
[2026-04-03T06:51:23.096+0600][107.234s][info][gc,stats    ]     Weak Class Links           =    0.298 s (a =     7274 us) (n =    41) (lvls, us =        0,        1,        1,        1,    39099)
[2026-04-03T06:51:23.096+0600][107.234s][info][gc,stats    ]     Code Roots                 =    0.760 s (a =    18536 us) (n =    41) (lvls, us =     1777,    15820,    18359,    21484,    35203)
[2026-04-03T06:51:23.096+0600][107.234s][info][gc,stats    ]   Rendezvous                   =    0.037 s (a =      897 us) (n =    41) (lvls, us =      111,      381,      465,      648,     4194)
[2026-04-03T06:51:23.096+0600][107.234s][info][gc,stats    ]   Purge Unlinked               =    0.423 s (a =    10311 us) (n =    41) (lvls, us =      791,     4023,     6055,    16016,    36996)
[2026-04-03T06:51:23.096+0600][107.234s][info][gc,stats    ]     Code Roots                 =    0.413 s (a =    10076 us) (n =    41) (lvls, us =      768,     4004,     6016,    15820,    33574)
[2026-04-03T06:51:23.096+0600][107.234s][info][gc,stats    ]     CLDG                       =    0.010 s (a =      233 us) (n =    41) (lvls, us =       12,       23,       35,       58,     3419)
[2026-04-03T06:51:23.096+0600][107.234s][info][gc,stats    ]     Exception Caches           =    0.000 s (a =        1 us) (n =    41) (lvls, us =        0,        0,        0,        1,        1)
[2026-04-03T06:51:23.096+0600][107.234s][info][gc,stats    ] Concurrent Strong Roots        =    0.082 s (a =     1996 us) (n =    41) (lvls, us =      973,     1465,     1973,     2305,     4051)
[2026-04-03T06:51:23.096+0600][107.234s][info][gc,stats    ]   CSR: <total>                 =    0.057 s (a =     1397 us) (n =    41) (lvls, us =      701,     1016,     1387,     1641,     2628)
[2026-04-03T06:51:23.096+0600][107.234s][info][gc,stats    ]   CSR: VM Strong Roots         =    0.003 s (a =       77 us) (n =    41) (lvls, us =       33,       66,       78,       88,      122)
[2026-04-03T06:51:23.096+0600][107.234s][info][gc,stats    ]   CSR: CLDG Roots              =    0.054 s (a =     1320 us) (n =    41) (lvls, us =      619,      953,     1289,     1543,     2595)
[2026-04-03T06:51:23.096+0600][107.234s][info][gc,stats    ] Concurrent Evacuation          =    0.528 s (a =    12883 us) (n =    41) (lvls, us =     4922,     8027,    10938,    13867,    36768)
[2026-04-03T06:51:23.096+0600][107.234s][info][gc,stats    ] Pause Init Update Refs (G)     =    0.043 s (a =     1046 us) (n =    41) (lvls, us =      328,      502,      633,      754,     7441)
[2026-04-03T06:51:23.096+0600][107.234s][info][gc,stats    ] Pause Init Update Refs (N)     =    0.010 s (a =      244 us) (n =    41) (lvls, us =      109,      182,      242,      270,      450)
[2026-04-03T06:51:23.096+0600][107.234s][info][gc,stats    ]   Manage GCLABs                =    0.003 s (a =       63 us) (n =    41) (lvls, us =        8,       43,       60,       83,      122)
[2026-04-03T06:51:23.096+0600][107.234s][info][gc,stats    ] Concurrent Update Refs         =    2.179 s (a =    53152 us) (n =    41) (lvls, us =     5742,    47461,    52930,    62500,    75583)
[2026-04-03T06:51:23.096+0600][107.234s][info][gc,stats    ] Concurrent Update Thread Roots =    0.092 s (a =     2239 us) (n =    41) (lvls, us =      721,     1426,     1934,     2422,     7109)
[2026-04-03T06:51:23.096+0600][107.234s][info][gc,stats    ] Pause Final Update Refs (G)    =    0.037 s (a =      892 us) (n =    41) (lvls, us =      355,      543,      604,      750,     6022)
[2026-04-03T06:51:23.096+0600][107.234s][info][gc,stats    ] Pause Final Update Refs (N)    =    0.013 s (a =      324 us) (n =    41) (lvls, us =      195,      271,      312,      354,      533)
[2026-04-03T06:51:23.096+0600][107.234s][info][gc,stats    ]   Update Region States         =    0.003 s (a =       85 us) (n =    41) (lvls, us =       57,       76,       80,       93,      121)
[2026-04-03T06:51:23.096+0600][107.234s][info][gc,stats    ]   Trash Collection Set         =    0.001 s (a =       26 us) (n =    41) (lvls, us =        9,       16,       26,       30,       63)
[2026-04-03T06:51:23.096+0600][107.234s][info][gc,stats    ]   Rebuild Free Set             =    0.003 s (a =       65 us) (n =    41) (lvls, us =       38,       52,       61,       71,      127)
[2026-04-03T06:51:23.096+0600][107.234s][info][gc,stats    ] Concurrent Cleanup             =    0.031 s (a =      766 us) (n =    41) (lvls, us =      344,      480,      824,      957,     1234)
[2026-04-03T06:51:23.097+0600][107.234s][info][gc,stats    ] Concurrent Uncommit            =    0.905 s (a =   301564 us) (n =     3) (lvls, us =   132812,   132812,   132812,   375000,   395568)
[2026-04-03T06:51:23.097+0600][107.234s][info][gc,stats    ] Pacing                         =    0.320 s (a =     7807 us) (n =    41) (lvls, us =        0,        0,        0,        0,   114315)
[2026-04-03T06:51:23.097+0600][107.234s][info][gc,stats    ] 
[2026-04-03T06:51:23.097+0600][107.234s][info][gc,stats    ] 
[2026-04-03T06:51:23.097+0600][107.234s][info][gc,stats    ] Under allocation pressure, concurrent cycles may cancel, and either continue cycle
[2026-04-03T06:51:23.097+0600][107.234s][info][gc,stats    ] under stop-the-world pause or result in stop-the-world Full GC. Increase heap size,
[2026-04-03T06:51:23.097+0600][107.234s][info][gc,stats    ] tune GC heuristics, set more aggressive pacing delay, or lower allocation rate
[2026-04-03T06:51:23.097+0600][107.234s][info][gc,stats    ] to avoid Degenerated and Full GC cycles.
[2026-04-03T06:51:23.097+0600][107.234s][info][gc,stats    ] 
[2026-04-03T06:51:23.097+0600][107.234s][info][gc,stats    ]    41 successful concurrent GCs
[2026-04-03T06:51:23.097+0600][107.234s][info][gc,stats    ]       3 invoked explicitly
[2026-04-03T06:51:23.097+0600][107.234s][info][gc,stats    ]       0 invoked implicitly
[2026-04-03T06:51:23.097+0600][107.234s][info][gc,stats    ] 
[2026-04-03T06:51:23.097+0600][107.234s][info][gc,stats    ]     0 Degenerated GCs
[2026-04-03T06:51:23.097+0600][107.234s][info][gc,stats    ]       0 caused by allocation failure
[2026-04-03T06:51:23.097+0600][107.234s][info][gc,stats    ]       0 upgraded to Full GC
[2026-04-03T06:51:23.097+0600][107.234s][info][gc,stats    ] 
[2026-04-03T06:51:23.097+0600][107.234s][info][gc,stats    ]     0 Full GCs
[2026-04-03T06:51:23.097+0600][107.234s][info][gc,stats    ]       0 invoked explicitly
[2026-04-03T06:51:23.097+0600][107.234s][info][gc,stats    ]       0 invoked implicitly
[2026-04-03T06:51:23.097+0600][107.234s][info][gc,stats    ]       0 caused by allocation failure
[2026-04-03T06:51:23.097+0600][107.234s][info][gc,stats    ]       0 upgraded from Degenerated GC
[2026-04-03T06:51:23.097+0600][107.234s][info][gc,stats    ] 
[2026-04-03T06:51:23.097+0600][107.234s][info][gc,stats    ] 
