[2026-04-03T06:45:54.870+0600][0.006s][info][gc,init] Initializing The Z Garbage Collector
[2026-04-03T06:45:54.870+0600][0.006s][info][gc,init] Version: 21.0.10+7-Ubuntu-124.04 (release)
[2026-04-03T06:45:54.870+0600][0.006s][info][gc,init] NUMA Support: Disabled
[2026-04-03T06:45:54.870+0600][0.006s][info][gc,init] CPUs: 12 total, 12 available
[2026-04-03T06:45:54.870+0600][0.006s][info][gc,init] Memory: 15683M
[2026-04-03T06:45:54.870+0600][0.006s][info][gc,init] Large Page Support: Disabled
[2026-04-03T06:45:54.870+0600][0.006s][info][gc,init] Address Space Type: Contiguous/Unrestricted/Complete
[2026-04-03T06:45:54.870+0600][0.006s][info][gc,init] Address Space Size: 62752M
[2026-04-03T06:45:54.870+0600][0.006s][info][gc,init] Heap Backing File: /memfd:java_heap
[2026-04-03T06:45:54.870+0600][0.006s][info][gc,init] Heap Backing Filesystem: tmpfs (0x1021994)
[2026-04-03T06:45:54.871+0600][0.007s][info][gc,init] Min Capacity: 8M
[2026-04-03T06:45:54.871+0600][0.007s][info][gc,init] Initial Capacity: 246M
[2026-04-03T06:45:54.871+0600][0.007s][info][gc,init] Max Capacity: 3922M
[2026-04-03T06:45:54.871+0600][0.007s][info][gc,init] Soft Max Capacity: 3529M
[2026-04-03T06:45:54.871+0600][0.007s][info][gc,init] Medium Page Size: 32M
[2026-04-03T06:45:54.871+0600][0.007s][info][gc,init] Pre-touch: Disabled
[2026-04-03T06:45:54.871+0600][0.007s][info][gc,init] Available space on backing filesystem: N/A
[2026-04-03T06:45:54.872+0600][0.008s][info][gc,init] Uncommit: Enabled
[2026-04-03T06:45:54.872+0600][0.008s][info][gc,init] Uncommit Delay: 300s
[2026-04-03T06:45:54.872+0600][0.008s][info][gc,init] GC Workers for Old Generation: 3 (dynamic)
[2026-04-03T06:45:54.873+0600][0.009s][info][gc,init] GC Workers for Young Generation: 3 (dynamic)
[2026-04-03T06:45:54.975+0600][0.112s][info][gc,init] GC Workers Max: 3 (dynamic)
[2026-04-03T06:45:54.976+0600][0.112s][info][gc,init] Runtime Workers: 8
[2026-04-03T06:45:54.977+0600][0.113s][info][gc     ] Using The Z Garbage Collector
[2026-04-03T06:45:54.989+0600][0.126s][info][gc,metaspace] CDS archive(s) mapped at: [0x00007bdfc7000000-0x00007bdfc7c9c000-0x00007bdfc7c9c000), size 13221888, SharedBaseAddress: 0x00007bdfc7000000, ArchiveRelocationMode: 1.
[2026-04-03T06:45:54.989+0600][0.126s][info][gc,metaspace] Compressed class space mapped at: 0x00007bdfc8000000-0x00007be008000000, reserved size: 1073741824
[2026-04-03T06:45:54.989+0600][0.126s][info][gc,metaspace] Narrow klass base: 0x00007bdfc7000000, Narrow klass shift: 0, Narrow klass range: 0x100000000
[2026-04-03T06:45:56.556+0600][1.692s][info][gc          ] GC(0) Major Collection (Warmup)
[2026-04-03T06:45:56.556+0600][1.693s][info][gc,task     ] GC(0) Using 3 Workers for Young Generation
[2026-04-03T06:45:56.556+0600][1.693s][info][gc,task     ] GC(0) Using 2 Workers for Old Generation
[2026-04-03T06:45:56.556+0600][1.693s][info][gc,phases   ] GC(0) Y: Young Generation
[2026-04-03T06:45:56.557+0600][1.693s][info][gc,phases   ] GC(0) Y: Pause Mark Start (Major) 0.023ms
[2026-04-03T06:45:56.567+0600][1.704s][info][gc,phases   ] GC(0) Y: Concurrent Mark 9.915ms
[2026-04-03T06:45:56.567+0600][1.704s][info][gc,phases   ] GC(0) Y: Pause Mark End 0.040ms
[2026-04-03T06:45:56.568+0600][1.704s][info][gc,phases   ] GC(0) Y: Concurrent Mark Free 0.001ms
[2026-04-03T06:45:56.568+0600][1.704s][info][gc,phases   ] GC(0) Y: Concurrent Reset Relocation Set 0.001ms
[2026-04-03T06:45:56.580+0600][1.716s][info][gc,reloc    ] GC(0) Y: Using tenuring threshold: 1 (Computed)
[2026-04-03T06:45:56.581+0600][1.718s][info][gc,phases   ] GC(0) Y: Concurrent Select Relocation Set 13.434ms
[2026-04-03T06:45:56.581+0600][1.718s][info][gc,phases   ] GC(0) Y: Pause Relocate Start 0.023ms
[2026-04-03T06:45:56.589+0600][1.726s][info][gc,phases   ] GC(0) Y: Concurrent Relocate 8.004ms
[2026-04-03T06:45:56.589+0600][1.726s][info][gc,alloc    ] GC(0) Y:                         Mark Start        Mark End      Relocate Start    Relocate End   
[2026-04-03T06:45:56.589+0600][1.726s][info][gc,alloc    ] GC(0) Y: Allocation Stalls:          0                0                0                0         
[2026-04-03T06:45:56.590+0600][1.726s][info][gc,load     ] GC(0) Y: Load: 20.39 (170%) / 11.81 (98%) / 7.75 (65%)
[2026-04-03T06:45:56.590+0600][1.726s][info][gc,mmu      ] GC(0) Y: MMU: 2ms/98.0%, 5ms/99.2%, 10ms/99.6%, 20ms/99.7%, 50ms/99.8%, 100ms/99.9%
[2026-04-03T06:45:56.590+0600][1.726s][info][gc,marking  ] GC(0) Y: Mark: 2 stripe(s), 2 proactive flush(es), 1 terminate flush(es), 0 completion(s), 0 continuation(s) 
[2026-04-03T06:45:56.590+0600][1.726s][info][gc,marking  ] GC(0) Y: Mark Stack Usage: 32M
[2026-04-03T06:45:56.590+0600][1.726s][info][gc,nmethod  ] GC(0) Y: NMethods: 1208 registered, 0 unregistered
[2026-04-03T06:45:56.590+0600][1.726s][info][gc,metaspace] GC(0) Y: Metaspace: 11M used, 11M committed, 1088M reserved
[2026-04-03T06:45:56.590+0600][1.726s][info][gc,reloc    ] GC(0) Y:                        Candidates     Selected     In-Place         Size        Empty    Relocated 
[2026-04-03T06:45:56.590+0600][1.726s][info][gc,reloc    ] GC(0) Y: Small Pages:                  179          176            0         358M           0M           2M 
[2026-04-03T06:45:56.590+0600][1.726s][info][gc,reloc    ] GC(0) Y: Medium Pages:                   0            0            0           0M           0M           0M 
[2026-04-03T06:45:56.590+0600][1.726s][info][gc,reloc    ] GC(0) Y: Large Pages:                    0            0            0           0M           0M           0M 
[2026-04-03T06:45:56.590+0600][1.726s][info][gc,reloc    ] GC(0) Y: Forwarding Usage: 1M
[2026-04-03T06:45:56.590+0600][1.726s][info][gc,reloc    ] GC(0) Y: Age Table:
[2026-04-03T06:45:56.590+0600][1.726s][info][gc,reloc    ] GC(0) Y:                    Live             Garbage             Small              Medium             Large        
[2026-04-03T06:45:56.590+0600][1.726s][info][gc,reloc    ] GC(0) Y: Eden               4M (0%)          353M (9%)         179 / 176            0 / 0              0 / 0        
[2026-04-03T06:45:56.590+0600][1.726s][info][gc,heap     ] GC(0) Y: Min Capacity: 8M(0%)
[2026-04-03T06:45:56.590+0600][1.726s][info][gc,heap     ] GC(0) Y: Max Capacity: 3922M(100%)
[2026-04-03T06:45:56.590+0600][1.726s][info][gc,heap     ] GC(0) Y: Soft Max Capacity: 3529M(90%)
[2026-04-03T06:45:56.590+0600][1.726s][info][gc,heap     ] GC(0) Y: Heap Statistics:
[2026-04-03T06:45:56.590+0600][1.726s][info][gc,heap     ] GC(0) Y:                Mark Start          Mark End        Relocate Start      Relocate End           High               Low         
[2026-04-03T06:45:56.590+0600][1.726s][info][gc,heap     ] GC(0) Y:  Capacity:      358M (9%)          362M (9%)          366M (9%)          374M (10%)         374M (10%)         358M (9%)     
[2026-04-03T06:45:56.590+0600][1.726s][info][gc,heap     ] GC(0) Y:      Free:     3564M (91%)        3560M (91%)        3556M (91%)        3904M (100%)       3904M (100%)       3548M (90%)    
[2026-04-03T06:45:56.590+0600][1.726s][info][gc,heap     ] GC(0) Y:      Used:      358M (9%)          362M (9%)          366M (9%)           18M (0%)          374M (10%)          18M (0%)     
[2026-04-03T06:45:56.590+0600][1.726s][info][gc,heap     ] GC(0) Y: Young Generation Statistics:
[2026-04-03T06:45:56.590+0600][1.726s][info][gc,heap     ] GC(0) Y:                Mark Start          Mark End        Relocate Start      Relocate End    
[2026-04-03T06:45:56.590+0600][1.726s][info][gc,heap     ] GC(0) Y:      Used:      358M (9%)          362M (9%)          366M (9%)           18M (0%)     
[2026-04-03T06:45:56.590+0600][1.726s][info][gc,heap     ] GC(0) Y:      Live:         -                 4M (0%)            4M (0%)            4M (0%)     
[2026-04-03T06:45:56.590+0600][1.726s][info][gc,heap     ] GC(0) Y:   Garbage:         -               353M (9%)          353M (9%)            0M (0%)     
[2026-04-03T06:45:56.590+0600][1.726s][info][gc,heap     ] GC(0) Y: Allocated:         -                 4M (0%)            8M (0%)           12M (0%)     
[2026-04-03T06:45:56.590+0600][1.726s][info][gc,heap     ] GC(0) Y: Reclaimed:         -                  -                 0M (0%)          352M (9%)     
[2026-04-03T06:45:56.590+0600][1.726s][info][gc,heap     ] GC(0) Y:  Promoted:         -                  -                 0M (0%)            0M (0%)     
[2026-04-03T06:45:56.590+0600][1.726s][info][gc,heap     ] GC(0) Y: Compacted:         -                  -                  -                 3M (0%)     
[2026-04-03T06:45:56.590+0600][1.726s][info][gc,phases   ] GC(0) Y: Young Generation 358M(9%)->18M(0%) 0.033s
[2026-04-03T06:45:56.590+0600][1.726s][info][gc,phases   ] GC(0) O: Old Generation
[2026-04-03T06:45:56.591+0600][1.728s][info][gc,phases   ] GC(0) O: Concurrent Mark 1.405ms
[2026-04-03T06:45:56.592+0600][1.728s][info][gc,phases   ] GC(0) O: Pause Mark End 0.030ms
[2026-04-03T06:45:56.592+0600][1.728s][info][gc,phases   ] GC(0) O: Concurrent Mark Free 0.036ms
[2026-04-03T06:45:56.595+0600][1.732s][info][gc,phases   ] GC(0) O: Concurrent Process Non-Strong 3.253ms
[2026-04-03T06:45:56.595+0600][1.732s][info][gc,phases   ] GC(0) O: Concurrent Reset Relocation Set 0.001ms
[2026-04-03T06:45:56.600+0600][1.737s][info][gc,phases   ] GC(0) O: Concurrent Select Relocation Set 5.211ms
[2026-04-03T06:45:56.601+0600][1.737s][info][gc,task     ] GC(0) O: Using 3 Workers for Old Generation
[2026-04-03T06:45:56.617+0600][1.753s][info][gc,task     ] GC(0) O: Using 2 Workers for Old Generation
[2026-04-03T06:45:56.617+0600][1.753s][info][gc,phases   ] GC(0) O: Concurrent Remap Roots 16.349ms
[2026-04-03T06:45:56.617+0600][1.754s][info][gc,phases   ] GC(0) O: Pause Relocate Start 0.027ms
[2026-04-03T06:45:56.618+0600][1.754s][info][gc,phases   ] GC(0) O: Concurrent Relocate 0.373ms
[2026-04-03T06:45:56.618+0600][1.754s][info][gc,alloc    ] GC(0) O:                         Mark Start        Mark End      Relocate Start    Relocate End   
[2026-04-03T06:45:56.618+0600][1.754s][info][gc,alloc    ] GC(0) O: Allocation Stalls:          0                0                0                0         
[2026-04-03T06:45:56.618+0600][1.754s][info][gc,load     ] GC(0) O: Load: 20.39 (170%) / 11.81 (98%) / 7.75 (65%)
[2026-04-03T06:45:56.618+0600][1.754s][info][gc,mmu      ] GC(0) O: MMU: 2ms/98.0%, 5ms/99.2%, 10ms/99.6%, 20ms/99.7%, 50ms/99.8%, 100ms/99.9%
[2026-04-03T06:45:56.618+0600][1.754s][info][gc,marking  ] GC(0) O: Mark: 2 stripe(s), 1 proactive flush(es), 1 terminate flush(es), 0 completion(s), 0 continuation(s) 
[2026-04-03T06:45:56.618+0600][1.754s][info][gc,marking  ] GC(0) O: Mark Stack Usage: 0M
[2026-04-03T06:45:56.618+0600][1.754s][info][gc,nmethod  ] GC(0) O: NMethods: 1085 registered, 123 unregistered
[2026-04-03T06:45:56.618+0600][1.754s][info][gc,metaspace] GC(0) O: Metaspace: 11M used, 11M committed, 1088M reserved
[2026-04-03T06:45:56.618+0600][1.754s][info][gc,ref      ] GC(0) O:                       Encountered   Discovered     Enqueued 
[2026-04-03T06:45:56.618+0600][1.754s][info][gc,ref      ] GC(0) O: Soft References:              211            0            0 
[2026-04-03T06:45:56.618+0600][1.754s][info][gc,ref      ] GC(0) O: Weak References:              921            0            0 
[2026-04-03T06:45:56.618+0600][1.754s][info][gc,ref      ] GC(0) O: Final References:               0            0            0 
[2026-04-03T06:45:56.618+0600][1.754s][info][gc,ref      ] GC(0) O: Phantom References:            28            0            0 
[2026-04-03T06:45:56.618+0600][1.754s][info][gc,heap     ] GC(0) O: Min Capacity: 8M(0%)
[2026-04-03T06:45:56.618+0600][1.754s][info][gc,heap     ] GC(0) O: Max Capacity: 3922M(100%)
[2026-04-03T06:45:56.618+0600][1.754s][info][gc,heap     ] GC(0) O: Soft Max Capacity: 3529M(90%)
[2026-04-03T06:45:56.618+0600][1.754s][info][gc,heap     ] GC(0) O: Heap Statistics:
[2026-04-03T06:45:56.618+0600][1.755s][info][gc,heap     ] GC(0) O:                Mark Start          Mark End        Relocate Start      Relocate End           High               Low         
[2026-04-03T06:45:56.618+0600][1.755s][info][gc,heap     ] GC(0) O:  Capacity:      358M (9%)          374M (10%)         374M (10%)         374M (10%)         374M (10%)         358M (9%)     
[2026-04-03T06:45:56.618+0600][1.755s][info][gc,heap     ] GC(0) O:      Free:     3564M (91%)        3902M (99%)        3894M (99%)        3894M (99%)        3904M (100%)       3548M (90%)    
[2026-04-03T06:45:56.618+0600][1.755s][info][gc,heap     ] GC(0) O:      Used:      358M (9%)           20M (1%)           28M (1%)           28M (1%)          374M (10%)          18M (0%)     
[2026-04-03T06:45:56.618+0600][1.755s][info][gc,heap     ] GC(0) O: Old Generation Statistics:
[2026-04-03T06:45:56.618+0600][1.755s][info][gc,heap     ] GC(0) O:                Mark Start          Mark End        Relocate Start      Relocate End    
[2026-04-03T06:45:56.618+0600][1.755s][info][gc,heap     ] GC(0) O:      Used:        0M (0%)            0M (0%)            0M (0%)            0M (0%)     
[2026-04-03T06:45:56.618+0600][1.755s][info][gc,heap     ] GC(0) O:      Live:         -                 0M (0%)            0M (0%)            0M (0%)     
[2026-04-03T06:45:56.618+0600][1.755s][info][gc,heap     ] GC(0) O:   Garbage:         -                 0M (0%)            0M (0%)            0M (0%)     
[2026-04-03T06:45:56.618+0600][1.755s][info][gc,heap     ] GC(0) O: Allocated:         -                 0M (0%)            0M (0%)            0M (0%)     
[2026-04-03T06:45:56.618+0600][1.755s][info][gc,heap     ] GC(0) O: Reclaimed:         -                  -                 0M (0%)            0M (0%)     
[2026-04-03T06:45:56.618+0600][1.755s][info][gc,heap     ] GC(0) O: Compacted:         -                  -                  -                 0M (0%)     
[2026-04-03T06:45:56.618+0600][1.755s][info][gc,phases   ] GC(0) O: Old Generation 20M(1%)->28M(1%) 0.028s
[2026-04-03T06:45:56.618+0600][1.755s][info][gc          ] GC(0) Major Collection (Warmup) 358M(9%)->28M(1%) 0.062s
[2026-04-03T06:45:59.568+0600][4.705s][info][gc          ] GC(1) Major Collection (Metadata GC Threshold)
[2026-04-03T06:45:59.568+0600][4.705s][info][gc,task     ] GC(1) Using 1 Workers for Young Generation
[2026-04-03T06:45:59.568+0600][4.705s][info][gc,task     ] GC(1) Using 1 Workers for Old Generation
[2026-04-03T06:45:59.568+0600][4.705s][info][gc,phases   ] GC(1) Y: Young Generation
[2026-04-03T06:45:59.569+0600][4.705s][info][gc,phases   ] GC(1) Y: Pause Mark Start (Major) 0.029ms
[2026-04-03T06:45:59.627+0600][4.763s][info][gc,phases   ] GC(1) Y: Concurrent Mark 57.669ms
[2026-04-03T06:45:59.627+0600][4.763s][info][gc,phases   ] GC(1) Y: Pause Mark End 0.030ms
[2026-04-03T06:45:59.627+0600][4.764s][info][gc,phases   ] GC(1) Y: Concurrent Mark Free 0.001ms
[2026-04-03T06:45:59.627+0600][4.764s][info][gc,phases   ] GC(1) Y: Concurrent Reset Relocation Set 0.021ms
[2026-04-03T06:45:59.634+0600][4.770s][info][gc,reloc    ] GC(1) Y: Using tenuring threshold: 2 (Computed)
[2026-04-03T06:45:59.638+0600][4.775s][info][gc,phases   ] GC(1) Y: Concurrent Select Relocation Set 11.122ms
[2026-04-03T06:45:59.639+0600][4.775s][info][gc,phases   ] GC(1) Y: Pause Relocate Start 0.029ms
[2026-04-03T06:45:59.661+0600][4.797s][info][gc,phases   ] GC(1) Y: Concurrent Relocate 21.595ms
[2026-04-03T06:45:59.661+0600][4.797s][info][gc,alloc    ] GC(1) Y:                         Mark Start        Mark End      Relocate Start    Relocate End   
[2026-04-03T06:45:59.661+0600][4.797s][info][gc,alloc    ] GC(1) Y: Allocation Stalls:          0                0                0                0         
[2026-04-03T06:45:59.661+0600][4.797s][info][gc,load     ] GC(1) Y: Load: 18.92 (158%) / 11.65 (97%) / 7.72 (64%)
[2026-04-03T06:45:59.661+0600][4.797s][info][gc,mmu      ] GC(1) Y: MMU: 2ms/98.0%, 5ms/99.2%, 10ms/99.6%, 20ms/99.7%, 50ms/99.8%, 100ms/99.9%
[2026-04-03T06:45:59.661+0600][4.798s][info][gc,marking  ] GC(1) Y: Mark: 1 stripe(s), 2 proactive flush(es), 1 terminate flush(es), 0 completion(s), 0 continuation(s) 
[2026-04-03T06:45:59.661+0600][4.798s][info][gc,marking  ] GC(1) Y: Mark Stack Usage: 32M
[2026-04-03T06:45:59.661+0600][4.798s][info][gc,nmethod  ] GC(1) Y: NMethods: 1888 registered, 0 unregistered
[2026-04-03T06:45:59.661+0600][4.798s][info][gc,metaspace] GC(1) Y: Metaspace: 21M used, 21M committed, 1088M reserved
[2026-04-03T06:45:59.661+0600][4.798s][info][gc,reloc    ] GC(1) Y:                        Candidates     Selected     In-Place         Size        Empty    Relocated 
[2026-04-03T06:45:59.661+0600][4.798s][info][gc,reloc    ] GC(1) Y: Small Pages:                   80           71            0         160M           0M           8M 
[2026-04-03T06:45:59.661+0600][4.798s][info][gc,reloc    ] GC(1) Y: Medium Pages:                   1            0            0          32M           0M           0M 
[2026-04-03T06:45:59.661+0600][4.798s][info][gc,reloc    ] GC(1) Y: Large Pages:                    0            0            0           0M           0M           0M 
[2026-04-03T06:45:59.661+0600][4.798s][info][gc,reloc    ] GC(1) Y: Forwarding Usage: 2M
[2026-04-03T06:45:59.661+0600][4.798s][info][gc,reloc    ] GC(1) Y: Age Table:
[2026-04-03T06:45:59.661+0600][4.798s][info][gc,reloc    ] GC(1) Y:                    Live             Garbage             Small              Medium             Large        
[2026-04-03T06:45:59.661+0600][4.798s][info][gc,reloc    ] GC(1) Y: Eden              15M (0%)          166M (4%)          75 / 69             1 / 0              0 / 0        
[2026-04-03T06:45:59.661+0600][4.798s][info][gc,reloc    ] GC(1) Y: Survivor 1         4M (0%)            5M (0%)           5 / 2              0 / 0              0 / 0        
[2026-04-03T06:45:59.661+0600][4.798s][info][gc,heap     ] GC(1) Y: Min Capacity: 8M(0%)
[2026-04-03T06:45:59.661+0600][4.798s][info][gc,heap     ] GC(1) Y: Max Capacity: 3922M(100%)
[2026-04-03T06:45:59.661+0600][4.798s][info][gc,heap     ] GC(1) Y: Soft Max Capacity: 3529M(90%)
[2026-04-03T06:45:59.661+0600][4.798s][info][gc,heap     ] GC(1) Y: Heap Statistics:
[2026-04-03T06:45:59.661+0600][4.798s][info][gc,heap     ] GC(1) Y:                Mark Start          Mark End        Relocate Start      Relocate End           High               Low         
[2026-04-03T06:45:59.661+0600][4.798s][info][gc,heap     ] GC(1) Y:  Capacity:      406M (10%)         406M (10%)         406M (10%)         406M (10%)         406M (10%)         406M (10%)    
[2026-04-03T06:45:59.661+0600][4.798s][info][gc,heap     ] GC(1) Y:      Free:     3730M (95%)        3726M (95%)        3726M (95%)        3864M (99%)        3864M (99%)        3718M (95%)    
[2026-04-03T06:45:59.661+0600][4.798s][info][gc,heap     ] GC(1) Y:      Used:      192M (5%)          196M (5%)          196M (5%)           58M (1%)          204M (5%)           58M (1%)     
[2026-04-03T06:45:59.661+0600][4.798s][info][gc,heap     ] GC(1) Y: Young Generation Statistics:
[2026-04-03T06:45:59.661+0600][4.798s][info][gc,heap     ] GC(1) Y:                Mark Start          Mark End        Relocate Start      Relocate End    
[2026-04-03T06:45:59.661+0600][4.798s][info][gc,heap     ] GC(1) Y:      Used:      192M (5%)          196M (5%)          196M (5%)           58M (1%)     
[2026-04-03T06:45:59.661+0600][4.798s][info][gc,heap     ] GC(1) Y:      Live:         -                19M (1%)           19M (1%)           19M (1%)     
[2026-04-03T06:45:59.661+0600][4.798s][info][gc,heap     ] GC(1) Y:   Garbage:         -               172M (4%)          172M (4%)           28M (1%)     
[2026-04-03T06:45:59.661+0600][4.798s][info][gc,heap     ] GC(1) Y: Allocated:         -                 4M (0%)            4M (0%)            9M (0%)     
[2026-04-03T06:45:59.661+0600][4.798s][info][gc,heap     ] GC(1) Y: Reclaimed:         -                  -                 0M (0%)          143M (4%)     
[2026-04-03T06:45:59.661+0600][4.798s][info][gc,heap     ] GC(1) Y:  Promoted:         -                  -                 0M (0%)            0M (0%)     
[2026-04-03T06:45:59.661+0600][4.798s][info][gc,heap     ] GC(1) Y: Compacted:         -                  -                  -                12M (0%)     
[2026-04-03T06:45:59.661+0600][4.798s][info][gc,phases   ] GC(1) Y: Young Generation 192M(5%)->58M(1%) 0.093s
[2026-04-03T06:45:59.661+0600][4.798s][info][gc,phases   ] GC(1) O: Old Generation
[2026-04-03T06:45:59.663+0600][4.799s][info][gc,phases   ] GC(1) O: Concurrent Mark 1.229ms
[2026-04-03T06:45:59.663+0600][4.800s][info][gc,phases   ] GC(1) O: Pause Mark End 0.052ms
[2026-04-03T06:45:59.663+0600][4.800s][info][gc,phases   ] GC(1) O: Concurrent Mark Free 0.001ms
[2026-04-03T06:45:59.674+0600][4.811s][info][gc,phases   ] GC(1) O: Concurrent Process Non-Strong 10.692ms
[2026-04-03T06:45:59.674+0600][4.811s][info][gc,phases   ] GC(1) O: Concurrent Reset Relocation Set 0.002ms
[2026-04-03T06:45:59.676+0600][4.813s][info][gc,phases   ] GC(1) O: Concurrent Select Relocation Set 2.067ms
[2026-04-03T06:45:59.676+0600][4.813s][info][gc,task     ] GC(1) O: Using 2 Workers for Old Generation
[2026-04-03T06:45:59.704+0600][4.840s][info][gc,task     ] GC(1) O: Using 1 Workers for Old Generation
[2026-04-03T06:45:59.704+0600][4.840s][info][gc,phases   ] GC(1) O: Concurrent Remap Roots 27.434ms
[2026-04-03T06:45:59.704+0600][4.841s][info][gc,phases   ] GC(1) O: Pause Relocate Start 0.033ms
[2026-04-03T06:45:59.704+0600][4.841s][info][gc,phases   ] GC(1) O: Concurrent Relocate 0.193ms
[2026-04-03T06:45:59.705+0600][4.841s][info][gc,alloc    ] GC(1) O:                         Mark Start        Mark End      Relocate Start    Relocate End   
[2026-04-03T06:45:59.705+0600][4.841s][info][gc,alloc    ] GC(1) O: Allocation Stalls:          0                0                0                0         
[2026-04-03T06:45:59.705+0600][4.841s][info][gc,load     ] GC(1) O: Load: 18.92 (158%) / 11.65 (97%) / 7.72 (64%)
[2026-04-03T06:45:59.705+0600][4.841s][info][gc,mmu      ] GC(1) O: MMU: 2ms/97.4%, 5ms/99.0%, 10ms/99.5%, 20ms/99.7%, 50ms/99.8%, 100ms/99.9%
[2026-04-03T06:45:59.705+0600][4.841s][info][gc,marking  ] GC(1) O: Mark: 1 stripe(s), 1 proactive flush(es), 1 terminate flush(es), 0 completion(s), 0 continuation(s) 
[2026-04-03T06:45:59.705+0600][4.841s][info][gc,marking  ] GC(1) O: Mark Stack Usage: 0M
[2026-04-03T06:45:59.705+0600][4.841s][info][gc,nmethod  ] GC(1) O: NMethods: 1788 registered, 145 unregistered
[2026-04-03T06:45:59.705+0600][4.841s][info][gc,metaspace] GC(1) O: Metaspace: 21M used, 21M committed, 1088M reserved
[2026-04-03T06:45:59.705+0600][4.841s][info][gc,ref      ] GC(1) O:                       Encountered   Discovered     Enqueued 
[2026-04-03T06:45:59.705+0600][4.841s][info][gc,ref      ] GC(1) O: Soft References:             3500            0            0 
[2026-04-03T06:45:59.705+0600][4.841s][info][gc,ref      ] GC(1) O: Weak References:             1468            0            0 
[2026-04-03T06:45:59.705+0600][4.841s][info][gc,ref      ] GC(1) O: Final References:               0            0            0 
[2026-04-03T06:45:59.705+0600][4.841s][info][gc,ref      ] GC(1) O: Phantom References:           563            0            0 
[2026-04-03T06:45:59.705+0600][4.841s][info][gc,heap     ] GC(1) O: Min Capacity: 8M(0%)
[2026-04-03T06:45:59.705+0600][4.841s][info][gc,heap     ] GC(1) O: Max Capacity: 3922M(100%)
[2026-04-03T06:45:59.705+0600][4.841s][info][gc,heap     ] GC(1) O: Soft Max Capacity: 3529M(90%)
[2026-04-03T06:45:59.705+0600][4.841s][info][gc,heap     ] GC(1) O: Heap Statistics:
[2026-04-03T06:45:59.705+0600][4.841s][info][gc,heap     ] GC(1) O:                Mark Start          Mark End        Relocate Start      Relocate End           High               Low         
[2026-04-03T06:45:59.705+0600][4.841s][info][gc,heap     ] GC(1) O:  Capacity:      406M (10%)         406M (10%)         406M (10%)         406M (10%)         406M (10%)         406M (10%)    
[2026-04-03T06:45:59.705+0600][4.841s][info][gc,heap     ] GC(1) O:      Free:     3730M (95%)        3862M (98%)        3862M (98%)        3862M (98%)        3864M (99%)        3718M (95%)    
[2026-04-03T06:45:59.705+0600][4.841s][info][gc,heap     ] GC(1) O:      Used:      192M (5%)           60M (2%)           60M (2%)           60M (2%)          204M (5%)           58M (1%)     
[2026-04-03T06:45:59.705+0600][4.841s][info][gc,heap     ] GC(1) O: Old Generation Statistics:
[2026-04-03T06:45:59.705+0600][4.841s][info][gc,heap     ] GC(1) O:                Mark Start          Mark End        Relocate Start      Relocate End    
[2026-04-03T06:45:59.705+0600][4.842s][info][gc,heap     ] GC(1) O:      Used:        0M (0%)            0M (0%)            0M (0%)            0M (0%)     
[2026-04-03T06:45:59.705+0600][4.842s][info][gc,heap     ] GC(1) O:      Live:         -                 0M (0%)            0M (0%)            0M (0%)     
[2026-04-03T06:45:59.705+0600][4.842s][info][gc,heap     ] GC(1) O:   Garbage:         -                 0M (0%)            0M (0%)            0M (0%)     
[2026-04-03T06:45:59.705+0600][4.842s][info][gc,heap     ] GC(1) O: Allocated:         -                 0M (0%)            0M (0%)            0M (0%)     
[2026-04-03T06:45:59.705+0600][4.842s][info][gc,heap     ] GC(1) O: Reclaimed:         -                  -                 0M (0%)            0M (0%)     
[2026-04-03T06:45:59.705+0600][4.842s][info][gc,heap     ] GC(1) O: Compacted:         -                  -                  -                 0M (0%)     
[2026-04-03T06:45:59.705+0600][4.842s][info][gc,phases   ] GC(1) O: Old Generation 58M(1%)->60M(2%) 0.043s
[2026-04-03T06:45:59.705+0600][4.842s][info][gc          ] GC(1) Major Collection (Metadata GC Threshold) 192M(5%)->60M(2%) 0.137s
[2026-04-03T06:46:02.551+0600][7.688s][info][gc          ] GC(2) Major Collection (Metadata GC Threshold)
[2026-04-03T06:46:02.551+0600][7.688s][info][gc,task     ] GC(2) Using 1 Workers for Young Generation
[2026-04-03T06:46:02.551+0600][7.688s][info][gc,task     ] GC(2) Using 1 Workers for Old Generation
[2026-04-03T06:46:02.551+0600][7.688s][info][gc,phases   ] GC(2) Y: Young Generation
[2026-04-03T06:46:02.551+0600][7.688s][info][gc,phases   ] GC(2) Y: Pause Mark Start (Major) 0.023ms
[2026-04-03T06:46:02.600+0600][7.737s][info][gc,phases   ] GC(2) Y: Concurrent Mark 48.918ms
[2026-04-03T06:46:02.601+0600][7.737s][info][gc,phases   ] GC(2) Y: Pause Mark End 0.019ms
[2026-04-03T06:46:02.601+0600][7.737s][info][gc,phases   ] GC(2) Y: Concurrent Mark Free 0.002ms
[2026-04-03T06:46:02.601+0600][7.737s][info][gc,phases   ] GC(2) Y: Concurrent Reset Relocation Set 0.009ms
[2026-04-03T06:46:02.602+0600][7.739s][info][gc,reloc    ] GC(2) Y: Using tenuring threshold: 3 (Computed)
[2026-04-03T06:46:02.603+0600][7.740s][info][gc,phases   ] GC(2) Y: Concurrent Select Relocation Set 2.606ms
[2026-04-03T06:46:02.604+0600][7.740s][info][gc,phases   ] GC(2) Y: Pause Relocate Start 0.017ms
[2026-04-03T06:46:02.614+0600][7.751s][info][gc,phases   ] GC(2) Y: Concurrent Relocate 10.168ms
[2026-04-03T06:46:02.614+0600][7.751s][info][gc,alloc    ] GC(2) Y:                         Mark Start        Mark End      Relocate Start    Relocate End   
[2026-04-03T06:46:02.614+0600][7.751s][info][gc,alloc    ] GC(2) Y: Allocation Stalls:          0                0                0                0         
[2026-04-03T06:46:02.614+0600][7.751s][info][gc,load     ] GC(2) Y: Load: 17.49 (146%) / 11.47 (96%) / 7.68 (64%)
[2026-04-03T06:46:02.614+0600][7.751s][info][gc,mmu      ] GC(2) Y: MMU: 2ms/97.4%, 5ms/99.0%, 10ms/99.5%, 20ms/99.7%, 50ms/99.8%, 100ms/99.9%
[2026-04-03T06:46:02.614+0600][7.751s][info][gc,marking  ] GC(2) Y: Mark: 1 stripe(s), 2 proactive flush(es), 1 terminate flush(es), 0 completion(s), 0 continuation(s) 
[2026-04-03T06:46:02.614+0600][7.751s][info][gc,marking  ] GC(2) Y: Mark Stack Usage: 32M
[2026-04-03T06:46:02.614+0600][7.751s][info][gc,nmethod  ] GC(2) Y: NMethods: 2692 registered, 145 unregistered
[2026-04-03T06:46:02.614+0600][7.751s][info][gc,metaspace] GC(2) Y: Metaspace: 36M used, 37M committed, 1088M reserved
[2026-04-03T06:46:02.614+0600][7.751s][info][gc,reloc    ] GC(2) Y:                        Candidates     Selected     In-Place         Size        Empty    Relocated 
[2026-04-03T06:46:02.614+0600][7.751s][info][gc,reloc    ] GC(2) Y: Small Pages:                   91           80            0         182M           0M           6M 
[2026-04-03T06:46:02.614+0600][7.751s][info][gc,reloc    ] GC(2) Y: Medium Pages:                   2            0            0          64M          32M           0M 
[2026-04-03T06:46:02.614+0600][7.751s][info][gc,reloc    ] GC(2) Y: Large Pages:                    0            0            0           0M           0M           0M 
[2026-04-03T06:46:02.614+0600][7.751s][info][gc,reloc    ] GC(2) Y: Forwarding Usage: 2M
[2026-04-03T06:46:02.614+0600][7.751s][info][gc,reloc    ] GC(2) Y: Age Table:
[2026-04-03T06:46:02.614+0600][7.751s][info][gc,reloc    ] GC(2) Y:                    Live             Garbage             Small              Medium             Large        
[2026-04-03T06:46:02.614+0600][7.751s][info][gc,reloc    ] GC(2) Y: Eden               5M (0%)          186M (5%)          80 / 76             1 / 0              0 / 0        
[2026-04-03T06:46:02.614+0600][7.751s][info][gc,reloc    ] GC(2) Y: Survivor 1        14M (0%)           29M (1%)           6 / 1              1 / 0              0 / 0        
[2026-04-03T06:46:02.614+0600][7.751s][info][gc,reloc    ] GC(2) Y: Survivor 2         4M (0%)            5M (0%)           5 / 3              0 / 0              0 / 0        
[2026-04-03T06:46:02.615+0600][7.751s][info][gc,heap     ] GC(2) Y: Min Capacity: 8M(0%)
[2026-04-03T06:46:02.615+0600][7.751s][info][gc,heap     ] GC(2) Y: Max Capacity: 3922M(100%)
[2026-04-03T06:46:02.615+0600][7.751s][info][gc,heap     ] GC(2) Y: Soft Max Capacity: 3529M(90%)
[2026-04-03T06:46:02.615+0600][7.751s][info][gc,heap     ] GC(2) Y: Heap Statistics:
[2026-04-03T06:46:02.615+0600][7.751s][info][gc,heap     ] GC(2) Y:                Mark Start          Mark End        Relocate Start      Relocate End           High               Low         
[2026-04-03T06:46:02.615+0600][7.751s][info][gc,heap     ] GC(2) Y:  Capacity:      438M (11%)         438M (11%)         438M (11%)         438M (11%)         438M (11%)         438M (11%)    
[2026-04-03T06:46:02.615+0600][7.751s][info][gc,heap     ] GC(2) Y:      Free:     3676M (94%)        3666M (93%)        3698M (94%)        3850M (98%)        3850M (98%)        3666M (93%)    
[2026-04-03T06:46:02.615+0600][7.751s][info][gc,heap     ] GC(2) Y:      Used:      246M (6%)          256M (7%)          224M (6%)           72M (2%)          256M (7%)           72M (2%)     
[2026-04-03T06:46:02.615+0600][7.751s][info][gc,heap     ] GC(2) Y: Young Generation Statistics:
[2026-04-03T06:46:02.615+0600][7.751s][info][gc,heap     ] GC(2) Y:                Mark Start          Mark End        Relocate Start      Relocate End    
[2026-04-03T06:46:02.615+0600][7.751s][info][gc,heap     ] GC(2) Y:      Used:      246M (6%)          256M (7%)          224M (6%)           72M (2%)     
[2026-04-03T06:46:02.615+0600][7.751s][info][gc,heap     ] GC(2) Y:      Live:         -                24M (1%)           24M (1%)           24M (1%)     
[2026-04-03T06:46:02.615+0600][7.751s][info][gc,heap     ] GC(2) Y:   Garbage:         -               221M (6%)          189M (5%)           27M (1%)     
[2026-04-03T06:46:02.615+0600][7.751s][info][gc,heap     ] GC(2) Y: Allocated:         -                10M (0%)           10M (0%)           19M (0%)     
[2026-04-03T06:46:02.615+0600][7.751s][info][gc,heap     ] GC(2) Y: Reclaimed:         -                  -                32M (1%)          193M (5%)     
[2026-04-03T06:46:02.615+0600][7.751s][info][gc,heap     ] GC(2) Y:  Promoted:         -                  -                 0M (0%)            0M (0%)     
[2026-04-03T06:46:02.615+0600][7.751s][info][gc,heap     ] GC(2) Y: Compacted:         -                  -                  -                 8M (0%)     
[2026-04-03T06:46:02.615+0600][7.751s][info][gc,phases   ] GC(2) Y: Young Generation 246M(6%)->72M(2%) 0.063s
[2026-04-03T06:46:02.615+0600][7.751s][info][gc,phases   ] GC(2) O: Old Generation
[2026-04-03T06:46:02.616+0600][7.752s][info][gc,phases   ] GC(2) O: Concurrent Mark 1.192ms
[2026-04-03T06:46:02.616+0600][7.752s][info][gc,phases   ] GC(2) O: Pause Mark End 0.020ms
[2026-04-03T06:46:02.616+0600][7.753s][info][gc,phases   ] GC(2) O: Concurrent Mark Free 0.002ms
[2026-04-03T06:46:02.624+0600][7.761s][info][gc,phases   ] GC(2) O: Concurrent Process Non-Strong 8.227ms
[2026-04-03T06:46:02.637+0600][7.773s][info][gc,phases   ] GC(2) O: Concurrent Reset Relocation Set 0.001ms
[2026-04-03T06:46:02.638+0600][7.775s][info][gc,phases   ] GC(2) O: Concurrent Select Relocation Set 1.667ms
[2026-04-03T06:46:02.638+0600][7.775s][info][gc,task     ] GC(2) O: Using 2 Workers for Old Generation
[2026-04-03T06:46:02.660+0600][7.796s][info][gc,task     ] GC(2) O: Using 1 Workers for Old Generation
[2026-04-03T06:46:02.660+0600][7.796s][info][gc,phases   ] GC(2) O: Concurrent Remap Roots 21.453ms
[2026-04-03T06:46:02.660+0600][7.797s][info][gc,phases   ] GC(2) O: Pause Relocate Start 0.027ms
[2026-04-03T06:46:02.660+0600][7.797s][info][gc,phases   ] GC(2) O: Concurrent Relocate 0.162ms
[2026-04-03T06:46:02.661+0600][7.797s][info][gc,alloc    ] GC(2) O:                         Mark Start        Mark End      Relocate Start    Relocate End   
[2026-04-03T06:46:02.661+0600][7.797s][info][gc,alloc    ] GC(2) O: Allocation Stalls:          0                0                0                0         
[2026-04-03T06:46:02.661+0600][7.797s][info][gc,load     ] GC(2) O: Load: 17.49 (146%) / 11.47 (96%) / 7.68 (64%)
[2026-04-03T06:46:02.661+0600][7.797s][info][gc,mmu      ] GC(2) O: MMU: 2ms/97.4%, 5ms/99.0%, 10ms/99.5%, 20ms/99.7%, 50ms/99.8%, 100ms/99.9%
[2026-04-03T06:46:02.661+0600][7.797s][info][gc,marking  ] GC(2) O: Mark: 1 stripe(s), 1 proactive flush(es), 1 terminate flush(es), 0 completion(s), 0 continuation(s) 
[2026-04-03T06:46:02.661+0600][7.797s][info][gc,marking  ] GC(2) O: Mark Stack Usage: 0M
[2026-04-03T06:46:02.661+0600][7.797s][info][gc,nmethod  ] GC(2) O: NMethods: 2513 registered, 325 unregistered
[2026-04-03T06:46:02.661+0600][7.797s][info][gc,metaspace] GC(2) O: Metaspace: 36M used, 37M committed, 1088M reserved
[2026-04-03T06:46:02.661+0600][7.797s][info][gc,ref      ] GC(2) O:                       Encountered   Discovered     Enqueued 
[2026-04-03T06:46:02.661+0600][7.797s][info][gc,ref      ] GC(2) O: Soft References:             3872            0            0 
[2026-04-03T06:46:02.661+0600][7.797s][info][gc,ref      ] GC(2) O: Weak References:             2995            0            0 
[2026-04-03T06:46:02.661+0600][7.797s][info][gc,ref      ] GC(2) O: Final References:              80            0            0 
[2026-04-03T06:46:02.661+0600][7.797s][info][gc,ref      ] GC(2) O: Phantom References:           569            0            0 
[2026-04-03T06:46:02.661+0600][7.797s][info][gc,heap     ] GC(2) O: Min Capacity: 8M(0%)
[2026-04-03T06:46:02.661+0600][7.797s][info][gc,heap     ] GC(2) O: Max Capacity: 3922M(100%)
[2026-04-03T06:46:02.661+0600][7.797s][info][gc,heap     ] GC(2) O: Soft Max Capacity: 3529M(90%)
[2026-04-03T06:46:02.661+0600][7.797s][info][gc,heap     ] GC(2) O: Heap Statistics:
[2026-04-03T06:46:02.661+0600][7.797s][info][gc,heap     ] GC(2) O:                Mark Start          Mark End        Relocate Start      Relocate End           High               Low         
[2026-04-03T06:46:02.661+0600][7.797s][info][gc,heap     ] GC(2) O:  Capacity:      438M (11%)         438M (11%)         438M (11%)         438M (11%)         438M (11%)         438M (11%)    
[2026-04-03T06:46:02.661+0600][7.797s][info][gc,heap     ] GC(2) O:      Free:     3676M (94%)        3850M (98%)        3850M (98%)        3850M (98%)        3850M (98%)        3666M (93%)    
[2026-04-03T06:46:02.661+0600][7.797s][info][gc,heap     ] GC(2) O:      Used:      246M (6%)           72M (2%)           72M (2%)           72M (2%)          256M (7%)           72M (2%)     
[2026-04-03T06:46:02.661+0600][7.797s][info][gc,heap     ] GC(2) O: Old Generation Statistics:
[2026-04-03T06:46:02.661+0600][7.797s][info][gc,heap     ] GC(2) O:                Mark Start          Mark End        Relocate Start      Relocate End    
[2026-04-03T06:46:02.661+0600][7.797s][info][gc,heap     ] GC(2) O:      Used:        0M (0%)            0M (0%)            0M (0%)            0M (0%)     
[2026-04-03T06:46:02.661+0600][7.797s][info][gc,heap     ] GC(2) O:      Live:         -                 0M (0%)            0M (0%)            0M (0%)     
[2026-04-03T06:46:02.661+0600][7.797s][info][gc,heap     ] GC(2) O:   Garbage:         -                 0M (0%)            0M (0%)            0M (0%)     
[2026-04-03T06:46:02.661+0600][7.797s][info][gc,heap     ] GC(2) O: Allocated:         -                 0M (0%)            0M (0%)            0M (0%)     
[2026-04-03T06:46:02.661+0600][7.797s][info][gc,heap     ] GC(2) O: Reclaimed:         -                  -                 0M (0%)            0M (0%)     
[2026-04-03T06:46:02.661+0600][7.797s][info][gc,heap     ] GC(2) O: Compacted:         -                  -                  -                 0M (0%)     
[2026-04-03T06:46:02.661+0600][7.797s][info][gc,phases   ] GC(2) O: Old Generation 72M(2%)->72M(2%) 0.046s
[2026-04-03T06:46:02.661+0600][7.797s][info][gc          ] GC(2) Major Collection (Metadata GC Threshold) 246M(6%)->72M(2%) 0.110s
[2026-04-03T06:46:06.942+0600][12.078s][info][gc          ] GC(3) Major Collection (Metadata GC Threshold)
[2026-04-03T06:46:06.942+0600][12.078s][info][gc,task     ] GC(3) Using 1 Workers for Young Generation
[2026-04-03T06:46:06.942+0600][12.078s][info][gc,task     ] GC(3) Using 1 Workers for Old Generation
[2026-04-03T06:46:06.942+0600][12.078s][info][gc,phases   ] GC(3) Y: Young Generation
[2026-04-03T06:46:06.942+0600][12.079s][info][gc,phases   ] GC(3) Y: Pause Mark Start (Major) 0.032ms
[2026-04-03T06:46:07.024+0600][12.161s][info][gc,phases   ] GC(3) Y: Concurrent Mark 81.561ms
[2026-04-03T06:46:07.024+0600][12.161s][info][gc,phases   ] GC(3) Y: Pause Mark End 0.016ms
[2026-04-03T06:46:07.024+0600][12.161s][info][gc,phases   ] GC(3) Y: Concurrent Mark Free 0.001ms
[2026-04-03T06:46:07.025+0600][12.161s][info][gc,phases   ] GC(3) Y: Concurrent Reset Relocation Set 0.005ms
[2026-04-03T06:46:07.026+0600][12.162s][info][gc,reloc    ] GC(3) Y: Using tenuring threshold: 4 (Computed)
[2026-04-03T06:46:07.027+0600][12.164s][info][gc,phases   ] GC(3) Y: Concurrent Select Relocation Set 2.677ms
[2026-04-03T06:46:07.027+0600][12.164s][info][gc,phases   ] GC(3) Y: Pause Relocate Start 0.014ms
[2026-04-03T06:46:07.061+0600][12.197s][info][gc,phases   ] GC(3) Y: Concurrent Relocate 33.076ms
[2026-04-03T06:46:07.061+0600][12.197s][info][gc,alloc    ] GC(3) Y:                         Mark Start        Mark End      Relocate Start    Relocate End   
[2026-04-03T06:46:07.061+0600][12.197s][info][gc,alloc    ] GC(3) Y: Allocation Stalls:          0                0                0                0         
[2026-04-03T06:46:07.061+0600][12.197s][info][gc,load     ] GC(3) Y: Load: 16.49 (137%) / 11.36 (95%) / 7.67 (64%)
[2026-04-03T06:46:07.061+0600][12.197s][info][gc,mmu      ] GC(3) Y: MMU: 2ms/97.4%, 5ms/99.0%, 10ms/99.5%, 20ms/99.7%, 50ms/99.8%, 100ms/99.9%
[2026-04-03T06:46:07.061+0600][12.197s][info][gc,marking  ] GC(3) Y: Mark: 1 stripe(s), 2 proactive flush(es), 1 terminate flush(es), 0 completion(s), 0 continuation(s) 
[2026-04-03T06:46:07.061+0600][12.197s][info][gc,marking  ] GC(3) Y: Mark Stack Usage: 32M
[2026-04-03T06:46:07.061+0600][12.197s][info][gc,nmethod  ] GC(3) Y: NMethods: 4117 registered, 0 unregistered
[2026-04-03T06:46:07.061+0600][12.197s][info][gc,metaspace] GC(3) Y: Metaspace: 62M used, 62M committed, 1088M reserved
[2026-04-03T06:46:07.061+0600][12.197s][info][gc,reloc    ] GC(3) Y:                        Candidates     Selected     In-Place         Size        Empty    Relocated 
[2026-04-03T06:46:07.061+0600][12.197s][info][gc,reloc    ] GC(3) Y: Small Pages:                  124          106            0         248M           0M           9M 
[2026-04-03T06:46:07.061+0600][12.197s][info][gc,reloc    ] GC(3) Y: Medium Pages:                   2            1            0          64M           0M           5M 
[2026-04-03T06:46:07.061+0600][12.197s][info][gc,reloc    ] GC(3) Y: Large Pages:                    0            0            0           0M           0M           0M 
[2026-04-03T06:46:07.061+0600][12.197s][info][gc,reloc    ] GC(3) Y: Forwarding Usage: 3M
[2026-04-03T06:46:07.061+0600][12.197s][info][gc,reloc    ] GC(3) Y: Age Table:
[2026-04-03T06:46:07.061+0600][12.197s][info][gc,reloc    ] GC(3) Y:                    Live             Garbage             Small              Medium             Large        
[2026-04-03T06:46:07.061+0600][12.197s][info][gc,reloc    ] GC(3) Y: Eden              12M (0%)          237M (6%)         109 / 103            1 / 0              0 / 0        
[2026-04-03T06:46:07.061+0600][12.197s][info][gc,reloc    ] GC(3) Y: Survivor 1         4M (0%)            3M (0%)           4 / 1              0 / 0              0 / 0        
[2026-04-03T06:46:07.061+0600][12.197s][info][gc,reloc    ] GC(3) Y: Survivor 2        14M (0%)           29M (1%)           6 / 1              1 / 1              0 / 0        
[2026-04-03T06:46:07.061+0600][12.197s][info][gc,reloc    ] GC(3) Y: Survivor 3         4M (0%)            5M (0%)           5 / 1              0 / 0              0 / 0        
[2026-04-03T06:46:07.061+0600][12.197s][info][gc,heap     ] GC(3) Y: Min Capacity: 8M(0%)
[2026-04-03T06:46:07.061+0600][12.197s][info][gc,heap     ] GC(3) Y: Max Capacity: 3922M(100%)
[2026-04-03T06:46:07.061+0600][12.197s][info][gc,heap     ] GC(3) Y: Soft Max Capacity: 3529M(90%)
[2026-04-03T06:46:07.061+0600][12.197s][info][gc,heap     ] GC(3) Y: Heap Statistics:
[2026-04-03T06:46:07.061+0600][12.197s][info][gc,heap     ] GC(3) Y:                Mark Start          Mark End        Relocate Start      Relocate End           High               Low         
[2026-04-03T06:46:07.061+0600][12.197s][info][gc,heap     ] GC(3) Y:  Capacity:      438M (11%)         438M (11%)         438M (11%)         502M (13%)         502M (13%)         438M (11%)    
[2026-04-03T06:46:07.061+0600][12.197s][info][gc,heap     ] GC(3) Y:      Free:     3610M (92%)        3572M (91%)        3572M (91%)        3720M (95%)        3720M (95%)        3486M (89%)    
[2026-04-03T06:46:07.061+0600][12.197s][info][gc,heap     ] GC(3) Y:      Used:      312M (8%)          350M (9%)          350M (9%)          202M (5%)          436M (11%)         202M (5%)     
[2026-04-03T06:46:07.061+0600][12.198s][info][gc,heap     ] GC(3) Y: Young Generation Statistics:
[2026-04-03T06:46:07.061+0600][12.198s][info][gc,heap     ] GC(3) Y:                Mark Start          Mark End        Relocate Start      Relocate End    
[2026-04-03T06:46:07.061+0600][12.198s][info][gc,heap     ] GC(3) Y:      Used:      312M (8%)          350M (9%)          350M (9%)          202M (5%)     
[2026-04-03T06:46:07.061+0600][12.198s][info][gc,heap     ] GC(3) Y:      Live:         -                36M (1%)           36M (1%)           36M (1%)     
[2026-04-03T06:46:07.061+0600][12.198s][info][gc,heap     ] GC(3) Y:   Garbage:         -               275M (7%)          275M (7%)            4M (0%)     
[2026-04-03T06:46:07.061+0600][12.198s][info][gc,heap     ] GC(3) Y: Allocated:         -                38M (1%)           38M (1%)          161M (4%)     
[2026-04-03T06:46:07.061+0600][12.198s][info][gc,heap     ] GC(3) Y: Reclaimed:         -                  -                 0M (0%)          271M (7%)     
[2026-04-03T06:46:07.061+0600][12.198s][info][gc,heap     ] GC(3) Y:  Promoted:         -                  -                 0M (0%)            0M (0%)     
[2026-04-03T06:46:07.061+0600][12.198s][info][gc,heap     ] GC(3) Y: Compacted:         -                  -                  -                16M (0%)     
[2026-04-03T06:46:07.061+0600][12.198s][info][gc,phases   ] GC(3) Y: Young Generation 312M(8%)->202M(5%) 0.119s
[2026-04-03T06:46:07.061+0600][12.198s][info][gc,phases   ] GC(3) O: Old Generation
[2026-04-03T06:46:07.063+0600][12.200s][info][gc,phases   ] GC(3) O: Concurrent Mark 1.917ms
[2026-04-03T06:46:07.063+0600][12.200s][info][gc,phases   ] GC(3) O: Pause Mark End 0.045ms
[2026-04-03T06:46:07.063+0600][12.200s][info][gc,phases   ] GC(3) O: Concurrent Mark Free 0.001ms
[2026-04-03T06:46:07.076+0600][12.213s][info][gc,phases   ] GC(3) O: Concurrent Process Non-Strong 13.100ms
[2026-04-03T06:46:07.077+0600][12.213s][info][gc,phases   ] GC(3) O: Concurrent Reset Relocation Set 0.001ms
[2026-04-03T06:46:07.081+0600][12.217s][info][gc,phases   ] GC(3) O: Concurrent Select Relocation Set 4.342ms
[2026-04-03T06:46:07.081+0600][12.218s][info][gc,task     ] GC(3) O: Using 2 Workers for Old Generation
[2026-04-03T06:46:07.105+0600][12.241s][info][gc,task     ] GC(3) O: Using 1 Workers for Old Generation
[2026-04-03T06:46:07.105+0600][12.241s][info][gc,phases   ] GC(3) O: Concurrent Remap Roots 23.602ms
[2026-04-03T06:46:07.105+0600][12.241s][info][gc,phases   ] GC(3) O: Pause Relocate Start 0.017ms
[2026-04-03T06:46:07.105+0600][12.242s][info][gc,phases   ] GC(3) O: Concurrent Relocate 0.145ms
[2026-04-03T06:46:07.105+0600][12.242s][info][gc,alloc    ] GC(3) O:                         Mark Start        Mark End      Relocate Start    Relocate End   
[2026-04-03T06:46:07.105+0600][12.242s][info][gc,alloc    ] GC(3) O: Allocation Stalls:          0                0                0                0         
[2026-04-03T06:46:07.105+0600][12.242s][info][gc,load     ] GC(3) O: Load: 16.49 (137%) / 11.36 (95%) / 7.67 (64%)
[2026-04-03T06:46:07.105+0600][12.242s][info][gc,mmu      ] GC(3) O: MMU: 2ms/97.4%, 5ms/99.0%, 10ms/99.5%, 20ms/99.7%, 50ms/99.8%, 100ms/99.9%
[2026-04-03T06:46:07.105+0600][12.242s][info][gc,marking  ] GC(3) O: Mark: 1 stripe(s), 1 proactive flush(es), 1 terminate flush(es), 0 completion(s), 0 continuation(s) 
[2026-04-03T06:46:07.105+0600][12.242s][info][gc,marking  ] GC(3) O: Mark Stack Usage: 0M
[2026-04-03T06:46:07.105+0600][12.242s][info][gc,nmethod  ] GC(3) O: NMethods: 3949 registered, 220 unregistered
[2026-04-03T06:46:07.105+0600][12.242s][info][gc,metaspace] GC(3) O: Metaspace: 62M used, 63M committed, 1088M reserved
[2026-04-03T06:46:07.105+0600][12.242s][info][gc,ref      ] GC(3) O:                       Encountered   Discovered     Enqueued 
[2026-04-03T06:46:07.105+0600][12.242s][info][gc,ref      ] GC(3) O: Soft References:             4032            0            0 
[2026-04-03T06:46:07.105+0600][12.242s][info][gc,ref      ] GC(3) O: Weak References:            10579            0            0 
[2026-04-03T06:46:07.105+0600][12.242s][info][gc,ref      ] GC(3) O: Final References:              82            0            0 
[2026-04-03T06:46:07.105+0600][12.242s][info][gc,ref      ] GC(3) O: Phantom References:           588            0            0 
[2026-04-03T06:46:07.105+0600][12.242s][info][gc,heap     ] GC(3) O: Min Capacity: 8M(0%)
[2026-04-03T06:46:07.105+0600][12.242s][info][gc,heap     ] GC(3) O: Max Capacity: 3922M(100%)
[2026-04-03T06:46:07.105+0600][12.242s][info][gc,heap     ] GC(3) O: Soft Max Capacity: 3529M(90%)
[2026-04-03T06:46:07.105+0600][12.242s][info][gc,heap     ] GC(3) O: Heap Statistics:
[2026-04-03T06:46:07.105+0600][12.242s][info][gc,heap     ] GC(3) O:                Mark Start          Mark End        Relocate Start      Relocate End           High               Low         
[2026-04-03T06:46:07.105+0600][12.242s][info][gc,heap     ] GC(3) O:  Capacity:      438M (11%)         502M (13%)         502M (13%)         502M (13%)         502M (13%)         438M (11%)    
[2026-04-03T06:46:07.105+0600][12.242s][info][gc,heap     ] GC(3) O:      Free:     3610M (92%)        3720M (95%)        3710M (95%)        3710M (95%)        3720M (95%)        3486M (89%)    
[2026-04-03T06:46:07.105+0600][12.242s][info][gc,heap     ] GC(3) O:      Used:      312M (8%)          202M (5%)          212M (5%)          212M (5%)          436M (11%)         202M (5%)     
[2026-04-03T06:46:07.105+0600][12.242s][info][gc,heap     ] GC(3) O: Old Generation Statistics:
[2026-04-03T06:46:07.105+0600][12.242s][info][gc,heap     ] GC(3) O:                Mark Start          Mark End        Relocate Start      Relocate End    
[2026-04-03T06:46:07.105+0600][12.242s][info][gc,heap     ] GC(3) O:      Used:        0M (0%)            0M (0%)            0M (0%)            0M (0%)     
[2026-04-03T06:46:07.105+0600][12.242s][info][gc,heap     ] GC(3) O:      Live:         -                 0M (0%)            0M (0%)            0M (0%)     
[2026-04-03T06:46:07.105+0600][12.242s][info][gc,heap     ] GC(3) O:   Garbage:         -                 0M (0%)            0M (0%)            0M (0%)     
[2026-04-03T06:46:07.105+0600][12.242s][info][gc,heap     ] GC(3) O: Allocated:         -                 0M (0%)            0M (0%)            0M (0%)     
[2026-04-03T06:46:07.105+0600][12.242s][info][gc,heap     ] GC(3) O: Reclaimed:         -                  -                 0M (0%)            0M (0%)     
[2026-04-03T06:46:07.105+0600][12.242s][info][gc,heap     ] GC(3) O: Compacted:         -                  -                  -                 0M (0%)     
[2026-04-03T06:46:07.106+0600][12.242s][info][gc,phases   ] GC(3) O: Old Generation 202M(5%)->212M(5%) 0.044s
[2026-04-03T06:46:07.106+0600][12.242s][info][gc          ] GC(3) Major Collection (Metadata GC Threshold) 312M(8%)->214M(5%) 0.164s
[2026-04-03T06:46:10.644+0600][15.780s][info][gc          ] GC(4) Major Collection (Metadata GC Threshold)
[2026-04-03T06:46:10.644+0600][15.780s][info][gc,task     ] GC(4) Using 1 Workers for Young Generation
[2026-04-03T06:46:10.644+0600][15.780s][info][gc,task     ] GC(4) Using 1 Workers for Old Generation
[2026-04-03T06:46:10.644+0600][15.780s][info][gc,phases   ] GC(4) Y: Young Generation
[2026-04-03T06:46:10.644+0600][15.781s][info][gc,phases   ] GC(4) Y: Pause Mark Start (Major) 0.019ms
[2026-04-03T06:46:10.786+0600][15.923s][info][gc,phases   ] GC(4) Y: Concurrent Mark 142.091ms
[2026-04-03T06:46:10.787+0600][15.924s][info][gc,phases   ] GC(4) Y: Pause Mark End 0.020ms
[2026-04-03T06:46:10.788+0600][15.924s][info][gc,phases   ] GC(4) Y: Concurrent Mark Free 0.001ms
[2026-04-03T06:46:10.788+0600][15.924s][info][gc,phases   ] GC(4) Y: Concurrent Reset Relocation Set 0.011ms
[2026-04-03T06:46:10.790+0600][15.927s][info][gc,reloc    ] GC(4) Y: Using tenuring threshold: 5 (Computed)
[2026-04-03T06:46:10.797+0600][15.933s][info][gc,phases   ] GC(4) Y: Concurrent Select Relocation Set 9.120ms
[2026-04-03T06:46:10.797+0600][15.934s][info][gc,phases   ] GC(4) Y: Pause Relocate Start 0.018ms
[2026-04-03T06:46:10.848+0600][15.985s][info][gc,phases   ] GC(4) Y: Concurrent Relocate 50.579ms
[2026-04-03T06:46:10.848+0600][15.985s][info][gc,alloc    ] GC(4) Y:                         Mark Start        Mark End      Relocate Start    Relocate End   
[2026-04-03T06:46:10.848+0600][15.985s][info][gc,alloc    ] GC(4) Y: Allocation Stalls:          0                0                0                0         
[2026-04-03T06:46:10.848+0600][15.985s][info][gc,load     ] GC(4) Y: Load: 16.49 (137%) / 11.36 (95%) / 7.67 (64%)
[2026-04-03T06:46:10.848+0600][15.985s][info][gc,mmu      ] GC(4) Y: MMU: 2ms/97.4%, 5ms/99.0%, 10ms/99.5%, 20ms/99.7%, 50ms/99.8%, 100ms/99.9%
[2026-04-03T06:46:10.848+0600][15.985s][info][gc,marking  ] GC(4) Y: Mark: 1 stripe(s), 2 proactive flush(es), 1 terminate flush(es), 0 completion(s), 0 continuation(s) 
[2026-04-03T06:46:10.848+0600][15.985s][info][gc,marking  ] GC(4) Y: Mark Stack Usage: 32M
[2026-04-03T06:46:10.848+0600][15.985s][info][gc,nmethod  ] GC(4) Y: NMethods: 6003 registered, 0 unregistered
[2026-04-03T06:46:10.848+0600][15.985s][info][gc,metaspace] GC(4) Y: Metaspace: 106M used, 107M committed, 1152M reserved
[2026-04-03T06:46:10.848+0600][15.985s][info][gc,reloc    ] GC(4) Y:                        Candidates     Selected     In-Place         Size        Empty    Relocated 
[2026-04-03T06:46:10.848+0600][15.985s][info][gc,reloc    ] GC(4) Y: Small Pages:                  231          203            0         462M           2M          16M 
[2026-04-03T06:46:10.848+0600][15.985s][info][gc,reloc    ] GC(4) Y: Medium Pages:                   4            3            0         128M           0M           6M 
[2026-04-03T06:46:10.848+0600][15.985s][info][gc,reloc    ] GC(4) Y: Large Pages:                    0            0            0           0M           0M           0M 
[2026-04-03T06:46:10.848+0600][15.985s][info][gc,reloc    ] GC(4) Y: Forwarding Usage: 8M
[2026-04-03T06:46:10.848+0600][15.985s][info][gc,reloc    ] GC(4) Y: Age Table:
[2026-04-03T06:46:10.848+0600][15.985s][info][gc,reloc    ] GC(4) Y:                    Live             Garbage             Small              Medium             Large        
[2026-04-03T06:46:10.849+0600][15.985s][info][gc,reloc    ] GC(4) Y: Eden              18M (0%)          419M (11%)        203 / 191            1 / 0              0 / 0        
[2026-04-03T06:46:10.849+0600][15.985s][info][gc,reloc    ] GC(4) Y: Survivor 1        12M (0%)           69M (2%)           9 / 4              2 / 2              0 / 0        
[2026-04-03T06:46:10.849+0600][15.985s][info][gc,reloc    ] GC(4) Y: Survivor 2         4M (0%)            5M (0%)           5 / 2              0 / 0              0 / 0        
[2026-04-03T06:46:10.849+0600][15.985s][info][gc,reloc    ] GC(4) Y: Survivor 3        14M (0%)           33M (1%)           8 / 3              1 / 1              0 / 0        
[2026-04-03T06:46:10.849+0600][15.985s][info][gc,reloc    ] GC(4) Y: Survivor 4         4M (0%)            7M (0%)           6 / 3              0 / 0              0 / 0        
[2026-04-03T06:46:10.849+0600][15.985s][info][gc,heap     ] GC(4) Y: Min Capacity: 8M(0%)
[2026-04-03T06:46:10.849+0600][15.985s][info][gc,heap     ] GC(4) Y: Max Capacity: 3922M(100%)
[2026-04-03T06:46:10.849+0600][15.985s][info][gc,heap     ] GC(4) Y: Soft Max Capacity: 3529M(90%)
[2026-04-03T06:46:10.849+0600][15.985s][info][gc,heap     ] GC(4) Y: Heap Statistics:
[2026-04-03T06:46:10.849+0600][15.985s][info][gc,heap     ] GC(4) Y:                Mark Start          Mark End        Relocate Start      Relocate End           High               Low         
[2026-04-03T06:46:10.849+0600][15.985s][info][gc,heap     ] GC(4) Y:  Capacity:      590M (15%)         614M (16%)         614M (16%)         650M (17%)         650M (17%)         590M (15%)    
[2026-04-03T06:46:10.849+0600][15.985s][info][gc,heap     ] GC(4) Y:      Free:     3332M (85%)        3308M (84%)        3310M (84%)        3730M (95%)        3730M (95%)        3272M (83%)    
[2026-04-03T06:46:10.849+0600][15.985s][info][gc,heap     ] GC(4) Y:      Used:      590M (15%)         614M (16%)         612M (16%)         192M (5%)          650M (17%)         192M (5%)     
[2026-04-03T06:46:10.849+0600][15.985s][info][gc,heap     ] GC(4) Y: Young Generation Statistics:
[2026-04-03T06:46:10.849+0600][15.985s][info][gc,heap     ] GC(4) Y:                Mark Start          Mark End        Relocate Start      Relocate End    
[2026-04-03T06:46:10.849+0600][15.985s][info][gc,heap     ] GC(4) Y:      Used:      590M (15%)         614M (16%)         612M (16%)         192M (5%)     
[2026-04-03T06:46:10.849+0600][15.985s][info][gc,heap     ] GC(4) Y:      Live:         -                55M (1%)           55M (1%)           55M (1%)     
[2026-04-03T06:46:10.849+0600][15.985s][info][gc,heap     ] GC(4) Y:   Garbage:         -               534M (14%)         532M (14%)           2M (0%)     
[2026-04-03T06:46:10.849+0600][15.985s][info][gc,heap     ] GC(4) Y: Allocated:         -                24M (1%)           24M (1%)          134M (3%)     
[2026-04-03T06:46:10.849+0600][15.985s][info][gc,heap     ] GC(4) Y: Reclaimed:         -                  -                 2M (0%)          532M (14%)    
[2026-04-03T06:46:10.849+0600][15.985s][info][gc,heap     ] GC(4) Y:  Promoted:         -                  -                 0M (0%)            0M (0%)     
[2026-04-03T06:46:10.849+0600][15.985s][info][gc,heap     ] GC(4) Y: Compacted:         -                  -                  -                29M (1%)     
[2026-04-03T06:46:10.849+0600][15.985s][info][gc,phases   ] GC(4) Y: Young Generation 590M(15%)->192M(5%) 0.204s
[2026-04-03T06:46:10.849+0600][15.985s][info][gc,phases   ] GC(4) O: Old Generation
[2026-04-03T06:46:10.851+0600][15.988s][info][gc,phases   ] GC(4) O: Concurrent Mark 2.234ms
[2026-04-03T06:46:10.851+0600][15.988s][info][gc,phases   ] GC(4) O: Pause Mark End 0.043ms
[2026-04-03T06:46:10.852+0600][15.988s][info][gc,phases   ] GC(4) O: Concurrent Mark Free 0.002ms
[2026-04-03T06:46:10.878+0600][16.014s][info][gc,phases   ] GC(4) O: Concurrent Process Non-Strong 25.862ms
[2026-04-03T06:46:10.878+0600][16.014s][info][gc,phases   ] GC(4) O: Concurrent Reset Relocation Set 0.001ms
[2026-04-03T06:46:10.883+0600][16.020s][info][gc,phases   ] GC(4) O: Concurrent Select Relocation Set 5.603ms
[2026-04-03T06:46:10.883+0600][16.020s][info][gc,task     ] GC(4) O: Using 2 Workers for Old Generation
[2026-04-03T06:46:10.913+0600][16.050s][info][gc,task     ] GC(4) O: Using 1 Workers for Old Generation
[2026-04-03T06:46:10.914+0600][16.050s][info][gc,phases   ] GC(4) O: Concurrent Remap Roots 30.176ms
[2026-04-03T06:46:10.914+0600][16.050s][info][gc,phases   ] GC(4) O: Pause Relocate Start 0.025ms
[2026-04-03T06:46:10.914+0600][16.051s][info][gc,phases   ] GC(4) O: Concurrent Relocate 0.169ms
[2026-04-03T06:46:10.914+0600][16.051s][info][gc,alloc    ] GC(4) O:                         Mark Start        Mark End      Relocate Start    Relocate End   
[2026-04-03T06:46:10.914+0600][16.051s][info][gc,alloc    ] GC(4) O: Allocation Stalls:          0                0                0                0         
[2026-04-03T06:46:10.914+0600][16.051s][info][gc,load     ] GC(4) O: Load: 16.49 (137%) / 11.36 (95%) / 7.67 (64%)
[2026-04-03T06:46:10.914+0600][16.051s][info][gc,mmu      ] GC(4) O: MMU: 2ms/97.4%, 5ms/99.0%, 10ms/99.5%, 20ms/99.7%, 50ms/99.8%, 100ms/99.9%
[2026-04-03T06:46:10.914+0600][16.051s][info][gc,marking  ] GC(4) O: Mark: 1 stripe(s), 1 proactive flush(es), 1 terminate flush(es), 0 completion(s), 0 continuation(s) 
[2026-04-03T06:46:10.914+0600][16.051s][info][gc,marking  ] GC(4) O: Mark Stack Usage: 0M
[2026-04-03T06:46:10.914+0600][16.051s][info][gc,nmethod  ] GC(4) O: NMethods: 5623 registered, 437 unregistered
[2026-04-03T06:46:10.914+0600][16.051s][info][gc,metaspace] GC(4) O: Metaspace: 106M used, 107M committed, 1152M reserved
[2026-04-03T06:46:10.914+0600][16.051s][info][gc,ref      ] GC(4) O:                       Encountered   Discovered     Enqueued 
[2026-04-03T06:46:10.914+0600][16.051s][info][gc,ref      ] GC(4) O: Soft References:             4811            0            0 
[2026-04-03T06:46:10.914+0600][16.051s][info][gc,ref      ] GC(4) O: Weak References:            15861            0            0 
[2026-04-03T06:46:10.914+0600][16.051s][info][gc,ref      ] GC(4) O: Final References:              84            0            0 
[2026-04-03T06:46:10.914+0600][16.051s][info][gc,ref      ] GC(4) O: Phantom References:           595            0            0 
[2026-04-03T06:46:10.914+0600][16.051s][info][gc,heap     ] GC(4) O: Min Capacity: 8M(0%)
[2026-04-03T06:46:10.914+0600][16.051s][info][gc,heap     ] GC(4) O: Max Capacity: 3922M(100%)
[2026-04-03T06:46:10.914+0600][16.051s][info][gc,heap     ] GC(4) O: Soft Max Capacity: 3529M(90%)
[2026-04-03T06:46:10.914+0600][16.051s][info][gc,heap     ] GC(4) O: Heap Statistics:
[2026-04-03T06:46:10.914+0600][16.051s][info][gc,heap     ] GC(4) O:                Mark Start          Mark End        Relocate Start      Relocate End           High               Low         
[2026-04-03T06:46:10.914+0600][16.051s][info][gc,heap     ] GC(4) O:  Capacity:      590M (15%)         650M (17%)         650M (17%)         650M (17%)         650M (17%)         590M (15%)    
[2026-04-03T06:46:10.914+0600][16.051s][info][gc,heap     ] GC(4) O:      Free:     3332M (85%)        3730M (95%)        3718M (95%)        3718M (95%)        3730M (95%)        3272M (83%)    
[2026-04-03T06:46:10.914+0600][16.051s][info][gc,heap     ] GC(4) O:      Used:      590M (15%)         192M (5%)          204M (5%)          204M (5%)          650M (17%)         192M (5%)     
[2026-04-03T06:46:10.914+0600][16.051s][info][gc,heap     ] GC(4) O: Old Generation Statistics:
[2026-04-03T06:46:10.914+0600][16.051s][info][gc,heap     ] GC(4) O:                Mark Start          Mark End        Relocate Start      Relocate End    
[2026-04-03T06:46:10.914+0600][16.051s][info][gc,heap     ] GC(4) O:      Used:        0M (0%)            0M (0%)            0M (0%)            0M (0%)     
[2026-04-03T06:46:10.915+0600][16.051s][info][gc,heap     ] GC(4) O:      Live:         -                 0M (0%)            0M (0%)            0M (0%)     
[2026-04-03T06:46:10.915+0600][16.051s][info][gc,heap     ] GC(4) O:   Garbage:         -                 0M (0%)            0M (0%)            0M (0%)     
[2026-04-03T06:46:10.915+0600][16.051s][info][gc,heap     ] GC(4) O: Allocated:         -                 0M (0%)            0M (0%)            0M (0%)     
[2026-04-03T06:46:10.915+0600][16.051s][info][gc,heap     ] GC(4) O: Reclaimed:         -                  -                 0M (0%)            0M (0%)     
[2026-04-03T06:46:10.915+0600][16.051s][info][gc,heap     ] GC(4) O: Compacted:         -                  -                  -                 0M (0%)     
[2026-04-03T06:46:10.915+0600][16.051s][info][gc,phases   ] GC(4) O: Old Generation 192M(5%)->204M(5%) 0.065s
[2026-04-03T06:46:10.915+0600][16.051s][info][gc          ] GC(4) Major Collection (Metadata GC Threshold) 590M(15%)->204M(5%) 0.271s
[2026-04-03T06:46:13.008+0600][18.144s][info][gc          ] GC(5) Major Collection (Warmup)
[2026-04-03T06:46:13.008+0600][18.144s][info][gc,task     ] GC(5) Using 3 Workers for Young Generation
[2026-04-03T06:46:13.008+0600][18.144s][info][gc,task     ] GC(5) Using 1 Workers for Old Generation
[2026-04-03T06:46:13.008+0600][18.144s][info][gc,phases   ] GC(5) Y: Young Generation
[2026-04-03T06:46:13.095+0600][18.231s][info][gc,phases   ] GC(5) Y: Pause Mark Start (Major) 0.032ms
[2026-04-03T06:46:13.215+0600][18.352s][info][gc,phases   ] GC(5) Y: Concurrent Mark 119.823ms
[2026-04-03T06:46:13.215+0600][18.352s][info][gc,phases   ] GC(5) Y: Pause Mark End 0.039ms
[2026-04-03T06:46:13.216+0600][18.352s][info][gc,phases   ] GC(5) Y: Concurrent Mark Free 0.004ms
[2026-04-03T06:46:13.216+0600][18.352s][info][gc,phases   ] GC(5) Y: Concurrent Reset Relocation Set 0.032ms
[2026-04-03T06:46:13.218+0600][18.354s][info][gc,reloc    ] GC(5) Y: Using tenuring threshold: 4 (Computed)
[2026-04-03T06:46:13.224+0600][18.360s][info][gc,phases   ] GC(5) Y: Concurrent Select Relocation Set 7.799ms
[2026-04-03T06:46:13.225+0600][18.361s][info][gc,phases   ] GC(5) Y: Pause Relocate Start 0.029ms
[2026-04-03T06:46:13.253+0600][18.389s][info][gc,phases   ] GC(5) Y: Concurrent Relocate 27.889ms
[2026-04-03T06:46:13.253+0600][18.389s][info][gc,alloc    ] GC(5) Y:                         Mark Start        Mark End      Relocate Start    Relocate End   
[2026-04-03T06:46:13.253+0600][18.390s][info][gc,alloc    ] GC(5) Y: Allocation Stalls:          0                0                0                0         
[2026-04-03T06:46:13.253+0600][18.390s][info][gc,load     ] GC(5) Y: Load: 16.13 (134%) / 11.37 (95%) / 7.69 (64%)
[2026-04-03T06:46:13.253+0600][18.390s][info][gc,mmu      ] GC(5) Y: MMU: 2ms/97.4%, 5ms/99.0%, 10ms/99.3%, 20ms/99.7%, 50ms/99.8%, 100ms/99.9%
[2026-04-03T06:46:13.253+0600][18.390s][info][gc,marking  ] GC(5) Y: Mark: 2 stripe(s), 10 proactive flush(es), 1 terminate flush(es), 0 completion(s), 0 continuation(s) 
[2026-04-03T06:46:13.253+0600][18.390s][info][gc,marking  ] GC(5) Y: Mark Stack Usage: 32M
[2026-04-03T06:46:13.253+0600][18.390s][info][gc,nmethod  ] GC(5) Y: NMethods: 7418 registered, 437 unregistered
[2026-04-03T06:46:13.253+0600][18.390s][info][gc,metaspace] GC(5) Y: Metaspace: 114M used, 115M committed, 1152M reserved
[2026-04-03T06:46:13.253+0600][18.390s][info][gc,reloc    ] GC(5) Y:                        Candidates     Selected     In-Place         Size        Empty    Relocated 
[2026-04-03T06:46:13.253+0600][18.390s][info][gc,reloc    ] GC(5) Y: Small Pages:                  116           85            0         232M           0M          10M 
[2026-04-03T06:46:13.253+0600][18.390s][info][gc,reloc    ] GC(5) Y: Medium Pages:                   5            3            0         160M          32M          22M 
[2026-04-03T06:46:13.253+0600][18.390s][info][gc,reloc    ] GC(5) Y: Large Pages:                   11            0            0         162M          18M           0M 
[2026-04-03T06:46:13.253+0600][18.390s][info][gc,reloc    ] GC(5) Y: Forwarding Usage: 2M
[2026-04-03T06:46:13.253+0600][18.390s][info][gc,reloc    ] GC(5) Y: Age Table:
[2026-04-03T06:46:13.253+0600][18.390s][info][gc,reloc    ] GC(5) Y:                    Live             Garbage             Small              Medium             Large        
[2026-04-03T06:46:13.253+0600][18.390s][info][gc,reloc    ] GC(5) Y: Eden             170M (4%)          219M (6%)          82 / 76             2 / 1             11 / 0        
[2026-04-03T06:46:13.253+0600][18.390s][info][gc,reloc    ] GC(5) Y: Survivor 1        17M (0%)           34M (1%)          10 / 2              1 / 0              0 / 0        
[2026-04-03T06:46:13.253+0600][18.390s][info][gc,reloc    ] GC(5) Y: Survivor 2        10M (0%)           35M (1%)           7 / 2              1 / 1              0 / 0        
[2026-04-03T06:46:13.253+0600][18.390s][info][gc,reloc    ] GC(5) Y: Survivor 3         4M (0%)            3M (0%)           4 / 1              0 / 0              0 / 0        
[2026-04-03T06:46:13.253+0600][18.390s][info][gc,reloc    ] GC(5) Y: Survivor 4        14M (0%)           31M (1%)           7 / 2              1 / 1              0 / 0        
[2026-04-03T06:46:13.253+0600][18.390s][info][gc,reloc    ] GC(5) Y: Survivor 5         4M (0%)            7M (0%)           6 / 2              0 / 0              0 / 0        
[2026-04-03T06:46:13.253+0600][18.390s][info][gc,heap     ] GC(5) Y: Min Capacity: 8M(0%)
[2026-04-03T06:46:13.253+0600][18.390s][info][gc,heap     ] GC(5) Y: Max Capacity: 3922M(100%)
[2026-04-03T06:46:13.253+0600][18.390s][info][gc,heap     ] GC(5) Y: Soft Max Capacity: 3529M(90%)
[2026-04-03T06:46:13.253+0600][18.390s][info][gc,heap     ] GC(5) Y: Heap Statistics:
[2026-04-03T06:46:13.253+0600][18.390s][info][gc,heap     ] GC(5) Y:                Mark Start          Mark End        Relocate Start      Relocate End           High               Low         
[2026-04-03T06:46:13.253+0600][18.390s][info][gc,heap     ] GC(5) Y:  Capacity:     1044M (27%)        1044M (27%)        1044M (27%)        1044M (27%)        1044M (27%)        1044M (27%)    
[2026-04-03T06:46:13.253+0600][18.390s][info][gc,heap     ] GC(5) Y:      Free:     3368M (86%)        3308M (84%)        3356M (86%)        3504M (89%)        3504M (89%)        3258M (83%)    
[2026-04-03T06:46:13.253+0600][18.390s][info][gc,heap     ] GC(5) Y:      Used:      554M (14%)         614M (16%)         566M (14%)         418M (11%)         664M (17%)         418M (11%)    
[2026-04-03T06:46:13.253+0600][18.390s][info][gc,heap     ] GC(5) Y: Young Generation Statistics:
[2026-04-03T06:46:13.253+0600][18.390s][info][gc,heap     ] GC(5) Y:                Mark Start          Mark End        Relocate Start      Relocate End    
[2026-04-03T06:46:13.253+0600][18.390s][info][gc,heap     ] GC(5) Y:      Used:      554M (14%)         614M (16%)         550M (14%)         362M (9%)     
[2026-04-03T06:46:13.253+0600][18.390s][info][gc,heap     ] GC(5) Y:      Live:         -               222M (6%)          208M (5%)          203M (5%)     
[2026-04-03T06:46:13.253+0600][18.390s][info][gc,heap     ] GC(5) Y:   Garbage:         -               331M (8%)          279M (7%)            2M (0%)     
[2026-04-03T06:46:13.253+0600][18.390s][info][gc,heap     ] GC(5) Y: Allocated:         -                60M (2%)           62M (2%)          156M (4%)     
[2026-04-03T06:46:13.253+0600][18.390s][info][gc,heap     ] GC(5) Y: Reclaimed:         -                  -                52M (1%)          329M (8%)     
[2026-04-03T06:46:13.253+0600][18.390s][info][gc,heap     ] GC(5) Y:  Promoted:         -                  -                13M (0%)           19M (0%)     
[2026-04-03T06:46:13.253+0600][18.390s][info][gc,heap     ] GC(5) Y: Compacted:         -                  -                  -                29M (1%)     
[2026-04-03T06:46:13.253+0600][18.390s][info][gc,phases   ] GC(5) Y: Young Generation 778M(20%)->418M(11%) 0.245s
[2026-04-03T06:46:13.253+0600][18.390s][info][gc,phases   ] GC(5) O: Old Generation
[2026-04-03T06:46:13.256+0600][18.393s][info][gc,phases   ] GC(5) O: Concurrent Mark 2.664ms
[2026-04-03T06:46:13.256+0600][18.393s][info][gc,phases   ] GC(5) O: Pause Mark End 0.034ms
[2026-04-03T06:46:13.257+0600][18.393s][info][gc,phases   ] GC(5) O: Concurrent Mark Free 0.001ms
[2026-04-03T06:46:13.289+0600][18.426s][info][gc,phases   ] GC(5) O: Concurrent Process Non-Strong 32.888ms
[2026-04-03T06:46:13.290+0600][18.426s][info][gc,phases   ] GC(5) O: Concurrent Reset Relocation Set 0.001ms
[2026-04-03T06:46:13.292+0600][18.428s][info][gc,phases   ] GC(5) O: Concurrent Select Relocation Set 2.143ms
[2026-04-03T06:46:13.292+0600][18.428s][info][gc,task     ] GC(5) O: Using 3 Workers for Old Generation
[2026-04-03T06:46:13.318+0600][18.455s][info][gc,task     ] GC(5) O: Using 1 Workers for Old Generation
[2026-04-03T06:46:13.318+0600][18.455s][info][gc,phases   ] GC(5) O: Concurrent Remap Roots 26.371ms
[2026-04-03T06:46:13.318+0600][18.455s][info][gc,phases   ] GC(5) O: Pause Relocate Start 0.026ms
[2026-04-03T06:46:13.319+0600][18.455s][info][gc,phases   ] GC(5) O: Concurrent Relocate 0.258ms
[2026-04-03T06:46:13.319+0600][18.455s][info][gc,alloc    ] GC(5) O:                         Mark Start        Mark End      Relocate Start    Relocate End   
[2026-04-03T06:46:13.319+0600][18.455s][info][gc,alloc    ] GC(5) O: Allocation Stalls:          0                0                0                0         
[2026-04-03T06:46:13.319+0600][18.455s][info][gc,load     ] GC(5) O: Load: 16.13 (134%) / 11.37 (95%) / 7.69 (64%)
[2026-04-03T06:46:13.319+0600][18.455s][info][gc,mmu      ] GC(5) O: MMU: 2ms/97.4%, 5ms/99.0%, 10ms/99.3%, 20ms/99.7%, 50ms/99.8%, 100ms/99.9%
[2026-04-03T06:46:13.319+0600][18.455s][info][gc,marking  ] GC(5) O: Mark: 1 stripe(s), 1 proactive flush(es), 1 terminate flush(es), 0 completion(s), 0 continuation(s) 
[2026-04-03T06:46:13.319+0600][18.455s][info][gc,marking  ] GC(5) O: Mark Stack Usage: 0M
[2026-04-03T06:46:13.319+0600][18.455s][info][gc,nmethod  ] GC(5) O: NMethods: 7116 registered, 802 unregistered
[2026-04-03T06:46:13.319+0600][18.455s][info][gc,metaspace] GC(5) O: Metaspace: 114M used, 115M committed, 1152M reserved
[2026-04-03T06:46:13.319+0600][18.455s][info][gc,ref      ] GC(5) O:                       Encountered   Discovered     Enqueued 
[2026-04-03T06:46:13.319+0600][18.455s][info][gc,ref      ] GC(5) O: Soft References:             5549            0            0 
[2026-04-03T06:46:13.319+0600][18.455s][info][gc,ref      ] GC(5) O: Weak References:            19998            0            0 
[2026-04-03T06:46:13.319+0600][18.455s][info][gc,ref      ] GC(5) O: Final References:              84            0            0 
[2026-04-03T06:46:13.319+0600][18.455s][info][gc,ref      ] GC(5) O: Phantom References:           605            0            0 
[2026-04-03T06:46:13.319+0600][18.455s][info][gc,heap     ] GC(5) O: Min Capacity: 8M(0%)
[2026-04-03T06:46:13.319+0600][18.455s][info][gc,heap     ] GC(5) O: Max Capacity: 3922M(100%)
[2026-04-03T06:46:13.319+0600][18.455s][info][gc,heap     ] GC(5) O: Soft Max Capacity: 3529M(90%)
[2026-04-03T06:46:13.319+0600][18.455s][info][gc,heap     ] GC(5) O: Heap Statistics:
[2026-04-03T06:46:13.319+0600][18.455s][info][gc,heap     ] GC(5) O:                Mark Start          Mark End        Relocate Start      Relocate End           High               Low         
[2026-04-03T06:46:13.319+0600][18.455s][info][gc,heap     ] GC(5) O:  Capacity:     1044M (27%)        1044M (27%)        1044M (27%)        1044M (27%)        1044M (27%)        1044M (27%)    
[2026-04-03T06:46:13.319+0600][18.456s][info][gc,heap     ] GC(5) O:      Free:     3368M (86%)        3496M (89%)        3490M (89%)        3490M (89%)        3504M (89%)        3258M (83%)    
[2026-04-03T06:46:13.319+0600][18.456s][info][gc,heap     ] GC(5) O:      Used:      554M (14%)         426M (11%)         432M (11%)         432M (11%)         664M (17%)         418M (11%)    
[2026-04-03T06:46:13.319+0600][18.456s][info][gc,heap     ] GC(5) O: Old Generation Statistics:
[2026-04-03T06:46:13.319+0600][18.456s][info][gc,heap     ] GC(5) O:                Mark Start          Mark End        Relocate Start      Relocate End    
[2026-04-03T06:46:13.319+0600][18.456s][info][gc,heap     ] GC(5) O:      Used:        0M (0%)           56M (1%)           56M (1%)           56M (1%)     
[2026-04-03T06:46:13.319+0600][18.456s][info][gc,heap     ] GC(5) O:      Live:         -                 0M (0%)            0M (0%)            0M (0%)     
[2026-04-03T06:46:13.319+0600][18.456s][info][gc,heap     ] GC(5) O:   Garbage:         -                 0M (0%)            0M (0%)            0M (0%)     
[2026-04-03T06:46:13.319+0600][18.456s][info][gc,heap     ] GC(5) O: Allocated:         -                56M (1%)           56M (1%)           56M (1%)     
[2026-04-03T06:46:13.319+0600][18.456s][info][gc,heap     ] GC(5) O: Reclaimed:         -                  -                 0M (0%)            0M (0%)     
[2026-04-03T06:46:13.319+0600][18.456s][info][gc,heap     ] GC(5) O: Compacted:         -                  -                  -                 0M (0%)     
[2026-04-03T06:46:13.319+0600][18.456s][info][gc,phases   ] GC(5) O: Old Generation 418M(11%)->432M(11%) 0.065s
[2026-04-03T06:46:13.319+0600][18.456s][info][gc          ] GC(5) Major Collection (Warmup) 778M(20%)->432M(11%) 0.311s
[2026-04-03T06:46:15.982+0600][21.118s][info][gc          ] GC(6) Major Collection (Warmup)
[2026-04-03T06:46:15.984+0600][21.120s][info][gc,task     ] GC(6) Using 3 Workers for Young Generation
[2026-04-03T06:46:15.984+0600][21.120s][info][gc,task     ] GC(6) Using 1 Workers for Old Generation
[2026-04-03T06:46:15.984+0600][21.120s][info][gc,phases   ] GC(6) Y: Young Generation
[2026-04-03T06:46:15.984+0600][21.120s][info][gc,phases   ] GC(6) Y: Pause Mark Start (Major) 0.028ms
[2026-04-03T06:46:16.118+0600][21.254s][info][gc,phases   ] GC(6) Y: Concurrent Mark 133.547ms
[2026-04-03T06:46:16.118+0600][21.254s][info][gc,phases   ] GC(6) Y: Pause Mark End 0.031ms
[2026-04-03T06:46:16.118+0600][21.254s][info][gc,phases   ] GC(6) Y: Concurrent Mark Free 0.003ms
[2026-04-03T06:46:16.118+0600][21.255s][info][gc,phases   ] GC(6) Y: Concurrent Reset Relocation Set 0.030ms
[2026-04-03T06:46:16.120+0600][21.257s][info][gc,reloc    ] GC(6) Y: Using tenuring threshold: 2 (Computed)
[2026-04-03T06:46:16.138+0600][21.275s][info][gc,phases   ] GC(6) Y: Concurrent Select Relocation Set 20.233ms
[2026-04-03T06:46:16.139+0600][21.275s][info][gc,phases   ] GC(6) Y: Pause Relocate Start 0.022ms
[2026-04-03T06:46:16.192+0600][21.329s][info][gc,phases   ] GC(6) Y: Concurrent Relocate 53.520ms
[2026-04-03T06:46:16.192+0600][21.329s][info][gc,alloc    ] GC(6) Y:                         Mark Start        Mark End      Relocate Start    Relocate End   
[2026-04-03T06:46:16.193+0600][21.329s][info][gc,alloc    ] GC(6) Y: Allocation Stalls:          0                0                0                0         
[2026-04-03T06:46:16.193+0600][21.329s][info][gc,load     ] GC(6) Y: Load: 16.13 (134%) / 11.37 (95%) / 7.69 (64%)
[2026-04-03T06:46:16.193+0600][21.329s][info][gc,mmu      ] GC(6) Y: MMU: 2ms/97.4%, 5ms/99.0%, 10ms/99.3%, 20ms/99.7%, 50ms/99.8%, 100ms/99.9%
[2026-04-03T06:46:16.193+0600][21.329s][info][gc,marking  ] GC(6) Y: Mark: 2 stripe(s), 10 proactive flush(es), 1 terminate flush(es), 0 completion(s), 0 continuation(s) 
[2026-04-03T06:46:16.193+0600][21.329s][info][gc,marking  ] GC(6) Y: Mark Stack Usage: 32M
[2026-04-03T06:46:16.193+0600][21.329s][info][gc,nmethod  ] GC(6) Y: NMethods: 9174 registered, 802 unregistered
[2026-04-03T06:46:16.193+0600][21.329s][info][gc,metaspace] GC(6) Y: Metaspace: 119M used, 121M committed, 1152M reserved
[2026-04-03T06:46:16.193+0600][21.329s][info][gc,reloc    ] GC(6) Y:                        Candidates     Selected     In-Place         Size        Empty    Relocated 
[2026-04-03T06:46:16.193+0600][21.329s][info][gc,reloc    ] GC(6) Y: Small Pages:                  307          129            0         614M         278M          11M 
[2026-04-03T06:46:16.193+0600][21.329s][info][gc,reloc    ] GC(6) Y: Medium Pages:                   6            2            0         192M          96M           2M 
[2026-04-03T06:46:16.193+0600][21.329s][info][gc,reloc    ] GC(6) Y: Large Pages:                   17            0            0         198M          54M           0M 
[2026-04-03T06:46:16.193+0600][21.329s][info][gc,reloc    ] GC(6) Y: Forwarding Usage: 8M
[2026-04-03T06:46:16.193+0600][21.329s][info][gc,reloc    ] GC(6) Y: Age Table:
[2026-04-03T06:46:16.193+0600][21.329s][info][gc,reloc    ] GC(6) Y:                    Live             Garbage             Small              Medium             Large        
[2026-04-03T06:46:16.193+0600][21.329s][info][gc,reloc    ] GC(6) Y: Eden              32M (1%)          671M (17%)        277 / 120            3 / 1              9 / 0        
[2026-04-03T06:46:16.193+0600][21.329s][info][gc,reloc    ] GC(6) Y: Survivor 1       150M (4%)           41M (1%)           8 / 4              1 / 0              8 / 0        
[2026-04-03T06:46:16.193+0600][21.329s][info][gc,reloc    ] GC(6) Y: Survivor 2        17M (0%)           38M (1%)          12 / 3              1 / 0              0 / 0        
[2026-04-03T06:46:16.193+0600][21.329s][info][gc,reloc    ] GC(6) Y: Survivor 3        10M (0%)           33M (1%)           6 / 1              1 / 1              0 / 0        
[2026-04-03T06:46:16.193+0600][21.329s][info][gc,reloc    ] GC(6) Y: Survivor 4         4M (0%)            3M (0%)           4 / 1              0 / 0              0 / 0        
[2026-04-03T06:46:16.193+0600][21.329s][info][gc,heap     ] GC(6) Y: Min Capacity: 8M(0%)
[2026-04-03T06:46:16.193+0600][21.329s][info][gc,heap     ] GC(6) Y: Max Capacity: 3922M(100%)
[2026-04-03T06:46:16.193+0600][21.329s][info][gc,heap     ] GC(6) Y: Soft Max Capacity: 3529M(90%)
[2026-04-03T06:46:16.193+0600][21.329s][info][gc,heap     ] GC(6) Y: Heap Statistics:
[2026-04-03T06:46:16.193+0600][21.329s][info][gc,heap     ] GC(6) Y:                Mark Start          Mark End        Relocate Start      Relocate End           High               Low         
[2026-04-03T06:46:16.193+0600][21.329s][info][gc,heap     ] GC(6) Y:  Capacity:     1060M (27%)        1108M (28%)        1108M (28%)        1108M (28%)        1108M (28%)        1060M (27%)    
[2026-04-03T06:46:16.193+0600][21.329s][info][gc,heap     ] GC(6) Y:      Free:     2862M (73%)        2814M (72%)        3190M (81%)        3434M (88%)        3442M (88%)        2814M (72%)    
[2026-04-03T06:46:16.193+0600][21.329s][info][gc,heap     ] GC(6) Y:      Used:     1060M (27%)        1108M (28%)         732M (19%)         488M (12%)        1108M (28%)         480M (12%)    
[2026-04-03T06:46:16.193+0600][21.330s][info][gc,heap     ] GC(6) Y: Young Generation Statistics:
[2026-04-03T06:46:16.193+0600][21.330s][info][gc,heap     ] GC(6) Y:                Mark Start          Mark End        Relocate Start      Relocate End    
[2026-04-03T06:46:16.193+0600][21.330s][info][gc,heap     ] GC(6) Y:      Used:     1004M (26%)        1052M (27%)         644M (16%)         358M (9%)     
[2026-04-03T06:46:16.193+0600][21.330s][info][gc,heap     ] GC(6) Y:      Live:         -               215M (5%)          185M (5%)          182M (5%)     
[2026-04-03T06:46:16.193+0600][21.330s][info][gc,heap     ] GC(6) Y:   Garbage:         -               788M (20%)         358M (9%)            4M (0%)     
[2026-04-03T06:46:16.193+0600][21.330s][info][gc,heap     ] GC(6) Y: Allocated:         -                48M (1%)          100M (3%)          171M (4%)     
[2026-04-03T06:46:16.193+0600][21.330s][info][gc,heap     ] GC(6) Y: Reclaimed:         -                  -               430M (11%)         784M (20%)    
[2026-04-03T06:46:16.193+0600][21.330s][info][gc,heap     ] GC(6) Y:  Promoted:         -                  -                29M (1%)           32M (1%)     
[2026-04-03T06:46:16.193+0600][21.330s][info][gc,heap     ] GC(6) Y: Compacted:         -                  -                  -                18M (0%)     
[2026-04-03T06:46:16.193+0600][21.330s][info][gc,phases   ] GC(6) Y: Young Generation 1060M(27%)->488M(12%) 0.209s
[2026-04-03T06:46:16.193+0600][21.330s][info][gc,phases   ] GC(6) O: Old Generation
[2026-04-03T06:46:16.225+0600][21.362s][info][gc,phases   ] GC(6) O: Concurrent Mark 32.211ms
[2026-04-03T06:46:16.226+0600][21.362s][info][gc,phases   ] GC(6) O: Pause Mark End 0.026ms
[2026-04-03T06:46:16.226+0600][21.362s][info][gc,phases   ] GC(6) O: Concurrent Mark Free 0.002ms
[2026-04-03T06:46:16.259+0600][21.396s][info][gc,phases   ] GC(6) O: Concurrent Process Non-Strong 33.460ms
[2026-04-03T06:46:16.259+0600][21.396s][info][gc,phases   ] GC(6) O: Concurrent Reset Relocation Set 0.001ms
[2026-04-03T06:46:16.263+0600][21.400s][info][gc,phases   ] GC(6) O: Concurrent Select Relocation Set 3.846ms
[2026-04-03T06:46:16.263+0600][21.400s][info][gc,task     ] GC(6) O: Using 3 Workers for Old Generation
[2026-04-03T06:46:16.283+0600][21.419s][info][gc,task     ] GC(6) O: Using 1 Workers for Old Generation
[2026-04-03T06:46:16.283+0600][21.419s][info][gc,phases   ] GC(6) O: Concurrent Remap Roots 19.595ms
[2026-04-03T06:46:16.283+0600][21.420s][info][gc,phases   ] GC(6) O: Pause Relocate Start 0.023ms
[2026-04-03T06:46:16.287+0600][21.424s][info][gc,phases   ] GC(6) O: Concurrent Relocate 3.606ms
[2026-04-03T06:46:16.287+0600][21.424s][info][gc,alloc    ] GC(6) O:                         Mark Start        Mark End      Relocate Start    Relocate End   
[2026-04-03T06:46:16.287+0600][21.424s][info][gc,alloc    ] GC(6) O: Allocation Stalls:          0                0                0                0         
[2026-04-03T06:46:16.287+0600][21.424s][info][gc,load     ] GC(6) O: Load: 16.13 (134%) / 11.37 (95%) / 7.69 (64%)
[2026-04-03T06:46:16.287+0600][21.424s][info][gc,mmu      ] GC(6) O: MMU: 2ms/97.4%, 5ms/99.0%, 10ms/99.3%, 20ms/99.7%, 50ms/99.8%, 100ms/99.9%
[2026-04-03T06:46:16.287+0600][21.424s][info][gc,marking  ] GC(6) O: Mark: 1 stripe(s), 2 proactive flush(es), 1 terminate flush(es), 0 completion(s), 0 continuation(s) 
[2026-04-03T06:46:16.287+0600][21.424s][info][gc,marking  ] GC(6) O: Mark Stack Usage: 32M
[2026-04-03T06:46:16.287+0600][21.424s][info][gc,nmethod  ] GC(6) O: NMethods: 8746 registered, 1322 unregistered
[2026-04-03T06:46:16.287+0600][21.424s][info][gc,metaspace] GC(6) O: Metaspace: 119M used, 121M committed, 1152M reserved
[2026-04-03T06:46:16.287+0600][21.424s][info][gc,ref      ] GC(6) O:                       Encountered   Discovered     Enqueued 
[2026-04-03T06:46:16.287+0600][21.424s][info][gc,ref      ] GC(6) O: Soft References:             5887            0            0 
[2026-04-03T06:46:16.287+0600][21.424s][info][gc,ref      ] GC(6) O: Weak References:            21829         1062          431 
[2026-04-03T06:46:16.287+0600][21.424s][info][gc,ref      ] GC(6) O: Final References:              84            0            0 
[2026-04-03T06:46:16.287+0600][21.424s][info][gc,ref      ] GC(6) O: Phantom References:           613          546            0 
[2026-04-03T06:46:16.287+0600][21.424s][info][gc,reloc    ] GC(6) O:                        Candidates     Selected     In-Place         Size        Empty    Relocated 
[2026-04-03T06:46:16.287+0600][21.424s][info][gc,reloc    ] GC(6) O: Small Pages:                   12            4            0          24M           0M           1M 
[2026-04-03T06:46:16.287+0600][21.424s][info][gc,reloc    ] GC(6) O: Medium Pages:                   1            0            0          32M           0M           0M 
[2026-04-03T06:46:16.287+0600][21.424s][info][gc,reloc    ] GC(6) O: Large Pages:                    0            0            0           0M           0M           0M 
[2026-04-03T06:46:16.287+0600][21.424s][info][gc,reloc    ] GC(6) O: Forwarding Usage: 0M
[2026-04-03T06:46:16.287+0600][21.424s][info][gc,heap     ] GC(6) O: Min Capacity: 8M(0%)
[2026-04-03T06:46:16.287+0600][21.424s][info][gc,heap     ] GC(6) O: Max Capacity: 3922M(100%)
[2026-04-03T06:46:16.287+0600][21.424s][info][gc,heap     ] GC(6) O: Soft Max Capacity: 3529M(90%)
[2026-04-03T06:46:16.287+0600][21.424s][info][gc,heap     ] GC(6) O: Heap Statistics:
[2026-04-03T06:46:16.287+0600][21.424s][info][gc,heap     ] GC(6) O:                Mark Start          Mark End        Relocate Start      Relocate End           High               Low         
[2026-04-03T06:46:16.287+0600][21.424s][info][gc,heap     ] GC(6) O:  Capacity:     1060M (27%)        1108M (28%)        1108M (28%)        1108M (28%)        1108M (28%)        1060M (27%)    
[2026-04-03T06:46:16.287+0600][21.424s][info][gc,heap     ] GC(6) O:      Free:     2862M (73%)        3426M (87%)        3370M (86%)        3374M (86%)        3442M (88%)        2814M (72%)    
[2026-04-03T06:46:16.287+0600][21.424s][info][gc,heap     ] GC(6) O:      Used:     1060M (27%)         496M (13%)         552M (14%)         548M (14%)        1108M (28%)         480M (12%)    
[2026-04-03T06:46:16.287+0600][21.424s][info][gc,heap     ] GC(6) O: Old Generation Statistics:
[2026-04-03T06:46:16.287+0600][21.424s][info][gc,heap     ] GC(6) O:                Mark Start          Mark End        Relocate Start      Relocate End    
[2026-04-03T06:46:16.287+0600][21.424s][info][gc,heap     ] GC(6) O:      Used:       56M (1%)          130M (3%)          130M (3%)          124M (3%)     
[2026-04-03T06:46:16.287+0600][21.424s][info][gc,heap     ] GC(6) O:      Live:         -                19M (0%)           19M (0%)           19M (0%)     
[2026-04-03T06:46:16.288+0600][21.424s][info][gc,heap     ] GC(6) O:   Garbage:         -                36M (1%)           36M (1%)           28M (1%)     
[2026-04-03T06:46:16.288+0600][21.424s][info][gc,heap     ] GC(6) O: Allocated:         -                74M (2%)           74M (2%)           76M (2%)     
[2026-04-03T06:46:16.288+0600][21.424s][info][gc,heap     ] GC(6) O: Reclaimed:         -                  -                 0M (0%)            8M (0%)     
[2026-04-03T06:46:16.288+0600][21.424s][info][gc,heap     ] GC(6) O: Compacted:         -                  -                  -                 1M (0%)     
[2026-04-03T06:46:16.288+0600][21.424s][info][gc,phases   ] GC(6) O: Old Generation 488M(12%)->548M(14%) 0.094s
[2026-04-03T06:46:16.288+0600][21.424s][info][gc          ] GC(6) Major Collection (Warmup) 1060M(27%)->548M(14%) 0.306s
[2026-04-03T06:46:16.420+0600][21.556s][info][gc          ] GC(7) Major Collection (System.gc())
[2026-04-03T06:46:16.420+0600][21.556s][info][gc,task     ] GC(7) Using 3 Workers for Young Generation
[2026-04-03T06:46:16.420+0600][21.556s][info][gc,task     ] GC(7) Using 3 Workers for Old Generation
[2026-04-03T06:46:16.420+0600][21.556s][info][gc,phases   ] GC(7) Y: Young Generation (Promote All)
[2026-04-03T06:46:16.420+0600][21.557s][info][gc,phases   ] GC(7) Y: Pause Mark Start 0.022ms
[2026-04-03T06:46:16.501+0600][21.637s][info][gc,phases   ] GC(7) Y: Concurrent Mark 80.769ms
[2026-04-03T06:46:16.501+0600][21.638s][info][gc,phases   ] GC(7) Y: Pause Mark End 0.023ms
[2026-04-03T06:46:16.501+0600][21.638s][info][gc,phases   ] GC(7) Y: Concurrent Mark Free 0.001ms
[2026-04-03T06:46:16.501+0600][21.638s][info][gc,phases   ] GC(7) Y: Concurrent Reset Relocation Set 0.037ms
[2026-04-03T06:46:16.503+0600][21.640s][info][gc,reloc    ] GC(7) Y: Using tenuring threshold: 0 (Promote All)
[2026-04-03T06:46:16.519+0600][21.656s][info][gc,phases   ] GC(7) Y: Concurrent Select Relocation Set 17.516ms
[2026-04-03T06:46:16.519+0600][21.656s][info][gc,phases   ] GC(7) Y: Pause Relocate Start 0.019ms
[2026-04-03T06:46:16.553+0600][21.689s][info][gc,phases   ] GC(7) Y: Concurrent Relocate 33.613ms
[2026-04-03T06:46:16.553+0600][21.690s][info][gc,alloc    ] GC(7) Y:                         Mark Start        Mark End      Relocate Start    Relocate End   
[2026-04-03T06:46:16.553+0600][21.690s][info][gc,alloc    ] GC(7) Y: Allocation Stalls:          0                0                0                0         
[2026-04-03T06:46:16.553+0600][21.690s][info][gc,load     ] GC(7) Y: Load: 16.13 (134%) / 11.37 (95%) / 7.69 (64%)
[2026-04-03T06:46:16.553+0600][21.690s][info][gc,mmu      ] GC(7) Y: MMU: 2ms/97.4%, 5ms/99.0%, 10ms/99.3%, 20ms/99.7%, 50ms/99.8%, 100ms/99.9%
[2026-04-03T06:46:16.553+0600][21.690s][info][gc,marking  ] GC(7) Y: Mark: 2 stripe(s), 2 proactive flush(es), 1 terminate flush(es), 0 completion(s), 0 continuation(s) 
[2026-04-03T06:46:16.553+0600][21.690s][info][gc,marking  ] GC(7) Y: Mark Stack Usage: 32M
[2026-04-03T06:46:16.553+0600][21.690s][info][gc,nmethod  ] GC(7) Y: NMethods: 8864 registered, 1322 unregistered
[2026-04-03T06:46:16.553+0600][21.690s][info][gc,metaspace] GC(7) Y: Metaspace: 119M used, 121M committed, 1152M reserved
[2026-04-03T06:46:16.553+0600][21.690s][info][gc,reloc    ] GC(7) Y:                        Candidates     Selected     In-Place         Size        Empty    Relocated 
[2026-04-03T06:46:16.553+0600][21.690s][info][gc,reloc    ] GC(7) Y: Small Pages:                  146          123            0         292M           0M           6M 
[2026-04-03T06:46:16.553+0600][21.690s][info][gc,reloc    ] GC(7) Y: Medium Pages:                   2            0            0          64M          32M           0M 
[2026-04-03T06:46:16.553+0600][21.690s][info][gc,reloc    ] GC(7) Y: Large Pages:                   10            0            0         156M          12M           0M 
[2026-04-03T06:46:16.553+0600][21.690s][info][gc,reloc    ] GC(7) Y: Forwarding Usage: 5M
[2026-04-03T06:46:16.553+0600][21.690s][info][gc,reloc    ] GC(7) Y: Age Table:
[2026-04-03T06:46:16.553+0600][21.690s][info][gc,reloc    ] GC(7) Y:                    Live             Garbage             Small              Medium             Large        
[2026-04-03T06:46:16.553+0600][21.690s][info][gc,reloc    ] GC(7) Y: Eden               4M (0%)          267M (7%)         114 / 112            1 / 0              2 / 0        
[2026-04-03T06:46:16.553+0600][21.690s][info][gc,reloc    ] GC(7) Y: Survivor 1        31M (1%)           48M (1%)          24 / 5              1 / 0              0 / 0        
[2026-04-03T06:46:16.553+0600][21.690s][info][gc,reloc    ] GC(7) Y: Survivor 2       150M (4%)            9M (0%)           8 / 6              0 / 0              8 / 0        
[2026-04-03T06:46:16.553+0600][21.690s][info][gc,heap     ] GC(7) Y: Min Capacity: 8M(0%)
[2026-04-03T06:46:16.553+0600][21.690s][info][gc,heap     ] GC(7) Y: Max Capacity: 3922M(100%)
[2026-04-03T06:46:16.553+0600][21.690s][info][gc,heap     ] GC(7) Y: Soft Max Capacity: 3529M(90%)
[2026-04-03T06:46:16.553+0600][21.690s][info][gc,heap     ] GC(7) Y: Heap Statistics:
[2026-04-03T06:46:16.553+0600][21.690s][info][gc,heap     ] GC(7) Y:                Mark Start          Mark End        Relocate Start      Relocate End           High               Low         
[2026-04-03T06:46:16.553+0600][21.690s][info][gc,heap     ] GC(7) Y:  Capacity:     1108M (28%)        1108M (28%)        1108M (28%)        1108M (28%)        1108M (28%)        1108M (28%)    
[2026-04-03T06:46:16.553+0600][21.690s][info][gc,heap     ] GC(7) Y:      Free:     3286M (84%)        3286M (84%)        3328M (85%)        3574M (91%)        3574M (91%)        3286M (84%)    
[2026-04-03T06:46:16.553+0600][21.690s][info][gc,heap     ] GC(7) Y:      Used:      636M (16%)         636M (16%)         594M (15%)         348M (9%)          636M (16%)         348M (9%)     
[2026-04-03T06:46:16.553+0600][21.690s][info][gc,heap     ] GC(7) Y: Young Generation Statistics:
[2026-04-03T06:46:16.553+0600][21.690s][info][gc,heap     ] GC(7) Y:                Mark Start          Mark End        Relocate Start      Relocate End    
[2026-04-03T06:46:16.553+0600][21.690s][info][gc,heap     ] GC(7) Y:      Used:      512M (13%)         512M (13%)         260M (7%)            2M (0%)     
[2026-04-03T06:46:16.553+0600][21.690s][info][gc,heap     ] GC(7) Y:      Live:         -               186M (5%)           10M (0%)            0M (0%)     
[2026-04-03T06:46:16.553+0600][21.690s][info][gc,heap     ] GC(7) Y:   Garbage:         -               325M (8%)          247M (6%)            0M (0%)     
[2026-04-03T06:46:16.553+0600][21.690s][info][gc,heap     ] GC(7) Y: Allocated:         -                 0M (0%)            2M (0%)            2M (0%)     
[2026-04-03T06:46:16.553+0600][21.690s][info][gc,heap     ] GC(7) Y: Reclaimed:         -                  -                78M (2%)          325M (8%)     
[2026-04-03T06:46:16.553+0600][21.690s][info][gc,heap     ] GC(7) Y:  Promoted:         -                  -               175M (4%)          186M (5%)     
[2026-04-03T06:46:16.553+0600][21.690s][info][gc,heap     ] GC(7) Y: Compacted:         -                  -                  -                 0M (0%)     
[2026-04-03T06:46:16.553+0600][21.690s][info][gc,phases   ] GC(7) Y: Young Generation (Promote All) 636M(16%)->348M(9%) 0.133s
[2026-04-03T06:46:16.553+0600][21.690s][info][gc,phases   ] GC(7) Y: Young Generation (Collect Roots)
[2026-04-03T06:46:16.553+0600][21.690s][info][gc,phases   ] GC(7) Y: Pause Mark Start (Major) 0.025ms
[2026-04-03T06:46:16.569+0600][21.706s][info][gc,phases   ] GC(7) Y: Concurrent Mark 15.429ms
[2026-04-03T06:46:16.569+0600][21.706s][info][gc,phases   ] GC(7) Y: Pause Mark End 0.021ms
[2026-04-03T06:46:16.569+0600][21.706s][info][gc,phases   ] GC(7) Y: Concurrent Mark Free 0.002ms
[2026-04-03T06:46:16.569+0600][21.706s][info][gc,phases   ] GC(7) Y: Concurrent Reset Relocation Set 0.042ms
[2026-04-03T06:46:16.571+0600][21.708s][info][gc,reloc    ] GC(7) Y: Using tenuring threshold: 1 (Computed)
[2026-04-03T06:46:16.571+0600][21.708s][info][gc,phases   ] GC(7) Y: Concurrent Select Relocation Set 1.622ms
[2026-04-03T06:46:16.571+0600][21.708s][info][gc,phases   ] GC(7) Y: Pause Relocate Start 0.016ms
[2026-04-03T06:46:16.571+0600][21.708s][info][gc,phases   ] GC(7) Y: Concurrent Relocate 0.068ms
[2026-04-03T06:46:16.571+0600][21.708s][info][gc,alloc    ] GC(7) Y:                         Mark Start        Mark End      Relocate Start    Relocate End   
[2026-04-03T06:46:16.571+0600][21.708s][info][gc,alloc    ] GC(7) Y: Allocation Stalls:          0                0                0                0         
[2026-04-03T06:46:16.571+0600][21.708s][info][gc,load     ] GC(7) Y: Load: 16.13 (134%) / 11.37 (95%) / 7.69 (64%)
[2026-04-03T06:46:16.571+0600][21.708s][info][gc,mmu      ] GC(7) Y: MMU: 2ms/97.4%, 5ms/99.0%, 10ms/99.3%, 20ms/99.7%, 50ms/99.8%, 100ms/99.9%
[2026-04-03T06:46:16.571+0600][21.708s][info][gc,marking  ] GC(7) Y: Mark: 2 stripe(s), 1 proactive flush(es), 1 terminate flush(es), 0 completion(s), 0 continuation(s) 
[2026-04-03T06:46:16.571+0600][21.708s][info][gc,marking  ] GC(7) Y: Mark Stack Usage: 32M
[2026-04-03T06:46:16.571+0600][21.708s][info][gc,nmethod  ] GC(7) Y: NMethods: 8864 registered, 1322 unregistered
[2026-04-03T06:46:16.571+0600][21.708s][info][gc,metaspace] GC(7) Y: Metaspace: 119M used, 121M committed, 1152M reserved
[2026-04-03T06:46:16.571+0600][21.708s][info][gc,reloc    ] GC(7) Y:                        Candidates     Selected     In-Place         Size        Empty    Relocated 
[2026-04-03T06:46:16.571+0600][21.708s][info][gc,reloc    ] GC(7) Y: Small Pages:                    1            0            0           2M           0M           0M 
[2026-04-03T06:46:16.571+0600][21.708s][info][gc,reloc    ] GC(7) Y: Medium Pages:                   0            0            0           0M           0M           0M 
[2026-04-03T06:46:16.571+0600][21.708s][info][gc,reloc    ] GC(7) Y: Large Pages:                    0            0            0           0M           0M           0M 
[2026-04-03T06:46:16.572+0600][21.708s][info][gc,reloc    ] GC(7) Y: Forwarding Usage: 0M
[2026-04-03T06:46:16.572+0600][21.708s][info][gc,reloc    ] GC(7) Y: Age Table:
[2026-04-03T06:46:16.572+0600][21.708s][info][gc,reloc    ] GC(7) Y:                    Live             Garbage             Small              Medium             Large        
[2026-04-03T06:46:16.572+0600][21.708s][info][gc,reloc    ] GC(7) Y: Eden               0M (0%)            1M (0%)           1 / 0              0 / 0              0 / 0        
[2026-04-03T06:46:16.572+0600][21.708s][info][gc,heap     ] GC(7) Y: Min Capacity: 8M(0%)
[2026-04-03T06:46:16.572+0600][21.708s][info][gc,heap     ] GC(7) Y: Max Capacity: 3922M(100%)
[2026-04-03T06:46:16.572+0600][21.708s][info][gc,heap     ] GC(7) Y: Soft Max Capacity: 3529M(90%)
[2026-04-03T06:46:16.572+0600][21.708s][info][gc,heap     ] GC(7) Y: Heap Statistics:
[2026-04-03T06:46:16.572+0600][21.708s][info][gc,heap     ] GC(7) Y:                Mark Start          Mark End        Relocate Start      Relocate End           High               Low         
[2026-04-03T06:46:16.572+0600][21.708s][info][gc,heap     ] GC(7) Y:  Capacity:     1108M (28%)        1108M (28%)        1108M (28%)        1108M (28%)        1108M (28%)        1108M (28%)    
[2026-04-03T06:46:16.572+0600][21.708s][info][gc,heap     ] GC(7) Y:      Free:     3574M (91%)        3574M (91%)        3574M (91%)        3574M (91%)        3574M (91%)        3574M (91%)    
[2026-04-03T06:46:16.572+0600][21.708s][info][gc,heap     ] GC(7) Y:      Used:      348M (9%)          348M (9%)          348M (9%)          348M (9%)          348M (9%)          348M (9%)     
[2026-04-03T06:46:16.572+0600][21.708s][info][gc,heap     ] GC(7) Y: Young Generation Statistics:
[2026-04-03T06:46:16.572+0600][21.708s][info][gc,heap     ] GC(7) Y:                Mark Start          Mark End        Relocate Start      Relocate End    
[2026-04-03T06:46:16.572+0600][21.708s][info][gc,heap     ] GC(7) Y:      Used:        2M (0%)            2M (0%)            2M (0%)            2M (0%)     
[2026-04-03T06:46:16.572+0600][21.708s][info][gc,heap     ] GC(7) Y:      Live:         -                 0M (0%)            0M (0%)            0M (0%)     
[2026-04-03T06:46:16.572+0600][21.708s][info][gc,heap     ] GC(7) Y:   Garbage:         -                 1M (0%)            1M (0%)            1M (0%)     
[2026-04-03T06:46:16.572+0600][21.708s][info][gc,heap     ] GC(7) Y: Allocated:         -                 0M (0%)            0M (0%)            0M (0%)     
[2026-04-03T06:46:16.572+0600][21.708s][info][gc,heap     ] GC(7) Y: Reclaimed:         -                  -                 0M (0%)            0M (0%)     
[2026-04-03T06:46:16.572+0600][21.708s][info][gc,heap     ] GC(7) Y:  Promoted:         -                  -                 0M (0%)            0M (0%)     
[2026-04-03T06:46:16.572+0600][21.708s][info][gc,heap     ] GC(7) Y: Compacted:         -                  -                  -                 0M (0%)     
[2026-04-03T06:46:16.572+0600][21.708s][info][gc,phases   ] GC(7) Y: Young Generation (Collect Roots) 348M(9%)->348M(9%) 0.018s
[2026-04-03T06:46:16.572+0600][21.708s][info][gc,phases   ] GC(7) O: Old Generation
[2026-04-03T06:46:16.652+0600][21.788s][info][gc,phases   ] GC(7) O: Concurrent Mark 79.864ms
[2026-04-03T06:46:16.652+0600][21.788s][info][gc,phases   ] GC(7) O: Pause Mark End 0.022ms
[2026-04-03T06:46:16.652+0600][21.788s][info][gc,phases   ] GC(7) O: Concurrent Mark Free 0.002ms
[2026-04-03T06:46:16.675+0600][21.812s][info][gc,phases   ] GC(7) O: Concurrent Process Non-Strong 23.348ms
[2026-04-03T06:46:16.675+0600][21.812s][info][gc,phases   ] GC(7) O: Concurrent Reset Relocation Set 0.001ms
[2026-04-03T06:46:16.681+0600][21.818s][info][gc,phases   ] GC(7) O: Concurrent Select Relocation Set 6.048ms
[2026-04-03T06:46:16.682+0600][21.818s][info][gc,task     ] GC(7) O: Using 3 Workers for Old Generation
[2026-04-03T06:46:16.706+0600][21.842s][info][gc,task     ] GC(7) O: Using 3 Workers for Old Generation
[2026-04-03T06:46:16.706+0600][21.842s][info][gc,phases   ] GC(7) O: Concurrent Remap Roots 24.410ms
[2026-04-03T06:46:16.706+0600][21.843s][info][gc,phases   ] GC(7) O: Pause Relocate Start 0.029ms
[2026-04-03T06:46:16.732+0600][21.868s][info][gc,phases   ] GC(7) O: Concurrent Relocate 24.991ms
[2026-04-03T06:46:16.732+0600][21.868s][info][gc,alloc    ] GC(7) O:                         Mark Start        Mark End      Relocate Start    Relocate End   
[2026-04-03T06:46:16.732+0600][21.868s][info][gc,alloc    ] GC(7) O: Allocation Stalls:          0                0                0                0         
[2026-04-03T06:46:16.732+0600][21.868s][info][gc,load     ] GC(7) O: Load: 14.99 (125%) / 11.22 (93%) / 7.66 (64%)
[2026-04-03T06:46:16.732+0600][21.868s][info][gc,mmu      ] GC(7) O: MMU: 2ms/97.4%, 5ms/99.0%, 10ms/99.3%, 20ms/99.7%, 50ms/99.8%, 100ms/99.9%
[2026-04-03T06:46:16.732+0600][21.868s][info][gc,marking  ] GC(7) O: Mark: 2 stripe(s), 1 proactive flush(es), 1 terminate flush(es), 0 completion(s), 0 continuation(s) 
[2026-04-03T06:46:16.732+0600][21.868s][info][gc,marking  ] GC(7) O: Mark Stack Usage: 32M
[2026-04-03T06:46:16.732+0600][21.868s][info][gc,nmethod  ] GC(7) O: NMethods: 8805 registered, 1397 unregistered
[2026-04-03T06:46:16.732+0600][21.868s][info][gc,metaspace] GC(7) O: Metaspace: 119M used, 121M committed, 1152M reserved
[2026-04-03T06:46:16.732+0600][21.868s][info][gc,ref      ] GC(7) O:                       Encountered   Discovered     Enqueued 
[2026-04-03T06:46:16.732+0600][21.868s][info][gc,ref      ] GC(7) O: Soft References:             5916            0            0 
[2026-04-03T06:46:16.732+0600][21.868s][info][gc,ref      ] GC(7) O: Weak References:            21666        14010         7698 
[2026-04-03T06:46:16.732+0600][21.868s][info][gc,ref      ] GC(7) O: Final References:              84           50            0 
[2026-04-03T06:46:16.732+0600][21.868s][info][gc,ref      ] GC(7) O: Phantom References:           613          377            4 
[2026-04-03T06:46:16.732+0600][21.868s][info][gc,reloc    ] GC(7) O:                        Candidates     Selected     In-Place         Size        Empty    Relocated 
[2026-04-03T06:46:16.732+0600][21.868s][info][gc,reloc    ] GC(7) O: Small Pages:                   53            8            0         106M           2M           5M 
[2026-04-03T06:46:16.732+0600][21.868s][info][gc,reloc    ] GC(7) O: Medium Pages:                   3            2            0          96M           0M           6M 
[2026-04-03T06:46:16.732+0600][21.868s][info][gc,reloc    ] GC(7) O: Large Pages:                    8            0            0         144M         144M           0M 
[2026-04-03T06:46:16.732+0600][21.868s][info][gc,reloc    ] GC(7) O: Forwarding Usage: 8M
[2026-04-03T06:46:16.732+0600][21.868s][info][gc,heap     ] GC(7) O: Min Capacity: 8M(0%)
[2026-04-03T06:46:16.732+0600][21.868s][info][gc,heap     ] GC(7) O: Max Capacity: 3922M(100%)
[2026-04-03T06:46:16.732+0600][21.868s][info][gc,heap     ] GC(7) O: Soft Max Capacity: 3529M(90%)
[2026-04-03T06:46:16.732+0600][21.868s][info][gc,heap     ] GC(7) O: Heap Statistics:
[2026-04-03T06:46:16.732+0600][21.868s][info][gc,heap     ] GC(7) O:                Mark Start          Mark End        Relocate Start      Relocate End           High               Low         
[2026-04-03T06:46:16.732+0600][21.868s][info][gc,heap     ] GC(7) O:  Capacity:     1108M (28%)        1108M (28%)        1108M (28%)        1108M (28%)        1108M (28%)        1108M (28%)    
[2026-04-03T06:46:16.732+0600][21.868s][info][gc,heap     ] GC(7) O:      Free:     3574M (91%)        3572M (91%)        3708M (95%)        3746M (96%)        3746M (96%)        3570M (91%)    
[2026-04-03T06:46:16.732+0600][21.868s][info][gc,heap     ] GC(7) O:      Used:      348M (9%)          350M (9%)          214M (5%)          176M (4%)          352M (9%)          176M (4%)     
[2026-04-03T06:46:16.732+0600][21.868s][info][gc,heap     ] GC(7) O: Old Generation Statistics:
[2026-04-03T06:46:16.732+0600][21.868s][info][gc,heap     ] GC(7) O:                Mark Start          Mark End        Relocate Start      Relocate End    
[2026-04-03T06:46:16.732+0600][21.868s][info][gc,heap     ] GC(7) O:      Used:      346M (9%)          346M (9%)          200M (5%)          160M (4%)     
[2026-04-03T06:46:16.732+0600][21.868s][info][gc,heap     ] GC(7) O:      Live:         -                89M (2%)           89M (2%)           89M (2%)     
[2026-04-03T06:46:16.732+0600][21.869s][info][gc,heap     ] GC(7) O:   Garbage:         -               256M (7%)          110M (3%)            3M (0%)     
[2026-04-03T06:46:16.732+0600][21.869s][info][gc,heap     ] GC(7) O: Allocated:         -                 0M (0%)            0M (0%)           67M (2%)     
[2026-04-03T06:46:16.732+0600][21.869s][info][gc,heap     ] GC(7) O: Reclaimed:         -                  -               146M (4%)          253M (6%)     
[2026-04-03T06:46:16.732+0600][21.869s][info][gc,heap     ] GC(7) O: Compacted:         -                  -                  -                32M (1%)     
[2026-04-03T06:46:16.732+0600][21.869s][info][gc,phases   ] GC(7) O: Old Generation 348M(9%)->176M(4%) 0.160s
[2026-04-03T06:46:16.732+0600][21.869s][info][gc          ] GC(7) Major Collection (System.gc()) 636M(16%)->176M(4%) 0.312s
[2026-04-03T06:46:21.470+0600][26.607s][info][gc          ] GC(8) Minor Collection (Allocation Rate)
[2026-04-03T06:46:21.470+0600][26.607s][info][gc,task     ] GC(8) Using 1 Workers for Young Generation
[2026-04-03T06:46:21.470+0600][26.607s][info][gc,phases   ] GC(8) y: Young Generation
[2026-04-03T06:46:21.537+0600][26.674s][info][gc,phases   ] GC(8) y: Pause Mark Start 0.024ms
[2026-04-03T06:46:21.619+0600][26.755s][info][gc,phases   ] GC(8) y: Concurrent Mark 80.990ms
[2026-04-03T06:46:21.620+0600][26.757s][info][gc,phases   ] GC(8) y: Pause Mark End 0.030ms
[2026-04-03T06:46:21.624+0600][26.761s][info][gc,phases   ] GC(8) y: Concurrent Mark Free 0.003ms
[2026-04-03T06:46:21.624+0600][26.761s][info][gc,phases   ] GC(8) y: Concurrent Reset Relocation Set 0.001ms
[2026-04-03T06:46:21.634+0600][26.770s][info][gc,reloc    ] GC(8) y: Using tenuring threshold: 1 (Computed)
[2026-04-03T06:46:21.635+0600][26.771s][info][gc,phases   ] GC(8) y: Concurrent Select Relocation Set 10.217ms
[2026-04-03T06:46:21.635+0600][26.772s][info][gc,phases   ] GC(8) y: Pause Relocate Start 0.028ms
[2026-04-03T06:46:21.654+0600][26.791s][info][gc,phases   ] GC(8) y: Concurrent Relocate 19.000ms
[2026-04-03T06:46:21.655+0600][26.791s][info][gc,alloc    ] GC(8) y:                         Mark Start        Mark End      Relocate Start    Relocate End   
[2026-04-03T06:46:21.655+0600][26.791s][info][gc,alloc    ] GC(8) y: Allocation Stalls:          0                0                0                0         
[2026-04-03T06:46:21.655+0600][26.791s][info][gc,load     ] GC(8) y: Load: 14.99 (125%) / 11.22 (93%) / 7.66 (64%)
[2026-04-03T06:46:21.655+0600][26.791s][info][gc,mmu      ] GC(8) y: MMU: 2ms/97.4%, 5ms/99.0%, 10ms/99.3%, 20ms/99.7%, 50ms/99.8%, 100ms/99.9%
[2026-04-03T06:46:21.655+0600][26.791s][info][gc,marking  ] GC(8) y: Mark: 1 stripe(s), 2 proactive flush(es), 1 terminate flush(es), 0 completion(s), 0 continuation(s) 
[2026-04-03T06:46:21.655+0600][26.791s][info][gc,marking  ] GC(8) y: Mark Stack Usage: 32M
[2026-04-03T06:46:21.655+0600][26.791s][info][gc,nmethod  ] GC(8) y: NMethods: 11753 registered, 0 unregistered
[2026-04-03T06:46:21.655+0600][26.791s][info][gc,metaspace] GC(8) y: Metaspace: 125M used, 126M committed, 1152M reserved
[2026-04-03T06:46:21.655+0600][26.791s][info][gc,reloc    ] GC(8) y:                        Candidates     Selected     In-Place         Size        Empty    Relocated 
[2026-04-03T06:46:21.655+0600][26.791s][info][gc,reloc    ] GC(8) y: Small Pages:                  397          315            0         794M         152M           8M 
[2026-04-03T06:46:21.655+0600][26.791s][info][gc,reloc    ] GC(8) y: Medium Pages:                   5            0            0         160M         128M           0M 
[2026-04-03T06:46:21.655+0600][26.791s][info][gc,reloc    ] GC(8) y: Large Pages:                  149            0            0         894M         894M           0M 
[2026-04-03T06:46:21.655+0600][26.791s][info][gc,reloc    ] GC(8) y: Forwarding Usage: 1M
[2026-04-03T06:46:21.655+0600][26.791s][info][gc,reloc    ] GC(8) y: Age Table:
[2026-04-03T06:46:21.655+0600][26.791s][info][gc,reloc    ] GC(8) y:                    Live             Garbage             Small              Medium             Large        
[2026-04-03T06:46:21.655+0600][26.791s][info][gc,reloc    ] GC(8) y: Eden              15M (0%)         1830M (47%)        396 / 315            5 / 0            149 / 0        
[2026-04-03T06:46:21.655+0600][26.791s][info][gc,reloc    ] GC(8) y: Survivor 1          -                 2M (0%)           1 / 0              0 / 0              0 / 0        
[2026-04-03T06:46:21.655+0600][26.791s][info][gc,heap     ] GC(8) y: Min Capacity: 8M(0%)
[2026-04-03T06:46:21.655+0600][26.791s][info][gc,heap     ] GC(8) y: Max Capacity: 3922M(100%)
[2026-04-03T06:46:21.655+0600][26.792s][info][gc,heap     ] GC(8) y: Soft Max Capacity: 3529M(90%)
[2026-04-03T06:46:21.655+0600][26.792s][info][gc,heap     ] GC(8) y: Heap Statistics:
[2026-04-03T06:46:21.655+0600][26.792s][info][gc,heap     ] GC(8) y:                Mark Start          Mark End        Relocate Start      Relocate End           High               Low         
[2026-04-03T06:46:21.655+0600][26.792s][info][gc,heap     ] GC(8) y:  Capacity:     2168M (55%)        2168M (55%)        2168M (55%)        2168M (55%)        2168M (55%)        2168M (55%)    
[2026-04-03T06:46:21.655+0600][26.792s][info][gc,heap     ] GC(8) y:      Free:     1914M (49%)        1826M (47%)        2996M (76%)        3606M (92%)        3606M (92%)        1826M (47%)    
[2026-04-03T06:46:21.655+0600][26.792s][info][gc,heap     ] GC(8) y:      Used:     2008M (51%)        2096M (53%)         926M (24%)         316M (8%)         2096M (53%)         316M (8%)     
[2026-04-03T06:46:21.655+0600][26.792s][info][gc,heap     ] GC(8) y: Young Generation Statistics:
[2026-04-03T06:46:21.655+0600][26.792s][info][gc,heap     ] GC(8) y:                Mark Start          Mark End        Relocate Start      Relocate End    
[2026-04-03T06:46:21.655+0600][26.792s][info][gc,heap     ] GC(8) y:      Used:     1848M (47%)        1936M (49%)         766M (20%)         156M (4%)     
[2026-04-03T06:46:21.655+0600][26.792s][info][gc,heap     ] GC(8) y:      Live:         -                15M (0%)           15M (0%)           15M (0%)     
[2026-04-03T06:46:21.655+0600][26.792s][info][gc,heap     ] GC(8) y:   Garbage:         -              1832M (47%)         658M (17%)          25M (1%)     
[2026-04-03T06:46:21.655+0600][26.792s][info][gc,heap     ] GC(8) y: Allocated:         -                88M (2%)           92M (2%)          114M (3%)     
[2026-04-03T06:46:21.655+0600][26.792s][info][gc,heap     ] GC(8) y: Reclaimed:         -                  -              1174M (30%)        1806M (46%)    
[2026-04-03T06:46:21.655+0600][26.792s][info][gc,heap     ] GC(8) y:  Promoted:         -                  -                 0M (0%)            0M (0%)     
[2026-04-03T06:46:21.655+0600][26.792s][info][gc,heap     ] GC(8) y: Compacted:         -                  -                  -                 9M (0%)     
[2026-04-03T06:46:21.655+0600][26.792s][info][gc,phases   ] GC(8) y: Young Generation 2168M(55%)->316M(8%) 0.184s
[2026-04-03T06:46:21.655+0600][26.792s][info][gc          ] GC(8) Minor Collection (Allocation Rate) 2168M(55%)->316M(8%) 0.185s
[2026-04-03T06:46:25.788+0600][30.924s][info][gc          ] GC(9) Minor Collection (Allocation Rate)
[2026-04-03T06:46:25.788+0600][30.924s][info][gc,task     ] GC(9) Using 1 Workers for Young Generation
[2026-04-03T06:46:25.788+0600][30.924s][info][gc,phases   ] GC(9) y: Young Generation
[2026-04-03T06:46:25.793+0600][30.930s][info][gc,phases   ] GC(9) y: Pause Mark Start 0.038ms
[2026-04-03T06:46:25.932+0600][31.068s][info][gc,phases   ] GC(9) y: Concurrent Mark 138.207ms
[2026-04-03T06:46:25.932+0600][31.069s][info][gc,phases   ] GC(9) y: Pause Mark End 0.035ms
[2026-04-03T06:46:25.932+0600][31.069s][info][gc,phases   ] GC(9) y: Concurrent Mark Free 0.002ms
[2026-04-03T06:46:25.932+0600][31.069s][info][gc,phases   ] GC(9) y: Concurrent Reset Relocation Set 0.024ms
[2026-04-03T06:46:25.934+0600][31.071s][info][gc,reloc    ] GC(9) y: Using tenuring threshold: 2 (Computed)
[2026-04-03T06:46:25.936+0600][31.073s][info][gc,phases   ] GC(9) y: Concurrent Select Relocation Set 4.213ms
[2026-04-03T06:46:25.937+0600][31.073s][info][gc,phases   ] GC(9) y: Pause Relocate Start 0.018ms
[2026-04-03T06:46:25.956+0600][31.092s][info][gc,phases   ] GC(9) y: Concurrent Relocate 18.957ms
[2026-04-03T06:46:25.956+0600][31.092s][info][gc,alloc    ] GC(9) y:                         Mark Start        Mark End      Relocate Start    Relocate End   
[2026-04-03T06:46:25.956+0600][31.092s][info][gc,alloc    ] GC(9) y: Allocation Stalls:          0                0                0                0         
[2026-04-03T06:46:25.956+0600][31.092s][info][gc,load     ] GC(9) y: Load: 14.43 (120%) / 11.16 (93%) / 7.66 (64%)
[2026-04-03T06:46:25.956+0600][31.092s][info][gc,mmu      ] GC(9) y: MMU: 2ms/97.4%, 5ms/98.9%, 10ms/99.3%, 20ms/99.7%, 50ms/99.8%, 100ms/99.9%
[2026-04-03T06:46:25.956+0600][31.092s][info][gc,marking  ] GC(9) y: Mark: 1 stripe(s), 2 proactive flush(es), 1 terminate flush(es), 0 completion(s), 0 continuation(s) 
[2026-04-03T06:46:25.956+0600][31.092s][info][gc,marking  ] GC(9) y: Mark Stack Usage: 32M
[2026-04-03T06:46:25.956+0600][31.093s][info][gc,nmethod  ] GC(9) y: NMethods: 13680 registered, 0 unregistered
[2026-04-03T06:46:25.956+0600][31.093s][info][gc,metaspace] GC(9) y: Metaspace: 126M used, 128M committed, 1152M reserved
[2026-04-03T06:46:25.956+0600][31.093s][info][gc,reloc    ] GC(9) y:                        Candidates     Selected     In-Place         Size        Empty    Relocated 
[2026-04-03T06:46:25.956+0600][31.093s][info][gc,reloc    ] GC(9) y: Small Pages:                  789          482            0        1578M         594M           9M 
[2026-04-03T06:46:25.956+0600][31.093s][info][gc,reloc    ] GC(9) y: Medium Pages:                  11            0            0         352M         352M           0M 
[2026-04-03T06:46:25.956+0600][31.093s][info][gc,reloc    ] GC(9) y: Large Pages:                   42            0            0         252M         252M           0M 
[2026-04-03T06:46:25.956+0600][31.093s][info][gc,reloc    ] GC(9) y: Forwarding Usage: 2M
[2026-04-03T06:46:25.956+0600][31.093s][info][gc,reloc    ] GC(9) y: Age Table:
[2026-04-03T06:46:25.956+0600][31.093s][info][gc,reloc    ] GC(9) y:                    Live             Garbage             Small              Medium             Large        
[2026-04-03T06:46:25.956+0600][31.093s][info][gc,reloc    ] GC(9) y: Eden               9M (0%)         2110M (54%)        774 / 473           10 / 0             42 / 0        
[2026-04-03T06:46:25.956+0600][31.093s][info][gc,reloc    ] GC(9) y: Survivor 1         6M (0%)           55M (1%)          15 / 9              1 / 0              0 / 0        
[2026-04-03T06:46:25.956+0600][31.093s][info][gc,heap     ] GC(9) y: Min Capacity: 8M(0%)
[2026-04-03T06:46:25.956+0600][31.093s][info][gc,heap     ] GC(9) y: Max Capacity: 3922M(100%)
[2026-04-03T06:46:25.956+0600][31.093s][info][gc,heap     ] GC(9) y: Soft Max Capacity: 3529M(90%)
[2026-04-03T06:46:25.956+0600][31.093s][info][gc,heap     ] GC(9) y: Heap Statistics:
[2026-04-03T06:46:25.956+0600][31.093s][info][gc,heap     ] GC(9) y:                Mark Start          Mark End        Relocate Start      Relocate End           High               Low         
[2026-04-03T06:46:25.956+0600][31.093s][info][gc,heap     ] GC(9) y:  Capacity:     2342M (60%)        2528M (64%)        2528M (64%)        2528M (64%)        2528M (64%)        2342M (60%)    
[2026-04-03T06:46:25.956+0600][31.093s][info][gc,heap     ] GC(9) y:      Free:     1580M (40%)        1488M (38%)        2680M (68%)        3616M (92%)        3618M (92%)        1394M (36%)    
[2026-04-03T06:46:25.956+0600][31.093s][info][gc,heap     ] GC(9) y:      Used:     2342M (60%)        2434M (62%)        1242M (32%)         306M (8%)         2528M (64%)         304M (8%)     
[2026-04-03T06:46:25.956+0600][31.093s][info][gc,heap     ] GC(9) y: Young Generation Statistics:
[2026-04-03T06:46:25.956+0600][31.093s][info][gc,heap     ] GC(9) y:                Mark Start          Mark End        Relocate Start      Relocate End    
[2026-04-03T06:46:25.956+0600][31.093s][info][gc,heap     ] GC(9) y:      Used:     2182M (56%)        2274M (58%)        1082M (28%)         146M (4%)     
[2026-04-03T06:46:25.956+0600][31.093s][info][gc,heap     ] GC(9) y:      Live:         -                16M (0%)           16M (0%)           16M (0%)     
[2026-04-03T06:46:25.956+0600][31.093s][info][gc,heap     ] GC(9) y:   Garbage:         -              2165M (55%)         967M (25%)           1M (0%)     
[2026-04-03T06:46:25.956+0600][31.093s][info][gc,heap     ] GC(9) y: Allocated:         -                92M (2%)           98M (2%)          128M (3%)     
[2026-04-03T06:46:25.956+0600][31.093s][info][gc,heap     ] GC(9) y: Reclaimed:         -                  -              1198M (31%)        2164M (55%)    
[2026-04-03T06:46:25.956+0600][31.093s][info][gc,heap     ] GC(9) y:  Promoted:         -                  -                 0M (0%)            0M (0%)     
[2026-04-03T06:46:25.956+0600][31.093s][info][gc,heap     ] GC(9) y: Compacted:         -                  -                  -                 9M (0%)     
[2026-04-03T06:46:25.956+0600][31.093s][info][gc,phases   ] GC(9) y: Young Generation 2342M(60%)->306M(8%) 0.168s
[2026-04-03T06:46:25.956+0600][31.093s][info][gc          ] GC(9) Minor Collection (Allocation Rate) 2342M(60%)->306M(8%) 0.169s
[2026-04-03T06:46:27.725+0600][32.861s][info][gc          ] GC(10) Minor Collection (Allocation Rate)
[2026-04-03T06:46:27.725+0600][32.861s][info][gc,task     ] GC(10) Using 1 Workers for Young Generation
[2026-04-03T06:46:27.725+0600][32.861s][info][gc,phases   ] GC(10) y: Young Generation
[2026-04-03T06:46:27.725+0600][32.862s][info][gc,phases   ] GC(10) y: Pause Mark Start 0.058ms
[2026-04-03T06:46:27.815+0600][32.951s][info][gc,phases   ] GC(10) y: Concurrent Mark 89.456ms
[2026-04-03T06:46:27.816+0600][32.952s][info][gc,phases   ] GC(10) y: Pause Mark End 0.025ms
[2026-04-03T06:46:27.816+0600][32.952s][info][gc,phases   ] GC(10) y: Concurrent Mark Free 0.003ms
[2026-04-03T06:46:27.816+0600][32.952s][info][gc,phases   ] GC(10) y: Concurrent Reset Relocation Set 0.051ms
[2026-04-03T06:46:27.830+0600][32.966s][info][gc,reloc    ] GC(10) y: Using tenuring threshold: 3 (Computed)
[2026-04-03T06:46:27.832+0600][32.969s][info][gc,phases   ] GC(10) y: Concurrent Select Relocation Set 16.243ms
[2026-04-03T06:46:27.832+0600][32.969s][info][gc,phases   ] GC(10) y: Pause Relocate Start 0.026ms
[2026-04-03T06:46:27.853+0600][32.989s][info][gc,phases   ] GC(10) y: Concurrent Relocate 20.008ms
[2026-04-03T06:46:27.853+0600][32.989s][info][gc,alloc    ] GC(10) y:                         Mark Start        Mark End      Relocate Start    Relocate End   
[2026-04-03T06:46:27.853+0600][32.989s][info][gc,alloc    ] GC(10) y: Allocation Stalls:          0                0                0                0         
[2026-04-03T06:46:27.853+0600][32.989s][info][gc,load     ] GC(10) y: Load: 13.76 (115%) / 11.08 (92%) / 7.65 (64%)
[2026-04-03T06:46:27.853+0600][32.989s][info][gc,mmu      ] GC(10) y: MMU: 2ms/97.1%, 5ms/98.8%, 10ms/99.3%, 20ms/99.7%, 50ms/99.8%, 100ms/99.9%
[2026-04-03T06:46:27.853+0600][32.989s][info][gc,marking  ] GC(10) y: Mark: 1 stripe(s), 3 proactive flush(es), 1 terminate flush(es), 0 completion(s), 0 continuation(s) 
[2026-04-03T06:46:27.853+0600][32.989s][info][gc,marking  ] GC(10) y: Mark Stack Usage: 32M
[2026-04-03T06:46:27.853+0600][32.989s][info][gc,nmethod  ] GC(10) y: NMethods: 14285 registered, 0 unregistered
[2026-04-03T06:46:27.853+0600][32.989s][info][gc,metaspace] GC(10) y: Metaspace: 127M used, 128M committed, 1152M reserved
[2026-04-03T06:46:27.853+0600][32.990s][info][gc,reloc    ] GC(10) y:                        Candidates     Selected     In-Place         Size        Empty    Relocated 
[2026-04-03T06:46:27.853+0600][32.990s][info][gc,reloc    ] GC(10) y: Small Pages:                  452          260            0         904M         360M           6M 
[2026-04-03T06:46:27.853+0600][32.990s][info][gc,reloc    ] GC(10) y: Medium Pages:                   4            0            0         128M         128M           0M 
[2026-04-03T06:46:27.853+0600][32.990s][info][gc,reloc    ] GC(10) y: Large Pages:                  146            0            0         876M         876M           0M 
[2026-04-03T06:46:27.853+0600][32.990s][info][gc,reloc    ] GC(10) y: Forwarding Usage: 1M
[2026-04-03T06:46:27.853+0600][32.990s][info][gc,reloc    ] GC(10) y: Age Table:
[2026-04-03T06:46:27.853+0600][32.990s][info][gc,reloc    ] GC(10) y:                    Live             Garbage             Small              Medium             Large        
[2026-04-03T06:46:27.853+0600][32.990s][info][gc,reloc    ] GC(10) y: Eden               4M (0%)         1861M (47%)        431 / 249            4 / 0            146 / 0        
[2026-04-03T06:46:27.853+0600][32.990s][info][gc,reloc    ] GC(10) y: Survivor 1         7M (0%)           14M (0%)          11 / 5              0 / 0              0 / 0        
[2026-04-03T06:46:27.853+0600][32.990s][info][gc,reloc    ] GC(10) y: Survivor 2         6M (0%)           13M (0%)          10 / 6              0 / 0              0 / 0        
[2026-04-03T06:46:27.853+0600][32.990s][info][gc,heap     ] GC(10) y: Min Capacity: 8M(0%)
[2026-04-03T06:46:27.853+0600][32.990s][info][gc,heap     ] GC(10) y: Max Capacity: 3922M(100%)
[2026-04-03T06:46:27.853+0600][32.990s][info][gc,heap     ] GC(10) y: Soft Max Capacity: 3529M(90%)
[2026-04-03T06:46:27.853+0600][32.990s][info][gc,heap     ] GC(10) y: Heap Statistics:
[2026-04-03T06:46:27.853+0600][32.990s][info][gc,heap     ] GC(10) y:                Mark Start          Mark End        Relocate Start      Relocate End           High               Low         
[2026-04-03T06:46:27.853+0600][32.990s][info][gc,heap     ] GC(10) y:  Capacity:     2886M (74%)        2886M (74%)        2886M (74%)        2886M (74%)        2886M (74%)        2886M (74%)    
[2026-04-03T06:46:27.853+0600][32.990s][info][gc,heap     ] GC(10) y:      Free:     1854M (47%)        1754M (45%)        3108M (79%)        3598M (92%)        3598M (92%)        1754M (45%)    
[2026-04-03T06:46:27.853+0600][32.990s][info][gc,heap     ] GC(10) y:      Used:     2068M (53%)        2168M (55%)         814M (21%)         324M (8%)         2168M (55%)         324M (8%)     
[2026-04-03T06:46:27.853+0600][32.990s][info][gc,heap     ] GC(10) y: Young Generation Statistics:
[2026-04-03T06:46:27.853+0600][32.990s][info][gc,heap     ] GC(10) y:                Mark Start          Mark End        Relocate Start      Relocate End    
[2026-04-03T06:46:27.853+0600][32.990s][info][gc,heap     ] GC(10) y:      Used:     1908M (49%)        2008M (51%)         654M (17%)         164M (4%)     
[2026-04-03T06:46:27.853+0600][32.990s][info][gc,heap     ] GC(10) y:      Live:         -                19M (0%)           19M (0%)           19M (0%)     
[2026-04-03T06:46:27.853+0600][32.990s][info][gc,heap     ] GC(10) y:   Garbage:         -              1888M (48%)         524M (13%)           3M (0%)     
[2026-04-03T06:46:27.853+0600][32.990s][info][gc,heap     ] GC(10) y: Allocated:         -               100M (3%)          110M (3%)          141M (4%)     
[2026-04-03T06:46:27.853+0600][32.990s][info][gc,heap     ] GC(10) y: Reclaimed:         -                  -              1364M (35%)        1885M (48%)    
[2026-04-03T06:46:27.853+0600][32.990s][info][gc,heap     ] GC(10) y:  Promoted:         -                  -                 0M (0%)            0M (0%)     
[2026-04-03T06:46:27.853+0600][32.990s][info][gc,heap     ] GC(10) y: Compacted:         -                  -                  -                 6M (0%)     
[2026-04-03T06:46:27.853+0600][32.990s][info][gc,phases   ] GC(10) y: Young Generation 2068M(53%)->324M(8%) 0.128s
[2026-04-03T06:46:27.853+0600][32.990s][info][gc          ] GC(10) Minor Collection (Allocation Rate) 2068M(53%)->324M(8%) 0.129s
[2026-04-03T06:46:31.768+0600][36.904s][info][gc          ] GC(11) Minor Collection (Allocation Rate)
[2026-04-03T06:46:31.768+0600][36.904s][info][gc,task     ] GC(11) Using 1 Workers for Young Generation
[2026-04-03T06:46:31.768+0600][36.904s][info][gc,phases   ] GC(11) y: Young Generation
[2026-04-03T06:46:31.769+0600][36.905s][info][gc,phases   ] GC(11) y: Pause Mark Start 0.038ms
[2026-04-03T06:46:31.910+0600][37.047s][info][gc,phases   ] GC(11) y: Concurrent Mark 141.428ms
[2026-04-03T06:46:31.911+0600][37.047s][info][gc,phases   ] GC(11) y: Pause Mark End 0.022ms
[2026-04-03T06:46:31.911+0600][37.047s][info][gc,phases   ] GC(11) y: Concurrent Mark Free 0.003ms
[2026-04-03T06:46:31.911+0600][37.047s][info][gc,phases   ] GC(11) y: Concurrent Reset Relocation Set 0.017ms
[2026-04-03T06:46:31.913+0600][37.049s][info][gc,reloc    ] GC(11) y: Using tenuring threshold: 4 (Computed)
[2026-04-03T06:46:31.914+0600][37.050s][info][gc,phases   ] GC(11) y: Concurrent Select Relocation Set 3.071ms
[2026-04-03T06:46:31.914+0600][37.051s][info][gc,phases   ] GC(11) y: Pause Relocate Start 0.023ms
[2026-04-03T06:46:31.935+0600][37.071s][info][gc,phases   ] GC(11) y: Concurrent Relocate 20.185ms
[2026-04-03T06:46:31.935+0600][37.071s][info][gc,alloc    ] GC(11) y:                         Mark Start        Mark End      Relocate Start    Relocate End   
[2026-04-03T06:46:31.935+0600][37.071s][info][gc,alloc    ] GC(11) y: Allocation Stalls:          0                0                0                0         
[2026-04-03T06:46:31.935+0600][37.071s][info][gc,load     ] GC(11) y: Load: 13.46 (112%) / 11.06 (92%) / 7.67 (64%)
[2026-04-03T06:46:31.935+0600][37.071s][info][gc,mmu      ] GC(11) y: MMU: 2ms/97.1%, 5ms/98.8%, 10ms/99.3%, 20ms/99.7%, 50ms/99.8%, 100ms/99.9%
[2026-04-03T06:46:31.935+0600][37.071s][info][gc,marking  ] GC(11) y: Mark: 1 stripe(s), 3 proactive flush(es), 1 terminate flush(es), 0 completion(s), 0 continuation(s) 
[2026-04-03T06:46:31.935+0600][37.071s][info][gc,marking  ] GC(11) y: Mark Stack Usage: 32M
[2026-04-03T06:46:31.935+0600][37.071s][info][gc,nmethod  ] GC(11) y: NMethods: 14909 registered, 0 unregistered
[2026-04-03T06:46:31.935+0600][37.071s][info][gc,metaspace] GC(11) y: Metaspace: 127M used, 129M committed, 1152M reserved
[2026-04-03T06:46:31.935+0600][37.071s][info][gc,reloc    ] GC(11) y:                        Candidates     Selected     In-Place         Size        Empty    Relocated 
[2026-04-03T06:46:31.935+0600][37.071s][info][gc,reloc    ] GC(11) y: Small Pages:                 1053          495            0        2106M        1078M          12M 
[2026-04-03T06:46:31.935+0600][37.071s][info][gc,reloc    ] GC(11) y: Medium Pages:                  12            0            0         384M         384M           0M 
[2026-04-03T06:46:31.935+0600][37.071s][info][gc,reloc    ] GC(11) y: Large Pages:                   49            0            0         294M         294M           0M 
[2026-04-03T06:46:31.935+0600][37.071s][info][gc,reloc    ] GC(11) y: Forwarding Usage: 4M
[2026-04-03T06:46:31.935+0600][37.071s][info][gc,reloc    ] GC(11) y: Age Table:
[2026-04-03T06:46:31.935+0600][37.071s][info][gc,reloc    ] GC(11) y:                    Live             Garbage             Small              Medium             Large        
[2026-04-03T06:46:31.935+0600][37.071s][info][gc,reloc    ] GC(11) y: Eden              12M (0%)         2717M (69%)       1026 / 483           12 / 0             49 / 0        
[2026-04-03T06:46:31.935+0600][37.071s][info][gc,reloc    ] GC(11) y: Survivor 1         4M (0%)           17M (0%)          11 / 8              0 / 0              0 / 0        
[2026-04-03T06:46:31.935+0600][37.071s][info][gc,reloc    ] GC(11) y: Survivor 2         7M (0%)            4M (0%)           6 / 0              0 / 0              0 / 0        
[2026-04-03T06:46:31.935+0600][37.071s][info][gc,reloc    ] GC(11) y: Survivor 3         6M (0%)           13M (0%)          10 / 4              0 / 0              0 / 0        
[2026-04-03T06:46:31.935+0600][37.071s][info][gc,heap     ] GC(11) y: Min Capacity: 8M(0%)
[2026-04-03T06:46:31.935+0600][37.071s][info][gc,heap     ] GC(11) y: Max Capacity: 3922M(100%)
[2026-04-03T06:46:31.935+0600][37.071s][info][gc,heap     ] GC(11) y: Soft Max Capacity: 3529M(90%)
[2026-04-03T06:46:31.935+0600][37.071s][info][gc,heap     ] GC(11) y: Heap Statistics:
[2026-04-03T06:46:31.935+0600][37.071s][info][gc,heap     ] GC(11) y:                Mark Start          Mark End        Relocate Start      Relocate End           High               Low         
[2026-04-03T06:46:31.935+0600][37.071s][info][gc,heap     ] GC(11) y:  Capacity:     3110M (79%)        3302M (84%)        3302M (84%)        3302M (84%)        3302M (84%)        3110M (79%)    
[2026-04-03T06:46:31.935+0600][37.071s][info][gc,heap     ] GC(11) y:      Free:      978M (25%)         904M (23%)        2658M (68%)        3618M (92%)        3618M (92%)         748M (19%)    
[2026-04-03T06:46:31.935+0600][37.071s][info][gc,heap     ] GC(11) y:      Used:     2944M (75%)        3018M (77%)        1264M (32%)         304M (8%)         3174M (81%)         304M (8%)     
[2026-04-03T06:46:31.935+0600][37.071s][info][gc,heap     ] GC(11) y: Young Generation Statistics:
[2026-04-03T06:46:31.935+0600][37.071s][info][gc,heap     ] GC(11) y:                Mark Start          Mark End        Relocate Start      Relocate End    
[2026-04-03T06:46:31.935+0600][37.071s][info][gc,heap     ] GC(11) y:      Used:     2784M (71%)        2858M (73%)        1104M (28%)         144M (4%)     
[2026-04-03T06:46:31.935+0600][37.071s][info][gc,heap     ] GC(11) y:      Live:         -                31M (1%)           31M (1%)           31M (1%)     
[2026-04-03T06:46:31.935+0600][37.071s][info][gc,heap     ] GC(11) y:   Garbage:         -              2752M (70%)         996M (25%)           4M (0%)     
[2026-04-03T06:46:31.935+0600][37.072s][info][gc,heap     ] GC(11) y: Allocated:         -                74M (2%)           76M (2%)          108M (3%)     
[2026-04-03T06:46:31.935+0600][37.072s][info][gc,heap     ] GC(11) y: Reclaimed:         -                  -              1756M (45%)        2748M (70%)    
[2026-04-03T06:46:31.935+0600][37.072s][info][gc,heap     ] GC(11) y:  Promoted:         -                  -                 0M (0%)            0M (0%)     
[2026-04-03T06:46:31.935+0600][37.072s][info][gc,heap     ] GC(11) y: Compacted:         -                  -                  -                13M (0%)     
[2026-04-03T06:46:31.935+0600][37.072s][info][gc,phases   ] GC(11) y: Young Generation 2944M(75%)->304M(8%) 0.167s
[2026-04-03T06:46:31.935+0600][37.072s][info][gc          ] GC(11) Minor Collection (Allocation Rate) 2944M(75%)->304M(8%) 0.167s
[2026-04-03T06:46:34.772+0600][39.909s][info][gc          ] GC(12) Minor Collection (Allocation Rate)
[2026-04-03T06:46:34.772+0600][39.909s][info][gc,task     ] GC(12) Using 1 Workers for Young Generation
[2026-04-03T06:46:34.772+0600][39.909s][info][gc,phases   ] GC(12) y: Young Generation
[2026-04-03T06:46:34.773+0600][39.909s][info][gc,phases   ] GC(12) y: Pause Mark Start 0.027ms
[2026-04-03T06:46:34.840+0600][39.976s][info][gc,phases   ] GC(12) y: Concurrent Mark 67.111ms
[2026-04-03T06:46:34.840+0600][39.977s][info][gc,phases   ] GC(12) y: Pause Mark End 0.020ms
[2026-04-03T06:46:34.840+0600][39.977s][info][gc,phases   ] GC(12) y: Concurrent Mark Free 0.001ms
[2026-04-03T06:46:34.840+0600][39.977s][info][gc,phases   ] GC(12) y: Concurrent Reset Relocation Set 0.045ms
[2026-04-03T06:46:34.845+0600][39.981s][info][gc,reloc    ] GC(12) y: Using tenuring threshold: 5 (Computed)
[2026-04-03T06:46:34.845+0600][39.982s][info][gc,phases   ] GC(12) y: Concurrent Select Relocation Set 5.105ms
[2026-04-03T06:46:34.846+0600][39.982s][info][gc,phases   ] GC(12) y: Pause Relocate Start 0.014ms
[2026-04-03T06:46:34.858+0600][39.994s][info][gc,phases   ] GC(12) y: Concurrent Relocate 11.832ms
[2026-04-03T06:46:34.858+0600][39.994s][info][gc,alloc    ] GC(12) y:                         Mark Start        Mark End      Relocate Start    Relocate End   
[2026-04-03T06:46:34.858+0600][39.994s][info][gc,alloc    ] GC(12) y: Allocation Stalls:          0                0                0                0         
[2026-04-03T06:46:34.858+0600][39.994s][info][gc,load     ] GC(12) y: Load: 13.46 (112%) / 11.06 (92%) / 7.67 (64%)
[2026-04-03T06:46:34.858+0600][39.994s][info][gc,mmu      ] GC(12) y: MMU: 2ms/97.1%, 5ms/98.8%, 10ms/99.3%, 20ms/99.7%, 50ms/99.8%, 100ms/99.9%
[2026-04-03T06:46:34.858+0600][39.994s][info][gc,marking  ] GC(12) y: Mark: 1 stripe(s), 2 proactive flush(es), 1 terminate flush(es), 0 completion(s), 0 continuation(s) 
[2026-04-03T06:46:34.858+0600][39.994s][info][gc,marking  ] GC(12) y: Mark Stack Usage: 32M
[2026-04-03T06:46:34.858+0600][39.994s][info][gc,nmethod  ] GC(12) y: NMethods: 15188 registered, 0 unregistered
[2026-04-03T06:46:34.858+0600][39.994s][info][gc,metaspace] GC(12) y: Metaspace: 127M used, 129M committed, 1152M reserved
[2026-04-03T06:46:34.858+0600][39.994s][info][gc,reloc    ] GC(12) y:                        Candidates     Selected     In-Place         Size        Empty    Relocated 
[2026-04-03T06:46:34.858+0600][39.994s][info][gc,reloc    ] GC(12) y: Small Pages:                  684          365            0        1368M         598M          10M 
[2026-04-03T06:46:34.858+0600][39.994s][info][gc,reloc    ] GC(12) y: Medium Pages:                   8            0            0         256M         256M           0M 
[2026-04-03T06:46:34.858+0600][39.994s][info][gc,reloc    ] GC(12) y: Large Pages:                  164            0            0         984M         984M           0M 
[2026-04-03T06:46:34.858+0600][39.994s][info][gc,reloc    ] GC(12) y: Forwarding Usage: 2M
[2026-04-03T06:46:34.858+0600][39.994s][info][gc,reloc    ] GC(12) y: Age Table:
[2026-04-03T06:46:34.858+0600][39.995s][info][gc,reloc    ] GC(12) y:                    Live             Garbage             Small              Medium             Large        
[2026-04-03T06:46:34.858+0600][39.995s][info][gc,reloc    ] GC(12) y: Eden               7M (0%)         2540M (65%)        654 / 350            8 / 0            164 / 0        
[2026-04-03T06:46:34.858+0600][39.995s][info][gc,reloc    ] GC(12) y: Survivor 1         8M (0%)           13M (0%)          11 / 6              0 / 0              0 / 0        
[2026-04-03T06:46:34.858+0600][39.995s][info][gc,reloc    ] GC(12) y: Survivor 2         4M (0%)            1M (0%)           3 / 1              0 / 0              0 / 0        
[2026-04-03T06:46:34.858+0600][39.995s][info][gc,reloc    ] GC(12) y: Survivor 3         7M (0%)           14M (0%)          11 / 7              0 / 0              0 / 0        
[2026-04-03T06:46:34.858+0600][39.995s][info][gc,reloc    ] GC(12) y: Survivor 4         6M (0%)            3M (0%)           5 / 1              0 / 0              0 / 0        
[2026-04-03T06:46:34.858+0600][39.995s][info][gc,heap     ] GC(12) y: Min Capacity: 8M(0%)
[2026-04-03T06:46:34.858+0600][39.995s][info][gc,heap     ] GC(12) y: Max Capacity: 3922M(100%)
[2026-04-03T06:46:34.858+0600][39.995s][info][gc,heap     ] GC(12) y: Soft Max Capacity: 3529M(90%)
[2026-04-03T06:46:34.858+0600][39.995s][info][gc,heap     ] GC(12) y: Heap Statistics:
[2026-04-03T06:46:34.858+0600][39.995s][info][gc,heap     ] GC(12) y:                Mark Start          Mark End        Relocate Start      Relocate End           High               Low         
[2026-04-03T06:46:34.858+0600][39.995s][info][gc,heap     ] GC(12) y:  Capacity:     3634M (93%)        3634M (93%)        3634M (93%)        3634M (93%)        3634M (93%)        3634M (93%)    
[2026-04-03T06:46:34.858+0600][39.995s][info][gc,heap     ] GC(12) y:      Free:     1154M (29%)        1120M (29%)        2956M (75%)        3674M (94%)        3674M (94%)        1120M (29%)    
[2026-04-03T06:46:34.858+0600][39.995s][info][gc,heap     ] GC(12) y:      Used:     2768M (71%)        2802M (71%)         966M (25%)         248M (6%)         2802M (71%)         248M (6%)     
[2026-04-03T06:46:34.858+0600][39.995s][info][gc,heap     ] GC(12) y: Young Generation Statistics:
[2026-04-03T06:46:34.858+0600][39.995s][info][gc,heap     ] GC(12) y:                Mark Start          Mark End        Relocate Start      Relocate End    
[2026-04-03T06:46:34.858+0600][39.995s][info][gc,heap     ] GC(12) y:      Used:     2608M (66%)        2642M (67%)         806M (21%)          88M (2%)     
[2026-04-03T06:46:34.858+0600][39.995s][info][gc,heap     ] GC(12) y:      Live:         -                33M (1%)           33M (1%)           33M (1%)     
[2026-04-03T06:46:34.858+0600][39.995s][info][gc,heap     ] GC(12) y:   Garbage:         -              2574M (66%)         736M (19%)           4M (0%)     
[2026-04-03T06:46:34.858+0600][39.995s][info][gc,heap     ] GC(12) y: Allocated:         -                34M (1%)           36M (1%)           50M (1%)     
[2026-04-03T06:46:34.858+0600][39.995s][info][gc,heap     ] GC(12) y: Reclaimed:         -                  -              1838M (47%)        2570M (66%)    
[2026-04-03T06:46:34.858+0600][39.995s][info][gc,heap     ] GC(12) y:  Promoted:         -                  -                 0M (0%)            0M (0%)     
[2026-04-03T06:46:34.858+0600][39.995s][info][gc,heap     ] GC(12) y: Compacted:         -                  -                  -                15M (0%)     
[2026-04-03T06:46:34.858+0600][39.995s][info][gc,phases   ] GC(12) y: Young Generation 2768M(71%)->248M(6%) 0.085s
[2026-04-03T06:46:34.858+0600][39.995s][info][gc          ] GC(12) Minor Collection (Allocation Rate) 2768M(71%)->248M(6%) 0.086s
[2026-04-03T06:46:37.638+0600][42.774s][info][gc          ] GC(13) Minor Collection (Allocation Rate)
[2026-04-03T06:46:37.638+0600][42.774s][info][gc,task     ] GC(13) Using 1 Workers for Young Generation
[2026-04-03T06:46:37.638+0600][42.774s][info][gc,phases   ] GC(13) y: Young Generation
[2026-04-03T06:46:37.638+0600][42.775s][info][gc,phases   ] GC(13) y: Pause Mark Start 0.021ms
[2026-04-03T06:46:37.719+0600][42.856s][info][gc,phases   ] GC(13) y: Concurrent Mark 81.129ms
[2026-04-03T06:46:37.720+0600][42.856s][info][gc,phases   ] GC(13) y: Pause Mark End 0.024ms
[2026-04-03T06:46:37.720+0600][42.856s][info][gc,phases   ] GC(13) y: Concurrent Mark Free 0.002ms
[2026-04-03T06:46:37.720+0600][42.856s][info][gc,phases   ] GC(13) y: Concurrent Reset Relocation Set 0.026ms
[2026-04-03T06:46:37.724+0600][42.861s][info][gc,reloc    ] GC(13) y: Using tenuring threshold: 6 (Computed)
[2026-04-03T06:46:37.726+0600][42.862s][info][gc,phases   ] GC(13) y: Concurrent Select Relocation Set 5.767ms
[2026-04-03T06:46:37.726+0600][42.862s][info][gc,phases   ] GC(13) y: Pause Relocate Start 0.013ms
[2026-04-03T06:46:37.738+0600][42.875s][info][gc,phases   ] GC(13) y: Concurrent Relocate 12.531ms
[2026-04-03T06:46:37.739+0600][42.875s][info][gc,alloc    ] GC(13) y:                         Mark Start        Mark End      Relocate Start    Relocate End   
[2026-04-03T06:46:37.739+0600][42.875s][info][gc,alloc    ] GC(13) y: Allocation Stalls:          0                0                0                0         
[2026-04-03T06:46:37.739+0600][42.875s][info][gc,load     ] GC(13) y: Load: 13.18 (110%) / 11.04 (92%) / 7.68 (64%)
[2026-04-03T06:46:37.739+0600][42.875s][info][gc,mmu      ] GC(13) y: MMU: 2ms/97.1%, 5ms/98.8%, 10ms/99.3%, 20ms/99.7%, 50ms/99.8%, 100ms/99.9%
[2026-04-03T06:46:37.739+0600][42.875s][info][gc,marking  ] GC(13) y: Mark: 1 stripe(s), 2 proactive flush(es), 1 terminate flush(es), 0 completion(s), 0 continuation(s) 
[2026-04-03T06:46:37.739+0600][42.875s][info][gc,marking  ] GC(13) y: Mark Stack Usage: 32M
[2026-04-03T06:46:37.739+0600][42.875s][info][gc,nmethod  ] GC(13) y: NMethods: 15467 registered, 0 unregistered
[2026-04-03T06:46:37.739+0600][42.875s][info][gc,metaspace] GC(13) y: Metaspace: 127M used, 129M committed, 1152M reserved
[2026-04-03T06:46:37.739+0600][42.875s][info][gc,reloc    ] GC(13) y:                        Candidates     Selected     In-Place         Size        Empty    Relocated 
[2026-04-03T06:46:37.739+0600][42.875s][info][gc,reloc    ] GC(13) y: Small Pages:                  870          429            0        1740M         834M          11M 
[2026-04-03T06:46:37.739+0600][42.875s][info][gc,reloc    ] GC(13) y: Medium Pages:                   9            0            0         288M         288M           0M 
[2026-04-03T06:46:37.739+0600][42.875s][info][gc,reloc    ] GC(13) y: Large Pages:                  169            0            0        1014M        1014M           0M 
[2026-04-03T06:46:37.739+0600][42.875s][info][gc,reloc    ] GC(13) y: Forwarding Usage: 2M
[2026-04-03T06:46:37.739+0600][42.875s][info][gc,reloc    ] GC(13) y: Age Table:
[2026-04-03T06:46:37.739+0600][42.875s][info][gc,reloc    ] GC(13) y:                    Live             Garbage             Small              Medium             Large        
[2026-04-03T06:46:37.739+0600][42.875s][info][gc,reloc    ] GC(13) y: Eden               9M (0%)         2986M (76%)        847 / 424            9 / 0            169 / 0        
[2026-04-03T06:46:37.739+0600][42.875s][info][gc,reloc    ] GC(13) y: Survivor 1         6M (0%)            1M (0%)           4 / 0              0 / 0              0 / 0        
[2026-04-03T06:46:37.739+0600][42.875s][info][gc,reloc    ] GC(13) y: Survivor 2         7M (0%)            2M (0%)           5 / 1              0 / 0              0 / 0        
[2026-04-03T06:46:37.739+0600][42.875s][info][gc,reloc    ] GC(13) y: Survivor 3         4M (0%)            1M (0%)           3 / 1              0 / 0              0 / 0        
[2026-04-03T06:46:37.739+0600][42.875s][info][gc,reloc    ] GC(13) y: Survivor 4         7M (0%)            4M (0%)           6 / 2              0 / 0              0 / 0        
[2026-04-03T06:46:37.739+0600][42.875s][info][gc,reloc    ] GC(13) y: Survivor 5         6M (0%)            3M (0%)           5 / 1              0 / 0              0 / 0        
[2026-04-03T06:46:37.739+0600][42.875s][info][gc,heap     ] GC(13) y: Min Capacity: 8M(0%)
[2026-04-03T06:46:37.739+0600][42.875s][info][gc,heap     ] GC(13) y: Max Capacity: 3922M(100%)
[2026-04-03T06:46:37.739+0600][42.875s][info][gc,heap     ] GC(13) y: Soft Max Capacity: 3529M(90%)
[2026-04-03T06:46:37.739+0600][42.875s][info][gc,heap     ] GC(13) y: Heap Statistics:
[2026-04-03T06:46:37.739+0600][42.875s][info][gc,heap     ] GC(13) y:                Mark Start          Mark End        Relocate Start      Relocate End           High               Low         
[2026-04-03T06:46:37.739+0600][42.875s][info][gc,heap     ] GC(13) y:  Capacity:     3652M (93%)        3652M (93%)        3652M (93%)        3652M (93%)        3652M (93%)        3652M (93%)    
[2026-04-03T06:46:37.739+0600][42.875s][info][gc,heap     ] GC(13) y:      Free:      720M (18%)         674M (17%)        2808M (72%)        3652M (93%)        3654M (93%)         674M (17%)    
[2026-04-03T06:46:37.739+0600][42.875s][info][gc,heap     ] GC(13) y:      Used:     3202M (82%)        3248M (83%)        1114M (28%)         270M (7%)         3248M (83%)         268M (7%)     
[2026-04-03T06:46:37.739+0600][42.875s][info][gc,heap     ] GC(13) y: Young Generation Statistics:
[2026-04-03T06:46:37.739+0600][42.875s][info][gc,heap     ] GC(13) y:                Mark Start          Mark End        Relocate Start      Relocate End    
[2026-04-03T06:46:37.739+0600][42.875s][info][gc,heap     ] GC(13) y:      Used:     3042M (78%)        3088M (79%)         954M (24%)         110M (3%)     
[2026-04-03T06:46:37.739+0600][42.875s][info][gc,heap     ] GC(13) y:      Live:         -                42M (1%)           42M (1%)           42M (1%)     
[2026-04-03T06:46:37.739+0600][42.875s][info][gc,heap     ] GC(13) y:   Garbage:         -              2999M (76%)         863M (22%)           3M (0%)     
[2026-04-03T06:46:37.739+0600][42.875s][info][gc,heap     ] GC(13) y: Allocated:         -                46M (1%)           48M (1%)           64M (2%)     
[2026-04-03T06:46:37.739+0600][42.875s][info][gc,heap     ] GC(13) y: Reclaimed:         -                  -              2136M (54%)        2996M (76%)    
[2026-04-03T06:46:37.739+0600][42.875s][info][gc,heap     ] GC(13) y:  Promoted:         -                  -                 0M (0%)            0M (0%)     
[2026-04-03T06:46:37.739+0600][42.875s][info][gc,heap     ] GC(13) y: Compacted:         -                  -                  -                13M (0%)     
[2026-04-03T06:46:37.739+0600][42.876s][info][gc,phases   ] GC(13) y: Young Generation 3202M(82%)->270M(7%) 0.101s
[2026-04-03T06:46:37.739+0600][42.876s][info][gc          ] GC(13) Minor Collection (Allocation Rate) 3202M(82%)->270M(7%) 0.101s
[2026-04-03T06:46:41.515+0600][46.651s][info][gc          ] GC(14) Minor Collection (Allocation Rate)
[2026-04-03T06:46:41.515+0600][46.651s][info][gc,task     ] GC(14) Using 1 Workers for Young Generation
[2026-04-03T06:46:41.515+0600][46.651s][info][gc,phases   ] GC(14) y: Young Generation
[2026-04-03T06:46:41.580+0600][46.716s][info][gc,phases   ] GC(14) y: Pause Mark Start 0.025ms
[2026-04-03T06:46:41.694+0600][46.830s][info][gc,phases   ] GC(14) y: Concurrent Mark 113.587ms
[2026-04-03T06:46:41.694+0600][46.830s][info][gc,phases   ] GC(14) y: Pause Mark End 0.026ms
[2026-04-03T06:46:41.694+0600][46.831s][info][gc,phases   ] GC(14) y: Concurrent Mark Free 0.002ms
[2026-04-03T06:46:41.694+0600][46.831s][info][gc,phases   ] GC(14) y: Concurrent Reset Relocation Set 0.041ms
[2026-04-03T06:46:41.700+0600][46.836s][info][gc,reloc    ] GC(14) y: Using tenuring threshold: 6 (Computed)
[2026-04-03T06:46:41.706+0600][46.843s][info][gc,phases   ] GC(14) y: Concurrent Select Relocation Set 12.183ms
[2026-04-03T06:46:41.707+0600][46.843s][info][gc,phases   ] GC(14) y: Pause Relocate Start 0.023ms
[2026-04-03T06:46:41.735+0600][46.872s][info][gc,phases   ] GC(14) y: Concurrent Relocate 28.301ms
[2026-04-03T06:46:41.735+0600][46.872s][info][gc,alloc    ] GC(14) y:                         Mark Start        Mark End      Relocate Start    Relocate End   
[2026-04-03T06:46:41.735+0600][46.872s][info][gc,alloc    ] GC(14) y: Allocation Stalls:          0                0                0                0         
[2026-04-03T06:46:41.735+0600][46.872s][info][gc,load     ] GC(14) y: Load: 12.52 (104%) / 10.94 (91%) / 7.67 (64%)
[2026-04-03T06:46:41.735+0600][46.872s][info][gc,mmu      ] GC(14) y: MMU: 2ms/97.1%, 5ms/98.8%, 10ms/99.3%, 20ms/99.7%, 50ms/99.8%, 100ms/99.9%
[2026-04-03T06:46:41.735+0600][46.872s][info][gc,marking  ] GC(14) y: Mark: 1 stripe(s), 2 proactive flush(es), 1 terminate flush(es), 0 completion(s), 0 continuation(s) 
[2026-04-03T06:46:41.735+0600][46.872s][info][gc,marking  ] GC(14) y: Mark Stack Usage: 32M
[2026-04-03T06:46:41.735+0600][46.872s][info][gc,nmethod  ] GC(14) y: NMethods: 15821 registered, 0 unregistered
[2026-04-03T06:46:41.735+0600][46.872s][info][gc,metaspace] GC(14) y: Metaspace: 128M used, 129M committed, 1152M reserved
[2026-04-03T06:46:41.735+0600][46.872s][info][gc,reloc    ] GC(14) y:                        Candidates     Selected     In-Place         Size        Empty    Relocated 
[2026-04-03T06:46:41.735+0600][46.872s][info][gc,reloc    ] GC(14) y: Small Pages:                 1130          517            0        2260M        1170M          11M 
[2026-04-03T06:46:41.735+0600][46.872s][info][gc,reloc    ] GC(14) y: Medium Pages:                  13            0            0         416M         384M           0M 
[2026-04-03T06:46:41.735+0600][46.872s][info][gc,reloc    ] GC(14) y: Large Pages:                   53            0            0         318M         318M           0M 
[2026-04-03T06:46:41.735+0600][46.872s][info][gc,reloc    ] GC(14) y: Forwarding Usage: 2M
[2026-04-03T06:46:41.735+0600][46.872s][info][gc,reloc    ] GC(14) y: Age Table:
[2026-04-03T06:46:41.735+0600][46.872s][info][gc,reloc    ] GC(14) y:                    Live             Garbage             Small              Medium             Large        
[2026-04-03T06:46:41.735+0600][46.872s][info][gc,reloc    ] GC(14) y: Eden              13M (0%)         2924M (75%)       1102 / 512           13 / 0             53 / 0        
[2026-04-03T06:46:41.735+0600][46.872s][info][gc,reloc    ] GC(14) y: Survivor 1         8M (0%)            3M (0%)           6 / 0              0 / 0              0 / 0        
[2026-04-03T06:46:41.735+0600][46.872s][info][gc,reloc    ] GC(14) y: Survivor 2         6M (0%)            1M (0%)           4 / 0              0 / 0              0 / 0        
[2026-04-03T06:46:41.735+0600][46.872s][info][gc,reloc    ] GC(14) y: Survivor 3         7M (0%)            2M (0%)           5 / 1              0 / 0              0 / 0        
[2026-04-03T06:46:41.735+0600][46.872s][info][gc,reloc    ] GC(14) y: Survivor 4         4M (0%)            1M (0%)           3 / 1              0 / 0              0 / 0        
[2026-04-03T06:46:41.735+0600][46.872s][info][gc,reloc    ] GC(14) y: Survivor 5         7M (0%)            2M (0%)           5 / 1              0 / 0              0 / 0        
[2026-04-03T06:46:41.736+0600][46.872s][info][gc,reloc    ] GC(14) y: Survivor 6         6M (0%)            3M (0%)           5 / 2              0 / 0              0 / 0        
[2026-04-03T06:46:41.736+0600][46.872s][info][gc,heap     ] GC(14) y: Min Capacity: 8M(0%)
[2026-04-03T06:46:41.736+0600][46.872s][info][gc,heap     ] GC(14) y: Max Capacity: 3922M(100%)
[2026-04-03T06:46:41.736+0600][46.872s][info][gc,heap     ] GC(14) y: Soft Max Capacity: 3529M(90%)
[2026-04-03T06:46:41.736+0600][46.872s][info][gc,heap     ] GC(14) y: Heap Statistics:
[2026-04-03T06:46:41.736+0600][46.872s][info][gc,heap     ] GC(14) y:                Mark Start          Mark End        Relocate Start      Relocate End           High               Low         
[2026-04-03T06:46:41.736+0600][46.872s][info][gc,heap     ] GC(14) y:  Capacity:     3908M (100%)       3908M (100%)       3908M (100%)       3908M (100%)       3908M (100%)       3908M (100%)   
[2026-04-03T06:46:41.736+0600][46.872s][info][gc,heap     ] GC(14) y:      Free:      768M (20%)         682M (17%)        2544M (65%)        3540M (90%)        3546M (90%)         682M (17%)    
[2026-04-03T06:46:41.736+0600][46.872s][info][gc,heap     ] GC(14) y:      Used:     3154M (80%)        3240M (83%)        1378M (35%)         382M (10%)        3240M (83%)         376M (10%)    
[2026-04-03T06:46:41.736+0600][46.872s][info][gc,heap     ] GC(14) y: Young Generation Statistics:
[2026-04-03T06:46:41.736+0600][46.872s][info][gc,heap     ] GC(14) y:                Mark Start          Mark End        Relocate Start      Relocate End    
[2026-04-03T06:46:41.736+0600][46.872s][info][gc,heap     ] GC(14) y:      Used:     2994M (76%)        3080M (79%)        1212M (31%)         206M (5%)     
[2026-04-03T06:46:41.736+0600][46.872s][info][gc,heap     ] GC(14) y:      Live:         -                55M (1%)           49M (1%)           48M (1%)     
[2026-04-03T06:46:41.736+0600][46.872s][info][gc,heap     ] GC(14) y:   Garbage:         -              2938M (75%)        1066M (27%)          29M (1%)     
[2026-04-03T06:46:41.736+0600][46.872s][info][gc,heap     ] GC(14) y: Allocated:         -                86M (2%)           96M (2%)          127M (3%)     
[2026-04-03T06:46:41.736+0600][46.872s][info][gc,heap     ] GC(14) y: Reclaimed:         -                  -              1872M (48%)        2908M (74%)    
[2026-04-03T06:46:41.736+0600][46.872s][info][gc,heap     ] GC(14) y:  Promoted:         -                  -                 5M (0%)            6M (0%)     
[2026-04-03T06:46:41.736+0600][46.872s][info][gc,heap     ] GC(14) y: Compacted:         -                  -                  -                12M (0%)     
[2026-04-03T06:46:41.736+0600][46.872s][info][gc,phases   ] GC(14) y: Young Generation 3282M(84%)->382M(10%) 0.220s
[2026-04-03T06:46:41.736+0600][46.872s][info][gc          ] GC(14) Minor Collection (Allocation Rate) 3282M(84%)->382M(10%) 0.221s
[2026-04-03T06:46:43.605+0600][48.741s][info][gc          ] GC(15) Minor Collection (Allocation Rate)
[2026-04-03T06:46:43.605+0600][48.742s][info][gc,task     ] GC(15) Using 1 Workers for Young Generation
[2026-04-03T06:46:43.605+0600][48.742s][info][gc,phases   ] GC(15) y: Young Generation
[2026-04-03T06:46:43.605+0600][48.742s][info][gc,phases   ] GC(15) y: Pause Mark Start 0.037ms
[2026-04-03T06:46:43.768+0600][48.904s][info][gc,phases   ] GC(15) y: Concurrent Mark 162.431ms
[2026-04-03T06:46:43.768+0600][48.905s][info][gc,phases   ] GC(15) y: Pause Mark End 0.039ms
[2026-04-03T06:46:43.769+0600][48.905s][info][gc,phases   ] GC(15) y: Concurrent Mark Free 0.003ms
[2026-04-03T06:46:43.769+0600][48.905s][info][gc,phases   ] GC(15) y: Concurrent Reset Relocation Set 0.068ms
[2026-04-03T06:46:43.772+0600][48.908s][info][gc,reloc    ] GC(15) y: Using tenuring threshold: 6 (Computed)
[2026-04-03T06:46:43.779+0600][48.915s][info][gc,phases   ] GC(15) y: Concurrent Select Relocation Set 9.942ms
[2026-04-03T06:46:43.779+0600][48.916s][info][gc,phases   ] GC(15) y: Pause Relocate Start 0.025ms
[2026-04-03T06:46:43.813+0600][48.949s][info][gc,phases   ] GC(15) y: Concurrent Relocate 33.441ms
[2026-04-03T06:46:43.825+0600][48.962s][info][gc,alloc    ] GC(15) y:                         Mark Start        Mark End      Relocate Start    Relocate End   
[2026-04-03T06:46:43.825+0600][48.962s][info][gc,alloc    ] GC(15) y: Allocation Stalls:          0                0                0                0         
[2026-04-03T06:46:43.825+0600][48.962s][info][gc,load     ] GC(15) y: Load: 12.52 (104%) / 10.94 (91%) / 7.67 (64%)
[2026-04-03T06:46:43.825+0600][48.962s][info][gc,mmu      ] GC(15) y: MMU: 2ms/97.1%, 5ms/98.8%, 10ms/99.3%, 20ms/99.7%, 50ms/99.8%, 100ms/99.9%
[2026-04-03T06:46:43.825+0600][48.962s][info][gc,marking  ] GC(15) y: Mark: 1 stripe(s), 2 proactive flush(es), 1 terminate flush(es), 0 completion(s), 0 continuation(s) 
[2026-04-03T06:46:43.825+0600][48.962s][info][gc,marking  ] GC(15) y: Mark Stack Usage: 32M
[2026-04-03T06:46:43.825+0600][48.962s][info][gc,nmethod  ] GC(15) y: NMethods: 15934 registered, 0 unregistered
[2026-04-03T06:46:43.825+0600][48.962s][info][gc,metaspace] GC(15) y: Metaspace: 128M used, 129M committed, 1152M reserved
[2026-04-03T06:46:43.825+0600][48.962s][info][gc,reloc    ] GC(15) y:                        Candidates     Selected     In-Place         Size        Empty    Relocated 
[2026-04-03T06:46:43.825+0600][48.962s][info][gc,reloc    ] GC(15) y: Small Pages:                  556          328            0        1112M         398M          11M 
[2026-04-03T06:46:43.825+0600][48.962s][info][gc,reloc    ] GC(15) y: Medium Pages:                   8            0            0         256M         256M           0M 
[2026-04-03T06:46:43.825+0600][48.962s][info][gc,reloc    ] GC(15) y: Large Pages:                  158            0            0         948M         948M           0M 
[2026-04-03T06:46:43.825+0600][48.962s][info][gc,reloc    ] GC(15) y: Forwarding Usage: 2M
[2026-04-03T06:46:43.825+0600][48.962s][info][gc,reloc    ] GC(15) y: Age Table:
[2026-04-03T06:46:43.825+0600][48.962s][info][gc,reloc    ] GC(15) y:                    Live             Garbage             Small              Medium             Large        
[2026-04-03T06:46:43.825+0600][48.962s][info][gc,reloc    ] GC(15) y: Eden               9M (0%)         2208M (56%)        523 / 320            7 / 0            158 / 0        
[2026-04-03T06:46:43.825+0600][48.962s][info][gc,reloc    ] GC(15) y: Survivor 1         8M (0%)           35M (1%)           6 / 1              1 / 0              0 / 0        
[2026-04-03T06:46:43.825+0600][48.962s][info][gc,reloc    ] GC(15) y: Survivor 2         8M (0%)            5M (0%)           7 / 2              0 / 0              0 / 0        
[2026-04-03T06:46:43.825+0600][48.962s][info][gc,reloc    ] GC(15) y: Survivor 3         6M (0%)            3M (0%)           5 / 2              0 / 0              0 / 0        
[2026-04-03T06:46:43.825+0600][48.962s][info][gc,reloc    ] GC(15) y: Survivor 4         7M (0%)            2M (0%)           5 / 1              0 / 0              0 / 0        
[2026-04-03T06:46:43.825+0600][48.962s][info][gc,reloc    ] GC(15) y: Survivor 5         4M (0%)            1M (0%)           3 / 0              0 / 0              0 / 0        
[2026-04-03T06:46:43.825+0600][48.962s][info][gc,reloc    ] GC(15) y: Survivor 6         7M (0%)            6M (0%)           7 / 2              0 / 0              0 / 0        
[2026-04-03T06:46:43.825+0600][48.962s][info][gc,heap     ] GC(15) y: Min Capacity: 8M(0%)
[2026-04-03T06:46:43.825+0600][48.962s][info][gc,heap     ] GC(15) y: Max Capacity: 3922M(100%)
[2026-04-03T06:46:43.825+0600][48.962s][info][gc,heap     ] GC(15) y: Soft Max Capacity: 3529M(90%)
[2026-04-03T06:46:43.825+0600][48.962s][info][gc,heap     ] GC(15) y: Heap Statistics:
[2026-04-03T06:46:43.825+0600][48.962s][info][gc,heap     ] GC(15) y:                Mark Start          Mark End        Relocate Start      Relocate End           High               Low         
[2026-04-03T06:46:43.825+0600][48.962s][info][gc,heap     ] GC(15) y:  Capacity:     3908M (100%)       3908M (100%)       3908M (100%)       3908M (100%)       3908M (100%)       3908M (100%)   
[2026-04-03T06:46:43.825+0600][48.962s][info][gc,heap     ] GC(15) y:      Free:     1430M (36%)        1298M (33%)        2896M (74%)        3518M (90%)        3520M (90%)        1298M (33%)    
[2026-04-03T06:46:43.825+0600][48.962s][info][gc,heap     ] GC(15) y:      Used:     2492M (64%)        2624M (67%)        1026M (26%)         404M (10%)        2624M (67%)         402M (10%)    
[2026-04-03T06:46:43.825+0600][48.962s][info][gc,heap     ] GC(15) y: Young Generation Statistics:
[2026-04-03T06:46:43.825+0600][48.962s][info][gc,heap     ] GC(15) y:                Mark Start          Mark End        Relocate Start      Relocate End    
[2026-04-03T06:46:43.825+0600][48.962s][info][gc,heap     ] GC(15) y:      Used:     2316M (59%)        2448M (62%)         842M (21%)         214M (5%)     
[2026-04-03T06:46:43.825+0600][48.962s][info][gc,heap     ] GC(15) y:      Live:         -                51M (1%)           45M (1%)           44M (1%)     
[2026-04-03T06:46:43.825+0600][48.962s][info][gc,heap     ] GC(15) y:   Garbage:         -              2264M (58%)         660M (17%)           2M (0%)     
[2026-04-03T06:46:43.826+0600][48.962s][info][gc,heap     ] GC(15) y: Allocated:         -               132M (3%)          136M (3%)          167M (4%)     
[2026-04-03T06:46:43.826+0600][48.962s][info][gc,heap     ] GC(15) y: Reclaimed:         -                  -              1603M (41%)        2261M (58%)    
[2026-04-03T06:46:43.826+0600][48.962s][info][gc,heap     ] GC(15) y:  Promoted:         -                  -                 6M (0%)            7M (0%)     
[2026-04-03T06:46:43.826+0600][48.962s][info][gc,heap     ] GC(15) y: Compacted:         -                  -                  -                12M (0%)     
[2026-04-03T06:46:43.826+0600][48.962s][info][gc,phases   ] GC(15) y: Young Generation 2492M(64%)->404M(10%) 0.220s
[2026-04-03T06:46:43.826+0600][48.962s][info][gc          ] GC(15) Minor Collection (Allocation Rate) 2492M(64%)->410M(10%) 0.221s
[2026-04-03T06:46:45.800+0600][50.937s][info][gc          ] GC(16) Minor Collection (Allocation Rate)
[2026-04-03T06:46:45.800+0600][50.937s][info][gc,task     ] GC(16) Using 1 Workers for Young Generation
[2026-04-03T06:46:45.800+0600][50.937s][info][gc,phases   ] GC(16) y: Young Generation
[2026-04-03T06:46:45.801+0600][50.937s][info][gc,phases   ] GC(16) y: Pause Mark Start 0.099ms
[2026-04-03T06:46:45.950+0600][51.087s][info][gc,phases   ] GC(16) y: Concurrent Mark 148.981ms
[2026-04-03T06:46:45.950+0600][51.087s][info][gc,phases   ] GC(16) y: Pause Mark End 0.109ms
[2026-04-03T06:46:45.951+0600][51.087s][info][gc,phases   ] GC(16) y: Concurrent Mark Free 0.002ms
[2026-04-03T06:46:45.951+0600][51.087s][info][gc,phases   ] GC(16) y: Concurrent Reset Relocation Set 0.049ms
[2026-04-03T06:46:45.955+0600][51.091s][info][gc,reloc    ] GC(16) y: Using tenuring threshold: 7 (Computed)
[2026-04-03T06:46:45.956+0600][51.092s][info][gc,phases   ] GC(16) y: Concurrent Select Relocation Set 4.992ms
[2026-04-03T06:46:45.956+0600][51.092s][info][gc,phases   ] GC(16) y: Pause Relocate Start 0.055ms
[2026-04-03T06:46:45.985+0600][51.122s][info][gc,phases   ] GC(16) y: Concurrent Relocate 28.896ms
[2026-04-03T06:46:45.985+0600][51.122s][info][gc,alloc    ] GC(16) y:                         Mark Start        Mark End      Relocate Start    Relocate End   
[2026-04-03T06:46:45.985+0600][51.122s][info][gc,alloc    ] GC(16) y: Allocation Stalls:          0                0                0                0         
[2026-04-03T06:46:45.985+0600][51.122s][info][gc,load     ] GC(16) y: Load: 12.52 (104%) / 10.94 (91%) / 7.67 (64%)
[2026-04-03T06:46:45.985+0600][51.122s][info][gc,mmu      ] GC(16) y: MMU: 2ms/94.5%, 5ms/97.8%, 10ms/98.4%, 20ms/99.2%, 50ms/99.7%, 100ms/99.8%
[2026-04-03T06:46:45.985+0600][51.122s][info][gc,marking  ] GC(16) y: Mark: 1 stripe(s), 2 proactive flush(es), 1 terminate flush(es), 0 completion(s), 0 continuation(s) 
[2026-04-03T06:46:45.985+0600][51.122s][info][gc,marking  ] GC(16) y: Mark Stack Usage: 32M
[2026-04-03T06:46:45.985+0600][51.122s][info][gc,nmethod  ] GC(16) y: NMethods: 16158 registered, 0 unregistered
[2026-04-03T06:46:45.985+0600][51.122s][info][gc,metaspace] GC(16) y: Metaspace: 128M used, 129M committed, 1152M reserved
[2026-04-03T06:46:45.985+0600][51.122s][info][gc,reloc    ] GC(16) y:                        Candidates     Selected     In-Place         Size        Empty    Relocated 
[2026-04-03T06:46:45.985+0600][51.122s][info][gc,reloc    ] GC(16) y: Small Pages:                  747          404            0        1494M         628M          13M 
[2026-04-03T06:46:45.985+0600][51.122s][info][gc,reloc    ] GC(16) y: Medium Pages:                   7            0            0         224M         224M           0M 
[2026-04-03T06:46:45.985+0600][51.122s][info][gc,reloc    ] GC(16) y: Large Pages:                  163            0            0         978M         978M           0M 
[2026-04-03T06:46:45.985+0600][51.122s][info][gc,reloc    ] GC(16) y: Forwarding Usage: 3M
[2026-04-03T06:46:45.985+0600][51.122s][info][gc,reloc    ] GC(16) y: Age Table:
[2026-04-03T06:46:45.985+0600][51.122s][info][gc,reloc    ] GC(16) y:                    Live             Garbage             Small              Medium             Large        
[2026-04-03T06:46:45.985+0600][51.122s][info][gc,reloc    ] GC(16) y: Eden              10M (0%)         2611M (67%)        710 / 390            7 / 0            163 / 0        
[2026-04-03T06:46:45.985+0600][51.122s][info][gc,reloc    ] GC(16) y: Survivor 1         5M (0%)           18M (0%)          12 / 7              0 / 0              0 / 0        
[2026-04-03T06:46:45.986+0600][51.122s][info][gc,reloc    ] GC(16) y: Survivor 2         7M (0%)            4M (0%)           6 / 2              0 / 0              0 / 0        
[2026-04-03T06:46:45.986+0600][51.122s][info][gc,reloc    ] GC(16) y: Survivor 3         8M (0%)            1M (0%)           5 / 1              0 / 0              0 / 0        
[2026-04-03T06:46:45.986+0600][51.122s][info][gc,reloc    ] GC(16) y: Survivor 4         6M (0%)            1M (0%)           4 / 0              0 / 0              0 / 0        
[2026-04-03T06:46:45.986+0600][51.122s][info][gc,reloc    ] GC(16) y: Survivor 5         7M (0%)            4M (0%)           6 / 2              0 / 0              0 / 0        
[2026-04-03T06:46:45.986+0600][51.122s][info][gc,reloc    ] GC(16) y: Survivor 6         4M (0%)            3M (0%)           4 / 2              0 / 0              0 / 0        
[2026-04-03T06:46:45.986+0600][51.122s][info][gc,heap     ] GC(16) y: Min Capacity: 8M(0%)
[2026-04-03T06:46:45.986+0600][51.122s][info][gc,heap     ] GC(16) y: Max Capacity: 3922M(100%)
[2026-04-03T06:46:45.986+0600][51.122s][info][gc,heap     ] GC(16) y: Soft Max Capacity: 3529M(90%)
[2026-04-03T06:46:45.986+0600][51.122s][info][gc,heap     ] GC(16) y: Heap Statistics:
[2026-04-03T06:46:45.986+0600][51.122s][info][gc,heap     ] GC(16) y:                Mark Start          Mark End        Relocate Start      Relocate End           High               Low         
[2026-04-03T06:46:45.986+0600][51.122s][info][gc,heap     ] GC(16) y:  Capacity:     3908M (100%)       3908M (100%)       3908M (100%)       3908M (100%)       3908M (100%)       3908M (100%)   
[2026-04-03T06:46:45.986+0600][51.122s][info][gc,heap     ] GC(16) y:      Free:     1036M (26%)         910M (23%)        2738M (70%)        3510M (89%)        3510M (89%)         910M (23%)    
[2026-04-03T06:46:45.986+0600][51.122s][info][gc,heap     ] GC(16) y:      Used:     2886M (74%)        3012M (77%)        1184M (30%)         412M (11%)        3012M (77%)         412M (11%)    
[2026-04-03T06:46:45.986+0600][51.122s][info][gc,heap     ] GC(16) y: Young Generation Statistics:
[2026-04-03T06:46:45.986+0600][51.122s][info][gc,heap     ] GC(16) y:                Mark Start          Mark End        Relocate Start      Relocate End    
[2026-04-03T06:46:45.986+0600][51.122s][info][gc,heap     ] GC(16) y:      Used:     2696M (69%)        2822M (72%)         994M (25%)         222M (6%)     
[2026-04-03T06:46:45.986+0600][51.122s][info][gc,heap     ] GC(16) y:      Live:         -                51M (1%)           51M (1%)           51M (1%)     
[2026-04-03T06:46:45.986+0600][51.122s][info][gc,heap     ] GC(16) y:   Garbage:         -              2644M (67%)         814M (21%)           3M (0%)     
[2026-04-03T06:46:45.986+0600][51.122s][info][gc,heap     ] GC(16) y: Allocated:         -               126M (3%)          128M (3%)          166M (4%)     
[2026-04-03T06:46:45.986+0600][51.122s][info][gc,heap     ] GC(16) y: Reclaimed:         -                  -              1830M (47%)        2640M (67%)    
[2026-04-03T06:46:45.986+0600][51.122s][info][gc,heap     ] GC(16) y:  Promoted:         -                  -                 0M (0%)            0M (0%)     
[2026-04-03T06:46:45.986+0600][51.122s][info][gc,heap     ] GC(16) y: Compacted:         -                  -                  -                17M (0%)     
[2026-04-03T06:46:45.986+0600][51.122s][info][gc,phases   ] GC(16) y: Young Generation 2886M(74%)->412M(11%) 0.185s
[2026-04-03T06:46:45.986+0600][51.122s][info][gc          ] GC(16) Minor Collection (Allocation Rate) 2886M(74%)->412M(11%) 0.186s
[2026-04-03T06:46:48.233+0600][53.369s][info][gc          ] GC(17) Minor Collection (Allocation Rate)
[2026-04-03T06:46:48.233+0600][53.369s][info][gc,task     ] GC(17) Using 1 Workers for Young Generation
[2026-04-03T06:46:48.233+0600][53.369s][info][gc,phases   ] GC(17) y: Young Generation
[2026-04-03T06:46:48.233+0600][53.370s][info][gc,phases   ] GC(17) y: Pause Mark Start 0.023ms
[2026-04-03T06:46:48.405+0600][53.542s][info][gc,phases   ] GC(17) y: Concurrent Mark 171.938ms
[2026-04-03T06:46:48.405+0600][53.542s][info][gc,phases   ] GC(17) y: Pause Mark End 0.033ms
[2026-04-03T06:46:48.406+0600][53.542s][info][gc,phases   ] GC(17) y: Concurrent Mark Free 0.002ms
[2026-04-03T06:46:48.406+0600][53.542s][info][gc,phases   ] GC(17) y: Concurrent Reset Relocation Set 0.043ms
[2026-04-03T06:46:48.410+0600][53.546s][info][gc,reloc    ] GC(17) y: Using tenuring threshold: 7 (Computed)
[2026-04-03T06:46:48.414+0600][53.550s][info][gc,phases   ] GC(17) y: Concurrent Select Relocation Set 8.168ms
[2026-04-03T06:46:48.414+0600][53.551s][info][gc,phases   ] GC(17) y: Pause Relocate Start 0.028ms
[2026-04-03T06:46:48.448+0600][53.584s][info][gc,phases   ] GC(17) y: Concurrent Relocate 33.188ms
[2026-04-03T06:46:48.448+0600][53.584s][info][gc,alloc    ] GC(17) y:                         Mark Start        Mark End      Relocate Start    Relocate End   
[2026-04-03T06:46:48.448+0600][53.584s][info][gc,alloc    ] GC(17) y: Allocation Stalls:          0                0                0                0         
[2026-04-03T06:46:48.448+0600][53.584s][info][gc,load     ] GC(17) y: Load: 12.40 (103%) / 10.94 (91%) / 7.68 (64%)
[2026-04-03T06:46:48.448+0600][53.584s][info][gc,mmu      ] GC(17) y: MMU: 2ms/94.5%, 5ms/97.8%, 10ms/98.4%, 20ms/99.2%, 50ms/99.7%, 100ms/99.8%
[2026-04-03T06:46:48.448+0600][53.584s][info][gc,marking  ] GC(17) y: Mark: 1 stripe(s), 2 proactive flush(es), 1 terminate flush(es), 0 completion(s), 0 continuation(s) 
[2026-04-03T06:46:48.448+0600][53.584s][info][gc,marking  ] GC(17) y: Mark Stack Usage: 32M
[2026-04-03T06:46:48.448+0600][53.584s][info][gc,nmethod  ] GC(17) y: NMethods: 16290 registered, 0 unregistered
[2026-04-03T06:46:48.448+0600][53.584s][info][gc,metaspace] GC(17) y: Metaspace: 128M used, 129M committed, 1152M reserved
[2026-04-03T06:46:48.448+0600][53.584s][info][gc,reloc    ] GC(17) y:                        Candidates     Selected     In-Place         Size        Empty    Relocated 
[2026-04-03T06:46:48.448+0600][53.584s][info][gc,reloc    ] GC(17) y: Small Pages:                  830          446            0        1660M         702M          15M 
[2026-04-03T06:46:48.448+0600][53.584s][info][gc,reloc    ] GC(17) y: Medium Pages:                   8            0            0         256M         224M           0M 
[2026-04-03T06:46:48.448+0600][53.584s][info][gc,reloc    ] GC(17) y: Large Pages:                  167            0            0        1002M        1002M           0M 
[2026-04-03T06:46:48.448+0600][53.584s][info][gc,reloc    ] GC(17) y: Forwarding Usage: 4M
[2026-04-03T06:46:48.448+0600][53.584s][info][gc,reloc    ] GC(17) y: Age Table:
[2026-04-03T06:46:48.448+0600][53.584s][info][gc,reloc    ] GC(17) y:                    Live             Garbage             Small              Medium             Large        
[2026-04-03T06:46:48.448+0600][53.584s][info][gc,reloc    ] GC(17) y: Eden              11M (0%)         2818M (72%)        786 / 429            8 / 0            167 / 0        
[2026-04-03T06:46:48.448+0600][53.584s][info][gc,reloc    ] GC(17) y: Survivor 1         7M (0%)           22M (1%)          15 / 10             0 / 0              0 / 0        
[2026-04-03T06:46:48.448+0600][53.584s][info][gc,reloc    ] GC(17) y: Survivor 2         5M (0%)            4M (0%)           5 / 2              0 / 0              0 / 0        
[2026-04-03T06:46:48.448+0600][53.584s][info][gc,reloc    ] GC(17) y: Survivor 3         7M (0%)            4M (0%)           6 / 2              0 / 0              0 / 0        
[2026-04-03T06:46:48.448+0600][53.584s][info][gc,reloc    ] GC(17) y: Survivor 4         8M (0%)            1M (0%)           5 / 1              0 / 0              0 / 0        
[2026-04-03T06:46:48.448+0600][53.584s][info][gc,reloc    ] GC(17) y: Survivor 5         6M (0%)            3M (0%)           5 / 2              0 / 0              0 / 0        
[2026-04-03T06:46:48.448+0600][53.584s][info][gc,reloc    ] GC(17) y: Survivor 6         7M (0%)            2M (0%)           5 / 0              0 / 0              0 / 0        
[2026-04-03T06:46:48.448+0600][53.584s][info][gc,reloc    ] GC(17) y: Survivor 7         3M (0%)            2M (0%)           3 / 0              0 / 0              0 / 0        
[2026-04-03T06:46:48.448+0600][53.584s][info][gc,heap     ] GC(17) y: Min Capacity: 8M(0%)
[2026-04-03T06:46:48.448+0600][53.584s][info][gc,heap     ] GC(17) y: Max Capacity: 3922M(100%)
[2026-04-03T06:46:48.448+0600][53.584s][info][gc,heap     ] GC(17) y: Soft Max Capacity: 3529M(90%)
[2026-04-03T06:46:48.448+0600][53.584s][info][gc,heap     ] GC(17) y: Heap Statistics:
[2026-04-03T06:46:48.448+0600][53.584s][info][gc,heap     ] GC(17) y:                Mark Start          Mark End        Relocate Start      Relocate End           High               Low         
[2026-04-03T06:46:48.448+0600][53.584s][info][gc,heap     ] GC(17) y:  Capacity:     3908M (100%)       3908M (100%)       3908M (100%)       3908M (100%)       3908M (100%)       3908M (100%)   
[2026-04-03T06:46:48.448+0600][53.584s][info][gc,heap     ] GC(17) y:      Free:      814M (21%)         682M (17%)        2610M (67%)        3460M (88%)        3466M (88%)         682M (17%)    
[2026-04-03T06:46:48.448+0600][53.584s][info][gc,heap     ] GC(17) y:      Used:     3108M (79%)        3240M (83%)        1312M (33%)         462M (12%)        3240M (83%)         456M (12%)    
[2026-04-03T06:46:48.448+0600][53.584s][info][gc,heap     ] GC(17) y: Young Generation Statistics:
[2026-04-03T06:46:48.448+0600][53.584s][info][gc,heap     ] GC(17) y:                Mark Start          Mark End        Relocate Start      Relocate End    
[2026-04-03T06:46:48.448+0600][53.585s][info][gc,heap     ] GC(17) y:      Used:     2918M (74%)        3050M (78%)        1118M (29%)         266M (7%)     
[2026-04-03T06:46:48.448+0600][53.585s][info][gc,heap     ] GC(17) y:      Live:         -                59M (2%)           56M (1%)           55M (1%)     
[2026-04-03T06:46:48.448+0600][53.585s][info][gc,heap     ] GC(17) y:   Garbage:         -              2858M (73%)         929M (24%)          34M (1%)     
[2026-04-03T06:46:48.448+0600][53.585s][info][gc,heap     ] GC(17) y: Allocated:         -               132M (3%)          132M (3%)          175M (4%)     
[2026-04-03T06:46:48.448+0600][53.585s][info][gc,heap     ] GC(17) y: Reclaimed:         -                  -              1928M (49%)        2823M (72%)    
[2026-04-03T06:46:48.448+0600][53.585s][info][gc,heap     ] GC(17) y:  Promoted:         -                  -                 3M (0%)            3M (0%)     
[2026-04-03T06:46:48.448+0600][53.585s][info][gc,heap     ] GC(17) y: Compacted:         -                  -                  -                20M (1%)     
[2026-04-03T06:46:48.448+0600][53.585s][info][gc,phases   ] GC(17) y: Young Generation 3108M(79%)->462M(12%) 0.215s
[2026-04-03T06:46:48.448+0600][53.585s][info][gc          ] GC(17) Minor Collection (Allocation Rate) 3108M(79%)->462M(12%) 0.215s
[2026-04-03T06:46:50.657+0600][55.793s][info][gc          ] GC(18) Minor Collection (Allocation Rate)
[2026-04-03T06:46:50.657+0600][55.794s][info][gc,task     ] GC(18) Using 1 Workers for Young Generation
[2026-04-03T06:46:50.657+0600][55.794s][info][gc,phases   ] GC(18) y: Young Generation
[2026-04-03T06:46:50.658+0600][55.794s][info][gc,phases   ] GC(18) y: Pause Mark Start 0.025ms
[2026-04-03T06:46:50.824+0600][55.960s][info][gc,phases   ] GC(18) y: Concurrent Mark 165.802ms
[2026-04-03T06:46:50.824+0600][55.961s][info][gc,phases   ] GC(18) y: Pause Mark End 0.027ms
[2026-04-03T06:46:50.824+0600][55.961s][info][gc,phases   ] GC(18) y: Concurrent Mark Free 0.003ms
[2026-04-03T06:46:50.824+0600][55.961s][info][gc,phases   ] GC(18) y: Concurrent Reset Relocation Set 0.053ms
[2026-04-03T06:46:50.829+0600][55.965s][info][gc,reloc    ] GC(18) y: Using tenuring threshold: 6 (Computed)
[2026-04-03T06:46:50.842+0600][55.978s][info][gc,phases   ] GC(18) y: Concurrent Select Relocation Set 17.109ms
[2026-04-03T06:46:50.842+0600][55.978s][info][gc,phases   ] GC(18) y: Pause Relocate Start 0.026ms
[2026-04-03T06:46:50.876+0600][56.012s][info][gc,phases   ] GC(18) y: Concurrent Relocate 33.834ms
[2026-04-03T06:46:50.876+0600][56.013s][info][gc,alloc    ] GC(18) y:                         Mark Start        Mark End      Relocate Start    Relocate End   
[2026-04-03T06:46:50.876+0600][56.013s][info][gc,alloc    ] GC(18) y: Allocation Stalls:          0                0                0                0         
[2026-04-03T06:46:50.876+0600][56.013s][info][gc,load     ] GC(18) y: Load: 12.40 (103%) / 10.94 (91%) / 7.68 (64%)
[2026-04-03T06:46:50.876+0600][56.013s][info][gc,mmu      ] GC(18) y: MMU: 2ms/94.5%, 5ms/97.8%, 10ms/98.4%, 20ms/99.2%, 50ms/99.7%, 100ms/99.8%
[2026-04-03T06:46:50.876+0600][56.013s][info][gc,marking  ] GC(18) y: Mark: 1 stripe(s), 2 proactive flush(es), 1 terminate flush(es), 0 completion(s), 0 continuation(s) 
[2026-04-03T06:46:50.876+0600][56.013s][info][gc,marking  ] GC(18) y: Mark Stack Usage: 32M
[2026-04-03T06:46:50.876+0600][56.013s][info][gc,nmethod  ] GC(18) y: NMethods: 16439 registered, 0 unregistered
[2026-04-03T06:46:50.876+0600][56.013s][info][gc,metaspace] GC(18) y: Metaspace: 128M used, 129M committed, 1152M reserved
[2026-04-03T06:46:50.876+0600][56.013s][info][gc,reloc    ] GC(18) y:                        Candidates     Selected     In-Place         Size        Empty    Relocated 
[2026-04-03T06:46:50.876+0600][56.013s][info][gc,reloc    ] GC(18) y: Small Pages:                  823          426            0        1646M         724M          12M 
[2026-04-03T06:46:50.876+0600][56.013s][info][gc,reloc    ] GC(18) y: Medium Pages:                   9            1            0         288M         224M           0M 
[2026-04-03T06:46:50.876+0600][56.013s][info][gc,reloc    ] GC(18) y: Large Pages:                  167            0            0        1002M        1002M           0M 
[2026-04-03T06:46:50.876+0600][56.013s][info][gc,reloc    ] GC(18) y: Forwarding Usage: 2M
[2026-04-03T06:46:50.876+0600][56.013s][info][gc,reloc    ] GC(18) y: Age Table:
[2026-04-03T06:46:50.876+0600][56.013s][info][gc,reloc    ] GC(18) y:                    Live             Garbage             Small              Medium             Large        
[2026-04-03T06:46:50.876+0600][56.013s][info][gc,reloc    ] GC(18) y: Eden              10M (0%)         2801M (71%)        777 / 410            8 / 1            167 / 0        
[2026-04-03T06:46:50.876+0600][56.013s][info][gc,reloc    ] GC(18) y: Survivor 1         8M (0%)           47M (1%)          12 / 6              1 / 0              0 / 0        
[2026-04-03T06:46:50.876+0600][56.013s][info][gc,reloc    ] GC(18) y: Survivor 2         7M (0%)            6M (0%)           7 / 3              0 / 0              0 / 0        
[2026-04-03T06:46:50.876+0600][56.013s][info][gc,reloc    ] GC(18) y: Survivor 3         5M (0%)            4M (0%)           5 / 2              0 / 0              0 / 0        
[2026-04-03T06:46:50.876+0600][56.013s][info][gc,reloc    ] GC(18) y: Survivor 4         7M (0%)            4M (0%)           6 / 2              0 / 0              0 / 0        
[2026-04-03T06:46:50.876+0600][56.013s][info][gc,reloc    ] GC(18) y: Survivor 5         8M (0%)            3M (0%)           6 / 1              0 / 0              0 / 0        
[2026-04-03T06:46:50.876+0600][56.013s][info][gc,reloc    ] GC(18) y: Survivor 6         6M (0%)            1M (0%)           4 / 0              0 / 0              0 / 0        
[2026-04-03T06:46:50.876+0600][56.013s][info][gc,reloc    ] GC(18) y: Survivor 7         7M (0%)            4M (0%)           6 / 2              0 / 0              0 / 0        
[2026-04-03T06:46:50.876+0600][56.013s][info][gc,heap     ] GC(18) y: Min Capacity: 8M(0%)
[2026-04-03T06:46:50.876+0600][56.013s][info][gc,heap     ] GC(18) y: Max Capacity: 3922M(100%)
[2026-04-03T06:46:50.876+0600][56.013s][info][gc,heap     ] GC(18) y: Soft Max Capacity: 3529M(90%)
[2026-04-03T06:46:50.876+0600][56.013s][info][gc,heap     ] GC(18) y: Heap Statistics:
[2026-04-03T06:46:50.876+0600][56.013s][info][gc,heap     ] GC(18) y:                Mark Start          Mark End        Relocate Start      Relocate End           High               Low         
[2026-04-03T06:46:50.876+0600][56.013s][info][gc,heap     ] GC(18) y:  Capacity:     3908M (100%)       3908M (100%)       3908M (100%)       3908M (100%)       3908M (100%)       3908M (100%)   
[2026-04-03T06:46:50.876+0600][56.013s][info][gc,heap     ] GC(18) y:      Free:      790M (20%)         644M (16%)        2590M (66%)        3412M (87%)        3414M (87%)         644M (16%)    
[2026-04-03T06:46:50.876+0600][56.013s][info][gc,heap     ] GC(18) y:      Used:     3132M (80%)        3278M (84%)        1332M (34%)         510M (13%)        3278M (84%)         508M (13%)    
[2026-04-03T06:46:50.877+0600][56.013s][info][gc,heap     ] GC(18) y: Young Generation Statistics:
[2026-04-03T06:46:50.877+0600][56.013s][info][gc,heap     ] GC(18) y:                Mark Start          Mark End        Relocate Start      Relocate End    
[2026-04-03T06:46:50.877+0600][56.013s][info][gc,heap     ] GC(18) y:      Used:     2936M (75%)        3082M (79%)        1122M (29%)         298M (8%)     
[2026-04-03T06:46:50.877+0600][56.013s][info][gc,heap     ] GC(18) y:      Live:         -                62M (2%)           49M (1%)           48M (1%)     
[2026-04-03T06:46:50.877+0600][56.013s][info][gc,heap     ] GC(18) y:   Garbage:         -              2873M (73%)         922M (24%)           4M (0%)     
[2026-04-03T06:46:50.877+0600][56.013s][info][gc,heap     ] GC(18) y: Allocated:         -               146M (4%)          150M (4%)          244M (6%)     
[2026-04-03T06:46:50.877+0600][56.013s][info][gc,heap     ] GC(18) y: Reclaimed:         -                  -              1951M (50%)        2868M (73%)    
[2026-04-03T06:46:50.877+0600][56.013s][info][gc,heap     ] GC(18) y:  Promoted:         -                  -                12M (0%)           13M (0%)     
[2026-04-03T06:46:50.877+0600][56.013s][info][gc,heap     ] GC(18) y: Compacted:         -                  -                  -                13M (0%)     
[2026-04-03T06:46:50.877+0600][56.013s][info][gc,phases   ] GC(18) y: Young Generation 3132M(80%)->510M(13%) 0.219s
[2026-04-03T06:46:50.877+0600][56.013s][info][gc          ] GC(18) Minor Collection (Allocation Rate) 3132M(80%)->510M(13%) 0.220s
[2026-04-03T06:46:52.688+0600][57.824s][info][gc          ] GC(19) Major Collection (System.gc())
[2026-04-03T06:46:52.688+0600][57.824s][info][gc,task     ] GC(19) Using 3 Workers for Young Generation
[2026-04-03T06:46:52.688+0600][57.824s][info][gc,task     ] GC(19) Using 3 Workers for Old Generation
[2026-04-03T06:46:52.688+0600][57.824s][info][gc,phases   ] GC(19) Y: Young Generation (Promote All)
[2026-04-03T06:46:52.688+0600][57.825s][info][gc,phases   ] GC(19) Y: Pause Mark Start 0.019ms
[2026-04-03T06:46:52.729+0600][57.865s][info][gc,phases   ] GC(19) Y: Concurrent Mark 40.588ms
[2026-04-03T06:46:52.729+0600][57.866s][info][gc,phases   ] GC(19) Y: Pause Mark End 0.023ms
[2026-04-03T06:46:52.729+0600][57.866s][info][gc,phases   ] GC(19) Y: Concurrent Mark Free 0.002ms
[2026-04-03T06:46:52.729+0600][57.866s][info][gc,phases   ] GC(19) Y: Concurrent Reset Relocation Set 0.051ms
[2026-04-03T06:46:52.734+0600][57.870s][info][gc,reloc    ] GC(19) Y: Using tenuring threshold: 0 (Promote All)
[2026-04-03T06:46:52.741+0600][57.878s][info][gc,phases   ] GC(19) Y: Concurrent Select Relocation Set 12.219ms
[2026-04-03T06:46:52.742+0600][57.878s][info][gc,phases   ] GC(19) Y: Pause Relocate Start 0.018ms
[2026-04-03T06:46:52.756+0600][57.893s][info][gc,phases   ] GC(19) Y: Concurrent Relocate 14.353ms
[2026-04-03T06:46:52.756+0600][57.893s][info][gc,alloc    ] GC(19) Y:                         Mark Start        Mark End      Relocate Start    Relocate End   
[2026-04-03T06:46:52.756+0600][57.893s][info][gc,alloc    ] GC(19) Y: Allocation Stalls:          0                0                0                0         
[2026-04-03T06:46:52.757+0600][57.893s][info][gc,load     ] GC(19) Y: Load: 12.13 (101%) / 10.91 (91%) / 7.69 (64%)
[2026-04-03T06:46:52.757+0600][57.893s][info][gc,mmu      ] GC(19) Y: MMU: 2ms/94.5%, 5ms/97.8%, 10ms/98.4%, 20ms/99.2%, 50ms/99.7%, 100ms/99.8%
[2026-04-03T06:46:52.757+0600][57.893s][info][gc,marking  ] GC(19) Y: Mark: 2 stripe(s), 1 proactive flush(es), 1 terminate flush(es), 0 completion(s), 0 continuation(s) 
[2026-04-03T06:46:52.757+0600][57.893s][info][gc,marking  ] GC(19) Y: Mark Stack Usage: 32M
[2026-04-03T06:46:52.757+0600][57.893s][info][gc,nmethod  ] GC(19) Y: NMethods: 16633 registered, 0 unregistered
[2026-04-03T06:46:52.757+0600][57.893s][info][gc,metaspace] GC(19) Y: Metaspace: 128M used, 130M committed, 1152M reserved
[2026-04-03T06:46:52.757+0600][57.893s][info][gc,reloc    ] GC(19) Y:                        Candidates     Selected     In-Place         Size        Empty    Relocated 
[2026-04-03T06:46:52.757+0600][57.893s][info][gc,reloc    ] GC(19) Y: Small Pages:                  822          302            0        1644M         982M           7M 
[2026-04-03T06:46:52.757+0600][57.893s][info][gc,reloc    ] GC(19) Y: Medium Pages:                   9            1            0         288M         224M           0M 
[2026-04-03T06:46:52.757+0600][57.893s][info][gc,reloc    ] GC(19) Y: Large Pages:                   33            0            0         198M         198M           0M 
[2026-04-03T06:46:52.757+0600][57.893s][info][gc,reloc    ] GC(19) Y: Forwarding Usage: 2M
[2026-04-03T06:46:52.757+0600][57.893s][info][gc,reloc    ] GC(19) Y: Age Table:
[2026-04-03T06:46:52.757+0600][57.893s][info][gc,reloc    ] GC(19) Y:                    Live             Garbage             Small              Medium             Large        
[2026-04-03T06:46:52.757+0600][57.893s][info][gc,reloc    ] GC(19) Y: Eden               5M (0%)         1982M (51%)        783 / 290            7 / 0             33 / 0        
[2026-04-03T06:46:52.757+0600][57.893s][info][gc,reloc    ] GC(19) Y: Survivor 1         8M (0%)           49M (1%)          13 / 7              1 / 0              0 / 0        
[2026-04-03T06:46:52.757+0600][57.893s][info][gc,reloc    ] GC(19) Y: Survivor 2         8M (0%)           35M (1%)           6 / 1              1 / 1              0 / 0        
[2026-04-03T06:46:52.757+0600][57.893s][info][gc,reloc    ] GC(19) Y: Survivor 3         7M (0%)            2M (0%)           5 / 1              0 / 0              0 / 0        
[2026-04-03T06:46:52.757+0600][57.893s][info][gc,reloc    ] GC(19) Y: Survivor 4         5M (0%)            2M (0%)           4 / 1              0 / 0              0 / 0        
[2026-04-03T06:46:52.757+0600][57.893s][info][gc,reloc    ] GC(19) Y: Survivor 5         7M (0%)            2M (0%)           5 / 1              0 / 0              0 / 0        
[2026-04-03T06:46:52.757+0600][57.893s][info][gc,reloc    ] GC(19) Y: Survivor 6         7M (0%)            4M (0%)           6 / 1              0 / 0              0 / 0        
[2026-04-03T06:46:52.757+0600][57.893s][info][gc,heap     ] GC(19) Y: Min Capacity: 8M(0%)
[2026-04-03T06:46:52.757+0600][57.893s][info][gc,heap     ] GC(19) Y: Max Capacity: 3922M(100%)
[2026-04-03T06:46:52.757+0600][57.893s][info][gc,heap     ] GC(19) Y: Soft Max Capacity: 3529M(90%)
[2026-04-03T06:46:52.757+0600][57.893s][info][gc,heap     ] GC(19) Y: Heap Statistics:
[2026-04-03T06:46:52.757+0600][57.893s][info][gc,heap     ] GC(19) Y:                Mark Start          Mark End        Relocate Start      Relocate End           High               Low         
[2026-04-03T06:46:52.757+0600][57.893s][info][gc,heap     ] GC(19) Y:  Capacity:     3908M (100%)       3908M (100%)       3908M (100%)       3908M (100%)       3908M (100%)       3908M (100%)   
[2026-04-03T06:46:52.757+0600][57.893s][info][gc,heap     ] GC(19) Y:      Free:     1580M (40%)        1578M (40%)        2982M (76%)        3616M (92%)        3616M (92%)        1578M (40%)    
[2026-04-03T06:46:52.757+0600][57.893s][info][gc,heap     ] GC(19) Y:      Used:     2342M (60%)        2344M (60%)         940M (24%)         306M (8%)         2344M (60%)         306M (8%)     
[2026-04-03T06:46:52.757+0600][57.893s][info][gc,heap     ] GC(19) Y: Young Generation Statistics:
[2026-04-03T06:46:52.757+0600][57.893s][info][gc,heap     ] GC(19) Y:                Mark Start          Mark End        Relocate Start      Relocate End    
[2026-04-03T06:46:52.757+0600][57.893s][info][gc,heap     ] GC(19) Y:      Used:     2130M (54%)        2132M (54%)         680M (17%)           2M (0%)     
[2026-04-03T06:46:52.757+0600][57.893s][info][gc,heap     ] GC(19) Y:      Live:         -                51M (1%)            9M (0%)            0M (0%)     
[2026-04-03T06:46:52.757+0600][57.893s][info][gc,heap     ] GC(19) Y:   Garbage:         -              2078M (53%)         668M (17%)           0M (0%)     
[2026-04-03T06:46:52.757+0600][57.893s][info][gc,heap     ] GC(19) Y: Allocated:         -                 2M (0%)            2M (0%)            2M (0%)     
[2026-04-03T06:46:52.757+0600][57.893s][info][gc,heap     ] GC(19) Y: Reclaimed:         -                  -              1409M (36%)        2078M (53%)    
[2026-04-03T06:46:52.757+0600][57.893s][info][gc,heap     ] GC(19) Y:  Promoted:         -                  -                42M (1%)           51M (1%)     
[2026-04-03T06:46:52.757+0600][57.893s][info][gc,heap     ] GC(19) Y: Compacted:         -                  -                  -                 0M (0%)     
[2026-04-03T06:46:52.757+0600][57.893s][info][gc,phases   ] GC(19) Y: Young Generation (Promote All) 2342M(60%)->306M(8%) 0.068s
[2026-04-03T06:46:52.757+0600][57.893s][info][gc,phases   ] GC(19) Y: Young Generation (Collect Roots)
[2026-04-03T06:46:52.757+0600][57.894s][info][gc,phases   ] GC(19) Y: Pause Mark Start (Major) 0.021ms
[2026-04-03T06:46:52.772+0600][57.909s][info][gc,phases   ] GC(19) Y: Concurrent Mark 15.006ms
[2026-04-03T06:46:52.772+0600][57.909s][info][gc,phases   ] GC(19) Y: Pause Mark End 0.020ms
[2026-04-03T06:46:52.772+0600][57.909s][info][gc,phases   ] GC(19) Y: Concurrent Mark Free 0.002ms
[2026-04-03T06:46:52.773+0600][57.909s][info][gc,phases   ] GC(19) Y: Concurrent Reset Relocation Set 0.057ms
[2026-04-03T06:46:52.774+0600][57.911s][info][gc,reloc    ] GC(19) Y: Using tenuring threshold: 1 (Computed)
[2026-04-03T06:46:52.774+0600][57.911s][info][gc,phases   ] GC(19) Y: Concurrent Select Relocation Set 1.694ms
[2026-04-03T06:46:52.774+0600][57.911s][info][gc,phases   ] GC(19) Y: Pause Relocate Start 0.012ms
[2026-04-03T06:46:52.775+0600][57.911s][info][gc,phases   ] GC(19) Y: Concurrent Relocate 0.321ms
[2026-04-03T06:46:52.775+0600][57.911s][info][gc,alloc    ] GC(19) Y:                         Mark Start        Mark End      Relocate Start    Relocate End   
[2026-04-03T06:46:52.775+0600][57.911s][info][gc,alloc    ] GC(19) Y: Allocation Stalls:          0                0                0                0         
[2026-04-03T06:46:52.775+0600][57.911s][info][gc,load     ] GC(19) Y: Load: 12.13 (101%) / 10.91 (91%) / 7.69 (64%)
[2026-04-03T06:46:52.775+0600][57.911s][info][gc,mmu      ] GC(19) Y: MMU: 2ms/94.5%, 5ms/97.8%, 10ms/98.4%, 20ms/99.2%, 50ms/99.7%, 100ms/99.8%
[2026-04-03T06:46:52.775+0600][57.911s][info][gc,marking  ] GC(19) Y: Mark: 2 stripe(s), 1 proactive flush(es), 1 terminate flush(es), 0 completion(s), 0 continuation(s) 
[2026-04-03T06:46:52.775+0600][57.911s][info][gc,marking  ] GC(19) Y: Mark Stack Usage: 32M
[2026-04-03T06:46:52.775+0600][57.911s][info][gc,nmethod  ] GC(19) Y: NMethods: 16633 registered, 0 unregistered
[2026-04-03T06:46:52.775+0600][57.911s][info][gc,metaspace] GC(19) Y: Metaspace: 128M used, 130M committed, 1152M reserved
[2026-04-03T06:46:52.775+0600][57.911s][info][gc,reloc    ] GC(19) Y:                        Candidates     Selected     In-Place         Size        Empty    Relocated 
[2026-04-03T06:46:52.775+0600][57.911s][info][gc,reloc    ] GC(19) Y: Small Pages:                    1            0            0           2M           0M           0M 
[2026-04-03T06:46:52.775+0600][57.911s][info][gc,reloc    ] GC(19) Y: Medium Pages:                   0            0            0           0M           0M           0M 
[2026-04-03T06:46:52.775+0600][57.911s][info][gc,reloc    ] GC(19) Y: Large Pages:                    0            0            0           0M           0M           0M 
[2026-04-03T06:46:52.775+0600][57.911s][info][gc,reloc    ] GC(19) Y: Forwarding Usage: 0M
[2026-04-03T06:46:52.775+0600][57.911s][info][gc,reloc    ] GC(19) Y: Age Table:
[2026-04-03T06:46:52.775+0600][57.911s][info][gc,reloc    ] GC(19) Y:                    Live             Garbage             Small              Medium             Large        
[2026-04-03T06:46:52.775+0600][57.912s][info][gc,reloc    ] GC(19) Y: Eden               0M (0%)            1M (0%)           1 / 0              0 / 0              0 / 0        
[2026-04-03T06:46:52.775+0600][57.912s][info][gc,heap     ] GC(19) Y: Min Capacity: 8M(0%)
[2026-04-03T06:46:52.775+0600][57.912s][info][gc,heap     ] GC(19) Y: Max Capacity: 3922M(100%)
[2026-04-03T06:46:52.775+0600][57.912s][info][gc,heap     ] GC(19) Y: Soft Max Capacity: 3529M(90%)
[2026-04-03T06:46:52.775+0600][57.912s][info][gc,heap     ] GC(19) Y: Heap Statistics:
[2026-04-03T06:46:52.775+0600][57.912s][info][gc,heap     ] GC(19) Y:                Mark Start          Mark End        Relocate Start      Relocate End           High               Low         
[2026-04-03T06:46:52.775+0600][57.912s][info][gc,heap     ] GC(19) Y:  Capacity:     3908M (100%)       3908M (100%)       3908M (100%)       3908M (100%)       3908M (100%)       3908M (100%)   
[2026-04-03T06:46:52.775+0600][57.912s][info][gc,heap     ] GC(19) Y:      Free:     3616M (92%)        3616M (92%)        3616M (92%)        3616M (92%)        3616M (92%)        3616M (92%)    
[2026-04-03T06:46:52.775+0600][57.912s][info][gc,heap     ] GC(19) Y:      Used:      306M (8%)          306M (8%)          306M (8%)          306M (8%)          306M (8%)          306M (8%)     
[2026-04-03T06:46:52.775+0600][57.912s][info][gc,heap     ] GC(19) Y: Young Generation Statistics:
[2026-04-03T06:46:52.775+0600][57.912s][info][gc,heap     ] GC(19) Y:                Mark Start          Mark End        Relocate Start      Relocate End    
[2026-04-03T06:46:52.775+0600][57.912s][info][gc,heap     ] GC(19) Y:      Used:        2M (0%)            2M (0%)            2M (0%)            2M (0%)     
[2026-04-03T06:46:52.775+0600][57.912s][info][gc,heap     ] GC(19) Y:      Live:         -                 0M (0%)            0M (0%)            0M (0%)     
[2026-04-03T06:46:52.775+0600][57.912s][info][gc,heap     ] GC(19) Y:   Garbage:         -                 1M (0%)            1M (0%)            1M (0%)     
[2026-04-03T06:46:52.775+0600][57.912s][info][gc,heap     ] GC(19) Y: Allocated:         -                 0M (0%)            0M (0%)            0M (0%)     
[2026-04-03T06:46:52.775+0600][57.912s][info][gc,heap     ] GC(19) Y: Reclaimed:         -                  -                 0M (0%)            0M (0%)     
[2026-04-03T06:46:52.775+0600][57.912s][info][gc,heap     ] GC(19) Y:  Promoted:         -                  -                 0M (0%)            0M (0%)     
[2026-04-03T06:46:52.775+0600][57.912s][info][gc,heap     ] GC(19) Y: Compacted:         -                  -                  -                 0M (0%)     
[2026-04-03T06:46:52.775+0600][57.912s][info][gc,phases   ] GC(19) Y: Young Generation (Collect Roots) 306M(8%)->306M(8%) 0.018s
[2026-04-03T06:46:52.775+0600][57.912s][info][gc,phases   ] GC(19) O: Old Generation
[2026-04-03T06:46:52.888+0600][58.024s][info][gc,phases   ] GC(19) O: Concurrent Mark 112.646ms
[2026-04-03T06:46:52.888+0600][58.024s][info][gc,phases   ] GC(19) O: Pause Mark End 0.021ms
[2026-04-03T06:46:52.888+0600][58.025s][info][gc,phases   ] GC(19) O: Concurrent Mark Free 0.002ms
[2026-04-03T06:46:52.929+0600][58.066s][info][gc,phases   ] GC(19) O: Concurrent Process Non-Strong 41.346ms
[2026-04-03T06:46:52.930+0600][58.066s][info][gc,phases   ] GC(19) O: Concurrent Reset Relocation Set 0.009ms
[2026-04-03T06:46:52.932+0600][58.068s][info][gc,phases   ] GC(19) O: Concurrent Select Relocation Set 2.134ms
[2026-04-03T06:46:52.932+0600][58.068s][info][gc,task     ] GC(19) O: Using 3 Workers for Old Generation
[2026-04-03T06:46:52.959+0600][58.096s][info][gc,task     ] GC(19) O: Using 3 Workers for Old Generation
[2026-04-03T06:46:52.959+0600][58.096s][info][gc,phases   ] GC(19) O: Concurrent Remap Roots 27.369ms
[2026-04-03T06:46:52.959+0600][58.096s][info][gc,phases   ] GC(19) O: Pause Relocate Start 0.029ms
[2026-04-03T06:46:52.986+0600][58.123s][info][gc,phases   ] GC(19) O: Concurrent Relocate 26.443ms
[2026-04-03T06:46:52.986+0600][58.123s][info][gc,alloc    ] GC(19) O:                         Mark Start        Mark End      Relocate Start    Relocate End   
[2026-04-03T06:46:52.986+0600][58.123s][info][gc,alloc    ] GC(19) O: Allocation Stalls:          0                0                0                0         
[2026-04-03T06:46:52.986+0600][58.123s][info][gc,load     ] GC(19) O: Load: 12.13 (101%) / 10.91 (91%) / 7.69 (64%)
[2026-04-03T06:46:52.986+0600][58.123s][info][gc,mmu      ] GC(19) O: MMU: 2ms/94.5%, 5ms/97.8%, 10ms/98.4%, 20ms/99.2%, 50ms/99.7%, 100ms/99.8%
[2026-04-03T06:46:52.986+0600][58.123s][info][gc,marking  ] GC(19) O: Mark: 2 stripe(s), 1 proactive flush(es), 1 terminate flush(es), 0 completion(s), 0 continuation(s) 
[2026-04-03T06:46:52.986+0600][58.123s][info][gc,marking  ] GC(19) O: Mark Stack Usage: 32M
[2026-04-03T06:46:52.987+0600][58.123s][info][gc,nmethod  ] GC(19) O: NMethods: 13531 registered, 3134 unregistered
[2026-04-03T06:46:52.987+0600][58.123s][info][gc,metaspace] GC(19) O: Metaspace: 128M used, 130M committed, 1152M reserved
[2026-04-03T06:46:52.987+0600][58.123s][info][gc,ref      ] GC(19) O:                       Encountered   Discovered     Enqueued 
[2026-04-03T06:46:52.987+0600][58.123s][info][gc,ref      ] GC(19) O: Soft References:             6376            0            0 
[2026-04-03T06:46:52.987+0600][58.123s][info][gc,ref      ] GC(19) O: Weak References:            46302        41653        31099 
[2026-04-03T06:46:52.987+0600][58.123s][info][gc,ref      ] GC(19) O: Final References:              84            0            0 
[2026-04-03T06:46:52.987+0600][58.123s][info][gc,ref      ] GC(19) O: Phantom References:           620          393            0 
[2026-04-03T06:46:52.987+0600][58.123s][info][gc,reloc    ] GC(19) O:                        Candidates     Selected     In-Place         Size        Empty    Relocated 
[2026-04-03T06:46:52.987+0600][58.123s][info][gc,reloc    ] GC(19) O: Small Pages:                  104           21            0         208M           0M          11M 
[2026-04-03T06:46:52.987+0600][58.123s][info][gc,reloc    ] GC(19) O: Medium Pages:                   3            2            0          96M           0M           8M 
[2026-04-03T06:46:52.987+0600][58.123s][info][gc,reloc    ] GC(19) O: Large Pages:                    0            0            0           0M           0M           0M 
[2026-04-03T06:46:52.987+0600][58.123s][info][gc,reloc    ] GC(19) O: Forwarding Usage: 7M
[2026-04-03T06:46:52.987+0600][58.123s][info][gc,heap     ] GC(19) O: Min Capacity: 8M(0%)
[2026-04-03T06:46:52.987+0600][58.123s][info][gc,heap     ] GC(19) O: Max Capacity: 3922M(100%)
[2026-04-03T06:46:52.987+0600][58.123s][info][gc,heap     ] GC(19) O: Soft Max Capacity: 3529M(90%)
[2026-04-03T06:46:52.987+0600][58.123s][info][gc,heap     ] GC(19) O: Heap Statistics:
[2026-04-03T06:46:52.987+0600][58.123s][info][gc,heap     ] GC(19) O:                Mark Start          Mark End        Relocate Start      Relocate End           High               Low         
[2026-04-03T06:46:52.987+0600][58.123s][info][gc,heap     ] GC(19) O:  Capacity:     3908M (100%)       3908M (100%)       3908M (100%)       3908M (100%)       3908M (100%)       3908M (100%)   
[2026-04-03T06:46:52.987+0600][58.123s][info][gc,heap     ] GC(19) O:      Free:     3616M (92%)        3614M (92%)        3586M (91%)        3628M (93%)        3628M (93%)        3506M (89%)    
[2026-04-03T06:46:52.987+0600][58.123s][info][gc,heap     ] GC(19) O:      Used:      306M (8%)          308M (8%)          336M (9%)          294M (7%)          416M (11%)         294M (7%)     
[2026-04-03T06:46:52.987+0600][58.123s][info][gc,heap     ] GC(19) O: Old Generation Statistics:
[2026-04-03T06:46:52.987+0600][58.123s][info][gc,heap     ] GC(19) O:                Mark Start          Mark End        Relocate Start      Relocate End    
[2026-04-03T06:46:52.987+0600][58.123s][info][gc,heap     ] GC(19) O:      Used:      304M (8%)          304M (8%)          304M (8%)          248M (6%)     
[2026-04-03T06:46:52.987+0600][58.123s][info][gc,heap     ] GC(19) O:      Live:         -               159M (4%)          159M (4%)          159M (4%)     
[2026-04-03T06:46:52.987+0600][58.123s][info][gc,heap     ] GC(19) O:   Garbage:         -               144M (4%)          144M (4%)            9M (0%)     
[2026-04-03T06:46:52.987+0600][58.123s][info][gc,heap     ] GC(19) O: Allocated:         -                 0M (0%)            0M (0%)           78M (2%)     
[2026-04-03T06:46:52.987+0600][58.123s][info][gc,heap     ] GC(19) O: Reclaimed:         -                  -                 0M (0%)          134M (3%)     
[2026-04-03T06:46:52.987+0600][58.123s][info][gc,heap     ] GC(19) O: Compacted:         -                  -                  -                47M (1%)     
[2026-04-03T06:46:52.987+0600][58.123s][info][gc,phases   ] GC(19) O: Old Generation 306M(8%)->294M(7%) 0.211s
[2026-04-03T06:46:52.987+0600][58.124s][info][gc          ] GC(19) Major Collection (System.gc()) 2342M(60%)->296M(8%) 0.299s
[2026-04-03T06:46:55.958+0600][61.095s][info][gc          ] GC(20) Minor Collection (Allocation Rate)
[2026-04-03T06:46:55.958+0600][61.095s][info][gc,task     ] GC(20) Using 1 Workers for Young Generation
[2026-04-03T06:46:55.958+0600][61.095s][info][gc,phases   ] GC(20) y: Young Generation
[2026-04-03T06:46:55.958+0600][61.095s][info][gc,phases   ] GC(20) y: Pause Mark Start 0.023ms
[2026-04-03T06:46:56.036+0600][61.173s][info][gc,phases   ] GC(20) y: Concurrent Mark 77.880ms
[2026-04-03T06:46:56.037+0600][61.173s][info][gc,phases   ] GC(20) y: Pause Mark End 0.031ms
[2026-04-03T06:46:56.037+0600][61.173s][info][gc,phases   ] GC(20) y: Concurrent Mark Free 0.003ms
[2026-04-03T06:46:56.037+0600][61.174s][info][gc,phases   ] GC(20) y: Concurrent Reset Relocation Set 0.001ms
[2026-04-03T06:46:56.043+0600][61.179s][info][gc,reloc    ] GC(20) y: Using tenuring threshold: 1 (Computed)
[2026-04-03T06:46:56.044+0600][61.180s][info][gc,phases   ] GC(20) y: Concurrent Select Relocation Set 6.646ms
[2026-04-03T06:46:56.044+0600][61.181s][info][gc,phases   ] GC(20) y: Pause Relocate Start 0.032ms
[2026-04-03T06:46:56.055+0600][61.192s][info][gc,phases   ] GC(20) y: Concurrent Relocate 10.782ms
[2026-04-03T06:46:56.055+0600][61.192s][info][gc,alloc    ] GC(20) y:                         Mark Start        Mark End      Relocate Start    Relocate End   
[2026-04-03T06:46:56.055+0600][61.192s][info][gc,alloc    ] GC(20) y: Allocation Stalls:          0                0                0                0         
[2026-04-03T06:46:56.055+0600][61.192s][info][gc,load     ] GC(20) y: Load: 12.13 (101%) / 10.91 (91%) / 7.69 (64%)
[2026-04-03T06:46:56.055+0600][61.192s][info][gc,mmu      ] GC(20) y: MMU: 2ms/94.5%, 5ms/97.8%, 10ms/98.4%, 20ms/99.2%, 50ms/99.7%, 100ms/99.8%
[2026-04-03T06:46:56.055+0600][61.192s][info][gc,marking  ] GC(20) y: Mark: 1 stripe(s), 2 proactive flush(es), 1 terminate flush(es), 0 completion(s), 0 continuation(s) 
[2026-04-03T06:46:56.055+0600][61.192s][info][gc,marking  ] GC(20) y: Mark Stack Usage: 32M
[2026-04-03T06:46:56.055+0600][61.192s][info][gc,nmethod  ] GC(20) y: NMethods: 13900 registered, 3134 unregistered
[2026-04-03T06:46:56.055+0600][61.192s][info][gc,metaspace] GC(20) y: Metaspace: 128M used, 130M committed, 1152M reserved
[2026-04-03T06:46:56.055+0600][61.192s][info][gc,reloc    ] GC(20) y:                        Candidates     Selected     In-Place         Size        Empty    Relocated 
[2026-04-03T06:46:56.055+0600][61.192s][info][gc,reloc    ] GC(20) y: Small Pages:                  779          430            0        1558M         688M           7M 
[2026-04-03T06:46:56.055+0600][61.192s][info][gc,reloc    ] GC(20) y: Medium Pages:                   9            0            0         288M         288M           0M 
[2026-04-03T06:46:56.055+0600][61.192s][info][gc,reloc    ] GC(20) y: Large Pages:                  168            0            0        1008M        1008M           0M 
[2026-04-03T06:46:56.055+0600][61.192s][info][gc,reloc    ] GC(20) y: Forwarding Usage: 1M
[2026-04-03T06:46:56.055+0600][61.192s][info][gc,reloc    ] GC(20) y: Age Table:
[2026-04-03T06:46:56.055+0600][61.192s][info][gc,reloc    ] GC(20) y:                    Live             Garbage             Small              Medium             Large        
[2026-04-03T06:46:56.055+0600][61.192s][info][gc,reloc    ] GC(20) y: Eden               8M (0%)         2843M (73%)        778 / 430            9 / 0            168 / 0        
[2026-04-03T06:46:56.055+0600][61.192s][info][gc,reloc    ] GC(20) y: Survivor 1          -                 2M (0%)           1 / 0              0 / 0              0 / 0        
[2026-04-03T06:46:56.055+0600][61.192s][info][gc,heap     ] GC(20) y: Min Capacity: 8M(0%)
[2026-04-03T06:46:56.055+0600][61.192s][info][gc,heap     ] GC(20) y: Max Capacity: 3922M(100%)
[2026-04-03T06:46:56.055+0600][61.192s][info][gc,heap     ] GC(20) y: Soft Max Capacity: 3529M(90%)
[2026-04-03T06:46:56.055+0600][61.192s][info][gc,heap     ] GC(20) y: Heap Statistics:
[2026-04-03T06:46:56.055+0600][61.192s][info][gc,heap     ] GC(20) y:                Mark Start          Mark End        Relocate Start      Relocate End           High               Low         
[2026-04-03T06:46:56.056+0600][61.192s][info][gc,heap     ] GC(20) y:  Capacity:     3908M (100%)       3908M (100%)       3908M (100%)       3908M (100%)       3908M (100%)       3908M (100%)   
[2026-04-03T06:46:56.056+0600][61.192s][info][gc,heap     ] GC(20) y:      Free:      820M (21%)         740M (19%)        2718M (69%)        3560M (91%)        3560M (91%)         740M (19%)    
[2026-04-03T06:46:56.056+0600][61.192s][info][gc,heap     ] GC(20) y:      Used:     3102M (79%)        3182M (81%)        1204M (31%)         362M (9%)         3182M (81%)         362M (9%)     
[2026-04-03T06:46:56.056+0600][61.192s][info][gc,heap     ] GC(20) y: Young Generation Statistics:
[2026-04-03T06:46:56.056+0600][61.192s][info][gc,heap     ] GC(20) y:                Mark Start          Mark End        Relocate Start      Relocate End    
[2026-04-03T06:46:56.056+0600][61.192s][info][gc,heap     ] GC(20) y:      Used:     2854M (73%)        2934M (75%)         956M (24%)         114M (3%)     
[2026-04-03T06:46:56.056+0600][61.192s][info][gc,heap     ] GC(20) y:      Live:         -                 8M (0%)            8M (0%)            8M (0%)     
[2026-04-03T06:46:56.056+0600][61.192s][info][gc,heap     ] GC(20) y:   Garbage:         -              2845M (73%)         861M (22%)           0M (0%)     
[2026-04-03T06:46:56.056+0600][61.192s][info][gc,heap     ] GC(20) y: Allocated:         -                80M (2%)           86M (2%)          105M (3%)     
[2026-04-03T06:46:56.056+0600][61.192s][info][gc,heap     ] GC(20) y: Reclaimed:         -                  -              1984M (51%)        2845M (73%)    
[2026-04-03T06:46:56.056+0600][61.192s][info][gc,heap     ] GC(20) y:  Promoted:         -                  -                 0M (0%)            0M (0%)     
[2026-04-03T06:46:56.056+0600][61.192s][info][gc,heap     ] GC(20) y: Compacted:         -                  -                  -                 8M (0%)     
[2026-04-03T06:46:56.056+0600][61.192s][info][gc,phases   ] GC(20) y: Young Generation 3102M(79%)->362M(9%) 0.097s
[2026-04-03T06:46:56.056+0600][61.192s][info][gc          ] GC(20) Minor Collection (Allocation Rate) 3102M(79%)->362M(9%) 0.098s
[2026-04-03T06:46:58.310+0600][63.447s][info][gc          ] GC(21) Minor Collection (Allocation Rate)
[2026-04-03T06:46:58.310+0600][63.447s][info][gc,task     ] GC(21) Using 1 Workers for Young Generation
[2026-04-03T06:46:58.311+0600][63.447s][info][gc,phases   ] GC(21) y: Young Generation
[2026-04-03T06:46:58.311+0600][63.447s][info][gc,phases   ] GC(21) y: Pause Mark Start 0.034ms
[2026-04-03T06:46:58.354+0600][63.491s][info][gc,phases   ] GC(21) y: Concurrent Mark 43.287ms
[2026-04-03T06:46:58.354+0600][63.491s][info][gc,phases   ] GC(21) y: Pause Mark End 0.022ms
[2026-04-03T06:46:58.354+0600][63.491s][info][gc,phases   ] GC(21) y: Concurrent Mark Free 0.002ms
[2026-04-03T06:46:58.355+0600][63.491s][info][gc,phases   ] GC(21) y: Concurrent Reset Relocation Set 0.029ms
[2026-04-03T06:46:58.357+0600][63.493s][info][gc,reloc    ] GC(21) y: Using tenuring threshold: 2 (Computed)
[2026-04-03T06:46:58.357+0600][63.494s][info][gc,phases   ] GC(21) y: Concurrent Select Relocation Set 2.702ms
[2026-04-03T06:46:58.357+0600][63.494s][info][gc,phases   ] GC(21) y: Pause Relocate Start 0.019ms
[2026-04-03T06:46:58.366+0600][63.503s][info][gc,phases   ] GC(21) y: Concurrent Relocate 8.726ms
[2026-04-03T06:46:58.366+0600][63.503s][info][gc,alloc    ] GC(21) y:                         Mark Start        Mark End      Relocate Start    Relocate End   
[2026-04-03T06:46:58.366+0600][63.503s][info][gc,alloc    ] GC(21) y: Allocation Stalls:          0                0                0                0         
[2026-04-03T06:46:58.366+0600][63.503s][info][gc,load     ] GC(21) y: Load: 12.28 (102%) / 10.96 (91%) / 7.73 (64%)
[2026-04-03T06:46:58.366+0600][63.503s][info][gc,mmu      ] GC(21) y: MMU: 2ms/94.5%, 5ms/97.8%, 10ms/98.4%, 20ms/99.2%, 50ms/99.7%, 100ms/99.8%
[2026-04-03T06:46:58.367+0600][63.503s][info][gc,marking  ] GC(21) y: Mark: 1 stripe(s), 2 proactive flush(es), 1 terminate flush(es), 0 completion(s), 0 continuation(s) 
[2026-04-03T06:46:58.367+0600][63.503s][info][gc,marking  ] GC(21) y: Mark Stack Usage: 32M
[2026-04-03T06:46:58.367+0600][63.503s][info][gc,nmethod  ] GC(21) y: NMethods: 13992 registered, 3134 unregistered
[2026-04-03T06:46:58.367+0600][63.503s][info][gc,metaspace] GC(21) y: Metaspace: 128M used, 130M committed, 1152M reserved
[2026-04-03T06:46:58.367+0600][63.503s][info][gc,reloc    ] GC(21) y:                        Candidates     Selected     In-Place         Size        Empty    Relocated 
[2026-04-03T06:46:58.367+0600][63.503s][info][gc,reloc    ] GC(21) y: Small Pages:                  755          384            0        1510M         724M           7M 
[2026-04-03T06:46:58.367+0600][63.503s][info][gc,reloc    ] GC(21) y: Medium Pages:                   8            0            0         256M         256M           0M 
[2026-04-03T06:46:58.367+0600][63.503s][info][gc,reloc    ] GC(21) y: Large Pages:                  165            0            0         990M         990M           0M 
[2026-04-03T06:46:58.367+0600][63.503s][info][gc,reloc    ] GC(21) y: Forwarding Usage: 1M
[2026-04-03T06:46:58.367+0600][63.503s][info][gc,reloc    ] GC(21) y: Age Table:
[2026-04-03T06:46:58.367+0600][63.503s][info][gc,reloc    ] GC(21) y:                    Live             Garbage             Small              Medium             Large        
[2026-04-03T06:46:58.367+0600][63.503s][info][gc,reloc    ] GC(21) y: Eden               7M (0%)         2726M (70%)        744 / 378            8 / 0            165 / 0        
[2026-04-03T06:46:58.367+0600][63.503s][info][gc,reloc    ] GC(21) y: Survivor 1         7M (0%)           14M (0%)          11 / 6              0 / 0              0 / 0        
[2026-04-03T06:46:58.367+0600][63.503s][info][gc,heap     ] GC(21) y: Min Capacity: 8M(0%)
[2026-04-03T06:46:58.367+0600][63.503s][info][gc,heap     ] GC(21) y: Max Capacity: 3922M(100%)
[2026-04-03T06:46:58.367+0600][63.503s][info][gc,heap     ] GC(21) y: Soft Max Capacity: 3529M(90%)
[2026-04-03T06:46:58.367+0600][63.503s][info][gc,heap     ] GC(21) y: Heap Statistics:
[2026-04-03T06:46:58.367+0600][63.503s][info][gc,heap     ] GC(21) y:                Mark Start          Mark End        Relocate Start      Relocate End           High               Low         
[2026-04-03T06:46:58.367+0600][63.503s][info][gc,heap     ] GC(21) y:  Capacity:     3908M (100%)       3908M (100%)       3908M (100%)       3908M (100%)       3908M (100%)       3908M (100%)   
[2026-04-03T06:46:58.367+0600][63.503s][info][gc,heap     ] GC(21) y:      Free:      918M (23%)         894M (23%)        2832M (72%)        3590M (92%)        3596M (92%)         894M (23%)    
[2026-04-03T06:46:58.367+0600][63.503s][info][gc,heap     ] GC(21) y:      Used:     3004M (77%)        3028M (77%)        1090M (28%)         332M (8%)         3028M (77%)         326M (8%)     
[2026-04-03T06:46:58.367+0600][63.503s][info][gc,heap     ] GC(21) y: Young Generation Statistics:
[2026-04-03T06:46:58.367+0600][63.503s][info][gc,heap     ] GC(21) y:                Mark Start          Mark End        Relocate Start      Relocate End    
[2026-04-03T06:46:58.367+0600][63.503s][info][gc,heap     ] GC(21) y:      Used:     2756M (70%)        2780M (71%)         842M (21%)          84M (2%)     
[2026-04-03T06:46:58.367+0600][63.503s][info][gc,heap     ] GC(21) y:      Live:         -                14M (0%)           14M (0%)           14M (0%)     
[2026-04-03T06:46:58.367+0600][63.503s][info][gc,heap     ] GC(21) y:   Garbage:         -              2741M (70%)         771M (20%)           1M (0%)     
[2026-04-03T06:46:58.367+0600][63.503s][info][gc,heap     ] GC(21) y: Allocated:         -                24M (1%)           56M (1%)           68M (2%)     
[2026-04-03T06:46:58.367+0600][63.503s][info][gc,heap     ] GC(21) y: Reclaimed:         -                  -              1970M (50%)        2740M (70%)    
[2026-04-03T06:46:58.367+0600][63.503s][info][gc,heap     ] GC(21) y:  Promoted:         -                  -                 0M (0%)            0M (0%)     
[2026-04-03T06:46:58.367+0600][63.503s][info][gc,heap     ] GC(21) y: Compacted:         -                  -                  -                 7M (0%)     
[2026-04-03T06:46:58.367+0600][63.503s][info][gc,phases   ] GC(21) y: Young Generation 3004M(77%)->332M(8%) 0.056s
[2026-04-03T06:46:58.367+0600][63.503s][info][gc          ] GC(21) Minor Collection (Allocation Rate) 3004M(77%)->336M(9%) 0.057s
[2026-04-03T06:47:02.290+0600][67.426s][info][gc          ] GC(22) Minor Collection (Allocation Rate)
[2026-04-03T06:47:02.290+0600][67.426s][info][gc,task     ] GC(22) Using 1 Workers for Young Generation
[2026-04-03T06:47:02.290+0600][67.426s][info][gc,phases   ] GC(22) y: Young Generation
[2026-04-03T06:47:02.290+0600][67.426s][info][gc,phases   ] GC(22) y: Pause Mark Start 0.022ms
[2026-04-03T06:47:02.381+0600][67.518s][info][gc,phases   ] GC(22) y: Concurrent Mark 91.077ms
[2026-04-03T06:47:02.381+0600][67.518s][info][gc,phases   ] GC(22) y: Pause Mark End 0.032ms
[2026-04-03T06:47:02.382+0600][67.518s][info][gc,phases   ] GC(22) y: Concurrent Mark Free 0.001ms
[2026-04-03T06:47:02.382+0600][67.518s][info][gc,phases   ] GC(22) y: Concurrent Reset Relocation Set 0.047ms
[2026-04-03T06:47:02.388+0600][67.525s][info][gc,reloc    ] GC(22) y: Using tenuring threshold: 3 (Computed)
[2026-04-03T06:47:02.391+0600][67.528s][info][gc,phases   ] GC(22) y: Concurrent Select Relocation Set 9.747ms
[2026-04-03T06:47:02.392+0600][67.528s][info][gc,phases   ] GC(22) y: Pause Relocate Start 0.032ms
[2026-04-03T06:47:02.406+0600][67.543s][info][gc,phases   ] GC(22) y: Concurrent Relocate 14.412ms
[2026-04-03T06:47:02.407+0600][67.543s][info][gc,alloc    ] GC(22) y:                         Mark Start        Mark End      Relocate Start    Relocate End   
[2026-04-03T06:47:02.407+0600][67.543s][info][gc,alloc    ] GC(22) y: Allocation Stalls:          0                0                0                0         
[2026-04-03T06:47:02.407+0600][67.543s][info][gc,load     ] GC(22) y: Load: 12.26 (102%) / 10.98 (91%) / 7.75 (65%)
[2026-04-03T06:47:02.407+0600][67.543s][info][gc,mmu      ] GC(22) y: MMU: 2ms/94.5%, 5ms/97.8%, 10ms/98.4%, 20ms/99.2%, 50ms/99.7%, 100ms/99.8%
[2026-04-03T06:47:02.407+0600][67.543s][info][gc,marking  ] GC(22) y: Mark: 1 stripe(s), 2 proactive flush(es), 1 terminate flush(es), 0 completion(s), 0 continuation(s) 
[2026-04-03T06:47:02.407+0600][67.543s][info][gc,marking  ] GC(22) y: Mark Stack Usage: 32M
[2026-04-03T06:47:02.407+0600][67.543s][info][gc,nmethod  ] GC(22) y: NMethods: 14130 registered, 3134 unregistered
[2026-04-03T06:47:02.407+0600][67.543s][info][gc,metaspace] GC(22) y: Metaspace: 128M used, 130M committed, 1152M reserved
[2026-04-03T06:47:02.407+0600][67.543s][info][gc,reloc    ] GC(22) y:                        Candidates     Selected     In-Place         Size        Empty    Relocated 
[2026-04-03T06:47:02.407+0600][67.543s][info][gc,reloc    ] GC(22) y: Small Pages:                 1108          517            0        2216M        1154M           8M 
[2026-04-03T06:47:02.407+0600][67.543s][info][gc,reloc    ] GC(22) y: Medium Pages:                  13            0            0         416M         416M           0M 
[2026-04-03T06:47:02.407+0600][67.543s][info][gc,reloc    ] GC(22) y: Large Pages:                   56            0            0         336M         336M           0M 
[2026-04-03T06:47:02.407+0600][67.543s][info][gc,reloc    ] GC(22) y: Forwarding Usage: 2M
[2026-04-03T06:47:02.407+0600][67.543s][info][gc,reloc    ] GC(22) y: Age Table:
[2026-04-03T06:47:02.407+0600][67.543s][info][gc,reloc    ] GC(22) y:                    Live             Garbage             Small              Medium             Large        
[2026-04-03T06:47:02.407+0600][67.543s][info][gc,reloc    ] GC(22) y: Eden               8M (0%)         2941M (75%)       1099 / 516           13 / 0             56 / 0        
[2026-04-03T06:47:02.407+0600][67.543s][info][gc,reloc    ] GC(22) y: Survivor 1         7M (0%)            0M (0%)           4 / 0              0 / 0              0 / 0        
[2026-04-03T06:47:02.407+0600][67.543s][info][gc,reloc    ] GC(22) y: Survivor 2         7M (0%)            2M (0%)           5 / 1              0 / 0              0 / 0        
[2026-04-03T06:47:02.407+0600][67.543s][info][gc,heap     ] GC(22) y: Min Capacity: 8M(0%)
[2026-04-03T06:47:02.407+0600][67.544s][info][gc,heap     ] GC(22) y: Max Capacity: 3922M(100%)
[2026-04-03T06:47:02.407+0600][67.544s][info][gc,heap     ] GC(22) y: Soft Max Capacity: 3529M(90%)
[2026-04-03T06:47:02.407+0600][67.544s][info][gc,heap     ] GC(22) y: Heap Statistics:
[2026-04-03T06:47:02.407+0600][67.544s][info][gc,heap     ] GC(22) y:                Mark Start          Mark End        Relocate Start      Relocate End           High               Low         
[2026-04-03T06:47:02.407+0600][67.544s][info][gc,heap     ] GC(22) y:  Capacity:     3908M (100%)       3922M (100%)       3922M (100%)       3922M (100%)       3922M (100%)       3908M (100%)   
[2026-04-03T06:47:02.407+0600][67.544s][info][gc,heap     ] GC(22) y:      Free:      706M (18%)         216M (6%)         2108M (54%)        3110M (79%)        3110M (79%)         210M (5%)     
[2026-04-03T06:47:02.407+0600][67.544s][info][gc,heap     ] GC(22) y:      Used:     3216M (82%)        3706M (94%)        1814M (46%)         812M (21%)        3712M (95%)         812M (21%)    
[2026-04-03T06:47:02.407+0600][67.544s][info][gc,heap     ] GC(22) y: Young Generation Statistics:
[2026-04-03T06:47:02.407+0600][67.544s][info][gc,heap     ] GC(22) y:                Mark Start          Mark End        Relocate Start      Relocate End    
[2026-04-03T06:47:02.407+0600][67.544s][info][gc,heap     ] GC(22) y:      Used:     2968M (76%)        3458M (88%)        1566M (40%)         564M (14%)    
[2026-04-03T06:47:02.407+0600][67.544s][info][gc,heap     ] GC(22) y:      Live:         -                22M (1%)           22M (1%)           22M (1%)     
[2026-04-03T06:47:02.407+0600][67.544s][info][gc,heap     ] GC(22) y:   Garbage:         -              2945M (75%)        1039M (26%)           3M (0%)     
[2026-04-03T06:47:02.407+0600][67.544s][info][gc,heap     ] GC(22) y: Allocated:         -               490M (12%)         504M (13%)         537M (14%)    
[2026-04-03T06:47:02.407+0600][67.544s][info][gc,heap     ] GC(22) y: Reclaimed:         -                  -              1906M (49%)        2941M (75%)    
[2026-04-03T06:47:02.407+0600][67.544s][info][gc,heap     ] GC(22) y:  Promoted:         -                  -                 0M (0%)            0M (0%)     
[2026-04-03T06:47:02.407+0600][67.544s][info][gc,heap     ] GC(22) y: Compacted:         -                  -                  -                 8M (0%)     
[2026-04-03T06:47:02.407+0600][67.544s][info][gc,phases   ] GC(22) y: Young Generation 3216M(82%)->812M(21%) 0.117s
[2026-04-03T06:47:02.407+0600][67.544s][info][gc          ] GC(22) Minor Collection (Allocation Rate) 3216M(82%)->812M(21%) 0.118s
[2026-04-03T06:47:05.396+0600][70.533s][info][gc          ] GC(23) Minor Collection (Allocation Rate)
[2026-04-03T06:47:05.396+0600][70.533s][info][gc,task     ] GC(23) Using 1 Workers for Young Generation
[2026-04-03T06:47:05.396+0600][70.533s][info][gc,phases   ] GC(23) y: Young Generation
[2026-04-03T06:47:05.397+0600][70.533s][info][gc,phases   ] GC(23) y: Pause Mark Start 0.029ms
[2026-04-03T06:47:05.491+0600][70.628s][info][gc,phases   ] GC(23) y: Concurrent Mark 93.973ms
[2026-04-03T06:47:05.491+0600][70.628s][info][gc,phases   ] GC(23) y: Pause Mark End 0.058ms
[2026-04-03T06:47:05.491+0600][70.628s][info][gc,phases   ] GC(23) y: Concurrent Mark Free 0.004ms
[2026-04-03T06:47:05.492+0600][70.628s][info][gc,phases   ] GC(23) y: Concurrent Reset Relocation Set 0.063ms
[2026-04-03T06:47:05.494+0600][70.631s][info][gc,reloc    ] GC(23) y: Using tenuring threshold: 4 (Computed)
[2026-04-03T06:47:05.496+0600][70.632s][info][gc,phases   ] GC(23) y: Concurrent Select Relocation Set 4.095ms
[2026-04-03T06:47:05.496+0600][70.633s][info][gc,phases   ] GC(23) y: Pause Relocate Start 0.030ms
[2026-04-03T06:47:05.509+0600][70.646s][info][gc,phases   ] GC(23) y: Concurrent Relocate 13.237ms
[2026-04-03T06:47:05.510+0600][70.646s][info][gc,alloc    ] GC(23) y:                         Mark Start        Mark End      Relocate Start    Relocate End   
[2026-04-03T06:47:05.510+0600][70.646s][info][gc,alloc    ] GC(23) y: Allocation Stalls:          0                0                0                0         
[2026-04-03T06:47:05.510+0600][70.646s][info][gc,load     ] GC(23) y: Load: 12.26 (102%) / 10.98 (91%) / 7.75 (65%)
[2026-04-03T06:47:05.510+0600][70.646s][info][gc,mmu      ] GC(23) y: MMU: 2ms/94.5%, 5ms/97.8%, 10ms/98.4%, 20ms/99.2%, 50ms/99.7%, 100ms/99.8%
[2026-04-03T06:47:05.510+0600][70.646s][info][gc,marking  ] GC(23) y: Mark: 1 stripe(s), 2 proactive flush(es), 1 terminate flush(es), 0 completion(s), 0 continuation(s) 
[2026-04-03T06:47:05.510+0600][70.646s][info][gc,marking  ] GC(23) y: Mark Stack Usage: 32M
[2026-04-03T06:47:05.510+0600][70.646s][info][gc,nmethod  ] GC(23) y: NMethods: 14242 registered, 3134 unregistered
[2026-04-03T06:47:05.510+0600][70.646s][info][gc,metaspace] GC(23) y: Metaspace: 128M used, 130M committed, 1152M reserved
[2026-04-03T06:47:05.510+0600][70.646s][info][gc,reloc    ] GC(23) y:                        Candidates     Selected     In-Place         Size        Empty    Relocated 
[2026-04-03T06:47:05.510+0600][70.646s][info][gc,reloc    ] GC(23) y: Small Pages:                  829          447            0        1658M         726M           9M 
[2026-04-03T06:47:05.510+0600][70.646s][info][gc,reloc    ] GC(23) y: Medium Pages:                  10            0            0         320M         320M           0M 
[2026-04-03T06:47:05.510+0600][70.646s][info][gc,reloc    ] GC(23) y: Large Pages:                  169            0            0        1014M        1014M           0M 
[2026-04-03T06:47:05.510+0600][70.646s][info][gc,reloc    ] GC(23) y: Forwarding Usage: 1M
[2026-04-03T06:47:05.510+0600][70.646s][info][gc,reloc    ] GC(23) y: Age Table:
[2026-04-03T06:47:05.510+0600][70.646s][info][gc,reloc    ] GC(23) y:                    Live             Garbage             Small              Medium             Large        
[2026-04-03T06:47:05.510+0600][70.646s][info][gc,reloc    ] GC(23) y: Eden              10M (0%)         2941M (75%)        809 / 440           10 / 0            169 / 0        
[2026-04-03T06:47:05.510+0600][70.647s][info][gc,reloc    ] GC(23) y: Survivor 1         8M (0%)            9M (0%)           9 / 4              0 / 0              0 / 0        
[2026-04-03T06:47:05.510+0600][70.647s][info][gc,reloc    ] GC(23) y: Survivor 2         7M (0%)            0M (0%)           4 / 0              0 / 0              0 / 0        
[2026-04-03T06:47:05.510+0600][70.647s][info][gc,reloc    ] GC(23) y: Survivor 3         7M (0%)            6M (0%)           7 / 3              0 / 0              0 / 0        
[2026-04-03T06:47:05.510+0600][70.647s][info][gc,heap     ] GC(23) y: Min Capacity: 8M(0%)
[2026-04-03T06:47:05.510+0600][70.647s][info][gc,heap     ] GC(23) y: Max Capacity: 3922M(100%)
[2026-04-03T06:47:05.510+0600][70.647s][info][gc,heap     ] GC(23) y: Soft Max Capacity: 3529M(90%)
[2026-04-03T06:47:05.510+0600][70.647s][info][gc,heap     ] GC(23) y: Heap Statistics:
[2026-04-03T06:47:05.510+0600][70.647s][info][gc,heap     ] GC(23) y:                Mark Start          Mark End        Relocate Start      Relocate End           High               Low         
[2026-04-03T06:47:05.510+0600][70.647s][info][gc,heap     ] GC(23) y:  Capacity:     3922M (100%)       3922M (100%)       3922M (100%)       3922M (100%)       3922M (100%)       3922M (100%)   
[2026-04-03T06:47:05.510+0600][70.647s][info][gc,heap     ] GC(23) y:      Free:      682M (17%)         590M (15%)        2650M (68%)        3520M (90%)        3520M (90%)         590M (15%)    
[2026-04-03T06:47:05.510+0600][70.647s][info][gc,heap     ] GC(23) y:      Used:     3240M (83%)        3332M (85%)        1272M (32%)         402M (10%)        3332M (85%)         402M (10%)    
[2026-04-03T06:47:05.510+0600][70.647s][info][gc,heap     ] GC(23) y: Young Generation Statistics:
[2026-04-03T06:47:05.510+0600][70.647s][info][gc,heap     ] GC(23) y:                Mark Start          Mark End        Relocate Start      Relocate End    
[2026-04-03T06:47:05.510+0600][70.647s][info][gc,heap     ] GC(23) y:      Used:     2992M (76%)        3084M (79%)        1024M (26%)         154M (4%)     
[2026-04-03T06:47:05.510+0600][70.647s][info][gc,heap     ] GC(23) y:      Live:         -                32M (1%)           32M (1%)           32M (1%)     
[2026-04-03T06:47:05.510+0600][70.647s][info][gc,heap     ] GC(23) y:   Garbage:         -              2959M (75%)         899M (23%)           4M (0%)     
[2026-04-03T06:47:05.510+0600][70.647s][info][gc,heap     ] GC(23) y: Allocated:         -                92M (2%)           92M (2%)          117M (3%)     
[2026-04-03T06:47:05.510+0600][70.647s][info][gc,heap     ] GC(23) y: Reclaimed:         -                  -              2060M (53%)        2955M (75%)    
[2026-04-03T06:47:05.510+0600][70.647s][info][gc,heap     ] GC(23) y:  Promoted:         -                  -                 0M (0%)            0M (0%)     
[2026-04-03T06:47:05.510+0600][70.647s][info][gc,heap     ] GC(23) y: Compacted:         -                  -                  -                10M (0%)     
[2026-04-03T06:47:05.510+0600][70.647s][info][gc,phases   ] GC(23) y: Young Generation 3240M(83%)->402M(10%) 0.113s
[2026-04-03T06:47:05.510+0600][70.647s][info][gc          ] GC(23) Minor Collection (Allocation Rate) 3240M(83%)->402M(10%) 0.114s
[2026-04-03T06:47:08.189+0600][73.326s][info][gc          ] GC(24) Minor Collection (Allocation Rate)
[2026-04-03T06:47:08.190+0600][73.326s][info][gc,task     ] GC(24) Using 1 Workers for Young Generation
[2026-04-03T06:47:08.190+0600][73.326s][info][gc,phases   ] GC(24) y: Young Generation
[2026-04-03T06:47:08.190+0600][73.326s][info][gc,phases   ] GC(24) y: Pause Mark Start 0.032ms
[2026-04-03T06:47:08.324+0600][73.461s][info][gc,phases   ] GC(24) y: Concurrent Mark 134.392ms
[2026-04-03T06:47:08.325+0600][73.461s][info][gc,phases   ] GC(24) y: Pause Mark End 0.031ms
[2026-04-03T06:47:08.325+0600][73.462s][info][gc,phases   ] GC(24) y: Concurrent Mark Free 0.003ms
[2026-04-03T06:47:08.325+0600][73.462s][info][gc,phases   ] GC(24) y: Concurrent Reset Relocation Set 0.034ms
[2026-04-03T06:47:08.327+0600][73.464s][info][gc,reloc    ] GC(24) y: Using tenuring threshold: 5 (Computed)
[2026-04-03T06:47:08.329+0600][73.465s][info][gc,phases   ] GC(24) y: Concurrent Select Relocation Set 3.432ms
[2026-04-03T06:47:08.329+0600][73.466s][info][gc,phases   ] GC(24) y: Pause Relocate Start 0.025ms
[2026-04-03T06:47:08.352+0600][73.488s][info][gc,phases   ] GC(24) y: Concurrent Relocate 22.661ms
[2026-04-03T06:47:08.352+0600][73.488s][info][gc,alloc    ] GC(24) y:                         Mark Start        Mark End      Relocate Start    Relocate End   
[2026-04-03T06:47:08.352+0600][73.489s][info][gc,alloc    ] GC(24) y: Allocation Stalls:          0                0                0                0         
[2026-04-03T06:47:08.352+0600][73.489s][info][gc,load     ] GC(24) y: Load: 12.00 (100%) / 10.95 (91%) / 7.76 (65%)
[2026-04-03T06:47:08.352+0600][73.489s][info][gc,mmu      ] GC(24) y: MMU: 2ms/94.5%, 5ms/97.8%, 10ms/98.4%, 20ms/99.2%, 50ms/99.7%, 100ms/99.8%
[2026-04-03T06:47:08.352+0600][73.489s][info][gc,marking  ] GC(24) y: Mark: 1 stripe(s), 2 proactive flush(es), 1 terminate flush(es), 0 completion(s), 0 continuation(s) 
[2026-04-03T06:47:08.352+0600][73.489s][info][gc,marking  ] GC(24) y: Mark Stack Usage: 32M
[2026-04-03T06:47:08.352+0600][73.489s][info][gc,nmethod  ] GC(24) y: NMethods: 14313 registered, 3134 unregistered
[2026-04-03T06:47:08.352+0600][73.489s][info][gc,metaspace] GC(24) y: Metaspace: 128M used, 130M committed, 1152M reserved
[2026-04-03T06:47:08.352+0600][73.489s][info][gc,reloc    ] GC(24) y:                        Candidates     Selected     In-Place         Size        Empty    Relocated 
[2026-04-03T06:47:08.352+0600][73.489s][info][gc,reloc    ] GC(24) y: Small Pages:                  875          445            0        1750M         812M          11M 
[2026-04-03T06:47:08.352+0600][73.489s][info][gc,reloc    ] GC(24) y: Medium Pages:                   9            0            0         288M         288M           0M 
[2026-04-03T06:47:08.352+0600][73.489s][info][gc,reloc    ] GC(24) y: Large Pages:                  171            0            0        1026M        1026M           0M 
[2026-04-03T06:47:08.352+0600][73.489s][info][gc,reloc    ] GC(24) y: Forwarding Usage: 2M
[2026-04-03T06:47:08.352+0600][73.489s][info][gc,reloc    ] GC(24) y: Age Table:
[2026-04-03T06:47:08.352+0600][73.489s][info][gc,reloc    ] GC(24) y:                    Live             Garbage             Small              Medium             Large        
[2026-04-03T06:47:08.352+0600][73.489s][info][gc,reloc    ] GC(24) y: Eden              11M (0%)         2996M (76%)        847 / 434            9 / 0            171 / 0        
[2026-04-03T06:47:08.352+0600][73.489s][info][gc,reloc    ] GC(24) y: Survivor 1         7M (0%)           12M (0%)          10 / 5              0 / 0              0 / 0        
[2026-04-03T06:47:08.352+0600][73.489s][info][gc,reloc    ] GC(24) y: Survivor 2         8M (0%)            3M (0%)           6 / 2              0 / 0              0 / 0        
[2026-04-03T06:47:08.352+0600][73.489s][info][gc,reloc    ] GC(24) y: Survivor 3         6M (0%)            1M (0%)           4 / 0              0 / 0              0 / 0        
[2026-04-03T06:47:08.352+0600][73.489s][info][gc,reloc    ] GC(24) y: Survivor 4         6M (0%)            9M (0%)           8 / 4              0 / 0              0 / 0        
[2026-04-03T06:47:08.352+0600][73.489s][info][gc,heap     ] GC(24) y: Min Capacity: 8M(0%)
[2026-04-03T06:47:08.352+0600][73.489s][info][gc,heap     ] GC(24) y: Max Capacity: 3922M(100%)
[2026-04-03T06:47:08.352+0600][73.489s][info][gc,heap     ] GC(24) y: Soft Max Capacity: 3529M(90%)
[2026-04-03T06:47:08.352+0600][73.489s][info][gc,heap     ] GC(24) y: Heap Statistics:
[2026-04-03T06:47:08.352+0600][73.489s][info][gc,heap     ] GC(24) y:                Mark Start          Mark End        Relocate Start      Relocate End           High               Low         
[2026-04-03T06:47:08.352+0600][73.489s][info][gc,heap     ] GC(24) y:  Capacity:     3922M (100%)       3922M (100%)       3922M (100%)       3922M (100%)       3922M (100%)       3922M (100%)   
[2026-04-03T06:47:08.353+0600][73.489s][info][gc,heap     ] GC(24) y:      Free:      610M (16%)         504M (13%)        2624M (67%)        3468M (88%)        3468M (88%)         504M (13%)    
[2026-04-03T06:47:08.353+0600][73.489s][info][gc,heap     ] GC(24) y:      Used:     3312M (84%)        3418M (87%)        1298M (33%)         454M (12%)        3418M (87%)         454M (12%)    
[2026-04-03T06:47:08.353+0600][73.489s][info][gc,heap     ] GC(24) y: Young Generation Statistics:
[2026-04-03T06:47:08.353+0600][73.489s][info][gc,heap     ] GC(24) y:                Mark Start          Mark End        Relocate Start      Relocate End    
[2026-04-03T06:47:08.353+0600][73.489s][info][gc,heap     ] GC(24) y:      Used:     3064M (78%)        3170M (81%)        1050M (27%)         206M (5%)     
[2026-04-03T06:47:08.353+0600][73.489s][info][gc,heap     ] GC(24) y:      Live:         -                40M (1%)           40M (1%)           40M (1%)     
[2026-04-03T06:47:08.353+0600][73.489s][info][gc,heap     ] GC(24) y:   Garbage:         -              3023M (77%)         897M (23%)           5M (0%)     
[2026-04-03T06:47:08.353+0600][73.489s][info][gc,heap     ] GC(24) y: Allocated:         -               106M (3%)          112M (3%)          159M (4%)     
[2026-04-03T06:47:08.353+0600][73.489s][info][gc,heap     ] GC(24) y: Reclaimed:         -                  -              2126M (54%)        3017M (77%)    
[2026-04-03T06:47:08.353+0600][73.489s][info][gc,heap     ] GC(24) y:  Promoted:         -                  -                 0M (0%)            0M (0%)     
[2026-04-03T06:47:08.353+0600][73.489s][info][gc,heap     ] GC(24) y: Compacted:         -                  -                  -                12M (0%)     
[2026-04-03T06:47:08.353+0600][73.489s][info][gc,phases   ] GC(24) y: Young Generation 3312M(84%)->454M(12%) 0.162s
[2026-04-03T06:47:08.353+0600][73.489s][info][gc          ] GC(24) Minor Collection (Allocation Rate) 3312M(84%)->456M(12%) 0.163s
[2026-04-03T06:47:11.362+0600][76.499s][info][gc          ] GC(25) Minor Collection (Allocation Rate)
[2026-04-03T06:47:11.363+0600][76.499s][info][gc,task     ] GC(25) Using 1 Workers for Young Generation
[2026-04-03T06:47:11.363+0600][76.499s][info][gc,phases   ] GC(25) y: Young Generation
[2026-04-03T06:47:11.363+0600][76.499s][info][gc,phases   ] GC(25) y: Pause Mark Start 0.027ms
[2026-04-03T06:47:11.466+0600][76.603s][info][gc,phases   ] GC(25) y: Concurrent Mark 103.348ms
[2026-04-03T06:47:11.467+0600][76.603s][info][gc,phases   ] GC(25) y: Pause Mark End 0.029ms
[2026-04-03T06:47:11.467+0600][76.604s][info][gc,phases   ] GC(25) y: Concurrent Mark Free 0.002ms
[2026-04-03T06:47:11.467+0600][76.604s][info][gc,phases   ] GC(25) y: Concurrent Reset Relocation Set 0.032ms
[2026-04-03T06:47:11.469+0600][76.606s][info][gc,reloc    ] GC(25) y: Using tenuring threshold: 5 (Computed)
[2026-04-03T06:47:11.473+0600][76.610s][info][gc,phases   ] GC(25) y: Concurrent Select Relocation Set 6.397ms
[2026-04-03T06:47:11.474+0600][76.610s][info][gc,phases   ] GC(25) y: Pause Relocate Start 0.030ms
[2026-04-03T06:47:11.497+0600][76.633s][info][gc,phases   ] GC(25) y: Concurrent Relocate 22.855ms
[2026-04-03T06:47:11.497+0600][76.634s][info][gc,alloc    ] GC(25) y:                         Mark Start        Mark End      Relocate Start    Relocate End   
[2026-04-03T06:47:11.497+0600][76.634s][info][gc,alloc    ] GC(25) y: Allocation Stalls:          0                0                0                0         
[2026-04-03T06:47:11.497+0600][76.634s][info][gc,load     ] GC(25) y: Load: 12.00 (100%) / 10.95 (91%) / 7.76 (65%)
[2026-04-03T06:47:11.497+0600][76.634s][info][gc,mmu      ] GC(25) y: MMU: 2ms/94.5%, 5ms/97.8%, 10ms/98.4%, 20ms/99.2%, 50ms/99.7%, 100ms/99.8%
[2026-04-03T06:47:11.497+0600][76.634s][info][gc,marking  ] GC(25) y: Mark: 1 stripe(s), 2 proactive flush(es), 1 terminate flush(es), 0 completion(s), 0 continuation(s) 
[2026-04-03T06:47:11.497+0600][76.634s][info][gc,marking  ] GC(25) y: Mark Stack Usage: 32M
[2026-04-03T06:47:11.497+0600][76.634s][info][gc,nmethod  ] GC(25) y: NMethods: 14392 registered, 3134 unregistered
[2026-04-03T06:47:11.497+0600][76.634s][info][gc,metaspace] GC(25) y: Metaspace: 128M used, 130M committed, 1152M reserved
[2026-04-03T06:47:11.497+0600][76.634s][info][gc,reloc    ] GC(25) y:                        Candidates     Selected     In-Place         Size        Empty    Relocated 
[2026-04-03T06:47:11.497+0600][76.634s][info][gc,reloc    ] GC(25) y: Small Pages:                  990          462            0        1980M        1002M          11M 
[2026-04-03T06:47:11.497+0600][76.634s][info][gc,reloc    ] GC(25) y: Medium Pages:                  11            0            0         352M         352M           0M 
[2026-04-03T06:47:11.497+0600][76.634s][info][gc,reloc    ] GC(25) y: Large Pages:                  110            0            0         660M         654M           0M 
[2026-04-03T06:47:11.497+0600][76.634s][info][gc,reloc    ] GC(25) y: Forwarding Usage: 2M
[2026-04-03T06:47:11.497+0600][76.634s][info][gc,reloc    ] GC(25) y: Age Table:
[2026-04-03T06:47:11.497+0600][76.634s][info][gc,reloc    ] GC(25) y:                    Live             Garbage             Small              Medium             Large        
[2026-04-03T06:47:11.497+0600][76.634s][info][gc,reloc    ] GC(25) y: Eden              15M (0%)         2908M (74%)        956 / 451           11 / 0            110 / 0        
[2026-04-03T06:47:11.497+0600][76.634s][info][gc,reloc    ] GC(25) y: Survivor 1         7M (0%)           12M (0%)          10 / 4              0 / 0              0 / 0        
[2026-04-03T06:47:11.497+0600][76.634s][info][gc,reloc    ] GC(25) y: Survivor 2         7M (0%)            4M (0%)           6 / 2              0 / 0              0 / 0        
[2026-04-03T06:47:11.497+0600][76.634s][info][gc,reloc    ] GC(25) y: Survivor 3         7M (0%)            4M (0%)           6 / 1              0 / 0              0 / 0        
[2026-04-03T06:47:11.497+0600][76.634s][info][gc,reloc    ] GC(25) y: Survivor 4         6M (0%)            1M (0%)           4 / 0              0 / 0              0 / 0        
[2026-04-03T06:47:11.497+0600][76.634s][info][gc,reloc    ] GC(25) y: Survivor 5         6M (0%)            9M (0%)           8 / 4              0 / 0              0 / 0        
[2026-04-03T06:47:11.497+0600][76.634s][info][gc,heap     ] GC(25) y: Min Capacity: 8M(0%)
[2026-04-03T06:47:11.497+0600][76.634s][info][gc,heap     ] GC(25) y: Max Capacity: 3922M(100%)
[2026-04-03T06:47:11.497+0600][76.634s][info][gc,heap     ] GC(25) y: Soft Max Capacity: 3529M(90%)
[2026-04-03T06:47:11.497+0600][76.634s][info][gc,heap     ] GC(25) y: Heap Statistics:
[2026-04-03T06:47:11.498+0600][76.634s][info][gc,heap     ] GC(25) y:                Mark Start          Mark End        Relocate Start      Relocate End           High               Low         
[2026-04-03T06:47:11.498+0600][76.634s][info][gc,heap     ] GC(25) y:  Capacity:     3922M (100%)       3922M (100%)       3922M (100%)       3922M (100%)       3922M (100%)       3922M (100%)   
[2026-04-03T06:47:11.498+0600][76.634s][info][gc,heap     ] GC(25) y:      Free:      682M (17%)         204M (5%)         2180M (56%)        3078M (78%)        3090M (79%)         204M (5%)     
[2026-04-03T06:47:11.498+0600][76.634s][info][gc,heap     ] GC(25) y:      Used:     3240M (83%)        3718M (95%)        1742M (44%)         844M (22%)        3718M (95%)         832M (21%)    
[2026-04-03T06:47:11.498+0600][76.634s][info][gc,heap     ] GC(25) y: Young Generation Statistics:
[2026-04-03T06:47:11.498+0600][76.634s][info][gc,heap     ] GC(25) y:                Mark Start          Mark End        Relocate Start      Relocate End    
[2026-04-03T06:47:11.498+0600][76.634s][info][gc,heap     ] GC(25) y:      Used:     2992M (76%)        3470M (88%)        1486M (38%)         586M (15%)    
[2026-04-03T06:47:11.498+0600][76.634s][info][gc,heap     ] GC(25) y:      Live:         -                52M (1%)           45M (1%)           45M (1%)     
[2026-04-03T06:47:11.498+0600][76.634s][info][gc,heap     ] GC(25) y:   Garbage:         -              2939M (75%)         930M (24%)           4M (0%)     
[2026-04-03T06:47:11.498+0600][76.634s][info][gc,heap     ] GC(25) y: Allocated:         -               478M (12%)         510M (13%)         536M (14%)    
[2026-04-03T06:47:11.498+0600][76.634s][info][gc,heap     ] GC(25) y: Reclaimed:         -                  -              2009M (51%)        2935M (75%)    
[2026-04-03T06:47:11.498+0600][76.634s][info][gc,heap     ] GC(25) y:  Promoted:         -                  -                 6M (0%)            6M (0%)     
[2026-04-03T06:47:11.498+0600][76.634s][info][gc,heap     ] GC(25) y: Compacted:         -                  -                  -                15M (0%)     
[2026-04-03T06:47:11.498+0600][76.634s][info][gc,phases   ] GC(25) y: Young Generation 3240M(83%)->844M(22%) 0.134s
[2026-04-03T06:47:11.498+0600][76.634s][info][gc          ] GC(25) Minor Collection (Allocation Rate) 3240M(83%)->844M(22%) 0.135s
[2026-04-03T06:47:14.035+0600][79.172s][info][gc          ] GC(26) Minor Collection (Allocation Rate)
[2026-04-03T06:47:14.035+0600][79.172s][info][gc,task     ] GC(26) Using 1 Workers for Young Generation
[2026-04-03T06:47:14.035+0600][79.172s][info][gc,phases   ] GC(26) y: Young Generation
[2026-04-03T06:47:14.035+0600][79.172s][info][gc,phases   ] GC(26) y: Pause Mark Start 0.024ms
[2026-04-03T06:47:14.173+0600][79.310s][info][gc,phases   ] GC(26) y: Concurrent Mark 138.018ms
[2026-04-03T06:47:14.174+0600][79.310s][info][gc,phases   ] GC(26) y: Pause Mark End 0.033ms
[2026-04-03T06:47:14.174+0600][79.310s][info][gc,phases   ] GC(26) y: Concurrent Mark Free 0.001ms
[2026-04-03T06:47:14.174+0600][79.310s][info][gc,phases   ] GC(26) y: Concurrent Reset Relocation Set 0.062ms
[2026-04-03T06:47:14.178+0600][79.315s][info][gc,reloc    ] GC(26) y: Using tenuring threshold: 5 (Computed)
[2026-04-03T06:47:14.182+0600][79.319s][info][gc,phases   ] GC(26) y: Concurrent Select Relocation Set 8.080ms
[2026-04-03T06:47:14.182+0600][79.319s][info][gc,phases   ] GC(26) y: Pause Relocate Start 0.023ms
[2026-04-03T06:47:14.206+0600][79.342s][info][gc,phases   ] GC(26) y: Concurrent Relocate 23.006ms
[2026-04-03T06:47:14.206+0600][79.342s][info][gc,alloc    ] GC(26) y:                         Mark Start        Mark End      Relocate Start    Relocate End   
[2026-04-03T06:47:14.206+0600][79.342s][info][gc,alloc    ] GC(26) y: Allocation Stalls:          0                0                0                0         
[2026-04-03T06:47:14.206+0600][79.342s][info][gc,load     ] GC(26) y: Load: 12.24 (102%) / 11.01 (92%) / 7.79 (65%)
[2026-04-03T06:47:14.206+0600][79.342s][info][gc,mmu      ] GC(26) y: MMU: 2ms/94.5%, 5ms/97.8%, 10ms/98.4%, 20ms/99.2%, 50ms/99.7%, 100ms/99.8%
[2026-04-03T06:47:14.206+0600][79.342s][info][gc,marking  ] GC(26) y: Mark: 1 stripe(s), 2 proactive flush(es), 1 terminate flush(es), 0 completion(s), 0 continuation(s) 
[2026-04-03T06:47:14.206+0600][79.342s][info][gc,marking  ] GC(26) y: Mark Stack Usage: 32M
[2026-04-03T06:47:14.206+0600][79.343s][info][gc,nmethod  ] GC(26) y: NMethods: 14477 registered, 3134 unregistered
[2026-04-03T06:47:14.206+0600][79.343s][info][gc,metaspace] GC(26) y: Metaspace: 128M used, 130M committed, 1152M reserved
[2026-04-03T06:47:14.206+0600][79.343s][info][gc,reloc    ] GC(26) y:                        Candidates     Selected     In-Place         Size        Empty    Relocated 
[2026-04-03T06:47:14.206+0600][79.343s][info][gc,reloc    ] GC(26) y: Small Pages:                  846          413            0        1692M         814M          10M 
[2026-04-03T06:47:14.206+0600][79.343s][info][gc,reloc    ] GC(26) y: Medium Pages:                   9            0            0         288M         288M           0M 
[2026-04-03T06:47:14.206+0600][79.343s][info][gc,reloc    ] GC(26) y: Large Pages:                  171            0            0        1026M        1026M           0M 
[2026-04-03T06:47:14.206+0600][79.343s][info][gc,reloc    ] GC(26) y: Forwarding Usage: 2M
[2026-04-03T06:47:14.206+0600][79.343s][info][gc,reloc    ] GC(26) y: Age Table:
[2026-04-03T06:47:14.206+0600][79.343s][info][gc,reloc    ] GC(26) y:                    Live             Garbage             Small              Medium             Large        
[2026-04-03T06:47:14.206+0600][79.343s][info][gc,reloc    ] GC(26) y: Eden               8M (0%)         2935M (75%)        818 / 406            9 / 0            170 / 0        
[2026-04-03T06:47:14.206+0600][79.343s][info][gc,reloc    ] GC(26) y: Survivor 1         7M (0%)           14M (0%)           8 / 3              0 / 0              1 / 0        
[2026-04-03T06:47:14.206+0600][79.343s][info][gc,reloc    ] GC(26) y: Survivor 2         7M (0%)            4M (0%)           6 / 2              0 / 0              0 / 0        
[2026-04-03T06:47:14.206+0600][79.343s][info][gc,reloc    ] GC(26) y: Survivor 3         7M (0%)            2M (0%)           5 / 1              0 / 0              0 / 0        
[2026-04-03T06:47:14.206+0600][79.343s][info][gc,reloc    ] GC(26) y: Survivor 4         7M (0%)            2M (0%)           5 / 1              0 / 0              0 / 0        
[2026-04-03T06:47:14.206+0600][79.343s][info][gc,reloc    ] GC(26) y: Survivor 5         6M (0%)            1M (0%)           4 / 0              0 / 0              0 / 0        
[2026-04-03T06:47:14.206+0600][79.343s][info][gc,heap     ] GC(26) y: Min Capacity: 8M(0%)
[2026-04-03T06:47:14.206+0600][79.343s][info][gc,heap     ] GC(26) y: Max Capacity: 3922M(100%)
[2026-04-03T06:47:14.206+0600][79.343s][info][gc,heap     ] GC(26) y: Soft Max Capacity: 3529M(90%)
[2026-04-03T06:47:14.206+0600][79.343s][info][gc,heap     ] GC(26) y: Heap Statistics:
[2026-04-03T06:47:14.206+0600][79.343s][info][gc,heap     ] GC(26) y:                Mark Start          Mark End        Relocate Start      Relocate End           High               Low         
[2026-04-03T06:47:14.206+0600][79.343s][info][gc,heap     ] GC(26) y:  Capacity:     3922M (100%)       3922M (100%)       3922M (100%)       3922M (100%)       3922M (100%)       3922M (100%)   
[2026-04-03T06:47:14.206+0600][79.343s][info][gc,heap     ] GC(26) y:      Free:      658M (17%)         170M (4%)         2286M (58%)        3064M (78%)        3080M (79%)         170M (4%)     
[2026-04-03T06:47:14.206+0600][79.343s][info][gc,heap     ] GC(26) y:      Used:     3264M (83%)        3752M (96%)        1636M (42%)         858M (22%)        3752M (96%)         842M (21%)    
[2026-04-03T06:47:14.206+0600][79.343s][info][gc,heap     ] GC(26) y: Young Generation Statistics:
[2026-04-03T06:47:14.206+0600][79.343s][info][gc,heap     ] GC(26) y:                Mark Start          Mark End        Relocate Start      Relocate End    
[2026-04-03T06:47:14.206+0600][79.343s][info][gc,heap     ] GC(26) y:      Used:     3006M (77%)        3494M (89%)        1370M (35%)         592M (15%)    
[2026-04-03T06:47:14.206+0600][79.343s][info][gc,heap     ] GC(26) y:      Live:         -                45M (1%)           38M (1%)           38M (1%)     
[2026-04-03T06:47:14.206+0600][79.343s][info][gc,heap     ] GC(26) y:   Garbage:         -              2960M (75%)         831M (21%)           3M (0%)     
[2026-04-03T06:47:14.206+0600][79.343s][info][gc,heap     ] GC(26) y: Allocated:         -               488M (12%)         500M (13%)         549M (14%)    
[2026-04-03T06:47:14.206+0600][79.343s][info][gc,heap     ] GC(26) y: Reclaimed:         -                  -              2129M (54%)        2957M (75%)    
[2026-04-03T06:47:14.206+0600][79.343s][info][gc,heap     ] GC(26) y:  Promoted:         -                  -                 6M (0%)            6M (0%)     
[2026-04-03T06:47:14.207+0600][79.343s][info][gc,heap     ] GC(26) y: Compacted:         -                  -                  -                12M (0%)     
[2026-04-03T06:47:14.207+0600][79.343s][info][gc,phases   ] GC(26) y: Young Generation 3264M(83%)->858M(22%) 0.171s
[2026-04-03T06:47:14.207+0600][79.343s][info][gc          ] GC(26) Minor Collection (Allocation Rate) 3264M(83%)->862M(22%) 0.172s
[2026-04-03T06:47:16.770+0600][81.906s][info][gc          ] GC(27) Minor Collection (High Usage)
[2026-04-03T06:47:16.770+0600][81.906s][info][gc,task     ] GC(27) Using 2 Workers for Young Generation
[2026-04-03T06:47:16.770+0600][81.906s][info][gc,phases   ] GC(27) y: Young Generation
[2026-04-03T06:47:16.770+0600][81.907s][info][gc,phases   ] GC(27) y: Pause Mark Start 0.030ms
[2026-04-03T06:47:16.839+0600][81.976s][info][gc,task     ] Adjusting Workers for Young Generation: 2 -> 3
[2026-04-03T06:47:16.852+0600][81.988s][info][gc,phases   ] GC(27) y: Concurrent Mark 81.299ms
[2026-04-03T06:47:16.852+0600][81.989s][info][gc,phases   ] GC(27) y: Pause Mark End 0.033ms
[2026-04-03T06:47:16.852+0600][81.989s][info][gc,phases   ] GC(27) y: Concurrent Mark Free 0.003ms
[2026-04-03T06:47:16.852+0600][81.989s][info][gc,phases   ] GC(27) y: Concurrent Reset Relocation Set 0.058ms
[2026-04-03T06:47:16.856+0600][81.993s][info][gc,reloc    ] GC(27) y: Using tenuring threshold: 5 (Computed)
[2026-04-03T06:47:16.859+0600][81.995s][info][gc,phases   ] GC(27) y: Concurrent Select Relocation Set 6.558ms
[2026-04-03T06:47:16.859+0600][81.996s][info][gc,phases   ] GC(27) y: Pause Relocate Start 0.023ms
[2026-04-03T06:47:16.869+0600][82.006s][info][gc,phases   ] GC(27) y: Concurrent Relocate 9.917ms
[2026-04-03T06:47:16.869+0600][82.006s][info][gc,alloc    ] GC(27) y:                         Mark Start        Mark End      Relocate Start    Relocate End   
[2026-04-03T06:47:16.869+0600][82.006s][info][gc,alloc    ] GC(27) y: Allocation Stalls:          0                0                0                0         
[2026-04-03T06:47:16.869+0600][82.006s][info][gc,load     ] GC(27) y: Load: 11.74 (98%) / 10.93 (91%) / 7.78 (65%)
[2026-04-03T06:47:16.869+0600][82.006s][info][gc,mmu      ] GC(27) y: MMU: 2ms/94.5%, 5ms/97.8%, 10ms/98.4%, 20ms/99.2%, 50ms/99.7%, 100ms/99.8%
[2026-04-03T06:47:16.869+0600][82.006s][info][gc,marking  ] GC(27) y: Mark: 2 stripe(s), 2 proactive flush(es), 1 terminate flush(es), 0 completion(s), 0 continuation(s) 
[2026-04-03T06:47:16.870+0600][82.006s][info][gc,marking  ] GC(27) y: Mark Stack Usage: 32M
[2026-04-03T06:47:16.870+0600][82.006s][info][gc,nmethod  ] GC(27) y: NMethods: 14532 registered, 3134 unregistered
[2026-04-03T06:47:16.870+0600][82.006s][info][gc,metaspace] GC(27) y: Metaspace: 128M used, 130M committed, 1152M reserved
[2026-04-03T06:47:16.870+0600][82.006s][info][gc,reloc    ] GC(27) y:                        Candidates     Selected     In-Place         Size        Empty    Relocated 
[2026-04-03T06:47:16.870+0600][82.006s][info][gc,reloc    ] GC(27) y: Small Pages:                  867          455            0        1734M         770M          10M 
[2026-04-03T06:47:16.870+0600][82.006s][info][gc,reloc    ] GC(27) y: Medium Pages:                   9            0            0         288M         288M           0M 
[2026-04-03T06:47:16.870+0600][82.006s][info][gc,reloc    ] GC(27) y: Large Pages:                  175            0            0        1050M        1032M           0M 
[2026-04-03T06:47:16.870+0600][82.006s][info][gc,reloc    ] GC(27) y: Forwarding Usage: 2M
[2026-04-03T06:47:16.870+0600][82.006s][info][gc,reloc    ] GC(27) y: Age Table:
[2026-04-03T06:47:16.870+0600][82.006s][info][gc,reloc    ] GC(27) y:                    Live             Garbage             Small              Medium             Large        
[2026-04-03T06:47:16.870+0600][82.006s][info][gc,reloc    ] GC(27) y: Eden              27M (1%)         2986M (76%)        838 / 448            9 / 0            175 / 0        
[2026-04-03T06:47:16.870+0600][82.006s][info][gc,reloc    ] GC(27) y: Survivor 1         8M (0%)            5M (0%)           7 / 3              0 / 0              0 / 0        
[2026-04-03T06:47:16.870+0600][82.006s][info][gc,reloc    ] GC(27) y: Survivor 2         7M (0%)            4M (0%)           6 / 2              0 / 0              0 / 0        
[2026-04-03T06:47:16.870+0600][82.006s][info][gc,reloc    ] GC(27) y: Survivor 3         7M (0%)            4M (0%)           6 / 1              0 / 0              0 / 0        
[2026-04-03T06:47:16.870+0600][82.006s][info][gc,reloc    ] GC(27) y: Survivor 4         7M (0%)            2M (0%)           5 / 0              0 / 0              0 / 0        
[2026-04-03T06:47:16.870+0600][82.006s][info][gc,reloc    ] GC(27) y: Survivor 5         7M (0%)            2M (0%)           5 / 1              0 / 0              0 / 0        
[2026-04-03T06:47:16.870+0600][82.006s][info][gc,heap     ] GC(27) y: Min Capacity: 8M(0%)
[2026-04-03T06:47:16.870+0600][82.006s][info][gc,heap     ] GC(27) y: Max Capacity: 3922M(100%)
[2026-04-03T06:47:16.870+0600][82.006s][info][gc,heap     ] GC(27) y: Soft Max Capacity: 3529M(90%)
[2026-04-03T06:47:16.870+0600][82.006s][info][gc,heap     ] GC(27) y: Heap Statistics:
[2026-04-03T06:47:16.870+0600][82.006s][info][gc,heap     ] GC(27) y:                Mark Start          Mark End        Relocate Start      Relocate End           High               Low         
[2026-04-03T06:47:16.870+0600][82.006s][info][gc,heap     ] GC(27) y:  Capacity:     3922M (100%)       3922M (100%)       3922M (100%)       3922M (100%)       3922M (100%)       3922M (100%)   
[2026-04-03T06:47:16.870+0600][82.006s][info][gc,heap     ] GC(27) y:      Free:      584M (15%)         106M (3%)         2194M (56%)        3094M (79%)        3094M (79%)         106M (3%)     
[2026-04-03T06:47:16.870+0600][82.006s][info][gc,heap     ] GC(27) y:      Used:     3338M (85%)        3816M (97%)        1728M (44%)         828M (21%)        3816M (97%)         828M (21%)    
[2026-04-03T06:47:16.870+0600][82.006s][info][gc,heap     ] GC(27) y: Young Generation Statistics:
[2026-04-03T06:47:16.870+0600][82.006s][info][gc,heap     ] GC(27) y:                Mark Start          Mark End        Relocate Start      Relocate End    
[2026-04-03T06:47:16.870+0600][82.006s][info][gc,heap     ] GC(27) y:      Used:     3072M (78%)        3550M (91%)        1454M (37%)         552M (14%)    
[2026-04-03T06:47:16.870+0600][82.006s][info][gc,heap     ] GC(27) y:      Live:         -                65M (2%)           58M (1%)           57M (1%)     
[2026-04-03T06:47:16.870+0600][82.006s][info][gc,heap     ] GC(27) y:   Garbage:         -              3006M (77%)         915M (23%)           3M (0%)     
[2026-04-03T06:47:16.870+0600][82.006s][info][gc,heap     ] GC(27) y: Allocated:         -               478M (12%)         480M (12%)         490M (13%)    
[2026-04-03T06:47:16.870+0600][82.006s][info][gc,heap     ] GC(27) y: Reclaimed:         -                  -              2090M (53%)        3003M (77%)    
[2026-04-03T06:47:16.870+0600][82.007s][info][gc,heap     ] GC(27) y:  Promoted:         -                  -                 7M (0%)            7M (0%)     
[2026-04-03T06:47:16.870+0600][82.007s][info][gc,heap     ] GC(27) y: Compacted:         -                  -                  -                11M (0%)     
[2026-04-03T06:47:16.870+0600][82.007s][info][gc,phases   ] GC(27) y: Young Generation 3338M(85%)->828M(21%) 0.100s
[2026-04-03T06:47:16.870+0600][82.007s][info][gc          ] GC(27) Minor Collection (High Usage) 3338M(85%)->828M(21%) 0.100s
[2026-04-03T06:47:19.385+0600][84.522s][info][gc          ] GC(28) Minor Collection (Allocation Rate)
[2026-04-03T06:47:19.386+0600][84.522s][info][gc,task     ] GC(28) Using 1 Workers for Young Generation
[2026-04-03T06:47:19.386+0600][84.522s][info][gc,phases   ] GC(28) y: Young Generation
[2026-04-03T06:47:19.386+0600][84.523s][info][gc,phases   ] GC(28) y: Pause Mark Start 0.048ms
[2026-04-03T06:47:19.503+0600][84.640s][info][gc,phases   ] GC(28) y: Concurrent Mark 116.917ms
[2026-04-03T06:47:19.503+0600][84.640s][info][gc,phases   ] GC(28) y: Pause Mark End 0.029ms
[2026-04-03T06:47:19.504+0600][84.640s][info][gc,phases   ] GC(28) y: Concurrent Mark Free 0.001ms
[2026-04-03T06:47:19.504+0600][84.640s][info][gc,phases   ] GC(28) y: Concurrent Reset Relocation Set 0.047ms
[2026-04-03T06:47:19.507+0600][84.643s][info][gc,reloc    ] GC(28) y: Using tenuring threshold: 5 (Computed)
[2026-04-03T06:47:19.512+0600][84.648s][info][gc,phases   ] GC(28) y: Concurrent Select Relocation Set 7.780ms
[2026-04-03T06:47:19.512+0600][84.649s][info][gc,phases   ] GC(28) y: Pause Relocate Start 0.048ms
[2026-04-03T06:47:19.533+0600][84.669s][info][gc,phases   ] GC(28) y: Concurrent Relocate 20.313ms
[2026-04-03T06:47:19.533+0600][84.669s][info][gc,alloc    ] GC(28) y:                         Mark Start        Mark End      Relocate Start    Relocate End   
[2026-04-03T06:47:19.533+0600][84.669s][info][gc,alloc    ] GC(28) y: Allocation Stalls:          0                0                0                0         
[2026-04-03T06:47:19.533+0600][84.669s][info][gc,load     ] GC(28) y: Load: 11.74 (98%) / 10.93 (91%) / 7.78 (65%)
[2026-04-03T06:47:19.533+0600][84.669s][info][gc,mmu      ] GC(28) y: MMU: 2ms/94.5%, 5ms/97.8%, 10ms/98.4%, 20ms/99.2%, 50ms/99.7%, 100ms/99.8%
[2026-04-03T06:47:19.533+0600][84.669s][info][gc,marking  ] GC(28) y: Mark: 1 stripe(s), 2 proactive flush(es), 1 terminate flush(es), 0 completion(s), 0 continuation(s) 
[2026-04-03T06:47:19.533+0600][84.670s][info][gc,marking  ] GC(28) y: Mark Stack Usage: 32M
[2026-04-03T06:47:19.533+0600][84.670s][info][gc,nmethod  ] GC(28) y: NMethods: 14587 registered, 3134 unregistered
[2026-04-03T06:47:19.533+0600][84.670s][info][gc,metaspace] GC(28) y: Metaspace: 128M used, 130M committed, 1152M reserved
[2026-04-03T06:47:19.533+0600][84.670s][info][gc,reloc    ] GC(28) y:                        Candidates     Selected     In-Place         Size        Empty    Relocated 
[2026-04-03T06:47:19.533+0600][84.670s][info][gc,reloc    ] GC(28) y: Small Pages:                  823          425            0        1646M         740M          12M 
[2026-04-03T06:47:19.533+0600][84.670s][info][gc,reloc    ] GC(28) y: Medium Pages:                   8            0            0         256M         256M           0M 
[2026-04-03T06:47:19.533+0600][84.670s][info][gc,reloc    ] GC(28) y: Large Pages:                  162            0            0         972M         960M           0M 
[2026-04-03T06:47:19.533+0600][84.670s][info][gc,reloc    ] GC(28) y: Forwarding Usage: 2M
[2026-04-03T06:47:19.533+0600][84.670s][info][gc,reloc    ] GC(28) y: Age Table:
[2026-04-03T06:47:19.533+0600][84.670s][info][gc,reloc    ] GC(28) y:                    Live             Garbage             Small              Medium             Large        
[2026-04-03T06:47:19.533+0600][84.670s][info][gc,reloc    ] GC(28) y: Eden              22M (1%)         2781M (71%)        797 / 420            8 / 0            159 / 0        
[2026-04-03T06:47:19.533+0600][84.670s][info][gc,reloc    ] GC(28) y: Survivor 1         8M (0%)           21M (1%)           6 / 2              0 / 0              3 / 0        
[2026-04-03T06:47:19.533+0600][84.670s][info][gc,reloc    ] GC(28) y: Survivor 2         7M (0%)            2M (0%)           5 / 1              0 / 0              0 / 0        
[2026-04-03T06:47:19.533+0600][84.670s][info][gc,reloc    ] GC(28) y: Survivor 3         7M (0%)            2M (0%)           5 / 0              0 / 0              0 / 0        
[2026-04-03T06:47:19.533+0600][84.670s][info][gc,reloc    ] GC(28) y: Survivor 4         7M (0%)            2M (0%)           5 / 1              0 / 0              0 / 0        
[2026-04-03T06:47:19.533+0600][84.670s][info][gc,reloc    ] GC(28) y: Survivor 5         7M (0%)            2M (0%)           5 / 1              0 / 0              0 / 0        
[2026-04-03T06:47:19.533+0600][84.670s][info][gc,heap     ] GC(28) y: Min Capacity: 8M(0%)
[2026-04-03T06:47:19.533+0600][84.670s][info][gc,heap     ] GC(28) y: Max Capacity: 3922M(100%)
[2026-04-03T06:47:19.533+0600][84.670s][info][gc,heap     ] GC(28) y: Soft Max Capacity: 3529M(90%)
[2026-04-03T06:47:19.533+0600][84.670s][info][gc,heap     ] GC(28) y: Heap Statistics:
[2026-04-03T06:47:19.533+0600][84.670s][info][gc,heap     ] GC(28) y:                Mark Start          Mark End        Relocate Start      Relocate End           High               Low         
[2026-04-03T06:47:19.533+0600][84.670s][info][gc,heap     ] GC(28) y:  Capacity:     3922M (100%)       3922M (100%)       3922M (100%)       3922M (100%)       3922M (100%)       3922M (100%)   
[2026-04-03T06:47:19.533+0600][84.670s][info][gc,heap     ] GC(28) y:      Free:      772M (20%)         242M (6%)         2198M (56%)        3016M (77%)        3020M (77%)         242M (6%)     
[2026-04-03T06:47:19.533+0600][84.670s][info][gc,heap     ] GC(28) y:      Used:     3150M (80%)        3680M (94%)        1724M (44%)         906M (23%)        3680M (94%)         902M (23%)    
[2026-04-03T06:47:19.533+0600][84.670s][info][gc,heap     ] GC(28) y: Young Generation Statistics:
[2026-04-03T06:47:19.533+0600][84.670s][info][gc,heap     ] GC(28) y:                Mark Start          Mark End        Relocate Start      Relocate End    
[2026-04-03T06:47:19.533+0600][84.670s][info][gc,heap     ] GC(28) y:      Used:     2874M (73%)        3404M (87%)        1440M (37%)         620M (16%)    
[2026-04-03T06:47:19.534+0600][84.670s][info][gc,heap     ] GC(28) y:      Live:         -                60M (2%)           53M (1%)           53M (1%)     
[2026-04-03T06:47:19.534+0600][84.670s][info][gc,heap     ] GC(28) y:   Garbage:         -              2813M (72%)         856M (22%)           3M (0%)     
[2026-04-03T06:47:19.534+0600][84.670s][info][gc,heap     ] GC(28) y: Allocated:         -               530M (14%)         530M (14%)         562M (14%)    
[2026-04-03T06:47:19.534+0600][84.670s][info][gc,heap     ] GC(28) y: Reclaimed:         -                  -              1956M (50%)        2809M (72%)    
[2026-04-03T06:47:19.534+0600][84.670s][info][gc,heap     ] GC(28) y:  Promoted:         -                  -                 7M (0%)            7M (0%)     
[2026-04-03T06:47:19.534+0600][84.670s][info][gc,heap     ] GC(28) y: Compacted:         -                  -                  -                13M (0%)     
[2026-04-03T06:47:19.534+0600][84.670s][info][gc,phases   ] GC(28) y: Young Generation 3150M(80%)->906M(23%) 0.147s
[2026-04-03T06:47:19.534+0600][84.670s][info][gc          ] GC(28) Minor Collection (Allocation Rate) 3150M(80%)->908M(23%) 0.148s
[2026-04-03T06:47:22.173+0600][87.309s][info][gc          ] GC(29) Minor Collection (Allocation Rate)
[2026-04-03T06:47:22.173+0600][87.309s][info][gc,task     ] GC(29) Using 1 Workers for Young Generation
[2026-04-03T06:47:22.173+0600][87.309s][info][gc,phases   ] GC(29) y: Young Generation
[2026-04-03T06:47:22.173+0600][87.310s][info][gc,phases   ] GC(29) y: Pause Mark Start 0.036ms
[2026-04-03T06:47:22.288+0600][87.425s][info][gc,phases   ] GC(29) y: Concurrent Mark 115.091ms
[2026-04-03T06:47:22.289+0600][87.425s][info][gc,phases   ] GC(29) y: Pause Mark End 0.027ms
[2026-04-03T06:47:22.289+0600][87.426s][info][gc,phases   ] GC(29) y: Concurrent Mark Free 0.003ms
[2026-04-03T06:47:22.289+0600][87.426s][info][gc,phases   ] GC(29) y: Concurrent Reset Relocation Set 0.040ms
[2026-04-03T06:47:22.291+0600][87.428s][info][gc,reloc    ] GC(29) y: Using tenuring threshold: 6 (Computed)
[2026-04-03T06:47:22.292+0600][87.429s][info][gc,phases   ] GC(29) y: Concurrent Select Relocation Set 2.855ms
[2026-04-03T06:47:22.292+0600][87.429s][info][gc,phases   ] GC(29) y: Pause Relocate Start 0.019ms
[2026-04-03T06:47:22.310+0600][87.446s][info][gc,phases   ] GC(29) y: Concurrent Relocate 17.445ms
[2026-04-03T06:47:22.310+0600][87.447s][info][gc,alloc    ] GC(29) y:                         Mark Start        Mark End      Relocate Start    Relocate End   
[2026-04-03T06:47:22.310+0600][87.447s][info][gc,alloc    ] GC(29) y: Allocation Stalls:          0                0                0                0         
[2026-04-03T06:47:22.310+0600][87.447s][info][gc,load     ] GC(29) y: Load: 11.52 (96%) / 10.90 (91%) / 7.79 (65%)
[2026-04-03T06:47:22.310+0600][87.447s][info][gc,mmu      ] GC(29) y: MMU: 2ms/94.5%, 5ms/97.8%, 10ms/98.4%, 20ms/99.2%, 50ms/99.7%, 100ms/99.8%
[2026-04-03T06:47:22.310+0600][87.447s][info][gc,marking  ] GC(29) y: Mark: 1 stripe(s), 3 proactive flush(es), 1 terminate flush(es), 0 completion(s), 0 continuation(s) 
[2026-04-03T06:47:22.310+0600][87.447s][info][gc,marking  ] GC(29) y: Mark Stack Usage: 32M
[2026-04-03T06:47:22.310+0600][87.447s][info][gc,nmethod  ] GC(29) y: NMethods: 14636 registered, 3134 unregistered
[2026-04-03T06:47:22.310+0600][87.447s][info][gc,metaspace] GC(29) y: Metaspace: 128M used, 130M committed, 1152M reserved
[2026-04-03T06:47:22.310+0600][87.447s][info][gc,reloc    ] GC(29) y:                        Candidates     Selected     In-Place         Size        Empty    Relocated 
[2026-04-03T06:47:22.310+0600][87.447s][info][gc,reloc    ] GC(29) y: Small Pages:                  971          482            0        1942M         922M          11M 
[2026-04-03T06:47:22.310+0600][87.447s][info][gc,reloc    ] GC(29) y: Medium Pages:                   9            0            0         288M         288M           0M 
[2026-04-03T06:47:22.310+0600][87.447s][info][gc,reloc    ] GC(29) y: Large Pages:                  113            0            0         678M         678M           0M 
[2026-04-03T06:47:22.310+0600][87.447s][info][gc,reloc    ] GC(29) y: Forwarding Usage: 2M
[2026-04-03T06:47:22.310+0600][87.447s][info][gc,reloc    ] GC(29) y: Age Table:
[2026-04-03T06:47:22.310+0600][87.447s][info][gc,reloc    ] GC(29) y:                    Live             Garbage             Small              Medium             Large        
[2026-04-03T06:47:22.310+0600][87.447s][info][gc,reloc    ] GC(29) y: Eden               9M (0%)         2824M (72%)        940 / 474            9 / 0            111 / 0        
[2026-04-03T06:47:22.310+0600][87.447s][info][gc,reloc    ] GC(29) y: Survivor 1         7M (0%)           20M (1%)           8 / 3              0 / 0              2 / 0        
[2026-04-03T06:47:22.310+0600][87.447s][info][gc,reloc    ] GC(29) y: Survivor 2         8M (0%)            3M (0%)           6 / 1              0 / 0              0 / 0        
[2026-04-03T06:47:22.310+0600][87.447s][info][gc,reloc    ] GC(29) y: Survivor 3         7M (0%)            4M (0%)           6 / 2              0 / 0              0 / 0        
[2026-04-03T06:47:22.310+0600][87.447s][info][gc,reloc    ] GC(29) y: Survivor 4         7M (0%)            4M (0%)           6 / 2              0 / 0              0 / 0        
[2026-04-03T06:47:22.310+0600][87.447s][info][gc,reloc    ] GC(29) y: Survivor 5         7M (0%)            2M (0%)           5 / 0              0 / 0              0 / 0        
[2026-04-03T06:47:22.310+0600][87.447s][info][gc,heap     ] GC(29) y: Min Capacity: 8M(0%)
[2026-04-03T06:47:22.310+0600][87.447s][info][gc,heap     ] GC(29) y: Max Capacity: 3922M(100%)
[2026-04-03T06:47:22.311+0600][87.447s][info][gc,heap     ] GC(29) y: Soft Max Capacity: 3529M(90%)
[2026-04-03T06:47:22.311+0600][87.447s][info][gc,heap     ] GC(29) y: Heap Statistics:
[2026-04-03T06:47:22.311+0600][87.447s][info][gc,heap     ] GC(29) y:                Mark Start          Mark End        Relocate Start      Relocate End           High               Low         
[2026-04-03T06:47:22.311+0600][87.447s][info][gc,heap     ] GC(29) y:  Capacity:     3922M (100%)       3922M (100%)       3922M (100%)       3922M (100%)       3922M (100%)       3922M (100%)   
[2026-04-03T06:47:22.311+0600][87.447s][info][gc,heap     ] GC(29) y:      Free:      728M (19%)         572M (15%)        2460M (63%)        3396M (87%)        3396M (87%)         572M (15%)    
[2026-04-03T06:47:22.311+0600][87.447s][info][gc,heap     ] GC(29) y:      Used:     3194M (81%)        3350M (85%)        1462M (37%)         526M (13%)        3350M (85%)         526M (13%)    
[2026-04-03T06:47:22.311+0600][87.447s][info][gc,heap     ] GC(29) y: Young Generation Statistics:
[2026-04-03T06:47:22.311+0600][87.447s][info][gc,heap     ] GC(29) y:                Mark Start          Mark End        Relocate Start      Relocate End    
[2026-04-03T06:47:22.311+0600][87.447s][info][gc,heap     ] GC(29) y:      Used:     2908M (74%)        3064M (78%)        1176M (30%)         240M (6%)     
[2026-04-03T06:47:22.311+0600][87.447s][info][gc,heap     ] GC(29) y:      Live:         -                47M (1%)           47M (1%)           47M (1%)     
[2026-04-03T06:47:22.311+0600][87.447s][info][gc,heap     ] GC(29) y:   Garbage:         -              2860M (73%)         972M (25%)           5M (0%)     
[2026-04-03T06:47:22.311+0600][87.447s][info][gc,heap     ] GC(29) y: Allocated:         -               156M (4%)          156M (4%)          186M (5%)     
[2026-04-03T06:47:22.311+0600][87.447s][info][gc,heap     ] GC(29) y: Reclaimed:         -                  -              1888M (48%)        2854M (73%)    
[2026-04-03T06:47:22.311+0600][87.447s][info][gc,heap     ] GC(29) y:  Promoted:         -                  -                 0M (0%)            0M (0%)     
[2026-04-03T06:47:22.311+0600][87.447s][info][gc,heap     ] GC(29) y: Compacted:         -                  -                  -                13M (0%)     
[2026-04-03T06:47:22.311+0600][87.447s][info][gc,phases   ] GC(29) y: Young Generation 3194M(81%)->526M(13%) 0.137s
[2026-04-03T06:47:22.311+0600][87.447s][info][gc          ] GC(29) Minor Collection (Allocation Rate) 3194M(81%)->526M(13%) 0.138s
[2026-04-03T06:47:22.507+0600][87.643s][info][gc          ] GC(30) Major Collection (System.gc())
[2026-04-03T06:47:22.507+0600][87.643s][info][gc,task     ] GC(30) Using 3 Workers for Young Generation
[2026-04-03T06:47:22.507+0600][87.643s][info][gc,task     ] GC(30) Using 3 Workers for Old Generation
[2026-04-03T06:47:22.507+0600][87.643s][info][gc,phases   ] GC(30) Y: Young Generation (Promote All)
[2026-04-03T06:47:22.507+0600][87.644s][info][gc,phases   ] GC(30) Y: Pause Mark Start 0.020ms
[2026-04-03T06:47:22.547+0600][87.683s][info][gc,phases   ] GC(30) Y: Concurrent Mark 39.375ms
[2026-04-03T06:47:22.547+0600][87.683s][info][gc,phases   ] GC(30) Y: Pause Mark End 0.028ms
[2026-04-03T06:47:22.547+0600][87.683s][info][gc,phases   ] GC(30) Y: Concurrent Mark Free 0.001ms
[2026-04-03T06:47:22.547+0600][87.684s][info][gc,phases   ] GC(30) Y: Concurrent Reset Relocation Set 0.055ms
[2026-04-03T06:47:22.552+0600][87.689s][info][gc,reloc    ] GC(30) Y: Using tenuring threshold: 0 (Promote All)
[2026-04-03T06:47:22.560+0600][87.696s][info][gc,phases   ] GC(30) Y: Concurrent Select Relocation Set 12.767ms
[2026-04-03T06:47:22.560+0600][87.697s][info][gc,phases   ] GC(30) Y: Pause Relocate Start 0.021ms
[2026-04-03T06:47:22.574+0600][87.710s][info][gc,phases   ] GC(30) Y: Concurrent Relocate 13.524ms
[2026-04-03T06:47:22.574+0600][87.710s][info][gc,alloc    ] GC(30) Y:                         Mark Start        Mark End      Relocate Start    Relocate End   
[2026-04-03T06:47:22.574+0600][87.710s][info][gc,alloc    ] GC(30) Y: Allocation Stalls:          0                0                0                0         
[2026-04-03T06:47:22.574+0600][87.711s][info][gc,load     ] GC(30) Y: Load: 11.52 (96%) / 10.90 (91%) / 7.79 (65%)
[2026-04-03T06:47:22.574+0600][87.711s][info][gc,mmu      ] GC(30) Y: MMU: 2ms/94.5%, 5ms/97.8%, 10ms/98.4%, 20ms/99.2%, 50ms/99.7%, 100ms/99.8%
[2026-04-03T06:47:22.574+0600][87.711s][info][gc,marking  ] GC(30) Y: Mark: 2 stripe(s), 2 proactive flush(es), 1 terminate flush(es), 0 completion(s), 0 continuation(s) 
[2026-04-03T06:47:22.574+0600][87.711s][info][gc,marking  ] GC(30) Y: Mark Stack Usage: 32M
[2026-04-03T06:47:22.574+0600][87.711s][info][gc,nmethod  ] GC(30) Y: NMethods: 14648 registered, 3134 unregistered
[2026-04-03T06:47:22.574+0600][87.711s][info][gc,metaspace] GC(30) Y: Metaspace: 128M used, 130M committed, 1152M reserved
[2026-04-03T06:47:22.574+0600][87.711s][info][gc,reloc    ] GC(30) Y:                        Candidates     Selected     In-Place         Size        Empty    Relocated 
[2026-04-03T06:47:22.574+0600][87.711s][info][gc,reloc    ] GC(30) Y: Small Pages:                  177           74            0         354M         152M           3M 
[2026-04-03T06:47:22.574+0600][87.711s][info][gc,reloc    ] GC(30) Y: Medium Pages:                   2            0            0          64M          64M           0M 
[2026-04-03T06:47:22.574+0600][87.711s][info][gc,reloc    ] GC(30) Y: Large Pages:                    6            0            0          36M          36M           0M 
[2026-04-03T06:47:22.574+0600][87.711s][info][gc,reloc    ] GC(30) Y: Forwarding Usage: 1M
[2026-04-03T06:47:22.574+0600][87.711s][info][gc,reloc    ] GC(30) Y: Age Table:
[2026-04-03T06:47:22.574+0600][87.711s][info][gc,reloc    ] GC(30) Y:                    Live             Garbage             Small              Medium             Large        
[2026-04-03T06:47:22.574+0600][87.711s][info][gc,reloc    ] GC(30) Y: Eden               1M (0%)          378M (10%)        140 / 63             2 / 0              6 / 0        
[2026-04-03T06:47:22.574+0600][87.711s][info][gc,reloc    ] GC(30) Y: Survivor 1         7M (0%)           10M (0%)           9 / 5              0 / 0              0 / 0        
[2026-04-03T06:47:22.574+0600][87.711s][info][gc,reloc    ] GC(30) Y: Survivor 2         7M (0%)            4M (0%)           6 / 2              0 / 0              0 / 0        
[2026-04-03T06:47:22.574+0600][87.711s][info][gc,reloc    ] GC(30) Y: Survivor 3         8M (0%)            3M (0%)           6 / 1              0 / 0              0 / 0        
[2026-04-03T06:47:22.574+0600][87.711s][info][gc,reloc    ] GC(30) Y: Survivor 4         7M (0%)            2M (0%)           5 / 1              0 / 0              0 / 0        
[2026-04-03T06:47:22.574+0600][87.711s][info][gc,reloc    ] GC(30) Y: Survivor 5         7M (0%)            2M (0%)           5 / 0              0 / 0              0 / 0        
[2026-04-03T06:47:22.574+0600][87.711s][info][gc,reloc    ] GC(30) Y: Survivor 6         7M (0%)            4M (0%)           6 / 2              0 / 0              0 / 0        
[2026-04-03T06:47:22.574+0600][87.711s][info][gc,heap     ] GC(30) Y: Min Capacity: 8M(0%)
[2026-04-03T06:47:22.574+0600][87.711s][info][gc,heap     ] GC(30) Y: Max Capacity: 3922M(100%)
[2026-04-03T06:47:22.574+0600][87.711s][info][gc,heap     ] GC(30) Y: Soft Max Capacity: 3529M(90%)
[2026-04-03T06:47:22.574+0600][87.711s][info][gc,heap     ] GC(30) Y: Heap Statistics:
[2026-04-03T06:47:22.574+0600][87.711s][info][gc,heap     ] GC(30) Y:                Mark Start          Mark End        Relocate Start      Relocate End           High               Low         
[2026-04-03T06:47:22.574+0600][87.711s][info][gc,heap     ] GC(30) Y:  Capacity:     3922M (100%)       3922M (100%)       3922M (100%)       3922M (100%)       3922M (100%)       3922M (100%)   
[2026-04-03T06:47:22.574+0600][87.711s][info][gc,heap     ] GC(30) Y:      Free:     3182M (81%)        3182M (81%)        3432M (88%)        3580M (91%)        3580M (91%)        3182M (81%)    
[2026-04-03T06:47:22.574+0600][87.711s][info][gc,heap     ] GC(30) Y:      Used:      740M (19%)         740M (19%)         490M (12%)         342M (9%)          740M (19%)         342M (9%)     
[2026-04-03T06:47:22.574+0600][87.711s][info][gc,heap     ] GC(30) Y: Young Generation Statistics:
[2026-04-03T06:47:22.574+0600][87.711s][info][gc,heap     ] GC(30) Y:                Mark Start          Mark End        Relocate Start      Relocate End    
[2026-04-03T06:47:22.574+0600][87.711s][info][gc,heap     ] GC(30) Y:      Used:      454M (12%)         454M (12%)         156M (4%)            2M (0%)     
[2026-04-03T06:47:22.574+0600][87.711s][info][gc,heap     ] GC(30) Y:      Live:         -                46M (1%)            5M (0%)            0M (0%)     
[2026-04-03T06:47:22.574+0600][87.711s][info][gc,heap     ] GC(30) Y:   Garbage:         -               407M (10%)         148M (4%)            0M (0%)     
[2026-04-03T06:47:22.574+0600][87.711s][info][gc,heap     ] GC(30) Y: Allocated:         -                 0M (0%)            2M (0%)            2M (0%)     
[2026-04-03T06:47:22.574+0600][87.711s][info][gc,heap     ] GC(30) Y: Reclaimed:         -                  -               258M (7%)          407M (10%)    
[2026-04-03T06:47:22.575+0600][87.711s][info][gc,heap     ] GC(30) Y:  Promoted:         -                  -                41M (1%)           46M (1%)     
[2026-04-03T06:47:22.575+0600][87.711s][info][gc,heap     ] GC(30) Y: Compacted:         -                  -                  -                 0M (0%)     
[2026-04-03T06:47:22.575+0600][87.711s][info][gc,phases   ] GC(30) Y: Young Generation (Promote All) 740M(19%)->342M(9%) 0.067s
[2026-04-03T06:47:22.575+0600][87.711s][info][gc,phases   ] GC(30) Y: Young Generation (Collect Roots)
[2026-04-03T06:47:22.575+0600][87.711s][info][gc,phases   ] GC(30) Y: Pause Mark Start (Major) 0.030ms
[2026-04-03T06:47:22.595+0600][87.731s][info][gc,phases   ] GC(30) Y: Concurrent Mark 20.005ms
[2026-04-03T06:47:22.595+0600][87.732s][info][gc,phases   ] GC(30) Y: Pause Mark End 0.027ms
[2026-04-03T06:47:22.595+0600][87.732s][info][gc,phases   ] GC(30) Y: Concurrent Mark Free 0.003ms
[2026-04-03T06:47:22.595+0600][87.732s][info][gc,phases   ] GC(30) Y: Concurrent Reset Relocation Set 0.075ms
[2026-04-03T06:47:22.601+0600][87.737s][info][gc,reloc    ] GC(30) Y: Using tenuring threshold: 1 (Computed)
[2026-04-03T06:47:22.601+0600][87.737s][info][gc,phases   ] GC(30) Y: Concurrent Select Relocation Set 5.490ms
[2026-04-03T06:47:22.601+0600][87.738s][info][gc,phases   ] GC(30) Y: Pause Relocate Start 0.013ms
[2026-04-03T06:47:22.601+0600][87.738s][info][gc,phases   ] GC(30) Y: Concurrent Relocate 0.230ms
[2026-04-03T06:47:22.601+0600][87.738s][info][gc,alloc    ] GC(30) Y:                         Mark Start        Mark End      Relocate Start    Relocate End   
[2026-04-03T06:47:22.601+0600][87.738s][info][gc,alloc    ] GC(30) Y: Allocation Stalls:          0                0                0                0         
[2026-04-03T06:47:22.601+0600][87.738s][info][gc,load     ] GC(30) Y: Load: 11.52 (96%) / 10.90 (91%) / 7.79 (65%)
[2026-04-03T06:47:22.601+0600][87.738s][info][gc,mmu      ] GC(30) Y: MMU: 2ms/94.5%, 5ms/97.8%, 10ms/98.4%, 20ms/99.2%, 50ms/99.7%, 100ms/99.8%
[2026-04-03T06:47:22.601+0600][87.738s][info][gc,marking  ] GC(30) Y: Mark: 2 stripe(s), 1 proactive flush(es), 1 terminate flush(es), 0 completion(s), 0 continuation(s) 
[2026-04-03T06:47:22.602+0600][87.738s][info][gc,marking  ] GC(30) Y: Mark Stack Usage: 32M
[2026-04-03T06:47:22.602+0600][87.738s][info][gc,nmethod  ] GC(30) Y: NMethods: 14649 registered, 3134 unregistered
[2026-04-03T06:47:22.602+0600][87.738s][info][gc,metaspace] GC(30) Y: Metaspace: 128M used, 130M committed, 1152M reserved
[2026-04-03T06:47:22.602+0600][87.738s][info][gc,reloc    ] GC(30) Y:                        Candidates     Selected     In-Place         Size        Empty    Relocated 
[2026-04-03T06:47:22.602+0600][87.738s][info][gc,reloc    ] GC(30) Y: Small Pages:                    1            0            0           2M           0M           0M 
[2026-04-03T06:47:22.602+0600][87.738s][info][gc,reloc    ] GC(30) Y: Medium Pages:                   0            0            0           0M           0M           0M 
[2026-04-03T06:47:22.602+0600][87.738s][info][gc,reloc    ] GC(30) Y: Large Pages:                    0            0            0           0M           0M           0M 
[2026-04-03T06:47:22.602+0600][87.738s][info][gc,reloc    ] GC(30) Y: Forwarding Usage: 0M
[2026-04-03T06:47:22.602+0600][87.738s][info][gc,reloc    ] GC(30) Y: Age Table:
[2026-04-03T06:47:22.602+0600][87.738s][info][gc,reloc    ] GC(30) Y:                    Live             Garbage             Small              Medium             Large        
[2026-04-03T06:47:22.602+0600][87.738s][info][gc,reloc    ] GC(30) Y: Eden               0M (0%)            1M (0%)           1 / 0              0 / 0              0 / 0        
[2026-04-03T06:47:22.602+0600][87.738s][info][gc,heap     ] GC(30) Y: Min Capacity: 8M(0%)
[2026-04-03T06:47:22.602+0600][87.738s][info][gc,heap     ] GC(30) Y: Max Capacity: 3922M(100%)
[2026-04-03T06:47:22.602+0600][87.738s][info][gc,heap     ] GC(30) Y: Soft Max Capacity: 3529M(90%)
[2026-04-03T06:47:22.602+0600][87.738s][info][gc,heap     ] GC(30) Y: Heap Statistics:
[2026-04-03T06:47:22.602+0600][87.738s][info][gc,heap     ] GC(30) Y:                Mark Start          Mark End        Relocate Start      Relocate End           High               Low         
[2026-04-03T06:47:22.602+0600][87.738s][info][gc,heap     ] GC(30) Y:  Capacity:     3922M (100%)       3922M (100%)       3922M (100%)       3922M (100%)       3922M (100%)       3922M (100%)   
[2026-04-03T06:47:22.602+0600][87.738s][info][gc,heap     ] GC(30) Y:      Free:     3580M (91%)        3580M (91%)        3580M (91%)        3580M (91%)        3580M (91%)        3580M (91%)    
[2026-04-03T06:47:22.602+0600][87.738s][info][gc,heap     ] GC(30) Y:      Used:      342M (9%)          342M (9%)          342M (9%)          342M (9%)          342M (9%)          342M (9%)     
[2026-04-03T06:47:22.602+0600][87.738s][info][gc,heap     ] GC(30) Y: Young Generation Statistics:
[2026-04-03T06:47:22.602+0600][87.738s][info][gc,heap     ] GC(30) Y:                Mark Start          Mark End        Relocate Start      Relocate End    
[2026-04-03T06:47:22.602+0600][87.738s][info][gc,heap     ] GC(30) Y:      Used:        2M (0%)            2M (0%)            2M (0%)            2M (0%)     
[2026-04-03T06:47:22.602+0600][87.738s][info][gc,heap     ] GC(30) Y:      Live:         -                 0M (0%)            0M (0%)            0M (0%)     
[2026-04-03T06:47:22.602+0600][87.738s][info][gc,heap     ] GC(30) Y:   Garbage:         -                 1M (0%)            1M (0%)            1M (0%)     
[2026-04-03T06:47:22.602+0600][87.738s][info][gc,heap     ] GC(30) Y: Allocated:         -                 0M (0%)            0M (0%)            0M (0%)     
[2026-04-03T06:47:22.602+0600][87.738s][info][gc,heap     ] GC(30) Y: Reclaimed:         -                  -                 0M (0%)            0M (0%)     
[2026-04-03T06:47:22.602+0600][87.738s][info][gc,heap     ] GC(30) Y:  Promoted:         -                  -                 0M (0%)            0M (0%)     
[2026-04-03T06:47:22.602+0600][87.738s][info][gc,heap     ] GC(30) Y: Compacted:         -                  -                  -                 0M (0%)     
[2026-04-03T06:47:22.602+0600][87.738s][info][gc,phases   ] GC(30) Y: Young Generation (Collect Roots) 342M(9%)->342M(9%) 0.027s
[2026-04-03T06:47:22.602+0600][87.738s][info][gc,phases   ] GC(30) O: Old Generation
[2026-04-03T06:47:22.741+0600][87.877s][info][gc,phases   ] GC(30) O: Concurrent Mark 138.930ms
[2026-04-03T06:47:22.741+0600][87.878s][info][gc,phases   ] GC(30) O: Pause Mark End 0.049ms
[2026-04-03T06:47:22.741+0600][87.878s][info][gc,phases   ] GC(30) O: Concurrent Mark Free 0.001ms
[2026-04-03T06:47:22.763+0600][87.900s][info][gc,phases   ] GC(30) O: Concurrent Process Non-Strong 21.914ms
[2026-04-03T06:47:22.764+0600][87.900s][info][gc,phases   ] GC(30) O: Concurrent Reset Relocation Set 0.011ms
[2026-04-03T06:47:22.779+0600][87.916s][info][gc,phases   ] GC(30) O: Concurrent Select Relocation Set 15.431ms
[2026-04-03T06:47:22.779+0600][87.916s][info][gc,task     ] GC(30) O: Using 3 Workers for Old Generation
[2026-04-03T06:47:22.807+0600][87.944s][info][gc,task     ] GC(30) O: Using 3 Workers for Old Generation
[2026-04-03T06:47:22.808+0600][87.944s][info][gc,phases   ] GC(30) O: Concurrent Remap Roots 28.402ms
[2026-04-03T06:47:22.808+0600][87.944s][info][gc,phases   ] GC(30) O: Pause Relocate Start 0.029ms
[2026-04-03T06:47:22.856+0600][87.993s][info][gc,phases   ] GC(30) O: Concurrent Relocate 48.067ms
[2026-04-03T06:47:22.856+0600][87.993s][info][gc,alloc    ] GC(30) O:                         Mark Start        Mark End      Relocate Start    Relocate End   
[2026-04-03T06:47:22.856+0600][87.993s][info][gc,alloc    ] GC(30) O: Allocation Stalls:          0                0                0                0         
[2026-04-03T06:47:22.856+0600][87.993s][info][gc,load     ] GC(30) O: Load: 11.52 (96%) / 10.90 (91%) / 7.79 (65%)
[2026-04-03T06:47:22.856+0600][87.993s][info][gc,mmu      ] GC(30) O: MMU: 2ms/94.5%, 5ms/97.8%, 10ms/98.4%, 20ms/99.2%, 50ms/99.7%, 100ms/99.8%
[2026-04-03T06:47:22.856+0600][87.993s][info][gc,marking  ] GC(30) O: Mark: 2 stripe(s), 2 proactive flush(es), 1 terminate flush(es), 0 completion(s), 0 continuation(s) 
[2026-04-03T06:47:22.856+0600][87.993s][info][gc,marking  ] GC(30) O: Mark Stack Usage: 32M
[2026-04-03T06:47:22.856+0600][87.993s][info][gc,nmethod  ] GC(30) O: NMethods: 14123 registered, 3693 unregistered
[2026-04-03T06:47:22.857+0600][87.993s][info][gc,metaspace] GC(30) O: Metaspace: 128M used, 130M committed, 1152M reserved
[2026-04-03T06:47:22.857+0600][87.993s][info][gc,ref      ] GC(30) O:                       Encountered   Discovered     Enqueued 
[2026-04-03T06:47:22.857+0600][87.993s][info][gc,ref      ] GC(30) O: Soft References:             6376            0            0 
[2026-04-03T06:47:22.857+0600][87.993s][info][gc,ref      ] GC(30) O: Weak References:            45542        41849        30235 
[2026-04-03T06:47:22.857+0600][87.993s][info][gc,ref      ] GC(30) O: Final References:              84            0            0 
[2026-04-03T06:47:22.857+0600][87.993s][info][gc,ref      ] GC(30) O: Phantom References:           620          322            0 
[2026-04-03T06:47:22.857+0600][87.993s][info][gc,reloc    ] GC(30) O:                        Candidates     Selected     In-Place         Size        Empty    Relocated 
[2026-04-03T06:47:22.857+0600][87.993s][info][gc,reloc    ] GC(30) O: Small Pages:                  138           52            0         276M           0M          18M 
[2026-04-03T06:47:22.857+0600][87.993s][info][gc,reloc    ] GC(30) O: Medium Pages:                   2            0            0          64M          32M           0M 
[2026-04-03T06:47:22.857+0600][87.993s][info][gc,reloc    ] GC(30) O: Large Pages:                    0            0            0           0M           0M           0M 
[2026-04-03T06:47:22.857+0600][87.993s][info][gc,reloc    ] GC(30) O: Forwarding Usage: 16M
[2026-04-03T06:47:22.857+0600][87.993s][info][gc,heap     ] GC(30) O: Min Capacity: 8M(0%)
[2026-04-03T06:47:22.857+0600][87.993s][info][gc,heap     ] GC(30) O: Max Capacity: 3922M(100%)
[2026-04-03T06:47:22.857+0600][87.993s][info][gc,heap     ] GC(30) O: Soft Max Capacity: 3529M(90%)
[2026-04-03T06:47:22.857+0600][87.993s][info][gc,heap     ] GC(30) O: Heap Statistics:
[2026-04-03T06:47:22.857+0600][87.993s][info][gc,heap     ] GC(30) O:                Mark Start          Mark End        Relocate Start      Relocate End           High               Low         
[2026-04-03T06:47:22.857+0600][87.993s][info][gc,heap     ] GC(30) O:  Capacity:     3922M (100%)       3922M (100%)       3922M (100%)       3922M (100%)       3922M (100%)       3922M (100%)   
[2026-04-03T06:47:22.857+0600][87.993s][info][gc,heap     ] GC(30) O:      Free:     3580M (91%)        3578M (91%)        3558M (91%)        3636M (93%)        3636M (93%)        3552M (91%)    
[2026-04-03T06:47:22.857+0600][87.993s][info][gc,heap     ] GC(30) O:      Used:      342M (9%)          344M (9%)          364M (9%)          286M (7%)          370M (9%)          286M (7%)     
[2026-04-03T06:47:22.857+0600][87.993s][info][gc,heap     ] GC(30) O: Old Generation Statistics:
[2026-04-03T06:47:22.857+0600][87.993s][info][gc,heap     ] GC(30) O:                Mark Start          Mark End        Relocate Start      Relocate End    
[2026-04-03T06:47:22.857+0600][87.993s][info][gc,heap     ] GC(30) O:      Used:      340M (9%)          340M (9%)          308M (8%)          220M (6%)     
[2026-04-03T06:47:22.857+0600][87.993s][info][gc,heap     ] GC(30) O:      Live:         -               166M (4%)          166M (4%)          166M (4%)     
[2026-04-03T06:47:22.857+0600][87.993s][info][gc,heap     ] GC(30) O:   Garbage:         -               173M (4%)          141M (4%)           28M (1%)     
[2026-04-03T06:47:22.857+0600][87.993s][info][gc,heap     ] GC(30) O: Allocated:         -                 0M (0%)            0M (0%)           25M (1%)     
[2026-04-03T06:47:22.857+0600][87.994s][info][gc,heap     ] GC(30) O: Reclaimed:         -                  -                32M (1%)          145M (4%)     
[2026-04-03T06:47:22.857+0600][87.994s][info][gc,heap     ] GC(30) O: Compacted:         -                  -                  -                66M (2%)     
[2026-04-03T06:47:22.857+0600][87.994s][info][gc,phases   ] GC(30) O: Old Generation 342M(9%)->286M(7%) 0.254s
[2026-04-03T06:47:22.857+0600][87.994s][info][gc          ] GC(30) Major Collection (System.gc()) 740M(19%)->286M(7%) 0.350s
[2026-04-03T06:47:26.068+0600][91.205s][info][gc          ] GC(31) Minor Collection (Allocation Rate)
[2026-04-03T06:47:26.068+0600][91.205s][info][gc,task     ] GC(31) Using 1 Workers for Young Generation
[2026-04-03T06:47:26.068+0600][91.205s][info][gc,phases   ] GC(31) y: Young Generation
[2026-04-03T06:47:26.069+0600][91.205s][info][gc,phases   ] GC(31) y: Pause Mark Start 0.022ms
[2026-04-03T06:47:26.157+0600][91.293s][info][gc,phases   ] GC(31) y: Concurrent Mark 88.079ms
[2026-04-03T06:47:26.157+0600][91.294s][info][gc,phases   ] GC(31) y: Pause Mark End 0.038ms
[2026-04-03T06:47:26.158+0600][91.294s][info][gc,phases   ] GC(31) y: Concurrent Mark Free 0.004ms
[2026-04-03T06:47:26.158+0600][91.294s][info][gc,phases   ] GC(31) y: Concurrent Reset Relocation Set 0.001ms
[2026-04-03T06:47:26.165+0600][91.302s][info][gc,reloc    ] GC(31) y: Using tenuring threshold: 1 (Computed)
[2026-04-03T06:47:26.166+0600][91.302s][info][gc,phases   ] GC(31) y: Concurrent Select Relocation Set 8.112ms
[2026-04-03T06:47:26.166+0600][91.303s][info][gc,phases   ] GC(31) y: Pause Relocate Start 0.025ms
[2026-04-03T06:47:26.186+0600][91.322s][info][gc,phases   ] GC(31) y: Concurrent Relocate 19.020ms
[2026-04-03T06:47:26.186+0600][91.322s][info][gc,alloc    ] GC(31) y:                         Mark Start        Mark End      Relocate Start    Relocate End   
[2026-04-03T06:47:26.186+0600][91.322s][info][gc,alloc    ] GC(31) y: Allocation Stalls:          0                0                0                0         
[2026-04-03T06:47:26.186+0600][91.322s][info][gc,load     ] GC(31) y: Load: 11.52 (96%) / 10.90 (91%) / 7.79 (65%)
[2026-04-03T06:47:26.186+0600][91.322s][info][gc,mmu      ] GC(31) y: MMU: 2ms/94.5%, 5ms/97.8%, 10ms/98.4%, 20ms/99.2%, 50ms/99.7%, 100ms/99.8%
[2026-04-03T06:47:26.186+0600][91.322s][info][gc,marking  ] GC(31) y: Mark: 1 stripe(s), 2 proactive flush(es), 1 terminate flush(es), 0 completion(s), 0 continuation(s) 
[2026-04-03T06:47:26.186+0600][91.322s][info][gc,marking  ] GC(31) y: Mark Stack Usage: 32M
[2026-04-03T06:47:26.186+0600][91.322s][info][gc,nmethod  ] GC(31) y: NMethods: 14234 registered, 3693 unregistered
[2026-04-03T06:47:26.186+0600][91.322s][info][gc,metaspace] GC(31) y: Metaspace: 128M used, 130M committed, 1152M reserved
[2026-04-03T06:47:26.186+0600][91.322s][info][gc,reloc    ] GC(31) y:                        Candidates     Selected     In-Place         Size        Empty    Relocated 
[2026-04-03T06:47:26.186+0600][91.323s][info][gc,reloc    ] GC(31) y: Small Pages:                  833          492            0        1666M         670M           8M 
[2026-04-03T06:47:26.186+0600][91.323s][info][gc,reloc    ] GC(31) y: Medium Pages:                  10            0            0         320M         320M           0M 
[2026-04-03T06:47:26.186+0600][91.323s][info][gc,reloc    ] GC(31) y: Large Pages:                  172            0            0        1032M        1032M           0M 
[2026-04-03T06:47:26.186+0600][91.323s][info][gc,reloc    ] GC(31) y: Forwarding Usage: 1M
[2026-04-03T06:47:26.186+0600][91.323s][info][gc,reloc    ] GC(31) y: Age Table:
[2026-04-03T06:47:26.186+0600][91.323s][info][gc,reloc    ] GC(31) y:                    Live             Garbage             Small              Medium             Large        
[2026-04-03T06:47:26.186+0600][91.323s][info][gc,reloc    ] GC(31) y: Eden               9M (0%)         3006M (77%)        832 / 492           10 / 0            172 / 0        
[2026-04-03T06:47:26.186+0600][91.323s][info][gc,reloc    ] GC(31) y: Survivor 1          -                 2M (0%)           1 / 0              0 / 0              0 / 0        
[2026-04-03T06:47:26.186+0600][91.323s][info][gc,heap     ] GC(31) y: Min Capacity: 8M(0%)
[2026-04-03T06:47:26.186+0600][91.323s][info][gc,heap     ] GC(31) y: Max Capacity: 3922M(100%)
[2026-04-03T06:47:26.186+0600][91.323s][info][gc,heap     ] GC(31) y: Soft Max Capacity: 3529M(90%)
[2026-04-03T06:47:26.186+0600][91.323s][info][gc,heap     ] GC(31) y: Heap Statistics:
[2026-04-03T06:47:26.186+0600][91.323s][info][gc,heap     ] GC(31) y:                Mark Start          Mark End        Relocate Start      Relocate End           High               Low         
[2026-04-03T06:47:26.186+0600][91.323s][info][gc,heap     ] GC(31) y:  Capacity:     3922M (100%)       3922M (100%)       3922M (100%)       3922M (100%)       3922M (100%)       3922M (100%)   
[2026-04-03T06:47:26.186+0600][91.323s][info][gc,heap     ] GC(31) y:      Free:      684M (17%)         586M (15%)        2608M (66%)        3578M (91%)        3578M (91%)         586M (15%)    
[2026-04-03T06:47:26.186+0600][91.323s][info][gc,heap     ] GC(31) y:      Used:     3238M (83%)        3336M (85%)        1314M (34%)         344M (9%)         3336M (85%)         344M (9%)     
[2026-04-03T06:47:26.186+0600][91.323s][info][gc,heap     ] GC(31) y: Young Generation Statistics:
[2026-04-03T06:47:26.186+0600][91.323s][info][gc,heap     ] GC(31) y:                Mark Start          Mark End        Relocate Start      Relocate End    
[2026-04-03T06:47:26.186+0600][91.323s][info][gc,heap     ] GC(31) y:      Used:     3018M (77%)        3116M (79%)        1094M (28%)         124M (3%)     
[2026-04-03T06:47:26.186+0600][91.323s][info][gc,heap     ] GC(31) y:      Live:         -                 9M (0%)            9M (0%)            9M (0%)     
[2026-04-03T06:47:26.187+0600][91.323s][info][gc,heap     ] GC(31) y:   Garbage:         -              3008M (77%)         986M (25%)           0M (0%)     
[2026-04-03T06:47:26.187+0600][91.323s][info][gc,heap     ] GC(31) y: Allocated:         -                98M (2%)           98M (2%)          114M (3%)     
[2026-04-03T06:47:26.187+0600][91.323s][info][gc,heap     ] GC(31) y: Reclaimed:         -                  -              2022M (52%)        3008M (77%)    
[2026-04-03T06:47:26.187+0600][91.323s][info][gc,heap     ] GC(31) y:  Promoted:         -                  -                 0M (0%)            0M (0%)     
[2026-04-03T06:47:26.187+0600][91.323s][info][gc,heap     ] GC(31) y: Compacted:         -                  -                  -                 9M (0%)     
[2026-04-03T06:47:26.187+0600][91.323s][info][gc,phases   ] GC(31) y: Young Generation 3238M(83%)->344M(9%) 0.117s
[2026-04-03T06:47:26.187+0600][91.323s][info][gc          ] GC(31) Minor Collection (Allocation Rate) 3238M(83%)->344M(9%) 0.118s
[2026-04-03T06:47:28.861+0600][93.997s][info][gc          ] GC(32) Minor Collection (Allocation Rate)
[2026-04-03T06:47:28.861+0600][93.997s][info][gc,task     ] GC(32) Using 1 Workers for Young Generation
[2026-04-03T06:47:28.861+0600][93.997s][info][gc,phases   ] GC(32) y: Young Generation
[2026-04-03T06:47:28.861+0600][93.997s][info][gc,phases   ] GC(32) y: Pause Mark Start 0.024ms
[2026-04-03T06:47:28.927+0600][94.063s][info][gc,phases   ] GC(32) y: Concurrent Mark 65.549ms
[2026-04-03T06:47:28.927+0600][94.063s][info][gc,phases   ] GC(32) y: Pause Mark End 0.029ms
[2026-04-03T06:47:28.927+0600][94.064s][info][gc,phases   ] GC(32) y: Concurrent Mark Free 0.002ms
[2026-04-03T06:47:28.927+0600][94.064s][info][gc,phases   ] GC(32) y: Concurrent Reset Relocation Set 0.040ms
[2026-04-03T06:47:28.929+0600][94.066s][info][gc,reloc    ] GC(32) y: Using tenuring threshold: 2 (Computed)
[2026-04-03T06:47:28.930+0600][94.067s][info][gc,phases   ] GC(32) y: Concurrent Select Relocation Set 3.043ms
[2026-04-03T06:47:28.930+0600][94.067s][info][gc,phases   ] GC(32) y: Pause Relocate Start 0.018ms
[2026-04-03T06:47:28.944+0600][94.080s][info][gc,phases   ] GC(32) y: Concurrent Relocate 13.240ms
[2026-04-03T06:47:28.944+0600][94.080s][info][gc,alloc    ] GC(32) y:                         Mark Start        Mark End      Relocate Start    Relocate End   
[2026-04-03T06:47:28.944+0600][94.080s][info][gc,alloc    ] GC(32) y: Allocation Stalls:          0                0                0                0         
[2026-04-03T06:47:28.944+0600][94.080s][info][gc,load     ] GC(32) y: Load: 11.32 (94%) / 10.87 (91%) / 7.80 (65%)
[2026-04-03T06:47:28.944+0600][94.080s][info][gc,mmu      ] GC(32) y: MMU: 2ms/94.5%, 5ms/97.8%, 10ms/98.4%, 20ms/99.2%, 50ms/99.7%, 100ms/99.8%
[2026-04-03T06:47:28.944+0600][94.080s][info][gc,marking  ] GC(32) y: Mark: 1 stripe(s), 2 proactive flush(es), 1 terminate flush(es), 0 completion(s), 0 continuation(s) 
[2026-04-03T06:47:28.944+0600][94.080s][info][gc,marking  ] GC(32) y: Mark Stack Usage: 32M
[2026-04-03T06:47:28.944+0600][94.080s][info][gc,nmethod  ] GC(32) y: NMethods: 14291 registered, 3693 unregistered
[2026-04-03T06:47:28.944+0600][94.080s][info][gc,metaspace] GC(32) y: Metaspace: 128M used, 130M committed, 1152M reserved
[2026-04-03T06:47:28.944+0600][94.080s][info][gc,reloc    ] GC(32) y:                        Candidates     Selected     In-Place         Size        Empty    Relocated 
[2026-04-03T06:47:28.944+0600][94.080s][info][gc,reloc    ] GC(32) y: Small Pages:                  877          457            0        1754M         820M           9M 
[2026-04-03T06:47:28.944+0600][94.080s][info][gc,reloc    ] GC(32) y: Medium Pages:                   9            0            0         288M         288M           0M 
[2026-04-03T06:47:28.944+0600][94.080s][info][gc,reloc    ] GC(32) y: Large Pages:                  171            0            0        1026M        1026M           0M 
[2026-04-03T06:47:28.944+0600][94.080s][info][gc,reloc    ] GC(32) y: Forwarding Usage: 1M
[2026-04-03T06:47:28.944+0600][94.080s][info][gc,reloc    ] GC(32) y: Age Table:
[2026-04-03T06:47:28.944+0600][94.080s][info][gc,reloc    ] GC(32) y:                    Live             Garbage             Small              Medium             Large        
[2026-04-03T06:47:28.944+0600][94.081s][info][gc,reloc    ] GC(32) y: Eden               9M (0%)         3034M (77%)        865 / 449            9 / 0            171 / 0        
[2026-04-03T06:47:28.944+0600][94.081s][info][gc,reloc    ] GC(32) y: Survivor 1         7M (0%)           16M (0%)          12 / 8              0 / 0              0 / 0        
[2026-04-03T06:47:28.944+0600][94.081s][info][gc,heap     ] GC(32) y: Min Capacity: 8M(0%)
[2026-04-03T06:47:28.944+0600][94.081s][info][gc,heap     ] GC(32) y: Max Capacity: 3922M(100%)
[2026-04-03T06:47:28.944+0600][94.081s][info][gc,heap     ] GC(32) y: Soft Max Capacity: 3529M(90%)
[2026-04-03T06:47:28.944+0600][94.081s][info][gc,heap     ] GC(32) y: Heap Statistics:
[2026-04-03T06:47:28.944+0600][94.081s][info][gc,heap     ] GC(32) y:                Mark Start          Mark End        Relocate Start      Relocate End           High               Low         
[2026-04-03T06:47:28.944+0600][94.081s][info][gc,heap     ] GC(32) y:  Capacity:     3922M (100%)       3922M (100%)       3922M (100%)       3922M (100%)       3922M (100%)       3922M (100%)   
[2026-04-03T06:47:28.944+0600][94.081s][info][gc,heap     ] GC(32) y:      Free:      634M (16%)         554M (14%)        2688M (69%)        3590M (92%)        3590M (92%)         554M (14%)    
[2026-04-03T06:47:28.944+0600][94.081s][info][gc,heap     ] GC(32) y:      Used:     3288M (84%)        3368M (86%)        1234M (31%)         332M (8%)         3368M (86%)         332M (8%)     
[2026-04-03T06:47:28.944+0600][94.081s][info][gc,heap     ] GC(32) y: Young Generation Statistics:
[2026-04-03T06:47:28.944+0600][94.081s][info][gc,heap     ] GC(32) y:                Mark Start          Mark End        Relocate Start      Relocate End    
[2026-04-03T06:47:28.944+0600][94.081s][info][gc,heap     ] GC(32) y:      Used:     3068M (78%)        3148M (80%)        1014M (26%)         112M (3%)     
[2026-04-03T06:47:28.944+0600][94.081s][info][gc,heap     ] GC(32) y:      Live:         -                16M (0%)           16M (0%)           16M (0%)     
[2026-04-03T06:47:28.944+0600][94.081s][info][gc,heap     ] GC(32) y:   Garbage:         -              3051M (78%)         917M (23%)           1M (0%)     
[2026-04-03T06:47:28.944+0600][94.081s][info][gc,heap     ] GC(32) y: Allocated:         -                80M (2%)           80M (2%)           93M (2%)     
[2026-04-03T06:47:28.944+0600][94.081s][info][gc,heap     ] GC(32) y: Reclaimed:         -                  -              2134M (54%)        3049M (78%)    
[2026-04-03T06:47:28.944+0600][94.081s][info][gc,heap     ] GC(32) y:  Promoted:         -                  -                 0M (0%)            0M (0%)     
[2026-04-03T06:47:28.944+0600][94.081s][info][gc,heap     ] GC(32) y: Compacted:         -                  -                  -                10M (0%)     
[2026-04-03T06:47:28.944+0600][94.081s][info][gc,phases   ] GC(32) y: Young Generation 3288M(84%)->332M(8%) 0.083s
[2026-04-03T06:47:28.944+0600][94.081s][info][gc          ] GC(32) Minor Collection (Allocation Rate) 3288M(84%)->332M(8%) 0.084s
[2026-04-03T06:47:32.144+0600][97.280s][info][gc          ] GC(33) Minor Collection (High Usage)
[2026-04-03T06:47:32.144+0600][97.280s][info][gc,task     ] GC(33) Using 2 Workers for Young Generation
[2026-04-03T06:47:32.144+0600][97.281s][info][gc,phases   ] GC(33) y: Young Generation
[2026-04-03T06:47:32.144+0600][97.281s][info][gc,phases   ] GC(33) y: Pause Mark Start 0.025ms
[2026-04-03T06:47:32.201+0600][97.337s][info][gc,phases   ] GC(33) y: Concurrent Mark 56.242ms
[2026-04-03T06:47:32.201+0600][97.338s][info][gc,phases   ] GC(33) y: Pause Mark End 0.028ms
[2026-04-03T06:47:32.201+0600][97.338s][info][gc,phases   ] GC(33) y: Concurrent Mark Free 0.001ms
[2026-04-03T06:47:32.201+0600][97.338s][info][gc,phases   ] GC(33) y: Concurrent Reset Relocation Set 0.049ms
[2026-04-03T06:47:32.206+0600][97.342s][info][gc,reloc    ] GC(33) y: Using tenuring threshold: 3 (Computed)
[2026-04-03T06:47:32.206+0600][97.343s][info][gc,phases   ] GC(33) y: Concurrent Select Relocation Set 5.198ms
[2026-04-03T06:47:32.207+0600][97.343s][info][gc,phases   ] GC(33) y: Pause Relocate Start 0.021ms
[2026-04-03T06:47:32.218+0600][97.354s][info][gc,phases   ] GC(33) y: Concurrent Relocate 10.954ms
[2026-04-03T06:47:32.218+0600][97.355s][info][gc,alloc    ] GC(33) y:                         Mark Start        Mark End      Relocate Start    Relocate End   
[2026-04-03T06:47:32.218+0600][97.355s][info][gc,alloc    ] GC(33) y: Allocation Stalls:          0                0                0                0         
[2026-04-03T06:47:32.218+0600][97.355s][info][gc,load     ] GC(33) y: Load: 10.57 (88%) / 10.72 (89%) / 7.77 (65%)
[2026-04-03T06:47:32.218+0600][97.355s][info][gc,mmu      ] GC(33) y: MMU: 2ms/94.5%, 5ms/97.8%, 10ms/98.4%, 20ms/99.2%, 50ms/99.7%, 100ms/99.8%
[2026-04-03T06:47:32.218+0600][97.355s][info][gc,marking  ] GC(33) y: Mark: 2 stripe(s), 2 proactive flush(es), 1 terminate flush(es), 0 completion(s), 0 continuation(s) 
[2026-04-03T06:47:32.218+0600][97.355s][info][gc,marking  ] GC(33) y: Mark Stack Usage: 32M
[2026-04-03T06:47:32.218+0600][97.355s][info][gc,nmethod  ] GC(33) y: NMethods: 14409 registered, 3693 unregistered
[2026-04-03T06:47:32.218+0600][97.355s][info][gc,metaspace] GC(33) y: Metaspace: 129M used, 130M committed, 1152M reserved
[2026-04-03T06:47:32.218+0600][97.355s][info][gc,reloc    ] GC(33) y:                        Candidates     Selected     In-Place         Size        Empty    Relocated 
[2026-04-03T06:47:32.218+0600][97.355s][info][gc,reloc    ] GC(33) y: Small Pages:                  987          468            0        1974M        1006M          10M 
[2026-04-03T06:47:32.218+0600][97.355s][info][gc,reloc    ] GC(33) y: Medium Pages:                  11            0            0         352M         352M           0M 
[2026-04-03T06:47:32.218+0600][97.355s][info][gc,reloc    ] GC(33) y: Large Pages:                  133            0            0         798M         774M           0M 
[2026-04-03T06:47:32.218+0600][97.355s][info][gc,reloc    ] GC(33) y: Forwarding Usage: 1M
[2026-04-03T06:47:32.219+0600][97.355s][info][gc,reloc    ] GC(33) y: Age Table:
[2026-04-03T06:47:32.219+0600][97.355s][info][gc,reloc    ] GC(33) y:                    Live             Garbage             Small              Medium             Large        
[2026-04-03T06:47:32.219+0600][97.355s][info][gc,reloc    ] GC(33) y: Eden              34M (1%)         3059M (78%)        972 / 462           11 / 0            133 / 0        
[2026-04-03T06:47:32.219+0600][97.355s][info][gc,reloc    ] GC(33) y: Survivor 1         7M (0%)           12M (0%)          10 / 5              0 / 0              0 / 0        
[2026-04-03T06:47:32.219+0600][97.355s][info][gc,reloc    ] GC(33) y: Survivor 2         7M (0%)            2M (0%)           5 / 1              0 / 0              0 / 0        
[2026-04-03T06:47:32.219+0600][97.355s][info][gc,heap     ] GC(33) y: Min Capacity: 8M(0%)
[2026-04-03T06:47:32.219+0600][97.355s][info][gc,heap     ] GC(33) y: Max Capacity: 3922M(100%)
[2026-04-03T06:47:32.219+0600][97.355s][info][gc,heap     ] GC(33) y: Soft Max Capacity: 3529M(90%)
[2026-04-03T06:47:32.219+0600][97.355s][info][gc,heap     ] GC(33) y: Heap Statistics:
[2026-04-03T06:47:32.219+0600][97.355s][info][gc,heap     ] GC(33) y:                Mark Start          Mark End        Relocate Start      Relocate End           High               Low         
[2026-04-03T06:47:32.219+0600][97.355s][info][gc,heap     ] GC(33) y:  Capacity:     3922M (100%)       3922M (100%)       3922M (100%)       3922M (100%)       3922M (100%)       3922M (100%)   
[2026-04-03T06:47:32.219+0600][97.355s][info][gc,heap     ] GC(33) y:      Free:      578M (15%)         226M (6%)         2342M (60%)        3248M (83%)        3248M (83%)         226M (6%)     
[2026-04-03T06:47:32.219+0600][97.355s][info][gc,heap     ] GC(33) y:      Used:     3344M (85%)        3696M (94%)        1580M (40%)         674M (17%)        3696M (94%)         674M (17%)    
[2026-04-03T06:47:32.219+0600][97.355s][info][gc,heap     ] GC(33) y: Young Generation Statistics:
[2026-04-03T06:47:32.219+0600][97.355s][info][gc,heap     ] GC(33) y:                Mark Start          Mark End        Relocate Start      Relocate End    
[2026-04-03T06:47:32.219+0600][97.355s][info][gc,heap     ] GC(33) y:      Used:     3124M (80%)        3476M (89%)        1360M (35%)         454M (12%)    
[2026-04-03T06:47:32.219+0600][97.355s][info][gc,heap     ] GC(33) y:      Live:         -                49M (1%)           49M (1%)           49M (1%)     
[2026-04-03T06:47:32.219+0600][97.355s][info][gc,heap     ] GC(33) y:   Garbage:         -              3074M (78%)         942M (24%)           4M (0%)     
[2026-04-03T06:47:32.219+0600][97.355s][info][gc,heap     ] GC(33) y: Allocated:         -               352M (9%)          368M (9%)          400M (10%)    
[2026-04-03T06:47:32.219+0600][97.355s][info][gc,heap     ] GC(33) y: Reclaimed:         -                  -              2132M (54%)        3070M (78%)    
[2026-04-03T06:47:32.219+0600][97.355s][info][gc,heap     ] GC(33) y:  Promoted:         -                  -                 0M (0%)            0M (0%)     
[2026-04-03T06:47:32.219+0600][97.355s][info][gc,heap     ] GC(33) y: Compacted:         -                  -                  -                11M (0%)     
[2026-04-03T06:47:32.219+0600][97.355s][info][gc,phases   ] GC(33) y: Young Generation 3344M(85%)->674M(17%) 0.074s
[2026-04-03T06:47:32.219+0600][97.355s][info][gc          ] GC(33) Minor Collection (High Usage) 3344M(85%)->674M(17%) 0.075s
[2026-04-03T06:47:35.991+0600][101.127s][info][gc          ] GC(34) Minor Collection (High Usage)
[2026-04-03T06:47:35.991+0600][101.127s][info][gc,task     ] GC(34) Using 2 Workers for Young Generation
[2026-04-03T06:47:35.991+0600][101.127s][info][gc,phases   ] GC(34) y: Young Generation
[2026-04-03T06:47:35.991+0600][101.128s][info][gc,phases   ] GC(34) y: Pause Mark Start 0.024ms
[2026-04-03T06:47:36.039+0600][101.176s][info][gc,phases   ] GC(34) y: Concurrent Mark 48.294ms
[2026-04-03T06:47:36.040+0600][101.176s][info][gc,phases   ] GC(34) y: Pause Mark End 0.027ms
[2026-04-03T06:47:36.040+0600][101.176s][info][gc,phases   ] GC(34) y: Concurrent Mark Free 0.001ms
[2026-04-03T06:47:36.040+0600][101.177s][info][gc,phases   ] GC(34) y: Concurrent Reset Relocation Set 0.074ms
[2026-04-03T06:47:36.042+0600][101.179s][info][gc,reloc    ] GC(34) y: Using tenuring threshold: 4 (Computed)
[2026-04-03T06:47:36.043+0600][101.180s][info][gc,phases   ] GC(34) y: Concurrent Select Relocation Set 2.903ms
[2026-04-03T06:47:36.043+0600][101.180s][info][gc,phases   ] GC(34) y: Pause Relocate Start 0.020ms
[2026-04-03T06:47:36.052+0600][101.188s][info][gc,phases   ] GC(34) y: Concurrent Relocate 8.127ms
[2026-04-03T06:47:36.052+0600][101.188s][info][gc,alloc    ] GC(34) y:                         Mark Start        Mark End      Relocate Start    Relocate End   
[2026-04-03T06:47:36.052+0600][101.188s][info][gc,alloc    ] GC(34) y: Allocation Stalls:          0                0                0                0         
[2026-04-03T06:47:36.052+0600][101.188s][info][gc,load     ] GC(34) y: Load: 10.57 (88%) / 10.72 (89%) / 7.77 (65%)
[2026-04-03T06:47:36.052+0600][101.188s][info][gc,mmu      ] GC(34) y: MMU: 2ms/94.5%, 5ms/97.8%, 10ms/98.4%, 20ms/99.2%, 50ms/99.7%, 100ms/99.8%
[2026-04-03T06:47:36.052+0600][101.188s][info][gc,marking  ] GC(34) y: Mark: 2 stripe(s), 2 proactive flush(es), 1 terminate flush(es), 0 completion(s), 0 continuation(s) 
[2026-04-03T06:47:36.052+0600][101.188s][info][gc,marking  ] GC(34) y: Mark Stack Usage: 32M
[2026-04-03T06:47:36.052+0600][101.188s][info][gc,nmethod  ] GC(34) y: NMethods: 14498 registered, 3693 unregistered
[2026-04-03T06:47:36.052+0600][101.188s][info][gc,metaspace] GC(34) y: Metaspace: 129M used, 130M committed, 1152M reserved
[2026-04-03T06:47:36.052+0600][101.188s][info][gc,reloc    ] GC(34) y:                        Candidates     Selected     In-Place         Size        Empty    Relocated 
[2026-04-03T06:47:36.052+0600][101.188s][info][gc,reloc    ] GC(34) y: Small Pages:                 1044          515            0        2088M        1020M          10M 
[2026-04-03T06:47:36.052+0600][101.188s][info][gc,reloc    ] GC(34) y: Medium Pages:                  13            0            0         416M         416M           0M 
[2026-04-03T06:47:36.052+0600][101.188s][info][gc,reloc    ] GC(34) y: Large Pages:                   99            0            0         594M         594M           0M 
[2026-04-03T06:47:36.052+0600][101.188s][info][gc,reloc    ] GC(34) y: Forwarding Usage: 2M
[2026-04-03T06:47:36.052+0600][101.188s][info][gc,reloc    ] GC(34) y: Age Table:
[2026-04-03T06:47:36.052+0600][101.188s][info][gc,reloc    ] GC(34) y:                    Live             Garbage             Small              Medium             Large        
[2026-04-03T06:47:36.052+0600][101.188s][info][gc,reloc    ] GC(34) y: Eden               9M (0%)         3010M (77%)       1017 / 502           13 / 0             95 / 0        
[2026-04-03T06:47:36.052+0600][101.188s][info][gc,reloc    ] GC(34) y: Survivor 1         8M (0%)           39M (1%)          12 / 6              0 / 0              4 / 0        
[2026-04-03T06:47:36.052+0600][101.188s][info][gc,reloc    ] GC(34) y: Survivor 2         7M (0%)           12M (0%)          10 / 6              0 / 0              0 / 0        
[2026-04-03T06:47:36.052+0600][101.188s][info][gc,reloc    ] GC(34) y: Survivor 3         7M (0%)            2M (0%)           5 / 1              0 / 0              0 / 0        
[2026-04-03T06:47:36.052+0600][101.188s][info][gc,heap     ] GC(34) y: Min Capacity: 8M(0%)
[2026-04-03T06:47:36.052+0600][101.189s][info][gc,heap     ] GC(34) y: Max Capacity: 3922M(100%)
[2026-04-03T06:47:36.052+0600][101.189s][info][gc,heap     ] GC(34) y: Soft Max Capacity: 3529M(90%)
[2026-04-03T06:47:36.052+0600][101.189s][info][gc,heap     ] GC(34) y: Heap Statistics:
[2026-04-03T06:47:36.052+0600][101.189s][info][gc,heap     ] GC(34) y:                Mark Start          Mark End        Relocate Start      Relocate End           High               Low         
[2026-04-03T06:47:36.052+0600][101.189s][info][gc,heap     ] GC(34) y:  Capacity:     3922M (100%)       3922M (100%)       3922M (100%)       3922M (100%)       3922M (100%)       3922M (100%)   
[2026-04-03T06:47:36.052+0600][101.189s][info][gc,heap     ] GC(34) y:      Free:      604M (15%)         528M (13%)        2558M (65%)        3572M (91%)        3572M (91%)         528M (13%)    
[2026-04-03T06:47:36.052+0600][101.189s][info][gc,heap     ] GC(34) y:      Used:     3318M (85%)        3394M (87%)        1364M (35%)         350M (9%)         3394M (87%)         350M (9%)     
[2026-04-03T06:47:36.052+0600][101.189s][info][gc,heap     ] GC(34) y: Young Generation Statistics:
[2026-04-03T06:47:36.052+0600][101.189s][info][gc,heap     ] GC(34) y:                Mark Start          Mark End        Relocate Start      Relocate End    
[2026-04-03T06:47:36.052+0600][101.189s][info][gc,heap     ] GC(34) y:      Used:     3098M (79%)        3174M (81%)        1144M (29%)         130M (3%)     
[2026-04-03T06:47:36.052+0600][101.189s][info][gc,heap     ] GC(34) y:      Live:         -                32M (1%)           32M (1%)           32M (1%)     
[2026-04-03T06:47:36.052+0600][101.189s][info][gc,heap     ] GC(34) y:   Garbage:         -              3065M (78%)        1035M (26%)           3M (0%)     
[2026-04-03T06:47:36.052+0600][101.189s][info][gc,heap     ] GC(34) y: Allocated:         -                76M (2%)           76M (2%)           93M (2%)     
[2026-04-03T06:47:36.052+0600][101.189s][info][gc,heap     ] GC(34) y: Reclaimed:         -                  -              2030M (52%)        3061M (78%)    
[2026-04-03T06:47:36.052+0600][101.189s][info][gc,heap     ] GC(34) y:  Promoted:         -                  -                 0M (0%)            0M (0%)     
[2026-04-03T06:47:36.052+0600][101.189s][info][gc,heap     ] GC(34) y: Compacted:         -                  -                  -                12M (0%)     
[2026-04-03T06:47:36.052+0600][101.189s][info][gc,phases   ] GC(34) y: Young Generation 3318M(85%)->350M(9%) 0.061s
[2026-04-03T06:47:36.052+0600][101.189s][info][gc          ] GC(34) Minor Collection (High Usage) 3318M(85%)->350M(9%) 0.062s
[2026-04-03T06:47:38.744+0600][103.881s][info][gc          ] GC(35) Minor Collection (Allocation Rate)
[2026-04-03T06:47:38.744+0600][103.881s][info][gc,task     ] GC(35) Using 1 Workers for Young Generation
[2026-04-03T06:47:38.744+0600][103.881s][info][gc,phases   ] GC(35) y: Young Generation
[2026-04-03T06:47:38.745+0600][103.881s][info][gc,phases   ] GC(35) y: Pause Mark Start 0.019ms
[2026-04-03T06:47:38.807+0600][103.943s][info][gc,phases   ] GC(35) y: Concurrent Mark 61.839ms
[2026-04-03T06:47:38.807+0600][103.944s][info][gc,phases   ] GC(35) y: Pause Mark End 0.022ms
[2026-04-03T06:47:38.807+0600][103.944s][info][gc,phases   ] GC(35) y: Concurrent Mark Free 0.001ms
[2026-04-03T06:47:38.807+0600][103.944s][info][gc,phases   ] GC(35) y: Concurrent Reset Relocation Set 0.039ms
[2026-04-03T06:47:38.809+0600][103.946s][info][gc,reloc    ] GC(35) y: Using tenuring threshold: 5 (Computed)
[2026-04-03T06:47:38.810+0600][103.946s][info][gc,phases   ] GC(35) y: Concurrent Select Relocation Set 2.706ms
[2026-04-03T06:47:38.810+0600][103.947s][info][gc,phases   ] GC(35) y: Pause Relocate Start 0.042ms
[2026-04-03T06:47:38.821+0600][103.957s][info][gc,phases   ] GC(35) y: Concurrent Relocate 10.160ms
[2026-04-03T06:47:38.821+0600][103.957s][info][gc,alloc    ] GC(35) y:                         Mark Start        Mark End      Relocate Start    Relocate End   
[2026-04-03T06:47:38.821+0600][103.957s][info][gc,alloc    ] GC(35) y: Allocation Stalls:          0                0                0                0         
[2026-04-03T06:47:38.821+0600][103.957s][info][gc,load     ] GC(35) y: Load: 9.88 (82%) / 10.57 (88%) / 7.74 (64%)
[2026-04-03T06:47:38.821+0600][103.957s][info][gc,mmu      ] GC(35) y: MMU: 2ms/94.5%, 5ms/97.8%, 10ms/98.4%, 20ms/99.2%, 50ms/99.7%, 100ms/99.8%
[2026-04-03T06:47:38.821+0600][103.957s][info][gc,marking  ] GC(35) y: Mark: 1 stripe(s), 2 proactive flush(es), 1 terminate flush(es), 0 completion(s), 0 continuation(s) 
[2026-04-03T06:47:38.821+0600][103.957s][info][gc,marking  ] GC(35) y: Mark Stack Usage: 32M
[2026-04-03T06:47:38.821+0600][103.957s][info][gc,nmethod  ] GC(35) y: NMethods: 14560 registered, 3693 unregistered
[2026-04-03T06:47:38.821+0600][103.957s][info][gc,metaspace] GC(35) y: Metaspace: 129M used, 130M committed, 1152M reserved
[2026-04-03T06:47:38.821+0600][103.957s][info][gc,reloc    ] GC(35) y:                        Candidates     Selected     In-Place         Size        Empty    Relocated 
[2026-04-03T06:47:38.821+0600][103.957s][info][gc,reloc    ] GC(35) y: Small Pages:                  873          431            0        1746M         840M          10M 
[2026-04-03T06:47:38.821+0600][103.957s][info][gc,reloc    ] GC(35) y: Medium Pages:                   9            0            0         288M         288M           0M 
[2026-04-03T06:47:38.821+0600][103.957s][info][gc,reloc    ] GC(35) y: Large Pages:                  172            0            0        1032M        1032M           0M 
[2026-04-03T06:47:38.821+0600][103.957s][info][gc,reloc    ] GC(35) y: Forwarding Usage: 1M
[2026-04-03T06:47:38.821+0600][103.957s][info][gc,reloc    ] GC(35) y: Age Table:
[2026-04-03T06:47:38.821+0600][103.957s][info][gc,reloc    ] GC(35) y:                    Live             Garbage             Small              Medium             Large        
[2026-04-03T06:47:38.821+0600][103.957s][info][gc,reloc    ] GC(35) y: Eden               7M (0%)         3010M (77%)        849 / 424            9 / 0            172 / 0        
[2026-04-03T06:47:38.821+0600][103.957s][info][gc,reloc    ] GC(35) y: Survivor 1         7M (0%)            6M (0%)           7 / 2              0 / 0              0 / 0        
[2026-04-03T06:47:38.821+0600][103.957s][info][gc,reloc    ] GC(35) y: Survivor 2         8M (0%)            3M (0%)           6 / 3              0 / 0              0 / 0        
[2026-04-03T06:47:38.821+0600][103.957s][info][gc,reloc    ] GC(35) y: Survivor 3         7M (0%)            4M (0%)           6 / 2              0 / 0              0 / 0        
[2026-04-03T06:47:38.821+0600][103.957s][info][gc,reloc    ] GC(35) y: Survivor 4         7M (0%)            2M (0%)           5 / 0              0 / 0              0 / 0        
[2026-04-03T06:47:38.821+0600][103.957s][info][gc,heap     ] GC(35) y: Min Capacity: 8M(0%)
[2026-04-03T06:47:38.821+0600][103.957s][info][gc,heap     ] GC(35) y: Max Capacity: 3922M(100%)
[2026-04-03T06:47:38.821+0600][103.957s][info][gc,heap     ] GC(35) y: Soft Max Capacity: 3529M(90%)
[2026-04-03T06:47:38.821+0600][103.957s][info][gc,heap     ] GC(35) y: Heap Statistics:
[2026-04-03T06:47:38.821+0600][103.957s][info][gc,heap     ] GC(35) y:                Mark Start          Mark End        Relocate Start      Relocate End           High               Low         
[2026-04-03T06:47:38.821+0600][103.957s][info][gc,heap     ] GC(35) y:  Capacity:     3922M (100%)       3922M (100%)       3922M (100%)       3922M (100%)       3922M (100%)       3922M (100%)   
[2026-04-03T06:47:38.821+0600][103.957s][info][gc,heap     ] GC(35) y:      Free:      636M (16%)         602M (15%)        2762M (70%)        3612M (92%)        3612M (92%)         602M (15%)    
[2026-04-03T06:47:38.821+0600][103.957s][info][gc,heap     ] GC(35) y:      Used:     3286M (84%)        3320M (85%)        1160M (30%)         310M (8%)         3320M (85%)         310M (8%)     
[2026-04-03T06:47:38.821+0600][103.957s][info][gc,heap     ] GC(35) y: Young Generation Statistics:
[2026-04-03T06:47:38.821+0600][103.957s][info][gc,heap     ] GC(35) y:                Mark Start          Mark End        Relocate Start      Relocate End    
[2026-04-03T06:47:38.821+0600][103.957s][info][gc,heap     ] GC(35) y:      Used:     3066M (78%)        3100M (79%)         940M (24%)          90M (2%)     
[2026-04-03T06:47:38.821+0600][103.957s][info][gc,heap     ] GC(35) y:      Live:         -                38M (1%)           38M (1%)           38M (1%)     
[2026-04-03T06:47:38.821+0600][103.957s][info][gc,heap     ] GC(35) y:   Garbage:         -              3027M (77%)         867M (22%)           3M (0%)     
[2026-04-03T06:47:38.821+0600][103.957s][info][gc,heap     ] GC(35) y: Allocated:         -                34M (1%)           34M (1%)           48M (1%)     
[2026-04-03T06:47:38.821+0600][103.957s][info][gc,heap     ] GC(35) y: Reclaimed:         -                  -              2160M (55%)        3024M (77%)    
[2026-04-03T06:47:38.821+0600][103.957s][info][gc,heap     ] GC(35) y:  Promoted:         -                  -                 0M (0%)            0M (0%)     
[2026-04-03T06:47:38.821+0600][103.957s][info][gc,heap     ] GC(35) y: Compacted:         -                  -                  -                13M (0%)     
[2026-04-03T06:47:38.821+0600][103.957s][info][gc,phases   ] GC(35) y: Young Generation 3286M(84%)->310M(8%) 0.076s
[2026-04-03T06:47:38.821+0600][103.958s][info][gc          ] GC(35) Minor Collection (Allocation Rate) 3286M(84%)->310M(8%) 0.077s
[2026-04-03T06:47:41.511+0600][106.647s][info][gc          ] GC(36) Minor Collection (Allocation Rate)
[2026-04-03T06:47:41.511+0600][106.647s][info][gc,task     ] GC(36) Using 1 Workers for Young Generation
[2026-04-03T06:47:41.511+0600][106.647s][info][gc,phases   ] GC(36) y: Young Generation
[2026-04-03T06:47:41.511+0600][106.648s][info][gc,phases   ] GC(36) y: Pause Mark Start 0.020ms
[2026-04-03T06:47:41.646+0600][106.782s][info][gc,phases   ] GC(36) y: Concurrent Mark 134.190ms
[2026-04-03T06:47:41.646+0600][106.783s][info][gc,phases   ] GC(36) y: Pause Mark End 0.028ms
[2026-04-03T06:47:41.646+0600][106.783s][info][gc,phases   ] GC(36) y: Concurrent Mark Free 0.002ms
[2026-04-03T06:47:41.646+0600][106.783s][info][gc,phases   ] GC(36) y: Concurrent Reset Relocation Set 0.050ms
[2026-04-03T06:47:41.653+0600][106.789s][info][gc,reloc    ] GC(36) y: Using tenuring threshold: 6 (Computed)
[2026-04-03T06:47:41.654+0600][106.790s][info][gc,phases   ] GC(36) y: Concurrent Select Relocation Set 7.573ms
[2026-04-03T06:47:41.654+0600][106.791s][info][gc,phases   ] GC(36) y: Pause Relocate Start 0.033ms
[2026-04-03T06:47:41.672+0600][106.809s][info][gc,phases   ] GC(36) y: Concurrent Relocate 17.796ms
[2026-04-03T06:47:41.672+0600][106.809s][info][gc,alloc    ] GC(36) y:                         Mark Start        Mark End      Relocate Start    Relocate End   
[2026-04-03T06:47:41.673+0600][106.809s][info][gc,alloc    ] GC(36) y: Allocation Stalls:          0                0                0                0         
[2026-04-03T06:47:41.673+0600][106.809s][info][gc,load     ] GC(36) y: Load: 9.88 (82%) / 10.57 (88%) / 7.74 (64%)
[2026-04-03T06:47:41.673+0600][106.809s][info][gc,mmu      ] GC(36) y: MMU: 2ms/94.5%, 5ms/97.8%, 10ms/98.4%, 20ms/99.2%, 50ms/99.7%, 100ms/99.8%
[2026-04-03T06:47:41.673+0600][106.809s][info][gc,marking  ] GC(36) y: Mark: 1 stripe(s), 2 proactive flush(es), 1 terminate flush(es), 0 completion(s), 0 continuation(s) 
[2026-04-03T06:47:41.673+0600][106.809s][info][gc,marking  ] GC(36) y: Mark Stack Usage: 32M
[2026-04-03T06:47:41.673+0600][106.809s][info][gc,nmethod  ] GC(36) y: NMethods: 14612 registered, 3693 unregistered
[2026-04-03T06:47:41.673+0600][106.809s][info][gc,metaspace] GC(36) y: Metaspace: 129M used, 130M committed, 1152M reserved
[2026-04-03T06:47:41.673+0600][106.809s][info][gc,reloc    ] GC(36) y:                        Candidates     Selected     In-Place         Size        Empty    Relocated 
[2026-04-03T06:47:41.673+0600][106.809s][info][gc,reloc    ] GC(36) y: Small Pages:                  896          476            0        1792M         786M           9M 
[2026-04-03T06:47:41.673+0600][106.809s][info][gc,reloc    ] GC(36) y: Medium Pages:                   9            0            0         288M         288M           0M 
[2026-04-03T06:47:41.673+0600][106.809s][info][gc,reloc    ] GC(36) y: Large Pages:                  169            0            0        1014M        1014M           0M 
[2026-04-03T06:47:41.673+0600][106.809s][info][gc,reloc    ] GC(36) y: Forwarding Usage: 1M
[2026-04-03T06:47:41.673+0600][106.809s][info][gc,reloc    ] GC(36) y: Age Table:
[2026-04-03T06:47:41.673+0600][106.809s][info][gc,reloc    ] GC(36) y:                    Live             Garbage             Small              Medium             Large        
[2026-04-03T06:47:41.673+0600][106.809s][info][gc,reloc    ] GC(36) y: Eden               8M (0%)         3033M (77%)        870 / 472            9 / 0            169 / 0        
[2026-04-03T06:47:41.673+0600][106.809s][info][gc,reloc    ] GC(36) y: Survivor 1         7M (0%)            2M (0%)           5 / 1              0 / 0              0 / 0        
[2026-04-03T06:47:41.673+0600][106.809s][info][gc,reloc    ] GC(36) y: Survivor 2         7M (0%)            2M (0%)           5 / 1              0 / 0              0 / 0        
[2026-04-03T06:47:41.673+0600][106.809s][info][gc,reloc    ] GC(36) y: Survivor 3         8M (0%)            1M (0%)           5 / 0              0 / 0              0 / 0        
[2026-04-03T06:47:41.673+0600][106.809s][info][gc,reloc    ] GC(36) y: Survivor 4         7M (0%)            4M (0%)           6 / 1              0 / 0              0 / 0        
[2026-04-03T06:47:41.673+0600][106.809s][info][gc,reloc    ] GC(36) y: Survivor 5         7M (0%)            2M (0%)           5 / 1              0 / 0              0 / 0        
[2026-04-03T06:47:41.673+0600][106.809s][info][gc,heap     ] GC(36) y: Min Capacity: 8M(0%)
[2026-04-03T06:47:41.673+0600][106.809s][info][gc,heap     ] GC(36) y: Max Capacity: 3922M(100%)
[2026-04-03T06:47:41.673+0600][106.809s][info][gc,heap     ] GC(36) y: Soft Max Capacity: 3529M(90%)
[2026-04-03T06:47:41.673+0600][106.809s][info][gc,heap     ] GC(36) y: Heap Statistics:
[2026-04-03T06:47:41.673+0600][106.809s][info][gc,heap     ] GC(36) y:                Mark Start          Mark End        Relocate Start      Relocate End           High               Low         
[2026-04-03T06:47:41.673+0600][106.810s][info][gc,heap     ] GC(36) y:  Capacity:     3922M (100%)       3922M (100%)       3922M (100%)       3922M (100%)       3922M (100%)       3922M (100%)   
[2026-04-03T06:47:41.673+0600][106.810s][info][gc,heap     ] GC(36) y:      Free:      608M (16%)         470M (12%)        2558M (65%)        3488M (89%)        3488M (89%)         470M (12%)    
[2026-04-03T06:47:41.673+0600][106.810s][info][gc,heap     ] GC(36) y:      Used:     3314M (84%)        3452M (88%)        1364M (35%)         434M (11%)        3452M (88%)         434M (11%)    
[2026-04-03T06:47:41.673+0600][106.810s][info][gc,heap     ] GC(36) y: Young Generation Statistics:
[2026-04-03T06:47:41.673+0600][106.810s][info][gc,heap     ] GC(36) y:                Mark Start          Mark End        Relocate Start      Relocate End    
[2026-04-03T06:47:41.673+0600][106.810s][info][gc,heap     ] GC(36) y:      Used:     3094M (79%)        3232M (82%)        1144M (29%)         214M (5%)     
[2026-04-03T06:47:41.673+0600][106.810s][info][gc,heap     ] GC(36) y:      Live:         -                46M (1%)           46M (1%)           46M (1%)     
[2026-04-03T06:47:41.673+0600][106.810s][info][gc,heap     ] GC(36) y:   Garbage:         -              3047M (78%)         959M (24%)           5M (0%)     
[2026-04-03T06:47:41.673+0600][106.810s][info][gc,heap     ] GC(36) y: Allocated:         -               138M (4%)          138M (4%)          162M (4%)     
[2026-04-03T06:47:41.673+0600][106.810s][info][gc,heap     ] GC(36) y: Reclaimed:         -                  -              2088M (53%)        3042M (78%)    
[2026-04-03T06:47:41.673+0600][106.810s][info][gc,heap     ] GC(36) y:  Promoted:         -                  -                 0M (0%)            0M (0%)     
[2026-04-03T06:47:41.673+0600][106.810s][info][gc,heap     ] GC(36) y: Compacted:         -                  -                  -                 9M (0%)     
[2026-04-03T06:47:41.673+0600][106.810s][info][gc,phases   ] GC(36) y: Young Generation 3314M(84%)->434M(11%) 0.162s
[2026-04-03T06:47:41.673+0600][106.810s][info][gc          ] GC(36) Minor Collection (Allocation Rate) 3314M(84%)->434M(11%) 0.162s
[2026-04-03T06:47:44.066+0600][109.203s][info][gc          ] GC(37) Minor Collection (Allocation Rate)
[2026-04-03T06:47:44.067+0600][109.203s][info][gc,task     ] GC(37) Using 1 Workers for Young Generation
[2026-04-03T06:47:44.067+0600][109.203s][info][gc,phases   ] GC(37) y: Young Generation
[2026-04-03T06:47:44.067+0600][109.203s][info][gc,phases   ] GC(37) y: Pause Mark Start 0.016ms
[2026-04-03T06:47:44.145+0600][109.281s][info][gc,phases   ] GC(37) y: Concurrent Mark 77.688ms
[2026-04-03T06:47:44.145+0600][109.281s][info][gc,phases   ] GC(37) y: Pause Mark End 0.023ms
[2026-04-03T06:47:44.145+0600][109.281s][info][gc,phases   ] GC(37) y: Concurrent Mark Free 0.002ms
[2026-04-03T06:47:44.145+0600][109.282s][info][gc,phases   ] GC(37) y: Concurrent Reset Relocation Set 0.032ms
[2026-04-03T06:47:44.147+0600][109.283s][info][gc,reloc    ] GC(37) y: Using tenuring threshold: 6 (Computed)
[2026-04-03T06:47:44.150+0600][109.286s][info][gc,phases   ] GC(37) y: Concurrent Select Relocation Set 4.921ms
[2026-04-03T06:47:44.150+0600][109.287s][info][gc,phases   ] GC(37) y: Pause Relocate Start 0.019ms
[2026-04-03T06:47:44.164+0600][109.301s][info][gc,phases   ] GC(37) y: Concurrent Relocate 13.592ms
[2026-04-03T06:47:44.164+0600][109.301s][info][gc,alloc    ] GC(37) y:                         Mark Start        Mark End      Relocate Start    Relocate End   
[2026-04-03T06:47:44.164+0600][109.301s][info][gc,alloc    ] GC(37) y: Allocation Stalls:          0                0                0                0         
[2026-04-03T06:47:44.164+0600][109.301s][info][gc,load     ] GC(37) y: Load: 9.81 (82%) / 10.55 (88%) / 7.74 (65%)
[2026-04-03T06:47:44.164+0600][109.301s][info][gc,mmu      ] GC(37) y: MMU: 2ms/94.5%, 5ms/97.8%, 10ms/98.4%, 20ms/99.2%, 50ms/99.7%, 100ms/99.8%
[2026-04-03T06:47:44.164+0600][109.301s][info][gc,marking  ] GC(37) y: Mark: 1 stripe(s), 2 proactive flush(es), 1 terminate flush(es), 0 completion(s), 0 continuation(s) 
[2026-04-03T06:47:44.164+0600][109.301s][info][gc,marking  ] GC(37) y: Mark Stack Usage: 32M
[2026-04-03T06:47:44.164+0600][109.301s][info][gc,nmethod  ] GC(37) y: NMethods: 14675 registered, 3693 unregistered
[2026-04-03T06:47:44.164+0600][109.301s][info][gc,metaspace] GC(37) y: Metaspace: 129M used, 130M committed, 1152M reserved
[2026-04-03T06:47:44.164+0600][109.301s][info][gc,reloc    ] GC(37) y:                        Candidates     Selected     In-Place         Size        Empty    Relocated 
[2026-04-03T06:47:44.164+0600][109.301s][info][gc,reloc    ] GC(37) y: Small Pages:                  831          410            0        1662M         782M          10M 
[2026-04-03T06:47:44.164+0600][109.301s][info][gc,reloc    ] GC(37) y: Medium Pages:                   9            0            0         288M         288M           0M 
[2026-04-03T06:47:44.164+0600][109.301s][info][gc,reloc    ] GC(37) y: Large Pages:                  169            0            0        1014M        1014M           0M 
[2026-04-03T06:47:44.164+0600][109.301s][info][gc,reloc    ] GC(37) y: Forwarding Usage: 1M
[2026-04-03T06:47:44.164+0600][109.301s][info][gc,reloc    ] GC(37) y: Age Table:
[2026-04-03T06:47:44.164+0600][109.301s][info][gc,reloc    ] GC(37) y:                    Live             Garbage             Small              Medium             Large        
[2026-04-03T06:47:44.164+0600][109.301s][info][gc,reloc    ] GC(37) y: Eden               7M (0%)         2880M (73%)        793 / 397            9 / 0            169 / 0        
[2026-04-03T06:47:44.164+0600][109.301s][info][gc,reloc    ] GC(37) y: Survivor 1         7M (0%)           16M (0%)          12 / 8              0 / 0              0 / 0        
[2026-04-03T06:47:44.164+0600][109.301s][info][gc,reloc    ] GC(37) y: Survivor 2         7M (0%)            2M (0%)           5 / 1              0 / 0              0 / 0        
[2026-04-03T06:47:44.164+0600][109.301s][info][gc,reloc    ] GC(37) y: Survivor 3         7M (0%)            2M (0%)           5 / 1              0 / 0              0 / 0        
[2026-04-03T06:47:44.164+0600][109.301s][info][gc,reloc    ] GC(37) y: Survivor 4         8M (0%)            1M (0%)           5 / 0              0 / 0              0 / 0        
[2026-04-03T06:47:44.164+0600][109.301s][info][gc,reloc    ] GC(37) y: Survivor 5         7M (0%)            4M (0%)           6 / 1              0 / 0              0 / 0        
[2026-04-03T06:47:44.164+0600][109.301s][info][gc,reloc    ] GC(37) y: Survivor 6         7M (0%)            2M (0%)           5 / 2              0 / 0              0 / 0        
[2026-04-03T06:47:44.164+0600][109.301s][info][gc,heap     ] GC(37) y: Min Capacity: 8M(0%)
[2026-04-03T06:47:44.164+0600][109.301s][info][gc,heap     ] GC(37) y: Max Capacity: 3922M(100%)
[2026-04-03T06:47:44.164+0600][109.301s][info][gc,heap     ] GC(37) y: Soft Max Capacity: 3529M(90%)
[2026-04-03T06:47:44.164+0600][109.301s][info][gc,heap     ] GC(37) y: Heap Statistics:
[2026-04-03T06:47:44.164+0600][109.301s][info][gc,heap     ] GC(37) y:                Mark Start          Mark End        Relocate Start      Relocate End           High               Low         
[2026-04-03T06:47:44.164+0600][109.301s][info][gc,heap     ] GC(37) y:  Capacity:     3922M (100%)       3922M (100%)       3922M (100%)       3922M (100%)       3922M (100%)       3922M (100%)   
[2026-04-03T06:47:44.164+0600][109.301s][info][gc,heap     ] GC(37) y:      Free:      738M (19%)         694M (18%)        2776M (71%)        3548M (90%)        3582M (91%)         694M (18%)    
[2026-04-03T06:47:44.164+0600][109.301s][info][gc,heap     ] GC(37) y:      Used:     3184M (81%)        3228M (82%)        1146M (29%)         374M (10%)        3228M (82%)         340M (9%)     
[2026-04-03T06:47:44.164+0600][109.301s][info][gc,heap     ] GC(37) y: Young Generation Statistics:
[2026-04-03T06:47:44.164+0600][109.301s][info][gc,heap     ] GC(37) y:                Mark Start          Mark End        Relocate Start      Relocate End    
[2026-04-03T06:47:44.164+0600][109.301s][info][gc,heap     ] GC(37) y:      Used:     2964M (76%)        3008M (77%)         920M (23%)         144M (4%)     
[2026-04-03T06:47:44.164+0600][109.301s][info][gc,heap     ] GC(37) y:      Live:         -                53M (1%)           48M (1%)           46M (1%)     
[2026-04-03T06:47:44.164+0600][109.301s][info][gc,heap     ] GC(37) y:   Garbage:         -              2910M (74%)         825M (21%)           3M (0%)     
[2026-04-03T06:47:44.164+0600][109.301s][info][gc,heap     ] GC(37) y: Allocated:         -                44M (1%)           46M (1%)           93M (2%)     
[2026-04-03T06:47:44.164+0600][109.301s][info][gc,heap     ] GC(37) y: Reclaimed:         -                  -              2084M (53%)        2906M (74%)    
[2026-04-03T06:47:44.164+0600][109.301s][info][gc,heap     ] GC(37) y:  Promoted:         -                  -                 5M (0%)            7M (0%)     
[2026-04-03T06:47:44.164+0600][109.301s][info][gc,heap     ] GC(37) y: Compacted:         -                  -                  -                10M (0%)     
[2026-04-03T06:47:44.164+0600][109.301s][info][gc,phases   ] GC(37) y: Young Generation 3184M(81%)->374M(10%) 0.097s
[2026-04-03T06:47:44.164+0600][109.301s][info][gc          ] GC(37) Minor Collection (Allocation Rate) 3184M(81%)->374M(10%) 0.098s
[2026-04-03T06:47:46.716+0600][111.852s][info][gc          ] GC(38) Minor Collection (Allocation Rate)
[2026-04-03T06:47:46.716+0600][111.853s][info][gc,task     ] GC(38) Using 1 Workers for Young Generation
[2026-04-03T06:47:46.716+0600][111.853s][info][gc,phases   ] GC(38) y: Young Generation
[2026-04-03T06:47:46.716+0600][111.853s][info][gc,phases   ] GC(38) y: Pause Mark Start 0.018ms
[2026-04-03T06:47:46.830+0600][111.966s][info][gc,phases   ] GC(38) y: Concurrent Mark 113.027ms
[2026-04-03T06:47:46.830+0600][111.966s][info][gc,phases   ] GC(38) y: Pause Mark End 0.032ms
[2026-04-03T06:47:46.830+0600][111.967s][info][gc,phases   ] GC(38) y: Concurrent Mark Free 0.004ms
[2026-04-03T06:47:46.830+0600][111.967s][info][gc,phases   ] GC(38) y: Concurrent Reset Relocation Set 0.064ms
[2026-04-03T06:47:46.833+0600][111.970s][info][gc,reloc    ] GC(38) y: Using tenuring threshold: 6 (Computed)
[2026-04-03T06:47:46.838+0600][111.974s][info][gc,phases   ] GC(38) y: Concurrent Select Relocation Set 7.474ms
[2026-04-03T06:47:46.838+0600][111.975s][info][gc,phases   ] GC(38) y: Pause Relocate Start 0.018ms
[2026-04-03T06:47:46.856+0600][111.992s][info][gc,phases   ] GC(38) y: Concurrent Relocate 17.393ms
[2026-04-03T06:47:46.856+0600][111.992s][info][gc,alloc    ] GC(38) y:                         Mark Start        Mark End      Relocate Start    Relocate End   
[2026-04-03T06:47:46.856+0600][111.992s][info][gc,alloc    ] GC(38) y: Allocation Stalls:          0                0                0                0         
[2026-04-03T06:47:46.856+0600][111.992s][info][gc,load     ] GC(38) y: Load: 9.51 (79%) / 10.47 (87%) / 7.73 (64%)
[2026-04-03T06:47:46.856+0600][111.992s][info][gc,mmu      ] GC(38) y: MMU: 2ms/94.5%, 5ms/97.8%, 10ms/98.4%, 20ms/99.2%, 50ms/99.7%, 100ms/99.8%
[2026-04-03T06:47:46.856+0600][111.992s][info][gc,marking  ] GC(38) y: Mark: 1 stripe(s), 2 proactive flush(es), 1 terminate flush(es), 0 completion(s), 0 continuation(s) 
[2026-04-03T06:47:46.856+0600][111.993s][info][gc,marking  ] GC(38) y: Mark Stack Usage: 32M
[2026-04-03T06:47:46.856+0600][111.993s][info][gc,nmethod  ] GC(38) y: NMethods: 14715 registered, 3693 unregistered
[2026-04-03T06:47:46.856+0600][111.993s][info][gc,metaspace] GC(38) y: Metaspace: 129M used, 130M committed, 1152M reserved
[2026-04-03T06:47:46.856+0600][111.993s][info][gc,reloc    ] GC(38) y:                        Candidates     Selected     In-Place         Size        Empty    Relocated 
[2026-04-03T06:47:46.856+0600][111.993s][info][gc,reloc    ] GC(38) y: Small Pages:                  861          427            0        1722M         808M           9M 
[2026-04-03T06:47:46.856+0600][111.993s][info][gc,reloc    ] GC(38) y: Medium Pages:                   9            0            0         288M         288M           0M 
[2026-04-03T06:47:46.856+0600][111.993s][info][gc,reloc    ] GC(38) y: Large Pages:                  169            0            0        1014M        1014M           0M 
[2026-04-03T06:47:46.856+0600][111.993s][info][gc,reloc    ] GC(38) y: Forwarding Usage: 1M
[2026-04-03T06:47:46.856+0600][111.993s][info][gc,reloc    ] GC(38) y: Age Table:
[2026-04-03T06:47:46.856+0600][111.993s][info][gc,reloc    ] GC(38) y:                    Live             Garbage             Small              Medium             Large        
[2026-04-03T06:47:46.856+0600][111.993s][info][gc,reloc    ] GC(38) y: Eden               7M (0%)         2954M (75%)        830 / 421            9 / 0            169 / 0        
[2026-04-03T06:47:46.856+0600][111.993s][info][gc,reloc    ] GC(38) y: Survivor 1         7M (0%)            2M (0%)           5 / 1              0 / 0              0 / 0        
[2026-04-03T06:47:46.856+0600][111.993s][info][gc,reloc    ] GC(38) y: Survivor 2         7M (0%)            2M (0%)           5 / 0              0 / 0              0 / 0        
[2026-04-03T06:47:46.856+0600][111.993s][info][gc,reloc    ] GC(38) y: Survivor 3         7M (0%)            2M (0%)           5 / 1              0 / 0              0 / 0        
[2026-04-03T06:47:46.856+0600][111.993s][info][gc,reloc    ] GC(38) y: Survivor 4         7M (0%)            2M (0%)           5 / 1              0 / 0              0 / 0        
[2026-04-03T06:47:46.856+0600][111.993s][info][gc,reloc    ] GC(38) y: Survivor 5         8M (0%)            1M (0%)           5 / 1              0 / 0              0 / 0        
[2026-04-03T06:47:46.856+0600][111.993s][info][gc,reloc    ] GC(38) y: Survivor 6         7M (0%)            4M (0%)           6 / 2              0 / 0              0 / 0        
[2026-04-03T06:47:46.856+0600][111.993s][info][gc,heap     ] GC(38) y: Min Capacity: 8M(0%)
[2026-04-03T06:47:46.856+0600][111.993s][info][gc,heap     ] GC(38) y: Max Capacity: 3922M(100%)
[2026-04-03T06:47:46.856+0600][111.993s][info][gc,heap     ] GC(38) y: Soft Max Capacity: 3529M(90%)
[2026-04-03T06:47:46.856+0600][111.993s][info][gc,heap     ] GC(38) y: Heap Statistics:
[2026-04-03T06:47:46.856+0600][111.993s][info][gc,heap     ] GC(38) y:                Mark Start          Mark End        Relocate Start      Relocate End           High               Low         
[2026-04-03T06:47:46.856+0600][111.993s][info][gc,heap     ] GC(38) y:  Capacity:     3922M (100%)       3922M (100%)       3922M (100%)       3922M (100%)       3922M (100%)       3922M (100%)   
[2026-04-03T06:47:46.856+0600][111.993s][info][gc,heap     ] GC(38) y:      Free:      668M (17%)         534M (14%)        2644M (67%)        3470M (88%)        3470M (88%)         534M (14%)    
[2026-04-03T06:47:46.856+0600][111.993s][info][gc,heap     ] GC(38) y:      Used:     3254M (83%)        3388M (86%)        1278M (33%)         452M (12%)        3388M (86%)         452M (12%)    
[2026-04-03T06:47:46.856+0600][111.993s][info][gc,heap     ] GC(38) y: Young Generation Statistics:
[2026-04-03T06:47:46.856+0600][111.993s][info][gc,heap     ] GC(38) y:                Mark Start          Mark End        Relocate Start      Relocate End    
[2026-04-03T06:47:46.856+0600][111.993s][info][gc,heap     ] GC(38) y:      Used:     3024M (77%)        3158M (81%)        1040M (27%)         212M (5%)     
[2026-04-03T06:47:46.856+0600][111.993s][info][gc,heap     ] GC(38) y:      Live:         -                54M (1%)           47M (1%)           46M (1%)     
[2026-04-03T06:47:46.856+0600][111.993s][info][gc,heap     ] GC(38) y:   Garbage:         -              2969M (76%)         858M (22%)           2M (0%)     
[2026-04-03T06:47:46.856+0600][111.993s][info][gc,heap     ] GC(38) y: Allocated:         -               134M (3%)          134M (3%)          162M (4%)     
[2026-04-03T06:47:46.856+0600][111.993s][info][gc,heap     ] GC(38) y: Reclaimed:         -                  -              2111M (54%)        2967M (76%)    
[2026-04-03T06:47:46.856+0600][111.993s][info][gc,heap     ] GC(38) y:  Promoted:         -                  -                 6M (0%)            7M (0%)     
[2026-04-03T06:47:46.856+0600][111.993s][info][gc,heap     ] GC(38) y: Compacted:         -                  -                  -                 9M (0%)     
[2026-04-03T06:47:46.856+0600][111.993s][info][gc,phases   ] GC(38) y: Young Generation 3254M(83%)->452M(12%) 0.140s
[2026-04-03T06:47:46.856+0600][111.993s][info][gc          ] GC(38) Minor Collection (Allocation Rate) 3254M(83%)->452M(12%) 0.140s
[2026-04-03T06:47:49.341+0600][114.478s][info][gc          ] GC(39) Minor Collection (Allocation Rate)
[2026-04-03T06:47:49.341+0600][114.478s][info][gc,task     ] GC(39) Using 1 Workers for Young Generation
[2026-04-03T06:47:49.342+0600][114.478s][info][gc,phases   ] GC(39) y: Young Generation
[2026-04-03T06:47:49.342+0600][114.478s][info][gc,phases   ] GC(39) y: Pause Mark Start 0.014ms
[2026-04-03T06:47:49.450+0600][114.587s][info][gc,phases   ] GC(39) y: Concurrent Mark 108.710ms
[2026-04-03T06:47:49.451+0600][114.587s][info][gc,phases   ] GC(39) y: Pause Mark End 0.055ms
[2026-04-03T06:47:49.451+0600][114.587s][info][gc,phases   ] GC(39) y: Concurrent Mark Free 0.003ms
[2026-04-03T06:47:49.451+0600][114.588s][info][gc,phases   ] GC(39) y: Concurrent Reset Relocation Set 0.052ms
[2026-04-03T06:47:49.454+0600][114.590s][info][gc,reloc    ] GC(39) y: Using tenuring threshold: 6 (Computed)
[2026-04-03T06:47:49.459+0600][114.596s][info][gc,phases   ] GC(39) y: Concurrent Select Relocation Set 8.276ms
[2026-04-03T06:47:49.460+0600][114.596s][info][gc,phases   ] GC(39) y: Pause Relocate Start 0.020ms
[2026-04-03T06:47:49.478+0600][114.615s][info][gc,phases   ] GC(39) y: Concurrent Relocate 18.378ms
[2026-04-03T06:47:49.478+0600][114.615s][info][gc,alloc    ] GC(39) y:                         Mark Start        Mark End      Relocate Start    Relocate End   
[2026-04-03T06:47:49.478+0600][114.615s][info][gc,alloc    ] GC(39) y: Allocation Stalls:          0                0                0                0         
[2026-04-03T06:47:49.478+0600][114.615s][info][gc,load     ] GC(39) y: Load: 9.51 (79%) / 10.47 (87%) / 7.73 (64%)
[2026-04-03T06:47:49.478+0600][114.615s][info][gc,mmu      ] GC(39) y: MMU: 2ms/94.5%, 5ms/97.8%, 10ms/98.4%, 20ms/99.2%, 50ms/99.7%, 100ms/99.8%
[2026-04-03T06:47:49.478+0600][114.615s][info][gc,marking  ] GC(39) y: Mark: 1 stripe(s), 2 proactive flush(es), 1 terminate flush(es), 0 completion(s), 0 continuation(s) 
[2026-04-03T06:47:49.478+0600][114.615s][info][gc,marking  ] GC(39) y: Mark Stack Usage: 32M
[2026-04-03T06:47:49.478+0600][114.615s][info][gc,nmethod  ] GC(39) y: NMethods: 14758 registered, 3693 unregistered
[2026-04-03T06:47:49.478+0600][114.615s][info][gc,metaspace] GC(39) y: Metaspace: 129M used, 130M committed, 1152M reserved
[2026-04-03T06:47:49.478+0600][114.615s][info][gc,reloc    ] GC(39) y:                        Candidates     Selected     In-Place         Size        Empty    Relocated 
[2026-04-03T06:47:49.478+0600][114.615s][info][gc,reloc    ] GC(39) y: Small Pages:                  857          436            0        1714M         782M           9M 
[2026-04-03T06:47:49.478+0600][114.615s][info][gc,reloc    ] GC(39) y: Medium Pages:                   9            0            0         288M         288M           0M 
[2026-04-03T06:47:49.478+0600][114.615s][info][gc,reloc    ] GC(39) y: Large Pages:                  169            0            0        1014M        1014M           0M 
[2026-04-03T06:47:49.479+0600][114.615s][info][gc,reloc    ] GC(39) y: Forwarding Usage: 1M
[2026-04-03T06:47:49.479+0600][114.615s][info][gc,reloc    ] GC(39) y: Age Table:
[2026-04-03T06:47:49.479+0600][114.615s][info][gc,reloc    ] GC(39) y:                    Live             Garbage             Small              Medium             Large        
[2026-04-03T06:47:49.479+0600][114.615s][info][gc,reloc    ] GC(39) y: Eden               8M (0%)         2937M (75%)        822 / 426            9 / 0            169 / 0        
[2026-04-03T06:47:49.479+0600][114.615s][info][gc,reloc    ] GC(39) y: Survivor 1         7M (0%)           12M (0%)          10 / 6              0 / 0              0 / 0        
[2026-04-03T06:47:49.479+0600][114.615s][info][gc,reloc    ] GC(39) y: Survivor 2         7M (0%)            2M (0%)           5 / 1              0 / 0              0 / 0        
[2026-04-03T06:47:49.479+0600][114.615s][info][gc,reloc    ] GC(39) y: Survivor 3         7M (0%)            2M (0%)           5 / 1              0 / 0              0 / 0        
[2026-04-03T06:47:49.479+0600][114.615s][info][gc,reloc    ] GC(39) y: Survivor 4         7M (0%)            2M (0%)           5 / 1              0 / 0              0 / 0        
[2026-04-03T06:47:49.479+0600][114.615s][info][gc,reloc    ] GC(39) y: Survivor 5         7M (0%)            2M (0%)           5 / 0              0 / 0              0 / 0        
[2026-04-03T06:47:49.479+0600][114.615s][info][gc,reloc    ] GC(39) y: Survivor 6         8M (0%)            1M (0%)           5 / 1              0 / 0              0 / 0        
[2026-04-03T06:47:49.479+0600][114.615s][info][gc,heap     ] GC(39) y: Min Capacity: 8M(0%)
[2026-04-03T06:47:49.479+0600][114.615s][info][gc,heap     ] GC(39) y: Max Capacity: 3922M(100%)
[2026-04-03T06:47:49.479+0600][114.615s][info][gc,heap     ] GC(39) y: Soft Max Capacity: 3529M(90%)
[2026-04-03T06:47:49.479+0600][114.615s][info][gc,heap     ] GC(39) y: Heap Statistics:
[2026-04-03T06:47:49.479+0600][114.615s][info][gc,heap     ] GC(39) y:                Mark Start          Mark End        Relocate Start      Relocate End           High               Low         
[2026-04-03T06:47:49.479+0600][114.615s][info][gc,heap     ] GC(39) y:  Capacity:     3922M (100%)       3922M (100%)       3922M (100%)       3922M (100%)       3922M (100%)       3922M (100%)   
[2026-04-03T06:47:49.479+0600][114.615s][info][gc,heap     ] GC(39) y:      Free:      666M (17%)         540M (14%)        2622M (67%)        3470M (88%)        3472M (89%)         540M (14%)    
[2026-04-03T06:47:49.479+0600][114.615s][info][gc,heap     ] GC(39) y:      Used:     3256M (83%)        3382M (86%)        1300M (33%)         452M (12%)        3382M (86%)         450M (11%)    
[2026-04-03T06:47:49.479+0600][114.615s][info][gc,heap     ] GC(39) y: Young Generation Statistics:
[2026-04-03T06:47:49.479+0600][114.615s][info][gc,heap     ] GC(39) y:                Mark Start          Mark End        Relocate Start      Relocate End    
[2026-04-03T06:47:49.479+0600][114.615s][info][gc,heap     ] GC(39) y:      Used:     3016M (77%)        3142M (80%)        1052M (27%)         202M (5%)     
[2026-04-03T06:47:49.479+0600][114.615s][info][gc,heap     ] GC(39) y:      Live:         -                54M (1%)           47M (1%)           46M (1%)     
[2026-04-03T06:47:49.479+0600][114.615s][info][gc,heap     ] GC(39) y:   Garbage:         -              2961M (76%)         876M (22%)           2M (0%)     
[2026-04-03T06:47:49.479+0600][114.615s][info][gc,heap     ] GC(39) y: Allocated:         -               126M (3%)          128M (3%)          152M (4%)     
[2026-04-03T06:47:49.479+0600][114.615s][info][gc,heap     ] GC(39) y: Reclaimed:         -                  -              2084M (53%)        2958M (75%)    
[2026-04-03T06:47:49.479+0600][114.615s][info][gc,heap     ] GC(39) y:  Promoted:         -                  -                 7M (0%)            8M (0%)     
[2026-04-03T06:47:49.479+0600][114.615s][info][gc,heap     ] GC(39) y: Compacted:         -                  -                  -                 9M (0%)     
[2026-04-03T06:47:49.479+0600][114.615s][info][gc,phases   ] GC(39) y: Young Generation 3256M(83%)->452M(12%) 0.137s
[2026-04-03T06:47:49.479+0600][114.615s][info][gc          ] GC(39) Minor Collection (Allocation Rate) 3256M(83%)->456M(12%) 0.137s
[2026-04-03T06:47:52.785+0600][117.921s][info][gc,exit     ] Stopping ZGC
[2026-04-03T06:47:52.785+0600][117.922s][info][gc,stats    ] === Garbage Collection Statistics =======================================================================================================================
[2026-04-03T06:47:52.785+0600][117.922s][info][gc,stats    ]                                                              Last 10s              Last 10m              Last 10h                Total
[2026-04-03T06:47:52.785+0600][117.922s][info][gc,stats    ]                                                              Avg / Max             Avg / Max             Avg / Max             Avg / Max
[2026-04-03T06:47:52.785+0600][117.922s][info][gc,stats    ]        Contention: Mark Segment Reset Contention                     0 / 0                 4 / 193               4 / 193               4 / 193         ops/s
[2026-04-03T06:47:52.785+0600][117.922s][info][gc,stats    ]        Contention: Mark SeqNum Reset Contention                      0 / 0                 0 / 7                 0 / 7                 0 / 7           ops/s
[2026-04-03T06:47:52.785+0600][117.922s][info][gc,stats    ]          Critical: Allocation Stall                                  0 / 0                 0 / 0                 0 / 0                 0 / 0           ops/s
[2026-04-03T06:47:52.785+0600][117.922s][info][gc,stats    ]          Critical: Allocation Stall                              0.000 / 0.000         0.000 / 0.000         0.000 / 0.000         0.000 / 0.000       ms
[2026-04-03T06:47:52.785+0600][117.922s][info][gc,stats    ]          Critical: JNI Critical Stall                                1 / 8                 1 / 16                1 / 16                1 / 16          ops/s
[2026-04-03T06:47:52.785+0600][117.922s][info][gc,stats    ]          Critical: JNI Critical Stall                            0.569 / 0.670         0.725 / 3.801         0.725 / 3.801         0.725 / 3.801       ms
[2026-04-03T06:47:52.785+0600][117.922s][info][gc,stats    ]          Critical: Relocation Stall                                  0 / 0                 0 / 0                 0 / 0                 0 / 0           ops/s
[2026-04-03T06:47:52.785+0600][117.922s][info][gc,stats    ]          Critical: Relocation Stall                              0.000 / 0.000         0.000 / 0.000         0.000 / 0.000         0.000 / 0.000       ms
[2026-04-03T06:47:52.785+0600][117.922s][info][gc,stats    ]  Major Collection: Major Collection                              0.000 / 0.000       232.316 / 350.432     232.316 / 350.432     232.316 / 350.432     ms
[2026-04-03T06:47:52.785+0600][117.922s][info][gc,stats    ]            Memory: Allocation Rate                                1080 / 1824            797 / 1898            797 / 1898            797 / 1898        MB/s
[2026-04-03T06:47:52.785+0600][117.922s][info][gc,stats    ]            Memory: Defragment                                        0 / 0                 8 / 239               8 / 239               8 / 239         ops/s
[2026-04-03T06:47:52.785+0600][117.922s][info][gc,stats    ]            Memory: Out Of Memory                                     0 / 0                 0 / 0                 0 / 0                 0 / 0           ops/s
[2026-04-03T06:47:52.785+0600][117.922s][info][gc,stats    ]            Memory: Page Cache Flush                                  0 / 0                21 / 478              21 / 478              21 / 478         MB/s
[2026-04-03T06:47:52.785+0600][117.922s][info][gc,stats    ]            Memory: Page Cache Hit L1                               384 / 556             267 / 567             267 / 567             267 / 567         ops/s
[2026-04-03T06:47:52.785+0600][117.922s][info][gc,stats    ]            Memory: Page Cache Hit L2                                 0 / 0                 0 / 0                 0 / 0                 0 / 0           ops/s
[2026-04-03T06:47:52.785+0600][117.922s][info][gc,stats    ]            Memory: Page Cache Hit L3                                 0 / 0                 8 / 160               8 / 160               8 / 160         ops/s
[2026-04-03T06:47:52.785+0600][117.922s][info][gc,stats    ]            Memory: Page Cache Miss                                   0 / 0                 4 / 65                4 / 65                4 / 65          ops/s
[2026-04-03T06:47:52.785+0600][117.922s][info][gc,stats    ]            Memory: Uncommit                                          0 / 0                 0 / 0                 0 / 0                 0 / 0           MB/s
[2026-04-03T06:47:52.785+0600][117.922s][info][gc,stats    ]            Memory: Undo Object Allocation Failed                     0 / 0                 0 / 0                 0 / 0                 0 / 0           ops/s
[2026-04-03T06:47:52.785+0600][117.922s][info][gc,stats    ]            Memory: Undo Object Allocation Succeeded                  0 / 0                17 / 1995             17 / 1995             17 / 1995        ops/s
[2026-04-03T06:47:52.785+0600][117.922s][info][gc,stats    ]            Memory: Undo Page Allocation                              0 / 0                 0 / 7                 0 / 7                 0 / 7           ops/s
[2026-04-03T06:47:52.785+0600][117.922s][info][gc,stats    ]  Minor Collection: Minor Collection                            125.307 / 140.490     136.561 / 221.196     136.561 / 221.196     136.561 / 221.196     ms
[2026-04-03T06:47:52.785+0600][117.922s][info][gc,stats    ]    Old Generation: Old Generation                                0.000 / 0.000       101.101 / 254.404     101.101 / 254.404     101.101 / 254.404     ms
[2026-04-03T06:47:52.785+0600][117.922s][info][gc,stats    ]         Old Pause: Pause Mark End                                0.000 / 0.000         0.034 / 0.052         0.034 / 0.052         0.034 / 0.052       ms
[2026-04-03T06:47:52.785+0600][117.922s][info][gc,stats    ]         Old Pause: Pause Relocate Start                          0.000 / 0.000         0.027 / 0.033         0.027 / 0.033         0.027 / 0.033       ms
[2026-04-03T06:47:52.785+0600][117.922s][info][gc,stats    ]         Old Phase: Concurrent Mark                               0.000 / 0.000        37.429 / 138.930      37.429 / 138.930      37.429 / 138.930     ms
[2026-04-03T06:47:52.785+0600][117.922s][info][gc,stats    ]         Old Phase: Concurrent Mark Continue                      0.000 / 0.000         0.000 / 0.000         0.000 / 0.000         0.000 / 0.000       ms
[2026-04-03T06:47:52.785+0600][117.922s][info][gc,stats    ]         Old Phase: Concurrent Mark Free                          0.000 / 0.000         0.005 / 0.036         0.005 / 0.036         0.005 / 0.036       ms
[2026-04-03T06:47:52.785+0600][117.922s][info][gc,stats    ]         Old Phase: Concurrent Process Non-Strong                 0.000 / 0.000        21.409 / 41.346       21.409 / 41.346       21.409 / 41.346      ms
[2026-04-03T06:47:52.785+0600][117.922s][info][gc,stats    ]         Old Phase: Concurrent Relocate                           0.000 / 0.000        10.441 / 48.067       10.441 / 48.067       10.441 / 48.067      ms
[2026-04-03T06:47:52.785+0600][117.922s][info][gc,stats    ]         Old Phase: Concurrent Remap Roots                        0.000 / 0.000        24.516 / 30.176       24.516 / 30.176       24.516 / 30.176      ms
[2026-04-03T06:47:52.785+0600][117.922s][info][gc,stats    ]         Old Phase: Concurrent Reset Relocation Set               0.000 / 0.000         0.003 / 0.011         0.003 / 0.011         0.003 / 0.011       ms
[2026-04-03T06:47:52.785+0600][117.922s][info][gc,stats    ]         Old Phase: Concurrent Select Relocation Set              0.000 / 0.000         4.849 / 15.431        4.849 / 15.431        4.849 / 15.431      ms
[2026-04-03T06:47:52.785+0600][117.922s][info][gc,stats    ]      Old Subphase: Concurrent Classes Purge                      0.000 / 0.000         1.026 / 4.463         1.026 / 4.463         1.026 / 4.463       ms
[2026-04-03T06:47:52.785+0600][117.922s][info][gc,stats    ]      Old Subphase: Concurrent Classes Unlink                     0.000 / 0.000        16.752 / 32.185       16.752 / 32.185       16.752 / 32.185      ms
[2026-04-03T06:47:52.785+0600][117.922s][info][gc,stats    ]      Old Subphase: Concurrent Mark Follow                        0.000 / 0.000        36.402 / 137.584      36.402 / 137.584      36.402 / 137.584     ms
[2026-04-03T06:47:52.785+0600][117.922s][info][gc,stats    ]      Old Subphase: Concurrent Mark Root Colored                  0.000 / 0.000         0.241 / 0.645         0.241 / 0.645         0.241 / 0.645       ms
[2026-04-03T06:47:52.785+0600][117.922s][info][gc,stats    ]      Old Subphase: Concurrent Mark Root Uncolored                0.000 / 0.000         0.619 / 1.229         0.619 / 1.229         0.619 / 1.229       ms
[2026-04-03T06:47:52.785+0600][117.922s][info][gc,stats    ]      Old Subphase: Concurrent Mark Roots                         0.000 / 0.000         1.021 / 1.742         1.021 / 1.742         1.021 / 1.742       ms
[2026-04-03T06:47:52.786+0600][117.922s][info][gc,stats    ]      Old Subphase: Concurrent References Enqueue                 0.000 / 0.000         0.003 / 0.008         0.003 / 0.008         0.003 / 0.008       ms
[2026-04-03T06:47:52.786+0600][117.922s][info][gc,stats    ]      Old Subphase: Concurrent References Process                 0.000 / 0.000         0.833 / 3.458         0.833 / 3.458         0.833 / 3.458       ms
[2026-04-03T06:47:52.786+0600][117.922s][info][gc,stats    ]      Old Subphase: Concurrent Remap Remembered                   0.000 / 0.000        18.673 / 25.352       18.673 / 25.352       18.673 / 25.352      ms
[2026-04-03T06:47:52.786+0600][117.922s][info][gc,stats    ]      Old Subphase: Concurrent Remap Roots Colored                0.000 / 0.000         1.947 / 6.201         1.947 / 6.201         1.947 / 6.201       ms
[2026-04-03T06:47:52.786+0600][117.922s][info][gc,stats    ]      Old Subphase: Concurrent Remap Roots Uncolored              0.000 / 0.000         3.418 / 8.129         3.418 / 8.129         3.418 / 8.129       ms
[2026-04-03T06:47:52.786+0600][117.922s][info][gc,stats    ]      Old Subphase: Concurrent Roots ClassLoaderDataGraph         0.000 / 0.000         1.054 / 5.729         1.054 / 5.729         1.054 / 5.729       ms
[2026-04-03T06:47:52.786+0600][117.922s][info][gc,stats    ]      Old Subphase: Concurrent Roots CodeCache                    0.000 / 0.000         3.384 / 8.029         3.384 / 8.029         3.384 / 8.029       ms
[2026-04-03T06:47:52.786+0600][117.922s][info][gc,stats    ]      Old Subphase: Concurrent Roots JavaThreads                  0.000 / 0.000         0.218 / 1.228         0.218 / 1.228         0.218 / 1.228       ms
[2026-04-03T06:47:52.786+0600][117.922s][info][gc,stats    ]      Old Subphase: Concurrent Roots OopStorageSet                0.000 / 0.000         0.026 / 0.241         0.026 / 0.241         0.026 / 0.241       ms
[2026-04-03T06:47:52.786+0600][117.922s][info][gc,stats    ]      Old Subphase: Concurrent Weak Roots OopStorageSet           0.000 / 0.000         0.873 / 4.216         0.873 / 4.216         0.873 / 4.216       ms
[2026-04-03T06:47:52.786+0600][117.922s][info][gc,stats    ]            System: Java Threads                                    281 / 282             212 / 284             212 / 284             212 / 284         threads
[2026-04-03T06:47:52.786+0600][117.922s][info][gc,stats    ]  Young Generation: Young Generation                              0.000 / 0.000       137.968 / 245.041     137.968 / 245.041     137.968 / 245.041     ms
[2026-04-03T06:47:52.786+0600][117.922s][info][gc,stats    ]  Young Generation: Young Generation                            124.701 / 139.806     135.786 / 220.414     135.786 / 220.414     135.786 / 220.414     ms
[2026-04-03T06:47:52.786+0600][117.922s][info][gc,stats    ]  Young Generation: Young Generation (Collect Roots)              0.000 / 0.000        20.991 / 26.860       20.991 / 26.860       20.991 / 26.860      ms
[2026-04-03T06:47:52.786+0600][117.922s][info][gc,stats    ]  Young Generation: Young Generation (Promote All)                0.000 / 0.000        89.574 / 133.162      89.574 / 133.162      89.574 / 133.162     ms
[2026-04-03T06:47:52.786+0600][117.922s][info][gc,stats    ]       Young Pause: Pause Mark End                                0.037 / 0.055         0.031 / 0.109         0.031 / 0.109         0.031 / 0.109       ms
[2026-04-03T06:47:52.786+0600][117.922s][info][gc,stats    ]       Young Pause: Pause Mark Start                              0.016 / 0.018         0.029 / 0.099         0.029 / 0.099         0.029 / 0.099       ms
[2026-04-03T06:47:52.786+0600][117.922s][info][gc,stats    ]       Young Pause: Pause Mark Start (Major)                      0.000 / 0.000         0.026 / 0.032         0.026 / 0.032         0.026 / 0.032       ms
[2026-04-03T06:47:52.786+0600][117.922s][info][gc,stats    ]       Young Pause: Pause Relocate Start                          0.019 / 0.020         0.024 / 0.055         0.024 / 0.055         0.024 / 0.055       ms
[2026-04-03T06:47:52.786+0600][117.922s][info][gc,stats    ]       Young Phase: Concurrent Mark                              99.808 / 113.027      91.039 / 171.938      91.039 / 171.938      91.039 / 171.938     ms
[2026-04-03T06:47:52.786+0600][117.922s][info][gc,stats    ]       Young Phase: Concurrent Mark Continue                      0.000 / 0.000         0.000 / 0.000         0.000 / 0.000         0.000 / 0.000       ms
[2026-04-03T06:47:52.786+0600][117.922s][info][gc,stats    ]       Young Phase: Concurrent Mark Free                          0.003 / 0.004         0.002 / 0.004         0.002 / 0.004         0.002 / 0.004       ms
[2026-04-03T06:47:52.786+0600][117.922s][info][gc,stats    ]       Young Phase: Concurrent Relocate                          16.455 / 18.378       19.049 / 53.520       19.049 / 53.520       19.049 / 53.520      ms
[2026-04-03T06:47:52.786+0600][117.922s][info][gc,stats    ]       Young Phase: Concurrent Reset Relocation Set               0.049 / 0.064         0.039 / 0.075         0.039 / 0.075         0.039 / 0.075       ms
[2026-04-03T06:47:52.786+0600][117.922s][info][gc,stats    ]       Young Phase: Concurrent Select Relocation Set              6.890 / 8.276         7.530 / 20.233        7.530 / 20.233        7.530 / 20.233      ms
[2026-04-03T06:47:52.786+0600][117.922s][info][gc,stats    ]    Young Subphase: Concurrent Mark Follow                       80.364 / 93.353       67.604 / 132.991      67.604 / 132.991      67.604 / 132.991     ms
[2026-04-03T06:47:52.786+0600][117.922s][info][gc,stats    ]    Young Subphase: Concurrent Mark Root Colored                  3.867 / 3.885         6.636 / 19.990        6.636 / 19.990        6.636 / 19.990      ms
[2026-04-03T06:47:52.786+0600][117.922s][info][gc,stats    ]    Young Subphase: Concurrent Mark Root Uncolored               15.353 / 15.546       13.570 / 32.600       13.570 / 32.600       13.570 / 32.600      ms
[2026-04-03T06:47:52.786+0600][117.922s][info][gc,stats    ]    Young Subphase: Concurrent Mark Roots                        19.437 / 19.665       23.425 / 51.955       23.425 / 51.955       23.425 / 51.955      ms
[2026-04-03T06:47:52.786+0600][117.922s][info][gc,stats    ]    Young Subphase: Concurrent Relocate Remset FP                 3.851 / 4.707         3.048 / 26.133        3.048 / 26.133        3.048 / 26.133      ms
[2026-04-03T06:47:52.786+0600][117.922s][info][gc,stats    ]    Young Subphase: Concurrent Roots ClassLoaderDataGraph         1.043 / 1.050         3.840 / 14.243        3.840 / 14.243        3.840 / 14.243      ms
[2026-04-03T06:47:52.786+0600][117.922s][info][gc,stats    ]    Young Subphase: Concurrent Roots CodeCache                   14.159 / 14.360       11.955 / 29.463       11.955 / 29.463       11.955 / 29.463      ms
[2026-04-03T06:47:52.786+0600][117.922s][info][gc,stats    ]    Young Subphase: Concurrent Roots JavaThreads                  0.684 / 1.207         0.850 / 11.048        0.850 / 11.048        0.850 / 11.048      ms
[2026-04-03T06:47:52.786+0600][117.922s][info][gc,stats    ]    Young Subphase: Concurrent Roots OopStorageSet                0.056 / 0.072         0.074 / 0.314         0.074 / 0.314         0.074 / 0.314       ms
[2026-04-03T06:47:52.786+0600][117.922s][info][gc,stats    ]    Young Subphase: Concurrent Weak Roots OopStorageSet           2.763 / 2.787         2.718 / 14.086        2.718 / 14.086        2.718 / 14.086      ms
[2026-04-03T06:47:52.786+0600][117.922s][info][gc,stats    ] =========================================================================================================================================================
[2026-04-03T06:47:52.786+0600][117.923s][info][gc,heap,exit] Heap
[2026-04-03T06:47:52.786+0600][117.923s][info][gc,heap,exit]  ZHeap           used 2752M, capacity 3922M, max capacity 3922M
[2026-04-03T06:47:52.786+0600][117.923s][info][gc,heap,exit]  Metaspace       used 132983K, committed 134464K, reserved 1179648K
[2026-04-03T06:47:52.786+0600][117.923s][info][gc,heap,exit]   class space    used 16823K, committed 17600K, reserved 1048576K
