[2026-04-03T01:21:51.516+0600][0.005s][info][gc,init] CardTable entry size: 512
[2026-04-03T01:21:51.516+0600][0.006s][info][gc     ] Using G1
[2026-04-03T01:21:51.520+0600][0.009s][info][gc,init] Version: 21.0.10+7-Ubuntu-124.04 (release)
[2026-04-03T01:21:51.520+0600][0.009s][info][gc,init] CPUs: 12 total, 12 available
[2026-04-03T01:21:51.520+0600][0.009s][info][gc,init] Memory: 15683M
[2026-04-03T01:21:51.520+0600][0.009s][info][gc,init] Large Page Support: Disabled
[2026-04-03T01:21:51.520+0600][0.009s][info][gc,init] NUMA Support: Disabled
[2026-04-03T01:21:51.520+0600][0.009s][info][gc,init] Compressed Oops: Enabled (Zero based)
[2026-04-03T01:21:51.520+0600][0.009s][info][gc,init] Heap Region Size: 2M
[2026-04-03T01:21:51.520+0600][0.009s][info][gc,init] Heap Min Capacity: 8M
[2026-04-03T01:21:51.520+0600][0.009s][info][gc,init] Heap Initial Capacity: 246M
[2026-04-03T01:21:51.520+0600][0.009s][info][gc,init] Heap Max Capacity: 3922M
[2026-04-03T01:21:51.520+0600][0.009s][info][gc,init] Pre-touch: Disabled
[2026-04-03T01:21:51.520+0600][0.009s][info][gc,init] Parallel Workers: 10
[2026-04-03T01:21:51.520+0600][0.009s][info][gc,init] Concurrent Workers: 2
[2026-04-03T01:21:51.520+0600][0.009s][info][gc,init] Concurrent Refinement Workers: 10
[2026-04-03T01:21:51.520+0600][0.009s][info][gc,init] Periodic GC: Disabled
[2026-04-03T01:21:51.536+0600][0.025s][info][gc,metaspace] CDS archive(s) mapped at: [0x00007f597b000000-0x00007f597bc9c000-0x00007f597bc9c000), size 13221888, SharedBaseAddress: 0x00007f597b000000, ArchiveRelocationMode: 1.
[2026-04-03T01:21:51.536+0600][0.025s][info][gc,metaspace] Compressed class space mapped at: 0x00007f597c000000-0x00007f59bc000000, reserved size: 1073741824
[2026-04-03T01:21:51.536+0600][0.025s][info][gc,metaspace] Narrow klass base: 0x00007f597b000000, Narrow klass shift: 0, Narrow klass range: 0x100000000
[2026-04-03T01:21:52.001+0600][0.490s][info][gc,start    ] GC(0) Pause Young (Normal) (G1 Evacuation Pause)
[2026-04-03T01:21:52.002+0600][0.492s][info][gc,task     ] GC(0) Using 5 workers of 10 for evacuation
[2026-04-03T01:21:52.006+0600][0.496s][info][gc,phases   ] GC(0)   Pre Evacuate Collection Set: 0.16ms
[2026-04-03T01:21:52.006+0600][0.496s][info][gc,phases   ] GC(0)   Merge Heap Roots: 0.36ms
[2026-04-03T01:21:52.006+0600][0.496s][info][gc,phases   ] GC(0)   Evacuate Collection Set: 2.59ms
[2026-04-03T01:21:52.006+0600][0.496s][info][gc,phases   ] GC(0)   Post Evacuate Collection Set: 0.57ms
[2026-04-03T01:21:52.006+0600][0.496s][info][gc,phases   ] GC(0)   Other: 1.33ms
[2026-04-03T01:21:52.006+0600][0.496s][info][gc,heap     ] GC(0) Eden regions: 11->0(22)
[2026-04-03T01:21:52.006+0600][0.496s][info][gc,heap     ] GC(0) Survivor regions: 0->2(2)
[2026-04-03T01:21:52.006+0600][0.496s][info][gc,heap     ] GC(0) Old regions: 1->1
[2026-04-03T01:21:52.006+0600][0.496s][info][gc,heap     ] GC(0) Humongous regions: 0->0
[2026-04-03T01:21:52.006+0600][0.496s][info][gc,metaspace] GC(0) Metaspace: 2529K(2688K)->2529K(2688K) NonClass: 2300K(2368K)->2300K(2368K) Class: 228K(320K)->228K(320K)
[2026-04-03T01:21:52.007+0600][0.496s][info][gc          ] GC(0) Pause Young (Normal) (G1 Evacuation Pause) 23M->3M(248M) 5.487ms
[2026-04-03T01:21:52.007+0600][0.496s][info][gc,cpu      ] GC(0) User=0.02s Sys=0.01s Real=0.00s
[2026-04-03T01:21:52.206+0600][0.695s][info][gc,start    ] GC(1) Pause Young (Normal) (G1 Evacuation Pause)
[2026-04-03T01:21:52.206+0600][0.696s][info][gc,task     ] GC(1) Using 5 workers of 10 for evacuation
[2026-04-03T01:21:52.211+0600][0.700s][info][gc,phases   ] GC(1)   Pre Evacuate Collection Set: 0.36ms
[2026-04-03T01:21:52.211+0600][0.700s][info][gc,phases   ] GC(1)   Merge Heap Roots: 0.11ms
[2026-04-03T01:21:52.211+0600][0.700s][info][gc,phases   ] GC(1)   Evacuate Collection Set: 3.33ms
[2026-04-03T01:21:52.211+0600][0.700s][info][gc,phases   ] GC(1)   Post Evacuate Collection Set: 0.68ms
[2026-04-03T01:21:52.211+0600][0.700s][info][gc,phases   ] GC(1)   Other: 0.12ms
[2026-04-03T01:21:52.211+0600][0.700s][info][gc,heap     ] GC(1) Eden regions: 22->0(71)
[2026-04-03T01:21:52.211+0600][0.700s][info][gc,heap     ] GC(1) Survivor regions: 2->2(3)
[2026-04-03T01:21:52.211+0600][0.700s][info][gc,heap     ] GC(1) Old regions: 1->1
[2026-04-03T01:21:52.211+0600][0.700s][info][gc,heap     ] GC(1) Humongous regions: 0->0
[2026-04-03T01:21:52.211+0600][0.700s][info][gc,metaspace] GC(1) Metaspace: 3808K(3968K)->3808K(3968K) NonClass: 3375K(3456K)->3375K(3456K) Class: 432K(512K)->432K(512K)
[2026-04-03T01:21:52.211+0600][0.700s][info][gc          ] GC(1) Pause Young (Normal) (G1 Evacuation Pause) 47M->3M(248M) 5.051ms
[2026-04-03T01:21:52.211+0600][0.700s][info][gc,cpu      ] GC(1) User=0.02s Sys=0.00s Real=0.01s
[2026-04-03T01:21:52.913+0600][1.403s][info][gc,start    ] GC(2) Pause Young (Normal) (G1 Evacuation Pause)
[2026-04-03T01:21:52.914+0600][1.403s][info][gc,task     ] GC(2) Using 5 workers of 10 for evacuation
[2026-04-03T01:21:52.918+0600][1.407s][info][gc,phases   ] GC(2)   Pre Evacuate Collection Set: 0.25ms
[2026-04-03T01:21:52.918+0600][1.407s][info][gc,phases   ] GC(2)   Merge Heap Roots: 0.21ms
[2026-04-03T01:21:52.918+0600][1.407s][info][gc,phases   ] GC(2)   Evacuate Collection Set: 2.51ms
[2026-04-03T01:21:52.918+0600][1.407s][info][gc,phases   ] GC(2)   Post Evacuate Collection Set: 0.93ms
[2026-04-03T01:21:52.918+0600][1.407s][info][gc,phases   ] GC(2)   Other: 0.12ms
[2026-04-03T01:21:52.918+0600][1.407s][info][gc,heap     ] GC(2) Eden regions: 71->0(71)
[2026-04-03T01:21:52.918+0600][1.407s][info][gc,heap     ] GC(2) Survivor regions: 2->2(10)
[2026-04-03T01:21:52.918+0600][1.407s][info][gc,heap     ] GC(2) Old regions: 1->1
[2026-04-03T01:21:52.918+0600][1.407s][info][gc,heap     ] GC(2) Humongous regions: 0->0
[2026-04-03T01:21:52.918+0600][1.407s][info][gc,metaspace] GC(2) Metaspace: 9875K(10112K)->9875K(10112K) NonClass: 8621K(8768K)->8621K(8768K) Class: 1253K(1344K)->1253K(1344K)
[2026-04-03T01:21:52.918+0600][1.407s][info][gc          ] GC(2) Pause Young (Normal) (G1 Evacuation Pause) 145M->4M(248M) 4.280ms
[2026-04-03T01:21:52.918+0600][1.407s][info][gc,cpu      ] GC(2) User=0.02s Sys=0.00s Real=0.00s
[2026-04-03T01:21:56.257+0600][4.747s][info][gc,start    ] GC(3) Pause Young (Normal) (G1 Evacuation Pause)
[2026-04-03T01:21:56.258+0600][4.747s][info][gc,task     ] GC(3) Using 5 workers of 10 for evacuation
[2026-04-03T01:21:56.264+0600][4.753s][info][gc,phases   ] GC(3)   Pre Evacuate Collection Set: 0.22ms
[2026-04-03T01:21:56.264+0600][4.753s][info][gc,phases   ] GC(3)   Merge Heap Roots: 0.09ms
[2026-04-03T01:21:56.264+0600][4.753s][info][gc,phases   ] GC(3)   Evacuate Collection Set: 4.74ms
[2026-04-03T01:21:56.264+0600][4.753s][info][gc,phases   ] GC(3)   Post Evacuate Collection Set: 0.84ms
[2026-04-03T01:21:56.264+0600][4.753s][info][gc,phases   ] GC(3)   Other: 0.09ms
[2026-04-03T01:21:56.264+0600][4.753s][info][gc,heap     ] GC(3) Eden regions: 71->0(66)
[2026-04-03T01:21:56.264+0600][4.753s][info][gc,heap     ] GC(3) Survivor regions: 2->7(10)
[2026-04-03T01:21:56.264+0600][4.753s][info][gc,heap     ] GC(3) Old regions: 1->1
[2026-04-03T01:21:56.264+0600][4.753s][info][gc,heap     ] GC(3) Humongous regions: 3->3
[2026-04-03T01:21:56.264+0600][4.753s][info][gc,metaspace] GC(3) Metaspace: 17253K(17536K)->17253K(17536K) NonClass: 15102K(15232K)->15102K(15232K) Class: 2151K(2304K)->2151K(2304K)
[2026-04-03T01:21:56.264+0600][4.753s][info][gc          ] GC(3) Pause Young (Normal) (G1 Evacuation Pause) 152M->21M(248M) 6.278ms
[2026-04-03T01:21:56.264+0600][4.753s][info][gc,cpu      ] GC(3) User=0.01s Sys=0.01s Real=0.01s
[2026-04-03T01:21:56.603+0600][5.093s][info][gc,start    ] GC(4) Pause Young (Concurrent Start) (Metadata GC Threshold)
[2026-04-03T01:21:56.603+0600][5.093s][info][gc,task     ] GC(4) Using 5 workers of 10 for evacuation
[2026-04-03T01:21:56.609+0600][5.099s][info][gc,phases   ] GC(4)   Pre Evacuate Collection Set: 0.24ms
[2026-04-03T01:21:56.609+0600][5.099s][info][gc,phases   ] GC(4)   Merge Heap Roots: 0.06ms
[2026-04-03T01:21:56.609+0600][5.099s][info][gc,phases   ] GC(4)   Evacuate Collection Set: 4.57ms
[2026-04-03T01:21:56.609+0600][5.099s][info][gc,phases   ] GC(4)   Post Evacuate Collection Set: 0.93ms
[2026-04-03T01:21:56.609+0600][5.099s][info][gc,phases   ] GC(4)   Other: 0.10ms
[2026-04-03T01:21:56.609+0600][5.099s][info][gc,heap     ] GC(4) Eden regions: 8->0(67)
[2026-04-03T01:21:56.609+0600][5.099s][info][gc,heap     ] GC(4) Survivor regions: 7->6(10)
[2026-04-03T01:21:56.609+0600][5.099s][info][gc,heap     ] GC(4) Old regions: 1->3
[2026-04-03T01:21:56.609+0600][5.099s][info][gc,heap     ] GC(4) Humongous regions: 3->3
[2026-04-03T01:21:56.609+0600][5.099s][info][gc,metaspace] GC(4) Metaspace: 21199K(21504K)->21199K(21504K) NonClass: 18568K(18688K)->18568K(18688K) Class: 2630K(2816K)->2630K(2816K)
[2026-04-03T01:21:56.609+0600][5.099s][info][gc          ] GC(4) Pause Young (Concurrent Start) (Metadata GC Threshold) 37M->21M(248M) 6.150ms
[2026-04-03T01:21:56.609+0600][5.099s][info][gc,cpu      ] GC(4) User=0.02s Sys=0.00s Real=0.00s
[2026-04-03T01:21:56.609+0600][5.099s][info][gc          ] GC(5) Concurrent Mark Cycle
[2026-04-03T01:21:56.609+0600][5.099s][info][gc,marking  ] GC(5) Concurrent Scan Root Regions
[2026-04-03T01:21:56.612+0600][5.102s][info][gc,marking  ] GC(5) Concurrent Scan Root Regions 2.918ms
[2026-04-03T01:21:56.612+0600][5.102s][info][gc,marking  ] GC(5) Concurrent Mark
[2026-04-03T01:21:56.612+0600][5.102s][info][gc,marking  ] GC(5) Concurrent Mark From Roots
[2026-04-03T01:21:56.612+0600][5.102s][info][gc,task     ] GC(5) Using 2 workers of 2 for marking
[2026-04-03T01:21:56.615+0600][5.105s][info][gc,marking  ] GC(5) Concurrent Mark From Roots 2.900ms
[2026-04-03T01:21:56.615+0600][5.105s][info][gc,marking  ] GC(5) Concurrent Preclean
[2026-04-03T01:21:56.615+0600][5.105s][info][gc,marking  ] GC(5) Concurrent Preclean 0.012ms
[2026-04-03T01:21:56.615+0600][5.105s][info][gc,start    ] GC(5) Pause Remark
[2026-04-03T01:21:56.618+0600][5.108s][info][gc          ] GC(5) Pause Remark 22M->22M(80M) 3.006ms
[2026-04-03T01:21:56.618+0600][5.108s][info][gc,cpu      ] GC(5) User=0.01s Sys=0.00s Real=0.00s
[2026-04-03T01:21:56.618+0600][5.108s][info][gc,marking  ] GC(5) Concurrent Mark 6.194ms
[2026-04-03T01:21:56.618+0600][5.108s][info][gc,marking  ] GC(5) Concurrent Rebuild Remembered Sets and Scrub Regions
[2026-04-03T01:21:56.621+0600][5.111s][info][gc,marking  ] GC(5) Concurrent Rebuild Remembered Sets and Scrub Regions 2.915ms
[2026-04-03T01:21:56.631+0600][5.120s][info][gc,start    ] GC(5) Pause Cleanup
[2026-04-03T01:21:56.631+0600][5.120s][info][gc          ] GC(5) Pause Cleanup 22M->22M(80M) 0.152ms
[2026-04-03T01:21:56.631+0600][5.120s][info][gc,cpu      ] GC(5) User=0.00s Sys=0.00s Real=0.00s
[2026-04-03T01:21:56.631+0600][5.120s][info][gc,marking  ] GC(5) Concurrent Clear Claimed Marks
[2026-04-03T01:21:56.631+0600][5.120s][info][gc,marking  ] GC(5) Concurrent Clear Claimed Marks 0.041ms
[2026-04-03T01:21:56.631+0600][5.120s][info][gc,marking  ] GC(5) Concurrent Cleanup for Next Mark
[2026-04-03T01:21:56.632+0600][5.121s][info][gc,marking  ] GC(5) Concurrent Cleanup for Next Mark 0.651ms
[2026-04-03T01:21:56.632+0600][5.121s][info][gc          ] GC(5) Concurrent Mark Cycle 22.433ms
[2026-04-03T01:21:57.643+0600][6.133s][info][gc,start    ] GC(6) Pause Young (Prepare Mixed) (G1 Evacuation Pause)
[2026-04-03T01:21:57.643+0600][6.133s][info][gc,task     ] GC(6) Using 3 workers of 10 for evacuation
[2026-04-03T01:21:57.652+0600][6.141s][info][gc,phases   ] GC(6)   Pre Evacuate Collection Set: 0.27ms
[2026-04-03T01:21:57.652+0600][6.141s][info][gc,phases   ] GC(6)   Merge Heap Roots: 0.15ms
[2026-04-03T01:21:57.652+0600][6.141s][info][gc,phases   ] GC(6)   Evacuate Collection Set: 6.95ms
[2026-04-03T01:21:57.652+0600][6.141s][info][gc,phases   ] GC(6)   Post Evacuate Collection Set: 1.16ms
[2026-04-03T01:21:57.652+0600][6.141s][info][gc,phases   ] GC(6)   Other: 0.07ms
[2026-04-03T01:21:57.652+0600][6.141s][info][gc,heap     ] GC(6) Eden regions: 27->0(27)
[2026-04-03T01:21:57.652+0600][6.141s][info][gc,heap     ] GC(6) Survivor regions: 6->2(10)
[2026-04-03T01:21:57.652+0600][6.141s][info][gc,heap     ] GC(6) Old regions: 3->9
[2026-04-03T01:21:57.652+0600][6.142s][info][gc,heap     ] GC(6) Humongous regions: 5->4
[2026-04-03T01:21:57.652+0600][6.142s][info][gc,metaspace] GC(6) Metaspace: 28572K(28928K)->28572K(28928K) NonClass: 25013K(25216K)->25013K(25216K) Class: 3558K(3712K)->3558K(3712K)
[2026-04-03T01:21:57.652+0600][6.142s][info][gc          ] GC(6) Pause Young (Prepare Mixed) (G1 Evacuation Pause) 79M->26M(98M) 8.862ms
[2026-04-03T01:21:57.652+0600][6.142s][info][gc,cpu      ] GC(6) User=0.01s Sys=0.01s Real=0.01s
[2026-04-03T01:21:59.530+0600][8.019s][info][gc,start    ] GC(7) Pause Young (Mixed) (Metadata GC Threshold)
[2026-04-03T01:21:59.530+0600][8.019s][info][gc,task     ] GC(7) Using 2 workers of 10 for evacuation
[2026-04-03T01:21:59.541+0600][8.031s][info][gc,phases   ] GC(7)   Pre Evacuate Collection Set: 0.29ms
[2026-04-03T01:21:59.541+0600][8.031s][info][gc,phases   ] GC(7)   Merge Heap Roots: 0.12ms
[2026-04-03T01:21:59.541+0600][8.031s][info][gc,phases   ] GC(7)   Evacuate Collection Set: 10.14ms
[2026-04-03T01:21:59.541+0600][8.031s][info][gc,phases   ] GC(7)   Post Evacuate Collection Set: 0.80ms
[2026-04-03T01:21:59.541+0600][8.031s][info][gc,phases   ] GC(7)   Other: 0.09ms
[2026-04-03T01:21:59.541+0600][8.031s][info][gc,heap     ] GC(7) Eden regions: 26->0(28)
[2026-04-03T01:21:59.541+0600][8.031s][info][gc,heap     ] GC(7) Survivor regions: 2->3(4)
[2026-04-03T01:21:59.541+0600][8.031s][info][gc,heap     ] GC(7) Old regions: 9->8
[2026-04-03T01:21:59.541+0600][8.031s][info][gc,heap     ] GC(7) Humongous regions: 12->3
[2026-04-03T01:21:59.541+0600][8.031s][info][gc,metaspace] GC(7) Metaspace: 35768K(36096K)->35768K(36096K) NonClass: 31312K(31488K)->31312K(31488K) Class: 4455K(4608K)->4455K(4608K)
[2026-04-03T01:21:59.541+0600][8.031s][info][gc          ] GC(7) Pause Young (Mixed) (Metadata GC Threshold) 93M->25M(104M) 11.714ms
[2026-04-03T01:21:59.541+0600][8.031s][info][gc,cpu      ] GC(7) User=0.02s Sys=0.00s Real=0.02s
[2026-04-03T01:21:59.566+0600][8.055s][info][gc,start    ] GC(8) Pause Young (Concurrent Start) (Metadata GC Threshold)
[2026-04-03T01:21:59.566+0600][8.055s][info][gc,task     ] GC(8) Using 2 workers of 10 for evacuation
[2026-04-03T01:21:59.575+0600][8.064s][info][gc,phases   ] GC(8)   Pre Evacuate Collection Set: 0.25ms
[2026-04-03T01:21:59.575+0600][8.064s][info][gc,phases   ] GC(8)   Merge Heap Roots: 0.16ms
[2026-04-03T01:21:59.575+0600][8.064s][info][gc,phases   ] GC(8)   Evacuate Collection Set: 7.40ms
[2026-04-03T01:21:59.575+0600][8.064s][info][gc,phases   ] GC(8)   Post Evacuate Collection Set: 0.81ms
[2026-04-03T01:21:59.575+0600][8.064s][info][gc,phases   ] GC(8)   Other: 0.30ms
[2026-04-03T01:21:59.575+0600][8.064s][info][gc,heap     ] GC(8) Eden regions: 3->0(29)
[2026-04-03T01:21:59.575+0600][8.064s][info][gc,heap     ] GC(8) Survivor regions: 3->2(4)
[2026-04-03T01:21:59.575+0600][8.064s][info][gc,heap     ] GC(8) Old regions: 8->9
[2026-04-03T01:21:59.575+0600][8.064s][info][gc,heap     ] GC(8) Humongous regions: 3->3
[2026-04-03T01:21:59.575+0600][8.064s][info][gc,metaspace] GC(8) Metaspace: 36064K(36416K)->36064K(36416K) NonClass: 31570K(31744K)->31570K(31744K) Class: 4493K(4672K)->4493K(4672K)
[2026-04-03T01:21:59.575+0600][8.064s][info][gc          ] GC(8) Pause Young (Concurrent Start) (Metadata GC Threshold) 30M->26M(104M) 9.239ms
[2026-04-03T01:21:59.575+0600][8.064s][info][gc,cpu      ] GC(8) User=0.01s Sys=0.00s Real=0.01s
[2026-04-03T01:21:59.575+0600][8.064s][info][gc          ] GC(9) Concurrent Mark Cycle
[2026-04-03T01:21:59.575+0600][8.065s][info][gc,marking  ] GC(9) Concurrent Scan Root Regions
[2026-04-03T01:21:59.578+0600][8.068s][info][gc,marking  ] GC(9) Concurrent Scan Root Regions 3.160ms
[2026-04-03T01:21:59.578+0600][8.068s][info][gc,marking  ] GC(9) Concurrent Mark
[2026-04-03T01:21:59.578+0600][8.068s][info][gc,marking  ] GC(9) Concurrent Mark From Roots
[2026-04-03T01:21:59.578+0600][8.068s][info][gc,task     ] GC(9) Using 2 workers of 2 for marking
[2026-04-03T01:21:59.585+0600][8.074s][info][gc,marking  ] GC(9) Concurrent Mark From Roots 6.431ms
[2026-04-03T01:21:59.585+0600][8.074s][info][gc,marking  ] GC(9) Concurrent Preclean
[2026-04-03T01:21:59.585+0600][8.074s][info][gc,marking  ] GC(9) Concurrent Preclean 0.080ms
[2026-04-03T01:21:59.585+0600][8.075s][info][gc,start    ] GC(9) Pause Remark
[2026-04-03T01:21:59.591+0600][8.080s][info][gc          ] GC(9) Pause Remark 27M->27M(94M) 5.875ms
[2026-04-03T01:21:59.591+0600][8.080s][info][gc,cpu      ] GC(9) User=0.01s Sys=0.00s Real=0.01s
[2026-04-03T01:21:59.591+0600][8.081s][info][gc,marking  ] GC(9) Concurrent Mark 12.820ms
[2026-04-03T01:21:59.591+0600][8.081s][info][gc,marking  ] GC(9) Concurrent Rebuild Remembered Sets and Scrub Regions
[2026-04-03T01:21:59.595+0600][8.085s][info][gc,marking  ] GC(9) Concurrent Rebuild Remembered Sets and Scrub Regions 3.940ms
[2026-04-03T01:21:59.595+0600][8.085s][info][gc,start    ] GC(9) Pause Cleanup
[2026-04-03T01:21:59.596+0600][8.085s][info][gc          ] GC(9) Pause Cleanup 27M->27M(94M) 0.179ms
[2026-04-03T01:21:59.596+0600][8.085s][info][gc,cpu      ] GC(9) User=0.00s Sys=0.00s Real=0.00s
[2026-04-03T01:21:59.596+0600][8.085s][info][gc,marking  ] GC(9) Concurrent Clear Claimed Marks
[2026-04-03T01:21:59.596+0600][8.085s][info][gc,marking  ] GC(9) Concurrent Clear Claimed Marks 0.093ms
[2026-04-03T01:21:59.596+0600][8.085s][info][gc,marking  ] GC(9) Concurrent Cleanup for Next Mark
[2026-04-03T01:21:59.596+0600][8.086s][info][gc,marking  ] GC(9) Concurrent Cleanup for Next Mark 0.255ms
[2026-04-03T01:21:59.596+0600][8.086s][info][gc          ] GC(9) Concurrent Mark Cycle 21.140ms
[2026-04-03T01:22:01.214+0600][9.703s][info][gc,start    ] GC(10) Pause Young (Prepare Mixed) (G1 Evacuation Pause)
[2026-04-03T01:22:01.214+0600][9.703s][info][gc,task     ] GC(10) Using 2 workers of 10 for evacuation
[2026-04-03T01:22:01.225+0600][9.715s][info][gc,phases   ] GC(10)   Pre Evacuate Collection Set: 0.24ms
[2026-04-03T01:22:01.225+0600][9.715s][info][gc,phases   ] GC(10)   Merge Heap Roots: 0.19ms
[2026-04-03T01:22:01.225+0600][9.715s][info][gc,phases   ] GC(10)   Evacuate Collection Set: 10.51ms
[2026-04-03T01:22:01.225+0600][9.715s][info][gc,phases   ] GC(10)   Post Evacuate Collection Set: 0.54ms
[2026-04-03T01:22:01.225+0600][9.715s][info][gc,phases   ] GC(10)   Other: 0.09ms
[2026-04-03T01:22:01.225+0600][9.715s][info][gc,heap     ] GC(10) Eden regions: 27->0(27)
[2026-04-03T01:22:01.225+0600][9.715s][info][gc,heap     ] GC(10) Survivor regions: 2->3(4)
[2026-04-03T01:22:01.225+0600][9.715s][info][gc,heap     ] GC(10) Old regions: 9->9
[2026-04-03T01:22:01.225+0600][9.715s][info][gc,heap     ] GC(10) Humongous regions: 9->3
[2026-04-03T01:22:01.225+0600][9.715s][info][gc,metaspace] GC(10) Metaspace: 42873K(43264K)->42873K(43264K) NonClass: 37542K(37760K)->37542K(37760K) Class: 5330K(5504K)->5330K(5504K)
[2026-04-03T01:22:01.225+0600][9.715s][info][gc          ] GC(10) Pause Young (Prepare Mixed) (G1 Evacuation Pause) 92M->27M(100M) 11.826ms
[2026-04-03T01:22:01.225+0600][9.715s][info][gc,cpu      ] GC(10) User=0.03s Sys=0.00s Real=0.01s
[2026-04-03T01:22:01.786+0600][10.275s][info][gc,start    ] GC(11) Pause Young (Mixed) (G1 Evacuation Pause)
[2026-04-03T01:22:01.786+0600][10.276s][info][gc,task     ] GC(11) Using 2 workers of 10 for evacuation
[2026-04-03T01:22:01.800+0600][10.289s][info][gc,phases   ] GC(11)   Pre Evacuate Collection Set: 0.27ms
[2026-04-03T01:22:01.800+0600][10.289s][info][gc,phases   ] GC(11)   Merge Heap Roots: 0.16ms
[2026-04-03T01:22:01.800+0600][10.289s][info][gc,phases   ] GC(11)   Evacuate Collection Set: 11.99ms
[2026-04-03T01:22:01.800+0600][10.289s][info][gc,phases   ] GC(11)   Post Evacuate Collection Set: 0.93ms
[2026-04-03T01:22:01.800+0600][10.289s][info][gc,phases   ] GC(11)   Other: 0.08ms
[2026-04-03T01:22:01.800+0600][10.289s][info][gc,heap     ] GC(11) Eden regions: 27->0(27)
[2026-04-03T01:22:01.800+0600][10.289s][info][gc,heap     ] GC(11) Survivor regions: 3->3(4)
[2026-04-03T01:22:01.800+0600][10.289s][info][gc,heap     ] GC(11) Old regions: 9->11
[2026-04-03T01:22:01.800+0600][10.289s][info][gc,heap     ] GC(11) Humongous regions: 3->3
[2026-04-03T01:22:01.800+0600][10.289s][info][gc,metaspace] GC(11) Metaspace: 49392K(49920K)->49392K(49920K) NonClass: 43263K(43584K)->43263K(43584K) Class: 6128K(6336K)->6128K(6336K)
[2026-04-03T01:22:01.800+0600][10.289s][info][gc          ] GC(11) Pause Young (Mixed) (G1 Evacuation Pause) 81M->30M(100M) 13.976ms
[2026-04-03T01:22:01.800+0600][10.289s][info][gc,cpu      ] GC(11) User=0.03s Sys=0.01s Real=0.02s
[2026-04-03T01:22:01.909+0600][10.399s][info][gc,start    ] GC(12) Pause Young (Normal) (G1 Evacuation Pause)
[2026-04-03T01:22:01.909+0600][10.399s][info][gc,task     ] GC(12) Using 2 workers of 10 for evacuation
[2026-04-03T01:22:01.922+0600][10.411s][info][gc,phases   ] GC(12)   Pre Evacuate Collection Set: 0.49ms
[2026-04-03T01:22:01.922+0600][10.411s][info][gc,phases   ] GC(12)   Merge Heap Roots: 0.12ms
[2026-04-03T01:22:01.922+0600][10.411s][info][gc,phases   ] GC(12)   Evacuate Collection Set: 10.72ms
[2026-04-03T01:22:01.922+0600][10.411s][info][gc,phases   ] GC(12)   Post Evacuate Collection Set: 0.63ms
[2026-04-03T01:22:01.922+0600][10.411s][info][gc,phases   ] GC(12)   Other: 0.11ms
[2026-04-03T01:22:01.922+0600][10.411s][info][gc,heap     ] GC(12) Eden regions: 27->0(26)
[2026-04-03T01:22:01.922+0600][10.411s][info][gc,heap     ] GC(12) Survivor regions: 3->4(4)
[2026-04-03T01:22:01.922+0600][10.411s][info][gc,heap     ] GC(12) Old regions: 11->12
[2026-04-03T01:22:01.922+0600][10.411s][info][gc,heap     ] GC(12) Humongous regions: 3->3
[2026-04-03T01:22:01.922+0600][10.411s][info][gc,metaspace] GC(12) Metaspace: 49392K(49920K)->49392K(49920K) NonClass: 43263K(43584K)->43263K(43584K) Class: 6128K(6336K)->6128K(6336K)
[2026-04-03T01:22:01.922+0600][10.411s][info][gc          ] GC(12) Pause Young (Normal) (G1 Evacuation Pause) 84M->35M(100M) 12.394ms
[2026-04-03T01:22:01.922+0600][10.411s][info][gc,cpu      ] GC(12) User=0.02s Sys=0.00s Real=0.02s
[2026-04-03T01:22:01.990+0600][10.479s][info][gc,start    ] GC(13) Pause Young (Normal) (G1 Evacuation Pause)
[2026-04-03T01:22:01.990+0600][10.479s][info][gc,task     ] GC(13) Using 2 workers of 10 for evacuation
[2026-04-03T01:22:02.002+0600][10.491s][info][gc,phases   ] GC(13)   Pre Evacuate Collection Set: 0.32ms
[2026-04-03T01:22:02.002+0600][10.491s][info][gc,phases   ] GC(13)   Merge Heap Roots: 0.25ms
[2026-04-03T01:22:02.002+0600][10.491s][info][gc,phases   ] GC(13)   Evacuate Collection Set: 10.71ms
[2026-04-03T01:22:02.002+0600][10.491s][info][gc,phases   ] GC(13)   Post Evacuate Collection Set: 0.57ms
[2026-04-03T01:22:02.002+0600][10.491s][info][gc,phases   ] GC(13)   Other: 0.07ms
[2026-04-03T01:22:02.002+0600][10.491s][info][gc,heap     ] GC(13) Eden regions: 26->0(42)
[2026-04-03T01:22:02.002+0600][10.491s][info][gc,heap     ] GC(13) Survivor regions: 4->3(4)
[2026-04-03T01:22:02.002+0600][10.491s][info][gc,heap     ] GC(13) Old regions: 12->16
[2026-04-03T01:22:02.002+0600][10.491s][info][gc,heap     ] GC(13) Humongous regions: 3->3
[2026-04-03T01:22:02.002+0600][10.491s][info][gc,metaspace] GC(13) Metaspace: 49392K(49920K)->49392K(49920K) NonClass: 43263K(43584K)->43263K(43584K) Class: 6128K(6336K)->6128K(6336K)
[2026-04-03T01:22:02.002+0600][10.491s][info][gc          ] GC(13) Pause Young (Normal) (G1 Evacuation Pause) 87M->41M(150M) 12.135ms
[2026-04-03T01:22:02.002+0600][10.491s][info][gc,cpu      ] GC(13) User=0.02s Sys=0.00s Real=0.01s
[2026-04-03T01:22:02.129+0600][10.619s][info][gc,start    ] GC(14) Pause Young (Normal) (G1 Evacuation Pause)
[2026-04-03T01:22:02.129+0600][10.619s][info][gc,task     ] GC(14) Using 3 workers of 10 for evacuation
[2026-04-03T01:22:02.138+0600][10.627s][info][gc,phases   ] GC(14)   Pre Evacuate Collection Set: 0.31ms
[2026-04-03T01:22:02.138+0600][10.627s][info][gc,phases   ] GC(14)   Merge Heap Roots: 0.11ms
[2026-04-03T01:22:02.138+0600][10.627s][info][gc,phases   ] GC(14)   Evacuate Collection Set: 6.98ms
[2026-04-03T01:22:02.138+0600][10.627s][info][gc,phases   ] GC(14)   Post Evacuate Collection Set: 0.73ms
[2026-04-03T01:22:02.138+0600][10.627s][info][gc,phases   ] GC(14)   Other: 0.07ms
[2026-04-03T01:22:02.138+0600][10.627s][info][gc,heap     ] GC(14) Eden regions: 42->0(39)
[2026-04-03T01:22:02.138+0600][10.627s][info][gc,heap     ] GC(14) Survivor regions: 3->6(6)
[2026-04-03T01:22:02.138+0600][10.627s][info][gc,heap     ] GC(14) Old regions: 16->16
[2026-04-03T01:22:02.138+0600][10.627s][info][gc,heap     ] GC(14) Humongous regions: 3->3
[2026-04-03T01:22:02.138+0600][10.627s][info][gc,metaspace] GC(14) Metaspace: 49392K(49920K)->49392K(49920K) NonClass: 43263K(43584K)->43263K(43584K) Class: 6128K(6336K)->6128K(6336K)
[2026-04-03T01:22:02.138+0600][10.627s][info][gc          ] GC(14) Pause Young (Normal) (G1 Evacuation Pause) 125M->47M(150M) 8.463ms
[2026-04-03T01:22:02.138+0600][10.627s][info][gc,cpu      ] GC(14) User=0.02s Sys=0.00s Real=0.01s
[2026-04-03T01:22:02.226+0600][10.715s][info][gc,start    ] GC(15) Pause Young (Normal) (G1 Evacuation Pause)
[2026-04-03T01:22:02.226+0600][10.715s][info][gc,task     ] GC(15) Using 3 workers of 10 for evacuation
[2026-04-03T01:22:02.237+0600][10.727s][info][gc,phases   ] GC(15)   Pre Evacuate Collection Set: 0.27ms
[2026-04-03T01:22:02.237+0600][10.727s][info][gc,phases   ] GC(15)   Merge Heap Roots: 0.16ms
[2026-04-03T01:22:02.237+0600][10.727s][info][gc,phases   ] GC(15)   Evacuate Collection Set: 10.40ms
[2026-04-03T01:22:02.237+0600][10.727s][info][gc,phases   ] GC(15)   Post Evacuate Collection Set: 0.66ms
[2026-04-03T01:22:02.237+0600][10.727s][info][gc,phases   ] GC(15)   Other: 0.08ms
[2026-04-03T01:22:02.237+0600][10.727s][info][gc,heap     ] GC(15) Eden regions: 39->0(38)
[2026-04-03T01:22:02.237+0600][10.727s][info][gc,heap     ] GC(15) Survivor regions: 6->4(6)
[2026-04-03T01:22:02.237+0600][10.727s][info][gc,heap     ] GC(15) Old regions: 16->22
[2026-04-03T01:22:02.237+0600][10.727s][info][gc,heap     ] GC(15) Humongous regions: 3->3
[2026-04-03T01:22:02.237+0600][10.727s][info][gc,metaspace] GC(15) Metaspace: 49392K(49920K)->49392K(49920K) NonClass: 43263K(43584K)->43263K(43584K) Class: 6128K(6336K)->6128K(6336K)
[2026-04-03T01:22:02.237+0600][10.727s][info][gc          ] GC(15) Pause Young (Normal) (G1 Evacuation Pause) 125M->55M(150M) 11.844ms
[2026-04-03T01:22:02.237+0600][10.727s][info][gc,cpu      ] GC(15) User=0.03s Sys=0.00s Real=0.01s
[2026-04-03T01:22:02.319+0600][10.808s][info][gc,start    ] GC(16) Pause Young (Normal) (G1 Evacuation Pause)
[2026-04-03T01:22:02.319+0600][10.808s][info][gc,task     ] GC(16) Using 3 workers of 10 for evacuation
[2026-04-03T01:22:02.328+0600][10.817s][info][gc,phases   ] GC(16)   Pre Evacuate Collection Set: 0.39ms
[2026-04-03T01:22:02.328+0600][10.817s][info][gc,phases   ] GC(16)   Merge Heap Roots: 0.20ms
[2026-04-03T01:22:02.328+0600][10.817s][info][gc,phases   ] GC(16)   Evacuate Collection Set: 7.64ms
[2026-04-03T01:22:02.328+0600][10.817s][info][gc,phases   ] GC(16)   Post Evacuate Collection Set: 0.61ms
[2026-04-03T01:22:02.328+0600][10.817s][info][gc,phases   ] GC(16)   Other: 0.12ms
[2026-04-03T01:22:02.328+0600][10.817s][info][gc,heap     ] GC(16) Eden regions: 38->0(35)
[2026-04-03T01:22:02.328+0600][10.817s][info][gc,heap     ] GC(16) Survivor regions: 4->4(6)
[2026-04-03T01:22:02.328+0600][10.817s][info][gc,heap     ] GC(16) Old regions: 22->25
[2026-04-03T01:22:02.328+0600][10.817s][info][gc,heap     ] GC(16) Humongous regions: 3->3
[2026-04-03T01:22:02.328+0600][10.817s][info][gc,metaspace] GC(16) Metaspace: 49392K(49920K)->49392K(49920K) NonClass: 43263K(43584K)->43263K(43584K) Class: 6128K(6336K)->6128K(6336K)
[2026-04-03T01:22:02.328+0600][10.817s][info][gc          ] GC(16) Pause Young (Normal) (G1 Evacuation Pause) 131M->61M(150M) 9.276ms
[2026-04-03T01:22:02.328+0600][10.817s][info][gc,cpu      ] GC(16) User=0.02s Sys=0.00s Real=0.01s
[2026-04-03T01:22:02.398+0600][10.888s][info][gc,start    ] GC(17) Pause Young (Normal) (G1 Evacuation Pause)
[2026-04-03T01:22:02.398+0600][10.888s][info][gc,task     ] GC(17) Using 3 workers of 10 for evacuation
[2026-04-03T01:22:02.406+0600][10.896s][info][gc,phases   ] GC(17)   Pre Evacuate Collection Set: 0.28ms
[2026-04-03T01:22:02.406+0600][10.896s][info][gc,phases   ] GC(17)   Merge Heap Roots: 0.10ms
[2026-04-03T01:22:02.407+0600][10.896s][info][gc,phases   ] GC(17)   Evacuate Collection Set: 6.60ms
[2026-04-03T01:22:02.407+0600][10.896s][info][gc,phases   ] GC(17)   Post Evacuate Collection Set: 1.13ms
[2026-04-03T01:22:02.407+0600][10.896s][info][gc,phases   ] GC(17)   Other: 0.09ms
[2026-04-03T01:22:02.407+0600][10.896s][info][gc,heap     ] GC(17) Eden regions: 35->0(87)
[2026-04-03T01:22:02.407+0600][10.896s][info][gc,heap     ] GC(17) Survivor regions: 4->3(5)
[2026-04-03T01:22:02.407+0600][10.896s][info][gc,heap     ] GC(17) Old regions: 25->29
[2026-04-03T01:22:02.407+0600][10.896s][info][gc,heap     ] GC(17) Humongous regions: 3->3
[2026-04-03T01:22:02.407+0600][10.896s][info][gc,metaspace] GC(17) Metaspace: 49392K(49920K)->49392K(49920K) NonClass: 43263K(43584K)->43263K(43584K) Class: 6128K(6336K)->6128K(6336K)
[2026-04-03T01:22:02.407+0600][10.896s][info][gc          ] GC(17) Pause Young (Normal) (G1 Evacuation Pause) 131M->68M(300M) 8.488ms
[2026-04-03T01:22:02.407+0600][10.896s][info][gc,cpu      ] GC(17) User=0.02s Sys=0.00s Real=0.01s
[2026-04-03T01:22:02.693+0600][11.183s][info][gc,start    ] GC(18) Pause Young (Normal) (G1 Evacuation Pause)
[2026-04-03T01:22:02.694+0600][11.183s][info][gc,task     ] GC(18) Using 7 workers of 10 for evacuation
[2026-04-03T01:22:02.701+0600][11.190s][info][gc,phases   ] GC(18)   Pre Evacuate Collection Set: 0.30ms
[2026-04-03T01:22:02.701+0600][11.191s][info][gc,phases   ] GC(18)   Merge Heap Roots: 0.12ms
[2026-04-03T01:22:02.701+0600][11.191s][info][gc,phases   ] GC(18)   Evacuate Collection Set: 6.30ms
[2026-04-03T01:22:02.701+0600][11.191s][info][gc,phases   ] GC(18)   Post Evacuate Collection Set: 0.57ms
[2026-04-03T01:22:02.701+0600][11.191s][info][gc,phases   ] GC(18)   Other: 0.15ms
[2026-04-03T01:22:02.701+0600][11.191s][info][gc,heap     ] GC(18) Eden regions: 87->0(79)
[2026-04-03T01:22:02.701+0600][11.191s][info][gc,heap     ] GC(18) Survivor regions: 3->11(12)
[2026-04-03T01:22:02.701+0600][11.191s][info][gc,heap     ] GC(18) Old regions: 29->29
[2026-04-03T01:22:02.701+0600][11.191s][info][gc,heap     ] GC(18) Humongous regions: 3->3
[2026-04-03T01:22:02.701+0600][11.191s][info][gc,metaspace] GC(18) Metaspace: 49392K(49920K)->49392K(49920K) NonClass: 43263K(43584K)->43263K(43584K) Class: 6128K(6336K)->6128K(6336K)
[2026-04-03T01:22:02.701+0600][11.191s][info][gc          ] GC(18) Pause Young (Normal) (G1 Evacuation Pause) 242M->83M(300M) 7.739ms
[2026-04-03T01:22:02.701+0600][11.191s][info][gc,cpu      ] GC(18) User=0.04s Sys=0.00s Real=0.01s
[2026-04-03T01:22:02.902+0600][11.392s][info][gc,start    ] GC(19) Pause Young (Normal) (G1 Evacuation Pause)
[2026-04-03T01:22:02.902+0600][11.392s][info][gc,task     ] GC(19) Using 7 workers of 10 for evacuation
[2026-04-03T01:22:02.915+0600][11.405s][info][gc,phases   ] GC(19)   Pre Evacuate Collection Set: 0.16ms
[2026-04-03T01:22:02.915+0600][11.405s][info][gc,phases   ] GC(19)   Merge Heap Roots: 0.08ms
[2026-04-03T01:22:02.915+0600][11.405s][info][gc,phases   ] GC(19)   Evacuate Collection Set: 11.87ms
[2026-04-03T01:22:02.915+0600][11.405s][info][gc,phases   ] GC(19)   Post Evacuate Collection Set: 0.62ms
[2026-04-03T01:22:02.915+0600][11.405s][info][gc,phases   ] GC(19)   Other: 0.10ms
[2026-04-03T01:22:02.915+0600][11.405s][info][gc,heap     ] GC(19) Eden regions: 79->0(81)
[2026-04-03T01:22:02.915+0600][11.405s][info][gc,heap     ] GC(19) Survivor regions: 11->8(12)
[2026-04-03T01:22:02.915+0600][11.405s][info][gc,heap     ] GC(19) Old regions: 29->40
[2026-04-03T01:22:02.915+0600][11.405s][info][gc,heap     ] GC(19) Humongous regions: 3->3
[2026-04-03T01:22:02.915+0600][11.405s][info][gc,metaspace] GC(19) Metaspace: 49392K(49920K)->49392K(49920K) NonClass: 43263K(43584K)->43263K(43584K) Class: 6128K(6336K)->6128K(6336K)
[2026-04-03T01:22:02.915+0600][11.405s][info][gc          ] GC(19) Pause Young (Normal) (G1 Evacuation Pause) 241M->98M(300M) 13.123ms
[2026-04-03T01:22:02.915+0600][11.405s][info][gc,cpu      ] GC(19) User=0.08s Sys=0.00s Real=0.01s
[2026-04-03T01:22:03.100+0600][11.590s][info][gc,start    ] GC(20) Pause Young (Normal) (G1 Evacuation Pause)
[2026-04-03T01:22:03.101+0600][11.590s][info][gc,task     ] GC(20) Using 7 workers of 10 for evacuation
[2026-04-03T01:22:03.109+0600][11.598s][info][gc,phases   ] GC(20)   Pre Evacuate Collection Set: 0.30ms
[2026-04-03T01:22:03.109+0600][11.598s][info][gc,phases   ] GC(20)   Merge Heap Roots: 0.06ms
[2026-04-03T01:22:03.109+0600][11.598s][info][gc,phases   ] GC(20)   Evacuate Collection Set: 7.16ms
[2026-04-03T01:22:03.109+0600][11.598s][info][gc,phases   ] GC(20)   Post Evacuate Collection Set: 0.66ms
[2026-04-03T01:22:03.109+0600][11.598s][info][gc,phases   ] GC(20)   Other: 0.10ms
[2026-04-03T01:22:03.109+0600][11.598s][info][gc,heap     ] GC(20) Eden regions: 81->0(76)
[2026-04-03T01:22:03.109+0600][11.598s][info][gc,heap     ] GC(20) Survivor regions: 8->8(12)
[2026-04-03T01:22:03.109+0600][11.598s][info][gc,heap     ] GC(20) Old regions: 40->47
[2026-04-03T01:22:03.109+0600][11.598s][info][gc,heap     ] GC(20) Humongous regions: 3->3
[2026-04-03T01:22:03.109+0600][11.598s][info][gc,metaspace] GC(20) Metaspace: 49392K(49920K)->49392K(49920K) NonClass: 43263K(43584K)->43263K(43584K) Class: 6128K(6336K)->6128K(6336K)
[2026-04-03T01:22:03.109+0600][11.598s][info][gc          ] GC(20) Pause Young (Normal) (G1 Evacuation Pause) 260M->114M(300M) 8.536ms
[2026-04-03T01:22:03.109+0600][11.598s][info][gc,cpu      ] GC(20) User=0.05s Sys=0.00s Real=0.00s
[2026-04-03T01:22:03.250+0600][11.740s][info][gc,start    ] GC(21) Pause Young (Normal) (G1 Evacuation Pause)
[2026-04-03T01:22:03.251+0600][11.740s][info][gc,task     ] GC(21) Using 7 workers of 10 for evacuation
[2026-04-03T01:22:03.258+0600][11.748s][info][gc,phases   ] GC(21)   Pre Evacuate Collection Set: 0.26ms
[2026-04-03T01:22:03.258+0600][11.748s][info][gc,phases   ] GC(21)   Merge Heap Roots: 0.08ms
[2026-04-03T01:22:03.258+0600][11.748s][info][gc,phases   ] GC(21)   Evacuate Collection Set: 6.02ms
[2026-04-03T01:22:03.258+0600][11.748s][info][gc,phases   ] GC(21)   Post Evacuate Collection Set: 1.22ms
[2026-04-03T01:22:03.258+0600][11.748s][info][gc,phases   ] GC(21)   Other: 0.07ms
[2026-04-03T01:22:03.258+0600][11.748s][info][gc,heap     ] GC(21) Eden regions: 76->0(136)
[2026-04-03T01:22:03.258+0600][11.748s][info][gc,heap     ] GC(21) Survivor regions: 8->8(11)
[2026-04-03T01:22:03.258+0600][11.748s][info][gc,heap     ] GC(21) Old regions: 47->55
[2026-04-03T01:22:03.258+0600][11.748s][info][gc,heap     ] GC(21) Humongous regions: 3->3
[2026-04-03T01:22:03.258+0600][11.748s][info][gc,metaspace] GC(21) Metaspace: 49392K(49920K)->49392K(49920K) NonClass: 43263K(43584K)->43263K(43584K) Class: 6128K(6336K)->6128K(6336K)
[2026-04-03T01:22:03.258+0600][11.748s][info][gc          ] GC(21) Pause Young (Normal) (G1 Evacuation Pause) 266M->128M(480M) 7.859ms
[2026-04-03T01:22:03.258+0600][11.748s][info][gc,cpu      ] GC(21) User=0.05s Sys=0.00s Real=0.00s
[2026-04-03T01:22:05.553+0600][14.043s][info][gc,start    ] GC(22) Pause Full (System.gc())
[2026-04-03T01:22:05.553+0600][14.043s][info][gc,task     ] GC(22) Using 10 workers of 10 for full compaction
[2026-04-03T01:22:05.554+0600][14.043s][info][gc,phases,start] GC(22) Phase 1: Mark live objects
[2026-04-03T01:22:05.567+0600][14.057s][info][gc,phases      ] GC(22) Phase 1: Mark live objects 13.402ms
[2026-04-03T01:22:05.567+0600][14.057s][info][gc,phases,start] GC(22) Phase 2: Prepare compaction
[2026-04-03T01:22:05.569+0600][14.059s][info][gc,phases      ] GC(22) Phase 2: Prepare compaction 1.845ms
[2026-04-03T01:22:05.569+0600][14.059s][info][gc,phases,start] GC(22) Phase 3: Adjust pointers
[2026-04-03T01:22:05.576+0600][14.065s][info][gc,phases      ] GC(22) Phase 3: Adjust pointers 6.668ms
[2026-04-03T01:22:05.576+0600][14.065s][info][gc,phases,start] GC(22) Phase 4: Compact heap
[2026-04-03T01:22:05.578+0600][14.068s][info][gc,phases      ] GC(22) Phase 4: Compact heap 2.437ms
[2026-04-03T01:22:05.579+0600][14.068s][info][gc,phases,start] GC(22) Phase 5: Reset Metadata
[2026-04-03T01:22:05.580+0600][14.069s][info][gc,phases      ] GC(22) Phase 5: Reset Metadata 1.423ms
[2026-04-03T01:22:05.589+0600][14.079s][info][gc,heap        ] GC(22) Eden regions: 92->0(39)
[2026-04-03T01:22:05.589+0600][14.079s][info][gc,heap        ] GC(22) Survivor regions: 8->0(11)
[2026-04-03T01:22:05.589+0600][14.079s][info][gc,heap        ] GC(22) Old regions: 55->17
[2026-04-03T01:22:05.589+0600][14.079s][info][gc,heap        ] GC(22) Humongous regions: 13->3
[2026-04-03T01:22:05.589+0600][14.079s][info][gc,metaspace   ] GC(22) Metaspace: 55594K(56128K)->55594K(56128K) NonClass: 48601K(48896K)->48601K(48896K) Class: 6993K(7232K)->6993K(7232K)
[2026-04-03T01:22:05.589+0600][14.079s][info][gc             ] GC(22) Pause Full (System.gc()) 331M->29M(134M) 35.859ms
[2026-04-03T01:22:05.589+0600][14.079s][info][gc,cpu         ] GC(22) User=0.14s Sys=0.06s Real=0.03s
[2026-04-03T01:22:07.880+0600][16.370s][info][gc,start       ] GC(23) Pause Young (Normal) (G1 Evacuation Pause)
[2026-04-03T01:22:07.880+0600][16.370s][info][gc,task        ] GC(23) Using 6 workers of 10 for evacuation
[2026-04-03T01:22:07.885+0600][16.375s][info][gc,phases      ] GC(23)   Pre Evacuate Collection Set: 0.30ms
[2026-04-03T01:22:07.886+0600][16.375s][info][gc,phases      ] GC(23)   Merge Heap Roots: 0.17ms
[2026-04-03T01:22:07.886+0600][16.375s][info][gc,phases      ] GC(23)   Evacuate Collection Set: 3.98ms
[2026-04-03T01:22:07.886+0600][16.375s][info][gc,phases      ] GC(23)   Post Evacuate Collection Set: 0.72ms
[2026-04-03T01:22:07.886+0600][16.375s][info][gc,phases      ] GC(23)   Other: 0.10ms
[2026-04-03T01:22:07.886+0600][16.375s][info][gc,heap        ] GC(23) Eden regions: 37->0(39)
[2026-04-03T01:22:07.886+0600][16.375s][info][gc,heap        ] GC(23) Survivor regions: 0->3(5)
[2026-04-03T01:22:07.886+0600][16.375s][info][gc,heap        ] GC(23) Old regions: 17->17
[2026-04-03T01:22:07.886+0600][16.375s][info][gc,heap        ] GC(23) Humongous regions: 13->3
[2026-04-03T01:22:07.886+0600][16.375s][info][gc,metaspace   ] GC(23) Metaspace: 61748K(62464K)->61748K(62464K) NonClass: 53992K(54400K)->53992K(54400K) Class: 7755K(8064K)->7755K(8064K)
[2026-04-03T01:22:07.886+0600][16.375s][info][gc             ] GC(23) Pause Young (Normal) (G1 Evacuation Pause) 123M->34M(140M) 5.581ms
[2026-04-03T01:22:07.886+0600][16.375s][info][gc,cpu         ] GC(23) User=0.03s Sys=0.01s Real=0.00s
[2026-04-03T01:22:08.171+0600][16.661s][info][gc,start       ] GC(24) Pause Young (Normal) (G1 Evacuation Pause)
[2026-04-03T01:22:08.171+0600][16.661s][info][gc,task        ] GC(24) Using 4 workers of 10 for evacuation
[2026-04-03T01:22:08.181+0600][16.670s][info][gc,phases      ] GC(24)   Pre Evacuate Collection Set: 0.25ms
[2026-04-03T01:22:08.181+0600][16.670s][info][gc,phases      ] GC(24)   Merge Heap Roots: 0.18ms
[2026-04-03T01:22:08.181+0600][16.670s][info][gc,phases      ] GC(24)   Evacuate Collection Set: 8.14ms
[2026-04-03T01:22:08.181+0600][16.670s][info][gc,phases      ] GC(24)   Post Evacuate Collection Set: 0.80ms
[2026-04-03T01:22:08.181+0600][16.670s][info][gc,phases      ] GC(24)   Other: 0.10ms
[2026-04-03T01:22:08.181+0600][16.670s][info][gc,heap        ] GC(24) Eden regions: 39->0(36)
[2026-04-03T01:22:08.181+0600][16.671s][info][gc,heap        ] GC(24) Survivor regions: 3->6(6)
[2026-04-03T01:22:08.181+0600][16.671s][info][gc,heap        ] GC(24) Old regions: 17->17
[2026-04-03T01:22:08.181+0600][16.671s][info][gc,heap        ] GC(24) Humongous regions: 3->3
[2026-04-03T01:22:08.181+0600][16.671s][info][gc,metaspace   ] GC(24) Metaspace: 61784K(62528K)->61784K(62528K) NonClass: 54028K(54464K)->54028K(54464K) Class: 7755K(8064K)->7755K(8064K)
[2026-04-03T01:22:08.181+0600][16.671s][info][gc             ] GC(24) Pause Young (Normal) (G1 Evacuation Pause) 112M->39M(140M) 9.825ms
[2026-04-03T01:22:08.181+0600][16.671s][info][gc,cpu         ] GC(24) User=0.05s Sys=0.00s Real=0.01s
[2026-04-03T01:22:08.255+0600][16.744s][info][gc,start       ] GC(25) Pause Young (Normal) (G1 Evacuation Pause)
[2026-04-03T01:22:08.255+0600][16.744s][info][gc,task        ] GC(25) Using 3 workers of 10 for evacuation
[2026-04-03T01:22:08.269+0600][16.759s][info][gc,phases      ] GC(25)   Pre Evacuate Collection Set: 0.25ms
[2026-04-03T01:22:08.270+0600][16.759s][info][gc,phases      ] GC(25)   Merge Heap Roots: 0.14ms
[2026-04-03T01:22:08.270+0600][16.759s][info][gc,phases      ] GC(25)   Evacuate Collection Set: 13.19ms
[2026-04-03T01:22:08.270+0600][16.759s][info][gc,phases      ] GC(25)   Post Evacuate Collection Set: 0.76ms
[2026-04-03T01:22:08.270+0600][16.759s][info][gc,phases      ] GC(25)   Other: 0.11ms
[2026-04-03T01:22:08.270+0600][16.759s][info][gc,heap        ] GC(25) Eden regions: 36->0(35)
[2026-04-03T01:22:08.270+0600][16.759s][info][gc,heap        ] GC(25) Survivor regions: 6->6(6)
[2026-04-03T01:22:08.270+0600][16.759s][info][gc,heap        ] GC(25) Old regions: 17->19
[2026-04-03T01:22:08.270+0600][16.759s][info][gc,heap        ] GC(25) Humongous regions: 4->4
[2026-04-03T01:22:08.270+0600][16.759s][info][gc,metaspace   ] GC(25) Metaspace: 61793K(62528K)->61793K(62528K) NonClass: 54037K(54464K)->54037K(54464K) Class: 7755K(8064K)->7755K(8064K)
[2026-04-03T01:22:08.270+0600][16.759s][info][gc             ] GC(25) Pause Young (Normal) (G1 Evacuation Pause) 113M->47M(142M) 14.769ms
[2026-04-03T01:22:08.270+0600][16.759s][info][gc,cpu         ] GC(25) User=0.06s Sys=0.01s Real=0.02s
[2026-04-03T01:22:08.328+0600][16.818s][info][gc,start       ] GC(26) Pause Young (Normal) (G1 Evacuation Pause)
[2026-04-03T01:22:08.328+0600][16.818s][info][gc,task        ] GC(26) Using 3 workers of 10 for evacuation
[2026-04-03T01:22:08.342+0600][16.831s][info][gc,phases      ] GC(26)   Pre Evacuate Collection Set: 0.17ms
[2026-04-03T01:22:08.342+0600][16.831s][info][gc,phases      ] GC(26)   Merge Heap Roots: 0.09ms
[2026-04-03T01:22:08.342+0600][16.831s][info][gc,phases      ] GC(26)   Evacuate Collection Set: 12.40ms
[2026-04-03T01:22:08.342+0600][16.831s][info][gc,phases      ] GC(26)   Post Evacuate Collection Set: 0.52ms
[2026-04-03T01:22:08.342+0600][16.831s][info][gc,phases      ] GC(26)   Other: 0.08ms
[2026-04-03T01:22:08.342+0600][16.831s][info][gc,heap        ] GC(26) Eden regions: 35->0(34)
[2026-04-03T01:22:08.342+0600][16.831s][info][gc,heap        ] GC(26) Survivor regions: 6->6(6)
[2026-04-03T01:22:08.342+0600][16.831s][info][gc,heap        ] GC(26) Old regions: 19->22
[2026-04-03T01:22:08.342+0600][16.831s][info][gc,heap        ] GC(26) Humongous regions: 4->4
[2026-04-03T01:22:08.342+0600][16.831s][info][gc,metaspace   ] GC(26) Metaspace: 61801K(62528K)->61801K(62528K) NonClass: 54045K(54464K)->54045K(54464K) Class: 7755K(8064K)->7755K(8064K)
[2026-04-03T01:22:08.342+0600][16.831s][info][gc             ] GC(26) Pause Young (Normal) (G1 Evacuation Pause) 117M->52M(146M) 13.642ms
[2026-04-03T01:22:08.342+0600][16.831s][info][gc,cpu         ] GC(26) User=0.04s Sys=0.00s Real=0.02s
[2026-04-03T01:22:08.402+0600][16.892s][info][gc,start       ] GC(27) Pause Young (Normal) (G1 Evacuation Pause)
[2026-04-03T01:22:08.402+0600][16.892s][info][gc,task        ] GC(27) Using 3 workers of 10 for evacuation
[2026-04-03T01:22:08.418+0600][16.907s][info][gc,phases      ] GC(27)   Pre Evacuate Collection Set: 0.21ms
[2026-04-03T01:22:08.418+0600][16.908s][info][gc,phases      ] GC(27)   Merge Heap Roots: 0.09ms
[2026-04-03T01:22:08.418+0600][16.908s][info][gc,phases      ] GC(27)   Evacuate Collection Set: 14.28ms
[2026-04-03T01:22:08.418+0600][16.908s][info][gc,phases      ] GC(27)   Post Evacuate Collection Set: 1.01ms
[2026-04-03T01:22:08.418+0600][16.908s][info][gc,phases      ] GC(27)   Other: 0.09ms
[2026-04-03T01:22:08.418+0600][16.908s][info][gc,heap        ] GC(27) Eden regions: 34->0(87)
[2026-04-03T01:22:08.418+0600][16.908s][info][gc,heap        ] GC(27) Survivor regions: 6->3(5)
[2026-04-03T01:22:08.418+0600][16.908s][info][gc,heap        ] GC(27) Old regions: 22->28
[2026-04-03T01:22:08.418+0600][16.908s][info][gc,heap        ] GC(27) Humongous regions: 4->4
[2026-04-03T01:22:08.418+0600][16.908s][info][gc,metaspace   ] GC(27) Metaspace: 61810K(62528K)->61810K(62528K) NonClass: 54054K(54464K)->54054K(54464K) Class: 7755K(8064K)->7755K(8064K)
[2026-04-03T01:22:08.418+0600][16.908s][info][gc             ] GC(27) Pause Young (Normal) (G1 Evacuation Pause) 120M->59M(300M) 15.962ms
[2026-04-03T01:22:08.418+0600][16.908s][info][gc,cpu         ] GC(27) User=0.06s Sys=0.00s Real=0.01s
[2026-04-03T01:22:08.650+0600][17.139s][info][gc,start       ] GC(28) Pause Young (Normal) (G1 Evacuation Pause)
[2026-04-03T01:22:08.650+0600][17.139s][info][gc,task        ] GC(28) Using 7 workers of 10 for evacuation
[2026-04-03T01:22:08.665+0600][17.155s][info][gc,phases      ] GC(28)   Pre Evacuate Collection Set: 0.19ms
[2026-04-03T01:22:08.665+0600][17.155s][info][gc,phases      ] GC(28)   Merge Heap Roots: 0.10ms
[2026-04-03T01:22:08.665+0600][17.155s][info][gc,phases      ] GC(28)   Evacuate Collection Set: 14.37ms
[2026-04-03T01:22:08.665+0600][17.155s][info][gc,phases      ] GC(28)   Post Evacuate Collection Set: 0.71ms
[2026-04-03T01:22:08.665+0600][17.155s][info][gc,phases      ] GC(28)   Other: 0.10ms
[2026-04-03T01:22:08.665+0600][17.155s][info][gc,heap        ] GC(28) Eden regions: 87->0(79)
[2026-04-03T01:22:08.665+0600][17.155s][info][gc,heap        ] GC(28) Survivor regions: 3->11(12)
[2026-04-03T01:22:08.665+0600][17.155s][info][gc,heap        ] GC(28) Old regions: 28->28
[2026-04-03T01:22:08.665+0600][17.155s][info][gc,heap        ] GC(28) Humongous regions: 6->6
[2026-04-03T01:22:08.665+0600][17.155s][info][gc,metaspace   ] GC(28) Metaspace: 61821K(62528K)->61821K(62528K) NonClass: 54065K(54464K)->54065K(54464K) Class: 7755K(8064K)->7755K(8064K)
[2026-04-03T01:22:08.665+0600][17.155s][info][gc             ] GC(28) Pause Young (Normal) (G1 Evacuation Pause) 237M->79M(300M) 15.777ms
[2026-04-03T01:22:08.665+0600][17.155s][info][gc,cpu         ] GC(28) User=0.10s Sys=0.00s Real=0.02s
[2026-04-03T01:22:08.779+0600][17.269s][info][gc,start       ] GC(29) Pause Young (Normal) (G1 Evacuation Pause)
[2026-04-03T01:22:08.779+0600][17.269s][info][gc,task        ] GC(29) Using 7 workers of 10 for evacuation
[2026-04-03T01:22:08.815+0600][17.304s][info][gc,phases      ] GC(29)   Pre Evacuate Collection Set: 0.31ms
[2026-04-03T01:22:08.815+0600][17.304s][info][gc,phases      ] GC(29)   Merge Heap Roots: 0.16ms
[2026-04-03T01:22:08.815+0600][17.304s][info][gc,phases      ] GC(29)   Evacuate Collection Set: 34.09ms
[2026-04-03T01:22:08.815+0600][17.304s][info][gc,phases      ] GC(29)   Post Evacuate Collection Set: 0.81ms
[2026-04-03T01:22:08.815+0600][17.305s][info][gc,phases      ] GC(29)   Other: 0.23ms
[2026-04-03T01:22:08.815+0600][17.305s][info][gc,heap        ] GC(29) Eden regions: 79->0(78)
[2026-04-03T01:22:08.815+0600][17.305s][info][gc,heap        ] GC(29) Survivor regions: 11->8(12)
[2026-04-03T01:22:08.815+0600][17.305s][info][gc,heap        ] GC(29) Old regions: 28->39
[2026-04-03T01:22:08.815+0600][17.305s][info][gc,heap        ] GC(29) Humongous regions: 9->9
[2026-04-03T01:22:08.815+0600][17.305s][info][gc,metaspace   ] GC(29) Metaspace: 61825K(62528K)->61825K(62528K) NonClass: 54069K(54464K)->54069K(54464K) Class: 7755K(8064K)->7755K(8064K)
[2026-04-03T01:22:08.815+0600][17.305s][info][gc             ] GC(29) Pause Young (Normal) (G1 Evacuation Pause) 243M->99M(300M) 35.929ms
[2026-04-03T01:22:08.815+0600][17.305s][info][gc,cpu         ] GC(29) User=0.24s Sys=0.00s Real=0.04s
[2026-04-03T01:22:08.921+0600][17.410s][info][gc,start       ] GC(30) Pause Young (Normal) (G1 Evacuation Pause)
[2026-04-03T01:22:08.921+0600][17.410s][info][gc,task        ] GC(30) Using 7 workers of 10 for evacuation
[2026-04-03T01:22:08.935+0600][17.424s][info][gc,phases      ] GC(30)   Pre Evacuate Collection Set: 0.36ms
[2026-04-03T01:22:08.935+0600][17.424s][info][gc,phases      ] GC(30)   Merge Heap Roots: 0.15ms
[2026-04-03T01:22:08.935+0600][17.424s][info][gc,phases      ] GC(30)   Evacuate Collection Set: 12.89ms
[2026-04-03T01:22:08.935+0600][17.424s][info][gc,phases      ] GC(30)   Post Evacuate Collection Set: 0.75ms
[2026-04-03T01:22:08.935+0600][17.425s][info][gc,phases      ] GC(30)   Other: 0.10ms
[2026-04-03T01:22:08.935+0600][17.425s][info][gc,heap        ] GC(30) Eden regions: 78->0(72)
[2026-04-03T01:22:08.935+0600][17.425s][info][gc,heap        ] GC(30) Survivor regions: 8->8(11)
[2026-04-03T01:22:08.935+0600][17.425s][info][gc,heap        ] GC(30) Old regions: 39->46
[2026-04-03T01:22:08.935+0600][17.425s][info][gc,heap        ] GC(30) Humongous regions: 9->9
[2026-04-03T01:22:08.935+0600][17.425s][info][gc,metaspace   ] GC(30) Metaspace: 61826K(62528K)->61826K(62528K) NonClass: 54070K(54464K)->54070K(54464K) Class: 7755K(8064K)->7755K(8064K)
[2026-04-03T01:22:08.935+0600][17.425s][info][gc             ] GC(30) Pause Young (Normal) (G1 Evacuation Pause) 255M->113M(300M) 14.677ms
[2026-04-03T01:22:08.935+0600][17.425s][info][gc,cpu         ] GC(30) User=0.09s Sys=0.00s Real=0.01s
[2026-04-03T01:22:09.703+0600][18.193s][info][gc,start       ] GC(31) Pause Young (Normal) (G1 Evacuation Pause)
[2026-04-03T01:22:09.703+0600][18.193s][info][gc,task        ] GC(31) Using 7 workers of 10 for evacuation
[2026-04-03T01:22:09.737+0600][18.227s][info][gc,phases      ] GC(31)   Pre Evacuate Collection Set: 0.35ms
[2026-04-03T01:22:09.737+0600][18.227s][info][gc,phases      ] GC(31)   Merge Heap Roots: 0.27ms
[2026-04-03T01:22:09.737+0600][18.227s][info][gc,phases      ] GC(31)   Evacuate Collection Set: 30.40ms
[2026-04-03T01:22:09.737+0600][18.227s][info][gc,phases      ] GC(31)   Post Evacuate Collection Set: 2.73ms
[2026-04-03T01:22:09.738+0600][18.227s][info][gc,phases      ] GC(31)   Other: 0.16ms
[2026-04-03T01:22:09.738+0600][18.227s][info][gc,heap        ] GC(31) Eden regions: 72->0(197)
[2026-04-03T01:22:09.738+0600][18.227s][info][gc,heap        ] GC(31) Survivor regions: 8->6(10)
[2026-04-03T01:22:09.738+0600][18.227s][info][gc,heap        ] GC(31) Old regions: 46->54
[2026-04-03T01:22:09.738+0600][18.227s][info][gc,heap        ] GC(31) Humongous regions: 15->11
[2026-04-03T01:22:09.738+0600][18.227s][info][gc,metaspace   ] GC(31) Metaspace: 64015K(64896K)->64015K(64896K) NonClass: 55918K(56384K)->55918K(56384K) Class: 8097K(8512K)->8097K(8512K)
[2026-04-03T01:22:09.738+0600][18.227s][info][gc             ] GC(31) Pause Young (Normal) (G1 Evacuation Pause) 269M->128M(678M) 34.356ms
[2026-04-03T01:22:09.738+0600][18.227s][info][gc,cpu         ] GC(31) User=0.27s Sys=0.01s Real=0.03s
[2026-04-03T01:22:10.217+0600][18.706s][info][gc,start       ] GC(32) Pause Young (Normal) (G1 Evacuation Pause)
[2026-04-03T01:22:10.217+0600][18.706s][info][gc,task        ] GC(32) Using 10 workers of 10 for evacuation
[2026-04-03T01:22:10.234+0600][18.723s][info][gc,phases      ] GC(32)   Pre Evacuate Collection Set: 0.32ms
[2026-04-03T01:22:10.234+0600][18.723s][info][gc,phases      ] GC(32)   Merge Heap Roots: 0.17ms
[2026-04-03T01:22:10.234+0600][18.723s][info][gc,phases      ] GC(32)   Evacuate Collection Set: 14.79ms
[2026-04-03T01:22:10.234+0600][18.724s][info][gc,phases      ] GC(32)   Post Evacuate Collection Set: 1.12ms
[2026-04-03T01:22:10.234+0600][18.724s][info][gc,phases      ] GC(32)   Other: 0.21ms
[2026-04-03T01:22:10.234+0600][18.724s][info][gc,heap        ] GC(32) Eden regions: 197->0(188)
[2026-04-03T01:22:10.234+0600][18.724s][info][gc,heap        ] GC(32) Survivor regions: 6->15(26)
[2026-04-03T01:22:10.234+0600][18.724s][info][gc,heap        ] GC(32) Old regions: 54->54
[2026-04-03T01:22:10.234+0600][18.724s][info][gc,heap        ] GC(32) Humongous regions: 12->12
[2026-04-03T01:22:10.234+0600][18.724s][info][gc,metaspace   ] GC(32) Metaspace: 64025K(64896K)->64025K(64896K) NonClass: 55928K(56384K)->55928K(56384K) Class: 8097K(8512K)->8097K(8512K)
[2026-04-03T01:22:10.234+0600][18.724s][info][gc             ] GC(32) Pause Young (Normal) (G1 Evacuation Pause) 524M->149M(678M) 17.279ms
[2026-04-03T01:22:10.234+0600][18.724s][info][gc,cpu         ] GC(32) User=0.16s Sys=0.00s Real=0.02s
[2026-04-03T01:22:10.376+0600][18.865s][info][gc,start       ] GC(33) Pause Young (Normal) (G1 Evacuation Pause)
[2026-04-03T01:22:10.376+0600][18.865s][info][gc,task        ] GC(33) Using 10 workers of 10 for evacuation
[2026-04-03T01:22:10.398+0600][18.887s][info][gc,phases      ] GC(33)   Pre Evacuate Collection Set: 0.46ms
[2026-04-03T01:22:10.398+0600][18.887s][info][gc,phases      ] GC(33)   Merge Heap Roots: 0.15ms
[2026-04-03T01:22:10.398+0600][18.887s][info][gc,phases      ] GC(33)   Evacuate Collection Set: 20.06ms
[2026-04-03T01:22:10.398+0600][18.887s][info][gc,phases      ] GC(33)   Post Evacuate Collection Set: 0.87ms
[2026-04-03T01:22:10.398+0600][18.887s][info][gc,phases      ] GC(33)   Other: 0.11ms
[2026-04-03T01:22:10.398+0600][18.887s][info][gc,heap        ] GC(33) Eden regions: 188->0(184)
[2026-04-03T01:22:10.398+0600][18.887s][info][gc,heap        ] GC(33) Survivor regions: 15->19(26)
[2026-04-03T01:22:10.398+0600][18.887s][info][gc,heap        ] GC(33) Old regions: 54->58
[2026-04-03T01:22:10.398+0600][18.887s][info][gc,heap        ] GC(33) Humongous regions: 14->14
[2026-04-03T01:22:10.398+0600][18.887s][info][gc,metaspace   ] GC(33) Metaspace: 64046K(64896K)->64046K(64896K) NonClass: 55947K(56384K)->55947K(56384K) Class: 8099K(8512K)->8099K(8512K)
[2026-04-03T01:22:10.398+0600][18.887s][info][gc             ] GC(33) Pause Young (Normal) (G1 Evacuation Pause) 529M->170M(678M) 22.056ms
[2026-04-03T01:22:10.398+0600][18.887s][info][gc,cpu         ] GC(33) User=0.20s Sys=0.00s Real=0.02s
[2026-04-03T01:22:10.543+0600][19.032s][info][gc,start       ] GC(34) Pause Young (Normal) (G1 Evacuation Pause)
[2026-04-03T01:22:10.543+0600][19.032s][info][gc,task        ] GC(34) Using 10 workers of 10 for evacuation
[2026-04-03T01:22:10.577+0600][19.066s][info][gc,phases      ] GC(34)   Pre Evacuate Collection Set: 0.49ms
[2026-04-03T01:22:10.577+0600][19.066s][info][gc,phases      ] GC(34)   Merge Heap Roots: 0.22ms
[2026-04-03T01:22:10.577+0600][19.066s][info][gc,phases      ] GC(34)   Evacuate Collection Set: 32.01ms
[2026-04-03T01:22:10.577+0600][19.066s][info][gc,phases      ] GC(34)   Post Evacuate Collection Set: 1.17ms
[2026-04-03T01:22:10.577+0600][19.066s][info][gc,phases      ] GC(34)   Other: 0.12ms
[2026-04-03T01:22:10.577+0600][19.066s][info][gc,heap        ] GC(34) Eden regions: 184->0(185)
[2026-04-03T01:22:10.577+0600][19.066s][info][gc,heap        ] GC(34) Survivor regions: 19->18(26)
[2026-04-03T01:22:10.577+0600][19.066s][info][gc,heap        ] GC(34) Old regions: 58->69
[2026-04-03T01:22:10.577+0600][19.066s][info][gc,heap        ] GC(34) Humongous regions: 17->17
[2026-04-03T01:22:10.577+0600][19.066s][info][gc,metaspace   ] GC(34) Metaspace: 64059K(64960K)->64059K(64960K) NonClass: 55959K(56448K)->55959K(56448K) Class: 8099K(8512K)->8099K(8512K)
[2026-04-03T01:22:10.577+0600][19.066s][info][gc             ] GC(34) Pause Young (Normal) (G1 Evacuation Pause) 544M->195M(678M) 34.418ms
[2026-04-03T01:22:10.577+0600][19.066s][info][gc,cpu         ] GC(34) User=0.31s Sys=0.01s Real=0.03s
[2026-04-03T01:22:10.735+0600][19.224s][info][gc,start       ] GC(35) Pause Young (Normal) (G1 Evacuation Pause)
[2026-04-03T01:22:10.735+0600][19.224s][info][gc,task        ] GC(35) Using 10 workers of 10 for evacuation
[2026-04-03T01:22:10.769+0600][19.259s][info][gc,phases      ] GC(35)   Pre Evacuate Collection Set: 0.21ms
[2026-04-03T01:22:10.770+0600][19.259s][info][gc,phases      ] GC(35)   Merge Heap Roots: 0.17ms
[2026-04-03T01:22:10.770+0600][19.259s][info][gc,phases      ] GC(35)   Evacuate Collection Set: 30.25ms
[2026-04-03T01:22:10.770+0600][19.259s][info][gc,phases      ] GC(35)   Post Evacuate Collection Set: 3.69ms
[2026-04-03T01:22:10.770+0600][19.259s][info][gc,phases      ] GC(35)   Other: 0.12ms
[2026-04-03T01:22:10.770+0600][19.259s][info][gc,heap        ] GC(35) Eden regions: 185->0(370)
[2026-04-03T01:22:10.770+0600][19.259s][info][gc,heap        ] GC(35) Survivor regions: 18->17(26)
[2026-04-03T01:22:10.770+0600][19.259s][info][gc,heap        ] GC(35) Old regions: 69->78
[2026-04-03T01:22:10.770+0600][19.259s][info][gc,heap        ] GC(35) Humongous regions: 19->19
[2026-04-03T01:22:10.770+0600][19.259s][info][gc,metaspace   ] GC(35) Metaspace: 64145K(65024K)->64145K(65024K) NonClass: 56032K(56512K)->56032K(56512K) Class: 8113K(8512K)->8113K(8512K)
[2026-04-03T01:22:10.770+0600][19.259s][info][gc             ] GC(35) Pause Young (Normal) (G1 Evacuation Pause) 569M->216M(1292M) 34.778ms
[2026-04-03T01:22:10.770+0600][19.259s][info][gc,cpu         ] GC(35) User=0.31s Sys=0.00s Real=0.04s
[2026-04-03T01:22:11.512+0600][20.002s][info][gc,start       ] GC(36) Pause Young (Normal) (G1 Evacuation Pause)
[2026-04-03T01:22:11.512+0600][20.002s][info][gc,task        ] GC(36) Using 10 workers of 10 for evacuation
[2026-04-03T01:22:11.526+0600][20.016s][info][gc,phases      ] GC(36)   Pre Evacuate Collection Set: 0.37ms
[2026-04-03T01:22:11.526+0600][20.016s][info][gc,phases      ] GC(36)   Merge Heap Roots: 0.22ms
[2026-04-03T01:22:11.526+0600][20.016s][info][gc,phases      ] GC(36)   Evacuate Collection Set: 12.59ms
[2026-04-03T01:22:11.526+0600][20.016s][info][gc,phases      ] GC(36)   Post Evacuate Collection Set: 0.88ms
[2026-04-03T01:22:11.526+0600][20.016s][info][gc,phases      ] GC(36)   Other: 0.17ms
[2026-04-03T01:22:11.526+0600][20.016s][info][gc,heap        ] GC(36) Eden regions: 370->0(370)
[2026-04-03T01:22:11.527+0600][20.016s][info][gc,heap        ] GC(36) Survivor regions: 17->17(49)
[2026-04-03T01:22:11.527+0600][20.016s][info][gc,heap        ] GC(36) Old regions: 78->78
[2026-04-03T01:22:11.527+0600][20.016s][info][gc,heap        ] GC(36) Humongous regions: 20->19
[2026-04-03T01:22:11.527+0600][20.016s][info][gc,metaspace   ] GC(36) Metaspace: 64422K(65344K)->64422K(65344K) NonClass: 56257K(56768K)->56257K(56768K) Class: 8164K(8576K)->8164K(8576K)
[2026-04-03T01:22:11.527+0600][20.016s][info][gc             ] GC(36) Pause Young (Normal) (G1 Evacuation Pause) 958M->214M(1292M) 14.551ms
[2026-04-03T01:22:11.527+0600][20.016s][info][gc,cpu         ] GC(36) User=0.13s Sys=0.00s Real=0.01s
[2026-04-03T01:22:11.910+0600][20.399s][info][gc,start       ] GC(37) Pause Full (System.gc())
[2026-04-03T01:22:11.910+0600][20.399s][info][gc,task        ] GC(37) Using 10 workers of 10 for full compaction
[2026-04-03T01:22:11.910+0600][20.400s][info][gc,phases,start] GC(37) Phase 1: Mark live objects
[2026-04-03T01:22:11.987+0600][20.476s][info][gc,phases      ] GC(37) Phase 1: Mark live objects 76.584ms
[2026-04-03T01:22:11.987+0600][20.476s][info][gc,phases,start] GC(37) Phase 2: Prepare compaction
[2026-04-03T01:22:11.992+0600][20.481s][info][gc,phases      ] GC(37) Phase 2: Prepare compaction 4.972ms
[2026-04-03T01:22:11.992+0600][20.481s][info][gc,phases,start] GC(37) Phase 3: Adjust pointers
[2026-04-03T01:22:12.014+0600][20.504s][info][gc,phases      ] GC(37) Phase 3: Adjust pointers 22.131ms
[2026-04-03T01:22:12.014+0600][20.504s][info][gc,phases,start] GC(37) Phase 4: Compact heap
[2026-04-03T01:22:12.022+0600][20.511s][info][gc,phases      ] GC(37) Phase 4: Compact heap 7.435ms
[2026-04-03T01:22:12.022+0600][20.511s][info][gc,phases,start] GC(37) Phase 5: Reset Metadata
[2026-04-03T01:22:12.031+0600][20.521s][info][gc,phases      ] GC(37) Phase 5: Reset Metadata 9.385ms
[2026-04-03T01:22:12.048+0600][20.538s][info][gc,heap        ] GC(37) Eden regions: 126->0(192)
[2026-04-03T01:22:12.048+0600][20.538s][info][gc,heap        ] GC(37) Survivor regions: 17->0(49)
[2026-04-03T01:22:12.048+0600][20.538s][info][gc,heap        ] GC(37) Old regions: 78->89
[2026-04-03T01:22:12.049+0600][20.538s][info][gc,heap        ] GC(37) Humongous regions: 25->7
[2026-04-03T01:22:12.049+0600][20.538s][info][gc,metaspace   ] GC(37) Metaspace: 66180K(67136K)->66143K(67136K) NonClass: 57787K(58304K)->57761K(58304K) Class: 8393K(8832K)->8382K(8832K)
[2026-04-03T01:22:12.049+0600][20.538s][info][gc             ] GC(37) Pause Full (System.gc()) 476M->178M(640M) 138.994ms
[2026-04-03T01:22:12.049+0600][20.538s][info][gc,cpu         ] GC(37) User=0.97s Sys=0.11s Real=0.14s
[2026-04-03T01:22:12.492+0600][20.981s][info][gc,start       ] GC(38) Pause Young (Normal) (G1 Evacuation Pause)
[2026-04-03T01:22:12.492+0600][20.981s][info][gc,task        ] GC(38) Using 10 workers of 10 for evacuation
[2026-04-03T01:22:12.494+0600][20.984s][info][gc,phases      ] GC(38)   Pre Evacuate Collection Set: 0.37ms
[2026-04-03T01:22:12.495+0600][20.984s][info][gc,phases      ] GC(38)   Merge Heap Roots: 0.29ms
[2026-04-03T01:22:12.495+0600][20.984s][info][gc,phases      ] GC(38)   Evacuate Collection Set: 0.95ms
[2026-04-03T01:22:12.495+0600][20.984s][info][gc,phases      ] GC(38)   Post Evacuate Collection Set: 0.85ms
[2026-04-03T01:22:12.495+0600][20.984s][info][gc,phases      ] GC(38)   Other: 0.10ms
[2026-04-03T01:22:12.495+0600][20.984s][info][gc,heap        ] GC(38) Eden regions: 192->0(189)
[2026-04-03T01:22:12.495+0600][20.984s][info][gc,heap        ] GC(38) Survivor regions: 0->3(24)
[2026-04-03T01:22:12.495+0600][20.984s][info][gc,heap        ] GC(38) Old regions: 89->89
[2026-04-03T01:22:12.495+0600][20.984s][info][gc,heap        ] GC(38) Humongous regions: 14->7
[2026-04-03T01:22:12.495+0600][20.984s][info][gc,metaspace   ] GC(38) Metaspace: 66483K(67392K)->66483K(67392K) NonClass: 58023K(58496K)->58023K(58496K) Class: 8460K(8896K)->8460K(8896K)
[2026-04-03T01:22:12.495+0600][20.984s][info][gc             ] GC(38) Pause Young (Normal) (G1 Evacuation Pause) 576M->183M(640M) 2.952ms
[2026-04-03T01:22:12.495+0600][20.984s][info][gc,cpu         ] GC(38) User=0.01s Sys=0.00s Real=0.00s
[2026-04-03T01:22:12.672+0600][21.162s][info][gc,start       ] GC(39) Pause Young (Normal) (G1 Evacuation Pause)
[2026-04-03T01:22:12.673+0600][21.162s][info][gc,task        ] GC(39) Using 10 workers of 10 for evacuation
[2026-04-03T01:22:12.675+0600][21.164s][info][gc,phases      ] GC(39)   Pre Evacuate Collection Set: 0.20ms
[2026-04-03T01:22:12.675+0600][21.164s][info][gc,phases      ] GC(39)   Merge Heap Roots: 0.26ms
[2026-04-03T01:22:12.675+0600][21.164s][info][gc,phases      ] GC(39)   Evacuate Collection Set: 0.77ms
[2026-04-03T01:22:12.675+0600][21.164s][info][gc,phases      ] GC(39)   Post Evacuate Collection Set: 0.72ms
[2026-04-03T01:22:12.675+0600][21.164s][info][gc,phases      ] GC(39)   Other: 0.08ms
[2026-04-03T01:22:12.675+0600][21.164s][info][gc,heap        ] GC(39) Eden regions: 189->0(191)
[2026-04-03T01:22:12.675+0600][21.164s][info][gc,heap        ] GC(39) Survivor regions: 3->1(24)
[2026-04-03T01:22:12.675+0600][21.164s][info][gc,heap        ] GC(39) Old regions: 89->89
[2026-04-03T01:22:12.675+0600][21.164s][info][gc,heap        ] GC(39) Humongous regions: 7->7
[2026-04-03T01:22:12.675+0600][21.164s][info][gc,metaspace   ] GC(39) Metaspace: 66487K(67392K)->66487K(67392K) NonClass: 58027K(58496K)->58027K(58496K) Class: 8460K(8896K)->8460K(8896K)
[2026-04-03T01:22:12.675+0600][21.164s][info][gc             ] GC(39) Pause Young (Normal) (G1 Evacuation Pause) 561M->179M(640M) 2.425ms
[2026-04-03T01:22:12.675+0600][21.164s][info][gc,cpu         ] GC(39) User=0.01s Sys=0.00s Real=0.00s
[2026-04-03T01:22:12.829+0600][21.318s][info][gc,start       ] GC(40) Pause Young (Normal) (G1 Evacuation Pause)
[2026-04-03T01:22:12.829+0600][21.318s][info][gc,task        ] GC(40) Using 10 workers of 10 for evacuation
[2026-04-03T01:22:12.830+0600][21.320s][info][gc,phases      ] GC(40)   Pre Evacuate Collection Set: 0.30ms
[2026-04-03T01:22:12.831+0600][21.320s][info][gc,phases      ] GC(40)   Merge Heap Roots: 0.17ms
[2026-04-03T01:22:12.831+0600][21.320s][info][gc,phases      ] GC(40)   Evacuate Collection Set: 0.69ms
[2026-04-03T01:22:12.831+0600][21.320s][info][gc,phases      ] GC(40)   Post Evacuate Collection Set: 0.48ms
[2026-04-03T01:22:12.831+0600][21.320s][info][gc,phases      ] GC(40)   Other: 0.08ms
[2026-04-03T01:22:12.831+0600][21.320s][info][gc,heap        ] GC(40) Eden regions: 191->0(191)
[2026-04-03T01:22:12.831+0600][21.320s][info][gc,heap        ] GC(40) Survivor regions: 1->1(24)
[2026-04-03T01:22:12.831+0600][21.320s][info][gc,heap        ] GC(40) Old regions: 89->89
[2026-04-03T01:22:12.831+0600][21.320s][info][gc,heap        ] GC(40) Humongous regions: 7->7
[2026-04-03T01:22:12.831+0600][21.320s][info][gc,metaspace   ] GC(40) Metaspace: 66487K(67392K)->66487K(67392K) NonClass: 58027K(58496K)->58027K(58496K) Class: 8460K(8896K)->8460K(8896K)
[2026-04-03T01:22:12.831+0600][21.320s][info][gc             ] GC(40) Pause Young (Normal) (G1 Evacuation Pause) 561M->179M(640M) 1.979ms
[2026-04-03T01:22:12.831+0600][21.320s][info][gc,cpu         ] GC(40) User=0.00s Sys=0.00s Real=0.01s
[2026-04-03T01:22:12.976+0600][21.465s][info][gc,start       ] GC(41) Pause Young (Normal) (G1 Evacuation Pause)
[2026-04-03T01:22:12.976+0600][21.466s][info][gc,task        ] GC(41) Using 10 workers of 10 for evacuation
[2026-04-03T01:22:12.978+0600][21.467s][info][gc,phases      ] GC(41)   Pre Evacuate Collection Set: 0.17ms
[2026-04-03T01:22:12.978+0600][21.467s][info][gc,phases      ] GC(41)   Merge Heap Roots: 0.11ms
[2026-04-03T01:22:12.978+0600][21.467s][info][gc,phases      ] GC(41)   Evacuate Collection Set: 0.64ms
[2026-04-03T01:22:12.978+0600][21.467s][info][gc,phases      ] GC(41)   Post Evacuate Collection Set: 0.61ms
[2026-04-03T01:22:12.978+0600][21.467s][info][gc,phases      ] GC(41)   Other: 0.08ms
[2026-04-03T01:22:12.978+0600][21.467s][info][gc,heap        ] GC(41) Eden regions: 191->0(191)
[2026-04-03T01:22:12.978+0600][21.467s][info][gc,heap        ] GC(41) Survivor regions: 1->1(24)
[2026-04-03T01:22:12.978+0600][21.467s][info][gc,heap        ] GC(41) Old regions: 89->89
[2026-04-03T01:22:12.978+0600][21.467s][info][gc,heap        ] GC(41) Humongous regions: 7->7
[2026-04-03T01:22:12.978+0600][21.467s][info][gc,metaspace   ] GC(41) Metaspace: 66487K(67392K)->66487K(67392K) NonClass: 58027K(58496K)->58027K(58496K) Class: 8460K(8896K)->8460K(8896K)
[2026-04-03T01:22:12.978+0600][21.467s][info][gc             ] GC(41) Pause Young (Normal) (G1 Evacuation Pause) 561M->178M(640M) 1.961ms
[2026-04-03T01:22:12.978+0600][21.467s][info][gc,cpu         ] GC(41) User=0.01s Sys=0.00s Real=0.00s
[2026-04-03T01:22:13.066+0600][21.555s][info][gc,start       ] GC(42) Pause Full (System.gc())
[2026-04-03T01:22:13.066+0600][21.556s][info][gc,task        ] GC(42) Using 10 workers of 10 for full compaction
[2026-04-03T01:22:13.067+0600][21.556s][info][gc,phases,start] GC(42) Phase 1: Mark live objects
[2026-04-03T01:22:13.128+0600][21.617s][info][gc,phases      ] GC(42) Phase 1: Mark live objects 61.319ms
[2026-04-03T01:22:13.128+0600][21.617s][info][gc,phases,start] GC(42) Phase 2: Prepare compaction
[2026-04-03T01:22:13.130+0600][21.619s][info][gc,phases      ] GC(42) Phase 2: Prepare compaction 1.909ms
[2026-04-03T01:22:13.130+0600][21.619s][info][gc,phases,start] GC(42) Phase 3: Adjust pointers
[2026-04-03T01:22:13.145+0600][21.635s][info][gc,phases      ] GC(42) Phase 3: Adjust pointers 15.182ms
[2026-04-03T01:22:13.145+0600][21.635s][info][gc,phases,start] GC(42) Phase 4: Compact heap
[2026-04-03T01:22:13.147+0600][21.637s][info][gc,phases      ] GC(42) Phase 4: Compact heap 2.201ms
[2026-04-03T01:22:13.148+0600][21.637s][info][gc,phases,start] GC(42) Phase 5: Reset Metadata
[2026-04-03T01:22:13.160+0600][21.649s][info][gc,phases      ] GC(42) Phase 5: Reset Metadata 12.221ms
[2026-04-03T01:22:13.166+0600][21.655s][info][gc,heap        ] GC(42) Eden regions: 56->0(192)
[2026-04-03T01:22:13.166+0600][21.655s][info][gc,heap        ] GC(42) Survivor regions: 1->0(24)
[2026-04-03T01:22:13.166+0600][21.655s][info][gc,heap        ] GC(42) Old regions: 89->89
[2026-04-03T01:22:13.166+0600][21.655s][info][gc,heap        ] GC(42) Humongous regions: 14->7
[2026-04-03T01:22:13.166+0600][21.655s][info][gc,metaspace   ] GC(42) Metaspace: 66535K(67456K)->66535K(67456K) NonClass: 58075K(58560K)->58075K(58560K) Class: 8460K(8896K)->8460K(8896K)
[2026-04-03T01:22:13.166+0600][21.655s][info][gc             ] GC(42) Pause Full (System.gc()) 304M->178M(640M) 99.989ms
[2026-04-03T01:22:13.166+0600][21.655s][info][gc,cpu         ] GC(42) User=0.78s Sys=0.03s Real=0.10s
[2026-04-03T01:22:13.503+0600][21.993s][info][gc,start       ] GC(43) Pause Young (Normal) (G1 Evacuation Pause)
[2026-04-03T01:22:13.504+0600][21.993s][info][gc,task        ] GC(43) Using 10 workers of 10 for evacuation
[2026-04-03T01:22:13.506+0600][21.995s][info][gc,phases      ] GC(43)   Pre Evacuate Collection Set: 0.32ms
[2026-04-03T01:22:13.506+0600][21.995s][info][gc,phases      ] GC(43)   Merge Heap Roots: 0.28ms
[2026-04-03T01:22:13.506+0600][21.995s][info][gc,phases      ] GC(43)   Evacuate Collection Set: 0.83ms
[2026-04-03T01:22:13.506+0600][21.995s][info][gc,phases      ] GC(43)   Post Evacuate Collection Set: 0.80ms
[2026-04-03T01:22:13.506+0600][21.995s][info][gc,phases      ] GC(43)   Other: 0.10ms
[2026-04-03T01:22:13.506+0600][21.995s][info][gc,heap        ] GC(43) Eden regions: 192->0(191)
[2026-04-03T01:22:13.506+0600][21.995s][info][gc,heap        ] GC(43) Survivor regions: 0->1(24)
[2026-04-03T01:22:13.506+0600][21.996s][info][gc,heap        ] GC(43) Old regions: 89->89
[2026-04-03T01:22:13.506+0600][21.996s][info][gc,heap        ] GC(43) Humongous regions: 14->7
[2026-04-03T01:22:13.506+0600][21.996s][info][gc,metaspace   ] GC(43) Metaspace: 66608K(67520K)->66608K(67520K) NonClass: 58148K(58624K)->58148K(58624K) Class: 8460K(8896K)->8460K(8896K)
[2026-04-03T01:22:13.506+0600][21.996s][info][gc             ] GC(43) Pause Young (Normal) (G1 Evacuation Pause) 576M->178M(640M) 2.649ms
[2026-04-03T01:22:13.506+0600][21.996s][info][gc,cpu         ] GC(43) User=0.01s Sys=0.00s Real=0.00s
[2026-04-03T01:22:13.713+0600][22.203s][info][gc,start       ] GC(44) Pause Young (Normal) (G1 Evacuation Pause)
[2026-04-03T01:22:13.714+0600][22.203s][info][gc,task        ] GC(44) Using 10 workers of 10 for evacuation
[2026-04-03T01:22:13.716+0600][22.206s][info][gc,phases      ] GC(44)   Pre Evacuate Collection Set: 0.53ms
[2026-04-03T01:22:13.716+0600][22.206s][info][gc,phases      ] GC(44)   Merge Heap Roots: 0.32ms
[2026-04-03T01:22:13.716+0600][22.206s][info][gc,phases      ] GC(44)   Evacuate Collection Set: 0.79ms
[2026-04-03T01:22:13.716+0600][22.206s][info][gc,phases      ] GC(44)   Post Evacuate Collection Set: 0.89ms
[2026-04-03T01:22:13.716+0600][22.206s][info][gc,phases      ] GC(44)   Other: 0.15ms
[2026-04-03T01:22:13.716+0600][22.206s][info][gc,heap        ] GC(44) Eden regions: 191->0(191)
[2026-04-03T01:22:13.716+0600][22.206s][info][gc,heap        ] GC(44) Survivor regions: 1->1(24)
[2026-04-03T01:22:13.716+0600][22.206s][info][gc,heap        ] GC(44) Old regions: 89->89
[2026-04-03T01:22:13.716+0600][22.206s][info][gc,heap        ] GC(44) Humongous regions: 7->7
[2026-04-03T01:22:13.716+0600][22.206s][info][gc,metaspace   ] GC(44) Metaspace: 66615K(67520K)->66615K(67520K) NonClass: 58154K(58624K)->58154K(58624K) Class: 8460K(8896K)->8460K(8896K)
[2026-04-03T01:22:13.716+0600][22.206s][info][gc             ] GC(44) Pause Young (Normal) (G1 Evacuation Pause) 560M->178M(640M) 3.078ms
[2026-04-03T01:22:13.717+0600][22.206s][info][gc,cpu         ] GC(44) User=0.01s Sys=0.00s Real=0.00s
[2026-04-03T01:22:13.916+0600][22.405s][info][gc,start       ] GC(45) Pause Young (Normal) (G1 Evacuation Pause)
[2026-04-03T01:22:13.916+0600][22.405s][info][gc,task        ] GC(45) Using 10 workers of 10 for evacuation
[2026-04-03T01:22:13.918+0600][22.407s][info][gc,phases      ] GC(45)   Pre Evacuate Collection Set: 0.31ms
[2026-04-03T01:22:13.918+0600][22.407s][info][gc,phases      ] GC(45)   Merge Heap Roots: 0.16ms
[2026-04-03T01:22:13.918+0600][22.407s][info][gc,phases      ] GC(45)   Evacuate Collection Set: 0.52ms
[2026-04-03T01:22:13.918+0600][22.407s][info][gc,phases      ] GC(45)   Post Evacuate Collection Set: 0.50ms
[2026-04-03T01:22:13.918+0600][22.407s][info][gc,phases      ] GC(45)   Other: 0.09ms
[2026-04-03T01:22:13.918+0600][22.407s][info][gc,heap        ] GC(45) Eden regions: 191->0(191)
[2026-04-03T01:22:13.918+0600][22.407s][info][gc,heap        ] GC(45) Survivor regions: 1->1(24)
[2026-04-03T01:22:13.918+0600][22.407s][info][gc,heap        ] GC(45) Old regions: 89->89
[2026-04-03T01:22:13.918+0600][22.407s][info][gc,heap        ] GC(45) Humongous regions: 7->7
[2026-04-03T01:22:13.918+0600][22.407s][info][gc,metaspace   ] GC(45) Metaspace: 66615K(67520K)->66615K(67520K) NonClass: 58154K(58624K)->58154K(58624K) Class: 8460K(8896K)->8460K(8896K)
[2026-04-03T01:22:13.918+0600][22.407s][info][gc             ] GC(45) Pause Young (Normal) (G1 Evacuation Pause) 560M->178M(640M) 1.879ms
[2026-04-03T01:22:13.918+0600][22.407s][info][gc,cpu         ] GC(45) User=0.01s Sys=0.00s Real=0.00s
[2026-04-03T01:22:14.080+0600][22.569s][info][gc,start       ] GC(46) Pause Young (Normal) (G1 Evacuation Pause)
[2026-04-03T01:22:14.080+0600][22.569s][info][gc,task        ] GC(46) Using 10 workers of 10 for evacuation
[2026-04-03T01:22:14.081+0600][22.571s][info][gc,phases      ] GC(46)   Pre Evacuate Collection Set: 0.32ms
[2026-04-03T01:22:14.082+0600][22.571s][info][gc,phases      ] GC(46)   Merge Heap Roots: 0.12ms
[2026-04-03T01:22:14.082+0600][22.571s][info][gc,phases      ] GC(46)   Evacuate Collection Set: 0.42ms
[2026-04-03T01:22:14.082+0600][22.571s][info][gc,phases      ] GC(46)   Post Evacuate Collection Set: 0.53ms
[2026-04-03T01:22:14.082+0600][22.571s][info][gc,phases      ] GC(46)   Other: 0.09ms
[2026-04-03T01:22:14.082+0600][22.571s][info][gc,heap        ] GC(46) Eden regions: 191->0(191)
[2026-04-03T01:22:14.082+0600][22.571s][info][gc,heap        ] GC(46) Survivor regions: 1->1(24)
[2026-04-03T01:22:14.082+0600][22.571s][info][gc,heap        ] GC(46) Old regions: 89->89
[2026-04-03T01:22:14.082+0600][22.571s][info][gc,heap        ] GC(46) Humongous regions: 7->7
[2026-04-03T01:22:14.082+0600][22.571s][info][gc,metaspace   ] GC(46) Metaspace: 66615K(67520K)->66615K(67520K) NonClass: 58154K(58624K)->58154K(58624K) Class: 8460K(8896K)->8460K(8896K)
[2026-04-03T01:22:14.082+0600][22.571s][info][gc             ] GC(46) Pause Young (Normal) (G1 Evacuation Pause) 560M->178M(640M) 1.781ms
[2026-04-03T01:22:14.082+0600][22.571s][info][gc,cpu         ] GC(46) User=0.01s Sys=0.00s Real=0.00s
[2026-04-03T01:22:14.938+0600][23.427s][info][gc,heap,exit   ] Heap
[2026-04-03T01:22:14.938+0600][23.427s][info][gc,heap,exit   ]  garbage-first heap   total 655360K, used 363152K [0x000000070ae00000, 0x0000000800000000)
[2026-04-03T01:22:14.938+0600][23.427s][info][gc,heap,exit   ]   region size 2048K, 79 young (161792K), 1 survivors (2048K)
[2026-04-03T01:22:14.938+0600][23.427s][info][gc,heap,exit   ]  Metaspace       used 67387K, committed 68224K, reserved 1114112K
[2026-04-03T01:22:14.938+0600][23.427s][info][gc,heap,exit   ]   class space    used 8653K, committed 9024K, reserved 1048576K
