[2026-04-03T01:23:02.147+0600][0.005s][info][gc,init] CardTable entry size: 512
[2026-04-03T01:23:02.147+0600][0.005s][info][gc     ] Using G1
[2026-04-03T01:23:02.149+0600][0.007s][info][gc,init] Version: 21.0.10+7-Ubuntu-124.04 (release)
[2026-04-03T01:23:02.149+0600][0.007s][info][gc,init] CPUs: 12 total, 12 available
[2026-04-03T01:23:02.149+0600][0.007s][info][gc,init] Memory: 15683M
[2026-04-03T01:23:02.149+0600][0.007s][info][gc,init] Large Page Support: Disabled
[2026-04-03T01:23:02.149+0600][0.007s][info][gc,init] NUMA Support: Disabled
[2026-04-03T01:23:02.149+0600][0.007s][info][gc,init] Compressed Oops: Enabled (Zero based)
[2026-04-03T01:23:02.149+0600][0.007s][info][gc,init] Heap Region Size: 2M
[2026-04-03T01:23:02.149+0600][0.007s][info][gc,init] Heap Min Capacity: 8M
[2026-04-03T01:23:02.149+0600][0.007s][info][gc,init] Heap Initial Capacity: 246M
[2026-04-03T01:23:02.149+0600][0.007s][info][gc,init] Heap Max Capacity: 3922M
[2026-04-03T01:23:02.149+0600][0.007s][info][gc,init] Pre-touch: Disabled
[2026-04-03T01:23:02.149+0600][0.007s][info][gc,init] Parallel Workers: 10
[2026-04-03T01:23:02.149+0600][0.007s][info][gc,init] Concurrent Workers: 3
[2026-04-03T01:23:02.149+0600][0.007s][info][gc,init] Concurrent Refinement Workers: 10
[2026-04-03T01:23:02.149+0600][0.007s][info][gc,init] Periodic GC: Disabled
[2026-04-03T01:23:02.160+0600][0.017s][info][gc,metaspace] CDS archive(s) mapped at: [0x00007e2987000000-0x00007e2987c9c000-0x00007e2987c9c000), size 13221888, SharedBaseAddress: 0x00007e2987000000, ArchiveRelocationMode: 1.
[2026-04-03T01:23:02.160+0600][0.017s][info][gc,metaspace] Compressed class space mapped at: 0x00007e2988000000-0x00007e29c8000000, reserved size: 1073741824
[2026-04-03T01:23:02.160+0600][0.017s][info][gc,metaspace] Narrow klass base: 0x00007e2987000000, Narrow klass shift: 0, Narrow klass range: 0x100000000
[2026-04-03T01:23:02.532+0600][0.390s][info][gc,start    ] GC(0) Pause Young (Normal) (G1 Evacuation Pause)
[2026-04-03T01:23:02.533+0600][0.390s][info][gc,task     ] GC(0) Using 5 workers of 10 for evacuation
[2026-04-03T01:23:02.535+0600][0.393s][info][gc,phases   ] GC(0)   Pre Evacuate Collection Set: 0.23ms
[2026-04-03T01:23:02.535+0600][0.393s][info][gc,phases   ] GC(0)   Merge Heap Roots: 0.17ms
[2026-04-03T01:23:02.535+0600][0.393s][info][gc,phases   ] GC(0)   Evacuate Collection Set: 1.70ms
[2026-04-03T01:23:02.535+0600][0.393s][info][gc,phases   ] GC(0)   Post Evacuate Collection Set: 0.32ms
[2026-04-03T01:23:02.535+0600][0.393s][info][gc,phases   ] GC(0)   Other: 0.64ms
[2026-04-03T01:23:02.535+0600][0.393s][info][gc,heap     ] GC(0) Eden regions: 11->0(22)
[2026-04-03T01:23:02.535+0600][0.393s][info][gc,heap     ] GC(0) Survivor regions: 0->2(2)
[2026-04-03T01:23:02.535+0600][0.393s][info][gc,heap     ] GC(0) Old regions: 1->1
[2026-04-03T01:23:02.535+0600][0.393s][info][gc,heap     ] GC(0) Humongous regions: 0->0
[2026-04-03T01:23:02.535+0600][0.393s][info][gc,metaspace] GC(0) Metaspace: 2523K(2688K)->2523K(2688K) NonClass: 2295K(2368K)->2295K(2368K) Class: 228K(320K)->228K(320K)
[2026-04-03T01:23:02.535+0600][0.393s][info][gc          ] GC(0) Pause Young (Normal) (G1 Evacuation Pause) 23M->3M(248M) 3.382ms
[2026-04-03T01:23:02.535+0600][0.393s][info][gc,cpu      ] GC(0) User=0.01s Sys=0.01s Real=0.00s
[2026-04-03T01:23:02.671+0600][0.529s][info][gc,start    ] GC(1) Pause Young (Normal) (G1 Evacuation Pause)
[2026-04-03T01:23:02.672+0600][0.529s][info][gc,task     ] GC(1) Using 5 workers of 10 for evacuation
[2026-04-03T01:23:02.674+0600][0.532s][info][gc,phases   ] GC(1)   Pre Evacuate Collection Set: 0.15ms
[2026-04-03T01:23:02.674+0600][0.532s][info][gc,phases   ] GC(1)   Merge Heap Roots: 0.15ms
[2026-04-03T01:23:02.674+0600][0.532s][info][gc,phases   ] GC(1)   Evacuate Collection Set: 1.86ms
[2026-04-03T01:23:02.674+0600][0.532s][info][gc,phases   ] GC(1)   Post Evacuate Collection Set: 0.41ms
[2026-04-03T01:23:02.674+0600][0.532s][info][gc,phases   ] GC(1)   Other: 0.08ms
[2026-04-03T01:23:02.674+0600][0.532s][info][gc,heap     ] GC(1) Eden regions: 22->0(71)
[2026-04-03T01:23:02.674+0600][0.532s][info][gc,heap     ] GC(1) Survivor regions: 2->2(3)
[2026-04-03T01:23:02.674+0600][0.532s][info][gc,heap     ] GC(1) Old regions: 1->1
[2026-04-03T01:23:02.674+0600][0.532s][info][gc,heap     ] GC(1) Humongous regions: 0->0
[2026-04-03T01:23:02.674+0600][0.532s][info][gc,metaspace] GC(1) Metaspace: 3803K(3968K)->3803K(3968K) NonClass: 3370K(3456K)->3370K(3456K) Class: 432K(512K)->432K(512K)
[2026-04-03T01:23:02.674+0600][0.532s][info][gc          ] GC(1) Pause Young (Normal) (G1 Evacuation Pause) 47M->3M(248M) 2.932ms
[2026-04-03T01:23:02.674+0600][0.532s][info][gc,cpu      ] GC(1) User=0.01s Sys=0.00s Real=0.00s
[2026-04-03T01:23:03.206+0600][1.064s][info][gc,start    ] GC(2) Pause Young (Normal) (G1 Evacuation Pause)
[2026-04-03T01:23:03.206+0600][1.064s][info][gc,task     ] GC(2) Using 5 workers of 10 for evacuation
[2026-04-03T01:23:03.210+0600][1.067s][info][gc,phases   ] GC(2)   Pre Evacuate Collection Set: 0.21ms
[2026-04-03T01:23:03.210+0600][1.067s][info][gc,phases   ] GC(2)   Merge Heap Roots: 0.08ms
[2026-04-03T01:23:03.210+0600][1.067s][info][gc,phases   ] GC(2)   Evacuate Collection Set: 2.54ms
[2026-04-03T01:23:03.210+0600][1.067s][info][gc,phases   ] GC(2)   Post Evacuate Collection Set: 0.51ms
[2026-04-03T01:23:03.210+0600][1.067s][info][gc,phases   ] GC(2)   Other: 0.10ms
[2026-04-03T01:23:03.210+0600][1.067s][info][gc,heap     ] GC(2) Eden regions: 71->0(71)
[2026-04-03T01:23:03.210+0600][1.067s][info][gc,heap     ] GC(2) Survivor regions: 2->2(10)
[2026-04-03T01:23:03.210+0600][1.067s][info][gc,heap     ] GC(2) Old regions: 1->1
[2026-04-03T01:23:03.210+0600][1.067s][info][gc,heap     ] GC(2) Humongous regions: 0->0
[2026-04-03T01:23:03.210+0600][1.067s][info][gc,metaspace] GC(2) Metaspace: 9867K(10112K)->9867K(10112K) NonClass: 8613K(8768K)->8613K(8768K) Class: 1253K(1344K)->1253K(1344K)
[2026-04-03T01:23:03.210+0600][1.067s][info][gc          ] GC(2) Pause Young (Normal) (G1 Evacuation Pause) 145M->4M(248M) 3.827ms
[2026-04-03T01:23:03.210+0600][1.067s][info][gc,cpu      ] GC(2) User=0.02s Sys=0.00s Real=0.01s
[2026-04-03T01:23:05.797+0600][3.655s][info][gc,start    ] GC(3) Pause Young (Normal) (G1 Evacuation Pause)
[2026-04-03T01:23:05.797+0600][3.655s][info][gc,task     ] GC(3) Using 5 workers of 10 for evacuation
[2026-04-03T01:23:05.805+0600][3.663s][info][gc,phases   ] GC(3)   Pre Evacuate Collection Set: 0.30ms
[2026-04-03T01:23:05.805+0600][3.663s][info][gc,phases   ] GC(3)   Merge Heap Roots: 0.18ms
[2026-04-03T01:23:05.805+0600][3.663s][info][gc,phases   ] GC(3)   Evacuate Collection Set: 5.99ms
[2026-04-03T01:23:05.805+0600][3.663s][info][gc,phases   ] GC(3)   Post Evacuate Collection Set: 1.11ms
[2026-04-03T01:23:05.805+0600][3.663s][info][gc,phases   ] GC(3)   Other: 0.09ms
[2026-04-03T01:23:05.805+0600][3.663s][info][gc,heap     ] GC(3) Eden regions: 71->0(66)
[2026-04-03T01:23:05.805+0600][3.663s][info][gc,heap     ] GC(3) Survivor regions: 2->7(10)
[2026-04-03T01:23:05.805+0600][3.663s][info][gc,heap     ] GC(3) Old regions: 1->1
[2026-04-03T01:23:05.805+0600][3.663s][info][gc,heap     ] GC(3) Humongous regions: 3->3
[2026-04-03T01:23:05.805+0600][3.663s][info][gc,metaspace] GC(3) Metaspace: 17265K(17536K)->17265K(17536K) NonClass: 15110K(15232K)->15110K(15232K) Class: 2154K(2304K)->2154K(2304K)
[2026-04-03T01:23:05.805+0600][3.663s][info][gc          ] GC(3) Pause Young (Normal) (G1 Evacuation Pause) 152M->20M(248M) 7.941ms
[2026-04-03T01:23:05.805+0600][3.663s][info][gc,cpu      ] GC(3) User=0.03s Sys=0.01s Real=0.01s
[2026-04-03T01:23:06.145+0600][4.003s][info][gc,start    ] GC(4) Pause Young (Concurrent Start) (Metadata GC Threshold)
[2026-04-03T01:23:06.145+0600][4.003s][info][gc,task     ] GC(4) Using 5 workers of 10 for evacuation
[2026-04-03T01:23:06.157+0600][4.015s][info][gc,phases   ] GC(4)   Pre Evacuate Collection Set: 0.45ms
[2026-04-03T01:23:06.157+0600][4.015s][info][gc,phases   ] GC(4)   Merge Heap Roots: 0.14ms
[2026-04-03T01:23:06.157+0600][4.015s][info][gc,phases   ] GC(4)   Evacuate Collection Set: 9.04ms
[2026-04-03T01:23:06.157+0600][4.015s][info][gc,phases   ] GC(4)   Post Evacuate Collection Set: 2.30ms
[2026-04-03T01:23:06.158+0600][4.015s][info][gc,phases   ] GC(4)   Other: 0.29ms
[2026-04-03T01:23:06.158+0600][4.015s][info][gc,heap     ] GC(4) Eden regions: 8->0(67)
[2026-04-03T01:23:06.158+0600][4.015s][info][gc,heap     ] GC(4) Survivor regions: 7->6(10)
[2026-04-03T01:23:06.158+0600][4.015s][info][gc,heap     ] GC(4) Old regions: 1->3
[2026-04-03T01:23:06.158+0600][4.015s][info][gc,heap     ] GC(4) Humongous regions: 3->3
[2026-04-03T01:23:06.158+0600][4.015s][info][gc,metaspace] GC(4) Metaspace: 21198K(21504K)->21198K(21504K) NonClass: 18567K(18688K)->18567K(18688K) Class: 2630K(2816K)->2630K(2816K)
[2026-04-03T01:23:06.158+0600][4.015s][info][gc          ] GC(4) Pause Young (Concurrent Start) (Metadata GC Threshold) 36M->21M(248M) 12.809ms
[2026-04-03T01:23:06.158+0600][4.015s][info][gc,cpu      ] GC(4) User=0.04s Sys=0.01s Real=0.01s
[2026-04-03T01:23:06.158+0600][4.016s][info][gc          ] GC(5) Concurrent Mark Cycle
[2026-04-03T01:23:06.158+0600][4.016s][info][gc,marking  ] GC(5) Concurrent Scan Root Regions
[2026-04-03T01:23:06.169+0600][4.026s][info][gc,marking  ] GC(5) Concurrent Scan Root Regions 10.393ms
[2026-04-03T01:23:06.169+0600][4.026s][info][gc,marking  ] GC(5) Concurrent Mark
[2026-04-03T01:23:06.169+0600][4.026s][info][gc,marking  ] GC(5) Concurrent Mark From Roots
[2026-04-03T01:23:06.169+0600][4.027s][info][gc,task     ] GC(5) Using 3 workers of 3 for marking
[2026-04-03T01:23:06.181+0600][4.038s][info][gc,marking  ] GC(5) Concurrent Mark From Roots 11.663ms
[2026-04-03T01:23:06.181+0600][4.038s][info][gc,marking  ] GC(5) Concurrent Preclean
[2026-04-03T01:23:06.181+0600][4.038s][info][gc,marking  ] GC(5) Concurrent Preclean 0.042ms
[2026-04-03T01:23:06.183+0600][4.041s][info][gc,start    ] GC(5) Pause Remark
[2026-04-03T01:23:06.192+0600][4.050s][info][gc          ] GC(5) Pause Remark 22M->22M(80M) 9.369ms
[2026-04-03T01:23:06.193+0600][4.050s][info][gc,cpu      ] GC(5) User=0.01s Sys=0.00s Real=0.01s
[2026-04-03T01:23:06.193+0600][4.050s][info][gc,marking  ] GC(5) Concurrent Mark 23.739ms
[2026-04-03T01:23:06.193+0600][4.050s][info][gc,marking  ] GC(5) Concurrent Rebuild Remembered Sets and Scrub Regions
[2026-04-03T01:23:06.199+0600][4.057s][info][gc,marking  ] GC(5) Concurrent Rebuild Remembered Sets and Scrub Regions 6.626ms
[2026-04-03T01:23:06.222+0600][4.080s][info][gc,start    ] GC(5) Pause Cleanup
[2026-04-03T01:23:06.223+0600][4.080s][info][gc          ] GC(5) Pause Cleanup 22M->22M(80M) 0.399ms
[2026-04-03T01:23:06.223+0600][4.080s][info][gc,cpu      ] GC(5) User=0.00s Sys=0.00s Real=0.00s
[2026-04-03T01:23:06.223+0600][4.080s][info][gc,marking  ] GC(5) Concurrent Clear Claimed Marks
[2026-04-03T01:23:06.223+0600][4.080s][info][gc,marking  ] GC(5) Concurrent Clear Claimed Marks 0.057ms
[2026-04-03T01:23:06.223+0600][4.080s][info][gc,marking  ] GC(5) Concurrent Cleanup for Next Mark
[2026-04-03T01:23:06.224+0600][4.082s][info][gc,marking  ] GC(5) Concurrent Cleanup for Next Mark 1.261ms
[2026-04-03T01:23:06.224+0600][4.082s][info][gc          ] GC(5) Concurrent Mark Cycle 66.090ms
[2026-04-03T01:23:07.459+0600][5.317s][info][gc,start    ] GC(6) Pause Young (Prepare Mixed) (G1 Evacuation Pause)
[2026-04-03T01:23:07.459+0600][5.317s][info][gc,task     ] GC(6) Using 3 workers of 10 for evacuation
[2026-04-03T01:23:07.469+0600][5.327s][info][gc,phases   ] GC(6)   Pre Evacuate Collection Set: 0.27ms
[2026-04-03T01:23:07.470+0600][5.327s][info][gc,phases   ] GC(6)   Merge Heap Roots: 0.14ms
[2026-04-03T01:23:07.470+0600][5.327s][info][gc,phases   ] GC(6)   Evacuate Collection Set: 8.71ms
[2026-04-03T01:23:07.470+0600][5.327s][info][gc,phases   ] GC(6)   Post Evacuate Collection Set: 1.20ms
[2026-04-03T01:23:07.470+0600][5.327s][info][gc,phases   ] GC(6)   Other: 0.08ms
[2026-04-03T01:23:07.470+0600][5.327s][info][gc,heap     ] GC(6) Eden regions: 27->0(27)
[2026-04-03T01:23:07.470+0600][5.327s][info][gc,heap     ] GC(6) Survivor regions: 6->2(10)
[2026-04-03T01:23:07.470+0600][5.327s][info][gc,heap     ] GC(6) Old regions: 3->9
[2026-04-03T01:23:07.470+0600][5.327s][info][gc,heap     ] GC(6) Humongous regions: 5->4
[2026-04-03T01:23:07.470+0600][5.327s][info][gc,metaspace] GC(6) Metaspace: 28558K(28928K)->28558K(28928K) NonClass: 24999K(25216K)->24999K(25216K) Class: 3558K(3712K)->3558K(3712K)
[2026-04-03T01:23:07.470+0600][5.327s][info][gc          ] GC(6) Pause Young (Prepare Mixed) (G1 Evacuation Pause) 79M->25M(98M) 10.671ms
[2026-04-03T01:23:07.470+0600][5.327s][info][gc,cpu      ] GC(6) User=0.02s Sys=0.01s Real=0.01s
[2026-04-03T01:23:09.466+0600][7.323s][info][gc,start    ] GC(7) Pause Young (Mixed) (G1 Evacuation Pause)
[2026-04-03T01:23:09.466+0600][7.323s][info][gc,task     ] GC(7) Using 2 workers of 10 for evacuation
[2026-04-03T01:23:09.477+0600][7.335s][info][gc,phases   ] GC(7)   Pre Evacuate Collection Set: 0.35ms
[2026-04-03T01:23:09.477+0600][7.335s][info][gc,phases   ] GC(7)   Merge Heap Roots: 0.16ms
[2026-04-03T01:23:09.477+0600][7.335s][info][gc,phases   ] GC(7)   Evacuate Collection Set: 10.00ms
[2026-04-03T01:23:09.477+0600][7.335s][info][gc,phases   ] GC(7)   Post Evacuate Collection Set: 0.61ms
[2026-04-03T01:23:09.477+0600][7.335s][info][gc,phases   ] GC(7)   Other: 0.10ms
[2026-04-03T01:23:09.477+0600][7.335s][info][gc,heap     ] GC(7) Eden regions: 26->0(28)
[2026-04-03T01:23:09.477+0600][7.335s][info][gc,heap     ] GC(7) Survivor regions: 2->3(4)
[2026-04-03T01:23:09.477+0600][7.335s][info][gc,heap     ] GC(7) Old regions: 9->8
[2026-04-03T01:23:09.477+0600][7.335s][info][gc,heap     ] GC(7) Humongous regions: 12->3
[2026-04-03T01:23:09.477+0600][7.335s][info][gc,metaspace] GC(7) Metaspace: 35819K(36160K)->35819K(36160K) NonClass: 31354K(31552K)->31354K(31552K) Class: 4464K(4608K)->4464K(4608K)
[2026-04-03T01:23:09.477+0600][7.335s][info][gc          ] GC(7) Pause Young (Mixed) (G1 Evacuation Pause) 93M->25M(104M) 11.466ms
[2026-04-03T01:23:09.477+0600][7.335s][info][gc,cpu      ] GC(7) User=0.02s Sys=0.00s Real=0.01s
[2026-04-03T01:23:09.494+0600][7.352s][info][gc,start    ] GC(8) Pause Young (Concurrent Start) (Metadata GC Threshold)
[2026-04-03T01:23:09.495+0600][7.352s][info][gc,task     ] GC(8) Using 2 workers of 10 for evacuation
[2026-04-03T01:23:09.503+0600][7.360s][info][gc,phases   ] GC(8)   Pre Evacuate Collection Set: 0.49ms
[2026-04-03T01:23:09.503+0600][7.360s][info][gc,phases   ] GC(8)   Merge Heap Roots: 0.08ms
[2026-04-03T01:23:09.503+0600][7.360s][info][gc,phases   ] GC(8)   Evacuate Collection Set: 6.47ms
[2026-04-03T01:23:09.503+0600][7.360s][info][gc,phases   ] GC(8)   Post Evacuate Collection Set: 0.80ms
[2026-04-03T01:23:09.503+0600][7.360s][info][gc,phases   ] GC(8)   Other: 0.23ms
[2026-04-03T01:23:09.503+0600][7.360s][info][gc,heap     ] GC(8) Eden regions: 1->0(29)
[2026-04-03T01:23:09.503+0600][7.360s][info][gc,heap     ] GC(8) Survivor regions: 3->2(4)
[2026-04-03T01:23:09.503+0600][7.360s][info][gc,heap     ] GC(8) Old regions: 8->9
[2026-04-03T01:23:09.503+0600][7.360s][info][gc,heap     ] GC(8) Humongous regions: 3->3
[2026-04-03T01:23:09.503+0600][7.360s][info][gc,metaspace] GC(8) Metaspace: 35991K(36288K)->35991K(36288K) NonClass: 31503K(31680K)->31503K(31680K) Class: 4487K(4608K)->4487K(4608K)
[2026-04-03T01:23:09.503+0600][7.360s][info][gc          ] GC(8) Pause Young (Concurrent Start) (Metadata GC Threshold) 27M->25M(104M) 8.313ms
[2026-04-03T01:23:09.503+0600][7.360s][info][gc,cpu      ] GC(8) User=0.02s Sys=0.00s Real=0.01s
[2026-04-03T01:23:09.503+0600][7.360s][info][gc          ] GC(9) Concurrent Mark Cycle
[2026-04-03T01:23:09.503+0600][7.360s][info][gc,marking  ] GC(9) Concurrent Scan Root Regions
[2026-04-03T01:23:09.505+0600][7.363s][info][gc,marking  ] GC(9) Concurrent Scan Root Regions 2.325ms
[2026-04-03T01:23:09.505+0600][7.363s][info][gc,marking  ] GC(9) Concurrent Mark
[2026-04-03T01:23:09.505+0600][7.363s][info][gc,marking  ] GC(9) Concurrent Mark From Roots
[2026-04-03T01:23:09.505+0600][7.363s][info][gc,task     ] GC(9) Using 3 workers of 3 for marking
[2026-04-03T01:23:09.511+0600][7.368s][info][gc,marking  ] GC(9) Concurrent Mark From Roots 5.377ms
[2026-04-03T01:23:09.511+0600][7.368s][info][gc,marking  ] GC(9) Concurrent Preclean
[2026-04-03T01:23:09.511+0600][7.368s][info][gc,marking  ] GC(9) Concurrent Preclean 0.084ms
[2026-04-03T01:23:09.511+0600][7.369s][info][gc,start    ] GC(9) Pause Remark
[2026-04-03T01:23:09.517+0600][7.374s][info][gc          ] GC(9) Pause Remark 29M->29M(94M) 5.544ms
[2026-04-03T01:23:09.517+0600][7.374s][info][gc,cpu      ] GC(9) User=0.01s Sys=0.00s Real=0.00s
[2026-04-03T01:23:09.517+0600][7.374s][info][gc,marking  ] GC(9) Concurrent Mark 11.530ms
[2026-04-03T01:23:09.517+0600][7.374s][info][gc,marking  ] GC(9) Concurrent Rebuild Remembered Sets and Scrub Regions
[2026-04-03T01:23:09.520+0600][7.378s][info][gc,marking  ] GC(9) Concurrent Rebuild Remembered Sets and Scrub Regions 3.104ms
[2026-04-03T01:23:09.520+0600][7.378s][info][gc,start    ] GC(9) Pause Cleanup
[2026-04-03T01:23:09.521+0600][7.378s][info][gc          ] GC(9) Pause Cleanup 29M->29M(94M) 0.275ms
[2026-04-03T01:23:09.521+0600][7.378s][info][gc,cpu      ] GC(9) User=0.00s Sys=0.00s Real=0.00s
[2026-04-03T01:23:09.521+0600][7.378s][info][gc,marking  ] GC(9) Concurrent Clear Claimed Marks
[2026-04-03T01:23:09.521+0600][7.378s][info][gc,marking  ] GC(9) Concurrent Clear Claimed Marks 0.083ms
[2026-04-03T01:23:09.521+0600][7.378s][info][gc,marking  ] GC(9) Concurrent Cleanup for Next Mark
[2026-04-03T01:23:09.521+0600][7.379s][info][gc,marking  ] GC(9) Concurrent Cleanup for Next Mark 0.313ms
[2026-04-03T01:23:09.521+0600][7.379s][info][gc          ] GC(9) Concurrent Mark Cycle 18.314ms
[2026-04-03T01:23:11.103+0600][8.961s][info][gc,start    ] GC(10) Pause Young (Prepare Mixed) (GCLocker Initiated GC)
[2026-04-03T01:23:11.103+0600][8.961s][info][gc,task     ] GC(10) Using 2 workers of 10 for evacuation
[2026-04-03T01:23:11.114+0600][8.971s][info][gc,phases   ] GC(10)   Pre Evacuate Collection Set: 0.27ms
[2026-04-03T01:23:11.114+0600][8.971s][info][gc,phases   ] GC(10)   Merge Heap Roots: 0.11ms
[2026-04-03T01:23:11.114+0600][8.971s][info][gc,phases   ] GC(10)   Evacuate Collection Set: 9.57ms
[2026-04-03T01:23:11.114+0600][8.971s][info][gc,phases   ] GC(10)   Post Evacuate Collection Set: 0.66ms
[2026-04-03T01:23:11.114+0600][8.971s][info][gc,phases   ] GC(10)   Other: 0.07ms
[2026-04-03T01:23:11.114+0600][8.971s][info][gc,heap     ] GC(10) Eden regions: 27->0(26)
[2026-04-03T01:23:11.114+0600][8.971s][info][gc,heap     ] GC(10) Survivor regions: 2->4(4)
[2026-04-03T01:23:11.114+0600][8.971s][info][gc,heap     ] GC(10) Old regions: 9->9
[2026-04-03T01:23:11.114+0600][8.971s][info][gc,heap     ] GC(10) Humongous regions: 9->3
[2026-04-03T01:23:11.114+0600][8.971s][info][gc,metaspace] GC(10) Metaspace: 42438K(42880K)->42438K(42880K) NonClass: 37158K(37376K)->37158K(37376K) Class: 5280K(5504K)->5280K(5504K)
[2026-04-03T01:23:11.114+0600][8.971s][info][gc          ] GC(10) Pause Young (Prepare Mixed) (GCLocker Initiated GC) 91M->28M(102M) 10.899ms
[2026-04-03T01:23:11.114+0600][8.972s][info][gc,cpu      ] GC(10) User=0.02s Sys=0.00s Real=0.01s
[2026-04-03T01:23:11.641+0600][9.498s][info][gc,start    ] GC(11) Pause Young (Mixed) (G1 Evacuation Pause)
[2026-04-03T01:23:11.641+0600][9.498s][info][gc,task     ] GC(11) Using 2 workers of 10 for evacuation
[2026-04-03T01:23:11.654+0600][9.512s][info][gc,phases   ] GC(11)   Pre Evacuate Collection Set: 0.29ms
[2026-04-03T01:23:11.654+0600][9.512s][info][gc,phases   ] GC(11)   Merge Heap Roots: 0.19ms
[2026-04-03T01:23:11.654+0600][9.512s][info][gc,phases   ] GC(11)   Evacuate Collection Set: 11.79ms
[2026-04-03T01:23:11.654+0600][9.512s][info][gc,phases   ] GC(11)   Post Evacuate Collection Set: 1.00ms
[2026-04-03T01:23:11.654+0600][9.512s][info][gc,phases   ] GC(11)   Other: 0.24ms
[2026-04-03T01:23:11.654+0600][9.512s][info][gc,heap     ] GC(11) Eden regions: 26->0(27)
[2026-04-03T01:23:11.654+0600][9.512s][info][gc,heap     ] GC(11) Survivor regions: 4->3(4)
[2026-04-03T01:23:11.654+0600][9.512s][info][gc,heap     ] GC(11) Old regions: 9->11
[2026-04-03T01:23:11.654+0600][9.512s][info][gc,heap     ] GC(11) Humongous regions: 3->3
[2026-04-03T01:23:11.654+0600][9.512s][info][gc,metaspace] GC(11) Metaspace: 49375K(49856K)->49375K(49856K) NonClass: 43246K(43520K)->43246K(43520K) Class: 6129K(6336K)->6129K(6336K)
[2026-04-03T01:23:11.655+0600][9.512s][info][gc          ] GC(11) Pause Young (Mixed) (G1 Evacuation Pause) 80M->30M(102M) 13.882ms
[2026-04-03T01:23:11.655+0600][9.512s][info][gc,cpu      ] GC(11) User=0.03s Sys=0.01s Real=0.01s
[2026-04-03T01:23:11.762+0600][9.619s][info][gc,start    ] GC(12) Pause Young (Normal) (G1 Evacuation Pause)
[2026-04-03T01:23:11.762+0600][9.619s][info][gc,task     ] GC(12) Using 2 workers of 10 for evacuation
[2026-04-03T01:23:11.772+0600][9.630s][info][gc,phases   ] GC(12)   Pre Evacuate Collection Set: 0.34ms
[2026-04-03T01:23:11.772+0600][9.630s][info][gc,phases   ] GC(12)   Merge Heap Roots: 0.21ms
[2026-04-03T01:23:11.772+0600][9.630s][info][gc,phases   ] GC(12)   Evacuate Collection Set: 9.24ms
[2026-04-03T01:23:11.772+0600][9.630s][info][gc,phases   ] GC(12)   Post Evacuate Collection Set: 0.66ms
[2026-04-03T01:23:11.772+0600][9.630s][info][gc,phases   ] GC(12)   Other: 0.12ms
[2026-04-03T01:23:11.772+0600][9.630s][info][gc,heap     ] GC(12) Eden regions: 27->0(26)
[2026-04-03T01:23:11.772+0600][9.630s][info][gc,heap     ] GC(12) Survivor regions: 3->4(4)
[2026-04-03T01:23:11.772+0600][9.630s][info][gc,heap     ] GC(12) Old regions: 11->12
[2026-04-03T01:23:11.772+0600][9.630s][info][gc,heap     ] GC(12) Humongous regions: 3->3
[2026-04-03T01:23:11.772+0600][9.630s][info][gc,metaspace] GC(12) Metaspace: 49379K(49856K)->49379K(49856K) NonClass: 43249K(43520K)->43249K(43520K) Class: 6129K(6336K)->6129K(6336K)
[2026-04-03T01:23:11.773+0600][9.630s][info][gc          ] GC(12) Pause Young (Normal) (G1 Evacuation Pause) 84M->35M(102M) 10.887ms
[2026-04-03T01:23:11.773+0600][9.630s][info][gc,cpu      ] GC(12) User=0.02s Sys=0.00s Real=0.01s
[2026-04-03T01:23:11.834+0600][9.691s][info][gc,start    ] GC(13) Pause Young (Normal) (G1 Evacuation Pause)
[2026-04-03T01:23:11.834+0600][9.691s][info][gc,task     ] GC(13) Using 2 workers of 10 for evacuation
[2026-04-03T01:23:11.844+0600][9.702s][info][gc,phases   ] GC(13)   Pre Evacuate Collection Set: 0.36ms
[2026-04-03T01:23:11.844+0600][9.702s][info][gc,phases   ] GC(13)   Merge Heap Roots: 0.07ms
[2026-04-03T01:23:11.844+0600][9.702s][info][gc,phases   ] GC(13)   Evacuate Collection Set: 9.36ms
[2026-04-03T01:23:11.844+0600][9.702s][info][gc,phases   ] GC(13)   Post Evacuate Collection Set: 0.70ms
[2026-04-03T01:23:11.844+0600][9.702s][info][gc,phases   ] GC(13)   Other: 0.07ms
[2026-04-03T01:23:11.844+0600][9.702s][info][gc,heap     ] GC(13) Eden regions: 26->0(42)
[2026-04-03T01:23:11.844+0600][9.702s][info][gc,heap     ] GC(13) Survivor regions: 4->3(4)
[2026-04-03T01:23:11.844+0600][9.702s][info][gc,heap     ] GC(13) Old regions: 12->15
[2026-04-03T01:23:11.844+0600][9.702s][info][gc,heap     ] GC(13) Humongous regions: 3->3
[2026-04-03T01:23:11.844+0600][9.702s][info][gc,metaspace] GC(13) Metaspace: 49379K(49856K)->49379K(49856K) NonClass: 43249K(43520K)->43249K(43520K) Class: 6129K(6336K)->6129K(6336K)
[2026-04-03T01:23:11.844+0600][9.702s][info][gc          ] GC(13) Pause Young (Normal) (G1 Evacuation Pause) 87M->40M(150M) 10.772ms
[2026-04-03T01:23:11.844+0600][9.702s][info][gc,cpu      ] GC(13) User=0.02s Sys=0.00s Real=0.01s
[2026-04-03T01:23:11.980+0600][9.838s][info][gc,start    ] GC(14) Pause Young (Normal) (G1 Evacuation Pause)
[2026-04-03T01:23:11.980+0600][9.838s][info][gc,task     ] GC(14) Using 3 workers of 10 for evacuation
[2026-04-03T01:23:11.990+0600][9.847s][info][gc,phases   ] GC(14)   Pre Evacuate Collection Set: 0.39ms
[2026-04-03T01:23:11.990+0600][9.847s][info][gc,phases   ] GC(14)   Merge Heap Roots: 0.08ms
[2026-04-03T01:23:11.990+0600][9.847s][info][gc,phases   ] GC(14)   Evacuate Collection Set: 8.16ms
[2026-04-03T01:23:11.990+0600][9.847s][info][gc,phases   ] GC(14)   Post Evacuate Collection Set: 0.35ms
[2026-04-03T01:23:11.990+0600][9.847s][info][gc,phases   ] GC(14)   Other: 0.08ms
[2026-04-03T01:23:11.990+0600][9.847s][info][gc,heap     ] GC(14) Eden regions: 42->0(39)
[2026-04-03T01:23:11.990+0600][9.847s][info][gc,heap     ] GC(14) Survivor regions: 3->6(6)
[2026-04-03T01:23:11.990+0600][9.847s][info][gc,heap     ] GC(14) Old regions: 15->15
[2026-04-03T01:23:11.990+0600][9.847s][info][gc,heap     ] GC(14) Humongous regions: 3->3
[2026-04-03T01:23:11.990+0600][9.847s][info][gc,metaspace] GC(14) Metaspace: 49379K(49856K)->49379K(49856K) NonClass: 43249K(43520K)->43249K(43520K) Class: 6129K(6336K)->6129K(6336K)
[2026-04-03T01:23:11.990+0600][9.847s][info][gc          ] GC(14) Pause Young (Normal) (G1 Evacuation Pause) 124M->47M(150M) 9.296ms
[2026-04-03T01:23:11.990+0600][9.847s][info][gc,cpu      ] GC(14) User=0.03s Sys=0.00s Real=0.01s
[2026-04-03T01:23:12.066+0600][9.924s][info][gc,start    ] GC(15) Pause Young (Normal) (G1 Evacuation Pause)
[2026-04-03T01:23:12.066+0600][9.924s][info][gc,task     ] GC(15) Using 3 workers of 10 for evacuation
[2026-04-03T01:23:12.077+0600][9.934s][info][gc,phases   ] GC(15)   Pre Evacuate Collection Set: 0.19ms
[2026-04-03T01:23:12.077+0600][9.934s][info][gc,phases   ] GC(15)   Merge Heap Roots: 0.21ms
[2026-04-03T01:23:12.077+0600][9.935s][info][gc,phases   ] GC(15)   Evacuate Collection Set: 9.51ms
[2026-04-03T01:23:12.077+0600][9.935s][info][gc,phases   ] GC(15)   Post Evacuate Collection Set: 0.48ms
[2026-04-03T01:23:12.077+0600][9.935s][info][gc,phases   ] GC(15)   Other: 0.05ms
[2026-04-03T01:23:12.077+0600][9.935s][info][gc,heap     ] GC(15) Eden regions: 39->0(38)
[2026-04-03T01:23:12.077+0600][9.935s][info][gc,heap     ] GC(15) Survivor regions: 6->4(6)
[2026-04-03T01:23:12.077+0600][9.935s][info][gc,heap     ] GC(15) Old regions: 15->21
[2026-04-03T01:23:12.077+0600][9.935s][info][gc,heap     ] GC(15) Humongous regions: 3->3
[2026-04-03T01:23:12.077+0600][9.935s][info][gc,metaspace] GC(15) Metaspace: 49379K(49856K)->49379K(49856K) NonClass: 43249K(43520K)->43249K(43520K) Class: 6129K(6336K)->6129K(6336K)
[2026-04-03T01:23:12.077+0600][9.935s][info][gc          ] GC(15) Pause Young (Normal) (G1 Evacuation Pause) 125M->54M(150M) 10.632ms
[2026-04-03T01:23:12.077+0600][9.935s][info][gc,cpu      ] GC(15) User=0.03s Sys=0.00s Real=0.01s
[2026-04-03T01:23:12.152+0600][10.009s][info][gc,start    ] GC(16) Pause Young (Normal) (G1 Evacuation Pause)
[2026-04-03T01:23:12.152+0600][10.009s][info][gc,task     ] GC(16) Using 3 workers of 10 for evacuation
[2026-04-03T01:23:12.159+0600][10.016s][info][gc,phases   ] GC(16)   Pre Evacuate Collection Set: 0.38ms
[2026-04-03T01:23:12.159+0600][10.017s][info][gc,phases   ] GC(16)   Merge Heap Roots: 0.06ms
[2026-04-03T01:23:12.159+0600][10.017s][info][gc,phases   ] GC(16)   Evacuate Collection Set: 6.42ms
[2026-04-03T01:23:12.159+0600][10.017s][info][gc,phases   ] GC(16)   Post Evacuate Collection Set: 0.30ms
[2026-04-03T01:23:12.159+0600][10.017s][info][gc,phases   ] GC(16)   Other: 0.06ms
[2026-04-03T01:23:12.159+0600][10.017s][info][gc,heap     ] GC(16) Eden regions: 38->0(35)
[2026-04-03T01:23:12.159+0600][10.017s][info][gc,heap     ] GC(16) Survivor regions: 4->4(6)
[2026-04-03T01:23:12.159+0600][10.017s][info][gc,heap     ] GC(16) Old regions: 21->25
[2026-04-03T01:23:12.159+0600][10.017s][info][gc,heap     ] GC(16) Humongous regions: 3->3
[2026-04-03T01:23:12.159+0600][10.017s][info][gc,metaspace] GC(16) Metaspace: 49379K(49856K)->49379K(49856K) NonClass: 43249K(43520K)->43249K(43520K) Class: 6129K(6336K)->6129K(6336K)
[2026-04-03T01:23:12.159+0600][10.017s][info][gc          ] GC(16) Pause Young (Normal) (G1 Evacuation Pause) 130M->61M(150M) 7.421ms
[2026-04-03T01:23:12.159+0600][10.017s][info][gc,cpu      ] GC(16) User=0.02s Sys=0.00s Real=0.00s
[2026-04-03T01:23:12.234+0600][10.092s][info][gc,start    ] GC(17) Pause Young (Normal) (G1 Evacuation Pause)
[2026-04-03T01:23:12.234+0600][10.092s][info][gc,task     ] GC(17) Using 3 workers of 10 for evacuation
[2026-04-03T01:23:12.243+0600][10.100s][info][gc,phases   ] GC(17)   Pre Evacuate Collection Set: 0.33ms
[2026-04-03T01:23:12.243+0600][10.100s][info][gc,phases   ] GC(17)   Merge Heap Roots: 0.07ms
[2026-04-03T01:23:12.243+0600][10.100s][info][gc,phases   ] GC(17)   Evacuate Collection Set: 7.01ms
[2026-04-03T01:23:12.243+0600][10.100s][info][gc,phases   ] GC(17)   Post Evacuate Collection Set: 1.02ms
[2026-04-03T01:23:12.243+0600][10.100s][info][gc,phases   ] GC(17)   Other: 0.07ms
[2026-04-03T01:23:12.243+0600][10.100s][info][gc,heap     ] GC(17) Eden regions: 35->0(86)
[2026-04-03T01:23:12.243+0600][10.100s][info][gc,heap     ] GC(17) Survivor regions: 4->4(5)
[2026-04-03T01:23:12.243+0600][10.100s][info][gc,heap     ] GC(17) Old regions: 25->29
[2026-04-03T01:23:12.243+0600][10.100s][info][gc,heap     ] GC(17) Humongous regions: 3->3
[2026-04-03T01:23:12.243+0600][10.100s][info][gc,metaspace] GC(17) Metaspace: 49379K(49856K)->49379K(49856K) NonClass: 43249K(43520K)->43249K(43520K) Class: 6129K(6336K)->6129K(6336K)
[2026-04-03T01:23:12.243+0600][10.100s][info][gc          ] GC(17) Pause Young (Normal) (G1 Evacuation Pause) 131M->68M(300M) 8.691ms
[2026-04-03T01:23:12.243+0600][10.100s][info][gc,cpu      ] GC(17) User=0.02s Sys=0.00s Real=0.01s
[2026-04-03T01:23:12.497+0600][10.355s][info][gc,start    ] GC(18) Pause Young (Normal) (G1 Evacuation Pause)
[2026-04-03T01:23:12.497+0600][10.355s][info][gc,task     ] GC(18) Using 7 workers of 10 for evacuation
[2026-04-03T01:23:12.504+0600][10.361s][info][gc,phases   ] GC(18)   Pre Evacuate Collection Set: 0.31ms
[2026-04-03T01:23:12.504+0600][10.361s][info][gc,phases   ] GC(18)   Merge Heap Roots: 0.06ms
[2026-04-03T01:23:12.504+0600][10.362s][info][gc,phases   ] GC(18)   Evacuate Collection Set: 5.37ms
[2026-04-03T01:23:12.504+0600][10.362s][info][gc,phases   ] GC(18)   Post Evacuate Collection Set: 0.71ms
[2026-04-03T01:23:12.504+0600][10.362s][info][gc,phases   ] GC(18)   Other: 0.15ms
[2026-04-03T01:23:12.504+0600][10.362s][info][gc,heap     ] GC(18) Eden regions: 86->0(78)
[2026-04-03T01:23:12.504+0600][10.362s][info][gc,heap     ] GC(18) Survivor regions: 4->12(12)
[2026-04-03T01:23:12.504+0600][10.362s][info][gc,heap     ] GC(18) Old regions: 29->29
[2026-04-03T01:23:12.504+0600][10.362s][info][gc,heap     ] GC(18) Humongous regions: 3->3
[2026-04-03T01:23:12.504+0600][10.362s][info][gc,metaspace] GC(18) Metaspace: 49379K(49856K)->49379K(49856K) NonClass: 43249K(43520K)->43249K(43520K) Class: 6129K(6336K)->6129K(6336K)
[2026-04-03T01:23:12.504+0600][10.362s][info][gc          ] GC(18) Pause Young (Normal) (G1 Evacuation Pause) 240M->84M(300M) 6.837ms
[2026-04-03T01:23:12.504+0600][10.362s][info][gc,cpu      ] GC(18) User=0.04s Sys=0.00s Real=0.01s
[2026-04-03T01:23:12.657+0600][10.515s][info][gc,start    ] GC(19) Pause Young (Normal) (G1 Evacuation Pause)
[2026-04-03T01:23:12.658+0600][10.515s][info][gc,task     ] GC(19) Using 7 workers of 10 for evacuation
[2026-04-03T01:23:12.668+0600][10.525s][info][gc,phases   ] GC(19)   Pre Evacuate Collection Set: 0.33ms
[2026-04-03T01:23:12.668+0600][10.525s][info][gc,phases   ] GC(19)   Merge Heap Roots: 0.09ms
[2026-04-03T01:23:12.668+0600][10.526s][info][gc,phases   ] GC(19)   Evacuate Collection Set: 9.05ms
[2026-04-03T01:23:12.668+0600][10.526s][info][gc,phases   ] GC(19)   Post Evacuate Collection Set: 0.65ms
[2026-04-03T01:23:12.668+0600][10.526s][info][gc,phases   ] GC(19)   Other: 0.16ms
[2026-04-03T01:23:12.668+0600][10.526s][info][gc,heap     ] GC(19) Eden regions: 78->0(80)
[2026-04-03T01:23:12.668+0600][10.526s][info][gc,heap     ] GC(19) Survivor regions: 12->8(12)
[2026-04-03T01:23:12.668+0600][10.526s][info][gc,heap     ] GC(19) Old regions: 29->40
[2026-04-03T01:23:12.668+0600][10.526s][info][gc,heap     ] GC(19) Humongous regions: 3->3
[2026-04-03T01:23:12.668+0600][10.526s][info][gc,metaspace] GC(19) Metaspace: 49379K(49856K)->49379K(49856K) NonClass: 43249K(43520K)->43249K(43520K) Class: 6129K(6336K)->6129K(6336K)
[2026-04-03T01:23:12.668+0600][10.526s][info][gc          ] GC(19) Pause Young (Normal) (G1 Evacuation Pause) 240M->99M(300M) 10.527ms
[2026-04-03T01:23:12.668+0600][10.526s][info][gc,cpu      ] GC(19) User=0.07s Sys=0.00s Real=0.01s
[2026-04-03T01:23:12.821+0600][10.678s][info][gc,start    ] GC(20) Pause Young (Normal) (G1 Evacuation Pause)
[2026-04-03T01:23:12.821+0600][10.678s][info][gc,task     ] GC(20) Using 7 workers of 10 for evacuation
[2026-04-03T01:23:12.829+0600][10.686s][info][gc,phases   ] GC(20)   Pre Evacuate Collection Set: 0.32ms
[2026-04-03T01:23:12.829+0600][10.686s][info][gc,phases   ] GC(20)   Merge Heap Roots: 0.09ms
[2026-04-03T01:23:12.829+0600][10.686s][info][gc,phases   ] GC(20)   Evacuate Collection Set: 6.71ms
[2026-04-03T01:23:12.829+0600][10.686s][info][gc,phases   ] GC(20)   Post Evacuate Collection Set: 0.56ms
[2026-04-03T01:23:12.829+0600][10.686s][info][gc,phases   ] GC(20)   Other: 0.13ms
[2026-04-03T01:23:12.829+0600][10.686s][info][gc,heap     ] GC(20) Eden regions: 80->0(75)
[2026-04-03T01:23:12.829+0600][10.686s][info][gc,heap     ] GC(20) Survivor regions: 8->8(11)
[2026-04-03T01:23:12.829+0600][10.686s][info][gc,heap     ] GC(20) Old regions: 40->47
[2026-04-03T01:23:12.829+0600][10.686s][info][gc,heap     ] GC(20) Humongous regions: 3->3
[2026-04-03T01:23:12.829+0600][10.686s][info][gc,metaspace] GC(20) Metaspace: 49379K(49856K)->49379K(49856K) NonClass: 43249K(43520K)->43249K(43520K) Class: 6129K(6336K)->6129K(6336K)
[2026-04-03T01:23:12.829+0600][10.686s][info][gc          ] GC(20) Pause Young (Normal) (G1 Evacuation Pause) 259M->114M(300M) 8.083ms
[2026-04-03T01:23:12.829+0600][10.686s][info][gc,cpu      ] GC(20) User=0.05s Sys=0.00s Real=0.00s
[2026-04-03T01:23:12.971+0600][10.829s][info][gc,start    ] GC(21) Pause Young (Normal) (G1 Evacuation Pause)
[2026-04-03T01:23:12.971+0600][10.829s][info][gc,task     ] GC(21) Using 7 workers of 10 for evacuation
[2026-04-03T01:23:12.980+0600][10.838s][info][gc,phases   ] GC(21)   Pre Evacuate Collection Set: 0.27ms
[2026-04-03T01:23:12.980+0600][10.838s][info][gc,phases   ] GC(21)   Merge Heap Roots: 0.07ms
[2026-04-03T01:23:12.980+0600][10.838s][info][gc,phases   ] GC(21)   Evacuate Collection Set: 6.87ms
[2026-04-03T01:23:12.980+0600][10.838s][info][gc,phases   ] GC(21)   Post Evacuate Collection Set: 1.54ms
[2026-04-03T01:23:12.980+0600][10.838s][info][gc,phases   ] GC(21)   Other: 0.08ms
[2026-04-03T01:23:12.980+0600][10.838s][info][gc,heap     ] GC(21) Eden regions: 75->0(137)
[2026-04-03T01:23:12.980+0600][10.838s][info][gc,heap     ] GC(21) Survivor regions: 8->8(11)
[2026-04-03T01:23:12.980+0600][10.838s][info][gc,heap     ] GC(21) Old regions: 47->55
[2026-04-03T01:23:12.980+0600][10.838s][info][gc,heap     ] GC(21) Humongous regions: 3->3
[2026-04-03T01:23:12.980+0600][10.838s][info][gc,metaspace] GC(21) Metaspace: 49379K(49856K)->49379K(49856K) NonClass: 43249K(43520K)->43249K(43520K) Class: 6129K(6336K)->6129K(6336K)
[2026-04-03T01:23:12.980+0600][10.838s][info][gc          ] GC(21) Pause Young (Normal) (G1 Evacuation Pause) 264M->129M(486M) 9.039ms
[2026-04-03T01:23:12.980+0600][10.838s][info][gc,cpu      ] GC(21) User=0.05s Sys=0.01s Real=0.01s
[2026-04-03T01:23:15.221+0600][13.079s][info][gc,start    ] GC(22) Pause Full (System.gc())
[2026-04-03T01:23:15.221+0600][13.079s][info][gc,task     ] GC(22) Using 10 workers of 10 for full compaction
[2026-04-03T01:23:15.222+0600][13.079s][info][gc,phases,start] GC(22) Phase 1: Mark live objects
[2026-04-03T01:23:15.232+0600][13.090s][info][gc,phases      ] GC(22) Phase 1: Mark live objects 10.426ms
[2026-04-03T01:23:15.232+0600][13.090s][info][gc,phases,start] GC(22) Phase 2: Prepare compaction
[2026-04-03T01:23:15.234+0600][13.092s][info][gc,phases      ] GC(22) Phase 2: Prepare compaction 1.733ms
[2026-04-03T01:23:15.234+0600][13.092s][info][gc,phases,start] GC(22) Phase 3: Adjust pointers
[2026-04-03T01:23:15.240+0600][13.098s][info][gc,phases      ] GC(22) Phase 3: Adjust pointers 5.909ms
[2026-04-03T01:23:15.240+0600][13.098s][info][gc,phases,start] GC(22) Phase 4: Compact heap
[2026-04-03T01:23:15.242+0600][13.100s][info][gc,phases      ] GC(22) Phase 4: Compact heap 2.320ms
[2026-04-03T01:23:15.243+0600][13.100s][info][gc,phases,start] GC(22) Phase 5: Reset Metadata
[2026-04-03T01:23:15.244+0600][13.101s][info][gc,phases      ] GC(22) Phase 5: Reset Metadata 1.308ms
[2026-04-03T01:23:15.251+0600][13.109s][info][gc,heap        ] GC(22) Eden regions: 73->0(40)
[2026-04-03T01:23:15.251+0600][13.109s][info][gc,heap        ] GC(22) Survivor regions: 8->0(11)
[2026-04-03T01:23:15.251+0600][13.109s][info][gc,heap        ] GC(22) Old regions: 55->18
[2026-04-03T01:23:15.251+0600][13.109s][info][gc,heap        ] GC(22) Humongous regions: 13->3
[2026-04-03T01:23:15.251+0600][13.109s][info][gc,metaspace   ] GC(22) Metaspace: 55579K(56128K)->55579K(56128K) NonClass: 48585K(48896K)->48585K(48896K) Class: 6993K(7232K)->6993K(7232K)
[2026-04-03T01:23:15.251+0600][13.109s][info][gc             ] GC(22) Pause Full (System.gc()) 295M->29M(140M) 30.242ms
[2026-04-03T01:23:15.251+0600][13.109s][info][gc,cpu         ] GC(22) User=0.10s Sys=0.05s Real=0.03s
[2026-04-03T01:23:17.353+0600][15.211s][info][gc,start       ] GC(23) Pause Young (Normal) (G1 Evacuation Pause)
[2026-04-03T01:23:17.353+0600][15.211s][info][gc,task        ] GC(23) Using 6 workers of 10 for evacuation
[2026-04-03T01:23:17.359+0600][15.216s][info][gc,phases      ] GC(23)   Pre Evacuate Collection Set: 0.32ms
[2026-04-03T01:23:17.359+0600][15.216s][info][gc,phases      ] GC(23)   Merge Heap Roots: 0.14ms
[2026-04-03T01:23:17.359+0600][15.216s][info][gc,phases      ] GC(23)   Evacuate Collection Set: 4.34ms
[2026-04-03T01:23:17.359+0600][15.216s][info][gc,phases      ] GC(23)   Post Evacuate Collection Set: 0.58ms
[2026-04-03T01:23:17.359+0600][15.216s][info][gc,phases      ] GC(23)   Other: 0.09ms
[2026-04-03T01:23:17.359+0600][15.216s][info][gc,heap        ] GC(23) Eden regions: 39->0(40)
[2026-04-03T01:23:17.359+0600][15.216s][info][gc,heap        ] GC(23) Survivor regions: 0->3(5)
[2026-04-03T01:23:17.359+0600][15.216s][info][gc,heap        ] GC(23) Old regions: 18->18
[2026-04-03T01:23:17.359+0600][15.216s][info][gc,heap        ] GC(23) Humongous regions: 13->3
[2026-04-03T01:23:17.359+0600][15.216s][info][gc,metaspace   ] GC(23) Metaspace: 61728K(62528K)->61728K(62528K) NonClass: 53974K(54464K)->53974K(54464K) Class: 7753K(8064K)->7753K(8064K)
[2026-04-03T01:23:17.359+0600][15.216s][info][gc             ] GC(23) Pause Young (Normal) (G1 Evacuation Pause) 127M->34M(146M) 5.788ms
[2026-04-03T01:23:17.359+0600][15.216s][info][gc,cpu         ] GC(23) User=0.05s Sys=0.01s Real=0.00s
[2026-04-03T01:23:17.561+0600][15.419s][info][gc,start       ] GC(24) Pause Young (Normal) (G1 Evacuation Pause)
[2026-04-03T01:23:17.561+0600][15.419s][info][gc,task        ] GC(24) Using 4 workers of 10 for evacuation
[2026-04-03T01:23:17.570+0600][15.428s][info][gc,phases      ] GC(24)   Pre Evacuate Collection Set: 0.34ms
[2026-04-03T01:23:17.571+0600][15.428s][info][gc,phases      ] GC(24)   Merge Heap Roots: 0.21ms
[2026-04-03T01:23:17.571+0600][15.428s][info][gc,phases      ] GC(24)   Evacuate Collection Set: 7.54ms
[2026-04-03T01:23:17.571+0600][15.428s][info][gc,phases      ] GC(24)   Post Evacuate Collection Set: 0.85ms
[2026-04-03T01:23:17.571+0600][15.428s][info][gc,phases      ] GC(24)   Other: 0.09ms
[2026-04-03T01:23:17.571+0600][15.428s][info][gc,heap        ] GC(24) Eden regions: 40->0(37)
[2026-04-03T01:23:17.571+0600][15.428s][info][gc,heap        ] GC(24) Survivor regions: 3->6(6)
[2026-04-03T01:23:17.571+0600][15.428s][info][gc,heap        ] GC(24) Old regions: 18->18
[2026-04-03T01:23:17.571+0600][15.428s][info][gc,heap        ] GC(24) Humongous regions: 3->3
[2026-04-03T01:23:17.571+0600][15.428s][info][gc,metaspace   ] GC(24) Metaspace: 61756K(62528K)->61756K(62528K) NonClass: 54002K(54464K)->54002K(54464K) Class: 7753K(8064K)->7753K(8064K)
[2026-04-03T01:23:17.571+0600][15.428s][info][gc             ] GC(24) Pause Young (Normal) (G1 Evacuation Pause) 114M->40M(146M) 9.374ms
[2026-04-03T01:23:17.571+0600][15.428s][info][gc,cpu         ] GC(24) User=0.04s Sys=0.00s Real=0.01s
[2026-04-03T01:23:17.673+0600][15.531s][info][gc,start       ] GC(25) Pause Young (Normal) (G1 Evacuation Pause)
[2026-04-03T01:23:17.674+0600][15.531s][info][gc,task        ] GC(25) Using 3 workers of 10 for evacuation
[2026-04-03T01:23:17.694+0600][15.551s][info][gc,phases      ] GC(25)   Pre Evacuate Collection Set: 0.30ms
[2026-04-03T01:23:17.694+0600][15.551s][info][gc,phases      ] GC(25)   Merge Heap Roots: 0.12ms
[2026-04-03T01:23:17.694+0600][15.551s][info][gc,phases      ] GC(25)   Evacuate Collection Set: 19.08ms
[2026-04-03T01:23:17.694+0600][15.551s][info][gc,phases      ] GC(25)   Post Evacuate Collection Set: 0.54ms
[2026-04-03T01:23:17.694+0600][15.552s][info][gc,phases      ] GC(25)   Other: 0.14ms
[2026-04-03T01:23:17.694+0600][15.552s][info][gc,heap        ] GC(25) Eden regions: 37->0(35)
[2026-04-03T01:23:17.694+0600][15.552s][info][gc,heap        ] GC(25) Survivor regions: 6->4(6)
[2026-04-03T01:23:17.694+0600][15.552s][info][gc,heap        ] GC(25) Old regions: 18->23
[2026-04-03T01:23:17.694+0600][15.552s][info][gc,heap        ] GC(25) Humongous regions: 4->4
[2026-04-03T01:23:17.694+0600][15.552s][info][gc,metaspace   ] GC(25) Metaspace: 61764K(62528K)->61764K(62528K) NonClass: 54010K(54464K)->54010K(54464K) Class: 7753K(8064K)->7753K(8064K)
[2026-04-03T01:23:17.694+0600][15.552s][info][gc             ] GC(25) Pause Young (Normal) (G1 Evacuation Pause) 116M->48M(148M) 20.534ms
[2026-04-03T01:23:17.694+0600][15.552s][info][gc,cpu         ] GC(25) User=0.10s Sys=0.01s Real=0.02s
[2026-04-03T01:23:17.764+0600][15.621s][info][gc,start       ] GC(26) Pause Young (Normal) (G1 Evacuation Pause)
[2026-04-03T01:23:17.764+0600][15.621s][info][gc,task        ] GC(26) Using 3 workers of 10 for evacuation
[2026-04-03T01:23:17.775+0600][15.632s][info][gc,phases      ] GC(26)   Pre Evacuate Collection Set: 0.12ms
[2026-04-03T01:23:17.775+0600][15.632s][info][gc,phases      ] GC(26)   Merge Heap Roots: 0.15ms
[2026-04-03T01:23:17.775+0600][15.632s][info][gc,phases      ] GC(26)   Evacuate Collection Set: 10.16ms
[2026-04-03T01:23:17.775+0600][15.632s][info][gc,phases      ] GC(26)   Post Evacuate Collection Set: 0.39ms
[2026-04-03T01:23:17.775+0600][15.632s][info][gc,phases      ] GC(26)   Other: 0.10ms
[2026-04-03T01:23:17.775+0600][15.632s][info][gc,heap        ] GC(26) Eden regions: 35->0(33)
[2026-04-03T01:23:17.775+0600][15.632s][info][gc,heap        ] GC(26) Survivor regions: 4->3(5)
[2026-04-03T01:23:17.775+0600][15.632s][info][gc,heap        ] GC(26) Old regions: 23->27
[2026-04-03T01:23:17.775+0600][15.632s][info][gc,heap        ] GC(26) Humongous regions: 4->4
[2026-04-03T01:23:17.775+0600][15.632s][info][gc,metaspace   ] GC(26) Metaspace: 61775K(62528K)->61775K(62528K) NonClass: 54021K(54464K)->54021K(54464K) Class: 7753K(8064K)->7753K(8064K)
[2026-04-03T01:23:17.775+0600][15.632s][info][gc             ] GC(26) Pause Young (Normal) (G1 Evacuation Pause) 118M->53M(148M) 11.220ms
[2026-04-03T01:23:17.775+0600][15.632s][info][gc,cpu         ] GC(26) User=0.04s Sys=0.00s Real=0.01s
[2026-04-03T01:23:17.830+0600][15.688s][info][gc,start       ] GC(27) Pause Young (Normal) (G1 Evacuation Pause)
[2026-04-03T01:23:17.830+0600][15.688s][info][gc,task        ] GC(27) Using 3 workers of 10 for evacuation
[2026-04-03T01:23:17.848+0600][15.706s][info][gc,phases      ] GC(27)   Pre Evacuate Collection Set: 0.18ms
[2026-04-03T01:23:17.849+0600][15.706s][info][gc,phases      ] GC(27)   Merge Heap Roots: 0.11ms
[2026-04-03T01:23:17.849+0600][15.706s][info][gc,phases      ] GC(27)   Evacuate Collection Set: 16.39ms
[2026-04-03T01:23:17.849+0600][15.706s][info][gc,phases      ] GC(27)   Post Evacuate Collection Set: 1.33ms
[2026-04-03T01:23:17.849+0600][15.706s][info][gc,phases      ] GC(27)   Other: 0.15ms
[2026-04-03T01:23:17.849+0600][15.706s][info][gc,heap        ] GC(27) Eden regions: 33->0(85)
[2026-04-03T01:23:17.849+0600][15.706s][info][gc,heap        ] GC(27) Survivor regions: 3->3(5)
[2026-04-03T01:23:17.849+0600][15.706s][info][gc,heap        ] GC(27) Old regions: 27->30
[2026-04-03T01:23:17.849+0600][15.706s][info][gc,heap        ] GC(27) Humongous regions: 4->4
[2026-04-03T01:23:17.849+0600][15.706s][info][gc,metaspace   ] GC(27) Metaspace: 61782K(62528K)->61782K(62528K) NonClass: 54028K(54464K)->54028K(54464K) Class: 7753K(8064K)->7753K(8064K)
[2026-04-03T01:23:17.849+0600][15.706s][info][gc             ] GC(27) Pause Young (Normal) (G1 Evacuation Pause) 119M->59M(296M) 18.598ms
[2026-04-03T01:23:17.849+0600][15.706s][info][gc,cpu         ] GC(27) User=0.05s Sys=0.00s Real=0.01s
[2026-04-03T01:23:18.193+0600][16.051s][info][gc,start       ] GC(28) Pause Young (Normal) (G1 Evacuation Pause)
[2026-04-03T01:23:18.194+0600][16.051s][info][gc,task        ] GC(28) Using 7 workers of 10 for evacuation
[2026-04-03T01:23:18.206+0600][16.064s][info][gc,phases      ] GC(28)   Pre Evacuate Collection Set: 0.17ms
[2026-04-03T01:23:18.206+0600][16.064s][info][gc,phases      ] GC(28)   Merge Heap Roots: 0.08ms
[2026-04-03T01:23:18.206+0600][16.064s][info][gc,phases      ] GC(28)   Evacuate Collection Set: 11.69ms
[2026-04-03T01:23:18.206+0600][16.064s][info][gc,phases      ] GC(28)   Post Evacuate Collection Set: 0.76ms
[2026-04-03T01:23:18.206+0600][16.064s][info][gc,phases      ] GC(28)   Other: 0.08ms
[2026-04-03T01:23:18.206+0600][16.064s][info][gc,heap        ] GC(28) Eden regions: 85->0(77)
[2026-04-03T01:23:18.206+0600][16.064s][info][gc,heap        ] GC(28) Survivor regions: 3->11(11)
[2026-04-03T01:23:18.206+0600][16.064s][info][gc,heap        ] GC(28) Old regions: 30->30
[2026-04-03T01:23:18.206+0600][16.064s][info][gc,heap        ] GC(28) Humongous regions: 6->6
[2026-04-03T01:23:18.206+0600][16.064s][info][gc,metaspace   ] GC(28) Metaspace: 61792K(62528K)->61792K(62528K) NonClass: 54038K(54464K)->54038K(54464K) Class: 7753K(8064K)->7753K(8064K)
[2026-04-03T01:23:18.207+0600][16.064s][info][gc             ] GC(28) Pause Young (Normal) (G1 Evacuation Pause) 233M->79M(296M) 13.057ms
[2026-04-03T01:23:18.207+0600][16.064s][info][gc,cpu         ] GC(28) User=0.08s Sys=0.00s Real=0.01s
[2026-04-03T01:23:18.302+0600][16.160s][info][gc,start       ] GC(29) Pause Young (Normal) (G1 Evacuation Pause)
[2026-04-03T01:23:18.302+0600][16.160s][info][gc,task        ] GC(29) Using 7 workers of 10 for evacuation
[2026-04-03T01:23:18.326+0600][16.183s][info][gc,phases      ] GC(29)   Pre Evacuate Collection Set: 0.34ms
[2026-04-03T01:23:18.326+0600][16.183s][info][gc,phases      ] GC(29)   Merge Heap Roots: 0.15ms
[2026-04-03T01:23:18.326+0600][16.183s][info][gc,phases      ] GC(29)   Evacuate Collection Set: 22.33ms
[2026-04-03T01:23:18.326+0600][16.183s][info][gc,phases      ] GC(29)   Post Evacuate Collection Set: 0.46ms
[2026-04-03T01:23:18.326+0600][16.183s][info][gc,phases      ] GC(29)   Other: 0.10ms
[2026-04-03T01:23:18.326+0600][16.184s][info][gc,heap        ] GC(29) Eden regions: 77->0(75)
[2026-04-03T01:23:18.326+0600][16.184s][info][gc,heap        ] GC(29) Survivor regions: 11->8(11)
[2026-04-03T01:23:18.326+0600][16.184s][info][gc,heap        ] GC(29) Old regions: 30->40
[2026-04-03T01:23:18.326+0600][16.184s][info][gc,heap        ] GC(29) Humongous regions: 9->9
[2026-04-03T01:23:18.326+0600][16.184s][info][gc,metaspace   ] GC(29) Metaspace: 61796K(62528K)->61796K(62528K) NonClass: 54042K(54464K)->54042K(54464K) Class: 7753K(8064K)->7753K(8064K)
[2026-04-03T01:23:18.326+0600][16.184s][info][gc             ] GC(29) Pause Young (Normal) (G1 Evacuation Pause) 239M->99M(296M) 23.876ms
[2026-04-03T01:23:18.326+0600][16.184s][info][gc,cpu         ] GC(29) User=0.15s Sys=0.00s Real=0.02s
[2026-04-03T01:23:18.425+0600][16.283s][info][gc,start       ] GC(30) Pause Young (Normal) (G1 Evacuation Pause)
[2026-04-03T01:23:18.425+0600][16.283s][info][gc,task        ] GC(30) Using 7 workers of 10 for evacuation
[2026-04-03T01:23:18.438+0600][16.296s][info][gc,phases      ] GC(30)   Pre Evacuate Collection Set: 0.25ms
[2026-04-03T01:23:18.438+0600][16.296s][info][gc,phases      ] GC(30)   Merge Heap Roots: 0.13ms
[2026-04-03T01:23:18.438+0600][16.296s][info][gc,phases      ] GC(30)   Evacuate Collection Set: 11.83ms
[2026-04-03T01:23:18.438+0600][16.296s][info][gc,phases      ] GC(30)   Post Evacuate Collection Set: 0.57ms
[2026-04-03T01:23:18.438+0600][16.296s][info][gc,phases      ] GC(30)   Other: 0.10ms
[2026-04-03T01:23:18.438+0600][16.296s][info][gc,heap        ] GC(30) Eden regions: 75->0(70)
[2026-04-03T01:23:18.438+0600][16.296s][info][gc,heap        ] GC(30) Survivor regions: 8->8(11)
[2026-04-03T01:23:18.438+0600][16.296s][info][gc,heap        ] GC(30) Old regions: 40->47
[2026-04-03T01:23:18.438+0600][16.296s][info][gc,heap        ] GC(30) Humongous regions: 9->9
[2026-04-03T01:23:18.438+0600][16.296s][info][gc,metaspace   ] GC(30) Metaspace: 61798K(62528K)->61798K(62528K) NonClass: 54044K(54464K)->54044K(54464K) Class: 7753K(8064K)->7753K(8064K)
[2026-04-03T01:23:18.438+0600][16.296s][info][gc             ] GC(30) Pause Young (Normal) (G1 Evacuation Pause) 249M->113M(296M) 13.228ms
[2026-04-03T01:23:18.439+0600][16.296s][info][gc,cpu         ] GC(30) User=0.08s Sys=0.01s Real=0.01s
[2026-04-03T01:23:18.951+0600][16.808s][info][gc,start       ] GC(31) Pause Young (Normal) (G1 Evacuation Pause)
[2026-04-03T01:23:18.951+0600][16.808s][info][gc,task        ] GC(31) Using 7 workers of 10 for evacuation
[2026-04-03T01:23:18.968+0600][16.826s][info][gc,phases      ] GC(31)   Pre Evacuate Collection Set: 0.42ms
[2026-04-03T01:23:18.968+0600][16.826s][info][gc,phases      ] GC(31)   Merge Heap Roots: 0.26ms
[2026-04-03T01:23:18.968+0600][16.826s][info][gc,phases      ] GC(31)   Evacuate Collection Set: 13.93ms
[2026-04-03T01:23:18.968+0600][16.826s][info][gc,phases      ] GC(31)   Post Evacuate Collection Set: 2.43ms
[2026-04-03T01:23:18.968+0600][16.826s][info][gc,phases      ] GC(31)   Other: 0.15ms
[2026-04-03T01:23:18.968+0600][16.826s][info][gc,heap        ] GC(31) Eden regions: 70->0(191)
[2026-04-03T01:23:18.968+0600][16.826s][info][gc,heap        ] GC(31) Survivor regions: 8->5(10)
[2026-04-03T01:23:18.968+0600][16.826s][info][gc,heap        ] GC(31) Old regions: 47->55
[2026-04-03T01:23:18.968+0600][16.826s][info][gc,heap        ] GC(31) Humongous regions: 15->11
[2026-04-03T01:23:18.968+0600][16.826s][info][gc,metaspace   ] GC(31) Metaspace: 63997K(64896K)->63997K(64896K) NonClass: 55901K(56384K)->55901K(56384K) Class: 8096K(8512K)->8096K(8512K)
[2026-04-03T01:23:18.968+0600][16.826s][info][gc             ] GC(31) Pause Young (Normal) (G1 Evacuation Pause) 265M->126M(654M) 17.584ms
[2026-04-03T01:23:18.968+0600][16.826s][info][gc,cpu         ] GC(31) User=0.13s Sys=0.00s Real=0.01s
[2026-04-03T01:23:19.371+0600][17.229s][info][gc,start       ] GC(32) Pause Young (Normal) (G1 Evacuation Pause)
[2026-04-03T01:23:19.371+0600][17.229s][info][gc,task        ] GC(32) Using 10 workers of 10 for evacuation
[2026-04-03T01:23:19.387+0600][17.244s][info][gc,phases      ] GC(32)   Pre Evacuate Collection Set: 0.39ms
[2026-04-03T01:23:19.387+0600][17.244s][info][gc,phases      ] GC(32)   Merge Heap Roots: 0.15ms
[2026-04-03T01:23:19.387+0600][17.244s][info][gc,phases      ] GC(32)   Evacuate Collection Set: 13.58ms
[2026-04-03T01:23:19.387+0600][17.244s][info][gc,phases      ] GC(32)   Post Evacuate Collection Set: 0.84ms
[2026-04-03T01:23:19.387+0600][17.244s][info][gc,phases      ] GC(32)   Other: 0.26ms
[2026-04-03T01:23:19.387+0600][17.244s][info][gc,heap        ] GC(32) Eden regions: 191->0(182)
[2026-04-03T01:23:19.387+0600][17.244s][info][gc,heap        ] GC(32) Survivor regions: 5->14(25)
[2026-04-03T01:23:19.387+0600][17.244s][info][gc,heap        ] GC(32) Old regions: 55->55
[2026-04-03T01:23:19.387+0600][17.244s][info][gc,heap        ] GC(32) Humongous regions: 12->12
[2026-04-03T01:23:19.387+0600][17.244s][info][gc,metaspace   ] GC(32) Metaspace: 64008K(64896K)->64008K(64896K) NonClass: 55912K(56384K)->55912K(56384K) Class: 8096K(8512K)->8096K(8512K)
[2026-04-03T01:23:19.387+0600][17.244s][info][gc             ] GC(32) Pause Young (Normal) (G1 Evacuation Pause) 510M->147M(654M) 15.575ms
[2026-04-03T01:23:19.387+0600][17.245s][info][gc,cpu         ] GC(32) User=0.15s Sys=0.00s Real=0.01s
[2026-04-03T01:23:19.535+0600][17.392s][info][gc,start       ] GC(33) Pause Young (Normal) (G1 Evacuation Pause)
[2026-04-03T01:23:19.535+0600][17.392s][info][gc,task        ] GC(33) Using 10 workers of 10 for evacuation
[2026-04-03T01:23:19.556+0600][17.413s][info][gc,phases      ] GC(33)   Pre Evacuate Collection Set: 0.25ms
[2026-04-03T01:23:19.556+0600][17.414s][info][gc,phases      ] GC(33)   Merge Heap Roots: 0.17ms
[2026-04-03T01:23:19.556+0600][17.414s][info][gc,phases      ] GC(33)   Evacuate Collection Set: 19.68ms
[2026-04-03T01:23:19.556+0600][17.414s][info][gc,phases      ] GC(33)   Post Evacuate Collection Set: 0.85ms
[2026-04-03T01:23:19.556+0600][17.414s][info][gc,phases      ] GC(33)   Other: 0.12ms
[2026-04-03T01:23:19.556+0600][17.414s][info][gc,heap        ] GC(33) Eden regions: 182->0(176)
[2026-04-03T01:23:19.556+0600][17.414s][info][gc,heap        ] GC(33) Survivor regions: 14->20(25)
[2026-04-03T01:23:19.556+0600][17.414s][info][gc,heap        ] GC(33) Old regions: 55->59
[2026-04-03T01:23:19.556+0600][17.414s][info][gc,heap        ] GC(33) Humongous regions: 14->14
[2026-04-03T01:23:19.556+0600][17.414s][info][gc,metaspace   ] GC(33) Metaspace: 64039K(64896K)->64039K(64896K) NonClass: 55940K(56384K)->55940K(56384K) Class: 8098K(8512K)->8098K(8512K)
[2026-04-03T01:23:19.556+0600][17.414s][info][gc             ] GC(33) Pause Young (Normal) (G1 Evacuation Pause) 515M->171M(654M) 21.505ms
[2026-04-03T01:23:19.556+0600][17.414s][info][gc,cpu         ] GC(33) User=0.18s Sys=0.00s Real=0.02s
[2026-04-03T01:23:19.709+0600][17.566s][info][gc,start       ] GC(34) Pause Young (Normal) (G1 Evacuation Pause)
[2026-04-03T01:23:19.709+0600][17.566s][info][gc,task        ] GC(34) Using 10 workers of 10 for evacuation
[2026-04-03T01:23:19.736+0600][17.593s][info][gc,phases      ] GC(34)   Pre Evacuate Collection Set: 0.37ms
[2026-04-03T01:23:19.736+0600][17.593s][info][gc,phases      ] GC(34)   Merge Heap Roots: 0.18ms
[2026-04-03T01:23:19.736+0600][17.593s][info][gc,phases      ] GC(34)   Evacuate Collection Set: 25.21ms
[2026-04-03T01:23:19.736+0600][17.593s][info][gc,phases      ] GC(34)   Post Evacuate Collection Set: 0.84ms
[2026-04-03T01:23:19.736+0600][17.593s][info][gc,phases      ] GC(34)   Other: 0.11ms
[2026-04-03T01:23:19.736+0600][17.593s][info][gc,heap        ] GC(34) Eden regions: 176->0(177)
[2026-04-03T01:23:19.736+0600][17.593s][info][gc,heap        ] GC(34) Survivor regions: 20->19(25)
[2026-04-03T01:23:19.736+0600][17.593s][info][gc,heap        ] GC(34) Old regions: 59->69
[2026-04-03T01:23:19.736+0600][17.593s][info][gc,heap        ] GC(34) Humongous regions: 17->17
[2026-04-03T01:23:19.736+0600][17.593s][info][gc,metaspace   ] GC(34) Metaspace: 64039K(64896K)->64039K(64896K) NonClass: 55940K(56384K)->55940K(56384K) Class: 8098K(8512K)->8098K(8512K)
[2026-04-03T01:23:19.736+0600][17.593s][info][gc             ] GC(34) Pause Young (Normal) (G1 Evacuation Pause) 529M->194M(654M) 27.067ms
[2026-04-03T01:23:19.736+0600][17.594s][info][gc,cpu         ] GC(34) User=0.27s Sys=0.01s Real=0.03s
[2026-04-03T01:23:19.936+0600][17.794s][info][gc,start       ] GC(35) Pause Young (Normal) (G1 Evacuation Pause)
[2026-04-03T01:23:19.937+0600][17.794s][info][gc,task        ] GC(35) Using 10 workers of 10 for evacuation
[2026-04-03T01:23:19.981+0600][17.839s][info][gc,phases      ] GC(35)   Pre Evacuate Collection Set: 0.34ms
[2026-04-03T01:23:19.981+0600][17.839s][info][gc,phases      ] GC(35)   Merge Heap Roots: 0.31ms
[2026-04-03T01:23:19.981+0600][17.839s][info][gc,phases      ] GC(35)   Evacuate Collection Set: 40.37ms
[2026-04-03T01:23:19.981+0600][17.839s][info][gc,phases      ] GC(35)   Post Evacuate Collection Set: 3.06ms
[2026-04-03T01:23:19.981+0600][17.839s][info][gc,phases      ] GC(35)   Other: 0.32ms
[2026-04-03T01:23:19.981+0600][17.839s][info][gc,heap        ] GC(35) Eden regions: 177->0(330)
[2026-04-03T01:23:19.981+0600][17.839s][info][gc,heap        ] GC(35) Survivor regions: 19->18(25)
[2026-04-03T01:23:19.981+0600][17.839s][info][gc,heap        ] GC(35) Old regions: 69->78
[2026-04-03T01:23:19.981+0600][17.839s][info][gc,heap        ] GC(35) Humongous regions: 19->19
[2026-04-03T01:23:19.981+0600][17.839s][info][gc,metaspace   ] GC(35) Metaspace: 64196K(65024K)->64196K(65024K) NonClass: 56075K(56512K)->56075K(56512K) Class: 8121K(8512K)->8121K(8512K)
[2026-04-03T01:23:19.981+0600][17.839s][info][gc             ] GC(35) Pause Young (Normal) (G1 Evacuation Pause) 552M->215M(1162M) 44.781ms
[2026-04-03T01:23:19.981+0600][17.839s][info][gc,cpu         ] GC(35) User=0.41s Sys=0.01s Real=0.05s
[2026-04-03T01:23:20.889+0600][18.747s][info][gc,start       ] GC(36) Pause Full (System.gc())
[2026-04-03T01:23:20.889+0600][18.747s][info][gc,task        ] GC(36) Using 10 workers of 10 for full compaction
[2026-04-03T01:23:20.890+0600][18.747s][info][gc,phases,start] GC(36) Phase 1: Mark live objects
[2026-04-03T01:23:20.955+0600][18.812s][info][gc,phases      ] GC(36) Phase 1: Mark live objects 64.960ms
[2026-04-03T01:23:20.955+0600][18.812s][info][gc,phases,start] GC(36) Phase 2: Prepare compaction
[2026-04-03T01:23:20.960+0600][18.818s][info][gc,phases      ] GC(36) Phase 2: Prepare compaction 5.740ms
[2026-04-03T01:23:20.961+0600][18.818s][info][gc,phases,start] GC(36) Phase 3: Adjust pointers
[2026-04-03T01:23:20.979+0600][18.837s][info][gc,phases      ] GC(36) Phase 3: Adjust pointers 18.447ms
[2026-04-03T01:23:20.979+0600][18.837s][info][gc,phases,start] GC(36) Phase 4: Compact heap
[2026-04-03T01:23:20.987+0600][18.845s][info][gc,phases      ] GC(36) Phase 4: Compact heap 8.092ms
[2026-04-03T01:23:20.987+0600][18.845s][info][gc,phases,start] GC(36) Phase 5: Reset Metadata
[2026-04-03T01:23:20.996+0600][18.853s][info][gc,phases      ] GC(36) Phase 5: Reset Metadata 8.243ms
[2026-04-03T01:23:21.021+0600][18.878s][info][gc,heap        ] GC(36) Eden regions: 264->0(190)
[2026-04-03T01:23:21.026+0600][18.884s][info][gc,heap        ] GC(36) Survivor regions: 18->0(25)
[2026-04-03T01:23:21.027+0600][18.884s][info][gc,heap        ] GC(36) Old regions: 78->88
[2026-04-03T01:23:21.027+0600][18.884s][info][gc,heap        ] GC(36) Humongous regions: 26->7
[2026-04-03T01:23:21.027+0600][18.884s][info][gc,metaspace   ] GC(36) Metaspace: 66169K(67072K)->66132K(67072K) NonClass: 57776K(58240K)->57750K(58240K) Class: 8393K(8832K)->8382K(8832K)
[2026-04-03T01:23:21.027+0600][18.884s][info][gc             ] GC(36) Pause Full (System.gc()) 756M->179M(634M) 137.531ms
[2026-04-03T01:23:21.027+0600][18.884s][info][gc,cpu         ] GC(36) User=0.94s Sys=0.18s Real=0.14s
[2026-04-03T01:23:21.471+0600][19.328s][info][gc,start       ] GC(37) Pause Young (Normal) (G1 Evacuation Pause)
[2026-04-03T01:23:21.471+0600][19.328s][info][gc,task        ] GC(37) Using 10 workers of 10 for evacuation
[2026-04-03T01:23:21.473+0600][19.330s][info][gc,phases      ] GC(37)   Pre Evacuate Collection Set: 0.42ms
[2026-04-03T01:23:21.473+0600][19.331s][info][gc,phases      ] GC(37)   Merge Heap Roots: 0.18ms
[2026-04-03T01:23:21.473+0600][19.331s][info][gc,phases      ] GC(37)   Evacuate Collection Set: 0.75ms
[2026-04-03T01:23:21.473+0600][19.331s][info][gc,phases      ] GC(37)   Post Evacuate Collection Set: 0.58ms
[2026-04-03T01:23:21.473+0600][19.331s][info][gc,phases      ] GC(37)   Other: 0.29ms
[2026-04-03T01:23:21.473+0600][19.331s][info][gc,heap        ] GC(37) Eden regions: 190->0(187)
[2026-04-03T01:23:21.473+0600][19.331s][info][gc,heap        ] GC(37) Survivor regions: 0->3(24)
[2026-04-03T01:23:21.473+0600][19.331s][info][gc,heap        ] GC(37) Old regions: 88->88
[2026-04-03T01:23:21.473+0600][19.331s][info][gc,heap        ] GC(37) Humongous regions: 14->7
[2026-04-03T01:23:21.473+0600][19.331s][info][gc,metaspace   ] GC(37) Metaspace: 66477K(67392K)->66477K(67392K) NonClass: 58017K(58560K)->58017K(58560K) Class: 8459K(8832K)->8459K(8832K)
[2026-04-03T01:23:21.473+0600][19.331s][info][gc             ] GC(37) Pause Young (Normal) (G1 Evacuation Pause) 573M->184M(634M) 2.480ms
[2026-04-03T01:23:21.473+0600][19.331s][info][gc,cpu         ] GC(37) User=0.00s Sys=0.00s Real=0.00s
[2026-04-03T01:23:21.680+0600][19.538s][info][gc,start       ] GC(38) Pause Young (Normal) (G1 Evacuation Pause)
[2026-04-03T01:23:21.681+0600][19.538s][info][gc,task        ] GC(38) Using 10 workers of 10 for evacuation
[2026-04-03T01:23:21.682+0600][19.540s][info][gc,phases      ] GC(38)   Pre Evacuate Collection Set: 0.48ms
[2026-04-03T01:23:21.682+0600][19.540s][info][gc,phases      ] GC(38)   Merge Heap Roots: 0.10ms
[2026-04-03T01:23:21.682+0600][19.540s][info][gc,phases      ] GC(38)   Evacuate Collection Set: 0.49ms
[2026-04-03T01:23:21.682+0600][19.540s][info][gc,phases      ] GC(38)   Post Evacuate Collection Set: 0.58ms
[2026-04-03T01:23:21.682+0600][19.540s][info][gc,phases      ] GC(38)   Other: 0.09ms
[2026-04-03T01:23:21.682+0600][19.540s][info][gc,heap        ] GC(38) Eden regions: 187->0(189)
[2026-04-03T01:23:21.682+0600][19.540s][info][gc,heap        ] GC(38) Survivor regions: 3->1(24)
[2026-04-03T01:23:21.682+0600][19.540s][info][gc,heap        ] GC(38) Old regions: 88->88
[2026-04-03T01:23:21.682+0600][19.540s][info][gc,heap        ] GC(38) Humongous regions: 7->7
[2026-04-03T01:23:21.682+0600][19.540s][info][gc,metaspace   ] GC(38) Metaspace: 66481K(67392K)->66481K(67392K) NonClass: 58021K(58560K)->58021K(58560K) Class: 8459K(8832K)->8459K(8832K)
[2026-04-03T01:23:21.682+0600][19.540s][info][gc             ] GC(38) Pause Young (Normal) (G1 Evacuation Pause) 558M->180M(634M) 1.949ms
[2026-04-03T01:23:21.682+0600][19.540s][info][gc,cpu         ] GC(38) User=0.00s Sys=0.00s Real=0.00s
[2026-04-03T01:23:21.906+0600][19.764s][info][gc,start       ] GC(39) Pause Full (System.gc())
[2026-04-03T01:23:21.906+0600][19.764s][info][gc,task        ] GC(39) Using 10 workers of 10 for full compaction
[2026-04-03T01:23:21.906+0600][19.764s][info][gc,phases,start] GC(39) Phase 1: Mark live objects
[2026-04-03T01:23:21.960+0600][19.818s][info][gc,phases      ] GC(39) Phase 1: Mark live objects 53.996ms
[2026-04-03T01:23:21.961+0600][19.818s][info][gc,phases,start] GC(39) Phase 2: Prepare compaction
[2026-04-03T01:23:21.963+0600][19.821s][info][gc,phases      ] GC(39) Phase 2: Prepare compaction 2.544ms
[2026-04-03T01:23:21.963+0600][19.821s][info][gc,phases,start] GC(39) Phase 3: Adjust pointers
[2026-04-03T01:23:21.980+0600][19.837s][info][gc,phases      ] GC(39) Phase 3: Adjust pointers 16.770ms
[2026-04-03T01:23:21.980+0600][19.838s][info][gc,phases,start] GC(39) Phase 4: Compact heap
[2026-04-03T01:23:21.982+0600][19.840s][info][gc,phases      ] GC(39) Phase 4: Compact heap 2.484ms
[2026-04-03T01:23:21.983+0600][19.840s][info][gc,phases,start] GC(39) Phase 5: Reset Metadata
[2026-04-03T01:23:21.993+0600][19.850s][info][gc,phases      ] GC(39) Phase 5: Reset Metadata 10.129ms
[2026-04-03T01:23:21.999+0600][19.857s][info][gc,heap        ] GC(39) Eden regions: 172->0(190)
[2026-04-03T01:23:21.999+0600][19.857s][info][gc,heap        ] GC(39) Survivor regions: 1->0(24)
[2026-04-03T01:23:21.999+0600][19.857s][info][gc,heap        ] GC(39) Old regions: 88->88
[2026-04-03T01:23:21.999+0600][19.857s][info][gc,heap        ] GC(39) Humongous regions: 14->7
[2026-04-03T01:23:21.999+0600][19.857s][info][gc,metaspace   ] GC(39) Metaspace: 66545K(67392K)->66545K(67392K) NonClass: 58085K(58560K)->58085K(58560K) Class: 8459K(8832K)->8459K(8832K)
[2026-04-03T01:23:21.999+0600][19.857s][info][gc             ] GC(39) Pause Full (System.gc()) 538M->179M(634M) 93.194ms
[2026-04-03T01:23:21.999+0600][19.857s][info][gc,cpu         ] GC(39) User=0.72s Sys=0.03s Real=0.09s
[2026-04-03T01:23:22.298+0600][20.156s][info][gc,start       ] GC(40) Pause Young (Normal) (G1 Evacuation Pause)
[2026-04-03T01:23:22.298+0600][20.156s][info][gc,task        ] GC(40) Using 10 workers of 10 for evacuation
[2026-04-03T01:23:22.300+0600][20.158s][info][gc,phases      ] GC(40)   Pre Evacuate Collection Set: 0.25ms
[2026-04-03T01:23:22.300+0600][20.158s][info][gc,phases      ] GC(40)   Merge Heap Roots: 0.17ms
[2026-04-03T01:23:22.300+0600][20.158s][info][gc,phases      ] GC(40)   Evacuate Collection Set: 0.65ms
[2026-04-03T01:23:22.300+0600][20.158s][info][gc,phases      ] GC(40)   Post Evacuate Collection Set: 0.61ms
[2026-04-03T01:23:22.300+0600][20.158s][info][gc,phases      ] GC(40)   Other: 0.11ms
[2026-04-03T01:23:22.300+0600][20.158s][info][gc,heap        ] GC(40) Eden regions: 190->0(189)
[2026-04-03T01:23:22.300+0600][20.158s][info][gc,heap        ] GC(40) Survivor regions: 0->1(24)
[2026-04-03T01:23:22.300+0600][20.158s][info][gc,heap        ] GC(40) Old regions: 88->88
[2026-04-03T01:23:22.300+0600][20.158s][info][gc,heap        ] GC(40) Humongous regions: 14->7
[2026-04-03T01:23:22.300+0600][20.158s][info][gc,metaspace   ] GC(40) Metaspace: 66626K(67520K)->66626K(67520K) NonClass: 58166K(58688K)->58166K(58688K) Class: 8460K(8832K)->8460K(8832K)
[2026-04-03T01:23:22.300+0600][20.158s][info][gc             ] GC(40) Pause Young (Normal) (G1 Evacuation Pause) 573M->179M(634M) 2.042ms
[2026-04-03T01:23:22.300+0600][20.158s][info][gc,cpu         ] GC(40) User=0.01s Sys=0.00s Real=0.01s
[2026-04-03T01:23:22.501+0600][20.358s][info][gc,start       ] GC(41) Pause Young (Normal) (G1 Evacuation Pause)
[2026-04-03T01:23:22.501+0600][20.358s][info][gc,task        ] GC(41) Using 10 workers of 10 for evacuation
[2026-04-03T01:23:22.502+0600][20.360s][info][gc,phases      ] GC(41)   Pre Evacuate Collection Set: 0.19ms
[2026-04-03T01:23:22.502+0600][20.360s][info][gc,phases      ] GC(41)   Merge Heap Roots: 0.19ms
[2026-04-03T01:23:22.502+0600][20.360s][info][gc,phases      ] GC(41)   Evacuate Collection Set: 0.44ms
[2026-04-03T01:23:22.502+0600][20.360s][info][gc,phases      ] GC(41)   Post Evacuate Collection Set: 0.48ms
[2026-04-03T01:23:22.502+0600][20.360s][info][gc,phases      ] GC(41)   Other: 0.08ms
[2026-04-03T01:23:22.502+0600][20.360s][info][gc,heap        ] GC(41) Eden regions: 189->0(189)
[2026-04-03T01:23:22.502+0600][20.360s][info][gc,heap        ] GC(41) Survivor regions: 1->1(24)
[2026-04-03T01:23:22.502+0600][20.360s][info][gc,heap        ] GC(41) Old regions: 88->88
[2026-04-03T01:23:22.502+0600][20.360s][info][gc,heap        ] GC(41) Humongous regions: 7->7
[2026-04-03T01:23:22.502+0600][20.360s][info][gc,metaspace   ] GC(41) Metaspace: 66631K(67520K)->66631K(67520K) NonClass: 58171K(58688K)->58171K(58688K) Class: 8460K(8832K)->8460K(8832K)
[2026-04-03T01:23:22.502+0600][20.360s][info][gc             ] GC(41) Pause Young (Normal) (G1 Evacuation Pause) 557M->179M(634M) 1.630ms
[2026-04-03T01:23:22.502+0600][20.360s][info][gc,cpu         ] GC(41) User=0.00s Sys=0.00s Real=0.00s
[2026-04-03T01:23:22.820+0600][20.678s][info][gc,start       ] GC(42) Pause Young (Normal) (G1 Evacuation Pause)
[2026-04-03T01:23:22.820+0600][20.678s][info][gc,task        ] GC(42) Using 10 workers of 10 for evacuation
[2026-04-03T01:23:22.823+0600][20.680s][info][gc,phases      ] GC(42)   Pre Evacuate Collection Set: 0.23ms
[2026-04-03T01:23:22.823+0600][20.680s][info][gc,phases      ] GC(42)   Merge Heap Roots: 0.24ms
[2026-04-03T01:23:22.823+0600][20.680s][info][gc,phases      ] GC(42)   Evacuate Collection Set: 1.31ms
[2026-04-03T01:23:22.823+0600][20.680s][info][gc,phases      ] GC(42)   Post Evacuate Collection Set: 0.54ms
[2026-04-03T01:23:22.823+0600][20.680s][info][gc,phases      ] GC(42)   Other: 0.09ms
[2026-04-03T01:23:22.823+0600][20.680s][info][gc,heap        ] GC(42) Eden regions: 189->0(189)
[2026-04-03T01:23:22.823+0600][20.680s][info][gc,heap        ] GC(42) Survivor regions: 1->1(24)
[2026-04-03T01:23:22.823+0600][20.680s][info][gc,heap        ] GC(42) Old regions: 88->88
[2026-04-03T01:23:22.823+0600][20.680s][info][gc,heap        ] GC(42) Humongous regions: 14->7
[2026-04-03T01:23:22.823+0600][20.680s][info][gc,metaspace   ] GC(42) Metaspace: 67570K(68480K)->67570K(68480K) NonClass: 58891K(59392K)->58891K(59392K) Class: 8679K(9088K)->8679K(9088K)
[2026-04-03T01:23:22.823+0600][20.680s][info][gc             ] GC(42) Pause Young (Normal) (G1 Evacuation Pause) 571M->179M(634M) 2.697ms
[2026-04-03T01:23:22.823+0600][20.680s][info][gc,cpu         ] GC(42) User=0.01s Sys=0.00s Real=0.00s
[2026-04-03T01:23:23.423+0600][21.280s][info][gc,heap,exit   ] Heap
[2026-04-03T01:23:23.423+0600][21.280s][info][gc,heap,exit   ]  garbage-first heap   total 649216K, used 201060K [0x000000070ae00000, 0x0000000800000000)
[2026-04-03T01:23:23.423+0600][21.280s][info][gc,heap,exit   ]   region size 2048K, 7 young (14336K), 1 survivors (2048K)
[2026-04-03T01:23:23.423+0600][21.281s][info][gc,heap,exit   ]  Metaspace       used 67685K, committed 68544K, reserved 1114112K
[2026-04-03T01:23:23.423+0600][21.281s][info][gc,heap,exit   ]   class space    used 8707K, committed 9088K, reserved 1048576K
