[2026-04-03T01:22:38.133+0600][0.005s][info][gc,init] Initializing The Z Garbage Collector
[2026-04-03T01:22:38.133+0600][0.005s][info][gc,init] Version: 21.0.10+7-Ubuntu-124.04 (release)
[2026-04-03T01:22:38.133+0600][0.005s][info][gc,init] Using legacy single-generation mode
[2026-04-03T01:22:38.133+0600][0.005s][info][gc,init] NUMA Support: Disabled
[2026-04-03T01:22:38.133+0600][0.005s][info][gc,init] CPUs: 12 total, 12 available
[2026-04-03T01:22:38.133+0600][0.005s][info][gc,init] Memory: 15683M
[2026-04-03T01:22:38.133+0600][0.005s][info][gc,init] Large Page Support: Disabled
[2026-04-03T01:22:38.133+0600][0.005s][info][gc,init] GC Workers: 3 (dynamic)
[2026-04-03T01:22:38.134+0600][0.005s][info][gc,init] Address Space Type: Contiguous/Unrestricted/Complete
[2026-04-03T01:22:38.134+0600][0.006s][info][gc,init] Address Space Size: 62752M x 3 = 188256M
[2026-04-03T01:22:38.134+0600][0.006s][info][gc,init] Heap Backing File: /memfd:java_heap
[2026-04-03T01:22:38.134+0600][0.006s][info][gc,init] Heap Backing Filesystem: tmpfs (0x1021994)
[2026-04-03T01:22:38.135+0600][0.006s][info][gc,init] Min Capacity: 8M
[2026-04-03T01:22:38.135+0600][0.006s][info][gc,init] Initial Capacity: 246M
[2026-04-03T01:22:38.135+0600][0.006s][info][gc,init] Max Capacity: 3922M
[2026-04-03T01:22:38.135+0600][0.006s][info][gc,init] Medium Page Size: 32M
[2026-04-03T01:22:38.135+0600][0.006s][info][gc,init] Pre-touch: Disabled
[2026-04-03T01:22:38.135+0600][0.006s][info][gc,init] Available space on backing filesystem: N/A
[2026-04-03T01:22:38.135+0600][0.007s][info][gc,init] Uncommit: Enabled
[2026-04-03T01:22:38.135+0600][0.007s][info][gc,init] Uncommit Delay: 300s
[2026-04-03T01:22:38.228+0600][0.099s][info][gc,init] Runtime Workers: 8
[2026-04-03T01:22:38.229+0600][0.101s][info][gc     ] Using The Z Garbage Collector
[2026-04-03T01:22:38.241+0600][0.113s][info][gc,metaspace] CDS archive(s) mapped at: [0x00007011a3000000-0x00007011a3c9c000-0x00007011a3c9c000), size 13221888, SharedBaseAddress: 0x00007011a3000000, ArchiveRelocationMode: 1.
[2026-04-03T01:22:38.241+0600][0.113s][info][gc,metaspace] Compressed class space mapped at: 0x00007011a4000000-0x00007011e4000000, reserved size: 1073741824
[2026-04-03T01:22:38.241+0600][0.113s][info][gc,metaspace] Narrow klass base: 0x00007011a3000000, Narrow klass shift: 0, Narrow klass range: 0x100000000
[2026-04-03T01:22:39.753+0600][1.624s][info][gc,start    ] GC(0) Garbage Collection (Warmup)
[2026-04-03T01:22:39.753+0600][1.624s][info][gc,task     ] GC(0) Using 3 workers
[2026-04-03T01:22:39.762+0600][1.633s][info][gc,phases   ] GC(0) Pause Mark Start 0.010ms
[2026-04-03T01:22:39.771+0600][1.642s][info][gc,phases   ] GC(0) Concurrent Mark 8.632ms
[2026-04-03T01:22:39.771+0600][1.642s][info][gc,phases   ] GC(0) Pause Mark End 0.016ms
[2026-04-03T01:22:39.771+0600][1.642s][info][gc,phases   ] GC(0) Concurrent Mark Free 0.002ms
[2026-04-03T01:22:39.773+0600][1.644s][info][gc,phases   ] GC(0) Concurrent Process Non-Strong References 1.839ms
[2026-04-03T01:22:39.773+0600][1.644s][info][gc,phases   ] GC(0) Concurrent Reset Relocation Set 0.001ms
[2026-04-03T01:22:39.781+0600][1.652s][info][gc,phases   ] GC(0) Concurrent Select Relocation Set 8.027ms
[2026-04-03T01:22:39.781+0600][1.653s][info][gc,phases   ] GC(0) Pause Relocate Start 0.009ms
[2026-04-03T01:22:39.786+0600][1.657s][info][gc,phases   ] GC(0) Concurrent Relocate 4.595ms
[2026-04-03T01:22:39.786+0600][1.657s][info][gc,load     ] GC(0) Load: 2.31/5.80/5.87
[2026-04-03T01:22:39.786+0600][1.657s][info][gc,mmu      ] GC(0) MMU: 2ms/99.2%, 5ms/99.7%, 10ms/99.7%, 20ms/99.8%, 50ms/99.9%, 100ms/100.0%
[2026-04-03T01:22:39.786+0600][1.657s][info][gc,marking  ] GC(0) Mark: 2 stripe(s), 2 proactive flush(es), 1 terminate flush(es), 0 completion(s), 0 continuation(s) 
[2026-04-03T01:22:39.786+0600][1.657s][info][gc,marking  ] GC(0) Mark Stack Usage: 32M
[2026-04-03T01:22:39.786+0600][1.657s][info][gc,nmethod  ] GC(0) NMethods: 1141 registered, 142 unregistered
[2026-04-03T01:22:39.786+0600][1.657s][info][gc,metaspace] GC(0) Metaspace: 12M used, 12M committed, 1088M reserved
[2026-04-03T01:22:39.786+0600][1.657s][info][gc,ref      ] GC(0) Soft: 239 encountered, 0 discovered, 0 enqueued
[2026-04-03T01:22:39.786+0600][1.657s][info][gc,ref      ] GC(0) Weak: 995 encountered, 377 discovered, 291 enqueued
[2026-04-03T01:22:39.786+0600][1.657s][info][gc,ref      ] GC(0) Final: 0 encountered, 0 discovered, 0 enqueued
[2026-04-03T01:22:39.786+0600][1.657s][info][gc,ref      ] GC(0) Phantom: 31 encountered, 14 discovered, 0 enqueued
[2026-04-03T01:22:39.786+0600][1.658s][info][gc,reloc    ] GC(0) Small Pages: 193 / 386M, Empty: 0M, Relocated: 3M, In-Place: 0
[2026-04-03T01:22:39.786+0600][1.658s][info][gc,reloc    ] GC(0) Medium Pages: 1 / 32M, Empty: 0M, Relocated: 0M, In-Place: 0
[2026-04-03T01:22:39.786+0600][1.658s][info][gc,reloc    ] GC(0) Large Pages: 0 / 0M, Empty: 0M, Relocated: 0M, In-Place: 0
[2026-04-03T01:22:39.786+0600][1.658s][info][gc,reloc    ] GC(0) Forwarding Usage: 1M
[2026-04-03T01:22:39.786+0600][1.658s][info][gc,heap     ] GC(0) Min Capacity: 8M(0%)
[2026-04-03T01:22:39.786+0600][1.658s][info][gc,heap     ] GC(0) Max Capacity: 3922M(100%)
[2026-04-03T01:22:39.786+0600][1.658s][info][gc,heap     ] GC(0) Soft Max Capacity: 3922M(100%)
[2026-04-03T01:22:39.786+0600][1.658s][info][gc,heap     ] GC(0)                Mark Start          Mark End        Relocate Start      Relocate End           High               Low         
[2026-04-03T01:22:39.786+0600][1.658s][info][gc,heap     ] GC(0)  Capacity:      418M (11%)         420M (11%)         420M (11%)         426M (11%)         426M (11%)         418M (11%)    
[2026-04-03T01:22:39.786+0600][1.658s][info][gc,heap     ] GC(0)      Free:     3504M (89%)        3502M (89%)        3502M (89%)        3880M (99%)        3880M (99%)        3496M (89%)    
[2026-04-03T01:22:39.786+0600][1.658s][info][gc,heap     ] GC(0)      Used:      418M (11%)         420M (11%)         420M (11%)          42M (1%)          426M (11%)          42M (1%)     
[2026-04-03T01:22:39.786+0600][1.658s][info][gc,heap     ] GC(0)      Live:         -                 5M (0%)            5M (0%)            5M (0%)             -                  -          
[2026-04-03T01:22:39.786+0600][1.658s][info][gc,heap     ] GC(0) Allocated:         -                 2M (0%)            2M (0%)            1M (0%)             -                  -          
[2026-04-03T01:22:39.786+0600][1.658s][info][gc,heap     ] GC(0)   Garbage:         -               412M (11%)         412M (11%)          34M (1%)             -                  -          
[2026-04-03T01:22:39.786+0600][1.658s][info][gc,heap     ] GC(0) Reclaimed:         -                  -                 0M (0%)          377M (10%)            -                  -          
[2026-04-03T01:22:39.786+0600][1.658s][info][gc          ] GC(0) Garbage Collection (Warmup) 418M(11%)->42M(1%)
[2026-04-03T01:22:42.558+0600][4.430s][info][gc,start    ] GC(1) Garbage Collection (Metadata GC Threshold)
[2026-04-03T01:22:42.558+0600][4.430s][info][gc,task     ] GC(1) Using 3 workers
[2026-04-03T01:22:42.559+0600][4.430s][info][gc,phases   ] GC(1) Pause Mark Start 0.010ms
[2026-04-03T01:22:42.573+0600][4.444s][info][gc,phases   ] GC(1) Concurrent Mark 13.716ms
[2026-04-03T01:22:42.573+0600][4.444s][info][gc,phases   ] GC(1) Pause Mark End 0.018ms
[2026-04-03T01:22:42.573+0600][4.445s][info][gc,phases   ] GC(1) Concurrent Mark Free 0.003ms
[2026-04-03T01:22:42.576+0600][4.447s][info][gc,phases   ] GC(1) Concurrent Process Non-Strong References 2.648ms
[2026-04-03T01:22:42.576+0600][4.447s][info][gc,phases   ] GC(1) Concurrent Reset Relocation Set 0.016ms
[2026-04-03T01:22:42.579+0600][4.451s][info][gc,phases   ] GC(1) Concurrent Select Relocation Set 3.212ms
[2026-04-03T01:22:42.580+0600][4.451s][info][gc,phases   ] GC(1) Pause Relocate Start 0.012ms
[2026-04-03T01:22:42.599+0600][4.470s][info][gc,phases   ] GC(1) Concurrent Relocate 19.210ms
[2026-04-03T01:22:42.599+0600][4.470s][info][gc,load     ] GC(1) Load: 2.31/5.80/5.87
[2026-04-03T01:22:42.599+0600][4.470s][info][gc,mmu      ] GC(1) MMU: 2ms/99.1%, 5ms/99.6%, 10ms/99.7%, 20ms/99.8%, 50ms/99.9%, 100ms/100.0%
[2026-04-03T01:22:42.599+0600][4.470s][info][gc,marking  ] GC(1) Mark: 2 stripe(s), 2 proactive flush(es), 1 terminate flush(es), 0 completion(s), 0 continuation(s) 
[2026-04-03T01:22:42.599+0600][4.470s][info][gc,marking  ] GC(1) Mark Stack Usage: 32M
[2026-04-03T01:22:42.599+0600][4.470s][info][gc,nmethod  ] GC(1) NMethods: 1736 registered, 117 unregistered
[2026-04-03T01:22:42.599+0600][4.470s][info][gc,metaspace] GC(1) Metaspace: 20M used, 21M committed, 1088M reserved
[2026-04-03T01:22:42.599+0600][4.470s][info][gc,ref      ] GC(1) Soft: 3498 encountered, 0 discovered, 0 enqueued
[2026-04-03T01:22:42.599+0600][4.470s][info][gc,ref      ] GC(1) Weak: 1187 encountered, 368 discovered, 180 enqueued
[2026-04-03T01:22:42.599+0600][4.470s][info][gc,ref      ] GC(1) Final: 0 encountered, 0 discovered, 0 enqueued
[2026-04-03T01:22:42.599+0600][4.470s][info][gc,ref      ] GC(1) Phantom: 563 encountered, 461 discovered, 0 enqueued
[2026-04-03T01:22:42.599+0600][4.470s][info][gc,reloc    ] GC(1) Small Pages: 62 / 124M, Empty: 0M, Relocated: 11M, In-Place: 0
[2026-04-03T01:22:42.599+0600][4.470s][info][gc,reloc    ] GC(1) Medium Pages: 2 / 64M, Empty: 0M, Relocated: 5M, In-Place: 0
[2026-04-03T01:22:42.599+0600][4.470s][info][gc,reloc    ] GC(1) Large Pages: 0 / 0M, Empty: 0M, Relocated: 0M, In-Place: 0
[2026-04-03T01:22:42.599+0600][4.470s][info][gc,reloc    ] GC(1) Forwarding Usage: 2M
[2026-04-03T01:22:42.599+0600][4.470s][info][gc,heap     ] GC(1) Min Capacity: 8M(0%)
[2026-04-03T01:22:42.599+0600][4.470s][info][gc,heap     ] GC(1) Max Capacity: 3922M(100%)
[2026-04-03T01:22:42.599+0600][4.470s][info][gc,heap     ] GC(1) Soft Max Capacity: 3922M(100%)
[2026-04-03T01:22:42.599+0600][4.470s][info][gc,heap     ] GC(1)                Mark Start          Mark End        Relocate Start      Relocate End           High               Low         
[2026-04-03T01:22:42.599+0600][4.470s][info][gc,heap     ] GC(1)  Capacity:      458M (12%)         458M (12%)         458M (12%)         490M (12%)         490M (12%)         458M (12%)    
[2026-04-03T01:22:42.599+0600][4.470s][info][gc,heap     ] GC(1)      Free:     3734M (95%)        3732M (95%)        3730M (95%)        3866M (99%)        3866M (99%)        3696M (94%)    
[2026-04-03T01:22:42.599+0600][4.470s][info][gc,heap     ] GC(1)      Used:      188M (5%)          190M (5%)          192M (5%)           56M (1%)          226M (6%)           56M (1%)     
[2026-04-03T01:22:42.599+0600][4.470s][info][gc,heap     ] GC(1)      Live:         -                19M (1%)           19M (1%)           19M (1%)             -                  -          
[2026-04-03T01:22:42.599+0600][4.470s][info][gc,heap     ] GC(1) Allocated:         -                 2M (0%)            4M (0%)            6M (0%)             -                  -          
[2026-04-03T01:22:42.599+0600][4.470s][info][gc,heap     ] GC(1)   Garbage:         -               168M (4%)          168M (4%)           29M (1%)             -                  -          
[2026-04-03T01:22:42.599+0600][4.470s][info][gc,heap     ] GC(1) Reclaimed:         -                  -                 0M (0%)          138M (4%)             -                  -          
[2026-04-03T01:22:42.599+0600][4.470s][info][gc          ] GC(1) Garbage Collection (Metadata GC Threshold) 188M(5%)->56M(1%)
[2026-04-03T01:22:45.629+0600][7.500s][info][gc,start    ] GC(2) Garbage Collection (Metadata GC Threshold)
[2026-04-03T01:22:45.629+0600][7.500s][info][gc,task     ] GC(2) Using 3 workers
[2026-04-03T01:22:45.629+0600][7.500s][info][gc,phases   ] GC(2) Pause Mark Start 0.010ms
[2026-04-03T01:22:45.652+0600][7.523s][info][gc,phases   ] GC(2) Concurrent Mark 22.809ms
[2026-04-03T01:22:45.652+0600][7.523s][info][gc,phases   ] GC(2) Pause Mark End 0.074ms
[2026-04-03T01:22:45.652+0600][7.524s][info][gc,phases   ] GC(2) Concurrent Mark Free 0.004ms
[2026-04-03T01:22:45.656+0600][7.528s][info][gc,phases   ] GC(2) Concurrent Process Non-Strong References 3.949ms
[2026-04-03T01:22:45.657+0600][7.528s][info][gc,phases   ] GC(2) Concurrent Reset Relocation Set 0.013ms
[2026-04-03T01:22:45.659+0600][7.530s][info][gc,phases   ] GC(2) Concurrent Select Relocation Set 2.695ms
[2026-04-03T01:22:45.660+0600][7.531s][info][gc,phases   ] GC(2) Pause Relocate Start 0.010ms
[2026-04-03T01:22:45.663+0600][7.534s][info][gc,phases   ] GC(2) Concurrent Relocate 2.764ms
[2026-04-03T01:22:45.663+0600][7.534s][info][gc,load     ] GC(2) Load: 2.21/5.72/5.84
[2026-04-03T01:22:45.663+0600][7.534s][info][gc,mmu      ] GC(2) MMU: 2ms/96.3%, 5ms/98.5%, 10ms/99.2%, 20ms/99.6%, 50ms/99.8%, 100ms/99.9%
[2026-04-03T01:22:45.663+0600][7.534s][info][gc,marking  ] GC(2) Mark: 2 stripe(s), 2 proactive flush(es), 1 terminate flush(es), 1 completion(s), 0 continuation(s) 
[2026-04-03T01:22:45.663+0600][7.534s][info][gc,marking  ] GC(2) Mark Stack Usage: 32M
[2026-04-03T01:22:45.663+0600][7.534s][info][gc,nmethod  ] GC(2) NMethods: 2508 registered, 306 unregistered
[2026-04-03T01:22:45.663+0600][7.534s][info][gc,metaspace] GC(2) Metaspace: 35M used, 35M committed, 1088M reserved
[2026-04-03T01:22:45.663+0600][7.534s][info][gc,ref      ] GC(2) Soft: 3852 encountered, 0 discovered, 0 enqueued
[2026-04-03T01:22:45.663+0600][7.534s][info][gc,ref      ] GC(2) Weak: 2474 encountered, 1635 discovered, 465 enqueued
[2026-04-03T01:22:45.663+0600][7.534s][info][gc,ref      ] GC(2) Final: 80 encountered, 80 discovered, 0 enqueued
[2026-04-03T01:22:45.663+0600][7.534s][info][gc,ref      ] GC(2) Phantom: 569 encountered, 342 discovered, 1 enqueued
[2026-04-03T01:22:45.663+0600][7.534s][info][gc,reloc    ] GC(2) Small Pages: 79 / 158M, Empty: 0M, Relocated: 5M, In-Place: 0
[2026-04-03T01:22:45.663+0600][7.534s][info][gc,reloc    ] GC(2) Medium Pages: 2 / 64M, Empty: 32M, Relocated: 0M, In-Place: 0
[2026-04-03T01:22:45.663+0600][7.534s][info][gc,reloc    ] GC(2) Large Pages: 0 / 0M, Empty: 0M, Relocated: 0M, In-Place: 0
[2026-04-03T01:22:45.663+0600][7.534s][info][gc,reloc    ] GC(2) Forwarding Usage: 2M
[2026-04-03T01:22:45.663+0600][7.534s][info][gc,heap     ] GC(2) Min Capacity: 8M(0%)
[2026-04-03T01:22:45.663+0600][7.534s][info][gc,heap     ] GC(2) Max Capacity: 3922M(100%)
[2026-04-03T01:22:45.663+0600][7.534s][info][gc,heap     ] GC(2) Soft Max Capacity: 3922M(100%)
[2026-04-03T01:22:45.663+0600][7.534s][info][gc,heap     ] GC(2)                Mark Start          Mark End        Relocate Start      Relocate End           High               Low         
[2026-04-03T01:22:45.663+0600][7.534s][info][gc,heap     ] GC(2)  Capacity:      490M (12%)         490M (12%)         490M (12%)         490M (12%)         490M (12%)         490M (12%)    
[2026-04-03T01:22:45.663+0600][7.534s][info][gc,heap     ] GC(2)      Free:     3700M (94%)        3696M (94%)        3718M (95%)        3852M (98%)        3852M (98%)        3686M (94%)    
[2026-04-03T01:22:45.663+0600][7.534s][info][gc,heap     ] GC(2)      Used:      222M (6%)          226M (6%)          204M (5%)           70M (2%)          236M (6%)           70M (2%)     
[2026-04-03T01:22:45.663+0600][7.534s][info][gc,heap     ] GC(2)      Live:         -                24M (1%)           24M (1%)           24M (1%)             -                  -          
[2026-04-03T01:22:45.663+0600][7.534s][info][gc,heap     ] GC(2) Allocated:         -                 4M (0%)           14M (0%)           15M (0%)             -                  -          
[2026-04-03T01:22:45.663+0600][7.534s][info][gc,heap     ] GC(2)   Garbage:         -               197M (5%)          165M (4%)           29M (1%)             -                  -          
[2026-04-03T01:22:45.663+0600][7.534s][info][gc,heap     ] GC(2) Reclaimed:         -                  -                32M (1%)          167M (4%)             -                  -          
[2026-04-03T01:22:45.663+0600][7.534s][info][gc          ] GC(2) Garbage Collection (Metadata GC Threshold) 222M(6%)->70M(2%)
[2026-04-03T01:22:48.253+0600][10.124s][info][gc,stats    ] === Garbage Collection Statistics =======================================================================================================================
[2026-04-03T01:22:48.253+0600][10.124s][info][gc,stats    ]                                                              Last 10s              Last 10m              Last 10h                Total
[2026-04-03T01:22:48.253+0600][10.124s][info][gc,stats    ]                                                              Avg / Max             Avg / Max             Avg / Max             Avg / Max
[2026-04-03T01:22:48.253+0600][10.124s][info][gc,stats    ]   Collector: Garbage Collection Cycle                     35.975 / 40.593       35.975 / 40.593       35.975 / 40.593       35.975 / 40.593      ms
[2026-04-03T01:22:48.253+0600][10.124s][info][gc,stats    ]  Contention: Mark Segment Reset Contention                     0 / 2                 0 / 2                 0 / 2                 0 / 2           ops/s
[2026-04-03T01:22:48.253+0600][10.124s][info][gc,stats    ]  Contention: Mark SeqNum Reset Contention                      0 / 0                 0 / 0                 0 / 0                 0 / 0           ops/s
[2026-04-03T01:22:48.253+0600][10.124s][info][gc,stats    ]    Critical: Allocation Stall                                  0 / 0                 0 / 0                 0 / 0                 0 / 0           ops/s
[2026-04-03T01:22:48.253+0600][10.124s][info][gc,stats    ]    Critical: Allocation Stall                              0.000 / 0.000         0.000 / 0.000         0.000 / 0.000         0.000 / 0.000       ms
[2026-04-03T01:22:48.253+0600][10.124s][info][gc,stats    ]    Critical: GC Locker Stall                                   0 / 1                 0 / 1                 0 / 1                 0 / 1           ops/s
[2026-04-03T01:22:48.253+0600][10.124s][info][gc,stats    ]    Critical: GC Locker Stall                               0.001 / 0.001         0.001 / 0.001         0.001 / 0.001         0.001 / 0.001       ms
[2026-04-03T01:22:48.253+0600][10.124s][info][gc,stats    ]    Critical: Relocation Stall                                  0 / 0                 0 / 0                 0 / 0                 0 / 0           ops/s
[2026-04-03T01:22:48.253+0600][10.124s][info][gc,stats    ]    Critical: Relocation Stall                              0.000 / 0.000         0.000 / 0.000         0.000 / 0.000         0.000 / 0.000       ms
[2026-04-03T01:22:48.253+0600][10.124s][info][gc,stats    ]      Memory: Allocation Rate                                 120 / 374             120 / 374             120 / 374             120 / 374         MB/s
[2026-04-03T01:22:48.253+0600][10.124s][info][gc,stats    ]      Memory: Defragment                                        1 / 16                1 / 16                1 / 16                1 / 16          ops/s
[2026-04-03T01:22:48.253+0600][10.124s][info][gc,stats    ]      Memory: Out Of Memory                                     0 / 0                 0 / 0                 0 / 0                 0 / 0           ops/s
[2026-04-03T01:22:48.253+0600][10.124s][info][gc,stats    ]      Memory: Page Cache Flush                                  3 / 32                3 / 32                3 / 32                3 / 32          MB/s
[2026-04-03T01:22:48.253+0600][10.124s][info][gc,stats    ]      Memory: Page Cache Hit L1                                32 / 156              32 / 156              32 / 156              32 / 156         ops/s
[2026-04-03T01:22:48.253+0600][10.124s][info][gc,stats    ]      Memory: Page Cache Hit L2                                 0 / 0                 0 / 0                 0 / 0                 0 / 0           ops/s
[2026-04-03T01:22:48.253+0600][10.124s][info][gc,stats    ]      Memory: Page Cache Hit L3                                13 / 118              13 / 118              13 / 118              13 / 118         ops/s
[2026-04-03T01:22:48.253+0600][10.124s][info][gc,stats    ]      Memory: Page Cache Miss                                   9 / 76                9 / 76                9 / 76                9 / 76          ops/s
[2026-04-03T01:22:48.253+0600][10.124s][info][gc,stats    ]      Memory: Uncommit                                          0 / 0                 0 / 0                 0 / 0                 0 / 0           MB/s
[2026-04-03T01:22:48.253+0600][10.124s][info][gc,stats    ]      Memory: Undo Object Allocation Failed                     0 / 0                 0 / 0                 0 / 0                 0 / 0           ops/s
[2026-04-03T01:22:48.253+0600][10.124s][info][gc,stats    ]      Memory: Undo Object Allocation Succeeded                  0 / 0                 0 / 0                 0 / 0                 0 / 0           ops/s
[2026-04-03T01:22:48.253+0600][10.124s][info][gc,stats    ]      Memory: Undo Page Allocation                              0 / 0                 0 / 0                 0 / 0                 0 / 0           ops/s
[2026-04-03T01:22:48.253+0600][10.124s][info][gc,stats    ]       Phase: Concurrent Mark                              15.052 / 22.809       15.052 / 22.809       15.052 / 22.809       15.052 / 22.809      ms
[2026-04-03T01:22:48.253+0600][10.124s][info][gc,stats    ]       Phase: Concurrent Mark Continue                      0.000 / 0.000         0.000 / 0.000         0.000 / 0.000         0.000 / 0.000       ms
[2026-04-03T01:22:48.253+0600][10.124s][info][gc,stats    ]       Phase: Concurrent Mark Free                          0.003 / 0.004         0.003 / 0.004         0.003 / 0.004         0.003 / 0.004       ms
[2026-04-03T01:22:48.253+0600][10.124s][info][gc,stats    ]       Phase: Concurrent Process Non-Strong References      2.812 / 3.949         2.812 / 3.949         2.812 / 3.949         2.812 / 3.949       ms
[2026-04-03T01:22:48.253+0600][10.124s][info][gc,stats    ]       Phase: Concurrent Relocate                           8.856 / 19.210        8.856 / 19.210        8.856 / 19.210        8.856 / 19.210      ms
[2026-04-03T01:22:48.253+0600][10.124s][info][gc,stats    ]       Phase: Concurrent Reset Relocation Set               0.010 / 0.016         0.010 / 0.016         0.010 / 0.016         0.010 / 0.016       ms
[2026-04-03T01:22:48.253+0600][10.124s][info][gc,stats    ]       Phase: Concurrent Select Relocation Set              4.645 / 8.027         4.645 / 8.027         4.645 / 8.027         4.645 / 8.027       ms
[2026-04-03T01:22:48.253+0600][10.124s][info][gc,stats    ]       Phase: Pause Mark End                                0.036 / 0.074         0.036 / 0.074         0.036 / 0.074         0.036 / 0.074       ms
[2026-04-03T01:22:48.253+0600][10.124s][info][gc,stats    ]       Phase: Pause Mark Start                              0.010 / 0.010         0.010 / 0.010         0.010 / 0.010         0.010 / 0.010       ms
[2026-04-03T01:22:48.253+0600][10.124s][info][gc,stats    ]       Phase: Pause Relocate Start                          0.010 / 0.012         0.010 / 0.012         0.010 / 0.012         0.010 / 0.012       ms
[2026-04-03T01:22:48.253+0600][10.124s][info][gc,stats    ]    Subphase: Concurrent Classes Purge                      0.216 / 0.324         0.216 / 0.324         0.216 / 0.324         0.216 / 0.324       ms
[2026-04-03T01:22:48.253+0600][10.124s][info][gc,stats    ]    Subphase: Concurrent Classes Unlink                     1.601 / 2.095         1.601 / 2.095         1.601 / 2.095         1.601 / 2.095       ms
[2026-04-03T01:22:48.253+0600][10.124s][info][gc,stats    ]    Subphase: Concurrent Mark                              13.192 / 21.544       13.192 / 21.544       13.192 / 21.544       13.192 / 21.544      ms
[2026-04-03T01:22:48.253+0600][10.124s][info][gc,stats    ]    Subphase: Concurrent Mark Try Flush                     0.123 / 0.243         0.123 / 0.243         0.123 / 0.243         0.123 / 0.243       ms
[2026-04-03T01:22:48.253+0600][10.124s][info][gc,stats    ]    Subphase: Concurrent Mark Try Terminate                 0.668 / 1.179         0.668 / 1.179         0.668 / 1.179         0.668 / 1.179       ms
[2026-04-03T01:22:48.253+0600][10.124s][info][gc,stats    ]    Subphase: Concurrent References Enqueue                 0.004 / 0.006         0.004 / 0.006         0.004 / 0.006         0.004 / 0.006       ms
[2026-04-03T01:22:48.253+0600][10.124s][info][gc,stats    ]    Subphase: Concurrent References Process                 0.261 / 0.391         0.261 / 0.391         0.261 / 0.391         0.261 / 0.391       ms
[2026-04-03T01:22:48.253+0600][10.124s][info][gc,stats    ]    Subphase: Concurrent Roots ClassLoaderDataGraph         0.141 / 0.464         0.141 / 0.464         0.141 / 0.464         0.141 / 0.464       ms
[2026-04-03T01:22:48.253+0600][10.124s][info][gc,stats    ]    Subphase: Concurrent Roots CodeCache                    0.000 / 0.000         0.000 / 0.000         0.000 / 0.000         0.000 / 0.000       ms
[2026-04-03T01:22:48.253+0600][10.124s][info][gc,stats    ]    Subphase: Concurrent Roots JavaThreads                  0.630 / 1.632         0.630 / 1.632         0.630 / 1.632         0.630 / 1.632       ms
[2026-04-03T01:22:48.253+0600][10.124s][info][gc,stats    ]    Subphase: Concurrent Roots OopStorageSet                0.054 / 0.085         0.054 / 0.085         0.054 / 0.085         0.054 / 0.085       ms
[2026-04-03T01:22:48.253+0600][10.124s][info][gc,stats    ]    Subphase: Concurrent Weak Roots OopStorageSet           0.325 / 0.504         0.325 / 0.504         0.325 / 0.504         0.325 / 0.504       ms
[2026-04-03T01:22:48.253+0600][10.124s][info][gc,stats    ]    Subphase: Pause Mark Try Complete                       0.002 / 0.004         0.002 / 0.004         0.002 / 0.004         0.002 / 0.004       ms
[2026-04-03T01:22:48.253+0600][10.124s][info][gc,stats    ]      System: Java Threads                                     14 / 25               14 / 25               14 / 25               14 / 25          threads
[2026-04-03T01:22:48.253+0600][10.124s][info][gc,stats    ] =========================================================================================================================================================
[2026-04-03T01:22:48.752+0600][10.624s][info][gc,start    ] GC(3) Garbage Collection (Warmup)
[2026-04-03T01:22:48.752+0600][10.624s][info][gc,task     ] GC(3) Using 3 workers
[2026-04-03T01:22:48.753+0600][10.624s][info][gc,phases   ] GC(3) Pause Mark Start 0.009ms
[2026-04-03T01:22:48.875+0600][10.747s][info][gc,phases   ] GC(3) Concurrent Mark 122.725ms
[2026-04-03T01:22:48.876+0600][10.747s][info][gc,phases   ] GC(3) Pause Mark End 0.043ms
[2026-04-03T01:22:48.876+0600][10.747s][info][gc,phases   ] GC(3) Concurrent Mark Free 0.005ms
[2026-04-03T01:22:48.884+0600][10.755s][info][gc,phases   ] GC(3) Concurrent Process Non-Strong References 7.441ms
[2026-04-03T01:22:48.884+0600][10.755s][info][gc,phases   ] GC(3) Concurrent Reset Relocation Set 0.009ms
[2026-04-03T01:22:48.906+0600][10.778s][info][gc,phases   ] GC(3) Concurrent Select Relocation Set 22.752ms
[2026-04-03T01:22:48.907+0600][10.778s][info][gc,phases   ] GC(3) Pause Relocate Start 0.019ms
[2026-04-03T01:22:49.003+0600][10.874s][info][gc,phases   ] GC(3) Concurrent Relocate 95.973ms
[2026-04-03T01:22:49.003+0600][10.874s][info][gc,load     ] GC(3) Load: 2.21/5.72/5.84
[2026-04-03T01:22:49.003+0600][10.874s][info][gc,mmu      ] GC(3) MMU: 2ms/96.3%, 5ms/98.5%, 10ms/99.2%, 20ms/99.6%, 50ms/99.8%, 100ms/99.9%
[2026-04-03T01:22:49.003+0600][10.874s][info][gc,marking  ] GC(3) Mark: 2 stripe(s), 3 proactive flush(es), 1 terminate flush(es), 0 completion(s), 0 continuation(s) 
[2026-04-03T01:22:49.003+0600][10.874s][info][gc,marking  ] GC(3) Mark Stack Usage: 32M
[2026-04-03T01:22:49.003+0600][10.874s][info][gc,nmethod  ] GC(3) NMethods: 3040 registered, 126 unregistered
[2026-04-03T01:22:49.003+0600][10.874s][info][gc,metaspace] GC(3) Metaspace: 48M used, 48M committed, 1088M reserved
[2026-04-03T01:22:49.003+0600][10.874s][info][gc,ref      ] GC(3) Soft: 3984 encountered, 0 discovered, 0 enqueued
[2026-04-03T01:22:49.003+0600][10.874s][info][gc,ref      ] GC(3) Weak: 3266 encountered, 1230 discovered, 533 enqueued
[2026-04-03T01:22:49.003+0600][10.874s][info][gc,ref      ] GC(3) Final: 82 encountered, 48 discovered, 0 enqueued
[2026-04-03T01:22:49.003+0600][10.874s][info][gc,ref      ] GC(3) Phantom: 580 encountered, 356 discovered, 0 enqueued
[2026-04-03T01:22:49.003+0600][10.874s][info][gc,reloc    ] GC(3) Small Pages: 379 / 758M, Empty: 0M, Relocated: 57M, In-Place: 0
[2026-04-03T01:22:49.003+0600][10.874s][info][gc,reloc    ] GC(3) Medium Pages: 2 / 64M, Empty: 0M, Relocated: 5M, In-Place: 0
[2026-04-03T01:22:49.003+0600][10.874s][info][gc,reloc    ] GC(3) Large Pages: 0 / 0M, Empty: 0M, Relocated: 0M, In-Place: 0
[2026-04-03T01:22:49.003+0600][10.874s][info][gc,reloc    ] GC(3) Forwarding Usage: 38M
[2026-04-03T01:22:49.003+0600][10.874s][info][gc,heap     ] GC(3) Min Capacity: 8M(0%)
[2026-04-03T01:22:49.003+0600][10.874s][info][gc,heap     ] GC(3) Max Capacity: 3922M(100%)
[2026-04-03T01:22:49.003+0600][10.874s][info][gc,heap     ] GC(3) Soft Max Capacity: 3922M(100%)
[2026-04-03T01:22:49.003+0600][10.874s][info][gc,heap     ] GC(3)                Mark Start          Mark End        Relocate Start      Relocate End           High               Low         
[2026-04-03T01:22:49.003+0600][10.874s][info][gc,heap     ] GC(3)  Capacity:      822M (21%)         866M (22%)         876M (22%)         912M (23%)         912M (23%)         822M (21%)    
[2026-04-03T01:22:49.003+0600][10.874s][info][gc,heap     ] GC(3)      Free:     3100M (79%)        3056M (78%)        3046M (78%)        3712M (95%)        3714M (95%)        3010M (77%)    
[2026-04-03T01:22:49.003+0600][10.874s][info][gc,heap     ] GC(3)      Used:      822M (21%)         866M (22%)         876M (22%)         210M (5%)          912M (23%)         208M (5%)     
[2026-04-03T01:22:49.003+0600][10.874s][info][gc,heap     ] GC(3)      Live:         -                78M (2%)           78M (2%)           78M (2%)             -                  -          
[2026-04-03T01:22:49.003+0600][10.874s][info][gc,heap     ] GC(3) Allocated:         -                44M (1%)           54M (1%)           99M (3%)             -                  -          
[2026-04-03T01:22:49.003+0600][10.874s][info][gc,heap     ] GC(3)   Garbage:         -               743M (19%)         743M (19%)          31M (1%)             -                  -          
[2026-04-03T01:22:49.003+0600][10.874s][info][gc,heap     ] GC(3) Reclaimed:         -                  -                 0M (0%)          711M (18%)            -                  -          
[2026-04-03T01:22:49.003+0600][10.874s][info][gc          ] GC(3) Garbage Collection (Warmup) 822M(21%)->210M(5%)
[2026-04-03T01:22:52.494+0600][14.365s][info][gc,start    ] GC(4) Garbage Collection (System.gc())
[2026-04-03T01:22:52.494+0600][14.365s][info][gc,task     ] GC(4) Using 3 workers
[2026-04-03T01:22:52.494+0600][14.365s][info][gc,phases   ] GC(4) Pause Mark Start 0.008ms
[2026-04-03T01:22:52.523+0600][14.395s][info][gc,phases   ] GC(4) Concurrent Mark 29.244ms
[2026-04-03T01:22:52.524+0600][14.395s][info][gc,phases   ] GC(4) Pause Mark End 0.027ms
[2026-04-03T01:22:52.524+0600][14.395s][info][gc,phases   ] GC(4) Concurrent Mark Free 0.002ms
[2026-04-03T01:22:52.530+0600][14.401s][info][gc,phases   ] GC(4) Concurrent Process Non-Strong References 5.560ms
[2026-04-03T01:22:52.530+0600][14.401s][info][gc,phases   ] GC(4) Concurrent Reset Relocation Set 0.039ms
[2026-04-03T01:22:52.539+0600][14.410s][info][gc,phases   ] GC(4) Concurrent Select Relocation Set 9.307ms
[2026-04-03T01:22:52.539+0600][14.410s][info][gc,phases   ] GC(4) Pause Relocate Start 0.014ms
[2026-04-03T01:22:52.545+0600][14.416s][info][gc,phases   ] GC(4) Concurrent Relocate 5.144ms
[2026-04-03T01:22:52.545+0600][14.416s][info][gc,load     ] GC(4) Load: 2.35/5.69/5.83
[2026-04-03T01:22:52.545+0600][14.416s][info][gc,mmu      ] GC(4) MMU: 2ms/96.3%, 5ms/98.5%, 10ms/99.2%, 20ms/99.6%, 50ms/99.8%, 100ms/99.9%
[2026-04-03T01:22:52.545+0600][14.416s][info][gc,marking  ] GC(4) Mark: 2 stripe(s), 2 proactive flush(es), 1 terminate flush(es), 0 completion(s), 0 continuation(s) 
[2026-04-03T01:22:52.545+0600][14.416s][info][gc,marking  ] GC(4) Mark Stack Usage: 32M
[2026-04-03T01:22:52.545+0600][14.416s][info][gc,nmethod  ] GC(4) NMethods: 3378 registered, 275 unregistered
[2026-04-03T01:22:52.545+0600][14.416s][info][gc,metaspace] GC(4) Metaspace: 54M used, 54M committed, 1088M reserved
[2026-04-03T01:22:52.545+0600][14.416s][info][gc,ref      ] GC(4) Soft: 4141 encountered, 0 discovered, 0 enqueued
[2026-04-03T01:22:52.545+0600][14.416s][info][gc,ref      ] GC(4) Weak: 3677 encountered, 2075 discovered, 333 enqueued
[2026-04-03T01:22:52.545+0600][14.416s][info][gc,ref      ] GC(4) Final: 82 encountered, 0 discovered, 0 enqueued
[2026-04-03T01:22:52.545+0600][14.416s][info][gc,ref      ] GC(4) Phantom: 587 encountered, 366 discovered, 1 enqueued
[2026-04-03T01:22:52.545+0600][14.416s][info][gc,reloc    ] GC(4) Small Pages: 494 / 988M, Empty: 858M, Relocated: 8M, In-Place: 0
[2026-04-03T01:22:52.545+0600][14.416s][info][gc,reloc    ] GC(4) Medium Pages: 2 / 64M, Empty: 32M, Relocated: 0M, In-Place: 0
[2026-04-03T01:22:52.545+0600][14.416s][info][gc,reloc    ] GC(4) Large Pages: 1 / 6M, Empty: 6M, Relocated: 0M, In-Place: 0
[2026-04-03T01:22:52.545+0600][14.416s][info][gc,reloc    ] GC(4) Forwarding Usage: 2M
[2026-04-03T01:22:52.545+0600][14.416s][info][gc,heap     ] GC(4) Min Capacity: 8M(0%)
[2026-04-03T01:22:52.545+0600][14.416s][info][gc,heap     ] GC(4) Max Capacity: 3922M(100%)
[2026-04-03T01:22:52.545+0600][14.416s][info][gc,heap     ] GC(4) Soft Max Capacity: 3922M(100%)
[2026-04-03T01:22:52.545+0600][14.416s][info][gc,heap     ] GC(4)                Mark Start          Mark End        Relocate Start      Relocate End           High               Low         
[2026-04-03T01:22:52.545+0600][14.416s][info][gc,heap     ] GC(4)  Capacity:     1058M (27%)        1058M (27%)        1058M (27%)        1058M (27%)        1058M (27%)        1058M (27%)    
[2026-04-03T01:22:52.545+0600][14.416s][info][gc,heap     ] GC(4)      Free:     2864M (73%)        2864M (73%)        3758M (96%)        3860M (98%)        3860M (98%)        2864M (73%)    
[2026-04-03T01:22:52.545+0600][14.416s][info][gc,heap     ] GC(4)      Used:     1058M (27%)        1058M (27%)         164M (4%)           62M (2%)         1058M (27%)          62M (2%)     
[2026-04-03T01:22:52.545+0600][14.416s][info][gc,heap     ] GC(4)      Live:         -                30M (1%)           30M (1%)           30M (1%)             -                  -          
[2026-04-03T01:22:52.545+0600][14.416s][info][gc,heap     ] GC(4) Allocated:         -                 0M (0%)            2M (0%)            2M (0%)             -                  -          
[2026-04-03T01:22:52.545+0600][14.416s][info][gc,heap     ] GC(4)   Garbage:         -              1027M (26%)         131M (3%)           29M (1%)             -                  -          
[2026-04-03T01:22:52.545+0600][14.416s][info][gc,heap     ] GC(4) Reclaimed:         -                  -               896M (23%)         998M (25%)            -                  -          
[2026-04-03T01:22:52.545+0600][14.416s][info][gc          ] GC(4) Garbage Collection (System.gc()) 1058M(27%)->62M(2%)
[2026-04-03T01:22:56.353+0600][18.224s][info][gc,start    ] GC(5) Garbage Collection (Warmup)
[2026-04-03T01:22:56.353+0600][18.224s][info][gc,task     ] GC(5) Using 3 workers
[2026-04-03T01:22:56.353+0600][18.224s][info][gc,phases   ] GC(5) Pause Mark Start 0.016ms
[2026-04-03T01:22:56.564+0600][18.435s][info][gc,phases   ] GC(5) Concurrent Mark 210.566ms
[2026-04-03T01:22:56.564+0600][18.435s][info][gc,phases   ] GC(5) Pause Mark End 0.037ms
[2026-04-03T01:22:56.564+0600][18.436s][info][gc,phases   ] GC(5) Concurrent Mark Free 0.006ms
[2026-04-03T01:22:56.575+0600][18.447s][info][gc,phases   ] GC(5) Concurrent Process Non-Strong References 10.917ms
[2026-04-03T01:22:56.576+0600][18.447s][info][gc,phases   ] GC(5) Concurrent Reset Relocation Set 0.011ms
[2026-04-03T01:22:56.618+0600][18.490s][info][gc,phases   ] GC(5) Concurrent Select Relocation Set 42.859ms
[2026-04-03T01:22:56.619+0600][18.490s][info][gc,phases   ] GC(5) Pause Relocate Start 0.022ms
[2026-04-03T01:22:56.777+0600][18.648s][info][gc,phases   ] GC(5) Concurrent Relocate 157.322ms
[2026-04-03T01:22:56.777+0600][18.648s][info][gc,load     ] GC(5) Load: 2.32/5.62/5.81
[2026-04-03T01:22:56.777+0600][18.648s][info][gc,mmu      ] GC(5) MMU: 2ms/96.3%, 5ms/98.5%, 10ms/99.2%, 20ms/99.6%, 50ms/99.8%, 100ms/99.9%
[2026-04-03T01:22:56.777+0600][18.648s][info][gc,marking  ] GC(5) Mark: 2 stripe(s), 2 proactive flush(es), 1 terminate flush(es), 0 completion(s), 0 continuation(s) 
[2026-04-03T01:22:56.777+0600][18.648s][info][gc,marking  ] GC(5) Mark Stack Usage: 32M
[2026-04-03T01:22:56.777+0600][18.648s][info][gc,nmethod  ] GC(5) NMethods: 4563 registered, 558 unregistered
[2026-04-03T01:22:56.777+0600][18.648s][info][gc,metaspace] GC(5) Metaspace: 62M used, 63M committed, 1088M reserved
[2026-04-03T01:22:56.777+0600][18.648s][info][gc,ref      ] GC(5) Soft: 4677 encountered, 0 discovered, 0 enqueued
[2026-04-03T01:22:56.777+0600][18.648s][info][gc,ref      ] GC(5) Weak: 5876 encountered, 1890 discovered, 780 enqueued
[2026-04-03T01:22:56.777+0600][18.648s][info][gc,ref      ] GC(5) Final: 82 encountered, 66 discovered, 0 enqueued
[2026-04-03T01:22:56.777+0600][18.648s][info][gc,ref      ] GC(5) Phantom: 592 encountered, 408 discovered, 0 enqueued
[2026-04-03T01:22:56.777+0600][18.648s][info][gc,reloc    ] GC(5) Small Pages: 543 / 1086M, Empty: 0M, Relocated: 85M, In-Place: 0
[2026-04-03T01:22:56.777+0600][18.648s][info][gc,reloc    ] GC(5) Medium Pages: 2 / 64M, Empty: 32M, Relocated: 0M, In-Place: 0
[2026-04-03T01:22:56.777+0600][18.648s][info][gc,reloc    ] GC(5) Large Pages: 4 / 28M, Empty: 22M, Relocated: 0M, In-Place: 0
[2026-04-03T01:22:56.777+0600][18.648s][info][gc,reloc    ] GC(5) Forwarding Usage: 59M
[2026-04-03T01:22:56.777+0600][18.648s][info][gc,heap     ] GC(5) Min Capacity: 8M(0%)
[2026-04-03T01:22:56.777+0600][18.648s][info][gc,heap     ] GC(5) Max Capacity: 3922M(100%)
[2026-04-03T01:22:56.777+0600][18.648s][info][gc,heap     ] GC(5) Soft Max Capacity: 3922M(100%)
[2026-04-03T01:22:56.777+0600][18.648s][info][gc,heap     ] GC(5)                Mark Start          Mark End        Relocate Start      Relocate End           High               Low         
[2026-04-03T01:22:56.777+0600][18.648s][info][gc,heap     ] GC(5)  Capacity:     1178M (30%)        1212M (31%)        1214M (31%)        1214M (31%)        1214M (31%)        1178M (30%)    
[2026-04-03T01:22:56.777+0600][18.648s][info][gc,heap     ] GC(5)      Free:     2744M (70%)        2710M (69%)        2756M (70%)        3698M (94%)        3698M (94%)        2708M (69%)    
[2026-04-03T01:22:56.777+0600][18.648s][info][gc,heap     ] GC(5)      Used:     1178M (30%)        1212M (31%)        1166M (30%)         224M (6%)         1214M (31%)         224M (6%)     
[2026-04-03T01:22:56.777+0600][18.648s][info][gc,heap     ] GC(5)      Live:         -               120M (3%)          120M (3%)          120M (3%)             -                  -          
[2026-04-03T01:22:56.777+0600][18.648s][info][gc,heap     ] GC(5) Allocated:         -                34M (1%)           42M (1%)           71M (2%)             -                  -          
[2026-04-03T01:22:56.777+0600][18.648s][info][gc,heap     ] GC(5)   Garbage:         -              1057M (27%)        1003M (26%)          31M (1%)             -                  -          
[2026-04-03T01:22:56.777+0600][18.648s][info][gc,heap     ] GC(5) Reclaimed:         -                  -                54M (1%)         1025M (26%)            -                  -          
[2026-04-03T01:22:56.777+0600][18.648s][info][gc          ] GC(5) Garbage Collection (Warmup) 1178M(30%)->224M(6%)
[2026-04-03T01:22:57.552+0600][19.424s][info][gc,start    ] GC(6) Garbage Collection (Allocation Rate)
[2026-04-03T01:22:57.553+0600][19.424s][info][gc,task     ] GC(6) Using 3 workers
[2026-04-03T01:22:57.553+0600][19.424s][info][gc,phases   ] GC(6) Pause Mark Start 0.017ms
[2026-04-03T01:22:57.851+0600][19.722s][info][gc,phases   ] GC(6) Concurrent Mark 298.051ms
[2026-04-03T01:22:57.851+0600][19.723s][info][gc,phases   ] GC(6) Pause Mark End 0.029ms
[2026-04-03T01:22:57.851+0600][19.723s][info][gc,phases   ] GC(6) Concurrent Mark Free 0.002ms
[2026-04-03T01:22:57.874+0600][19.745s][info][gc,phases   ] GC(6) Concurrent Process Non-Strong References 22.340ms
[2026-04-03T01:22:57.874+0600][19.745s][info][gc,phases   ] GC(6) Concurrent Reset Relocation Set 0.116ms
[2026-04-03T01:22:57.886+0600][19.757s][info][gc,phases   ] GC(6) Concurrent Select Relocation Set 11.502ms
[2026-04-03T01:22:57.886+0600][19.757s][info][gc,phases   ] GC(6) Pause Relocate Start 0.019ms
[2026-04-03T01:22:57.970+0600][19.841s][info][gc,phases   ] GC(6) Concurrent Relocate 84.159ms
[2026-04-03T01:22:57.970+0600][19.842s][info][gc,load     ] GC(6) Load: 2.32/5.62/5.81
[2026-04-03T01:22:57.970+0600][19.842s][info][gc,mmu      ] GC(6) MMU: 2ms/96.3%, 5ms/98.5%, 10ms/99.2%, 20ms/99.6%, 50ms/99.8%, 100ms/99.9%
[2026-04-03T01:22:57.970+0600][19.842s][info][gc,marking  ] GC(6) Mark: 2 stripe(s), 2 proactive flush(es), 1 terminate flush(es), 0 completion(s), 0 continuation(s) 
[2026-04-03T01:22:57.970+0600][19.842s][info][gc,marking  ] GC(6) Mark Stack Usage: 32M
[2026-04-03T01:22:57.970+0600][19.842s][info][gc,nmethod  ] GC(6) NMethods: 4529 registered, 737 unregistered
[2026-04-03T01:22:57.970+0600][19.842s][info][gc,metaspace] GC(6) Metaspace: 62M used, 63M committed, 1088M reserved
[2026-04-03T01:22:57.971+0600][19.842s][info][gc,ref      ] GC(6) Soft: 4729 encountered, 0 discovered, 0 enqueued
[2026-04-03T01:22:57.971+0600][19.842s][info][gc,ref      ] GC(6) Weak: 5624 encountered, 4041 discovered, 169 enqueued
[2026-04-03T01:22:57.971+0600][19.842s][info][gc,ref      ] GC(6) Final: 82 encountered, 80 discovered, 0 enqueued
[2026-04-03T01:22:57.971+0600][19.842s][info][gc,ref      ] GC(6) Phantom: 594 encountered, 391 discovered, 0 enqueued
[2026-04-03T01:22:57.971+0600][19.842s][info][gc,reloc    ] GC(6) Small Pages: 612 / 1224M, Empty: 344M, Relocated: 53M, In-Place: 0
[2026-04-03T01:22:57.971+0600][19.842s][info][gc,reloc    ] GC(6) Medium Pages: 2 / 64M, Empty: 32M, Relocated: 0M, In-Place: 0
[2026-04-03T01:22:57.971+0600][19.842s][info][gc,reloc    ] GC(6) Large Pages: 3 / 18M, Empty: 6M, Relocated: 0M, In-Place: 0
[2026-04-03T01:22:57.971+0600][19.842s][info][gc,reloc    ] GC(6) Forwarding Usage: 41M
[2026-04-03T01:22:57.971+0600][19.842s][info][gc,heap     ] GC(6) Min Capacity: 8M(0%)
[2026-04-03T01:22:57.971+0600][19.842s][info][gc,heap     ] GC(6) Max Capacity: 3922M(100%)
[2026-04-03T01:22:57.971+0600][19.842s][info][gc,heap     ] GC(6) Soft Max Capacity: 3922M(100%)
[2026-04-03T01:22:57.971+0600][19.842s][info][gc,heap     ] GC(6)                Mark Start          Mark End        Relocate Start      Relocate End           High               Low         
[2026-04-03T01:22:57.971+0600][19.842s][info][gc,heap     ] GC(6)  Capacity:     1306M (33%)        1494M (38%)        1510M (39%)        1510M (39%)        1510M (39%)        1306M (33%)    
[2026-04-03T01:22:57.971+0600][19.842s][info][gc,heap     ] GC(6)      Free:     2616M (67%)        2428M (62%)        2778M (71%)        3334M (85%)        3336M (85%)        2412M (61%)    
[2026-04-03T01:22:57.971+0600][19.842s][info][gc,heap     ] GC(6)      Used:     1306M (33%)        1494M (38%)        1144M (29%)         588M (15%)        1510M (39%)         586M (15%)    
[2026-04-03T01:22:57.971+0600][19.842s][info][gc,heap     ] GC(6)      Live:         -               180M (5%)          180M (5%)          180M (5%)             -                  -          
[2026-04-03T01:22:57.971+0600][19.842s][info][gc,heap     ] GC(6) Allocated:         -               188M (5%)          220M (6%)          373M (10%)            -                  -          
[2026-04-03T01:22:57.971+0600][19.842s][info][gc,heap     ] GC(6)   Garbage:         -              1125M (29%)         743M (19%)          33M (1%)             -                  -          
[2026-04-03T01:22:57.971+0600][19.842s][info][gc,heap     ] GC(6) Reclaimed:         -                  -               382M (10%)        1091M (28%)            -                  -          
[2026-04-03T01:22:57.971+0600][19.842s][info][gc          ] GC(6) Garbage Collection (Allocation Rate) 1306M(33%)->588M(15%)
[2026-04-03T01:22:58.253+0600][20.124s][info][gc,stats    ] === Garbage Collection Statistics =======================================================================================================================
[2026-04-03T01:22:58.253+0600][20.124s][info][gc,stats    ]                                                              Last 10s              Last 10m              Last 10h                Total
[2026-04-03T01:22:58.253+0600][20.124s][info][gc,stats    ]                                                              Avg / Max             Avg / Max             Avg / Max             Avg / Max
[2026-04-03T01:22:58.253+0600][20.124s][info][gc,stats    ]   Collector: Garbage Collection Cycle                    285.912 / 424.144     178.796 / 424.144     178.796 / 424.144     178.796 / 424.144     ms
[2026-04-03T01:22:58.253+0600][20.124s][info][gc,stats    ]  Contention: Mark Segment Reset Contention                     0 / 2                 0 / 2                 0 / 2                 0 / 2           ops/s
[2026-04-03T01:22:58.253+0600][20.124s][info][gc,stats    ]  Contention: Mark SeqNum Reset Contention                      0 / 0                 0 / 0                 0 / 0                 0 / 0           ops/s
[2026-04-03T01:22:58.253+0600][20.124s][info][gc,stats    ]    Critical: Allocation Stall                                  0 / 0                 0 / 0                 0 / 0                 0 / 0           ops/s
[2026-04-03T01:22:58.253+0600][20.124s][info][gc,stats    ]    Critical: Allocation Stall                              0.000 / 0.000         0.000 / 0.000         0.000 / 0.000         0.000 / 0.000       ms
[2026-04-03T01:22:58.253+0600][20.124s][info][gc,stats    ]    Critical: GC Locker Stall                                   0 / 0                 0 / 1                 0 / 1                 0 / 1           ops/s
[2026-04-03T01:22:58.253+0600][20.124s][info][gc,stats    ]    Critical: GC Locker Stall                               0.000 / 0.000         0.001 / 0.001         0.001 / 0.001         0.001 / 0.001       ms
[2026-04-03T01:22:58.253+0600][20.124s][info][gc,stats    ]    Critical: Relocation Stall                                  0 / 0                 0 / 0                 0 / 0                 0 / 0           ops/s
[2026-04-03T01:22:58.253+0600][20.124s][info][gc,stats    ]    Critical: Relocation Stall                              0.000 / 0.000         0.000 / 0.000         0.000 / 0.000         0.000 / 0.000       ms
[2026-04-03T01:22:58.253+0600][20.124s][info][gc,stats    ]      Memory: Allocation Rate                                 434 / 1348            277 / 1348            277 / 1348            277 / 1348        MB/s
[2026-04-03T01:22:58.253+0600][20.124s][info][gc,stats    ]      Memory: Defragment                                        4 / 31                2 / 31                2 / 31                2 / 31          ops/s
[2026-04-03T01:22:58.253+0600][20.124s][info][gc,stats    ]      Memory: Out Of Memory                                     0 / 0                 0 / 0                 0 / 0                 0 / 0           ops/s
[2026-04-03T01:22:58.253+0600][20.124s][info][gc,stats    ]      Memory: Page Cache Flush                                  8 / 62                5 / 62                5 / 62                5 / 62          MB/s
[2026-04-03T01:22:58.253+0600][20.124s][info][gc,stats    ]      Memory: Page Cache Hit L1                               171 / 538             102 / 538             102 / 538             102 / 538         ops/s
[2026-04-03T01:22:58.253+0600][20.124s][info][gc,stats    ]      Memory: Page Cache Hit L2                                 0 / 0                 0 / 0                 0 / 0                 0 / 0           ops/s
[2026-04-03T01:22:58.253+0600][20.124s][info][gc,stats    ]      Memory: Page Cache Hit L3                                 3 / 29                8 / 118               8 / 118               8 / 118         ops/s
[2026-04-03T01:22:58.253+0600][20.124s][info][gc,stats    ]      Memory: Page Cache Miss                                  44 / 180              27 / 180              27 / 180              27 / 180         ops/s
[2026-04-03T01:22:58.253+0600][20.124s][info][gc,stats    ]      Memory: Uncommit                                          0 / 0                 0 / 0                 0 / 0                 0 / 0           MB/s
[2026-04-03T01:22:58.253+0600][20.124s][info][gc,stats    ]      Memory: Undo Object Allocation Failed                     0 / 0                 0 / 0                 0 / 0                 0 / 0           ops/s
[2026-04-03T01:22:58.253+0600][20.124s][info][gc,stats    ]      Memory: Undo Object Allocation Succeeded                  0 / 1                 0 / 1                 0 / 1                 0 / 1           ops/s
[2026-04-03T01:22:58.253+0600][20.124s][info][gc,stats    ]      Memory: Undo Page Allocation                              0 / 0                 0 / 0                 0 / 0                 0 / 0           ops/s
[2026-04-03T01:22:58.253+0600][20.124s][info][gc,stats    ]       Phase: Concurrent Mark                             165.146 / 298.051     100.820 / 298.051     100.820 / 298.051     100.820 / 298.051     ms
[2026-04-03T01:22:58.253+0600][20.124s][info][gc,stats    ]       Phase: Concurrent Mark Continue                      0.000 / 0.000         0.000 / 0.000         0.000 / 0.000         0.000 / 0.000       ms
[2026-04-03T01:22:58.253+0600][20.124s][info][gc,stats    ]       Phase: Concurrent Mark Free                          0.004 / 0.006         0.003 / 0.006         0.003 / 0.006         0.003 / 0.006       ms
[2026-04-03T01:22:58.253+0600][20.124s][info][gc,stats    ]       Phase: Concurrent Process Non-Strong References     11.564 / 22.340        7.813 / 22.340        7.813 / 22.340        7.813 / 22.340      ms
[2026-04-03T01:22:58.253+0600][20.124s][info][gc,stats    ]       Phase: Concurrent Relocate                          85.649 / 157.322      52.738 / 157.322      52.738 / 157.322      52.738 / 157.322     ms
[2026-04-03T01:22:58.253+0600][20.124s][info][gc,stats    ]       Phase: Concurrent Reset Relocation Set               0.044 / 0.116         0.029 / 0.116         0.029 / 0.116         0.029 / 0.116       ms
[2026-04-03T01:22:58.253+0600][20.124s][info][gc,stats    ]       Phase: Concurrent Select Relocation Set             21.605 / 42.859       14.336 / 42.859       14.336 / 42.859       14.336 / 42.859      ms
[2026-04-03T01:22:58.253+0600][20.124s][info][gc,stats    ]       Phase: Pause Mark End                                0.034 / 0.043         0.035 / 0.074         0.035 / 0.074         0.035 / 0.074       ms
[2026-04-03T01:22:58.253+0600][20.124s][info][gc,stats    ]       Phase: Pause Mark Start                              0.013 / 0.017         0.012 / 0.017         0.012 / 0.017         0.012 / 0.017       ms
[2026-04-03T01:22:58.253+0600][20.124s][info][gc,stats    ]       Phase: Pause Relocate Start                          0.018 / 0.022         0.015 / 0.022         0.015 / 0.022         0.015 / 0.022       ms
[2026-04-03T01:22:58.253+0600][20.124s][info][gc,stats    ]    Subphase: Concurrent Classes Purge                      0.459 / 0.808         0.355 / 0.808         0.355 / 0.808         0.355 / 0.808       ms
[2026-04-03T01:22:58.253+0600][20.124s][info][gc,stats    ]    Subphase: Concurrent Classes Unlink                     8.503 / 19.140        5.545 / 19.140        5.545 / 19.140        5.545 / 19.140      ms
[2026-04-03T01:22:58.253+0600][20.124s][info][gc,stats    ]    Subphase: Concurrent Mark                             163.166 / 295.848      98.891 / 295.848      98.891 / 295.848      98.891 / 295.848     ms
[2026-04-03T01:22:58.253+0600][20.124s][info][gc,stats    ]    Subphase: Concurrent Mark Try Flush                     0.269 / 1.137         0.209 / 1.137         0.209 / 1.137         0.209 / 1.137       ms
[2026-04-03T01:22:58.253+0600][20.124s][info][gc,stats    ]    Subphase: Concurrent Mark Try Terminate                 0.694 / 1.125         0.684 / 1.179         0.684 / 1.179         0.684 / 1.179       ms
[2026-04-03T01:22:58.253+0600][20.124s][info][gc,stats    ]    Subphase: Concurrent References Enqueue                 0.012 / 0.023         0.009 / 0.023         0.009 / 0.023         0.009 / 0.023       ms
[2026-04-03T01:22:58.253+0600][20.124s][info][gc,stats    ]    Subphase: Concurrent References Process                 0.573 / 0.884         0.439 / 0.884         0.439 / 0.884         0.439 / 0.884       ms
[2026-04-03T01:22:58.253+0600][20.124s][info][gc,stats    ]    Subphase: Concurrent Roots ClassLoaderDataGraph         0.245 / 0.716         0.203 / 0.716         0.203 / 0.716         0.203 / 0.716       ms
[2026-04-03T01:22:58.253+0600][20.124s][info][gc,stats    ]    Subphase: Concurrent Roots CodeCache                    0.000 / 0.000         0.000 / 0.000         0.000 / 0.000         0.000 / 0.000       ms
[2026-04-03T01:22:58.253+0600][20.124s][info][gc,stats    ]    Subphase: Concurrent Roots JavaThreads                  0.825 / 1.634         0.753 / 1.634         0.753 / 1.634         0.753 / 1.634       ms
[2026-04-03T01:22:58.253+0600][20.124s][info][gc,stats    ]    Subphase: Concurrent Roots OopStorageSet                0.079 / 0.130         0.069 / 0.130         0.069 / 0.130         0.069 / 0.130       ms
[2026-04-03T01:22:58.253+0600][20.124s][info][gc,stats    ]    Subphase: Concurrent Weak Roots OopStorageSet           1.217 / 1.727         0.835 / 1.727         0.835 / 1.727         0.835 / 1.727       ms
[2026-04-03T01:22:58.253+0600][20.124s][info][gc,stats    ]    Subphase: Pause Mark Try Complete                       0.000 / 0.000         0.002 / 0.004         0.002 / 0.004         0.002 / 0.004       ms
[2026-04-03T01:22:58.253+0600][20.124s][info][gc,stats    ]      System: Java Threads                                     56 / 63               38 / 63               38 / 63               38 / 63          threads
[2026-04-03T01:22:58.253+0600][20.124s][info][gc,stats    ] =========================================================================================================================================================
[2026-04-03T01:22:58.952+0600][20.823s][info][gc,start    ] GC(7) Garbage Collection (Allocation Rate)
[2026-04-03T01:22:58.952+0600][20.823s][info][gc,task     ] GC(7) Using 2 workers
[2026-04-03T01:22:58.952+0600][20.824s][info][gc,phases   ] GC(7) Pause Mark Start 0.010ms
[2026-04-03T01:22:59.193+0600][21.064s][info][gc,phases   ] GC(7) Concurrent Mark 240.542ms
[2026-04-03T01:22:59.193+0600][21.065s][info][gc,phases   ] GC(7) Pause Mark End 0.022ms
[2026-04-03T01:22:59.194+0600][21.065s][info][gc,phases   ] GC(7) Concurrent Mark Free 0.003ms
[2026-04-03T01:22:59.207+0600][21.079s][info][gc,phases   ] GC(7) Concurrent Process Non-Strong References 13.734ms
[2026-04-03T01:22:59.207+0600][21.079s][info][gc,phases   ] GC(7) Concurrent Reset Relocation Set 0.028ms
[2026-04-03T01:22:59.214+0600][21.085s][info][gc,phases   ] GC(7) Concurrent Select Relocation Set 6.286ms
[2026-04-03T01:22:59.214+0600][21.085s][info][gc,phases   ] GC(7) Pause Relocate Start 0.016ms
[2026-04-03T01:22:59.257+0600][21.128s][info][gc,phases   ] GC(7) Concurrent Relocate 42.628ms
[2026-04-03T01:22:59.257+0600][21.128s][info][gc,load     ] GC(7) Load: 2.78/5.66/5.82
[2026-04-03T01:22:59.257+0600][21.128s][info][gc,mmu      ] GC(7) MMU: 2ms/96.3%, 5ms/98.5%, 10ms/99.2%, 20ms/99.6%, 50ms/99.8%, 100ms/99.9%
[2026-04-03T01:22:59.257+0600][21.128s][info][gc,marking  ] GC(7) Mark: 2 stripe(s), 2 proactive flush(es), 1 terminate flush(es), 0 completion(s), 0 continuation(s) 
[2026-04-03T01:22:59.257+0600][21.128s][info][gc,marking  ] GC(7) Mark Stack Usage: 32M
[2026-04-03T01:22:59.257+0600][21.128s][info][gc,nmethod  ] GC(7) NMethods: 4744 registered, 795 unregistered
[2026-04-03T01:22:59.257+0600][21.128s][info][gc,metaspace] GC(7) Metaspace: 64M used, 65M committed, 1088M reserved
[2026-04-03T01:22:59.257+0600][21.128s][info][gc,ref      ] GC(7) Soft: 4775 encountered, 0 discovered, 0 enqueued
[2026-04-03T01:22:59.257+0600][21.128s][info][gc,ref      ] GC(7) Weak: 5914 encountered, 2981 discovered, 165 enqueued
[2026-04-03T01:22:59.257+0600][21.128s][info][gc,ref      ] GC(7) Final: 82 encountered, 0 discovered, 0 enqueued
[2026-04-03T01:22:59.257+0600][21.128s][info][gc,ref      ] GC(7) Phantom: 593 encountered, 238 discovered, 0 enqueued
[2026-04-03T01:22:59.257+0600][21.128s][info][gc,reloc    ] GC(7) Small Pages: 774 / 1548M, Empty: 988M, Relocated: 29M, In-Place: 0
[2026-04-03T01:22:59.257+0600][21.128s][info][gc,reloc    ] GC(7) Medium Pages: 2 / 64M, Empty: 32M, Relocated: 0M, In-Place: 0
[2026-04-03T01:22:59.257+0600][21.128s][info][gc,reloc    ] GC(7) Large Pages: 5 / 34M, Empty: 22M, Relocated: 0M, In-Place: 0
[2026-04-03T01:22:59.257+0600][21.128s][info][gc,reloc    ] GC(7) Forwarding Usage: 22M
[2026-04-03T01:22:59.257+0600][21.128s][info][gc,heap     ] GC(7) Min Capacity: 8M(0%)
[2026-04-03T01:22:59.257+0600][21.128s][info][gc,heap     ] GC(7) Max Capacity: 3922M(100%)
[2026-04-03T01:22:59.257+0600][21.128s][info][gc,heap     ] GC(7) Soft Max Capacity: 3922M(100%)
[2026-04-03T01:22:59.257+0600][21.128s][info][gc,heap     ] GC(7)                Mark Start          Mark End        Relocate Start      Relocate End           High               Low         
[2026-04-03T01:22:59.257+0600][21.128s][info][gc,heap     ] GC(7)  Capacity:     1646M (42%)        1724M (44%)        1724M (44%)        1724M (44%)        1724M (44%)        1646M (42%)    
[2026-04-03T01:22:59.257+0600][21.128s][info][gc,heap     ] GC(7)      Free:     2276M (58%)        2220M (57%)        3260M (83%)        3624M (92%)        3624M (92%)        2198M (56%)    
[2026-04-03T01:22:59.257+0600][21.128s][info][gc,heap     ] GC(7)      Used:     1646M (42%)        1702M (43%)         662M (17%)         298M (8%)         1724M (44%)         298M (8%)     
[2026-04-03T01:22:59.257+0600][21.128s][info][gc,heap     ] GC(7)      Live:         -               207M (5%)          207M (5%)          207M (5%)             -                  -          
[2026-04-03T01:22:59.257+0600][21.128s][info][gc,heap     ] GC(7) Allocated:         -                56M (1%)           58M (1%)           57M (1%)             -                  -          
[2026-04-03T01:22:59.257+0600][21.128s][info][gc,heap     ] GC(7)   Garbage:         -              1438M (37%)         396M (10%)          32M (1%)             -                  -          
[2026-04-03T01:22:59.257+0600][21.128s][info][gc,heap     ] GC(7) Reclaimed:         -                  -              1042M (27%)        1405M (36%)            -                  -          
[2026-04-03T01:22:59.257+0600][21.128s][info][gc          ] GC(7) Garbage Collection (Allocation Rate) 1646M(42%)->298M(8%)
[2026-04-03T01:22:59.257+0600][21.128s][info][gc,start    ] GC(8) Garbage Collection (System.gc())
[2026-04-03T01:22:59.257+0600][21.128s][info][gc,task     ] GC(8) Using 3 workers
[2026-04-03T01:22:59.257+0600][21.129s][info][gc,phases   ] GC(8) Pause Mark Start 0.019ms
[2026-04-03T01:22:59.441+0600][21.312s][info][gc,phases   ] GC(8) Concurrent Mark 183.492ms
[2026-04-03T01:22:59.441+0600][21.312s][info][gc,phases   ] GC(8) Pause Mark End 0.020ms
[2026-04-03T01:22:59.441+0600][21.312s][info][gc,phases   ] GC(8) Concurrent Mark Free 0.001ms
[2026-04-03T01:22:59.455+0600][21.326s][info][gc,phases   ] GC(8) Concurrent Process Non-Strong References 13.216ms
[2026-04-03T01:22:59.455+0600][21.326s][info][gc,phases   ] GC(8) Concurrent Reset Relocation Set 0.016ms
[2026-04-03T01:22:59.459+0600][21.330s][info][gc,phases   ] GC(8) Concurrent Select Relocation Set 4.402ms
[2026-04-03T01:22:59.459+0600][21.331s][info][gc,phases   ] GC(8) Pause Relocate Start 0.024ms
[2026-04-03T01:22:59.462+0600][21.333s][info][gc,phases   ] GC(8) Concurrent Relocate 2.238ms
[2026-04-03T01:22:59.462+0600][21.333s][info][gc,load     ] GC(8) Load: 2.78/5.66/5.82
[2026-04-03T01:22:59.462+0600][21.333s][info][gc,mmu      ] GC(8) MMU: 2ms/96.3%, 5ms/98.5%, 10ms/99.2%, 20ms/99.6%, 50ms/99.8%, 100ms/99.9%
[2026-04-03T01:22:59.462+0600][21.333s][info][gc,marking  ] GC(8) Mark: 2 stripe(s), 2 proactive flush(es), 1 terminate flush(es), 0 completion(s), 0 continuation(s) 
[2026-04-03T01:22:59.462+0600][21.333s][info][gc,marking  ] GC(8) Mark Stack Usage: 32M
[2026-04-03T01:22:59.462+0600][21.333s][info][gc,nmethod  ] GC(8) NMethods: 4721 registered, 820 unregistered
[2026-04-03T01:22:59.462+0600][21.333s][info][gc,metaspace] GC(8) Metaspace: 64M used, 65M committed, 1088M reserved
[2026-04-03T01:22:59.462+0600][21.333s][info][gc,ref      ] GC(8) Soft: 4783 encountered, 0 discovered, 0 enqueued
[2026-04-03T01:22:59.462+0600][21.333s][info][gc,ref      ] GC(8) Weak: 5903 encountered, 705 discovered, 231 enqueued
[2026-04-03T01:22:59.462+0600][21.333s][info][gc,ref      ] GC(8) Final: 82 encountered, 82 discovered, 0 enqueued
[2026-04-03T01:22:59.462+0600][21.333s][info][gc,ref      ] GC(8) Phantom: 594 encountered, 414 discovered, 0 enqueued
[2026-04-03T01:22:59.462+0600][21.333s][info][gc,reloc    ] GC(8) Small Pages: 111 / 222M, Empty: 0M, Relocated: 1M, In-Place: 0
[2026-04-03T01:22:59.462+0600][21.333s][info][gc,reloc    ] GC(8) Medium Pages: 2 / 64M, Empty: 32M, Relocated: 0M, In-Place: 0
[2026-04-03T01:22:59.462+0600][21.333s][info][gc,reloc    ] GC(8) Large Pages: 2 / 12M, Empty: 0M, Relocated: 0M, In-Place: 0
[2026-04-03T01:22:59.462+0600][21.333s][info][gc,reloc    ] GC(8) Forwarding Usage: 0M
[2026-04-03T01:22:59.462+0600][21.333s][info][gc,heap     ] GC(8) Min Capacity: 8M(0%)
[2026-04-03T01:22:59.462+0600][21.333s][info][gc,heap     ] GC(8) Max Capacity: 3922M(100%)
[2026-04-03T01:22:59.462+0600][21.333s][info][gc,heap     ] GC(8) Soft Max Capacity: 3922M(100%)
[2026-04-03T01:22:59.462+0600][21.333s][info][gc,heap     ] GC(8)                Mark Start          Mark End        Relocate Start      Relocate End           High               Low         
[2026-04-03T01:22:59.462+0600][21.333s][info][gc,heap     ] GC(8)  Capacity:     1724M (44%)        1724M (44%)        1724M (44%)        1724M (44%)        1724M (44%)        1724M (44%)    
[2026-04-03T01:22:59.462+0600][21.333s][info][gc,heap     ] GC(8)      Free:     3624M (92%)        3620M (92%)        3648M (93%)        3672M (94%)        3672M (94%)        3616M (92%)    
[2026-04-03T01:22:59.462+0600][21.333s][info][gc,heap     ] GC(8)      Used:      298M (8%)          302M (8%)          274M (7%)          250M (6%)          306M (8%)          250M (6%)     
[2026-04-03T01:22:59.462+0600][21.333s][info][gc,heap     ] GC(8)      Live:         -               207M (5%)          207M (5%)          207M (5%)             -                  -          
[2026-04-03T01:22:59.462+0600][21.333s][info][gc,heap     ] GC(8) Allocated:         -                 4M (0%)            8M (0%)            8M (0%)             -                  -          
[2026-04-03T01:22:59.462+0600][21.333s][info][gc,heap     ] GC(8)   Garbage:         -                90M (2%)           58M (1%)           34M (1%)             -                  -          
[2026-04-03T01:22:59.462+0600][21.333s][info][gc,heap     ] GC(8) Reclaimed:         -                  -                32M (1%)           56M (1%)             -                  -          
[2026-04-03T01:22:59.462+0600][21.333s][info][gc          ] GC(8) Garbage Collection (System.gc()) 298M(8%)->250M(6%)
[2026-04-03T01:23:00.242+0600][22.113s][info][gc,start    ] GC(9) Garbage Collection (System.gc())
[2026-04-03T01:23:00.242+0600][22.113s][info][gc,task     ] GC(9) Using 3 workers
[2026-04-03T01:23:00.242+0600][22.113s][info][gc,phases   ] GC(9) Pause Mark Start 0.015ms
[2026-04-03T01:23:00.366+0600][22.237s][info][gc,phases   ] GC(9) Concurrent Mark 123.771ms
[2026-04-03T01:23:00.366+0600][22.238s][info][gc,phases   ] GC(9) Pause Mark End 0.043ms
[2026-04-03T01:23:00.366+0600][22.238s][info][gc,phases   ] GC(9) Concurrent Mark Free 0.003ms
[2026-04-03T01:23:00.373+0600][22.244s][info][gc,phases   ] GC(9) Concurrent Process Non-Strong References 6.111ms
[2026-04-03T01:23:00.373+0600][22.244s][info][gc,phases   ] GC(9) Concurrent Reset Relocation Set 0.004ms
[2026-04-03T01:23:00.377+0600][22.248s][info][gc,phases   ] GC(9) Concurrent Select Relocation Set 4.210ms
[2026-04-03T01:23:00.377+0600][22.249s][info][gc,phases   ] GC(9) Pause Relocate Start 0.017ms
[2026-04-03T01:23:00.379+0600][22.250s][info][gc,phases   ] GC(9) Concurrent Relocate 1.639ms
[2026-04-03T01:23:00.379+0600][22.250s][info][gc,load     ] GC(9) Load: 2.78/5.66/5.82
[2026-04-03T01:23:00.379+0600][22.250s][info][gc,mmu      ] GC(9) MMU: 2ms/96.3%, 5ms/98.5%, 10ms/99.2%, 20ms/99.6%, 50ms/99.8%, 100ms/99.9%
[2026-04-03T01:23:00.379+0600][22.250s][info][gc,marking  ] GC(9) Mark: 2 stripe(s), 2 proactive flush(es), 1 terminate flush(es), 0 completion(s), 0 continuation(s) 
[2026-04-03T01:23:00.379+0600][22.250s][info][gc,marking  ] GC(9) Mark Stack Usage: 32M
[2026-04-03T01:23:00.379+0600][22.250s][info][gc,nmethod  ] GC(9) NMethods: 4953 registered, 50 unregistered
[2026-04-03T01:23:00.379+0600][22.250s][info][gc,metaspace] GC(9) Metaspace: 65M used, 66M committed, 1088M reserved
[2026-04-03T01:23:00.379+0600][22.251s][info][gc,ref      ] GC(9) Soft: 4784 encountered, 0 discovered, 0 enqueued
[2026-04-03T01:23:00.379+0600][22.251s][info][gc,ref      ] GC(9) Weak: 5995 encountered, 4280 discovered, 268 enqueued
[2026-04-03T01:23:00.379+0600][22.251s][info][gc,ref      ] GC(9) Final: 82 encountered, 82 discovered, 0 enqueued
[2026-04-03T01:23:00.379+0600][22.251s][info][gc,ref      ] GC(9) Phantom: 594 encountered, 463 discovered, 0 enqueued
[2026-04-03T01:23:00.379+0600][22.251s][info][gc,reloc    ] GC(9) Small Pages: 784 / 1568M, Empty: 1330M, Relocated: 1M, In-Place: 0
[2026-04-03T01:23:00.379+0600][22.251s][info][gc,reloc    ] GC(9) Medium Pages: 2 / 64M, Empty: 32M, Relocated: 0M, In-Place: 0
[2026-04-03T01:23:00.379+0600][22.251s][info][gc,reloc    ] GC(9) Large Pages: 5 / 30M, Empty: 18M, Relocated: 0M, In-Place: 0
[2026-04-03T01:23:00.379+0600][22.251s][info][gc,reloc    ] GC(9) Forwarding Usage: 0M
[2026-04-03T01:23:00.379+0600][22.251s][info][gc,heap     ] GC(9) Min Capacity: 8M(0%)
[2026-04-03T01:23:00.379+0600][22.251s][info][gc,heap     ] GC(9) Max Capacity: 3922M(100%)
[2026-04-03T01:23:00.379+0600][22.251s][info][gc,heap     ] GC(9) Soft Max Capacity: 3922M(100%)
[2026-04-03T01:23:00.379+0600][22.251s][info][gc,heap     ] GC(9)                Mark Start          Mark End        Relocate Start      Relocate End           High               Low         
[2026-04-03T01:23:00.379+0600][22.251s][info][gc,heap     ] GC(9)  Capacity:     1724M (44%)        1724M (44%)        1724M (44%)        1724M (44%)        1724M (44%)        1724M (44%)    
[2026-04-03T01:23:00.379+0600][22.251s][info][gc,heap     ] GC(9)      Free:     2260M (58%)        2250M (57%)        3620M (92%)        3660M (93%)        3660M (93%)        2248M (57%)    
[2026-04-03T01:23:00.379+0600][22.251s][info][gc,heap     ] GC(9)      Used:     1662M (42%)        1672M (43%)         302M (8%)          262M (7%)         1674M (43%)         262M (7%)     
[2026-04-03T01:23:00.379+0600][22.251s][info][gc,heap     ] GC(9)      Live:         -               207M (5%)          207M (5%)          207M (5%)             -                  -          
[2026-04-03T01:23:00.379+0600][22.251s][info][gc,heap     ] GC(9) Allocated:         -                10M (0%)           20M (1%)           19M (1%)             -                  -          
[2026-04-03T01:23:00.379+0600][22.251s][info][gc,heap     ] GC(9)   Garbage:         -              1454M (37%)          74M (2%)           34M (1%)             -                  -          
[2026-04-03T01:23:00.379+0600][22.251s][info][gc,heap     ] GC(9) Reclaimed:         -                  -              1380M (35%)        1419M (36%)            -                  -          
[2026-04-03T01:23:00.379+0600][22.251s][info][gc          ] GC(9) Garbage Collection (System.gc()) 1662M(42%)->262M(7%)
[2026-04-03T01:23:01.752+0600][23.624s][info][gc,heap,exit] Heap
[2026-04-03T01:23:01.752+0600][23.624s][info][gc,heap,exit]  ZHeap           used 1708M, capacity 1724M, max capacity 3922M
[2026-04-03T01:23:01.752+0600][23.624s][info][gc,heap,exit]  Metaspace       used 67705K, committed 68608K, reserved 1114112K
[2026-04-03T01:23:01.752+0600][23.624s][info][gc,heap,exit]   class space    used 8707K, committed 9088K, reserved 1048576K
