[2026-04-03T03:34:22.579+0600][0.004s][info][gc,init] CardTable entry size: 512
[2026-04-03T03:34:22.579+0600][0.004s][info][gc     ] Using G1
[2026-04-03T03:34:22.582+0600][0.008s][info][gc,init] Version: 21.0.10+7-Ubuntu-124.04 (release)
[2026-04-03T03:34:22.582+0600][0.008s][info][gc,init] CPUs: 12 total, 12 available
[2026-04-03T03:34:22.582+0600][0.008s][info][gc,init] Memory: 15683M
[2026-04-03T03:34:22.582+0600][0.008s][info][gc,init] Large Page Support: Disabled
[2026-04-03T03:34:22.582+0600][0.008s][info][gc,init] NUMA Support: Disabled
[2026-04-03T03:34:22.582+0600][0.008s][info][gc,init] Compressed Oops: Enabled (32-bit)
[2026-04-03T03:34:22.582+0600][0.008s][info][gc,init] Heap Region Size: 1M
[2026-04-03T03:34:22.582+0600][0.008s][info][gc,init] Heap Min Capacity: 8M
[2026-04-03T03:34:22.582+0600][0.008s][info][gc,init] Heap Initial Capacity: 246M
[2026-04-03T03:34:22.582+0600][0.008s][info][gc,init] Heap Max Capacity: 1750M
[2026-04-03T03:34:22.582+0600][0.008s][info][gc,init] Pre-touch: Disabled
[2026-04-03T03:34:22.582+0600][0.008s][info][gc,init] Parallel Workers: 10
[2026-04-03T03:34:22.582+0600][0.008s][info][gc,init] Concurrent Workers: 3
[2026-04-03T03:34:22.582+0600][0.008s][info][gc,init] Concurrent Refinement Workers: 10
[2026-04-03T03:34:22.582+0600][0.008s][info][gc,init] Periodic GC: Disabled
[2026-04-03T03:34:22.593+0600][0.018s][info][gc,metaspace] CDS archive(s) mapped at: [0x00007e8feb000000-0x00007e8febc9c000-0x00007e8febc9c000), size 13221888, SharedBaseAddress: 0x00007e8feb000000, ArchiveRelocationMode: 1.
[2026-04-03T03:34:22.593+0600][0.018s][info][gc,metaspace] Compressed class space mapped at: 0x00007e8fec000000-0x00007e902c000000, reserved size: 1073741824
[2026-04-03T03:34:22.593+0600][0.018s][info][gc,metaspace] Narrow klass base: 0x00007e8feb000000, Narrow klass shift: 0, Narrow klass range: 0x100000000
[2026-04-03T03:34:22.942+0600][0.368s][info][gc,start    ] GC(0) Pause Young (Normal) (G1 Evacuation Pause)
[2026-04-03T03:34:22.943+0600][0.369s][info][gc,task     ] GC(0) Using 5 workers of 10 for evacuation
[2026-04-03T03:34:22.946+0600][0.372s][info][gc,phases   ] GC(0)   Pre Evacuate Collection Set: 0.14ms
[2026-04-03T03:34:22.946+0600][0.372s][info][gc,phases   ] GC(0)   Merge Heap Roots: 0.21ms
[2026-04-03T03:34:22.946+0600][0.372s][info][gc,phases   ] GC(0)   Evacuate Collection Set: 2.00ms
[2026-04-03T03:34:22.946+0600][0.372s][info][gc,phases   ] GC(0)   Post Evacuate Collection Set: 0.41ms
[2026-04-03T03:34:22.946+0600][0.372s][info][gc,phases   ] GC(0)   Other: 0.99ms
[2026-04-03T03:34:22.946+0600][0.372s][info][gc,heap     ] GC(0) Eden regions: 23->0(46)
[2026-04-03T03:34:22.946+0600][0.372s][info][gc,heap     ] GC(0) Survivor regions: 0->3(3)
[2026-04-03T03:34:22.946+0600][0.372s][info][gc,heap     ] GC(0) Old regions: 2->2
[2026-04-03T03:34:22.946+0600][0.372s][info][gc,heap     ] GC(0) Humongous regions: 0->0
[2026-04-03T03:34:22.946+0600][0.372s][info][gc,metaspace] GC(0) Metaspace: 2597K(2752K)->2597K(2752K) NonClass: 2363K(2432K)->2363K(2432K) Class: 233K(320K)->233K(320K)
[2026-04-03T03:34:22.946+0600][0.372s][info][gc          ] GC(0) Pause Young (Normal) (G1 Evacuation Pause) 24M->3M(248M) 4.068ms
[2026-04-03T03:34:22.947+0600][0.372s][info][gc,cpu      ] GC(0) User=0.01s Sys=0.01s Real=0.00s
[2026-04-03T03:34:23.085+0600][0.510s][info][gc,start    ] GC(1) Pause Young (Normal) (G1 Evacuation Pause)
[2026-04-03T03:34:23.085+0600][0.510s][info][gc,task     ] GC(1) Using 5 workers of 10 for evacuation
[2026-04-03T03:34:23.087+0600][0.513s][info][gc,phases   ] GC(1)   Pre Evacuate Collection Set: 0.18ms
[2026-04-03T03:34:23.087+0600][0.513s][info][gc,phases   ] GC(1)   Merge Heap Roots: 0.15ms
[2026-04-03T03:34:23.087+0600][0.513s][info][gc,phases   ] GC(1)   Evacuate Collection Set: 1.52ms
[2026-04-03T03:34:23.087+0600][0.513s][info][gc,phases   ] GC(1)   Post Evacuate Collection Set: 0.54ms
[2026-04-03T03:34:23.087+0600][0.513s][info][gc,phases   ] GC(1)   Other: 0.08ms
[2026-04-03T03:34:23.087+0600][0.513s][info][gc,heap     ] GC(1) Eden regions: 46->0(144)
[2026-04-03T03:34:23.087+0600][0.513s][info][gc,heap     ] GC(1) Survivor regions: 3->3(7)
[2026-04-03T03:34:23.087+0600][0.513s][info][gc,heap     ] GC(1) Old regions: 2->2
[2026-04-03T03:34:23.087+0600][0.513s][info][gc,heap     ] GC(1) Humongous regions: 0->0
[2026-04-03T03:34:23.087+0600][0.513s][info][gc,metaspace] GC(1) Metaspace: 3948K(4096K)->3948K(4096K) NonClass: 3500K(3584K)->3500K(3584K) Class: 448K(512K)->448K(512K)
[2026-04-03T03:34:23.087+0600][0.513s][info][gc          ] GC(1) Pause Young (Normal) (G1 Evacuation Pause) 49M->3M(248M) 2.722ms
[2026-04-03T03:34:23.087+0600][0.513s][info][gc,cpu      ] GC(1) User=0.00s Sys=0.01s Real=0.00s
[2026-04-03T03:34:23.618+0600][1.044s][info][gc,start    ] GC(2) Pause Young (Normal) (G1 Evacuation Pause)
[2026-04-03T03:34:23.619+0600][1.044s][info][gc,task     ] GC(2) Using 5 workers of 10 for evacuation
[2026-04-03T03:34:23.622+0600][1.047s][info][gc,phases   ] GC(2)   Pre Evacuate Collection Set: 0.22ms
[2026-04-03T03:34:23.622+0600][1.047s][info][gc,phases   ] GC(2)   Merge Heap Roots: 0.13ms
[2026-04-03T03:34:23.622+0600][1.047s][info][gc,phases   ] GC(2)   Evacuate Collection Set: 2.30ms
[2026-04-03T03:34:23.622+0600][1.047s][info][gc,phases   ] GC(2)   Post Evacuate Collection Set: 0.48ms
[2026-04-03T03:34:23.622+0600][1.047s][info][gc,phases   ] GC(2)   Other: 0.10ms
[2026-04-03T03:34:23.622+0600][1.047s][info][gc,heap     ] GC(2) Eden regions: 144->0(143)
[2026-04-03T03:34:23.622+0600][1.047s][info][gc,heap     ] GC(2) Survivor regions: 3->4(19)
[2026-04-03T03:34:23.622+0600][1.047s][info][gc,heap     ] GC(2) Old regions: 2->2
[2026-04-03T03:34:23.622+0600][1.047s][info][gc,heap     ] GC(2) Humongous regions: 0->0
[2026-04-03T03:34:23.622+0600][1.047s][info][gc,metaspace] GC(2) Metaspace: 10114K(10368K)->10114K(10368K) NonClass: 8854K(9024K)->8854K(9024K) Class: 1259K(1344K)->1259K(1344K)
[2026-04-03T03:34:23.622+0600][1.047s][info][gc          ] GC(2) Pause Young (Normal) (G1 Evacuation Pause) 147M->4M(248M) 3.469ms
[2026-04-03T03:34:23.622+0600][1.047s][info][gc,cpu      ] GC(2) User=0.00s Sys=0.00s Real=0.01s
[2026-04-03T03:34:26.310+0600][3.735s][info][gc,start    ] GC(3) Pause Young (Normal) (G1 Evacuation Pause)
[2026-04-03T03:34:26.310+0600][3.735s][info][gc,task     ] GC(3) Using 5 workers of 10 for evacuation
[2026-04-03T03:34:26.318+0600][3.743s][info][gc,phases   ] GC(3)   Pre Evacuate Collection Set: 0.18ms
[2026-04-03T03:34:26.318+0600][3.743s][info][gc,phases   ] GC(3)   Merge Heap Roots: 0.08ms
[2026-04-03T03:34:26.318+0600][3.743s][info][gc,phases   ] GC(3)   Evacuate Collection Set: 6.02ms
[2026-04-03T03:34:26.318+0600][3.743s][info][gc,phases   ] GC(3)   Post Evacuate Collection Set: 1.41ms
[2026-04-03T03:34:26.318+0600][3.743s][info][gc,phases   ] GC(3)   Other: 0.08ms
[2026-04-03T03:34:26.318+0600][3.743s][info][gc,heap     ] GC(3) Eden regions: 143->0(134)
[2026-04-03T03:34:26.318+0600][3.743s][info][gc,heap     ] GC(3) Survivor regions: 4->13(19)
[2026-04-03T03:34:26.318+0600][3.743s][info][gc,heap     ] GC(3) Old regions: 2->2
[2026-04-03T03:34:26.318+0600][3.743s][info][gc,heap     ] GC(3) Humongous regions: 7->7
[2026-04-03T03:34:26.318+0600][3.743s][info][gc,metaspace] GC(3) Metaspace: 19336K(19584K)->19336K(19584K) NonClass: 16892K(17024K)->16892K(17024K) Class: 2443K(2560K)->2443K(2560K)
[2026-04-03T03:34:26.318+0600][3.743s][info][gc          ] GC(3) Pause Young (Normal) (G1 Evacuation Pause) 154M->21M(248M) 8.026ms
[2026-04-03T03:34:26.318+0600][3.743s][info][gc,cpu      ] GC(3) User=0.03s Sys=0.01s Real=0.00s
[2026-04-03T03:34:26.429+0600][3.855s][info][gc,start    ] GC(4) Pause Young (Concurrent Start) (Metadata GC Threshold)
[2026-04-03T03:34:26.429+0600][3.855s][info][gc,task     ] GC(4) Using 5 workers of 10 for evacuation
[2026-04-03T03:34:26.435+0600][3.860s][info][gc,phases   ] GC(4)   Pre Evacuate Collection Set: 0.35ms
[2026-04-03T03:34:26.435+0600][3.860s][info][gc,phases   ] GC(4)   Merge Heap Roots: 0.06ms
[2026-04-03T03:34:26.435+0600][3.860s][info][gc,phases   ] GC(4)   Evacuate Collection Set: 4.44ms
[2026-04-03T03:34:26.435+0600][3.860s][info][gc,phases   ] GC(4)   Post Evacuate Collection Set: 0.54ms
[2026-04-03T03:34:26.435+0600][3.860s][info][gc,phases   ] GC(4)   Other: 0.19ms
[2026-04-03T03:34:26.435+0600][3.860s][info][gc,heap     ] GC(4) Eden regions: 3->0(136)
[2026-04-03T03:34:26.435+0600][3.860s][info][gc,heap     ] GC(4) Survivor regions: 13->11(19)
[2026-04-03T03:34:26.435+0600][3.860s][info][gc,heap     ] GC(4) Old regions: 2->5
[2026-04-03T03:34:26.435+0600][3.860s][info][gc,heap     ] GC(4) Humongous regions: 7->7
[2026-04-03T03:34:26.435+0600][3.860s][info][gc,metaspace] GC(4) Metaspace: 21283K(21504K)->21283K(21504K) NonClass: 18644K(18752K)->18644K(18752K) Class: 2639K(2752K)->2639K(2752K)
[2026-04-03T03:34:26.435+0600][3.860s][info][gc          ] GC(4) Pause Young (Concurrent Start) (Metadata GC Threshold) 24M->21M(248M) 5.821ms
[2026-04-03T03:34:26.435+0600][3.860s][info][gc,cpu      ] GC(4) User=0.02s Sys=0.00s Real=0.01s
[2026-04-03T03:34:26.435+0600][3.860s][info][gc          ] GC(5) Concurrent Mark Cycle
[2026-04-03T03:34:26.435+0600][3.860s][info][gc,marking  ] GC(5) Concurrent Scan Root Regions
[2026-04-03T03:34:26.438+0600][3.863s][info][gc,marking  ] GC(5) Concurrent Scan Root Regions 2.665ms
[2026-04-03T03:34:26.438+0600][3.863s][info][gc,marking  ] GC(5) Concurrent Mark
[2026-04-03T03:34:26.438+0600][3.863s][info][gc,marking  ] GC(5) Concurrent Mark From Roots
[2026-04-03T03:34:26.438+0600][3.863s][info][gc,task     ] GC(5) Using 3 workers of 3 for marking
[2026-04-03T03:34:26.440+0600][3.866s][info][gc,marking  ] GC(5) Concurrent Mark From Roots 2.600ms
[2026-04-03T03:34:26.441+0600][3.866s][info][gc,marking  ] GC(5) Concurrent Preclean
[2026-04-03T03:34:26.441+0600][3.866s][info][gc,marking  ] GC(5) Concurrent Preclean 0.014ms
[2026-04-03T03:34:26.441+0600][3.866s][info][gc,start    ] GC(5) Pause Remark
[2026-04-03T03:34:26.443+0600][3.869s][info][gc          ] GC(5) Pause Remark 22M->22M(77M) 2.786ms
[2026-04-03T03:34:26.444+0600][3.869s][info][gc,cpu      ] GC(5) User=0.00s Sys=0.00s Real=0.00s
[2026-04-03T03:34:26.444+0600][3.869s][info][gc,marking  ] GC(5) Concurrent Mark 5.687ms
[2026-04-03T03:34:26.444+0600][3.869s][info][gc,marking  ] GC(5) Concurrent Rebuild Remembered Sets and Scrub Regions
[2026-04-03T03:34:26.445+0600][3.871s][info][gc,marking  ] GC(5) Concurrent Rebuild Remembered Sets and Scrub Regions 1.691ms
[2026-04-03T03:34:26.457+0600][3.882s][info][gc,start    ] GC(5) Pause Cleanup
[2026-04-03T03:34:26.457+0600][3.883s][info][gc          ] GC(5) Pause Cleanup 22M->22M(77M) 0.164ms
[2026-04-03T03:34:26.457+0600][3.883s][info][gc,cpu      ] GC(5) User=0.00s Sys=0.00s Real=0.00s
[2026-04-03T03:34:26.457+0600][3.883s][info][gc,marking  ] GC(5) Concurrent Clear Claimed Marks
[2026-04-03T03:34:26.457+0600][3.883s][info][gc,marking  ] GC(5) Concurrent Clear Claimed Marks 0.047ms
[2026-04-03T03:34:26.457+0600][3.883s][info][gc,marking  ] GC(5) Concurrent Cleanup for Next Mark
[2026-04-03T03:34:26.458+0600][3.883s][info][gc,marking  ] GC(5) Concurrent Cleanup for Next Mark 0.738ms
[2026-04-03T03:34:26.458+0600][3.883s][info][gc          ] GC(5) Concurrent Mark Cycle 23.033ms
[2026-04-03T03:34:27.234+0600][4.660s][info][gc,start    ] GC(6) Pause Young (Prepare Mixed) (G1 Evacuation Pause)
[2026-04-03T03:34:27.234+0600][4.660s][info][gc,task     ] GC(6) Using 3 workers of 10 for evacuation
[2026-04-03T03:34:27.245+0600][4.670s][info][gc,phases   ] GC(6)   Pre Evacuate Collection Set: 0.35ms
[2026-04-03T03:34:27.245+0600][4.670s][info][gc,phases   ] GC(6)   Merge Heap Roots: 0.17ms
[2026-04-03T03:34:27.245+0600][4.670s][info][gc,phases   ] GC(6)   Evacuate Collection Set: 8.83ms
[2026-04-03T03:34:27.245+0600][4.670s][info][gc,phases   ] GC(6)   Post Evacuate Collection Set: 1.19ms
[2026-04-03T03:34:27.245+0600][4.670s][info][gc,phases   ] GC(6)   Other: 0.08ms
[2026-04-03T03:34:27.245+0600][4.670s][info][gc,heap     ] GC(6) Eden regions: 52->0(51)
[2026-04-03T03:34:27.245+0600][4.670s][info][gc,heap     ] GC(6) Survivor regions: 11->3(19)
[2026-04-03T03:34:27.245+0600][4.670s][info][gc,heap     ] GC(6) Old regions: 5->16
[2026-04-03T03:34:27.245+0600][4.670s][info][gc,heap     ] GC(6) Humongous regions: 9->7
[2026-04-03T03:34:27.245+0600][4.671s][info][gc,metaspace] GC(6) Metaspace: 28234K(28672K)->28234K(28672K) NonClass: 24730K(24960K)->24730K(24960K) Class: 3504K(3712K)->3504K(3712K)
[2026-04-03T03:34:27.245+0600][4.671s][info][gc          ] GC(6) Pause Young (Prepare Mixed) (G1 Evacuation Pause) 75M->23M(91M) 10.889ms
[2026-04-03T03:34:27.245+0600][4.671s][info][gc,cpu      ] GC(6) User=0.02s Sys=0.02s Real=0.01s
[2026-04-03T03:34:29.161+0600][6.586s][info][gc,start    ] GC(7) Pause Young (Mixed) (G1 Evacuation Pause)
[2026-04-03T03:34:29.161+0600][6.586s][info][gc,task     ] GC(7) Using 2 workers of 10 for evacuation
[2026-04-03T03:34:29.170+0600][6.595s][info][gc,phases   ] GC(7)   Pre Evacuate Collection Set: 0.34ms
[2026-04-03T03:34:29.170+0600][6.595s][info][gc,phases   ] GC(7)   Merge Heap Roots: 0.13ms
[2026-04-03T03:34:29.170+0600][6.595s][info][gc,phases   ] GC(7)   Evacuate Collection Set: 7.54ms
[2026-04-03T03:34:29.170+0600][6.595s][info][gc,phases   ] GC(7)   Post Evacuate Collection Set: 0.72ms
[2026-04-03T03:34:29.170+0600][6.595s][info][gc,phases   ] GC(7)   Other: 0.08ms
[2026-04-03T03:34:29.170+0600][6.595s][info][gc,heap     ] GC(7) Eden regions: 47->0(53)
[2026-04-03T03:34:29.170+0600][6.595s][info][gc,heap     ] GC(7) Survivor regions: 3->4(7)
[2026-04-03T03:34:29.170+0600][6.595s][info][gc,heap     ] GC(7) Old regions: 16->15
[2026-04-03T03:34:29.170+0600][6.595s][info][gc,heap     ] GC(7) Humongous regions: 25->7
[2026-04-03T03:34:29.170+0600][6.595s][info][gc,metaspace] GC(7) Metaspace: 34773K(35136K)->34773K(35136K) NonClass: 30449K(30656K)->30449K(30656K) Class: 4323K(4480K)->4323K(4480K)
[2026-04-03T03:34:29.170+0600][6.595s][info][gc          ] GC(7) Pause Young (Mixed) (G1 Evacuation Pause) 88M->25M(95M) 9.071ms
[2026-04-03T03:34:29.170+0600][6.595s][info][gc,cpu      ] GC(7) User=0.02s Sys=0.00s Real=0.01s
[2026-04-03T03:34:29.236+0600][6.662s][info][gc,start    ] GC(8) Pause Young (Concurrent Start) (Metadata GC Threshold)
[2026-04-03T03:34:29.237+0600][6.662s][info][gc,task     ] GC(8) Using 2 workers of 10 for evacuation
[2026-04-03T03:34:29.244+0600][6.669s][info][gc,phases   ] GC(8)   Pre Evacuate Collection Set: 0.34ms
[2026-04-03T03:34:29.244+0600][6.669s][info][gc,phases   ] GC(8)   Merge Heap Roots: 0.14ms
[2026-04-03T03:34:29.244+0600][6.669s][info][gc,phases   ] GC(8)   Evacuate Collection Set: 6.17ms
[2026-04-03T03:34:29.244+0600][6.669s][info][gc,phases   ] GC(8)   Post Evacuate Collection Set: 0.46ms
[2026-04-03T03:34:29.244+0600][6.669s][info][gc,phases   ] GC(8)   Other: 0.11ms
[2026-04-03T03:34:29.244+0600][6.669s][info][gc,heap     ] GC(8) Eden regions: 11->0(52)
[2026-04-03T03:34:29.244+0600][6.669s][info][gc,heap     ] GC(8) Survivor regions: 4->5(8)
[2026-04-03T03:34:29.244+0600][6.669s][info][gc,heap     ] GC(8) Old regions: 15->15
[2026-04-03T03:34:29.244+0600][6.669s][info][gc,heap     ] GC(8) Humongous regions: 7->7
[2026-04-03T03:34:29.244+0600][6.669s][info][gc,metaspace] GC(8) Metaspace: 35704K(36096K)->35704K(36096K) NonClass: 31265K(31488K)->31265K(31488K) Class: 4438K(4608K)->4438K(4608K)
[2026-04-03T03:34:29.244+0600][6.669s][info][gc          ] GC(8) Pause Young (Concurrent Start) (Metadata GC Threshold) 36M->26M(95M) 7.424ms
[2026-04-03T03:34:29.244+0600][6.669s][info][gc,cpu      ] GC(8) User=0.02s Sys=0.00s Real=0.01s
[2026-04-03T03:34:29.244+0600][6.669s][info][gc          ] GC(9) Concurrent Mark Cycle
[2026-04-03T03:34:29.244+0600][6.669s][info][gc,marking  ] GC(9) Concurrent Scan Root Regions
[2026-04-03T03:34:29.246+0600][6.672s][info][gc,marking  ] GC(9) Concurrent Scan Root Regions 2.310ms
[2026-04-03T03:34:29.246+0600][6.672s][info][gc,marking  ] GC(9) Concurrent Mark
[2026-04-03T03:34:29.246+0600][6.672s][info][gc,marking  ] GC(9) Concurrent Mark From Roots
[2026-04-03T03:34:29.246+0600][6.672s][info][gc,task     ] GC(9) Using 3 workers of 3 for marking
[2026-04-03T03:34:29.252+0600][6.678s][info][gc,marking  ] GC(9) Concurrent Mark From Roots 6.006ms
[2026-04-03T03:34:29.252+0600][6.678s][info][gc,marking  ] GC(9) Concurrent Preclean
[2026-04-03T03:34:29.253+0600][6.678s][info][gc,marking  ] GC(9) Concurrent Preclean 0.067ms
[2026-04-03T03:34:29.253+0600][6.678s][info][gc,start    ] GC(9) Pause Remark
[2026-04-03T03:34:29.259+0600][6.684s][info][gc          ] GC(9) Pause Remark 26M->26M(90M) 5.495ms
[2026-04-03T03:34:29.259+0600][6.684s][info][gc,cpu      ] GC(9) User=0.01s Sys=0.00s Real=0.00s
[2026-04-03T03:34:29.259+0600][6.684s][info][gc,marking  ] GC(9) Concurrent Mark 12.442ms
[2026-04-03T03:34:29.259+0600][6.684s][info][gc,marking  ] GC(9) Concurrent Rebuild Remembered Sets and Scrub Regions
[2026-04-03T03:34:29.261+0600][6.687s][info][gc,marking  ] GC(9) Concurrent Rebuild Remembered Sets and Scrub Regions 2.519ms
[2026-04-03T03:34:29.262+0600][6.687s][info][gc,start    ] GC(9) Pause Cleanup
[2026-04-03T03:34:29.262+0600][6.687s][info][gc          ] GC(9) Pause Cleanup 26M->26M(90M) 0.321ms
[2026-04-03T03:34:29.262+0600][6.687s][info][gc,cpu      ] GC(9) User=0.00s Sys=0.00s Real=0.00s
[2026-04-03T03:34:29.262+0600][6.687s][info][gc,marking  ] GC(9) Concurrent Clear Claimed Marks
[2026-04-03T03:34:29.262+0600][6.687s][info][gc,marking  ] GC(9) Concurrent Clear Claimed Marks 0.090ms
[2026-04-03T03:34:29.262+0600][6.688s][info][gc,marking  ] GC(9) Concurrent Cleanup for Next Mark
[2026-04-03T03:34:29.263+0600][6.688s][info][gc,marking  ] GC(9) Concurrent Cleanup for Next Mark 0.374ms
[2026-04-03T03:34:29.263+0600][6.688s][info][gc          ] GC(9) Concurrent Mark Cycle 18.720ms
[2026-04-03T03:34:30.782+0600][8.207s][info][gc,start    ] GC(10) Pause Young (Prepare Mixed) (G1 Evacuation Pause)
[2026-04-03T03:34:30.782+0600][8.207s][info][gc,task     ] GC(10) Using 2 workers of 10 for evacuation
[2026-04-03T03:34:30.794+0600][8.219s][info][gc,phases   ] GC(10)   Pre Evacuate Collection Set: 0.24ms
[2026-04-03T03:34:30.794+0600][8.219s][info][gc,phases   ] GC(10)   Merge Heap Roots: 0.24ms
[2026-04-03T03:34:30.794+0600][8.219s][info][gc,phases   ] GC(10)   Evacuate Collection Set: 10.35ms
[2026-04-03T03:34:30.794+0600][8.219s][info][gc,phases   ] GC(10)   Post Evacuate Collection Set: 0.76ms
[2026-04-03T03:34:30.794+0600][8.219s][info][gc,phases   ] GC(10)   Other: 0.08ms
[2026-04-03T03:34:30.794+0600][8.219s][info][gc,heap     ] GC(10) Eden regions: 50->0(51)
[2026-04-03T03:34:30.794+0600][8.219s][info][gc,heap     ] GC(10) Survivor regions: 5->6(8)
[2026-04-03T03:34:30.794+0600][8.219s][info][gc,heap     ] GC(10) Old regions: 15->15
[2026-04-03T03:34:30.794+0600][8.219s][info][gc,heap     ] GC(10) Humongous regions: 20->8
[2026-04-03T03:34:30.794+0600][8.219s][info][gc,metaspace] GC(10) Metaspace: 42541K(43008K)->42541K(43008K) NonClass: 37265K(37568K)->37265K(37568K) Class: 5275K(5440K)->5275K(5440K)
[2026-04-03T03:34:30.794+0600][8.219s][info][gc          ] GC(10) Pause Young (Prepare Mixed) (G1 Evacuation Pause) 89M->28M(96M) 11.890ms
[2026-04-03T03:34:30.794+0600][8.219s][info][gc,cpu      ] GC(10) User=0.02s Sys=0.01s Real=0.01s
[2026-04-03T03:34:31.274+0600][8.699s][info][gc,start    ] GC(11) Pause Young (Mixed) (G1 Evacuation Pause)
[2026-04-03T03:34:31.274+0600][8.700s][info][gc,task     ] GC(11) Using 2 workers of 10 for evacuation
[2026-04-03T03:34:31.284+0600][8.710s][info][gc,phases   ] GC(11)   Pre Evacuate Collection Set: 0.27ms
[2026-04-03T03:34:31.284+0600][8.710s][info][gc,phases   ] GC(11)   Merge Heap Roots: 0.09ms
[2026-04-03T03:34:31.284+0600][8.710s][info][gc,phases   ] GC(11)   Evacuate Collection Set: 8.90ms
[2026-04-03T03:34:31.284+0600][8.710s][info][gc,phases   ] GC(11)   Post Evacuate Collection Set: 0.69ms
[2026-04-03T03:34:31.284+0600][8.710s][info][gc,phases   ] GC(11)   Other: 0.06ms
[2026-04-03T03:34:31.284+0600][8.710s][info][gc,heap     ] GC(11) Eden regions: 51->0(50)
[2026-04-03T03:34:31.284+0600][8.710s][info][gc,heap     ] GC(11) Survivor regions: 6->7(8)
[2026-04-03T03:34:31.284+0600][8.710s][info][gc,heap     ] GC(11) Old regions: 15->16
[2026-04-03T03:34:31.284+0600][8.710s][info][gc,heap     ] GC(11) Humongous regions: 8->8
[2026-04-03T03:34:31.284+0600][8.710s][info][gc,metaspace] GC(11) Metaspace: 49328K(49856K)->49328K(49856K) NonClass: 43212K(43520K)->43212K(43520K) Class: 6115K(6336K)->6115K(6336K)
[2026-04-03T03:34:31.284+0600][8.710s][info][gc          ] GC(11) Pause Young (Mixed) (G1 Evacuation Pause) 79M->30M(96M) 10.237ms
[2026-04-03T03:34:31.284+0600][8.710s][info][gc,cpu      ] GC(11) User=0.02s Sys=0.00s Real=0.01s
[2026-04-03T03:34:31.418+0600][8.844s][info][gc,start    ] GC(12) Pause Young (Normal) (G1 Evacuation Pause)
[2026-04-03T03:34:31.418+0600][8.844s][info][gc,task     ] GC(12) Using 2 workers of 10 for evacuation
[2026-04-03T03:34:31.697+0600][9.123s][info][gc,mmu      ] GC(12) MMU target violated: 201.0ms (200.0ms/201.0ms)
[2026-04-03T03:34:31.697+0600][9.123s][info][gc,phases   ] GC(12)   Pre Evacuate Collection Set: 0.47ms
[2026-04-03T03:34:31.697+0600][9.123s][info][gc,phases   ] GC(12)   Merge Heap Roots: 0.21ms
[2026-04-03T03:34:31.697+0600][9.123s][info][gc,phases   ] GC(12)   Evacuate Collection Set: 277.25ms
[2026-04-03T03:34:31.697+0600][9.123s][info][gc,phases   ] GC(12)   Post Evacuate Collection Set: 0.93ms
[2026-04-03T03:34:31.697+0600][9.123s][info][gc,phases   ] GC(12)   Other: 0.16ms
[2026-04-03T03:34:31.697+0600][9.123s][info][gc,heap     ] GC(12) Eden regions: 50->0(25)
[2026-04-03T03:34:31.697+0600][9.123s][info][gc,heap     ] GC(12) Survivor regions: 7->8(8)
[2026-04-03T03:34:31.697+0600][9.123s][info][gc,heap     ] GC(12) Old regions: 16->61
[2026-04-03T03:34:31.697+0600][9.123s][info][gc,heap     ] GC(12) Humongous regions: 8->8
[2026-04-03T03:34:31.697+0600][9.123s][info][gc,metaspace] GC(12) Metaspace: 49455K(49920K)->49455K(49920K) NonClass: 43322K(43584K)->43322K(43584K) Class: 6132K(6336K)->6132K(6336K)
[2026-04-03T03:34:31.697+0600][9.123s][info][gc          ] GC(12) Pause Young (Normal) (G1 Evacuation Pause) 80M->76M(134M) 279.200ms
[2026-04-03T03:34:31.697+0600][9.123s][info][gc,cpu      ] GC(12) User=0.52s Sys=0.03s Real=0.28s
[2026-04-03T03:34:31.747+0600][9.172s][info][gc,start    ] GC(13) Pause Young (Concurrent Start) (G1 Evacuation Pause)
[2026-04-03T03:34:31.747+0600][9.172s][info][gc,task     ] GC(13) Using 3 workers of 10 for evacuation
[2026-04-03T03:34:31.896+0600][9.322s][info][gc,phases   ] GC(13)   Pre Evacuate Collection Set: 0.54ms
[2026-04-03T03:34:31.896+0600][9.322s][info][gc,phases   ] GC(13)   Merge Heap Roots: 0.18ms
[2026-04-03T03:34:31.896+0600][9.322s][info][gc,phases   ] GC(13)   Evacuate Collection Set: 147.06ms
[2026-04-03T03:34:31.896+0600][9.322s][info][gc,phases   ] GC(13)   Post Evacuate Collection Set: 1.56ms
[2026-04-03T03:34:31.896+0600][9.322s][info][gc,phases   ] GC(13)   Other: 0.15ms
[2026-04-03T03:34:31.896+0600][9.322s][info][gc,heap     ] GC(13) Eden regions: 25->0(68)
[2026-04-03T03:34:31.896+0600][9.322s][info][gc,heap     ] GC(13) Survivor regions: 8->5(5)
[2026-04-03T03:34:31.896+0600][9.322s][info][gc,heap     ] GC(13) Old regions: 61->89
[2026-04-03T03:34:31.896+0600][9.322s][info][gc,heap     ] GC(13) Humongous regions: 8->8
[2026-04-03T03:34:31.896+0600][9.322s][info][gc,metaspace] GC(13) Metaspace: 49455K(49920K)->49455K(49920K) NonClass: 43322K(43584K)->43322K(43584K) Class: 6132K(6336K)->6132K(6336K)
[2026-04-03T03:34:31.896+0600][9.322s][info][gc          ] GC(13) Pause Young (Concurrent Start) (G1 Evacuation Pause) 101M->101M(331M) 149.699ms
[2026-04-03T03:34:31.897+0600][9.322s][info][gc,cpu      ] GC(13) User=0.41s Sys=0.01s Real=0.15s
[2026-04-03T03:34:31.897+0600][9.322s][info][gc          ] GC(14) Concurrent Mark Cycle
[2026-04-03T03:34:31.897+0600][9.322s][info][gc,marking  ] GC(14) Concurrent Scan Root Regions
[2026-04-03T03:34:31.904+0600][9.330s][info][gc,marking  ] GC(14) Concurrent Scan Root Regions 7.417ms
[2026-04-03T03:34:31.904+0600][9.330s][info][gc,marking  ] GC(14) Concurrent Mark
[2026-04-03T03:34:31.904+0600][9.330s][info][gc,marking  ] GC(14) Concurrent Mark From Roots
[2026-04-03T03:34:31.904+0600][9.330s][info][gc,task     ] GC(14) Using 3 workers of 3 for marking
[2026-04-03T03:34:32.093+0600][9.519s][info][gc,marking  ] GC(14) Concurrent Mark From Roots 188.829ms
[2026-04-03T03:34:32.093+0600][9.519s][info][gc,marking  ] GC(14) Concurrent Preclean
[2026-04-03T03:34:32.094+0600][9.519s][info][gc,marking  ] GC(14) Concurrent Preclean 0.161ms
[2026-04-03T03:34:32.094+0600][9.519s][info][gc,start    ] GC(14) Pause Remark
[2026-04-03T03:34:32.099+0600][9.524s][info][gc          ] GC(14) Pause Remark 155M->155M(331M) 4.708ms
[2026-04-03T03:34:32.099+0600][9.524s][info][gc,cpu      ] GC(14) User=0.01s Sys=0.00s Real=0.00s
[2026-04-03T03:34:32.099+0600][9.524s][info][gc,marking  ] GC(14) Concurrent Mark 194.714ms
[2026-04-03T03:34:32.099+0600][9.524s][info][gc,marking  ] GC(14) Concurrent Rebuild Remembered Sets and Scrub Regions
[2026-04-03T03:34:32.118+0600][9.544s][info][gc,marking  ] GC(14) Concurrent Rebuild Remembered Sets and Scrub Regions 19.181ms
[2026-04-03T03:34:32.118+0600][9.544s][info][gc,start    ] GC(14) Pause Cleanup
[2026-04-03T03:34:32.119+0600][9.544s][info][gc          ] GC(14) Pause Cleanup 160M->160M(331M) 0.179ms
[2026-04-03T03:34:32.119+0600][9.544s][info][gc,cpu      ] GC(14) User=0.00s Sys=0.00s Real=0.00s
[2026-04-03T03:34:32.119+0600][9.544s][info][gc,marking  ] GC(14) Concurrent Clear Claimed Marks
[2026-04-03T03:34:32.119+0600][9.544s][info][gc,marking  ] GC(14) Concurrent Clear Claimed Marks 0.078ms
[2026-04-03T03:34:32.119+0600][9.544s][info][gc,marking  ] GC(14) Concurrent Cleanup for Next Mark
[2026-04-03T03:34:32.120+0600][9.545s][info][gc,marking  ] GC(14) Concurrent Cleanup for Next Mark 1.200ms
[2026-04-03T03:34:32.120+0600][9.545s][info][gc          ] GC(14) Concurrent Mark Cycle 223.335ms
[2026-04-03T03:34:32.146+0600][9.571s][info][gc,start    ] GC(15) Pause Young (Prepare Mixed) (G1 Evacuation Pause)
[2026-04-03T03:34:32.146+0600][9.572s][info][gc,task     ] GC(15) Using 7 workers of 10 for evacuation
[2026-04-03T03:34:32.522+0600][9.947s][info][gc,mmu      ] GC(15) MMU target violated: 201.0ms (200.0ms/201.0ms)
[2026-04-03T03:34:32.522+0600][9.947s][info][gc,phases   ] GC(15)   Pre Evacuate Collection Set: 0.45ms
[2026-04-03T03:34:32.522+0600][9.947s][info][gc,phases   ] GC(15)   Merge Heap Roots: 0.27ms
[2026-04-03T03:34:32.522+0600][9.947s][info][gc,phases   ] GC(15)   Evacuate Collection Set: 374.58ms
[2026-04-03T03:34:32.522+0600][9.947s][info][gc,phases   ] GC(15)   Post Evacuate Collection Set: 0.38ms
[2026-04-03T03:34:32.522+0600][9.947s][info][gc,phases   ] GC(15)   Other: 0.17ms
[2026-04-03T03:34:32.522+0600][9.947s][info][gc,heap     ] GC(15) Eden regions: 68->0(54)
[2026-04-03T03:34:32.522+0600][9.947s][info][gc,heap     ] GC(15) Survivor regions: 5->10(10)
[2026-04-03T03:34:32.522+0600][9.947s][info][gc,heap     ] GC(15) Old regions: 89->153
[2026-04-03T03:34:32.522+0600][9.947s][info][gc,heap     ] GC(15) Humongous regions: 8->8
[2026-04-03T03:34:32.522+0600][9.947s][info][gc,metaspace] GC(15) Metaspace: 49455K(49920K)->49455K(49920K) NonClass: 43322K(43584K)->43322K(43584K) Class: 6132K(6336K)->6132K(6336K)
[2026-04-03T03:34:32.522+0600][9.947s][info][gc          ] GC(15) Pause Young (Prepare Mixed) (G1 Evacuation Pause) 169M->170M(331M) 375.995ms
[2026-04-03T03:34:32.522+0600][9.948s][info][gc,cpu      ] GC(15) User=1.01s Sys=0.09s Real=0.38s
[2026-04-03T03:34:32.636+0600][10.061s][info][gc,start    ] GC(16) Pause Young (Mixed) (G1 Evacuation Pause)
[2026-04-03T03:34:32.636+0600][10.061s][info][gc,task     ] GC(16) Using 7 workers of 10 for evacuation
[2026-04-03T03:34:32.958+0600][10.384s][info][gc,mmu      ] GC(16) MMU target violated: 201.0ms (200.0ms/201.0ms)
[2026-04-03T03:34:32.958+0600][10.384s][info][gc,phases   ] GC(16)   Pre Evacuate Collection Set: 0.37ms
[2026-04-03T03:34:32.958+0600][10.384s][info][gc,phases   ] GC(16)   Merge Heap Roots: 0.13ms
[2026-04-03T03:34:32.958+0600][10.384s][info][gc,phases   ] GC(16)   Evacuate Collection Set: 320.92ms
[2026-04-03T03:34:32.958+0600][10.384s][info][gc,phases   ] GC(16)   Post Evacuate Collection Set: 0.71ms
[2026-04-03T03:34:32.958+0600][10.384s][info][gc,phases   ] GC(16)   Other: 0.27ms
[2026-04-03T03:34:32.958+0600][10.384s][info][gc,heap     ] GC(16) Eden regions: 54->0(33)
[2026-04-03T03:34:32.958+0600][10.384s][info][gc,heap     ] GC(16) Survivor regions: 10->8(8)
[2026-04-03T03:34:32.958+0600][10.384s][info][gc,heap     ] GC(16) Old regions: 153->210
[2026-04-03T03:34:32.958+0600][10.384s][info][gc,heap     ] GC(16) Humongous regions: 8->8
[2026-04-03T03:34:32.959+0600][10.384s][info][gc,metaspace] GC(16) Metaspace: 49455K(49920K)->49455K(49920K) NonClass: 43322K(43584K)->43322K(43584K) Class: 6132K(6336K)->6132K(6336K)
[2026-04-03T03:34:32.959+0600][10.384s][info][gc          ] GC(16) Pause Young (Mixed) (G1 Evacuation Pause) 224M->225M(331M) 322.643ms
[2026-04-03T03:34:32.959+0600][10.384s][info][gc,cpu      ] GC(16) User=0.89s Sys=0.09s Real=0.32s
[2026-04-03T03:34:33.022+0600][10.448s][info][gc,start    ] GC(17) Pause Young (Concurrent Start) (G1 Evacuation Pause)
[2026-04-03T03:34:33.022+0600][10.448s][info][gc,task     ] GC(17) Using 7 workers of 10 for evacuation
[2026-04-03T03:34:33.244+0600][10.670s][info][gc,mmu      ] GC(17) MMU target violated: 201.0ms (200.0ms/201.0ms)
[2026-04-03T03:34:33.244+0600][10.670s][info][gc,phases   ] GC(17)   Pre Evacuate Collection Set: 0.38ms
[2026-04-03T03:34:33.245+0600][10.670s][info][gc,phases   ] GC(17)   Merge Heap Roots: 0.14ms
[2026-04-03T03:34:33.245+0600][10.670s][info][gc,phases   ] GC(17)   Evacuate Collection Set: 220.74ms
[2026-04-03T03:34:33.245+0600][10.670s][info][gc,phases   ] GC(17)   Post Evacuate Collection Set: 0.56ms
[2026-04-03T03:34:33.245+0600][10.670s][info][gc,phases   ] GC(17)   Other: 0.26ms
[2026-04-03T03:34:33.245+0600][10.670s][info][gc,heap     ] GC(17) Eden regions: 33->0(21)
[2026-04-03T03:34:33.245+0600][10.670s][info][gc,heap     ] GC(17) Survivor regions: 8->6(6)
[2026-04-03T03:34:33.245+0600][10.670s][info][gc,heap     ] GC(17) Old regions: 210->246
[2026-04-03T03:34:33.245+0600][10.670s][info][gc,heap     ] GC(17) Humongous regions: 8->8
[2026-04-03T03:34:33.245+0600][10.670s][info][gc,metaspace] GC(17) Metaspace: 49455K(49920K)->49455K(49920K) NonClass: 43322K(43584K)->43322K(43584K) Class: 6132K(6336K)->6132K(6336K)
[2026-04-03T03:34:33.245+0600][10.670s][info][gc          ] GC(17) Pause Young (Concurrent Start) (G1 Evacuation Pause) 258M->260M(331M) 222.293ms
[2026-04-03T03:34:33.245+0600][10.670s][info][gc          ] GC(18) Concurrent Mark Cycle
[2026-04-03T03:34:33.245+0600][10.670s][info][gc,marking  ] GC(18) Concurrent Scan Root Regions
[2026-04-03T03:34:33.245+0600][10.670s][info][gc,cpu      ] GC(17) User=0.80s Sys=0.06s Real=0.22s
[2026-04-03T03:34:33.253+0600][10.679s][info][gc,marking  ] GC(18) Concurrent Scan Root Regions 8.664ms
[2026-04-03T03:34:33.253+0600][10.679s][info][gc,marking  ] GC(18) Concurrent Mark
[2026-04-03T03:34:33.253+0600][10.679s][info][gc,marking  ] GC(18) Concurrent Mark From Roots
[2026-04-03T03:34:33.253+0600][10.679s][info][gc,task     ] GC(18) Using 3 workers of 3 for marking
[2026-04-03T03:34:33.304+0600][10.729s][info][gc,start    ] GC(19) Pause Young (Normal) (G1 Evacuation Pause)
[2026-04-03T03:34:33.304+0600][10.730s][info][gc,task     ] GC(19) Using 7 workers of 10 for evacuation
[2026-04-03T03:34:33.470+0600][10.895s][info][gc,phases   ] GC(19)   Pre Evacuate Collection Set: 0.42ms
[2026-04-03T03:34:33.470+0600][10.895s][info][gc,phases   ] GC(19)   Merge Heap Roots: 0.24ms
[2026-04-03T03:34:33.470+0600][10.895s][info][gc,phases   ] GC(19)   Evacuate Collection Set: 163.99ms
[2026-04-03T03:34:33.470+0600][10.895s][info][gc,phases   ] GC(19)   Post Evacuate Collection Set: 0.45ms
[2026-04-03T03:34:33.470+0600][10.895s][info][gc,phases   ] GC(19)   Other: 0.15ms
[2026-04-03T03:34:33.470+0600][10.895s][info][gc,heap     ] GC(19) Eden regions: 21->0(14)
[2026-04-03T03:34:33.470+0600][10.895s][info][gc,heap     ] GC(19) Survivor regions: 6->4(4)
[2026-04-03T03:34:33.470+0600][10.895s][info][gc,heap     ] GC(19) Old regions: 246->271
[2026-04-03T03:34:33.470+0600][10.895s][info][gc,heap     ] GC(19) Humongous regions: 8->8
[2026-04-03T03:34:33.470+0600][10.895s][info][gc,metaspace] GC(19) Metaspace: 49455K(49920K)->49455K(49920K) NonClass: 43322K(43584K)->43322K(43584K) Class: 6132K(6336K)->6132K(6336K)
[2026-04-03T03:34:33.470+0600][10.895s][info][gc          ] GC(19) Pause Young (Normal) (G1 Evacuation Pause) 281M->282M(331M) 165.660ms
[2026-04-03T03:34:33.470+0600][10.895s][info][gc,cpu      ] GC(19) User=0.74s Sys=0.02s Real=0.17s
[2026-04-03T03:34:33.509+0600][10.934s][info][gc,start    ] GC(20) Pause Young (Normal) (G1 Evacuation Pause)
[2026-04-03T03:34:33.509+0600][10.934s][info][gc,task     ] GC(20) Using 7 workers of 10 for evacuation
[2026-04-03T03:34:33.630+0600][11.055s][info][gc,phases   ] GC(20)   Pre Evacuate Collection Set: 0.39ms
[2026-04-03T03:34:33.630+0600][11.055s][info][gc,phases   ] GC(20)   Merge Heap Roots: 0.20ms
[2026-04-03T03:34:33.630+0600][11.055s][info][gc,phases   ] GC(20)   Evacuate Collection Set: 114.34ms
[2026-04-03T03:34:33.630+0600][11.055s][info][gc,phases   ] GC(20)   Post Evacuate Collection Set: 5.45ms
[2026-04-03T03:34:33.630+0600][11.055s][info][gc,phases   ] GC(20)   Other: 0.12ms
[2026-04-03T03:34:33.630+0600][11.055s][info][gc,heap     ] GC(20) Eden regions: 14->0(49)
[2026-04-03T03:34:33.630+0600][11.055s][info][gc,heap     ] GC(20) Survivor regions: 4->3(3)
[2026-04-03T03:34:33.630+0600][11.055s][info][gc,heap     ] GC(20) Old regions: 271->287
[2026-04-03T03:34:33.630+0600][11.055s][info][gc,heap     ] GC(20) Humongous regions: 8->8
[2026-04-03T03:34:33.630+0600][11.055s][info][gc,metaspace] GC(20) Metaspace: 49455K(49920K)->49455K(49920K) NonClass: 43322K(43584K)->43322K(43584K) Class: 6132K(6336K)->6132K(6336K)
[2026-04-03T03:34:33.630+0600][11.055s][info][gc          ] GC(20) Pause Young (Normal) (G1 Evacuation Pause) 296M->297M(899M) 120.774ms
[2026-04-03T03:34:33.630+0600][11.055s][info][gc,cpu      ] GC(20) User=0.48s Sys=0.02s Real=0.13s
[2026-04-03T03:34:33.805+0600][11.230s][info][gc,start    ] GC(21) Pause Young (Normal) (G1 Evacuation Pause)
[2026-04-03T03:34:33.805+0600][11.231s][info][gc,task     ] GC(21) Using 10 workers of 10 for evacuation
[2026-04-03T03:34:34.088+0600][11.513s][info][gc,mmu      ] GC(21) MMU target violated: 201.0ms (200.0ms/201.0ms)
[2026-04-03T03:34:34.088+0600][11.513s][info][gc,phases   ] GC(21)   Pre Evacuate Collection Set: 0.38ms
[2026-04-03T03:34:34.088+0600][11.513s][info][gc,phases   ] GC(21)   Merge Heap Roots: 0.44ms
[2026-04-03T03:34:34.088+0600][11.513s][info][gc,phases   ] GC(21)   Evacuate Collection Set: 280.66ms
[2026-04-03T03:34:34.088+0600][11.513s][info][gc,phases   ] GC(21)   Post Evacuate Collection Set: 0.85ms
[2026-04-03T03:34:34.088+0600][11.513s][info][gc,phases   ] GC(21)   Other: 0.36ms
[2026-04-03T03:34:34.088+0600][11.513s][info][gc,heap     ] GC(21) Eden regions: 49->0(53)
[2026-04-03T03:34:34.088+0600][11.513s][info][gc,heap     ] GC(21) Survivor regions: 3->7(7)
[2026-04-03T03:34:34.088+0600][11.513s][info][gc,heap     ] GC(21) Old regions: 287->333
[2026-04-03T03:34:34.088+0600][11.513s][info][gc,heap     ] GC(21) Humongous regions: 8->8
[2026-04-03T03:34:34.088+0600][11.513s][info][gc,metaspace] GC(21) Metaspace: 49455K(49920K)->49455K(49920K) NonClass: 43322K(43584K)->43322K(43584K) Class: 6132K(6336K)->6132K(6336K)
[2026-04-03T03:34:34.088+0600][11.513s][info][gc          ] GC(21) Pause Young (Normal) (G1 Evacuation Pause) 346M->347M(899M) 282.949ms
[2026-04-03T03:34:34.088+0600][11.513s][info][gc,cpu      ] GC(21) User=0.75s Sys=0.07s Real=0.28s
[2026-04-03T03:34:34.238+0600][11.664s][info][gc,start    ] GC(22) Pause Young (Normal) (G1 Evacuation Pause)
[2026-04-03T03:34:34.238+0600][11.664s][info][gc,task     ] GC(22) Using 10 workers of 10 for evacuation
[2026-04-03T03:34:34.559+0600][11.984s][info][gc,mmu      ] GC(22) MMU target violated: 201.0ms (200.0ms/201.0ms)
[2026-04-03T03:34:34.559+0600][11.984s][info][gc,phases   ] GC(22)   Pre Evacuate Collection Set: 0.31ms
[2026-04-03T03:34:34.559+0600][11.985s][info][gc,phases   ] GC(22)   Merge Heap Roots: 0.26ms
[2026-04-03T03:34:34.559+0600][11.985s][info][gc,phases   ] GC(22)   Evacuate Collection Set: 319.46ms
[2026-04-03T03:34:34.559+0600][11.985s][info][gc,phases   ] GC(22)   Post Evacuate Collection Set: 0.56ms
[2026-04-03T03:34:34.559+0600][11.985s][info][gc,phases   ] GC(22)   Other: 0.16ms
[2026-04-03T03:34:34.559+0600][11.985s][info][gc,heap     ] GC(22) Eden regions: 53->0(61)
[2026-04-03T03:34:34.559+0600][11.985s][info][gc,heap     ] GC(22) Survivor regions: 7->8(8)
[2026-04-03T03:34:34.559+0600][11.985s][info][gc,heap     ] GC(22) Old regions: 333->386
[2026-04-03T03:34:34.559+0600][11.985s][info][gc,heap     ] GC(22) Humongous regions: 8->8
[2026-04-03T03:34:34.559+0600][11.985s][info][gc,metaspace] GC(22) Metaspace: 49455K(49920K)->49455K(49920K) NonClass: 43322K(43584K)->43322K(43584K) Class: 6132K(6336K)->6132K(6336K)
[2026-04-03T03:34:34.559+0600][11.985s][info][gc          ] GC(22) Pause Young (Normal) (G1 Evacuation Pause) 400M->402M(899M) 321.024ms
[2026-04-03T03:34:34.559+0600][11.985s][info][gc,cpu      ] GC(22) User=1.01s Sys=0.12s Real=0.32s
[2026-04-03T03:34:34.717+0600][12.142s][info][gc,marking  ] GC(18) Concurrent Mark From Roots 1463.189ms
[2026-04-03T03:34:34.717+0600][12.142s][info][gc,marking  ] GC(18) Concurrent Preclean
[2026-04-03T03:34:34.717+0600][12.142s][info][gc,marking  ] GC(18) Concurrent Preclean 0.144ms
[2026-04-03T03:34:34.717+0600][12.143s][info][gc,start    ] GC(18) Pause Remark
[2026-04-03T03:34:34.720+0600][12.145s][info][gc          ] GC(18) Pause Remark 461M->461M(899M) 2.826ms
[2026-04-03T03:34:34.720+0600][12.145s][info][gc,cpu      ] GC(18) User=0.01s Sys=0.00s Real=0.01s
[2026-04-03T03:34:34.720+0600][12.145s][info][gc,marking  ] GC(18) Concurrent Mark 1466.676ms
[2026-04-03T03:34:34.720+0600][12.145s][info][gc,marking  ] GC(18) Concurrent Rebuild Remembered Sets and Scrub Regions
[2026-04-03T03:34:34.727+0600][12.152s][info][gc,start    ] GC(23) Pause Young (Normal) (G1 Evacuation Pause)
[2026-04-03T03:34:34.727+0600][12.152s][info][gc,task     ] GC(23) Using 10 workers of 10 for evacuation
[2026-04-03T03:34:35.097+0600][12.522s][info][gc,mmu      ] GC(23) MMU target violated: 201.0ms (200.0ms/201.0ms)
[2026-04-03T03:34:35.097+0600][12.522s][info][gc,phases   ] GC(23)   Pre Evacuate Collection Set: 0.35ms
[2026-04-03T03:34:35.097+0600][12.522s][info][gc,phases   ] GC(23)   Merge Heap Roots: 0.13ms
[2026-04-03T03:34:35.097+0600][12.522s][info][gc,phases   ] GC(23)   Evacuate Collection Set: 368.98ms
[2026-04-03T03:34:35.097+0600][12.522s][info][gc,phases   ] GC(23)   Post Evacuate Collection Set: 0.50ms
[2026-04-03T03:34:35.097+0600][12.522s][info][gc,phases   ] GC(23)   Other: 0.46ms
[2026-04-03T03:34:35.097+0600][12.522s][info][gc,heap     ] GC(23) Eden regions: 61->0(68)
[2026-04-03T03:34:35.097+0600][12.522s][info][gc,heap     ] GC(23) Survivor regions: 8->9(9)
[2026-04-03T03:34:35.097+0600][12.522s][info][gc,heap     ] GC(23) Old regions: 386->448
[2026-04-03T03:34:35.097+0600][12.522s][info][gc,heap     ] GC(23) Humongous regions: 8->8
[2026-04-03T03:34:35.097+0600][12.522s][info][gc,metaspace] GC(23) Metaspace: 49455K(49920K)->49455K(49920K) NonClass: 43322K(43584K)->43322K(43584K) Class: 6132K(6336K)->6132K(6336K)
[2026-04-03T03:34:35.097+0600][12.522s][info][gc          ] GC(23) Pause Young (Normal) (G1 Evacuation Pause) 463M->464M(899M) 370.637ms
[2026-04-03T03:34:35.097+0600][12.522s][info][gc,cpu      ] GC(23) User=1.16s Sys=0.11s Real=0.37s
[2026-04-03T03:34:35.180+0600][12.605s][info][gc,marking  ] GC(18) Concurrent Rebuild Remembered Sets and Scrub Regions 459.696ms
[2026-04-03T03:34:35.180+0600][12.606s][info][gc,start    ] GC(18) Pause Cleanup
[2026-04-03T03:34:35.181+0600][12.606s][info][gc          ] GC(18) Pause Cleanup 499M->499M(899M) 0.486ms
[2026-04-03T03:34:35.181+0600][12.606s][info][gc,cpu      ] GC(18) User=0.00s Sys=0.00s Real=0.00s
[2026-04-03T03:34:35.181+0600][12.606s][info][gc,marking  ] GC(18) Concurrent Clear Claimed Marks
[2026-04-03T03:34:35.181+0600][12.606s][info][gc,marking  ] GC(18) Concurrent Clear Claimed Marks 0.079ms
[2026-04-03T03:34:35.181+0600][12.606s][info][gc,marking  ] GC(18) Concurrent Cleanup for Next Mark
[2026-04-03T03:34:35.184+0600][12.609s][info][gc,marking  ] GC(18) Concurrent Cleanup for Next Mark 2.741ms
[2026-04-03T03:34:35.184+0600][12.609s][info][gc          ] GC(18) Concurrent Mark Cycle 1939.336ms
[2026-04-03T03:34:35.252+0600][12.677s][info][gc,start    ] GC(24) Pause Young (Prepare Mixed) (G1 Evacuation Pause)
[2026-04-03T03:34:35.252+0600][12.677s][info][gc,task     ] GC(24) Using 10 workers of 10 for evacuation
[2026-04-03T03:34:35.654+0600][13.079s][info][gc,mmu      ] GC(24) MMU target violated: 201.0ms (200.0ms/201.0ms)
[2026-04-03T03:34:35.654+0600][13.079s][info][gc,phases   ] GC(24)   Pre Evacuate Collection Set: 0.20ms
[2026-04-03T03:34:35.654+0600][13.079s][info][gc,phases   ] GC(24)   Merge Heap Roots: 0.14ms
[2026-04-03T03:34:35.654+0600][13.079s][info][gc,phases   ] GC(24)   Evacuate Collection Set: 401.05ms
[2026-04-03T03:34:35.654+0600][13.079s][info][gc,phases   ] GC(24)   Post Evacuate Collection Set: 0.34ms
[2026-04-03T03:34:35.654+0600][13.079s][info][gc,phases   ] GC(24)   Other: 0.16ms
[2026-04-03T03:34:35.654+0600][13.079s][info][gc,heap     ] GC(24) Eden regions: 68->0(81)
[2026-04-03T03:34:35.654+0600][13.079s][info][gc,heap     ] GC(24) Survivor regions: 9->10(10)
[2026-04-03T03:34:35.654+0600][13.079s][info][gc,heap     ] GC(24) Old regions: 448->517
[2026-04-03T03:34:35.654+0600][13.079s][info][gc,heap     ] GC(24) Humongous regions: 8->8
[2026-04-03T03:34:35.654+0600][13.079s][info][gc,metaspace] GC(24) Metaspace: 49455K(49920K)->49455K(49920K) NonClass: 43322K(43584K)->43322K(43584K) Class: 6132K(6336K)->6132K(6336K)
[2026-04-03T03:34:35.654+0600][13.079s][info][gc          ] GC(24) Pause Young (Prepare Mixed) (G1 Evacuation Pause) 532M->535M(899M) 402.059ms
[2026-04-03T03:34:35.654+0600][13.079s][info][gc,cpu      ] GC(24) User=1.25s Sys=0.12s Real=0.40s
[2026-04-03T03:34:35.822+0600][13.247s][info][gc,start    ] GC(25) Pause Young (Mixed) (G1 Evacuation Pause)
[2026-04-03T03:34:35.822+0600][13.247s][info][gc,task     ] GC(25) Using 10 workers of 10 for evacuation
[2026-04-03T03:34:36.304+0600][13.729s][info][gc,mmu      ] GC(25) MMU target violated: 201.0ms (200.0ms/201.0ms)
[2026-04-03T03:34:36.304+0600][13.729s][info][gc,phases   ] GC(25)   Pre Evacuate Collection Set: 0.30ms
[2026-04-03T03:34:36.304+0600][13.729s][info][gc,phases   ] GC(25)   Merge Heap Roots: 0.15ms
[2026-04-03T03:34:36.304+0600][13.729s][info][gc,phases   ] GC(25)   Evacuate Collection Set: 480.86ms
[2026-04-03T03:34:36.304+0600][13.729s][info][gc,phases   ] GC(25)   Post Evacuate Collection Set: 0.50ms
[2026-04-03T03:34:36.304+0600][13.729s][info][gc,phases   ] GC(25)   Other: 0.24ms
[2026-04-03T03:34:36.304+0600][13.729s][info][gc,heap     ] GC(25) Eden regions: 81->0(87)
[2026-04-03T03:34:36.304+0600][13.729s][info][gc,heap     ] GC(25) Survivor regions: 10->12(12)
[2026-04-03T03:34:36.304+0600][13.729s][info][gc,heap     ] GC(25) Old regions: 517->597
[2026-04-03T03:34:36.304+0600][13.729s][info][gc,heap     ] GC(25) Humongous regions: 8->8
[2026-04-03T03:34:36.304+0600][13.729s][info][gc,metaspace] GC(25) Metaspace: 49455K(49920K)->49455K(49920K) NonClass: 43322K(43584K)->43322K(43584K) Class: 6132K(6336K)->6132K(6336K)
[2026-04-03T03:34:36.304+0600][13.729s][info][gc          ] GC(25) Pause Young (Mixed) (G1 Evacuation Pause) 616M->617M(899M) 482.322ms
[2026-04-03T03:34:36.304+0600][13.729s][info][gc,cpu      ] GC(25) User=1.46s Sys=0.12s Real=0.48s
[2026-04-03T03:34:38.909+0600][16.334s][info][gc,start    ] GC(26) Pause Young (Mixed) (G1 Evacuation Pause)
[2026-04-03T03:34:38.909+0600][16.335s][info][gc,task     ] GC(26) Using 10 workers of 10 for evacuation
[2026-04-03T03:34:39.060+0600][16.485s][info][gc,phases   ] GC(26)   Pre Evacuate Collection Set: 0.20ms
[2026-04-03T03:34:39.060+0600][16.485s][info][gc,phases   ] GC(26)   Merge Heap Roots: 0.15ms
[2026-04-03T03:34:39.060+0600][16.485s][info][gc,phases   ] GC(26)   Evacuate Collection Set: 145.58ms
[2026-04-03T03:34:39.060+0600][16.485s][info][gc,phases   ] GC(26)   Post Evacuate Collection Set: 4.55ms
[2026-04-03T03:34:39.060+0600][16.485s][info][gc,phases   ] GC(26)   Other: 0.10ms
[2026-04-03T03:34:39.060+0600][16.485s][info][gc,heap     ] GC(26) Eden regions: 87->0(78)
[2026-04-03T03:34:39.060+0600][16.485s][info][gc,heap     ] GC(26) Survivor regions: 12->13(13)
[2026-04-03T03:34:39.060+0600][16.485s][info][gc,heap     ] GC(26) Old regions: 597->614
[2026-04-03T03:34:39.060+0600][16.485s][info][gc,heap     ] GC(26) Humongous regions: 29->8
[2026-04-03T03:34:39.060+0600][16.485s][info][gc,metaspace] GC(26) Metaspace: 57249K(57856K)->57249K(57856K) NonClass: 50076K(50432K)->50076K(50432K) Class: 7172K(7424K)->7172K(7424K)
[2026-04-03T03:34:39.060+0600][16.485s][info][gc          ] GC(26) Pause Young (Mixed) (G1 Evacuation Pause) 725M->635M(1240M) 150.857ms
[2026-04-03T03:34:39.060+0600][16.485s][info][gc,cpu      ] GC(26) User=1.07s Sys=0.06s Real=0.16s
[2026-04-03T03:34:39.104+0600][16.530s][info][gc,start    ] GC(27) Pause Full (System.gc())
[2026-04-03T03:34:39.105+0600][16.530s][info][gc,task     ] GC(27) Using 10 workers of 10 for full compaction
[2026-04-03T03:34:39.105+0600][16.531s][info][gc,phases,start] GC(27) Phase 1: Mark live objects
[2026-04-03T03:34:39.115+0600][16.541s][info][gc,phases      ] GC(27) Phase 1: Mark live objects 10.094ms
[2026-04-03T03:34:39.115+0600][16.541s][info][gc,phases,start] GC(27) Phase 2: Prepare compaction
[2026-04-03T03:34:39.117+0600][16.542s][info][gc,phases      ] GC(27) Phase 2: Prepare compaction 1.318ms
[2026-04-03T03:34:39.117+0600][16.542s][info][gc,phases,start] GC(27) Phase 3: Adjust pointers
[2026-04-03T03:34:39.122+0600][16.548s][info][gc,phases      ] GC(27) Phase 3: Adjust pointers 5.661ms
[2026-04-03T03:34:39.122+0600][16.548s][info][gc,phases,start] GC(27) Phase 4: Compact heap
[2026-04-03T03:34:39.124+0600][16.550s][info][gc,phases      ] GC(27) Phase 4: Compact heap 1.786ms
[2026-04-03T03:34:39.124+0600][16.550s][info][gc,phases,start] GC(27) Phase 5: Reset Metadata
[2026-04-03T03:34:39.126+0600][16.551s][info][gc,phases      ] GC(27) Phase 5: Reset Metadata 1.202ms
[2026-04-03T03:34:39.131+0600][16.556s][info][gc,heap        ] GC(27) Eden regions: 5->0(26)
[2026-04-03T03:34:39.131+0600][16.556s][info][gc,heap        ] GC(27) Survivor regions: 13->0(13)
[2026-04-03T03:34:39.131+0600][16.556s][info][gc,heap        ] GC(27) Old regions: 614->26
[2026-04-03T03:34:39.131+0600][16.556s][info][gc,heap        ] GC(27) Humongous regions: 8->8
[2026-04-03T03:34:39.131+0600][16.556s][info][gc,metaspace   ] GC(27) Metaspace: 57391K(57920K)->57391K(57920K) NonClass: 50197K(50496K)->50197K(50496K) Class: 7193K(7424K)->7193K(7424K)
[2026-04-03T03:34:39.131+0600][16.557s][info][gc             ] GC(27) Pause Full (System.gc()) 639M->31M(114M) 26.807ms
[2026-04-03T03:34:39.131+0600][16.557s][info][gc,cpu         ] GC(27) User=0.14s Sys=0.03s Real=0.03s
[2026-04-03T03:34:39.426+0600][16.851s][info][gc,start       ] GC(28) Pause Young (Concurrent Start) (G1 Evacuation Pause)
[2026-04-03T03:34:39.426+0600][16.851s][info][gc,task        ] GC(28) Using 6 workers of 10 for evacuation
[2026-04-03T03:34:39.428+0600][16.853s][info][gc,phases      ] GC(28)   Pre Evacuate Collection Set: 0.24ms
[2026-04-03T03:34:39.428+0600][16.853s][info][gc,phases      ] GC(28)   Merge Heap Roots: 0.05ms
[2026-04-03T03:34:39.428+0600][16.853s][info][gc,phases      ] GC(28)   Evacuate Collection Set: 1.10ms
[2026-04-03T03:34:39.428+0600][16.853s][info][gc,phases      ] GC(28)   Post Evacuate Collection Set: 0.32ms
[2026-04-03T03:34:39.428+0600][16.853s][info][gc,phases      ] GC(28)   Other: 0.10ms
[2026-04-03T03:34:39.428+0600][16.853s][info][gc,heap        ] GC(28) Eden regions: 26->0(29)
[2026-04-03T03:34:39.428+0600][16.853s][info][gc,heap        ] GC(28) Survivor regions: 0->2(4)
[2026-04-03T03:34:39.428+0600][16.853s][info][gc,heap        ] GC(28) Old regions: 26->26
[2026-04-03T03:34:39.428+0600][16.853s][info][gc,heap        ] GC(28) Humongous regions: 8->8
[2026-04-03T03:34:39.428+0600][16.853s][info][gc,metaspace   ] GC(28) Metaspace: 58893K(59456K)->58893K(59456K) NonClass: 51494K(51840K)->51494K(51840K) Class: 7399K(7616K)->7399K(7616K)
[2026-04-03T03:34:39.428+0600][16.853s][info][gc             ] GC(28) Pause Young (Concurrent Start) (G1 Evacuation Pause) 57M->33M(114M) 2.015ms
[2026-04-03T03:34:39.428+0600][16.853s][info][gc             ] GC(29) Concurrent Mark Cycle
[2026-04-03T03:34:39.428+0600][16.853s][info][gc,cpu         ] GC(28) User=0.01s Sys=0.00s Real=0.00s
[2026-04-03T03:34:39.428+0600][16.853s][info][gc,marking     ] GC(29) Concurrent Scan Root Regions
[2026-04-03T03:34:39.429+0600][16.854s][info][gc,marking     ] GC(29) Concurrent Scan Root Regions 1.036ms
[2026-04-03T03:34:39.429+0600][16.854s][info][gc,marking     ] GC(29) Concurrent Mark
[2026-04-03T03:34:39.429+0600][16.854s][info][gc,marking     ] GC(29) Concurrent Mark From Roots
[2026-04-03T03:34:39.429+0600][16.854s][info][gc,task        ] GC(29) Using 3 workers of 3 for marking
[2026-04-03T03:34:39.446+0600][16.871s][info][gc,marking     ] GC(29) Concurrent Mark From Roots 16.574ms
[2026-04-03T03:34:39.446+0600][16.871s][info][gc,marking     ] GC(29) Concurrent Preclean
[2026-04-03T03:34:39.446+0600][16.871s][info][gc,marking     ] GC(29) Concurrent Preclean 0.167ms
[2026-04-03T03:34:39.446+0600][16.872s][info][gc,start       ] GC(29) Pause Remark
[2026-04-03T03:34:39.451+0600][16.876s][info][gc             ] GC(29) Pause Remark 35M->35M(114M) 4.268ms
[2026-04-03T03:34:39.451+0600][16.876s][info][gc,cpu         ] GC(29) User=0.02s Sys=0.01s Real=0.01s
[2026-04-03T03:34:39.451+0600][16.876s][info][gc,marking     ] GC(29) Concurrent Mark 21.707ms
[2026-04-03T03:34:39.451+0600][16.876s][info][gc,marking     ] GC(29) Concurrent Rebuild Remembered Sets and Scrub Regions
[2026-04-03T03:34:39.458+0600][16.884s][info][gc,marking     ] GC(29) Concurrent Rebuild Remembered Sets and Scrub Regions 7.482ms
[2026-04-03T03:34:39.459+0600][16.884s][info][gc,start       ] GC(29) Pause Cleanup
[2026-04-03T03:34:39.459+0600][16.884s][info][gc             ] GC(29) Pause Cleanup 35M->35M(114M) 0.305ms
[2026-04-03T03:34:39.459+0600][16.884s][info][gc,cpu         ] GC(29) User=0.00s Sys=0.00s Real=0.00s
[2026-04-03T03:34:39.459+0600][16.885s][info][gc,marking     ] GC(29) Concurrent Clear Claimed Marks
[2026-04-03T03:34:39.459+0600][16.885s][info][gc,marking     ] GC(29) Concurrent Clear Claimed Marks 0.151ms
[2026-04-03T03:34:39.459+0600][16.885s][info][gc,marking     ] GC(29) Concurrent Cleanup for Next Mark
[2026-04-03T03:34:39.460+0600][16.885s][info][gc,marking     ] GC(29) Concurrent Cleanup for Next Mark 0.372ms
[2026-04-03T03:34:39.460+0600][16.885s][info][gc             ] GC(29) Concurrent Mark Cycle 31.893ms
[2026-04-03T03:34:39.563+0600][16.988s][info][gc,start       ] GC(30) Pause Young (Prepare Mixed) (G1 Evacuation Pause)
[2026-04-03T03:34:39.563+0600][16.988s][info][gc,task        ] GC(30) Using 4 workers of 10 for evacuation
[2026-04-03T03:34:39.566+0600][16.991s][info][gc,phases      ] GC(30)   Pre Evacuate Collection Set: 0.25ms
[2026-04-03T03:34:39.566+0600][16.991s][info][gc,phases      ] GC(30)   Merge Heap Roots: 0.10ms
[2026-04-03T03:34:39.566+0600][16.991s][info][gc,phases      ] GC(30)   Evacuate Collection Set: 1.63ms
[2026-04-03T03:34:39.566+0600][16.991s][info][gc,phases      ] GC(30)   Post Evacuate Collection Set: 0.40ms
[2026-04-03T03:34:39.566+0600][16.991s][info][gc,phases      ] GC(30)   Other: 0.08ms
[2026-04-03T03:34:39.566+0600][16.991s][info][gc,heap        ] GC(30) Eden regions: 29->0(34)
[2026-04-03T03:34:39.566+0600][16.991s][info][gc,heap        ] GC(30) Survivor regions: 2->1(4)
[2026-04-03T03:34:39.566+0600][16.991s][info][gc,heap        ] GC(30) Old regions: 26->26
[2026-04-03T03:34:39.566+0600][16.991s][info][gc,heap        ] GC(30) Humongous regions: 8->8
[2026-04-03T03:34:39.566+0600][16.991s][info][gc,metaspace   ] GC(30) Metaspace: 60464K(60992K)->60464K(60992K) NonClass: 52854K(53120K)->52854K(53120K) Class: 7610K(7872K)->7610K(7872K)
[2026-04-03T03:34:39.566+0600][16.991s][info][gc             ] GC(30) Pause Young (Prepare Mixed) (G1 Evacuation Pause) 62M->32M(114M) 2.704ms
[2026-04-03T03:34:39.566+0600][16.991s][info][gc,cpu         ] GC(30) User=0.01s Sys=0.00s Real=0.00s
[2026-04-03T03:34:40.460+0600][17.885s][info][gc,start       ] GC(31) Pause Young (Mixed) (G1 Evacuation Pause)
[2026-04-03T03:34:40.460+0600][17.885s][info][gc,task        ] GC(31) Using 3 workers of 10 for evacuation
[2026-04-03T03:34:40.466+0600][17.892s][info][gc,phases      ] GC(31)   Pre Evacuate Collection Set: 0.43ms
[2026-04-03T03:34:40.466+0600][17.892s][info][gc,phases      ] GC(31)   Merge Heap Roots: 0.13ms
[2026-04-03T03:34:40.466+0600][17.892s][info][gc,phases      ] GC(31)   Evacuate Collection Set: 5.41ms
[2026-04-03T03:34:40.466+0600][17.892s][info][gc,phases      ] GC(31)   Post Evacuate Collection Set: 0.62ms
[2026-04-03T03:34:40.466+0600][17.892s][info][gc,phases      ] GC(31)   Other: 0.10ms
[2026-04-03T03:34:40.466+0600][17.892s][info][gc,heap        ] GC(31) Eden regions: 34->0(37)
[2026-04-03T03:34:40.466+0600][17.892s][info][gc,heap        ] GC(31) Survivor regions: 1->3(5)
[2026-04-03T03:34:40.466+0600][17.892s][info][gc,heap        ] GC(31) Old regions: 26->26
[2026-04-03T03:34:40.466+0600][17.892s][info][gc,heap        ] GC(31) Humongous regions: 19->8
[2026-04-03T03:34:40.466+0600][17.892s][info][gc,metaspace   ] GC(31) Metaspace: 65395K(66176K)->65395K(66176K) NonClass: 57161K(57600K)->57161K(57600K) Class: 8233K(8576K)->8233K(8576K)
[2026-04-03T03:34:40.466+0600][17.892s][info][gc             ] GC(31) Pause Young (Mixed) (G1 Evacuation Pause) 77M->34M(114M) 6.941ms
[2026-04-03T03:34:40.467+0600][17.892s][info][gc,cpu         ] GC(31) User=0.03s Sys=0.00s Real=0.01s
[2026-04-03T03:34:40.738+0600][18.164s][info][gc,start       ] GC(32) Pause Young (Concurrent Start) (G1 Humongous Allocation)
[2026-04-03T03:34:40.738+0600][18.164s][info][gc,task        ] GC(32) Using 2 workers of 10 for evacuation
[2026-04-03T03:34:40.746+0600][18.171s][info][gc,phases      ] GC(32)   Pre Evacuate Collection Set: 0.47ms
[2026-04-03T03:34:40.746+0600][18.171s][info][gc,phases      ] GC(32)   Merge Heap Roots: 0.18ms
[2026-04-03T03:34:40.746+0600][18.171s][info][gc,phases      ] GC(32)   Evacuate Collection Set: 5.66ms
[2026-04-03T03:34:40.746+0600][18.171s][info][gc,phases      ] GC(32)   Post Evacuate Collection Set: 0.64ms
[2026-04-03T03:34:40.746+0600][18.171s][info][gc,phases      ] GC(32)   Other: 0.22ms
[2026-04-03T03:34:40.746+0600][18.171s][info][gc,heap        ] GC(32) Eden regions: 5->0(41)
[2026-04-03T03:34:40.746+0600][18.171s][info][gc,heap        ] GC(32) Survivor regions: 3->3(5)
[2026-04-03T03:34:40.746+0600][18.171s][info][gc,heap        ] GC(32) Old regions: 26->26
[2026-04-03T03:34:40.746+0600][18.171s][info][gc,heap        ] GC(32) Humongous regions: 8->8
[2026-04-03T03:34:40.746+0600][18.171s][info][gc,metaspace   ] GC(32) Metaspace: 66244K(67200K)->66244K(67200K) NonClass: 57889K(58432K)->57889K(58432K) Class: 8354K(8768K)->8354K(8768K)
[2026-04-03T03:34:40.746+0600][18.171s][info][gc             ] GC(32) Pause Young (Concurrent Start) (G1 Humongous Allocation) 38M->34M(114M) 7.428ms
[2026-04-03T03:34:40.746+0600][18.171s][info][gc,cpu         ] GC(32) User=0.02s Sys=0.00s Real=0.01s
[2026-04-03T03:34:40.746+0600][18.171s][info][gc             ] GC(33) Concurrent Mark Cycle
[2026-04-03T03:34:40.746+0600][18.171s][info][gc,marking     ] GC(33) Concurrent Scan Root Regions
[2026-04-03T03:34:40.748+0600][18.173s][info][gc,marking     ] GC(33) Concurrent Scan Root Regions 1.961ms
[2026-04-03T03:34:40.748+0600][18.173s][info][gc,marking     ] GC(33) Concurrent Mark
[2026-04-03T03:34:40.748+0600][18.173s][info][gc,marking     ] GC(33) Concurrent Mark From Roots
[2026-04-03T03:34:40.748+0600][18.173s][info][gc,task        ] GC(33) Using 3 workers of 3 for marking
[2026-04-03T03:34:40.764+0600][18.189s][info][gc,marking     ] GC(33) Concurrent Mark From Roots 15.913ms
[2026-04-03T03:34:40.764+0600][18.189s][info][gc,marking     ] GC(33) Concurrent Preclean
[2026-04-03T03:34:40.764+0600][18.189s][info][gc,marking     ] GC(33) Concurrent Preclean 0.147ms
[2026-04-03T03:34:40.764+0600][18.190s][info][gc,start       ] GC(33) Pause Remark
[2026-04-03T03:34:40.772+0600][18.197s][info][gc             ] GC(33) Pause Remark 36M->36M(114M) 7.342ms
[2026-04-03T03:34:40.772+0600][18.197s][info][gc,cpu         ] GC(33) User=0.02s Sys=0.00s Real=0.01s
[2026-04-03T03:34:40.772+0600][18.197s][info][gc,marking     ] GC(33) Concurrent Mark 23.890ms
[2026-04-03T03:34:40.772+0600][18.197s][info][gc,marking     ] GC(33) Concurrent Rebuild Remembered Sets and Scrub Regions
[2026-04-03T03:34:40.779+0600][18.205s][info][gc,marking     ] GC(33) Concurrent Rebuild Remembered Sets and Scrub Regions 7.496ms
[2026-04-03T03:34:40.780+0600][18.205s][info][gc,start       ] GC(33) Pause Cleanup
[2026-04-03T03:34:40.780+0600][18.205s][info][gc             ] GC(33) Pause Cleanup 36M->36M(114M) 0.320ms
[2026-04-03T03:34:40.780+0600][18.205s][info][gc,cpu         ] GC(33) User=0.00s Sys=0.00s Real=0.01s
[2026-04-03T03:34:40.780+0600][18.205s][info][gc,marking     ] GC(33) Concurrent Clear Claimed Marks
[2026-04-03T03:34:40.780+0600][18.205s][info][gc,marking     ] GC(33) Concurrent Clear Claimed Marks 0.149ms
[2026-04-03T03:34:40.780+0600][18.205s][info][gc,marking     ] GC(33) Concurrent Cleanup for Next Mark
[2026-04-03T03:34:40.780+0600][18.206s][info][gc,marking     ] GC(33) Concurrent Cleanup for Next Mark 0.352ms
[2026-04-03T03:34:40.781+0600][18.206s][info][gc             ] GC(33) Concurrent Mark Cycle 34.672ms
[2026-04-03T03:34:41.401+0600][18.827s][info][gc,start       ] GC(34) Pause Young (Prepare Mixed) (G1 Evacuation Pause)
[2026-04-03T03:34:41.402+0600][18.827s][info][gc,task        ] GC(34) Using 2 workers of 10 for evacuation
[2026-04-03T03:34:41.412+0600][18.837s][info][gc,phases      ] GC(34)   Pre Evacuate Collection Set: 0.27ms
[2026-04-03T03:34:41.412+0600][18.837s][info][gc,phases      ] GC(34)   Merge Heap Roots: 0.27ms
[2026-04-03T03:34:41.412+0600][18.837s][info][gc,phases      ] GC(34)   Evacuate Collection Set: 8.19ms
[2026-04-03T03:34:41.412+0600][18.837s][info][gc,phases      ] GC(34)   Post Evacuate Collection Set: 1.45ms
[2026-04-03T03:34:41.412+0600][18.837s][info][gc,phases      ] GC(34)   Other: 0.11ms
[2026-04-03T03:34:41.412+0600][18.837s][info][gc,heap        ] GC(34) Eden regions: 41->0(107)
[2026-04-03T03:34:41.412+0600][18.837s][info][gc,heap        ] GC(34) Survivor regions: 3->5(6)
[2026-04-03T03:34:41.412+0600][18.837s][info][gc,heap        ] GC(34) Old regions: 26->26
[2026-04-03T03:34:41.412+0600][18.837s][info][gc,heap        ] GC(34) Humongous regions: 14->8
[2026-04-03T03:34:41.412+0600][18.837s][info][gc,metaspace   ] GC(34) Metaspace: 66557K(67392K)->66557K(67392K) NonClass: 58167K(58624K)->58167K(58624K) Class: 8390K(8768K)->8390K(8768K)
[2026-04-03T03:34:41.412+0600][18.837s][info][gc             ] GC(34) Pause Young (Prepare Mixed) (G1 Evacuation Pause) 81M->36M(228M) 10.560ms
[2026-04-03T03:34:41.412+0600][18.837s][info][gc,cpu         ] GC(34) User=0.04s Sys=0.00s Real=0.01s
[2026-04-03T03:34:41.645+0600][19.071s][info][gc,start       ] GC(35) Pause Young (Mixed) (G1 Evacuation Pause)
[2026-04-03T03:34:41.645+0600][19.071s][info][gc,task        ] GC(35) Using 5 workers of 10 for evacuation
[2026-04-03T03:34:41.651+0600][19.077s][info][gc,phases      ] GC(35)   Pre Evacuate Collection Set: 0.23ms
[2026-04-03T03:34:41.651+0600][19.077s][info][gc,phases      ] GC(35)   Merge Heap Roots: 0.10ms
[2026-04-03T03:34:41.651+0600][19.077s][info][gc,phases      ] GC(35)   Evacuate Collection Set: 4.65ms
[2026-04-03T03:34:41.651+0600][19.077s][info][gc,phases      ] GC(35)   Post Evacuate Collection Set: 0.73ms
[2026-04-03T03:34:41.651+0600][19.077s][info][gc,phases      ] GC(35)   Other: 0.16ms
[2026-04-03T03:34:41.651+0600][19.077s][info][gc,heap        ] GC(35) Eden regions: 107->0(117)
[2026-04-03T03:34:41.651+0600][19.077s][info][gc,heap        ] GC(35) Survivor regions: 5->5(14)
[2026-04-03T03:34:41.651+0600][19.077s][info][gc,heap        ] GC(35) Old regions: 26->25
[2026-04-03T03:34:41.651+0600][19.077s][info][gc,heap        ] GC(35) Humongous regions: 8->8
[2026-04-03T03:34:41.651+0600][19.077s][info][gc,metaspace   ] GC(35) Metaspace: 66598K(67456K)->66598K(67456K) NonClass: 58208K(58688K)->58208K(58688K) Class: 8390K(8768K)->8390K(8768K)
[2026-04-03T03:34:41.651+0600][19.077s][info][gc             ] GC(35) Pause Young (Mixed) (G1 Evacuation Pause) 143M->36M(228M) 6.186ms
[2026-04-03T03:34:41.652+0600][19.077s][info][gc,cpu         ] GC(35) User=0.03s Sys=0.01s Real=0.01s
[2026-04-03T03:34:41.727+0600][19.152s][info][gc,start       ] GC(36) Pause Young (Concurrent Start) (G1 Evacuation Pause)
[2026-04-03T03:34:41.727+0600][19.152s][info][gc,task        ] GC(36) Using 5 workers of 10 for evacuation
[2026-04-03T03:34:41.731+0600][19.157s][info][gc,phases      ] GC(36)   Pre Evacuate Collection Set: 0.40ms
[2026-04-03T03:34:41.732+0600][19.157s][info][gc,phases      ] GC(36)   Merge Heap Roots: 0.09ms
[2026-04-03T03:34:41.732+0600][19.157s][info][gc,phases      ] GC(36)   Evacuate Collection Set: 3.05ms
[2026-04-03T03:34:41.732+0600][19.157s][info][gc,phases      ] GC(36)   Post Evacuate Collection Set: 0.84ms
[2026-04-03T03:34:41.732+0600][19.157s][info][gc,phases      ] GC(36)   Other: 0.21ms
[2026-04-03T03:34:41.732+0600][19.157s][info][gc,heap        ] GC(36) Eden regions: 117->0(126)
[2026-04-03T03:34:41.732+0600][19.157s][info][gc,heap        ] GC(36) Survivor regions: 5->5(16)
[2026-04-03T03:34:41.732+0600][19.157s][info][gc,heap        ] GC(36) Old regions: 25->25
[2026-04-03T03:34:41.732+0600][19.157s][info][gc,heap        ] GC(36) Humongous regions: 8->8
[2026-04-03T03:34:41.732+0600][19.157s][info][gc,metaspace   ] GC(36) Metaspace: 66616K(67456K)->66616K(67456K) NonClass: 58226K(58688K)->58226K(58688K) Class: 8390K(8768K)->8390K(8768K)
[2026-04-03T03:34:41.732+0600][19.157s][info][gc             ] GC(36) Pause Young (Concurrent Start) (G1 Evacuation Pause) 153M->36M(228M) 4.919ms
[2026-04-03T03:34:41.732+0600][19.157s][info][gc,cpu         ] GC(36) User=0.02s Sys=0.00s Real=0.01s
[2026-04-03T03:34:41.732+0600][19.157s][info][gc             ] GC(37) Concurrent Mark Cycle
[2026-04-03T03:34:41.732+0600][19.157s][info][gc,marking     ] GC(37) Concurrent Scan Root Regions
[2026-04-03T03:34:41.734+0600][19.160s][info][gc,marking     ] GC(37) Concurrent Scan Root Regions 2.371ms
[2026-04-03T03:34:41.734+0600][19.160s][info][gc,marking     ] GC(37) Concurrent Mark
[2026-04-03T03:34:41.734+0600][19.160s][info][gc,marking     ] GC(37) Concurrent Mark From Roots
[2026-04-03T03:34:41.734+0600][19.160s][info][gc,task        ] GC(37) Using 3 workers of 3 for marking
[2026-04-03T03:34:41.751+0600][19.177s][info][gc,marking     ] GC(37) Concurrent Mark From Roots 16.996ms
[2026-04-03T03:34:41.751+0600][19.177s][info][gc,marking     ] GC(37) Concurrent Preclean
[2026-04-03T03:34:41.751+0600][19.177s][info][gc,marking     ] GC(37) Concurrent Preclean 0.129ms
[2026-04-03T03:34:41.752+0600][19.177s][info][gc,start       ] GC(37) Pause Remark
[2026-04-03T03:34:41.757+0600][19.182s][info][gc             ] GC(37) Pause Remark 64M->64M(127M) 4.935ms
[2026-04-03T03:34:41.757+0600][19.182s][info][gc,cpu         ] GC(37) User=0.01s Sys=0.00s Real=0.00s
[2026-04-03T03:34:41.757+0600][19.182s][info][gc,marking     ] GC(37) Concurrent Mark 22.712ms
[2026-04-03T03:34:41.757+0600][19.182s][info][gc,marking     ] GC(37) Concurrent Rebuild Remembered Sets and Scrub Regions
[2026-04-03T03:34:41.764+0600][19.189s][info][gc,marking     ] GC(37) Concurrent Rebuild Remembered Sets and Scrub Regions 6.819ms
[2026-04-03T03:34:41.764+0600][19.189s][info][gc,start       ] GC(37) Pause Cleanup
[2026-04-03T03:34:41.764+0600][19.190s][info][gc             ] GC(37) Pause Cleanup 77M->77M(127M) 0.322ms
[2026-04-03T03:34:41.765+0600][19.190s][info][gc,cpu         ] GC(37) User=0.00s Sys=0.00s Real=0.00s
[2026-04-03T03:34:41.765+0600][19.190s][info][gc,marking     ] GC(37) Concurrent Clear Claimed Marks
[2026-04-03T03:34:41.765+0600][19.190s][info][gc,marking     ] GC(37) Concurrent Clear Claimed Marks 0.181ms
[2026-04-03T03:34:41.765+0600][19.190s][info][gc,marking     ] GC(37) Concurrent Cleanup for Next Mark
[2026-04-03T03:34:41.765+0600][19.191s][info][gc,marking     ] GC(37) Concurrent Cleanup for Next Mark 0.521ms
[2026-04-03T03:34:41.765+0600][19.191s][info][gc             ] GC(37) Concurrent Mark Cycle 33.575ms
[2026-04-03T03:34:41.782+0600][19.208s][info][gc,start       ] GC(38) Pause Young (Prepare Mixed) (G1 Evacuation Pause)
[2026-04-03T03:34:41.782+0600][19.208s][info][gc,task        ] GC(38) Using 4 workers of 10 for evacuation
[2026-04-03T03:34:41.788+0600][19.213s][info][gc,phases      ] GC(38)   Pre Evacuate Collection Set: 0.24ms
[2026-04-03T03:34:41.788+0600][19.213s][info][gc,phases      ] GC(38)   Merge Heap Roots: 0.22ms
[2026-04-03T03:34:41.788+0600][19.213s][info][gc,phases      ] GC(38)   Evacuate Collection Set: 3.62ms
[2026-04-03T03:34:41.788+0600][19.213s][info][gc,phases      ] GC(38)   Post Evacuate Collection Set: 1.08ms
[2026-04-03T03:34:41.788+0600][19.213s][info][gc,phases      ] GC(38)   Other: 0.07ms
[2026-04-03T03:34:41.788+0600][19.213s][info][gc,heap        ] GC(38) Eden regions: 78->0(65)
[2026-04-03T03:34:41.788+0600][19.213s][info][gc,heap        ] GC(38) Survivor regions: 5->6(11)
[2026-04-03T03:34:41.788+0600][19.213s][info][gc,heap        ] GC(38) Old regions: 25->25
[2026-04-03T03:34:41.788+0600][19.213s][info][gc,heap        ] GC(38) Humongous regions: 8->8
[2026-04-03T03:34:41.788+0600][19.213s][info][gc,metaspace   ] GC(38) Metaspace: 66619K(67456K)->66619K(67456K) NonClass: 58229K(58688K)->58229K(58688K) Class: 8390K(8768K)->8390K(8768K)
[2026-04-03T03:34:41.788+0600][19.213s][info][gc             ] GC(38) Pause Young (Prepare Mixed) (G1 Evacuation Pause) 114M->36M(127M) 5.479ms
[2026-04-03T03:34:41.788+0600][19.213s][info][gc,cpu         ] GC(38) User=0.01s Sys=0.00s Real=0.00s
[2026-04-03T03:34:41.816+0600][19.242s][info][gc,start       ] GC(39) Pause Young (Mixed) (G1 Evacuation Pause)
[2026-04-03T03:34:41.816+0600][19.242s][info][gc,task        ] GC(39) Using 3 workers of 10 for evacuation
[2026-04-03T03:34:41.823+0600][19.249s][info][gc,phases      ] GC(39)   Pre Evacuate Collection Set: 0.39ms
[2026-04-03T03:34:41.823+0600][19.249s][info][gc,phases      ] GC(39)   Merge Heap Roots: 0.20ms
[2026-04-03T03:34:41.823+0600][19.249s][info][gc,phases      ] GC(39)   Evacuate Collection Set: 5.19ms
[2026-04-03T03:34:41.823+0600][19.249s][info][gc,phases      ] GC(39)   Post Evacuate Collection Set: 0.91ms
[2026-04-03T03:34:41.823+0600][19.249s][info][gc,phases      ] GC(39)   Other: 0.09ms
[2026-04-03T03:34:41.823+0600][19.249s][info][gc,heap        ] GC(39) Eden regions: 65->0(69)
[2026-04-03T03:34:41.823+0600][19.249s][info][gc,heap        ] GC(39) Survivor regions: 6->5(9)
[2026-04-03T03:34:41.823+0600][19.249s][info][gc,heap        ] GC(39) Old regions: 25->25
[2026-04-03T03:34:41.823+0600][19.249s][info][gc,heap        ] GC(39) Humongous regions: 8->8
[2026-04-03T03:34:41.823+0600][19.249s][info][gc,metaspace   ] GC(39) Metaspace: 66623K(67456K)->66623K(67456K) NonClass: 58233K(58688K)->58233K(58688K) Class: 8390K(8768K)->8390K(8768K)
[2026-04-03T03:34:41.823+0600][19.249s][info][gc             ] GC(39) Pause Young (Mixed) (G1 Evacuation Pause) 101M->36M(127M) 7.001ms
[2026-04-03T03:34:41.823+0600][19.249s][info][gc,cpu         ] GC(39) User=0.01s Sys=0.00s Real=0.01s
[2026-04-03T03:34:41.854+0600][19.279s][info][gc,start       ] GC(40) Pause Young (Concurrent Start) (G1 Evacuation Pause)
[2026-04-03T03:34:41.854+0600][19.279s][info][gc,task        ] GC(40) Using 3 workers of 10 for evacuation
[2026-04-03T03:34:41.861+0600][19.286s][info][gc,phases      ] GC(40)   Pre Evacuate Collection Set: 0.41ms
[2026-04-03T03:34:41.861+0600][19.286s][info][gc,phases      ] GC(40)   Merge Heap Roots: 0.30ms
[2026-04-03T03:34:41.861+0600][19.286s][info][gc,phases      ] GC(40)   Evacuate Collection Set: 4.05ms
[2026-04-03T03:34:41.861+0600][19.286s][info][gc,phases      ] GC(40)   Post Evacuate Collection Set: 2.13ms
[2026-04-03T03:34:41.861+0600][19.286s][info][gc,phases      ] GC(40)   Other: 0.20ms
[2026-04-03T03:34:41.861+0600][19.286s][info][gc,heap        ] GC(40) Eden regions: 69->0(147)
[2026-04-03T03:34:41.861+0600][19.286s][info][gc,heap        ] GC(40) Survivor regions: 5->5(10)
[2026-04-03T03:34:41.861+0600][19.286s][info][gc,heap        ] GC(40) Old regions: 25->25
[2026-04-03T03:34:41.861+0600][19.286s][info][gc,heap        ] GC(40) Humongous regions: 8->8
[2026-04-03T03:34:41.861+0600][19.286s][info][gc,metaspace   ] GC(40) Metaspace: 66624K(67456K)->66624K(67456K) NonClass: 58233K(58688K)->58233K(58688K) Class: 8390K(8768K)->8390K(8768K)
[2026-04-03T03:34:41.861+0600][19.286s][info][gc             ] GC(40) Pause Young (Concurrent Start) (G1 Evacuation Pause) 105M->36M(254M) 7.326ms
[2026-04-03T03:34:41.861+0600][19.286s][info][gc,cpu         ] GC(40) User=0.02s Sys=0.00s Real=0.01s
[2026-04-03T03:34:41.861+0600][19.286s][info][gc             ] GC(41) Concurrent Mark Cycle
[2026-04-03T03:34:41.861+0600][19.286s][info][gc,marking     ] GC(41) Concurrent Scan Root Regions
[2026-04-03T03:34:41.863+0600][19.289s][info][gc,marking     ] GC(41) Concurrent Scan Root Regions 2.292ms
[2026-04-03T03:34:41.863+0600][19.289s][info][gc,marking     ] GC(41) Concurrent Mark
[2026-04-03T03:34:41.863+0600][19.289s][info][gc,marking     ] GC(41) Concurrent Mark From Roots
[2026-04-03T03:34:41.863+0600][19.289s][info][gc,task        ] GC(41) Using 3 workers of 3 for marking
[2026-04-03T03:34:41.878+0600][19.303s][info][gc,marking     ] GC(41) Concurrent Mark From Roots 14.652ms
[2026-04-03T03:34:41.878+0600][19.303s][info][gc,marking     ] GC(41) Concurrent Preclean
[2026-04-03T03:34:41.878+0600][19.304s][info][gc,marking     ] GC(41) Concurrent Preclean 0.114ms
[2026-04-03T03:34:41.878+0600][19.304s][info][gc,start       ] GC(41) Pause Remark
[2026-04-03T03:34:41.884+0600][19.309s][info][gc             ] GC(41) Pause Remark 55M->55M(127M) 5.193ms
[2026-04-03T03:34:41.884+0600][19.309s][info][gc,cpu         ] GC(41) User=0.01s Sys=0.00s Real=0.01s
[2026-04-03T03:34:41.884+0600][19.309s][info][gc,marking     ] GC(41) Concurrent Mark 20.478ms
[2026-04-03T03:34:41.884+0600][19.309s][info][gc,marking     ] GC(41) Concurrent Rebuild Remembered Sets and Scrub Regions
[2026-04-03T03:34:41.891+0600][19.316s][info][gc,marking     ] GC(41) Concurrent Rebuild Remembered Sets and Scrub Regions 7.249ms
[2026-04-03T03:34:41.891+0600][19.317s][info][gc,start       ] GC(41) Pause Cleanup
[2026-04-03T03:34:41.892+0600][19.317s][info][gc             ] GC(41) Pause Cleanup 68M->68M(127M) 0.141ms
[2026-04-03T03:34:41.892+0600][19.317s][info][gc,cpu         ] GC(41) User=0.00s Sys=0.00s Real=0.00s
[2026-04-03T03:34:41.892+0600][19.317s][info][gc,marking     ] GC(41) Concurrent Clear Claimed Marks
[2026-04-03T03:34:41.892+0600][19.317s][info][gc,marking     ] GC(41) Concurrent Clear Claimed Marks 0.172ms
[2026-04-03T03:34:41.892+0600][19.317s][info][gc,marking     ] GC(41) Concurrent Cleanup for Next Mark
[2026-04-03T03:34:41.892+0600][19.318s][info][gc,marking     ] GC(41) Concurrent Cleanup for Next Mark 0.431ms
[2026-04-03T03:34:41.892+0600][19.318s][info][gc             ] GC(41) Concurrent Mark Cycle 31.335ms
[2026-04-03T03:34:41.912+0600][19.337s][info][gc,start       ] GC(42) Pause Young (Prepare Mixed) (GCLocker Initiated GC)
[2026-04-03T03:34:41.912+0600][19.338s][info][gc,task        ] GC(42) Using 3 workers of 10 for evacuation
[2026-04-03T03:34:41.918+0600][19.343s][info][gc,phases      ] GC(42)   Pre Evacuate Collection Set: 0.39ms
[2026-04-03T03:34:41.918+0600][19.343s][info][gc,phases      ] GC(42)   Merge Heap Roots: 0.12ms
[2026-04-03T03:34:41.918+0600][19.343s][info][gc,phases      ] GC(42)   Evacuate Collection Set: 3.83ms
[2026-04-03T03:34:41.918+0600][19.343s][info][gc,phases      ] GC(42)   Post Evacuate Collection Set: 0.91ms
[2026-04-03T03:34:41.918+0600][19.343s][info][gc,phases      ] GC(42)   Other: 0.07ms
[2026-04-03T03:34:41.918+0600][19.343s][info][gc,heap        ] GC(42) Eden regions: 76->0(71)
[2026-04-03T03:34:41.918+0600][19.343s][info][gc,heap        ] GC(42) Survivor regions: 5->5(11)
[2026-04-03T03:34:41.918+0600][19.343s][info][gc,heap        ] GC(42) Old regions: 25->25
[2026-04-03T03:34:41.918+0600][19.343s][info][gc,heap        ] GC(42) Humongous regions: 8->8
[2026-04-03T03:34:41.918+0600][19.343s][info][gc,metaspace   ] GC(42) Metaspace: 66626K(67456K)->66626K(67456K) NonClass: 58236K(58688K)->58236K(58688K) Class: 8390K(8768K)->8390K(8768K)
[2026-04-03T03:34:41.918+0600][19.343s][info][gc             ] GC(42) Pause Young (Prepare Mixed) (GCLocker Initiated GC) 112M->36M(127M) 5.547ms
[2026-04-03T03:34:41.918+0600][19.343s][info][gc,cpu         ] GC(42) User=0.02s Sys=0.00s Real=0.00s
[2026-04-03T03:34:41.949+0600][19.374s][info][gc,start       ] GC(43) Pause Young (Mixed) (G1 Evacuation Pause)
[2026-04-03T03:34:41.949+0600][19.374s][info][gc,task        ] GC(43) Using 3 workers of 10 for evacuation
[2026-04-03T03:34:41.956+0600][19.381s][info][gc,phases      ] GC(43)   Pre Evacuate Collection Set: 0.47ms
[2026-04-03T03:34:41.956+0600][19.381s][info][gc,phases      ] GC(43)   Merge Heap Roots: 0.16ms
[2026-04-03T03:34:41.956+0600][19.381s][info][gc,phases      ] GC(43)   Evacuate Collection Set: 4.83ms
[2026-04-03T03:34:41.956+0600][19.381s][info][gc,phases      ] GC(43)   Post Evacuate Collection Set: 1.03ms
[2026-04-03T03:34:41.956+0600][19.381s][info][gc,phases      ] GC(43)   Other: 0.07ms
[2026-04-03T03:34:41.956+0600][19.381s][info][gc,heap        ] GC(43) Eden regions: 71->0(71)
[2026-04-03T03:34:41.956+0600][19.381s][info][gc,heap        ] GC(43) Survivor regions: 5->5(10)
[2026-04-03T03:34:41.956+0600][19.381s][info][gc,heap        ] GC(43) Old regions: 25->25
[2026-04-03T03:34:41.956+0600][19.381s][info][gc,heap        ] GC(43) Humongous regions: 8->8
[2026-04-03T03:34:41.956+0600][19.381s][info][gc,metaspace   ] GC(43) Metaspace: 66632K(67456K)->66632K(67456K) NonClass: 58242K(58688K)->58242K(58688K) Class: 8390K(8768K)->8390K(8768K)
[2026-04-03T03:34:41.956+0600][19.381s][info][gc             ] GC(43) Pause Young (Mixed) (G1 Evacuation Pause) 107M->36M(127M) 6.793ms
[2026-04-03T03:34:41.956+0600][19.381s][info][gc,cpu         ] GC(43) User=0.02s Sys=0.00s Real=0.01s
[2026-04-03T03:34:41.998+0600][19.423s][info][gc,start       ] GC(44) Pause Young (Concurrent Start) (G1 Evacuation Pause)
[2026-04-03T03:34:41.998+0600][19.423s][info][gc,task        ] GC(44) Using 3 workers of 10 for evacuation
[2026-04-03T03:34:42.004+0600][19.429s][info][gc,phases      ] GC(44)   Pre Evacuate Collection Set: 0.40ms
[2026-04-03T03:34:42.004+0600][19.429s][info][gc,phases      ] GC(44)   Merge Heap Roots: 0.18ms
[2026-04-03T03:34:42.004+0600][19.429s][info][gc,phases      ] GC(44)   Evacuate Collection Set: 4.44ms
[2026-04-03T03:34:42.004+0600][19.429s][info][gc,phases      ] GC(44)   Post Evacuate Collection Set: 0.62ms
[2026-04-03T03:34:42.004+0600][19.429s][info][gc,phases      ] GC(44)   Other: 0.23ms
[2026-04-03T03:34:42.004+0600][19.429s][info][gc,heap        ] GC(44) Eden regions: 71->0(71)
[2026-04-03T03:34:42.004+0600][19.429s][info][gc,heap        ] GC(44) Survivor regions: 5->5(10)
[2026-04-03T03:34:42.004+0600][19.429s][info][gc,heap        ] GC(44) Old regions: 25->25
[2026-04-03T03:34:42.004+0600][19.429s][info][gc,heap        ] GC(44) Humongous regions: 8->8
[2026-04-03T03:34:42.004+0600][19.429s][info][gc,metaspace   ] GC(44) Metaspace: 66633K(67456K)->66633K(67456K) NonClass: 58243K(58688K)->58243K(58688K) Class: 8390K(8768K)->8390K(8768K)
[2026-04-03T03:34:42.004+0600][19.429s][info][gc             ] GC(44) Pause Young (Concurrent Start) (G1 Evacuation Pause) 107M->36M(127M) 6.082ms
[2026-04-03T03:34:42.004+0600][19.429s][info][gc,cpu         ] GC(44) User=0.02s Sys=0.00s Real=0.01s
[2026-04-03T03:34:42.004+0600][19.429s][info][gc             ] GC(45) Concurrent Mark Cycle
[2026-04-03T03:34:42.004+0600][19.429s][info][gc,marking     ] GC(45) Concurrent Scan Root Regions
[2026-04-03T03:34:42.006+0600][19.431s][info][gc,marking     ] GC(45) Concurrent Scan Root Regions 1.554ms
[2026-04-03T03:34:42.006+0600][19.431s][info][gc,marking     ] GC(45) Concurrent Mark
[2026-04-03T03:34:42.006+0600][19.431s][info][gc,marking     ] GC(45) Concurrent Mark From Roots
[2026-04-03T03:34:42.006+0600][19.431s][info][gc,task        ] GC(45) Using 3 workers of 3 for marking
[2026-04-03T03:34:42.022+0600][19.447s][info][gc,marking     ] GC(45) Concurrent Mark From Roots 15.829ms
[2026-04-03T03:34:42.022+0600][19.447s][info][gc,marking     ] GC(45) Concurrent Preclean
[2026-04-03T03:34:42.022+0600][19.447s][info][gc,marking     ] GC(45) Concurrent Preclean 0.095ms
[2026-04-03T03:34:42.022+0600][19.447s][info][gc,start       ] GC(45) Pause Remark
[2026-04-03T03:34:42.028+0600][19.453s][info][gc             ] GC(45) Pause Remark 67M->67M(127M) 5.798ms
[2026-04-03T03:34:42.028+0600][19.453s][info][gc,cpu         ] GC(45) User=0.02s Sys=0.00s Real=0.00s
[2026-04-03T03:34:42.028+0600][19.453s][info][gc,marking     ] GC(45) Concurrent Mark 22.278ms
[2026-04-03T03:34:42.028+0600][19.453s][info][gc,marking     ] GC(45) Concurrent Rebuild Remembered Sets and Scrub Regions
[2026-04-03T03:34:42.035+0600][19.460s][info][gc,marking     ] GC(45) Concurrent Rebuild Remembered Sets and Scrub Regions 7.058ms
[2026-04-03T03:34:42.036+0600][19.461s][info][gc,start       ] GC(45) Pause Cleanup
[2026-04-03T03:34:42.036+0600][19.461s][info][gc             ] GC(45) Pause Cleanup 81M->81M(127M) 0.218ms
[2026-04-03T03:34:42.036+0600][19.461s][info][gc,cpu         ] GC(45) User=0.00s Sys=0.00s Real=0.00s
[2026-04-03T03:34:42.036+0600][19.461s][info][gc,marking     ] GC(45) Concurrent Clear Claimed Marks
[2026-04-03T03:34:42.036+0600][19.461s][info][gc,marking     ] GC(45) Concurrent Clear Claimed Marks 0.158ms
[2026-04-03T03:34:42.036+0600][19.461s][info][gc,marking     ] GC(45) Concurrent Cleanup for Next Mark
[2026-04-03T03:34:42.036+0600][19.462s][info][gc,marking     ] GC(45) Concurrent Cleanup for Next Mark 0.324ms
[2026-04-03T03:34:42.036+0600][19.462s][info][gc             ] GC(45) Concurrent Mark Cycle 32.285ms
[2026-04-03T03:34:42.048+0600][19.474s][info][gc,start       ] GC(46) Pause Young (Prepare Mixed) (G1 Evacuation Pause)
[2026-04-03T03:34:42.048+0600][19.474s][info][gc,task        ] GC(46) Using 3 workers of 10 for evacuation
[2026-04-03T03:34:42.054+0600][19.479s][info][gc,phases      ] GC(46)   Pre Evacuate Collection Set: 0.36ms
[2026-04-03T03:34:42.054+0600][19.480s][info][gc,phases      ] GC(46)   Merge Heap Roots: 0.11ms
[2026-04-03T03:34:42.054+0600][19.480s][info][gc,phases      ] GC(46)   Evacuate Collection Set: 4.01ms
[2026-04-03T03:34:42.054+0600][19.480s][info][gc,phases      ] GC(46)   Post Evacuate Collection Set: 1.23ms
[2026-04-03T03:34:42.054+0600][19.480s][info][gc,phases      ] GC(46)   Other: 0.07ms
[2026-04-03T03:34:42.054+0600][19.480s][info][gc,heap        ] GC(46) Eden regions: 71->0(147)
[2026-04-03T03:34:42.054+0600][19.480s][info][gc,heap        ] GC(46) Survivor regions: 5->5(10)
[2026-04-03T03:34:42.054+0600][19.480s][info][gc,heap        ] GC(46) Old regions: 25->25
[2026-04-03T03:34:42.054+0600][19.480s][info][gc,heap        ] GC(46) Humongous regions: 8->8
[2026-04-03T03:34:42.054+0600][19.480s][info][gc,metaspace   ] GC(46) Metaspace: 66642K(67456K)->66642K(67456K) NonClass: 58251K(58688K)->58251K(58688K) Class: 8391K(8768K)->8391K(8768K)
[2026-04-03T03:34:42.054+0600][19.480s][info][gc             ] GC(46) Pause Young (Prepare Mixed) (G1 Evacuation Pause) 107M->36M(254M) 6.007ms
[2026-04-03T03:34:42.054+0600][19.480s][info][gc,cpu         ] GC(46) User=0.01s Sys=0.00s Real=0.01s
[2026-04-03T03:34:42.153+0600][19.578s][info][gc,start       ] GC(47) Pause Young (Mixed) (G1 Evacuation Pause)
[2026-04-03T03:34:42.153+0600][19.578s][info][gc,task        ] GC(47) Using 6 workers of 10 for evacuation
[2026-04-03T03:34:42.157+0600][19.583s][info][gc,phases      ] GC(47)   Pre Evacuate Collection Set: 0.44ms
[2026-04-03T03:34:42.157+0600][19.583s][info][gc,phases      ] GC(47)   Merge Heap Roots: 0.23ms
[2026-04-03T03:34:42.157+0600][19.583s][info][gc,phases      ] GC(47)   Evacuate Collection Set: 2.97ms
[2026-04-03T03:34:42.157+0600][19.583s][info][gc,phases      ] GC(47)   Post Evacuate Collection Set: 0.93ms
[2026-04-03T03:34:42.157+0600][19.583s][info][gc,phases      ] GC(47)   Other: 0.15ms
[2026-04-03T03:34:42.158+0600][19.583s][info][gc,heap        ] GC(47) Eden regions: 147->0(147)
[2026-04-03T03:34:42.158+0600][19.583s][info][gc,heap        ] GC(47) Survivor regions: 5->5(19)
[2026-04-03T03:34:42.158+0600][19.583s][info][gc,heap        ] GC(47) Old regions: 25->25
[2026-04-03T03:34:42.158+0600][19.583s][info][gc,heap        ] GC(47) Humongous regions: 8->8
[2026-04-03T03:34:42.158+0600][19.583s][info][gc,metaspace   ] GC(47) Metaspace: 66766K(67648K)->66766K(67648K) NonClass: 58350K(58880K)->58350K(58880K) Class: 8415K(8768K)->8415K(8768K)
[2026-04-03T03:34:42.158+0600][19.583s][info][gc             ] GC(47) Pause Young (Mixed) (G1 Evacuation Pause) 183M->36M(254M) 4.971ms
[2026-04-03T03:34:42.158+0600][19.583s][info][gc,cpu         ] GC(47) User=0.02s Sys=0.01s Real=0.00s
[2026-04-03T03:34:42.220+0600][19.646s][info][gc,start       ] GC(48) Pause Young (Concurrent Start) (G1 Evacuation Pause)
[2026-04-03T03:34:42.220+0600][19.646s][info][gc,task        ] GC(48) Using 6 workers of 10 for evacuation
[2026-04-03T03:34:42.224+0600][19.650s][info][gc,phases      ] GC(48)   Pre Evacuate Collection Set: 0.42ms
[2026-04-03T03:34:42.225+0600][19.650s][info][gc,phases      ] GC(48)   Merge Heap Roots: 0.17ms
[2026-04-03T03:34:42.225+0600][19.650s][info][gc,phases      ] GC(48)   Evacuate Collection Set: 2.42ms
[2026-04-03T03:34:42.225+0600][19.650s][info][gc,phases      ] GC(48)   Post Evacuate Collection Set: 0.78ms
[2026-04-03T03:34:42.225+0600][19.650s][info][gc,phases      ] GC(48)   Other: 0.19ms
[2026-04-03T03:34:42.225+0600][19.650s][info][gc,heap        ] GC(48) Eden regions: 147->0(147)
[2026-04-03T03:34:42.225+0600][19.650s][info][gc,heap        ] GC(48) Survivor regions: 5->5(19)
[2026-04-03T03:34:42.225+0600][19.650s][info][gc,heap        ] GC(48) Old regions: 25->25
[2026-04-03T03:34:42.225+0600][19.650s][info][gc,heap        ] GC(48) Humongous regions: 8->8
[2026-04-03T03:34:42.225+0600][19.650s][info][gc,metaspace   ] GC(48) Metaspace: 66766K(67648K)->66766K(67648K) NonClass: 58350K(58880K)->58350K(58880K) Class: 8415K(8768K)->8415K(8768K)
[2026-04-03T03:34:42.225+0600][19.650s][info][gc             ] GC(48) Pause Young (Concurrent Start) (G1 Evacuation Pause) 183M->36M(254M) 4.204ms
[2026-04-03T03:34:42.225+0600][19.650s][info][gc,cpu         ] GC(48) User=0.02s Sys=0.00s Real=0.00s
[2026-04-03T03:34:42.225+0600][19.650s][info][gc             ] GC(49) Concurrent Mark Cycle
[2026-04-03T03:34:42.225+0600][19.650s][info][gc,marking     ] GC(49) Concurrent Scan Root Regions
[2026-04-03T03:34:42.227+0600][19.652s][info][gc,marking     ] GC(49) Concurrent Scan Root Regions 1.780ms
[2026-04-03T03:34:42.227+0600][19.652s][info][gc,marking     ] GC(49) Concurrent Mark
[2026-04-03T03:34:42.227+0600][19.652s][info][gc,marking     ] GC(49) Concurrent Mark From Roots
[2026-04-03T03:34:42.227+0600][19.652s][info][gc,task        ] GC(49) Using 3 workers of 3 for marking
[2026-04-03T03:34:42.241+0600][19.667s][info][gc,marking     ] GC(49) Concurrent Mark From Roots 14.778ms
[2026-04-03T03:34:42.241+0600][19.667s][info][gc,marking     ] GC(49) Concurrent Preclean
[2026-04-03T03:34:42.242+0600][19.667s][info][gc,marking     ] GC(49) Concurrent Preclean 0.118ms
[2026-04-03T03:34:42.242+0600][19.667s][info][gc,start       ] GC(49) Pause Remark
[2026-04-03T03:34:42.246+0600][19.671s][info][gc             ] GC(49) Pause Remark 65M->65M(127M) 4.264ms
[2026-04-03T03:34:42.246+0600][19.671s][info][gc,cpu         ] GC(49) User=0.02s Sys=0.00s Real=0.00s
[2026-04-03T03:34:42.246+0600][19.671s][info][gc,marking     ] GC(49) Concurrent Mark 19.600ms
[2026-04-03T03:34:42.246+0600][19.672s][info][gc,marking     ] GC(49) Concurrent Rebuild Remembered Sets and Scrub Regions
[2026-04-03T03:34:42.253+0600][19.678s][info][gc,marking     ] GC(49) Concurrent Rebuild Remembered Sets and Scrub Regions 6.914ms
[2026-04-03T03:34:42.253+0600][19.679s][info][gc,start       ] GC(49) Pause Cleanup
[2026-04-03T03:34:42.254+0600][19.679s][info][gc             ] GC(49) Pause Cleanup 78M->78M(127M) 0.253ms
[2026-04-03T03:34:42.254+0600][19.679s][info][gc,cpu         ] GC(49) User=0.00s Sys=0.00s Real=0.00s
[2026-04-03T03:34:42.254+0600][19.679s][info][gc,marking     ] GC(49) Concurrent Clear Claimed Marks
[2026-04-03T03:34:42.254+0600][19.679s][info][gc,marking     ] GC(49) Concurrent Clear Claimed Marks 0.196ms
[2026-04-03T03:34:42.254+0600][19.679s][info][gc,marking     ] GC(49) Concurrent Cleanup for Next Mark
[2026-04-03T03:34:42.254+0600][19.680s][info][gc,marking     ] GC(49) Concurrent Cleanup for Next Mark 0.404ms
[2026-04-03T03:34:42.255+0600][19.680s][info][gc             ] GC(49) Concurrent Mark Cycle 29.804ms
[2026-04-03T03:34:42.275+0600][19.701s][info][gc,start       ] GC(50) Pause Young (Prepare Mixed) (G1 Evacuation Pause)
[2026-04-03T03:34:42.275+0600][19.701s][info][gc,task        ] GC(50) Using 4 workers of 10 for evacuation
[2026-04-03T03:34:42.280+0600][19.706s][info][gc,phases      ] GC(50)   Pre Evacuate Collection Set: 0.37ms
[2026-04-03T03:34:42.280+0600][19.706s][info][gc,phases      ] GC(50)   Merge Heap Roots: 0.34ms
[2026-04-03T03:34:42.280+0600][19.706s][info][gc,phases      ] GC(50)   Evacuate Collection Set: 3.22ms
[2026-04-03T03:34:42.280+0600][19.706s][info][gc,phases      ] GC(50)   Post Evacuate Collection Set: 0.79ms
[2026-04-03T03:34:42.280+0600][19.706s][info][gc,phases      ] GC(50)   Other: 0.09ms
[2026-04-03T03:34:42.280+0600][19.706s][info][gc,heap        ] GC(50) Eden regions: 86->0(73)
[2026-04-03T03:34:42.280+0600][19.706s][info][gc,heap        ] GC(50) Survivor regions: 5->5(12)
[2026-04-03T03:34:42.280+0600][19.706s][info][gc,heap        ] GC(50) Old regions: 25->26
[2026-04-03T03:34:42.280+0600][19.706s][info][gc,heap        ] GC(50) Humongous regions: 8->8
[2026-04-03T03:34:42.280+0600][19.706s][info][gc,metaspace   ] GC(50) Metaspace: 66766K(67648K)->66766K(67648K) NonClass: 58350K(58880K)->58350K(58880K) Class: 8415K(8768K)->8415K(8768K)
[2026-04-03T03:34:42.280+0600][19.706s][info][gc             ] GC(50) Pause Young (Prepare Mixed) (G1 Evacuation Pause) 122M->36M(130M) 5.029ms
[2026-04-03T03:34:42.280+0600][19.706s][info][gc,cpu         ] GC(50) User=0.01s Sys=0.00s Real=0.01s
[2026-04-03T03:34:42.312+0600][19.738s][info][gc,start       ] GC(51) Pause Young (Mixed) (G1 Evacuation Pause)
[2026-04-03T03:34:42.312+0600][19.738s][info][gc,task        ] GC(51) Using 3 workers of 10 for evacuation
[2026-04-03T03:34:42.319+0600][19.744s][info][gc,phases      ] GC(51)   Pre Evacuate Collection Set: 0.28ms
[2026-04-03T03:34:42.319+0600][19.745s][info][gc,phases      ] GC(51)   Merge Heap Roots: 0.24ms
[2026-04-03T03:34:42.319+0600][19.745s][info][gc,phases      ] GC(51)   Evacuate Collection Set: 4.29ms
[2026-04-03T03:34:42.319+0600][19.745s][info][gc,phases      ] GC(51)   Post Evacuate Collection Set: 1.95ms
[2026-04-03T03:34:42.319+0600][19.745s][info][gc,phases      ] GC(51)   Other: 0.07ms
[2026-04-03T03:34:42.319+0600][19.745s][info][gc,heap        ] GC(51) Eden regions: 73->0(159)
[2026-04-03T03:34:42.319+0600][19.745s][info][gc,heap        ] GC(51) Survivor regions: 5->3(10)
[2026-04-03T03:34:42.319+0600][19.745s][info][gc,heap        ] GC(51) Old regions: 26->27
[2026-04-03T03:34:42.319+0600][19.745s][info][gc,heap        ] GC(51) Humongous regions: 8->8
[2026-04-03T03:34:42.319+0600][19.745s][info][gc,metaspace   ] GC(51) Metaspace: 66766K(67648K)->66766K(67648K) NonClass: 58351K(58880K)->58351K(58880K) Class: 8415K(8768K)->8415K(8768K)
[2026-04-03T03:34:42.319+0600][19.745s][info][gc             ] GC(51) Pause Young (Mixed) (G1 Evacuation Pause) 109M->36M(271M) 7.035ms
[2026-04-03T03:34:42.319+0600][19.745s][info][gc,cpu         ] GC(51) User=0.01s Sys=0.00s Real=0.00s
[2026-04-03T03:34:42.393+0600][19.819s][info][gc,start       ] GC(52) Pause Young (Concurrent Start) (G1 Evacuation Pause)
[2026-04-03T03:34:42.393+0600][19.819s][info][gc,task        ] GC(52) Using 6 workers of 10 for evacuation
[2026-04-03T03:34:42.396+0600][19.822s][info][gc,phases      ] GC(52)   Pre Evacuate Collection Set: 0.44ms
[2026-04-03T03:34:42.397+0600][19.822s][info][gc,phases      ] GC(52)   Merge Heap Roots: 0.09ms
[2026-04-03T03:34:42.397+0600][19.822s][info][gc,phases      ] GC(52)   Evacuate Collection Set: 1.39ms
[2026-04-03T03:34:42.397+0600][19.822s][info][gc,phases      ] GC(52)   Post Evacuate Collection Set: 0.89ms
[2026-04-03T03:34:42.397+0600][19.822s][info][gc,phases      ] GC(52)   Other: 0.19ms
[2026-04-03T03:34:42.397+0600][19.822s][info][gc,heap        ] GC(52) Eden regions: 159->0(159)
[2026-04-03T03:34:42.397+0600][19.822s][info][gc,heap        ] GC(52) Survivor regions: 3->3(21)
[2026-04-03T03:34:42.397+0600][19.822s][info][gc,heap        ] GC(52) Old regions: 27->28
[2026-04-03T03:34:42.397+0600][19.822s][info][gc,heap        ] GC(52) Humongous regions: 8->8
[2026-04-03T03:34:42.397+0600][19.822s][info][gc,metaspace   ] GC(52) Metaspace: 66779K(67648K)->66779K(67648K) NonClass: 58364K(58880K)->58364K(58880K) Class: 8415K(8768K)->8415K(8768K)
[2026-04-03T03:34:42.397+0600][19.822s][info][gc             ] GC(52) Pause Young (Concurrent Start) (G1 Evacuation Pause) 195M->36M(271M) 3.331ms
[2026-04-03T03:34:42.397+0600][19.822s][info][gc,cpu         ] GC(52) User=0.02s Sys=0.00s Real=0.00s
[2026-04-03T03:34:42.397+0600][19.822s][info][gc             ] GC(53) Concurrent Mark Cycle
[2026-04-03T03:34:42.397+0600][19.822s][info][gc,marking     ] GC(53) Concurrent Scan Root Regions
[2026-04-03T03:34:42.398+0600][19.824s][info][gc,marking     ] GC(53) Concurrent Scan Root Regions 1.405ms
[2026-04-03T03:34:42.398+0600][19.824s][info][gc,marking     ] GC(53) Concurrent Mark
[2026-04-03T03:34:42.398+0600][19.824s][info][gc,marking     ] GC(53) Concurrent Mark From Roots
[2026-04-03T03:34:42.398+0600][19.824s][info][gc,task        ] GC(53) Using 3 workers of 3 for marking
[2026-04-03T03:34:42.414+0600][19.840s][info][gc,marking     ] GC(53) Concurrent Mark From Roots 15.922ms
[2026-04-03T03:34:42.414+0600][19.840s][info][gc,marking     ] GC(53) Concurrent Preclean
[2026-04-03T03:34:42.415+0600][19.840s][info][gc,marking     ] GC(53) Concurrent Preclean 0.178ms
[2026-04-03T03:34:42.415+0600][19.840s][info][gc,start       ] GC(53) Pause Remark
[2026-04-03T03:34:42.426+0600][19.851s][info][gc             ] GC(53) Pause Remark 61M->61M(130M) 10.763ms
[2026-04-03T03:34:42.426+0600][19.851s][info][gc,cpu         ] GC(53) User=0.05s Sys=0.00s Real=0.01s
[2026-04-03T03:34:42.426+0600][19.851s][info][gc,marking     ] GC(53) Concurrent Mark 27.603ms
[2026-04-03T03:34:42.426+0600][19.851s][info][gc,marking     ] GC(53) Concurrent Rebuild Remembered Sets and Scrub Regions
[2026-04-03T03:34:42.436+0600][19.861s][info][gc,marking     ] GC(53) Concurrent Rebuild Remembered Sets and Scrub Regions 9.888ms
[2026-04-03T03:34:42.436+0600][19.861s][info][gc,start       ] GC(53) Pause Cleanup
[2026-04-03T03:34:42.437+0600][19.862s][info][gc             ] GC(53) Pause Cleanup 74M->74M(130M) 0.292ms
[2026-04-03T03:34:42.437+0600][19.862s][info][gc,cpu         ] GC(53) User=0.00s Sys=0.00s Real=0.00s
[2026-04-03T03:34:42.437+0600][19.862s][info][gc,marking     ] GC(53) Concurrent Clear Claimed Marks
[2026-04-03T03:34:42.437+0600][19.862s][info][gc,marking     ] GC(53) Concurrent Clear Claimed Marks 0.197ms
[2026-04-03T03:34:42.437+0600][19.862s][info][gc,marking     ] GC(53) Concurrent Cleanup for Next Mark
[2026-04-03T03:34:42.437+0600][19.862s][info][gc,marking     ] GC(53) Concurrent Cleanup for Next Mark 0.386ms
[2026-04-03T03:34:42.437+0600][19.863s][info][gc             ] GC(53) Concurrent Mark Cycle 40.459ms
[2026-04-03T03:34:42.457+0600][19.882s][info][gc,start       ] GC(54) Pause Young (Prepare Mixed) (G1 Evacuation Pause)
[2026-04-03T03:34:42.457+0600][19.882s][info][gc,task        ] GC(54) Using 4 workers of 10 for evacuation
[2026-04-03T03:34:42.460+0600][19.885s][info][gc,phases      ] GC(54)   Pre Evacuate Collection Set: 0.35ms
[2026-04-03T03:34:42.460+0600][19.886s][info][gc,phases      ] GC(54)   Merge Heap Roots: 0.31ms
[2026-04-03T03:34:42.460+0600][19.886s][info][gc,phases      ] GC(54)   Evacuate Collection Set: 1.63ms
[2026-04-03T03:34:42.460+0600][19.886s][info][gc,phases      ] GC(54)   Post Evacuate Collection Set: 0.65ms
[2026-04-03T03:34:42.460+0600][19.886s][info][gc,phases      ] GC(54)   Other: 0.09ms
[2026-04-03T03:34:42.460+0600][19.886s][info][gc,heap        ] GC(54) Eden regions: 75->0(77)
[2026-04-03T03:34:42.460+0600][19.886s][info][gc,heap        ] GC(54) Survivor regions: 3->1(10)
[2026-04-03T03:34:42.460+0600][19.886s][info][gc,heap        ] GC(54) Old regions: 28->31
[2026-04-03T03:34:42.460+0600][19.886s][info][gc,heap        ] GC(54) Humongous regions: 8->8
[2026-04-03T03:34:42.460+0600][19.886s][info][gc,metaspace   ] GC(54) Metaspace: 66686K(67648K)->66686K(67648K) NonClass: 58298K(58880K)->58298K(58880K) Class: 8387K(8768K)->8387K(8768K)
[2026-04-03T03:34:42.460+0600][19.886s][info][gc             ] GC(54) Pause Young (Prepare Mixed) (G1 Evacuation Pause) 111M->36M(130M) 3.278ms
[2026-04-03T03:34:42.460+0600][19.886s][info][gc,cpu         ] GC(54) User=0.01s Sys=0.00s Real=0.01s
[2026-04-03T03:34:42.497+0600][19.922s][info][gc,start       ] GC(55) Pause Young (Mixed) (G1 Evacuation Pause)
[2026-04-03T03:34:42.497+0600][19.922s][info][gc,task        ] GC(55) Using 3 workers of 10 for evacuation
[2026-04-03T03:34:42.499+0600][19.924s][info][gc,phases      ] GC(55)   Pre Evacuate Collection Set: 0.29ms
[2026-04-03T03:34:42.499+0600][19.924s][info][gc,phases      ] GC(55)   Merge Heap Roots: 0.24ms
[2026-04-03T03:34:42.499+0600][19.924s][info][gc,phases      ] GC(55)   Evacuate Collection Set: 0.87ms
[2026-04-03T03:34:42.499+0600][19.924s][info][gc,phases      ] GC(55)   Post Evacuate Collection Set: 0.47ms
[2026-04-03T03:34:42.499+0600][19.924s][info][gc,phases      ] GC(55)   Other: 0.07ms
[2026-04-03T03:34:42.499+0600][19.924s][info][gc,heap        ] GC(55) Eden regions: 77->0(77)
[2026-04-03T03:34:42.499+0600][19.924s][info][gc,heap        ] GC(55) Survivor regions: 1->1(10)
[2026-04-03T03:34:42.499+0600][19.924s][info][gc,heap        ] GC(55) Old regions: 31->30
[2026-04-03T03:34:42.499+0600][19.924s][info][gc,heap        ] GC(55) Humongous regions: 8->8
[2026-04-03T03:34:42.499+0600][19.924s][info][gc,metaspace   ] GC(55) Metaspace: 66686K(67648K)->66686K(67648K) NonClass: 58298K(58880K)->58298K(58880K) Class: 8387K(8768K)->8387K(8768K)
[2026-04-03T03:34:42.499+0600][19.924s][info][gc             ] GC(55) Pause Young (Mixed) (G1 Evacuation Pause) 113M->36M(130M) 2.133ms
[2026-04-03T03:34:42.499+0600][19.924s][info][gc,cpu         ] GC(55) User=0.01s Sys=0.00s Real=0.00s
[2026-04-03T03:34:42.544+0600][19.969s][info][gc,start       ] GC(56) Pause Young (Concurrent Start) (G1 Evacuation Pause)
[2026-04-03T03:34:42.544+0600][19.969s][info][gc,task        ] GC(56) Using 3 workers of 10 for evacuation
[2026-04-03T03:34:42.547+0600][19.972s][info][gc,phases      ] GC(56)   Pre Evacuate Collection Set: 0.32ms
[2026-04-03T03:34:42.547+0600][19.972s][info][gc,phases      ] GC(56)   Merge Heap Roots: 0.08ms
[2026-04-03T03:34:42.547+0600][19.972s][info][gc,phases      ] GC(56)   Evacuate Collection Set: 1.23ms
[2026-04-03T03:34:42.547+0600][19.972s][info][gc,phases      ] GC(56)   Post Evacuate Collection Set: 1.21ms
[2026-04-03T03:34:42.547+0600][19.972s][info][gc,phases      ] GC(56)   Other: 0.16ms
[2026-04-03T03:34:42.547+0600][19.972s][info][gc,heap        ] GC(56) Eden regions: 77->0(155)
[2026-04-03T03:34:42.547+0600][19.972s][info][gc,heap        ] GC(56) Survivor regions: 1->1(10)
[2026-04-03T03:34:42.547+0600][19.972s][info][gc,heap        ] GC(56) Old regions: 30->30
[2026-04-03T03:34:42.547+0600][19.972s][info][gc,heap        ] GC(56) Humongous regions: 8->8
[2026-04-03T03:34:42.547+0600][19.972s][info][gc,metaspace   ] GC(56) Metaspace: 66686K(67648K)->66686K(67648K) NonClass: 58298K(58880K)->58298K(58880K) Class: 8387K(8768K)->8387K(8768K)
[2026-04-03T03:34:42.547+0600][19.973s][info][gc             ] GC(56) Pause Young (Concurrent Start) (G1 Evacuation Pause) 113M->36M(260M) 3.195ms
[2026-04-03T03:34:42.547+0600][19.973s][info][gc,cpu         ] GC(56) User=0.00s Sys=0.00s Real=0.00s
[2026-04-03T03:34:42.547+0600][19.973s][info][gc             ] GC(57) Concurrent Mark Cycle
[2026-04-03T03:34:42.547+0600][19.973s][info][gc,marking     ] GC(57) Concurrent Scan Root Regions
[2026-04-03T03:34:42.548+0600][19.973s][info][gc,marking     ] GC(57) Concurrent Scan Root Regions 0.670ms
[2026-04-03T03:34:42.548+0600][19.973s][info][gc,marking     ] GC(57) Concurrent Mark
[2026-04-03T03:34:42.548+0600][19.973s][info][gc,marking     ] GC(57) Concurrent Mark From Roots
[2026-04-03T03:34:42.548+0600][19.973s][info][gc,task        ] GC(57) Using 3 workers of 3 for marking
[2026-04-03T03:34:42.567+0600][19.992s][info][gc,marking     ] GC(57) Concurrent Mark From Roots 18.462ms
[2026-04-03T03:34:42.567+0600][19.992s][info][gc,marking     ] GC(57) Concurrent Preclean
[2026-04-03T03:34:42.567+0600][19.992s][info][gc,marking     ] GC(57) Concurrent Preclean 0.177ms
[2026-04-03T03:34:42.567+0600][19.992s][info][gc,start       ] GC(57) Pause Remark
[2026-04-03T03:34:42.578+0600][20.003s][info][gc             ] GC(57) Pause Remark 65M->65M(130M) 10.584ms
[2026-04-03T03:34:42.578+0600][20.003s][info][gc,cpu         ] GC(57) User=0.02s Sys=0.00s Real=0.01s
[2026-04-03T03:34:42.578+0600][20.003s][info][gc,marking     ] GC(57) Concurrent Mark 29.881ms
[2026-04-03T03:34:42.578+0600][20.003s][info][gc,marking     ] GC(57) Concurrent Rebuild Remembered Sets and Scrub Regions
[2026-04-03T03:34:42.588+0600][20.013s][info][gc,marking     ] GC(57) Concurrent Rebuild Remembered Sets and Scrub Regions 9.745ms
[2026-04-03T03:34:42.588+0600][20.013s][info][gc,start       ] GC(57) Pause Cleanup
[2026-04-03T03:34:42.589+0600][20.014s][info][gc             ] GC(57) Pause Cleanup 80M->80M(130M) 0.350ms
[2026-04-03T03:34:42.589+0600][20.014s][info][gc,cpu         ] GC(57) User=0.00s Sys=0.00s Real=0.00s
[2026-04-03T03:34:42.589+0600][20.014s][info][gc,marking     ] GC(57) Concurrent Clear Claimed Marks
[2026-04-03T03:34:42.589+0600][20.014s][info][gc,marking     ] GC(57) Concurrent Clear Claimed Marks 0.182ms
[2026-04-03T03:34:42.589+0600][20.014s][info][gc,marking     ] GC(57) Concurrent Cleanup for Next Mark
[2026-04-03T03:34:42.589+0600][20.014s][info][gc,marking     ] GC(57) Concurrent Cleanup for Next Mark 0.323ms
[2026-04-03T03:34:42.589+0600][20.015s][info][gc             ] GC(57) Concurrent Mark Cycle 41.968ms
[2026-04-03T03:34:42.606+0600][20.031s][info][gc,start       ] GC(58) Pause Young (Prepare Mixed) (G1 Evacuation Pause)
[2026-04-03T03:34:42.606+0600][20.031s][info][gc,task        ] GC(58) Using 3 workers of 10 for evacuation
[2026-04-03T03:34:42.609+0600][20.034s][info][gc,phases      ] GC(58)   Pre Evacuate Collection Set: 0.31ms
[2026-04-03T03:34:42.609+0600][20.034s][info][gc,phases      ] GC(58)   Merge Heap Roots: 0.17ms
[2026-04-03T03:34:42.609+0600][20.034s][info][gc,phases      ] GC(58)   Evacuate Collection Set: 1.07ms
[2026-04-03T03:34:42.609+0600][20.034s][info][gc,phases      ] GC(58)   Post Evacuate Collection Set: 0.87ms
[2026-04-03T03:34:42.609+0600][20.034s][info][gc,phases      ] GC(58)   Other: 0.11ms
[2026-04-03T03:34:42.609+0600][20.034s][info][gc,heap        ] GC(58) Eden regions: 77->0(77)
[2026-04-03T03:34:42.609+0600][20.034s][info][gc,heap        ] GC(58) Survivor regions: 1->1(10)
[2026-04-03T03:34:42.609+0600][20.034s][info][gc,heap        ] GC(58) Old regions: 30->30
[2026-04-03T03:34:42.609+0600][20.034s][info][gc,heap        ] GC(58) Humongous regions: 8->8
[2026-04-03T03:34:42.609+0600][20.034s][info][gc,metaspace   ] GC(58) Metaspace: 66619K(67648K)->66619K(67648K) NonClass: 58251K(58880K)->58251K(58880K) Class: 8367K(8768K)->8367K(8768K)
[2026-04-03T03:34:42.609+0600][20.034s][info][gc             ] GC(58) Pause Young (Prepare Mixed) (G1 Evacuation Pause) 113M->36M(130M) 2.849ms
[2026-04-03T03:34:42.609+0600][20.034s][info][gc,cpu         ] GC(58) User=0.00s Sys=0.00s Real=0.00s
[2026-04-03T03:34:42.645+0600][20.070s][info][gc,start       ] GC(59) Pause Young (Mixed) (G1 Evacuation Pause)
[2026-04-03T03:34:42.645+0600][20.070s][info][gc,task        ] GC(59) Using 3 workers of 10 for evacuation
[2026-04-03T03:34:42.647+0600][20.073s][info][gc,phases      ] GC(59)   Pre Evacuate Collection Set: 0.29ms
[2026-04-03T03:34:42.647+0600][20.073s][info][gc,phases      ] GC(59)   Merge Heap Roots: 0.13ms
[2026-04-03T03:34:42.647+0600][20.073s][info][gc,phases      ] GC(59)   Evacuate Collection Set: 1.00ms
[2026-04-03T03:34:42.647+0600][20.073s][info][gc,phases      ] GC(59)   Post Evacuate Collection Set: 0.86ms
[2026-04-03T03:34:42.647+0600][20.073s][info][gc,phases      ] GC(59)   Other: 0.09ms
[2026-04-03T03:34:42.648+0600][20.073s][info][gc,heap        ] GC(59) Eden regions: 77->0(77)
[2026-04-03T03:34:42.648+0600][20.073s][info][gc,heap        ] GC(59) Survivor regions: 1->1(10)
[2026-04-03T03:34:42.648+0600][20.073s][info][gc,heap        ] GC(59) Old regions: 30->30
[2026-04-03T03:34:42.648+0600][20.073s][info][gc,heap        ] GC(59) Humongous regions: 8->8
[2026-04-03T03:34:42.648+0600][20.073s][info][gc,metaspace   ] GC(59) Metaspace: 66619K(67648K)->66619K(67648K) NonClass: 58251K(58880K)->58251K(58880K) Class: 8367K(8768K)->8367K(8768K)
[2026-04-03T03:34:42.648+0600][20.073s][info][gc             ] GC(59) Pause Young (Mixed) (G1 Evacuation Pause) 113M->36M(130M) 2.629ms
[2026-04-03T03:34:42.648+0600][20.073s][info][gc,cpu         ] GC(59) User=0.01s Sys=0.00s Real=0.00s
[2026-04-03T03:34:42.685+0600][20.111s][info][gc,start       ] GC(60) Pause Young (Concurrent Start) (G1 Evacuation Pause)
[2026-04-03T03:34:42.685+0600][20.111s][info][gc,task        ] GC(60) Using 3 workers of 10 for evacuation
[2026-04-03T03:34:42.688+0600][20.114s][info][gc,phases      ] GC(60)   Pre Evacuate Collection Set: 0.38ms
[2026-04-03T03:34:42.688+0600][20.114s][info][gc,phases      ] GC(60)   Merge Heap Roots: 0.17ms
[2026-04-03T03:34:42.688+0600][20.114s][info][gc,phases      ] GC(60)   Evacuate Collection Set: 1.11ms
[2026-04-03T03:34:42.688+0600][20.114s][info][gc,phases      ] GC(60)   Post Evacuate Collection Set: 0.99ms
[2026-04-03T03:34:42.688+0600][20.114s][info][gc,phases      ] GC(60)   Other: 0.20ms
[2026-04-03T03:34:42.688+0600][20.114s][info][gc,heap        ] GC(60) Eden regions: 77->0(77)
[2026-04-03T03:34:42.688+0600][20.114s][info][gc,heap        ] GC(60) Survivor regions: 1->1(10)
[2026-04-03T03:34:42.688+0600][20.114s][info][gc,heap        ] GC(60) Old regions: 30->30
[2026-04-03T03:34:42.688+0600][20.114s][info][gc,heap        ] GC(60) Humongous regions: 8->8
[2026-04-03T03:34:42.688+0600][20.114s][info][gc,metaspace   ] GC(60) Metaspace: 66619K(67648K)->66619K(67648K) NonClass: 58251K(58880K)->58251K(58880K) Class: 8367K(8768K)->8367K(8768K)
[2026-04-03T03:34:42.688+0600][20.114s][info][gc             ] GC(60) Pause Young (Concurrent Start) (G1 Evacuation Pause) 113M->36M(130M) 3.135ms
[2026-04-03T03:34:42.688+0600][20.114s][info][gc             ] GC(61) Concurrent Mark Cycle
[2026-04-03T03:34:42.689+0600][20.114s][info][gc,marking     ] GC(61) Concurrent Scan Root Regions
[2026-04-03T03:34:42.688+0600][20.114s][info][gc,cpu         ] GC(60) User=0.01s Sys=0.00s Real=0.00s
[2026-04-03T03:34:42.690+0600][20.115s][info][gc,marking     ] GC(61) Concurrent Scan Root Regions 1.072ms
[2026-04-03T03:34:42.690+0600][20.115s][info][gc,marking     ] GC(61) Concurrent Mark
[2026-04-03T03:34:42.690+0600][20.115s][info][gc,marking     ] GC(61) Concurrent Mark From Roots
[2026-04-03T03:34:42.690+0600][20.115s][info][gc,task        ] GC(61) Using 3 workers of 3 for marking
[2026-04-03T03:34:42.712+0600][20.138s][info][gc,marking     ] GC(61) Concurrent Mark From Roots 22.735ms
[2026-04-03T03:34:42.712+0600][20.138s][info][gc,marking     ] GC(61) Concurrent Preclean
[2026-04-03T03:34:42.713+0600][20.138s][info][gc,marking     ] GC(61) Concurrent Preclean 0.156ms
[2026-04-03T03:34:42.713+0600][20.138s][info][gc,start       ] GC(61) Pause Remark
[2026-04-03T03:34:42.718+0600][20.143s][info][gc             ] GC(61) Pause Remark 69M->69M(130M) 5.229ms
[2026-04-03T03:34:42.718+0600][20.143s][info][gc,cpu         ] GC(61) User=0.02s Sys=0.00s Real=0.00s
[2026-04-03T03:34:42.718+0600][20.144s][info][gc,marking     ] GC(61) Concurrent Mark 28.781ms
[2026-04-03T03:34:42.718+0600][20.144s][info][gc,marking     ] GC(61) Concurrent Rebuild Remembered Sets and Scrub Regions
[2026-04-03T03:34:42.728+0600][20.154s][info][gc,marking     ] GC(61) Concurrent Rebuild Remembered Sets and Scrub Regions 9.920ms
[2026-04-03T03:34:42.729+0600][20.154s][info][gc,start       ] GC(61) Pause Cleanup
[2026-04-03T03:34:42.729+0600][20.154s][info][gc             ] GC(61) Pause Cleanup 85M->85M(130M) 0.339ms
[2026-04-03T03:34:42.729+0600][20.154s][info][gc,cpu         ] GC(61) User=0.00s Sys=0.01s Real=0.00s
[2026-04-03T03:34:42.729+0600][20.154s][info][gc,marking     ] GC(61) Concurrent Clear Claimed Marks
[2026-04-03T03:34:42.729+0600][20.155s][info][gc,marking     ] GC(61) Concurrent Clear Claimed Marks 0.181ms
[2026-04-03T03:34:42.729+0600][20.155s][info][gc,marking     ] GC(61) Concurrent Cleanup for Next Mark
[2026-04-03T03:34:42.730+0600][20.155s][info][gc,marking     ] GC(61) Concurrent Cleanup for Next Mark 0.265ms
[2026-04-03T03:34:42.730+0600][20.155s][info][gc             ] GC(61) Concurrent Mark Cycle 41.276ms
[2026-04-03T03:34:42.745+0600][20.170s][info][gc,start       ] GC(62) Pause Young (Prepare Mixed) (G1 Evacuation Pause)
[2026-04-03T03:34:42.745+0600][20.170s][info][gc,task        ] GC(62) Using 3 workers of 10 for evacuation
[2026-04-03T03:34:42.748+0600][20.173s][info][gc,phases      ] GC(62)   Pre Evacuate Collection Set: 0.48ms
[2026-04-03T03:34:42.748+0600][20.173s][info][gc,phases      ] GC(62)   Merge Heap Roots: 0.22ms
[2026-04-03T03:34:42.748+0600][20.173s][info][gc,phases      ] GC(62)   Evacuate Collection Set: 1.13ms
[2026-04-03T03:34:42.748+0600][20.173s][info][gc,phases      ] GC(62)   Post Evacuate Collection Set: 1.14ms
[2026-04-03T03:34:42.748+0600][20.173s][info][gc,phases      ] GC(62)   Other: 0.08ms
[2026-04-03T03:34:42.748+0600][20.174s][info][gc,heap        ] GC(62) Eden regions: 77->0(124)
[2026-04-03T03:34:42.748+0600][20.174s][info][gc,heap        ] GC(62) Survivor regions: 1->1(10)
[2026-04-03T03:34:42.748+0600][20.174s][info][gc,heap        ] GC(62) Old regions: 30->30
[2026-04-03T03:34:42.748+0600][20.174s][info][gc,heap        ] GC(62) Humongous regions: 8->8
[2026-04-03T03:34:42.748+0600][20.174s][info][gc,metaspace   ] GC(62) Metaspace: 66619K(67648K)->66619K(67648K) NonClass: 58251K(58880K)->58251K(58880K) Class: 8367K(8768K)->8367K(8768K)
[2026-04-03T03:34:42.748+0600][20.174s][info][gc             ] GC(62) Pause Young (Prepare Mixed) (G1 Evacuation Pause) 113M->36M(209M) 3.250ms
[2026-04-03T03:34:42.748+0600][20.174s][info][gc,cpu         ] GC(62) User=0.00s Sys=0.00s Real=0.00s
[2026-04-03T03:34:42.824+0600][20.249s][info][gc,start       ] GC(63) Pause Young (Mixed) (G1 Evacuation Pause)
[2026-04-03T03:34:42.824+0600][20.249s][info][gc,task        ] GC(63) Using 5 workers of 10 for evacuation
[2026-04-03T03:34:42.826+0600][20.251s][info][gc,phases      ] GC(63)   Pre Evacuate Collection Set: 0.38ms
[2026-04-03T03:34:42.826+0600][20.251s][info][gc,phases      ] GC(63)   Merge Heap Roots: 0.20ms
[2026-04-03T03:34:42.826+0600][20.251s][info][gc,phases      ] GC(63)   Evacuate Collection Set: 0.86ms
[2026-04-03T03:34:42.826+0600][20.251s][info][gc,phases      ] GC(63)   Post Evacuate Collection Set: 0.77ms
[2026-04-03T03:34:42.826+0600][20.251s][info][gc,phases      ] GC(63)   Other: 0.08ms
[2026-04-03T03:34:42.826+0600][20.251s][info][gc,heap        ] GC(63) Eden regions: 124->0(124)
[2026-04-03T03:34:42.826+0600][20.251s][info][gc,heap        ] GC(63) Survivor regions: 1->1(16)
[2026-04-03T03:34:42.826+0600][20.251s][info][gc,heap        ] GC(63) Old regions: 30->30
[2026-04-03T03:34:42.826+0600][20.251s][info][gc,heap        ] GC(63) Humongous regions: 8->8
[2026-04-03T03:34:42.826+0600][20.251s][info][gc,metaspace   ] GC(63) Metaspace: 66619K(67648K)->66619K(67648K) NonClass: 58251K(58880K)->58251K(58880K) Class: 8367K(8768K)->8367K(8768K)
[2026-04-03T03:34:42.826+0600][20.251s][info][gc             ] GC(63) Pause Young (Mixed) (G1 Evacuation Pause) 160M->36M(209M) 2.486ms
[2026-04-03T03:34:42.826+0600][20.252s][info][gc,cpu         ] GC(63) User=0.01s Sys=0.00s Real=0.00s
[2026-04-03T03:34:42.881+0600][20.307s][info][gc,start       ] GC(64) Pause Young (Concurrent Start) (G1 Evacuation Pause)
[2026-04-03T03:34:42.881+0600][20.307s][info][gc,task        ] GC(64) Using 5 workers of 10 for evacuation
[2026-04-03T03:34:42.884+0600][20.310s][info][gc,phases      ] GC(64)   Pre Evacuate Collection Set: 0.52ms
[2026-04-03T03:34:42.884+0600][20.310s][info][gc,phases      ] GC(64)   Merge Heap Roots: 0.07ms
[2026-04-03T03:34:42.884+0600][20.310s][info][gc,phases      ] GC(64)   Evacuate Collection Set: 1.08ms
[2026-04-03T03:34:42.884+0600][20.310s][info][gc,phases      ] GC(64)   Post Evacuate Collection Set: 0.92ms
[2026-04-03T03:34:42.884+0600][20.310s][info][gc,phases      ] GC(64)   Other: 0.28ms
[2026-04-03T03:34:42.884+0600][20.310s][info][gc,heap        ] GC(64) Eden regions: 124->0(124)
[2026-04-03T03:34:42.884+0600][20.310s][info][gc,heap        ] GC(64) Survivor regions: 1->1(16)
[2026-04-03T03:34:42.884+0600][20.310s][info][gc,heap        ] GC(64) Old regions: 30->30
[2026-04-03T03:34:42.884+0600][20.310s][info][gc,heap        ] GC(64) Humongous regions: 8->8
[2026-04-03T03:34:42.884+0600][20.310s][info][gc,metaspace   ] GC(64) Metaspace: 66619K(67648K)->66619K(67648K) NonClass: 58251K(58880K)->58251K(58880K) Class: 8367K(8768K)->8367K(8768K)
[2026-04-03T03:34:42.885+0600][20.310s][info][gc             ] GC(64) Pause Young (Concurrent Start) (G1 Evacuation Pause) 160M->36M(209M) 3.076ms
[2026-04-03T03:34:42.885+0600][20.310s][info][gc,cpu         ] GC(64) User=0.01s Sys=0.00s Real=0.00s
[2026-04-03T03:34:42.885+0600][20.310s][info][gc             ] GC(65) Concurrent Mark Cycle
[2026-04-03T03:34:42.885+0600][20.310s][info][gc,marking     ] GC(65) Concurrent Scan Root Regions
[2026-04-03T03:34:42.886+0600][20.311s][info][gc,marking     ] GC(65) Concurrent Scan Root Regions 0.890ms
[2026-04-03T03:34:42.886+0600][20.311s][info][gc,marking     ] GC(65) Concurrent Mark
[2026-04-03T03:34:42.886+0600][20.311s][info][gc,marking     ] GC(65) Concurrent Mark From Roots
[2026-04-03T03:34:42.886+0600][20.311s][info][gc,task        ] GC(65) Using 3 workers of 3 for marking
[2026-04-03T03:34:42.903+0600][20.328s][info][gc,marking     ] GC(65) Concurrent Mark From Roots 17.407ms
[2026-04-03T03:34:42.903+0600][20.328s][info][gc,marking     ] GC(65) Concurrent Preclean
[2026-04-03T03:34:42.903+0600][20.328s][info][gc,marking     ] GC(65) Concurrent Preclean 0.171ms
[2026-04-03T03:34:42.903+0600][20.329s][info][gc,start       ] GC(65) Pause Remark
[2026-04-03T03:34:42.907+0600][20.333s][info][gc             ] GC(65) Pause Remark 64M->64M(130M) 3.992ms
[2026-04-03T03:34:42.908+0600][20.333s][info][gc,cpu         ] GC(65) User=0.01s Sys=0.00s Real=0.00s
[2026-04-03T03:34:42.908+0600][20.333s][info][gc,marking     ] GC(65) Concurrent Mark 22.069ms
[2026-04-03T03:34:42.908+0600][20.333s][info][gc,marking     ] GC(65) Concurrent Rebuild Remembered Sets and Scrub Regions
[2026-04-03T03:34:42.916+0600][20.341s][info][gc,marking     ] GC(65) Concurrent Rebuild Remembered Sets and Scrub Regions 8.514ms
[2026-04-03T03:34:42.917+0600][20.342s][info][gc,start       ] GC(65) Pause Cleanup
[2026-04-03T03:34:42.917+0600][20.342s][info][gc             ] GC(65) Pause Cleanup 76M->76M(130M) 0.224ms
[2026-04-03T03:34:42.917+0600][20.342s][info][gc,cpu         ] GC(65) User=0.00s Sys=0.00s Real=0.00s
[2026-04-03T03:34:42.917+0600][20.342s][info][gc,marking     ] GC(65) Concurrent Clear Claimed Marks
[2026-04-03T03:34:42.917+0600][20.342s][info][gc,marking     ] GC(65) Concurrent Clear Claimed Marks 0.143ms
[2026-04-03T03:34:42.917+0600][20.342s][info][gc,marking     ] GC(65) Concurrent Cleanup for Next Mark
[2026-04-03T03:34:42.917+0600][20.343s][info][gc,marking     ] GC(65) Concurrent Cleanup for Next Mark 0.287ms
[2026-04-03T03:34:42.917+0600][20.343s][info][gc             ] GC(65) Concurrent Mark Cycle 32.840ms
[2026-04-03T03:34:42.935+0600][20.361s][info][gc,start       ] GC(66) Pause Young (Prepare Mixed) (G1 Evacuation Pause)
[2026-04-03T03:34:42.935+0600][20.361s][info][gc,task        ] GC(66) Using 4 workers of 10 for evacuation
[2026-04-03T03:34:42.938+0600][20.363s][info][gc,phases      ] GC(66)   Pre Evacuate Collection Set: 0.20ms
[2026-04-03T03:34:42.938+0600][20.363s][info][gc,phases      ] GC(66)   Merge Heap Roots: 0.25ms
[2026-04-03T03:34:42.938+0600][20.363s][info][gc,phases      ] GC(66)   Evacuate Collection Set: 0.84ms
[2026-04-03T03:34:42.938+0600][20.363s][info][gc,phases      ] GC(66)   Post Evacuate Collection Set: 0.81ms
[2026-04-03T03:34:42.938+0600][20.363s][info][gc,phases      ] GC(66)   Other: 0.07ms
[2026-04-03T03:34:42.938+0600][20.363s][info][gc,heap        ] GC(66) Eden regions: 78->0(77)
[2026-04-03T03:34:42.938+0600][20.363s][info][gc,heap        ] GC(66) Survivor regions: 1->1(10)
[2026-04-03T03:34:42.938+0600][20.363s][info][gc,heap        ] GC(66) Old regions: 30->31
[2026-04-03T03:34:42.938+0600][20.363s][info][gc,heap        ] GC(66) Humongous regions: 8->8
[2026-04-03T03:34:42.938+0600][20.363s][info][gc,metaspace   ] GC(66) Metaspace: 66619K(67648K)->66619K(67648K) NonClass: 58251K(58880K)->58251K(58880K) Class: 8367K(8768K)->8367K(8768K)
[2026-04-03T03:34:42.938+0600][20.363s][info][gc             ] GC(66) Pause Young (Prepare Mixed) (G1 Evacuation Pause) 114M->36M(130M) 2.401ms
[2026-04-03T03:34:42.938+0600][20.363s][info][gc,cpu         ] GC(66) User=0.00s Sys=0.00s Real=0.00s
[2026-04-03T03:34:42.975+0600][20.400s][info][gc,start       ] GC(67) Pause Young (Mixed) (G1 Evacuation Pause)
[2026-04-03T03:34:42.975+0600][20.400s][info][gc,task        ] GC(67) Using 3 workers of 10 for evacuation
[2026-04-03T03:34:42.978+0600][20.403s][info][gc,phases      ] GC(67)   Pre Evacuate Collection Set: 0.19ms
[2026-04-03T03:34:42.978+0600][20.403s][info][gc,phases      ] GC(67)   Merge Heap Roots: 0.25ms
[2026-04-03T03:34:42.978+0600][20.403s][info][gc,phases      ] GC(67)   Evacuate Collection Set: 1.10ms
[2026-04-03T03:34:42.978+0600][20.403s][info][gc,phases      ] GC(67)   Post Evacuate Collection Set: 1.77ms
[2026-04-03T03:34:42.978+0600][20.403s][info][gc,phases      ] GC(67)   Other: 0.08ms
[2026-04-03T03:34:42.978+0600][20.403s][info][gc,heap        ] GC(67) Eden regions: 77->0(142)
[2026-04-03T03:34:42.978+0600][20.403s][info][gc,heap        ] GC(67) Survivor regions: 1->1(10)
[2026-04-03T03:34:42.978+0600][20.403s][info][gc,heap        ] GC(67) Old regions: 31->30
[2026-04-03T03:34:42.978+0600][20.403s][info][gc,heap        ] GC(67) Humongous regions: 8->8
[2026-04-03T03:34:42.978+0600][20.403s][info][gc,metaspace   ] GC(67) Metaspace: 66619K(67648K)->66619K(67648K) NonClass: 58251K(58880K)->58251K(58880K) Class: 8367K(8768K)->8367K(8768K)
[2026-04-03T03:34:42.978+0600][20.403s][info][gc             ] GC(67) Pause Young (Mixed) (G1 Evacuation Pause) 113M->36M(239M) 3.561ms
[2026-04-03T03:34:42.978+0600][20.403s][info][gc,cpu         ] GC(67) User=0.01s Sys=0.00s Real=0.00s
[2026-04-03T03:34:43.049+0600][20.474s][info][gc,start       ] GC(68) Pause Young (Concurrent Start) (G1 Evacuation Pause)
[2026-04-03T03:34:43.049+0600][20.474s][info][gc,task        ] GC(68) Using 5 workers of 10 for evacuation
[2026-04-03T03:34:43.052+0600][20.477s][info][gc,phases      ] GC(68)   Pre Evacuate Collection Set: 0.43ms
[2026-04-03T03:34:43.052+0600][20.477s][info][gc,phases      ] GC(68)   Merge Heap Roots: 0.10ms
[2026-04-03T03:34:43.052+0600][20.477s][info][gc,phases      ] GC(68)   Evacuate Collection Set: 1.32ms
[2026-04-03T03:34:43.052+0600][20.477s][info][gc,phases      ] GC(68)   Post Evacuate Collection Set: 0.80ms
[2026-04-03T03:34:43.052+0600][20.477s][info][gc,phases      ] GC(68)   Other: 0.17ms
[2026-04-03T03:34:43.052+0600][20.477s][info][gc,heap        ] GC(68) Eden regions: 142->0(142)
[2026-04-03T03:34:43.052+0600][20.477s][info][gc,heap        ] GC(68) Survivor regions: 1->1(18)
[2026-04-03T03:34:43.052+0600][20.477s][info][gc,heap        ] GC(68) Old regions: 30->30
[2026-04-03T03:34:43.052+0600][20.477s][info][gc,heap        ] GC(68) Humongous regions: 8->8
[2026-04-03T03:34:43.052+0600][20.477s][info][gc,metaspace   ] GC(68) Metaspace: 66619K(67648K)->66619K(67648K) NonClass: 58252K(58880K)->58252K(58880K) Class: 8367K(8768K)->8367K(8768K)
[2026-04-03T03:34:43.052+0600][20.477s][info][gc             ] GC(68) Pause Young (Concurrent Start) (G1 Evacuation Pause) 178M->36M(239M) 3.063ms
[2026-04-03T03:34:43.052+0600][20.477s][info][gc,cpu         ] GC(68) User=0.00s Sys=0.00s Real=0.01s
[2026-04-03T03:34:43.052+0600][20.477s][info][gc             ] GC(69) Concurrent Mark Cycle
[2026-04-03T03:34:43.052+0600][20.477s][info][gc,marking     ] GC(69) Concurrent Scan Root Regions
[2026-04-03T03:34:43.053+0600][20.478s][info][gc,marking     ] GC(69) Concurrent Scan Root Regions 0.662ms
[2026-04-03T03:34:43.053+0600][20.478s][info][gc,marking     ] GC(69) Concurrent Mark
[2026-04-03T03:34:43.053+0600][20.478s][info][gc,marking     ] GC(69) Concurrent Mark From Roots
[2026-04-03T03:34:43.053+0600][20.478s][info][gc,task        ] GC(69) Using 3 workers of 3 for marking
[2026-04-03T03:34:43.070+0600][20.495s][info][gc,marking     ] GC(69) Concurrent Mark From Roots 16.914ms
[2026-04-03T03:34:43.070+0600][20.495s][info][gc,marking     ] GC(69) Concurrent Preclean
[2026-04-03T03:34:43.070+0600][20.495s][info][gc,marking     ] GC(69) Concurrent Preclean 0.158ms
[2026-04-03T03:34:43.070+0600][20.496s][info][gc,start       ] GC(69) Pause Remark
[2026-04-03T03:34:43.074+0600][20.500s][info][gc             ] GC(69) Pause Remark 64M->64M(130M) 3.992ms
[2026-04-03T03:34:43.074+0600][20.500s][info][gc,cpu         ] GC(69) User=0.02s Sys=0.00s Real=0.00s
[2026-04-03T03:34:43.074+0600][20.500s][info][gc,marking     ] GC(69) Concurrent Mark 21.538ms
[2026-04-03T03:34:43.074+0600][20.500s][info][gc,marking     ] GC(69) Concurrent Rebuild Remembered Sets and Scrub Regions
[2026-04-03T03:34:43.083+0600][20.508s][info][gc,marking     ] GC(69) Concurrent Rebuild Remembered Sets and Scrub Regions 8.275ms
[2026-04-03T03:34:43.083+0600][20.508s][info][gc,start       ] GC(69) Pause Cleanup
[2026-04-03T03:34:43.083+0600][20.509s][info][gc             ] GC(69) Pause Cleanup 79M->79M(130M) 0.332ms
[2026-04-03T03:34:43.083+0600][20.509s][info][gc,cpu         ] GC(69) User=0.00s Sys=0.00s Real=0.00s
[2026-04-03T03:34:43.084+0600][20.509s][info][gc,marking     ] GC(69) Concurrent Clear Claimed Marks
[2026-04-03T03:34:43.084+0600][20.509s][info][gc,marking     ] GC(69) Concurrent Clear Claimed Marks 0.198ms
[2026-04-03T03:34:43.084+0600][20.509s][info][gc,marking     ] GC(69) Concurrent Cleanup for Next Mark
[2026-04-03T03:34:43.084+0600][20.509s][info][gc,marking     ] GC(69) Concurrent Cleanup for Next Mark 0.324ms
[2026-04-03T03:34:43.084+0600][20.509s][info][gc             ] GC(69) Concurrent Mark Cycle 32.029ms
[2026-04-03T03:34:43.103+0600][20.528s][info][gc,start       ] GC(70) Pause Young (Prepare Mixed) (G1 Evacuation Pause)
[2026-04-03T03:34:43.103+0600][20.528s][info][gc,task        ] GC(70) Using 4 workers of 10 for evacuation
[2026-04-03T03:34:43.105+0600][20.530s][info][gc,phases      ] GC(70)   Pre Evacuate Collection Set: 0.32ms
[2026-04-03T03:34:43.105+0600][20.531s][info][gc,phases      ] GC(70)   Merge Heap Roots: 0.23ms
[2026-04-03T03:34:43.105+0600][20.531s][info][gc,phases      ] GC(70)   Evacuate Collection Set: 0.58ms
[2026-04-03T03:34:43.105+0600][20.531s][info][gc,phases      ] GC(70)   Post Evacuate Collection Set: 1.09ms
[2026-04-03T03:34:43.105+0600][20.531s][info][gc,phases      ] GC(70)   Other: 0.08ms
[2026-04-03T03:34:43.105+0600][20.531s][info][gc,heap        ] GC(70) Eden regions: 84->0(77)
[2026-04-03T03:34:43.105+0600][20.531s][info][gc,heap        ] GC(70) Survivor regions: 1->1(11)
[2026-04-03T03:34:43.105+0600][20.531s][info][gc,heap        ] GC(70) Old regions: 30->30
[2026-04-03T03:34:43.105+0600][20.531s][info][gc,heap        ] GC(70) Humongous regions: 8->8
[2026-04-03T03:34:43.105+0600][20.531s][info][gc,metaspace   ] GC(70) Metaspace: 66619K(67648K)->66619K(67648K) NonClass: 58252K(58880K)->58252K(58880K) Class: 8367K(8768K)->8367K(8768K)
[2026-04-03T03:34:43.105+0600][20.531s][info][gc             ] GC(70) Pause Young (Prepare Mixed) (G1 Evacuation Pause) 120M->36M(130M) 2.482ms
[2026-04-03T03:34:43.105+0600][20.531s][info][gc,cpu         ] GC(70) User=0.01s Sys=0.00s Real=0.00s
[2026-04-03T03:34:43.139+0600][20.565s][info][gc,start       ] GC(71) Pause Young (Mixed) (G1 Evacuation Pause)
[2026-04-03T03:34:43.139+0600][20.565s][info][gc,task        ] GC(71) Using 3 workers of 10 for evacuation
[2026-04-03T03:34:43.141+0600][20.567s][info][gc,phases      ] GC(71)   Pre Evacuate Collection Set: 0.13ms
[2026-04-03T03:34:43.141+0600][20.567s][info][gc,phases      ] GC(71)   Merge Heap Roots: 0.08ms
[2026-04-03T03:34:43.141+0600][20.567s][info][gc,phases      ] GC(71)   Evacuate Collection Set: 1.00ms
[2026-04-03T03:34:43.141+0600][20.567s][info][gc,phases      ] GC(71)   Post Evacuate Collection Set: 0.84ms
[2026-04-03T03:34:43.141+0600][20.567s][info][gc,phases      ] GC(71)   Other: 0.08ms
[2026-04-03T03:34:43.141+0600][20.567s][info][gc,heap        ] GC(71) Eden regions: 77->0(77)
[2026-04-03T03:34:43.141+0600][20.567s][info][gc,heap        ] GC(71) Survivor regions: 1->1(10)
[2026-04-03T03:34:43.141+0600][20.567s][info][gc,heap        ] GC(71) Old regions: 30->30
[2026-04-03T03:34:43.141+0600][20.567s][info][gc,heap        ] GC(71) Humongous regions: 8->8
[2026-04-03T03:34:43.142+0600][20.567s][info][gc,metaspace   ] GC(71) Metaspace: 66619K(67648K)->66619K(67648K) NonClass: 58252K(58880K)->58252K(58880K) Class: 8367K(8768K)->8367K(8768K)
[2026-04-03T03:34:43.142+0600][20.567s][info][gc             ] GC(71) Pause Young (Mixed) (G1 Evacuation Pause) 113M->36M(130M) 2.305ms
[2026-04-03T03:34:43.142+0600][20.567s][info][gc,cpu         ] GC(71) User=0.00s Sys=0.01s Real=0.01s
[2026-04-03T03:34:43.187+0600][20.612s][info][gc,start       ] GC(72) Pause Young (Concurrent Start) (G1 Evacuation Pause)
[2026-04-03T03:34:43.187+0600][20.612s][info][gc,task        ] GC(72) Using 3 workers of 10 for evacuation
[2026-04-03T03:34:43.190+0600][20.615s][info][gc,phases      ] GC(72)   Pre Evacuate Collection Set: 0.33ms
[2026-04-03T03:34:43.190+0600][20.615s][info][gc,phases      ] GC(72)   Merge Heap Roots: 0.20ms
[2026-04-03T03:34:43.190+0600][20.615s][info][gc,phases      ] GC(72)   Evacuate Collection Set: 0.87ms
[2026-04-03T03:34:43.190+0600][20.615s][info][gc,phases      ] GC(72)   Post Evacuate Collection Set: 0.95ms
[2026-04-03T03:34:43.190+0600][20.615s][info][gc,phases      ] GC(72)   Other: 0.17ms
[2026-04-03T03:34:43.190+0600][20.615s][info][gc,heap        ] GC(72) Eden regions: 77->0(135)
[2026-04-03T03:34:43.190+0600][20.615s][info][gc,heap        ] GC(72) Survivor regions: 1->1(10)
[2026-04-03T03:34:43.190+0600][20.615s][info][gc,heap        ] GC(72) Old regions: 30->30
[2026-04-03T03:34:43.190+0600][20.615s][info][gc,heap        ] GC(72) Humongous regions: 8->8
[2026-04-03T03:34:43.190+0600][20.615s][info][gc,metaspace   ] GC(72) Metaspace: 66619K(67648K)->66619K(67648K) NonClass: 58252K(58880K)->58252K(58880K) Class: 8367K(8768K)->8367K(8768K)
[2026-04-03T03:34:43.190+0600][20.615s][info][gc             ] GC(72) Pause Young (Concurrent Start) (G1 Evacuation Pause) 113M->36M(227M) 2.707ms
[2026-04-03T03:34:43.190+0600][20.615s][info][gc,cpu         ] GC(72) User=0.01s Sys=0.00s Real=0.01s
[2026-04-03T03:34:43.190+0600][20.615s][info][gc             ] GC(73) Concurrent Mark Cycle
[2026-04-03T03:34:43.190+0600][20.615s][info][gc,marking     ] GC(73) Concurrent Scan Root Regions
[2026-04-03T03:34:43.191+0600][20.616s][info][gc,marking     ] GC(73) Concurrent Scan Root Regions 0.857ms
[2026-04-03T03:34:43.191+0600][20.616s][info][gc,marking     ] GC(73) Concurrent Mark
[2026-04-03T03:34:43.191+0600][20.616s][info][gc,marking     ] GC(73) Concurrent Mark From Roots
[2026-04-03T03:34:43.191+0600][20.616s][info][gc,task        ] GC(73) Using 3 workers of 3 for marking
[2026-04-03T03:34:43.208+0600][20.633s][info][gc,marking     ] GC(73) Concurrent Mark From Roots 16.985ms
[2026-04-03T03:34:43.208+0600][20.633s][info][gc,marking     ] GC(73) Concurrent Preclean
[2026-04-03T03:34:43.208+0600][20.633s][info][gc,marking     ] GC(73) Concurrent Preclean 0.205ms
[2026-04-03T03:34:43.208+0600][20.634s][info][gc,start       ] GC(73) Pause Remark
[2026-04-03T03:34:43.214+0600][20.639s][info][gc             ] GC(73) Pause Remark 65M->65M(130M) 5.397ms
[2026-04-03T03:34:43.214+0600][20.639s][info][gc,cpu         ] GC(73) User=0.01s Sys=0.00s Real=0.01s
[2026-04-03T03:34:43.214+0600][20.639s][info][gc,marking     ] GC(73) Concurrent Mark 23.108ms
[2026-04-03T03:34:43.214+0600][20.639s][info][gc,marking     ] GC(73) Concurrent Rebuild Remembered Sets and Scrub Regions
[2026-04-03T03:34:43.223+0600][20.648s][info][gc,marking     ] GC(73) Concurrent Rebuild Remembered Sets and Scrub Regions 8.669ms
[2026-04-03T03:34:43.223+0600][20.648s][info][gc,start       ] GC(73) Pause Cleanup
[2026-04-03T03:34:43.223+0600][20.648s][info][gc             ] GC(73) Pause Cleanup 79M->79M(130M) 0.183ms
[2026-04-03T03:34:43.223+0600][20.648s][info][gc,cpu         ] GC(73) User=0.00s Sys=0.00s Real=0.00s
[2026-04-03T03:34:43.223+0600][20.648s][info][gc,marking     ] GC(73) Concurrent Clear Claimed Marks
[2026-04-03T03:34:43.223+0600][20.649s][info][gc,marking     ] GC(73) Concurrent Clear Claimed Marks 0.153ms
[2026-04-03T03:34:43.223+0600][20.649s][info][gc,marking     ] GC(73) Concurrent Cleanup for Next Mark
[2026-04-03T03:34:43.224+0600][20.649s][info][gc,marking     ] GC(73) Concurrent Cleanup for Next Mark 0.336ms
[2026-04-03T03:34:43.224+0600][20.649s][info][gc             ] GC(73) Concurrent Mark Cycle 33.924ms
[2026-04-03T03:34:43.241+0600][20.666s][info][gc,start       ] GC(74) Pause Young (Prepare Mixed) (G1 Evacuation Pause)
[2026-04-03T03:34:43.241+0600][20.666s][info][gc,task        ] GC(74) Using 3 workers of 10 for evacuation
[2026-04-03T03:34:43.243+0600][20.668s][info][gc,phases      ] GC(74)   Pre Evacuate Collection Set: 0.47ms
[2026-04-03T03:34:43.243+0600][20.668s][info][gc,phases      ] GC(74)   Merge Heap Roots: 0.12ms
[2026-04-03T03:34:43.243+0600][20.668s][info][gc,phases      ] GC(74)   Evacuate Collection Set: 0.83ms
[2026-04-03T03:34:43.243+0600][20.668s][info][gc,phases      ] GC(74)   Post Evacuate Collection Set: 0.50ms
[2026-04-03T03:34:43.243+0600][20.668s][info][gc,phases      ] GC(74)   Other: 0.07ms
[2026-04-03T03:34:43.243+0600][20.668s][info][gc,heap        ] GC(74) Eden regions: 79->0(77)
[2026-04-03T03:34:43.243+0600][20.668s][info][gc,heap        ] GC(74) Survivor regions: 1->1(10)
[2026-04-03T03:34:43.243+0600][20.668s][info][gc,heap        ] GC(74) Old regions: 30->30
[2026-04-03T03:34:43.243+0600][20.668s][info][gc,heap        ] GC(74) Humongous regions: 8->8
[2026-04-03T03:34:43.243+0600][20.668s][info][gc,metaspace   ] GC(74) Metaspace: 66621K(67648K)->66621K(67648K) NonClass: 58253K(58880K)->58253K(58880K) Class: 8367K(8768K)->8367K(8768K)
[2026-04-03T03:34:43.243+0600][20.668s][info][gc             ] GC(74) Pause Young (Prepare Mixed) (G1 Evacuation Pause) 115M->36M(130M) 2.172ms
[2026-04-03T03:34:43.243+0600][20.668s][info][gc,cpu         ] GC(74) User=0.00s Sys=0.01s Real=0.00s
[2026-04-03T03:34:43.276+0600][20.702s][info][gc,start       ] GC(75) Pause Young (Mixed) (G1 Evacuation Pause)
[2026-04-03T03:34:43.277+0600][20.702s][info][gc,task        ] GC(75) Using 3 workers of 10 for evacuation
[2026-04-03T03:34:43.279+0600][20.704s][info][gc,phases      ] GC(75)   Pre Evacuate Collection Set: 0.39ms
[2026-04-03T03:34:43.279+0600][20.704s][info][gc,phases      ] GC(75)   Merge Heap Roots: 0.10ms
[2026-04-03T03:34:43.279+0600][20.704s][info][gc,phases      ] GC(75)   Evacuate Collection Set: 1.22ms
[2026-04-03T03:34:43.279+0600][20.704s][info][gc,phases      ] GC(75)   Post Evacuate Collection Set: 0.42ms
[2026-04-03T03:34:43.279+0600][20.704s][info][gc,phases      ] GC(75)   Other: 0.07ms
[2026-04-03T03:34:43.279+0600][20.704s][info][gc,heap        ] GC(75) Eden regions: 77->0(77)
[2026-04-03T03:34:43.279+0600][20.704s][info][gc,heap        ] GC(75) Survivor regions: 1->1(10)
[2026-04-03T03:34:43.279+0600][20.704s][info][gc,heap        ] GC(75) Old regions: 30->30
[2026-04-03T03:34:43.279+0600][20.704s][info][gc,heap        ] GC(75) Humongous regions: 8->8
[2026-04-03T03:34:43.279+0600][20.704s][info][gc,metaspace   ] GC(75) Metaspace: 66621K(67648K)->66621K(67648K) NonClass: 58254K(58880K)->58254K(58880K) Class: 8367K(8768K)->8367K(8768K)
[2026-04-03T03:34:43.279+0600][20.704s][info][gc             ] GC(75) Pause Young (Mixed) (G1 Evacuation Pause) 113M->36M(130M) 2.418ms
[2026-04-03T03:34:43.279+0600][20.704s][info][gc,cpu         ] GC(75) User=0.00s Sys=0.00s Real=0.00s
[2026-04-03T03:34:43.312+0600][20.738s][info][gc,start       ] GC(76) Pause Young (Concurrent Start) (G1 Evacuation Pause)
[2026-04-03T03:34:43.313+0600][20.738s][info][gc,task        ] GC(76) Using 3 workers of 10 for evacuation
[2026-04-03T03:34:43.315+0600][20.740s][info][gc,phases      ] GC(76)   Pre Evacuate Collection Set: 0.32ms
[2026-04-03T03:34:43.315+0600][20.740s][info][gc,phases      ] GC(76)   Merge Heap Roots: 0.08ms
[2026-04-03T03:34:43.315+0600][20.740s][info][gc,phases      ] GC(76)   Evacuate Collection Set: 1.12ms
[2026-04-03T03:34:43.315+0600][20.740s][info][gc,phases      ] GC(76)   Post Evacuate Collection Set: 0.50ms
[2026-04-03T03:34:43.315+0600][20.740s][info][gc,phases      ] GC(76)   Other: 0.30ms
[2026-04-03T03:34:43.315+0600][20.740s][info][gc,heap        ] GC(76) Eden regions: 77->0(77)
[2026-04-03T03:34:43.315+0600][20.740s][info][gc,heap        ] GC(76) Survivor regions: 1->1(10)
[2026-04-03T03:34:43.315+0600][20.740s][info][gc,heap        ] GC(76) Old regions: 30->30
[2026-04-03T03:34:43.315+0600][20.740s][info][gc,heap        ] GC(76) Humongous regions: 8->8
[2026-04-03T03:34:43.315+0600][20.740s][info][gc,metaspace   ] GC(76) Metaspace: 66621K(67648K)->66621K(67648K) NonClass: 58254K(58880K)->58254K(58880K) Class: 8367K(8768K)->8367K(8768K)
[2026-04-03T03:34:43.315+0600][20.740s][info][gc             ] GC(76) Pause Young (Concurrent Start) (G1 Evacuation Pause) 113M->36M(130M) 2.484ms
[2026-04-03T03:34:43.315+0600][20.740s][info][gc,cpu         ] GC(76) User=0.00s Sys=0.00s Real=0.00s
[2026-04-03T03:34:43.315+0600][20.740s][info][gc             ] GC(77) Concurrent Mark Cycle
[2026-04-03T03:34:43.315+0600][20.740s][info][gc,marking     ] GC(77) Concurrent Scan Root Regions
[2026-04-03T03:34:43.316+0600][20.741s][info][gc,marking     ] GC(77) Concurrent Scan Root Regions 0.891ms
[2026-04-03T03:34:43.316+0600][20.741s][info][gc,marking     ] GC(77) Concurrent Mark
[2026-04-03T03:34:43.316+0600][20.741s][info][gc,marking     ] GC(77) Concurrent Mark From Roots
[2026-04-03T03:34:43.316+0600][20.741s][info][gc,task        ] GC(77) Using 3 workers of 3 for marking
[2026-04-03T03:34:43.334+0600][20.759s][info][gc,marking     ] GC(77) Concurrent Mark From Roots 17.476ms
[2026-04-03T03:34:43.334+0600][20.759s][info][gc,marking     ] GC(77) Concurrent Preclean
[2026-04-03T03:34:43.334+0600][20.759s][info][gc,marking     ] GC(77) Concurrent Preclean 0.165ms
[2026-04-03T03:34:43.334+0600][20.759s][info][gc,start       ] GC(77) Pause Remark
[2026-04-03T03:34:43.339+0600][20.764s][info][gc             ] GC(77) Pause Remark 65M->65M(130M) 4.695ms
[2026-04-03T03:34:43.339+0600][20.764s][info][gc,cpu         ] GC(77) User=0.01s Sys=0.00s Real=0.00s
[2026-04-03T03:34:43.339+0600][20.764s][info][gc,marking     ] GC(77) Concurrent Mark 22.816ms
[2026-04-03T03:34:43.339+0600][20.764s][info][gc,marking     ] GC(77) Concurrent Rebuild Remembered Sets and Scrub Regions
[2026-04-03T03:34:43.347+0600][20.772s][info][gc,marking     ] GC(77) Concurrent Rebuild Remembered Sets and Scrub Regions 8.056ms
[2026-04-03T03:34:43.347+0600][20.772s][info][gc,start       ] GC(77) Pause Cleanup
[2026-04-03T03:34:43.347+0600][20.773s][info][gc             ] GC(77) Pause Cleanup 80M->80M(130M) 0.155ms
[2026-04-03T03:34:43.347+0600][20.773s][info][gc,cpu         ] GC(77) User=0.00s Sys=0.00s Real=0.00s
[2026-04-03T03:34:43.347+0600][20.773s][info][gc,marking     ] GC(77) Concurrent Clear Claimed Marks
[2026-04-03T03:34:43.348+0600][20.773s][info][gc,marking     ] GC(77) Concurrent Clear Claimed Marks 0.141ms
[2026-04-03T03:34:43.348+0600][20.773s][info][gc,marking     ] GC(77) Concurrent Cleanup for Next Mark
[2026-04-03T03:34:43.348+0600][20.773s][info][gc,marking     ] GC(77) Concurrent Cleanup for Next Mark 0.274ms
[2026-04-03T03:34:43.348+0600][20.773s][info][gc             ] GC(77) Concurrent Mark Cycle 32.866ms
[2026-04-03T03:34:43.363+0600][20.788s][info][gc,start       ] GC(78) Pause Young (Prepare Mixed) (G1 Evacuation Pause)
[2026-04-03T03:34:43.363+0600][20.789s][info][gc,task        ] GC(78) Using 3 workers of 10 for evacuation
[2026-04-03T03:34:43.366+0600][20.791s][info][gc,phases      ] GC(78)   Pre Evacuate Collection Set: 0.50ms
[2026-04-03T03:34:43.366+0600][20.791s][info][gc,phases      ] GC(78)   Merge Heap Roots: 0.11ms
[2026-04-03T03:34:43.366+0600][20.791s][info][gc,phases      ] GC(78)   Evacuate Collection Set: 0.83ms
[2026-04-03T03:34:43.366+0600][20.791s][info][gc,phases      ] GC(78)   Post Evacuate Collection Set: 1.00ms
[2026-04-03T03:34:43.366+0600][20.791s][info][gc,phases      ] GC(78)   Other: 0.07ms
[2026-04-03T03:34:43.366+0600][20.791s][info][gc,heap        ] GC(78) Eden regions: 77->0(112)
[2026-04-03T03:34:43.366+0600][20.791s][info][gc,heap        ] GC(78) Survivor regions: 1->1(10)
[2026-04-03T03:34:43.366+0600][20.791s][info][gc,heap        ] GC(78) Old regions: 30->31
[2026-04-03T03:34:43.366+0600][20.791s][info][gc,heap        ] GC(78) Humongous regions: 8->8
[2026-04-03T03:34:43.366+0600][20.791s][info][gc,metaspace   ] GC(78) Metaspace: 66621K(67648K)->66621K(67648K) NonClass: 58254K(58880K)->58254K(58880K) Class: 8367K(8768K)->8367K(8768K)
[2026-04-03T03:34:43.366+0600][20.791s][info][gc             ] GC(78) Pause Young (Prepare Mixed) (G1 Evacuation Pause) 113M->36M(189M) 2.716ms
[2026-04-03T03:34:43.366+0600][20.791s][info][gc,cpu         ] GC(78) User=0.00s Sys=0.01s Real=0.00s
[2026-04-03T03:34:43.430+0600][20.856s][info][gc,start       ] GC(79) Pause Young (Mixed) (G1 Evacuation Pause)
[2026-04-03T03:34:43.430+0600][20.856s][info][gc,task        ] GC(79) Using 4 workers of 10 for evacuation
[2026-04-03T03:34:43.432+0600][20.858s][info][gc,phases      ] GC(79)   Pre Evacuate Collection Set: 0.34ms
[2026-04-03T03:34:43.433+0600][20.858s][info][gc,phases      ] GC(79)   Merge Heap Roots: 0.22ms
[2026-04-03T03:34:43.433+0600][20.858s][info][gc,phases      ] GC(79)   Evacuate Collection Set: 0.84ms
[2026-04-03T03:34:43.433+0600][20.858s][info][gc,phases      ] GC(79)   Post Evacuate Collection Set: 0.69ms
[2026-04-03T03:34:43.433+0600][20.858s][info][gc,phases      ] GC(79)   Other: 0.10ms
[2026-04-03T03:34:43.433+0600][20.858s][info][gc,heap        ] GC(79) Eden regions: 112->0(112)
[2026-04-03T03:34:43.433+0600][20.858s][info][gc,heap        ] GC(79) Survivor regions: 1->1(15)
[2026-04-03T03:34:43.433+0600][20.858s][info][gc,heap        ] GC(79) Old regions: 31->30
[2026-04-03T03:34:43.433+0600][20.858s][info][gc,heap        ] GC(79) Humongous regions: 8->8
[2026-04-03T03:34:43.433+0600][20.858s][info][gc,metaspace   ] GC(79) Metaspace: 66621K(67648K)->66621K(67648K) NonClass: 58254K(58880K)->58254K(58880K) Class: 8367K(8768K)->8367K(8768K)
[2026-04-03T03:34:43.433+0600][20.858s][info][gc             ] GC(79) Pause Young (Mixed) (G1 Evacuation Pause) 148M->36M(189M) 2.379ms
[2026-04-03T03:34:43.433+0600][20.858s][info][gc,cpu         ] GC(79) User=0.00s Sys=0.00s Real=0.00s
[2026-04-03T03:34:43.482+0600][20.908s][info][gc,start       ] GC(80) Pause Young (Concurrent Start) (G1 Evacuation Pause)
[2026-04-03T03:34:43.482+0600][20.908s][info][gc,task        ] GC(80) Using 4 workers of 10 for evacuation
[2026-04-03T03:34:43.485+0600][20.910s][info][gc,phases      ] GC(80)   Pre Evacuate Collection Set: 0.52ms
[2026-04-03T03:34:43.485+0600][20.910s][info][gc,phases      ] GC(80)   Merge Heap Roots: 0.22ms
[2026-04-03T03:34:43.485+0600][20.910s][info][gc,phases      ] GC(80)   Evacuate Collection Set: 0.93ms
[2026-04-03T03:34:43.485+0600][20.910s][info][gc,phases      ] GC(80)   Post Evacuate Collection Set: 0.48ms
[2026-04-03T03:34:43.485+0600][20.910s][info][gc,phases      ] GC(80)   Other: 0.17ms
[2026-04-03T03:34:43.485+0600][20.910s][info][gc,heap        ] GC(80) Eden regions: 112->0(112)
[2026-04-03T03:34:43.485+0600][20.910s][info][gc,heap        ] GC(80) Survivor regions: 1->1(15)
[2026-04-03T03:34:43.485+0600][20.910s][info][gc,heap        ] GC(80) Old regions: 30->30
[2026-04-03T03:34:43.485+0600][20.910s][info][gc,heap        ] GC(80) Humongous regions: 8->8
[2026-04-03T03:34:43.485+0600][20.910s][info][gc,metaspace   ] GC(80) Metaspace: 66621K(67648K)->66621K(67648K) NonClass: 58254K(58880K)->58254K(58880K) Class: 8367K(8768K)->8367K(8768K)
[2026-04-03T03:34:43.485+0600][20.910s][info][gc             ] GC(80) Pause Young (Concurrent Start) (G1 Evacuation Pause) 148M->36M(189M) 2.567ms
[2026-04-03T03:34:43.485+0600][20.910s][info][gc,cpu         ] GC(80) User=0.00s Sys=0.00s Real=0.00s
[2026-04-03T03:34:43.485+0600][20.910s][info][gc             ] GC(81) Concurrent Mark Cycle
[2026-04-03T03:34:43.485+0600][20.910s][info][gc,marking     ] GC(81) Concurrent Scan Root Regions
[2026-04-03T03:34:43.486+0600][20.911s][info][gc,marking     ] GC(81) Concurrent Scan Root Regions 0.893ms
[2026-04-03T03:34:43.486+0600][20.911s][info][gc,marking     ] GC(81) Concurrent Mark
[2026-04-03T03:34:43.486+0600][20.911s][info][gc,marking     ] GC(81) Concurrent Mark From Roots
[2026-04-03T03:34:43.486+0600][20.911s][info][gc,task        ] GC(81) Using 3 workers of 3 for marking
[2026-04-03T03:34:43.505+0600][20.930s][info][gc,marking     ] GC(81) Concurrent Mark From Roots 18.646ms
[2026-04-03T03:34:43.505+0600][20.930s][info][gc,marking     ] GC(81) Concurrent Preclean
[2026-04-03T03:34:43.505+0600][20.930s][info][gc,marking     ] GC(81) Concurrent Preclean 0.170ms
[2026-04-03T03:34:43.505+0600][20.930s][info][gc,start       ] GC(81) Pause Remark
[2026-04-03T03:34:43.509+0600][20.935s][info][gc             ] GC(81) Pause Remark 71M->71M(130M) 4.236ms
[2026-04-03T03:34:43.509+0600][20.935s][info][gc,cpu         ] GC(81) User=0.01s Sys=0.00s Real=0.00s
[2026-04-03T03:34:43.510+0600][20.935s][info][gc,marking     ] GC(81) Concurrent Mark 23.572ms
[2026-04-03T03:34:43.510+0600][20.935s][info][gc,marking     ] GC(81) Concurrent Rebuild Remembered Sets and Scrub Regions
[2026-04-03T03:34:43.518+0600][20.943s][info][gc,marking     ] GC(81) Concurrent Rebuild Remembered Sets and Scrub Regions 8.426ms
[2026-04-03T03:34:43.518+0600][20.944s][info][gc,start       ] GC(81) Pause Cleanup
[2026-04-03T03:34:43.519+0600][20.944s][info][gc             ] GC(81) Pause Cleanup 87M->87M(130M) 0.314ms
[2026-04-03T03:34:43.519+0600][20.944s][info][gc,cpu         ] GC(81) User=0.00s Sys=0.00s Real=0.00s
[2026-04-03T03:34:43.519+0600][20.944s][info][gc,marking     ] GC(81) Concurrent Clear Claimed Marks
[2026-04-03T03:34:43.519+0600][20.944s][info][gc,marking     ] GC(81) Concurrent Clear Claimed Marks 0.139ms
[2026-04-03T03:34:43.519+0600][20.944s][info][gc,marking     ] GC(81) Concurrent Cleanup for Next Mark
[2026-04-03T03:34:43.519+0600][20.945s][info][gc,marking     ] GC(81) Concurrent Cleanup for Next Mark 0.356ms
[2026-04-03T03:34:43.519+0600][20.945s][info][gc             ] GC(81) Concurrent Mark Cycle 34.360ms
[2026-04-03T03:34:43.536+0600][20.961s][info][gc,start       ] GC(82) Pause Young (Prepare Mixed) (G1 Evacuation Pause)
[2026-04-03T03:34:43.536+0600][20.961s][info][gc,task        ] GC(82) Using 3 workers of 10 for evacuation
[2026-04-03T03:34:43.538+0600][20.963s][info][gc,phases      ] GC(82)   Pre Evacuate Collection Set: 0.35ms
[2026-04-03T03:34:43.538+0600][20.963s][info][gc,phases      ] GC(82)   Merge Heap Roots: 0.24ms
[2026-04-03T03:34:43.538+0600][20.963s][info][gc,phases      ] GC(82)   Evacuate Collection Set: 0.82ms
[2026-04-03T03:34:43.538+0600][20.963s][info][gc,phases      ] GC(82)   Post Evacuate Collection Set: 0.57ms
[2026-04-03T03:34:43.538+0600][20.963s][info][gc,phases      ] GC(82)   Other: 0.08ms
[2026-04-03T03:34:43.538+0600][20.963s][info][gc,heap        ] GC(82) Eden regions: 87->0(77)
[2026-04-03T03:34:43.538+0600][20.963s][info][gc,heap        ] GC(82) Survivor regions: 1->1(11)
[2026-04-03T03:34:43.538+0600][20.963s][info][gc,heap        ] GC(82) Old regions: 30->30
[2026-04-03T03:34:43.538+0600][20.963s][info][gc,heap        ] GC(82) Humongous regions: 8->8
[2026-04-03T03:34:43.538+0600][20.963s][info][gc,metaspace   ] GC(82) Metaspace: 66621K(67648K)->66621K(67648K) NonClass: 58254K(58880K)->58254K(58880K) Class: 8367K(8768K)->8367K(8768K)
[2026-04-03T03:34:43.538+0600][20.963s][info][gc             ] GC(82) Pause Young (Prepare Mixed) (G1 Evacuation Pause) 123M->36M(130M) 2.242ms
[2026-04-03T03:34:43.538+0600][20.963s][info][gc,cpu         ] GC(82) User=0.01s Sys=0.00s Real=0.00s
[2026-04-03T03:34:43.572+0600][20.997s][info][gc,start       ] GC(83) Pause Young (Mixed) (G1 Evacuation Pause)
[2026-04-03T03:34:43.572+0600][20.997s][info][gc,task        ] GC(83) Using 3 workers of 10 for evacuation
[2026-04-03T03:34:43.575+0600][21.001s][info][gc,phases      ] GC(83)   Pre Evacuate Collection Set: 0.29ms
[2026-04-03T03:34:43.575+0600][21.001s][info][gc,phases      ] GC(83)   Merge Heap Roots: 0.08ms
[2026-04-03T03:34:43.575+0600][21.001s][info][gc,phases      ] GC(83)   Evacuate Collection Set: 1.11ms
[2026-04-03T03:34:43.575+0600][21.001s][info][gc,phases      ] GC(83)   Post Evacuate Collection Set: 1.70ms
[2026-04-03T03:34:43.575+0600][21.001s][info][gc,phases      ] GC(83)   Other: 0.07ms
[2026-04-03T03:34:43.575+0600][21.001s][info][gc,heap        ] GC(83) Eden regions: 77->0(141)
[2026-04-03T03:34:43.575+0600][21.001s][info][gc,heap        ] GC(83) Survivor regions: 1->1(10)
[2026-04-03T03:34:43.575+0600][21.001s][info][gc,heap        ] GC(83) Old regions: 30->30
[2026-04-03T03:34:43.575+0600][21.001s][info][gc,heap        ] GC(83) Humongous regions: 8->8
[2026-04-03T03:34:43.575+0600][21.001s][info][gc,metaspace   ] GC(83) Metaspace: 66621K(67648K)->66621K(67648K) NonClass: 58254K(58880K)->58254K(58880K) Class: 8367K(8768K)->8367K(8768K)
[2026-04-03T03:34:43.575+0600][21.001s][info][gc             ] GC(83) Pause Young (Mixed) (G1 Evacuation Pause) 113M->36M(238M) 3.423ms
[2026-04-03T03:34:43.575+0600][21.001s][info][gc,cpu         ] GC(83) User=0.00s Sys=0.00s Real=0.00s
[2026-04-03T03:34:43.652+0600][21.077s][info][gc,start       ] GC(84) Pause Young (Concurrent Start) (G1 Evacuation Pause)
[2026-04-03T03:34:43.652+0600][21.077s][info][gc,task        ] GC(84) Using 5 workers of 10 for evacuation
[2026-04-03T03:34:43.655+0600][21.080s][info][gc,phases      ] GC(84)   Pre Evacuate Collection Set: 0.27ms
[2026-04-03T03:34:43.655+0600][21.080s][info][gc,phases      ] GC(84)   Merge Heap Roots: 0.10ms
[2026-04-03T03:34:43.655+0600][21.080s][info][gc,phases      ] GC(84)   Evacuate Collection Set: 1.30ms
[2026-04-03T03:34:43.655+0600][21.080s][info][gc,phases      ] GC(84)   Post Evacuate Collection Set: 0.58ms
[2026-04-03T03:34:43.655+0600][21.080s][info][gc,phases      ] GC(84)   Other: 0.26ms
[2026-04-03T03:34:43.655+0600][21.080s][info][gc,heap        ] GC(84) Eden regions: 141->0(141)
[2026-04-03T03:34:43.655+0600][21.080s][info][gc,heap        ] GC(84) Survivor regions: 1->1(18)
[2026-04-03T03:34:43.655+0600][21.080s][info][gc,heap        ] GC(84) Old regions: 30->30
[2026-04-03T03:34:43.655+0600][21.080s][info][gc,heap        ] GC(84) Humongous regions: 8->8
[2026-04-03T03:34:43.655+0600][21.080s][info][gc,metaspace   ] GC(84) Metaspace: 66621K(67648K)->66621K(67648K) NonClass: 58254K(58880K)->58254K(58880K) Class: 8367K(8768K)->8367K(8768K)
[2026-04-03T03:34:43.655+0600][21.080s][info][gc             ] GC(84) Pause Young (Concurrent Start) (G1 Evacuation Pause) 177M->36M(238M) 2.698ms
[2026-04-03T03:34:43.655+0600][21.080s][info][gc,cpu         ] GC(84) User=0.01s Sys=0.00s Real=0.00s
[2026-04-03T03:34:43.655+0600][21.080s][info][gc             ] GC(85) Concurrent Mark Cycle
[2026-04-03T03:34:43.655+0600][21.080s][info][gc,marking     ] GC(85) Concurrent Scan Root Regions
[2026-04-03T03:34:43.656+0600][21.081s][info][gc,marking     ] GC(85) Concurrent Scan Root Regions 0.962ms
[2026-04-03T03:34:43.656+0600][21.081s][info][gc,marking     ] GC(85) Concurrent Mark
[2026-04-03T03:34:43.656+0600][21.081s][info][gc,marking     ] GC(85) Concurrent Mark From Roots
[2026-04-03T03:34:43.656+0600][21.081s][info][gc,task        ] GC(85) Using 3 workers of 3 for marking
[2026-04-03T03:34:43.676+0600][21.101s][info][gc,marking     ] GC(85) Concurrent Mark From Roots 20.035ms
[2026-04-03T03:34:43.676+0600][21.101s][info][gc,marking     ] GC(85) Concurrent Preclean
[2026-04-03T03:34:43.676+0600][21.101s][info][gc,marking     ] GC(85) Concurrent Preclean 0.191ms
[2026-04-03T03:34:43.676+0600][21.102s][info][gc,start       ] GC(85) Pause Remark
[2026-04-03T03:34:43.681+0600][21.106s][info][gc             ] GC(85) Pause Remark 72M->72M(130M) 4.474ms
[2026-04-03T03:34:43.681+0600][21.106s][info][gc,cpu         ] GC(85) User=0.02s Sys=0.00s Real=0.01s
[2026-04-03T03:34:43.681+0600][21.106s][info][gc,marking     ] GC(85) Concurrent Mark 25.236ms
[2026-04-03T03:34:43.681+0600][21.106s][info][gc,marking     ] GC(85) Concurrent Rebuild Remembered Sets and Scrub Regions
[2026-04-03T03:34:43.690+0600][21.116s][info][gc,marking     ] GC(85) Concurrent Rebuild Remembered Sets and Scrub Regions 9.307ms
[2026-04-03T03:34:43.691+0600][21.116s][info][gc,start       ] GC(85) Pause Cleanup
[2026-04-03T03:34:43.691+0600][21.116s][info][gc             ] GC(85) Pause Cleanup 90M->90M(130M) 0.359ms
[2026-04-03T03:34:43.691+0600][21.116s][info][gc,cpu         ] GC(85) User=0.00s Sys=0.00s Real=0.00s
[2026-04-03T03:34:43.691+0600][21.117s][info][gc,marking     ] GC(85) Concurrent Clear Claimed Marks
[2026-04-03T03:34:43.691+0600][21.117s][info][gc,marking     ] GC(85) Concurrent Clear Claimed Marks 0.178ms
[2026-04-03T03:34:43.691+0600][21.117s][info][gc,marking     ] GC(85) Concurrent Cleanup for Next Mark
[2026-04-03T03:34:43.692+0600][21.117s][info][gc,marking     ] GC(85) Concurrent Cleanup for Next Mark 0.438ms
[2026-04-03T03:34:43.692+0600][21.117s][info][gc             ] GC(85) Concurrent Mark Cycle 37.197ms
[2026-04-03T03:34:43.705+0600][21.131s][info][gc,start       ] GC(86) Pause Young (Prepare Mixed) (G1 Evacuation Pause)
[2026-04-03T03:34:43.706+0600][21.131s][info][gc,task        ] GC(86) Using 4 workers of 10 for evacuation
[2026-04-03T03:34:43.707+0600][21.132s][info][gc,phases      ] GC(86)   Pre Evacuate Collection Set: 0.25ms
[2026-04-03T03:34:43.707+0600][21.133s][info][gc,phases      ] GC(86)   Merge Heap Roots: 0.19ms
[2026-04-03T03:34:43.707+0600][21.133s][info][gc,phases      ] GC(86)   Evacuate Collection Set: 0.57ms
[2026-04-03T03:34:43.707+0600][21.133s][info][gc,phases      ] GC(86)   Post Evacuate Collection Set: 0.59ms
[2026-04-03T03:34:43.707+0600][21.133s][info][gc,phases      ] GC(86)   Other: 0.07ms
[2026-04-03T03:34:43.707+0600][21.133s][info][gc,heap        ] GC(86) Eden regions: 82->0(77)
[2026-04-03T03:34:43.707+0600][21.133s][info][gc,heap        ] GC(86) Survivor regions: 1->1(11)
[2026-04-03T03:34:43.707+0600][21.133s][info][gc,heap        ] GC(86) Old regions: 30->30
[2026-04-03T03:34:43.707+0600][21.133s][info][gc,heap        ] GC(86) Humongous regions: 8->8
[2026-04-03T03:34:43.707+0600][21.133s][info][gc,metaspace   ] GC(86) Metaspace: 66622K(67648K)->66622K(67648K) NonClass: 58255K(58880K)->58255K(58880K) Class: 8367K(8768K)->8367K(8768K)
[2026-04-03T03:34:43.707+0600][21.133s][info][gc             ] GC(86) Pause Young (Prepare Mixed) (G1 Evacuation Pause) 118M->36M(130M) 1.846ms
[2026-04-03T03:34:43.707+0600][21.133s][info][gc,cpu         ] GC(86) User=0.01s Sys=0.00s Real=0.00s
[2026-04-03T03:34:43.742+0600][21.167s][info][gc,start       ] GC(87) Pause Young (Mixed) (G1 Evacuation Pause)
[2026-04-03T03:34:43.742+0600][21.167s][info][gc,task        ] GC(87) Using 3 workers of 10 for evacuation
[2026-04-03T03:34:43.744+0600][21.169s][info][gc,phases      ] GC(87)   Pre Evacuate Collection Set: 0.30ms
[2026-04-03T03:34:43.744+0600][21.169s][info][gc,phases      ] GC(87)   Merge Heap Roots: 0.12ms
[2026-04-03T03:34:43.744+0600][21.169s][info][gc,phases      ] GC(87)   Evacuate Collection Set: 0.95ms
[2026-04-03T03:34:43.744+0600][21.169s][info][gc,phases      ] GC(87)   Post Evacuate Collection Set: 0.56ms
[2026-04-03T03:34:43.744+0600][21.169s][info][gc,phases      ] GC(87)   Other: 0.07ms
[2026-04-03T03:34:43.744+0600][21.169s][info][gc,heap        ] GC(87) Eden regions: 77->0(77)
[2026-04-03T03:34:43.744+0600][21.169s][info][gc,heap        ] GC(87) Survivor regions: 1->1(10)
[2026-04-03T03:34:43.744+0600][21.169s][info][gc,heap        ] GC(87) Old regions: 30->30
[2026-04-03T03:34:43.744+0600][21.169s][info][gc,heap        ] GC(87) Humongous regions: 8->8
[2026-04-03T03:34:43.744+0600][21.169s][info][gc,metaspace   ] GC(87) Metaspace: 66622K(67648K)->66622K(67648K) NonClass: 58255K(58880K)->58255K(58880K) Class: 8367K(8768K)->8367K(8768K)
[2026-04-03T03:34:43.744+0600][21.169s][info][gc             ] GC(87) Pause Young (Mixed) (G1 Evacuation Pause) 113M->36M(130M) 2.187ms
[2026-04-03T03:34:43.744+0600][21.169s][info][gc,cpu         ] GC(87) User=0.00s Sys=0.00s Real=0.00s
[2026-04-03T03:34:43.779+0600][21.204s][info][gc,start       ] GC(88) Pause Young (Concurrent Start) (G1 Evacuation Pause)
[2026-04-03T03:34:43.779+0600][21.204s][info][gc,task        ] GC(88) Using 3 workers of 10 for evacuation
[2026-04-03T03:34:43.781+0600][21.207s][info][gc,phases      ] GC(88)   Pre Evacuate Collection Set: 0.29ms
[2026-04-03T03:34:43.781+0600][21.207s][info][gc,phases      ] GC(88)   Merge Heap Roots: 0.21ms
[2026-04-03T03:34:43.781+0600][21.207s][info][gc,phases      ] GC(88)   Evacuate Collection Set: 0.83ms
[2026-04-03T03:34:43.781+0600][21.207s][info][gc,phases      ] GC(88)   Post Evacuate Collection Set: 0.96ms
[2026-04-03T03:34:43.781+0600][21.207s][info][gc,phases      ] GC(88)   Other: 0.17ms
[2026-04-03T03:34:43.781+0600][21.207s][info][gc,heap        ] GC(88) Eden regions: 77->0(134)
[2026-04-03T03:34:43.782+0600][21.207s][info][gc,heap        ] GC(88) Survivor regions: 1->1(10)
[2026-04-03T03:34:43.782+0600][21.207s][info][gc,heap        ] GC(88) Old regions: 30->30
[2026-04-03T03:34:43.782+0600][21.207s][info][gc,heap        ] GC(88) Humongous regions: 8->8
[2026-04-03T03:34:43.782+0600][21.207s][info][gc,metaspace   ] GC(88) Metaspace: 66622K(67648K)->66622K(67648K) NonClass: 58255K(58880K)->58255K(58880K) Class: 8367K(8768K)->8367K(8768K)
[2026-04-03T03:34:43.782+0600][21.207s][info][gc             ] GC(88) Pause Young (Concurrent Start) (G1 Evacuation Pause) 113M->36M(225M) 2.641ms
[2026-04-03T03:34:43.782+0600][21.207s][info][gc,cpu         ] GC(88) User=0.00s Sys=0.00s Real=0.01s
[2026-04-03T03:34:43.782+0600][21.207s][info][gc             ] GC(89) Concurrent Mark Cycle
[2026-04-03T03:34:43.782+0600][21.207s][info][gc,marking     ] GC(89) Concurrent Scan Root Regions
[2026-04-03T03:34:43.783+0600][21.208s][info][gc,marking     ] GC(89) Concurrent Scan Root Regions 0.972ms
[2026-04-03T03:34:43.783+0600][21.208s][info][gc,marking     ] GC(89) Concurrent Mark
[2026-04-03T03:34:43.783+0600][21.208s][info][gc,marking     ] GC(89) Concurrent Mark From Roots
[2026-04-03T03:34:43.783+0600][21.208s][info][gc,task        ] GC(89) Using 3 workers of 3 for marking
[2026-04-03T03:34:43.800+0600][21.226s][info][gc,marking     ] GC(89) Concurrent Mark From Roots 17.708ms
[2026-04-03T03:34:43.801+0600][21.226s][info][gc,marking     ] GC(89) Concurrent Preclean
[2026-04-03T03:34:43.801+0600][21.226s][info][gc,marking     ] GC(89) Concurrent Preclean 0.159ms
[2026-04-03T03:34:43.801+0600][21.226s][info][gc,start       ] GC(89) Pause Remark
[2026-04-03T03:34:43.805+0600][21.231s][info][gc             ] GC(89) Pause Remark 69M->69M(130M) 4.512ms
[2026-04-03T03:34:43.805+0600][21.231s][info][gc,cpu         ] GC(89) User=0.01s Sys=0.00s Real=0.00s
[2026-04-03T03:34:43.806+0600][21.231s][info][gc,marking     ] GC(89) Concurrent Mark 22.887ms
[2026-04-03T03:34:43.806+0600][21.231s][info][gc,marking     ] GC(89) Concurrent Rebuild Remembered Sets and Scrub Regions
[2026-04-03T03:34:43.814+0600][21.239s][info][gc,marking     ] GC(89) Concurrent Rebuild Remembered Sets and Scrub Regions 8.440ms
[2026-04-03T03:34:43.814+0600][21.240s][info][gc,start       ] GC(89) Pause Cleanup
[2026-04-03T03:34:43.815+0600][21.240s][info][gc             ] GC(89) Pause Cleanup 85M->85M(130M) 0.155ms
[2026-04-03T03:34:43.815+0600][21.240s][info][gc,cpu         ] GC(89) User=0.00s Sys=0.00s Real=0.00s
[2026-04-03T03:34:43.815+0600][21.240s][info][gc,marking     ] GC(89) Concurrent Clear Claimed Marks
[2026-04-03T03:34:43.815+0600][21.240s][info][gc,marking     ] GC(89) Concurrent Clear Claimed Marks 0.161ms
[2026-04-03T03:34:43.815+0600][21.240s][info][gc,marking     ] GC(89) Concurrent Cleanup for Next Mark
[2026-04-03T03:34:43.815+0600][21.240s][info][gc,marking     ] GC(89) Concurrent Cleanup for Next Mark 0.310ms
[2026-04-03T03:34:43.815+0600][21.240s][info][gc             ] GC(89) Concurrent Mark Cycle 33.518ms
[2026-04-03T03:34:43.832+0600][21.258s][info][gc,start       ] GC(90) Pause Young (Prepare Mixed) (G1 Evacuation Pause)
[2026-04-03T03:34:43.832+0600][21.258s][info][gc,task        ] GC(90) Using 3 workers of 10 for evacuation
[2026-04-03T03:34:43.834+0600][21.259s][info][gc,phases      ] GC(90)   Pre Evacuate Collection Set: 0.31ms
[2026-04-03T03:34:43.834+0600][21.260s][info][gc,phases      ] GC(90)   Merge Heap Roots: 0.09ms
[2026-04-03T03:34:43.834+0600][21.260s][info][gc,phases      ] GC(90)   Evacuate Collection Set: 0.80ms
[2026-04-03T03:34:43.834+0600][21.260s][info][gc,phases      ] GC(90)   Post Evacuate Collection Set: 0.62ms
[2026-04-03T03:34:43.834+0600][21.260s][info][gc,phases      ] GC(90)   Other: 0.07ms
[2026-04-03T03:34:43.834+0600][21.260s][info][gc,heap        ] GC(90) Eden regions: 86->0(77)
[2026-04-03T03:34:43.834+0600][21.260s][info][gc,heap        ] GC(90) Survivor regions: 1->1(11)
[2026-04-03T03:34:43.834+0600][21.260s][info][gc,heap        ] GC(90) Old regions: 30->30
[2026-04-03T03:34:43.834+0600][21.260s][info][gc,heap        ] GC(90) Humongous regions: 8->8
[2026-04-03T03:34:43.834+0600][21.260s][info][gc,metaspace   ] GC(90) Metaspace: 66622K(67648K)->66622K(67648K) NonClass: 58255K(58880K)->58255K(58880K) Class: 8367K(8768K)->8367K(8768K)
[2026-04-03T03:34:43.834+0600][21.260s][info][gc             ] GC(90) Pause Young (Prepare Mixed) (G1 Evacuation Pause) 122M->36M(130M) 2.084ms
[2026-04-03T03:34:43.834+0600][21.260s][info][gc,cpu         ] GC(90) User=0.00s Sys=0.00s Real=0.00s
[2026-04-03T03:34:43.869+0600][21.294s][info][gc,start       ] GC(91) Pause Young (Mixed) (G1 Evacuation Pause)
[2026-04-03T03:34:43.869+0600][21.294s][info][gc,task        ] GC(91) Using 3 workers of 10 for evacuation
[2026-04-03T03:34:43.871+0600][21.296s][info][gc,phases      ] GC(91)   Pre Evacuate Collection Set: 0.25ms
[2026-04-03T03:34:43.871+0600][21.297s][info][gc,phases      ] GC(91)   Merge Heap Roots: 0.21ms
[2026-04-03T03:34:43.871+0600][21.297s][info][gc,phases      ] GC(91)   Evacuate Collection Set: 0.93ms
[2026-04-03T03:34:43.871+0600][21.297s][info][gc,phases      ] GC(91)   Post Evacuate Collection Set: 0.72ms
[2026-04-03T03:34:43.871+0600][21.297s][info][gc,phases      ] GC(91)   Other: 0.07ms
[2026-04-03T03:34:43.871+0600][21.297s][info][gc,heap        ] GC(91) Eden regions: 77->0(77)
[2026-04-03T03:34:43.871+0600][21.297s][info][gc,heap        ] GC(91) Survivor regions: 1->1(10)
[2026-04-03T03:34:43.871+0600][21.297s][info][gc,heap        ] GC(91) Old regions: 30->30
[2026-04-03T03:34:43.871+0600][21.297s][info][gc,heap        ] GC(91) Humongous regions: 8->8
[2026-04-03T03:34:43.871+0600][21.297s][info][gc,metaspace   ] GC(91) Metaspace: 66622K(67648K)->66622K(67648K) NonClass: 58255K(58880K)->58255K(58880K) Class: 8367K(8768K)->8367K(8768K)
[2026-04-03T03:34:43.871+0600][21.297s][info][gc             ] GC(91) Pause Young (Mixed) (G1 Evacuation Pause) 113M->36M(130M) 2.358ms
[2026-04-03T03:34:43.871+0600][21.297s][info][gc,cpu         ] GC(91) User=0.01s Sys=0.00s Real=0.01s
[2026-04-03T03:34:43.914+0600][21.340s][info][gc,start       ] GC(92) Pause Young (Concurrent Start) (G1 Evacuation Pause)
[2026-04-03T03:34:43.915+0600][21.340s][info][gc,task        ] GC(92) Using 3 workers of 10 for evacuation
[2026-04-03T03:34:43.917+0600][21.342s][info][gc,phases      ] GC(92)   Pre Evacuate Collection Set: 0.28ms
[2026-04-03T03:34:43.917+0600][21.342s][info][gc,phases      ] GC(92)   Merge Heap Roots: 0.08ms
[2026-04-03T03:34:43.917+0600][21.342s][info][gc,phases      ] GC(92)   Evacuate Collection Set: 1.11ms
[2026-04-03T03:34:43.917+0600][21.342s][info][gc,phases      ] GC(92)   Post Evacuate Collection Set: 0.61ms
[2026-04-03T03:34:43.917+0600][21.342s][info][gc,phases      ] GC(92)   Other: 0.22ms
[2026-04-03T03:34:43.917+0600][21.342s][info][gc,heap        ] GC(92) Eden regions: 77->0(77)
[2026-04-03T03:34:43.917+0600][21.342s][info][gc,heap        ] GC(92) Survivor regions: 1->1(10)
[2026-04-03T03:34:43.917+0600][21.342s][info][gc,heap        ] GC(92) Old regions: 30->30
[2026-04-03T03:34:43.917+0600][21.342s][info][gc,heap        ] GC(92) Humongous regions: 8->8
[2026-04-03T03:34:43.917+0600][21.342s][info][gc,metaspace   ] GC(92) Metaspace: 66622K(67648K)->66622K(67648K) NonClass: 58255K(58880K)->58255K(58880K) Class: 8367K(8768K)->8367K(8768K)
[2026-04-03T03:34:43.917+0600][21.342s][info][gc             ] GC(92) Pause Young (Concurrent Start) (G1 Evacuation Pause) 113M->36M(130M) 2.502ms
[2026-04-03T03:34:43.917+0600][21.342s][info][gc,cpu         ] GC(92) User=0.01s Sys=0.00s Real=0.00s
[2026-04-03T03:34:43.917+0600][21.342s][info][gc             ] GC(93) Concurrent Mark Cycle
[2026-04-03T03:34:43.917+0600][21.342s][info][gc,marking     ] GC(93) Concurrent Scan Root Regions
[2026-04-03T03:34:43.918+0600][21.343s][info][gc,marking     ] GC(93) Concurrent Scan Root Regions 0.781ms
[2026-04-03T03:34:43.918+0600][21.343s][info][gc,marking     ] GC(93) Concurrent Mark
[2026-04-03T03:34:43.918+0600][21.343s][info][gc,marking     ] GC(93) Concurrent Mark From Roots
[2026-04-03T03:34:43.918+0600][21.343s][info][gc,task        ] GC(93) Using 3 workers of 3 for marking
[2026-04-03T03:34:43.936+0600][21.362s][info][gc,marking     ] GC(93) Concurrent Mark From Roots 18.409ms
[2026-04-03T03:34:43.936+0600][21.362s][info][gc,marking     ] GC(93) Concurrent Preclean
[2026-04-03T03:34:43.937+0600][21.362s][info][gc,marking     ] GC(93) Concurrent Preclean 0.171ms
[2026-04-03T03:34:43.937+0600][21.362s][info][gc,start       ] GC(93) Pause Remark
[2026-04-03T03:34:43.942+0600][21.368s][info][gc             ] GC(93) Pause Remark 69M->69M(130M) 5.564ms
[2026-04-03T03:34:43.942+0600][21.368s][info][gc,cpu         ] GC(93) User=0.02s Sys=0.00s Real=0.01s
[2026-04-03T03:34:43.943+0600][21.368s][info][gc,marking     ] GC(93) Concurrent Mark 24.623ms
[2026-04-03T03:34:43.943+0600][21.368s][info][gc,marking     ] GC(93) Concurrent Rebuild Remembered Sets and Scrub Regions
[2026-04-03T03:34:43.951+0600][21.376s][info][gc,marking     ] GC(93) Concurrent Rebuild Remembered Sets and Scrub Regions 8.077ms
[2026-04-03T03:34:43.951+0600][21.376s][info][gc,start       ] GC(93) Pause Cleanup
[2026-04-03T03:34:43.951+0600][21.376s][info][gc             ] GC(93) Pause Cleanup 85M->85M(130M) 0.158ms
[2026-04-03T03:34:43.951+0600][21.376s][info][gc,cpu         ] GC(93) User=0.00s Sys=0.00s Real=0.00s
[2026-04-03T03:34:43.951+0600][21.376s][info][gc,marking     ] GC(93) Concurrent Clear Claimed Marks
[2026-04-03T03:34:43.951+0600][21.377s][info][gc,marking     ] GC(93) Concurrent Clear Claimed Marks 0.141ms
[2026-04-03T03:34:43.951+0600][21.377s][info][gc,marking     ] GC(93) Concurrent Cleanup for Next Mark
[2026-04-03T03:34:43.952+0600][21.377s][info][gc,marking     ] GC(93) Concurrent Cleanup for Next Mark 0.268ms
[2026-04-03T03:34:43.952+0600][21.377s][info][gc             ] GC(93) Concurrent Mark Cycle 34.587ms
[2026-04-03T03:34:43.966+0600][21.391s][info][gc,start       ] GC(94) Pause Young (Prepare Mixed) (G1 Evacuation Pause)
[2026-04-03T03:34:43.966+0600][21.391s][info][gc,task        ] GC(94) Using 3 workers of 10 for evacuation
[2026-04-03T03:34:43.968+0600][21.393s][info][gc,phases      ] GC(94)   Pre Evacuate Collection Set: 0.40ms
[2026-04-03T03:34:43.968+0600][21.393s][info][gc,phases      ] GC(94)   Merge Heap Roots: 0.11ms
[2026-04-03T03:34:43.968+0600][21.393s][info][gc,phases      ] GC(94)   Evacuate Collection Set: 0.75ms
[2026-04-03T03:34:43.968+0600][21.393s][info][gc,phases      ] GC(94)   Post Evacuate Collection Set: 0.76ms
[2026-04-03T03:34:43.968+0600][21.393s][info][gc,phases      ] GC(94)   Other: 0.09ms
[2026-04-03T03:34:43.968+0600][21.393s][info][gc,heap        ] GC(94) Eden regions: 77->0(110)
[2026-04-03T03:34:43.968+0600][21.393s][info][gc,heap        ] GC(94) Survivor regions: 1->1(10)
[2026-04-03T03:34:43.968+0600][21.393s][info][gc,heap        ] GC(94) Old regions: 30->30
[2026-04-03T03:34:43.968+0600][21.393s][info][gc,heap        ] GC(94) Humongous regions: 8->8
[2026-04-03T03:34:43.968+0600][21.393s][info][gc,metaspace   ] GC(94) Metaspace: 66622K(67648K)->66622K(67648K) NonClass: 58255K(58880K)->58255K(58880K) Class: 8367K(8768K)->8367K(8768K)
[2026-04-03T03:34:43.968+0600][21.393s][info][gc             ] GC(94) Pause Young (Prepare Mixed) (G1 Evacuation Pause) 113M->36M(186M) 2.330ms
[2026-04-03T03:34:43.968+0600][21.393s][info][gc,cpu         ] GC(94) User=0.00s Sys=0.00s Real=0.00s
[2026-04-03T03:34:44.032+0600][21.457s][info][gc,start       ] GC(95) Pause Young (Mixed) (G1 Evacuation Pause)
[2026-04-03T03:34:44.032+0600][21.458s][info][gc,task        ] GC(95) Using 4 workers of 10 for evacuation
[2026-04-03T03:34:44.035+0600][21.460s][info][gc,phases      ] GC(95)   Pre Evacuate Collection Set: 0.35ms
[2026-04-03T03:34:44.035+0600][21.460s][info][gc,phases      ] GC(95)   Merge Heap Roots: 0.21ms
[2026-04-03T03:34:44.035+0600][21.460s][info][gc,phases      ] GC(95)   Evacuate Collection Set: 0.97ms
[2026-04-03T03:34:44.035+0600][21.460s][info][gc,phases      ] GC(95)   Post Evacuate Collection Set: 0.71ms
[2026-04-03T03:34:44.035+0600][21.460s][info][gc,phases      ] GC(95)   Other: 0.10ms
[2026-04-03T03:34:44.035+0600][21.460s][info][gc,heap        ] GC(95) Eden regions: 110->0(110)
[2026-04-03T03:34:44.035+0600][21.460s][info][gc,heap        ] GC(95) Survivor regions: 1->1(14)
[2026-04-03T03:34:44.035+0600][21.460s][info][gc,heap        ] GC(95) Old regions: 30->30
[2026-04-03T03:34:44.035+0600][21.460s][info][gc,heap        ] GC(95) Humongous regions: 8->8
[2026-04-03T03:34:44.035+0600][21.460s][info][gc,metaspace   ] GC(95) Metaspace: 66622K(67648K)->66622K(67648K) NonClass: 58255K(58880K)->58255K(58880K) Class: 8367K(8768K)->8367K(8768K)
[2026-04-03T03:34:44.035+0600][21.460s][info][gc             ] GC(95) Pause Young (Mixed) (G1 Evacuation Pause) 146M->36M(186M) 2.557ms
[2026-04-03T03:34:44.035+0600][21.460s][info][gc,cpu         ] GC(95) User=0.01s Sys=0.00s Real=0.00s
[2026-04-03T03:34:44.084+0600][21.510s][info][gc,start       ] GC(96) Pause Young (Concurrent Start) (G1 Evacuation Pause)
[2026-04-03T03:34:44.085+0600][21.510s][info][gc,task        ] GC(96) Using 4 workers of 10 for evacuation
[2026-04-03T03:34:44.086+0600][21.512s][info][gc,phases      ] GC(96)   Pre Evacuate Collection Set: 0.26ms
[2026-04-03T03:34:44.086+0600][21.512s][info][gc,phases      ] GC(96)   Merge Heap Roots: 0.12ms
[2026-04-03T03:34:44.086+0600][21.512s][info][gc,phases      ] GC(96)   Evacuate Collection Set: 0.79ms
[2026-04-03T03:34:44.086+0600][21.512s][info][gc,phases      ] GC(96)   Post Evacuate Collection Set: 0.45ms
[2026-04-03T03:34:44.086+0600][21.512s][info][gc,phases      ] GC(96)   Other: 0.16ms
[2026-04-03T03:34:44.086+0600][21.512s][info][gc,heap        ] GC(96) Eden regions: 110->0(110)
[2026-04-03T03:34:44.086+0600][21.512s][info][gc,heap        ] GC(96) Survivor regions: 1->1(14)
[2026-04-03T03:34:44.086+0600][21.512s][info][gc,heap        ] GC(96) Old regions: 30->30
[2026-04-03T03:34:44.086+0600][21.512s][info][gc,heap        ] GC(96) Humongous regions: 8->8
[2026-04-03T03:34:44.086+0600][21.512s][info][gc,metaspace   ] GC(96) Metaspace: 66622K(67648K)->66622K(67648K) NonClass: 58255K(58880K)->58255K(58880K) Class: 8367K(8768K)->8367K(8768K)
[2026-04-03T03:34:44.086+0600][21.512s][info][gc             ] GC(96) Pause Young (Concurrent Start) (G1 Evacuation Pause) 146M->36M(186M) 1.972ms
[2026-04-03T03:34:44.086+0600][21.512s][info][gc,cpu         ] GC(96) User=0.01s Sys=0.00s Real=0.00s
[2026-04-03T03:34:44.087+0600][21.512s][info][gc             ] GC(97) Concurrent Mark Cycle
[2026-04-03T03:34:44.087+0600][21.512s][info][gc,marking     ] GC(97) Concurrent Scan Root Regions
[2026-04-03T03:34:44.087+0600][21.513s][info][gc,marking     ] GC(97) Concurrent Scan Root Regions 0.680ms
[2026-04-03T03:34:44.087+0600][21.513s][info][gc,marking     ] GC(97) Concurrent Mark
[2026-04-03T03:34:44.087+0600][21.513s][info][gc,marking     ] GC(97) Concurrent Mark From Roots
[2026-04-03T03:34:44.087+0600][21.513s][info][gc,task        ] GC(97) Using 3 workers of 3 for marking
[2026-04-03T03:34:44.104+0600][21.530s][info][gc,marking     ] GC(97) Concurrent Mark From Roots 17.007ms
[2026-04-03T03:34:44.104+0600][21.530s][info][gc,marking     ] GC(97) Concurrent Preclean
[2026-04-03T03:34:44.105+0600][21.530s][info][gc,marking     ] GC(97) Concurrent Preclean 0.147ms
[2026-04-03T03:34:44.105+0600][21.530s][info][gc,start       ] GC(97) Pause Remark
[2026-04-03T03:34:44.109+0600][21.534s][info][gc             ] GC(97) Pause Remark 68M->68M(130M) 4.281ms
[2026-04-03T03:34:44.109+0600][21.534s][info][gc,cpu         ] GC(97) User=0.02s Sys=0.00s Real=0.00s
[2026-04-03T03:34:44.109+0600][21.535s][info][gc,marking     ] GC(97) Concurrent Mark 21.880ms
[2026-04-03T03:34:44.109+0600][21.535s][info][gc,marking     ] GC(97) Concurrent Rebuild Remembered Sets and Scrub Regions
[2026-04-03T03:34:44.118+0600][21.543s][info][gc,marking     ] GC(97) Concurrent Rebuild Remembered Sets and Scrub Regions 8.298ms
[2026-04-03T03:34:44.118+0600][21.543s][info][gc,start       ] GC(97) Pause Cleanup
[2026-04-03T03:34:44.118+0600][21.543s][info][gc             ] GC(97) Pause Cleanup 85M->85M(130M) 0.286ms
[2026-04-03T03:34:44.118+0600][21.543s][info][gc,cpu         ] GC(97) User=0.00s Sys=0.00s Real=0.00s
[2026-04-03T03:34:44.118+0600][21.544s][info][gc,marking     ] GC(97) Concurrent Clear Claimed Marks
[2026-04-03T03:34:44.118+0600][21.544s][info][gc,marking     ] GC(97) Concurrent Clear Claimed Marks 0.154ms
[2026-04-03T03:34:44.118+0600][21.544s][info][gc,marking     ] GC(97) Concurrent Cleanup for Next Mark
[2026-04-03T03:34:44.119+0600][21.544s][info][gc,marking     ] GC(97) Concurrent Cleanup for Next Mark 0.328ms
[2026-04-03T03:34:44.119+0600][21.544s][info][gc             ] GC(97) Concurrent Mark Cycle 32.294ms
[2026-04-03T03:34:44.137+0600][21.562s][info][gc,start       ] GC(98) Pause Young (Prepare Mixed) (G1 Evacuation Pause)
[2026-04-03T03:34:44.137+0600][21.563s][info][gc,task        ] GC(98) Using 3 workers of 10 for evacuation
[2026-04-03T03:34:44.139+0600][21.565s][info][gc,phases      ] GC(98)   Pre Evacuate Collection Set: 0.28ms
[2026-04-03T03:34:44.140+0600][21.565s][info][gc,phases      ] GC(98)   Merge Heap Roots: 0.29ms
[2026-04-03T03:34:44.140+0600][21.565s][info][gc,phases      ] GC(98)   Evacuate Collection Set: 0.79ms
[2026-04-03T03:34:44.140+0600][21.565s][info][gc,phases      ] GC(98)   Post Evacuate Collection Set: 0.82ms
[2026-04-03T03:34:44.140+0600][21.565s][info][gc,phases      ] GC(98)   Other: 0.07ms
[2026-04-03T03:34:44.140+0600][21.565s][info][gc,heap        ] GC(98) Eden regions: 88->0(77)
[2026-04-03T03:34:44.140+0600][21.565s][info][gc,heap        ] GC(98) Survivor regions: 1->1(12)
[2026-04-03T03:34:44.140+0600][21.565s][info][gc,heap        ] GC(98) Old regions: 30->30
[2026-04-03T03:34:44.140+0600][21.565s][info][gc,heap        ] GC(98) Humongous regions: 8->8
[2026-04-03T03:34:44.140+0600][21.565s][info][gc,metaspace   ] GC(98) Metaspace: 66622K(67648K)->66622K(67648K) NonClass: 58255K(58880K)->58255K(58880K) Class: 8367K(8768K)->8367K(8768K)
[2026-04-03T03:34:44.140+0600][21.565s][info][gc             ] GC(98) Pause Young (Prepare Mixed) (G1 Evacuation Pause) 124M->36M(130M) 2.423ms
[2026-04-03T03:34:44.140+0600][21.565s][info][gc,cpu         ] GC(98) User=0.00s Sys=0.00s Real=0.00s
[2026-04-03T03:34:44.174+0600][21.600s][info][gc,start       ] GC(99) Pause Young (Mixed) (G1 Evacuation Pause)
[2026-04-03T03:34:44.174+0600][21.600s][info][gc,task        ] GC(99) Using 3 workers of 10 for evacuation
[2026-04-03T03:34:44.178+0600][21.603s][info][gc,phases      ] GC(99)   Pre Evacuate Collection Set: 0.29ms
[2026-04-03T03:34:44.178+0600][21.603s][info][gc,phases      ] GC(99)   Merge Heap Roots: 0.17ms
[2026-04-03T03:34:44.178+0600][21.603s][info][gc,phases      ] GC(99)   Evacuate Collection Set: 1.17ms
[2026-04-03T03:34:44.178+0600][21.603s][info][gc,phases      ] GC(99)   Post Evacuate Collection Set: 1.63ms
[2026-04-03T03:34:44.178+0600][21.603s][info][gc,phases      ] GC(99)   Other: 0.07ms
[2026-04-03T03:34:44.178+0600][21.603s][info][gc,heap        ] GC(99) Eden regions: 77->0(138)
[2026-04-03T03:34:44.178+0600][21.603s][info][gc,heap        ] GC(99) Survivor regions: 1->1(10)
[2026-04-03T03:34:44.178+0600][21.603s][info][gc,heap        ] GC(99) Old regions: 30->30
[2026-04-03T03:34:44.178+0600][21.603s][info][gc,heap        ] GC(99) Humongous regions: 8->8
[2026-04-03T03:34:44.178+0600][21.603s][info][gc,metaspace   ] GC(99) Metaspace: 66622K(67648K)->66622K(67648K) NonClass: 58255K(58880K)->58255K(58880K) Class: 8367K(8768K)->8367K(8768K)
[2026-04-03T03:34:44.178+0600][21.603s][info][gc             ] GC(99) Pause Young (Mixed) (G1 Evacuation Pause) 113M->36M(233M) 3.497ms
[2026-04-03T03:34:44.178+0600][21.603s][info][gc,cpu         ] GC(99) User=0.01s Sys=0.00s Real=0.00s
[2026-04-03T03:34:44.252+0600][21.677s][info][gc,start       ] GC(100) Pause Young (Concurrent Start) (G1 Evacuation Pause)
[2026-04-03T03:34:44.252+0600][21.677s][info][gc,task        ] GC(100) Using 5 workers of 10 for evacuation
[2026-04-03T03:34:44.254+0600][21.680s][info][gc,phases      ] GC(100)   Pre Evacuate Collection Set: 0.30ms
[2026-04-03T03:34:44.254+0600][21.680s][info][gc,phases      ] GC(100)   Merge Heap Roots: 0.09ms
[2026-04-03T03:34:44.254+0600][21.680s][info][gc,phases      ] GC(100)   Evacuate Collection Set: 1.26ms
[2026-04-03T03:34:44.254+0600][21.680s][info][gc,phases      ] GC(100)   Post Evacuate Collection Set: 0.63ms
[2026-04-03T03:34:44.254+0600][21.680s][info][gc,phases      ] GC(100)   Other: 0.20ms
[2026-04-03T03:34:44.254+0600][21.680s][info][gc,heap        ] GC(100) Eden regions: 138->0(138)
[2026-04-03T03:34:44.254+0600][21.680s][info][gc,heap        ] GC(100) Survivor regions: 1->1(18)
[2026-04-03T03:34:44.254+0600][21.680s][info][gc,heap        ] GC(100) Old regions: 30->30
[2026-04-03T03:34:44.254+0600][21.680s][info][gc,heap        ] GC(100) Humongous regions: 8->8
[2026-04-03T03:34:44.254+0600][21.680s][info][gc,metaspace   ] GC(100) Metaspace: 66622K(67648K)->66622K(67648K) NonClass: 58255K(58880K)->58255K(58880K) Class: 8367K(8768K)->8367K(8768K)
[2026-04-03T03:34:44.255+0600][21.680s][info][gc             ] GC(100) Pause Young (Concurrent Start) (G1 Evacuation Pause) 174M->36M(233M) 2.644ms
[2026-04-03T03:34:44.255+0600][21.680s][info][gc,cpu         ] GC(100) User=0.01s Sys=0.00s Real=0.00s
[2026-04-03T03:34:44.255+0600][21.680s][info][gc             ] GC(101) Concurrent Mark Cycle
[2026-04-03T03:34:44.255+0600][21.680s][info][gc,marking     ] GC(101) Concurrent Scan Root Regions
[2026-04-03T03:34:44.256+0600][21.681s][info][gc,marking     ] GC(101) Concurrent Scan Root Regions 0.920ms
[2026-04-03T03:34:44.256+0600][21.681s][info][gc,marking     ] GC(101) Concurrent Mark
[2026-04-03T03:34:44.256+0600][21.681s][info][gc,marking     ] GC(101) Concurrent Mark From Roots
[2026-04-03T03:34:44.256+0600][21.681s][info][gc,task        ] GC(101) Using 3 workers of 3 for marking
[2026-04-03T03:34:44.274+0600][21.700s][info][gc,marking     ] GC(101) Concurrent Mark From Roots 18.746ms
[2026-04-03T03:34:44.274+0600][21.700s][info][gc,marking     ] GC(101) Concurrent Preclean
[2026-04-03T03:34:44.275+0600][21.700s][info][gc,marking     ] GC(101) Concurrent Preclean 0.176ms
[2026-04-03T03:34:44.275+0600][21.700s][info][gc,start       ] GC(101) Pause Remark
[2026-04-03T03:34:44.279+0600][21.704s][info][gc             ] GC(101) Pause Remark 69M->69M(130M) 3.833ms
[2026-04-03T03:34:44.279+0600][21.704s][info][gc,cpu         ] GC(101) User=0.01s Sys=0.00s Real=0.00s
[2026-04-03T03:34:44.279+0600][21.704s][info][gc,marking     ] GC(101) Concurrent Mark 23.302ms
[2026-04-03T03:34:44.279+0600][21.704s][info][gc,marking     ] GC(101) Concurrent Rebuild Remembered Sets and Scrub Regions
[2026-04-03T03:34:44.288+0600][21.713s][info][gc,marking     ] GC(101) Concurrent Rebuild Remembered Sets and Scrub Regions 9.148ms
[2026-04-03T03:34:44.288+0600][21.714s][info][gc,start       ] GC(101) Pause Cleanup
[2026-04-03T03:34:44.289+0600][21.714s][info][gc             ] GC(101) Pause Cleanup 85M->85M(130M) 0.443ms
[2026-04-03T03:34:44.289+0600][21.714s][info][gc,cpu         ] GC(101) User=0.00s Sys=0.00s Real=0.00s
[2026-04-03T03:34:44.289+0600][21.714s][info][gc,marking     ] GC(101) Concurrent Clear Claimed Marks
[2026-04-03T03:34:44.289+0600][21.714s][info][gc,marking     ] GC(101) Concurrent Clear Claimed Marks 0.162ms
[2026-04-03T03:34:44.289+0600][21.714s][info][gc,marking     ] GC(101) Concurrent Cleanup for Next Mark
[2026-04-03T03:34:44.290+0600][21.715s][info][gc,marking     ] GC(101) Concurrent Cleanup for Next Mark 0.339ms
[2026-04-03T03:34:44.290+0600][21.715s][info][gc             ] GC(101) Concurrent Mark Cycle 35.020ms
[2026-04-03T03:34:44.305+0600][21.730s][info][gc,start       ] GC(102) Pause Young (Prepare Mixed) (G1 Evacuation Pause)
[2026-04-03T03:34:44.305+0600][21.731s][info][gc,task        ] GC(102) Using 4 workers of 10 for evacuation
[2026-04-03T03:34:44.307+0600][21.732s][info][gc,phases      ] GC(102)   Pre Evacuate Collection Set: 0.26ms
[2026-04-03T03:34:44.307+0600][21.732s][info][gc,phases      ] GC(102)   Merge Heap Roots: 0.18ms
[2026-04-03T03:34:44.307+0600][21.732s][info][gc,phases      ] GC(102)   Evacuate Collection Set: 0.59ms
[2026-04-03T03:34:44.307+0600][21.732s][info][gc,phases      ] GC(102)   Post Evacuate Collection Set: 0.40ms
[2026-04-03T03:34:44.307+0600][21.732s][info][gc,phases      ] GC(102)   Other: 0.08ms
[2026-04-03T03:34:44.307+0600][21.732s][info][gc,heap        ] GC(102) Eden regions: 80->0(77)
[2026-04-03T03:34:44.307+0600][21.732s][info][gc,heap        ] GC(102) Survivor regions: 1->1(11)
[2026-04-03T03:34:44.307+0600][21.732s][info][gc,heap        ] GC(102) Old regions: 30->30
[2026-04-03T03:34:44.307+0600][21.732s][info][gc,heap        ] GC(102) Humongous regions: 8->8
[2026-04-03T03:34:44.307+0600][21.732s][info][gc,metaspace   ] GC(102) Metaspace: 66622K(67648K)->66622K(67648K) NonClass: 58255K(58880K)->58255K(58880K) Class: 8367K(8768K)->8367K(8768K)
[2026-04-03T03:34:44.307+0600][21.732s][info][gc             ] GC(102) Pause Young (Prepare Mixed) (G1 Evacuation Pause) 116M->36M(130M) 1.692ms
[2026-04-03T03:34:44.307+0600][21.732s][info][gc,cpu         ] GC(102) User=0.00s Sys=0.00s Real=0.00s
[2026-04-03T03:34:44.342+0600][21.768s][info][gc,start       ] GC(103) Pause Young (Mixed) (G1 Evacuation Pause)
[2026-04-03T03:34:44.343+0600][21.768s][info][gc,task        ] GC(103) Using 3 workers of 10 for evacuation
[2026-04-03T03:34:44.345+0600][21.770s][info][gc,phases      ] GC(103)   Pre Evacuate Collection Set: 0.14ms
[2026-04-03T03:34:44.345+0600][21.770s][info][gc,phases      ] GC(103)   Merge Heap Roots: 0.22ms
[2026-04-03T03:34:44.345+0600][21.770s][info][gc,phases      ] GC(103)   Evacuate Collection Set: 1.09ms
[2026-04-03T03:34:44.345+0600][21.770s][info][gc,phases      ] GC(103)   Post Evacuate Collection Set: 0.56ms
[2026-04-03T03:34:44.345+0600][21.770s][info][gc,phases      ] GC(103)   Other: 0.07ms
[2026-04-03T03:34:44.345+0600][21.770s][info][gc,heap        ] GC(103) Eden regions: 77->0(77)
[2026-04-03T03:34:44.345+0600][21.770s][info][gc,heap        ] GC(103) Survivor regions: 1->1(10)
[2026-04-03T03:34:44.345+0600][21.770s][info][gc,heap        ] GC(103) Old regions: 30->30
[2026-04-03T03:34:44.345+0600][21.770s][info][gc,heap        ] GC(103) Humongous regions: 8->8
[2026-04-03T03:34:44.345+0600][21.770s][info][gc,metaspace   ] GC(103) Metaspace: 66622K(67648K)->66622K(67648K) NonClass: 58255K(58880K)->58255K(58880K) Class: 8367K(8768K)->8367K(8768K)
[2026-04-03T03:34:44.345+0600][21.770s][info][gc             ] GC(103) Pause Young (Mixed) (G1 Evacuation Pause) 113M->36M(130M) 2.293ms
[2026-04-03T03:34:44.345+0600][21.770s][info][gc,cpu         ] GC(103) User=0.01s Sys=0.00s Real=0.00s
[2026-04-03T03:34:44.393+0600][21.818s][info][gc,start       ] GC(104) Pause Young (Concurrent Start) (G1 Evacuation Pause)
[2026-04-03T03:34:44.393+0600][21.819s][info][gc,task        ] GC(104) Using 3 workers of 10 for evacuation
[2026-04-03T03:34:44.397+0600][21.822s][info][gc,phases      ] GC(104)   Pre Evacuate Collection Set: 0.49ms
[2026-04-03T03:34:44.397+0600][21.822s][info][gc,phases      ] GC(104)   Merge Heap Roots: 0.22ms
[2026-04-03T03:34:44.397+0600][21.822s][info][gc,phases      ] GC(104)   Evacuate Collection Set: 1.43ms
[2026-04-03T03:34:44.397+0600][21.822s][info][gc,phases      ] GC(104)   Post Evacuate Collection Set: 1.29ms
[2026-04-03T03:34:44.397+0600][21.822s][info][gc,phases      ] GC(104)   Other: 0.20ms
[2026-04-03T03:34:44.397+0600][21.822s][info][gc,heap        ] GC(104) Eden regions: 77->0(129)
[2026-04-03T03:34:44.397+0600][21.822s][info][gc,heap        ] GC(104) Survivor regions: 1->1(10)
[2026-04-03T03:34:44.397+0600][21.822s][info][gc,heap        ] GC(104) Old regions: 30->30
[2026-04-03T03:34:44.397+0600][21.822s][info][gc,heap        ] GC(104) Humongous regions: 8->8
[2026-04-03T03:34:44.397+0600][21.822s][info][gc,metaspace   ] GC(104) Metaspace: 66734K(67712K)->66734K(67712K) NonClass: 58350K(58944K)->58350K(58944K) Class: 8383K(8768K)->8383K(8768K)
[2026-04-03T03:34:44.397+0600][21.822s][info][gc             ] GC(104) Pause Young (Concurrent Start) (G1 Evacuation Pause) 113M->36M(218M) 3.902ms
[2026-04-03T03:34:44.397+0600][21.822s][info][gc,cpu         ] GC(104) User=0.00s Sys=0.00s Real=0.00s
[2026-04-03T03:34:44.397+0600][21.823s][info][gc             ] GC(105) Concurrent Mark Cycle
[2026-04-03T03:34:44.397+0600][21.823s][info][gc,marking     ] GC(105) Concurrent Scan Root Regions
[2026-04-03T03:34:44.398+0600][21.823s][info][gc,marking     ] GC(105) Concurrent Scan Root Regions 0.853ms
[2026-04-03T03:34:44.398+0600][21.824s][info][gc,marking     ] GC(105) Concurrent Mark
[2026-04-03T03:34:44.398+0600][21.824s][info][gc,marking     ] GC(105) Concurrent Mark From Roots
[2026-04-03T03:34:44.398+0600][21.824s][info][gc,task        ] GC(105) Using 3 workers of 3 for marking
[2026-04-03T03:34:44.423+0600][21.848s][info][gc,marking     ] GC(105) Concurrent Mark From Roots 24.332ms
[2026-04-03T03:34:44.423+0600][21.848s][info][gc,marking     ] GC(105) Concurrent Preclean
[2026-04-03T03:34:44.423+0600][21.848s][info][gc,marking     ] GC(105) Concurrent Preclean 0.216ms
[2026-04-03T03:34:44.423+0600][21.848s][info][gc,start       ] GC(105) Pause Remark
[2026-04-03T03:34:44.429+0600][21.854s][info][gc             ] GC(105) Pause Remark 58M->58M(130M) 5.475ms
[2026-04-03T03:34:44.429+0600][21.854s][info][gc,cpu         ] GC(105) User=0.02s Sys=0.00s Real=0.00s
[2026-04-03T03:34:44.429+0600][21.854s][info][gc,marking     ] GC(105) Concurrent Mark 30.605ms
[2026-04-03T03:34:44.429+0600][21.854s][info][gc,marking     ] GC(105) Concurrent Rebuild Remembered Sets and Scrub Regions
[2026-04-03T03:34:44.438+0600][21.864s][info][gc,marking     ] GC(105) Concurrent Rebuild Remembered Sets and Scrub Regions 9.567ms
[2026-04-03T03:34:44.439+0600][21.864s][info][gc,start       ] GC(105) Pause Cleanup
[2026-04-03T03:34:44.439+0600][21.864s][info][gc             ] GC(105) Pause Cleanup 66M->66M(130M) 0.359ms
[2026-04-03T03:34:44.439+0600][21.864s][info][gc,cpu         ] GC(105) User=0.00s Sys=0.00s Real=0.00s
[2026-04-03T03:34:44.439+0600][21.865s][info][gc,marking     ] GC(105) Concurrent Clear Claimed Marks
[2026-04-03T03:34:44.439+0600][21.865s][info][gc,marking     ] GC(105) Concurrent Clear Claimed Marks 0.210ms
[2026-04-03T03:34:44.440+0600][21.865s][info][gc,marking     ] GC(105) Concurrent Cleanup for Next Mark
[2026-04-03T03:34:44.440+0600][21.865s][info][gc,marking     ] GC(105) Concurrent Cleanup for Next Mark 0.416ms
[2026-04-03T03:34:44.440+0600][21.865s][info][gc             ] GC(105) Concurrent Mark Cycle 42.769ms
[2026-04-03T03:34:44.479+0600][21.904s][info][gc,start       ] GC(106) Pause Young (Prepare Mixed) (G1 Evacuation Pause)
[2026-04-03T03:34:44.479+0600][21.904s][info][gc,task        ] GC(106) Using 3 workers of 10 for evacuation
[2026-04-03T03:34:44.482+0600][21.907s][info][gc,phases      ] GC(106)   Pre Evacuate Collection Set: 0.31ms
[2026-04-03T03:34:44.482+0600][21.907s][info][gc,phases      ] GC(106)   Merge Heap Roots: 0.14ms
[2026-04-03T03:34:44.482+0600][21.907s][info][gc,phases      ] GC(106)   Evacuate Collection Set: 1.63ms
[2026-04-03T03:34:44.482+0600][21.907s][info][gc,phases      ] GC(106)   Post Evacuate Collection Set: 0.57ms
[2026-04-03T03:34:44.482+0600][21.907s][info][gc,phases      ] GC(106)   Other: 0.09ms
[2026-04-03T03:34:44.482+0600][21.907s][info][gc,heap        ] GC(106) Eden regions: 77->0(77)
[2026-04-03T03:34:44.482+0600][21.907s][info][gc,heap        ] GC(106) Survivor regions: 1->1(10)
[2026-04-03T03:34:44.482+0600][21.907s][info][gc,heap        ] GC(106) Old regions: 30->30
[2026-04-03T03:34:44.482+0600][21.907s][info][gc,heap        ] GC(106) Humongous regions: 10->8
[2026-04-03T03:34:44.482+0600][21.907s][info][gc,metaspace   ] GC(106) Metaspace: 67149K(67968K)->67149K(67968K) NonClass: 58669K(59136K)->58669K(59136K) Class: 8480K(8832K)->8480K(8832K)
[2026-04-03T03:34:44.482+0600][21.907s][info][gc             ] GC(106) Pause Young (Prepare Mixed) (G1 Evacuation Pause) 115M->36M(130M) 3.006ms
[2026-04-03T03:34:44.482+0600][21.907s][info][gc,cpu         ] GC(106) User=0.01s Sys=0.00s Real=0.01s
[2026-04-03T03:34:44.553+0600][21.979s][info][gc,start       ] GC(107) Pause Young (Mixed) (G1 Evacuation Pause)
[2026-04-03T03:34:44.553+0600][21.979s][info][gc,task        ] GC(107) Using 3 workers of 10 for evacuation
[2026-04-03T03:34:44.556+0600][21.981s][info][gc,phases      ] GC(107)   Pre Evacuate Collection Set: 0.19ms
[2026-04-03T03:34:44.556+0600][21.981s][info][gc,phases      ] GC(107)   Merge Heap Roots: 0.10ms
[2026-04-03T03:34:44.556+0600][21.981s][info][gc,phases      ] GC(107)   Evacuate Collection Set: 1.52ms
[2026-04-03T03:34:44.556+0600][21.981s][info][gc,phases      ] GC(107)   Post Evacuate Collection Set: 0.40ms
[2026-04-03T03:34:44.556+0600][21.981s][info][gc,phases      ] GC(107)   Other: 0.09ms
[2026-04-03T03:34:44.556+0600][21.981s][info][gc,heap        ] GC(107) Eden regions: 77->0(77)
[2026-04-03T03:34:44.556+0600][21.981s][info][gc,heap        ] GC(107) Survivor regions: 1->1(10)
[2026-04-03T03:34:44.556+0600][21.981s][info][gc,heap        ] GC(107) Old regions: 30->30
[2026-04-03T03:34:44.556+0600][21.981s][info][gc,heap        ] GC(107) Humongous regions: 10->8
[2026-04-03T03:34:44.556+0600][21.981s][info][gc,metaspace   ] GC(107) Metaspace: 67314K(68096K)->67314K(68096K) NonClass: 58804K(59264K)->58804K(59264K) Class: 8509K(8832K)->8509K(8832K)
[2026-04-03T03:34:44.556+0600][21.981s][info][gc             ] GC(107) Pause Young (Mixed) (G1 Evacuation Pause) 115M->36M(130M) 2.538ms
[2026-04-03T03:34:44.556+0600][21.981s][info][gc,cpu         ] GC(107) User=0.01s Sys=0.01s Real=0.00s
[2026-04-03T03:34:44.578+0600][22.003s][info][gc,start       ] GC(108) Pause Young (Concurrent Start) (G1 Humongous Allocation)
[2026-04-03T03:34:44.578+0600][22.003s][info][gc,task        ] GC(108) Using 3 workers of 10 for evacuation
[2026-04-03T03:34:44.581+0600][22.006s][info][gc,phases      ] GC(108)   Pre Evacuate Collection Set: 0.32ms
[2026-04-03T03:34:44.581+0600][22.006s][info][gc,phases      ] GC(108)   Merge Heap Roots: 0.18ms
[2026-04-03T03:34:44.581+0600][22.006s][info][gc,phases      ] GC(108)   Evacuate Collection Set: 1.54ms
[2026-04-03T03:34:44.581+0600][22.006s][info][gc,phases      ] GC(108)   Post Evacuate Collection Set: 0.59ms
[2026-04-03T03:34:44.581+0600][22.006s][info][gc,phases      ] GC(108)   Other: 0.22ms
[2026-04-03T03:34:44.581+0600][22.006s][info][gc,heap        ] GC(108) Eden regions: 2->0(77)
[2026-04-03T03:34:44.581+0600][22.006s][info][gc,heap        ] GC(108) Survivor regions: 1->1(10)
[2026-04-03T03:34:44.581+0600][22.006s][info][gc,heap        ] GC(108) Old regions: 30->30
[2026-04-03T03:34:44.581+0600][22.006s][info][gc,heap        ] GC(108) Humongous regions: 8->8
[2026-04-03T03:34:44.581+0600][22.006s][info][gc,metaspace   ] GC(108) Metaspace: 67325K(68096K)->67325K(68096K) NonClass: 58816K(59264K)->58816K(59264K) Class: 8509K(8832K)->8509K(8832K)
[2026-04-03T03:34:44.581+0600][22.006s][info][gc             ] GC(108) Pause Young (Concurrent Start) (G1 Humongous Allocation) 38M->36M(130M) 3.072ms
[2026-04-03T03:34:44.581+0600][22.006s][info][gc,cpu         ] GC(108) User=0.01s Sys=0.00s Real=0.01s
[2026-04-03T03:34:44.581+0600][22.006s][info][gc             ] GC(109) Concurrent Mark Cycle
[2026-04-03T03:34:44.581+0600][22.006s][info][gc,marking     ] GC(109) Concurrent Scan Root Regions
[2026-04-03T03:34:44.582+0600][22.007s][info][gc,marking     ] GC(109) Concurrent Scan Root Regions 0.968ms
[2026-04-03T03:34:44.582+0600][22.007s][info][gc,marking     ] GC(109) Concurrent Mark
[2026-04-03T03:34:44.582+0600][22.007s][info][gc,marking     ] GC(109) Concurrent Mark From Roots
[2026-04-03T03:34:44.582+0600][22.007s][info][gc,task        ] GC(109) Using 3 workers of 3 for marking
[2026-04-03T03:34:44.601+0600][22.026s][info][gc,marking     ] GC(109) Concurrent Mark From Roots 19.212ms
[2026-04-03T03:34:44.601+0600][22.027s][info][gc,marking     ] GC(109) Concurrent Preclean
[2026-04-03T03:34:44.601+0600][22.027s][info][gc,marking     ] GC(109) Concurrent Preclean 0.150ms
[2026-04-03T03:34:44.602+0600][22.027s][info][gc,start       ] GC(109) Pause Remark
[2026-04-03T03:34:44.607+0600][22.032s][info][gc             ] GC(109) Pause Remark 40M->40M(130M) 5.225ms
[2026-04-03T03:34:44.607+0600][22.032s][info][gc,cpu         ] GC(109) User=0.01s Sys=0.00s Real=0.00s
[2026-04-03T03:34:44.607+0600][22.032s][info][gc,marking     ] GC(109) Concurrent Mark 25.054ms
[2026-04-03T03:34:44.607+0600][22.032s][info][gc,marking     ] GC(109) Concurrent Rebuild Remembered Sets and Scrub Regions
[2026-04-03T03:34:44.615+0600][22.040s][info][gc,marking     ] GC(109) Concurrent Rebuild Remembered Sets and Scrub Regions 7.780ms
[2026-04-03T03:34:44.615+0600][22.041s][info][gc,start       ] GC(109) Pause Cleanup
[2026-04-03T03:34:44.615+0600][22.041s][info][gc             ] GC(109) Pause Cleanup 40M->40M(130M) 0.191ms
[2026-04-03T03:34:44.615+0600][22.041s][info][gc,cpu         ] GC(109) User=0.00s Sys=0.00s Real=0.00s
[2026-04-03T03:34:44.616+0600][22.041s][info][gc,marking     ] GC(109) Concurrent Clear Claimed Marks
[2026-04-03T03:34:44.616+0600][22.041s][info][gc,marking     ] GC(109) Concurrent Clear Claimed Marks 0.182ms
[2026-04-03T03:34:44.616+0600][22.041s][info][gc,marking     ] GC(109) Concurrent Cleanup for Next Mark
[2026-04-03T03:34:44.616+0600][22.041s][info][gc,marking     ] GC(109) Concurrent Cleanup for Next Mark 0.293ms
[2026-04-03T03:34:44.616+0600][22.041s][info][gc             ] GC(109) Concurrent Mark Cycle 35.245ms
[2026-04-03T03:34:45.367+0600][22.793s][info][gc,start       ] GC(110) Pause Young (Prepare Mixed) (G1 Evacuation Pause)
[2026-04-03T03:34:45.367+0600][22.793s][info][gc,task        ] GC(110) Using 3 workers of 10 for evacuation
[2026-04-03T03:34:45.374+0600][22.799s][info][gc,phases      ] GC(110)   Pre Evacuate Collection Set: 0.14ms
[2026-04-03T03:34:45.374+0600][22.799s][info][gc,phases      ] GC(110)   Merge Heap Roots: 0.08ms
[2026-04-03T03:34:45.374+0600][22.799s][info][gc,phases      ] GC(110)   Evacuate Collection Set: 4.86ms
[2026-04-03T03:34:45.374+0600][22.799s][info][gc,phases      ] GC(110)   Post Evacuate Collection Set: 1.14ms
[2026-04-03T03:34:45.374+0600][22.799s][info][gc,phases      ] GC(110)   Other: 0.08ms
[2026-04-03T03:34:45.374+0600][22.799s][info][gc,heap        ] GC(110) Eden regions: 77->0(93)
[2026-04-03T03:34:45.374+0600][22.799s][info][gc,heap        ] GC(110) Survivor regions: 1->6(10)
[2026-04-03T03:34:45.374+0600][22.799s][info][gc,heap        ] GC(110) Old regions: 30->30
[2026-04-03T03:34:45.374+0600][22.799s][info][gc,heap        ] GC(110) Humongous regions: 15->8
[2026-04-03T03:34:45.374+0600][22.799s][info][gc,metaspace   ] GC(110) Metaspace: 68931K(69760K)->68931K(69760K) NonClass: 60145K(60608K)->60145K(60608K) Class: 8786K(9152K)->8786K(9152K)
[2026-04-03T03:34:45.374+0600][22.799s][info][gc             ] GC(110) Pause Young (Prepare Mixed) (G1 Evacuation Pause) 120M->41M(166M) 6.551ms
[2026-04-03T03:34:45.374+0600][22.799s][info][gc,cpu         ] GC(110) User=0.02s Sys=0.00s Real=0.01s
[2026-04-03T03:34:45.546+0600][22.971s][info][gc,start       ] GC(111) Pause Young (Mixed) (GCLocker Initiated GC)
[2026-04-03T03:34:45.546+0600][22.971s][info][gc,task        ] GC(111) Using 3 workers of 10 for evacuation
[2026-04-03T03:34:45.561+0600][22.986s][info][gc,phases      ] GC(111)   Pre Evacuate Collection Set: 0.28ms
[2026-04-03T03:34:45.561+0600][22.986s][info][gc,phases      ] GC(111)   Merge Heap Roots: 0.24ms
[2026-04-03T03:34:45.561+0600][22.986s][info][gc,phases      ] GC(111)   Evacuate Collection Set: 13.18ms
[2026-04-03T03:34:45.561+0600][22.986s][info][gc,phases      ] GC(111)   Post Evacuate Collection Set: 0.89ms
[2026-04-03T03:34:45.561+0600][22.986s][info][gc,phases      ] GC(111)   Other: 0.10ms
[2026-04-03T03:34:45.561+0600][22.986s][info][gc,heap        ] GC(111) Eden regions: 93->0(86)
[2026-04-03T03:34:45.561+0600][22.986s][info][gc,heap        ] GC(111) Survivor regions: 6->13(13)
[2026-04-03T03:34:45.561+0600][22.986s][info][gc,heap        ] GC(111) Old regions: 30->33
[2026-04-03T03:34:45.561+0600][22.986s][info][gc,heap        ] GC(111) Humongous regions: 11->11
[2026-04-03T03:34:45.561+0600][22.986s][info][gc,metaspace   ] GC(111) Metaspace: 68951K(69824K)->68951K(69824K) NonClass: 60159K(60672K)->60159K(60672K) Class: 8791K(9152K)->8791K(9152K)
[2026-04-03T03:34:45.561+0600][22.986s][info][gc             ] GC(111) Pause Young (Mixed) (GCLocker Initiated GC) 137M->55M(166M) 14.922ms
[2026-04-03T03:34:45.561+0600][22.986s][info][gc,cpu         ] GC(111) User=0.05s Sys=0.00s Real=0.02s
[2026-04-03T03:34:45.581+0600][23.006s][info][gc,start       ] GC(112) Pause Young (Concurrent Start) (G1 Humongous Allocation)
[2026-04-03T03:34:45.581+0600][23.006s][info][gc,task        ] GC(112) Using 3 workers of 10 for evacuation
[2026-04-03T03:34:45.593+0600][23.018s][info][gc,phases      ] GC(112)   Pre Evacuate Collection Set: 0.29ms
[2026-04-03T03:34:45.593+0600][23.018s][info][gc,phases      ] GC(112)   Merge Heap Roots: 0.11ms
[2026-04-03T03:34:45.593+0600][23.018s][info][gc,phases      ] GC(112)   Evacuate Collection Set: 11.03ms
[2026-04-03T03:34:45.593+0600][23.018s][info][gc,phases      ] GC(112)   Post Evacuate Collection Set: 0.74ms
[2026-04-03T03:34:45.593+0600][23.018s][info][gc,phases      ] GC(112)   Other: 0.24ms
[2026-04-03T03:34:45.593+0600][23.018s][info][gc,heap        ] GC(112) Eden regions: 16->0(83)
[2026-04-03T03:34:45.593+0600][23.018s][info][gc,heap        ] GC(112) Survivor regions: 13->3(13)
[2026-04-03T03:34:45.593+0600][23.018s][info][gc,heap        ] GC(112) Old regions: 33->47
[2026-04-03T03:34:45.593+0600][23.018s][info][gc,heap        ] GC(112) Humongous regions: 11->11
[2026-04-03T03:34:45.593+0600][23.018s][info][gc,metaspace   ] GC(112) Metaspace: 68951K(69824K)->68951K(69824K) NonClass: 60159K(60672K)->60159K(60672K) Class: 8791K(9152K)->8791K(9152K)
[2026-04-03T03:34:45.593+0600][23.018s][info][gc             ] GC(112) Pause Young (Concurrent Start) (G1 Humongous Allocation) 71M->59M(166M) 12.647ms
[2026-04-03T03:34:45.593+0600][23.018s][info][gc,cpu         ] GC(112) User=0.04s Sys=0.00s Real=0.01s
[2026-04-03T03:34:45.593+0600][23.019s][info][gc             ] GC(113) Concurrent Mark Cycle
[2026-04-03T03:34:45.593+0600][23.019s][info][gc,marking     ] GC(113) Concurrent Scan Root Regions
[2026-04-03T03:34:45.597+0600][23.023s][info][gc,marking     ] GC(113) Concurrent Scan Root Regions 4.048ms
[2026-04-03T03:34:45.597+0600][23.023s][info][gc,marking     ] GC(113) Concurrent Mark
[2026-04-03T03:34:45.597+0600][23.023s][info][gc,marking     ] GC(113) Concurrent Mark From Roots
[2026-04-03T03:34:45.597+0600][23.023s][info][gc,task        ] GC(113) Using 3 workers of 3 for marking
[2026-04-03T03:34:45.619+0600][23.044s][info][gc,marking     ] GC(113) Concurrent Mark From Roots 21.242ms
[2026-04-03T03:34:45.619+0600][23.044s][info][gc,marking     ] GC(113) Concurrent Preclean
[2026-04-03T03:34:45.619+0600][23.044s][info][gc,marking     ] GC(113) Concurrent Preclean 0.113ms
[2026-04-03T03:34:45.619+0600][23.044s][info][gc,start       ] GC(113) Pause Remark
[2026-04-03T03:34:45.625+0600][23.051s][info][gc             ] GC(113) Pause Remark 72M->72M(166M) 6.175ms
[2026-04-03T03:34:45.625+0600][23.051s][info][gc,cpu         ] GC(113) User=0.02s Sys=0.00s Real=0.01s
[2026-04-03T03:34:45.626+0600][23.051s][info][gc,marking     ] GC(113) Concurrent Mark 28.156ms
[2026-04-03T03:34:45.626+0600][23.051s][info][gc,marking     ] GC(113) Concurrent Rebuild Remembered Sets and Scrub Regions
[2026-04-03T03:34:45.646+0600][23.071s][info][gc,marking     ] GC(113) Concurrent Rebuild Remembered Sets and Scrub Regions 19.936ms
[2026-04-03T03:34:45.646+0600][23.071s][info][gc,start       ] GC(113) Pause Cleanup
[2026-04-03T03:34:45.646+0600][23.072s][info][gc             ] GC(113) Pause Cleanup 85M->85M(166M) 0.308ms
[2026-04-03T03:34:45.646+0600][23.072s][info][gc,cpu         ] GC(113) User=0.00s Sys=0.00s Real=0.00s
[2026-04-03T03:34:45.647+0600][23.072s][info][gc,marking     ] GC(113) Concurrent Clear Claimed Marks
[2026-04-03T03:34:45.647+0600][23.072s][info][gc,marking     ] GC(113) Concurrent Clear Claimed Marks 0.229ms
[2026-04-03T03:34:45.647+0600][23.072s][info][gc,marking     ] GC(113) Concurrent Cleanup for Next Mark
[2026-04-03T03:34:45.647+0600][23.073s][info][gc,marking     ] GC(113) Concurrent Cleanup for Next Mark 0.538ms
[2026-04-03T03:34:45.647+0600][23.073s][info][gc             ] GC(113) Concurrent Mark Cycle 54.161ms
[2026-04-03T03:34:45.767+0600][23.192s][info][gc,start       ] GC(114) Pause Young (Prepare Mixed) (G1 Evacuation Pause)
[2026-04-03T03:34:45.767+0600][23.192s][info][gc,task        ] GC(114) Using 3 workers of 10 for evacuation
[2026-04-03T03:34:45.789+0600][23.214s][info][gc,phases      ] GC(114)   Pre Evacuate Collection Set: 0.38ms
[2026-04-03T03:34:45.789+0600][23.214s][info][gc,phases      ] GC(114)   Merge Heap Roots: 0.53ms
[2026-04-03T03:34:45.789+0600][23.214s][info][gc,phases      ] GC(114)   Evacuate Collection Set: 20.20ms
[2026-04-03T03:34:45.789+0600][23.214s][info][gc,phases      ] GC(114)   Post Evacuate Collection Set: 0.43ms
[2026-04-03T03:34:45.789+0600][23.214s][info][gc,phases      ] GC(114)   Other: 0.07ms
[2026-04-03T03:34:45.789+0600][23.214s][info][gc,heap        ] GC(114) Eden regions: 83->0(62)
[2026-04-03T03:34:45.789+0600][23.214s][info][gc,heap        ] GC(114) Survivor regions: 3->11(11)
[2026-04-03T03:34:45.789+0600][23.214s][info][gc,heap        ] GC(114) Old regions: 47->56
[2026-04-03T03:34:45.789+0600][23.214s][info][gc,heap        ] GC(114) Humongous regions: 17->17
[2026-04-03T03:34:45.789+0600][23.214s][info][gc,metaspace   ] GC(114) Metaspace: 69203K(70080K)->69203K(70080K) NonClass: 60356K(60864K)->60356K(60864K) Class: 8847K(9216K)->8847K(9216K)
[2026-04-03T03:34:45.789+0600][23.214s][info][gc             ] GC(114) Pause Young (Prepare Mixed) (G1 Evacuation Pause) 148M->82M(170M) 21.860ms
[2026-04-03T03:34:45.789+0600][23.214s][info][gc,cpu         ] GC(114) User=0.06s Sys=0.00s Real=0.02s
[2026-04-03T03:34:45.879+0600][23.304s][info][gc,start       ] GC(115) Pause Young (Mixed) (G1 Evacuation Pause)
[2026-04-03T03:34:45.879+0600][23.304s][info][gc,task        ] GC(115) Using 4 workers of 10 for evacuation
[2026-04-03T03:34:45.908+0600][23.333s][info][gc,phases      ] GC(115)   Pre Evacuate Collection Set: 0.25ms
[2026-04-03T03:34:45.908+0600][23.333s][info][gc,phases      ] GC(115)   Merge Heap Roots: 0.57ms
[2026-04-03T03:34:45.908+0600][23.333s][info][gc,phases      ] GC(115)   Evacuate Collection Set: 27.71ms
[2026-04-03T03:34:45.908+0600][23.333s][info][gc,phases      ] GC(115)   Post Evacuate Collection Set: 0.35ms
[2026-04-03T03:34:45.908+0600][23.333s][info][gc,phases      ] GC(115)   Other: 0.08ms
[2026-04-03T03:34:45.908+0600][23.333s][info][gc,heap        ] GC(115) Eden regions: 62->0(52)
[2026-04-03T03:34:45.908+0600][23.333s][info][gc,heap        ] GC(115) Survivor regions: 11->10(10)
[2026-04-03T03:34:45.908+0600][23.333s][info][gc,heap        ] GC(115) Old regions: 56->68
[2026-04-03T03:34:45.908+0600][23.333s][info][gc,heap        ] GC(115) Humongous regions: 26->26
[2026-04-03T03:34:45.908+0600][23.333s][info][gc,metaspace   ] GC(115) Metaspace: 69203K(70080K)->69203K(70080K) NonClass: 60356K(60864K)->60356K(60864K) Class: 8847K(9216K)->8847K(9216K)
[2026-04-03T03:34:45.908+0600][23.333s][info][gc             ] GC(115) Pause Young (Mixed) (G1 Evacuation Pause) 153M->102M(178M) 29.224ms
[2026-04-03T03:34:45.908+0600][23.333s][info][gc,cpu         ] GC(115) User=0.10s Sys=0.01s Real=0.03s
[2026-04-03T03:34:45.986+0600][23.411s][info][gc,start       ] GC(116) Pause Young (Concurrent Start) (G1 Evacuation Pause)
[2026-04-03T03:34:45.986+0600][23.411s][info][gc,task        ] GC(116) Using 4 workers of 10 for evacuation
[2026-04-03T03:34:46.006+0600][23.431s][info][gc,phases      ] GC(116)   Pre Evacuate Collection Set: 0.29ms
[2026-04-03T03:34:46.006+0600][23.431s][info][gc,phases      ] GC(116)   Merge Heap Roots: 0.22ms
[2026-04-03T03:34:46.006+0600][23.431s][info][gc,phases      ] GC(116)   Evacuate Collection Set: 18.39ms
[2026-04-03T03:34:46.006+0600][23.431s][info][gc,phases      ] GC(116)   Post Evacuate Collection Set: 0.70ms
[2026-04-03T03:34:46.006+0600][23.431s][info][gc,phases      ] GC(116)   Other: 0.24ms
[2026-04-03T03:34:46.006+0600][23.431s][info][gc,heap        ] GC(116) Eden regions: 52->0(42)
[2026-04-03T03:34:46.006+0600][23.431s][info][gc,heap        ] GC(116) Survivor regions: 10->8(8)
[2026-04-03T03:34:46.006+0600][23.431s][info][gc,heap        ] GC(116) Old regions: 68->83
[2026-04-03T03:34:46.006+0600][23.431s][info][gc,heap        ] GC(116) Humongous regions: 26->26
[2026-04-03T03:34:46.006+0600][23.431s][info][gc,metaspace   ] GC(116) Metaspace: 69203K(70080K)->69203K(70080K) NonClass: 60356K(60864K)->60356K(60864K) Class: 8847K(9216K)->8847K(9216K)
[2026-04-03T03:34:46.006+0600][23.431s][info][gc             ] GC(116) Pause Young (Concurrent Start) (G1 Evacuation Pause) 154M->115M(179M) 20.078ms
[2026-04-03T03:34:46.006+0600][23.431s][info][gc,cpu         ] GC(116) User=0.08s Sys=0.00s Real=0.02s
[2026-04-03T03:34:46.006+0600][23.432s][info][gc             ] GC(117) Concurrent Mark Cycle
[2026-04-03T03:34:46.006+0600][23.432s][info][gc,marking     ] GC(117) Concurrent Scan Root Regions
[2026-04-03T03:34:46.012+0600][23.437s][info][gc,marking     ] GC(117) Concurrent Scan Root Regions 5.486ms
[2026-04-03T03:34:46.012+0600][23.437s][info][gc,marking     ] GC(117) Concurrent Mark
[2026-04-03T03:34:46.012+0600][23.437s][info][gc,marking     ] GC(117) Concurrent Mark From Roots
[2026-04-03T03:34:46.012+0600][23.437s][info][gc,task        ] GC(117) Using 3 workers of 3 for marking
[2026-04-03T03:34:46.067+0600][23.492s][info][gc,marking     ] GC(117) Concurrent Mark From Roots 55.057ms
[2026-04-03T03:34:46.067+0600][23.492s][info][gc,marking     ] GC(117) Concurrent Preclean
[2026-04-03T03:34:46.067+0600][23.493s][info][gc,marking     ] GC(117) Concurrent Preclean 0.193ms
[2026-04-03T03:34:46.068+0600][23.493s][info][gc,start       ] GC(117) Pause Remark
[2026-04-03T03:34:46.080+0600][23.506s][info][gc             ] GC(117) Pause Remark 140M->131M(180M) 12.897ms
[2026-04-03T03:34:46.081+0600][23.506s][info][gc,cpu         ] GC(117) User=0.04s Sys=0.00s Real=0.02s
[2026-04-03T03:34:46.081+0600][23.506s][info][gc,marking     ] GC(117) Concurrent Mark 68.753ms
[2026-04-03T03:34:46.081+0600][23.506s][info][gc,marking     ] GC(117) Concurrent Rebuild Remembered Sets and Scrub Regions
[2026-04-03T03:34:46.119+0600][23.544s][info][gc,start       ] GC(118) Pause Young (Normal) (G1 Evacuation Pause)
[2026-04-03T03:34:46.119+0600][23.544s][info][gc,task        ] GC(118) Using 4 workers of 10 for evacuation
[2026-04-03T03:34:46.139+0600][23.564s][info][gc,phases      ] GC(118)   Pre Evacuate Collection Set: 0.41ms
[2026-04-03T03:34:46.139+0600][23.564s][info][gc,phases      ] GC(118)   Merge Heap Roots: 0.78ms
[2026-04-03T03:34:46.139+0600][23.564s][info][gc,phases      ] GC(118)   Evacuate Collection Set: 16.02ms
[2026-04-03T03:34:46.139+0600][23.564s][info][gc,phases      ] GC(118)   Post Evacuate Collection Set: 2.32ms
[2026-04-03T03:34:46.139+0600][23.564s][info][gc,phases      ] GC(118)   Other: 0.13ms
[2026-04-03T03:34:46.139+0600][23.564s][info][gc,heap        ] GC(118) Eden regions: 42->0(192)
[2026-04-03T03:34:46.139+0600][23.564s][info][gc,heap        ] GC(118) Survivor regions: 8->7(7)
[2026-04-03T03:34:46.139+0600][23.564s][info][gc,heap        ] GC(118) Old regions: 83->94
[2026-04-03T03:34:46.139+0600][23.564s][info][gc,heap        ] GC(118) Humongous regions: 17->17
[2026-04-03T03:34:46.139+0600][23.564s][info][gc,metaspace   ] GC(118) Metaspace: 69133K(70080K)->69133K(70080K) NonClass: 60307K(60864K)->60307K(60864K) Class: 8826K(9216K)->8826K(9216K)
[2026-04-03T03:34:46.139+0600][23.564s][info][gc             ] GC(118) Pause Young (Normal) (G1 Evacuation Pause) 148M->116M(395M) 20.008ms
[2026-04-03T03:34:46.139+0600][23.564s][info][gc,cpu         ] GC(118) User=0.06s Sys=0.01s Real=0.02s
[2026-04-03T03:34:46.143+0600][23.568s][info][gc,marking     ] GC(117) Concurrent Rebuild Remembered Sets and Scrub Regions 62.352ms
[2026-04-03T03:34:46.143+0600][23.569s][info][gc,start       ] GC(117) Pause Cleanup
[2026-04-03T03:34:46.144+0600][23.569s][info][gc             ] GC(117) Pause Cleanup 118M->118M(395M) 0.273ms
[2026-04-03T03:34:46.144+0600][23.569s][info][gc,cpu         ] GC(117) User=0.00s Sys=0.00s Real=0.00s
[2026-04-03T03:34:46.144+0600][23.569s][info][gc,marking     ] GC(117) Concurrent Clear Claimed Marks
[2026-04-03T03:34:46.144+0600][23.569s][info][gc,marking     ] GC(117) Concurrent Clear Claimed Marks 0.152ms
[2026-04-03T03:34:46.144+0600][23.569s][info][gc,marking     ] GC(117) Concurrent Cleanup for Next Mark
[2026-04-03T03:34:46.145+0600][23.571s][info][gc,marking     ] GC(117) Concurrent Cleanup for Next Mark 1.524ms
[2026-04-03T03:34:46.145+0600][23.571s][info][gc             ] GC(117) Concurrent Mark Cycle 139.187ms
[2026-04-03T03:34:46.496+0600][23.921s][info][gc,start       ] GC(119) Pause Young (Prepare Mixed) (G1 Evacuation Pause)
[2026-04-03T03:34:46.496+0600][23.921s][info][gc,task        ] GC(119) Using 9 workers of 10 for evacuation
[2026-04-03T03:34:46.523+0600][23.948s][info][gc,phases      ] GC(119)   Pre Evacuate Collection Set: 0.44ms
[2026-04-03T03:34:46.523+0600][23.948s][info][gc,phases      ] GC(119)   Merge Heap Roots: 0.72ms
[2026-04-03T03:34:46.523+0600][23.948s][info][gc,phases      ] GC(119)   Evacuate Collection Set: 24.76ms
[2026-04-03T03:34:46.523+0600][23.948s][info][gc,phases      ] GC(119)   Post Evacuate Collection Set: 1.19ms
[2026-04-03T03:34:46.523+0600][23.948s][info][gc,phases      ] GC(119)   Other: 0.12ms
[2026-04-03T03:34:46.523+0600][23.948s][info][gc,heap        ] GC(119) Eden regions: 192->0(160)
[2026-04-03T03:34:46.523+0600][23.948s][info][gc,heap        ] GC(119) Survivor regions: 7->25(25)
[2026-04-03T03:34:46.523+0600][23.948s][info][gc,heap        ] GC(119) Old regions: 94->107
[2026-04-03T03:34:46.523+0600][23.948s][info][gc,heap        ] GC(119) Humongous regions: 32->32
[2026-04-03T03:34:46.523+0600][23.948s][info][gc,metaspace   ] GC(119) Metaspace: 69253K(70144K)->69253K(70144K) NonClass: 60416K(60928K)->60416K(60928K) Class: 8837K(9216K)->8837K(9216K)
[2026-04-03T03:34:46.523+0600][23.948s][info][gc             ] GC(119) Pause Young (Prepare Mixed) (G1 Evacuation Pause) 323M->162M(395M) 27.551ms
[2026-04-03T03:34:46.523+0600][23.948s][info][gc,cpu         ] GC(119) User=0.21s Sys=0.02s Real=0.03s
[2026-04-03T03:34:46.803+0600][24.229s][info][gc,start       ] GC(120) Pause Young (Mixed) (G1 Evacuation Pause)
[2026-04-03T03:34:46.803+0600][24.229s][info][gc,task        ] GC(120) Using 9 workers of 10 for evacuation
[2026-04-03T03:34:46.842+0600][24.267s][info][gc,phases      ] GC(120)   Pre Evacuate Collection Set: 0.77ms
[2026-04-03T03:34:46.842+0600][24.267s][info][gc,phases      ] GC(120)   Merge Heap Roots: 0.47ms
[2026-04-03T03:34:46.842+0600][24.267s][info][gc,phases      ] GC(120)   Evacuate Collection Set: 35.61ms
[2026-04-03T03:34:46.842+0600][24.267s][info][gc,phases      ] GC(120)   Post Evacuate Collection Set: 1.31ms
[2026-04-03T03:34:46.842+0600][24.267s][info][gc,phases      ] GC(120)   Other: 0.15ms
[2026-04-03T03:34:46.842+0600][24.267s][info][gc,heap        ] GC(120) Eden regions: 160->0(130)
[2026-04-03T03:34:46.842+0600][24.267s][info][gc,heap        ] GC(120) Survivor regions: 25->24(24)
[2026-04-03T03:34:46.842+0600][24.267s][info][gc,heap        ] GC(120) Old regions: 107->133
[2026-04-03T03:34:46.842+0600][24.267s][info][gc,heap        ] GC(120) Humongous regions: 47->47
[2026-04-03T03:34:46.842+0600][24.267s][info][gc,metaspace   ] GC(120) Metaspace: 69395K(70208K)->69395K(70208K) NonClass: 60527K(60992K)->60527K(60992K) Class: 8867K(9216K)->8867K(9216K)
[2026-04-03T03:34:46.842+0600][24.267s][info][gc             ] GC(120) Pause Young (Mixed) (G1 Evacuation Pause) 337M->202M(395M) 38.790ms
[2026-04-03T03:34:46.842+0600][24.267s][info][gc,cpu         ] GC(120) User=0.31s Sys=0.03s Real=0.04s
[2026-04-03T03:34:46.848+0600][24.273s][info][gc,start       ] GC(121) Pause Young (Concurrent Start) (G1 Humongous Allocation)
[2026-04-03T03:34:46.848+0600][24.273s][info][gc,task        ] GC(121) Using 9 workers of 10 for evacuation
[2026-04-03T03:34:46.867+0600][24.292s][info][gc,phases      ] GC(121)   Pre Evacuate Collection Set: 0.55ms
[2026-04-03T03:34:46.867+0600][24.292s][info][gc,phases      ] GC(121)   Merge Heap Roots: 0.25ms
[2026-04-03T03:34:46.867+0600][24.292s][info][gc,phases      ] GC(121)   Evacuate Collection Set: 17.23ms
[2026-04-03T03:34:46.867+0600][24.292s][info][gc,phases      ] GC(121)   Post Evacuate Collection Set: 0.63ms
[2026-04-03T03:34:46.867+0600][24.292s][info][gc,phases      ] GC(121)   Other: 0.29ms
[2026-04-03T03:34:46.867+0600][24.292s][info][gc,heap        ] GC(121) Eden regions: 6->0(117)
[2026-04-03T03:34:46.867+0600][24.292s][info][gc,heap        ] GC(121) Survivor regions: 24->4(20)
[2026-04-03T03:34:46.867+0600][24.292s][info][gc,heap        ] GC(121) Old regions: 133->158
[2026-04-03T03:34:46.867+0600][24.292s][info][gc,heap        ] GC(121) Humongous regions: 47->47
[2026-04-03T03:34:46.867+0600][24.292s][info][gc,metaspace   ] GC(121) Metaspace: 69395K(70208K)->69395K(70208K) NonClass: 60527K(60992K)->60527K(60992K) Class: 8867K(9216K)->8867K(9216K)
[2026-04-03T03:34:46.867+0600][24.292s][info][gc             ] GC(121) Pause Young (Concurrent Start) (G1 Humongous Allocation) 208M->207M(395M) 19.322ms
[2026-04-03T03:34:46.867+0600][24.292s][info][gc             ] GC(122) Concurrent Mark Cycle
[2026-04-03T03:34:46.867+0600][24.292s][info][gc,marking     ] GC(122) Concurrent Scan Root Regions
[2026-04-03T03:34:46.867+0600][24.292s][info][gc,cpu         ] GC(121) User=0.16s Sys=0.00s Real=0.02s
[2026-04-03T03:34:46.906+0600][24.331s][info][gc,marking     ] GC(122) Concurrent Scan Root Regions 39.020ms
[2026-04-03T03:34:46.906+0600][24.332s][info][gc,marking     ] GC(122) Concurrent Mark
[2026-04-03T03:34:46.906+0600][24.332s][info][gc,marking     ] GC(122) Concurrent Mark From Roots
[2026-04-03T03:34:46.906+0600][24.332s][info][gc,task        ] GC(122) Using 3 workers of 3 for marking
[2026-04-03T03:34:47.005+0600][24.430s][info][gc,marking     ] GC(122) Concurrent Mark From Roots 98.745ms
[2026-04-03T03:34:47.005+0600][24.430s][info][gc,marking     ] GC(122) Concurrent Preclean
[2026-04-03T03:34:47.005+0600][24.431s][info][gc,marking     ] GC(122) Concurrent Preclean 0.207ms
[2026-04-03T03:34:47.006+0600][24.431s][info][gc,start       ] GC(122) Pause Remark
[2026-04-03T03:34:47.010+0600][24.435s][info][gc             ] GC(122) Pause Remark 266M->236M(395M) 4.451ms
[2026-04-03T03:34:47.010+0600][24.435s][info][gc,cpu         ] GC(122) User=0.02s Sys=0.00s Real=0.01s
[2026-04-03T03:34:47.010+0600][24.436s][info][gc,marking     ] GC(122) Concurrent Mark 104.060ms
[2026-04-03T03:34:47.010+0600][24.436s][info][gc,marking     ] GC(122) Concurrent Rebuild Remembered Sets and Scrub Regions
[2026-04-03T03:34:47.094+0600][24.519s][info][gc,marking     ] GC(122) Concurrent Rebuild Remembered Sets and Scrub Regions 83.080ms
[2026-04-03T03:34:47.094+0600][24.519s][info][gc,start       ] GC(122) Pause Cleanup
[2026-04-03T03:34:47.094+0600][24.520s][info][gc             ] GC(122) Pause Cleanup 283M->283M(395M) 0.525ms
[2026-04-03T03:34:47.095+0600][24.520s][info][gc,cpu         ] GC(122) User=0.00s Sys=0.00s Real=0.00s
[2026-04-03T03:34:47.095+0600][24.520s][info][gc,marking     ] GC(122) Concurrent Clear Claimed Marks
[2026-04-03T03:34:47.095+0600][24.520s][info][gc,marking     ] GC(122) Concurrent Clear Claimed Marks 0.249ms
[2026-04-03T03:34:47.095+0600][24.520s][info][gc,marking     ] GC(122) Concurrent Cleanup for Next Mark
[2026-04-03T03:34:47.096+0600][24.521s][info][gc,marking     ] GC(122) Concurrent Cleanup for Next Mark 0.710ms
[2026-04-03T03:34:47.096+0600][24.521s][info][gc             ] GC(122) Concurrent Mark Cycle 228.547ms
[2026-04-03T03:34:47.152+0600][24.577s][info][gc,start       ] GC(123) Pause Young (Prepare Mixed) (G1 Evacuation Pause)
[2026-04-03T03:34:47.152+0600][24.577s][info][gc,task        ] GC(123) Using 9 workers of 10 for evacuation
[2026-04-03T03:34:47.181+0600][24.607s][info][gc,phases      ] GC(123)   Pre Evacuate Collection Set: 0.56ms
[2026-04-03T03:34:47.182+0600][24.607s][info][gc,phases      ] GC(123)   Merge Heap Roots: 0.74ms
[2026-04-03T03:34:47.182+0600][24.607s][info][gc,phases      ] GC(123)   Evacuate Collection Set: 27.00ms
[2026-04-03T03:34:47.182+0600][24.607s][info][gc,phases      ] GC(123)   Post Evacuate Collection Set: 0.80ms
[2026-04-03T03:34:47.182+0600][24.607s][info][gc,phases      ] GC(123)   Other: 0.12ms
[2026-04-03T03:34:47.182+0600][24.607s][info][gc,heap        ] GC(123) Eden regions: 117->0(79)
[2026-04-03T03:34:47.182+0600][24.607s][info][gc,heap        ] GC(123) Survivor regions: 4->16(16)
[2026-04-03T03:34:47.182+0600][24.607s][info][gc,heap        ] GC(123) Old regions: 158->189
[2026-04-03T03:34:47.182+0600][24.607s][info][gc,heap        ] GC(123) Humongous regions: 47->47
[2026-04-03T03:34:47.182+0600][24.607s][info][gc,metaspace   ] GC(123) Metaspace: 69401K(70208K)->69401K(70208K) NonClass: 60533K(60992K)->60533K(60992K) Class: 8867K(9216K)->8867K(9216K)
[2026-04-03T03:34:47.182+0600][24.607s][info][gc             ] GC(123) Pause Young (Prepare Mixed) (G1 Evacuation Pause) 324M->250M(395M) 29.507ms
[2026-04-03T03:34:47.182+0600][24.607s][info][gc,cpu         ] GC(123) User=0.25s Sys=0.00s Real=0.03s
[2026-04-03T03:34:47.496+0600][24.922s][info][gc,start       ] GC(124) Pause Young (Mixed) (G1 Evacuation Pause)
[2026-04-03T03:34:47.496+0600][24.922s][info][gc,task        ] GC(124) Using 9 workers of 10 for evacuation
[2026-04-03T03:34:47.529+0600][24.954s][info][gc,phases      ] GC(124)   Pre Evacuate Collection Set: 0.44ms
[2026-04-03T03:34:47.529+0600][24.954s][info][gc,phases      ] GC(124)   Merge Heap Roots: 0.85ms
[2026-04-03T03:34:47.529+0600][24.954s][info][gc,phases      ] GC(124)   Evacuate Collection Set: 28.02ms
[2026-04-03T03:34:47.529+0600][24.954s][info][gc,phases      ] GC(124)   Post Evacuate Collection Set: 3.18ms
[2026-04-03T03:34:47.529+0600][24.954s][info][gc,phases      ] GC(124)   Other: 0.19ms
[2026-04-03T03:34:47.529+0600][24.954s][info][gc,heap        ] GC(124) Eden regions: 79->0(247)
[2026-04-03T03:34:47.529+0600][24.954s][info][gc,heap        ] GC(124) Survivor regions: 16->12(12)
[2026-04-03T03:34:47.529+0600][24.954s][info][gc,heap        ] GC(124) Old regions: 189->211
[2026-04-03T03:34:47.529+0600][24.954s][info][gc,heap        ] GC(124) Humongous regions: 48->48
[2026-04-03T03:34:47.529+0600][24.954s][info][gc,metaspace   ] GC(124) Metaspace: 69599K(70464K)->69599K(70464K) NonClass: 60712K(61184K)->60712K(61184K) Class: 8887K(9280K)->8887K(9280K)
[2026-04-03T03:34:47.529+0600][24.955s][info][gc             ] GC(124) Pause Young (Mixed) (G1 Evacuation Pause) 330M->269M(666M) 33.016ms
[2026-04-03T03:34:47.529+0600][24.955s][info][gc,cpu         ] GC(124) User=0.25s Sys=0.01s Real=0.03s
[2026-04-03T03:34:47.588+0600][25.013s][info][gc,start       ] GC(125) Pause Young (Concurrent Start) (G1 Humongous Allocation)
[2026-04-03T03:34:47.588+0600][25.014s][info][gc,task        ] GC(125) Using 10 workers of 10 for evacuation
[2026-04-03T03:34:47.607+0600][25.032s][info][gc,phases      ] GC(125)   Pre Evacuate Collection Set: 0.51ms
[2026-04-03T03:34:47.607+0600][25.032s][info][gc,phases      ] GC(125)   Merge Heap Roots: 0.49ms
[2026-04-03T03:34:47.607+0600][25.032s][info][gc,phases      ] GC(125)   Evacuate Collection Set: 16.51ms
[2026-04-03T03:34:47.607+0600][25.032s][info][gc,phases      ] GC(125)   Post Evacuate Collection Set: 0.85ms
[2026-04-03T03:34:47.607+0600][25.032s][info][gc,phases      ] GC(125)   Other: 0.39ms
[2026-04-03T03:34:47.607+0600][25.032s][info][gc,heap        ] GC(125) Eden regions: 24->0(258)
[2026-04-03T03:34:47.607+0600][25.032s][info][gc,heap        ] GC(125) Survivor regions: 12->18(33)
[2026-04-03T03:34:47.607+0600][25.032s][info][gc,heap        ] GC(125) Old regions: 211->211
[2026-04-03T03:34:47.607+0600][25.032s][info][gc,heap        ] GC(125) Humongous regions: 48->48
[2026-04-03T03:34:47.607+0600][25.032s][info][gc,metaspace   ] GC(125) Metaspace: 69603K(70464K)->69603K(70464K) NonClass: 60716K(61184K)->60716K(61184K) Class: 8887K(9280K)->8887K(9280K)
[2026-04-03T03:34:47.607+0600][25.033s][info][gc             ] GC(125) Pause Young (Concurrent Start) (G1 Humongous Allocation) 293M->275M(666M) 19.131ms
[2026-04-03T03:34:47.607+0600][25.033s][info][gc,cpu         ] GC(125) User=0.19s Sys=0.02s Real=0.02s
[2026-04-03T03:34:47.607+0600][25.033s][info][gc             ] GC(126) Concurrent Mark Cycle
[2026-04-03T03:34:47.607+0600][25.033s][info][gc,marking     ] GC(126) Concurrent Scan Root Regions
[2026-04-03T03:34:47.614+0600][25.039s][info][gc,marking     ] GC(126) Concurrent Scan Root Regions 6.640ms
[2026-04-03T03:34:47.614+0600][25.039s][info][gc,marking     ] GC(126) Concurrent Mark
[2026-04-03T03:34:47.614+0600][25.039s][info][gc,marking     ] GC(126) Concurrent Mark From Roots
[2026-04-03T03:34:47.614+0600][25.039s][info][gc,task        ] GC(126) Using 3 workers of 3 for marking
[2026-04-03T03:34:47.842+0600][25.267s][info][gc,marking     ] GC(126) Concurrent Mark From Roots 227.923ms
[2026-04-03T03:34:47.842+0600][25.267s][info][gc,marking     ] GC(126) Concurrent Preclean
[2026-04-03T03:34:47.842+0600][25.268s][info][gc,marking     ] GC(126) Concurrent Preclean 0.279ms
[2026-04-03T03:34:47.843+0600][25.268s][info][gc,start       ] GC(126) Pause Remark
[2026-04-03T03:34:47.848+0600][25.273s][info][gc             ] GC(126) Pause Remark 412M->391M(666M) 4.804ms
[2026-04-03T03:34:47.848+0600][25.273s][info][gc,cpu         ] GC(126) User=0.03s Sys=0.00s Real=0.00s
[2026-04-03T03:34:47.848+0600][25.273s][info][gc,marking     ] GC(126) Concurrent Mark 233.971ms
[2026-04-03T03:34:47.848+0600][25.274s][info][gc,marking     ] GC(126) Concurrent Rebuild Remembered Sets and Scrub Regions
[2026-04-03T03:34:48.031+0600][25.456s][info][gc,marking     ] GC(126) Concurrent Rebuild Remembered Sets and Scrub Regions 182.617ms
[2026-04-03T03:34:48.031+0600][25.457s][info][gc,start       ] GC(126) Pause Cleanup
[2026-04-03T03:34:48.032+0600][25.457s][info][gc             ] GC(126) Pause Cleanup 514M->514M(666M) 0.467ms
[2026-04-03T03:34:48.032+0600][25.457s][info][gc,cpu         ] GC(126) User=0.00s Sys=0.00s Real=0.00s
[2026-04-03T03:34:48.032+0600][25.457s][info][gc,marking     ] GC(126) Concurrent Clear Claimed Marks
[2026-04-03T03:34:48.032+0600][25.458s][info][gc,marking     ] GC(126) Concurrent Clear Claimed Marks 0.220ms
[2026-04-03T03:34:48.032+0600][25.458s][info][gc,marking     ] GC(126) Concurrent Cleanup for Next Mark
[2026-04-03T03:34:48.035+0600][25.460s][info][gc,marking     ] GC(126) Concurrent Cleanup for Next Mark 2.285ms
[2026-04-03T03:34:48.035+0600][25.460s][info][gc             ] GC(126) Concurrent Mark Cycle 427.285ms
[2026-04-03T03:34:48.050+0600][25.475s][info][gc,start       ] GC(127) Pause Young (Prepare Mixed) (G1 Evacuation Pause)
[2026-04-03T03:34:48.050+0600][25.475s][info][gc,task        ] GC(127) Using 10 workers of 10 for evacuation
[2026-04-03T03:34:48.095+0600][25.520s][info][gc,phases      ] GC(127)   Pre Evacuate Collection Set: 0.47ms
[2026-04-03T03:34:48.095+0600][25.521s][info][gc,phases      ] GC(127)   Merge Heap Roots: 1.85ms
[2026-04-03T03:34:48.095+0600][25.521s][info][gc,phases      ] GC(127)   Evacuate Collection Set: 41.56ms
[2026-04-03T03:34:48.095+0600][25.521s][info][gc,phases      ] GC(127)   Post Evacuate Collection Set: 1.48ms
[2026-04-03T03:34:48.095+0600][25.521s][info][gc,phases      ] GC(127)   Other: 0.17ms
[2026-04-03T03:34:48.095+0600][25.521s][info][gc,heap        ] GC(127) Eden regions: 258->0(251)
[2026-04-03T03:34:48.095+0600][25.521s][info][gc,heap        ] GC(127) Survivor regions: 18->35(35)
[2026-04-03T03:34:48.095+0600][25.521s][info][gc,heap        ] GC(127) Old regions: 211->219
[2026-04-03T03:34:48.095+0600][25.521s][info][gc,heap        ] GC(127) Humongous regions: 44->44
[2026-04-03T03:34:48.095+0600][25.521s][info][gc,metaspace   ] GC(127) Metaspace: 69710K(70528K)->69710K(70528K) NonClass: 60798K(61248K)->60798K(61248K) Class: 8912K(9280K)->8912K(9280K)
[2026-04-03T03:34:48.095+0600][25.521s][info][gc             ] GC(127) Pause Young (Prepare Mixed) (G1 Evacuation Pause) 529M->296M(666M) 45.862ms
[2026-04-03T03:34:48.095+0600][25.521s][info][gc,cpu         ] GC(127) User=0.44s Sys=0.00s Real=0.05s
[2026-04-03T03:34:48.336+0600][25.762s][info][gc,start       ] GC(128) Pause Young (Mixed) (G1 Evacuation Pause)
[2026-04-03T03:34:48.336+0600][25.762s][info][gc,task        ] GC(128) Using 10 workers of 10 for evacuation
[2026-04-03T03:34:48.395+0600][25.820s][info][gc,phases      ] GC(128)   Pre Evacuate Collection Set: 0.51ms
[2026-04-03T03:34:48.395+0600][25.820s][info][gc,phases      ] GC(128)   Merge Heap Roots: 1.27ms
[2026-04-03T03:34:48.395+0600][25.820s][info][gc,phases      ] GC(128)   Evacuate Collection Set: 55.22ms
[2026-04-03T03:34:48.395+0600][25.820s][info][gc,phases      ] GC(128)   Post Evacuate Collection Set: 1.01ms
[2026-04-03T03:34:48.395+0600][25.820s][info][gc,phases      ] GC(128)   Other: 0.17ms
[2026-04-03T03:34:48.395+0600][25.820s][info][gc,heap        ] GC(128) Eden regions: 251->0(236)
[2026-04-03T03:34:48.395+0600][25.820s][info][gc,heap        ] GC(128) Survivor regions: 35->24(36)
[2026-04-03T03:34:48.395+0600][25.820s][info][gc,heap        ] GC(128) Old regions: 219->252
[2026-04-03T03:34:48.395+0600][25.820s][info][gc,heap        ] GC(128) Humongous regions: 59->59
[2026-04-03T03:34:48.395+0600][25.820s][info][gc,metaspace   ] GC(128) Metaspace: 69710K(70528K)->69710K(70528K) NonClass: 60798K(61248K)->60798K(61248K) Class: 8912K(9280K)->8912K(9280K)
[2026-04-03T03:34:48.395+0600][25.820s][info][gc             ] GC(128) Pause Young (Mixed) (G1 Evacuation Pause) 562M->333M(666M) 58.764ms
[2026-04-03T03:34:48.395+0600][25.820s][info][gc,cpu         ] GC(128) User=0.56s Sys=0.00s Real=0.06s
[2026-04-03T03:34:48.610+0600][26.035s][info][gc,start       ] GC(129) Pause Young (Concurrent Start) (G1 Evacuation Pause)
[2026-04-03T03:34:48.610+0600][26.035s][info][gc,task        ] GC(129) Using 10 workers of 10 for evacuation
[2026-04-03T03:34:48.646+0600][26.071s][info][gc,phases      ] GC(129)   Pre Evacuate Collection Set: 0.38ms
[2026-04-03T03:34:48.646+0600][26.071s][info][gc,phases      ] GC(129)   Merge Heap Roots: 0.30ms
[2026-04-03T03:34:48.646+0600][26.071s][info][gc,phases      ] GC(129)   Evacuate Collection Set: 34.19ms
[2026-04-03T03:34:48.646+0600][26.071s][info][gc,phases      ] GC(129)   Post Evacuate Collection Set: 0.87ms
[2026-04-03T03:34:48.646+0600][26.071s][info][gc,phases      ] GC(129)   Other: 0.27ms
[2026-04-03T03:34:48.646+0600][26.071s][info][gc,heap        ] GC(129) Eden regions: 236->0(235)
[2026-04-03T03:34:48.646+0600][26.071s][info][gc,heap        ] GC(129) Survivor regions: 24->19(33)
[2026-04-03T03:34:48.646+0600][26.071s][info][gc,heap        ] GC(129) Old regions: 252->273
[2026-04-03T03:34:48.646+0600][26.071s][info][gc,heap        ] GC(129) Humongous regions: 59->59
[2026-04-03T03:34:48.646+0600][26.071s][info][gc,metaspace   ] GC(129) Metaspace: 69711K(70528K)->69711K(70528K) NonClass: 60798K(61248K)->60798K(61248K) Class: 8912K(9280K)->8912K(9280K)
[2026-04-03T03:34:48.646+0600][26.071s][info][gc             ] GC(129) Pause Young (Concurrent Start) (G1 Evacuation Pause) 569M->349M(666M) 36.378ms
[2026-04-03T03:34:48.646+0600][26.071s][info][gc,cpu         ] GC(129) User=0.34s Sys=0.01s Real=0.04s
[2026-04-03T03:34:48.646+0600][26.071s][info][gc             ] GC(130) Concurrent Mark Cycle
[2026-04-03T03:34:48.653+0600][26.078s][info][gc,marking     ] GC(130) Concurrent Scan Root Regions
[2026-04-03T03:34:48.670+0600][26.095s][info][gc,marking     ] GC(130) Concurrent Scan Root Regions 16.580ms
[2026-04-03T03:34:48.670+0600][26.095s][info][gc,marking     ] GC(130) Concurrent Mark
[2026-04-03T03:34:48.670+0600][26.095s][info][gc,marking     ] GC(130) Concurrent Mark From Roots
[2026-04-03T03:34:48.670+0600][26.095s][info][gc,task        ] GC(130) Using 3 workers of 3 for marking
[2026-04-03T03:34:48.970+0600][26.395s][info][gc,start       ] GC(131) Pause Young (Normal) (G1 Evacuation Pause)
[2026-04-03T03:34:48.970+0600][26.395s][info][gc,task        ] GC(131) Using 10 workers of 10 for evacuation
[2026-04-03T03:34:49.001+0600][26.427s][info][gc,phases      ] GC(131)   Pre Evacuate Collection Set: 0.63ms
[2026-04-03T03:34:49.001+0600][26.427s][info][gc,phases      ] GC(131)   Merge Heap Roots: 0.39ms
[2026-04-03T03:34:49.001+0600][26.427s][info][gc,phases      ] GC(131)   Evacuate Collection Set: 25.88ms
[2026-04-03T03:34:49.001+0600][26.427s][info][gc,phases      ] GC(131)   Post Evacuate Collection Set: 4.19ms
[2026-04-03T03:34:49.001+0600][26.427s][info][gc,phases      ] GC(131)   Other: 0.17ms
[2026-04-03T03:34:49.001+0600][26.427s][info][gc,heap        ] GC(131) Eden regions: 235->0(500)
[2026-04-03T03:34:49.002+0600][26.427s][info][gc,heap        ] GC(131) Survivor regions: 19->17(32)
[2026-04-03T03:34:49.002+0600][26.427s][info][gc,heap        ] GC(131) Old regions: 273->288
[2026-04-03T03:34:49.002+0600][26.427s][info][gc,heap        ] GC(131) Humongous regions: 59->59
[2026-04-03T03:34:49.002+0600][26.427s][info][gc,metaspace   ] GC(131) Metaspace: 69711K(70528K)->69711K(70528K) NonClass: 60798K(61248K)->60798K(61248K) Class: 8912K(9280K)->8912K(9280K)
[2026-04-03T03:34:49.002+0600][26.427s][info][gc             ] GC(131) Pause Young (Normal) (G1 Evacuation Pause) 584M->362M(1043M) 31.673ms
[2026-04-03T03:34:49.002+0600][26.427s][info][gc,cpu         ] GC(131) User=0.26s Sys=0.01s Real=0.03s
[2026-04-03T03:34:49.028+0600][26.453s][info][gc,marking     ] GC(130) Concurrent Mark From Roots 357.886ms
[2026-04-03T03:34:49.028+0600][26.453s][info][gc,marking     ] GC(130) Concurrent Preclean
[2026-04-03T03:34:49.028+0600][26.453s][info][gc,marking     ] GC(130) Concurrent Preclean 0.167ms
[2026-04-03T03:34:49.028+0600][26.453s][info][gc,start       ] GC(130) Pause Remark
[2026-04-03T03:34:49.032+0600][26.457s][info][gc             ] GC(130) Pause Remark 380M->362M(1043M) 3.915ms
[2026-04-03T03:34:49.032+0600][26.457s][info][gc,cpu         ] GC(130) User=0.02s Sys=0.00s Real=0.01s
[2026-04-03T03:34:49.032+0600][26.457s][info][gc,marking     ] GC(130) Concurrent Mark 362.525ms
[2026-04-03T03:34:49.032+0600][26.458s][info][gc,marking     ] GC(130) Concurrent Rebuild Remembered Sets and Scrub Regions
[2026-04-03T03:34:49.245+0600][26.671s][info][gc,marking     ] GC(130) Concurrent Rebuild Remembered Sets and Scrub Regions 213.143ms
[2026-04-03T03:34:49.246+0600][26.671s][info][gc,start       ] GC(130) Pause Cleanup
[2026-04-03T03:34:49.246+0600][26.672s][info][gc             ] GC(130) Pause Cleanup 488M->488M(1043M) 0.676ms
[2026-04-03T03:34:49.247+0600][26.672s][info][gc,cpu         ] GC(130) User=0.01s Sys=0.00s Real=0.00s
[2026-04-03T03:34:49.247+0600][26.672s][info][gc,marking     ] GC(130) Concurrent Clear Claimed Marks
[2026-04-03T03:34:49.247+0600][26.672s][info][gc,marking     ] GC(130) Concurrent Clear Claimed Marks 0.310ms
[2026-04-03T03:34:49.247+0600][26.672s][info][gc,marking     ] GC(130) Concurrent Cleanup for Next Mark
[2026-04-03T03:34:49.251+0600][26.676s][info][gc,marking     ] GC(130) Concurrent Cleanup for Next Mark 3.792ms
[2026-04-03T03:34:49.251+0600][26.676s][info][gc             ] GC(130) Concurrent Mark Cycle 604.728ms
[2026-04-03T03:34:51.037+0600][28.462s][info][gc,start       ] GC(132) Pause Young (Prepare Mixed) (G1 Evacuation Pause)
[2026-04-03T03:34:51.037+0600][28.462s][info][gc,task        ] GC(132) Using 10 workers of 10 for evacuation
[2026-04-03T03:34:51.104+0600][28.530s][info][gc,phases      ] GC(132)   Pre Evacuate Collection Set: 0.30ms
[2026-04-03T03:34:51.104+0600][28.530s][info][gc,phases      ] GC(132)   Merge Heap Roots: 1.74ms
[2026-04-03T03:34:51.104+0600][28.530s][info][gc,phases      ] GC(132)   Evacuate Collection Set: 63.57ms
[2026-04-03T03:34:51.104+0600][28.530s][info][gc,phases      ] GC(132)   Post Evacuate Collection Set: 1.64ms
[2026-04-03T03:34:51.104+0600][28.530s][info][gc,phases      ] GC(132)   Other: 0.20ms
[2026-04-03T03:34:51.104+0600][28.530s][info][gc,heap        ] GC(132) Eden regions: 500->0(487)
[2026-04-03T03:34:51.104+0600][28.530s][info][gc,heap        ] GC(132) Survivor regions: 17->47(65)
[2026-04-03T03:34:51.104+0600][28.530s][info][gc,heap        ] GC(132) Old regions: 288->288
[2026-04-03T03:34:51.104+0600][28.530s][info][gc,heap        ] GC(132) Humongous regions: 103->92
[2026-04-03T03:34:51.104+0600][28.530s][info][gc,metaspace   ] GC(132) Metaspace: 69990K(70848K)->69990K(70848K) NonClass: 61048K(61504K)->61048K(61504K) Class: 8941K(9344K)->8941K(9344K)
[2026-04-03T03:34:51.105+0600][28.530s][info][gc             ] GC(132) Pause Young (Prepare Mixed) (G1 Evacuation Pause) 906M->425M(1043M) 67.854ms
[2026-04-03T03:34:51.105+0600][28.530s][info][gc,cpu         ] GC(132) User=0.66s Sys=0.00s Real=0.07s
[2026-04-03T03:34:51.649+0600][29.075s][info][gc,start       ] GC(133) Pause Young (Mixed) (G1 Evacuation Pause)
[2026-04-03T03:34:51.649+0600][29.075s][info][gc,task        ] GC(133) Using 10 workers of 10 for evacuation
[2026-04-03T03:34:51.776+0600][29.201s][info][gc,phases      ] GC(133)   Pre Evacuate Collection Set: 0.29ms
[2026-04-03T03:34:51.776+0600][29.201s][info][gc,phases      ] GC(133)   Merge Heap Roots: 2.30ms
[2026-04-03T03:34:51.776+0600][29.201s][info][gc,phases      ] GC(133)   Evacuate Collection Set: 122.47ms
[2026-04-03T03:34:51.776+0600][29.201s][info][gc,phases      ] GC(133)   Post Evacuate Collection Set: 0.88ms
[2026-04-03T03:34:51.776+0600][29.201s][info][gc,phases      ] GC(133)   Other: 0.13ms
[2026-04-03T03:34:51.776+0600][29.201s][info][gc,heap        ] GC(133) Eden regions: 274->0(325)
[2026-04-03T03:34:51.776+0600][29.201s][info][gc,heap        ] GC(133) Survivor regions: 47->41(41)
[2026-04-03T03:34:51.776+0600][29.201s][info][gc,heap        ] GC(133) Old regions: 288->379
[2026-04-03T03:34:51.776+0600][29.201s][info][gc,heap        ] GC(133) Humongous regions: 149->149
[2026-04-03T03:34:51.776+0600][29.201s][info][gc,metaspace   ] GC(133) Metaspace: 69995K(70848K)->69995K(70848K) NonClass: 61053K(61504K)->61053K(61504K) Class: 8941K(9344K)->8941K(9344K)
[2026-04-03T03:34:51.776+0600][29.201s][info][gc             ] GC(133) Pause Young (Mixed) (G1 Evacuation Pause) 756M->567M(1043M) 126.387ms
[2026-04-03T03:34:51.776+0600][29.201s][info][gc,cpu         ] GC(133) User=1.25s Sys=0.00s Real=0.13s
[2026-04-03T03:34:51.859+0600][29.284s][info][gc,start       ] GC(134) Pause Young (Concurrent Start) (G1 Humongous Allocation)
[2026-04-03T03:34:51.859+0600][29.284s][info][gc,task        ] GC(134) Using 10 workers of 10 for evacuation
[2026-04-03T03:34:51.911+0600][29.336s][info][gc,phases      ] GC(134)   Pre Evacuate Collection Set: 0.52ms
[2026-04-03T03:34:51.911+0600][29.336s][info][gc,phases      ] GC(134)   Merge Heap Roots: 0.62ms
[2026-04-03T03:34:51.911+0600][29.336s][info][gc,phases      ] GC(134)   Evacuate Collection Set: 49.42ms
[2026-04-03T03:34:51.911+0600][29.336s][info][gc,phases      ] GC(134)   Post Evacuate Collection Set: 1.12ms
[2026-04-03T03:34:51.911+0600][29.336s][info][gc,phases      ] GC(134)   Other: 0.27ms
[2026-04-03T03:34:51.911+0600][29.336s][info][gc,heap        ] GC(134) Eden regions: 124->0(311)
[2026-04-03T03:34:51.911+0600][29.336s][info][gc,heap        ] GC(134) Survivor regions: 41->19(46)
[2026-04-03T03:34:51.911+0600][29.336s][info][gc,heap        ] GC(134) Old regions: 379->422
[2026-04-03T03:34:51.911+0600][29.336s][info][gc,heap        ] GC(134) Humongous regions: 149->149
[2026-04-03T03:34:51.911+0600][29.336s][info][gc,metaspace   ] GC(134) Metaspace: 69995K(70848K)->69995K(70848K) NonClass: 61053K(61504K)->61053K(61504K) Class: 8941K(9344K)->8941K(9344K)
[2026-04-03T03:34:51.911+0600][29.336s][info][gc             ] GC(134) Pause Young (Concurrent Start) (G1 Humongous Allocation) 691M->588M(1043M) 52.568ms
[2026-04-03T03:34:51.911+0600][29.336s][info][gc,cpu         ] GC(134) User=0.50s Sys=0.00s Real=0.06s
[2026-04-03T03:34:51.911+0600][29.337s][info][gc             ] GC(135) Concurrent Mark Cycle
[2026-04-03T03:34:51.911+0600][29.337s][info][gc,marking     ] GC(135) Concurrent Scan Root Regions
[2026-04-03T03:34:51.936+0600][29.362s][info][gc,marking     ] GC(135) Concurrent Scan Root Regions 25.030ms
[2026-04-03T03:34:51.937+0600][29.362s][info][gc,marking     ] GC(135) Concurrent Mark
[2026-04-03T03:34:51.937+0600][29.362s][info][gc,marking     ] GC(135) Concurrent Mark From Roots
[2026-04-03T03:34:51.937+0600][29.362s][info][gc,task        ] GC(135) Using 3 workers of 3 for marking
[2026-04-03T03:34:52.147+0600][29.572s][info][gc,marking     ] GC(135) Concurrent Mark From Roots 210.626ms
[2026-04-03T03:34:52.147+0600][29.573s][info][gc,marking     ] GC(135) Concurrent Preclean
[2026-04-03T03:34:52.148+0600][29.573s][info][gc,marking     ] GC(135) Concurrent Preclean 0.215ms
[2026-04-03T03:34:52.148+0600][29.573s][info][gc,start       ] GC(135) Pause Remark
[2026-04-03T03:34:52.153+0600][29.578s][info][gc             ] GC(135) Pause Remark 789M->553M(1043M) 4.847ms
[2026-04-03T03:34:52.153+0600][29.578s][info][gc,cpu         ] GC(135) User=0.03s Sys=0.00s Real=0.01s
[2026-04-03T03:34:52.153+0600][29.578s][info][gc,marking     ] GC(135) Concurrent Mark 216.628ms
[2026-04-03T03:34:52.153+0600][29.579s][info][gc,marking     ] GC(135) Concurrent Rebuild Remembered Sets and Scrub Regions
[2026-04-03T03:34:52.308+0600][29.733s][info][gc,start       ] GC(136) Pause Young (Normal) (G1 Evacuation Pause)
[2026-04-03T03:34:52.308+0600][29.733s][info][gc,task        ] GC(136) Using 10 workers of 10 for evacuation
[2026-04-03T03:34:52.368+0600][29.793s][info][gc,phases      ] GC(136)   Pre Evacuate Collection Set: 0.59ms
[2026-04-03T03:34:52.368+0600][29.793s][info][gc,phases      ] GC(136)   Merge Heap Roots: 1.47ms
[2026-04-03T03:34:52.368+0600][29.793s][info][gc,phases      ] GC(136)   Evacuate Collection Set: 56.15ms
[2026-04-03T03:34:52.368+0600][29.793s][info][gc,phases      ] GC(136)   Post Evacuate Collection Set: 1.53ms
[2026-04-03T03:34:52.368+0600][29.793s][info][gc,phases      ] GC(136)   Other: 0.16ms
[2026-04-03T03:34:52.368+0600][29.793s][info][gc,heap        ] GC(136) Eden regions: 311->0(456)
[2026-04-03T03:34:52.368+0600][29.793s][info][gc,heap        ] GC(136) Survivor regions: 19->42(42)
[2026-04-03T03:34:52.368+0600][29.793s][info][gc,heap        ] GC(136) Old regions: 309->317
[2026-04-03T03:34:52.368+0600][29.793s][info][gc,heap        ] GC(136) Humongous regions: 49->49
[2026-04-03T03:34:52.368+0600][29.793s][info][gc,metaspace   ] GC(136) Metaspace: 70002K(70912K)->70002K(70912K) NonClass: 61060K(61568K)->61060K(61568K) Class: 8941K(9344K)->8941K(9344K)
[2026-04-03T03:34:52.368+0600][29.793s][info][gc             ] GC(136) Pause Young (Normal) (G1 Evacuation Pause) 686M->406M(1043M) 60.213ms
[2026-04-03T03:34:52.368+0600][29.794s][info][gc,cpu         ] GC(136) User=0.55s Sys=0.00s Real=0.06s
[2026-04-03T03:34:52.417+0600][29.843s][info][gc,marking     ] GC(135) Concurrent Rebuild Remembered Sets and Scrub Regions 264.018ms
[2026-04-03T03:34:52.418+0600][29.843s][info][gc,start       ] GC(135) Pause Cleanup
[2026-04-03T03:34:52.418+0600][29.844s][info][gc             ] GC(135) Pause Cleanup 440M->440M(1043M) 0.667ms
[2026-04-03T03:34:52.418+0600][29.844s][info][gc,cpu         ] GC(135) User=0.00s Sys=0.00s Real=0.00s
[2026-04-03T03:34:52.419+0600][29.844s][info][gc,marking     ] GC(135) Concurrent Clear Claimed Marks
[2026-04-03T03:34:52.419+0600][29.844s][info][gc,marking     ] GC(135) Concurrent Clear Claimed Marks 0.269ms
[2026-04-03T03:34:52.419+0600][29.844s][info][gc,marking     ] GC(135) Concurrent Cleanup for Next Mark
[2026-04-03T03:34:52.421+0600][29.846s][info][gc,marking     ] GC(135) Concurrent Cleanup for Next Mark 1.772ms
[2026-04-03T03:34:52.421+0600][29.846s][info][gc             ] GC(135) Concurrent Mark Cycle 509.474ms
[2026-04-03T03:34:52.858+0600][30.284s][info][gc,start       ] GC(137) Pause Young (Prepare Mixed) (G1 Evacuation Pause)
[2026-04-03T03:34:52.859+0600][30.284s][info][gc,task        ] GC(137) Using 10 workers of 10 for evacuation
[2026-04-03T03:34:52.932+0600][30.357s][info][gc,phases      ] GC(137)   Pre Evacuate Collection Set: 0.39ms
[2026-04-03T03:34:52.932+0600][30.357s][info][gc,phases      ] GC(137)   Merge Heap Roots: 1.35ms
[2026-04-03T03:34:52.932+0600][30.357s][info][gc,phases      ] GC(137)   Evacuate Collection Set: 70.58ms
[2026-04-03T03:34:52.932+0600][30.357s][info][gc,phases      ] GC(137)   Post Evacuate Collection Set: 1.00ms
[2026-04-03T03:34:52.932+0600][30.357s][info][gc,phases      ] GC(137)   Other: 0.16ms
[2026-04-03T03:34:52.932+0600][30.357s][info][gc,heap        ] GC(137) Eden regions: 456->0(444)
[2026-04-03T03:34:52.932+0600][30.357s][info][gc,heap        ] GC(137) Survivor regions: 42->60(63)
[2026-04-03T03:34:52.932+0600][30.357s][info][gc,heap        ] GC(137) Old regions: 317->334
[2026-04-03T03:34:52.932+0600][30.357s][info][gc,heap        ] GC(137) Humongous regions: 59->59
[2026-04-03T03:34:52.932+0600][30.357s][info][gc,metaspace   ] GC(137) Metaspace: 70002K(70912K)->70002K(70912K) NonClass: 61060K(61568K)->61060K(61568K) Class: 8941K(9344K)->8941K(9344K)
[2026-04-03T03:34:52.932+0600][30.358s][info][gc             ] GC(137) Pause Young (Prepare Mixed) (G1 Evacuation Pause) 872M->451M(1043M) 73.789ms
[2026-04-03T03:34:52.932+0600][30.358s][info][gc,cpu         ] GC(137) User=0.72s Sys=0.00s Real=0.08s
[2026-04-03T03:34:53.433+0600][30.859s][info][gc,start       ] GC(138) Pause Young (Mixed) (G1 Evacuation Pause)
[2026-04-03T03:34:53.434+0600][30.859s][info][gc,task        ] GC(138) Using 10 workers of 10 for evacuation
[2026-04-03T03:34:53.525+0600][30.950s][info][gc,phases      ] GC(138)   Pre Evacuate Collection Set: 0.44ms
[2026-04-03T03:34:53.525+0600][30.950s][info][gc,phases      ] GC(138)   Merge Heap Roots: 1.22ms
[2026-04-03T03:34:53.525+0600][30.950s][info][gc,phases      ] GC(138)   Evacuate Collection Set: 88.03ms
[2026-04-03T03:34:53.525+0600][30.950s][info][gc,phases      ] GC(138)   Post Evacuate Collection Set: 1.29ms
[2026-04-03T03:34:53.525+0600][30.950s][info][gc,phases      ] GC(138)   Other: 0.14ms
[2026-04-03T03:34:53.525+0600][30.950s][info][gc,heap        ] GC(138) Eden regions: 444->0(447)
[2026-04-03T03:34:53.525+0600][30.950s][info][gc,heap        ] GC(138) Survivor regions: 60->57(63)
[2026-04-03T03:34:53.525+0600][30.950s][info][gc,heap        ] GC(138) Old regions: 334->328
[2026-04-03T03:34:53.525+0600][30.950s][info][gc,heap        ] GC(138) Humongous regions: 86->86
[2026-04-03T03:34:53.525+0600][30.950s][info][gc,metaspace   ] GC(138) Metaspace: 70002K(70912K)->70002K(70912K) NonClass: 61060K(61568K)->61060K(61568K) Class: 8941K(9344K)->8941K(9344K)
[2026-04-03T03:34:53.525+0600][30.950s][info][gc             ] GC(138) Pause Young (Mixed) (G1 Evacuation Pause) 922M->469M(1043M) 91.505ms
[2026-04-03T03:34:53.525+0600][30.950s][info][gc,cpu         ] GC(138) User=0.89s Sys=0.00s Real=0.09s
[2026-04-03T03:34:53.567+0600][30.992s][info][gc,start       ] GC(139) Pause Young (Concurrent Start) (G1 Humongous Allocation)
[2026-04-03T03:34:53.567+0600][30.992s][info][gc,task        ] GC(139) Using 10 workers of 10 for evacuation
[2026-04-03T03:34:53.625+0600][31.050s][info][gc,phases      ] GC(139)   Pre Evacuate Collection Set: 0.58ms
[2026-04-03T03:34:53.625+0600][31.050s][info][gc,phases      ] GC(139)   Merge Heap Roots: 0.30ms
[2026-04-03T03:34:53.625+0600][31.050s][info][gc,phases      ] GC(139)   Evacuate Collection Set: 55.75ms
[2026-04-03T03:34:53.625+0600][31.050s][info][gc,phases      ] GC(139)   Post Evacuate Collection Set: 0.97ms
[2026-04-03T03:34:53.625+0600][31.050s][info][gc,phases      ] GC(139)   Other: 0.24ms
[2026-04-03T03:34:53.625+0600][31.050s][info][gc,heap        ] GC(139) Eden regions: 9->0(453)
[2026-04-03T03:34:53.625+0600][31.050s][info][gc,heap        ] GC(139) Survivor regions: 57->32(63)
[2026-04-03T03:34:53.625+0600][31.050s][info][gc,heap        ] GC(139) Old regions: 328->356
[2026-04-03T03:34:53.625+0600][31.050s][info][gc,heap        ] GC(139) Humongous regions: 86->86
[2026-04-03T03:34:53.625+0600][31.050s][info][gc,metaspace   ] GC(139) Metaspace: 70002K(70912K)->70002K(70912K) NonClass: 61060K(61568K)->61060K(61568K) Class: 8941K(9344K)->8941K(9344K)
[2026-04-03T03:34:53.625+0600][31.050s][info][gc             ] GC(139) Pause Young (Concurrent Start) (G1 Humongous Allocation) 478M->472M(1043M) 58.190ms
[2026-04-03T03:34:53.625+0600][31.050s][info][gc,cpu         ] GC(139) User=0.56s Sys=0.00s Real=0.06s
[2026-04-03T03:34:53.625+0600][31.050s][info][gc             ] GC(140) Concurrent Mark Cycle
[2026-04-03T03:34:53.625+0600][31.051s][info][gc,marking     ] GC(140) Concurrent Scan Root Regions
[2026-04-03T03:34:53.649+0600][31.074s][info][gc,marking     ] GC(140) Concurrent Scan Root Regions 23.399ms
[2026-04-03T03:34:53.649+0600][31.074s][info][gc,marking     ] GC(140) Concurrent Mark
[2026-04-03T03:34:53.649+0600][31.074s][info][gc,marking     ] GC(140) Concurrent Mark From Roots
[2026-04-03T03:34:53.649+0600][31.074s][info][gc,task        ] GC(140) Using 3 workers of 3 for marking
[2026-04-03T03:34:53.850+0600][31.275s][info][gc,marking     ] GC(140) Concurrent Mark From Roots 201.372ms
[2026-04-03T03:34:53.850+0600][31.276s][info][gc,marking     ] GC(140) Concurrent Preclean
[2026-04-03T03:34:53.851+0600][31.276s][info][gc,marking     ] GC(140) Concurrent Preclean 0.229ms
[2026-04-03T03:34:53.851+0600][31.276s][info][gc,start       ] GC(140) Pause Remark
[2026-04-03T03:34:53.856+0600][31.281s][info][gc             ] GC(140) Pause Remark 478M->342M(1043M) 4.797ms
[2026-04-03T03:34:53.856+0600][31.281s][info][gc,cpu         ] GC(140) User=0.02s Sys=0.00s Real=0.00s
[2026-04-03T03:34:53.856+0600][31.281s][info][gc,marking     ] GC(140) Concurrent Mark 207.082ms
[2026-04-03T03:34:53.856+0600][31.281s][info][gc,marking     ] GC(140) Concurrent Rebuild Remembered Sets and Scrub Regions
[2026-04-03T03:34:54.054+0600][31.479s][info][gc,marking     ] GC(140) Concurrent Rebuild Remembered Sets and Scrub Regions 198.105ms
[2026-04-03T03:34:54.054+0600][31.480s][info][gc,start       ] GC(140) Pause Cleanup
[2026-04-03T03:34:54.055+0600][31.480s][info][gc             ] GC(140) Pause Cleanup 346M->346M(1043M) 0.585ms
[2026-04-03T03:34:54.055+0600][31.480s][info][gc,cpu         ] GC(140) User=0.00s Sys=0.00s Real=0.00s
[2026-04-03T03:34:54.055+0600][31.480s][info][gc,marking     ] GC(140) Concurrent Clear Claimed Marks
[2026-04-03T03:34:54.055+0600][31.481s][info][gc,marking     ] GC(140) Concurrent Clear Claimed Marks 0.220ms
[2026-04-03T03:34:54.055+0600][31.481s][info][gc,marking     ] GC(140) Concurrent Cleanup for Next Mark
[2026-04-03T03:34:54.057+0600][31.482s][info][gc,marking     ] GC(140) Concurrent Cleanup for Next Mark 1.191ms
[2026-04-03T03:34:54.057+0600][31.482s][info][gc             ] GC(140) Concurrent Mark Cycle 431.488ms
[2026-04-03T03:34:55.453+0600][32.878s][info][gc,start       ] GC(141) Pause Young (Prepare Mixed) (G1 Evacuation Pause)
[2026-04-03T03:34:55.453+0600][32.878s][info][gc,task        ] GC(141) Using 10 workers of 10 for evacuation
[2026-04-03T03:34:55.580+0600][33.006s][info][gc,phases      ] GC(141)   Pre Evacuate Collection Set: 0.36ms
[2026-04-03T03:34:55.581+0600][33.006s][info][gc,phases      ] GC(141)   Merge Heap Roots: 2.08ms
[2026-04-03T03:34:55.581+0600][33.006s][info][gc,phases      ] GC(141)   Evacuate Collection Set: 123.55ms
[2026-04-03T03:34:55.581+0600][33.006s][info][gc,phases      ] GC(141)   Post Evacuate Collection Set: 1.38ms
[2026-04-03T03:34:55.581+0600][33.006s][info][gc,phases      ] GC(141)   Other: 0.16ms
[2026-04-03T03:34:55.581+0600][33.006s][info][gc,heap        ] GC(141) Eden regions: 453->0(418)
[2026-04-03T03:34:55.581+0600][33.006s][info][gc,heap        ] GC(141) Survivor regions: 32->61(61)
[2026-04-03T03:34:55.581+0600][33.006s][info][gc,heap        ] GC(141) Old regions: 268->302
[2026-04-03T03:34:55.581+0600][33.006s][info][gc,heap        ] GC(141) Humongous regions: 141->119
[2026-04-03T03:34:55.581+0600][33.006s][info][gc,metaspace   ] GC(141) Metaspace: 70560K(71552K)->70560K(71552K) NonClass: 61522K(62080K)->61522K(62080K) Class: 9037K(9472K)->9037K(9472K)
[2026-04-03T03:34:55.581+0600][33.006s][info][gc             ] GC(141) Pause Young (Prepare Mixed) (G1 Evacuation Pause) 892M->480M(1043M) 127.904ms
[2026-04-03T03:34:55.581+0600][33.006s][info][gc,cpu         ] GC(141) User=1.33s Sys=0.00s Real=0.13s
[2026-04-03T03:34:56.955+0600][34.381s][info][gc,start       ] GC(142) Pause Young (Mixed) (G1 Evacuation Pause)
[2026-04-03T03:34:56.956+0600][34.381s][info][gc,task        ] GC(142) Using 10 workers of 10 for evacuation
[2026-04-03T03:34:57.066+0600][34.491s][info][gc,phases      ] GC(142)   Pre Evacuate Collection Set: 0.51ms
[2026-04-03T03:34:57.066+0600][34.491s][info][gc,phases      ] GC(142)   Merge Heap Roots: 1.53ms
[2026-04-03T03:34:57.066+0600][34.491s][info][gc,phases      ] GC(142)   Evacuate Collection Set: 106.29ms
[2026-04-03T03:34:57.066+0600][34.491s][info][gc,phases      ] GC(142)   Post Evacuate Collection Set: 1.65ms
[2026-04-03T03:34:57.066+0600][34.491s][info][gc,phases      ] GC(142)   Other: 0.16ms
[2026-04-03T03:34:57.066+0600][34.491s][info][gc,heap        ] GC(142) Eden regions: 418->0(485)
[2026-04-03T03:34:57.066+0600][34.491s][info][gc,heap        ] GC(142) Survivor regions: 61->46(60)
[2026-04-03T03:34:57.066+0600][34.491s][info][gc,heap        ] GC(142) Old regions: 302->342
[2026-04-03T03:34:57.066+0600][34.491s][info][gc,heap        ] GC(142) Humongous regions: 174->152
[2026-04-03T03:34:57.066+0600][34.491s][info][gc,metaspace   ] GC(142) Metaspace: 70802K(71744K)->70802K(71744K) NonClass: 61736K(62272K)->61736K(62272K) Class: 9065K(9472K)->9065K(9472K)
[2026-04-03T03:34:57.066+0600][34.491s][info][gc             ] GC(142) Pause Young (Mixed) (G1 Evacuation Pause) 953M->538M(1181M) 110.445ms
[2026-04-03T03:34:57.066+0600][34.491s][info][gc,cpu         ] GC(142) User=1.06s Sys=0.03s Real=0.11s
[2026-04-03T03:34:57.070+0600][34.496s][info][gc,start       ] GC(143) Pause Young (Concurrent Start) (G1 Humongous Allocation)
[2026-04-03T03:34:57.070+0600][34.496s][info][gc,task        ] GC(143) Using 10 workers of 10 for evacuation
[2026-04-03T03:34:57.106+0600][34.531s][info][gc,phases      ] GC(143)   Pre Evacuate Collection Set: 0.42ms
[2026-04-03T03:34:57.106+0600][34.531s][info][gc,phases      ] GC(143)   Merge Heap Roots: 0.30ms
[2026-04-03T03:34:57.106+0600][34.531s][info][gc,phases      ] GC(143)   Evacuate Collection Set: 33.62ms
[2026-04-03T03:34:57.106+0600][34.531s][info][gc,phases      ] GC(143)   Post Evacuate Collection Set: 0.61ms
[2026-04-03T03:34:57.106+0600][34.531s][info][gc,phases      ] GC(143)   Other: 0.18ms
[2026-04-03T03:34:57.106+0600][34.531s][info][gc,heap        ] GC(143) Eden regions: 4->0(471)
[2026-04-03T03:34:57.106+0600][34.531s][info][gc,heap        ] GC(143) Survivor regions: 46->5(67)
[2026-04-03T03:34:57.106+0600][34.531s][info][gc,heap        ] GC(143) Old regions: 342->388
[2026-04-03T03:34:57.106+0600][34.531s][info][gc,heap        ] GC(143) Humongous regions: 152->152
[2026-04-03T03:34:57.106+0600][34.531s][info][gc,metaspace   ] GC(143) Metaspace: 70807K(71744K)->70807K(71744K) NonClass: 61741K(62272K)->61741K(62272K) Class: 9065K(9472K)->9065K(9472K)
[2026-04-03T03:34:57.106+0600][34.531s][info][gc             ] GC(143) Pause Young (Concurrent Start) (G1 Humongous Allocation) 542M->543M(1181M) 35.530ms
[2026-04-03T03:34:57.106+0600][34.531s][info][gc,cpu         ] GC(143) User=0.37s Sys=0.01s Real=0.03s
[2026-04-03T03:34:57.106+0600][34.531s][info][gc             ] GC(144) Concurrent Mark Cycle
[2026-04-03T03:34:57.106+0600][34.531s][info][gc,marking     ] GC(144) Concurrent Scan Root Regions
[2026-04-03T03:34:57.119+0600][34.544s][info][gc,marking     ] GC(144) Concurrent Scan Root Regions 13.039ms
[2026-04-03T03:34:57.119+0600][34.544s][info][gc,marking     ] GC(144) Concurrent Mark
[2026-04-03T03:34:57.119+0600][34.544s][info][gc,marking     ] GC(144) Concurrent Mark From Roots
[2026-04-03T03:34:57.119+0600][34.545s][info][gc,task        ] GC(144) Using 3 workers of 3 for marking
[2026-04-03T03:34:57.277+0600][34.702s][info][gc,marking     ] GC(144) Concurrent Mark From Roots 157.766ms
[2026-04-03T03:34:57.277+0600][34.702s][info][gc,marking     ] GC(144) Concurrent Preclean
[2026-04-03T03:34:57.277+0600][34.703s][info][gc,marking     ] GC(144) Concurrent Preclean 0.273ms
[2026-04-03T03:34:57.278+0600][34.703s][info][gc,start       ] GC(144) Pause Remark
[2026-04-03T03:34:57.293+0600][34.718s][info][gc             ] GC(144) Pause Remark 625M->341M(887M) 15.271ms
[2026-04-03T03:34:57.293+0600][34.718s][info][gc,cpu         ] GC(144) User=0.12s Sys=0.01s Real=0.02s
[2026-04-03T03:34:57.293+0600][34.719s][info][gc,marking     ] GC(144) Concurrent Mark 174.022ms
[2026-04-03T03:34:57.293+0600][34.719s][info][gc,marking     ] GC(144) Concurrent Rebuild Remembered Sets and Scrub Regions
[2026-04-03T03:34:57.375+0600][34.800s][info][gc,marking     ] GC(144) Concurrent Rebuild Remembered Sets and Scrub Regions 81.771ms
[2026-04-03T03:34:57.376+0600][34.801s][info][gc,start       ] GC(144) Pause Cleanup
[2026-04-03T03:34:57.376+0600][34.801s][info][gc             ] GC(144) Pause Cleanup 390M->390M(887M) 0.555ms
[2026-04-03T03:34:57.376+0600][34.801s][info][gc,cpu         ] GC(144) User=0.00s Sys=0.00s Real=0.00s
[2026-04-03T03:34:57.376+0600][34.802s][info][gc,marking     ] GC(144) Concurrent Clear Claimed Marks
[2026-04-03T03:34:57.377+0600][34.802s][info][gc,marking     ] GC(144) Concurrent Clear Claimed Marks 0.260ms
[2026-04-03T03:34:57.377+0600][34.802s][info][gc,marking     ] GC(144) Concurrent Cleanup for Next Mark
[2026-04-03T03:34:57.379+0600][34.804s][info][gc,marking     ] GC(144) Concurrent Cleanup for Next Mark 1.972ms
[2026-04-03T03:34:57.379+0600][34.804s][info][gc             ] GC(144) Concurrent Mark Cycle 272.691ms
[2026-04-03T03:34:58.533+0600][35.959s][info][gc,start       ] GC(145) Pause Young (Prepare Mixed) (G1 Evacuation Pause)
[2026-04-03T03:34:58.534+0600][35.959s][info][gc,task        ] GC(145) Using 10 workers of 10 for evacuation
[2026-04-03T03:34:58.669+0600][36.094s][info][gc,phases      ] GC(145)   Pre Evacuate Collection Set: 0.58ms
[2026-04-03T03:34:58.669+0600][36.094s][info][gc,phases      ] GC(145)   Merge Heap Roots: 0.78ms
[2026-04-03T03:34:58.669+0600][36.094s][info][gc,phases      ] GC(145)   Evacuate Collection Set: 131.92ms
[2026-04-03T03:34:58.669+0600][36.094s][info][gc,phases      ] GC(145)   Post Evacuate Collection Set: 1.68ms
[2026-04-03T03:34:58.669+0600][36.094s][info][gc,phases      ] GC(145)   Other: 0.24ms
[2026-04-03T03:34:58.669+0600][36.094s][info][gc,heap        ] GC(145) Eden regions: 463->0(382)
[2026-04-03T03:34:58.669+0600][36.094s][info][gc,heap        ] GC(145) Survivor regions: 5->60(60)
[2026-04-03T03:34:58.669+0600][36.094s][info][gc,heap        ] GC(145) Old regions: 245->246
[2026-04-03T03:34:58.669+0600][36.094s][info][gc,heap        ] GC(145) Humongous regions: 174->121
[2026-04-03T03:34:58.669+0600][36.094s][info][gc,metaspace   ] GC(145) Metaspace: 72382K(73280K)->72382K(73280K) NonClass: 63097K(63616K)->63097K(63616K) Class: 9285K(9664K)->9285K(9664K)
[2026-04-03T03:34:58.669+0600][36.094s][info][gc             ] GC(145) Pause Young (Prepare Mixed) (G1 Evacuation Pause) 885M->425M(948M) 135.569ms
[2026-04-03T03:34:58.669+0600][36.094s][info][gc,cpu         ] GC(145) User=1.21s Sys=0.10s Real=0.13s
[2026-04-03T03:34:59.039+0600][36.465s][info][gc,start       ] GC(146) Pause Young (Mixed) (G1 Evacuation Pause)
[2026-04-03T03:34:59.039+0600][36.465s][info][gc,task        ] GC(146) Using 10 workers of 10 for evacuation
[2026-04-03T03:34:59.156+0600][36.581s][info][gc,phases      ] GC(146)   Pre Evacuate Collection Set: 0.67ms
[2026-04-03T03:34:59.156+0600][36.582s][info][gc,phases      ] GC(146)   Merge Heap Roots: 1.17ms
[2026-04-03T03:34:59.156+0600][36.582s][info][gc,phases      ] GC(146)   Evacuate Collection Set: 114.05ms
[2026-04-03T03:34:59.156+0600][36.582s][info][gc,phases      ] GC(146)   Post Evacuate Collection Set: 0.69ms
[2026-04-03T03:34:59.156+0600][36.582s][info][gc,phases      ] GC(146)   Other: 0.14ms
[2026-04-03T03:34:59.156+0600][36.582s][info][gc,heap        ] GC(146) Eden regions: 382->0(420)
[2026-04-03T03:34:59.156+0600][36.582s][info][gc,heap        ] GC(146) Survivor regions: 60->55(56)
[2026-04-03T03:34:59.156+0600][36.582s][info][gc,heap        ] GC(146) Old regions: 246->292
[2026-04-03T03:34:59.156+0600][36.582s][info][gc,heap        ] GC(146) Humongous regions: 232->113
[2026-04-03T03:34:59.156+0600][36.582s][info][gc,metaspace   ] GC(146) Metaspace: 72507K(73472K)->72507K(73472K) NonClass: 63215K(63744K)->63215K(63744K) Class: 9291K(9728K)->9291K(9728K)
[2026-04-03T03:34:59.156+0600][36.582s][info][gc             ] GC(146) Pause Young (Mixed) (G1 Evacuation Pause) 918M->458M(1036M) 117.032ms
[2026-04-03T03:34:59.156+0600][36.582s][info][gc,cpu         ] GC(146) User=1.07s Sys=0.08s Real=0.12s
[2026-04-03T03:34:59.310+0600][36.735s][info][gc,start       ] GC(147) Pause Young (Concurrent Start) (G1 Humongous Allocation)
[2026-04-03T03:34:59.310+0600][36.735s][info][gc,task        ] GC(147) Using 10 workers of 10 for evacuation
[2026-04-03T03:34:59.340+0600][36.766s][info][gc,phases      ] GC(147)   Pre Evacuate Collection Set: 0.63ms
[2026-04-03T03:34:59.340+0600][36.766s][info][gc,phases      ] GC(147)   Merge Heap Roots: 0.25ms
[2026-04-03T03:34:59.340+0600][36.766s][info][gc,phases      ] GC(147)   Evacuate Collection Set: 28.22ms
[2026-04-03T03:34:59.340+0600][36.766s][info][gc,phases      ] GC(147)   Post Evacuate Collection Set: 0.90ms
[2026-04-03T03:34:59.340+0600][36.766s][info][gc,phases      ] GC(147)   Other: 0.25ms
[2026-04-03T03:34:59.340+0600][36.766s][info][gc,heap        ] GC(147) Eden regions: 242->0(444)
[2026-04-03T03:34:59.340+0600][36.766s][info][gc,heap        ] GC(147) Survivor regions: 55->2(60)
[2026-04-03T03:34:59.340+0600][36.766s][info][gc,heap        ] GC(147) Old regions: 292->346
[2026-04-03T03:34:59.341+0600][36.766s][info][gc,heap        ] GC(147) Humongous regions: 113->113
[2026-04-03T03:34:59.341+0600][36.766s][info][gc,metaspace   ] GC(147) Metaspace: 72509K(73472K)->72509K(73472K) NonClass: 63217K(63744K)->63217K(63744K) Class: 9292K(9728K)->9292K(9728K)
[2026-04-03T03:34:59.341+0600][36.766s][info][gc             ] GC(147) Pause Young (Concurrent Start) (G1 Humongous Allocation) 699M->459M(1036M) 30.568ms
[2026-04-03T03:34:59.341+0600][36.766s][info][gc             ] GC(148) Concurrent Mark Cycle
[2026-04-03T03:34:59.341+0600][36.766s][info][gc,marking     ] GC(148) Concurrent Scan Root Regions
[2026-04-03T03:34:59.341+0600][36.766s][info][gc,cpu         ] GC(147) User=0.29s Sys=0.00s Real=0.03s
[2026-04-03T03:34:59.353+0600][36.779s][info][gc,marking     ] GC(148) Concurrent Scan Root Regions 12.832ms
[2026-04-03T03:34:59.354+0600][36.779s][info][gc,marking     ] GC(148) Concurrent Mark
[2026-04-03T03:34:59.354+0600][36.779s][info][gc,marking     ] GC(148) Concurrent Mark From Roots
[2026-04-03T03:34:59.354+0600][36.779s][info][gc,task        ] GC(148) Using 3 workers of 3 for marking
[2026-04-03T03:34:59.475+0600][36.901s][info][gc,marking     ] GC(148) Concurrent Mark From Roots 121.779ms
[2026-04-03T03:34:59.475+0600][36.901s][info][gc,marking     ] GC(148) Concurrent Preclean
[2026-04-03T03:34:59.476+0600][36.901s][info][gc,marking     ] GC(148) Concurrent Preclean 0.190ms
[2026-04-03T03:34:59.476+0600][36.901s][info][gc,start       ] GC(148) Pause Remark
[2026-04-03T03:34:59.482+0600][36.907s][info][gc             ] GC(148) Pause Remark 538M->370M(987M) 5.895ms
[2026-04-03T03:34:59.482+0600][36.907s][info][gc,cpu         ] GC(148) User=0.04s Sys=0.00s Real=0.01s
[2026-04-03T03:34:59.482+0600][36.907s][info][gc,marking     ] GC(148) Concurrent Mark 128.525ms
[2026-04-03T03:34:59.482+0600][36.907s][info][gc,marking     ] GC(148) Concurrent Rebuild Remembered Sets and Scrub Regions
[2026-04-03T03:34:59.536+0600][36.962s][info][gc,start       ] GC(149) Pause Full (System.gc())
[2026-04-03T03:34:59.537+0600][36.962s][info][gc,task        ] GC(149) Using 10 workers of 10 for full compaction
[2026-04-03T03:34:59.538+0600][36.963s][info][gc,phases,start] GC(149) Phase 1: Mark live objects
[2026-04-03T03:34:59.583+0600][37.009s][info][gc,phases      ] GC(149) Phase 1: Mark live objects 45.337ms
[2026-04-03T03:34:59.583+0600][37.009s][info][gc,phases,start] GC(149) Phase 2: Prepare compaction
[2026-04-03T03:34:59.587+0600][37.012s][info][gc,phases      ] GC(149) Phase 2: Prepare compaction 3.499ms
[2026-04-03T03:34:59.587+0600][37.012s][info][gc,phases,start] GC(149) Phase 3: Adjust pointers
[2026-04-03T03:34:59.603+0600][37.028s][info][gc,phases      ] GC(149) Phase 3: Adjust pointers 15.965ms
[2026-04-03T03:34:59.603+0600][37.028s][info][gc,phases,start] GC(149) Phase 4: Compact heap
[2026-04-03T03:34:59.608+0600][37.033s][info][gc,phases      ] GC(149) Phase 4: Compact heap 4.953ms
[2026-04-03T03:34:59.608+0600][37.033s][info][gc,phases,start] GC(149) Phase 5: Reset Metadata
[2026-04-03T03:34:59.616+0600][37.041s][info][gc,phases      ] GC(149) Phase 5: Reset Metadata 7.761ms
[2026-04-03T03:34:59.623+0600][37.049s][info][gc,heap        ] GC(149) Eden regions: 192->0(281)
[2026-04-03T03:34:59.623+0600][37.049s][info][gc,heap        ] GC(149) Survivor regions: 2->0(60)
[2026-04-03T03:34:59.623+0600][37.049s][info][gc,heap        ] GC(149) Old regions: 274->145
[2026-04-03T03:34:59.623+0600][37.049s][info][gc,heap        ] GC(149) Humongous regions: 20->11
[2026-04-03T03:34:59.623+0600][37.049s][info][gc,metaspace   ] GC(149) Metaspace: 72717K(73664K)->72717K(73664K) NonClass: 63392K(63936K)->63392K(63936K) Class: 9324K(9728K)->9324K(9728K)
[2026-04-03T03:34:59.623+0600][37.049s][info][gc             ] GC(149) Pause Full (System.gc()) 485M->150M(520M) 86.890ms
[2026-04-03T03:34:59.623+0600][37.049s][info][gc,cpu         ] GC(149) User=0.69s Sys=0.04s Real=0.09s
[2026-04-03T03:34:59.624+0600][37.049s][info][gc,marking     ] GC(148) Concurrent Rebuild Remembered Sets and Scrub Regions 141.529ms
[2026-04-03T03:34:59.624+0600][37.049s][info][gc,marking     ] GC(148) Concurrent Mark Abort
[2026-04-03T03:34:59.624+0600][37.049s][info][gc             ] GC(148) Concurrent Mark Cycle 283.137ms
[2026-04-03T03:34:59.693+0600][37.119s][info][gc,start       ] GC(150) Pause Young (Concurrent Start) (G1 Humongous Allocation)
[2026-04-03T03:34:59.693+0600][37.119s][info][gc,task        ] GC(150) Using 10 workers of 10 for evacuation
[2026-04-03T03:34:59.696+0600][37.121s][info][gc,phases      ] GC(150)   Pre Evacuate Collection Set: 0.54ms
[2026-04-03T03:34:59.696+0600][37.122s][info][gc,phases      ] GC(150)   Merge Heap Roots: 0.14ms
[2026-04-03T03:34:59.696+0600][37.122s][info][gc,phases      ] GC(150)   Evacuate Collection Set: 1.24ms
[2026-04-03T03:34:59.696+0600][37.122s][info][gc,phases      ] GC(150)   Post Evacuate Collection Set: 0.64ms
[2026-04-03T03:34:59.696+0600][37.122s][info][gc,phases      ] GC(150)   Other: 0.26ms
[2026-04-03T03:34:59.696+0600][37.122s][info][gc,heap        ] GC(150) Eden regions: 16->0(292)
[2026-04-03T03:34:59.696+0600][37.122s][info][gc,heap        ] GC(150) Survivor regions: 0->3(36)
[2026-04-03T03:34:59.696+0600][37.122s][info][gc,heap        ] GC(150) Old regions: 145->145
[2026-04-03T03:34:59.696+0600][37.122s][info][gc,heap        ] GC(150) Humongous regions: 11->11
[2026-04-03T03:34:59.696+0600][37.122s][info][gc,metaspace   ] GC(150) Metaspace: 72760K(73664K)->72760K(73664K) NonClass: 63435K(63936K)->63435K(63936K) Class: 9324K(9728K)->9324K(9728K)
[2026-04-03T03:34:59.696+0600][37.122s][info][gc             ] GC(150) Pause Young (Concurrent Start) (G1 Humongous Allocation) 166M->153M(520M) 3.098ms
[2026-04-03T03:34:59.696+0600][37.122s][info][gc             ] GC(151) Concurrent Mark Cycle
[2026-04-03T03:34:59.696+0600][37.122s][info][gc,marking     ] GC(151) Concurrent Scan Root Regions
[2026-04-03T03:34:59.696+0600][37.122s][info][gc,cpu         ] GC(150) User=0.00s Sys=0.01s Real=0.00s
[2026-04-03T03:34:59.697+0600][37.122s][info][gc,marking     ] GC(151) Concurrent Scan Root Regions 0.739ms
[2026-04-03T03:34:59.697+0600][37.123s][info][gc,marking     ] GC(151) Concurrent Mark
[2026-04-03T03:34:59.697+0600][37.123s][info][gc,marking     ] GC(151) Concurrent Mark From Roots
[2026-04-03T03:34:59.697+0600][37.123s][info][gc,task        ] GC(151) Using 3 workers of 3 for marking
[2026-04-03T03:34:59.855+0600][37.280s][info][gc,marking     ] GC(151) Concurrent Mark From Roots 157.509ms
[2026-04-03T03:34:59.855+0600][37.280s][info][gc,marking     ] GC(151) Concurrent Preclean
[2026-04-03T03:34:59.855+0600][37.280s][info][gc,marking     ] GC(151) Concurrent Preclean 0.259ms
[2026-04-03T03:34:59.856+0600][37.281s][info][gc,start       ] GC(151) Pause Remark
[2026-04-03T03:34:59.860+0600][37.286s][info][gc             ] GC(151) Pause Remark 242M->242M(520M) 4.621ms
[2026-04-03T03:34:59.860+0600][37.286s][info][gc,cpu         ] GC(151) User=0.03s Sys=0.00s Real=0.01s
[2026-04-03T03:34:59.861+0600][37.286s][info][gc,marking     ] GC(151) Concurrent Mark 163.282ms
[2026-04-03T03:34:59.861+0600][37.286s][info][gc,marking     ] GC(151) Concurrent Rebuild Remembered Sets and Scrub Regions
[2026-04-03T03:34:59.913+0600][37.338s][info][gc,marking     ] GC(151) Concurrent Rebuild Remembered Sets and Scrub Regions 52.181ms
[2026-04-03T03:34:59.913+0600][37.339s][info][gc,start       ] GC(151) Pause Cleanup
[2026-04-03T03:34:59.914+0600][37.339s][info][gc             ] GC(151) Pause Cleanup 286M->286M(520M) 0.356ms
[2026-04-03T03:34:59.914+0600][37.339s][info][gc,cpu         ] GC(151) User=0.00s Sys=0.00s Real=0.00s
[2026-04-03T03:34:59.914+0600][37.339s][info][gc,marking     ] GC(151) Concurrent Clear Claimed Marks
[2026-04-03T03:34:59.914+0600][37.339s][info][gc,marking     ] GC(151) Concurrent Clear Claimed Marks 0.297ms
[2026-04-03T03:34:59.914+0600][37.339s][info][gc,marking     ] GC(151) Concurrent Cleanup for Next Mark
[2026-04-03T03:34:59.915+0600][37.340s][info][gc,marking     ] GC(151) Concurrent Cleanup for Next Mark 0.794ms
[2026-04-03T03:34:59.915+0600][37.340s][info][gc             ] GC(151) Concurrent Mark Cycle 218.554ms
[2026-04-03T03:35:00.047+0600][37.472s][info][gc,start       ] GC(152) Pause Young (Prepare Mixed) (G1 Evacuation Pause)
[2026-04-03T03:35:00.047+0600][37.472s][info][gc,task        ] GC(152) Using 10 workers of 10 for evacuation
[2026-04-03T03:35:00.100+0600][37.525s][info][gc,phases      ] GC(152)   Pre Evacuate Collection Set: 0.41ms
[2026-04-03T03:35:00.100+0600][37.525s][info][gc,phases      ] GC(152)   Merge Heap Roots: 0.60ms
[2026-04-03T03:35:00.100+0600][37.525s][info][gc,phases      ] GC(152)   Evacuate Collection Set: 50.94ms
[2026-04-03T03:35:00.100+0600][37.525s][info][gc,phases      ] GC(152)   Post Evacuate Collection Set: 0.69ms
[2026-04-03T03:35:00.100+0600][37.525s][info][gc,phases      ] GC(152)   Other: 0.10ms
[2026-04-03T03:35:00.100+0600][37.525s][info][gc,heap        ] GC(152) Eden regions: 292->0(206)
[2026-04-03T03:35:00.100+0600][37.525s][info][gc,heap        ] GC(152) Survivor regions: 3->37(37)
[2026-04-03T03:35:00.100+0600][37.525s][info][gc,heap        ] GC(152) Old regions: 145->189
[2026-04-03T03:35:00.100+0600][37.525s][info][gc,heap        ] GC(152) Humongous regions: 52->47
[2026-04-03T03:35:00.100+0600][37.525s][info][gc,metaspace   ] GC(152) Metaspace: 72777K(73728K)->72777K(73728K) NonClass: 63451K(64000K)->63451K(64000K) Class: 9325K(9728K)->9325K(9728K)
[2026-04-03T03:35:00.100+0600][37.525s][info][gc             ] GC(152) Pause Young (Prepare Mixed) (G1 Evacuation Pause) 486M->267M(573M) 53.014ms
[2026-04-03T03:35:00.100+0600][37.525s][info][gc,cpu         ] GC(152) User=0.44s Sys=0.05s Real=0.06s
[2026-04-03T03:35:00.267+0600][37.692s][info][gc,start       ] GC(153) Pause Young (Mixed) (G1 Evacuation Pause)
[2026-04-03T03:35:00.267+0600][37.692s][info][gc,task        ] GC(153) Using 10 workers of 10 for evacuation
[2026-04-03T03:35:00.321+0600][37.747s][info][gc,phases      ] GC(153)   Pre Evacuate Collection Set: 0.44ms
[2026-04-03T03:35:00.321+0600][37.747s][info][gc,phases      ] GC(153)   Merge Heap Roots: 0.61ms
[2026-04-03T03:35:00.322+0600][37.747s][info][gc,phases      ] GC(153)   Evacuate Collection Set: 49.65ms
[2026-04-03T03:35:00.322+0600][37.747s][info][gc,phases      ] GC(153)   Post Evacuate Collection Set: 3.84ms
[2026-04-03T03:35:00.322+0600][37.747s][info][gc,phases      ] GC(153)   Other: 0.13ms
[2026-04-03T03:35:00.322+0600][37.747s][info][gc,heap        ] GC(153) Eden regions: 206->0(536)
[2026-04-03T03:35:00.322+0600][37.747s][info][gc,heap        ] GC(153) Survivor regions: 37->25(31)
[2026-04-03T03:35:00.322+0600][37.747s][info][gc,heap        ] GC(153) Old regions: 189->228
[2026-04-03T03:35:00.322+0600][37.747s][info][gc,heap        ] GC(153) Humongous regions: 62->62
[2026-04-03T03:35:00.322+0600][37.747s][info][gc,metaspace   ] GC(153) Metaspace: 72777K(73728K)->72777K(73728K) NonClass: 63452K(64000K)->63452K(64000K) Class: 9325K(9728K)->9325K(9728K)
[2026-04-03T03:35:00.322+0600][37.747s][info][gc             ] GC(153) Pause Young (Mixed) (G1 Evacuation Pause) 488M->310M(1028M) 55.042ms
[2026-04-03T03:35:00.322+0600][37.747s][info][gc,cpu         ] GC(153) User=0.50s Sys=0.00s Real=0.06s
[2026-04-03T03:35:00.461+0600][37.886s][info][gc,start       ] GC(154) Pause Young (Concurrent Start) (G1 Humongous Allocation)
[2026-04-03T03:35:00.461+0600][37.886s][info][gc,task        ] GC(154) Using 10 workers of 10 for evacuation
[2026-04-03T03:35:00.494+0600][37.919s][info][gc,phases      ] GC(154)   Pre Evacuate Collection Set: 0.56ms
[2026-04-03T03:35:00.494+0600][37.919s][info][gc,phases      ] GC(154)   Merge Heap Roots: 0.23ms
[2026-04-03T03:35:00.494+0600][37.919s][info][gc,phases      ] GC(154)   Evacuate Collection Set: 30.87ms
[2026-04-03T03:35:00.494+0600][37.919s][info][gc,phases      ] GC(154)   Post Evacuate Collection Set: 0.92ms
[2026-04-03T03:35:00.494+0600][37.919s][info][gc,phases      ] GC(154)   Other: 0.30ms
[2026-04-03T03:35:00.494+0600][37.919s][info][gc,heap        ] GC(154) Eden regions: 125->0(540)
[2026-04-03T03:35:00.494+0600][37.919s][info][gc,heap        ] GC(154) Survivor regions: 25->35(71)
[2026-04-03T03:35:00.494+0600][37.919s][info][gc,heap        ] GC(154) Old regions: 228->228
[2026-04-03T03:35:00.494+0600][37.919s][info][gc,heap        ] GC(154) Humongous regions: 62->62
[2026-04-03T03:35:00.494+0600][37.919s][info][gc,metaspace   ] GC(154) Metaspace: 72777K(73728K)->72777K(73728K) NonClass: 63452K(64000K)->63452K(64000K) Class: 9325K(9728K)->9325K(9728K)
[2026-04-03T03:35:00.494+0600][37.919s][info][gc             ] GC(154) Pause Young (Concurrent Start) (G1 Humongous Allocation) 435M->320M(1028M) 33.325ms
[2026-04-03T03:35:00.494+0600][37.919s][info][gc             ] GC(155) Concurrent Mark Cycle
[2026-04-03T03:35:00.494+0600][37.919s][info][gc,marking     ] GC(155) Concurrent Scan Root Regions
[2026-04-03T03:35:00.494+0600][37.919s][info][gc,cpu         ] GC(154) User=0.28s Sys=0.03s Real=0.03s
[2026-04-03T03:35:00.508+0600][37.933s][info][gc,marking     ] GC(155) Concurrent Scan Root Regions 13.809ms
[2026-04-03T03:35:00.508+0600][37.933s][info][gc,marking     ] GC(155) Concurrent Mark
[2026-04-03T03:35:00.508+0600][37.933s][info][gc,marking     ] GC(155) Concurrent Mark From Roots
[2026-04-03T03:35:00.508+0600][37.933s][info][gc,task        ] GC(155) Using 3 workers of 3 for marking
[2026-04-03T03:35:00.778+0600][38.203s][info][gc,marking     ] GC(155) Concurrent Mark From Roots 269.867ms
[2026-04-03T03:35:00.778+0600][38.203s][info][gc,marking     ] GC(155) Concurrent Preclean
[2026-04-03T03:35:00.778+0600][38.203s][info][gc,marking     ] GC(155) Concurrent Preclean 0.224ms
[2026-04-03T03:35:00.779+0600][38.204s][info][gc,start       ] GC(155) Pause Remark
[2026-04-03T03:35:00.783+0600][38.208s][info][gc             ] GC(155) Pause Remark 524M->497M(1028M) 4.625ms
[2026-04-03T03:35:00.783+0600][38.209s][info][gc,cpu         ] GC(155) User=0.02s Sys=0.00s Real=0.01s
[2026-04-03T03:35:00.784+0600][38.209s][info][gc,marking     ] GC(155) Concurrent Mark 275.550ms
[2026-04-03T03:35:00.784+0600][38.209s][info][gc,marking     ] GC(155) Concurrent Rebuild Remembered Sets and Scrub Regions
[2026-04-03T03:35:01.029+0600][38.455s][info][gc,marking     ] GC(155) Concurrent Rebuild Remembered Sets and Scrub Regions 245.622ms
[2026-04-03T03:35:01.030+0600][38.455s][info][gc,start       ] GC(155) Pause Cleanup
[2026-04-03T03:35:01.030+0600][38.456s][info][gc             ] GC(155) Pause Cleanup 660M->660M(1028M) 0.676ms
[2026-04-03T03:35:01.030+0600][38.456s][info][gc,cpu         ] GC(155) User=0.01s Sys=0.00s Real=0.01s
[2026-04-03T03:35:01.030+0600][38.456s][info][gc,marking     ] GC(155) Concurrent Clear Claimed Marks
[2026-04-03T03:35:01.031+0600][38.456s][info][gc,marking     ] GC(155) Concurrent Clear Claimed Marks 0.246ms
[2026-04-03T03:35:01.031+0600][38.456s][info][gc,marking     ] GC(155) Concurrent Cleanup for Next Mark
[2026-04-03T03:35:01.035+0600][38.460s][info][gc,marking     ] GC(155) Concurrent Cleanup for Next Mark 4.337ms
[2026-04-03T03:35:01.035+0600][38.460s][info][gc             ] GC(155) Concurrent Mark Cycle 541.221ms
[2026-04-03T03:35:01.232+0600][38.657s][info][gc,start       ] GC(156) Pause Young (Prepare Mixed) (G1 Evacuation Pause)
[2026-04-03T03:35:01.232+0600][38.658s][info][gc,task        ] GC(156) Using 10 workers of 10 for evacuation
[2026-04-03T03:35:01.296+0600][38.721s][info][gc,phases      ] GC(156)   Pre Evacuate Collection Set: 0.52ms
[2026-04-03T03:35:01.296+0600][38.721s][info][gc,phases      ] GC(156)   Merge Heap Roots: 2.15ms
[2026-04-03T03:35:01.296+0600][38.721s][info][gc,phases      ] GC(156)   Evacuate Collection Set: 59.14ms
[2026-04-03T03:35:01.296+0600][38.721s][info][gc,phases      ] GC(156)   Post Evacuate Collection Set: 1.82ms
[2026-04-03T03:35:01.296+0600][38.721s][info][gc,phases      ] GC(156)   Other: 0.18ms
[2026-04-03T03:35:01.296+0600][38.721s][info][gc,heap        ] GC(156) Eden regions: 540->0(537)
[2026-04-03T03:35:01.296+0600][38.722s][info][gc,heap        ] GC(156) Survivor regions: 35->65(72)
[2026-04-03T03:35:01.296+0600][38.722s][info][gc,heap        ] GC(156) Old regions: 228->228
[2026-04-03T03:35:01.296+0600][38.722s][info][gc,heap        ] GC(156) Humongous regions: 50->50
[2026-04-03T03:35:01.296+0600][38.722s][info][gc,metaspace   ] GC(156) Metaspace: 72777K(73728K)->72777K(73728K) NonClass: 63452K(64000K)->63452K(64000K) Class: 9325K(9728K)->9325K(9728K)
[2026-04-03T03:35:01.296+0600][38.722s][info][gc             ] GC(156) Pause Young (Prepare Mixed) (G1 Evacuation Pause) 848M->337M(1028M) 64.201ms
[2026-04-03T03:35:01.296+0600][38.722s][info][gc,cpu         ] GC(156) User=0.62s Sys=0.01s Real=0.06s
[2026-04-03T03:35:02.834+0600][40.259s][info][gc,start       ] GC(157) Pause Young (Mixed) (G1 Evacuation Pause)
[2026-04-03T03:35:02.834+0600][40.259s][info][gc,task        ] GC(157) Using 10 workers of 10 for evacuation
[2026-04-03T03:35:02.967+0600][40.393s][info][gc,phases      ] GC(157)   Pre Evacuate Collection Set: 0.40ms
[2026-04-03T03:35:02.967+0600][40.393s][info][gc,phases      ] GC(157)   Merge Heap Roots: 2.29ms
[2026-04-03T03:35:02.967+0600][40.393s][info][gc,phases      ] GC(157)   Evacuate Collection Set: 128.23ms
[2026-04-03T03:35:02.967+0600][40.393s][info][gc,phases      ] GC(157)   Post Evacuate Collection Set: 1.97ms
[2026-04-03T03:35:02.967+0600][40.393s][info][gc,phases      ] GC(157)   Other: 0.14ms
[2026-04-03T03:35:02.967+0600][40.393s][info][gc,heap        ] GC(157) Eden regions: 537->0(498)
[2026-04-03T03:35:02.967+0600][40.393s][info][gc,heap        ] GC(157) Survivor regions: 65->62(76)
[2026-04-03T03:35:02.967+0600][40.393s][info][gc,heap        ] GC(157) Old regions: 228->255
[2026-04-03T03:35:02.967+0600][40.393s][info][gc,heap        ] GC(157) Humongous regions: 103->92
[2026-04-03T03:35:02.967+0600][40.393s][info][gc,metaspace   ] GC(157) Metaspace: 72824K(73728K)->72824K(73728K) NonClass: 63497K(64000K)->63497K(64000K) Class: 9326K(9728K)->9326K(9728K)
[2026-04-03T03:35:02.967+0600][40.393s][info][gc             ] GC(157) Pause Young (Mixed) (G1 Evacuation Pause) 927M->405M(1028M) 133.340ms
[2026-04-03T03:35:02.967+0600][40.393s][info][gc,cpu         ] GC(157) User=1.42s Sys=0.00s Real=0.13s
[2026-04-03T03:35:02.989+0600][40.414s][info][gc,start       ] GC(158) Pause Young (Concurrent Start) (G1 Humongous Allocation)
[2026-04-03T03:35:02.989+0600][40.414s][info][gc,task        ] GC(158) Using 10 workers of 10 for evacuation
[2026-04-03T03:35:03.065+0600][40.491s][info][gc,phases      ] GC(158)   Pre Evacuate Collection Set: 0.98ms
[2026-04-03T03:35:03.065+0600][40.491s][info][gc,phases      ] GC(158)   Merge Heap Roots: 0.43ms
[2026-04-03T03:35:03.065+0600][40.491s][info][gc,phases      ] GC(158)   Evacuate Collection Set: 74.08ms
[2026-04-03T03:35:03.065+0600][40.491s][info][gc,phases      ] GC(158)   Post Evacuate Collection Set: 0.83ms
[2026-04-03T03:35:03.065+0600][40.491s][info][gc,phases      ] GC(158)   Other: 0.35ms
[2026-04-03T03:35:03.065+0600][40.491s][info][gc,heap        ] GC(158) Eden regions: 23->0(512)
[2026-04-03T03:35:03.065+0600][40.491s][info][gc,heap        ] GC(158) Survivor regions: 62->36(70)
[2026-04-03T03:35:03.065+0600][40.491s][info][gc,heap        ] GC(158) Old regions: 255->286
[2026-04-03T03:35:03.065+0600][40.491s][info][gc,heap        ] GC(158) Humongous regions: 92->92
[2026-04-03T03:35:03.065+0600][40.491s][info][gc,metaspace   ] GC(158) Metaspace: 72824K(73728K)->72824K(73728K) NonClass: 63497K(64000K)->63497K(64000K) Class: 9326K(9728K)->9326K(9728K)
[2026-04-03T03:35:03.065+0600][40.491s][info][gc             ] GC(158) Pause Young (Concurrent Start) (G1 Humongous Allocation) 428M->410M(1028M) 76.955ms
[2026-04-03T03:35:03.066+0600][40.491s][info][gc,cpu         ] GC(158) User=0.76s Sys=0.00s Real=0.08s
[2026-04-03T03:35:03.066+0600][40.491s][info][gc             ] GC(159) Concurrent Mark Cycle
[2026-04-03T03:35:03.066+0600][40.491s][info][gc,marking     ] GC(159) Concurrent Scan Root Regions
[2026-04-03T03:35:03.093+0600][40.518s][info][gc,marking     ] GC(159) Concurrent Scan Root Regions 27.025ms
[2026-04-03T03:35:03.093+0600][40.518s][info][gc,marking     ] GC(159) Concurrent Mark
[2026-04-03T03:35:03.093+0600][40.518s][info][gc,marking     ] GC(159) Concurrent Mark From Roots
[2026-04-03T03:35:03.093+0600][40.518s][info][gc,task        ] GC(159) Using 3 workers of 3 for marking
[2026-04-03T03:35:03.228+0600][40.653s][info][gc,marking     ] GC(159) Concurrent Mark From Roots 135.309ms
[2026-04-03T03:35:03.228+0600][40.653s][info][gc,marking     ] GC(159) Concurrent Preclean
[2026-04-03T03:35:03.228+0600][40.654s][info][gc,marking     ] GC(159) Concurrent Preclean 0.214ms
[2026-04-03T03:35:03.229+0600][40.654s][info][gc,start       ] GC(159) Pause Remark
[2026-04-03T03:35:03.234+0600][40.659s][info][gc             ] GC(159) Pause Remark 475M->307M(880M) 5.277ms
[2026-04-03T03:35:03.234+0600][40.659s][info][gc,cpu         ] GC(159) User=0.03s Sys=0.00s Real=0.01s
[2026-04-03T03:35:03.234+0600][40.660s][info][gc,marking     ] GC(159) Concurrent Mark 141.604ms
[2026-04-03T03:35:03.234+0600][40.660s][info][gc,marking     ] GC(159) Concurrent Rebuild Remembered Sets and Scrub Regions
[2026-04-03T03:35:03.432+0600][40.857s][info][gc,marking     ] GC(159) Concurrent Rebuild Remembered Sets and Scrub Regions 197.620ms
[2026-04-03T03:35:03.432+0600][40.858s][info][gc,start       ] GC(159) Pause Cleanup
[2026-04-03T03:35:03.433+0600][40.858s][info][gc             ] GC(159) Pause Cleanup 381M->381M(880M) 0.536ms
[2026-04-03T03:35:03.433+0600][40.858s][info][gc,cpu         ] GC(159) User=0.00s Sys=0.00s Real=0.00s
[2026-04-03T03:35:03.433+0600][40.858s][info][gc,marking     ] GC(159) Concurrent Clear Claimed Marks
[2026-04-03T03:35:03.433+0600][40.859s][info][gc,marking     ] GC(159) Concurrent Clear Claimed Marks 0.245ms
[2026-04-03T03:35:03.433+0600][40.859s][info][gc,marking     ] GC(159) Concurrent Cleanup for Next Mark
[2026-04-03T03:35:03.435+0600][40.860s][info][gc,marking     ] GC(159) Concurrent Cleanup for Next Mark 1.458ms
[2026-04-03T03:35:03.435+0600][40.860s][info][gc             ] GC(159) Concurrent Mark Cycle 369.440ms
[2026-04-03T03:35:03.799+0600][41.224s][info][gc,start       ] GC(160) Pause Young (Prepare Mixed) (G1 Evacuation Pause)
[2026-04-03T03:35:03.799+0600][41.224s][info][gc,task        ] GC(160) Using 10 workers of 10 for evacuation
[2026-04-03T03:35:03.913+0600][41.338s][info][gc,phases      ] GC(160)   Pre Evacuate Collection Set: 0.39ms
[2026-04-03T03:35:03.913+0600][41.338s][info][gc,phases      ] GC(160)   Merge Heap Roots: 3.19ms
[2026-04-03T03:35:03.913+0600][41.338s][info][gc,phases      ] GC(160)   Evacuate Collection Set: 109.35ms
[2026-04-03T03:35:03.913+0600][41.338s][info][gc,phases      ] GC(160)   Post Evacuate Collection Set: 1.09ms
[2026-04-03T03:35:03.913+0600][41.338s][info][gc,phases      ] GC(160)   Other: 0.13ms
[2026-04-03T03:35:03.913+0600][41.338s][info][gc,heap        ] GC(160) Eden regions: 492->0(387)
[2026-04-03T03:35:03.913+0600][41.338s][info][gc,heap        ] GC(160) Survivor regions: 36->66(66)
[2026-04-03T03:35:03.913+0600][41.338s][info][gc,heap        ] GC(160) Old regions: 199->257
[2026-04-03T03:35:03.913+0600][41.338s][info][gc,heap        ] GC(160) Humongous regions: 86->86
[2026-04-03T03:35:03.913+0600][41.338s][info][gc,metaspace   ] GC(160) Metaspace: 72830K(73728K)->72830K(73728K) NonClass: 63503K(64000K)->63503K(64000K) Class: 9326K(9728K)->9326K(9728K)
[2026-04-03T03:35:03.913+0600][41.338s][info][gc             ] GC(160) Pause Young (Prepare Mixed) (G1 Evacuation Pause) 809M->405M(937M) 114.512ms
[2026-04-03T03:35:03.913+0600][41.338s][info][gc,cpu         ] GC(160) User=1.03s Sys=0.08s Real=0.12s
[2026-04-03T03:35:04.284+0600][41.709s][info][gc,start       ] GC(161) Pause Young (Mixed) (G1 Evacuation Pause)
[2026-04-03T03:35:04.284+0600][41.709s][info][gc,task        ] GC(161) Using 10 workers of 10 for evacuation
[2026-04-03T03:35:04.384+0600][41.809s][info][gc,phases      ] GC(161)   Pre Evacuate Collection Set: 0.54ms
[2026-04-03T03:35:04.384+0600][41.809s][info][gc,phases      ] GC(161)   Merge Heap Roots: 1.59ms
[2026-04-03T03:35:04.384+0600][41.809s][info][gc,phases      ] GC(161)   Evacuate Collection Set: 94.57ms
[2026-04-03T03:35:04.384+0600][41.809s][info][gc,phases      ] GC(161)   Post Evacuate Collection Set: 2.98ms
[2026-04-03T03:35:04.384+0600][41.809s][info][gc,phases      ] GC(161)   Other: 0.17ms
[2026-04-03T03:35:04.384+0600][41.809s][info][gc,heap        ] GC(161) Eden regions: 387->0(474)
[2026-04-03T03:35:04.384+0600][41.809s][info][gc,heap        ] GC(161) Survivor regions: 66->39(57)
[2026-04-03T03:35:04.384+0600][41.809s][info][gc,heap        ] GC(161) Old regions: 257->321
[2026-04-03T03:35:04.384+0600][41.809s][info][gc,heap        ] GC(161) Humongous regions: 110->110
[2026-04-03T03:35:04.384+0600][41.809s][info][gc,metaspace   ] GC(161) Metaspace: 72830K(73728K)->72830K(73728K) NonClass: 63503K(64000K)->63503K(64000K) Class: 9326K(9728K)->9326K(9728K)
[2026-04-03T03:35:04.384+0600][41.809s][info][gc             ] GC(161) Pause Young (Mixed) (G1 Evacuation Pause) 816M->466M(1109M) 100.356ms
[2026-04-03T03:35:04.384+0600][41.809s][info][gc,cpu         ] GC(161) User=0.97s Sys=0.00s Real=0.10s
[2026-04-03T03:35:04.881+0600][42.306s][info][gc,start       ] GC(162) Pause Young (Concurrent Start) (G1 Evacuation Pause)
[2026-04-03T03:35:04.881+0600][42.306s][info][gc,task        ] GC(162) Using 10 workers of 10 for evacuation
[2026-04-03T03:35:04.940+0600][42.366s][info][gc,phases      ] GC(162)   Pre Evacuate Collection Set: 0.61ms
[2026-04-03T03:35:04.941+0600][42.366s][info][gc,phases      ] GC(162)   Merge Heap Roots: 0.32ms
[2026-04-03T03:35:04.941+0600][42.366s][info][gc,phases      ] GC(162)   Evacuate Collection Set: 57.23ms
[2026-04-03T03:35:04.941+0600][42.366s][info][gc,phases      ] GC(162)   Post Evacuate Collection Set: 0.99ms
[2026-04-03T03:35:04.941+0600][42.366s][info][gc,phases      ] GC(162)   Other: 0.29ms
[2026-04-03T03:35:04.941+0600][42.366s][info][gc,heap        ] GC(162) Eden regions: 474->0(469)
[2026-04-03T03:35:04.941+0600][42.366s][info][gc,heap        ] GC(162) Survivor regions: 39->32(65)
[2026-04-03T03:35:04.941+0600][42.366s][info][gc,heap        ] GC(162) Old regions: 321->356
[2026-04-03T03:35:04.941+0600][42.366s][info][gc,heap        ] GC(162) Humongous regions: 110->110
[2026-04-03T03:35:04.941+0600][42.366s][info][gc,metaspace   ] GC(162) Metaspace: 72830K(73728K)->72830K(73728K) NonClass: 63503K(64000K)->63503K(64000K) Class: 9326K(9728K)->9326K(9728K)
[2026-04-03T03:35:04.941+0600][42.366s][info][gc             ] GC(162) Pause Young (Concurrent Start) (G1 Evacuation Pause) 940M->494M(1109M) 59.905ms
[2026-04-03T03:35:04.941+0600][42.366s][info][gc,cpu         ] GC(162) User=0.58s Sys=0.00s Real=0.06s
[2026-04-03T03:35:04.941+0600][42.366s][info][gc             ] GC(163) Concurrent Mark Cycle
[2026-04-03T03:35:04.941+0600][42.366s][info][gc,marking     ] GC(163) Concurrent Scan Root Regions
[2026-04-03T03:35:04.967+0600][42.393s][info][gc,marking     ] GC(163) Concurrent Scan Root Regions 26.457ms
[2026-04-03T03:35:04.968+0600][42.393s][info][gc,marking     ] GC(163) Concurrent Mark
[2026-04-03T03:35:04.968+0600][42.393s][info][gc,marking     ] GC(163) Concurrent Mark From Roots
[2026-04-03T03:35:04.968+0600][42.393s][info][gc,task        ] GC(163) Using 3 workers of 3 for marking
[2026-04-03T03:35:05.242+0600][42.667s][info][gc,marking     ] GC(163) Concurrent Mark From Roots 274.481ms
[2026-04-03T03:35:05.242+0600][42.667s][info][gc,marking     ] GC(163) Concurrent Preclean
[2026-04-03T03:35:05.242+0600][42.668s][info][gc,marking     ] GC(163) Concurrent Preclean 0.279ms
[2026-04-03T03:35:05.243+0600][42.668s][info][gc,start       ] GC(163) Pause Remark
[2026-04-03T03:35:05.248+0600][42.673s][info][gc             ] GC(163) Pause Remark 709M->595M(1109M) 5.280ms
[2026-04-03T03:35:05.248+0600][42.673s][info][gc,cpu         ] GC(163) User=0.02s Sys=0.00s Real=0.00s
[2026-04-03T03:35:05.248+0600][42.674s][info][gc,marking     ] GC(163) Concurrent Mark 280.796ms
[2026-04-03T03:35:05.248+0600][42.674s][info][gc,marking     ] GC(163) Concurrent Rebuild Remembered Sets and Scrub Regions
[2026-04-03T03:35:05.687+0600][43.112s][info][gc,marking     ] GC(163) Concurrent Rebuild Remembered Sets and Scrub Regions 438.167ms
[2026-04-03T03:35:05.687+0600][43.112s][info][gc,start       ] GC(163) Pause Cleanup
[2026-04-03T03:35:05.688+0600][43.113s][info][gc             ] GC(163) Pause Cleanup 689M->689M(1109M) 0.601ms
[2026-04-03T03:35:05.688+0600][43.113s][info][gc,cpu         ] GC(163) User=0.00s Sys=0.00s Real=0.00s
[2026-04-03T03:35:05.688+0600][43.113s][info][gc,marking     ] GC(163) Concurrent Clear Claimed Marks
[2026-04-03T03:35:05.688+0600][43.113s][info][gc,marking     ] GC(163) Concurrent Clear Claimed Marks 0.197ms
[2026-04-03T03:35:05.688+0600][43.113s][info][gc,marking     ] GC(163) Concurrent Cleanup for Next Mark
[2026-04-03T03:35:05.691+0600][43.116s][info][gc,marking     ] GC(163) Concurrent Cleanup for Next Mark 2.567ms
[2026-04-03T03:35:05.691+0600][43.116s][info][gc             ] GC(163) Concurrent Mark Cycle 749.737ms
[2026-04-03T03:35:06.612+0600][44.037s][info][gc,start       ] GC(164) Pause Young (Prepare Mixed) (G1 Evacuation Pause)
[2026-04-03T03:35:06.612+0600][44.037s][info][gc,task        ] GC(164) Using 10 workers of 10 for evacuation
[2026-04-03T03:35:06.731+0600][44.157s][info][gc,phases      ] GC(164)   Pre Evacuate Collection Set: 0.59ms
[2026-04-03T03:35:06.732+0600][44.157s][info][gc,phases      ] GC(164)   Merge Heap Roots: 4.65ms
[2026-04-03T03:35:06.732+0600][44.157s][info][gc,phases      ] GC(164)   Evacuate Collection Set: 111.61ms
[2026-04-03T03:35:06.732+0600][44.157s][info][gc,phases      ] GC(164)   Post Evacuate Collection Set: 2.32ms
[2026-04-03T03:35:06.732+0600][44.157s][info][gc,phases      ] GC(164)   Other: 0.16ms
[2026-04-03T03:35:06.732+0600][44.157s][info][gc,heap        ] GC(164) Eden regions: 469->0(455)
[2026-04-03T03:35:06.732+0600][44.157s][info][gc,heap        ] GC(164) Survivor regions: 32->63(63)
[2026-04-03T03:35:06.732+0600][44.157s][info][gc,heap        ] GC(164) Old regions: 311->329
[2026-04-03T03:35:06.732+0600][44.157s][info][gc,heap        ] GC(164) Humongous regions: 127->116
[2026-04-03T03:35:06.732+0600][44.157s][info][gc,metaspace   ] GC(164) Metaspace: 72850K(73728K)->72850K(73728K) NonClass: 63523K(64000K)->63523K(64000K) Class: 9326K(9728K)->9326K(9728K)
[2026-04-03T03:35:06.732+0600][44.157s][info][gc             ] GC(164) Pause Young (Prepare Mixed) (G1 Evacuation Pause) 935M->504M(1109M) 119.698ms
[2026-04-03T03:35:06.732+0600][44.157s][info][gc,cpu         ] GC(164) User=1.17s Sys=0.00s Real=0.12s
[2026-04-03T03:35:07.414+0600][44.839s][info][gc,start       ] GC(165) Pause Young (Mixed) (G1 Evacuation Pause)
[2026-04-03T03:35:07.414+0600][44.839s][info][gc,task        ] GC(165) Using 10 workers of 10 for evacuation
[2026-04-03T03:35:07.559+0600][44.984s][info][gc,phases      ] GC(165)   Pre Evacuate Collection Set: 0.51ms
[2026-04-03T03:35:07.559+0600][44.984s][info][gc,phases      ] GC(165)   Merge Heap Roots: 2.35ms
[2026-04-03T03:35:07.559+0600][44.984s][info][gc,phases      ] GC(165)   Evacuate Collection Set: 140.25ms
[2026-04-03T03:35:07.559+0600][44.984s][info][gc,phases      ] GC(165)   Post Evacuate Collection Set: 1.46ms
[2026-04-03T03:35:07.559+0600][44.984s][info][gc,phases      ] GC(165)   Other: 0.16ms
[2026-04-03T03:35:07.559+0600][44.984s][info][gc,heap        ] GC(165) Eden regions: 373->0(362)
[2026-04-03T03:35:07.559+0600][44.984s][info][gc,heap        ] GC(165) Survivor regions: 63->55(55)
[2026-04-03T03:35:07.559+0600][44.984s][info][gc,heap        ] GC(165) Old regions: 329->386
[2026-04-03T03:35:07.559+0600][44.984s][info][gc,heap        ] GC(165) Humongous regions: 189->167
[2026-04-03T03:35:07.559+0600][44.984s][info][gc,metaspace   ] GC(165) Metaspace: 72889K(73792K)->72889K(73792K) NonClass: 63561K(64064K)->63561K(64064K) Class: 9327K(9728K)->9327K(9728K)
[2026-04-03T03:35:07.559+0600][44.984s][info][gc             ] GC(165) Pause Young (Mixed) (G1 Evacuation Pause) 950M->605M(1109M) 145.082ms
[2026-04-03T03:35:07.559+0600][44.984s][info][gc,cpu         ] GC(165) User=1.43s Sys=0.00s Real=0.14s
[2026-04-03T03:35:07.576+0600][45.001s][info][gc,start       ] GC(166) Pause Young (Concurrent Start) (G1 Humongous Allocation)
[2026-04-03T03:35:07.576+0600][45.001s][info][gc,task        ] GC(166) Using 10 workers of 10 for evacuation
[2026-04-03T03:35:07.621+0600][45.046s][info][gc,phases      ] GC(166)   Pre Evacuate Collection Set: 0.45ms
[2026-04-03T03:35:07.621+0600][45.046s][info][gc,phases      ] GC(166)   Merge Heap Roots: 0.33ms
[2026-04-03T03:35:07.621+0600][45.046s][info][gc,phases      ] GC(166)   Evacuate Collection Set: 43.32ms
[2026-04-03T03:35:07.621+0600][45.046s][info][gc,phases      ] GC(166)   Post Evacuate Collection Set: 0.69ms
[2026-04-03T03:35:07.621+0600][45.046s][info][gc,phases      ] GC(166)   Other: 0.16ms
[2026-04-03T03:35:07.621+0600][45.046s][info][gc,heap        ] GC(166) Eden regions: 8->0(311)
[2026-04-03T03:35:07.621+0600][45.046s][info][gc,heap        ] GC(166) Survivor regions: 55->5(53)
[2026-04-03T03:35:07.621+0600][45.046s][info][gc,heap        ] GC(166) Old regions: 386->443
[2026-04-03T03:35:07.621+0600][45.046s][info][gc,heap        ] GC(166) Humongous regions: 167->167
[2026-04-03T03:35:07.621+0600][45.046s][info][gc,metaspace   ] GC(166) Metaspace: 72893K(73792K)->72893K(73792K) NonClass: 63566K(64064K)->63566K(64064K) Class: 9327K(9728K)->9327K(9728K)
[2026-04-03T03:35:07.621+0600][45.047s][info][gc             ] GC(166) Pause Young (Concurrent Start) (G1 Humongous Allocation) 612M->611M(1109M) 45.283ms
[2026-04-03T03:35:07.621+0600][45.047s][info][gc,cpu         ] GC(166) User=0.43s Sys=0.01s Real=0.05s
[2026-04-03T03:35:07.621+0600][45.047s][info][gc             ] GC(167) Concurrent Mark Cycle
[2026-04-03T03:35:07.621+0600][45.047s][info][gc,marking     ] GC(167) Concurrent Scan Root Regions
[2026-04-03T03:35:07.636+0600][45.061s][info][gc,marking     ] GC(167) Concurrent Scan Root Regions 14.436ms
[2026-04-03T03:35:07.636+0600][45.061s][info][gc,marking     ] GC(167) Concurrent Mark
[2026-04-03T03:35:07.636+0600][45.061s][info][gc,marking     ] GC(167) Concurrent Mark From Roots
[2026-04-03T03:35:07.636+0600][45.061s][info][gc,task        ] GC(167) Using 3 workers of 3 for marking
[2026-04-03T03:35:07.786+0600][45.211s][info][gc,marking     ] GC(167) Concurrent Mark From Roots 149.550ms
[2026-04-03T03:35:07.786+0600][45.211s][info][gc,marking     ] GC(167) Concurrent Preclean
[2026-04-03T03:35:07.786+0600][45.211s][info][gc,marking     ] GC(167) Concurrent Preclean 0.255ms
[2026-04-03T03:35:07.786+0600][45.212s][info][gc,start       ] GC(167) Pause Remark
[2026-04-03T03:35:07.793+0600][45.218s][info][gc             ] GC(167) Pause Remark 668M->328M(967M) 6.283ms
[2026-04-03T03:35:07.793+0600][45.218s][info][gc,cpu         ] GC(167) User=0.03s Sys=0.00s Real=0.01s
[2026-04-03T03:35:07.793+0600][45.218s][info][gc,marking     ] GC(167) Concurrent Mark 156.978ms
[2026-04-03T03:35:07.793+0600][45.218s][info][gc,marking     ] GC(167) Concurrent Rebuild Remembered Sets and Scrub Regions
[2026-04-03T03:35:07.930+0600][45.355s][info][gc,marking     ] GC(167) Concurrent Rebuild Remembered Sets and Scrub Regions 137.040ms
[2026-04-03T03:35:07.931+0600][45.356s][info][gc,start       ] GC(167) Pause Cleanup
[2026-04-03T03:35:07.931+0600][45.356s][info][gc             ] GC(167) Pause Cleanup 382M->382M(967M) 0.664ms
[2026-04-03T03:35:07.931+0600][45.357s][info][gc,cpu         ] GC(167) User=0.00s Sys=0.00s Real=0.00s
[2026-04-03T03:35:07.931+0600][45.357s][info][gc,marking     ] GC(167) Concurrent Clear Claimed Marks
[2026-04-03T03:35:07.932+0600][45.357s][info][gc,marking     ] GC(167) Concurrent Clear Claimed Marks 0.236ms
[2026-04-03T03:35:07.932+0600][45.357s][info][gc,marking     ] GC(167) Concurrent Cleanup for Next Mark
[2026-04-03T03:35:07.933+0600][45.358s][info][gc,marking     ] GC(167) Concurrent Cleanup for Next Mark 1.196ms
[2026-04-03T03:35:07.933+0600][45.358s][info][gc             ] GC(167) Concurrent Mark Cycle 311.625ms
[2026-04-03T03:35:08.213+0600][45.639s][info][gc,start       ] GC(168) Pause Young (Prepare Mixed) (G1 Evacuation Pause)
[2026-04-03T03:35:08.213+0600][45.639s][info][gc,task        ] GC(168) Using 10 workers of 10 for evacuation
[2026-04-03T03:35:08.237+0600][45.662s][info][gc,phases      ] GC(168)   Pre Evacuate Collection Set: 0.48ms
[2026-04-03T03:35:08.237+0600][45.662s][info][gc,phases      ] GC(168)   Merge Heap Roots: 1.03ms
[2026-04-03T03:35:08.237+0600][45.662s][info][gc,phases      ] GC(168)   Evacuate Collection Set: 20.42ms
[2026-04-03T03:35:08.237+0600][45.662s][info][gc,phases      ] GC(168)   Post Evacuate Collection Set: 1.42ms
[2026-04-03T03:35:08.237+0600][45.662s][info][gc,phases      ] GC(168)   Other: 0.10ms
[2026-04-03T03:35:08.237+0600][45.662s][info][gc,heap        ] GC(168) Eden regions: 311->0(435)
[2026-04-03T03:35:08.237+0600][45.662s][info][gc,heap        ] GC(168) Survivor regions: 5->25(40)
[2026-04-03T03:35:08.237+0600][45.662s][info][gc,heap        ] GC(168) Old regions: 250->250
[2026-04-03T03:35:08.237+0600][45.662s][info][gc,heap        ] GC(168) Humongous regions: 49->38
[2026-04-03T03:35:08.237+0600][45.662s][info][gc,metaspace   ] GC(168) Metaspace: 72929K(73792K)->72929K(73792K) NonClass: 63601K(64064K)->63601K(64064K) Class: 9327K(9728K)->9327K(9728K)
[2026-04-03T03:35:08.237+0600][45.662s][info][gc             ] GC(168) Pause Young (Prepare Mixed) (G1 Evacuation Pause) 611M->309M(967M) 23.807ms
[2026-04-03T03:35:08.237+0600][45.663s][info][gc,cpu         ] GC(168) User=0.22s Sys=0.00s Real=0.02s
[2026-04-03T03:35:09.132+0600][46.557s][info][gc,start       ] GC(169) Pause Young (Mixed) (G1 Evacuation Pause)
[2026-04-03T03:35:09.132+0600][46.557s][info][gc,task        ] GC(169) Using 10 workers of 10 for evacuation
[2026-04-03T03:35:09.289+0600][46.714s][info][gc,phases      ] GC(169)   Pre Evacuate Collection Set: 0.45ms
[2026-04-03T03:35:09.289+0600][46.714s][info][gc,phases      ] GC(169)   Merge Heap Roots: 0.59ms
[2026-04-03T03:35:09.289+0600][46.714s][info][gc,phases      ] GC(169)   Evacuate Collection Set: 154.53ms
[2026-04-03T03:35:09.289+0600][46.714s][info][gc,phases      ] GC(169)   Post Evacuate Collection Set: 1.47ms
[2026-04-03T03:35:09.289+0600][46.714s][info][gc,phases      ] GC(169)   Other: 0.17ms
[2026-04-03T03:35:09.289+0600][46.714s][info][gc,heap        ] GC(169) Eden regions: 435->0(362)
[2026-04-03T03:35:09.289+0600][46.715s][info][gc,heap        ] GC(169) Survivor regions: 25->58(58)
[2026-04-03T03:35:09.289+0600][46.715s][info][gc,heap        ] GC(169) Old regions: 250->266
[2026-04-03T03:35:09.289+0600][46.715s][info][gc,heap        ] GC(169) Humongous regions: 231->168
[2026-04-03T03:35:09.289+0600][46.715s][info][gc,metaspace   ] GC(169) Metaspace: 72979K(73920K)->72979K(73920K) NonClass: 63651K(64192K)->63651K(64192K) Class: 9327K(9728K)->9327K(9728K)
[2026-04-03T03:35:09.289+0600][46.715s][info][gc             ] GC(169) Pause Young (Mixed) (G1 Evacuation Pause) 937M->488M(1023M) 157.679ms
[2026-04-03T03:35:09.289+0600][46.715s][info][gc,cpu         ] GC(169) User=1.48s Sys=0.07s Real=0.15s
[2026-04-03T03:35:09.302+0600][46.728s][info][gc,start       ] GC(170) Pause Young (Concurrent Start) (G1 Humongous Allocation)
[2026-04-03T03:35:09.302+0600][46.728s][info][gc,task        ] GC(170) Using 10 workers of 10 for evacuation
[2026-04-03T03:35:09.373+0600][46.798s][info][gc,phases      ] GC(170)   Pre Evacuate Collection Set: 0.49ms
[2026-04-03T03:35:09.373+0600][46.798s][info][gc,phases      ] GC(170)   Merge Heap Roots: 0.50ms
[2026-04-03T03:35:09.373+0600][46.798s][info][gc,phases      ] GC(170)   Evacuate Collection Set: 67.23ms
[2026-04-03T03:35:09.373+0600][46.798s][info][gc,phases      ] GC(170)   Post Evacuate Collection Set: 2.13ms
[2026-04-03T03:35:09.373+0600][46.798s][info][gc,phases      ] GC(170)   Other: 0.29ms
[2026-04-03T03:35:09.373+0600][46.798s][info][gc,heap        ] GC(170) Eden regions: 16->0(475)
[2026-04-03T03:35:09.373+0600][46.799s][info][gc,heap        ] GC(170) Survivor regions: 58->5(53)
[2026-04-03T03:35:09.373+0600][46.799s][info][gc,heap        ] GC(170) Old regions: 266->327
[2026-04-03T03:35:09.373+0600][46.799s][info][gc,heap        ] GC(170) Humongous regions: 168->168
[2026-04-03T03:35:09.373+0600][46.799s][info][gc,metaspace   ] GC(170) Metaspace: 72979K(73920K)->72979K(73920K) NonClass: 63651K(64192K)->63651K(64192K) Class: 9327K(9728K)->9327K(9728K)
[2026-04-03T03:35:09.373+0600][46.799s][info][gc             ] GC(170) Pause Young (Concurrent Start) (G1 Humongous Allocation) 504M->495M(1169M) 70.951ms
[2026-04-03T03:35:09.373+0600][46.799s][info][gc,cpu         ] GC(170) User=0.66s Sys=0.01s Real=0.07s
[2026-04-03T03:35:09.373+0600][46.799s][info][gc             ] GC(171) Concurrent Mark Cycle
[2026-04-03T03:35:09.374+0600][46.799s][info][gc,marking     ] GC(171) Concurrent Scan Root Regions
[2026-04-03T03:35:09.392+0600][46.818s][info][gc,marking     ] GC(171) Concurrent Scan Root Regions 18.770ms
[2026-04-03T03:35:09.392+0600][46.818s][info][gc,marking     ] GC(171) Concurrent Mark
[2026-04-03T03:35:09.392+0600][46.818s][info][gc,marking     ] GC(171) Concurrent Mark From Roots
[2026-04-03T03:35:09.392+0600][46.818s][info][gc,task        ] GC(171) Using 3 workers of 3 for marking
[2026-04-03T03:35:09.531+0600][46.956s][info][gc,marking     ] GC(171) Concurrent Mark From Roots 138.659ms
[2026-04-03T03:35:09.531+0600][46.956s][info][gc,marking     ] GC(171) Concurrent Preclean
[2026-04-03T03:35:09.531+0600][46.957s][info][gc,marking     ] GC(171) Concurrent Preclean 0.193ms
[2026-04-03T03:35:09.532+0600][46.957s][info][gc,start       ] GC(171) Pause Remark
[2026-04-03T03:35:09.536+0600][46.961s][info][gc             ] GC(171) Pause Remark 694M->569M(1169M) 4.284ms
[2026-04-03T03:35:09.536+0600][46.961s][info][gc,cpu         ] GC(171) User=0.02s Sys=0.01s Real=0.00s
[2026-04-03T03:35:09.536+0600][46.962s][info][gc,marking     ] GC(171) Concurrent Mark 143.907ms
[2026-04-03T03:35:09.536+0600][46.962s][info][gc,marking     ] GC(171) Concurrent Rebuild Remembered Sets and Scrub Regions
[2026-04-03T03:35:09.599+0600][47.025s][info][gc,marking     ] GC(171) Concurrent Rebuild Remembered Sets and Scrub Regions 63.027ms
[2026-04-03T03:35:09.600+0600][47.025s][info][gc,start       ] GC(171) Pause Cleanup
[2026-04-03T03:35:09.600+0600][47.026s][info][gc             ] GC(171) Pause Cleanup 627M->627M(1169M) 0.572ms
[2026-04-03T03:35:09.601+0600][47.026s][info][gc,cpu         ] GC(171) User=0.00s Sys=0.00s Real=0.00s
[2026-04-03T03:35:09.601+0600][47.026s][info][gc,marking     ] GC(171) Concurrent Clear Claimed Marks
[2026-04-03T03:35:09.601+0600][47.026s][info][gc,marking     ] GC(171) Concurrent Clear Claimed Marks 0.199ms
[2026-04-03T03:35:09.601+0600][47.026s][info][gc,marking     ] GC(171) Concurrent Cleanup for Next Mark
[2026-04-03T03:35:09.603+0600][47.028s][info][gc,marking     ] GC(171) Concurrent Cleanup for Next Mark 2.059ms
[2026-04-03T03:35:09.603+0600][47.028s][info][gc             ] GC(171) Concurrent Mark Cycle 229.515ms
[2026-04-03T03:35:09.819+0600][47.244s][info][gc,start       ] GC(172) Pause Young (Prepare Mixed) (G1 Evacuation Pause)
[2026-04-03T03:35:09.819+0600][47.244s][info][gc,task        ] GC(172) Using 10 workers of 10 for evacuation
[2026-04-03T03:35:09.860+0600][47.285s][info][gc,phases      ] GC(172)   Pre Evacuate Collection Set: 0.40ms
[2026-04-03T03:35:09.860+0600][47.285s][info][gc,phases      ] GC(172)   Merge Heap Roots: 0.47ms
[2026-04-03T03:35:09.860+0600][47.285s][info][gc,phases      ] GC(172)   Evacuate Collection Set: 38.97ms
[2026-04-03T03:35:09.860+0600][47.285s][info][gc,phases      ] GC(172)   Post Evacuate Collection Set: 1.11ms
[2026-04-03T03:35:09.860+0600][47.285s][info][gc,phases      ] GC(172)   Other: 0.16ms
[2026-04-03T03:35:09.860+0600][47.285s][info][gc,heap        ] GC(172) Eden regions: 475->0(195)
[2026-04-03T03:35:09.860+0600][47.285s][info][gc,heap        ] GC(172) Survivor regions: 5->53(60)
[2026-04-03T03:35:09.860+0600][47.285s][info][gc,heap        ] GC(172) Old regions: 278->278
[2026-04-03T03:35:09.860+0600][47.285s][info][gc,heap        ] GC(172) Humongous regions: 177->136
[2026-04-03T03:35:09.860+0600][47.285s][info][gc,metaspace   ] GC(172) Metaspace: 73044K(73984K)->73044K(73984K) NonClass: 63717K(64256K)->63717K(64256K) Class: 9327K(9728K)->9327K(9728K)
[2026-04-03T03:35:09.860+0600][47.285s][info][gc             ] GC(172) Pause Young (Prepare Mixed) (G1 Evacuation Pause) 930M->462M(1169M) 41.446ms
[2026-04-03T03:35:09.860+0600][47.285s][info][gc,cpu         ] GC(172) User=0.43s Sys=0.00s Real=0.05s
[2026-04-03T03:35:10.018+0600][47.444s][info][gc,start       ] GC(173) Pause Full (System.gc())
[2026-04-03T03:35:10.018+0600][47.444s][info][gc,task        ] GC(173) Using 10 workers of 10 for full compaction
[2026-04-03T03:35:10.019+0600][47.444s][info][gc,phases,start] GC(173) Phase 1: Mark live objects
[2026-04-03T03:35:10.063+0600][47.488s][info][gc,phases      ] GC(173) Phase 1: Mark live objects 44.290ms
[2026-04-03T03:35:10.063+0600][47.488s][info][gc,phases,start] GC(173) Phase 2: Prepare compaction
[2026-04-03T03:35:10.065+0600][47.490s][info][gc,phases      ] GC(173) Phase 2: Prepare compaction 2.054ms
[2026-04-03T03:35:10.065+0600][47.490s][info][gc,phases,start] GC(173) Phase 3: Adjust pointers
[2026-04-03T03:35:10.079+0600][47.505s][info][gc,phases      ] GC(173) Phase 3: Adjust pointers 14.214ms
[2026-04-03T03:35:10.079+0600][47.505s][info][gc,phases,start] GC(173) Phase 4: Compact heap
[2026-04-03T03:35:10.081+0600][47.507s][info][gc,phases      ] GC(173) Phase 4: Compact heap 1.923ms
[2026-04-03T03:35:10.081+0600][47.507s][info][gc,phases,start] GC(173) Phase 5: Reset Metadata
[2026-04-03T03:35:10.090+0600][47.516s][info][gc,phases      ] GC(173) Phase 5: Reset Metadata 8.882ms
[2026-04-03T03:35:10.098+0600][47.524s][info][gc,heap        ] GC(173) Eden regions: 309->0(266)
[2026-04-03T03:35:10.098+0600][47.524s][info][gc,heap        ] GC(173) Survivor regions: 53->0(60)
[2026-04-03T03:35:10.098+0600][47.524s][info][gc,heap        ] GC(173) Old regions: 278->146
[2026-04-03T03:35:10.098+0600][47.524s][info][gc,heap        ] GC(173) Humongous regions: 139->11
[2026-04-03T03:35:10.098+0600][47.524s][info][gc,metaspace   ] GC(173) Metaspace: 73044K(73984K)->73044K(73984K) NonClass: 63717K(64256K)->63717K(64256K) Class: 9327K(9728K)->9327K(9728K)
[2026-04-03T03:35:10.098+0600][47.524s][info][gc             ] GC(173) Pause Full (System.gc()) 774M->150M(524M) 80.213ms
[2026-04-03T03:35:10.099+0600][47.524s][info][gc,cpu         ] GC(173) User=0.64s Sys=0.02s Real=0.08s
[2026-04-03T03:35:10.143+0600][47.568s][info][gc,start       ] GC(174) Pause Young (Concurrent Start) (G1 Humongous Allocation)
[2026-04-03T03:35:10.143+0600][47.569s][info][gc,task        ] GC(174) Using 10 workers of 10 for evacuation
[2026-04-03T03:35:10.145+0600][47.570s][info][gc,phases      ] GC(174)   Pre Evacuate Collection Set: 0.25ms
[2026-04-03T03:35:10.145+0600][47.570s][info][gc,phases      ] GC(174)   Merge Heap Roots: 0.06ms
[2026-04-03T03:35:10.145+0600][47.570s][info][gc,phases      ] GC(174)   Evacuate Collection Set: 0.89ms
[2026-04-03T03:35:10.145+0600][47.570s][info][gc,phases      ] GC(174)   Post Evacuate Collection Set: 0.42ms
[2026-04-03T03:35:10.145+0600][47.570s][info][gc,phases      ] GC(174)   Other: 0.09ms
[2026-04-03T03:35:10.145+0600][47.570s][info][gc,heap        ] GC(174) Eden regions: 20->0(278)
[2026-04-03T03:35:10.145+0600][47.570s][info][gc,heap        ] GC(174) Survivor regions: 0->5(34)
[2026-04-03T03:35:10.145+0600][47.570s][info][gc,heap        ] GC(174) Old regions: 146->146
[2026-04-03T03:35:10.145+0600][47.570s][info][gc,heap        ] GC(174) Humongous regions: 11->11
[2026-04-03T03:35:10.145+0600][47.570s][info][gc,metaspace   ] GC(174) Metaspace: 73074K(73984K)->73074K(73984K) NonClass: 63746K(64256K)->63746K(64256K) Class: 9327K(9728K)->9327K(9728K)
[2026-04-03T03:35:10.145+0600][47.570s][info][gc             ] GC(174) Pause Young (Concurrent Start) (G1 Humongous Allocation) 170M->155M(524M) 1.918ms
[2026-04-03T03:35:10.145+0600][47.570s][info][gc,cpu         ] GC(174) User=0.00s Sys=0.00s Real=0.00s
[2026-04-03T03:35:10.145+0600][47.571s][info][gc             ] GC(175) Concurrent Mark Cycle
[2026-04-03T03:35:10.145+0600][47.571s][info][gc,marking     ] GC(175) Concurrent Scan Root Regions
[2026-04-03T03:35:10.146+0600][47.571s][info][gc,marking     ] GC(175) Concurrent Scan Root Regions 0.779ms
[2026-04-03T03:35:10.146+0600][47.571s][info][gc,marking     ] GC(175) Concurrent Mark
[2026-04-03T03:35:10.146+0600][47.571s][info][gc,marking     ] GC(175) Concurrent Mark From Roots
[2026-04-03T03:35:10.146+0600][47.571s][info][gc,task        ] GC(175) Using 3 workers of 3 for marking
[2026-04-03T03:35:10.267+0600][47.692s][info][gc,marking     ] GC(175) Concurrent Mark From Roots 120.383ms
[2026-04-03T03:35:10.267+0600][47.692s][info][gc,marking     ] GC(175) Concurrent Preclean
[2026-04-03T03:35:10.267+0600][47.692s][info][gc,marking     ] GC(175) Concurrent Preclean 0.269ms
[2026-04-03T03:35:10.271+0600][47.696s][info][gc,start       ] GC(175) Pause Remark
[2026-04-03T03:35:10.276+0600][47.701s][info][gc             ] GC(175) Pause Remark 243M->243M(524M) 4.371ms
[2026-04-03T03:35:10.276+0600][47.701s][info][gc,cpu         ] GC(175) User=0.03s Sys=0.01s Real=0.00s
[2026-04-03T03:35:10.276+0600][47.701s][info][gc,marking     ] GC(175) Concurrent Mark 129.675ms
[2026-04-03T03:35:10.276+0600][47.701s][info][gc,marking     ] GC(175) Concurrent Rebuild Remembered Sets and Scrub Regions
[2026-04-03T03:35:10.323+0600][47.748s][info][gc,marking     ] GC(175) Concurrent Rebuild Remembered Sets and Scrub Regions 47.213ms
[2026-04-03T03:35:10.335+0600][47.760s][info][gc,start       ] GC(175) Pause Cleanup
[2026-04-03T03:35:10.335+0600][47.761s][info][gc             ] GC(175) Pause Cleanup 289M->289M(524M) 0.366ms
[2026-04-03T03:35:10.335+0600][47.761s][info][gc,cpu         ] GC(175) User=0.00s Sys=0.00s Real=0.00s
[2026-04-03T03:35:10.335+0600][47.761s][info][gc,marking     ] GC(175) Concurrent Clear Claimed Marks
[2026-04-03T03:35:10.336+0600][47.761s][info][gc,marking     ] GC(175) Concurrent Clear Claimed Marks 0.296ms
[2026-04-03T03:35:10.336+0600][47.761s][info][gc,marking     ] GC(175) Concurrent Cleanup for Next Mark
[2026-04-03T03:35:10.337+0600][47.762s][info][gc,marking     ] GC(175) Concurrent Cleanup for Next Mark 0.704ms
[2026-04-03T03:35:10.337+0600][47.762s][info][gc             ] GC(175) Concurrent Mark Cycle 191.357ms
[2026-04-03T03:35:10.498+0600][47.923s][info][gc,start       ] GC(176) Pause Young (Prepare Mixed) (G1 Evacuation Pause)
[2026-04-03T03:35:10.498+0600][47.923s][info][gc,task        ] GC(176) Using 10 workers of 10 for evacuation
[2026-04-03T03:35:10.546+0600][47.972s][info][gc,phases      ] GC(176)   Pre Evacuate Collection Set: 0.33ms
[2026-04-03T03:35:10.546+0600][47.972s][info][gc,phases      ] GC(176)   Merge Heap Roots: 0.56ms
[2026-04-03T03:35:10.546+0600][47.972s][info][gc,phases      ] GC(176)   Evacuate Collection Set: 46.75ms
[2026-04-03T03:35:10.546+0600][47.972s][info][gc,phases      ] GC(176)   Post Evacuate Collection Set: 0.64ms
[2026-04-03T03:35:10.546+0600][47.972s][info][gc,phases      ] GC(176)   Other: 0.09ms
[2026-04-03T03:35:10.546+0600][47.972s][info][gc,heap        ] GC(176) Eden regions: 278->0(195)
[2026-04-03T03:35:10.546+0600][47.972s][info][gc,heap        ] GC(176) Survivor regions: 5->36(36)
[2026-04-03T03:35:10.546+0600][47.972s][info][gc,heap        ] GC(176) Old regions: 146->188
[2026-04-03T03:35:10.546+0600][47.972s][info][gc,heap        ] GC(176) Humongous regions: 50->45
[2026-04-03T03:35:10.546+0600][47.972s][info][gc,metaspace   ] GC(176) Metaspace: 73091K(73984K)->73091K(73984K) NonClass: 63763K(64256K)->63763K(64256K) Class: 9327K(9728K)->9327K(9728K)
[2026-04-03T03:35:10.546+0600][47.972s][info][gc             ] GC(176) Pause Young (Prepare Mixed) (G1 Evacuation Pause) 472M->262M(557M) 48.665ms
[2026-04-03T03:35:10.547+0600][47.972s][info][gc,cpu         ] GC(176) User=0.42s Sys=0.04s Real=0.05s
[2026-04-03T03:35:10.707+0600][48.133s][info][gc,start       ] GC(177) Pause Young (Mixed) (G1 Evacuation Pause)
[2026-04-03T03:35:10.707+0600][48.133s][info][gc,task        ] GC(177) Using 10 workers of 10 for evacuation
[2026-04-03T03:35:10.759+0600][48.184s][info][gc,phases      ] GC(177)   Pre Evacuate Collection Set: 0.36ms
[2026-04-03T03:35:10.759+0600][48.184s][info][gc,phases      ] GC(177)   Merge Heap Roots: 0.55ms
[2026-04-03T03:35:10.759+0600][48.184s][info][gc,phases      ] GC(177)   Evacuate Collection Set: 49.61ms
[2026-04-03T03:35:10.759+0600][48.184s][info][gc,phases      ] GC(177)   Post Evacuate Collection Set: 0.97ms
[2026-04-03T03:35:10.759+0600][48.184s][info][gc,phases      ] GC(177)   Other: 0.11ms
[2026-04-03T03:35:10.759+0600][48.184s][info][gc,heap        ] GC(177) Eden regions: 195->0(173)
[2026-04-03T03:35:10.759+0600][48.185s][info][gc,heap        ] GC(177) Survivor regions: 36->26(29)
[2026-04-03T03:35:10.759+0600][48.185s][info][gc,heap        ] GC(177) Old regions: 188->225
[2026-04-03T03:35:10.759+0600][48.185s][info][gc,heap        ] GC(177) Humongous regions: 62->62
[2026-04-03T03:35:10.759+0600][48.185s][info][gc,metaspace   ] GC(177) Metaspace: 73091K(73984K)->73091K(73984K) NonClass: 63763K(64256K)->63763K(64256K) Class: 9327K(9728K)->9327K(9728K)
[2026-04-03T03:35:10.759+0600][48.185s][info][gc             ] GC(177) Pause Young (Mixed) (G1 Evacuation Pause) 474M->308M(557M) 51.947ms
[2026-04-03T03:35:10.759+0600][48.185s][info][gc,cpu         ] GC(177) User=0.49s Sys=0.00s Real=0.05s
[2026-04-03T03:35:10.883+0600][48.309s][info][gc,start       ] GC(178) Pause Young (Concurrent Start) (G1 Humongous Allocation)
[2026-04-03T03:35:10.883+0600][48.309s][info][gc,task        ] GC(178) Using 10 workers of 10 for evacuation
[2026-04-03T03:35:10.914+0600][48.340s][info][gc,phases      ] GC(178)   Pre Evacuate Collection Set: 0.31ms
[2026-04-03T03:35:10.915+0600][48.340s][info][gc,phases      ] GC(178)   Merge Heap Roots: 0.19ms
[2026-04-03T03:35:10.915+0600][48.340s][info][gc,phases      ] GC(178)   Evacuate Collection Set: 29.64ms
[2026-04-03T03:35:10.915+0600][48.340s][info][gc,phases      ] GC(178)   Post Evacuate Collection Set: 0.78ms
[2026-04-03T03:35:10.915+0600][48.340s][info][gc,phases      ] GC(178)   Other: 0.15ms
[2026-04-03T03:35:10.915+0600][48.340s][info][gc,heap        ] GC(178) Eden regions: 145->0(169)
[2026-04-03T03:35:10.915+0600][48.340s][info][gc,heap        ] GC(178) Survivor regions: 26->16(25)
[2026-04-03T03:35:10.915+0600][48.340s][info][gc,heap        ] GC(178) Old regions: 225->248
[2026-04-03T03:35:10.915+0600][48.340s][info][gc,heap        ] GC(178) Humongous regions: 62->62
[2026-04-03T03:35:10.915+0600][48.340s][info][gc,metaspace   ] GC(178) Metaspace: 73092K(73984K)->73092K(73984K) NonClass: 63764K(64256K)->63764K(64256K) Class: 9327K(9728K)->9327K(9728K)
[2026-04-03T03:35:10.915+0600][48.340s][info][gc             ] GC(178) Pause Young (Concurrent Start) (G1 Humongous Allocation) 453M->320M(557M) 31.400ms
[2026-04-03T03:35:10.915+0600][48.340s][info][gc             ] GC(179) Concurrent Mark Cycle
[2026-04-03T03:35:10.915+0600][48.340s][info][gc,marking     ] GC(179) Concurrent Scan Root Regions
[2026-04-03T03:35:10.915+0600][48.340s][info][gc,cpu         ] GC(178) User=0.29s Sys=0.00s Real=0.03s
[2026-04-03T03:35:10.929+0600][48.354s][info][gc,marking     ] GC(179) Concurrent Scan Root Regions 13.709ms
[2026-04-03T03:35:10.929+0600][48.354s][info][gc,marking     ] GC(179) Concurrent Mark
[2026-04-03T03:35:10.929+0600][48.354s][info][gc,marking     ] GC(179) Concurrent Mark From Roots
[2026-04-03T03:35:10.929+0600][48.354s][info][gc,task        ] GC(179) Using 3 workers of 3 for marking
[2026-04-03T03:35:11.150+0600][48.576s][info][gc,start       ] GC(180) Pause Young (Normal) (G1 Evacuation Pause)
[2026-04-03T03:35:11.150+0600][48.576s][info][gc,task        ] GC(180) Using 10 workers of 10 for evacuation
[2026-04-03T03:35:11.184+0600][48.610s][info][gc,phases      ] GC(180)   Pre Evacuate Collection Set: 0.84ms
[2026-04-03T03:35:11.184+0600][48.610s][info][gc,phases      ] GC(180)   Merge Heap Roots: 0.85ms
[2026-04-03T03:35:11.184+0600][48.610s][info][gc,phases      ] GC(180)   Evacuate Collection Set: 28.43ms
[2026-04-03T03:35:11.184+0600][48.610s][info][gc,phases      ] GC(180)   Post Evacuate Collection Set: 3.51ms
[2026-04-03T03:35:11.184+0600][48.610s][info][gc,phases      ] GC(180)   Other: 0.17ms
[2026-04-03T03:35:11.184+0600][48.610s][info][gc,heap        ] GC(180) Eden regions: 169->0(422)
[2026-04-03T03:35:11.184+0600][48.610s][info][gc,heap        ] GC(180) Survivor regions: 16->16(24)
[2026-04-03T03:35:11.184+0600][48.610s][info][gc,heap        ] GC(180) Old regions: 248->263
[2026-04-03T03:35:11.184+0600][48.610s][info][gc,heap        ] GC(180) Humongous regions: 77->77
[2026-04-03T03:35:11.184+0600][48.610s][info][gc,metaspace   ] GC(180) Metaspace: 73092K(73984K)->73092K(73984K) NonClass: 63764K(64256K)->63764K(64256K) Class: 9327K(9728K)->9327K(9728K)
[2026-04-03T03:35:11.184+0600][48.610s][info][gc             ] GC(180) Pause Young (Normal) (G1 Evacuation Pause) 504M->351M(931M) 34.124ms
[2026-04-03T03:35:11.185+0600][48.610s][info][gc,cpu         ] GC(180) User=0.29s Sys=0.00s Real=0.03s
[2026-04-03T03:35:11.204+0600][48.629s][info][gc,marking     ] GC(179) Concurrent Mark From Roots 275.388ms
[2026-04-03T03:35:11.204+0600][48.630s][info][gc,marking     ] GC(179) Concurrent Preclean
[2026-04-03T03:35:11.205+0600][48.630s][info][gc,marking     ] GC(179) Concurrent Preclean 0.259ms
[2026-04-03T03:35:11.205+0600][48.630s][info][gc,start       ] GC(179) Pause Remark
[2026-04-03T03:35:11.209+0600][48.635s][info][gc             ] GC(179) Pause Remark 365M->338M(931M) 4.579ms
[2026-04-03T03:35:11.209+0600][48.635s][info][gc,cpu         ] GC(179) User=0.03s Sys=0.00s Real=0.00s
[2026-04-03T03:35:11.210+0600][48.635s][info][gc,marking     ] GC(179) Concurrent Mark 280.826ms
[2026-04-03T03:35:11.210+0600][48.635s][info][gc,marking     ] GC(179) Concurrent Rebuild Remembered Sets and Scrub Regions
[2026-04-03T03:35:11.392+0600][48.817s][info][gc,marking     ] GC(179) Concurrent Rebuild Remembered Sets and Scrub Regions 181.936ms
[2026-04-03T03:35:11.392+0600][48.817s][info][gc,start       ] GC(179) Pause Cleanup
[2026-04-03T03:35:11.393+0600][48.818s][info][gc             ] GC(179) Pause Cleanup 448M->448M(931M) 0.645ms
[2026-04-03T03:35:11.393+0600][48.818s][info][gc,cpu         ] GC(179) User=0.00s Sys=0.00s Real=0.00s
[2026-04-03T03:35:11.393+0600][48.818s][info][gc,marking     ] GC(179) Concurrent Clear Claimed Marks
[2026-04-03T03:35:11.393+0600][48.819s][info][gc,marking     ] GC(179) Concurrent Clear Claimed Marks 0.290ms
[2026-04-03T03:35:11.393+0600][48.819s][info][gc,marking     ] GC(179) Concurrent Cleanup for Next Mark
[2026-04-03T03:35:11.397+0600][48.822s][info][gc,marking     ] GC(179) Concurrent Cleanup for Next Mark 3.594ms
[2026-04-03T03:35:11.397+0600][48.822s][info][gc             ] GC(179) Concurrent Mark Cycle 482.267ms
[2026-04-03T03:35:11.756+0600][49.181s][info][gc,start       ] GC(181) Pause Young (Prepare Mixed) (G1 Evacuation Pause)
[2026-04-03T03:35:11.756+0600][49.182s][info][gc,task        ] GC(181) Using 10 workers of 10 for evacuation
[2026-04-03T03:35:11.797+0600][49.222s][info][gc,phases      ] GC(181)   Pre Evacuate Collection Set: 0.47ms
[2026-04-03T03:35:11.797+0600][49.222s][info][gc,phases      ] GC(181)   Merge Heap Roots: 0.92ms
[2026-04-03T03:35:11.797+0600][49.222s][info][gc,phases      ] GC(181)   Evacuate Collection Set: 37.60ms
[2026-04-03T03:35:11.797+0600][49.222s][info][gc,phases      ] GC(181)   Post Evacuate Collection Set: 1.21ms
[2026-04-03T03:35:11.797+0600][49.222s][info][gc,phases      ] GC(181)   Other: 0.25ms
[2026-04-03T03:35:11.797+0600][49.222s][info][gc,heap        ] GC(181) Eden regions: 422->0(442)
[2026-04-03T03:35:11.797+0600][49.222s][info][gc,heap        ] GC(181) Survivor regions: 16->38(55)
[2026-04-03T03:35:11.797+0600][49.222s][info][gc,heap        ] GC(181) Old regions: 263->263
[2026-04-03T03:35:11.797+0600][49.222s][info][gc,heap        ] GC(181) Humongous regions: 50->50
[2026-04-03T03:35:11.797+0600][49.222s][info][gc,metaspace   ] GC(181) Metaspace: 73092K(73984K)->73092K(73984K) NonClass: 63764K(64256K)->63764K(64256K) Class: 9327K(9728K)->9327K(9728K)
[2026-04-03T03:35:11.797+0600][49.222s][info][gc             ] GC(181) Pause Young (Prepare Mixed) (G1 Evacuation Pause) 746M->346M(931M) 40.804ms
[2026-04-03T03:35:11.797+0600][49.222s][info][gc,cpu         ] GC(181) User=0.39s Sys=0.00s Real=0.04s
[2026-04-03T03:35:12.899+0600][50.325s][info][gc,start       ] GC(182) Pause Young (Mixed) (G1 Evacuation Pause)
[2026-04-03T03:35:12.899+0600][50.325s][info][gc,task        ] GC(182) Using 10 workers of 10 for evacuation
[2026-04-03T03:35:12.993+0600][50.419s][info][gc,phases      ] GC(182)   Pre Evacuate Collection Set: 0.56ms
[2026-04-03T03:35:12.994+0600][50.419s][info][gc,phases      ] GC(182)   Merge Heap Roots: 2.86ms
[2026-04-03T03:35:12.994+0600][50.419s][info][gc,phases      ] GC(182)   Evacuate Collection Set: 88.61ms
[2026-04-03T03:35:12.994+0600][50.419s][info][gc,phases      ] GC(182)   Post Evacuate Collection Set: 1.86ms
[2026-04-03T03:35:12.994+0600][50.419s][info][gc,phases      ] GC(182)   Other: 0.18ms
[2026-04-03T03:35:12.994+0600][50.419s][info][gc,heap        ] GC(182) Eden regions: 442->0(404)
[2026-04-03T03:35:12.994+0600][50.419s][info][gc,heap        ] GC(182) Survivor regions: 38->52(60)
[2026-04-03T03:35:12.994+0600][50.419s][info][gc,heap        ] GC(182) Old regions: 263->271
[2026-04-03T03:35:12.994+0600][50.419s][info][gc,heap        ] GC(182) Humongous regions: 92->92
[2026-04-03T03:35:12.994+0600][50.419s][info][gc,metaspace   ] GC(182) Metaspace: 73094K(73984K)->73094K(73984K) NonClass: 63766K(64256K)->63766K(64256K) Class: 9327K(9728K)->9327K(9728K)
[2026-04-03T03:35:12.994+0600][50.419s][info][gc             ] GC(182) Pause Young (Mixed) (G1 Evacuation Pause) 830M->411M(931M) 94.382ms
[2026-04-03T03:35:12.994+0600][50.419s][info][gc,cpu         ] GC(182) User=0.92s Sys=0.00s Real=0.10s
[2026-04-03T03:35:13.176+0600][50.602s][info][gc,start       ] GC(183) Pause Young (Concurrent Start) (G1 Humongous Allocation)
[2026-04-03T03:35:13.176+0600][50.602s][info][gc,task        ] GC(183) Using 10 workers of 10 for evacuation
[2026-04-03T03:35:13.249+0600][50.674s][info][gc,phases      ] GC(183)   Pre Evacuate Collection Set: 0.58ms
[2026-04-03T03:35:13.249+0600][50.674s][info][gc,phases      ] GC(183)   Merge Heap Roots: 0.68ms
[2026-04-03T03:35:13.249+0600][50.674s][info][gc,phases      ] GC(183)   Evacuate Collection Set: 69.74ms
[2026-04-03T03:35:13.249+0600][50.674s][info][gc,phases      ] GC(183)   Post Evacuate Collection Set: 1.27ms
[2026-04-03T03:35:13.249+0600][50.674s][info][gc,phases      ] GC(183)   Other: 0.32ms
[2026-04-03T03:35:13.249+0600][50.674s][info][gc,heap        ] GC(183) Eden regions: 30->0(422)
[2026-04-03T03:35:13.249+0600][50.674s][info][gc,heap        ] GC(183) Survivor regions: 52->30(57)
[2026-04-03T03:35:13.249+0600][50.674s][info][gc,heap        ] GC(183) Old regions: 271->294
[2026-04-03T03:35:13.249+0600][50.674s][info][gc,heap        ] GC(183) Humongous regions: 92->92
[2026-04-03T03:35:13.249+0600][50.674s][info][gc,metaspace   ] GC(183) Metaspace: 73101K(73984K)->73101K(73984K) NonClass: 63773K(64256K)->63773K(64256K) Class: 9327K(9728K)->9327K(9728K)
[2026-04-03T03:35:13.249+0600][50.674s][info][gc             ] GC(183) Pause Young (Concurrent Start) (G1 Humongous Allocation) 440M->413M(931M) 72.943ms
[2026-04-03T03:35:13.249+0600][50.675s][info][gc,cpu         ] GC(183) User=0.71s Sys=0.00s Real=0.07s
[2026-04-03T03:35:13.249+0600][50.675s][info][gc             ] GC(184) Concurrent Mark Cycle
[2026-04-03T03:35:13.249+0600][50.675s][info][gc,marking     ] GC(184) Concurrent Scan Root Regions
[2026-04-03T03:35:13.270+0600][50.695s][info][gc,marking     ] GC(184) Concurrent Scan Root Regions 20.415ms
[2026-04-03T03:35:13.270+0600][50.695s][info][gc,marking     ] GC(184) Concurrent Mark
[2026-04-03T03:35:13.270+0600][50.695s][info][gc,marking     ] GC(184) Concurrent Mark From Roots
[2026-04-03T03:35:13.270+0600][50.695s][info][gc,task        ] GC(184) Using 3 workers of 3 for marking
[2026-04-03T03:35:13.482+0600][50.907s][info][gc,marking     ] GC(184) Concurrent Mark From Roots 211.727ms
[2026-04-03T03:35:13.482+0600][50.907s][info][gc,marking     ] GC(184) Concurrent Preclean
[2026-04-03T03:35:13.482+0600][50.907s][info][gc,marking     ] GC(184) Concurrent Preclean 0.269ms
[2026-04-03T03:35:13.483+0600][50.908s][info][gc,start       ] GC(184) Pause Remark
[2026-04-03T03:35:13.489+0600][50.914s][info][gc             ] GC(184) Pause Remark 496M->370M(931M) 6.299ms
[2026-04-03T03:35:13.489+0600][50.914s][info][gc,cpu         ] GC(184) User=0.05s Sys=0.00s Real=0.00s
[2026-04-03T03:35:13.489+0600][50.915s][info][gc,marking     ] GC(184) Concurrent Mark 219.356ms
[2026-04-03T03:35:13.489+0600][50.915s][info][gc,marking     ] GC(184) Concurrent Rebuild Remembered Sets and Scrub Regions
[2026-04-03T03:35:13.777+0600][51.202s][info][gc,marking     ] GC(184) Concurrent Rebuild Remembered Sets and Scrub Regions 287.701ms
[2026-04-03T03:35:13.778+0600][51.203s][info][gc,start       ] GC(184) Pause Cleanup
[2026-04-03T03:35:13.778+0600][51.204s][info][gc             ] GC(184) Pause Cleanup 476M->476M(931M) 0.791ms
[2026-04-03T03:35:13.779+0600][51.204s][info][gc,cpu         ] GC(184) User=0.00s Sys=0.00s Real=0.00s
[2026-04-03T03:35:13.779+0600][51.204s][info][gc,marking     ] GC(184) Concurrent Clear Claimed Marks
[2026-04-03T03:35:13.779+0600][51.204s][info][gc,marking     ] GC(184) Concurrent Clear Claimed Marks 0.277ms
[2026-04-03T03:35:13.779+0600][51.204s][info][gc,marking     ] GC(184) Concurrent Cleanup for Next Mark
[2026-04-03T03:35:13.780+0600][51.205s][info][gc,marking     ] GC(184) Concurrent Cleanup for Next Mark 1.186ms
[2026-04-03T03:35:13.780+0600][51.206s][info][gc             ] GC(184) Concurrent Mark Cycle 530.872ms
[2026-04-03T03:35:14.061+0600][51.486s][info][gc,start       ] GC(185) Pause Young (Prepare Mixed) (G1 Evacuation Pause)
[2026-04-03T03:35:14.061+0600][51.487s][info][gc,task        ] GC(185) Using 10 workers of 10 for evacuation
[2026-04-03T03:35:14.164+0600][51.589s][info][gc,phases      ] GC(185)   Pre Evacuate Collection Set: 0.54ms
[2026-04-03T03:35:14.164+0600][51.589s][info][gc,phases      ] GC(185)   Merge Heap Roots: 3.11ms
[2026-04-03T03:35:14.164+0600][51.589s][info][gc,phases      ] GC(185)   Evacuate Collection Set: 96.94ms
[2026-04-03T03:35:14.164+0600][51.589s][info][gc,phases      ] GC(185)   Post Evacuate Collection Set: 1.48ms
[2026-04-03T03:35:14.164+0600][51.589s][info][gc,phases      ] GC(185)   Other: 0.17ms
[2026-04-03T03:35:14.164+0600][51.589s][info][gc,heap        ] GC(185) Eden regions: 422->0(289)
[2026-04-03T03:35:14.164+0600][51.589s][info][gc,heap        ] GC(185) Survivor regions: 30->57(57)
[2026-04-03T03:35:14.164+0600][51.589s][info][gc,heap        ] GC(185) Old regions: 231->301
[2026-04-03T03:35:14.164+0600][51.589s][info][gc,heap        ] GC(185) Humongous regions: 106->95
[2026-04-03T03:35:14.164+0600][51.589s][info][gc,metaspace   ] GC(185) Metaspace: 73146K(74048K)->73146K(74048K) NonClass: 63816K(64320K)->63816K(64320K) Class: 9329K(9728K)->9329K(9728K)
[2026-04-03T03:35:14.164+0600][51.589s][info][gc             ] GC(185) Pause Young (Prepare Mixed) (G1 Evacuation Pause) 786M->450M(931M) 102.660ms
[2026-04-03T03:35:14.164+0600][51.589s][info][gc,cpu         ] GC(185) User=1.01s Sys=0.01s Real=0.10s
[2026-04-03T03:35:14.434+0600][51.859s][info][gc,start       ] GC(186) Pause Young (Mixed) (G1 Evacuation Pause)
[2026-04-03T03:35:14.434+0600][51.859s][info][gc,task        ] GC(186) Using 10 workers of 10 for evacuation
[2026-04-03T03:35:14.526+0600][51.951s][info][gc,phases      ] GC(186)   Pre Evacuate Collection Set: 0.37ms
[2026-04-03T03:35:14.526+0600][51.951s][info][gc,phases      ] GC(186)   Merge Heap Roots: 1.26ms
[2026-04-03T03:35:14.526+0600][51.951s][info][gc,phases      ] GC(186)   Evacuate Collection Set: 89.27ms
[2026-04-03T03:35:14.526+0600][51.951s][info][gc,phases      ] GC(186)   Post Evacuate Collection Set: 0.88ms
[2026-04-03T03:35:14.526+0600][51.951s][info][gc,phases      ] GC(186)   Other: 0.16ms
[2026-04-03T03:35:14.526+0600][51.952s][info][gc,heap        ] GC(186) Eden regions: 336->0(305)
[2026-04-03T03:35:14.526+0600][51.952s][info][gc,heap        ] GC(186) Survivor regions: 57->38(50)
[2026-04-03T03:35:14.526+0600][51.952s][info][gc,heap        ] GC(186) Old regions: 301->358
[2026-04-03T03:35:14.526+0600][51.952s][info][gc,heap        ] GC(186) Humongous regions: 113->113
[2026-04-03T03:35:14.526+0600][51.952s][info][gc,metaspace   ] GC(186) Metaspace: 73146K(74048K)->73146K(74048K) NonClass: 63816K(64320K)->63816K(64320K) Class: 9329K(9728K)->9329K(9728K)
[2026-04-03T03:35:14.526+0600][51.952s][info][gc             ] GC(186) Pause Young (Mixed) (G1 Evacuation Pause) 804M->506M(931M) 92.263ms
[2026-04-03T03:35:14.526+0600][51.952s][info][gc,cpu         ] GC(186) User=0.90s Sys=0.00s Real=0.09s
[2026-04-03T03:35:14.814+0600][52.239s][info][gc,start       ] GC(187) Pause Young (Mixed) (G1 Evacuation Pause)
[2026-04-03T03:35:14.814+0600][52.239s][info][gc,task        ] GC(187) Using 10 workers of 10 for evacuation
[2026-04-03T03:35:14.872+0600][52.297s][info][gc,phases      ] GC(187)   Pre Evacuate Collection Set: 0.50ms
[2026-04-03T03:35:14.872+0600][52.297s][info][gc,phases      ] GC(187)   Merge Heap Roots: 0.83ms
[2026-04-03T03:35:14.872+0600][52.297s][info][gc,phases      ] GC(187)   Evacuate Collection Set: 54.22ms
[2026-04-03T03:35:14.872+0600][52.297s][info][gc,phases      ] GC(187)   Post Evacuate Collection Set: 2.23ms
[2026-04-03T03:35:14.872+0600][52.297s][info][gc,phases      ] GC(187)   Other: 0.13ms
[2026-04-03T03:35:14.872+0600][52.297s][info][gc,heap        ] GC(187) Eden regions: 305->0(413)
[2026-04-03T03:35:14.872+0600][52.297s][info][gc,heap        ] GC(187) Survivor regions: 38->26(43)
[2026-04-03T03:35:14.872+0600][52.297s][info][gc,heap        ] GC(187) Old regions: 358->386
[2026-04-03T03:35:14.872+0600][52.297s][info][gc,heap        ] GC(187) Humongous regions: 128->128
[2026-04-03T03:35:14.872+0600][52.297s][info][gc,metaspace   ] GC(187) Metaspace: 73146K(74048K)->73146K(74048K) NonClass: 63816K(64320K)->63816K(64320K) Class: 9329K(9728K)->9329K(9728K)
[2026-04-03T03:35:14.872+0600][52.297s][info][gc             ] GC(187) Pause Young (Mixed) (G1 Evacuation Pause) 826M->537M(1095M) 58.225ms
[2026-04-03T03:35:14.872+0600][52.298s][info][gc,cpu         ] GC(187) User=0.55s Sys=0.00s Real=0.06s
[2026-04-03T03:35:15.322+0600][52.748s][info][gc,start       ] GC(188) Pause Young (Concurrent Start) (G1 Evacuation Pause)
[2026-04-03T03:35:15.322+0600][52.748s][info][gc,task        ] GC(188) Using 10 workers of 10 for evacuation
[2026-04-03T03:35:15.367+0600][52.792s][info][gc,phases      ] GC(188)   Pre Evacuate Collection Set: 0.54ms
[2026-04-03T03:35:15.367+0600][52.792s][info][gc,phases      ] GC(188)   Merge Heap Roots: 0.36ms
[2026-04-03T03:35:15.367+0600][52.792s][info][gc,phases      ] GC(188)   Evacuate Collection Set: 42.48ms
[2026-04-03T03:35:15.367+0600][52.792s][info][gc,phases      ] GC(188)   Post Evacuate Collection Set: 1.07ms
[2026-04-03T03:35:15.367+0600][52.792s][info][gc,phases      ] GC(188)   Other: 0.25ms
[2026-04-03T03:35:15.367+0600][52.792s][info][gc,heap        ] GC(188) Eden regions: 413->0(412)
[2026-04-03T03:35:15.367+0600][52.792s][info][gc,heap        ] GC(188) Survivor regions: 26->45(55)
[2026-04-03T03:35:15.367+0600][52.792s][info][gc,heap        ] GC(188) Old regions: 386->386
[2026-04-03T03:35:15.367+0600][52.792s][info][gc,heap        ] GC(188) Humongous regions: 128->128
[2026-04-03T03:35:15.367+0600][52.792s][info][gc,metaspace   ] GC(188) Metaspace: 73146K(74048K)->73146K(74048K) NonClass: 63816K(64320K)->63816K(64320K) Class: 9329K(9728K)->9329K(9728K)
[2026-04-03T03:35:15.367+0600][52.793s][info][gc             ] GC(188) Pause Young (Concurrent Start) (G1 Evacuation Pause) 950M->556M(1095M) 45.018ms
[2026-04-03T03:35:15.367+0600][52.793s][info][gc,cpu         ] GC(188) User=0.42s Sys=0.00s Real=0.04s
[2026-04-03T03:35:15.367+0600][52.793s][info][gc             ] GC(189) Concurrent Mark Cycle
[2026-04-03T03:35:15.367+0600][52.793s][info][gc,marking     ] GC(189) Concurrent Scan Root Regions
[2026-04-03T03:35:15.387+0600][52.812s][info][gc,marking     ] GC(189) Concurrent Scan Root Regions 19.524ms
[2026-04-03T03:35:15.387+0600][52.812s][info][gc,marking     ] GC(189) Concurrent Mark
[2026-04-03T03:35:15.387+0600][52.812s][info][gc,marking     ] GC(189) Concurrent Mark From Roots
[2026-04-03T03:35:15.387+0600][52.812s][info][gc,task        ] GC(189) Using 3 workers of 3 for marking
[2026-04-03T03:35:15.693+0600][53.118s][info][gc,marking     ] GC(189) Concurrent Mark From Roots 305.961ms
[2026-04-03T03:35:15.693+0600][53.118s][info][gc,marking     ] GC(189) Concurrent Preclean
[2026-04-03T03:35:15.693+0600][53.119s][info][gc,marking     ] GC(189) Concurrent Preclean 0.219ms
[2026-04-03T03:35:15.694+0600][53.119s][info][gc,start       ] GC(189) Pause Remark
[2026-04-03T03:35:15.699+0600][53.124s][info][gc             ] GC(189) Pause Remark 772M->616M(1095M) 5.260ms
[2026-04-03T03:35:15.699+0600][53.125s][info][gc,cpu         ] GC(189) User=0.03s Sys=0.00s Real=0.00s
[2026-04-03T03:35:15.699+0600][53.125s][info][gc,marking     ] GC(189) Concurrent Mark 312.388ms
[2026-04-03T03:35:15.700+0600][53.125s][info][gc,marking     ] GC(189) Concurrent Rebuild Remembered Sets and Scrub Regions
[2026-04-03T03:35:16.058+0600][53.483s][info][gc,marking     ] GC(189) Concurrent Rebuild Remembered Sets and Scrub Regions 358.592ms
[2026-04-03T03:35:16.059+0600][53.484s][info][gc,start       ] GC(189) Pause Cleanup
[2026-04-03T03:35:16.059+0600][53.485s][info][gc             ] GC(189) Pause Cleanup 628M->628M(1095M) 0.649ms
[2026-04-03T03:35:16.059+0600][53.485s][info][gc,cpu         ] GC(189) User=0.00s Sys=0.00s Real=0.00s
[2026-04-03T03:35:16.060+0600][53.485s][info][gc,marking     ] GC(189) Concurrent Clear Claimed Marks
[2026-04-03T03:35:16.060+0600][53.485s][info][gc,marking     ] GC(189) Concurrent Clear Claimed Marks 0.308ms
[2026-04-03T03:35:16.060+0600][53.485s][info][gc,marking     ] GC(189) Concurrent Cleanup for Next Mark
[2026-04-03T03:35:16.062+0600][53.487s][info][gc,marking     ] GC(189) Concurrent Cleanup for Next Mark 2.072ms
[2026-04-03T03:35:16.062+0600][53.487s][info][gc             ] GC(189) Concurrent Mark Cycle 694.784ms
[2026-04-03T03:35:16.878+0600][54.304s][info][gc,start       ] GC(190) Pause Young (Prepare Mixed) (G1 Evacuation Pause)
[2026-04-03T03:35:16.879+0600][54.304s][info][gc,task        ] GC(190) Using 10 workers of 10 for evacuation
[2026-04-03T03:35:17.010+0600][54.435s][info][gc,phases      ] GC(190)   Pre Evacuate Collection Set: 0.71ms
[2026-04-03T03:35:17.010+0600][54.435s][info][gc,phases      ] GC(190)   Merge Heap Roots: 4.04ms
[2026-04-03T03:35:17.010+0600][54.436s][info][gc,phases      ] GC(190)   Evacuate Collection Set: 125.10ms
[2026-04-03T03:35:17.010+0600][54.436s][info][gc,phases      ] GC(190)   Post Evacuate Collection Set: 1.43ms
[2026-04-03T03:35:17.010+0600][54.436s][info][gc,phases      ] GC(190)   Other: 0.22ms
[2026-04-03T03:35:17.010+0600][54.436s][info][gc,heap        ] GC(190) Eden regions: 412->0(438)
[2026-04-03T03:35:17.010+0600][54.436s][info][gc,heap        ] GC(190) Survivor regions: 45->58(58)
[2026-04-03T03:35:17.010+0600][54.436s][info][gc,heap        ] GC(190) Old regions: 317->348
[2026-04-03T03:35:17.010+0600][54.436s][info][gc,heap        ] GC(190) Humongous regions: 127->116
[2026-04-03T03:35:17.010+0600][54.436s][info][gc,metaspace   ] GC(190) Metaspace: 73187K(74112K)->73187K(74112K) NonClass: 63857K(64384K)->63857K(64384K) Class: 9329K(9728K)->9329K(9728K)
[2026-04-03T03:35:17.010+0600][54.436s][info][gc             ] GC(190) Pause Young (Prepare Mixed) (G1 Evacuation Pause) 898M->518M(1095M) 131.917ms
[2026-04-03T03:35:17.010+0600][54.436s][info][gc,cpu         ] GC(190) User=1.29s Sys=0.00s Real=0.14s
[2026-04-03T03:35:17.593+0600][55.019s][info][gc,start       ] GC(191) Pause Young (Mixed) (G1 Evacuation Pause)
[2026-04-03T03:35:17.593+0600][55.019s][info][gc,task        ] GC(191) Using 10 workers of 10 for evacuation
[2026-04-03T03:35:17.727+0600][55.153s][info][gc,phases      ] GC(191)   Pre Evacuate Collection Set: 0.46ms
[2026-04-03T03:35:17.727+0600][55.153s][info][gc,phases      ] GC(191)   Merge Heap Roots: 2.18ms
[2026-04-03T03:35:17.727+0600][55.153s][info][gc,phases      ] GC(191)   Evacuate Collection Set: 129.87ms
[2026-04-03T03:35:17.727+0600][55.153s][info][gc,phases      ] GC(191)   Post Evacuate Collection Set: 1.21ms
[2026-04-03T03:35:17.727+0600][55.153s][info][gc,phases      ] GC(191)   Other: 0.17ms
[2026-04-03T03:35:17.727+0600][55.153s][info][gc,heap        ] GC(191) Eden regions: 330->0(351)
[2026-04-03T03:35:17.727+0600][55.153s][info][gc,heap        ] GC(191) Survivor regions: 58->49(49)
[2026-04-03T03:35:17.727+0600][55.153s][info][gc,heap        ] GC(191) Old regions: 348->388
[2026-04-03T03:35:17.727+0600][55.153s][info][gc,heap        ] GC(191) Humongous regions: 189->167
[2026-04-03T03:35:17.727+0600][55.153s][info][gc,metaspace   ] GC(191) Metaspace: 73271K(74176K)->73271K(74176K) NonClass: 63940K(64448K)->63940K(64448K) Class: 9330K(9728K)->9330K(9728K)
[2026-04-03T03:35:17.728+0600][55.153s][info][gc             ] GC(191) Pause Young (Mixed) (G1 Evacuation Pause) 921M->601M(1095M) 134.265ms
[2026-04-03T03:35:17.728+0600][55.153s][info][gc,cpu         ] GC(191) User=1.32s Sys=0.00s Real=0.13s
[2026-04-03T03:35:17.781+0600][55.206s][info][gc,start       ] GC(192) Pause Young (Concurrent Start) (G1 Humongous Allocation)
[2026-04-03T03:35:17.781+0600][55.206s][info][gc,task        ] GC(192) Using 10 workers of 10 for evacuation
[2026-04-03T03:35:17.829+0600][55.254s][info][gc,phases      ] GC(192)   Pre Evacuate Collection Set: 0.56ms
[2026-04-03T03:35:17.829+0600][55.254s][info][gc,phases      ] GC(192)   Merge Heap Roots: 0.37ms
[2026-04-03T03:35:17.829+0600][55.254s][info][gc,phases      ] GC(192)   Evacuate Collection Set: 46.16ms
[2026-04-03T03:35:17.829+0600][55.254s][info][gc,phases      ] GC(192)   Post Evacuate Collection Set: 0.55ms
[2026-04-03T03:35:17.829+0600][55.254s][info][gc,phases      ] GC(192)   Other: 0.27ms
[2026-04-03T03:35:17.829+0600][55.254s][info][gc,heap        ] GC(192) Eden regions: 20->0(306)
[2026-04-03T03:35:17.829+0600][55.254s][info][gc,heap        ] GC(192) Survivor regions: 49->9(50)
[2026-04-03T03:35:17.829+0600][55.254s][info][gc,heap        ] GC(192) Old regions: 388->438
[2026-04-03T03:35:17.829+0600][55.254s][info][gc,heap        ] GC(192) Humongous regions: 167->167
[2026-04-03T03:35:17.829+0600][55.254s][info][gc,metaspace   ] GC(192) Metaspace: 73273K(74176K)->73273K(74176K) NonClass: 63942K(64448K)->63942K(64448K) Class: 9330K(9728K)->9330K(9728K)
[2026-04-03T03:35:17.829+0600][55.254s][info][gc             ] GC(192) Pause Young (Concurrent Start) (G1 Humongous Allocation) 621M->611M(1095M) 48.267ms
[2026-04-03T03:35:17.829+0600][55.254s][info][gc             ] GC(193) Concurrent Mark Cycle
[2026-04-03T03:35:17.829+0600][55.254s][info][gc,marking     ] GC(193) Concurrent Scan Root Regions
[2026-04-03T03:35:17.829+0600][55.254s][info][gc,cpu         ] GC(192) User=0.46s Sys=0.01s Real=0.04s
[2026-04-03T03:35:17.843+0600][55.268s][info][gc,marking     ] GC(193) Concurrent Scan Root Regions 13.806ms
[2026-04-03T03:35:17.843+0600][55.268s][info][gc,marking     ] GC(193) Concurrent Mark
[2026-04-03T03:35:17.843+0600][55.268s][info][gc,marking     ] GC(193) Concurrent Mark From Roots
[2026-04-03T03:35:17.843+0600][55.268s][info][gc,task        ] GC(193) Using 3 workers of 3 for marking
[2026-04-03T03:35:18.009+0600][55.434s][info][gc,marking     ] GC(193) Concurrent Mark From Roots 165.910ms
[2026-04-03T03:35:18.009+0600][55.434s][info][gc,marking     ] GC(193) Concurrent Preclean
[2026-04-03T03:35:18.009+0600][55.434s][info][gc,marking     ] GC(193) Concurrent Preclean 0.210ms
[2026-04-03T03:35:18.009+0600][55.435s][info][gc,start       ] GC(193) Pause Remark
[2026-04-03T03:35:18.015+0600][55.440s][info][gc             ] GC(193) Pause Remark 663M->322M(960M) 5.581ms
[2026-04-03T03:35:18.015+0600][55.440s][info][gc,cpu         ] GC(193) User=0.03s Sys=0.00s Real=0.01s
[2026-04-03T03:35:18.015+0600][55.441s][info][gc,marking     ] GC(193) Concurrent Mark 172.478ms
[2026-04-03T03:35:18.015+0600][55.441s][info][gc,marking     ] GC(193) Concurrent Rebuild Remembered Sets and Scrub Regions
[2026-04-03T03:35:18.152+0600][55.577s][info][gc,marking     ] GC(193) Concurrent Rebuild Remembered Sets and Scrub Regions 136.033ms
[2026-04-03T03:35:18.152+0600][55.577s][info][gc,start       ] GC(193) Pause Cleanup
[2026-04-03T03:35:18.152+0600][55.578s][info][gc             ] GC(193) Pause Cleanup 376M->376M(960M) 0.559ms
[2026-04-03T03:35:18.153+0600][55.578s][info][gc,cpu         ] GC(193) User=0.00s Sys=0.00s Real=0.00s
[2026-04-03T03:35:18.153+0600][55.578s][info][gc,marking     ] GC(193) Concurrent Clear Claimed Marks
[2026-04-03T03:35:18.153+0600][55.578s][info][gc,marking     ] GC(193) Concurrent Clear Claimed Marks 0.250ms
[2026-04-03T03:35:18.153+0600][55.578s][info][gc,marking     ] GC(193) Concurrent Cleanup for Next Mark
[2026-04-03T03:35:18.154+0600][55.580s][info][gc,marking     ] GC(193) Concurrent Cleanup for Next Mark 1.246ms
[2026-04-03T03:35:18.155+0600][55.580s][info][gc             ] GC(193) Concurrent Mark Cycle 325.593ms
[2026-04-03T03:35:18.436+0600][55.861s][info][gc,start       ] GC(194) Pause Young (Prepare Mixed) (G1 Evacuation Pause)
[2026-04-03T03:35:18.436+0600][55.862s][info][gc,task        ] GC(194) Using 10 workers of 10 for evacuation
[2026-04-03T03:35:18.461+0600][55.886s][info][gc,phases      ] GC(194)   Pre Evacuate Collection Set: 0.51ms
[2026-04-03T03:35:18.461+0600][55.886s][info][gc,phases      ] GC(194)   Merge Heap Roots: 1.12ms
[2026-04-03T03:35:18.461+0600][55.886s][info][gc,phases      ] GC(194)   Evacuate Collection Set: 21.54ms
[2026-04-03T03:35:18.461+0600][55.886s][info][gc,phases      ] GC(194)   Post Evacuate Collection Set: 1.18ms
[2026-04-03T03:35:18.461+0600][55.886s][info][gc,phases      ] GC(194)   Other: 0.11ms
[2026-04-03T03:35:18.461+0600][55.886s][info][gc,heap        ] GC(194) Eden regions: 306->0(425)
[2026-04-03T03:35:18.461+0600][55.886s][info][gc,heap        ] GC(194) Survivor regions: 9->30(40)
[2026-04-03T03:35:18.461+0600][55.886s][info][gc,heap        ] GC(194) Old regions: 244->244
[2026-04-03T03:35:18.461+0600][55.886s][info][gc,heap        ] GC(194) Humongous regions: 49->38
[2026-04-03T03:35:18.461+0600][55.886s][info][gc,metaspace   ] GC(194) Metaspace: 73308K(74240K)->73308K(74240K) NonClass: 63977K(64512K)->63977K(64512K) Class: 9330K(9728K)->9330K(9728K)
[2026-04-03T03:35:18.461+0600][55.886s][info][gc             ] GC(194) Pause Young (Prepare Mixed) (G1 Evacuation Pause) 605M->308M(960M) 24.837ms
[2026-04-03T03:35:18.461+0600][55.886s][info][gc,cpu         ] GC(194) User=0.23s Sys=0.00s Real=0.03s
[2026-04-03T03:35:19.169+0600][56.594s][info][gc,start       ] GC(195) Pause Young (Mixed) (G1 Evacuation Pause)
[2026-04-03T03:35:19.169+0600][56.594s][info][gc,task        ] GC(195) Using 10 workers of 10 for evacuation
[2026-04-03T03:35:19.331+0600][56.756s][info][gc,phases      ] GC(195)   Pre Evacuate Collection Set: 0.38ms
[2026-04-03T03:35:19.331+0600][56.756s][info][gc,phases      ] GC(195)   Merge Heap Roots: 0.50ms
[2026-04-03T03:35:19.331+0600][56.756s][info][gc,phases      ] GC(195)   Evacuate Collection Set: 158.57ms
[2026-04-03T03:35:19.331+0600][56.756s][info][gc,phases      ] GC(195)   Post Evacuate Collection Set: 2.59ms
[2026-04-03T03:35:19.331+0600][56.756s][info][gc,phases      ] GC(195)   Other: 0.15ms
[2026-04-03T03:35:19.331+0600][56.756s][info][gc,heap        ] GC(195) Eden regions: 425->0(434)
[2026-04-03T03:35:19.331+0600][56.757s][info][gc,heap        ] GC(195) Survivor regions: 30->57(57)
[2026-04-03T03:35:19.331+0600][56.757s][info][gc,heap        ] GC(195) Old regions: 244->264
[2026-04-03T03:35:19.331+0600][56.757s][info][gc,heap        ] GC(195) Humongous regions: 161->132
[2026-04-03T03:35:19.331+0600][56.757s][info][gc,metaspace   ] GC(195) Metaspace: 73321K(74240K)->73321K(74240K) NonClass: 63990K(64512K)->63990K(64512K) Class: 9330K(9728K)->9330K(9728K)
[2026-04-03T03:35:19.331+0600][56.757s][info][gc             ] GC(195) Pause Young (Mixed) (G1 Evacuation Pause) 856M->449M(1096M) 162.536ms
[2026-04-03T03:35:19.331+0600][56.757s][info][gc,cpu         ] GC(195) User=1.59s Sys=0.01s Real=0.17s
[2026-04-03T03:35:19.340+0600][56.765s][info][gc,start       ] GC(196) Pause Young (Concurrent Start) (G1 Humongous Allocation)
[2026-04-03T03:35:19.340+0600][56.765s][info][gc,task        ] GC(196) Using 10 workers of 10 for evacuation
[2026-04-03T03:35:19.408+0600][56.833s][info][gc,phases      ] GC(196)   Pre Evacuate Collection Set: 0.58ms
[2026-04-03T03:35:19.408+0600][56.834s][info][gc,phases      ] GC(196)   Merge Heap Roots: 0.42ms
[2026-04-03T03:35:19.408+0600][56.834s][info][gc,phases      ] GC(196)   Evacuate Collection Set: 65.89ms
[2026-04-03T03:35:19.408+0600][56.834s][info][gc,phases      ] GC(196)   Post Evacuate Collection Set: 0.85ms
[2026-04-03T03:35:19.408+0600][56.834s][info][gc,phases      ] GC(196)   Other: 0.31ms
[2026-04-03T03:35:19.408+0600][56.834s][info][gc,heap        ] GC(196) Eden regions: 5->0(456)
[2026-04-03T03:35:19.408+0600][56.834s][info][gc,heap        ] GC(196) Survivor regions: 57->34(62)
[2026-04-03T03:35:19.408+0600][56.834s][info][gc,heap        ] GC(196) Old regions: 264->292
[2026-04-03T03:35:19.408+0600][56.834s][info][gc,heap        ] GC(196) Humongous regions: 132->132
[2026-04-03T03:35:19.408+0600][56.834s][info][gc,metaspace   ] GC(196) Metaspace: 73321K(74240K)->73321K(74240K) NonClass: 63990K(64512K)->63990K(64512K) Class: 9330K(9728K)->9330K(9728K)
[2026-04-03T03:35:19.408+0600][56.834s][info][gc             ] GC(196) Pause Young (Concurrent Start) (G1 Humongous Allocation) 454M->454M(1096M) 68.410ms
[2026-04-03T03:35:19.409+0600][56.834s][info][gc,cpu         ] GC(196) User=0.66s Sys=0.00s Real=0.06s
[2026-04-03T03:35:19.409+0600][56.834s][info][gc             ] GC(197) Concurrent Mark Cycle
[2026-04-03T03:35:19.409+0600][56.834s][info][gc,marking     ] GC(197) Concurrent Scan Root Regions
[2026-04-03T03:35:19.425+0600][56.850s][info][gc,marking     ] GC(197) Concurrent Scan Root Regions 16.509ms
[2026-04-03T03:35:19.425+0600][56.851s][info][gc,marking     ] GC(197) Concurrent Mark
[2026-04-03T03:35:19.425+0600][56.851s][info][gc,marking     ] GC(197) Concurrent Mark From Roots
[2026-04-03T03:35:19.425+0600][56.851s][info][gc,task        ] GC(197) Using 3 workers of 3 for marking
[2026-04-03T03:35:19.570+0600][56.996s][info][gc,marking     ] GC(197) Concurrent Mark From Roots 145.105ms
[2026-04-03T03:35:19.571+0600][56.996s][info][gc,marking     ] GC(197) Concurrent Preclean
[2026-04-03T03:35:19.571+0600][56.996s][info][gc,marking     ] GC(197) Concurrent Preclean 0.239ms
[2026-04-03T03:35:19.571+0600][56.996s][info][gc,start       ] GC(197) Pause Remark
[2026-04-03T03:35:19.576+0600][57.001s][info][gc             ] GC(197) Pause Remark 580M->469M(1096M) 4.750ms
[2026-04-03T03:35:19.576+0600][57.001s][info][gc,cpu         ] GC(197) User=0.03s Sys=0.01s Real=0.00s
[2026-04-03T03:35:19.576+0600][57.002s][info][gc,marking     ] GC(197) Concurrent Mark 151.074ms
[2026-04-03T03:35:19.576+0600][57.002s][info][gc,marking     ] GC(197) Concurrent Rebuild Remembered Sets and Scrub Regions
[2026-04-03T03:35:19.653+0600][57.078s][info][gc,marking     ] GC(197) Concurrent Rebuild Remembered Sets and Scrub Regions 76.548ms
[2026-04-03T03:35:19.653+0600][57.079s][info][gc,start       ] GC(197) Pause Cleanup
[2026-04-03T03:35:19.654+0600][57.079s][info][gc             ] GC(197) Pause Cleanup 513M->513M(1096M) 0.403ms
[2026-04-03T03:35:19.654+0600][57.079s][info][gc,cpu         ] GC(197) User=0.00s Sys=0.00s Real=0.00s
[2026-04-03T03:35:19.654+0600][57.079s][info][gc,marking     ] GC(197) Concurrent Clear Claimed Marks
[2026-04-03T03:35:19.654+0600][57.079s][info][gc,marking     ] GC(197) Concurrent Clear Claimed Marks 0.202ms
[2026-04-03T03:35:19.654+0600][57.079s][info][gc,marking     ] GC(197) Concurrent Cleanup for Next Mark
[2026-04-03T03:35:19.656+0600][57.081s][info][gc,marking     ] GC(197) Concurrent Cleanup for Next Mark 1.841ms
[2026-04-03T03:35:19.656+0600][57.081s][info][gc             ] GC(197) Concurrent Mark Cycle 247.507ms
[2026-04-03T03:35:19.999+0600][57.424s][info][gc,start       ] GC(198) Pause Young (Prepare Mixed) (G1 Evacuation Pause)
[2026-04-03T03:35:19.999+0600][57.424s][info][gc,task        ] GC(198) Using 10 workers of 10 for evacuation
[2026-04-03T03:35:20.050+0600][57.476s][info][gc,phases      ] GC(198)   Pre Evacuate Collection Set: 0.47ms
[2026-04-03T03:35:20.050+0600][57.476s][info][gc,phases      ] GC(198)   Merge Heap Roots: 0.44ms
[2026-04-03T03:35:20.050+0600][57.476s][info][gc,phases      ] GC(198)   Evacuate Collection Set: 49.18ms
[2026-04-03T03:35:20.050+0600][57.476s][info][gc,phases      ] GC(198)   Post Evacuate Collection Set: 1.20ms
[2026-04-03T03:35:20.050+0600][57.476s][info][gc,phases      ] GC(198)   Other: 0.12ms
[2026-04-03T03:35:20.050+0600][57.476s][info][gc,heap        ] GC(198) Eden regions: 456->0(229)
[2026-04-03T03:35:20.050+0600][57.476s][info][gc,heap        ] GC(198) Survivor regions: 34->54(62)
[2026-04-03T03:35:20.050+0600][57.476s][info][gc,heap        ] GC(198) Old regions: 248->265
[2026-04-03T03:35:20.050+0600][57.476s][info][gc,heap        ] GC(198) Humongous regions: 212->110
[2026-04-03T03:35:20.050+0600][57.476s][info][gc,metaspace   ] GC(198) Metaspace: 73358K(74240K)->73358K(74240K) NonClass: 64027K(64512K)->64027K(64512K) Class: 9330K(9728K)->9330K(9728K)
[2026-04-03T03:35:20.051+0600][57.476s][info][gc             ] GC(198) Pause Young (Prepare Mixed) (G1 Evacuation Pause) 947M->426M(1096M) 51.745ms
[2026-04-03T03:35:20.051+0600][57.476s][info][gc,cpu         ] GC(198) User=0.54s Sys=0.00s Real=0.06s
[2026-04-03T03:35:20.835+0600][58.260s][info][gc,heap,exit   ] Heap
[2026-04-03T03:35:20.835+0600][58.260s][info][gc,heap,exit   ]  garbage-first heap   total 1122304K, used 880712K [0x0000000092a00000, 0x0000000100000000)
[2026-04-03T03:35:20.835+0600][58.260s][info][gc,heap,exit   ]   region size 1024K, 479 young (490496K), 54 survivors (55296K)
[2026-04-03T03:35:20.835+0600][58.260s][info][gc,heap,exit   ]  Metaspace       used 73858K, committed 74752K, reserved 1179648K
[2026-04-03T03:35:20.835+0600][58.260s][info][gc,heap,exit   ]   class space    used 9427K, committed 9856K, reserved 1048576K
