[2026-04-03T03:25:51.679+0600][0.004s][info][gc,init] CardTable entry size: 512
[2026-04-03T03:25:51.679+0600][0.005s][info][gc     ] Using G1
[2026-04-03T03:25:51.683+0600][0.009s][info][gc,init] Version: 21.0.10+7-Ubuntu-124.04 (release)
[2026-04-03T03:25:51.683+0600][0.009s][info][gc,init] CPUs: 12 total, 12 available
[2026-04-03T03:25:51.683+0600][0.009s][info][gc,init] Memory: 15683M
[2026-04-03T03:25:51.683+0600][0.009s][info][gc,init] Large Page Support: Disabled
[2026-04-03T03:25:51.683+0600][0.009s][info][gc,init] NUMA Support: Disabled
[2026-04-03T03:25:51.683+0600][0.009s][info][gc,init] Compressed Oops: Enabled (32-bit)
[2026-04-03T03:25:51.683+0600][0.009s][info][gc,init] Heap Region Size: 1M
[2026-04-03T03:25:51.683+0600][0.009s][info][gc,init] Heap Min Capacity: 8M
[2026-04-03T03:25:51.683+0600][0.009s][info][gc,init] Heap Initial Capacity: 246M
[2026-04-03T03:25:51.683+0600][0.009s][info][gc,init] Heap Max Capacity: 1250M
[2026-04-03T03:25:51.683+0600][0.009s][info][gc,init] Pre-touch: Disabled
[2026-04-03T03:25:51.683+0600][0.009s][info][gc,init] Parallel Workers: 10
[2026-04-03T03:25:51.683+0600][0.009s][info][gc,init] Concurrent Workers: 3
[2026-04-03T03:25:51.683+0600][0.009s][info][gc,init] Concurrent Refinement Workers: 10
[2026-04-03T03:25:51.683+0600][0.009s][info][gc,init] Periodic GC: Disabled
[2026-04-03T03:25:51.693+0600][0.019s][info][gc,metaspace] CDS archive(s) mapped at: [0x0000787f17000000-0x0000787f17c9c000-0x0000787f17c9c000), size 13221888, SharedBaseAddress: 0x0000787f17000000, ArchiveRelocationMode: 1.
[2026-04-03T03:25:51.693+0600][0.019s][info][gc,metaspace] Compressed class space mapped at: 0x0000787f18000000-0x0000787f58000000, reserved size: 1073741824
[2026-04-03T03:25:51.693+0600][0.019s][info][gc,metaspace] Narrow klass base: 0x0000787f17000000, Narrow klass shift: 0, Narrow klass range: 0x100000000
[2026-04-03T03:25:52.051+0600][0.377s][info][gc,start    ] GC(0) Pause Young (Normal) (G1 Evacuation Pause)
[2026-04-03T03:25:52.052+0600][0.378s][info][gc,task     ] GC(0) Using 5 workers of 10 for evacuation
[2026-04-03T03:25:52.055+0600][0.381s][info][gc,phases   ] GC(0)   Pre Evacuate Collection Set: 0.16ms
[2026-04-03T03:25:52.055+0600][0.381s][info][gc,phases   ] GC(0)   Merge Heap Roots: 0.10ms
[2026-04-03T03:25:52.055+0600][0.381s][info][gc,phases   ] GC(0)   Evacuate Collection Set: 1.96ms
[2026-04-03T03:25:52.055+0600][0.381s][info][gc,phases   ] GC(0)   Post Evacuate Collection Set: 0.56ms
[2026-04-03T03:25:52.055+0600][0.381s][info][gc,phases   ] GC(0)   Other: 1.24ms
[2026-04-03T03:25:52.055+0600][0.381s][info][gc,heap     ] GC(0) Eden regions: 23->0(46)
[2026-04-03T03:25:52.055+0600][0.381s][info][gc,heap     ] GC(0) Survivor regions: 0->3(3)
[2026-04-03T03:25:52.055+0600][0.381s][info][gc,heap     ] GC(0) Old regions: 2->2
[2026-04-03T03:25:52.055+0600][0.381s][info][gc,heap     ] GC(0) Humongous regions: 0->0
[2026-04-03T03:25:52.055+0600][0.381s][info][gc,metaspace] GC(0) Metaspace: 2598K(2752K)->2598K(2752K) NonClass: 2364K(2432K)->2364K(2432K) Class: 233K(320K)->233K(320K)
[2026-04-03T03:25:52.055+0600][0.381s][info][gc          ] GC(0) Pause Young (Normal) (G1 Evacuation Pause) 24M->3M(248M) 4.364ms
[2026-04-03T03:25:52.055+0600][0.381s][info][gc,cpu      ] GC(0) User=0.02s Sys=0.00s Real=0.00s
[2026-04-03T03:25:52.196+0600][0.522s][info][gc,start    ] GC(1) Pause Young (Normal) (G1 Evacuation Pause)
[2026-04-03T03:25:52.197+0600][0.522s][info][gc,task     ] GC(1) Using 5 workers of 10 for evacuation
[2026-04-03T03:25:52.199+0600][0.525s][info][gc,phases   ] GC(1)   Pre Evacuate Collection Set: 0.28ms
[2026-04-03T03:25:52.199+0600][0.525s][info][gc,phases   ] GC(1)   Merge Heap Roots: 0.12ms
[2026-04-03T03:25:52.199+0600][0.525s][info][gc,phases   ] GC(1)   Evacuate Collection Set: 1.56ms
[2026-04-03T03:25:52.199+0600][0.525s][info][gc,phases   ] GC(1)   Post Evacuate Collection Set: 0.48ms
[2026-04-03T03:25:52.199+0600][0.525s][info][gc,phases   ] GC(1)   Other: 0.10ms
[2026-04-03T03:25:52.199+0600][0.525s][info][gc,heap     ] GC(1) Eden regions: 46->0(144)
[2026-04-03T03:25:52.199+0600][0.525s][info][gc,heap     ] GC(1) Survivor regions: 3->3(7)
[2026-04-03T03:25:52.199+0600][0.525s][info][gc,heap     ] GC(1) Old regions: 2->2
[2026-04-03T03:25:52.199+0600][0.525s][info][gc,heap     ] GC(1) Humongous regions: 0->0
[2026-04-03T03:25:52.199+0600][0.525s][info][gc,metaspace] GC(1) Metaspace: 3949K(4096K)->3949K(4096K) NonClass: 3501K(3584K)->3501K(3584K) Class: 448K(512K)->448K(512K)
[2026-04-03T03:25:52.199+0600][0.525s][info][gc          ] GC(1) Pause Young (Normal) (G1 Evacuation Pause) 49M->3M(248M) 2.796ms
[2026-04-03T03:25:52.199+0600][0.525s][info][gc,cpu      ] GC(1) User=0.01s Sys=0.00s Real=0.00s
[2026-04-03T03:25:52.742+0600][1.068s][info][gc,start    ] GC(2) Pause Young (Normal) (G1 Evacuation Pause)
[2026-04-03T03:25:52.742+0600][1.068s][info][gc,task     ] GC(2) Using 5 workers of 10 for evacuation
[2026-04-03T03:25:52.746+0600][1.071s][info][gc,phases   ] GC(2)   Pre Evacuate Collection Set: 0.31ms
[2026-04-03T03:25:52.746+0600][1.071s][info][gc,phases   ] GC(2)   Merge Heap Roots: 0.12ms
[2026-04-03T03:25:52.746+0600][1.071s][info][gc,phases   ] GC(2)   Evacuate Collection Set: 2.33ms
[2026-04-03T03:25:52.746+0600][1.071s][info][gc,phases   ] GC(2)   Post Evacuate Collection Set: 0.53ms
[2026-04-03T03:25:52.746+0600][1.071s][info][gc,phases   ] GC(2)   Other: 0.10ms
[2026-04-03T03:25:52.746+0600][1.071s][info][gc,heap     ] GC(2) Eden regions: 144->0(143)
[2026-04-03T03:25:52.746+0600][1.071s][info][gc,heap     ] GC(2) Survivor regions: 3->4(19)
[2026-04-03T03:25:52.746+0600][1.071s][info][gc,heap     ] GC(2) Old regions: 2->2
[2026-04-03T03:25:52.746+0600][1.071s][info][gc,heap     ] GC(2) Humongous regions: 0->0
[2026-04-03T03:25:52.746+0600][1.071s][info][gc,metaspace] GC(2) Metaspace: 10109K(10368K)->10109K(10368K) NonClass: 8850K(9024K)->8850K(9024K) Class: 1259K(1344K)->1259K(1344K)
[2026-04-03T03:25:52.746+0600][1.071s][info][gc          ] GC(2) Pause Young (Normal) (G1 Evacuation Pause) 147M->4M(248M) 3.616ms
[2026-04-03T03:25:52.746+0600][1.071s][info][gc,cpu      ] GC(2) User=0.02s Sys=0.00s Real=0.00s
[2026-04-03T03:25:55.446+0600][3.772s][info][gc,start    ] GC(3) Pause Young (Normal) (G1 Evacuation Pause)
[2026-04-03T03:25:55.446+0600][3.772s][info][gc,task     ] GC(3) Using 5 workers of 10 for evacuation
[2026-04-03T03:25:55.454+0600][3.780s][info][gc,phases   ] GC(3)   Pre Evacuate Collection Set: 0.23ms
[2026-04-03T03:25:55.454+0600][3.780s][info][gc,phases   ] GC(3)   Merge Heap Roots: 0.08ms
[2026-04-03T03:25:55.454+0600][3.780s][info][gc,phases   ] GC(3)   Evacuate Collection Set: 6.06ms
[2026-04-03T03:25:55.454+0600][3.780s][info][gc,phases   ] GC(3)   Post Evacuate Collection Set: 1.69ms
[2026-04-03T03:25:55.454+0600][3.780s][info][gc,phases   ] GC(3)   Other: 0.10ms
[2026-04-03T03:25:55.454+0600][3.780s][info][gc,heap     ] GC(3) Eden regions: 143->0(133)
[2026-04-03T03:25:55.455+0600][3.780s][info][gc,heap     ] GC(3) Survivor regions: 4->14(19)
[2026-04-03T03:25:55.455+0600][3.780s][info][gc,heap     ] GC(3) Old regions: 2->2
[2026-04-03T03:25:55.455+0600][3.780s][info][gc,heap     ] GC(3) Humongous regions: 7->7
[2026-04-03T03:25:55.455+0600][3.780s][info][gc,metaspace] GC(3) Metaspace: 19341K(19648K)->19341K(19648K) NonClass: 16898K(17088K)->16898K(17088K) Class: 2443K(2560K)->2443K(2560K)
[2026-04-03T03:25:55.455+0600][3.780s][info][gc          ] GC(3) Pause Young (Normal) (G1 Evacuation Pause) 154M->21M(248M) 8.513ms
[2026-04-03T03:25:55.455+0600][3.780s][info][gc,cpu      ] GC(3) User=0.05s Sys=0.01s Real=0.01s
[2026-04-03T03:25:55.563+0600][3.889s][info][gc,start    ] GC(4) Pause Young (Concurrent Start) (Metadata GC Threshold)
[2026-04-03T03:25:55.563+0600][3.889s][info][gc,task     ] GC(4) Using 5 workers of 10 for evacuation
[2026-04-03T03:25:55.569+0600][3.894s][info][gc,phases   ] GC(4)   Pre Evacuate Collection Set: 0.35ms
[2026-04-03T03:25:55.569+0600][3.894s][info][gc,phases   ] GC(4)   Merge Heap Roots: 0.06ms
[2026-04-03T03:25:55.569+0600][3.894s][info][gc,phases   ] GC(4)   Evacuate Collection Set: 4.20ms
[2026-04-03T03:25:55.569+0600][3.894s][info][gc,phases   ] GC(4)   Post Evacuate Collection Set: 0.68ms
[2026-04-03T03:25:55.569+0600][3.894s][info][gc,phases   ] GC(4)   Other: 0.16ms
[2026-04-03T03:25:55.569+0600][3.894s][info][gc,heap     ] GC(4) Eden regions: 3->0(136)
[2026-04-03T03:25:55.569+0600][3.894s][info][gc,heap     ] GC(4) Survivor regions: 14->11(19)
[2026-04-03T03:25:55.569+0600][3.894s][info][gc,heap     ] GC(4) Old regions: 2->6
[2026-04-03T03:25:55.569+0600][3.894s][info][gc,heap     ] GC(4) Humongous regions: 7->7
[2026-04-03T03:25:55.569+0600][3.894s][info][gc,metaspace] GC(4) Metaspace: 21280K(21504K)->21280K(21504K) NonClass: 18641K(18752K)->18641K(18752K) Class: 2639K(2752K)->2639K(2752K)
[2026-04-03T03:25:55.569+0600][3.894s][info][gc          ] GC(4) Pause Young (Concurrent Start) (Metadata GC Threshold) 24M->21M(248M) 5.827ms
[2026-04-03T03:25:55.569+0600][3.894s][info][gc,cpu      ] GC(4) User=0.01s Sys=0.01s Real=0.00s
[2026-04-03T03:25:55.569+0600][3.894s][info][gc          ] GC(5) Concurrent Mark Cycle
[2026-04-03T03:25:55.569+0600][3.894s][info][gc,marking  ] GC(5) Concurrent Scan Root Regions
[2026-04-03T03:25:55.572+0600][3.897s][info][gc,marking  ] GC(5) Concurrent Scan Root Regions 2.633ms
[2026-04-03T03:25:55.572+0600][3.897s][info][gc,marking  ] GC(5) Concurrent Mark
[2026-04-03T03:25:55.572+0600][3.897s][info][gc,marking  ] GC(5) Concurrent Mark From Roots
[2026-04-03T03:25:55.572+0600][3.897s][info][gc,task     ] GC(5) Using 3 workers of 3 for marking
[2026-04-03T03:25:55.574+0600][3.900s][info][gc,marking  ] GC(5) Concurrent Mark From Roots 2.624ms
[2026-04-03T03:25:55.574+0600][3.900s][info][gc,marking  ] GC(5) Concurrent Preclean
[2026-04-03T03:25:55.574+0600][3.900s][info][gc,marking  ] GC(5) Concurrent Preclean 0.016ms
[2026-04-03T03:25:55.574+0600][3.900s][info][gc,start    ] GC(5) Pause Remark
[2026-04-03T03:25:55.578+0600][3.903s][info][gc          ] GC(5) Pause Remark 22M->22M(80M) 3.397ms
[2026-04-03T03:25:55.578+0600][3.903s][info][gc,cpu      ] GC(5) User=0.01s Sys=0.00s Real=0.00s
[2026-04-03T03:25:55.578+0600][3.903s][info][gc,marking  ] GC(5) Concurrent Mark 6.323ms
[2026-04-03T03:25:55.578+0600][3.904s][info][gc,marking  ] GC(5) Concurrent Rebuild Remembered Sets and Scrub Regions
[2026-04-03T03:25:55.580+0600][3.905s][info][gc,marking  ] GC(5) Concurrent Rebuild Remembered Sets and Scrub Regions 1.595ms
[2026-04-03T03:25:55.592+0600][3.918s][info][gc,start    ] GC(5) Pause Cleanup
[2026-04-03T03:25:55.592+0600][3.918s][info][gc          ] GC(5) Pause Cleanup 22M->22M(80M) 0.284ms
[2026-04-03T03:25:55.592+0600][3.918s][info][gc,cpu      ] GC(5) User=0.00s Sys=0.00s Real=0.00s
[2026-04-03T03:25:55.592+0600][3.918s][info][gc,marking  ] GC(5) Concurrent Clear Claimed Marks
[2026-04-03T03:25:55.593+0600][3.918s][info][gc,marking  ] GC(5) Concurrent Clear Claimed Marks 0.063ms
[2026-04-03T03:25:55.593+0600][3.918s][info][gc,marking  ] GC(5) Concurrent Cleanup for Next Mark
[2026-04-03T03:25:55.593+0600][3.919s][info][gc,marking  ] GC(5) Concurrent Cleanup for Next Mark 0.662ms
[2026-04-03T03:25:55.593+0600][3.919s][info][gc          ] GC(5) Concurrent Mark Cycle 24.385ms
[2026-04-03T03:25:56.901+0600][5.227s][info][gc,start    ] GC(6) Pause Young (Prepare Mixed) (G1 Evacuation Pause)
[2026-04-03T03:25:56.902+0600][5.227s][info][gc,task     ] GC(6) Using 3 workers of 10 for evacuation
[2026-04-03T03:25:56.909+0600][5.235s][info][gc,phases   ] GC(6)   Pre Evacuate Collection Set: 0.09ms
[2026-04-03T03:25:56.910+0600][5.235s][info][gc,phases   ] GC(6)   Merge Heap Roots: 0.07ms
[2026-04-03T03:25:56.910+0600][5.235s][info][gc,phases   ] GC(6)   Evacuate Collection Set: 7.00ms
[2026-04-03T03:25:56.910+0600][5.235s][info][gc,phases   ] GC(6)   Post Evacuate Collection Set: 0.70ms
[2026-04-03T03:25:56.910+0600][5.235s][info][gc,phases   ] GC(6)   Other: 0.06ms
[2026-04-03T03:25:56.910+0600][5.235s][info][gc,heap     ] GC(6) Eden regions: 54->0(56)
[2026-04-03T03:25:56.910+0600][5.235s][info][gc,heap     ] GC(6) Survivor regions: 11->3(19)
[2026-04-03T03:25:56.910+0600][5.235s][info][gc,heap     ] GC(6) Old regions: 6->16
[2026-04-03T03:25:56.910+0600][5.235s][info][gc,heap     ] GC(6) Humongous regions: 15->9
[2026-04-03T03:25:56.910+0600][5.235s][info][gc,metaspace] GC(6) Metaspace: 28450K(28800K)->28450K(28800K) NonClass: 24919K(25088K)->24919K(25088K) Class: 3531K(3712K)->3531K(3712K)
[2026-04-03T03:25:56.910+0600][5.235s][info][gc          ] GC(6) Pause Young (Prepare Mixed) (G1 Evacuation Pause) 83M->26M(99M) 8.124ms
[2026-04-03T03:25:56.910+0600][5.235s][info][gc,cpu      ] GC(6) User=0.03s Sys=0.01s Real=0.00s
[2026-04-03T03:25:58.378+0600][6.704s][info][gc,start    ] GC(7) Pause Young (Mixed) (Metadata GC Threshold)
[2026-04-03T03:25:58.378+0600][6.704s][info][gc,task     ] GC(7) Using 2 workers of 10 for evacuation
[2026-04-03T03:25:58.387+0600][6.712s][info][gc,phases   ] GC(7)   Pre Evacuate Collection Set: 0.22ms
[2026-04-03T03:25:58.387+0600][6.712s][info][gc,phases   ] GC(7)   Merge Heap Roots: 0.17ms
[2026-04-03T03:25:58.387+0600][6.712s][info][gc,phases   ] GC(7)   Evacuate Collection Set: 6.76ms
[2026-04-03T03:25:58.387+0600][6.712s][info][gc,phases   ] GC(7)   Post Evacuate Collection Set: 1.07ms
[2026-04-03T03:25:58.387+0600][6.712s][info][gc,phases   ] GC(7)   Other: 0.10ms
[2026-04-03T03:25:58.387+0600][6.712s][info][gc,heap     ] GC(7) Eden regions: 56->0(55)
[2026-04-03T03:25:58.387+0600][6.712s][info][gc,heap     ] GC(7) Survivor regions: 3->5(8)
[2026-04-03T03:25:58.387+0600][6.712s][info][gc,heap     ] GC(7) Old regions: 16->15
[2026-04-03T03:25:58.387+0600][6.712s][info][gc,heap     ] GC(7) Humongous regions: 21->7
[2026-04-03T03:25:58.387+0600][6.712s][info][gc,metaspace] GC(7) Metaspace: 35730K(36096K)->35730K(36096K) NonClass: 31293K(31488K)->31293K(31488K) Class: 4437K(4608K)->4437K(4608K)
[2026-04-03T03:25:58.387+0600][6.712s][info][gc          ] GC(7) Pause Young (Mixed) (Metadata GC Threshold) 93M->25M(101M) 8.574ms
[2026-04-03T03:25:58.387+0600][6.712s][info][gc,cpu      ] GC(7) User=0.01s Sys=0.00s Real=0.01s
[2026-04-03T03:25:58.412+0600][6.737s][info][gc,start    ] GC(8) Pause Young (Concurrent Start) (Metadata GC Threshold)
[2026-04-03T03:25:58.412+0600][6.737s][info][gc,task     ] GC(8) Using 2 workers of 10 for evacuation
[2026-04-03T03:25:58.420+0600][6.746s][info][gc,phases   ] GC(8)   Pre Evacuate Collection Set: 0.35ms
[2026-04-03T03:25:58.421+0600][6.746s][info][gc,phases   ] GC(8)   Merge Heap Roots: 0.12ms
[2026-04-03T03:25:58.421+0600][6.746s][info][gc,phases   ] GC(8)   Evacuate Collection Set: 7.47ms
[2026-04-03T03:25:58.421+0600][6.746s][info][gc,phases   ] GC(8)   Post Evacuate Collection Set: 0.66ms
[2026-04-03T03:25:58.421+0600][6.746s][info][gc,phases   ] GC(8)   Other: 0.21ms
[2026-04-03T03:25:58.421+0600][6.746s][info][gc,heap     ] GC(8) Eden regions: 3->0(55)
[2026-04-03T03:25:58.421+0600][6.746s][info][gc,heap     ] GC(8) Survivor regions: 5->5(8)
[2026-04-03T03:25:58.421+0600][6.746s][info][gc,heap     ] GC(8) Old regions: 15->15
[2026-04-03T03:25:58.421+0600][6.746s][info][gc,heap     ] GC(8) Humongous regions: 7->7
[2026-04-03T03:25:58.421+0600][6.746s][info][gc,metaspace] GC(8) Metaspace: 36089K(36416K)->36089K(36416K) NonClass: 31609K(31808K)->31609K(31808K) Class: 4479K(4608K)->4479K(4608K)
[2026-04-03T03:25:58.421+0600][6.746s][info][gc          ] GC(8) Pause Young (Concurrent Start) (Metadata GC Threshold) 28M->25M(101M) 9.058ms
[2026-04-03T03:25:58.421+0600][6.746s][info][gc,cpu      ] GC(8) User=0.02s Sys=0.00s Real=0.01s
[2026-04-03T03:25:58.421+0600][6.746s][info][gc          ] GC(9) Concurrent Mark Cycle
[2026-04-03T03:25:58.421+0600][6.746s][info][gc,marking  ] GC(9) Concurrent Scan Root Regions
[2026-04-03T03:25:58.423+0600][6.748s][info][gc,marking  ] GC(9) Concurrent Scan Root Regions 2.092ms
[2026-04-03T03:25:58.423+0600][6.748s][info][gc,marking  ] GC(9) Concurrent Mark
[2026-04-03T03:25:58.423+0600][6.748s][info][gc,marking  ] GC(9) Concurrent Mark From Roots
[2026-04-03T03:25:58.423+0600][6.748s][info][gc,task     ] GC(9) Using 3 workers of 3 for marking
[2026-04-03T03:25:58.428+0600][6.754s][info][gc,marking  ] GC(9) Concurrent Mark From Roots 5.155ms
[2026-04-03T03:25:58.428+0600][6.754s][info][gc,marking  ] GC(9) Concurrent Preclean
[2026-04-03T03:25:58.428+0600][6.754s][info][gc,marking  ] GC(9) Concurrent Preclean 0.072ms
[2026-04-03T03:25:58.428+0600][6.754s][info][gc,start    ] GC(9) Pause Remark
[2026-04-03T03:25:58.434+0600][6.759s][info][gc          ] GC(9) Pause Remark 26M->26M(90M) 5.230ms
[2026-04-03T03:25:58.434+0600][6.759s][info][gc,cpu      ] GC(9) User=0.01s Sys=0.00s Real=0.01s
[2026-04-03T03:25:58.434+0600][6.759s][info][gc,marking  ] GC(9) Concurrent Mark 10.823ms
[2026-04-03T03:25:58.434+0600][6.759s][info][gc,marking  ] GC(9) Concurrent Rebuild Remembered Sets and Scrub Regions
[2026-04-03T03:25:58.436+0600][6.762s][info][gc,marking  ] GC(9) Concurrent Rebuild Remembered Sets and Scrub Regions 2.299ms
[2026-04-03T03:25:58.436+0600][6.762s][info][gc,start    ] GC(9) Pause Cleanup
[2026-04-03T03:25:58.437+0600][6.762s][info][gc          ] GC(9) Pause Cleanup 26M->26M(90M) 0.233ms
[2026-04-03T03:25:58.437+0600][6.762s][info][gc,cpu      ] GC(9) User=0.00s Sys=0.00s Real=0.00s
[2026-04-03T03:25:58.437+0600][6.762s][info][gc,marking  ] GC(9) Concurrent Clear Claimed Marks
[2026-04-03T03:25:58.437+0600][6.762s][info][gc,marking  ] GC(9) Concurrent Clear Claimed Marks 0.053ms
[2026-04-03T03:25:58.437+0600][6.762s][info][gc,marking  ] GC(9) Concurrent Cleanup for Next Mark
[2026-04-03T03:25:58.437+0600][6.762s][info][gc,marking  ] GC(9) Concurrent Cleanup for Next Mark 0.268ms
[2026-04-03T03:25:58.437+0600][6.763s][info][gc          ] GC(9) Concurrent Mark Cycle 16.274ms
[2026-04-03T03:25:59.960+0600][8.285s][info][gc,start    ] GC(10) Pause Young (Prepare Mixed) (G1 Evacuation Pause)
[2026-04-03T03:25:59.960+0600][8.285s][info][gc,task     ] GC(10) Using 2 workers of 10 for evacuation
[2026-04-03T03:25:59.975+0600][8.300s][info][gc,phases   ] GC(10)   Pre Evacuate Collection Set: 0.38ms
[2026-04-03T03:25:59.975+0600][8.300s][info][gc,phases   ] GC(10)   Merge Heap Roots: 0.17ms
[2026-04-03T03:25:59.975+0600][8.301s][info][gc,phases   ] GC(10)   Evacuate Collection Set: 13.79ms
[2026-04-03T03:25:59.975+0600][8.301s][info][gc,phases   ] GC(10)   Post Evacuate Collection Set: 0.81ms
[2026-04-03T03:25:59.975+0600][8.301s][info][gc,phases   ] GC(10)   Other: 0.09ms
[2026-04-03T03:25:59.975+0600][8.301s][info][gc,heap     ] GC(10) Eden regions: 50->0(52)
[2026-04-03T03:25:59.975+0600][8.301s][info][gc,heap     ] GC(10) Survivor regions: 5->6(8)
[2026-04-03T03:25:59.975+0600][8.301s][info][gc,heap     ] GC(10) Old regions: 15->16
[2026-04-03T03:25:59.975+0600][8.301s][info][gc,heap     ] GC(10) Humongous regions: 20->8
[2026-04-03T03:25:59.975+0600][8.301s][info][gc,metaspace] GC(10) Metaspace: 42672K(43136K)->42672K(43136K) NonClass: 37376K(37632K)->37376K(37632K) Class: 5296K(5504K)->5296K(5504K)
[2026-04-03T03:25:59.975+0600][8.301s][info][gc          ] GC(10) Pause Young (Prepare Mixed) (G1 Evacuation Pause) 88M->28M(97M) 15.519ms
[2026-04-03T03:25:59.975+0600][8.301s][info][gc,cpu      ] GC(10) User=0.04s Sys=0.01s Real=0.02s
[2026-04-03T03:26:00.468+0600][8.794s][info][gc,start    ] GC(11) Pause Young (Mixed) (G1 Evacuation Pause)
[2026-04-03T03:26:00.468+0600][8.794s][info][gc,task     ] GC(11) Using 2 workers of 10 for evacuation
[2026-04-03T03:26:00.487+0600][8.813s][info][gc,phases   ] GC(11)   Pre Evacuate Collection Set: 0.28ms
[2026-04-03T03:26:00.487+0600][8.813s][info][gc,phases   ] GC(11)   Merge Heap Roots: 0.19ms
[2026-04-03T03:26:00.487+0600][8.813s][info][gc,phases   ] GC(11)   Evacuate Collection Set: 17.14ms
[2026-04-03T03:26:00.487+0600][8.813s][info][gc,phases   ] GC(11)   Post Evacuate Collection Set: 0.84ms
[2026-04-03T03:26:00.487+0600][8.813s][info][gc,phases   ] GC(11)   Other: 0.11ms
[2026-04-03T03:26:00.487+0600][8.813s][info][gc,heap     ] GC(11) Eden regions: 52->0(50)
[2026-04-03T03:26:00.487+0600][8.813s][info][gc,heap     ] GC(11) Survivor regions: 6->8(8)
[2026-04-03T03:26:00.487+0600][8.813s][info][gc,heap     ] GC(11) Old regions: 16->16
[2026-04-03T03:26:00.487+0600][8.813s][info][gc,heap     ] GC(11) Humongous regions: 8->8
[2026-04-03T03:26:00.487+0600][8.813s][info][gc,metaspace] GC(11) Metaspace: 49423K(49856K)->49423K(49856K) NonClass: 43291K(43520K)->43291K(43520K) Class: 6132K(6336K)->6132K(6336K)
[2026-04-03T03:26:00.487+0600][8.813s][info][gc          ] GC(11) Pause Young (Mixed) (G1 Evacuation Pause) 80M->32M(97M) 18.847ms
[2026-04-03T03:26:00.487+0600][8.813s][info][gc,cpu      ] GC(11) User=0.05s Sys=0.00s Real=0.02s
[2026-04-03T03:26:00.607+0600][8.932s][info][gc,start    ] GC(12) Pause Young (Normal) (G1 Evacuation Pause)
[2026-04-03T03:26:00.607+0600][8.932s][info][gc,task     ] GC(12) Using 2 workers of 10 for evacuation
[2026-04-03T03:26:00.912+0600][9.238s][info][gc,mmu      ] GC(12) MMU target violated: 201.0ms (200.0ms/201.0ms)
[2026-04-03T03:26:00.912+0600][9.238s][info][gc,phases   ] GC(12)   Pre Evacuate Collection Set: 0.35ms
[2026-04-03T03:26:00.912+0600][9.238s][info][gc,phases   ] GC(12)   Merge Heap Roots: 0.25ms
[2026-04-03T03:26:00.912+0600][9.238s][info][gc,phases   ] GC(12)   Evacuate Collection Set: 303.65ms
[2026-04-03T03:26:00.912+0600][9.238s][info][gc,phases   ] GC(12)   Post Evacuate Collection Set: 1.10ms
[2026-04-03T03:26:00.912+0600][9.238s][info][gc,phases   ] GC(12)   Other: 0.23ms
[2026-04-03T03:26:00.912+0600][9.238s][info][gc,heap     ] GC(12) Eden regions: 50->0(25)
[2026-04-03T03:26:00.912+0600][9.238s][info][gc,heap     ] GC(12) Survivor regions: 8->8(8)
[2026-04-03T03:26:00.912+0600][9.238s][info][gc,heap     ] GC(12) Old regions: 16->65
[2026-04-03T03:26:00.912+0600][9.238s][info][gc,heap     ] GC(12) Humongous regions: 8->8
[2026-04-03T03:26:00.912+0600][9.238s][info][gc,metaspace] GC(12) Metaspace: 49460K(49920K)->49460K(49920K) NonClass: 43327K(43584K)->43327K(43584K) Class: 6132K(6336K)->6132K(6336K)
[2026-04-03T03:26:00.912+0600][9.238s][info][gc          ] GC(12) Pause Young (Normal) (G1 Evacuation Pause) 82M->81M(139M) 305.802ms
[2026-04-03T03:26:00.912+0600][9.238s][info][gc,cpu      ] GC(12) User=0.58s Sys=0.03s Real=0.31s
[2026-04-03T03:26:00.964+0600][9.289s][info][gc,start    ] GC(13) Pause Young (Concurrent Start) (G1 Evacuation Pause)
[2026-04-03T03:26:00.964+0600][9.289s][info][gc,task     ] GC(13) Using 3 workers of 10 for evacuation
[2026-04-03T03:26:01.116+0600][9.442s][info][gc,phases   ] GC(13)   Pre Evacuate Collection Set: 0.40ms
[2026-04-03T03:26:01.116+0600][9.442s][info][gc,phases   ] GC(13)   Merge Heap Roots: 0.20ms
[2026-04-03T03:26:01.116+0600][9.442s][info][gc,phases   ] GC(13)   Evacuate Collection Set: 149.32ms
[2026-04-03T03:26:01.116+0600][9.442s][info][gc,phases   ] GC(13)   Post Evacuate Collection Set: 2.05ms
[2026-04-03T03:26:01.116+0600][9.442s][info][gc,phases   ] GC(13)   Other: 0.39ms
[2026-04-03T03:26:01.116+0600][9.442s][info][gc,heap     ] GC(13) Eden regions: 25->0(59)
[2026-04-03T03:26:01.116+0600][9.442s][info][gc,heap     ] GC(13) Survivor regions: 8->5(5)
[2026-04-03T03:26:01.116+0600][9.442s][info][gc,heap     ] GC(13) Old regions: 65->94
[2026-04-03T03:26:01.116+0600][9.442s][info][gc,heap     ] GC(13) Humongous regions: 8->8
[2026-04-03T03:26:01.116+0600][9.442s][info][gc,metaspace] GC(13) Metaspace: 49460K(49920K)->49460K(49920K) NonClass: 43327K(43584K)->43327K(43584K) Class: 6132K(6336K)->6132K(6336K)
[2026-04-03T03:26:01.116+0600][9.442s][info][gc          ] GC(13) Pause Young (Concurrent Start) (G1 Evacuation Pause) 106M->106M(349M) 152.622ms
[2026-04-03T03:26:01.116+0600][9.442s][info][gc,cpu      ] GC(13) User=0.41s Sys=0.02s Real=0.15s
[2026-04-03T03:26:01.117+0600][9.442s][info][gc          ] GC(14) Concurrent Mark Cycle
[2026-04-03T03:26:01.117+0600][9.442s][info][gc,marking  ] GC(14) Concurrent Scan Root Regions
[2026-04-03T03:26:01.124+0600][9.449s][info][gc,marking  ] GC(14) Concurrent Scan Root Regions 7.310ms
[2026-04-03T03:26:01.124+0600][9.450s][info][gc,marking  ] GC(14) Concurrent Mark
[2026-04-03T03:26:01.124+0600][9.450s][info][gc,marking  ] GC(14) Concurrent Mark From Roots
[2026-04-03T03:26:01.124+0600][9.450s][info][gc,task     ] GC(14) Using 3 workers of 3 for marking
[2026-04-03T03:26:01.346+0600][9.671s][info][gc,start    ] GC(15) Pause Young (Normal) (G1 Evacuation Pause)
[2026-04-03T03:26:01.346+0600][9.671s][info][gc,task     ] GC(15) Using 8 workers of 10 for evacuation
[2026-04-03T03:26:01.683+0600][10.008s][info][gc,mmu      ] GC(15) MMU target violated: 201.0ms (200.0ms/201.0ms)
[2026-04-03T03:26:01.683+0600][10.008s][info][gc,phases   ] GC(15)   Pre Evacuate Collection Set: 0.32ms
[2026-04-03T03:26:01.683+0600][10.008s][info][gc,phases   ] GC(15)   Merge Heap Roots: 0.07ms
[2026-04-03T03:26:01.683+0600][10.008s][info][gc,phases   ] GC(15)   Evacuate Collection Set: 335.71ms
[2026-04-03T03:26:01.683+0600][10.008s][info][gc,phases   ] GC(15)   Post Evacuate Collection Set: 0.55ms
[2026-04-03T03:26:01.683+0600][10.008s][info][gc,phases   ] GC(15)   Other: 0.28ms
[2026-04-03T03:26:01.683+0600][10.008s][info][gc,heap     ] GC(15) Eden regions: 59->0(55)
[2026-04-03T03:26:01.683+0600][10.008s][info][gc,heap     ] GC(15) Survivor regions: 5->8(8)
[2026-04-03T03:26:01.683+0600][10.008s][info][gc,heap     ] GC(15) Old regions: 94->151
[2026-04-03T03:26:01.683+0600][10.008s][info][gc,heap     ] GC(15) Humongous regions: 8->8
[2026-04-03T03:26:01.683+0600][10.008s][info][gc,metaspace] GC(15) Metaspace: 49460K(49920K)->49460K(49920K) NonClass: 43327K(43584K)->43327K(43584K) Class: 6132K(6336K)->6132K(6336K)
[2026-04-03T03:26:01.683+0600][10.009s][info][gc          ] GC(15) Pause Young (Normal) (G1 Evacuation Pause) 165M->166M(349M) 337.184ms
[2026-04-03T03:26:01.683+0600][10.009s][info][gc,cpu      ] GC(15) User=0.98s Sys=0.07s Real=0.34s
[2026-04-03T03:26:01.713+0600][10.039s][info][gc,marking  ] GC(14) Concurrent Mark From Roots 589.086ms
[2026-04-03T03:26:01.713+0600][10.039s][info][gc,marking  ] GC(14) Concurrent Preclean
[2026-04-03T03:26:01.713+0600][10.039s][info][gc,marking  ] GC(14) Concurrent Preclean 0.156ms
[2026-04-03T03:26:01.713+0600][10.039s][info][gc,start    ] GC(14) Pause Remark
[2026-04-03T03:26:01.717+0600][10.043s][info][gc          ] GC(14) Pause Remark 177M->177M(349M) 3.709ms
[2026-04-03T03:26:01.717+0600][10.043s][info][gc,cpu      ] GC(14) User=0.01s Sys=0.00s Real=0.00s
[2026-04-03T03:26:01.717+0600][10.043s][info][gc,marking  ] GC(14) Concurrent Mark 593.350ms
[2026-04-03T03:26:01.717+0600][10.043s][info][gc,marking  ] GC(14) Concurrent Rebuild Remembered Sets and Scrub Regions
[2026-04-03T03:26:01.750+0600][10.075s][info][gc,marking  ] GC(14) Concurrent Rebuild Remembered Sets and Scrub Regions 32.563ms
[2026-04-03T03:26:01.750+0600][10.076s][info][gc,start    ] GC(14) Pause Cleanup
[2026-04-03T03:26:01.750+0600][10.076s][info][gc          ] GC(14) Pause Cleanup 189M->189M(349M) 0.196ms
[2026-04-03T03:26:01.750+0600][10.076s][info][gc,cpu      ] GC(14) User=0.00s Sys=0.00s Real=0.00s
[2026-04-03T03:26:01.750+0600][10.076s][info][gc,marking  ] GC(14) Concurrent Clear Claimed Marks
[2026-04-03T03:26:01.750+0600][10.076s][info][gc,marking  ] GC(14) Concurrent Clear Claimed Marks 0.080ms
[2026-04-03T03:26:01.751+0600][10.076s][info][gc,marking  ] GC(14) Concurrent Cleanup for Next Mark
[2026-04-03T03:26:01.752+0600][10.077s][info][gc,marking  ] GC(14) Concurrent Cleanup for Next Mark 1.404ms
[2026-04-03T03:26:01.752+0600][10.078s][info][gc          ] GC(14) Concurrent Mark Cycle 635.462ms
[2026-04-03T03:26:01.820+0600][10.146s][info][gc,start    ] GC(16) Pause Young (Prepare Mixed) (G1 Evacuation Pause)
[2026-04-03T03:26:01.820+0600][10.146s][info][gc,task     ] GC(16) Using 8 workers of 10 for evacuation
[2026-04-03T03:26:02.180+0600][10.505s][info][gc,mmu      ] GC(16) MMU target violated: 201.0ms (200.0ms/201.0ms)
[2026-04-03T03:26:02.180+0600][10.505s][info][gc,phases   ] GC(16)   Pre Evacuate Collection Set: 0.36ms
[2026-04-03T03:26:02.180+0600][10.505s][info][gc,phases   ] GC(16)   Merge Heap Roots: 0.12ms
[2026-04-03T03:26:02.180+0600][10.505s][info][gc,phases   ] GC(16)   Evacuate Collection Set: 358.80ms
[2026-04-03T03:26:02.180+0600][10.505s][info][gc,phases   ] GC(16)   Post Evacuate Collection Set: 0.29ms
[2026-04-03T03:26:02.180+0600][10.506s][info][gc,phases   ] GC(16)   Other: 0.30ms
[2026-04-03T03:26:02.180+0600][10.506s][info][gc,heap     ] GC(16) Eden regions: 55->0(39)
[2026-04-03T03:26:02.180+0600][10.506s][info][gc,heap     ] GC(16) Survivor regions: 8->8(8)
[2026-04-03T03:26:02.180+0600][10.506s][info][gc,heap     ] GC(16) Old regions: 151->207
[2026-04-03T03:26:02.180+0600][10.506s][info][gc,heap     ] GC(16) Humongous regions: 8->8
[2026-04-03T03:26:02.180+0600][10.506s][info][gc,metaspace] GC(16) Metaspace: 49460K(49920K)->49460K(49920K) NonClass: 43327K(43584K)->43327K(43584K) Class: 6132K(6336K)->6132K(6336K)
[2026-04-03T03:26:02.180+0600][10.506s][info][gc          ] GC(16) Pause Young (Prepare Mixed) (G1 Evacuation Pause) 221M->222M(349M) 360.052ms
[2026-04-03T03:26:02.180+0600][10.506s][info][gc,cpu      ] GC(16) User=1.17s Sys=0.12s Real=0.36s
[2026-04-03T03:26:02.258+0600][10.583s][info][gc,start    ] GC(17) Pause Young (Mixed) (G1 Evacuation Pause)
[2026-04-03T03:26:02.258+0600][10.583s][info][gc,task     ] GC(17) Using 8 workers of 10 for evacuation
[2026-04-03T03:26:02.507+0600][10.833s][info][gc,mmu      ] GC(17) MMU target violated: 201.0ms (200.0ms/201.0ms)
[2026-04-03T03:26:02.507+0600][10.833s][info][gc,phases   ] GC(17)   Pre Evacuate Collection Set: 0.29ms
[2026-04-03T03:26:02.507+0600][10.833s][info][gc,phases   ] GC(17)   Merge Heap Roots: 0.07ms
[2026-04-03T03:26:02.507+0600][10.833s][info][gc,phases   ] GC(17)   Evacuate Collection Set: 248.26ms
[2026-04-03T03:26:02.507+0600][10.833s][info][gc,phases   ] GC(17)   Post Evacuate Collection Set: 0.66ms
[2026-04-03T03:26:02.507+0600][10.833s][info][gc,phases   ] GC(17)   Other: 0.22ms
[2026-04-03T03:26:02.507+0600][10.833s][info][gc,heap     ] GC(17) Eden regions: 39->0(26)
[2026-04-03T03:26:02.507+0600][10.833s][info][gc,heap     ] GC(17) Survivor regions: 8->6(6)
[2026-04-03T03:26:02.507+0600][10.833s][info][gc,heap     ] GC(17) Old regions: 207->248
[2026-04-03T03:26:02.507+0600][10.833s][info][gc,heap     ] GC(17) Humongous regions: 8->8
[2026-04-03T03:26:02.507+0600][10.833s][info][gc,metaspace] GC(17) Metaspace: 49460K(49920K)->49460K(49920K) NonClass: 43327K(43584K)->43327K(43584K) Class: 6132K(6336K)->6132K(6336K)
[2026-04-03T03:26:02.507+0600][10.833s][info][gc          ] GC(17) Pause Young (Mixed) (G1 Evacuation Pause) 261M->262M(349M) 249.672ms
[2026-04-03T03:26:02.508+0600][10.833s][info][gc,cpu      ] GC(17) User=0.92s Sys=0.09s Real=0.25s
[2026-04-03T03:26:02.560+0600][10.885s][info][gc,start    ] GC(18) Pause Young (Concurrent Start) (G1 Evacuation Pause)
[2026-04-03T03:26:02.560+0600][10.885s][info][gc,task     ] GC(18) Using 8 workers of 10 for evacuation
[2026-04-03T03:26:02.736+0600][11.061s][info][gc,phases   ] GC(18)   Pre Evacuate Collection Set: 0.42ms
[2026-04-03T03:26:02.736+0600][11.061s][info][gc,phases   ] GC(18)   Merge Heap Roots: 0.09ms
[2026-04-03T03:26:02.736+0600][11.061s][info][gc,phases   ] GC(18)   Evacuate Collection Set: 174.60ms
[2026-04-03T03:26:02.736+0600][11.061s][info][gc,phases   ] GC(18)   Post Evacuate Collection Set: 0.40ms
[2026-04-03T03:26:02.736+0600][11.061s][info][gc,phases   ] GC(18)   Other: 0.28ms
[2026-04-03T03:26:02.736+0600][11.061s][info][gc,heap     ] GC(18) Eden regions: 26->0(18)
[2026-04-03T03:26:02.736+0600][11.061s][info][gc,heap     ] GC(18) Survivor regions: 6->4(4)
[2026-04-03T03:26:02.736+0600][11.061s][info][gc,heap     ] GC(18) Old regions: 248->277
[2026-04-03T03:26:02.736+0600][11.061s][info][gc,heap     ] GC(18) Humongous regions: 8->8
[2026-04-03T03:26:02.736+0600][11.061s][info][gc,metaspace] GC(18) Metaspace: 49460K(49920K)->49460K(49920K) NonClass: 43327K(43584K)->43327K(43584K) Class: 6132K(6336K)->6132K(6336K)
[2026-04-03T03:26:02.736+0600][11.062s][info][gc          ] GC(18) Pause Young (Concurrent Start) (G1 Evacuation Pause) 288M->288M(349M) 176.189ms
[2026-04-03T03:26:02.736+0600][11.062s][info][gc,cpu      ] GC(18) User=0.72s Sys=0.05s Real=0.17s
[2026-04-03T03:26:02.736+0600][11.062s][info][gc          ] GC(19) Concurrent Mark Cycle
[2026-04-03T03:26:02.736+0600][11.062s][info][gc,marking  ] GC(19) Concurrent Scan Root Regions
[2026-04-03T03:26:02.742+0600][11.068s][info][gc,marking  ] GC(19) Concurrent Scan Root Regions 6.248ms
[2026-04-03T03:26:02.742+0600][11.068s][info][gc,marking  ] GC(19) Concurrent Mark
[2026-04-03T03:26:02.742+0600][11.068s][info][gc,marking  ] GC(19) Concurrent Mark From Roots
[2026-04-03T03:26:02.742+0600][11.068s][info][gc,task     ] GC(19) Using 3 workers of 3 for marking
[2026-04-03T03:26:02.786+0600][11.112s][info][gc,start    ] GC(20) Pause Young (Normal) (G1 Evacuation Pause)
[2026-04-03T03:26:02.786+0600][11.112s][info][gc,task     ] GC(20) Using 8 workers of 10 for evacuation
[2026-04-03T03:26:02.927+0600][11.252s][info][gc,phases   ] GC(20)   Pre Evacuate Collection Set: 0.31ms
[2026-04-03T03:26:02.927+0600][11.252s][info][gc,phases   ] GC(20)   Merge Heap Roots: 0.13ms
[2026-04-03T03:26:02.927+0600][11.252s][info][gc,phases   ] GC(20)   Evacuate Collection Set: 136.41ms
[2026-04-03T03:26:02.927+0600][11.252s][info][gc,phases   ] GC(20)   Post Evacuate Collection Set: 3.52ms
[2026-04-03T03:26:02.927+0600][11.252s][info][gc,phases   ] GC(20)   Other: 0.08ms
[2026-04-03T03:26:02.927+0600][11.252s][info][gc,heap     ] GC(20) Eden regions: 18->0(59)
[2026-04-03T03:26:02.927+0600][11.252s][info][gc,heap     ] GC(20) Survivor regions: 4->3(3)
[2026-04-03T03:26:02.927+0600][11.252s][info][gc,heap     ] GC(20) Old regions: 277->297
[2026-04-03T03:26:02.927+0600][11.252s][info][gc,heap     ] GC(20) Humongous regions: 8->8
[2026-04-03T03:26:02.927+0600][11.252s][info][gc,metaspace] GC(20) Metaspace: 49460K(49920K)->49460K(49920K) NonClass: 43327K(43584K)->43327K(43584K) Class: 6132K(6336K)->6132K(6336K)
[2026-04-03T03:26:02.927+0600][11.252s][info][gc          ] GC(20) Pause Young (Normal) (G1 Evacuation Pause) 306M->307M(710M) 140.678ms
[2026-04-03T03:26:02.927+0600][11.252s][info][gc,cpu      ] GC(20) User=0.53s Sys=0.03s Real=0.14s
[2026-04-03T03:26:03.135+0600][11.461s][info][gc,start    ] GC(21) Pause Young (Normal) (G1 Evacuation Pause)
[2026-04-03T03:26:03.135+0600][11.461s][info][gc,task     ] GC(21) Using 10 workers of 10 for evacuation
[2026-04-03T03:26:03.470+0600][11.796s][info][gc,mmu      ] GC(21) MMU target violated: 201.0ms (200.0ms/201.0ms)
[2026-04-03T03:26:03.470+0600][11.796s][info][gc,phases   ] GC(21)   Pre Evacuate Collection Set: 0.25ms
[2026-04-03T03:26:03.470+0600][11.796s][info][gc,phases   ] GC(21)   Merge Heap Roots: 0.19ms
[2026-04-03T03:26:03.470+0600][11.796s][info][gc,phases   ] GC(21)   Evacuate Collection Set: 333.75ms
[2026-04-03T03:26:03.470+0600][11.796s][info][gc,phases   ] GC(21)   Post Evacuate Collection Set: 0.43ms
[2026-04-03T03:26:03.470+0600][11.796s][info][gc,phases   ] GC(21)   Other: 0.26ms
[2026-04-03T03:26:03.470+0600][11.796s][info][gc,heap     ] GC(21) Eden regions: 59->0(63)
[2026-04-03T03:26:03.470+0600][11.796s][info][gc,heap     ] GC(21) Survivor regions: 3->8(8)
[2026-04-03T03:26:03.470+0600][11.796s][info][gc,heap     ] GC(21) Old regions: 297->353
[2026-04-03T03:26:03.470+0600][11.796s][info][gc,heap     ] GC(21) Humongous regions: 8->8
[2026-04-03T03:26:03.470+0600][11.796s][info][gc,metaspace] GC(21) Metaspace: 49460K(49920K)->49460K(49920K) NonClass: 43327K(43584K)->43327K(43584K) Class: 6132K(6336K)->6132K(6336K)
[2026-04-03T03:26:03.470+0600][11.796s][info][gc          ] GC(21) Pause Young (Normal) (G1 Evacuation Pause) 366M->368M(710M) 335.117ms
[2026-04-03T03:26:03.470+0600][11.796s][info][gc,cpu      ] GC(21) User=0.85s Sys=0.09s Real=0.34s
[2026-04-03T03:26:03.648+0600][11.973s][info][gc,start    ] GC(22) Pause Young (Normal) (G1 Evacuation Pause)
[2026-04-03T03:26:03.648+0600][11.974s][info][gc,task     ] GC(22) Using 10 workers of 10 for evacuation
[2026-04-03T03:26:04.031+0600][12.356s][info][gc,mmu      ] GC(22) MMU target violated: 201.0ms (200.0ms/201.0ms)
[2026-04-03T03:26:04.031+0600][12.356s][info][gc,phases   ] GC(22)   Pre Evacuate Collection Set: 0.46ms
[2026-04-03T03:26:04.031+0600][12.356s][info][gc,phases   ] GC(22)   Merge Heap Roots: 0.38ms
[2026-04-03T03:26:04.031+0600][12.356s][info][gc,phases   ] GC(22)   Evacuate Collection Set: 380.85ms
[2026-04-03T03:26:04.031+0600][12.356s][info][gc,phases   ] GC(22)   Post Evacuate Collection Set: 0.63ms
[2026-04-03T03:26:04.031+0600][12.356s][info][gc,phases   ] GC(22)   Other: 0.25ms
[2026-04-03T03:26:04.031+0600][12.356s][info][gc,heap     ] GC(22) Eden regions: 64->0(70)
[2026-04-03T03:26:04.031+0600][12.356s][info][gc,heap     ] GC(22) Survivor regions: 8->9(9)
[2026-04-03T03:26:04.031+0600][12.356s][info][gc,heap     ] GC(22) Old regions: 353->417
[2026-04-03T03:26:04.031+0600][12.356s][info][gc,heap     ] GC(22) Humongous regions: 8->8
[2026-04-03T03:26:04.031+0600][12.356s][info][gc,metaspace] GC(22) Metaspace: 49460K(49920K)->49460K(49920K) NonClass: 43327K(43584K)->43327K(43584K) Class: 6132K(6336K)->6132K(6336K)
[2026-04-03T03:26:04.031+0600][12.356s][info][gc          ] GC(22) Pause Young (Normal) (G1 Evacuation Pause) 432M->433M(710M) 383.233ms
[2026-04-03T03:26:04.031+0600][12.356s][info][gc,cpu      ] GC(22) User=1.19s Sys=0.12s Real=0.39s
[2026-04-03T03:26:04.212+0600][12.538s][info][gc,start    ] GC(23) Pause Young (Normal) (G1 Evacuation Pause)
[2026-04-03T03:26:04.212+0600][12.538s][info][gc,task     ] GC(23) Using 10 workers of 10 for evacuation
[2026-04-03T03:26:04.628+0600][12.953s][info][gc,mmu      ] GC(23) MMU target violated: 201.0ms (200.0ms/201.0ms)
[2026-04-03T03:26:04.628+0600][12.953s][info][gc,phases   ] GC(23)   Pre Evacuate Collection Set: 0.49ms
[2026-04-03T03:26:04.628+0600][12.953s][info][gc,phases   ] GC(23)   Merge Heap Roots: 0.15ms
[2026-04-03T03:26:04.628+0600][12.953s][info][gc,phases   ] GC(23)   Evacuate Collection Set: 414.26ms
[2026-04-03T03:26:04.628+0600][12.953s][info][gc,phases   ] GC(23)   Post Evacuate Collection Set: 0.38ms
[2026-04-03T03:26:04.628+0600][12.953s][info][gc,phases   ] GC(23)   Other: 0.19ms
[2026-04-03T03:26:04.628+0600][12.953s][info][gc,heap     ] GC(23) Eden regions: 71->0(63)
[2026-04-03T03:26:04.628+0600][12.953s][info][gc,heap     ] GC(23) Survivor regions: 9->10(10)
[2026-04-03T03:26:04.628+0600][12.953s][info][gc,heap     ] GC(23) Old regions: 417->488
[2026-04-03T03:26:04.628+0600][12.953s][info][gc,heap     ] GC(23) Humongous regions: 8->8
[2026-04-03T03:26:04.628+0600][12.953s][info][gc,metaspace] GC(23) Metaspace: 49460K(49920K)->49460K(49920K) NonClass: 43327K(43584K)->43327K(43584K) Class: 6132K(6336K)->6132K(6336K)
[2026-04-03T03:26:04.628+0600][12.954s][info][gc          ] GC(23) Pause Young (Normal) (G1 Evacuation Pause) 504M->506M(710M) 415.829ms
[2026-04-03T03:26:04.628+0600][12.954s][info][gc,cpu      ] GC(23) User=1.22s Sys=0.17s Real=0.41s
[2026-04-03T03:26:04.803+0600][13.129s][info][gc,start    ] GC(24) Pause Young (Normal) (G1 Evacuation Pause)
[2026-04-03T03:26:04.803+0600][13.129s][info][gc,task     ] GC(24) Using 10 workers of 10 for evacuation
[2026-04-03T03:26:05.212+0600][13.538s][info][gc,mmu      ] GC(24) MMU target violated: 201.0ms (200.0ms/201.0ms)
[2026-04-03T03:26:05.212+0600][13.538s][info][gc,phases   ] GC(24)   Pre Evacuate Collection Set: 0.38ms
[2026-04-03T03:26:05.212+0600][13.538s][info][gc,phases   ] GC(24)   Merge Heap Roots: 0.10ms
[2026-04-03T03:26:05.212+0600][13.538s][info][gc,phases   ] GC(24)   Evacuate Collection Set: 405.88ms
[2026-04-03T03:26:05.212+0600][13.538s][info][gc,phases   ] GC(24)   Post Evacuate Collection Set: 2.72ms
[2026-04-03T03:26:05.212+0600][13.538s][info][gc,phases   ] GC(24)   Other: 0.15ms
[2026-04-03T03:26:05.212+0600][13.538s][info][gc,heap     ] GC(24) Eden regions: 63->0(80)
[2026-04-03T03:26:05.212+0600][13.538s][info][gc,heap     ] GC(24) Survivor regions: 10->10(10)
[2026-04-03T03:26:05.212+0600][13.538s][info][gc,heap     ] GC(24) Old regions: 488->553
[2026-04-03T03:26:05.212+0600][13.538s][info][gc,heap     ] GC(24) Humongous regions: 8->8
[2026-04-03T03:26:05.212+0600][13.538s][info][gc,metaspace] GC(24) Metaspace: 49460K(49920K)->49460K(49920K) NonClass: 43327K(43584K)->43327K(43584K) Class: 6132K(6336K)->6132K(6336K)
[2026-04-03T03:26:05.212+0600][13.538s][info][gc          ] GC(24) Pause Young (Normal) (G1 Evacuation Pause) 569M->570M(926M) 409.405ms
[2026-04-03T03:26:05.213+0600][13.538s][info][gc,cpu      ] GC(24) User=1.46s Sys=0.17s Real=0.41s
[2026-04-03T03:26:05.213+0600][13.538s][info][gc,marking  ] GC(19) Concurrent Mark From Roots 2470.352ms
[2026-04-03T03:26:05.213+0600][13.538s][info][gc,marking  ] GC(19) Concurrent Preclean
[2026-04-03T03:26:05.213+0600][13.539s][info][gc,marking  ] GC(19) Concurrent Preclean 0.134ms
[2026-04-03T03:26:05.214+0600][13.540s][info][gc,start    ] GC(19) Pause Remark
[2026-04-03T03:26:05.216+0600][13.542s][info][gc          ] GC(19) Pause Remark 571M->571M(952M) 2.180ms
[2026-04-03T03:26:05.216+0600][13.542s][info][gc,cpu      ] GC(19) User=0.01s Sys=0.00s Real=0.00s
[2026-04-03T03:26:05.217+0600][13.542s][info][gc,marking  ] GC(19) Concurrent Mark 2474.159ms
[2026-04-03T03:26:05.217+0600][13.542s][info][gc,marking  ] GC(19) Concurrent Rebuild Remembered Sets and Scrub Regions
[2026-04-03T03:26:05.329+0600][13.655s][info][gc,marking  ] GC(19) Concurrent Rebuild Remembered Sets and Scrub Regions 112.355ms
[2026-04-03T03:26:05.329+0600][13.655s][info][gc,start    ] GC(19) Pause Cleanup
[2026-04-03T03:26:05.330+0600][13.655s][info][gc          ] GC(19) Pause Cleanup 608M->608M(952M) 0.482ms
[2026-04-03T03:26:05.330+0600][13.655s][info][gc,cpu      ] GC(19) User=0.00s Sys=0.01s Real=0.01s
[2026-04-03T03:26:05.330+0600][13.655s][info][gc,marking  ] GC(19) Concurrent Clear Claimed Marks
[2026-04-03T03:26:05.330+0600][13.655s][info][gc,marking  ] GC(19) Concurrent Clear Claimed Marks 0.079ms
[2026-04-03T03:26:05.330+0600][13.655s][info][gc,marking  ] GC(19) Concurrent Cleanup for Next Mark
[2026-04-03T03:26:05.333+0600][13.659s][info][gc,marking  ] GC(19) Concurrent Cleanup for Next Mark 3.066ms
[2026-04-03T03:26:05.333+0600][13.659s][info][gc          ] GC(19) Concurrent Mark Cycle 2597.037ms
[2026-04-03T03:26:06.089+0600][14.415s][info][gc,start    ] GC(25) Pause Young (Prepare Mixed) (G1 Evacuation Pause)
[2026-04-03T03:26:06.089+0600][14.415s][info][gc,task     ] GC(25) Using 10 workers of 10 for evacuation
[2026-04-03T03:26:06.475+0600][14.800s][info][gc,mmu      ] GC(25) MMU target violated: 201.0ms (200.0ms/201.0ms)
[2026-04-03T03:26:06.475+0600][14.800s][info][gc,phases   ] GC(25)   Pre Evacuate Collection Set: 0.54ms
[2026-04-03T03:26:06.475+0600][14.800s][info][gc,phases   ] GC(25)   Merge Heap Roots: 0.12ms
[2026-04-03T03:26:06.475+0600][14.800s][info][gc,phases   ] GC(25)   Evacuate Collection Set: 384.02ms
[2026-04-03T03:26:06.475+0600][14.800s][info][gc,phases   ] GC(25)   Post Evacuate Collection Set: 0.38ms
[2026-04-03T03:26:06.475+0600][14.800s][info][gc,phases   ] GC(25)   Other: 0.21ms
[2026-04-03T03:26:06.475+0600][14.800s][info][gc,heap     ] GC(25) Eden regions: 80->0(71)
[2026-04-03T03:26:06.475+0600][14.800s][info][gc,heap     ] GC(25) Survivor regions: 10->12(12)
[2026-04-03T03:26:06.475+0600][14.800s][info][gc,heap     ] GC(25) Old regions: 553->611
[2026-04-03T03:26:06.475+0600][14.800s][info][gc,heap     ] GC(25) Humongous regions: 8->8
[2026-04-03T03:26:06.475+0600][14.800s][info][gc,metaspace] GC(25) Metaspace: 50444K(50944K)->50444K(50944K) NonClass: 44137K(44416K)->44137K(44416K) Class: 6306K(6528K)->6306K(6528K)
[2026-04-03T03:26:06.475+0600][14.800s][info][gc          ] GC(25) Pause Young (Prepare Mixed) (G1 Evacuation Pause) 650M->631M(952M) 385.632ms
[2026-04-03T03:26:06.475+0600][14.800s][info][gc,cpu      ] GC(25) User=1.37s Sys=0.16s Real=0.39s
[2026-04-03T03:26:08.487+0600][16.813s][info][gc,start    ] GC(26) Pause Full (System.gc())
[2026-04-03T03:26:08.487+0600][16.813s][info][gc,task     ] GC(26) Using 10 workers of 10 for full compaction
[2026-04-03T03:26:08.488+0600][16.813s][info][gc,phases,start] GC(26) Phase 1: Mark live objects
[2026-04-03T03:26:08.500+0600][16.825s][info][gc,phases      ] GC(26) Phase 1: Mark live objects 11.827ms
[2026-04-03T03:26:08.500+0600][16.825s][info][gc,phases,start] GC(26) Phase 2: Prepare compaction
[2026-04-03T03:26:08.501+0600][16.827s][info][gc,phases      ] GC(26) Phase 2: Prepare compaction 1.526ms
[2026-04-03T03:26:08.501+0600][16.827s][info][gc,phases,start] GC(26) Phase 3: Adjust pointers
[2026-04-03T03:26:08.507+0600][16.833s][info][gc,phases      ] GC(26) Phase 3: Adjust pointers 6.145ms
[2026-04-03T03:26:08.508+0600][16.833s][info][gc,phases,start] GC(26) Phase 4: Compact heap
[2026-04-03T03:26:08.510+0600][16.835s][info][gc,phases      ] GC(26) Phase 4: Compact heap 1.996ms
[2026-04-03T03:26:08.510+0600][16.835s][info][gc,phases,start] GC(26) Phase 5: Reset Metadata
[2026-04-03T03:26:08.511+0600][16.837s][info][gc,phases      ] GC(26) Phase 5: Reset Metadata 1.478ms
[2026-04-03T03:26:08.515+0600][16.841s][info][gc,heap        ] GC(26) Eden regions: 55->0(28)
[2026-04-03T03:26:08.515+0600][16.841s][info][gc,heap        ] GC(26) Survivor regions: 12->0(12)
[2026-04-03T03:26:08.515+0600][16.841s][info][gc,heap        ] GC(26) Old regions: 611->30
[2026-04-03T03:26:08.515+0600][16.841s][info][gc,heap        ] GC(26) Humongous regions: 29->8
[2026-04-03T03:26:08.515+0600][16.841s][info][gc,metaspace   ] GC(26) Metaspace: 57392K(57920K)->57392K(57920K) NonClass: 50198K(50496K)->50198K(50496K) Class: 7193K(7424K)->7193K(7424K)
[2026-04-03T03:26:08.515+0600][16.841s][info][gc             ] GC(26) Pause Full (System.gc()) 706M->31M(127M) 28.317ms
[2026-04-03T03:26:08.515+0600][16.841s][info][gc,cpu         ] GC(26) User=0.17s Sys=0.01s Real=0.03s
[2026-04-03T03:26:08.789+0600][17.115s][info][gc,start       ] GC(27) Pause Young (Concurrent Start) (G1 Evacuation Pause)
[2026-04-03T03:26:08.789+0600][17.115s][info][gc,task        ] GC(27) Using 6 workers of 10 for evacuation
[2026-04-03T03:26:08.791+0600][17.116s][info][gc,phases      ] GC(27)   Pre Evacuate Collection Set: 0.21ms
[2026-04-03T03:26:08.791+0600][17.117s][info][gc,phases      ] GC(27)   Merge Heap Roots: 0.05ms
[2026-04-03T03:26:08.791+0600][17.117s][info][gc,phases      ] GC(27)   Evacuate Collection Set: 1.02ms
[2026-04-03T03:26:08.791+0600][17.117s][info][gc,phases      ] GC(27)   Post Evacuate Collection Set: 0.34ms
[2026-04-03T03:26:08.791+0600][17.117s][info][gc,phases      ] GC(27)   Other: 0.11ms
[2026-04-03T03:26:08.791+0600][17.117s][info][gc,heap        ] GC(27) Eden regions: 28->0(31)
[2026-04-03T03:26:08.791+0600][17.117s][info][gc,heap        ] GC(27) Survivor regions: 0->2(4)
[2026-04-03T03:26:08.791+0600][17.117s][info][gc,heap        ] GC(27) Old regions: 30->30
[2026-04-03T03:26:08.791+0600][17.117s][info][gc,heap        ] GC(27) Humongous regions: 8->8
[2026-04-03T03:26:08.791+0600][17.117s][info][gc,metaspace   ] GC(27) Metaspace: 59005K(59584K)->59005K(59584K) NonClass: 51581K(51904K)->51581K(51904K) Class: 7424K(7680K)->7424K(7680K)
[2026-04-03T03:26:08.791+0600][17.117s][info][gc             ] GC(27) Pause Young (Concurrent Start) (G1 Evacuation Pause) 59M->33M(127M) 1.945ms
[2026-04-03T03:26:08.791+0600][17.117s][info][gc,cpu         ] GC(27) User=0.01s Sys=0.00s Real=0.01s
[2026-04-03T03:26:08.791+0600][17.117s][info][gc             ] GC(28) Concurrent Mark Cycle
[2026-04-03T03:26:08.791+0600][17.117s][info][gc,marking     ] GC(28) Concurrent Scan Root Regions
[2026-04-03T03:26:08.792+0600][17.118s][info][gc,marking     ] GC(28) Concurrent Scan Root Regions 0.954ms
[2026-04-03T03:26:08.792+0600][17.118s][info][gc,marking     ] GC(28) Concurrent Mark
[2026-04-03T03:26:08.792+0600][17.118s][info][gc,marking     ] GC(28) Concurrent Mark From Roots
[2026-04-03T03:26:08.792+0600][17.118s][info][gc,task        ] GC(28) Using 3 workers of 3 for marking
[2026-04-03T03:26:08.808+0600][17.133s][info][gc,marking     ] GC(28) Concurrent Mark From Roots 15.332ms
[2026-04-03T03:26:08.808+0600][17.133s][info][gc,marking     ] GC(28) Concurrent Preclean
[2026-04-03T03:26:08.808+0600][17.134s][info][gc,marking     ] GC(28) Concurrent Preclean 0.213ms
[2026-04-03T03:26:08.808+0600][17.134s][info][gc,start       ] GC(28) Pause Remark
[2026-04-03T03:26:08.812+0600][17.137s][info][gc             ] GC(28) Pause Remark 36M->36M(127M) 3.713ms
[2026-04-03T03:26:08.812+0600][17.138s][info][gc,cpu         ] GC(28) User=0.01s Sys=0.00s Real=0.01s
[2026-04-03T03:26:08.812+0600][17.138s][info][gc,marking     ] GC(28) Concurrent Mark 19.777ms
[2026-04-03T03:26:08.812+0600][17.138s][info][gc,marking     ] GC(28) Concurrent Rebuild Remembered Sets and Scrub Regions
[2026-04-03T03:26:08.819+0600][17.145s][info][gc,marking     ] GC(28) Concurrent Rebuild Remembered Sets and Scrub Regions 7.240ms
[2026-04-03T03:26:08.820+0600][17.145s][info][gc,start       ] GC(28) Pause Cleanup
[2026-04-03T03:26:08.820+0600][17.146s][info][gc             ] GC(28) Pause Cleanup 38M->38M(127M) 0.378ms
[2026-04-03T03:26:08.820+0600][17.146s][info][gc,cpu         ] GC(28) User=0.00s Sys=0.00s Real=0.01s
[2026-04-03T03:26:08.820+0600][17.146s][info][gc,marking     ] GC(28) Concurrent Clear Claimed Marks
[2026-04-03T03:26:08.820+0600][17.146s][info][gc,marking     ] GC(28) Concurrent Clear Claimed Marks 0.144ms
[2026-04-03T03:26:08.820+0600][17.146s][info][gc,marking     ] GC(28) Concurrent Cleanup for Next Mark
[2026-04-03T03:26:08.821+0600][17.146s][info][gc,marking     ] GC(28) Concurrent Cleanup for Next Mark 0.425ms
[2026-04-03T03:26:08.821+0600][17.146s][info][gc             ] GC(28) Concurrent Mark Cycle 29.576ms
[2026-04-03T03:26:08.964+0600][17.289s][info][gc,start       ] GC(29) Pause Young (Prepare Mixed) (G1 Evacuation Pause)
[2026-04-03T03:26:08.964+0600][17.290s][info][gc,task        ] GC(29) Using 4 workers of 10 for evacuation
[2026-04-03T03:26:08.966+0600][17.292s][info][gc,phases      ] GC(29)   Pre Evacuate Collection Set: 0.19ms
[2026-04-03T03:26:08.967+0600][17.292s][info][gc,phases      ] GC(29)   Merge Heap Roots: 0.17ms
[2026-04-03T03:26:08.967+0600][17.292s][info][gc,phases      ] GC(29)   Evacuate Collection Set: 1.54ms
[2026-04-03T03:26:08.967+0600][17.292s][info][gc,phases      ] GC(29)   Post Evacuate Collection Set: 0.53ms
[2026-04-03T03:26:08.967+0600][17.292s][info][gc,phases      ] GC(29)   Other: 0.08ms
[2026-04-03T03:26:08.967+0600][17.292s][info][gc,heap        ] GC(29) Eden regions: 31->0(35)
[2026-04-03T03:26:08.967+0600][17.292s][info][gc,heap        ] GC(29) Survivor regions: 2->2(5)
[2026-04-03T03:26:08.967+0600][17.292s][info][gc,heap        ] GC(29) Old regions: 30->30
[2026-04-03T03:26:08.967+0600][17.292s][info][gc,heap        ] GC(29) Humongous regions: 8->8
[2026-04-03T03:26:08.967+0600][17.292s][info][gc,metaspace   ] GC(29) Metaspace: 61847K(62400K)->61847K(62400K) NonClass: 54185K(54528K)->54185K(54528K) Class: 7662K(7872K)->7662K(7872K)
[2026-04-03T03:26:08.967+0600][17.292s][info][gc             ] GC(29) Pause Young (Prepare Mixed) (G1 Evacuation Pause) 64M->32M(127M) 2.794ms
[2026-04-03T03:26:08.967+0600][17.292s][info][gc,cpu         ] GC(29) User=0.02s Sys=0.00s Real=0.00s
[2026-04-03T03:26:10.426+0600][18.752s][info][gc,start       ] GC(30) Pause Young (Mixed) (G1 Evacuation Pause)
[2026-04-03T03:26:10.426+0600][18.752s][info][gc,task        ] GC(30) Using 3 workers of 10 for evacuation
[2026-04-03T03:26:10.431+0600][18.756s][info][gc,phases      ] GC(30)   Pre Evacuate Collection Set: 0.20ms
[2026-04-03T03:26:10.431+0600][18.757s][info][gc,phases      ] GC(30)   Merge Heap Roots: 0.08ms
[2026-04-03T03:26:10.431+0600][18.757s][info][gc,phases      ] GC(30)   Evacuate Collection Set: 3.89ms
[2026-04-03T03:26:10.431+0600][18.757s][info][gc,phases      ] GC(30)   Post Evacuate Collection Set: 0.65ms
[2026-04-03T03:26:10.431+0600][18.757s][info][gc,phases      ] GC(30)   Other: 0.07ms
[2026-04-03T03:26:10.431+0600][18.757s][info][gc,heap        ] GC(30) Eden regions: 35->0(38)
[2026-04-03T03:26:10.431+0600][18.757s][info][gc,heap        ] GC(30) Survivor regions: 2->3(5)
[2026-04-03T03:26:10.431+0600][18.757s][info][gc,heap        ] GC(30) Old regions: 30->29
[2026-04-03T03:26:10.431+0600][18.757s][info][gc,heap        ] GC(30) Humongous regions: 25->10
[2026-04-03T03:26:10.431+0600][18.757s][info][gc,metaspace   ] GC(30) Metaspace: 66211K(67072K)->66211K(67072K) NonClass: 57868K(58368K)->57868K(58368K) Class: 8342K(8704K)->8342K(8704K)
[2026-04-03T03:26:10.431+0600][18.757s][info][gc             ] GC(30) Pause Young (Mixed) (G1 Evacuation Pause) 84M->36M(127M) 5.088ms
[2026-04-03T03:26:10.431+0600][18.757s][info][gc,cpu         ] GC(30) User=0.01s Sys=0.00s Real=0.01s
[2026-04-03T03:26:10.691+0600][19.016s][info][gc,start       ] GC(31) Pause Young (Concurrent Start) (G1 Evacuation Pause)
[2026-04-03T03:26:10.691+0600][19.016s][info][gc,task        ] GC(31) Using 3 workers of 10 for evacuation
[2026-04-03T03:26:10.697+0600][19.023s][info][gc,phases      ] GC(31)   Pre Evacuate Collection Set: 0.24ms
[2026-04-03T03:26:10.697+0600][19.023s][info][gc,phases      ] GC(31)   Merge Heap Roots: 0.28ms
[2026-04-03T03:26:10.698+0600][19.023s][info][gc,phases      ] GC(31)   Evacuate Collection Set: 5.20ms
[2026-04-03T03:26:10.698+0600][19.023s][info][gc,phases      ] GC(31)   Post Evacuate Collection Set: 0.79ms
[2026-04-03T03:26:10.698+0600][19.023s][info][gc,phases      ] GC(31)   Other: 0.22ms
[2026-04-03T03:26:10.698+0600][19.023s][info][gc,heap        ] GC(31) Eden regions: 38->0(42)
[2026-04-03T03:26:10.698+0600][19.023s][info][gc,heap        ] GC(31) Survivor regions: 3->5(6)
[2026-04-03T03:26:10.698+0600][19.023s][info][gc,heap        ] GC(31) Old regions: 29->29
[2026-04-03T03:26:10.698+0600][19.023s][info][gc,heap        ] GC(31) Humongous regions: 10->8
[2026-04-03T03:26:10.698+0600][19.023s][info][gc,metaspace   ] GC(31) Metaspace: 66890K(67776K)->66890K(67776K) NonClass: 58455K(58944K)->58455K(58944K) Class: 8435K(8832K)->8435K(8832K)
[2026-04-03T03:26:10.698+0600][19.023s][info][gc             ] GC(31) Pause Young (Concurrent Start) (G1 Evacuation Pause) 74M->36M(127M) 7.023ms
[2026-04-03T03:26:10.698+0600][19.023s][info][gc             ] GC(32) Concurrent Mark Cycle
[2026-04-03T03:26:10.698+0600][19.023s][info][gc,marking     ] GC(32) Concurrent Scan Root Regions
[2026-04-03T03:26:10.698+0600][19.023s][info][gc,cpu         ] GC(31) User=0.02s Sys=0.00s Real=0.00s
[2026-04-03T03:26:10.700+0600][19.025s][info][gc,marking     ] GC(32) Concurrent Scan Root Regions 2.124ms
[2026-04-03T03:26:10.700+0600][19.025s][info][gc,marking     ] GC(32) Concurrent Mark
[2026-04-03T03:26:10.700+0600][19.025s][info][gc,marking     ] GC(32) Concurrent Mark From Roots
[2026-04-03T03:26:10.700+0600][19.025s][info][gc,task        ] GC(32) Using 3 workers of 3 for marking
[2026-04-03T03:26:10.718+0600][19.044s][info][gc,marking     ] GC(32) Concurrent Mark From Roots 18.066ms
[2026-04-03T03:26:10.718+0600][19.044s][info][gc,marking     ] GC(32) Concurrent Preclean
[2026-04-03T03:26:10.718+0600][19.044s][info][gc,marking     ] GC(32) Concurrent Preclean 0.114ms
[2026-04-03T03:26:10.718+0600][19.044s][info][gc,start       ] GC(32) Pause Remark
[2026-04-03T03:26:10.725+0600][19.050s][info][gc             ] GC(32) Pause Remark 41M->41M(127M) 6.275ms
[2026-04-03T03:26:10.725+0600][19.050s][info][gc,cpu         ] GC(32) User=0.03s Sys=0.00s Real=0.01s
[2026-04-03T03:26:10.725+0600][19.050s][info][gc,marking     ] GC(32) Concurrent Mark 24.976ms
[2026-04-03T03:26:10.725+0600][19.050s][info][gc,marking     ] GC(32) Concurrent Rebuild Remembered Sets and Scrub Regions
[2026-04-03T03:26:10.734+0600][19.060s][info][gc,marking     ] GC(32) Concurrent Rebuild Remembered Sets and Scrub Regions 9.343ms
[2026-04-03T03:26:10.735+0600][19.060s][info][gc,start       ] GC(32) Pause Cleanup
[2026-04-03T03:26:10.735+0600][19.060s][info][gc             ] GC(32) Pause Cleanup 43M->43M(127M) 0.178ms
[2026-04-03T03:26:10.735+0600][19.060s][info][gc,cpu         ] GC(32) User=0.00s Sys=0.00s Real=0.00s
[2026-04-03T03:26:10.735+0600][19.060s][info][gc,marking     ] GC(32) Concurrent Clear Claimed Marks
[2026-04-03T03:26:10.735+0600][19.061s][info][gc,marking     ] GC(32) Concurrent Clear Claimed Marks 0.178ms
[2026-04-03T03:26:10.735+0600][19.061s][info][gc,marking     ] GC(32) Concurrent Cleanup for Next Mark
[2026-04-03T03:26:10.735+0600][19.061s][info][gc,marking     ] GC(32) Concurrent Cleanup for Next Mark 0.277ms
[2026-04-03T03:26:10.735+0600][19.061s][info][gc             ] GC(32) Concurrent Mark Cycle 37.710ms
[2026-04-03T03:26:10.860+0600][19.185s][info][gc,start       ] GC(33) Pause Young (Prepare Mixed) (G1 Evacuation Pause)
[2026-04-03T03:26:10.860+0600][19.185s][info][gc,task        ] GC(33) Using 3 workers of 10 for evacuation
[2026-04-03T03:26:10.866+0600][19.191s][info][gc,phases      ] GC(33)   Pre Evacuate Collection Set: 0.15ms
[2026-04-03T03:26:10.866+0600][19.192s][info][gc,phases      ] GC(33)   Merge Heap Roots: 0.13ms
[2026-04-03T03:26:10.866+0600][19.192s][info][gc,phases      ] GC(33)   Evacuate Collection Set: 5.08ms
[2026-04-03T03:26:10.866+0600][19.192s][info][gc,phases      ] GC(33)   Post Evacuate Collection Set: 0.58ms
[2026-04-03T03:26:10.866+0600][19.192s][info][gc,phases      ] GC(33)   Other: 0.11ms
[2026-04-03T03:26:10.866+0600][19.192s][info][gc,heap        ] GC(33) Eden regions: 42->0(46)
[2026-04-03T03:26:10.866+0600][19.192s][info][gc,heap        ] GC(33) Survivor regions: 5->3(6)
[2026-04-03T03:26:10.866+0600][19.192s][info][gc,heap        ] GC(33) Old regions: 29->32
[2026-04-03T03:26:10.866+0600][19.192s][info][gc,heap        ] GC(33) Humongous regions: 8->8
[2026-04-03T03:26:10.866+0600][19.192s][info][gc,metaspace   ] GC(33) Metaspace: 66898K(67776K)->66898K(67776K) NonClass: 58462K(58944K)->58462K(58944K) Class: 8436K(8832K)->8436K(8832K)
[2026-04-03T03:26:10.866+0600][19.192s][info][gc             ] GC(33) Pause Young (Prepare Mixed) (G1 Evacuation Pause) 78M->37M(127M) 6.334ms
[2026-04-03T03:26:10.866+0600][19.192s][info][gc,cpu         ] GC(33) User=0.03s Sys=0.00s Real=0.00s
[2026-04-03T03:26:10.942+0600][19.267s][info][gc,start       ] GC(34) Pause Young (Mixed) (G1 Evacuation Pause)
[2026-04-03T03:26:10.942+0600][19.268s][info][gc,task        ] GC(34) Using 3 workers of 10 for evacuation
[2026-04-03T03:26:10.946+0600][19.272s][info][gc,phases      ] GC(34)   Pre Evacuate Collection Set: 0.23ms
[2026-04-03T03:26:10.946+0600][19.272s][info][gc,phases      ] GC(34)   Merge Heap Roots: 0.09ms
[2026-04-03T03:26:10.946+0600][19.272s][info][gc,phases      ] GC(34)   Evacuate Collection Set: 2.84ms
[2026-04-03T03:26:10.946+0600][19.272s][info][gc,phases      ] GC(34)   Post Evacuate Collection Set: 0.78ms
[2026-04-03T03:26:10.946+0600][19.272s][info][gc,phases      ] GC(34)   Other: 0.10ms
[2026-04-03T03:26:10.946+0600][19.272s][info][gc,heap        ] GC(34) Eden regions: 46->0(50)
[2026-04-03T03:26:10.946+0600][19.272s][info][gc,heap        ] GC(34) Survivor regions: 3->3(7)
[2026-04-03T03:26:10.946+0600][19.272s][info][gc,heap        ] GC(34) Old regions: 32->31
[2026-04-03T03:26:10.946+0600][19.272s][info][gc,heap        ] GC(34) Humongous regions: 8->8
[2026-04-03T03:26:10.946+0600][19.272s][info][gc,metaspace   ] GC(34) Metaspace: 66899K(67776K)->66899K(67776K) NonClass: 58463K(58944K)->58463K(58944K) Class: 8436K(8832K)->8436K(8832K)
[2026-04-03T03:26:10.946+0600][19.272s][info][gc             ] GC(34) Pause Young (Mixed) (G1 Evacuation Pause) 83M->37M(127M) 4.376ms
[2026-04-03T03:26:10.946+0600][19.272s][info][gc,cpu         ] GC(34) User=0.03s Sys=0.00s Real=0.00s
[2026-04-03T03:26:10.986+0600][19.312s][info][gc,start       ] GC(35) Pause Young (Concurrent Start) (G1 Evacuation Pause)
[2026-04-03T03:26:10.986+0600][19.312s][info][gc,task        ] GC(35) Using 3 workers of 10 for evacuation
[2026-04-03T03:26:10.990+0600][19.316s][info][gc,phases      ] GC(35)   Pre Evacuate Collection Set: 0.41ms
[2026-04-03T03:26:10.991+0600][19.316s][info][gc,phases      ] GC(35)   Merge Heap Roots: 0.19ms
[2026-04-03T03:26:10.991+0600][19.316s][info][gc,phases      ] GC(35)   Evacuate Collection Set: 2.18ms
[2026-04-03T03:26:10.991+0600][19.316s][info][gc,phases      ] GC(35)   Post Evacuate Collection Set: 1.02ms
[2026-04-03T03:26:10.991+0600][19.316s][info][gc,phases      ] GC(35)   Other: 0.26ms
[2026-04-03T03:26:10.991+0600][19.316s][info][gc,heap        ] GC(35) Eden regions: 50->0(73)
[2026-04-03T03:26:10.991+0600][19.316s][info][gc,heap        ] GC(35) Survivor regions: 3->3(7)
[2026-04-03T03:26:10.991+0600][19.316s][info][gc,heap        ] GC(35) Old regions: 31->31
[2026-04-03T03:26:10.991+0600][19.316s][info][gc,heap        ] GC(35) Humongous regions: 8->8
[2026-04-03T03:26:10.991+0600][19.316s][info][gc,metaspace   ] GC(35) Metaspace: 66899K(67776K)->66899K(67776K) NonClass: 58463K(58944K)->58463K(58944K) Class: 8436K(8832K)->8436K(8832K)
[2026-04-03T03:26:10.991+0600][19.316s][info][gc             ] GC(35) Pause Young (Concurrent Start) (G1 Evacuation Pause) 87M->37M(163M) 4.339ms
[2026-04-03T03:26:10.991+0600][19.316s][info][gc,cpu         ] GC(35) User=0.01s Sys=0.00s Real=0.01s
[2026-04-03T03:26:10.991+0600][19.316s][info][gc             ] GC(36) Concurrent Mark Cycle
[2026-04-03T03:26:10.991+0600][19.316s][info][gc,marking     ] GC(36) Concurrent Scan Root Regions
[2026-04-03T03:26:10.992+0600][19.318s][info][gc,marking     ] GC(36) Concurrent Scan Root Regions 1.320ms
[2026-04-03T03:26:10.992+0600][19.318s][info][gc,marking     ] GC(36) Concurrent Mark
[2026-04-03T03:26:10.992+0600][19.318s][info][gc,marking     ] GC(36) Concurrent Mark From Roots
[2026-04-03T03:26:10.992+0600][19.318s][info][gc,task        ] GC(36) Using 3 workers of 3 for marking
[2026-04-03T03:26:11.012+0600][19.337s][info][gc,marking     ] GC(36) Concurrent Mark From Roots 19.711ms
[2026-04-03T03:26:11.012+0600][19.337s][info][gc,marking     ] GC(36) Concurrent Preclean
[2026-04-03T03:26:11.012+0600][19.338s][info][gc,marking     ] GC(36) Concurrent Preclean 0.133ms
[2026-04-03T03:26:11.012+0600][19.338s][info][gc,start       ] GC(36) Pause Remark
[2026-04-03T03:26:11.024+0600][19.350s][info][gc             ] GC(36) Pause Remark 58M->58M(140M) 11.986ms
[2026-04-03T03:26:11.024+0600][19.350s][info][gc,cpu         ] GC(36) User=0.03s Sys=0.00s Real=0.01s
[2026-04-03T03:26:11.025+0600][19.350s][info][gc,marking     ] GC(36) Concurrent Mark 32.401ms
[2026-04-03T03:26:11.025+0600][19.350s][info][gc,marking     ] GC(36) Concurrent Rebuild Remembered Sets and Scrub Regions
[2026-04-03T03:26:11.034+0600][19.359s][info][gc,marking     ] GC(36) Concurrent Rebuild Remembered Sets and Scrub Regions 9.026ms
[2026-04-03T03:26:11.034+0600][19.360s][info][gc,start       ] GC(36) Pause Cleanup
[2026-04-03T03:26:11.034+0600][19.360s][info][gc             ] GC(36) Pause Cleanup 74M->74M(140M) 0.345ms
[2026-04-03T03:26:11.034+0600][19.360s][info][gc,cpu         ] GC(36) User=0.00s Sys=0.00s Real=0.00s
[2026-04-03T03:26:11.035+0600][19.360s][info][gc,marking     ] GC(36) Concurrent Clear Claimed Marks
[2026-04-03T03:26:11.035+0600][19.360s][info][gc,marking     ] GC(36) Concurrent Clear Claimed Marks 0.196ms
[2026-04-03T03:26:11.035+0600][19.360s][info][gc,marking     ] GC(36) Concurrent Cleanup for Next Mark
[2026-04-03T03:26:11.035+0600][19.361s][info][gc,marking     ] GC(36) Concurrent Cleanup for Next Mark 0.507ms
[2026-04-03T03:26:11.035+0600][19.361s][info][gc             ] GC(36) Concurrent Mark Cycle 44.620ms
[2026-04-03T03:26:11.054+0600][19.380s][info][gc,start       ] GC(37) Pause Young (Prepare Mixed) (G1 Evacuation Pause)
[2026-04-03T03:26:11.055+0600][19.380s][info][gc,task        ] GC(37) Using 3 workers of 10 for evacuation
[2026-04-03T03:26:11.058+0600][19.383s][info][gc,phases      ] GC(37)   Pre Evacuate Collection Set: 0.39ms
[2026-04-03T03:26:11.058+0600][19.384s][info][gc,phases      ] GC(37)   Merge Heap Roots: 0.17ms
[2026-04-03T03:26:11.058+0600][19.384s][info][gc,phases      ] GC(37)   Evacuate Collection Set: 1.93ms
[2026-04-03T03:26:11.058+0600][19.384s][info][gc,phases      ] GC(37)   Post Evacuate Collection Set: 0.75ms
[2026-04-03T03:26:11.058+0600][19.384s][info][gc,phases      ] GC(37)   Other: 0.10ms
[2026-04-03T03:26:11.058+0600][19.384s][info][gc,heap        ] GC(37) Eden regions: 73->0(65)
[2026-04-03T03:26:11.058+0600][19.384s][info][gc,heap        ] GC(37) Survivor regions: 3->3(10)
[2026-04-03T03:26:11.058+0600][19.384s][info][gc,heap        ] GC(37) Old regions: 31->31
[2026-04-03T03:26:11.058+0600][19.384s][info][gc,heap        ] GC(37) Humongous regions: 8->8
[2026-04-03T03:26:11.058+0600][19.384s][info][gc,metaspace   ] GC(37) Metaspace: 66744K(67776K)->66744K(67776K) NonClass: 58353K(58944K)->58353K(58944K) Class: 8390K(8832K)->8390K(8832K)
[2026-04-03T03:26:11.058+0600][19.384s][info][gc             ] GC(37) Pause Young (Prepare Mixed) (G1 Evacuation Pause) 110M->37M(140M) 3.612ms
[2026-04-03T03:26:11.058+0600][19.384s][info][gc,cpu         ] GC(37) User=0.00s Sys=0.00s Real=0.00s
[2026-04-03T03:26:11.088+0600][19.413s][info][gc,start       ] GC(38) Pause Young (Mixed) (G1 Evacuation Pause)
[2026-04-03T03:26:11.088+0600][19.413s][info][gc,task        ] GC(38) Using 3 workers of 10 for evacuation
[2026-04-03T03:26:11.091+0600][19.417s][info][gc,phases      ] GC(38)   Pre Evacuate Collection Set: 0.28ms
[2026-04-03T03:26:11.091+0600][19.417s][info][gc,phases      ] GC(38)   Merge Heap Roots: 0.20ms
[2026-04-03T03:26:11.091+0600][19.417s][info][gc,phases      ] GC(38)   Evacuate Collection Set: 2.27ms
[2026-04-03T03:26:11.091+0600][19.417s][info][gc,phases      ] GC(38)   Post Evacuate Collection Set: 0.68ms
[2026-04-03T03:26:11.092+0600][19.417s][info][gc,phases      ] GC(38)   Other: 0.21ms
[2026-04-03T03:26:11.092+0600][19.417s][info][gc,heap        ] GC(38) Eden regions: 65->0(70)
[2026-04-03T03:26:11.092+0600][19.417s][info][gc,heap        ] GC(38) Survivor regions: 3->3(9)
[2026-04-03T03:26:11.092+0600][19.417s][info][gc,heap        ] GC(38) Old regions: 31->30
[2026-04-03T03:26:11.092+0600][19.417s][info][gc,heap        ] GC(38) Humongous regions: 8->8
[2026-04-03T03:26:11.092+0600][19.417s][info][gc,metaspace   ] GC(38) Metaspace: 66745K(67776K)->66745K(67776K) NonClass: 58354K(58944K)->58354K(58944K) Class: 8390K(8832K)->8390K(8832K)
[2026-04-03T03:26:11.092+0600][19.417s][info][gc             ] GC(38) Pause Young (Mixed) (G1 Evacuation Pause) 102M->37M(140M) 3.866ms
[2026-04-03T03:26:11.092+0600][19.417s][info][gc,cpu         ] GC(38) User=0.00s Sys=0.01s Real=0.01s
[2026-04-03T03:26:11.127+0600][19.452s][info][gc,start       ] GC(39) Pause Young (Concurrent Start) (GCLocker Initiated GC)
[2026-04-03T03:26:11.127+0600][19.452s][info][gc,task        ] GC(39) Using 3 workers of 10 for evacuation
[2026-04-03T03:26:11.129+0600][19.455s][info][gc,phases      ] GC(39)   Pre Evacuate Collection Set: 0.22ms
[2026-04-03T03:26:11.129+0600][19.455s][info][gc,phases      ] GC(39)   Merge Heap Roots: 0.19ms
[2026-04-03T03:26:11.129+0600][19.455s][info][gc,phases      ] GC(39)   Evacuate Collection Set: 1.74ms
[2026-04-03T03:26:11.129+0600][19.455s][info][gc,phases      ] GC(39)   Post Evacuate Collection Set: 0.47ms
[2026-04-03T03:26:11.129+0600][19.455s][info][gc,phases      ] GC(39)   Other: 0.15ms
[2026-04-03T03:26:11.129+0600][19.455s][info][gc,heap        ] GC(39) Eden regions: 70->0(74)
[2026-04-03T03:26:11.129+0600][19.455s][info][gc,heap        ] GC(39) Survivor regions: 3->3(10)
[2026-04-03T03:26:11.129+0600][19.455s][info][gc,heap        ] GC(39) Old regions: 30->30
[2026-04-03T03:26:11.129+0600][19.455s][info][gc,heap        ] GC(39) Humongous regions: 8->8
[2026-04-03T03:26:11.129+0600][19.455s][info][gc,metaspace   ] GC(39) Metaspace: 66748K(67776K)->66748K(67776K) NonClass: 58357K(58944K)->58357K(58944K) Class: 8390K(8832K)->8390K(8832K)
[2026-04-03T03:26:11.130+0600][19.455s][info][gc             ] GC(39) Pause Young (Concurrent Start) (GCLocker Initiated GC) 107M->37M(140M) 2.968ms
[2026-04-03T03:26:11.130+0600][19.455s][info][gc             ] GC(40) Concurrent Mark Cycle
[2026-04-03T03:26:11.130+0600][19.455s][info][gc,cpu         ] GC(39) User=0.01s Sys=0.00s Real=0.00s
[2026-04-03T03:26:11.130+0600][19.455s][info][gc,marking     ] GC(40) Concurrent Scan Root Regions
[2026-04-03T03:26:11.131+0600][19.457s][info][gc,marking     ] GC(40) Concurrent Scan Root Regions 1.432ms
[2026-04-03T03:26:11.131+0600][19.457s][info][gc,marking     ] GC(40) Concurrent Mark
[2026-04-03T03:26:11.131+0600][19.457s][info][gc,marking     ] GC(40) Concurrent Mark From Roots
[2026-04-03T03:26:11.131+0600][19.457s][info][gc,task        ] GC(40) Using 3 workers of 3 for marking
[2026-04-03T03:26:11.149+0600][19.474s][info][gc,marking     ] GC(40) Concurrent Mark From Roots 17.423ms
[2026-04-03T03:26:11.149+0600][19.474s][info][gc,marking     ] GC(40) Concurrent Preclean
[2026-04-03T03:26:11.149+0600][19.474s][info][gc,marking     ] GC(40) Concurrent Preclean 0.151ms
[2026-04-03T03:26:11.149+0600][19.475s][info][gc,start       ] GC(40) Pause Remark
[2026-04-03T03:26:11.154+0600][19.480s][info][gc             ] GC(40) Pause Remark 71M->71M(137M) 5.299ms
[2026-04-03T03:26:11.154+0600][19.480s][info][gc,cpu         ] GC(40) User=0.01s Sys=0.00s Real=0.01s
[2026-04-03T03:26:11.155+0600][19.480s][info][gc,marking     ] GC(40) Concurrent Mark 23.663ms
[2026-04-03T03:26:11.155+0600][19.480s][info][gc,marking     ] GC(40) Concurrent Rebuild Remembered Sets and Scrub Regions
[2026-04-03T03:26:11.164+0600][19.489s][info][gc,marking     ] GC(40) Concurrent Rebuild Remembered Sets and Scrub Regions 8.859ms
[2026-04-03T03:26:11.164+0600][19.490s][info][gc,start       ] GC(40) Pause Cleanup
[2026-04-03T03:26:11.164+0600][19.490s][info][gc             ] GC(40) Pause Cleanup 86M->86M(137M) 0.343ms
[2026-04-03T03:26:11.164+0600][19.490s][info][gc,cpu         ] GC(40) User=0.00s Sys=0.00s Real=0.00s
[2026-04-03T03:26:11.165+0600][19.490s][info][gc,marking     ] GC(40) Concurrent Clear Claimed Marks
[2026-04-03T03:26:11.165+0600][19.490s][info][gc,marking     ] GC(40) Concurrent Clear Claimed Marks 0.158ms
[2026-04-03T03:26:11.165+0600][19.490s][info][gc,marking     ] GC(40) Concurrent Cleanup for Next Mark
[2026-04-03T03:26:11.165+0600][19.491s][info][gc,marking     ] GC(40) Concurrent Cleanup for Next Mark 0.306ms
[2026-04-03T03:26:11.165+0600][19.491s][info][gc             ] GC(40) Concurrent Mark Cycle 35.522ms
[2026-04-03T03:26:11.178+0600][19.504s][info][gc,start       ] GC(41) Pause Young (Prepare Mixed) (G1 Evacuation Pause)
[2026-04-03T03:26:11.178+0600][19.504s][info][gc,task        ] GC(41) Using 3 workers of 10 for evacuation
[2026-04-03T03:26:11.182+0600][19.507s][info][gc,phases      ] GC(41)   Pre Evacuate Collection Set: 0.12ms
[2026-04-03T03:26:11.182+0600][19.508s][info][gc,phases      ] GC(41)   Merge Heap Roots: 0.14ms
[2026-04-03T03:26:11.182+0600][19.508s][info][gc,phases      ] GC(41)   Evacuate Collection Set: 1.90ms
[2026-04-03T03:26:11.182+0600][19.508s][info][gc,phases      ] GC(41)   Post Evacuate Collection Set: 1.34ms
[2026-04-03T03:26:11.182+0600][19.508s][info][gc,phases      ] GC(41)   Other: 0.07ms
[2026-04-03T03:26:11.182+0600][19.508s][info][gc,heap        ] GC(41) Eden regions: 74->0(139)
[2026-04-03T03:26:11.182+0600][19.508s][info][gc,heap        ] GC(41) Survivor regions: 3->3(10)
[2026-04-03T03:26:11.182+0600][19.508s][info][gc,heap        ] GC(41) Old regions: 30->30
[2026-04-03T03:26:11.182+0600][19.508s][info][gc,heap        ] GC(41) Humongous regions: 8->8
[2026-04-03T03:26:11.182+0600][19.508s][info][gc,metaspace   ] GC(41) Metaspace: 66749K(67776K)->66749K(67776K) NonClass: 58358K(58944K)->58358K(58944K) Class: 8390K(8832K)->8390K(8832K)
[2026-04-03T03:26:11.182+0600][19.508s][info][gc             ] GC(41) Pause Young (Prepare Mixed) (G1 Evacuation Pause) 111M->36M(238M) 3.774ms
[2026-04-03T03:26:11.182+0600][19.508s][info][gc,cpu         ] GC(41) User=0.01s Sys=0.00s Real=0.01s
[2026-04-03T03:26:11.270+0600][19.596s][info][gc,start       ] GC(42) Pause Young (Mixed) (G1 Evacuation Pause)
[2026-04-03T03:26:11.270+0600][19.596s][info][gc,task        ] GC(42) Using 5 workers of 10 for evacuation
[2026-04-03T03:26:11.273+0600][19.599s][info][gc,phases      ] GC(42)   Pre Evacuate Collection Set: 0.26ms
[2026-04-03T03:26:11.273+0600][19.599s][info][gc,phases      ] GC(42)   Merge Heap Roots: 0.09ms
[2026-04-03T03:26:11.273+0600][19.599s][info][gc,phases      ] GC(42)   Evacuate Collection Set: 1.84ms
[2026-04-03T03:26:11.273+0600][19.599s][info][gc,phases      ] GC(42)   Post Evacuate Collection Set: 0.66ms
[2026-04-03T03:26:11.273+0600][19.599s][info][gc,phases      ] GC(42)   Other: 0.11ms
[2026-04-03T03:26:11.273+0600][19.599s][info][gc,heap        ] GC(42) Eden regions: 139->0(139)
[2026-04-03T03:26:11.273+0600][19.599s][info][gc,heap        ] GC(42) Survivor regions: 3->3(18)
[2026-04-03T03:26:11.273+0600][19.599s][info][gc,heap        ] GC(42) Old regions: 30->30
[2026-04-03T03:26:11.273+0600][19.599s][info][gc,heap        ] GC(42) Humongous regions: 8->8
[2026-04-03T03:26:11.273+0600][19.599s][info][gc,metaspace   ] GC(42) Metaspace: 66758K(67776K)->66758K(67776K) NonClass: 58367K(58944K)->58367K(58944K) Class: 8390K(8832K)->8390K(8832K)
[2026-04-03T03:26:11.273+0600][19.599s][info][gc             ] GC(42) Pause Young (Mixed) (G1 Evacuation Pause) 175M->37M(238M) 3.224ms
[2026-04-03T03:26:11.273+0600][19.599s][info][gc,cpu         ] GC(42) User=0.01s Sys=0.00s Real=0.00s
[2026-04-03T03:26:11.336+0600][19.661s][info][gc,start       ] GC(43) Pause Young (Concurrent Start) (G1 Evacuation Pause)
[2026-04-03T03:26:11.336+0600][19.661s][info][gc,task        ] GC(43) Using 5 workers of 10 for evacuation
[2026-04-03T03:26:11.339+0600][19.664s][info][gc,phases      ] GC(43)   Pre Evacuate Collection Set: 0.35ms
[2026-04-03T03:26:11.339+0600][19.664s][info][gc,phases      ] GC(43)   Merge Heap Roots: 0.08ms
[2026-04-03T03:26:11.339+0600][19.664s][info][gc,phases      ] GC(43)   Evacuate Collection Set: 1.37ms
[2026-04-03T03:26:11.339+0600][19.664s][info][gc,phases      ] GC(43)   Post Evacuate Collection Set: 0.54ms
[2026-04-03T03:26:11.339+0600][19.664s][info][gc,phases      ] GC(43)   Other: 0.21ms
[2026-04-03T03:26:11.339+0600][19.664s][info][gc,heap        ] GC(43) Eden regions: 139->0(139)
[2026-04-03T03:26:11.339+0600][19.664s][info][gc,heap        ] GC(43) Survivor regions: 3->3(18)
[2026-04-03T03:26:11.339+0600][19.664s][info][gc,heap        ] GC(43) Old regions: 30->30
[2026-04-03T03:26:11.339+0600][19.664s][info][gc,heap        ] GC(43) Humongous regions: 8->8
[2026-04-03T03:26:11.339+0600][19.664s][info][gc,metaspace   ] GC(43) Metaspace: 66759K(67776K)->66759K(67776K) NonClass: 58368K(58944K)->58368K(58944K) Class: 8390K(8832K)->8390K(8832K)
[2026-04-03T03:26:11.339+0600][19.664s][info][gc             ] GC(43) Pause Young (Concurrent Start) (G1 Evacuation Pause) 176M->37M(238M) 2.801ms
[2026-04-03T03:26:11.339+0600][19.664s][info][gc,cpu         ] GC(43) User=0.01s Sys=0.00s Real=0.00s
[2026-04-03T03:26:11.339+0600][19.664s][info][gc             ] GC(44) Concurrent Mark Cycle
[2026-04-03T03:26:11.339+0600][19.664s][info][gc,marking     ] GC(44) Concurrent Scan Root Regions
[2026-04-03T03:26:11.340+0600][19.666s][info][gc,marking     ] GC(44) Concurrent Scan Root Regions 1.370ms
[2026-04-03T03:26:11.340+0600][19.666s][info][gc,marking     ] GC(44) Concurrent Mark
[2026-04-03T03:26:11.340+0600][19.666s][info][gc,marking     ] GC(44) Concurrent Mark From Roots
[2026-04-03T03:26:11.340+0600][19.666s][info][gc,task        ] GC(44) Using 3 workers of 3 for marking
[2026-04-03T03:26:11.360+0600][19.686s][info][gc,marking     ] GC(44) Concurrent Mark From Roots 20.098ms
[2026-04-03T03:26:11.361+0600][19.686s][info][gc,marking     ] GC(44) Concurrent Preclean
[2026-04-03T03:26:11.361+0600][19.686s][info][gc,marking     ] GC(44) Concurrent Preclean 0.134ms
[2026-04-03T03:26:11.361+0600][19.686s][info][gc,start       ] GC(44) Pause Remark
[2026-04-03T03:26:11.365+0600][19.690s][info][gc             ] GC(44) Pause Remark 73M->73M(137M) 3.968ms
[2026-04-03T03:26:11.365+0600][19.690s][info][gc,cpu         ] GC(44) User=0.02s Sys=0.00s Real=0.00s
[2026-04-03T03:26:11.365+0600][19.691s][info][gc,marking     ] GC(44) Concurrent Mark 24.687ms
[2026-04-03T03:26:11.365+0600][19.691s][info][gc,marking     ] GC(44) Concurrent Rebuild Remembered Sets and Scrub Regions
[2026-04-03T03:26:11.375+0600][19.700s][info][gc,marking     ] GC(44) Concurrent Rebuild Remembered Sets and Scrub Regions 9.644ms
[2026-04-03T03:26:11.375+0600][19.701s][info][gc,start       ] GC(44) Pause Cleanup
[2026-04-03T03:26:11.375+0600][19.701s][info][gc             ] GC(44) Pause Cleanup 90M->90M(137M) 0.332ms
[2026-04-03T03:26:11.375+0600][19.701s][info][gc,cpu         ] GC(44) User=0.00s Sys=0.00s Real=0.00s
[2026-04-03T03:26:11.376+0600][19.701s][info][gc,marking     ] GC(44) Concurrent Clear Claimed Marks
[2026-04-03T03:26:11.376+0600][19.701s][info][gc,marking     ] GC(44) Concurrent Clear Claimed Marks 0.199ms
[2026-04-03T03:26:11.376+0600][19.701s][info][gc,marking     ] GC(44) Concurrent Cleanup for Next Mark
[2026-04-03T03:26:11.376+0600][19.702s][info][gc,marking     ] GC(44) Concurrent Cleanup for Next Mark 0.717ms
[2026-04-03T03:26:11.377+0600][19.702s][info][gc             ] GC(44) Concurrent Mark Cycle 37.639ms
[2026-04-03T03:26:11.391+0600][19.716s][info][gc,start       ] GC(45) Pause Young (Prepare Mixed) (G1 Evacuation Pause)
[2026-04-03T03:26:11.391+0600][19.716s][info][gc,task        ] GC(45) Using 4 workers of 10 for evacuation
[2026-04-03T03:26:11.393+0600][19.719s][info][gc,phases      ] GC(45)   Pre Evacuate Collection Set: 0.20ms
[2026-04-03T03:26:11.393+0600][19.719s][info][gc,phases      ] GC(45)   Merge Heap Roots: 0.20ms
[2026-04-03T03:26:11.393+0600][19.719s][info][gc,phases      ] GC(45)   Evacuate Collection Set: 1.46ms
[2026-04-03T03:26:11.393+0600][19.719s][info][gc,phases      ] GC(45)   Post Evacuate Collection Set: 0.49ms
[2026-04-03T03:26:11.393+0600][19.719s][info][gc,phases      ] GC(45)   Other: 0.10ms
[2026-04-03T03:26:11.393+0600][19.719s][info][gc,heap        ] GC(45) Eden regions: 79->0(79)
[2026-04-03T03:26:11.393+0600][19.719s][info][gc,heap        ] GC(45) Survivor regions: 3->3(11)
[2026-04-03T03:26:11.393+0600][19.719s][info][gc,heap        ] GC(45) Old regions: 30->30
[2026-04-03T03:26:11.393+0600][19.719s][info][gc,heap        ] GC(45) Humongous regions: 8->8
[2026-04-03T03:26:11.393+0600][19.719s][info][gc,metaspace   ] GC(45) Metaspace: 66759K(67776K)->66759K(67776K) NonClass: 58368K(58944K)->58368K(58944K) Class: 8390K(8832K)->8390K(8832K)
[2026-04-03T03:26:11.393+0600][19.719s][info][gc             ] GC(45) Pause Young (Prepare Mixed) (G1 Evacuation Pause) 116M->37M(137M) 2.664ms
[2026-04-03T03:26:11.393+0600][19.719s][info][gc,cpu         ] GC(45) User=0.01s Sys=0.00s Real=0.00s
[2026-04-03T03:26:11.454+0600][19.779s][info][gc,start       ] GC(46) Pause Young (Mixed) (G1 Evacuation Pause)
[2026-04-03T03:26:11.454+0600][19.780s][info][gc,task        ] GC(46) Using 3 workers of 10 for evacuation
[2026-04-03T03:26:11.459+0600][19.784s][info][gc,phases      ] GC(46)   Pre Evacuate Collection Set: 0.39ms
[2026-04-03T03:26:11.459+0600][19.784s][info][gc,phases      ] GC(46)   Merge Heap Roots: 0.13ms
[2026-04-03T03:26:11.459+0600][19.784s][info][gc,phases      ] GC(46)   Evacuate Collection Set: 2.48ms
[2026-04-03T03:26:11.459+0600][19.784s][info][gc,phases      ] GC(46)   Post Evacuate Collection Set: 1.79ms
[2026-04-03T03:26:11.459+0600][19.784s][info][gc,phases      ] GC(46)   Other: 0.08ms
[2026-04-03T03:26:11.459+0600][19.784s][info][gc,heap        ] GC(46) Eden regions: 79->0(161)
[2026-04-03T03:26:11.459+0600][19.784s][info][gc,heap        ] GC(46) Survivor regions: 3->3(11)
[2026-04-03T03:26:11.459+0600][19.784s][info][gc,heap        ] GC(46) Old regions: 30->30
[2026-04-03T03:26:11.459+0600][19.784s][info][gc,heap        ] GC(46) Humongous regions: 8->8
[2026-04-03T03:26:11.459+0600][19.785s][info][gc,metaspace   ] GC(46) Metaspace: 66764K(67776K)->66764K(67776K) NonClass: 58373K(58944K)->58373K(58944K) Class: 8390K(8832K)->8390K(8832K)
[2026-04-03T03:26:11.459+0600][19.785s][info][gc             ] GC(46) Pause Young (Mixed) (G1 Evacuation Pause) 116M->37M(274M) 5.100ms
[2026-04-03T03:26:11.459+0600][19.785s][info][gc,cpu         ] GC(46) User=0.01s Sys=0.00s Real=0.00s
[2026-04-03T03:26:11.541+0600][19.867s][info][gc,start       ] GC(47) Pause Young (Concurrent Start) (G1 Evacuation Pause)
[2026-04-03T03:26:11.541+0600][19.867s][info][gc,task        ] GC(47) Using 6 workers of 10 for evacuation
[2026-04-03T03:26:11.544+0600][19.870s][info][gc,phases      ] GC(47)   Pre Evacuate Collection Set: 0.40ms
[2026-04-03T03:26:11.544+0600][19.870s][info][gc,phases      ] GC(47)   Merge Heap Roots: 0.10ms
[2026-04-03T03:26:11.544+0600][19.870s][info][gc,phases      ] GC(47)   Evacuate Collection Set: 1.20ms
[2026-04-03T03:26:11.544+0600][19.870s][info][gc,phases      ] GC(47)   Post Evacuate Collection Set: 0.72ms
[2026-04-03T03:26:11.544+0600][19.870s][info][gc,phases      ] GC(47)   Other: 0.38ms
[2026-04-03T03:26:11.544+0600][19.870s][info][gc,heap        ] GC(47) Eden regions: 161->0(161)
[2026-04-03T03:26:11.544+0600][19.870s][info][gc,heap        ] GC(47) Survivor regions: 3->3(21)
[2026-04-03T03:26:11.544+0600][19.870s][info][gc,heap        ] GC(47) Old regions: 30->30
[2026-04-03T03:26:11.544+0600][19.870s][info][gc,heap        ] GC(47) Humongous regions: 8->8
[2026-04-03T03:26:11.544+0600][19.870s][info][gc,metaspace   ] GC(47) Metaspace: 66764K(67776K)->66764K(67776K) NonClass: 58373K(58944K)->58373K(58944K) Class: 8390K(8832K)->8390K(8832K)
[2026-04-03T03:26:11.544+0600][19.870s][info][gc             ] GC(47) Pause Young (Concurrent Start) (G1 Evacuation Pause) 198M->37M(274M) 3.033ms
[2026-04-03T03:26:11.544+0600][19.870s][info][gc,cpu         ] GC(47) User=0.00s Sys=0.00s Real=0.00s
[2026-04-03T03:26:11.544+0600][19.870s][info][gc             ] GC(48) Concurrent Mark Cycle
[2026-04-03T03:26:11.545+0600][19.870s][info][gc,marking     ] GC(48) Concurrent Scan Root Regions
[2026-04-03T03:26:11.546+0600][19.872s][info][gc,marking     ] GC(48) Concurrent Scan Root Regions 1.455ms
[2026-04-03T03:26:11.546+0600][19.872s][info][gc,marking     ] GC(48) Concurrent Mark
[2026-04-03T03:26:11.546+0600][19.872s][info][gc,marking     ] GC(48) Concurrent Mark From Roots
[2026-04-03T03:26:11.546+0600][19.872s][info][gc,task        ] GC(48) Using 3 workers of 3 for marking
[2026-04-03T03:26:11.564+0600][19.889s][info][gc,marking     ] GC(48) Concurrent Mark From Roots 17.548ms
[2026-04-03T03:26:11.564+0600][19.889s][info][gc,marking     ] GC(48) Concurrent Preclean
[2026-04-03T03:26:11.564+0600][19.889s][info][gc,marking     ] GC(48) Concurrent Preclean 0.142ms
[2026-04-03T03:26:11.564+0600][19.890s][info][gc,start       ] GC(48) Pause Remark
[2026-04-03T03:26:11.568+0600][19.893s][info][gc             ] GC(48) Pause Remark 71M->71M(137M) 3.786ms
[2026-04-03T03:26:11.568+0600][19.893s][info][gc,cpu         ] GC(48) User=0.02s Sys=0.00s Real=0.00s
[2026-04-03T03:26:11.568+0600][19.894s][info][gc,marking     ] GC(48) Concurrent Mark 22.025ms
[2026-04-03T03:26:11.568+0600][19.894s][info][gc,marking     ] GC(48) Concurrent Rebuild Remembered Sets and Scrub Regions
[2026-04-03T03:26:11.577+0600][19.903s][info][gc,marking     ] GC(48) Concurrent Rebuild Remembered Sets and Scrub Regions 9.318ms
[2026-04-03T03:26:11.578+0600][19.903s][info][gc,start       ] GC(48) Pause Cleanup
[2026-04-03T03:26:11.578+0600][19.904s][info][gc             ] GC(48) Pause Cleanup 87M->87M(137M) 0.231ms
[2026-04-03T03:26:11.578+0600][19.904s][info][gc,cpu         ] GC(48) User=0.00s Sys=0.00s Real=0.00s
[2026-04-03T03:26:11.578+0600][19.904s][info][gc,marking     ] GC(48) Concurrent Clear Claimed Marks
[2026-04-03T03:26:11.578+0600][19.904s][info][gc,marking     ] GC(48) Concurrent Clear Claimed Marks 0.151ms
[2026-04-03T03:26:11.578+0600][19.904s][info][gc,marking     ] GC(48) Concurrent Cleanup for Next Mark
[2026-04-03T03:26:11.579+0600][19.904s][info][gc,marking     ] GC(48) Concurrent Cleanup for Next Mark 0.476ms
[2026-04-03T03:26:11.579+0600][19.904s][info][gc             ] GC(48) Concurrent Mark Cycle 34.429ms
[2026-04-03T03:26:11.595+0600][19.920s][info][gc,start       ] GC(49) Pause Young (Prepare Mixed) (G1 Evacuation Pause)
[2026-04-03T03:26:11.595+0600][19.921s][info][gc,task        ] GC(49) Using 4 workers of 10 for evacuation
[2026-04-03T03:26:11.597+0600][19.923s][info][gc,phases      ] GC(49)   Pre Evacuate Collection Set: 0.27ms
[2026-04-03T03:26:11.597+0600][19.923s][info][gc,phases      ] GC(49)   Merge Heap Roots: 0.09ms
[2026-04-03T03:26:11.597+0600][19.923s][info][gc,phases      ] GC(49)   Evacuate Collection Set: 1.51ms
[2026-04-03T03:26:11.597+0600][19.923s][info][gc,phases      ] GC(49)   Post Evacuate Collection Set: 0.50ms
[2026-04-03T03:26:11.597+0600][19.923s][info][gc,phases      ] GC(49)   Other: 0.07ms
[2026-04-03T03:26:11.598+0600][19.923s][info][gc,heap        ] GC(49) Eden regions: 85->0(79)
[2026-04-03T03:26:11.598+0600][19.923s][info][gc,heap        ] GC(49) Survivor regions: 3->3(11)
[2026-04-03T03:26:11.598+0600][19.923s][info][gc,heap        ] GC(49) Old regions: 30->30
[2026-04-03T03:26:11.598+0600][19.923s][info][gc,heap        ] GC(49) Humongous regions: 8->8
[2026-04-03T03:26:11.598+0600][19.923s][info][gc,metaspace   ] GC(49) Metaspace: 66764K(67776K)->66764K(67776K) NonClass: 58373K(58944K)->58373K(58944K) Class: 8390K(8832K)->8390K(8832K)
[2026-04-03T03:26:11.598+0600][19.923s][info][gc             ] GC(49) Pause Young (Prepare Mixed) (G1 Evacuation Pause) 122M->36M(137M) 2.649ms
[2026-04-03T03:26:11.598+0600][19.923s][info][gc,cpu         ] GC(49) User=0.01s Sys=0.00s Real=0.00s
[2026-04-03T03:26:11.633+0600][19.958s][info][gc,start       ] GC(50) Pause Young (Mixed) (G1 Evacuation Pause)
[2026-04-03T03:26:11.633+0600][19.958s][info][gc,task        ] GC(50) Using 3 workers of 10 for evacuation
[2026-04-03T03:26:11.636+0600][19.962s][info][gc,phases      ] GC(50)   Pre Evacuate Collection Set: 0.42ms
[2026-04-03T03:26:11.637+0600][19.962s][info][gc,phases      ] GC(50)   Merge Heap Roots: 0.10ms
[2026-04-03T03:26:11.637+0600][19.962s][info][gc,phases      ] GC(50)   Evacuate Collection Set: 2.46ms
[2026-04-03T03:26:11.637+0600][19.962s][info][gc,phases      ] GC(50)   Post Evacuate Collection Set: 0.62ms
[2026-04-03T03:26:11.637+0600][19.962s][info][gc,phases      ] GC(50)   Other: 0.07ms
[2026-04-03T03:26:11.637+0600][19.962s][info][gc,heap        ] GC(50) Eden regions: 79->0(79)
[2026-04-03T03:26:11.637+0600][19.962s][info][gc,heap        ] GC(50) Survivor regions: 3->3(11)
[2026-04-03T03:26:11.637+0600][19.962s][info][gc,heap        ] GC(50) Old regions: 30->30
[2026-04-03T03:26:11.637+0600][19.962s][info][gc,heap        ] GC(50) Humongous regions: 8->8
[2026-04-03T03:26:11.637+0600][19.962s][info][gc,metaspace   ] GC(50) Metaspace: 66764K(67776K)->66764K(67776K) NonClass: 58373K(58944K)->58373K(58944K) Class: 8390K(8832K)->8390K(8832K)
[2026-04-03T03:26:11.637+0600][19.962s][info][gc             ] GC(50) Pause Young (Mixed) (G1 Evacuation Pause) 115M->37M(137M) 3.877ms
[2026-04-03T03:26:11.637+0600][19.962s][info][gc,cpu         ] GC(50) User=0.00s Sys=0.00s Real=0.00s
[2026-04-03T03:26:11.683+0600][20.008s][info][gc,start       ] GC(51) Pause Young (Concurrent Start) (G1 Evacuation Pause)
[2026-04-03T03:26:11.683+0600][20.008s][info][gc,task        ] GC(51) Using 3 workers of 10 for evacuation
[2026-04-03T03:26:11.686+0600][20.011s][info][gc,phases      ] GC(51)   Pre Evacuate Collection Set: 0.36ms
[2026-04-03T03:26:11.686+0600][20.011s][info][gc,phases      ] GC(51)   Merge Heap Roots: 0.08ms
[2026-04-03T03:26:11.686+0600][20.011s][info][gc,phases      ] GC(51)   Evacuate Collection Set: 1.64ms
[2026-04-03T03:26:11.686+0600][20.011s][info][gc,phases      ] GC(51)   Post Evacuate Collection Set: 0.37ms
[2026-04-03T03:26:11.686+0600][20.011s][info][gc,phases      ] GC(51)   Other: 0.14ms
[2026-04-03T03:26:11.686+0600][20.011s][info][gc,heap        ] GC(51) Eden regions: 79->0(81)
[2026-04-03T03:26:11.686+0600][20.011s][info][gc,heap        ] GC(51) Survivor regions: 3->1(11)
[2026-04-03T03:26:11.686+0600][20.011s][info][gc,heap        ] GC(51) Old regions: 30->32
[2026-04-03T03:26:11.686+0600][20.011s][info][gc,heap        ] GC(51) Humongous regions: 8->8
[2026-04-03T03:26:11.686+0600][20.011s][info][gc,metaspace   ] GC(51) Metaspace: 66776K(67776K)->66776K(67776K) NonClass: 58385K(58944K)->58385K(58944K) Class: 8390K(8832K)->8390K(8832K)
[2026-04-03T03:26:11.686+0600][20.011s][info][gc             ] GC(51) Pause Young (Concurrent Start) (G1 Evacuation Pause) 116M->37M(137M) 2.777ms
[2026-04-03T03:26:11.686+0600][20.011s][info][gc             ] GC(52) Concurrent Mark Cycle
[2026-04-03T03:26:11.686+0600][20.011s][info][gc,cpu         ] GC(51) User=0.01s Sys=0.00s Real=0.00s
[2026-04-03T03:26:11.686+0600][20.011s][info][gc,marking     ] GC(52) Concurrent Scan Root Regions
[2026-04-03T03:26:11.687+0600][20.012s][info][gc,marking     ] GC(52) Concurrent Scan Root Regions 1.232ms
[2026-04-03T03:26:11.687+0600][20.013s][info][gc,marking     ] GC(52) Concurrent Mark
[2026-04-03T03:26:11.687+0600][20.013s][info][gc,marking     ] GC(52) Concurrent Mark From Roots
[2026-04-03T03:26:11.687+0600][20.013s][info][gc,task        ] GC(52) Using 3 workers of 3 for marking
[2026-04-03T03:26:11.706+0600][20.032s][info][gc,marking     ] GC(52) Concurrent Mark From Roots 19.190ms
[2026-04-03T03:26:11.706+0600][20.032s][info][gc,marking     ] GC(52) Concurrent Preclean
[2026-04-03T03:26:11.706+0600][20.032s][info][gc,marking     ] GC(52) Concurrent Preclean 0.152ms
[2026-04-03T03:26:11.707+0600][20.032s][info][gc,start       ] GC(52) Pause Remark
[2026-04-03T03:26:11.713+0600][20.038s][info][gc             ] GC(52) Pause Remark 71M->71M(137M) 5.811ms
[2026-04-03T03:26:11.713+0600][20.038s][info][gc,cpu         ] GC(52) User=0.02s Sys=0.01s Real=0.01s
[2026-04-03T03:26:11.713+0600][20.038s][info][gc,marking     ] GC(52) Concurrent Mark 25.802ms
[2026-04-03T03:26:11.713+0600][20.038s][info][gc,marking     ] GC(52) Concurrent Rebuild Remembered Sets and Scrub Regions
[2026-04-03T03:26:11.723+0600][20.049s][info][gc,marking     ] GC(52) Concurrent Rebuild Remembered Sets and Scrub Regions 10.407ms
[2026-04-03T03:26:11.724+0600][20.049s][info][gc,start       ] GC(52) Pause Cleanup
[2026-04-03T03:26:11.724+0600][20.049s][info][gc             ] GC(52) Pause Cleanup 91M->91M(137M) 0.320ms
[2026-04-03T03:26:11.724+0600][20.050s][info][gc,cpu         ] GC(52) User=0.00s Sys=0.00s Real=0.00s
[2026-04-03T03:26:11.724+0600][20.050s][info][gc,marking     ] GC(52) Concurrent Clear Claimed Marks
[2026-04-03T03:26:11.724+0600][20.050s][info][gc,marking     ] GC(52) Concurrent Clear Claimed Marks 0.144ms
[2026-04-03T03:26:11.724+0600][20.050s][info][gc,marking     ] GC(52) Concurrent Cleanup for Next Mark
[2026-04-03T03:26:11.725+0600][20.050s][info][gc,marking     ] GC(52) Concurrent Cleanup for Next Mark 0.333ms
[2026-04-03T03:26:11.725+0600][20.050s][info][gc             ] GC(52) Concurrent Mark Cycle 38.997ms
[2026-04-03T03:26:11.737+0600][20.063s][info][gc,start       ] GC(53) Pause Young (Prepare Mixed) (G1 Evacuation Pause)
[2026-04-03T03:26:11.737+0600][20.063s][info][gc,task        ] GC(53) Using 3 workers of 10 for evacuation
[2026-04-03T03:26:11.740+0600][20.066s][info][gc,phases      ] GC(53)   Pre Evacuate Collection Set: 0.35ms
[2026-04-03T03:26:11.740+0600][20.066s][info][gc,phases      ] GC(53)   Merge Heap Roots: 0.26ms
[2026-04-03T03:26:11.740+0600][20.066s][info][gc,phases      ] GC(53)   Evacuate Collection Set: 0.89ms
[2026-04-03T03:26:11.740+0600][20.066s][info][gc,phases      ] GC(53)   Post Evacuate Collection Set: 1.29ms
[2026-04-03T03:26:11.740+0600][20.066s][info][gc,phases      ] GC(53)   Other: 0.08ms
[2026-04-03T03:26:11.740+0600][20.066s][info][gc,heap        ] GC(53) Eden regions: 81->0(146)
[2026-04-03T03:26:11.740+0600][20.066s][info][gc,heap        ] GC(53) Survivor regions: 1->1(11)
[2026-04-03T03:26:11.740+0600][20.066s][info][gc,heap        ] GC(53) Old regions: 32->33
[2026-04-03T03:26:11.740+0600][20.066s][info][gc,heap        ] GC(53) Humongous regions: 8->8
[2026-04-03T03:26:11.740+0600][20.066s][info][gc,metaspace   ] GC(53) Metaspace: 66777K(67776K)->66777K(67776K) NonClass: 58386K(58944K)->58386K(58944K) Class: 8390K(8832K)->8390K(8832K)
[2026-04-03T03:26:11.740+0600][20.066s][info][gc             ] GC(53) Pause Young (Prepare Mixed) (G1 Evacuation Pause) 118M->37M(246M) 3.042ms
[2026-04-03T03:26:11.740+0600][20.066s][info][gc,cpu         ] GC(53) User=0.01s Sys=0.00s Real=0.01s
[2026-04-03T03:26:11.833+0600][20.159s][info][gc,start       ] GC(54) Pause Young (Mixed) (G1 Evacuation Pause)
[2026-04-03T03:26:11.833+0600][20.159s][info][gc,task        ] GC(54) Using 5 workers of 10 for evacuation
[2026-04-03T03:26:11.835+0600][20.160s][info][gc,phases      ] GC(54)   Pre Evacuate Collection Set: 0.29ms
[2026-04-03T03:26:11.835+0600][20.161s][info][gc,phases      ] GC(54)   Merge Heap Roots: 0.15ms
[2026-04-03T03:26:11.835+0600][20.161s][info][gc,phases      ] GC(54)   Evacuate Collection Set: 0.61ms
[2026-04-03T03:26:11.835+0600][20.161s][info][gc,phases      ] GC(54)   Post Evacuate Collection Set: 0.45ms
[2026-04-03T03:26:11.835+0600][20.161s][info][gc,phases      ] GC(54)   Other: 0.09ms
[2026-04-03T03:26:11.835+0600][20.161s][info][gc,heap        ] GC(54) Eden regions: 146->0(146)
[2026-04-03T03:26:11.835+0600][20.161s][info][gc,heap        ] GC(54) Survivor regions: 1->1(19)
[2026-04-03T03:26:11.835+0600][20.161s][info][gc,heap        ] GC(54) Old regions: 33->32
[2026-04-03T03:26:11.835+0600][20.161s][info][gc,heap        ] GC(54) Humongous regions: 8->8
[2026-04-03T03:26:11.835+0600][20.161s][info][gc,metaspace   ] GC(54) Metaspace: 66778K(67776K)->66778K(67776K) NonClass: 58387K(58944K)->58387K(58944K) Class: 8390K(8832K)->8390K(8832K)
[2026-04-03T03:26:11.835+0600][20.161s][info][gc             ] GC(54) Pause Young (Mixed) (G1 Evacuation Pause) 183M->37M(246M) 1.798ms
[2026-04-03T03:26:11.835+0600][20.161s][info][gc,cpu         ] GC(54) User=0.00s Sys=0.00s Real=0.00s
[2026-04-03T03:26:11.900+0600][20.226s][info][gc,start       ] GC(55) Pause Young (Concurrent Start) (G1 Evacuation Pause)
[2026-04-03T03:26:11.900+0600][20.226s][info][gc,task        ] GC(55) Using 5 workers of 10 for evacuation
[2026-04-03T03:26:11.902+0600][20.228s][info][gc,phases      ] GC(55)   Pre Evacuate Collection Set: 0.30ms
[2026-04-03T03:26:11.902+0600][20.228s][info][gc,phases      ] GC(55)   Merge Heap Roots: 0.21ms
[2026-04-03T03:26:11.902+0600][20.228s][info][gc,phases      ] GC(55)   Evacuate Collection Set: 1.01ms
[2026-04-03T03:26:11.902+0600][20.228s][info][gc,phases      ] GC(55)   Post Evacuate Collection Set: 0.56ms
[2026-04-03T03:26:11.902+0600][20.228s][info][gc,phases      ] GC(55)   Other: 0.28ms
[2026-04-03T03:26:11.903+0600][20.228s][info][gc,heap        ] GC(55) Eden regions: 146->0(146)
[2026-04-03T03:26:11.903+0600][20.228s][info][gc,heap        ] GC(55) Survivor regions: 1->1(19)
[2026-04-03T03:26:11.903+0600][20.228s][info][gc,heap        ] GC(55) Old regions: 32->32
[2026-04-03T03:26:11.903+0600][20.228s][info][gc,heap        ] GC(55) Humongous regions: 8->8
[2026-04-03T03:26:11.903+0600][20.228s][info][gc,metaspace   ] GC(55) Metaspace: 66779K(67776K)->66779K(67776K) NonClass: 58388K(58944K)->58388K(58944K) Class: 8390K(8832K)->8390K(8832K)
[2026-04-03T03:26:11.903+0600][20.228s][info][gc             ] GC(55) Pause Young (Concurrent Start) (G1 Evacuation Pause) 183M->37M(246M) 2.547ms
[2026-04-03T03:26:11.903+0600][20.228s][info][gc,cpu         ] GC(55) User=0.00s Sys=0.01s Real=0.00s
[2026-04-03T03:26:11.903+0600][20.228s][info][gc             ] GC(56) Concurrent Mark Cycle
[2026-04-03T03:26:11.903+0600][20.228s][info][gc,marking     ] GC(56) Concurrent Scan Root Regions
[2026-04-03T03:26:11.903+0600][20.229s][info][gc,marking     ] GC(56) Concurrent Scan Root Regions 0.629ms
[2026-04-03T03:26:11.903+0600][20.229s][info][gc,marking     ] GC(56) Concurrent Mark
[2026-04-03T03:26:11.903+0600][20.229s][info][gc,marking     ] GC(56) Concurrent Mark From Roots
[2026-04-03T03:26:11.903+0600][20.229s][info][gc,task        ] GC(56) Using 3 workers of 3 for marking
[2026-04-03T03:26:11.924+0600][20.250s][info][gc,marking     ] GC(56) Concurrent Mark From Roots 20.686ms
[2026-04-03T03:26:11.924+0600][20.250s][info][gc,marking     ] GC(56) Concurrent Preclean
[2026-04-03T03:26:11.924+0600][20.250s][info][gc,marking     ] GC(56) Concurrent Preclean 0.131ms
[2026-04-03T03:26:11.925+0600][20.250s][info][gc,start       ] GC(56) Pause Remark
[2026-04-03T03:26:11.928+0600][20.254s][info][gc             ] GC(56) Pause Remark 78M->78M(137M) 3.794ms
[2026-04-03T03:26:11.928+0600][20.254s][info][gc,cpu         ] GC(56) User=0.02s Sys=0.00s Real=0.00s
[2026-04-03T03:26:11.929+0600][20.254s][info][gc,marking     ] GC(56) Concurrent Mark 25.249ms
[2026-04-03T03:26:11.929+0600][20.254s][info][gc,marking     ] GC(56) Concurrent Rebuild Remembered Sets and Scrub Regions
[2026-04-03T03:26:11.937+0600][20.263s][info][gc,marking     ] GC(56) Concurrent Rebuild Remembered Sets and Scrub Regions 8.313ms
[2026-04-03T03:26:11.937+0600][20.263s][info][gc,start       ] GC(56) Pause Cleanup
[2026-04-03T03:26:11.937+0600][20.263s][info][gc             ] GC(56) Pause Cleanup 95M->95M(137M) 0.194ms
[2026-04-03T03:26:11.937+0600][20.263s][info][gc,cpu         ] GC(56) User=0.00s Sys=0.00s Real=0.00s
[2026-04-03T03:26:11.938+0600][20.263s][info][gc,marking     ] GC(56) Concurrent Clear Claimed Marks
[2026-04-03T03:26:11.938+0600][20.263s][info][gc,marking     ] GC(56) Concurrent Clear Claimed Marks 0.174ms
[2026-04-03T03:26:11.938+0600][20.263s][info][gc,marking     ] GC(56) Concurrent Cleanup for Next Mark
[2026-04-03T03:26:11.938+0600][20.264s][info][gc,marking     ] GC(56) Concurrent Cleanup for Next Mark 0.340ms
[2026-04-03T03:26:11.938+0600][20.264s][info][gc             ] GC(56) Concurrent Mark Cycle 35.545ms
[2026-04-03T03:26:11.954+0600][20.279s][info][gc,start       ] GC(57) Pause Young (Prepare Mixed) (G1 Evacuation Pause)
[2026-04-03T03:26:11.954+0600][20.279s][info][gc,task        ] GC(57) Using 4 workers of 10 for evacuation
[2026-04-03T03:26:11.955+0600][20.281s][info][gc,phases      ] GC(57)   Pre Evacuate Collection Set: 0.25ms
[2026-04-03T03:26:11.955+0600][20.281s][info][gc,phases      ] GC(57)   Merge Heap Roots: 0.22ms
[2026-04-03T03:26:11.955+0600][20.281s][info][gc,phases      ] GC(57)   Evacuate Collection Set: 0.52ms
[2026-04-03T03:26:11.955+0600][20.281s][info][gc,phases      ] GC(57)   Post Evacuate Collection Set: 0.60ms
[2026-04-03T03:26:11.955+0600][20.281s][info][gc,phases      ] GC(57)   Other: 0.07ms
[2026-04-03T03:26:11.955+0600][20.281s][info][gc,heap        ] GC(57) Eden regions: 90->0(81)
[2026-04-03T03:26:11.955+0600][20.281s][info][gc,heap        ] GC(57) Survivor regions: 1->1(12)
[2026-04-03T03:26:11.955+0600][20.281s][info][gc,heap        ] GC(57) Old regions: 32->32
[2026-04-03T03:26:11.955+0600][20.281s][info][gc,heap        ] GC(57) Humongous regions: 8->8
[2026-04-03T03:26:11.955+0600][20.281s][info][gc,metaspace   ] GC(57) Metaspace: 66782K(67776K)->66782K(67776K) NonClass: 58392K(58944K)->58392K(58944K) Class: 8390K(8832K)->8390K(8832K)
[2026-04-03T03:26:11.955+0600][20.281s][info][gc             ] GC(57) Pause Young (Prepare Mixed) (G1 Evacuation Pause) 127M->37M(137M) 1.851ms
[2026-04-03T03:26:11.955+0600][20.281s][info][gc,cpu         ] GC(57) User=0.01s Sys=0.00s Real=0.00s
[2026-04-03T03:26:11.992+0600][20.317s][info][gc,start       ] GC(58) Pause Young (Mixed) (G1 Evacuation Pause)
[2026-04-03T03:26:11.992+0600][20.317s][info][gc,task        ] GC(58) Using 3 workers of 10 for evacuation
[2026-04-03T03:26:11.994+0600][20.319s][info][gc,phases      ] GC(58)   Pre Evacuate Collection Set: 0.27ms
[2026-04-03T03:26:11.994+0600][20.319s][info][gc,phases      ] GC(58)   Merge Heap Roots: 0.08ms
[2026-04-03T03:26:11.994+0600][20.319s][info][gc,phases      ] GC(58)   Evacuate Collection Set: 0.94ms
[2026-04-03T03:26:11.994+0600][20.319s][info][gc,phases      ] GC(58)   Post Evacuate Collection Set: 0.48ms
[2026-04-03T03:26:11.994+0600][20.319s][info][gc,phases      ] GC(58)   Other: 0.08ms
[2026-04-03T03:26:11.994+0600][20.319s][info][gc,heap        ] GC(58) Eden regions: 81->0(81)
[2026-04-03T03:26:11.994+0600][20.319s][info][gc,heap        ] GC(58) Survivor regions: 1->1(11)
[2026-04-03T03:26:11.994+0600][20.319s][info][gc,heap        ] GC(58) Old regions: 32->32
[2026-04-03T03:26:11.994+0600][20.319s][info][gc,heap        ] GC(58) Humongous regions: 8->8
[2026-04-03T03:26:11.994+0600][20.319s][info][gc,metaspace   ] GC(58) Metaspace: 66782K(67776K)->66782K(67776K) NonClass: 58392K(58944K)->58392K(58944K) Class: 8390K(8832K)->8390K(8832K)
[2026-04-03T03:26:11.994+0600][20.319s][info][gc             ] GC(58) Pause Young (Mixed) (G1 Evacuation Pause) 118M->37M(137M) 2.095ms
[2026-04-03T03:26:11.994+0600][20.320s][info][gc,cpu         ] GC(58) User=0.00s Sys=0.00s Real=0.00s
[2026-04-03T03:26:12.041+0600][20.367s][info][gc,start       ] GC(59) Pause Young (Concurrent Start) (G1 Evacuation Pause)
[2026-04-03T03:26:12.041+0600][20.367s][info][gc,task        ] GC(59) Using 3 workers of 10 for evacuation
[2026-04-03T03:26:12.043+0600][20.369s][info][gc,phases      ] GC(59)   Pre Evacuate Collection Set: 0.36ms
[2026-04-03T03:26:12.044+0600][20.369s][info][gc,phases      ] GC(59)   Merge Heap Roots: 0.20ms
[2026-04-03T03:26:12.044+0600][20.369s][info][gc,phases      ] GC(59)   Evacuate Collection Set: 0.91ms
[2026-04-03T03:26:12.044+0600][20.369s][info][gc,phases      ] GC(59)   Post Evacuate Collection Set: 0.47ms
[2026-04-03T03:26:12.044+0600][20.369s][info][gc,phases      ] GC(59)   Other: 0.17ms
[2026-04-03T03:26:12.044+0600][20.369s][info][gc,heap        ] GC(59) Eden regions: 81->0(81)
[2026-04-03T03:26:12.044+0600][20.369s][info][gc,heap        ] GC(59) Survivor regions: 1->1(11)
[2026-04-03T03:26:12.044+0600][20.369s][info][gc,heap        ] GC(59) Old regions: 32->32
[2026-04-03T03:26:12.044+0600][20.369s][info][gc,heap        ] GC(59) Humongous regions: 8->8
[2026-04-03T03:26:12.044+0600][20.369s][info][gc,metaspace   ] GC(59) Metaspace: 66782K(67776K)->66782K(67776K) NonClass: 58392K(58944K)->58392K(58944K) Class: 8390K(8832K)->8390K(8832K)
[2026-04-03T03:26:12.044+0600][20.369s][info][gc             ] GC(59) Pause Young (Concurrent Start) (G1 Evacuation Pause) 118M->37M(137M) 2.328ms
[2026-04-03T03:26:12.044+0600][20.369s][info][gc,cpu         ] GC(59) User=0.00s Sys=0.00s Real=0.00s
[2026-04-03T03:26:12.044+0600][20.369s][info][gc             ] GC(60) Concurrent Mark Cycle
[2026-04-03T03:26:12.044+0600][20.369s][info][gc,marking     ] GC(60) Concurrent Scan Root Regions
[2026-04-03T03:26:12.045+0600][20.370s][info][gc,marking     ] GC(60) Concurrent Scan Root Regions 0.767ms
[2026-04-03T03:26:12.045+0600][20.370s][info][gc,marking     ] GC(60) Concurrent Mark
[2026-04-03T03:26:12.045+0600][20.370s][info][gc,marking     ] GC(60) Concurrent Mark From Roots
[2026-04-03T03:26:12.045+0600][20.370s][info][gc,task        ] GC(60) Using 3 workers of 3 for marking
[2026-04-03T03:26:12.062+0600][20.388s][info][gc,marking     ] GC(60) Concurrent Mark From Roots 17.657ms
[2026-04-03T03:26:12.062+0600][20.388s][info][gc,marking     ] GC(60) Concurrent Preclean
[2026-04-03T03:26:12.062+0600][20.388s][info][gc,marking     ] GC(60) Concurrent Preclean 0.145ms
[2026-04-03T03:26:12.063+0600][20.388s][info][gc,start       ] GC(60) Pause Remark
[2026-04-03T03:26:12.068+0600][20.393s][info][gc             ] GC(60) Pause Remark 69M->69M(137M) 5.185ms
[2026-04-03T03:26:12.068+0600][20.394s][info][gc,cpu         ] GC(60) User=0.01s Sys=0.00s Real=0.00s
[2026-04-03T03:26:12.068+0600][20.394s][info][gc,marking     ] GC(60) Concurrent Mark 23.553ms
[2026-04-03T03:26:12.068+0600][20.394s][info][gc,marking     ] GC(60) Concurrent Rebuild Remembered Sets and Scrub Regions
[2026-04-03T03:26:12.077+0600][20.403s][info][gc,marking     ] GC(60) Concurrent Rebuild Remembered Sets and Scrub Regions 8.766ms
[2026-04-03T03:26:12.077+0600][20.403s][info][gc,start       ] GC(60) Pause Cleanup
[2026-04-03T03:26:12.077+0600][20.403s][info][gc             ] GC(60) Pause Cleanup 85M->85M(137M) 0.205ms
[2026-04-03T03:26:12.078+0600][20.403s][info][gc,cpu         ] GC(60) User=0.00s Sys=0.00s Real=0.00s
[2026-04-03T03:26:12.078+0600][20.403s][info][gc,marking     ] GC(60) Concurrent Clear Claimed Marks
[2026-04-03T03:26:12.078+0600][20.403s][info][gc,marking     ] GC(60) Concurrent Clear Claimed Marks 0.183ms
[2026-04-03T03:26:12.078+0600][20.403s][info][gc,marking     ] GC(60) Concurrent Cleanup for Next Mark
[2026-04-03T03:26:12.078+0600][20.404s][info][gc,marking     ] GC(60) Concurrent Cleanup for Next Mark 0.337ms
[2026-04-03T03:26:12.078+0600][20.404s][info][gc             ] GC(60) Concurrent Mark Cycle 34.519ms
[2026-04-03T03:26:12.094+0600][20.419s][info][gc,start       ] GC(61) Pause Young (Prepare Mixed) (G1 Evacuation Pause)
[2026-04-03T03:26:12.094+0600][20.420s][info][gc,task        ] GC(61) Using 3 workers of 10 for evacuation
[2026-04-03T03:26:12.096+0600][20.421s][info][gc,phases      ] GC(61)   Pre Evacuate Collection Set: 0.42ms
[2026-04-03T03:26:12.096+0600][20.421s][info][gc,phases      ] GC(61)   Merge Heap Roots: 0.16ms
[2026-04-03T03:26:12.096+0600][20.421s][info][gc,phases      ] GC(61)   Evacuate Collection Set: 0.70ms
[2026-04-03T03:26:12.096+0600][20.421s][info][gc,phases      ] GC(61)   Post Evacuate Collection Set: 0.38ms
[2026-04-03T03:26:12.096+0600][20.421s][info][gc,phases      ] GC(61)   Other: 0.09ms
[2026-04-03T03:26:12.096+0600][20.421s][info][gc,heap        ] GC(61) Eden regions: 81->0(81)
[2026-04-03T03:26:12.096+0600][20.421s][info][gc,heap        ] GC(61) Survivor regions: 1->1(11)
[2026-04-03T03:26:12.096+0600][20.421s][info][gc,heap        ] GC(61) Old regions: 32->32
[2026-04-03T03:26:12.096+0600][20.421s][info][gc,heap        ] GC(61) Humongous regions: 8->8
[2026-04-03T03:26:12.096+0600][20.421s][info][gc,metaspace   ] GC(61) Metaspace: 66782K(67776K)->66782K(67776K) NonClass: 58392K(58944K)->58392K(58944K) Class: 8390K(8832K)->8390K(8832K)
[2026-04-03T03:26:12.096+0600][20.421s][info][gc             ] GC(61) Pause Young (Prepare Mixed) (G1 Evacuation Pause) 118M->37M(137M) 2.013ms
[2026-04-03T03:26:12.096+0600][20.421s][info][gc,cpu         ] GC(61) User=0.01s Sys=0.00s Real=0.00s
[2026-04-03T03:26:12.132+0600][20.458s][info][gc,start       ] GC(62) Pause Young (Mixed) (G1 Evacuation Pause)
[2026-04-03T03:26:12.132+0600][20.458s][info][gc,task        ] GC(62) Using 3 workers of 10 for evacuation
[2026-04-03T03:26:12.135+0600][20.461s][info][gc,phases      ] GC(62)   Pre Evacuate Collection Set: 0.42ms
[2026-04-03T03:26:12.135+0600][20.461s][info][gc,phases      ] GC(62)   Merge Heap Roots: 0.12ms
[2026-04-03T03:26:12.135+0600][20.461s][info][gc,phases      ] GC(62)   Evacuate Collection Set: 0.90ms
[2026-04-03T03:26:12.135+0600][20.461s][info][gc,phases      ] GC(62)   Post Evacuate Collection Set: 1.24ms
[2026-04-03T03:26:12.135+0600][20.461s][info][gc,phases      ] GC(62)   Other: 0.07ms
[2026-04-03T03:26:12.135+0600][20.461s][info][gc,heap        ] GC(62) Eden regions: 81->0(163)
[2026-04-03T03:26:12.135+0600][20.461s][info][gc,heap        ] GC(62) Survivor regions: 1->1(11)
[2026-04-03T03:26:12.135+0600][20.461s][info][gc,heap        ] GC(62) Old regions: 32->32
[2026-04-03T03:26:12.135+0600][20.461s][info][gc,heap        ] GC(62) Humongous regions: 8->8
[2026-04-03T03:26:12.135+0600][20.461s][info][gc,metaspace   ] GC(62) Metaspace: 66782K(67776K)->66782K(67776K) NonClass: 58392K(58944K)->58392K(58944K) Class: 8390K(8832K)->8390K(8832K)
[2026-04-03T03:26:12.135+0600][20.461s][info][gc             ] GC(62) Pause Young (Mixed) (G1 Evacuation Pause) 118M->37M(274M) 2.935ms
[2026-04-03T03:26:12.135+0600][20.461s][info][gc,cpu         ] GC(62) User=0.01s Sys=0.00s Real=0.00s
[2026-04-03T03:26:12.247+0600][20.573s][info][gc,start       ] GC(63) Pause Young (Concurrent Start) (G1 Evacuation Pause)
[2026-04-03T03:26:12.247+0600][20.573s][info][gc,task        ] GC(63) Using 6 workers of 10 for evacuation
[2026-04-03T03:26:12.250+0600][20.575s][info][gc,phases      ] GC(63)   Pre Evacuate Collection Set: 0.39ms
[2026-04-03T03:26:12.250+0600][20.575s][info][gc,phases      ] GC(63)   Merge Heap Roots: 0.17ms
[2026-04-03T03:26:12.250+0600][20.575s][info][gc,phases      ] GC(63)   Evacuate Collection Set: 0.83ms
[2026-04-03T03:26:12.250+0600][20.575s][info][gc,phases      ] GC(63)   Post Evacuate Collection Set: 0.56ms
[2026-04-03T03:26:12.250+0600][20.575s][info][gc,phases      ] GC(63)   Other: 0.23ms
[2026-04-03T03:26:12.250+0600][20.575s][info][gc,heap        ] GC(63) Eden regions: 163->0(163)
[2026-04-03T03:26:12.250+0600][20.575s][info][gc,heap        ] GC(63) Survivor regions: 1->1(21)
[2026-04-03T03:26:12.250+0600][20.575s][info][gc,heap        ] GC(63) Old regions: 32->32
[2026-04-03T03:26:12.250+0600][20.575s][info][gc,heap        ] GC(63) Humongous regions: 8->8
[2026-04-03T03:26:12.250+0600][20.575s][info][gc,metaspace   ] GC(63) Metaspace: 66782K(67776K)->66782K(67776K) NonClass: 58392K(58944K)->58392K(58944K) Class: 8390K(8832K)->8390K(8832K)
[2026-04-03T03:26:12.250+0600][20.575s][info][gc             ] GC(63) Pause Young (Concurrent Start) (G1 Evacuation Pause) 200M->37M(274M) 2.448ms
[2026-04-03T03:26:12.250+0600][20.575s][info][gc,cpu         ] GC(63) User=0.01s Sys=0.00s Real=0.01s
[2026-04-03T03:26:12.250+0600][20.575s][info][gc             ] GC(64) Concurrent Mark Cycle
[2026-04-03T03:26:12.250+0600][20.575s][info][gc,marking     ] GC(64) Concurrent Scan Root Regions
[2026-04-03T03:26:12.251+0600][20.576s][info][gc,marking     ] GC(64) Concurrent Scan Root Regions 0.972ms
[2026-04-03T03:26:12.251+0600][20.576s][info][gc,marking     ] GC(64) Concurrent Mark
[2026-04-03T03:26:12.251+0600][20.576s][info][gc,marking     ] GC(64) Concurrent Mark From Roots
[2026-04-03T03:26:12.251+0600][20.576s][info][gc,task        ] GC(64) Using 3 workers of 3 for marking
[2026-04-03T03:26:12.274+0600][20.600s][info][gc,marking     ] GC(64) Concurrent Mark From Roots 23.398ms
[2026-04-03T03:26:12.274+0600][20.600s][info][gc,marking     ] GC(64) Concurrent Preclean
[2026-04-03T03:26:12.275+0600][20.600s][info][gc,marking     ] GC(64) Concurrent Preclean 0.155ms
[2026-04-03T03:26:12.275+0600][20.600s][info][gc,start       ] GC(64) Pause Remark
[2026-04-03T03:26:12.278+0600][20.604s][info][gc             ] GC(64) Pause Remark 73M->73M(137M) 3.382ms
[2026-04-03T03:26:12.278+0600][20.604s][info][gc,cpu         ] GC(64) User=0.01s Sys=0.00s Real=0.00s
[2026-04-03T03:26:12.278+0600][20.604s][info][gc,marking     ] GC(64) Concurrent Mark 27.532ms
[2026-04-03T03:26:12.278+0600][20.604s][info][gc,marking     ] GC(64) Concurrent Rebuild Remembered Sets and Scrub Regions
[2026-04-03T03:26:12.288+0600][20.614s][info][gc,marking     ] GC(64) Concurrent Rebuild Remembered Sets and Scrub Regions 9.520ms
[2026-04-03T03:26:12.288+0600][20.614s][info][gc,start       ] GC(64) Pause Cleanup
[2026-04-03T03:26:12.289+0600][20.614s][info][gc             ] GC(64) Pause Cleanup 85M->85M(137M) 0.198ms
[2026-04-03T03:26:12.289+0600][20.614s][info][gc,cpu         ] GC(64) User=0.00s Sys=0.00s Real=0.00s
[2026-04-03T03:26:12.289+0600][20.614s][info][gc,marking     ] GC(64) Concurrent Clear Claimed Marks
[2026-04-03T03:26:12.289+0600][20.614s][info][gc,marking     ] GC(64) Concurrent Clear Claimed Marks 0.169ms
[2026-04-03T03:26:12.289+0600][20.614s][info][gc,marking     ] GC(64) Concurrent Cleanup for Next Mark
[2026-04-03T03:26:12.289+0600][20.615s][info][gc,marking     ] GC(64) Concurrent Cleanup for Next Mark 0.319ms
[2026-04-03T03:26:12.289+0600][20.615s][info][gc             ] GC(64) Concurrent Mark Cycle 39.390ms
[2026-04-03T03:26:12.305+0600][20.631s][info][gc,start       ] GC(65) Pause Young (Prepare Mixed) (G1 Evacuation Pause)
[2026-04-03T03:26:12.305+0600][20.631s][info][gc,task        ] GC(65) Using 4 workers of 10 for evacuation
[2026-04-03T03:26:12.307+0600][20.633s][info][gc,phases      ] GC(65)   Pre Evacuate Collection Set: 0.17ms
[2026-04-03T03:26:12.307+0600][20.633s][info][gc,phases      ] GC(65)   Merge Heap Roots: 0.11ms
[2026-04-03T03:26:12.307+0600][20.633s][info][gc,phases      ] GC(65)   Evacuate Collection Set: 0.69ms
[2026-04-03T03:26:12.307+0600][20.633s][info][gc,phases      ] GC(65)   Post Evacuate Collection Set: 0.54ms
[2026-04-03T03:26:12.307+0600][20.633s][info][gc,phases      ] GC(65)   Other: 0.08ms
[2026-04-03T03:26:12.307+0600][20.633s][info][gc,heap        ] GC(65) Eden regions: 81->0(81)
[2026-04-03T03:26:12.307+0600][20.633s][info][gc,heap        ] GC(65) Survivor regions: 1->1(11)
[2026-04-03T03:26:12.307+0600][20.633s][info][gc,heap        ] GC(65) Old regions: 32->32
[2026-04-03T03:26:12.307+0600][20.633s][info][gc,heap        ] GC(65) Humongous regions: 8->8
[2026-04-03T03:26:12.307+0600][20.633s][info][gc,metaspace   ] GC(65) Metaspace: 66782K(67776K)->66782K(67776K) NonClass: 58392K(58944K)->58392K(58944K) Class: 8390K(8832K)->8390K(8832K)
[2026-04-03T03:26:12.307+0600][20.633s][info][gc             ] GC(65) Pause Young (Prepare Mixed) (G1 Evacuation Pause) 118M->37M(137M) 1.812ms
[2026-04-03T03:26:12.307+0600][20.633s][info][gc,cpu         ] GC(65) User=0.00s Sys=0.01s Real=0.00s
[2026-04-03T03:26:12.349+0600][20.674s][info][gc,start       ] GC(66) Pause Young (Mixed) (G1 Evacuation Pause)
[2026-04-03T03:26:12.349+0600][20.674s][info][gc,task        ] GC(66) Using 3 workers of 10 for evacuation
[2026-04-03T03:26:12.351+0600][20.676s][info][gc,phases      ] GC(66)   Pre Evacuate Collection Set: 0.31ms
[2026-04-03T03:26:12.351+0600][20.677s][info][gc,phases      ] GC(66)   Merge Heap Roots: 0.17ms
[2026-04-03T03:26:12.351+0600][20.677s][info][gc,phases      ] GC(66)   Evacuate Collection Set: 0.94ms
[2026-04-03T03:26:12.351+0600][20.677s][info][gc,phases      ] GC(66)   Post Evacuate Collection Set: 0.68ms
[2026-04-03T03:26:12.351+0600][20.677s][info][gc,phases      ] GC(66)   Other: 0.12ms
[2026-04-03T03:26:12.351+0600][20.677s][info][gc,heap        ] GC(66) Eden regions: 81->0(81)
[2026-04-03T03:26:12.351+0600][20.677s][info][gc,heap        ] GC(66) Survivor regions: 1->1(11)
[2026-04-03T03:26:12.351+0600][20.677s][info][gc,heap        ] GC(66) Old regions: 32->32
[2026-04-03T03:26:12.351+0600][20.677s][info][gc,heap        ] GC(66) Humongous regions: 8->8
[2026-04-03T03:26:12.351+0600][20.677s][info][gc,metaspace   ] GC(66) Metaspace: 66782K(67776K)->66782K(67776K) NonClass: 58392K(58944K)->58392K(58944K) Class: 8390K(8832K)->8390K(8832K)
[2026-04-03T03:26:12.351+0600][20.677s][info][gc             ] GC(66) Pause Young (Mixed) (G1 Evacuation Pause) 118M->37M(137M) 2.520ms
[2026-04-03T03:26:12.351+0600][20.677s][info][gc,cpu         ] GC(66) User=0.01s Sys=0.00s Real=0.01s
[2026-04-03T03:26:12.395+0600][20.721s][info][gc,start       ] GC(67) Pause Young (Concurrent Start) (G1 Evacuation Pause)
[2026-04-03T03:26:12.396+0600][20.721s][info][gc,task        ] GC(67) Using 3 workers of 10 for evacuation
[2026-04-03T03:26:12.398+0600][20.724s][info][gc,phases      ] GC(67)   Pre Evacuate Collection Set: 0.43ms
[2026-04-03T03:26:12.398+0600][20.724s][info][gc,phases      ] GC(67)   Merge Heap Roots: 0.21ms
[2026-04-03T03:26:12.398+0600][20.724s][info][gc,phases      ] GC(67)   Evacuate Collection Set: 1.15ms
[2026-04-03T03:26:12.398+0600][20.724s][info][gc,phases      ] GC(67)   Post Evacuate Collection Set: 0.75ms
[2026-04-03T03:26:12.398+0600][20.724s][info][gc,phases      ] GC(67)   Other: 0.28ms
[2026-04-03T03:26:12.398+0600][20.724s][info][gc,heap        ] GC(67) Eden regions: 81->0(81)
[2026-04-03T03:26:12.398+0600][20.724s][info][gc,heap        ] GC(67) Survivor regions: 1->1(11)
[2026-04-03T03:26:12.398+0600][20.724s][info][gc,heap        ] GC(67) Old regions: 32->32
[2026-04-03T03:26:12.398+0600][20.724s][info][gc,heap        ] GC(67) Humongous regions: 8->8
[2026-04-03T03:26:12.398+0600][20.724s][info][gc,metaspace   ] GC(67) Metaspace: 66782K(67776K)->66782K(67776K) NonClass: 58392K(58944K)->58392K(58944K) Class: 8390K(8832K)->8390K(8832K)
[2026-04-03T03:26:12.399+0600][20.724s][info][gc             ] GC(67) Pause Young (Concurrent Start) (G1 Evacuation Pause) 118M->37M(137M) 3.094ms
[2026-04-03T03:26:12.399+0600][20.724s][info][gc,cpu         ] GC(67) User=0.00s Sys=0.00s Real=0.00s
[2026-04-03T03:26:12.399+0600][20.724s][info][gc             ] GC(68) Concurrent Mark Cycle
[2026-04-03T03:26:12.399+0600][20.724s][info][gc,marking     ] GC(68) Concurrent Scan Root Regions
[2026-04-03T03:26:12.400+0600][20.725s][info][gc,marking     ] GC(68) Concurrent Scan Root Regions 1.139ms
[2026-04-03T03:26:12.400+0600][20.725s][info][gc,marking     ] GC(68) Concurrent Mark
[2026-04-03T03:26:12.400+0600][20.725s][info][gc,marking     ] GC(68) Concurrent Mark From Roots
[2026-04-03T03:26:12.400+0600][20.725s][info][gc,task        ] GC(68) Using 3 workers of 3 for marking
[2026-04-03T03:26:12.423+0600][20.748s][info][gc,marking     ] GC(68) Concurrent Mark From Roots 22.924ms
[2026-04-03T03:26:12.423+0600][20.748s][info][gc,marking     ] GC(68) Concurrent Preclean
[2026-04-03T03:26:12.423+0600][20.749s][info][gc,marking     ] GC(68) Concurrent Preclean 0.180ms
[2026-04-03T03:26:12.423+0600][20.749s][info][gc,start       ] GC(68) Pause Remark
[2026-04-03T03:26:12.429+0600][20.755s][info][gc             ] GC(68) Pause Remark 70M->70M(137M) 5.592ms
[2026-04-03T03:26:12.429+0600][20.755s][info][gc,cpu         ] GC(68) User=0.01s Sys=0.00s Real=0.00s
[2026-04-03T03:26:12.429+0600][20.755s][info][gc,marking     ] GC(68) Concurrent Mark 29.341ms
[2026-04-03T03:26:12.429+0600][20.755s][info][gc,marking     ] GC(68) Concurrent Rebuild Remembered Sets and Scrub Regions
[2026-04-03T03:26:12.440+0600][20.765s][info][gc,marking     ] GC(68) Concurrent Rebuild Remembered Sets and Scrub Regions 10.700ms
[2026-04-03T03:26:12.440+0600][20.766s][info][gc,start       ] GC(68) Pause Cleanup
[2026-04-03T03:26:12.441+0600][20.766s][info][gc             ] GC(68) Pause Cleanup 88M->88M(137M) 0.313ms
[2026-04-03T03:26:12.441+0600][20.766s][info][gc,cpu         ] GC(68) User=0.00s Sys=0.00s Real=0.00s
[2026-04-03T03:26:12.441+0600][20.766s][info][gc,marking     ] GC(68) Concurrent Clear Claimed Marks
[2026-04-03T03:26:12.441+0600][20.766s][info][gc,marking     ] GC(68) Concurrent Clear Claimed Marks 0.170ms
[2026-04-03T03:26:12.441+0600][20.766s][info][gc,marking     ] GC(68) Concurrent Cleanup for Next Mark
[2026-04-03T03:26:12.441+0600][20.767s][info][gc,marking     ] GC(68) Concurrent Cleanup for Next Mark 0.356ms
[2026-04-03T03:26:12.441+0600][20.767s][info][gc             ] GC(68) Concurrent Mark Cycle 42.820ms
[2026-04-03T03:26:12.457+0600][20.783s][info][gc,start       ] GC(69) Pause Young (Prepare Mixed) (G1 Evacuation Pause)
[2026-04-03T03:26:12.457+0600][20.783s][info][gc,task        ] GC(69) Using 3 workers of 10 for evacuation
[2026-04-03T03:26:12.460+0600][20.785s][info][gc,phases      ] GC(69)   Pre Evacuate Collection Set: 0.28ms
[2026-04-03T03:26:12.460+0600][20.785s][info][gc,phases      ] GC(69)   Merge Heap Roots: 0.19ms
[2026-04-03T03:26:12.460+0600][20.785s][info][gc,phases      ] GC(69)   Evacuate Collection Set: 0.69ms
[2026-04-03T03:26:12.460+0600][20.785s][info][gc,phases      ] GC(69)   Post Evacuate Collection Set: 1.28ms
[2026-04-03T03:26:12.460+0600][20.785s][info][gc,phases      ] GC(69)   Other: 0.08ms
[2026-04-03T03:26:12.460+0600][20.785s][info][gc,heap        ] GC(69) Eden regions: 81->0(122)
[2026-04-03T03:26:12.460+0600][20.785s][info][gc,heap        ] GC(69) Survivor regions: 1->1(11)
[2026-04-03T03:26:12.460+0600][20.785s][info][gc,heap        ] GC(69) Old regions: 32->32
[2026-04-03T03:26:12.460+0600][20.785s][info][gc,heap        ] GC(69) Humongous regions: 8->8
[2026-04-03T03:26:12.460+0600][20.785s][info][gc,metaspace   ] GC(69) Metaspace: 66782K(67776K)->66782K(67776K) NonClass: 58392K(58944K)->58392K(58944K) Class: 8390K(8832K)->8390K(8832K)
[2026-04-03T03:26:12.460+0600][20.785s][info][gc             ] GC(69) Pause Young (Prepare Mixed) (G1 Evacuation Pause) 118M->37M(205M) 2.765ms
[2026-04-03T03:26:12.460+0600][20.785s][info][gc,cpu         ] GC(69) User=0.00s Sys=0.00s Real=0.01s
[2026-04-03T03:26:12.535+0600][20.860s][info][gc,start       ] GC(70) Pause Young (Mixed) (G1 Evacuation Pause)
[2026-04-03T03:26:12.535+0600][20.860s][info][gc,task        ] GC(70) Using 4 workers of 10 for evacuation
[2026-04-03T03:26:12.537+0600][20.863s][info][gc,phases      ] GC(70)   Pre Evacuate Collection Set: 0.33ms
[2026-04-03T03:26:12.537+0600][20.863s][info][gc,phases      ] GC(70)   Merge Heap Roots: 0.16ms
[2026-04-03T03:26:12.537+0600][20.863s][info][gc,phases      ] GC(70)   Evacuate Collection Set: 1.04ms
[2026-04-03T03:26:12.537+0600][20.863s][info][gc,phases      ] GC(70)   Post Evacuate Collection Set: 0.64ms
[2026-04-03T03:26:12.537+0600][20.863s][info][gc,phases      ] GC(70)   Other: 0.10ms
[2026-04-03T03:26:12.537+0600][20.863s][info][gc,heap        ] GC(70) Eden regions: 122->0(122)
[2026-04-03T03:26:12.537+0600][20.863s][info][gc,heap        ] GC(70) Survivor regions: 1->1(16)
[2026-04-03T03:26:12.537+0600][20.863s][info][gc,heap        ] GC(70) Old regions: 32->32
[2026-04-03T03:26:12.537+0600][20.863s][info][gc,heap        ] GC(70) Humongous regions: 8->8
[2026-04-03T03:26:12.537+0600][20.863s][info][gc,metaspace   ] GC(70) Metaspace: 66782K(67776K)->66782K(67776K) NonClass: 58392K(58944K)->58392K(58944K) Class: 8390K(8832K)->8390K(8832K)
[2026-04-03T03:26:12.537+0600][20.863s][info][gc             ] GC(70) Pause Young (Mixed) (G1 Evacuation Pause) 159M->36M(205M) 2.561ms
[2026-04-03T03:26:12.537+0600][20.863s][info][gc,cpu         ] GC(70) User=0.00s Sys=0.00s Real=0.00s
[2026-04-03T03:26:12.595+0600][20.921s][info][gc,start       ] GC(71) Pause Young (Concurrent Start) (G1 Evacuation Pause)
[2026-04-03T03:26:12.595+0600][20.921s][info][gc,task        ] GC(71) Using 4 workers of 10 for evacuation
[2026-04-03T03:26:12.598+0600][20.923s][info][gc,phases      ] GC(71)   Pre Evacuate Collection Set: 0.36ms
[2026-04-03T03:26:12.598+0600][20.923s][info][gc,phases      ] GC(71)   Merge Heap Roots: 0.15ms
[2026-04-03T03:26:12.598+0600][20.923s][info][gc,phases      ] GC(71)   Evacuate Collection Set: 0.93ms
[2026-04-03T03:26:12.598+0600][20.923s][info][gc,phases      ] GC(71)   Post Evacuate Collection Set: 0.49ms
[2026-04-03T03:26:12.598+0600][20.923s][info][gc,phases      ] GC(71)   Other: 0.29ms
[2026-04-03T03:26:12.598+0600][20.923s][info][gc,heap        ] GC(71) Eden regions: 122->0(122)
[2026-04-03T03:26:12.598+0600][20.923s][info][gc,heap        ] GC(71) Survivor regions: 1->1(16)
[2026-04-03T03:26:12.598+0600][20.923s][info][gc,heap        ] GC(71) Old regions: 32->32
[2026-04-03T03:26:12.598+0600][20.923s][info][gc,heap        ] GC(71) Humongous regions: 8->8
[2026-04-03T03:26:12.598+0600][20.923s][info][gc,metaspace   ] GC(71) Metaspace: 66784K(67776K)->66784K(67776K) NonClass: 58393K(58944K)->58393K(58944K) Class: 8390K(8832K)->8390K(8832K)
[2026-04-03T03:26:12.598+0600][20.923s][info][gc             ] GC(71) Pause Young (Concurrent Start) (G1 Evacuation Pause) 158M->36M(205M) 2.519ms
[2026-04-03T03:26:12.598+0600][20.923s][info][gc,cpu         ] GC(71) User=0.00s Sys=0.00s Real=0.00s
[2026-04-03T03:26:12.598+0600][20.923s][info][gc             ] GC(72) Concurrent Mark Cycle
[2026-04-03T03:26:12.598+0600][20.924s][info][gc,marking     ] GC(72) Concurrent Scan Root Regions
[2026-04-03T03:26:12.599+0600][20.924s][info][gc,marking     ] GC(72) Concurrent Scan Root Regions 0.856ms
[2026-04-03T03:26:12.599+0600][20.924s][info][gc,marking     ] GC(72) Concurrent Mark
[2026-04-03T03:26:12.599+0600][20.924s][info][gc,marking     ] GC(72) Concurrent Mark From Roots
[2026-04-03T03:26:12.599+0600][20.924s][info][gc,task        ] GC(72) Using 3 workers of 3 for marking
[2026-04-03T03:26:12.618+0600][20.944s][info][gc,marking     ] GC(72) Concurrent Mark From Roots 19.505ms
[2026-04-03T03:26:12.618+0600][20.944s][info][gc,marking     ] GC(72) Concurrent Preclean
[2026-04-03T03:26:12.619+0600][20.944s][info][gc,marking     ] GC(72) Concurrent Preclean 0.155ms
[2026-04-03T03:26:12.619+0600][20.945s][info][gc,start       ] GC(72) Pause Remark
[2026-04-03T03:26:12.624+0600][20.950s][info][gc             ] GC(72) Pause Remark 70M->70M(137M) 5.133ms
[2026-04-03T03:26:12.624+0600][20.950s][info][gc,cpu         ] GC(72) User=0.02s Sys=0.00s Real=0.01s
[2026-04-03T03:26:12.624+0600][20.950s][info][gc,marking     ] GC(72) Concurrent Mark 25.521ms
[2026-04-03T03:26:12.624+0600][20.950s][info][gc,marking     ] GC(72) Concurrent Rebuild Remembered Sets and Scrub Regions
[2026-04-03T03:26:12.635+0600][20.960s][info][gc,marking     ] GC(72) Concurrent Rebuild Remembered Sets and Scrub Regions 10.112ms
[2026-04-03T03:26:12.635+0600][20.960s][info][gc,start       ] GC(72) Pause Cleanup
[2026-04-03T03:26:12.635+0600][20.961s][info][gc             ] GC(72) Pause Cleanup 88M->88M(137M) 0.299ms
[2026-04-03T03:26:12.635+0600][20.961s][info][gc,cpu         ] GC(72) User=0.00s Sys=0.00s Real=0.00s
[2026-04-03T03:26:12.635+0600][20.961s][info][gc,marking     ] GC(72) Concurrent Clear Claimed Marks
[2026-04-03T03:26:12.636+0600][20.961s][info][gc,marking     ] GC(72) Concurrent Clear Claimed Marks 0.171ms
[2026-04-03T03:26:12.636+0600][20.961s][info][gc,marking     ] GC(72) Concurrent Cleanup for Next Mark
[2026-04-03T03:26:12.636+0600][20.962s][info][gc,marking     ] GC(72) Concurrent Cleanup for Next Mark 0.439ms
[2026-04-03T03:26:12.636+0600][20.962s][info][gc             ] GC(72) Concurrent Mark Cycle 38.130ms
[2026-04-03T03:26:12.652+0600][20.977s][info][gc,start       ] GC(73) Pause Young (Prepare Mixed) (G1 Evacuation Pause)
[2026-04-03T03:26:12.652+0600][20.977s][info][gc,task        ] GC(73) Using 3 workers of 10 for evacuation
[2026-04-03T03:26:12.654+0600][20.979s][info][gc,phases      ] GC(73)   Pre Evacuate Collection Set: 0.31ms
[2026-04-03T03:26:12.654+0600][20.979s][info][gc,phases      ] GC(73)   Merge Heap Roots: 0.14ms
[2026-04-03T03:26:12.654+0600][20.979s][info][gc,phases      ] GC(73)   Evacuate Collection Set: 0.71ms
[2026-04-03T03:26:12.654+0600][20.979s][info][gc,phases      ] GC(73)   Post Evacuate Collection Set: 0.64ms
[2026-04-03T03:26:12.654+0600][20.979s][info][gc,phases      ] GC(73)   Other: 0.12ms
[2026-04-03T03:26:12.654+0600][20.979s][info][gc,heap        ] GC(73) Eden regions: 81->0(81)
[2026-04-03T03:26:12.654+0600][20.979s][info][gc,heap        ] GC(73) Survivor regions: 1->1(11)
[2026-04-03T03:26:12.654+0600][20.979s][info][gc,heap        ] GC(73) Old regions: 32->32
[2026-04-03T03:26:12.654+0600][20.979s][info][gc,heap        ] GC(73) Humongous regions: 8->8
[2026-04-03T03:26:12.654+0600][20.979s][info][gc,metaspace   ] GC(73) Metaspace: 66785K(67776K)->66785K(67776K) NonClass: 58394K(58944K)->58394K(58944K) Class: 8390K(8832K)->8390K(8832K)
[2026-04-03T03:26:12.654+0600][20.979s][info][gc             ] GC(73) Pause Young (Prepare Mixed) (G1 Evacuation Pause) 117M->36M(137M) 2.251ms
[2026-04-03T03:26:12.654+0600][20.979s][info][gc,cpu         ] GC(73) User=0.00s Sys=0.00s Real=0.00s
[2026-04-03T03:26:12.707+0600][21.033s][info][gc,start       ] GC(74) Pause Young (Mixed) (G1 Evacuation Pause)
[2026-04-03T03:26:12.707+0600][21.033s][info][gc,task        ] GC(74) Using 3 workers of 10 for evacuation
[2026-04-03T03:26:12.712+0600][21.037s][info][gc,phases      ] GC(74)   Pre Evacuate Collection Set: 0.26ms
[2026-04-03T03:26:12.712+0600][21.037s][info][gc,phases      ] GC(74)   Merge Heap Roots: 0.10ms
[2026-04-03T03:26:12.712+0600][21.037s][info][gc,phases      ] GC(74)   Evacuate Collection Set: 1.07ms
[2026-04-03T03:26:12.712+0600][21.037s][info][gc,phases      ] GC(74)   Post Evacuate Collection Set: 2.58ms
[2026-04-03T03:26:12.712+0600][21.037s][info][gc,phases      ] GC(74)   Other: 0.13ms
[2026-04-03T03:26:12.712+0600][21.037s][info][gc,heap        ] GC(74) Eden regions: 81->0(137)
[2026-04-03T03:26:12.712+0600][21.037s][info][gc,heap        ] GC(74) Survivor regions: 1->1(11)
[2026-04-03T03:26:12.712+0600][21.037s][info][gc,heap        ] GC(74) Old regions: 32->32
[2026-04-03T03:26:12.712+0600][21.037s][info][gc,heap        ] GC(74) Humongous regions: 8->8
[2026-04-03T03:26:12.712+0600][21.037s][info][gc,metaspace   ] GC(74) Metaspace: 66785K(67776K)->66785K(67776K) NonClass: 58394K(58944K)->58394K(58944K) Class: 8390K(8832K)->8390K(8832K)
[2026-04-03T03:26:12.712+0600][21.037s][info][gc             ] GC(74) Pause Young (Mixed) (G1 Evacuation Pause) 117M->36M(231M) 4.492ms
[2026-04-03T03:26:12.712+0600][21.037s][info][gc,cpu         ] GC(74) User=0.01s Sys=0.00s Real=0.01s
[2026-04-03T03:26:12.781+0600][21.107s][info][gc,start       ] GC(75) Pause Young (Concurrent Start) (G1 Evacuation Pause)
[2026-04-03T03:26:12.781+0600][21.107s][info][gc,task        ] GC(75) Using 5 workers of 10 for evacuation
[2026-04-03T03:26:12.784+0600][21.109s][info][gc,phases      ] GC(75)   Pre Evacuate Collection Set: 0.40ms
[2026-04-03T03:26:12.784+0600][21.109s][info][gc,phases      ] GC(75)   Merge Heap Roots: 0.19ms
[2026-04-03T03:26:12.784+0600][21.109s][info][gc,phases      ] GC(75)   Evacuate Collection Set: 1.37ms
[2026-04-03T03:26:12.784+0600][21.109s][info][gc,phases      ] GC(75)   Post Evacuate Collection Set: 0.45ms
[2026-04-03T03:26:12.784+0600][21.109s][info][gc,phases      ] GC(75)   Other: 0.15ms
[2026-04-03T03:26:12.784+0600][21.109s][info][gc,heap        ] GC(75) Eden regions: 137->0(137)
[2026-04-03T03:26:12.784+0600][21.109s][info][gc,heap        ] GC(75) Survivor regions: 1->1(18)
[2026-04-03T03:26:12.784+0600][21.109s][info][gc,heap        ] GC(75) Old regions: 32->32
[2026-04-03T03:26:12.784+0600][21.109s][info][gc,heap        ] GC(75) Humongous regions: 8->8
[2026-04-03T03:26:12.784+0600][21.109s][info][gc,metaspace   ] GC(75) Metaspace: 66785K(67776K)->66785K(67776K) NonClass: 58394K(58944K)->58394K(58944K) Class: 8390K(8832K)->8390K(8832K)
[2026-04-03T03:26:12.784+0600][21.109s][info][gc             ] GC(75) Pause Young (Concurrent Start) (G1 Evacuation Pause) 173M->36M(231M) 2.769ms
[2026-04-03T03:26:12.784+0600][21.109s][info][gc,cpu         ] GC(75) User=0.01s Sys=0.01s Real=0.00s
[2026-04-03T03:26:12.784+0600][21.110s][info][gc             ] GC(76) Concurrent Mark Cycle
[2026-04-03T03:26:12.784+0600][21.110s][info][gc,marking     ] GC(76) Concurrent Scan Root Regions
[2026-04-03T03:26:12.785+0600][21.110s][info][gc,marking     ] GC(76) Concurrent Scan Root Regions 0.873ms
[2026-04-03T03:26:12.785+0600][21.110s][info][gc,marking     ] GC(76) Concurrent Mark
[2026-04-03T03:26:12.785+0600][21.110s][info][gc,marking     ] GC(76) Concurrent Mark From Roots
[2026-04-03T03:26:12.785+0600][21.110s][info][gc,task        ] GC(76) Using 3 workers of 3 for marking
[2026-04-03T03:26:12.804+0600][21.130s][info][gc,marking     ] GC(76) Concurrent Mark From Roots 19.065ms
[2026-04-03T03:26:12.804+0600][21.130s][info][gc,marking     ] GC(76) Concurrent Preclean
[2026-04-03T03:26:12.804+0600][21.130s][info][gc,marking     ] GC(76) Concurrent Preclean 0.163ms
[2026-04-03T03:26:12.804+0600][21.130s][info][gc,start       ] GC(76) Pause Remark
[2026-04-03T03:26:12.808+0600][21.134s][info][gc             ] GC(76) Pause Remark 71M->71M(137M) 3.881ms
[2026-04-03T03:26:12.808+0600][21.134s][info][gc,cpu         ] GC(76) User=0.02s Sys=0.00s Real=0.00s
[2026-04-03T03:26:12.809+0600][21.134s][info][gc,marking     ] GC(76) Concurrent Mark 23.641ms
[2026-04-03T03:26:12.809+0600][21.134s][info][gc,marking     ] GC(76) Concurrent Rebuild Remembered Sets and Scrub Regions
[2026-04-03T03:26:12.818+0600][21.143s][info][gc,marking     ] GC(76) Concurrent Rebuild Remembered Sets and Scrub Regions 9.185ms
[2026-04-03T03:26:12.818+0600][21.144s][info][gc,start       ] GC(76) Pause Cleanup
[2026-04-03T03:26:12.818+0600][21.144s][info][gc             ] GC(76) Pause Cleanup 87M->87M(137M) 0.392ms
[2026-04-03T03:26:12.819+0600][21.144s][info][gc,cpu         ] GC(76) User=0.00s Sys=0.00s Real=0.00s
[2026-04-03T03:26:12.819+0600][21.144s][info][gc,marking     ] GC(76) Concurrent Clear Claimed Marks
[2026-04-03T03:26:12.819+0600][21.144s][info][gc,marking     ] GC(76) Concurrent Clear Claimed Marks 0.207ms
[2026-04-03T03:26:12.819+0600][21.144s][info][gc,marking     ] GC(76) Concurrent Cleanup for Next Mark
[2026-04-03T03:26:12.819+0600][21.145s][info][gc,marking     ] GC(76) Concurrent Cleanup for Next Mark 0.361ms
[2026-04-03T03:26:12.819+0600][21.145s][info][gc             ] GC(76) Concurrent Mark Cycle 35.292ms
[2026-04-03T03:26:12.834+0600][21.160s][info][gc,start       ] GC(77) Pause Young (Prepare Mixed) (G1 Evacuation Pause)
[2026-04-03T03:26:12.834+0600][21.160s][info][gc,task        ] GC(77) Using 4 workers of 10 for evacuation
[2026-04-03T03:26:12.836+0600][21.162s][info][gc,phases      ] GC(77)   Pre Evacuate Collection Set: 0.28ms
[2026-04-03T03:26:12.836+0600][21.162s][info][gc,phases      ] GC(77)   Merge Heap Roots: 0.17ms
[2026-04-03T03:26:12.836+0600][21.162s][info][gc,phases      ] GC(77)   Evacuate Collection Set: 0.52ms
[2026-04-03T03:26:12.836+0600][21.162s][info][gc,phases      ] GC(77)   Post Evacuate Collection Set: 0.65ms
[2026-04-03T03:26:12.836+0600][21.162s][info][gc,phases      ] GC(77)   Other: 0.07ms
[2026-04-03T03:26:12.836+0600][21.162s][info][gc,heap        ] GC(77) Eden regions: 81->0(81)
[2026-04-03T03:26:12.836+0600][21.162s][info][gc,heap        ] GC(77) Survivor regions: 1->1(11)
[2026-04-03T03:26:12.836+0600][21.162s][info][gc,heap        ] GC(77) Old regions: 32->33
[2026-04-03T03:26:12.836+0600][21.162s][info][gc,heap        ] GC(77) Humongous regions: 8->8
[2026-04-03T03:26:12.836+0600][21.162s][info][gc,metaspace   ] GC(77) Metaspace: 66785K(67776K)->66785K(67776K) NonClass: 58394K(58944K)->58394K(58944K) Class: 8390K(8832K)->8390K(8832K)
[2026-04-03T03:26:12.836+0600][21.162s][info][gc             ] GC(77) Pause Young (Prepare Mixed) (G1 Evacuation Pause) 117M->36M(137M) 1.901ms
[2026-04-03T03:26:12.836+0600][21.162s][info][gc,cpu         ] GC(77) User=0.00s Sys=0.00s Real=0.00s
[2026-04-03T03:26:12.872+0600][21.198s][info][gc,start       ] GC(78) Pause Young (Mixed) (G1 Evacuation Pause)
[2026-04-03T03:26:12.873+0600][21.198s][info][gc,task        ] GC(78) Using 3 workers of 10 for evacuation
[2026-04-03T03:26:12.874+0600][21.200s][info][gc,phases      ] GC(78)   Pre Evacuate Collection Set: 0.28ms
[2026-04-03T03:26:12.874+0600][21.200s][info][gc,phases      ] GC(78)   Merge Heap Roots: 0.17ms
[2026-04-03T03:26:12.874+0600][21.200s][info][gc,phases      ] GC(78)   Evacuate Collection Set: 0.65ms
[2026-04-03T03:26:12.874+0600][21.200s][info][gc,phases      ] GC(78)   Post Evacuate Collection Set: 0.41ms
[2026-04-03T03:26:12.874+0600][21.200s][info][gc,phases      ] GC(78)   Other: 0.07ms
[2026-04-03T03:26:12.874+0600][21.200s][info][gc,heap        ] GC(78) Eden regions: 81->0(81)
[2026-04-03T03:26:12.874+0600][21.200s][info][gc,heap        ] GC(78) Survivor regions: 1->1(11)
[2026-04-03T03:26:12.874+0600][21.200s][info][gc,heap        ] GC(78) Old regions: 33->32
[2026-04-03T03:26:12.874+0600][21.200s][info][gc,heap        ] GC(78) Humongous regions: 8->8
[2026-04-03T03:26:12.874+0600][21.200s][info][gc,metaspace   ] GC(78) Metaspace: 66785K(67776K)->66785K(67776K) NonClass: 58394K(58944K)->58394K(58944K) Class: 8390K(8832K)->8390K(8832K)
[2026-04-03T03:26:12.874+0600][21.200s][info][gc             ] GC(78) Pause Young (Mixed) (G1 Evacuation Pause) 117M->36M(137M) 1.786ms
[2026-04-03T03:26:12.874+0600][21.200s][info][gc,cpu         ] GC(78) User=0.01s Sys=0.00s Real=0.00s
[2026-04-03T03:26:12.919+0600][21.245s][info][gc,start       ] GC(79) Pause Young (Concurrent Start) (G1 Evacuation Pause)
[2026-04-03T03:26:12.919+0600][21.245s][info][gc,task        ] GC(79) Using 3 workers of 10 for evacuation
[2026-04-03T03:26:12.922+0600][21.247s][info][gc,phases      ] GC(79)   Pre Evacuate Collection Set: 0.33ms
[2026-04-03T03:26:12.922+0600][21.248s][info][gc,phases      ] GC(79)   Merge Heap Roots: 0.18ms
[2026-04-03T03:26:12.922+0600][21.248s][info][gc,phases      ] GC(79)   Evacuate Collection Set: 0.96ms
[2026-04-03T03:26:12.922+0600][21.248s][info][gc,phases      ] GC(79)   Post Evacuate Collection Set: 1.04ms
[2026-04-03T03:26:12.922+0600][21.248s][info][gc,phases      ] GC(79)   Other: 0.13ms
[2026-04-03T03:26:12.922+0600][21.248s][info][gc,heap        ] GC(79) Eden regions: 81->0(126)
[2026-04-03T03:26:12.922+0600][21.248s][info][gc,heap        ] GC(79) Survivor regions: 1->1(11)
[2026-04-03T03:26:12.922+0600][21.248s][info][gc,heap        ] GC(79) Old regions: 32->32
[2026-04-03T03:26:12.922+0600][21.248s][info][gc,heap        ] GC(79) Humongous regions: 8->8
[2026-04-03T03:26:12.922+0600][21.248s][info][gc,metaspace   ] GC(79) Metaspace: 66785K(67776K)->66785K(67776K) NonClass: 58394K(58944K)->58394K(58944K) Class: 8390K(8832K)->8390K(8832K)
[2026-04-03T03:26:12.922+0600][21.248s][info][gc             ] GC(79) Pause Young (Concurrent Start) (G1 Evacuation Pause) 117M->36M(212M) 2.828ms
[2026-04-03T03:26:12.922+0600][21.248s][info][gc,cpu         ] GC(79) User=0.00s Sys=0.00s Real=0.01s
[2026-04-03T03:26:12.922+0600][21.248s][info][gc             ] GC(80) Concurrent Mark Cycle
[2026-04-03T03:26:12.922+0600][21.248s][info][gc,marking     ] GC(80) Concurrent Scan Root Regions
[2026-04-03T03:26:12.923+0600][21.249s][info][gc,marking     ] GC(80) Concurrent Scan Root Regions 0.789ms
[2026-04-03T03:26:12.923+0600][21.249s][info][gc,marking     ] GC(80) Concurrent Mark
[2026-04-03T03:26:12.923+0600][21.249s][info][gc,marking     ] GC(80) Concurrent Mark From Roots
[2026-04-03T03:26:12.923+0600][21.249s][info][gc,task        ] GC(80) Using 3 workers of 3 for marking
[2026-04-03T03:26:12.942+0600][21.268s][info][gc,marking     ] GC(80) Concurrent Mark From Roots 19.012ms
[2026-04-03T03:26:12.942+0600][21.268s][info][gc,marking     ] GC(80) Concurrent Preclean
[2026-04-03T03:26:12.942+0600][21.268s][info][gc,marking     ] GC(80) Concurrent Preclean 0.144ms
[2026-04-03T03:26:12.943+0600][21.268s][info][gc,start       ] GC(80) Pause Remark
[2026-04-03T03:26:12.948+0600][21.273s][info][gc             ] GC(80) Pause Remark 70M->70M(137M) 5.312ms
[2026-04-03T03:26:12.948+0600][21.274s][info][gc,cpu         ] GC(80) User=0.02s Sys=0.00s Real=0.00s
[2026-04-03T03:26:12.948+0600][21.274s][info][gc,marking     ] GC(80) Concurrent Mark 25.037ms
[2026-04-03T03:26:12.948+0600][21.274s][info][gc,marking     ] GC(80) Concurrent Rebuild Remembered Sets and Scrub Regions
[2026-04-03T03:26:12.958+0600][21.284s][info][gc,marking     ] GC(80) Concurrent Rebuild Remembered Sets and Scrub Regions 9.800ms
[2026-04-03T03:26:12.958+0600][21.284s][info][gc,start       ] GC(80) Pause Cleanup
[2026-04-03T03:26:12.958+0600][21.284s][info][gc             ] GC(80) Pause Cleanup 88M->88M(137M) 0.162ms
[2026-04-03T03:26:12.958+0600][21.284s][info][gc,cpu         ] GC(80) User=0.00s Sys=0.00s Real=0.00s
[2026-04-03T03:26:12.959+0600][21.284s][info][gc,marking     ] GC(80) Concurrent Clear Claimed Marks
[2026-04-03T03:26:12.959+0600][21.284s][info][gc,marking     ] GC(80) Concurrent Clear Claimed Marks 0.174ms
[2026-04-03T03:26:12.959+0600][21.284s][info][gc,marking     ] GC(80) Concurrent Cleanup for Next Mark
[2026-04-03T03:26:12.959+0600][21.285s][info][gc,marking     ] GC(80) Concurrent Cleanup for Next Mark 0.306ms
[2026-04-03T03:26:12.959+0600][21.285s][info][gc             ] GC(80) Concurrent Mark Cycle 36.900ms
[2026-04-03T03:26:12.975+0600][21.300s][info][gc,start       ] GC(81) Pause Young (Prepare Mixed) (G1 Evacuation Pause)
[2026-04-03T03:26:12.975+0600][21.300s][info][gc,task        ] GC(81) Using 3 workers of 10 for evacuation
[2026-04-03T03:26:12.977+0600][21.302s][info][gc,phases      ] GC(81)   Pre Evacuate Collection Set: 0.50ms
[2026-04-03T03:26:12.977+0600][21.302s][info][gc,phases      ] GC(81)   Merge Heap Roots: 0.26ms
[2026-04-03T03:26:12.977+0600][21.302s][info][gc,phases      ] GC(81)   Evacuate Collection Set: 0.65ms
[2026-04-03T03:26:12.977+0600][21.302s][info][gc,phases      ] GC(81)   Post Evacuate Collection Set: 0.63ms
[2026-04-03T03:26:12.977+0600][21.302s][info][gc,phases      ] GC(81)   Other: 0.09ms
[2026-04-03T03:26:12.977+0600][21.302s][info][gc,heap        ] GC(81) Eden regions: 81->0(81)
[2026-04-03T03:26:12.977+0600][21.302s][info][gc,heap        ] GC(81) Survivor regions: 1->1(11)
[2026-04-03T03:26:12.977+0600][21.302s][info][gc,heap        ] GC(81) Old regions: 32->32
[2026-04-03T03:26:12.977+0600][21.302s][info][gc,heap        ] GC(81) Humongous regions: 8->8
[2026-04-03T03:26:12.977+0600][21.302s][info][gc,metaspace   ] GC(81) Metaspace: 66785K(67776K)->66785K(67776K) NonClass: 58394K(58944K)->58394K(58944K) Class: 8390K(8832K)->8390K(8832K)
[2026-04-03T03:26:12.977+0600][21.302s][info][gc             ] GC(81) Pause Young (Prepare Mixed) (G1 Evacuation Pause) 117M->36M(137M) 2.345ms
[2026-04-03T03:26:12.977+0600][21.302s][info][gc,cpu         ] GC(81) User=0.00s Sys=0.00s Real=0.00s
[2026-04-03T03:26:13.014+0600][21.340s][info][gc,start       ] GC(82) Pause Young (Mixed) (G1 Evacuation Pause)
[2026-04-03T03:26:13.014+0600][21.340s][info][gc,task        ] GC(82) Using 3 workers of 10 for evacuation
[2026-04-03T03:26:13.016+0600][21.342s][info][gc,phases      ] GC(82)   Pre Evacuate Collection Set: 0.46ms
[2026-04-03T03:26:13.016+0600][21.342s][info][gc,phases      ] GC(82)   Merge Heap Roots: 0.12ms
[2026-04-03T03:26:13.016+0600][21.342s][info][gc,phases      ] GC(82)   Evacuate Collection Set: 0.78ms
[2026-04-03T03:26:13.016+0600][21.342s][info][gc,phases      ] GC(82)   Post Evacuate Collection Set: 0.60ms
[2026-04-03T03:26:13.016+0600][21.342s][info][gc,phases      ] GC(82)   Other: 0.07ms
[2026-04-03T03:26:13.016+0600][21.342s][info][gc,heap        ] GC(82) Eden regions: 81->0(81)
[2026-04-03T03:26:13.016+0600][21.342s][info][gc,heap        ] GC(82) Survivor regions: 1->1(11)
[2026-04-03T03:26:13.016+0600][21.342s][info][gc,heap        ] GC(82) Old regions: 32->32
[2026-04-03T03:26:13.016+0600][21.342s][info][gc,heap        ] GC(82) Humongous regions: 8->8
[2026-04-03T03:26:13.016+0600][21.342s][info][gc,metaspace   ] GC(82) Metaspace: 66785K(67776K)->66785K(67776K) NonClass: 58394K(58944K)->58394K(58944K) Class: 8390K(8832K)->8390K(8832K)
[2026-04-03T03:26:13.016+0600][21.342s][info][gc             ] GC(82) Pause Young (Mixed) (G1 Evacuation Pause) 117M->36M(137M) 2.281ms
[2026-04-03T03:26:13.016+0600][21.342s][info][gc,cpu         ] GC(82) User=0.01s Sys=0.00s Real=0.00s
[2026-04-03T03:26:13.054+0600][21.379s][info][gc,start       ] GC(83) Pause Young (Concurrent Start) (G1 Evacuation Pause)
[2026-04-03T03:26:13.054+0600][21.379s][info][gc,task        ] GC(83) Using 3 workers of 10 for evacuation
[2026-04-03T03:26:13.056+0600][21.382s][info][gc,phases      ] GC(83)   Pre Evacuate Collection Set: 0.33ms
[2026-04-03T03:26:13.056+0600][21.382s][info][gc,phases      ] GC(83)   Merge Heap Roots: 0.08ms
[2026-04-03T03:26:13.056+0600][21.382s][info][gc,phases      ] GC(83)   Evacuate Collection Set: 1.40ms
[2026-04-03T03:26:13.056+0600][21.382s][info][gc,phases      ] GC(83)   Post Evacuate Collection Set: 0.62ms
[2026-04-03T03:26:13.056+0600][21.382s][info][gc,phases      ] GC(83)   Other: 0.15ms
[2026-04-03T03:26:13.056+0600][21.382s][info][gc,heap        ] GC(83) Eden regions: 81->0(81)
[2026-04-03T03:26:13.056+0600][21.382s][info][gc,heap        ] GC(83) Survivor regions: 1->1(11)
[2026-04-03T03:26:13.056+0600][21.382s][info][gc,heap        ] GC(83) Old regions: 32->32
[2026-04-03T03:26:13.056+0600][21.382s][info][gc,heap        ] GC(83) Humongous regions: 8->8
[2026-04-03T03:26:13.056+0600][21.382s][info][gc,metaspace   ] GC(83) Metaspace: 66785K(67776K)->66785K(67776K) NonClass: 58394K(58944K)->58394K(58944K) Class: 8390K(8832K)->8390K(8832K)
[2026-04-03T03:26:13.056+0600][21.382s][info][gc             ] GC(83) Pause Young (Concurrent Start) (G1 Evacuation Pause) 117M->36M(137M) 2.774ms
[2026-04-03T03:26:13.056+0600][21.382s][info][gc,cpu         ] GC(83) User=0.01s Sys=0.00s Real=0.00s
[2026-04-03T03:26:13.057+0600][21.382s][info][gc             ] GC(84) Concurrent Mark Cycle
[2026-04-03T03:26:13.057+0600][21.382s][info][gc,marking     ] GC(84) Concurrent Scan Root Regions
[2026-04-03T03:26:13.057+0600][21.383s][info][gc,marking     ] GC(84) Concurrent Scan Root Regions 0.891ms
[2026-04-03T03:26:13.057+0600][21.383s][info][gc,marking     ] GC(84) Concurrent Mark
[2026-04-03T03:26:13.058+0600][21.383s][info][gc,marking     ] GC(84) Concurrent Mark From Roots
[2026-04-03T03:26:13.058+0600][21.383s][info][gc,task        ] GC(84) Using 3 workers of 3 for marking
[2026-04-03T03:26:13.076+0600][21.401s][info][gc,marking     ] GC(84) Concurrent Mark From Roots 18.300ms
[2026-04-03T03:26:13.076+0600][21.401s][info][gc,marking     ] GC(84) Concurrent Preclean
[2026-04-03T03:26:13.076+0600][21.402s][info][gc,marking     ] GC(84) Concurrent Preclean 0.124ms
[2026-04-03T03:26:13.076+0600][21.402s][info][gc,start       ] GC(84) Pause Remark
[2026-04-03T03:26:13.081+0600][21.407s][info][gc             ] GC(84) Pause Remark 71M->71M(137M) 5.225ms
[2026-04-03T03:26:13.082+0600][21.407s][info][gc,cpu         ] GC(84) User=0.01s Sys=0.00s Real=0.01s
[2026-04-03T03:26:13.082+0600][21.407s][info][gc,marking     ] GC(84) Concurrent Mark 24.163ms
[2026-04-03T03:26:13.082+0600][21.407s][info][gc,marking     ] GC(84) Concurrent Rebuild Remembered Sets and Scrub Regions
[2026-04-03T03:26:13.091+0600][21.417s][info][gc,marking     ] GC(84) Concurrent Rebuild Remembered Sets and Scrub Regions 9.358ms
[2026-04-03T03:26:13.091+0600][21.417s][info][gc,start       ] GC(84) Pause Cleanup
[2026-04-03T03:26:13.092+0600][21.417s][info][gc             ] GC(84) Pause Cleanup 89M->89M(137M) 0.158ms
[2026-04-03T03:26:13.092+0600][21.417s][info][gc,cpu         ] GC(84) User=0.00s Sys=0.00s Real=0.00s
[2026-04-03T03:26:13.092+0600][21.417s][info][gc,marking     ] GC(84) Concurrent Clear Claimed Marks
[2026-04-03T03:26:13.092+0600][21.417s][info][gc,marking     ] GC(84) Concurrent Clear Claimed Marks 0.133ms
[2026-04-03T03:26:13.092+0600][21.417s][info][gc,marking     ] GC(84) Concurrent Cleanup for Next Mark
[2026-04-03T03:26:13.092+0600][21.418s][info][gc,marking     ] GC(84) Concurrent Cleanup for Next Mark 0.467ms
[2026-04-03T03:26:13.092+0600][21.418s][info][gc             ] GC(84) Concurrent Mark Cycle 35.813ms
[2026-04-03T03:26:13.106+0600][21.432s][info][gc,start       ] GC(85) Pause Young (Prepare Mixed) (G1 Evacuation Pause)
[2026-04-03T03:26:13.106+0600][21.432s][info][gc,task        ] GC(85) Using 3 workers of 10 for evacuation
[2026-04-03T03:26:13.108+0600][21.434s][info][gc,phases      ] GC(85)   Pre Evacuate Collection Set: 0.38ms
[2026-04-03T03:26:13.108+0600][21.434s][info][gc,phases      ] GC(85)   Merge Heap Roots: 0.10ms
[2026-04-03T03:26:13.108+0600][21.434s][info][gc,phases      ] GC(85)   Evacuate Collection Set: 0.71ms
[2026-04-03T03:26:13.108+0600][21.434s][info][gc,phases      ] GC(85)   Post Evacuate Collection Set: 0.64ms
[2026-04-03T03:26:13.108+0600][21.434s][info][gc,phases      ] GC(85)   Other: 0.07ms
[2026-04-03T03:26:13.108+0600][21.434s][info][gc,heap        ] GC(85) Eden regions: 81->0(81)
[2026-04-03T03:26:13.108+0600][21.434s][info][gc,heap        ] GC(85) Survivor regions: 1->1(11)
[2026-04-03T03:26:13.108+0600][21.434s][info][gc,heap        ] GC(85) Old regions: 32->32
[2026-04-03T03:26:13.108+0600][21.434s][info][gc,heap        ] GC(85) Humongous regions: 8->8
[2026-04-03T03:26:13.108+0600][21.434s][info][gc,metaspace   ] GC(85) Metaspace: 66785K(67776K)->66785K(67776K) NonClass: 58394K(58944K)->58394K(58944K) Class: 8390K(8832K)->8390K(8832K)
[2026-04-03T03:26:13.108+0600][21.434s][info][gc             ] GC(85) Pause Young (Prepare Mixed) (G1 Evacuation Pause) 117M->36M(137M) 2.084ms
[2026-04-03T03:26:13.108+0600][21.434s][info][gc,cpu         ] GC(85) User=0.01s Sys=0.00s Real=0.00s
[2026-04-03T03:26:13.145+0600][21.471s][info][gc,start       ] GC(86) Pause Young (Mixed) (G1 Evacuation Pause)
[2026-04-03T03:26:13.145+0600][21.471s][info][gc,task        ] GC(86) Using 3 workers of 10 for evacuation
[2026-04-03T03:26:13.147+0600][21.473s][info][gc,phases      ] GC(86)   Pre Evacuate Collection Set: 0.18ms
[2026-04-03T03:26:13.148+0600][21.473s][info][gc,phases      ] GC(86)   Merge Heap Roots: 0.15ms
[2026-04-03T03:26:13.148+0600][21.473s][info][gc,phases      ] GC(86)   Evacuate Collection Set: 0.99ms
[2026-04-03T03:26:13.148+0600][21.473s][info][gc,phases      ] GC(86)   Post Evacuate Collection Set: 0.64ms
[2026-04-03T03:26:13.148+0600][21.473s][info][gc,phases      ] GC(86)   Other: 0.07ms
[2026-04-03T03:26:13.148+0600][21.473s][info][gc,heap        ] GC(86) Eden regions: 81->0(81)
[2026-04-03T03:26:13.148+0600][21.473s][info][gc,heap        ] GC(86) Survivor regions: 1->1(11)
[2026-04-03T03:26:13.148+0600][21.473s][info][gc,heap        ] GC(86) Old regions: 32->32
[2026-04-03T03:26:13.148+0600][21.473s][info][gc,heap        ] GC(86) Humongous regions: 8->8
[2026-04-03T03:26:13.148+0600][21.473s][info][gc,metaspace   ] GC(86) Metaspace: 66785K(67776K)->66785K(67776K) NonClass: 58394K(58944K)->58394K(58944K) Class: 8390K(8832K)->8390K(8832K)
[2026-04-03T03:26:13.148+0600][21.473s][info][gc             ] GC(86) Pause Young (Mixed) (G1 Evacuation Pause) 117M->36M(137M) 2.238ms
[2026-04-03T03:26:13.148+0600][21.473s][info][gc,cpu         ] GC(86) User=0.00s Sys=0.00s Real=0.00s
[2026-04-03T03:26:13.186+0600][21.511s][info][gc,start       ] GC(87) Pause Young (Concurrent Start) (G1 Evacuation Pause)
[2026-04-03T03:26:13.186+0600][21.511s][info][gc,task        ] GC(87) Using 3 workers of 10 for evacuation
[2026-04-03T03:26:13.189+0600][21.515s][info][gc,phases      ] GC(87)   Pre Evacuate Collection Set: 0.43ms
[2026-04-03T03:26:13.189+0600][21.515s][info][gc,phases      ] GC(87)   Merge Heap Roots: 0.07ms
[2026-04-03T03:26:13.189+0600][21.515s][info][gc,phases      ] GC(87)   Evacuate Collection Set: 1.35ms
[2026-04-03T03:26:13.189+0600][21.515s][info][gc,phases      ] GC(87)   Post Evacuate Collection Set: 1.48ms
[2026-04-03T03:26:13.189+0600][21.515s][info][gc,phases      ] GC(87)   Other: 0.28ms
[2026-04-03T03:26:13.189+0600][21.515s][info][gc,heap        ] GC(87) Eden regions: 81->0(151)
[2026-04-03T03:26:13.189+0600][21.515s][info][gc,heap        ] GC(87) Survivor regions: 1->1(11)
[2026-04-03T03:26:13.189+0600][21.515s][info][gc,heap        ] GC(87) Old regions: 32->32
[2026-04-03T03:26:13.189+0600][21.515s][info][gc,heap        ] GC(87) Humongous regions: 8->8
[2026-04-03T03:26:13.189+0600][21.515s][info][gc,metaspace   ] GC(87) Metaspace: 66785K(67776K)->66785K(67776K) NonClass: 58394K(58944K)->58394K(58944K) Class: 8390K(8832K)->8390K(8832K)
[2026-04-03T03:26:13.189+0600][21.515s][info][gc             ] GC(87) Pause Young (Concurrent Start) (G1 Evacuation Pause) 117M->36M(254M) 3.832ms
[2026-04-03T03:26:13.189+0600][21.515s][info][gc,cpu         ] GC(87) User=0.00s Sys=0.00s Real=0.00s
[2026-04-03T03:26:13.190+0600][21.515s][info][gc             ] GC(88) Concurrent Mark Cycle
[2026-04-03T03:26:13.190+0600][21.515s][info][gc,marking     ] GC(88) Concurrent Scan Root Regions
[2026-04-03T03:26:13.191+0600][21.516s][info][gc,marking     ] GC(88) Concurrent Scan Root Regions 0.989ms
[2026-04-03T03:26:13.191+0600][21.516s][info][gc,marking     ] GC(88) Concurrent Mark
[2026-04-03T03:26:13.191+0600][21.516s][info][gc,marking     ] GC(88) Concurrent Mark From Roots
[2026-04-03T03:26:13.191+0600][21.516s][info][gc,task        ] GC(88) Using 3 workers of 3 for marking
[2026-04-03T03:26:13.209+0600][21.535s][info][gc,marking     ] GC(88) Concurrent Mark From Roots 18.707ms
[2026-04-03T03:26:13.209+0600][21.535s][info][gc,marking     ] GC(88) Concurrent Preclean
[2026-04-03T03:26:13.210+0600][21.535s][info][gc,marking     ] GC(88) Concurrent Preclean 0.145ms
[2026-04-03T03:26:13.210+0600][21.535s][info][gc,start       ] GC(88) Pause Remark
[2026-04-03T03:26:13.215+0600][21.540s][info][gc             ] GC(88) Pause Remark 71M->71M(137M) 5.054ms
[2026-04-03T03:26:13.215+0600][21.541s][info][gc,cpu         ] GC(88) User=0.02s Sys=0.00s Real=0.00s
[2026-04-03T03:26:13.215+0600][21.541s][info][gc,marking     ] GC(88) Concurrent Mark 24.471ms
[2026-04-03T03:26:13.215+0600][21.541s][info][gc,marking     ] GC(88) Concurrent Rebuild Remembered Sets and Scrub Regions
[2026-04-03T03:26:13.224+0600][21.550s][info][gc,marking     ] GC(88) Concurrent Rebuild Remembered Sets and Scrub Regions 9.326ms
[2026-04-03T03:26:13.225+0600][21.550s][info][gc,start       ] GC(88) Pause Cleanup
[2026-04-03T03:26:13.225+0600][21.550s][info][gc             ] GC(88) Pause Cleanup 88M->88M(137M) 0.206ms
[2026-04-03T03:26:13.225+0600][21.550s][info][gc,cpu         ] GC(88) User=0.00s Sys=0.00s Real=0.00s
[2026-04-03T03:26:13.225+0600][21.551s][info][gc,marking     ] GC(88) Concurrent Clear Claimed Marks
[2026-04-03T03:26:13.225+0600][21.551s][info][gc,marking     ] GC(88) Concurrent Clear Claimed Marks 0.166ms
[2026-04-03T03:26:13.225+0600][21.551s][info][gc,marking     ] GC(88) Concurrent Cleanup for Next Mark
[2026-04-03T03:26:13.226+0600][21.551s][info][gc,marking     ] GC(88) Concurrent Cleanup for Next Mark 0.326ms
[2026-04-03T03:26:13.226+0600][21.551s][info][gc             ] GC(88) Concurrent Mark Cycle 36.057ms
[2026-04-03T03:26:13.240+0600][21.566s][info][gc,start       ] GC(89) Pause Young (Prepare Mixed) (G1 Evacuation Pause)
[2026-04-03T03:26:13.240+0600][21.566s][info][gc,task        ] GC(89) Using 3 workers of 10 for evacuation
[2026-04-03T03:26:13.242+0600][21.568s][info][gc,phases      ] GC(89)   Pre Evacuate Collection Set: 0.24ms
[2026-04-03T03:26:13.242+0600][21.568s][info][gc,phases      ] GC(89)   Merge Heap Roots: 0.22ms
[2026-04-03T03:26:13.242+0600][21.568s][info][gc,phases      ] GC(89)   Evacuate Collection Set: 0.63ms
[2026-04-03T03:26:13.242+0600][21.568s][info][gc,phases      ] GC(89)   Post Evacuate Collection Set: 0.70ms
[2026-04-03T03:26:13.242+0600][21.568s][info][gc,phases      ] GC(89)   Other: 0.09ms
[2026-04-03T03:26:13.242+0600][21.568s][info][gc,heap        ] GC(89) Eden regions: 83->0(81)
[2026-04-03T03:26:13.242+0600][21.568s][info][gc,heap        ] GC(89) Survivor regions: 1->1(11)
[2026-04-03T03:26:13.242+0600][21.568s][info][gc,heap        ] GC(89) Old regions: 32->32
[2026-04-03T03:26:13.242+0600][21.568s][info][gc,heap        ] GC(89) Humongous regions: 8->8
[2026-04-03T03:26:13.242+0600][21.568s][info][gc,metaspace   ] GC(89) Metaspace: 66785K(67776K)->66785K(67776K) NonClass: 58394K(58944K)->58394K(58944K) Class: 8390K(8832K)->8390K(8832K)
[2026-04-03T03:26:13.243+0600][21.568s][info][gc             ] GC(89) Pause Young (Prepare Mixed) (G1 Evacuation Pause) 119M->36M(137M) 2.089ms
[2026-04-03T03:26:13.243+0600][21.568s][info][gc,cpu         ] GC(89) User=0.00s Sys=0.00s Real=0.00s
[2026-04-03T03:26:13.280+0600][21.605s][info][gc,start       ] GC(90) Pause Young (Mixed) (G1 Evacuation Pause)
[2026-04-03T03:26:13.280+0600][21.605s][info][gc,task        ] GC(90) Using 3 workers of 10 for evacuation
[2026-04-03T03:26:13.282+0600][21.607s][info][gc,phases      ] GC(90)   Pre Evacuate Collection Set: 0.29ms
[2026-04-03T03:26:13.282+0600][21.607s][info][gc,phases      ] GC(90)   Merge Heap Roots: 0.20ms
[2026-04-03T03:26:13.282+0600][21.607s][info][gc,phases      ] GC(90)   Evacuate Collection Set: 0.88ms
[2026-04-03T03:26:13.282+0600][21.607s][info][gc,phases      ] GC(90)   Post Evacuate Collection Set: 0.48ms
[2026-04-03T03:26:13.282+0600][21.607s][info][gc,phases      ] GC(90)   Other: 0.06ms
[2026-04-03T03:26:13.282+0600][21.607s][info][gc,heap        ] GC(90) Eden regions: 81->0(81)
[2026-04-03T03:26:13.282+0600][21.607s][info][gc,heap        ] GC(90) Survivor regions: 1->1(11)
[2026-04-03T03:26:13.282+0600][21.607s][info][gc,heap        ] GC(90) Old regions: 32->32
[2026-04-03T03:26:13.282+0600][21.607s][info][gc,heap        ] GC(90) Humongous regions: 8->8
[2026-04-03T03:26:13.282+0600][21.607s][info][gc,metaspace   ] GC(90) Metaspace: 66785K(67776K)->66785K(67776K) NonClass: 58394K(58944K)->58394K(58944K) Class: 8390K(8832K)->8390K(8832K)
[2026-04-03T03:26:13.282+0600][21.607s][info][gc             ] GC(90) Pause Young (Mixed) (G1 Evacuation Pause) 117M->36M(137M) 2.099ms
[2026-04-03T03:26:13.282+0600][21.607s][info][gc,cpu         ] GC(90) User=0.00s Sys=0.00s Real=0.01s
[2026-04-03T03:26:13.319+0600][21.645s][info][gc,start       ] GC(91) Pause Young (Concurrent Start) (G1 Evacuation Pause)
[2026-04-03T03:26:13.319+0600][21.645s][info][gc,task        ] GC(91) Using 3 workers of 10 for evacuation
[2026-04-03T03:26:13.321+0600][21.647s][info][gc,phases      ] GC(91)   Pre Evacuate Collection Set: 0.28ms
[2026-04-03T03:26:13.321+0600][21.647s][info][gc,phases      ] GC(91)   Merge Heap Roots: 0.08ms
[2026-04-03T03:26:13.321+0600][21.647s][info][gc,phases      ] GC(91)   Evacuate Collection Set: 1.01ms
[2026-04-03T03:26:13.321+0600][21.647s][info][gc,phases      ] GC(91)   Post Evacuate Collection Set: 0.58ms
[2026-04-03T03:26:13.321+0600][21.647s][info][gc,phases      ] GC(91)   Other: 0.25ms
[2026-04-03T03:26:13.321+0600][21.647s][info][gc,heap        ] GC(91) Eden regions: 81->0(81)
[2026-04-03T03:26:13.322+0600][21.647s][info][gc,heap        ] GC(91) Survivor regions: 1->1(11)
[2026-04-03T03:26:13.322+0600][21.647s][info][gc,heap        ] GC(91) Old regions: 32->32
[2026-04-03T03:26:13.322+0600][21.647s][info][gc,heap        ] GC(91) Humongous regions: 8->8
[2026-04-03T03:26:13.322+0600][21.647s][info][gc,metaspace   ] GC(91) Metaspace: 66785K(67776K)->66785K(67776K) NonClass: 58394K(58944K)->58394K(58944K) Class: 8390K(8832K)->8390K(8832K)
[2026-04-03T03:26:13.322+0600][21.647s][info][gc             ] GC(91) Pause Young (Concurrent Start) (G1 Evacuation Pause) 117M->36M(137M) 2.366ms
[2026-04-03T03:26:13.322+0600][21.647s][info][gc,cpu         ] GC(91) User=0.00s Sys=0.00s Real=0.01s
[2026-04-03T03:26:13.322+0600][21.647s][info][gc             ] GC(92) Concurrent Mark Cycle
[2026-04-03T03:26:13.322+0600][21.647s][info][gc,marking     ] GC(92) Concurrent Scan Root Regions
[2026-04-03T03:26:13.323+0600][21.648s][info][gc,marking     ] GC(92) Concurrent Scan Root Regions 0.879ms
[2026-04-03T03:26:13.323+0600][21.648s][info][gc,marking     ] GC(92) Concurrent Mark
[2026-04-03T03:26:13.323+0600][21.648s][info][gc,marking     ] GC(92) Concurrent Mark From Roots
[2026-04-03T03:26:13.323+0600][21.648s][info][gc,task        ] GC(92) Using 3 workers of 3 for marking
[2026-04-03T03:26:13.341+0600][21.666s][info][gc,marking     ] GC(92) Concurrent Mark From Roots 18.284ms
[2026-04-03T03:26:13.341+0600][21.666s][info][gc,marking     ] GC(92) Concurrent Preclean
[2026-04-03T03:26:13.341+0600][21.667s][info][gc,marking     ] GC(92) Concurrent Preclean 0.149ms
[2026-04-03T03:26:13.341+0600][21.667s][info][gc,start       ] GC(92) Pause Remark
[2026-04-03T03:26:13.346+0600][21.672s][info][gc             ] GC(92) Pause Remark 71M->71M(137M) 5.096ms
[2026-04-03T03:26:13.346+0600][21.672s][info][gc,cpu         ] GC(92) User=0.01s Sys=0.00s Real=0.00s
[2026-04-03T03:26:13.347+0600][21.672s][info][gc,marking     ] GC(92) Concurrent Mark 23.957ms
[2026-04-03T03:26:13.347+0600][21.672s][info][gc,marking     ] GC(92) Concurrent Rebuild Remembered Sets and Scrub Regions
[2026-04-03T03:26:13.356+0600][21.681s][info][gc,marking     ] GC(92) Concurrent Rebuild Remembered Sets and Scrub Regions 8.916ms
[2026-04-03T03:26:13.356+0600][21.681s][info][gc,start       ] GC(92) Pause Cleanup
[2026-04-03T03:26:13.356+0600][21.682s][info][gc             ] GC(92) Pause Cleanup 88M->88M(137M) 0.246ms
[2026-04-03T03:26:13.356+0600][21.682s][info][gc,cpu         ] GC(92) User=0.00s Sys=0.00s Real=0.00s
[2026-04-03T03:26:13.356+0600][21.682s][info][gc,marking     ] GC(92) Concurrent Clear Claimed Marks
[2026-04-03T03:26:13.356+0600][21.682s][info][gc,marking     ] GC(92) Concurrent Clear Claimed Marks 0.144ms
[2026-04-03T03:26:13.356+0600][21.682s][info][gc,marking     ] GC(92) Concurrent Cleanup for Next Mark
[2026-04-03T03:26:13.357+0600][21.682s][info][gc,marking     ] GC(92) Concurrent Cleanup for Next Mark 0.281ms
[2026-04-03T03:26:13.357+0600][21.682s][info][gc             ] GC(92) Concurrent Mark Cycle 35.157ms
[2026-04-03T03:26:13.371+0600][21.697s][info][gc,start       ] GC(93) Pause Young (Prepare Mixed) (G1 Evacuation Pause)
[2026-04-03T03:26:13.371+0600][21.697s][info][gc,task        ] GC(93) Using 3 workers of 10 for evacuation
[2026-04-03T03:26:13.373+0600][21.699s][info][gc,phases      ] GC(93)   Pre Evacuate Collection Set: 0.29ms
[2026-04-03T03:26:13.373+0600][21.699s][info][gc,phases      ] GC(93)   Merge Heap Roots: 0.09ms
[2026-04-03T03:26:13.373+0600][21.699s][info][gc,phases      ] GC(93)   Evacuate Collection Set: 0.82ms
[2026-04-03T03:26:13.373+0600][21.699s][info][gc,phases      ] GC(93)   Post Evacuate Collection Set: 0.75ms
[2026-04-03T03:26:13.373+0600][21.699s][info][gc,phases      ] GC(93)   Other: 0.08ms
[2026-04-03T03:26:13.373+0600][21.699s][info][gc,heap        ] GC(93) Eden regions: 81->0(81)
[2026-04-03T03:26:13.373+0600][21.699s][info][gc,heap        ] GC(93) Survivor regions: 1->1(11)
[2026-04-03T03:26:13.373+0600][21.699s][info][gc,heap        ] GC(93) Old regions: 32->33
[2026-04-03T03:26:13.373+0600][21.699s][info][gc,heap        ] GC(93) Humongous regions: 8->8
[2026-04-03T03:26:13.373+0600][21.699s][info][gc,metaspace   ] GC(93) Metaspace: 66785K(67776K)->66785K(67776K) NonClass: 58394K(58944K)->58394K(58944K) Class: 8390K(8832K)->8390K(8832K)
[2026-04-03T03:26:13.373+0600][21.699s][info][gc             ] GC(93) Pause Young (Prepare Mixed) (G1 Evacuation Pause) 117M->36M(137M) 2.283ms
[2026-04-03T03:26:13.373+0600][21.699s][info][gc,cpu         ] GC(93) User=0.00s Sys=0.00s Real=0.00s
[2026-04-03T03:26:13.410+0600][21.736s][info][gc,start       ] GC(94) Pause Young (Mixed) (G1 Evacuation Pause)
[2026-04-03T03:26:13.411+0600][21.736s][info][gc,task        ] GC(94) Using 3 workers of 10 for evacuation
[2026-04-03T03:26:13.414+0600][21.739s][info][gc,phases      ] GC(94)   Pre Evacuate Collection Set: 0.31ms
[2026-04-03T03:26:13.414+0600][21.739s][info][gc,phases      ] GC(94)   Merge Heap Roots: 0.25ms
[2026-04-03T03:26:13.414+0600][21.739s][info][gc,phases      ] GC(94)   Evacuate Collection Set: 0.88ms
[2026-04-03T03:26:13.414+0600][21.739s][info][gc,phases      ] GC(94)   Post Evacuate Collection Set: 1.37ms
[2026-04-03T03:26:13.414+0600][21.739s][info][gc,phases      ] GC(94)   Other: 0.15ms
[2026-04-03T03:26:13.414+0600][21.739s][info][gc,heap        ] GC(94) Eden regions: 81->0(140)
[2026-04-03T03:26:13.414+0600][21.739s][info][gc,heap        ] GC(94) Survivor regions: 1->1(11)
[2026-04-03T03:26:13.414+0600][21.739s][info][gc,heap        ] GC(94) Old regions: 33->32
[2026-04-03T03:26:13.414+0600][21.739s][info][gc,heap        ] GC(94) Humongous regions: 8->8
[2026-04-03T03:26:13.414+0600][21.739s][info][gc,metaspace   ] GC(94) Metaspace: 66785K(67776K)->66785K(67776K) NonClass: 58394K(58944K)->58394K(58944K) Class: 8390K(8832K)->8390K(8832K)
[2026-04-03T03:26:13.414+0600][21.739s][info][gc             ] GC(94) Pause Young (Mixed) (G1 Evacuation Pause) 117M->36M(236M) 3.244ms
[2026-04-03T03:26:13.414+0600][21.739s][info][gc,cpu         ] GC(94) User=0.01s Sys=0.00s Real=0.00s
[2026-04-03T03:26:13.502+0600][21.828s][info][gc,start       ] GC(95) Pause Young (Concurrent Start) (G1 Evacuation Pause)
[2026-04-03T03:26:13.502+0600][21.828s][info][gc,task        ] GC(95) Using 5 workers of 10 for evacuation
[2026-04-03T03:26:13.505+0600][21.830s][info][gc,phases      ] GC(95)   Pre Evacuate Collection Set: 0.34ms
[2026-04-03T03:26:13.505+0600][21.830s][info][gc,phases      ] GC(95)   Merge Heap Roots: 0.09ms
[2026-04-03T03:26:13.505+0600][21.830s][info][gc,phases      ] GC(95)   Evacuate Collection Set: 1.25ms
[2026-04-03T03:26:13.505+0600][21.830s][info][gc,phases      ] GC(95)   Post Evacuate Collection Set: 0.51ms
[2026-04-03T03:26:13.505+0600][21.830s][info][gc,phases      ] GC(95)   Other: 0.14ms
[2026-04-03T03:26:13.505+0600][21.830s][info][gc,heap        ] GC(95) Eden regions: 140->0(140)
[2026-04-03T03:26:13.505+0600][21.830s][info][gc,heap        ] GC(95) Survivor regions: 1->1(18)
[2026-04-03T03:26:13.505+0600][21.830s][info][gc,heap        ] GC(95) Old regions: 32->32
[2026-04-03T03:26:13.505+0600][21.830s][info][gc,heap        ] GC(95) Humongous regions: 8->8
[2026-04-03T03:26:13.505+0600][21.830s][info][gc,metaspace   ] GC(95) Metaspace: 66785K(67776K)->66785K(67776K) NonClass: 58394K(58944K)->58394K(58944K) Class: 8390K(8832K)->8390K(8832K)
[2026-04-03T03:26:13.505+0600][21.830s][info][gc             ] GC(95) Pause Young (Concurrent Start) (G1 Evacuation Pause) 176M->36M(236M) 2.566ms
[2026-04-03T03:26:13.505+0600][21.830s][info][gc,cpu         ] GC(95) User=0.00s Sys=0.00s Real=0.00s
[2026-04-03T03:26:13.505+0600][21.830s][info][gc             ] GC(96) Concurrent Mark Cycle
[2026-04-03T03:26:13.505+0600][21.830s][info][gc,marking     ] GC(96) Concurrent Scan Root Regions
[2026-04-03T03:26:13.506+0600][21.831s][info][gc,marking     ] GC(96) Concurrent Scan Root Regions 0.772ms
[2026-04-03T03:26:13.506+0600][21.831s][info][gc,marking     ] GC(96) Concurrent Mark
[2026-04-03T03:26:13.506+0600][21.831s][info][gc,marking     ] GC(96) Concurrent Mark From Roots
[2026-04-03T03:26:13.506+0600][21.831s][info][gc,task        ] GC(96) Using 3 workers of 3 for marking
[2026-04-03T03:26:13.523+0600][21.849s][info][gc,marking     ] GC(96) Concurrent Mark From Roots 17.403ms
[2026-04-03T03:26:13.523+0600][21.849s][info][gc,marking     ] GC(96) Concurrent Preclean
[2026-04-03T03:26:13.523+0600][21.849s][info][gc,marking     ] GC(96) Concurrent Preclean 0.127ms
[2026-04-03T03:26:13.524+0600][21.849s][info][gc,start       ] GC(96) Pause Remark
[2026-04-03T03:26:13.527+0600][21.853s][info][gc             ] GC(96) Pause Remark 66M->66M(137M) 3.859ms
[2026-04-03T03:26:13.527+0600][21.853s][info][gc,cpu         ] GC(96) User=0.01s Sys=0.00s Real=0.00s
[2026-04-03T03:26:13.528+0600][21.853s][info][gc,marking     ] GC(96) Concurrent Mark 21.879ms
[2026-04-03T03:26:13.528+0600][21.853s][info][gc,marking     ] GC(96) Concurrent Rebuild Remembered Sets and Scrub Regions
[2026-04-03T03:26:13.537+0600][21.862s][info][gc,marking     ] GC(96) Concurrent Rebuild Remembered Sets and Scrub Regions 9.263ms
[2026-04-03T03:26:13.537+0600][21.863s][info][gc,start       ] GC(96) Pause Cleanup
[2026-04-03T03:26:13.537+0600][21.863s][info][gc             ] GC(96) Pause Cleanup 81M->81M(137M) 0.244ms
[2026-04-03T03:26:13.537+0600][21.863s][info][gc,cpu         ] GC(96) User=0.00s Sys=0.00s Real=0.00s
[2026-04-03T03:26:13.538+0600][21.863s][info][gc,marking     ] GC(96) Concurrent Clear Claimed Marks
[2026-04-03T03:26:13.538+0600][21.863s][info][gc,marking     ] GC(96) Concurrent Clear Claimed Marks 0.161ms
[2026-04-03T03:26:13.538+0600][21.863s][info][gc,marking     ] GC(96) Concurrent Cleanup for Next Mark
[2026-04-03T03:26:13.538+0600][21.864s][info][gc,marking     ] GC(96) Concurrent Cleanup for Next Mark 0.310ms
[2026-04-03T03:26:13.538+0600][21.864s][info][gc             ] GC(96) Concurrent Mark Cycle 33.428ms
[2026-04-03T03:26:13.555+0600][21.881s][info][gc,start       ] GC(97) Pause Young (Prepare Mixed) (G1 Evacuation Pause)
[2026-04-03T03:26:13.555+0600][21.881s][info][gc,task        ] GC(97) Using 4 workers of 10 for evacuation
[2026-04-03T03:26:13.557+0600][21.883s][info][gc,phases      ] GC(97)   Pre Evacuate Collection Set: 0.33ms
[2026-04-03T03:26:13.557+0600][21.883s][info][gc,phases      ] GC(97)   Merge Heap Roots: 0.28ms
[2026-04-03T03:26:13.557+0600][21.883s][info][gc,phases      ] GC(97)   Evacuate Collection Set: 0.56ms
[2026-04-03T03:26:13.557+0600][21.883s][info][gc,phases      ] GC(97)   Post Evacuate Collection Set: 0.49ms
[2026-04-03T03:26:13.557+0600][21.883s][info][gc,phases      ] GC(97)   Other: 0.07ms
[2026-04-03T03:26:13.557+0600][21.883s][info][gc,heap        ] GC(97) Eden regions: 82->0(81)
[2026-04-03T03:26:13.557+0600][21.883s][info][gc,heap        ] GC(97) Survivor regions: 1->1(11)
[2026-04-03T03:26:13.557+0600][21.883s][info][gc,heap        ] GC(97) Old regions: 32->33
[2026-04-03T03:26:13.557+0600][21.883s][info][gc,heap        ] GC(97) Humongous regions: 8->8
[2026-04-03T03:26:13.557+0600][21.883s][info][gc,metaspace   ] GC(97) Metaspace: 66785K(67776K)->66785K(67776K) NonClass: 58394K(58944K)->58394K(58944K) Class: 8390K(8832K)->8390K(8832K)
[2026-04-03T03:26:13.557+0600][21.883s][info][gc             ] GC(97) Pause Young (Prepare Mixed) (G1 Evacuation Pause) 118M->36M(137M) 1.901ms
[2026-04-03T03:26:13.557+0600][21.883s][info][gc,cpu         ] GC(97) User=0.00s Sys=0.00s Real=0.00s
[2026-04-03T03:26:13.594+0600][21.920s][info][gc,start       ] GC(98) Pause Young (Mixed) (G1 Evacuation Pause)
[2026-04-03T03:26:13.594+0600][21.920s][info][gc,task        ] GC(98) Using 3 workers of 10 for evacuation
[2026-04-03T03:26:13.596+0600][21.922s][info][gc,phases      ] GC(98)   Pre Evacuate Collection Set: 0.47ms
[2026-04-03T03:26:13.597+0600][21.922s][info][gc,phases      ] GC(98)   Merge Heap Roots: 0.09ms
[2026-04-03T03:26:13.597+0600][21.922s][info][gc,phases      ] GC(98)   Evacuate Collection Set: 0.85ms
[2026-04-03T03:26:13.597+0600][21.922s][info][gc,phases      ] GC(98)   Post Evacuate Collection Set: 0.66ms
[2026-04-03T03:26:13.597+0600][21.922s][info][gc,phases      ] GC(98)   Other: 0.09ms
[2026-04-03T03:26:13.597+0600][21.922s][info][gc,heap        ] GC(98) Eden regions: 81->0(81)
[2026-04-03T03:26:13.597+0600][21.922s][info][gc,heap        ] GC(98) Survivor regions: 1->1(11)
[2026-04-03T03:26:13.597+0600][21.922s][info][gc,heap        ] GC(98) Old regions: 33->32
[2026-04-03T03:26:13.597+0600][21.922s][info][gc,heap        ] GC(98) Humongous regions: 8->8
[2026-04-03T03:26:13.597+0600][21.922s][info][gc,metaspace   ] GC(98) Metaspace: 66785K(67776K)->66785K(67776K) NonClass: 58394K(58944K)->58394K(58944K) Class: 8390K(8832K)->8390K(8832K)
[2026-04-03T03:26:13.597+0600][21.922s][info][gc             ] GC(98) Pause Young (Mixed) (G1 Evacuation Pause) 117M->36M(137M) 2.315ms
[2026-04-03T03:26:13.597+0600][21.922s][info][gc,cpu         ] GC(98) User=0.01s Sys=0.00s Real=0.00s
[2026-04-03T03:26:13.640+0600][21.965s][info][gc,start       ] GC(99) Pause Young (Concurrent Start) (G1 Evacuation Pause)
[2026-04-03T03:26:13.640+0600][21.966s][info][gc,task        ] GC(99) Using 3 workers of 10 for evacuation
[2026-04-03T03:26:13.643+0600][21.968s][info][gc,phases      ] GC(99)   Pre Evacuate Collection Set: 0.34ms
[2026-04-03T03:26:13.643+0600][21.968s][info][gc,phases      ] GC(99)   Merge Heap Roots: 0.21ms
[2026-04-03T03:26:13.643+0600][21.968s][info][gc,phases      ] GC(99)   Evacuate Collection Set: 0.95ms
[2026-04-03T03:26:13.643+0600][21.968s][info][gc,phases      ] GC(99)   Post Evacuate Collection Set: 0.93ms
[2026-04-03T03:26:13.643+0600][21.968s][info][gc,phases      ] GC(99)   Other: 0.19ms
[2026-04-03T03:26:13.643+0600][21.968s][info][gc,heap        ] GC(99) Eden regions: 81->0(125)
[2026-04-03T03:26:13.643+0600][21.968s][info][gc,heap        ] GC(99) Survivor regions: 1->1(11)
[2026-04-03T03:26:13.643+0600][21.968s][info][gc,heap        ] GC(99) Old regions: 32->32
[2026-04-03T03:26:13.643+0600][21.968s][info][gc,heap        ] GC(99) Humongous regions: 8->8
[2026-04-03T03:26:13.643+0600][21.968s][info][gc,metaspace   ] GC(99) Metaspace: 66785K(67776K)->66785K(67776K) NonClass: 58394K(58944K)->58394K(58944K) Class: 8390K(8832K)->8390K(8832K)
[2026-04-03T03:26:13.643+0600][21.968s][info][gc             ] GC(99) Pause Young (Concurrent Start) (G1 Evacuation Pause) 117M->36M(210M) 2.850ms
[2026-04-03T03:26:13.643+0600][21.968s][info][gc,cpu         ] GC(99) User=0.00s Sys=0.00s Real=0.00s
[2026-04-03T03:26:13.643+0600][21.968s][info][gc             ] GC(100) Concurrent Mark Cycle
[2026-04-03T03:26:13.643+0600][21.968s][info][gc,marking     ] GC(100) Concurrent Scan Root Regions
[2026-04-03T03:26:13.644+0600][21.969s][info][gc,marking     ] GC(100) Concurrent Scan Root Regions 0.889ms
[2026-04-03T03:26:13.644+0600][21.969s][info][gc,marking     ] GC(100) Concurrent Mark
[2026-04-03T03:26:13.644+0600][21.969s][info][gc,marking     ] GC(100) Concurrent Mark From Roots
[2026-04-03T03:26:13.644+0600][21.969s][info][gc,task        ] GC(100) Using 3 workers of 3 for marking
[2026-04-03T03:26:13.663+0600][21.989s][info][gc,marking     ] GC(100) Concurrent Mark From Roots 19.462ms
[2026-04-03T03:26:13.663+0600][21.989s][info][gc,marking     ] GC(100) Concurrent Preclean
[2026-04-03T03:26:13.663+0600][21.989s][info][gc,marking     ] GC(100) Concurrent Preclean 0.146ms
[2026-04-03T03:26:13.664+0600][21.989s][info][gc,start       ] GC(100) Pause Remark
[2026-04-03T03:26:13.669+0600][21.995s][info][gc             ] GC(100) Pause Remark 70M->70M(137M) 5.526ms
[2026-04-03T03:26:13.669+0600][21.995s][info][gc,cpu         ] GC(100) User=0.02s Sys=0.00s Real=0.00s
[2026-04-03T03:26:13.669+0600][21.995s][info][gc,marking     ] GC(100) Concurrent Mark 25.656ms
[2026-04-03T03:26:13.670+0600][21.995s][info][gc,marking     ] GC(100) Concurrent Rebuild Remembered Sets and Scrub Regions
[2026-04-03T03:26:13.679+0600][22.004s][info][gc,marking     ] GC(100) Concurrent Rebuild Remembered Sets and Scrub Regions 9.002ms
[2026-04-03T03:26:13.679+0600][22.004s][info][gc,start       ] GC(100) Pause Cleanup
[2026-04-03T03:26:13.679+0600][22.004s][info][gc             ] GC(100) Pause Cleanup 87M->87M(137M) 0.190ms
[2026-04-03T03:26:13.679+0600][22.004s][info][gc,cpu         ] GC(100) User=0.00s Sys=0.00s Real=0.00s
[2026-04-03T03:26:13.679+0600][22.005s][info][gc,marking     ] GC(100) Concurrent Clear Claimed Marks
[2026-04-03T03:26:13.679+0600][22.005s][info][gc,marking     ] GC(100) Concurrent Clear Claimed Marks 0.169ms
[2026-04-03T03:26:13.679+0600][22.005s][info][gc,marking     ] GC(100) Concurrent Cleanup for Next Mark
[2026-04-03T03:26:13.680+0600][22.005s][info][gc,marking     ] GC(100) Concurrent Cleanup for Next Mark 0.370ms
[2026-04-03T03:26:13.680+0600][22.005s][info][gc             ] GC(100) Concurrent Mark Cycle 36.924ms
[2026-04-03T03:26:13.694+0600][22.020s][info][gc,start       ] GC(101) Pause Young (Prepare Mixed) (G1 Evacuation Pause)
[2026-04-03T03:26:13.694+0600][22.020s][info][gc,task        ] GC(101) Using 3 workers of 10 for evacuation
[2026-04-03T03:26:13.696+0600][22.021s][info][gc,phases      ] GC(101)   Pre Evacuate Collection Set: 0.38ms
[2026-04-03T03:26:13.696+0600][22.022s][info][gc,phases      ] GC(101)   Merge Heap Roots: 0.11ms
[2026-04-03T03:26:13.696+0600][22.022s][info][gc,phases      ] GC(101)   Evacuate Collection Set: 0.71ms
[2026-04-03T03:26:13.696+0600][22.022s][info][gc,phases      ] GC(101)   Post Evacuate Collection Set: 0.50ms
[2026-04-03T03:26:13.696+0600][22.022s][info][gc,phases      ] GC(101)   Other: 0.07ms
[2026-04-03T03:26:13.696+0600][22.022s][info][gc,heap        ] GC(101) Eden regions: 81->0(81)
[2026-04-03T03:26:13.696+0600][22.022s][info][gc,heap        ] GC(101) Survivor regions: 1->1(11)
[2026-04-03T03:26:13.696+0600][22.022s][info][gc,heap        ] GC(101) Old regions: 32->32
[2026-04-03T03:26:13.696+0600][22.022s][info][gc,heap        ] GC(101) Humongous regions: 8->8
[2026-04-03T03:26:13.696+0600][22.022s][info][gc,metaspace   ] GC(101) Metaspace: 66785K(67776K)->66785K(67776K) NonClass: 58394K(58944K)->58394K(58944K) Class: 8390K(8832K)->8390K(8832K)
[2026-04-03T03:26:13.696+0600][22.022s][info][gc             ] GC(101) Pause Young (Prepare Mixed) (G1 Evacuation Pause) 117M->36M(137M) 1.964ms
[2026-04-03T03:26:13.696+0600][22.022s][info][gc,cpu         ] GC(101) User=0.00s Sys=0.00s Real=0.00s
[2026-04-03T03:26:13.734+0600][22.060s][info][gc,start       ] GC(102) Pause Young (Mixed) (G1 Evacuation Pause)
[2026-04-03T03:26:13.734+0600][22.060s][info][gc,task        ] GC(102) Using 3 workers of 10 for evacuation
[2026-04-03T03:26:13.736+0600][22.061s][info][gc,phases      ] GC(102)   Pre Evacuate Collection Set: 0.32ms
[2026-04-03T03:26:13.736+0600][22.061s][info][gc,phases      ] GC(102)   Merge Heap Roots: 0.07ms
[2026-04-03T03:26:13.736+0600][22.061s][info][gc,phases      ] GC(102)   Evacuate Collection Set: 0.72ms
[2026-04-03T03:26:13.736+0600][22.061s][info][gc,phases      ] GC(102)   Post Evacuate Collection Set: 0.43ms
[2026-04-03T03:26:13.736+0600][22.061s][info][gc,phases      ] GC(102)   Other: 0.08ms
[2026-04-03T03:26:13.736+0600][22.061s][info][gc,heap        ] GC(102) Eden regions: 81->0(81)
[2026-04-03T03:26:13.736+0600][22.061s][info][gc,heap        ] GC(102) Survivor regions: 1->1(11)
[2026-04-03T03:26:13.736+0600][22.061s][info][gc,heap        ] GC(102) Old regions: 32->32
[2026-04-03T03:26:13.736+0600][22.061s][info][gc,heap        ] GC(102) Humongous regions: 8->8
[2026-04-03T03:26:13.736+0600][22.061s][info][gc,metaspace   ] GC(102) Metaspace: 66785K(67776K)->66785K(67776K) NonClass: 58394K(58944K)->58394K(58944K) Class: 8390K(8832K)->8390K(8832K)
[2026-04-03T03:26:13.736+0600][22.061s][info][gc             ] GC(102) Pause Young (Mixed) (G1 Evacuation Pause) 117M->36M(137M) 1.845ms
[2026-04-03T03:26:13.736+0600][22.062s][info][gc,cpu         ] GC(102) User=0.00s Sys=0.01s Real=0.00s
[2026-04-03T03:26:13.790+0600][22.115s][info][gc,start       ] GC(103) Pause Young (Concurrent Start) (G1 Evacuation Pause)
[2026-04-03T03:26:13.790+0600][22.115s][info][gc,task        ] GC(103) Using 3 workers of 10 for evacuation
[2026-04-03T03:26:13.792+0600][22.118s][info][gc,phases      ] GC(103)   Pre Evacuate Collection Set: 0.34ms
[2026-04-03T03:26:13.792+0600][22.118s][info][gc,phases      ] GC(103)   Merge Heap Roots: 0.20ms
[2026-04-03T03:26:13.792+0600][22.118s][info][gc,phases      ] GC(103)   Evacuate Collection Set: 0.98ms
[2026-04-03T03:26:13.792+0600][22.118s][info][gc,phases      ] GC(103)   Post Evacuate Collection Set: 0.75ms
[2026-04-03T03:26:13.792+0600][22.118s][info][gc,phases      ] GC(103)   Other: 0.30ms
[2026-04-03T03:26:13.792+0600][22.118s][info][gc,heap        ] GC(103) Eden regions: 81->0(81)
[2026-04-03T03:26:13.792+0600][22.118s][info][gc,heap        ] GC(103) Survivor regions: 1->1(11)
[2026-04-03T03:26:13.792+0600][22.118s][info][gc,heap        ] GC(103) Old regions: 32->32
[2026-04-03T03:26:13.792+0600][22.118s][info][gc,heap        ] GC(103) Humongous regions: 8->8
[2026-04-03T03:26:13.792+0600][22.118s][info][gc,metaspace   ] GC(103) Metaspace: 66998K(67904K)->66998K(67904K) NonClass: 58565K(59072K)->58565K(59072K) Class: 8433K(8832K)->8433K(8832K)
[2026-04-03T03:26:13.792+0600][22.118s][info][gc             ] GC(103) Pause Young (Concurrent Start) (G1 Evacuation Pause) 117M->37M(137M) 2.793ms
[2026-04-03T03:26:13.792+0600][22.118s][info][gc,cpu         ] GC(103) User=0.00s Sys=0.00s Real=0.01s
[2026-04-03T03:26:13.793+0600][22.118s][info][gc             ] GC(104) Concurrent Mark Cycle
[2026-04-03T03:26:13.793+0600][22.118s][info][gc,marking     ] GC(104) Concurrent Scan Root Regions
[2026-04-03T03:26:13.794+0600][22.119s][info][gc,marking     ] GC(104) Concurrent Scan Root Regions 1.070ms
[2026-04-03T03:26:13.794+0600][22.119s][info][gc,marking     ] GC(104) Concurrent Mark
[2026-04-03T03:26:13.794+0600][22.119s][info][gc,marking     ] GC(104) Concurrent Mark From Roots
[2026-04-03T03:26:13.794+0600][22.119s][info][gc,task        ] GC(104) Using 3 workers of 3 for marking
[2026-04-03T03:26:13.814+0600][22.140s][info][gc,marking     ] GC(104) Concurrent Mark From Roots 20.607ms
[2026-04-03T03:26:13.814+0600][22.140s][info][gc,marking     ] GC(104) Concurrent Preclean
[2026-04-03T03:26:13.815+0600][22.140s][info][gc,marking     ] GC(104) Concurrent Preclean 0.249ms
[2026-04-03T03:26:13.815+0600][22.141s][info][gc,start       ] GC(104) Pause Remark
[2026-04-03T03:26:13.820+0600][22.146s][info][gc             ] GC(104) Pause Remark 61M->61M(137M) 5.223ms
[2026-04-03T03:26:13.820+0600][22.146s][info][gc,cpu         ] GC(104) User=0.02s Sys=0.00s Real=0.01s
[2026-04-03T03:26:13.820+0600][22.146s][info][gc,marking     ] GC(104) Concurrent Mark 26.735ms
[2026-04-03T03:26:13.821+0600][22.146s][info][gc,marking     ] GC(104) Concurrent Rebuild Remembered Sets and Scrub Regions
[2026-04-03T03:26:13.831+0600][22.156s][info][gc,marking     ] GC(104) Concurrent Rebuild Remembered Sets and Scrub Regions 10.142ms
[2026-04-03T03:26:13.831+0600][22.157s][info][gc,start       ] GC(104) Pause Cleanup
[2026-04-03T03:26:13.832+0600][22.157s][info][gc             ] GC(104) Pause Cleanup 72M->72M(137M) 0.358ms
[2026-04-03T03:26:13.832+0600][22.157s][info][gc,cpu         ] GC(104) User=0.00s Sys=0.00s Real=0.00s
[2026-04-03T03:26:13.832+0600][22.157s][info][gc,marking     ] GC(104) Concurrent Clear Claimed Marks
[2026-04-03T03:26:13.832+0600][22.158s][info][gc,marking     ] GC(104) Concurrent Clear Claimed Marks 0.198ms
[2026-04-03T03:26:13.832+0600][22.158s][info][gc,marking     ] GC(104) Concurrent Cleanup for Next Mark
[2026-04-03T03:26:13.832+0600][22.158s][info][gc,marking     ] GC(104) Concurrent Cleanup for Next Mark 0.258ms
[2026-04-03T03:26:13.832+0600][22.158s][info][gc             ] GC(104) Concurrent Mark Cycle 39.939ms
[2026-04-03T03:26:13.872+0600][22.197s][info][gc,start       ] GC(105) Pause Young (Prepare Mixed) (G1 Evacuation Pause)
[2026-04-03T03:26:13.872+0600][22.197s][info][gc,task        ] GC(105) Using 3 workers of 10 for evacuation
[2026-04-03T03:26:13.875+0600][22.200s][info][gc,phases      ] GC(105)   Pre Evacuate Collection Set: 0.37ms
[2026-04-03T03:26:13.875+0600][22.200s][info][gc,phases      ] GC(105)   Merge Heap Roots: 0.20ms
[2026-04-03T03:26:13.875+0600][22.200s][info][gc,phases      ] GC(105)   Evacuate Collection Set: 1.31ms
[2026-04-03T03:26:13.875+0600][22.200s][info][gc,phases      ] GC(105)   Post Evacuate Collection Set: 0.81ms
[2026-04-03T03:26:13.875+0600][22.200s][info][gc,phases      ] GC(105)   Other: 0.09ms
[2026-04-03T03:26:13.875+0600][22.200s][info][gc,heap        ] GC(105) Eden regions: 81->0(81)
[2026-04-03T03:26:13.875+0600][22.200s][info][gc,heap        ] GC(105) Survivor regions: 1->1(11)
[2026-04-03T03:26:13.875+0600][22.200s][info][gc,heap        ] GC(105) Old regions: 32->32
[2026-04-03T03:26:13.875+0600][22.200s][info][gc,heap        ] GC(105) Humongous regions: 10->8
[2026-04-03T03:26:13.875+0600][22.200s][info][gc,metaspace   ] GC(105) Metaspace: 67395K(68224K)->67395K(68224K) NonClass: 58871K(59328K)->58871K(59328K) Class: 8523K(8896K)->8523K(8896K)
[2026-04-03T03:26:13.875+0600][22.200s][info][gc             ] GC(105) Pause Young (Prepare Mixed) (G1 Evacuation Pause) 120M->37M(137M) 3.038ms
[2026-04-03T03:26:13.875+0600][22.200s][info][gc,cpu         ] GC(105) User=0.01s Sys=0.00s Real=0.00s
[2026-04-03T03:26:14.498+0600][22.824s][info][gc,start       ] GC(106) Pause Young (Mixed) (G1 Evacuation Pause)
[2026-04-03T03:26:14.498+0600][22.824s][info][gc,task        ] GC(106) Using 3 workers of 10 for evacuation
[2026-04-03T03:26:14.505+0600][22.831s][info][gc,phases      ] GC(106)   Pre Evacuate Collection Set: 0.29ms
[2026-04-03T03:26:14.506+0600][22.831s][info][gc,phases      ] GC(106)   Merge Heap Roots: 0.16ms
[2026-04-03T03:26:14.506+0600][22.831s][info][gc,phases      ] GC(106)   Evacuate Collection Set: 4.86ms
[2026-04-03T03:26:14.506+0600][22.831s][info][gc,phases      ] GC(106)   Post Evacuate Collection Set: 1.64ms
[2026-04-03T03:26:14.506+0600][22.831s][info][gc,phases      ] GC(106)   Other: 0.18ms
[2026-04-03T03:26:14.506+0600][22.831s][info][gc,heap        ] GC(106) Eden regions: 81->0(121)
[2026-04-03T03:26:14.506+0600][22.831s][info][gc,heap        ] GC(106) Survivor regions: 1->3(11)
[2026-04-03T03:26:14.506+0600][22.831s][info][gc,heap        ] GC(106) Old regions: 32->31
[2026-04-03T03:26:14.506+0600][22.831s][info][gc,heap        ] GC(106) Humongous regions: 17->8
[2026-04-03T03:26:14.506+0600][22.831s][info][gc,metaspace   ] GC(106) Metaspace: 68967K(69824K)->68967K(69824K) NonClass: 60176K(60672K)->60176K(60672K) Class: 8790K(9152K)->8790K(9152K)
[2026-04-03T03:26:14.506+0600][22.831s][info][gc             ] GC(106) Pause Young (Mixed) (G1 Evacuation Pause) 127M->38M(208M) 7.541ms
[2026-04-03T03:26:14.506+0600][22.831s][info][gc,cpu         ] GC(106) User=0.03s Sys=0.01s Real=0.01s
[2026-04-03T03:26:14.738+0600][23.063s][info][gc,start       ] GC(107) Pause Young (Concurrent Start) (G1 Humongous Allocation)
[2026-04-03T03:26:14.738+0600][23.063s][info][gc,task        ] GC(107) Using 5 workers of 10 for evacuation
[2026-04-03T03:26:14.748+0600][23.073s][info][gc,phases      ] GC(107)   Pre Evacuate Collection Set: 0.37ms
[2026-04-03T03:26:14.748+0600][23.073s][info][gc,phases      ] GC(107)   Merge Heap Roots: 0.17ms
[2026-04-03T03:26:14.748+0600][23.073s][info][gc,phases      ] GC(107)   Evacuate Collection Set: 8.32ms
[2026-04-03T03:26:14.748+0600][23.073s][info][gc,phases      ] GC(107)   Post Evacuate Collection Set: 0.67ms
[2026-04-03T03:26:14.748+0600][23.073s][info][gc,phases      ] GC(107)   Other: 0.22ms
[2026-04-03T03:26:14.748+0600][23.073s][info][gc,heap        ] GC(107) Eden regions: 77->0(111)
[2026-04-03T03:26:14.748+0600][23.073s][info][gc,heap        ] GC(107) Survivor regions: 3->13(16)
[2026-04-03T03:26:14.748+0600][23.073s][info][gc,heap        ] GC(107) Old regions: 31->31
[2026-04-03T03:26:14.748+0600][23.073s][info][gc,heap        ] GC(107) Humongous regions: 8->8
[2026-04-03T03:26:14.748+0600][23.073s][info][gc,metaspace   ] GC(107) Metaspace: 68977K(69824K)->68977K(69824K) NonClass: 60186K(60672K)->60186K(60672K) Class: 8790K(9152K)->8790K(9152K)
[2026-04-03T03:26:14.748+0600][23.073s][info][gc             ] GC(107) Pause Young (Concurrent Start) (G1 Humongous Allocation) 115M->49M(208M) 10.059ms
[2026-04-03T03:26:14.748+0600][23.073s][info][gc,cpu         ] GC(107) User=0.03s Sys=0.00s Real=0.01s
[2026-04-03T03:26:14.748+0600][23.073s][info][gc             ] GC(108) Concurrent Mark Cycle
[2026-04-03T03:26:14.748+0600][23.074s][info][gc,marking     ] GC(108) Concurrent Scan Root Regions
[2026-04-03T03:26:14.752+0600][23.077s][info][gc,marking     ] GC(108) Concurrent Scan Root Regions 3.734ms
[2026-04-03T03:26:14.752+0600][23.077s][info][gc,marking     ] GC(108) Concurrent Mark
[2026-04-03T03:26:14.752+0600][23.077s][info][gc,marking     ] GC(108) Concurrent Mark From Roots
[2026-04-03T03:26:14.752+0600][23.077s][info][gc,task        ] GC(108) Using 3 workers of 3 for marking
[2026-04-03T03:26:14.771+0600][23.097s][info][gc,marking     ] GC(108) Concurrent Mark From Roots 19.512ms
[2026-04-03T03:26:14.771+0600][23.097s][info][gc,marking     ] GC(108) Concurrent Preclean
[2026-04-03T03:26:14.771+0600][23.097s][info][gc,marking     ] GC(108) Concurrent Preclean 0.095ms
[2026-04-03T03:26:14.772+0600][23.097s][info][gc,start       ] GC(108) Pause Remark
[2026-04-03T03:26:14.776+0600][23.102s][info][gc             ] GC(108) Pause Remark 63M->63M(180M) 4.666ms
[2026-04-03T03:26:14.777+0600][23.102s][info][gc,cpu         ] GC(108) User=0.02s Sys=0.01s Real=0.00s
[2026-04-03T03:26:14.777+0600][23.102s][info][gc,marking     ] GC(108) Concurrent Mark 24.900ms
[2026-04-03T03:26:14.777+0600][23.102s][info][gc,marking     ] GC(108) Concurrent Rebuild Remembered Sets and Scrub Regions
[2026-04-03T03:26:14.789+0600][23.115s][info][gc,marking     ] GC(108) Concurrent Rebuild Remembered Sets and Scrub Regions 12.671ms
[2026-04-03T03:26:14.790+0600][23.115s][info][gc,start       ] GC(108) Pause Cleanup
[2026-04-03T03:26:14.790+0600][23.116s][info][gc             ] GC(108) Pause Cleanup 72M->72M(180M) 0.302ms
[2026-04-03T03:26:14.790+0600][23.116s][info][gc,cpu         ] GC(108) User=0.00s Sys=0.00s Real=0.00s
[2026-04-03T03:26:14.790+0600][23.116s][info][gc,marking     ] GC(108) Concurrent Clear Claimed Marks
[2026-04-03T03:26:14.791+0600][23.116s][info][gc,marking     ] GC(108) Concurrent Clear Claimed Marks 0.211ms
[2026-04-03T03:26:14.791+0600][23.116s][info][gc,marking     ] GC(108) Concurrent Cleanup for Next Mark
[2026-04-03T03:26:14.791+0600][23.117s][info][gc,marking     ] GC(108) Concurrent Cleanup for Next Mark 0.757ms
[2026-04-03T03:26:14.791+0600][23.117s][info][gc             ] GC(108) Concurrent Mark Cycle 43.473ms
[2026-04-03T03:26:14.954+0600][23.279s][info][gc,start       ] GC(109) Pause Young (Prepare Mixed) (G1 Evacuation Pause)
[2026-04-03T03:26:14.954+0600][23.280s][info][gc,task        ] GC(109) Using 4 workers of 10 for evacuation
[2026-04-03T03:26:14.975+0600][23.300s][info][gc,phases      ] GC(109)   Pre Evacuate Collection Set: 0.34ms
[2026-04-03T03:26:14.975+0600][23.300s][info][gc,phases      ] GC(109)   Merge Heap Roots: 0.40ms
[2026-04-03T03:26:14.975+0600][23.300s][info][gc,phases      ] GC(109)   Evacuate Collection Set: 19.08ms
[2026-04-03T03:26:14.975+0600][23.300s][info][gc,phases      ] GC(109)   Post Evacuate Collection Set: 0.69ms
[2026-04-03T03:26:14.975+0600][23.300s][info][gc,phases      ] GC(109)   Other: 0.11ms
[2026-04-03T03:26:14.975+0600][23.300s][info][gc,heap        ] GC(109) Eden regions: 95->0(86)
[2026-04-03T03:26:14.975+0600][23.300s][info][gc,heap        ] GC(109) Survivor regions: 13->14(14)
[2026-04-03T03:26:14.975+0600][23.300s][info][gc,heap        ] GC(109) Old regions: 31->44
[2026-04-03T03:26:14.975+0600][23.300s][info][gc,heap        ] GC(109) Humongous regions: 17->17
[2026-04-03T03:26:14.975+0600][23.300s][info][gc,metaspace   ] GC(109) Metaspace: 69256K(70144K)->69256K(70144K) NonClass: 60404K(60928K)->60404K(60928K) Class: 8852K(9216K)->8852K(9216K)
[2026-04-03T03:26:14.975+0600][23.300s][info][gc             ] GC(109) Pause Young (Prepare Mixed) (G1 Evacuation Pause) 153M->71M(183M) 20.956ms
[2026-04-03T03:26:14.975+0600][23.300s][info][gc,cpu         ] GC(109) User=0.08s Sys=0.00s Real=0.02s
[2026-04-03T03:26:15.131+0600][23.456s][info][gc,start       ] GC(110) Pause Young (Mixed) (G1 Evacuation Pause)
[2026-04-03T03:26:15.131+0600][23.456s][info][gc,task        ] GC(110) Using 4 workers of 10 for evacuation
[2026-04-03T03:26:15.157+0600][23.483s][info][gc,phases      ] GC(110)   Pre Evacuate Collection Set: 0.34ms
[2026-04-03T03:26:15.157+0600][23.483s][info][gc,phases      ] GC(110)   Merge Heap Roots: 0.40ms
[2026-04-03T03:26:15.158+0600][23.483s][info][gc,phases      ] GC(110)   Evacuate Collection Set: 25.27ms
[2026-04-03T03:26:15.158+0600][23.483s][info][gc,phases      ] GC(110)   Post Evacuate Collection Set: 0.42ms
[2026-04-03T03:26:15.158+0600][23.483s][info][gc,phases      ] GC(110)   Other: 0.08ms
[2026-04-03T03:26:15.158+0600][23.483s][info][gc,heap        ] GC(110) Eden regions: 86->0(75)
[2026-04-03T03:26:15.158+0600][23.483s][info][gc,heap        ] GC(110) Survivor regions: 14->13(13)
[2026-04-03T03:26:15.158+0600][23.483s][info][gc,heap        ] GC(110) Old regions: 44->60
[2026-04-03T03:26:15.158+0600][23.483s][info][gc,heap        ] GC(110) Humongous regions: 20->20
[2026-04-03T03:26:15.158+0600][23.483s][info][gc,metaspace   ] GC(110) Metaspace: 69256K(70144K)->69256K(70144K) NonClass: 60404K(60928K)->60404K(60928K) Class: 8852K(9216K)->8852K(9216K)
[2026-04-03T03:26:15.158+0600][23.483s][info][gc             ] GC(110) Pause Young (Mixed) (G1 Evacuation Pause) 160M->90M(195M) 26.733ms
[2026-04-03T03:26:15.158+0600][23.483s][info][gc,cpu         ] GC(110) User=0.10s Sys=0.01s Real=0.02s
[2026-04-03T03:26:15.161+0600][23.486s][info][gc,start       ] GC(111) Pause Young (Concurrent Start) (G1 Humongous Allocation)
[2026-04-03T03:26:15.161+0600][23.486s][info][gc,task        ] GC(111) Using 4 workers of 10 for evacuation
[2026-04-03T03:26:15.172+0600][23.497s][info][gc,phases      ] GC(111)   Pre Evacuate Collection Set: 0.17ms
[2026-04-03T03:26:15.172+0600][23.497s][info][gc,phases      ] GC(111)   Merge Heap Roots: 0.15ms
[2026-04-03T03:26:15.172+0600][23.497s][info][gc,phases      ] GC(111)   Evacuate Collection Set: 10.15ms
[2026-04-03T03:26:15.172+0600][23.497s][info][gc,phases      ] GC(111)   Post Evacuate Collection Set: 0.42ms
[2026-04-03T03:26:15.172+0600][23.497s][info][gc,phases      ] GC(111)   Other: 0.10ms
[2026-04-03T03:26:15.172+0600][23.497s][info][gc,heap        ] GC(111) Eden regions: 3->0(68)
[2026-04-03T03:26:15.172+0600][23.497s][info][gc,heap        ] GC(111) Survivor regions: 13->2(11)
[2026-04-03T03:26:15.172+0600][23.497s][info][gc,heap        ] GC(111) Old regions: 60->74
[2026-04-03T03:26:15.172+0600][23.497s][info][gc,heap        ] GC(111) Humongous regions: 20->20
[2026-04-03T03:26:15.172+0600][23.497s][info][gc,metaspace   ] GC(111) Metaspace: 69256K(70144K)->69256K(70144K) NonClass: 60404K(60928K)->60404K(60928K) Class: 8852K(9216K)->8852K(9216K)
[2026-04-03T03:26:15.172+0600][23.497s][info][gc             ] GC(111) Pause Young (Concurrent Start) (G1 Humongous Allocation) 93M->93M(195M) 11.228ms
[2026-04-03T03:26:15.172+0600][23.497s][info][gc,cpu         ] GC(111) User=0.04s Sys=0.00s Real=0.01s
[2026-04-03T03:26:15.172+0600][23.497s][info][gc             ] GC(112) Concurrent Mark Cycle
[2026-04-03T03:26:15.172+0600][23.497s][info][gc,marking     ] GC(112) Concurrent Scan Root Regions
[2026-04-03T03:26:15.175+0600][23.501s][info][gc,marking     ] GC(112) Concurrent Scan Root Regions 3.409ms
[2026-04-03T03:26:15.175+0600][23.501s][info][gc,marking     ] GC(112) Concurrent Mark
[2026-04-03T03:26:15.175+0600][23.501s][info][gc,marking     ] GC(112) Concurrent Mark From Roots
[2026-04-03T03:26:15.175+0600][23.501s][info][gc,task        ] GC(112) Using 3 workers of 3 for marking
[2026-04-03T03:26:15.220+0600][23.546s][info][gc,marking     ] GC(112) Concurrent Mark From Roots 44.807ms
[2026-04-03T03:26:15.220+0600][23.546s][info][gc,marking     ] GC(112) Concurrent Preclean
[2026-04-03T03:26:15.220+0600][23.546s][info][gc,marking     ] GC(112) Concurrent Preclean 0.169ms
[2026-04-03T03:26:15.221+0600][23.546s][info][gc,start       ] GC(112) Pause Remark
[2026-04-03T03:26:15.233+0600][23.559s][info][gc             ] GC(112) Pause Remark 120M->115M(195M) 12.556ms
[2026-04-03T03:26:15.233+0600][23.559s][info][gc,cpu         ] GC(112) User=0.04s Sys=0.00s Real=0.01s
[2026-04-03T03:26:15.233+0600][23.559s][info][gc,marking     ] GC(112) Concurrent Mark 58.183ms
[2026-04-03T03:26:15.234+0600][23.559s][info][gc,marking     ] GC(112) Concurrent Rebuild Remembered Sets and Scrub Regions
[2026-04-03T03:26:15.276+0600][23.602s][info][gc,marking     ] GC(112) Concurrent Rebuild Remembered Sets and Scrub Regions 42.494ms
[2026-04-03T03:26:15.276+0600][23.602s][info][gc,start       ] GC(112) Pause Cleanup
[2026-04-03T03:26:15.277+0600][23.602s][info][gc             ] GC(112) Pause Cleanup 135M->135M(195M) 0.414ms
[2026-04-03T03:26:15.277+0600][23.602s][info][gc,cpu         ] GC(112) User=0.00s Sys=0.00s Real=0.00s
[2026-04-03T03:26:15.277+0600][23.603s][info][gc,marking     ] GC(112) Concurrent Clear Claimed Marks
[2026-04-03T03:26:15.277+0600][23.603s][info][gc,marking     ] GC(112) Concurrent Clear Claimed Marks 0.204ms
[2026-04-03T03:26:15.277+0600][23.603s][info][gc,marking     ] GC(112) Concurrent Cleanup for Next Mark
[2026-04-03T03:26:15.278+0600][23.603s][info][gc,marking     ] GC(112) Concurrent Cleanup for Next Mark 0.361ms
[2026-04-03T03:26:15.278+0600][23.603s][info][gc             ] GC(112) Concurrent Mark Cycle 105.830ms
[2026-04-03T03:26:15.316+0600][23.642s][info][gc,start       ] GC(113) Pause Young (Prepare Mixed) (G1 Evacuation Pause)
[2026-04-03T03:26:15.316+0600][23.642s][info][gc,task        ] GC(113) Using 4 workers of 10 for evacuation
[2026-04-03T03:26:15.334+0600][23.659s][info][gc,phases      ] GC(113)   Pre Evacuate Collection Set: 0.33ms
[2026-04-03T03:26:15.334+0600][23.659s][info][gc,phases      ] GC(113)   Merge Heap Roots: 0.77ms
[2026-04-03T03:26:15.334+0600][23.659s][info][gc,phases      ] GC(113)   Evacuate Collection Set: 15.41ms
[2026-04-03T03:26:15.334+0600][23.659s][info][gc,phases      ] GC(113)   Post Evacuate Collection Set: 0.52ms
[2026-04-03T03:26:15.334+0600][23.659s][info][gc,phases      ] GC(113)   Other: 0.09ms
[2026-04-03T03:26:15.334+0600][23.659s][info][gc,heap        ] GC(113) Eden regions: 68->0(55)
[2026-04-03T03:26:15.334+0600][23.659s][info][gc,heap        ] GC(113) Survivor regions: 2->9(9)
[2026-04-03T03:26:15.334+0600][23.659s][info][gc,heap        ] GC(113) Old regions: 74->82
[2026-04-03T03:26:15.334+0600][23.659s][info][gc,heap        ] GC(113) Humongous regions: 21->21
[2026-04-03T03:26:15.334+0600][23.659s][info][gc,metaspace   ] GC(113) Metaspace: 69195K(70144K)->69195K(70144K) NonClass: 60361K(60928K)->60361K(60928K) Class: 8833K(9216K)->8833K(9216K)
[2026-04-03T03:26:15.334+0600][23.659s][info][gc             ] GC(113) Pause Young (Prepare Mixed) (G1 Evacuation Pause) 162M->109M(195M) 17.424ms
[2026-04-03T03:26:15.334+0600][23.659s][info][gc,cpu         ] GC(113) User=0.07s Sys=0.00s Real=0.02s
[2026-04-03T03:26:15.415+0600][23.740s][info][gc,start       ] GC(114) Pause Young (Mixed) (G1 Evacuation Pause)
[2026-04-03T03:26:15.415+0600][23.740s][info][gc,task        ] GC(114) Using 4 workers of 10 for evacuation
[2026-04-03T03:26:15.435+0600][23.761s][info][gc,phases      ] GC(114)   Pre Evacuate Collection Set: 0.28ms
[2026-04-03T03:26:15.435+0600][23.761s][info][gc,phases      ] GC(114)   Merge Heap Roots: 0.27ms
[2026-04-03T03:26:15.435+0600][23.761s][info][gc,phases      ] GC(114)   Evacuate Collection Set: 18.87ms
[2026-04-03T03:26:15.435+0600][23.761s][info][gc,phases      ] GC(114)   Post Evacuate Collection Set: 0.63ms
[2026-04-03T03:26:15.435+0600][23.761s][info][gc,phases      ] GC(114)   Other: 0.08ms
[2026-04-03T03:26:15.435+0600][23.761s][info][gc,heap        ] GC(114) Eden regions: 55->0(47)
[2026-04-03T03:26:15.435+0600][23.761s][info][gc,heap        ] GC(114) Survivor regions: 9->8(8)
[2026-04-03T03:26:15.435+0600][23.761s][info][gc,heap        ] GC(114) Old regions: 82->94
[2026-04-03T03:26:15.435+0600][23.761s][info][gc,heap        ] GC(114) Humongous regions: 21->21
[2026-04-03T03:26:15.435+0600][23.761s][info][gc,metaspace   ] GC(114) Metaspace: 69195K(70144K)->69195K(70144K) NonClass: 60361K(60928K)->60361K(60928K) Class: 8833K(9216K)->8833K(9216K)
[2026-04-03T03:26:15.435+0600][23.761s][info][gc             ] GC(114) Pause Young (Mixed) (G1 Evacuation Pause) 164M->121M(195M) 20.371ms
[2026-04-03T03:26:15.435+0600][23.761s][info][gc,cpu         ] GC(114) User=0.08s Sys=0.00s Real=0.02s
[2026-04-03T03:26:15.498+0600][23.823s][info][gc,start       ] GC(115) Pause Young (Concurrent Start) (G1 Evacuation Pause)
[2026-04-03T03:26:15.498+0600][23.823s][info][gc,task        ] GC(115) Using 4 workers of 10 for evacuation
[2026-04-03T03:26:15.511+0600][23.837s][info][gc,phases      ] GC(115)   Pre Evacuate Collection Set: 0.47ms
[2026-04-03T03:26:15.511+0600][23.837s][info][gc,phases      ] GC(115)   Merge Heap Roots: 0.13ms
[2026-04-03T03:26:15.511+0600][23.837s][info][gc,phases      ] GC(115)   Evacuate Collection Set: 10.70ms
[2026-04-03T03:26:15.511+0600][23.837s][info][gc,phases      ] GC(115)   Post Evacuate Collection Set: 2.15ms
[2026-04-03T03:26:15.511+0600][23.837s][info][gc,phases      ] GC(115)   Other: 0.15ms
[2026-04-03T03:26:15.511+0600][23.837s][info][gc,heap        ] GC(115) Eden regions: 47->0(219)
[2026-04-03T03:26:15.511+0600][23.837s][info][gc,heap        ] GC(115) Survivor regions: 8->7(7)
[2026-04-03T03:26:15.511+0600][23.837s][info][gc,heap        ] GC(115) Old regions: 94->103
[2026-04-03T03:26:15.511+0600][23.837s][info][gc,heap        ] GC(115) Humongous regions: 21->21
[2026-04-03T03:26:15.512+0600][23.837s][info][gc,metaspace   ] GC(115) Metaspace: 69195K(70144K)->69195K(70144K) NonClass: 60361K(60928K)->60361K(60928K) Class: 8833K(9216K)->8833K(9216K)
[2026-04-03T03:26:15.512+0600][23.837s][info][gc             ] GC(115) Pause Young (Concurrent Start) (G1 Evacuation Pause) 168M->129M(453M) 13.842ms
[2026-04-03T03:26:15.512+0600][23.837s][info][gc,cpu         ] GC(115) User=0.04s Sys=0.00s Real=0.02s
[2026-04-03T03:26:15.512+0600][23.837s][info][gc             ] GC(116) Concurrent Mark Cycle
[2026-04-03T03:26:15.512+0600][23.837s][info][gc,marking     ] GC(116) Concurrent Scan Root Regions
[2026-04-03T03:26:15.515+0600][23.841s][info][gc,marking     ] GC(116) Concurrent Scan Root Regions 3.382ms
[2026-04-03T03:26:15.515+0600][23.841s][info][gc,marking     ] GC(116) Concurrent Mark
[2026-04-03T03:26:15.515+0600][23.841s][info][gc,marking     ] GC(116) Concurrent Mark From Roots
[2026-04-03T03:26:15.515+0600][23.841s][info][gc,task        ] GC(116) Using 3 workers of 3 for marking
[2026-04-03T03:26:15.605+0600][23.930s][info][gc,marking     ] GC(116) Concurrent Mark From Roots 89.443ms
[2026-04-03T03:26:15.605+0600][23.930s][info][gc,marking     ] GC(116) Concurrent Preclean
[2026-04-03T03:26:15.605+0600][23.931s][info][gc,marking     ] GC(116) Concurrent Preclean 0.219ms
[2026-04-03T03:26:15.605+0600][23.931s][info][gc,start       ] GC(116) Pause Remark
[2026-04-03T03:26:15.611+0600][23.937s][info][gc             ] GC(116) Pause Remark 165M->161M(440M) 5.766ms
[2026-04-03T03:26:15.611+0600][23.937s][info][gc,cpu         ] GC(116) User=0.01s Sys=0.00s Real=0.01s
[2026-04-03T03:26:15.611+0600][23.937s][info][gc,marking     ] GC(116) Concurrent Mark 96.161ms
[2026-04-03T03:26:15.611+0600][23.937s][info][gc,marking     ] GC(116) Concurrent Rebuild Remembered Sets and Scrub Regions
[2026-04-03T03:26:15.669+0600][23.995s][info][gc,marking     ] GC(116) Concurrent Rebuild Remembered Sets and Scrub Regions 57.950ms
[2026-04-03T03:26:15.670+0600][23.995s][info][gc,start       ] GC(116) Pause Cleanup
[2026-04-03T03:26:15.670+0600][23.996s][info][gc             ] GC(116) Pause Cleanup 190M->190M(440M) 0.545ms
[2026-04-03T03:26:15.670+0600][23.996s][info][gc,cpu         ] GC(116) User=0.00s Sys=0.00s Real=0.00s
[2026-04-03T03:26:15.671+0600][23.996s][info][gc,marking     ] GC(116) Concurrent Clear Claimed Marks
[2026-04-03T03:26:15.671+0600][23.996s][info][gc,marking     ] GC(116) Concurrent Clear Claimed Marks 0.224ms
[2026-04-03T03:26:15.671+0600][23.996s][info][gc,marking     ] GC(116) Concurrent Cleanup for Next Mark
[2026-04-03T03:26:15.673+0600][23.998s][info][gc,marking     ] GC(116) Concurrent Cleanup for Next Mark 2.150ms
[2026-04-03T03:26:15.673+0600][23.999s][info][gc             ] GC(116) Concurrent Mark Cycle 161.332ms
[2026-04-03T03:26:16.021+0600][24.346s][info][gc,start       ] GC(117) Pause Young (Prepare Mixed) (G1 Evacuation Pause)
[2026-04-03T03:26:16.021+0600][24.346s][info][gc,task        ] GC(117) Using 10 workers of 10 for evacuation
[2026-04-03T03:26:16.052+0600][24.378s][info][gc,phases      ] GC(117)   Pre Evacuate Collection Set: 0.33ms
[2026-04-03T03:26:16.052+0600][24.378s][info][gc,phases      ] GC(117)   Merge Heap Roots: 0.82ms
[2026-04-03T03:26:16.052+0600][24.378s][info][gc,phases      ] GC(117)   Evacuate Collection Set: 29.48ms
[2026-04-03T03:26:16.052+0600][24.378s][info][gc,phases      ] GC(117)   Post Evacuate Collection Set: 0.85ms
[2026-04-03T03:26:16.052+0600][24.378s][info][gc,phases      ] GC(117)   Other: 0.17ms
[2026-04-03T03:26:16.052+0600][24.378s][info][gc,heap        ] GC(117) Eden regions: 219->0(172)
[2026-04-03T03:26:16.052+0600][24.378s][info][gc,heap        ] GC(117) Survivor regions: 7->29(29)
[2026-04-03T03:26:16.052+0600][24.378s][info][gc,heap        ] GC(117) Old regions: 103->114
[2026-04-03T03:26:16.052+0600][24.378s][info][gc,heap        ] GC(117) Humongous regions: 41->41
[2026-04-03T03:26:16.052+0600][24.378s][info][gc,metaspace   ] GC(117) Metaspace: 69336K(70208K)->69336K(70208K) NonClass: 60490K(60992K)->60490K(60992K) Class: 8845K(9216K)->8845K(9216K)
[2026-04-03T03:26:16.053+0600][24.378s][info][gc             ] GC(117) Pause Young (Prepare Mixed) (G1 Evacuation Pause) 368M->182M(440M) 31.960ms
[2026-04-03T03:26:16.053+0600][24.378s][info][gc,cpu         ] GC(117) User=0.28s Sys=0.02s Real=0.03s
[2026-04-03T03:26:16.376+0600][24.702s][info][gc,start       ] GC(118) Pause Young (Mixed) (G1 Evacuation Pause)
[2026-04-03T03:26:16.376+0600][24.702s][info][gc,task        ] GC(118) Using 10 workers of 10 for evacuation
[2026-04-03T03:26:16.448+0600][24.774s][info][gc,phases      ] GC(118)   Pre Evacuate Collection Set: 0.37ms
[2026-04-03T03:26:16.448+0600][24.774s][info][gc,phases      ] GC(118)   Merge Heap Roots: 0.91ms
[2026-04-03T03:26:16.448+0600][24.774s][info][gc,phases      ] GC(118)   Evacuate Collection Set: 69.62ms
[2026-04-03T03:26:16.448+0600][24.774s][info][gc,phases      ] GC(118)   Post Evacuate Collection Set: 0.53ms
[2026-04-03T03:26:16.448+0600][24.774s][info][gc,phases      ] GC(118)   Other: 0.27ms
[2026-04-03T03:26:16.448+0600][24.774s][info][gc,heap        ] GC(118) Eden regions: 172->0(118)
[2026-04-03T03:26:16.448+0600][24.774s][info][gc,heap        ] GC(118) Survivor regions: 29->26(26)
[2026-04-03T03:26:16.448+0600][24.774s][info][gc,heap        ] GC(118) Old regions: 114->182
[2026-04-03T03:26:16.448+0600][24.774s][info][gc,heap        ] GC(118) Humongous regions: 77->77
[2026-04-03T03:26:16.448+0600][24.774s][info][gc,metaspace   ] GC(118) Metaspace: 69457K(70400K)->69457K(70400K) NonClass: 60583K(61120K)->60583K(61120K) Class: 8874K(9280K)->8874K(9280K)
[2026-04-03T03:26:16.448+0600][24.774s][info][gc             ] GC(118) Pause Young (Mixed) (G1 Evacuation Pause) 390M->283M(488M) 72.048ms
[2026-04-03T03:26:16.448+0600][24.774s][info][gc,cpu         ] GC(118) User=0.64s Sys=0.07s Real=0.07s
[2026-04-03T03:26:16.708+0600][25.033s][info][gc,start       ] GC(119) Pause Young (Concurrent Start) (G1 Humongous Allocation)
[2026-04-03T03:26:16.708+0600][25.034s][info][gc,task        ] GC(119) Using 10 workers of 10 for evacuation
[2026-04-03T03:26:16.745+0600][25.070s][info][gc,phases      ] GC(119)   Pre Evacuate Collection Set: 0.60ms
[2026-04-03T03:26:16.745+0600][25.070s][info][gc,phases      ] GC(119)   Merge Heap Roots: 0.58ms
[2026-04-03T03:26:16.745+0600][25.070s][info][gc,phases      ] GC(119)   Evacuate Collection Set: 33.68ms
[2026-04-03T03:26:16.745+0600][25.070s][info][gc,phases      ] GC(119)   Post Evacuate Collection Set: 1.15ms
[2026-04-03T03:26:16.745+0600][25.070s][info][gc,phases      ] GC(119)   Other: 0.51ms
[2026-04-03T03:26:16.745+0600][25.070s][info][gc,heap        ] GC(119) Eden regions: 105->0(107)
[2026-04-03T03:26:16.745+0600][25.070s][info][gc,heap        ] GC(119) Survivor regions: 26->18(18)
[2026-04-03T03:26:16.745+0600][25.070s][info][gc,heap        ] GC(119) Old regions: 182->212
[2026-04-03T03:26:16.745+0600][25.070s][info][gc,heap        ] GC(119) Humongous regions: 77->77
[2026-04-03T03:26:16.745+0600][25.070s][info][gc,metaspace   ] GC(119) Metaspace: 69660K(70528K)->69660K(70528K) NonClass: 60766K(61248K)->60766K(61248K) Class: 8894K(9280K)->8894K(9280K)
[2026-04-03T03:26:16.745+0600][25.070s][info][gc             ] GC(119) Pause Young (Concurrent Start) (G1 Humongous Allocation) 388M->304M(488M) 37.116ms
[2026-04-03T03:26:16.745+0600][25.071s][info][gc,cpu         ] GC(119) User=0.37s Sys=0.00s Real=0.04s
[2026-04-03T03:26:16.745+0600][25.071s][info][gc             ] GC(120) Concurrent Mark Cycle
[2026-04-03T03:26:16.745+0600][25.071s][info][gc,marking     ] GC(120) Concurrent Scan Root Regions
[2026-04-03T03:26:16.784+0600][25.110s][info][gc,marking     ] GC(120) Concurrent Scan Root Regions 38.895ms
[2026-04-03T03:26:16.784+0600][25.110s][info][gc,marking     ] GC(120) Concurrent Mark
[2026-04-03T03:26:16.784+0600][25.110s][info][gc,marking     ] GC(120) Concurrent Mark From Roots
[2026-04-03T03:26:16.784+0600][25.110s][info][gc,task        ] GC(120) Using 3 workers of 3 for marking
[2026-04-03T03:26:16.947+0600][25.273s][info][gc,start       ] GC(121) Pause Young (Normal) (G1 Evacuation Pause)
[2026-04-03T03:26:16.947+0600][25.273s][info][gc,task        ] GC(121) Using 10 workers of 10 for evacuation
[2026-04-03T03:26:16.977+0600][25.302s][info][gc,phases      ] GC(121)   Pre Evacuate Collection Set: 0.39ms
[2026-04-03T03:26:16.977+0600][25.302s][info][gc,phases      ] GC(121)   Merge Heap Roots: 0.58ms
[2026-04-03T03:26:16.977+0600][25.302s][info][gc,phases      ] GC(121)   Evacuate Collection Set: 27.61ms
[2026-04-03T03:26:16.977+0600][25.302s][info][gc,phases      ] GC(121)   Post Evacuate Collection Set: 0.50ms
[2026-04-03T03:26:16.977+0600][25.302s][info][gc,phases      ] GC(121)   Other: 0.16ms
[2026-04-03T03:26:16.977+0600][25.302s][info][gc,heap        ] GC(121) Eden regions: 107->0(98)
[2026-04-03T03:26:16.977+0600][25.302s][info][gc,heap        ] GC(121) Survivor regions: 18->15(16)
[2026-04-03T03:26:16.977+0600][25.302s][info][gc,heap        ] GC(121) Old regions: 212->231
[2026-04-03T03:26:16.977+0600][25.302s][info][gc,heap        ] GC(121) Humongous regions: 86->86
[2026-04-03T03:26:16.977+0600][25.302s][info][gc,metaspace   ] GC(121) Metaspace: 69660K(70528K)->69660K(70528K) NonClass: 60766K(61248K)->60766K(61248K) Class: 8894K(9280K)->8894K(9280K)
[2026-04-03T03:26:16.977+0600][25.302s][info][gc             ] GC(121) Pause Young (Normal) (G1 Evacuation Pause) 420M->329M(488M) 29.662ms
[2026-04-03T03:26:16.977+0600][25.303s][info][gc,cpu         ] GC(121) User=0.28s Sys=0.00s Real=0.03s
[2026-04-03T03:26:17.005+0600][25.331s][info][gc,marking     ] GC(120) Concurrent Mark From Roots 221.222ms
[2026-04-03T03:26:17.006+0600][25.331s][info][gc,marking     ] GC(120) Concurrent Preclean
[2026-04-03T03:26:17.006+0600][25.331s][info][gc,marking     ] GC(120) Concurrent Preclean 0.198ms
[2026-04-03T03:26:17.006+0600][25.332s][info][gc,start       ] GC(120) Pause Remark
[2026-04-03T03:26:17.010+0600][25.336s][info][gc             ] GC(120) Pause Remark 359M->308M(488M) 4.141ms
[2026-04-03T03:26:17.010+0600][25.336s][info][gc,cpu         ] GC(120) User=0.02s Sys=0.00s Real=0.01s
[2026-04-03T03:26:17.011+0600][25.336s][info][gc,marking     ] GC(120) Concurrent Mark 226.362ms
[2026-04-03T03:26:17.011+0600][25.336s][info][gc,marking     ] GC(120) Concurrent Rebuild Remembered Sets and Scrub Regions
[2026-04-03T03:26:17.094+0600][25.420s][info][gc,start       ] GC(122) Pause Young (Normal) (G1 Evacuation Pause)
[2026-04-03T03:26:17.095+0600][25.420s][info][gc,task        ] GC(122) Using 10 workers of 10 for evacuation
[2026-04-03T03:26:17.119+0600][25.445s][info][gc,phases      ] GC(122)   Pre Evacuate Collection Set: 0.51ms
[2026-04-03T03:26:17.120+0600][25.445s][info][gc,phases      ] GC(122)   Merge Heap Roots: 0.57ms
[2026-04-03T03:26:17.120+0600][25.445s][info][gc,phases      ] GC(122)   Evacuate Collection Set: 21.91ms
[2026-04-03T03:26:17.120+0600][25.445s][info][gc,phases      ] GC(122)   Post Evacuate Collection Set: 1.73ms
[2026-04-03T03:26:17.120+0600][25.445s][info][gc,phases      ] GC(122)   Other: 0.15ms
[2026-04-03T03:26:17.120+0600][25.445s][info][gc,heap        ] GC(122) Eden regions: 98->0(193)
[2026-04-03T03:26:17.120+0600][25.445s][info][gc,heap        ] GC(122) Survivor regions: 15->12(15)
[2026-04-03T03:26:17.120+0600][25.445s][info][gc,heap        ] GC(122) Old regions: 231->245
[2026-04-03T03:26:17.120+0600][25.445s][info][gc,heap        ] GC(122) Humongous regions: 44->44
[2026-04-03T03:26:17.120+0600][25.445s][info][gc,metaspace   ] GC(122) Metaspace: 69660K(70528K)->69660K(70528K) NonClass: 60766K(61248K)->60766K(61248K) Class: 8894K(9280K)->8894K(9280K)
[2026-04-03T03:26:17.120+0600][25.445s][info][gc             ] GC(122) Pause Young (Normal) (G1 Evacuation Pause) 385M->298M(621M) 25.236ms
[2026-04-03T03:26:17.120+0600][25.445s][info][gc,cpu         ] GC(122) User=0.23s Sys=0.00s Real=0.02s
[2026-04-03T03:26:17.148+0600][25.474s][info][gc,marking     ] GC(120) Concurrent Rebuild Remembered Sets and Scrub Regions 137.779ms
[2026-04-03T03:26:17.149+0600][25.474s][info][gc,start       ] GC(120) Pause Cleanup
[2026-04-03T03:26:17.149+0600][25.475s][info][gc             ] GC(120) Pause Cleanup 322M->322M(621M) 0.443ms
[2026-04-03T03:26:17.149+0600][25.475s][info][gc,cpu         ] GC(120) User=0.00s Sys=0.01s Real=0.00s
[2026-04-03T03:26:17.149+0600][25.475s][info][gc,marking     ] GC(120) Concurrent Clear Claimed Marks
[2026-04-03T03:26:17.150+0600][25.475s][info][gc,marking     ] GC(120) Concurrent Clear Claimed Marks 0.209ms
[2026-04-03T03:26:17.150+0600][25.475s][info][gc,marking     ] GC(120) Concurrent Cleanup for Next Mark
[2026-04-03T03:26:17.151+0600][25.477s][info][gc,marking     ] GC(120) Concurrent Cleanup for Next Mark 1.843ms
[2026-04-03T03:26:17.152+0600][25.477s][info][gc             ] GC(120) Concurrent Mark Cycle 406.486ms
[2026-04-03T03:26:17.350+0600][25.676s][info][gc,start       ] GC(123) Pause Young (Prepare Mixed) (G1 Evacuation Pause)
[2026-04-03T03:26:17.351+0600][25.676s][info][gc,task        ] GC(123) Using 10 workers of 10 for evacuation
[2026-04-03T03:26:17.384+0600][25.709s][info][gc,phases      ] GC(123)   Pre Evacuate Collection Set: 0.49ms
[2026-04-03T03:26:17.384+0600][25.709s][info][gc,phases      ] GC(123)   Merge Heap Roots: 0.80ms
[2026-04-03T03:26:17.384+0600][25.709s][info][gc,phases      ] GC(123)   Evacuate Collection Set: 30.53ms
[2026-04-03T03:26:17.384+0600][25.709s][info][gc,phases      ] GC(123)   Post Evacuate Collection Set: 1.21ms
[2026-04-03T03:26:17.384+0600][25.709s][info][gc,phases      ] GC(123)   Other: 0.21ms
[2026-04-03T03:26:17.384+0600][25.709s][info][gc,heap        ] GC(123) Eden regions: 193->0(190)
[2026-04-03T03:26:17.384+0600][25.710s][info][gc,heap        ] GC(123) Survivor regions: 12->26(26)
[2026-04-03T03:26:17.384+0600][25.710s][info][gc,heap        ] GC(123) Old regions: 245->245
[2026-04-03T03:26:17.384+0600][25.710s][info][gc,heap        ] GC(123) Humongous regions: 59->59
[2026-04-03T03:26:17.384+0600][25.710s][info][gc,metaspace   ] GC(123) Metaspace: 69660K(70528K)->69660K(70528K) NonClass: 60766K(61248K)->60766K(61248K) Class: 8894K(9280K)->8894K(9280K)
[2026-04-03T03:26:17.384+0600][25.710s][info][gc             ] GC(123) Pause Young (Prepare Mixed) (G1 Evacuation Pause) 506M->328M(621M) 33.678ms
[2026-04-03T03:26:17.384+0600][25.710s][info][gc,cpu         ] GC(123) User=0.31s Sys=0.00s Real=0.03s
[2026-04-03T03:26:17.545+0600][25.870s][info][gc,start       ] GC(124) Pause Young (Mixed) (G1 Evacuation Pause)
[2026-04-03T03:26:17.545+0600][25.870s][info][gc,task        ] GC(124) Using 10 workers of 10 for evacuation
[2026-04-03T03:26:17.583+0600][25.908s][info][gc,phases      ] GC(124)   Pre Evacuate Collection Set: 0.50ms
[2026-04-03T03:26:17.583+0600][25.908s][info][gc,phases      ] GC(124)   Merge Heap Roots: 0.53ms
[2026-04-03T03:26:17.583+0600][25.908s][info][gc,phases      ] GC(124)   Evacuate Collection Set: 35.73ms
[2026-04-03T03:26:17.583+0600][25.908s][info][gc,phases      ] GC(124)   Post Evacuate Collection Set: 0.91ms
[2026-04-03T03:26:17.583+0600][25.908s][info][gc,phases      ] GC(124)   Other: 0.14ms
[2026-04-03T03:26:17.583+0600][25.908s][info][gc,heap        ] GC(124) Eden regions: 190->0(192)
[2026-04-03T03:26:17.583+0600][25.908s][info][gc,heap        ] GC(124) Survivor regions: 26->16(27)
[2026-04-03T03:26:17.583+0600][25.908s][info][gc,heap        ] GC(124) Old regions: 245->268
[2026-04-03T03:26:17.583+0600][25.908s][info][gc,heap        ] GC(124) Humongous regions: 59->59
[2026-04-03T03:26:17.583+0600][25.908s][info][gc,metaspace   ] GC(124) Metaspace: 69660K(70528K)->69660K(70528K) NonClass: 60766K(61248K)->60766K(61248K) Class: 8894K(9280K)->8894K(9280K)
[2026-04-03T03:26:17.583+0600][25.908s][info][gc             ] GC(124) Pause Young (Mixed) (G1 Evacuation Pause) 518M->340M(621M) 38.275ms
[2026-04-03T03:26:17.583+0600][25.908s][info][gc,cpu         ] GC(124) User=0.37s Sys=0.00s Real=0.04s
[2026-04-03T03:26:17.749+0600][26.075s][info][gc,start       ] GC(125) Pause Young (Concurrent Start) (G1 Evacuation Pause)
[2026-04-03T03:26:17.750+0600][26.075s][info][gc,task        ] GC(125) Using 10 workers of 10 for evacuation
[2026-04-03T03:26:17.774+0600][26.100s][info][gc,phases      ] GC(125)   Pre Evacuate Collection Set: 0.43ms
[2026-04-03T03:26:17.775+0600][26.100s][info][gc,phases      ] GC(125)   Merge Heap Roots: 0.33ms
[2026-04-03T03:26:17.775+0600][26.100s][info][gc,phases      ] GC(125)   Evacuate Collection Set: 22.77ms
[2026-04-03T03:26:17.775+0600][26.100s][info][gc,phases      ] GC(125)   Post Evacuate Collection Set: 1.04ms
[2026-04-03T03:26:17.775+0600][26.100s][info][gc,phases      ] GC(125)   Other: 0.35ms
[2026-04-03T03:26:17.775+0600][26.100s][info][gc,heap        ] GC(125) Eden regions: 192->0(193)
[2026-04-03T03:26:17.775+0600][26.100s][info][gc,heap        ] GC(125) Survivor regions: 16->15(26)
[2026-04-03T03:26:17.775+0600][26.100s][info][gc,heap        ] GC(125) Old regions: 268->280
[2026-04-03T03:26:17.775+0600][26.100s][info][gc,heap        ] GC(125) Humongous regions: 59->59
[2026-04-03T03:26:17.775+0600][26.100s][info][gc,metaspace   ] GC(125) Metaspace: 69660K(70528K)->69660K(70528K) NonClass: 60766K(61248K)->60766K(61248K) Class: 8894K(9280K)->8894K(9280K)
[2026-04-03T03:26:17.775+0600][26.101s][info][gc             ] GC(125) Pause Young (Concurrent Start) (G1 Evacuation Pause) 532M->351M(621M) 25.582ms
[2026-04-03T03:26:17.775+0600][26.101s][info][gc,cpu         ] GC(125) User=0.23s Sys=0.00s Real=0.03s
[2026-04-03T03:26:17.775+0600][26.101s][info][gc             ] GC(126) Concurrent Mark Cycle
[2026-04-03T03:26:17.775+0600][26.101s][info][gc,marking     ] GC(126) Concurrent Scan Root Regions
[2026-04-03T03:26:17.789+0600][26.115s][info][gc,marking     ] GC(126) Concurrent Scan Root Regions 13.769ms
[2026-04-03T03:26:17.789+0600][26.115s][info][gc,marking     ] GC(126) Concurrent Mark
[2026-04-03T03:26:17.789+0600][26.115s][info][gc,marking     ] GC(126) Concurrent Mark From Roots
[2026-04-03T03:26:17.789+0600][26.115s][info][gc,task        ] GC(126) Using 3 workers of 3 for marking
[2026-04-03T03:26:18.011+0600][26.337s][info][gc,start       ] GC(127) Pause Young (Normal) (G1 Evacuation Pause)
[2026-04-03T03:26:18.011+0600][26.337s][info][gc,task        ] GC(127) Using 10 workers of 10 for evacuation
[2026-04-03T03:26:18.034+0600][26.360s][info][gc,phases      ] GC(127)   Pre Evacuate Collection Set: 0.62ms
[2026-04-03T03:26:18.034+0600][26.360s][info][gc,phases      ] GC(127)   Merge Heap Roots: 0.29ms
[2026-04-03T03:26:18.034+0600][26.360s][info][gc,phases      ] GC(127)   Evacuate Collection Set: 21.24ms
[2026-04-03T03:26:18.034+0600][26.360s][info][gc,phases      ] GC(127)   Post Evacuate Collection Set: 0.83ms
[2026-04-03T03:26:18.035+0600][26.360s][info][gc,phases      ] GC(127)   Other: 0.16ms
[2026-04-03T03:26:18.035+0600][26.360s][info][gc,heap        ] GC(127) Eden regions: 193->0(193)
[2026-04-03T03:26:18.035+0600][26.360s][info][gc,heap        ] GC(127) Survivor regions: 15->25(26)
[2026-04-03T03:26:18.035+0600][26.360s][info][gc,heap        ] GC(127) Old regions: 280->280
[2026-04-03T03:26:18.035+0600][26.360s][info][gc,heap        ] GC(127) Humongous regions: 59->59
[2026-04-03T03:26:18.035+0600][26.360s][info][gc,metaspace   ] GC(127) Metaspace: 69660K(70528K)->69660K(70528K) NonClass: 60766K(61248K)->60766K(61248K) Class: 8894K(9280K)->8894K(9280K)
[2026-04-03T03:26:18.035+0600][26.360s][info][gc             ] GC(127) Pause Young (Normal) (G1 Evacuation Pause) 544M->361M(621M) 23.481ms
[2026-04-03T03:26:18.035+0600][26.360s][info][gc,cpu         ] GC(127) User=0.22s Sys=0.00s Real=0.02s
[2026-04-03T03:26:18.152+0600][26.478s][info][gc,marking     ] GC(126) Concurrent Mark From Roots 362.828ms
[2026-04-03T03:26:18.152+0600][26.478s][info][gc,marking     ] GC(126) Concurrent Preclean
[2026-04-03T03:26:18.152+0600][26.478s][info][gc,marking     ] GC(126) Concurrent Preclean 0.248ms
[2026-04-03T03:26:18.153+0600][26.478s][info][gc,start       ] GC(126) Pause Remark
[2026-04-03T03:26:18.158+0600][26.483s][info][gc             ] GC(126) Pause Remark 458M->440M(621M) 5.162ms
[2026-04-03T03:26:18.158+0600][26.484s][info][gc,cpu         ] GC(126) User=0.02s Sys=0.01s Real=0.00s
[2026-04-03T03:26:18.158+0600][26.484s][info][gc,marking     ] GC(126) Concurrent Mark 368.980ms
[2026-04-03T03:26:18.158+0600][26.484s][info][gc,marking     ] GC(126) Concurrent Rebuild Remembered Sets and Scrub Regions
[2026-04-03T03:26:18.272+0600][26.597s][info][gc,start       ] GC(128) Pause Young (Normal) (G1 Evacuation Pause)
[2026-04-03T03:26:18.272+0600][26.598s][info][gc,task        ] GC(128) Using 10 workers of 10 for evacuation
[2026-04-03T03:26:18.299+0600][26.625s][info][gc,phases      ] GC(128)   Pre Evacuate Collection Set: 0.39ms
[2026-04-03T03:26:18.299+0600][26.625s][info][gc,phases      ] GC(128)   Merge Heap Roots: 0.57ms
[2026-04-03T03:26:18.299+0600][26.625s][info][gc,phases      ] GC(128)   Evacuate Collection Set: 25.35ms
[2026-04-03T03:26:18.299+0600][26.625s][info][gc,phases      ] GC(128)   Post Evacuate Collection Set: 0.90ms
[2026-04-03T03:26:18.299+0600][26.625s][info][gc,phases      ] GC(128)   Other: 0.12ms
[2026-04-03T03:26:18.300+0600][26.625s][info][gc,heap        ] GC(128) Eden regions: 193->0(205)
[2026-04-03T03:26:18.300+0600][26.625s][info][gc,heap        ] GC(128) Survivor regions: 25->23(28)
[2026-04-03T03:26:18.300+0600][26.625s][info][gc,heap        ] GC(128) Old regions: 280->290
[2026-04-03T03:26:18.300+0600][26.625s][info][gc,heap        ] GC(128) Humongous regions: 41->41
[2026-04-03T03:26:18.300+0600][26.625s][info][gc,metaspace   ] GC(128) Metaspace: 69661K(70528K)->69661K(70528K) NonClass: 60767K(61248K)->60767K(61248K) Class: 8894K(9280K)->8894K(9280K)
[2026-04-03T03:26:18.300+0600][26.625s][info][gc             ] GC(128) Pause Young (Normal) (G1 Evacuation Pause) 536M->351M(621M) 27.657ms
[2026-04-03T03:26:18.300+0600][26.625s][info][gc,cpu         ] GC(128) User=0.26s Sys=0.00s Real=0.02s
[2026-04-03T03:26:18.380+0600][26.705s][info][gc,marking     ] GC(126) Concurrent Rebuild Remembered Sets and Scrub Regions 221.463ms
[2026-04-03T03:26:18.380+0600][26.706s][info][gc,start       ] GC(126) Pause Cleanup
[2026-04-03T03:26:18.381+0600][26.706s][info][gc             ] GC(126) Pause Cleanup 426M->426M(621M) 0.535ms
[2026-04-03T03:26:18.381+0600][26.706s][info][gc,cpu         ] GC(126) User=0.00s Sys=0.00s Real=0.00s
[2026-04-03T03:26:18.381+0600][26.707s][info][gc,marking     ] GC(126) Concurrent Clear Claimed Marks
[2026-04-03T03:26:18.381+0600][26.707s][info][gc,marking     ] GC(126) Concurrent Clear Claimed Marks 0.250ms
[2026-04-03T03:26:18.381+0600][26.707s][info][gc,marking     ] GC(126) Concurrent Cleanup for Next Mark
[2026-04-03T03:26:18.383+0600][26.708s][info][gc,marking     ] GC(126) Concurrent Cleanup for Next Mark 1.323ms
[2026-04-03T03:26:18.383+0600][26.708s][info][gc             ] GC(126) Concurrent Mark Cycle 607.429ms
[2026-04-03T03:26:18.529+0600][26.854s][info][gc,start       ] GC(129) Pause Young (Prepare Mixed) (G1 Evacuation Pause)
[2026-04-03T03:26:18.529+0600][26.854s][info][gc,task        ] GC(129) Using 10 workers of 10 for evacuation
[2026-04-03T03:26:18.574+0600][26.900s][info][gc,phases      ] GC(129)   Pre Evacuate Collection Set: 0.49ms
[2026-04-03T03:26:18.574+0600][26.900s][info][gc,phases      ] GC(129)   Merge Heap Roots: 1.65ms
[2026-04-03T03:26:18.574+0600][26.900s][info][gc,phases      ] GC(129)   Evacuate Collection Set: 41.81ms
[2026-04-03T03:26:18.574+0600][26.900s][info][gc,phases      ] GC(129)   Post Evacuate Collection Set: 1.13ms
[2026-04-03T03:26:18.574+0600][26.900s][info][gc,phases      ] GC(129)   Other: 0.14ms
[2026-04-03T03:26:18.574+0600][26.900s][info][gc,heap        ] GC(129) Eden regions: 205->0(182)
[2026-04-03T03:26:18.574+0600][26.900s][info][gc,heap        ] GC(129) Survivor regions: 23->25(29)
[2026-04-03T03:26:18.574+0600][26.900s][info][gc,heap        ] GC(129) Old regions: 290->299
[2026-04-03T03:26:18.574+0600][26.900s][info][gc,heap        ] GC(129) Humongous regions: 68->68
[2026-04-03T03:26:18.574+0600][26.900s][info][gc,metaspace   ] GC(129) Metaspace: 69661K(70528K)->69661K(70528K) NonClass: 60767K(61248K)->60767K(61248K) Class: 8894K(9280K)->8894K(9280K)
[2026-04-03T03:26:18.574+0600][26.900s][info][gc             ] GC(129) Pause Young (Prepare Mixed) (G1 Evacuation Pause) 583M->390M(621M) 45.579ms
[2026-04-03T03:26:18.574+0600][26.900s][info][gc,cpu         ] GC(129) User=0.43s Sys=0.01s Real=0.05s
[2026-04-03T03:26:19.941+0600][28.266s][info][gc,start       ] GC(130) Pause Young (Mixed) (G1 Evacuation Pause)
[2026-04-03T03:26:19.941+0600][28.266s][info][gc,task        ] GC(130) Using 10 workers of 10 for evacuation
[2026-04-03T03:26:19.998+0600][28.324s][info][gc,phases      ] GC(130)   Pre Evacuate Collection Set: 0.39ms
[2026-04-03T03:26:19.998+0600][28.324s][info][gc,phases      ] GC(130)   Merge Heap Roots: 1.48ms
[2026-04-03T03:26:19.998+0600][28.324s][info][gc,phases      ] GC(130)   Evacuate Collection Set: 53.47ms
[2026-04-03T03:26:19.998+0600][28.324s][info][gc,phases      ] GC(130)   Post Evacuate Collection Set: 1.87ms
[2026-04-03T03:26:19.998+0600][28.324s][info][gc,phases      ] GC(130)   Other: 0.13ms
[2026-04-03T03:26:19.998+0600][28.324s][info][gc,heap        ] GC(130) Eden regions: 182->0(274)
[2026-04-03T03:26:19.998+0600][28.324s][info][gc,heap        ] GC(130) Survivor regions: 25->21(26)
[2026-04-03T03:26:19.998+0600][28.324s][info][gc,heap        ] GC(130) Old regions: 299->303
[2026-04-03T03:26:19.998+0600][28.324s][info][gc,heap        ] GC(130) Humongous regions: 89->83
[2026-04-03T03:26:19.998+0600][28.324s][info][gc,metaspace   ] GC(130) Metaspace: 69876K(70720K)->69876K(70720K) NonClass: 60958K(61440K)->60958K(61440K) Class: 8918K(9280K)->8918K(9280K)
[2026-04-03T03:26:19.998+0600][28.324s][info][gc             ] GC(130) Pause Young (Mixed) (G1 Evacuation Pause) 593M->405M(754M) 57.645ms
[2026-04-03T03:26:19.998+0600][28.324s][info][gc,cpu         ] GC(130) User=0.55s Sys=0.01s Real=0.05s
[2026-04-03T03:26:20.009+0600][28.335s][info][gc,start       ] GC(131) Pause Young (Concurrent Start) (G1 Humongous Allocation)
[2026-04-03T03:26:20.009+0600][28.335s][info][gc,task        ] GC(131) Using 10 workers of 10 for evacuation
[2026-04-03T03:26:20.046+0600][28.372s][info][gc,phases      ] GC(131)   Pre Evacuate Collection Set: 0.46ms
[2026-04-03T03:26:20.046+0600][28.372s][info][gc,phases      ] GC(131)   Merge Heap Roots: 0.48ms
[2026-04-03T03:26:20.046+0600][28.372s][info][gc,phases      ] GC(131)   Evacuate Collection Set: 34.66ms
[2026-04-03T03:26:20.046+0600][28.372s][info][gc,phases      ] GC(131)   Post Evacuate Collection Set: 1.12ms
[2026-04-03T03:26:20.047+0600][28.372s][info][gc,phases      ] GC(131)   Other: 0.31ms
[2026-04-03T03:26:20.047+0600][28.372s][info][gc,heap        ] GC(131) Eden regions: 2->0(277)
[2026-04-03T03:26:20.047+0600][28.372s][info][gc,heap        ] GC(131) Survivor regions: 21->11(37)
[2026-04-03T03:26:20.047+0600][28.372s][info][gc,heap        ] GC(131) Old regions: 303->315
[2026-04-03T03:26:20.047+0600][28.372s][info][gc,heap        ] GC(131) Humongous regions: 83->83
[2026-04-03T03:26:20.047+0600][28.372s][info][gc,metaspace   ] GC(131) Metaspace: 69884K(70720K)->69884K(70720K) NonClass: 60965K(61440K)->60965K(61440K) Class: 8919K(9280K)->8919K(9280K)
[2026-04-03T03:26:20.047+0600][28.372s][info][gc             ] GC(131) Pause Young (Concurrent Start) (G1 Humongous Allocation) 406M->406M(754M) 37.399ms
[2026-04-03T03:26:20.047+0600][28.372s][info][gc,cpu         ] GC(131) User=0.34s Sys=0.01s Real=0.04s
[2026-04-03T03:26:20.047+0600][28.372s][info][gc             ] GC(132) Concurrent Mark Cycle
[2026-04-03T03:26:20.047+0600][28.372s][info][gc,marking     ] GC(132) Concurrent Scan Root Regions
[2026-04-03T03:26:20.054+0600][28.380s][info][gc,marking     ] GC(132) Concurrent Scan Root Regions 7.250ms
[2026-04-03T03:26:20.054+0600][28.380s][info][gc,marking     ] GC(132) Concurrent Mark
[2026-04-03T03:26:20.054+0600][28.380s][info][gc,marking     ] GC(132) Concurrent Mark From Roots
[2026-04-03T03:26:20.054+0600][28.380s][info][gc,task        ] GC(132) Using 3 workers of 3 for marking
[2026-04-03T03:26:20.197+0600][28.522s][info][gc,marking     ] GC(132) Concurrent Mark From Roots 142.487ms
[2026-04-03T03:26:20.197+0600][28.522s][info][gc,marking     ] GC(132) Concurrent Preclean
[2026-04-03T03:26:20.197+0600][28.522s][info][gc,marking     ] GC(132) Concurrent Preclean 0.198ms
[2026-04-03T03:26:20.197+0600][28.523s][info][gc,start       ] GC(132) Pause Remark
[2026-04-03T03:26:20.202+0600][28.527s][info][gc             ] GC(132) Pause Remark 440M->251M(750M) 4.499ms
[2026-04-03T03:26:20.202+0600][28.528s][info][gc,cpu         ] GC(132) User=0.02s Sys=0.01s Real=0.01s
[2026-04-03T03:26:20.202+0600][28.528s][info][gc,marking     ] GC(132) Concurrent Mark 148.048ms
[2026-04-03T03:26:20.202+0600][28.528s][info][gc,marking     ] GC(132) Concurrent Rebuild Remembered Sets and Scrub Regions
[2026-04-03T03:26:20.258+0600][28.584s][info][gc,marking     ] GC(132) Concurrent Rebuild Remembered Sets and Scrub Regions 55.878ms
[2026-04-03T03:26:20.259+0600][28.584s][info][gc,start       ] GC(132) Pause Cleanup
[2026-04-03T03:26:20.259+0600][28.585s][info][gc             ] GC(132) Pause Cleanup 278M->278M(750M) 0.601ms
[2026-04-03T03:26:20.259+0600][28.585s][info][gc,cpu         ] GC(132) User=0.00s Sys=0.00s Real=0.00s
[2026-04-03T03:26:20.259+0600][28.585s][info][gc,marking     ] GC(132) Concurrent Clear Claimed Marks
[2026-04-03T03:26:20.260+0600][28.585s][info][gc,marking     ] GC(132) Concurrent Clear Claimed Marks 0.266ms
[2026-04-03T03:26:20.260+0600][28.585s][info][gc,marking     ] GC(132) Concurrent Cleanup for Next Mark
[2026-04-03T03:26:20.262+0600][28.587s][info][gc,marking     ] GC(132) Concurrent Cleanup for Next Mark 1.897ms
[2026-04-03T03:26:20.262+0600][28.587s][info][gc             ] GC(132) Concurrent Mark Cycle 214.952ms
[2026-04-03T03:26:20.693+0600][29.019s][info][gc,start       ] GC(133) Pause Young (Prepare Mixed) (G1 Evacuation Pause)
[2026-04-03T03:26:20.694+0600][29.019s][info][gc,task        ] GC(133) Using 10 workers of 10 for evacuation
[2026-04-03T03:26:20.768+0600][29.094s][info][gc,phases      ] GC(133)   Pre Evacuate Collection Set: 0.45ms
[2026-04-03T03:26:20.769+0600][29.094s][info][gc,phases      ] GC(133)   Merge Heap Roots: 1.10ms
[2026-04-03T03:26:20.769+0600][29.094s][info][gc,phases      ] GC(133)   Evacuate Collection Set: 72.11ms
[2026-04-03T03:26:20.769+0600][29.094s][info][gc,phases      ] GC(133)   Post Evacuate Collection Set: 1.09ms
[2026-04-03T03:26:20.769+0600][29.094s][info][gc,phases      ] GC(133)   Other: 0.13ms
[2026-04-03T03:26:20.769+0600][29.094s][info][gc,heap        ] GC(133) Eden regions: 277->0(242)
[2026-04-03T03:26:20.769+0600][29.094s][info][gc,heap        ] GC(133) Survivor regions: 11->36(36)
[2026-04-03T03:26:20.769+0600][29.094s][info][gc,heap        ] GC(133) Old regions: 198->250
[2026-04-03T03:26:20.769+0600][29.094s][info][gc,heap        ] GC(133) Humongous regions: 82->77
[2026-04-03T03:26:20.769+0600][29.094s][info][gc,metaspace   ] GC(133) Metaspace: 69949K(70848K)->69949K(70848K) NonClass: 61020K(61504K)->61020K(61504K) Class: 8929K(9344K)->8929K(9344K)
[2026-04-03T03:26:20.769+0600][29.094s][info][gc             ] GC(133) Pause Young (Prepare Mixed) (G1 Evacuation Pause) 565M->360M(750M) 75.216ms
[2026-04-03T03:26:20.769+0600][29.094s][info][gc,cpu         ] GC(133) User=0.73s Sys=0.00s Real=0.07s
[2026-04-03T03:26:21.005+0600][29.331s][info][gc,start       ] GC(134) Pause Young (Mixed) (G1 Evacuation Pause)
[2026-04-03T03:26:21.005+0600][29.331s][info][gc,task        ] GC(134) Using 10 workers of 10 for evacuation
[2026-04-03T03:26:21.072+0600][29.398s][info][gc,phases      ] GC(134)   Pre Evacuate Collection Set: 0.25ms
[2026-04-03T03:26:21.072+0600][29.398s][info][gc,phases      ] GC(134)   Merge Heap Roots: 0.80ms
[2026-04-03T03:26:21.072+0600][29.398s][info][gc,phases      ] GC(134)   Evacuate Collection Set: 64.49ms
[2026-04-03T03:26:21.072+0600][29.398s][info][gc,phases      ] GC(134)   Post Evacuate Collection Set: 1.09ms
[2026-04-03T03:26:21.072+0600][29.398s][info][gc,phases      ] GC(134)   Other: 0.12ms
[2026-04-03T03:26:21.072+0600][29.398s][info][gc,heap        ] GC(134) Eden regions: 242->0(230)
[2026-04-03T03:26:21.072+0600][29.398s][info][gc,heap        ] GC(134) Survivor regions: 36->35(35)
[2026-04-03T03:26:21.072+0600][29.398s][info][gc,heap        ] GC(134) Old regions: 250->281
[2026-04-03T03:26:21.072+0600][29.398s][info][gc,heap        ] GC(134) Humongous regions: 86->86
[2026-04-03T03:26:21.072+0600][29.398s][info][gc,metaspace   ] GC(134) Metaspace: 69953K(70848K)->69953K(70848K) NonClass: 61024K(61504K)->61024K(61504K) Class: 8929K(9344K)->8929K(9344K)
[2026-04-03T03:26:21.072+0600][29.398s][info][gc             ] GC(134) Pause Young (Mixed) (G1 Evacuation Pause) 611M->399M(750M) 67.090ms
[2026-04-03T03:26:21.072+0600][29.398s][info][gc,cpu         ] GC(134) User=0.65s Sys=0.00s Real=0.07s
[2026-04-03T03:26:21.085+0600][29.410s][info][gc,start       ] GC(135) Pause Young (Concurrent Start) (G1 Humongous Allocation)
[2026-04-03T03:26:21.085+0600][29.411s][info][gc,task        ] GC(135) Using 10 workers of 10 for evacuation
[2026-04-03T03:26:21.113+0600][29.438s][info][gc,phases      ] GC(135)   Pre Evacuate Collection Set: 0.33ms
[2026-04-03T03:26:21.113+0600][29.438s][info][gc,phases      ] GC(135)   Merge Heap Roots: 0.49ms
[2026-04-03T03:26:21.113+0600][29.438s][info][gc,phases      ] GC(135)   Evacuate Collection Set: 25.57ms
[2026-04-03T03:26:21.113+0600][29.438s][info][gc,phases      ] GC(135)   Post Evacuate Collection Set: 0.86ms
[2026-04-03T03:26:21.113+0600][29.438s][info][gc,phases      ] GC(135)   Other: 0.42ms
[2026-04-03T03:26:21.113+0600][29.438s][info][gc,heap        ] GC(135) Eden regions: 15->0(232)
[2026-04-03T03:26:21.113+0600][29.438s][info][gc,heap        ] GC(135) Survivor regions: 35->6(34)
[2026-04-03T03:26:21.113+0600][29.438s][info][gc,heap        ] GC(135) Old regions: 281->317
[2026-04-03T03:26:21.113+0600][29.438s][info][gc,heap        ] GC(135) Humongous regions: 86->86
[2026-04-03T03:26:21.113+0600][29.438s][info][gc,metaspace   ] GC(135) Metaspace: 69953K(70848K)->69953K(70848K) NonClass: 61024K(61504K)->61024K(61504K) Class: 8929K(9344K)->8929K(9344K)
[2026-04-03T03:26:21.113+0600][29.438s][info][gc             ] GC(135) Pause Young (Concurrent Start) (G1 Humongous Allocation) 414M->405M(750M) 27.976ms
[2026-04-03T03:26:21.113+0600][29.438s][info][gc,cpu         ] GC(135) User=0.26s Sys=0.01s Real=0.03s
[2026-04-03T03:26:21.113+0600][29.439s][info][gc             ] GC(136) Concurrent Mark Cycle
[2026-04-03T03:26:21.113+0600][29.439s][info][gc,marking     ] GC(136) Concurrent Scan Root Regions
[2026-04-03T03:26:21.128+0600][29.454s][info][gc,marking     ] GC(136) Concurrent Scan Root Regions 14.841ms
[2026-04-03T03:26:21.128+0600][29.454s][info][gc,marking     ] GC(136) Concurrent Mark
[2026-04-03T03:26:21.128+0600][29.454s][info][gc,marking     ] GC(136) Concurrent Mark From Roots
[2026-04-03T03:26:21.128+0600][29.454s][info][gc,task        ] GC(136) Using 3 workers of 3 for marking
[2026-04-03T03:26:21.362+0600][29.688s][info][gc,marking     ] GC(136) Concurrent Mark From Roots 234.323ms
[2026-04-03T03:26:21.362+0600][29.688s][info][gc,marking     ] GC(136) Concurrent Preclean
[2026-04-03T03:26:21.363+0600][29.688s][info][gc,marking     ] GC(136) Concurrent Preclean 0.279ms
[2026-04-03T03:26:21.363+0600][29.689s][info][gc,start       ] GC(136) Pause Remark
[2026-04-03T03:26:21.378+0600][29.703s][info][gc             ] GC(136) Pause Remark 632M->567M(750M) 14.691ms
[2026-04-03T03:26:21.378+0600][29.703s][info][gc,cpu         ] GC(136) User=0.12s Sys=0.00s Real=0.01s
[2026-04-03T03:26:21.378+0600][29.704s][info][gc,marking     ] GC(136) Concurrent Mark 250.046ms
[2026-04-03T03:26:21.378+0600][29.704s][info][gc,marking     ] GC(136) Concurrent Rebuild Remembered Sets and Scrub Regions
[2026-04-03T03:26:21.429+0600][29.755s][info][gc,start       ] GC(137) Pause Young (Normal) (G1 Evacuation Pause)
[2026-04-03T03:26:21.430+0600][29.755s][info][gc,task        ] GC(137) Using 10 workers of 10 for evacuation
[2026-04-03T03:26:21.465+0600][29.790s][info][gc,phases      ] GC(137)   Pre Evacuate Collection Set: 0.60ms
[2026-04-03T03:26:21.465+0600][29.790s][info][gc,phases      ] GC(137)   Merge Heap Roots: 0.86ms
[2026-04-03T03:26:21.465+0600][29.790s][info][gc,phases      ] GC(137)   Evacuate Collection Set: 32.48ms
[2026-04-03T03:26:21.465+0600][29.790s][info][gc,phases      ] GC(137)   Post Evacuate Collection Set: 1.15ms
[2026-04-03T03:26:21.465+0600][29.791s][info][gc,phases      ] GC(137)   Other: 0.16ms
[2026-04-03T03:26:21.465+0600][29.791s][info][gc,heap        ] GC(137) Eden regions: 232->0(253)
[2026-04-03T03:26:21.465+0600][29.791s][info][gc,heap        ] GC(137) Survivor regions: 6->25(30)
[2026-04-03T03:26:21.465+0600][29.791s][info][gc,heap        ] GC(137) Old regions: 305->305
[2026-04-03T03:26:21.465+0600][29.791s][info][gc,heap        ] GC(137) Humongous regions: 56->56
[2026-04-03T03:26:21.465+0600][29.791s][info][gc,metaspace   ] GC(137) Metaspace: 69950K(70848K)->69950K(70848K) NonClass: 61023K(61504K)->61023K(61504K) Class: 8927K(9344K)->8927K(9344K)
[2026-04-03T03:26:21.465+0600][29.791s][info][gc             ] GC(137) Pause Young (Normal) (G1 Evacuation Pause) 596M->383M(750M) 35.761ms
[2026-04-03T03:26:21.465+0600][29.791s][info][gc,cpu         ] GC(137) User=0.32s Sys=0.00s Real=0.04s
[2026-04-03T03:26:21.578+0600][29.903s][info][gc,marking     ] GC(136) Concurrent Rebuild Remembered Sets and Scrub Regions 199.646ms
[2026-04-03T03:26:21.578+0600][29.904s][info][gc,start       ] GC(136) Pause Cleanup
[2026-04-03T03:26:21.579+0600][29.904s][info][gc             ] GC(136) Pause Cleanup 491M->491M(750M) 0.638ms
[2026-04-03T03:26:21.579+0600][29.904s][info][gc,cpu         ] GC(136) User=0.00s Sys=0.00s Real=0.00s
[2026-04-03T03:26:21.579+0600][29.905s][info][gc,marking     ] GC(136) Concurrent Clear Claimed Marks
[2026-04-03T03:26:21.579+0600][29.905s][info][gc,marking     ] GC(136) Concurrent Clear Claimed Marks 0.246ms
[2026-04-03T03:26:21.579+0600][29.905s][info][gc,marking     ] GC(136) Concurrent Cleanup for Next Mark
[2026-04-03T03:26:21.581+0600][29.906s][info][gc,marking     ] GC(136) Concurrent Cleanup for Next Mark 1.162ms
[2026-04-03T03:26:21.581+0600][29.906s][info][gc             ] GC(136) Concurrent Mark Cycle 467.608ms
[2026-04-03T03:26:21.719+0600][30.045s][info][gc,start       ] GC(138) Pause Young (Prepare Mixed) (G1 Evacuation Pause)
[2026-04-03T03:26:21.719+0600][30.045s][info][gc,task        ] GC(138) Using 10 workers of 10 for evacuation
[2026-04-03T03:26:21.762+0600][30.088s][info][gc,phases      ] GC(138)   Pre Evacuate Collection Set: 0.36ms
[2026-04-03T03:26:21.762+0600][30.088s][info][gc,phases      ] GC(138)   Merge Heap Roots: 0.90ms
[2026-04-03T03:26:21.762+0600][30.088s][info][gc,phases      ] GC(138)   Evacuate Collection Set: 40.30ms
[2026-04-03T03:26:21.762+0600][30.088s][info][gc,phases      ] GC(138)   Post Evacuate Collection Set: 0.97ms
[2026-04-03T03:26:21.762+0600][30.088s][info][gc,phases      ] GC(138)   Other: 0.14ms
[2026-04-03T03:26:21.762+0600][30.088s][info][gc,heap        ] GC(138) Eden regions: 253->0(251)
[2026-04-03T03:26:21.762+0600][30.088s][info][gc,heap        ] GC(138) Survivor regions: 25->21(35)
[2026-04-03T03:26:21.762+0600][30.088s][info][gc,heap        ] GC(138) Old regions: 305->330
[2026-04-03T03:26:21.762+0600][30.088s][info][gc,heap        ] GC(138) Humongous regions: 56->56
[2026-04-03T03:26:21.762+0600][30.088s][info][gc,metaspace   ] GC(138) Metaspace: 69950K(70848K)->69950K(70848K) NonClass: 61023K(61504K)->61023K(61504K) Class: 8927K(9344K)->8927K(9344K)
[2026-04-03T03:26:21.762+0600][30.088s][info][gc             ] GC(138) Pause Young (Prepare Mixed) (G1 Evacuation Pause) 636M->404M(750M) 43.060ms
[2026-04-03T03:26:21.762+0600][30.088s][info][gc,cpu         ] GC(138) User=0.41s Sys=0.00s Real=0.05s
[2026-04-03T03:26:22.012+0600][30.337s][info][gc,start       ] GC(139) Pause Young (Mixed) (G1 Evacuation Pause)
[2026-04-03T03:26:22.012+0600][30.337s][info][gc,task        ] GC(139) Using 10 workers of 10 for evacuation
[2026-04-03T03:26:22.048+0600][30.374s][info][gc,phases      ] GC(139)   Pre Evacuate Collection Set: 0.34ms
[2026-04-03T03:26:22.048+0600][30.374s][info][gc,phases      ] GC(139)   Merge Heap Roots: 0.31ms
[2026-04-03T03:26:22.048+0600][30.374s][info][gc,phases      ] GC(139)   Evacuate Collection Set: 34.88ms
[2026-04-03T03:26:22.048+0600][30.374s][info][gc,phases      ] GC(139)   Post Evacuate Collection Set: 0.86ms
[2026-04-03T03:26:22.048+0600][30.374s][info][gc,phases      ] GC(139)   Other: 0.15ms
[2026-04-03T03:26:22.048+0600][30.374s][info][gc,heap        ] GC(139) Eden regions: 251->0(279)
[2026-04-03T03:26:22.048+0600][30.374s][info][gc,heap        ] GC(139) Survivor regions: 21->19(34)
[2026-04-03T03:26:22.048+0600][30.374s][info][gc,heap        ] GC(139) Old regions: 330->308
[2026-04-03T03:26:22.048+0600][30.374s][info][gc,heap        ] GC(139) Humongous regions: 56->56
[2026-04-03T03:26:22.048+0600][30.374s][info][gc,metaspace   ] GC(139) Metaspace: 69950K(70848K)->69950K(70848K) NonClass: 61023K(61504K)->61023K(61504K) Class: 8927K(9344K)->8927K(9344K)
[2026-04-03T03:26:22.049+0600][30.374s][info][gc             ] GC(139) Pause Young (Mixed) (G1 Evacuation Pause) 655M->381M(750M) 36.979ms
[2026-04-03T03:26:22.049+0600][30.374s][info][gc,cpu         ] GC(139) User=0.32s Sys=0.01s Real=0.03s
[2026-04-03T03:26:22.257+0600][30.582s][info][gc,start       ] GC(140) Pause Young (Concurrent Start) (G1 Humongous Allocation)
[2026-04-03T03:26:22.257+0600][30.583s][info][gc,task        ] GC(140) Using 10 workers of 10 for evacuation
[2026-04-03T03:26:22.287+0600][30.613s][info][gc,phases      ] GC(140)   Pre Evacuate Collection Set: 0.62ms
[2026-04-03T03:26:22.287+0600][30.613s][info][gc,phases      ] GC(140)   Merge Heap Roots: 0.28ms
[2026-04-03T03:26:22.287+0600][30.613s][info][gc,phases      ] GC(140)   Evacuate Collection Set: 27.67ms
[2026-04-03T03:26:22.287+0600][30.613s][info][gc,phases      ] GC(140)   Post Evacuate Collection Set: 1.56ms
[2026-04-03T03:26:22.287+0600][30.613s][info][gc,phases      ] GC(140)   Other: 0.17ms
[2026-04-03T03:26:22.287+0600][30.613s][info][gc,heap        ] GC(140) Eden regions: 190->0(359)
[2026-04-03T03:26:22.287+0600][30.613s][info][gc,heap        ] GC(140) Survivor regions: 19->29(38)
[2026-04-03T03:26:22.287+0600][30.613s][info][gc,heap        ] GC(140) Old regions: 308->308
[2026-04-03T03:26:22.287+0600][30.613s][info][gc,heap        ] GC(140) Humongous regions: 56->56
[2026-04-03T03:26:22.288+0600][30.613s][info][gc,metaspace   ] GC(140) Metaspace: 69950K(70848K)->69950K(70848K) NonClass: 61023K(61504K)->61023K(61504K) Class: 8927K(9344K)->8927K(9344K)
[2026-04-03T03:26:22.288+0600][30.613s][info][gc             ] GC(140) Pause Young (Concurrent Start) (G1 Humongous Allocation) 571M->391M(850M) 30.708ms
[2026-04-03T03:26:22.288+0600][30.613s][info][gc,cpu         ] GC(140) User=0.25s Sys=0.00s Real=0.03s
[2026-04-03T03:26:22.288+0600][30.613s][info][gc             ] GC(141) Concurrent Mark Cycle
[2026-04-03T03:26:22.288+0600][30.613s][info][gc,marking     ] GC(141) Concurrent Scan Root Regions
[2026-04-03T03:26:22.301+0600][30.627s][info][gc,marking     ] GC(141) Concurrent Scan Root Regions 13.041ms
[2026-04-03T03:26:22.301+0600][30.627s][info][gc,marking     ] GC(141) Concurrent Mark
[2026-04-03T03:26:22.301+0600][30.627s][info][gc,marking     ] GC(141) Concurrent Mark From Roots
[2026-04-03T03:26:22.301+0600][30.627s][info][gc,task        ] GC(141) Using 3 workers of 3 for marking
[2026-04-03T03:26:22.642+0600][30.968s][info][gc,marking     ] GC(141) Concurrent Mark From Roots 341.142ms
[2026-04-03T03:26:22.642+0600][30.968s][info][gc,marking     ] GC(141) Concurrent Preclean
[2026-04-03T03:26:22.643+0600][30.968s][info][gc,marking     ] GC(141) Concurrent Preclean 0.267ms
[2026-04-03T03:26:22.643+0600][30.968s][info][gc,start       ] GC(141) Pause Remark
[2026-04-03T03:26:22.648+0600][30.974s][info][gc             ] GC(141) Pause Remark 592M->577M(850M) 5.013ms
[2026-04-03T03:26:22.648+0600][30.974s][info][gc,cpu         ] GC(141) User=0.03s Sys=0.00s Real=0.00s
[2026-04-03T03:26:22.648+0600][30.974s][info][gc,marking     ] GC(141) Concurrent Mark 347.307ms
[2026-04-03T03:26:22.648+0600][30.974s][info][gc,marking     ] GC(141) Concurrent Rebuild Remembered Sets and Scrub Regions
[2026-04-03T03:26:23.014+0600][31.339s][info][gc,marking     ] GC(141) Concurrent Rebuild Remembered Sets and Scrub Regions 365.035ms
[2026-04-03T03:26:23.014+0600][31.339s][info][gc,start       ] GC(141) Pause Cleanup
[2026-04-03T03:26:23.015+0600][31.340s][info][gc             ] GC(141) Pause Cleanup 593M->593M(850M) 0.687ms
[2026-04-03T03:26:23.015+0600][31.340s][info][gc,cpu         ] GC(141) User=0.00s Sys=0.00s Real=0.00s
[2026-04-03T03:26:23.015+0600][31.340s][info][gc,marking     ] GC(141) Concurrent Clear Claimed Marks
[2026-04-03T03:26:23.015+0600][31.341s][info][gc,marking     ] GC(141) Concurrent Clear Claimed Marks 0.295ms
[2026-04-03T03:26:23.015+0600][31.341s][info][gc,marking     ] GC(141) Concurrent Cleanup for Next Mark
[2026-04-03T03:26:23.017+0600][31.342s][info][gc,marking     ] GC(141) Concurrent Cleanup for Next Mark 1.704ms
[2026-04-03T03:26:23.017+0600][31.342s][info][gc             ] GC(141) Concurrent Mark Cycle 729.170ms
[2026-04-03T03:26:23.912+0600][32.237s][info][gc,start       ] GC(142) Pause Young (Prepare Mixed) (G1 Evacuation Pause)
[2026-04-03T03:26:23.912+0600][32.238s][info][gc,task        ] GC(142) Using 10 workers of 10 for evacuation
[2026-04-03T03:26:24.023+0600][32.349s][info][gc,phases      ] GC(142)   Pre Evacuate Collection Set: 0.29ms
[2026-04-03T03:26:24.023+0600][32.349s][info][gc,phases      ] GC(142)   Merge Heap Roots: 3.16ms
[2026-04-03T03:26:24.023+0600][32.349s][info][gc,phases      ] GC(142)   Evacuate Collection Set: 106.28ms
[2026-04-03T03:26:24.023+0600][32.349s][info][gc,phases      ] GC(142)   Post Evacuate Collection Set: 1.11ms
[2026-04-03T03:26:24.023+0600][32.349s][info][gc,phases      ] GC(142)   Other: 0.19ms
[2026-04-03T03:26:24.023+0600][32.349s][info][gc,heap        ] GC(142) Eden regions: 359->0(301)
[2026-04-03T03:26:24.023+0600][32.349s][info][gc,heap        ] GC(142) Survivor regions: 29->49(49)
[2026-04-03T03:26:24.023+0600][32.349s][info][gc,heap        ] GC(142) Old regions: 308->332
[2026-04-03T03:26:24.023+0600][32.349s][info][gc,heap        ] GC(142) Humongous regions: 127->116
[2026-04-03T03:26:24.023+0600][32.349s][info][gc,metaspace   ] GC(142) Metaspace: 70023K(70976K)->70023K(70976K) NonClass: 61089K(61632K)->61089K(61632K) Class: 8933K(9344K)->8933K(9344K)
[2026-04-03T03:26:24.023+0600][32.349s][info][gc             ] GC(142) Pause Young (Prepare Mixed) (G1 Evacuation Pause) 821M->495M(896M) 111.327ms
[2026-04-03T03:26:24.023+0600][32.349s][info][gc,cpu         ] GC(142) User=1.06s Sys=0.04s Real=0.11s
[2026-04-03T03:26:24.532+0600][32.857s][info][gc,start       ] GC(143) Pause Young (Mixed) (G1 Evacuation Pause)
[2026-04-03T03:26:24.532+0600][32.857s][info][gc,task        ] GC(143) Using 10 workers of 10 for evacuation
[2026-04-03T03:26:24.642+0600][32.968s][info][gc,phases      ] GC(143)   Pre Evacuate Collection Set: 0.35ms
[2026-04-03T03:26:24.642+0600][32.968s][info][gc,phases      ] GC(143)   Merge Heap Roots: 2.05ms
[2026-04-03T03:26:24.642+0600][32.968s][info][gc,phases      ] GC(143)   Evacuate Collection Set: 106.72ms
[2026-04-03T03:26:24.642+0600][32.968s][info][gc,phases      ] GC(143)   Post Evacuate Collection Set: 0.81ms
[2026-04-03T03:26:24.642+0600][32.968s][info][gc,phases      ] GC(143)   Other: 0.18ms
[2026-04-03T03:26:24.642+0600][32.968s][info][gc,heap        ] GC(143) Eden regions: 275->0(256)
[2026-04-03T03:26:24.642+0600][32.968s][info][gc,heap        ] GC(143) Survivor regions: 49->37(41)
[2026-04-03T03:26:24.642+0600][32.968s][info][gc,heap        ] GC(143) Old regions: 332->372
[2026-04-03T03:26:24.642+0600][32.968s][info][gc,heap        ] GC(143) Humongous regions: 162->149
[2026-04-03T03:26:24.642+0600][32.968s][info][gc,metaspace   ] GC(143) Metaspace: 70490K(71488K)->70490K(71488K) NonClass: 61470K(62016K)->61470K(62016K) Class: 9020K(9472K)->9020K(9472K)
[2026-04-03T03:26:24.642+0600][32.968s][info][gc             ] GC(143) Pause Young (Mixed) (G1 Evacuation Pause) 816M->555M(911M) 110.586ms
[2026-04-03T03:26:24.642+0600][32.968s][info][gc,cpu         ] GC(143) User=1.06s Sys=0.02s Real=0.11s
[2026-04-03T03:26:24.645+0600][32.971s][info][gc,start       ] GC(144) Pause Young (Concurrent Start) (G1 Humongous Allocation)
[2026-04-03T03:26:24.645+0600][32.971s][info][gc,task        ] GC(144) Using 10 workers of 10 for evacuation
[2026-04-03T03:26:24.675+0600][33.000s][info][gc,phases      ] GC(144)   Pre Evacuate Collection Set: 0.44ms
[2026-04-03T03:26:24.675+0600][33.001s][info][gc,phases      ] GC(144)   Merge Heap Roots: 0.31ms
[2026-04-03T03:26:24.675+0600][33.001s][info][gc,phases      ] GC(144)   Evacuate Collection Set: 27.74ms
[2026-04-03T03:26:24.675+0600][33.001s][info][gc,phases      ] GC(144)   Post Evacuate Collection Set: 0.69ms
[2026-04-03T03:26:24.675+0600][33.001s][info][gc,phases      ] GC(144)   Other: 0.27ms
[2026-04-03T03:26:24.675+0600][33.001s][info][gc,heap        ] GC(144) Eden regions: 5->0(272)
[2026-04-03T03:26:24.675+0600][33.001s][info][gc,heap        ] GC(144) Survivor regions: 37->4(37)
[2026-04-03T03:26:24.675+0600][33.001s][info][gc,heap        ] GC(144) Old regions: 372->408
[2026-04-03T03:26:24.675+0600][33.001s][info][gc,heap        ] GC(144) Humongous regions: 149->149
[2026-04-03T03:26:24.675+0600][33.001s][info][gc,metaspace   ] GC(144) Metaspace: 70494K(71488K)->70494K(71488K) NonClass: 61474K(62016K)->61474K(62016K) Class: 9020K(9472K)->9020K(9472K)
[2026-04-03T03:26:24.675+0600][33.001s][info][gc             ] GC(144) Pause Young (Concurrent Start) (G1 Humongous Allocation) 560M->558M(911M) 29.867ms
[2026-04-03T03:26:24.675+0600][33.001s][info][gc,cpu         ] GC(144) User=0.28s Sys=0.01s Real=0.03s
[2026-04-03T03:26:24.675+0600][33.001s][info][gc             ] GC(145) Concurrent Mark Cycle
[2026-04-03T03:26:24.675+0600][33.001s][info][gc,marking     ] GC(145) Concurrent Scan Root Regions
[2026-04-03T03:26:24.685+0600][33.011s][info][gc,marking     ] GC(145) Concurrent Scan Root Regions 9.940ms
[2026-04-03T03:26:24.685+0600][33.011s][info][gc,marking     ] GC(145) Concurrent Mark
[2026-04-03T03:26:24.685+0600][33.011s][info][gc,marking     ] GC(145) Concurrent Mark From Roots
[2026-04-03T03:26:24.685+0600][33.011s][info][gc,task        ] GC(145) Using 3 workers of 3 for marking
[2026-04-03T03:26:24.825+0600][33.151s][info][gc,marking     ] GC(145) Concurrent Mark From Roots 139.907ms
[2026-04-03T03:26:24.825+0600][33.151s][info][gc,marking     ] GC(145) Concurrent Preclean
[2026-04-03T03:26:24.826+0600][33.151s][info][gc,marking     ] GC(145) Concurrent Preclean 0.250ms
[2026-04-03T03:26:24.826+0600][33.152s][info][gc,start       ] GC(145) Pause Remark
[2026-04-03T03:26:24.832+0600][33.157s][info][gc             ] GC(145) Pause Remark 617M->325M(911M) 5.697ms
[2026-04-03T03:26:24.832+0600][33.157s][info][gc,cpu         ] GC(145) User=0.03s Sys=0.00s Real=0.01s
[2026-04-03T03:26:24.832+0600][33.158s][info][gc,marking     ] GC(145) Concurrent Mark 146.609ms
[2026-04-03T03:26:24.832+0600][33.158s][info][gc,marking     ] GC(145) Concurrent Rebuild Remembered Sets and Scrub Regions
[2026-04-03T03:26:24.913+0600][33.239s][info][gc,marking     ] GC(145) Concurrent Rebuild Remembered Sets and Scrub Regions 80.963ms
[2026-04-03T03:26:24.913+0600][33.239s][info][gc,start       ] GC(145) Pause Cleanup
[2026-04-03T03:26:24.914+0600][33.240s][info][gc             ] GC(145) Pause Cleanup 364M->364M(911M) 0.656ms
[2026-04-03T03:26:24.914+0600][33.240s][info][gc,cpu         ] GC(145) User=0.00s Sys=0.00s Real=0.00s
[2026-04-03T03:26:24.914+0600][33.240s][info][gc,marking     ] GC(145) Concurrent Clear Claimed Marks
[2026-04-03T03:26:24.915+0600][33.240s][info][gc,marking     ] GC(145) Concurrent Clear Claimed Marks 0.295ms
[2026-04-03T03:26:24.915+0600][33.240s][info][gc,marking     ] GC(145) Concurrent Cleanup for Next Mark
[2026-04-03T03:26:24.917+0600][33.242s][info][gc,marking     ] GC(145) Concurrent Cleanup for Next Mark 2.147ms
[2026-04-03T03:26:24.917+0600][33.243s][info][gc             ] GC(145) Concurrent Mark Cycle 241.643ms
[2026-04-03T03:26:25.732+0600][34.058s][info][gc,start       ] GC(146) Pause Young (Prepare Mixed) (G1 Evacuation Pause)
[2026-04-03T03:26:25.732+0600][34.058s][info][gc,task        ] GC(146) Using 10 workers of 10 for evacuation
[2026-04-03T03:26:25.776+0600][34.101s][info][gc,phases      ] GC(146)   Pre Evacuate Collection Set: 0.45ms
[2026-04-03T03:26:25.776+0600][34.101s][info][gc,phases      ] GC(146)   Merge Heap Roots: 1.24ms
[2026-04-03T03:26:25.776+0600][34.101s][info][gc,phases      ] GC(146)   Evacuate Collection Set: 40.36ms
[2026-04-03T03:26:25.776+0600][34.101s][info][gc,phases      ] GC(146)   Post Evacuate Collection Set: 1.02ms
[2026-04-03T03:26:25.776+0600][34.101s][info][gc,phases      ] GC(146)   Other: 0.13ms
[2026-04-03T03:26:25.776+0600][34.101s][info][gc,heap        ] GC(146) Eden regions: 272->0(459)
[2026-04-03T03:26:25.776+0600][34.101s][info][gc,heap        ] GC(146) Survivor regions: 4->35(35)
[2026-04-03T03:26:25.776+0600][34.101s][info][gc,heap        ] GC(146) Old regions: 249->249
[2026-04-03T03:26:25.776+0600][34.101s][info][gc,heap        ] GC(146) Humongous regions: 62->49
[2026-04-03T03:26:25.776+0600][34.101s][info][gc,metaspace   ] GC(146) Metaspace: 70695K(71680K)->70695K(71680K) NonClass: 61652K(62208K)->61652K(62208K) Class: 9042K(9472K)->9042K(9472K)
[2026-04-03T03:26:25.776+0600][34.101s][info][gc             ] GC(146) Pause Young (Prepare Mixed) (G1 Evacuation Pause) 584M->331M(911M) 43.599ms
[2026-04-03T03:26:25.776+0600][34.101s][info][gc,cpu         ] GC(146) User=0.42s Sys=0.00s Real=0.04s
[2026-04-03T03:26:26.479+0600][34.805s][info][gc,start       ] GC(147) Pause Young (Mixed) (G1 Evacuation Pause)
[2026-04-03T03:26:26.479+0600][34.805s][info][gc,task        ] GC(147) Using 10 workers of 10 for evacuation
[2026-04-03T03:26:26.557+0600][34.882s][info][gc,phases      ] GC(147)   Pre Evacuate Collection Set: 0.40ms
[2026-04-03T03:26:26.557+0600][34.882s][info][gc,phases      ] GC(147)   Merge Heap Roots: 0.46ms
[2026-04-03T03:26:26.557+0600][34.882s][info][gc,phases      ] GC(147)   Evacuate Collection Set: 75.45ms
[2026-04-03T03:26:26.557+0600][34.882s][info][gc,phases      ] GC(147)   Post Evacuate Collection Set: 0.95ms
[2026-04-03T03:26:26.557+0600][34.882s][info][gc,phases      ] GC(147)   Other: 0.22ms
[2026-04-03T03:26:26.557+0600][34.882s][info][gc,heap        ] GC(147) Eden regions: 459->0(395)
[2026-04-03T03:26:26.557+0600][34.882s][info][gc,heap        ] GC(147) Survivor regions: 35->62(62)
[2026-04-03T03:26:26.557+0600][34.882s][info][gc,heap        ] GC(147) Old regions: 249->257
[2026-04-03T03:26:26.557+0600][34.882s][info][gc,heap        ] GC(147) Humongous regions: 74->67
[2026-04-03T03:26:26.557+0600][34.882s][info][gc,metaspace   ] GC(147) Metaspace: 70764K(71744K)->70764K(71744K) NonClass: 61712K(62272K)->61712K(62272K) Class: 9051K(9472K)->9051K(9472K)
[2026-04-03T03:26:26.557+0600][34.882s][info][gc             ] GC(147) Pause Young (Mixed) (G1 Evacuation Pause) 815M->383M(915M) 77.910ms
[2026-04-03T03:26:26.557+0600][34.883s][info][gc,cpu         ] GC(147) User=0.77s Sys=0.01s Real=0.08s
[2026-04-03T03:26:26.602+0600][34.927s][info][gc,start       ] GC(148) Pause Young (Concurrent Start) (G1 Humongous Allocation)
[2026-04-03T03:26:26.602+0600][34.927s][info][gc,task        ] GC(148) Using 10 workers of 10 for evacuation
[2026-04-03T03:26:26.638+0600][34.964s][info][gc,phases      ] GC(148)   Pre Evacuate Collection Set: 0.48ms
[2026-04-03T03:26:26.638+0600][34.964s][info][gc,phases      ] GC(148)   Merge Heap Roots: 0.19ms
[2026-04-03T03:26:26.638+0600][34.964s][info][gc,phases      ] GC(148)   Evacuate Collection Set: 34.95ms
[2026-04-03T03:26:26.638+0600][34.964s][info][gc,phases      ] GC(148)   Post Evacuate Collection Set: 0.68ms
[2026-04-03T03:26:26.638+0600][34.964s][info][gc,phases      ] GC(148)   Other: 0.23ms
[2026-04-03T03:26:26.638+0600][34.964s][info][gc,heap        ] GC(148) Eden regions: 25->0(384)
[2026-04-03T03:26:26.638+0600][34.964s][info][gc,heap        ] GC(148) Survivor regions: 62->6(58)
[2026-04-03T03:26:26.638+0600][34.964s][info][gc,heap        ] GC(148) Old regions: 257->319
[2026-04-03T03:26:26.638+0600][34.964s][info][gc,heap        ] GC(148) Humongous regions: 67->67
[2026-04-03T03:26:26.638+0600][34.964s][info][gc,metaspace   ] GC(148) Metaspace: 70764K(71744K)->70764K(71744K) NonClass: 61712K(62272K)->61712K(62272K) Class: 9051K(9472K)->9051K(9472K)
[2026-04-03T03:26:26.638+0600][34.964s][info][gc             ] GC(148) Pause Young (Concurrent Start) (G1 Humongous Allocation) 408M->389M(915M) 36.884ms
[2026-04-03T03:26:26.639+0600][34.964s][info][gc             ] GC(149) Concurrent Mark Cycle
[2026-04-03T03:26:26.639+0600][34.964s][info][gc,marking     ] GC(149) Concurrent Scan Root Regions
[2026-04-03T03:26:26.639+0600][34.964s][info][gc,cpu         ] GC(148) User=0.36s Sys=0.00s Real=0.03s
[2026-04-03T03:26:26.659+0600][34.985s][info][gc,marking     ] GC(149) Concurrent Scan Root Regions 20.708ms
[2026-04-03T03:26:26.659+0600][34.985s][info][gc,marking     ] GC(149) Concurrent Mark
[2026-04-03T03:26:26.659+0600][34.985s][info][gc,marking     ] GC(149) Concurrent Mark From Roots
[2026-04-03T03:26:26.659+0600][34.985s][info][gc,task        ] GC(149) Using 3 workers of 3 for marking
[2026-04-03T03:26:26.788+0600][35.113s][info][gc,marking     ] GC(149) Concurrent Mark From Roots 128.186ms
[2026-04-03T03:26:26.788+0600][35.113s][info][gc,marking     ] GC(149) Concurrent Preclean
[2026-04-03T03:26:26.788+0600][35.114s][info][gc,marking     ] GC(149) Concurrent Preclean 0.243ms
[2026-04-03T03:26:26.788+0600][35.114s][info][gc,start       ] GC(149) Pause Remark
[2026-04-03T03:26:26.803+0600][35.128s][info][gc             ] GC(149) Pause Remark 398M->301M(915M) 14.230ms
[2026-04-03T03:26:26.803+0600][35.128s][info][gc,cpu         ] GC(149) User=0.11s Sys=0.00s Real=0.02s
[2026-04-03T03:26:26.803+0600][35.129s][info][gc,marking     ] GC(149) Concurrent Mark 143.536ms
[2026-04-03T03:26:26.803+0600][35.129s][info][gc,marking     ] GC(149) Concurrent Rebuild Remembered Sets and Scrub Regions
[2026-04-03T03:26:26.888+0600][35.214s][info][gc,marking     ] GC(149) Concurrent Rebuild Remembered Sets and Scrub Regions 85.083ms
[2026-04-03T03:26:26.889+0600][35.214s][info][gc,start       ] GC(149) Pause Cleanup
[2026-04-03T03:26:26.889+0600][35.215s][info][gc             ] GC(149) Pause Cleanup 313M->313M(915M) 0.631ms
[2026-04-03T03:26:26.889+0600][35.215s][info][gc,cpu         ] GC(149) User=0.00s Sys=0.00s Real=0.00s
[2026-04-03T03:26:26.889+0600][35.215s][info][gc,marking     ] GC(149) Concurrent Clear Claimed Marks
[2026-04-03T03:26:26.890+0600][35.215s][info][gc,marking     ] GC(149) Concurrent Clear Claimed Marks 0.261ms
[2026-04-03T03:26:26.890+0600][35.215s][info][gc,marking     ] GC(149) Concurrent Cleanup for Next Mark
[2026-04-03T03:26:26.891+0600][35.217s][info][gc,marking     ] GC(149) Concurrent Cleanup for Next Mark 1.471ms
[2026-04-03T03:26:26.891+0600][35.217s][info][gc             ] GC(149) Concurrent Mark Cycle 252.729ms
[2026-04-03T03:26:27.737+0600][36.062s][info][gc,start       ] GC(150) Pause Young (Prepare Mixed) (G1 Evacuation Pause)
[2026-04-03T03:26:27.737+0600][36.063s][info][gc,task        ] GC(150) Using 10 workers of 10 for evacuation
[2026-04-03T03:26:27.802+0600][36.128s][info][gc,phases      ] GC(150)   Pre Evacuate Collection Set: 0.32ms
[2026-04-03T03:26:27.802+0600][36.128s][info][gc,phases      ] GC(150)   Merge Heap Roots: 0.73ms
[2026-04-03T03:26:27.802+0600][36.128s][info][gc,phases      ] GC(150)   Evacuate Collection Set: 63.35ms
[2026-04-03T03:26:27.802+0600][36.128s][info][gc,phases      ] GC(150)   Post Evacuate Collection Set: 0.85ms
[2026-04-03T03:26:27.802+0600][36.128s][info][gc,phases      ] GC(150)   Other: 0.12ms
[2026-04-03T03:26:27.802+0600][36.128s][info][gc,heap        ] GC(150) Eden regions: 367->0(392)
[2026-04-03T03:26:27.803+0600][36.128s][info][gc,heap        ] GC(150) Survivor regions: 6->49(49)
[2026-04-03T03:26:27.803+0600][36.128s][info][gc,heap        ] GC(150) Old regions: 269->282
[2026-04-03T03:26:27.803+0600][36.128s][info][gc,heap        ] GC(150) Humongous regions: 276->104
[2026-04-03T03:26:27.803+0600][36.128s][info][gc,metaspace   ] GC(150) Metaspace: 72438K(73344K)->72438K(73344K) NonClass: 63164K(63680K)->63164K(63680K) Class: 9274K(9664K)->9274K(9664K)
[2026-04-03T03:26:27.803+0600][36.128s][info][gc             ] GC(150) Pause Young (Prepare Mixed) (G1 Evacuation Pause) 915M->433M(980M) 65.661ms
[2026-04-03T03:26:27.803+0600][36.128s][info][gc,cpu         ] GC(150) User=0.54s Sys=0.09s Real=0.07s
[2026-04-03T03:26:28.092+0600][36.417s][info][gc,start       ] GC(151) Pause Young (Mixed) (G1 Evacuation Pause)
[2026-04-03T03:26:28.092+0600][36.417s][info][gc,task        ] GC(151) Using 10 workers of 10 for evacuation
[2026-04-03T03:26:28.204+0600][36.529s][info][gc,phases      ] GC(151)   Pre Evacuate Collection Set: 0.48ms
[2026-04-03T03:26:28.204+0600][36.529s][info][gc,phases      ] GC(151)   Merge Heap Roots: 0.39ms
[2026-04-03T03:26:28.204+0600][36.529s][info][gc,phases      ] GC(151)   Evacuate Collection Set: 109.79ms
[2026-04-03T03:26:28.204+0600][36.529s][info][gc,phases      ] GC(151)   Post Evacuate Collection Set: 1.13ms
[2026-04-03T03:26:28.204+0600][36.529s][info][gc,phases      ] GC(151)   Other: 0.13ms
[2026-04-03T03:26:28.204+0600][36.529s][info][gc,heap        ] GC(151) Eden regions: 392->0(367)
[2026-04-03T03:26:28.204+0600][36.529s][info][gc,heap        ] GC(151) Survivor regions: 49->44(56)
[2026-04-03T03:26:28.204+0600][36.529s][info][gc,heap        ] GC(151) Old regions: 282->313
[2026-04-03T03:26:28.204+0600][36.529s][info][gc,heap        ] GC(151) Humongous regions: 107->107
[2026-04-03T03:26:28.204+0600][36.530s][info][gc,metaspace   ] GC(151) Metaspace: 72559K(73472K)->72559K(73472K) NonClass: 63267K(63808K)->63267K(63808K) Class: 9291K(9664K)->9291K(9664K)
[2026-04-03T03:26:28.204+0600][36.530s][info][gc             ] GC(151) Pause Young (Mixed) (G1 Evacuation Pause) 828M->461M(980M) 112.240ms
[2026-04-03T03:26:28.204+0600][36.530s][info][gc,cpu         ] GC(151) User=0.58s Sys=0.01s Real=0.11s
[2026-04-03T03:26:28.283+0600][36.609s][info][gc,start       ] GC(152) Pause Full (System.gc())
[2026-04-03T03:26:28.284+0600][36.609s][info][gc,task        ] GC(152) Using 10 workers of 10 for full compaction
[2026-04-03T03:26:28.284+0600][36.609s][info][gc,phases,start] GC(152) Phase 1: Mark live objects
[2026-04-03T03:26:28.326+0600][36.652s][info][gc,phases      ] GC(152) Phase 1: Mark live objects 42.246ms
[2026-04-03T03:26:28.326+0600][36.652s][info][gc,phases,start] GC(152) Phase 2: Prepare compaction
[2026-04-03T03:26:28.330+0600][36.655s][info][gc,phases      ] GC(152) Phase 2: Prepare compaction 3.411ms
[2026-04-03T03:26:28.330+0600][36.655s][info][gc,phases,start] GC(152) Phase 3: Adjust pointers
[2026-04-03T03:26:28.345+0600][36.670s][info][gc,phases      ] GC(152) Phase 3: Adjust pointers 15.215ms
[2026-04-03T03:26:28.345+0600][36.670s][info][gc,phases,start] GC(152) Phase 4: Compact heap
[2026-04-03T03:26:28.350+0600][36.675s][info][gc,phases      ] GC(152) Phase 4: Compact heap 4.883ms
[2026-04-03T03:26:28.350+0600][36.675s][info][gc,phases,start] GC(152) Phase 5: Reset Metadata
[2026-04-03T03:26:28.358+0600][36.683s][info][gc,phases      ] GC(152) Phase 5: Reset Metadata 7.790ms
[2026-04-03T03:26:28.366+0600][36.692s][info][gc,heap        ] GC(152) Eden regions: 144->0(241)
[2026-04-03T03:26:28.366+0600][36.692s][info][gc,heap        ] GC(152) Survivor regions: 44->0(56)
[2026-04-03T03:26:28.366+0600][36.692s][info][gc,heap        ] GC(152) Old regions: 313->145
[2026-04-03T03:26:28.366+0600][36.692s][info][gc,heap        ] GC(152) Humongous regions: 107->11
[2026-04-03T03:26:28.366+0600][36.692s][info][gc,metaspace   ] GC(152) Metaspace: 72562K(73472K)->72562K(73472K) NonClass: 63269K(63808K)->63269K(63808K) Class: 9292K(9664K)->9292K(9664K)
[2026-04-03T03:26:28.366+0600][36.692s][info][gc             ] GC(152) Pause Full (System.gc()) 605M->150M(520M) 82.917ms
[2026-04-03T03:26:28.366+0600][36.692s][info][gc,cpu         ] GC(152) User=0.66s Sys=0.02s Real=0.08s
[2026-04-03T03:26:28.440+0600][36.766s][info][gc,start       ] GC(153) Pause Young (Concurrent Start) (G1 Humongous Allocation)
[2026-04-03T03:26:28.440+0600][36.766s][info][gc,task        ] GC(153) Using 10 workers of 10 for evacuation
[2026-04-03T03:26:28.442+0600][36.768s][info][gc,phases      ] GC(153)   Pre Evacuate Collection Set: 0.38ms
[2026-04-03T03:26:28.442+0600][36.768s][info][gc,phases      ] GC(153)   Merge Heap Roots: 0.09ms
[2026-04-03T03:26:28.442+0600][36.768s][info][gc,phases      ] GC(153)   Evacuate Collection Set: 0.70ms
[2026-04-03T03:26:28.442+0600][36.768s][info][gc,phases      ] GC(153)   Post Evacuate Collection Set: 0.78ms
[2026-04-03T03:26:28.442+0600][36.768s][info][gc,phases      ] GC(153)   Other: 0.07ms
[2026-04-03T03:26:28.442+0600][36.768s][info][gc,heap        ] GC(153) Eden regions: 21->0(417)
[2026-04-03T03:26:28.442+0600][36.768s][info][gc,heap        ] GC(153) Survivor regions: 0->5(31)
[2026-04-03T03:26:28.442+0600][36.768s][info][gc,heap        ] GC(153) Old regions: 145->145
[2026-04-03T03:26:28.442+0600][36.768s][info][gc,heap        ] GC(153) Humongous regions: 11->11
[2026-04-03T03:26:28.442+0600][36.768s][info][gc,metaspace   ] GC(153) Metaspace: 72704K(73664K)->72704K(73664K) NonClass: 63392K(63936K)->63392K(63936K) Class: 9312K(9728K)->9312K(9728K)
[2026-04-03T03:26:28.443+0600][36.768s][info][gc             ] GC(153) Pause Young (Concurrent Start) (G1 Humongous Allocation) 170M->155M(709M) 2.234ms
[2026-04-03T03:26:28.443+0600][36.768s][info][gc,cpu         ] GC(153) User=0.01s Sys=0.00s Real=0.00s
[2026-04-03T03:26:28.443+0600][36.768s][info][gc             ] GC(154) Concurrent Mark Cycle
[2026-04-03T03:26:28.443+0600][36.768s][info][gc,marking     ] GC(154) Concurrent Scan Root Regions
[2026-04-03T03:26:28.443+0600][36.769s][info][gc,marking     ] GC(154) Concurrent Scan Root Regions 0.675ms
[2026-04-03T03:26:28.443+0600][36.769s][info][gc,marking     ] GC(154) Concurrent Mark
[2026-04-03T03:26:28.443+0600][36.769s][info][gc,marking     ] GC(154) Concurrent Mark From Roots
[2026-04-03T03:26:28.443+0600][36.769s][info][gc,task        ] GC(154) Using 3 workers of 3 for marking
[2026-04-03T03:26:28.591+0600][36.916s][info][gc,marking     ] GC(154) Concurrent Mark From Roots 147.363ms
[2026-04-03T03:26:28.591+0600][36.916s][info][gc,marking     ] GC(154) Concurrent Preclean
[2026-04-03T03:26:28.591+0600][36.917s][info][gc,marking     ] GC(154) Concurrent Preclean 0.209ms
[2026-04-03T03:26:28.591+0600][36.917s][info][gc,start       ] GC(154) Pause Remark
[2026-04-03T03:26:28.597+0600][36.923s][info][gc             ] GC(154) Pause Remark 217M->217M(570M) 5.923ms
[2026-04-03T03:26:28.597+0600][36.923s][info][gc,cpu         ] GC(154) User=0.05s Sys=0.00s Real=0.00s
[2026-04-03T03:26:28.598+0600][36.923s][info][gc,marking     ] GC(154) Concurrent Mark 154.178ms
[2026-04-03T03:26:28.598+0600][36.923s][info][gc,marking     ] GC(154) Concurrent Rebuild Remembered Sets and Scrub Regions
[2026-04-03T03:26:28.651+0600][36.976s][info][gc,marking     ] GC(154) Concurrent Rebuild Remembered Sets and Scrub Regions 52.873ms
[2026-04-03T03:26:28.651+0600][36.977s][info][gc,start       ] GC(154) Pause Cleanup
[2026-04-03T03:26:28.652+0600][36.977s][info][gc             ] GC(154) Pause Cleanup 252M->252M(570M) 0.490ms
[2026-04-03T03:26:28.652+0600][36.977s][info][gc,cpu         ] GC(154) User=0.00s Sys=0.00s Real=0.00s
[2026-04-03T03:26:28.652+0600][36.978s][info][gc,marking     ] GC(154) Concurrent Clear Claimed Marks
[2026-04-03T03:26:28.652+0600][36.978s][info][gc,marking     ] GC(154) Concurrent Clear Claimed Marks 0.241ms
[2026-04-03T03:26:28.652+0600][36.978s][info][gc,marking     ] GC(154) Concurrent Cleanup for Next Mark
[2026-04-03T03:26:28.653+0600][36.979s][info][gc,marking     ] GC(154) Concurrent Cleanup for Next Mark 1.123ms
[2026-04-03T03:26:28.654+0600][36.979s][info][gc             ] GC(154) Concurrent Mark Cycle 210.924ms
[2026-04-03T03:26:28.883+0600][37.209s][info][gc,start       ] GC(155) Pause Young (Prepare Mixed) (G1 Evacuation Pause)
[2026-04-03T03:26:28.884+0600][37.209s][info][gc,task        ] GC(155) Using 10 workers of 10 for evacuation
[2026-04-03T03:26:28.949+0600][37.274s][info][gc,phases      ] GC(155)   Pre Evacuate Collection Set: 0.44ms
[2026-04-03T03:26:28.949+0600][37.274s][info][gc,phases      ] GC(155)   Merge Heap Roots: 0.89ms
[2026-04-03T03:26:28.949+0600][37.274s][info][gc,phases      ] GC(155)   Evacuate Collection Set: 62.96ms
[2026-04-03T03:26:28.949+0600][37.274s][info][gc,phases      ] GC(155)   Post Evacuate Collection Set: 0.71ms
[2026-04-03T03:26:28.949+0600][37.274s][info][gc,phases      ] GC(155)   Other: 0.13ms
[2026-04-03T03:26:28.949+0600][37.274s][info][gc,heap        ] GC(155) Eden regions: 337->0(230)
[2026-04-03T03:26:28.949+0600][37.274s][info][gc,heap        ] GC(155) Survivor regions: 5->43(43)
[2026-04-03T03:26:28.949+0600][37.274s][info][gc,heap        ] GC(155) Old regions: 145->189
[2026-04-03T03:26:28.949+0600][37.274s][info][gc,heap        ] GC(155) Humongous regions: 58->53
[2026-04-03T03:26:28.949+0600][37.274s][info][gc,metaspace   ] GC(155) Metaspace: 72724K(73664K)->72724K(73664K) NonClass: 63411K(63936K)->63411K(63936K) Class: 9313K(9728K)->9313K(9728K)
[2026-04-03T03:26:28.949+0600][37.274s][info][gc             ] GC(155) Pause Young (Prepare Mixed) (G1 Evacuation Pause) 539M->279M(632M) 65.482ms
[2026-04-03T03:26:28.949+0600][37.275s][info][gc,cpu         ] GC(155) User=0.55s Sys=0.08s Real=0.06s
[2026-04-03T03:26:29.165+0600][37.491s][info][gc,start       ] GC(156) Pause Young (Mixed) (G1 Evacuation Pause)
[2026-04-03T03:26:29.165+0600][37.491s][info][gc,task        ] GC(156) Using 10 workers of 10 for evacuation
[2026-04-03T03:26:29.221+0600][37.547s][info][gc,phases      ] GC(156)   Pre Evacuate Collection Set: 0.55ms
[2026-04-03T03:26:29.221+0600][37.547s][info][gc,phases      ] GC(156)   Merge Heap Roots: 0.80ms
[2026-04-03T03:26:29.221+0600][37.547s][info][gc,phases      ] GC(156)   Evacuate Collection Set: 53.57ms
[2026-04-03T03:26:29.221+0600][37.547s][info][gc,phases      ] GC(156)   Post Evacuate Collection Set: 0.65ms
[2026-04-03T03:26:29.221+0600][37.547s][info][gc,phases      ] GC(156)   Other: 0.19ms
[2026-04-03T03:26:29.221+0600][37.547s][info][gc,heap        ] GC(156) Eden regions: 230->0(216)
[2026-04-03T03:26:29.221+0600][37.547s][info][gc,heap        ] GC(156) Survivor regions: 43->27(35)
[2026-04-03T03:26:29.221+0600][37.547s][info][gc,heap        ] GC(156) Old regions: 189->233
[2026-04-03T03:26:29.221+0600][37.547s][info][gc,heap        ] GC(156) Humongous regions: 62->62
[2026-04-03T03:26:29.221+0600][37.547s][info][gc,metaspace   ] GC(156) Metaspace: 72724K(73664K)->72724K(73664K) NonClass: 63411K(63936K)->63411K(63936K) Class: 9313K(9728K)->9313K(9728K)
[2026-04-03T03:26:29.221+0600][37.547s][info][gc             ] GC(156) Pause Young (Mixed) (G1 Evacuation Pause) 518M->317M(632M) 56.088ms
[2026-04-03T03:26:29.221+0600][37.547s][info][gc,cpu         ] GC(156) User=0.60s Sys=0.00s Real=0.06s
[2026-04-03T03:26:29.259+0600][37.585s][info][gc,start       ] GC(157) Pause Young (Concurrent Start) (G1 Humongous Allocation)
[2026-04-03T03:26:29.259+0600][37.585s][info][gc,task        ] GC(157) Using 10 workers of 10 for evacuation
[2026-04-03T03:26:29.282+0600][37.607s][info][gc,phases      ] GC(157)   Pre Evacuate Collection Set: 0.44ms
[2026-04-03T03:26:29.282+0600][37.608s][info][gc,phases      ] GC(157)   Merge Heap Roots: 0.27ms
[2026-04-03T03:26:29.282+0600][37.608s][info][gc,phases      ] GC(157)   Evacuate Collection Set: 21.10ms
[2026-04-03T03:26:29.282+0600][37.608s][info][gc,phases      ] GC(157)   Post Evacuate Collection Set: 0.60ms
[2026-04-03T03:26:29.282+0600][37.608s][info][gc,phases      ] GC(157)   Other: 0.16ms
[2026-04-03T03:26:29.282+0600][37.608s][info][gc,heap        ] GC(157) Eden regions: 38->0(221)
[2026-04-03T03:26:29.282+0600][37.608s][info][gc,heap        ] GC(157) Survivor regions: 27->6(31)
[2026-04-03T03:26:29.282+0600][37.608s][info][gc,heap        ] GC(157) Old regions: 233->256
[2026-04-03T03:26:29.282+0600][37.608s][info][gc,heap        ] GC(157) Humongous regions: 62->62
[2026-04-03T03:26:29.282+0600][37.608s][info][gc,metaspace   ] GC(157) Metaspace: 72724K(73664K)->72724K(73664K) NonClass: 63411K(63936K)->63411K(63936K) Class: 9313K(9728K)->9313K(9728K)
[2026-04-03T03:26:29.282+0600][37.608s][info][gc             ] GC(157) Pause Young (Concurrent Start) (G1 Humongous Allocation) 355M->319M(632M) 22.873ms
[2026-04-03T03:26:29.282+0600][37.608s][info][gc             ] GC(158) Concurrent Mark Cycle
[2026-04-03T03:26:29.282+0600][37.608s][info][gc,marking     ] GC(158) Concurrent Scan Root Regions
[2026-04-03T03:26:29.282+0600][37.608s][info][gc,cpu         ] GC(157) User=0.24s Sys=0.00s Real=0.03s
[2026-04-03T03:26:29.294+0600][37.620s][info][gc,marking     ] GC(158) Concurrent Scan Root Regions 11.803ms
[2026-04-03T03:26:29.294+0600][37.620s][info][gc,marking     ] GC(158) Concurrent Mark
[2026-04-03T03:26:29.294+0600][37.620s][info][gc,marking     ] GC(158) Concurrent Mark From Roots
[2026-04-03T03:26:29.294+0600][37.620s][info][gc,task        ] GC(158) Using 3 workers of 3 for marking
[2026-04-03T03:26:29.578+0600][37.904s][info][gc,marking     ] GC(158) Concurrent Mark From Roots 283.997ms
[2026-04-03T03:26:29.578+0600][37.904s][info][gc,marking     ] GC(158) Concurrent Preclean
[2026-04-03T03:26:29.578+0600][37.904s][info][gc,marking     ] GC(158) Concurrent Preclean 0.190ms
[2026-04-03T03:26:29.579+0600][37.904s][info][gc,start       ] GC(158) Pause Remark
[2026-04-03T03:26:29.594+0600][37.919s][info][gc             ] GC(158) Pause Remark 521M->494M(632M) 14.719ms
[2026-04-03T03:26:29.594+0600][37.919s][info][gc,cpu         ] GC(158) User=0.12s Sys=0.00s Real=0.02s
[2026-04-03T03:26:29.594+0600][37.919s][info][gc,marking     ] GC(158) Concurrent Mark 299.796ms
[2026-04-03T03:26:29.594+0600][37.920s][info][gc,marking     ] GC(158) Concurrent Rebuild Remembered Sets and Scrub Regions
[2026-04-03T03:26:29.641+0600][37.966s][info][gc,start       ] GC(159) Pause Young (Normal) (G1 Evacuation Pause)
[2026-04-03T03:26:29.641+0600][37.966s][info][gc,task        ] GC(159) Using 10 workers of 10 for evacuation
[2026-04-03T03:26:29.669+0600][37.994s][info][gc,phases      ] GC(159)   Pre Evacuate Collection Set: 0.57ms
[2026-04-03T03:26:29.669+0600][37.994s][info][gc,phases      ] GC(159)   Merge Heap Roots: 0.99ms
[2026-04-03T03:26:29.669+0600][37.994s][info][gc,phases      ] GC(159)   Evacuate Collection Set: 24.95ms
[2026-04-03T03:26:29.669+0600][37.994s][info][gc,phases      ] GC(159)   Post Evacuate Collection Set: 0.98ms
[2026-04-03T03:26:29.669+0600][37.994s][info][gc,phases      ] GC(159)   Other: 0.14ms
[2026-04-03T03:26:29.669+0600][37.994s][info][gc,heap        ] GC(159) Eden regions: 221->0(225)
[2026-04-03T03:26:29.669+0600][37.994s][info][gc,heap        ] GC(159) Survivor regions: 6->22(29)
[2026-04-03T03:26:29.669+0600][37.994s][info][gc,heap        ] GC(159) Old regions: 256->256
[2026-04-03T03:26:29.669+0600][37.994s][info][gc,heap        ] GC(159) Humongous regions: 50->50
[2026-04-03T03:26:29.669+0600][37.994s][info][gc,metaspace   ] GC(159) Metaspace: 72720K(73664K)->72720K(73664K) NonClass: 63408K(63936K)->63408K(63936K) Class: 9312K(9728K)->9312K(9728K)
[2026-04-03T03:26:29.669+0600][37.994s][info][gc             ] GC(159) Pause Young (Normal) (G1 Evacuation Pause) 528M->322M(632M) 28.119ms
[2026-04-03T03:26:29.669+0600][37.994s][info][gc,cpu         ] GC(159) User=0.26s Sys=0.00s Real=0.02s
[2026-04-03T03:26:29.818+0600][38.144s][info][gc,marking     ] GC(158) Concurrent Rebuild Remembered Sets and Scrub Regions 223.975ms
[2026-04-03T03:26:29.818+0600][38.144s][info][gc,start       ] GC(158) Pause Cleanup
[2026-04-03T03:26:29.819+0600][38.144s][info][gc             ] GC(158) Pause Cleanup 447M->447M(632M) 0.479ms
[2026-04-03T03:26:29.819+0600][38.144s][info][gc,cpu         ] GC(158) User=0.00s Sys=0.00s Real=0.00s
[2026-04-03T03:26:29.819+0600][38.144s][info][gc,marking     ] GC(158) Concurrent Clear Claimed Marks
[2026-04-03T03:26:29.819+0600][38.145s][info][gc,marking     ] GC(158) Concurrent Clear Claimed Marks 0.227ms
[2026-04-03T03:26:29.819+0600][38.145s][info][gc,marking     ] GC(158) Concurrent Cleanup for Next Mark
[2026-04-03T03:26:29.820+0600][38.146s][info][gc,marking     ] GC(158) Concurrent Cleanup for Next Mark 0.952ms
[2026-04-03T03:26:29.820+0600][38.146s][info][gc             ] GC(158) Concurrent Mark Cycle 538.059ms
[2026-04-03T03:26:29.915+0600][38.241s][info][gc,start       ] GC(160) Pause Young (Prepare Mixed) (G1 Evacuation Pause)
[2026-04-03T03:26:29.915+0600][38.241s][info][gc,task        ] GC(160) Using 10 workers of 10 for evacuation
[2026-04-03T03:26:29.949+0600][38.275s][info][gc,phases      ] GC(160)   Pre Evacuate Collection Set: 0.32ms
[2026-04-03T03:26:29.950+0600][38.275s][info][gc,phases      ] GC(160)   Merge Heap Roots: 0.80ms
[2026-04-03T03:26:29.950+0600][38.275s][info][gc,phases      ] GC(160)   Evacuate Collection Set: 31.85ms
[2026-04-03T03:26:29.950+0600][38.275s][info][gc,phases      ] GC(160)   Post Evacuate Collection Set: 1.23ms
[2026-04-03T03:26:29.950+0600][38.275s][info][gc,phases      ] GC(160)   Other: 0.14ms
[2026-04-03T03:26:29.950+0600][38.275s][info][gc,heap        ] GC(160) Eden regions: 225->0(222)
[2026-04-03T03:26:29.950+0600][38.275s][info][gc,heap        ] GC(160) Survivor regions: 22->17(31)
[2026-04-03T03:26:29.950+0600][38.275s][info][gc,heap        ] GC(160) Old regions: 256->274
[2026-04-03T03:26:29.950+0600][38.275s][info][gc,heap        ] GC(160) Humongous regions: 50->50
[2026-04-03T03:26:29.950+0600][38.275s][info][gc,metaspace   ] GC(160) Metaspace: 72720K(73664K)->72720K(73664K) NonClass: 63408K(63936K)->63408K(63936K) Class: 9312K(9728K)->9312K(9728K)
[2026-04-03T03:26:29.950+0600][38.276s][info][gc             ] GC(160) Pause Young (Prepare Mixed) (G1 Evacuation Pause) 547M->336M(632M) 34.923ms
[2026-04-03T03:26:29.950+0600][38.276s][info][gc,cpu         ] GC(160) User=0.33s Sys=0.00s Real=0.04s
[2026-04-03T03:26:30.172+0600][38.497s][info][gc,start       ] GC(161) Pause Young (Mixed) (G1 Evacuation Pause)
[2026-04-03T03:26:30.172+0600][38.498s][info][gc,task        ] GC(161) Using 10 workers of 10 for evacuation
[2026-04-03T03:26:30.204+0600][38.530s][info][gc,phases      ] GC(161)   Pre Evacuate Collection Set: 0.53ms
[2026-04-03T03:26:30.204+0600][38.530s][info][gc,phases      ] GC(161)   Merge Heap Roots: 0.32ms
[2026-04-03T03:26:30.204+0600][38.530s][info][gc,phases      ] GC(161)   Evacuate Collection Set: 30.39ms
[2026-04-03T03:26:30.204+0600][38.530s][info][gc,phases      ] GC(161)   Post Evacuate Collection Set: 0.78ms
[2026-04-03T03:26:30.204+0600][38.530s][info][gc,phases      ] GC(161)   Other: 0.16ms
[2026-04-03T03:26:30.204+0600][38.530s][info][gc,heap        ] GC(161) Eden regions: 222->0(220)
[2026-04-03T03:26:30.204+0600][38.530s][info][gc,heap        ] GC(161) Survivor regions: 17->16(30)
[2026-04-03T03:26:30.204+0600][38.530s][info][gc,heap        ] GC(161) Old regions: 274->285
[2026-04-03T03:26:30.204+0600][38.530s][info][gc,heap        ] GC(161) Humongous regions: 50->50
[2026-04-03T03:26:30.204+0600][38.530s][info][gc,metaspace   ] GC(161) Metaspace: 72720K(73664K)->72720K(73664K) NonClass: 63408K(63936K)->63408K(63936K) Class: 9312K(9728K)->9312K(9728K)
[2026-04-03T03:26:30.204+0600][38.530s][info][gc             ] GC(161) Pause Young (Mixed) (G1 Evacuation Pause) 558M->347M(632M) 32.686ms
[2026-04-03T03:26:30.204+0600][38.530s][info][gc,cpu         ] GC(161) User=0.29s Sys=0.00s Real=0.03s
[2026-04-03T03:26:30.261+0600][38.587s][info][gc,start       ] GC(162) Pause Young (Concurrent Start) (G1 Humongous Allocation)
[2026-04-03T03:26:30.261+0600][38.587s][info][gc,task        ] GC(162) Using 10 workers of 10 for evacuation
[2026-04-03T03:26:30.282+0600][38.608s][info][gc,phases      ] GC(162)   Pre Evacuate Collection Set: 0.41ms
[2026-04-03T03:26:30.282+0600][38.608s][info][gc,phases      ] GC(162)   Merge Heap Roots: 0.28ms
[2026-04-03T03:26:30.282+0600][38.608s][info][gc,phases      ] GC(162)   Evacuate Collection Set: 18.34ms
[2026-04-03T03:26:30.282+0600][38.608s][info][gc,phases      ] GC(162)   Post Evacuate Collection Set: 1.78ms
[2026-04-03T03:26:30.282+0600][38.608s][info][gc,phases      ] GC(162)   Other: 0.21ms
[2026-04-03T03:26:30.282+0600][38.608s][info][gc,heap        ] GC(162) Eden regions: 53->0(323)
[2026-04-03T03:26:30.282+0600][38.608s][info][gc,heap        ] GC(162) Survivor regions: 16->19(30)
[2026-04-03T03:26:30.282+0600][38.608s][info][gc,heap        ] GC(162) Old regions: 285->285
[2026-04-03T03:26:30.282+0600][38.608s][info][gc,heap        ] GC(162) Humongous regions: 50->50
[2026-04-03T03:26:30.282+0600][38.608s][info][gc,metaspace   ] GC(162) Metaspace: 72720K(73664K)->72720K(73664K) NonClass: 63408K(63936K)->63408K(63936K) Class: 9312K(9728K)->9312K(9728K)
[2026-04-03T03:26:30.282+0600][38.608s][info][gc             ] GC(162) Pause Young (Concurrent Start) (G1 Humongous Allocation) 400M->350M(765M) 21.364ms
[2026-04-03T03:26:30.282+0600][38.608s][info][gc,cpu         ] GC(162) User=0.19s Sys=0.00s Real=0.02s
[2026-04-03T03:26:30.282+0600][38.608s][info][gc             ] GC(163) Concurrent Mark Cycle
[2026-04-03T03:26:30.283+0600][38.608s][info][gc,marking     ] GC(163) Concurrent Scan Root Regions
[2026-04-03T03:26:30.291+0600][38.617s][info][gc,marking     ] GC(163) Concurrent Scan Root Regions 8.471ms
[2026-04-03T03:26:30.291+0600][38.617s][info][gc,marking     ] GC(163) Concurrent Mark
[2026-04-03T03:26:30.291+0600][38.617s][info][gc,marking     ] GC(163) Concurrent Mark From Roots
[2026-04-03T03:26:30.291+0600][38.617s][info][gc,task        ] GC(163) Using 3 workers of 3 for marking
[2026-04-03T03:26:30.650+0600][38.976s][info][gc,marking     ] GC(163) Concurrent Mark From Roots 359.184ms
[2026-04-03T03:26:30.650+0600][38.976s][info][gc,marking     ] GC(163) Concurrent Preclean
[2026-04-03T03:26:30.651+0600][38.976s][info][gc,marking     ] GC(163) Concurrent Preclean 0.273ms
[2026-04-03T03:26:30.651+0600][38.977s][info][gc,start       ] GC(163) Pause Remark
[2026-04-03T03:26:30.656+0600][38.981s][info][gc             ] GC(163) Pause Remark 589M->580M(765M) 4.804ms
[2026-04-03T03:26:30.656+0600][38.982s][info][gc,cpu         ] GC(163) User=0.03s Sys=0.00s Real=0.00s
[2026-04-03T03:26:30.656+0600][38.982s][info][gc,marking     ] GC(163) Concurrent Mark 365.195ms
[2026-04-03T03:26:30.656+0600][38.982s][info][gc,marking     ] GC(163) Concurrent Rebuild Remembered Sets and Scrub Regions
[2026-04-03T03:26:31.086+0600][39.412s][info][gc,marking     ] GC(163) Concurrent Rebuild Remembered Sets and Scrub Regions 429.802ms
[2026-04-03T03:26:31.087+0600][39.412s][info][gc,start       ] GC(163) Pause Cleanup
[2026-04-03T03:26:31.087+0600][39.413s][info][gc             ] GC(163) Pause Cleanup 675M->675M(765M) 0.566ms
[2026-04-03T03:26:31.087+0600][39.413s][info][gc,cpu         ] GC(163) User=0.00s Sys=0.01s Real=0.00s
[2026-04-03T03:26:31.088+0600][39.413s][info][gc,marking     ] GC(163) Concurrent Clear Claimed Marks
[2026-04-03T03:26:31.088+0600][39.413s][info][gc,marking     ] GC(163) Concurrent Clear Claimed Marks 0.241ms
[2026-04-03T03:26:31.088+0600][39.413s][info][gc,marking     ] GC(163) Concurrent Cleanup for Next Mark
[2026-04-03T03:26:31.090+0600][39.415s][info][gc,marking     ] GC(163) Concurrent Cleanup for Next Mark 1.675ms
[2026-04-03T03:26:31.090+0600][39.415s][info][gc             ] GC(163) Concurrent Mark Cycle 807.188ms
[2026-04-03T03:26:31.582+0600][39.908s][info][gc,start       ] GC(164) Pause Young (Prepare Mixed) (G1 Evacuation Pause)
[2026-04-03T03:26:31.582+0600][39.908s][info][gc,task        ] GC(164) Using 10 workers of 10 for evacuation
[2026-04-03T03:26:31.648+0600][39.974s][info][gc,phases      ] GC(164)   Pre Evacuate Collection Set: 0.49ms
[2026-04-03T03:26:31.648+0600][39.974s][info][gc,phases      ] GC(164)   Merge Heap Roots: 4.24ms
[2026-04-03T03:26:31.648+0600][39.974s][info][gc,phases      ] GC(164)   Evacuate Collection Set: 59.13ms
[2026-04-03T03:26:31.648+0600][39.974s][info][gc,phases      ] GC(164)   Post Evacuate Collection Set: 1.77ms
[2026-04-03T03:26:31.648+0600][39.974s][info][gc,phases      ] GC(164)   Other: 0.18ms
[2026-04-03T03:26:31.648+0600][39.974s][info][gc,heap        ] GC(164) Eden regions: 323->0(288)
[2026-04-03T03:26:31.648+0600][39.974s][info][gc,heap        ] GC(164) Survivor regions: 19->38(43)
[2026-04-03T03:26:31.648+0600][39.974s][info][gc,heap        ] GC(164) Old regions: 285->285
[2026-04-03T03:26:31.648+0600][39.974s][info][gc,heap        ] GC(164) Humongous regions: 83->83
[2026-04-03T03:26:31.648+0600][39.974s][info][gc,metaspace   ] GC(164) Metaspace: 72739K(73664K)->72739K(73664K) NonClass: 63427K(63936K)->63427K(63936K) Class: 9312K(9728K)->9312K(9728K)
[2026-04-03T03:26:31.648+0600][39.974s][info][gc             ] GC(164) Pause Young (Prepare Mixed) (G1 Evacuation Pause) 706M->402M(765M) 66.195ms
[2026-04-03T03:26:31.648+0600][39.974s][info][gc,cpu         ] GC(164) User=0.64s Sys=0.00s Real=0.06s
[2026-04-03T03:26:32.232+0600][40.557s][info][gc,start       ] GC(165) Pause Young (Mixed) (G1 Evacuation Pause)
[2026-04-03T03:26:32.232+0600][40.558s][info][gc,task        ] GC(165) Using 10 workers of 10 for evacuation
[2026-04-03T03:26:32.370+0600][40.696s][info][gc,phases      ] GC(165)   Pre Evacuate Collection Set: 0.63ms
[2026-04-03T03:26:32.371+0600][40.696s][info][gc,phases      ] GC(165)   Merge Heap Roots: 2.15ms
[2026-04-03T03:26:32.371+0600][40.696s][info][gc,phases      ] GC(165)   Evacuate Collection Set: 134.46ms
[2026-04-03T03:26:32.371+0600][40.696s][info][gc,phases      ] GC(165)   Post Evacuate Collection Set: 0.96ms
[2026-04-03T03:26:32.371+0600][40.696s][info][gc,phases      ] GC(165)   Other: 0.16ms
[2026-04-03T03:26:32.371+0600][40.696s][info][gc,heap        ] GC(165) Eden regions: 277->0(223)
[2026-04-03T03:26:32.371+0600][40.696s][info][gc,heap        ] GC(165) Survivor regions: 38->40(40)
[2026-04-03T03:26:32.371+0600][40.696s][info][gc,heap        ] GC(165) Old regions: 285->357
[2026-04-03T03:26:32.371+0600][40.696s][info][gc,heap        ] GC(165) Humongous regions: 155->144
[2026-04-03T03:26:32.371+0600][40.696s][info][gc,metaspace   ] GC(165) Metaspace: 72769K(73664K)->72769K(73664K) NonClass: 63457K(63936K)->63457K(63936K) Class: 9312K(9728K)->9312K(9728K)
[2026-04-03T03:26:32.371+0600][40.696s][info][gc             ] GC(165) Pause Young (Mixed) (G1 Evacuation Pause) 751M->539M(874M) 138.683ms
[2026-04-03T03:26:32.371+0600][40.696s][info][gc,cpu         ] GC(165) User=1.22s Sys=0.13s Real=0.14s
[2026-04-03T03:26:32.382+0600][40.707s][info][gc,start       ] GC(166) Pause Young (Concurrent Start) (G1 Humongous Allocation)
[2026-04-03T03:26:32.382+0600][40.708s][info][gc,task        ] GC(166) Using 10 workers of 10 for evacuation
[2026-04-03T03:26:32.440+0600][40.766s][info][gc,phases      ] GC(166)   Pre Evacuate Collection Set: 0.48ms
[2026-04-03T03:26:32.440+0600][40.766s][info][gc,phases      ] GC(166)   Merge Heap Roots: 0.60ms
[2026-04-03T03:26:32.440+0600][40.766s][info][gc,phases      ] GC(166)   Evacuate Collection Set: 56.17ms
[2026-04-03T03:26:32.440+0600][40.766s][info][gc,phases      ] GC(166)   Post Evacuate Collection Set: 0.73ms
[2026-04-03T03:26:32.440+0600][40.766s][info][gc,phases      ] GC(166)   Other: 0.12ms
[2026-04-03T03:26:32.440+0600][40.766s][info][gc,heap        ] GC(166) Eden regions: 6->0(169)
[2026-04-03T03:26:32.440+0600][40.766s][info][gc,heap        ] GC(166) Survivor regions: 40->5(33)
[2026-04-03T03:26:32.440+0600][40.766s][info][gc,heap        ] GC(166) Old regions: 357->399
[2026-04-03T03:26:32.440+0600][40.766s][info][gc,heap        ] GC(166) Humongous regions: 144->144
[2026-04-03T03:26:32.440+0600][40.766s][info][gc,metaspace   ] GC(166) Metaspace: 72769K(73664K)->72769K(73664K) NonClass: 63457K(63936K)->63457K(63936K) Class: 9312K(9728K)->9312K(9728K)
[2026-04-03T03:26:32.440+0600][40.766s][info][gc             ] GC(166) Pause Young (Concurrent Start) (G1 Humongous Allocation) 544M->546M(874M) 58.416ms
[2026-04-03T03:26:32.440+0600][40.766s][info][gc,cpu         ] GC(166) User=0.57s Sys=0.00s Real=0.06s
[2026-04-03T03:26:32.440+0600][40.766s][info][gc             ] GC(167) Concurrent Mark Cycle
[2026-04-03T03:26:32.440+0600][40.766s][info][gc,marking     ] GC(167) Concurrent Scan Root Regions
[2026-04-03T03:26:32.460+0600][40.785s][info][gc,marking     ] GC(167) Concurrent Scan Root Regions 19.404ms
[2026-04-03T03:26:32.460+0600][40.786s][info][gc,marking     ] GC(167) Concurrent Mark
[2026-04-03T03:26:32.460+0600][40.786s][info][gc,marking     ] GC(167) Concurrent Mark From Roots
[2026-04-03T03:26:32.460+0600][40.786s][info][gc,task        ] GC(167) Using 3 workers of 3 for marking
[2026-04-03T03:26:32.617+0600][40.943s][info][gc,start       ] GC(168) Pause Young (Normal) (G1 Evacuation Pause)
[2026-04-03T03:26:32.617+0600][40.943s][info][gc,task        ] GC(168) Using 10 workers of 10 for evacuation
[2026-04-03T03:26:32.647+0600][40.972s][info][gc,phases      ] GC(168)   Pre Evacuate Collection Set: 0.62ms
[2026-04-03T03:26:32.647+0600][40.972s][info][gc,phases      ] GC(168)   Merge Heap Roots: 0.87ms
[2026-04-03T03:26:32.647+0600][40.972s][info][gc,phases      ] GC(168)   Evacuate Collection Set: 26.80ms
[2026-04-03T03:26:32.647+0600][40.972s][info][gc,phases      ] GC(168)   Post Evacuate Collection Set: 0.91ms
[2026-04-03T03:26:32.647+0600][40.972s][info][gc,phases      ] GC(168)   Other: 0.18ms
[2026-04-03T03:26:32.647+0600][40.972s][info][gc,heap        ] GC(168) Eden regions: 169->0(158)
[2026-04-03T03:26:32.647+0600][40.972s][info][gc,heap        ] GC(168) Survivor regions: 5->22(22)
[2026-04-03T03:26:32.647+0600][40.972s][info][gc,heap        ] GC(168) Old regions: 399->413
[2026-04-03T03:26:32.647+0600][40.972s][info][gc,heap        ] GC(168) Humongous regions: 151->151
[2026-04-03T03:26:32.647+0600][40.972s][info][gc,metaspace   ] GC(168) Metaspace: 72769K(73664K)->72769K(73664K) NonClass: 63457K(63936K)->63457K(63936K) Class: 9312K(9728K)->9312K(9728K)
[2026-04-03T03:26:32.647+0600][40.972s][info][gc             ] GC(168) Pause Young (Normal) (G1 Evacuation Pause) 722M->584M(874M) 29.814ms
[2026-04-03T03:26:32.647+0600][40.972s][info][gc,cpu         ] GC(168) User=0.28s Sys=0.00s Real=0.03s
[2026-04-03T03:26:32.730+0600][41.055s][info][gc,marking     ] GC(167) Concurrent Mark From Roots 269.851ms
[2026-04-03T03:26:32.730+0600][41.055s][info][gc,marking     ] GC(167) Concurrent Preclean
[2026-04-03T03:26:32.730+0600][41.056s][info][gc,marking     ] GC(167) Concurrent Preclean 0.204ms
[2026-04-03T03:26:32.730+0600][41.056s][info][gc,start       ] GC(167) Pause Remark
[2026-04-03T03:26:32.735+0600][41.061s][info][gc             ] GC(167) Pause Remark 678M->458M(874M) 4.635ms
[2026-04-03T03:26:32.735+0600][41.061s][info][gc,cpu         ] GC(167) User=0.03s Sys=0.00s Real=0.00s
[2026-04-03T03:26:32.735+0600][41.061s][info][gc,marking     ] GC(167) Concurrent Mark 275.394ms
[2026-04-03T03:26:32.735+0600][41.061s][info][gc,marking     ] GC(167) Concurrent Rebuild Remembered Sets and Scrub Regions
[2026-04-03T03:26:32.833+0600][41.159s][info][gc,start       ] GC(169) Pause Young (Normal) (G1 Evacuation Pause)
[2026-04-03T03:26:32.833+0600][41.159s][info][gc,task        ] GC(169) Using 10 workers of 10 for evacuation
[2026-04-03T03:26:32.875+0600][41.201s][info][gc,phases      ] GC(169)   Pre Evacuate Collection Set: 0.58ms
[2026-04-03T03:26:32.875+0600][41.201s][info][gc,phases      ] GC(169)   Merge Heap Roots: 1.77ms
[2026-04-03T03:26:32.875+0600][41.201s][info][gc,phases      ] GC(169)   Evacuate Collection Set: 38.56ms
[2026-04-03T03:26:32.875+0600][41.201s][info][gc,phases      ] GC(169)   Post Evacuate Collection Set: 0.86ms
[2026-04-03T03:26:32.875+0600][41.201s][info][gc,phases      ] GC(169)   Other: 0.17ms
[2026-04-03T03:26:32.876+0600][41.201s][info][gc,heap        ] GC(169) Eden regions: 158->0(264)
[2026-04-03T03:26:32.876+0600][41.201s][info][gc,heap        ] GC(169) Survivor regions: 22->21(23)
[2026-04-03T03:26:32.876+0600][41.201s][info][gc,heap        ] GC(169) Old regions: 295->319
[2026-04-03T03:26:32.876+0600][41.201s][info][gc,heap        ] GC(169) Humongous regions: 65->65
[2026-04-03T03:26:32.876+0600][41.201s][info][gc,metaspace   ] GC(169) Metaspace: 72772K(73664K)->72772K(73664K) NonClass: 63460K(63936K)->63460K(63936K) Class: 9312K(9728K)->9312K(9728K)
[2026-04-03T03:26:32.876+0600][41.201s][info][gc             ] GC(169) Pause Young (Normal) (G1 Evacuation Pause) 538M->402M(874M) 42.289ms
[2026-04-03T03:26:32.876+0600][41.201s][info][gc,cpu         ] GC(169) User=0.41s Sys=0.00s Real=0.04s
[2026-04-03T03:26:32.931+0600][41.256s][info][gc,marking     ] GC(167) Concurrent Rebuild Remembered Sets and Scrub Regions 194.994ms
[2026-04-03T03:26:32.931+0600][41.256s][info][gc,start       ] GC(167) Pause Cleanup
[2026-04-03T03:26:32.932+0600][41.257s][info][gc             ] GC(167) Pause Cleanup 455M->455M(874M) 0.708ms
[2026-04-03T03:26:32.932+0600][41.257s][info][gc,cpu         ] GC(167) User=0.00s Sys=0.00s Real=0.00s
[2026-04-03T03:26:32.932+0600][41.257s][info][gc,marking     ] GC(167) Concurrent Clear Claimed Marks
[2026-04-03T03:26:32.932+0600][41.258s][info][gc,marking     ] GC(167) Concurrent Clear Claimed Marks 0.284ms
[2026-04-03T03:26:32.932+0600][41.258s][info][gc,marking     ] GC(167) Concurrent Cleanup for Next Mark
[2026-04-03T03:26:32.934+0600][41.259s][info][gc,marking     ] GC(167) Concurrent Cleanup for Next Mark 1.643ms
[2026-04-03T03:26:32.934+0600][41.259s][info][gc             ] GC(167) Concurrent Mark Cycle 493.488ms
[2026-04-03T03:26:33.152+0600][41.477s][info][gc,start       ] GC(170) Pause Young (Prepare Mixed) (G1 Evacuation Pause)
[2026-04-03T03:26:33.152+0600][41.477s][info][gc,task        ] GC(170) Using 10 workers of 10 for evacuation
[2026-04-03T03:26:33.204+0600][41.530s][info][gc,phases      ] GC(170)   Pre Evacuate Collection Set: 0.33ms
[2026-04-03T03:26:33.204+0600][41.530s][info][gc,phases      ] GC(170)   Merge Heap Roots: 1.26ms
[2026-04-03T03:26:33.204+0600][41.530s][info][gc,phases      ] GC(170)   Evacuate Collection Set: 50.13ms
[2026-04-03T03:26:33.204+0600][41.530s][info][gc,phases      ] GC(170)   Post Evacuate Collection Set: 0.85ms
[2026-04-03T03:26:33.204+0600][41.530s][info][gc,phases      ] GC(170)   Other: 0.12ms
[2026-04-03T03:26:33.204+0600][41.530s][info][gc,heap        ] GC(170) Eden regions: 264->0(260)
[2026-04-03T03:26:33.205+0600][41.530s][info][gc,heap        ] GC(170) Survivor regions: 21->27(36)
[2026-04-03T03:26:33.205+0600][41.530s][info][gc,heap        ] GC(170) Old regions: 319->338
[2026-04-03T03:26:33.205+0600][41.530s][info][gc,heap        ] GC(170) Humongous regions: 80->80
[2026-04-03T03:26:33.205+0600][41.530s][info][gc,metaspace   ] GC(170) Metaspace: 72772K(73664K)->72772K(73664K) NonClass: 63460K(63936K)->63460K(63936K) Class: 9312K(9728K)->9312K(9728K)
[2026-04-03T03:26:33.205+0600][41.530s][info][gc             ] GC(170) Pause Young (Prepare Mixed) (G1 Evacuation Pause) 681M->442M(874M) 53.011ms
[2026-04-03T03:26:33.205+0600][41.530s][info][gc,cpu         ] GC(170) User=0.51s Sys=0.01s Real=0.05s
[2026-04-03T03:26:33.451+0600][41.777s][info][gc,start       ] GC(171) Pause Young (Mixed) (G1 Evacuation Pause)
[2026-04-03T03:26:33.452+0600][41.777s][info][gc,task        ] GC(171) Using 10 workers of 10 for evacuation
[2026-04-03T03:26:33.495+0600][41.821s][info][gc,phases      ] GC(171)   Pre Evacuate Collection Set: 0.58ms
[2026-04-03T03:26:33.495+0600][41.821s][info][gc,phases      ] GC(171)   Merge Heap Roots: 0.41ms
[2026-04-03T03:26:33.495+0600][41.821s][info][gc,phases      ] GC(171)   Evacuate Collection Set: 40.00ms
[2026-04-03T03:26:33.495+0600][41.821s][info][gc,phases      ] GC(171)   Post Evacuate Collection Set: 2.34ms
[2026-04-03T03:26:33.495+0600][41.821s][info][gc,phases      ] GC(171)   Other: 0.15ms
[2026-04-03T03:26:33.495+0600][41.821s][info][gc,heap        ] GC(171) Eden regions: 260->0(358)
[2026-04-03T03:26:33.495+0600][41.821s][info][gc,heap        ] GC(171) Survivor regions: 27->21(36)
[2026-04-03T03:26:33.495+0600][41.821s][info][gc,heap        ] GC(171) Old regions: 338->353
[2026-04-03T03:26:33.495+0600][41.821s][info][gc,heap        ] GC(171) Humongous regions: 80->80
[2026-04-03T03:26:33.495+0600][41.821s][info][gc,metaspace   ] GC(171) Metaspace: 72772K(73664K)->72772K(73664K) NonClass: 63460K(63936K)->63460K(63936K) Class: 9312K(9728K)->9312K(9728K)
[2026-04-03T03:26:33.495+0600][41.821s][info][gc             ] GC(171) Pause Young (Mixed) (G1 Evacuation Pause) 702M->451M(1019M) 43.848ms
[2026-04-03T03:26:33.495+0600][41.821s][info][gc,cpu         ] GC(171) User=0.40s Sys=0.00s Real=0.04s
[2026-04-03T03:26:33.855+0600][42.181s][info][gc,start       ] GC(172) Pause Young (Concurrent Start) (G1 Humongous Allocation)
[2026-04-03T03:26:33.855+0600][42.181s][info][gc,task        ] GC(172) Using 10 workers of 10 for evacuation
[2026-04-03T03:26:33.890+0600][42.216s][info][gc,phases      ] GC(172)   Pre Evacuate Collection Set: 0.56ms
[2026-04-03T03:26:33.890+0600][42.216s][info][gc,phases      ] GC(172)   Merge Heap Roots: 0.27ms
[2026-04-03T03:26:33.890+0600][42.216s][info][gc,phases      ] GC(172)   Evacuate Collection Set: 32.70ms
[2026-04-03T03:26:33.890+0600][42.216s][info][gc,phases      ] GC(172)   Post Evacuate Collection Set: 1.07ms
[2026-04-03T03:26:33.890+0600][42.216s][info][gc,phases      ] GC(172)   Other: 0.25ms
[2026-04-03T03:26:33.890+0600][42.216s][info][gc,heap        ] GC(172) Eden regions: 319->0(369)
[2026-04-03T03:26:33.890+0600][42.216s][info][gc,heap        ] GC(172) Survivor regions: 21->37(48)
[2026-04-03T03:26:33.890+0600][42.216s][info][gc,heap        ] GC(172) Old regions: 353->353
[2026-04-03T03:26:33.890+0600][42.216s][info][gc,heap        ] GC(172) Humongous regions: 80->80
[2026-04-03T03:26:33.890+0600][42.216s][info][gc,metaspace   ] GC(172) Metaspace: 72772K(73664K)->72772K(73664K) NonClass: 63460K(63936K)->63460K(63936K) Class: 9312K(9728K)->9312K(9728K)
[2026-04-03T03:26:33.890+0600][42.216s][info][gc             ] GC(172) Pause Young (Concurrent Start) (G1 Humongous Allocation) 770M->467M(1019M) 35.234ms
[2026-04-03T03:26:33.890+0600][42.216s][info][gc,cpu         ] GC(172) User=0.33s Sys=0.00s Real=0.04s
[2026-04-03T03:26:33.891+0600][42.216s][info][gc             ] GC(173) Concurrent Mark Cycle
[2026-04-03T03:26:33.891+0600][42.216s][info][gc,marking     ] GC(173) Concurrent Scan Root Regions
[2026-04-03T03:26:33.907+0600][42.232s][info][gc,marking     ] GC(173) Concurrent Scan Root Regions 15.798ms
[2026-04-03T03:26:33.907+0600][42.232s][info][gc,marking     ] GC(173) Concurrent Mark
[2026-04-03T03:26:33.907+0600][42.232s][info][gc,marking     ] GC(173) Concurrent Mark From Roots
[2026-04-03T03:26:33.907+0600][42.232s][info][gc,task        ] GC(173) Using 3 workers of 3 for marking
[2026-04-03T03:26:34.235+0600][42.561s][info][gc,marking     ] GC(173) Concurrent Mark From Roots 328.310ms
[2026-04-03T03:26:34.235+0600][42.561s][info][gc,marking     ] GC(173) Concurrent Preclean
[2026-04-03T03:26:34.235+0600][42.561s][info][gc,marking     ] GC(173) Concurrent Preclean 0.170ms
[2026-04-03T03:26:34.235+0600][42.561s][info][gc,start       ] GC(173) Pause Remark
[2026-04-03T03:26:34.239+0600][42.565s][info][gc             ] GC(173) Pause Remark 691M->648M(1019M) 3.952ms
[2026-04-03T03:26:34.239+0600][42.565s][info][gc,cpu         ] GC(173) User=0.03s Sys=0.00s Real=0.00s
[2026-04-03T03:26:34.240+0600][42.565s][info][gc,marking     ] GC(173) Concurrent Mark 332.931ms
[2026-04-03T03:26:34.240+0600][42.565s][info][gc,marking     ] GC(173) Concurrent Rebuild Remembered Sets and Scrub Regions
[2026-04-03T03:26:34.617+0600][42.943s][info][gc,marking     ] GC(173) Concurrent Rebuild Remembered Sets and Scrub Regions 377.834ms
[2026-04-03T03:26:34.618+0600][42.943s][info][gc,start       ] GC(173) Pause Cleanup
[2026-04-03T03:26:34.619+0600][42.944s][info][gc             ] GC(173) Pause Cleanup 660M->660M(1019M) 0.783ms
[2026-04-03T03:26:34.619+0600][42.944s][info][gc,cpu         ] GC(173) User=0.00s Sys=0.00s Real=0.00s
[2026-04-03T03:26:34.619+0600][42.944s][info][gc,marking     ] GC(173) Concurrent Clear Claimed Marks
[2026-04-03T03:26:34.619+0600][42.945s][info][gc,marking     ] GC(173) Concurrent Clear Claimed Marks 0.270ms
[2026-04-03T03:26:34.619+0600][42.945s][info][gc,marking     ] GC(173) Concurrent Cleanup for Next Mark
[2026-04-03T03:26:34.621+0600][42.947s][info][gc,marking     ] GC(173) Concurrent Cleanup for Next Mark 2.159ms
[2026-04-03T03:26:34.621+0600][42.947s][info][gc             ] GC(173) Concurrent Mark Cycle 730.857ms
[2026-04-03T03:26:35.444+0600][43.769s][info][gc,start       ] GC(174) Pause Young (Prepare Mixed) (G1 Evacuation Pause)
[2026-04-03T03:26:35.444+0600][43.770s][info][gc,task        ] GC(174) Using 10 workers of 10 for evacuation
[2026-04-03T03:26:35.554+0600][43.880s][info][gc,phases      ] GC(174)   Pre Evacuate Collection Set: 0.30ms
[2026-04-03T03:26:35.554+0600][43.880s][info][gc,phases      ] GC(174)   Merge Heap Roots: 2.83ms
[2026-04-03T03:26:35.554+0600][43.880s][info][gc,phases      ] GC(174)   Evacuate Collection Set: 105.15ms
[2026-04-03T03:26:35.554+0600][43.880s][info][gc,phases      ] GC(174)   Post Evacuate Collection Set: 1.63ms
[2026-04-03T03:26:35.554+0600][43.880s][info][gc,phases      ] GC(174)   Other: 0.12ms
[2026-04-03T03:26:35.554+0600][43.880s][info][gc,heap        ] GC(174) Eden regions: 345->0(330)
[2026-04-03T03:26:35.554+0600][43.880s][info][gc,heap        ] GC(174) Survivor regions: 37->48(48)
[2026-04-03T03:26:35.554+0600][43.880s][info][gc,heap        ] GC(174) Old regions: 349->376
[2026-04-03T03:26:35.554+0600][43.880s][info][gc,heap        ] GC(174) Humongous regions: 127->116
[2026-04-03T03:26:35.554+0600][43.880s][info][gc,metaspace   ] GC(174) Metaspace: 72805K(73792K)->72805K(73792K) NonClass: 63492K(64064K)->63492K(64064K) Class: 9313K(9728K)->9313K(9728K)
[2026-04-03T03:26:35.554+0600][43.880s][info][gc             ] GC(174) Pause Young (Prepare Mixed) (G1 Evacuation Pause) 855M->537M(1019M) 110.365ms
[2026-04-03T03:26:35.554+0600][43.880s][info][gc,cpu         ] GC(174) User=1.08s Sys=0.00s Real=0.11s
[2026-04-03T03:26:36.100+0600][44.426s][info][gc,start       ] GC(175) Pause Young (Mixed) (G1 Evacuation Pause)
[2026-04-03T03:26:36.100+0600][44.426s][info][gc,task        ] GC(175) Using 10 workers of 10 for evacuation
[2026-04-03T03:26:36.214+0600][44.540s][info][gc,phases      ] GC(175)   Pre Evacuate Collection Set: 0.38ms
[2026-04-03T03:26:36.214+0600][44.540s][info][gc,phases      ] GC(175)   Merge Heap Roots: 2.40ms
[2026-04-03T03:26:36.214+0600][44.540s][info][gc,phases      ] GC(175)   Evacuate Collection Set: 109.30ms
[2026-04-03T03:26:36.214+0600][44.540s][info][gc,phases      ] GC(175)   Post Evacuate Collection Set: 1.38ms
[2026-04-03T03:26:36.214+0600][44.540s][info][gc,phases      ] GC(175)   Other: 0.20ms
[2026-04-03T03:26:36.214+0600][44.540s][info][gc,heap        ] GC(175) Eden regions: 279->0(313)
[2026-04-03T03:26:36.214+0600][44.540s][info][gc,heap        ] GC(175) Survivor regions: 48->41(41)
[2026-04-03T03:26:36.214+0600][44.540s][info][gc,heap        ] GC(175) Old regions: 376->372
[2026-04-03T03:26:36.214+0600][44.540s][info][gc,heap        ] GC(175) Humongous regions: 160->149
[2026-04-03T03:26:36.214+0600][44.540s][info][gc,metaspace   ] GC(175) Metaspace: 72840K(73792K)->72840K(73792K) NonClass: 63526K(64064K)->63526K(64064K) Class: 9313K(9728K)->9313K(9728K)
[2026-04-03T03:26:36.214+0600][44.540s][info][gc             ] GC(175) Pause Young (Mixed) (G1 Evacuation Pause) 860M->560M(1019M) 113.987ms
[2026-04-03T03:26:36.214+0600][44.540s][info][gc,cpu         ] GC(175) User=1.12s Sys=0.00s Real=0.11s
[2026-04-03T03:26:36.226+0600][44.551s][info][gc,start       ] GC(176) Pause Young (Concurrent Start) (G1 Humongous Allocation)
[2026-04-03T03:26:36.226+0600][44.551s][info][gc,task        ] GC(176) Using 10 workers of 10 for evacuation
[2026-04-03T03:26:36.260+0600][44.586s][info][gc,phases      ] GC(176)   Pre Evacuate Collection Set: 0.30ms
[2026-04-03T03:26:36.260+0600][44.586s][info][gc,phases      ] GC(176)   Merge Heap Roots: 0.26ms
[2026-04-03T03:26:36.260+0600][44.586s][info][gc,phases      ] GC(176)   Evacuate Collection Set: 33.21ms
[2026-04-03T03:26:36.260+0600][44.586s][info][gc,phases      ] GC(176)   Post Evacuate Collection Set: 0.83ms
[2026-04-03T03:26:36.261+0600][44.586s][info][gc,phases      ] GC(176)   Other: 0.18ms
[2026-04-03T03:26:36.261+0600][44.586s][info][gc,heap        ] GC(176) Eden regions: 23->0(332)
[2026-04-03T03:26:36.261+0600][44.586s][info][gc,heap        ] GC(176) Survivor regions: 41->3(45)
[2026-04-03T03:26:36.261+0600][44.586s][info][gc,heap        ] GC(176) Old regions: 372->415
[2026-04-03T03:26:36.261+0600][44.586s][info][gc,heap        ] GC(176) Humongous regions: 149->149
[2026-04-03T03:26:36.261+0600][44.586s][info][gc,metaspace   ] GC(176) Metaspace: 72840K(73792K)->72840K(73792K) NonClass: 63526K(64064K)->63526K(64064K) Class: 9313K(9728K)->9313K(9728K)
[2026-04-03T03:26:36.261+0600][44.586s][info][gc             ] GC(176) Pause Young (Concurrent Start) (G1 Humongous Allocation) 583M->565M(1019M) 35.072ms
[2026-04-03T03:26:36.261+0600][44.586s][info][gc,cpu         ] GC(176) User=0.34s Sys=0.00s Real=0.04s
[2026-04-03T03:26:36.261+0600][44.586s][info][gc             ] GC(177) Concurrent Mark Cycle
[2026-04-03T03:26:36.261+0600][44.587s][info][gc,marking     ] GC(177) Concurrent Scan Root Regions
[2026-04-03T03:26:36.273+0600][44.598s][info][gc,marking     ] GC(177) Concurrent Scan Root Regions 11.560ms
[2026-04-03T03:26:36.273+0600][44.598s][info][gc,marking     ] GC(177) Concurrent Mark
[2026-04-03T03:26:36.273+0600][44.598s][info][gc,marking     ] GC(177) Concurrent Mark From Roots
[2026-04-03T03:26:36.273+0600][44.598s][info][gc,task        ] GC(177) Using 3 workers of 3 for marking
[2026-04-03T03:26:36.427+0600][44.752s][info][gc,marking     ] GC(177) Concurrent Mark From Roots 153.847ms
[2026-04-03T03:26:36.427+0600][44.752s][info][gc,marking     ] GC(177) Concurrent Preclean
[2026-04-03T03:26:36.427+0600][44.753s][info][gc,marking     ] GC(177) Concurrent Preclean 0.488ms
[2026-04-03T03:26:36.427+0600][44.753s][info][gc,start       ] GC(177) Pause Remark
[2026-04-03T03:26:36.434+0600][44.759s][info][gc             ] GC(177) Pause Remark 643M->333M(924M) 6.002ms
[2026-04-03T03:26:36.434+0600][44.759s][info][gc,cpu         ] GC(177) User=0.03s Sys=0.01s Real=0.01s
[2026-04-03T03:26:36.434+0600][44.759s][info][gc,marking     ] GC(177) Concurrent Mark 161.240ms
[2026-04-03T03:26:36.434+0600][44.759s][info][gc,marking     ] GC(177) Concurrent Rebuild Remembered Sets and Scrub Regions
[2026-04-03T03:26:36.519+0600][44.845s][info][gc,marking     ] GC(177) Concurrent Rebuild Remembered Sets and Scrub Regions 85.070ms
[2026-04-03T03:26:36.520+0600][44.845s][info][gc,start       ] GC(177) Pause Cleanup
[2026-04-03T03:26:36.520+0600][44.846s][info][gc             ] GC(177) Pause Cleanup 368M->368M(924M) 0.531ms
[2026-04-03T03:26:36.520+0600][44.846s][info][gc,cpu         ] GC(177) User=0.00s Sys=0.00s Real=0.01s
[2026-04-03T03:26:36.520+0600][44.846s][info][gc,marking     ] GC(177) Concurrent Clear Claimed Marks
[2026-04-03T03:26:36.521+0600][44.846s][info][gc,marking     ] GC(177) Concurrent Clear Claimed Marks 0.297ms
[2026-04-03T03:26:36.521+0600][44.846s][info][gc,marking     ] GC(177) Concurrent Cleanup for Next Mark
[2026-04-03T03:26:36.522+0600][44.848s][info][gc,marking     ] GC(177) Concurrent Cleanup for Next Mark 1.441ms
[2026-04-03T03:26:36.522+0600][44.848s][info][gc             ] GC(177) Concurrent Mark Cycle 261.358ms
[2026-04-03T03:26:37.082+0600][45.408s][info][gc,start       ] GC(178) Pause Young (Prepare Mixed) (G1 Evacuation Pause)
[2026-04-03T03:26:37.082+0600][45.408s][info][gc,task        ] GC(178) Using 10 workers of 10 for evacuation
[2026-04-03T03:26:37.127+0600][45.453s][info][gc,phases      ] GC(178)   Pre Evacuate Collection Set: 0.37ms
[2026-04-03T03:26:37.127+0600][45.453s][info][gc,phases      ] GC(178)   Merge Heap Roots: 1.15ms
[2026-04-03T03:26:37.127+0600][45.453s][info][gc,phases      ] GC(178)   Evacuate Collection Set: 41.57ms
[2026-04-03T03:26:37.127+0600][45.453s][info][gc,phases      ] GC(178)   Post Evacuate Collection Set: 1.49ms
[2026-04-03T03:26:37.127+0600][45.453s][info][gc,phases      ] GC(178)   Other: 0.16ms
[2026-04-03T03:26:37.127+0600][45.453s][info][gc,heap        ] GC(178) Eden regions: 332->0(444)
[2026-04-03T03:26:37.127+0600][45.453s][info][gc,heap        ] GC(178) Survivor regions: 3->39(42)
[2026-04-03T03:26:37.127+0600][45.453s][info][gc,heap        ] GC(178) Old regions: 238->238
[2026-04-03T03:26:37.127+0600][45.453s][info][gc,heap        ] GC(178) Humongous regions: 71->49
[2026-04-03T03:26:37.127+0600][45.453s][info][gc,metaspace   ] GC(178) Metaspace: 72908K(73856K)->72908K(73856K) NonClass: 63593K(64128K)->63593K(64128K) Class: 9314K(9728K)->9314K(9728K)
[2026-04-03T03:26:37.127+0600][45.453s][info][gc             ] GC(178) Pause Young (Prepare Mixed) (G1 Evacuation Pause) 642M->324M(924M) 45.105ms
[2026-04-03T03:26:37.128+0600][45.453s][info][gc,cpu         ] GC(178) User=0.47s Sys=0.00s Real=0.04s
[2026-04-03T03:26:37.626+0600][45.951s][info][gc,start       ] GC(179) Pause Young (Mixed) (G1 Evacuation Pause)
[2026-04-03T03:26:37.626+0600][45.952s][info][gc,task        ] GC(179) Using 10 workers of 10 for evacuation
[2026-04-03T03:26:37.752+0600][46.078s][info][gc,phases      ] GC(179)   Pre Evacuate Collection Set: 0.45ms
[2026-04-03T03:26:37.753+0600][46.078s][info][gc,phases      ] GC(179)   Merge Heap Roots: 0.65ms
[2026-04-03T03:26:37.753+0600][46.078s][info][gc,phases      ] GC(179)   Evacuate Collection Set: 123.81ms
[2026-04-03T03:26:37.753+0600][46.078s][info][gc,phases      ] GC(179)   Post Evacuate Collection Set: 1.18ms
[2026-04-03T03:26:37.753+0600][46.078s][info][gc,phases      ] GC(179)   Other: 0.22ms
[2026-04-03T03:26:37.753+0600][46.078s][info][gc,heap        ] GC(179) Eden regions: 444->0(374)
[2026-04-03T03:26:37.753+0600][46.078s][info][gc,heap        ] GC(179) Survivor regions: 39->61(61)
[2026-04-03T03:26:37.753+0600][46.078s][info][gc,heap        ] GC(179) Old regions: 238->268
[2026-04-03T03:26:37.753+0600][46.078s][info][gc,heap        ] GC(179) Humongous regions: 82->82
[2026-04-03T03:26:37.753+0600][46.078s][info][gc,metaspace   ] GC(179) Metaspace: 72909K(73856K)->72909K(73856K) NonClass: 63594K(64128K)->63594K(64128K) Class: 9314K(9728K)->9314K(9728K)
[2026-04-03T03:26:37.753+0600][46.078s][info][gc             ] GC(179) Pause Young (Mixed) (G1 Evacuation Pause) 801M->408M(924M) 126.829ms
[2026-04-03T03:26:37.753+0600][46.078s][info][gc,cpu         ] GC(179) User=1.25s Sys=0.00s Real=0.13s
[2026-04-03T03:26:37.762+0600][46.087s][info][gc,start       ] GC(180) Pause Young (Concurrent Start) (G1 Humongous Allocation)
[2026-04-03T03:26:37.762+0600][46.088s][info][gc,task        ] GC(180) Using 10 workers of 10 for evacuation
[2026-04-03T03:26:37.819+0600][46.145s][info][gc,phases      ] GC(180)   Pre Evacuate Collection Set: 0.50ms
[2026-04-03T03:26:37.819+0600][46.145s][info][gc,phases      ] GC(180)   Merge Heap Roots: 0.22ms
[2026-04-03T03:26:37.819+0600][46.145s][info][gc,phases      ] GC(180)   Evacuate Collection Set: 54.89ms
[2026-04-03T03:26:37.819+0600][46.145s][info][gc,phases      ] GC(180)   Post Evacuate Collection Set: 1.31ms
[2026-04-03T03:26:37.819+0600][46.145s][info][gc,phases      ] GC(180)   Other: 0.14ms
[2026-04-03T03:26:37.819+0600][46.145s][info][gc,heap        ] GC(180) Eden regions: 5->0(447)
[2026-04-03T03:26:37.819+0600][46.145s][info][gc,heap        ] GC(180) Survivor regions: 61->3(55)
[2026-04-03T03:26:37.819+0600][46.145s][info][gc,heap        ] GC(180) Old regions: 268->331
[2026-04-03T03:26:37.819+0600][46.145s][info][gc,heap        ] GC(180) Humongous regions: 82->82
[2026-04-03T03:26:37.819+0600][46.145s][info][gc,metaspace   ] GC(180) Metaspace: 72909K(73856K)->72909K(73856K) NonClass: 63594K(64128K)->63594K(64128K) Class: 9314K(9728K)->9314K(9728K)
[2026-04-03T03:26:37.819+0600][46.145s][info][gc             ] GC(180) Pause Young (Concurrent Start) (G1 Humongous Allocation) 413M->413M(990M) 57.356ms
[2026-04-03T03:26:37.819+0600][46.145s][info][gc,cpu         ] GC(180) User=0.55s Sys=0.01s Real=0.05s
[2026-04-03T03:26:37.819+0600][46.145s][info][gc             ] GC(181) Concurrent Mark Cycle
[2026-04-03T03:26:37.819+0600][46.145s][info][gc,marking     ] GC(181) Concurrent Scan Root Regions
[2026-04-03T03:26:37.839+0600][46.165s][info][gc,marking     ] GC(181) Concurrent Scan Root Regions 19.484ms
[2026-04-03T03:26:37.839+0600][46.165s][info][gc,marking     ] GC(181) Concurrent Mark
[2026-04-03T03:26:37.839+0600][46.165s][info][gc,marking     ] GC(181) Concurrent Mark From Roots
[2026-04-03T03:26:37.839+0600][46.165s][info][gc,task        ] GC(181) Using 3 workers of 3 for marking
[2026-04-03T03:26:37.982+0600][46.307s][info][gc,marking     ] GC(181) Concurrent Mark From Roots 142.749ms
[2026-04-03T03:26:37.982+0600][46.307s][info][gc,marking     ] GC(181) Concurrent Preclean
[2026-04-03T03:26:37.982+0600][46.308s][info][gc,marking     ] GC(181) Concurrent Preclean 0.227ms
[2026-04-03T03:26:37.983+0600][46.308s][info][gc,start       ] GC(181) Pause Remark
[2026-04-03T03:26:37.988+0600][46.313s][info][gc             ] GC(181) Pause Remark 479M->361M(990M) 5.329ms
[2026-04-03T03:26:37.988+0600][46.314s][info][gc,cpu         ] GC(181) User=0.03s Sys=0.00s Real=0.00s
[2026-04-03T03:26:37.988+0600][46.314s][info][gc,marking     ] GC(181) Concurrent Mark 149.240ms
[2026-04-03T03:26:37.988+0600][46.314s][info][gc,marking     ] GC(181) Concurrent Rebuild Remembered Sets and Scrub Regions
[2026-04-03T03:26:38.080+0600][46.405s][info][gc,marking     ] GC(181) Concurrent Rebuild Remembered Sets and Scrub Regions 91.233ms
[2026-04-03T03:26:38.080+0600][46.406s][info][gc,start       ] GC(181) Pause Cleanup
[2026-04-03T03:26:38.081+0600][46.407s][info][gc             ] GC(181) Pause Cleanup 390M->390M(990M) 0.712ms
[2026-04-03T03:26:38.081+0600][46.407s][info][gc,cpu         ] GC(181) User=0.00s Sys=0.00s Real=0.00s
[2026-04-03T03:26:38.081+0600][46.407s][info][gc,marking     ] GC(181) Concurrent Clear Claimed Marks
[2026-04-03T03:26:38.081+0600][46.407s][info][gc,marking     ] GC(181) Concurrent Clear Claimed Marks 0.278ms
[2026-04-03T03:26:38.081+0600][46.407s][info][gc,marking     ] GC(181) Concurrent Cleanup for Next Mark
[2026-04-03T03:26:38.084+0600][46.410s][info][gc,marking     ] GC(181) Concurrent Cleanup for Next Mark 2.598ms
[2026-04-03T03:26:38.084+0600][46.410s][info][gc             ] GC(181) Concurrent Mark Cycle 264.735ms
[2026-04-03T03:26:38.505+0600][46.831s][info][gc,start       ] GC(182) Pause Young (Prepare Mixed) (G1 Evacuation Pause)
[2026-04-03T03:26:38.505+0600][46.831s][info][gc,task        ] GC(182) Using 10 workers of 10 for evacuation
[2026-04-03T03:26:38.566+0600][46.891s][info][gc,phases      ] GC(182)   Pre Evacuate Collection Set: 0.50ms
[2026-04-03T03:26:38.566+0600][46.891s][info][gc,phases      ] GC(182)   Merge Heap Roots: 0.32ms
[2026-04-03T03:26:38.566+0600][46.891s][info][gc,phases      ] GC(182)   Evacuate Collection Set: 58.59ms
[2026-04-03T03:26:38.566+0600][46.891s][info][gc,phases      ] GC(182)   Post Evacuate Collection Set: 0.71ms
[2026-04-03T03:26:38.566+0600][46.891s][info][gc,phases      ] GC(182)   Other: 0.11ms
[2026-04-03T03:26:38.566+0600][46.891s][info][gc,heap        ] GC(182) Eden regions: 444->0(464)
[2026-04-03T03:26:38.566+0600][46.891s][info][gc,heap        ] GC(182) Survivor regions: 3->57(57)
[2026-04-03T03:26:38.566+0600][46.891s][info][gc,heap        ] GC(182) Old regions: 276->276
[2026-04-03T03:26:38.566+0600][46.891s][info][gc,heap        ] GC(182) Humongous regions: 267->105
[2026-04-03T03:26:38.566+0600][46.891s][info][gc,metaspace   ] GC(182) Metaspace: 73042K(73984K)->73042K(73984K) NonClass: 63728K(64256K)->63728K(64256K) Class: 9314K(9728K)->9314K(9728K)
[2026-04-03T03:26:38.566+0600][46.891s][info][gc             ] GC(182) Pause Young (Prepare Mixed) (G1 Evacuation Pause) 987M->435M(1047M) 60.558ms
[2026-04-03T03:26:38.566+0600][46.892s][info][gc,cpu         ] GC(182) User=0.54s Sys=0.08s Real=0.06s
[2026-04-03T03:26:38.827+0600][47.153s][info][gc,start       ] GC(183) Pause Full (System.gc())
[2026-04-03T03:26:38.827+0600][47.153s][info][gc,task        ] GC(183) Using 10 workers of 10 for full compaction
[2026-04-03T03:26:38.828+0600][47.153s][info][gc,phases,start] GC(183) Phase 1: Mark live objects
[2026-04-03T03:26:38.869+0600][47.195s][info][gc,phases      ] GC(183) Phase 1: Mark live objects 41.626ms
[2026-04-03T03:26:38.870+0600][47.195s][info][gc,phases,start] GC(183) Phase 2: Prepare compaction
[2026-04-03T03:26:38.871+0600][47.197s][info][gc,phases      ] GC(183) Phase 2: Prepare compaction 1.767ms
[2026-04-03T03:26:38.871+0600][47.197s][info][gc,phases,start] GC(183) Phase 3: Adjust pointers
[2026-04-03T03:26:38.886+0600][47.211s][info][gc,phases      ] GC(183) Phase 3: Adjust pointers 14.408ms
[2026-04-03T03:26:38.886+0600][47.211s][info][gc,phases,start] GC(183) Phase 4: Compact heap
[2026-04-03T03:26:38.888+0600][47.214s][info][gc,phases      ] GC(183) Phase 4: Compact heap 2.440ms
[2026-04-03T03:26:38.888+0600][47.214s][info][gc,phases,start] GC(183) Phase 5: Reset Metadata
[2026-04-03T03:26:38.897+0600][47.223s][info][gc,phases      ] GC(183) Phase 5: Reset Metadata 8.893ms
[2026-04-03T03:26:38.907+0600][47.233s][info][gc,heap        ] GC(183) Eden regions: 422->0(275)
[2026-04-03T03:26:38.907+0600][47.233s][info][gc,heap        ] GC(183) Survivor regions: 57->0(57)
[2026-04-03T03:26:38.907+0600][47.233s][info][gc,heap        ] GC(183) Old regions: 276->147
[2026-04-03T03:26:38.907+0600][47.233s][info][gc,heap        ] GC(183) Humongous regions: 108->11
[2026-04-03T03:26:38.907+0600][47.233s][info][gc,metaspace   ] GC(183) Metaspace: 73042K(73984K)->73042K(73984K) NonClass: 63728K(64256K)->63728K(64256K) Class: 9314K(9728K)->9314K(9728K)
[2026-04-03T03:26:38.907+0600][47.233s][info][gc             ] GC(183) Pause Full (System.gc()) 860M->150M(527M) 79.834ms
[2026-04-03T03:26:38.907+0600][47.233s][info][gc,cpu         ] GC(183) User=0.65s Sys=0.02s Real=0.08s
[2026-04-03T03:26:38.955+0600][47.280s][info][gc,start       ] GC(184) Pause Young (Concurrent Start) (G1 Humongous Allocation)
[2026-04-03T03:26:38.955+0600][47.280s][info][gc,task        ] GC(184) Using 10 workers of 10 for evacuation
[2026-04-03T03:26:38.957+0600][47.283s][info][gc,phases      ] GC(184)   Pre Evacuate Collection Set: 0.47ms
[2026-04-03T03:26:38.957+0600][47.283s][info][gc,phases      ] GC(184)   Merge Heap Roots: 0.08ms
[2026-04-03T03:26:38.957+0600][47.283s][info][gc,phases      ] GC(184)   Evacuate Collection Set: 0.93ms
[2026-04-03T03:26:38.957+0600][47.283s][info][gc,phases      ] GC(184)   Post Evacuate Collection Set: 0.41ms
[2026-04-03T03:26:38.957+0600][47.283s][info][gc,phases      ] GC(184)   Other: 0.19ms
[2026-04-03T03:26:38.957+0600][47.283s][info][gc,heap        ] GC(184) Eden regions: 20->0(286)
[2026-04-03T03:26:38.957+0600][47.283s][info][gc,heap        ] GC(184) Survivor regions: 0->5(35)
[2026-04-03T03:26:38.957+0600][47.283s][info][gc,heap        ] GC(184) Old regions: 147->147
[2026-04-03T03:26:38.957+0600][47.283s][info][gc,heap        ] GC(184) Humongous regions: 11->11
[2026-04-03T03:26:38.957+0600][47.283s][info][gc,metaspace   ] GC(184) Metaspace: 73077K(73984K)->73077K(73984K) NonClass: 63763K(64256K)->63763K(64256K) Class: 9314K(9728K)->9314K(9728K)
[2026-04-03T03:26:38.957+0600][47.283s][info][gc             ] GC(184) Pause Young (Concurrent Start) (G1 Humongous Allocation) 170M->155M(527M) 2.282ms
[2026-04-03T03:26:38.957+0600][47.283s][info][gc,cpu         ] GC(184) User=0.01s Sys=0.01s Real=0.00s
[2026-04-03T03:26:38.957+0600][47.283s][info][gc             ] GC(185) Concurrent Mark Cycle
[2026-04-03T03:26:38.957+0600][47.283s][info][gc,marking     ] GC(185) Concurrent Scan Root Regions
[2026-04-03T03:26:38.958+0600][47.284s][info][gc,marking     ] GC(185) Concurrent Scan Root Regions 0.911ms
[2026-04-03T03:26:38.958+0600][47.284s][info][gc,marking     ] GC(185) Concurrent Mark
[2026-04-03T03:26:38.958+0600][47.284s][info][gc,marking     ] GC(185) Concurrent Mark From Roots
[2026-04-03T03:26:38.958+0600][47.284s][info][gc,task        ] GC(185) Using 3 workers of 3 for marking
[2026-04-03T03:26:39.090+0600][47.415s][info][gc,marking     ] GC(185) Concurrent Mark From Roots 131.424ms
[2026-04-03T03:26:39.090+0600][47.415s][info][gc,marking     ] GC(185) Concurrent Preclean
[2026-04-03T03:26:39.090+0600][47.415s][info][gc,marking     ] GC(185) Concurrent Preclean 0.198ms
[2026-04-03T03:26:39.090+0600][47.416s][info][gc,start       ] GC(185) Pause Remark
[2026-04-03T03:26:39.095+0600][47.421s][info][gc             ] GC(185) Pause Remark 252M->252M(527M) 4.912ms
[2026-04-03T03:26:39.095+0600][47.421s][info][gc,cpu         ] GC(185) User=0.03s Sys=0.00s Real=0.00s
[2026-04-03T03:26:39.096+0600][47.421s][info][gc,marking     ] GC(185) Concurrent Mark 137.572ms
[2026-04-03T03:26:39.096+0600][47.421s][info][gc,marking     ] GC(185) Concurrent Rebuild Remembered Sets and Scrub Regions
[2026-04-03T03:26:39.154+0600][47.479s][info][gc,marking     ] GC(185) Concurrent Rebuild Remembered Sets and Scrub Regions 57.818ms
[2026-04-03T03:26:39.154+0600][47.480s][info][gc,start       ] GC(185) Pause Cleanup
[2026-04-03T03:26:39.155+0600][47.480s][info][gc             ] GC(185) Pause Cleanup 306M->306M(527M) 0.395ms
[2026-04-03T03:26:39.155+0600][47.480s][info][gc,cpu         ] GC(185) User=0.00s Sys=0.00s Real=0.00s
[2026-04-03T03:26:39.155+0600][47.481s][info][gc,marking     ] GC(185) Concurrent Clear Claimed Marks
[2026-04-03T03:26:39.156+0600][47.481s][info][gc,marking     ] GC(185) Concurrent Clear Claimed Marks 0.285ms
[2026-04-03T03:26:39.156+0600][47.481s][info][gc,marking     ] GC(185) Concurrent Cleanup for Next Mark
[2026-04-03T03:26:39.156+0600][47.482s][info][gc,marking     ] GC(185) Concurrent Cleanup for Next Mark 0.781ms
[2026-04-03T03:26:39.156+0600][47.482s][info][gc             ] GC(185) Concurrent Mark Cycle 199.236ms
[2026-04-03T03:26:39.274+0600][47.600s][info][gc,start       ] GC(186) Pause Young (Prepare Mixed) (G1 Evacuation Pause)
[2026-04-03T03:26:39.274+0600][47.600s][info][gc,task        ] GC(186) Using 10 workers of 10 for evacuation
[2026-04-03T03:26:39.329+0600][47.654s][info][gc,phases      ] GC(186)   Pre Evacuate Collection Set: 0.32ms
[2026-04-03T03:26:39.329+0600][47.654s][info][gc,phases      ] GC(186)   Merge Heap Roots: 0.65ms
[2026-04-03T03:26:39.329+0600][47.654s][info][gc,phases      ] GC(186)   Evacuate Collection Set: 52.64ms
[2026-04-03T03:26:39.329+0600][47.654s][info][gc,phases      ] GC(186)   Post Evacuate Collection Set: 0.69ms
[2026-04-03T03:26:39.329+0600][47.654s][info][gc,phases      ] GC(186)   Other: 0.10ms
[2026-04-03T03:26:39.329+0600][47.654s][info][gc,heap        ] GC(186) Eden regions: 286->0(202)
[2026-04-03T03:26:39.329+0600][47.654s][info][gc,heap        ] GC(186) Survivor regions: 5->37(37)
[2026-04-03T03:26:39.329+0600][47.654s][info][gc,heap        ] GC(186) Old regions: 147->192
[2026-04-03T03:26:39.329+0600][47.654s][info][gc,heap        ] GC(186) Humongous regions: 55->50
[2026-04-03T03:26:39.329+0600][47.654s][info][gc,metaspace   ] GC(186) Metaspace: 73089K(74048K)->73089K(74048K) NonClass: 63775K(64320K)->63775K(64320K) Class: 9314K(9728K)->9314K(9728K)
[2026-04-03T03:26:39.329+0600][47.654s][info][gc             ] GC(186) Pause Young (Prepare Mixed) (G1 Evacuation Pause) 485M->271M(575M) 54.699ms
[2026-04-03T03:26:39.329+0600][47.654s][info][gc,cpu         ] GC(186) User=0.47s Sys=0.06s Real=0.05s
[2026-04-03T03:26:39.487+0600][47.813s][info][gc,start       ] GC(187) Pause Young (Mixed) (G1 Evacuation Pause)
[2026-04-03T03:26:39.488+0600][47.813s][info][gc,task        ] GC(187) Using 10 workers of 10 for evacuation
[2026-04-03T03:26:39.540+0600][47.865s][info][gc,phases      ] GC(187)   Pre Evacuate Collection Set: 0.31ms
[2026-04-03T03:26:39.540+0600][47.865s][info][gc,phases      ] GC(187)   Merge Heap Roots: 0.69ms
[2026-04-03T03:26:39.540+0600][47.865s][info][gc,phases      ] GC(187)   Evacuate Collection Set: 49.79ms
[2026-04-03T03:26:39.540+0600][47.865s][info][gc,phases      ] GC(187)   Post Evacuate Collection Set: 1.00ms
[2026-04-03T03:26:39.540+0600][47.866s][info][gc,phases      ] GC(187)   Other: 0.15ms
[2026-04-03T03:26:39.540+0600][47.866s][info][gc,heap        ] GC(187) Eden regions: 202->0(184)
[2026-04-03T03:26:39.540+0600][47.866s][info][gc,heap        ] GC(187) Survivor regions: 37->24(30)
[2026-04-03T03:26:39.540+0600][47.866s][info][gc,heap        ] GC(187) Old regions: 192->230
[2026-04-03T03:26:39.540+0600][47.866s][info][gc,heap        ] GC(187) Humongous regions: 62->62
[2026-04-03T03:26:39.540+0600][47.866s][info][gc,metaspace   ] GC(187) Metaspace: 73089K(74048K)->73089K(74048K) NonClass: 63775K(64320K)->63775K(64320K) Class: 9314K(9728K)->9314K(9728K)
[2026-04-03T03:26:39.540+0600][47.866s][info][gc             ] GC(187) Pause Young (Mixed) (G1 Evacuation Pause) 485M->310M(575M) 52.609ms
[2026-04-03T03:26:39.540+0600][47.866s][info][gc,cpu         ] GC(187) User=0.50s Sys=0.00s Real=0.06s
[2026-04-03T03:26:39.620+0600][47.946s][info][gc,start       ] GC(188) Pause Young (Concurrent Start) (G1 Humongous Allocation)
[2026-04-03T03:26:39.620+0600][47.946s][info][gc,task        ] GC(188) Using 10 workers of 10 for evacuation
[2026-04-03T03:26:39.648+0600][47.973s][info][gc,phases      ] GC(188)   Pre Evacuate Collection Set: 0.58ms
[2026-04-03T03:26:39.648+0600][47.973s][info][gc,phases      ] GC(188)   Merge Heap Roots: 0.26ms
[2026-04-03T03:26:39.648+0600][47.973s][info][gc,phases      ] GC(188)   Evacuate Collection Set: 25.28ms
[2026-04-03T03:26:39.648+0600][47.973s][info][gc,phases      ] GC(188)   Post Evacuate Collection Set: 0.82ms
[2026-04-03T03:26:39.648+0600][47.973s][info][gc,phases      ] GC(188)   Other: 0.29ms
[2026-04-03T03:26:39.648+0600][47.973s][info][gc,heap        ] GC(188) Eden regions: 94->0(183)
[2026-04-03T03:26:39.648+0600][47.973s][info][gc,heap        ] GC(188) Survivor regions: 24->11(26)
[2026-04-03T03:26:39.648+0600][47.973s][info][gc,heap        ] GC(188) Old regions: 230->253
[2026-04-03T03:26:39.648+0600][47.973s][info][gc,heap        ] GC(188) Humongous regions: 62->62
[2026-04-03T03:26:39.648+0600][47.973s][info][gc,metaspace   ] GC(188) Metaspace: 73090K(74048K)->73090K(74048K) NonClass: 63776K(64320K)->63776K(64320K) Class: 9314K(9728K)->9314K(9728K)
[2026-04-03T03:26:39.648+0600][47.973s][info][gc             ] GC(188) Pause Young (Concurrent Start) (G1 Humongous Allocation) 403M->320M(575M) 27.659ms
[2026-04-03T03:26:39.648+0600][47.974s][info][gc,cpu         ] GC(188) User=0.25s Sys=0.01s Real=0.02s
[2026-04-03T03:26:39.648+0600][47.974s][info][gc             ] GC(189) Concurrent Mark Cycle
[2026-04-03T03:26:39.648+0600][47.974s][info][gc,marking     ] GC(189) Concurrent Scan Root Regions
[2026-04-03T03:26:39.662+0600][47.987s][info][gc,marking     ] GC(189) Concurrent Scan Root Regions 13.446ms
[2026-04-03T03:26:39.662+0600][47.987s][info][gc,marking     ] GC(189) Concurrent Mark
[2026-04-03T03:26:39.662+0600][47.987s][info][gc,marking     ] GC(189) Concurrent Mark From Roots
[2026-04-03T03:26:39.662+0600][47.987s][info][gc,task        ] GC(189) Using 3 workers of 3 for marking
[2026-04-03T03:26:39.895+0600][48.221s][info][gc,start       ] GC(190) Pause Young (Normal) (G1 Evacuation Pause)
[2026-04-03T03:26:39.895+0600][48.221s][info][gc,task        ] GC(190) Using 10 workers of 10 for evacuation
[2026-04-03T03:26:39.928+0600][48.254s][info][gc,phases      ] GC(190)   Pre Evacuate Collection Set: 0.31ms
[2026-04-03T03:26:39.928+0600][48.254s][info][gc,phases      ] GC(190)   Merge Heap Roots: 1.09ms
[2026-04-03T03:26:39.928+0600][48.254s][info][gc,phases      ] GC(190)   Evacuate Collection Set: 28.78ms
[2026-04-03T03:26:39.928+0600][48.254s][info][gc,phases      ] GC(190)   Post Evacuate Collection Set: 2.65ms
[2026-04-03T03:26:39.928+0600][48.254s][info][gc,phases      ] GC(190)   Other: 0.14ms
[2026-04-03T03:26:39.928+0600][48.254s][info][gc,heap        ] GC(190) Eden regions: 183->0(309)
[2026-04-03T03:26:39.928+0600][48.254s][info][gc,heap        ] GC(190) Survivor regions: 11->25(25)
[2026-04-03T03:26:39.928+0600][48.254s][info][gc,heap        ] GC(190) Old regions: 253->255
[2026-04-03T03:26:39.928+0600][48.254s][info][gc,heap        ] GC(190) Humongous regions: 77->77
[2026-04-03T03:26:39.928+0600][48.254s][info][gc,metaspace   ] GC(190) Metaspace: 73090K(74048K)->73090K(74048K) NonClass: 63776K(64320K)->63776K(64320K) Class: 9314K(9728K)->9314K(9728K)
[2026-04-03T03:26:39.928+0600][48.254s][info][gc             ] GC(190) Pause Young (Normal) (G1 Evacuation Pause) 518M->351M(776M) 33.292ms
[2026-04-03T03:26:39.928+0600][48.254s][info][gc,cpu         ] GC(190) User=0.30s Sys=0.00s Real=0.03s
[2026-04-03T03:26:39.961+0600][48.287s][info][gc,marking     ] GC(189) Concurrent Mark From Roots 299.200ms
[2026-04-03T03:26:39.961+0600][48.287s][info][gc,marking     ] GC(189) Concurrent Preclean
[2026-04-03T03:26:39.961+0600][48.287s][info][gc,marking     ] GC(189) Concurrent Preclean 0.253ms
[2026-04-03T03:26:39.962+0600][48.287s][info][gc,start       ] GC(189) Pause Remark
[2026-04-03T03:26:39.967+0600][48.292s][info][gc             ] GC(189) Pause Remark 370M->343M(776M) 4.988ms
[2026-04-03T03:26:39.967+0600][48.292s][info][gc,cpu         ] GC(189) User=0.03s Sys=0.00s Real=0.00s
[2026-04-03T03:26:39.967+0600][48.292s][info][gc,marking     ] GC(189) Concurrent Mark 305.195ms
[2026-04-03T03:26:39.967+0600][48.293s][info][gc,marking     ] GC(189) Concurrent Rebuild Remembered Sets and Scrub Regions
[2026-04-03T03:26:40.167+0600][48.492s][info][gc,marking     ] GC(189) Concurrent Rebuild Remembered Sets and Scrub Regions 199.599ms
[2026-04-03T03:26:40.167+0600][48.493s][info][gc,start       ] GC(189) Pause Cleanup
[2026-04-03T03:26:40.168+0600][48.493s][info][gc             ] GC(189) Pause Cleanup 463M->463M(776M) 0.565ms
[2026-04-03T03:26:40.168+0600][48.493s][info][gc,cpu         ] GC(189) User=0.00s Sys=0.00s Real=0.00s
[2026-04-03T03:26:40.168+0600][48.494s][info][gc,marking     ] GC(189) Concurrent Clear Claimed Marks
[2026-04-03T03:26:40.168+0600][48.494s][info][gc,marking     ] GC(189) Concurrent Clear Claimed Marks 0.303ms
[2026-04-03T03:26:40.168+0600][48.494s][info][gc,marking     ] GC(189) Concurrent Cleanup for Next Mark
[2026-04-03T03:26:40.171+0600][48.496s][info][gc,marking     ] GC(189) Concurrent Cleanup for Next Mark 2.265ms
[2026-04-03T03:26:40.171+0600][48.496s][info][gc             ] GC(189) Concurrent Mark Cycle 522.659ms
[2026-04-03T03:26:40.353+0600][48.679s][info][gc,start       ] GC(191) Pause Young (Prepare Mixed) (G1 Evacuation Pause)
[2026-04-03T03:26:40.354+0600][48.679s][info][gc,task        ] GC(191) Using 10 workers of 10 for evacuation
[2026-04-03T03:26:40.396+0600][48.722s][info][gc,phases      ] GC(191)   Pre Evacuate Collection Set: 0.40ms
[2026-04-03T03:26:40.396+0600][48.722s][info][gc,phases      ] GC(191)   Merge Heap Roots: 0.92ms
[2026-04-03T03:26:40.396+0600][48.722s][info][gc,phases      ] GC(191)   Evacuate Collection Set: 40.03ms
[2026-04-03T03:26:40.396+0600][48.722s][info][gc,phases      ] GC(191)   Post Evacuate Collection Set: 1.03ms
[2026-04-03T03:26:40.396+0600][48.722s][info][gc,phases      ] GC(191)   Other: 0.14ms
[2026-04-03T03:26:40.396+0600][48.722s][info][gc,heap        ] GC(191) Eden regions: 309->0(327)
[2026-04-03T03:26:40.396+0600][48.722s][info][gc,heap        ] GC(191) Survivor regions: 25->34(42)
[2026-04-03T03:26:40.396+0600][48.722s][info][gc,heap        ] GC(191) Old regions: 255->264
[2026-04-03T03:26:40.396+0600][48.722s][info][gc,heap        ] GC(191) Humongous regions: 50->50
[2026-04-03T03:26:40.396+0600][48.722s][info][gc,metaspace   ] GC(191) Metaspace: 73090K(74048K)->73090K(74048K) NonClass: 63776K(64320K)->63776K(64320K) Class: 9314K(9728K)->9314K(9728K)
[2026-04-03T03:26:40.396+0600][48.722s][info][gc             ] GC(191) Pause Young (Prepare Mixed) (G1 Evacuation Pause) 633M->342M(776M) 42.878ms
[2026-04-03T03:26:40.396+0600][48.722s][info][gc,cpu         ] GC(191) User=0.41s Sys=0.00s Real=0.04s
[2026-04-03T03:26:40.803+0600][49.129s][info][gc,start       ] GC(192) Pause Young (Mixed) (G1 Evacuation Pause)
[2026-04-03T03:26:40.803+0600][49.129s][info][gc,task        ] GC(192) Using 10 workers of 10 for evacuation
[2026-04-03T03:26:40.857+0600][49.183s][info][gc,phases      ] GC(192)   Pre Evacuate Collection Set: 0.48ms
[2026-04-03T03:26:40.857+0600][49.183s][info][gc,phases      ] GC(192)   Merge Heap Roots: 1.74ms
[2026-04-03T03:26:40.857+0600][49.183s][info][gc,phases      ] GC(192)   Evacuate Collection Set: 49.90ms
[2026-04-03T03:26:40.857+0600][49.183s][info][gc,phases      ] GC(192)   Post Evacuate Collection Set: 1.48ms
[2026-04-03T03:26:40.857+0600][49.183s][info][gc,phases      ] GC(192)   Other: 0.14ms
[2026-04-03T03:26:40.857+0600][49.183s][info][gc,heap        ] GC(192) Eden regions: 327->0(304)
[2026-04-03T03:26:40.857+0600][49.183s][info][gc,heap        ] GC(192) Survivor regions: 34->38(46)
[2026-04-03T03:26:40.857+0600][49.183s][info][gc,heap        ] GC(192) Old regions: 264->273
[2026-04-03T03:26:40.857+0600][49.183s][info][gc,heap        ] GC(192) Humongous regions: 77->77
[2026-04-03T03:26:40.857+0600][49.183s][info][gc,metaspace   ] GC(192) Metaspace: 73093K(74048K)->73093K(74048K) NonClass: 63779K(64320K)->63779K(64320K) Class: 9314K(9728K)->9314K(9728K)
[2026-04-03T03:26:40.857+0600][49.183s][info][gc             ] GC(192) Pause Young (Mixed) (G1 Evacuation Pause) 696M->385M(776M) 54.103ms
[2026-04-03T03:26:40.857+0600][49.183s][info][gc,cpu         ] GC(192) User=0.52s Sys=0.00s Real=0.05s
[2026-04-03T03:26:41.135+0600][49.460s][info][gc,start       ] GC(193) Pause Young (Concurrent Start) (G1 Humongous Allocation)
[2026-04-03T03:26:41.135+0600][49.460s][info][gc,task        ] GC(193) Using 10 workers of 10 for evacuation
[2026-04-03T03:26:41.193+0600][49.518s][info][gc,phases      ] GC(193)   Pre Evacuate Collection Set: 0.54ms
[2026-04-03T03:26:41.193+0600][49.518s][info][gc,phases      ] GC(193)   Merge Heap Roots: 1.01ms
[2026-04-03T03:26:41.193+0600][49.518s][info][gc,phases      ] GC(193)   Evacuate Collection Set: 54.85ms
[2026-04-03T03:26:41.193+0600][49.518s][info][gc,phases      ] GC(193)   Post Evacuate Collection Set: 1.31ms
[2026-04-03T03:26:41.193+0600][49.518s][info][gc,phases      ] GC(193)   Other: 0.22ms
[2026-04-03T03:26:41.193+0600][49.518s][info][gc,heap        ] GC(193) Eden regions: 224->0(298)
[2026-04-03T03:26:41.193+0600][49.518s][info][gc,heap        ] GC(193) Survivor regions: 38->37(43)
[2026-04-03T03:26:41.193+0600][49.518s][info][gc,heap        ] GC(193) Old regions: 273->291
[2026-04-03T03:26:41.193+0600][49.518s][info][gc,heap        ] GC(193) Humongous regions: 77->77
[2026-04-03T03:26:41.193+0600][49.518s][info][gc,metaspace   ] GC(193) Metaspace: 73093K(74048K)->73093K(74048K) NonClass: 63779K(64320K)->63779K(64320K) Class: 9314K(9728K)->9314K(9728K)
[2026-04-03T03:26:41.193+0600][49.518s][info][gc             ] GC(193) Pause Young (Concurrent Start) (G1 Humongous Allocation) 608M->401M(776M) 58.341ms
[2026-04-03T03:26:41.193+0600][49.519s][info][gc,cpu         ] GC(193) User=0.56s Sys=0.00s Real=0.06s
[2026-04-03T03:26:41.193+0600][49.519s][info][gc             ] GC(194) Concurrent Mark Cycle
[2026-04-03T03:26:41.193+0600][49.519s][info][gc,marking     ] GC(194) Concurrent Scan Root Regions
[2026-04-03T03:26:41.214+0600][49.540s][info][gc,marking     ] GC(194) Concurrent Scan Root Regions 21.168ms
[2026-04-03T03:26:41.214+0600][49.540s][info][gc,marking     ] GC(194) Concurrent Mark
[2026-04-03T03:26:41.214+0600][49.540s][info][gc,marking     ] GC(194) Concurrent Mark From Roots
[2026-04-03T03:26:41.214+0600][49.540s][info][gc,task        ] GC(194) Using 3 workers of 3 for marking
[2026-04-03T03:26:41.453+0600][49.778s][info][gc,marking     ] GC(194) Concurrent Mark From Roots 238.167ms
[2026-04-03T03:26:41.453+0600][49.778s][info][gc,marking     ] GC(194) Concurrent Preclean
[2026-04-03T03:26:41.453+0600][49.779s][info][gc,marking     ] GC(194) Concurrent Preclean 0.248ms
[2026-04-03T03:26:41.453+0600][49.779s][info][gc,start       ] GC(194) Pause Remark
[2026-04-03T03:26:41.459+0600][49.784s][info][gc             ] GC(194) Pause Remark 407M->308M(776M) 5.433ms
[2026-04-03T03:26:41.459+0600][49.785s][info][gc,cpu         ] GC(194) User=0.03s Sys=0.00s Real=0.00s
[2026-04-03T03:26:41.459+0600][49.785s][info][gc,marking     ] GC(194) Concurrent Mark 244.725ms
[2026-04-03T03:26:41.459+0600][49.785s][info][gc,marking     ] GC(194) Concurrent Rebuild Remembered Sets and Scrub Regions
[2026-04-03T03:26:41.700+0600][50.026s][info][gc,marking     ] GC(194) Concurrent Rebuild Remembered Sets and Scrub Regions 240.729ms
[2026-04-03T03:26:41.700+0600][50.026s][info][gc,start       ] GC(194) Pause Cleanup
[2026-04-03T03:26:41.701+0600][50.026s][info][gc             ] GC(194) Pause Cleanup 312M->312M(776M) 0.521ms
[2026-04-03T03:26:41.701+0600][50.027s][info][gc,cpu         ] GC(194) User=0.00s Sys=0.00s Real=0.00s
[2026-04-03T03:26:41.701+0600][50.027s][info][gc,marking     ] GC(194) Concurrent Clear Claimed Marks
[2026-04-03T03:26:41.701+0600][50.027s][info][gc,marking     ] GC(194) Concurrent Clear Claimed Marks 0.196ms
[2026-04-03T03:26:41.701+0600][50.027s][info][gc,marking     ] GC(194) Concurrent Cleanup for Next Mark
[2026-04-03T03:26:41.702+0600][50.028s][info][gc,marking     ] GC(194) Concurrent Cleanup for Next Mark 0.922ms
[2026-04-03T03:26:41.702+0600][50.028s][info][gc             ] GC(194) Concurrent Mark Cycle 509.268ms
[2026-04-03T03:26:42.650+0600][50.975s][info][gc,start       ] GC(195) Pause Young (Prepare Mixed) (G1 Evacuation Pause)
[2026-04-03T03:26:42.650+0600][50.976s][info][gc,task        ] GC(195) Using 10 workers of 10 for evacuation
[2026-04-03T03:26:42.761+0600][51.087s][info][gc,phases      ] GC(195)   Pre Evacuate Collection Set: 0.36ms
[2026-04-03T03:26:42.761+0600][51.087s][info][gc,phases      ] GC(195)   Merge Heap Roots: 1.57ms
[2026-04-03T03:26:42.761+0600][51.087s][info][gc,phases      ] GC(195)   Evacuate Collection Set: 108.37ms
[2026-04-03T03:26:42.761+0600][51.087s][info][gc,phases      ] GC(195)   Post Evacuate Collection Set: 0.93ms
[2026-04-03T03:26:42.762+0600][51.087s][info][gc,phases      ] GC(195)   Other: 0.12ms
[2026-04-03T03:26:42.762+0600][51.087s][info][gc,heap        ] GC(195) Eden regions: 298->0(230)
[2026-04-03T03:26:42.762+0600][51.087s][info][gc,heap        ] GC(195) Survivor regions: 37->42(42)
[2026-04-03T03:26:42.762+0600][51.087s][info][gc,heap        ] GC(195) Old regions: 231->298
[2026-04-03T03:26:42.762+0600][51.087s][info][gc,heap        ] GC(195) Humongous regions: 115->104
[2026-04-03T03:26:42.762+0600][51.087s][info][gc,metaspace   ] GC(195) Metaspace: 73135K(74048K)->73135K(74048K) NonClass: 63819K(64320K)->63819K(64320K) Class: 9315K(9728K)->9315K(9728K)
[2026-04-03T03:26:42.762+0600][51.087s][info][gc             ] GC(195) Pause Young (Prepare Mixed) (G1 Evacuation Pause) 677M->441M(790M) 111.680ms
[2026-04-03T03:26:42.762+0600][51.087s][info][gc,cpu         ] GC(195) User=1.20s Sys=0.02s Real=0.11s
[2026-04-03T03:26:42.973+0600][51.299s][info][gc,start       ] GC(196) Pause Young (Mixed) (G1 Evacuation Pause)
[2026-04-03T03:26:42.973+0600][51.299s][info][gc,task        ] GC(196) Using 10 workers of 10 for evacuation
[2026-04-03T03:26:43.056+0600][51.381s][info][gc,phases      ] GC(196)   Pre Evacuate Collection Set: 0.55ms
[2026-04-03T03:26:43.056+0600][51.381s][info][gc,phases      ] GC(196)   Merge Heap Roots: 1.08ms
[2026-04-03T03:26:43.056+0600][51.381s][info][gc,phases      ] GC(196)   Evacuate Collection Set: 79.68ms
[2026-04-03T03:26:43.056+0600][51.381s][info][gc,phases      ] GC(196)   Post Evacuate Collection Set: 0.98ms
[2026-04-03T03:26:43.056+0600][51.381s][info][gc,phases      ] GC(196)   Other: 0.17ms
[2026-04-03T03:26:43.056+0600][51.381s][info][gc,heap        ] GC(196) Eden regions: 230->0(196)
[2026-04-03T03:26:43.056+0600][51.381s][info][gc,heap        ] GC(196) Survivor regions: 42->34(34)
[2026-04-03T03:26:43.056+0600][51.381s][info][gc,heap        ] GC(196) Old regions: 298->341
[2026-04-03T03:26:43.056+0600][51.381s][info][gc,heap        ] GC(196) Humongous regions: 128->128
[2026-04-03T03:26:43.056+0600][51.382s][info][gc,metaspace   ] GC(196) Metaspace: 73136K(74048K)->73136K(74048K) NonClass: 63820K(64320K)->63820K(64320K) Class: 9315K(9728K)->9315K(9728K)
[2026-04-03T03:26:43.056+0600][51.382s][info][gc             ] GC(196) Pause Young (Mixed) (G1 Evacuation Pause) 695M->500M(790M) 82.810ms
[2026-04-03T03:26:43.056+0600][51.382s][info][gc,cpu         ] GC(196) User=0.81s Sys=0.00s Real=0.08s
[2026-04-03T03:26:43.092+0600][51.417s][info][gc,start       ] GC(197) Pause Young (Concurrent Start) (G1 Humongous Allocation)
[2026-04-03T03:26:43.092+0600][51.417s][info][gc,task        ] GC(197) Using 10 workers of 10 for evacuation
[2026-04-03T03:26:43.121+0600][51.447s][info][gc,phases      ] GC(197)   Pre Evacuate Collection Set: 0.39ms
[2026-04-03T03:26:43.121+0600][51.447s][info][gc,phases      ] GC(197)   Merge Heap Roots: 0.43ms
[2026-04-03T03:26:43.121+0600][51.447s][info][gc,phases      ] GC(197)   Evacuate Collection Set: 26.90ms
[2026-04-03T03:26:43.121+0600][51.447s][info][gc,phases      ] GC(197)   Post Evacuate Collection Set: 1.41ms
[2026-04-03T03:26:43.121+0600][51.447s][info][gc,phases      ] GC(197)   Other: 0.29ms
[2026-04-03T03:26:43.121+0600][51.447s][info][gc,heap        ] GC(197) Eden regions: 50->0(256)
[2026-04-03T03:26:43.121+0600][51.447s][info][gc,heap        ] GC(197) Survivor regions: 34->9(29)
[2026-04-03T03:26:43.121+0600][51.447s][info][gc,heap        ] GC(197) Old regions: 341->377
[2026-04-03T03:26:43.121+0600][51.447s][info][gc,heap        ] GC(197) Humongous regions: 128->128
[2026-04-03T03:26:43.121+0600][51.447s][info][gc,metaspace   ] GC(197) Metaspace: 73136K(74048K)->73136K(74048K) NonClass: 63820K(64320K)->63820K(64320K) Class: 9315K(9728K)->9315K(9728K)
[2026-04-03T03:26:43.121+0600][51.447s][info][gc             ] GC(197) Pause Young (Concurrent Start) (G1 Humongous Allocation) 550M->510M(882M) 29.732ms
[2026-04-03T03:26:43.121+0600][51.447s][info][gc,cpu         ] GC(197) User=0.27s Sys=0.00s Real=0.03s
[2026-04-03T03:26:43.122+0600][51.447s][info][gc             ] GC(198) Concurrent Mark Cycle
[2026-04-03T03:26:43.122+0600][51.447s][info][gc,marking     ] GC(198) Concurrent Scan Root Regions
[2026-04-03T03:26:43.143+0600][51.468s][info][gc,marking     ] GC(198) Concurrent Scan Root Regions 21.196ms
[2026-04-03T03:26:43.143+0600][51.468s][info][gc,marking     ] GC(198) Concurrent Mark
[2026-04-03T03:26:43.143+0600][51.468s][info][gc,marking     ] GC(198) Concurrent Mark From Roots
[2026-04-03T03:26:43.143+0600][51.468s][info][gc,task        ] GC(198) Using 3 workers of 3 for marking
[2026-04-03T03:26:43.404+0600][51.729s][info][gc,marking     ] GC(198) Concurrent Mark From Roots 260.675ms
[2026-04-03T03:26:43.404+0600][51.729s][info][gc,marking     ] GC(198) Concurrent Preclean
[2026-04-03T03:26:43.404+0600][51.730s][info][gc,marking     ] GC(198) Concurrent Preclean 0.296ms
[2026-04-03T03:26:43.404+0600][51.730s][info][gc,start       ] GC(198) Pause Remark
[2026-04-03T03:26:43.410+0600][51.736s][info][gc             ] GC(198) Pause Remark 707M->548M(882M) 5.789ms
[2026-04-03T03:26:43.410+0600][51.736s][info][gc,cpu         ] GC(198) User=0.03s Sys=0.00s Real=0.01s
[2026-04-03T03:26:43.411+0600][51.736s][info][gc,marking     ] GC(198) Concurrent Mark 267.649ms
[2026-04-03T03:26:43.411+0600][51.736s][info][gc,marking     ] GC(198) Concurrent Rebuild Remembered Sets and Scrub Regions
[2026-04-03T03:26:43.530+0600][51.856s][info][gc,start       ] GC(199) Pause Young (Normal) (G1 Evacuation Pause)
[2026-04-03T03:26:43.530+0600][51.856s][info][gc,task        ] GC(199) Using 10 workers of 10 for evacuation
[2026-04-03T03:26:43.569+0600][51.895s][info][gc,phases      ] GC(199)   Pre Evacuate Collection Set: 0.65ms
[2026-04-03T03:26:43.569+0600][51.895s][info][gc,phases      ] GC(199)   Merge Heap Roots: 0.90ms
[2026-04-03T03:26:43.569+0600][51.895s][info][gc,phases      ] GC(199)   Evacuate Collection Set: 36.44ms
[2026-04-03T03:26:43.569+0600][51.895s][info][gc,phases      ] GC(199)   Post Evacuate Collection Set: 0.90ms
[2026-04-03T03:26:43.569+0600][51.895s][info][gc,phases      ] GC(199)   Other: 0.15ms
[2026-04-03T03:26:43.569+0600][51.895s][info][gc,heap        ] GC(199) Eden regions: 256->0(359)
[2026-04-03T03:26:43.569+0600][51.895s][info][gc,heap        ] GC(199) Survivor regions: 9->32(34)
[2026-04-03T03:26:43.569+0600][51.895s][info][gc,heap        ] GC(199) Old regions: 311->311
[2026-04-03T03:26:43.569+0600][51.895s][info][gc,heap        ] GC(199) Humongous regions: 59->59
[2026-04-03T03:26:43.569+0600][51.895s][info][gc,metaspace   ] GC(199) Metaspace: 73136K(74048K)->73136K(74048K) NonClass: 63820K(64320K)->63820K(64320K) Class: 9315K(9728K)->9315K(9728K)
[2026-04-03T03:26:43.569+0600][51.895s][info][gc             ] GC(199) Pause Young (Normal) (G1 Evacuation Pause) 631M->398M(882M) 39.353ms
[2026-04-03T03:26:43.569+0600][51.895s][info][gc,cpu         ] GC(199) User=0.37s Sys=0.00s Real=0.03s
[2026-04-03T03:26:43.588+0600][51.914s][info][gc,marking     ] GC(198) Concurrent Rebuild Remembered Sets and Scrub Regions 177.324ms
[2026-04-03T03:26:43.588+0600][51.914s][info][gc,start       ] GC(198) Pause Cleanup
[2026-04-03T03:26:43.589+0600][51.914s][info][gc             ] GC(198) Pause Cleanup 413M->413M(882M) 0.653ms
[2026-04-03T03:26:43.589+0600][51.915s][info][gc,cpu         ] GC(198) User=0.00s Sys=0.00s Real=0.00s
[2026-04-03T03:26:43.589+0600][51.915s][info][gc,marking     ] GC(198) Concurrent Clear Claimed Marks
[2026-04-03T03:26:43.590+0600][51.915s][info][gc,marking     ] GC(198) Concurrent Clear Claimed Marks 0.272ms
[2026-04-03T03:26:43.590+0600][51.915s][info][gc,marking     ] GC(198) Concurrent Cleanup for Next Mark
[2026-04-03T03:26:43.591+0600][51.917s][info][gc,marking     ] GC(198) Concurrent Cleanup for Next Mark 1.916ms
[2026-04-03T03:26:43.592+0600][51.917s][info][gc             ] GC(198) Concurrent Mark Cycle 470.104ms
[2026-04-03T03:26:43.915+0600][52.241s][info][gc,start       ] GC(200) Pause Young (Prepare Mixed) (G1 Evacuation Pause)
[2026-04-03T03:26:43.915+0600][52.241s][info][gc,task        ] GC(200) Using 10 workers of 10 for evacuation
[2026-04-03T03:26:43.969+0600][52.294s][info][gc,phases      ] GC(200)   Pre Evacuate Collection Set: 0.41ms
[2026-04-03T03:26:43.969+0600][52.294s][info][gc,phases      ] GC(200)   Merge Heap Roots: 0.42ms
[2026-04-03T03:26:43.969+0600][52.294s][info][gc,phases      ] GC(200)   Evacuate Collection Set: 51.40ms
[2026-04-03T03:26:43.969+0600][52.294s][info][gc,phases      ] GC(200)   Post Evacuate Collection Set: 1.03ms
[2026-04-03T03:26:43.969+0600][52.294s][info][gc,phases      ] GC(200)   Other: 0.15ms
[2026-04-03T03:26:43.969+0600][52.294s][info][gc,heap        ] GC(200) Eden regions: 359->0(351)
[2026-04-03T03:26:43.969+0600][52.294s][info][gc,heap        ] GC(200) Survivor regions: 32->49(49)
[2026-04-03T03:26:43.969+0600][52.294s][info][gc,heap        ] GC(200) Old regions: 311->318
[2026-04-03T03:26:43.969+0600][52.294s][info][gc,heap        ] GC(200) Humongous regions: 59->59
[2026-04-03T03:26:43.969+0600][52.294s][info][gc,metaspace   ] GC(200) Metaspace: 73136K(74048K)->73136K(74048K) NonClass: 63820K(64320K)->63820K(64320K) Class: 9315K(9728K)->9315K(9728K)
[2026-04-03T03:26:43.969+0600][52.294s][info][gc             ] GC(200) Pause Young (Prepare Mixed) (G1 Evacuation Pause) 757M->423M(882M) 53.780ms
[2026-04-03T03:26:43.969+0600][52.294s][info][gc,cpu         ] GC(200) User=0.52s Sys=0.00s Real=0.05s
[2026-04-03T03:26:44.391+0600][52.717s][info][gc,start       ] GC(201) Pause Young (Mixed) (G1 Evacuation Pause)
[2026-04-03T03:26:44.391+0600][52.717s][info][gc,task        ] GC(201) Using 10 workers of 10 for evacuation
[2026-04-03T03:26:44.464+0600][52.789s][info][gc,phases      ] GC(201)   Pre Evacuate Collection Set: 0.68ms
[2026-04-03T03:26:44.464+0600][52.789s][info][gc,phases      ] GC(201)   Merge Heap Roots: 1.34ms
[2026-04-03T03:26:44.464+0600][52.789s][info][gc,phases      ] GC(201)   Evacuate Collection Set: 68.47ms
[2026-04-03T03:26:44.464+0600][52.789s][info][gc,phases      ] GC(201)   Post Evacuate Collection Set: 1.45ms
[2026-04-03T03:26:44.464+0600][52.789s][info][gc,phases      ] GC(201)   Other: 0.16ms
[2026-04-03T03:26:44.464+0600][52.789s][info][gc,heap        ] GC(201) Eden regions: 351->0(356)
[2026-04-03T03:26:44.464+0600][52.789s][info][gc,heap        ] GC(201) Survivor regions: 49->45(50)
[2026-04-03T03:26:44.464+0600][52.789s][info][gc,heap        ] GC(201) Old regions: 318->300
[2026-04-03T03:26:44.464+0600][52.789s][info][gc,heap        ] GC(201) Humongous regions: 86->86
[2026-04-03T03:26:44.464+0600][52.789s][info][gc,metaspace   ] GC(201) Metaspace: 73136K(74048K)->73136K(74048K) NonClass: 63820K(64320K)->63820K(64320K) Class: 9315K(9728K)->9315K(9728K)
[2026-04-03T03:26:44.464+0600][52.789s][info][gc             ] GC(201) Pause Young (Mixed) (G1 Evacuation Pause) 801M->427M(882M) 72.449ms
[2026-04-03T03:26:44.464+0600][52.789s][info][gc,cpu         ] GC(201) User=0.70s Sys=0.00s Real=0.07s
[2026-04-03T03:26:44.660+0600][52.986s][info][gc,start       ] GC(202) Pause Young (Concurrent Start) (G1 Humongous Allocation)
[2026-04-03T03:26:44.660+0600][52.986s][info][gc,task        ] GC(202) Using 10 workers of 10 for evacuation
[2026-04-03T03:26:44.716+0600][53.042s][info][gc,phases      ] GC(202)   Pre Evacuate Collection Set: 0.41ms
[2026-04-03T03:26:44.716+0600][53.042s][info][gc,phases      ] GC(202)   Merge Heap Roots: 0.29ms
[2026-04-03T03:26:44.716+0600][53.042s][info][gc,phases      ] GC(202)   Evacuate Collection Set: 53.78ms
[2026-04-03T03:26:44.716+0600][53.042s][info][gc,phases      ] GC(202)   Post Evacuate Collection Set: 0.90ms
[2026-04-03T03:26:44.716+0600][53.042s][info][gc,phases      ] GC(202)   Other: 0.27ms
[2026-04-03T03:26:44.716+0600][53.042s][info][gc,heap        ] GC(202) Eden regions: 131->0(356)
[2026-04-03T03:26:44.716+0600][53.042s][info][gc,heap        ] GC(202) Survivor regions: 45->34(51)
[2026-04-03T03:26:44.716+0600][53.042s][info][gc,heap        ] GC(202) Old regions: 300->320
[2026-04-03T03:26:44.716+0600][53.042s][info][gc,heap        ] GC(202) Humongous regions: 86->86
[2026-04-03T03:26:44.716+0600][53.042s][info][gc,metaspace   ] GC(202) Metaspace: 73136K(74048K)->73136K(74048K) NonClass: 63820K(64320K)->63820K(64320K) Class: 9315K(9728K)->9315K(9728K)
[2026-04-03T03:26:44.716+0600][53.042s][info][gc             ] GC(202) Pause Young (Concurrent Start) (G1 Humongous Allocation) 557M->437M(882M) 55.991ms
[2026-04-03T03:26:44.716+0600][53.042s][info][gc,cpu         ] GC(202) User=0.55s Sys=0.00s Real=0.05s
[2026-04-03T03:26:44.716+0600][53.042s][info][gc             ] GC(203) Concurrent Mark Cycle
[2026-04-03T03:26:44.717+0600][53.042s][info][gc,marking     ] GC(203) Concurrent Scan Root Regions
[2026-04-03T03:26:44.741+0600][53.066s][info][gc,marking     ] GC(203) Concurrent Scan Root Regions 24.256ms
[2026-04-03T03:26:44.741+0600][53.066s][info][gc,marking     ] GC(203) Concurrent Mark
[2026-04-03T03:26:44.741+0600][53.066s][info][gc,marking     ] GC(203) Concurrent Mark From Roots
[2026-04-03T03:26:44.741+0600][53.066s][info][gc,task        ] GC(203) Using 3 workers of 3 for marking
[2026-04-03T03:26:44.968+0600][53.293s][info][gc,marking     ] GC(203) Concurrent Mark From Roots 226.882ms
[2026-04-03T03:26:44.968+0600][53.293s][info][gc,marking     ] GC(203) Concurrent Preclean
[2026-04-03T03:26:44.968+0600][53.294s][info][gc,marking     ] GC(203) Concurrent Preclean 0.300ms
[2026-04-03T03:26:44.969+0600][53.294s][info][gc,start       ] GC(203) Pause Remark
[2026-04-03T03:26:44.975+0600][53.300s][info][gc             ] GC(203) Pause Remark 442M->324M(882M) 5.768ms
[2026-04-03T03:26:44.975+0600][53.300s][info][gc,cpu         ] GC(203) User=0.03s Sys=0.00s Real=0.01s
[2026-04-03T03:26:44.975+0600][53.300s][info][gc,marking     ] GC(203) Concurrent Mark 233.972ms
[2026-04-03T03:26:44.975+0600][53.300s][info][gc,marking     ] GC(203) Concurrent Rebuild Remembered Sets and Scrub Regions
[2026-04-03T03:26:45.179+0600][53.504s][info][gc,marking     ] GC(203) Concurrent Rebuild Remembered Sets and Scrub Regions 203.585ms
[2026-04-03T03:26:45.179+0600][53.505s][info][gc,start       ] GC(203) Pause Cleanup
[2026-04-03T03:26:45.180+0600][53.505s][info][gc             ] GC(203) Pause Cleanup 328M->328M(882M) 0.567ms
[2026-04-03T03:26:45.180+0600][53.505s][info][gc,cpu         ] GC(203) User=0.00s Sys=0.00s Real=0.00s
[2026-04-03T03:26:45.180+0600][53.505s][info][gc,marking     ] GC(203) Concurrent Clear Claimed Marks
[2026-04-03T03:26:45.180+0600][53.506s][info][gc,marking     ] GC(203) Concurrent Clear Claimed Marks 0.254ms
[2026-04-03T03:26:45.180+0600][53.506s][info][gc,marking     ] GC(203) Concurrent Cleanup for Next Mark
[2026-04-03T03:26:45.181+0600][53.507s][info][gc,marking     ] GC(203) Concurrent Cleanup for Next Mark 1.175ms
[2026-04-03T03:26:45.181+0600][53.507s][info][gc             ] GC(203) Concurrent Mark Cycle 464.957ms
[2026-04-03T03:26:46.297+0600][54.623s][info][gc,start       ] GC(204) Pause Young (Prepare Mixed) (G1 Evacuation Pause)
[2026-04-03T03:26:46.297+0600][54.623s][info][gc,task        ] GC(204) Using 10 workers of 10 for evacuation
[2026-04-03T03:26:46.417+0600][54.742s][info][gc,phases      ] GC(204)   Pre Evacuate Collection Set: 0.39ms
[2026-04-03T03:26:46.417+0600][54.743s][info][gc,phases      ] GC(204)   Merge Heap Roots: 2.40ms
[2026-04-03T03:26:46.417+0600][54.743s][info][gc,phases      ] GC(204)   Evacuate Collection Set: 115.14ms
[2026-04-03T03:26:46.417+0600][54.743s][info][gc,phases      ] GC(204)   Post Evacuate Collection Set: 1.41ms
[2026-04-03T03:26:46.417+0600][54.743s][info][gc,phases      ] GC(204)   Other: 0.18ms
[2026-04-03T03:26:46.417+0600][54.743s][info][gc,heap        ] GC(204) Eden regions: 356->0(305)
[2026-04-03T03:26:46.417+0600][54.743s][info][gc,heap        ] GC(204) Survivor regions: 34->49(49)
[2026-04-03T03:26:46.417+0600][54.743s][info][gc,heap        ] GC(204) Old regions: 250->295
[2026-04-03T03:26:46.417+0600][54.743s][info][gc,heap        ] GC(204) Humongous regions: 141->119
[2026-04-03T03:26:46.417+0600][54.743s][info][gc,metaspace   ] GC(204) Metaspace: 73241K(74176K)->73241K(74176K) NonClass: 63925K(64448K)->63925K(64448K) Class: 9316K(9728K)->9316K(9728K)
[2026-04-03T03:26:46.417+0600][54.743s][info][gc             ] GC(204) Pause Young (Prepare Mixed) (G1 Evacuation Pause) 778M->460M(882M) 119.926ms
[2026-04-03T03:26:46.417+0600][54.743s][info][gc,cpu         ] GC(204) User=1.18s Sys=0.00s Real=0.12s
[2026-04-03T03:26:47.012+0600][55.338s][info][gc,start       ] GC(205) Pause Young (Mixed) (G1 Evacuation Pause)
[2026-04-03T03:26:47.012+0600][55.338s][info][gc,task        ] GC(205) Using 10 workers of 10 for evacuation
[2026-04-03T03:26:47.118+0600][55.444s][info][gc,phases      ] GC(205)   Pre Evacuate Collection Set: 0.44ms
[2026-04-03T03:26:47.118+0600][55.444s][info][gc,phases      ] GC(205)   Merge Heap Roots: 1.42ms
[2026-04-03T03:26:47.118+0600][55.444s][info][gc,phases      ] GC(205)   Evacuate Collection Set: 102.94ms
[2026-04-03T03:26:47.118+0600][55.444s][info][gc,phases      ] GC(205)   Post Evacuate Collection Set: 0.98ms
[2026-04-03T03:26:47.118+0600][55.444s][info][gc,phases      ] GC(205)   Other: 0.12ms
[2026-04-03T03:26:47.118+0600][55.444s][info][gc,heap        ] GC(205) Eden regions: 305->0(272)
[2026-04-03T03:26:47.118+0600][55.444s][info][gc,heap        ] GC(205) Survivor regions: 49->40(45)
[2026-04-03T03:26:47.118+0600][55.444s][info][gc,heap        ] GC(205) Old regions: 295->329
[2026-04-03T03:26:47.118+0600][55.444s][info][gc,heap        ] GC(205) Humongous regions: 163->152
[2026-04-03T03:26:47.118+0600][55.444s][info][gc,metaspace   ] GC(205) Metaspace: 73268K(74240K)->73268K(74240K) NonClass: 63951K(64512K)->63951K(64512K) Class: 9316K(9728K)->9316K(9728K)
[2026-04-03T03:26:47.118+0600][55.444s][info][gc             ] GC(205) Pause Young (Mixed) (G1 Evacuation Pause) 809M->517M(904M) 106.262ms
[2026-04-03T03:26:47.118+0600][55.444s][info][gc,cpu         ] GC(205) User=1.02s Sys=0.02s Real=0.10s
[2026-04-03T03:26:47.225+0600][55.551s][info][gc,start       ] GC(206) Pause Young (Concurrent Start) (G1 Humongous Allocation)
[2026-04-03T03:26:47.225+0600][55.551s][info][gc,task        ] GC(206) Using 10 workers of 10 for evacuation
[2026-04-03T03:26:47.255+0600][55.580s][info][gc,phases      ] GC(206)   Pre Evacuate Collection Set: 0.45ms
[2026-04-03T03:26:47.255+0600][55.581s][info][gc,phases      ] GC(206)   Merge Heap Roots: 0.32ms
[2026-04-03T03:26:47.255+0600][55.581s][info][gc,phases      ] GC(206)   Evacuate Collection Set: 27.69ms
[2026-04-03T03:26:47.255+0600][55.581s][info][gc,phases      ] GC(206)   Post Evacuate Collection Set: 1.17ms
[2026-04-03T03:26:47.255+0600][55.581s][info][gc,phases      ] GC(206)   Other: 0.19ms
[2026-04-03T03:26:47.255+0600][55.581s][info][gc,heap        ] GC(206) Eden regions: 55->0(333)
[2026-04-03T03:26:47.255+0600][55.581s][info][gc,heap        ] GC(206) Survivor regions: 40->5(39)
[2026-04-03T03:26:47.255+0600][55.581s][info][gc,heap        ] GC(206) Old regions: 329->367
[2026-04-03T03:26:47.255+0600][55.581s][info][gc,heap        ] GC(206) Humongous regions: 152->152
[2026-04-03T03:26:47.255+0600][55.581s][info][gc,metaspace   ] GC(206) Metaspace: 73269K(74240K)->73269K(74240K) NonClass: 63952K(64512K)->63952K(64512K) Class: 9316K(9728K)->9316K(9728K)
[2026-04-03T03:26:47.255+0600][55.581s][info][gc             ] GC(206) Pause Young (Concurrent Start) (G1 Humongous Allocation) 571M->520M(955M) 30.142ms
[2026-04-03T03:26:47.255+0600][55.581s][info][gc,cpu         ] GC(206) User=0.28s Sys=0.00s Real=0.03s
[2026-04-03T03:26:47.255+0600][55.581s][info][gc             ] GC(207) Concurrent Mark Cycle
[2026-04-03T03:26:47.255+0600][55.581s][info][gc,marking     ] GC(207) Concurrent Scan Root Regions
[2026-04-03T03:26:47.266+0600][55.592s][info][gc,marking     ] GC(207) Concurrent Scan Root Regions 10.636ms
[2026-04-03T03:26:47.266+0600][55.592s][info][gc,marking     ] GC(207) Concurrent Mark
[2026-04-03T03:26:47.266+0600][55.592s][info][gc,marking     ] GC(207) Concurrent Mark From Roots
[2026-04-03T03:26:47.266+0600][55.592s][info][gc,task        ] GC(207) Using 3 workers of 3 for marking
[2026-04-03T03:26:47.402+0600][55.727s][info][gc,marking     ] GC(207) Concurrent Mark From Roots 135.609ms
[2026-04-03T03:26:47.402+0600][55.727s][info][gc,marking     ] GC(207) Concurrent Preclean
[2026-04-03T03:26:47.402+0600][55.728s][info][gc,marking     ] GC(207) Concurrent Preclean 0.214ms
[2026-04-03T03:26:47.402+0600][55.728s][info][gc,start       ] GC(207) Pause Remark
[2026-04-03T03:26:47.408+0600][55.734s][info][gc             ] GC(207) Pause Remark 613M->348M(900M) 5.927ms
[2026-04-03T03:26:47.409+0600][55.734s][info][gc,cpu         ] GC(207) User=0.03s Sys=0.01s Real=0.00s
[2026-04-03T03:26:47.409+0600][55.734s][info][gc,marking     ] GC(207) Concurrent Mark 142.640ms
[2026-04-03T03:26:47.409+0600][55.734s][info][gc,marking     ] GC(207) Concurrent Rebuild Remembered Sets and Scrub Regions
[2026-04-03T03:26:47.469+0600][55.794s][info][gc,marking     ] GC(207) Concurrent Rebuild Remembered Sets and Scrub Regions 59.628ms
[2026-04-03T03:26:47.469+0600][55.794s][info][gc,start       ] GC(207) Pause Cleanup
[2026-04-03T03:26:47.470+0600][55.795s][info][gc             ] GC(207) Pause Cleanup 439M->439M(900M) 0.684ms
[2026-04-03T03:26:47.470+0600][55.795s][info][gc,cpu         ] GC(207) User=0.00s Sys=0.00s Real=0.01s
[2026-04-03T03:26:47.470+0600][55.796s][info][gc,marking     ] GC(207) Concurrent Clear Claimed Marks
[2026-04-03T03:26:47.470+0600][55.796s][info][gc,marking     ] GC(207) Concurrent Clear Claimed Marks 0.257ms
[2026-04-03T03:26:47.470+0600][55.796s][info][gc,marking     ] GC(207) Concurrent Cleanup for Next Mark
[2026-04-03T03:26:47.472+0600][55.798s][info][gc,marking     ] GC(207) Concurrent Cleanup for Next Mark 1.820ms
[2026-04-03T03:26:47.472+0600][55.798s][info][gc             ] GC(207) Concurrent Mark Cycle 216.917ms
[2026-04-03T03:26:47.561+0600][55.886s][info][gc,start       ] GC(208) Pause Young (Prepare Mixed) (G1 Evacuation Pause)
[2026-04-03T03:26:47.561+0600][55.886s][info][gc,task        ] GC(208) Using 10 workers of 10 for evacuation
[2026-04-03T03:26:47.592+0600][55.917s][info][gc,phases      ] GC(208)   Pre Evacuate Collection Set: 0.48ms
[2026-04-03T03:26:47.592+0600][55.917s][info][gc,phases      ] GC(208)   Merge Heap Roots: 0.25ms
[2026-04-03T03:26:47.592+0600][55.917s][info][gc,phases      ] GC(208)   Evacuate Collection Set: 28.77ms
[2026-04-03T03:26:47.592+0600][55.917s][info][gc,phases      ] GC(208)   Post Evacuate Collection Set: 1.31ms
[2026-04-03T03:26:47.592+0600][55.917s][info][gc,phases      ] GC(208)   Other: 0.19ms
[2026-04-03T03:26:47.592+0600][55.917s][info][gc,heap        ] GC(208) Eden regions: 333->0(471)
[2026-04-03T03:26:47.592+0600][55.917s][info][gc,heap        ] GC(208) Survivor regions: 5->43(43)
[2026-04-03T03:26:47.592+0600][55.917s][info][gc,heap        ] GC(208) Old regions: 233->234
[2026-04-03T03:26:47.592+0600][55.917s][info][gc,heap        ] GC(208) Humongous regions: 44->33
[2026-04-03T03:26:47.592+0600][55.918s][info][gc,metaspace   ] GC(208) Metaspace: 73292K(74240K)->73292K(74240K) NonClass: 63975K(64512K)->63975K(64512K) Class: 9317K(9728K)->9317K(9728K)
[2026-04-03T03:26:47.592+0600][55.918s][info][gc             ] GC(208) Pause Young (Prepare Mixed) (G1 Evacuation Pause) 611M->306M(900M) 31.385ms
[2026-04-03T03:26:47.592+0600][55.918s][info][gc,cpu         ] GC(208) User=0.29s Sys=0.00s Real=0.03s
[2026-04-03T03:26:48.591+0600][56.916s][info][gc,start       ] GC(209) Pause Young (Mixed) (G1 Evacuation Pause)
[2026-04-03T03:26:48.591+0600][56.916s][info][gc,task        ] GC(209) Using 10 workers of 10 for evacuation
[2026-04-03T03:26:48.726+0600][57.051s][info][gc,phases      ] GC(209)   Pre Evacuate Collection Set: 0.38ms
[2026-04-03T03:26:48.726+0600][57.051s][info][gc,phases      ] GC(209)   Merge Heap Roots: 1.13ms
[2026-04-03T03:26:48.726+0600][57.051s][info][gc,phases      ] GC(209)   Evacuate Collection Set: 132.28ms
[2026-04-03T03:26:48.726+0600][57.051s][info][gc,phases      ] GC(209)   Post Evacuate Collection Set: 1.01ms
[2026-04-03T03:26:48.726+0600][57.051s][info][gc,phases      ] GC(209)   Other: 0.14ms
[2026-04-03T03:26:48.726+0600][57.051s][info][gc,heap        ] GC(209) Eden regions: 368->0(437)
[2026-04-03T03:26:48.726+0600][57.051s][info][gc,heap        ] GC(209) Survivor regions: 43->48(65)
[2026-04-03T03:26:48.726+0600][57.051s][info][gc,heap        ] GC(209) Old regions: 234->267
[2026-04-03T03:26:48.726+0600][57.051s][info][gc,heap        ] GC(209) Humongous regions: 273->135
[2026-04-03T03:26:48.726+0600][57.051s][info][gc,metaspace   ] GC(209) Metaspace: 73332K(74240K)->73332K(74240K) NonClass: 64015K(64512K)->64015K(64512K) Class: 9317K(9728K)->9317K(9728K)
[2026-04-03T03:26:48.726+0600][57.051s][info][gc             ] GC(209) Pause Young (Mixed) (G1 Evacuation Pause) 914M->446M(1009M) 135.318ms
[2026-04-03T03:26:48.726+0600][57.052s][info][gc,cpu         ] GC(209) User=1.20s Sys=0.11s Real=0.13s
[2026-04-03T03:26:48.740+0600][57.065s][info][gc,start       ] GC(210) Pause Young (Concurrent Start) (G1 Humongous Allocation)
[2026-04-03T03:26:48.740+0600][57.065s][info][gc,task        ] GC(210) Using 10 workers of 10 for evacuation
[2026-04-03T03:26:48.781+0600][57.106s][info][gc,phases      ] GC(210)   Pre Evacuate Collection Set: 0.55ms
[2026-04-03T03:26:48.781+0600][57.106s][info][gc,phases      ] GC(210)   Merge Heap Roots: 0.28ms
[2026-04-03T03:26:48.781+0600][57.106s][info][gc,phases      ] GC(210)   Evacuate Collection Set: 39.10ms
[2026-04-03T03:26:48.781+0600][57.106s][info][gc,phases      ] GC(210)   Post Evacuate Collection Set: 0.55ms
[2026-04-03T03:26:48.781+0600][57.106s][info][gc,phases      ] GC(210)   Other: 0.16ms
[2026-04-03T03:26:48.781+0600][57.106s][info][gc,heap        ] GC(210) Eden regions: 11->0(429)
[2026-04-03T03:26:48.781+0600][57.106s][info][gc,heap        ] GC(210) Survivor regions: 48->4(61)
[2026-04-03T03:26:48.781+0600][57.106s][info][gc,heap        ] GC(210) Old regions: 267->314
[2026-04-03T03:26:48.781+0600][57.106s][info][gc,heap        ] GC(210) Humongous regions: 135->135
[2026-04-03T03:26:48.781+0600][57.106s][info][gc,metaspace   ] GC(210) Metaspace: 73332K(74240K)->73332K(74240K) NonClass: 64015K(64512K)->64015K(64512K) Class: 9317K(9728K)->9317K(9728K)
[2026-04-03T03:26:48.781+0600][57.107s][info][gc             ] GC(210) Pause Young (Concurrent Start) (G1 Humongous Allocation) 456M->449M(1009M) 41.221ms
[2026-04-03T03:26:48.781+0600][57.107s][info][gc,cpu         ] GC(210) User=0.38s Sys=0.01s Real=0.04s
[2026-04-03T03:26:48.781+0600][57.107s][info][gc             ] GC(211) Concurrent Mark Cycle
[2026-04-03T03:26:48.781+0600][57.107s][info][gc,marking     ] GC(211) Concurrent Scan Root Regions
[2026-04-03T03:26:48.795+0600][57.121s][info][gc,marking     ] GC(211) Concurrent Scan Root Regions 14.192ms
[2026-04-03T03:26:48.796+0600][57.121s][info][gc,marking     ] GC(211) Concurrent Mark
[2026-04-03T03:26:48.796+0600][57.121s][info][gc,marking     ] GC(211) Concurrent Mark From Roots
[2026-04-03T03:26:48.796+0600][57.121s][info][gc,task        ] GC(211) Using 3 workers of 3 for marking
[2026-04-03T03:26:48.895+0600][57.221s][info][gc,marking     ] GC(211) Concurrent Mark From Roots 99.754ms
[2026-04-03T03:26:48.895+0600][57.221s][info][gc,marking     ] GC(211) Concurrent Preclean
[2026-04-03T03:26:48.895+0600][57.221s][info][gc,marking     ] GC(211) Concurrent Preclean 0.116ms
[2026-04-03T03:26:48.896+0600][57.221s][info][gc,start       ] GC(211) Pause Remark
[2026-04-03T03:26:48.900+0600][57.225s][info][gc             ] GC(211) Pause Remark 540M->395M(1009M) 4.017ms
[2026-04-03T03:26:48.900+0600][57.225s][info][gc,cpu         ] GC(211) User=0.03s Sys=0.00s Real=0.01s
[2026-04-03T03:26:48.900+0600][57.226s][info][gc,marking     ] GC(211) Concurrent Mark 104.554ms
[2026-04-03T03:26:48.900+0600][57.226s][info][gc,marking     ] GC(211) Concurrent Rebuild Remembered Sets and Scrub Regions
[2026-04-03T03:26:48.950+0600][57.275s][info][gc,marking     ] GC(211) Concurrent Rebuild Remembered Sets and Scrub Regions 49.693ms
[2026-04-03T03:26:48.950+0600][57.276s][info][gc,start       ] GC(211) Pause Cleanup
[2026-04-03T03:26:48.951+0600][57.276s][info][gc             ] GC(211) Pause Cleanup 447M->447M(1009M) 0.406ms
[2026-04-03T03:26:48.951+0600][57.276s][info][gc,cpu         ] GC(211) User=0.00s Sys=0.00s Real=0.00s
[2026-04-03T03:26:48.951+0600][57.276s][info][gc,marking     ] GC(211) Concurrent Clear Claimed Marks
[2026-04-03T03:26:48.951+0600][57.277s][info][gc,marking     ] GC(211) Concurrent Clear Claimed Marks 0.183ms
[2026-04-03T03:26:48.951+0600][57.277s][info][gc,marking     ] GC(211) Concurrent Cleanup for Next Mark
[2026-04-03T03:26:48.953+0600][57.278s][info][gc,marking     ] GC(211) Concurrent Cleanup for Next Mark 1.521ms
[2026-04-03T03:26:48.953+0600][57.278s][info][gc             ] GC(211) Concurrent Mark Cycle 171.370ms
[2026-04-03T03:26:49.109+0600][57.434s][info][gc,start       ] GC(212) Pause Young (Prepare Mixed) (G1 Evacuation Pause)
[2026-04-03T03:26:49.109+0600][57.434s][info][gc,task        ] GC(212) Using 10 workers of 10 for evacuation
[2026-04-03T03:26:49.130+0600][57.456s][info][gc,phases      ] GC(212)   Pre Evacuate Collection Set: 0.45ms
[2026-04-03T03:26:49.130+0600][57.456s][info][gc,phases      ] GC(212)   Merge Heap Roots: 0.29ms
[2026-04-03T03:26:49.130+0600][57.456s][info][gc,phases      ] GC(212)   Evacuate Collection Set: 19.56ms
[2026-04-03T03:26:49.130+0600][57.456s][info][gc,phases      ] GC(212)   Post Evacuate Collection Set: 0.98ms
[2026-04-03T03:26:49.130+0600][57.456s][info][gc,phases      ] GC(212)   Other: 0.13ms
[2026-04-03T03:26:49.130+0600][57.456s][info][gc,heap        ] GC(212) Eden regions: 429->0(501)
[2026-04-03T03:26:49.130+0600][57.456s][info][gc,heap        ] GC(212) Survivor regions: 4->35(55)
[2026-04-03T03:26:49.130+0600][57.456s][info][gc,heap        ] GC(212) Old regions: 257->257
[2026-04-03T03:26:49.130+0600][57.456s][info][gc,heap        ] GC(212) Humongous regions: 69->69
[2026-04-03T03:26:49.130+0600][57.456s][info][gc,metaspace   ] GC(212) Metaspace: 73336K(74240K)->73336K(74240K) NonClass: 64019K(64512K)->64019K(64512K) Class: 9317K(9728K)->9317K(9728K)
[2026-04-03T03:26:49.130+0600][57.456s][info][gc             ] GC(212) Pause Young (Prepare Mixed) (G1 Evacuation Pause) 755M->357M(1009M) 21.782ms
[2026-04-03T03:26:49.130+0600][57.456s][info][gc,cpu         ] GC(212) User=0.20s Sys=0.00s Real=0.03s
[2026-04-03T03:26:49.852+0600][58.178s][info][gc,heap,exit   ] Heap
[2026-04-03T03:26:49.853+0600][58.178s][info][gc,heap,exit   ]  garbage-first heap   total 1033216K, used 688591K [0x00000000b1e00000, 0x0000000100000000)
[2026-04-03T03:26:49.853+0600][58.178s][info][gc,heap,exit   ]   region size 1024K, 341 young (349184K), 35 survivors (35840K)
[2026-04-03T03:26:49.853+0600][58.178s][info][gc,heap,exit   ]  Metaspace       used 73838K, committed 74752K, reserved 1179648K
[2026-04-03T03:26:49.853+0600][58.178s][info][gc,heap,exit   ]   class space    used 9412K, committed 9792K, reserved 1048576K
