[2026-04-03T03:20:55.168+0600][0.004s][info][gc,init] CardTable entry size: 512
[2026-04-03T03:20:55.168+0600][0.005s][info][gc     ] Using G1
[2026-04-03T03:20:55.172+0600][0.008s][info][gc,init] Version: 21.0.10+7-Ubuntu-124.04 (release)
[2026-04-03T03:20:55.172+0600][0.008s][info][gc,init] CPUs: 12 total, 12 available
[2026-04-03T03:20:55.172+0600][0.008s][info][gc,init] Memory: 15683M
[2026-04-03T03:20:55.172+0600][0.008s][info][gc,init] Large Page Support: Disabled
[2026-04-03T03:20:55.172+0600][0.008s][info][gc,init] NUMA Support: Disabled
[2026-04-03T03:20:55.172+0600][0.008s][info][gc,init] Compressed Oops: Enabled (32-bit)
[2026-04-03T03:20:55.172+0600][0.008s][info][gc,init] Heap Region Size: 1M
[2026-04-03T03:20:55.172+0600][0.008s][info][gc,init] Heap Min Capacity: 8M
[2026-04-03T03:20:55.172+0600][0.008s][info][gc,init] Heap Initial Capacity: 246M
[2026-04-03T03:20:55.172+0600][0.008s][info][gc,init] Heap Max Capacity: 1000M
[2026-04-03T03:20:55.172+0600][0.008s][info][gc,init] Pre-touch: Disabled
[2026-04-03T03:20:55.172+0600][0.008s][info][gc,init] Parallel Workers: 10
[2026-04-03T03:20:55.172+0600][0.008s][info][gc,init] Concurrent Workers: 3
[2026-04-03T03:20:55.172+0600][0.008s][info][gc,init] Concurrent Refinement Workers: 10
[2026-04-03T03:20:55.172+0600][0.008s][info][gc,init] Periodic GC: Disabled
[2026-04-03T03:20:55.183+0600][0.020s][info][gc,metaspace] CDS archive(s) mapped at: [0x000075235b000000-0x000075235bc9c000-0x000075235bc9c000), size 13221888, SharedBaseAddress: 0x000075235b000000, ArchiveRelocationMode: 1.
[2026-04-03T03:20:55.183+0600][0.020s][info][gc,metaspace] Compressed class space mapped at: 0x000075235c000000-0x000075239c000000, reserved size: 1073741824
[2026-04-03T03:20:55.183+0600][0.020s][info][gc,metaspace] Narrow klass base: 0x000075235b000000, Narrow klass shift: 0, Narrow klass range: 0x100000000
[2026-04-03T03:20:55.536+0600][0.372s][info][gc,start    ] GC(0) Pause Young (Normal) (G1 Evacuation Pause)
[2026-04-03T03:20:55.537+0600][0.373s][info][gc,task     ] GC(0) Using 5 workers of 10 for evacuation
[2026-04-03T03:20:55.539+0600][0.376s][info][gc,phases   ] GC(0)   Pre Evacuate Collection Set: 0.23ms
[2026-04-03T03:20:55.539+0600][0.376s][info][gc,phases   ] GC(0)   Merge Heap Roots: 0.09ms
[2026-04-03T03:20:55.539+0600][0.376s][info][gc,phases   ] GC(0)   Evacuate Collection Set: 1.83ms
[2026-04-03T03:20:55.539+0600][0.376s][info][gc,phases   ] GC(0)   Post Evacuate Collection Set: 0.34ms
[2026-04-03T03:20:55.540+0600][0.376s][info][gc,phases   ] GC(0)   Other: 0.82ms
[2026-04-03T03:20:55.540+0600][0.376s][info][gc,heap     ] GC(0) Eden regions: 23->0(46)
[2026-04-03T03:20:55.540+0600][0.376s][info][gc,heap     ] GC(0) Survivor regions: 0->3(3)
[2026-04-03T03:20:55.540+0600][0.376s][info][gc,heap     ] GC(0) Old regions: 2->2
[2026-04-03T03:20:55.540+0600][0.376s][info][gc,heap     ] GC(0) Humongous regions: 0->0
[2026-04-03T03:20:55.540+0600][0.376s][info][gc,metaspace] GC(0) Metaspace: 2596K(2752K)->2596K(2752K) NonClass: 2363K(2432K)->2363K(2432K) Class: 233K(320K)->233K(320K)
[2026-04-03T03:20:55.540+0600][0.376s][info][gc          ] GC(0) Pause Young (Normal) (G1 Evacuation Pause) 24M->3M(248M) 3.558ms
[2026-04-03T03:20:55.540+0600][0.376s][info][gc,cpu      ] GC(0) User=0.01s Sys=0.00s Real=0.00s
[2026-04-03T03:20:55.677+0600][0.513s][info][gc,start    ] GC(1) Pause Young (Normal) (G1 Evacuation Pause)
[2026-04-03T03:20:55.677+0600][0.513s][info][gc,task     ] GC(1) Using 5 workers of 10 for evacuation
[2026-04-03T03:20:55.680+0600][0.516s][info][gc,phases   ] GC(1)   Pre Evacuate Collection Set: 0.21ms
[2026-04-03T03:20:55.680+0600][0.516s][info][gc,phases   ] GC(1)   Merge Heap Roots: 0.07ms
[2026-04-03T03:20:55.680+0600][0.516s][info][gc,phases   ] GC(1)   Evacuate Collection Set: 1.66ms
[2026-04-03T03:20:55.680+0600][0.516s][info][gc,phases   ] GC(1)   Post Evacuate Collection Set: 0.61ms
[2026-04-03T03:20:55.680+0600][0.516s][info][gc,phases   ] GC(1)   Other: 0.08ms
[2026-04-03T03:20:55.680+0600][0.516s][info][gc,heap     ] GC(1) Eden regions: 46->0(144)
[2026-04-03T03:20:55.680+0600][0.516s][info][gc,heap     ] GC(1) Survivor regions: 3->3(7)
[2026-04-03T03:20:55.680+0600][0.516s][info][gc,heap     ] GC(1) Old regions: 2->2
[2026-04-03T03:20:55.680+0600][0.516s][info][gc,heap     ] GC(1) Humongous regions: 0->0
[2026-04-03T03:20:55.680+0600][0.516s][info][gc,metaspace] GC(1) Metaspace: 3946K(4096K)->3946K(4096K) NonClass: 3498K(3584K)->3498K(3584K) Class: 448K(512K)->448K(512K)
[2026-04-03T03:20:55.680+0600][0.516s][info][gc          ] GC(1) Pause Young (Normal) (G1 Evacuation Pause) 49M->3M(248M) 2.835ms
[2026-04-03T03:20:55.680+0600][0.516s][info][gc,cpu      ] GC(1) User=0.00s Sys=0.00s Real=0.01s
[2026-04-03T03:20:56.209+0600][1.045s][info][gc,start    ] GC(2) Pause Young (Normal) (G1 Evacuation Pause)
[2026-04-03T03:20:56.209+0600][1.045s][info][gc,task     ] GC(2) Using 5 workers of 10 for evacuation
[2026-04-03T03:20:56.213+0600][1.049s][info][gc,phases   ] GC(2)   Pre Evacuate Collection Set: 0.38ms
[2026-04-03T03:20:56.213+0600][1.049s][info][gc,phases   ] GC(2)   Merge Heap Roots: 0.12ms
[2026-04-03T03:20:56.213+0600][1.049s][info][gc,phases   ] GC(2)   Evacuate Collection Set: 2.40ms
[2026-04-03T03:20:56.213+0600][1.049s][info][gc,phases   ] GC(2)   Post Evacuate Collection Set: 0.42ms
[2026-04-03T03:20:56.213+0600][1.049s][info][gc,phases   ] GC(2)   Other: 0.12ms
[2026-04-03T03:20:56.213+0600][1.049s][info][gc,heap     ] GC(2) Eden regions: 144->0(143)
[2026-04-03T03:20:56.213+0600][1.049s][info][gc,heap     ] GC(2) Survivor regions: 3->4(19)
[2026-04-03T03:20:56.213+0600][1.049s][info][gc,heap     ] GC(2) Old regions: 2->2
[2026-04-03T03:20:56.213+0600][1.049s][info][gc,heap     ] GC(2) Humongous regions: 0->0
[2026-04-03T03:20:56.213+0600][1.049s][info][gc,metaspace] GC(2) Metaspace: 10109K(10368K)->10109K(10368K) NonClass: 8850K(9024K)->8850K(9024K) Class: 1259K(1344K)->1259K(1344K)
[2026-04-03T03:20:56.213+0600][1.049s][info][gc          ] GC(2) Pause Young (Normal) (G1 Evacuation Pause) 147M->4M(248M) 3.697ms
[2026-04-03T03:20:56.213+0600][1.049s][info][gc,cpu      ] GC(2) User=0.01s Sys=0.00s Real=0.01s
[2026-04-03T03:20:58.920+0600][3.757s][info][gc,start    ] GC(3) Pause Young (Normal) (G1 Evacuation Pause)
[2026-04-03T03:20:58.921+0600][3.757s][info][gc,task     ] GC(3) Using 5 workers of 10 for evacuation
[2026-04-03T03:20:58.929+0600][3.765s][info][gc,phases   ] GC(3)   Pre Evacuate Collection Set: 0.30ms
[2026-04-03T03:20:58.929+0600][3.765s][info][gc,phases   ] GC(3)   Merge Heap Roots: 0.10ms
[2026-04-03T03:20:58.929+0600][3.765s][info][gc,phases   ] GC(3)   Evacuate Collection Set: 6.25ms
[2026-04-03T03:20:58.929+0600][3.765s][info][gc,phases   ] GC(3)   Post Evacuate Collection Set: 1.69ms
[2026-04-03T03:20:58.929+0600][3.765s][info][gc,phases   ] GC(3)   Other: 0.10ms
[2026-04-03T03:20:58.929+0600][3.765s][info][gc,heap     ] GC(3) Eden regions: 143->0(133)
[2026-04-03T03:20:58.929+0600][3.765s][info][gc,heap     ] GC(3) Survivor regions: 4->14(19)
[2026-04-03T03:20:58.929+0600][3.765s][info][gc,heap     ] GC(3) Old regions: 2->2
[2026-04-03T03:20:58.929+0600][3.765s][info][gc,heap     ] GC(3) Humongous regions: 7->7
[2026-04-03T03:20:58.929+0600][3.765s][info][gc,metaspace] GC(3) Metaspace: 19342K(19648K)->19342K(19648K) NonClass: 16899K(17088K)->16899K(17088K) Class: 2443K(2560K)->2443K(2560K)
[2026-04-03T03:20:58.929+0600][3.765s][info][gc          ] GC(3) Pause Young (Normal) (G1 Evacuation Pause) 154M->21M(248M) 8.775ms
[2026-04-03T03:20:58.929+0600][3.765s][info][gc,cpu      ] GC(3) User=0.05s Sys=0.01s Real=0.00s
[2026-04-03T03:20:59.043+0600][3.879s][info][gc,start    ] GC(4) Pause Young (Concurrent Start) (Metadata GC Threshold)
[2026-04-03T03:20:59.043+0600][3.879s][info][gc,task     ] GC(4) Using 5 workers of 10 for evacuation
[2026-04-03T03:20:59.048+0600][3.884s][info][gc,phases   ] GC(4)   Pre Evacuate Collection Set: 0.29ms
[2026-04-03T03:20:59.048+0600][3.884s][info][gc,phases   ] GC(4)   Merge Heap Roots: 0.15ms
[2026-04-03T03:20:59.048+0600][3.884s][info][gc,phases   ] GC(4)   Evacuate Collection Set: 3.71ms
[2026-04-03T03:20:59.048+0600][3.884s][info][gc,phases   ] GC(4)   Post Evacuate Collection Set: 0.62ms
[2026-04-03T03:20:59.048+0600][3.884s][info][gc,phases   ] GC(4)   Other: 0.18ms
[2026-04-03T03:20:59.048+0600][3.884s][info][gc,heap     ] GC(4) Eden regions: 3->0(136)
[2026-04-03T03:20:59.048+0600][3.884s][info][gc,heap     ] GC(4) Survivor regions: 14->11(19)
[2026-04-03T03:20:59.048+0600][3.884s][info][gc,heap     ] GC(4) Old regions: 2->6
[2026-04-03T03:20:59.048+0600][3.884s][info][gc,heap     ] GC(4) Humongous regions: 7->7
[2026-04-03T03:20:59.048+0600][3.884s][info][gc,metaspace] GC(4) Metaspace: 21267K(21504K)->21267K(21504K) NonClass: 18630K(18752K)->18630K(18752K) Class: 2637K(2752K)->2637K(2752K)
[2026-04-03T03:20:59.048+0600][3.884s][info][gc          ] GC(4) Pause Young (Concurrent Start) (Metadata GC Threshold) 24M->22M(248M) 5.267ms
[2026-04-03T03:20:59.048+0600][3.884s][info][gc,cpu      ] GC(4) User=0.02s Sys=0.00s Real=0.00s
[2026-04-03T03:20:59.048+0600][3.884s][info][gc          ] GC(5) Concurrent Mark Cycle
[2026-04-03T03:20:59.048+0600][3.884s][info][gc,marking  ] GC(5) Concurrent Scan Root Regions
[2026-04-03T03:20:59.050+0600][3.887s][info][gc,marking  ] GC(5) Concurrent Scan Root Regions 2.389ms
[2026-04-03T03:20:59.050+0600][3.887s][info][gc,marking  ] GC(5) Concurrent Mark
[2026-04-03T03:20:59.050+0600][3.887s][info][gc,marking  ] GC(5) Concurrent Mark From Roots
[2026-04-03T03:20:59.050+0600][3.887s][info][gc,task     ] GC(5) Using 3 workers of 3 for marking
[2026-04-03T03:20:59.053+0600][3.889s][info][gc,marking  ] GC(5) Concurrent Mark From Roots 2.432ms
[2026-04-03T03:20:59.053+0600][3.889s][info][gc,marking  ] GC(5) Concurrent Preclean
[2026-04-03T03:20:59.053+0600][3.889s][info][gc,marking  ] GC(5) Concurrent Preclean 0.018ms
[2026-04-03T03:20:59.053+0600][3.889s][info][gc,start    ] GC(5) Pause Remark
[2026-04-03T03:20:59.056+0600][3.892s][info][gc          ] GC(5) Pause Remark 22M->22M(80M) 3.080ms
[2026-04-03T03:20:59.056+0600][3.892s][info][gc,cpu      ] GC(5) User=0.00s Sys=0.00s Real=0.00s
[2026-04-03T03:20:59.056+0600][3.892s][info][gc,marking  ] GC(5) Concurrent Mark 5.887ms
[2026-04-03T03:20:59.056+0600][3.893s][info][gc,marking  ] GC(5) Concurrent Rebuild Remembered Sets and Scrub Regions
[2026-04-03T03:20:59.058+0600][3.894s][info][gc,marking  ] GC(5) Concurrent Rebuild Remembered Sets and Scrub Regions 1.707ms
[2026-04-03T03:20:59.070+0600][3.906s][info][gc,start    ] GC(5) Pause Cleanup
[2026-04-03T03:20:59.070+0600][3.906s][info][gc          ] GC(5) Pause Cleanup 22M->22M(80M) 0.208ms
[2026-04-03T03:20:59.070+0600][3.906s][info][gc,cpu      ] GC(5) User=0.00s Sys=0.00s Real=0.01s
[2026-04-03T03:20:59.070+0600][3.906s][info][gc,marking  ] GC(5) Concurrent Clear Claimed Marks
[2026-04-03T03:20:59.070+0600][3.906s][info][gc,marking  ] GC(5) Concurrent Clear Claimed Marks 0.083ms
[2026-04-03T03:20:59.070+0600][3.906s][info][gc,marking  ] GC(5) Concurrent Cleanup for Next Mark
[2026-04-03T03:20:59.071+0600][3.907s][info][gc,marking  ] GC(5) Concurrent Cleanup for Next Mark 0.766ms
[2026-04-03T03:20:59.071+0600][3.907s][info][gc          ] GC(5) Concurrent Mark Cycle 22.900ms
[2026-04-03T03:21:00.393+0600][5.229s][info][gc,start    ] GC(6) Pause Young (Prepare Mixed) (G1 Evacuation Pause)
[2026-04-03T03:21:00.393+0600][5.229s][info][gc,task     ] GC(6) Using 3 workers of 10 for evacuation
[2026-04-03T03:21:00.403+0600][5.239s][info][gc,phases   ] GC(6)   Pre Evacuate Collection Set: 0.33ms
[2026-04-03T03:21:00.403+0600][5.239s][info][gc,phases   ] GC(6)   Merge Heap Roots: 0.11ms
[2026-04-03T03:21:00.403+0600][5.239s][info][gc,phases   ] GC(6)   Evacuate Collection Set: 8.00ms
[2026-04-03T03:21:00.403+0600][5.239s][info][gc,phases   ] GC(6)   Post Evacuate Collection Set: 1.04ms
[2026-04-03T03:21:00.403+0600][5.239s][info][gc,phases   ] GC(6)   Other: 0.09ms
[2026-04-03T03:21:00.403+0600][5.239s][info][gc,heap     ] GC(6) Eden regions: 54->0(56)
[2026-04-03T03:21:00.403+0600][5.239s][info][gc,heap     ] GC(6) Survivor regions: 11->3(19)
[2026-04-03T03:21:00.403+0600][5.239s][info][gc,heap     ] GC(6) Old regions: 6->16
[2026-04-03T03:21:00.403+0600][5.239s][info][gc,heap     ] GC(6) Humongous regions: 15->9
[2026-04-03T03:21:00.403+0600][5.239s][info][gc,metaspace] GC(6) Metaspace: 28458K(28800K)->28458K(28800K) NonClass: 24927K(25088K)->24927K(25088K) Class: 3531K(3712K)->3531K(3712K)
[2026-04-03T03:21:00.403+0600][5.239s][info][gc          ] GC(6) Pause Young (Prepare Mixed) (G1 Evacuation Pause) 84M->26M(99M) 9.799ms
[2026-04-03T03:21:00.403+0600][5.239s][info][gc,cpu      ] GC(6) User=0.01s Sys=0.01s Real=0.01s
[2026-04-03T03:21:01.875+0600][6.711s][info][gc,start    ] GC(7) Pause Young (Mixed) (Metadata GC Threshold)
[2026-04-03T03:21:01.875+0600][6.711s][info][gc,task     ] GC(7) Using 2 workers of 10 for evacuation
[2026-04-03T03:21:01.883+0600][6.719s][info][gc,phases   ] GC(7)   Pre Evacuate Collection Set: 0.44ms
[2026-04-03T03:21:01.883+0600][6.719s][info][gc,phases   ] GC(7)   Merge Heap Roots: 0.09ms
[2026-04-03T03:21:01.883+0600][6.719s][info][gc,phases   ] GC(7)   Evacuate Collection Set: 7.00ms
[2026-04-03T03:21:01.883+0600][6.719s][info][gc,phases   ] GC(7)   Post Evacuate Collection Set: 0.66ms
[2026-04-03T03:21:01.883+0600][6.719s][info][gc,phases   ] GC(7)   Other: 0.07ms
[2026-04-03T03:21:01.883+0600][6.719s][info][gc,heap     ] GC(7) Eden regions: 56->0(56)
[2026-04-03T03:21:01.883+0600][6.719s][info][gc,heap     ] GC(7) Survivor regions: 3->5(8)
[2026-04-03T03:21:01.883+0600][6.719s][info][gc,heap     ] GC(7) Old regions: 16->16
[2026-04-03T03:21:01.883+0600][6.719s][info][gc,heap     ] GC(7) Humongous regions: 21->7
[2026-04-03T03:21:01.883+0600][6.719s][info][gc,metaspace] GC(7) Metaspace: 35743K(36096K)->35743K(36096K) NonClass: 31302K(31488K)->31302K(31488K) Class: 4440K(4608K)->4440K(4608K)
[2026-04-03T03:21:01.883+0600][6.719s][info][gc          ] GC(7) Pause Young (Mixed) (Metadata GC Threshold) 93M->26M(102M) 8.456ms
[2026-04-03T03:21:01.883+0600][6.719s][info][gc,cpu      ] GC(7) User=0.01s Sys=0.00s Real=0.01s
[2026-04-03T03:21:01.907+0600][6.743s][info][gc,start    ] GC(8) Pause Young (Concurrent Start) (Metadata GC Threshold)
[2026-04-03T03:21:01.907+0600][6.743s][info][gc,task     ] GC(8) Using 2 workers of 10 for evacuation
[2026-04-03T03:21:01.914+0600][6.750s][info][gc,phases   ] GC(8)   Pre Evacuate Collection Set: 0.27ms
[2026-04-03T03:21:01.914+0600][6.750s][info][gc,phases   ] GC(8)   Merge Heap Roots: 0.14ms
[2026-04-03T03:21:01.914+0600][6.750s][info][gc,phases   ] GC(8)   Evacuate Collection Set: 5.57ms
[2026-04-03T03:21:01.914+0600][6.750s][info][gc,phases   ] GC(8)   Post Evacuate Collection Set: 0.79ms
[2026-04-03T03:21:01.914+0600][6.750s][info][gc,phases   ] GC(8)   Other: 0.22ms
[2026-04-03T03:21:01.914+0600][6.750s][info][gc,heap     ] GC(8) Eden regions: 3->0(56)
[2026-04-03T03:21:01.914+0600][6.750s][info][gc,heap     ] GC(8) Survivor regions: 5->5(8)
[2026-04-03T03:21:01.914+0600][6.750s][info][gc,heap     ] GC(8) Old regions: 16->16
[2026-04-03T03:21:01.914+0600][6.750s][info][gc,heap     ] GC(8) Humongous regions: 7->7
[2026-04-03T03:21:01.914+0600][6.750s][info][gc,metaspace] GC(8) Metaspace: 36095K(36416K)->36095K(36416K) NonClass: 31613K(31808K)->31613K(31808K) Class: 4481K(4608K)->4481K(4608K)
[2026-04-03T03:21:01.914+0600][6.750s][info][gc          ] GC(8) Pause Young (Concurrent Start) (Metadata GC Threshold) 28M->26M(102M) 7.199ms
[2026-04-03T03:21:01.914+0600][6.750s][info][gc,cpu      ] GC(8) User=0.01s Sys=0.00s Real=0.01s
[2026-04-03T03:21:01.914+0600][6.750s][info][gc          ] GC(9) Concurrent Mark Cycle
[2026-04-03T03:21:01.914+0600][6.750s][info][gc,marking  ] GC(9) Concurrent Scan Root Regions
[2026-04-03T03:21:01.916+0600][6.753s][info][gc,marking  ] GC(9) Concurrent Scan Root Regions 2.634ms
[2026-04-03T03:21:01.917+0600][6.753s][info][gc,marking  ] GC(9) Concurrent Mark
[2026-04-03T03:21:01.917+0600][6.753s][info][gc,marking  ] GC(9) Concurrent Mark From Roots
[2026-04-03T03:21:01.917+0600][6.753s][info][gc,task     ] GC(9) Using 3 workers of 3 for marking
[2026-04-03T03:21:01.923+0600][6.759s][info][gc,marking  ] GC(9) Concurrent Mark From Roots 6.367ms
[2026-04-03T03:21:01.923+0600][6.759s][info][gc,marking  ] GC(9) Concurrent Preclean
[2026-04-03T03:21:01.923+0600][6.759s][info][gc,marking  ] GC(9) Concurrent Preclean 0.045ms
[2026-04-03T03:21:01.923+0600][6.759s][info][gc,start    ] GC(9) Pause Remark
[2026-04-03T03:21:01.928+0600][6.764s][info][gc          ] GC(9) Pause Remark 27M->27M(94M) 5.087ms
[2026-04-03T03:21:01.928+0600][6.764s][info][gc,cpu      ] GC(9) User=0.01s Sys=0.00s Real=0.00s
[2026-04-03T03:21:01.929+0600][6.765s][info][gc,marking  ] GC(9) Concurrent Mark 11.992ms
[2026-04-03T03:21:01.929+0600][6.765s][info][gc,marking  ] GC(9) Concurrent Rebuild Remembered Sets and Scrub Regions
[2026-04-03T03:21:01.931+0600][6.767s][info][gc,marking  ] GC(9) Concurrent Rebuild Remembered Sets and Scrub Regions 2.593ms
[2026-04-03T03:21:01.931+0600][6.767s][info][gc,start    ] GC(9) Pause Cleanup
[2026-04-03T03:21:01.932+0600][6.768s][info][gc          ] GC(9) Pause Cleanup 27M->27M(94M) 0.223ms
[2026-04-03T03:21:01.932+0600][6.768s][info][gc,cpu      ] GC(9) User=0.00s Sys=0.00s Real=0.00s
[2026-04-03T03:21:01.932+0600][6.768s][info][gc,marking  ] GC(9) Concurrent Clear Claimed Marks
[2026-04-03T03:21:01.932+0600][6.768s][info][gc,marking  ] GC(9) Concurrent Clear Claimed Marks 0.077ms
[2026-04-03T03:21:01.932+0600][6.768s][info][gc,marking  ] GC(9) Concurrent Cleanup for Next Mark
[2026-04-03T03:21:01.932+0600][6.768s][info][gc,marking  ] GC(9) Concurrent Cleanup for Next Mark 0.396ms
[2026-04-03T03:21:01.932+0600][6.768s][info][gc          ] GC(9) Concurrent Mark Cycle 18.407ms
[2026-04-03T03:21:03.460+0600][8.296s][info][gc,start    ] GC(10) Pause Young (Prepare Mixed) (G1 Evacuation Pause)
[2026-04-03T03:21:03.460+0600][8.296s][info][gc,task     ] GC(10) Using 2 workers of 10 for evacuation
[2026-04-03T03:21:03.471+0600][8.307s][info][gc,phases   ] GC(10)   Pre Evacuate Collection Set: 0.20ms
[2026-04-03T03:21:03.471+0600][8.307s][info][gc,phases   ] GC(10)   Merge Heap Roots: 0.17ms
[2026-04-03T03:21:03.471+0600][8.307s][info][gc,phases   ] GC(10)   Evacuate Collection Set: 9.80ms
[2026-04-03T03:21:03.471+0600][8.307s][info][gc,phases   ] GC(10)   Post Evacuate Collection Set: 0.91ms
[2026-04-03T03:21:03.471+0600][8.307s][info][gc,phases   ] GC(10)   Other: 0.07ms
[2026-04-03T03:21:03.471+0600][8.307s][info][gc,heap     ] GC(10) Eden regions: 53->0(54)
[2026-04-03T03:21:03.471+0600][8.307s][info][gc,heap     ] GC(10) Survivor regions: 5->6(8)
[2026-04-03T03:21:03.471+0600][8.307s][info][gc,heap     ] GC(10) Old regions: 16->17
[2026-04-03T03:21:03.471+0600][8.307s][info][gc,heap     ] GC(10) Humongous regions: 20->8
[2026-04-03T03:21:03.471+0600][8.307s][info][gc,metaspace] GC(10) Metaspace: 42773K(43200K)->42773K(43200K) NonClass: 37464K(37696K)->37464K(37696K) Class: 5308K(5504K)->5308K(5504K)
[2026-04-03T03:21:03.471+0600][8.307s][info][gc          ] GC(10) Pause Young (Prepare Mixed) (G1 Evacuation Pause) 92M->29M(101M) 11.368ms
[2026-04-03T03:21:03.471+0600][8.307s][info][gc,cpu      ] GC(10) User=0.02s Sys=0.00s Real=0.01s
[2026-04-03T03:21:03.982+0600][8.818s][info][gc,start    ] GC(11) Pause Young (Mixed) (G1 Evacuation Pause)
[2026-04-03T03:21:03.982+0600][8.818s][info][gc,task     ] GC(11) Using 2 workers of 10 for evacuation
[2026-04-03T03:21:04.037+0600][8.873s][info][gc,phases   ] GC(11)   Pre Evacuate Collection Set: 0.15ms
[2026-04-03T03:21:04.037+0600][8.873s][info][gc,phases   ] GC(11)   Merge Heap Roots: 0.07ms
[2026-04-03T03:21:04.037+0600][8.873s][info][gc,phases   ] GC(11)   Evacuate Collection Set: 53.13ms
[2026-04-03T03:21:04.037+0600][8.873s][info][gc,phases   ] GC(11)   Post Evacuate Collection Set: 1.60ms
[2026-04-03T03:21:04.037+0600][8.873s][info][gc,phases   ] GC(11)   Other: 0.08ms
[2026-04-03T03:21:04.037+0600][8.873s][info][gc,heap     ] GC(11) Eden regions: 54->0(48)
[2026-04-03T03:21:04.037+0600][8.873s][info][gc,heap     ] GC(11) Survivor regions: 6->8(8)
[2026-04-03T03:21:04.037+0600][8.873s][info][gc,heap     ] GC(11) Old regions: 17->22
[2026-04-03T03:21:04.037+0600][8.873s][info][gc,heap     ] GC(11) Humongous regions: 8->8
[2026-04-03T03:21:04.037+0600][8.873s][info][gc,metaspace] GC(11) Metaspace: 49446K(49920K)->49446K(49920K) NonClass: 43313K(43584K)->43313K(43584K) Class: 6133K(6336K)->6133K(6336K)
[2026-04-03T03:21:04.037+0600][8.873s][info][gc          ] GC(11) Pause Young (Mixed) (G1 Evacuation Pause) 83M->37M(101M) 55.333ms
[2026-04-03T03:21:04.037+0600][8.873s][info][gc,cpu      ] GC(11) User=0.13s Sys=0.00s Real=0.05s
[2026-04-03T03:21:04.138+0600][8.974s][info][gc,start    ] GC(12) Pause Young (Normal) (G1 Evacuation Pause)
[2026-04-03T03:21:04.138+0600][8.974s][info][gc,task     ] GC(12) Using 2 workers of 10 for evacuation
[2026-04-03T03:21:04.372+0600][9.208s][info][gc,mmu      ] GC(12) MMU target violated: 201.0ms (200.0ms/201.0ms)
[2026-04-03T03:21:04.372+0600][9.208s][info][gc,phases   ] GC(12)   Pre Evacuate Collection Set: 0.39ms
[2026-04-03T03:21:04.372+0600][9.208s][info][gc,phases   ] GC(12)   Merge Heap Roots: 0.08ms
[2026-04-03T03:21:04.372+0600][9.208s][info][gc,phases   ] GC(12)   Evacuate Collection Set: 232.84ms
[2026-04-03T03:21:04.372+0600][9.208s][info][gc,phases   ] GC(12)   Post Evacuate Collection Set: 0.50ms
[2026-04-03T03:21:04.372+0600][9.208s][info][gc,phases   ] GC(12)   Other: 0.13ms
[2026-04-03T03:21:04.372+0600][9.208s][info][gc,heap     ] GC(12) Eden regions: 48->0(23)
[2026-04-03T03:21:04.372+0600][9.208s][info][gc,heap     ] GC(12) Survivor regions: 8->7(7)
[2026-04-03T03:21:04.372+0600][9.208s][info][gc,heap     ] GC(12) Old regions: 22->71
[2026-04-03T03:21:04.372+0600][9.208s][info][gc,heap     ] GC(12) Humongous regions: 8->8
[2026-04-03T03:21:04.372+0600][9.208s][info][gc,metaspace] GC(12) Metaspace: 49454K(49920K)->49454K(49920K) NonClass: 43320K(43584K)->43320K(43584K) Class: 6133K(6336K)->6133K(6336K)
[2026-04-03T03:21:04.372+0600][9.208s][info][gc          ] GC(12) Pause Young (Normal) (G1 Evacuation Pause) 85M->85M(142M) 234.119ms
[2026-04-03T03:21:04.372+0600][9.208s][info][gc,cpu      ] GC(12) User=0.44s Sys=0.02s Real=0.24s
[2026-04-03T03:21:04.430+0600][9.266s][info][gc,start    ] GC(13) Pause Young (Concurrent Start) (G1 Evacuation Pause)
[2026-04-03T03:21:04.430+0600][9.266s][info][gc,task     ] GC(13) Using 3 workers of 10 for evacuation
[2026-04-03T03:21:04.565+0600][9.401s][info][gc,phases   ] GC(13)   Pre Evacuate Collection Set: 0.49ms
[2026-04-03T03:21:04.565+0600][9.401s][info][gc,phases   ] GC(13)   Merge Heap Roots: 0.06ms
[2026-04-03T03:21:04.565+0600][9.401s][info][gc,phases   ] GC(13)   Evacuate Collection Set: 134.07ms
[2026-04-03T03:21:04.565+0600][9.401s][info][gc,phases   ] GC(13)   Post Evacuate Collection Set: 0.36ms
[2026-04-03T03:21:04.565+0600][9.401s][info][gc,phases   ] GC(13)   Other: 0.13ms
[2026-04-03T03:21:04.565+0600][9.401s][info][gc,heap     ] GC(13) Eden regions: 23->0(11)
[2026-04-03T03:21:04.565+0600][9.401s][info][gc,heap     ] GC(13) Survivor regions: 7->4(4)
[2026-04-03T03:21:04.565+0600][9.401s][info][gc,heap     ] GC(13) Old regions: 71->97
[2026-04-03T03:21:04.565+0600][9.401s][info][gc,heap     ] GC(13) Humongous regions: 8->8
[2026-04-03T03:21:04.565+0600][9.401s][info][gc,metaspace] GC(13) Metaspace: 49454K(49920K)->49454K(49920K) NonClass: 43320K(43584K)->43320K(43584K) Class: 6133K(6336K)->6133K(6336K)
[2026-04-03T03:21:04.565+0600][9.401s][info][gc          ] GC(13) Pause Young (Concurrent Start) (G1 Evacuation Pause) 108M->108M(142M) 135.373ms
[2026-04-03T03:21:04.565+0600][9.401s][info][gc,cpu      ] GC(13) User=0.40s Sys=0.02s Real=0.13s
[2026-04-03T03:21:04.565+0600][9.401s][info][gc          ] GC(14) Concurrent Mark Cycle
[2026-04-03T03:21:04.565+0600][9.402s][info][gc,marking  ] GC(14) Concurrent Scan Root Regions
[2026-04-03T03:21:04.574+0600][9.410s][info][gc,marking  ] GC(14) Concurrent Scan Root Regions 8.551ms
[2026-04-03T03:21:04.574+0600][9.410s][info][gc,marking  ] GC(14) Concurrent Mark
[2026-04-03T03:21:04.574+0600][9.410s][info][gc,marking  ] GC(14) Concurrent Mark From Roots
[2026-04-03T03:21:04.574+0600][9.410s][info][gc,task     ] GC(14) Using 3 workers of 3 for marking
[2026-04-03T03:21:04.605+0600][9.441s][info][gc,start    ] GC(15) Pause Young (Normal) (G1 Evacuation Pause)
[2026-04-03T03:21:04.605+0600][9.441s][info][gc,task     ] GC(15) Using 3 workers of 10 for evacuation
[2026-04-03T03:21:04.668+0600][9.504s][info][gc,phases   ] GC(15)   Pre Evacuate Collection Set: 0.38ms
[2026-04-03T03:21:04.668+0600][9.504s][info][gc,phases   ] GC(15)   Merge Heap Roots: 0.12ms
[2026-04-03T03:21:04.668+0600][9.504s][info][gc,phases   ] GC(15)   Evacuate Collection Set: 59.22ms
[2026-04-03T03:21:04.668+0600][9.504s][info][gc,phases   ] GC(15)   Post Evacuate Collection Set: 2.74ms
[2026-04-03T03:21:04.668+0600][9.504s][info][gc,phases   ] GC(15)   Other: 0.08ms
[2026-04-03T03:21:04.668+0600][9.504s][info][gc,heap     ] GC(15) Eden regions: 11->0(66)
[2026-04-03T03:21:04.668+0600][9.504s][info][gc,heap     ] GC(15) Survivor regions: 4->2(2)
[2026-04-03T03:21:04.668+0600][9.504s][info][gc,heap     ] GC(15) Old regions: 97->111
[2026-04-03T03:21:04.668+0600][9.504s][info][gc,heap     ] GC(15) Humongous regions: 8->8
[2026-04-03T03:21:04.668+0600][9.504s][info][gc,metaspace] GC(15) Metaspace: 49454K(49920K)->49454K(49920K) NonClass: 43320K(43584K)->43320K(43584K) Class: 6133K(6336K)->6133K(6336K)
[2026-04-03T03:21:04.668+0600][9.504s][info][gc          ] GC(15) Pause Young (Normal) (G1 Evacuation Pause) 119M->120M(426M) 62.810ms
[2026-04-03T03:21:04.668+0600][9.504s][info][gc,cpu      ] GC(15) User=0.17s Sys=0.01s Real=0.06s
[2026-04-03T03:21:04.789+0600][9.625s][info][gc,marking  ] GC(14) Concurrent Mark From Roots 215.179ms
[2026-04-03T03:21:04.789+0600][9.625s][info][gc,marking  ] GC(14) Concurrent Preclean
[2026-04-03T03:21:04.789+0600][9.626s][info][gc,marking  ] GC(14) Concurrent Preclean 0.139ms
[2026-04-03T03:21:04.790+0600][9.626s][info][gc,start    ] GC(14) Pause Remark
[2026-04-03T03:21:04.794+0600][9.630s][info][gc          ] GC(14) Pause Remark 154M->154M(404M) 4.521ms
[2026-04-03T03:21:04.794+0600][9.630s][info][gc,cpu      ] GC(14) User=0.01s Sys=0.00s Real=0.01s
[2026-04-03T03:21:04.794+0600][9.630s][info][gc,marking  ] GC(14) Concurrent Mark 220.264ms
[2026-04-03T03:21:04.794+0600][9.630s][info][gc,marking  ] GC(14) Concurrent Rebuild Remembered Sets and Scrub Regions
[2026-04-03T03:21:04.819+0600][9.656s][info][gc,marking  ] GC(14) Concurrent Rebuild Remembered Sets and Scrub Regions 25.024ms
[2026-04-03T03:21:04.820+0600][9.656s][info][gc,start    ] GC(14) Pause Cleanup
[2026-04-03T03:21:04.820+0600][9.656s][info][gc          ] GC(14) Pause Cleanup 162M->162M(404M) 0.208ms
[2026-04-03T03:21:04.820+0600][9.656s][info][gc,cpu      ] GC(14) User=0.00s Sys=0.00s Real=0.01s
[2026-04-03T03:21:04.820+0600][9.656s][info][gc,marking  ] GC(14) Concurrent Clear Claimed Marks
[2026-04-03T03:21:04.820+0600][9.656s][info][gc,marking  ] GC(14) Concurrent Clear Claimed Marks 0.064ms
[2026-04-03T03:21:04.820+0600][9.656s][info][gc,marking  ] GC(14) Concurrent Cleanup for Next Mark
[2026-04-03T03:21:04.822+0600][9.658s][info][gc,marking  ] GC(14) Concurrent Cleanup for Next Mark 1.784ms
[2026-04-03T03:21:04.822+0600][9.658s][info][gc          ] GC(14) Concurrent Mark Cycle 256.404ms
[2026-04-03T03:21:04.885+0600][9.722s][info][gc,start    ] GC(16) Pause Young (Prepare Mixed) (G1 Evacuation Pause)
[2026-04-03T03:21:04.886+0600][9.722s][info][gc,task     ] GC(16) Using 9 workers of 10 for evacuation
[2026-04-03T03:21:05.240+0600][10.076s][info][gc,mmu      ] GC(16) MMU target violated: 201.0ms (200.0ms/201.0ms)
[2026-04-03T03:21:05.240+0600][10.076s][info][gc,phases   ] GC(16)   Pre Evacuate Collection Set: 0.30ms
[2026-04-03T03:21:05.240+0600][10.076s][info][gc,phases   ] GC(16)   Merge Heap Roots: 0.07ms
[2026-04-03T03:21:05.240+0600][10.076s][info][gc,phases   ] GC(16)   Evacuate Collection Set: 353.43ms
[2026-04-03T03:21:05.240+0600][10.076s][info][gc,phases   ] GC(16)   Post Evacuate Collection Set: 0.36ms
[2026-04-03T03:21:05.240+0600][10.076s][info][gc,phases   ] GC(16)   Other: 0.14ms
[2026-04-03T03:21:05.240+0600][10.076s][info][gc,heap     ] GC(16) Eden regions: 66->0(60)
[2026-04-03T03:21:05.240+0600][10.076s][info][gc,heap     ] GC(16) Survivor regions: 2->9(9)
[2026-04-03T03:21:05.240+0600][10.076s][info][gc,heap     ] GC(16) Old regions: 111->172
[2026-04-03T03:21:05.240+0600][10.076s][info][gc,heap     ] GC(16) Humongous regions: 8->8
[2026-04-03T03:21:05.240+0600][10.076s][info][gc,metaspace] GC(16) Metaspace: 49454K(49920K)->49454K(49920K) NonClass: 43320K(43584K)->43320K(43584K) Class: 6133K(6336K)->6133K(6336K)
[2026-04-03T03:21:05.240+0600][10.076s][info][gc          ] GC(16) Pause Young (Prepare Mixed) (G1 Evacuation Pause) 186M->187M(404M) 354.453ms
[2026-04-03T03:21:05.240+0600][10.076s][info][gc,cpu      ] GC(16) User=0.81s Sys=0.10s Real=0.36s
[2026-04-03T03:21:05.364+0600][10.200s][info][gc,start    ] GC(17) Pause Young (Mixed) (G1 Evacuation Pause)
[2026-04-03T03:21:05.364+0600][10.200s][info][gc,task     ] GC(17) Using 9 workers of 10 for evacuation
[2026-04-03T03:21:05.733+0600][10.569s][info][gc,mmu      ] GC(17) MMU target violated: 201.0ms (200.0ms/201.0ms)
[2026-04-03T03:21:05.733+0600][10.569s][info][gc,phases   ] GC(17)   Pre Evacuate Collection Set: 0.62ms
[2026-04-03T03:21:05.733+0600][10.569s][info][gc,phases   ] GC(17)   Merge Heap Roots: 0.32ms
[2026-04-03T03:21:05.733+0600][10.569s][info][gc,phases   ] GC(17)   Evacuate Collection Set: 366.93ms
[2026-04-03T03:21:05.733+0600][10.569s][info][gc,phases   ] GC(17)   Post Evacuate Collection Set: 0.61ms
[2026-04-03T03:21:05.733+0600][10.569s][info][gc,phases   ] GC(17)   Other: 0.21ms
[2026-04-03T03:21:05.733+0600][10.569s][info][gc,heap     ] GC(17) Eden regions: 60->0(48)
[2026-04-03T03:21:05.733+0600][10.569s][info][gc,heap     ] GC(17) Survivor regions: 9->9(9)
[2026-04-03T03:21:05.733+0600][10.569s][info][gc,heap     ] GC(17) Old regions: 172->232
[2026-04-03T03:21:05.733+0600][10.569s][info][gc,heap     ] GC(17) Humongous regions: 8->8
[2026-04-03T03:21:05.733+0600][10.569s][info][gc,metaspace] GC(17) Metaspace: 49454K(49920K)->49454K(49920K) NonClass: 43320K(43584K)->43320K(43584K) Class: 6133K(6336K)->6133K(6336K)
[2026-04-03T03:21:05.733+0600][10.569s][info][gc          ] GC(17) Pause Young (Mixed) (G1 Evacuation Pause) 247M->248M(404M) 368.948ms
[2026-04-03T03:21:05.733+0600][10.569s][info][gc,cpu      ] GC(17) User=1.24s Sys=0.11s Real=0.37s
[2026-04-03T03:21:05.833+0600][10.669s][info][gc,start    ] GC(18) Pause Young (Concurrent Start) (G1 Evacuation Pause)
[2026-04-03T03:21:05.833+0600][10.669s][info][gc,task     ] GC(18) Using 9 workers of 10 for evacuation
[2026-04-03T03:21:06.144+0600][10.980s][info][gc,mmu      ] GC(18) MMU target violated: 201.0ms (200.0ms/201.0ms)
[2026-04-03T03:21:06.144+0600][10.981s][info][gc,phases   ] GC(18)   Pre Evacuate Collection Set: 0.29ms
[2026-04-03T03:21:06.144+0600][10.981s][info][gc,phases   ] GC(18)   Merge Heap Roots: 0.05ms
[2026-04-03T03:21:06.144+0600][10.981s][info][gc,phases   ] GC(18)   Evacuate Collection Set: 310.93ms
[2026-04-03T03:21:06.144+0600][10.981s][info][gc,phases   ] GC(18)   Post Evacuate Collection Set: 0.37ms
[2026-04-03T03:21:06.144+0600][10.981s][info][gc,phases   ] GC(18)   Other: 0.11ms
[2026-04-03T03:21:06.144+0600][10.981s][info][gc,heap     ] GC(18) Eden regions: 48->0(32)
[2026-04-03T03:21:06.144+0600][10.981s][info][gc,heap     ] GC(18) Survivor regions: 9->8(8)
[2026-04-03T03:21:06.144+0600][10.981s][info][gc,heap     ] GC(18) Old regions: 232->283
[2026-04-03T03:21:06.144+0600][10.981s][info][gc,heap     ] GC(18) Humongous regions: 8->8
[2026-04-03T03:21:06.144+0600][10.981s][info][gc,metaspace] GC(18) Metaspace: 49454K(49920K)->49454K(49920K) NonClass: 43320K(43584K)->43320K(43584K) Class: 6133K(6336K)->6133K(6336K)
[2026-04-03T03:21:06.144+0600][10.981s][info][gc          ] GC(18) Pause Young (Concurrent Start) (G1 Evacuation Pause) 296M->298M(404M) 311.920ms
[2026-04-03T03:21:06.145+0600][10.981s][info][gc          ] GC(19) Concurrent Mark Cycle
[2026-04-03T03:21:06.145+0600][10.981s][info][gc,cpu      ] GC(18) User=1.20s Sys=0.13s Real=0.31s
[2026-04-03T03:21:06.145+0600][10.981s][info][gc,marking  ] GC(19) Concurrent Scan Root Regions
[2026-04-03T03:21:06.157+0600][10.993s][info][gc,marking  ] GC(19) Concurrent Scan Root Regions 12.102ms
[2026-04-03T03:21:06.157+0600][10.993s][info][gc,marking  ] GC(19) Concurrent Mark
[2026-04-03T03:21:06.157+0600][10.993s][info][gc,marking  ] GC(19) Concurrent Mark From Roots
[2026-04-03T03:21:06.157+0600][10.993s][info][gc,task     ] GC(19) Using 3 workers of 3 for marking
[2026-04-03T03:21:06.247+0600][11.083s][info][gc,start    ] GC(20) Pause Young (Normal) (G1 Evacuation Pause)
[2026-04-03T03:21:06.247+0600][11.083s][info][gc,task     ] GC(20) Using 9 workers of 10 for evacuation
[2026-04-03T03:21:06.477+0600][11.313s][info][gc,mmu      ] GC(20) MMU target violated: 201.0ms (200.0ms/201.0ms)
[2026-04-03T03:21:06.477+0600][11.313s][info][gc,phases   ] GC(20)   Pre Evacuate Collection Set: 0.48ms
[2026-04-03T03:21:06.477+0600][11.313s][info][gc,phases   ] GC(20)   Merge Heap Roots: 0.15ms
[2026-04-03T03:21:06.477+0600][11.313s][info][gc,phases   ] GC(20)   Evacuate Collection Set: 228.41ms
[2026-04-03T03:21:06.477+0600][11.313s][info][gc,phases   ] GC(20)   Post Evacuate Collection Set: 0.66ms
[2026-04-03T03:21:06.477+0600][11.313s][info][gc,phases   ] GC(20)   Other: 0.23ms
[2026-04-03T03:21:06.477+0600][11.313s][info][gc,heap     ] GC(20) Eden regions: 32->0(21)
[2026-04-03T03:21:06.477+0600][11.313s][info][gc,heap     ] GC(20) Survivor regions: 8->5(5)
[2026-04-03T03:21:06.477+0600][11.313s][info][gc,heap     ] GC(20) Old regions: 283->320
[2026-04-03T03:21:06.477+0600][11.313s][info][gc,heap     ] GC(20) Humongous regions: 8->8
[2026-04-03T03:21:06.477+0600][11.313s][info][gc,metaspace] GC(20) Metaspace: 49454K(49920K)->49454K(49920K) NonClass: 43320K(43584K)->43320K(43584K) Class: 6133K(6336K)->6133K(6336K)
[2026-04-03T03:21:06.477+0600][11.313s][info][gc          ] GC(20) Pause Young (Normal) (G1 Evacuation Pause) 330M->332M(404M) 230.196ms
[2026-04-03T03:21:06.477+0600][11.313s][info][gc,cpu      ] GC(20) User=0.98s Sys=0.10s Real=0.23s
[2026-04-03T03:21:06.541+0600][11.377s][info][gc,start    ] GC(21) Pause Young (Normal) (G1 Evacuation Pause)
[2026-04-03T03:21:06.541+0600][11.377s][info][gc,task     ] GC(21) Using 9 workers of 10 for evacuation
[2026-04-03T03:21:06.695+0600][11.531s][info][gc,phases   ] GC(21)   Pre Evacuate Collection Set: 0.42ms
[2026-04-03T03:21:06.695+0600][11.531s][info][gc,phases   ] GC(21)   Merge Heap Roots: 0.09ms
[2026-04-03T03:21:06.695+0600][11.531s][info][gc,phases   ] GC(21)   Evacuate Collection Set: 150.08ms
[2026-04-03T03:21:06.695+0600][11.531s][info][gc,phases   ] GC(21)   Post Evacuate Collection Set: 2.61ms
[2026-04-03T03:21:06.695+0600][11.531s][info][gc,phases   ] GC(21)   Other: 0.13ms
[2026-04-03T03:21:06.695+0600][11.531s][info][gc,heap     ] GC(21) Eden regions: 21->0(63)
[2026-04-03T03:21:06.695+0600][11.531s][info][gc,heap     ] GC(21) Survivor regions: 5->4(4)
[2026-04-03T03:21:06.695+0600][11.531s][info][gc,heap     ] GC(21) Old regions: 320->344
[2026-04-03T03:21:06.695+0600][11.531s][info][gc,heap     ] GC(21) Humongous regions: 8->8
[2026-04-03T03:21:06.695+0600][11.531s][info][gc,metaspace] GC(21) Metaspace: 49454K(49920K)->49454K(49920K) NonClass: 43320K(43584K)->43320K(43584K) Class: 6133K(6336K)->6133K(6336K)
[2026-04-03T03:21:06.695+0600][11.531s][info][gc          ] GC(21) Pause Young (Normal) (G1 Evacuation Pause) 353M->355M(643M) 153.595ms
[2026-04-03T03:21:06.695+0600][11.531s][info][gc,cpu      ] GC(21) User=0.63s Sys=0.06s Real=0.15s
[2026-04-03T03:21:06.914+0600][11.750s][info][gc,start    ] GC(22) Pause Young (Normal) (G1 Evacuation Pause)
[2026-04-03T03:21:06.914+0600][11.750s][info][gc,task     ] GC(22) Using 10 workers of 10 for evacuation
[2026-04-03T03:21:07.274+0600][12.110s][info][gc,mmu      ] GC(22) MMU target violated: 201.0ms (200.0ms/201.0ms)
[2026-04-03T03:21:07.274+0600][12.110s][info][gc,phases   ] GC(22)   Pre Evacuate Collection Set: 0.46ms
[2026-04-03T03:21:07.274+0600][12.110s][info][gc,phases   ] GC(22)   Merge Heap Roots: 0.24ms
[2026-04-03T03:21:07.274+0600][12.110s][info][gc,phases   ] GC(22)   Evacuate Collection Set: 358.99ms
[2026-04-03T03:21:07.274+0600][12.110s][info][gc,phases   ] GC(22)   Post Evacuate Collection Set: 0.40ms
[2026-04-03T03:21:07.274+0600][12.110s][info][gc,phases   ] GC(22)   Other: 0.22ms
[2026-04-03T03:21:07.274+0600][12.110s][info][gc,heap     ] GC(22) Eden regions: 64->0(67)
[2026-04-03T03:21:07.274+0600][12.110s][info][gc,heap     ] GC(22) Survivor regions: 4->9(9)
[2026-04-03T03:21:07.274+0600][12.110s][info][gc,heap     ] GC(22) Old regions: 344->404
[2026-04-03T03:21:07.274+0600][12.110s][info][gc,heap     ] GC(22) Humongous regions: 8->8
[2026-04-03T03:21:07.274+0600][12.110s][info][gc,metaspace] GC(22) Metaspace: 49454K(49920K)->49454K(49920K) NonClass: 43320K(43584K)->43320K(43584K) Class: 6133K(6336K)->6133K(6336K)
[2026-04-03T03:21:07.274+0600][12.110s][info][gc          ] GC(22) Pause Young (Normal) (G1 Evacuation Pause) 419M->420M(643M) 360.569ms
[2026-04-03T03:21:07.274+0600][12.110s][info][gc,cpu      ] GC(22) User=0.94s Sys=0.10s Real=0.36s
[2026-04-03T03:21:07.455+0600][12.291s][info][gc,start    ] GC(23) Pause Young (Normal) (G1 Evacuation Pause)
[2026-04-03T03:21:07.455+0600][12.291s][info][gc,task     ] GC(23) Using 10 workers of 10 for evacuation
[2026-04-03T03:21:07.866+0600][12.702s][info][gc,mmu      ] GC(23) MMU target violated: 201.0ms (200.0ms/201.0ms)
[2026-04-03T03:21:07.867+0600][12.703s][info][gc,phases   ] GC(23)   Pre Evacuate Collection Set: 0.54ms
[2026-04-03T03:21:07.867+0600][12.703s][info][gc,phases   ] GC(23)   Merge Heap Roots: 0.09ms
[2026-04-03T03:21:07.867+0600][12.703s][info][gc,phases   ] GC(23)   Evacuate Collection Set: 410.35ms
[2026-04-03T03:21:07.867+0600][12.703s][info][gc,phases   ] GC(23)   Post Evacuate Collection Set: 0.35ms
[2026-04-03T03:21:07.867+0600][12.703s][info][gc,phases   ] GC(23)   Other: 0.28ms
[2026-04-03T03:21:07.867+0600][12.703s][info][gc,heap     ] GC(23) Eden regions: 68->0(46)
[2026-04-03T03:21:07.867+0600][12.703s][info][gc,heap     ] GC(23) Survivor regions: 9->10(10)
[2026-04-03T03:21:07.867+0600][12.703s][info][gc,heap     ] GC(23) Old regions: 404->474
[2026-04-03T03:21:07.867+0600][12.703s][info][gc,heap     ] GC(23) Humongous regions: 8->8
[2026-04-03T03:21:07.867+0600][12.703s][info][gc,metaspace] GC(23) Metaspace: 49454K(49920K)->49454K(49920K) NonClass: 43320K(43584K)->43320K(43584K) Class: 6133K(6336K)->6133K(6336K)
[2026-04-03T03:21:07.867+0600][12.703s][info][gc          ] GC(23) Pause Young (Normal) (G1 Evacuation Pause) 488M->491M(643M) 411.853ms
[2026-04-03T03:21:07.867+0600][12.703s][info][gc,cpu      ] GC(23) User=1.30s Sys=0.12s Real=0.41s
[2026-04-03T03:21:07.893+0600][12.729s][info][gc,marking  ] GC(19) Concurrent Mark From Roots 1735.767ms
[2026-04-03T03:21:07.893+0600][12.729s][info][gc,marking  ] GC(19) Concurrent Preclean
[2026-04-03T03:21:07.893+0600][12.729s][info][gc,marking  ] GC(19) Concurrent Preclean 0.163ms
[2026-04-03T03:21:07.893+0600][12.729s][info][gc,start    ] GC(19) Pause Remark
[2026-04-03T03:21:07.897+0600][12.734s][info][gc          ] GC(19) Pause Remark 502M->502M(820M) 4.057ms
[2026-04-03T03:21:07.897+0600][12.734s][info][gc,cpu      ] GC(19) User=0.01s Sys=0.00s Real=0.00s
[2026-04-03T03:21:07.898+0600][12.734s][info][gc,marking  ] GC(19) Concurrent Mark 1740.733ms
[2026-04-03T03:21:07.898+0600][12.734s][info][gc,marking  ] GC(19) Concurrent Rebuild Remembered Sets and Scrub Regions
[2026-04-03T03:21:07.999+0600][12.836s][info][gc,marking  ] GC(19) Concurrent Rebuild Remembered Sets and Scrub Regions 101.838ms
[2026-04-03T03:21:08.000+0600][12.836s][info][gc,start    ] GC(19) Pause Cleanup
[2026-04-03T03:21:08.000+0600][12.836s][info][gc          ] GC(19) Pause Cleanup 534M->534M(820M) 0.470ms
[2026-04-03T03:21:08.000+0600][12.836s][info][gc,cpu      ] GC(19) User=0.01s Sys=0.00s Real=0.00s
[2026-04-03T03:21:08.000+0600][12.837s][info][gc,marking  ] GC(19) Concurrent Clear Claimed Marks
[2026-04-03T03:21:08.000+0600][12.837s][info][gc,marking  ] GC(19) Concurrent Clear Claimed Marks 0.086ms
[2026-04-03T03:21:08.000+0600][12.837s][info][gc,marking  ] GC(19) Concurrent Cleanup for Next Mark
[2026-04-03T03:21:08.003+0600][12.839s][info][gc,marking  ] GC(19) Concurrent Cleanup for Next Mark 2.251ms
[2026-04-03T03:21:08.003+0600][12.839s][info][gc          ] GC(19) Concurrent Mark Cycle 1858.281ms
[2026-04-03T03:21:08.010+0600][12.846s][info][gc,start    ] GC(24) Pause Young (Prepare Mixed) (G1 Evacuation Pause)
[2026-04-03T03:21:08.010+0600][12.846s][info][gc,task     ] GC(24) Using 10 workers of 10 for evacuation
[2026-04-03T03:21:08.308+0600][13.145s][info][gc,mmu      ] GC(24) MMU target violated: 201.0ms (200.0ms/201.0ms)
[2026-04-03T03:21:08.309+0600][13.145s][info][gc,phases   ] GC(24)   Pre Evacuate Collection Set: 0.42ms
[2026-04-03T03:21:08.309+0600][13.145s][info][gc,phases   ] GC(24)   Merge Heap Roots: 0.06ms
[2026-04-03T03:21:08.309+0600][13.145s][info][gc,phases   ] GC(24)   Evacuate Collection Set: 297.47ms
[2026-04-03T03:21:08.309+0600][13.145s][info][gc,phases   ] GC(24)   Post Evacuate Collection Set: 0.40ms
[2026-04-03T03:21:08.309+0600][13.145s][info][gc,phases   ] GC(24)   Other: 0.16ms
[2026-04-03T03:21:08.309+0600][13.145s][info][gc,heap     ] GC(24) Eden regions: 46->0(62)
[2026-04-03T03:21:08.309+0600][13.145s][info][gc,heap     ] GC(24) Survivor regions: 10->7(7)
[2026-04-03T03:21:08.309+0600][13.145s][info][gc,heap     ] GC(24) Old regions: 474->524
[2026-04-03T03:21:08.309+0600][13.145s][info][gc,heap     ] GC(24) Humongous regions: 8->8
[2026-04-03T03:21:08.309+0600][13.145s][info][gc,metaspace] GC(24) Metaspace: 49454K(49920K)->49454K(49920K) NonClass: 43320K(43584K)->43320K(43584K) Class: 6133K(6336K)->6133K(6336K)
[2026-04-03T03:21:08.309+0600][13.145s][info][gc          ] GC(24) Pause Young (Prepare Mixed) (G1 Evacuation Pause) 537M->538M(820M) 298.668ms
[2026-04-03T03:21:08.309+0600][13.145s][info][gc,cpu      ] GC(24) User=1.14s Sys=0.09s Real=0.29s
[2026-04-03T03:21:08.450+0600][13.286s][info][gc,start    ] GC(25) Pause Young (Mixed) (G1 Evacuation Pause)
[2026-04-03T03:21:08.450+0600][13.286s][info][gc,task     ] GC(25) Using 10 workers of 10 for evacuation
[2026-04-03T03:21:08.820+0600][13.656s][info][gc,mmu      ] GC(25) MMU target violated: 201.0ms (200.0ms/201.0ms)
[2026-04-03T03:21:08.820+0600][13.656s][info][gc,phases   ] GC(25)   Pre Evacuate Collection Set: 0.48ms
[2026-04-03T03:21:08.820+0600][13.656s][info][gc,phases   ] GC(25)   Merge Heap Roots: 0.31ms
[2026-04-03T03:21:08.820+0600][13.656s][info][gc,phases   ] GC(25)   Evacuate Collection Set: 367.83ms
[2026-04-03T03:21:08.820+0600][13.656s][info][gc,phases   ] GC(25)   Post Evacuate Collection Set: 1.11ms
[2026-04-03T03:21:08.820+0600][13.656s][info][gc,phases   ] GC(25)   Other: 0.20ms
[2026-04-03T03:21:08.820+0600][13.656s][info][gc,heap     ] GC(25) Eden regions: 62->0(68)
[2026-04-03T03:21:08.820+0600][13.656s][info][gc,heap     ] GC(25) Survivor regions: 7->9(9)
[2026-04-03T03:21:08.820+0600][13.656s][info][gc,heap     ] GC(25) Old regions: 524->583
[2026-04-03T03:21:08.820+0600][13.656s][info][gc,heap     ] GC(25) Humongous regions: 8->8
[2026-04-03T03:21:08.820+0600][13.656s][info][gc,metaspace] GC(25) Metaspace: 49454K(49920K)->49454K(49920K) NonClass: 43320K(43584K)->43320K(43584K) Class: 6133K(6336K)->6133K(6336K)
[2026-04-03T03:21:08.820+0600][13.656s][info][gc          ] GC(25) Pause Young (Mixed) (G1 Evacuation Pause) 600M->599M(820M) 370.113ms
[2026-04-03T03:21:08.820+0600][13.656s][info][gc,cpu      ] GC(25) User=1.10s Sys=0.12s Real=0.37s
[2026-04-03T03:21:09.688+0600][14.524s][info][gc,start    ] GC(26) Pause Young (Concurrent Start) (G1 Evacuation Pause)
[2026-04-03T03:21:09.688+0600][14.524s][info][gc,task     ] GC(26) Using 10 workers of 10 for evacuation
[2026-04-03T03:21:09.942+0600][14.778s][info][gc,mmu      ] GC(26) MMU target violated: 201.0ms (200.0ms/201.0ms)
[2026-04-03T03:21:09.942+0600][14.778s][info][gc,phases   ] GC(26)   Pre Evacuate Collection Set: 0.47ms
[2026-04-03T03:21:09.942+0600][14.778s][info][gc,phases   ] GC(26)   Merge Heap Roots: 0.08ms
[2026-04-03T03:21:09.942+0600][14.778s][info][gc,phases   ] GC(26)   Evacuate Collection Set: 251.75ms
[2026-04-03T03:21:09.942+0600][14.778s][info][gc,phases   ] GC(26)   Post Evacuate Collection Set: 1.15ms
[2026-04-03T03:21:09.942+0600][14.778s][info][gc,phases   ] GC(26)   Other: 0.24ms
[2026-04-03T03:21:09.942+0600][14.778s][info][gc,heap     ] GC(26) Eden regions: 68->0(76)
[2026-04-03T03:21:09.942+0600][14.778s][info][gc,heap     ] GC(26) Survivor regions: 9->10(10)
[2026-04-03T03:21:09.942+0600][14.778s][info][gc,heap     ] GC(26) Old regions: 583->618
[2026-04-03T03:21:09.942+0600][14.778s][info][gc,heap     ] GC(26) Humongous regions: 8->8
[2026-04-03T03:21:09.942+0600][14.778s][info][gc,metaspace] GC(26) Metaspace: 51293K(51776K)->51293K(51776K) NonClass: 44874K(45184K)->44874K(45184K) Class: 6419K(6592K)->6419K(6592K)
[2026-04-03T03:21:09.942+0600][14.778s][info][gc          ] GC(26) Pause Young (Concurrent Start) (G1 Evacuation Pause) 667M->636M(892M) 254.055ms
[2026-04-03T03:21:09.942+0600][14.778s][info][gc,cpu      ] GC(26) User=1.08s Sys=0.10s Real=0.26s
[2026-04-03T03:21:09.942+0600][14.778s][info][gc          ] GC(27) Concurrent Mark Cycle
[2026-04-03T03:21:09.942+0600][14.778s][info][gc,marking  ] GC(27) Concurrent Scan Root Regions
[2026-04-03T03:21:09.952+0600][14.788s][info][gc,marking  ] GC(27) Concurrent Scan Root Regions 9.615ms
[2026-04-03T03:21:09.952+0600][14.788s][info][gc,marking  ] GC(27) Concurrent Mark
[2026-04-03T03:21:09.952+0600][14.788s][info][gc,marking  ] GC(27) Concurrent Mark From Roots
[2026-04-03T03:21:09.952+0600][14.788s][info][gc,task     ] GC(27) Using 3 workers of 3 for marking
[2026-04-03T03:21:10.204+0600][15.040s][info][gc,marking  ] GC(27) Concurrent Mark From Roots 252.000ms
[2026-04-03T03:21:10.204+0600][15.040s][info][gc,marking  ] GC(27) Concurrent Preclean
[2026-04-03T03:21:10.204+0600][15.040s][info][gc,marking  ] GC(27) Concurrent Preclean 0.187ms
[2026-04-03T03:21:10.204+0600][15.040s][info][gc,start    ] GC(27) Pause Remark
[2026-04-03T03:21:10.209+0600][15.045s][info][gc          ] GC(27) Pause Remark 644M->151M(477M) 4.500ms
[2026-04-03T03:21:10.209+0600][15.045s][info][gc,cpu      ] GC(27) User=0.01s Sys=0.00s Real=0.00s
[2026-04-03T03:21:10.209+0600][15.045s][info][gc,marking  ] GC(27) Concurrent Mark 257.526ms
[2026-04-03T03:21:10.209+0600][15.045s][info][gc,marking  ] GC(27) Concurrent Rebuild Remembered Sets and Scrub Regions
[2026-04-03T03:21:10.235+0600][15.071s][info][gc,marking  ] GC(27) Concurrent Rebuild Remembered Sets and Scrub Regions 25.906ms
[2026-04-03T03:21:10.235+0600][15.071s][info][gc,start    ] GC(27) Pause Cleanup
[2026-04-03T03:21:10.236+0600][15.072s][info][gc          ] GC(27) Pause Cleanup 151M->151M(477M) 0.626ms
[2026-04-03T03:21:10.236+0600][15.072s][info][gc,cpu      ] GC(27) User=0.00s Sys=0.00s Real=0.00s
[2026-04-03T03:21:10.236+0600][15.072s][info][gc,marking  ] GC(27) Concurrent Clear Claimed Marks
[2026-04-03T03:21:10.236+0600][15.072s][info][gc,marking  ] GC(27) Concurrent Clear Claimed Marks 0.119ms
[2026-04-03T03:21:10.236+0600][15.073s][info][gc,marking  ] GC(27) Concurrent Cleanup for Next Mark
[2026-04-03T03:21:10.237+0600][15.073s][info][gc,marking  ] GC(27) Concurrent Cleanup for Next Mark 0.588ms
[2026-04-03T03:21:10.237+0600][15.073s][info][gc          ] GC(27) Concurrent Mark Cycle 295.134ms
[2026-04-03T03:21:11.938+0600][16.774s][info][gc,start    ] GC(28) Pause Full (System.gc())
[2026-04-03T03:21:11.938+0600][16.775s][info][gc,task     ] GC(28) Using 10 workers of 10 for full compaction
[2026-04-03T03:21:11.939+0600][16.775s][info][gc,phases,start] GC(28) Phase 1: Mark live objects
[2026-04-03T03:21:11.950+0600][16.787s][info][gc,phases      ] GC(28) Phase 1: Mark live objects 11.402ms
[2026-04-03T03:21:11.950+0600][16.787s][info][gc,phases,start] GC(28) Phase 2: Prepare compaction
[2026-04-03T03:21:11.952+0600][16.788s][info][gc,phases      ] GC(28) Phase 2: Prepare compaction 1.201ms
[2026-04-03T03:21:11.952+0600][16.788s][info][gc,phases,start] GC(28) Phase 3: Adjust pointers
[2026-04-03T03:21:11.958+0600][16.794s][info][gc,phases      ] GC(28) Phase 3: Adjust pointers 6.031ms
[2026-04-03T03:21:11.958+0600][16.794s][info][gc,phases,start] GC(28) Phase 4: Compact heap
[2026-04-03T03:21:11.959+0600][16.796s][info][gc,phases      ] GC(28) Phase 4: Compact heap 1.545ms
[2026-04-03T03:21:11.959+0600][16.796s][info][gc,phases,start] GC(28) Phase 5: Reset Metadata
[2026-04-03T03:21:11.961+0600][16.797s][info][gc,phases      ] GC(28) Phase 5: Reset Metadata 1.107ms
[2026-04-03T03:21:11.965+0600][16.801s][info][gc,heap        ] GC(28) Eden regions: 42->0(29)
[2026-04-03T03:21:11.965+0600][16.801s][info][gc,heap        ] GC(28) Survivor regions: 10->0(10)
[2026-04-03T03:21:11.965+0600][16.801s][info][gc,heap        ] GC(28) Old regions: 125->31
[2026-04-03T03:21:11.965+0600][16.801s][info][gc,heap        ] GC(28) Humongous regions: 29->8
[2026-04-03T03:21:11.965+0600][16.801s][info][gc,metaspace   ] GC(28) Metaspace: 57363K(57920K)->57363K(57920K) NonClass: 50170K(50496K)->50170K(50496K) Class: 7193K(7424K)->7193K(7424K)
[2026-04-03T03:21:11.965+0600][16.801s][info][gc             ] GC(28) Pause Full (System.gc()) 205M->31M(130M) 26.304ms
[2026-04-03T03:21:11.965+0600][16.801s][info][gc,cpu         ] GC(28) User=0.13s Sys=0.02s Real=0.03s
[2026-04-03T03:21:12.220+0600][17.056s][info][gc,start       ] GC(29) Pause Young (Concurrent Start) (G1 Evacuation Pause)
[2026-04-03T03:21:12.220+0600][17.056s][info][gc,task        ] GC(29) Using 6 workers of 10 for evacuation
[2026-04-03T03:21:12.222+0600][17.058s][info][gc,phases      ] GC(29)   Pre Evacuate Collection Set: 0.30ms
[2026-04-03T03:21:12.222+0600][17.058s][info][gc,phases      ] GC(29)   Merge Heap Roots: 0.12ms
[2026-04-03T03:21:12.222+0600][17.058s][info][gc,phases      ] GC(29)   Evacuate Collection Set: 0.95ms
[2026-04-03T03:21:12.222+0600][17.058s][info][gc,phases      ] GC(29)   Post Evacuate Collection Set: 0.46ms
[2026-04-03T03:21:12.222+0600][17.058s][info][gc,phases      ] GC(29)   Other: 0.20ms
[2026-04-03T03:21:12.222+0600][17.058s][info][gc,heap        ] GC(29) Eden regions: 29->0(33)
[2026-04-03T03:21:12.222+0600][17.058s][info][gc,heap        ] GC(29) Survivor regions: 0->2(4)
[2026-04-03T03:21:12.222+0600][17.058s][info][gc,heap        ] GC(29) Old regions: 31->31
[2026-04-03T03:21:12.222+0600][17.058s][info][gc,heap        ] GC(29) Humongous regions: 8->8
[2026-04-03T03:21:12.222+0600][17.058s][info][gc,metaspace   ] GC(29) Metaspace: 59121K(59648K)->59121K(59648K) NonClass: 51676K(51968K)->51676K(51968K) Class: 7445K(7680K)->7445K(7680K)
[2026-04-03T03:21:12.222+0600][17.058s][info][gc             ] GC(29) Pause Young (Concurrent Start) (G1 Evacuation Pause) 60M->33M(130M) 2.294ms
[2026-04-03T03:21:12.222+0600][17.058s][info][gc,cpu         ] GC(29) User=0.01s Sys=0.00s Real=0.00s
[2026-04-03T03:21:12.222+0600][17.059s][info][gc             ] GC(30) Concurrent Mark Cycle
[2026-04-03T03:21:12.222+0600][17.059s][info][gc,marking     ] GC(30) Concurrent Scan Root Regions
[2026-04-03T03:21:12.224+0600][17.060s][info][gc,marking     ] GC(30) Concurrent Scan Root Regions 1.097ms
[2026-04-03T03:21:12.224+0600][17.060s][info][gc,marking     ] GC(30) Concurrent Mark
[2026-04-03T03:21:12.224+0600][17.060s][info][gc,marking     ] GC(30) Concurrent Mark From Roots
[2026-04-03T03:21:12.224+0600][17.060s][info][gc,task        ] GC(30) Using 3 workers of 3 for marking
[2026-04-03T03:21:12.238+0600][17.074s][info][gc,marking     ] GC(30) Concurrent Mark From Roots 14.183ms
[2026-04-03T03:21:12.238+0600][17.074s][info][gc,marking     ] GC(30) Concurrent Preclean
[2026-04-03T03:21:12.238+0600][17.074s][info][gc,marking     ] GC(30) Concurrent Preclean 0.096ms
[2026-04-03T03:21:12.238+0600][17.074s][info][gc,start       ] GC(30) Pause Remark
[2026-04-03T03:21:12.242+0600][17.078s][info][gc             ] GC(30) Pause Remark 39M->39M(130M) 3.756ms
[2026-04-03T03:21:12.242+0600][17.078s][info][gc,cpu         ] GC(30) User=0.03s Sys=0.00s Real=0.01s
[2026-04-03T03:21:12.242+0600][17.078s][info][gc,marking     ] GC(30) Concurrent Mark 18.475ms
[2026-04-03T03:21:12.242+0600][17.078s][info][gc,marking     ] GC(30) Concurrent Rebuild Remembered Sets and Scrub Regions
[2026-04-03T03:21:12.249+0600][17.085s][info][gc,marking     ] GC(30) Concurrent Rebuild Remembered Sets and Scrub Regions 6.953ms
[2026-04-03T03:21:12.249+0600][17.085s][info][gc,start       ] GC(30) Pause Cleanup
[2026-04-03T03:21:12.249+0600][17.086s][info][gc             ] GC(30) Pause Cleanup 42M->42M(130M) 0.179ms
[2026-04-03T03:21:12.250+0600][17.086s][info][gc,cpu         ] GC(30) User=0.00s Sys=0.00s Real=0.00s
[2026-04-03T03:21:12.250+0600][17.086s][info][gc,marking     ] GC(30) Concurrent Clear Claimed Marks
[2026-04-03T03:21:12.250+0600][17.086s][info][gc,marking     ] GC(30) Concurrent Clear Claimed Marks 0.162ms
[2026-04-03T03:21:12.250+0600][17.086s][info][gc,marking     ] GC(30) Concurrent Cleanup for Next Mark
[2026-04-03T03:21:12.250+0600][17.086s][info][gc,marking     ] GC(30) Concurrent Cleanup for Next Mark 0.234ms
[2026-04-03T03:21:12.250+0600][17.086s][info][gc             ] GC(30) Concurrent Mark Cycle 27.756ms
[2026-04-03T03:21:12.435+0600][17.272s][info][gc,start       ] GC(31) Pause Young (Prepare Mixed) (G1 Evacuation Pause)
[2026-04-03T03:21:12.435+0600][17.272s][info][gc,task        ] GC(31) Using 4 workers of 10 for evacuation
[2026-04-03T03:21:12.438+0600][17.275s][info][gc,phases      ] GC(31)   Pre Evacuate Collection Set: 0.26ms
[2026-04-03T03:21:12.438+0600][17.275s][info][gc,phases      ] GC(31)   Merge Heap Roots: 0.18ms
[2026-04-03T03:21:12.438+0600][17.275s][info][gc,phases      ] GC(31)   Evacuate Collection Set: 1.96ms
[2026-04-03T03:21:12.438+0600][17.275s][info][gc,phases      ] GC(31)   Post Evacuate Collection Set: 0.47ms
[2026-04-03T03:21:12.439+0600][17.275s][info][gc,phases      ] GC(31)   Other: 0.08ms
[2026-04-03T03:21:12.439+0600][17.275s][info][gc,heap        ] GC(31) Eden regions: 33->0(38)
[2026-04-03T03:21:12.439+0600][17.275s][info][gc,heap        ] GC(31) Survivor regions: 2->2(5)
[2026-04-03T03:21:12.439+0600][17.275s][info][gc,heap        ] GC(31) Old regions: 31->31
[2026-04-03T03:21:12.439+0600][17.275s][info][gc,heap        ] GC(31) Humongous regions: 8->8
[2026-04-03T03:21:12.439+0600][17.275s][info][gc,metaspace   ] GC(31) Metaspace: 62516K(63040K)->62516K(63040K) NonClass: 54781K(55104K)->54781K(55104K) Class: 7734K(7936K)->7734K(7936K)
[2026-04-03T03:21:12.439+0600][17.275s][info][gc             ] GC(31) Pause Young (Prepare Mixed) (G1 Evacuation Pause) 66M->32M(130M) 3.170ms
[2026-04-03T03:21:12.439+0600][17.275s][info][gc,cpu         ] GC(31) User=0.02s Sys=0.00s Real=0.00s
[2026-04-03T03:21:13.976+0600][18.812s][info][gc,start       ] GC(32) Pause Young (Mixed) (G1 Evacuation Pause)
[2026-04-03T03:21:13.976+0600][18.812s][info][gc,task        ] GC(32) Using 3 workers of 10 for evacuation
[2026-04-03T03:21:13.984+0600][18.820s][info][gc,phases      ] GC(32)   Pre Evacuate Collection Set: 0.38ms
[2026-04-03T03:21:13.984+0600][18.820s][info][gc,phases      ] GC(32)   Merge Heap Roots: 0.17ms
[2026-04-03T03:21:13.984+0600][18.820s][info][gc,phases      ] GC(32)   Evacuate Collection Set: 6.07ms
[2026-04-03T03:21:13.984+0600][18.820s][info][gc,phases      ] GC(32)   Post Evacuate Collection Set: 1.20ms
[2026-04-03T03:21:13.984+0600][18.820s][info][gc,phases      ] GC(32)   Other: 0.15ms
[2026-04-03T03:21:13.984+0600][18.820s][info][gc,heap        ] GC(32) Eden regions: 38->0(40)
[2026-04-03T03:21:13.984+0600][18.820s][info][gc,heap        ] GC(32) Survivor regions: 2->5(5)
[2026-04-03T03:21:13.984+0600][18.820s][info][gc,heap        ] GC(32) Old regions: 31->30
[2026-04-03T03:21:13.984+0600][18.820s][info][gc,heap        ] GC(32) Humongous regions: 25->8
[2026-04-03T03:21:13.984+0600][18.820s][info][gc,metaspace   ] GC(32) Metaspace: 66719K(67584K)->66719K(67584K) NonClass: 58298K(58752K)->58298K(58752K) Class: 8421K(8832K)->8421K(8832K)
[2026-04-03T03:21:13.984+0600][18.821s][info][gc             ] GC(32) Pause Young (Mixed) (G1 Evacuation Pause) 87M->35M(130M) 8.374ms
[2026-04-03T03:21:13.984+0600][18.821s][info][gc,cpu         ] GC(32) User=0.04s Sys=0.00s Real=0.01s
[2026-04-03T03:21:14.314+0600][19.150s][info][gc,start       ] GC(33) Pause Young (Concurrent Start) (G1 Evacuation Pause)
[2026-04-03T03:21:14.314+0600][19.150s][info][gc,task        ] GC(33) Using 3 workers of 10 for evacuation
[2026-04-03T03:21:14.321+0600][19.157s][info][gc,phases      ] GC(33)   Pre Evacuate Collection Set: 0.21ms
[2026-04-03T03:21:14.321+0600][19.157s][info][gc,phases      ] GC(33)   Merge Heap Roots: 0.10ms
[2026-04-03T03:21:14.321+0600][19.157s][info][gc,phases      ] GC(33)   Evacuate Collection Set: 5.60ms
[2026-04-03T03:21:14.321+0600][19.157s][info][gc,phases      ] GC(33)   Post Evacuate Collection Set: 0.68ms
[2026-04-03T03:21:14.321+0600][19.157s][info][gc,phases      ] GC(33)   Other: 0.16ms
[2026-04-03T03:21:14.321+0600][19.157s][info][gc,heap        ] GC(33) Eden regions: 40->0(44)
[2026-04-03T03:21:14.321+0600][19.157s][info][gc,heap        ] GC(33) Survivor regions: 5->1(6)
[2026-04-03T03:21:14.321+0600][19.157s][info][gc,heap        ] GC(33) Old regions: 30->34
[2026-04-03T03:21:14.321+0600][19.157s][info][gc,heap        ] GC(33) Humongous regions: 8->8
[2026-04-03T03:21:14.321+0600][19.157s][info][gc,metaspace   ] GC(33) Metaspace: 66829K(67712K)->66829K(67712K) NonClass: 58405K(58880K)->58405K(58880K) Class: 8423K(8832K)->8423K(8832K)
[2026-04-03T03:21:14.321+0600][19.157s][info][gc             ] GC(33) Pause Young (Concurrent Start) (G1 Evacuation Pause) 75M->36M(130M) 7.053ms
[2026-04-03T03:21:14.321+0600][19.157s][info][gc,cpu         ] GC(33) User=0.02s Sys=0.00s Real=0.01s
[2026-04-03T03:21:14.321+0600][19.157s][info][gc             ] GC(34) Concurrent Mark Cycle
[2026-04-03T03:21:14.321+0600][19.158s][info][gc,marking     ] GC(34) Concurrent Scan Root Regions
[2026-04-03T03:21:14.324+0600][19.160s][info][gc,marking     ] GC(34) Concurrent Scan Root Regions 2.706ms
[2026-04-03T03:21:14.324+0600][19.160s][info][gc,marking     ] GC(34) Concurrent Mark
[2026-04-03T03:21:14.324+0600][19.160s][info][gc,marking     ] GC(34) Concurrent Mark From Roots
[2026-04-03T03:21:14.324+0600][19.160s][info][gc,task        ] GC(34) Using 3 workers of 3 for marking
[2026-04-03T03:21:14.345+0600][19.181s][info][gc,marking     ] GC(34) Concurrent Mark From Roots 20.638ms
[2026-04-03T03:21:14.345+0600][19.181s][info][gc,marking     ] GC(34) Concurrent Preclean
[2026-04-03T03:21:14.345+0600][19.181s][info][gc,marking     ] GC(34) Concurrent Preclean 0.250ms
[2026-04-03T03:21:14.345+0600][19.182s][info][gc,start       ] GC(34) Pause Remark
[2026-04-03T03:21:14.352+0600][19.188s][info][gc             ] GC(34) Pause Remark 41M->41M(130M) 6.420ms
[2026-04-03T03:21:14.352+0600][19.188s][info][gc,cpu         ] GC(34) User=0.03s Sys=0.00s Real=0.01s
[2026-04-03T03:21:14.352+0600][19.188s][info][gc,marking     ] GC(34) Concurrent Mark 27.935ms
[2026-04-03T03:21:14.352+0600][19.188s][info][gc,marking     ] GC(34) Concurrent Rebuild Remembered Sets and Scrub Regions
[2026-04-03T03:21:14.362+0600][19.198s][info][gc,marking     ] GC(34) Concurrent Rebuild Remembered Sets and Scrub Regions 10.046ms
[2026-04-03T03:21:14.362+0600][19.199s][info][gc,start       ] GC(34) Pause Cleanup
[2026-04-03T03:21:14.363+0600][19.199s][info][gc             ] GC(34) Pause Cleanup 43M->43M(130M) 0.229ms
[2026-04-03T03:21:14.363+0600][19.199s][info][gc,cpu         ] GC(34) User=0.01s Sys=0.00s Real=0.00s
[2026-04-03T03:21:14.363+0600][19.199s][info][gc,marking     ] GC(34) Concurrent Clear Claimed Marks
[2026-04-03T03:21:14.363+0600][19.199s][info][gc,marking     ] GC(34) Concurrent Clear Claimed Marks 0.202ms
[2026-04-03T03:21:14.363+0600][19.199s][info][gc,marking     ] GC(34) Concurrent Cleanup for Next Mark
[2026-04-03T03:21:14.363+0600][19.199s][info][gc,marking     ] GC(34) Concurrent Cleanup for Next Mark 0.216ms
[2026-04-03T03:21:14.363+0600][19.199s][info][gc             ] GC(34) Concurrent Mark Cycle 42.004ms
[2026-04-03T03:21:14.485+0600][19.321s][info][gc,start       ] GC(35) Pause Young (Prepare Mixed) (G1 Evacuation Pause)
[2026-04-03T03:21:14.485+0600][19.322s][info][gc,task        ] GC(35) Using 3 workers of 10 for evacuation
[2026-04-03T03:21:14.488+0600][19.324s][info][gc,phases      ] GC(35)   Pre Evacuate Collection Set: 0.27ms
[2026-04-03T03:21:14.488+0600][19.324s][info][gc,phases      ] GC(35)   Merge Heap Roots: 0.14ms
[2026-04-03T03:21:14.488+0600][19.324s][info][gc,phases      ] GC(35)   Evacuate Collection Set: 1.42ms
[2026-04-03T03:21:14.488+0600][19.324s][info][gc,phases      ] GC(35)   Post Evacuate Collection Set: 0.68ms
[2026-04-03T03:21:14.488+0600][19.324s][info][gc,phases      ] GC(35)   Other: 0.25ms
[2026-04-03T03:21:14.488+0600][19.324s][info][gc,heap        ] GC(35) Eden regions: 44->0(49)
[2026-04-03T03:21:14.488+0600][19.324s][info][gc,heap        ] GC(35) Survivor regions: 1->1(6)
[2026-04-03T03:21:14.488+0600][19.325s][info][gc,heap        ] GC(35) Old regions: 34->34
[2026-04-03T03:21:14.488+0600][19.325s][info][gc,heap        ] GC(35) Humongous regions: 8->8
[2026-04-03T03:21:14.488+0600][19.325s][info][gc,metaspace   ] GC(35) Metaspace: 66831K(67712K)->66831K(67712K) NonClass: 58407K(58880K)->58407K(58880K) Class: 8423K(8832K)->8423K(8832K)
[2026-04-03T03:21:14.488+0600][19.325s][info][gc             ] GC(35) Pause Young (Prepare Mixed) (G1 Evacuation Pause) 80M->36M(130M) 3.098ms
[2026-04-03T03:21:14.488+0600][19.325s][info][gc,cpu         ] GC(35) User=0.01s Sys=0.00s Real=0.00s
[2026-04-03T03:21:14.597+0600][19.433s][info][gc,start       ] GC(36) Pause Young (Mixed) (G1 Evacuation Pause)
[2026-04-03T03:21:14.597+0600][19.433s][info][gc,task        ] GC(36) Using 3 workers of 10 for evacuation
[2026-04-03T03:21:14.600+0600][19.436s][info][gc,phases      ] GC(36)   Pre Evacuate Collection Set: 0.29ms
[2026-04-03T03:21:14.600+0600][19.436s][info][gc,phases      ] GC(36)   Merge Heap Roots: 0.19ms
[2026-04-03T03:21:14.600+0600][19.436s][info][gc,phases      ] GC(36)   Evacuate Collection Set: 1.63ms
[2026-04-03T03:21:14.600+0600][19.436s][info][gc,phases      ] GC(36)   Post Evacuate Collection Set: 0.57ms
[2026-04-03T03:21:14.600+0600][19.436s][info][gc,phases      ] GC(36)   Other: 0.14ms
[2026-04-03T03:21:14.600+0600][19.436s][info][gc,heap        ] GC(36) Eden regions: 49->0(53)
[2026-04-03T03:21:14.600+0600][19.436s][info][gc,heap        ] GC(36) Survivor regions: 1->1(7)
[2026-04-03T03:21:14.600+0600][19.436s][info][gc,heap        ] GC(36) Old regions: 34->33
[2026-04-03T03:21:14.600+0600][19.436s][info][gc,heap        ] GC(36) Humongous regions: 8->8
[2026-04-03T03:21:14.600+0600][19.436s][info][gc,metaspace   ] GC(36) Metaspace: 66832K(67712K)->66832K(67712K) NonClass: 58408K(58880K)->58408K(58880K) Class: 8423K(8832K)->8423K(8832K)
[2026-04-03T03:21:14.600+0600][19.436s][info][gc             ] GC(36) Pause Young (Mixed) (G1 Evacuation Pause) 85M->36M(130M) 3.113ms
[2026-04-03T03:21:14.600+0600][19.436s][info][gc,cpu         ] GC(36) User=0.01s Sys=0.00s Real=0.01s
[2026-04-03T03:21:14.639+0600][19.475s][info][gc,start       ] GC(37) Pause Young (Concurrent Start) (G1 Evacuation Pause)
[2026-04-03T03:21:14.639+0600][19.475s][info][gc,task        ] GC(37) Using 3 workers of 10 for evacuation
[2026-04-03T03:21:14.642+0600][19.478s][info][gc,phases      ] GC(37)   Pre Evacuate Collection Set: 0.33ms
[2026-04-03T03:21:14.642+0600][19.478s][info][gc,phases      ] GC(37)   Merge Heap Roots: 0.11ms
[2026-04-03T03:21:14.642+0600][19.478s][info][gc,phases      ] GC(37)   Evacuate Collection Set: 1.24ms
[2026-04-03T03:21:14.642+0600][19.478s][info][gc,phases      ] GC(37)   Post Evacuate Collection Set: 0.69ms
[2026-04-03T03:21:14.642+0600][19.478s][info][gc,phases      ] GC(37)   Other: 0.17ms
[2026-04-03T03:21:14.642+0600][19.478s][info][gc,heap        ] GC(37) Eden regions: 53->0(57)
[2026-04-03T03:21:14.642+0600][19.478s][info][gc,heap        ] GC(37) Survivor regions: 1->1(7)
[2026-04-03T03:21:14.642+0600][19.478s][info][gc,heap        ] GC(37) Old regions: 33->33
[2026-04-03T03:21:14.642+0600][19.478s][info][gc,heap        ] GC(37) Humongous regions: 8->8
[2026-04-03T03:21:14.642+0600][19.478s][info][gc,metaspace   ] GC(37) Metaspace: 66833K(67712K)->66833K(67712K) NonClass: 58409K(58880K)->58409K(58880K) Class: 8423K(8832K)->8423K(8832K)
[2026-04-03T03:21:14.642+0600][19.478s][info][gc             ] GC(37) Pause Young (Concurrent Start) (G1 Evacuation Pause) 89M->36M(130M) 2.795ms
[2026-04-03T03:21:14.642+0600][19.478s][info][gc             ] GC(38) Concurrent Mark Cycle
[2026-04-03T03:21:14.642+0600][19.478s][info][gc,cpu         ] GC(37) User=0.01s Sys=0.00s Real=0.01s
[2026-04-03T03:21:14.642+0600][19.478s][info][gc,marking     ] GC(38) Concurrent Scan Root Regions
[2026-04-03T03:21:14.644+0600][19.480s][info][gc,marking     ] GC(38) Concurrent Scan Root Regions 1.772ms
[2026-04-03T03:21:14.644+0600][19.480s][info][gc,marking     ] GC(38) Concurrent Mark
[2026-04-03T03:21:14.644+0600][19.480s][info][gc,marking     ] GC(38) Concurrent Mark From Roots
[2026-04-03T03:21:14.644+0600][19.480s][info][gc,task        ] GC(38) Using 3 workers of 3 for marking
[2026-04-03T03:21:14.664+0600][19.501s][info][gc,marking     ] GC(38) Concurrent Mark From Roots 20.804ms
[2026-04-03T03:21:14.664+0600][19.501s][info][gc,marking     ] GC(38) Concurrent Preclean
[2026-04-03T03:21:14.665+0600][19.501s][info][gc,marking     ] GC(38) Concurrent Preclean 0.104ms
[2026-04-03T03:21:14.665+0600][19.501s][info][gc,start       ] GC(38) Pause Remark
[2026-04-03T03:21:14.675+0600][19.511s][info][gc             ] GC(38) Pause Remark 63M->63M(130M) 10.478ms
[2026-04-03T03:21:14.675+0600][19.511s][info][gc,cpu         ] GC(38) User=0.03s Sys=0.00s Real=0.01s
[2026-04-03T03:21:14.675+0600][19.512s][info][gc,marking     ] GC(38) Concurrent Mark 31.835ms
[2026-04-03T03:21:14.675+0600][19.512s][info][gc,marking     ] GC(38) Concurrent Rebuild Remembered Sets and Scrub Regions
[2026-04-03T03:21:14.684+0600][19.520s][info][gc,marking     ] GC(38) Concurrent Rebuild Remembered Sets and Scrub Regions 8.226ms
[2026-04-03T03:21:14.684+0600][19.520s][info][gc,start       ] GC(38) Pause Cleanup
[2026-04-03T03:21:14.684+0600][19.520s][info][gc             ] GC(38) Pause Cleanup 78M->78M(130M) 0.128ms
[2026-04-03T03:21:14.684+0600][19.520s][info][gc,cpu         ] GC(38) User=0.01s Sys=0.00s Real=0.00s
[2026-04-03T03:21:14.684+0600][19.520s][info][gc,marking     ] GC(38) Concurrent Clear Claimed Marks
[2026-04-03T03:21:14.684+0600][19.520s][info][gc,marking     ] GC(38) Concurrent Clear Claimed Marks 0.110ms
[2026-04-03T03:21:14.684+0600][19.520s][info][gc,marking     ] GC(38) Concurrent Cleanup for Next Mark
[2026-04-03T03:21:14.684+0600][19.521s][info][gc,marking     ] GC(38) Concurrent Cleanup for Next Mark 0.192ms
[2026-04-03T03:21:14.684+0600][19.521s][info][gc             ] GC(38) Concurrent Mark Cycle 42.727ms
[2026-04-03T03:21:14.694+0600][19.530s][info][gc,start       ] GC(39) Pause Young (Prepare Mixed) (G1 Evacuation Pause)
[2026-04-03T03:21:14.694+0600][19.530s][info][gc,task        ] GC(39) Using 3 workers of 10 for evacuation
[2026-04-03T03:21:14.696+0600][19.532s][info][gc,phases      ] GC(39)   Pre Evacuate Collection Set: 0.53ms
[2026-04-03T03:21:14.696+0600][19.533s][info][gc,phases      ] GC(39)   Merge Heap Roots: 0.12ms
[2026-04-03T03:21:14.696+0600][19.533s][info][gc,phases      ] GC(39)   Evacuate Collection Set: 1.35ms
[2026-04-03T03:21:14.696+0600][19.533s][info][gc,phases      ] GC(39)   Post Evacuate Collection Set: 0.70ms
[2026-04-03T03:21:14.696+0600][19.533s][info][gc,phases      ] GC(39)   Other: 0.08ms
[2026-04-03T03:21:14.696+0600][19.533s][info][gc,heap        ] GC(39) Eden regions: 57->0(61)
[2026-04-03T03:21:14.696+0600][19.533s][info][gc,heap        ] GC(39) Survivor regions: 1->1(8)
[2026-04-03T03:21:14.696+0600][19.533s][info][gc,heap        ] GC(39) Old regions: 33->33
[2026-04-03T03:21:14.696+0600][19.533s][info][gc,heap        ] GC(39) Humongous regions: 8->8
[2026-04-03T03:21:14.696+0600][19.533s][info][gc,metaspace   ] GC(39) Metaspace: 66703K(67712K)->66703K(67712K) NonClass: 58316K(58880K)->58316K(58880K) Class: 8386K(8832K)->8386K(8832K)
[2026-04-03T03:21:14.696+0600][19.533s][info][gc             ] GC(39) Pause Young (Prepare Mixed) (G1 Evacuation Pause) 93M->36M(130M) 2.981ms
[2026-04-03T03:21:14.697+0600][19.533s][info][gc,cpu         ] GC(39) User=0.00s Sys=0.00s Real=0.00s
[2026-04-03T03:21:14.723+0600][19.559s][info][gc,start       ] GC(40) Pause Young (Mixed) (G1 Evacuation Pause)
[2026-04-03T03:21:14.723+0600][19.559s][info][gc,task        ] GC(40) Using 3 workers of 10 for evacuation
[2026-04-03T03:21:14.725+0600][19.561s][info][gc,phases      ] GC(40)   Pre Evacuate Collection Set: 0.27ms
[2026-04-03T03:21:14.725+0600][19.561s][info][gc,phases      ] GC(40)   Merge Heap Roots: 0.14ms
[2026-04-03T03:21:14.725+0600][19.561s][info][gc,phases      ] GC(40)   Evacuate Collection Set: 1.22ms
[2026-04-03T03:21:14.725+0600][19.561s][info][gc,phases      ] GC(40)   Post Evacuate Collection Set: 0.53ms
[2026-04-03T03:21:14.725+0600][19.561s][info][gc,phases      ] GC(40)   Other: 0.07ms
[2026-04-03T03:21:14.725+0600][19.561s][info][gc,heap        ] GC(40) Eden regions: 61->0(65)
[2026-04-03T03:21:14.725+0600][19.561s][info][gc,heap        ] GC(40) Survivor regions: 1->1(8)
[2026-04-03T03:21:14.725+0600][19.561s][info][gc,heap        ] GC(40) Old regions: 33->32
[2026-04-03T03:21:14.725+0600][19.561s][info][gc,heap        ] GC(40) Humongous regions: 8->8
[2026-04-03T03:21:14.725+0600][19.561s][info][gc,metaspace   ] GC(40) Metaspace: 66703K(67712K)->66703K(67712K) NonClass: 58317K(58880K)->58317K(58880K) Class: 8386K(8832K)->8386K(8832K)
[2026-04-03T03:21:14.725+0600][19.561s][info][gc             ] GC(40) Pause Young (Mixed) (G1 Evacuation Pause) 97M->36M(130M) 2.424ms
[2026-04-03T03:21:14.725+0600][19.561s][info][gc,cpu         ] GC(40) User=0.01s Sys=0.00s Real=0.00s
[2026-04-03T03:21:14.753+0600][19.589s][info][gc,start       ] GC(41) Pause Young (Concurrent Start) (G1 Evacuation Pause)
[2026-04-03T03:21:14.753+0600][19.590s][info][gc,task        ] GC(41) Using 3 workers of 10 for evacuation
[2026-04-03T03:21:14.756+0600][19.592s][info][gc,phases      ] GC(41)   Pre Evacuate Collection Set: 0.18ms
[2026-04-03T03:21:14.756+0600][19.592s][info][gc,phases      ] GC(41)   Merge Heap Roots: 0.09ms
[2026-04-03T03:21:14.756+0600][19.592s][info][gc,phases      ] GC(41)   Evacuate Collection Set: 1.10ms
[2026-04-03T03:21:14.756+0600][19.592s][info][gc,phases      ] GC(41)   Post Evacuate Collection Set: 1.04ms
[2026-04-03T03:21:14.756+0600][19.592s][info][gc,phases      ] GC(41)   Other: 0.09ms
[2026-04-03T03:21:14.756+0600][19.592s][info][gc,heap        ] GC(41) Eden regions: 65->0(144)
[2026-04-03T03:21:14.756+0600][19.592s][info][gc,heap        ] GC(41) Survivor regions: 1->1(9)
[2026-04-03T03:21:14.756+0600][19.592s][info][gc,heap        ] GC(41) Old regions: 32->32
[2026-04-03T03:21:14.756+0600][19.592s][info][gc,heap        ] GC(41) Humongous regions: 8->8
[2026-04-03T03:21:14.756+0600][19.592s][info][gc,metaspace   ] GC(41) Metaspace: 66708K(67712K)->66708K(67712K) NonClass: 58322K(58880K)->58322K(58880K) Class: 8386K(8832K)->8386K(8832K)
[2026-04-03T03:21:14.756+0600][19.592s][info][gc             ] GC(41) Pause Young (Concurrent Start) (G1 Evacuation Pause) 101M->36M(243M) 2.690ms
[2026-04-03T03:21:14.756+0600][19.592s][info][gc,cpu         ] GC(41) User=0.00s Sys=0.00s Real=0.00s
[2026-04-03T03:21:14.756+0600][19.592s][info][gc             ] GC(42) Concurrent Mark Cycle
[2026-04-03T03:21:14.756+0600][19.592s][info][gc,marking     ] GC(42) Concurrent Scan Root Regions
[2026-04-03T03:21:14.757+0600][19.593s][info][gc,marking     ] GC(42) Concurrent Scan Root Regions 1.274ms
[2026-04-03T03:21:14.757+0600][19.594s][info][gc,marking     ] GC(42) Concurrent Mark
[2026-04-03T03:21:14.757+0600][19.594s][info][gc,marking     ] GC(42) Concurrent Mark From Roots
[2026-04-03T03:21:14.757+0600][19.594s][info][gc,task        ] GC(42) Using 3 workers of 3 for marking
[2026-04-03T03:21:14.774+0600][19.610s][info][gc,marking     ] GC(42) Concurrent Mark From Roots 16.276ms
[2026-04-03T03:21:14.774+0600][19.610s][info][gc,marking     ] GC(42) Concurrent Preclean
[2026-04-03T03:21:14.774+0600][19.610s][info][gc,marking     ] GC(42) Concurrent Preclean 0.100ms
[2026-04-03T03:21:14.774+0600][19.610s][info][gc,start       ] GC(42) Pause Remark
[2026-04-03T03:21:14.779+0600][19.615s][info][gc             ] GC(42) Pause Remark 53M->53M(137M) 4.837ms
[2026-04-03T03:21:14.779+0600][19.615s][info][gc,cpu         ] GC(42) User=0.02s Sys=0.00s Real=0.00s
[2026-04-03T03:21:14.779+0600][19.615s][info][gc,marking     ] GC(42) Concurrent Mark 21.671ms
[2026-04-03T03:21:14.779+0600][19.615s][info][gc,marking     ] GC(42) Concurrent Rebuild Remembered Sets and Scrub Regions
[2026-04-03T03:21:14.786+0600][19.623s][info][gc,marking     ] GC(42) Concurrent Rebuild Remembered Sets and Scrub Regions 7.388ms
[2026-04-03T03:21:14.787+0600][19.623s][info][gc,start       ] GC(42) Pause Cleanup
[2026-04-03T03:21:14.787+0600][19.623s][info][gc             ] GC(42) Pause Cleanup 66M->66M(137M) 0.126ms
[2026-04-03T03:21:14.787+0600][19.623s][info][gc,cpu         ] GC(42) User=0.00s Sys=0.00s Real=0.00s
[2026-04-03T03:21:14.787+0600][19.623s][info][gc,marking     ] GC(42) Concurrent Clear Claimed Marks
[2026-04-03T03:21:14.787+0600][19.623s][info][gc,marking     ] GC(42) Concurrent Clear Claimed Marks 0.110ms
[2026-04-03T03:21:14.787+0600][19.623s][info][gc,marking     ] GC(42) Concurrent Cleanup for Next Mark
[2026-04-03T03:21:14.787+0600][19.623s][info][gc,marking     ] GC(42) Concurrent Cleanup for Next Mark 0.293ms
[2026-04-03T03:21:14.787+0600][19.623s][info][gc             ] GC(42) Concurrent Mark Cycle 31.277ms
[2026-04-03T03:21:14.811+0600][19.647s][info][gc,start       ] GC(43) Pause Young (Prepare Mixed) (G1 Evacuation Pause)
[2026-04-03T03:21:14.811+0600][19.647s][info][gc,task        ] GC(43) Using 3 workers of 10 for evacuation
[2026-04-03T03:21:14.814+0600][19.650s][info][gc,phases      ] GC(43)   Pre Evacuate Collection Set: 0.39ms
[2026-04-03T03:21:14.814+0600][19.650s][info][gc,phases      ] GC(43)   Merge Heap Roots: 0.11ms
[2026-04-03T03:21:14.814+0600][19.650s][info][gc,phases      ] GC(43)   Evacuate Collection Set: 1.12ms
[2026-04-03T03:21:14.814+0600][19.650s][info][gc,phases      ] GC(43)   Post Evacuate Collection Set: 0.63ms
[2026-04-03T03:21:14.814+0600][19.650s][info][gc,phases      ] GC(43)   Other: 0.07ms
[2026-04-03T03:21:14.814+0600][19.650s][info][gc,heap        ] GC(43) Eden regions: 81->0(76)
[2026-04-03T03:21:14.814+0600][19.650s][info][gc,heap        ] GC(43) Survivor regions: 1->1(11)
[2026-04-03T03:21:14.814+0600][19.650s][info][gc,heap        ] GC(43) Old regions: 32->32
[2026-04-03T03:21:14.814+0600][19.650s][info][gc,heap        ] GC(43) Humongous regions: 8->8
[2026-04-03T03:21:14.814+0600][19.650s][info][gc,metaspace   ] GC(43) Metaspace: 66709K(67712K)->66709K(67712K) NonClass: 58323K(58880K)->58323K(58880K) Class: 8386K(8832K)->8386K(8832K)
[2026-04-03T03:21:14.814+0600][19.650s][info][gc             ] GC(43) Pause Young (Prepare Mixed) (G1 Evacuation Pause) 117M->36M(137M) 2.531ms
[2026-04-03T03:21:14.814+0600][19.650s][info][gc,cpu         ] GC(43) User=0.01s Sys=0.00s Real=0.00s
[2026-04-03T03:21:14.846+0600][19.682s][info][gc,start       ] GC(44) Pause Young (Mixed) (G1 Evacuation Pause)
[2026-04-03T03:21:14.846+0600][19.683s][info][gc,task        ] GC(44) Using 3 workers of 10 for evacuation
[2026-04-03T03:21:14.849+0600][19.685s][info][gc,phases      ] GC(44)   Pre Evacuate Collection Set: 0.27ms
[2026-04-03T03:21:14.849+0600][19.685s][info][gc,phases      ] GC(44)   Merge Heap Roots: 0.25ms
[2026-04-03T03:21:14.849+0600][19.685s][info][gc,phases      ] GC(44)   Evacuate Collection Set: 1.50ms
[2026-04-03T03:21:14.849+0600][19.685s][info][gc,phases      ] GC(44)   Post Evacuate Collection Set: 0.62ms
[2026-04-03T03:21:14.849+0600][19.685s][info][gc,phases      ] GC(44)   Other: 0.07ms
[2026-04-03T03:21:14.849+0600][19.685s][info][gc,heap        ] GC(44) Eden regions: 76->0(79)
[2026-04-03T03:21:14.849+0600][19.685s][info][gc,heap        ] GC(44) Survivor regions: 1->1(10)
[2026-04-03T03:21:14.849+0600][19.685s][info][gc,heap        ] GC(44) Old regions: 32->32
[2026-04-03T03:21:14.849+0600][19.685s][info][gc,heap        ] GC(44) Humongous regions: 8->8
[2026-04-03T03:21:14.849+0600][19.685s][info][gc,metaspace   ] GC(44) Metaspace: 66709K(67712K)->66709K(67712K) NonClass: 58323K(58880K)->58323K(58880K) Class: 8386K(8832K)->8386K(8832K)
[2026-04-03T03:21:14.849+0600][19.685s][info][gc             ] GC(44) Pause Young (Mixed) (G1 Evacuation Pause) 112M->36M(137M) 2.898ms
[2026-04-03T03:21:14.849+0600][19.685s][info][gc,cpu         ] GC(44) User=0.00s Sys=0.01s Real=0.00s
[2026-04-03T03:21:14.884+0600][19.720s][info][gc,start       ] GC(45) Pause Young (Concurrent Start) (G1 Evacuation Pause)
[2026-04-03T03:21:14.884+0600][19.721s][info][gc,task        ] GC(45) Using 3 workers of 10 for evacuation
[2026-04-03T03:21:14.887+0600][19.723s][info][gc,phases      ] GC(45)   Pre Evacuate Collection Set: 0.43ms
[2026-04-03T03:21:14.887+0600][19.723s][info][gc,phases      ] GC(45)   Merge Heap Roots: 0.22ms
[2026-04-03T03:21:14.887+0600][19.723s][info][gc,phases      ] GC(45)   Evacuate Collection Set: 1.07ms
[2026-04-03T03:21:14.887+0600][19.723s][info][gc,phases      ] GC(45)   Post Evacuate Collection Set: 0.34ms
[2026-04-03T03:21:14.887+0600][19.723s][info][gc,phases      ] GC(45)   Other: 0.23ms
[2026-04-03T03:21:14.887+0600][19.723s][info][gc,heap        ] GC(45) Eden regions: 79->0(81)
[2026-04-03T03:21:14.887+0600][19.723s][info][gc,heap        ] GC(45) Survivor regions: 1->1(10)
[2026-04-03T03:21:14.887+0600][19.723s][info][gc,heap        ] GC(45) Old regions: 32->32
[2026-04-03T03:21:14.887+0600][19.723s][info][gc,heap        ] GC(45) Humongous regions: 8->8
[2026-04-03T03:21:14.887+0600][19.723s][info][gc,metaspace   ] GC(45) Metaspace: 66718K(67712K)->66718K(67712K) NonClass: 58331K(58880K)->58331K(58880K) Class: 8386K(8832K)->8386K(8832K)
[2026-04-03T03:21:14.887+0600][19.723s][info][gc             ] GC(45) Pause Young (Concurrent Start) (G1 Evacuation Pause) 115M->36M(137M) 2.482ms
[2026-04-03T03:21:14.887+0600][19.723s][info][gc             ] GC(46) Concurrent Mark Cycle
[2026-04-03T03:21:14.887+0600][19.723s][info][gc,marking     ] GC(46) Concurrent Scan Root Regions
[2026-04-03T03:21:14.887+0600][19.723s][info][gc,cpu         ] GC(45) User=0.01s Sys=0.00s Real=0.00s
[2026-04-03T03:21:14.888+0600][19.724s][info][gc,marking     ] GC(46) Concurrent Scan Root Regions 1.061ms
[2026-04-03T03:21:14.888+0600][19.724s][info][gc,marking     ] GC(46) Concurrent Mark
[2026-04-03T03:21:14.888+0600][19.724s][info][gc,marking     ] GC(46) Concurrent Mark From Roots
[2026-04-03T03:21:14.888+0600][19.724s][info][gc,task        ] GC(46) Using 3 workers of 3 for marking
[2026-04-03T03:21:14.905+0600][19.741s][info][gc,marking     ] GC(46) Concurrent Mark From Roots 17.219ms
[2026-04-03T03:21:14.905+0600][19.741s][info][gc,marking     ] GC(46) Concurrent Preclean
[2026-04-03T03:21:14.905+0600][19.742s][info][gc,marking     ] GC(46) Concurrent Preclean 0.093ms
[2026-04-03T03:21:14.906+0600][19.742s][info][gc,start       ] GC(46) Pause Remark
[2026-04-03T03:21:14.910+0600][19.747s][info][gc             ] GC(46) Pause Remark 67M->67M(137M) 4.650ms
[2026-04-03T03:21:14.911+0600][19.747s][info][gc,cpu         ] GC(46) User=0.01s Sys=0.00s Real=0.01s
[2026-04-03T03:21:14.911+0600][19.747s][info][gc,marking     ] GC(46) Concurrent Mark 22.592ms
[2026-04-03T03:21:14.911+0600][19.747s][info][gc,marking     ] GC(46) Concurrent Rebuild Remembered Sets and Scrub Regions
[2026-04-03T03:21:14.918+0600][19.754s][info][gc,marking     ] GC(46) Concurrent Rebuild Remembered Sets and Scrub Regions 7.469ms
[2026-04-03T03:21:14.918+0600][19.755s][info][gc,start       ] GC(46) Pause Cleanup
[2026-04-03T03:21:14.919+0600][19.755s][info][gc             ] GC(46) Pause Cleanup 81M->81M(137M) 0.166ms
[2026-04-03T03:21:14.919+0600][19.755s][info][gc,cpu         ] GC(46) User=0.00s Sys=0.00s Real=0.00s
[2026-04-03T03:21:14.919+0600][19.755s][info][gc,marking     ] GC(46) Concurrent Clear Claimed Marks
[2026-04-03T03:21:14.919+0600][19.755s][info][gc,marking     ] GC(46) Concurrent Clear Claimed Marks 0.158ms
[2026-04-03T03:21:14.919+0600][19.755s][info][gc,marking     ] GC(46) Concurrent Cleanup for Next Mark
[2026-04-03T03:21:14.919+0600][19.755s][info][gc,marking     ] GC(46) Concurrent Cleanup for Next Mark 0.236ms
[2026-04-03T03:21:14.919+0600][19.755s][info][gc             ] GC(46) Concurrent Mark Cycle 32.390ms
[2026-04-03T03:21:14.936+0600][19.772s][info][gc,start       ] GC(47) Pause Young (Prepare Mixed) (G1 Evacuation Pause)
[2026-04-03T03:21:14.936+0600][19.772s][info][gc,task        ] GC(47) Using 3 workers of 10 for evacuation
[2026-04-03T03:21:14.938+0600][19.774s][info][gc,phases      ] GC(47)   Pre Evacuate Collection Set: 0.35ms
[2026-04-03T03:21:14.938+0600][19.774s][info][gc,phases      ] GC(47)   Merge Heap Roots: 0.22ms
[2026-04-03T03:21:14.938+0600][19.774s][info][gc,phases      ] GC(47)   Evacuate Collection Set: 1.04ms
[2026-04-03T03:21:14.938+0600][19.774s][info][gc,phases      ] GC(47)   Post Evacuate Collection Set: 0.62ms
[2026-04-03T03:21:14.938+0600][19.774s][info][gc,phases      ] GC(47)   Other: 0.08ms
[2026-04-03T03:21:14.938+0600][19.774s][info][gc,heap        ] GC(47) Eden regions: 81->0(81)
[2026-04-03T03:21:14.938+0600][19.774s][info][gc,heap        ] GC(47) Survivor regions: 1->1(11)
[2026-04-03T03:21:14.938+0600][19.774s][info][gc,heap        ] GC(47) Old regions: 32->32
[2026-04-03T03:21:14.938+0600][19.774s][info][gc,heap        ] GC(47) Humongous regions: 8->8
[2026-04-03T03:21:14.938+0600][19.774s][info][gc,metaspace   ] GC(47) Metaspace: 66719K(67712K)->66719K(67712K) NonClass: 58333K(58880K)->58333K(58880K) Class: 8386K(8832K)->8386K(8832K)
[2026-04-03T03:21:14.938+0600][19.774s][info][gc             ] GC(47) Pause Young (Prepare Mixed) (G1 Evacuation Pause) 117M->36M(137M) 2.554ms
[2026-04-03T03:21:14.938+0600][19.774s][info][gc,cpu         ] GC(47) User=0.01s Sys=0.00s Real=0.00s
[2026-04-03T03:21:14.973+0600][19.809s][info][gc,start       ] GC(48) Pause Young (Mixed) (G1 Evacuation Pause)
[2026-04-03T03:21:14.973+0600][19.809s][info][gc,task        ] GC(48) Using 3 workers of 10 for evacuation
[2026-04-03T03:21:14.975+0600][19.811s][info][gc,phases      ] GC(48)   Pre Evacuate Collection Set: 0.14ms
[2026-04-03T03:21:14.975+0600][19.811s][info][gc,phases      ] GC(48)   Merge Heap Roots: 0.10ms
[2026-04-03T03:21:14.975+0600][19.811s][info][gc,phases      ] GC(48)   Evacuate Collection Set: 1.55ms
[2026-04-03T03:21:14.975+0600][19.811s][info][gc,phases      ] GC(48)   Post Evacuate Collection Set: 0.64ms
[2026-04-03T03:21:14.975+0600][19.811s][info][gc,phases      ] GC(48)   Other: 0.10ms
[2026-04-03T03:21:14.975+0600][19.811s][info][gc,heap        ] GC(48) Eden regions: 81->0(81)
[2026-04-03T03:21:14.975+0600][19.811s][info][gc,heap        ] GC(48) Survivor regions: 1->1(11)
[2026-04-03T03:21:14.975+0600][19.811s][info][gc,heap        ] GC(48) Old regions: 32->32
[2026-04-03T03:21:14.975+0600][19.811s][info][gc,heap        ] GC(48) Humongous regions: 8->8
[2026-04-03T03:21:14.975+0600][19.812s][info][gc,metaspace   ] GC(48) Metaspace: 66719K(67712K)->66719K(67712K) NonClass: 58333K(58880K)->58333K(58880K) Class: 8386K(8832K)->8386K(8832K)
[2026-04-03T03:21:14.975+0600][19.812s][info][gc             ] GC(48) Pause Young (Mixed) (G1 Evacuation Pause) 117M->36M(137M) 2.705ms
[2026-04-03T03:21:14.975+0600][19.812s][info][gc,cpu         ] GC(48) User=0.00s Sys=0.00s Real=0.00s
[2026-04-03T03:21:15.011+0600][19.847s][info][gc,start       ] GC(49) Pause Young (Concurrent Start) (G1 Evacuation Pause)
[2026-04-03T03:21:15.011+0600][19.847s][info][gc,task        ] GC(49) Using 3 workers of 10 for evacuation
[2026-04-03T03:21:15.014+0600][19.850s][info][gc,phases      ] GC(49)   Pre Evacuate Collection Set: 0.29ms
[2026-04-03T03:21:15.014+0600][19.850s][info][gc,phases      ] GC(49)   Merge Heap Roots: 0.22ms
[2026-04-03T03:21:15.014+0600][19.850s][info][gc,phases      ] GC(49)   Evacuate Collection Set: 0.98ms
[2026-04-03T03:21:15.014+0600][19.850s][info][gc,phases      ] GC(49)   Post Evacuate Collection Set: 1.47ms
[2026-04-03T03:21:15.014+0600][19.850s][info][gc,phases      ] GC(49)   Other: 0.25ms
[2026-04-03T03:21:15.014+0600][19.850s][info][gc,heap        ] GC(49) Eden regions: 81->0(150)
[2026-04-03T03:21:15.014+0600][19.850s][info][gc,heap        ] GC(49) Survivor regions: 1->1(11)
[2026-04-03T03:21:15.014+0600][19.850s][info][gc,heap        ] GC(49) Old regions: 32->32
[2026-04-03T03:21:15.014+0600][19.850s][info][gc,heap        ] GC(49) Humongous regions: 8->8
[2026-04-03T03:21:15.014+0600][19.850s][info][gc,metaspace   ] GC(49) Metaspace: 66724K(67712K)->66724K(67712K) NonClass: 58338K(58880K)->58338K(58880K) Class: 8386K(8832K)->8386K(8832K)
[2026-04-03T03:21:15.014+0600][19.850s][info][gc             ] GC(49) Pause Young (Concurrent Start) (G1 Evacuation Pause) 117M->36M(253M) 3.402ms
[2026-04-03T03:21:15.014+0600][19.850s][info][gc,cpu         ] GC(49) User=0.00s Sys=0.00s Real=0.00s
[2026-04-03T03:21:15.014+0600][19.850s][info][gc             ] GC(50) Concurrent Mark Cycle
[2026-04-03T03:21:15.014+0600][19.850s][info][gc,marking     ] GC(50) Concurrent Scan Root Regions
[2026-04-03T03:21:15.016+0600][19.852s][info][gc,marking     ] GC(50) Concurrent Scan Root Regions 1.536ms
[2026-04-03T03:21:15.016+0600][19.852s][info][gc,marking     ] GC(50) Concurrent Mark
[2026-04-03T03:21:15.016+0600][19.852s][info][gc,marking     ] GC(50) Concurrent Mark From Roots
[2026-04-03T03:21:15.016+0600][19.852s][info][gc,task        ] GC(50) Using 3 workers of 3 for marking
[2026-04-03T03:21:15.033+0600][19.869s][info][gc,marking     ] GC(50) Concurrent Mark From Roots 16.768ms
[2026-04-03T03:21:15.033+0600][19.869s][info][gc,marking     ] GC(50) Concurrent Preclean
[2026-04-03T03:21:15.033+0600][19.869s][info][gc,marking     ] GC(50) Concurrent Preclean 0.100ms
[2026-04-03T03:21:15.033+0600][19.869s][info][gc,start       ] GC(50) Pause Remark
[2026-04-03T03:21:15.038+0600][19.874s][info][gc             ] GC(50) Pause Remark 62M->62M(137M) 5.075ms
[2026-04-03T03:21:15.038+0600][19.874s][info][gc,cpu         ] GC(50) User=0.01s Sys=0.00s Real=0.00s
[2026-04-03T03:21:15.038+0600][19.874s][info][gc,marking     ] GC(50) Concurrent Mark 22.492ms
[2026-04-03T03:21:15.038+0600][19.874s][info][gc,marking     ] GC(50) Concurrent Rebuild Remembered Sets and Scrub Regions
[2026-04-03T03:21:15.046+0600][19.882s][info][gc,marking     ] GC(50) Concurrent Rebuild Remembered Sets and Scrub Regions 7.981ms
[2026-04-03T03:21:15.047+0600][19.883s][info][gc,start       ] GC(50) Pause Cleanup
[2026-04-03T03:21:15.047+0600][19.883s][info][gc             ] GC(50) Pause Cleanup 78M->78M(137M) 0.137ms
[2026-04-03T03:21:15.047+0600][19.883s][info][gc,cpu         ] GC(50) User=0.00s Sys=0.00s Real=0.00s
[2026-04-03T03:21:15.047+0600][19.883s][info][gc,marking     ] GC(50) Concurrent Clear Claimed Marks
[2026-04-03T03:21:15.047+0600][19.883s][info][gc,marking     ] GC(50) Concurrent Clear Claimed Marks 0.110ms
[2026-04-03T03:21:15.047+0600][19.883s][info][gc,marking     ] GC(50) Concurrent Cleanup for Next Mark
[2026-04-03T03:21:15.047+0600][19.883s][info][gc,marking     ] GC(50) Concurrent Cleanup for Next Mark 0.358ms
[2026-04-03T03:21:15.047+0600][19.883s][info][gc             ] GC(50) Concurrent Mark Cycle 33.071ms
[2026-04-03T03:21:15.065+0600][19.901s][info][gc,start       ] GC(51) Pause Young (Prepare Mixed) (G1 Evacuation Pause)
[2026-04-03T03:21:15.065+0600][19.901s][info][gc,task        ] GC(51) Using 3 workers of 10 for evacuation
[2026-04-03T03:21:15.068+0600][19.904s][info][gc,phases      ] GC(51)   Pre Evacuate Collection Set: 0.41ms
[2026-04-03T03:21:15.068+0600][19.904s][info][gc,phases      ] GC(51)   Merge Heap Roots: 0.09ms
[2026-04-03T03:21:15.068+0600][19.904s][info][gc,phases      ] GC(51)   Evacuate Collection Set: 1.27ms
[2026-04-03T03:21:15.068+0600][19.904s][info][gc,phases      ] GC(51)   Post Evacuate Collection Set: 0.89ms
[2026-04-03T03:21:15.068+0600][19.904s][info][gc,phases      ] GC(51)   Other: 0.07ms
[2026-04-03T03:21:15.068+0600][19.904s][info][gc,heap        ] GC(51) Eden regions: 81->0(81)
[2026-04-03T03:21:15.068+0600][19.904s][info][gc,heap        ] GC(51) Survivor regions: 1->1(11)
[2026-04-03T03:21:15.068+0600][19.904s][info][gc,heap        ] GC(51) Old regions: 32->32
[2026-04-03T03:21:15.068+0600][19.904s][info][gc,heap        ] GC(51) Humongous regions: 8->8
[2026-04-03T03:21:15.068+0600][19.904s][info][gc,metaspace   ] GC(51) Metaspace: 66724K(67712K)->66724K(67712K) NonClass: 58338K(58880K)->58338K(58880K) Class: 8386K(8832K)->8386K(8832K)
[2026-04-03T03:21:15.068+0600][19.904s][info][gc             ] GC(51) Pause Young (Prepare Mixed) (G1 Evacuation Pause) 117M->36M(137M) 2.917ms
[2026-04-03T03:21:15.068+0600][19.904s][info][gc,cpu         ] GC(51) User=0.01s Sys=0.00s Real=0.00s
[2026-04-03T03:21:15.102+0600][19.938s][info][gc,start       ] GC(52) Pause Young (Mixed) (G1 Evacuation Pause)
[2026-04-03T03:21:15.102+0600][19.938s][info][gc,task        ] GC(52) Using 3 workers of 10 for evacuation
[2026-04-03T03:21:15.104+0600][19.940s][info][gc,phases      ] GC(52)   Pre Evacuate Collection Set: 0.12ms
[2026-04-03T03:21:15.104+0600][19.940s][info][gc,phases      ] GC(52)   Merge Heap Roots: 0.21ms
[2026-04-03T03:21:15.104+0600][19.940s][info][gc,phases      ] GC(52)   Evacuate Collection Set: 1.32ms
[2026-04-03T03:21:15.104+0600][19.940s][info][gc,phases      ] GC(52)   Post Evacuate Collection Set: 0.53ms
[2026-04-03T03:21:15.104+0600][19.940s][info][gc,phases      ] GC(52)   Other: 0.07ms
[2026-04-03T03:21:15.104+0600][19.940s][info][gc,heap        ] GC(52) Eden regions: 81->0(81)
[2026-04-03T03:21:15.104+0600][19.940s][info][gc,heap        ] GC(52) Survivor regions: 1->1(11)
[2026-04-03T03:21:15.104+0600][19.940s][info][gc,heap        ] GC(52) Old regions: 32->32
[2026-04-03T03:21:15.104+0600][19.941s][info][gc,heap        ] GC(52) Humongous regions: 8->8
[2026-04-03T03:21:15.104+0600][19.941s][info][gc,metaspace   ] GC(52) Metaspace: 66724K(67712K)->66724K(67712K) NonClass: 58338K(58880K)->58338K(58880K) Class: 8386K(8832K)->8386K(8832K)
[2026-04-03T03:21:15.104+0600][19.941s][info][gc             ] GC(52) Pause Young (Mixed) (G1 Evacuation Pause) 117M->36M(137M) 2.431ms
[2026-04-03T03:21:15.104+0600][19.941s][info][gc,cpu         ] GC(52) User=0.01s Sys=0.00s Real=0.00s
[2026-04-03T03:21:15.141+0600][19.977s][info][gc,start       ] GC(53) Pause Young (Concurrent Start) (G1 Evacuation Pause)
[2026-04-03T03:21:15.141+0600][19.977s][info][gc,task        ] GC(53) Using 3 workers of 10 for evacuation
[2026-04-03T03:21:15.143+0600][19.979s][info][gc,phases      ] GC(53)   Pre Evacuate Collection Set: 0.35ms
[2026-04-03T03:21:15.143+0600][19.979s][info][gc,phases      ] GC(53)   Merge Heap Roots: 0.09ms
[2026-04-03T03:21:15.143+0600][19.979s][info][gc,phases      ] GC(53)   Evacuate Collection Set: 1.00ms
[2026-04-03T03:21:15.143+0600][19.979s][info][gc,phases      ] GC(53)   Post Evacuate Collection Set: 0.37ms
[2026-04-03T03:21:15.143+0600][19.979s][info][gc,phases      ] GC(53)   Other: 0.13ms
[2026-04-03T03:21:15.143+0600][19.979s][info][gc,heap        ] GC(53) Eden regions: 81->0(81)
[2026-04-03T03:21:15.143+0600][19.979s][info][gc,heap        ] GC(53) Survivor regions: 1->1(11)
[2026-04-03T03:21:15.143+0600][19.979s][info][gc,heap        ] GC(53) Old regions: 32->32
[2026-04-03T03:21:15.143+0600][19.979s][info][gc,heap        ] GC(53) Humongous regions: 8->8
[2026-04-03T03:21:15.143+0600][19.979s][info][gc,metaspace   ] GC(53) Metaspace: 66724K(67712K)->66724K(67712K) NonClass: 58338K(58880K)->58338K(58880K) Class: 8386K(8832K)->8386K(8832K)
[2026-04-03T03:21:15.143+0600][19.979s][info][gc             ] GC(53) Pause Young (Concurrent Start) (G1 Evacuation Pause) 117M->36M(137M) 2.156ms
[2026-04-03T03:21:15.143+0600][19.979s][info][gc             ] GC(54) Concurrent Mark Cycle
[2026-04-03T03:21:15.143+0600][19.979s][info][gc,marking     ] GC(54) Concurrent Scan Root Regions
[2026-04-03T03:21:15.143+0600][19.979s][info][gc,cpu         ] GC(53) User=0.01s Sys=0.00s Real=0.00s
[2026-04-03T03:21:15.144+0600][19.980s][info][gc,marking     ] GC(54) Concurrent Scan Root Regions 1.253ms
[2026-04-03T03:21:15.144+0600][19.980s][info][gc,marking     ] GC(54) Concurrent Mark
[2026-04-03T03:21:15.144+0600][19.980s][info][gc,marking     ] GC(54) Concurrent Mark From Roots
[2026-04-03T03:21:15.144+0600][19.980s][info][gc,task        ] GC(54) Using 3 workers of 3 for marking
[2026-04-03T03:21:15.163+0600][19.999s][info][gc,marking     ] GC(54) Concurrent Mark From Roots 18.388ms
[2026-04-03T03:21:15.163+0600][19.999s][info][gc,marking     ] GC(54) Concurrent Preclean
[2026-04-03T03:21:15.163+0600][19.999s][info][gc,marking     ] GC(54) Concurrent Preclean 0.136ms
[2026-04-03T03:21:15.163+0600][19.999s][info][gc,start       ] GC(54) Pause Remark
[2026-04-03T03:21:15.168+0600][20.004s][info][gc             ] GC(54) Pause Remark 68M->68M(137M) 5.260ms
[2026-04-03T03:21:15.168+0600][20.004s][info][gc,cpu         ] GC(54) User=0.01s Sys=0.00s Real=0.00s
[2026-04-03T03:21:15.168+0600][20.005s][info][gc,marking     ] GC(54) Concurrent Mark 24.268ms
[2026-04-03T03:21:15.168+0600][20.005s][info][gc,marking     ] GC(54) Concurrent Rebuild Remembered Sets and Scrub Regions
[2026-04-03T03:21:15.178+0600][20.014s][info][gc,marking     ] GC(54) Concurrent Rebuild Remembered Sets and Scrub Regions 9.107ms
[2026-04-03T03:21:15.178+0600][20.014s][info][gc,start       ] GC(54) Pause Cleanup
[2026-04-03T03:21:15.178+0600][20.014s][info][gc             ] GC(54) Pause Cleanup 85M->85M(137M) 0.263ms
[2026-04-03T03:21:15.178+0600][20.014s][info][gc,cpu         ] GC(54) User=0.00s Sys=0.00s Real=0.00s
[2026-04-03T03:21:15.178+0600][20.014s][info][gc,marking     ] GC(54) Concurrent Clear Claimed Marks
[2026-04-03T03:21:15.178+0600][20.014s][info][gc,marking     ] GC(54) Concurrent Clear Claimed Marks 0.127ms
[2026-04-03T03:21:15.178+0600][20.014s][info][gc,marking     ] GC(54) Concurrent Cleanup for Next Mark
[2026-04-03T03:21:15.178+0600][20.015s][info][gc,marking     ] GC(54) Concurrent Cleanup for Next Mark 0.200ms
[2026-04-03T03:21:15.178+0600][20.015s][info][gc             ] GC(54) Concurrent Mark Cycle 35.689ms
[2026-04-03T03:21:15.194+0600][20.030s][info][gc,start       ] GC(55) Pause Young (Prepare Mixed) (G1 Evacuation Pause)
[2026-04-03T03:21:15.194+0600][20.030s][info][gc,task        ] GC(55) Using 3 workers of 10 for evacuation
[2026-04-03T03:21:15.196+0600][20.032s][info][gc,phases      ] GC(55)   Pre Evacuate Collection Set: 0.26ms
[2026-04-03T03:21:15.196+0600][20.032s][info][gc,phases      ] GC(55)   Merge Heap Roots: 0.19ms
[2026-04-03T03:21:15.196+0600][20.032s][info][gc,phases      ] GC(55)   Evacuate Collection Set: 0.58ms
[2026-04-03T03:21:15.196+0600][20.032s][info][gc,phases      ] GC(55)   Post Evacuate Collection Set: 0.71ms
[2026-04-03T03:21:15.196+0600][20.032s][info][gc,phases      ] GC(55)   Other: 0.08ms
[2026-04-03T03:21:15.196+0600][20.032s][info][gc,heap        ] GC(55) Eden regions: 81->0(81)
[2026-04-03T03:21:15.196+0600][20.032s][info][gc,heap        ] GC(55) Survivor regions: 1->1(11)
[2026-04-03T03:21:15.196+0600][20.032s][info][gc,heap        ] GC(55) Old regions: 32->33
[2026-04-03T03:21:15.196+0600][20.032s][info][gc,heap        ] GC(55) Humongous regions: 8->8
[2026-04-03T03:21:15.196+0600][20.032s][info][gc,metaspace   ] GC(55) Metaspace: 66724K(67712K)->66724K(67712K) NonClass: 58338K(58880K)->58338K(58880K) Class: 8386K(8832K)->8386K(8832K)
[2026-04-03T03:21:15.196+0600][20.032s][info][gc             ] GC(55) Pause Young (Prepare Mixed) (G1 Evacuation Pause) 117M->36M(137M) 2.008ms
[2026-04-03T03:21:15.196+0600][20.032s][info][gc,cpu         ] GC(55) User=0.01s Sys=0.00s Real=0.00s
[2026-04-03T03:21:15.231+0600][20.067s][info][gc,start       ] GC(56) Pause Young (Mixed) (G1 Evacuation Pause)
[2026-04-03T03:21:15.231+0600][20.067s][info][gc,task        ] GC(56) Using 3 workers of 10 for evacuation
[2026-04-03T03:21:15.233+0600][20.069s][info][gc,phases      ] GC(56)   Pre Evacuate Collection Set: 0.22ms
[2026-04-03T03:21:15.233+0600][20.069s][info][gc,phases      ] GC(56)   Merge Heap Roots: 0.22ms
[2026-04-03T03:21:15.233+0600][20.069s][info][gc,phases      ] GC(56)   Evacuate Collection Set: 0.97ms
[2026-04-03T03:21:15.233+0600][20.069s][info][gc,phases      ] GC(56)   Post Evacuate Collection Set: 0.53ms
[2026-04-03T03:21:15.233+0600][20.069s][info][gc,phases      ] GC(56)   Other: 0.08ms
[2026-04-03T03:21:15.233+0600][20.069s][info][gc,heap        ] GC(56) Eden regions: 81->0(81)
[2026-04-03T03:21:15.233+0600][20.069s][info][gc,heap        ] GC(56) Survivor regions: 1->1(11)
[2026-04-03T03:21:15.233+0600][20.069s][info][gc,heap        ] GC(56) Old regions: 33->32
[2026-04-03T03:21:15.233+0600][20.069s][info][gc,heap        ] GC(56) Humongous regions: 8->8
[2026-04-03T03:21:15.233+0600][20.069s][info][gc,metaspace   ] GC(56) Metaspace: 66724K(67712K)->66724K(67712K) NonClass: 58338K(58880K)->58338K(58880K) Class: 8386K(8832K)->8386K(8832K)
[2026-04-03T03:21:15.233+0600][20.069s][info][gc             ] GC(56) Pause Young (Mixed) (G1 Evacuation Pause) 117M->36M(137M) 2.218ms
[2026-04-03T03:21:15.233+0600][20.069s][info][gc,cpu         ] GC(56) User=0.01s Sys=0.00s Real=0.00s
[2026-04-03T03:21:15.267+0600][20.103s][info][gc,start       ] GC(57) Pause Young (Concurrent Start) (G1 Evacuation Pause)
[2026-04-03T03:21:15.267+0600][20.103s][info][gc,task        ] GC(57) Using 3 workers of 10 for evacuation
[2026-04-03T03:21:15.270+0600][20.106s][info][gc,phases      ] GC(57)   Pre Evacuate Collection Set: 0.32ms
[2026-04-03T03:21:15.270+0600][20.106s][info][gc,phases      ] GC(57)   Merge Heap Roots: 0.20ms
[2026-04-03T03:21:15.270+0600][20.106s][info][gc,phases      ] GC(57)   Evacuate Collection Set: 1.03ms
[2026-04-03T03:21:15.270+0600][20.106s][info][gc,phases      ] GC(57)   Post Evacuate Collection Set: 1.09ms
[2026-04-03T03:21:15.270+0600][20.106s][info][gc,phases      ] GC(57)   Other: 0.18ms
[2026-04-03T03:21:15.270+0600][20.106s][info][gc,heap        ] GC(57) Eden regions: 81->0(150)
[2026-04-03T03:21:15.270+0600][20.106s][info][gc,heap        ] GC(57) Survivor regions: 1->1(11)
[2026-04-03T03:21:15.270+0600][20.106s][info][gc,heap        ] GC(57) Old regions: 32->32
[2026-04-03T03:21:15.270+0600][20.106s][info][gc,heap        ] GC(57) Humongous regions: 8->8
[2026-04-03T03:21:15.270+0600][20.106s][info][gc,metaspace   ] GC(57) Metaspace: 66736K(67712K)->66736K(67712K) NonClass: 58350K(58880K)->58350K(58880K) Class: 8386K(8832K)->8386K(8832K)
[2026-04-03T03:21:15.270+0600][20.106s][info][gc             ] GC(57) Pause Young (Concurrent Start) (G1 Evacuation Pause) 117M->36M(252M) 3.033ms
[2026-04-03T03:21:15.270+0600][20.106s][info][gc             ] GC(58) Concurrent Mark Cycle
[2026-04-03T03:21:15.270+0600][20.106s][info][gc,marking     ] GC(58) Concurrent Scan Root Regions
[2026-04-03T03:21:15.270+0600][20.106s][info][gc,cpu         ] GC(57) User=0.01s Sys=0.00s Real=0.01s
[2026-04-03T03:21:15.271+0600][20.107s][info][gc,marking     ] GC(58) Concurrent Scan Root Regions 0.977ms
[2026-04-03T03:21:15.271+0600][20.107s][info][gc,marking     ] GC(58) Concurrent Mark
[2026-04-03T03:21:15.271+0600][20.107s][info][gc,marking     ] GC(58) Concurrent Mark From Roots
[2026-04-03T03:21:15.271+0600][20.107s][info][gc,task        ] GC(58) Using 3 workers of 3 for marking
[2026-04-03T03:21:15.289+0600][20.125s][info][gc,marking     ] GC(58) Concurrent Mark From Roots 17.829ms
[2026-04-03T03:21:15.289+0600][20.125s][info][gc,marking     ] GC(58) Concurrent Preclean
[2026-04-03T03:21:15.289+0600][20.125s][info][gc,marking     ] GC(58) Concurrent Preclean 0.135ms
[2026-04-03T03:21:15.290+0600][20.126s][info][gc,start       ] GC(58) Pause Remark
[2026-04-03T03:21:15.295+0600][20.131s][info][gc             ] GC(58) Pause Remark 64M->64M(137M) 5.509ms
[2026-04-03T03:21:15.295+0600][20.131s][info][gc,cpu         ] GC(58) User=0.02s Sys=0.00s Real=0.01s
[2026-04-03T03:21:15.295+0600][20.131s][info][gc,marking     ] GC(58) Concurrent Mark 23.991ms
[2026-04-03T03:21:15.295+0600][20.131s][info][gc,marking     ] GC(58) Concurrent Rebuild Remembered Sets and Scrub Regions
[2026-04-03T03:21:15.303+0600][20.139s][info][gc,marking     ] GC(58) Concurrent Rebuild Remembered Sets and Scrub Regions 7.987ms
[2026-04-03T03:21:15.303+0600][20.140s][info][gc,start       ] GC(58) Pause Cleanup
[2026-04-03T03:21:15.304+0600][20.140s][info][gc             ] GC(58) Pause Cleanup 80M->80M(137M) 0.227ms
[2026-04-03T03:21:15.304+0600][20.140s][info][gc,cpu         ] GC(58) User=0.00s Sys=0.00s Real=0.00s
[2026-04-03T03:21:15.304+0600][20.140s][info][gc,marking     ] GC(58) Concurrent Clear Claimed Marks
[2026-04-03T03:21:15.304+0600][20.140s][info][gc,marking     ] GC(58) Concurrent Clear Claimed Marks 0.155ms
[2026-04-03T03:21:15.304+0600][20.140s][info][gc,marking     ] GC(58) Concurrent Cleanup for Next Mark
[2026-04-03T03:21:15.304+0600][20.141s][info][gc,marking     ] GC(58) Concurrent Cleanup for Next Mark 0.331ms
[2026-04-03T03:21:15.304+0600][20.141s][info][gc             ] GC(58) Concurrent Mark Cycle 34.311ms
[2026-04-03T03:21:15.322+0600][20.158s][info][gc,start       ] GC(59) Pause Young (Prepare Mixed) (G1 Evacuation Pause)
[2026-04-03T03:21:15.322+0600][20.158s][info][gc,task        ] GC(59) Using 3 workers of 10 for evacuation
[2026-04-03T03:21:15.324+0600][20.161s][info][gc,phases      ] GC(59)   Pre Evacuate Collection Set: 0.37ms
[2026-04-03T03:21:15.324+0600][20.161s][info][gc,phases      ] GC(59)   Merge Heap Roots: 0.09ms
[2026-04-03T03:21:15.324+0600][20.161s][info][gc,phases      ] GC(59)   Evacuate Collection Set: 0.79ms
[2026-04-03T03:21:15.324+0600][20.161s][info][gc,phases      ] GC(59)   Post Evacuate Collection Set: 0.95ms
[2026-04-03T03:21:15.324+0600][20.161s][info][gc,phases      ] GC(59)   Other: 0.08ms
[2026-04-03T03:21:15.324+0600][20.161s][info][gc,heap        ] GC(59) Eden regions: 81->0(81)
[2026-04-03T03:21:15.324+0600][20.161s][info][gc,heap        ] GC(59) Survivor regions: 1->1(11)
[2026-04-03T03:21:15.324+0600][20.161s][info][gc,heap        ] GC(59) Old regions: 32->32
[2026-04-03T03:21:15.324+0600][20.161s][info][gc,heap        ] GC(59) Humongous regions: 8->8
[2026-04-03T03:21:15.325+0600][20.161s][info][gc,metaspace   ] GC(59) Metaspace: 66737K(67712K)->66737K(67712K) NonClass: 58351K(58880K)->58351K(58880K) Class: 8386K(8832K)->8386K(8832K)
[2026-04-03T03:21:15.325+0600][20.161s][info][gc             ] GC(59) Pause Young (Prepare Mixed) (G1 Evacuation Pause) 117M->36M(137M) 2.491ms
[2026-04-03T03:21:15.325+0600][20.161s][info][gc,cpu         ] GC(59) User=0.00s Sys=0.00s Real=0.00s
[2026-04-03T03:21:15.360+0600][20.196s][info][gc,start       ] GC(60) Pause Young (Mixed) (G1 Evacuation Pause)
[2026-04-03T03:21:15.360+0600][20.196s][info][gc,task        ] GC(60) Using 3 workers of 10 for evacuation
[2026-04-03T03:21:15.362+0600][20.198s][info][gc,phases      ] GC(60)   Pre Evacuate Collection Set: 0.34ms
[2026-04-03T03:21:15.362+0600][20.198s][info][gc,phases      ] GC(60)   Merge Heap Roots: 0.20ms
[2026-04-03T03:21:15.362+0600][20.198s][info][gc,phases      ] GC(60)   Evacuate Collection Set: 0.88ms
[2026-04-03T03:21:15.362+0600][20.198s][info][gc,phases      ] GC(60)   Post Evacuate Collection Set: 0.66ms
[2026-04-03T03:21:15.362+0600][20.198s][info][gc,phases      ] GC(60)   Other: 0.08ms
[2026-04-03T03:21:15.362+0600][20.198s][info][gc,heap        ] GC(60) Eden regions: 81->0(81)
[2026-04-03T03:21:15.362+0600][20.198s][info][gc,heap        ] GC(60) Survivor regions: 1->1(11)
[2026-04-03T03:21:15.362+0600][20.198s][info][gc,heap        ] GC(60) Old regions: 32->32
[2026-04-03T03:21:15.362+0600][20.198s][info][gc,heap        ] GC(60) Humongous regions: 8->8
[2026-04-03T03:21:15.362+0600][20.198s][info][gc,metaspace   ] GC(60) Metaspace: 66737K(67712K)->66737K(67712K) NonClass: 58351K(58880K)->58351K(58880K) Class: 8386K(8832K)->8386K(8832K)
[2026-04-03T03:21:15.362+0600][20.198s][info][gc             ] GC(60) Pause Young (Mixed) (G1 Evacuation Pause) 117M->36M(137M) 2.383ms
[2026-04-03T03:21:15.362+0600][20.198s][info][gc,cpu         ] GC(60) User=0.00s Sys=0.00s Real=0.01s
[2026-04-03T03:21:15.398+0600][20.234s][info][gc,start       ] GC(61) Pause Young (Concurrent Start) (G1 Evacuation Pause)
[2026-04-03T03:21:15.398+0600][20.234s][info][gc,task        ] GC(61) Using 3 workers of 10 for evacuation
[2026-04-03T03:21:15.400+0600][20.236s][info][gc,phases      ] GC(61)   Pre Evacuate Collection Set: 0.31ms
[2026-04-03T03:21:15.400+0600][20.236s][info][gc,phases      ] GC(61)   Merge Heap Roots: 0.17ms
[2026-04-03T03:21:15.400+0600][20.236s][info][gc,phases      ] GC(61)   Evacuate Collection Set: 0.81ms
[2026-04-03T03:21:15.400+0600][20.236s][info][gc,phases      ] GC(61)   Post Evacuate Collection Set: 0.54ms
[2026-04-03T03:21:15.400+0600][20.236s][info][gc,phases      ] GC(61)   Other: 0.22ms
[2026-04-03T03:21:15.400+0600][20.236s][info][gc,heap        ] GC(61) Eden regions: 81->0(81)
[2026-04-03T03:21:15.400+0600][20.236s][info][gc,heap        ] GC(61) Survivor regions: 1->1(11)
[2026-04-03T03:21:15.400+0600][20.236s][info][gc,heap        ] GC(61) Old regions: 32->32
[2026-04-03T03:21:15.400+0600][20.236s][info][gc,heap        ] GC(61) Humongous regions: 8->8
[2026-04-03T03:21:15.400+0600][20.236s][info][gc,metaspace   ] GC(61) Metaspace: 66737K(67712K)->66737K(67712K) NonClass: 58351K(58880K)->58351K(58880K) Class: 8386K(8832K)->8386K(8832K)
[2026-04-03T03:21:15.400+0600][20.237s][info][gc             ] GC(61) Pause Young (Concurrent Start) (G1 Evacuation Pause) 117M->36M(137M) 2.317ms
[2026-04-03T03:21:15.400+0600][20.237s][info][gc             ] GC(62) Concurrent Mark Cycle
[2026-04-03T03:21:15.400+0600][20.237s][info][gc,marking     ] GC(62) Concurrent Scan Root Regions
[2026-04-03T03:21:15.400+0600][20.237s][info][gc,cpu         ] GC(61) User=0.01s Sys=0.00s Real=0.01s
[2026-04-03T03:21:15.401+0600][20.237s][info][gc,marking     ] GC(62) Concurrent Scan Root Regions 0.697ms
[2026-04-03T03:21:15.401+0600][20.237s][info][gc,marking     ] GC(62) Concurrent Mark
[2026-04-03T03:21:15.401+0600][20.237s][info][gc,marking     ] GC(62) Concurrent Mark From Roots
[2026-04-03T03:21:15.401+0600][20.237s][info][gc,task        ] GC(62) Using 3 workers of 3 for marking
[2026-04-03T03:21:15.419+0600][20.255s][info][gc,marking     ] GC(62) Concurrent Mark From Roots 17.726ms
[2026-04-03T03:21:15.419+0600][20.255s][info][gc,marking     ] GC(62) Concurrent Preclean
[2026-04-03T03:21:15.419+0600][20.255s][info][gc,marking     ] GC(62) Concurrent Preclean 0.119ms
[2026-04-03T03:21:15.419+0600][20.255s][info][gc,start       ] GC(62) Pause Remark
[2026-04-03T03:21:15.424+0600][20.260s][info][gc             ] GC(62) Pause Remark 65M->65M(137M) 4.794ms
[2026-04-03T03:21:15.424+0600][20.260s][info][gc,cpu         ] GC(62) User=0.02s Sys=0.00s Real=0.01s
[2026-04-03T03:21:15.424+0600][20.260s][info][gc,marking     ] GC(62) Concurrent Mark 23.179ms
[2026-04-03T03:21:15.424+0600][20.261s][info][gc,marking     ] GC(62) Concurrent Rebuild Remembered Sets and Scrub Regions
[2026-04-03T03:21:15.433+0600][20.269s][info][gc,marking     ] GC(62) Concurrent Rebuild Remembered Sets and Scrub Regions 8.347ms
[2026-04-03T03:21:15.433+0600][20.269s][info][gc,start       ] GC(62) Pause Cleanup
[2026-04-03T03:21:15.433+0600][20.270s][info][gc             ] GC(62) Pause Cleanup 79M->79M(137M) 0.334ms
[2026-04-03T03:21:15.434+0600][20.270s][info][gc,cpu         ] GC(62) User=0.00s Sys=0.00s Real=0.00s
[2026-04-03T03:21:15.434+0600][20.270s][info][gc,marking     ] GC(62) Concurrent Clear Claimed Marks
[2026-04-03T03:21:15.434+0600][20.270s][info][gc,marking     ] GC(62) Concurrent Clear Claimed Marks 0.174ms
[2026-04-03T03:21:15.434+0600][20.270s][info][gc,marking     ] GC(62) Concurrent Cleanup for Next Mark
[2026-04-03T03:21:15.434+0600][20.270s][info][gc,marking     ] GC(62) Concurrent Cleanup for Next Mark 0.298ms
[2026-04-03T03:21:15.434+0600][20.270s][info][gc             ] GC(62) Concurrent Mark Cycle 33.685ms
[2026-04-03T03:21:15.451+0600][20.287s][info][gc,start       ] GC(63) Pause Young (Prepare Mixed) (G1 Evacuation Pause)
[2026-04-03T03:21:15.451+0600][20.287s][info][gc,task        ] GC(63) Using 3 workers of 10 for evacuation
[2026-04-03T03:21:15.453+0600][20.289s][info][gc,phases      ] GC(63)   Pre Evacuate Collection Set: 0.28ms
[2026-04-03T03:21:15.453+0600][20.289s][info][gc,phases      ] GC(63)   Merge Heap Roots: 0.21ms
[2026-04-03T03:21:15.453+0600][20.289s][info][gc,phases      ] GC(63)   Evacuate Collection Set: 0.57ms
[2026-04-03T03:21:15.453+0600][20.289s][info][gc,phases      ] GC(63)   Post Evacuate Collection Set: 0.59ms
[2026-04-03T03:21:15.453+0600][20.289s][info][gc,phases      ] GC(63)   Other: 0.07ms
[2026-04-03T03:21:15.453+0600][20.289s][info][gc,heap        ] GC(63) Eden regions: 81->0(81)
[2026-04-03T03:21:15.453+0600][20.289s][info][gc,heap        ] GC(63) Survivor regions: 1->1(11)
[2026-04-03T03:21:15.453+0600][20.289s][info][gc,heap        ] GC(63) Old regions: 32->32
[2026-04-03T03:21:15.453+0600][20.289s][info][gc,heap        ] GC(63) Humongous regions: 8->8
[2026-04-03T03:21:15.453+0600][20.289s][info][gc,metaspace   ] GC(63) Metaspace: 66737K(67712K)->66737K(67712K) NonClass: 58351K(58880K)->58351K(58880K) Class: 8386K(8832K)->8386K(8832K)
[2026-04-03T03:21:15.453+0600][20.289s][info][gc             ] GC(63) Pause Young (Prepare Mixed) (G1 Evacuation Pause) 117M->36M(137M) 1.976ms
[2026-04-03T03:21:15.453+0600][20.289s][info][gc,cpu         ] GC(63) User=0.00s Sys=0.00s Real=0.00s
[2026-04-03T03:21:15.488+0600][20.324s][info][gc,start       ] GC(64) Pause Young (Mixed) (G1 Evacuation Pause)
[2026-04-03T03:21:15.488+0600][20.325s][info][gc,task        ] GC(64) Using 3 workers of 10 for evacuation
[2026-04-03T03:21:15.491+0600][20.327s][info][gc,phases      ] GC(64)   Pre Evacuate Collection Set: 0.27ms
[2026-04-03T03:21:15.491+0600][20.327s][info][gc,phases      ] GC(64)   Merge Heap Roots: 0.19ms
[2026-04-03T03:21:15.491+0600][20.327s][info][gc,phases      ] GC(64)   Evacuate Collection Set: 1.19ms
[2026-04-03T03:21:15.491+0600][20.327s][info][gc,phases      ] GC(64)   Post Evacuate Collection Set: 0.99ms
[2026-04-03T03:21:15.491+0600][20.327s][info][gc,phases      ] GC(64)   Other: 0.07ms
[2026-04-03T03:21:15.491+0600][20.327s][info][gc,heap        ] GC(64) Eden regions: 81->0(133)
[2026-04-03T03:21:15.491+0600][20.327s][info][gc,heap        ] GC(64) Survivor regions: 1->1(11)
[2026-04-03T03:21:15.491+0600][20.327s][info][gc,heap        ] GC(64) Old regions: 32->32
[2026-04-03T03:21:15.491+0600][20.327s][info][gc,heap        ] GC(64) Humongous regions: 8->8
[2026-04-03T03:21:15.491+0600][20.327s][info][gc,metaspace   ] GC(64) Metaspace: 66742K(67712K)->66742K(67712K) NonClass: 58355K(58880K)->58355K(58880K) Class: 8386K(8832K)->8386K(8832K)
[2026-04-03T03:21:15.491+0600][20.327s][info][gc             ] GC(64) Pause Young (Mixed) (G1 Evacuation Pause) 117M->36M(224M) 2.913ms
[2026-04-03T03:21:15.491+0600][20.327s][info][gc,cpu         ] GC(64) User=0.01s Sys=0.00s Real=0.01s
[2026-04-03T03:21:15.570+0600][20.406s][info][gc,start       ] GC(65) Pause Young (Concurrent Start) (G1 Evacuation Pause)
[2026-04-03T03:21:15.570+0600][20.407s][info][gc,task        ] GC(65) Using 5 workers of 10 for evacuation
[2026-04-03T03:21:15.573+0600][20.409s][info][gc,phases      ] GC(65)   Pre Evacuate Collection Set: 0.35ms
[2026-04-03T03:21:15.573+0600][20.409s][info][gc,phases      ] GC(65)   Merge Heap Roots: 0.11ms
[2026-04-03T03:21:15.573+0600][20.409s][info][gc,phases      ] GC(65)   Evacuate Collection Set: 1.31ms
[2026-04-03T03:21:15.573+0600][20.409s][info][gc,phases      ] GC(65)   Post Evacuate Collection Set: 0.58ms
[2026-04-03T03:21:15.573+0600][20.409s][info][gc,phases      ] GC(65)   Other: 0.19ms
[2026-04-03T03:21:15.573+0600][20.409s][info][gc,heap        ] GC(65) Eden regions: 133->0(133)
[2026-04-03T03:21:15.573+0600][20.409s][info][gc,heap        ] GC(65) Survivor regions: 1->1(17)
[2026-04-03T03:21:15.573+0600][20.409s][info][gc,heap        ] GC(65) Old regions: 32->32
[2026-04-03T03:21:15.573+0600][20.409s][info][gc,heap        ] GC(65) Humongous regions: 8->8
[2026-04-03T03:21:15.573+0600][20.409s][info][gc,metaspace   ] GC(65) Metaspace: 66742K(67712K)->66742K(67712K) NonClass: 58355K(58880K)->58355K(58880K) Class: 8386K(8832K)->8386K(8832K)
[2026-04-03T03:21:15.573+0600][20.409s][info][gc             ] GC(65) Pause Young (Concurrent Start) (G1 Evacuation Pause) 169M->36M(224M) 2.752ms
[2026-04-03T03:21:15.573+0600][20.409s][info][gc,cpu         ] GC(65) User=0.00s Sys=0.01s Real=0.00s
[2026-04-03T03:21:15.573+0600][20.409s][info][gc             ] GC(66) Concurrent Mark Cycle
[2026-04-03T03:21:15.573+0600][20.409s][info][gc,marking     ] GC(66) Concurrent Scan Root Regions
[2026-04-03T03:21:15.574+0600][20.410s][info][gc,marking     ] GC(66) Concurrent Scan Root Regions 0.579ms
[2026-04-03T03:21:15.574+0600][20.410s][info][gc,marking     ] GC(66) Concurrent Mark
[2026-04-03T03:21:15.574+0600][20.410s][info][gc,marking     ] GC(66) Concurrent Mark From Roots
[2026-04-03T03:21:15.574+0600][20.410s][info][gc,task        ] GC(66) Using 3 workers of 3 for marking
[2026-04-03T03:21:15.594+0600][20.430s][info][gc,marking     ] GC(66) Concurrent Mark From Roots 20.547ms
[2026-04-03T03:21:15.594+0600][20.431s][info][gc,marking     ] GC(66) Concurrent Preclean
[2026-04-03T03:21:15.595+0600][20.431s][info][gc,marking     ] GC(66) Concurrent Preclean 0.116ms
[2026-04-03T03:21:15.595+0600][20.431s][info][gc,start       ] GC(66) Pause Remark
[2026-04-03T03:21:15.599+0600][20.435s][info][gc             ] GC(66) Pause Remark 75M->75M(137M) 4.194ms
[2026-04-03T03:21:15.599+0600][20.435s][info][gc,cpu         ] GC(66) User=0.01s Sys=0.00s Real=0.00s
[2026-04-03T03:21:15.599+0600][20.435s][info][gc,marking     ] GC(66) Concurrent Mark 25.511ms
[2026-04-03T03:21:15.599+0600][20.435s][info][gc,marking     ] GC(66) Concurrent Rebuild Remembered Sets and Scrub Regions
[2026-04-03T03:21:15.608+0600][20.444s][info][gc,marking     ] GC(66) Concurrent Rebuild Remembered Sets and Scrub Regions 8.678ms
[2026-04-03T03:21:15.608+0600][20.444s][info][gc,start       ] GC(66) Pause Cleanup
[2026-04-03T03:21:15.609+0600][20.445s][info][gc             ] GC(66) Pause Cleanup 93M->93M(137M) 0.215ms
[2026-04-03T03:21:15.609+0600][20.445s][info][gc,cpu         ] GC(66) User=0.00s Sys=0.00s Real=0.00s
[2026-04-03T03:21:15.609+0600][20.445s][info][gc,marking     ] GC(66) Concurrent Clear Claimed Marks
[2026-04-03T03:21:15.609+0600][20.445s][info][gc,marking     ] GC(66) Concurrent Clear Claimed Marks 0.166ms
[2026-04-03T03:21:15.609+0600][20.445s][info][gc,marking     ] GC(66) Concurrent Cleanup for Next Mark
[2026-04-03T03:21:15.609+0600][20.445s][info][gc,marking     ] GC(66) Concurrent Cleanup for Next Mark 0.300ms
[2026-04-03T03:21:15.609+0600][20.445s][info][gc             ] GC(66) Concurrent Mark Cycle 36.022ms
[2026-04-03T03:21:15.624+0600][20.460s][info][gc,start       ] GC(67) Pause Young (Prepare Mixed) (G1 Evacuation Pause)
[2026-04-03T03:21:15.624+0600][20.460s][info][gc,task        ] GC(67) Using 4 workers of 10 for evacuation
[2026-04-03T03:21:15.626+0600][20.462s][info][gc,phases      ] GC(67)   Pre Evacuate Collection Set: 0.33ms
[2026-04-03T03:21:15.626+0600][20.462s][info][gc,phases      ] GC(67)   Merge Heap Roots: 0.27ms
[2026-04-03T03:21:15.626+0600][20.462s][info][gc,phases      ] GC(67)   Evacuate Collection Set: 0.68ms
[2026-04-03T03:21:15.626+0600][20.462s][info][gc,phases      ] GC(67)   Post Evacuate Collection Set: 0.84ms
[2026-04-03T03:21:15.626+0600][20.462s][info][gc,phases      ] GC(67)   Other: 0.12ms
[2026-04-03T03:21:15.626+0600][20.463s][info][gc,heap        ] GC(67) Eden regions: 88->0(81)
[2026-04-03T03:21:15.626+0600][20.463s][info][gc,heap        ] GC(67) Survivor regions: 1->1(12)
[2026-04-03T03:21:15.626+0600][20.463s][info][gc,heap        ] GC(67) Old regions: 32->32
[2026-04-03T03:21:15.626+0600][20.463s][info][gc,heap        ] GC(67) Humongous regions: 8->8
[2026-04-03T03:21:15.626+0600][20.463s][info][gc,metaspace   ] GC(67) Metaspace: 66742K(67712K)->66742K(67712K) NonClass: 58356K(58880K)->58356K(58880K) Class: 8386K(8832K)->8386K(8832K)
[2026-04-03T03:21:15.626+0600][20.463s][info][gc             ] GC(67) Pause Young (Prepare Mixed) (G1 Evacuation Pause) 124M->36M(137M) 2.524ms
[2026-04-03T03:21:15.627+0600][20.463s][info][gc,cpu         ] GC(67) User=0.01s Sys=0.00s Real=0.00s
[2026-04-03T03:21:15.661+0600][20.497s][info][gc,start       ] GC(68) Pause Young (Mixed) (G1 Evacuation Pause)
[2026-04-03T03:21:15.661+0600][20.497s][info][gc,task        ] GC(68) Using 3 workers of 10 for evacuation
[2026-04-03T03:21:15.663+0600][20.500s][info][gc,phases      ] GC(68)   Pre Evacuate Collection Set: 0.35ms
[2026-04-03T03:21:15.663+0600][20.500s][info][gc,phases      ] GC(68)   Merge Heap Roots: 0.10ms
[2026-04-03T03:21:15.663+0600][20.500s][info][gc,phases      ] GC(68)   Evacuate Collection Set: 1.09ms
[2026-04-03T03:21:15.663+0600][20.500s][info][gc,phases      ] GC(68)   Post Evacuate Collection Set: 0.67ms
[2026-04-03T03:21:15.663+0600][20.500s][info][gc,phases      ] GC(68)   Other: 0.10ms
[2026-04-03T03:21:15.664+0600][20.500s][info][gc,heap        ] GC(68) Eden regions: 81->0(81)
[2026-04-03T03:21:15.664+0600][20.500s][info][gc,heap        ] GC(68) Survivor regions: 1->1(11)
[2026-04-03T03:21:15.664+0600][20.500s][info][gc,heap        ] GC(68) Old regions: 32->32
[2026-04-03T03:21:15.664+0600][20.500s][info][gc,heap        ] GC(68) Humongous regions: 8->8
[2026-04-03T03:21:15.664+0600][20.500s][info][gc,metaspace   ] GC(68) Metaspace: 66742K(67712K)->66742K(67712K) NonClass: 58356K(58880K)->58356K(58880K) Class: 8386K(8832K)->8386K(8832K)
[2026-04-03T03:21:15.664+0600][20.500s][info][gc             ] GC(68) Pause Young (Mixed) (G1 Evacuation Pause) 117M->36M(137M) 2.555ms
[2026-04-03T03:21:15.664+0600][20.500s][info][gc,cpu         ] GC(68) User=0.01s Sys=0.00s Real=0.00s
[2026-04-03T03:21:15.698+0600][20.534s][info][gc,start       ] GC(69) Pause Young (Concurrent Start) (G1 Evacuation Pause)
[2026-04-03T03:21:15.698+0600][20.534s][info][gc,task        ] GC(69) Using 3 workers of 10 for evacuation
[2026-04-03T03:21:15.700+0600][20.536s][info][gc,phases      ] GC(69)   Pre Evacuate Collection Set: 0.22ms
[2026-04-03T03:21:15.700+0600][20.536s][info][gc,phases      ] GC(69)   Merge Heap Roots: 0.07ms
[2026-04-03T03:21:15.700+0600][20.536s][info][gc,phases      ] GC(69)   Evacuate Collection Set: 0.82ms
[2026-04-03T03:21:15.700+0600][20.536s][info][gc,phases      ] GC(69)   Post Evacuate Collection Set: 0.34ms
[2026-04-03T03:21:15.700+0600][20.536s][info][gc,phases      ] GC(69)   Other: 0.15ms
[2026-04-03T03:21:15.700+0600][20.536s][info][gc,heap        ] GC(69) Eden regions: 81->0(81)
[2026-04-03T03:21:15.700+0600][20.536s][info][gc,heap        ] GC(69) Survivor regions: 1->1(11)
[2026-04-03T03:21:15.700+0600][20.536s][info][gc,heap        ] GC(69) Old regions: 32->32
[2026-04-03T03:21:15.700+0600][20.536s][info][gc,heap        ] GC(69) Humongous regions: 8->8
[2026-04-03T03:21:15.700+0600][20.536s][info][gc,metaspace   ] GC(69) Metaspace: 66742K(67712K)->66742K(67712K) NonClass: 58356K(58880K)->58356K(58880K) Class: 8386K(8832K)->8386K(8832K)
[2026-04-03T03:21:15.700+0600][20.536s][info][gc             ] GC(69) Pause Young (Concurrent Start) (G1 Evacuation Pause) 117M->36M(137M) 1.771ms
[2026-04-03T03:21:15.700+0600][20.536s][info][gc,cpu         ] GC(69) User=0.00s Sys=0.00s Real=0.01s
[2026-04-03T03:21:15.700+0600][20.536s][info][gc             ] GC(70) Concurrent Mark Cycle
[2026-04-03T03:21:15.700+0600][20.536s][info][gc,marking     ] GC(70) Concurrent Scan Root Regions
[2026-04-03T03:21:15.701+0600][20.537s][info][gc,marking     ] GC(70) Concurrent Scan Root Regions 0.651ms
[2026-04-03T03:21:15.701+0600][20.537s][info][gc,marking     ] GC(70) Concurrent Mark
[2026-04-03T03:21:15.701+0600][20.537s][info][gc,marking     ] GC(70) Concurrent Mark From Roots
[2026-04-03T03:21:15.701+0600][20.537s][info][gc,task        ] GC(70) Using 3 workers of 3 for marking
[2026-04-03T03:21:15.725+0600][20.561s][info][gc,marking     ] GC(70) Concurrent Mark From Roots 23.937ms
[2026-04-03T03:21:15.725+0600][20.561s][info][gc,marking     ] GC(70) Concurrent Preclean
[2026-04-03T03:21:15.725+0600][20.561s][info][gc,marking     ] GC(70) Concurrent Preclean 0.162ms
[2026-04-03T03:21:15.725+0600][20.561s][info][gc,start       ] GC(70) Pause Remark
[2026-04-03T03:21:15.730+0600][20.566s][info][gc             ] GC(70) Pause Remark 70M->70M(137M) 5.187ms
[2026-04-03T03:21:15.730+0600][20.566s][info][gc,cpu         ] GC(70) User=0.02s Sys=0.00s Real=0.01s
[2026-04-03T03:21:15.730+0600][20.567s][info][gc,marking     ] GC(70) Concurrent Mark 29.791ms
[2026-04-03T03:21:15.730+0600][20.567s][info][gc,marking     ] GC(70) Concurrent Rebuild Remembered Sets and Scrub Regions
[2026-04-03T03:21:15.741+0600][20.577s][info][gc,marking     ] GC(70) Concurrent Rebuild Remembered Sets and Scrub Regions 10.281ms
[2026-04-03T03:21:15.741+0600][20.577s][info][gc,start       ] GC(70) Pause Cleanup
[2026-04-03T03:21:15.741+0600][20.577s][info][gc             ] GC(70) Pause Cleanup 87M->87M(137M) 0.164ms
[2026-04-03T03:21:15.741+0600][20.577s][info][gc,cpu         ] GC(70) User=0.00s Sys=0.00s Real=0.00s
[2026-04-03T03:21:15.741+0600][20.577s][info][gc,marking     ] GC(70) Concurrent Clear Claimed Marks
[2026-04-03T03:21:15.741+0600][20.577s][info][gc,marking     ] GC(70) Concurrent Clear Claimed Marks 0.150ms
[2026-04-03T03:21:15.741+0600][20.578s][info][gc,marking     ] GC(70) Concurrent Cleanup for Next Mark
[2026-04-03T03:21:15.742+0600][20.578s][info][gc,marking     ] GC(70) Concurrent Cleanup for Next Mark 0.220ms
[2026-04-03T03:21:15.742+0600][20.578s][info][gc             ] GC(70) Concurrent Mark Cycle 41.821ms
[2026-04-03T03:21:15.755+0600][20.591s][info][gc,start       ] GC(71) Pause Young (Prepare Mixed) (G1 Evacuation Pause)
[2026-04-03T03:21:15.755+0600][20.591s][info][gc,task        ] GC(71) Using 3 workers of 10 for evacuation
[2026-04-03T03:21:15.757+0600][20.593s][info][gc,phases      ] GC(71)   Pre Evacuate Collection Set: 0.12ms
[2026-04-03T03:21:15.757+0600][20.593s][info][gc,phases      ] GC(71)   Merge Heap Roots: 0.07ms
[2026-04-03T03:21:15.757+0600][20.593s][info][gc,phases      ] GC(71)   Evacuate Collection Set: 0.60ms
[2026-04-03T03:21:15.757+0600][20.593s][info][gc,phases      ] GC(71)   Post Evacuate Collection Set: 0.63ms
[2026-04-03T03:21:15.757+0600][20.593s][info][gc,phases      ] GC(71)   Other: 0.07ms
[2026-04-03T03:21:15.757+0600][20.593s][info][gc,heap        ] GC(71) Eden regions: 81->0(81)
[2026-04-03T03:21:15.757+0600][20.593s][info][gc,heap        ] GC(71) Survivor regions: 1->1(11)
[2026-04-03T03:21:15.757+0600][20.593s][info][gc,heap        ] GC(71) Old regions: 32->33
[2026-04-03T03:21:15.757+0600][20.593s][info][gc,heap        ] GC(71) Humongous regions: 8->8
[2026-04-03T03:21:15.757+0600][20.593s][info][gc,metaspace   ] GC(71) Metaspace: 66742K(67712K)->66742K(67712K) NonClass: 58356K(58880K)->58356K(58880K) Class: 8386K(8832K)->8386K(8832K)
[2026-04-03T03:21:15.757+0600][20.593s][info][gc             ] GC(71) Pause Young (Prepare Mixed) (G1 Evacuation Pause) 117M->36M(137M) 1.702ms
[2026-04-03T03:21:15.757+0600][20.593s][info][gc,cpu         ] GC(71) User=0.00s Sys=0.00s Real=0.00s
[2026-04-03T03:21:15.791+0600][20.627s][info][gc,start       ] GC(72) Pause Young (Mixed) (G1 Evacuation Pause)
[2026-04-03T03:21:15.791+0600][20.627s][info][gc,task        ] GC(72) Using 3 workers of 10 for evacuation
[2026-04-03T03:21:15.794+0600][20.630s][info][gc,phases      ] GC(72)   Pre Evacuate Collection Set: 0.30ms
[2026-04-03T03:21:15.794+0600][20.630s][info][gc,phases      ] GC(72)   Merge Heap Roots: 0.20ms
[2026-04-03T03:21:15.794+0600][20.630s][info][gc,phases      ] GC(72)   Evacuate Collection Set: 1.05ms
[2026-04-03T03:21:15.794+0600][20.630s][info][gc,phases      ] GC(72)   Post Evacuate Collection Set: 1.27ms
[2026-04-03T03:21:15.794+0600][20.630s][info][gc,phases      ] GC(72)   Other: 0.07ms
[2026-04-03T03:21:15.794+0600][20.630s][info][gc,heap        ] GC(72) Eden regions: 81->0(152)
[2026-04-03T03:21:15.794+0600][20.630s][info][gc,heap        ] GC(72) Survivor regions: 1->1(11)
[2026-04-03T03:21:15.794+0600][20.630s][info][gc,heap        ] GC(72) Old regions: 33->32
[2026-04-03T03:21:15.794+0600][20.630s][info][gc,heap        ] GC(72) Humongous regions: 8->8
[2026-04-03T03:21:15.794+0600][20.630s][info][gc,metaspace   ] GC(72) Metaspace: 66742K(67712K)->66742K(67712K) NonClass: 58356K(58880K)->58356K(58880K) Class: 8386K(8832K)->8386K(8832K)
[2026-04-03T03:21:15.794+0600][20.630s][info][gc             ] GC(72) Pause Young (Mixed) (G1 Evacuation Pause) 117M->36M(255M) 3.068ms
[2026-04-03T03:21:15.794+0600][20.630s][info][gc,cpu         ] GC(72) User=0.00s Sys=0.00s Real=0.00s
[2026-04-03T03:21:15.888+0600][20.724s][info][gc,start       ] GC(73) Pause Young (Concurrent Start) (G1 Evacuation Pause)
[2026-04-03T03:21:15.888+0600][20.724s][info][gc,task        ] GC(73) Using 6 workers of 10 for evacuation
[2026-04-03T03:21:15.890+0600][20.727s][info][gc,phases      ] GC(73)   Pre Evacuate Collection Set: 0.39ms
[2026-04-03T03:21:15.890+0600][20.727s][info][gc,phases      ] GC(73)   Merge Heap Roots: 0.10ms
[2026-04-03T03:21:15.890+0600][20.727s][info][gc,phases      ] GC(73)   Evacuate Collection Set: 0.95ms
[2026-04-03T03:21:15.890+0600][20.727s][info][gc,phases      ] GC(73)   Post Evacuate Collection Set: 0.68ms
[2026-04-03T03:21:15.891+0600][20.727s][info][gc,phases      ] GC(73)   Other: 0.30ms
[2026-04-03T03:21:15.891+0600][20.727s][info][gc,heap        ] GC(73) Eden regions: 152->0(152)
[2026-04-03T03:21:15.891+0600][20.727s][info][gc,heap        ] GC(73) Survivor regions: 1->1(20)
[2026-04-03T03:21:15.891+0600][20.727s][info][gc,heap        ] GC(73) Old regions: 32->32
[2026-04-03T03:21:15.891+0600][20.727s][info][gc,heap        ] GC(73) Humongous regions: 8->8
[2026-04-03T03:21:15.891+0600][20.727s][info][gc,metaspace   ] GC(73) Metaspace: 66742K(67712K)->66742K(67712K) NonClass: 58356K(58880K)->58356K(58880K) Class: 8386K(8832K)->8386K(8832K)
[2026-04-03T03:21:15.891+0600][20.727s][info][gc             ] GC(73) Pause Young (Concurrent Start) (G1 Evacuation Pause) 188M->36M(255M) 2.671ms
[2026-04-03T03:21:15.891+0600][20.727s][info][gc,cpu         ] GC(73) User=0.01s Sys=0.00s Real=0.01s
[2026-04-03T03:21:15.891+0600][20.727s][info][gc             ] GC(74) Concurrent Mark Cycle
[2026-04-03T03:21:15.891+0600][20.727s][info][gc,marking     ] GC(74) Concurrent Scan Root Regions
[2026-04-03T03:21:15.892+0600][20.728s][info][gc,marking     ] GC(74) Concurrent Scan Root Regions 0.936ms
[2026-04-03T03:21:15.892+0600][20.728s][info][gc,marking     ] GC(74) Concurrent Mark
[2026-04-03T03:21:15.892+0600][20.728s][info][gc,marking     ] GC(74) Concurrent Mark From Roots
[2026-04-03T03:21:15.892+0600][20.728s][info][gc,task        ] GC(74) Using 3 workers of 3 for marking
[2026-04-03T03:21:15.911+0600][20.748s][info][gc,marking     ] GC(74) Concurrent Mark From Roots 19.709ms
[2026-04-03T03:21:15.912+0600][20.748s][info][gc,marking     ] GC(74) Concurrent Preclean
[2026-04-03T03:21:15.912+0600][20.748s][info][gc,marking     ] GC(74) Concurrent Preclean 0.147ms
[2026-04-03T03:21:15.912+0600][20.748s][info][gc,start       ] GC(74) Pause Remark
[2026-04-03T03:21:15.916+0600][20.752s][info][gc             ] GC(74) Pause Remark 69M->69M(137M) 3.699ms
[2026-04-03T03:21:15.916+0600][20.752s][info][gc,cpu         ] GC(74) User=0.02s Sys=0.00s Real=0.00s
[2026-04-03T03:21:15.916+0600][20.752s][info][gc,marking     ] GC(74) Concurrent Mark 24.175ms
[2026-04-03T03:21:15.916+0600][20.752s][info][gc,marking     ] GC(74) Concurrent Rebuild Remembered Sets and Scrub Regions
[2026-04-03T03:21:15.927+0600][20.763s][info][gc,marking     ] GC(74) Concurrent Rebuild Remembered Sets and Scrub Regions 10.590ms
[2026-04-03T03:21:15.927+0600][20.763s][info][gc,start       ] GC(74) Pause Cleanup
[2026-04-03T03:21:15.927+0600][20.763s][info][gc             ] GC(74) Pause Cleanup 83M->83M(137M) 0.224ms
[2026-04-03T03:21:15.927+0600][20.763s][info][gc,cpu         ] GC(74) User=0.00s Sys=0.00s Real=0.00s
[2026-04-03T03:21:15.927+0600][20.763s][info][gc,marking     ] GC(74) Concurrent Clear Claimed Marks
[2026-04-03T03:21:15.927+0600][20.764s][info][gc,marking     ] GC(74) Concurrent Clear Claimed Marks 0.176ms
[2026-04-03T03:21:15.927+0600][20.764s][info][gc,marking     ] GC(74) Concurrent Cleanup for Next Mark
[2026-04-03T03:21:15.928+0600][20.764s][info][gc,marking     ] GC(74) Concurrent Cleanup for Next Mark 0.385ms
[2026-04-03T03:21:15.928+0600][20.764s][info][gc             ] GC(74) Concurrent Mark Cycle 37.288ms
[2026-04-03T03:21:15.945+0600][20.781s][info][gc,start       ] GC(75) Pause Young (Prepare Mixed) (G1 Evacuation Pause)
[2026-04-03T03:21:15.945+0600][20.781s][info][gc,task        ] GC(75) Using 4 workers of 10 for evacuation
[2026-04-03T03:21:15.947+0600][20.783s][info][gc,phases      ] GC(75)   Pre Evacuate Collection Set: 0.35ms
[2026-04-03T03:21:15.947+0600][20.783s][info][gc,phases      ] GC(75)   Merge Heap Roots: 0.22ms
[2026-04-03T03:21:15.947+0600][20.783s][info][gc,phases      ] GC(75)   Evacuate Collection Set: 0.60ms
[2026-04-03T03:21:15.947+0600][20.783s][info][gc,phases      ] GC(75)   Post Evacuate Collection Set: 0.64ms
[2026-04-03T03:21:15.947+0600][20.783s][info][gc,phases      ] GC(75)   Other: 0.07ms
[2026-04-03T03:21:15.947+0600][20.783s][info][gc,heap        ] GC(75) Eden regions: 81->0(81)
[2026-04-03T03:21:15.947+0600][20.783s][info][gc,heap        ] GC(75) Survivor regions: 1->1(11)
[2026-04-03T03:21:15.947+0600][20.783s][info][gc,heap        ] GC(75) Old regions: 32->32
[2026-04-03T03:21:15.947+0600][20.783s][info][gc,heap        ] GC(75) Humongous regions: 8->8
[2026-04-03T03:21:15.947+0600][20.783s][info][gc,metaspace   ] GC(75) Metaspace: 66742K(67712K)->66742K(67712K) NonClass: 58356K(58880K)->58356K(58880K) Class: 8386K(8832K)->8386K(8832K)
[2026-04-03T03:21:15.947+0600][20.783s][info][gc             ] GC(75) Pause Young (Prepare Mixed) (G1 Evacuation Pause) 117M->36M(137M) 2.126ms
[2026-04-03T03:21:15.947+0600][20.783s][info][gc,cpu         ] GC(75) User=0.00s Sys=0.00s Real=0.00s
[2026-04-03T03:21:15.981+0600][20.817s][info][gc,start       ] GC(76) Pause Young (Mixed) (G1 Evacuation Pause)
[2026-04-03T03:21:15.981+0600][20.817s][info][gc,task        ] GC(76) Using 3 workers of 10 for evacuation
[2026-04-03T03:21:15.983+0600][20.819s][info][gc,phases      ] GC(76)   Pre Evacuate Collection Set: 0.22ms
[2026-04-03T03:21:15.983+0600][20.819s][info][gc,phases      ] GC(76)   Merge Heap Roots: 0.16ms
[2026-04-03T03:21:15.983+0600][20.819s][info][gc,phases      ] GC(76)   Evacuate Collection Set: 0.93ms
[2026-04-03T03:21:15.983+0600][20.819s][info][gc,phases      ] GC(76)   Post Evacuate Collection Set: 0.54ms
[2026-04-03T03:21:15.983+0600][20.819s][info][gc,phases      ] GC(76)   Other: 0.06ms
[2026-04-03T03:21:15.983+0600][20.819s][info][gc,heap        ] GC(76) Eden regions: 81->0(81)
[2026-04-03T03:21:15.983+0600][20.819s][info][gc,heap        ] GC(76) Survivor regions: 1->1(11)
[2026-04-03T03:21:15.983+0600][20.819s][info][gc,heap        ] GC(76) Old regions: 32->32
[2026-04-03T03:21:15.983+0600][20.819s][info][gc,heap        ] GC(76) Humongous regions: 8->8
[2026-04-03T03:21:15.983+0600][20.819s][info][gc,metaspace   ] GC(76) Metaspace: 66742K(67712K)->66742K(67712K) NonClass: 58356K(58880K)->58356K(58880K) Class: 8386K(8832K)->8386K(8832K)
[2026-04-03T03:21:15.983+0600][20.819s][info][gc             ] GC(76) Pause Young (Mixed) (G1 Evacuation Pause) 117M->36M(137M) 2.084ms
[2026-04-03T03:21:15.983+0600][20.819s][info][gc,cpu         ] GC(76) User=0.01s Sys=0.00s Real=0.00s
[2026-04-03T03:21:16.030+0600][20.866s][info][gc,start       ] GC(77) Pause Young (Concurrent Start) (G1 Evacuation Pause)
[2026-04-03T03:21:16.030+0600][20.866s][info][gc,task        ] GC(77) Using 3 workers of 10 for evacuation
[2026-04-03T03:21:16.032+0600][20.868s][info][gc,phases      ] GC(77)   Pre Evacuate Collection Set: 0.29ms
[2026-04-03T03:21:16.032+0600][20.868s][info][gc,phases      ] GC(77)   Merge Heap Roots: 0.16ms
[2026-04-03T03:21:16.032+0600][20.868s][info][gc,phases      ] GC(77)   Evacuate Collection Set: 0.76ms
[2026-04-03T03:21:16.032+0600][20.868s][info][gc,phases      ] GC(77)   Post Evacuate Collection Set: 0.37ms
[2026-04-03T03:21:16.032+0600][20.868s][info][gc,phases      ] GC(77)   Other: 0.21ms
[2026-04-03T03:21:16.032+0600][20.868s][info][gc,heap        ] GC(77) Eden regions: 81->0(81)
[2026-04-03T03:21:16.032+0600][20.868s][info][gc,heap        ] GC(77) Survivor regions: 1->1(11)
[2026-04-03T03:21:16.032+0600][20.868s][info][gc,heap        ] GC(77) Old regions: 32->32
[2026-04-03T03:21:16.032+0600][20.868s][info][gc,heap        ] GC(77) Humongous regions: 8->8
[2026-04-03T03:21:16.032+0600][20.868s][info][gc,metaspace   ] GC(77) Metaspace: 66742K(67712K)->66742K(67712K) NonClass: 58356K(58880K)->58356K(58880K) Class: 8386K(8832K)->8386K(8832K)
[2026-04-03T03:21:16.032+0600][20.868s][info][gc             ] GC(77) Pause Young (Concurrent Start) (G1 Evacuation Pause) 117M->36M(137M) 1.991ms
[2026-04-03T03:21:16.032+0600][20.868s][info][gc             ] GC(78) Concurrent Mark Cycle
[2026-04-03T03:21:16.032+0600][20.868s][info][gc,marking     ] GC(78) Concurrent Scan Root Regions
[2026-04-03T03:21:16.032+0600][20.868s][info][gc,cpu         ] GC(77) User=0.00s Sys=0.00s Real=0.01s
[2026-04-03T03:21:16.032+0600][20.868s][info][gc,marking     ] GC(78) Concurrent Scan Root Regions 0.498ms
[2026-04-03T03:21:16.032+0600][20.868s][info][gc,marking     ] GC(78) Concurrent Mark
[2026-04-03T03:21:16.032+0600][20.868s][info][gc,marking     ] GC(78) Concurrent Mark From Roots
[2026-04-03T03:21:16.032+0600][20.868s][info][gc,task        ] GC(78) Using 3 workers of 3 for marking
[2026-04-03T03:21:16.051+0600][20.887s][info][gc,marking     ] GC(78) Concurrent Mark From Roots 18.584ms
[2026-04-03T03:21:16.051+0600][20.887s][info][gc,marking     ] GC(78) Concurrent Preclean
[2026-04-03T03:21:16.051+0600][20.887s][info][gc,marking     ] GC(78) Concurrent Preclean 0.121ms
[2026-04-03T03:21:16.051+0600][20.887s][info][gc,start       ] GC(78) Pause Remark
[2026-04-03T03:21:16.057+0600][20.893s][info][gc             ] GC(78) Pause Remark 68M->68M(137M) 5.320ms
[2026-04-03T03:21:16.057+0600][20.893s][info][gc,cpu         ] GC(78) User=0.02s Sys=0.00s Real=0.00s
[2026-04-03T03:21:16.057+0600][20.893s][info][gc,marking     ] GC(78) Concurrent Mark 24.624ms
[2026-04-03T03:21:16.057+0600][20.893s][info][gc,marking     ] GC(78) Concurrent Rebuild Remembered Sets and Scrub Regions
[2026-04-03T03:21:16.065+0600][20.901s][info][gc,marking     ] GC(78) Concurrent Rebuild Remembered Sets and Scrub Regions 8.371ms
[2026-04-03T03:21:16.066+0600][20.902s][info][gc,start       ] GC(78) Pause Cleanup
[2026-04-03T03:21:16.066+0600][20.902s][info][gc             ] GC(78) Pause Cleanup 84M->84M(137M) 0.246ms
[2026-04-03T03:21:16.066+0600][20.902s][info][gc,cpu         ] GC(78) User=0.00s Sys=0.00s Real=0.00s
[2026-04-03T03:21:16.066+0600][20.902s][info][gc,marking     ] GC(78) Concurrent Clear Claimed Marks
[2026-04-03T03:21:16.066+0600][20.902s][info][gc,marking     ] GC(78) Concurrent Clear Claimed Marks 0.167ms
[2026-04-03T03:21:16.066+0600][20.902s][info][gc,marking     ] GC(78) Concurrent Cleanup for Next Mark
[2026-04-03T03:21:16.067+0600][20.903s][info][gc,marking     ] GC(78) Concurrent Cleanup for Next Mark 0.310ms
[2026-04-03T03:21:16.067+0600][20.903s][info][gc             ] GC(78) Concurrent Mark Cycle 34.925ms
[2026-04-03T03:21:16.083+0600][20.919s][info][gc,start       ] GC(79) Pause Young (Prepare Mixed) (G1 Evacuation Pause)
[2026-04-03T03:21:16.083+0600][20.919s][info][gc,task        ] GC(79) Using 3 workers of 10 for evacuation
[2026-04-03T03:21:16.085+0600][20.921s][info][gc,phases      ] GC(79)   Pre Evacuate Collection Set: 0.43ms
[2026-04-03T03:21:16.085+0600][20.921s][info][gc,phases      ] GC(79)   Merge Heap Roots: 0.18ms
[2026-04-03T03:21:16.085+0600][20.921s][info][gc,phases      ] GC(79)   Evacuate Collection Set: 0.74ms
[2026-04-03T03:21:16.085+0600][20.921s][info][gc,phases      ] GC(79)   Post Evacuate Collection Set: 0.49ms
[2026-04-03T03:21:16.085+0600][20.921s][info][gc,phases      ] GC(79)   Other: 0.10ms
[2026-04-03T03:21:16.085+0600][20.921s][info][gc,heap        ] GC(79) Eden regions: 81->0(81)
[2026-04-03T03:21:16.085+0600][20.921s][info][gc,heap        ] GC(79) Survivor regions: 1->1(11)
[2026-04-03T03:21:16.085+0600][20.921s][info][gc,heap        ] GC(79) Old regions: 32->32
[2026-04-03T03:21:16.085+0600][20.921s][info][gc,heap        ] GC(79) Humongous regions: 8->8
[2026-04-03T03:21:16.085+0600][20.921s][info][gc,metaspace   ] GC(79) Metaspace: 66744K(67712K)->66744K(67712K) NonClass: 58357K(58880K)->58357K(58880K) Class: 8386K(8832K)->8386K(8832K)
[2026-04-03T03:21:16.085+0600][20.921s][info][gc             ] GC(79) Pause Young (Prepare Mixed) (G1 Evacuation Pause) 117M->36M(137M) 2.205ms
[2026-04-03T03:21:16.085+0600][20.921s][info][gc,cpu         ] GC(79) User=0.00s Sys=0.00s Real=0.00s
[2026-04-03T03:21:16.119+0600][20.955s][info][gc,start       ] GC(80) Pause Young (Mixed) (G1 Evacuation Pause)
[2026-04-03T03:21:16.119+0600][20.956s][info][gc,task        ] GC(80) Using 3 workers of 10 for evacuation
[2026-04-03T03:21:16.122+0600][20.958s][info][gc,phases      ] GC(80)   Pre Evacuate Collection Set: 0.42ms
[2026-04-03T03:21:16.122+0600][20.958s][info][gc,phases      ] GC(80)   Merge Heap Roots: 0.18ms
[2026-04-03T03:21:16.122+0600][20.958s][info][gc,phases      ] GC(80)   Evacuate Collection Set: 0.87ms
[2026-04-03T03:21:16.122+0600][20.958s][info][gc,phases      ] GC(80)   Post Evacuate Collection Set: 1.31ms
[2026-04-03T03:21:16.122+0600][20.958s][info][gc,phases      ] GC(80)   Other: 0.08ms
[2026-04-03T03:21:16.122+0600][20.958s][info][gc,heap        ] GC(80) Eden regions: 81->0(146)
[2026-04-03T03:21:16.122+0600][20.958s][info][gc,heap        ] GC(80) Survivor regions: 1->1(11)
[2026-04-03T03:21:16.122+0600][20.958s][info][gc,heap        ] GC(80) Old regions: 32->32
[2026-04-03T03:21:16.122+0600][20.959s][info][gc,heap        ] GC(80) Humongous regions: 8->8
[2026-04-03T03:21:16.122+0600][20.959s][info][gc,metaspace   ] GC(80) Metaspace: 66744K(67712K)->66744K(67712K) NonClass: 58358K(58880K)->58358K(58880K) Class: 8386K(8832K)->8386K(8832K)
[2026-04-03T03:21:16.122+0600][20.959s][info][gc             ] GC(80) Pause Young (Mixed) (G1 Evacuation Pause) 117M->36M(245M) 3.088ms
[2026-04-03T03:21:16.122+0600][20.959s][info][gc,cpu         ] GC(80) User=0.00s Sys=0.00s Real=0.01s
[2026-04-03T03:21:16.213+0600][21.049s][info][gc,start       ] GC(81) Pause Young (Concurrent Start) (G1 Evacuation Pause)
[2026-04-03T03:21:16.213+0600][21.049s][info][gc,task        ] GC(81) Using 5 workers of 10 for evacuation
[2026-04-03T03:21:16.215+0600][21.051s][info][gc,phases      ] GC(81)   Pre Evacuate Collection Set: 0.35ms
[2026-04-03T03:21:16.215+0600][21.051s][info][gc,phases      ] GC(81)   Merge Heap Roots: 0.10ms
[2026-04-03T03:21:16.215+0600][21.051s][info][gc,phases      ] GC(81)   Evacuate Collection Set: 1.13ms
[2026-04-03T03:21:16.215+0600][21.051s][info][gc,phases      ] GC(81)   Post Evacuate Collection Set: 0.43ms
[2026-04-03T03:21:16.215+0600][21.051s][info][gc,phases      ] GC(81)   Other: 0.30ms
[2026-04-03T03:21:16.215+0600][21.051s][info][gc,heap        ] GC(81) Eden regions: 146->0(146)
[2026-04-03T03:21:16.215+0600][21.051s][info][gc,heap        ] GC(81) Survivor regions: 1->1(19)
[2026-04-03T03:21:16.215+0600][21.051s][info][gc,heap        ] GC(81) Old regions: 32->32
[2026-04-03T03:21:16.215+0600][21.051s][info][gc,heap        ] GC(81) Humongous regions: 8->8
[2026-04-03T03:21:16.215+0600][21.051s][info][gc,metaspace   ] GC(81) Metaspace: 66744K(67712K)->66744K(67712K) NonClass: 58358K(58880K)->58358K(58880K) Class: 8386K(8832K)->8386K(8832K)
[2026-04-03T03:21:16.215+0600][21.051s][info][gc             ] GC(81) Pause Young (Concurrent Start) (G1 Evacuation Pause) 182M->36M(245M) 2.539ms
[2026-04-03T03:21:16.215+0600][21.051s][info][gc,cpu         ] GC(81) User=0.00s Sys=0.01s Real=0.00s
[2026-04-03T03:21:16.215+0600][21.052s][info][gc             ] GC(82) Concurrent Mark Cycle
[2026-04-03T03:21:16.215+0600][21.052s][info][gc,marking     ] GC(82) Concurrent Scan Root Regions
[2026-04-03T03:21:16.216+0600][21.052s][info][gc,marking     ] GC(82) Concurrent Scan Root Regions 0.641ms
[2026-04-03T03:21:16.216+0600][21.052s][info][gc,marking     ] GC(82) Concurrent Mark
[2026-04-03T03:21:16.216+0600][21.052s][info][gc,marking     ] GC(82) Concurrent Mark From Roots
[2026-04-03T03:21:16.216+0600][21.052s][info][gc,task        ] GC(82) Using 3 workers of 3 for marking
[2026-04-03T03:21:16.235+0600][21.071s][info][gc,marking     ] GC(82) Concurrent Mark From Roots 18.440ms
[2026-04-03T03:21:16.235+0600][21.071s][info][gc,marking     ] GC(82) Concurrent Preclean
[2026-04-03T03:21:16.235+0600][21.071s][info][gc,marking     ] GC(82) Concurrent Preclean 0.121ms
[2026-04-03T03:21:16.235+0600][21.071s][info][gc,start       ] GC(82) Pause Remark
[2026-04-03T03:21:16.239+0600][21.075s][info][gc             ] GC(82) Pause Remark 69M->69M(137M) 3.899ms
[2026-04-03T03:21:16.239+0600][21.075s][info][gc,cpu         ] GC(82) User=0.01s Sys=0.00s Real=0.00s
[2026-04-03T03:21:16.239+0600][21.075s][info][gc,marking     ] GC(82) Concurrent Mark 23.009ms
[2026-04-03T03:21:16.239+0600][21.075s][info][gc,marking     ] GC(82) Concurrent Rebuild Remembered Sets and Scrub Regions
[2026-04-03T03:21:16.248+0600][21.084s][info][gc,marking     ] GC(82) Concurrent Rebuild Remembered Sets and Scrub Regions 8.462ms
[2026-04-03T03:21:16.248+0600][21.084s][info][gc,start       ] GC(82) Pause Cleanup
[2026-04-03T03:21:16.248+0600][21.084s][info][gc             ] GC(82) Pause Cleanup 85M->85M(137M) 0.250ms
[2026-04-03T03:21:16.248+0600][21.084s][info][gc,cpu         ] GC(82) User=0.00s Sys=0.00s Real=0.00s
[2026-04-03T03:21:16.248+0600][21.084s][info][gc,marking     ] GC(82) Concurrent Clear Claimed Marks
[2026-04-03T03:21:16.248+0600][21.085s][info][gc,marking     ] GC(82) Concurrent Clear Claimed Marks 0.123ms
[2026-04-03T03:21:16.248+0600][21.085s][info][gc,marking     ] GC(82) Concurrent Cleanup for Next Mark
[2026-04-03T03:21:16.249+0600][21.085s][info][gc,marking     ] GC(82) Concurrent Cleanup for Next Mark 0.462ms
[2026-04-03T03:21:16.249+0600][21.085s][info][gc             ] GC(82) Concurrent Mark Cycle 33.524ms
[2026-04-03T03:21:16.266+0600][21.102s][info][gc,start       ] GC(83) Pause Young (Prepare Mixed) (G1 Evacuation Pause)
[2026-04-03T03:21:16.266+0600][21.102s][info][gc,task        ] GC(83) Using 4 workers of 10 for evacuation
[2026-04-03T03:21:16.268+0600][21.104s][info][gc,phases      ] GC(83)   Pre Evacuate Collection Set: 0.31ms
[2026-04-03T03:21:16.268+0600][21.104s][info][gc,phases      ] GC(83)   Merge Heap Roots: 0.23ms
[2026-04-03T03:21:16.268+0600][21.104s][info][gc,phases      ] GC(83)   Evacuate Collection Set: 0.53ms
[2026-04-03T03:21:16.268+0600][21.104s][info][gc,phases      ] GC(83)   Post Evacuate Collection Set: 0.79ms
[2026-04-03T03:21:16.268+0600][21.104s][info][gc,phases      ] GC(83)   Other: 0.08ms
[2026-04-03T03:21:16.268+0600][21.104s][info][gc,heap        ] GC(83) Eden regions: 87->0(81)
[2026-04-03T03:21:16.268+0600][21.104s][info][gc,heap        ] GC(83) Survivor regions: 1->1(11)
[2026-04-03T03:21:16.268+0600][21.104s][info][gc,heap        ] GC(83) Old regions: 32->32
[2026-04-03T03:21:16.268+0600][21.104s][info][gc,heap        ] GC(83) Humongous regions: 8->8
[2026-04-03T03:21:16.268+0600][21.104s][info][gc,metaspace   ] GC(83) Metaspace: 66744K(67712K)->66744K(67712K) NonClass: 58358K(58880K)->58358K(58880K) Class: 8386K(8832K)->8386K(8832K)
[2026-04-03T03:21:16.268+0600][21.104s][info][gc             ] GC(83) Pause Young (Prepare Mixed) (G1 Evacuation Pause) 123M->36M(137M) 2.128ms
[2026-04-03T03:21:16.268+0600][21.104s][info][gc,cpu         ] GC(83) User=0.00s Sys=0.00s Real=0.00s
[2026-04-03T03:21:16.302+0600][21.138s][info][gc,start       ] GC(84) Pause Young (Mixed) (G1 Evacuation Pause)
[2026-04-03T03:21:16.302+0600][21.138s][info][gc,task        ] GC(84) Using 3 workers of 10 for evacuation
[2026-04-03T03:21:16.305+0600][21.141s][info][gc,phases      ] GC(84)   Pre Evacuate Collection Set: 0.39ms
[2026-04-03T03:21:16.305+0600][21.141s][info][gc,phases      ] GC(84)   Merge Heap Roots: 0.21ms
[2026-04-03T03:21:16.305+0600][21.141s][info][gc,phases      ] GC(84)   Evacuate Collection Set: 1.16ms
[2026-04-03T03:21:16.305+0600][21.141s][info][gc,phases      ] GC(84)   Post Evacuate Collection Set: 0.87ms
[2026-04-03T03:21:16.305+0600][21.141s][info][gc,phases      ] GC(84)   Other: 0.09ms
[2026-04-03T03:21:16.305+0600][21.141s][info][gc,heap        ] GC(84) Eden regions: 81->0(81)
[2026-04-03T03:21:16.305+0600][21.141s][info][gc,heap        ] GC(84) Survivor regions: 1->1(11)
[2026-04-03T03:21:16.305+0600][21.141s][info][gc,heap        ] GC(84) Old regions: 32->32
[2026-04-03T03:21:16.305+0600][21.141s][info][gc,heap        ] GC(84) Humongous regions: 8->8
[2026-04-03T03:21:16.305+0600][21.141s][info][gc,metaspace   ] GC(84) Metaspace: 66744K(67712K)->66744K(67712K) NonClass: 58358K(58880K)->58358K(58880K) Class: 8386K(8832K)->8386K(8832K)
[2026-04-03T03:21:16.305+0600][21.141s][info][gc             ] GC(84) Pause Young (Mixed) (G1 Evacuation Pause) 117M->36M(137M) 2.882ms
[2026-04-03T03:21:16.305+0600][21.141s][info][gc,cpu         ] GC(84) User=0.00s Sys=0.00s Real=0.00s
[2026-04-03T03:21:16.350+0600][21.186s][info][gc,start       ] GC(85) Pause Young (Concurrent Start) (G1 Evacuation Pause)
[2026-04-03T03:21:16.350+0600][21.186s][info][gc,task        ] GC(85) Using 3 workers of 10 for evacuation
[2026-04-03T03:21:16.353+0600][21.189s][info][gc,phases      ] GC(85)   Pre Evacuate Collection Set: 0.45ms
[2026-04-03T03:21:16.353+0600][21.189s][info][gc,phases      ] GC(85)   Merge Heap Roots: 0.19ms
[2026-04-03T03:21:16.353+0600][21.189s][info][gc,phases      ] GC(85)   Evacuate Collection Set: 0.96ms
[2026-04-03T03:21:16.353+0600][21.189s][info][gc,phases      ] GC(85)   Post Evacuate Collection Set: 0.92ms
[2026-04-03T03:21:16.353+0600][21.189s][info][gc,phases      ] GC(85)   Other: 0.23ms
[2026-04-03T03:21:16.353+0600][21.189s][info][gc,heap        ] GC(85) Eden regions: 81->0(129)
[2026-04-03T03:21:16.353+0600][21.189s][info][gc,heap        ] GC(85) Survivor regions: 1->1(11)
[2026-04-03T03:21:16.353+0600][21.189s][info][gc,heap        ] GC(85) Old regions: 32->32
[2026-04-03T03:21:16.353+0600][21.189s][info][gc,heap        ] GC(85) Humongous regions: 8->8
[2026-04-03T03:21:16.353+0600][21.189s][info][gc,metaspace   ] GC(85) Metaspace: 66744K(67712K)->66744K(67712K) NonClass: 58358K(58880K)->58358K(58880K) Class: 8386K(8832K)->8386K(8832K)
[2026-04-03T03:21:16.353+0600][21.189s][info][gc             ] GC(85) Pause Young (Concurrent Start) (G1 Evacuation Pause) 117M->36M(217M) 2.932ms
[2026-04-03T03:21:16.353+0600][21.189s][info][gc,cpu         ] GC(85) User=0.00s Sys=0.00s Real=0.01s
[2026-04-03T03:21:16.353+0600][21.189s][info][gc             ] GC(86) Concurrent Mark Cycle
[2026-04-03T03:21:16.353+0600][21.189s][info][gc,marking     ] GC(86) Concurrent Scan Root Regions
[2026-04-03T03:21:16.354+0600][21.190s][info][gc,marking     ] GC(86) Concurrent Scan Root Regions 0.833ms
[2026-04-03T03:21:16.354+0600][21.190s][info][gc,marking     ] GC(86) Concurrent Mark
[2026-04-03T03:21:16.354+0600][21.190s][info][gc,marking     ] GC(86) Concurrent Mark From Roots
[2026-04-03T03:21:16.354+0600][21.190s][info][gc,task        ] GC(86) Using 3 workers of 3 for marking
[2026-04-03T03:21:16.373+0600][21.209s][info][gc,marking     ] GC(86) Concurrent Mark From Roots 19.202ms
[2026-04-03T03:21:16.373+0600][21.209s][info][gc,marking     ] GC(86) Concurrent Preclean
[2026-04-03T03:21:16.373+0600][21.209s][info][gc,marking     ] GC(86) Concurrent Preclean 0.132ms
[2026-04-03T03:21:16.373+0600][21.209s][info][gc,start       ] GC(86) Pause Remark
[2026-04-03T03:21:16.378+0600][21.215s][info][gc             ] GC(86) Pause Remark 71M->71M(137M) 5.068ms
[2026-04-03T03:21:16.378+0600][21.215s][info][gc,cpu         ] GC(86) User=0.02s Sys=0.00s Real=0.00s
[2026-04-03T03:21:16.379+0600][21.215s][info][gc,marking     ] GC(86) Concurrent Mark 25.052ms
[2026-04-03T03:21:16.379+0600][21.215s][info][gc,marking     ] GC(86) Concurrent Rebuild Remembered Sets and Scrub Regions
[2026-04-03T03:21:16.387+0600][21.224s][info][gc,marking     ] GC(86) Concurrent Rebuild Remembered Sets and Scrub Regions 8.799ms
[2026-04-03T03:21:16.388+0600][21.224s][info][gc,start       ] GC(86) Pause Cleanup
[2026-04-03T03:21:16.388+0600][21.224s][info][gc             ] GC(86) Pause Cleanup 90M->90M(137M) 0.194ms
[2026-04-03T03:21:16.388+0600][21.224s][info][gc,cpu         ] GC(86) User=0.00s Sys=0.00s Real=0.00s
[2026-04-03T03:21:16.388+0600][21.224s][info][gc,marking     ] GC(86) Concurrent Clear Claimed Marks
[2026-04-03T03:21:16.388+0600][21.224s][info][gc,marking     ] GC(86) Concurrent Clear Claimed Marks 0.130ms
[2026-04-03T03:21:16.388+0600][21.224s][info][gc,marking     ] GC(86) Concurrent Cleanup for Next Mark
[2026-04-03T03:21:16.389+0600][21.225s][info][gc,marking     ] GC(86) Concurrent Cleanup for Next Mark 0.462ms
[2026-04-03T03:21:16.389+0600][21.225s][info][gc             ] GC(86) Concurrent Mark Cycle 36.031ms
[2026-04-03T03:21:16.403+0600][21.239s][info][gc,start       ] GC(87) Pause Young (Prepare Mixed) (G1 Evacuation Pause)
[2026-04-03T03:21:16.403+0600][21.239s][info][gc,task        ] GC(87) Using 3 workers of 10 for evacuation
[2026-04-03T03:21:16.405+0600][21.242s][info][gc,phases      ] GC(87)   Pre Evacuate Collection Set: 0.50ms
[2026-04-03T03:21:16.405+0600][21.242s][info][gc,phases      ] GC(87)   Merge Heap Roots: 0.10ms
[2026-04-03T03:21:16.405+0600][21.242s][info][gc,phases      ] GC(87)   Evacuate Collection Set: 0.72ms
[2026-04-03T03:21:16.405+0600][21.242s][info][gc,phases      ] GC(87)   Post Evacuate Collection Set: 0.69ms
[2026-04-03T03:21:16.405+0600][21.242s][info][gc,phases      ] GC(87)   Other: 0.14ms
[2026-04-03T03:21:16.406+0600][21.242s][info][gc,heap        ] GC(87) Eden regions: 86->0(81)
[2026-04-03T03:21:16.406+0600][21.242s][info][gc,heap        ] GC(87) Survivor regions: 1->1(11)
[2026-04-03T03:21:16.406+0600][21.242s][info][gc,heap        ] GC(87) Old regions: 32->32
[2026-04-03T03:21:16.406+0600][21.242s][info][gc,heap        ] GC(87) Humongous regions: 8->8
[2026-04-03T03:21:16.406+0600][21.242s][info][gc,metaspace   ] GC(87) Metaspace: 66744K(67712K)->66744K(67712K) NonClass: 58358K(58880K)->58358K(58880K) Class: 8386K(8832K)->8386K(8832K)
[2026-04-03T03:21:16.406+0600][21.242s][info][gc             ] GC(87) Pause Young (Prepare Mixed) (G1 Evacuation Pause) 122M->36M(137M) 2.327ms
[2026-04-03T03:21:16.406+0600][21.242s][info][gc,cpu         ] GC(87) User=0.00s Sys=0.00s Real=0.00s
[2026-04-03T03:21:16.440+0600][21.276s][info][gc,start       ] GC(88) Pause Young (Mixed) (G1 Evacuation Pause)
[2026-04-03T03:21:16.440+0600][21.276s][info][gc,task        ] GC(88) Using 3 workers of 10 for evacuation
[2026-04-03T03:21:16.442+0600][21.278s][info][gc,phases      ] GC(88)   Pre Evacuate Collection Set: 0.32ms
[2026-04-03T03:21:16.442+0600][21.278s][info][gc,phases      ] GC(88)   Merge Heap Roots: 0.13ms
[2026-04-03T03:21:16.442+0600][21.278s][info][gc,phases      ] GC(88)   Evacuate Collection Set: 1.29ms
[2026-04-03T03:21:16.442+0600][21.278s][info][gc,phases      ] GC(88)   Post Evacuate Collection Set: 0.66ms
[2026-04-03T03:21:16.442+0600][21.278s][info][gc,phases      ] GC(88)   Other: 0.10ms
[2026-04-03T03:21:16.442+0600][21.278s][info][gc,heap        ] GC(88) Eden regions: 81->0(81)
[2026-04-03T03:21:16.442+0600][21.278s][info][gc,heap        ] GC(88) Survivor regions: 1->1(11)
[2026-04-03T03:21:16.442+0600][21.278s][info][gc,heap        ] GC(88) Old regions: 32->32
[2026-04-03T03:21:16.442+0600][21.278s][info][gc,heap        ] GC(88) Humongous regions: 8->8
[2026-04-03T03:21:16.442+0600][21.278s][info][gc,metaspace   ] GC(88) Metaspace: 66744K(67712K)->66744K(67712K) NonClass: 58358K(58880K)->58358K(58880K) Class: 8386K(8832K)->8386K(8832K)
[2026-04-03T03:21:16.442+0600][21.278s][info][gc             ] GC(88) Pause Young (Mixed) (G1 Evacuation Pause) 117M->36M(137M) 2.710ms
[2026-04-03T03:21:16.442+0600][21.278s][info][gc,cpu         ] GC(88) User=0.00s Sys=0.00s Real=0.01s
[2026-04-03T03:21:16.476+0600][21.313s][info][gc,start       ] GC(89) Pause Young (Concurrent Start) (G1 Evacuation Pause)
[2026-04-03T03:21:16.477+0600][21.313s][info][gc,task        ] GC(89) Using 3 workers of 10 for evacuation
[2026-04-03T03:21:16.479+0600][21.315s][info][gc,phases      ] GC(89)   Pre Evacuate Collection Set: 0.35ms
[2026-04-03T03:21:16.479+0600][21.315s][info][gc,phases      ] GC(89)   Merge Heap Roots: 0.12ms
[2026-04-03T03:21:16.479+0600][21.315s][info][gc,phases      ] GC(89)   Evacuate Collection Set: 0.88ms
[2026-04-03T03:21:16.479+0600][21.315s][info][gc,phases      ] GC(89)   Post Evacuate Collection Set: 0.45ms
[2026-04-03T03:21:16.479+0600][21.315s][info][gc,phases      ] GC(89)   Other: 0.23ms
[2026-04-03T03:21:16.479+0600][21.315s][info][gc,heap        ] GC(89) Eden regions: 81->0(81)
[2026-04-03T03:21:16.479+0600][21.315s][info][gc,heap        ] GC(89) Survivor regions: 1->1(11)
[2026-04-03T03:21:16.479+0600][21.315s][info][gc,heap        ] GC(89) Old regions: 32->32
[2026-04-03T03:21:16.479+0600][21.315s][info][gc,heap        ] GC(89) Humongous regions: 8->8
[2026-04-03T03:21:16.479+0600][21.315s][info][gc,metaspace   ] GC(89) Metaspace: 66744K(67712K)->66744K(67712K) NonClass: 58358K(58880K)->58358K(58880K) Class: 8386K(8832K)->8386K(8832K)
[2026-04-03T03:21:16.479+0600][21.315s][info][gc             ] GC(89) Pause Young (Concurrent Start) (G1 Evacuation Pause) 117M->36M(137M) 2.361ms
[2026-04-03T03:21:16.479+0600][21.315s][info][gc,cpu         ] GC(89) User=0.00s Sys=0.00s Real=0.00s
[2026-04-03T03:21:16.479+0600][21.315s][info][gc             ] GC(90) Concurrent Mark Cycle
[2026-04-03T03:21:16.479+0600][21.315s][info][gc,marking     ] GC(90) Concurrent Scan Root Regions
[2026-04-03T03:21:16.480+0600][21.316s][info][gc,marking     ] GC(90) Concurrent Scan Root Regions 1.002ms
[2026-04-03T03:21:16.480+0600][21.316s][info][gc,marking     ] GC(90) Concurrent Mark
[2026-04-03T03:21:16.480+0600][21.316s][info][gc,marking     ] GC(90) Concurrent Mark From Roots
[2026-04-03T03:21:16.480+0600][21.316s][info][gc,task        ] GC(90) Using 3 workers of 3 for marking
[2026-04-03T03:21:16.501+0600][21.337s][info][gc,marking     ] GC(90) Concurrent Mark From Roots 20.868ms
[2026-04-03T03:21:16.501+0600][21.337s][info][gc,marking     ] GC(90) Concurrent Preclean
[2026-04-03T03:21:16.501+0600][21.337s][info][gc,marking     ] GC(90) Concurrent Preclean 0.145ms
[2026-04-03T03:21:16.501+0600][21.338s][info][gc,start       ] GC(90) Pause Remark
[2026-04-03T03:21:16.507+0600][21.343s][info][gc             ] GC(90) Pause Remark 74M->74M(137M) 5.236ms
[2026-04-03T03:21:16.507+0600][21.343s][info][gc,cpu         ] GC(90) User=0.02s Sys=0.00s Real=0.00s
[2026-04-03T03:21:16.507+0600][21.343s][info][gc,marking     ] GC(90) Concurrent Mark 26.824ms
[2026-04-03T03:21:16.507+0600][21.343s][info][gc,marking     ] GC(90) Concurrent Rebuild Remembered Sets and Scrub Regions
[2026-04-03T03:21:16.516+0600][21.352s][info][gc,marking     ] GC(90) Concurrent Rebuild Remembered Sets and Scrub Regions 8.613ms
[2026-04-03T03:21:16.516+0600][21.352s][info][gc,start       ] GC(90) Pause Cleanup
[2026-04-03T03:21:16.516+0600][21.352s][info][gc             ] GC(90) Pause Cleanup 91M->91M(137M) 0.184ms
[2026-04-03T03:21:16.516+0600][21.352s][info][gc,cpu         ] GC(90) User=0.00s Sys=0.00s Real=0.00s
[2026-04-03T03:21:16.516+0600][21.352s][info][gc,marking     ] GC(90) Concurrent Clear Claimed Marks
[2026-04-03T03:21:16.516+0600][21.352s][info][gc,marking     ] GC(90) Concurrent Clear Claimed Marks 0.157ms
[2026-04-03T03:21:16.516+0600][21.352s][info][gc,marking     ] GC(90) Concurrent Cleanup for Next Mark
[2026-04-03T03:21:16.517+0600][21.353s][info][gc,marking     ] GC(90) Concurrent Cleanup for Next Mark 0.317ms
[2026-04-03T03:21:16.517+0600][21.353s][info][gc             ] GC(90) Concurrent Mark Cycle 37.606ms
[2026-04-03T03:21:16.529+0600][21.365s][info][gc,start       ] GC(91) Pause Young (Prepare Mixed) (G1 Evacuation Pause)
[2026-04-03T03:21:16.529+0600][21.365s][info][gc,task        ] GC(91) Using 3 workers of 10 for evacuation
[2026-04-03T03:21:16.531+0600][21.367s][info][gc,phases      ] GC(91)   Pre Evacuate Collection Set: 0.42ms
[2026-04-03T03:21:16.531+0600][21.367s][info][gc,phases      ] GC(91)   Merge Heap Roots: 0.09ms
[2026-04-03T03:21:16.531+0600][21.367s][info][gc,phases      ] GC(91)   Evacuate Collection Set: 0.74ms
[2026-04-03T03:21:16.531+0600][21.367s][info][gc,phases      ] GC(91)   Post Evacuate Collection Set: 0.67ms
[2026-04-03T03:21:16.531+0600][21.367s][info][gc,phases      ] GC(91)   Other: 0.11ms
[2026-04-03T03:21:16.531+0600][21.367s][info][gc,heap        ] GC(91) Eden regions: 81->0(81)
[2026-04-03T03:21:16.531+0600][21.367s][info][gc,heap        ] GC(91) Survivor regions: 1->1(11)
[2026-04-03T03:21:16.531+0600][21.367s][info][gc,heap        ] GC(91) Old regions: 32->32
[2026-04-03T03:21:16.531+0600][21.367s][info][gc,heap        ] GC(91) Humongous regions: 8->8
[2026-04-03T03:21:16.531+0600][21.367s][info][gc,metaspace   ] GC(91) Metaspace: 66744K(67712K)->66744K(67712K) NonClass: 58358K(58880K)->58358K(58880K) Class: 8386K(8832K)->8386K(8832K)
[2026-04-03T03:21:16.531+0600][21.367s][info][gc             ] GC(91) Pause Young (Prepare Mixed) (G1 Evacuation Pause) 117M->36M(137M) 2.228ms
[2026-04-03T03:21:16.531+0600][21.367s][info][gc,cpu         ] GC(91) User=0.00s Sys=0.01s Real=0.01s
[2026-04-03T03:21:16.565+0600][21.401s][info][gc,start       ] GC(92) Pause Young (Mixed) (G1 Evacuation Pause)
[2026-04-03T03:21:16.565+0600][21.401s][info][gc,task        ] GC(92) Using 3 workers of 10 for evacuation
[2026-04-03T03:21:16.568+0600][21.404s][info][gc,phases      ] GC(92)   Pre Evacuate Collection Set: 0.34ms
[2026-04-03T03:21:16.568+0600][21.404s][info][gc,phases      ] GC(92)   Merge Heap Roots: 0.20ms
[2026-04-03T03:21:16.568+0600][21.404s][info][gc,phases      ] GC(92)   Evacuate Collection Set: 1.22ms
[2026-04-03T03:21:16.568+0600][21.404s][info][gc,phases      ] GC(92)   Post Evacuate Collection Set: 0.86ms
[2026-04-03T03:21:16.568+0600][21.404s][info][gc,phases      ] GC(92)   Other: 0.07ms
[2026-04-03T03:21:16.568+0600][21.404s][info][gc,heap        ] GC(92) Eden regions: 81->0(81)
[2026-04-03T03:21:16.568+0600][21.404s][info][gc,heap        ] GC(92) Survivor regions: 1->1(11)
[2026-04-03T03:21:16.568+0600][21.404s][info][gc,heap        ] GC(92) Old regions: 32->32
[2026-04-03T03:21:16.568+0600][21.404s][info][gc,heap        ] GC(92) Humongous regions: 8->8
[2026-04-03T03:21:16.568+0600][21.404s][info][gc,metaspace   ] GC(92) Metaspace: 66744K(67712K)->66744K(67712K) NonClass: 58358K(58880K)->58358K(58880K) Class: 8386K(8832K)->8386K(8832K)
[2026-04-03T03:21:16.568+0600][21.404s][info][gc             ] GC(92) Pause Young (Mixed) (G1 Evacuation Pause) 117M->36M(137M) 2.889ms
[2026-04-03T03:21:16.568+0600][21.404s][info][gc,cpu         ] GC(92) User=0.00s Sys=0.00s Real=0.00s
[2026-04-03T03:21:16.602+0600][21.439s][info][gc,start       ] GC(93) Pause Young (Concurrent Start) (G1 Evacuation Pause)
[2026-04-03T03:21:16.603+0600][21.439s][info][gc,task        ] GC(93) Using 3 workers of 10 for evacuation
[2026-04-03T03:21:16.606+0600][21.442s][info][gc,phases      ] GC(93)   Pre Evacuate Collection Set: 0.43ms
[2026-04-03T03:21:16.606+0600][21.442s][info][gc,phases      ] GC(93)   Merge Heap Roots: 0.05ms
[2026-04-03T03:21:16.606+0600][21.442s][info][gc,phases      ] GC(93)   Evacuate Collection Set: 0.98ms
[2026-04-03T03:21:16.606+0600][21.442s][info][gc,phases      ] GC(93)   Post Evacuate Collection Set: 1.85ms
[2026-04-03T03:21:16.606+0600][21.442s][info][gc,phases      ] GC(93)   Other: 0.13ms
[2026-04-03T03:21:16.606+0600][21.442s][info][gc,heap        ] GC(93) Eden regions: 81->0(163)
[2026-04-03T03:21:16.606+0600][21.442s][info][gc,heap        ] GC(93) Survivor regions: 1->1(11)
[2026-04-03T03:21:16.606+0600][21.442s][info][gc,heap        ] GC(93) Old regions: 32->32
[2026-04-03T03:21:16.606+0600][21.442s][info][gc,heap        ] GC(93) Humongous regions: 8->8
[2026-04-03T03:21:16.606+0600][21.442s][info][gc,metaspace   ] GC(93) Metaspace: 66744K(67712K)->66744K(67712K) NonClass: 58358K(58880K)->58358K(58880K) Class: 8386K(8832K)->8386K(8832K)
[2026-04-03T03:21:16.606+0600][21.442s][info][gc             ] GC(93) Pause Young (Concurrent Start) (G1 Evacuation Pause) 117M->36M(274M) 3.633ms
[2026-04-03T03:21:16.606+0600][21.442s][info][gc,cpu         ] GC(93) User=0.01s Sys=0.00s Real=0.00s
[2026-04-03T03:21:16.606+0600][21.442s][info][gc             ] GC(94) Concurrent Mark Cycle
[2026-04-03T03:21:16.606+0600][21.442s][info][gc,marking     ] GC(94) Concurrent Scan Root Regions
[2026-04-03T03:21:16.607+0600][21.443s][info][gc,marking     ] GC(94) Concurrent Scan Root Regions 0.674ms
[2026-04-03T03:21:16.607+0600][21.443s][info][gc,marking     ] GC(94) Concurrent Mark
[2026-04-03T03:21:16.607+0600][21.443s][info][gc,marking     ] GC(94) Concurrent Mark From Roots
[2026-04-03T03:21:16.607+0600][21.443s][info][gc,task        ] GC(94) Using 3 workers of 3 for marking
[2026-04-03T03:21:16.625+0600][21.461s][info][gc,marking     ] GC(94) Concurrent Mark From Roots 17.602ms
[2026-04-03T03:21:16.625+0600][21.461s][info][gc,marking     ] GC(94) Concurrent Preclean
[2026-04-03T03:21:16.625+0600][21.461s][info][gc,marking     ] GC(94) Concurrent Preclean 0.121ms
[2026-04-03T03:21:16.625+0600][21.461s][info][gc,start       ] GC(94) Pause Remark
[2026-04-03T03:21:16.631+0600][21.467s][info][gc             ] GC(94) Pause Remark 60M->60M(137M) 5.848ms
[2026-04-03T03:21:16.631+0600][21.467s][info][gc,cpu         ] GC(94) User=0.01s Sys=0.00s Real=0.01s
[2026-04-03T03:21:16.631+0600][21.467s][info][gc,marking     ] GC(94) Concurrent Mark 24.148ms
[2026-04-03T03:21:16.631+0600][21.467s][info][gc,marking     ] GC(94) Concurrent Rebuild Remembered Sets and Scrub Regions
[2026-04-03T03:21:16.639+0600][21.476s][info][gc,marking     ] GC(94) Concurrent Rebuild Remembered Sets and Scrub Regions 8.289ms
[2026-04-03T03:21:16.640+0600][21.476s][info][gc,start       ] GC(94) Pause Cleanup
[2026-04-03T03:21:16.640+0600][21.476s][info][gc             ] GC(94) Pause Cleanup 72M->72M(137M) 0.349ms
[2026-04-03T03:21:16.640+0600][21.476s][info][gc,cpu         ] GC(94) User=0.00s Sys=0.00s Real=0.00s
[2026-04-03T03:21:16.640+0600][21.476s][info][gc,marking     ] GC(94) Concurrent Clear Claimed Marks
[2026-04-03T03:21:16.640+0600][21.477s][info][gc,marking     ] GC(94) Concurrent Clear Claimed Marks 0.155ms
[2026-04-03T03:21:16.640+0600][21.477s][info][gc,marking     ] GC(94) Concurrent Cleanup for Next Mark
[2026-04-03T03:21:16.641+0600][21.477s][info][gc,marking     ] GC(94) Concurrent Cleanup for Next Mark 0.487ms
[2026-04-03T03:21:16.641+0600][21.477s][info][gc             ] GC(94) Concurrent Mark Cycle 34.779ms
[2026-04-03T03:21:16.661+0600][21.497s][info][gc,start       ] GC(95) Pause Young (Prepare Mixed) (G1 Evacuation Pause)
[2026-04-03T03:21:16.661+0600][21.497s][info][gc,task        ] GC(95) Using 3 workers of 10 for evacuation
[2026-04-03T03:21:16.663+0600][21.499s][info][gc,phases      ] GC(95)   Pre Evacuate Collection Set: 0.33ms
[2026-04-03T03:21:16.663+0600][21.499s][info][gc,phases      ] GC(95)   Merge Heap Roots: 0.21ms
[2026-04-03T03:21:16.663+0600][21.499s][info][gc,phases      ] GC(95)   Evacuate Collection Set: 0.75ms
[2026-04-03T03:21:16.663+0600][21.499s][info][gc,phases      ] GC(95)   Post Evacuate Collection Set: 0.86ms
[2026-04-03T03:21:16.663+0600][21.499s][info][gc,phases      ] GC(95)   Other: 0.07ms
[2026-04-03T03:21:16.663+0600][21.499s][info][gc,heap        ] GC(95) Eden regions: 81->0(81)
[2026-04-03T03:21:16.663+0600][21.499s][info][gc,heap        ] GC(95) Survivor regions: 1->1(11)
[2026-04-03T03:21:16.663+0600][21.499s][info][gc,heap        ] GC(95) Old regions: 32->32
[2026-04-03T03:21:16.663+0600][21.499s][info][gc,heap        ] GC(95) Humongous regions: 8->8
[2026-04-03T03:21:16.663+0600][21.499s][info][gc,metaspace   ] GC(95) Metaspace: 66744K(67712K)->66744K(67712K) NonClass: 58358K(58880K)->58358K(58880K) Class: 8386K(8832K)->8386K(8832K)
[2026-04-03T03:21:16.663+0600][21.499s][info][gc             ] GC(95) Pause Young (Prepare Mixed) (G1 Evacuation Pause) 117M->36M(137M) 2.426ms
[2026-04-03T03:21:16.663+0600][21.499s][info][gc,cpu         ] GC(95) User=0.00s Sys=0.00s Real=0.00s
[2026-04-03T03:21:16.698+0600][21.534s][info][gc,start       ] GC(96) Pause Young (Mixed) (G1 Evacuation Pause)
[2026-04-03T03:21:16.698+0600][21.535s][info][gc,task        ] GC(96) Using 3 workers of 10 for evacuation
[2026-04-03T03:21:16.701+0600][21.537s][info][gc,phases      ] GC(96)   Pre Evacuate Collection Set: 0.38ms
[2026-04-03T03:21:16.701+0600][21.537s][info][gc,phases      ] GC(96)   Merge Heap Roots: 0.22ms
[2026-04-03T03:21:16.701+0600][21.537s][info][gc,phases      ] GC(96)   Evacuate Collection Set: 1.14ms
[2026-04-03T03:21:16.701+0600][21.537s][info][gc,phases      ] GC(96)   Post Evacuate Collection Set: 0.62ms
[2026-04-03T03:21:16.701+0600][21.537s][info][gc,phases      ] GC(96)   Other: 0.07ms
[2026-04-03T03:21:16.701+0600][21.537s][info][gc,heap        ] GC(96) Eden regions: 81->0(81)
[2026-04-03T03:21:16.701+0600][21.537s][info][gc,heap        ] GC(96) Survivor regions: 1->1(11)
[2026-04-03T03:21:16.701+0600][21.537s][info][gc,heap        ] GC(96) Old regions: 32->32
[2026-04-03T03:21:16.701+0600][21.537s][info][gc,heap        ] GC(96) Humongous regions: 8->8
[2026-04-03T03:21:16.701+0600][21.537s][info][gc,metaspace   ] GC(96) Metaspace: 66744K(67712K)->66744K(67712K) NonClass: 58358K(58880K)->58358K(58880K) Class: 8386K(8832K)->8386K(8832K)
[2026-04-03T03:21:16.701+0600][21.537s][info][gc             ] GC(96) Pause Young (Mixed) (G1 Evacuation Pause) 117M->36M(137M) 2.637ms
[2026-04-03T03:21:16.701+0600][21.537s][info][gc,cpu         ] GC(96) User=0.00s Sys=0.00s Real=0.01s
[2026-04-03T03:21:16.736+0600][21.573s][info][gc,start       ] GC(97) Pause Young (Concurrent Start) (G1 Evacuation Pause)
[2026-04-03T03:21:16.737+0600][21.573s][info][gc,task        ] GC(97) Using 3 workers of 10 for evacuation
[2026-04-03T03:21:16.739+0600][21.575s][info][gc,phases      ] GC(97)   Pre Evacuate Collection Set: 0.38ms
[2026-04-03T03:21:16.739+0600][21.575s][info][gc,phases      ] GC(97)   Merge Heap Roots: 0.18ms
[2026-04-03T03:21:16.739+0600][21.575s][info][gc,phases      ] GC(97)   Evacuate Collection Set: 1.06ms
[2026-04-03T03:21:16.739+0600][21.575s][info][gc,phases      ] GC(97)   Post Evacuate Collection Set: 0.64ms
[2026-04-03T03:21:16.739+0600][21.575s][info][gc,phases      ] GC(97)   Other: 0.18ms
[2026-04-03T03:21:16.739+0600][21.575s][info][gc,heap        ] GC(97) Eden regions: 81->0(81)
[2026-04-03T03:21:16.739+0600][21.575s][info][gc,heap        ] GC(97) Survivor regions: 1->1(11)
[2026-04-03T03:21:16.739+0600][21.575s][info][gc,heap        ] GC(97) Old regions: 32->32
[2026-04-03T03:21:16.739+0600][21.575s][info][gc,heap        ] GC(97) Humongous regions: 8->8
[2026-04-03T03:21:16.739+0600][21.575s][info][gc,metaspace   ] GC(97) Metaspace: 66744K(67712K)->66744K(67712K) NonClass: 58358K(58880K)->58358K(58880K) Class: 8386K(8832K)->8386K(8832K)
[2026-04-03T03:21:16.739+0600][21.575s][info][gc             ] GC(97) Pause Young (Concurrent Start) (G1 Evacuation Pause) 117M->36M(137M) 2.626ms
[2026-04-03T03:21:16.739+0600][21.575s][info][gc,cpu         ] GC(97) User=0.00s Sys=0.00s Real=0.00s
[2026-04-03T03:21:16.739+0600][21.575s][info][gc             ] GC(98) Concurrent Mark Cycle
[2026-04-03T03:21:16.739+0600][21.575s][info][gc,marking     ] GC(98) Concurrent Scan Root Regions
[2026-04-03T03:21:16.740+0600][21.576s][info][gc,marking     ] GC(98) Concurrent Scan Root Regions 0.943ms
[2026-04-03T03:21:16.740+0600][21.576s][info][gc,marking     ] GC(98) Concurrent Mark
[2026-04-03T03:21:16.740+0600][21.576s][info][gc,marking     ] GC(98) Concurrent Mark From Roots
[2026-04-03T03:21:16.740+0600][21.576s][info][gc,task        ] GC(98) Using 3 workers of 3 for marking
[2026-04-03T03:21:16.759+0600][21.595s][info][gc,marking     ] GC(98) Concurrent Mark From Roots 18.770ms
[2026-04-03T03:21:16.759+0600][21.595s][info][gc,marking     ] GC(98) Concurrent Preclean
[2026-04-03T03:21:16.759+0600][21.595s][info][gc,marking     ] GC(98) Concurrent Preclean 0.110ms
[2026-04-03T03:21:16.759+0600][21.595s][info][gc,start       ] GC(98) Pause Remark
[2026-04-03T03:21:16.764+0600][21.601s][info][gc             ] GC(98) Pause Remark 71M->71M(137M) 5.207ms
[2026-04-03T03:21:16.765+0600][21.601s][info][gc,cpu         ] GC(98) User=0.01s Sys=0.01s Real=0.01s
[2026-04-03T03:21:16.765+0600][21.601s][info][gc,marking     ] GC(98) Concurrent Mark 24.508ms
[2026-04-03T03:21:16.765+0600][21.601s][info][gc,marking     ] GC(98) Concurrent Rebuild Remembered Sets and Scrub Regions
[2026-04-03T03:21:16.774+0600][21.610s][info][gc,marking     ] GC(98) Concurrent Rebuild Remembered Sets and Scrub Regions 9.118ms
[2026-04-03T03:21:16.774+0600][21.610s][info][gc,start       ] GC(98) Pause Cleanup
[2026-04-03T03:21:16.774+0600][21.610s][info][gc             ] GC(98) Pause Cleanup 90M->90M(137M) 0.224ms
[2026-04-03T03:21:16.774+0600][21.610s][info][gc,cpu         ] GC(98) User=0.00s Sys=0.00s Real=0.00s
[2026-04-03T03:21:16.774+0600][21.610s][info][gc,marking     ] GC(98) Concurrent Clear Claimed Marks
[2026-04-03T03:21:16.774+0600][21.611s][info][gc,marking     ] GC(98) Concurrent Clear Claimed Marks 0.127ms
[2026-04-03T03:21:16.774+0600][21.611s][info][gc,marking     ] GC(98) Concurrent Cleanup for Next Mark
[2026-04-03T03:21:16.775+0600][21.611s][info][gc,marking     ] GC(98) Concurrent Cleanup for Next Mark 0.261ms
[2026-04-03T03:21:16.775+0600][21.611s][info][gc             ] GC(98) Concurrent Mark Cycle 35.706ms
[2026-04-03T03:21:16.788+0600][21.624s][info][gc,start       ] GC(99) Pause Young (Prepare Mixed) (G1 Evacuation Pause)
[2026-04-03T03:21:16.788+0600][21.624s][info][gc,task        ] GC(99) Using 3 workers of 10 for evacuation
[2026-04-03T03:21:16.790+0600][21.626s][info][gc,phases      ] GC(99)   Pre Evacuate Collection Set: 0.25ms
[2026-04-03T03:21:16.790+0600][21.626s][info][gc,phases      ] GC(99)   Merge Heap Roots: 0.15ms
[2026-04-03T03:21:16.790+0600][21.626s][info][gc,phases      ] GC(99)   Evacuate Collection Set: 0.70ms
[2026-04-03T03:21:16.790+0600][21.626s][info][gc,phases      ] GC(99)   Post Evacuate Collection Set: 0.61ms
[2026-04-03T03:21:16.790+0600][21.626s][info][gc,phases      ] GC(99)   Other: 0.08ms
[2026-04-03T03:21:16.790+0600][21.626s][info][gc,heap        ] GC(99) Eden regions: 81->0(81)
[2026-04-03T03:21:16.790+0600][21.626s][info][gc,heap        ] GC(99) Survivor regions: 1->1(11)
[2026-04-03T03:21:16.790+0600][21.626s][info][gc,heap        ] GC(99) Old regions: 32->32
[2026-04-03T03:21:16.790+0600][21.626s][info][gc,heap        ] GC(99) Humongous regions: 8->8
[2026-04-03T03:21:16.790+0600][21.626s][info][gc,metaspace   ] GC(99) Metaspace: 66744K(67712K)->66744K(67712K) NonClass: 58358K(58880K)->58358K(58880K) Class: 8386K(8832K)->8386K(8832K)
[2026-04-03T03:21:16.790+0600][21.626s][info][gc             ] GC(99) Pause Young (Prepare Mixed) (G1 Evacuation Pause) 117M->36M(137M) 1.993ms
[2026-04-03T03:21:16.790+0600][21.626s][info][gc,cpu         ] GC(99) User=0.01s Sys=0.00s Real=0.01s
[2026-04-03T03:21:16.824+0600][21.660s][info][gc,start       ] GC(100) Pause Young (Mixed) (G1 Evacuation Pause)
[2026-04-03T03:21:16.824+0600][21.660s][info][gc,task        ] GC(100) Using 3 workers of 10 for evacuation
[2026-04-03T03:21:16.827+0600][21.663s][info][gc,phases      ] GC(100)   Pre Evacuate Collection Set: 0.27ms
[2026-04-03T03:21:16.827+0600][21.663s][info][gc,phases      ] GC(100)   Merge Heap Roots: 0.21ms
[2026-04-03T03:21:16.827+0600][21.663s][info][gc,phases      ] GC(100)   Evacuate Collection Set: 1.03ms
[2026-04-03T03:21:16.827+0600][21.663s][info][gc,phases      ] GC(100)   Post Evacuate Collection Set: 1.24ms
[2026-04-03T03:21:16.827+0600][21.663s][info][gc,phases      ] GC(100)   Other: 0.07ms
[2026-04-03T03:21:16.827+0600][21.663s][info][gc,heap        ] GC(100) Eden regions: 81->0(139)
[2026-04-03T03:21:16.827+0600][21.663s][info][gc,heap        ] GC(100) Survivor regions: 1->1(11)
[2026-04-03T03:21:16.827+0600][21.663s][info][gc,heap        ] GC(100) Old regions: 32->32
[2026-04-03T03:21:16.827+0600][21.663s][info][gc,heap        ] GC(100) Humongous regions: 8->8
[2026-04-03T03:21:16.827+0600][21.663s][info][gc,metaspace   ] GC(100) Metaspace: 66744K(67712K)->66744K(67712K) NonClass: 58358K(58880K)->58358K(58880K) Class: 8386K(8832K)->8386K(8832K)
[2026-04-03T03:21:16.827+0600][21.663s][info][gc             ] GC(100) Pause Young (Mixed) (G1 Evacuation Pause) 117M->36M(234M) 3.001ms
[2026-04-03T03:21:16.827+0600][21.663s][info][gc,cpu         ] GC(100) User=0.00s Sys=0.00s Real=0.00s
[2026-04-03T03:21:16.910+0600][21.747s][info][gc,start       ] GC(101) Pause Young (Concurrent Start) (G1 Evacuation Pause)
[2026-04-03T03:21:16.911+0600][21.747s][info][gc,task        ] GC(101) Using 5 workers of 10 for evacuation
[2026-04-03T03:21:16.913+0600][21.749s][info][gc,phases      ] GC(101)   Pre Evacuate Collection Set: 0.45ms
[2026-04-03T03:21:16.913+0600][21.749s][info][gc,phases      ] GC(101)   Merge Heap Roots: 0.09ms
[2026-04-03T03:21:16.913+0600][21.749s][info][gc,phases      ] GC(101)   Evacuate Collection Set: 1.28ms
[2026-04-03T03:21:16.913+0600][21.749s][info][gc,phases      ] GC(101)   Post Evacuate Collection Set: 0.52ms
[2026-04-03T03:21:16.913+0600][21.749s][info][gc,phases      ] GC(101)   Other: 0.19ms
[2026-04-03T03:21:16.913+0600][21.749s][info][gc,heap        ] GC(101) Eden regions: 139->0(139)
[2026-04-03T03:21:16.913+0600][21.749s][info][gc,heap        ] GC(101) Survivor regions: 1->1(18)
[2026-04-03T03:21:16.913+0600][21.749s][info][gc,heap        ] GC(101) Old regions: 32->32
[2026-04-03T03:21:16.913+0600][21.749s][info][gc,heap        ] GC(101) Humongous regions: 8->8
[2026-04-03T03:21:16.913+0600][21.749s][info][gc,metaspace   ] GC(101) Metaspace: 66744K(67712K)->66744K(67712K) NonClass: 58358K(58880K)->58358K(58880K) Class: 8386K(8832K)->8386K(8832K)
[2026-04-03T03:21:16.913+0600][21.749s][info][gc             ] GC(101) Pause Young (Concurrent Start) (G1 Evacuation Pause) 175M->36M(234M) 2.739ms
[2026-04-03T03:21:16.913+0600][21.749s][info][gc,cpu         ] GC(101) User=0.00s Sys=0.00s Real=0.00s
[2026-04-03T03:21:16.913+0600][21.749s][info][gc             ] GC(102) Concurrent Mark Cycle
[2026-04-03T03:21:16.913+0600][21.749s][info][gc,marking     ] GC(102) Concurrent Scan Root Regions
[2026-04-03T03:21:16.914+0600][21.750s][info][gc,marking     ] GC(102) Concurrent Scan Root Regions 0.927ms
[2026-04-03T03:21:16.914+0600][21.750s][info][gc,marking     ] GC(102) Concurrent Mark
[2026-04-03T03:21:16.914+0600][21.750s][info][gc,marking     ] GC(102) Concurrent Mark From Roots
[2026-04-03T03:21:16.914+0600][21.750s][info][gc,task        ] GC(102) Using 3 workers of 3 for marking
[2026-04-03T03:21:16.934+0600][21.770s][info][gc,marking     ] GC(102) Concurrent Mark From Roots 19.630ms
[2026-04-03T03:21:16.934+0600][21.770s][info][gc,marking     ] GC(102) Concurrent Preclean
[2026-04-03T03:21:16.934+0600][21.770s][info][gc,marking     ] GC(102) Concurrent Preclean 0.117ms
[2026-04-03T03:21:16.934+0600][21.770s][info][gc,start       ] GC(102) Pause Remark
[2026-04-03T03:21:16.938+0600][21.774s][info][gc             ] GC(102) Pause Remark 71M->71M(137M) 3.878ms
[2026-04-03T03:21:16.938+0600][21.774s][info][gc,cpu         ] GC(102) User=0.01s Sys=0.00s Real=0.00s
[2026-04-03T03:21:16.938+0600][21.775s][info][gc,marking     ] GC(102) Concurrent Mark 24.123ms
[2026-04-03T03:21:16.938+0600][21.775s][info][gc,marking     ] GC(102) Concurrent Rebuild Remembered Sets and Scrub Regions
[2026-04-03T03:21:16.948+0600][21.784s][info][gc,marking     ] GC(102) Concurrent Rebuild Remembered Sets and Scrub Regions 9.525ms
[2026-04-03T03:21:16.948+0600][21.784s][info][gc,start       ] GC(102) Pause Cleanup
[2026-04-03T03:21:16.948+0600][21.785s][info][gc             ] GC(102) Pause Cleanup 89M->89M(137M) 0.201ms
[2026-04-03T03:21:16.948+0600][21.785s][info][gc,cpu         ] GC(102) User=0.00s Sys=0.00s Real=0.00s
[2026-04-03T03:21:16.949+0600][21.785s][info][gc,marking     ] GC(102) Concurrent Clear Claimed Marks
[2026-04-03T03:21:16.949+0600][21.785s][info][gc,marking     ] GC(102) Concurrent Clear Claimed Marks 0.193ms
[2026-04-03T03:21:16.949+0600][21.785s][info][gc,marking     ] GC(102) Concurrent Cleanup for Next Mark
[2026-04-03T03:21:16.949+0600][21.785s][info][gc,marking     ] GC(102) Concurrent Cleanup for Next Mark 0.431ms
[2026-04-03T03:21:16.949+0600][21.785s][info][gc             ] GC(102) Concurrent Mark Cycle 35.956ms
[2026-04-03T03:21:16.964+0600][21.800s][info][gc,start       ] GC(103) Pause Young (Prepare Mixed) (G1 Evacuation Pause)
[2026-04-03T03:21:16.964+0600][21.800s][info][gc,task        ] GC(103) Using 4 workers of 10 for evacuation
[2026-04-03T03:21:16.965+0600][21.802s][info][gc,phases      ] GC(103)   Pre Evacuate Collection Set: 0.43ms
[2026-04-03T03:21:16.965+0600][21.802s][info][gc,phases      ] GC(103)   Merge Heap Roots: 0.10ms
[2026-04-03T03:21:16.966+0600][21.802s][info][gc,phases      ] GC(103)   Evacuate Collection Set: 0.54ms
[2026-04-03T03:21:16.966+0600][21.802s][info][gc,phases      ] GC(103)   Post Evacuate Collection Set: 0.51ms
[2026-04-03T03:21:16.966+0600][21.802s][info][gc,phases      ] GC(103)   Other: 0.07ms
[2026-04-03T03:21:16.966+0600][21.802s][info][gc,heap        ] GC(103) Eden regions: 84->0(81)
[2026-04-03T03:21:16.966+0600][21.802s][info][gc,heap        ] GC(103) Survivor regions: 1->1(11)
[2026-04-03T03:21:16.966+0600][21.802s][info][gc,heap        ] GC(103) Old regions: 32->32
[2026-04-03T03:21:16.966+0600][21.802s][info][gc,heap        ] GC(103) Humongous regions: 8->8
[2026-04-03T03:21:16.966+0600][21.802s][info][gc,metaspace   ] GC(103) Metaspace: 66744K(67712K)->66744K(67712K) NonClass: 58358K(58880K)->58358K(58880K) Class: 8386K(8832K)->8386K(8832K)
[2026-04-03T03:21:16.966+0600][21.802s][info][gc             ] GC(103) Pause Young (Prepare Mixed) (G1 Evacuation Pause) 120M->36M(137M) 1.839ms
[2026-04-03T03:21:16.966+0600][21.802s][info][gc,cpu         ] GC(103) User=0.01s Sys=0.00s Real=0.00s
[2026-04-03T03:21:17.000+0600][21.836s][info][gc,start       ] GC(104) Pause Young (Mixed) (G1 Evacuation Pause)
[2026-04-03T03:21:17.000+0600][21.836s][info][gc,task        ] GC(104) Using 3 workers of 10 for evacuation
[2026-04-03T03:21:17.002+0600][21.838s][info][gc,phases      ] GC(104)   Pre Evacuate Collection Set: 0.22ms
[2026-04-03T03:21:17.002+0600][21.838s][info][gc,phases      ] GC(104)   Merge Heap Roots: 0.16ms
[2026-04-03T03:21:17.002+0600][21.838s][info][gc,phases      ] GC(104)   Evacuate Collection Set: 1.10ms
[2026-04-03T03:21:17.002+0600][21.838s][info][gc,phases      ] GC(104)   Post Evacuate Collection Set: 0.46ms
[2026-04-03T03:21:17.002+0600][21.838s][info][gc,phases      ] GC(104)   Other: 0.09ms
[2026-04-03T03:21:17.002+0600][21.838s][info][gc,heap        ] GC(104) Eden regions: 81->0(81)
[2026-04-03T03:21:17.002+0600][21.838s][info][gc,heap        ] GC(104) Survivor regions: 1->1(11)
[2026-04-03T03:21:17.002+0600][21.838s][info][gc,heap        ] GC(104) Old regions: 32->32
[2026-04-03T03:21:17.002+0600][21.838s][info][gc,heap        ] GC(104) Humongous regions: 8->8
[2026-04-03T03:21:17.002+0600][21.838s][info][gc,metaspace   ] GC(104) Metaspace: 66744K(67712K)->66744K(67712K) NonClass: 58358K(58880K)->58358K(58880K) Class: 8386K(8832K)->8386K(8832K)
[2026-04-03T03:21:17.002+0600][21.838s][info][gc             ] GC(104) Pause Young (Mixed) (G1 Evacuation Pause) 117M->36M(137M) 2.210ms
[2026-04-03T03:21:17.002+0600][21.838s][info][gc,cpu         ] GC(104) User=0.00s Sys=0.00s Real=0.00s
[2026-04-03T03:21:17.037+0600][21.873s][info][gc,start       ] GC(105) Pause Young (Concurrent Start) (G1 Evacuation Pause)
[2026-04-03T03:21:17.037+0600][21.873s][info][gc,task        ] GC(105) Using 3 workers of 10 for evacuation
[2026-04-03T03:21:17.039+0600][21.875s][info][gc,phases      ] GC(105)   Pre Evacuate Collection Set: 0.34ms
[2026-04-03T03:21:17.039+0600][21.875s][info][gc,phases      ] GC(105)   Merge Heap Roots: 0.19ms
[2026-04-03T03:21:17.039+0600][21.875s][info][gc,phases      ] GC(105)   Evacuate Collection Set: 1.02ms
[2026-04-03T03:21:17.039+0600][21.875s][info][gc,phases      ] GC(105)   Post Evacuate Collection Set: 0.86ms
[2026-04-03T03:21:17.039+0600][21.876s][info][gc,phases      ] GC(105)   Other: 0.31ms
[2026-04-03T03:21:17.039+0600][21.876s][info][gc,heap        ] GC(105) Eden regions: 81->0(81)
[2026-04-03T03:21:17.039+0600][21.876s][info][gc,heap        ] GC(105) Survivor regions: 1->1(11)
[2026-04-03T03:21:17.039+0600][21.876s][info][gc,heap        ] GC(105) Old regions: 32->32
[2026-04-03T03:21:17.039+0600][21.876s][info][gc,heap        ] GC(105) Humongous regions: 8->8
[2026-04-03T03:21:17.039+0600][21.876s][info][gc,metaspace   ] GC(105) Metaspace: 66744K(67712K)->66744K(67712K) NonClass: 58358K(58880K)->58358K(58880K) Class: 8386K(8832K)->8386K(8832K)
[2026-04-03T03:21:17.039+0600][21.876s][info][gc             ] GC(105) Pause Young (Concurrent Start) (G1 Evacuation Pause) 117M->36M(137M) 2.891ms
[2026-04-03T03:21:17.039+0600][21.876s][info][gc,cpu         ] GC(105) User=0.00s Sys=0.00s Real=0.00s
[2026-04-03T03:21:17.040+0600][21.876s][info][gc             ] GC(106) Concurrent Mark Cycle
[2026-04-03T03:21:17.040+0600][21.876s][info][gc,marking     ] GC(106) Concurrent Scan Root Regions
[2026-04-03T03:21:17.040+0600][21.877s][info][gc,marking     ] GC(106) Concurrent Scan Root Regions 0.769ms
[2026-04-03T03:21:17.041+0600][21.877s][info][gc,marking     ] GC(106) Concurrent Mark
[2026-04-03T03:21:17.041+0600][21.877s][info][gc,marking     ] GC(106) Concurrent Mark From Roots
[2026-04-03T03:21:17.041+0600][21.877s][info][gc,task        ] GC(106) Using 3 workers of 3 for marking
[2026-04-03T03:21:17.061+0600][21.897s][info][gc,marking     ] GC(106) Concurrent Mark From Roots 20.399ms
[2026-04-03T03:21:17.061+0600][21.897s][info][gc,marking     ] GC(106) Concurrent Preclean
[2026-04-03T03:21:17.061+0600][21.897s][info][gc,marking     ] GC(106) Concurrent Preclean 0.126ms
[2026-04-03T03:21:17.061+0600][21.897s][info][gc,start       ] GC(106) Pause Remark
[2026-04-03T03:21:17.067+0600][21.903s][info][gc             ] GC(106) Pause Remark 73M->73M(137M) 5.492ms
[2026-04-03T03:21:17.067+0600][21.903s][info][gc,cpu         ] GC(106) User=0.02s Sys=0.00s Real=0.00s
[2026-04-03T03:21:17.067+0600][21.903s][info][gc,marking     ] GC(106) Concurrent Mark 26.576ms
[2026-04-03T03:21:17.067+0600][21.903s][info][gc,marking     ] GC(106) Concurrent Rebuild Remembered Sets and Scrub Regions
[2026-04-03T03:21:17.076+0600][21.912s][info][gc,marking     ] GC(106) Concurrent Rebuild Remembered Sets and Scrub Regions 8.709ms
[2026-04-03T03:21:17.076+0600][21.912s][info][gc,start       ] GC(106) Pause Cleanup
[2026-04-03T03:21:17.076+0600][21.912s][info][gc             ] GC(106) Pause Cleanup 91M->91M(137M) 0.179ms
[2026-04-03T03:21:17.076+0600][21.912s][info][gc,cpu         ] GC(106) User=0.00s Sys=0.00s Real=0.00s
[2026-04-03T03:21:17.077+0600][21.913s][info][gc,marking     ] GC(106) Concurrent Clear Claimed Marks
[2026-04-03T03:21:17.077+0600][21.913s][info][gc,marking     ] GC(106) Concurrent Clear Claimed Marks 0.202ms
[2026-04-03T03:21:17.077+0600][21.913s][info][gc,marking     ] GC(106) Concurrent Cleanup for Next Mark
[2026-04-03T03:21:17.077+0600][21.913s][info][gc,marking     ] GC(106) Concurrent Cleanup for Next Mark 0.372ms
[2026-04-03T03:21:17.077+0600][21.913s][info][gc             ] GC(106) Concurrent Mark Cycle 37.577ms
[2026-04-03T03:21:17.089+0600][21.925s][info][gc,start       ] GC(107) Pause Young (Prepare Mixed) (G1 Evacuation Pause)
[2026-04-03T03:21:17.089+0600][21.925s][info][gc,task        ] GC(107) Using 3 workers of 10 for evacuation
[2026-04-03T03:21:17.091+0600][21.927s][info][gc,phases      ] GC(107)   Pre Evacuate Collection Set: 0.37ms
[2026-04-03T03:21:17.091+0600][21.927s][info][gc,phases      ] GC(107)   Merge Heap Roots: 0.11ms
[2026-04-03T03:21:17.091+0600][21.927s][info][gc,phases      ] GC(107)   Evacuate Collection Set: 0.55ms
[2026-04-03T03:21:17.091+0600][21.927s][info][gc,phases      ] GC(107)   Post Evacuate Collection Set: 0.41ms
[2026-04-03T03:21:17.091+0600][21.927s][info][gc,phases      ] GC(107)   Other: 0.07ms
[2026-04-03T03:21:17.091+0600][21.927s][info][gc,heap        ] GC(107) Eden regions: 81->0(81)
[2026-04-03T03:21:17.091+0600][21.927s][info][gc,heap        ] GC(107) Survivor regions: 1->1(11)
[2026-04-03T03:21:17.091+0600][21.927s][info][gc,heap        ] GC(107) Old regions: 32->32
[2026-04-03T03:21:17.091+0600][21.927s][info][gc,heap        ] GC(107) Humongous regions: 8->8
[2026-04-03T03:21:17.091+0600][21.927s][info][gc,metaspace   ] GC(107) Metaspace: 66744K(67712K)->66744K(67712K) NonClass: 58358K(58880K)->58358K(58880K) Class: 8386K(8832K)->8386K(8832K)
[2026-04-03T03:21:17.091+0600][21.927s][info][gc             ] GC(107) Pause Young (Prepare Mixed) (G1 Evacuation Pause) 117M->36M(137M) 1.730ms
[2026-04-03T03:21:17.091+0600][21.927s][info][gc,cpu         ] GC(107) User=0.00s Sys=0.00s Real=0.01s
[2026-04-03T03:21:17.125+0600][21.962s][info][gc,start       ] GC(108) Pause Young (Mixed) (G1 Evacuation Pause)
[2026-04-03T03:21:17.126+0600][21.962s][info][gc,task        ] GC(108) Using 3 workers of 10 for evacuation
[2026-04-03T03:21:17.128+0600][21.964s][info][gc,phases      ] GC(108)   Pre Evacuate Collection Set: 0.31ms
[2026-04-03T03:21:17.128+0600][21.964s][info][gc,phases      ] GC(108)   Merge Heap Roots: 0.20ms
[2026-04-03T03:21:17.128+0600][21.964s][info][gc,phases      ] GC(108)   Evacuate Collection Set: 1.04ms
[2026-04-03T03:21:17.128+0600][21.964s][info][gc,phases      ] GC(108)   Post Evacuate Collection Set: 1.03ms
[2026-04-03T03:21:17.128+0600][21.964s][info][gc,phases      ] GC(108)   Other: 0.07ms
[2026-04-03T03:21:17.128+0600][21.964s][info][gc,heap        ] GC(108) Eden regions: 81->0(146)
[2026-04-03T03:21:17.128+0600][21.964s][info][gc,heap        ] GC(108) Survivor regions: 1->1(11)
[2026-04-03T03:21:17.128+0600][21.964s][info][gc,heap        ] GC(108) Old regions: 32->32
[2026-04-03T03:21:17.128+0600][21.964s][info][gc,heap        ] GC(108) Humongous regions: 8->8
[2026-04-03T03:21:17.128+0600][21.964s][info][gc,metaspace   ] GC(108) Metaspace: 66744K(67712K)->66744K(67712K) NonClass: 58358K(58880K)->58358K(58880K) Class: 8386K(8832K)->8386K(8832K)
[2026-04-03T03:21:17.128+0600][21.964s][info][gc             ] GC(108) Pause Young (Mixed) (G1 Evacuation Pause) 117M->36M(245M) 2.839ms
[2026-04-03T03:21:17.128+0600][21.964s][info][gc,cpu         ] GC(108) User=0.01s Sys=0.00s Real=0.00s
[2026-04-03T03:21:17.242+0600][22.078s][info][gc,start       ] GC(109) Pause Young (Normal) (G1 Evacuation Pause)
[2026-04-03T03:21:17.242+0600][22.078s][info][gc,task        ] GC(109) Using 5 workers of 10 for evacuation
[2026-04-03T03:21:17.243+0600][22.079s][info][gc,phases      ] GC(109)   Pre Evacuate Collection Set: 0.15ms
[2026-04-03T03:21:17.243+0600][22.079s][info][gc,phases      ] GC(109)   Merge Heap Roots: 0.07ms
[2026-04-03T03:21:17.243+0600][22.080s][info][gc,phases      ] GC(109)   Evacuate Collection Set: 0.79ms
[2026-04-03T03:21:17.243+0600][22.080s][info][gc,phases      ] GC(109)   Post Evacuate Collection Set: 0.45ms
[2026-04-03T03:21:17.243+0600][22.080s][info][gc,phases      ] GC(109)   Other: 0.07ms
[2026-04-03T03:21:17.243+0600][22.080s][info][gc,heap        ] GC(109) Eden regions: 146->0(146)
[2026-04-03T03:21:17.243+0600][22.080s][info][gc,heap        ] GC(109) Survivor regions: 1->1(19)
[2026-04-03T03:21:17.243+0600][22.080s][info][gc,heap        ] GC(109) Old regions: 32->32
[2026-04-03T03:21:17.243+0600][22.080s][info][gc,heap        ] GC(109) Humongous regions: 10->8
[2026-04-03T03:21:17.243+0600][22.080s][info][gc,metaspace   ] GC(109) Metaspace: 67141K(67968K)->67141K(67968K) NonClass: 58667K(59136K)->58667K(59136K) Class: 8474K(8832K)->8474K(8832K)
[2026-04-03T03:21:17.243+0600][22.080s][info][gc             ] GC(109) Pause Young (Normal) (G1 Evacuation Pause) 184M->36M(245M) 1.732ms
[2026-04-03T03:21:17.243+0600][22.080s][info][gc,cpu         ] GC(109) User=0.00s Sys=0.00s Real=0.00s
[2026-04-03T03:21:17.345+0600][22.181s][info][gc,start       ] GC(110) Pause Young (Normal) (G1 Evacuation Pause)
[2026-04-03T03:21:17.345+0600][22.181s][info][gc,task        ] GC(110) Using 5 workers of 10 for evacuation
[2026-04-03T03:21:17.347+0600][22.183s][info][gc,phases      ] GC(110)   Pre Evacuate Collection Set: 0.25ms
[2026-04-03T03:21:17.347+0600][22.183s][info][gc,phases      ] GC(110)   Merge Heap Roots: 0.13ms
[2026-04-03T03:21:17.347+0600][22.183s][info][gc,phases      ] GC(110)   Evacuate Collection Set: 0.68ms
[2026-04-03T03:21:17.347+0600][22.183s][info][gc,phases      ] GC(110)   Post Evacuate Collection Set: 0.38ms
[2026-04-03T03:21:17.347+0600][22.183s][info][gc,phases      ] GC(110)   Other: 0.08ms
[2026-04-03T03:21:17.347+0600][22.183s][info][gc,heap        ] GC(110) Eden regions: 146->0(146)
[2026-04-03T03:21:17.347+0600][22.183s][info][gc,heap        ] GC(110) Survivor regions: 1->1(19)
[2026-04-03T03:21:17.347+0600][22.183s][info][gc,heap        ] GC(110) Old regions: 32->32
[2026-04-03T03:21:17.347+0600][22.183s][info][gc,heap        ] GC(110) Humongous regions: 8->8
[2026-04-03T03:21:17.347+0600][22.183s][info][gc,metaspace   ] GC(110) Metaspace: 67367K(68224K)->67367K(68224K) NonClass: 58848K(59328K)->58848K(59328K) Class: 8518K(8896K)->8518K(8896K)
[2026-04-03T03:21:17.347+0600][22.183s][info][gc             ] GC(110) Pause Young (Normal) (G1 Evacuation Pause) 182M->37M(245M) 1.696ms
[2026-04-03T03:21:17.347+0600][22.183s][info][gc,cpu         ] GC(110) User=0.00s Sys=0.00s Real=0.00s
[2026-04-03T03:21:17.368+0600][22.204s][info][gc,start       ] GC(111) Pause Young (Concurrent Start) (G1 Humongous Allocation)
[2026-04-03T03:21:17.368+0600][22.204s][info][gc,task        ] GC(111) Using 5 workers of 10 for evacuation
[2026-04-03T03:21:17.370+0600][22.206s][info][gc,phases      ] GC(111)   Pre Evacuate Collection Set: 0.24ms
[2026-04-03T03:21:17.370+0600][22.206s][info][gc,phases      ] GC(111)   Merge Heap Roots: 0.14ms
[2026-04-03T03:21:17.370+0600][22.206s][info][gc,phases      ] GC(111)   Evacuate Collection Set: 1.23ms
[2026-04-03T03:21:17.370+0600][22.206s][info][gc,phases      ] GC(111)   Post Evacuate Collection Set: 0.47ms
[2026-04-03T03:21:17.370+0600][22.206s][info][gc,phases      ] GC(111)   Other: 0.25ms
[2026-04-03T03:21:17.370+0600][22.206s][info][gc,heap        ] GC(111) Eden regions: 18->0(146)
[2026-04-03T03:21:17.370+0600][22.206s][info][gc,heap        ] GC(111) Survivor regions: 1->1(19)
[2026-04-03T03:21:17.370+0600][22.206s][info][gc,heap        ] GC(111) Old regions: 32->32
[2026-04-03T03:21:17.370+0600][22.206s][info][gc,heap        ] GC(111) Humongous regions: 8->8
[2026-04-03T03:21:17.370+0600][22.206s][info][gc,metaspace   ] GC(111) Metaspace: 67367K(68224K)->67367K(68224K) NonClass: 58848K(59328K)->58848K(59328K) Class: 8518K(8896K)->8518K(8896K)
[2026-04-03T03:21:17.370+0600][22.206s][info][gc             ] GC(111) Pause Young (Concurrent Start) (G1 Humongous Allocation) 54M->37M(245M) 2.561ms
[2026-04-03T03:21:17.370+0600][22.206s][info][gc,cpu         ] GC(111) User=0.01s Sys=0.00s Real=0.01s
[2026-04-03T03:21:17.370+0600][22.206s][info][gc             ] GC(112) Concurrent Mark Cycle
[2026-04-03T03:21:17.370+0600][22.206s][info][gc,marking     ] GC(112) Concurrent Scan Root Regions
[2026-04-03T03:21:17.372+0600][22.208s][info][gc,marking     ] GC(112) Concurrent Scan Root Regions 1.313ms
[2026-04-03T03:21:17.372+0600][22.208s][info][gc,marking     ] GC(112) Concurrent Mark
[2026-04-03T03:21:17.372+0600][22.208s][info][gc,marking     ] GC(112) Concurrent Mark From Roots
[2026-04-03T03:21:17.372+0600][22.208s][info][gc,task        ] GC(112) Using 3 workers of 3 for marking
[2026-04-03T03:21:17.392+0600][22.228s][info][gc,marking     ] GC(112) Concurrent Mark From Roots 20.242ms
[2026-04-03T03:21:17.392+0600][22.228s][info][gc,marking     ] GC(112) Concurrent Preclean
[2026-04-03T03:21:17.392+0600][22.228s][info][gc,marking     ] GC(112) Concurrent Preclean 0.164ms
[2026-04-03T03:21:17.392+0600][22.229s][info][gc,start       ] GC(112) Pause Remark
[2026-04-03T03:21:17.397+0600][22.233s][info][gc             ] GC(112) Pause Remark 48M->48M(144M) 4.202ms
[2026-04-03T03:21:17.397+0600][22.233s][info][gc,cpu         ] GC(112) User=0.02s Sys=0.01s Real=0.00s
[2026-04-03T03:21:17.397+0600][22.233s][info][gc,marking     ] GC(112) Concurrent Mark 25.169ms
[2026-04-03T03:21:17.397+0600][22.233s][info][gc,marking     ] GC(112) Concurrent Rebuild Remembered Sets and Scrub Regions
[2026-04-03T03:21:17.406+0600][22.242s][info][gc,marking     ] GC(112) Concurrent Rebuild Remembered Sets and Scrub Regions 9.213ms
[2026-04-03T03:21:17.406+0600][22.243s][info][gc,start       ] GC(112) Pause Cleanup
[2026-04-03T03:21:17.407+0600][22.243s][info][gc             ] GC(112) Pause Cleanup 48M->48M(144M) 0.382ms
[2026-04-03T03:21:17.407+0600][22.243s][info][gc,cpu         ] GC(112) User=0.01s Sys=0.00s Real=0.00s
[2026-04-03T03:21:17.407+0600][22.243s][info][gc,marking     ] GC(112) Concurrent Clear Claimed Marks
[2026-04-03T03:21:17.407+0600][22.243s][info][gc,marking     ] GC(112) Concurrent Clear Claimed Marks 0.185ms
[2026-04-03T03:21:17.407+0600][22.243s][info][gc,marking     ] GC(112) Concurrent Cleanup for Next Mark
[2026-04-03T03:21:17.408+0600][22.244s][info][gc,marking     ] GC(112) Concurrent Cleanup for Next Mark 0.563ms
[2026-04-03T03:21:17.408+0600][22.244s][info][gc             ] GC(112) Concurrent Mark Cycle 37.552ms
[2026-04-03T03:21:18.185+0600][23.021s][info][gc,start       ] GC(113) Pause Young (Prepare Mixed) (G1 Evacuation Pause)
[2026-04-03T03:21:18.185+0600][23.021s][info][gc,task        ] GC(113) Using 4 workers of 10 for evacuation
[2026-04-03T03:21:18.191+0600][23.027s][info][gc,phases      ] GC(113)   Pre Evacuate Collection Set: 0.30ms
[2026-04-03T03:21:18.191+0600][23.027s][info][gc,phases      ] GC(113)   Merge Heap Roots: 0.13ms
[2026-04-03T03:21:18.191+0600][23.027s][info][gc,phases      ] GC(113)   Evacuate Collection Set: 4.32ms
[2026-04-03T03:21:18.191+0600][23.027s][info][gc,phases      ] GC(113)   Post Evacuate Collection Set: 1.07ms
[2026-04-03T03:21:18.191+0600][23.027s][info][gc,phases      ] GC(113)   Other: 0.15ms
[2026-04-03T03:21:18.191+0600][23.027s][info][gc,heap        ] GC(113) Eden regions: 85->0(80)
[2026-04-03T03:21:18.191+0600][23.027s][info][gc,heap        ] GC(113) Survivor regions: 1->6(11)
[2026-04-03T03:21:18.191+0600][23.027s][info][gc,heap        ] GC(113) Old regions: 32->32
[2026-04-03T03:21:18.191+0600][23.027s][info][gc,heap        ] GC(113) Humongous regions: 17->8
[2026-04-03T03:21:18.191+0600][23.027s][info][gc,metaspace   ] GC(113) Metaspace: 68962K(69824K)->68962K(69824K) NonClass: 60172K(60672K)->60172K(60672K) Class: 8789K(9152K)->8789K(9152K)
[2026-04-03T03:21:18.191+0600][23.027s][info][gc             ] GC(113) Pause Young (Prepare Mixed) (G1 Evacuation Pause) 131M->42M(144M) 6.301ms
[2026-04-03T03:21:18.191+0600][23.027s][info][gc,cpu         ] GC(113) User=0.03s Sys=0.00s Real=0.01s
[2026-04-03T03:21:18.305+0600][23.141s][info][gc,start       ] GC(114) Pause Young (Mixed) (G1 Evacuation Pause)
[2026-04-03T03:21:18.305+0600][23.141s][info][gc,task        ] GC(114) Using 3 workers of 10 for evacuation
[2026-04-03T03:21:18.319+0600][23.155s][info][gc,phases      ] GC(114)   Pre Evacuate Collection Set: 0.32ms
[2026-04-03T03:21:18.319+0600][23.155s][info][gc,phases      ] GC(114)   Merge Heap Roots: 0.28ms
[2026-04-03T03:21:18.319+0600][23.155s][info][gc,phases      ] GC(114)   Evacuate Collection Set: 11.96ms
[2026-04-03T03:21:18.319+0600][23.155s][info][gc,phases      ] GC(114)   Post Evacuate Collection Set: 0.88ms
[2026-04-03T03:21:18.319+0600][23.155s][info][gc,phases      ] GC(114)   Other: 0.09ms
[2026-04-03T03:21:18.319+0600][23.155s][info][gc,heap        ] GC(114) Eden regions: 80->0(74)
[2026-04-03T03:21:18.319+0600][23.155s][info][gc,heap        ] GC(114) Survivor regions: 6->11(11)
[2026-04-03T03:21:18.319+0600][23.155s][info][gc,heap        ] GC(114) Old regions: 32->35
[2026-04-03T03:21:18.319+0600][23.155s][info][gc,heap        ] GC(114) Humongous regions: 11->11
[2026-04-03T03:21:18.319+0600][23.155s][info][gc,metaspace   ] GC(114) Metaspace: 68981K(69888K)->68981K(69888K) NonClass: 60187K(60672K)->60187K(60672K) Class: 8794K(9216K)->8794K(9216K)
[2026-04-03T03:21:18.319+0600][23.155s][info][gc             ] GC(114) Pause Young (Mixed) (G1 Evacuation Pause) 125M->54M(145M) 13.837ms
[2026-04-03T03:21:18.319+0600][23.155s][info][gc,cpu         ] GC(114) User=0.04s Sys=0.00s Real=0.01s
[2026-04-03T03:21:18.403+0600][23.239s][info][gc,start       ] GC(115) Pause Young (Concurrent Start) (G1 Humongous Allocation)
[2026-04-03T03:21:18.403+0600][23.239s][info][gc,task        ] GC(115) Using 3 workers of 10 for evacuation
[2026-04-03T03:21:18.417+0600][23.253s][info][gc,phases      ] GC(115)   Pre Evacuate Collection Set: 0.38ms
[2026-04-03T03:21:18.417+0600][23.254s][info][gc,phases      ] GC(115)   Merge Heap Roots: 0.15ms
[2026-04-03T03:21:18.417+0600][23.254s][info][gc,phases      ] GC(115)   Evacuate Collection Set: 12.77ms
[2026-04-03T03:21:18.417+0600][23.254s][info][gc,phases      ] GC(115)   Post Evacuate Collection Set: 0.80ms
[2026-04-03T03:21:18.417+0600][23.254s][info][gc,phases      ] GC(115)   Other: 0.21ms
[2026-04-03T03:21:18.417+0600][23.254s][info][gc,heap        ] GC(115) Eden regions: 31->0(64)
[2026-04-03T03:21:18.417+0600][23.254s][info][gc,heap        ] GC(115) Survivor regions: 11->6(11)
[2026-04-03T03:21:18.417+0600][23.254s][info][gc,heap        ] GC(115) Old regions: 35->47
[2026-04-03T03:21:18.417+0600][23.254s][info][gc,heap        ] GC(115) Humongous regions: 11->11
[2026-04-03T03:21:18.417+0600][23.254s][info][gc,metaspace   ] GC(115) Metaspace: 68981K(69888K)->68981K(69888K) NonClass: 60187K(60672K)->60187K(60672K) Class: 8794K(9216K)->8794K(9216K)
[2026-04-03T03:21:18.418+0600][23.254s][info][gc             ] GC(115) Pause Young (Concurrent Start) (G1 Humongous Allocation) 85M->61M(145M) 14.573ms
[2026-04-03T03:21:18.418+0600][23.254s][info][gc,cpu         ] GC(115) User=0.04s Sys=0.00s Real=0.01s
[2026-04-03T03:21:18.418+0600][23.254s][info][gc             ] GC(116) Concurrent Mark Cycle
[2026-04-03T03:21:18.418+0600][23.254s][info][gc,marking     ] GC(116) Concurrent Scan Root Regions
[2026-04-03T03:21:18.421+0600][23.257s][info][gc,marking     ] GC(116) Concurrent Scan Root Regions 3.660ms
[2026-04-03T03:21:18.421+0600][23.257s][info][gc,marking     ] GC(116) Concurrent Mark
[2026-04-03T03:21:18.421+0600][23.257s][info][gc,marking     ] GC(116) Concurrent Mark From Roots
[2026-04-03T03:21:18.421+0600][23.258s][info][gc,task        ] GC(116) Using 3 workers of 3 for marking
[2026-04-03T03:21:18.443+0600][23.279s][info][gc,marking     ] GC(116) Concurrent Mark From Roots 21.691ms
[2026-04-03T03:21:18.443+0600][23.279s][info][gc,marking     ] GC(116) Concurrent Preclean
[2026-04-03T03:21:18.443+0600][23.279s][info][gc,marking     ] GC(116) Concurrent Preclean 0.106ms
[2026-04-03T03:21:18.443+0600][23.280s][info][gc,start       ] GC(116) Pause Remark
[2026-04-03T03:21:18.451+0600][23.287s][info][gc             ] GC(116) Pause Remark 76M->76M(145M) 7.398ms
[2026-04-03T03:21:18.451+0600][23.287s][info][gc,cpu         ] GC(116) User=0.02s Sys=0.00s Real=0.01s
[2026-04-03T03:21:18.451+0600][23.287s][info][gc,marking     ] GC(116) Concurrent Mark 29.729ms
[2026-04-03T03:21:18.451+0600][23.287s][info][gc,marking     ] GC(116) Concurrent Rebuild Remembered Sets and Scrub Regions
[2026-04-03T03:21:18.471+0600][23.307s][info][gc,marking     ] GC(116) Concurrent Rebuild Remembered Sets and Scrub Regions 19.540ms
[2026-04-03T03:21:18.471+0600][23.307s][info][gc,start       ] GC(116) Pause Cleanup
[2026-04-03T03:21:18.471+0600][23.307s][info][gc             ] GC(116) Pause Cleanup 85M->85M(145M) 0.361ms
[2026-04-03T03:21:18.471+0600][23.307s][info][gc,cpu         ] GC(116) User=0.01s Sys=0.00s Real=0.00s
[2026-04-03T03:21:18.471+0600][23.308s][info][gc,marking     ] GC(116) Concurrent Clear Claimed Marks
[2026-04-03T03:21:18.472+0600][23.308s][info][gc,marking     ] GC(116) Concurrent Clear Claimed Marks 0.191ms
[2026-04-03T03:21:18.472+0600][23.308s][info][gc,marking     ] GC(116) Concurrent Cleanup for Next Mark
[2026-04-03T03:21:18.472+0600][23.308s][info][gc,marking     ] GC(116) Concurrent Cleanup for Next Mark 0.299ms
[2026-04-03T03:21:18.472+0600][23.308s][info][gc             ] GC(116) Concurrent Mark Cycle 54.371ms
[2026-04-03T03:21:18.587+0600][23.423s][info][gc,start       ] GC(117) Pause Young (Prepare Mixed) (G1 Evacuation Pause)
[2026-04-03T03:21:18.587+0600][23.423s][info][gc,task        ] GC(117) Using 3 workers of 10 for evacuation
[2026-04-03T03:21:18.611+0600][23.447s][info][gc,phases      ] GC(117)   Pre Evacuate Collection Set: 0.41ms
[2026-04-03T03:21:18.611+0600][23.447s][info][gc,phases      ] GC(117)   Merge Heap Roots: 0.45ms
[2026-04-03T03:21:18.611+0600][23.447s][info][gc,phases      ] GC(117)   Evacuate Collection Set: 22.41ms
[2026-04-03T03:21:18.611+0600][23.447s][info][gc,phases      ] GC(117)   Post Evacuate Collection Set: 0.44ms
[2026-04-03T03:21:18.611+0600][23.447s][info][gc,phases      ] GC(117)   Other: 0.21ms
[2026-04-03T03:21:18.611+0600][23.447s][info][gc,heap        ] GC(117) Eden regions: 64->0(50)
[2026-04-03T03:21:18.611+0600][23.447s][info][gc,heap        ] GC(117) Survivor regions: 6->9(9)
[2026-04-03T03:21:18.611+0600][23.447s][info][gc,heap        ] GC(117) Old regions: 47->57
[2026-04-03T03:21:18.611+0600][23.447s][info][gc,heap        ] GC(117) Humongous regions: 17->17
[2026-04-03T03:21:18.611+0600][23.447s][info][gc,metaspace   ] GC(117) Metaspace: 69232K(70080K)->69232K(70080K) NonClass: 60381K(60864K)->60381K(60864K) Class: 8851K(9216K)->8851K(9216K)
[2026-04-03T03:21:18.611+0600][23.447s][info][gc             ] GC(117) Pause Young (Prepare Mixed) (G1 Evacuation Pause) 131M->80M(153M) 24.150ms
[2026-04-03T03:21:18.611+0600][23.447s][info][gc,cpu         ] GC(117) User=0.06s Sys=0.01s Real=0.03s
[2026-04-03T03:21:18.684+0600][23.520s][info][gc,start       ] GC(118) Pause Young (Mixed) (G1 Evacuation Pause)
[2026-04-03T03:21:18.684+0600][23.520s][info][gc,task        ] GC(118) Using 3 workers of 10 for evacuation
[2026-04-03T03:21:18.705+0600][23.541s][info][gc,phases      ] GC(118)   Pre Evacuate Collection Set: 0.29ms
[2026-04-03T03:21:18.705+0600][23.541s][info][gc,phases      ] GC(118)   Merge Heap Roots: 0.38ms
[2026-04-03T03:21:18.705+0600][23.541s][info][gc,phases      ] GC(118)   Evacuate Collection Set: 18.23ms
[2026-04-03T03:21:18.705+0600][23.541s][info][gc,phases      ] GC(118)   Post Evacuate Collection Set: 1.61ms
[2026-04-03T03:21:18.705+0600][23.541s][info][gc,phases      ] GC(118)   Other: 0.08ms
[2026-04-03T03:21:18.705+0600][23.541s][info][gc,heap        ] GC(118) Eden regions: 50->0(153)
[2026-04-03T03:21:18.705+0600][23.541s][info][gc,heap        ] GC(118) Survivor regions: 9->8(8)
[2026-04-03T03:21:18.705+0600][23.541s][info][gc,heap        ] GC(118) Old regions: 57->66
[2026-04-03T03:21:18.705+0600][23.541s][info][gc,heap        ] GC(118) Humongous regions: 20->20
[2026-04-03T03:21:18.705+0600][23.541s][info][gc,metaspace   ] GC(118) Metaspace: 69232K(70080K)->69232K(70080K) NonClass: 60381K(60864K)->60381K(60864K) Class: 8851K(9216K)->8851K(9216K)
[2026-04-03T03:21:18.705+0600][23.541s][info][gc             ] GC(118) Pause Young (Mixed) (G1 Evacuation Pause) 133M->91M(293M) 20.826ms
[2026-04-03T03:21:18.705+0600][23.541s][info][gc,cpu         ] GC(118) User=0.05s Sys=0.00s Real=0.02s
[2026-04-03T03:21:18.975+0600][23.811s][info][gc,start       ] GC(119) Pause Young (Normal) (G1 Evacuation Pause)
[2026-04-03T03:21:18.975+0600][23.811s][info][gc,task        ] GC(119) Using 7 workers of 10 for evacuation
[2026-04-03T03:21:19.002+0600][23.839s][info][gc,phases      ] GC(119)   Pre Evacuate Collection Set: 0.30ms
[2026-04-03T03:21:19.002+0600][23.839s][info][gc,phases      ] GC(119)   Merge Heap Roots: 0.31ms
[2026-04-03T03:21:19.002+0600][23.839s][info][gc,phases      ] GC(119)   Evacuate Collection Set: 25.64ms
[2026-04-03T03:21:19.003+0600][23.839s][info][gc,phases      ] GC(119)   Post Evacuate Collection Set: 0.76ms
[2026-04-03T03:21:19.003+0600][23.839s][info][gc,phases      ] GC(119)   Other: 0.11ms
[2026-04-03T03:21:19.003+0600][23.839s][info][gc,heap        ] GC(119) Eden regions: 153->0(115)
[2026-04-03T03:21:19.003+0600][23.839s][info][gc,heap        ] GC(119) Survivor regions: 8->21(21)
[2026-04-03T03:21:19.003+0600][23.839s][info][gc,heap        ] GC(119) Old regions: 66->87
[2026-04-03T03:21:19.003+0600][23.839s][info][gc,heap        ] GC(119) Humongous regions: 26->26
[2026-04-03T03:21:19.003+0600][23.839s][info][gc,metaspace   ] GC(119) Metaspace: 69232K(70080K)->69232K(70080K) NonClass: 60381K(60864K)->60381K(60864K) Class: 8851K(9216K)->8851K(9216K)
[2026-04-03T03:21:19.003+0600][23.839s][info][gc             ] GC(119) Pause Young (Normal) (G1 Evacuation Pause) 250M->131M(295M) 27.406ms
[2026-04-03T03:21:19.003+0600][23.839s][info][gc,cpu         ] GC(119) User=0.18s Sys=0.00s Real=0.03s
[2026-04-03T03:21:19.059+0600][23.895s][info][gc,start       ] GC(120) Pause Young (Concurrent Start) (G1 Humongous Allocation)
[2026-04-03T03:21:19.059+0600][23.895s][info][gc,task        ] GC(120) Using 7 workers of 10 for evacuation
[2026-04-03T03:21:19.073+0600][23.909s][info][gc,phases      ] GC(120)   Pre Evacuate Collection Set: 0.35ms
[2026-04-03T03:21:19.073+0600][23.909s][info][gc,phases      ] GC(120)   Merge Heap Roots: 0.15ms
[2026-04-03T03:21:19.073+0600][23.909s][info][gc,phases      ] GC(120)   Evacuate Collection Set: 12.86ms
[2026-04-03T03:21:19.073+0600][23.909s][info][gc,phases      ] GC(120)   Post Evacuate Collection Set: 0.61ms
[2026-04-03T03:21:19.073+0600][23.909s][info][gc,phases      ] GC(120)   Other: 0.24ms
[2026-04-03T03:21:19.073+0600][23.910s][info][gc,heap        ] GC(120) Eden regions: 41->0(111)
[2026-04-03T03:21:19.073+0600][23.910s][info][gc,heap        ] GC(120) Survivor regions: 21->7(17)
[2026-04-03T03:21:19.073+0600][23.910s][info][gc,heap        ] GC(120) Old regions: 87->110
[2026-04-03T03:21:19.073+0600][23.910s][info][gc,heap        ] GC(120) Humongous regions: 26->26
[2026-04-03T03:21:19.073+0600][23.910s][info][gc,metaspace   ] GC(120) Metaspace: 69232K(70080K)->69232K(70080K) NonClass: 60381K(60864K)->60381K(60864K) Class: 8851K(9216K)->8851K(9216K)
[2026-04-03T03:21:19.073+0600][23.910s][info][gc             ] GC(120) Pause Young (Concurrent Start) (G1 Humongous Allocation) 172M->140M(295M) 14.500ms
[2026-04-03T03:21:19.074+0600][23.910s][info][gc,cpu         ] GC(120) User=0.09s Sys=0.00s Real=0.02s
[2026-04-03T03:21:19.074+0600][23.910s][info][gc             ] GC(121) Concurrent Mark Cycle
[2026-04-03T03:21:19.074+0600][23.910s][info][gc,marking     ] GC(121) Concurrent Scan Root Regions
[2026-04-03T03:21:19.079+0600][23.915s][info][gc,marking     ] GC(121) Concurrent Scan Root Regions 5.226ms
[2026-04-03T03:21:19.079+0600][23.915s][info][gc,marking     ] GC(121) Concurrent Mark
[2026-04-03T03:21:19.079+0600][23.915s][info][gc,marking     ] GC(121) Concurrent Mark From Roots
[2026-04-03T03:21:19.079+0600][23.915s][info][gc,task        ] GC(121) Using 3 workers of 3 for marking
[2026-04-03T03:21:19.146+0600][23.982s][info][gc,marking     ] GC(121) Concurrent Mark From Roots 67.332ms
[2026-04-03T03:21:19.146+0600][23.983s][info][gc,marking     ] GC(121) Concurrent Preclean
[2026-04-03T03:21:19.147+0600][23.983s][info][gc,marking     ] GC(121) Concurrent Preclean 0.274ms
[2026-04-03T03:21:19.147+0600][23.983s][info][gc,start       ] GC(121) Pause Remark
[2026-04-03T03:21:19.158+0600][23.995s][info][gc             ] GC(121) Pause Remark 176M->167M(295M) 11.336ms
[2026-04-03T03:21:19.159+0600][23.995s][info][gc,cpu         ] GC(121) User=0.06s Sys=0.00s Real=0.01s
[2026-04-03T03:21:19.159+0600][23.995s][info][gc,marking     ] GC(121) Concurrent Mark 79.622ms
[2026-04-03T03:21:19.159+0600][23.995s][info][gc,marking     ] GC(121) Concurrent Rebuild Remembered Sets and Scrub Regions
[2026-04-03T03:21:19.222+0600][24.058s][info][gc,marking     ] GC(121) Concurrent Rebuild Remembered Sets and Scrub Regions 62.871ms
[2026-04-03T03:21:19.222+0600][24.058s][info][gc,start       ] GC(121) Pause Cleanup
[2026-04-03T03:21:19.222+0600][24.059s][info][gc             ] GC(121) Pause Cleanup 192M->192M(295M) 0.493ms
[2026-04-03T03:21:19.222+0600][24.059s][info][gc,cpu         ] GC(121) User=0.00s Sys=0.00s Real=0.00s
[2026-04-03T03:21:19.223+0600][24.059s][info][gc,marking     ] GC(121) Concurrent Clear Claimed Marks
[2026-04-03T03:21:19.223+0600][24.059s][info][gc,marking     ] GC(121) Concurrent Clear Claimed Marks 0.200ms
[2026-04-03T03:21:19.223+0600][24.059s][info][gc,marking     ] GC(121) Concurrent Cleanup for Next Mark
[2026-04-03T03:21:19.224+0600][24.060s][info][gc,marking     ] GC(121) Concurrent Cleanup for Next Mark 1.135ms
[2026-04-03T03:21:19.224+0600][24.060s][info][gc             ] GC(121) Concurrent Mark Cycle 150.532ms
[2026-04-03T03:21:19.357+0600][24.193s][info][gc,start       ] GC(122) Pause Young (Prepare Mixed) (G1 Evacuation Pause)
[2026-04-03T03:21:19.357+0600][24.193s][info][gc,task        ] GC(122) Using 7 workers of 10 for evacuation
[2026-04-03T03:21:19.378+0600][24.214s][info][gc,phases      ] GC(122)   Pre Evacuate Collection Set: 0.24ms
[2026-04-03T03:21:19.378+0600][24.214s][info][gc,phases      ] GC(122)   Merge Heap Roots: 0.94ms
[2026-04-03T03:21:19.378+0600][24.214s][info][gc,phases      ] GC(122)   Evacuate Collection Set: 18.34ms
[2026-04-03T03:21:19.378+0600][24.214s][info][gc,phases      ] GC(122)   Post Evacuate Collection Set: 0.75ms
[2026-04-03T03:21:19.378+0600][24.214s][info][gc,phases      ] GC(122)   Other: 0.09ms
[2026-04-03T03:21:19.378+0600][24.214s][info][gc,heap        ] GC(122) Eden regions: 111->0(90)
[2026-04-03T03:21:19.378+0600][24.214s][info][gc,heap        ] GC(122) Survivor regions: 7->15(15)
[2026-04-03T03:21:19.378+0600][24.214s][info][gc,heap        ] GC(122) Old regions: 110->121
[2026-04-03T03:21:19.378+0600][24.214s][info][gc,heap        ] GC(122) Humongous regions: 32->32
[2026-04-03T03:21:19.378+0600][24.214s][info][gc,metaspace   ] GC(122) Metaspace: 69293K(70144K)->69293K(70144K) NonClass: 60448K(60928K)->60448K(60928K) Class: 8844K(9216K)->8844K(9216K)
[2026-04-03T03:21:19.378+0600][24.214s][info][gc             ] GC(122) Pause Young (Prepare Mixed) (G1 Evacuation Pause) 257M->166M(295M) 20.879ms
[2026-04-03T03:21:19.378+0600][24.214s][info][gc,cpu         ] GC(122) User=0.14s Sys=0.00s Real=0.02s
[2026-04-03T03:21:19.500+0600][24.336s][info][gc,start       ] GC(123) Pause Young (Mixed) (G1 Evacuation Pause)
[2026-04-03T03:21:19.500+0600][24.336s][info][gc,task        ] GC(123) Using 7 workers of 10 for evacuation
[2026-04-03T03:21:19.515+0600][24.351s][info][gc,phases      ] GC(123)   Pre Evacuate Collection Set: 0.26ms
[2026-04-03T03:21:19.515+0600][24.351s][info][gc,phases      ] GC(123)   Merge Heap Roots: 0.20ms
[2026-04-03T03:21:19.515+0600][24.351s][info][gc,phases      ] GC(123)   Evacuate Collection Set: 13.50ms
[2026-04-03T03:21:19.515+0600][24.351s][info][gc,phases      ] GC(123)   Post Evacuate Collection Set: 0.58ms
[2026-04-03T03:21:19.515+0600][24.351s][info][gc,phases      ] GC(123)   Other: 0.13ms
[2026-04-03T03:21:19.515+0600][24.351s][info][gc,heap        ] GC(123) Eden regions: 90->0(88)
[2026-04-03T03:21:19.515+0600][24.351s][info][gc,heap        ] GC(123) Survivor regions: 15->6(14)
[2026-04-03T03:21:19.515+0600][24.351s][info][gc,heap        ] GC(123) Old regions: 121->136
[2026-04-03T03:21:19.515+0600][24.351s][info][gc,heap        ] GC(123) Humongous regions: 34->34
[2026-04-03T03:21:19.515+0600][24.351s][info][gc,metaspace   ] GC(123) Metaspace: 69316K(70144K)->69316K(70144K) NonClass: 60472K(60928K)->60472K(60928K) Class: 8844K(9216K)->8844K(9216K)
[2026-04-03T03:21:19.515+0600][24.351s][info][gc             ] GC(123) Pause Young (Mixed) (G1 Evacuation Pause) 258M->173M(295M) 14.977ms
[2026-04-03T03:21:19.515+0600][24.351s][info][gc,cpu         ] GC(123) User=0.09s Sys=0.00s Real=0.01s
[2026-04-03T03:21:19.547+0600][24.383s][info][gc,start       ] GC(124) Pause Young (Concurrent Start) (G1 Humongous Allocation)
[2026-04-03T03:21:19.547+0600][24.383s][info][gc,task        ] GC(124) Using 7 workers of 10 for evacuation
[2026-04-03T03:21:19.552+0600][24.388s][info][gc,phases      ] GC(124)   Pre Evacuate Collection Set: 0.27ms
[2026-04-03T03:21:19.552+0600][24.388s][info][gc,phases      ] GC(124)   Merge Heap Roots: 0.14ms
[2026-04-03T03:21:19.552+0600][24.388s][info][gc,phases      ] GC(124)   Evacuate Collection Set: 3.24ms
[2026-04-03T03:21:19.552+0600][24.388s][info][gc,phases      ] GC(124)   Post Evacuate Collection Set: 1.52ms
[2026-04-03T03:21:19.552+0600][24.388s][info][gc,phases      ] GC(124)   Other: 0.14ms
[2026-04-03T03:21:19.552+0600][24.388s][info][gc,heap        ] GC(124) Eden regions: 9->0(202)
[2026-04-03T03:21:19.552+0600][24.388s][info][gc,heap        ] GC(124) Survivor regions: 6->6(12)
[2026-04-03T03:21:19.552+0600][24.388s][info][gc,heap        ] GC(124) Old regions: 136->136
[2026-04-03T03:21:19.552+0600][24.388s][info][gc,heap        ] GC(124) Humongous regions: 34->34
[2026-04-03T03:21:19.552+0600][24.388s][info][gc,metaspace   ] GC(124) Metaspace: 69316K(70144K)->69316K(70144K) NonClass: 60472K(60928K)->60472K(60928K) Class: 8844K(9216K)->8844K(9216K)
[2026-04-03T03:21:19.552+0600][24.388s][info][gc             ] GC(124) Pause Young (Concurrent Start) (G1 Humongous Allocation) 182M->173M(436M) 5.573ms
[2026-04-03T03:21:19.552+0600][24.388s][info][gc,cpu         ] GC(124) User=0.03s Sys=0.00s Real=0.01s
[2026-04-03T03:21:19.552+0600][24.389s][info][gc             ] GC(125) Concurrent Mark Cycle
[2026-04-03T03:21:19.553+0600][24.389s][info][gc,marking     ] GC(125) Concurrent Scan Root Regions
[2026-04-03T03:21:19.565+0600][24.401s][info][gc,marking     ] GC(125) Concurrent Scan Root Regions 12.618ms
[2026-04-03T03:21:19.565+0600][24.401s][info][gc,marking     ] GC(125) Concurrent Mark
[2026-04-03T03:21:19.565+0600][24.401s][info][gc,marking     ] GC(125) Concurrent Mark From Roots
[2026-04-03T03:21:19.565+0600][24.401s][info][gc,task        ] GC(125) Using 3 workers of 3 for marking
[2026-04-03T03:21:19.689+0600][24.525s][info][gc,marking     ] GC(125) Concurrent Mark From Roots 123.486ms
[2026-04-03T03:21:19.689+0600][24.525s][info][gc,marking     ] GC(125) Concurrent Preclean
[2026-04-03T03:21:19.689+0600][24.525s][info][gc,marking     ] GC(125) Concurrent Preclean 0.239ms
[2026-04-03T03:21:19.689+0600][24.526s][info][gc,start       ] GC(125) Pause Remark
[2026-04-03T03:21:19.694+0600][24.530s][info][gc             ] GC(125) Pause Remark 237M->228M(436M) 4.279ms
[2026-04-03T03:21:19.694+0600][24.530s][info][gc,cpu         ] GC(125) User=0.02s Sys=0.00s Real=0.01s
[2026-04-03T03:21:19.694+0600][24.530s][info][gc,marking     ] GC(125) Concurrent Mark 128.862ms
[2026-04-03T03:21:19.694+0600][24.530s][info][gc,marking     ] GC(125) Concurrent Rebuild Remembered Sets and Scrub Regions
[2026-04-03T03:21:19.755+0600][24.591s][info][gc,marking     ] GC(125) Concurrent Rebuild Remembered Sets and Scrub Regions 60.707ms
[2026-04-03T03:21:19.755+0600][24.591s][info][gc,start       ] GC(125) Pause Cleanup
[2026-04-03T03:21:19.756+0600][24.592s][info][gc             ] GC(125) Pause Cleanup 245M->245M(436M) 0.320ms
[2026-04-03T03:21:19.756+0600][24.592s][info][gc,cpu         ] GC(125) User=0.00s Sys=0.00s Real=0.00s
[2026-04-03T03:21:19.756+0600][24.592s][info][gc,marking     ] GC(125) Concurrent Clear Claimed Marks
[2026-04-03T03:21:19.756+0600][24.592s][info][gc,marking     ] GC(125) Concurrent Clear Claimed Marks 0.359ms
[2026-04-03T03:21:19.756+0600][24.592s][info][gc,marking     ] GC(125) Concurrent Cleanup for Next Mark
[2026-04-03T03:21:19.758+0600][24.594s][info][gc,marking     ] GC(125) Concurrent Cleanup for Next Mark 1.520ms
[2026-04-03T03:21:19.758+0600][24.594s][info][gc             ] GC(125) Concurrent Mark Cycle 205.217ms
[2026-04-03T03:21:20.033+0600][24.870s][info][gc,start       ] GC(126) Pause Young (Prepare Mixed) (G1 Evacuation Pause)
[2026-04-03T03:21:20.034+0600][24.870s][info][gc,task        ] GC(126) Using 10 workers of 10 for evacuation
[2026-04-03T03:21:20.090+0600][24.926s][info][gc,phases      ] GC(126)   Pre Evacuate Collection Set: 0.48ms
[2026-04-03T03:21:20.090+0600][24.926s][info][gc,phases      ] GC(126)   Merge Heap Roots: 0.88ms
[2026-04-03T03:21:20.090+0600][24.926s][info][gc,phases      ] GC(126)   Evacuate Collection Set: 54.41ms
[2026-04-03T03:21:20.090+0600][24.926s][info][gc,phases      ] GC(126)   Post Evacuate Collection Set: 0.58ms
[2026-04-03T03:21:20.090+0600][24.926s][info][gc,phases      ] GC(126)   Other: 0.14ms
[2026-04-03T03:21:20.090+0600][24.926s][info][gc,heap        ] GC(126) Eden regions: 202->0(128)
[2026-04-03T03:21:20.090+0600][24.926s][info][gc,heap        ] GC(126) Survivor regions: 6->26(26)
[2026-04-03T03:21:20.090+0600][24.926s][info][gc,heap        ] GC(126) Old regions: 136->186
[2026-04-03T03:21:20.090+0600][24.926s][info][gc,heap        ] GC(126) Humongous regions: 68->68
[2026-04-03T03:21:20.090+0600][24.926s][info][gc,metaspace   ] GC(126) Metaspace: 69480K(70400K)->69480K(70400K) NonClass: 60594K(61120K)->60594K(61120K) Class: 8886K(9280K)->8886K(9280K)
[2026-04-03T03:21:20.090+0600][24.926s][info][gc             ] GC(126) Pause Young (Prepare Mixed) (G1 Evacuation Pause) 409M->277M(488M) 56.795ms
[2026-04-03T03:21:20.090+0600][24.926s][info][gc,cpu         ] GC(126) User=0.46s Sys=0.08s Real=0.06s
[2026-04-03T03:21:20.397+0600][25.233s][info][gc,start       ] GC(127) Pause Young (Mixed) (G1 Evacuation Pause)
[2026-04-03T03:21:20.397+0600][25.233s][info][gc,task        ] GC(127) Using 10 workers of 10 for evacuation
[2026-04-03T03:21:20.436+0600][25.272s][info][gc,phases      ] GC(127)   Pre Evacuate Collection Set: 0.35ms
[2026-04-03T03:21:20.436+0600][25.272s][info][gc,phases      ] GC(127)   Merge Heap Roots: 0.53ms
[2026-04-03T03:21:20.436+0600][25.272s][info][gc,phases      ] GC(127)   Evacuate Collection Set: 36.80ms
[2026-04-03T03:21:20.436+0600][25.272s][info][gc,phases      ] GC(127)   Post Evacuate Collection Set: 0.89ms
[2026-04-03T03:21:20.436+0600][25.272s][info][gc,phases      ] GC(127)   Other: 0.13ms
[2026-04-03T03:21:20.436+0600][25.272s][info][gc,heap        ] GC(127) Eden regions: 128->0(115)
[2026-04-03T03:21:20.436+0600][25.272s][info][gc,heap        ] GC(127) Survivor regions: 26->20(20)
[2026-04-03T03:21:20.436+0600][25.272s][info][gc,heap        ] GC(127) Old regions: 186->213
[2026-04-03T03:21:20.436+0600][25.272s][info][gc,heap        ] GC(127) Humongous regions: 71->71
[2026-04-03T03:21:20.436+0600][25.272s][info][gc,metaspace   ] GC(127) Metaspace: 69694K(70592K)->69694K(70592K) NonClass: 60784K(61312K)->60784K(61312K) Class: 8910K(9280K)->8910K(9280K)
[2026-04-03T03:21:20.436+0600][25.272s][info][gc             ] GC(127) Pause Young (Mixed) (G1 Evacuation Pause) 408M->301M(488M) 39.048ms
[2026-04-03T03:21:20.436+0600][25.272s][info][gc,cpu         ] GC(127) User=0.37s Sys=0.00s Real=0.04s
[2026-04-03T03:21:20.455+0600][25.291s][info][gc,start       ] GC(128) Pause Young (Concurrent Start) (G1 Humongous Allocation)
[2026-04-03T03:21:20.455+0600][25.291s][info][gc,task        ] GC(128) Using 10 workers of 10 for evacuation
[2026-04-03T03:21:20.476+0600][25.312s][info][gc,phases      ] GC(128)   Pre Evacuate Collection Set: 0.28ms
[2026-04-03T03:21:20.476+0600][25.312s][info][gc,phases      ] GC(128)   Merge Heap Roots: 0.37ms
[2026-04-03T03:21:20.476+0600][25.312s][info][gc,phases      ] GC(128)   Evacuate Collection Set: 19.53ms
[2026-04-03T03:21:20.476+0600][25.312s][info][gc,phases      ] GC(128)   Post Evacuate Collection Set: 0.52ms
[2026-04-03T03:21:20.476+0600][25.312s][info][gc,phases      ] GC(128)   Other: 0.15ms
[2026-04-03T03:21:20.476+0600][25.312s][info][gc,heap        ] GC(128) Eden regions: 24->0(115)
[2026-04-03T03:21:20.476+0600][25.312s][info][gc,heap        ] GC(128) Survivor regions: 20->6(17)
[2026-04-03T03:21:20.476+0600][25.312s][info][gc,heap        ] GC(128) Old regions: 213->235
[2026-04-03T03:21:20.476+0600][25.312s][info][gc,heap        ] GC(128) Humongous regions: 71->71
[2026-04-03T03:21:20.476+0600][25.312s][info][gc,metaspace   ] GC(128) Metaspace: 69694K(70592K)->69694K(70592K) NonClass: 60784K(61312K)->60784K(61312K) Class: 8910K(9280K)->8910K(9280K)
[2026-04-03T03:21:20.476+0600][25.312s][info][gc             ] GC(128) Pause Young (Concurrent Start) (G1 Humongous Allocation) 325M->309M(488M) 21.152ms
[2026-04-03T03:21:20.476+0600][25.312s][info][gc,cpu         ] GC(128) User=0.20s Sys=0.00s Real=0.02s
[2026-04-03T03:21:20.476+0600][25.312s][info][gc             ] GC(129) Concurrent Mark Cycle
[2026-04-03T03:21:20.476+0600][25.312s][info][gc,marking     ] GC(129) Concurrent Scan Root Regions
[2026-04-03T03:21:20.483+0600][25.320s][info][gc,marking     ] GC(129) Concurrent Scan Root Regions 7.076ms
[2026-04-03T03:21:20.484+0600][25.320s][info][gc,marking     ] GC(129) Concurrent Mark
[2026-04-03T03:21:20.484+0600][25.320s][info][gc,marking     ] GC(129) Concurrent Mark From Roots
[2026-04-03T03:21:20.484+0600][25.320s][info][gc,task        ] GC(129) Using 3 workers of 3 for marking
[2026-04-03T03:21:20.671+0600][25.507s][info][gc,start       ] GC(130) Pause Young (Normal) (G1 Evacuation Pause)
[2026-04-03T03:21:20.671+0600][25.507s][info][gc,task        ] GC(130) Using 10 workers of 10 for evacuation
[2026-04-03T03:21:20.694+0600][25.530s][info][gc,phases      ] GC(130)   Pre Evacuate Collection Set: 0.39ms
[2026-04-03T03:21:20.694+0600][25.530s][info][gc,phases      ] GC(130)   Merge Heap Roots: 0.55ms
[2026-04-03T03:21:20.694+0600][25.530s][info][gc,phases      ] GC(130)   Evacuate Collection Set: 20.69ms
[2026-04-03T03:21:20.694+0600][25.530s][info][gc,phases      ] GC(130)   Post Evacuate Collection Set: 0.77ms
[2026-04-03T03:21:20.694+0600][25.530s][info][gc,phases      ] GC(130)   Other: 0.21ms
[2026-04-03T03:21:20.694+0600][25.530s][info][gc,heap        ] GC(130) Eden regions: 115->0(103)
[2026-04-03T03:21:20.694+0600][25.530s][info][gc,heap        ] GC(130) Survivor regions: 6->16(16)
[2026-04-03T03:21:20.694+0600][25.530s][info][gc,heap        ] GC(130) Old regions: 235->236
[2026-04-03T03:21:20.694+0600][25.530s][info][gc,heap        ] GC(130) Humongous regions: 83->83
[2026-04-03T03:21:20.694+0600][25.530s][info][gc,metaspace   ] GC(130) Metaspace: 69727K(70592K)->69727K(70592K) NonClass: 60813K(61312K)->60813K(61312K) Class: 8914K(9280K)->8914K(9280K)
[2026-04-03T03:21:20.694+0600][25.530s][info][gc             ] GC(130) Pause Young (Normal) (G1 Evacuation Pause) 436M->332M(488M) 23.006ms
[2026-04-03T03:21:20.694+0600][25.530s][info][gc,cpu         ] GC(130) User=0.24s Sys=0.00s Real=0.02s
[2026-04-03T03:21:20.774+0600][25.610s][info][gc,marking     ] GC(129) Concurrent Mark From Roots 290.111ms
[2026-04-03T03:21:20.774+0600][25.610s][info][gc,marking     ] GC(129) Concurrent Preclean
[2026-04-03T03:21:20.774+0600][25.610s][info][gc,marking     ] GC(129) Concurrent Preclean 0.299ms
[2026-04-03T03:21:20.774+0600][25.610s][info][gc,start       ] GC(129) Pause Remark
[2026-04-03T03:21:20.779+0600][25.615s][info][gc             ] GC(129) Pause Remark 372M->330M(489M) 4.955ms
[2026-04-03T03:21:20.779+0600][25.616s][info][gc,cpu         ] GC(129) User=0.03s Sys=0.00s Real=0.00s
[2026-04-03T03:21:20.780+0600][25.616s][info][gc,marking     ] GC(129) Concurrent Mark 295.998ms
[2026-04-03T03:21:20.780+0600][25.616s][info][gc,marking     ] GC(129) Concurrent Rebuild Remembered Sets and Scrub Regions
[2026-04-03T03:21:20.912+0600][25.748s][info][gc,start       ] GC(131) Pause Young (Normal) (G1 Evacuation Pause)
[2026-04-03T03:21:20.912+0600][25.748s][info][gc,task        ] GC(131) Using 10 workers of 10 for evacuation
[2026-04-03T03:21:20.938+0600][25.774s][info][gc,phases      ] GC(131)   Pre Evacuate Collection Set: 0.37ms
[2026-04-03T03:21:20.938+0600][25.774s][info][gc,phases      ] GC(131)   Merge Heap Roots: 0.37ms
[2026-04-03T03:21:20.938+0600][25.774s][info][gc,phases      ] GC(131)   Evacuate Collection Set: 24.16ms
[2026-04-03T03:21:20.938+0600][25.774s][info][gc,phases      ] GC(131)   Post Evacuate Collection Set: 0.57ms
[2026-04-03T03:21:20.938+0600][25.774s][info][gc,phases      ] GC(131)   Other: 0.14ms
[2026-04-03T03:21:20.938+0600][25.774s][info][gc,heap        ] GC(131) Eden regions: 103->0(127)
[2026-04-03T03:21:20.938+0600][25.774s][info][gc,heap        ] GC(131) Survivor regions: 16->10(15)
[2026-04-03T03:21:20.938+0600][25.774s][info][gc,heap        ] GC(131) Old regions: 236->252
[2026-04-03T03:21:20.938+0600][25.774s][info][gc,heap        ] GC(131) Humongous regions: 46->46
[2026-04-03T03:21:20.938+0600][25.774s][info][gc,metaspace   ] GC(131) Metaspace: 69747K(70592K)->69747K(70592K) NonClass: 60831K(61312K)->60831K(61312K) Class: 8915K(9280K)->8915K(9280K)
[2026-04-03T03:21:20.938+0600][25.774s][info][gc             ] GC(131) Pause Young (Normal) (G1 Evacuation Pause) 398M->305M(489M) 25.930ms
[2026-04-03T03:21:20.938+0600][25.774s][info][gc,cpu         ] GC(131) User=0.27s Sys=0.01s Real=0.02s
[2026-04-03T03:21:20.958+0600][25.794s][info][gc,marking     ] GC(129) Concurrent Rebuild Remembered Sets and Scrub Regions 178.056ms
[2026-04-03T03:21:20.958+0600][25.794s][info][gc,start       ] GC(129) Pause Cleanup
[2026-04-03T03:21:20.958+0600][25.795s][info][gc             ] GC(129) Pause Cleanup 311M->311M(489M) 0.426ms
[2026-04-03T03:21:20.958+0600][25.795s][info][gc,cpu         ] GC(129) User=0.00s Sys=0.00s Real=0.00s
[2026-04-03T03:21:20.959+0600][25.795s][info][gc,marking     ] GC(129) Concurrent Clear Claimed Marks
[2026-04-03T03:21:20.959+0600][25.795s][info][gc,marking     ] GC(129) Concurrent Clear Claimed Marks 0.266ms
[2026-04-03T03:21:20.959+0600][25.795s][info][gc,marking     ] GC(129) Concurrent Cleanup for Next Mark
[2026-04-03T03:21:20.960+0600][25.796s][info][gc,marking     ] GC(129) Concurrent Cleanup for Next Mark 0.852ms
[2026-04-03T03:21:20.960+0600][25.796s][info][gc             ] GC(129) Concurrent Mark Cycle 483.557ms
[2026-04-03T03:21:21.150+0600][25.986s][info][gc,start       ] GC(132) Pause Young (Prepare Mixed) (G1 Evacuation Pause)
[2026-04-03T03:21:21.150+0600][25.986s][info][gc,task        ] GC(132) Using 10 workers of 10 for evacuation
[2026-04-03T03:21:21.175+0600][26.011s][info][gc,phases      ] GC(132)   Pre Evacuate Collection Set: 0.37ms
[2026-04-03T03:21:21.175+0600][26.012s][info][gc,phases      ] GC(132)   Merge Heap Roots: 0.85ms
[2026-04-03T03:21:21.175+0600][26.012s][info][gc,phases      ] GC(132)   Evacuate Collection Set: 23.26ms
[2026-04-03T03:21:21.175+0600][26.012s][info][gc,phases      ] GC(132)   Post Evacuate Collection Set: 0.73ms
[2026-04-03T03:21:21.175+0600][26.012s][info][gc,phases      ] GC(132)   Other: 0.20ms
[2026-04-03T03:21:21.175+0600][26.012s][info][gc,heap        ] GC(132) Eden regions: 127->0(120)
[2026-04-03T03:21:21.176+0600][26.012s][info][gc,heap        ] GC(132) Survivor regions: 10->11(18)
[2026-04-03T03:21:21.176+0600][26.012s][info][gc,heap        ] GC(132) Old regions: 252->262
[2026-04-03T03:21:21.176+0600][26.012s][info][gc,heap        ] GC(132) Humongous regions: 51->51
[2026-04-03T03:21:21.176+0600][26.012s][info][gc,metaspace   ] GC(132) Metaspace: 69790K(70656K)->69790K(70656K) NonClass: 60872K(61376K)->60872K(61376K) Class: 8918K(9280K)->8918K(9280K)
[2026-04-03T03:21:21.176+0600][26.012s][info][gc             ] GC(132) Pause Young (Prepare Mixed) (G1 Evacuation Pause) 437M->321M(489M) 25.855ms
[2026-04-03T03:21:21.176+0600][26.012s][info][gc,cpu         ] GC(132) User=0.29s Sys=0.00s Real=0.02s
[2026-04-03T03:21:21.522+0600][26.358s][info][gc,start       ] GC(133) Pause Young (Mixed) (G1 Evacuation Pause)
[2026-04-03T03:21:21.522+0600][26.358s][info][gc,task        ] GC(133) Using 10 workers of 10 for evacuation
[2026-04-03T03:21:21.537+0600][26.373s][info][gc,phases      ] GC(133)   Pre Evacuate Collection Set: 0.42ms
[2026-04-03T03:21:21.537+0600][26.373s][info][gc,phases      ] GC(133)   Merge Heap Roots: 0.30ms
[2026-04-03T03:21:21.537+0600][26.373s][info][gc,phases      ] GC(133)   Evacuate Collection Set: 12.32ms
[2026-04-03T03:21:21.537+0600][26.373s][info][gc,phases      ] GC(133)   Post Evacuate Collection Set: 2.08ms
[2026-04-03T03:21:21.537+0600][26.374s][info][gc,phases      ] GC(133)   Other: 0.10ms
[2026-04-03T03:21:21.537+0600][26.374s][info][gc,heap        ] GC(133) Eden regions: 120->0(211)
[2026-04-03T03:21:21.537+0600][26.374s][info][gc,heap        ] GC(133) Survivor regions: 11->7(17)
[2026-04-03T03:21:21.537+0600][26.374s][info][gc,heap        ] GC(133) Old regions: 262->268
[2026-04-03T03:21:21.537+0600][26.374s][info][gc,heap        ] GC(133) Humongous regions: 51->51
[2026-04-03T03:21:21.537+0600][26.374s][info][gc,metaspace   ] GC(133) Metaspace: 69795K(70656K)->69795K(70656K) NonClass: 60876K(61376K)->60876K(61376K) Class: 8919K(9280K)->8919K(9280K)
[2026-04-03T03:21:21.537+0600][26.374s][info][gc             ] GC(133) Pause Young (Mixed) (G1 Evacuation Pause) 441M->323M(617M) 15.545ms
[2026-04-03T03:21:21.538+0600][26.374s][info][gc,cpu         ] GC(133) User=0.14s Sys=0.01s Real=0.01s
[2026-04-03T03:21:22.113+0600][26.949s][info][gc,start       ] GC(134) Pause Young (Concurrent Start) (G1 Humongous Allocation)
[2026-04-03T03:21:22.113+0600][26.949s][info][gc,task        ] GC(134) Using 10 workers of 10 for evacuation
[2026-04-03T03:21:22.128+0600][26.964s][info][gc,phases      ] GC(134)   Pre Evacuate Collection Set: 0.66ms
[2026-04-03T03:21:22.128+0600][26.964s][info][gc,phases      ] GC(134)   Merge Heap Roots: 0.32ms
[2026-04-03T03:21:22.128+0600][26.964s][info][gc,phases      ] GC(134)   Evacuate Collection Set: 12.83ms
[2026-04-03T03:21:22.128+0600][26.964s][info][gc,phases      ] GC(134)   Post Evacuate Collection Set: 0.90ms
[2026-04-03T03:21:22.128+0600][26.964s][info][gc,phases      ] GC(134)   Other: 0.30ms
[2026-04-03T03:21:22.128+0600][26.964s][info][gc,heap        ] GC(134) Eden regions: 126->0(220)
[2026-04-03T03:21:22.128+0600][26.964s][info][gc,heap        ] GC(134) Survivor regions: 7->11(28)
[2026-04-03T03:21:22.128+0600][26.964s][info][gc,heap        ] GC(134) Old regions: 268->268
[2026-04-03T03:21:22.128+0600][26.964s][info][gc,heap        ] GC(134) Humongous regions: 51->51
[2026-04-03T03:21:22.128+0600][26.964s][info][gc,metaspace   ] GC(134) Metaspace: 69872K(70784K)->69872K(70784K) NonClass: 60942K(61440K)->60942K(61440K) Class: 8930K(9344K)->8930K(9344K)
[2026-04-03T03:21:22.128+0600][26.964s][info][gc             ] GC(134) Pause Young (Concurrent Start) (G1 Humongous Allocation) 449M->327M(617M) 15.594ms
[2026-04-03T03:21:22.128+0600][26.965s][info][gc,cpu         ] GC(134) User=0.13s Sys=0.01s Real=0.01s
[2026-04-03T03:21:22.128+0600][26.965s][info][gc             ] GC(135) Concurrent Mark Cycle
[2026-04-03T03:21:22.129+0600][26.965s][info][gc,marking     ] GC(135) Concurrent Scan Root Regions
[2026-04-03T03:21:22.139+0600][26.975s][info][gc,marking     ] GC(135) Concurrent Scan Root Regions 9.976ms
[2026-04-03T03:21:22.139+0600][26.975s][info][gc,marking     ] GC(135) Concurrent Mark
[2026-04-03T03:21:22.139+0600][26.975s][info][gc,marking     ] GC(135) Concurrent Mark From Roots
[2026-04-03T03:21:22.139+0600][26.975s][info][gc,task        ] GC(135) Using 3 workers of 3 for marking
[2026-04-03T03:21:22.397+0600][27.233s][info][gc,marking     ] GC(135) Concurrent Mark From Roots 258.204ms
[2026-04-03T03:21:22.397+0600][27.233s][info][gc,marking     ] GC(135) Concurrent Preclean
[2026-04-03T03:21:22.397+0600][27.233s][info][gc,marking     ] GC(135) Concurrent Preclean 0.273ms
[2026-04-03T03:21:22.397+0600][27.234s][info][gc,start       ] GC(135) Pause Remark
[2026-04-03T03:21:22.413+0600][27.249s][info][gc             ] GC(135) Pause Remark 423M->365M(617M) 15.009ms
[2026-04-03T03:21:22.413+0600][27.249s][info][gc,cpu         ] GC(135) User=0.15s Sys=0.00s Real=0.02s
[2026-04-03T03:21:22.413+0600][27.249s][info][gc,marking     ] GC(135) Concurrent Mark 274.122ms
[2026-04-03T03:21:22.413+0600][27.249s][info][gc,marking     ] GC(135) Concurrent Rebuild Remembered Sets and Scrub Regions
[2026-04-03T03:21:22.603+0600][27.439s][info][gc,marking     ] GC(135) Concurrent Rebuild Remembered Sets and Scrub Regions 189.823ms
[2026-04-03T03:21:22.603+0600][27.439s][info][gc,start       ] GC(135) Pause Cleanup
[2026-04-03T03:21:22.604+0600][27.440s][info][gc             ] GC(135) Pause Cleanup 459M->459M(617M) 0.576ms
[2026-04-03T03:21:22.604+0600][27.440s][info][gc,cpu         ] GC(135) User=0.00s Sys=0.00s Real=0.00s
[2026-04-03T03:21:22.604+0600][27.440s][info][gc,marking     ] GC(135) Concurrent Clear Claimed Marks
[2026-04-03T03:21:22.604+0600][27.440s][info][gc,marking     ] GC(135) Concurrent Clear Claimed Marks 0.233ms
[2026-04-03T03:21:22.604+0600][27.440s][info][gc,marking     ] GC(135) Concurrent Cleanup for Next Mark
[2026-04-03T03:21:22.606+0600][27.442s][info][gc,marking     ] GC(135) Concurrent Cleanup for Next Mark 1.610ms
[2026-04-03T03:21:22.606+0600][27.442s][info][gc             ] GC(135) Concurrent Mark Cycle 477.467ms
[2026-04-03T03:21:22.643+0600][27.479s][info][gc,start       ] GC(136) Pause Young (Prepare Mixed) (G1 Evacuation Pause)
[2026-04-03T03:21:22.643+0600][27.479s][info][gc,task        ] GC(136) Using 10 workers of 10 for evacuation
[2026-04-03T03:21:22.662+0600][27.498s][info][gc,phases      ] GC(136)   Pre Evacuate Collection Set: 0.38ms
[2026-04-03T03:21:22.662+0600][27.498s][info][gc,phases      ] GC(136)   Merge Heap Roots: 0.90ms
[2026-04-03T03:21:22.662+0600][27.498s][info][gc,phases      ] GC(136)   Evacuate Collection Set: 16.14ms
[2026-04-03T03:21:22.662+0600][27.498s][info][gc,phases      ] GC(136)   Post Evacuate Collection Set: 1.01ms
[2026-04-03T03:21:22.662+0600][27.498s][info][gc,phases      ] GC(136)   Other: 0.17ms
[2026-04-03T03:21:22.662+0600][27.498s][info][gc,heap        ] GC(136) Eden regions: 220->0(270)
[2026-04-03T03:21:22.662+0600][27.498s][info][gc,heap        ] GC(136) Survivor regions: 11->21(29)
[2026-04-03T03:21:22.662+0600][27.498s][info][gc,heap        ] GC(136) Old regions: 238->238
[2026-04-03T03:21:22.662+0600][27.498s][info][gc,heap        ] GC(136) Humongous regions: 26->26
[2026-04-03T03:21:22.662+0600][27.498s][info][gc,metaspace   ] GC(136) Metaspace: 69874K(70784K)->69874K(70784K) NonClass: 60944K(61440K)->60944K(61440K) Class: 8930K(9344K)->8930K(9344K)
[2026-04-03T03:21:22.662+0600][27.498s][info][gc             ] GC(136) Pause Young (Prepare Mixed) (G1 Evacuation Pause) 492M->282M(617M) 18.989ms
[2026-04-03T03:21:22.662+0600][27.498s][info][gc,cpu         ] GC(136) User=0.17s Sys=0.01s Real=0.02s
[2026-04-03T03:21:22.948+0600][27.785s][info][gc,start       ] GC(137) Pause Young (Mixed) (G1 Evacuation Pause)
[2026-04-03T03:21:22.949+0600][27.785s][info][gc,task        ] GC(137) Using 10 workers of 10 for evacuation
[2026-04-03T03:21:22.979+0600][27.815s][info][gc,phases      ] GC(137)   Pre Evacuate Collection Set: 0.35ms
[2026-04-03T03:21:22.979+0600][27.815s][info][gc,phases      ] GC(137)   Merge Heap Roots: 0.42ms
[2026-04-03T03:21:22.979+0600][27.815s][info][gc,phases      ] GC(137)   Evacuate Collection Set: 28.53ms
[2026-04-03T03:21:22.979+0600][27.815s][info][gc,phases      ] GC(137)   Post Evacuate Collection Set: 1.21ms
[2026-04-03T03:21:22.979+0600][27.815s][info][gc,phases      ] GC(137)   Other: 0.15ms
[2026-04-03T03:21:22.979+0600][27.815s][info][gc,heap        ] GC(137) Eden regions: 270->0(293)
[2026-04-03T03:21:22.979+0600][27.815s][info][gc,heap        ] GC(137) Survivor regions: 21->27(37)
[2026-04-03T03:21:22.979+0600][27.815s][info][gc,heap        ] GC(137) Old regions: 238->206
[2026-04-03T03:21:22.979+0600][27.815s][info][gc,heap        ] GC(137) Humongous regions: 31->31
[2026-04-03T03:21:22.979+0600][27.815s][info][gc,metaspace   ] GC(137) Metaspace: 69877K(70784K)->69877K(70784K) NonClass: 60946K(61440K)->60946K(61440K) Class: 8930K(9344K)->8930K(9344K)
[2026-04-03T03:21:22.979+0600][27.815s][info][gc             ] GC(137) Pause Young (Mixed) (G1 Evacuation Pause) 557M->261M(617M) 30.955ms
[2026-04-03T03:21:22.979+0600][27.816s][info][gc,cpu         ] GC(137) User=0.28s Sys=0.00s Real=0.03s
[2026-04-03T03:21:23.264+0600][28.100s][info][gc,start       ] GC(138) Pause Young (Concurrent Start) (G1 Humongous Allocation)
[2026-04-03T03:21:23.264+0600][28.100s][info][gc,task        ] GC(138) Using 10 workers of 10 for evacuation
[2026-04-03T03:21:23.295+0600][28.131s][info][gc,phases      ] GC(138)   Pre Evacuate Collection Set: 0.60ms
[2026-04-03T03:21:23.295+0600][28.131s][info][gc,phases      ] GC(138)   Merge Heap Roots: 0.43ms
[2026-04-03T03:21:23.295+0600][28.131s][info][gc,phases      ] GC(138)   Evacuate Collection Set: 28.11ms
[2026-04-03T03:21:23.295+0600][28.131s][info][gc,phases      ] GC(138)   Post Evacuate Collection Set: 0.97ms
[2026-04-03T03:21:23.295+0600][28.131s][info][gc,phases      ] GC(138)   Other: 0.35ms
[2026-04-03T03:21:23.295+0600][28.131s][info][gc,heap        ] GC(138) Eden regions: 291->0(292)
[2026-04-03T03:21:23.295+0600][28.131s][info][gc,heap        ] GC(138) Survivor regions: 27->24(40)
[2026-04-03T03:21:23.295+0600][28.131s][info][gc,heap        ] GC(138) Old regions: 206->218
[2026-04-03T03:21:23.295+0600][28.131s][info][gc,heap        ] GC(138) Humongous regions: 31->31
[2026-04-03T03:21:23.295+0600][28.131s][info][gc,metaspace   ] GC(138) Metaspace: 69877K(70784K)->69877K(70784K) NonClass: 60946K(61440K)->60946K(61440K) Class: 8930K(9344K)->8930K(9344K)
[2026-04-03T03:21:23.295+0600][28.131s][info][gc             ] GC(138) Pause Young (Concurrent Start) (G1 Humongous Allocation) 552M->271M(617M) 30.843ms
[2026-04-03T03:21:23.295+0600][28.131s][info][gc,cpu         ] GC(138) User=0.28s Sys=0.01s Real=0.03s
[2026-04-03T03:21:23.295+0600][28.131s][info][gc             ] GC(139) Concurrent Mark Cycle
[2026-04-03T03:21:23.295+0600][28.131s][info][gc,marking     ] GC(139) Concurrent Scan Root Regions
[2026-04-03T03:21:23.313+0600][28.149s][info][gc,marking     ] GC(139) Concurrent Scan Root Regions 17.443ms
[2026-04-03T03:21:23.313+0600][28.149s][info][gc,marking     ] GC(139) Concurrent Mark
[2026-04-03T03:21:23.313+0600][28.149s][info][gc,marking     ] GC(139) Concurrent Mark From Roots
[2026-04-03T03:21:23.313+0600][28.149s][info][gc,task        ] GC(139) Using 3 workers of 3 for marking
[2026-04-03T03:21:23.539+0600][28.375s][info][gc,marking     ] GC(139) Concurrent Mark From Roots 226.359ms
[2026-04-03T03:21:23.539+0600][28.375s][info][gc,marking     ] GC(139) Concurrent Preclean
[2026-04-03T03:21:23.539+0600][28.375s][info][gc,marking     ] GC(139) Concurrent Preclean 0.218ms
[2026-04-03T03:21:23.540+0600][28.376s][info][gc,start       ] GC(139) Pause Remark
[2026-04-03T03:21:23.544+0600][28.380s][info][gc             ] GC(139) Pause Remark 424M->419M(617M) 4.546ms
[2026-04-03T03:21:23.544+0600][28.381s][info][gc,cpu         ] GC(139) User=0.03s Sys=0.00s Real=0.00s
[2026-04-03T03:21:23.545+0600][28.381s][info][gc,marking     ] GC(139) Concurrent Mark 231.971ms
[2026-04-03T03:21:23.545+0600][28.381s][info][gc,marking     ] GC(139) Concurrent Rebuild Remembered Sets and Scrub Regions
[2026-04-03T03:21:23.757+0600][28.593s][info][gc,start       ] GC(140) Pause Young (Normal) (G1 Evacuation Pause)
[2026-04-03T03:21:23.757+0600][28.594s][info][gc,task        ] GC(140) Using 10 workers of 10 for evacuation
[2026-04-03T03:21:23.795+0600][28.632s][info][gc,phases      ] GC(140)   Pre Evacuate Collection Set: 0.57ms
[2026-04-03T03:21:23.796+0600][28.632s][info][gc,phases      ] GC(140)   Merge Heap Roots: 1.76ms
[2026-04-03T03:21:23.796+0600][28.632s][info][gc,phases      ] GC(140)   Evacuate Collection Set: 34.23ms
[2026-04-03T03:21:23.796+0600][28.632s][info][gc,phases      ] GC(140)   Post Evacuate Collection Set: 1.25ms
[2026-04-03T03:21:23.796+0600][28.632s][info][gc,phases      ] GC(140)   Other: 0.30ms
[2026-04-03T03:21:23.796+0600][28.632s][info][gc,heap        ] GC(140) Eden regions: 292->0(278)
[2026-04-03T03:21:23.796+0600][28.632s][info][gc,heap        ] GC(140) Survivor regions: 24->24(40)
[2026-04-03T03:21:23.796+0600][28.632s][info][gc,heap        ] GC(140) Old regions: 218->227
[2026-04-03T03:21:23.796+0600][28.632s][info][gc,heap        ] GC(140) Humongous regions: 44->44
[2026-04-03T03:21:23.796+0600][28.632s][info][gc,metaspace   ] GC(140) Metaspace: 69882K(70784K)->69882K(70784K) NonClass: 60952K(61440K)->60952K(61440K) Class: 8930K(9344K)->8930K(9344K)
[2026-04-03T03:21:23.796+0600][28.632s][info][gc             ] GC(140) Pause Young (Normal) (G1 Evacuation Pause) 576M->293M(617M) 38.526ms
[2026-04-03T03:21:23.796+0600][28.632s][info][gc,cpu         ] GC(140) User=0.36s Sys=0.00s Real=0.04s
[2026-04-03T03:21:23.826+0600][28.662s][info][gc,marking     ] GC(139) Concurrent Rebuild Remembered Sets and Scrub Regions 281.016ms
[2026-04-03T03:21:23.826+0600][28.662s][info][gc,start       ] GC(139) Pause Cleanup
[2026-04-03T03:21:23.827+0600][28.663s][info][gc             ] GC(139) Pause Cleanup 316M->316M(617M) 0.711ms
[2026-04-03T03:21:23.827+0600][28.663s][info][gc,cpu         ] GC(139) User=0.00s Sys=0.00s Real=0.00s
[2026-04-03T03:21:23.827+0600][28.663s][info][gc,marking     ] GC(139) Concurrent Clear Claimed Marks
[2026-04-03T03:21:23.828+0600][28.664s][info][gc,marking     ] GC(139) Concurrent Clear Claimed Marks 0.317ms
[2026-04-03T03:21:23.828+0600][28.664s][info][gc,marking     ] GC(139) Concurrent Cleanup for Next Mark
[2026-04-03T03:21:23.829+0600][28.665s][info][gc,marking     ] GC(139) Concurrent Cleanup for Next Mark 1.112ms
[2026-04-03T03:21:23.829+0600][28.665s][info][gc             ] GC(139) Concurrent Mark Cycle 533.842ms
[2026-04-03T03:21:24.238+0600][29.074s][info][gc,start       ] GC(141) Pause Young (Prepare Mixed) (G1 Evacuation Pause)
[2026-04-03T03:21:24.238+0600][29.074s][info][gc,task        ] GC(141) Using 10 workers of 10 for evacuation
[2026-04-03T03:21:24.272+0600][29.108s][info][gc,phases      ] GC(141)   Pre Evacuate Collection Set: 0.44ms
[2026-04-03T03:21:24.272+0600][29.108s][info][gc,phases      ] GC(141)   Merge Heap Roots: 0.97ms
[2026-04-03T03:21:24.272+0600][29.108s][info][gc,phases      ] GC(141)   Evacuate Collection Set: 31.43ms
[2026-04-03T03:21:24.272+0600][29.108s][info][gc,phases      ] GC(141)   Post Evacuate Collection Set: 1.18ms
[2026-04-03T03:21:24.272+0600][29.108s][info][gc,phases      ] GC(141)   Other: 0.13ms
[2026-04-03T03:21:24.272+0600][29.108s][info][gc,heap        ] GC(141) Eden regions: 278->0(273)
[2026-04-03T03:21:24.272+0600][29.108s][info][gc,heap        ] GC(141) Survivor regions: 24->22(38)
[2026-04-03T03:21:24.272+0600][29.108s][info][gc,heap        ] GC(141) Old regions: 227->239
[2026-04-03T03:21:24.272+0600][29.108s][info][gc,heap        ] GC(141) Humongous regions: 44->44
[2026-04-03T03:21:24.272+0600][29.108s][info][gc,metaspace   ] GC(141) Metaspace: 69956K(70848K)->69956K(70848K) NonClass: 61023K(61504K)->61023K(61504K) Class: 8932K(9344K)->8932K(9344K)
[2026-04-03T03:21:24.272+0600][29.108s][info][gc             ] GC(141) Pause Young (Prepare Mixed) (G1 Evacuation Pause) 571M->303M(617M) 34.491ms
[2026-04-03T03:21:24.272+0600][29.108s][info][gc,cpu         ] GC(141) User=0.33s Sys=0.00s Real=0.04s
[2026-04-03T03:21:25.792+0600][30.628s][info][gc,start       ] GC(142) Pause Young (Mixed) (G1 Evacuation Pause)
[2026-04-03T03:21:25.792+0600][30.628s][info][gc,task        ] GC(142) Using 10 workers of 10 for evacuation
[2026-04-03T03:21:25.849+0600][30.685s][info][gc,phases      ] GC(142)   Pre Evacuate Collection Set: 0.43ms
[2026-04-03T03:21:25.849+0600][30.685s][info][gc,phases      ] GC(142)   Merge Heap Roots: 0.78ms
[2026-04-03T03:21:25.849+0600][30.685s][info][gc,phases      ] GC(142)   Evacuate Collection Set: 54.79ms
[2026-04-03T03:21:25.849+0600][30.685s][info][gc,phases      ] GC(142)   Post Evacuate Collection Set: 0.82ms
[2026-04-03T03:21:25.849+0600][30.685s][info][gc,phases      ] GC(142)   Other: 0.12ms
[2026-04-03T03:21:25.849+0600][30.685s][info][gc,heap        ] GC(142) Eden regions: 273->0(278)
[2026-04-03T03:21:25.849+0600][30.685s][info][gc,heap        ] GC(142) Survivor regions: 22->25(37)
[2026-04-03T03:21:25.849+0600][30.685s][info][gc,heap        ] GC(142) Old regions: 239->241
[2026-04-03T03:21:25.849+0600][30.685s][info][gc,heap        ] GC(142) Humongous regions: 84->73
[2026-04-03T03:21:25.849+0600][30.685s][info][gc,metaspace   ] GC(142) Metaspace: 70153K(71040K)->70153K(71040K) NonClass: 61195K(61696K)->61195K(61696K) Class: 8958K(9344K)->8958K(9344K)
[2026-04-03T03:21:25.849+0600][30.685s][info][gc             ] GC(142) Pause Young (Mixed) (G1 Evacuation Pause) 616M->337M(656M) 57.242ms
[2026-04-03T03:21:25.849+0600][30.686s][info][gc,cpu         ] GC(142) User=0.56s Sys=0.05s Real=0.05s
[2026-04-03T03:21:25.881+0600][30.717s][info][gc,start       ] GC(143) Pause Young (Concurrent Start) (G1 Humongous Allocation)
[2026-04-03T03:21:25.881+0600][30.717s][info][gc,task        ] GC(143) Using 10 workers of 10 for evacuation
[2026-04-03T03:21:25.915+0600][30.751s][info][gc,phases      ] GC(143)   Pre Evacuate Collection Set: 0.32ms
[2026-04-03T03:21:25.915+0600][30.751s][info][gc,phases      ] GC(143)   Merge Heap Roots: 0.55ms
[2026-04-03T03:21:25.915+0600][30.751s][info][gc,phases      ] GC(143)   Evacuate Collection Set: 32.88ms
[2026-04-03T03:21:25.915+0600][30.751s][info][gc,phases      ] GC(143)   Post Evacuate Collection Set: 0.69ms
[2026-04-03T03:21:25.915+0600][30.752s][info][gc,phases      ] GC(143)   Other: 0.23ms
[2026-04-03T03:21:25.915+0600][30.752s][info][gc,heap        ] GC(143) Eden regions: 7->0(233)
[2026-04-03T03:21:25.915+0600][30.752s][info][gc,heap        ] GC(143) Survivor regions: 25->16(38)
[2026-04-03T03:21:25.915+0600][30.752s][info][gc,heap        ] GC(143) Old regions: 241->253
[2026-04-03T03:21:25.915+0600][30.752s][info][gc,heap        ] GC(143) Humongous regions: 75->75
[2026-04-03T03:21:25.915+0600][30.752s][info][gc,metaspace   ] GC(143) Metaspace: 70153K(71040K)->70153K(71040K) NonClass: 61195K(61696K)->61195K(61696K) Class: 8958K(9344K)->8958K(9344K)
[2026-04-03T03:21:25.915+0600][30.752s][info][gc             ] GC(143) Pause Young (Concurrent Start) (G1 Humongous Allocation) 345M->342M(656M) 34.963ms
[2026-04-03T03:21:25.916+0600][30.752s][info][gc,cpu         ] GC(143) User=0.33s Sys=0.00s Real=0.03s
[2026-04-03T03:21:25.916+0600][30.752s][info][gc             ] GC(144) Concurrent Mark Cycle
[2026-04-03T03:21:25.916+0600][30.752s][info][gc,marking     ] GC(144) Concurrent Scan Root Regions
[2026-04-03T03:21:25.925+0600][30.761s][info][gc,marking     ] GC(144) Concurrent Scan Root Regions 9.634ms
[2026-04-03T03:21:25.925+0600][30.761s][info][gc,marking     ] GC(144) Concurrent Mark
[2026-04-03T03:21:25.925+0600][30.761s][info][gc,marking     ] GC(144) Concurrent Mark From Roots
[2026-04-03T03:21:25.925+0600][30.762s][info][gc,task        ] GC(144) Using 3 workers of 3 for marking
[2026-04-03T03:21:26.067+0600][30.903s][info][gc,marking     ] GC(144) Concurrent Mark From Roots 141.636ms
[2026-04-03T03:21:26.067+0600][30.903s][info][gc,marking     ] GC(144) Concurrent Preclean
[2026-04-03T03:21:26.067+0600][30.903s][info][gc,marking     ] GC(144) Concurrent Preclean 0.156ms
[2026-04-03T03:21:26.068+0600][30.904s][info][gc,start       ] GC(144) Pause Remark
[2026-04-03T03:21:26.072+0600][30.908s][info][gc             ] GC(144) Pause Remark 372M->258M(656M) 4.377ms
[2026-04-03T03:21:26.072+0600][30.908s][info][gc,cpu         ] GC(144) User=0.02s Sys=0.00s Real=0.01s
[2026-04-03T03:21:26.072+0600][30.908s][info][gc,marking     ] GC(144) Concurrent Mark 146.944ms
[2026-04-03T03:21:26.072+0600][30.908s][info][gc,marking     ] GC(144) Concurrent Rebuild Remembered Sets and Scrub Regions
[2026-04-03T03:21:26.173+0600][31.009s][info][gc,marking     ] GC(144) Concurrent Rebuild Remembered Sets and Scrub Regions 100.386ms
[2026-04-03T03:21:26.173+0600][31.009s][info][gc,start       ] GC(144) Pause Cleanup
[2026-04-03T03:21:26.174+0600][31.010s][info][gc             ] GC(144) Pause Cleanup 272M->272M(656M) 0.507ms
[2026-04-03T03:21:26.174+0600][31.010s][info][gc,cpu         ] GC(144) User=0.00s Sys=0.00s Real=0.00s
[2026-04-03T03:21:26.174+0600][31.010s][info][gc,marking     ] GC(144) Concurrent Clear Claimed Marks
[2026-04-03T03:21:26.174+0600][31.010s][info][gc,marking     ] GC(144) Concurrent Clear Claimed Marks 0.218ms
[2026-04-03T03:21:26.174+0600][31.010s][info][gc,marking     ] GC(144) Concurrent Cleanup for Next Mark
[2026-04-03T03:21:26.175+0600][31.011s][info][gc,marking     ] GC(144) Concurrent Cleanup for Next Mark 1.197ms
[2026-04-03T03:21:26.175+0600][31.011s][info][gc             ] GC(144) Concurrent Mark Cycle 259.630ms
[2026-04-03T03:21:26.458+0600][31.294s][info][gc,start       ] GC(145) Pause Young (Prepare Mixed) (G1 Evacuation Pause)
[2026-04-03T03:21:26.458+0600][31.294s][info][gc,task        ] GC(145) Using 10 workers of 10 for evacuation
[2026-04-03T03:21:26.516+0600][31.353s][info][gc,phases      ] GC(145)   Pre Evacuate Collection Set: 0.30ms
[2026-04-03T03:21:26.517+0600][31.353s][info][gc,phases      ] GC(145)   Merge Heap Roots: 1.07ms
[2026-04-03T03:21:26.517+0600][31.353s][info][gc,phases      ] GC(145)   Evacuate Collection Set: 55.91ms
[2026-04-03T03:21:26.517+0600][31.353s][info][gc,phases      ] GC(145)   Post Evacuate Collection Set: 0.93ms
[2026-04-03T03:21:26.517+0600][31.353s][info][gc,phases      ] GC(145)   Other: 0.10ms
[2026-04-03T03:21:26.517+0600][31.353s][info][gc,heap        ] GC(145) Eden regions: 233->0(202)
[2026-04-03T03:21:26.517+0600][31.353s][info][gc,heap        ] GC(145) Survivor regions: 16->32(32)
[2026-04-03T03:21:26.517+0600][31.353s][info][gc,heap        ] GC(145) Old regions: 198->249
[2026-04-03T03:21:26.517+0600][31.353s][info][gc,heap        ] GC(145) Humongous regions: 65->65
[2026-04-03T03:21:26.517+0600][31.353s][info][gc,metaspace   ] GC(145) Metaspace: 70157K(71040K)->70157K(71040K) NonClass: 61199K(61696K)->61199K(61696K) Class: 8958K(9344K)->8958K(9344K)
[2026-04-03T03:21:26.517+0600][31.353s][info][gc             ] GC(145) Pause Young (Prepare Mixed) (G1 Evacuation Pause) 510M->344M(656M) 58.630ms
[2026-04-03T03:21:26.517+0600][31.353s][info][gc,cpu         ] GC(145) User=0.57s Sys=0.00s Real=0.06s
[2026-04-03T03:21:26.746+0600][31.582s][info][gc,start       ] GC(146) Pause Young (Mixed) (G1 Evacuation Pause)
[2026-04-03T03:21:26.746+0600][31.582s][info][gc,task        ] GC(146) Using 10 workers of 10 for evacuation
[2026-04-03T03:21:26.799+0600][31.635s][info][gc,phases      ] GC(146)   Pre Evacuate Collection Set: 0.38ms
[2026-04-03T03:21:26.799+0600][31.635s][info][gc,phases      ] GC(146)   Merge Heap Roots: 0.85ms
[2026-04-03T03:21:26.799+0600][31.635s][info][gc,phases      ] GC(146)   Evacuate Collection Set: 49.94ms
[2026-04-03T03:21:26.799+0600][31.635s][info][gc,phases      ] GC(146)   Post Evacuate Collection Set: 1.10ms
[2026-04-03T03:21:26.799+0600][31.635s][info][gc,phases      ] GC(146)   Other: 0.16ms
[2026-04-03T03:21:26.799+0600][31.635s][info][gc,heap        ] GC(146) Eden regions: 202->0(183)
[2026-04-03T03:21:26.799+0600][31.635s][info][gc,heap        ] GC(146) Survivor regions: 32->30(30)
[2026-04-03T03:21:26.799+0600][31.635s][info][gc,heap        ] GC(146) Old regions: 249->271
[2026-04-03T03:21:26.799+0600][31.635s][info][gc,heap        ] GC(146) Humongous regions: 81->81
[2026-04-03T03:21:26.799+0600][31.635s][info][gc,metaspace   ] GC(146) Metaspace: 70164K(71040K)->70164K(71040K) NonClass: 61206K(61696K)->61206K(61696K) Class: 8958K(9344K)->8958K(9344K)
[2026-04-03T03:21:26.799+0600][31.635s][info][gc             ] GC(146) Pause Young (Mixed) (G1 Evacuation Pause) 562M->380M(656M) 52.815ms
[2026-04-03T03:21:26.799+0600][31.635s][info][gc,cpu         ] GC(146) User=0.51s Sys=0.01s Real=0.05s
[2026-04-03T03:21:26.842+0600][31.678s][info][gc,start       ] GC(147) Pause Young (Concurrent Start) (G1 Humongous Allocation)
[2026-04-03T03:21:26.842+0600][31.678s][info][gc,task        ] GC(147) Using 10 workers of 10 for evacuation
[2026-04-03T03:21:26.870+0600][31.706s][info][gc,phases      ] GC(147)   Pre Evacuate Collection Set: 0.39ms
[2026-04-03T03:21:26.870+0600][31.706s][info][gc,phases      ] GC(147)   Merge Heap Roots: 0.74ms
[2026-04-03T03:21:26.870+0600][31.706s][info][gc,phases      ] GC(147)   Evacuate Collection Set: 25.32ms
[2026-04-03T03:21:26.870+0600][31.706s][info][gc,phases      ] GC(147)   Post Evacuate Collection Set: 1.37ms
[2026-04-03T03:21:26.870+0600][31.706s][info][gc,phases      ] GC(147)   Other: 0.29ms
[2026-04-03T03:21:26.870+0600][31.706s][info][gc,heap        ] GC(147) Eden regions: 51->0(229)
[2026-04-03T03:21:26.870+0600][31.706s][info][gc,heap        ] GC(147) Survivor regions: 30->8(27)
[2026-04-03T03:21:26.870+0600][31.706s][info][gc,heap        ] GC(147) Old regions: 271->304
[2026-04-03T03:21:26.870+0600][31.706s][info][gc,heap        ] GC(147) Humongous regions: 81->81
[2026-04-03T03:21:26.870+0600][31.706s][info][gc,metaspace   ] GC(147) Metaspace: 70167K(71040K)->70167K(71040K) NonClass: 61208K(61696K)->61208K(61696K) Class: 8958K(9344K)->8958K(9344K)
[2026-04-03T03:21:26.870+0600][31.706s][info][gc             ] GC(147) Pause Young (Concurrent Start) (G1 Humongous Allocation) 431M->391M(725M) 28.418ms
[2026-04-03T03:21:26.870+0600][31.706s][info][gc,cpu         ] GC(147) User=0.28s Sys=0.01s Real=0.03s
[2026-04-03T03:21:26.870+0600][31.706s][info][gc             ] GC(148) Concurrent Mark Cycle
[2026-04-03T03:21:26.870+0600][31.707s][info][gc,marking     ] GC(148) Concurrent Scan Root Regions
[2026-04-03T03:21:26.889+0600][31.725s][info][gc,marking     ] GC(148) Concurrent Scan Root Regions 18.178ms
[2026-04-03T03:21:26.889+0600][31.725s][info][gc,marking     ] GC(148) Concurrent Mark
[2026-04-03T03:21:26.889+0600][31.725s][info][gc,marking     ] GC(148) Concurrent Mark From Roots
[2026-04-03T03:21:26.889+0600][31.725s][info][gc,task        ] GC(148) Using 3 workers of 3 for marking
[2026-04-03T03:21:27.107+0600][31.944s][info][gc,marking     ] GC(148) Concurrent Mark From Roots 218.713ms
[2026-04-03T03:21:27.108+0600][31.944s][info][gc,marking     ] GC(148) Concurrent Preclean
[2026-04-03T03:21:27.108+0600][31.944s][info][gc,marking     ] GC(148) Concurrent Preclean 0.263ms
[2026-04-03T03:21:27.108+0600][31.944s][info][gc,start       ] GC(148) Pause Remark
[2026-04-03T03:21:27.113+0600][31.949s][info][gc             ] GC(148) Pause Remark 562M->507M(725M) 4.586ms
[2026-04-03T03:21:27.113+0600][31.949s][info][gc,cpu         ] GC(148) User=0.03s Sys=0.00s Real=0.01s
[2026-04-03T03:21:27.113+0600][31.949s][info][gc,marking     ] GC(148) Concurrent Mark 224.357ms
[2026-04-03T03:21:27.113+0600][31.949s][info][gc,marking     ] GC(148) Concurrent Rebuild Remembered Sets and Scrub Regions
[2026-04-03T03:21:27.203+0600][32.039s][info][gc,start       ] GC(149) Pause Young (Normal) (G1 Evacuation Pause)
[2026-04-03T03:21:27.203+0600][32.039s][info][gc,task        ] GC(149) Using 10 workers of 10 for evacuation
[2026-04-03T03:21:27.233+0600][32.069s][info][gc,phases      ] GC(149)   Pre Evacuate Collection Set: 0.31ms
[2026-04-03T03:21:27.233+0600][32.070s][info][gc,phases      ] GC(149)   Merge Heap Roots: 1.16ms
[2026-04-03T03:21:27.233+0600][32.070s][info][gc,phases      ] GC(149)   Evacuate Collection Set: 27.89ms
[2026-04-03T03:21:27.233+0600][32.070s][info][gc,phases      ] GC(149)   Post Evacuate Collection Set: 1.01ms
[2026-04-03T03:21:27.233+0600][32.070s][info][gc,phases      ] GC(149)   Other: 0.22ms
[2026-04-03T03:21:27.233+0600][32.070s][info][gc,heap        ] GC(149) Eden regions: 229->0(251)
[2026-04-03T03:21:27.233+0600][32.070s][info][gc,heap        ] GC(149) Survivor regions: 8->25(30)
[2026-04-03T03:21:27.233+0600][32.070s][info][gc,heap        ] GC(149) Old regions: 300->300
[2026-04-03T03:21:27.233+0600][32.070s][info][gc,heap        ] GC(149) Humongous regions: 47->47
[2026-04-03T03:21:27.233+0600][32.070s][info][gc,metaspace   ] GC(149) Metaspace: 70169K(71040K)->70169K(71040K) NonClass: 61211K(61696K)->61211K(61696K) Class: 8958K(9344K)->8958K(9344K)
[2026-04-03T03:21:27.234+0600][32.070s][info][gc             ] GC(149) Pause Young (Normal) (G1 Evacuation Pause) 582M->370M(725M) 30.949ms
[2026-04-03T03:21:27.234+0600][32.070s][info][gc,cpu         ] GC(149) User=0.30s Sys=0.00s Real=0.03s
[2026-04-03T03:21:27.277+0600][32.113s][info][gc,marking     ] GC(148) Concurrent Rebuild Remembered Sets and Scrub Regions 163.778ms
[2026-04-03T03:21:27.277+0600][32.113s][info][gc,start       ] GC(148) Pause Cleanup
[2026-04-03T03:21:27.278+0600][32.114s][info][gc             ] GC(148) Pause Cleanup 411M->411M(725M) 0.651ms
[2026-04-03T03:21:27.278+0600][32.114s][info][gc,cpu         ] GC(148) User=0.00s Sys=0.00s Real=0.00s
[2026-04-03T03:21:27.278+0600][32.114s][info][gc,marking     ] GC(148) Concurrent Clear Claimed Marks
[2026-04-03T03:21:27.278+0600][32.114s][info][gc,marking     ] GC(148) Concurrent Clear Claimed Marks 0.237ms
[2026-04-03T03:21:27.278+0600][32.114s][info][gc,marking     ] GC(148) Concurrent Cleanup for Next Mark
[2026-04-03T03:21:27.280+0600][32.116s][info][gc,marking     ] GC(148) Concurrent Cleanup for Next Mark 1.468ms
[2026-04-03T03:21:27.280+0600][32.116s][info][gc             ] GC(148) Concurrent Mark Cycle 409.611ms
[2026-04-03T03:21:27.740+0600][32.576s][info][gc,start       ] GC(150) Pause Young (Prepare Mixed) (G1 Evacuation Pause)
[2026-04-03T03:21:27.740+0600][32.576s][info][gc,task        ] GC(150) Using 10 workers of 10 for evacuation
[2026-04-03T03:21:27.770+0600][32.606s][info][gc,phases      ] GC(150)   Pre Evacuate Collection Set: 0.41ms
[2026-04-03T03:21:27.770+0600][32.606s][info][gc,phases      ] GC(150)   Merge Heap Roots: 0.47ms
[2026-04-03T03:21:27.770+0600][32.606s][info][gc,phases      ] GC(150)   Evacuate Collection Set: 28.34ms
[2026-04-03T03:21:27.770+0600][32.606s][info][gc,phases      ] GC(150)   Post Evacuate Collection Set: 0.86ms
[2026-04-03T03:21:27.770+0600][32.606s][info][gc,phases      ] GC(150)   Other: 0.14ms
[2026-04-03T03:21:27.770+0600][32.606s][info][gc,heap        ] GC(150) Eden regions: 251->0(248)
[2026-04-03T03:21:27.770+0600][32.606s][info][gc,heap        ] GC(150) Survivor regions: 25->17(35)
[2026-04-03T03:21:27.770+0600][32.606s][info][gc,heap        ] GC(150) Old regions: 300->324
[2026-04-03T03:21:27.770+0600][32.606s][info][gc,heap        ] GC(150) Humongous regions: 49->49
[2026-04-03T03:21:27.770+0600][32.606s][info][gc,metaspace   ] GC(150) Metaspace: 70172K(71040K)->70172K(71040K) NonClass: 61214K(61696K)->61214K(61696K) Class: 8958K(9344K)->8958K(9344K)
[2026-04-03T03:21:27.770+0600][32.606s][info][gc             ] GC(150) Pause Young (Prepare Mixed) (G1 Evacuation Pause) 623M->388M(725M) 30.461ms
[2026-04-03T03:21:27.770+0600][32.606s][info][gc,cpu         ] GC(150) User=0.29s Sys=0.00s Real=0.04s
[2026-04-03T03:21:28.089+0600][32.925s][info][gc,start       ] GC(151) Pause Young (Mixed) (G1 Evacuation Pause)
[2026-04-03T03:21:28.089+0600][32.925s][info][gc,task        ] GC(151) Using 10 workers of 10 for evacuation
[2026-04-03T03:21:28.110+0600][32.946s][info][gc,phases      ] GC(151)   Pre Evacuate Collection Set: 0.37ms
[2026-04-03T03:21:28.110+0600][32.946s][info][gc,phases      ] GC(151)   Merge Heap Roots: 0.23ms
[2026-04-03T03:21:28.110+0600][32.946s][info][gc,phases      ] GC(151)   Evacuate Collection Set: 19.19ms
[2026-04-03T03:21:28.110+0600][32.946s][info][gc,phases      ] GC(151)   Post Evacuate Collection Set: 0.77ms
[2026-04-03T03:21:28.110+0600][32.946s][info][gc,phases      ] GC(151)   Other: 0.19ms
[2026-04-03T03:21:28.110+0600][32.946s][info][gc,heap        ] GC(151) Eden regions: 248->0(279)
[2026-04-03T03:21:28.110+0600][32.946s][info][gc,heap        ] GC(151) Survivor regions: 17->24(34)
[2026-04-03T03:21:28.110+0600][32.946s][info][gc,heap        ] GC(151) Old regions: 324->283
[2026-04-03T03:21:28.110+0600][32.946s][info][gc,heap        ] GC(151) Humongous regions: 49->49
[2026-04-03T03:21:28.110+0600][32.946s][info][gc,metaspace   ] GC(151) Metaspace: 70173K(71040K)->70173K(71040K) NonClass: 61215K(61696K)->61215K(61696K) Class: 8958K(9344K)->8958K(9344K)
[2026-04-03T03:21:28.110+0600][32.946s][info][gc             ] GC(151) Pause Young (Mixed) (G1 Evacuation Pause) 636M->354M(725M) 21.053ms
[2026-04-03T03:21:28.110+0600][32.946s][info][gc,cpu         ] GC(151) User=0.19s Sys=0.00s Real=0.03s
[2026-04-03T03:21:28.114+0600][32.950s][info][gc,start       ] GC(152) Pause Young (Concurrent Start) (G1 Humongous Allocation)
[2026-04-03T03:21:28.114+0600][32.950s][info][gc,task        ] GC(152) Using 10 workers of 10 for evacuation
[2026-04-03T03:21:28.131+0600][32.967s][info][gc,phases      ] GC(152)   Pre Evacuate Collection Set: 0.43ms
[2026-04-03T03:21:28.131+0600][32.967s][info][gc,phases      ] GC(152)   Merge Heap Roots: 0.22ms
[2026-04-03T03:21:28.131+0600][32.967s][info][gc,phases      ] GC(152)   Evacuate Collection Set: 15.83ms
[2026-04-03T03:21:28.131+0600][32.967s][info][gc,phases      ] GC(152)   Post Evacuate Collection Set: 0.57ms
[2026-04-03T03:21:28.131+0600][32.967s][info][gc,phases      ] GC(152)   Other: 0.13ms
[2026-04-03T03:21:28.131+0600][32.967s][info][gc,heap        ] GC(152) Eden regions: 3->0(276)
[2026-04-03T03:21:28.131+0600][32.967s][info][gc,heap        ] GC(152) Survivor regions: 24->12(38)
[2026-04-03T03:21:28.131+0600][32.967s][info][gc,heap        ] GC(152) Old regions: 283->297
[2026-04-03T03:21:28.131+0600][32.967s][info][gc,heap        ] GC(152) Humongous regions: 49->49
[2026-04-03T03:21:28.131+0600][32.967s][info][gc,metaspace   ] GC(152) Metaspace: 70173K(71040K)->70173K(71040K) NonClass: 61215K(61696K)->61215K(61696K) Class: 8958K(9344K)->8958K(9344K)
[2026-04-03T03:21:28.131+0600][32.967s][info][gc             ] GC(152) Pause Young (Concurrent Start) (G1 Humongous Allocation) 357M->356M(725M) 17.475ms
[2026-04-03T03:21:28.131+0600][32.967s][info][gc             ] GC(153) Concurrent Mark Cycle
[2026-04-03T03:21:28.131+0600][32.967s][info][gc,cpu         ] GC(152) User=0.17s Sys=0.00s Real=0.02s
[2026-04-03T03:21:28.131+0600][32.967s][info][gc,marking     ] GC(153) Concurrent Scan Root Regions
[2026-04-03T03:21:28.140+0600][32.976s][info][gc,marking     ] GC(153) Concurrent Scan Root Regions 9.074ms
[2026-04-03T03:21:28.140+0600][32.976s][info][gc,marking     ] GC(153) Concurrent Mark
[2026-04-03T03:21:28.140+0600][32.977s][info][gc,marking     ] GC(153) Concurrent Mark From Roots
[2026-04-03T03:21:28.140+0600][32.977s][info][gc,task        ] GC(153) Using 3 workers of 3 for marking
[2026-04-03T03:21:28.334+0600][33.170s][info][gc,marking     ] GC(153) Concurrent Mark From Roots 193.752ms
[2026-04-03T03:21:28.334+0600][33.170s][info][gc,marking     ] GC(153) Concurrent Preclean
[2026-04-03T03:21:28.335+0600][33.171s][info][gc,marking     ] GC(153) Concurrent Preclean 0.279ms
[2026-04-03T03:21:28.335+0600][33.171s][info][gc,start       ] GC(153) Pause Remark
[2026-04-03T03:21:28.340+0600][33.176s][info][gc             ] GC(153) Pause Remark 507M->427M(725M) 4.796ms
[2026-04-03T03:21:28.340+0600][33.176s][info][gc,cpu         ] GC(153) User=0.02s Sys=0.00s Real=0.01s
[2026-04-03T03:21:28.340+0600][33.176s][info][gc,marking     ] GC(153) Concurrent Mark 199.692ms
[2026-04-03T03:21:28.340+0600][33.176s][info][gc,marking     ] GC(153) Concurrent Rebuild Remembered Sets and Scrub Regions
[2026-04-03T03:21:28.506+0600][33.342s][info][gc,start       ] GC(154) Pause Young (Normal) (G1 Evacuation Pause)
[2026-04-03T03:21:28.506+0600][33.342s][info][gc,task        ] GC(154) Using 10 workers of 10 for evacuation
[2026-04-03T03:21:28.526+0600][33.362s][info][gc,phases      ] GC(154)   Pre Evacuate Collection Set: 0.26ms
[2026-04-03T03:21:28.526+0600][33.362s][info][gc,phases      ] GC(154)   Merge Heap Roots: 0.89ms
[2026-04-03T03:21:28.526+0600][33.362s][info][gc,phases      ] GC(154)   Evacuate Collection Set: 18.21ms
[2026-04-03T03:21:28.526+0600][33.362s][info][gc,phases      ] GC(154)   Post Evacuate Collection Set: 1.13ms
[2026-04-03T03:21:28.526+0600][33.362s][info][gc,phases      ] GC(154)   Other: 0.10ms
[2026-04-03T03:21:28.526+0600][33.362s][info][gc,heap        ] GC(154) Eden regions: 276->0(329)
[2026-04-03T03:21:28.526+0600][33.362s][info][gc,heap        ] GC(154) Survivor regions: 12->23(36)
[2026-04-03T03:21:28.526+0600][33.362s][info][gc,heap        ] GC(154) Old regions: 243->243
[2026-04-03T03:21:28.526+0600][33.362s][info][gc,heap        ] GC(154) Humongous regions: 26->26
[2026-04-03T03:21:28.526+0600][33.362s][info][gc,metaspace   ] GC(154) Metaspace: 70173K(71040K)->70173K(71040K) NonClass: 61215K(61696K)->61215K(61696K) Class: 8958K(9344K)->8958K(9344K)
[2026-04-03T03:21:28.526+0600][33.363s][info][gc             ] GC(154) Pause Young (Normal) (G1 Evacuation Pause) 555M->289M(725M) 20.912ms
[2026-04-03T03:21:28.526+0600][33.363s][info][gc,cpu         ] GC(154) User=0.19s Sys=0.00s Real=0.02s
[2026-04-03T03:21:28.530+0600][33.366s][info][gc,marking     ] GC(153) Concurrent Rebuild Remembered Sets and Scrub Regions 189.866ms
[2026-04-03T03:21:28.530+0600][33.366s][info][gc,start       ] GC(153) Pause Cleanup
[2026-04-03T03:21:28.531+0600][33.367s][info][gc             ] GC(153) Pause Cleanup 292M->292M(725M) 0.467ms
[2026-04-03T03:21:28.531+0600][33.367s][info][gc,cpu         ] GC(153) User=0.00s Sys=0.00s Real=0.00s
[2026-04-03T03:21:28.531+0600][33.367s][info][gc,marking     ] GC(153) Concurrent Clear Claimed Marks
[2026-04-03T03:21:28.531+0600][33.367s][info][gc,marking     ] GC(153) Concurrent Clear Claimed Marks 0.251ms
[2026-04-03T03:21:28.531+0600][33.367s][info][gc,marking     ] GC(153) Concurrent Cleanup for Next Mark
[2026-04-03T03:21:28.532+0600][33.369s][info][gc,marking     ] GC(153) Concurrent Cleanup for Next Mark 1.179ms
[2026-04-03T03:21:28.533+0600][33.369s][info][gc             ] GC(153) Concurrent Mark Cycle 401.480ms
[2026-04-03T03:21:28.872+0600][33.709s][info][gc,start       ] GC(155) Pause Young (Prepare Mixed) (G1 Evacuation Pause)
[2026-04-03T03:21:28.873+0600][33.709s][info][gc,task        ] GC(155) Using 10 workers of 10 for evacuation
[2026-04-03T03:21:28.909+0600][33.745s][info][gc,phases      ] GC(155)   Pre Evacuate Collection Set: 0.41ms
[2026-04-03T03:21:28.909+0600][33.745s][info][gc,phases      ] GC(155)   Merge Heap Roots: 0.89ms
[2026-04-03T03:21:28.909+0600][33.745s][info][gc,phases      ] GC(155)   Evacuate Collection Set: 33.70ms
[2026-04-03T03:21:28.909+0600][33.745s][info][gc,phases      ] GC(155)   Post Evacuate Collection Set: 1.04ms
[2026-04-03T03:21:28.909+0600][33.745s][info][gc,phases      ] GC(155)   Other: 0.18ms
[2026-04-03T03:21:28.909+0600][33.745s][info][gc,heap        ] GC(155) Eden regions: 329->0(321)
[2026-04-03T03:21:28.909+0600][33.745s][info][gc,heap        ] GC(155) Survivor regions: 23->34(44)
[2026-04-03T03:21:28.909+0600][33.745s][info][gc,heap        ] GC(155) Old regions: 243->243
[2026-04-03T03:21:28.909+0600][33.745s][info][gc,heap        ] GC(155) Humongous regions: 49->49
[2026-04-03T03:21:28.909+0600][33.745s][info][gc,metaspace   ] GC(155) Metaspace: 70173K(71040K)->70173K(71040K) NonClass: 61215K(61696K)->61215K(61696K) Class: 8958K(9344K)->8958K(9344K)
[2026-04-03T03:21:28.909+0600][33.745s][info][gc             ] GC(155) Pause Young (Prepare Mixed) (G1 Evacuation Pause) 641M->323M(725M) 36.578ms
[2026-04-03T03:21:28.909+0600][33.745s][info][gc,cpu         ] GC(155) User=0.35s Sys=0.01s Real=0.03s
[2026-04-03T03:21:29.272+0600][34.108s][info][gc,start       ] GC(156) Pause Young (Mixed) (G1 Evacuation Pause)
[2026-04-03T03:21:29.272+0600][34.108s][info][gc,task        ] GC(156) Using 10 workers of 10 for evacuation
[2026-04-03T03:21:29.320+0600][34.156s][info][gc,phases      ] GC(156)   Pre Evacuate Collection Set: 0.36ms
[2026-04-03T03:21:29.320+0600][34.156s][info][gc,phases      ] GC(156)   Merge Heap Roots: 0.69ms
[2026-04-03T03:21:29.320+0600][34.156s][info][gc,phases      ] GC(156)   Evacuate Collection Set: 45.36ms
[2026-04-03T03:21:29.320+0600][34.156s][info][gc,phases      ] GC(156)   Post Evacuate Collection Set: 0.95ms
[2026-04-03T03:21:29.320+0600][34.156s][info][gc,phases      ] GC(156)   Other: 0.15ms
[2026-04-03T03:21:29.320+0600][34.156s][info][gc,heap        ] GC(156) Eden regions: 321->0(347)
[2026-04-03T03:21:29.320+0600][34.156s][info][gc,heap        ] GC(156) Survivor regions: 34->29(45)
[2026-04-03T03:21:29.320+0600][34.156s][info][gc,heap        ] GC(156) Old regions: 243->228
[2026-04-03T03:21:29.320+0600][34.156s][info][gc,heap        ] GC(156) Humongous regions: 49->49
[2026-04-03T03:21:29.320+0600][34.156s][info][gc,metaspace   ] GC(156) Metaspace: 70180K(71104K)->70180K(71104K) NonClass: 61222K(61760K)->61222K(61760K) Class: 8958K(9344K)->8958K(9344K)
[2026-04-03T03:21:29.320+0600][34.156s][info][gc             ] GC(156) Pause Young (Mixed) (G1 Evacuation Pause) 644M->304M(725M) 47.840ms
[2026-04-03T03:21:29.320+0600][34.156s][info][gc,cpu         ] GC(156) User=0.46s Sys=0.00s Real=0.05s
[2026-04-03T03:21:29.321+0600][34.157s][info][gc,start       ] GC(157) Pause Young (Concurrent Start) (G1 Humongous Allocation)
[2026-04-03T03:21:29.321+0600][34.157s][info][gc,task        ] GC(157) Using 10 workers of 10 for evacuation
[2026-04-03T03:21:29.352+0600][34.188s][info][gc,phases      ] GC(157)   Pre Evacuate Collection Set: 0.58ms
[2026-04-03T03:21:29.352+0600][34.188s][info][gc,phases      ] GC(157)   Merge Heap Roots: 0.36ms
[2026-04-03T03:21:29.352+0600][34.188s][info][gc,phases      ] GC(157)   Evacuate Collection Set: 29.44ms
[2026-04-03T03:21:29.352+0600][34.188s][info][gc,phases      ] GC(157)   Post Evacuate Collection Set: 0.91ms
[2026-04-03T03:21:29.352+0600][34.188s][info][gc,phases      ] GC(157)   Other: 0.27ms
[2026-04-03T03:21:29.352+0600][34.188s][info][gc,heap        ] GC(157) Eden regions: 1->0(359)
[2026-04-03T03:21:29.352+0600][34.188s][info][gc,heap        ] GC(157) Survivor regions: 29->16(47)
[2026-04-03T03:21:29.352+0600][34.188s][info][gc,heap        ] GC(157) Old regions: 228->243
[2026-04-03T03:21:29.352+0600][34.188s][info][gc,heap        ] GC(157) Humongous regions: 49->49
[2026-04-03T03:21:29.352+0600][34.188s][info][gc,metaspace   ] GC(157) Metaspace: 70180K(71104K)->70180K(71104K) NonClass: 61222K(61760K)->61222K(61760K) Class: 8958K(9344K)->8958K(9344K)
[2026-04-03T03:21:29.352+0600][34.188s][info][gc             ] GC(157) Pause Young (Concurrent Start) (G1 Humongous Allocation) 305M->305M(725M) 31.806ms
[2026-04-03T03:21:29.352+0600][34.189s][info][gc,cpu         ] GC(157) User=0.27s Sys=0.00s Real=0.03s
[2026-04-03T03:21:29.353+0600][34.189s][info][gc             ] GC(158) Concurrent Mark Cycle
[2026-04-03T03:21:29.353+0600][34.189s][info][gc,marking     ] GC(158) Concurrent Scan Root Regions
[2026-04-03T03:21:29.366+0600][34.202s][info][gc,marking     ] GC(158) Concurrent Scan Root Regions 13.615ms
[2026-04-03T03:21:29.366+0600][34.202s][info][gc,marking     ] GC(158) Concurrent Mark
[2026-04-03T03:21:29.366+0600][34.202s][info][gc,marking     ] GC(158) Concurrent Mark From Roots
[2026-04-03T03:21:29.366+0600][34.202s][info][gc,task        ] GC(158) Using 3 workers of 3 for marking
[2026-04-03T03:21:29.603+0600][34.439s][info][gc,marking     ] GC(158) Concurrent Mark From Roots 236.696ms
[2026-04-03T03:21:29.603+0600][34.439s][info][gc,marking     ] GC(158) Concurrent Preclean
[2026-04-03T03:21:29.603+0600][34.440s][info][gc,marking     ] GC(158) Concurrent Preclean 0.289ms
[2026-04-03T03:21:29.604+0600][34.440s][info][gc,start       ] GC(158) Pause Remark
[2026-04-03T03:21:29.609+0600][34.445s][info][gc             ] GC(158) Pause Remark 379M->364M(725M) 5.022ms
[2026-04-03T03:21:29.609+0600][34.445s][info][gc,cpu         ] GC(158) User=0.03s Sys=0.00s Real=0.00s
[2026-04-03T03:21:29.609+0600][34.445s][info][gc,marking     ] GC(158) Concurrent Mark 242.821ms
[2026-04-03T03:21:29.609+0600][34.445s][info][gc,marking     ] GC(158) Concurrent Rebuild Remembered Sets and Scrub Regions
[2026-04-03T03:21:29.849+0600][34.685s][info][gc,marking     ] GC(158) Concurrent Rebuild Remembered Sets and Scrub Regions 240.027ms
[2026-04-03T03:21:29.850+0600][34.686s][info][gc,start       ] GC(158) Pause Cleanup
[2026-04-03T03:21:29.850+0600][34.686s][info][gc             ] GC(158) Pause Cleanup 437M->437M(725M) 0.644ms
[2026-04-03T03:21:29.850+0600][34.686s][info][gc,cpu         ] GC(158) User=0.00s Sys=0.00s Real=0.01s
[2026-04-03T03:21:29.851+0600][34.687s][info][gc,marking     ] GC(158) Concurrent Clear Claimed Marks
[2026-04-03T03:21:29.851+0600][34.687s][info][gc,marking     ] GC(158) Concurrent Clear Claimed Marks 0.366ms
[2026-04-03T03:21:29.851+0600][34.687s][info][gc,marking     ] GC(158) Concurrent Cleanup for Next Mark
[2026-04-03T03:21:29.852+0600][34.688s][info][gc,marking     ] GC(158) Concurrent Cleanup for Next Mark 0.905ms
[2026-04-03T03:21:29.852+0600][34.688s][info][gc             ] GC(158) Concurrent Mark Cycle 499.456ms
[2026-04-03T03:21:30.998+0600][35.834s][info][gc,start       ] GC(159) Pause Young (Prepare Mixed) (G1 Evacuation Pause)
[2026-04-03T03:21:30.998+0600][35.834s][info][gc,task        ] GC(159) Using 10 workers of 10 for evacuation
[2026-04-03T03:21:31.043+0600][35.879s][info][gc,phases      ] GC(159)   Pre Evacuate Collection Set: 0.44ms
[2026-04-03T03:21:31.043+0600][35.879s][info][gc,phases      ] GC(159)   Merge Heap Roots: 0.96ms
[2026-04-03T03:21:31.043+0600][35.879s][info][gc,phases      ] GC(159)   Evacuate Collection Set: 41.71ms
[2026-04-03T03:21:31.043+0600][35.879s][info][gc,phases      ] GC(159)   Post Evacuate Collection Set: 1.48ms
[2026-04-03T03:21:31.043+0600][35.879s][info][gc,phases      ] GC(159)   Other: 0.13ms
[2026-04-03T03:21:31.043+0600][35.879s][info][gc,heap        ] GC(159) Eden regions: 359->0(349)
[2026-04-03T03:21:31.043+0600][35.879s][info][gc,heap        ] GC(159) Survivor regions: 16->25(47)
[2026-04-03T03:21:31.043+0600][35.879s][info][gc,heap        ] GC(159) Old regions: 243->243
[2026-04-03T03:21:31.043+0600][35.879s][info][gc,heap        ] GC(159) Humongous regions: 69->58
[2026-04-03T03:21:31.043+0600][35.879s][info][gc,metaspace   ] GC(159) Metaspace: 70243K(71104K)->70243K(71104K) NonClass: 61282K(61760K)->61282K(61760K) Class: 8961K(9344K)->8961K(9344K)
[2026-04-03T03:21:31.043+0600][35.879s][info][gc             ] GC(159) Pause Young (Prepare Mixed) (G1 Evacuation Pause) 684M->323M(725M) 45.089ms
[2026-04-03T03:21:31.043+0600][35.879s][info][gc,cpu         ] GC(159) User=0.43s Sys=0.00s Real=0.05s
[2026-04-03T03:21:31.754+0600][36.590s][info][gc,start       ] GC(160) Pause Young (Mixed) (G1 Evacuation Pause)
[2026-04-03T03:21:31.754+0600][36.590s][info][gc,task        ] GC(160) Using 10 workers of 10 for evacuation
[2026-04-03T03:21:31.889+0600][36.725s][info][gc,phases      ] GC(160)   Pre Evacuate Collection Set: 0.39ms
[2026-04-03T03:21:31.889+0600][36.725s][info][gc,phases      ] GC(160)   Merge Heap Roots: 1.97ms
[2026-04-03T03:21:31.889+0600][36.725s][info][gc,phases      ] GC(160)   Evacuate Collection Set: 130.65ms
[2026-04-03T03:21:31.889+0600][36.725s][info][gc,phases      ] GC(160)   Post Evacuate Collection Set: 1.12ms
[2026-04-03T03:21:31.889+0600][36.725s][info][gc,phases      ] GC(160)   Other: 0.14ms
[2026-04-03T03:21:31.889+0600][36.725s][info][gc,heap        ] GC(160) Eden regions: 322->0(284)
[2026-04-03T03:21:31.889+0600][36.725s][info][gc,heap        ] GC(160) Survivor regions: 25->47(47)
[2026-04-03T03:21:31.889+0600][36.725s][info][gc,heap        ] GC(160) Old regions: 243->270
[2026-04-03T03:21:31.889+0600][36.725s][info][gc,heap        ] GC(160) Humongous regions: 135->124
[2026-04-03T03:21:31.889+0600][36.725s][info][gc,metaspace   ] GC(160) Metaspace: 70692K(71616K)->70692K(71616K) NonClass: 61646K(62144K)->61646K(62144K) Class: 9046K(9472K)->9046K(9472K)
[2026-04-03T03:21:31.889+0600][36.725s][info][gc             ] GC(160) Pause Young (Mixed) (G1 Evacuation Pause) 722M->440M(812M) 134.625ms
[2026-04-03T03:21:31.889+0600][36.725s][info][gc,cpu         ] GC(160) User=1.21s Sys=0.10s Real=0.13s
[2026-04-03T03:21:32.031+0600][36.867s][info][gc,start       ] GC(161) Pause Young (Concurrent Start) (G1 Humongous Allocation)
[2026-04-03T03:21:32.031+0600][36.867s][info][gc,task        ] GC(161) Using 10 workers of 10 for evacuation
[2026-04-03T03:21:32.105+0600][36.941s][info][gc,phases      ] GC(161)   Pre Evacuate Collection Set: 0.53ms
[2026-04-03T03:21:32.105+0600][36.941s][info][gc,phases      ] GC(161)   Merge Heap Roots: 0.71ms
[2026-04-03T03:21:32.105+0600][36.941s][info][gc,phases      ] GC(161)   Evacuate Collection Set: 70.82ms
[2026-04-03T03:21:32.105+0600][36.941s][info][gc,phases      ] GC(161)   Post Evacuate Collection Set: 1.40ms
[2026-04-03T03:21:32.105+0600][36.941s][info][gc,phases      ] GC(161)   Other: 0.22ms
[2026-04-03T03:21:32.105+0600][36.941s][info][gc,heap        ] GC(161) Eden regions: 97->0(268)
[2026-04-03T03:21:32.105+0600][36.941s][info][gc,heap        ] GC(161) Survivor regions: 47->10(42)
[2026-04-03T03:21:32.105+0600][36.941s][info][gc,heap        ] GC(161) Old regions: 270->319
[2026-04-03T03:21:32.105+0600][36.941s][info][gc,heap        ] GC(161) Humongous regions: 124->124
[2026-04-03T03:21:32.105+0600][36.941s][info][gc,metaspace   ] GC(161) Metaspace: 70712K(71680K)->70712K(71680K) NonClass: 61664K(62208K)->61664K(62208K) Class: 9048K(9472K)->9048K(9472K)
[2026-04-03T03:21:32.105+0600][36.941s][info][gc             ] GC(161) Pause Young (Concurrent Start) (G1 Humongous Allocation) 536M->451M(830M) 73.996ms
[2026-04-03T03:21:32.105+0600][36.941s][info][gc,cpu         ] GC(161) User=0.72s Sys=0.01s Real=0.07s
[2026-04-03T03:21:32.105+0600][36.941s][info][gc             ] GC(162) Concurrent Mark Cycle
[2026-04-03T03:21:32.105+0600][36.941s][info][gc,marking     ] GC(162) Concurrent Scan Root Regions
[2026-04-03T03:21:32.122+0600][36.959s][info][gc,marking     ] GC(162) Concurrent Scan Root Regions 17.064ms
[2026-04-03T03:21:32.122+0600][36.959s][info][gc,marking     ] GC(162) Concurrent Mark
[2026-04-03T03:21:32.123+0600][36.959s][info][gc,marking     ] GC(162) Concurrent Mark From Roots
[2026-04-03T03:21:32.123+0600][36.959s][info][gc,task        ] GC(162) Using 3 workers of 3 for marking
[2026-04-03T03:21:32.274+0600][37.110s][info][gc,marking     ] GC(162) Concurrent Mark From Roots 150.999ms
[2026-04-03T03:21:32.274+0600][37.110s][info][gc,marking     ] GC(162) Concurrent Preclean
[2026-04-03T03:21:32.274+0600][37.110s][info][gc,marking     ] GC(162) Concurrent Preclean 0.332ms
[2026-04-03T03:21:32.274+0600][37.110s][info][gc,start       ] GC(162) Pause Remark
[2026-04-03T03:21:32.280+0600][37.116s][info][gc             ] GC(162) Pause Remark 529M->338M(830M) 5.332ms
[2026-04-03T03:21:32.280+0600][37.116s][info][gc,cpu         ] GC(162) User=0.03s Sys=0.00s Real=0.01s
[2026-04-03T03:21:32.280+0600][37.116s][info][gc,marking     ] GC(162) Concurrent Mark 157.365ms
[2026-04-03T03:21:32.280+0600][37.116s][info][gc,marking     ] GC(162) Concurrent Rebuild Remembered Sets and Scrub Regions
[2026-04-03T03:21:32.378+0600][37.214s][info][gc,marking     ] GC(162) Concurrent Rebuild Remembered Sets and Scrub Regions 97.697ms
[2026-04-03T03:21:32.378+0600][37.214s][info][gc,start       ] GC(162) Pause Cleanup
[2026-04-03T03:21:32.379+0600][37.215s][info][gc             ] GC(162) Pause Cleanup 379M->379M(830M) 0.640ms
[2026-04-03T03:21:32.379+0600][37.215s][info][gc,cpu         ] GC(162) User=0.01s Sys=0.00s Real=0.00s
[2026-04-03T03:21:32.379+0600][37.215s][info][gc,marking     ] GC(162) Concurrent Clear Claimed Marks
[2026-04-03T03:21:32.379+0600][37.215s][info][gc,marking     ] GC(162) Concurrent Clear Claimed Marks 0.302ms
[2026-04-03T03:21:32.379+0600][37.215s][info][gc,marking     ] GC(162) Concurrent Cleanup for Next Mark
[2026-04-03T03:21:32.381+0600][37.218s][info][gc,marking     ] GC(162) Concurrent Cleanup for Next Mark 2.141ms
[2026-04-03T03:21:32.382+0600][37.218s][info][gc             ] GC(162) Concurrent Mark Cycle 276.261ms
[2026-04-03T03:21:32.922+0600][37.758s][info][gc,start       ] GC(163) Pause Young (Prepare Mixed) (G1 Evacuation Pause)
[2026-04-03T03:21:32.922+0600][37.758s][info][gc,task        ] GC(163) Using 10 workers of 10 for evacuation
[2026-04-03T03:21:32.973+0600][37.809s][info][gc,phases      ] GC(163)   Pre Evacuate Collection Set: 0.52ms
[2026-04-03T03:21:32.973+0600][37.809s][info][gc,phases      ] GC(163)   Merge Heap Roots: 1.07ms
[2026-04-03T03:21:32.973+0600][37.809s][info][gc,phases      ] GC(163)   Evacuate Collection Set: 47.54ms
[2026-04-03T03:21:32.973+0600][37.809s][info][gc,phases      ] GC(163)   Post Evacuate Collection Set: 1.29ms
[2026-04-03T03:21:32.973+0600][37.809s][info][gc,phases      ] GC(163)   Other: 0.12ms
[2026-04-03T03:21:32.973+0600][37.809s][info][gc,heap        ] GC(163) Eden regions: 268->0(363)
[2026-04-03T03:21:32.973+0600][37.809s][info][gc,heap        ] GC(163) Survivor regions: 10->35(35)
[2026-04-03T03:21:32.973+0600][37.809s][info][gc,heap        ] GC(163) Old regions: 231->237
[2026-04-03T03:21:32.973+0600][37.809s][info][gc,heap        ] GC(163) Humongous regions: 65->54
[2026-04-03T03:21:32.973+0600][37.809s][info][gc,metaspace   ] GC(163) Metaspace: 70896K(71872K)->70896K(71872K) NonClass: 61824K(62400K)->61824K(62400K) Class: 9071K(9472K)->9071K(9472K)
[2026-04-03T03:21:32.973+0600][37.809s][info][gc             ] GC(163) Pause Young (Prepare Mixed) (G1 Evacuation Pause) 572M->324M(830M) 50.911ms
[2026-04-03T03:21:32.973+0600][37.809s][info][gc,cpu         ] GC(163) User=0.53s Sys=0.00s Real=0.05s
[2026-04-03T03:21:33.295+0600][38.131s][info][gc,start       ] GC(164) Pause Young (Mixed) (G1 Evacuation Pause)
[2026-04-03T03:21:33.295+0600][38.132s][info][gc,task        ] GC(164) Using 10 workers of 10 for evacuation
[2026-04-03T03:21:33.358+0600][38.194s][info][gc,phases      ] GC(164)   Pre Evacuate Collection Set: 0.26ms
[2026-04-03T03:21:33.358+0600][38.194s][info][gc,phases      ] GC(164)   Merge Heap Roots: 0.34ms
[2026-04-03T03:21:33.358+0600][38.194s][info][gc,phases      ] GC(164)   Evacuate Collection Set: 60.39ms
[2026-04-03T03:21:33.358+0600][38.194s][info][gc,phases      ] GC(164)   Post Evacuate Collection Set: 1.15ms
[2026-04-03T03:21:33.358+0600][38.194s][info][gc,phases      ] GC(164)   Other: 0.20ms
[2026-04-03T03:21:33.358+0600][38.194s][info][gc,heap        ] GC(164) Eden regions: 363->0(330)
[2026-04-03T03:21:33.358+0600][38.194s][info][gc,heap        ] GC(164) Survivor regions: 35->44(50)
[2026-04-03T03:21:33.358+0600][38.194s][info][gc,heap        ] GC(164) Old regions: 237->266
[2026-04-03T03:21:33.358+0600][38.194s][info][gc,heap        ] GC(164) Humongous regions: 74->63
[2026-04-03T03:21:33.358+0600][38.194s][info][gc,metaspace   ] GC(164) Metaspace: 70967K(72000K)->70967K(72000K) NonClass: 61892K(62464K)->61892K(62464K) Class: 9075K(9536K)->9075K(9536K)
[2026-04-03T03:21:33.358+0600][38.194s][info][gc             ] GC(164) Pause Young (Mixed) (G1 Evacuation Pause) 707M->371M(830M) 62.686ms
[2026-04-03T03:21:33.358+0600][38.194s][info][gc,cpu         ] GC(164) User=0.61s Sys=0.00s Real=0.06s
[2026-04-03T03:21:33.363+0600][38.199s][info][gc,start       ] GC(165) Pause Young (Concurrent Start) (G1 Humongous Allocation)
[2026-04-03T03:21:33.363+0600][38.199s][info][gc,task        ] GC(165) Using 10 workers of 10 for evacuation
[2026-04-03T03:21:33.386+0600][38.222s][info][gc,phases      ] GC(165)   Pre Evacuate Collection Set: 0.44ms
[2026-04-03T03:21:33.386+0600][38.222s][info][gc,phases      ] GC(165)   Merge Heap Roots: 0.27ms
[2026-04-03T03:21:33.386+0600][38.222s][info][gc,phases      ] GC(165)   Evacuate Collection Set: 20.99ms
[2026-04-03T03:21:33.386+0600][38.222s][info][gc,phases      ] GC(165)   Post Evacuate Collection Set: 0.57ms
[2026-04-03T03:21:33.386+0600][38.222s][info][gc,phases      ] GC(165)   Other: 0.16ms
[2026-04-03T03:21:33.386+0600][38.222s][info][gc,heap        ] GC(165) Eden regions: 6->0(323)
[2026-04-03T03:21:33.386+0600][38.222s][info][gc,heap        ] GC(165) Survivor regions: 44->5(47)
[2026-04-03T03:21:33.386+0600][38.222s][info][gc,heap        ] GC(165) Old regions: 266->310
[2026-04-03T03:21:33.386+0600][38.222s][info][gc,heap        ] GC(165) Humongous regions: 63->63
[2026-04-03T03:21:33.386+0600][38.222s][info][gc,metaspace   ] GC(165) Metaspace: 70967K(72000K)->70967K(72000K) NonClass: 61892K(62464K)->61892K(62464K) Class: 9075K(9536K)->9075K(9536K)
[2026-04-03T03:21:33.386+0600][38.222s][info][gc             ] GC(165) Pause Young (Concurrent Start) (G1 Humongous Allocation) 377M->376M(830M) 22.765ms
[2026-04-03T03:21:33.386+0600][38.222s][info][gc             ] GC(166) Concurrent Mark Cycle
[2026-04-03T03:21:33.386+0600][38.222s][info][gc,marking     ] GC(166) Concurrent Scan Root Regions
[2026-04-03T03:21:33.386+0600][38.222s][info][gc,cpu         ] GC(165) User=0.21s Sys=0.01s Real=0.02s
[2026-04-03T03:21:33.398+0600][38.234s][info][gc,marking     ] GC(166) Concurrent Scan Root Regions 12.371ms
[2026-04-03T03:21:33.398+0600][38.235s][info][gc,marking     ] GC(166) Concurrent Mark
[2026-04-03T03:21:33.398+0600][38.235s][info][gc,marking     ] GC(166) Concurrent Mark From Roots
[2026-04-03T03:21:33.398+0600][38.235s][info][gc,task        ] GC(166) Using 3 workers of 3 for marking
[2026-04-03T03:21:33.535+0600][38.371s][info][gc,marking     ] GC(166) Concurrent Mark From Roots 136.273ms
[2026-04-03T03:21:33.535+0600][38.371s][info][gc,marking     ] GC(166) Concurrent Preclean
[2026-04-03T03:21:33.535+0600][38.371s][info][gc,marking     ] GC(166) Concurrent Preclean 0.245ms
[2026-04-03T03:21:33.535+0600][38.372s][info][gc,start       ] GC(166) Pause Remark
[2026-04-03T03:21:33.550+0600][38.386s][info][gc             ] GC(166) Pause Remark 511M->390M(830M) 14.318ms
[2026-04-03T03:21:33.550+0600][38.386s][info][gc,cpu         ] GC(166) User=0.13s Sys=0.00s Real=0.02s
[2026-04-03T03:21:33.550+0600][38.386s][info][gc,marking     ] GC(166) Concurrent Mark 151.647ms
[2026-04-03T03:21:33.550+0600][38.386s][info][gc,marking     ] GC(166) Concurrent Rebuild Remembered Sets and Scrub Regions
[2026-04-03T03:21:33.623+0600][38.459s][info][gc,marking     ] GC(166) Concurrent Rebuild Remembered Sets and Scrub Regions 72.672ms
[2026-04-03T03:21:33.623+0600][38.459s][info][gc,start       ] GC(166) Pause Cleanup
[2026-04-03T03:21:33.624+0600][38.460s][info][gc             ] GC(166) Pause Cleanup 414M->414M(830M) 0.651ms
[2026-04-03T03:21:33.624+0600][38.460s][info][gc,cpu         ] GC(166) User=0.00s Sys=0.01s Real=0.00s
[2026-04-03T03:21:33.624+0600][38.460s][info][gc,marking     ] GC(166) Concurrent Clear Claimed Marks
[2026-04-03T03:21:33.624+0600][38.460s][info][gc,marking     ] GC(166) Concurrent Clear Claimed Marks 0.227ms
[2026-04-03T03:21:33.624+0600][38.460s][info][gc,marking     ] GC(166) Concurrent Cleanup for Next Mark
[2026-04-03T03:21:33.626+0600][38.462s][info][gc,marking     ] GC(166) Concurrent Cleanup for Next Mark 1.463ms
[2026-04-03T03:21:33.626+0600][38.462s][info][gc             ] GC(166) Concurrent Mark Cycle 240.056ms
[2026-04-03T03:21:34.565+0600][39.401s][info][gc,start       ] GC(167) Pause Young (Prepare Mixed) (G1 Evacuation Pause)
[2026-04-03T03:21:34.565+0600][39.401s][info][gc,task        ] GC(167) Using 10 workers of 10 for evacuation
[2026-04-03T03:21:34.634+0600][39.470s][info][gc,phases      ] GC(167)   Pre Evacuate Collection Set: 0.49ms
[2026-04-03T03:21:34.634+0600][39.470s][info][gc,phases      ] GC(167)   Merge Heap Roots: 0.50ms
[2026-04-03T03:21:34.634+0600][39.470s][info][gc,phases      ] GC(167)   Evacuate Collection Set: 65.56ms
[2026-04-03T03:21:34.634+0600][39.470s][info][gc,phases      ] GC(167)   Post Evacuate Collection Set: 1.79ms
[2026-04-03T03:21:34.634+0600][39.470s][info][gc,phases      ] GC(167)   Other: 0.14ms
[2026-04-03T03:21:34.634+0600][39.470s][info][gc,heap        ] GC(167) Eden regions: 323->0(312)
[2026-04-03T03:21:34.634+0600][39.470s][info][gc,heap        ] GC(167) Survivor regions: 5->41(41)
[2026-04-03T03:21:34.634+0600][39.470s][info][gc,heap        ] GC(167) Old regions: 235->235
[2026-04-03T03:21:34.634+0600][39.470s][info][gc,heap        ] GC(167) Humongous regions: 226->122
[2026-04-03T03:21:34.634+0600][39.470s][info][gc,metaspace   ] GC(167) Metaspace: 72582K(73536K)->72582K(73536K) NonClass: 63285K(63808K)->63285K(63808K) Class: 9296K(9728K)->9296K(9728K)
[2026-04-03T03:21:34.634+0600][39.470s][info][gc             ] GC(167) Pause Young (Prepare Mixed) (G1 Evacuation Pause) 787M->396M(830M) 68.892ms
[2026-04-03T03:21:34.634+0600][39.470s][info][gc,cpu         ] GC(167) User=0.66s Sys=0.01s Real=0.07s
[2026-04-03T03:21:34.910+0600][39.746s][info][gc,start       ] GC(168) Pause Young (Mixed) (G1 Evacuation Pause)
[2026-04-03T03:21:34.910+0600][39.746s][info][gc,task        ] GC(168) Using 10 workers of 10 for evacuation
[2026-04-03T03:21:34.977+0600][39.813s][info][gc,phases      ] GC(168)   Pre Evacuate Collection Set: 0.32ms
[2026-04-03T03:21:34.977+0600][39.813s][info][gc,phases      ] GC(168)   Merge Heap Roots: 0.45ms
[2026-04-03T03:21:34.977+0600][39.813s][info][gc,phases      ] GC(168)   Evacuate Collection Set: 65.66ms
[2026-04-03T03:21:34.977+0600][39.813s][info][gc,phases      ] GC(168)   Post Evacuate Collection Set: 0.66ms
[2026-04-03T03:21:34.977+0600][39.813s][info][gc,phases      ] GC(168)   Other: 0.12ms
[2026-04-03T03:21:34.977+0600][39.813s][info][gc,heap        ] GC(168) Eden regions: 312->0(308)
[2026-04-03T03:21:34.977+0600][39.813s][info][gc,heap        ] GC(168) Survivor regions: 41->43(45)
[2026-04-03T03:21:34.977+0600][39.813s][info][gc,heap        ] GC(168) Old regions: 235->265
[2026-04-03T03:21:34.977+0600][39.813s][info][gc,heap        ] GC(168) Humongous regions: 178->110
[2026-04-03T03:21:34.977+0600][39.813s][info][gc,metaspace   ] GC(168) Metaspace: 72640K(73536K)->72640K(73536K) NonClass: 63340K(63808K)->63340K(63808K) Class: 9300K(9728K)->9300K(9728K)
[2026-04-03T03:21:34.977+0600][39.813s][info][gc             ] GC(168) Pause Young (Mixed) (G1 Evacuation Pause) 764M->416M(849M) 67.515ms
[2026-04-03T03:21:34.977+0600][39.813s][info][gc,cpu         ] GC(168) User=0.65s Sys=0.03s Real=0.06s
[2026-04-03T03:21:35.138+0600][39.975s][info][gc,start       ] GC(169) Pause Young (Concurrent Start) (G1 Humongous Allocation)
[2026-04-03T03:21:35.139+0600][39.975s][info][gc,task        ] GC(169) Using 10 workers of 10 for evacuation
[2026-04-03T03:21:35.165+0600][40.001s][info][gc,phases      ] GC(169)   Pre Evacuate Collection Set: 0.47ms
[2026-04-03T03:21:35.165+0600][40.001s][info][gc,phases      ] GC(169)   Merge Heap Roots: 0.23ms
[2026-04-03T03:21:35.165+0600][40.001s][info][gc,phases      ] GC(169)   Evacuate Collection Set: 24.59ms
[2026-04-03T03:21:35.165+0600][40.001s][info][gc,phases      ] GC(169)   Post Evacuate Collection Set: 0.79ms
[2026-04-03T03:21:35.165+0600][40.001s][info][gc,phases      ] GC(169)   Other: 0.21ms
[2026-04-03T03:21:35.165+0600][40.001s][info][gc,heap        ] GC(169) Eden regions: 226->0(327)
[2026-04-03T03:21:35.165+0600][40.001s][info][gc,heap        ] GC(169) Survivor regions: 43->3(44)
[2026-04-03T03:21:35.165+0600][40.001s][info][gc,heap        ] GC(169) Old regions: 265->307
[2026-04-03T03:21:35.165+0600][40.001s][info][gc,heap        ] GC(169) Humongous regions: 110->110
[2026-04-03T03:21:35.165+0600][40.001s][info][gc,metaspace   ] GC(169) Metaspace: 72643K(73536K)->72643K(73536K) NonClass: 63341K(63808K)->63341K(63808K) Class: 9301K(9728K)->9301K(9728K)
[2026-04-03T03:21:35.165+0600][40.001s][info][gc             ] GC(169) Pause Young (Concurrent Start) (G1 Humongous Allocation) 642M->418M(849M) 26.676ms
[2026-04-03T03:21:35.165+0600][40.001s][info][gc,cpu         ] GC(169) User=0.27s Sys=0.00s Real=0.03s
[2026-04-03T03:21:35.165+0600][40.001s][info][gc             ] GC(170) Concurrent Mark Cycle
[2026-04-03T03:21:35.165+0600][40.001s][info][gc,marking     ] GC(170) Concurrent Scan Root Regions
[2026-04-03T03:21:35.176+0600][40.012s][info][gc,marking     ] GC(170) Concurrent Scan Root Regions 10.144ms
[2026-04-03T03:21:35.176+0600][40.012s][info][gc,marking     ] GC(170) Concurrent Mark
[2026-04-03T03:21:35.176+0600][40.012s][info][gc,marking     ] GC(170) Concurrent Mark From Roots
[2026-04-03T03:21:35.176+0600][40.012s][info][gc,task        ] GC(170) Using 3 workers of 3 for marking
[2026-04-03T03:21:35.309+0600][40.146s][info][gc,marking     ] GC(170) Concurrent Mark From Roots 133.807ms
[2026-04-03T03:21:35.309+0600][40.146s][info][gc,marking     ] GC(170) Concurrent Preclean
[2026-04-03T03:21:35.310+0600][40.146s][info][gc,marking     ] GC(170) Concurrent Preclean 0.152ms
[2026-04-03T03:21:35.310+0600][40.146s][info][gc,start       ] GC(170) Pause Remark
[2026-04-03T03:21:35.314+0600][40.151s][info][gc             ] GC(170) Pause Remark 491M->360M(849M) 4.658ms
[2026-04-03T03:21:35.315+0600][40.151s][info][gc,cpu         ] GC(170) User=0.03s Sys=0.00s Real=0.00s
[2026-04-03T03:21:35.315+0600][40.151s][info][gc,marking     ] GC(170) Concurrent Mark 139.228ms
[2026-04-03T03:21:35.315+0600][40.151s][info][gc,marking     ] GC(170) Concurrent Rebuild Remembered Sets and Scrub Regions
[2026-04-03T03:21:35.378+0600][40.214s][info][gc,marking     ] GC(170) Concurrent Rebuild Remembered Sets and Scrub Regions 63.057ms
[2026-04-03T03:21:35.379+0600][40.215s][info][gc,start       ] GC(170) Pause Cleanup
[2026-04-03T03:21:35.379+0600][40.215s][info][gc             ] GC(170) Pause Cleanup 482M->482M(849M) 0.456ms
[2026-04-03T03:21:35.379+0600][40.215s][info][gc,cpu         ] GC(170) User=0.00s Sys=0.00s Real=0.00s
[2026-04-03T03:21:35.379+0600][40.215s][info][gc,marking     ] GC(170) Concurrent Clear Claimed Marks
[2026-04-03T03:21:35.380+0600][40.216s][info][gc,marking     ] GC(170) Concurrent Clear Claimed Marks 0.201ms
[2026-04-03T03:21:35.380+0600][40.216s][info][gc,start       ] GC(171) Pause Full (System.gc())
[2026-04-03T03:21:35.380+0600][40.216s][info][gc,task        ] GC(171) Using 10 workers of 10 for full compaction
[2026-04-03T03:21:35.380+0600][40.216s][info][gc,marking     ] GC(170) Concurrent Cleanup for Next Mark
[2026-04-03T03:21:35.380+0600][40.217s][info][gc,phases,start] GC(171) Phase 1: Mark live objects
[2026-04-03T03:21:35.434+0600][40.271s][info][gc,phases      ] GC(171) Phase 1: Mark live objects 53.940ms
[2026-04-03T03:21:35.435+0600][40.271s][info][gc,phases,start] GC(171) Phase 2: Prepare compaction
[2026-04-03T03:21:35.439+0600][40.275s][info][gc,phases      ] GC(171) Phase 2: Prepare compaction 4.505ms
[2026-04-03T03:21:35.439+0600][40.275s][info][gc,phases,start] GC(171) Phase 3: Adjust pointers
[2026-04-03T03:21:35.465+0600][40.301s][info][gc,phases      ] GC(171) Phase 3: Adjust pointers 25.558ms
[2026-04-03T03:21:35.465+0600][40.301s][info][gc,phases,start] GC(171) Phase 4: Compact heap
[2026-04-03T03:21:35.472+0600][40.308s][info][gc,phases      ] GC(171) Phase 4: Compact heap 7.346ms
[2026-04-03T03:21:35.472+0600][40.308s][info][gc,phases,start] GC(171) Phase 5: Reset Metadata
[2026-04-03T03:21:35.480+0600][40.316s][info][gc,phases      ] GC(171) Phase 5: Reset Metadata 7.560ms
[2026-04-03T03:21:35.495+0600][40.331s][info][gc,heap        ] GC(171) Eden regions: 192->0(276)
[2026-04-03T03:21:35.495+0600][40.331s][info][gc,heap        ] GC(171) Survivor regions: 3->0(44)
[2026-04-03T03:21:35.495+0600][40.331s][info][gc,heap        ] GC(171) Old regions: 269->145
[2026-04-03T03:21:35.495+0600][40.331s][info][gc,heap        ] GC(171) Humongous regions: 20->11
[2026-04-03T03:21:35.495+0600][40.331s][info][gc,metaspace   ] GC(171) Metaspace: 72878K(73792K)->72878K(73792K) NonClass: 63542K(64064K)->63542K(64064K) Class: 9335K(9728K)->9335K(9728K)
[2026-04-03T03:21:35.495+0600][40.331s][info][gc             ] GC(171) Pause Full (System.gc()) 482M->150M(520M) 115.586ms
[2026-04-03T03:21:35.495+0600][40.331s][info][gc,cpu         ] GC(171) User=0.88s Sys=0.08s Real=0.12s
[2026-04-03T03:21:35.495+0600][40.332s][info][gc,marking     ] GC(170) Concurrent Cleanup for Next Mark 115.884ms
[2026-04-03T03:21:35.496+0600][40.332s][info][gc,marking     ] GC(170) Concurrent Mark Abort
[2026-04-03T03:21:35.496+0600][40.332s][info][gc             ] GC(170) Concurrent Mark Cycle 330.262ms
[2026-04-03T03:21:35.546+0600][40.382s][info][gc,start       ] GC(172) Pause Young (Concurrent Start) (G1 Humongous Allocation)
[2026-04-03T03:21:35.546+0600][40.382s][info][gc,task        ] GC(172) Using 10 workers of 10 for evacuation
[2026-04-03T03:21:35.549+0600][40.385s][info][gc,phases      ] GC(172)   Pre Evacuate Collection Set: 0.29ms
[2026-04-03T03:21:35.549+0600][40.385s][info][gc,phases      ] GC(172)   Merge Heap Roots: 0.09ms
[2026-04-03T03:21:35.549+0600][40.385s][info][gc,phases      ] GC(172)   Evacuate Collection Set: 0.88ms
[2026-04-03T03:21:35.549+0600][40.385s][info][gc,phases      ] GC(172)   Post Evacuate Collection Set: 0.93ms
[2026-04-03T03:21:35.549+0600][40.385s][info][gc,phases      ] GC(172)   Other: 0.16ms
[2026-04-03T03:21:35.549+0600][40.385s][info][gc,heap        ] GC(172) Eden regions: 16->0(425)
[2026-04-03T03:21:35.549+0600][40.385s][info][gc,heap        ] GC(172) Survivor regions: 0->2(35)
[2026-04-03T03:21:35.549+0600][40.385s][info][gc,heap        ] GC(172) Old regions: 145->145
[2026-04-03T03:21:35.549+0600][40.385s][info][gc,heap        ] GC(172) Humongous regions: 11->11
[2026-04-03T03:21:35.549+0600][40.385s][info][gc,metaspace   ] GC(172) Metaspace: 72909K(73856K)->72909K(73856K) NonClass: 63574K(64128K)->63574K(64128K) Class: 9335K(9728K)->9335K(9728K)
[2026-04-03T03:21:35.549+0600][40.385s][info][gc             ] GC(172) Pause Young (Concurrent Start) (G1 Humongous Allocation) 166M->152M(712M) 2.562ms
[2026-04-03T03:21:35.549+0600][40.385s][info][gc,cpu         ] GC(172) User=0.01s Sys=0.00s Real=0.00s
[2026-04-03T03:21:35.549+0600][40.385s][info][gc             ] GC(173) Concurrent Mark Cycle
[2026-04-03T03:21:35.549+0600][40.385s][info][gc,marking     ] GC(173) Concurrent Scan Root Regions
[2026-04-03T03:21:35.550+0600][40.386s][info][gc,marking     ] GC(173) Concurrent Scan Root Regions 0.673ms
[2026-04-03T03:21:35.550+0600][40.386s][info][gc,marking     ] GC(173) Concurrent Mark
[2026-04-03T03:21:35.550+0600][40.386s][info][gc,marking     ] GC(173) Concurrent Mark From Roots
[2026-04-03T03:21:35.550+0600][40.386s][info][gc,task        ] GC(173) Using 3 workers of 3 for marking
[2026-04-03T03:21:35.701+0600][40.537s][info][gc,marking     ] GC(173) Concurrent Mark From Roots 151.213ms
[2026-04-03T03:21:35.701+0600][40.537s][info][gc,marking     ] GC(173) Concurrent Preclean
[2026-04-03T03:21:35.701+0600][40.537s][info][gc,marking     ] GC(173) Concurrent Preclean 0.201ms
[2026-04-03T03:21:35.702+0600][40.538s][info][gc,start       ] GC(173) Pause Remark
[2026-04-03T03:21:35.706+0600][40.542s][info][gc             ] GC(173) Pause Remark 255M->255M(584M) 4.300ms
[2026-04-03T03:21:35.706+0600][40.542s][info][gc,cpu         ] GC(173) User=0.03s Sys=0.00s Real=0.00s
[2026-04-03T03:21:35.706+0600][40.542s][info][gc,marking     ] GC(173) Concurrent Mark 156.508ms
[2026-04-03T03:21:35.706+0600][40.542s][info][gc,marking     ] GC(173) Concurrent Rebuild Remembered Sets and Scrub Regions
[2026-04-03T03:21:35.758+0600][40.594s][info][gc,marking     ] GC(173) Concurrent Rebuild Remembered Sets and Scrub Regions 51.847ms
[2026-04-03T03:21:35.758+0600][40.595s][info][gc,start       ] GC(173) Pause Cleanup
[2026-04-03T03:21:35.759+0600][40.595s][info][gc             ] GC(173) Pause Cleanup 308M->308M(584M) 0.374ms
[2026-04-03T03:21:35.759+0600][40.595s][info][gc,cpu         ] GC(173) User=0.00s Sys=0.01s Real=0.00s
[2026-04-03T03:21:35.759+0600][40.595s][info][gc,marking     ] GC(173) Concurrent Clear Claimed Marks
[2026-04-03T03:21:35.759+0600][40.595s][info][gc,marking     ] GC(173) Concurrent Clear Claimed Marks 0.250ms
[2026-04-03T03:21:35.759+0600][40.595s][info][gc,marking     ] GC(173) Concurrent Cleanup for Next Mark
[2026-04-03T03:21:35.760+0600][40.596s][info][gc,marking     ] GC(173) Concurrent Cleanup for Next Mark 0.810ms
[2026-04-03T03:21:35.760+0600][40.596s][info][gc             ] GC(173) Concurrent Mark Cycle 211.338ms
[2026-04-03T03:21:35.912+0600][40.748s][info][gc,start       ] GC(174) Pause Young (Prepare Mixed) (G1 Evacuation Pause)
[2026-04-03T03:21:35.912+0600][40.748s][info][gc,task        ] GC(174) Using 10 workers of 10 for evacuation
[2026-04-03T03:21:35.972+0600][40.808s][info][gc,phases      ] GC(174)   Pre Evacuate Collection Set: 0.26ms
[2026-04-03T03:21:35.972+0600][40.808s][info][gc,phases      ] GC(174)   Merge Heap Roots: 0.68ms
[2026-04-03T03:21:35.972+0600][40.808s][info][gc,phases      ] GC(174)   Evacuate Collection Set: 58.46ms
[2026-04-03T03:21:35.972+0600][40.809s][info][gc,phases      ] GC(174)   Post Evacuate Collection Set: 0.73ms
[2026-04-03T03:21:35.972+0600][40.809s][info][gc,phases      ] GC(174)   Other: 0.12ms
[2026-04-03T03:21:35.972+0600][40.809s][info][gc,heap        ] GC(174) Eden regions: 348->0(251)
[2026-04-03T03:21:35.972+0600][40.809s][info][gc,heap        ] GC(174) Survivor regions: 2->44(44)
[2026-04-03T03:21:35.972+0600][40.809s][info][gc,heap        ] GC(174) Old regions: 145->188
[2026-04-03T03:21:35.972+0600][40.809s][info][gc,heap        ] GC(174) Humongous regions: 58->53
[2026-04-03T03:21:35.972+0600][40.809s][info][gc,metaspace   ] GC(174) Metaspace: 72930K(73856K)->72930K(73856K) NonClass: 63595K(64128K)->63595K(64128K) Class: 9335K(9728K)->9335K(9728K)
[2026-04-03T03:21:35.972+0600][40.809s][info][gc             ] GC(174) Pause Young (Prepare Mixed) (G1 Evacuation Pause) 547M->279M(640M) 60.549ms
[2026-04-03T03:21:35.973+0600][40.809s][info][gc,cpu         ] GC(174) User=0.53s Sys=0.05s Real=0.06s
[2026-04-03T03:21:36.250+0600][41.086s][info][gc,start       ] GC(175) Pause Young (Mixed) (G1 Evacuation Pause)
[2026-04-03T03:21:36.250+0600][41.086s][info][gc,task        ] GC(175) Using 10 workers of 10 for evacuation
[2026-04-03T03:21:36.305+0600][41.141s][info][gc,phases      ] GC(175)   Pre Evacuate Collection Set: 0.28ms
[2026-04-03T03:21:36.305+0600][41.141s][info][gc,phases      ] GC(175)   Merge Heap Roots: 0.75ms
[2026-04-03T03:21:36.305+0600][41.141s][info][gc,phases      ] GC(175)   Evacuate Collection Set: 53.28ms
[2026-04-03T03:21:36.305+0600][41.141s][info][gc,phases      ] GC(175)   Post Evacuate Collection Set: 0.75ms
[2026-04-03T03:21:36.305+0600][41.141s][info][gc,phases      ] GC(175)   Other: 0.11ms
[2026-04-03T03:21:36.305+0600][41.141s][info][gc,heap        ] GC(175) Eden regions: 251->0(231)
[2026-04-03T03:21:36.305+0600][41.141s][info][gc,heap        ] GC(175) Survivor regions: 44->24(37)
[2026-04-03T03:21:36.305+0600][41.141s][info][gc,heap        ] GC(175) Old regions: 188->234
[2026-04-03T03:21:36.305+0600][41.141s][info][gc,heap        ] GC(175) Humongous regions: 69->69
[2026-04-03T03:21:36.305+0600][41.141s][info][gc,metaspace   ] GC(175) Metaspace: 72931K(73856K)->72931K(73856K) NonClass: 63595K(64128K)->63595K(64128K) Class: 9335K(9728K)->9335K(9728K)
[2026-04-03T03:21:36.305+0600][41.142s][info][gc             ] GC(175) Pause Young (Mixed) (G1 Evacuation Pause) 546M->322M(640M) 55.513ms
[2026-04-03T03:21:36.305+0600][41.142s][info][gc,cpu         ] GC(175) User=0.55s Sys=0.00s Real=0.05s
[2026-04-03T03:21:36.764+0600][41.600s][info][gc,start       ] GC(176) Pause Young (Concurrent Start) (G1 Evacuation Pause)
[2026-04-03T03:21:36.764+0600][41.600s][info][gc,task        ] GC(176) Using 10 workers of 10 for evacuation
[2026-04-03T03:21:36.790+0600][41.626s][info][gc,phases      ] GC(176)   Pre Evacuate Collection Set: 0.49ms
[2026-04-03T03:21:36.790+0600][41.626s][info][gc,phases      ] GC(176)   Merge Heap Roots: 0.19ms
[2026-04-03T03:21:36.790+0600][41.626s][info][gc,phases      ] GC(176)   Evacuate Collection Set: 24.47ms
[2026-04-03T03:21:36.790+0600][41.626s][info][gc,phases      ] GC(176)   Post Evacuate Collection Set: 0.67ms
[2026-04-03T03:21:36.790+0600][41.626s][info][gc,phases      ] GC(176)   Other: 0.20ms
[2026-04-03T03:21:36.790+0600][41.626s][info][gc,heap        ] GC(176) Eden regions: 231->0(230)
[2026-04-03T03:21:36.790+0600][41.626s][info][gc,heap        ] GC(176) Survivor regions: 24->14(32)
[2026-04-03T03:21:36.790+0600][41.626s][info][gc,heap        ] GC(176) Old regions: 234->257
[2026-04-03T03:21:36.790+0600][41.626s][info][gc,heap        ] GC(176) Humongous regions: 69->69
[2026-04-03T03:21:36.790+0600][41.626s][info][gc,metaspace   ] GC(176) Metaspace: 72931K(73856K)->72931K(73856K) NonClass: 63595K(64128K)->63595K(64128K) Class: 9335K(9728K)->9335K(9728K)
[2026-04-03T03:21:36.790+0600][41.626s][info][gc             ] GC(176) Pause Young (Concurrent Start) (G1 Evacuation Pause) 553M->335M(640M) 26.342ms
[2026-04-03T03:21:36.790+0600][41.626s][info][gc,cpu         ] GC(176) User=0.25s Sys=0.01s Real=0.03s
[2026-04-03T03:21:36.790+0600][41.626s][info][gc             ] GC(177) Concurrent Mark Cycle
[2026-04-03T03:21:36.790+0600][41.626s][info][gc,marking     ] GC(177) Concurrent Scan Root Regions
[2026-04-03T03:21:36.805+0600][41.641s][info][gc,marking     ] GC(177) Concurrent Scan Root Regions 14.753ms
[2026-04-03T03:21:36.805+0600][41.641s][info][gc,marking     ] GC(177) Concurrent Mark
[2026-04-03T03:21:36.805+0600][41.641s][info][gc,marking     ] GC(177) Concurrent Mark From Roots
[2026-04-03T03:21:36.805+0600][41.641s][info][gc,task        ] GC(177) Using 3 workers of 3 for marking
[2026-04-03T03:21:37.022+0600][41.858s][info][gc,marking     ] GC(177) Concurrent Mark From Roots 216.399ms
[2026-04-03T03:21:37.022+0600][41.858s][info][gc,marking     ] GC(177) Concurrent Preclean
[2026-04-03T03:21:37.022+0600][41.858s][info][gc,marking     ] GC(177) Concurrent Preclean 0.228ms
[2026-04-03T03:21:37.022+0600][41.858s][info][gc,start       ] GC(177) Pause Remark
[2026-04-03T03:21:37.027+0600][41.863s][info][gc             ] GC(177) Pause Remark 467M->424M(640M) 4.886ms
[2026-04-03T03:21:37.027+0600][41.863s][info][gc,cpu         ] GC(177) User=0.03s Sys=0.00s Real=0.00s
[2026-04-03T03:21:37.027+0600][41.863s][info][gc,marking     ] GC(177) Concurrent Mark 222.258ms
[2026-04-03T03:21:37.027+0600][41.864s][info][gc,marking     ] GC(177) Concurrent Rebuild Remembered Sets and Scrub Regions
[2026-04-03T03:21:37.158+0600][41.994s][info][gc,start       ] GC(178) Pause Young (Normal) (G1 Evacuation Pause)
[2026-04-03T03:21:37.158+0600][41.994s][info][gc,task        ] GC(178) Using 10 workers of 10 for evacuation
[2026-04-03T03:21:37.179+0600][42.015s][info][gc,phases      ] GC(178)   Pre Evacuate Collection Set: 0.55ms
[2026-04-03T03:21:37.179+0600][42.015s][info][gc,phases      ] GC(178)   Merge Heap Roots: 0.88ms
[2026-04-03T03:21:37.179+0600][42.015s][info][gc,phases      ] GC(178)   Evacuate Collection Set: 18.19ms
[2026-04-03T03:21:37.179+0600][42.015s][info][gc,phases      ] GC(178)   Post Evacuate Collection Set: 0.94ms
[2026-04-03T03:21:37.179+0600][42.015s][info][gc,phases      ] GC(178)   Other: 0.17ms
[2026-04-03T03:21:37.179+0600][42.015s][info][gc,heap        ] GC(178) Eden regions: 230->0(257)
[2026-04-03T03:21:37.179+0600][42.015s][info][gc,heap        ] GC(178) Survivor regions: 14->23(31)
[2026-04-03T03:21:37.179+0600][42.015s][info][gc,heap        ] GC(178) Old regions: 250->250
[2026-04-03T03:21:37.179+0600][42.015s][info][gc,heap        ] GC(178) Humongous regions: 36->36
[2026-04-03T03:21:37.179+0600][42.015s][info][gc,metaspace   ] GC(178) Metaspace: 72931K(73856K)->72931K(73856K) NonClass: 63595K(64128K)->63595K(64128K) Class: 9335K(9728K)->9335K(9728K)
[2026-04-03T03:21:37.179+0600][42.015s][info][gc             ] GC(178) Pause Young (Normal) (G1 Evacuation Pause) 525M->303M(640M) 21.067ms
[2026-04-03T03:21:37.179+0600][42.015s][info][gc,cpu         ] GC(178) User=0.19s Sys=0.01s Real=0.02s
[2026-04-03T03:21:37.199+0600][42.035s][info][gc,marking     ] GC(177) Concurrent Rebuild Remembered Sets and Scrub Regions 171.765ms
[2026-04-03T03:21:37.200+0600][42.036s][info][gc,start       ] GC(177) Pause Cleanup
[2026-04-03T03:21:37.200+0600][42.036s][info][gc             ] GC(177) Pause Cleanup 320M->320M(640M) 0.449ms
[2026-04-03T03:21:37.200+0600][42.036s][info][gc,cpu         ] GC(177) User=0.00s Sys=0.00s Real=0.01s
[2026-04-03T03:21:37.200+0600][42.036s][info][gc,marking     ] GC(177) Concurrent Clear Claimed Marks
[2026-04-03T03:21:37.201+0600][42.037s][info][gc,marking     ] GC(177) Concurrent Clear Claimed Marks 0.267ms
[2026-04-03T03:21:37.201+0600][42.037s][info][gc,marking     ] GC(177) Concurrent Cleanup for Next Mark
[2026-04-03T03:21:37.202+0600][42.038s][info][gc,marking     ] GC(177) Concurrent Cleanup for Next Mark 0.978ms
[2026-04-03T03:21:37.202+0600][42.038s][info][gc             ] GC(177) Concurrent Mark Cycle 411.436ms
[2026-04-03T03:21:37.429+0600][42.265s][info][gc,start       ] GC(179) Pause Young (Prepare Mixed) (G1 Evacuation Pause)
[2026-04-03T03:21:37.429+0600][42.265s][info][gc,task        ] GC(179) Using 10 workers of 10 for evacuation
[2026-04-03T03:21:37.457+0600][42.293s][info][gc,phases      ] GC(179)   Pre Evacuate Collection Set: 0.26ms
[2026-04-03T03:21:37.457+0600][42.293s][info][gc,phases      ] GC(179)   Merge Heap Roots: 0.38ms
[2026-04-03T03:21:37.457+0600][42.293s][info][gc,phases      ] GC(179)   Evacuate Collection Set: 25.97ms
[2026-04-03T03:21:37.457+0600][42.293s][info][gc,phases      ] GC(179)   Post Evacuate Collection Set: 0.87ms
[2026-04-03T03:21:37.457+0600][42.293s][info][gc,phases      ] GC(179)   Other: 0.13ms
[2026-04-03T03:21:37.457+0600][42.293s][info][gc,heap        ] GC(179) Eden regions: 257->0(254)
[2026-04-03T03:21:37.457+0600][42.293s][info][gc,heap        ] GC(179) Survivor regions: 23->23(35)
[2026-04-03T03:21:37.457+0600][42.293s][info][gc,heap        ] GC(179) Old regions: 250->259
[2026-04-03T03:21:37.457+0600][42.293s][info][gc,heap        ] GC(179) Humongous regions: 41->41
[2026-04-03T03:21:37.457+0600][42.293s][info][gc,metaspace   ] GC(179) Metaspace: 72935K(73856K)->72935K(73856K) NonClass: 63600K(64128K)->63600K(64128K) Class: 9335K(9728K)->9335K(9728K)
[2026-04-03T03:21:37.457+0600][42.293s][info][gc             ] GC(179) Pause Young (Prepare Mixed) (G1 Evacuation Pause) 565M->318M(640M) 27.977ms
[2026-04-03T03:21:37.457+0600][42.293s][info][gc,cpu         ] GC(179) User=0.27s Sys=0.01s Real=0.03s
[2026-04-03T03:21:37.699+0600][42.536s][info][gc,start       ] GC(180) Pause Young (Mixed) (G1 Evacuation Pause)
[2026-04-03T03:21:37.700+0600][42.536s][info][gc,task        ] GC(180) Using 10 workers of 10 for evacuation
[2026-04-03T03:21:37.727+0600][42.563s][info][gc,phases      ] GC(180)   Pre Evacuate Collection Set: 0.40ms
[2026-04-03T03:21:37.727+0600][42.563s][info][gc,phases      ] GC(180)   Merge Heap Roots: 0.22ms
[2026-04-03T03:21:37.727+0600][42.564s][info][gc,phases      ] GC(180)   Evacuate Collection Set: 26.03ms
[2026-04-03T03:21:37.727+0600][42.564s][info][gc,phases      ] GC(180)   Post Evacuate Collection Set: 0.96ms
[2026-04-03T03:21:37.727+0600][42.564s][info][gc,phases      ] GC(180)   Other: 0.13ms
[2026-04-03T03:21:37.727+0600][42.564s][info][gc,heap        ] GC(180) Eden regions: 254->0(257)
[2026-04-03T03:21:37.727+0600][42.564s][info][gc,heap        ] GC(180) Survivor regions: 23->23(35)
[2026-04-03T03:21:37.727+0600][42.564s][info][gc,heap        ] GC(180) Old regions: 259->263
[2026-04-03T03:21:37.727+0600][42.564s][info][gc,heap        ] GC(180) Humongous regions: 41->41
[2026-04-03T03:21:37.727+0600][42.564s][info][gc,metaspace   ] GC(180) Metaspace: 72938K(73856K)->72938K(73856K) NonClass: 63603K(64128K)->63603K(64128K) Class: 9335K(9728K)->9335K(9728K)
[2026-04-03T03:21:37.728+0600][42.564s][info][gc             ] GC(180) Pause Young (Mixed) (G1 Evacuation Pause) 572M->323M(640M) 28.084ms
[2026-04-03T03:21:37.728+0600][42.564s][info][gc,cpu         ] GC(180) User=0.26s Sys=0.00s Real=0.03s
[2026-04-03T03:21:37.786+0600][42.622s][info][gc,start       ] GC(181) Pause Young (Concurrent Start) (G1 Humongous Allocation)
[2026-04-03T03:21:37.786+0600][42.622s][info][gc,task        ] GC(181) Using 10 workers of 10 for evacuation
[2026-04-03T03:21:37.807+0600][42.643s][info][gc,phases      ] GC(181)   Pre Evacuate Collection Set: 0.52ms
[2026-04-03T03:21:37.807+0600][42.643s][info][gc,phases      ] GC(181)   Merge Heap Roots: 0.23ms
[2026-04-03T03:21:37.807+0600][42.644s][info][gc,phases      ] GC(181)   Evacuate Collection Set: 18.71ms
[2026-04-03T03:21:37.807+0600][42.644s][info][gc,phases      ] GC(181)   Post Evacuate Collection Set: 1.63ms
[2026-04-03T03:21:37.807+0600][42.644s][info][gc,phases      ] GC(181)   Other: 0.19ms
[2026-04-03T03:21:37.807+0600][42.644s][info][gc,heap        ] GC(181) Eden regions: 61->0(316)
[2026-04-03T03:21:37.807+0600][42.644s][info][gc,heap        ] GC(181) Survivor regions: 23->15(35)
[2026-04-03T03:21:37.807+0600][42.644s][info][gc,heap        ] GC(181) Old regions: 263->273
[2026-04-03T03:21:37.807+0600][42.644s][info][gc,heap        ] GC(181) Humongous regions: 41->41
[2026-04-03T03:21:37.807+0600][42.644s][info][gc,metaspace   ] GC(181) Metaspace: 72938K(73856K)->72938K(73856K) NonClass: 63603K(64128K)->63603K(64128K) Class: 9335K(9728K)->9335K(9728K)
[2026-04-03T03:21:37.808+0600][42.644s][info][gc             ] GC(181) Pause Young (Concurrent Start) (G1 Humongous Allocation) 384M->325M(712M) 21.619ms
[2026-04-03T03:21:37.808+0600][42.644s][info][gc,cpu         ] GC(181) User=0.19s Sys=0.01s Real=0.02s
[2026-04-03T03:21:37.808+0600][42.644s][info][gc             ] GC(182) Concurrent Mark Cycle
[2026-04-03T03:21:37.808+0600][42.644s][info][gc,marking     ] GC(182) Concurrent Scan Root Regions
[2026-04-03T03:21:37.817+0600][42.653s][info][gc,marking     ] GC(182) Concurrent Scan Root Regions 9.575ms
[2026-04-03T03:21:37.817+0600][42.654s][info][gc,marking     ] GC(182) Concurrent Mark
[2026-04-03T03:21:37.817+0600][42.654s][info][gc,marking     ] GC(182) Concurrent Mark From Roots
[2026-04-03T03:21:37.817+0600][42.654s][info][gc,task        ] GC(182) Using 3 workers of 3 for marking
[2026-04-03T03:21:38.038+0600][42.874s][info][gc,marking     ] GC(182) Concurrent Mark From Roots 220.080ms
[2026-04-03T03:21:38.038+0600][42.874s][info][gc,marking     ] GC(182) Concurrent Preclean
[2026-04-03T03:21:38.038+0600][42.874s][info][gc,marking     ] GC(182) Concurrent Preclean 0.186ms
[2026-04-03T03:21:38.038+0600][42.874s][info][gc,start       ] GC(182) Pause Remark
[2026-04-03T03:21:38.042+0600][42.878s][info][gc             ] GC(182) Pause Remark 464M->406M(712M) 4.358ms
[2026-04-03T03:21:38.042+0600][42.879s][info][gc,cpu         ] GC(182) User=0.02s Sys=0.00s Real=0.01s
[2026-04-03T03:21:38.043+0600][42.879s][info][gc,marking     ] GC(182) Concurrent Mark 225.226ms
[2026-04-03T03:21:38.043+0600][42.879s][info][gc,marking     ] GC(182) Concurrent Rebuild Remembered Sets and Scrub Regions
[2026-04-03T03:21:38.248+0600][43.084s][info][gc,marking     ] GC(182) Concurrent Rebuild Remembered Sets and Scrub Regions 204.807ms
[2026-04-03T03:21:38.248+0600][43.084s][info][gc,start       ] GC(182) Pause Cleanup
[2026-04-03T03:21:38.249+0600][43.085s][info][gc             ] GC(182) Pause Cleanup 557M->557M(712M) 0.659ms
[2026-04-03T03:21:38.249+0600][43.085s][info][gc,cpu         ] GC(182) User=0.00s Sys=0.00s Real=0.00s
[2026-04-03T03:21:38.249+0600][43.085s][info][gc,marking     ] GC(182) Concurrent Clear Claimed Marks
[2026-04-03T03:21:38.249+0600][43.085s][info][gc,marking     ] GC(182) Concurrent Clear Claimed Marks 0.287ms
[2026-04-03T03:21:38.249+0600][43.085s][info][gc,marking     ] GC(182) Concurrent Cleanup for Next Mark
[2026-04-03T03:21:38.250+0600][43.087s][info][gc,marking     ] GC(182) Concurrent Cleanup for Next Mark 1.222ms
[2026-04-03T03:21:38.251+0600][43.087s][info][gc             ] GC(182) Concurrent Mark Cycle 442.886ms
[2026-04-03T03:21:38.293+0600][43.129s][info][gc,start       ] GC(183) Pause Young (Prepare Mixed) (G1 Evacuation Pause)
[2026-04-03T03:21:38.293+0600][43.129s][info][gc,task        ] GC(183) Using 10 workers of 10 for evacuation
[2026-04-03T03:21:38.326+0600][43.162s][info][gc,phases      ] GC(183)   Pre Evacuate Collection Set: 0.46ms
[2026-04-03T03:21:38.326+0600][43.162s][info][gc,phases      ] GC(183)   Merge Heap Roots: 1.77ms
[2026-04-03T03:21:38.326+0600][43.162s][info][gc,phases      ] GC(183)   Evacuate Collection Set: 28.97ms
[2026-04-03T03:21:38.326+0600][43.162s][info][gc,phases      ] GC(183)   Post Evacuate Collection Set: 1.26ms
[2026-04-03T03:21:38.326+0600][43.162s][info][gc,phases      ] GC(183)   Other: 0.12ms
[2026-04-03T03:21:38.326+0600][43.162s][info][gc,heap        ] GC(183) Eden regions: 316->0(348)
[2026-04-03T03:21:38.326+0600][43.162s][info][gc,heap        ] GC(183) Survivor regions: 15->27(42)
[2026-04-03T03:21:38.326+0600][43.162s][info][gc,heap        ] GC(183) Old regions: 230->230
[2026-04-03T03:21:38.326+0600][43.162s][info][gc,heap        ] GC(183) Humongous regions: 44->44
[2026-04-03T03:21:38.326+0600][43.162s][info][gc,metaspace   ] GC(183) Metaspace: 72940K(73856K)->72940K(73856K) NonClass: 63605K(64128K)->63605K(64128K) Class: 9335K(9728K)->9335K(9728K)
[2026-04-03T03:21:38.326+0600][43.162s][info][gc             ] GC(183) Pause Young (Prepare Mixed) (G1 Evacuation Pause) 601M->297M(712M) 32.912ms
[2026-04-03T03:21:38.326+0600][43.162s][info][gc,cpu         ] GC(183) User=0.31s Sys=0.00s Real=0.03s
[2026-04-03T03:21:38.905+0600][43.741s][info][gc,start       ] GC(184) Pause Young (Mixed) (G1 Evacuation Pause)
[2026-04-03T03:21:38.905+0600][43.741s][info][gc,task        ] GC(184) Using 10 workers of 10 for evacuation
[2026-04-03T03:21:38.954+0600][43.790s][info][gc,phases      ] GC(184)   Pre Evacuate Collection Set: 0.26ms
[2026-04-03T03:21:38.954+0600][43.791s][info][gc,phases      ] GC(184)   Merge Heap Roots: 0.96ms
[2026-04-03T03:21:38.954+0600][43.791s][info][gc,phases      ] GC(184)   Evacuate Collection Set: 46.09ms
[2026-04-03T03:21:38.954+0600][43.791s][info][gc,phases      ] GC(184)   Post Evacuate Collection Set: 1.49ms
[2026-04-03T03:21:38.954+0600][43.791s][info][gc,phases      ] GC(184)   Other: 0.16ms
[2026-04-03T03:21:38.954+0600][43.791s][info][gc,heap        ] GC(184) Eden regions: 348->0(340)
[2026-04-03T03:21:38.954+0600][43.791s][info][gc,heap        ] GC(184) Survivor regions: 27->27(47)
[2026-04-03T03:21:38.954+0600][43.791s][info][gc,heap        ] GC(184) Old regions: 230->231
[2026-04-03T03:21:38.954+0600][43.791s][info][gc,heap        ] GC(184) Humongous regions: 59->59
[2026-04-03T03:21:38.954+0600][43.791s][info][gc,metaspace   ] GC(184) Metaspace: 72940K(73856K)->72940K(73856K) NonClass: 63605K(64128K)->63605K(64128K) Class: 9335K(9728K)->9335K(9728K)
[2026-04-03T03:21:38.955+0600][43.791s][info][gc             ] GC(184) Pause Young (Mixed) (G1 Evacuation Pause) 660M->313M(712M) 49.310ms
[2026-04-03T03:21:38.955+0600][43.791s][info][gc,cpu         ] GC(184) User=0.48s Sys=0.01s Real=0.05s
[2026-04-03T03:21:38.982+0600][43.818s][info][gc,start       ] GC(185) Pause Young (Concurrent Start) (G1 Humongous Allocation)
[2026-04-03T03:21:38.982+0600][43.818s][info][gc,task        ] GC(185) Using 10 workers of 10 for evacuation
[2026-04-03T03:21:39.022+0600][43.858s][info][gc,phases      ] GC(185)   Pre Evacuate Collection Set: 0.54ms
[2026-04-03T03:21:39.022+0600][43.858s][info][gc,phases      ] GC(185)   Merge Heap Roots: 0.38ms
[2026-04-03T03:21:39.022+0600][43.858s][info][gc,phases      ] GC(185)   Evacuate Collection Set: 37.70ms
[2026-04-03T03:21:39.022+0600][43.858s][info][gc,phases      ] GC(185)   Post Evacuate Collection Set: 0.74ms
[2026-04-03T03:21:39.022+0600][43.858s][info][gc,phases      ] GC(185)   Other: 0.29ms
[2026-04-03T03:21:39.022+0600][43.858s][info][gc,heap        ] GC(185) Eden regions: 9->0(341)
[2026-04-03T03:21:39.022+0600][43.858s][info][gc,heap        ] GC(185) Survivor regions: 27->16(46)
[2026-04-03T03:21:39.022+0600][43.858s][info][gc,heap        ] GC(185) Old regions: 231->244
[2026-04-03T03:21:39.022+0600][43.858s][info][gc,heap        ] GC(185) Humongous regions: 59->59
[2026-04-03T03:21:39.022+0600][43.858s][info][gc,metaspace   ] GC(185) Metaspace: 72940K(73856K)->72940K(73856K) NonClass: 63605K(64128K)->63605K(64128K) Class: 9335K(9728K)->9335K(9728K)
[2026-04-03T03:21:39.022+0600][43.858s][info][gc             ] GC(185) Pause Young (Concurrent Start) (G1 Humongous Allocation) 322M->315M(712M) 39.990ms
[2026-04-03T03:21:39.022+0600][43.858s][info][gc,cpu         ] GC(185) User=0.38s Sys=0.00s Real=0.04s
[2026-04-03T03:21:39.022+0600][43.858s][info][gc             ] GC(186) Concurrent Mark Cycle
[2026-04-03T03:21:39.022+0600][43.858s][info][gc,marking     ] GC(186) Concurrent Scan Root Regions
[2026-04-03T03:21:39.033+0600][43.869s][info][gc,marking     ] GC(186) Concurrent Scan Root Regions 10.239ms
[2026-04-03T03:21:39.033+0600][43.869s][info][gc,marking     ] GC(186) Concurrent Mark
[2026-04-03T03:21:39.033+0600][43.869s][info][gc,marking     ] GC(186) Concurrent Mark From Roots
[2026-04-03T03:21:39.033+0600][43.869s][info][gc,task        ] GC(186) Using 3 workers of 3 for marking
[2026-04-03T03:21:39.397+0600][44.233s][info][gc,marking     ] GC(186) Concurrent Mark From Roots 363.958ms
[2026-04-03T03:21:39.397+0600][44.233s][info][gc,marking     ] GC(186) Concurrent Preclean
[2026-04-03T03:21:39.397+0600][44.233s][info][gc,marking     ] GC(186) Concurrent Preclean 0.182ms
[2026-04-03T03:21:39.397+0600][44.233s][info][gc,start       ] GC(186) Pause Remark
[2026-04-03T03:21:39.402+0600][44.238s][info][gc             ] GC(186) Pause Remark 416M->398M(712M) 4.969ms
[2026-04-03T03:21:39.402+0600][44.239s][info][gc,cpu         ] GC(186) User=0.03s Sys=0.00s Real=0.01s
[2026-04-03T03:21:39.403+0600][44.239s][info][gc,marking     ] GC(186) Concurrent Mark 369.918ms
[2026-04-03T03:21:39.403+0600][44.239s][info][gc,marking     ] GC(186) Concurrent Rebuild Remembered Sets and Scrub Regions
[2026-04-03T03:21:39.669+0600][44.505s][info][gc,marking     ] GC(186) Concurrent Rebuild Remembered Sets and Scrub Regions 266.622ms
[2026-04-03T03:21:39.670+0600][44.506s][info][gc,start       ] GC(186) Pause Cleanup
[2026-04-03T03:21:39.673+0600][44.509s][info][gc             ] GC(186) Pause Cleanup 447M->447M(712M) 3.347ms
[2026-04-03T03:21:39.673+0600][44.509s][info][gc,cpu         ] GC(186) User=0.00s Sys=0.00s Real=0.01s
[2026-04-03T03:21:39.673+0600][44.509s][info][gc,marking     ] GC(186) Concurrent Clear Claimed Marks
[2026-04-03T03:21:39.674+0600][44.510s][info][gc,marking     ] GC(186) Concurrent Clear Claimed Marks 0.272ms
[2026-04-03T03:21:39.674+0600][44.510s][info][gc,marking     ] GC(186) Concurrent Cleanup for Next Mark
[2026-04-03T03:21:39.675+0600][44.511s][info][gc,marking     ] GC(186) Concurrent Cleanup for Next Mark 1.094ms
[2026-04-03T03:21:39.675+0600][44.511s][info][gc             ] GC(186) Concurrent Mark Cycle 652.613ms
[2026-04-03T03:21:40.576+0600][45.412s][info][gc,start       ] GC(187) Pause Young (Prepare Mixed) (G1 Evacuation Pause)
[2026-04-03T03:21:40.576+0600][45.412s][info][gc,task        ] GC(187) Using 10 workers of 10 for evacuation
[2026-04-03T03:21:40.651+0600][45.487s][info][gc,phases      ] GC(187)   Pre Evacuate Collection Set: 0.51ms
[2026-04-03T03:21:40.651+0600][45.487s][info][gc,phases      ] GC(187)   Merge Heap Roots: 1.40ms
[2026-04-03T03:21:40.651+0600][45.487s][info][gc,phases      ] GC(187)   Evacuate Collection Set: 72.13ms
[2026-04-03T03:21:40.651+0600][45.487s][info][gc,phases      ] GC(187)   Post Evacuate Collection Set: 1.04ms
[2026-04-03T03:21:40.651+0600][45.487s][info][gc,phases      ] GC(187)   Other: 0.14ms
[2026-04-03T03:21:40.651+0600][45.487s][info][gc,heap        ] GC(187) Eden regions: 341->0(294)
[2026-04-03T03:21:40.651+0600][45.487s][info][gc,heap        ] GC(187) Survivor regions: 16->45(45)
[2026-04-03T03:21:40.651+0600][45.487s][info][gc,heap        ] GC(187) Old regions: 244->254
[2026-04-03T03:21:40.651+0600][45.487s][info][gc,heap        ] GC(187) Humongous regions: 94->83
[2026-04-03T03:21:40.651+0600][45.487s][info][gc,metaspace   ] GC(187) Metaspace: 72992K(73856K)->72992K(73856K) NonClass: 63655K(64128K)->63655K(64128K) Class: 9336K(9728K)->9336K(9728K)
[2026-04-03T03:21:40.651+0600][45.487s][info][gc             ] GC(187) Pause Young (Prepare Mixed) (G1 Evacuation Pause) 691M->378M(750M) 75.643ms
[2026-04-03T03:21:40.651+0600][45.488s][info][gc,cpu         ] GC(187) User=0.70s Sys=0.04s Real=0.08s
[2026-04-03T03:21:40.902+0600][45.738s][info][gc,start       ] GC(188) Pause Young (Mixed) (G1 Evacuation Pause)
[2026-04-03T03:21:40.902+0600][45.738s][info][gc,task        ] GC(188) Using 10 workers of 10 for evacuation
[2026-04-03T03:21:41.014+0600][45.850s][info][gc,phases      ] GC(188)   Pre Evacuate Collection Set: 0.48ms
[2026-04-03T03:21:41.014+0600][45.850s][info][gc,phases      ] GC(188)   Merge Heap Roots: 1.11ms
[2026-04-03T03:21:41.014+0600][45.850s][info][gc,phases      ] GC(188)   Evacuate Collection Set: 109.70ms
[2026-04-03T03:21:41.014+0600][45.850s][info][gc,phases      ] GC(188)   Post Evacuate Collection Set: 0.67ms
[2026-04-03T03:21:41.014+0600][45.850s][info][gc,phases      ] GC(188)   Other: 0.13ms
[2026-04-03T03:21:41.014+0600][45.850s][info][gc,heap        ] GC(188) Eden regions: 294->0(243)
[2026-04-03T03:21:41.014+0600][45.850s][info][gc,heap        ] GC(188) Survivor regions: 45->43(43)
[2026-04-03T03:21:41.014+0600][45.850s][info][gc,heap        ] GC(188) Old regions: 254->323
[2026-04-03T03:21:41.014+0600][45.850s][info][gc,heap        ] GC(188) Humongous regions: 122->122
[2026-04-03T03:21:41.014+0600][45.850s][info][gc,metaspace   ] GC(188) Metaspace: 72992K(73856K)->72992K(73856K) NonClass: 63655K(64128K)->63655K(64128K) Class: 9336K(9728K)->9336K(9728K)
[2026-04-03T03:21:41.014+0600][45.851s][info][gc             ] GC(188) Pause Young (Mixed) (G1 Evacuation Pause) 711M->486M(839M) 112.425ms
[2026-04-03T03:21:41.014+0600][45.851s][info][gc,cpu         ] GC(188) User=1.01s Sys=0.08s Real=0.11s
[2026-04-03T03:21:41.044+0600][45.880s][info][gc,start       ] GC(189) Pause Young (Concurrent Start) (G1 Humongous Allocation)
[2026-04-03T03:21:41.044+0600][45.880s][info][gc,task        ] GC(189) Using 10 workers of 10 for evacuation
[2026-04-03T03:21:41.075+0600][45.911s][info][gc,phases      ] GC(189)   Pre Evacuate Collection Set: 0.55ms
[2026-04-03T03:21:41.075+0600][45.911s][info][gc,phases      ] GC(189)   Merge Heap Roots: 0.34ms
[2026-04-03T03:21:41.075+0600][45.911s][info][gc,phases      ] GC(189)   Evacuate Collection Set: 29.05ms
[2026-04-03T03:21:41.075+0600][45.911s][info][gc,phases      ] GC(189)   Post Evacuate Collection Set: 0.55ms
[2026-04-03T03:21:41.075+0600][45.911s][info][gc,phases      ] GC(189)   Other: 0.12ms
[2026-04-03T03:21:41.075+0600][45.911s][info][gc,heap        ] GC(189) Eden regions: 41->0(224)
[2026-04-03T03:21:41.075+0600][45.911s][info][gc,heap        ] GC(189) Survivor regions: 43->8(36)
[2026-04-03T03:21:41.075+0600][45.911s][info][gc,heap        ] GC(189) Old regions: 323->369
[2026-04-03T03:21:41.075+0600][45.911s][info][gc,heap        ] GC(189) Humongous regions: 122->122
[2026-04-03T03:21:41.075+0600][45.911s][info][gc,metaspace   ] GC(189) Metaspace: 72992K(73856K)->72992K(73856K) NonClass: 63655K(64128K)->63655K(64128K) Class: 9336K(9728K)->9336K(9728K)
[2026-04-03T03:21:41.075+0600][45.911s][info][gc             ] GC(189) Pause Young (Concurrent Start) (G1 Humongous Allocation) 527M->497M(839M) 30.926ms
[2026-04-03T03:21:41.075+0600][45.911s][info][gc,cpu         ] GC(189) User=0.29s Sys=0.00s Real=0.03s
[2026-04-03T03:21:41.075+0600][45.911s][info][gc             ] GC(190) Concurrent Mark Cycle
[2026-04-03T03:21:41.075+0600][45.911s][info][gc,marking     ] GC(190) Concurrent Scan Root Regions
[2026-04-03T03:21:41.107+0600][45.943s][info][gc,marking     ] GC(190) Concurrent Scan Root Regions 32.120ms
[2026-04-03T03:21:41.107+0600][45.943s][info][gc,marking     ] GC(190) Concurrent Mark
[2026-04-03T03:21:41.107+0600][45.944s][info][gc,marking     ] GC(190) Concurrent Mark From Roots
[2026-04-03T03:21:41.107+0600][45.944s][info][gc,task        ] GC(190) Using 3 workers of 3 for marking
[2026-04-03T03:21:41.305+0600][46.141s][info][gc,marking     ] GC(190) Concurrent Mark From Roots 197.905ms
[2026-04-03T03:21:41.305+0600][46.142s][info][gc,marking     ] GC(190) Concurrent Preclean
[2026-04-03T03:21:41.306+0600][46.142s][info][gc,marking     ] GC(190) Concurrent Preclean 0.256ms
[2026-04-03T03:21:41.306+0600][46.142s][info][gc,start       ] GC(190) Pause Remark
[2026-04-03T03:21:41.311+0600][46.147s][info][gc             ] GC(190) Pause Remark 696M->524M(839M) 4.810ms
[2026-04-03T03:21:41.311+0600][46.147s][info][gc,cpu         ] GC(190) User=0.03s Sys=0.01s Real=0.01s
[2026-04-03T03:21:41.311+0600][46.147s][info][gc,marking     ] GC(190) Concurrent Mark 203.766ms
[2026-04-03T03:21:41.311+0600][46.147s][info][gc,marking     ] GC(190) Concurrent Rebuild Remembered Sets and Scrub Regions
[2026-04-03T03:21:41.346+0600][46.182s][info][gc,start       ] GC(191) Pause Young (Normal) (G1 Evacuation Pause)
[2026-04-03T03:21:41.346+0600][46.182s][info][gc,task        ] GC(191) Using 10 workers of 10 for evacuation
[2026-04-03T03:21:41.371+0600][46.207s][info][gc,phases      ] GC(191)   Pre Evacuate Collection Set: 0.33ms
[2026-04-03T03:21:41.371+0600][46.207s][info][gc,phases      ] GC(191)   Merge Heap Roots: 0.81ms
[2026-04-03T03:21:41.371+0600][46.207s][info][gc,phases      ] GC(191)   Evacuate Collection Set: 22.76ms
[2026-04-03T03:21:41.371+0600][46.207s][info][gc,phases      ] GC(191)   Post Evacuate Collection Set: 1.00ms
[2026-04-03T03:21:41.371+0600][46.207s][info][gc,phases      ] GC(191)   Other: 0.12ms
[2026-04-03T03:21:41.371+0600][46.207s][info][gc,heap        ] GC(191) Eden regions: 224->0(336)
[2026-04-03T03:21:41.371+0600][46.207s][info][gc,heap        ] GC(191) Survivor regions: 8->24(29)
[2026-04-03T03:21:41.371+0600][46.207s][info][gc,heap        ] GC(191) Old regions: 289->289
[2026-04-03T03:21:41.371+0600][46.207s][info][gc,heap        ] GC(191) Humongous regions: 36->36
[2026-04-03T03:21:41.371+0600][46.207s][info][gc,metaspace   ] GC(191) Metaspace: 72995K(73856K)->72995K(73856K) NonClass: 63658K(64128K)->63658K(64128K) Class: 9336K(9728K)->9336K(9728K)
[2026-04-03T03:21:41.371+0600][46.207s][info][gc             ] GC(191) Pause Young (Normal) (G1 Evacuation Pause) 555M->346M(839M) 25.377ms
[2026-04-03T03:21:41.371+0600][46.208s][info][gc,cpu         ] GC(191) User=0.24s Sys=0.00s Real=0.03s
[2026-04-03T03:21:41.442+0600][46.278s][info][gc,marking     ] GC(190) Concurrent Rebuild Remembered Sets and Scrub Regions 130.871ms
[2026-04-03T03:21:41.443+0600][46.279s][info][gc,start       ] GC(190) Pause Cleanup
[2026-04-03T03:21:41.443+0600][46.279s][info][gc             ] GC(190) Pause Cleanup 416M->416M(839M) 0.756ms
[2026-04-03T03:21:41.443+0600][46.279s][info][gc,cpu         ] GC(190) User=0.00s Sys=0.00s Real=0.00s
[2026-04-03T03:21:41.443+0600][46.280s][info][gc,marking     ] GC(190) Concurrent Clear Claimed Marks
[2026-04-03T03:21:41.444+0600][46.280s][info][gc,marking     ] GC(190) Concurrent Clear Claimed Marks 0.241ms
[2026-04-03T03:21:41.444+0600][46.280s][info][gc,marking     ] GC(190) Concurrent Cleanup for Next Mark
[2026-04-03T03:21:41.445+0600][46.282s][info][gc,marking     ] GC(190) Concurrent Cleanup for Next Mark 1.533ms
[2026-04-03T03:21:41.445+0600][46.282s][info][gc             ] GC(190) Concurrent Mark Cycle 370.394ms
[2026-04-03T03:21:42.041+0600][46.877s][info][gc,start       ] GC(192) Pause Young (Prepare Mixed) (G1 Evacuation Pause)
[2026-04-03T03:21:42.041+0600][46.877s][info][gc,task        ] GC(192) Using 10 workers of 10 for evacuation
[2026-04-03T03:21:42.082+0600][46.919s][info][gc,phases      ] GC(192)   Pre Evacuate Collection Set: 0.44ms
[2026-04-03T03:21:42.083+0600][46.919s][info][gc,phases      ] GC(192)   Merge Heap Roots: 0.99ms
[2026-04-03T03:21:42.083+0600][46.919s][info][gc,phases      ] GC(192)   Evacuate Collection Set: 38.30ms
[2026-04-03T03:21:42.083+0600][46.919s][info][gc,phases      ] GC(192)   Post Evacuate Collection Set: 1.35ms
[2026-04-03T03:21:42.083+0600][46.919s][info][gc,phases      ] GC(192)   Other: 0.21ms
[2026-04-03T03:21:42.083+0600][46.919s][info][gc,heap        ] GC(192) Eden regions: 336->0(330)
[2026-04-03T03:21:42.083+0600][46.919s][info][gc,heap        ] GC(192) Survivor regions: 24->42(45)
[2026-04-03T03:21:42.083+0600][46.919s][info][gc,heap        ] GC(192) Old regions: 289->289
[2026-04-03T03:21:42.083+0600][46.919s][info][gc,heap        ] GC(192) Humongous regions: 49->49
[2026-04-03T03:21:42.083+0600][46.919s][info][gc,metaspace   ] GC(192) Metaspace: 73010K(73920K)->73010K(73920K) NonClass: 63673K(64192K)->63673K(64192K) Class: 9336K(9728K)->9336K(9728K)
[2026-04-03T03:21:42.083+0600][46.919s][info][gc             ] GC(192) Pause Young (Prepare Mixed) (G1 Evacuation Pause) 695M->378M(839M) 41.654ms
[2026-04-03T03:21:42.083+0600][46.919s][info][gc,cpu         ] GC(192) User=0.39s Sys=0.01s Real=0.04s
[2026-04-03T03:21:42.461+0600][47.297s][info][gc,start       ] GC(193) Pause Young (Mixed) (G1 Evacuation Pause)
[2026-04-03T03:21:42.461+0600][47.297s][info][gc,task        ] GC(193) Using 10 workers of 10 for evacuation
[2026-04-03T03:21:42.516+0600][47.352s][info][gc,phases      ] GC(193)   Pre Evacuate Collection Set: 0.47ms
[2026-04-03T03:21:42.516+0600][47.352s][info][gc,phases      ] GC(193)   Merge Heap Roots: 0.68ms
[2026-04-03T03:21:42.516+0600][47.352s][info][gc,phases      ] GC(193)   Evacuate Collection Set: 52.80ms
[2026-04-03T03:21:42.516+0600][47.352s][info][gc,phases      ] GC(193)   Post Evacuate Collection Set: 1.08ms
[2026-04-03T03:21:42.516+0600][47.352s][info][gc,phases      ] GC(193)   Other: 0.14ms
[2026-04-03T03:21:42.516+0600][47.352s][info][gc,heap        ] GC(193) Eden regions: 330->0(355)
[2026-04-03T03:21:42.516+0600][47.352s][info][gc,heap        ] GC(193) Survivor regions: 42->33(47)
[2026-04-03T03:21:42.516+0600][47.352s][info][gc,heap        ] GC(193) Old regions: 289->282
[2026-04-03T03:21:42.516+0600][47.352s][info][gc,heap        ] GC(193) Humongous regions: 52->52
[2026-04-03T03:21:42.516+0600][47.352s][info][gc,metaspace   ] GC(193) Metaspace: 73014K(73920K)->73014K(73920K) NonClass: 63678K(64192K)->63678K(64192K) Class: 9336K(9728K)->9336K(9728K)
[2026-04-03T03:21:42.516+0600][47.352s][info][gc             ] GC(193) Pause Young (Mixed) (G1 Evacuation Pause) 711M->365M(839M) 55.557ms
[2026-04-03T03:21:42.516+0600][47.352s][info][gc,cpu         ] GC(193) User=0.47s Sys=0.00s Real=0.05s
[2026-04-03T03:21:42.752+0600][47.588s][info][gc,start       ] GC(194) Pause Young (Concurrent Start) (G1 Humongous Allocation)
[2026-04-03T03:21:42.752+0600][47.588s][info][gc,task        ] GC(194) Using 10 workers of 10 for evacuation
[2026-04-03T03:21:42.782+0600][47.618s][info][gc,phases      ] GC(194)   Pre Evacuate Collection Set: 0.53ms
[2026-04-03T03:21:42.782+0600][47.618s][info][gc,phases      ] GC(194)   Merge Heap Roots: 0.35ms
[2026-04-03T03:21:42.782+0600][47.618s][info][gc,phases      ] GC(194)   Evacuate Collection Set: 27.76ms
[2026-04-03T03:21:42.782+0600][47.618s][info][gc,phases      ] GC(194)   Post Evacuate Collection Set: 1.53ms
[2026-04-03T03:21:42.782+0600][47.618s][info][gc,phases      ] GC(194)   Other: 0.29ms
[2026-04-03T03:21:42.782+0600][47.618s][info][gc,heap        ] GC(194) Eden regions: 215->0(394)
[2026-04-03T03:21:42.782+0600][47.618s][info][gc,heap        ] GC(194) Survivor regions: 33->24(49)
[2026-04-03T03:21:42.782+0600][47.618s][info][gc,heap        ] GC(194) Old regions: 282->298
[2026-04-03T03:21:42.782+0600][47.618s][info][gc,heap        ] GC(194) Humongous regions: 52->52
[2026-04-03T03:21:42.782+0600][47.618s][info][gc,metaspace   ] GC(194) Metaspace: 73014K(73920K)->73014K(73920K) NonClass: 63678K(64192K)->63678K(64192K) Class: 9336K(9728K)->9336K(9728K)
[2026-04-03T03:21:42.782+0600][47.618s][info][gc             ] GC(194) Pause Young (Concurrent Start) (G1 Humongous Allocation) 580M->372M(880M) 30.744ms
[2026-04-03T03:21:42.782+0600][47.618s][info][gc,cpu         ] GC(194) User=0.29s Sys=0.00s Real=0.03s
[2026-04-03T03:21:42.782+0600][47.619s][info][gc             ] GC(195) Concurrent Mark Cycle
[2026-04-03T03:21:42.782+0600][47.619s][info][gc,marking     ] GC(195) Concurrent Scan Root Regions
[2026-04-03T03:21:42.797+0600][47.633s][info][gc,marking     ] GC(195) Concurrent Scan Root Regions 14.314ms
[2026-04-03T03:21:42.797+0600][47.633s][info][gc,marking     ] GC(195) Concurrent Mark
[2026-04-03T03:21:42.797+0600][47.633s][info][gc,marking     ] GC(195) Concurrent Mark From Roots
[2026-04-03T03:21:42.797+0600][47.633s][info][gc,task        ] GC(195) Using 3 workers of 3 for marking
[2026-04-03T03:21:42.959+0600][47.795s][info][gc,marking     ] GC(195) Concurrent Mark From Roots 162.192ms
[2026-04-03T03:21:42.959+0600][47.795s][info][gc,marking     ] GC(195) Concurrent Preclean
[2026-04-03T03:21:42.959+0600][47.796s][info][gc,marking     ] GC(195) Concurrent Preclean 0.148ms
[2026-04-03T03:21:42.960+0600][47.796s][info][gc,start       ] GC(195) Pause Remark
[2026-04-03T03:21:42.965+0600][47.801s][info][gc             ] GC(195) Pause Remark 477M->364M(880M) 4.851ms
[2026-04-03T03:21:42.965+0600][47.801s][info][gc,cpu         ] GC(195) User=0.03s Sys=0.00s Real=0.00s
[2026-04-03T03:21:42.965+0600][47.801s][info][gc,marking     ] GC(195) Concurrent Mark 168.058ms
[2026-04-03T03:21:42.965+0600][47.801s][info][gc,marking     ] GC(195) Concurrent Rebuild Remembered Sets and Scrub Regions
[2026-04-03T03:21:43.134+0600][47.970s][info][gc,marking     ] GC(195) Concurrent Rebuild Remembered Sets and Scrub Regions 168.608ms
[2026-04-03T03:21:43.134+0600][47.970s][info][gc,start       ] GC(195) Pause Cleanup
[2026-04-03T03:21:43.134+0600][47.971s][info][gc             ] GC(195) Pause Cleanup 496M->496M(880M) 0.507ms
[2026-04-03T03:21:43.135+0600][47.971s][info][gc,cpu         ] GC(195) User=0.00s Sys=0.00s Real=0.00s
[2026-04-03T03:21:43.135+0600][47.971s][info][gc,marking     ] GC(195) Concurrent Clear Claimed Marks
[2026-04-03T03:21:43.135+0600][47.971s][info][gc,marking     ] GC(195) Concurrent Clear Claimed Marks 0.252ms
[2026-04-03T03:21:43.135+0600][47.971s][info][gc,marking     ] GC(195) Concurrent Cleanup for Next Mark
[2026-04-03T03:21:43.136+0600][47.972s][info][gc,marking     ] GC(195) Concurrent Cleanup for Next Mark 1.295ms
[2026-04-03T03:21:43.136+0600][47.972s][info][gc             ] GC(195) Concurrent Mark Cycle 353.960ms
[2026-04-03T03:21:43.326+0600][48.163s][info][gc,start       ] GC(196) Pause Young (Prepare Mixed) (G1 Evacuation Pause)
[2026-04-03T03:21:43.327+0600][48.163s][info][gc,task        ] GC(196) Using 10 workers of 10 for evacuation
[2026-04-03T03:21:43.368+0600][48.204s][info][gc,phases      ] GC(196)   Pre Evacuate Collection Set: 0.42ms
[2026-04-03T03:21:43.368+0600][48.204s][info][gc,phases      ] GC(196)   Merge Heap Roots: 1.72ms
[2026-04-03T03:21:43.368+0600][48.204s][info][gc,phases      ] GC(196)   Evacuate Collection Set: 37.89ms
[2026-04-03T03:21:43.368+0600][48.204s][info][gc,phases      ] GC(196)   Post Evacuate Collection Set: 1.36ms
[2026-04-03T03:21:43.368+0600][48.204s][info][gc,phases      ] GC(196)   Other: 0.17ms
[2026-04-03T03:21:43.368+0600][48.204s][info][gc,heap        ] GC(196) Eden regions: 394->0(476)
[2026-04-03T03:21:43.368+0600][48.204s][info][gc,heap        ] GC(196) Survivor regions: 24->39(53)
[2026-04-03T03:21:43.368+0600][48.204s][info][gc,heap        ] GC(196) Old regions: 213->213
[2026-04-03T03:21:43.368+0600][48.204s][info][gc,heap        ] GC(196) Humongous regions: 47->47
[2026-04-03T03:21:43.368+0600][48.204s][info][gc,metaspace   ] GC(196) Metaspace: 73017K(73984K)->73017K(73984K) NonClass: 63680K(64256K)->63680K(64256K) Class: 9336K(9728K)->9336K(9728K)
[2026-04-03T03:21:43.368+0600][48.205s][info][gc             ] GC(196) Pause Young (Prepare Mixed) (G1 Evacuation Pause) 676M->297M(880M) 41.918ms
[2026-04-03T03:21:43.368+0600][48.205s][info][gc,cpu         ] GC(196) User=0.40s Sys=0.00s Real=0.04s
[2026-04-03T03:21:44.374+0600][49.210s][info][gc,start       ] GC(197) Pause Young (Mixed) (G1 Evacuation Pause)
[2026-04-03T03:21:44.374+0600][49.211s][info][gc,task        ] GC(197) Using 10 workers of 10 for evacuation
[2026-04-03T03:21:44.439+0600][49.275s][info][gc,phases      ] GC(197)   Pre Evacuate Collection Set: 0.30ms
[2026-04-03T03:21:44.439+0600][49.275s][info][gc,phases      ] GC(197)   Merge Heap Roots: 0.85ms
[2026-04-03T03:21:44.439+0600][49.275s][info][gc,phases      ] GC(197)   Evacuate Collection Set: 61.53ms
[2026-04-03T03:21:44.439+0600][49.275s][info][gc,phases      ] GC(197)   Post Evacuate Collection Set: 1.58ms
[2026-04-03T03:21:44.439+0600][49.275s][info][gc,phases      ] GC(197)   Other: 0.14ms
[2026-04-03T03:21:44.439+0600][49.275s][info][gc,heap        ] GC(197) Eden regions: 476->0(466)
[2026-04-03T03:21:44.439+0600][49.275s][info][gc,heap        ] GC(197) Survivor regions: 39->41(65)
[2026-04-03T03:21:44.439+0600][49.275s][info][gc,heap        ] GC(197) Old regions: 213->217
[2026-04-03T03:21:44.439+0600][49.275s][info][gc,heap        ] GC(197) Humongous regions: 70->66
[2026-04-03T03:21:44.439+0600][49.275s][info][gc,metaspace   ] GC(197) Metaspace: 73026K(73984K)->73026K(73984K) NonClass: 63690K(64256K)->63690K(64256K) Class: 9336K(9728K)->9336K(9728K)
[2026-04-03T03:21:44.439+0600][49.275s][info][gc             ] GC(197) Pause Young (Mixed) (G1 Evacuation Pause) 796M->322M(880M) 64.733ms
[2026-04-03T03:21:44.439+0600][49.275s][info][gc,cpu         ] GC(197) User=0.63s Sys=0.00s Real=0.06s
[2026-04-03T03:21:44.628+0600][49.465s][info][gc,start       ] GC(198) Pause Young (Concurrent Start) (G1 Humongous Allocation)
[2026-04-03T03:21:44.629+0600][49.465s][info][gc,task        ] GC(198) Using 10 workers of 10 for evacuation
[2026-04-03T03:21:44.676+0600][49.512s][info][gc,phases      ] GC(198)   Pre Evacuate Collection Set: 0.29ms
[2026-04-03T03:21:44.676+0600][49.512s][info][gc,phases      ] GC(198)   Merge Heap Roots: 0.24ms
[2026-04-03T03:21:44.676+0600][49.512s][info][gc,phases      ] GC(198)   Evacuate Collection Set: 46.12ms
[2026-04-03T03:21:44.676+0600][49.512s][info][gc,phases      ] GC(198)   Post Evacuate Collection Set: 0.82ms
[2026-04-03T03:21:44.676+0600][49.512s][info][gc,phases      ] GC(198)   Other: 0.14ms
[2026-04-03T03:21:44.676+0600][49.512s][info][gc,heap        ] GC(198) Eden regions: 52->0(474)
[2026-04-03T03:21:44.676+0600][49.512s][info][gc,heap        ] GC(198) Survivor regions: 41->34(64)
[2026-04-03T03:21:44.676+0600][49.512s][info][gc,heap        ] GC(198) Old regions: 217->227
[2026-04-03T03:21:44.676+0600][49.512s][info][gc,heap        ] GC(198) Humongous regions: 66->66
[2026-04-03T03:21:44.676+0600][49.512s][info][gc,metaspace   ] GC(198) Metaspace: 73027K(73984K)->73027K(73984K) NonClass: 63691K(64256K)->63691K(64256K) Class: 9336K(9728K)->9336K(9728K)
[2026-04-03T03:21:44.676+0600][49.513s][info][gc             ] GC(198) Pause Young (Concurrent Start) (G1 Humongous Allocation) 373M->325M(880M) 47.909ms
[2026-04-03T03:21:44.676+0600][49.513s][info][gc,cpu         ] GC(198) User=0.47s Sys=0.00s Real=0.05s
[2026-04-03T03:21:44.676+0600][49.513s][info][gc             ] GC(199) Concurrent Mark Cycle
[2026-04-03T03:21:44.679+0600][49.516s][info][gc,marking     ] GC(199) Concurrent Scan Root Regions
[2026-04-03T03:21:44.695+0600][49.531s][info][gc,marking     ] GC(199) Concurrent Scan Root Regions 15.355ms
[2026-04-03T03:21:44.695+0600][49.531s][info][gc,marking     ] GC(199) Concurrent Mark
[2026-04-03T03:21:44.695+0600][49.531s][info][gc,marking     ] GC(199) Concurrent Mark From Roots
[2026-04-03T03:21:44.695+0600][49.531s][info][gc,task        ] GC(199) Using 3 workers of 3 for marking
[2026-04-03T03:21:44.820+0600][49.656s][info][gc,marking     ] GC(199) Concurrent Mark From Roots 124.955ms
[2026-04-03T03:21:44.820+0600][49.656s][info][gc,marking     ] GC(199) Concurrent Preclean
[2026-04-03T03:21:44.820+0600][49.656s][info][gc,marking     ] GC(199) Concurrent Preclean 0.110ms
[2026-04-03T03:21:44.820+0600][49.656s][info][gc,start       ] GC(199) Pause Remark
[2026-04-03T03:21:44.824+0600][49.660s][info][gc             ] GC(199) Pause Remark 326M->253M(850M) 3.884ms
[2026-04-03T03:21:44.824+0600][49.660s][info][gc,cpu         ] GC(199) User=0.02s Sys=0.00s Real=0.00s
[2026-04-03T03:21:44.824+0600][49.661s][info][gc,marking     ] GC(199) Concurrent Mark 129.624ms
[2026-04-03T03:21:44.825+0600][49.661s][info][gc,marking     ] GC(199) Concurrent Rebuild Remembered Sets and Scrub Regions
[2026-04-03T03:21:44.891+0600][49.727s][info][gc,marking     ] GC(199) Concurrent Rebuild Remembered Sets and Scrub Regions 66.130ms
[2026-04-03T03:21:44.891+0600][49.727s][info][gc,start       ] GC(199) Pause Cleanup
[2026-04-03T03:21:44.891+0600][49.727s][info][gc             ] GC(199) Pause Cleanup 255M->255M(850M) 0.364ms
[2026-04-03T03:21:44.891+0600][49.728s][info][gc,cpu         ] GC(199) User=0.01s Sys=0.00s Real=0.00s
[2026-04-03T03:21:44.892+0600][49.728s][info][gc,marking     ] GC(199) Concurrent Clear Claimed Marks
[2026-04-03T03:21:44.892+0600][49.728s][info][gc,marking     ] GC(199) Concurrent Clear Claimed Marks 0.185ms
[2026-04-03T03:21:44.892+0600][49.728s][info][gc,marking     ] GC(199) Concurrent Cleanup for Next Mark
[2026-04-03T03:21:44.892+0600][49.729s][info][gc,marking     ] GC(199) Concurrent Cleanup for Next Mark 0.703ms
[2026-04-03T03:21:44.893+0600][49.729s][info][gc             ] GC(199) Concurrent Mark Cycle 216.025ms
[2026-04-03T03:21:46.004+0600][50.840s][info][gc,start       ] GC(200) Pause Young (Prepare Mixed) (G1 Evacuation Pause)
[2026-04-03T03:21:46.004+0600][50.840s][info][gc,task        ] GC(200) Using 10 workers of 10 for evacuation
[2026-04-03T03:21:46.121+0600][50.957s][info][gc,phases      ] GC(200)   Pre Evacuate Collection Set: 0.60ms
[2026-04-03T03:21:46.121+0600][50.957s][info][gc,phases      ] GC(200)   Merge Heap Roots: 3.69ms
[2026-04-03T03:21:46.121+0600][50.957s][info][gc,phases      ] GC(200)   Evacuate Collection Set: 111.01ms
[2026-04-03T03:21:46.121+0600][50.957s][info][gc,phases      ] GC(200)   Post Evacuate Collection Set: 1.36ms
[2026-04-03T03:21:46.121+0600][50.957s][info][gc,phases      ] GC(200)   Other: 0.15ms
[2026-04-03T03:21:46.121+0600][50.957s][info][gc,heap        ] GC(200) Eden regions: 474->0(420)
[2026-04-03T03:21:46.121+0600][50.957s][info][gc,heap        ] GC(200) Survivor regions: 34->64(64)
[2026-04-03T03:21:46.121+0600][50.957s][info][gc,heap        ] GC(200) Old regions: 200->223
[2026-04-03T03:21:46.121+0600][50.957s][info][gc,heap        ] GC(200) Humongous regions: 123->94
[2026-04-03T03:21:46.121+0600][50.957s][info][gc,metaspace   ] GC(200) Metaspace: 73111K(74048K)->73111K(74048K) NonClass: 63774K(64320K)->63774K(64320K) Class: 9337K(9728K)->9337K(9728K)
[2026-04-03T03:21:46.121+0600][50.957s][info][gc             ] GC(200) Pause Young (Prepare Mixed) (G1 Evacuation Pause) 829M->378M(918M) 117.124ms
[2026-04-03T03:21:46.121+0600][50.957s][info][gc,cpu         ] GC(200) User=1.06s Sys=0.08s Real=0.12s
[2026-04-03T03:21:46.951+0600][51.788s][info][gc,start       ] GC(201) Pause Young (Mixed) (G1 Evacuation Pause)
[2026-04-03T03:21:46.951+0600][51.788s][info][gc,task        ] GC(201) Using 10 workers of 10 for evacuation
[2026-04-03T03:21:47.062+0600][51.898s][info][gc,phases      ] GC(201)   Pre Evacuate Collection Set: 0.44ms
[2026-04-03T03:21:47.062+0600][51.898s][info][gc,phases      ] GC(201)   Merge Heap Roots: 1.20ms
[2026-04-03T03:21:47.062+0600][51.898s][info][gc,phases      ] GC(201)   Evacuate Collection Set: 107.71ms
[2026-04-03T03:21:47.062+0600][51.898s][info][gc,phases      ] GC(201)   Post Evacuate Collection Set: 1.05ms
[2026-04-03T03:21:47.062+0600][51.898s][info][gc,phases      ] GC(201)   Other: 0.12ms
[2026-04-03T03:21:47.062+0600][51.898s][info][gc,heap        ] GC(201) Eden regions: 420->0(391)
[2026-04-03T03:21:47.062+0600][51.898s][info][gc,heap        ] GC(201) Survivor regions: 64->52(61)
[2026-04-03T03:21:47.062+0600][51.898s][info][gc,heap        ] GC(201) Old regions: 223->282
[2026-04-03T03:21:47.062+0600][51.898s][info][gc,heap        ] GC(201) Humongous regions: 138->127
[2026-04-03T03:21:47.062+0600][51.898s][info][gc,metaspace   ] GC(201) Metaspace: 73150K(74048K)->73150K(74048K) NonClass: 63813K(64320K)->63813K(64320K) Class: 9337K(9728K)->9337K(9728K)
[2026-04-03T03:21:47.062+0600][51.898s][info][gc             ] GC(201) Pause Young (Mixed) (G1 Evacuation Pause) 842M->458M(963M) 110.859ms
[2026-04-03T03:21:47.062+0600][51.898s][info][gc,cpu         ] GC(201) User=1.04s Sys=0.06s Real=0.11s
[2026-04-03T03:21:47.071+0600][51.907s][info][gc,start       ] GC(202) Pause Young (Concurrent Start) (G1 Humongous Allocation)
[2026-04-03T03:21:47.071+0600][51.907s][info][gc,task        ] GC(202) Using 10 workers of 10 for evacuation
[2026-04-03T03:21:47.107+0600][51.943s][info][gc,phases      ] GC(202)   Pre Evacuate Collection Set: 0.52ms
[2026-04-03T03:21:47.107+0600][51.943s][info][gc,phases      ] GC(202)   Merge Heap Roots: 0.29ms
[2026-04-03T03:21:47.107+0600][51.943s][info][gc,phases      ] GC(202)   Evacuate Collection Set: 34.10ms
[2026-04-03T03:21:47.107+0600][51.943s][info][gc,phases      ] GC(202)   Post Evacuate Collection Set: 0.65ms
[2026-04-03T03:21:47.107+0600][51.943s][info][gc,phases      ] GC(202)   Other: 0.16ms
[2026-04-03T03:21:47.107+0600][51.943s][info][gc,heap        ] GC(202) Eden regions: 14->0(376)
[2026-04-03T03:21:47.107+0600][51.943s][info][gc,heap        ] GC(202) Survivor regions: 52->6(56)
[2026-04-03T03:21:47.107+0600][51.943s][info][gc,heap        ] GC(202) Old regions: 282->333
[2026-04-03T03:21:47.107+0600][51.943s][info][gc,heap        ] GC(202) Humongous regions: 127->127
[2026-04-03T03:21:47.107+0600][51.943s][info][gc,metaspace   ] GC(202) Metaspace: 73150K(74048K)->73150K(74048K) NonClass: 63813K(64320K)->63813K(64320K) Class: 9337K(9728K)->9337K(9728K)
[2026-04-03T03:21:47.107+0600][51.943s][info][gc             ] GC(202) Pause Young (Concurrent Start) (G1 Humongous Allocation) 471M->463M(963M) 36.055ms
[2026-04-03T03:21:47.107+0600][51.943s][info][gc,cpu         ] GC(202) User=0.34s Sys=0.00s Real=0.03s
[2026-04-03T03:21:47.107+0600][51.944s][info][gc             ] GC(203) Concurrent Mark Cycle
[2026-04-03T03:21:47.107+0600][51.944s][info][gc,marking     ] GC(203) Concurrent Scan Root Regions
[2026-04-03T03:21:47.120+0600][51.956s][info][gc,marking     ] GC(203) Concurrent Scan Root Regions 12.469ms
[2026-04-03T03:21:47.120+0600][51.956s][info][gc,marking     ] GC(203) Concurrent Mark
[2026-04-03T03:21:47.120+0600][51.956s][info][gc,marking     ] GC(203) Concurrent Mark From Roots
[2026-04-03T03:21:47.120+0600][51.956s][info][gc,task        ] GC(203) Using 3 workers of 3 for marking
[2026-04-03T03:21:47.240+0600][52.076s][info][gc,marking     ] GC(203) Concurrent Mark From Roots 120.267ms
[2026-04-03T03:21:47.240+0600][52.076s][info][gc,marking     ] GC(203) Concurrent Preclean
[2026-04-03T03:21:47.240+0600][52.077s][info][gc,marking     ] GC(203) Concurrent Preclean 0.116ms
[2026-04-03T03:21:47.241+0600][52.077s][info][gc,start       ] GC(203) Pause Remark
[2026-04-03T03:21:47.246+0600][52.082s][info][gc             ] GC(203) Pause Remark 616M->410M(894M) 5.385ms
[2026-04-03T03:21:47.246+0600][52.082s][info][gc,cpu         ] GC(203) User=0.03s Sys=0.00s Real=0.00s
[2026-04-03T03:21:47.246+0600][52.083s][info][gc,marking     ] GC(203) Concurrent Mark 126.436ms
[2026-04-03T03:21:47.247+0600][52.083s][info][gc,marking     ] GC(203) Concurrent Rebuild Remembered Sets and Scrub Regions
[2026-04-03T03:21:47.308+0600][52.145s][info][gc,marking     ] GC(203) Concurrent Rebuild Remembered Sets and Scrub Regions 61.861ms
[2026-04-03T03:21:47.309+0600][52.145s][info][gc,start       ] GC(203) Pause Cleanup
[2026-04-03T03:21:47.309+0600][52.145s][info][gc             ] GC(203) Pause Cleanup 494M->494M(894M) 0.521ms
[2026-04-03T03:21:47.309+0600][52.146s][info][gc,cpu         ] GC(203) User=0.00s Sys=0.00s Real=0.00s
[2026-04-03T03:21:47.310+0600][52.146s][info][gc,marking     ] GC(203) Concurrent Clear Claimed Marks
[2026-04-03T03:21:47.310+0600][52.146s][info][gc,marking     ] GC(203) Concurrent Clear Claimed Marks 0.227ms
[2026-04-03T03:21:47.310+0600][52.146s][info][gc,marking     ] GC(203) Concurrent Cleanup for Next Mark
[2026-04-03T03:21:47.311+0600][52.147s][info][gc,marking     ] GC(203) Concurrent Cleanup for Next Mark 1.331ms
[2026-04-03T03:21:47.311+0600][52.147s][info][gc             ] GC(203) Concurrent Mark Cycle 203.827ms
[2026-04-03T03:21:48.066+0600][52.903s][info][gc,start       ] GC(204) Pause Young (Prepare Mixed) (G1 Evacuation Pause)
[2026-04-03T03:21:48.067+0600][52.903s][info][gc,task        ] GC(204) Using 10 workers of 10 for evacuation
[2026-04-03T03:21:48.180+0600][53.016s][info][gc,phases      ] GC(204)   Pre Evacuate Collection Set: 0.69ms
[2026-04-03T03:21:48.180+0600][53.016s][info][gc,phases      ] GC(204)   Merge Heap Roots: 0.64ms
[2026-04-03T03:21:48.180+0600][53.016s][info][gc,phases      ] GC(204)   Evacuate Collection Set: 110.31ms
[2026-04-03T03:21:48.180+0600][53.016s][info][gc,phases      ] GC(204)   Post Evacuate Collection Set: 1.19ms
[2026-04-03T03:21:48.180+0600][53.016s][info][gc,phases      ] GC(204)   Other: 0.15ms
[2026-04-03T03:21:48.180+0600][53.016s][info][gc,heap        ] GC(204) Eden regions: 376->0(352)
[2026-04-03T03:21:48.180+0600][53.016s][info][gc,heap        ] GC(204) Survivor regions: 6->48(48)
[2026-04-03T03:21:48.180+0600][53.016s][info][gc,heap        ] GC(204) Old regions: 233->236
[2026-04-03T03:21:48.180+0600][53.016s][info][gc,heap        ] GC(204) Humongous regions: 209->146
[2026-04-03T03:21:48.180+0600][53.016s][info][gc,metaspace   ] GC(204) Metaspace: 73223K(74112K)->73223K(74112K) NonClass: 63886K(64384K)->63886K(64384K) Class: 9337K(9728K)->9337K(9728K)
[2026-04-03T03:21:48.180+0600][53.016s][info][gc             ] GC(204) Pause Young (Prepare Mixed) (G1 Evacuation Pause) 822M->428M(894M) 113.427ms
[2026-04-03T03:21:48.180+0600][53.016s][info][gc,cpu         ] GC(204) User=1.10s Sys=0.01s Real=0.12s
[2026-04-03T03:21:48.421+0600][53.258s][info][gc,start       ] GC(205) Pause Young (Mixed) (G1 Evacuation Pause)
[2026-04-03T03:21:48.421+0600][53.258s][info][gc,task        ] GC(205) Using 10 workers of 10 for evacuation
[2026-04-03T03:21:48.527+0600][53.363s][info][gc,phases      ] GC(205)   Pre Evacuate Collection Set: 0.33ms
[2026-04-03T03:21:48.527+0600][53.363s][info][gc,phases      ] GC(205)   Merge Heap Roots: 0.86ms
[2026-04-03T03:21:48.527+0600][53.363s][info][gc,phases      ] GC(205)   Evacuate Collection Set: 103.58ms
[2026-04-03T03:21:48.527+0600][53.363s][info][gc,phases      ] GC(205)   Post Evacuate Collection Set: 0.87ms
[2026-04-03T03:21:48.527+0600][53.363s][info][gc,phases      ] GC(205)   Other: 0.11ms
[2026-04-03T03:21:48.527+0600][53.363s][info][gc,heap        ] GC(205) Eden regions: 352->0(368)
[2026-04-03T03:21:48.527+0600][53.363s][info][gc,heap        ] GC(205) Survivor regions: 48->50(50)
[2026-04-03T03:21:48.527+0600][53.363s][info][gc,heap        ] GC(205) Old regions: 236->282
[2026-04-03T03:21:48.527+0600][53.363s][info][gc,heap        ] GC(205) Humongous regions: 235->143
[2026-04-03T03:21:48.527+0600][53.364s][info][gc,metaspace   ] GC(205) Metaspace: 73280K(74176K)->73280K(74176K) NonClass: 63943K(64448K)->63943K(64448K) Class: 9337K(9728K)->9337K(9728K)
[2026-04-03T03:21:48.527+0600][53.364s][info][gc             ] GC(205) Pause Young (Mixed) (G1 Evacuation Pause) 869M->473M(977M) 106.025ms
[2026-04-03T03:21:48.528+0600][53.364s][info][gc,cpu         ] GC(205) User=0.96s Sys=0.08s Real=0.10s
[2026-04-03T03:21:48.706+0600][53.542s][info][gc,start       ] GC(206) Pause Young (Concurrent Start) (G1 Humongous Allocation)
[2026-04-03T03:21:48.706+0600][53.542s][info][gc,task        ] GC(206) Using 10 workers of 10 for evacuation
[2026-04-03T03:21:48.737+0600][53.573s][info][gc,phases      ] GC(206)   Pre Evacuate Collection Set: 0.48ms
[2026-04-03T03:21:48.737+0600][53.573s][info][gc,phases      ] GC(206)   Merge Heap Roots: 0.21ms
[2026-04-03T03:21:48.737+0600][53.573s][info][gc,phases      ] GC(206)   Evacuate Collection Set: 29.13ms
[2026-04-03T03:21:48.737+0600][53.573s][info][gc,phases      ] GC(206)   Post Evacuate Collection Set: 0.66ms
[2026-04-03T03:21:48.737+0600][53.573s][info][gc,phases      ] GC(206)   Other: 0.21ms
[2026-04-03T03:21:48.737+0600][53.573s][info][gc,heap        ] GC(206) Eden regions: 278->0(385)
[2026-04-03T03:21:48.737+0600][53.573s][info][gc,heap        ] GC(206) Survivor regions: 50->1(53)
[2026-04-03T03:21:48.737+0600][53.573s][info][gc,heap        ] GC(206) Old regions: 282->335
[2026-04-03T03:21:48.737+0600][53.573s][info][gc,heap        ] GC(206) Humongous regions: 143->143
[2026-04-03T03:21:48.737+0600][53.573s][info][gc,metaspace   ] GC(206) Metaspace: 73280K(74176K)->73280K(74176K) NonClass: 63943K(64448K)->63943K(64448K) Class: 9337K(9728K)->9337K(9728K)
[2026-04-03T03:21:48.737+0600][53.573s][info][gc             ] GC(206) Pause Young (Concurrent Start) (G1 Humongous Allocation) 750M->477M(977M) 30.957ms
[2026-04-03T03:21:48.737+0600][53.573s][info][gc,cpu         ] GC(206) User=0.30s Sys=0.00s Real=0.03s
[2026-04-03T03:21:48.737+0600][53.573s][info][gc             ] GC(207) Concurrent Mark Cycle
[2026-04-03T03:21:48.737+0600][53.573s][info][gc,marking     ] GC(207) Concurrent Scan Root Regions
[2026-04-03T03:21:48.749+0600][53.586s][info][gc,marking     ] GC(207) Concurrent Scan Root Regions 12.178ms
[2026-04-03T03:21:48.750+0600][53.586s][info][gc,marking     ] GC(207) Concurrent Mark
[2026-04-03T03:21:48.750+0600][53.586s][info][gc,marking     ] GC(207) Concurrent Mark From Roots
[2026-04-03T03:21:48.750+0600][53.586s][info][gc,task        ] GC(207) Using 3 workers of 3 for marking
[2026-04-03T03:21:48.859+0600][53.695s][info][gc,start       ] GC(208) Pause Full (System.gc())
[2026-04-03T03:21:48.859+0600][53.695s][info][gc,task        ] GC(208) Using 10 workers of 10 for full compaction
[2026-04-03T03:21:48.861+0600][53.697s][info][gc,phases,start] GC(208) Phase 1: Mark live objects
[2026-04-03T03:21:48.910+0600][53.746s][info][gc,phases      ] GC(208) Phase 1: Mark live objects 48.739ms
[2026-04-03T03:21:48.910+0600][53.746s][info][gc,phases,start] GC(208) Phase 2: Prepare compaction
[2026-04-03T03:21:48.912+0600][53.748s][info][gc,phases      ] GC(208) Phase 2: Prepare compaction 1.863ms
[2026-04-03T03:21:48.912+0600][53.748s][info][gc,phases,start] GC(208) Phase 3: Adjust pointers
[2026-04-03T03:21:48.934+0600][53.770s][info][gc,phases      ] GC(208) Phase 3: Adjust pointers 22.215ms
[2026-04-03T03:21:48.934+0600][53.770s][info][gc,phases,start] GC(208) Phase 4: Compact heap
[2026-04-03T03:21:48.936+0600][53.772s][info][gc,phases      ] GC(208) Phase 4: Compact heap 1.837ms
[2026-04-03T03:21:48.936+0600][53.772s][info][gc,phases,start] GC(208) Phase 5: Reset Metadata
[2026-04-03T03:21:48.947+0600][53.783s][info][gc,phases      ] GC(208) Phase 5: Reset Metadata 10.526ms
[2026-04-03T03:21:48.963+0600][53.799s][info][gc,heap        ] GC(208) Eden regions: 183->0(288)
[2026-04-03T03:21:48.963+0600][53.799s][info][gc,heap        ] GC(208) Survivor regions: 1->0(53)
[2026-04-03T03:21:48.963+0600][53.799s][info][gc,heap        ] GC(208) Old regions: 335->148
[2026-04-03T03:21:48.963+0600][53.799s][info][gc,heap        ] GC(208) Humongous regions: 146->11
[2026-04-03T03:21:48.963+0600][53.799s][info][gc,metaspace   ] GC(208) Metaspace: 73280K(74176K)->73280K(74176K) NonClass: 63943K(64448K)->63943K(64448K) Class: 9337K(9728K)->9337K(9728K)
[2026-04-03T03:21:48.963+0600][53.799s][info][gc             ] GC(208) Pause Full (System.gc()) 663M->150M(530M) 104.418ms
[2026-04-03T03:21:48.963+0600][53.800s][info][gc,cpu         ] GC(208) User=0.82s Sys=0.04s Real=0.11s
[2026-04-03T03:21:48.964+0600][53.800s][info][gc,marking     ] GC(207) Concurrent Mark From Roots 214.218ms
[2026-04-03T03:21:48.964+0600][53.800s][info][gc,marking     ] GC(207) Concurrent Mark Abort
[2026-04-03T03:21:48.964+0600][53.800s][info][gc             ] GC(207) Concurrent Mark Cycle 226.650ms
[2026-04-03T03:21:49.014+0600][53.850s][info][gc,start       ] GC(209) Pause Young (Concurrent Start) (G1 Humongous Allocation)
[2026-04-03T03:21:49.014+0600][53.850s][info][gc,task        ] GC(209) Using 10 workers of 10 for evacuation
[2026-04-03T03:21:49.016+0600][53.852s][info][gc,phases      ] GC(209)   Pre Evacuate Collection Set: 0.42ms
[2026-04-03T03:21:49.016+0600][53.852s][info][gc,phases      ] GC(209)   Merge Heap Roots: 0.07ms
[2026-04-03T03:21:49.016+0600][53.852s][info][gc,phases      ] GC(209)   Evacuate Collection Set: 0.96ms
[2026-04-03T03:21:49.016+0600][53.852s][info][gc,phases      ] GC(209)   Post Evacuate Collection Set: 0.41ms
[2026-04-03T03:21:49.016+0600][53.852s][info][gc,phases      ] GC(209)   Other: 0.13ms
[2026-04-03T03:21:49.016+0600][53.852s][info][gc,heap        ] GC(209) Eden regions: 21->0(301)
[2026-04-03T03:21:49.016+0600][53.852s][info][gc,heap        ] GC(209) Survivor regions: 0->2(36)
[2026-04-03T03:21:49.016+0600][53.852s][info][gc,heap        ] GC(209) Old regions: 148->148
[2026-04-03T03:21:49.016+0600][53.852s][info][gc,heap        ] GC(209) Humongous regions: 11->11
[2026-04-03T03:21:49.016+0600][53.852s][info][gc,metaspace   ] GC(209) Metaspace: 73311K(74176K)->73311K(74176K) NonClass: 63974K(64448K)->63974K(64448K) Class: 9337K(9728K)->9337K(9728K)
[2026-04-03T03:21:49.016+0600][53.852s][info][gc             ] GC(209) Pause Young (Concurrent Start) (G1 Humongous Allocation) 171M->152M(530M) 2.279ms
[2026-04-03T03:21:49.016+0600][53.852s][info][gc,cpu         ] GC(209) User=0.01s Sys=0.00s Real=0.00s
[2026-04-03T03:21:49.016+0600][53.852s][info][gc             ] GC(210) Concurrent Mark Cycle
[2026-04-03T03:21:49.016+0600][53.852s][info][gc,marking     ] GC(210) Concurrent Scan Root Regions
[2026-04-03T03:21:49.017+0600][53.853s][info][gc,marking     ] GC(210) Concurrent Scan Root Regions 0.826ms
[2026-04-03T03:21:49.017+0600][53.853s][info][gc,marking     ] GC(210) Concurrent Mark
[2026-04-03T03:21:49.017+0600][53.853s][info][gc,marking     ] GC(210) Concurrent Mark From Roots
[2026-04-03T03:21:49.017+0600][53.853s][info][gc,task        ] GC(210) Using 3 workers of 3 for marking
[2026-04-03T03:21:49.149+0600][53.985s][info][gc,marking     ] GC(210) Concurrent Mark From Roots 131.681ms
[2026-04-03T03:21:49.149+0600][53.985s][info][gc,marking     ] GC(210) Concurrent Preclean
[2026-04-03T03:21:49.149+0600][53.985s][info][gc,marking     ] GC(210) Concurrent Preclean 0.231ms
[2026-04-03T03:21:49.156+0600][53.992s][info][gc,start       ] GC(210) Pause Remark
[2026-04-03T03:21:49.160+0600][53.996s][info][gc             ] GC(210) Pause Remark 241M->241M(530M) 3.579ms
[2026-04-03T03:21:49.160+0600][53.996s][info][gc,cpu         ] GC(210) User=0.02s Sys=0.01s Real=0.01s
[2026-04-03T03:21:49.160+0600][53.996s][info][gc,marking     ] GC(210) Concurrent Mark 142.828ms
[2026-04-03T03:21:49.160+0600][53.996s][info][gc,marking     ] GC(210) Concurrent Rebuild Remembered Sets and Scrub Regions
[2026-04-03T03:21:49.204+0600][54.040s][info][gc,marking     ] GC(210) Concurrent Rebuild Remembered Sets and Scrub Regions 43.733ms
[2026-04-03T03:21:49.204+0600][54.040s][info][gc,start       ] GC(210) Pause Cleanup
[2026-04-03T03:21:49.205+0600][54.041s][info][gc             ] GC(210) Pause Cleanup 291M->291M(530M) 0.289ms
[2026-04-03T03:21:49.205+0600][54.041s][info][gc,cpu         ] GC(210) User=0.00s Sys=0.00s Real=0.00s
[2026-04-03T03:21:49.205+0600][54.041s][info][gc,marking     ] GC(210) Concurrent Clear Claimed Marks
[2026-04-03T03:21:49.205+0600][54.041s][info][gc,marking     ] GC(210) Concurrent Clear Claimed Marks 0.278ms
[2026-04-03T03:21:49.205+0600][54.041s][info][gc,marking     ] GC(210) Concurrent Cleanup for Next Mark
[2026-04-03T03:21:49.206+0600][54.042s][info][gc,marking     ] GC(210) Concurrent Cleanup for Next Mark 0.758ms
[2026-04-03T03:21:49.206+0600][54.042s][info][gc             ] GC(210) Concurrent Mark Cycle 189.766ms
[2026-04-03T03:21:49.345+0600][54.181s][info][gc,start       ] GC(211) Pause Young (Prepare Mixed) (G1 Evacuation Pause)
[2026-04-03T03:21:49.345+0600][54.181s][info][gc,task        ] GC(211) Using 10 workers of 10 for evacuation
[2026-04-03T03:21:49.400+0600][54.236s][info][gc,phases      ] GC(211)   Pre Evacuate Collection Set: 0.23ms
[2026-04-03T03:21:49.400+0600][54.236s][info][gc,phases      ] GC(211)   Merge Heap Roots: 0.62ms
[2026-04-03T03:21:49.400+0600][54.236s][info][gc,phases      ] GC(211)   Evacuate Collection Set: 53.56ms
[2026-04-03T03:21:49.400+0600][54.236s][info][gc,phases      ] GC(211)   Post Evacuate Collection Set: 0.69ms
[2026-04-03T03:21:49.400+0600][54.236s][info][gc,phases      ] GC(211)   Other: 0.11ms
[2026-04-03T03:21:49.400+0600][54.236s][info][gc,heap        ] GC(211) Eden regions: 301->0(212)
[2026-04-03T03:21:49.400+0600][54.236s][info][gc,heap        ] GC(211) Survivor regions: 2->38(38)
[2026-04-03T03:21:49.400+0600][54.236s][info][gc,heap        ] GC(211) Old regions: 148->192
[2026-04-03T03:21:49.400+0600][54.236s][info][gc,heap        ] GC(211) Humongous regions: 54->49
[2026-04-03T03:21:49.400+0600][54.236s][info][gc,metaspace   ] GC(211) Metaspace: 73325K(74240K)->73325K(74240K) NonClass: 63988K(64512K)->63988K(64512K) Class: 9337K(9728K)->9337K(9728K)
[2026-04-03T03:21:49.400+0600][54.236s][info][gc             ] GC(211) Pause Young (Prepare Mixed) (G1 Evacuation Pause) 496M->270M(587M) 55.508ms
[2026-04-03T03:21:49.400+0600][54.236s][info][gc,cpu         ] GC(211) User=0.46s Sys=0.07s Real=0.06s
[2026-04-03T03:21:49.595+0600][54.431s][info][gc,start       ] GC(212) Pause Young (Mixed) (G1 Evacuation Pause)
[2026-04-03T03:21:49.595+0600][54.431s][info][gc,task        ] GC(212) Using 10 workers of 10 for evacuation
[2026-04-03T03:21:49.645+0600][54.482s][info][gc,phases      ] GC(212)   Pre Evacuate Collection Set: 0.26ms
[2026-04-03T03:21:49.646+0600][54.482s][info][gc,phases      ] GC(212)   Merge Heap Roots: 0.47ms
[2026-04-03T03:21:49.646+0600][54.482s][info][gc,phases      ] GC(212)   Evacuate Collection Set: 49.19ms
[2026-04-03T03:21:49.646+0600][54.482s][info][gc,phases      ] GC(212)   Post Evacuate Collection Set: 0.78ms
[2026-04-03T03:21:49.646+0600][54.482s][info][gc,phases      ] GC(212)   Other: 0.10ms
[2026-04-03T03:21:49.646+0600][54.482s][info][gc,heap        ] GC(212) Eden regions: 212->0(197)
[2026-04-03T03:21:49.646+0600][54.482s][info][gc,heap        ] GC(212) Survivor regions: 38->24(32)
[2026-04-03T03:21:49.646+0600][54.482s][info][gc,heap        ] GC(212) Old regions: 192->231
[2026-04-03T03:21:49.646+0600][54.482s][info][gc,heap        ] GC(212) Humongous regions: 59->59
[2026-04-03T03:21:49.646+0600][54.482s][info][gc,metaspace   ] GC(212) Metaspace: 73327K(74240K)->73327K(74240K) NonClass: 63989K(64512K)->63989K(64512K) Class: 9337K(9728K)->9337K(9728K)
[2026-04-03T03:21:49.646+0600][54.482s][info][gc             ] GC(212) Pause Young (Mixed) (G1 Evacuation Pause) 492M->307M(587M) 51.108ms
[2026-04-03T03:21:49.646+0600][54.482s][info][gc,cpu         ] GC(212) User=0.50s Sys=0.00s Real=0.05s
[2026-04-03T03:21:49.700+0600][54.536s][info][gc,start       ] GC(213) Pause Young (Concurrent Start) (G1 Humongous Allocation)
[2026-04-03T03:21:49.700+0600][54.536s][info][gc,task        ] GC(213) Using 10 workers of 10 for evacuation
[2026-04-03T03:21:49.722+0600][54.558s][info][gc,phases      ] GC(213)   Pre Evacuate Collection Set: 0.47ms
[2026-04-03T03:21:49.722+0600][54.558s][info][gc,phases      ] GC(213)   Merge Heap Roots: 0.14ms
[2026-04-03T03:21:49.722+0600][54.558s][info][gc,phases      ] GC(213)   Evacuate Collection Set: 19.24ms
[2026-04-03T03:21:49.722+0600][54.558s][info][gc,phases      ] GC(213)   Post Evacuate Collection Set: 1.81ms
[2026-04-03T03:21:49.722+0600][54.558s][info][gc,phases      ] GC(213)   Other: 0.20ms
[2026-04-03T03:21:49.722+0600][54.558s][info][gc,heap        ] GC(213) Eden regions: 44->0(307)
[2026-04-03T03:21:49.722+0600][54.558s][info][gc,heap        ] GC(213) Survivor regions: 24->6(28)
[2026-04-03T03:21:49.722+0600][54.558s][info][gc,heap        ] GC(213) Old regions: 231->253
[2026-04-03T03:21:49.722+0600][54.558s][info][gc,heap        ] GC(213) Humongous regions: 59->59
[2026-04-03T03:21:49.722+0600][54.558s][info][gc,metaspace   ] GC(213) Metaspace: 73327K(74240K)->73327K(74240K) NonClass: 63989K(64512K)->63989K(64512K) Class: 9337K(9728K)->9337K(9728K)
[2026-04-03T03:21:49.722+0600][54.558s][info][gc             ] GC(213) Pause Young (Concurrent Start) (G1 Humongous Allocation) 350M->311M(735M) 22.222ms
[2026-04-03T03:21:49.722+0600][54.558s][info][gc,cpu         ] GC(213) User=0.20s Sys=0.00s Real=0.02s
[2026-04-03T03:21:49.722+0600][54.558s][info][gc             ] GC(214) Concurrent Mark Cycle
[2026-04-03T03:21:49.722+0600][54.558s][info][gc,marking     ] GC(214) Concurrent Scan Root Regions
[2026-04-03T03:21:49.734+0600][54.570s][info][gc,marking     ] GC(214) Concurrent Scan Root Regions 11.259ms
[2026-04-03T03:21:49.734+0600][54.570s][info][gc,marking     ] GC(214) Concurrent Mark
[2026-04-03T03:21:49.734+0600][54.570s][info][gc,marking     ] GC(214) Concurrent Mark From Roots
[2026-04-03T03:21:49.734+0600][54.570s][info][gc,task        ] GC(214) Using 3 workers of 3 for marking
[2026-04-03T03:21:49.978+0600][54.815s][info][gc,marking     ] GC(214) Concurrent Mark From Roots 244.799ms
[2026-04-03T03:21:49.979+0600][54.815s][info][gc,marking     ] GC(214) Concurrent Preclean
[2026-04-03T03:21:49.979+0600][54.815s][info][gc,marking     ] GC(214) Concurrent Preclean 0.224ms
[2026-04-03T03:21:49.979+0600][54.815s][info][gc,start       ] GC(214) Pause Remark
[2026-04-03T03:21:49.983+0600][54.820s][info][gc             ] GC(214) Pause Remark 443M->419M(735M) 4.266ms
[2026-04-03T03:21:49.984+0600][54.820s][info][gc,cpu         ] GC(214) User=0.03s Sys=0.00s Real=0.01s
[2026-04-03T03:21:49.984+0600][54.820s][info][gc,marking     ] GC(214) Concurrent Mark 250.090ms
[2026-04-03T03:21:49.984+0600][54.820s][info][gc,marking     ] GC(214) Concurrent Rebuild Remembered Sets and Scrub Regions
[2026-04-03T03:21:50.169+0600][55.005s][info][gc,marking     ] GC(214) Concurrent Rebuild Remembered Sets and Scrub Regions 185.249ms
[2026-04-03T03:21:50.169+0600][55.006s][info][gc,start       ] GC(214) Pause Cleanup
[2026-04-03T03:21:50.170+0600][55.006s][info][gc             ] GC(214) Pause Cleanup 508M->508M(735M) 0.375ms
[2026-04-03T03:21:50.170+0600][55.006s][info][gc,cpu         ] GC(214) User=0.00s Sys=0.00s Real=0.01s
[2026-04-03T03:21:50.170+0600][55.006s][info][gc,marking     ] GC(214) Concurrent Clear Claimed Marks
[2026-04-03T03:21:50.170+0600][55.006s][info][gc,marking     ] GC(214) Concurrent Clear Claimed Marks 0.183ms
[2026-04-03T03:21:50.170+0600][55.006s][info][gc,marking     ] GC(214) Concurrent Cleanup for Next Mark
[2026-04-03T03:21:50.172+0600][55.008s][info][gc,marking     ] GC(214) Concurrent Cleanup for Next Mark 1.635ms
[2026-04-03T03:21:50.172+0600][55.008s][info][gc             ] GC(214) Concurrent Mark Cycle 449.741ms
[2026-04-03T03:21:50.387+0600][55.223s][info][gc,start       ] GC(215) Pause Young (Prepare Mixed) (G1 Evacuation Pause)
[2026-04-03T03:21:50.387+0600][55.223s][info][gc,task        ] GC(215) Using 10 workers of 10 for evacuation
[2026-04-03T03:21:50.408+0600][55.244s][info][gc,phases      ] GC(215)   Pre Evacuate Collection Set: 0.42ms
[2026-04-03T03:21:50.408+0600][55.244s][info][gc,phases      ] GC(215)   Merge Heap Roots: 1.07ms
[2026-04-03T03:21:50.408+0600][55.244s][info][gc,phases      ] GC(215)   Evacuate Collection Set: 17.97ms
[2026-04-03T03:21:50.408+0600][55.244s][info][gc,phases      ] GC(215)   Post Evacuate Collection Set: 1.30ms
[2026-04-03T03:21:50.408+0600][55.244s][info][gc,phases      ] GC(215)   Other: 0.14ms
[2026-04-03T03:21:50.408+0600][55.244s][info][gc,heap        ] GC(215) Eden regions: 307->0(315)
[2026-04-03T03:21:50.408+0600][55.244s][info][gc,heap        ] GC(215) Survivor regions: 6->23(40)
[2026-04-03T03:21:50.408+0600][55.244s][info][gc,heap        ] GC(215) Old regions: 253->253
[2026-04-03T03:21:50.408+0600][55.244s][info][gc,heap        ] GC(215) Humongous regions: 48->48
[2026-04-03T03:21:50.408+0600][55.244s][info][gc,metaspace   ] GC(215) Metaspace: 73327K(74240K)->73327K(74240K) NonClass: 63990K(64512K)->63990K(64512K) Class: 9337K(9728K)->9337K(9728K)
[2026-04-03T03:21:50.408+0600][55.244s][info][gc             ] GC(215) Pause Young (Prepare Mixed) (G1 Evacuation Pause) 607M->316M(735M) 21.241ms
[2026-04-03T03:21:50.408+0600][55.244s][info][gc,cpu         ] GC(215) User=0.19s Sys=0.00s Real=0.02s
[2026-04-03T03:21:50.741+0600][55.578s][info][gc,start       ] GC(216) Pause Young (Mixed) (G1 Evacuation Pause)
[2026-04-03T03:21:50.742+0600][55.578s][info][gc,task        ] GC(216) Using 10 workers of 10 for evacuation
[2026-04-03T03:21:50.774+0600][55.610s][info][gc,phases      ] GC(216)   Pre Evacuate Collection Set: 0.36ms
[2026-04-03T03:21:50.774+0600][55.610s][info][gc,phases      ] GC(216)   Merge Heap Roots: 0.51ms
[2026-04-03T03:21:50.774+0600][55.610s][info][gc,phases      ] GC(216)   Evacuate Collection Set: 30.22ms
[2026-04-03T03:21:50.774+0600][55.610s][info][gc,phases      ] GC(216)   Post Evacuate Collection Set: 1.20ms
[2026-04-03T03:21:50.774+0600][55.610s][info][gc,phases      ] GC(216)   Other: 0.14ms
[2026-04-03T03:21:50.774+0600][55.610s][info][gc,heap        ] GC(216) Eden regions: 315->0(315)
[2026-04-03T03:21:50.774+0600][55.610s][info][gc,heap        ] GC(216) Survivor regions: 23->34(43)
[2026-04-03T03:21:50.774+0600][55.610s][info][gc,heap        ] GC(216) Old regions: 253->251
[2026-04-03T03:21:50.774+0600][55.610s][info][gc,heap        ] GC(216) Humongous regions: 53->53
[2026-04-03T03:21:50.774+0600][55.610s][info][gc,metaspace   ] GC(216) Metaspace: 73329K(74240K)->73329K(74240K) NonClass: 63991K(64512K)->63991K(64512K) Class: 9337K(9728K)->9337K(9728K)
[2026-04-03T03:21:50.774+0600][55.610s][info][gc             ] GC(216) Pause Young (Mixed) (G1 Evacuation Pause) 636M->334M(735M) 32.781ms
[2026-04-03T03:21:50.774+0600][55.610s][info][gc,cpu         ] GC(216) User=0.30s Sys=0.00s Real=0.03s
[2026-04-03T03:21:51.098+0600][55.934s][info][gc,start       ] GC(217) Pause Young (Concurrent Start) (G1 Evacuation Pause)
[2026-04-03T03:21:51.098+0600][55.934s][info][gc,task        ] GC(217) Using 10 workers of 10 for evacuation
[2026-04-03T03:21:51.134+0600][55.970s][info][gc,phases      ] GC(217)   Pre Evacuate Collection Set: 0.38ms
[2026-04-03T03:21:51.134+0600][55.970s][info][gc,phases      ] GC(217)   Merge Heap Roots: 0.34ms
[2026-04-03T03:21:51.134+0600][55.970s][info][gc,phases      ] GC(217)   Evacuate Collection Set: 34.23ms
[2026-04-03T03:21:51.134+0600][55.970s][info][gc,phases      ] GC(217)   Post Evacuate Collection Set: 0.90ms
[2026-04-03T03:21:51.134+0600][55.970s][info][gc,phases      ] GC(217)   Other: 0.18ms
[2026-04-03T03:21:51.134+0600][55.970s][info][gc,heap        ] GC(217) Eden regions: 315->0(314)
[2026-04-03T03:21:51.134+0600][55.971s][info][gc,heap        ] GC(217) Survivor regions: 34->28(44)
[2026-04-03T03:21:51.134+0600][55.971s][info][gc,heap        ] GC(217) Old regions: 251->269
[2026-04-03T03:21:51.134+0600][55.971s][info][gc,heap        ] GC(217) Humongous regions: 53->53
[2026-04-03T03:21:51.134+0600][55.971s][info][gc,metaspace   ] GC(217) Metaspace: 73330K(74240K)->73330K(74240K) NonClass: 63993K(64512K)->63993K(64512K) Class: 9337K(9728K)->9337K(9728K)
[2026-04-03T03:21:51.134+0600][55.971s][info][gc             ] GC(217) Pause Young (Concurrent Start) (G1 Evacuation Pause) 649M->345M(735M) 36.413ms
[2026-04-03T03:21:51.135+0600][55.971s][info][gc,cpu         ] GC(217) User=0.34s Sys=0.00s Real=0.04s
[2026-04-03T03:21:51.135+0600][55.971s][info][gc             ] GC(218) Concurrent Mark Cycle
[2026-04-03T03:21:51.135+0600][55.971s][info][gc,marking     ] GC(218) Concurrent Scan Root Regions
[2026-04-03T03:21:51.154+0600][55.990s][info][gc,marking     ] GC(218) Concurrent Scan Root Regions 19.598ms
[2026-04-03T03:21:51.154+0600][55.990s][info][gc,marking     ] GC(218) Concurrent Mark
[2026-04-03T03:21:51.154+0600][55.991s][info][gc,marking     ] GC(218) Concurrent Mark From Roots
[2026-04-03T03:21:51.154+0600][55.991s][info][gc,task        ] GC(218) Using 3 workers of 3 for marking
[2026-04-03T03:21:51.374+0600][56.211s][info][gc,marking     ] GC(218) Concurrent Mark From Roots 220.000ms
[2026-04-03T03:21:51.374+0600][56.211s][info][gc,marking     ] GC(218) Concurrent Preclean
[2026-04-03T03:21:51.375+0600][56.211s][info][gc,marking     ] GC(218) Concurrent Preclean 0.327ms
[2026-04-03T03:21:51.375+0600][56.211s][info][gc,start       ] GC(218) Pause Remark
[2026-04-03T03:21:51.381+0600][56.217s][info][gc             ] GC(218) Pause Remark 508M->420M(735M) 5.448ms
[2026-04-03T03:21:51.381+0600][56.217s][info][gc,cpu         ] GC(218) User=0.03s Sys=0.01s Real=0.01s
[2026-04-03T03:21:51.381+0600][56.217s][info][gc,marking     ] GC(218) Concurrent Mark 226.613ms
[2026-04-03T03:21:51.381+0600][56.217s][info][gc,marking     ] GC(218) Concurrent Rebuild Remembered Sets and Scrub Regions
[2026-04-03T03:21:51.578+0600][56.414s][info][gc,marking     ] GC(218) Concurrent Rebuild Remembered Sets and Scrub Regions 196.786ms
[2026-04-03T03:21:51.578+0600][56.414s][info][gc,start       ] GC(218) Pause Cleanup
[2026-04-03T03:21:51.579+0600][56.415s][info][gc             ] GC(218) Pause Cleanup 580M->580M(735M) 0.424ms
[2026-04-03T03:21:51.579+0600][56.415s][info][gc,cpu         ] GC(218) User=0.00s Sys=0.00s Real=0.00s
[2026-04-03T03:21:51.579+0600][56.415s][info][gc,marking     ] GC(218) Concurrent Clear Claimed Marks
[2026-04-03T03:21:51.579+0600][56.415s][info][gc,marking     ] GC(218) Concurrent Clear Claimed Marks 0.265ms
[2026-04-03T03:21:51.579+0600][56.415s][info][gc,marking     ] GC(218) Concurrent Cleanup for Next Mark
[2026-04-03T03:21:51.581+0600][56.417s][info][gc,marking     ] GC(218) Concurrent Cleanup for Next Mark 1.219ms
[2026-04-03T03:21:51.581+0600][56.417s][info][gc             ] GC(218) Concurrent Mark Cycle 446.089ms
[2026-04-03T03:21:51.595+0600][56.432s][info][gc,start       ] GC(219) Pause Young (Prepare Mixed) (G1 Evacuation Pause)
[2026-04-03T03:21:51.595+0600][56.432s][info][gc,task        ] GC(219) Using 10 workers of 10 for evacuation
[2026-04-03T03:21:51.633+0600][56.469s][info][gc,phases      ] GC(219)   Pre Evacuate Collection Set: 0.59ms
[2026-04-03T03:21:51.633+0600][56.469s][info][gc,phases      ] GC(219)   Merge Heap Roots: 1.68ms
[2026-04-03T03:21:51.633+0600][56.469s][info][gc,phases      ] GC(219)   Evacuate Collection Set: 34.00ms
[2026-04-03T03:21:51.633+0600][56.469s][info][gc,phases      ] GC(219)   Post Evacuate Collection Set: 1.22ms
[2026-04-03T03:21:51.633+0600][56.469s][info][gc,phases      ] GC(219)   Other: 0.14ms
[2026-04-03T03:21:51.633+0600][56.469s][info][gc,heap        ] GC(219) Eden regions: 314->0(372)
[2026-04-03T03:21:51.633+0600][56.469s][info][gc,heap        ] GC(219) Survivor regions: 28->26(43)
[2026-04-03T03:21:51.633+0600][56.469s][info][gc,heap        ] GC(219) Old regions: 208->219
[2026-04-03T03:21:51.633+0600][56.469s][info][gc,heap        ] GC(219) Humongous regions: 44->44
[2026-04-03T03:21:51.633+0600][56.469s][info][gc,metaspace   ] GC(219) Metaspace: 73336K(74304K)->73336K(74304K) NonClass: 63999K(64576K)->63999K(64576K) Class: 9337K(9728K)->9337K(9728K)
[2026-04-03T03:21:51.633+0600][56.469s][info][gc             ] GC(219) Pause Young (Prepare Mixed) (G1 Evacuation Pause) 589M->285M(735M) 37.917ms
[2026-04-03T03:21:51.633+0600][56.470s][info][gc,cpu         ] GC(219) User=0.36s Sys=0.00s Real=0.04s
[2026-04-03T03:21:51.995+0600][56.831s][info][gc,start       ] GC(220) Pause Young (Mixed) (G1 Evacuation Pause)
[2026-04-03T03:21:51.995+0600][56.831s][info][gc,task        ] GC(220) Using 10 workers of 10 for evacuation
[2026-04-03T03:21:52.032+0600][56.868s][info][gc,phases      ] GC(220)   Pre Evacuate Collection Set: 0.32ms
[2026-04-03T03:21:52.032+0600][56.869s][info][gc,phases      ] GC(220)   Merge Heap Roots: 0.61ms
[2026-04-03T03:21:52.032+0600][56.869s][info][gc,phases      ] GC(220)   Evacuate Collection Set: 35.22ms
[2026-04-03T03:21:52.032+0600][56.869s][info][gc,phases      ] GC(220)   Post Evacuate Collection Set: 1.19ms
[2026-04-03T03:21:52.032+0600][56.869s][info][gc,phases      ] GC(220)   Other: 0.13ms
[2026-04-03T03:21:52.032+0600][56.869s][info][gc,heap        ] GC(220) Eden regions: 372->0(376)
[2026-04-03T03:21:52.032+0600][56.869s][info][gc,heap        ] GC(220) Survivor regions: 26->36(50)
[2026-04-03T03:21:52.032+0600][56.869s][info][gc,heap        ] GC(220) Old regions: 219->214
[2026-04-03T03:21:52.032+0600][56.869s][info][gc,heap        ] GC(220) Humongous regions: 44->44
[2026-04-03T03:21:52.033+0600][56.869s][info][gc,metaspace   ] GC(220) Metaspace: 73336K(74304K)->73336K(74304K) NonClass: 63999K(64576K)->63999K(64576K) Class: 9337K(9728K)->9337K(9728K)
[2026-04-03T03:21:52.033+0600][56.869s][info][gc             ] GC(220) Pause Young (Mixed) (G1 Evacuation Pause) 657M->290M(735M) 37.865ms
[2026-04-03T03:21:52.033+0600][56.869s][info][gc,cpu         ] GC(220) User=0.36s Sys=0.00s Real=0.04s
[2026-04-03T03:21:52.165+0600][57.001s][info][gc,start       ] GC(221) Pause Young (Concurrent Start) (G1 Humongous Allocation)
[2026-04-03T03:21:52.165+0600][57.001s][info][gc,task        ] GC(221) Using 10 workers of 10 for evacuation
[2026-04-03T03:21:52.206+0600][57.042s][info][gc,phases      ] GC(221)   Pre Evacuate Collection Set: 0.61ms
[2026-04-03T03:21:52.206+0600][57.042s][info][gc,phases      ] GC(221)   Merge Heap Roots: 0.31ms
[2026-04-03T03:21:52.206+0600][57.042s][info][gc,phases      ] GC(221)   Evacuate Collection Set: 38.66ms
[2026-04-03T03:21:52.206+0600][57.042s][info][gc,phases      ] GC(221)   Post Evacuate Collection Set: 1.76ms
[2026-04-03T03:21:52.206+0600][57.042s][info][gc,phases      ] GC(221)   Other: 0.22ms
[2026-04-03T03:21:52.206+0600][57.043s][info][gc,heap        ] GC(221) Eden regions: 88->0(436)
[2026-04-03T03:21:52.206+0600][57.043s][info][gc,heap        ] GC(221) Survivor regions: 36->30(52)
[2026-04-03T03:21:52.206+0600][57.043s][info][gc,heap        ] GC(221) Old regions: 214->224
[2026-04-03T03:21:52.206+0600][57.043s][info][gc,heap        ] GC(221) Humongous regions: 44->44
[2026-04-03T03:21:52.206+0600][57.043s][info][gc,metaspace   ] GC(221) Metaspace: 73336K(74304K)->73336K(74304K) NonClass: 63999K(64576K)->63999K(64576K) Class: 9337K(9728K)->9337K(9728K)
[2026-04-03T03:21:52.206+0600][57.043s][info][gc             ] GC(221) Pause Young (Concurrent Start) (G1 Humongous Allocation) 378M->294M(805M) 41.897ms
[2026-04-03T03:21:52.207+0600][57.043s][info][gc,cpu         ] GC(221) User=0.42s Sys=0.01s Real=0.04s
[2026-04-03T03:21:52.207+0600][57.043s][info][gc             ] GC(222) Concurrent Mark Cycle
[2026-04-03T03:21:52.207+0600][57.043s][info][gc,marking     ] GC(222) Concurrent Scan Root Regions
[2026-04-03T03:21:52.226+0600][57.062s][info][gc,marking     ] GC(222) Concurrent Scan Root Regions 19.560ms
[2026-04-03T03:21:52.226+0600][57.063s][info][gc,marking     ] GC(222) Concurrent Mark
[2026-04-03T03:21:52.226+0600][57.063s][info][gc,marking     ] GC(222) Concurrent Mark From Roots
[2026-04-03T03:21:52.226+0600][57.063s][info][gc,task        ] GC(222) Using 3 workers of 3 for marking
[2026-04-03T03:21:52.481+0600][57.317s][info][gc,marking     ] GC(222) Concurrent Mark From Roots 254.653ms
[2026-04-03T03:21:52.481+0600][57.317s][info][gc,marking     ] GC(222) Concurrent Preclean
[2026-04-03T03:21:52.481+0600][57.318s][info][gc,marking     ] GC(222) Concurrent Preclean 0.246ms
[2026-04-03T03:21:52.482+0600][57.318s][info][gc,start       ] GC(222) Pause Remark
[2026-04-03T03:21:52.487+0600][57.323s][info][gc             ] GC(222) Pause Remark 365M->355M(805M) 4.910ms
[2026-04-03T03:21:52.487+0600][57.323s][info][gc,cpu         ] GC(222) User=0.03s Sys=0.00s Real=0.00s
[2026-04-03T03:21:52.487+0600][57.323s][info][gc,marking     ] GC(222) Concurrent Mark 260.712ms
[2026-04-03T03:21:52.487+0600][57.323s][info][gc,marking     ] GC(222) Concurrent Rebuild Remembered Sets and Scrub Regions
[2026-04-03T03:21:52.741+0600][57.577s][info][gc,marking     ] GC(222) Concurrent Rebuild Remembered Sets and Scrub Regions 254.182ms
[2026-04-03T03:21:52.742+0600][57.578s][info][gc,start       ] GC(222) Pause Cleanup
[2026-04-03T03:21:52.742+0600][57.579s][info][gc             ] GC(222) Pause Cleanup 420M->420M(805M) 0.607ms
[2026-04-03T03:21:52.743+0600][57.579s][info][gc,cpu         ] GC(222) User=0.01s Sys=0.00s Real=0.00s
[2026-04-03T03:21:52.743+0600][57.579s][info][gc,marking     ] GC(222) Concurrent Clear Claimed Marks
[2026-04-03T03:21:52.743+0600][57.579s][info][gc,marking     ] GC(222) Concurrent Clear Claimed Marks 0.263ms
[2026-04-03T03:21:52.743+0600][57.579s][info][gc,marking     ] GC(222) Concurrent Cleanup for Next Mark
[2026-04-03T03:21:52.744+0600][57.581s][info][gc,marking     ] GC(222) Concurrent Cleanup for Next Mark 1.416ms
[2026-04-03T03:21:52.745+0600][57.581s][info][gc             ] GC(222) Concurrent Mark Cycle 537.884ms
[2026-04-03T03:21:53.917+0600][58.753s][info][gc,start       ] GC(223) Pause Young (Prepare Mixed) (G1 Evacuation Pause)
[2026-04-03T03:21:53.917+0600][58.753s][info][gc,task        ] GC(223) Using 10 workers of 10 for evacuation
[2026-04-03T03:21:54.025+0600][58.861s][info][gc,phases      ] GC(223)   Pre Evacuate Collection Set: 0.40ms
[2026-04-03T03:21:54.025+0600][58.861s][info][gc,phases      ] GC(223)   Merge Heap Roots: 1.97ms
[2026-04-03T03:21:54.025+0600][58.861s][info][gc,phases      ] GC(223)   Evacuate Collection Set: 104.23ms
[2026-04-03T03:21:54.025+0600][58.861s][info][gc,phases      ] GC(223)   Post Evacuate Collection Set: 1.14ms
[2026-04-03T03:21:54.025+0600][58.861s][info][gc,phases      ] GC(223)   Other: 0.13ms
[2026-04-03T03:21:54.025+0600][58.861s][info][gc,heap        ] GC(223) Eden regions: 436->0(378)
[2026-04-03T03:21:54.025+0600][58.861s][info][gc,heap        ] GC(223) Survivor regions: 30->59(59)
[2026-04-03T03:21:54.025+0600][58.861s][info][gc,heap        ] GC(223) Old regions: 224->250
[2026-04-03T03:21:54.025+0600][58.861s][info][gc,heap        ] GC(223) Humongous regions: 111->100
[2026-04-03T03:21:54.025+0600][58.861s][info][gc,metaspace   ] GC(223) Metaspace: 73370K(74304K)->73370K(74304K) NonClass: 64032K(64576K)->64032K(64576K) Class: 9338K(9728K)->9338K(9728K)
[2026-04-03T03:21:54.025+0600][58.861s][info][gc             ] GC(223) Pause Young (Prepare Mixed) (G1 Evacuation Pause) 797M->405M(886M) 108.214ms
[2026-04-03T03:21:54.025+0600][58.861s][info][gc,cpu         ] GC(223) User=0.94s Sys=0.10s Real=0.11s
[2026-04-03T03:21:54.334+0600][59.170s][info][gc,start       ] GC(224) Pause Young (Mixed) (G1 Evacuation Pause)
[2026-04-03T03:21:54.334+0600][59.170s][info][gc,task        ] GC(224) Using 10 workers of 10 for evacuation
[2026-04-03T03:21:54.457+0600][59.293s][info][gc,phases      ] GC(224)   Pre Evacuate Collection Set: 0.39ms
[2026-04-03T03:21:54.457+0600][59.293s][info][gc,phases      ] GC(224)   Merge Heap Roots: 1.14ms
[2026-04-03T03:21:54.457+0600][59.293s][info][gc,phases      ] GC(224)   Evacuate Collection Set: 120.76ms
[2026-04-03T03:21:54.457+0600][59.293s][info][gc,phases      ] GC(224)   Post Evacuate Collection Set: 0.86ms
[2026-04-03T03:21:54.457+0600][59.293s][info][gc,phases      ] GC(224)   Other: 0.13ms
[2026-04-03T03:21:54.457+0600][59.293s][info][gc,heap        ] GC(224) Eden regions: 378->0(334)
[2026-04-03T03:21:54.457+0600][59.293s][info][gc,heap        ] GC(224) Survivor regions: 59->55(55)
[2026-04-03T03:21:54.457+0600][59.293s][info][gc,heap        ] GC(224) Old regions: 250->318
[2026-04-03T03:21:54.457+0600][59.293s][info][gc,heap        ] GC(224) Humongous regions: 136->136
[2026-04-03T03:21:54.457+0600][59.293s][info][gc,metaspace   ] GC(224) Metaspace: 73372K(74304K)->73372K(74304K) NonClass: 64033K(64576K)->64033K(64576K) Class: 9338K(9728K)->9338K(9728K)
[2026-04-03T03:21:54.457+0600][59.293s][info][gc             ] GC(224) Pause Young (Mixed) (G1 Evacuation Pause) 819M->505M(954M) 123.595ms
[2026-04-03T03:21:54.457+0600][59.293s][info][gc,cpu         ] GC(224) User=1.14s Sys=0.07s Real=0.12s
[2026-04-03T03:21:54.555+0600][59.391s][info][gc,start       ] GC(225) Pause Young (Concurrent Start) (G1 Humongous Allocation)
[2026-04-03T03:21:54.555+0600][59.391s][info][gc,task        ] GC(225) Using 10 workers of 10 for evacuation
[2026-04-03T03:21:54.605+0600][59.442s][info][gc,phases      ] GC(225)   Pre Evacuate Collection Set: 0.70ms
[2026-04-03T03:21:54.606+0600][59.442s][info][gc,phases      ] GC(225)   Merge Heap Roots: 1.15ms
[2026-04-03T03:21:54.606+0600][59.442s][info][gc,phases      ] GC(225)   Evacuate Collection Set: 47.47ms
[2026-04-03T03:21:54.606+0600][59.442s][info][gc,phases      ] GC(225)   Post Evacuate Collection Set: 1.00ms
[2026-04-03T03:21:54.606+0600][59.442s][info][gc,phases      ] GC(225)   Other: 0.32ms
[2026-04-03T03:21:54.606+0600][59.442s][info][gc,heap        ] GC(225) Eden regions: 132->0(331)
[2026-04-03T03:21:54.606+0600][59.442s][info][gc,heap        ] GC(225) Survivor regions: 55->14(49)
[2026-04-03T03:21:54.606+0600][59.442s][info][gc,heap        ] GC(225) Old regions: 318->375
[2026-04-03T03:21:54.606+0600][59.442s][info][gc,heap        ] GC(225) Humongous regions: 136->136
[2026-04-03T03:21:54.606+0600][59.442s][info][gc,metaspace   ] GC(225) Metaspace: 73372K(74304K)->73372K(74304K) NonClass: 64033K(64576K)->64033K(64576K) Class: 9338K(9728K)->9338K(9728K)
[2026-04-03T03:21:54.606+0600][59.442s][info][gc             ] GC(225) Pause Young (Concurrent Start) (G1 Humongous Allocation) 637M->520M(954M) 51.007ms
[2026-04-03T03:21:54.606+0600][59.442s][info][gc             ] GC(226) Concurrent Mark Cycle
[2026-04-03T03:21:54.606+0600][59.442s][info][gc,marking     ] GC(226) Concurrent Scan Root Regions
[2026-04-03T03:21:54.606+0600][59.442s][info][gc,cpu         ] GC(225) User=0.49s Sys=0.00s Real=0.05s
[2026-04-03T03:21:54.651+0600][59.487s][info][gc,marking     ] GC(226) Concurrent Scan Root Regions 45.237ms
[2026-04-03T03:21:54.651+0600][59.487s][info][gc,marking     ] GC(226) Concurrent Mark
[2026-04-03T03:21:54.651+0600][59.487s][info][gc,marking     ] GC(226) Concurrent Mark From Roots
[2026-04-03T03:21:54.651+0600][59.487s][info][gc,task        ] GC(226) Using 3 workers of 3 for marking
[2026-04-03T03:21:54.870+0600][59.706s][info][gc,marking     ] GC(226) Concurrent Mark From Roots 218.306ms
[2026-04-03T03:21:54.870+0600][59.706s][info][gc,marking     ] GC(226) Concurrent Preclean
[2026-04-03T03:21:54.870+0600][59.706s][info][gc,marking     ] GC(226) Concurrent Preclean 0.351ms
[2026-04-03T03:21:54.870+0600][59.706s][info][gc,start       ] GC(226) Pause Remark
[2026-04-03T03:21:54.876+0600][59.712s][info][gc             ] GC(226) Pause Remark 699M->518M(954M) 5.308ms
[2026-04-03T03:21:54.876+0600][59.712s][info][gc,cpu         ] GC(226) User=0.03s Sys=0.00s Real=0.00s
[2026-04-03T03:21:54.876+0600][59.712s][info][gc,marking     ] GC(226) Concurrent Mark 224.787ms
[2026-04-03T03:21:54.876+0600][59.712s][info][gc,marking     ] GC(226) Concurrent Rebuild Remembered Sets and Scrub Regions
[2026-04-03T03:21:55.047+0600][59.883s][info][gc,marking     ] GC(226) Concurrent Rebuild Remembered Sets and Scrub Regions 170.660ms
[2026-04-03T03:21:55.047+0600][59.883s][info][gc,start       ] GC(226) Pause Cleanup
[2026-04-03T03:21:55.048+0600][59.884s][info][gc             ] GC(226) Pause Cleanup 580M->580M(954M) 0.526ms
[2026-04-03T03:21:55.048+0600][59.884s][info][gc,cpu         ] GC(226) User=0.00s Sys=0.00s Real=0.00s
[2026-04-03T03:21:55.048+0600][59.884s][info][gc,marking     ] GC(226) Concurrent Clear Claimed Marks
[2026-04-03T03:21:55.048+0600][59.884s][info][gc,marking     ] GC(226) Concurrent Clear Claimed Marks 0.206ms
[2026-04-03T03:21:55.048+0600][59.884s][info][gc,marking     ] GC(226) Concurrent Cleanup for Next Mark
[2026-04-03T03:21:55.050+0600][59.887s][info][gc,marking     ] GC(226) Concurrent Cleanup for Next Mark 2.374ms
[2026-04-03T03:21:55.051+0600][59.887s][info][gc             ] GC(226) Concurrent Mark Cycle 444.757ms
[2026-04-03T03:21:55.373+0600][60.209s][info][gc,start       ] GC(227) Pause Young (Prepare Mixed) (G1 Evacuation Pause)
[2026-04-03T03:21:55.373+0600][60.209s][info][gc,task        ] GC(227) Using 10 workers of 10 for evacuation
[2026-04-03T03:21:55.400+0600][60.237s][info][gc,phases      ] GC(227)   Pre Evacuate Collection Set: 0.31ms
[2026-04-03T03:21:55.401+0600][60.237s][info][gc,phases      ] GC(227)   Merge Heap Roots: 1.21ms
[2026-04-03T03:21:55.401+0600][60.237s][info][gc,phases      ] GC(227)   Evacuate Collection Set: 24.25ms
[2026-04-03T03:21:55.401+0600][60.237s][info][gc,phases      ] GC(227)   Post Evacuate Collection Set: 1.27ms
[2026-04-03T03:21:55.401+0600][60.237s][info][gc,phases      ] GC(227)   Other: 0.13ms
[2026-04-03T03:21:55.401+0600][60.237s][info][gc,heap        ] GC(227) Eden regions: 331->0(455)
[2026-04-03T03:21:55.401+0600][60.237s][info][gc,heap        ] GC(227) Survivor regions: 14->31(44)
[2026-04-03T03:21:55.401+0600][60.237s][info][gc,heap        ] GC(227) Old regions: 298->298
[2026-04-03T03:21:55.401+0600][60.237s][info][gc,heap        ] GC(227) Humongous regions: 45->45
[2026-04-03T03:21:55.401+0600][60.237s][info][gc,metaspace   ] GC(227) Metaspace: 73376K(74304K)->73376K(74304K) NonClass: 64037K(64576K)->64037K(64576K) Class: 9338K(9728K)->9338K(9728K)
[2026-04-03T03:21:55.401+0600][60.237s][info][gc             ] GC(227) Pause Young (Prepare Mixed) (G1 Evacuation Pause) 683M->369M(954M) 27.492ms
[2026-04-03T03:21:55.401+0600][60.237s][info][gc,cpu         ] GC(227) User=0.25s Sys=0.00s Real=0.03s
[2026-04-03T03:21:55.829+0600][60.665s][info][gc,start       ] GC(228) Pause Young (Mixed) (G1 Evacuation Pause)
[2026-04-03T03:21:55.829+0600][60.665s][info][gc,task        ] GC(228) Using 10 workers of 10 for evacuation
[2026-04-03T03:21:55.868+0600][60.704s][info][gc,phases      ] GC(228)   Pre Evacuate Collection Set: 0.40ms
[2026-04-03T03:21:55.868+0600][60.704s][info][gc,phases      ] GC(228)   Merge Heap Roots: 0.48ms
[2026-04-03T03:21:55.868+0600][60.704s][info][gc,phases      ] GC(228)   Evacuate Collection Set: 36.97ms
[2026-04-03T03:21:55.868+0600][60.704s][info][gc,phases      ] GC(228)   Post Evacuate Collection Set: 1.13ms
[2026-04-03T03:21:55.868+0600][60.704s][info][gc,phases      ] GC(228)   Other: 0.13ms
[2026-04-03T03:21:55.868+0600][60.704s][info][gc,heap        ] GC(228) Eden regions: 455->0(471)
[2026-04-03T03:21:55.868+0600][60.704s][info][gc,heap        ] GC(228) Survivor regions: 31->46(61)
[2026-04-03T03:21:55.868+0600][60.704s][info][gc,heap        ] GC(228) Old regions: 298->278
[2026-04-03T03:21:55.868+0600][60.704s][info][gc,heap        ] GC(228) Humongous regions: 48->48
[2026-04-03T03:21:55.868+0600][60.704s][info][gc,metaspace   ] GC(228) Metaspace: 73376K(74304K)->73376K(74304K) NonClass: 64037K(64576K)->64037K(64576K) Class: 9338K(9728K)->9338K(9728K)
[2026-04-03T03:21:55.868+0600][60.704s][info][gc             ] GC(228) Pause Young (Mixed) (G1 Evacuation Pause) 827M->368M(954M) 39.459ms
[2026-04-03T03:21:55.868+0600][60.704s][info][gc,cpu         ] GC(228) User=0.38s Sys=0.00s Real=0.04s
[2026-04-03T03:21:55.944+0600][60.781s][info][gc,start       ] GC(229) Pause Young (Concurrent Start) (G1 Humongous Allocation)
[2026-04-03T03:21:55.945+0600][60.781s][info][gc,task        ] GC(229) Using 10 workers of 10 for evacuation
[2026-04-03T03:21:55.979+0600][60.815s][info][gc,phases      ] GC(229)   Pre Evacuate Collection Set: 0.43ms
[2026-04-03T03:21:55.979+0600][60.815s][info][gc,phases      ] GC(229)   Merge Heap Roots: 0.28ms
[2026-04-03T03:21:55.979+0600][60.815s][info][gc,phases      ] GC(229)   Evacuate Collection Set: 32.82ms
[2026-04-03T03:21:55.979+0600][60.815s][info][gc,phases      ] GC(229)   Post Evacuate Collection Set: 0.81ms
[2026-04-03T03:21:55.979+0600][60.815s][info][gc,phases      ] GC(229)   Other: 0.15ms
[2026-04-03T03:21:55.979+0600][60.815s][info][gc,heap        ] GC(229) Eden regions: 83->0(478)
[2026-04-03T03:21:55.979+0600][60.815s][info][gc,heap        ] GC(229) Survivor regions: 46->25(65)
[2026-04-03T03:21:55.979+0600][60.815s][info][gc,heap        ] GC(229) Old regions: 278->304
[2026-04-03T03:21:55.979+0600][60.815s][info][gc,heap        ] GC(229) Humongous regions: 48->48
[2026-04-03T03:21:55.979+0600][60.815s][info][gc,metaspace   ] GC(229) Metaspace: 73376K(74304K)->73376K(74304K) NonClass: 64037K(64576K)->64037K(64576K) Class: 9338K(9728K)->9338K(9728K)
[2026-04-03T03:21:55.979+0600][60.815s][info][gc             ] GC(229) Pause Young (Concurrent Start) (G1 Humongous Allocation) 451M->373M(954M) 34.816ms
[2026-04-03T03:21:55.979+0600][60.816s][info][gc,cpu         ] GC(229) User=0.33s Sys=0.01s Real=0.03s
[2026-04-03T03:21:55.979+0600][60.816s][info][gc             ] GC(230) Concurrent Mark Cycle
[2026-04-03T03:21:55.980+0600][60.816s][info][gc,marking     ] GC(230) Concurrent Scan Root Regions
[2026-04-03T03:21:56.002+0600][60.838s][info][gc,marking     ] GC(230) Concurrent Scan Root Regions 22.561ms
[2026-04-03T03:21:56.002+0600][60.838s][info][gc,marking     ] GC(230) Concurrent Mark
[2026-04-03T03:21:56.002+0600][60.838s][info][gc,marking     ] GC(230) Concurrent Mark From Roots
[2026-04-03T03:21:56.002+0600][60.838s][info][gc,task        ] GC(230) Using 3 workers of 3 for marking
[2026-04-03T03:21:56.189+0600][61.025s][info][gc,marking     ] GC(230) Concurrent Mark From Roots 186.850ms
[2026-04-03T03:21:56.189+0600][61.025s][info][gc,marking     ] GC(230) Concurrent Preclean
[2026-04-03T03:21:56.189+0600][61.025s][info][gc,marking     ] GC(230) Concurrent Preclean 0.144ms
[2026-04-03T03:21:56.190+0600][61.026s][info][gc,start       ] GC(230) Pause Remark
[2026-04-03T03:21:56.196+0600][61.032s][info][gc             ] GC(230) Pause Remark 526M->426M(940M) 6.012ms
[2026-04-03T03:21:56.196+0600][61.032s][info][gc,cpu         ] GC(230) User=0.03s Sys=0.00s Real=0.00s
[2026-04-03T03:21:56.196+0600][61.032s][info][gc,marking     ] GC(230) Concurrent Mark 194.060ms
[2026-04-03T03:21:56.196+0600][61.032s][info][gc,marking     ] GC(230) Concurrent Rebuild Remembered Sets and Scrub Regions
[2026-04-03T03:21:56.345+0600][61.181s][info][gc,marking     ] GC(230) Concurrent Rebuild Remembered Sets and Scrub Regions 148.577ms
[2026-04-03T03:21:56.345+0600][61.182s][info][gc,start       ] GC(230) Pause Cleanup
[2026-04-03T03:21:56.346+0600][61.182s][info][gc             ] GC(230) Pause Cleanup 542M->542M(940M) 0.752ms
[2026-04-03T03:21:56.346+0600][61.182s][info][gc,cpu         ] GC(230) User=0.00s Sys=0.00s Real=0.00s
[2026-04-03T03:21:56.347+0600][61.183s][info][gc,marking     ] GC(230) Concurrent Clear Claimed Marks
[2026-04-03T03:21:56.347+0600][61.183s][info][gc,marking     ] GC(230) Concurrent Clear Claimed Marks 0.313ms
[2026-04-03T03:21:56.347+0600][61.183s][info][gc,marking     ] GC(230) Concurrent Cleanup for Next Mark
[2026-04-03T03:21:56.348+0600][61.185s][info][gc,marking     ] GC(230) Concurrent Cleanup for Next Mark 1.516ms
[2026-04-03T03:21:56.348+0600][61.185s][info][gc             ] GC(230) Concurrent Mark Cycle 369.022ms
[2026-04-03T03:21:56.568+0600][61.404s][info][gc,start       ] GC(231) Pause Young (Prepare Mixed) (G1 Evacuation Pause)
[2026-04-03T03:21:56.568+0600][61.404s][info][gc,task        ] GC(231) Using 10 workers of 10 for evacuation
[2026-04-03T03:21:56.612+0600][61.448s][info][gc,phases      ] GC(231)   Pre Evacuate Collection Set: 0.60ms
[2026-04-03T03:21:56.612+0600][61.448s][info][gc,phases      ] GC(231)   Merge Heap Roots: 1.73ms
[2026-04-03T03:21:56.612+0600][61.448s][info][gc,phases      ] GC(231)   Evacuate Collection Set: 40.16ms
[2026-04-03T03:21:56.612+0600][61.448s][info][gc,phases      ] GC(231)   Post Evacuate Collection Set: 1.26ms
[2026-04-03T03:21:56.612+0600][61.448s][info][gc,phases      ] GC(231)   Other: 0.15ms
[2026-04-03T03:21:56.612+0600][61.449s][info][gc,heap        ] GC(231) Eden regions: 478->0(524)
[2026-04-03T03:21:56.612+0600][61.449s][info][gc,heap        ] GC(231) Survivor regions: 25->40(63)
[2026-04-03T03:21:56.612+0600][61.449s][info][gc,heap        ] GC(231) Old regions: 228->228
[2026-04-03T03:21:56.612+0600][61.449s][info][gc,heap        ] GC(231) Humongous regions: 47->47
[2026-04-03T03:21:56.612+0600][61.449s][info][gc,metaspace   ] GC(231) Metaspace: 73376K(74304K)->73376K(74304K) NonClass: 64037K(64576K)->64037K(64576K) Class: 9338K(9728K)->9338K(9728K)
[2026-04-03T03:21:56.612+0600][61.449s][info][gc             ] GC(231) Pause Young (Prepare Mixed) (G1 Evacuation Pause) 774M->311M(940M) 44.251ms
[2026-04-03T03:21:56.613+0600][61.449s][info][gc,cpu         ] GC(231) User=0.42s Sys=0.00s Real=0.05s
[2026-04-03T03:21:58.330+0600][63.166s][info][gc,start       ] GC(232) Pause Young (Mixed) (G1 Evacuation Pause)
[2026-04-03T03:21:58.330+0600][63.166s][info][gc,task        ] GC(232) Using 10 workers of 10 for evacuation
[2026-04-03T03:21:58.436+0600][63.272s][info][gc,phases      ] GC(232)   Pre Evacuate Collection Set: 0.47ms
[2026-04-03T03:21:58.436+0600][63.272s][info][gc,phases      ] GC(232)   Merge Heap Roots: 1.67ms
[2026-04-03T03:21:58.436+0600][63.272s][info][gc,phases      ] GC(232)   Evacuate Collection Set: 101.96ms
[2026-04-03T03:21:58.436+0600][63.272s][info][gc,phases      ] GC(232)   Post Evacuate Collection Set: 1.78ms
[2026-04-03T03:21:58.436+0600][63.273s][info][gc,phases      ] GC(232)   Other: 0.22ms
[2026-04-03T03:21:58.436+0600][63.273s][info][gc,heap        ] GC(232) Eden regions: 524->0(502)
[2026-04-03T03:21:58.436+0600][63.273s][info][gc,heap        ] GC(232) Survivor regions: 40->50(71)
[2026-04-03T03:21:58.436+0600][63.273s][info][gc,heap        ] GC(232) Old regions: 228->237
[2026-04-03T03:21:58.436+0600][63.273s][info][gc,heap        ] GC(232) Humongous regions: 100->89
[2026-04-03T03:21:58.436+0600][63.273s][info][gc,metaspace   ] GC(232) Metaspace: 73398K(74304K)->73398K(74304K) NonClass: 64060K(64576K)->64060K(64576K) Class: 9338K(9728K)->9338K(9728K)
[2026-04-03T03:21:58.437+0600][63.273s][info][gc             ] GC(232) Pause Young (Mixed) (G1 Evacuation Pause) 888M->372M(968M) 106.502ms
[2026-04-03T03:21:58.437+0600][63.273s][info][gc,cpu         ] GC(232) User=1.13s Sys=0.02s Real=0.10s
[2026-04-03T03:21:58.545+0600][63.381s][info][gc,start       ] GC(233) Pause Young (Concurrent Start) (G1 Humongous Allocation)
[2026-04-03T03:21:58.545+0600][63.381s][info][gc,task        ] GC(233) Using 10 workers of 10 for evacuation
[2026-04-03T03:21:58.622+0600][63.458s][info][gc,phases      ] GC(233)   Pre Evacuate Collection Set: 0.59ms
[2026-04-03T03:21:58.622+0600][63.458s][info][gc,phases      ] GC(233)   Merge Heap Roots: 0.62ms
[2026-04-03T03:21:58.622+0600][63.458s][info][gc,phases      ] GC(233)   Evacuate Collection Set: 73.33ms
[2026-04-03T03:21:58.622+0600][63.458s][info][gc,phases      ] GC(233)   Post Evacuate Collection Set: 1.40ms
[2026-04-03T03:21:58.622+0600][63.458s][info][gc,phases      ] GC(233)   Other: 0.26ms
[2026-04-03T03:21:58.622+0600][63.458s][info][gc,heap        ] GC(233) Eden regions: 44->0(429)
[2026-04-03T03:21:58.622+0600][63.458s][info][gc,heap        ] GC(233) Survivor regions: 50->44(69)
[2026-04-03T03:21:58.622+0600][63.458s][info][gc,heap        ] GC(233) Old regions: 237->259
[2026-04-03T03:21:58.622+0600][63.458s][info][gc,heap        ] GC(233) Humongous regions: 89->89
[2026-04-03T03:21:58.622+0600][63.458s][info][gc,metaspace   ] GC(233) Metaspace: 73398K(74304K)->73398K(74304K) NonClass: 64060K(64576K)->64060K(64576K) Class: 9338K(9728K)->9338K(9728K)
[2026-04-03T03:21:58.622+0600][63.458s][info][gc             ] GC(233) Pause Young (Concurrent Start) (G1 Humongous Allocation) 416M->387M(968M) 76.633ms
[2026-04-03T03:21:58.622+0600][63.458s][info][gc             ] GC(234) Concurrent Mark Cycle
[2026-04-03T03:21:58.622+0600][63.458s][info][gc,marking     ] GC(234) Concurrent Scan Root Regions
[2026-04-03T03:21:58.622+0600][63.458s][info][gc,cpu         ] GC(233) User=0.73s Sys=0.01s Real=0.08s
[2026-04-03T03:21:58.643+0600][63.479s][info][gc,marking     ] GC(234) Concurrent Scan Root Regions 21.305ms
[2026-04-03T03:21:58.643+0600][63.480s][info][gc,marking     ] GC(234) Concurrent Mark
[2026-04-03T03:21:58.643+0600][63.480s][info][gc,marking     ] GC(234) Concurrent Mark From Roots
[2026-04-03T03:21:58.643+0600][63.480s][info][gc,task        ] GC(234) Using 3 workers of 3 for marking
[2026-04-03T03:21:58.802+0600][63.638s][info][gc,marking     ] GC(234) Concurrent Mark From Roots 158.856ms
[2026-04-03T03:21:58.802+0600][63.639s][info][gc,marking     ] GC(234) Concurrent Preclean
[2026-04-03T03:21:58.803+0600][63.639s][info][gc,marking     ] GC(234) Concurrent Preclean 0.203ms
[2026-04-03T03:21:58.803+0600][63.639s][info][gc,start       ] GC(234) Pause Remark
[2026-04-03T03:21:58.810+0600][63.646s][info][gc             ] GC(234) Pause Remark 489M->359M(937M) 6.818ms
[2026-04-03T03:21:58.810+0600][63.646s][info][gc,cpu         ] GC(234) User=0.04s Sys=0.01s Real=0.01s
[2026-04-03T03:21:58.810+0600][63.646s][info][gc,marking     ] GC(234) Concurrent Mark 166.836ms
[2026-04-03T03:21:58.810+0600][63.646s][info][gc,marking     ] GC(234) Concurrent Rebuild Remembered Sets and Scrub Regions
[2026-04-03T03:21:58.933+0600][63.769s][info][gc,marking     ] GC(234) Concurrent Rebuild Remembered Sets and Scrub Regions 122.640ms
[2026-04-03T03:21:58.934+0600][63.770s][info][gc,start       ] GC(234) Pause Cleanup
[2026-04-03T03:21:58.934+0600][63.770s][info][gc             ] GC(234) Pause Cleanup 438M->438M(937M) 0.477ms
[2026-04-03T03:21:58.934+0600][63.770s][info][gc,cpu         ] GC(234) User=0.00s Sys=0.00s Real=0.00s
[2026-04-03T03:21:58.934+0600][63.770s][info][gc,marking     ] GC(234) Concurrent Clear Claimed Marks
[2026-04-03T03:21:58.934+0600][63.771s][info][gc,marking     ] GC(234) Concurrent Clear Claimed Marks 0.236ms
[2026-04-03T03:21:58.934+0600][63.771s][info][gc,marking     ] GC(234) Concurrent Cleanup for Next Mark
[2026-04-03T03:21:58.936+0600][63.772s][info][gc,marking     ] GC(234) Concurrent Cleanup for Next Mark 1.413ms
[2026-04-03T03:21:58.936+0600][63.772s][info][gc             ] GC(234) Concurrent Mark Cycle 314.059ms
[2026-04-03T03:21:59.512+0600][64.348s][info][gc,start       ] GC(235) Pause Young (Prepare Mixed) (G1 Evacuation Pause)
[2026-04-03T03:21:59.512+0600][64.349s][info][gc,task        ] GC(235) Using 10 workers of 10 for evacuation
[2026-04-03T03:21:59.610+0600][64.447s][info][gc,phases      ] GC(235)   Pre Evacuate Collection Set: 0.47ms
[2026-04-03T03:21:59.610+0600][64.447s][info][gc,phases      ] GC(235)   Merge Heap Roots: 3.18ms
[2026-04-03T03:21:59.610+0600][64.447s][info][gc,phases      ] GC(235)   Evacuate Collection Set: 92.49ms
[2026-04-03T03:21:59.611+0600][64.447s][info][gc,phases      ] GC(235)   Post Evacuate Collection Set: 1.65ms
[2026-04-03T03:21:59.611+0600][64.447s][info][gc,phases      ] GC(235)   Other: 0.16ms
[2026-04-03T03:21:59.611+0600][64.447s][info][gc,heap        ] GC(235) Eden regions: 429->0(403)
[2026-04-03T03:21:59.611+0600][64.447s][info][gc,heap        ] GC(235) Survivor regions: 44->60(60)
[2026-04-03T03:21:59.611+0600][64.447s][info][gc,heap        ] GC(235) Old regions: 198->228
[2026-04-03T03:21:59.611+0600][64.447s][info][gc,heap        ] GC(235) Humongous regions: 113->91
[2026-04-03T03:21:59.611+0600][64.447s][info][gc,metaspace   ] GC(235) Metaspace: 73472K(74368K)->73472K(74368K) NonClass: 64133K(64640K)->64133K(64640K) Class: 9338K(9728K)->9338K(9728K)
[2026-04-03T03:21:59.611+0600][64.447s][info][gc             ] GC(235) Pause Young (Prepare Mixed) (G1 Evacuation Pause) 779M->375M(937M) 98.356ms
[2026-04-03T03:21:59.611+0600][64.447s][info][gc,cpu         ] GC(235) User=0.97s Sys=0.00s Real=0.10s
[2026-04-03T03:22:00.132+0600][64.968s][info][gc,start       ] GC(236) Pause Young (Mixed) (G1 Evacuation Pause)
[2026-04-03T03:22:00.132+0600][64.968s][info][gc,task        ] GC(236) Using 10 workers of 10 for evacuation
[2026-04-03T03:22:00.214+0600][65.050s][info][gc,phases      ] GC(236)   Pre Evacuate Collection Set: 0.42ms
[2026-04-03T03:22:00.214+0600][65.050s][info][gc,phases      ] GC(236)   Merge Heap Roots: 0.78ms
[2026-04-03T03:22:00.214+0600][65.050s][info][gc,phases      ] GC(236)   Evacuate Collection Set: 79.33ms
[2026-04-03T03:22:00.214+0600][65.050s][info][gc,phases      ] GC(236)   Post Evacuate Collection Set: 1.32ms
[2026-04-03T03:22:00.214+0600][65.050s][info][gc,phases      ] GC(236)   Other: 0.13ms
[2026-04-03T03:22:00.214+0600][65.050s][info][gc,heap        ] GC(236) Eden regions: 403->0(373)
[2026-04-03T03:22:00.214+0600][65.050s][info][gc,heap        ] GC(236) Survivor regions: 60->38(58)
[2026-04-03T03:22:00.214+0600][65.050s][info][gc,heap        ] GC(236) Old regions: 228->285
[2026-04-03T03:22:00.214+0600][65.050s][info][gc,heap        ] GC(236) Humongous regions: 121->110
[2026-04-03T03:22:00.214+0600][65.050s][info][gc,metaspace   ] GC(236) Metaspace: 73489K(74368K)->73489K(74368K) NonClass: 64151K(64640K)->64151K(64640K) Class: 9338K(9728K)->9338K(9728K)
[2026-04-03T03:22:00.214+0600][65.050s][info][gc             ] GC(236) Pause Young (Mixed) (G1 Evacuation Pause) 808M->429M(937M) 82.319ms
[2026-04-03T03:22:00.214+0600][65.050s][info][gc,cpu         ] GC(236) User=0.80s Sys=0.00s Real=0.08s
[2026-04-03T03:22:00.271+0600][65.107s][info][gc,start       ] GC(237) Pause Young (Concurrent Start) (G1 Humongous Allocation)
[2026-04-03T03:22:00.271+0600][65.107s][info][gc,task        ] GC(237) Using 10 workers of 10 for evacuation
[2026-04-03T03:22:00.301+0600][65.137s][info][gc,phases      ] GC(237)   Pre Evacuate Collection Set: 0.52ms
[2026-04-03T03:22:00.301+0600][65.137s][info][gc,phases      ] GC(237)   Merge Heap Roots: 0.27ms
[2026-04-03T03:22:00.301+0600][65.137s][info][gc,phases      ] GC(237)   Evacuate Collection Set: 27.88ms
[2026-04-03T03:22:00.301+0600][65.137s][info][gc,phases      ] GC(237)   Post Evacuate Collection Set: 0.78ms
[2026-04-03T03:22:00.301+0600][65.137s][info][gc,phases      ] GC(237)   Other: 0.23ms
[2026-04-03T03:22:00.301+0600][65.137s][info][gc,heap        ] GC(237) Eden regions: 101->0(356)
[2026-04-03T03:22:00.301+0600][65.137s][info][gc,heap        ] GC(237) Survivor regions: 38->18(52)
[2026-04-03T03:22:00.301+0600][65.137s][info][gc,heap        ] GC(237) Old regions: 285->322
[2026-04-03T03:22:00.301+0600][65.137s][info][gc,heap        ] GC(237) Humongous regions: 110->110
[2026-04-03T03:22:00.301+0600][65.137s][info][gc,metaspace   ] GC(237) Metaspace: 73489K(74368K)->73489K(74368K) NonClass: 64151K(64640K)->64151K(64640K) Class: 9338K(9728K)->9338K(9728K)
[2026-04-03T03:22:00.301+0600][65.137s][info][gc             ] GC(237) Pause Young (Concurrent Start) (G1 Humongous Allocation) 530M->445M(937M) 30.111ms
[2026-04-03T03:22:00.301+0600][65.137s][info][gc,cpu         ] GC(237) User=0.28s Sys=0.01s Real=0.03s
[2026-04-03T03:22:00.301+0600][65.137s][info][gc             ] GC(238) Concurrent Mark Cycle
[2026-04-03T03:22:00.301+0600][65.138s][info][gc,marking     ] GC(238) Concurrent Scan Root Regions
[2026-04-03T03:22:00.318+0600][65.154s][info][gc,marking     ] GC(238) Concurrent Scan Root Regions 16.783ms
[2026-04-03T03:22:00.318+0600][65.154s][info][gc,marking     ] GC(238) Concurrent Mark
[2026-04-03T03:22:00.318+0600][65.154s][info][gc,marking     ] GC(238) Concurrent Mark From Roots
[2026-04-03T03:22:00.318+0600][65.154s][info][gc,task        ] GC(238) Using 3 workers of 3 for marking
[2026-04-03T03:22:00.450+0600][65.286s][info][gc,marking     ] GC(238) Concurrent Mark From Roots 131.736ms
[2026-04-03T03:22:00.450+0600][65.286s][info][gc,marking     ] GC(238) Concurrent Preclean
[2026-04-03T03:22:00.450+0600][65.286s][info][gc,marking     ] GC(238) Concurrent Preclean 0.170ms
[2026-04-03T03:22:00.451+0600][65.287s][info][gc,start       ] GC(238) Pause Remark
[2026-04-03T03:22:00.455+0600][65.291s][info][gc             ] GC(238) Pause Remark 593M->415M(934M) 4.526ms
[2026-04-03T03:22:00.455+0600][65.291s][info][gc,cpu         ] GC(238) User=0.02s Sys=0.00s Real=0.00s
[2026-04-03T03:22:00.455+0600][65.292s][info][gc,marking     ] GC(238) Concurrent Mark 137.137ms
[2026-04-03T03:22:00.456+0600][65.292s][info][gc,marking     ] GC(238) Concurrent Rebuild Remembered Sets and Scrub Regions
[2026-04-03T03:22:00.517+0600][65.353s][info][gc,marking     ] GC(238) Concurrent Rebuild Remembered Sets and Scrub Regions 61.750ms
[2026-04-03T03:22:00.518+0600][65.354s][info][gc,start       ] GC(238) Pause Cleanup
[2026-04-03T03:22:00.518+0600][65.354s][info][gc             ] GC(238) Pause Cleanup 433M->433M(934M) 0.580ms
[2026-04-03T03:22:00.518+0600][65.354s][info][gc,cpu         ] GC(238) User=0.01s Sys=0.00s Real=0.00s
[2026-04-03T03:22:00.518+0600][65.355s][info][gc,marking     ] GC(238) Concurrent Clear Claimed Marks
[2026-04-03T03:22:00.519+0600][65.355s][info][gc,marking     ] GC(238) Concurrent Clear Claimed Marks 0.256ms
[2026-04-03T03:22:00.519+0600][65.355s][info][gc,marking     ] GC(238) Concurrent Cleanup for Next Mark
[2026-04-03T03:22:00.520+0600][65.356s][info][gc,marking     ] GC(238) Concurrent Cleanup for Next Mark 1.270ms
[2026-04-03T03:22:00.520+0600][65.356s][info][gc             ] GC(238) Concurrent Mark Cycle 218.794ms
[2026-04-03T03:22:01.108+0600][65.944s][info][gc,start       ] GC(239) Pause Young (Prepare Mixed) (G1 Evacuation Pause)
[2026-04-03T03:22:01.108+0600][65.944s][info][gc,task        ] GC(239) Using 10 workers of 10 for evacuation
[2026-04-03T03:22:01.209+0600][66.045s][info][gc,phases      ] GC(239)   Pre Evacuate Collection Set: 0.40ms
[2026-04-03T03:22:01.209+0600][66.045s][info][gc,phases      ] GC(239)   Merge Heap Roots: 0.44ms
[2026-04-03T03:22:01.209+0600][66.045s][info][gc,phases      ] GC(239)   Evacuate Collection Set: 98.22ms
[2026-04-03T03:22:01.209+0600][66.045s][info][gc,phases      ] GC(239)   Post Evacuate Collection Set: 1.31ms
[2026-04-03T03:22:01.209+0600][66.045s][info][gc,phases      ] GC(239)   Other: 0.17ms
[2026-04-03T03:22:01.209+0600][66.045s][info][gc,heap        ] GC(239) Eden regions: 356->0(371)
[2026-04-03T03:22:01.209+0600][66.045s][info][gc,heap        ] GC(239) Survivor regions: 18->47(47)
[2026-04-03T03:22:01.209+0600][66.045s][info][gc,heap        ] GC(239) Old regions: 236->251
[2026-04-03T03:22:01.209+0600][66.045s][info][gc,heap        ] GC(239) Humongous regions: 214->132
[2026-04-03T03:22:01.209+0600][66.045s][info][gc,metaspace   ] GC(239) Metaspace: 73514K(74432K)->73514K(74432K) NonClass: 64175K(64704K)->64175K(64704K) Class: 9338K(9728K)->9338K(9728K)
[2026-04-03T03:22:01.209+0600][66.045s][info][gc             ] GC(239) Pause Young (Prepare Mixed) (G1 Evacuation Pause) 819M->426M(934M) 100.986ms
[2026-04-03T03:22:01.209+0600][66.045s][info][gc,cpu         ] GC(239) User=0.99s Sys=0.00s Real=0.10s
[2026-04-03T03:22:01.552+0600][66.389s][info][gc,start       ] GC(240) Pause Young (Mixed) (G1 Evacuation Pause)
[2026-04-03T03:22:01.552+0600][66.389s][info][gc,task        ] GC(240) Using 10 workers of 10 for evacuation
[2026-04-03T03:22:01.625+0600][66.462s][info][gc,phases      ] GC(240)   Pre Evacuate Collection Set: 0.60ms
[2026-04-03T03:22:01.625+0600][66.462s][info][gc,phases      ] GC(240)   Merge Heap Roots: 0.39ms
[2026-04-03T03:22:01.626+0600][66.462s][info][gc,phases      ] GC(240)   Evacuate Collection Set: 71.19ms
[2026-04-03T03:22:01.626+0600][66.462s][info][gc,phases      ] GC(240)   Post Evacuate Collection Set: 0.64ms
[2026-04-03T03:22:01.626+0600][66.462s][info][gc,phases      ] GC(240)   Other: 0.10ms
[2026-04-03T03:22:01.626+0600][66.462s][info][gc,heap        ] GC(240) Eden regions: 371->0(361)
[2026-04-03T03:22:01.626+0600][66.462s][info][gc,heap        ] GC(240) Survivor regions: 47->37(53)
[2026-04-03T03:22:01.626+0600][66.462s][info][gc,heap        ] GC(240) Old regions: 251->287
[2026-04-03T03:22:01.626+0600][66.462s][info][gc,heap        ] GC(240) Humongous regions: 200->141
[2026-04-03T03:22:01.626+0600][66.462s][info][gc,metaspace   ] GC(240) Metaspace: 73530K(74432K)->73530K(74432K) NonClass: 64192K(64704K)->64192K(64704K) Class: 9338K(9728K)->9338K(9728K)
[2026-04-03T03:22:01.626+0600][66.462s][info][gc             ] GC(240) Pause Young (Mixed) (G1 Evacuation Pause) 865M->461M(955M) 73.198ms
[2026-04-03T03:22:01.626+0600][66.462s][info][gc,cpu         ] GC(240) User=0.69s Sys=0.03s Real=0.07s
[2026-04-03T03:22:01.682+0600][66.518s][info][gc,start       ] GC(241) Pause Young (Concurrent Start) (G1 Humongous Allocation)
[2026-04-03T03:22:01.682+0600][66.518s][info][gc,task        ] GC(241) Using 10 workers of 10 for evacuation
[2026-04-03T03:22:01.702+0600][66.538s][info][gc,phases      ] GC(241)   Pre Evacuate Collection Set: 0.34ms
[2026-04-03T03:22:01.702+0600][66.538s][info][gc,phases      ] GC(241)   Merge Heap Roots: 0.12ms
[2026-04-03T03:22:01.702+0600][66.538s][info][gc,phases      ] GC(241)   Evacuate Collection Set: 18.31ms
[2026-04-03T03:22:01.702+0600][66.538s][info][gc,phases      ] GC(241)   Post Evacuate Collection Set: 0.92ms
[2026-04-03T03:22:01.702+0600][66.538s][info][gc,phases      ] GC(241)   Other: 0.12ms
[2026-04-03T03:22:01.702+0600][66.538s][info][gc,heap        ] GC(241) Eden regions: 128->0(388)
[2026-04-03T03:22:01.702+0600][66.538s][info][gc,heap        ] GC(241) Survivor regions: 37->1(50)
[2026-04-03T03:22:01.702+0600][66.538s][info][gc,heap        ] GC(241) Old regions: 287->324
[2026-04-03T03:22:01.702+0600][66.538s][info][gc,heap        ] GC(241) Humongous regions: 141->141
[2026-04-03T03:22:01.702+0600][66.538s][info][gc,metaspace   ] GC(241) Metaspace: 73530K(74432K)->73530K(74432K) NonClass: 64192K(64704K)->64192K(64704K) Class: 9338K(9728K)->9338K(9728K)
[2026-04-03T03:22:01.702+0600][66.538s][info][gc             ] GC(241) Pause Young (Concurrent Start) (G1 Humongous Allocation) 589M->461M(964M) 20.050ms
[2026-04-03T03:22:01.702+0600][66.538s][info][gc,cpu         ] GC(241) User=0.18s Sys=0.00s Real=0.02s
[2026-04-03T03:22:01.702+0600][66.538s][info][gc             ] GC(242) Concurrent Mark Cycle
[2026-04-03T03:22:01.702+0600][66.538s][info][gc,marking     ] GC(242) Concurrent Scan Root Regions
[2026-04-03T03:22:01.711+0600][66.547s][info][gc,marking     ] GC(242) Concurrent Scan Root Regions 8.207ms
[2026-04-03T03:22:01.711+0600][66.547s][info][gc,marking     ] GC(242) Concurrent Mark
[2026-04-03T03:22:01.711+0600][66.547s][info][gc,marking     ] GC(242) Concurrent Mark From Roots
[2026-04-03T03:22:01.711+0600][66.547s][info][gc,task        ] GC(242) Using 3 workers of 3 for marking
[2026-04-03T03:22:01.834+0600][66.670s][info][gc,marking     ] GC(242) Concurrent Mark From Roots 123.273ms
[2026-04-03T03:22:01.834+0600][66.670s][info][gc,marking     ] GC(242) Concurrent Preclean
[2026-04-03T03:22:01.834+0600][66.670s][info][gc,marking     ] GC(242) Concurrent Preclean 0.143ms
[2026-04-03T03:22:01.834+0600][66.671s][info][gc,start       ] GC(242) Pause Remark
[2026-04-03T03:22:01.839+0600][66.675s][info][gc             ] GC(242) Pause Remark 658M->490M(964M) 4.131ms
[2026-04-03T03:22:01.839+0600][66.675s][info][gc,cpu         ] GC(242) User=0.03s Sys=0.00s Real=0.00s
[2026-04-03T03:22:01.839+0600][66.675s][info][gc,marking     ] GC(242) Concurrent Mark 128.293ms
[2026-04-03T03:22:01.839+0600][66.675s][info][gc,marking     ] GC(242) Concurrent Rebuild Remembered Sets and Scrub Regions
[2026-04-03T03:22:01.899+0600][66.735s][info][gc,marking     ] GC(242) Concurrent Rebuild Remembered Sets and Scrub Regions 60.188ms
[2026-04-03T03:22:01.900+0600][66.736s][info][gc,start       ] GC(242) Pause Cleanup
[2026-04-03T03:22:01.900+0600][66.736s][info][gc             ] GC(242) Pause Cleanup 522M->522M(964M) 0.668ms
[2026-04-03T03:22:01.900+0600][66.736s][info][gc,cpu         ] GC(242) User=0.01s Sys=0.00s Real=0.01s
[2026-04-03T03:22:01.900+0600][66.737s][info][gc,marking     ] GC(242) Concurrent Clear Claimed Marks
[2026-04-03T03:22:01.901+0600][66.737s][info][gc,marking     ] GC(242) Concurrent Clear Claimed Marks 0.212ms
[2026-04-03T03:22:01.901+0600][66.737s][info][gc,marking     ] GC(242) Concurrent Cleanup for Next Mark
[2026-04-03T03:22:01.902+0600][66.738s][info][gc,marking     ] GC(242) Concurrent Cleanup for Next Mark 1.354ms
[2026-04-03T03:22:01.902+0600][66.738s][info][gc             ] GC(242) Concurrent Mark Cycle 199.894ms
[2026-04-03T03:22:02.507+0600][67.344s][info][gc,heap,exit   ] Heap
[2026-04-03T03:22:02.508+0600][67.344s][info][gc,heap,exit   ]  garbage-first heap   total 987136K, used 566592K [0x00000000c1800000, 0x0000000100000000)
[2026-04-03T03:22:02.508+0600][67.344s][info][gc,heap,exit   ]   region size 1024K, 252 young (258048K), 1 survivors (1024K)
[2026-04-03T03:22:02.508+0600][67.344s][info][gc,heap,exit   ]  Metaspace       used 74029K, committed 75008K, reserved 1179648K
[2026-04-03T03:22:02.508+0600][67.344s][info][gc,heap,exit   ]   class space    used 9435K, committed 9856K, reserved 1048576K
