[2026-04-03T03:38:30.385+0600][0.004s][info][gc,init] CardTable entry size: 512
[2026-04-03T03:38:30.385+0600][0.004s][info][gc     ] Using G1
[2026-04-03T03:38:30.388+0600][0.007s][info][gc,init] Version: 21.0.10+7-Ubuntu-124.04 (release)
[2026-04-03T03:38:30.388+0600][0.007s][info][gc,init] CPUs: 12 total, 12 available
[2026-04-03T03:38:30.388+0600][0.007s][info][gc,init] Memory: 15683M
[2026-04-03T03:38:30.388+0600][0.007s][info][gc,init] Large Page Support: Disabled
[2026-04-03T03:38:30.388+0600][0.007s][info][gc,init] NUMA Support: Disabled
[2026-04-03T03:38:30.388+0600][0.007s][info][gc,init] Compressed Oops: Enabled (32-bit)
[2026-04-03T03:38:30.388+0600][0.007s][info][gc,init] Heap Region Size: 1M
[2026-04-03T03:38:30.388+0600][0.007s][info][gc,init] Heap Min Capacity: 8M
[2026-04-03T03:38:30.388+0600][0.007s][info][gc,init] Heap Initial Capacity: 246M
[2026-04-03T03:38:30.388+0600][0.007s][info][gc,init] Heap Max Capacity: 2000M
[2026-04-03T03:38:30.388+0600][0.007s][info][gc,init] Pre-touch: Disabled
[2026-04-03T03:38:30.388+0600][0.007s][info][gc,init] Parallel Workers: 10
[2026-04-03T03:38:30.388+0600][0.007s][info][gc,init] Concurrent Workers: 3
[2026-04-03T03:38:30.388+0600][0.007s][info][gc,init] Concurrent Refinement Workers: 10
[2026-04-03T03:38:30.388+0600][0.007s][info][gc,init] Periodic GC: Disabled
[2026-04-03T03:38:30.399+0600][0.017s][info][gc,metaspace] CDS archive(s) mapped at: [0x00007e9a17000000-0x00007e9a17c9c000-0x00007e9a17c9c000), size 13221888, SharedBaseAddress: 0x00007e9a17000000, ArchiveRelocationMode: 1.
[2026-04-03T03:38:30.399+0600][0.017s][info][gc,metaspace] Compressed class space mapped at: 0x00007e9a18000000-0x00007e9a58000000, reserved size: 1073741824
[2026-04-03T03:38:30.399+0600][0.017s][info][gc,metaspace] Narrow klass base: 0x00007e9a17000000, Narrow klass shift: 0, Narrow klass range: 0x100000000
[2026-04-03T03:38:30.748+0600][0.367s][info][gc,start    ] GC(0) Pause Young (Normal) (G1 Evacuation Pause)
[2026-04-03T03:38:30.749+0600][0.368s][info][gc,task     ] GC(0) Using 5 workers of 10 for evacuation
[2026-04-03T03:38:30.752+0600][0.370s][info][gc,phases   ] GC(0)   Pre Evacuate Collection Set: 0.35ms
[2026-04-03T03:38:30.752+0600][0.371s][info][gc,phases   ] GC(0)   Merge Heap Roots: 0.14ms
[2026-04-03T03:38:30.752+0600][0.371s][info][gc,phases   ] GC(0)   Evacuate Collection Set: 1.96ms
[2026-04-03T03:38:30.752+0600][0.371s][info][gc,phases   ] GC(0)   Post Evacuate Collection Set: 0.33ms
[2026-04-03T03:38:30.752+0600][0.371s][info][gc,phases   ] GC(0)   Other: 0.82ms
[2026-04-03T03:38:30.752+0600][0.371s][info][gc,heap     ] GC(0) Eden regions: 23->0(46)
[2026-04-03T03:38:30.752+0600][0.371s][info][gc,heap     ] GC(0) Survivor regions: 0->3(3)
[2026-04-03T03:38:30.752+0600][0.371s][info][gc,heap     ] GC(0) Old regions: 2->2
[2026-04-03T03:38:30.752+0600][0.371s][info][gc,heap     ] GC(0) Humongous regions: 0->0
[2026-04-03T03:38:30.752+0600][0.371s][info][gc,metaspace] GC(0) Metaspace: 2597K(2752K)->2597K(2752K) NonClass: 2363K(2432K)->2363K(2432K) Class: 233K(320K)->233K(320K)
[2026-04-03T03:38:30.752+0600][0.371s][info][gc          ] GC(0) Pause Young (Normal) (G1 Evacuation Pause) 24M->3M(248M) 3.957ms
[2026-04-03T03:38:30.752+0600][0.371s][info][gc,cpu      ] GC(0) User=0.02s Sys=0.00s Real=0.01s
[2026-04-03T03:38:30.886+0600][0.505s][info][gc,start    ] GC(1) Pause Young (Normal) (G1 Evacuation Pause)
[2026-04-03T03:38:30.886+0600][0.505s][info][gc,task     ] GC(1) Using 5 workers of 10 for evacuation
[2026-04-03T03:38:30.889+0600][0.508s][info][gc,phases   ] GC(1)   Pre Evacuate Collection Set: 0.18ms
[2026-04-03T03:38:30.889+0600][0.508s][info][gc,phases   ] GC(1)   Merge Heap Roots: 0.12ms
[2026-04-03T03:38:30.889+0600][0.508s][info][gc,phases   ] GC(1)   Evacuate Collection Set: 1.60ms
[2026-04-03T03:38:30.889+0600][0.508s][info][gc,phases   ] GC(1)   Post Evacuate Collection Set: 0.28ms
[2026-04-03T03:38:30.889+0600][0.508s][info][gc,phases   ] GC(1)   Other: 0.10ms
[2026-04-03T03:38:30.889+0600][0.508s][info][gc,heap     ] GC(1) Eden regions: 46->0(144)
[2026-04-03T03:38:30.889+0600][0.508s][info][gc,heap     ] GC(1) Survivor regions: 3->3(7)
[2026-04-03T03:38:30.889+0600][0.508s][info][gc,heap     ] GC(1) Old regions: 2->2
[2026-04-03T03:38:30.889+0600][0.508s][info][gc,heap     ] GC(1) Humongous regions: 0->0
[2026-04-03T03:38:30.889+0600][0.508s][info][gc,metaspace] GC(1) Metaspace: 3948K(4096K)->3948K(4096K) NonClass: 3500K(3584K)->3500K(3584K) Class: 448K(512K)->448K(512K)
[2026-04-03T03:38:30.889+0600][0.508s][info][gc          ] GC(1) Pause Young (Normal) (G1 Evacuation Pause) 49M->3M(248M) 2.539ms
[2026-04-03T03:38:30.889+0600][0.508s][info][gc,cpu      ] GC(1) User=0.01s Sys=0.01s Real=0.00s
[2026-04-03T03:38:31.429+0600][1.048s][info][gc,start    ] GC(2) Pause Young (Normal) (G1 Evacuation Pause)
[2026-04-03T03:38:31.429+0600][1.048s][info][gc,task     ] GC(2) Using 5 workers of 10 for evacuation
[2026-04-03T03:38:31.433+0600][1.051s][info][gc,phases   ] GC(2)   Pre Evacuate Collection Set: 0.21ms
[2026-04-03T03:38:31.433+0600][1.051s][info][gc,phases   ] GC(2)   Merge Heap Roots: 0.07ms
[2026-04-03T03:38:31.433+0600][1.051s][info][gc,phases   ] GC(2)   Evacuate Collection Set: 2.38ms
[2026-04-03T03:38:31.433+0600][1.051s][info][gc,phases   ] GC(2)   Post Evacuate Collection Set: 0.70ms
[2026-04-03T03:38:31.433+0600][1.051s][info][gc,phases   ] GC(2)   Other: 0.10ms
[2026-04-03T03:38:31.433+0600][1.052s][info][gc,heap     ] GC(2) Eden regions: 144->0(143)
[2026-04-03T03:38:31.433+0600][1.052s][info][gc,heap     ] GC(2) Survivor regions: 3->4(19)
[2026-04-03T03:38:31.433+0600][1.052s][info][gc,heap     ] GC(2) Old regions: 2->2
[2026-04-03T03:38:31.433+0600][1.052s][info][gc,heap     ] GC(2) Humongous regions: 0->0
[2026-04-03T03:38:31.433+0600][1.052s][info][gc,metaspace] GC(2) Metaspace: 10107K(10368K)->10107K(10368K) NonClass: 8847K(9024K)->8847K(9024K) Class: 1259K(1344K)->1259K(1344K)
[2026-04-03T03:38:31.433+0600][1.052s][info][gc          ] GC(2) Pause Young (Normal) (G1 Evacuation Pause) 147M->4M(248M) 3.723ms
[2026-04-03T03:38:31.433+0600][1.052s][info][gc,cpu      ] GC(2) User=0.01s Sys=0.00s Real=0.01s
[2026-04-03T03:38:34.109+0600][3.727s][info][gc,start    ] GC(3) Pause Young (Normal) (G1 Evacuation Pause)
[2026-04-03T03:38:34.109+0600][3.728s][info][gc,task     ] GC(3) Using 5 workers of 10 for evacuation
[2026-04-03T03:38:34.117+0600][3.735s][info][gc,phases   ] GC(3)   Pre Evacuate Collection Set: 0.27ms
[2026-04-03T03:38:34.117+0600][3.736s][info][gc,phases   ] GC(3)   Merge Heap Roots: 0.15ms
[2026-04-03T03:38:34.117+0600][3.736s][info][gc,phases   ] GC(3)   Evacuate Collection Set: 5.83ms
[2026-04-03T03:38:34.117+0600][3.736s][info][gc,phases   ] GC(3)   Post Evacuate Collection Set: 1.51ms
[2026-04-03T03:38:34.117+0600][3.736s][info][gc,phases   ] GC(3)   Other: 0.09ms
[2026-04-03T03:38:34.117+0600][3.736s][info][gc,heap     ] GC(3) Eden regions: 143->0(133)
[2026-04-03T03:38:34.117+0600][3.736s][info][gc,heap     ] GC(3) Survivor regions: 4->14(19)
[2026-04-03T03:38:34.117+0600][3.736s][info][gc,heap     ] GC(3) Old regions: 2->2
[2026-04-03T03:38:34.117+0600][3.736s][info][gc,heap     ] GC(3) Humongous regions: 7->7
[2026-04-03T03:38:34.117+0600][3.736s][info][gc,metaspace] GC(3) Metaspace: 19343K(19648K)->19343K(19648K) NonClass: 16900K(17088K)->16900K(17088K) Class: 2443K(2560K)->2443K(2560K)
[2026-04-03T03:38:34.117+0600][3.736s][info][gc          ] GC(3) Pause Young (Normal) (G1 Evacuation Pause) 154M->21M(248M) 8.162ms
[2026-04-03T03:38:34.117+0600][3.736s][info][gc,cpu      ] GC(3) User=0.03s Sys=0.01s Real=0.01s
[2026-04-03T03:38:34.229+0600][3.848s][info][gc,start    ] GC(4) Pause Young (Concurrent Start) (Metadata GC Threshold)
[2026-04-03T03:38:34.229+0600][3.848s][info][gc,task     ] GC(4) Using 5 workers of 10 for evacuation
[2026-04-03T03:38:34.235+0600][3.853s][info][gc,phases   ] GC(4)   Pre Evacuate Collection Set: 0.43ms
[2026-04-03T03:38:34.235+0600][3.853s][info][gc,phases   ] GC(4)   Merge Heap Roots: 0.16ms
[2026-04-03T03:38:34.235+0600][3.853s][info][gc,phases   ] GC(4)   Evacuate Collection Set: 3.95ms
[2026-04-03T03:38:34.235+0600][3.853s][info][gc,phases   ] GC(4)   Post Evacuate Collection Set: 0.54ms
[2026-04-03T03:38:34.235+0600][3.853s][info][gc,phases   ] GC(4)   Other: 0.16ms
[2026-04-03T03:38:34.235+0600][3.854s][info][gc,heap     ] GC(4) Eden regions: 3->0(136)
[2026-04-03T03:38:34.235+0600][3.854s][info][gc,heap     ] GC(4) Survivor regions: 14->11(19)
[2026-04-03T03:38:34.235+0600][3.854s][info][gc,heap     ] GC(4) Old regions: 2->6
[2026-04-03T03:38:34.235+0600][3.854s][info][gc,heap     ] GC(4) Humongous regions: 7->7
[2026-04-03T03:38:34.235+0600][3.854s][info][gc,metaspace] GC(4) Metaspace: 21267K(21504K)->21267K(21504K) NonClass: 18630K(18752K)->18630K(18752K) Class: 2637K(2752K)->2637K(2752K)
[2026-04-03T03:38:34.235+0600][3.854s][info][gc          ] GC(4) Pause Young (Concurrent Start) (Metadata GC Threshold) 24M->21M(248M) 5.504ms
[2026-04-03T03:38:34.235+0600][3.854s][info][gc,cpu      ] GC(4) User=0.02s Sys=0.00s Real=0.01s
[2026-04-03T03:38:34.235+0600][3.854s][info][gc          ] GC(5) Concurrent Mark Cycle
[2026-04-03T03:38:34.235+0600][3.854s][info][gc,marking  ] GC(5) Concurrent Scan Root Regions
[2026-04-03T03:38:34.237+0600][3.856s][info][gc,marking  ] GC(5) Concurrent Scan Root Regions 2.328ms
[2026-04-03T03:38:34.237+0600][3.856s][info][gc,marking  ] GC(5) Concurrent Mark
[2026-04-03T03:38:34.237+0600][3.856s][info][gc,marking  ] GC(5) Concurrent Mark From Roots
[2026-04-03T03:38:34.237+0600][3.856s][info][gc,task     ] GC(5) Using 3 workers of 3 for marking
[2026-04-03T03:38:34.240+0600][3.859s][info][gc,marking  ] GC(5) Concurrent Mark From Roots 2.617ms
[2026-04-03T03:38:34.240+0600][3.859s][info][gc,marking  ] GC(5) Concurrent Preclean
[2026-04-03T03:38:34.240+0600][3.859s][info][gc,marking  ] GC(5) Concurrent Preclean 0.013ms
[2026-04-03T03:38:34.240+0600][3.859s][info][gc,start    ] GC(5) Pause Remark
[2026-04-03T03:38:34.243+0600][3.862s][info][gc          ] GC(5) Pause Remark 22M->22M(80M) 3.169ms
[2026-04-03T03:38:34.243+0600][3.862s][info][gc,cpu      ] GC(5) User=0.01s Sys=0.00s Real=0.00s
[2026-04-03T03:38:34.243+0600][3.862s][info][gc,marking  ] GC(5) Concurrent Mark 6.123ms
[2026-04-03T03:38:34.243+0600][3.862s][info][gc,marking  ] GC(5) Concurrent Rebuild Remembered Sets and Scrub Regions
[2026-04-03T03:38:34.245+0600][3.864s][info][gc,marking  ] GC(5) Concurrent Rebuild Remembered Sets and Scrub Regions 1.378ms
[2026-04-03T03:38:34.257+0600][3.876s][info][gc,start    ] GC(5) Pause Cleanup
[2026-04-03T03:38:34.257+0600][3.876s][info][gc          ] GC(5) Pause Cleanup 22M->22M(80M) 0.318ms
[2026-04-03T03:38:34.257+0600][3.876s][info][gc,cpu      ] GC(5) User=0.00s Sys=0.00s Real=0.00s
[2026-04-03T03:38:34.257+0600][3.876s][info][gc,marking  ] GC(5) Concurrent Clear Claimed Marks
[2026-04-03T03:38:34.257+0600][3.876s][info][gc,marking  ] GC(5) Concurrent Clear Claimed Marks 0.045ms
[2026-04-03T03:38:34.257+0600][3.876s][info][gc,marking  ] GC(5) Concurrent Cleanup for Next Mark
[2026-04-03T03:38:34.258+0600][3.877s][info][gc,marking  ] GC(5) Concurrent Cleanup for Next Mark 0.863ms
[2026-04-03T03:38:34.258+0600][3.877s][info][gc          ] GC(5) Concurrent Mark Cycle 23.488ms
[2026-04-03T03:38:35.569+0600][5.188s][info][gc,start    ] GC(6) Pause Young (Prepare Mixed) (G1 Evacuation Pause)
[2026-04-03T03:38:35.569+0600][5.188s][info][gc,task     ] GC(6) Using 3 workers of 10 for evacuation
[2026-04-03T03:38:35.580+0600][5.198s][info][gc,phases   ] GC(6)   Pre Evacuate Collection Set: 0.20ms
[2026-04-03T03:38:35.580+0600][5.199s][info][gc,phases   ] GC(6)   Merge Heap Roots: 0.16ms
[2026-04-03T03:38:35.580+0600][5.199s][info][gc,phases   ] GC(6)   Evacuate Collection Set: 8.61ms
[2026-04-03T03:38:35.580+0600][5.199s][info][gc,phases   ] GC(6)   Post Evacuate Collection Set: 1.18ms
[2026-04-03T03:38:35.580+0600][5.199s][info][gc,phases   ] GC(6)   Other: 0.12ms
[2026-04-03T03:38:35.580+0600][5.199s][info][gc,heap     ] GC(6) Eden regions: 54->0(57)
[2026-04-03T03:38:35.580+0600][5.199s][info][gc,heap     ] GC(6) Survivor regions: 11->3(19)
[2026-04-03T03:38:35.580+0600][5.199s][info][gc,heap     ] GC(6) Old regions: 6->17
[2026-04-03T03:38:35.580+0600][5.199s][info][gc,heap     ] GC(6) Humongous regions: 15->9
[2026-04-03T03:38:35.580+0600][5.199s][info][gc,metaspace] GC(6) Metaspace: 28448K(28800K)->28448K(28800K) NonClass: 24917K(25088K)->24917K(25088K) Class: 3531K(3712K)->3531K(3712K)
[2026-04-03T03:38:35.580+0600][5.199s][info][gc          ] GC(6) Pause Young (Prepare Mixed) (G1 Evacuation Pause) 83M->26M(100M) 10.567ms
[2026-04-03T03:38:35.580+0600][5.199s][info][gc,cpu      ] GC(6) User=0.02s Sys=0.02s Real=0.02s
[2026-04-03T03:38:37.050+0600][6.669s][info][gc,start    ] GC(7) Pause Young (Mixed) (Metadata GC Threshold)
[2026-04-03T03:38:37.050+0600][6.669s][info][gc,task     ] GC(7) Using 2 workers of 10 for evacuation
[2026-04-03T03:38:37.058+0600][6.677s][info][gc,phases   ] GC(7)   Pre Evacuate Collection Set: 0.23ms
[2026-04-03T03:38:37.058+0600][6.677s][info][gc,phases   ] GC(7)   Merge Heap Roots: 0.08ms
[2026-04-03T03:38:37.058+0600][6.677s][info][gc,phases   ] GC(7)   Evacuate Collection Set: 7.07ms
[2026-04-03T03:38:37.058+0600][6.677s][info][gc,phases   ] GC(7)   Post Evacuate Collection Set: 0.74ms
[2026-04-03T03:38:37.058+0600][6.677s][info][gc,phases   ] GC(7)   Other: 0.09ms
[2026-04-03T03:38:37.058+0600][6.677s][info][gc,heap     ] GC(7) Eden regions: 56->0(56)
[2026-04-03T03:38:37.058+0600][6.677s][info][gc,heap     ] GC(7) Survivor regions: 3->5(8)
[2026-04-03T03:38:37.058+0600][6.677s][info][gc,heap     ] GC(7) Old regions: 17->16
[2026-04-03T03:38:37.058+0600][6.677s][info][gc,heap     ] GC(7) Humongous regions: 21->7
[2026-04-03T03:38:37.058+0600][6.677s][info][gc,metaspace] GC(7) Metaspace: 35723K(36096K)->35723K(36096K) NonClass: 31285K(31488K)->31285K(31488K) Class: 4437K(4608K)->4437K(4608K)
[2026-04-03T03:38:37.058+0600][6.677s][info][gc          ] GC(7) Pause Young (Mixed) (Metadata GC Threshold) 93M->26M(102M) 8.430ms
[2026-04-03T03:38:37.058+0600][6.677s][info][gc,cpu      ] GC(7) User=0.02s Sys=0.00s Real=0.00s
[2026-04-03T03:38:37.083+0600][6.702s][info][gc,start    ] GC(8) Pause Young (Concurrent Start) (Metadata GC Threshold)
[2026-04-03T03:38:37.083+0600][6.702s][info][gc,task     ] GC(8) Using 2 workers of 10 for evacuation
[2026-04-03T03:38:37.090+0600][6.709s][info][gc,phases   ] GC(8)   Pre Evacuate Collection Set: 0.37ms
[2026-04-03T03:38:37.090+0600][6.709s][info][gc,phases   ] GC(8)   Merge Heap Roots: 0.14ms
[2026-04-03T03:38:37.090+0600][6.709s][info][gc,phases   ] GC(8)   Evacuate Collection Set: 5.90ms
[2026-04-03T03:38:37.090+0600][6.709s][info][gc,phases   ] GC(8)   Post Evacuate Collection Set: 0.57ms
[2026-04-03T03:38:37.090+0600][6.709s][info][gc,phases   ] GC(8)   Other: 0.12ms
[2026-04-03T03:38:37.090+0600][6.709s][info][gc,heap     ] GC(8) Eden regions: 3->0(56)
[2026-04-03T03:38:37.090+0600][6.709s][info][gc,heap     ] GC(8) Survivor regions: 5->5(8)
[2026-04-03T03:38:37.090+0600][6.709s][info][gc,heap     ] GC(8) Old regions: 16->16
[2026-04-03T03:38:37.090+0600][6.709s][info][gc,heap     ] GC(8) Humongous regions: 7->7
[2026-04-03T03:38:37.090+0600][6.709s][info][gc,metaspace] GC(8) Metaspace: 36079K(36416K)->36079K(36416K) NonClass: 31599K(31808K)->31599K(31808K) Class: 4479K(4608K)->4479K(4608K)
[2026-04-03T03:38:37.090+0600][6.709s][info][gc          ] GC(8) Pause Young (Concurrent Start) (Metadata GC Threshold) 29M->26M(102M) 7.299ms
[2026-04-03T03:38:37.091+0600][6.709s][info][gc,cpu      ] GC(8) User=0.01s Sys=0.00s Real=0.01s
[2026-04-03T03:38:37.091+0600][6.709s][info][gc          ] GC(9) Concurrent Mark Cycle
[2026-04-03T03:38:37.091+0600][6.709s][info][gc,marking  ] GC(9) Concurrent Scan Root Regions
[2026-04-03T03:38:37.093+0600][6.712s][info][gc,marking  ] GC(9) Concurrent Scan Root Regions 2.506ms
[2026-04-03T03:38:37.093+0600][6.712s][info][gc,marking  ] GC(9) Concurrent Mark
[2026-04-03T03:38:37.093+0600][6.712s][info][gc,marking  ] GC(9) Concurrent Mark From Roots
[2026-04-03T03:38:37.093+0600][6.712s][info][gc,task     ] GC(9) Using 3 workers of 3 for marking
[2026-04-03T03:38:37.100+0600][6.719s][info][gc,marking  ] GC(9) Concurrent Mark From Roots 6.604ms
[2026-04-03T03:38:37.100+0600][6.719s][info][gc,marking  ] GC(9) Concurrent Preclean
[2026-04-03T03:38:37.100+0600][6.719s][info][gc,marking  ] GC(9) Concurrent Preclean 0.088ms
[2026-04-03T03:38:37.100+0600][6.719s][info][gc,start    ] GC(9) Pause Remark
[2026-04-03T03:38:37.105+0600][6.724s][info][gc          ] GC(9) Pause Remark 27M->27M(94M) 5.120ms
[2026-04-03T03:38:37.105+0600][6.724s][info][gc,cpu      ] GC(9) User=0.01s Sys=0.00s Real=0.00s
[2026-04-03T03:38:37.105+0600][6.724s][info][gc,marking  ] GC(9) Concurrent Mark 12.249ms
[2026-04-03T03:38:37.105+0600][6.724s][info][gc,marking  ] GC(9) Concurrent Rebuild Remembered Sets and Scrub Regions
[2026-04-03T03:38:37.108+0600][6.727s][info][gc,marking  ] GC(9) Concurrent Rebuild Remembered Sets and Scrub Regions 2.275ms
[2026-04-03T03:38:37.108+0600][6.727s][info][gc,start    ] GC(9) Pause Cleanup
[2026-04-03T03:38:37.108+0600][6.727s][info][gc          ] GC(9) Pause Cleanup 28M->28M(94M) 0.136ms
[2026-04-03T03:38:37.108+0600][6.727s][info][gc,cpu      ] GC(9) User=0.00s Sys=0.00s Real=0.00s
[2026-04-03T03:38:37.108+0600][6.727s][info][gc,marking  ] GC(9) Concurrent Clear Claimed Marks
[2026-04-03T03:38:37.108+0600][6.727s][info][gc,marking  ] GC(9) Concurrent Clear Claimed Marks 0.057ms
[2026-04-03T03:38:37.108+0600][6.727s][info][gc,marking  ] GC(9) Concurrent Cleanup for Next Mark
[2026-04-03T03:38:37.109+0600][6.727s][info][gc,marking  ] GC(9) Concurrent Cleanup for Next Mark 0.284ms
[2026-04-03T03:38:37.109+0600][6.727s][info][gc          ] GC(9) Concurrent Mark Cycle 17.987ms
[2026-04-03T03:38:38.624+0600][8.242s][info][gc,start    ] GC(10) Pause Young (Prepare Mixed) (G1 Evacuation Pause)
[2026-04-03T03:38:38.624+0600][8.243s][info][gc,task     ] GC(10) Using 2 workers of 10 for evacuation
[2026-04-03T03:38:38.635+0600][8.254s][info][gc,phases   ] GC(10)   Pre Evacuate Collection Set: 0.21ms
[2026-04-03T03:38:38.635+0600][8.254s][info][gc,phases   ] GC(10)   Merge Heap Roots: 0.16ms
[2026-04-03T03:38:38.635+0600][8.254s][info][gc,phases   ] GC(10)   Evacuate Collection Set: 10.47ms
[2026-04-03T03:38:38.635+0600][8.254s][info][gc,phases   ] GC(10)   Post Evacuate Collection Set: 0.61ms
[2026-04-03T03:38:38.635+0600][8.254s][info][gc,phases   ] GC(10)   Other: 0.07ms
[2026-04-03T03:38:38.635+0600][8.254s][info][gc,heap     ] GC(10) Eden regions: 53->0(54)
[2026-04-03T03:38:38.635+0600][8.254s][info][gc,heap     ] GC(10) Survivor regions: 5->6(8)
[2026-04-03T03:38:38.635+0600][8.254s][info][gc,heap     ] GC(10) Old regions: 16->17
[2026-04-03T03:38:38.635+0600][8.254s][info][gc,heap     ] GC(10) Humongous regions: 20->8
[2026-04-03T03:38:38.635+0600][8.254s][info][gc,metaspace] GC(10) Metaspace: 42751K(43200K)->42751K(43200K) NonClass: 37445K(37696K)->37445K(37696K) Class: 5305K(5504K)->5305K(5504K)
[2026-04-03T03:38:38.635+0600][8.254s][info][gc          ] GC(10) Pause Young (Prepare Mixed) (G1 Evacuation Pause) 92M->29M(101M) 11.744ms
[2026-04-03T03:38:38.635+0600][8.254s][info][gc,cpu      ] GC(10) User=0.01s Sys=0.01s Real=0.01s
[2026-04-03T03:38:39.130+0600][8.749s][info][gc,start    ] GC(11) Pause Young (Mixed) (G1 Evacuation Pause)
[2026-04-03T03:38:39.130+0600][8.749s][info][gc,task     ] GC(11) Using 2 workers of 10 for evacuation
[2026-04-03T03:38:39.181+0600][8.800s][info][gc,phases   ] GC(11)   Pre Evacuate Collection Set: 0.40ms
[2026-04-03T03:38:39.181+0600][8.800s][info][gc,phases   ] GC(11)   Merge Heap Roots: 0.13ms
[2026-04-03T03:38:39.181+0600][8.800s][info][gc,phases   ] GC(11)   Evacuate Collection Set: 48.95ms
[2026-04-03T03:38:39.181+0600][8.800s][info][gc,phases   ] GC(11)   Post Evacuate Collection Set: 1.47ms
[2026-04-03T03:38:39.181+0600][8.800s][info][gc,phases   ] GC(11)   Other: 0.15ms
[2026-04-03T03:38:39.181+0600][8.800s][info][gc,heap     ] GC(11) Eden regions: 54->0(48)
[2026-04-03T03:38:39.181+0600][8.800s][info][gc,heap     ] GC(11) Survivor regions: 6->8(8)
[2026-04-03T03:38:39.181+0600][8.800s][info][gc,heap     ] GC(11) Old regions: 17->22
[2026-04-03T03:38:39.181+0600][8.800s][info][gc,heap     ] GC(11) Humongous regions: 8->8
[2026-04-03T03:38:39.182+0600][8.800s][info][gc,metaspace] GC(11) Metaspace: 49442K(49920K)->49442K(49920K) NonClass: 43309K(43584K)->43309K(43584K) Class: 6132K(6336K)->6132K(6336K)
[2026-04-03T03:38:39.182+0600][8.800s][info][gc          ] GC(11) Pause Young (Mixed) (G1 Evacuation Pause) 83M->37M(101M) 51.550ms
[2026-04-03T03:38:39.182+0600][8.800s][info][gc,cpu      ] GC(11) User=0.13s Sys=0.00s Real=0.05s
[2026-04-03T03:38:39.309+0600][8.928s][info][gc,start    ] GC(12) Pause Young (Normal) (G1 Evacuation Pause)
[2026-04-03T03:38:39.310+0600][8.928s][info][gc,task     ] GC(12) Using 2 workers of 10 for evacuation
[2026-04-03T03:38:39.555+0600][9.174s][info][gc,mmu      ] GC(12) MMU target violated: 201.0ms (200.0ms/201.0ms)
[2026-04-03T03:38:39.555+0600][9.174s][info][gc,phases   ] GC(12)   Pre Evacuate Collection Set: 0.26ms
[2026-04-03T03:38:39.555+0600][9.174s][info][gc,phases   ] GC(12)   Merge Heap Roots: 0.12ms
[2026-04-03T03:38:39.555+0600][9.174s][info][gc,phases   ] GC(12)   Evacuate Collection Set: 243.90ms
[2026-04-03T03:38:39.555+0600][9.174s][info][gc,phases   ] GC(12)   Post Evacuate Collection Set: 0.91ms
[2026-04-03T03:38:39.555+0600][9.174s][info][gc,phases   ] GC(12)   Other: 0.20ms
[2026-04-03T03:38:39.555+0600][9.174s][info][gc,heap     ] GC(12) Eden regions: 48->0(23)
[2026-04-03T03:38:39.555+0600][9.174s][info][gc,heap     ] GC(12) Survivor regions: 8->7(7)
[2026-04-03T03:38:39.555+0600][9.174s][info][gc,heap     ] GC(12) Old regions: 22->71
[2026-04-03T03:38:39.555+0600][9.174s][info][gc,heap     ] GC(12) Humongous regions: 8->8
[2026-04-03T03:38:39.555+0600][9.174s][info][gc,metaspace] GC(12) Metaspace: 49448K(49920K)->49448K(49920K) NonClass: 43315K(43584K)->43315K(43584K) Class: 6132K(6336K)->6132K(6336K)
[2026-04-03T03:38:39.555+0600][9.174s][info][gc          ] GC(12) Pause Young (Normal) (G1 Evacuation Pause) 85M->85M(142M) 245.617ms
[2026-04-03T03:38:39.555+0600][9.174s][info][gc,cpu      ] GC(12) User=0.46s Sys=0.03s Real=0.25s
[2026-04-03T03:38:39.613+0600][9.232s][info][gc,start    ] GC(13) Pause Young (Concurrent Start) (G1 Evacuation Pause)
[2026-04-03T03:38:39.613+0600][9.232s][info][gc,task     ] GC(13) Using 3 workers of 10 for evacuation
[2026-04-03T03:38:39.747+0600][9.366s][info][gc,phases   ] GC(13)   Pre Evacuate Collection Set: 0.37ms
[2026-04-03T03:38:39.747+0600][9.366s][info][gc,phases   ] GC(13)   Merge Heap Roots: 0.14ms
[2026-04-03T03:38:39.747+0600][9.366s][info][gc,phases   ] GC(13)   Evacuate Collection Set: 130.94ms
[2026-04-03T03:38:39.747+0600][9.366s][info][gc,phases   ] GC(13)   Post Evacuate Collection Set: 2.22ms
[2026-04-03T03:38:39.747+0600][9.366s][info][gc,phases   ] GC(13)   Other: 0.23ms
[2026-04-03T03:38:39.747+0600][9.366s][info][gc,heap     ] GC(13) Eden regions: 23->0(66)
[2026-04-03T03:38:39.747+0600][9.366s][info][gc,heap     ] GC(13) Survivor regions: 7->4(4)
[2026-04-03T03:38:39.747+0600][9.366s][info][gc,heap     ] GC(13) Old regions: 71->97
[2026-04-03T03:38:39.747+0600][9.366s][info][gc,heap     ] GC(13) Humongous regions: 8->8
[2026-04-03T03:38:39.747+0600][9.366s][info][gc,metaspace] GC(13) Metaspace: 49448K(49920K)->49448K(49920K) NonClass: 43315K(43584K)->43315K(43584K) Class: 6132K(6336K)->6132K(6336K)
[2026-04-03T03:38:39.747+0600][9.366s][info][gc          ] GC(13) Pause Young (Concurrent Start) (G1 Evacuation Pause) 108M->109M(352M) 134.155ms
[2026-04-03T03:38:39.748+0600][9.366s][info][gc,cpu      ] GC(13) User=0.39s Sys=0.02s Real=0.13s
[2026-04-03T03:38:39.748+0600][9.366s][info][gc          ] GC(14) Concurrent Mark Cycle
[2026-04-03T03:38:39.748+0600][9.366s][info][gc,marking  ] GC(14) Concurrent Scan Root Regions
[2026-04-03T03:38:39.754+0600][9.372s][info][gc,marking  ] GC(14) Concurrent Scan Root Regions 6.039ms
[2026-04-03T03:38:39.754+0600][9.373s][info][gc,marking  ] GC(14) Concurrent Mark
[2026-04-03T03:38:39.754+0600][9.373s][info][gc,marking  ] GC(14) Concurrent Mark From Roots
[2026-04-03T03:38:39.754+0600][9.373s][info][gc,task     ] GC(14) Using 3 workers of 3 for marking
[2026-04-03T03:38:39.931+0600][9.550s][info][gc,marking  ] GC(14) Concurrent Mark From Roots 177.608ms
[2026-04-03T03:38:39.931+0600][9.550s][info][gc,marking  ] GC(14) Concurrent Preclean
[2026-04-03T03:38:39.932+0600][9.550s][info][gc,marking  ] GC(14) Concurrent Preclean 0.190ms
[2026-04-03T03:38:39.932+0600][9.551s][info][gc,start    ] GC(14) Pause Remark
[2026-04-03T03:38:39.937+0600][9.556s][info][gc          ] GC(14) Pause Remark 161M->161M(352M) 5.056ms
[2026-04-03T03:38:39.937+0600][9.556s][info][gc,cpu      ] GC(14) User=0.01s Sys=0.00s Real=0.00s
[2026-04-03T03:38:39.937+0600][9.556s][info][gc,marking  ] GC(14) Concurrent Mark 183.462ms
[2026-04-03T03:38:39.937+0600][9.556s][info][gc,marking  ] GC(14) Concurrent Rebuild Remembered Sets and Scrub Regions
[2026-04-03T03:38:39.958+0600][9.577s][info][gc,marking  ] GC(14) Concurrent Rebuild Remembered Sets and Scrub Regions 21.050ms
[2026-04-03T03:38:39.959+0600][9.577s][info][gc,start    ] GC(14) Pause Cleanup
[2026-04-03T03:38:39.959+0600][9.578s][info][gc          ] GC(14) Pause Cleanup 168M->168M(352M) 0.533ms
[2026-04-03T03:38:39.959+0600][9.578s][info][gc,cpu      ] GC(14) User=0.00s Sys=0.00s Real=0.00s
[2026-04-03T03:38:39.959+0600][9.578s][info][gc,marking  ] GC(14) Concurrent Clear Claimed Marks
[2026-04-03T03:38:39.959+0600][9.578s][info][gc,marking  ] GC(14) Concurrent Clear Claimed Marks 0.079ms
[2026-04-03T03:38:39.959+0600][9.578s][info][gc,marking  ] GC(14) Concurrent Cleanup for Next Mark
[2026-04-03T03:38:39.961+0600][9.580s][info][gc,marking  ] GC(14) Concurrent Cleanup for Next Mark 1.510ms
[2026-04-03T03:38:39.961+0600][9.580s][info][gc          ] GC(14) Concurrent Mark Cycle 213.365ms
[2026-04-03T03:38:39.979+0600][9.598s][info][gc,start    ] GC(15) Pause Young (Prepare Mixed) (G1 Evacuation Pause)
[2026-04-03T03:38:39.979+0600][9.598s][info][gc,task     ] GC(15) Using 8 workers of 10 for evacuation
[2026-04-03T03:38:40.329+0600][9.947s][info][gc,mmu      ] GC(15) MMU target violated: 201.0ms (200.0ms/201.0ms)
[2026-04-03T03:38:40.329+0600][9.947s][info][gc,phases   ] GC(15)   Pre Evacuate Collection Set: 0.30ms
[2026-04-03T03:38:40.329+0600][9.947s][info][gc,phases   ] GC(15)   Merge Heap Roots: 0.09ms
[2026-04-03T03:38:40.329+0600][9.947s][info][gc,phases   ] GC(15)   Evacuate Collection Set: 348.65ms
[2026-04-03T03:38:40.329+0600][9.947s][info][gc,phases   ] GC(15)   Post Evacuate Collection Set: 0.34ms
[2026-04-03T03:38:40.329+0600][9.947s][info][gc,phases   ] GC(15)   Other: 0.14ms
[2026-04-03T03:38:40.329+0600][9.947s][info][gc,heap     ] GC(15) Eden regions: 66->0(58)
[2026-04-03T03:38:40.329+0600][9.947s][info][gc,heap     ] GC(15) Survivor regions: 4->9(9)
[2026-04-03T03:38:40.329+0600][9.947s][info][gc,heap     ] GC(15) Old regions: 97->159
[2026-04-03T03:38:40.329+0600][9.947s][info][gc,heap     ] GC(15) Humongous regions: 8->8
[2026-04-03T03:38:40.329+0600][9.947s][info][gc,metaspace] GC(15) Metaspace: 49448K(49920K)->49448K(49920K) NonClass: 43315K(43584K)->43315K(43584K) Class: 6132K(6336K)->6132K(6336K)
[2026-04-03T03:38:40.329+0600][9.948s][info][gc          ] GC(15) Pause Young (Prepare Mixed) (G1 Evacuation Pause) 175M->176M(352M) 349.713ms
[2026-04-03T03:38:40.329+0600][9.948s][info][gc,cpu      ] GC(15) User=0.92s Sys=0.06s Real=0.35s
[2026-04-03T03:38:40.451+0600][10.069s][info][gc,start    ] GC(16) Pause Young (Mixed) (G1 Evacuation Pause)
[2026-04-03T03:38:40.451+0600][10.069s][info][gc,task     ] GC(16) Using 8 workers of 10 for evacuation
[2026-04-03T03:38:40.791+0600][10.409s][info][gc,mmu      ] GC(16) MMU target violated: 201.0ms (200.0ms/201.0ms)
[2026-04-03T03:38:40.791+0600][10.410s][info][gc,phases   ] GC(16)   Pre Evacuate Collection Set: 0.25ms
[2026-04-03T03:38:40.791+0600][10.410s][info][gc,phases   ] GC(16)   Merge Heap Roots: 0.12ms
[2026-04-03T03:38:40.791+0600][10.410s][info][gc,phases   ] GC(16)   Evacuate Collection Set: 339.09ms
[2026-04-03T03:38:40.791+0600][10.410s][info][gc,phases   ] GC(16)   Post Evacuate Collection Set: 0.53ms
[2026-04-03T03:38:40.791+0600][10.410s][info][gc,phases   ] GC(16)   Other: 0.17ms
[2026-04-03T03:38:40.791+0600][10.410s][info][gc,heap     ] GC(16) Eden regions: 58->0(37)
[2026-04-03T03:38:40.791+0600][10.410s][info][gc,heap     ] GC(16) Survivor regions: 9->9(9)
[2026-04-03T03:38:40.791+0600][10.410s][info][gc,heap     ] GC(16) Old regions: 159->217
[2026-04-03T03:38:40.791+0600][10.410s][info][gc,heap     ] GC(16) Humongous regions: 8->8
[2026-04-03T03:38:40.791+0600][10.410s][info][gc,metaspace] GC(16) Metaspace: 49448K(49920K)->49448K(49920K) NonClass: 43315K(43584K)->43315K(43584K) Class: 6132K(6336K)->6132K(6336K)
[2026-04-03T03:38:40.791+0600][10.410s][info][gc          ] GC(16) Pause Young (Mixed) (G1 Evacuation Pause) 234M->234M(352M) 340.357ms
[2026-04-03T03:38:40.791+0600][10.410s][info][gc,cpu      ] GC(16) User=0.99s Sys=0.09s Real=0.34s
[2026-04-03T03:38:40.866+0600][10.485s][info][gc,start    ] GC(17) Pause Young (Concurrent Start) (G1 Evacuation Pause)
[2026-04-03T03:38:40.866+0600][10.485s][info][gc,task     ] GC(17) Using 8 workers of 10 for evacuation
[2026-04-03T03:38:41.128+0600][10.746s][info][gc,mmu      ] GC(17) MMU target violated: 201.0ms (200.0ms/201.0ms)
[2026-04-03T03:38:41.128+0600][10.746s][info][gc,phases   ] GC(17)   Pre Evacuate Collection Set: 0.64ms
[2026-04-03T03:38:41.128+0600][10.746s][info][gc,phases   ] GC(17)   Merge Heap Roots: 0.10ms
[2026-04-03T03:38:41.128+0600][10.746s][info][gc,phases   ] GC(17)   Evacuate Collection Set: 260.38ms
[2026-04-03T03:38:41.128+0600][10.746s][info][gc,phases   ] GC(17)   Post Evacuate Collection Set: 0.29ms
[2026-04-03T03:38:41.128+0600][10.746s][info][gc,phases   ] GC(17)   Other: 0.31ms
[2026-04-03T03:38:41.128+0600][10.746s][info][gc,heap     ] GC(17) Eden regions: 37->0(24)
[2026-04-03T03:38:41.128+0600][10.746s][info][gc,heap     ] GC(17) Survivor regions: 9->6(6)
[2026-04-03T03:38:41.128+0600][10.746s][info][gc,heap     ] GC(17) Old regions: 217->259
[2026-04-03T03:38:41.128+0600][10.746s][info][gc,heap     ] GC(17) Humongous regions: 8->8
[2026-04-03T03:38:41.128+0600][10.746s][info][gc,metaspace] GC(17) Metaspace: 49448K(49920K)->49448K(49920K) NonClass: 43315K(43584K)->43315K(43584K) Class: 6132K(6336K)->6132K(6336K)
[2026-04-03T03:38:41.128+0600][10.747s][info][gc          ] GC(17) Pause Young (Concurrent Start) (G1 Evacuation Pause) 271M->272M(352M) 261.992ms
[2026-04-03T03:38:41.128+0600][10.747s][info][gc          ] GC(18) Concurrent Mark Cycle
[2026-04-03T03:38:41.128+0600][10.747s][info][gc,cpu      ] GC(17) User=0.98s Sys=0.10s Real=0.26s
[2026-04-03T03:38:41.128+0600][10.747s][info][gc,marking  ] GC(18) Concurrent Scan Root Regions
[2026-04-03T03:38:41.137+0600][10.756s][info][gc,marking  ] GC(18) Concurrent Scan Root Regions 9.328ms
[2026-04-03T03:38:41.137+0600][10.756s][info][gc,marking  ] GC(18) Concurrent Mark
[2026-04-03T03:38:41.137+0600][10.756s][info][gc,marking  ] GC(18) Concurrent Mark From Roots
[2026-04-03T03:38:41.137+0600][10.756s][info][gc,task     ] GC(18) Using 3 workers of 3 for marking
[2026-04-03T03:38:41.196+0600][10.815s][info][gc,start    ] GC(19) Pause Young (Normal) (G1 Evacuation Pause)
[2026-04-03T03:38:41.196+0600][10.815s][info][gc,task     ] GC(19) Using 8 workers of 10 for evacuation
[2026-04-03T03:38:41.373+0600][10.992s][info][gc,phases   ] GC(19)   Pre Evacuate Collection Set: 0.50ms
[2026-04-03T03:38:41.373+0600][10.992s][info][gc,phases   ] GC(19)   Merge Heap Roots: 0.23ms
[2026-04-03T03:38:41.373+0600][10.992s][info][gc,phases   ] GC(19)   Evacuate Collection Set: 175.53ms
[2026-04-03T03:38:41.373+0600][10.992s][info][gc,phases   ] GC(19)   Post Evacuate Collection Set: 0.27ms
[2026-04-03T03:38:41.373+0600][10.992s][info][gc,phases   ] GC(19)   Other: 0.16ms
[2026-04-03T03:38:41.373+0600][10.992s][info][gc,heap     ] GC(19) Eden regions: 24->0(15)
[2026-04-03T03:38:41.373+0600][10.992s][info][gc,heap     ] GC(19) Survivor regions: 6->4(4)
[2026-04-03T03:38:41.373+0600][10.992s][info][gc,heap     ] GC(19) Old regions: 259->287
[2026-04-03T03:38:41.373+0600][10.992s][info][gc,heap     ] GC(19) Humongous regions: 8->8
[2026-04-03T03:38:41.373+0600][10.992s][info][gc,metaspace] GC(19) Metaspace: 49448K(49920K)->49448K(49920K) NonClass: 43315K(43584K)->43315K(43584K) Class: 6132K(6336K)->6132K(6336K)
[2026-04-03T03:38:41.373+0600][10.992s][info][gc          ] GC(19) Pause Young (Normal) (G1 Evacuation Pause) 296M->298M(352M) 177.088ms
[2026-04-03T03:38:41.373+0600][10.992s][info][gc,cpu      ] GC(19) User=0.69s Sys=0.04s Real=0.18s
[2026-04-03T03:38:41.420+0600][11.039s][info][gc,start    ] GC(20) Pause Young (Normal) (G1 Evacuation Pause)
[2026-04-03T03:38:41.420+0600][11.039s][info][gc,task     ] GC(20) Using 8 workers of 10 for evacuation
[2026-04-03T03:38:41.533+0600][11.152s][info][gc,phases   ] GC(20)   Pre Evacuate Collection Set: 0.48ms
[2026-04-03T03:38:41.533+0600][11.152s][info][gc,phases   ] GC(20)   Merge Heap Roots: 0.22ms
[2026-04-03T03:38:41.533+0600][11.152s][info][gc,phases   ] GC(20)   Evacuate Collection Set: 105.99ms
[2026-04-03T03:38:41.533+0600][11.152s][info][gc,phases   ] GC(20)   Post Evacuate Collection Set: 6.22ms
[2026-04-03T03:38:41.533+0600][11.152s][info][gc,phases   ] GC(20)   Other: 0.08ms
[2026-04-03T03:38:41.533+0600][11.152s][info][gc,heap     ] GC(20) Eden regions: 15->0(59)
[2026-04-03T03:38:41.533+0600][11.152s][info][gc,heap     ] GC(20) Survivor regions: 4->3(3)
[2026-04-03T03:38:41.533+0600][11.152s][info][gc,heap     ] GC(20) Old regions: 287->305
[2026-04-03T03:38:41.533+0600][11.152s][info][gc,heap     ] GC(20) Humongous regions: 8->8
[2026-04-03T03:38:41.533+0600][11.152s][info][gc,metaspace] GC(20) Metaspace: 49448K(49920K)->49448K(49920K) NonClass: 43315K(43584K)->43315K(43584K) Class: 6132K(6336K)->6132K(6336K)
[2026-04-03T03:38:41.533+0600][11.152s][info][gc          ] GC(20) Pause Young (Normal) (G1 Evacuation Pause) 313M->315M(1012M) 113.225ms
[2026-04-03T03:38:41.533+0600][11.152s][info][gc,cpu      ] GC(20) User=0.47s Sys=0.03s Real=0.11s
[2026-04-03T03:38:41.748+0600][11.367s][info][gc,start    ] GC(21) Pause Young (Normal) (G1 Evacuation Pause)
[2026-04-03T03:38:41.748+0600][11.367s][info][gc,task     ] GC(21) Using 10 workers of 10 for evacuation
[2026-04-03T03:38:42.100+0600][11.719s][info][gc,mmu      ] GC(21) MMU target violated: 201.0ms (200.0ms/201.0ms)
[2026-04-03T03:38:42.100+0600][11.719s][info][gc,phases   ] GC(21)   Pre Evacuate Collection Set: 0.43ms
[2026-04-03T03:38:42.100+0600][11.719s][info][gc,phases   ] GC(21)   Merge Heap Roots: 0.23ms
[2026-04-03T03:38:42.100+0600][11.719s][info][gc,phases   ] GC(21)   Evacuate Collection Set: 350.78ms
[2026-04-03T03:38:42.100+0600][11.719s][info][gc,phases   ] GC(21)   Post Evacuate Collection Set: 0.45ms
[2026-04-03T03:38:42.100+0600][11.719s][info][gc,phases   ] GC(21)   Other: 0.28ms
[2026-04-03T03:38:42.100+0600][11.719s][info][gc,heap     ] GC(21) Eden regions: 60->0(63)
[2026-04-03T03:38:42.100+0600][11.719s][info][gc,heap     ] GC(21) Survivor regions: 3->8(8)
[2026-04-03T03:38:42.100+0600][11.719s][info][gc,heap     ] GC(21) Old regions: 305->362
[2026-04-03T03:38:42.100+0600][11.719s][info][gc,heap     ] GC(21) Humongous regions: 8->8
[2026-04-03T03:38:42.100+0600][11.719s][info][gc,metaspace] GC(21) Metaspace: 49448K(49920K)->49448K(49920K) NonClass: 43315K(43584K)->43315K(43584K) Class: 6132K(6336K)->6132K(6336K)
[2026-04-03T03:38:42.100+0600][11.719s][info][gc          ] GC(21) Pause Young (Normal) (G1 Evacuation Pause) 375M->377M(1012M) 352.378ms
[2026-04-03T03:38:42.100+0600][11.719s][info][gc,cpu      ] GC(21) User=0.90s Sys=0.09s Real=0.36s
[2026-04-03T03:38:42.239+0600][11.858s][info][gc,marking  ] GC(18) Concurrent Mark From Roots 1101.532ms
[2026-04-03T03:38:42.239+0600][11.858s][info][gc,marking  ] GC(18) Concurrent Preclean
[2026-04-03T03:38:42.239+0600][11.858s][info][gc,marking  ] GC(18) Concurrent Preclean 0.121ms
[2026-04-03T03:38:42.239+0600][11.858s][info][gc,start    ] GC(18) Pause Remark
[2026-04-03T03:38:42.242+0600][11.861s][info][gc          ] GC(18) Pause Remark 425M->425M(1012M) 2.622ms
[2026-04-03T03:38:42.242+0600][11.861s][info][gc,cpu      ] GC(18) User=0.02s Sys=0.00s Real=0.01s
[2026-04-03T03:38:42.242+0600][11.861s][info][gc,marking  ] GC(18) Concurrent Mark 1104.895ms
[2026-04-03T03:38:42.242+0600][11.861s][info][gc,marking  ] GC(18) Concurrent Rebuild Remembered Sets and Scrub Regions
[2026-04-03T03:38:42.285+0600][11.904s][info][gc,start    ] GC(22) Pause Young (Normal) (G1 Evacuation Pause)
[2026-04-03T03:38:42.285+0600][11.904s][info][gc,task     ] GC(22) Using 10 workers of 10 for evacuation
[2026-04-03T03:38:42.676+0600][12.294s][info][gc,mmu      ] GC(22) MMU target violated: 201.0ms (200.0ms/201.0ms)
[2026-04-03T03:38:42.676+0600][12.294s][info][gc,phases   ] GC(22)   Pre Evacuate Collection Set: 0.24ms
[2026-04-03T03:38:42.676+0600][12.294s][info][gc,phases   ] GC(22)   Merge Heap Roots: 0.28ms
[2026-04-03T03:38:42.676+0600][12.294s][info][gc,phases   ] GC(22)   Evacuate Collection Set: 389.58ms
[2026-04-03T03:38:42.676+0600][12.294s][info][gc,phases   ] GC(22)   Post Evacuate Collection Set: 0.56ms
[2026-04-03T03:38:42.676+0600][12.294s][info][gc,phases   ] GC(22)   Other: 0.18ms
[2026-04-03T03:38:42.676+0600][12.295s][info][gc,heap     ] GC(22) Eden regions: 64->0(70)
[2026-04-03T03:38:42.676+0600][12.295s][info][gc,heap     ] GC(22) Survivor regions: 8->9(9)
[2026-04-03T03:38:42.676+0600][12.295s][info][gc,heap     ] GC(22) Old regions: 362->426
[2026-04-03T03:38:42.676+0600][12.295s][info][gc,heap     ] GC(22) Humongous regions: 8->8
[2026-04-03T03:38:42.676+0600][12.295s][info][gc,metaspace] GC(22) Metaspace: 49448K(49920K)->49448K(49920K) NonClass: 43315K(43584K)->43315K(43584K) Class: 6132K(6336K)->6132K(6336K)
[2026-04-03T03:38:42.676+0600][12.295s][info][gc          ] GC(22) Pause Young (Normal) (G1 Evacuation Pause) 441M->443M(1012M) 391.294ms
[2026-04-03T03:38:42.676+0600][12.295s][info][gc,cpu      ] GC(22) User=1.23s Sys=0.13s Real=0.39s
[2026-04-03T03:38:42.708+0600][12.327s][info][gc,marking  ] GC(18) Concurrent Rebuild Remembered Sets and Scrub Regions 466.217ms
[2026-04-03T03:38:42.709+0600][12.328s][info][gc,start    ] GC(18) Pause Cleanup
[2026-04-03T03:38:42.709+0600][12.328s][info][gc          ] GC(18) Pause Cleanup 456M->456M(1012M) 0.399ms
[2026-04-03T03:38:42.709+0600][12.328s][info][gc,cpu      ] GC(18) User=0.00s Sys=0.00s Real=0.00s
[2026-04-03T03:38:42.709+0600][12.328s][info][gc,marking  ] GC(18) Concurrent Clear Claimed Marks
[2026-04-03T03:38:42.709+0600][12.328s][info][gc,marking  ] GC(18) Concurrent Clear Claimed Marks 0.079ms
[2026-04-03T03:38:42.709+0600][12.328s][info][gc,marking  ] GC(18) Concurrent Cleanup for Next Mark
[2026-04-03T03:38:42.712+0600][12.331s][info][gc,marking  ] GC(18) Concurrent Cleanup for Next Mark 3.120ms
[2026-04-03T03:38:42.712+0600][12.331s][info][gc          ] GC(18) Concurrent Mark Cycle 1584.682ms
[2026-04-03T03:38:42.814+0600][12.433s][info][gc,start    ] GC(23) Pause Young (Prepare Mixed) (G1 Evacuation Pause)
[2026-04-03T03:38:42.814+0600][12.433s][info][gc,task     ] GC(23) Using 10 workers of 10 for evacuation
[2026-04-03T03:38:43.208+0600][12.827s][info][gc,mmu      ] GC(23) MMU target violated: 201.0ms (200.0ms/201.0ms)
[2026-04-03T03:38:43.208+0600][12.827s][info][gc,phases   ] GC(23)   Pre Evacuate Collection Set: 0.28ms
[2026-04-03T03:38:43.208+0600][12.827s][info][gc,phases   ] GC(23)   Merge Heap Roots: 0.28ms
[2026-04-03T03:38:43.208+0600][12.827s][info][gc,phases   ] GC(23)   Evacuate Collection Set: 391.75ms
[2026-04-03T03:38:43.208+0600][12.827s][info][gc,phases   ] GC(23)   Post Evacuate Collection Set: 0.79ms
[2026-04-03T03:38:43.208+0600][12.827s][info][gc,phases   ] GC(23)   Other: 0.50ms
[2026-04-03T03:38:43.208+0600][12.827s][info][gc,heap     ] GC(23) Eden regions: 67->0(62)
[2026-04-03T03:38:43.208+0600][12.827s][info][gc,heap     ] GC(23) Survivor regions: 9->10(10)
[2026-04-03T03:38:43.208+0600][12.827s][info][gc,heap     ] GC(23) Old regions: 426->494
[2026-04-03T03:38:43.208+0600][12.827s][info][gc,heap     ] GC(23) Humongous regions: 8->8
[2026-04-03T03:38:43.208+0600][12.827s][info][gc,metaspace] GC(23) Metaspace: 49448K(49920K)->49448K(49920K) NonClass: 43315K(43584K)->43315K(43584K) Class: 6132K(6336K)->6132K(6336K)
[2026-04-03T03:38:43.208+0600][12.827s][info][gc          ] GC(23) Pause Young (Prepare Mixed) (G1 Evacuation Pause) 510M->511M(1012M) 393.814ms
[2026-04-03T03:38:43.208+0600][12.827s][info][gc,cpu      ] GC(23) User=1.20s Sys=0.16s Real=0.39s
[2026-04-03T03:38:43.339+0600][12.958s][info][gc,start    ] GC(24) Pause Young (Mixed) (G1 Evacuation Pause)
[2026-04-03T03:38:43.339+0600][12.958s][info][gc,task     ] GC(24) Using 10 workers of 10 for evacuation
[2026-04-03T03:38:43.725+0600][13.344s][info][gc,mmu      ] GC(24) MMU target violated: 201.0ms (200.0ms/201.0ms)
[2026-04-03T03:38:43.725+0600][13.344s][info][gc,phases   ] GC(24)   Pre Evacuate Collection Set: 0.48ms
[2026-04-03T03:38:43.725+0600][13.344s][info][gc,phases   ] GC(24)   Merge Heap Roots: 0.20ms
[2026-04-03T03:38:43.725+0600][13.344s][info][gc,phases   ] GC(24)   Evacuate Collection Set: 384.77ms
[2026-04-03T03:38:43.725+0600][13.344s][info][gc,phases   ] GC(24)   Post Evacuate Collection Set: 0.41ms
[2026-04-03T03:38:43.725+0600][13.344s][info][gc,phases   ] GC(24)   Other: 0.12ms
[2026-04-03T03:38:43.725+0600][13.344s][info][gc,heap     ] GC(24) Eden regions: 62->0(77)
[2026-04-03T03:38:43.725+0600][13.344s][info][gc,heap     ] GC(24) Survivor regions: 10->9(9)
[2026-04-03T03:38:43.725+0600][13.344s][info][gc,heap     ] GC(24) Old regions: 494->556
[2026-04-03T03:38:43.725+0600][13.344s][info][gc,heap     ] GC(24) Humongous regions: 8->8
[2026-04-03T03:38:43.725+0600][13.344s][info][gc,metaspace] GC(24) Metaspace: 49448K(49920K)->49448K(49920K) NonClass: 43315K(43584K)->43315K(43584K) Class: 6132K(6336K)->6132K(6336K)
[2026-04-03T03:38:43.725+0600][13.344s][info][gc          ] GC(24) Pause Young (Mixed) (G1 Evacuation Pause) 573M->573M(1012M) 386.138ms
[2026-04-03T03:38:43.725+0600][13.344s][info][gc,cpu      ] GC(24) User=1.35s Sys=0.16s Real=0.39s
[2026-04-03T03:38:44.560+0600][14.179s][info][gc,start    ] GC(25) Pause Young (Concurrent Start) (G1 Evacuation Pause)
[2026-04-03T03:38:44.560+0600][14.179s][info][gc,task     ] GC(25) Using 10 workers of 10 for evacuation
[2026-04-03T03:38:44.927+0600][14.546s][info][gc,mmu      ] GC(25) MMU target violated: 201.0ms (200.0ms/201.0ms)
[2026-04-03T03:38:44.927+0600][14.546s][info][gc,phases   ] GC(25)   Pre Evacuate Collection Set: 0.31ms
[2026-04-03T03:38:44.927+0600][14.546s][info][gc,phases   ] GC(25)   Merge Heap Roots: 0.13ms
[2026-04-03T03:38:44.927+0600][14.546s][info][gc,phases   ] GC(25)   Evacuate Collection Set: 365.66ms
[2026-04-03T03:38:44.927+0600][14.546s][info][gc,phases   ] GC(25)   Post Evacuate Collection Set: 0.50ms
[2026-04-03T03:38:44.927+0600][14.546s][info][gc,phases   ] GC(25)   Other: 0.25ms
[2026-04-03T03:38:44.927+0600][14.546s][info][gc,heap     ] GC(25) Eden regions: 76->0(82)
[2026-04-03T03:38:44.927+0600][14.546s][info][gc,heap     ] GC(25) Survivor regions: 9->11(11)
[2026-04-03T03:38:44.927+0600][14.546s][info][gc,heap     ] GC(25) Old regions: 556->615
[2026-04-03T03:38:44.927+0600][14.546s][info][gc,heap     ] GC(25) Humongous regions: 8->8
[2026-04-03T03:38:44.927+0600][14.546s][info][gc,metaspace] GC(25) Metaspace: 50326K(50752K)->50326K(50752K) NonClass: 44031K(44288K)->44031K(44288K) Class: 6294K(6464K)->6294K(6464K)
[2026-04-03T03:38:44.927+0600][14.546s][info][gc          ] GC(25) Pause Young (Concurrent Start) (G1 Evacuation Pause) 649M->633M(1012M) 367.042ms
[2026-04-03T03:38:44.927+0600][14.546s][info][gc,cpu      ] GC(25) User=1.18s Sys=0.16s Real=0.36s
[2026-04-03T03:38:44.927+0600][14.546s][info][gc          ] GC(26) Concurrent Mark Cycle
[2026-04-03T03:38:44.927+0600][14.546s][info][gc,marking  ] GC(26) Concurrent Scan Root Regions
[2026-04-03T03:38:44.940+0600][14.559s][info][gc,marking  ] GC(26) Concurrent Scan Root Regions 12.849ms
[2026-04-03T03:38:44.940+0600][14.559s][info][gc,marking  ] GC(26) Concurrent Mark
[2026-04-03T03:38:44.940+0600][14.559s][info][gc,marking  ] GC(26) Concurrent Mark From Roots
[2026-04-03T03:38:44.940+0600][14.559s][info][gc,task     ] GC(26) Using 3 workers of 3 for marking
[2026-04-03T03:38:45.193+0600][14.812s][info][gc,marking  ] GC(26) Concurrent Mark From Roots 252.495ms
[2026-04-03T03:38:45.193+0600][14.812s][info][gc,marking  ] GC(26) Concurrent Preclean
[2026-04-03T03:38:45.193+0600][14.812s][info][gc,marking  ] GC(26) Concurrent Preclean 0.133ms
[2026-04-03T03:38:45.193+0600][14.812s][info][gc,start    ] GC(26) Pause Remark
[2026-04-03T03:38:45.197+0600][14.816s][info][gc          ] GC(26) Pause Remark 658M->192M(560M) 3.455ms
[2026-04-03T03:38:45.197+0600][14.816s][info][gc,cpu      ] GC(26) User=0.01s Sys=0.00s Real=0.00s
[2026-04-03T03:38:45.197+0600][14.816s][info][gc,marking  ] GC(26) Concurrent Mark 256.522ms
[2026-04-03T03:38:45.197+0600][14.816s][info][gc,marking  ] GC(26) Concurrent Rebuild Remembered Sets and Scrub Regions
[2026-04-03T03:38:45.229+0600][14.847s][info][gc,marking  ] GC(26) Concurrent Rebuild Remembered Sets and Scrub Regions 31.594ms
[2026-04-03T03:38:45.229+0600][14.847s][info][gc,start    ] GC(26) Pause Cleanup
[2026-04-03T03:38:45.229+0600][14.848s][info][gc          ] GC(26) Pause Cleanup 192M->192M(560M) 0.333ms
[2026-04-03T03:38:45.229+0600][14.848s][info][gc,cpu      ] GC(26) User=0.00s Sys=0.00s Real=0.00s
[2026-04-03T03:38:45.229+0600][14.848s][info][gc,marking  ] GC(26) Concurrent Clear Claimed Marks
[2026-04-03T03:38:45.229+0600][14.848s][info][gc,marking  ] GC(26) Concurrent Clear Claimed Marks 0.087ms
[2026-04-03T03:38:45.229+0600][14.848s][info][gc,marking  ] GC(26) Concurrent Cleanup for Next Mark
[2026-04-03T03:38:45.230+0600][14.849s][info][gc,marking  ] GC(26) Concurrent Cleanup for Next Mark 0.673ms
[2026-04-03T03:38:45.230+0600][14.849s][info][gc          ] GC(26) Concurrent Mark Cycle 302.627ms
[2026-04-03T03:38:46.895+0600][16.514s][info][gc,start    ] GC(27) Pause Full (System.gc())
[2026-04-03T03:38:46.895+0600][16.514s][info][gc,task     ] GC(27) Using 10 workers of 10 for full compaction
[2026-04-03T03:38:46.896+0600][16.514s][info][gc,phases,start] GC(27) Phase 1: Mark live objects
[2026-04-03T03:38:46.907+0600][16.526s][info][gc,phases      ] GC(27) Phase 1: Mark live objects 11.336ms
[2026-04-03T03:38:46.907+0600][16.526s][info][gc,phases,start] GC(27) Phase 2: Prepare compaction
[2026-04-03T03:38:46.909+0600][16.527s][info][gc,phases      ] GC(27) Phase 2: Prepare compaction 1.483ms
[2026-04-03T03:38:46.909+0600][16.527s][info][gc,phases,start] GC(27) Phase 3: Adjust pointers
[2026-04-03T03:38:46.915+0600][16.534s][info][gc,phases      ] GC(27) Phase 3: Adjust pointers 6.458ms
[2026-04-03T03:38:46.915+0600][16.534s][info][gc,phases,start] GC(27) Phase 4: Compact heap
[2026-04-03T03:38:46.917+0600][16.536s][info][gc,phases      ] GC(27) Phase 4: Compact heap 1.969ms
[2026-04-03T03:38:46.917+0600][16.536s][info][gc,phases,start] GC(27) Phase 5: Reset Metadata
[2026-04-03T03:38:46.918+0600][16.537s][info][gc,phases      ] GC(27) Phase 5: Reset Metadata 1.012ms
[2026-04-03T03:38:46.922+0600][16.541s][info][gc,heap        ] GC(27) Eden regions: 59->0(28)
[2026-04-03T03:38:46.922+0600][16.541s][info][gc,heap        ] GC(27) Survivor regions: 11->0(11)
[2026-04-03T03:38:46.922+0600][16.541s][info][gc,heap        ] GC(27) Old regions: 149->30
[2026-04-03T03:38:46.922+0600][16.541s][info][gc,heap        ] GC(27) Humongous regions: 29->8
[2026-04-03T03:38:46.922+0600][16.541s][info][gc,metaspace   ] GC(27) Metaspace: 57364K(57920K)->57364K(57920K) NonClass: 50170K(50496K)->50170K(50496K) Class: 7193K(7424K)->7193K(7424K)
[2026-04-03T03:38:46.922+0600][16.541s][info][gc             ] GC(27) Pause Full (System.gc()) 247M->31M(127M) 26.851ms
[2026-04-03T03:38:46.922+0600][16.541s][info][gc,cpu         ] GC(27) User=0.13s Sys=0.02s Real=0.03s
[2026-04-03T03:38:47.208+0600][16.827s][info][gc,start       ] GC(28) Pause Young (Concurrent Start) (G1 Evacuation Pause)
[2026-04-03T03:38:47.208+0600][16.827s][info][gc,task        ] GC(28) Using 6 workers of 10 for evacuation
[2026-04-03T03:38:47.212+0600][16.831s][info][gc,phases      ] GC(28)   Pre Evacuate Collection Set: 0.24ms
[2026-04-03T03:38:47.212+0600][16.831s][info][gc,phases      ] GC(28)   Merge Heap Roots: 0.08ms
[2026-04-03T03:38:47.212+0600][16.831s][info][gc,phases      ] GC(28)   Evacuate Collection Set: 1.53ms
[2026-04-03T03:38:47.212+0600][16.831s][info][gc,phases      ] GC(28)   Post Evacuate Collection Set: 1.72ms
[2026-04-03T03:38:47.212+0600][16.831s][info][gc,phases      ] GC(28)   Other: 0.20ms
[2026-04-03T03:38:47.212+0600][16.831s][info][gc,heap        ] GC(28) Eden regions: 28->0(118)
[2026-04-03T03:38:47.212+0600][16.831s][info][gc,heap        ] GC(28) Survivor regions: 0->2(4)
[2026-04-03T03:38:47.212+0600][16.831s][info][gc,heap        ] GC(28) Old regions: 30->30
[2026-04-03T03:38:47.212+0600][16.831s][info][gc,heap        ] GC(28) Humongous regions: 8->8
[2026-04-03T03:38:47.212+0600][16.831s][info][gc,metaspace   ] GC(28) Metaspace: 59009K(59584K)->59009K(59584K) NonClass: 51584K(51904K)->51584K(51904K) Class: 7424K(7680K)->7424K(7680K)
[2026-04-03T03:38:47.212+0600][16.831s][info][gc             ] GC(28) Pause Young (Concurrent Start) (G1 Evacuation Pause) 59M->33M(381M) 3.995ms
[2026-04-03T03:38:47.212+0600][16.831s][info][gc,cpu         ] GC(28) User=0.01s Sys=0.00s Real=0.01s
[2026-04-03T03:38:47.212+0600][16.831s][info][gc             ] GC(29) Concurrent Mark Cycle
[2026-04-03T03:38:47.212+0600][16.831s][info][gc,marking     ] GC(29) Concurrent Scan Root Regions
[2026-04-03T03:38:47.213+0600][16.832s][info][gc,marking     ] GC(29) Concurrent Scan Root Regions 0.875ms
[2026-04-03T03:38:47.213+0600][16.832s][info][gc,marking     ] GC(29) Concurrent Mark
[2026-04-03T03:38:47.213+0600][16.832s][info][gc,marking     ] GC(29) Concurrent Mark From Roots
[2026-04-03T03:38:47.213+0600][16.832s][info][gc,task        ] GC(29) Using 3 workers of 3 for marking
[2026-04-03T03:38:47.228+0600][16.847s][info][gc,marking     ] GC(29) Concurrent Mark From Roots 15.089ms
[2026-04-03T03:38:47.228+0600][16.847s][info][gc,marking     ] GC(29) Concurrent Preclean
[2026-04-03T03:38:47.228+0600][16.847s][info][gc,marking     ] GC(29) Concurrent Preclean 0.117ms
[2026-04-03T03:38:47.228+0600][16.847s][info][gc,start       ] GC(29) Pause Remark
[2026-04-03T03:38:47.232+0600][16.851s][info][gc             ] GC(29) Pause Remark 34M->34M(134M) 3.825ms
[2026-04-03T03:38:47.232+0600][16.851s][info][gc,cpu         ] GC(29) User=0.01s Sys=0.00s Real=0.01s
[2026-04-03T03:38:47.233+0600][16.851s][info][gc,marking     ] GC(29) Concurrent Mark 19.578ms
[2026-04-03T03:38:47.233+0600][16.851s][info][gc,marking     ] GC(29) Concurrent Rebuild Remembered Sets and Scrub Regions
[2026-04-03T03:38:47.241+0600][16.860s][info][gc,marking     ] GC(29) Concurrent Rebuild Remembered Sets and Scrub Regions 8.508ms
[2026-04-03T03:38:47.241+0600][16.860s][info][gc,start       ] GC(29) Pause Cleanup
[2026-04-03T03:38:47.242+0600][16.861s][info][gc             ] GC(29) Pause Cleanup 37M->37M(134M) 0.299ms
[2026-04-03T03:38:47.242+0600][16.861s][info][gc,cpu         ] GC(29) User=0.00s Sys=0.00s Real=0.00s
[2026-04-03T03:38:47.242+0600][16.861s][info][gc,marking     ] GC(29) Concurrent Clear Claimed Marks
[2026-04-03T03:38:47.242+0600][16.861s][info][gc,marking     ] GC(29) Concurrent Clear Claimed Marks 0.113ms
[2026-04-03T03:38:47.242+0600][16.861s][info][gc,marking     ] GC(29) Concurrent Cleanup for Next Mark
[2026-04-03T03:38:47.242+0600][16.861s][info][gc,marking     ] GC(29) Concurrent Cleanup for Next Mark 0.310ms
[2026-04-03T03:38:47.242+0600][16.861s][info][gc             ] GC(29) Concurrent Mark Cycle 30.355ms
[2026-04-03T03:38:49.066+0600][18.685s][info][gc,start       ] GC(30) Pause Young (Prepare Mixed) (G1 Evacuation Pause)
[2026-04-03T03:38:49.066+0600][18.685s][info][gc,task        ] GC(30) Using 4 workers of 10 for evacuation
[2026-04-03T03:38:49.074+0600][18.693s][info][gc,phases      ] GC(30)   Pre Evacuate Collection Set: 0.30ms
[2026-04-03T03:38:49.075+0600][18.693s][info][gc,phases      ] GC(30)   Merge Heap Roots: 0.21ms
[2026-04-03T03:38:49.075+0600][18.693s][info][gc,phases      ] GC(30)   Evacuate Collection Set: 6.68ms
[2026-04-03T03:38:49.075+0600][18.693s][info][gc,phases      ] GC(30)   Post Evacuate Collection Set: 1.07ms
[2026-04-03T03:38:49.075+0600][18.693s][info][gc,phases      ] GC(30)   Other: 0.13ms
[2026-04-03T03:38:49.075+0600][18.693s][info][gc,heap        ] GC(30) Eden regions: 77->0(38)
[2026-04-03T03:38:49.075+0600][18.693s][info][gc,heap        ] GC(30) Survivor regions: 2->5(10)
[2026-04-03T03:38:49.075+0600][18.693s][info][gc,heap        ] GC(30) Old regions: 30->30
[2026-04-03T03:38:49.075+0600][18.693s][info][gc,heap        ] GC(30) Humongous regions: 25->8
[2026-04-03T03:38:49.075+0600][18.693s][info][gc,metaspace   ] GC(30) Metaspace: 66597K(67456K)->66597K(67456K) NonClass: 58219K(58688K)->58219K(58688K) Class: 8378K(8768K)->8378K(8768K)
[2026-04-03T03:38:49.075+0600][18.694s][info][gc             ] GC(30) Pause Young (Prepare Mixed) (G1 Evacuation Pause) 127M->36M(139M) 8.784ms
[2026-04-03T03:38:49.075+0600][18.694s][info][gc,cpu         ] GC(30) User=0.04s Sys=0.01s Real=0.01s
[2026-04-03T03:38:49.305+0600][18.924s][info][gc,start       ] GC(31) Pause Young (Mixed) (G1 Evacuation Pause)
[2026-04-03T03:38:49.305+0600][18.924s][info][gc,task        ] GC(31) Using 3 workers of 10 for evacuation
[2026-04-03T03:38:49.312+0600][18.931s][info][gc,phases      ] GC(31)   Pre Evacuate Collection Set: 0.39ms
[2026-04-03T03:38:49.312+0600][18.931s][info][gc,phases      ] GC(31)   Merge Heap Roots: 0.25ms
[2026-04-03T03:38:49.312+0600][18.931s][info][gc,phases      ] GC(31)   Evacuate Collection Set: 4.97ms
[2026-04-03T03:38:49.312+0600][18.931s][info][gc,phases      ] GC(31)   Post Evacuate Collection Set: 1.05ms
[2026-04-03T03:38:49.312+0600][18.931s][info][gc,phases      ] GC(31)   Other: 0.19ms
[2026-04-03T03:38:49.312+0600][18.931s][info][gc,heap        ] GC(31) Eden regions: 38->0(43)
[2026-04-03T03:38:49.312+0600][18.931s][info][gc,heap        ] GC(31) Survivor regions: 5->1(6)
[2026-04-03T03:38:49.312+0600][18.931s][info][gc,heap        ] GC(31) Old regions: 30->33
[2026-04-03T03:38:49.312+0600][18.931s][info][gc,heap        ] GC(31) Humongous regions: 8->8
[2026-04-03T03:38:49.312+0600][18.931s][info][gc,metaspace   ] GC(31) Metaspace: 66606K(67456K)->66606K(67456K) NonClass: 58227K(58688K)->58227K(58688K) Class: 8378K(8768K)->8378K(8768K)
[2026-04-03T03:38:49.312+0600][18.931s][info][gc             ] GC(31) Pause Young (Mixed) (G1 Evacuation Pause) 74M->36M(139M) 7.193ms
[2026-04-03T03:38:49.312+0600][18.931s][info][gc,cpu         ] GC(31) User=0.03s Sys=0.00s Real=0.01s
[2026-04-03T03:38:49.402+0600][19.021s][info][gc,start       ] GC(32) Pause Young (Concurrent Start) (G1 Evacuation Pause)
[2026-04-03T03:38:49.402+0600][19.021s][info][gc,task        ] GC(32) Using 3 workers of 10 for evacuation
[2026-04-03T03:38:49.405+0600][19.024s][info][gc,phases      ] GC(32)   Pre Evacuate Collection Set: 0.40ms
[2026-04-03T03:38:49.405+0600][19.024s][info][gc,phases      ] GC(32)   Merge Heap Roots: 0.12ms
[2026-04-03T03:38:49.405+0600][19.024s][info][gc,phases      ] GC(32)   Evacuate Collection Set: 1.83ms
[2026-04-03T03:38:49.405+0600][19.024s][info][gc,phases      ] GC(32)   Post Evacuate Collection Set: 0.75ms
[2026-04-03T03:38:49.405+0600][19.024s][info][gc,phases      ] GC(32)   Other: 0.16ms
[2026-04-03T03:38:49.405+0600][19.024s][info][gc,heap        ] GC(32) Eden regions: 43->0(48)
[2026-04-03T03:38:49.405+0600][19.024s][info][gc,heap        ] GC(32) Survivor regions: 1->1(6)
[2026-04-03T03:38:49.405+0600][19.024s][info][gc,heap        ] GC(32) Old regions: 33->33
[2026-04-03T03:38:49.405+0600][19.024s][info][gc,heap        ] GC(32) Humongous regions: 8->8
[2026-04-03T03:38:49.405+0600][19.024s][info][gc,metaspace   ] GC(32) Metaspace: 66635K(67456K)->66635K(67456K) NonClass: 58256K(58688K)->58256K(58688K) Class: 8378K(8768K)->8378K(8768K)
[2026-04-03T03:38:49.405+0600][19.024s][info][gc             ] GC(32) Pause Young (Concurrent Start) (G1 Evacuation Pause) 79M->36M(139M) 3.586ms
[2026-04-03T03:38:49.406+0600][19.024s][info][gc,cpu         ] GC(32) User=0.01s Sys=0.00s Real=0.00s
[2026-04-03T03:38:49.406+0600][19.024s][info][gc             ] GC(33) Concurrent Mark Cycle
[2026-04-03T03:38:49.406+0600][19.025s][info][gc,marking     ] GC(33) Concurrent Scan Root Regions
[2026-04-03T03:38:49.407+0600][19.025s][info][gc,marking     ] GC(33) Concurrent Scan Root Regions 0.848ms
[2026-04-03T03:38:49.407+0600][19.025s][info][gc,marking     ] GC(33) Concurrent Mark
[2026-04-03T03:38:49.407+0600][19.025s][info][gc,marking     ] GC(33) Concurrent Mark From Roots
[2026-04-03T03:38:49.407+0600][19.025s][info][gc,task        ] GC(33) Using 3 workers of 3 for marking
[2026-04-03T03:38:49.431+0600][19.050s][info][gc,marking     ] GC(33) Concurrent Mark From Roots 24.881ms
[2026-04-03T03:38:49.432+0600][19.050s][info][gc,marking     ] GC(33) Concurrent Preclean
[2026-04-03T03:38:49.432+0600][19.051s][info][gc,marking     ] GC(33) Concurrent Preclean 0.167ms
[2026-04-03T03:38:49.432+0600][19.051s][info][gc,start       ] GC(33) Pause Remark
[2026-04-03T03:38:49.445+0600][19.063s][info][gc             ] GC(33) Pause Remark 49M->49M(139M) 12.609ms
[2026-04-03T03:38:49.445+0600][19.064s][info][gc,cpu         ] GC(33) User=0.04s Sys=0.00s Real=0.01s
[2026-04-03T03:38:49.445+0600][19.064s][info][gc,marking     ] GC(33) Concurrent Mark 38.366ms
[2026-04-03T03:38:49.445+0600][19.064s][info][gc,marking     ] GC(33) Concurrent Rebuild Remembered Sets and Scrub Regions
[2026-04-03T03:38:49.456+0600][19.075s][info][gc,marking     ] GC(33) Concurrent Rebuild Remembered Sets and Scrub Regions 11.320ms
[2026-04-03T03:38:49.457+0600][19.075s][info][gc,start       ] GC(33) Pause Cleanup
[2026-04-03T03:38:49.457+0600][19.076s][info][gc             ] GC(33) Pause Cleanup 54M->54M(139M) 0.394ms
[2026-04-03T03:38:49.457+0600][19.076s][info][gc,cpu         ] GC(33) User=0.01s Sys=0.00s Real=0.00s
[2026-04-03T03:38:49.457+0600][19.076s][info][gc,marking     ] GC(33) Concurrent Clear Claimed Marks
[2026-04-03T03:38:49.457+0600][19.076s][info][gc,marking     ] GC(33) Concurrent Clear Claimed Marks 0.200ms
[2026-04-03T03:38:49.458+0600][19.076s][info][gc,marking     ] GC(33) Concurrent Cleanup for Next Mark
[2026-04-03T03:38:49.458+0600][19.077s][info][gc,marking     ] GC(33) Concurrent Cleanup for Next Mark 0.417ms
[2026-04-03T03:38:49.458+0600][19.077s][info][gc             ] GC(33) Concurrent Mark Cycle 52.421ms
[2026-04-03T03:38:49.505+0600][19.123s][info][gc,start       ] GC(34) Pause Young (Prepare Mixed) (G1 Evacuation Pause)
[2026-04-03T03:38:49.505+0600][19.124s][info][gc,task        ] GC(34) Using 3 workers of 10 for evacuation
[2026-04-03T03:38:49.507+0600][19.126s][info][gc,phases      ] GC(34)   Pre Evacuate Collection Set: 0.45ms
[2026-04-03T03:38:49.507+0600][19.126s][info][gc,phases      ] GC(34)   Merge Heap Roots: 0.14ms
[2026-04-03T03:38:49.507+0600][19.126s][info][gc,phases      ] GC(34)   Evacuate Collection Set: 1.01ms
[2026-04-03T03:38:49.507+0600][19.126s][info][gc,phases      ] GC(34)   Post Evacuate Collection Set: 0.71ms
[2026-04-03T03:38:49.507+0600][19.126s][info][gc,phases      ] GC(34)   Other: 0.11ms
[2026-04-03T03:38:49.507+0600][19.126s][info][gc,heap        ] GC(34) Eden regions: 48->0(53)
[2026-04-03T03:38:49.507+0600][19.126s][info][gc,heap        ] GC(34) Survivor regions: 1->1(7)
[2026-04-03T03:38:49.507+0600][19.126s][info][gc,heap        ] GC(34) Old regions: 33->33
[2026-04-03T03:38:49.507+0600][19.126s][info][gc,heap        ] GC(34) Humongous regions: 8->8
[2026-04-03T03:38:49.507+0600][19.126s][info][gc,metaspace   ] GC(34) Metaspace: 66470K(67520K)->66470K(67520K) NonClass: 58141K(58752K)->58141K(58752K) Class: 8328K(8768K)->8328K(8768K)
[2026-04-03T03:38:49.507+0600][19.126s][info][gc             ] GC(34) Pause Young (Prepare Mixed) (G1 Evacuation Pause) 84M->35M(139M) 2.720ms
[2026-04-03T03:38:49.507+0600][19.126s][info][gc,cpu         ] GC(34) User=0.01s Sys=0.00s Real=0.00s
[2026-04-03T03:38:49.543+0600][19.162s][info][gc,start       ] GC(35) Pause Young (Mixed) (G1 Evacuation Pause)
[2026-04-03T03:38:49.543+0600][19.162s][info][gc,task        ] GC(35) Using 3 workers of 10 for evacuation
[2026-04-03T03:38:49.546+0600][19.165s][info][gc,phases      ] GC(35)   Pre Evacuate Collection Set: 0.21ms
[2026-04-03T03:38:49.546+0600][19.165s][info][gc,phases      ] GC(35)   Merge Heap Roots: 0.11ms
[2026-04-03T03:38:49.546+0600][19.165s][info][gc,phases      ] GC(35)   Evacuate Collection Set: 1.10ms
[2026-04-03T03:38:49.546+0600][19.165s][info][gc,phases      ] GC(35)   Post Evacuate Collection Set: 0.85ms
[2026-04-03T03:38:49.546+0600][19.165s][info][gc,phases      ] GC(35)   Other: 0.11ms
[2026-04-03T03:38:49.546+0600][19.165s][info][gc,heap        ] GC(35) Eden regions: 53->0(76)
[2026-04-03T03:38:49.546+0600][19.165s][info][gc,heap        ] GC(35) Survivor regions: 1->1(7)
[2026-04-03T03:38:49.546+0600][19.165s][info][gc,heap        ] GC(35) Old regions: 33->33
[2026-04-03T03:38:49.546+0600][19.165s][info][gc,heap        ] GC(35) Humongous regions: 8->8
[2026-04-03T03:38:49.546+0600][19.165s][info][gc,metaspace   ] GC(35) Metaspace: 66470K(67520K)->66470K(67520K) NonClass: 58141K(58752K)->58141K(58752K) Class: 8328K(8768K)->8328K(8768K)
[2026-04-03T03:38:49.546+0600][19.165s][info][gc             ] GC(35) Pause Young (Mixed) (G1 Evacuation Pause) 88M->35M(174M) 2.687ms
[2026-04-03T03:38:49.546+0600][19.165s][info][gc,cpu         ] GC(35) User=0.01s Sys=0.00s Real=0.00s
[2026-04-03T03:38:49.599+0600][19.217s][info][gc,start       ] GC(36) Pause Young (Concurrent Start) (G1 Evacuation Pause)
[2026-04-03T03:38:49.599+0600][19.217s][info][gc,task        ] GC(36) Using 4 workers of 10 for evacuation
[2026-04-03T03:38:49.600+0600][19.219s][info][gc,phases      ] GC(36)   Pre Evacuate Collection Set: 0.25ms
[2026-04-03T03:38:49.600+0600][19.219s][info][gc,phases      ] GC(36)   Merge Heap Roots: 0.08ms
[2026-04-03T03:38:49.600+0600][19.219s][info][gc,phases      ] GC(36)   Evacuate Collection Set: 0.93ms
[2026-04-03T03:38:49.601+0600][19.219s][info][gc,phases      ] GC(36)   Post Evacuate Collection Set: 0.41ms
[2026-04-03T03:38:49.601+0600][19.219s][info][gc,phases      ] GC(36)   Other: 0.13ms
[2026-04-03T03:38:49.601+0600][19.219s][info][gc,heap        ] GC(36) Eden regions: 76->0(83)
[2026-04-03T03:38:49.601+0600][19.219s][info][gc,heap        ] GC(36) Survivor regions: 1->1(10)
[2026-04-03T03:38:49.601+0600][19.219s][info][gc,heap        ] GC(36) Old regions: 33->33
[2026-04-03T03:38:49.601+0600][19.219s][info][gc,heap        ] GC(36) Humongous regions: 8->8
[2026-04-03T03:38:49.601+0600][19.219s][info][gc,metaspace   ] GC(36) Metaspace: 66470K(67520K)->66470K(67520K) NonClass: 58141K(58752K)->58141K(58752K) Class: 8328K(8768K)->8328K(8768K)
[2026-04-03T03:38:49.601+0600][19.219s][info][gc             ] GC(36) Pause Young (Concurrent Start) (G1 Evacuation Pause) 111M->35M(174M) 2.060ms
[2026-04-03T03:38:49.601+0600][19.219s][info][gc,cpu         ] GC(36) User=0.01s Sys=0.00s Real=0.01s
[2026-04-03T03:38:49.601+0600][19.220s][info][gc             ] GC(37) Concurrent Mark Cycle
[2026-04-03T03:38:49.601+0600][19.220s][info][gc,marking     ] GC(37) Concurrent Scan Root Regions
[2026-04-03T03:38:49.602+0600][19.220s][info][gc,marking     ] GC(37) Concurrent Scan Root Regions 0.758ms
[2026-04-03T03:38:49.602+0600][19.220s][info][gc,marking     ] GC(37) Concurrent Mark
[2026-04-03T03:38:49.602+0600][19.220s][info][gc,marking     ] GC(37) Concurrent Mark From Roots
[2026-04-03T03:38:49.602+0600][19.220s][info][gc,task        ] GC(37) Using 3 workers of 3 for marking
[2026-04-03T03:38:49.621+0600][19.240s][info][gc,marking     ] GC(37) Concurrent Mark From Roots 19.331ms
[2026-04-03T03:38:49.621+0600][19.240s][info][gc,marking     ] GC(37) Concurrent Preclean
[2026-04-03T03:38:49.621+0600][19.240s][info][gc,marking     ] GC(37) Concurrent Preclean 0.129ms
[2026-04-03T03:38:49.621+0600][19.240s][info][gc,start       ] GC(37) Pause Remark
[2026-04-03T03:38:49.627+0600][19.246s][info][gc             ] GC(37) Pause Remark 65M->65M(140M) 5.547ms
[2026-04-03T03:38:49.627+0600][19.246s][info][gc,cpu         ] GC(37) User=0.01s Sys=0.00s Real=0.00s
[2026-04-03T03:38:49.627+0600][19.246s][info][gc,marking     ] GC(37) Concurrent Mark 25.664ms
[2026-04-03T03:38:49.627+0600][19.246s][info][gc,marking     ] GC(37) Concurrent Rebuild Remembered Sets and Scrub Regions
[2026-04-03T03:38:49.637+0600][19.255s][info][gc,marking     ] GC(37) Concurrent Rebuild Remembered Sets and Scrub Regions 9.288ms
[2026-04-03T03:38:49.637+0600][19.256s][info][gc,start       ] GC(37) Pause Cleanup
[2026-04-03T03:38:49.637+0600][19.256s][info][gc             ] GC(37) Pause Cleanup 80M->80M(140M) 0.343ms
[2026-04-03T03:38:49.637+0600][19.256s][info][gc,cpu         ] GC(37) User=0.00s Sys=0.00s Real=0.00s
[2026-04-03T03:38:49.637+0600][19.256s][info][gc,marking     ] GC(37) Concurrent Clear Claimed Marks
[2026-04-03T03:38:49.638+0600][19.256s][info][gc,marking     ] GC(37) Concurrent Clear Claimed Marks 0.149ms
[2026-04-03T03:38:49.638+0600][19.256s][info][gc,marking     ] GC(37) Concurrent Cleanup for Next Mark
[2026-04-03T03:38:49.638+0600][19.257s][info][gc,marking     ] GC(37) Concurrent Cleanup for Next Mark 0.465ms
[2026-04-03T03:38:49.638+0600][19.257s][info][gc             ] GC(37) Concurrent Mark Cycle 37.342ms
[2026-04-03T03:38:49.658+0600][19.277s][info][gc,start       ] GC(38) Pause Young (Prepare Mixed) (G1 Evacuation Pause)
[2026-04-03T03:38:49.658+0600][19.277s][info][gc,task        ] GC(38) Using 3 workers of 10 for evacuation
[2026-04-03T03:38:49.660+0600][19.279s][info][gc,phases      ] GC(38)   Pre Evacuate Collection Set: 0.33ms
[2026-04-03T03:38:49.660+0600][19.279s][info][gc,phases      ] GC(38)   Merge Heap Roots: 0.09ms
[2026-04-03T03:38:49.660+0600][19.279s][info][gc,phases      ] GC(38)   Evacuate Collection Set: 0.76ms
[2026-04-03T03:38:49.660+0600][19.279s][info][gc,phases      ] GC(38)   Post Evacuate Collection Set: 0.36ms
[2026-04-03T03:38:49.660+0600][19.279s][info][gc,phases      ] GC(38)   Other: 0.07ms
[2026-04-03T03:38:49.660+0600][19.279s][info][gc,heap        ] GC(38) Eden regions: 83->0(68)
[2026-04-03T03:38:49.660+0600][19.279s][info][gc,heap        ] GC(38) Survivor regions: 1->1(11)
[2026-04-03T03:38:49.660+0600][19.279s][info][gc,heap        ] GC(38) Old regions: 33->33
[2026-04-03T03:38:49.660+0600][19.279s][info][gc,heap        ] GC(38) Humongous regions: 8->8
[2026-04-03T03:38:49.660+0600][19.279s][info][gc,metaspace   ] GC(38) Metaspace: 66470K(67520K)->66470K(67520K) NonClass: 58141K(58752K)->58141K(58752K) Class: 8328K(8768K)->8328K(8768K)
[2026-04-03T03:38:49.660+0600][19.279s][info][gc             ] GC(38) Pause Young (Prepare Mixed) (G1 Evacuation Pause) 118M->35M(140M) 1.790ms
[2026-04-03T03:38:49.660+0600][19.279s][info][gc,cpu         ] GC(38) User=0.01s Sys=0.00s Real=0.01s
[2026-04-03T03:38:49.690+0600][19.309s][info][gc,start       ] GC(39) Pause Young (Mixed) (G1 Evacuation Pause)
[2026-04-03T03:38:49.691+0600][19.309s][info][gc,task        ] GC(39) Using 3 workers of 10 for evacuation
[2026-04-03T03:38:49.693+0600][19.312s][info][gc,phases      ] GC(39)   Pre Evacuate Collection Set: 0.35ms
[2026-04-03T03:38:49.693+0600][19.312s][info][gc,phases      ] GC(39)   Merge Heap Roots: 0.27ms
[2026-04-03T03:38:49.693+0600][19.312s][info][gc,phases      ] GC(39)   Evacuate Collection Set: 1.11ms
[2026-04-03T03:38:49.693+0600][19.312s][info][gc,phases      ] GC(39)   Post Evacuate Collection Set: 0.72ms
[2026-04-03T03:38:49.693+0600][19.312s][info][gc,phases      ] GC(39)   Other: 0.10ms
[2026-04-03T03:38:49.693+0600][19.312s][info][gc,heap        ] GC(39) Eden regions: 68->0(72)
[2026-04-03T03:38:49.693+0600][19.312s][info][gc,heap        ] GC(39) Survivor regions: 1->1(9)
[2026-04-03T03:38:49.693+0600][19.312s][info][gc,heap        ] GC(39) Old regions: 33->33
[2026-04-03T03:38:49.693+0600][19.312s][info][gc,heap        ] GC(39) Humongous regions: 8->8
[2026-04-03T03:38:49.693+0600][19.312s][info][gc,metaspace   ] GC(39) Metaspace: 66470K(67520K)->66470K(67520K) NonClass: 58141K(58752K)->58141K(58752K) Class: 8328K(8768K)->8328K(8768K)
[2026-04-03T03:38:49.693+0600][19.312s][info][gc             ] GC(39) Pause Young (Mixed) (G1 Evacuation Pause) 103M->35M(140M) 2.744ms
[2026-04-03T03:38:49.693+0600][19.312s][info][gc,cpu         ] GC(39) User=0.00s Sys=0.00s Real=0.00s
[2026-04-03T03:38:49.724+0600][19.343s][info][gc,start       ] GC(40) Pause Young (Concurrent Start) (G1 Evacuation Pause)
[2026-04-03T03:38:49.725+0600][19.343s][info][gc,task        ] GC(40) Using 3 workers of 10 for evacuation
[2026-04-03T03:38:49.727+0600][19.346s][info][gc,phases      ] GC(40)   Pre Evacuate Collection Set: 0.21ms
[2026-04-03T03:38:49.727+0600][19.346s][info][gc,phases      ] GC(40)   Merge Heap Roots: 0.17ms
[2026-04-03T03:38:49.727+0600][19.346s][info][gc,phases      ] GC(40)   Evacuate Collection Set: 0.74ms
[2026-04-03T03:38:49.727+0600][19.346s][info][gc,phases      ] GC(40)   Post Evacuate Collection Set: 0.93ms
[2026-04-03T03:38:49.727+0600][19.346s][info][gc,phases      ] GC(40)   Other: 0.19ms
[2026-04-03T03:38:49.727+0600][19.346s][info][gc,heap        ] GC(40) Eden regions: 72->0(134)
[2026-04-03T03:38:49.727+0600][19.346s][info][gc,heap        ] GC(40) Survivor regions: 1->1(10)
[2026-04-03T03:38:49.727+0600][19.346s][info][gc,heap        ] GC(40) Old regions: 33->33
[2026-04-03T03:38:49.727+0600][19.346s][info][gc,heap        ] GC(40) Humongous regions: 8->8
[2026-04-03T03:38:49.727+0600][19.346s][info][gc,metaspace   ] GC(40) Metaspace: 66471K(67520K)->66471K(67520K) NonClass: 58142K(58752K)->58142K(58752K) Class: 8328K(8768K)->8328K(8768K)
[2026-04-03T03:38:49.727+0600][19.346s][info][gc             ] GC(40) Pause Young (Concurrent Start) (G1 Evacuation Pause) 107M->35M(226M) 2.431ms
[2026-04-03T03:38:49.727+0600][19.346s][info][gc,cpu         ] GC(40) User=0.00s Sys=0.00s Real=0.00s
[2026-04-03T03:38:49.727+0600][19.346s][info][gc             ] GC(41) Concurrent Mark Cycle
[2026-04-03T03:38:49.727+0600][19.346s][info][gc,marking     ] GC(41) Concurrent Scan Root Regions
[2026-04-03T03:38:49.728+0600][19.347s][info][gc,marking     ] GC(41) Concurrent Scan Root Regions 0.992ms
[2026-04-03T03:38:49.728+0600][19.347s][info][gc,marking     ] GC(41) Concurrent Mark
[2026-04-03T03:38:49.728+0600][19.347s][info][gc,marking     ] GC(41) Concurrent Mark From Roots
[2026-04-03T03:38:49.728+0600][19.347s][info][gc,task        ] GC(41) Using 3 workers of 3 for marking
[2026-04-03T03:38:49.747+0600][19.366s][info][gc,marking     ] GC(41) Concurrent Mark From Roots 19.303ms
[2026-04-03T03:38:49.747+0600][19.366s][info][gc,marking     ] GC(41) Concurrent Preclean
[2026-04-03T03:38:49.748+0600][19.366s][info][gc,marking     ] GC(41) Concurrent Preclean 0.125ms
[2026-04-03T03:38:49.748+0600][19.367s][info][gc,start       ] GC(41) Pause Remark
[2026-04-03T03:38:49.753+0600][19.371s][info][gc             ] GC(41) Pause Remark 58M->58M(140M) 4.654ms
[2026-04-03T03:38:49.753+0600][19.371s][info][gc,cpu         ] GC(41) User=0.02s Sys=0.00s Real=0.01s
[2026-04-03T03:38:49.753+0600][19.371s][info][gc,marking     ] GC(41) Concurrent Mark 24.525ms
[2026-04-03T03:38:49.753+0600][19.372s][info][gc,marking     ] GC(41) Concurrent Rebuild Remembered Sets and Scrub Regions
[2026-04-03T03:38:49.761+0600][19.380s][info][gc,marking     ] GC(41) Concurrent Rebuild Remembered Sets and Scrub Regions 8.587ms
[2026-04-03T03:38:49.762+0600][19.380s][info][gc,start       ] GC(41) Pause Cleanup
[2026-04-03T03:38:49.762+0600][19.381s][info][gc             ] GC(41) Pause Cleanup 75M->75M(140M) 0.168ms
[2026-04-03T03:38:49.762+0600][19.381s][info][gc,cpu         ] GC(41) User=0.00s Sys=0.00s Real=0.00s
[2026-04-03T03:38:49.762+0600][19.381s][info][gc,marking     ] GC(41) Concurrent Clear Claimed Marks
[2026-04-03T03:38:49.762+0600][19.381s][info][gc,marking     ] GC(41) Concurrent Clear Claimed Marks 0.147ms
[2026-04-03T03:38:49.762+0600][19.381s][info][gc,marking     ] GC(41) Concurrent Cleanup for Next Mark
[2026-04-03T03:38:49.763+0600][19.381s][info][gc,marking     ] GC(41) Concurrent Cleanup for Next Mark 0.457ms
[2026-04-03T03:38:49.763+0600][19.381s][info][gc             ] GC(41) Concurrent Mark Cycle 35.524ms
[2026-04-03T03:38:49.784+0600][19.403s][info][gc,start       ] GC(42) Pause Young (Prepare Mixed) (G1 Evacuation Pause)
[2026-04-03T03:38:49.784+0600][19.403s][info][gc,task        ] GC(42) Using 3 workers of 10 for evacuation
[2026-04-03T03:38:49.786+0600][19.405s][info][gc,phases      ] GC(42)   Pre Evacuate Collection Set: 0.44ms
[2026-04-03T03:38:49.786+0600][19.405s][info][gc,phases      ] GC(42)   Merge Heap Roots: 0.13ms
[2026-04-03T03:38:49.786+0600][19.405s][info][gc,phases      ] GC(42)   Evacuate Collection Set: 0.82ms
[2026-04-03T03:38:49.786+0600][19.405s][info][gc,phases      ] GC(42)   Post Evacuate Collection Set: 0.80ms
[2026-04-03T03:38:49.786+0600][19.405s][info][gc,phases      ] GC(42)   Other: 0.07ms
[2026-04-03T03:38:49.786+0600][19.405s][info][gc,heap        ] GC(42) Eden regions: 83->0(79)
[2026-04-03T03:38:49.786+0600][19.405s][info][gc,heap        ] GC(42) Survivor regions: 1->1(11)
[2026-04-03T03:38:49.786+0600][19.405s][info][gc,heap        ] GC(42) Old regions: 33->33
[2026-04-03T03:38:49.786+0600][19.405s][info][gc,heap        ] GC(42) Humongous regions: 8->8
[2026-04-03T03:38:49.786+0600][19.405s][info][gc,metaspace   ] GC(42) Metaspace: 66474K(67584K)->66474K(67584K) NonClass: 58145K(58816K)->58145K(58816K) Class: 8328K(8768K)->8328K(8768K)
[2026-04-03T03:38:49.787+0600][19.405s][info][gc             ] GC(42) Pause Young (Prepare Mixed) (G1 Evacuation Pause) 118M->35M(140M) 2.456ms
[2026-04-03T03:38:49.787+0600][19.405s][info][gc,cpu         ] GC(42) User=0.01s Sys=0.01s Real=0.00s
[2026-04-03T03:38:49.821+0600][19.440s][info][gc,start       ] GC(43) Pause Young (Mixed) (G1 Evacuation Pause)
[2026-04-03T03:38:49.821+0600][19.440s][info][gc,task        ] GC(43) Using 3 workers of 10 for evacuation
[2026-04-03T03:38:49.823+0600][19.442s][info][gc,phases      ] GC(43)   Pre Evacuate Collection Set: 0.33ms
[2026-04-03T03:38:49.823+0600][19.442s][info][gc,phases      ] GC(43)   Merge Heap Roots: 0.10ms
[2026-04-03T03:38:49.823+0600][19.442s][info][gc,phases      ] GC(43)   Evacuate Collection Set: 1.06ms
[2026-04-03T03:38:49.823+0600][19.442s][info][gc,phases      ] GC(43)   Post Evacuate Collection Set: 0.57ms
[2026-04-03T03:38:49.823+0600][19.442s][info][gc,phases      ] GC(43)   Other: 0.07ms
[2026-04-03T03:38:49.823+0600][19.442s][info][gc,heap        ] GC(43) Eden regions: 79->0(81)
[2026-04-03T03:38:49.823+0600][19.442s][info][gc,heap        ] GC(43) Survivor regions: 1->1(10)
[2026-04-03T03:38:49.823+0600][19.442s][info][gc,heap        ] GC(43) Old regions: 33->33
[2026-04-03T03:38:49.823+0600][19.442s][info][gc,heap        ] GC(43) Humongous regions: 8->8
[2026-04-03T03:38:49.823+0600][19.442s][info][gc,metaspace   ] GC(43) Metaspace: 66474K(67584K)->66474K(67584K) NonClass: 58145K(58816K)->58145K(58816K) Class: 8328K(8768K)->8328K(8768K)
[2026-04-03T03:38:49.823+0600][19.442s][info][gc             ] GC(43) Pause Young (Mixed) (G1 Evacuation Pause) 114M->35M(140M) 2.310ms
[2026-04-03T03:38:49.823+0600][19.442s][info][gc,cpu         ] GC(43) User=0.00s Sys=0.00s Real=0.00s
[2026-04-03T03:38:49.862+0600][19.480s][info][gc,start       ] GC(44) Pause Young (Concurrent Start) (G1 Evacuation Pause)
[2026-04-03T03:38:49.862+0600][19.481s][info][gc,task        ] GC(44) Using 3 workers of 10 for evacuation
[2026-04-03T03:38:49.864+0600][19.483s][info][gc,phases      ] GC(44)   Pre Evacuate Collection Set: 0.33ms
[2026-04-03T03:38:49.864+0600][19.483s][info][gc,phases      ] GC(44)   Merge Heap Roots: 0.17ms
[2026-04-03T03:38:49.864+0600][19.483s][info][gc,phases      ] GC(44)   Evacuate Collection Set: 0.94ms
[2026-04-03T03:38:49.864+0600][19.483s][info][gc,phases      ] GC(44)   Post Evacuate Collection Set: 0.50ms
[2026-04-03T03:38:49.864+0600][19.483s][info][gc,phases      ] GC(44)   Other: 0.20ms
[2026-04-03T03:38:49.864+0600][19.483s][info][gc,heap        ] GC(44) Eden regions: 81->0(83)
[2026-04-03T03:38:49.864+0600][19.483s][info][gc,heap        ] GC(44) Survivor regions: 1->1(11)
[2026-04-03T03:38:49.864+0600][19.483s][info][gc,heap        ] GC(44) Old regions: 33->33
[2026-04-03T03:38:49.864+0600][19.483s][info][gc,heap        ] GC(44) Humongous regions: 8->8
[2026-04-03T03:38:49.864+0600][19.483s][info][gc,metaspace   ] GC(44) Metaspace: 66475K(67584K)->66475K(67584K) NonClass: 58146K(58816K)->58146K(58816K) Class: 8328K(8768K)->8328K(8768K)
[2026-04-03T03:38:49.864+0600][19.483s][info][gc             ] GC(44) Pause Young (Concurrent Start) (G1 Evacuation Pause) 116M->35M(140M) 2.353ms
[2026-04-03T03:38:49.864+0600][19.483s][info][gc,cpu         ] GC(44) User=0.00s Sys=0.00s Real=0.00s
[2026-04-03T03:38:49.864+0600][19.483s][info][gc             ] GC(45) Concurrent Mark Cycle
[2026-04-03T03:38:49.864+0600][19.483s][info][gc,marking     ] GC(45) Concurrent Scan Root Regions
[2026-04-03T03:38:49.865+0600][19.484s][info][gc,marking     ] GC(45) Concurrent Scan Root Regions 0.916ms
[2026-04-03T03:38:49.865+0600][19.484s][info][gc,marking     ] GC(45) Concurrent Mark
[2026-04-03T03:38:49.865+0600][19.484s][info][gc,marking     ] GC(45) Concurrent Mark From Roots
[2026-04-03T03:38:49.865+0600][19.484s][info][gc,task        ] GC(45) Using 3 workers of 3 for marking
[2026-04-03T03:38:49.884+0600][19.503s][info][gc,marking     ] GC(45) Concurrent Mark From Roots 19.074ms
[2026-04-03T03:38:49.884+0600][19.503s][info][gc,marking     ] GC(45) Concurrent Preclean
[2026-04-03T03:38:49.884+0600][19.503s][info][gc,marking     ] GC(45) Concurrent Preclean 0.137ms
[2026-04-03T03:38:49.885+0600][19.503s][info][gc,start       ] GC(45) Pause Remark
[2026-04-03T03:38:49.890+0600][19.509s][info][gc             ] GC(45) Pause Remark 71M->71M(140M) 5.467ms
[2026-04-03T03:38:49.890+0600][19.509s][info][gc,cpu         ] GC(45) User=0.01s Sys=0.00s Real=0.01s
[2026-04-03T03:38:49.890+0600][19.509s][info][gc,marking     ] GC(45) Concurrent Mark 25.158ms
[2026-04-03T03:38:49.890+0600][19.509s][info][gc,marking     ] GC(45) Concurrent Rebuild Remembered Sets and Scrub Regions
[2026-04-03T03:38:49.899+0600][19.517s][info][gc,marking     ] GC(45) Concurrent Rebuild Remembered Sets and Scrub Regions 8.242ms
[2026-04-03T03:38:49.899+0600][19.518s][info][gc,start       ] GC(45) Pause Cleanup
[2026-04-03T03:38:49.899+0600][19.518s][info][gc             ] GC(45) Pause Cleanup 88M->88M(140M) 0.172ms
[2026-04-03T03:38:49.899+0600][19.518s][info][gc,cpu         ] GC(45) User=0.00s Sys=0.00s Real=0.00s
[2026-04-03T03:38:49.899+0600][19.518s][info][gc,marking     ] GC(45) Concurrent Clear Claimed Marks
[2026-04-03T03:38:49.899+0600][19.518s][info][gc,marking     ] GC(45) Concurrent Clear Claimed Marks 0.139ms
[2026-04-03T03:38:49.899+0600][19.518s][info][gc,marking     ] GC(45) Concurrent Cleanup for Next Mark
[2026-04-03T03:38:49.900+0600][19.518s][info][gc,marking     ] GC(45) Concurrent Cleanup for Next Mark 0.311ms
[2026-04-03T03:38:49.900+0600][19.519s][info][gc             ] GC(45) Concurrent Mark Cycle 35.593ms
[2026-04-03T03:38:49.924+0600][19.542s][info][gc,start       ] GC(46) Pause Young (Prepare Mixed) (G1 Evacuation Pause)
[2026-04-03T03:38:49.924+0600][19.542s][info][gc,task        ] GC(46) Using 3 workers of 10 for evacuation
[2026-04-03T03:38:49.926+0600][19.545s][info][gc,phases      ] GC(46)   Pre Evacuate Collection Set: 0.33ms
[2026-04-03T03:38:49.926+0600][19.545s][info][gc,phases      ] GC(46)   Merge Heap Roots: 0.11ms
[2026-04-03T03:38:49.926+0600][19.545s][info][gc,phases      ] GC(46)   Evacuate Collection Set: 0.92ms
[2026-04-03T03:38:49.926+0600][19.545s][info][gc,phases      ] GC(46)   Post Evacuate Collection Set: 1.09ms
[2026-04-03T03:38:49.926+0600][19.545s][info][gc,phases      ] GC(46)   Other: 0.08ms
[2026-04-03T03:38:49.926+0600][19.545s][info][gc,heap        ] GC(46) Eden regions: 83->0(118)
[2026-04-03T03:38:49.926+0600][19.545s][info][gc,heap        ] GC(46) Survivor regions: 1->1(11)
[2026-04-03T03:38:49.926+0600][19.545s][info][gc,heap        ] GC(46) Old regions: 33->33
[2026-04-03T03:38:49.926+0600][19.545s][info][gc,heap        ] GC(46) Humongous regions: 8->8
[2026-04-03T03:38:49.926+0600][19.545s][info][gc,metaspace   ] GC(46) Metaspace: 66475K(67584K)->66475K(67584K) NonClass: 58146K(58816K)->58146K(58816K) Class: 8328K(8768K)->8328K(8768K)
[2026-04-03T03:38:49.926+0600][19.545s][info][gc             ] GC(46) Pause Young (Prepare Mixed) (G1 Evacuation Pause) 118M->35M(199M) 2.796ms
[2026-04-03T03:38:49.926+0600][19.545s][info][gc,cpu         ] GC(46) User=0.00s Sys=0.00s Real=0.00s
[2026-04-03T03:38:50.003+0600][19.622s][info][gc,start       ] GC(47) Pause Young (Mixed) (G1 Evacuation Pause)
[2026-04-03T03:38:50.004+0600][19.622s][info][gc,task        ] GC(47) Using 4 workers of 10 for evacuation
[2026-04-03T03:38:50.006+0600][19.625s][info][gc,phases      ] GC(47)   Pre Evacuate Collection Set: 0.33ms
[2026-04-03T03:38:50.006+0600][19.625s][info][gc,phases      ] GC(47)   Merge Heap Roots: 0.22ms
[2026-04-03T03:38:50.006+0600][19.625s][info][gc,phases      ] GC(47)   Evacuate Collection Set: 0.90ms
[2026-04-03T03:38:50.006+0600][19.625s][info][gc,phases      ] GC(47)   Post Evacuate Collection Set: 0.57ms
[2026-04-03T03:38:50.006+0600][19.625s][info][gc,phases      ] GC(47)   Other: 0.11ms
[2026-04-03T03:38:50.006+0600][19.625s][info][gc,heap        ] GC(47) Eden regions: 118->0(118)
[2026-04-03T03:38:50.006+0600][19.625s][info][gc,heap        ] GC(47) Survivor regions: 1->1(15)
[2026-04-03T03:38:50.006+0600][19.625s][info][gc,heap        ] GC(47) Old regions: 33->33
[2026-04-03T03:38:50.006+0600][19.625s][info][gc,heap        ] GC(47) Humongous regions: 8->8
[2026-04-03T03:38:50.006+0600][19.625s][info][gc,metaspace   ] GC(47) Metaspace: 66475K(67584K)->66475K(67584K) NonClass: 58146K(58816K)->58146K(58816K) Class: 8328K(8768K)->8328K(8768K)
[2026-04-03T03:38:50.006+0600][19.625s][info][gc             ] GC(47) Pause Young (Mixed) (G1 Evacuation Pause) 153M->35M(199M) 2.503ms
[2026-04-03T03:38:50.006+0600][19.625s][info][gc,cpu         ] GC(47) User=0.01s Sys=0.00s Real=0.00s
[2026-04-03T03:38:50.056+0600][19.675s][info][gc,start       ] GC(48) Pause Young (Concurrent Start) (G1 Evacuation Pause)
[2026-04-03T03:38:50.057+0600][19.675s][info][gc,task        ] GC(48) Using 4 workers of 10 for evacuation
[2026-04-03T03:38:50.059+0600][19.678s][info][gc,phases      ] GC(48)   Pre Evacuate Collection Set: 0.35ms
[2026-04-03T03:38:50.059+0600][19.678s][info][gc,phases      ] GC(48)   Merge Heap Roots: 0.12ms
[2026-04-03T03:38:50.059+0600][19.678s][info][gc,phases      ] GC(48)   Evacuate Collection Set: 1.33ms
[2026-04-03T03:38:50.059+0600][19.678s][info][gc,phases      ] GC(48)   Post Evacuate Collection Set: 0.71ms
[2026-04-03T03:38:50.059+0600][19.678s][info][gc,phases      ] GC(48)   Other: 0.31ms
[2026-04-03T03:38:50.059+0600][19.678s][info][gc,heap        ] GC(48) Eden regions: 118->0(118)
[2026-04-03T03:38:50.059+0600][19.678s][info][gc,heap        ] GC(48) Survivor regions: 1->1(15)
[2026-04-03T03:38:50.059+0600][19.678s][info][gc,heap        ] GC(48) Old regions: 33->33
[2026-04-03T03:38:50.059+0600][19.678s][info][gc,heap        ] GC(48) Humongous regions: 8->8
[2026-04-03T03:38:50.059+0600][19.678s][info][gc,metaspace   ] GC(48) Metaspace: 66475K(67584K)->66475K(67584K) NonClass: 58146K(58816K)->58146K(58816K) Class: 8328K(8768K)->8328K(8768K)
[2026-04-03T03:38:50.060+0600][19.678s][info][gc             ] GC(48) Pause Young (Concurrent Start) (G1 Evacuation Pause) 153M->35M(199M) 3.088ms
[2026-04-03T03:38:50.060+0600][19.678s][info][gc,cpu         ] GC(48) User=0.00s Sys=0.00s Real=0.00s
[2026-04-03T03:38:50.060+0600][19.678s][info][gc             ] GC(49) Concurrent Mark Cycle
[2026-04-03T03:38:50.060+0600][19.678s][info][gc,marking     ] GC(49) Concurrent Scan Root Regions
[2026-04-03T03:38:50.060+0600][19.679s][info][gc,marking     ] GC(49) Concurrent Scan Root Regions 0.874ms
[2026-04-03T03:38:50.061+0600][19.679s][info][gc,marking     ] GC(49) Concurrent Mark
[2026-04-03T03:38:50.061+0600][19.679s][info][gc,marking     ] GC(49) Concurrent Mark From Roots
[2026-04-03T03:38:50.061+0600][19.679s][info][gc,task        ] GC(49) Using 3 workers of 3 for marking
[2026-04-03T03:38:50.079+0600][19.698s][info][gc,marking     ] GC(49) Concurrent Mark From Roots 18.450ms
[2026-04-03T03:38:50.079+0600][19.698s][info][gc,marking     ] GC(49) Concurrent Preclean
[2026-04-03T03:38:50.079+0600][19.698s][info][gc,marking     ] GC(49) Concurrent Preclean 0.137ms
[2026-04-03T03:38:50.079+0600][19.698s][info][gc,start       ] GC(49) Pause Remark
[2026-04-03T03:38:50.084+0600][19.703s][info][gc             ] GC(49) Pause Remark 67M->67M(140M) 4.677ms
[2026-04-03T03:38:50.084+0600][19.703s][info][gc,cpu         ] GC(49) User=0.02s Sys=0.00s Real=0.01s
[2026-04-03T03:38:50.084+0600][19.703s][info][gc,marking     ] GC(49) Concurrent Mark 23.866ms
[2026-04-03T03:38:50.084+0600][19.703s][info][gc,marking     ] GC(49) Concurrent Rebuild Remembered Sets and Scrub Regions
[2026-04-03T03:38:50.093+0600][19.712s][info][gc,marking     ] GC(49) Concurrent Rebuild Remembered Sets and Scrub Regions 8.713ms
[2026-04-03T03:38:50.094+0600][19.712s][info][gc,start       ] GC(49) Pause Cleanup
[2026-04-03T03:38:50.094+0600][19.713s][info][gc             ] GC(49) Pause Cleanup 82M->82M(140M) 0.257ms
[2026-04-03T03:38:50.094+0600][19.713s][info][gc,cpu         ] GC(49) User=0.00s Sys=0.00s Real=0.00s
[2026-04-03T03:38:50.094+0600][19.713s][info][gc,marking     ] GC(49) Concurrent Clear Claimed Marks
[2026-04-03T03:38:50.094+0600][19.713s][info][gc,marking     ] GC(49) Concurrent Clear Claimed Marks 0.148ms
[2026-04-03T03:38:50.094+0600][19.713s][info][gc,marking     ] GC(49) Concurrent Cleanup for Next Mark
[2026-04-03T03:38:50.095+0600][19.713s][info][gc,marking     ] GC(49) Concurrent Cleanup for Next Mark 0.448ms
[2026-04-03T03:38:50.095+0600][19.713s][info][gc             ] GC(49) Concurrent Mark Cycle 35.035ms
[2026-04-03T03:38:50.112+0600][19.731s][info][gc,start       ] GC(50) Pause Young (Prepare Mixed) (G1 Evacuation Pause)
[2026-04-03T03:38:50.112+0600][19.731s][info][gc,task        ] GC(50) Using 3 workers of 10 for evacuation
[2026-04-03T03:38:50.115+0600][19.733s][info][gc,phases      ] GC(50)   Pre Evacuate Collection Set: 0.24ms
[2026-04-03T03:38:50.115+0600][19.733s][info][gc,phases      ] GC(50)   Merge Heap Roots: 0.23ms
[2026-04-03T03:38:50.115+0600][19.734s][info][gc,phases      ] GC(50)   Evacuate Collection Set: 0.85ms
[2026-04-03T03:38:50.115+0600][19.734s][info][gc,phases      ] GC(50)   Post Evacuate Collection Set: 0.88ms
[2026-04-03T03:38:50.115+0600][19.734s][info][gc,phases      ] GC(50)   Other: 0.11ms
[2026-04-03T03:38:50.115+0600][19.734s][info][gc,heap        ] GC(50) Eden regions: 83->0(83)
[2026-04-03T03:38:50.115+0600][19.734s][info][gc,heap        ] GC(50) Survivor regions: 1->1(11)
[2026-04-03T03:38:50.115+0600][19.734s][info][gc,heap        ] GC(50) Old regions: 33->33
[2026-04-03T03:38:50.115+0600][19.734s][info][gc,heap        ] GC(50) Humongous regions: 8->8
[2026-04-03T03:38:50.115+0600][19.734s][info][gc,metaspace   ] GC(50) Metaspace: 66475K(67584K)->66475K(67584K) NonClass: 58146K(58816K)->58146K(58816K) Class: 8328K(8768K)->8328K(8768K)
[2026-04-03T03:38:50.115+0600][19.734s][info][gc             ] GC(50) Pause Young (Prepare Mixed) (G1 Evacuation Pause) 118M->35M(140M) 2.588ms
[2026-04-03T03:38:50.115+0600][19.734s][info][gc,cpu         ] GC(50) User=0.01s Sys=0.00s Real=0.00s
[2026-04-03T03:38:50.151+0600][19.770s][info][gc,start       ] GC(51) Pause Young (Mixed) (G1 Evacuation Pause)
[2026-04-03T03:38:50.151+0600][19.770s][info][gc,task        ] GC(51) Using 3 workers of 10 for evacuation
[2026-04-03T03:38:50.155+0600][19.774s][info][gc,phases      ] GC(51)   Pre Evacuate Collection Set: 0.37ms
[2026-04-03T03:38:50.155+0600][19.774s][info][gc,phases      ] GC(51)   Merge Heap Roots: 0.24ms
[2026-04-03T03:38:50.155+0600][19.774s][info][gc,phases      ] GC(51)   Evacuate Collection Set: 1.15ms
[2026-04-03T03:38:50.155+0600][19.774s][info][gc,phases      ] GC(51)   Post Evacuate Collection Set: 1.57ms
[2026-04-03T03:38:50.155+0600][19.774s][info][gc,phases      ] GC(51)   Other: 0.11ms
[2026-04-03T03:38:50.155+0600][19.774s][info][gc,heap        ] GC(51) Eden regions: 83->0(138)
[2026-04-03T03:38:50.155+0600][19.774s][info][gc,heap        ] GC(51) Survivor regions: 1->1(11)
[2026-04-03T03:38:50.155+0600][19.774s][info][gc,heap        ] GC(51) Old regions: 33->33
[2026-04-03T03:38:50.155+0600][19.774s][info][gc,heap        ] GC(51) Humongous regions: 8->8
[2026-04-03T03:38:50.155+0600][19.774s][info][gc,metaspace   ] GC(51) Metaspace: 66475K(67584K)->66475K(67584K) NonClass: 58146K(58816K)->58146K(58816K) Class: 8328K(8768K)->8328K(8768K)
[2026-04-03T03:38:50.155+0600][19.774s][info][gc             ] GC(51) Pause Young (Mixed) (G1 Evacuation Pause) 118M->35M(233M) 3.713ms
[2026-04-03T03:38:50.155+0600][19.774s][info][gc,cpu         ] GC(51) User=0.00s Sys=0.00s Real=0.00s
[2026-04-03T03:38:50.223+0600][19.842s][info][gc,start       ] GC(52) Pause Young (Concurrent Start) (G1 Evacuation Pause)
[2026-04-03T03:38:50.223+0600][19.842s][info][gc,task        ] GC(52) Using 5 workers of 10 for evacuation
[2026-04-03T03:38:50.225+0600][19.844s][info][gc,phases      ] GC(52)   Pre Evacuate Collection Set: 0.35ms
[2026-04-03T03:38:50.225+0600][19.844s][info][gc,phases      ] GC(52)   Merge Heap Roots: 0.15ms
[2026-04-03T03:38:50.225+0600][19.844s][info][gc,phases      ] GC(52)   Evacuate Collection Set: 1.04ms
[2026-04-03T03:38:50.225+0600][19.844s][info][gc,phases      ] GC(52)   Post Evacuate Collection Set: 0.64ms
[2026-04-03T03:38:50.225+0600][19.844s][info][gc,phases      ] GC(52)   Other: 0.30ms
[2026-04-03T03:38:50.225+0600][19.844s][info][gc,heap        ] GC(52) Eden regions: 138->0(138)
[2026-04-03T03:38:50.225+0600][19.844s][info][gc,heap        ] GC(52) Survivor regions: 1->1(18)
[2026-04-03T03:38:50.225+0600][19.844s][info][gc,heap        ] GC(52) Old regions: 33->33
[2026-04-03T03:38:50.225+0600][19.844s][info][gc,heap        ] GC(52) Humongous regions: 8->8
[2026-04-03T03:38:50.225+0600][19.844s][info][gc,metaspace   ] GC(52) Metaspace: 66476K(67584K)->66476K(67584K) NonClass: 58148K(58816K)->58148K(58816K) Class: 8328K(8768K)->8328K(8768K)
[2026-04-03T03:38:50.226+0600][19.844s][info][gc             ] GC(52) Pause Young (Concurrent Start) (G1 Evacuation Pause) 173M->35M(233M) 2.731ms
[2026-04-03T03:38:50.226+0600][19.844s][info][gc,cpu         ] GC(52) User=0.00s Sys=0.00s Real=0.00s
[2026-04-03T03:38:50.226+0600][19.844s][info][gc             ] GC(53) Concurrent Mark Cycle
[2026-04-03T03:38:50.226+0600][19.844s][info][gc,marking     ] GC(53) Concurrent Scan Root Regions
[2026-04-03T03:38:50.226+0600][19.845s][info][gc,marking     ] GC(53) Concurrent Scan Root Regions 0.849ms
[2026-04-03T03:38:50.227+0600][19.845s][info][gc,marking     ] GC(53) Concurrent Mark
[2026-04-03T03:38:50.227+0600][19.845s][info][gc,marking     ] GC(53) Concurrent Mark From Roots
[2026-04-03T03:38:50.227+0600][19.845s][info][gc,task        ] GC(53) Using 3 workers of 3 for marking
[2026-04-03T03:38:50.244+0600][19.863s][info][gc,marking     ] GC(53) Concurrent Mark From Roots 17.935ms
[2026-04-03T03:38:50.245+0600][19.863s][info][gc,marking     ] GC(53) Concurrent Preclean
[2026-04-03T03:38:50.245+0600][19.863s][info][gc,marking     ] GC(53) Concurrent Preclean 0.129ms
[2026-04-03T03:38:50.245+0600][19.864s][info][gc,start       ] GC(53) Pause Remark
[2026-04-03T03:38:50.249+0600][19.868s][info][gc             ] GC(53) Pause Remark 69M->69M(140M) 4.099ms
[2026-04-03T03:38:50.249+0600][19.868s][info][gc,cpu         ] GC(53) User=0.01s Sys=0.00s Real=0.00s
[2026-04-03T03:38:50.249+0600][19.868s][info][gc,marking     ] GC(53) Concurrent Mark 22.843ms
[2026-04-03T03:38:50.249+0600][19.868s][info][gc,marking     ] GC(53) Concurrent Rebuild Remembered Sets and Scrub Regions
[2026-04-03T03:38:50.259+0600][19.877s][info][gc,marking     ] GC(53) Concurrent Rebuild Remembered Sets and Scrub Regions 9.082ms
[2026-04-03T03:38:50.259+0600][19.878s][info][gc,start       ] GC(53) Pause Cleanup
[2026-04-03T03:38:50.259+0600][19.878s][info][gc             ] GC(53) Pause Cleanup 84M->84M(140M) 0.210ms
[2026-04-03T03:38:50.259+0600][19.878s][info][gc,cpu         ] GC(53) User=0.00s Sys=0.00s Real=0.00s
[2026-04-03T03:38:50.259+0600][19.878s][info][gc,marking     ] GC(53) Concurrent Clear Claimed Marks
[2026-04-03T03:38:50.259+0600][19.878s][info][gc,marking     ] GC(53) Concurrent Clear Claimed Marks 0.162ms
[2026-04-03T03:38:50.259+0600][19.878s][info][gc,marking     ] GC(53) Concurrent Cleanup for Next Mark
[2026-04-03T03:38:50.260+0600][19.879s][info][gc,marking     ] GC(53) Concurrent Cleanup for Next Mark 0.382ms
[2026-04-03T03:38:50.260+0600][19.879s][info][gc             ] GC(53) Concurrent Mark Cycle 34.353ms
[2026-04-03T03:38:50.276+0600][19.895s][info][gc,start       ] GC(54) Pause Young (Prepare Mixed) (G1 Evacuation Pause)
[2026-04-03T03:38:50.276+0600][19.895s][info][gc,task        ] GC(54) Using 4 workers of 10 for evacuation
[2026-04-03T03:38:50.278+0600][19.897s][info][gc,phases      ] GC(54)   Pre Evacuate Collection Set: 0.34ms
[2026-04-03T03:38:50.278+0600][19.897s][info][gc,phases      ] GC(54)   Merge Heap Roots: 0.12ms
[2026-04-03T03:38:50.278+0600][19.897s][info][gc,phases      ] GC(54)   Evacuate Collection Set: 0.60ms
[2026-04-03T03:38:50.278+0600][19.897s][info][gc,phases      ] GC(54)   Post Evacuate Collection Set: 0.48ms
[2026-04-03T03:38:50.278+0600][19.897s][info][gc,phases      ] GC(54)   Other: 0.07ms
[2026-04-03T03:38:50.278+0600][19.897s][info][gc,heap        ] GC(54) Eden regions: 84->0(83)
[2026-04-03T03:38:50.278+0600][19.897s][info][gc,heap        ] GC(54) Survivor regions: 1->1(11)
[2026-04-03T03:38:50.278+0600][19.897s][info][gc,heap        ] GC(54) Old regions: 33->34
[2026-04-03T03:38:50.278+0600][19.897s][info][gc,heap        ] GC(54) Humongous regions: 8->8
[2026-04-03T03:38:50.278+0600][19.897s][info][gc,metaspace   ] GC(54) Metaspace: 66476K(67584K)->66476K(67584K) NonClass: 58148K(58816K)->58148K(58816K) Class: 8328K(8768K)->8328K(8768K)
[2026-04-03T03:38:50.278+0600][19.897s][info][gc             ] GC(54) Pause Young (Prepare Mixed) (G1 Evacuation Pause) 119M->35M(140M) 1.834ms
[2026-04-03T03:38:50.278+0600][19.897s][info][gc,cpu         ] GC(54) User=0.00s Sys=0.00s Real=0.00s
[2026-04-03T03:38:50.314+0600][19.933s][info][gc,start       ] GC(55) Pause Young (Mixed) (G1 Evacuation Pause)
[2026-04-03T03:38:50.314+0600][19.933s][info][gc,task        ] GC(55) Using 3 workers of 10 for evacuation
[2026-04-03T03:38:50.316+0600][19.935s][info][gc,phases      ] GC(55)   Pre Evacuate Collection Set: 0.27ms
[2026-04-03T03:38:50.316+0600][19.935s][info][gc,phases      ] GC(55)   Merge Heap Roots: 0.14ms
[2026-04-03T03:38:50.316+0600][19.935s][info][gc,phases      ] GC(55)   Evacuate Collection Set: 1.10ms
[2026-04-03T03:38:50.316+0600][19.935s][info][gc,phases      ] GC(55)   Post Evacuate Collection Set: 0.49ms
[2026-04-03T03:38:50.316+0600][19.935s][info][gc,phases      ] GC(55)   Other: 0.08ms
[2026-04-03T03:38:50.316+0600][19.935s][info][gc,heap        ] GC(55) Eden regions: 83->0(83)
[2026-04-03T03:38:50.316+0600][19.935s][info][gc,heap        ] GC(55) Survivor regions: 1->1(11)
[2026-04-03T03:38:50.316+0600][19.935s][info][gc,heap        ] GC(55) Old regions: 34->33
[2026-04-03T03:38:50.316+0600][19.935s][info][gc,heap        ] GC(55) Humongous regions: 8->8
[2026-04-03T03:38:50.316+0600][19.935s][info][gc,metaspace   ] GC(55) Metaspace: 66476K(67584K)->66476K(67584K) NonClass: 58148K(58816K)->58148K(58816K) Class: 8328K(8768K)->8328K(8768K)
[2026-04-03T03:38:50.316+0600][19.935s][info][gc             ] GC(55) Pause Young (Mixed) (G1 Evacuation Pause) 118M->35M(140M) 2.319ms
[2026-04-03T03:38:50.316+0600][19.935s][info][gc,cpu         ] GC(55) User=0.00s Sys=0.00s Real=0.00s
[2026-04-03T03:38:50.360+0600][19.979s][info][gc,start       ] GC(56) Pause Young (Concurrent Start) (G1 Evacuation Pause)
[2026-04-03T03:38:50.360+0600][19.979s][info][gc,task        ] GC(56) Using 3 workers of 10 for evacuation
[2026-04-03T03:38:50.363+0600][19.982s][info][gc,phases      ] GC(56)   Pre Evacuate Collection Set: 0.34ms
[2026-04-03T03:38:50.363+0600][19.982s][info][gc,phases      ] GC(56)   Merge Heap Roots: 0.18ms
[2026-04-03T03:38:50.363+0600][19.982s][info][gc,phases      ] GC(56)   Evacuate Collection Set: 0.97ms
[2026-04-03T03:38:50.363+0600][19.982s][info][gc,phases      ] GC(56)   Post Evacuate Collection Set: 1.10ms
[2026-04-03T03:38:50.363+0600][19.982s][info][gc,phases      ] GC(56)   Other: 0.20ms
[2026-04-03T03:38:50.363+0600][19.982s][info][gc,heap        ] GC(56) Eden regions: 83->0(135)
[2026-04-03T03:38:50.363+0600][19.982s][info][gc,heap        ] GC(56) Survivor regions: 1->1(11)
[2026-04-03T03:38:50.363+0600][19.982s][info][gc,heap        ] GC(56) Old regions: 33->33
[2026-04-03T03:38:50.363+0600][19.982s][info][gc,heap        ] GC(56) Humongous regions: 8->8
[2026-04-03T03:38:50.363+0600][19.982s][info][gc,metaspace   ] GC(56) Metaspace: 66476K(67584K)->66476K(67584K) NonClass: 58148K(58816K)->58148K(58816K) Class: 8328K(8768K)->8328K(8768K)
[2026-04-03T03:38:50.363+0600][19.982s][info][gc             ] GC(56) Pause Young (Concurrent Start) (G1 Evacuation Pause) 118M->35M(228M) 3.077ms
[2026-04-03T03:38:50.363+0600][19.982s][info][gc,cpu         ] GC(56) User=0.00s Sys=0.00s Real=0.00s
[2026-04-03T03:38:50.364+0600][19.982s][info][gc             ] GC(57) Concurrent Mark Cycle
[2026-04-03T03:38:50.364+0600][19.982s][info][gc,marking     ] GC(57) Concurrent Scan Root Regions
[2026-04-03T03:38:50.364+0600][19.983s][info][gc,marking     ] GC(57) Concurrent Scan Root Regions 0.864ms
[2026-04-03T03:38:50.364+0600][19.983s][info][gc,marking     ] GC(57) Concurrent Mark
[2026-04-03T03:38:50.364+0600][19.983s][info][gc,marking     ] GC(57) Concurrent Mark From Roots
[2026-04-03T03:38:50.365+0600][19.983s][info][gc,task        ] GC(57) Using 3 workers of 3 for marking
[2026-04-03T03:38:50.384+0600][20.003s][info][gc,marking     ] GC(57) Concurrent Mark From Roots 19.522ms
[2026-04-03T03:38:50.384+0600][20.003s][info][gc,marking     ] GC(57) Concurrent Preclean
[2026-04-03T03:38:50.384+0600][20.003s][info][gc,marking     ] GC(57) Concurrent Preclean 0.138ms
[2026-04-03T03:38:50.384+0600][20.003s][info][gc,start       ] GC(57) Pause Remark
[2026-04-03T03:38:50.390+0600][20.009s][info][gc             ] GC(57) Pause Remark 69M->69M(140M) 5.307ms
[2026-04-03T03:38:50.390+0600][20.009s][info][gc,cpu         ] GC(57) User=0.01s Sys=0.01s Real=0.01s
[2026-04-03T03:38:50.390+0600][20.009s][info][gc,marking     ] GC(57) Concurrent Mark 25.546ms
[2026-04-03T03:38:50.390+0600][20.009s][info][gc,marking     ] GC(57) Concurrent Rebuild Remembered Sets and Scrub Regions
[2026-04-03T03:38:50.398+0600][20.017s][info][gc,marking     ] GC(57) Concurrent Rebuild Remembered Sets and Scrub Regions 8.296ms
[2026-04-03T03:38:50.399+0600][20.018s][info][gc,start       ] GC(57) Pause Cleanup
[2026-04-03T03:38:50.399+0600][20.018s][info][gc             ] GC(57) Pause Cleanup 87M->87M(140M) 0.311ms
[2026-04-03T03:38:50.399+0600][20.018s][info][gc,cpu         ] GC(57) User=0.00s Sys=0.00s Real=0.00s
[2026-04-03T03:38:50.399+0600][20.018s][info][gc,marking     ] GC(57) Concurrent Clear Claimed Marks
[2026-04-03T03:38:50.399+0600][20.018s][info][gc,marking     ] GC(57) Concurrent Clear Claimed Marks 0.158ms
[2026-04-03T03:38:50.399+0600][20.018s][info][gc,marking     ] GC(57) Concurrent Cleanup for Next Mark
[2026-04-03T03:38:50.400+0600][20.019s][info][gc,marking     ] GC(57) Concurrent Cleanup for Next Mark 0.357ms
[2026-04-03T03:38:50.400+0600][20.019s][info][gc             ] GC(57) Concurrent Mark Cycle 36.240ms
[2026-04-03T03:38:50.417+0600][20.036s][info][gc,start       ] GC(58) Pause Young (Prepare Mixed) (G1 Evacuation Pause)
[2026-04-03T03:38:50.418+0600][20.036s][info][gc,task        ] GC(58) Using 3 workers of 10 for evacuation
[2026-04-03T03:38:50.420+0600][20.038s][info][gc,phases      ] GC(58)   Pre Evacuate Collection Set: 0.37ms
[2026-04-03T03:38:50.420+0600][20.038s][info][gc,phases      ] GC(58)   Merge Heap Roots: 0.15ms
[2026-04-03T03:38:50.420+0600][20.038s][info][gc,phases      ] GC(58)   Evacuate Collection Set: 0.58ms
[2026-04-03T03:38:50.420+0600][20.038s][info][gc,phases      ] GC(58)   Post Evacuate Collection Set: 0.75ms
[2026-04-03T03:38:50.420+0600][20.038s][info][gc,phases      ] GC(58)   Other: 0.16ms
[2026-04-03T03:38:50.420+0600][20.038s][info][gc,heap        ] GC(58) Eden regions: 83->0(83)
[2026-04-03T03:38:50.420+0600][20.038s][info][gc,heap        ] GC(58) Survivor regions: 1->1(11)
[2026-04-03T03:38:50.420+0600][20.038s][info][gc,heap        ] GC(58) Old regions: 33->33
[2026-04-03T03:38:50.420+0600][20.039s][info][gc,heap        ] GC(58) Humongous regions: 8->8
[2026-04-03T03:38:50.420+0600][20.039s][info][gc,metaspace   ] GC(58) Metaspace: 66476K(67584K)->66476K(67584K) NonClass: 58148K(58816K)->58148K(58816K) Class: 8328K(8768K)->8328K(8768K)
[2026-04-03T03:38:50.420+0600][20.039s][info][gc             ] GC(58) Pause Young (Prepare Mixed) (G1 Evacuation Pause) 118M->35M(140M) 2.293ms
[2026-04-03T03:38:50.420+0600][20.039s][info][gc,cpu         ] GC(58) User=0.00s Sys=0.00s Real=0.01s
[2026-04-03T03:38:50.456+0600][20.075s][info][gc,start       ] GC(59) Pause Young (Mixed) (G1 Evacuation Pause)
[2026-04-03T03:38:50.456+0600][20.075s][info][gc,task        ] GC(59) Using 3 workers of 10 for evacuation
[2026-04-03T03:38:50.458+0600][20.077s][info][gc,phases      ] GC(59)   Pre Evacuate Collection Set: 0.28ms
[2026-04-03T03:38:50.458+0600][20.077s][info][gc,phases      ] GC(59)   Merge Heap Roots: 0.12ms
[2026-04-03T03:38:50.458+0600][20.077s][info][gc,phases      ] GC(59)   Evacuate Collection Set: 1.02ms
[2026-04-03T03:38:50.458+0600][20.077s][info][gc,phases      ] GC(59)   Post Evacuate Collection Set: 0.61ms
[2026-04-03T03:38:50.458+0600][20.077s][info][gc,phases      ] GC(59)   Other: 0.20ms
[2026-04-03T03:38:50.458+0600][20.077s][info][gc,heap        ] GC(59) Eden regions: 83->0(83)
[2026-04-03T03:38:50.458+0600][20.077s][info][gc,heap        ] GC(59) Survivor regions: 1->1(11)
[2026-04-03T03:38:50.458+0600][20.077s][info][gc,heap        ] GC(59) Old regions: 33->33
[2026-04-03T03:38:50.458+0600][20.077s][info][gc,heap        ] GC(59) Humongous regions: 8->8
[2026-04-03T03:38:50.458+0600][20.077s][info][gc,metaspace   ] GC(59) Metaspace: 66476K(67584K)->66476K(67584K) NonClass: 58148K(58816K)->58148K(58816K) Class: 8328K(8768K)->8328K(8768K)
[2026-04-03T03:38:50.458+0600][20.077s][info][gc             ] GC(59) Pause Young (Mixed) (G1 Evacuation Pause) 118M->35M(140M) 2.457ms
[2026-04-03T03:38:50.459+0600][20.077s][info][gc,cpu         ] GC(59) User=0.00s Sys=0.00s Real=0.00s
[2026-04-03T03:38:50.498+0600][20.117s][info][gc,start       ] GC(60) Pause Young (Concurrent Start) (G1 Evacuation Pause)
[2026-04-03T03:38:50.498+0600][20.117s][info][gc,task        ] GC(60) Using 3 workers of 10 for evacuation
[2026-04-03T03:38:50.501+0600][20.120s][info][gc,phases      ] GC(60)   Pre Evacuate Collection Set: 0.33ms
[2026-04-03T03:38:50.501+0600][20.120s][info][gc,phases      ] GC(60)   Merge Heap Roots: 0.38ms
[2026-04-03T03:38:50.501+0600][20.120s][info][gc,phases      ] GC(60)   Evacuate Collection Set: 1.11ms
[2026-04-03T03:38:50.501+0600][20.120s][info][gc,phases      ] GC(60)   Post Evacuate Collection Set: 0.58ms
[2026-04-03T03:38:50.501+0600][20.120s][info][gc,phases      ] GC(60)   Other: 0.24ms
[2026-04-03T03:38:50.501+0600][20.120s][info][gc,heap        ] GC(60) Eden regions: 83->0(83)
[2026-04-03T03:38:50.501+0600][20.120s][info][gc,heap        ] GC(60) Survivor regions: 1->1(11)
[2026-04-03T03:38:50.501+0600][20.120s][info][gc,heap        ] GC(60) Old regions: 33->33
[2026-04-03T03:38:50.501+0600][20.120s][info][gc,heap        ] GC(60) Humongous regions: 8->8
[2026-04-03T03:38:50.501+0600][20.120s][info][gc,metaspace   ] GC(60) Metaspace: 66476K(67584K)->66476K(67584K) NonClass: 58148K(58816K)->58148K(58816K) Class: 8328K(8768K)->8328K(8768K)
[2026-04-03T03:38:50.501+0600][20.120s][info][gc             ] GC(60) Pause Young (Concurrent Start) (G1 Evacuation Pause) 118M->35M(140M) 2.978ms
[2026-04-03T03:38:50.501+0600][20.120s][info][gc,cpu         ] GC(60) User=0.01s Sys=0.00s Real=0.01s
[2026-04-03T03:38:50.501+0600][20.120s][info][gc             ] GC(61) Concurrent Mark Cycle
[2026-04-03T03:38:50.501+0600][20.120s][info][gc,marking     ] GC(61) Concurrent Scan Root Regions
[2026-04-03T03:38:50.502+0600][20.121s][info][gc,marking     ] GC(61) Concurrent Scan Root Regions 0.939ms
[2026-04-03T03:38:50.502+0600][20.121s][info][gc,marking     ] GC(61) Concurrent Mark
[2026-04-03T03:38:50.502+0600][20.121s][info][gc,marking     ] GC(61) Concurrent Mark From Roots
[2026-04-03T03:38:50.502+0600][20.121s][info][gc,task        ] GC(61) Using 3 workers of 3 for marking
[2026-04-03T03:38:50.525+0600][20.144s][info][gc,marking     ] GC(61) Concurrent Mark From Roots 23.195ms
[2026-04-03T03:38:50.525+0600][20.144s][info][gc,marking     ] GC(61) Concurrent Preclean
[2026-04-03T03:38:50.526+0600][20.144s][info][gc,marking     ] GC(61) Concurrent Preclean 0.217ms
[2026-04-03T03:38:50.526+0600][20.145s][info][gc,start       ] GC(61) Pause Remark
[2026-04-03T03:38:50.531+0600][20.150s][info][gc             ] GC(61) Pause Remark 71M->71M(140M) 5.309ms
[2026-04-03T03:38:50.531+0600][20.150s][info][gc,cpu         ] GC(61) User=0.02s Sys=0.00s Real=0.01s
[2026-04-03T03:38:50.531+0600][20.150s][info][gc,marking     ] GC(61) Concurrent Mark 29.303ms
[2026-04-03T03:38:50.531+0600][20.150s][info][gc,marking     ] GC(61) Concurrent Rebuild Remembered Sets and Scrub Regions
[2026-04-03T03:38:50.542+0600][20.161s][info][gc,marking     ] GC(61) Concurrent Rebuild Remembered Sets and Scrub Regions 10.480ms
[2026-04-03T03:38:50.542+0600][20.161s][info][gc,start       ] GC(61) Pause Cleanup
[2026-04-03T03:38:50.543+0600][20.161s][info][gc             ] GC(61) Pause Cleanup 89M->89M(140M) 0.328ms
[2026-04-03T03:38:50.543+0600][20.162s][info][gc,cpu         ] GC(61) User=0.00s Sys=0.00s Real=0.00s
[2026-04-03T03:38:50.543+0600][20.162s][info][gc,marking     ] GC(61) Concurrent Clear Claimed Marks
[2026-04-03T03:38:50.543+0600][20.162s][info][gc,marking     ] GC(61) Concurrent Clear Claimed Marks 0.167ms
[2026-04-03T03:38:50.543+0600][20.162s][info][gc,marking     ] GC(61) Concurrent Cleanup for Next Mark
[2026-04-03T03:38:50.543+0600][20.162s][info][gc,marking     ] GC(61) Concurrent Cleanup for Next Mark 0.333ms
[2026-04-03T03:38:50.543+0600][20.162s][info][gc             ] GC(61) Concurrent Mark Cycle 42.426ms
[2026-04-03T03:38:50.559+0600][20.178s][info][gc,start       ] GC(62) Pause Young (Prepare Mixed) (G1 Evacuation Pause)
[2026-04-03T03:38:50.559+0600][20.178s][info][gc,task        ] GC(62) Using 3 workers of 10 for evacuation
[2026-04-03T03:38:50.561+0600][20.180s][info][gc,phases      ] GC(62)   Pre Evacuate Collection Set: 0.29ms
[2026-04-03T03:38:50.561+0600][20.180s][info][gc,phases      ] GC(62)   Merge Heap Roots: 0.12ms
[2026-04-03T03:38:50.561+0600][20.180s][info][gc,phases      ] GC(62)   Evacuate Collection Set: 0.74ms
[2026-04-03T03:38:50.561+0600][20.180s][info][gc,phases      ] GC(62)   Post Evacuate Collection Set: 0.86ms
[2026-04-03T03:38:50.561+0600][20.180s][info][gc,phases      ] GC(62)   Other: 0.09ms
[2026-04-03T03:38:50.561+0600][20.180s][info][gc,heap        ] GC(62) Eden regions: 83->0(124)
[2026-04-03T03:38:50.561+0600][20.180s][info][gc,heap        ] GC(62) Survivor regions: 1->1(11)
[2026-04-03T03:38:50.561+0600][20.180s][info][gc,heap        ] GC(62) Old regions: 33->34
[2026-04-03T03:38:50.561+0600][20.180s][info][gc,heap        ] GC(62) Humongous regions: 8->8
[2026-04-03T03:38:50.561+0600][20.180s][info][gc,metaspace   ] GC(62) Metaspace: 66476K(67584K)->66476K(67584K) NonClass: 58148K(58816K)->58148K(58816K) Class: 8328K(8768K)->8328K(8768K)
[2026-04-03T03:38:50.561+0600][20.180s][info][gc             ] GC(62) Pause Young (Prepare Mixed) (G1 Evacuation Pause) 118M->35M(209M) 2.315ms
[2026-04-03T03:38:50.561+0600][20.180s][info][gc,cpu         ] GC(62) User=0.00s Sys=0.00s Real=0.01s
[2026-04-03T03:38:50.633+0600][20.252s][info][gc,start       ] GC(63) Pause Young (Mixed) (G1 Evacuation Pause)
[2026-04-03T03:38:50.633+0600][20.252s][info][gc,task        ] GC(63) Using 5 workers of 10 for evacuation
[2026-04-03T03:38:50.636+0600][20.255s][info][gc,phases      ] GC(63)   Pre Evacuate Collection Set: 0.48ms
[2026-04-03T03:38:50.636+0600][20.255s][info][gc,phases      ] GC(63)   Merge Heap Roots: 0.23ms
[2026-04-03T03:38:50.636+0600][20.255s][info][gc,phases      ] GC(63)   Evacuate Collection Set: 0.90ms
[2026-04-03T03:38:50.636+0600][20.255s][info][gc,phases      ] GC(63)   Post Evacuate Collection Set: 0.72ms
[2026-04-03T03:38:50.636+0600][20.255s][info][gc,phases      ] GC(63)   Other: 0.10ms
[2026-04-03T03:38:50.636+0600][20.255s][info][gc,heap        ] GC(63) Eden regions: 124->0(124)
[2026-04-03T03:38:50.636+0600][20.255s][info][gc,heap        ] GC(63) Survivor regions: 1->1(16)
[2026-04-03T03:38:50.636+0600][20.255s][info][gc,heap        ] GC(63) Old regions: 34->33
[2026-04-03T03:38:50.636+0600][20.255s][info][gc,heap        ] GC(63) Humongous regions: 8->8
[2026-04-03T03:38:50.636+0600][20.255s][info][gc,metaspace   ] GC(63) Metaspace: 66476K(67584K)->66476K(67584K) NonClass: 58148K(58816K)->58148K(58816K) Class: 8328K(8768K)->8328K(8768K)
[2026-04-03T03:38:50.636+0600][20.255s][info][gc             ] GC(63) Pause Young (Mixed) (G1 Evacuation Pause) 159M->35M(209M) 2.658ms
[2026-04-03T03:38:50.636+0600][20.255s][info][gc,cpu         ] GC(63) User=0.01s Sys=0.00s Real=0.00s
[2026-04-03T03:38:50.689+0600][20.308s][info][gc,start       ] GC(64) Pause Young (Concurrent Start) (G1 Evacuation Pause)
[2026-04-03T03:38:50.689+0600][20.308s][info][gc,task        ] GC(64) Using 5 workers of 10 for evacuation
[2026-04-03T03:38:50.692+0600][20.311s][info][gc,phases      ] GC(64)   Pre Evacuate Collection Set: 0.46ms
[2026-04-03T03:38:50.692+0600][20.311s][info][gc,phases      ] GC(64)   Merge Heap Roots: 0.28ms
[2026-04-03T03:38:50.692+0600][20.311s][info][gc,phases      ] GC(64)   Evacuate Collection Set: 1.40ms
[2026-04-03T03:38:50.692+0600][20.311s][info][gc,phases      ] GC(64)   Post Evacuate Collection Set: 0.48ms
[2026-04-03T03:38:50.692+0600][20.311s][info][gc,phases      ] GC(64)   Other: 0.30ms
[2026-04-03T03:38:50.692+0600][20.311s][info][gc,heap        ] GC(64) Eden regions: 124->0(124)
[2026-04-03T03:38:50.692+0600][20.311s][info][gc,heap        ] GC(64) Survivor regions: 1->1(16)
[2026-04-03T03:38:50.692+0600][20.311s][info][gc,heap        ] GC(64) Old regions: 33->33
[2026-04-03T03:38:50.692+0600][20.311s][info][gc,heap        ] GC(64) Humongous regions: 8->8
[2026-04-03T03:38:50.692+0600][20.311s][info][gc,metaspace   ] GC(64) Metaspace: 66476K(67584K)->66476K(67584K) NonClass: 58148K(58816K)->58148K(58816K) Class: 8328K(8768K)->8328K(8768K)
[2026-04-03T03:38:50.692+0600][20.311s][info][gc             ] GC(64) Pause Young (Concurrent Start) (G1 Evacuation Pause) 159M->35M(209M) 3.104ms
[2026-04-03T03:38:50.692+0600][20.311s][info][gc,cpu         ] GC(64) User=0.01s Sys=0.00s Real=0.01s
[2026-04-03T03:38:50.692+0600][20.311s][info][gc             ] GC(65) Concurrent Mark Cycle
[2026-04-03T03:38:50.692+0600][20.311s][info][gc,marking     ] GC(65) Concurrent Scan Root Regions
[2026-04-03T03:38:50.693+0600][20.312s][info][gc,marking     ] GC(65) Concurrent Scan Root Regions 0.894ms
[2026-04-03T03:38:50.693+0600][20.312s][info][gc,marking     ] GC(65) Concurrent Mark
[2026-04-03T03:38:50.693+0600][20.312s][info][gc,marking     ] GC(65) Concurrent Mark From Roots
[2026-04-03T03:38:50.693+0600][20.312s][info][gc,task        ] GC(65) Using 3 workers of 3 for marking
[2026-04-03T03:38:50.713+0600][20.332s][info][gc,marking     ] GC(65) Concurrent Mark From Roots 19.927ms
[2026-04-03T03:38:50.713+0600][20.332s][info][gc,marking     ] GC(65) Concurrent Preclean
[2026-04-03T03:38:50.714+0600][20.332s][info][gc,marking     ] GC(65) Concurrent Preclean 0.155ms
[2026-04-03T03:38:50.714+0600][20.333s][info][gc,start       ] GC(65) Pause Remark
[2026-04-03T03:38:50.718+0600][20.337s][info][gc             ] GC(65) Pause Remark 70M->70M(140M) 4.196ms
[2026-04-03T03:38:50.718+0600][20.337s][info][gc,cpu         ] GC(65) User=0.02s Sys=0.00s Real=0.00s
[2026-04-03T03:38:50.718+0600][20.337s][info][gc,marking     ] GC(65) Concurrent Mark 24.973ms
[2026-04-03T03:38:50.718+0600][20.337s][info][gc,marking     ] GC(65) Concurrent Rebuild Remembered Sets and Scrub Regions
[2026-04-03T03:38:50.728+0600][20.347s][info][gc,marking     ] GC(65) Concurrent Rebuild Remembered Sets and Scrub Regions 9.252ms
[2026-04-03T03:38:50.728+0600][20.347s][info][gc,start       ] GC(65) Pause Cleanup
[2026-04-03T03:38:50.728+0600][20.347s][info][gc             ] GC(65) Pause Cleanup 86M->86M(140M) 0.371ms
[2026-04-03T03:38:50.728+0600][20.347s][info][gc,cpu         ] GC(65) User=0.00s Sys=0.00s Real=0.00s
[2026-04-03T03:38:50.729+0600][20.347s][info][gc,marking     ] GC(65) Concurrent Clear Claimed Marks
[2026-04-03T03:38:50.729+0600][20.348s][info][gc,marking     ] GC(65) Concurrent Clear Claimed Marks 0.208ms
[2026-04-03T03:38:50.729+0600][20.348s][info][gc,marking     ] GC(65) Concurrent Cleanup for Next Mark
[2026-04-03T03:38:50.729+0600][20.348s][info][gc,marking     ] GC(65) Concurrent Cleanup for Next Mark 0.330ms
[2026-04-03T03:38:50.729+0600][20.348s][info][gc             ] GC(65) Concurrent Mark Cycle 36.829ms
[2026-04-03T03:38:50.744+0600][20.363s][info][gc,start       ] GC(66) Pause Young (Prepare Mixed) (G1 Evacuation Pause)
[2026-04-03T03:38:50.744+0600][20.363s][info][gc,task        ] GC(66) Using 4 workers of 10 for evacuation
[2026-04-03T03:38:50.746+0600][20.365s][info][gc,phases      ] GC(66)   Pre Evacuate Collection Set: 0.24ms
[2026-04-03T03:38:50.746+0600][20.365s][info][gc,phases      ] GC(66)   Merge Heap Roots: 0.23ms
[2026-04-03T03:38:50.746+0600][20.365s][info][gc,phases      ] GC(66)   Evacuate Collection Set: 0.55ms
[2026-04-03T03:38:50.746+0600][20.365s][info][gc,phases      ] GC(66)   Post Evacuate Collection Set: 0.61ms
[2026-04-03T03:38:50.746+0600][20.365s][info][gc,phases      ] GC(66)   Other: 0.10ms
[2026-04-03T03:38:50.746+0600][20.365s][info][gc,heap        ] GC(66) Eden regions: 83->0(83)
[2026-04-03T03:38:50.746+0600][20.365s][info][gc,heap        ] GC(66) Survivor regions: 1->1(11)
[2026-04-03T03:38:50.746+0600][20.365s][info][gc,heap        ] GC(66) Old regions: 33->33
[2026-04-03T03:38:50.746+0600][20.365s][info][gc,heap        ] GC(66) Humongous regions: 8->8
[2026-04-03T03:38:50.746+0600][20.365s][info][gc,metaspace   ] GC(66) Metaspace: 66476K(67584K)->66476K(67584K) NonClass: 58148K(58816K)->58148K(58816K) Class: 8328K(8768K)->8328K(8768K)
[2026-04-03T03:38:50.746+0600][20.365s][info][gc             ] GC(66) Pause Young (Prepare Mixed) (G1 Evacuation Pause) 118M->35M(140M) 1.954ms
[2026-04-03T03:38:50.746+0600][20.365s][info][gc,cpu         ] GC(66) User=0.00s Sys=0.00s Real=0.00s
[2026-04-03T03:38:50.782+0600][20.401s][info][gc,start       ] GC(67) Pause Young (Mixed) (G1 Evacuation Pause)
[2026-04-03T03:38:50.782+0600][20.401s][info][gc,task        ] GC(67) Using 3 workers of 10 for evacuation
[2026-04-03T03:38:50.786+0600][20.404s][info][gc,phases      ] GC(67)   Pre Evacuate Collection Set: 0.40ms
[2026-04-03T03:38:50.786+0600][20.404s][info][gc,phases      ] GC(67)   Merge Heap Roots: 0.14ms
[2026-04-03T03:38:50.786+0600][20.404s][info][gc,phases      ] GC(67)   Evacuate Collection Set: 0.99ms
[2026-04-03T03:38:50.786+0600][20.404s][info][gc,phases      ] GC(67)   Post Evacuate Collection Set: 1.76ms
[2026-04-03T03:38:50.786+0600][20.404s][info][gc,phases      ] GC(67)   Other: 0.08ms
[2026-04-03T03:38:50.786+0600][20.404s][info][gc,heap        ] GC(67) Eden regions: 83->0(143)
[2026-04-03T03:38:50.786+0600][20.404s][info][gc,heap        ] GC(67) Survivor regions: 1->1(11)
[2026-04-03T03:38:50.786+0600][20.404s][info][gc,heap        ] GC(67) Old regions: 33->33
[2026-04-03T03:38:50.786+0600][20.404s][info][gc,heap        ] GC(67) Humongous regions: 8->8
[2026-04-03T03:38:50.786+0600][20.404s][info][gc,metaspace   ] GC(67) Metaspace: 66476K(67584K)->66476K(67584K) NonClass: 58148K(58816K)->58148K(58816K) Class: 8328K(8768K)->8328K(8768K)
[2026-04-03T03:38:50.786+0600][20.405s][info][gc             ] GC(67) Pause Young (Mixed) (G1 Evacuation Pause) 118M->35M(241M) 3.600ms
[2026-04-03T03:38:50.786+0600][20.405s][info][gc,cpu         ] GC(67) User=0.00s Sys=0.00s Real=0.00s
[2026-04-03T03:38:50.856+0600][20.475s][info][gc,start       ] GC(68) Pause Young (Concurrent Start) (G1 Evacuation Pause)
[2026-04-03T03:38:50.856+0600][20.475s][info][gc,task        ] GC(68) Using 5 workers of 10 for evacuation
[2026-04-03T03:38:50.858+0600][20.477s][info][gc,phases      ] GC(68)   Pre Evacuate Collection Set: 0.50ms
[2026-04-03T03:38:50.858+0600][20.477s][info][gc,phases      ] GC(68)   Merge Heap Roots: 0.12ms
[2026-04-03T03:38:50.858+0600][20.477s][info][gc,phases      ] GC(68)   Evacuate Collection Set: 0.84ms
[2026-04-03T03:38:50.858+0600][20.477s][info][gc,phases      ] GC(68)   Post Evacuate Collection Set: 0.65ms
[2026-04-03T03:38:50.858+0600][20.477s][info][gc,phases      ] GC(68)   Other: 0.15ms
[2026-04-03T03:38:50.858+0600][20.477s][info][gc,heap        ] GC(68) Eden regions: 143->0(143)
[2026-04-03T03:38:50.858+0600][20.477s][info][gc,heap        ] GC(68) Survivor regions: 1->1(18)
[2026-04-03T03:38:50.858+0600][20.477s][info][gc,heap        ] GC(68) Old regions: 33->33
[2026-04-03T03:38:50.858+0600][20.477s][info][gc,heap        ] GC(68) Humongous regions: 8->8
[2026-04-03T03:38:50.858+0600][20.477s][info][gc,metaspace   ] GC(68) Metaspace: 66476K(67584K)->66476K(67584K) NonClass: 58148K(58816K)->58148K(58816K) Class: 8328K(8768K)->8328K(8768K)
[2026-04-03T03:38:50.858+0600][20.477s][info][gc             ] GC(68) Pause Young (Concurrent Start) (G1 Evacuation Pause) 178M->35M(241M) 2.469ms
[2026-04-03T03:38:50.858+0600][20.477s][info][gc,cpu         ] GC(68) User=0.01s Sys=0.00s Real=0.00s
[2026-04-03T03:38:50.858+0600][20.477s][info][gc             ] GC(69) Concurrent Mark Cycle
[2026-04-03T03:38:50.859+0600][20.477s][info][gc,marking     ] GC(69) Concurrent Scan Root Regions
[2026-04-03T03:38:50.859+0600][20.478s][info][gc,marking     ] GC(69) Concurrent Scan Root Regions 0.796ms
[2026-04-03T03:38:50.859+0600][20.478s][info][gc,marking     ] GC(69) Concurrent Mark
[2026-04-03T03:38:50.859+0600][20.478s][info][gc,marking     ] GC(69) Concurrent Mark From Roots
[2026-04-03T03:38:50.859+0600][20.478s][info][gc,task        ] GC(69) Using 3 workers of 3 for marking
[2026-04-03T03:38:50.878+0600][20.497s][info][gc,marking     ] GC(69) Concurrent Mark From Roots 18.443ms
[2026-04-03T03:38:50.878+0600][20.497s][info][gc,marking     ] GC(69) Concurrent Preclean
[2026-04-03T03:38:50.878+0600][20.497s][info][gc,marking     ] GC(69) Concurrent Preclean 0.129ms
[2026-04-03T03:38:50.878+0600][20.497s][info][gc,start       ] GC(69) Pause Remark
[2026-04-03T03:38:50.882+0600][20.501s][info][gc             ] GC(69) Pause Remark 71M->71M(140M) 3.636ms
[2026-04-03T03:38:50.882+0600][20.501s][info][gc,cpu         ] GC(69) User=0.01s Sys=0.00s Real=0.01s
[2026-04-03T03:38:50.882+0600][20.501s][info][gc,marking     ] GC(69) Concurrent Mark 22.733ms
[2026-04-03T03:38:50.882+0600][20.501s][info][gc,marking     ] GC(69) Concurrent Rebuild Remembered Sets and Scrub Regions
[2026-04-03T03:38:50.891+0600][20.509s][info][gc,marking     ] GC(69) Concurrent Rebuild Remembered Sets and Scrub Regions 8.438ms
[2026-04-03T03:38:50.891+0600][20.510s][info][gc,start       ] GC(69) Pause Cleanup
[2026-04-03T03:38:50.891+0600][20.510s][info][gc             ] GC(69) Pause Cleanup 88M->88M(140M) 0.295ms
[2026-04-03T03:38:50.891+0600][20.510s][info][gc,cpu         ] GC(69) User=0.00s Sys=0.00s Real=0.00s
[2026-04-03T03:38:50.891+0600][20.510s][info][gc,marking     ] GC(69) Concurrent Clear Claimed Marks
[2026-04-03T03:38:50.891+0600][20.510s][info][gc,marking     ] GC(69) Concurrent Clear Claimed Marks 0.154ms
[2026-04-03T03:38:50.891+0600][20.510s][info][gc,marking     ] GC(69) Concurrent Cleanup for Next Mark
[2026-04-03T03:38:50.892+0600][20.511s][info][gc,marking     ] GC(69) Concurrent Cleanup for Next Mark 0.381ms
[2026-04-03T03:38:50.892+0600][20.511s][info][gc             ] GC(69) Concurrent Mark Cycle 33.395ms
[2026-04-03T03:38:50.909+0600][20.528s][info][gc,start       ] GC(70) Pause Young (Prepare Mixed) (G1 Evacuation Pause)
[2026-04-03T03:38:50.910+0600][20.528s][info][gc,task        ] GC(70) Using 4 workers of 10 for evacuation
[2026-04-03T03:38:50.911+0600][20.530s][info][gc,phases      ] GC(70)   Pre Evacuate Collection Set: 0.25ms
[2026-04-03T03:38:50.911+0600][20.530s][info][gc,phases      ] GC(70)   Merge Heap Roots: 0.20ms
[2026-04-03T03:38:50.911+0600][20.530s][info][gc,phases      ] GC(70)   Evacuate Collection Set: 0.58ms
[2026-04-03T03:38:50.911+0600][20.530s][info][gc,phases      ] GC(70)   Post Evacuate Collection Set: 0.63ms
[2026-04-03T03:38:50.911+0600][20.530s][info][gc,phases      ] GC(70)   Other: 0.10ms
[2026-04-03T03:38:50.911+0600][20.530s][info][gc,heap        ] GC(70) Eden regions: 93->0(83)
[2026-04-03T03:38:50.911+0600][20.530s][info][gc,heap        ] GC(70) Survivor regions: 1->1(12)
[2026-04-03T03:38:50.911+0600][20.530s][info][gc,heap        ] GC(70) Old regions: 33->33
[2026-04-03T03:38:50.911+0600][20.530s][info][gc,heap        ] GC(70) Humongous regions: 8->8
[2026-04-03T03:38:50.911+0600][20.530s][info][gc,metaspace   ] GC(70) Metaspace: 66476K(67584K)->66476K(67584K) NonClass: 58148K(58816K)->58148K(58816K) Class: 8328K(8768K)->8328K(8768K)
[2026-04-03T03:38:50.911+0600][20.530s][info][gc             ] GC(70) Pause Young (Prepare Mixed) (G1 Evacuation Pause) 128M->35M(140M) 1.994ms
[2026-04-03T03:38:50.911+0600][20.530s][info][gc,cpu         ] GC(70) User=0.01s Sys=0.00s Real=0.01s
[2026-04-03T03:38:50.948+0600][20.567s][info][gc,start       ] GC(71) Pause Young (Mixed) (G1 Evacuation Pause)
[2026-04-03T03:38:50.948+0600][20.567s][info][gc,task        ] GC(71) Using 3 workers of 10 for evacuation
[2026-04-03T03:38:50.950+0600][20.569s][info][gc,phases      ] GC(71)   Pre Evacuate Collection Set: 0.14ms
[2026-04-03T03:38:50.950+0600][20.569s][info][gc,phases      ] GC(71)   Merge Heap Roots: 0.08ms
[2026-04-03T03:38:50.950+0600][20.569s][info][gc,phases      ] GC(71)   Evacuate Collection Set: 0.85ms
[2026-04-03T03:38:50.950+0600][20.569s][info][gc,phases      ] GC(71)   Post Evacuate Collection Set: 0.42ms
[2026-04-03T03:38:50.950+0600][20.569s][info][gc,phases      ] GC(71)   Other: 0.07ms
[2026-04-03T03:38:50.950+0600][20.569s][info][gc,heap        ] GC(71) Eden regions: 83->0(83)
[2026-04-03T03:38:50.950+0600][20.569s][info][gc,heap        ] GC(71) Survivor regions: 1->1(11)
[2026-04-03T03:38:50.950+0600][20.569s][info][gc,heap        ] GC(71) Old regions: 33->33
[2026-04-03T03:38:50.950+0600][20.569s][info][gc,heap        ] GC(71) Humongous regions: 8->8
[2026-04-03T03:38:50.950+0600][20.569s][info][gc,metaspace   ] GC(71) Metaspace: 66476K(67584K)->66476K(67584K) NonClass: 58148K(58816K)->58148K(58816K) Class: 8328K(8768K)->8328K(8768K)
[2026-04-03T03:38:50.950+0600][20.569s][info][gc             ] GC(71) Pause Young (Mixed) (G1 Evacuation Pause) 118M->35M(140M) 1.752ms
[2026-04-03T03:38:50.950+0600][20.569s][info][gc,cpu         ] GC(71) User=0.01s Sys=0.00s Real=0.01s
[2026-04-03T03:38:50.994+0600][20.613s][info][gc,start       ] GC(72) Pause Young (Concurrent Start) (G1 Evacuation Pause)
[2026-04-03T03:38:50.994+0600][20.613s][info][gc,task        ] GC(72) Using 3 workers of 10 for evacuation
[2026-04-03T03:38:50.997+0600][20.616s][info][gc,phases      ] GC(72)   Pre Evacuate Collection Set: 0.35ms
[2026-04-03T03:38:50.997+0600][20.616s][info][gc,phases      ] GC(72)   Merge Heap Roots: 0.11ms
[2026-04-03T03:38:50.997+0600][20.616s][info][gc,phases      ] GC(72)   Evacuate Collection Set: 0.92ms
[2026-04-03T03:38:50.997+0600][20.616s][info][gc,phases      ] GC(72)   Post Evacuate Collection Set: 1.16ms
[2026-04-03T03:38:50.997+0600][20.616s][info][gc,phases      ] GC(72)   Other: 0.14ms
[2026-04-03T03:38:50.997+0600][20.616s][info][gc,heap        ] GC(72) Eden regions: 83->0(135)
[2026-04-03T03:38:50.997+0600][20.616s][info][gc,heap        ] GC(72) Survivor regions: 1->1(11)
[2026-04-03T03:38:50.997+0600][20.616s][info][gc,heap        ] GC(72) Old regions: 33->33
[2026-04-03T03:38:50.997+0600][20.616s][info][gc,heap        ] GC(72) Humongous regions: 8->8
[2026-04-03T03:38:50.997+0600][20.616s][info][gc,metaspace   ] GC(72) Metaspace: 66478K(67584K)->66478K(67584K) NonClass: 58149K(58816K)->58149K(58816K) Class: 8328K(8768K)->8328K(8768K)
[2026-04-03T03:38:50.997+0600][20.616s][info][gc             ] GC(72) Pause Young (Concurrent Start) (G1 Evacuation Pause) 118M->35M(227M) 2.878ms
[2026-04-03T03:38:50.997+0600][20.616s][info][gc,cpu         ] GC(72) User=0.00s Sys=0.00s Real=0.00s
[2026-04-03T03:38:50.997+0600][20.616s][info][gc             ] GC(73) Concurrent Mark Cycle
[2026-04-03T03:38:50.997+0600][20.616s][info][gc,marking     ] GC(73) Concurrent Scan Root Regions
[2026-04-03T03:38:50.998+0600][20.617s][info][gc,marking     ] GC(73) Concurrent Scan Root Regions 0.818ms
[2026-04-03T03:38:50.998+0600][20.617s][info][gc,marking     ] GC(73) Concurrent Mark
[2026-04-03T03:38:50.998+0600][20.617s][info][gc,marking     ] GC(73) Concurrent Mark From Roots
[2026-04-03T03:38:50.998+0600][20.617s][info][gc,task        ] GC(73) Using 3 workers of 3 for marking
[2026-04-03T03:38:51.018+0600][20.637s][info][gc,marking     ] GC(73) Concurrent Mark From Roots 20.608ms
[2026-04-03T03:38:51.019+0600][20.637s][info][gc,marking     ] GC(73) Concurrent Preclean
[2026-04-03T03:38:51.019+0600][20.638s][info][gc,marking     ] GC(73) Concurrent Preclean 0.179ms
[2026-04-03T03:38:51.019+0600][20.638s][info][gc,start       ] GC(73) Pause Remark
[2026-04-03T03:38:51.024+0600][20.643s][info][gc             ] GC(73) Pause Remark 67M->67M(140M) 5.152ms
[2026-04-03T03:38:51.024+0600][20.643s][info][gc,cpu         ] GC(73) User=0.01s Sys=0.00s Real=0.01s
[2026-04-03T03:38:51.024+0600][20.643s][info][gc,marking     ] GC(73) Concurrent Mark 26.400ms
[2026-04-03T03:38:51.024+0600][20.643s][info][gc,marking     ] GC(73) Concurrent Rebuild Remembered Sets and Scrub Regions
[2026-04-03T03:38:51.034+0600][20.653s][info][gc,marking     ] GC(73) Concurrent Rebuild Remembered Sets and Scrub Regions 9.483ms
[2026-04-03T03:38:51.034+0600][20.653s][info][gc,start       ] GC(73) Pause Cleanup
[2026-04-03T03:38:51.034+0600][20.653s][info][gc             ] GC(73) Pause Cleanup 84M->84M(140M) 0.240ms
[2026-04-03T03:38:51.034+0600][20.653s][info][gc,cpu         ] GC(73) User=0.01s Sys=0.00s Real=0.00s
[2026-04-03T03:38:51.034+0600][20.653s][info][gc,marking     ] GC(73) Concurrent Clear Claimed Marks
[2026-04-03T03:38:51.035+0600][20.653s][info][gc,marking     ] GC(73) Concurrent Clear Claimed Marks 0.143ms
[2026-04-03T03:38:51.035+0600][20.653s][info][gc,marking     ] GC(73) Concurrent Cleanup for Next Mark
[2026-04-03T03:38:51.035+0600][20.654s][info][gc,marking     ] GC(73) Concurrent Cleanup for Next Mark 0.301ms
[2026-04-03T03:38:51.035+0600][20.654s][info][gc             ] GC(73) Concurrent Mark Cycle 38.042ms
[2026-04-03T03:38:51.050+0600][20.669s][info][gc,start       ] GC(74) Pause Young (Prepare Mixed) (G1 Evacuation Pause)
[2026-04-03T03:38:51.050+0600][20.669s][info][gc,task        ] GC(74) Using 3 workers of 10 for evacuation
[2026-04-03T03:38:51.052+0600][20.671s][info][gc,phases      ] GC(74)   Pre Evacuate Collection Set: 0.35ms
[2026-04-03T03:38:51.052+0600][20.671s][info][gc,phases      ] GC(74)   Merge Heap Roots: 0.17ms
[2026-04-03T03:38:51.052+0600][20.671s][info][gc,phases      ] GC(74)   Evacuate Collection Set: 0.61ms
[2026-04-03T03:38:51.052+0600][20.671s][info][gc,phases      ] GC(74)   Post Evacuate Collection Set: 0.60ms
[2026-04-03T03:38:51.052+0600][20.671s][info][gc,phases      ] GC(74)   Other: 0.09ms
[2026-04-03T03:38:51.052+0600][20.671s][info][gc,heap        ] GC(74) Eden regions: 83->0(83)
[2026-04-03T03:38:51.052+0600][20.671s][info][gc,heap        ] GC(74) Survivor regions: 1->1(11)
[2026-04-03T03:38:51.052+0600][20.671s][info][gc,heap        ] GC(74) Old regions: 33->33
[2026-04-03T03:38:51.052+0600][20.671s][info][gc,heap        ] GC(74) Humongous regions: 8->8
[2026-04-03T03:38:51.052+0600][20.671s][info][gc,metaspace   ] GC(74) Metaspace: 66478K(67584K)->66478K(67584K) NonClass: 58149K(58816K)->58149K(58816K) Class: 8328K(8768K)->8328K(8768K)
[2026-04-03T03:38:51.052+0600][20.671s][info][gc             ] GC(74) Pause Young (Prepare Mixed) (G1 Evacuation Pause) 118M->35M(140M) 2.022ms
[2026-04-03T03:38:51.052+0600][20.671s][info][gc,cpu         ] GC(74) User=0.01s Sys=0.00s Real=0.00s
[2026-04-03T03:38:51.089+0600][20.707s][info][gc,start       ] GC(75) Pause Young (Mixed) (G1 Evacuation Pause)
[2026-04-03T03:38:51.089+0600][20.707s][info][gc,task        ] GC(75) Using 3 workers of 10 for evacuation
[2026-04-03T03:38:51.091+0600][20.710s][info][gc,phases      ] GC(75)   Pre Evacuate Collection Set: 0.29ms
[2026-04-03T03:38:51.091+0600][20.710s][info][gc,phases      ] GC(75)   Merge Heap Roots: 0.25ms
[2026-04-03T03:38:51.091+0600][20.710s][info][gc,phases      ] GC(75)   Evacuate Collection Set: 0.99ms
[2026-04-03T03:38:51.091+0600][20.710s][info][gc,phases      ] GC(75)   Post Evacuate Collection Set: 0.76ms
[2026-04-03T03:38:51.091+0600][20.710s][info][gc,phases      ] GC(75)   Other: 0.07ms
[2026-04-03T03:38:51.091+0600][20.710s][info][gc,heap        ] GC(75) Eden regions: 83->0(83)
[2026-04-03T03:38:51.091+0600][20.710s][info][gc,heap        ] GC(75) Survivor regions: 1->1(11)
[2026-04-03T03:38:51.091+0600][20.710s][info][gc,heap        ] GC(75) Old regions: 33->33
[2026-04-03T03:38:51.091+0600][20.710s][info][gc,heap        ] GC(75) Humongous regions: 8->8
[2026-04-03T03:38:51.091+0600][20.710s][info][gc,metaspace   ] GC(75) Metaspace: 66478K(67584K)->66478K(67584K) NonClass: 58149K(58816K)->58149K(58816K) Class: 8328K(8768K)->8328K(8768K)
[2026-04-03T03:38:51.091+0600][20.710s][info][gc             ] GC(75) Pause Young (Mixed) (G1 Evacuation Pause) 118M->35M(140M) 2.576ms
[2026-04-03T03:38:51.091+0600][20.710s][info][gc,cpu         ] GC(75) User=0.00s Sys=0.00s Real=0.01s
[2026-04-03T03:38:51.127+0600][20.746s][info][gc,start       ] GC(76) Pause Young (Concurrent Start) (G1 Evacuation Pause)
[2026-04-03T03:38:51.127+0600][20.746s][info][gc,task        ] GC(76) Using 3 workers of 10 for evacuation
[2026-04-03T03:38:51.130+0600][20.748s][info][gc,phases      ] GC(76)   Pre Evacuate Collection Set: 0.33ms
[2026-04-03T03:38:51.130+0600][20.748s][info][gc,phases      ] GC(76)   Merge Heap Roots: 0.21ms
[2026-04-03T03:38:51.130+0600][20.748s][info][gc,phases      ] GC(76)   Evacuate Collection Set: 0.97ms
[2026-04-03T03:38:51.130+0600][20.748s][info][gc,phases      ] GC(76)   Post Evacuate Collection Set: 0.47ms
[2026-04-03T03:38:51.130+0600][20.748s][info][gc,phases      ] GC(76)   Other: 0.26ms
[2026-04-03T03:38:51.130+0600][20.748s][info][gc,heap        ] GC(76) Eden regions: 83->0(83)
[2026-04-03T03:38:51.130+0600][20.749s][info][gc,heap        ] GC(76) Survivor regions: 1->1(11)
[2026-04-03T03:38:51.130+0600][20.749s][info][gc,heap        ] GC(76) Old regions: 33->33
[2026-04-03T03:38:51.130+0600][20.749s][info][gc,heap        ] GC(76) Humongous regions: 8->8
[2026-04-03T03:38:51.130+0600][20.749s][info][gc,metaspace   ] GC(76) Metaspace: 66478K(67584K)->66478K(67584K) NonClass: 58149K(58816K)->58149K(58816K) Class: 8328K(8768K)->8328K(8768K)
[2026-04-03T03:38:51.130+0600][20.749s][info][gc             ] GC(76) Pause Young (Concurrent Start) (G1 Evacuation Pause) 118M->35M(140M) 2.446ms
[2026-04-03T03:38:51.130+0600][20.749s][info][gc,cpu         ] GC(76) User=0.01s Sys=0.00s Real=0.01s
[2026-04-03T03:38:51.130+0600][20.749s][info][gc             ] GC(77) Concurrent Mark Cycle
[2026-04-03T03:38:51.130+0600][20.749s][info][gc,marking     ] GC(77) Concurrent Scan Root Regions
[2026-04-03T03:38:51.131+0600][20.750s][info][gc,marking     ] GC(77) Concurrent Scan Root Regions 0.880ms
[2026-04-03T03:38:51.131+0600][20.750s][info][gc,marking     ] GC(77) Concurrent Mark
[2026-04-03T03:38:51.131+0600][20.750s][info][gc,marking     ] GC(77) Concurrent Mark From Roots
[2026-04-03T03:38:51.131+0600][20.750s][info][gc,task        ] GC(77) Using 3 workers of 3 for marking
[2026-04-03T03:38:51.150+0600][20.769s][info][gc,marking     ] GC(77) Concurrent Mark From Roots 18.973ms
[2026-04-03T03:38:51.150+0600][20.769s][info][gc,marking     ] GC(77) Concurrent Preclean
[2026-04-03T03:38:51.150+0600][20.769s][info][gc,marking     ] GC(77) Concurrent Preclean 0.120ms
[2026-04-03T03:38:51.150+0600][20.769s][info][gc,start       ] GC(77) Pause Remark
[2026-04-03T03:38:51.155+0600][20.774s][info][gc             ] GC(77) Pause Remark 72M->72M(140M) 5.105ms
[2026-04-03T03:38:51.155+0600][20.774s][info][gc,cpu         ] GC(77) User=0.01s Sys=0.00s Real=0.00s
[2026-04-03T03:38:51.155+0600][20.774s][info][gc,marking     ] GC(77) Concurrent Mark 24.674ms
[2026-04-03T03:38:51.156+0600][20.774s][info][gc,marking     ] GC(77) Concurrent Rebuild Remembered Sets and Scrub Regions
[2026-04-03T03:38:51.164+0600][20.783s][info][gc,marking     ] GC(77) Concurrent Rebuild Remembered Sets and Scrub Regions 8.483ms
[2026-04-03T03:38:51.164+0600][20.783s][info][gc,start       ] GC(77) Pause Cleanup
[2026-04-03T03:38:51.165+0600][20.783s][info][gc             ] GC(77) Pause Cleanup 87M->87M(140M) 0.304ms
[2026-04-03T03:38:51.165+0600][20.783s][info][gc,cpu         ] GC(77) User=0.00s Sys=0.00s Real=0.00s
[2026-04-03T03:38:51.165+0600][20.784s][info][gc,marking     ] GC(77) Concurrent Clear Claimed Marks
[2026-04-03T03:38:51.165+0600][20.784s][info][gc,marking     ] GC(77) Concurrent Clear Claimed Marks 0.145ms
[2026-04-03T03:38:51.165+0600][20.784s][info][gc,marking     ] GC(77) Concurrent Cleanup for Next Mark
[2026-04-03T03:38:51.165+0600][20.784s][info][gc,marking     ] GC(77) Concurrent Cleanup for Next Mark 0.237ms
[2026-04-03T03:38:51.165+0600][20.784s][info][gc             ] GC(77) Concurrent Mark Cycle 35.384ms
[2026-04-03T03:38:51.180+0600][20.798s][info][gc,start       ] GC(78) Pause Young (Prepare Mixed) (G1 Evacuation Pause)
[2026-04-03T03:38:51.180+0600][20.798s][info][gc,task        ] GC(78) Using 3 workers of 10 for evacuation
[2026-04-03T03:38:51.182+0600][20.801s][info][gc,phases      ] GC(78)   Pre Evacuate Collection Set: 0.29ms
[2026-04-03T03:38:51.182+0600][20.801s][info][gc,phases      ] GC(78)   Merge Heap Roots: 0.26ms
[2026-04-03T03:38:51.182+0600][20.801s][info][gc,phases      ] GC(78)   Evacuate Collection Set: 0.62ms
[2026-04-03T03:38:51.182+0600][20.801s][info][gc,phases      ] GC(78)   Post Evacuate Collection Set: 1.11ms
[2026-04-03T03:38:51.182+0600][20.801s][info][gc,phases      ] GC(78)   Other: 0.08ms
[2026-04-03T03:38:51.182+0600][20.801s][info][gc,heap        ] GC(78) Eden regions: 83->0(124)
[2026-04-03T03:38:51.182+0600][20.801s][info][gc,heap        ] GC(78) Survivor regions: 1->1(11)
[2026-04-03T03:38:51.182+0600][20.801s][info][gc,heap        ] GC(78) Old regions: 33->34
[2026-04-03T03:38:51.182+0600][20.801s][info][gc,heap        ] GC(78) Humongous regions: 8->8
[2026-04-03T03:38:51.182+0600][20.801s][info][gc,metaspace   ] GC(78) Metaspace: 66478K(67584K)->66478K(67584K) NonClass: 58149K(58816K)->58149K(58816K) Class: 8328K(8768K)->8328K(8768K)
[2026-04-03T03:38:51.182+0600][20.801s][info][gc             ] GC(78) Pause Young (Prepare Mixed) (G1 Evacuation Pause) 118M->35M(209M) 2.544ms
[2026-04-03T03:38:51.182+0600][20.801s][info][gc,cpu         ] GC(78) User=0.01s Sys=0.00s Real=0.01s
[2026-04-03T03:38:51.253+0600][20.872s][info][gc,start       ] GC(79) Pause Young (Mixed) (G1 Evacuation Pause)
[2026-04-03T03:38:51.253+0600][20.872s][info][gc,task        ] GC(79) Using 5 workers of 10 for evacuation
[2026-04-03T03:38:51.255+0600][20.874s][info][gc,phases      ] GC(79)   Pre Evacuate Collection Set: 0.29ms
[2026-04-03T03:38:51.255+0600][20.874s][info][gc,phases      ] GC(79)   Merge Heap Roots: 0.17ms
[2026-04-03T03:38:51.255+0600][20.874s][info][gc,phases      ] GC(79)   Evacuate Collection Set: 0.79ms
[2026-04-03T03:38:51.255+0600][20.874s][info][gc,phases      ] GC(79)   Post Evacuate Collection Set: 0.73ms
[2026-04-03T03:38:51.255+0600][20.874s][info][gc,phases      ] GC(79)   Other: 0.08ms
[2026-04-03T03:38:51.255+0600][20.874s][info][gc,heap        ] GC(79) Eden regions: 124->0(124)
[2026-04-03T03:38:51.255+0600][20.874s][info][gc,heap        ] GC(79) Survivor regions: 1->1(16)
[2026-04-03T03:38:51.255+0600][20.874s][info][gc,heap        ] GC(79) Old regions: 34->33
[2026-04-03T03:38:51.255+0600][20.874s][info][gc,heap        ] GC(79) Humongous regions: 8->8
[2026-04-03T03:38:51.255+0600][20.874s][info][gc,metaspace   ] GC(79) Metaspace: 66478K(67584K)->66478K(67584K) NonClass: 58149K(58816K)->58149K(58816K) Class: 8328K(8768K)->8328K(8768K)
[2026-04-03T03:38:51.255+0600][20.874s][info][gc             ] GC(79) Pause Young (Mixed) (G1 Evacuation Pause) 159M->35M(209M) 2.279ms
[2026-04-03T03:38:51.255+0600][20.874s][info][gc,cpu         ] GC(79) User=0.00s Sys=0.00s Real=0.00s
[2026-04-03T03:38:51.308+0600][20.927s][info][gc,start       ] GC(80) Pause Young (Concurrent Start) (G1 Evacuation Pause)
[2026-04-03T03:38:51.308+0600][20.927s][info][gc,task        ] GC(80) Using 5 workers of 10 for evacuation
[2026-04-03T03:38:51.311+0600][20.930s][info][gc,phases      ] GC(80)   Pre Evacuate Collection Set: 0.26ms
[2026-04-03T03:38:51.311+0600][20.930s][info][gc,phases      ] GC(80)   Merge Heap Roots: 0.24ms
[2026-04-03T03:38:51.311+0600][20.930s][info][gc,phases      ] GC(80)   Evacuate Collection Set: 1.00ms
[2026-04-03T03:38:51.311+0600][20.930s][info][gc,phases      ] GC(80)   Post Evacuate Collection Set: 0.84ms
[2026-04-03T03:38:51.311+0600][20.930s][info][gc,phases      ] GC(80)   Other: 0.40ms
[2026-04-03T03:38:51.311+0600][20.930s][info][gc,heap        ] GC(80) Eden regions: 124->0(124)
[2026-04-03T03:38:51.311+0600][20.930s][info][gc,heap        ] GC(80) Survivor regions: 1->1(16)
[2026-04-03T03:38:51.311+0600][20.930s][info][gc,heap        ] GC(80) Old regions: 33->33
[2026-04-03T03:38:51.311+0600][20.930s][info][gc,heap        ] GC(80) Humongous regions: 8->8
[2026-04-03T03:38:51.311+0600][20.930s][info][gc,metaspace   ] GC(80) Metaspace: 66478K(67584K)->66478K(67584K) NonClass: 58149K(58816K)->58149K(58816K) Class: 8328K(8768K)->8328K(8768K)
[2026-04-03T03:38:51.311+0600][20.930s][info][gc             ] GC(80) Pause Young (Concurrent Start) (G1 Evacuation Pause) 159M->35M(209M) 2.972ms
[2026-04-03T03:38:51.311+0600][20.930s][info][gc,cpu         ] GC(80) User=0.00s Sys=0.00s Real=0.01s
[2026-04-03T03:38:51.311+0600][20.930s][info][gc             ] GC(81) Concurrent Mark Cycle
[2026-04-03T03:38:51.312+0600][20.930s][info][gc,marking     ] GC(81) Concurrent Scan Root Regions
[2026-04-03T03:38:51.312+0600][20.931s][info][gc,marking     ] GC(81) Concurrent Scan Root Regions 0.714ms
[2026-04-03T03:38:51.312+0600][20.931s][info][gc,marking     ] GC(81) Concurrent Mark
[2026-04-03T03:38:51.312+0600][20.931s][info][gc,marking     ] GC(81) Concurrent Mark From Roots
[2026-04-03T03:38:51.312+0600][20.931s][info][gc,task        ] GC(81) Using 3 workers of 3 for marking
[2026-04-03T03:38:51.331+0600][20.949s][info][gc,marking     ] GC(81) Concurrent Mark From Roots 18.339ms
[2026-04-03T03:38:51.331+0600][20.949s][info][gc,marking     ] GC(81) Concurrent Preclean
[2026-04-03T03:38:51.331+0600][20.950s][info][gc,marking     ] GC(81) Concurrent Preclean 0.131ms
[2026-04-03T03:38:51.331+0600][20.950s][info][gc,start       ] GC(81) Pause Remark
[2026-04-03T03:38:51.335+0600][20.954s][info][gc             ] GC(81) Pause Remark 63M->63M(140M) 3.910ms
[2026-04-03T03:38:51.335+0600][20.954s][info][gc,cpu         ] GC(81) User=0.01s Sys=0.00s Real=0.00s
[2026-04-03T03:38:51.335+0600][20.954s][info][gc,marking     ] GC(81) Concurrent Mark 22.961ms
[2026-04-03T03:38:51.335+0600][20.954s][info][gc,marking     ] GC(81) Concurrent Rebuild Remembered Sets and Scrub Regions
[2026-04-03T03:38:51.343+0600][20.962s][info][gc,marking     ] GC(81) Concurrent Rebuild Remembered Sets and Scrub Regions 7.789ms
[2026-04-03T03:38:51.343+0600][20.962s][info][gc,start       ] GC(81) Pause Cleanup
[2026-04-03T03:38:51.344+0600][20.963s][info][gc             ] GC(81) Pause Cleanup 72M->72M(140M) 0.232ms
[2026-04-03T03:38:51.344+0600][20.963s][info][gc,cpu         ] GC(81) User=0.00s Sys=0.00s Real=0.00s
[2026-04-03T03:38:51.344+0600][20.963s][info][gc,marking     ] GC(81) Concurrent Clear Claimed Marks
[2026-04-03T03:38:51.344+0600][20.963s][info][gc,marking     ] GC(81) Concurrent Clear Claimed Marks 0.182ms
[2026-04-03T03:38:51.344+0600][20.963s][info][gc,marking     ] GC(81) Concurrent Cleanup for Next Mark
[2026-04-03T03:38:51.344+0600][20.963s][info][gc,marking     ] GC(81) Concurrent Cleanup for Next Mark 0.250ms
[2026-04-03T03:38:51.344+0600][20.963s][info][gc             ] GC(81) Concurrent Mark Cycle 32.930ms
[2026-04-03T03:38:51.367+0600][20.986s][info][gc,start       ] GC(82) Pause Young (Prepare Mixed) (G1 Evacuation Pause)
[2026-04-03T03:38:51.368+0600][20.986s][info][gc,task        ] GC(82) Using 4 workers of 10 for evacuation
[2026-04-03T03:38:51.370+0600][20.988s][info][gc,phases      ] GC(82)   Pre Evacuate Collection Set: 0.29ms
[2026-04-03T03:38:51.370+0600][20.988s][info][gc,phases      ] GC(82)   Merge Heap Roots: 0.21ms
[2026-04-03T03:38:51.370+0600][20.988s][info][gc,phases      ] GC(82)   Evacuate Collection Set: 0.58ms
[2026-04-03T03:38:51.370+0600][20.988s][info][gc,phases      ] GC(82)   Post Evacuate Collection Set: 0.85ms
[2026-04-03T03:38:51.370+0600][20.988s][info][gc,phases      ] GC(82)   Other: 0.10ms
[2026-04-03T03:38:51.370+0600][20.989s][info][gc,heap        ] GC(82) Eden regions: 83->0(83)
[2026-04-03T03:38:51.370+0600][20.989s][info][gc,heap        ] GC(82) Survivor regions: 1->1(11)
[2026-04-03T03:38:51.370+0600][20.989s][info][gc,heap        ] GC(82) Old regions: 33->33
[2026-04-03T03:38:51.370+0600][20.989s][info][gc,heap        ] GC(82) Humongous regions: 8->8
[2026-04-03T03:38:51.370+0600][20.989s][info][gc,metaspace   ] GC(82) Metaspace: 66478K(67584K)->66478K(67584K) NonClass: 58150K(58816K)->58150K(58816K) Class: 8328K(8768K)->8328K(8768K)
[2026-04-03T03:38:51.370+0600][20.989s][info][gc             ] GC(82) Pause Young (Prepare Mixed) (G1 Evacuation Pause) 118M->35M(140M) 2.386ms
[2026-04-03T03:38:51.370+0600][20.989s][info][gc,cpu         ] GC(82) User=0.01s Sys=0.01s Real=0.01s
[2026-04-03T03:38:51.407+0600][21.026s][info][gc,start       ] GC(83) Pause Young (Mixed) (G1 Evacuation Pause)
[2026-04-03T03:38:51.408+0600][21.026s][info][gc,task        ] GC(83) Using 3 workers of 10 for evacuation
[2026-04-03T03:38:51.411+0600][21.030s][info][gc,phases      ] GC(83)   Pre Evacuate Collection Set: 0.33ms
[2026-04-03T03:38:51.411+0600][21.030s][info][gc,phases      ] GC(83)   Merge Heap Roots: 0.23ms
[2026-04-03T03:38:51.411+0600][21.030s][info][gc,phases      ] GC(83)   Evacuate Collection Set: 0.98ms
[2026-04-03T03:38:51.411+0600][21.030s][info][gc,phases      ] GC(83)   Post Evacuate Collection Set: 1.51ms
[2026-04-03T03:38:51.411+0600][21.030s][info][gc,phases      ] GC(83)   Other: 0.22ms
[2026-04-03T03:38:51.411+0600][21.030s][info][gc,heap        ] GC(83) Eden regions: 83->0(141)
[2026-04-03T03:38:51.411+0600][21.030s][info][gc,heap        ] GC(83) Survivor regions: 1->1(11)
[2026-04-03T03:38:51.411+0600][21.030s][info][gc,heap        ] GC(83) Old regions: 33->33
[2026-04-03T03:38:51.411+0600][21.030s][info][gc,heap        ] GC(83) Humongous regions: 8->8
[2026-04-03T03:38:51.411+0600][21.030s][info][gc,metaspace   ] GC(83) Metaspace: 66478K(67584K)->66478K(67584K) NonClass: 58150K(58816K)->58150K(58816K) Class: 8328K(8768K)->8328K(8768K)
[2026-04-03T03:38:51.411+0600][21.030s][info][gc             ] GC(83) Pause Young (Mixed) (G1 Evacuation Pause) 118M->35M(237M) 3.524ms
[2026-04-03T03:38:51.411+0600][21.030s][info][gc,cpu         ] GC(83) User=0.01s Sys=0.00s Real=0.01s
[2026-04-03T03:38:51.480+0600][21.098s][info][gc,start       ] GC(84) Pause Young (Concurrent Start) (G1 Evacuation Pause)
[2026-04-03T03:38:51.480+0600][21.099s][info][gc,task        ] GC(84) Using 5 workers of 10 for evacuation
[2026-04-03T03:38:51.483+0600][21.102s][info][gc,phases      ] GC(84)   Pre Evacuate Collection Set: 0.34ms
[2026-04-03T03:38:51.483+0600][21.102s][info][gc,phases      ] GC(84)   Merge Heap Roots: 0.20ms
[2026-04-03T03:38:51.483+0600][21.102s][info][gc,phases      ] GC(84)   Evacuate Collection Set: 1.42ms
[2026-04-03T03:38:51.483+0600][21.102s][info][gc,phases      ] GC(84)   Post Evacuate Collection Set: 0.70ms
[2026-04-03T03:38:51.483+0600][21.102s][info][gc,phases      ] GC(84)   Other: 0.34ms
[2026-04-03T03:38:51.483+0600][21.102s][info][gc,heap        ] GC(84) Eden regions: 141->0(141)
[2026-04-03T03:38:51.483+0600][21.102s][info][gc,heap        ] GC(84) Survivor regions: 1->1(18)
[2026-04-03T03:38:51.483+0600][21.102s][info][gc,heap        ] GC(84) Old regions: 33->33
[2026-04-03T03:38:51.483+0600][21.102s][info][gc,heap        ] GC(84) Humongous regions: 8->8
[2026-04-03T03:38:51.483+0600][21.102s][info][gc,metaspace   ] GC(84) Metaspace: 66478K(67584K)->66478K(67584K) NonClass: 58150K(58816K)->58150K(58816K) Class: 8328K(8768K)->8328K(8768K)
[2026-04-03T03:38:51.483+0600][21.102s][info][gc             ] GC(84) Pause Young (Concurrent Start) (G1 Evacuation Pause) 176M->35M(237M) 3.267ms
[2026-04-03T03:38:51.483+0600][21.102s][info][gc,cpu         ] GC(84) User=0.01s Sys=0.01s Real=0.01s
[2026-04-03T03:38:51.483+0600][21.102s][info][gc             ] GC(85) Concurrent Mark Cycle
[2026-04-03T03:38:51.483+0600][21.102s][info][gc,marking     ] GC(85) Concurrent Scan Root Regions
[2026-04-03T03:38:51.484+0600][21.102s][info][gc,marking     ] GC(85) Concurrent Scan Root Regions 0.603ms
[2026-04-03T03:38:51.484+0600][21.103s][info][gc,marking     ] GC(85) Concurrent Mark
[2026-04-03T03:38:51.484+0600][21.103s][info][gc,marking     ] GC(85) Concurrent Mark From Roots
[2026-04-03T03:38:51.484+0600][21.103s][info][gc,task        ] GC(85) Using 3 workers of 3 for marking
[2026-04-03T03:38:51.502+0600][21.120s][info][gc,marking     ] GC(85) Concurrent Mark From Roots 17.935ms
[2026-04-03T03:38:51.502+0600][21.121s][info][gc,marking     ] GC(85) Concurrent Preclean
[2026-04-03T03:38:51.502+0600][21.121s][info][gc,marking     ] GC(85) Concurrent Preclean 0.113ms
[2026-04-03T03:38:51.502+0600][21.121s][info][gc,start       ] GC(85) Pause Remark
[2026-04-03T03:38:51.506+0600][21.125s][info][gc             ] GC(85) Pause Remark 63M->63M(140M) 4.292ms
[2026-04-03T03:38:51.506+0600][21.125s][info][gc,cpu         ] GC(85) User=0.01s Sys=0.00s Real=0.00s
[2026-04-03T03:38:51.507+0600][21.125s][info][gc,marking     ] GC(85) Concurrent Mark 22.891ms
[2026-04-03T03:38:51.507+0600][21.125s][info][gc,marking     ] GC(85) Concurrent Rebuild Remembered Sets and Scrub Regions
[2026-04-03T03:38:51.515+0600][21.134s][info][gc,marking     ] GC(85) Concurrent Rebuild Remembered Sets and Scrub Regions 8.077ms
[2026-04-03T03:38:51.515+0600][21.134s][info][gc,start       ] GC(85) Pause Cleanup
[2026-04-03T03:38:51.515+0600][21.134s][info][gc             ] GC(85) Pause Cleanup 77M->77M(140M) 0.309ms
[2026-04-03T03:38:51.515+0600][21.134s][info][gc,cpu         ] GC(85) User=0.00s Sys=0.00s Real=0.00s
[2026-04-03T03:38:51.516+0600][21.134s][info][gc,marking     ] GC(85) Concurrent Clear Claimed Marks
[2026-04-03T03:38:51.516+0600][21.135s][info][gc,marking     ] GC(85) Concurrent Clear Claimed Marks 0.229ms
[2026-04-03T03:38:51.516+0600][21.135s][info][gc,marking     ] GC(85) Concurrent Cleanup for Next Mark
[2026-04-03T03:38:51.516+0600][21.135s][info][gc,marking     ] GC(85) Concurrent Cleanup for Next Mark 0.224ms
[2026-04-03T03:38:51.516+0600][21.135s][info][gc             ] GC(85) Concurrent Mark Cycle 33.087ms
[2026-04-03T03:38:51.536+0600][21.155s][info][gc,start       ] GC(86) Pause Young (Prepare Mixed) (G1 Evacuation Pause)
[2026-04-03T03:38:51.536+0600][21.155s][info][gc,task        ] GC(86) Using 4 workers of 10 for evacuation
[2026-04-03T03:38:51.538+0600][21.156s][info][gc,phases      ] GC(86)   Pre Evacuate Collection Set: 0.27ms
[2026-04-03T03:38:51.538+0600][21.156s][info][gc,phases      ] GC(86)   Merge Heap Roots: 0.17ms
[2026-04-03T03:38:51.538+0600][21.156s][info][gc,phases      ] GC(86)   Evacuate Collection Set: 0.56ms
[2026-04-03T03:38:51.538+0600][21.156s][info][gc,phases      ] GC(86)   Post Evacuate Collection Set: 0.51ms
[2026-04-03T03:38:51.538+0600][21.156s][info][gc,phases      ] GC(86)   Other: 0.09ms
[2026-04-03T03:38:51.538+0600][21.156s][info][gc,heap        ] GC(86) Eden regions: 83->0(83)
[2026-04-03T03:38:51.538+0600][21.156s][info][gc,heap        ] GC(86) Survivor regions: 1->1(11)
[2026-04-03T03:38:51.538+0600][21.156s][info][gc,heap        ] GC(86) Old regions: 33->33
[2026-04-03T03:38:51.538+0600][21.156s][info][gc,heap        ] GC(86) Humongous regions: 8->8
[2026-04-03T03:38:51.538+0600][21.156s][info][gc,metaspace   ] GC(86) Metaspace: 66478K(67584K)->66478K(67584K) NonClass: 58150K(58816K)->58150K(58816K) Class: 8328K(8768K)->8328K(8768K)
[2026-04-03T03:38:51.538+0600][21.156s][info][gc             ] GC(86) Pause Young (Prepare Mixed) (G1 Evacuation Pause) 118M->35M(140M) 1.844ms
[2026-04-03T03:38:51.538+0600][21.157s][info][gc,cpu         ] GC(86) User=0.01s Sys=0.00s Real=0.00s
[2026-04-03T03:38:51.578+0600][21.197s][info][gc,start       ] GC(87) Pause Young (Mixed) (G1 Evacuation Pause)
[2026-04-03T03:38:51.578+0600][21.197s][info][gc,task        ] GC(87) Using 3 workers of 10 for evacuation
[2026-04-03T03:38:51.580+0600][21.199s][info][gc,phases      ] GC(87)   Pre Evacuate Collection Set: 0.24ms
[2026-04-03T03:38:51.580+0600][21.199s][info][gc,phases      ] GC(87)   Merge Heap Roots: 0.19ms
[2026-04-03T03:38:51.580+0600][21.199s][info][gc,phases      ] GC(87)   Evacuate Collection Set: 1.09ms
[2026-04-03T03:38:51.580+0600][21.199s][info][gc,phases      ] GC(87)   Post Evacuate Collection Set: 0.53ms
[2026-04-03T03:38:51.580+0600][21.199s][info][gc,phases      ] GC(87)   Other: 0.08ms
[2026-04-03T03:38:51.580+0600][21.199s][info][gc,heap        ] GC(87) Eden regions: 83->0(83)
[2026-04-03T03:38:51.580+0600][21.199s][info][gc,heap        ] GC(87) Survivor regions: 1->1(11)
[2026-04-03T03:38:51.580+0600][21.199s][info][gc,heap        ] GC(87) Old regions: 33->33
[2026-04-03T03:38:51.580+0600][21.199s][info][gc,heap        ] GC(87) Humongous regions: 8->8
[2026-04-03T03:38:51.580+0600][21.199s][info][gc,metaspace   ] GC(87) Metaspace: 66478K(67584K)->66478K(67584K) NonClass: 58150K(58816K)->58150K(58816K) Class: 8328K(8768K)->8328K(8768K)
[2026-04-03T03:38:51.580+0600][21.199s][info][gc             ] GC(87) Pause Young (Mixed) (G1 Evacuation Pause) 118M->35M(140M) 2.401ms
[2026-04-03T03:38:51.580+0600][21.199s][info][gc,cpu         ] GC(87) User=0.00s Sys=0.00s Real=0.01s
[2026-04-03T03:38:51.619+0600][21.238s][info][gc,start       ] GC(88) Pause Young (Concurrent Start) (G1 Evacuation Pause)
[2026-04-03T03:38:51.619+0600][21.238s][info][gc,task        ] GC(88) Using 3 workers of 10 for evacuation
[2026-04-03T03:38:51.621+0600][21.240s][info][gc,phases      ] GC(88)   Pre Evacuate Collection Set: 0.36ms
[2026-04-03T03:38:51.621+0600][21.240s][info][gc,phases      ] GC(88)   Merge Heap Roots: 0.06ms
[2026-04-03T03:38:51.621+0600][21.240s][info][gc,phases      ] GC(88)   Evacuate Collection Set: 0.93ms
[2026-04-03T03:38:51.621+0600][21.240s][info][gc,phases      ] GC(88)   Post Evacuate Collection Set: 0.88ms
[2026-04-03T03:38:51.621+0600][21.240s][info][gc,phases      ] GC(88)   Other: 0.10ms
[2026-04-03T03:38:51.621+0600][21.240s][info][gc,heap        ] GC(88) Eden regions: 83->0(132)
[2026-04-03T03:38:51.621+0600][21.240s][info][gc,heap        ] GC(88) Survivor regions: 1->1(11)
[2026-04-03T03:38:51.621+0600][21.240s][info][gc,heap        ] GC(88) Old regions: 33->33
[2026-04-03T03:38:51.621+0600][21.240s][info][gc,heap        ] GC(88) Humongous regions: 8->8
[2026-04-03T03:38:51.622+0600][21.240s][info][gc,metaspace   ] GC(88) Metaspace: 66478K(67584K)->66478K(67584K) NonClass: 58150K(58816K)->58150K(58816K) Class: 8328K(8768K)->8328K(8768K)
[2026-04-03T03:38:51.622+0600][21.240s][info][gc             ] GC(88) Pause Young (Concurrent Start) (G1 Evacuation Pause) 118M->35M(222M) 2.534ms
[2026-04-03T03:38:51.622+0600][21.240s][info][gc,cpu         ] GC(88) User=0.00s Sys=0.00s Real=0.01s
[2026-04-03T03:38:51.622+0600][21.240s][info][gc             ] GC(89) Concurrent Mark Cycle
[2026-04-03T03:38:51.622+0600][21.241s][info][gc,marking     ] GC(89) Concurrent Scan Root Regions
[2026-04-03T03:38:51.623+0600][21.242s][info][gc,marking     ] GC(89) Concurrent Scan Root Regions 0.968ms
[2026-04-03T03:38:51.623+0600][21.242s][info][gc,marking     ] GC(89) Concurrent Mark
[2026-04-03T03:38:51.623+0600][21.242s][info][gc,marking     ] GC(89) Concurrent Mark From Roots
[2026-04-03T03:38:51.623+0600][21.242s][info][gc,task        ] GC(89) Using 3 workers of 3 for marking
[2026-04-03T03:38:51.641+0600][21.260s][info][gc,marking     ] GC(89) Concurrent Mark From Roots 18.140ms
[2026-04-03T03:38:51.641+0600][21.260s][info][gc,marking     ] GC(89) Concurrent Preclean
[2026-04-03T03:38:51.641+0600][21.260s][info][gc,marking     ] GC(89) Concurrent Preclean 0.119ms
[2026-04-03T03:38:51.641+0600][21.260s][info][gc,start       ] GC(89) Pause Remark
[2026-04-03T03:38:51.646+0600][21.265s][info][gc             ] GC(89) Pause Remark 66M->66M(140M) 4.894ms
[2026-04-03T03:38:51.646+0600][21.265s][info][gc,cpu         ] GC(89) User=0.01s Sys=0.00s Real=0.00s
[2026-04-03T03:38:51.646+0600][21.265s][info][gc,marking     ] GC(89) Concurrent Mark 23.733ms
[2026-04-03T03:38:51.647+0600][21.265s][info][gc,marking     ] GC(89) Concurrent Rebuild Remembered Sets and Scrub Regions
[2026-04-03T03:38:51.655+0600][21.274s][info][gc,marking     ] GC(89) Concurrent Rebuild Remembered Sets and Scrub Regions 8.886ms
[2026-04-03T03:38:51.656+0600][21.274s][info][gc,start       ] GC(89) Pause Cleanup
[2026-04-03T03:38:51.656+0600][21.275s][info][gc             ] GC(89) Pause Cleanup 80M->80M(140M) 0.249ms
[2026-04-03T03:38:51.656+0600][21.275s][info][gc,cpu         ] GC(89) User=0.00s Sys=0.00s Real=0.00s
[2026-04-03T03:38:51.656+0600][21.275s][info][gc,marking     ] GC(89) Concurrent Clear Claimed Marks
[2026-04-03T03:38:51.656+0600][21.275s][info][gc,marking     ] GC(89) Concurrent Clear Claimed Marks 0.138ms
[2026-04-03T03:38:51.656+0600][21.275s][info][gc,marking     ] GC(89) Concurrent Cleanup for Next Mark
[2026-04-03T03:38:51.656+0600][21.275s][info][gc,marking     ] GC(89) Concurrent Cleanup for Next Mark 0.232ms
[2026-04-03T03:38:51.656+0600][21.275s][info][gc             ] GC(89) Concurrent Mark Cycle 34.793ms
[2026-04-03T03:38:51.674+0600][21.293s][info][gc,start       ] GC(90) Pause Young (Prepare Mixed) (G1 Evacuation Pause)
[2026-04-03T03:38:51.674+0600][21.293s][info][gc,task        ] GC(90) Using 3 workers of 10 for evacuation
[2026-04-03T03:38:51.677+0600][21.295s][info][gc,phases      ] GC(90)   Pre Evacuate Collection Set: 0.54ms
[2026-04-03T03:38:51.677+0600][21.295s][info][gc,phases      ] GC(90)   Merge Heap Roots: 0.11ms
[2026-04-03T03:38:51.677+0600][21.295s][info][gc,phases      ] GC(90)   Evacuate Collection Set: 0.80ms
[2026-04-03T03:38:51.677+0600][21.295s][info][gc,phases      ] GC(90)   Post Evacuate Collection Set: 0.65ms
[2026-04-03T03:38:51.677+0600][21.295s][info][gc,phases      ] GC(90)   Other: 0.10ms
[2026-04-03T03:38:51.677+0600][21.295s][info][gc,heap        ] GC(90) Eden regions: 83->0(83)
[2026-04-03T03:38:51.677+0600][21.295s][info][gc,heap        ] GC(90) Survivor regions: 1->1(11)
[2026-04-03T03:38:51.677+0600][21.295s][info][gc,heap        ] GC(90) Old regions: 33->33
[2026-04-03T03:38:51.677+0600][21.295s][info][gc,heap        ] GC(90) Humongous regions: 8->8
[2026-04-03T03:38:51.677+0600][21.295s][info][gc,metaspace   ] GC(90) Metaspace: 66478K(67584K)->66478K(67584K) NonClass: 58150K(58816K)->58150K(58816K) Class: 8328K(8768K)->8328K(8768K)
[2026-04-03T03:38:51.677+0600][21.296s][info][gc             ] GC(90) Pause Young (Prepare Mixed) (G1 Evacuation Pause) 118M->35M(140M) 2.412ms
[2026-04-03T03:38:51.677+0600][21.296s][info][gc,cpu         ] GC(90) User=0.00s Sys=0.00s Real=0.00s
[2026-04-03T03:38:51.713+0600][21.332s][info][gc,start       ] GC(91) Pause Young (Mixed) (G1 Evacuation Pause)
[2026-04-03T03:38:51.713+0600][21.332s][info][gc,task        ] GC(91) Using 3 workers of 10 for evacuation
[2026-04-03T03:38:51.716+0600][21.335s][info][gc,phases      ] GC(91)   Pre Evacuate Collection Set: 0.36ms
[2026-04-03T03:38:51.716+0600][21.335s][info][gc,phases      ] GC(91)   Merge Heap Roots: 0.22ms
[2026-04-03T03:38:51.716+0600][21.335s][info][gc,phases      ] GC(91)   Evacuate Collection Set: 1.14ms
[2026-04-03T03:38:51.716+0600][21.335s][info][gc,phases      ] GC(91)   Post Evacuate Collection Set: 0.58ms
[2026-04-03T03:38:51.716+0600][21.335s][info][gc,phases      ] GC(91)   Other: 0.11ms
[2026-04-03T03:38:51.716+0600][21.335s][info][gc,heap        ] GC(91) Eden regions: 83->0(83)
[2026-04-03T03:38:51.716+0600][21.335s][info][gc,heap        ] GC(91) Survivor regions: 1->1(11)
[2026-04-03T03:38:51.716+0600][21.335s][info][gc,heap        ] GC(91) Old regions: 33->33
[2026-04-03T03:38:51.716+0600][21.335s][info][gc,heap        ] GC(91) Humongous regions: 8->8
[2026-04-03T03:38:51.716+0600][21.335s][info][gc,metaspace   ] GC(91) Metaspace: 66478K(67584K)->66478K(67584K) NonClass: 58150K(58816K)->58150K(58816K) Class: 8328K(8768K)->8328K(8768K)
[2026-04-03T03:38:51.716+0600][21.335s][info][gc             ] GC(91) Pause Young (Mixed) (G1 Evacuation Pause) 118M->35M(140M) 2.594ms
[2026-04-03T03:38:51.716+0600][21.335s][info][gc,cpu         ] GC(91) User=0.01s Sys=0.00s Real=0.00s
[2026-04-03T03:38:51.752+0600][21.371s][info][gc,start       ] GC(92) Pause Young (Concurrent Start) (G1 Evacuation Pause)
[2026-04-03T03:38:51.752+0600][21.371s][info][gc,task        ] GC(92) Using 3 workers of 10 for evacuation
[2026-04-03T03:38:51.754+0600][21.373s][info][gc,phases      ] GC(92)   Pre Evacuate Collection Set: 0.31ms
[2026-04-03T03:38:51.754+0600][21.373s][info][gc,phases      ] GC(92)   Merge Heap Roots: 0.16ms
[2026-04-03T03:38:51.754+0600][21.373s][info][gc,phases      ] GC(92)   Evacuate Collection Set: 1.26ms
[2026-04-03T03:38:51.755+0600][21.373s][info][gc,phases      ] GC(92)   Post Evacuate Collection Set: 0.53ms
[2026-04-03T03:38:51.755+0600][21.373s][info][gc,phases      ] GC(92)   Other: 0.14ms
[2026-04-03T03:38:51.755+0600][21.373s][info][gc,heap        ] GC(92) Eden regions: 83->0(83)
[2026-04-03T03:38:51.755+0600][21.373s][info][gc,heap        ] GC(92) Survivor regions: 1->1(11)
[2026-04-03T03:38:51.755+0600][21.373s][info][gc,heap        ] GC(92) Old regions: 33->33
[2026-04-03T03:38:51.755+0600][21.373s][info][gc,heap        ] GC(92) Humongous regions: 8->8
[2026-04-03T03:38:51.755+0600][21.373s][info][gc,metaspace   ] GC(92) Metaspace: 66478K(67584K)->66478K(67584K) NonClass: 58150K(58816K)->58150K(58816K) Class: 8328K(8768K)->8328K(8768K)
[2026-04-03T03:38:51.755+0600][21.373s][info][gc             ] GC(92) Pause Young (Concurrent Start) (G1 Evacuation Pause) 118M->35M(140M) 2.559ms
[2026-04-03T03:38:51.755+0600][21.373s][info][gc,cpu         ] GC(92) User=0.01s Sys=0.00s Real=0.00s
[2026-04-03T03:38:51.755+0600][21.373s][info][gc             ] GC(93) Concurrent Mark Cycle
[2026-04-03T03:38:51.755+0600][21.373s][info][gc,marking     ] GC(93) Concurrent Scan Root Regions
[2026-04-03T03:38:51.756+0600][21.374s][info][gc,marking     ] GC(93) Concurrent Scan Root Regions 0.876ms
[2026-04-03T03:38:51.756+0600][21.374s][info][gc,marking     ] GC(93) Concurrent Mark
[2026-04-03T03:38:51.756+0600][21.374s][info][gc,marking     ] GC(93) Concurrent Mark From Roots
[2026-04-03T03:38:51.756+0600][21.374s][info][gc,task        ] GC(93) Using 3 workers of 3 for marking
[2026-04-03T03:38:51.773+0600][21.392s][info][gc,marking     ] GC(93) Concurrent Mark From Roots 17.535ms
[2026-04-03T03:38:51.773+0600][21.392s][info][gc,marking     ] GC(93) Concurrent Preclean
[2026-04-03T03:38:51.773+0600][21.392s][info][gc,marking     ] GC(93) Concurrent Preclean 0.105ms
[2026-04-03T03:38:51.774+0600][21.392s][info][gc,start       ] GC(93) Pause Remark
[2026-04-03T03:38:51.778+0600][21.397s][info][gc             ] GC(93) Pause Remark 65M->65M(140M) 4.373ms
[2026-04-03T03:38:51.778+0600][21.397s][info][gc,cpu         ] GC(93) User=0.01s Sys=0.01s Real=0.00s
[2026-04-03T03:38:51.778+0600][21.397s][info][gc,marking     ] GC(93) Concurrent Mark 22.572ms
[2026-04-03T03:38:51.778+0600][21.397s][info][gc,marking     ] GC(93) Concurrent Rebuild Remembered Sets and Scrub Regions
[2026-04-03T03:38:51.786+0600][21.405s][info][gc,marking     ] GC(93) Concurrent Rebuild Remembered Sets and Scrub Regions 7.795ms
[2026-04-03T03:38:51.786+0600][21.405s][info][gc,start       ] GC(93) Pause Cleanup
[2026-04-03T03:38:51.786+0600][21.405s][info][gc             ] GC(93) Pause Cleanup 81M->81M(140M) 0.150ms
[2026-04-03T03:38:51.786+0600][21.405s][info][gc,cpu         ] GC(93) User=0.00s Sys=0.00s Real=0.00s
[2026-04-03T03:38:51.787+0600][21.405s][info][gc,marking     ] GC(93) Concurrent Clear Claimed Marks
[2026-04-03T03:38:51.787+0600][21.405s][info][gc,marking     ] GC(93) Concurrent Clear Claimed Marks 0.160ms
[2026-04-03T03:38:51.787+0600][21.405s][info][gc,marking     ] GC(93) Concurrent Cleanup for Next Mark
[2026-04-03T03:38:51.787+0600][21.406s][info][gc,marking     ] GC(93) Concurrent Cleanup for Next Mark 0.270ms
[2026-04-03T03:38:51.787+0600][21.406s][info][gc             ] GC(93) Concurrent Mark Cycle 32.379ms
[2026-04-03T03:38:51.805+0600][21.424s][info][gc,start       ] GC(94) Pause Young (Prepare Mixed) (G1 Evacuation Pause)
[2026-04-03T03:38:51.805+0600][21.424s][info][gc,task        ] GC(94) Using 3 workers of 10 for evacuation
[2026-04-03T03:38:51.808+0600][21.427s][info][gc,phases      ] GC(94)   Pre Evacuate Collection Set: 0.48ms
[2026-04-03T03:38:51.808+0600][21.427s][info][gc,phases      ] GC(94)   Merge Heap Roots: 0.25ms
[2026-04-03T03:38:51.808+0600][21.427s][info][gc,phases      ] GC(94)   Evacuate Collection Set: 0.84ms
[2026-04-03T03:38:51.808+0600][21.427s][info][gc,phases      ] GC(94)   Post Evacuate Collection Set: 1.14ms
[2026-04-03T03:38:51.808+0600][21.427s][info][gc,phases      ] GC(94)   Other: 0.11ms
[2026-04-03T03:38:51.808+0600][21.427s][info][gc,heap        ] GC(94) Eden regions: 83->0(126)
[2026-04-03T03:38:51.808+0600][21.427s][info][gc,heap        ] GC(94) Survivor regions: 1->1(11)
[2026-04-03T03:38:51.808+0600][21.427s][info][gc,heap        ] GC(94) Old regions: 33->33
[2026-04-03T03:38:51.808+0600][21.427s][info][gc,heap        ] GC(94) Humongous regions: 8->8
[2026-04-03T03:38:51.808+0600][21.427s][info][gc,metaspace   ] GC(94) Metaspace: 66478K(67584K)->66478K(67584K) NonClass: 58150K(58816K)->58150K(58816K) Class: 8328K(8768K)->8328K(8768K)
[2026-04-03T03:38:51.808+0600][21.427s][info][gc             ] GC(94) Pause Young (Prepare Mixed) (G1 Evacuation Pause) 118M->35M(212M) 2.999ms
[2026-04-03T03:38:51.808+0600][21.427s][info][gc,cpu         ] GC(94) User=0.00s Sys=0.00s Real=0.00s
[2026-04-03T03:38:51.880+0600][21.499s][info][gc,start       ] GC(95) Pause Young (Mixed) (G1 Evacuation Pause)
[2026-04-03T03:38:51.880+0600][21.499s][info][gc,task        ] GC(95) Using 5 workers of 10 for evacuation
[2026-04-03T03:38:51.882+0600][21.501s][info][gc,phases      ] GC(95)   Pre Evacuate Collection Set: 0.36ms
[2026-04-03T03:38:51.882+0600][21.501s][info][gc,phases      ] GC(95)   Merge Heap Roots: 0.26ms
[2026-04-03T03:38:51.882+0600][21.501s][info][gc,phases      ] GC(95)   Evacuate Collection Set: 0.67ms
[2026-04-03T03:38:51.882+0600][21.501s][info][gc,phases      ] GC(95)   Post Evacuate Collection Set: 0.57ms
[2026-04-03T03:38:51.882+0600][21.501s][info][gc,phases      ] GC(95)   Other: 0.09ms
[2026-04-03T03:38:51.882+0600][21.501s][info][gc,heap        ] GC(95) Eden regions: 126->0(126)
[2026-04-03T03:38:51.882+0600][21.501s][info][gc,heap        ] GC(95) Survivor regions: 1->1(16)
[2026-04-03T03:38:51.882+0600][21.501s][info][gc,heap        ] GC(95) Old regions: 33->33
[2026-04-03T03:38:51.882+0600][21.501s][info][gc,heap        ] GC(95) Humongous regions: 8->8
[2026-04-03T03:38:51.882+0600][21.501s][info][gc,metaspace   ] GC(95) Metaspace: 66478K(67584K)->66478K(67584K) NonClass: 58150K(58816K)->58150K(58816K) Class: 8328K(8768K)->8328K(8768K)
[2026-04-03T03:38:51.882+0600][21.501s][info][gc             ] GC(95) Pause Young (Mixed) (G1 Evacuation Pause) 161M->35M(212M) 2.133ms
[2026-04-03T03:38:51.882+0600][21.501s][info][gc,cpu         ] GC(95) User=0.00s Sys=0.00s Real=0.00s
[2026-04-03T03:38:51.936+0600][21.555s][info][gc,start       ] GC(96) Pause Young (Concurrent Start) (G1 Evacuation Pause)
[2026-04-03T03:38:51.936+0600][21.555s][info][gc,task        ] GC(96) Using 5 workers of 10 for evacuation
[2026-04-03T03:38:51.938+0600][21.557s][info][gc,phases      ] GC(96)   Pre Evacuate Collection Set: 0.35ms
[2026-04-03T03:38:51.938+0600][21.557s][info][gc,phases      ] GC(96)   Merge Heap Roots: 0.08ms
[2026-04-03T03:38:51.938+0600][21.557s][info][gc,phases      ] GC(96)   Evacuate Collection Set: 0.94ms
[2026-04-03T03:38:51.938+0600][21.557s][info][gc,phases      ] GC(96)   Post Evacuate Collection Set: 0.49ms
[2026-04-03T03:38:51.938+0600][21.557s][info][gc,phases      ] GC(96)   Other: 0.16ms
[2026-04-03T03:38:51.938+0600][21.557s][info][gc,heap        ] GC(96) Eden regions: 126->0(126)
[2026-04-03T03:38:51.938+0600][21.557s][info][gc,heap        ] GC(96) Survivor regions: 1->1(16)
[2026-04-03T03:38:51.938+0600][21.557s][info][gc,heap        ] GC(96) Old regions: 33->33
[2026-04-03T03:38:51.938+0600][21.557s][info][gc,heap        ] GC(96) Humongous regions: 8->8
[2026-04-03T03:38:51.939+0600][21.557s][info][gc,metaspace   ] GC(96) Metaspace: 66478K(67584K)->66478K(67584K) NonClass: 58150K(58816K)->58150K(58816K) Class: 8328K(8768K)->8328K(8768K)
[2026-04-03T03:38:51.939+0600][21.557s][info][gc             ] GC(96) Pause Young (Concurrent Start) (G1 Evacuation Pause) 161M->35M(212M) 2.200ms
[2026-04-03T03:38:51.939+0600][21.557s][info][gc,cpu         ] GC(96) User=0.01s Sys=0.00s Real=0.00s
[2026-04-03T03:38:51.939+0600][21.557s][info][gc             ] GC(97) Concurrent Mark Cycle
[2026-04-03T03:38:51.939+0600][21.557s][info][gc,marking     ] GC(97) Concurrent Scan Root Regions
[2026-04-03T03:38:51.939+0600][21.558s][info][gc,marking     ] GC(97) Concurrent Scan Root Regions 0.544ms
[2026-04-03T03:38:51.939+0600][21.558s][info][gc,marking     ] GC(97) Concurrent Mark
[2026-04-03T03:38:51.939+0600][21.558s][info][gc,marking     ] GC(97) Concurrent Mark From Roots
[2026-04-03T03:38:51.939+0600][21.558s][info][gc,task        ] GC(97) Using 3 workers of 3 for marking
[2026-04-03T03:38:51.956+0600][21.575s][info][gc,marking     ] GC(97) Concurrent Mark From Roots 16.816ms
[2026-04-03T03:38:51.956+0600][21.575s][info][gc,marking     ] GC(97) Concurrent Preclean
[2026-04-03T03:38:51.956+0600][21.575s][info][gc,marking     ] GC(97) Concurrent Preclean 0.108ms
[2026-04-03T03:38:51.956+0600][21.575s][info][gc,start       ] GC(97) Pause Remark
[2026-04-03T03:38:51.961+0600][21.579s][info][gc             ] GC(97) Pause Remark 66M->66M(140M) 4.091ms
[2026-04-03T03:38:51.961+0600][21.579s][info][gc,cpu         ] GC(97) User=0.01s Sys=0.00s Real=0.01s
[2026-04-03T03:38:51.961+0600][21.580s][info][gc,marking     ] GC(97) Concurrent Mark 21.558ms
[2026-04-03T03:38:51.961+0600][21.580s][info][gc,marking     ] GC(97) Concurrent Rebuild Remembered Sets and Scrub Regions
[2026-04-03T03:38:51.969+0600][21.587s][info][gc,marking     ] GC(97) Concurrent Rebuild Remembered Sets and Scrub Regions 7.741ms
[2026-04-03T03:38:51.969+0600][21.588s][info][gc,start       ] GC(97) Pause Cleanup
[2026-04-03T03:38:51.969+0600][21.588s][info][gc             ] GC(97) Pause Cleanup 81M->81M(140M) 0.282ms
[2026-04-03T03:38:51.969+0600][21.588s][info][gc,cpu         ] GC(97) User=0.00s Sys=0.00s Real=0.00s
[2026-04-03T03:38:51.969+0600][21.588s][info][gc,marking     ] GC(97) Concurrent Clear Claimed Marks
[2026-04-03T03:38:51.969+0600][21.588s][info][gc,marking     ] GC(97) Concurrent Clear Claimed Marks 0.156ms
[2026-04-03T03:38:51.969+0600][21.588s][info][gc,marking     ] GC(97) Concurrent Cleanup for Next Mark
[2026-04-03T03:38:51.970+0600][21.589s][info][gc,marking     ] GC(97) Concurrent Cleanup for Next Mark 0.248ms
[2026-04-03T03:38:51.970+0600][21.589s][info][gc             ] GC(97) Concurrent Mark Cycle 31.184ms
[2026-04-03T03:38:51.989+0600][21.608s][info][gc,start       ] GC(98) Pause Young (Prepare Mixed) (G1 Evacuation Pause)
[2026-04-03T03:38:51.989+0600][21.608s][info][gc,task        ] GC(98) Using 4 workers of 10 for evacuation
[2026-04-03T03:38:51.991+0600][21.610s][info][gc,phases      ] GC(98)   Pre Evacuate Collection Set: 0.32ms
[2026-04-03T03:38:51.991+0600][21.610s][info][gc,phases      ] GC(98)   Merge Heap Roots: 0.17ms
[2026-04-03T03:38:51.991+0600][21.610s][info][gc,phases      ] GC(98)   Evacuate Collection Set: 0.49ms
[2026-04-03T03:38:51.991+0600][21.610s][info][gc,phases      ] GC(98)   Post Evacuate Collection Set: 0.49ms
[2026-04-03T03:38:51.991+0600][21.610s][info][gc,phases      ] GC(98)   Other: 0.09ms
[2026-04-03T03:38:51.991+0600][21.610s][info][gc,heap        ] GC(98) Eden regions: 89->0(83)
[2026-04-03T03:38:51.991+0600][21.610s][info][gc,heap        ] GC(98) Survivor regions: 1->1(12)
[2026-04-03T03:38:51.991+0600][21.610s][info][gc,heap        ] GC(98) Old regions: 33->33
[2026-04-03T03:38:51.991+0600][21.610s][info][gc,heap        ] GC(98) Humongous regions: 8->8
[2026-04-03T03:38:51.991+0600][21.610s][info][gc,metaspace   ] GC(98) Metaspace: 66478K(67584K)->66478K(67584K) NonClass: 58150K(58816K)->58150K(58816K) Class: 8328K(8768K)->8328K(8768K)
[2026-04-03T03:38:51.991+0600][21.610s][info][gc             ] GC(98) Pause Young (Prepare Mixed) (G1 Evacuation Pause) 124M->35M(140M) 1.726ms
[2026-04-03T03:38:51.991+0600][21.610s][info][gc,cpu         ] GC(98) User=0.00s Sys=0.00s Real=0.01s
[2026-04-03T03:38:52.026+0600][21.645s][info][gc,start       ] GC(99) Pause Young (Mixed) (G1 Evacuation Pause)
[2026-04-03T03:38:52.027+0600][21.645s][info][gc,task        ] GC(99) Using 3 workers of 10 for evacuation
[2026-04-03T03:38:52.030+0600][21.649s][info][gc,phases      ] GC(99)   Pre Evacuate Collection Set: 0.38ms
[2026-04-03T03:38:52.030+0600][21.649s][info][gc,phases      ] GC(99)   Merge Heap Roots: 0.17ms
[2026-04-03T03:38:52.030+0600][21.649s][info][gc,phases      ] GC(99)   Evacuate Collection Set: 1.15ms
[2026-04-03T03:38:52.030+0600][21.649s][info][gc,phases      ] GC(99)   Post Evacuate Collection Set: 1.77ms
[2026-04-03T03:38:52.030+0600][21.649s][info][gc,phases      ] GC(99)   Other: 0.07ms
[2026-04-03T03:38:52.030+0600][21.649s][info][gc,heap        ] GC(99) Eden regions: 83->0(140)
[2026-04-03T03:38:52.030+0600][21.649s][info][gc,heap        ] GC(99) Survivor regions: 1->1(11)
[2026-04-03T03:38:52.030+0600][21.649s][info][gc,heap        ] GC(99) Old regions: 33->33
[2026-04-03T03:38:52.030+0600][21.649s][info][gc,heap        ] GC(99) Humongous regions: 8->8
[2026-04-03T03:38:52.030+0600][21.649s][info][gc,metaspace   ] GC(99) Metaspace: 66478K(67584K)->66478K(67584K) NonClass: 58150K(58816K)->58150K(58816K) Class: 8328K(8768K)->8328K(8768K)
[2026-04-03T03:38:52.030+0600][21.649s][info][gc             ] GC(99) Pause Young (Mixed) (G1 Evacuation Pause) 118M->35M(236M) 3.716ms
[2026-04-03T03:38:52.030+0600][21.649s][info][gc,cpu         ] GC(99) User=0.00s Sys=0.01s Real=0.01s
[2026-04-03T03:38:52.097+0600][21.716s][info][gc,start       ] GC(100) Pause Young (Concurrent Start) (G1 Evacuation Pause)
[2026-04-03T03:38:52.097+0600][21.716s][info][gc,task        ] GC(100) Using 5 workers of 10 for evacuation
[2026-04-03T03:38:52.099+0600][21.718s][info][gc,phases      ] GC(100)   Pre Evacuate Collection Set: 0.35ms
[2026-04-03T03:38:52.099+0600][21.718s][info][gc,phases      ] GC(100)   Merge Heap Roots: 0.09ms
[2026-04-03T03:38:52.099+0600][21.718s][info][gc,phases      ] GC(100)   Evacuate Collection Set: 0.91ms
[2026-04-03T03:38:52.099+0600][21.718s][info][gc,phases      ] GC(100)   Post Evacuate Collection Set: 0.48ms
[2026-04-03T03:38:52.099+0600][21.718s][info][gc,phases      ] GC(100)   Other: 0.24ms
[2026-04-03T03:38:52.099+0600][21.718s][info][gc,heap        ] GC(100) Eden regions: 140->0(140)
[2026-04-03T03:38:52.099+0600][21.718s][info][gc,heap        ] GC(100) Survivor regions: 1->1(18)
[2026-04-03T03:38:52.099+0600][21.718s][info][gc,heap        ] GC(100) Old regions: 33->33
[2026-04-03T03:38:52.099+0600][21.718s][info][gc,heap        ] GC(100) Humongous regions: 8->8
[2026-04-03T03:38:52.099+0600][21.718s][info][gc,metaspace   ] GC(100) Metaspace: 66478K(67584K)->66478K(67584K) NonClass: 58150K(58816K)->58150K(58816K) Class: 8328K(8768K)->8328K(8768K)
[2026-04-03T03:38:52.099+0600][21.718s][info][gc             ] GC(100) Pause Young (Concurrent Start) (G1 Evacuation Pause) 175M->35M(236M) 2.264ms
[2026-04-03T03:38:52.099+0600][21.718s][info][gc,cpu         ] GC(100) User=0.00s Sys=0.00s Real=0.00s
[2026-04-03T03:38:52.099+0600][21.718s][info][gc             ] GC(101) Concurrent Mark Cycle
[2026-04-03T03:38:52.100+0600][21.718s][info][gc,marking     ] GC(101) Concurrent Scan Root Regions
[2026-04-03T03:38:52.100+0600][21.719s][info][gc,marking     ] GC(101) Concurrent Scan Root Regions 0.787ms
[2026-04-03T03:38:52.100+0600][21.719s][info][gc,marking     ] GC(101) Concurrent Mark
[2026-04-03T03:38:52.100+0600][21.719s][info][gc,marking     ] GC(101) Concurrent Mark From Roots
[2026-04-03T03:38:52.100+0600][21.719s][info][gc,task        ] GC(101) Using 3 workers of 3 for marking
[2026-04-03T03:38:52.119+0600][21.738s][info][gc,marking     ] GC(101) Concurrent Mark From Roots 19.030ms
[2026-04-03T03:38:52.119+0600][21.738s][info][gc,marking     ] GC(101) Concurrent Preclean
[2026-04-03T03:38:52.120+0600][21.738s][info][gc,marking     ] GC(101) Concurrent Preclean 0.143ms
[2026-04-03T03:38:52.120+0600][21.739s][info][gc,start       ] GC(101) Pause Remark
[2026-04-03T03:38:52.125+0600][21.743s][info][gc             ] GC(101) Pause Remark 63M->63M(140M) 4.625ms
[2026-04-03T03:38:52.125+0600][21.743s][info][gc,cpu         ] GC(101) User=0.01s Sys=0.00s Real=0.00s
[2026-04-03T03:38:52.125+0600][21.744s][info][gc,marking     ] GC(101) Concurrent Mark 24.379ms
[2026-04-03T03:38:52.125+0600][21.744s][info][gc,marking     ] GC(101) Concurrent Rebuild Remembered Sets and Scrub Regions
[2026-04-03T03:38:52.135+0600][21.754s][info][gc,marking     ] GC(101) Concurrent Rebuild Remembered Sets and Scrub Regions 9.910ms
[2026-04-03T03:38:52.135+0600][21.754s][info][gc,start       ] GC(101) Pause Cleanup
[2026-04-03T03:38:52.135+0600][21.754s][info][gc             ] GC(101) Pause Cleanup 73M->73M(140M) 0.441ms
[2026-04-03T03:38:52.135+0600][21.754s][info][gc,cpu         ] GC(101) User=0.00s Sys=0.00s Real=0.00s
[2026-04-03T03:38:52.136+0600][21.754s][info][gc,marking     ] GC(101) Concurrent Clear Claimed Marks
[2026-04-03T03:38:52.136+0600][21.755s][info][gc,marking     ] GC(101) Concurrent Clear Claimed Marks 0.193ms
[2026-04-03T03:38:52.136+0600][21.755s][info][gc,marking     ] GC(101) Concurrent Cleanup for Next Mark
[2026-04-03T03:38:52.136+0600][21.755s][info][gc,marking     ] GC(101) Concurrent Cleanup for Next Mark 0.322ms
[2026-04-03T03:38:52.136+0600][21.755s][info][gc             ] GC(101) Concurrent Mark Cycle 36.686ms
[2026-04-03T03:38:52.173+0600][21.792s][info][gc,start       ] GC(102) Pause Young (Prepare Mixed) (GCLocker Initiated GC)
[2026-04-03T03:38:52.173+0600][21.792s][info][gc,task        ] GC(102) Using 4 workers of 10 for evacuation
[2026-04-03T03:38:52.175+0600][21.794s][info][gc,phases      ] GC(102)   Pre Evacuate Collection Set: 0.21ms
[2026-04-03T03:38:52.175+0600][21.794s][info][gc,phases      ] GC(102)   Merge Heap Roots: 0.21ms
[2026-04-03T03:38:52.175+0600][21.794s][info][gc,phases      ] GC(102)   Evacuate Collection Set: 0.93ms
[2026-04-03T03:38:52.175+0600][21.794s][info][gc,phases      ] GC(102)   Post Evacuate Collection Set: 0.68ms
[2026-04-03T03:38:52.175+0600][21.794s][info][gc,phases      ] GC(102)   Other: 0.07ms
[2026-04-03T03:38:52.175+0600][21.794s][info][gc,heap        ] GC(102) Eden regions: 83->0(83)
[2026-04-03T03:38:52.175+0600][21.794s][info][gc,heap        ] GC(102) Survivor regions: 1->1(11)
[2026-04-03T03:38:52.175+0600][21.794s][info][gc,heap        ] GC(102) Old regions: 33->33
[2026-04-03T03:38:52.175+0600][21.794s][info][gc,heap        ] GC(102) Humongous regions: 8->8
[2026-04-03T03:38:52.175+0600][21.794s][info][gc,metaspace   ] GC(102) Metaspace: 66696K(67584K)->66696K(67584K) NonClass: 58322K(58816K)->58322K(58816K) Class: 8374K(8768K)->8374K(8768K)
[2026-04-03T03:38:52.175+0600][21.794s][info][gc             ] GC(102) Pause Young (Prepare Mixed) (GCLocker Initiated GC) 118M->36M(140M) 2.292ms
[2026-04-03T03:38:52.175+0600][21.794s][info][gc,cpu         ] GC(102) User=0.01s Sys=0.00s Real=0.00s
[2026-04-03T03:38:52.276+0600][21.895s][info][gc,start       ] GC(103) Pause Young (Mixed) (G1 Evacuation Pause)
[2026-04-03T03:38:52.276+0600][21.895s][info][gc,task        ] GC(103) Using 3 workers of 10 for evacuation
[2026-04-03T03:38:52.279+0600][21.898s][info][gc,phases      ] GC(103)   Pre Evacuate Collection Set: 0.31ms
[2026-04-03T03:38:52.279+0600][21.898s][info][gc,phases      ] GC(103)   Merge Heap Roots: 0.24ms
[2026-04-03T03:38:52.279+0600][21.898s][info][gc,phases      ] GC(103)   Evacuate Collection Set: 1.64ms
[2026-04-03T03:38:52.279+0600][21.898s][info][gc,phases      ] GC(103)   Post Evacuate Collection Set: 0.73ms
[2026-04-03T03:38:52.279+0600][21.898s][info][gc,phases      ] GC(103)   Other: 0.08ms
[2026-04-03T03:38:52.279+0600][21.898s][info][gc,heap        ] GC(103) Eden regions: 83->0(83)
[2026-04-03T03:38:52.279+0600][21.898s][info][gc,heap        ] GC(103) Survivor regions: 1->1(11)
[2026-04-03T03:38:52.279+0600][21.898s][info][gc,heap        ] GC(103) Old regions: 33->33
[2026-04-03T03:38:52.279+0600][21.898s][info][gc,heap        ] GC(103) Humongous regions: 12->8
[2026-04-03T03:38:52.279+0600][21.898s][info][gc,metaspace   ] GC(103) Metaspace: 67387K(68224K)->67387K(68224K) NonClass: 58866K(59328K)->58866K(59328K) Class: 8520K(8896K)->8520K(8896K)
[2026-04-03T03:38:52.279+0600][21.898s][info][gc             ] GC(103) Pause Young (Mixed) (G1 Evacuation Pause) 123M->36M(140M) 3.278ms
[2026-04-03T03:38:52.279+0600][21.898s][info][gc,cpu         ] GC(103) User=0.01s Sys=0.00s Real=0.00s
[2026-04-03T03:38:52.355+0600][21.974s][info][gc,start       ] GC(104) Pause Young (Concurrent Start) (G1 Humongous Allocation)
[2026-04-03T03:38:52.355+0600][21.974s][info][gc,task        ] GC(104) Using 3 workers of 10 for evacuation
[2026-04-03T03:38:52.359+0600][21.978s][info][gc,phases      ] GC(104)   Pre Evacuate Collection Set: 0.35ms
[2026-04-03T03:38:52.359+0600][21.978s][info][gc,phases      ] GC(104)   Merge Heap Roots: 0.18ms
[2026-04-03T03:38:52.359+0600][21.978s][info][gc,phases      ] GC(104)   Evacuate Collection Set: 1.46ms
[2026-04-03T03:38:52.359+0600][21.978s][info][gc,phases      ] GC(104)   Post Evacuate Collection Set: 1.08ms
[2026-04-03T03:38:52.359+0600][21.978s][info][gc,phases      ] GC(104)   Other: 0.21ms
[2026-04-03T03:38:52.359+0600][21.978s][info][gc,heap        ] GC(104) Eden regions: 44->0(126)
[2026-04-03T03:38:52.359+0600][21.978s][info][gc,heap        ] GC(104) Survivor regions: 1->1(11)
[2026-04-03T03:38:52.359+0600][21.978s][info][gc,heap        ] GC(104) Old regions: 33->33
[2026-04-03T03:38:52.359+0600][21.978s][info][gc,heap        ] GC(104) Humongous regions: 8->8
[2026-04-03T03:38:52.359+0600][21.978s][info][gc,metaspace   ] GC(104) Metaspace: 67387K(68224K)->67387K(68224K) NonClass: 58866K(59328K)->58866K(59328K) Class: 8520K(8896K)->8520K(8896K)
[2026-04-03T03:38:52.359+0600][21.978s][info][gc             ] GC(104) Pause Young (Concurrent Start) (G1 Humongous Allocation) 80M->36M(213M) 3.545ms
[2026-04-03T03:38:52.359+0600][21.978s][info][gc,cpu         ] GC(104) User=0.01s Sys=0.00s Real=0.00s
[2026-04-03T03:38:52.359+0600][21.978s][info][gc             ] GC(105) Concurrent Mark Cycle
[2026-04-03T03:38:52.359+0600][21.978s][info][gc,marking     ] GC(105) Concurrent Scan Root Regions
[2026-04-03T03:38:52.360+0600][21.979s][info][gc,marking     ] GC(105) Concurrent Scan Root Regions 1.470ms
[2026-04-03T03:38:52.361+0600][21.979s][info][gc,marking     ] GC(105) Concurrent Mark
[2026-04-03T03:38:52.361+0600][21.979s][info][gc,marking     ] GC(105) Concurrent Mark From Roots
[2026-04-03T03:38:52.361+0600][21.979s][info][gc,task        ] GC(105) Using 3 workers of 3 for marking
[2026-04-03T03:38:52.382+0600][22.001s][info][gc,marking     ] GC(105) Concurrent Mark From Roots 21.176ms
[2026-04-03T03:38:52.382+0600][22.001s][info][gc,marking     ] GC(105) Concurrent Preclean
[2026-04-03T03:38:52.382+0600][22.001s][info][gc,marking     ] GC(105) Concurrent Preclean 0.166ms
[2026-04-03T03:38:52.382+0600][22.001s][info][gc,start       ] GC(105) Pause Remark
[2026-04-03T03:38:52.389+0600][22.007s][info][gc             ] GC(105) Pause Remark 40M->40M(147M) 6.121ms
[2026-04-03T03:38:52.389+0600][22.007s][info][gc,cpu         ] GC(105) User=0.02s Sys=0.00s Real=0.00s
[2026-04-03T03:38:52.389+0600][22.008s][info][gc,marking     ] GC(105) Concurrent Mark 28.285ms
[2026-04-03T03:38:52.389+0600][22.008s][info][gc,marking     ] GC(105) Concurrent Rebuild Remembered Sets and Scrub Regions
[2026-04-03T03:38:52.399+0600][22.018s][info][gc,marking     ] GC(105) Concurrent Rebuild Remembered Sets and Scrub Regions 9.929ms
[2026-04-03T03:38:52.399+0600][22.018s][info][gc,start       ] GC(105) Pause Cleanup
[2026-04-03T03:38:52.399+0600][22.018s][info][gc             ] GC(105) Pause Cleanup 41M->41M(147M) 0.238ms
[2026-04-03T03:38:52.399+0600][22.018s][info][gc,cpu         ] GC(105) User=0.00s Sys=0.00s Real=0.00s
[2026-04-03T03:38:52.400+0600][22.018s][info][gc,marking     ] GC(105) Concurrent Clear Claimed Marks
[2026-04-03T03:38:52.400+0600][22.019s][info][gc,marking     ] GC(105) Concurrent Clear Claimed Marks 0.197ms
[2026-04-03T03:38:52.400+0600][22.019s][info][gc,marking     ] GC(105) Concurrent Cleanup for Next Mark
[2026-04-03T03:38:52.400+0600][22.019s][info][gc,marking     ] GC(105) Concurrent Cleanup for Next Mark 0.538ms
[2026-04-03T03:38:52.400+0600][22.019s][info][gc             ] GC(105) Concurrent Mark Cycle 41.423ms
[2026-04-03T03:38:53.126+0600][22.745s][info][gc,start       ] GC(106) Pause Young (Prepare Mixed) (G1 Evacuation Pause)
[2026-04-03T03:38:53.127+0600][22.745s][info][gc,task        ] GC(106) Using 3 workers of 10 for evacuation
[2026-04-03T03:38:53.134+0600][22.753s][info][gc,phases      ] GC(106)   Pre Evacuate Collection Set: 0.35ms
[2026-04-03T03:38:53.134+0600][22.753s][info][gc,phases      ] GC(106)   Merge Heap Roots: 0.22ms
[2026-04-03T03:38:53.134+0600][22.753s][info][gc,phases      ] GC(106)   Evacuate Collection Set: 5.93ms
[2026-04-03T03:38:53.134+0600][22.753s][info][gc,phases      ] GC(106)   Post Evacuate Collection Set: 0.77ms
[2026-04-03T03:38:53.134+0600][22.753s][info][gc,phases      ] GC(106)   Other: 0.08ms
[2026-04-03T03:38:53.134+0600][22.753s][info][gc,heap        ] GC(106) Eden regions: 87->0(80)
[2026-04-03T03:38:53.134+0600][22.753s][info][gc,heap        ] GC(106) Survivor regions: 1->8(11)
[2026-04-03T03:38:53.134+0600][22.753s][info][gc,heap        ] GC(106) Old regions: 33->33
[2026-04-03T03:38:53.134+0600][22.753s][info][gc,heap        ] GC(106) Humongous regions: 15->8
[2026-04-03T03:38:53.134+0600][22.753s][info][gc,metaspace   ] GC(106) Metaspace: 68944K(69824K)->68944K(69824K) NonClass: 60163K(60672K)->60163K(60672K) Class: 8781K(9152K)->8781K(9152K)
[2026-04-03T03:38:53.134+0600][22.753s][info][gc             ] GC(106) Pause Young (Prepare Mixed) (G1 Evacuation Pause) 130M->43M(147M) 7.580ms
[2026-04-03T03:38:53.134+0600][22.753s][info][gc,cpu         ] GC(106) User=0.02s Sys=0.00s Real=0.01s
[2026-04-03T03:38:53.298+0600][22.917s][info][gc,start       ] GC(107) Pause Young (Mixed) (G1 Evacuation Pause)
[2026-04-03T03:38:53.298+0600][22.917s][info][gc,task        ] GC(107) Using 3 workers of 10 for evacuation
[2026-04-03T03:38:53.313+0600][22.932s][info][gc,phases      ] GC(107)   Pre Evacuate Collection Set: 0.32ms
[2026-04-03T03:38:53.313+0600][22.932s][info][gc,phases      ] GC(107)   Merge Heap Roots: 0.29ms
[2026-04-03T03:38:53.313+0600][22.932s][info][gc,phases      ] GC(107)   Evacuate Collection Set: 13.87ms
[2026-04-03T03:38:53.313+0600][22.932s][info][gc,phases      ] GC(107)   Post Evacuate Collection Set: 0.74ms
[2026-04-03T03:38:53.313+0600][22.932s][info][gc,phases      ] GC(107)   Other: 0.08ms
[2026-04-03T03:38:53.313+0600][22.932s][info][gc,heap        ] GC(107) Eden regions: 80->0(75)
[2026-04-03T03:38:53.313+0600][22.932s][info][gc,heap        ] GC(107) Survivor regions: 8->11(11)
[2026-04-03T03:38:53.313+0600][22.932s][info][gc,heap        ] GC(107) Old regions: 33->38
[2026-04-03T03:38:53.313+0600][22.932s][info][gc,heap        ] GC(107) Humongous regions: 11->11
[2026-04-03T03:38:53.313+0600][22.932s][info][gc,metaspace   ] GC(107) Metaspace: 68962K(69824K)->68962K(69824K) NonClass: 60176K(60672K)->60176K(60672K) Class: 8786K(9152K)->8786K(9152K)
[2026-04-03T03:38:53.313+0600][22.932s][info][gc             ] GC(107) Pause Young (Mixed) (G1 Evacuation Pause) 126M->56M(150M) 15.537ms
[2026-04-03T03:38:53.313+0600][22.932s][info][gc,cpu         ] GC(107) User=0.04s Sys=0.01s Real=0.02s
[2026-04-03T03:38:53.337+0600][22.956s][info][gc,start       ] GC(108) Pause Young (Concurrent Start) (G1 Humongous Allocation)
[2026-04-03T03:38:53.338+0600][22.956s][info][gc,task        ] GC(108) Using 3 workers of 10 for evacuation
[2026-04-03T03:38:53.348+0600][22.966s][info][gc,phases      ] GC(108)   Pre Evacuate Collection Set: 0.34ms
[2026-04-03T03:38:53.348+0600][22.966s][info][gc,phases      ] GC(108)   Merge Heap Roots: 0.21ms
[2026-04-03T03:38:53.348+0600][22.966s][info][gc,phases      ] GC(108)   Evacuate Collection Set: 8.90ms
[2026-04-03T03:38:53.348+0600][22.966s][info][gc,phases      ] GC(108)   Post Evacuate Collection Set: 0.36ms
[2026-04-03T03:38:53.348+0600][22.967s][info][gc,phases      ] GC(108)   Other: 0.23ms
[2026-04-03T03:38:53.348+0600][22.967s][info][gc,heap        ] GC(108) Eden regions: 19->0(66)
[2026-04-03T03:38:53.348+0600][22.967s][info][gc,heap        ] GC(108) Survivor regions: 11->5(11)
[2026-04-03T03:38:53.348+0600][22.967s][info][gc,heap        ] GC(108) Old regions: 38->49
[2026-04-03T03:38:53.348+0600][22.967s][info][gc,heap        ] GC(108) Humongous regions: 11->11
[2026-04-03T03:38:53.348+0600][22.967s][info][gc,metaspace   ] GC(108) Metaspace: 68962K(69824K)->68962K(69824K) NonClass: 60176K(60672K)->60176K(60672K) Class: 8786K(9152K)->8786K(9152K)
[2026-04-03T03:38:53.348+0600][22.967s][info][gc             ] GC(108) Pause Young (Concurrent Start) (G1 Humongous Allocation) 74M->61M(150M) 10.299ms
[2026-04-03T03:38:53.348+0600][22.967s][info][gc,cpu         ] GC(108) User=0.03s Sys=0.00s Real=0.01s
[2026-04-03T03:38:53.348+0600][22.967s][info][gc             ] GC(109) Concurrent Mark Cycle
[2026-04-03T03:38:53.348+0600][22.967s][info][gc,marking     ] GC(109) Concurrent Scan Root Regions
[2026-04-03T03:38:53.351+0600][22.969s][info][gc,marking     ] GC(109) Concurrent Scan Root Regions 2.548ms
[2026-04-03T03:38:53.351+0600][22.969s][info][gc,marking     ] GC(109) Concurrent Mark
[2026-04-03T03:38:53.351+0600][22.969s][info][gc,marking     ] GC(109) Concurrent Mark From Roots
[2026-04-03T03:38:53.351+0600][22.969s][info][gc,task        ] GC(109) Using 3 workers of 3 for marking
[2026-04-03T03:38:53.375+0600][22.993s][info][gc,marking     ] GC(109) Concurrent Mark From Roots 24.075ms
[2026-04-03T03:38:53.375+0600][22.994s][info][gc,marking     ] GC(109) Concurrent Preclean
[2026-04-03T03:38:53.375+0600][22.994s][info][gc,marking     ] GC(109) Concurrent Preclean 0.180ms
[2026-04-03T03:38:53.375+0600][22.994s][info][gc,start       ] GC(109) Pause Remark
[2026-04-03T03:38:53.387+0600][23.006s][info][gc             ] GC(109) Pause Remark 75M->74M(150M) 11.865ms
[2026-04-03T03:38:53.387+0600][23.006s][info][gc,cpu         ] GC(109) User=0.03s Sys=0.00s Real=0.01s
[2026-04-03T03:38:53.387+0600][23.006s][info][gc,marking     ] GC(109) Concurrent Mark 36.753ms
[2026-04-03T03:38:53.387+0600][23.006s][info][gc,marking     ] GC(109) Concurrent Rebuild Remembered Sets and Scrub Regions
[2026-04-03T03:38:53.410+0600][23.029s][info][gc,marking     ] GC(109) Concurrent Rebuild Remembered Sets and Scrub Regions 22.787ms
[2026-04-03T03:38:53.410+0600][23.029s][info][gc,start       ] GC(109) Pause Cleanup
[2026-04-03T03:38:53.411+0600][23.030s][info][gc             ] GC(109) Pause Cleanup 88M->88M(150M) 0.333ms
[2026-04-03T03:38:53.411+0600][23.030s][info][gc,cpu         ] GC(109) User=0.00s Sys=0.00s Real=0.00s
[2026-04-03T03:38:53.411+0600][23.030s][info][gc,marking     ] GC(109) Concurrent Clear Claimed Marks
[2026-04-03T03:38:53.411+0600][23.030s][info][gc,marking     ] GC(109) Concurrent Clear Claimed Marks 0.155ms
[2026-04-03T03:38:53.411+0600][23.030s][info][gc,marking     ] GC(109) Concurrent Cleanup for Next Mark
[2026-04-03T03:38:53.411+0600][23.030s][info][gc,marking     ] GC(109) Concurrent Cleanup for Next Mark 0.320ms
[2026-04-03T03:38:53.412+0600][23.030s][info][gc             ] GC(109) Concurrent Mark Cycle 63.607ms
[2026-04-03T03:38:53.515+0600][23.134s][info][gc,start       ] GC(110) Pause Young (Prepare Mixed) (G1 Evacuation Pause)
[2026-04-03T03:38:53.516+0600][23.134s][info][gc,task        ] GC(110) Using 3 workers of 10 for evacuation
[2026-04-03T03:38:53.536+0600][23.155s][info][gc,phases      ] GC(110)   Pre Evacuate Collection Set: 0.31ms
[2026-04-03T03:38:53.536+0600][23.155s][info][gc,phases      ] GC(110)   Merge Heap Roots: 0.40ms
[2026-04-03T03:38:53.536+0600][23.155s][info][gc,phases      ] GC(110)   Evacuate Collection Set: 19.31ms
[2026-04-03T03:38:53.536+0600][23.155s][info][gc,phases      ] GC(110)   Post Evacuate Collection Set: 0.73ms
[2026-04-03T03:38:53.536+0600][23.155s][info][gc,phases      ] GC(110)   Other: 0.08ms
[2026-04-03T03:38:53.536+0600][23.155s][info][gc,heap        ] GC(110) Eden regions: 66->0(51)
[2026-04-03T03:38:53.536+0600][23.155s][info][gc,heap        ] GC(110) Survivor regions: 5->9(9)
[2026-04-03T03:38:53.537+0600][23.155s][info][gc,heap        ] GC(110) Old regions: 48->57
[2026-04-03T03:38:53.537+0600][23.155s][info][gc,heap        ] GC(110) Humongous regions: 17->17
[2026-04-03T03:38:53.537+0600][23.155s][info][gc,metaspace   ] GC(110) Metaspace: 69157K(70016K)->69157K(70016K) NonClass: 60330K(60800K)->60330K(60800K) Class: 8826K(9216K)->8826K(9216K)
[2026-04-03T03:38:53.537+0600][23.155s][info][gc             ] GC(110) Pause Young (Prepare Mixed) (G1 Evacuation Pause) 132M->79M(154M) 21.071ms
[2026-04-03T03:38:53.537+0600][23.155s][info][gc,cpu         ] GC(110) User=0.05s Sys=0.00s Real=0.02s
[2026-04-03T03:38:53.610+0600][23.229s][info][gc,start       ] GC(111) Pause Young (Mixed) (G1 Evacuation Pause)
[2026-04-03T03:38:53.610+0600][23.229s][info][gc,task        ] GC(111) Using 3 workers of 10 for evacuation
[2026-04-03T03:38:53.632+0600][23.251s][info][gc,phases      ] GC(111)   Pre Evacuate Collection Set: 0.46ms
[2026-04-03T03:38:53.633+0600][23.251s][info][gc,phases      ] GC(111)   Merge Heap Roots: 0.54ms
[2026-04-03T03:38:53.633+0600][23.251s][info][gc,phases      ] GC(111)   Evacuate Collection Set: 20.65ms
[2026-04-03T03:38:53.633+0600][23.251s][info][gc,phases      ] GC(111)   Post Evacuate Collection Set: 0.55ms
[2026-04-03T03:38:53.633+0600][23.251s][info][gc,phases      ] GC(111)   Other: 0.08ms
[2026-04-03T03:38:53.633+0600][23.251s][info][gc,heap        ] GC(111) Eden regions: 51->0(44)
[2026-04-03T03:38:53.633+0600][23.251s][info][gc,heap        ] GC(111) Survivor regions: 9->8(8)
[2026-04-03T03:38:53.633+0600][23.251s][info][gc,heap        ] GC(111) Old regions: 57->66
[2026-04-03T03:38:53.633+0600][23.251s][info][gc,heap        ] GC(111) Humongous regions: 23->23
[2026-04-03T03:38:53.633+0600][23.251s][info][gc,metaspace   ] GC(111) Metaspace: 69157K(70016K)->69157K(70016K) NonClass: 60330K(60800K)->60330K(60800K) Class: 8826K(9216K)->8826K(9216K)
[2026-04-03T03:38:53.633+0600][23.251s][info][gc             ] GC(111) Pause Young (Mixed) (G1 Evacuation Pause) 136M->93M(159M) 22.518ms
[2026-04-03T03:38:53.633+0600][23.251s][info][gc,cpu         ] GC(111) User=0.06s Sys=0.00s Real=0.02s
[2026-04-03T03:38:53.654+0600][23.273s][info][gc,start       ] GC(112) Pause Young (Concurrent Start) (G1 Humongous Allocation)
[2026-04-03T03:38:53.654+0600][23.273s][info][gc,task        ] GC(112) Using 3 workers of 10 for evacuation
[2026-04-03T03:38:53.671+0600][23.290s][info][gc,phases      ] GC(112)   Pre Evacuate Collection Set: 0.50ms
[2026-04-03T03:38:53.671+0600][23.290s][info][gc,phases      ] GC(112)   Merge Heap Roots: 0.20ms
[2026-04-03T03:38:53.671+0600][23.290s][info][gc,phases      ] GC(112)   Evacuate Collection Set: 14.00ms
[2026-04-03T03:38:53.671+0600][23.290s][info][gc,phases      ] GC(112)   Post Evacuate Collection Set: 2.08ms
[2026-04-03T03:38:53.671+0600][23.290s][info][gc,phases      ] GC(112)   Other: 0.24ms
[2026-04-03T03:38:53.671+0600][23.290s][info][gc,heap        ] GC(112) Eden regions: 15->0(157)
[2026-04-03T03:38:53.671+0600][23.290s][info][gc,heap        ] GC(112) Survivor regions: 8->4(7)
[2026-04-03T03:38:53.671+0600][23.290s][info][gc,heap        ] GC(112) Old regions: 66->74
[2026-04-03T03:38:53.671+0600][23.290s][info][gc,heap        ] GC(112) Humongous regions: 23->23
[2026-04-03T03:38:53.671+0600][23.290s][info][gc,metaspace   ] GC(112) Metaspace: 69158K(70016K)->69158K(70016K) NonClass: 60331K(60800K)->60331K(60800K) Class: 8826K(9216K)->8826K(9216K)
[2026-04-03T03:38:53.671+0600][23.290s][info][gc             ] GC(112) Pause Young (Concurrent Start) (G1 Humongous Allocation) 108M->97M(318M) 17.316ms
[2026-04-03T03:38:53.671+0600][23.290s][info][gc,cpu         ] GC(112) User=0.04s Sys=0.00s Real=0.02s
[2026-04-03T03:38:53.671+0600][23.290s][info][gc             ] GC(113) Concurrent Mark Cycle
[2026-04-03T03:38:53.672+0600][23.290s][info][gc,marking     ] GC(113) Concurrent Scan Root Regions
[2026-04-03T03:38:53.675+0600][23.293s][info][gc,marking     ] GC(113) Concurrent Scan Root Regions 3.058ms
[2026-04-03T03:38:53.675+0600][23.293s][info][gc,marking     ] GC(113) Concurrent Mark
[2026-04-03T03:38:53.675+0600][23.294s][info][gc,marking     ] GC(113) Concurrent Mark From Roots
[2026-04-03T03:38:53.675+0600][23.294s][info][gc,task        ] GC(113) Using 3 workers of 3 for marking
[2026-04-03T03:38:53.729+0600][23.348s][info][gc,marking     ] GC(113) Concurrent Mark From Roots 54.311ms
[2026-04-03T03:38:53.729+0600][23.348s][info][gc,marking     ] GC(113) Concurrent Preclean
[2026-04-03T03:38:53.729+0600][23.348s][info][gc,marking     ] GC(113) Concurrent Preclean 0.142ms
[2026-04-03T03:38:53.729+0600][23.348s][info][gc,start       ] GC(113) Pause Remark
[2026-04-03T03:38:53.736+0600][23.355s][info][gc             ] GC(113) Pause Remark 119M->112M(318M) 6.178ms
[2026-04-03T03:38:53.736+0600][23.355s][info][gc,cpu         ] GC(113) User=0.02s Sys=0.00s Real=0.01s
[2026-04-03T03:38:53.736+0600][23.355s][info][gc,marking     ] GC(113) Concurrent Mark 61.183ms
[2026-04-03T03:38:53.736+0600][23.355s][info][gc,marking     ] GC(113) Concurrent Rebuild Remembered Sets and Scrub Regions
[2026-04-03T03:38:53.770+0600][23.389s][info][gc,marking     ] GC(113) Concurrent Rebuild Remembered Sets and Scrub Regions 34.590ms
[2026-04-03T03:38:53.771+0600][23.390s][info][gc,start       ] GC(113) Pause Cleanup
[2026-04-03T03:38:53.771+0600][23.390s][info][gc             ] GC(113) Pause Cleanup 127M->127M(318M) 0.401ms
[2026-04-03T03:38:53.771+0600][23.390s][info][gc,cpu         ] GC(113) User=0.00s Sys=0.00s Real=0.00s
[2026-04-03T03:38:53.771+0600][23.390s][info][gc,marking     ] GC(113) Concurrent Clear Claimed Marks
[2026-04-03T03:38:53.772+0600][23.390s][info][gc,marking     ] GC(113) Concurrent Clear Claimed Marks 0.213ms
[2026-04-03T03:38:53.772+0600][23.390s][info][gc,marking     ] GC(113) Concurrent Cleanup for Next Mark
[2026-04-03T03:38:53.773+0600][23.392s][info][gc,marking     ] GC(113) Concurrent Cleanup for Next Mark 1.288ms
[2026-04-03T03:38:53.773+0600][23.392s][info][gc             ] GC(113) Concurrent Mark Cycle 101.470ms
[2026-04-03T03:38:53.978+0600][23.597s][info][gc,start       ] GC(114) Pause Young (Prepare Mixed) (G1 Evacuation Pause)
[2026-04-03T03:38:53.978+0600][23.597s][info][gc,task        ] GC(114) Using 7 workers of 10 for evacuation
[2026-04-03T03:38:53.998+0600][23.617s][info][gc,phases      ] GC(114)   Pre Evacuate Collection Set: 0.31ms
[2026-04-03T03:38:53.998+0600][23.617s][info][gc,phases      ] GC(114)   Merge Heap Roots: 0.38ms
[2026-04-03T03:38:53.998+0600][23.617s][info][gc,phases      ] GC(114)   Evacuate Collection Set: 18.36ms
[2026-04-03T03:38:53.998+0600][23.617s][info][gc,phases      ] GC(114)   Post Evacuate Collection Set: 0.80ms
[2026-04-03T03:38:53.998+0600][23.617s][info][gc,phases      ] GC(114)   Other: 0.14ms
[2026-04-03T03:38:53.998+0600][23.617s][info][gc,heap        ] GC(114) Eden regions: 157->0(134)
[2026-04-03T03:38:53.998+0600][23.617s][info][gc,heap        ] GC(114) Survivor regions: 4->21(21)
[2026-04-03T03:38:53.998+0600][23.617s][info][gc,heap        ] GC(114) Old regions: 74->88
[2026-04-03T03:38:53.998+0600][23.617s][info][gc,heap        ] GC(114) Humongous regions: 19->19
[2026-04-03T03:38:53.998+0600][23.617s][info][gc,metaspace   ] GC(114) Metaspace: 69158K(70016K)->69158K(70016K) NonClass: 60331K(60800K)->60331K(60800K) Class: 8826K(9216K)->8826K(9216K)
[2026-04-03T03:38:53.999+0600][23.617s][info][gc             ] GC(114) Pause Young (Prepare Mixed) (G1 Evacuation Pause) 250M->125M(318M) 20.324ms
[2026-04-03T03:38:53.999+0600][23.617s][info][gc,cpu         ] GC(114) User=0.13s Sys=0.00s Real=0.02s
[2026-04-03T03:38:54.228+0600][23.847s][info][gc,start       ] GC(115) Pause Young (Mixed) (G1 Evacuation Pause)
[2026-04-03T03:38:54.228+0600][23.847s][info][gc,task        ] GC(115) Using 7 workers of 10 for evacuation
[2026-04-03T03:38:54.258+0600][23.877s][info][gc,phases      ] GC(115)   Pre Evacuate Collection Set: 0.36ms
[2026-04-03T03:38:54.258+0600][23.877s][info][gc,phases      ] GC(115)   Merge Heap Roots: 0.79ms
[2026-04-03T03:38:54.258+0600][23.877s][info][gc,phases      ] GC(115)   Evacuate Collection Set: 27.55ms
[2026-04-03T03:38:54.258+0600][23.877s][info][gc,phases      ] GC(115)   Post Evacuate Collection Set: 1.10ms
[2026-04-03T03:38:54.258+0600][23.877s][info][gc,phases      ] GC(115)   Other: 0.11ms
[2026-04-03T03:38:54.258+0600][23.877s][info][gc,heap        ] GC(115) Eden regions: 134->0(109)
[2026-04-03T03:38:54.258+0600][23.877s][info][gc,heap        ] GC(115) Survivor regions: 21->20(20)
[2026-04-03T03:38:54.258+0600][23.877s][info][gc,heap        ] GC(115) Old regions: 88->111
[2026-04-03T03:38:54.258+0600][23.877s][info][gc,heap        ] GC(115) Humongous regions: 34->34
[2026-04-03T03:38:54.258+0600][23.877s][info][gc,metaspace   ] GC(115) Metaspace: 69275K(70080K)->69275K(70080K) NonClass: 60437K(60864K)->60437K(60864K) Class: 8838K(9216K)->8838K(9216K)
[2026-04-03T03:38:54.258+0600][23.877s][info][gc             ] GC(115) Pause Young (Mixed) (G1 Evacuation Pause) 274M->162M(322M) 30.261ms
[2026-04-03T03:38:54.258+0600][23.877s][info][gc,cpu         ] GC(115) User=0.19s Sys=0.01s Real=0.03s
[2026-04-03T03:38:54.366+0600][23.985s][info][gc,start       ] GC(116) Pause Young (Concurrent Start) (G1 Humongous Allocation)
[2026-04-03T03:38:54.366+0600][23.985s][info][gc,task        ] GC(116) Using 7 workers of 10 for evacuation
[2026-04-03T03:38:54.385+0600][24.004s][info][gc,phases      ] GC(116)   Pre Evacuate Collection Set: 0.40ms
[2026-04-03T03:38:54.385+0600][24.004s][info][gc,phases      ] GC(116)   Merge Heap Roots: 0.29ms
[2026-04-03T03:38:54.385+0600][24.004s][info][gc,phases      ] GC(116)   Evacuate Collection Set: 16.76ms
[2026-04-03T03:38:54.385+0600][24.004s][info][gc,phases      ] GC(116)   Post Evacuate Collection Set: 1.01ms
[2026-04-03T03:38:54.385+0600][24.004s][info][gc,phases      ] GC(116)   Other: 0.37ms
[2026-04-03T03:38:54.385+0600][24.004s][info][gc,heap        ] GC(116) Eden regions: 81->0(108)
[2026-04-03T03:38:54.385+0600][24.004s][info][gc,heap        ] GC(116) Survivor regions: 20->6(17)
[2026-04-03T03:38:54.385+0600][24.004s][info][gc,heap        ] GC(116) Old regions: 111->133
[2026-04-03T03:38:54.385+0600][24.004s][info][gc,heap        ] GC(116) Humongous regions: 34->34
[2026-04-03T03:38:54.385+0600][24.004s][info][gc,metaspace   ] GC(116) Metaspace: 69298K(70144K)->69298K(70144K) NonClass: 60460K(60928K)->60460K(60928K) Class: 8838K(9216K)->8838K(9216K)
[2026-04-03T03:38:54.385+0600][24.004s][info][gc             ] GC(116) Pause Young (Concurrent Start) (G1 Humongous Allocation) 243M->170M(322M) 19.279ms
[2026-04-03T03:38:54.385+0600][24.004s][info][gc,cpu         ] GC(116) User=0.12s Sys=0.00s Real=0.02s
[2026-04-03T03:38:54.385+0600][24.004s][info][gc             ] GC(117) Concurrent Mark Cycle
[2026-04-03T03:38:54.385+0600][24.004s][info][gc,marking     ] GC(117) Concurrent Scan Root Regions
[2026-04-03T03:38:54.397+0600][24.016s][info][gc,marking     ] GC(117) Concurrent Scan Root Regions 11.826ms
[2026-04-03T03:38:54.397+0600][24.016s][info][gc,marking     ] GC(117) Concurrent Mark
[2026-04-03T03:38:54.397+0600][24.016s][info][gc,marking     ] GC(117) Concurrent Mark From Roots
[2026-04-03T03:38:54.397+0600][24.016s][info][gc,task        ] GC(117) Using 3 workers of 3 for marking
[2026-04-03T03:38:54.499+0600][24.118s][info][gc,marking     ] GC(117) Concurrent Mark From Roots 101.753ms
[2026-04-03T03:38:54.499+0600][24.118s][info][gc,marking     ] GC(117) Concurrent Preclean
[2026-04-03T03:38:54.499+0600][24.118s][info][gc,marking     ] GC(117) Concurrent Preclean 0.185ms
[2026-04-03T03:38:54.500+0600][24.118s][info][gc,start       ] GC(117) Pause Remark
[2026-04-03T03:38:54.504+0600][24.123s][info][gc             ] GC(117) Pause Remark 197M->186M(322M) 4.041ms
[2026-04-03T03:38:54.504+0600][24.123s][info][gc,cpu         ] GC(117) User=0.01s Sys=0.00s Real=0.01s
[2026-04-03T03:38:54.504+0600][24.123s][info][gc,marking     ] GC(117) Concurrent Mark 106.807ms
[2026-04-03T03:38:54.504+0600][24.123s][info][gc,marking     ] GC(117) Concurrent Rebuild Remembered Sets and Scrub Regions
[2026-04-03T03:38:54.554+0600][24.173s][info][gc,marking     ] GC(117) Concurrent Rebuild Remembered Sets and Scrub Regions 50.120ms
[2026-04-03T03:38:54.555+0600][24.173s][info][gc,start       ] GC(117) Pause Cleanup
[2026-04-03T03:38:54.555+0600][24.174s][info][gc             ] GC(117) Pause Cleanup 214M->214M(322M) 0.423ms
[2026-04-03T03:38:54.555+0600][24.174s][info][gc,cpu         ] GC(117) User=0.00s Sys=0.01s Real=0.00s
[2026-04-03T03:38:54.555+0600][24.174s][info][gc,marking     ] GC(117) Concurrent Clear Claimed Marks
[2026-04-03T03:38:54.555+0600][24.174s][info][gc,marking     ] GC(117) Concurrent Clear Claimed Marks 0.163ms
[2026-04-03T03:38:54.555+0600][24.174s][info][gc,marking     ] GC(117) Concurrent Cleanup for Next Mark
[2026-04-03T03:38:54.556+0600][24.174s][info][gc,marking     ] GC(117) Concurrent Cleanup for Next Mark 0.412ms
[2026-04-03T03:38:54.556+0600][24.175s][info][gc             ] GC(117) Concurrent Mark Cycle 170.565ms
[2026-04-03T03:38:54.701+0600][24.320s][info][gc,start       ] GC(118) Pause Young (Prepare Mixed) (G1 Evacuation Pause)
[2026-04-03T03:38:54.701+0600][24.320s][info][gc,task        ] GC(118) Using 7 workers of 10 for evacuation
[2026-04-03T03:38:54.725+0600][24.343s][info][gc,phases      ] GC(118)   Pre Evacuate Collection Set: 0.42ms
[2026-04-03T03:38:54.725+0600][24.343s][info][gc,phases      ] GC(118)   Merge Heap Roots: 0.41ms
[2026-04-03T03:38:54.725+0600][24.344s][info][gc,phases      ] GC(118)   Evacuate Collection Set: 21.33ms
[2026-04-03T03:38:54.725+0600][24.344s][info][gc,phases      ] GC(118)   Post Evacuate Collection Set: 1.11ms
[2026-04-03T03:38:54.725+0600][24.344s][info][gc,phases      ] GC(118)   Other: 0.12ms
[2026-04-03T03:38:54.725+0600][24.344s][info][gc,heap        ] GC(118) Eden regions: 108->0(85)
[2026-04-03T03:38:54.725+0600][24.344s][info][gc,heap        ] GC(118) Survivor regions: 6->15(15)
[2026-04-03T03:38:54.725+0600][24.344s][info][gc,heap        ] GC(118) Old regions: 133->145
[2026-04-03T03:38:54.725+0600][24.344s][info][gc,heap        ] GC(118) Humongous regions: 40->40
[2026-04-03T03:38:54.725+0600][24.344s][info][gc,metaspace   ] GC(118) Metaspace: 69414K(70208K)->69414K(70208K) NonClass: 60549K(60992K)->60549K(60992K) Class: 8865K(9216K)->8865K(9216K)
[2026-04-03T03:38:54.725+0600][24.344s][info][gc             ] GC(118) Pause Young (Prepare Mixed) (G1 Evacuation Pause) 284M->196M(322M) 23.828ms
[2026-04-03T03:38:54.725+0600][24.344s][info][gc,cpu         ] GC(118) User=0.17s Sys=0.00s Real=0.02s
[2026-04-03T03:38:54.862+0600][24.481s][info][gc,start       ] GC(119) Pause Young (Mixed) (G1 Evacuation Pause)
[2026-04-03T03:38:54.862+0600][24.481s][info][gc,task        ] GC(119) Using 7 workers of 10 for evacuation
[2026-04-03T03:38:54.912+0600][24.531s][info][gc,phases      ] GC(119)   Pre Evacuate Collection Set: 0.76ms
[2026-04-03T03:38:54.912+0600][24.531s][info][gc,phases      ] GC(119)   Merge Heap Roots: 0.76ms
[2026-04-03T03:38:54.912+0600][24.531s][info][gc,phases      ] GC(119)   Evacuate Collection Set: 47.21ms
[2026-04-03T03:38:54.912+0600][24.531s][info][gc,phases      ] GC(119)   Post Evacuate Collection Set: 0.48ms
[2026-04-03T03:38:54.912+0600][24.531s][info][gc,phases      ] GC(119)   Other: 0.17ms
[2026-04-03T03:38:54.912+0600][24.531s][info][gc,heap        ] GC(119) Eden regions: 85->0(57)
[2026-04-03T03:38:54.912+0600][24.531s][info][gc,heap        ] GC(119) Survivor regions: 15->13(13)
[2026-04-03T03:38:54.912+0600][24.531s][info][gc,heap        ] GC(119) Old regions: 145->187
[2026-04-03T03:38:54.912+0600][24.531s][info][gc,heap        ] GC(119) Humongous regions: 68->68
[2026-04-03T03:38:54.912+0600][24.531s][info][gc,metaspace   ] GC(119) Metaspace: 69415K(70208K)->69415K(70208K) NonClass: 60550K(60992K)->60550K(60992K) Class: 8865K(9216K)->8865K(9216K)
[2026-04-03T03:38:54.912+0600][24.531s][info][gc             ] GC(119) Pause Young (Mixed) (G1 Evacuation Pause) 309M->266M(371M) 49.696ms
[2026-04-03T03:38:54.912+0600][24.531s][info][gc,cpu         ] GC(119) User=0.29s Sys=0.04s Real=0.05s
[2026-04-03T03:38:55.024+0600][24.643s][info][gc,start       ] GC(120) Pause Young (Concurrent Start) (G1 Evacuation Pause)
[2026-04-03T03:38:55.024+0600][24.643s][info][gc,task        ] GC(120) Using 8 workers of 10 for evacuation
[2026-04-03T03:38:55.053+0600][24.672s][info][gc,phases      ] GC(120)   Pre Evacuate Collection Set: 0.41ms
[2026-04-03T03:38:55.054+0600][24.672s][info][gc,phases      ] GC(120)   Merge Heap Roots: 0.62ms
[2026-04-03T03:38:55.054+0600][24.672s][info][gc,phases      ] GC(120)   Evacuate Collection Set: 24.80ms
[2026-04-03T03:38:55.054+0600][24.672s][info][gc,phases      ] GC(120)   Post Evacuate Collection Set: 3.48ms
[2026-04-03T03:38:55.054+0600][24.672s][info][gc,phases      ] GC(120)   Other: 0.23ms
[2026-04-03T03:38:55.054+0600][24.672s][info][gc,heap        ] GC(120) Eden regions: 57->0(222)
[2026-04-03T03:38:55.054+0600][24.672s][info][gc,heap        ] GC(120) Survivor regions: 13->9(9)
[2026-04-03T03:38:55.054+0600][24.672s][info][gc,heap        ] GC(120) Old regions: 187->211
[2026-04-03T03:38:55.054+0600][24.672s][info][gc,heap        ] GC(120) Humongous regions: 68->68
[2026-04-03T03:38:55.054+0600][24.672s][info][gc,metaspace   ] GC(120) Metaspace: 69420K(70208K)->69420K(70208K) NonClass: 60555K(60992K)->60555K(60992K) Class: 8865K(9216K)->8865K(9216K)
[2026-04-03T03:38:55.054+0600][24.672s][info][gc             ] GC(120) Pause Young (Concurrent Start) (G1 Evacuation Pause) 323M->286M(712M) 29.850ms
[2026-04-03T03:38:55.054+0600][24.673s][info][gc,cpu         ] GC(120) User=0.20s Sys=0.01s Real=0.03s
[2026-04-03T03:38:55.054+0600][24.673s][info][gc             ] GC(121) Concurrent Mark Cycle
[2026-04-03T03:38:55.054+0600][24.673s][info][gc,marking     ] GC(121) Concurrent Scan Root Regions
[2026-04-03T03:38:55.071+0600][24.690s][info][gc,marking     ] GC(121) Concurrent Scan Root Regions 17.500ms
[2026-04-03T03:38:55.072+0600][24.690s][info][gc,marking     ] GC(121) Concurrent Mark
[2026-04-03T03:38:55.072+0600][24.690s][info][gc,marking     ] GC(121) Concurrent Mark From Roots
[2026-04-03T03:38:55.072+0600][24.690s][info][gc,task        ] GC(121) Using 3 workers of 3 for marking
[2026-04-03T03:38:55.292+0600][24.911s][info][gc,marking     ] GC(121) Concurrent Mark From Roots 220.548ms
[2026-04-03T03:38:55.292+0600][24.911s][info][gc,marking     ] GC(121) Concurrent Preclean
[2026-04-03T03:38:55.292+0600][24.911s][info][gc,marking     ] GC(121) Concurrent Preclean 0.272ms
[2026-04-03T03:38:55.293+0600][24.912s][info][gc,start       ] GC(121) Pause Remark
[2026-04-03T03:38:55.298+0600][24.916s][info][gc             ] GC(121) Pause Remark 333M->291M(712M) 4.678ms
[2026-04-03T03:38:55.298+0600][24.917s][info][gc,cpu         ] GC(121) User=0.03s Sys=0.00s Real=0.00s
[2026-04-03T03:38:55.298+0600][24.917s][info][gc,marking     ] GC(121) Concurrent Mark 226.464ms
[2026-04-03T03:38:55.298+0600][24.917s][info][gc,marking     ] GC(121) Concurrent Rebuild Remembered Sets and Scrub Regions
[2026-04-03T03:38:55.416+0600][25.035s][info][gc,marking     ] GC(121) Concurrent Rebuild Remembered Sets and Scrub Regions 117.697ms
[2026-04-03T03:38:55.416+0600][25.035s][info][gc,start       ] GC(121) Pause Cleanup
[2026-04-03T03:38:55.417+0600][25.035s][info][gc             ] GC(121) Pause Cleanup 328M->328M(712M) 0.504ms
[2026-04-03T03:38:55.417+0600][25.036s][info][gc,cpu         ] GC(121) User=0.00s Sys=0.00s Real=0.00s
[2026-04-03T03:38:55.417+0600][25.036s][info][gc,marking     ] GC(121) Concurrent Clear Claimed Marks
[2026-04-03T03:38:55.417+0600][25.036s][info][gc,marking     ] GC(121) Concurrent Clear Claimed Marks 0.236ms
[2026-04-03T03:38:55.417+0600][25.036s][info][gc,marking     ] GC(121) Concurrent Cleanup for Next Mark
[2026-04-03T03:38:55.421+0600][25.039s][info][gc,marking     ] GC(121) Concurrent Cleanup for Next Mark 3.441ms
[2026-04-03T03:38:55.421+0600][25.039s][info][gc             ] GC(121) Concurrent Mark Cycle 366.788ms
[2026-04-03T03:38:55.624+0600][25.243s][info][gc,start       ] GC(122) Pause Young (Prepare Mixed) (G1 Evacuation Pause)
[2026-04-03T03:38:55.624+0600][25.243s][info][gc,task        ] GC(122) Using 10 workers of 10 for evacuation
[2026-04-03T03:38:55.669+0600][25.288s][info][gc,phases      ] GC(122)   Pre Evacuate Collection Set: 0.35ms
[2026-04-03T03:38:55.669+0600][25.288s][info][gc,phases      ] GC(122)   Merge Heap Roots: 0.93ms
[2026-04-03T03:38:55.669+0600][25.288s][info][gc,phases      ] GC(122)   Evacuate Collection Set: 41.83ms
[2026-04-03T03:38:55.669+0600][25.288s][info][gc,phases      ] GC(122)   Post Evacuate Collection Set: 1.12ms
[2026-04-03T03:38:55.669+0600][25.288s][info][gc,phases      ] GC(122)   Other: 0.18ms
[2026-04-03T03:38:55.669+0600][25.288s][info][gc,heap        ] GC(122) Eden regions: 222->0(244)
[2026-04-03T03:38:55.669+0600][25.288s][info][gc,heap        ] GC(122) Survivor regions: 9->29(29)
[2026-04-03T03:38:55.669+0600][25.288s][info][gc,heap        ] GC(122) Old regions: 211->219
[2026-04-03T03:38:55.669+0600][25.288s][info][gc,heap        ] GC(122) Humongous regions: 41->41
[2026-04-03T03:38:55.669+0600][25.288s][info][gc,metaspace   ] GC(122) Metaspace: 69627K(70464K)->69627K(70464K) NonClass: 60741K(61184K)->60741K(61184K) Class: 8886K(9280K)->8886K(9280K)
[2026-04-03T03:38:55.669+0600][25.288s][info][gc             ] GC(122) Pause Young (Prepare Mixed) (G1 Evacuation Pause) 481M->287M(712M) 44.762ms
[2026-04-03T03:38:55.669+0600][25.288s][info][gc,cpu         ] GC(122) User=0.39s Sys=0.05s Real=0.04s
[2026-04-03T03:38:55.912+0600][25.531s][info][gc,start       ] GC(123) Pause Young (Mixed) (G1 Evacuation Pause)
[2026-04-03T03:38:55.912+0600][25.531s][info][gc,task        ] GC(123) Using 10 workers of 10 for evacuation
[2026-04-03T03:38:55.972+0600][25.591s][info][gc,phases      ] GC(123)   Pre Evacuate Collection Set: 0.56ms
[2026-04-03T03:38:55.973+0600][25.591s][info][gc,phases      ] GC(123)   Merge Heap Roots: 1.73ms
[2026-04-03T03:38:55.973+0600][25.591s][info][gc,phases      ] GC(123)   Evacuate Collection Set: 56.75ms
[2026-04-03T03:38:55.973+0600][25.591s][info][gc,phases      ] GC(123)   Post Evacuate Collection Set: 1.15ms
[2026-04-03T03:38:55.973+0600][25.591s][info][gc,phases      ] GC(123)   Other: 0.14ms
[2026-04-03T03:38:55.973+0600][25.591s][info][gc,heap        ] GC(123) Eden regions: 244->0(246)
[2026-04-03T03:38:55.973+0600][25.591s][info][gc,heap        ] GC(123) Survivor regions: 29->24(35)
[2026-04-03T03:38:55.973+0600][25.591s][info][gc,heap        ] GC(123) Old regions: 219->247
[2026-04-03T03:38:55.973+0600][25.591s][info][gc,heap        ] GC(123) Humongous regions: 59->59
[2026-04-03T03:38:55.973+0600][25.591s][info][gc,metaspace   ] GC(123) Metaspace: 69627K(70464K)->69627K(70464K) NonClass: 60741K(61184K)->60741K(61184K) Class: 8886K(9280K)->8886K(9280K)
[2026-04-03T03:38:55.973+0600][25.592s][info][gc             ] GC(123) Pause Young (Mixed) (G1 Evacuation Pause) 549M->329M(712M) 60.694ms
[2026-04-03T03:38:55.973+0600][25.592s][info][gc,cpu         ] GC(123) User=0.56s Sys=0.02s Real=0.06s
[2026-04-03T03:38:56.198+0600][25.817s][info][gc,start       ] GC(124) Pause Young (Concurrent Start) (G1 Evacuation Pause)
[2026-04-03T03:38:56.198+0600][25.817s][info][gc,task        ] GC(124) Using 10 workers of 10 for evacuation
[2026-04-03T03:38:56.238+0600][25.856s][info][gc,phases      ] GC(124)   Pre Evacuate Collection Set: 0.62ms
[2026-04-03T03:38:56.238+0600][25.857s][info][gc,phases      ] GC(124)   Merge Heap Roots: 0.47ms
[2026-04-03T03:38:56.238+0600][25.857s][info][gc,phases      ] GC(124)   Evacuate Collection Set: 37.29ms
[2026-04-03T03:38:56.238+0600][25.857s][info][gc,phases      ] GC(124)   Post Evacuate Collection Set: 1.01ms
[2026-04-03T03:38:56.238+0600][25.857s][info][gc,phases      ] GC(124)   Other: 0.29ms
[2026-04-03T03:38:56.238+0600][25.857s][info][gc,heap        ] GC(124) Eden regions: 246->0(248)
[2026-04-03T03:38:56.238+0600][25.857s][info][gc,heap        ] GC(124) Survivor regions: 24->21(34)
[2026-04-03T03:38:56.238+0600][25.857s][info][gc,heap        ] GC(124) Old regions: 247->271
[2026-04-03T03:38:56.238+0600][25.857s][info][gc,heap        ] GC(124) Humongous regions: 59->59
[2026-04-03T03:38:56.238+0600][25.857s][info][gc,metaspace   ] GC(124) Metaspace: 69627K(70464K)->69627K(70464K) NonClass: 60741K(61184K)->60741K(61184K) Class: 8886K(9280K)->8886K(9280K)
[2026-04-03T03:38:56.238+0600][25.857s][info][gc             ] GC(124) Pause Young (Concurrent Start) (G1 Evacuation Pause) 575M->349M(712M) 40.099ms
[2026-04-03T03:38:56.238+0600][25.857s][info][gc,cpu         ] GC(124) User=0.37s Sys=0.01s Real=0.04s
[2026-04-03T03:38:56.238+0600][25.857s][info][gc             ] GC(125) Concurrent Mark Cycle
[2026-04-03T03:38:56.238+0600][25.857s][info][gc,marking     ] GC(125) Concurrent Scan Root Regions
[2026-04-03T03:38:56.255+0600][25.874s][info][gc,marking     ] GC(125) Concurrent Scan Root Regions 16.736ms
[2026-04-03T03:38:56.255+0600][25.874s][info][gc,marking     ] GC(125) Concurrent Mark
[2026-04-03T03:38:56.255+0600][25.874s][info][gc,marking     ] GC(125) Concurrent Mark From Roots
[2026-04-03T03:38:56.255+0600][25.874s][info][gc,task        ] GC(125) Using 3 workers of 3 for marking
[2026-04-03T03:38:56.548+0600][26.167s][info][gc,marking     ] GC(125) Concurrent Mark From Roots 293.456ms
[2026-04-03T03:38:56.549+0600][26.167s][info][gc,marking     ] GC(125) Concurrent Preclean
[2026-04-03T03:38:56.549+0600][26.168s][info][gc,marking     ] GC(125) Concurrent Preclean 0.201ms
[2026-04-03T03:38:56.549+0600][26.168s][info][gc,start       ] GC(125) Pause Remark
[2026-04-03T03:38:56.553+0600][26.172s][info][gc             ] GC(125) Pause Remark 576M->558M(712M) 4.033ms
[2026-04-03T03:38:56.553+0600][26.172s][info][gc,cpu         ] GC(125) User=0.03s Sys=0.00s Real=0.01s
[2026-04-03T03:38:56.553+0600][26.172s][info][gc,marking     ] GC(125) Concurrent Mark 298.376ms
[2026-04-03T03:38:56.553+0600][26.172s][info][gc,marking     ] GC(125) Concurrent Rebuild Remembered Sets and Scrub Regions
[2026-04-03T03:38:56.582+0600][26.201s][info][gc,start       ] GC(126) Pause Young (Normal) (G1 Evacuation Pause)
[2026-04-03T03:38:56.582+0600][26.201s][info][gc,task        ] GC(126) Using 10 workers of 10 for evacuation
[2026-04-03T03:38:56.612+0600][26.231s][info][gc,phases      ] GC(126)   Pre Evacuate Collection Set: 0.43ms
[2026-04-03T03:38:56.612+0600][26.231s][info][gc,phases      ] GC(126)   Merge Heap Roots: 0.48ms
[2026-04-03T03:38:56.612+0600][26.231s][info][gc,phases      ] GC(126)   Evacuate Collection Set: 28.07ms
[2026-04-03T03:38:56.612+0600][26.231s][info][gc,phases      ] GC(126)   Post Evacuate Collection Set: 0.94ms
[2026-04-03T03:38:56.612+0600][26.231s][info][gc,phases      ] GC(126)   Other: 0.18ms
[2026-04-03T03:38:56.612+0600][26.231s][info][gc,heap        ] GC(126) Eden regions: 248->0(268)
[2026-04-03T03:38:56.612+0600][26.231s][info][gc,heap        ] GC(126) Survivor regions: 21->18(34)
[2026-04-03T03:38:56.612+0600][26.231s][info][gc,heap        ] GC(126) Old regions: 271->287
[2026-04-03T03:38:56.612+0600][26.231s][info][gc,heap        ] GC(126) Humongous regions: 41->41
[2026-04-03T03:38:56.612+0600][26.231s][info][gc,metaspace   ] GC(126) Metaspace: 69627K(70464K)->69627K(70464K) NonClass: 60741K(61184K)->60741K(61184K) Class: 8886K(9280K)->8886K(9280K)
[2026-04-03T03:38:56.613+0600][26.231s][info][gc             ] GC(126) Pause Young (Normal) (G1 Evacuation Pause) 579M->344M(712M) 30.489ms
[2026-04-03T03:38:56.613+0600][26.231s][info][gc,cpu         ] GC(126) User=0.28s Sys=0.00s Real=0.03s
[2026-04-03T03:38:56.772+0600][26.391s][info][gc,marking     ] GC(125) Concurrent Rebuild Remembered Sets and Scrub Regions 218.806ms
[2026-04-03T03:38:56.773+0600][26.392s][info][gc,start       ] GC(125) Pause Cleanup
[2026-04-03T03:38:56.773+0600][26.392s][info][gc             ] GC(125) Pause Cleanup 471M->471M(712M) 0.502ms
[2026-04-03T03:38:56.773+0600][26.392s][info][gc,cpu         ] GC(125) User=0.00s Sys=0.00s Real=0.00s
[2026-04-03T03:38:56.773+0600][26.392s][info][gc,marking     ] GC(125) Concurrent Clear Claimed Marks
[2026-04-03T03:38:56.774+0600][26.393s][info][gc,marking     ] GC(125) Concurrent Clear Claimed Marks 0.311ms
[2026-04-03T03:38:56.774+0600][26.393s][info][gc,marking     ] GC(125) Concurrent Cleanup for Next Mark
[2026-04-03T03:38:56.775+0600][26.394s][info][gc,marking     ] GC(125) Concurrent Cleanup for Next Mark 1.150ms
[2026-04-03T03:38:56.775+0600][26.394s][info][gc             ] GC(125) Concurrent Mark Cycle 537.026ms
[2026-04-03T03:38:56.949+0600][26.567s][info][gc,start       ] GC(127) Pause Young (Prepare Mixed) (G1 Evacuation Pause)
[2026-04-03T03:38:56.949+0600][26.568s][info][gc,task        ] GC(127) Using 10 workers of 10 for evacuation
[2026-04-03T03:38:56.994+0600][26.613s][info][gc,phases      ] GC(127)   Pre Evacuate Collection Set: 0.69ms
[2026-04-03T03:38:56.994+0600][26.613s][info][gc,phases      ] GC(127)   Merge Heap Roots: 1.98ms
[2026-04-03T03:38:56.994+0600][26.613s][info][gc,phases      ] GC(127)   Evacuate Collection Set: 41.07ms
[2026-04-03T03:38:56.994+0600][26.613s][info][gc,phases      ] GC(127)   Post Evacuate Collection Set: 1.06ms
[2026-04-03T03:38:56.994+0600][26.613s][info][gc,phases      ] GC(127)   Other: 0.20ms
[2026-04-03T03:38:56.994+0600][26.613s][info][gc,heap        ] GC(127) Eden regions: 268->0(245)
[2026-04-03T03:38:56.994+0600][26.613s][info][gc,heap        ] GC(127) Survivor regions: 18->33(36)
[2026-04-03T03:38:56.994+0600][26.613s][info][gc,heap        ] GC(127) Old regions: 287->287
[2026-04-03T03:38:56.994+0600][26.613s][info][gc,heap        ] GC(127) Humongous regions: 68->68
[2026-04-03T03:38:56.994+0600][26.613s][info][gc,metaspace   ] GC(127) Metaspace: 69627K(70464K)->69627K(70464K) NonClass: 60741K(61184K)->60741K(61184K) Class: 8886K(9280K)->8886K(9280K)
[2026-04-03T03:38:56.994+0600][26.613s][info][gc             ] GC(127) Pause Young (Prepare Mixed) (G1 Evacuation Pause) 639M->386M(712M) 45.361ms
[2026-04-03T03:38:56.994+0600][26.613s][info][gc,cpu         ] GC(127) User=0.41s Sys=0.03s Real=0.05s
[2026-04-03T03:38:58.327+0600][27.946s][info][gc,start       ] GC(128) Pause Young (Mixed) (G1 Evacuation Pause)
[2026-04-03T03:38:58.327+0600][27.946s][info][gc,task        ] GC(128) Using 10 workers of 10 for evacuation
[2026-04-03T03:38:58.400+0600][28.018s][info][gc,phases      ] GC(128)   Pre Evacuate Collection Set: 0.43ms
[2026-04-03T03:38:58.400+0600][28.019s][info][gc,phases      ] GC(128)   Merge Heap Roots: 1.76ms
[2026-04-03T03:38:58.400+0600][28.019s][info][gc,phases      ] GC(128)   Evacuate Collection Set: 69.28ms
[2026-04-03T03:38:58.400+0600][28.019s][info][gc,phases      ] GC(128)   Post Evacuate Collection Set: 1.23ms
[2026-04-03T03:38:58.400+0600][28.019s][info][gc,phases      ] GC(128)   Other: 0.13ms
[2026-04-03T03:38:58.400+0600][28.019s][info][gc,heap        ] GC(128) Eden regions: 245->0(235)
[2026-04-03T03:38:58.400+0600][28.019s][info][gc,heap        ] GC(128) Survivor regions: 33->16(35)
[2026-04-03T03:38:58.400+0600][28.019s][info][gc,heap        ] GC(128) Old regions: 287->311
[2026-04-03T03:38:58.400+0600][28.019s][info][gc,heap        ] GC(128) Humongous regions: 83->83
[2026-04-03T03:38:58.400+0600][28.019s][info][gc,metaspace   ] GC(128) Metaspace: 69790K(70720K)->69790K(70720K) NonClass: 60888K(61440K)->60888K(61440K) Class: 8902K(9280K)->8902K(9280K)
[2026-04-03T03:38:58.400+0600][28.019s][info][gc             ] GC(128) Pause Young (Mixed) (G1 Evacuation Pause) 646M->409M(712M) 73.244ms
[2026-04-03T03:38:58.400+0600][28.019s][info][gc,cpu         ] GC(128) User=0.69s Sys=0.03s Real=0.08s
[2026-04-03T03:38:58.481+0600][28.100s][info][gc,start       ] GC(129) Pause Young (Concurrent Start) (G1 Humongous Allocation)
[2026-04-03T03:38:58.481+0600][28.100s][info][gc,task        ] GC(129) Using 10 workers of 10 for evacuation
[2026-04-03T03:38:58.509+0600][28.127s][info][gc,phases      ] GC(129)   Pre Evacuate Collection Set: 0.45ms
[2026-04-03T03:38:58.509+0600][28.127s][info][gc,phases      ] GC(129)   Merge Heap Roots: 0.38ms
[2026-04-03T03:38:58.509+0600][28.127s][info][gc,phases      ] GC(129)   Evacuate Collection Set: 25.80ms
[2026-04-03T03:38:58.509+0600][28.128s][info][gc,phases      ] GC(129)   Post Evacuate Collection Set: 0.89ms
[2026-04-03T03:38:58.509+0600][28.128s][info][gc,phases      ] GC(129)   Other: 0.21ms
[2026-04-03T03:38:58.509+0600][28.128s][info][gc,heap        ] GC(129) Eden regions: 15->0(247)
[2026-04-03T03:38:58.509+0600][28.128s][info][gc,heap        ] GC(129) Survivor regions: 16->16(32)
[2026-04-03T03:38:58.509+0600][28.128s][info][gc,heap        ] GC(129) Old regions: 311->311
[2026-04-03T03:38:58.509+0600][28.128s][info][gc,heap        ] GC(129) Humongous regions: 83->83
[2026-04-03T03:38:58.509+0600][28.128s][info][gc,metaspace   ] GC(129) Metaspace: 69804K(70720K)->69804K(70720K) NonClass: 60898K(61440K)->60898K(61440K) Class: 8905K(9280K)->8905K(9280K)
[2026-04-03T03:38:58.509+0600][28.128s][info][gc             ] GC(129) Pause Young (Concurrent Start) (G1 Humongous Allocation) 424M->408M(712M) 28.120ms
[2026-04-03T03:38:58.509+0600][28.128s][info][gc,cpu         ] GC(129) User=0.27s Sys=0.00s Real=0.02s
[2026-04-03T03:38:58.509+0600][28.128s][info][gc             ] GC(130) Concurrent Mark Cycle
[2026-04-03T03:38:58.509+0600][28.128s][info][gc,marking     ] GC(130) Concurrent Scan Root Regions
[2026-04-03T03:38:58.515+0600][28.134s][info][gc,marking     ] GC(130) Concurrent Scan Root Regions 6.301ms
[2026-04-03T03:38:58.515+0600][28.134s][info][gc,marking     ] GC(130) Concurrent Mark
[2026-04-03T03:38:58.516+0600][28.134s][info][gc,marking     ] GC(130) Concurrent Mark From Roots
[2026-04-03T03:38:58.516+0600][28.134s][info][gc,task        ] GC(130) Using 3 workers of 3 for marking
[2026-04-03T03:38:58.727+0600][28.346s][info][gc,marking     ] GC(130) Concurrent Mark From Roots 211.558ms
[2026-04-03T03:38:58.727+0600][28.346s][info][gc,marking     ] GC(130) Concurrent Preclean
[2026-04-03T03:38:58.727+0600][28.346s][info][gc,marking     ] GC(130) Concurrent Preclean 0.241ms
[2026-04-03T03:38:58.728+0600][28.347s][info][gc,start       ] GC(130) Pause Remark
[2026-04-03T03:38:58.770+0600][28.389s][info][gc             ] GC(130) Pause Remark 454M->349M(712M) 42.166ms
[2026-04-03T03:38:58.770+0600][28.389s][info][gc,cpu         ] GC(130) User=0.42s Sys=0.01s Real=0.05s
[2026-04-03T03:38:58.770+0600][28.389s][info][gc,marking     ] GC(130) Concurrent Mark 254.725ms
[2026-04-03T03:38:58.770+0600][28.389s][info][gc,marking     ] GC(130) Concurrent Rebuild Remembered Sets and Scrub Regions
[2026-04-03T03:38:58.991+0600][28.610s][info][gc,marking     ] GC(130) Concurrent Rebuild Remembered Sets and Scrub Regions 221.155ms
[2026-04-03T03:38:58.992+0600][28.611s][info][gc,start       ] GC(130) Pause Cleanup
[2026-04-03T03:38:58.992+0600][28.611s][info][gc             ] GC(130) Pause Cleanup 405M->405M(712M) 0.644ms
[2026-04-03T03:38:58.993+0600][28.611s][info][gc,cpu         ] GC(130) User=0.00s Sys=0.00s Real=0.00s
[2026-04-03T03:38:58.993+0600][28.612s][info][gc,marking     ] GC(130) Concurrent Clear Claimed Marks
[2026-04-03T03:38:58.993+0600][28.612s][info][gc,marking     ] GC(130) Concurrent Clear Claimed Marks 0.223ms
[2026-04-03T03:38:58.993+0600][28.612s][info][gc,marking     ] GC(130) Concurrent Cleanup for Next Mark
[2026-04-03T03:38:58.994+0600][28.613s][info][gc,marking     ] GC(130) Concurrent Cleanup for Next Mark 0.921ms
[2026-04-03T03:38:58.994+0600][28.613s][info][gc             ] GC(130) Concurrent Mark Cycle 484.916ms
[2026-04-03T03:38:59.373+0600][28.992s][info][gc,start       ] GC(131) Pause Young (Prepare Mixed) (G1 Evacuation Pause)
[2026-04-03T03:38:59.373+0600][28.992s][info][gc,task        ] GC(131) Using 10 workers of 10 for evacuation
[2026-04-03T03:38:59.443+0600][29.061s][info][gc,phases      ] GC(131)   Pre Evacuate Collection Set: 0.40ms
[2026-04-03T03:38:59.443+0600][29.061s][info][gc,phases      ] GC(131)   Merge Heap Roots: 1.18ms
[2026-04-03T03:38:59.443+0600][29.062s][info][gc,phases      ] GC(131)   Evacuate Collection Set: 66.44ms
[2026-04-03T03:38:59.443+0600][29.062s][info][gc,phases      ] GC(131)   Post Evacuate Collection Set: 1.09ms
[2026-04-03T03:38:59.443+0600][29.062s][info][gc,phases      ] GC(131)   Other: 0.11ms
[2026-04-03T03:38:59.443+0600][29.062s][info][gc,heap        ] GC(131) Eden regions: 247->0(212)
[2026-04-03T03:38:59.443+0600][29.062s][info][gc,heap        ] GC(131) Survivor regions: 16->33(33)
[2026-04-03T03:38:59.443+0600][29.062s][info][gc,heap        ] GC(131) Old regions: 260->297
[2026-04-03T03:38:59.443+0600][29.062s][info][gc,heap        ] GC(131) Humongous regions: 91->80
[2026-04-03T03:38:59.443+0600][29.062s][info][gc,metaspace   ] GC(131) Metaspace: 69884K(70784K)->69884K(70784K) NonClass: 60970K(61504K)->60970K(61504K) Class: 8914K(9280K)->8914K(9280K)
[2026-04-03T03:38:59.443+0600][29.062s][info][gc             ] GC(131) Pause Young (Prepare Mixed) (G1 Evacuation Pause) 612M->409M(712M) 69.579ms
[2026-04-03T03:38:59.443+0600][29.062s][info][gc,cpu         ] GC(131) User=0.68s Sys=0.00s Real=0.07s
[2026-04-03T03:38:59.695+0600][29.314s][info][gc,start       ] GC(132) Pause Young (Mixed) (G1 Evacuation Pause)
[2026-04-03T03:38:59.695+0600][29.314s][info][gc,task        ] GC(132) Using 10 workers of 10 for evacuation
[2026-04-03T03:38:59.774+0600][29.393s][info][gc,phases      ] GC(132)   Pre Evacuate Collection Set: 0.42ms
[2026-04-03T03:38:59.774+0600][29.393s][info][gc,phases      ] GC(132)   Merge Heap Roots: 0.92ms
[2026-04-03T03:38:59.774+0600][29.393s][info][gc,phases      ] GC(132)   Evacuate Collection Set: 74.67ms
[2026-04-03T03:38:59.774+0600][29.393s][info][gc,phases      ] GC(132)   Post Evacuate Collection Set: 2.86ms
[2026-04-03T03:38:59.774+0600][29.393s][info][gc,phases      ] GC(132)   Other: 0.15ms
[2026-04-03T03:38:59.774+0600][29.393s][info][gc,heap        ] GC(132) Eden regions: 212->0(418)
[2026-04-03T03:38:59.774+0600][29.393s][info][gc,heap        ] GC(132) Survivor regions: 33->31(31)
[2026-04-03T03:38:59.774+0600][29.393s][info][gc,heap        ] GC(132) Old regions: 297->311
[2026-04-03T03:38:59.774+0600][29.393s][info][gc,heap        ] GC(132) Humongous regions: 98->98
[2026-04-03T03:38:59.774+0600][29.393s][info][gc,metaspace   ] GC(132) Metaspace: 69888K(70784K)->69888K(70784K) NonClass: 60973K(61504K)->60973K(61504K) Class: 8914K(9280K)->8914K(9280K)
[2026-04-03T03:38:59.774+0600][29.393s][info][gc             ] GC(132) Pause Young (Mixed) (G1 Evacuation Pause) 639M->439M(1007M) 79.351ms
[2026-04-03T03:38:59.774+0600][29.393s][info][gc,cpu         ] GC(132) User=0.73s Sys=0.02s Real=0.08s
[2026-04-03T03:39:00.233+0600][29.852s][info][gc,start       ] GC(133) Pause Young (Normal) (G1 Evacuation Pause)
[2026-04-03T03:39:00.233+0600][29.852s][info][gc,task        ] GC(133) Using 10 workers of 10 for evacuation
[2026-04-03T03:39:00.318+0600][29.937s][info][gc,phases      ] GC(133)   Pre Evacuate Collection Set: 0.48ms
[2026-04-03T03:39:00.318+0600][29.937s][info][gc,phases      ] GC(133)   Merge Heap Roots: 2.47ms
[2026-04-03T03:39:00.318+0600][29.937s][info][gc,phases      ] GC(133)   Evacuate Collection Set: 79.97ms
[2026-04-03T03:39:00.318+0600][29.937s][info][gc,phases      ] GC(133)   Post Evacuate Collection Set: 1.44ms
[2026-04-03T03:39:00.318+0600][29.937s][info][gc,phases      ] GC(133)   Other: 0.25ms
[2026-04-03T03:39:00.318+0600][29.937s][info][gc,heap        ] GC(133) Eden regions: 418->0(347)
[2026-04-03T03:39:00.318+0600][29.937s][info][gc,heap        ] GC(133) Survivor regions: 31->45(57)
[2026-04-03T03:39:00.318+0600][29.937s][info][gc,heap        ] GC(133) Old regions: 311->343
[2026-04-03T03:39:00.318+0600][29.937s][info][gc,heap        ] GC(133) Humongous regions: 128->128
[2026-04-03T03:39:00.318+0600][29.937s][info][gc,metaspace   ] GC(133) Metaspace: 69889K(70784K)->69889K(70784K) NonClass: 60974K(61504K)->60974K(61504K) Class: 8914K(9280K)->8914K(9280K)
[2026-04-03T03:39:00.318+0600][29.937s][info][gc             ] GC(133) Pause Young (Normal) (G1 Evacuation Pause) 887M->515M(1007M) 85.081ms
[2026-04-03T03:39:00.318+0600][29.937s][info][gc,cpu         ] GC(133) User=0.82s Sys=0.00s Real=0.08s
[2026-04-03T03:39:00.645+0600][30.264s][info][gc,start       ] GC(134) Pause Young (Normal) (G1 Evacuation Pause)
[2026-04-03T03:39:00.645+0600][30.264s][info][gc,task        ] GC(134) Using 10 workers of 10 for evacuation
[2026-04-03T03:39:00.704+0600][30.323s][info][gc,phases      ] GC(134)   Pre Evacuate Collection Set: 0.40ms
[2026-04-03T03:39:00.704+0600][30.323s][info][gc,phases      ] GC(134)   Merge Heap Roots: 0.36ms
[2026-04-03T03:39:00.704+0600][30.323s][info][gc,phases      ] GC(134)   Evacuate Collection Set: 57.35ms
[2026-04-03T03:39:00.704+0600][30.323s][info][gc,phases      ] GC(134)   Post Evacuate Collection Set: 0.75ms
[2026-04-03T03:39:00.704+0600][30.323s][info][gc,phases      ] GC(134)   Other: 0.15ms
[2026-04-03T03:39:00.704+0600][30.323s][info][gc,heap        ] GC(134) Eden regions: 347->0(347)
[2026-04-03T03:39:00.704+0600][30.323s][info][gc,heap        ] GC(134) Survivor regions: 45->26(49)
[2026-04-03T03:39:00.704+0600][30.323s][info][gc,heap        ] GC(134) Old regions: 343->385
[2026-04-03T03:39:00.704+0600][30.323s][info][gc,heap        ] GC(134) Humongous regions: 128->128
[2026-04-03T03:39:00.704+0600][30.323s][info][gc,metaspace   ] GC(134) Metaspace: 69889K(70784K)->69889K(70784K) NonClass: 60974K(61504K)->60974K(61504K) Class: 8914K(9280K)->8914K(9280K)
[2026-04-03T03:39:00.705+0600][30.323s][info][gc             ] GC(134) Pause Young (Normal) (G1 Evacuation Pause) 862M->538M(1007M) 59.356ms
[2026-04-03T03:39:00.705+0600][30.323s][info][gc,cpu         ] GC(134) User=0.58s Sys=0.00s Real=0.06s
[2026-04-03T03:39:00.974+0600][30.593s][info][gc,start       ] GC(135) Pause Young (Concurrent Start) (G1 Humongous Allocation)
[2026-04-03T03:39:00.974+0600][30.593s][info][gc,task        ] GC(135) Using 10 workers of 10 for evacuation
[2026-04-03T03:39:01.009+0600][30.628s][info][gc,phases      ] GC(135)   Pre Evacuate Collection Set: 0.39ms
[2026-04-03T03:39:01.009+0600][30.628s][info][gc,phases      ] GC(135)   Merge Heap Roots: 0.36ms
[2026-04-03T03:39:01.009+0600][30.628s][info][gc,phases      ] GC(135)   Evacuate Collection Set: 33.39ms
[2026-04-03T03:39:01.009+0600][30.628s][info][gc,phases      ] GC(135)   Post Evacuate Collection Set: 0.89ms
[2026-04-03T03:39:01.009+0600][30.628s][info][gc,phases      ] GC(135)   Other: 0.28ms
[2026-04-03T03:39:01.009+0600][30.628s][info][gc,heap        ] GC(135) Eden regions: 277->0(348)
[2026-04-03T03:39:01.009+0600][30.628s][info][gc,heap        ] GC(135) Survivor regions: 26->21(47)
[2026-04-03T03:39:01.009+0600][30.628s][info][gc,heap        ] GC(135) Old regions: 385->406
[2026-04-03T03:39:01.009+0600][30.628s][info][gc,heap        ] GC(135) Humongous regions: 128->128
[2026-04-03T03:39:01.009+0600][30.628s][info][gc,metaspace   ] GC(135) Metaspace: 69889K(70784K)->69889K(70784K) NonClass: 60974K(61504K)->60974K(61504K) Class: 8914K(9280K)->8914K(9280K)
[2026-04-03T03:39:01.009+0600][30.628s][info][gc             ] GC(135) Pause Young (Concurrent Start) (G1 Humongous Allocation) 815M->553M(1007M) 35.713ms
[2026-04-03T03:39:01.009+0600][30.628s][info][gc,cpu         ] GC(135) User=0.33s Sys=0.01s Real=0.03s
[2026-04-03T03:39:01.010+0600][30.628s][info][gc             ] GC(136) Concurrent Mark Cycle
[2026-04-03T03:39:01.010+0600][30.628s][info][gc,marking     ] GC(136) Concurrent Scan Root Regions
[2026-04-03T03:39:01.026+0600][30.645s][info][gc,marking     ] GC(136) Concurrent Scan Root Regions 16.399ms
[2026-04-03T03:39:01.026+0600][30.645s][info][gc,marking     ] GC(136) Concurrent Mark
[2026-04-03T03:39:01.026+0600][30.645s][info][gc,marking     ] GC(136) Concurrent Mark From Roots
[2026-04-03T03:39:01.026+0600][30.645s][info][gc,task        ] GC(136) Using 3 workers of 3 for marking
[2026-04-03T03:39:01.328+0600][30.947s][info][gc,marking     ] GC(136) Concurrent Mark From Roots 301.928ms
[2026-04-03T03:39:01.328+0600][30.947s][info][gc,marking     ] GC(136) Concurrent Preclean
[2026-04-03T03:39:01.328+0600][30.947s][info][gc,marking     ] GC(136) Concurrent Preclean 0.146ms
[2026-04-03T03:39:01.329+0600][30.947s][info][gc,start       ] GC(136) Pause Remark
[2026-04-03T03:39:01.349+0600][30.968s][info][gc             ] GC(136) Pause Remark 746M->594M(1007M) 20.080ms
[2026-04-03T03:39:01.349+0600][30.968s][info][gc,cpu         ] GC(136) User=0.17s Sys=0.01s Real=0.02s
[2026-04-03T03:39:01.349+0600][30.968s][info][gc,marking     ] GC(136) Concurrent Mark 322.754ms
[2026-04-03T03:39:01.349+0600][30.968s][info][gc,marking     ] GC(136) Concurrent Rebuild Remembered Sets and Scrub Regions
[2026-04-03T03:39:01.703+0600][31.322s][info][gc,marking     ] GC(136) Concurrent Rebuild Remembered Sets and Scrub Regions 354.474ms
[2026-04-03T03:39:01.704+0600][31.323s][info][gc,start       ] GC(136) Pause Cleanup
[2026-04-03T03:39:01.704+0600][31.323s][info][gc             ] GC(136) Pause Cleanup 607M->607M(1007M) 0.637ms
[2026-04-03T03:39:01.704+0600][31.323s][info][gc,cpu         ] GC(136) User=0.01s Sys=0.00s Real=0.00s
[2026-04-03T03:39:01.705+0600][31.323s][info][gc,marking     ] GC(136) Concurrent Clear Claimed Marks
[2026-04-03T03:39:01.705+0600][31.324s][info][gc,marking     ] GC(136) Concurrent Clear Claimed Marks 0.205ms
[2026-04-03T03:39:01.705+0600][31.324s][info][gc,marking     ] GC(136) Concurrent Cleanup for Next Mark
[2026-04-03T03:39:01.707+0600][31.326s][info][gc,marking     ] GC(136) Concurrent Cleanup for Next Mark 2.438ms
[2026-04-03T03:39:01.707+0600][31.326s][info][gc             ] GC(136) Concurrent Mark Cycle 697.764ms
[2026-04-03T03:39:02.524+0600][32.142s][info][gc,start       ] GC(137) Pause Young (Prepare Mixed) (G1 Evacuation Pause)
[2026-04-03T03:39:02.524+0600][32.143s][info][gc,task        ] GC(137) Using 10 workers of 10 for evacuation
[2026-04-03T03:39:02.616+0600][32.235s][info][gc,phases      ] GC(137)   Pre Evacuate Collection Set: 0.46ms
[2026-04-03T03:39:02.616+0600][32.235s][info][gc,phases      ] GC(137)   Merge Heap Roots: 2.92ms
[2026-04-03T03:39:02.616+0600][32.235s][info][gc,phases      ] GC(137)   Evacuate Collection Set: 86.98ms
[2026-04-03T03:39:02.616+0600][32.235s][info][gc,phases      ] GC(137)   Post Evacuate Collection Set: 1.42ms
[2026-04-03T03:39:02.616+0600][32.235s][info][gc,phases      ] GC(137)   Other: 0.16ms
[2026-04-03T03:39:02.616+0600][32.235s][info][gc,heap        ] GC(137) Eden regions: 348->0(369)
[2026-04-03T03:39:02.616+0600][32.235s][info][gc,heap        ] GC(137) Survivor regions: 21->47(47)
[2026-04-03T03:39:02.616+0600][32.235s][info][gc,heap        ] GC(137) Old regions: 341->359
[2026-04-03T03:39:02.616+0600][32.235s][info][gc,heap        ] GC(137) Humongous regions: 127->116
[2026-04-03T03:39:02.616+0600][32.235s][info][gc,metaspace   ] GC(137) Metaspace: 69977K(70784K)->69977K(70784K) NonClass: 61055K(61504K)->61055K(61504K) Class: 8922K(9280K)->8922K(9280K)
[2026-04-03T03:39:02.616+0600][32.235s][info][gc             ] GC(137) Pause Young (Prepare Mixed) (G1 Evacuation Pause) 835M->521M(1007M) 92.331ms
[2026-04-03T03:39:02.616+0600][32.235s][info][gc,cpu         ] GC(137) User=0.90s Sys=0.01s Real=0.09s
[2026-04-03T03:39:03.398+0600][33.017s][info][gc,start       ] GC(138) Pause Young (Mixed) (G1 Evacuation Pause)
[2026-04-03T03:39:03.398+0600][33.017s][info][gc,task        ] GC(138) Using 10 workers of 10 for evacuation
[2026-04-03T03:39:03.549+0600][33.168s][info][gc,phases      ] GC(138)   Pre Evacuate Collection Set: 0.55ms
[2026-04-03T03:39:03.549+0600][33.168s][info][gc,phases      ] GC(138)   Merge Heap Roots: 2.98ms
[2026-04-03T03:39:03.549+0600][33.168s][info][gc,phases      ] GC(138)   Evacuate Collection Set: 143.95ms
[2026-04-03T03:39:03.549+0600][33.168s][info][gc,phases      ] GC(138)   Post Evacuate Collection Set: 2.96ms
[2026-04-03T03:39:03.549+0600][33.168s][info][gc,phases      ] GC(138)   Other: 0.17ms
[2026-04-03T03:39:03.549+0600][33.168s][info][gc,heap        ] GC(138) Eden regions: 369->0(491)
[2026-04-03T03:39:03.549+0600][33.168s][info][gc,heap        ] GC(138) Survivor regions: 47->52(52)
[2026-04-03T03:39:03.549+0600][33.168s][info][gc,heap        ] GC(138) Old regions: 359->383
[2026-04-03T03:39:03.549+0600][33.168s][info][gc,heap        ] GC(138) Humongous regions: 189->167
[2026-04-03T03:39:03.549+0600][33.168s][info][gc,metaspace   ] GC(138) Metaspace: 70616K(71616K)->70616K(71616K) NonClass: 61587K(62144K)->61587K(62144K) Class: 9029K(9472K)->9029K(9472K)
[2026-04-03T03:39:03.549+0600][33.168s][info][gc             ] GC(138) Pause Young (Mixed) (G1 Evacuation Pause) 963M->601M(1253M) 150.932ms
[2026-04-03T03:39:03.549+0600][33.168s][info][gc,cpu         ] GC(138) User=1.49s Sys=0.10s Real=0.15s
[2026-04-03T03:39:04.453+0600][34.072s][info][gc,start       ] GC(139) Pause Young (Concurrent Start) (G1 Humongous Allocation)
[2026-04-03T03:39:04.453+0600][34.072s][info][gc,task        ] GC(139) Using 10 workers of 10 for evacuation
[2026-04-03T03:39:04.519+0600][34.138s][info][gc,phases      ] GC(139)   Pre Evacuate Collection Set: 0.58ms
[2026-04-03T03:39:04.519+0600][34.138s][info][gc,phases      ] GC(139)   Merge Heap Roots: 0.92ms
[2026-04-03T03:39:04.519+0600][34.138s][info][gc,phases      ] GC(139)   Evacuate Collection Set: 62.54ms
[2026-04-03T03:39:04.519+0600][34.138s][info][gc,phases      ] GC(139)   Post Evacuate Collection Set: 1.48ms
[2026-04-03T03:39:04.519+0600][34.138s][info][gc,phases      ] GC(139)   Other: 0.33ms
[2026-04-03T03:39:04.519+0600][34.138s][info][gc,heap        ] GC(139) Eden regions: 203->0(449)
[2026-04-03T03:39:04.519+0600][34.138s][info][gc,heap        ] GC(139) Survivor regions: 52->23(68)
[2026-04-03T03:39:04.519+0600][34.138s][info][gc,heap        ] GC(139) Old regions: 383->433
[2026-04-03T03:39:04.519+0600][34.138s][info][gc,heap        ] GC(139) Humongous regions: 188->182
[2026-04-03T03:39:04.519+0600][34.138s][info][gc,metaspace   ] GC(139) Metaspace: 70660K(71616K)->70660K(71616K) NonClass: 61628K(62144K)->61628K(62144K) Class: 9032K(9472K)->9032K(9472K)
[2026-04-03T03:39:04.519+0600][34.138s][info][gc             ] GC(139) Pause Young (Concurrent Start) (G1 Humongous Allocation) 824M->636M(1253M) 66.209ms
[2026-04-03T03:39:04.520+0600][34.138s][info][gc,cpu         ] GC(139) User=0.62s Sys=0.01s Real=0.06s
[2026-04-03T03:39:04.520+0600][34.138s][info][gc             ] GC(140) Concurrent Mark Cycle
[2026-04-03T03:39:04.520+0600][34.139s][info][gc,marking     ] GC(140) Concurrent Scan Root Regions
[2026-04-03T03:39:04.538+0600][34.157s][info][gc,marking     ] GC(140) Concurrent Scan Root Regions 18.667ms
[2026-04-03T03:39:04.539+0600][34.157s][info][gc,marking     ] GC(140) Concurrent Mark
[2026-04-03T03:39:04.539+0600][34.157s][info][gc,marking     ] GC(140) Concurrent Mark From Roots
[2026-04-03T03:39:04.539+0600][34.157s][info][gc,task        ] GC(140) Using 3 workers of 3 for marking
[2026-04-03T03:39:04.687+0600][34.306s][info][gc,marking     ] GC(140) Concurrent Mark From Roots 148.483ms
[2026-04-03T03:39:04.687+0600][34.306s][info][gc,marking     ] GC(140) Concurrent Preclean
[2026-04-03T03:39:04.687+0600][34.306s][info][gc,marking     ] GC(140) Concurrent Preclean 0.287ms
[2026-04-03T03:39:04.688+0600][34.307s][info][gc,start       ] GC(140) Pause Remark
[2026-04-03T03:39:04.694+0600][34.313s][info][gc             ] GC(140) Pause Remark 670M->314M(957M) 6.075ms
[2026-04-03T03:39:04.694+0600][34.313s][info][gc,cpu         ] GC(140) User=0.04s Sys=0.01s Real=0.01s
[2026-04-03T03:39:04.694+0600][34.313s][info][gc,marking     ] GC(140) Concurrent Mark 155.564ms
[2026-04-03T03:39:04.694+0600][34.313s][info][gc,marking     ] GC(140) Concurrent Rebuild Remembered Sets and Scrub Regions
[2026-04-03T03:39:04.764+0600][34.383s][info][gc,marking     ] GC(140) Concurrent Rebuild Remembered Sets and Scrub Regions 69.705ms
[2026-04-03T03:39:04.764+0600][34.383s][info][gc,start       ] GC(140) Pause Cleanup
[2026-04-03T03:39:04.765+0600][34.384s][info][gc             ] GC(140) Pause Cleanup 328M->328M(957M) 0.559ms
[2026-04-03T03:39:04.765+0600][34.384s][info][gc,cpu         ] GC(140) User=0.00s Sys=0.00s Real=0.00s
[2026-04-03T03:39:04.765+0600][34.384s][info][gc,marking     ] GC(140) Concurrent Clear Claimed Marks
[2026-04-03T03:39:04.765+0600][34.384s][info][gc,marking     ] GC(140) Concurrent Clear Claimed Marks 0.265ms
[2026-04-03T03:39:04.765+0600][34.384s][info][gc,marking     ] GC(140) Concurrent Cleanup for Next Mark
[2026-04-03T03:39:04.767+0600][34.386s][info][gc,marking     ] GC(140) Concurrent Cleanup for Next Mark 1.388ms
[2026-04-03T03:39:04.767+0600][34.386s][info][gc             ] GC(140) Concurrent Mark Cycle 247.145ms
[2026-04-03T03:39:05.374+0600][34.992s][info][gc,start       ] GC(141) Pause Young (Prepare Mixed) (G1 Evacuation Pause)
[2026-04-03T03:39:05.374+0600][34.993s][info][gc,task        ] GC(141) Using 10 workers of 10 for evacuation
[2026-04-03T03:39:05.424+0600][35.042s][info][gc,phases      ] GC(141)   Pre Evacuate Collection Set: 0.39ms
[2026-04-03T03:39:05.424+0600][35.043s][info][gc,phases      ] GC(141)   Merge Heap Roots: 0.39ms
[2026-04-03T03:39:05.424+0600][35.043s][info][gc,phases      ] GC(141)   Evacuate Collection Set: 47.78ms
[2026-04-03T03:39:05.424+0600][35.043s][info][gc,phases      ] GC(141)   Post Evacuate Collection Set: 1.19ms
[2026-04-03T03:39:05.424+0600][35.043s][info][gc,phases      ] GC(141)   Other: 0.15ms
[2026-04-03T03:39:05.424+0600][35.043s][info][gc,heap        ] GC(141) Eden regions: 449->0(458)
[2026-04-03T03:39:05.424+0600][35.043s][info][gc,heap        ] GC(141) Survivor regions: 23->58(59)
[2026-04-03T03:39:05.424+0600][35.043s][info][gc,heap        ] GC(141) Old regions: 248->248
[2026-04-03T03:39:05.424+0600][35.043s][info][gc,heap        ] GC(141) Humongous regions: 34->29
[2026-04-03T03:39:05.424+0600][35.043s][info][gc,metaspace   ] GC(141) Metaspace: 70747K(71744K)->70747K(71744K) NonClass: 61705K(62272K)->61705K(62272K) Class: 9041K(9472K)->9041K(9472K)
[2026-04-03T03:39:05.424+0600][35.043s][info][gc             ] GC(141) Pause Young (Prepare Mixed) (G1 Evacuation Pause) 752M->333M(957M) 50.342ms
[2026-04-03T03:39:05.424+0600][35.043s][info][gc,cpu         ] GC(141) User=0.48s Sys=0.00s Real=0.05s
[2026-04-03T03:39:06.535+0600][36.153s][info][gc,start       ] GC(142) Pause Young (Mixed) (G1 Evacuation Pause)
[2026-04-03T03:39:06.535+0600][36.153s][info][gc,task        ] GC(142) Using 10 workers of 10 for evacuation
[2026-04-03T03:39:06.678+0600][36.297s][info][gc,phases      ] GC(142)   Pre Evacuate Collection Set: 0.29ms
[2026-04-03T03:39:06.678+0600][36.297s][info][gc,phases      ] GC(142)   Merge Heap Roots: 0.93ms
[2026-04-03T03:39:06.678+0600][36.297s][info][gc,phases      ] GC(142)   Evacuate Collection Set: 140.29ms
[2026-04-03T03:39:06.678+0600][36.297s][info][gc,phases      ] GC(142)   Post Evacuate Collection Set: 1.68ms
[2026-04-03T03:39:06.678+0600][36.297s][info][gc,phases      ] GC(142)   Other: 0.16ms
[2026-04-03T03:39:06.678+0600][36.297s][info][gc,heap        ] GC(142) Eden regions: 375->0(458)
[2026-04-03T03:39:06.678+0600][36.297s][info][gc,heap        ] GC(142) Survivor regions: 58->49(65)
[2026-04-03T03:39:06.678+0600][36.297s][info][gc,heap        ] GC(142) Old regions: 248->295
[2026-04-03T03:39:06.678+0600][36.297s][info][gc,heap        ] GC(142) Humongous regions: 276->104
[2026-04-03T03:39:06.678+0600][36.297s][info][gc,metaspace   ] GC(142) Metaspace: 72461K(73472K)->72461K(73472K) NonClass: 63187K(63744K)->63187K(63744K) Class: 9273K(9728K)->9273K(9728K)
[2026-04-03T03:39:06.678+0600][36.297s][info][gc             ] GC(142) Pause Young (Mixed) (G1 Evacuation Pause) 955M->446M(1064M) 143.759ms
[2026-04-03T03:39:06.678+0600][36.297s][info][gc,cpu         ] GC(142) User=1.28s Sys=0.13s Real=0.14s
[2026-04-03T03:39:06.680+0600][36.299s][info][gc,start       ] GC(143) Pause Young (Concurrent Start) (G1 Humongous Allocation)
[2026-04-03T03:39:06.680+0600][36.299s][info][gc,task        ] GC(143) Using 10 workers of 10 for evacuation
[2026-04-03T03:39:06.717+0600][36.336s][info][gc,phases      ] GC(143)   Pre Evacuate Collection Set: 0.68ms
[2026-04-03T03:39:06.718+0600][36.336s][info][gc,phases      ] GC(143)   Merge Heap Roots: 0.27ms
[2026-04-03T03:39:06.718+0600][36.336s][info][gc,phases      ] GC(143)   Evacuate Collection Set: 35.34ms
[2026-04-03T03:39:06.718+0600][36.336s][info][gc,phases      ] GC(143)   Post Evacuate Collection Set: 0.51ms
[2026-04-03T03:39:06.718+0600][36.336s][info][gc,phases      ] GC(143)   Other: 0.26ms
[2026-04-03T03:39:06.718+0600][36.336s][info][gc,heap        ] GC(143) Eden regions: 2->0(480)
[2026-04-03T03:39:06.718+0600][36.336s][info][gc,heap        ] GC(143) Survivor regions: 49->4(64)
[2026-04-03T03:39:06.718+0600][36.336s][info][gc,heap        ] GC(143) Old regions: 295->343
[2026-04-03T03:39:06.718+0600][36.336s][info][gc,heap        ] GC(143) Humongous regions: 104->104
[2026-04-03T03:39:06.718+0600][36.336s][info][gc,metaspace   ] GC(143) Metaspace: 72462K(73472K)->72462K(73472K) NonClass: 63189K(63744K)->63189K(63744K) Class: 9273K(9728K)->9273K(9728K)
[2026-04-03T03:39:06.718+0600][36.337s][info][gc             ] GC(143) Pause Young (Concurrent Start) (G1 Humongous Allocation) 448M->449M(1064M) 37.401ms
[2026-04-03T03:39:06.718+0600][36.337s][info][gc             ] GC(144) Concurrent Mark Cycle
[2026-04-03T03:39:06.718+0600][36.337s][info][gc,cpu         ] GC(143) User=0.35s Sys=0.00s Real=0.03s
[2026-04-03T03:39:06.718+0600][36.337s][info][gc,marking     ] GC(144) Concurrent Scan Root Regions
[2026-04-03T03:39:06.732+0600][36.351s][info][gc,marking     ] GC(144) Concurrent Scan Root Regions 13.926ms
[2026-04-03T03:39:06.732+0600][36.351s][info][gc,marking     ] GC(144) Concurrent Mark
[2026-04-03T03:39:06.732+0600][36.351s][info][gc,marking     ] GC(144) Concurrent Mark From Roots
[2026-04-03T03:39:06.732+0600][36.351s][info][gc,task        ] GC(144) Using 3 workers of 3 for marking
[2026-04-03T03:39:06.856+0600][36.474s][info][gc,marking     ] GC(144) Concurrent Mark From Roots 123.818ms
[2026-04-03T03:39:06.856+0600][36.475s][info][gc,marking     ] GC(144) Concurrent Preclean
[2026-04-03T03:39:06.856+0600][36.475s][info][gc,marking     ] GC(144) Concurrent Preclean 0.165ms
[2026-04-03T03:39:06.856+0600][36.475s][info][gc,start       ] GC(144) Pause Remark
[2026-04-03T03:39:06.870+0600][36.489s][info][gc             ] GC(144) Pause Remark 550M->375M(950M) 13.768ms
[2026-04-03T03:39:06.870+0600][36.489s][info][gc,cpu         ] GC(144) User=0.11s Sys=0.00s Real=0.02s
[2026-04-03T03:39:06.870+0600][36.489s][info][gc,marking     ] GC(144) Concurrent Mark 138.324ms
[2026-04-03T03:39:06.870+0600][36.489s][info][gc,marking     ] GC(144) Concurrent Rebuild Remembered Sets and Scrub Regions
[2026-04-03T03:39:06.940+0600][36.558s][info][gc,marking     ] GC(144) Concurrent Rebuild Remembered Sets and Scrub Regions 69.434ms
[2026-04-03T03:39:06.940+0600][36.559s][info][gc,start       ] GC(144) Pause Cleanup
[2026-04-03T03:39:06.940+0600][36.559s][info][gc             ] GC(144) Pause Cleanup 453M->453M(950M) 0.636ms
[2026-04-03T03:39:06.941+0600][36.559s][info][gc,cpu         ] GC(144) User=0.00s Sys=0.00s Real=0.00s
[2026-04-03T03:39:06.941+0600][36.559s][info][gc,marking     ] GC(144) Concurrent Clear Claimed Marks
[2026-04-03T03:39:06.941+0600][36.560s][info][gc,marking     ] GC(144) Concurrent Clear Claimed Marks 0.329ms
[2026-04-03T03:39:06.941+0600][36.560s][info][gc,marking     ] GC(144) Concurrent Cleanup for Next Mark
[2026-04-03T03:39:06.943+0600][36.561s][info][gc,marking     ] GC(144) Concurrent Cleanup for Next Mark 1.470ms
[2026-04-03T03:39:06.943+0600][36.561s][info][gc             ] GC(144) Concurrent Mark Cycle 224.828ms
[2026-04-03T03:39:07.208+0600][36.827s][info][gc,start       ] GC(145) Pause Young (Prepare Mixed) (G1 Evacuation Pause)
[2026-04-03T03:39:07.208+0600][36.827s][info][gc,task        ] GC(145) Using 10 workers of 10 for evacuation
[2026-04-03T03:39:07.279+0600][36.898s][info][gc,phases      ] GC(145)   Pre Evacuate Collection Set: 0.34ms
[2026-04-03T03:39:07.279+0600][36.898s][info][gc,phases      ] GC(145)   Merge Heap Roots: 0.28ms
[2026-04-03T03:39:07.279+0600][36.898s][info][gc,phases      ] GC(145)   Evacuate Collection Set: 69.07ms
[2026-04-03T03:39:07.279+0600][36.898s][info][gc,phases      ] GC(145)   Post Evacuate Collection Set: 0.88ms
[2026-04-03T03:39:07.279+0600][36.898s][info][gc,phases      ] GC(145)   Other: 0.11ms
[2026-04-03T03:39:07.279+0600][36.898s][info][gc,heap        ] GC(145) Eden regions: 480->0(461)
[2026-04-03T03:39:07.279+0600][36.898s][info][gc,heap        ] GC(145) Survivor regions: 4->61(61)
[2026-04-03T03:39:07.279+0600][36.898s][info][gc,heap        ] GC(145) Old regions: 258->259
[2026-04-03T03:39:07.279+0600][36.898s][info][gc,heap        ] GC(145) Humongous regions: 26->26
[2026-04-03T03:39:07.279+0600][36.898s][info][gc,metaspace   ] GC(145) Metaspace: 72544K(73600K)->72544K(73600K) NonClass: 63270K(63872K)->63270K(63872K) Class: 9273K(9728K)->9273K(9728K)
[2026-04-03T03:39:07.279+0600][36.898s][info][gc             ] GC(145) Pause Young (Prepare Mixed) (G1 Evacuation Pause) 766M->344M(950M) 71.096ms
[2026-04-03T03:39:07.279+0600][36.898s][info][gc,cpu         ] GC(145) User=0.34s Sys=0.01s Real=0.07s
[2026-04-03T03:39:07.311+0600][36.930s][info][gc,start       ] GC(146) Pause Full (System.gc())
[2026-04-03T03:39:07.311+0600][36.930s][info][gc,task        ] GC(146) Using 10 workers of 10 for full compaction
[2026-04-03T03:39:07.311+0600][36.930s][info][gc,phases,start] GC(146) Phase 1: Mark live objects
[2026-04-03T03:39:07.355+0600][36.974s][info][gc,phases      ] GC(146) Phase 1: Mark live objects 43.920ms
[2026-04-03T03:39:07.355+0600][36.974s][info][gc,phases,start] GC(146) Phase 2: Prepare compaction
[2026-04-03T03:39:07.358+0600][36.977s][info][gc,phases      ] GC(146) Phase 2: Prepare compaction 2.814ms
[2026-04-03T03:39:07.358+0600][36.977s][info][gc,phases,start] GC(146) Phase 3: Adjust pointers
[2026-04-03T03:39:07.374+0600][36.993s][info][gc,phases      ] GC(146) Phase 3: Adjust pointers 15.953ms
[2026-04-03T03:39:07.374+0600][36.993s][info][gc,phases,start] GC(146) Phase 4: Compact heap
[2026-04-03T03:39:07.378+0600][36.997s][info][gc,phases      ] GC(146) Phase 4: Compact heap 3.659ms
[2026-04-03T03:39:07.378+0600][36.997s][info][gc,phases,start] GC(146) Phase 5: Reset Metadata
[2026-04-03T03:39:07.386+0600][37.005s][info][gc,phases      ] GC(146) Phase 5: Reset Metadata 8.078ms
[2026-04-03T03:39:07.394+0600][37.012s][info][gc,heap        ] GC(146) Eden regions: 97->0(255)
[2026-04-03T03:39:07.394+0600][37.012s][info][gc,heap        ] GC(146) Survivor regions: 61->0(61)
[2026-04-03T03:39:07.394+0600][37.012s][info][gc,heap        ] GC(146) Old regions: 259->144
[2026-04-03T03:39:07.394+0600][37.012s][info][gc,heap        ] GC(146) Humongous regions: 26->11
[2026-04-03T03:39:07.394+0600][37.012s][info][gc,metaspace   ] GC(146) Metaspace: 72548K(73600K)->72548K(73600K) NonClass: 63273K(63872K)->63273K(63872K) Class: 9275K(9728K)->9275K(9728K)
[2026-04-03T03:39:07.394+0600][37.013s][info][gc             ] GC(146) Pause Full (System.gc()) 441M->150M(517M) 82.908ms
[2026-04-03T03:39:07.394+0600][37.013s][info][gc,cpu         ] GC(146) User=0.68s Sys=0.01s Real=0.08s
[2026-04-03T03:39:07.451+0600][37.070s][info][gc,start       ] GC(147) Pause Young (Concurrent Start) (G1 Humongous Allocation)
[2026-04-03T03:39:07.451+0600][37.070s][info][gc,task        ] GC(147) Using 10 workers of 10 for evacuation
[2026-04-03T03:39:07.453+0600][37.072s][info][gc,phases      ] GC(147)   Pre Evacuate Collection Set: 0.42ms
[2026-04-03T03:39:07.453+0600][37.072s][info][gc,phases      ] GC(147)   Merge Heap Roots: 0.08ms
[2026-04-03T03:39:07.453+0600][37.072s][info][gc,phases      ] GC(147)   Evacuate Collection Set: 0.91ms
[2026-04-03T03:39:07.453+0600][37.072s][info][gc,phases      ] GC(147)   Post Evacuate Collection Set: 0.44ms
[2026-04-03T03:39:07.453+0600][37.072s][info][gc,phases      ] GC(147)   Other: 0.20ms
[2026-04-03T03:39:07.453+0600][37.072s][info][gc,heap        ] GC(147) Eden regions: 18->0(269)
[2026-04-03T03:39:07.453+0600][37.072s][info][gc,heap        ] GC(147) Survivor regions: 0->5(32)
[2026-04-03T03:39:07.453+0600][37.072s][info][gc,heap        ] GC(147) Old regions: 144->144
[2026-04-03T03:39:07.453+0600][37.072s][info][gc,heap        ] GC(147) Humongous regions: 11->11
[2026-04-03T03:39:07.453+0600][37.072s][info][gc,metaspace   ] GC(147) Metaspace: 72667K(73664K)->72667K(73664K) NonClass: 63373K(63936K)->63373K(63936K) Class: 9294K(9728K)->9294K(9728K)
[2026-04-03T03:39:07.453+0600][37.072s][info][gc             ] GC(147) Pause Young (Concurrent Start) (G1 Humongous Allocation) 168M->155M(517M) 2.255ms
[2026-04-03T03:39:07.453+0600][37.072s][info][gc,cpu         ] GC(147) User=0.01s Sys=0.00s Real=0.00s
[2026-04-03T03:39:07.453+0600][37.072s][info][gc             ] GC(148) Concurrent Mark Cycle
[2026-04-03T03:39:07.453+0600][37.072s][info][gc,marking     ] GC(148) Concurrent Scan Root Regions
[2026-04-03T03:39:07.454+0600][37.073s][info][gc,marking     ] GC(148) Concurrent Scan Root Regions 0.731ms
[2026-04-03T03:39:07.454+0600][37.073s][info][gc,marking     ] GC(148) Concurrent Mark
[2026-04-03T03:39:07.454+0600][37.073s][info][gc,marking     ] GC(148) Concurrent Mark From Roots
[2026-04-03T03:39:07.454+0600][37.073s][info][gc,task        ] GC(148) Using 3 workers of 3 for marking
[2026-04-03T03:39:07.592+0600][37.211s][info][gc,marking     ] GC(148) Concurrent Mark From Roots 138.397ms
[2026-04-03T03:39:07.593+0600][37.211s][info][gc,marking     ] GC(148) Concurrent Preclean
[2026-04-03T03:39:07.593+0600][37.212s][info][gc,marking     ] GC(148) Concurrent Preclean 0.351ms
[2026-04-03T03:39:07.594+0600][37.213s][info][gc,start       ] GC(148) Pause Remark
[2026-04-03T03:39:07.599+0600][37.218s][info][gc             ] GC(148) Pause Remark 240M->240M(517M) 5.282ms
[2026-04-03T03:39:07.600+0600][37.218s][info][gc,cpu         ] GC(148) User=0.04s Sys=0.00s Real=0.00s
[2026-04-03T03:39:07.600+0600][37.219s][info][gc,marking     ] GC(148) Concurrent Mark 145.695ms
[2026-04-03T03:39:07.600+0600][37.219s][info][gc,marking     ] GC(148) Concurrent Rebuild Remembered Sets and Scrub Regions
[2026-04-03T03:39:07.661+0600][37.280s][info][gc,marking     ] GC(148) Concurrent Rebuild Remembered Sets and Scrub Regions 61.606ms
[2026-04-03T03:39:07.662+0600][37.281s][info][gc,start       ] GC(148) Pause Cleanup
[2026-04-03T03:39:07.662+0600][37.281s][info][gc             ] GC(148) Pause Cleanup 292M->292M(517M) 0.554ms
[2026-04-03T03:39:07.662+0600][37.281s][info][gc,cpu         ] GC(148) User=0.00s Sys=0.00s Real=0.00s
[2026-04-03T03:39:07.663+0600][37.281s][info][gc,marking     ] GC(148) Concurrent Clear Claimed Marks
[2026-04-03T03:39:07.663+0600][37.282s][info][gc,marking     ] GC(148) Concurrent Clear Claimed Marks 0.293ms
[2026-04-03T03:39:07.663+0600][37.282s][info][gc,marking     ] GC(148) Concurrent Cleanup for Next Mark
[2026-04-03T03:39:07.664+0600][37.283s][info][gc,marking     ] GC(148) Concurrent Cleanup for Next Mark 0.991ms
[2026-04-03T03:39:07.664+0600][37.283s][info][gc             ] GC(148) Concurrent Mark Cycle 210.863ms
[2026-04-03T03:39:07.783+0600][37.402s][info][gc,start       ] GC(149) Pause Young (Prepare Mixed) (G1 Evacuation Pause)
[2026-04-03T03:39:07.783+0600][37.402s][info][gc,task        ] GC(149) Using 10 workers of 10 for evacuation
[2026-04-03T03:39:07.832+0600][37.451s][info][gc,phases      ] GC(149)   Pre Evacuate Collection Set: 0.39ms
[2026-04-03T03:39:07.832+0600][37.451s][info][gc,phases      ] GC(149)   Merge Heap Roots: 0.79ms
[2026-04-03T03:39:07.832+0600][37.451s][info][gc,phases      ] GC(149)   Evacuate Collection Set: 47.10ms
[2026-04-03T03:39:07.832+0600][37.451s][info][gc,phases      ] GC(149)   Post Evacuate Collection Set: 0.71ms
[2026-04-03T03:39:07.832+0600][37.451s][info][gc,phases      ] GC(149)   Other: 0.11ms
[2026-04-03T03:39:07.832+0600][37.451s][info][gc,heap        ] GC(149) Eden regions: 269->0(176)
[2026-04-03T03:39:07.832+0600][37.451s][info][gc,heap        ] GC(149) Survivor regions: 5->35(35)
[2026-04-03T03:39:07.832+0600][37.451s][info][gc,heap        ] GC(149) Old regions: 144->187
[2026-04-03T03:39:07.832+0600][37.451s][info][gc,heap        ] GC(149) Humongous regions: 50->45
[2026-04-03T03:39:07.832+0600][37.451s][info][gc,metaspace   ] GC(149) Metaspace: 72687K(73664K)->72687K(73664K) NonClass: 63392K(63936K)->63392K(63936K) Class: 9295K(9728K)->9295K(9728K)
[2026-04-03T03:39:07.832+0600][37.451s][info][gc             ] GC(149) Pause Young (Prepare Mixed) (G1 Evacuation Pause) 463M->261M(546M) 49.389ms
[2026-04-03T03:39:07.832+0600][37.451s][info][gc,cpu         ] GC(149) User=0.45s Sys=0.03s Real=0.05s
[2026-04-03T03:39:07.961+0600][37.580s][info][gc,start       ] GC(150) Pause Young (Mixed) (G1 Evacuation Pause)
[2026-04-03T03:39:07.961+0600][37.580s][info][gc,task        ] GC(150) Using 10 workers of 10 for evacuation
[2026-04-03T03:39:08.012+0600][37.631s][info][gc,phases      ] GC(150)   Pre Evacuate Collection Set: 0.38ms
[2026-04-03T03:39:08.012+0600][37.631s][info][gc,phases      ] GC(150)   Merge Heap Roots: 0.68ms
[2026-04-03T03:39:08.012+0600][37.631s][info][gc,phases      ] GC(150)   Evacuate Collection Set: 45.12ms
[2026-04-03T03:39:08.012+0600][37.631s][info][gc,phases      ] GC(150)   Post Evacuate Collection Set: 4.64ms
[2026-04-03T03:39:08.012+0600][37.631s][info][gc,phases      ] GC(150)   Other: 0.11ms
[2026-04-03T03:39:08.012+0600][37.631s][info][gc,heap        ] GC(150) Eden regions: 176->0(543)
[2026-04-03T03:39:08.012+0600][37.631s][info][gc,heap        ] GC(150) Survivor regions: 35->23(27)
[2026-04-03T03:39:08.012+0600][37.631s][info][gc,heap        ] GC(150) Old regions: 187->222
[2026-04-03T03:39:08.012+0600][37.631s][info][gc,heap        ] GC(150) Humongous regions: 62->62
[2026-04-03T03:39:08.012+0600][37.631s][info][gc,metaspace   ] GC(150) Metaspace: 72687K(73664K)->72687K(73664K) NonClass: 63392K(63936K)->63392K(63936K) Class: 9295K(9728K)->9295K(9728K)
[2026-04-03T03:39:08.012+0600][37.631s][info][gc             ] GC(150) Pause Young (Mixed) (G1 Evacuation Pause) 454M->303M(1128M) 51.251ms
[2026-04-03T03:39:08.012+0600][37.631s][info][gc,cpu         ] GC(150) User=0.45s Sys=0.01s Real=0.05s
[2026-04-03T03:39:08.193+0600][37.812s][info][gc,start       ] GC(151) Pause Young (Concurrent Start) (G1 Humongous Allocation)
[2026-04-03T03:39:08.193+0600][37.812s][info][gc,task        ] GC(151) Using 10 workers of 10 for evacuation
[2026-04-03T03:39:08.228+0600][37.847s][info][gc,phases      ] GC(151)   Pre Evacuate Collection Set: 0.48ms
[2026-04-03T03:39:08.228+0600][37.847s][info][gc,phases      ] GC(151)   Merge Heap Roots: 0.20ms
[2026-04-03T03:39:08.228+0600][37.847s][info][gc,phases      ] GC(151)   Evacuate Collection Set: 33.74ms
[2026-04-03T03:39:08.228+0600][37.847s][info][gc,phases      ] GC(151)   Post Evacuate Collection Set: 0.73ms
[2026-04-03T03:39:08.228+0600][37.847s][info][gc,phases      ] GC(151)   Other: 0.20ms
[2026-04-03T03:39:08.228+0600][37.847s][info][gc,heap        ] GC(151) Eden regions: 170->0(558)
[2026-04-03T03:39:08.228+0600][37.847s][info][gc,heap        ] GC(151) Survivor regions: 23->37(71)
[2026-04-03T03:39:08.228+0600][37.847s][info][gc,heap        ] GC(151) Old regions: 222->222
[2026-04-03T03:39:08.228+0600][37.847s][info][gc,heap        ] GC(151) Humongous regions: 62->62
[2026-04-03T03:39:08.228+0600][37.847s][info][gc,metaspace   ] GC(151) Metaspace: 72687K(73664K)->72687K(73664K) NonClass: 63392K(63936K)->63392K(63936K) Class: 9295K(9728K)->9295K(9728K)
[2026-04-03T03:39:08.228+0600][37.847s][info][gc             ] GC(151) Pause Young (Concurrent Start) (G1 Humongous Allocation) 473M->318M(1128M) 35.675ms
[2026-04-03T03:39:08.229+0600][37.847s][info][gc             ] GC(152) Concurrent Mark Cycle
[2026-04-03T03:39:08.229+0600][37.847s][info][gc,cpu         ] GC(151) User=0.29s Sys=0.05s Real=0.03s
[2026-04-03T03:39:08.229+0600][37.847s][info][gc,marking     ] GC(152) Concurrent Scan Root Regions
[2026-04-03T03:39:08.242+0600][37.861s][info][gc,marking     ] GC(152) Concurrent Scan Root Regions 13.643ms
[2026-04-03T03:39:08.242+0600][37.861s][info][gc,marking     ] GC(152) Concurrent Mark
[2026-04-03T03:39:08.242+0600][37.861s][info][gc,marking     ] GC(152) Concurrent Mark From Roots
[2026-04-03T03:39:08.242+0600][37.861s][info][gc,task        ] GC(152) Using 3 workers of 3 for marking
[2026-04-03T03:39:08.534+0600][38.153s][info][gc,marking     ] GC(152) Concurrent Mark From Roots 291.717ms
[2026-04-03T03:39:08.534+0600][38.153s][info][gc,marking     ] GC(152) Concurrent Preclean
[2026-04-03T03:39:08.535+0600][38.153s][info][gc,marking     ] GC(152) Concurrent Preclean 0.280ms
[2026-04-03T03:39:08.535+0600][38.154s][info][gc,start       ] GC(152) Pause Remark
[2026-04-03T03:39:08.549+0600][38.168s][info][gc             ] GC(152) Pause Remark 547M->520M(1030M) 14.235ms
[2026-04-03T03:39:08.549+0600][38.168s][info][gc,cpu         ] GC(152) User=0.12s Sys=0.00s Real=0.01s
[2026-04-03T03:39:08.549+0600][38.168s][info][gc,marking     ] GC(152) Concurrent Mark 307.031ms
[2026-04-03T03:39:08.550+0600][38.168s][info][gc,marking     ] GC(152) Concurrent Rebuild Remembered Sets and Scrub Regions
[2026-04-03T03:39:08.818+0600][38.437s][info][gc,marking     ] GC(152) Concurrent Rebuild Remembered Sets and Scrub Regions 268.756ms
[2026-04-03T03:39:08.819+0600][38.437s][info][gc,start       ] GC(152) Pause Cleanup
[2026-04-03T03:39:08.819+0600][38.438s][info][gc             ] GC(152) Pause Cleanup 682M->682M(1030M) 0.647ms
[2026-04-03T03:39:08.819+0600][38.438s][info][gc,cpu         ] GC(152) User=0.00s Sys=0.00s Real=0.00s
[2026-04-03T03:39:08.820+0600][38.438s][info][gc,marking     ] GC(152) Concurrent Clear Claimed Marks
[2026-04-03T03:39:08.820+0600][38.439s][info][gc,marking     ] GC(152) Concurrent Clear Claimed Marks 0.332ms
[2026-04-03T03:39:08.820+0600][38.439s][info][gc,marking     ] GC(152) Concurrent Cleanup for Next Mark
[2026-04-03T03:39:08.824+0600][38.443s][info][gc,marking     ] GC(152) Concurrent Cleanup for Next Mark 4.413ms
[2026-04-03T03:39:08.824+0600][38.443s][info][gc             ] GC(152) Concurrent Mark Cycle 595.907ms
[2026-04-03T03:39:09.019+0600][38.638s][info][gc,start       ] GC(153) Pause Young (Prepare Mixed) (G1 Evacuation Pause)
[2026-04-03T03:39:09.020+0600][38.638s][info][gc,task        ] GC(153) Using 10 workers of 10 for evacuation
[2026-04-03T03:39:09.086+0600][38.705s][info][gc,phases      ] GC(153)   Pre Evacuate Collection Set: 0.46ms
[2026-04-03T03:39:09.086+0600][38.705s][info][gc,phases      ] GC(153)   Merge Heap Roots: 2.41ms
[2026-04-03T03:39:09.086+0600][38.705s][info][gc,phases      ] GC(153)   Evacuate Collection Set: 61.97ms
[2026-04-03T03:39:09.086+0600][38.705s][info][gc,phases      ] GC(153)   Post Evacuate Collection Set: 1.53ms
[2026-04-03T03:39:09.086+0600][38.705s][info][gc,phases      ] GC(153)   Other: 0.24ms
[2026-04-03T03:39:09.086+0600][38.705s][info][gc,heap        ] GC(153) Eden regions: 558->0(520)
[2026-04-03T03:39:09.086+0600][38.705s][info][gc,heap        ] GC(153) Survivor regions: 37->69(75)
[2026-04-03T03:39:09.086+0600][38.705s][info][gc,heap        ] GC(153) Old regions: 222->222
[2026-04-03T03:39:09.086+0600][38.705s][info][gc,heap        ] GC(153) Humongous regions: 50->50
[2026-04-03T03:39:09.086+0600][38.705s][info][gc,metaspace   ] GC(153) Metaspace: 72684K(73664K)->72684K(73664K) NonClass: 63389K(63936K)->63389K(63936K) Class: 9294K(9728K)->9294K(9728K)
[2026-04-03T03:39:09.086+0600][38.705s][info][gc             ] GC(153) Pause Young (Prepare Mixed) (G1 Evacuation Pause) 864M->337M(1030M) 67.017ms
[2026-04-03T03:39:09.086+0600][38.705s][info][gc,cpu         ] GC(153) User=0.65s Sys=0.00s Real=0.07s
[2026-04-03T03:39:10.255+0600][39.874s][info][gc,start       ] GC(154) Pause Young (Mixed) (G1 Evacuation Pause)
[2026-04-03T03:39:10.255+0600][39.874s][info][gc,task        ] GC(154) Using 10 workers of 10 for evacuation
[2026-04-03T03:39:10.386+0600][40.004s][info][gc,phases      ] GC(154)   Pre Evacuate Collection Set: 0.54ms
[2026-04-03T03:39:10.386+0600][40.005s][info][gc,phases      ] GC(154)   Merge Heap Roots: 2.93ms
[2026-04-03T03:39:10.386+0600][40.005s][info][gc,phases      ] GC(154)   Evacuate Collection Set: 125.22ms
[2026-04-03T03:39:10.386+0600][40.005s][info][gc,phases      ] GC(154)   Post Evacuate Collection Set: 1.74ms
[2026-04-03T03:39:10.386+0600][40.005s][info][gc,phases      ] GC(154)   Other: 0.21ms
[2026-04-03T03:39:10.386+0600][40.005s][info][gc,heap        ] GC(154) Eden regions: 476->0(483)
[2026-04-03T03:39:10.386+0600][40.005s][info][gc,heap        ] GC(154) Survivor regions: 69->31(69)
[2026-04-03T03:39:10.386+0600][40.005s][info][gc,heap        ] GC(154) Old regions: 222->283
[2026-04-03T03:39:10.386+0600][40.005s][info][gc,heap        ] GC(154) Humongous regions: 92->92
[2026-04-03T03:39:10.386+0600][40.005s][info][gc,metaspace   ] GC(154) Metaspace: 72687K(73664K)->72687K(73664K) NonClass: 63392K(63936K)->63392K(63936K) Class: 9294K(9728K)->9294K(9728K)
[2026-04-03T03:39:10.386+0600][40.005s][info][gc             ] GC(154) Pause Young (Mixed) (G1 Evacuation Pause) 855M->403M(1030M) 131.014ms
[2026-04-03T03:39:10.386+0600][40.005s][info][gc,cpu         ] GC(154) User=1.30s Sys=0.00s Real=0.13s
[2026-04-03T03:39:10.591+0600][40.210s][info][gc,start       ] GC(155) Pause Young (Concurrent Start) (G1 Humongous Allocation)
[2026-04-03T03:39:10.591+0600][40.210s][info][gc,task        ] GC(155) Using 10 workers of 10 for evacuation
[2026-04-03T03:39:10.640+0600][40.259s][info][gc,phases      ] GC(155)   Pre Evacuate Collection Set: 0.51ms
[2026-04-03T03:39:10.640+0600][40.259s][info][gc,phases      ] GC(155)   Merge Heap Roots: 0.53ms
[2026-04-03T03:39:10.640+0600][40.259s][info][gc,phases      ] GC(155)   Evacuate Collection Set: 46.51ms
[2026-04-03T03:39:10.640+0600][40.259s][info][gc,phases      ] GC(155)   Post Evacuate Collection Set: 0.98ms
[2026-04-03T03:39:10.640+0600][40.259s][info][gc,phases      ] GC(155)   Other: 0.18ms
[2026-04-03T03:39:10.640+0600][40.259s][info][gc,heap        ] GC(155) Eden regions: 36->0(508)
[2026-04-03T03:39:10.640+0600][40.259s][info][gc,heap        ] GC(155) Survivor regions: 31->32(65)
[2026-04-03T03:39:10.640+0600][40.259s][info][gc,heap        ] GC(155) Old regions: 283->283
[2026-04-03T03:39:10.640+0600][40.259s][info][gc,heap        ] GC(155) Humongous regions: 92->92
[2026-04-03T03:39:10.640+0600][40.259s][info][gc,metaspace   ] GC(155) Metaspace: 72691K(73664K)->72691K(73664K) NonClass: 63396K(63936K)->63396K(63936K) Class: 9294K(9728K)->9294K(9728K)
[2026-04-03T03:39:10.640+0600][40.259s][info][gc             ] GC(155) Pause Young (Concurrent Start) (G1 Humongous Allocation) 439M->404M(1030M) 49.101ms
[2026-04-03T03:39:10.640+0600][40.259s][info][gc,cpu         ] GC(155) User=0.47s Sys=0.00s Real=0.05s
[2026-04-03T03:39:10.640+0600][40.259s][info][gc             ] GC(156) Concurrent Mark Cycle
[2026-04-03T03:39:10.640+0600][40.259s][info][gc,marking     ] GC(156) Concurrent Scan Root Regions
[2026-04-03T03:39:10.653+0600][40.272s][info][gc,marking     ] GC(156) Concurrent Scan Root Regions 13.140ms
[2026-04-03T03:39:10.653+0600][40.272s][info][gc,marking     ] GC(156) Concurrent Mark
[2026-04-03T03:39:10.653+0600][40.272s][info][gc,marking     ] GC(156) Concurrent Mark From Roots
[2026-04-03T03:39:10.653+0600][40.272s][info][gc,task        ] GC(156) Using 3 workers of 3 for marking
[2026-04-03T03:39:10.884+0600][40.502s][info][gc,marking     ] GC(156) Concurrent Mark From Roots 230.107ms
[2026-04-03T03:39:10.884+0600][40.503s][info][gc,marking     ] GC(156) Concurrent Preclean
[2026-04-03T03:39:10.884+0600][40.503s][info][gc,marking     ] GC(156) Concurrent Preclean 0.366ms
[2026-04-03T03:39:10.885+0600][40.503s][info][gc,start       ] GC(156) Pause Remark
[2026-04-03T03:39:10.890+0600][40.509s][info][gc             ] GC(156) Pause Remark 501M->379M(1030M) 5.638ms
[2026-04-03T03:39:10.890+0600][40.509s][info][gc,cpu         ] GC(156) User=0.04s Sys=0.00s Real=0.01s
[2026-04-03T03:39:10.891+0600][40.509s][info][gc,marking     ] GC(156) Concurrent Mark 237.026ms
[2026-04-03T03:39:10.891+0600][40.509s][info][gc,marking     ] GC(156) Concurrent Rebuild Remembered Sets and Scrub Regions
[2026-04-03T03:39:11.207+0600][40.826s][info][gc,marking     ] GC(156) Concurrent Rebuild Remembered Sets and Scrub Regions 316.690ms
[2026-04-03T03:39:11.208+0600][40.827s][info][gc,start       ] GC(156) Pause Cleanup
[2026-04-03T03:39:11.208+0600][40.827s][info][gc             ] GC(156) Pause Cleanup 506M->506M(1030M) 0.690ms
[2026-04-03T03:39:11.208+0600][40.827s][info][gc,cpu         ] GC(156) User=0.01s Sys=0.00s Real=0.00s
[2026-04-03T03:39:11.209+0600][40.828s][info][gc,marking     ] GC(156) Concurrent Clear Claimed Marks
[2026-04-03T03:39:11.209+0600][40.828s][info][gc,marking     ] GC(156) Concurrent Clear Claimed Marks 0.414ms
[2026-04-03T03:39:11.209+0600][40.828s][info][gc,marking     ] GC(156) Concurrent Cleanup for Next Mark
[2026-04-03T03:39:11.211+0600][40.830s][info][gc,marking     ] GC(156) Concurrent Cleanup for Next Mark 1.555ms
[2026-04-03T03:39:11.211+0600][40.830s][info][gc             ] GC(156) Concurrent Mark Cycle 570.679ms
[2026-04-03T03:39:11.524+0600][41.143s][info][gc,start       ] GC(157) Pause Young (Prepare Mixed) (G1 Evacuation Pause)
[2026-04-03T03:39:11.524+0600][41.143s][info][gc,task        ] GC(157) Using 10 workers of 10 for evacuation
[2026-04-03T03:39:11.634+0600][41.253s][info][gc,phases      ] GC(157)   Pre Evacuate Collection Set: 0.49ms
[2026-04-03T03:39:11.635+0600][41.253s][info][gc,phases      ] GC(157)   Merge Heap Roots: 2.82ms
[2026-04-03T03:39:11.635+0600][41.253s][info][gc,phases      ] GC(157)   Evacuate Collection Set: 105.19ms
[2026-04-03T03:39:11.635+0600][41.253s][info][gc,phases      ] GC(157)   Post Evacuate Collection Set: 1.80ms
[2026-04-03T03:39:11.635+0600][41.253s][info][gc,phases      ] GC(157)   Other: 0.18ms
[2026-04-03T03:39:11.635+0600][41.253s][info][gc,heap        ] GC(157) Eden regions: 508->0(291)
[2026-04-03T03:39:11.635+0600][41.253s][info][gc,heap        ] GC(157) Survivor regions: 32->68(68)
[2026-04-03T03:39:11.635+0600][41.253s][info][gc,heap        ] GC(157) Old regions: 224->294
[2026-04-03T03:39:11.635+0600][41.253s][info][gc,heap        ] GC(157) Humongous regions: 113->102
[2026-04-03T03:39:11.635+0600][41.253s][info][gc,metaspace   ] GC(157) Metaspace: 72720K(73664K)->72720K(73664K) NonClass: 63425K(63936K)->63425K(63936K) Class: 9294K(9728K)->9294K(9728K)
[2026-04-03T03:39:11.635+0600][41.254s][info][gc             ] GC(157) Pause Young (Prepare Mixed) (G1 Evacuation Pause) 874M->461M(1030M) 110.996ms
[2026-04-03T03:39:11.635+0600][41.254s][info][gc,cpu         ] GC(157) User=1.09s Sys=0.00s Real=0.11s
[2026-04-03T03:39:12.028+0600][41.647s][info][gc,start       ] GC(158) Pause Young (Mixed) (G1 Evacuation Pause)
[2026-04-03T03:39:12.028+0600][41.647s][info][gc,task        ] GC(158) Using 10 workers of 10 for evacuation
[2026-04-03T03:39:12.136+0600][41.755s][info][gc,phases      ] GC(158)   Pre Evacuate Collection Set: 0.69ms
[2026-04-03T03:39:12.136+0600][41.755s][info][gc,phases      ] GC(158)   Merge Heap Roots: 1.97ms
[2026-04-03T03:39:12.136+0600][41.755s][info][gc,phases      ] GC(158)   Evacuate Collection Set: 101.53ms
[2026-04-03T03:39:12.136+0600][41.755s][info][gc,phases      ] GC(158)   Post Evacuate Collection Set: 3.13ms
[2026-04-03T03:39:12.136+0600][41.755s][info][gc,phases      ] GC(158)   Other: 0.15ms
[2026-04-03T03:39:12.136+0600][41.755s][info][gc,heap        ] GC(158) Eden regions: 410->0(543)
[2026-04-03T03:39:12.136+0600][41.755s][info][gc,heap        ] GC(158) Survivor regions: 68->41(60)
[2026-04-03T03:39:12.136+0600][41.755s][info][gc,heap        ] GC(158) Old regions: 294->363
[2026-04-03T03:39:12.136+0600][41.755s][info][gc,heap        ] GC(158) Humongous regions: 128->128
[2026-04-03T03:39:12.136+0600][41.755s][info][gc,metaspace   ] GC(158) Metaspace: 72720K(73664K)->72720K(73664K) NonClass: 63425K(63936K)->63425K(63936K) Class: 9294K(9728K)->9294K(9728K)
[2026-04-03T03:39:12.136+0600][41.755s][info][gc             ] GC(158) Pause Young (Mixed) (G1 Evacuation Pause) 897M->529M(1263M) 107.784ms
[2026-04-03T03:39:12.136+0600][41.755s][info][gc,cpu         ] GC(158) User=1.03s Sys=0.01s Real=0.11s
[2026-04-03T03:39:12.721+0600][42.340s][info][gc,start       ] GC(159) Pause Young (Mixed) (G1 Evacuation Pause)
[2026-04-03T03:39:12.721+0600][42.340s][info][gc,task        ] GC(159) Using 10 workers of 10 for evacuation
[2026-04-03T03:39:12.785+0600][42.404s][info][gc,phases      ] GC(159)   Pre Evacuate Collection Set: 0.84ms
[2026-04-03T03:39:12.785+0600][42.404s][info][gc,phases      ] GC(159)   Merge Heap Roots: 0.54ms
[2026-04-03T03:39:12.785+0600][42.404s][info][gc,phases      ] GC(159)   Evacuate Collection Set: 61.20ms
[2026-04-03T03:39:12.785+0600][42.404s][info][gc,phases      ] GC(159)   Post Evacuate Collection Set: 1.04ms
[2026-04-03T03:39:12.785+0600][42.404s][info][gc,phases      ] GC(159)   Other: 0.20ms
[2026-04-03T03:39:12.785+0600][42.404s][info][gc,heap        ] GC(159) Eden regions: 543->0(538)
[2026-04-03T03:39:12.785+0600][42.404s][info][gc,heap        ] GC(159) Survivor regions: 41->36(73)
[2026-04-03T03:39:12.785+0600][42.404s][info][gc,heap        ] GC(159) Old regions: 363->390
[2026-04-03T03:39:12.785+0600][42.404s][info][gc,heap        ] GC(159) Humongous regions: 137->137
[2026-04-03T03:39:12.785+0600][42.404s][info][gc,metaspace   ] GC(159) Metaspace: 72729K(73664K)->72729K(73664K) NonClass: 63434K(63936K)->63434K(63936K) Class: 9295K(9728K)->9295K(9728K)
[2026-04-03T03:39:12.785+0600][42.404s][info][gc             ] GC(159) Pause Young (Mixed) (G1 Evacuation Pause) 1081M->559M(1263M) 64.253ms
[2026-04-03T03:39:12.785+0600][42.404s][info][gc,cpu         ] GC(159) User=0.62s Sys=0.00s Real=0.06s
[2026-04-03T03:39:12.831+0600][42.450s][info][gc,start       ] GC(160) Pause Young (Concurrent Start) (G1 Humongous Allocation)
[2026-04-03T03:39:12.831+0600][42.450s][info][gc,task        ] GC(160) Using 10 workers of 10 for evacuation
[2026-04-03T03:39:12.865+0600][42.483s][info][gc,phases      ] GC(160)   Pre Evacuate Collection Set: 0.56ms
[2026-04-03T03:39:12.865+0600][42.484s][info][gc,phases      ] GC(160)   Merge Heap Roots: 0.65ms
[2026-04-03T03:39:12.865+0600][42.484s][info][gc,phases      ] GC(160)   Evacuate Collection Set: 31.03ms
[2026-04-03T03:39:12.865+0600][42.484s][info][gc,phases      ] GC(160)   Post Evacuate Collection Set: 0.96ms
[2026-04-03T03:39:12.865+0600][42.484s][info][gc,phases      ] GC(160)   Other: 0.26ms
[2026-04-03T03:39:12.865+0600][42.484s][info][gc,heap        ] GC(160) Eden regions: 41->0(550)
[2026-04-03T03:39:12.865+0600][42.484s][info][gc,heap        ] GC(160) Survivor regions: 36->37(72)
[2026-04-03T03:39:12.865+0600][42.484s][info][gc,heap        ] GC(160) Old regions: 390->390
[2026-04-03T03:39:12.865+0600][42.484s][info][gc,heap        ] GC(160) Humongous regions: 137->137
[2026-04-03T03:39:12.865+0600][42.484s][info][gc,metaspace   ] GC(160) Metaspace: 72729K(73664K)->72729K(73664K) NonClass: 63434K(63936K)->63434K(63936K) Class: 9295K(9728K)->9295K(9728K)
[2026-04-03T03:39:12.865+0600][42.484s][info][gc             ] GC(160) Pause Young (Concurrent Start) (G1 Humongous Allocation) 600M->560M(1263M) 33.814ms
[2026-04-03T03:39:12.865+0600][42.484s][info][gc,cpu         ] GC(160) User=0.32s Sys=0.00s Real=0.03s
[2026-04-03T03:39:12.865+0600][42.484s][info][gc             ] GC(161) Concurrent Mark Cycle
[2026-04-03T03:39:12.865+0600][42.484s][info][gc,marking     ] GC(161) Concurrent Scan Root Regions
[2026-04-03T03:39:12.880+0600][42.499s][info][gc,marking     ] GC(161) Concurrent Scan Root Regions 15.351ms
[2026-04-03T03:39:12.881+0600][42.499s][info][gc,marking     ] GC(161) Concurrent Mark
[2026-04-03T03:39:12.881+0600][42.499s][info][gc,marking     ] GC(161) Concurrent Mark From Roots
[2026-04-03T03:39:12.881+0600][42.499s][info][gc,task        ] GC(161) Using 3 workers of 3 for marking
[2026-04-03T03:39:13.204+0600][42.823s][info][gc,marking     ] GC(161) Concurrent Mark From Roots 323.388ms
[2026-04-03T03:39:13.204+0600][42.823s][info][gc,marking     ] GC(161) Concurrent Preclean
[2026-04-03T03:39:13.204+0600][42.823s][info][gc,marking     ] GC(161) Concurrent Preclean 0.225ms
[2026-04-03T03:39:13.205+0600][42.823s][info][gc,start       ] GC(161) Pause Remark
[2026-04-03T03:39:13.209+0600][42.828s][info][gc             ] GC(161) Pause Remark 741M->587M(1263M) 4.180ms
[2026-04-03T03:39:13.209+0600][42.828s][info][gc,cpu         ] GC(161) User=0.02s Sys=0.00s Real=0.00s
[2026-04-03T03:39:13.209+0600][42.828s][info][gc,marking     ] GC(161) Concurrent Mark 328.552ms
[2026-04-03T03:39:13.209+0600][42.828s][info][gc,marking     ] GC(161) Concurrent Rebuild Remembered Sets and Scrub Regions
[2026-04-03T03:39:13.532+0600][43.151s][info][gc,marking     ] GC(161) Concurrent Rebuild Remembered Sets and Scrub Regions 323.146ms
[2026-04-03T03:39:13.533+0600][43.152s][info][gc,start       ] GC(161) Pause Cleanup
[2026-04-03T03:39:13.534+0600][43.153s][info][gc             ] GC(161) Pause Cleanup 599M->599M(1263M) 0.984ms
[2026-04-03T03:39:13.534+0600][43.153s][info][gc,cpu         ] GC(161) User=0.00s Sys=0.00s Real=0.00s
[2026-04-03T03:39:13.534+0600][43.153s][info][gc,marking     ] GC(161) Concurrent Clear Claimed Marks
[2026-04-03T03:39:13.534+0600][43.153s][info][gc,marking     ] GC(161) Concurrent Clear Claimed Marks 0.261ms
[2026-04-03T03:39:13.535+0600][43.153s][info][gc,marking     ] GC(161) Concurrent Cleanup for Next Mark
[2026-04-03T03:39:13.538+0600][43.157s][info][gc,marking     ] GC(161) Concurrent Cleanup for Next Mark 3.294ms
[2026-04-03T03:39:13.538+0600][43.157s][info][gc             ] GC(161) Concurrent Mark Cycle 673.023ms
[2026-04-03T03:39:14.741+0600][44.360s][info][gc,start       ] GC(162) Pause Young (Prepare Mixed) (G1 Evacuation Pause)
[2026-04-03T03:39:14.741+0600][44.360s][info][gc,task        ] GC(162) Using 10 workers of 10 for evacuation
[2026-04-03T03:39:14.886+0600][44.505s][info][gc,phases      ] GC(162)   Pre Evacuate Collection Set: 0.38ms
[2026-04-03T03:39:14.886+0600][44.505s][info][gc,phases      ] GC(162)   Merge Heap Roots: 4.23ms
[2026-04-03T03:39:14.886+0600][44.505s][info][gc,phases      ] GC(162)   Evacuate Collection Set: 138.75ms
[2026-04-03T03:39:14.886+0600][44.505s][info][gc,phases      ] GC(162)   Post Evacuate Collection Set: 1.65ms
[2026-04-03T03:39:14.886+0600][44.505s][info][gc,phases      ] GC(162)   Other: 0.17ms
[2026-04-03T03:39:14.886+0600][44.505s][info][gc,heap        ] GC(162) Eden regions: 550->0(509)
[2026-04-03T03:39:14.886+0600][44.505s][info][gc,heap        ] GC(162) Survivor regions: 37->74(74)
[2026-04-03T03:39:14.886+0600][44.505s][info][gc,heap        ] GC(162) Old regions: 328->366
[2026-04-03T03:39:14.886+0600][44.505s][info][gc,heap        ] GC(162) Humongous regions: 166->144
[2026-04-03T03:39:14.886+0600][44.505s][info][gc,metaspace   ] GC(162) Metaspace: 72784K(73728K)->72784K(73728K) NonClass: 63488K(64000K)->63488K(64000K) Class: 9295K(9728K)->9295K(9728K)
[2026-04-03T03:39:14.886+0600][44.505s][info][gc             ] GC(162) Pause Young (Prepare Mixed) (G1 Evacuation Pause) 1077M->581M(1263M) 145.514ms
[2026-04-03T03:39:14.886+0600][44.505s][info][gc,cpu         ] GC(162) User=1.44s Sys=0.00s Real=0.14s
[2026-04-03T03:39:15.373+0600][44.992s][info][gc,start       ] GC(163) Pause Young (Mixed) (G1 Evacuation Pause)
[2026-04-03T03:39:15.373+0600][44.992s][info][gc,task        ] GC(163) Using 10 workers of 10 for evacuation
[2026-04-03T03:39:15.498+0600][45.116s][info][gc,phases      ] GC(163)   Pre Evacuate Collection Set: 0.52ms
[2026-04-03T03:39:15.498+0600][45.116s][info][gc,phases      ] GC(163)   Merge Heap Roots: 1.90ms
[2026-04-03T03:39:15.498+0600][45.116s][info][gc,phases      ] GC(163)   Evacuate Collection Set: 120.30ms
[2026-04-03T03:39:15.498+0600][45.116s][info][gc,phases      ] GC(163)   Post Evacuate Collection Set: 1.20ms
[2026-04-03T03:39:15.498+0600][45.117s][info][gc,phases      ] GC(163)   Other: 0.14ms
[2026-04-03T03:39:15.498+0600][45.117s][info][gc,heap        ] GC(163) Eden regions: 238->0(459)
[2026-04-03T03:39:15.498+0600][45.117s][info][gc,heap        ] GC(163) Survivor regions: 74->37(39)
[2026-04-03T03:39:15.498+0600][45.117s][info][gc,heap        ] GC(163) Old regions: 366->425
[2026-04-03T03:39:15.498+0600][45.117s][info][gc,heap        ] GC(163) Humongous regions: 188->177
[2026-04-03T03:39:15.498+0600][45.117s][info][gc,metaspace   ] GC(163) Metaspace: 72838K(73792K)->72838K(73792K) NonClass: 63542K(64064K)->63542K(64064K) Class: 9296K(9728K)->9296K(9728K)
[2026-04-03T03:39:15.498+0600][45.117s][info][gc             ] GC(163) Pause Young (Mixed) (G1 Evacuation Pause) 863M->636M(1263M) 124.398ms
[2026-04-03T03:39:15.498+0600][45.117s][info][gc,cpu         ] GC(163) User=1.22s Sys=0.00s Real=0.12s
[2026-04-03T03:39:15.723+0600][45.342s][info][gc,start       ] GC(164) Pause Young (Concurrent Start) (G1 Humongous Allocation)
[2026-04-03T03:39:15.723+0600][45.342s][info][gc,task        ] GC(164) Using 10 workers of 10 for evacuation
[2026-04-03T03:39:15.751+0600][45.370s][info][gc,phases      ] GC(164)   Pre Evacuate Collection Set: 0.36ms
[2026-04-03T03:39:15.751+0600][45.370s][info][gc,phases      ] GC(164)   Merge Heap Roots: 0.21ms
[2026-04-03T03:39:15.751+0600][45.370s][info][gc,phases      ] GC(164)   Evacuate Collection Set: 24.53ms
[2026-04-03T03:39:15.751+0600][45.370s][info][gc,phases      ] GC(164)   Post Evacuate Collection Set: 2.59ms
[2026-04-03T03:39:15.751+0600][45.370s][info][gc,phases      ] GC(164)   Other: 0.14ms
[2026-04-03T03:39:15.751+0600][45.370s][info][gc,heap        ] GC(164) Eden regions: 118->0(614)
[2026-04-03T03:39:15.751+0600][45.370s][info][gc,heap        ] GC(164) Survivor regions: 37->4(62)
[2026-04-03T03:39:15.751+0600][45.370s][info][gc,heap        ] GC(164) Old regions: 425->461
[2026-04-03T03:39:15.751+0600][45.370s][info][gc,heap        ] GC(164) Humongous regions: 177->177
[2026-04-03T03:39:15.751+0600][45.370s][info][gc,metaspace   ] GC(164) Metaspace: 72839K(73792K)->72839K(73792K) NonClass: 63542K(64064K)->63542K(64064K) Class: 9296K(9728K)->9296K(9728K)
[2026-04-03T03:39:15.751+0600][45.370s][info][gc             ] GC(164) Pause Young (Concurrent Start) (G1 Humongous Allocation) 754M->639M(1411M) 28.087ms
[2026-04-03T03:39:15.751+0600][45.370s][info][gc,cpu         ] GC(164) User=0.25s Sys=0.00s Real=0.03s
[2026-04-03T03:39:15.751+0600][45.370s][info][gc             ] GC(165) Concurrent Mark Cycle
[2026-04-03T03:39:15.751+0600][45.370s][info][gc,marking     ] GC(165) Concurrent Scan Root Regions
[2026-04-03T03:39:15.762+0600][45.380s][info][gc,marking     ] GC(165) Concurrent Scan Root Regions 10.246ms
[2026-04-03T03:39:15.762+0600][45.381s][info][gc,marking     ] GC(165) Concurrent Mark
[2026-04-03T03:39:15.762+0600][45.381s][info][gc,marking     ] GC(165) Concurrent Mark From Roots
[2026-04-03T03:39:15.762+0600][45.381s][info][gc,task        ] GC(165) Using 3 workers of 3 for marking
[2026-04-03T03:39:15.887+0600][45.505s][info][gc,marking     ] GC(165) Concurrent Mark From Roots 124.856ms
[2026-04-03T03:39:15.887+0600][45.506s][info][gc,marking     ] GC(165) Concurrent Preclean
[2026-04-03T03:39:15.887+0600][45.506s][info][gc,marking     ] GC(165) Concurrent Preclean 0.252ms
[2026-04-03T03:39:15.887+0600][45.506s][info][gc,start       ] GC(165) Pause Remark
[2026-04-03T03:39:15.893+0600][45.512s][info][gc             ] GC(165) Pause Remark 736M->343M(867M) 5.956ms
[2026-04-03T03:39:15.893+0600][45.512s][info][gc,cpu         ] GC(165) User=0.03s Sys=0.00s Real=0.01s
[2026-04-03T03:39:15.894+0600][45.512s][info][gc,marking     ] GC(165) Concurrent Mark 131.905ms
[2026-04-03T03:39:15.894+0600][45.512s][info][gc,marking     ] GC(165) Concurrent Rebuild Remembered Sets and Scrub Regions
[2026-04-03T03:39:15.942+0600][45.561s][info][gc,marking     ] GC(165) Concurrent Rebuild Remembered Sets and Scrub Regions 48.528ms
[2026-04-03T03:39:15.943+0600][45.561s][info][gc,start       ] GC(165) Pause Cleanup
[2026-04-03T03:39:15.943+0600][45.562s][info][gc             ] GC(165) Pause Cleanup 400M->400M(867M) 0.632ms
[2026-04-03T03:39:15.943+0600][45.562s][info][gc,cpu         ] GC(165) User=0.00s Sys=0.00s Real=0.00s
[2026-04-03T03:39:15.943+0600][45.562s][info][gc,marking     ] GC(165) Concurrent Clear Claimed Marks
[2026-04-03T03:39:15.944+0600][45.562s][info][gc,marking     ] GC(165) Concurrent Clear Claimed Marks 0.209ms
[2026-04-03T03:39:15.944+0600][45.563s][info][gc,marking     ] GC(165) Concurrent Cleanup for Next Mark
[2026-04-03T03:39:15.945+0600][45.564s][info][gc,marking     ] GC(165) Concurrent Cleanup for Next Mark 1.404ms
[2026-04-03T03:39:15.945+0600][45.564s][info][gc             ] GC(165) Concurrent Mark Cycle 193.961ms
[2026-04-03T03:39:16.412+0600][46.030s][info][gc,start       ] GC(166) Pause Young (Prepare Mixed) (G1 Evacuation Pause)
[2026-04-03T03:39:16.412+0600][46.031s][info][gc,task        ] GC(166) Using 10 workers of 10 for evacuation
[2026-04-03T03:39:16.517+0600][46.136s][info][gc,phases      ] GC(166)   Pre Evacuate Collection Set: 0.55ms
[2026-04-03T03:39:16.517+0600][46.136s][info][gc,phases      ] GC(166)   Merge Heap Roots: 0.42ms
[2026-04-03T03:39:16.517+0600][46.136s][info][gc,phases      ] GC(166)   Evacuate Collection Set: 102.93ms
[2026-04-03T03:39:16.517+0600][46.136s][info][gc,phases      ] GC(166)   Post Evacuate Collection Set: 1.36ms
[2026-04-03T03:39:16.518+0600][46.136s][info][gc,phases      ] GC(166)   Other: 0.20ms
[2026-04-03T03:39:16.518+0600][46.136s][info][gc,heap        ] GC(166) Eden regions: 516->0(401)
[2026-04-03T03:39:16.518+0600][46.136s][info][gc,heap        ] GC(166) Survivor regions: 4->65(65)
[2026-04-03T03:39:16.518+0600][46.136s][info][gc,heap        ] GC(166) Old regions: 234->237
[2026-04-03T03:39:16.518+0600][46.136s][info][gc,heap        ] GC(166) Humongous regions: 51->40
[2026-04-03T03:39:16.518+0600][46.136s][info][gc,metaspace   ] GC(166) Metaspace: 72866K(73856K)->72866K(73856K) NonClass: 63570K(64128K)->63570K(64128K) Class: 9296K(9728K)->9296K(9728K)
[2026-04-03T03:39:16.518+0600][46.136s][info][gc             ] GC(166) Pause Young (Prepare Mixed) (G1 Evacuation Pause) 802M->339M(873M) 106.037ms
[2026-04-03T03:39:16.518+0600][46.137s][info][gc,cpu         ] GC(166) User=1.03s Sys=0.01s Real=0.10s
[2026-04-03T03:39:17.072+0600][46.691s][info][gc,start       ] GC(167) Pause Young (Mixed) (G1 Evacuation Pause)
[2026-04-03T03:39:17.072+0600][46.691s][info][gc,task        ] GC(167) Using 10 workers of 10 for evacuation
[2026-04-03T03:39:17.191+0600][46.810s][info][gc,phases      ] GC(167)   Pre Evacuate Collection Set: 0.45ms
[2026-04-03T03:39:17.191+0600][46.810s][info][gc,phases      ] GC(167)   Merge Heap Roots: 0.69ms
[2026-04-03T03:39:17.191+0600][46.810s][info][gc,phases      ] GC(167)   Evacuate Collection Set: 115.88ms
[2026-04-03T03:39:17.191+0600][46.810s][info][gc,phases      ] GC(167)   Post Evacuate Collection Set: 1.43ms
[2026-04-03T03:39:17.191+0600][46.810s][info][gc,phases      ] GC(167)   Other: 0.23ms
[2026-04-03T03:39:17.191+0600][46.810s][info][gc,heap        ] GC(167) Eden regions: 288->0(388)
[2026-04-03T03:39:17.191+0600][46.810s][info][gc,heap        ] GC(167) Survivor regions: 65->39(59)
[2026-04-03T03:39:17.191+0600][46.810s][info][gc,heap        ] GC(167) Old regions: 237->288
[2026-04-03T03:39:17.191+0600][46.810s][info][gc,heap        ] GC(167) Humongous regions: 283->136
[2026-04-03T03:39:17.191+0600][46.810s][info][gc,metaspace   ] GC(167) Metaspace: 72970K(73920K)->72970K(73920K) NonClass: 63674K(64192K)->63674K(64192K) Class: 9296K(9728K)->9296K(9728K)
[2026-04-03T03:39:17.191+0600][46.810s][info][gc             ] GC(167) Pause Young (Mixed) (G1 Evacuation Pause) 870M->459M(978M) 118.995ms
[2026-04-03T03:39:17.191+0600][46.810s][info][gc,cpu         ] GC(167) User=1.05s Sys=0.11s Real=0.12s
[2026-04-03T03:39:17.207+0600][46.826s][info][gc,start       ] GC(168) Pause Young (Concurrent Start) (G1 Humongous Allocation)
[2026-04-03T03:39:17.207+0600][46.826s][info][gc,task        ] GC(168) Using 10 workers of 10 for evacuation
[2026-04-03T03:39:17.231+0600][46.850s][info][gc,phases      ] GC(168)   Pre Evacuate Collection Set: 0.29ms
[2026-04-03T03:39:17.231+0600][46.850s][info][gc,phases      ] GC(168)   Merge Heap Roots: 0.12ms
[2026-04-03T03:39:17.231+0600][46.850s][info][gc,phases      ] GC(168)   Evacuate Collection Set: 22.95ms
[2026-04-03T03:39:17.231+0600][46.850s][info][gc,phases      ] GC(168)   Post Evacuate Collection Set: 0.51ms
[2026-04-03T03:39:17.231+0600][46.850s][info][gc,phases      ] GC(168)   Other: 0.10ms
[2026-04-03T03:39:17.231+0600][46.850s][info][gc,heap        ] GC(168) Eden regions: 10->0(406)
[2026-04-03T03:39:17.231+0600][46.850s][info][gc,heap        ] GC(168) Survivor regions: 39->5(54)
[2026-04-03T03:39:17.231+0600][46.850s][info][gc,heap        ] GC(168) Old regions: 288->325
[2026-04-03T03:39:17.231+0600][46.850s][info][gc,heap        ] GC(168) Humongous regions: 136->104
[2026-04-03T03:39:17.231+0600][46.850s][info][gc,metaspace   ] GC(168) Metaspace: 72975K(73920K)->72975K(73920K) NonClass: 63678K(64192K)->63678K(64192K) Class: 9296K(9728K)->9296K(9728K)
[2026-04-03T03:39:17.231+0600][46.850s][info][gc             ] GC(168) Pause Young (Concurrent Start) (G1 Humongous Allocation) 468M->431M(978M) 24.220ms
[2026-04-03T03:39:17.231+0600][46.850s][info][gc,cpu         ] GC(168) User=0.23s Sys=0.00s Real=0.03s
[2026-04-03T03:39:17.231+0600][46.850s][info][gc             ] GC(169) Concurrent Mark Cycle
[2026-04-03T03:39:17.231+0600][46.850s][info][gc,marking     ] GC(169) Concurrent Scan Root Regions
[2026-04-03T03:39:17.242+0600][46.861s][info][gc,marking     ] GC(169) Concurrent Scan Root Regions 10.684ms
[2026-04-03T03:39:17.242+0600][46.861s][info][gc,marking     ] GC(169) Concurrent Mark
[2026-04-03T03:39:17.242+0600][46.861s][info][gc,marking     ] GC(169) Concurrent Mark From Roots
[2026-04-03T03:39:17.242+0600][46.861s][info][gc,task        ] GC(169) Using 3 workers of 3 for marking
[2026-04-03T03:39:17.348+0600][46.966s][info][gc,marking     ] GC(169) Concurrent Mark From Roots 105.514ms
[2026-04-03T03:39:17.348+0600][46.966s][info][gc,marking     ] GC(169) Concurrent Preclean
[2026-04-03T03:39:17.348+0600][46.967s][info][gc,marking     ] GC(169) Concurrent Preclean 0.243ms
[2026-04-03T03:39:17.348+0600][46.967s][info][gc,start       ] GC(169) Pause Remark
[2026-04-03T03:39:17.352+0600][46.971s][info][gc             ] GC(169) Pause Remark 575M->410M(927M) 4.191ms
[2026-04-03T03:39:17.353+0600][46.971s][info][gc,cpu         ] GC(169) User=0.03s Sys=0.00s Real=0.01s
[2026-04-03T03:39:17.353+0600][46.971s][info][gc,marking     ] GC(169) Concurrent Mark 110.614ms
[2026-04-03T03:39:17.353+0600][46.972s][info][gc,marking     ] GC(169) Concurrent Rebuild Remembered Sets and Scrub Regions
[2026-04-03T03:39:17.402+0600][47.021s][info][gc,marking     ] GC(169) Concurrent Rebuild Remembered Sets and Scrub Regions 49.139ms
[2026-04-03T03:39:17.402+0600][47.021s][info][gc,start       ] GC(169) Pause Cleanup
[2026-04-03T03:39:17.403+0600][47.022s][info][gc             ] GC(169) Pause Cleanup 474M->474M(927M) 0.646ms
[2026-04-03T03:39:17.403+0600][47.022s][info][gc,cpu         ] GC(169) User=0.00s Sys=0.00s Real=0.00s
[2026-04-03T03:39:17.403+0600][47.022s][info][gc,marking     ] GC(169) Concurrent Clear Claimed Marks
[2026-04-03T03:39:17.403+0600][47.022s][info][gc,marking     ] GC(169) Concurrent Clear Claimed Marks 0.197ms
[2026-04-03T03:39:17.403+0600][47.022s][info][gc,marking     ] GC(169) Concurrent Cleanup for Next Mark
[2026-04-03T03:39:17.405+0600][47.024s][info][gc,marking     ] GC(169) Concurrent Cleanup for Next Mark 1.304ms
[2026-04-03T03:39:17.405+0600][47.024s][info][gc             ] GC(169) Concurrent Mark Cycle 173.659ms
[2026-04-03T03:39:17.547+0600][47.166s][info][gc,start       ] GC(170) Pause Young (Prepare Mixed) (G1 Evacuation Pause)
[2026-04-03T03:39:17.547+0600][47.166s][info][gc,task        ] GC(170) Using 10 workers of 10 for evacuation
[2026-04-03T03:39:17.565+0600][47.184s][info][gc,phases      ] GC(170)   Pre Evacuate Collection Set: 0.28ms
[2026-04-03T03:39:17.565+0600][47.184s][info][gc,phases      ] GC(170)   Merge Heap Roots: 0.30ms
[2026-04-03T03:39:17.565+0600][47.184s][info][gc,phases      ] GC(170)   Evacuate Collection Set: 16.24ms
[2026-04-03T03:39:17.565+0600][47.184s][info][gc,phases      ] GC(170)   Post Evacuate Collection Set: 0.92ms
[2026-04-03T03:39:17.565+0600][47.184s][info][gc,phases      ] GC(170)   Other: 0.11ms
[2026-04-03T03:39:17.565+0600][47.184s][info][gc,heap        ] GC(170) Eden regions: 406->0(445)
[2026-04-03T03:39:17.565+0600][47.184s][info][gc,heap        ] GC(170) Survivor regions: 5->40(52)
[2026-04-03T03:39:17.565+0600][47.184s][info][gc,heap        ] GC(170) Old regions: 250->250
[2026-04-03T03:39:17.565+0600][47.184s][info][gc,heap        ] GC(170) Humongous regions: 26->26
[2026-04-03T03:39:17.565+0600][47.184s][info][gc,metaspace   ] GC(170) Metaspace: 72981K(73920K)->72981K(73920K) NonClass: 63684K(64192K)->63684K(64192K) Class: 9296K(9728K)->9296K(9728K)
[2026-04-03T03:39:17.565+0600][47.184s][info][gc             ] GC(170) Pause Young (Prepare Mixed) (G1 Evacuation Pause) 684M->313M(927M) 18.131ms
[2026-04-03T03:39:17.565+0600][47.184s][info][gc,cpu         ] GC(170) User=0.17s Sys=0.00s Real=0.02s
[2026-04-03T03:39:17.637+0600][47.256s][info][gc,start       ] GC(171) Pause Full (System.gc())
[2026-04-03T03:39:17.637+0600][47.256s][info][gc,task        ] GC(171) Using 10 workers of 10 for full compaction
[2026-04-03T03:39:17.637+0600][47.256s][info][gc,phases,start] GC(171) Phase 1: Mark live objects
[2026-04-03T03:39:17.678+0600][47.297s][info][gc,phases      ] GC(171) Phase 1: Mark live objects 40.912ms
[2026-04-03T03:39:17.678+0600][47.297s][info][gc,phases,start] GC(171) Phase 2: Prepare compaction
[2026-04-03T03:39:17.680+0600][47.299s][info][gc,phases      ] GC(171) Phase 2: Prepare compaction 1.740ms
[2026-04-03T03:39:17.680+0600][47.299s][info][gc,phases,start] GC(171) Phase 3: Adjust pointers
[2026-04-03T03:39:17.695+0600][47.313s][info][gc,phases      ] GC(171) Phase 3: Adjust pointers 14.322ms
[2026-04-03T03:39:17.695+0600][47.314s][info][gc,phases,start] GC(171) Phase 4: Compact heap
[2026-04-03T03:39:17.697+0600][47.315s][info][gc,phases      ] GC(171) Phase 4: Compact heap 1.792ms
[2026-04-03T03:39:17.697+0600][47.315s][info][gc,phases,start] GC(171) Phase 5: Reset Metadata
[2026-04-03T03:39:17.706+0600][47.324s][info][gc,phases      ] GC(171) Phase 5: Reset Metadata 8.966ms
[2026-04-03T03:39:17.714+0600][47.333s][info][gc,heap        ] GC(171) Eden regions: 166->0(271)
[2026-04-03T03:39:17.714+0600][47.333s][info][gc,heap        ] GC(171) Survivor regions: 40->0(52)
[2026-04-03T03:39:17.714+0600][47.333s][info][gc,heap        ] GC(171) Old regions: 250->146
[2026-04-03T03:39:17.714+0600][47.333s][info][gc,heap        ] GC(171) Humongous regions: 26->11
[2026-04-03T03:39:17.714+0600][47.333s][info][gc,metaspace   ] GC(171) Metaspace: 72981K(73920K)->72981K(73920K) NonClass: 63684K(64192K)->63684K(64192K) Class: 9296K(9728K)->9296K(9728K)
[2026-04-03T03:39:17.714+0600][47.333s][info][gc             ] GC(171) Pause Full (System.gc()) 479M->150M(524M) 76.857ms
[2026-04-03T03:39:17.714+0600][47.333s][info][gc,cpu         ] GC(171) User=0.62s Sys=0.01s Real=0.08s
[2026-04-03T03:39:17.759+0600][47.378s][info][gc,start       ] GC(172) Pause Young (Concurrent Start) (G1 Humongous Allocation)
[2026-04-03T03:39:17.759+0600][47.378s][info][gc,task        ] GC(172) Using 10 workers of 10 for evacuation
[2026-04-03T03:39:17.761+0600][47.380s][info][gc,phases      ] GC(172)   Pre Evacuate Collection Set: 0.39ms
[2026-04-03T03:39:17.761+0600][47.380s][info][gc,phases      ] GC(172)   Merge Heap Roots: 0.07ms
[2026-04-03T03:39:17.761+0600][47.380s][info][gc,phases      ] GC(172)   Evacuate Collection Set: 0.89ms
[2026-04-03T03:39:17.761+0600][47.380s][info][gc,phases      ] GC(172)   Post Evacuate Collection Set: 0.39ms
[2026-04-03T03:39:17.761+0600][47.380s][info][gc,phases      ] GC(172)   Other: 0.15ms
[2026-04-03T03:39:17.761+0600][47.380s][info][gc,heap        ] GC(172) Eden regions: 19->0(284)
[2026-04-03T03:39:17.761+0600][47.380s][info][gc,heap        ] GC(172) Survivor regions: 0->5(34)
[2026-04-03T03:39:17.761+0600][47.380s][info][gc,heap        ] GC(172) Old regions: 146->146
[2026-04-03T03:39:17.761+0600][47.380s][info][gc,heap        ] GC(172) Humongous regions: 11->11
[2026-04-03T03:39:17.761+0600][47.380s][info][gc,metaspace   ] GC(172) Metaspace: 73012K(73920K)->73012K(73920K) NonClass: 63716K(64192K)->63716K(64192K) Class: 9296K(9728K)->9296K(9728K)
[2026-04-03T03:39:17.761+0600][47.380s][info][gc             ] GC(172) Pause Young (Concurrent Start) (G1 Humongous Allocation) 168M->155M(524M) 2.077ms
[2026-04-03T03:39:17.761+0600][47.380s][info][gc,cpu         ] GC(172) User=0.00s Sys=0.00s Real=0.01s
[2026-04-03T03:39:17.761+0600][47.380s][info][gc             ] GC(173) Concurrent Mark Cycle
[2026-04-03T03:39:17.761+0600][47.380s][info][gc,marking     ] GC(173) Concurrent Scan Root Regions
[2026-04-03T03:39:17.762+0600][47.381s][info][gc,marking     ] GC(173) Concurrent Scan Root Regions 0.893ms
[2026-04-03T03:39:17.762+0600][47.381s][info][gc,marking     ] GC(173) Concurrent Mark
[2026-04-03T03:39:17.762+0600][47.381s][info][gc,marking     ] GC(173) Concurrent Mark From Roots
[2026-04-03T03:39:17.762+0600][47.381s][info][gc,task        ] GC(173) Using 3 workers of 3 for marking
[2026-04-03T03:39:17.894+0600][47.513s][info][gc,marking     ] GC(173) Concurrent Mark From Roots 132.234ms
[2026-04-03T03:39:17.894+0600][47.513s][info][gc,marking     ] GC(173) Concurrent Preclean
[2026-04-03T03:39:17.895+0600][47.513s][info][gc,marking     ] GC(173) Concurrent Preclean 0.250ms
[2026-04-03T03:39:17.895+0600][47.514s][info][gc,start       ] GC(173) Pause Remark
[2026-04-03T03:39:17.900+0600][47.518s][info][gc             ] GC(173) Pause Remark 241M->241M(524M) 4.683ms
[2026-04-03T03:39:17.900+0600][47.519s][info][gc,cpu         ] GC(173) User=0.03s Sys=0.01s Real=0.01s
[2026-04-03T03:39:17.900+0600][47.519s][info][gc,marking     ] GC(173) Concurrent Mark 138.014ms
[2026-04-03T03:39:17.900+0600][47.519s][info][gc,marking     ] GC(173) Concurrent Rebuild Remembered Sets and Scrub Regions
[2026-04-03T03:39:17.947+0600][47.566s][info][gc,marking     ] GC(173) Concurrent Rebuild Remembered Sets and Scrub Regions 47.047ms
[2026-04-03T03:39:17.948+0600][47.566s][info][gc,start       ] GC(173) Pause Cleanup
[2026-04-03T03:39:17.948+0600][47.567s][info][gc             ] GC(173) Pause Cleanup 294M->294M(524M) 0.394ms
[2026-04-03T03:39:17.948+0600][47.567s][info][gc,cpu         ] GC(173) User=0.00s Sys=0.00s Real=0.00s
[2026-04-03T03:39:17.948+0600][47.567s][info][gc,marking     ] GC(173) Concurrent Clear Claimed Marks
[2026-04-03T03:39:17.949+0600][47.567s][info][gc,marking     ] GC(173) Concurrent Clear Claimed Marks 0.240ms
[2026-04-03T03:39:17.949+0600][47.567s][info][gc,marking     ] GC(173) Concurrent Cleanup for Next Mark
[2026-04-03T03:39:17.949+0600][47.568s][info][gc,marking     ] GC(173) Concurrent Cleanup for Next Mark 0.748ms
[2026-04-03T03:39:17.949+0600][47.568s][info][gc             ] GC(173) Concurrent Mark Cycle 188.306ms
[2026-04-03T03:39:18.072+0600][47.690s][info][gc,start       ] GC(174) Pause Young (Prepare Mixed) (G1 Evacuation Pause)
[2026-04-03T03:39:18.072+0600][47.691s][info][gc,task        ] GC(174) Using 10 workers of 10 for evacuation
[2026-04-03T03:39:18.123+0600][47.741s][info][gc,phases      ] GC(174)   Pre Evacuate Collection Set: 0.25ms
[2026-04-03T03:39:18.123+0600][47.742s][info][gc,phases      ] GC(174)   Merge Heap Roots: 0.76ms
[2026-04-03T03:39:18.123+0600][47.742s][info][gc,phases      ] GC(174)   Evacuate Collection Set: 48.74ms
[2026-04-03T03:39:18.123+0600][47.742s][info][gc,phases      ] GC(174)   Post Evacuate Collection Set: 0.97ms
[2026-04-03T03:39:18.123+0600][47.742s][info][gc,phases      ] GC(174)   Other: 0.12ms
[2026-04-03T03:39:18.123+0600][47.742s][info][gc,heap        ] GC(174) Eden regions: 284->0(196)
[2026-04-03T03:39:18.123+0600][47.742s][info][gc,heap        ] GC(174) Survivor regions: 5->37(37)
[2026-04-03T03:39:18.123+0600][47.742s][info][gc,heap        ] GC(174) Old regions: 146->188
[2026-04-03T03:39:18.123+0600][47.742s][info][gc,heap        ] GC(174) Humongous regions: 51->46
[2026-04-03T03:39:18.123+0600][47.742s][info][gc,metaspace   ] GC(174) Metaspace: 73028K(73984K)->73028K(73984K) NonClass: 63731K(64256K)->63731K(64256K) Class: 9296K(9728K)->9296K(9728K)
[2026-04-03T03:39:18.123+0600][47.742s][info][gc             ] GC(174) Pause Young (Prepare Mixed) (G1 Evacuation Pause) 479M->264M(565M) 51.190ms
[2026-04-03T03:39:18.123+0600][47.742s][info][gc,cpu         ] GC(174) User=0.44s Sys=0.05s Real=0.05s
[2026-04-03T03:39:18.282+0600][47.901s][info][gc,start       ] GC(175) Pause Young (Mixed) (G1 Evacuation Pause)
[2026-04-03T03:39:18.282+0600][47.901s][info][gc,task        ] GC(175) Using 10 workers of 10 for evacuation
[2026-04-03T03:39:18.337+0600][47.956s][info][gc,phases      ] GC(175)   Pre Evacuate Collection Set: 0.33ms
[2026-04-03T03:39:18.337+0600][47.956s][info][gc,phases      ] GC(175)   Merge Heap Roots: 0.68ms
[2026-04-03T03:39:18.337+0600][47.956s][info][gc,phases      ] GC(175)   Evacuate Collection Set: 49.16ms
[2026-04-03T03:39:18.337+0600][47.956s][info][gc,phases      ] GC(175)   Post Evacuate Collection Set: 4.64ms
[2026-04-03T03:39:18.337+0600][47.956s][info][gc,phases      ] GC(175)   Other: 0.13ms
[2026-04-03T03:39:18.337+0600][47.956s][info][gc,heap        ] GC(175) Eden regions: 196->0(560)
[2026-04-03T03:39:18.337+0600][47.956s][info][gc,heap        ] GC(175) Survivor regions: 37->24(30)
[2026-04-03T03:39:18.337+0600][47.956s][info][gc,heap        ] GC(175) Old regions: 188->227
[2026-04-03T03:39:18.337+0600][47.956s][info][gc,heap        ] GC(175) Humongous regions: 62->62
[2026-04-03T03:39:18.337+0600][47.956s][info][gc,metaspace   ] GC(175) Metaspace: 73028K(73984K)->73028K(73984K) NonClass: 63731K(64256K)->63731K(64256K) Class: 9296K(9728K)->9296K(9728K)
[2026-04-03T03:39:18.337+0600][47.956s][info][gc             ] GC(175) Pause Young (Mixed) (G1 Evacuation Pause) 476M->307M(1099M) 55.271ms
[2026-04-03T03:39:18.337+0600][47.956s][info][gc,cpu         ] GC(175) User=0.50s Sys=0.01s Real=0.05s
[2026-04-03T03:39:18.495+0600][48.114s][info][gc,start       ] GC(176) Pause Young (Concurrent Start) (G1 Humongous Allocation)
[2026-04-03T03:39:18.496+0600][48.114s][info][gc,task        ] GC(176) Using 10 workers of 10 for evacuation
[2026-04-03T03:39:18.529+0600][48.148s][info][gc,phases      ] GC(176)   Pre Evacuate Collection Set: 0.55ms
[2026-04-03T03:39:18.529+0600][48.148s][info][gc,phases      ] GC(176)   Merge Heap Roots: 0.23ms
[2026-04-03T03:39:18.529+0600][48.148s][info][gc,phases      ] GC(176)   Evacuate Collection Set: 31.92ms
[2026-04-03T03:39:18.529+0600][48.148s][info][gc,phases      ] GC(176)   Post Evacuate Collection Set: 0.82ms
[2026-04-03T03:39:18.529+0600][48.148s][info][gc,phases      ] GC(176)   Other: 0.28ms
[2026-04-03T03:39:18.530+0600][48.148s][info][gc,heap        ] GC(176) Eden regions: 140->0(569)
[2026-04-03T03:39:18.530+0600][48.148s][info][gc,heap        ] GC(176) Survivor regions: 24->36(73)
[2026-04-03T03:39:18.530+0600][48.148s][info][gc,heap        ] GC(176) Old regions: 227->227
[2026-04-03T03:39:18.530+0600][48.148s][info][gc,heap        ] GC(176) Humongous regions: 62->62
[2026-04-03T03:39:18.530+0600][48.148s][info][gc,metaspace   ] GC(176) Metaspace: 73029K(73984K)->73029K(73984K) NonClass: 63733K(64256K)->63733K(64256K) Class: 9296K(9728K)->9296K(9728K)
[2026-04-03T03:39:18.530+0600][48.148s][info][gc             ] GC(176) Pause Young (Concurrent Start) (G1 Humongous Allocation) 447M->319M(1099M) 34.101ms
[2026-04-03T03:39:18.530+0600][48.149s][info][gc             ] GC(177) Concurrent Mark Cycle
[2026-04-03T03:39:18.530+0600][48.149s][info][gc,marking     ] GC(177) Concurrent Scan Root Regions
[2026-04-03T03:39:18.530+0600][48.149s][info][gc,cpu         ] GC(176) User=0.28s Sys=0.03s Real=0.04s
[2026-04-03T03:39:18.542+0600][48.161s][info][gc,marking     ] GC(177) Concurrent Scan Root Regions 12.079ms
[2026-04-03T03:39:18.542+0600][48.161s][info][gc,marking     ] GC(177) Concurrent Mark
[2026-04-03T03:39:18.542+0600][48.161s][info][gc,marking     ] GC(177) Concurrent Mark From Roots
[2026-04-03T03:39:18.542+0600][48.161s][info][gc,task        ] GC(177) Using 3 workers of 3 for marking
[2026-04-03T03:39:18.802+0600][48.421s][info][gc,marking     ] GC(177) Concurrent Mark From Roots 259.893ms
[2026-04-03T03:39:18.802+0600][48.421s][info][gc,marking     ] GC(177) Concurrent Preclean
[2026-04-03T03:39:18.802+0600][48.421s][info][gc,marking     ] GC(177) Concurrent Preclean 0.266ms
[2026-04-03T03:39:18.803+0600][48.422s][info][gc,start       ] GC(177) Pause Remark
[2026-04-03T03:39:18.808+0600][48.427s][info][gc             ] GC(177) Pause Remark 518M->491M(1044M) 5.348ms
[2026-04-03T03:39:18.808+0600][48.427s][info][gc,cpu         ] GC(177) User=0.03s Sys=0.00s Real=0.00s
[2026-04-03T03:39:18.808+0600][48.427s][info][gc,marking     ] GC(177) Concurrent Mark 266.342ms
[2026-04-03T03:39:18.809+0600][48.427s][info][gc,marking     ] GC(177) Concurrent Rebuild Remembered Sets and Scrub Regions
[2026-04-03T03:39:19.058+0600][48.677s][info][gc,marking     ] GC(177) Concurrent Rebuild Remembered Sets and Scrub Regions 249.773ms
[2026-04-03T03:39:19.059+0600][48.678s][info][gc,start       ] GC(177) Pause Cleanup
[2026-04-03T03:39:19.059+0600][48.678s][info][gc             ] GC(177) Pause Cleanup 642M->642M(1044M) 0.621ms
[2026-04-03T03:39:19.060+0600][48.678s][info][gc,cpu         ] GC(177) User=0.00s Sys=0.00s Real=0.00s
[2026-04-03T03:39:19.060+0600][48.679s][info][gc,marking     ] GC(177) Concurrent Clear Claimed Marks
[2026-04-03T03:39:19.060+0600][48.679s][info][gc,marking     ] GC(177) Concurrent Clear Claimed Marks 0.373ms
[2026-04-03T03:39:19.060+0600][48.679s][info][gc,marking     ] GC(177) Concurrent Cleanup for Next Mark
[2026-04-03T03:39:19.064+0600][48.683s][info][gc,marking     ] GC(177) Concurrent Cleanup for Next Mark 4.216ms
[2026-04-03T03:39:19.064+0600][48.683s][info][gc             ] GC(177) Concurrent Mark Cycle 534.825ms
[2026-04-03T03:39:19.326+0600][48.945s][info][gc,start       ] GC(178) Pause Young (Prepare Mixed) (G1 Evacuation Pause)
[2026-04-03T03:39:19.326+0600][48.945s][info][gc,task        ] GC(178) Using 10 workers of 10 for evacuation
[2026-04-03T03:39:19.392+0600][49.010s][info][gc,phases      ] GC(178)   Pre Evacuate Collection Set: 0.57ms
[2026-04-03T03:39:19.392+0600][49.010s][info][gc,phases      ] GC(178)   Merge Heap Roots: 2.28ms
[2026-04-03T03:39:19.392+0600][49.010s][info][gc,phases      ] GC(178)   Evacuate Collection Set: 60.71ms
[2026-04-03T03:39:19.392+0600][49.010s][info][gc,phases      ] GC(178)   Post Evacuate Collection Set: 1.50ms
[2026-04-03T03:39:19.392+0600][49.011s][info][gc,phases      ] GC(178)   Other: 0.26ms
[2026-04-03T03:39:19.392+0600][49.011s][info][gc,heap        ] GC(178) Eden regions: 569->0(533)
[2026-04-03T03:39:19.392+0600][49.011s][info][gc,heap        ] GC(178) Survivor regions: 36->67(76)
[2026-04-03T03:39:19.392+0600][49.011s][info][gc,heap        ] GC(178) Old regions: 227->227
[2026-04-03T03:39:19.392+0600][49.011s][info][gc,heap        ] GC(178) Humongous regions: 50->50
[2026-04-03T03:39:19.392+0600][49.011s][info][gc,metaspace   ] GC(178) Metaspace: 73029K(73984K)->73029K(73984K) NonClass: 63733K(64256K)->63733K(64256K) Class: 9296K(9728K)->9296K(9728K)
[2026-04-03T03:39:19.392+0600][49.011s][info][gc             ] GC(178) Pause Young (Prepare Mixed) (G1 Evacuation Pause) 876M->338M(1044M) 65.917ms
[2026-04-03T03:39:19.392+0600][49.011s][info][gc,cpu         ] GC(178) User=0.63s Sys=0.00s Real=0.07s
[2026-04-03T03:39:20.783+0600][50.402s][info][gc,start       ] GC(179) Pause Young (Mixed) (G1 Evacuation Pause)
[2026-04-03T03:39:20.783+0600][50.402s][info][gc,task        ] GC(179) Using 10 workers of 10 for evacuation
[2026-04-03T03:39:20.905+0600][50.524s][info][gc,phases      ] GC(179)   Pre Evacuate Collection Set: 0.46ms
[2026-04-03T03:39:20.905+0600][50.524s][info][gc,phases      ] GC(179)   Merge Heap Roots: 2.44ms
[2026-04-03T03:39:20.905+0600][50.524s][info][gc,phases      ] GC(179)   Evacuate Collection Set: 117.13ms
[2026-04-03T03:39:20.905+0600][50.524s][info][gc,phases      ] GC(179)   Post Evacuate Collection Set: 2.30ms
[2026-04-03T03:39:20.905+0600][50.524s][info][gc,phases      ] GC(179)   Other: 0.19ms
[2026-04-03T03:39:20.906+0600][50.524s][info][gc,heap        ] GC(179) Eden regions: 533->0(492)
[2026-04-03T03:39:20.906+0600][50.524s][info][gc,heap        ] GC(179) Survivor regions: 67->65(75)
[2026-04-03T03:39:20.906+0600][50.524s][info][gc,heap        ] GC(179) Old regions: 227->255
[2026-04-03T03:39:20.906+0600][50.524s][info][gc,heap        ] GC(179) Humongous regions: 106->95
[2026-04-03T03:39:20.906+0600][50.524s][info][gc,metaspace   ] GC(179) Metaspace: 73072K(73984K)->73072K(73984K) NonClass: 63774K(64256K)->63774K(64256K) Class: 9297K(9728K)->9297K(9728K)
[2026-04-03T03:39:20.906+0600][50.524s][info][gc             ] GC(179) Pause Young (Mixed) (G1 Evacuation Pause) 927M->410M(1044M) 122.866ms
[2026-04-03T03:39:20.906+0600][50.525s][info][gc,cpu         ] GC(179) User=1.21s Sys=0.00s Real=0.12s
[2026-04-03T03:39:20.919+0600][50.537s][info][gc,start       ] GC(180) Pause Young (Concurrent Start) (G1 Humongous Allocation)
[2026-04-03T03:39:20.919+0600][50.537s][info][gc,task        ] GC(180) Using 10 workers of 10 for evacuation
[2026-04-03T03:39:20.995+0600][50.613s][info][gc,phases      ] GC(180)   Pre Evacuate Collection Set: 0.53ms
[2026-04-03T03:39:20.995+0600][50.614s][info][gc,phases      ] GC(180)   Merge Heap Roots: 0.51ms
[2026-04-03T03:39:20.995+0600][50.614s][info][gc,phases      ] GC(180)   Evacuate Collection Set: 73.61ms
[2026-04-03T03:39:20.995+0600][50.614s][info][gc,phases      ] GC(180)   Post Evacuate Collection Set: 1.09ms
[2026-04-03T03:39:20.995+0600][50.614s][info][gc,phases      ] GC(180)   Other: 0.28ms
[2026-04-03T03:39:20.995+0600][50.614s][info][gc,heap        ] GC(180) Eden regions: 8->0(493)
[2026-04-03T03:39:20.995+0600][50.614s][info][gc,heap        ] GC(180) Survivor regions: 65->37(70)
[2026-04-03T03:39:20.995+0600][50.614s][info][gc,heap        ] GC(180) Old regions: 255->288
[2026-04-03T03:39:20.995+0600][50.614s][info][gc,heap        ] GC(180) Humongous regions: 95->95
[2026-04-03T03:39:20.995+0600][50.614s][info][gc,metaspace   ] GC(180) Metaspace: 73072K(73984K)->73072K(73984K) NonClass: 63774K(64256K)->63774K(64256K) Class: 9297K(9728K)->9297K(9728K)
[2026-04-03T03:39:20.995+0600][50.614s][info][gc             ] GC(180) Pause Young (Concurrent Start) (G1 Humongous Allocation) 418M->416M(1044M) 76.423ms
[2026-04-03T03:39:20.995+0600][50.614s][info][gc,cpu         ] GC(180) User=0.74s Sys=0.01s Real=0.08s
[2026-04-03T03:39:20.995+0600][50.614s][info][gc             ] GC(181) Concurrent Mark Cycle
[2026-04-03T03:39:20.995+0600][50.614s][info][gc,marking     ] GC(181) Concurrent Scan Root Regions
[2026-04-03T03:39:21.024+0600][50.643s][info][gc,marking     ] GC(181) Concurrent Scan Root Regions 28.947ms
[2026-04-03T03:39:21.024+0600][50.643s][info][gc,marking     ] GC(181) Concurrent Mark
[2026-04-03T03:39:21.024+0600][50.643s][info][gc,marking     ] GC(181) Concurrent Mark From Roots
[2026-04-03T03:39:21.024+0600][50.643s][info][gc,task        ] GC(181) Using 3 workers of 3 for marking
[2026-04-03T03:39:21.209+0600][50.828s][info][gc,marking     ] GC(181) Concurrent Mark From Roots 184.981ms
[2026-04-03T03:39:21.209+0600][50.828s][info][gc,marking     ] GC(181) Concurrent Preclean
[2026-04-03T03:39:21.210+0600][50.829s][info][gc,marking     ] GC(181) Concurrent Preclean 0.391ms
[2026-04-03T03:39:21.210+0600][50.829s][info][gc,start       ] GC(181) Pause Remark
[2026-04-03T03:39:21.216+0600][50.835s][info][gc             ] GC(181) Pause Remark 486M->313M(874M) 5.839ms
[2026-04-03T03:39:21.216+0600][50.835s][info][gc,cpu         ] GC(181) User=0.05s Sys=0.00s Real=0.00s
[2026-04-03T03:39:21.216+0600][50.835s][info][gc,marking     ] GC(181) Concurrent Mark 192.115ms
[2026-04-03T03:39:21.216+0600][50.835s][info][gc,marking     ] GC(181) Concurrent Rebuild Remembered Sets and Scrub Regions
[2026-04-03T03:39:21.417+0600][51.036s][info][gc,marking     ] GC(181) Concurrent Rebuild Remembered Sets and Scrub Regions 200.480ms
[2026-04-03T03:39:21.417+0600][51.036s][info][gc,start       ] GC(181) Pause Cleanup
[2026-04-03T03:39:21.418+0600][51.037s][info][gc             ] GC(181) Pause Cleanup 404M->404M(874M) 0.449ms
[2026-04-03T03:39:21.418+0600][51.037s][info][gc,cpu         ] GC(181) User=0.00s Sys=0.00s Real=0.00s
[2026-04-03T03:39:21.418+0600][51.037s][info][gc,marking     ] GC(181) Concurrent Clear Claimed Marks
[2026-04-03T03:39:21.418+0600][51.037s][info][gc,marking     ] GC(181) Concurrent Clear Claimed Marks 0.255ms
[2026-04-03T03:39:21.418+0600][51.037s][info][gc,marking     ] GC(181) Concurrent Cleanup for Next Mark
[2026-04-03T03:39:21.419+0600][51.038s][info][gc,marking     ] GC(181) Concurrent Cleanup for Next Mark 1.092ms
[2026-04-03T03:39:21.419+0600][51.038s][info][gc             ] GC(181) Concurrent Mark Cycle 424.305ms
[2026-04-03T03:39:21.754+0600][51.372s][info][gc,start       ] GC(182) Pause Young (Prepare Mixed) (G1 Evacuation Pause)
[2026-04-03T03:39:21.754+0600][51.373s][info][gc,task        ] GC(182) Using 10 workers of 10 for evacuation
[2026-04-03T03:39:21.860+0600][51.479s][info][gc,phases      ] GC(182)   Pre Evacuate Collection Set: 0.45ms
[2026-04-03T03:39:21.860+0600][51.479s][info][gc,phases      ] GC(182)   Merge Heap Roots: 2.63ms
[2026-04-03T03:39:21.860+0600][51.479s][info][gc,phases      ] GC(182)   Evacuate Collection Set: 102.21ms
[2026-04-03T03:39:21.860+0600][51.479s][info][gc,phases      ] GC(182)   Post Evacuate Collection Set: 1.06ms
[2026-04-03T03:39:21.860+0600][51.479s][info][gc,phases      ] GC(182)   Other: 0.13ms
[2026-04-03T03:39:21.860+0600][51.479s][info][gc,heap        ] GC(182) Eden regions: 487->0(374)
[2026-04-03T03:39:21.860+0600][51.479s][info][gc,heap        ] GC(182) Survivor regions: 37->66(66)
[2026-04-03T03:39:21.860+0600][51.479s][info][gc,heap        ] GC(182) Old regions: 196->253
[2026-04-03T03:39:21.860+0600][51.479s][info][gc,heap        ] GC(182) Humongous regions: 86->86
[2026-04-03T03:39:21.860+0600][51.479s][info][gc,metaspace   ] GC(182) Metaspace: 73073K(73984K)->73073K(73984K) NonClass: 63775K(64256K)->63775K(64256K) Class: 9297K(9728K)->9297K(9728K)
[2026-04-03T03:39:21.860+0600][51.479s][info][gc             ] GC(182) Pause Young (Prepare Mixed) (G1 Evacuation Pause) 802M->401M(929M) 106.819ms
[2026-04-03T03:39:21.860+0600][51.479s][info][gc,cpu         ] GC(182) User=0.98s Sys=0.06s Real=0.11s
[2026-04-03T03:39:22.207+0600][51.826s][info][gc,start       ] GC(183) Pause Young (Mixed) (G1 Evacuation Pause)
[2026-04-03T03:39:22.207+0600][51.826s][info][gc,task        ] GC(183) Using 10 workers of 10 for evacuation
[2026-04-03T03:39:22.310+0600][51.929s][info][gc,phases      ] GC(183)   Pre Evacuate Collection Set: 0.35ms
[2026-04-03T03:39:22.310+0600][51.929s][info][gc,phases      ] GC(183)   Merge Heap Roots: 1.44ms
[2026-04-03T03:39:22.310+0600][51.929s][info][gc,phases      ] GC(183)   Evacuate Collection Set: 98.04ms
[2026-04-03T03:39:22.310+0600][51.929s][info][gc,phases      ] GC(183)   Post Evacuate Collection Set: 2.68ms
[2026-04-03T03:39:22.310+0600][51.929s][info][gc,phases      ] GC(183)   Other: 0.18ms
[2026-04-03T03:39:22.310+0600][51.929s][info][gc,heap        ] GC(183) Eden regions: 374->0(498)
[2026-04-03T03:39:22.310+0600][51.929s][info][gc,heap        ] GC(183) Survivor regions: 66->38(55)
[2026-04-03T03:39:22.310+0600][51.929s][info][gc,heap        ] GC(183) Old regions: 253->318
[2026-04-03T03:39:22.310+0600][51.929s][info][gc,heap        ] GC(183) Humongous regions: 110->110
[2026-04-03T03:39:22.310+0600][51.929s][info][gc,metaspace   ] GC(183) Metaspace: 73073K(73984K)->73073K(73984K) NonClass: 63775K(64256K)->63775K(64256K) Class: 9297K(9728K)->9297K(9728K)
[2026-04-03T03:39:22.310+0600][51.929s][info][gc             ] GC(183) Pause Young (Mixed) (G1 Evacuation Pause) 799M->461M(1153M) 103.000ms
[2026-04-03T03:39:22.310+0600][51.929s][info][gc,cpu         ] GC(183) User=1.00s Sys=0.00s Real=0.11s
[2026-04-03T03:39:22.851+0600][52.469s][info][gc,start       ] GC(184) Pause Young (Concurrent Start) (G1 Evacuation Pause)
[2026-04-03T03:39:22.851+0600][52.470s][info][gc,task        ] GC(184) Using 10 workers of 10 for evacuation
[2026-04-03T03:39:22.912+0600][52.531s][info][gc,phases      ] GC(184)   Pre Evacuate Collection Set: 0.53ms
[2026-04-03T03:39:22.912+0600][52.531s][info][gc,phases      ] GC(184)   Merge Heap Roots: 0.44ms
[2026-04-03T03:39:22.912+0600][52.531s][info][gc,phases      ] GC(184)   Evacuate Collection Set: 58.77ms
[2026-04-03T03:39:22.912+0600][52.531s][info][gc,phases      ] GC(184)   Post Evacuate Collection Set: 1.13ms
[2026-04-03T03:39:22.912+0600][52.531s][info][gc,phases      ] GC(184)   Other: 0.27ms
[2026-04-03T03:39:22.912+0600][52.531s][info][gc,heap        ] GC(184) Eden regions: 498->0(497)
[2026-04-03T03:39:22.912+0600][52.531s][info][gc,heap        ] GC(184) Survivor regions: 38->33(67)
[2026-04-03T03:39:22.912+0600][52.531s][info][gc,heap        ] GC(184) Old regions: 318->351
[2026-04-03T03:39:22.912+0600][52.531s][info][gc,heap        ] GC(184) Humongous regions: 110->110
[2026-04-03T03:39:22.912+0600][52.531s][info][gc,metaspace   ] GC(184) Metaspace: 73079K(73984K)->73079K(73984K) NonClass: 63781K(64256K)->63781K(64256K) Class: 9297K(9728K)->9297K(9728K)
[2026-04-03T03:39:22.912+0600][52.531s][info][gc             ] GC(184) Pause Young (Concurrent Start) (G1 Evacuation Pause) 959M->489M(1153M) 61.502ms
[2026-04-03T03:39:22.912+0600][52.531s][info][gc             ] GC(185) Concurrent Mark Cycle
[2026-04-03T03:39:22.912+0600][52.531s][info][gc,marking     ] GC(185) Concurrent Scan Root Regions
[2026-04-03T03:39:22.912+0600][52.531s][info][gc,cpu         ] GC(184) User=0.59s Sys=0.00s Real=0.06s
[2026-04-03T03:39:22.938+0600][52.557s][info][gc,marking     ] GC(185) Concurrent Scan Root Regions 25.625ms
[2026-04-03T03:39:22.938+0600][52.557s][info][gc,marking     ] GC(185) Concurrent Mark
[2026-04-03T03:39:22.938+0600][52.557s][info][gc,marking     ] GC(185) Concurrent Mark From Roots
[2026-04-03T03:39:22.938+0600][52.557s][info][gc,task        ] GC(185) Using 3 workers of 3 for marking
[2026-04-03T03:39:23.230+0600][52.849s][info][gc,marking     ] GC(185) Concurrent Mark From Roots 292.089ms
[2026-04-03T03:39:23.230+0600][52.849s][info][gc,marking     ] GC(185) Concurrent Preclean
[2026-04-03T03:39:23.231+0600][52.849s][info][gc,marking     ] GC(185) Concurrent Preclean 0.354ms
[2026-04-03T03:39:23.231+0600][52.850s][info][gc,start       ] GC(185) Pause Remark
[2026-04-03T03:39:23.237+0600][52.856s][info][gc             ] GC(185) Pause Remark 700M->592M(1153M) 6.331ms
[2026-04-03T03:39:23.237+0600][52.856s][info][gc,cpu         ] GC(185) User=0.04s Sys=0.01s Real=0.00s
[2026-04-03T03:39:23.238+0600][52.857s][info][gc,marking     ] GC(185) Concurrent Mark 299.673ms
[2026-04-03T03:39:23.238+0600][52.857s][info][gc,marking     ] GC(185) Concurrent Rebuild Remembered Sets and Scrub Regions
[2026-04-03T03:39:23.651+0600][53.270s][info][gc,marking     ] GC(185) Concurrent Rebuild Remembered Sets and Scrub Regions 413.017ms
[2026-04-03T03:39:23.651+0600][53.270s][info][gc,start       ] GC(185) Pause Cleanup
[2026-04-03T03:39:23.652+0600][53.271s][info][gc             ] GC(185) Pause Cleanup 674M->674M(1153M) 0.621ms
[2026-04-03T03:39:23.652+0600][53.271s][info][gc,cpu         ] GC(185) User=0.00s Sys=0.00s Real=0.00s
[2026-04-03T03:39:23.652+0600][53.271s][info][gc,marking     ] GC(185) Concurrent Clear Claimed Marks
[2026-04-03T03:39:23.652+0600][53.271s][info][gc,marking     ] GC(185) Concurrent Clear Claimed Marks 0.235ms
[2026-04-03T03:39:23.652+0600][53.271s][info][gc,marking     ] GC(185) Concurrent Cleanup for Next Mark
[2026-04-03T03:39:23.655+0600][53.274s][info][gc,marking     ] GC(185) Concurrent Cleanup for Next Mark 2.846ms
[2026-04-03T03:39:23.655+0600][53.274s][info][gc             ] GC(185) Concurrent Mark Cycle 743.144ms
[2026-04-03T03:39:24.592+0600][54.211s][info][gc,start       ] GC(186) Pause Young (Prepare Mixed) (G1 Evacuation Pause)
[2026-04-03T03:39:24.593+0600][54.211s][info][gc,task        ] GC(186) Using 10 workers of 10 for evacuation
[2026-04-03T03:39:24.709+0600][54.328s][info][gc,phases      ] GC(186)   Pre Evacuate Collection Set: 0.35ms
[2026-04-03T03:39:24.709+0600][54.328s][info][gc,phases      ] GC(186)   Merge Heap Roots: 4.20ms
[2026-04-03T03:39:24.709+0600][54.328s][info][gc,phases      ] GC(186)   Evacuate Collection Set: 110.23ms
[2026-04-03T03:39:24.709+0600][54.328s][info][gc,phases      ] GC(186)   Post Evacuate Collection Set: 1.70ms
[2026-04-03T03:39:24.709+0600][54.328s][info][gc,phases      ] GC(186)   Other: 0.18ms
[2026-04-03T03:39:24.709+0600][54.328s][info][gc,heap        ] GC(186) Eden regions: 497->0(483)
[2026-04-03T03:39:24.709+0600][54.328s][info][gc,heap        ] GC(186) Survivor regions: 33->67(67)
[2026-04-03T03:39:24.709+0600][54.328s][info][gc,heap        ] GC(186) Old regions: 311->325
[2026-04-03T03:39:24.709+0600][54.328s][info][gc,heap        ] GC(186) Humongous regions: 138->116
[2026-04-03T03:39:24.709+0600][54.328s][info][gc,metaspace   ] GC(186) Metaspace: 73178K(74112K)->73178K(74112K) NonClass: 63880K(64384K)->63880K(64384K) Class: 9298K(9728K)->9298K(9728K)
[2026-04-03T03:39:24.709+0600][54.328s][info][gc             ] GC(186) Pause Young (Prepare Mixed) (G1 Evacuation Pause) 975M->504M(1153M) 116.976ms
[2026-04-03T03:39:24.710+0600][54.328s][info][gc,cpu         ] GC(186) User=1.16s Sys=0.00s Real=0.11s
[2026-04-03T03:39:25.459+0600][55.078s][info][gc,start       ] GC(187) Pause Young (Mixed) (G1 Evacuation Pause)
[2026-04-03T03:39:25.459+0600][55.078s][info][gc,task        ] GC(187) Using 10 workers of 10 for evacuation
[2026-04-03T03:39:25.612+0600][55.231s][info][gc,phases      ] GC(187)   Pre Evacuate Collection Set: 0.49ms
[2026-04-03T03:39:25.612+0600][55.231s][info][gc,phases      ] GC(187)   Merge Heap Roots: 3.39ms
[2026-04-03T03:39:25.612+0600][55.231s][info][gc,phases      ] GC(187)   Evacuate Collection Set: 147.51ms
[2026-04-03T03:39:25.612+0600][55.231s][info][gc,phases      ] GC(187)   Post Evacuate Collection Set: 1.31ms
[2026-04-03T03:39:25.612+0600][55.231s][info][gc,phases      ] GC(187)   Other: 0.14ms
[2026-04-03T03:39:25.612+0600][55.231s][info][gc,heap        ] GC(187) Eden regions: 338->0(379)
[2026-04-03T03:39:25.612+0600][55.231s][info][gc,heap        ] GC(187) Survivor regions: 67->51(51)
[2026-04-03T03:39:25.612+0600][55.231s][info][gc,heap        ] GC(187) Old regions: 325->392
[2026-04-03T03:39:25.612+0600][55.231s][info][gc,heap        ] GC(187) Humongous regions: 193->182
[2026-04-03T03:39:25.612+0600][55.231s][info][gc,metaspace   ] GC(187) Metaspace: 73210K(74176K)->73210K(74176K) NonClass: 63911K(64448K)->63911K(64448K) Class: 9299K(9728K)->9299K(9728K)
[2026-04-03T03:39:25.612+0600][55.231s][info][gc             ] GC(187) Pause Young (Mixed) (G1 Evacuation Pause) 919M->621M(1153M) 153.209ms
[2026-04-03T03:39:25.612+0600][55.231s][info][gc,cpu         ] GC(187) User=1.51s Sys=0.00s Real=0.16s
[2026-04-03T03:39:25.945+0600][55.564s][info][gc,start       ] GC(188) Pause Young (Concurrent Start) (G1 Humongous Allocation)
[2026-04-03T03:39:25.945+0600][55.564s][info][gc,task        ] GC(188) Using 10 workers of 10 for evacuation
[2026-04-03T03:39:25.997+0600][55.616s][info][gc,phases      ] GC(188)   Pre Evacuate Collection Set: 0.35ms
[2026-04-03T03:39:25.998+0600][55.616s][info][gc,phases      ] GC(188)   Merge Heap Roots: 0.71ms
[2026-04-03T03:39:25.998+0600][55.616s][info][gc,phases      ] GC(188)   Evacuate Collection Set: 50.38ms
[2026-04-03T03:39:25.998+0600][55.616s][info][gc,phases      ] GC(188)   Post Evacuate Collection Set: 0.72ms
[2026-04-03T03:39:25.998+0600][55.616s][info][gc,phases      ] GC(188)   Other: 0.12ms
[2026-04-03T03:39:25.998+0600][55.616s][info][gc,heap        ] GC(188) Eden regions: 160->0(387)
[2026-04-03T03:39:25.998+0600][55.616s][info][gc,heap        ] GC(188) Survivor regions: 51->10(54)
[2026-04-03T03:39:25.998+0600][55.616s][info][gc,heap        ] GC(188) Old regions: 392->446
[2026-04-03T03:39:25.998+0600][55.616s][info][gc,heap        ] GC(188) Humongous regions: 182->182
[2026-04-03T03:39:25.998+0600][55.616s][info][gc,metaspace   ] GC(188) Metaspace: 73214K(74176K)->73214K(74176K) NonClass: 63915K(64448K)->63915K(64448K) Class: 9299K(9728K)->9299K(9728K)
[2026-04-03T03:39:25.998+0600][55.617s][info][gc             ] GC(188) Pause Young (Concurrent Start) (G1 Humongous Allocation) 780M->634M(1153M) 52.585ms
[2026-04-03T03:39:25.998+0600][55.617s][info][gc             ] GC(189) Concurrent Mark Cycle
[2026-04-03T03:39:25.998+0600][55.617s][info][gc,marking     ] GC(189) Concurrent Scan Root Regions
[2026-04-03T03:39:25.998+0600][55.617s][info][gc,cpu         ] GC(188) User=0.51s Sys=0.00s Real=0.05s
[2026-04-03T03:39:26.016+0600][55.635s][info][gc,marking     ] GC(189) Concurrent Scan Root Regions 18.171ms
[2026-04-03T03:39:26.016+0600][55.635s][info][gc,marking     ] GC(189) Concurrent Mark
[2026-04-03T03:39:26.016+0600][55.635s][info][gc,marking     ] GC(189) Concurrent Mark From Roots
[2026-04-03T03:39:26.016+0600][55.635s][info][gc,task        ] GC(189) Using 3 workers of 3 for marking
[2026-04-03T03:39:26.148+0600][55.767s][info][gc,marking     ] GC(189) Concurrent Mark From Roots 131.742ms
[2026-04-03T03:39:26.148+0600][55.767s][info][gc,marking     ] GC(189) Concurrent Preclean
[2026-04-03T03:39:26.148+0600][55.767s][info][gc,marking     ] GC(189) Concurrent Preclean 0.288ms
[2026-04-03T03:39:26.149+0600][55.767s][info][gc,start       ] GC(189) Pause Remark
[2026-04-03T03:39:26.154+0600][55.773s][info][gc             ] GC(189) Pause Remark 768M->415M(994M) 5.080ms
[2026-04-03T03:39:26.154+0600][55.773s][info][gc,cpu         ] GC(189) User=0.02s Sys=0.00s Real=0.01s
[2026-04-03T03:39:26.154+0600][55.773s][info][gc,marking     ] GC(189) Concurrent Mark 137.867ms
[2026-04-03T03:39:26.154+0600][55.773s][info][gc,marking     ] GC(189) Concurrent Rebuild Remembered Sets and Scrub Regions
[2026-04-03T03:39:26.221+0600][55.839s][info][gc,marking     ] GC(189) Concurrent Rebuild Remembered Sets and Scrub Regions 66.524ms
[2026-04-03T03:39:26.221+0600][55.840s][info][gc,start       ] GC(189) Pause Cleanup
[2026-04-03T03:39:26.222+0600][55.840s][info][gc             ] GC(189) Pause Cleanup 503M->503M(994M) 0.595ms
[2026-04-03T03:39:26.222+0600][55.841s][info][gc,cpu         ] GC(189) User=0.00s Sys=0.00s Real=0.00s
[2026-04-03T03:39:26.222+0600][55.841s][info][gc,marking     ] GC(189) Concurrent Clear Claimed Marks
[2026-04-03T03:39:26.222+0600][55.841s][info][gc,marking     ] GC(189) Concurrent Clear Claimed Marks 0.207ms
[2026-04-03T03:39:26.222+0600][55.841s][info][gc,marking     ] GC(189) Concurrent Cleanup for Next Mark
[2026-04-03T03:39:26.224+0600][55.842s][info][gc,marking     ] GC(189) Concurrent Cleanup for Next Mark 1.271ms
[2026-04-03T03:39:26.224+0600][55.843s][info][gc             ] GC(189) Concurrent Mark Cycle 225.891ms
[2026-04-03T03:39:26.341+0600][55.960s][info][gc,start       ] GC(190) Pause Young (Prepare Mixed) (G1 Evacuation Pause)
[2026-04-03T03:39:26.341+0600][55.960s][info][gc,task        ] GC(190) Using 10 workers of 10 for evacuation
[2026-04-03T03:39:26.386+0600][56.004s][info][gc,phases      ] GC(190)   Pre Evacuate Collection Set: 0.46ms
[2026-04-03T03:39:26.386+0600][56.004s][info][gc,phases      ] GC(190)   Merge Heap Roots: 0.41ms
[2026-04-03T03:39:26.386+0600][56.004s][info][gc,phases      ] GC(190)   Evacuate Collection Set: 42.24ms
[2026-04-03T03:39:26.386+0600][56.004s][info][gc,phases      ] GC(190)   Post Evacuate Collection Set: 1.11ms
[2026-04-03T03:39:26.386+0600][56.005s][info][gc,phases      ] GC(190)   Other: 0.13ms
[2026-04-03T03:39:26.386+0600][56.005s][info][gc,heap        ] GC(190) Eden regions: 387->0(495)
[2026-04-03T03:39:26.386+0600][56.005s][info][gc,heap        ] GC(190) Survivor regions: 10->50(50)
[2026-04-03T03:39:26.386+0600][56.005s][info][gc,heap        ] GC(190) Old regions: 254->260
[2026-04-03T03:39:26.386+0600][56.005s][info][gc,heap        ] GC(190) Humongous regions: 47->36
[2026-04-03T03:39:26.386+0600][56.005s][info][gc,metaspace   ] GC(190) Metaspace: 73249K(74176K)->73249K(74176K) NonClass: 63949K(64448K)->63949K(64448K) Class: 9299K(9728K)->9299K(9728K)
[2026-04-03T03:39:26.386+0600][56.005s][info][gc             ] GC(190) Pause Young (Prepare Mixed) (G1 Evacuation Pause) 694M->342M(994M) 44.733ms
[2026-04-03T03:39:26.386+0600][56.005s][info][gc,cpu         ] GC(190) User=0.43s Sys=0.00s Real=0.04s
[2026-04-03T03:39:27.256+0600][56.874s][info][gc,start       ] GC(191) Pause Young (Mixed) (G1 Evacuation Pause)
[2026-04-03T03:39:27.256+0600][56.875s][info][gc,task        ] GC(191) Using 10 workers of 10 for evacuation
[2026-04-03T03:39:27.398+0600][57.017s][info][gc,phases      ] GC(191)   Pre Evacuate Collection Set: 0.46ms
[2026-04-03T03:39:27.398+0600][57.017s][info][gc,phases      ] GC(191)   Merge Heap Roots: 1.27ms
[2026-04-03T03:39:27.398+0600][57.017s][info][gc,phases      ] GC(191)   Evacuate Collection Set: 137.78ms
[2026-04-03T03:39:27.398+0600][57.017s][info][gc,phases      ] GC(191)   Post Evacuate Collection Set: 2.36ms
[2026-04-03T03:39:27.398+0600][57.017s][info][gc,phases      ] GC(191)   Other: 0.15ms
[2026-04-03T03:39:27.398+0600][57.017s][info][gc,heap        ] GC(191) Eden regions: 398->0(604)
[2026-04-03T03:39:27.398+0600][57.017s][info][gc,heap        ] GC(191) Survivor regions: 50->52(69)
[2026-04-03T03:39:27.398+0600][57.017s][info][gc,heap        ] GC(191) Old regions: 260->303
[2026-04-03T03:39:27.398+0600][57.017s][info][gc,heap        ] GC(191) Humongous regions: 286->148
[2026-04-03T03:39:27.398+0600][57.017s][info][gc,metaspace   ] GC(191) Metaspace: 73281K(74176K)->73281K(74176K) NonClass: 63982K(64448K)->63982K(64448K) Class: 9299K(9728K)->9299K(9728K)
[2026-04-03T03:39:27.398+0600][57.017s][info][gc             ] GC(191) Pause Young (Mixed) (G1 Evacuation Pause) 990M->499M(1281M) 142.332ms
[2026-04-03T03:39:27.398+0600][57.017s][info][gc,cpu         ] GC(191) User=1.26s Sys=0.12s Real=0.14s
[2026-04-03T03:39:27.446+0600][57.065s][info][gc,start       ] GC(192) Pause Young (Concurrent Start) (G1 Humongous Allocation)
[2026-04-03T03:39:27.446+0600][57.065s][info][gc,task        ] GC(192) Using 10 workers of 10 for evacuation
[2026-04-03T03:39:27.488+0600][57.107s][info][gc,phases      ] GC(192)   Pre Evacuate Collection Set: 0.32ms
[2026-04-03T03:39:27.488+0600][57.107s][info][gc,phases      ] GC(192)   Merge Heap Roots: 0.22ms
[2026-04-03T03:39:27.488+0600][57.107s][info][gc,phases      ] GC(192)   Evacuate Collection Set: 40.00ms
[2026-04-03T03:39:27.488+0600][57.107s][info][gc,phases      ] GC(192)   Post Evacuate Collection Set: 0.82ms
[2026-04-03T03:39:27.488+0600][57.107s][info][gc,phases      ] GC(192)   Other: 0.13ms
[2026-04-03T03:39:27.488+0600][57.107s][info][gc,heap        ] GC(192) Eden regions: 28->0(610)
[2026-04-03T03:39:27.488+0600][57.107s][info][gc,heap        ] GC(192) Survivor regions: 52->8(82)
[2026-04-03T03:39:27.488+0600][57.107s][info][gc,heap        ] GC(192) Old regions: 303->356
[2026-04-03T03:39:27.488+0600][57.107s][info][gc,heap        ] GC(192) Humongous regions: 148->114
[2026-04-03T03:39:27.488+0600][57.107s][info][gc,metaspace   ] GC(192) Metaspace: 73288K(74240K)->73288K(74240K) NonClass: 63988K(64512K)->63988K(64512K) Class: 9299K(9728K)->9299K(9728K)
[2026-04-03T03:39:27.488+0600][57.107s][info][gc             ] GC(192) Pause Young (Concurrent Start) (G1 Humongous Allocation) 526M->473M(1281M) 41.802ms
[2026-04-03T03:39:27.488+0600][57.107s][info][gc,cpu         ] GC(192) User=0.40s Sys=0.01s Real=0.04s
[2026-04-03T03:39:27.488+0600][57.107s][info][gc             ] GC(193) Concurrent Mark Cycle
[2026-04-03T03:39:27.488+0600][57.107s][info][gc,marking     ] GC(193) Concurrent Scan Root Regions
[2026-04-03T03:39:27.503+0600][57.122s][info][gc,marking     ] GC(193) Concurrent Scan Root Regions 14.337ms
[2026-04-03T03:39:27.503+0600][57.122s][info][gc,marking     ] GC(193) Concurrent Mark
[2026-04-03T03:39:27.503+0600][57.122s][info][gc,marking     ] GC(193) Concurrent Mark From Roots
[2026-04-03T03:39:27.503+0600][57.122s][info][gc,task        ] GC(193) Using 3 workers of 3 for marking
[2026-04-03T03:39:27.612+0600][57.231s][info][gc,marking     ] GC(193) Concurrent Mark From Roots 109.175ms
[2026-04-03T03:39:27.612+0600][57.231s][info][gc,marking     ] GC(193) Concurrent Preclean
[2026-04-03T03:39:27.612+0600][57.231s][info][gc,marking     ] GC(193) Concurrent Preclean 0.243ms
[2026-04-03T03:39:27.613+0600][57.231s][info][gc,start       ] GC(193) Pause Remark
[2026-04-03T03:39:27.617+0600][57.236s][info][gc             ] GC(193) Pause Remark 568M->379M(994M) 4.581ms
[2026-04-03T03:39:27.617+0600][57.236s][info][gc,cpu         ] GC(193) User=0.03s Sys=0.01s Real=0.00s
[2026-04-03T03:39:27.618+0600][57.236s][info][gc,marking     ] GC(193) Concurrent Mark 114.612ms
[2026-04-03T03:39:27.618+0600][57.236s][info][gc,marking     ] GC(193) Concurrent Rebuild Remembered Sets and Scrub Regions
[2026-04-03T03:39:27.670+0600][57.289s][info][gc,marking     ] GC(193) Concurrent Rebuild Remembered Sets and Scrub Regions 52.782ms
[2026-04-03T03:39:27.671+0600][57.290s][info][gc,start       ] GC(193) Pause Cleanup
[2026-04-03T03:39:27.671+0600][57.290s][info][gc             ] GC(193) Pause Cleanup 455M->455M(994M) 0.451ms
[2026-04-03T03:39:27.671+0600][57.290s][info][gc,cpu         ] GC(193) User=0.00s Sys=0.00s Real=0.00s
[2026-04-03T03:39:27.671+0600][57.290s][info][gc,marking     ] GC(193) Concurrent Clear Claimed Marks
[2026-04-03T03:39:27.672+0600][57.290s][info][gc,marking     ] GC(193) Concurrent Clear Claimed Marks 0.256ms
[2026-04-03T03:39:27.672+0600][57.291s][info][gc,marking     ] GC(193) Concurrent Cleanup for Next Mark
[2026-04-03T03:39:27.673+0600][57.292s][info][gc,marking     ] GC(193) Concurrent Cleanup for Next Mark 1.508ms
[2026-04-03T03:39:27.673+0600][57.292s][info][gc             ] GC(193) Concurrent Mark Cycle 184.975ms
[2026-04-03T03:39:27.876+0600][57.495s][info][gc,start       ] GC(194) Pause Young (Prepare Mixed) (G1 Evacuation Pause)
[2026-04-03T03:39:27.876+0600][57.495s][info][gc,task        ] GC(194) Using 10 workers of 10 for evacuation
[2026-04-03T03:39:27.902+0600][57.521s][info][gc,phases      ] GC(194)   Pre Evacuate Collection Set: 0.33ms
[2026-04-03T03:39:27.902+0600][57.521s][info][gc,phases      ] GC(194)   Merge Heap Roots: 0.24ms
[2026-04-03T03:39:27.902+0600][57.521s][info][gc,phases      ] GC(194)   Evacuate Collection Set: 23.68ms
[2026-04-03T03:39:27.902+0600][57.521s][info][gc,phases      ] GC(194)   Post Evacuate Collection Set: 1.36ms
[2026-04-03T03:39:27.902+0600][57.521s][info][gc,phases      ] GC(194)   Other: 0.32ms
[2026-04-03T03:39:27.902+0600][57.521s][info][gc,heap        ] GC(194) Eden regions: 588->0(481)
[2026-04-03T03:39:27.902+0600][57.521s][info][gc,heap        ] GC(194) Survivor regions: 8->52(75)
[2026-04-03T03:39:27.902+0600][57.521s][info][gc,heap        ] GC(194) Old regions: 267->267
[2026-04-03T03:39:27.902+0600][57.521s][info][gc,heap        ] GC(194) Humongous regions: 26->26
[2026-04-03T03:39:27.902+0600][57.521s][info][gc,metaspace   ] GC(194) Metaspace: 73621K(74560K)->73621K(74560K) NonClass: 64255K(64768K)->64255K(64768K) Class: 9366K(9792K)->9366K(9792K)
[2026-04-03T03:39:27.902+0600][57.521s][info][gc             ] GC(194) Pause Young (Prepare Mixed) (G1 Evacuation Pause) 884M->340M(994M) 26.238ms
[2026-04-03T03:39:27.902+0600][57.521s][info][gc,cpu         ] GC(194) User=0.25s Sys=0.00s Real=0.03s
[2026-04-03T03:39:28.521+0600][58.140s][info][gc,heap,exit   ] Heap
[2026-04-03T03:39:28.521+0600][58.140s][info][gc,heap,exit   ]  garbage-first heap   total 1017856K, used 415815K [0x0000000083000000, 0x0000000100000000)
[2026-04-03T03:39:28.521+0600][58.140s][info][gc,heap,exit   ]   region size 1024K, 112 young (114688K), 52 survivors (53248K)
[2026-04-03T03:39:28.521+0600][58.140s][info][gc,heap,exit   ]  Metaspace       used 73799K, committed 74752K, reserved 1179648K
[2026-04-03T03:39:28.521+0600][58.140s][info][gc,heap,exit   ]   class space    used 9398K, committed 9792K, reserved 1048576K
