[2026-04-03T03:15:04.960+0600][0.005s][info][gc,init] CardTable entry size: 512
[2026-04-03T03:15:04.961+0600][0.005s][info][gc     ] Using G1
[2026-04-03T03:15:04.964+0600][0.008s][info][gc,init] Version: 21.0.10+7-Ubuntu-124.04 (release)
[2026-04-03T03:15:04.964+0600][0.008s][info][gc,init] CPUs: 12 total, 12 available
[2026-04-03T03:15:04.964+0600][0.008s][info][gc,init] Memory: 15683M
[2026-04-03T03:15:04.964+0600][0.008s][info][gc,init] Large Page Support: Disabled
[2026-04-03T03:15:04.964+0600][0.008s][info][gc,init] NUMA Support: Disabled
[2026-04-03T03:15:04.964+0600][0.008s][info][gc,init] Compressed Oops: Enabled (32-bit)
[2026-04-03T03:15:04.964+0600][0.008s][info][gc,init] Heap Region Size: 1M
[2026-04-03T03:15:04.964+0600][0.008s][info][gc,init] Heap Min Capacity: 8M
[2026-04-03T03:15:04.964+0600][0.008s][info][gc,init] Heap Initial Capacity: 246M
[2026-04-03T03:15:04.964+0600][0.008s][info][gc,init] Heap Max Capacity: 750M
[2026-04-03T03:15:04.964+0600][0.008s][info][gc,init] Pre-touch: Disabled
[2026-04-03T03:15:04.964+0600][0.008s][info][gc,init] Parallel Workers: 10
[2026-04-03T03:15:04.964+0600][0.009s][info][gc,init] Concurrent Workers: 3
[2026-04-03T03:15:04.964+0600][0.009s][info][gc,init] Concurrent Refinement Workers: 10
[2026-04-03T03:15:04.964+0600][0.009s][info][gc,init] Periodic GC: Disabled
[2026-04-03T03:15:04.975+0600][0.019s][info][gc,metaspace] CDS archive(s) mapped at: [0x000077585b000000-0x000077585bc9c000-0x000077585bc9c000), size 13221888, SharedBaseAddress: 0x000077585b000000, ArchiveRelocationMode: 1.
[2026-04-03T03:15:04.975+0600][0.019s][info][gc,metaspace] Compressed class space mapped at: 0x000077585c000000-0x000077589c000000, reserved size: 1073741824
[2026-04-03T03:15:04.975+0600][0.019s][info][gc,metaspace] Narrow klass base: 0x000077585b000000, Narrow klass shift: 0, Narrow klass range: 0x100000000
[2026-04-03T03:15:05.328+0600][0.373s][info][gc,start    ] GC(0) Pause Young (Normal) (G1 Evacuation Pause)
[2026-04-03T03:15:05.330+0600][0.374s][info][gc,task     ] GC(0) Using 5 workers of 10 for evacuation
[2026-04-03T03:15:05.333+0600][0.377s][info][gc,phases   ] GC(0)   Pre Evacuate Collection Set: 0.33ms
[2026-04-03T03:15:05.333+0600][0.377s][info][gc,phases   ] GC(0)   Merge Heap Roots: 0.09ms
[2026-04-03T03:15:05.333+0600][0.377s][info][gc,phases   ] GC(0)   Evacuate Collection Set: 1.95ms
[2026-04-03T03:15:05.333+0600][0.377s][info][gc,phases   ] GC(0)   Post Evacuate Collection Set: 0.46ms
[2026-04-03T03:15:05.333+0600][0.377s][info][gc,phases   ] GC(0)   Other: 1.17ms
[2026-04-03T03:15:05.333+0600][0.377s][info][gc,heap     ] GC(0) Eden regions: 23->0(46)
[2026-04-03T03:15:05.333+0600][0.377s][info][gc,heap     ] GC(0) Survivor regions: 0->3(3)
[2026-04-03T03:15:05.333+0600][0.377s][info][gc,heap     ] GC(0) Old regions: 2->2
[2026-04-03T03:15:05.333+0600][0.377s][info][gc,heap     ] GC(0) Humongous regions: 0->0
[2026-04-03T03:15:05.333+0600][0.377s][info][gc,metaspace] GC(0) Metaspace: 2602K(2752K)->2602K(2752K) NonClass: 2369K(2432K)->2369K(2432K) Class: 233K(320K)->233K(320K)
[2026-04-03T03:15:05.333+0600][0.377s][info][gc          ] GC(0) Pause Young (Normal) (G1 Evacuation Pause) 24M->3M(248M) 4.328ms
[2026-04-03T03:15:05.333+0600][0.377s][info][gc,cpu      ] GC(0) User=0.01s Sys=0.00s Real=0.01s
[2026-04-03T03:15:05.469+0600][0.513s][info][gc,start    ] GC(1) Pause Young (Normal) (G1 Evacuation Pause)
[2026-04-03T03:15:05.469+0600][0.513s][info][gc,task     ] GC(1) Using 5 workers of 10 for evacuation
[2026-04-03T03:15:05.471+0600][0.516s][info][gc,phases   ] GC(1)   Pre Evacuate Collection Set: 0.31ms
[2026-04-03T03:15:05.471+0600][0.516s][info][gc,phases   ] GC(1)   Merge Heap Roots: 0.13ms
[2026-04-03T03:15:05.472+0600][0.516s][info][gc,phases   ] GC(1)   Evacuate Collection Set: 1.71ms
[2026-04-03T03:15:05.472+0600][0.516s][info][gc,phases   ] GC(1)   Post Evacuate Collection Set: 0.55ms
[2026-04-03T03:15:05.472+0600][0.516s][info][gc,phases   ] GC(1)   Other: 0.08ms
[2026-04-03T03:15:05.472+0600][0.516s][info][gc,heap     ] GC(1) Eden regions: 46->0(144)
[2026-04-03T03:15:05.472+0600][0.516s][info][gc,heap     ] GC(1) Survivor regions: 3->3(7)
[2026-04-03T03:15:05.472+0600][0.516s][info][gc,heap     ] GC(1) Old regions: 2->2
[2026-04-03T03:15:05.472+0600][0.516s][info][gc,heap     ] GC(1) Humongous regions: 0->0
[2026-04-03T03:15:05.472+0600][0.516s][info][gc,metaspace] GC(1) Metaspace: 3953K(4096K)->3953K(4096K) NonClass: 3504K(3584K)->3504K(3584K) Class: 448K(512K)->448K(512K)
[2026-04-03T03:15:05.472+0600][0.516s][info][gc          ] GC(1) Pause Young (Normal) (G1 Evacuation Pause) 49M->3M(248M) 2.996ms
[2026-04-03T03:15:05.472+0600][0.516s][info][gc,cpu      ] GC(1) User=0.01s Sys=0.01s Real=0.01s
[2026-04-03T03:15:06.021+0600][1.065s][info][gc,start    ] GC(2) Pause Young (Normal) (G1 Evacuation Pause)
[2026-04-03T03:15:06.021+0600][1.065s][info][gc,task     ] GC(2) Using 5 workers of 10 for evacuation
[2026-04-03T03:15:06.024+0600][1.068s][info][gc,phases   ] GC(2)   Pre Evacuate Collection Set: 0.21ms
[2026-04-03T03:15:06.024+0600][1.068s][info][gc,phases   ] GC(2)   Merge Heap Roots: 0.06ms
[2026-04-03T03:15:06.024+0600][1.068s][info][gc,phases   ] GC(2)   Evacuate Collection Set: 2.40ms
[2026-04-03T03:15:06.024+0600][1.068s][info][gc,phases   ] GC(2)   Post Evacuate Collection Set: 0.75ms
[2026-04-03T03:15:06.024+0600][1.068s][info][gc,phases   ] GC(2)   Other: 0.09ms
[2026-04-03T03:15:06.024+0600][1.068s][info][gc,heap     ] GC(2) Eden regions: 144->0(143)
[2026-04-03T03:15:06.024+0600][1.068s][info][gc,heap     ] GC(2) Survivor regions: 3->4(19)
[2026-04-03T03:15:06.024+0600][1.068s][info][gc,heap     ] GC(2) Old regions: 2->2
[2026-04-03T03:15:06.024+0600][1.068s][info][gc,heap     ] GC(2) Humongous regions: 0->0
[2026-04-03T03:15:06.024+0600][1.068s][info][gc,metaspace] GC(2) Metaspace: 10111K(10368K)->10111K(10368K) NonClass: 8851K(9024K)->8851K(9024K) Class: 1259K(1344K)->1259K(1344K)
[2026-04-03T03:15:06.024+0600][1.068s][info][gc          ] GC(2) Pause Young (Normal) (G1 Evacuation Pause) 147M->4M(248M) 3.726ms
[2026-04-03T03:15:06.024+0600][1.068s][info][gc,cpu      ] GC(2) User=0.01s Sys=0.00s Real=0.00s
[2026-04-03T03:15:08.735+0600][3.779s][info][gc,start    ] GC(3) Pause Young (Normal) (G1 Evacuation Pause)
[2026-04-03T03:15:08.735+0600][3.779s][info][gc,task     ] GC(3) Using 5 workers of 10 for evacuation
[2026-04-03T03:15:08.744+0600][3.788s][info][gc,phases   ] GC(3)   Pre Evacuate Collection Set: 0.34ms
[2026-04-03T03:15:08.744+0600][3.788s][info][gc,phases   ] GC(3)   Merge Heap Roots: 0.12ms
[2026-04-03T03:15:08.744+0600][3.788s][info][gc,phases   ] GC(3)   Evacuate Collection Set: 6.26ms
[2026-04-03T03:15:08.744+0600][3.788s][info][gc,phases   ] GC(3)   Post Evacuate Collection Set: 1.65ms
[2026-04-03T03:15:08.744+0600][3.788s][info][gc,phases   ] GC(3)   Other: 0.11ms
[2026-04-03T03:15:08.744+0600][3.788s][info][gc,heap     ] GC(3) Eden regions: 143->0(133)
[2026-04-03T03:15:08.744+0600][3.788s][info][gc,heap     ] GC(3) Survivor regions: 4->14(19)
[2026-04-03T03:15:08.744+0600][3.788s][info][gc,heap     ] GC(3) Old regions: 2->2
[2026-04-03T03:15:08.744+0600][3.788s][info][gc,heap     ] GC(3) Humongous regions: 7->7
[2026-04-03T03:15:08.744+0600][3.788s][info][gc,metaspace] GC(3) Metaspace: 19340K(19648K)->19340K(19648K) NonClass: 16896K(17088K)->16896K(17088K) Class: 2443K(2560K)->2443K(2560K)
[2026-04-03T03:15:08.744+0600][3.788s][info][gc          ] GC(3) Pause Young (Normal) (G1 Evacuation Pause) 154M->21M(248M) 8.858ms
[2026-04-03T03:15:08.744+0600][3.788s][info][gc,cpu      ] GC(3) User=0.03s Sys=0.02s Real=0.01s
[2026-04-03T03:15:08.852+0600][3.896s][info][gc,start    ] GC(4) Pause Young (Concurrent Start) (Metadata GC Threshold)
[2026-04-03T03:15:08.852+0600][3.896s][info][gc,task     ] GC(4) Using 5 workers of 10 for evacuation
[2026-04-03T03:15:08.858+0600][3.902s][info][gc,phases   ] GC(4)   Pre Evacuate Collection Set: 0.35ms
[2026-04-03T03:15:08.858+0600][3.902s][info][gc,phases   ] GC(4)   Merge Heap Roots: 0.04ms
[2026-04-03T03:15:08.858+0600][3.902s][info][gc,phases   ] GC(4)   Evacuate Collection Set: 4.46ms
[2026-04-03T03:15:08.858+0600][3.902s][info][gc,phases   ] GC(4)   Post Evacuate Collection Set: 0.51ms
[2026-04-03T03:15:08.858+0600][3.902s][info][gc,phases   ] GC(4)   Other: 0.11ms
[2026-04-03T03:15:08.858+0600][3.902s][info][gc,heap     ] GC(4) Eden regions: 3->0(136)
[2026-04-03T03:15:08.858+0600][3.902s][info][gc,heap     ] GC(4) Survivor regions: 14->11(19)
[2026-04-03T03:15:08.858+0600][3.902s][info][gc,heap     ] GC(4) Old regions: 2->6
[2026-04-03T03:15:08.858+0600][3.902s][info][gc,heap     ] GC(4) Humongous regions: 7->7
[2026-04-03T03:15:08.858+0600][3.902s][info][gc,metaspace] GC(4) Metaspace: 21277K(21504K)->21277K(21504K) NonClass: 18638K(18752K)->18638K(18752K) Class: 2639K(2752K)->2639K(2752K)
[2026-04-03T03:15:08.858+0600][3.902s][info][gc          ] GC(4) Pause Young (Concurrent Start) (Metadata GC Threshold) 24M->21M(248M) 5.785ms
[2026-04-03T03:15:08.858+0600][3.902s][info][gc,cpu      ] GC(4) User=0.03s Sys=0.01s Real=0.00s
[2026-04-03T03:15:08.858+0600][3.902s][info][gc          ] GC(5) Concurrent Mark Cycle
[2026-04-03T03:15:08.858+0600][3.902s][info][gc,marking  ] GC(5) Concurrent Scan Root Regions
[2026-04-03T03:15:08.860+0600][3.904s][info][gc,marking  ] GC(5) Concurrent Scan Root Regions 2.242ms
[2026-04-03T03:15:08.860+0600][3.904s][info][gc,marking  ] GC(5) Concurrent Mark
[2026-04-03T03:15:08.860+0600][3.904s][info][gc,marking  ] GC(5) Concurrent Mark From Roots
[2026-04-03T03:15:08.860+0600][3.904s][info][gc,task     ] GC(5) Using 3 workers of 3 for marking
[2026-04-03T03:15:08.863+0600][3.907s][info][gc,marking  ] GC(5) Concurrent Mark From Roots 2.402ms
[2026-04-03T03:15:08.863+0600][3.907s][info][gc,marking  ] GC(5) Concurrent Preclean
[2026-04-03T03:15:08.863+0600][3.907s][info][gc,marking  ] GC(5) Concurrent Preclean 0.036ms
[2026-04-03T03:15:08.863+0600][3.907s][info][gc,start    ] GC(5) Pause Remark
[2026-04-03T03:15:08.866+0600][3.910s][info][gc          ] GC(5) Pause Remark 22M->22M(80M) 3.061ms
[2026-04-03T03:15:08.866+0600][3.910s][info][gc,cpu      ] GC(5) User=0.01s Sys=0.00s Real=0.00s
[2026-04-03T03:15:08.866+0600][3.910s][info][gc,marking  ] GC(5) Concurrent Mark 5.919ms
[2026-04-03T03:15:08.866+0600][3.910s][info][gc,marking  ] GC(5) Concurrent Rebuild Remembered Sets and Scrub Regions
[2026-04-03T03:15:08.868+0600][3.912s][info][gc,marking  ] GC(5) Concurrent Rebuild Remembered Sets and Scrub Regions 1.634ms
[2026-04-03T03:15:08.880+0600][3.924s][info][gc,start    ] GC(5) Pause Cleanup
[2026-04-03T03:15:08.880+0600][3.924s][info][gc          ] GC(5) Pause Cleanup 22M->22M(80M) 0.260ms
[2026-04-03T03:15:08.880+0600][3.924s][info][gc,cpu      ] GC(5) User=0.00s Sys=0.00s Real=0.01s
[2026-04-03T03:15:08.880+0600][3.924s][info][gc,marking  ] GC(5) Concurrent Clear Claimed Marks
[2026-04-03T03:15:08.880+0600][3.924s][info][gc,marking  ] GC(5) Concurrent Clear Claimed Marks 0.060ms
[2026-04-03T03:15:08.880+0600][3.924s][info][gc,marking  ] GC(5) Concurrent Cleanup for Next Mark
[2026-04-03T03:15:08.881+0600][3.925s][info][gc,marking  ] GC(5) Concurrent Cleanup for Next Mark 0.764ms
[2026-04-03T03:15:08.881+0600][3.925s][info][gc          ] GC(5) Concurrent Mark Cycle 23.139ms
[2026-04-03T03:15:10.174+0600][5.218s][info][gc,start    ] GC(6) Pause Young (Prepare Mixed) (G1 Evacuation Pause)
[2026-04-03T03:15:10.174+0600][5.218s][info][gc,task     ] GC(6) Using 3 workers of 10 for evacuation
[2026-04-03T03:15:10.183+0600][5.227s][info][gc,phases   ] GC(6)   Pre Evacuate Collection Set: 0.15ms
[2026-04-03T03:15:10.183+0600][5.227s][info][gc,phases   ] GC(6)   Merge Heap Roots: 0.08ms
[2026-04-03T03:15:10.183+0600][5.227s][info][gc,phases   ] GC(6)   Evacuate Collection Set: 7.45ms
[2026-04-03T03:15:10.183+0600][5.227s][info][gc,phases   ] GC(6)   Post Evacuate Collection Set: 1.04ms
[2026-04-03T03:15:10.183+0600][5.227s][info][gc,phases   ] GC(6)   Other: 0.06ms
[2026-04-03T03:15:10.183+0600][5.227s][info][gc,heap     ] GC(6) Eden regions: 54->0(56)
[2026-04-03T03:15:10.183+0600][5.227s][info][gc,heap     ] GC(6) Survivor regions: 11->3(19)
[2026-04-03T03:15:10.183+0600][5.227s][info][gc,heap     ] GC(6) Old regions: 6->16
[2026-04-03T03:15:10.183+0600][5.227s][info][gc,heap     ] GC(6) Humongous regions: 15->9
[2026-04-03T03:15:10.183+0600][5.227s][info][gc,metaspace] GC(6) Metaspace: 28430K(28800K)->28430K(28800K) NonClass: 24899K(25088K)->24899K(25088K) Class: 3531K(3712K)->3531K(3712K)
[2026-04-03T03:15:10.183+0600][5.227s][info][gc          ] GC(6) Pause Young (Prepare Mixed) (G1 Evacuation Pause) 83M->25M(99M) 8.999ms
[2026-04-03T03:15:10.183+0600][5.227s][info][gc,cpu      ] GC(6) User=0.02s Sys=0.01s Real=0.01s
[2026-04-03T03:15:11.663+0600][6.708s][info][gc,start    ] GC(7) Pause Young (Mixed) (Metadata GC Threshold)
[2026-04-03T03:15:11.664+0600][6.708s][info][gc,task     ] GC(7) Using 2 workers of 10 for evacuation
[2026-04-03T03:15:11.672+0600][6.716s][info][gc,phases   ] GC(7)   Pre Evacuate Collection Set: 0.28ms
[2026-04-03T03:15:11.672+0600][6.716s][info][gc,phases   ] GC(7)   Merge Heap Roots: 0.14ms
[2026-04-03T03:15:11.672+0600][6.716s][info][gc,phases   ] GC(7)   Evacuate Collection Set: 7.57ms
[2026-04-03T03:15:11.672+0600][6.716s][info][gc,phases   ] GC(7)   Post Evacuate Collection Set: 0.67ms
[2026-04-03T03:15:11.672+0600][6.716s][info][gc,phases   ] GC(7)   Other: 0.07ms
[2026-04-03T03:15:11.672+0600][6.716s][info][gc,heap     ] GC(7) Eden regions: 56->0(56)
[2026-04-03T03:15:11.672+0600][6.716s][info][gc,heap     ] GC(7) Survivor regions: 3->4(8)
[2026-04-03T03:15:11.672+0600][6.716s][info][gc,heap     ] GC(7) Old regions: 16->16
[2026-04-03T03:15:11.672+0600][6.716s][info][gc,heap     ] GC(7) Humongous regions: 21->7
[2026-04-03T03:15:11.672+0600][6.716s][info][gc,metaspace] GC(7) Metaspace: 35720K(36096K)->35720K(36096K) NonClass: 31281K(31488K)->31281K(31488K) Class: 4439K(4608K)->4439K(4608K)
[2026-04-03T03:15:11.672+0600][6.716s][info][gc          ] GC(7) Pause Young (Mixed) (Metadata GC Threshold) 93M->25M(101M) 8.924ms
[2026-04-03T03:15:11.672+0600][6.716s][info][gc,cpu      ] GC(7) User=0.02s Sys=0.00s Real=0.01s
[2026-04-03T03:15:11.696+0600][6.740s][info][gc,start    ] GC(8) Pause Young (Concurrent Start) (Metadata GC Threshold)
[2026-04-03T03:15:11.696+0600][6.740s][info][gc,task     ] GC(8) Using 2 workers of 10 for evacuation
[2026-04-03T03:15:11.703+0600][6.747s][info][gc,phases   ] GC(8)   Pre Evacuate Collection Set: 0.32ms
[2026-04-03T03:15:11.703+0600][6.747s][info][gc,phases   ] GC(8)   Merge Heap Roots: 0.06ms
[2026-04-03T03:15:11.703+0600][6.747s][info][gc,phases   ] GC(8)   Evacuate Collection Set: 5.25ms
[2026-04-03T03:15:11.703+0600][6.747s][info][gc,phases   ] GC(8)   Post Evacuate Collection Set: 0.53ms
[2026-04-03T03:15:11.703+0600][6.747s][info][gc,phases   ] GC(8)   Other: 0.18ms
[2026-04-03T03:15:11.703+0600][6.747s][info][gc,heap     ] GC(8) Eden regions: 3->0(55)
[2026-04-03T03:15:11.703+0600][6.747s][info][gc,heap     ] GC(8) Survivor regions: 4->5(8)
[2026-04-03T03:15:11.703+0600][6.747s][info][gc,heap     ] GC(8) Old regions: 16->16
[2026-04-03T03:15:11.703+0600][6.747s][info][gc,heap     ] GC(8) Humongous regions: 7->7
[2026-04-03T03:15:11.703+0600][6.747s][info][gc,metaspace] GC(8) Metaspace: 36082K(36416K)->36082K(36416K) NonClass: 31602K(31808K)->31602K(31808K) Class: 4480K(4608K)->4480K(4608K)
[2026-04-03T03:15:11.703+0600][6.747s][info][gc          ] GC(8) Pause Young (Concurrent Start) (Metadata GC Threshold) 28M->26M(101M) 6.522ms
[2026-04-03T03:15:11.703+0600][6.747s][info][gc,cpu      ] GC(8) User=0.02s Sys=0.00s Real=0.01s
[2026-04-03T03:15:11.703+0600][6.747s][info][gc          ] GC(9) Concurrent Mark Cycle
[2026-04-03T03:15:11.703+0600][6.747s][info][gc,marking  ] GC(9) Concurrent Scan Root Regions
[2026-04-03T03:15:11.705+0600][6.749s][info][gc,marking  ] GC(9) Concurrent Scan Root Regions 2.258ms
[2026-04-03T03:15:11.705+0600][6.749s][info][gc,marking  ] GC(9) Concurrent Mark
[2026-04-03T03:15:11.705+0600][6.749s][info][gc,marking  ] GC(9) Concurrent Mark From Roots
[2026-04-03T03:15:11.705+0600][6.749s][info][gc,task     ] GC(9) Using 3 workers of 3 for marking
[2026-04-03T03:15:11.711+0600][6.755s][info][gc,marking  ] GC(9) Concurrent Mark From Roots 6.285ms
[2026-04-03T03:15:11.711+0600][6.756s][info][gc,marking  ] GC(9) Concurrent Preclean
[2026-04-03T03:15:11.712+0600][6.756s][info][gc,marking  ] GC(9) Concurrent Preclean 0.049ms
[2026-04-03T03:15:11.712+0600][6.756s][info][gc,start    ] GC(9) Pause Remark
[2026-04-03T03:15:11.717+0600][6.761s][info][gc          ] GC(9) Pause Remark 27M->27M(94M) 5.489ms
[2026-04-03T03:15:11.717+0600][6.761s][info][gc,cpu      ] GC(9) User=0.01s Sys=0.00s Real=0.00s
[2026-04-03T03:15:11.717+0600][6.761s][info][gc,marking  ] GC(9) Concurrent Mark 12.168ms
[2026-04-03T03:15:11.717+0600][6.761s][info][gc,marking  ] GC(9) Concurrent Rebuild Remembered Sets and Scrub Regions
[2026-04-03T03:15:11.720+0600][6.764s][info][gc,marking  ] GC(9) Concurrent Rebuild Remembered Sets and Scrub Regions 2.262ms
[2026-04-03T03:15:11.720+0600][6.764s][info][gc,start    ] GC(9) Pause Cleanup
[2026-04-03T03:15:11.720+0600][6.764s][info][gc          ] GC(9) Pause Cleanup 27M->27M(94M) 0.195ms
[2026-04-03T03:15:11.720+0600][6.764s][info][gc,cpu      ] GC(9) User=0.00s Sys=0.00s Real=0.00s
[2026-04-03T03:15:11.720+0600][6.764s][info][gc,marking  ] GC(9) Concurrent Clear Claimed Marks
[2026-04-03T03:15:11.720+0600][6.764s][info][gc,marking  ] GC(9) Concurrent Clear Claimed Marks 0.055ms
[2026-04-03T03:15:11.720+0600][6.764s][info][gc,marking  ] GC(9) Concurrent Cleanup for Next Mark
[2026-04-03T03:15:11.721+0600][6.765s][info][gc,marking  ] GC(9) Concurrent Cleanup for Next Mark 0.361ms
[2026-04-03T03:15:11.721+0600][6.765s][info][gc          ] GC(9) Concurrent Mark Cycle 17.860ms
[2026-04-03T03:15:13.292+0600][8.336s][info][gc,start    ] GC(10) Pause Young (Prepare Mixed) (G1 Evacuation Pause)
[2026-04-03T03:15:13.292+0600][8.336s][info][gc,task     ] GC(10) Using 2 workers of 10 for evacuation
[2026-04-03T03:15:13.305+0600][8.350s][info][gc,phases   ] GC(10)   Pre Evacuate Collection Set: 0.26ms
[2026-04-03T03:15:13.305+0600][8.350s][info][gc,phases   ] GC(10)   Merge Heap Roots: 0.10ms
[2026-04-03T03:15:13.306+0600][8.350s][info][gc,phases   ] GC(10)   Evacuate Collection Set: 12.14ms
[2026-04-03T03:15:13.306+0600][8.350s][info][gc,phases   ] GC(10)   Post Evacuate Collection Set: 0.92ms
[2026-04-03T03:15:13.306+0600][8.350s][info][gc,phases   ] GC(10)   Other: 0.09ms
[2026-04-03T03:15:13.306+0600][8.350s][info][gc,heap     ] GC(10) Eden regions: 53->0(54)
[2026-04-03T03:15:13.306+0600][8.350s][info][gc,heap     ] GC(10) Survivor regions: 5->6(8)
[2026-04-03T03:15:13.306+0600][8.350s][info][gc,heap     ] GC(10) Old regions: 16->17
[2026-04-03T03:15:13.306+0600][8.350s][info][gc,heap     ] GC(10) Humongous regions: 20->8
[2026-04-03T03:15:13.306+0600][8.350s][info][gc,metaspace] GC(10) Metaspace: 42743K(43200K)->42743K(43200K) NonClass: 37437K(37696K)->37437K(37696K) Class: 5305K(5504K)->5305K(5504K)
[2026-04-03T03:15:13.306+0600][8.350s][info][gc          ] GC(10) Pause Young (Prepare Mixed) (G1 Evacuation Pause) 92M->29M(101M) 13.809ms
[2026-04-03T03:15:13.306+0600][8.350s][info][gc,cpu      ] GC(10) User=0.03s Sys=0.01s Real=0.01s
[2026-04-03T03:15:13.802+0600][8.846s][info][gc,start    ] GC(11) Pause Young (Mixed) (G1 Evacuation Pause)
[2026-04-03T03:15:13.802+0600][8.846s][info][gc,task     ] GC(11) Using 2 workers of 10 for evacuation
[2026-04-03T03:15:13.853+0600][8.897s][info][gc,phases   ] GC(11)   Pre Evacuate Collection Set: 0.22ms
[2026-04-03T03:15:13.853+0600][8.897s][info][gc,phases   ] GC(11)   Merge Heap Roots: 0.18ms
[2026-04-03T03:15:13.853+0600][8.897s][info][gc,phases   ] GC(11)   Evacuate Collection Set: 49.10ms
[2026-04-03T03:15:13.853+0600][8.897s][info][gc,phases   ] GC(11)   Post Evacuate Collection Set: 1.24ms
[2026-04-03T03:15:13.853+0600][8.897s][info][gc,phases   ] GC(11)   Other: 0.10ms
[2026-04-03T03:15:13.853+0600][8.897s][info][gc,heap     ] GC(11) Eden regions: 54->0(49)
[2026-04-03T03:15:13.853+0600][8.897s][info][gc,heap     ] GC(11) Survivor regions: 6->8(8)
[2026-04-03T03:15:13.853+0600][8.897s][info][gc,heap     ] GC(11) Old regions: 17->22
[2026-04-03T03:15:13.853+0600][8.897s][info][gc,heap     ] GC(11) Humongous regions: 8->8
[2026-04-03T03:15:13.853+0600][8.897s][info][gc,metaspace] GC(11) Metaspace: 49433K(49920K)->49433K(49920K) NonClass: 43301K(43584K)->43301K(43584K) Class: 6132K(6336K)->6132K(6336K)
[2026-04-03T03:15:13.853+0600][8.897s][info][gc          ] GC(11) Pause Young (Mixed) (G1 Evacuation Pause) 83M->37M(101M) 51.243ms
[2026-04-03T03:15:13.853+0600][8.897s][info][gc,cpu      ] GC(11) User=0.14s Sys=0.00s Real=0.05s
[2026-04-03T03:15:13.955+0600][8.999s][info][gc,start    ] GC(12) Pause Young (Normal) (G1 Evacuation Pause)
[2026-04-03T03:15:13.955+0600][8.999s][info][gc,task     ] GC(12) Using 2 workers of 10 for evacuation
[2026-04-03T03:15:14.216+0600][9.260s][info][gc,mmu      ] GC(12) MMU target violated: 201.0ms (200.0ms/201.0ms)
[2026-04-03T03:15:14.216+0600][9.260s][info][gc,phases   ] GC(12)   Pre Evacuate Collection Set: 0.40ms
[2026-04-03T03:15:14.216+0600][9.260s][info][gc,phases   ] GC(12)   Merge Heap Roots: 0.06ms
[2026-04-03T03:15:14.216+0600][9.260s][info][gc,phases   ] GC(12)   Evacuate Collection Set: 259.73ms
[2026-04-03T03:15:14.216+0600][9.260s][info][gc,phases   ] GC(12)   Post Evacuate Collection Set: 0.61ms
[2026-04-03T03:15:14.216+0600][9.260s][info][gc,phases   ] GC(12)   Other: 0.13ms
[2026-04-03T03:15:14.216+0600][9.260s][info][gc,heap     ] GC(12) Eden regions: 49->0(24)
[2026-04-03T03:15:14.216+0600][9.260s][info][gc,heap     ] GC(12) Survivor regions: 8->8(8)
[2026-04-03T03:15:14.216+0600][9.260s][info][gc,heap     ] GC(12) Old regions: 22->70
[2026-04-03T03:15:14.216+0600][9.260s][info][gc,heap     ] GC(12) Humongous regions: 8->8
[2026-04-03T03:15:14.216+0600][9.260s][info][gc,metaspace] GC(12) Metaspace: 49442K(49920K)->49442K(49920K) NonClass: 43310K(43584K)->43310K(43584K) Class: 6132K(6336K)->6132K(6336K)
[2026-04-03T03:15:14.216+0600][9.260s][info][gc          ] GC(12) Pause Young (Normal) (G1 Evacuation Pause) 86M->85M(143M) 261.165ms
[2026-04-03T03:15:14.216+0600][9.260s][info][gc,cpu      ] GC(12) User=0.49s Sys=0.03s Real=0.26s
[2026-04-03T03:15:14.282+0600][9.326s][info][gc,start    ] GC(13) Pause Young (Concurrent Start) (G1 Evacuation Pause)
[2026-04-03T03:15:14.282+0600][9.326s][info][gc,task     ] GC(13) Using 3 workers of 10 for evacuation
[2026-04-03T03:15:14.418+0600][9.462s][info][gc,phases   ] GC(13)   Pre Evacuate Collection Set: 0.31ms
[2026-04-03T03:15:14.418+0600][9.463s][info][gc,phases   ] GC(13)   Merge Heap Roots: 0.18ms
[2026-04-03T03:15:14.418+0600][9.463s][info][gc,phases   ] GC(13)   Evacuate Collection Set: 134.85ms
[2026-04-03T03:15:14.418+0600][9.463s][info][gc,phases   ] GC(13)   Post Evacuate Collection Set: 0.57ms
[2026-04-03T03:15:14.418+0600][9.463s][info][gc,phases   ] GC(13)   Other: 0.17ms
[2026-04-03T03:15:14.418+0600][9.463s][info][gc,heap     ] GC(13) Eden regions: 24->0(10)
[2026-04-03T03:15:14.418+0600][9.463s][info][gc,heap     ] GC(13) Survivor regions: 8->4(4)
[2026-04-03T03:15:14.418+0600][9.463s][info][gc,heap     ] GC(13) Old regions: 70->99
[2026-04-03T03:15:14.419+0600][9.463s][info][gc,heap     ] GC(13) Humongous regions: 8->8
[2026-04-03T03:15:14.419+0600][9.463s][info][gc,metaspace] GC(13) Metaspace: 49442K(49920K)->49442K(49920K) NonClass: 43310K(43584K)->43310K(43584K) Class: 6132K(6336K)->6132K(6336K)
[2026-04-03T03:15:14.419+0600][9.463s][info][gc          ] GC(13) Pause Young (Concurrent Start) (G1 Evacuation Pause) 109M->110M(143M) 136.455ms
[2026-04-03T03:15:14.419+0600][9.463s][info][gc          ] GC(14) Concurrent Mark Cycle
[2026-04-03T03:15:14.419+0600][9.463s][info][gc,marking  ] GC(14) Concurrent Scan Root Regions
[2026-04-03T03:15:14.419+0600][9.463s][info][gc,cpu      ] GC(13) User=0.41s Sys=0.01s Real=0.13s
[2026-04-03T03:15:14.426+0600][9.470s][info][gc,marking  ] GC(14) Concurrent Scan Root Regions 7.144ms
[2026-04-03T03:15:14.426+0600][9.470s][info][gc,marking  ] GC(14) Concurrent Mark
[2026-04-03T03:15:14.426+0600][9.470s][info][gc,marking  ] GC(14) Concurrent Mark From Roots
[2026-04-03T03:15:14.426+0600][9.470s][info][gc,task     ] GC(14) Using 3 workers of 3 for marking
[2026-04-03T03:15:14.455+0600][9.499s][info][gc,start    ] GC(15) Pause Young (Normal) (G1 Evacuation Pause)
[2026-04-03T03:15:14.455+0600][9.500s][info][gc,task     ] GC(15) Using 3 workers of 10 for evacuation
[2026-04-03T03:15:14.513+0600][9.557s][info][gc,phases   ] GC(15)   Pre Evacuate Collection Set: 0.37ms
[2026-04-03T03:15:14.513+0600][9.557s][info][gc,phases   ] GC(15)   Merge Heap Roots: 0.29ms
[2026-04-03T03:15:14.513+0600][9.557s][info][gc,phases   ] GC(15)   Evacuate Collection Set: 54.04ms
[2026-04-03T03:15:14.513+0600][9.557s][info][gc,phases   ] GC(15)   Post Evacuate Collection Set: 2.95ms
[2026-04-03T03:15:14.513+0600][9.557s][info][gc,phases   ] GC(15)   Other: 0.15ms
[2026-04-03T03:15:14.513+0600][9.557s][info][gc,heap     ] GC(15) Eden regions: 10->0(66)
[2026-04-03T03:15:14.513+0600][9.558s][info][gc,heap     ] GC(15) Survivor regions: 4->2(2)
[2026-04-03T03:15:14.513+0600][9.558s][info][gc,heap     ] GC(15) Old regions: 99->111
[2026-04-03T03:15:14.513+0600][9.558s][info][gc,heap     ] GC(15) Humongous regions: 8->8
[2026-04-03T03:15:14.513+0600][9.558s][info][gc,metaspace] GC(15) Metaspace: 49442K(49920K)->49442K(49920K) NonClass: 43310K(43584K)->43310K(43584K) Class: 6132K(6336K)->6132K(6336K)
[2026-04-03T03:15:14.513+0600][9.558s][info][gc          ] GC(15) Pause Young (Normal) (G1 Evacuation Pause) 120M->120M(386M) 58.129ms
[2026-04-03T03:15:14.514+0600][9.558s][info][gc,cpu      ] GC(15) User=0.16s Sys=0.01s Real=0.06s
[2026-04-03T03:15:14.656+0600][9.700s][info][gc,marking  ] GC(14) Concurrent Mark From Roots 230.369ms
[2026-04-03T03:15:14.656+0600][9.700s][info][gc,marking  ] GC(14) Concurrent Preclean
[2026-04-03T03:15:14.656+0600][9.701s][info][gc,marking  ] GC(14) Concurrent Preclean 0.144ms
[2026-04-03T03:15:14.657+0600][9.701s][info][gc,start    ] GC(14) Pause Remark
[2026-04-03T03:15:14.661+0600][9.705s][info][gc          ] GC(14) Pause Remark 161M->161M(386M) 4.518ms
[2026-04-03T03:15:14.661+0600][9.705s][info][gc,cpu      ] GC(14) User=0.01s Sys=0.00s Real=0.01s
[2026-04-03T03:15:14.661+0600][9.705s][info][gc,marking  ] GC(14) Concurrent Mark 235.463ms
[2026-04-03T03:15:14.661+0600][9.705s][info][gc,marking  ] GC(14) Concurrent Rebuild Remembered Sets and Scrub Regions
[2026-04-03T03:15:14.686+0600][9.730s][info][gc,marking  ] GC(14) Concurrent Rebuild Remembered Sets and Scrub Regions 24.294ms
[2026-04-03T03:15:14.686+0600][9.730s][info][gc,start    ] GC(14) Pause Cleanup
[2026-04-03T03:15:14.686+0600][9.730s][info][gc          ] GC(14) Pause Cleanup 169M->169M(386M) 0.435ms
[2026-04-03T03:15:14.686+0600][9.730s][info][gc,cpu      ] GC(14) User=0.00s Sys=0.00s Real=0.00s
[2026-04-03T03:15:14.687+0600][9.731s][info][gc,marking  ] GC(14) Concurrent Clear Claimed Marks
[2026-04-03T03:15:14.687+0600][9.731s][info][gc,marking  ] GC(14) Concurrent Clear Claimed Marks 0.073ms
[2026-04-03T03:15:14.687+0600][9.731s][info][gc,marking  ] GC(14) Concurrent Cleanup for Next Mark
[2026-04-03T03:15:14.688+0600][9.732s][info][gc,marking  ] GC(14) Concurrent Cleanup for Next Mark 1.433ms
[2026-04-03T03:15:14.688+0600][9.732s][info][gc          ] GC(14) Concurrent Mark Cycle 269.530ms
[2026-04-03T03:15:14.737+0600][9.781s][info][gc,start    ] GC(16) Pause Young (Prepare Mixed) (G1 Evacuation Pause)
[2026-04-03T03:15:14.737+0600][9.781s][info][gc,task     ] GC(16) Using 9 workers of 10 for evacuation
[2026-04-03T03:15:15.099+0600][10.143s][info][gc,mmu      ] GC(16) MMU target violated: 201.0ms (200.0ms/201.0ms)
[2026-04-03T03:15:15.099+0600][10.143s][info][gc,phases   ] GC(16)   Pre Evacuate Collection Set: 0.32ms
[2026-04-03T03:15:15.099+0600][10.143s][info][gc,phases   ] GC(16)   Merge Heap Roots: 0.05ms
[2026-04-03T03:15:15.099+0600][10.143s][info][gc,phases   ] GC(16)   Evacuate Collection Set: 360.28ms
[2026-04-03T03:15:15.099+0600][10.143s][info][gc,phases   ] GC(16)   Post Evacuate Collection Set: 0.56ms
[2026-04-03T03:15:15.099+0600][10.143s][info][gc,phases   ] GC(16)   Other: 0.22ms
[2026-04-03T03:15:15.099+0600][10.143s][info][gc,heap     ] GC(16) Eden regions: 66->0(60)
[2026-04-03T03:15:15.099+0600][10.143s][info][gc,heap     ] GC(16) Survivor regions: 2->9(9)
[2026-04-03T03:15:15.099+0600][10.143s][info][gc,heap     ] GC(16) Old regions: 111->171
[2026-04-03T03:15:15.099+0600][10.143s][info][gc,heap     ] GC(16) Humongous regions: 8->8
[2026-04-03T03:15:15.099+0600][10.143s][info][gc,metaspace] GC(16) Metaspace: 49442K(49920K)->49442K(49920K) NonClass: 43310K(43584K)->43310K(43584K) Class: 6132K(6336K)->6132K(6336K)
[2026-04-03T03:15:15.099+0600][10.143s][info][gc          ] GC(16) Pause Young (Prepare Mixed) (G1 Evacuation Pause) 186M->187M(386M) 361.727ms
[2026-04-03T03:15:15.099+0600][10.143s][info][gc,cpu      ] GC(16) User=0.79s Sys=0.10s Real=0.36s
[2026-04-03T03:15:15.223+0600][10.267s][info][gc,start    ] GC(17) Pause Young (Mixed) (G1 Evacuation Pause)
[2026-04-03T03:15:15.223+0600][10.268s][info][gc,task     ] GC(17) Using 9 workers of 10 for evacuation
[2026-04-03T03:15:15.589+0600][10.633s][info][gc,mmu      ] GC(17) MMU target violated: 201.0ms (200.0ms/201.0ms)
[2026-04-03T03:15:15.589+0600][10.633s][info][gc,phases   ] GC(17)   Pre Evacuate Collection Set: 0.17ms
[2026-04-03T03:15:15.589+0600][10.633s][info][gc,phases   ] GC(17)   Merge Heap Roots: 0.20ms
[2026-04-03T03:15:15.589+0600][10.633s][info][gc,phases   ] GC(17)   Evacuate Collection Set: 363.78ms
[2026-04-03T03:15:15.589+0600][10.633s][info][gc,phases   ] GC(17)   Post Evacuate Collection Set: 0.99ms
[2026-04-03T03:15:15.589+0600][10.633s][info][gc,phases   ] GC(17)   Other: 0.17ms
[2026-04-03T03:15:15.589+0600][10.633s][info][gc,heap     ] GC(17) Eden regions: 60->0(43)
[2026-04-03T03:15:15.589+0600][10.633s][info][gc,heap     ] GC(17) Survivor regions: 9->9(9)
[2026-04-03T03:15:15.589+0600][10.633s][info][gc,heap     ] GC(17) Old regions: 171->231
[2026-04-03T03:15:15.589+0600][10.633s][info][gc,heap     ] GC(17) Humongous regions: 8->8
[2026-04-03T03:15:15.589+0600][10.633s][info][gc,metaspace] GC(17) Metaspace: 49442K(49920K)->49442K(49920K) NonClass: 43310K(43584K)->43310K(43584K) Class: 6132K(6336K)->6132K(6336K)
[2026-04-03T03:15:15.589+0600][10.633s][info][gc          ] GC(17) Pause Young (Mixed) (G1 Evacuation Pause) 247M->248M(386M) 365.494ms
[2026-04-03T03:15:15.589+0600][10.633s][info][gc,cpu      ] GC(17) User=1.16s Sys=0.12s Real=0.36s
[2026-04-03T03:15:15.679+0600][10.723s][info][gc,start    ] GC(18) Pause Young (Concurrent Start) (G1 Evacuation Pause)
[2026-04-03T03:15:15.679+0600][10.723s][info][gc,task     ] GC(18) Using 9 workers of 10 for evacuation
[2026-04-03T03:15:15.958+0600][11.002s][info][gc,mmu      ] GC(18) MMU target violated: 201.0ms (200.0ms/201.0ms)
[2026-04-03T03:15:15.958+0600][11.002s][info][gc,phases   ] GC(18)   Pre Evacuate Collection Set: 0.57ms
[2026-04-03T03:15:15.958+0600][11.002s][info][gc,phases   ] GC(18)   Merge Heap Roots: 0.18ms
[2026-04-03T03:15:15.958+0600][11.002s][info][gc,phases   ] GC(18)   Evacuate Collection Set: 277.85ms
[2026-04-03T03:15:15.958+0600][11.002s][info][gc,phases   ] GC(18)   Post Evacuate Collection Set: 0.45ms
[2026-04-03T03:15:15.958+0600][11.002s][info][gc,phases   ] GC(18)   Other: 0.35ms
[2026-04-03T03:15:15.958+0600][11.002s][info][gc,heap     ] GC(18) Eden regions: 43->0(28)
[2026-04-03T03:15:15.958+0600][11.002s][info][gc,heap     ] GC(18) Survivor regions: 9->7(7)
[2026-04-03T03:15:15.958+0600][11.002s][info][gc,heap     ] GC(18) Old regions: 231->277
[2026-04-03T03:15:15.958+0600][11.002s][info][gc,heap     ] GC(18) Humongous regions: 8->8
[2026-04-03T03:15:15.958+0600][11.002s][info][gc,metaspace] GC(18) Metaspace: 49442K(49920K)->49442K(49920K) NonClass: 43310K(43584K)->43310K(43584K) Class: 6132K(6336K)->6132K(6336K)
[2026-04-03T03:15:15.958+0600][11.002s][info][gc          ] GC(18) Pause Young (Concurrent Start) (G1 Evacuation Pause) 291M->292M(386M) 279.589ms
[2026-04-03T03:15:15.958+0600][11.002s][info][gc          ] GC(19) Concurrent Mark Cycle
[2026-04-03T03:15:15.958+0600][11.002s][info][gc,marking  ] GC(19) Concurrent Scan Root Regions
[2026-04-03T03:15:15.958+0600][11.002s][info][gc,cpu      ] GC(18) User=1.01s Sys=0.10s Real=0.28s
[2026-04-03T03:15:15.968+0600][11.012s][info][gc,marking  ] GC(19) Concurrent Scan Root Regions 9.403ms
[2026-04-03T03:15:15.968+0600][11.012s][info][gc,marking  ] GC(19) Concurrent Mark
[2026-04-03T03:15:15.968+0600][11.012s][info][gc,marking  ] GC(19) Concurrent Mark From Roots
[2026-04-03T03:15:15.968+0600][11.012s][info][gc,task     ] GC(19) Using 3 workers of 3 for marking
[2026-04-03T03:15:16.040+0600][11.084s][info][gc,start    ] GC(20) Pause Young (Normal) (G1 Evacuation Pause)
[2026-04-03T03:15:16.040+0600][11.085s][info][gc,task     ] GC(20) Using 9 workers of 10 for evacuation
[2026-04-03T03:15:16.244+0600][11.288s][info][gc,mmu      ] GC(20) MMU target violated: 201.0ms (200.0ms/201.0ms)
[2026-04-03T03:15:16.244+0600][11.288s][info][gc,phases   ] GC(20)   Pre Evacuate Collection Set: 0.40ms
[2026-04-03T03:15:16.244+0600][11.288s][info][gc,phases   ] GC(20)   Merge Heap Roots: 0.09ms
[2026-04-03T03:15:16.244+0600][11.288s][info][gc,phases   ] GC(20)   Evacuate Collection Set: 202.20ms
[2026-04-03T03:15:16.244+0600][11.288s][info][gc,phases   ] GC(20)   Post Evacuate Collection Set: 0.31ms
[2026-04-03T03:15:16.244+0600][11.288s][info][gc,phases   ] GC(20)   Other: 0.19ms
[2026-04-03T03:15:16.244+0600][11.288s][info][gc,heap     ] GC(20) Eden regions: 28->0(19)
[2026-04-03T03:15:16.244+0600][11.288s][info][gc,heap     ] GC(20) Survivor regions: 7->5(5)
[2026-04-03T03:15:16.244+0600][11.288s][info][gc,heap     ] GC(20) Old regions: 277->310
[2026-04-03T03:15:16.244+0600][11.288s][info][gc,heap     ] GC(20) Humongous regions: 8->8
[2026-04-03T03:15:16.244+0600][11.288s][info][gc,metaspace] GC(20) Metaspace: 49442K(49920K)->49442K(49920K) NonClass: 43310K(43584K)->43310K(43584K) Class: 6132K(6336K)->6132K(6336K)
[2026-04-03T03:15:16.244+0600][11.288s][info][gc          ] GC(20) Pause Young (Normal) (G1 Evacuation Pause) 320M->322M(386M) 203.419ms
[2026-04-03T03:15:16.244+0600][11.288s][info][gc,cpu      ] GC(20) User=0.91s Sys=0.06s Real=0.20s
[2026-04-03T03:15:16.307+0600][11.351s][info][gc,start    ] GC(21) Pause Young (Normal) (G1 Evacuation Pause)
[2026-04-03T03:15:16.307+0600][11.351s][info][gc,task     ] GC(21) Using 9 workers of 10 for evacuation
[2026-04-03T03:15:16.451+0600][11.495s][info][gc,phases   ] GC(21)   Pre Evacuate Collection Set: 0.29ms
[2026-04-03T03:15:16.451+0600][11.495s][info][gc,phases   ] GC(21)   Merge Heap Roots: 0.09ms
[2026-04-03T03:15:16.451+0600][11.495s][info][gc,phases   ] GC(21)   Evacuate Collection Set: 140.09ms
[2026-04-03T03:15:16.451+0600][11.495s][info][gc,phases   ] GC(21)   Post Evacuate Collection Set: 2.80ms
[2026-04-03T03:15:16.451+0600][11.495s][info][gc,phases   ] GC(21)   Other: 0.12ms
[2026-04-03T03:15:16.451+0600][11.495s][info][gc,heap     ] GC(21) Eden regions: 19->0(58)
[2026-04-03T03:15:16.451+0600][11.495s][info][gc,heap     ] GC(21) Survivor regions: 5->3(3)
[2026-04-03T03:15:16.451+0600][11.495s][info][gc,heap     ] GC(21) Old regions: 310->333
[2026-04-03T03:15:16.451+0600][11.495s][info][gc,heap     ] GC(21) Humongous regions: 8->8
[2026-04-03T03:15:16.451+0600][11.495s][info][gc,metaspace] GC(21) Metaspace: 49442K(49920K)->49442K(49920K) NonClass: 43310K(43584K)->43310K(43584K) Class: 6132K(6336K)->6132K(6336K)
[2026-04-03T03:15:16.451+0600][11.495s][info][gc          ] GC(21) Pause Young (Normal) (G1 Evacuation Pause) 341M->343M(532M) 143.692ms
[2026-04-03T03:15:16.451+0600][11.495s][info][gc,cpu      ] GC(21) User=0.65s Sys=0.06s Real=0.15s
[2026-04-03T03:15:16.652+0600][11.696s][info][gc,start    ] GC(22) Pause Young (Normal) (G1 Evacuation Pause)
[2026-04-03T03:15:16.652+0600][11.696s][info][gc,task     ] GC(22) Using 10 workers of 10 for evacuation
[2026-04-03T03:15:16.988+0600][12.033s][info][gc,mmu      ] GC(22) MMU target violated: 201.0ms (200.0ms/201.0ms)
[2026-04-03T03:15:16.989+0600][12.033s][info][gc,phases   ] GC(22)   Pre Evacuate Collection Set: 0.30ms
[2026-04-03T03:15:16.989+0600][12.033s][info][gc,phases   ] GC(22)   Merge Heap Roots: 0.24ms
[2026-04-03T03:15:16.989+0600][12.033s][info][gc,phases   ] GC(22)   Evacuate Collection Set: 335.26ms
[2026-04-03T03:15:16.989+0600][12.033s][info][gc,phases   ] GC(22)   Post Evacuate Collection Set: 0.38ms
[2026-04-03T03:15:16.989+0600][12.033s][info][gc,phases   ] GC(22)   Other: 0.20ms
[2026-04-03T03:15:16.989+0600][12.033s][info][gc,heap     ] GC(22) Eden regions: 58->0(39)
[2026-04-03T03:15:16.989+0600][12.033s][info][gc,heap     ] GC(22) Survivor regions: 3->8(8)
[2026-04-03T03:15:16.989+0600][12.033s][info][gc,heap     ] GC(22) Old regions: 333->388
[2026-04-03T03:15:16.989+0600][12.033s][info][gc,heap     ] GC(22) Humongous regions: 8->8
[2026-04-03T03:15:16.989+0600][12.033s][info][gc,metaspace] GC(22) Metaspace: 49442K(49920K)->49442K(49920K) NonClass: 43310K(43584K)->43310K(43584K) Class: 6132K(6336K)->6132K(6336K)
[2026-04-03T03:15:16.989+0600][12.033s][info][gc          ] GC(22) Pause Young (Normal) (G1 Evacuation Pause) 401M->403M(532M) 336.696ms
[2026-04-03T03:15:16.989+0600][12.033s][info][gc,cpu      ] GC(22) User=0.85s Sys=0.08s Real=0.33s
[2026-04-03T03:15:17.096+0600][12.140s][info][gc,start    ] GC(23) Pause Young (Normal) (G1 Evacuation Pause)
[2026-04-03T03:15:17.096+0600][12.140s][info][gc,task     ] GC(23) Using 10 workers of 10 for evacuation
[2026-04-03T03:15:17.330+0600][12.374s][info][gc,mmu      ] GC(23) MMU target violated: 201.0ms (200.0ms/201.0ms)
[2026-04-03T03:15:17.330+0600][12.374s][info][gc,phases   ] GC(23)   Pre Evacuate Collection Set: 0.63ms
[2026-04-03T03:15:17.330+0600][12.374s][info][gc,phases   ] GC(23)   Merge Heap Roots: 0.09ms
[2026-04-03T03:15:17.330+0600][12.374s][info][gc,phases   ] GC(23)   Evacuate Collection Set: 232.98ms
[2026-04-03T03:15:17.330+0600][12.374s][info][gc,phases   ] GC(23)   Post Evacuate Collection Set: 0.28ms
[2026-04-03T03:15:17.330+0600][12.374s][info][gc,phases   ] GC(23)   Other: 0.17ms
[2026-04-03T03:15:17.330+0600][12.374s][info][gc,heap     ] GC(23) Eden regions: 39->0(26)
[2026-04-03T03:15:17.330+0600][12.374s][info][gc,heap     ] GC(23) Survivor regions: 8->6(6)
[2026-04-03T03:15:17.330+0600][12.374s][info][gc,heap     ] GC(23) Old regions: 388->430
[2026-04-03T03:15:17.330+0600][12.374s][info][gc,heap     ] GC(23) Humongous regions: 8->8
[2026-04-03T03:15:17.330+0600][12.374s][info][gc,metaspace] GC(23) Metaspace: 49442K(49920K)->49442K(49920K) NonClass: 43310K(43584K)->43310K(43584K) Class: 6132K(6336K)->6132K(6336K)
[2026-04-03T03:15:17.330+0600][12.374s][info][gc          ] GC(23) Pause Young (Normal) (G1 Evacuation Pause) 442M->444M(532M) 234.331ms
[2026-04-03T03:15:17.330+0600][12.375s][info][gc,cpu      ] GC(23) User=0.87s Sys=0.06s Real=0.24s
[2026-04-03T03:15:17.408+0600][12.452s][info][gc,start    ] GC(24) Pause Young (Normal) (G1 Evacuation Pause)
[2026-04-03T03:15:17.408+0600][12.452s][info][gc,task     ] GC(24) Using 10 workers of 10 for evacuation
[2026-04-03T03:15:17.596+0600][12.640s][info][gc,phases   ] GC(24)   Pre Evacuate Collection Set: 0.21ms
[2026-04-03T03:15:17.596+0600][12.640s][info][gc,phases   ] GC(24)   Merge Heap Roots: 0.11ms
[2026-04-03T03:15:17.596+0600][12.640s][info][gc,phases   ] GC(24)   Evacuate Collection Set: 186.98ms
[2026-04-03T03:15:17.596+0600][12.640s][info][gc,phases   ] GC(24)   Post Evacuate Collection Set: 1.08ms
[2026-04-03T03:15:17.596+0600][12.640s][info][gc,phases   ] GC(24)   Other: 0.08ms
[2026-04-03T03:15:17.596+0600][12.640s][info][gc,heap     ] GC(24) Eden regions: 26->0(22)
[2026-04-03T03:15:17.596+0600][12.640s][info][gc,heap     ] GC(24) Survivor regions: 6->4(4)
[2026-04-03T03:15:17.596+0600][12.640s][info][gc,heap     ] GC(24) Old regions: 430->460
[2026-04-03T03:15:17.596+0600][12.640s][info][gc,heap     ] GC(24) Humongous regions: 8->8
[2026-04-03T03:15:17.596+0600][12.640s][info][gc,metaspace] GC(24) Metaspace: 49442K(49920K)->49442K(49920K) NonClass: 43310K(43584K)->43310K(43584K) Class: 6132K(6336K)->6132K(6336K)
[2026-04-03T03:15:17.596+0600][12.640s][info][gc          ] GC(24) Pause Young (Normal) (G1 Evacuation Pause) 470M->472M(532M) 188.750ms
[2026-04-03T03:15:17.596+0600][12.641s][info][gc,cpu      ] GC(24) User=0.77s Sys=0.09s Real=0.19s
[2026-04-03T03:15:17.602+0600][12.646s][info][gc,marking  ] GC(19) Concurrent Mark From Roots 1634.524ms
[2026-04-03T03:15:17.620+0600][12.664s][info][gc,marking  ] GC(19) Concurrent Preclean
[2026-04-03T03:15:17.620+0600][12.664s][info][gc,marking  ] GC(19) Concurrent Preclean 0.388ms
[2026-04-03T03:15:17.620+0600][12.664s][info][gc,start    ] GC(19) Pause Remark
[2026-04-03T03:15:17.624+0600][12.668s][info][gc          ] GC(19) Pause Remark 482M->482M(750M) 3.815ms
[2026-04-03T03:15:17.624+0600][12.668s][info][gc,cpu      ] GC(19) User=0.01s Sys=0.00s Real=0.00s
[2026-04-03T03:15:17.624+0600][12.669s][info][gc,marking  ] GC(19) Concurrent Mark 1656.599ms
[2026-04-03T03:15:17.624+0600][12.669s][info][gc,marking  ] GC(19) Concurrent Rebuild Remembered Sets and Scrub Regions
[2026-04-03T03:15:17.663+0600][12.707s][info][gc,start    ] GC(25) Pause Young (Normal) (G1 Evacuation Pause)
[2026-04-03T03:15:17.663+0600][12.707s][info][gc,task     ] GC(25) Using 10 workers of 10 for evacuation
[2026-04-03T03:15:17.809+0600][12.853s][info][gc,phases   ] GC(25)   Pre Evacuate Collection Set: 0.43ms
[2026-04-03T03:15:17.809+0600][12.853s][info][gc,phases   ] GC(25)   Merge Heap Roots: 0.09ms
[2026-04-03T03:15:17.809+0600][12.853s][info][gc,phases   ] GC(25)   Evacuate Collection Set: 145.21ms
[2026-04-03T03:15:17.809+0600][12.853s][info][gc,phases   ] GC(25)   Post Evacuate Collection Set: 0.30ms
[2026-04-03T03:15:17.809+0600][12.853s][info][gc,phases   ] GC(25)   Other: 0.11ms
[2026-04-03T03:15:17.809+0600][12.854s][info][gc,heap     ] GC(25) Eden regions: 22->0(79)
[2026-04-03T03:15:17.809+0600][12.854s][info][gc,heap     ] GC(25) Survivor regions: 4->4(4)
[2026-04-03T03:15:17.809+0600][12.854s][info][gc,heap     ] GC(25) Old regions: 460->484
[2026-04-03T03:15:17.809+0600][12.854s][info][gc,heap     ] GC(25) Humongous regions: 8->8
[2026-04-03T03:15:17.809+0600][12.854s][info][gc,metaspace] GC(25) Metaspace: 49442K(49920K)->49442K(49920K) NonClass: 43310K(43584K)->43310K(43584K) Class: 6132K(6336K)->6132K(6336K)
[2026-04-03T03:15:17.809+0600][12.854s][info][gc          ] GC(25) Pause Young (Normal) (G1 Evacuation Pause) 494M->496M(750M) 146.397ms
[2026-04-03T03:15:17.810+0600][12.854s][info][gc,cpu      ] GC(25) User=0.54s Sys=0.05s Real=0.14s
[2026-04-03T03:15:17.870+0600][12.914s][info][gc,marking  ] GC(19) Concurrent Rebuild Remembered Sets and Scrub Regions 245.647ms
[2026-04-03T03:15:17.870+0600][12.914s][info][gc,start    ] GC(19) Pause Cleanup
[2026-04-03T03:15:17.871+0600][12.915s][info][gc          ] GC(19) Pause Cleanup 518M->518M(750M) 0.393ms
[2026-04-03T03:15:17.871+0600][12.915s][info][gc,cpu      ] GC(19) User=0.00s Sys=0.00s Real=0.00s
[2026-04-03T03:15:17.871+0600][12.915s][info][gc,marking  ] GC(19) Concurrent Clear Claimed Marks
[2026-04-03T03:15:17.871+0600][12.915s][info][gc,marking  ] GC(19) Concurrent Clear Claimed Marks 0.101ms
[2026-04-03T03:15:17.871+0600][12.915s][info][gc,marking  ] GC(19) Concurrent Cleanup for Next Mark
[2026-04-03T03:15:17.873+0600][12.917s][info][gc,marking  ] GC(19) Concurrent Cleanup for Next Mark 2.035ms
[2026-04-03T03:15:17.873+0600][12.917s][info][gc          ] GC(19) Concurrent Mark Cycle 1914.871ms
[2026-04-03T03:15:18.021+0600][13.065s][info][gc,start    ] GC(26) Pause Young (Prepare Mixed) (G1 Evacuation Pause)
[2026-04-03T03:15:18.021+0600][13.065s][info][gc,task     ] GC(26) Using 10 workers of 10 for evacuation
[2026-04-03T03:15:18.457+0600][13.501s][info][gc,mmu      ] GC(26) MMU target violated: 201.0ms (200.0ms/201.0ms)
[2026-04-03T03:15:18.457+0600][13.501s][info][gc,phases   ] GC(26)   Pre Evacuate Collection Set: 0.22ms
[2026-04-03T03:15:18.457+0600][13.501s][info][gc,phases   ] GC(26)   Merge Heap Roots: 0.17ms
[2026-04-03T03:15:18.457+0600][13.501s][info][gc,phases   ] GC(26)   Evacuate Collection Set: 435.40ms
[2026-04-03T03:15:18.457+0600][13.501s][info][gc,phases   ] GC(26)   Post Evacuate Collection Set: 0.33ms
[2026-04-03T03:15:18.457+0600][13.501s][info][gc,phases   ] GC(26)   Other: 0.28ms
[2026-04-03T03:15:18.457+0600][13.501s][info][gc,heap     ] GC(26) Eden regions: 79->0(53)
[2026-04-03T03:15:18.457+0600][13.501s][info][gc,heap     ] GC(26) Survivor regions: 4->11(11)
[2026-04-03T03:15:18.457+0600][13.501s][info][gc,heap     ] GC(26) Old regions: 484->557
[2026-04-03T03:15:18.457+0600][13.501s][info][gc,heap     ] GC(26) Humongous regions: 8->8
[2026-04-03T03:15:18.457+0600][13.501s][info][gc,metaspace] GC(26) Metaspace: 49442K(49920K)->49442K(49920K) NonClass: 43310K(43584K)->43310K(43584K) Class: 6132K(6336K)->6132K(6336K)
[2026-04-03T03:15:18.457+0600][13.501s][info][gc          ] GC(26) Pause Young (Prepare Mixed) (G1 Evacuation Pause) 575M->575M(750M) 436.584ms
[2026-04-03T03:15:18.457+0600][13.501s][info][gc,cpu      ] GC(26) User=1.09s Sys=0.12s Real=0.43s
[2026-04-03T03:15:18.564+0600][13.608s][info][gc,start    ] GC(27) Pause Young (Mixed) (G1 Evacuation Pause)
[2026-04-03T03:15:18.564+0600][13.608s][info][gc,task     ] GC(27) Using 10 workers of 10 for evacuation
[2026-04-03T03:15:18.893+0600][13.937s][info][gc,mmu      ] GC(27) MMU target violated: 201.0ms (200.0ms/201.0ms)
[2026-04-03T03:15:18.893+0600][13.937s][info][gc,phases   ] GC(27)   Pre Evacuate Collection Set: 0.47ms
[2026-04-03T03:15:18.893+0600][13.937s][info][gc,phases   ] GC(27)   Merge Heap Roots: 0.19ms
[2026-04-03T03:15:18.893+0600][13.937s][info][gc,phases   ] GC(27)   Evacuate Collection Set: 327.21ms
[2026-04-03T03:15:18.893+0600][13.937s][info][gc,phases   ] GC(27)   Post Evacuate Collection Set: 0.50ms
[2026-04-03T03:15:18.893+0600][13.937s][info][gc,phases   ] GC(27)   Other: 0.28ms
[2026-04-03T03:15:18.893+0600][13.937s][info][gc,heap     ] GC(27) Eden regions: 53->0(37)
[2026-04-03T03:15:18.893+0600][13.937s][info][gc,heap     ] GC(27) Survivor regions: 11->8(8)
[2026-04-03T03:15:18.893+0600][13.937s][info][gc,heap     ] GC(27) Old regions: 557->613
[2026-04-03T03:15:18.893+0600][13.937s][info][gc,heap     ] GC(27) Humongous regions: 8->8
[2026-04-03T03:15:18.893+0600][13.937s][info][gc,metaspace] GC(27) Metaspace: 49442K(49920K)->49442K(49920K) NonClass: 43310K(43584K)->43310K(43584K) Class: 6132K(6336K)->6132K(6336K)
[2026-04-03T03:15:18.893+0600][13.937s][info][gc          ] GC(27) Pause Young (Mixed) (G1 Evacuation Pause) 628M->628M(750M) 328.821ms
[2026-04-03T03:15:18.893+0600][13.937s][info][gc,cpu      ] GC(27) User=1.23s Sys=0.11s Real=0.33s
[2026-04-03T03:15:19.660+0600][14.704s][info][gc,start    ] GC(28) Pause Young (Concurrent Start) (G1 Evacuation Pause)
[2026-04-03T03:15:19.660+0600][14.704s][info][gc,task     ] GC(28) Using 10 workers of 10 for evacuation
[2026-04-03T03:15:19.748+0600][14.792s][info][gc,phases   ] GC(28)   Pre Evacuate Collection Set: 0.28ms
[2026-04-03T03:15:19.748+0600][14.792s][info][gc,phases   ] GC(28)   Merge Heap Roots: 0.06ms
[2026-04-03T03:15:19.748+0600][14.792s][info][gc,phases   ] GC(28)   Evacuate Collection Set: 86.83ms
[2026-04-03T03:15:19.748+0600][14.792s][info][gc,phases   ] GC(28)   Post Evacuate Collection Set: 0.33ms
[2026-04-03T03:15:19.748+0600][14.792s][info][gc,phases   ] GC(28)   Other: 0.10ms
[2026-04-03T03:15:19.748+0600][14.792s][info][gc,heap     ] GC(28) Eden regions: 37->0(36)
[2026-04-03T03:15:19.748+0600][14.792s][info][gc,heap     ] GC(28) Survivor regions: 8->6(6)
[2026-04-03T03:15:19.748+0600][14.792s][info][gc,heap     ] GC(28) Old regions: 613->623
[2026-04-03T03:15:19.748+0600][14.792s][info][gc,heap     ] GC(28) Humongous regions: 8->8
[2026-04-03T03:15:19.748+0600][14.792s][info][gc,metaspace] GC(28) Metaspace: 50816K(51264K)->50816K(51264K) NonClass: 44459K(44736K)->44459K(44736K) Class: 6356K(6528K)->6356K(6528K)
[2026-04-03T03:15:19.748+0600][14.792s][info][gc          ] GC(28) Pause Young (Concurrent Start) (G1 Evacuation Pause) 665M->637M(750M) 87.883ms
[2026-04-03T03:15:19.748+0600][14.792s][info][gc          ] GC(29) Concurrent Mark Cycle
[2026-04-03T03:15:19.748+0600][14.792s][info][gc,marking  ] GC(29) Concurrent Scan Root Regions
[2026-04-03T03:15:19.748+0600][14.792s][info][gc,cpu      ] GC(28) User=0.60s Sys=0.05s Real=0.08s
[2026-04-03T03:15:19.752+0600][14.796s][info][gc,marking  ] GC(29) Concurrent Scan Root Regions 3.731ms
[2026-04-03T03:15:19.752+0600][14.796s][info][gc,marking  ] GC(29) Concurrent Mark
[2026-04-03T03:15:19.752+0600][14.796s][info][gc,marking  ] GC(29) Concurrent Mark From Roots
[2026-04-03T03:15:19.752+0600][14.796s][info][gc,task     ] GC(29) Using 3 workers of 3 for marking
[2026-04-03T03:15:19.994+0600][15.038s][info][gc,marking  ] GC(29) Concurrent Mark From Roots 242.219ms
[2026-04-03T03:15:19.994+0600][15.038s][info][gc,marking  ] GC(29) Concurrent Preclean
[2026-04-03T03:15:19.994+0600][15.038s][info][gc,marking  ] GC(29) Concurrent Preclean 0.189ms
[2026-04-03T03:15:19.994+0600][15.039s][info][gc,start    ] GC(29) Pause Remark
[2026-04-03T03:15:19.998+0600][15.042s][info][gc          ] GC(29) Pause Remark 649M->114M(340M) 3.685ms
[2026-04-03T03:15:19.998+0600][15.042s][info][gc,cpu      ] GC(29) User=0.01s Sys=0.00s Real=0.00s
[2026-04-03T03:15:19.998+0600][15.042s][info][gc,marking  ] GC(29) Concurrent Mark 246.563ms
[2026-04-03T03:15:19.998+0600][15.042s][info][gc,marking  ] GC(29) Concurrent Rebuild Remembered Sets and Scrub Regions
[2026-04-03T03:15:20.019+0600][15.063s][info][gc,marking  ] GC(29) Concurrent Rebuild Remembered Sets and Scrub Regions 20.848ms
[2026-04-03T03:15:20.019+0600][15.063s][info][gc,start    ] GC(29) Pause Cleanup
[2026-04-03T03:15:20.020+0600][15.064s][info][gc          ] GC(29) Pause Cleanup 114M->114M(340M) 0.182ms
[2026-04-03T03:15:20.020+0600][15.064s][info][gc,cpu      ] GC(29) User=0.01s Sys=0.00s Real=0.00s
[2026-04-03T03:15:20.020+0600][15.064s][info][gc,marking  ] GC(29) Concurrent Clear Claimed Marks
[2026-04-03T03:15:20.020+0600][15.064s][info][gc,marking  ] GC(29) Concurrent Clear Claimed Marks 0.120ms
[2026-04-03T03:15:20.020+0600][15.064s][info][gc,marking  ] GC(29) Concurrent Cleanup for Next Mark
[2026-04-03T03:15:20.020+0600][15.064s][info][gc,marking  ] GC(29) Concurrent Cleanup for Next Mark 0.396ms
[2026-04-03T03:15:20.020+0600][15.064s][info][gc          ] GC(29) Concurrent Mark Cycle 272.347ms
[2026-04-03T03:15:21.666+0600][16.710s][info][gc,start    ] GC(30) Pause Young (Prepare Mixed) (G1 Evacuation Pause)
[2026-04-03T03:15:21.666+0600][16.710s][info][gc,task     ] GC(30) Using 9 workers of 10 for evacuation
[2026-04-03T03:15:21.699+0600][16.743s][info][gc,phases   ] GC(30)   Pre Evacuate Collection Set: 0.16ms
[2026-04-03T03:15:21.699+0600][16.743s][info][gc,phases   ] GC(30)   Merge Heap Roots: 0.12ms
[2026-04-03T03:15:21.699+0600][16.743s][info][gc,phases   ] GC(30)   Evacuate Collection Set: 31.76ms
[2026-04-03T03:15:21.699+0600][16.743s][info][gc,phases   ] GC(30)   Post Evacuate Collection Set: 0.74ms
[2026-04-03T03:15:21.699+0600][16.743s][info][gc,phases   ] GC(30)   Other: 0.15ms
[2026-04-03T03:15:21.699+0600][16.743s][info][gc,heap     ] GC(30) Eden regions: 36->0(82)
[2026-04-03T03:15:21.699+0600][16.743s][info][gc,heap     ] GC(30) Survivor regions: 6->3(6)
[2026-04-03T03:15:21.699+0600][16.743s][info][gc,heap     ] GC(30) Old regions: 88->96
[2026-04-03T03:15:21.699+0600][16.743s][info][gc,heap     ] GC(30) Humongous regions: 29->8
[2026-04-03T03:15:21.699+0600][16.743s][info][gc,metaspace] GC(30) Metaspace: 56869K(57408K)->56869K(57408K) NonClass: 49736K(50048K)->49736K(50048K) Class: 7132K(7360K)->7132K(7360K)
[2026-04-03T03:15:21.699+0600][16.743s][info][gc          ] GC(30) Pause Young (Prepare Mixed) (G1 Evacuation Pause) 159M->106M(340M) 33.310ms
[2026-04-03T03:15:21.699+0600][16.743s][info][gc,cpu      ] GC(30) User=0.09s Sys=0.01s Real=0.03s
[2026-04-03T03:15:21.761+0600][16.805s][info][gc,start    ] GC(31) Pause Full (System.gc())
[2026-04-03T03:15:21.761+0600][16.805s][info][gc,task     ] GC(31) Using 8 workers of 10 for full compaction
[2026-04-03T03:15:21.761+0600][16.805s][info][gc,phases,start] GC(31) Phase 1: Mark live objects
[2026-04-03T03:15:21.771+0600][16.815s][info][gc,phases      ] GC(31) Phase 1: Mark live objects 10.076ms
[2026-04-03T03:15:21.771+0600][16.815s][info][gc,phases,start] GC(31) Phase 2: Prepare compaction
[2026-04-03T03:15:21.773+0600][16.817s][info][gc,phases      ] GC(31) Phase 2: Prepare compaction 1.524ms
[2026-04-03T03:15:21.773+0600][16.817s][info][gc,phases,start] GC(31) Phase 3: Adjust pointers
[2026-04-03T03:15:21.777+0600][16.821s][info][gc,phases      ] GC(31) Phase 3: Adjust pointers 4.695ms
[2026-04-03T03:15:21.777+0600][16.821s][info][gc,phases,start] GC(31) Phase 4: Compact heap
[2026-04-03T03:15:21.780+0600][16.824s][info][gc,phases      ] GC(31) Phase 4: Compact heap 2.149ms
[2026-04-03T03:15:21.780+0600][16.824s][info][gc,phases,start] GC(31) Phase 5: Reset Metadata
[2026-04-03T03:15:21.781+0600][16.825s][info][gc,phases      ] GC(31) Phase 5: Reset Metadata 1.174ms
[2026-04-03T03:15:21.784+0600][16.828s][info][gc,heap        ] GC(31) Eden regions: 9->0(30)
[2026-04-03T03:15:21.784+0600][16.828s][info][gc,heap        ] GC(31) Survivor regions: 3->0(6)
[2026-04-03T03:15:21.784+0600][16.828s][info][gc,heap        ] GC(31) Old regions: 96->26
[2026-04-03T03:15:21.784+0600][16.828s][info][gc,heap        ] GC(31) Humongous regions: 8->8
[2026-04-03T03:15:21.784+0600][16.828s][info][gc,metaspace   ] GC(31) Metaspace: 57347K(57920K)->57347K(57920K) NonClass: 50154K(50496K)->50154K(50496K) Class: 7193K(7424K)->7193K(7424K)
[2026-04-03T03:15:21.784+0600][16.828s][info][gc             ] GC(31) Pause Full (System.gc()) 115M->30M(114M) 23.660ms
[2026-04-03T03:15:21.784+0600][16.828s][info][gc,cpu         ] GC(31) User=0.10s Sys=0.01s Real=0.02s
[2026-04-03T03:15:22.029+0600][17.074s][info][gc,start       ] GC(32) Pause Young (Concurrent Start) (G1 Evacuation Pause)
[2026-04-03T03:15:22.030+0600][17.074s][info][gc,task        ] GC(32) Using 5 workers of 10 for evacuation
[2026-04-03T03:15:22.032+0600][17.076s][info][gc,phases      ] GC(32)   Pre Evacuate Collection Set: 0.34ms
[2026-04-03T03:15:22.032+0600][17.076s][info][gc,phases      ] GC(32)   Merge Heap Roots: 0.17ms
[2026-04-03T03:15:22.032+0600][17.076s][info][gc,phases      ] GC(32)   Evacuate Collection Set: 1.27ms
[2026-04-03T03:15:22.032+0600][17.076s][info][gc,phases      ] GC(32)   Post Evacuate Collection Set: 0.61ms
[2026-04-03T03:15:22.032+0600][17.076s][info][gc,phases      ] GC(32)   Other: 0.26ms
[2026-04-03T03:15:22.032+0600][17.076s][info][gc,heap        ] GC(32) Eden regions: 30->0(33)
[2026-04-03T03:15:22.032+0600][17.076s][info][gc,heap        ] GC(32) Survivor regions: 0->1(4)
[2026-04-03T03:15:22.032+0600][17.076s][info][gc,heap        ] GC(32) Old regions: 26->26
[2026-04-03T03:15:22.032+0600][17.076s][info][gc,heap        ] GC(32) Humongous regions: 8->8
[2026-04-03T03:15:22.032+0600][17.076s][info][gc,metaspace   ] GC(32) Metaspace: 59135K(59712K)->59135K(59712K) NonClass: 51688K(52032K)->51688K(52032K) Class: 7446K(7680K)->7446K(7680K)
[2026-04-03T03:15:22.032+0600][17.076s][info][gc             ] GC(32) Pause Young (Concurrent Start) (G1 Evacuation Pause) 60M->31M(114M) 2.917ms
[2026-04-03T03:15:22.032+0600][17.077s][info][gc,cpu         ] GC(32) User=0.01s Sys=0.01s Real=0.01s
[2026-04-03T03:15:22.032+0600][17.077s][info][gc             ] GC(33) Concurrent Mark Cycle
[2026-04-03T03:15:22.032+0600][17.077s][info][gc,marking     ] GC(33) Concurrent Scan Root Regions
[2026-04-03T03:15:22.034+0600][17.078s][info][gc,marking     ] GC(33) Concurrent Scan Root Regions 1.716ms
[2026-04-03T03:15:22.034+0600][17.078s][info][gc,marking     ] GC(33) Concurrent Mark
[2026-04-03T03:15:22.034+0600][17.078s][info][gc,marking     ] GC(33) Concurrent Mark From Roots
[2026-04-03T03:15:22.034+0600][17.078s][info][gc,task        ] GC(33) Using 3 workers of 3 for marking
[2026-04-03T03:15:22.051+0600][17.095s][info][gc,marking     ] GC(33) Concurrent Mark From Roots 16.439ms
[2026-04-03T03:15:22.051+0600][17.095s][info][gc,marking     ] GC(33) Concurrent Preclean
[2026-04-03T03:15:22.051+0600][17.095s][info][gc,marking     ] GC(33) Concurrent Preclean 0.071ms
[2026-04-03T03:15:22.051+0600][17.095s][info][gc,start       ] GC(33) Pause Remark
[2026-04-03T03:15:22.055+0600][17.100s][info][gc             ] GC(33) Pause Remark 40M->40M(114M) 4.203ms
[2026-04-03T03:15:22.056+0600][17.100s][info][gc,cpu         ] GC(33) User=0.01s Sys=0.00s Real=0.00s
[2026-04-03T03:15:22.056+0600][17.100s][info][gc,marking     ] GC(33) Concurrent Mark 21.360ms
[2026-04-03T03:15:22.056+0600][17.100s][info][gc,marking     ] GC(33) Concurrent Rebuild Remembered Sets and Scrub Regions
[2026-04-03T03:15:22.062+0600][17.106s][info][gc,marking     ] GC(33) Concurrent Rebuild Remembered Sets and Scrub Regions 6.446ms
[2026-04-03T03:15:22.062+0600][17.106s][info][gc,start       ] GC(33) Pause Cleanup
[2026-04-03T03:15:22.063+0600][17.107s][info][gc             ] GC(33) Pause Cleanup 43M->43M(114M) 0.175ms
[2026-04-03T03:15:22.063+0600][17.107s][info][gc,cpu         ] GC(33) User=0.00s Sys=0.00s Real=0.00s
[2026-04-03T03:15:22.063+0600][17.107s][info][gc,marking     ] GC(33) Concurrent Clear Claimed Marks
[2026-04-03T03:15:22.063+0600][17.107s][info][gc,marking     ] GC(33) Concurrent Clear Claimed Marks 0.107ms
[2026-04-03T03:15:22.063+0600][17.107s][info][gc,marking     ] GC(33) Concurrent Cleanup for Next Mark
[2026-04-03T03:15:22.063+0600][17.107s][info][gc,marking     ] GC(33) Concurrent Cleanup for Next Mark 0.314ms
[2026-04-03T03:15:22.063+0600][17.107s][info][gc             ] GC(33) Concurrent Mark Cycle 30.759ms
[2026-04-03T03:15:22.275+0600][17.319s][info][gc,start       ] GC(34) Pause Young (Prepare Mixed) (G1 Evacuation Pause)
[2026-04-03T03:15:22.276+0600][17.320s][info][gc,task        ] GC(34) Using 3 workers of 10 for evacuation
[2026-04-03T03:15:22.279+0600][17.323s][info][gc,phases      ] GC(34)   Pre Evacuate Collection Set: 0.23ms
[2026-04-03T03:15:22.279+0600][17.323s][info][gc,phases      ] GC(34)   Merge Heap Roots: 0.20ms
[2026-04-03T03:15:22.279+0600][17.323s][info][gc,phases      ] GC(34)   Evacuate Collection Set: 2.47ms
[2026-04-03T03:15:22.279+0600][17.323s][info][gc,phases      ] GC(34)   Post Evacuate Collection Set: 0.67ms
[2026-04-03T03:15:22.279+0600][17.323s][info][gc,phases      ] GC(34)   Other: 0.09ms
[2026-04-03T03:15:22.279+0600][17.323s][info][gc,heap        ] GC(34) Eden regions: 33->0(37)
[2026-04-03T03:15:22.279+0600][17.323s][info][gc,heap        ] GC(34) Survivor regions: 1->2(5)
[2026-04-03T03:15:22.279+0600][17.323s][info][gc,heap        ] GC(34) Old regions: 26->26
[2026-04-03T03:15:22.279+0600][17.323s][info][gc,heap        ] GC(34) Humongous regions: 8->8
[2026-04-03T03:15:22.279+0600][17.323s][info][gc,metaspace   ] GC(34) Metaspace: 62562K(63168K)->62562K(63168K) NonClass: 54814K(55168K)->54814K(55168K) Class: 7747K(8000K)->7747K(8000K)
[2026-04-03T03:15:22.279+0600][17.323s][info][gc             ] GC(34) Pause Young (Prepare Mixed) (G1 Evacuation Pause) 64M->32M(114M) 3.953ms
[2026-04-03T03:15:22.279+0600][17.323s][info][gc,cpu         ] GC(34) User=0.01s Sys=0.00s Real=0.00s
[2026-04-03T03:15:23.714+0600][18.758s][info][gc,start       ] GC(35) Pause Young (Mixed) (G1 Evacuation Pause)
[2026-04-03T03:15:23.714+0600][18.758s][info][gc,task        ] GC(35) Using 2 workers of 10 for evacuation
[2026-04-03T03:15:23.724+0600][18.768s][info][gc,phases      ] GC(35)   Pre Evacuate Collection Set: 0.17ms
[2026-04-03T03:15:23.724+0600][18.768s][info][gc,phases      ] GC(35)   Merge Heap Roots: 0.14ms
[2026-04-03T03:15:23.724+0600][18.768s][info][gc,phases      ] GC(35)   Evacuate Collection Set: 8.85ms
[2026-04-03T03:15:23.724+0600][18.768s][info][gc,phases      ] GC(35)   Post Evacuate Collection Set: 0.91ms
[2026-04-03T03:15:23.724+0600][18.768s][info][gc,phases      ] GC(35)   Other: 0.09ms
[2026-04-03T03:15:23.724+0600][18.768s][info][gc,heap        ] GC(35) Eden regions: 37->0(38)
[2026-04-03T03:15:23.724+0600][18.768s][info][gc,heap        ] GC(35) Survivor regions: 2->5(5)
[2026-04-03T03:15:23.724+0600][18.768s][info][gc,heap        ] GC(35) Old regions: 26->26
[2026-04-03T03:15:23.724+0600][18.768s][info][gc,heap        ] GC(35) Humongous regions: 25->8
[2026-04-03T03:15:23.724+0600][18.768s][info][gc,metaspace   ] GC(35) Metaspace: 66533K(67392K)->66533K(67392K) NonClass: 58164K(58624K)->58164K(58624K) Class: 8368K(8768K)->8368K(8768K)
[2026-04-03T03:15:23.724+0600][18.768s][info][gc             ] GC(35) Pause Young (Mixed) (G1 Evacuation Pause) 86M->35M(114M) 10.446ms
[2026-04-03T03:15:23.724+0600][18.768s][info][gc,cpu         ] GC(35) User=0.02s Sys=0.00s Real=0.01s
[2026-04-03T03:15:23.977+0600][19.022s][info][gc,start       ] GC(36) Pause Young (Concurrent Start) (G1 Evacuation Pause)
[2026-04-03T03:15:23.978+0600][19.022s][info][gc,task        ] GC(36) Using 2 workers of 10 for evacuation
[2026-04-03T03:15:23.985+0600][19.030s][info][gc,phases      ] GC(36)   Pre Evacuate Collection Set: 0.35ms
[2026-04-03T03:15:23.986+0600][19.030s][info][gc,phases      ] GC(36)   Merge Heap Roots: 0.11ms
[2026-04-03T03:15:23.986+0600][19.030s][info][gc,phases      ] GC(36)   Evacuate Collection Set: 6.71ms
[2026-04-03T03:15:23.986+0600][19.030s][info][gc,phases      ] GC(36)   Post Evacuate Collection Set: 0.61ms
[2026-04-03T03:15:23.986+0600][19.030s][info][gc,phases      ] GC(36)   Other: 0.19ms
[2026-04-03T03:15:23.986+0600][19.030s][info][gc,heap        ] GC(36) Eden regions: 38->0(42)
[2026-04-03T03:15:23.986+0600][19.030s][info][gc,heap        ] GC(36) Survivor regions: 5->1(6)
[2026-04-03T03:15:23.986+0600][19.030s][info][gc,heap        ] GC(36) Old regions: 26->30
[2026-04-03T03:15:23.986+0600][19.030s][info][gc,heap        ] GC(36) Humongous regions: 8->8
[2026-04-03T03:15:23.986+0600][19.030s][info][gc,metaspace   ] GC(36) Metaspace: 66562K(67392K)->66562K(67392K) NonClass: 58191K(58624K)->58191K(58624K) Class: 8371K(8768K)->8371K(8768K)
[2026-04-03T03:15:23.986+0600][19.030s][info][gc             ] GC(36) Pause Young (Concurrent Start) (G1 Evacuation Pause) 73M->36M(114M) 8.204ms
[2026-04-03T03:15:23.986+0600][19.030s][info][gc,cpu         ] GC(36) User=0.02s Sys=0.00s Real=0.01s
[2026-04-03T03:15:23.986+0600][19.030s][info][gc             ] GC(37) Concurrent Mark Cycle
[2026-04-03T03:15:23.986+0600][19.030s][info][gc,marking     ] GC(37) Concurrent Scan Root Regions
[2026-04-03T03:15:23.988+0600][19.032s][info][gc,marking     ] GC(37) Concurrent Scan Root Regions 1.931ms
[2026-04-03T03:15:23.988+0600][19.032s][info][gc,marking     ] GC(37) Concurrent Mark
[2026-04-03T03:15:23.988+0600][19.032s][info][gc,marking     ] GC(37) Concurrent Mark From Roots
[2026-04-03T03:15:23.988+0600][19.032s][info][gc,task        ] GC(37) Using 3 workers of 3 for marking
[2026-04-03T03:15:24.005+0600][19.049s][info][gc,marking     ] GC(37) Concurrent Mark From Roots 17.504ms
[2026-04-03T03:15:24.005+0600][19.049s][info][gc,marking     ] GC(37) Concurrent Preclean
[2026-04-03T03:15:24.005+0600][19.050s][info][gc,marking     ] GC(37) Concurrent Preclean 0.151ms
[2026-04-03T03:15:24.006+0600][19.050s][info][gc,start       ] GC(37) Pause Remark
[2026-04-03T03:15:24.013+0600][19.057s][info][gc             ] GC(37) Pause Remark 43M->43M(114M) 7.547ms
[2026-04-03T03:15:24.013+0600][19.057s][info][gc,cpu         ] GC(37) User=0.02s Sys=0.00s Real=0.01s
[2026-04-03T03:15:24.014+0600][19.058s][info][gc,marking     ] GC(37) Concurrent Mark 25.826ms
[2026-04-03T03:15:24.014+0600][19.058s][info][gc,marking     ] GC(37) Concurrent Rebuild Remembered Sets and Scrub Regions
[2026-04-03T03:15:24.024+0600][19.068s][info][gc,marking     ] GC(37) Concurrent Rebuild Remembered Sets and Scrub Regions 10.616ms
[2026-04-03T03:15:24.025+0600][19.069s][info][gc,start       ] GC(37) Pause Cleanup
[2026-04-03T03:15:24.025+0600][19.069s][info][gc             ] GC(37) Pause Cleanup 47M->47M(114M) 0.271ms
[2026-04-03T03:15:24.025+0600][19.069s][info][gc,cpu         ] GC(37) User=0.00s Sys=0.00s Real=0.00s
[2026-04-03T03:15:24.025+0600][19.069s][info][gc,marking     ] GC(37) Concurrent Clear Claimed Marks
[2026-04-03T03:15:24.025+0600][19.069s][info][gc,marking     ] GC(37) Concurrent Clear Claimed Marks 0.193ms
[2026-04-03T03:15:24.025+0600][19.069s][info][gc,marking     ] GC(37) Concurrent Cleanup for Next Mark
[2026-04-03T03:15:24.025+0600][19.069s][info][gc,marking     ] GC(37) Concurrent Cleanup for Next Mark 0.250ms
[2026-04-03T03:15:24.025+0600][19.070s][info][gc             ] GC(37) Concurrent Mark Cycle 39.739ms
[2026-04-03T03:15:24.113+0600][19.157s][info][gc,start       ] GC(38) Pause Young (Prepare Mixed) (G1 Evacuation Pause)
[2026-04-03T03:15:24.113+0600][19.157s][info][gc,task        ] GC(38) Using 2 workers of 10 for evacuation
[2026-04-03T03:15:24.116+0600][19.160s][info][gc,phases      ] GC(38)   Pre Evacuate Collection Set: 0.40ms
[2026-04-03T03:15:24.116+0600][19.160s][info][gc,phases      ] GC(38)   Merge Heap Roots: 0.10ms
[2026-04-03T03:15:24.116+0600][19.160s][info][gc,phases      ] GC(38)   Evacuate Collection Set: 1.44ms
[2026-04-03T03:15:24.116+0600][19.160s][info][gc,phases      ] GC(38)   Post Evacuate Collection Set: 0.47ms
[2026-04-03T03:15:24.116+0600][19.160s][info][gc,phases      ] GC(38)   Other: 0.11ms
[2026-04-03T03:15:24.116+0600][19.160s][info][gc,heap        ] GC(38) Eden regions: 42->0(46)
[2026-04-03T03:15:24.116+0600][19.160s][info][gc,heap        ] GC(38) Survivor regions: 1->1(6)
[2026-04-03T03:15:24.116+0600][19.160s][info][gc,heap        ] GC(38) Old regions: 30->30
[2026-04-03T03:15:24.116+0600][19.160s][info][gc,heap        ] GC(38) Humongous regions: 8->8
[2026-04-03T03:15:24.116+0600][19.160s][info][gc,metaspace   ] GC(38) Metaspace: 66571K(67456K)->66571K(67456K) NonClass: 58199K(58688K)->58199K(58688K) Class: 8371K(8768K)->8371K(8768K)
[2026-04-03T03:15:24.116+0600][19.160s][info][gc             ] GC(38) Pause Young (Prepare Mixed) (G1 Evacuation Pause) 78M->36M(114M) 2.882ms
[2026-04-03T03:15:24.116+0600][19.160s][info][gc,cpu         ] GC(38) User=0.01s Sys=0.00s Real=0.00s
[2026-04-03T03:15:24.164+0600][19.208s][info][gc,start       ] GC(39) Pause Young (Mixed) (G1 Evacuation Pause)
[2026-04-03T03:15:24.164+0600][19.208s][info][gc,task        ] GC(39) Using 2 workers of 10 for evacuation
[2026-04-03T03:15:24.167+0600][19.211s][info][gc,phases      ] GC(39)   Pre Evacuate Collection Set: 0.16ms
[2026-04-03T03:15:24.167+0600][19.211s][info][gc,phases      ] GC(39)   Merge Heap Roots: 0.08ms
[2026-04-03T03:15:24.167+0600][19.211s][info][gc,phases      ] GC(39)   Evacuate Collection Set: 1.51ms
[2026-04-03T03:15:24.167+0600][19.211s][info][gc,phases      ] GC(39)   Post Evacuate Collection Set: 0.80ms
[2026-04-03T03:15:24.167+0600][19.211s][info][gc,phases      ] GC(39)   Other: 0.09ms
[2026-04-03T03:15:24.167+0600][19.211s][info][gc,heap        ] GC(39) Eden regions: 46->0(50)
[2026-04-03T03:15:24.167+0600][19.211s][info][gc,heap        ] GC(39) Survivor regions: 1->1(6)
[2026-04-03T03:15:24.167+0600][19.211s][info][gc,heap        ] GC(39) Old regions: 30->30
[2026-04-03T03:15:24.167+0600][19.211s][info][gc,heap        ] GC(39) Humongous regions: 8->8
[2026-04-03T03:15:24.167+0600][19.211s][info][gc,metaspace   ] GC(39) Metaspace: 66572K(67520K)->66572K(67520K) NonClass: 58200K(58752K)->58200K(58752K) Class: 8371K(8768K)->8371K(8768K)
[2026-04-03T03:15:24.167+0600][19.211s][info][gc             ] GC(39) Pause Young (Mixed) (G1 Evacuation Pause) 82M->36M(114M) 2.913ms
[2026-04-03T03:15:24.167+0600][19.211s][info][gc,cpu         ] GC(39) User=0.01s Sys=0.00s Real=0.00s
[2026-04-03T03:15:24.212+0600][19.257s][info][gc,start       ] GC(40) Pause Young (Concurrent Start) (G1 Evacuation Pause)
[2026-04-03T03:15:24.213+0600][19.257s][info][gc,task        ] GC(40) Using 2 workers of 10 for evacuation
[2026-04-03T03:15:24.215+0600][19.259s][info][gc,phases      ] GC(40)   Pre Evacuate Collection Set: 0.47ms
[2026-04-03T03:15:24.215+0600][19.259s][info][gc,phases      ] GC(40)   Merge Heap Roots: 0.14ms
[2026-04-03T03:15:24.215+0600][19.259s][info][gc,phases      ] GC(40)   Evacuate Collection Set: 1.23ms
[2026-04-03T03:15:24.215+0600][19.259s][info][gc,phases      ] GC(40)   Post Evacuate Collection Set: 0.76ms
[2026-04-03T03:15:24.215+0600][19.259s][info][gc,phases      ] GC(40)   Other: 0.14ms
[2026-04-03T03:15:24.215+0600][19.259s][info][gc,heap        ] GC(40) Eden regions: 50->0(53)
[2026-04-03T03:15:24.215+0600][19.259s][info][gc,heap        ] GC(40) Survivor regions: 1->1(7)
[2026-04-03T03:15:24.215+0600][19.259s][info][gc,heap        ] GC(40) Old regions: 30->30
[2026-04-03T03:15:24.215+0600][19.259s][info][gc,heap        ] GC(40) Humongous regions: 8->8
[2026-04-03T03:15:24.215+0600][19.259s][info][gc,metaspace   ] GC(40) Metaspace: 66573K(67520K)->66573K(67520K) NonClass: 58201K(58752K)->58201K(58752K) Class: 8371K(8768K)->8371K(8768K)
[2026-04-03T03:15:24.215+0600][19.260s][info][gc             ] GC(40) Pause Young (Concurrent Start) (G1 Evacuation Pause) 86M->35M(114M) 2.956ms
[2026-04-03T03:15:24.215+0600][19.260s][info][gc,cpu         ] GC(40) User=0.00s Sys=0.00s Real=0.00s
[2026-04-03T03:15:24.216+0600][19.260s][info][gc             ] GC(41) Concurrent Mark Cycle
[2026-04-03T03:15:24.216+0600][19.260s][info][gc,marking     ] GC(41) Concurrent Scan Root Regions
[2026-04-03T03:15:24.216+0600][19.260s][info][gc,marking     ] GC(41) Concurrent Scan Root Regions 0.633ms
[2026-04-03T03:15:24.216+0600][19.260s][info][gc,marking     ] GC(41) Concurrent Mark
[2026-04-03T03:15:24.216+0600][19.260s][info][gc,marking     ] GC(41) Concurrent Mark From Roots
[2026-04-03T03:15:24.216+0600][19.260s][info][gc,task        ] GC(41) Using 3 workers of 3 for marking
[2026-04-03T03:15:24.234+0600][19.278s][info][gc,marking     ] GC(41) Concurrent Mark From Roots 17.712ms
[2026-04-03T03:15:24.234+0600][19.278s][info][gc,marking     ] GC(41) Concurrent Preclean
[2026-04-03T03:15:24.234+0600][19.278s][info][gc,marking     ] GC(41) Concurrent Preclean 0.152ms
[2026-04-03T03:15:24.234+0600][19.278s][info][gc,start       ] GC(41) Pause Remark
[2026-04-03T03:15:24.247+0600][19.291s][info][gc             ] GC(41) Pause Remark 66M->66M(114M) 12.865ms
[2026-04-03T03:15:24.247+0600][19.291s][info][gc,cpu         ] GC(41) User=0.02s Sys=0.00s Real=0.01s
[2026-04-03T03:15:24.247+0600][19.292s][info][gc,marking     ] GC(41) Concurrent Mark 31.224ms
[2026-04-03T03:15:24.247+0600][19.292s][info][gc,marking     ] GC(41) Concurrent Rebuild Remembered Sets and Scrub Regions
[2026-04-03T03:15:24.256+0600][19.300s][info][gc,marking     ] GC(41) Concurrent Rebuild Remembered Sets and Scrub Regions 8.268ms
[2026-04-03T03:15:24.256+0600][19.300s][info][gc,start       ] GC(41) Pause Cleanup
[2026-04-03T03:15:24.256+0600][19.300s][info][gc             ] GC(41) Pause Cleanup 79M->79M(114M) 0.295ms
[2026-04-03T03:15:24.256+0600][19.300s][info][gc,cpu         ] GC(41) User=0.00s Sys=0.00s Real=0.00s
[2026-04-03T03:15:24.257+0600][19.301s][info][gc,marking     ] GC(41) Concurrent Clear Claimed Marks
[2026-04-03T03:15:24.257+0600][19.301s][info][gc,marking     ] GC(41) Concurrent Clear Claimed Marks 0.183ms
[2026-04-03T03:15:24.257+0600][19.301s][info][gc,marking     ] GC(41) Concurrent Cleanup for Next Mark
[2026-04-03T03:15:24.257+0600][19.301s][info][gc,marking     ] GC(41) Concurrent Cleanup for Next Mark 0.248ms
[2026-04-03T03:15:24.257+0600][19.301s][info][gc             ] GC(41) Concurrent Mark Cycle 41.521ms
[2026-04-03T03:15:24.262+0600][19.306s][info][gc,start       ] GC(42) Pause Young (Prepare Mixed) (G1 Evacuation Pause)
[2026-04-03T03:15:24.262+0600][19.306s][info][gc,task        ] GC(42) Using 2 workers of 10 for evacuation
[2026-04-03T03:15:24.265+0600][19.309s][info][gc,phases      ] GC(42)   Pre Evacuate Collection Set: 0.28ms
[2026-04-03T03:15:24.265+0600][19.309s][info][gc,phases      ] GC(42)   Merge Heap Roots: 0.19ms
[2026-04-03T03:15:24.265+0600][19.309s][info][gc,phases      ] GC(42)   Evacuate Collection Set: 1.09ms
[2026-04-03T03:15:24.265+0600][19.309s][info][gc,phases      ] GC(42)   Post Evacuate Collection Set: 1.31ms
[2026-04-03T03:15:24.265+0600][19.309s][info][gc,phases      ] GC(42)   Other: 0.08ms
[2026-04-03T03:15:24.265+0600][19.309s][info][gc,heap        ] GC(42) Eden regions: 53->0(128)
[2026-04-03T03:15:24.265+0600][19.309s][info][gc,heap        ] GC(42) Survivor regions: 1->1(7)
[2026-04-03T03:15:24.265+0600][19.309s][info][gc,heap        ] GC(42) Old regions: 30->30
[2026-04-03T03:15:24.265+0600][19.309s][info][gc,heap        ] GC(42) Humongous regions: 8->8
[2026-04-03T03:15:24.265+0600][19.309s][info][gc,metaspace   ] GC(42) Metaspace: 66408K(67520K)->66408K(67520K) NonClass: 58084K(58752K)->58084K(58752K) Class: 8323K(8768K)->8323K(8768K)
[2026-04-03T03:15:24.265+0600][19.309s][info][gc             ] GC(42) Pause Young (Prepare Mixed) (G1 Evacuation Pause) 88M->35M(218M) 3.127ms
[2026-04-03T03:15:24.265+0600][19.310s][info][gc,cpu         ] GC(42) User=0.00s Sys=0.00s Real=0.00s
[2026-04-03T03:15:24.348+0600][19.392s][info][gc,start       ] GC(43) Pause Young (Mixed) (G1 Evacuation Pause)
[2026-04-03T03:15:24.348+0600][19.392s][info][gc,task        ] GC(43) Using 5 workers of 10 for evacuation
[2026-04-03T03:15:24.350+0600][19.394s][info][gc,phases      ] GC(43)   Pre Evacuate Collection Set: 0.27ms
[2026-04-03T03:15:24.350+0600][19.394s][info][gc,phases      ] GC(43)   Merge Heap Roots: 0.17ms
[2026-04-03T03:15:24.350+0600][19.394s][info][gc,phases      ] GC(43)   Evacuate Collection Set: 0.89ms
[2026-04-03T03:15:24.350+0600][19.394s][info][gc,phases      ] GC(43)   Post Evacuate Collection Set: 0.56ms
[2026-04-03T03:15:24.350+0600][19.394s][info][gc,phases      ] GC(43)   Other: 0.07ms
[2026-04-03T03:15:24.350+0600][19.394s][info][gc,heap        ] GC(43) Eden regions: 128->0(129)
[2026-04-03T03:15:24.350+0600][19.394s][info][gc,heap        ] GC(43) Survivor regions: 1->1(17)
[2026-04-03T03:15:24.350+0600][19.394s][info][gc,heap        ] GC(43) Old regions: 30->29
[2026-04-03T03:15:24.350+0600][19.394s][info][gc,heap        ] GC(43) Humongous regions: 8->8
[2026-04-03T03:15:24.350+0600][19.394s][info][gc,metaspace   ] GC(43) Metaspace: 66415K(67520K)->66415K(67520K) NonClass: 58091K(58752K)->58091K(58752K) Class: 8323K(8768K)->8323K(8768K)
[2026-04-03T03:15:24.350+0600][19.394s][info][gc             ] GC(43) Pause Young (Mixed) (G1 Evacuation Pause) 163M->36M(218M) 2.191ms
[2026-04-03T03:15:24.350+0600][19.394s][info][gc,cpu         ] GC(43) User=0.00s Sys=0.00s Real=0.01s
[2026-04-03T03:15:24.407+0600][19.451s][info][gc,start       ] GC(44) Pause Young (Concurrent Start) (G1 Evacuation Pause)
[2026-04-03T03:15:24.407+0600][19.451s][info][gc,task        ] GC(44) Using 5 workers of 10 for evacuation
[2026-04-03T03:15:24.410+0600][19.454s][info][gc,phases      ] GC(44)   Pre Evacuate Collection Set: 0.36ms
[2026-04-03T03:15:24.410+0600][19.454s][info][gc,phases      ] GC(44)   Merge Heap Roots: 0.11ms
[2026-04-03T03:15:24.410+0600][19.454s][info][gc,phases      ] GC(44)   Evacuate Collection Set: 1.37ms
[2026-04-03T03:15:24.410+0600][19.454s][info][gc,phases      ] GC(44)   Post Evacuate Collection Set: 0.61ms
[2026-04-03T03:15:24.410+0600][19.454s][info][gc,phases      ] GC(44)   Other: 0.17ms
[2026-04-03T03:15:24.410+0600][19.454s][info][gc,heap        ] GC(44) Eden regions: 129->0(129)
[2026-04-03T03:15:24.410+0600][19.454s][info][gc,heap        ] GC(44) Survivor regions: 1->1(17)
[2026-04-03T03:15:24.410+0600][19.454s][info][gc,heap        ] GC(44) Old regions: 29->29
[2026-04-03T03:15:24.410+0600][19.454s][info][gc,heap        ] GC(44) Humongous regions: 8->8
[2026-04-03T03:15:24.410+0600][19.454s][info][gc,metaspace   ] GC(44) Metaspace: 66416K(67520K)->66416K(67520K) NonClass: 58092K(58752K)->58092K(58752K) Class: 8323K(8768K)->8323K(8768K)
[2026-04-03T03:15:24.410+0600][19.454s][info][gc             ] GC(44) Pause Young (Concurrent Start) (G1 Evacuation Pause) 165M->36M(218M) 2.812ms
[2026-04-03T03:15:24.410+0600][19.454s][info][gc,cpu         ] GC(44) User=0.00s Sys=0.01s Real=0.01s
[2026-04-03T03:15:24.410+0600][19.454s][info][gc             ] GC(45) Concurrent Mark Cycle
[2026-04-03T03:15:24.410+0600][19.454s][info][gc,marking     ] GC(45) Concurrent Scan Root Regions
[2026-04-03T03:15:24.411+0600][19.455s][info][gc,marking     ] GC(45) Concurrent Scan Root Regions 0.882ms
[2026-04-03T03:15:24.411+0600][19.455s][info][gc,marking     ] GC(45) Concurrent Mark
[2026-04-03T03:15:24.411+0600][19.455s][info][gc,marking     ] GC(45) Concurrent Mark From Roots
[2026-04-03T03:15:24.411+0600][19.455s][info][gc,task        ] GC(45) Using 3 workers of 3 for marking
[2026-04-03T03:15:24.429+0600][19.473s][info][gc,marking     ] GC(45) Concurrent Mark From Roots 17.560ms
[2026-04-03T03:15:24.429+0600][19.473s][info][gc,marking     ] GC(45) Concurrent Preclean
[2026-04-03T03:15:24.429+0600][19.473s][info][gc,marking     ] GC(45) Concurrent Preclean 0.144ms
[2026-04-03T03:15:24.429+0600][19.473s][info][gc,start       ] GC(45) Pause Remark
[2026-04-03T03:15:24.433+0600][19.477s][info][gc             ] GC(45) Pause Remark 67M->67M(127M) 3.997ms
[2026-04-03T03:15:24.433+0600][19.477s][info][gc,cpu         ] GC(45) User=0.02s Sys=0.00s Real=0.01s
[2026-04-03T03:15:24.433+0600][19.477s][info][gc,marking     ] GC(45) Concurrent Mark 22.210ms
[2026-04-03T03:15:24.433+0600][19.477s][info][gc,marking     ] GC(45) Concurrent Rebuild Remembered Sets and Scrub Regions
[2026-04-03T03:15:24.441+0600][19.485s][info][gc,marking     ] GC(45) Concurrent Rebuild Remembered Sets and Scrub Regions 7.794ms
[2026-04-03T03:15:24.441+0600][19.486s][info][gc,start       ] GC(45) Pause Cleanup
[2026-04-03T03:15:24.442+0600][19.486s][info][gc             ] GC(45) Pause Cleanup 81M->81M(127M) 0.296ms
[2026-04-03T03:15:24.442+0600][19.486s][info][gc,cpu         ] GC(45) User=0.00s Sys=0.00s Real=0.00s
[2026-04-03T03:15:24.442+0600][19.486s][info][gc,marking     ] GC(45) Concurrent Clear Claimed Marks
[2026-04-03T03:15:24.442+0600][19.486s][info][gc,marking     ] GC(45) Concurrent Clear Claimed Marks 0.150ms
[2026-04-03T03:15:24.442+0600][19.486s][info][gc,marking     ] GC(45) Concurrent Cleanup for Next Mark
[2026-04-03T03:15:24.443+0600][19.487s][info][gc,marking     ] GC(45) Concurrent Cleanup for Next Mark 0.639ms
[2026-04-03T03:15:24.443+0600][19.487s][info][gc             ] GC(45) Concurrent Mark Cycle 32.639ms
[2026-04-03T03:15:24.461+0600][19.505s][info][gc,start       ] GC(46) Pause Young (Prepare Mixed) (G1 Evacuation Pause)
[2026-04-03T03:15:24.461+0600][19.505s][info][gc,task        ] GC(46) Using 4 workers of 10 for evacuation
[2026-04-03T03:15:24.463+0600][19.507s][info][gc,phases      ] GC(46)   Pre Evacuate Collection Set: 0.31ms
[2026-04-03T03:15:24.463+0600][19.507s][info][gc,phases      ] GC(46)   Merge Heap Roots: 0.20ms
[2026-04-03T03:15:24.463+0600][19.507s][info][gc,phases      ] GC(46)   Evacuate Collection Set: 0.75ms
[2026-04-03T03:15:24.463+0600][19.507s][info][gc,phases      ] GC(46)   Post Evacuate Collection Set: 0.72ms
[2026-04-03T03:15:24.463+0600][19.507s][info][gc,phases      ] GC(46)   Other: 0.08ms
[2026-04-03T03:15:24.463+0600][19.507s][info][gc,heap        ] GC(46) Eden regions: 82->0(75)
[2026-04-03T03:15:24.463+0600][19.507s][info][gc,heap        ] GC(46) Survivor regions: 1->1(11)
[2026-04-03T03:15:24.463+0600][19.507s][info][gc,heap        ] GC(46) Old regions: 29->29
[2026-04-03T03:15:24.463+0600][19.507s][info][gc,heap        ] GC(46) Humongous regions: 8->8
[2026-04-03T03:15:24.463+0600][19.507s][info][gc,metaspace   ] GC(46) Metaspace: 66425K(67520K)->66425K(67520K) NonClass: 58101K(58752K)->58101K(58752K) Class: 8323K(8768K)->8323K(8768K)
[2026-04-03T03:15:24.463+0600][19.507s][info][gc             ] GC(46) Pause Young (Prepare Mixed) (G1 Evacuation Pause) 118M->36M(127M) 2.239ms
[2026-04-03T03:15:24.463+0600][19.507s][info][gc,cpu         ] GC(46) User=0.00s Sys=0.00s Real=0.00s
[2026-04-03T03:15:24.496+0600][19.540s][info][gc,start       ] GC(47) Pause Young (Mixed) (G1 Evacuation Pause)
[2026-04-03T03:15:24.496+0600][19.540s][info][gc,task        ] GC(47) Using 3 workers of 10 for evacuation
[2026-04-03T03:15:24.499+0600][19.543s][info][gc,phases      ] GC(47)   Pre Evacuate Collection Set: 0.23ms
[2026-04-03T03:15:24.499+0600][19.543s][info][gc,phases      ] GC(47)   Merge Heap Roots: 0.22ms
[2026-04-03T03:15:24.499+0600][19.543s][info][gc,phases      ] GC(47)   Evacuate Collection Set: 2.10ms
[2026-04-03T03:15:24.499+0600][19.543s][info][gc,phases      ] GC(47)   Post Evacuate Collection Set: 0.55ms
[2026-04-03T03:15:24.499+0600][19.543s][info][gc,phases      ] GC(47)   Other: 0.07ms
[2026-04-03T03:15:24.499+0600][19.543s][info][gc,heap        ] GC(47) Eden regions: 75->0(75)
[2026-04-03T03:15:24.499+0600][19.543s][info][gc,heap        ] GC(47) Survivor regions: 1->1(10)
[2026-04-03T03:15:24.499+0600][19.543s][info][gc,heap        ] GC(47) Old regions: 29->29
[2026-04-03T03:15:24.499+0600][19.544s][info][gc,heap        ] GC(47) Humongous regions: 8->8
[2026-04-03T03:15:24.499+0600][19.544s][info][gc,metaspace   ] GC(47) Metaspace: 66426K(67520K)->66426K(67520K) NonClass: 58102K(58752K)->58102K(58752K) Class: 8323K(8768K)->8323K(8768K)
[2026-04-03T03:15:24.499+0600][19.544s][info][gc             ] GC(47) Pause Young (Mixed) (G1 Evacuation Pause) 111M->36M(127M) 3.393ms
[2026-04-03T03:15:24.500+0600][19.544s][info][gc,cpu         ] GC(47) User=0.01s Sys=0.00s Real=0.00s
[2026-04-03T03:15:24.532+0600][19.576s][info][gc,start       ] GC(48) Pause Young (Concurrent Start) (G1 Evacuation Pause)
[2026-04-03T03:15:24.532+0600][19.576s][info][gc,task        ] GC(48) Using 3 workers of 10 for evacuation
[2026-04-03T03:15:24.536+0600][19.580s][info][gc,phases      ] GC(48)   Pre Evacuate Collection Set: 0.30ms
[2026-04-03T03:15:24.536+0600][19.580s][info][gc,phases      ] GC(48)   Merge Heap Roots: 0.15ms
[2026-04-03T03:15:24.536+0600][19.580s][info][gc,phases      ] GC(48)   Evacuate Collection Set: 1.34ms
[2026-04-03T03:15:24.536+0600][19.580s][info][gc,phases      ] GC(48)   Post Evacuate Collection Set: 1.60ms
[2026-04-03T03:15:24.536+0600][19.580s][info][gc,phases      ] GC(48)   Other: 0.19ms
[2026-04-03T03:15:24.536+0600][19.580s][info][gc,heap        ] GC(48) Eden regions: 75->0(150)
[2026-04-03T03:15:24.536+0600][19.580s][info][gc,heap        ] GC(48) Survivor regions: 1->1(10)
[2026-04-03T03:15:24.536+0600][19.580s][info][gc,heap        ] GC(48) Old regions: 29->29
[2026-04-03T03:15:24.536+0600][19.580s][info][gc,heap        ] GC(48) Humongous regions: 8->8
[2026-04-03T03:15:24.536+0600][19.580s][info][gc,metaspace   ] GC(48) Metaspace: 66426K(67520K)->66426K(67520K) NonClass: 58103K(58752K)->58103K(58752K) Class: 8323K(8768K)->8323K(8768K)
[2026-04-03T03:15:24.536+0600][19.580s][info][gc             ] GC(48) Pause Young (Concurrent Start) (G1 Evacuation Pause) 111M->36M(252M) 3.764ms
[2026-04-03T03:15:24.536+0600][19.580s][info][gc,cpu         ] GC(48) User=0.01s Sys=0.00s Real=0.00s
[2026-04-03T03:15:24.536+0600][19.580s][info][gc             ] GC(49) Concurrent Mark Cycle
[2026-04-03T03:15:24.536+0600][19.580s][info][gc,marking     ] GC(49) Concurrent Scan Root Regions
[2026-04-03T03:15:24.537+0600][19.581s][info][gc,marking     ] GC(49) Concurrent Scan Root Regions 0.807ms
[2026-04-03T03:15:24.537+0600][19.581s][info][gc,marking     ] GC(49) Concurrent Mark
[2026-04-03T03:15:24.537+0600][19.581s][info][gc,marking     ] GC(49) Concurrent Mark From Roots
[2026-04-03T03:15:24.537+0600][19.581s][info][gc,task        ] GC(49) Using 3 workers of 3 for marking
[2026-04-03T03:15:24.555+0600][19.599s][info][gc,marking     ] GC(49) Concurrent Mark From Roots 18.287ms
[2026-04-03T03:15:24.555+0600][19.599s][info][gc,marking     ] GC(49) Concurrent Preclean
[2026-04-03T03:15:24.555+0600][19.599s][info][gc,marking     ] GC(49) Concurrent Preclean 0.144ms
[2026-04-03T03:15:24.555+0600][19.600s][info][gc,start       ] GC(49) Pause Remark
[2026-04-03T03:15:24.561+0600][19.605s][info][gc             ] GC(49) Pause Remark 57M->57M(127M) 5.080ms
[2026-04-03T03:15:24.561+0600][19.605s][info][gc,cpu         ] GC(49) User=0.02s Sys=0.00s Real=0.01s
[2026-04-03T03:15:24.561+0600][19.605s][info][gc,marking     ] GC(49) Concurrent Mark 23.951ms
[2026-04-03T03:15:24.561+0600][19.605s][info][gc,marking     ] GC(49) Concurrent Rebuild Remembered Sets and Scrub Regions
[2026-04-03T03:15:24.568+0600][19.612s][info][gc,marking     ] GC(49) Concurrent Rebuild Remembered Sets and Scrub Regions 7.285ms
[2026-04-03T03:15:24.568+0600][19.612s][info][gc,start       ] GC(49) Pause Cleanup
[2026-04-03T03:15:24.569+0600][19.613s][info][gc             ] GC(49) Pause Cleanup 71M->71M(127M) 0.281ms
[2026-04-03T03:15:24.569+0600][19.613s][info][gc,cpu         ] GC(49) User=0.00s Sys=0.00s Real=0.00s
[2026-04-03T03:15:24.569+0600][19.613s][info][gc,marking     ] GC(49) Concurrent Clear Claimed Marks
[2026-04-03T03:15:24.569+0600][19.613s][info][gc,marking     ] GC(49) Concurrent Clear Claimed Marks 0.161ms
[2026-04-03T03:15:24.569+0600][19.613s][info][gc,marking     ] GC(49) Concurrent Cleanup for Next Mark
[2026-04-03T03:15:24.569+0600][19.613s][info][gc,marking     ] GC(49) Concurrent Cleanup for Next Mark 0.481ms
[2026-04-03T03:15:24.569+0600][19.613s][info][gc             ] GC(49) Concurrent Mark Cycle 33.558ms
[2026-04-03T03:15:24.587+0600][19.631s][info][gc,start       ] GC(50) Pause Young (Prepare Mixed) (G1 Evacuation Pause)
[2026-04-03T03:15:24.587+0600][19.631s][info][gc,task        ] GC(50) Using 3 workers of 10 for evacuation
[2026-04-03T03:15:24.589+0600][19.633s][info][gc,phases      ] GC(50)   Pre Evacuate Collection Set: 0.27ms
[2026-04-03T03:15:24.589+0600][19.633s][info][gc,phases      ] GC(50)   Merge Heap Roots: 0.08ms
[2026-04-03T03:15:24.589+0600][19.633s][info][gc,phases      ] GC(50)   Evacuate Collection Set: 0.89ms
[2026-04-03T03:15:24.589+0600][19.633s][info][gc,phases      ] GC(50)   Post Evacuate Collection Set: 0.75ms
[2026-04-03T03:15:24.589+0600][19.633s][info][gc,phases      ] GC(50)   Other: 0.07ms
[2026-04-03T03:15:24.589+0600][19.633s][info][gc,heap        ] GC(50) Eden regions: 75->0(75)
[2026-04-03T03:15:24.589+0600][19.633s][info][gc,heap        ] GC(50) Survivor regions: 1->1(10)
[2026-04-03T03:15:24.589+0600][19.633s][info][gc,heap        ] GC(50) Old regions: 29->29
[2026-04-03T03:15:24.589+0600][19.633s][info][gc,heap        ] GC(50) Humongous regions: 8->8
[2026-04-03T03:15:24.589+0600][19.633s][info][gc,metaspace   ] GC(50) Metaspace: 66426K(67520K)->66426K(67520K) NonClass: 58103K(58752K)->58103K(58752K) Class: 8323K(8768K)->8323K(8768K)
[2026-04-03T03:15:24.589+0600][19.634s][info][gc             ] GC(50) Pause Young (Prepare Mixed) (G1 Evacuation Pause) 111M->36M(127M) 2.255ms
[2026-04-03T03:15:24.589+0600][19.634s][info][gc,cpu         ] GC(50) User=0.00s Sys=0.00s Real=0.00s
[2026-04-03T03:15:24.622+0600][19.666s][info][gc,start       ] GC(51) Pause Young (Mixed) (G1 Evacuation Pause)
[2026-04-03T03:15:24.622+0600][19.666s][info][gc,task        ] GC(51) Using 3 workers of 10 for evacuation
[2026-04-03T03:15:24.625+0600][19.669s][info][gc,phases      ] GC(51)   Pre Evacuate Collection Set: 0.28ms
[2026-04-03T03:15:24.625+0600][19.669s][info][gc,phases      ] GC(51)   Merge Heap Roots: 0.11ms
[2026-04-03T03:15:24.625+0600][19.669s][info][gc,phases      ] GC(51)   Evacuate Collection Set: 2.03ms
[2026-04-03T03:15:24.625+0600][19.669s][info][gc,phases      ] GC(51)   Post Evacuate Collection Set: 0.63ms
[2026-04-03T03:15:24.625+0600][19.669s][info][gc,phases      ] GC(51)   Other: 0.07ms
[2026-04-03T03:15:24.625+0600][19.669s][info][gc,heap        ] GC(51) Eden regions: 75->0(75)
[2026-04-03T03:15:24.625+0600][19.669s][info][gc,heap        ] GC(51) Survivor regions: 1->1(10)
[2026-04-03T03:15:24.625+0600][19.669s][info][gc,heap        ] GC(51) Old regions: 29->29
[2026-04-03T03:15:24.625+0600][19.669s][info][gc,heap        ] GC(51) Humongous regions: 8->8
[2026-04-03T03:15:24.625+0600][19.669s][info][gc,metaspace   ] GC(51) Metaspace: 66441K(67520K)->66441K(67520K) NonClass: 58117K(58752K)->58117K(58752K) Class: 8323K(8768K)->8323K(8768K)
[2026-04-03T03:15:24.625+0600][19.669s][info][gc             ] GC(51) Pause Young (Mixed) (G1 Evacuation Pause) 111M->36M(127M) 3.286ms
[2026-04-03T03:15:24.625+0600][19.669s][info][gc,cpu         ] GC(51) User=0.01s Sys=0.00s Real=0.00s
[2026-04-03T03:15:24.677+0600][19.721s][info][gc,start       ] GC(52) Pause Young (Concurrent Start) (G1 Evacuation Pause)
[2026-04-03T03:15:24.677+0600][19.721s][info][gc,task        ] GC(52) Using 3 workers of 10 for evacuation
[2026-04-03T03:15:24.679+0600][19.724s][info][gc,phases      ] GC(52)   Pre Evacuate Collection Set: 0.34ms
[2026-04-03T03:15:24.679+0600][19.724s][info][gc,phases      ] GC(52)   Merge Heap Roots: 0.19ms
[2026-04-03T03:15:24.680+0600][19.724s][info][gc,phases      ] GC(52)   Evacuate Collection Set: 1.25ms
[2026-04-03T03:15:24.680+0600][19.724s][info][gc,phases      ] GC(52)   Post Evacuate Collection Set: 0.67ms
[2026-04-03T03:15:24.680+0600][19.724s][info][gc,phases      ] GC(52)   Other: 0.27ms
[2026-04-03T03:15:24.680+0600][19.724s][info][gc,heap        ] GC(52) Eden regions: 75->0(75)
[2026-04-03T03:15:24.680+0600][19.724s][info][gc,heap        ] GC(52) Survivor regions: 1->1(10)
[2026-04-03T03:15:24.680+0600][19.724s][info][gc,heap        ] GC(52) Old regions: 29->29
[2026-04-03T03:15:24.680+0600][19.724s][info][gc,heap        ] GC(52) Humongous regions: 8->8
[2026-04-03T03:15:24.680+0600][19.724s][info][gc,metaspace   ] GC(52) Metaspace: 66488K(67520K)->66488K(67520K) NonClass: 58158K(58752K)->58158K(58752K) Class: 8330K(8768K)->8330K(8768K)
[2026-04-03T03:15:24.680+0600][19.724s][info][gc             ] GC(52) Pause Young (Concurrent Start) (G1 Evacuation Pause) 111M->36M(127M) 2.985ms
[2026-04-03T03:15:24.680+0600][19.724s][info][gc,cpu         ] GC(52) User=0.01s Sys=0.00s Real=0.00s
[2026-04-03T03:15:24.680+0600][19.724s][info][gc             ] GC(53) Concurrent Mark Cycle
[2026-04-03T03:15:24.680+0600][19.724s][info][gc,marking     ] GC(53) Concurrent Scan Root Regions
[2026-04-03T03:15:24.681+0600][19.725s][info][gc,marking     ] GC(53) Concurrent Scan Root Regions 0.988ms
[2026-04-03T03:15:24.681+0600][19.725s][info][gc,marking     ] GC(53) Concurrent Mark
[2026-04-03T03:15:24.681+0600][19.725s][info][gc,marking     ] GC(53) Concurrent Mark From Roots
[2026-04-03T03:15:24.681+0600][19.725s][info][gc,task        ] GC(53) Using 3 workers of 3 for marking
[2026-04-03T03:15:24.702+0600][19.747s][info][gc,marking     ] GC(53) Concurrent Mark From Roots 21.649ms
[2026-04-03T03:15:24.703+0600][19.747s][info][gc,marking     ] GC(53) Concurrent Preclean
[2026-04-03T03:15:24.703+0600][19.747s][info][gc,marking     ] GC(53) Concurrent Preclean 0.200ms
[2026-04-03T03:15:24.703+0600][19.747s][info][gc,start       ] GC(53) Pause Remark
[2026-04-03T03:15:24.708+0600][19.753s][info][gc             ] GC(53) Pause Remark 67M->67M(127M) 5.465ms
[2026-04-03T03:15:24.709+0600][19.753s][info][gc,cpu         ] GC(53) User=0.01s Sys=0.00s Real=0.00s
[2026-04-03T03:15:24.709+0600][19.753s][info][gc,marking     ] GC(53) Concurrent Mark 27.901ms
[2026-04-03T03:15:24.709+0600][19.753s][info][gc,marking     ] GC(53) Concurrent Rebuild Remembered Sets and Scrub Regions
[2026-04-03T03:15:24.717+0600][19.761s][info][gc,marking     ] GC(53) Concurrent Rebuild Remembered Sets and Scrub Regions 7.790ms
[2026-04-03T03:15:24.717+0600][19.761s][info][gc,start       ] GC(53) Pause Cleanup
[2026-04-03T03:15:24.717+0600][19.761s][info][gc             ] GC(53) Pause Cleanup 82M->82M(127M) 0.261ms
[2026-04-03T03:15:24.717+0600][19.761s][info][gc,cpu         ] GC(53) User=0.00s Sys=0.00s Real=0.00s
[2026-04-03T03:15:24.717+0600][19.761s][info][gc,marking     ] GC(53) Concurrent Clear Claimed Marks
[2026-04-03T03:15:24.717+0600][19.762s][info][gc,marking     ] GC(53) Concurrent Clear Claimed Marks 0.147ms
[2026-04-03T03:15:24.717+0600][19.762s][info][gc,marking     ] GC(53) Concurrent Cleanup for Next Mark
[2026-04-03T03:15:24.718+0600][19.762s][info][gc,marking     ] GC(53) Concurrent Cleanup for Next Mark 0.249ms
[2026-04-03T03:15:24.718+0600][19.762s][info][gc             ] GC(53) Concurrent Mark Cycle 38.063ms
[2026-04-03T03:15:24.731+0600][19.775s][info][gc,start       ] GC(54) Pause Young (Prepare Mixed) (G1 Evacuation Pause)
[2026-04-03T03:15:24.731+0600][19.776s][info][gc,task        ] GC(54) Using 3 workers of 10 for evacuation
[2026-04-03T03:15:24.734+0600][19.778s][info][gc,phases      ] GC(54)   Pre Evacuate Collection Set: 0.49ms
[2026-04-03T03:15:24.734+0600][19.778s][info][gc,phases      ] GC(54)   Merge Heap Roots: 0.19ms
[2026-04-03T03:15:24.734+0600][19.778s][info][gc,phases      ] GC(54)   Evacuate Collection Set: 0.93ms
[2026-04-03T03:15:24.734+0600][19.778s][info][gc,phases      ] GC(54)   Post Evacuate Collection Set: 0.59ms
[2026-04-03T03:15:24.734+0600][19.778s][info][gc,phases      ] GC(54)   Other: 0.08ms
[2026-04-03T03:15:24.734+0600][19.778s][info][gc,heap        ] GC(54) Eden regions: 75->0(75)
[2026-04-03T03:15:24.734+0600][19.778s][info][gc,heap        ] GC(54) Survivor regions: 1->1(10)
[2026-04-03T03:15:24.734+0600][19.778s][info][gc,heap        ] GC(54) Old regions: 29->29
[2026-04-03T03:15:24.734+0600][19.778s][info][gc,heap        ] GC(54) Humongous regions: 8->8
[2026-04-03T03:15:24.734+0600][19.778s][info][gc,metaspace   ] GC(54) Metaspace: 66564K(67520K)->66564K(67520K) NonClass: 58214K(58752K)->58214K(58752K) Class: 8350K(8768K)->8350K(8768K)
[2026-04-03T03:15:24.734+0600][19.778s][info][gc             ] GC(54) Pause Young (Prepare Mixed) (G1 Evacuation Pause) 111M->36M(127M) 2.514ms
[2026-04-03T03:15:24.734+0600][19.778s][info][gc,cpu         ] GC(54) User=0.00s Sys=0.01s Real=0.00s
[2026-04-03T03:15:24.767+0600][19.811s][info][gc,start       ] GC(55) Pause Young (Mixed) (G1 Evacuation Pause)
[2026-04-03T03:15:24.767+0600][19.811s][info][gc,task        ] GC(55) Using 3 workers of 10 for evacuation
[2026-04-03T03:15:24.771+0600][19.815s][info][gc,phases      ] GC(55)   Pre Evacuate Collection Set: 0.26ms
[2026-04-03T03:15:24.771+0600][19.815s][info][gc,phases      ] GC(55)   Merge Heap Roots: 0.20ms
[2026-04-03T03:15:24.771+0600][19.815s][info][gc,phases      ] GC(55)   Evacuate Collection Set: 2.23ms
[2026-04-03T03:15:24.771+0600][19.815s][info][gc,phases      ] GC(55)   Post Evacuate Collection Set: 1.19ms
[2026-04-03T03:15:24.771+0600][19.815s][info][gc,phases      ] GC(55)   Other: 0.09ms
[2026-04-03T03:15:24.771+0600][19.815s][info][gc,heap        ] GC(55) Eden regions: 75->0(134)
[2026-04-03T03:15:24.771+0600][19.815s][info][gc,heap        ] GC(55) Survivor regions: 1->1(10)
[2026-04-03T03:15:24.771+0600][19.815s][info][gc,heap        ] GC(55) Old regions: 29->29
[2026-04-03T03:15:24.771+0600][19.815s][info][gc,heap        ] GC(55) Humongous regions: 8->8
[2026-04-03T03:15:24.771+0600][19.815s][info][gc,metaspace   ] GC(55) Metaspace: 66564K(67520K)->66564K(67520K) NonClass: 58214K(58752K)->58214K(58752K) Class: 8350K(8768K)->8350K(8768K)
[2026-04-03T03:15:24.771+0600][19.815s][info][gc             ] GC(55) Pause Young (Mixed) (G1 Evacuation Pause) 111M->36M(226M) 4.182ms
[2026-04-03T03:15:24.771+0600][19.815s][info][gc,cpu         ] GC(55) User=0.01s Sys=0.00s Real=0.01s
[2026-04-03T03:15:24.854+0600][19.898s][info][gc,start       ] GC(56) Pause Young (Concurrent Start) (G1 Evacuation Pause)
[2026-04-03T03:15:24.854+0600][19.899s][info][gc,task        ] GC(56) Using 5 workers of 10 for evacuation
[2026-04-03T03:15:24.857+0600][19.901s][info][gc,phases      ] GC(56)   Pre Evacuate Collection Set: 0.34ms
[2026-04-03T03:15:24.857+0600][19.901s][info][gc,phases      ] GC(56)   Merge Heap Roots: 0.09ms
[2026-04-03T03:15:24.857+0600][19.901s][info][gc,phases      ] GC(56)   Evacuate Collection Set: 0.91ms
[2026-04-03T03:15:24.857+0600][19.901s][info][gc,phases      ] GC(56)   Post Evacuate Collection Set: 0.64ms
[2026-04-03T03:15:24.857+0600][19.901s][info][gc,phases      ] GC(56)   Other: 0.23ms
[2026-04-03T03:15:24.857+0600][19.901s][info][gc,heap        ] GC(56) Eden regions: 134->0(134)
[2026-04-03T03:15:24.857+0600][19.901s][info][gc,heap        ] GC(56) Survivor regions: 1->1(17)
[2026-04-03T03:15:24.857+0600][19.901s][info][gc,heap        ] GC(56) Old regions: 29->29
[2026-04-03T03:15:24.857+0600][19.901s][info][gc,heap        ] GC(56) Humongous regions: 8->8
[2026-04-03T03:15:24.857+0600][19.901s][info][gc,metaspace   ] GC(56) Metaspace: 66564K(67520K)->66564K(67520K) NonClass: 58214K(58752K)->58214K(58752K) Class: 8350K(8768K)->8350K(8768K)
[2026-04-03T03:15:24.857+0600][19.901s][info][gc             ] GC(56) Pause Young (Concurrent Start) (G1 Evacuation Pause) 170M->36M(226M) 2.429ms
[2026-04-03T03:15:24.857+0600][19.901s][info][gc,cpu         ] GC(56) User=0.00s Sys=0.01s Real=0.00s
[2026-04-03T03:15:24.857+0600][19.901s][info][gc             ] GC(57) Concurrent Mark Cycle
[2026-04-03T03:15:24.857+0600][19.901s][info][gc,marking     ] GC(57) Concurrent Scan Root Regions
[2026-04-03T03:15:24.857+0600][19.902s][info][gc,marking     ] GC(57) Concurrent Scan Root Regions 0.472ms
[2026-04-03T03:15:24.857+0600][19.902s][info][gc,marking     ] GC(57) Concurrent Mark
[2026-04-03T03:15:24.857+0600][19.902s][info][gc,marking     ] GC(57) Concurrent Mark From Roots
[2026-04-03T03:15:24.857+0600][19.902s][info][gc,task        ] GC(57) Using 3 workers of 3 for marking
[2026-04-03T03:15:24.875+0600][19.919s][info][gc,marking     ] GC(57) Concurrent Mark From Roots 17.812ms
[2026-04-03T03:15:24.875+0600][19.919s][info][gc,marking     ] GC(57) Concurrent Preclean
[2026-04-03T03:15:24.875+0600][19.920s][info][gc,marking     ] GC(57) Concurrent Preclean 0.115ms
[2026-04-03T03:15:24.876+0600][19.920s][info][gc,start       ] GC(57) Pause Remark
[2026-04-03T03:15:24.880+0600][19.924s][info][gc             ] GC(57) Pause Remark 70M->70M(127M) 4.087ms
[2026-04-03T03:15:24.880+0600][19.924s][info][gc,cpu         ] GC(57) User=0.02s Sys=0.00s Real=0.01s
[2026-04-03T03:15:24.880+0600][19.924s][info][gc,marking     ] GC(57) Concurrent Mark 22.534ms
[2026-04-03T03:15:24.880+0600][19.924s][info][gc,marking     ] GC(57) Concurrent Rebuild Remembered Sets and Scrub Regions
[2026-04-03T03:15:24.888+0600][19.932s][info][gc,marking     ] GC(57) Concurrent Rebuild Remembered Sets and Scrub Regions 8.371ms
[2026-04-03T03:15:24.889+0600][19.933s][info][gc,start       ] GC(57) Pause Cleanup
[2026-04-03T03:15:24.889+0600][19.933s][info][gc             ] GC(57) Pause Cleanup 85M->85M(127M) 0.381ms
[2026-04-03T03:15:24.889+0600][19.933s][info][gc,cpu         ] GC(57) User=0.00s Sys=0.00s Real=0.00s
[2026-04-03T03:15:24.889+0600][19.933s][info][gc,marking     ] GC(57) Concurrent Clear Claimed Marks
[2026-04-03T03:15:24.890+0600][19.934s][info][gc,marking     ] GC(57) Concurrent Clear Claimed Marks 0.161ms
[2026-04-03T03:15:24.890+0600][19.934s][info][gc,marking     ] GC(57) Concurrent Cleanup for Next Mark
[2026-04-03T03:15:24.890+0600][19.934s][info][gc,marking     ] GC(57) Concurrent Cleanup for Next Mark 0.375ms
[2026-04-03T03:15:24.890+0600][19.934s][info][gc             ] GC(57) Concurrent Mark Cycle 33.030ms
[2026-04-03T03:15:24.907+0600][19.951s][info][gc,start       ] GC(58) Pause Young (Prepare Mixed) (G1 Evacuation Pause)
[2026-04-03T03:15:24.907+0600][19.952s][info][gc,task        ] GC(58) Using 4 workers of 10 for evacuation
[2026-04-03T03:15:24.909+0600][19.953s][info][gc,phases      ] GC(58)   Pre Evacuate Collection Set: 0.25ms
[2026-04-03T03:15:24.909+0600][19.953s][info][gc,phases      ] GC(58)   Merge Heap Roots: 0.18ms
[2026-04-03T03:15:24.909+0600][19.953s][info][gc,phases      ] GC(58)   Evacuate Collection Set: 0.69ms
[2026-04-03T03:15:24.909+0600][19.953s][info][gc,phases      ] GC(58)   Post Evacuate Collection Set: 0.61ms
[2026-04-03T03:15:24.909+0600][19.953s][info][gc,phases      ] GC(58)   Other: 0.07ms
[2026-04-03T03:15:24.909+0600][19.953s][info][gc,heap        ] GC(58) Eden regions: 87->0(75)
[2026-04-03T03:15:24.909+0600][19.953s][info][gc,heap        ] GC(58) Survivor regions: 1->1(11)
[2026-04-03T03:15:24.909+0600][19.953s][info][gc,heap        ] GC(58) Old regions: 29->30
[2026-04-03T03:15:24.909+0600][19.953s][info][gc,heap        ] GC(58) Humongous regions: 8->8
[2026-04-03T03:15:24.909+0600][19.953s][info][gc,metaspace   ] GC(58) Metaspace: 66570K(67520K)->66570K(67520K) NonClass: 58219K(58752K)->58219K(58752K) Class: 8350K(8768K)->8350K(8768K)
[2026-04-03T03:15:24.909+0600][19.954s][info][gc             ] GC(58) Pause Young (Prepare Mixed) (G1 Evacuation Pause) 123M->36M(127M) 2.024ms
[2026-04-03T03:15:24.909+0600][19.954s][info][gc,cpu         ] GC(58) User=0.01s Sys=0.00s Real=0.00s
[2026-04-03T03:15:24.942+0600][19.986s][info][gc,start       ] GC(59) Pause Young (Mixed) (G1 Evacuation Pause)
[2026-04-03T03:15:24.942+0600][19.986s][info][gc,task        ] GC(59) Using 3 workers of 10 for evacuation
[2026-04-03T03:15:24.945+0600][19.989s][info][gc,phases      ] GC(59)   Pre Evacuate Collection Set: 0.40ms
[2026-04-03T03:15:24.945+0600][19.989s][info][gc,phases      ] GC(59)   Merge Heap Roots: 0.11ms
[2026-04-03T03:15:24.945+0600][19.989s][info][gc,phases      ] GC(59)   Evacuate Collection Set: 1.61ms
[2026-04-03T03:15:24.945+0600][19.989s][info][gc,phases      ] GC(59)   Post Evacuate Collection Set: 0.54ms
[2026-04-03T03:15:24.945+0600][19.989s][info][gc,phases      ] GC(59)   Other: 0.07ms
[2026-04-03T03:15:24.945+0600][19.989s][info][gc,heap        ] GC(59) Eden regions: 75->0(75)
[2026-04-03T03:15:24.945+0600][19.989s][info][gc,heap        ] GC(59) Survivor regions: 1->1(10)
[2026-04-03T03:15:24.945+0600][19.989s][info][gc,heap        ] GC(59) Old regions: 30->29
[2026-04-03T03:15:24.945+0600][19.989s][info][gc,heap        ] GC(59) Humongous regions: 8->8
[2026-04-03T03:15:24.945+0600][19.989s][info][gc,metaspace   ] GC(59) Metaspace: 66571K(67520K)->66571K(67520K) NonClass: 58220K(58752K)->58220K(58752K) Class: 8350K(8768K)->8350K(8768K)
[2026-04-03T03:15:24.945+0600][19.989s][info][gc             ] GC(59) Pause Young (Mixed) (G1 Evacuation Pause) 111M->36M(127M) 2.978ms
[2026-04-03T03:15:24.945+0600][19.989s][info][gc,cpu         ] GC(59) User=0.01s Sys=0.00s Real=0.00s
[2026-04-03T03:15:24.977+0600][20.021s][info][gc,start       ] GC(60) Pause Young (Concurrent Start) (G1 Evacuation Pause)
[2026-04-03T03:15:24.977+0600][20.021s][info][gc,task        ] GC(60) Using 3 workers of 10 for evacuation
[2026-04-03T03:15:24.980+0600][20.024s][info][gc,phases      ] GC(60)   Pre Evacuate Collection Set: 0.14ms
[2026-04-03T03:15:24.980+0600][20.024s][info][gc,phases      ] GC(60)   Merge Heap Roots: 0.08ms
[2026-04-03T03:15:24.980+0600][20.024s][info][gc,phases      ] GC(60)   Evacuate Collection Set: 0.88ms
[2026-04-03T03:15:24.980+0600][20.024s][info][gc,phases      ] GC(60)   Post Evacuate Collection Set: 1.57ms
[2026-04-03T03:15:24.980+0600][20.024s][info][gc,phases      ] GC(60)   Other: 0.13ms
[2026-04-03T03:15:24.980+0600][20.024s][info][gc,heap        ] GC(60) Eden regions: 75->0(123)
[2026-04-03T03:15:24.980+0600][20.024s][info][gc,heap        ] GC(60) Survivor regions: 1->1(10)
[2026-04-03T03:15:24.980+0600][20.024s][info][gc,heap        ] GC(60) Old regions: 29->29
[2026-04-03T03:15:24.980+0600][20.024s][info][gc,heap        ] GC(60) Humongous regions: 8->8
[2026-04-03T03:15:24.980+0600][20.024s][info][gc,metaspace   ] GC(60) Metaspace: 66571K(67520K)->66571K(67520K) NonClass: 58220K(58752K)->58220K(58752K) Class: 8350K(8768K)->8350K(8768K)
[2026-04-03T03:15:24.980+0600][20.024s][info][gc             ] GC(60) Pause Young (Concurrent Start) (G1 Evacuation Pause) 111M->36M(208M) 2.981ms
[2026-04-03T03:15:24.980+0600][20.024s][info][gc,cpu         ] GC(60) User=0.00s Sys=0.00s Real=0.01s
[2026-04-03T03:15:24.980+0600][20.024s][info][gc             ] GC(61) Concurrent Mark Cycle
[2026-04-03T03:15:24.980+0600][20.024s][info][gc,marking     ] GC(61) Concurrent Scan Root Regions
[2026-04-03T03:15:24.981+0600][20.025s][info][gc,marking     ] GC(61) Concurrent Scan Root Regions 0.980ms
[2026-04-03T03:15:24.981+0600][20.025s][info][gc,marking     ] GC(61) Concurrent Mark
[2026-04-03T03:15:24.981+0600][20.026s][info][gc,marking     ] GC(61) Concurrent Mark From Roots
[2026-04-03T03:15:24.981+0600][20.026s][info][gc,task        ] GC(61) Using 3 workers of 3 for marking
[2026-04-03T03:15:24.999+0600][20.043s][info][gc,marking     ] GC(61) Concurrent Mark From Roots 17.788ms
[2026-04-03T03:15:24.999+0600][20.043s][info][gc,marking     ] GC(61) Concurrent Preclean
[2026-04-03T03:15:24.999+0600][20.043s][info][gc,marking     ] GC(61) Concurrent Preclean 0.108ms
[2026-04-03T03:15:25.000+0600][20.044s][info][gc,start       ] GC(61) Pause Remark
[2026-04-03T03:15:25.005+0600][20.049s][info][gc             ] GC(61) Pause Remark 70M->70M(127M) 5.060ms
[2026-04-03T03:15:25.005+0600][20.049s][info][gc,cpu         ] GC(61) User=0.02s Sys=0.00s Real=0.01s
[2026-04-03T03:15:25.005+0600][20.049s][info][gc,marking     ] GC(61) Concurrent Mark 23.479ms
[2026-04-03T03:15:25.005+0600][20.049s][info][gc,marking     ] GC(61) Concurrent Rebuild Remembered Sets and Scrub Regions
[2026-04-03T03:15:25.013+0600][20.057s][info][gc,marking     ] GC(61) Concurrent Rebuild Remembered Sets and Scrub Regions 7.796ms
[2026-04-03T03:15:25.013+0600][20.057s][info][gc,start       ] GC(61) Pause Cleanup
[2026-04-03T03:15:25.013+0600][20.057s][info][gc             ] GC(61) Pause Cleanup 87M->87M(127M) 0.125ms
[2026-04-03T03:15:25.013+0600][20.057s][info][gc,cpu         ] GC(61) User=0.00s Sys=0.00s Real=0.00s
[2026-04-03T03:15:25.013+0600][20.057s][info][gc,marking     ] GC(61) Concurrent Clear Claimed Marks
[2026-04-03T03:15:25.013+0600][20.057s][info][gc,marking     ] GC(61) Concurrent Clear Claimed Marks 0.147ms
[2026-04-03T03:15:25.013+0600][20.057s][info][gc,marking     ] GC(61) Concurrent Cleanup for Next Mark
[2026-04-03T03:15:25.014+0600][20.058s][info][gc,marking     ] GC(61) Concurrent Cleanup for Next Mark 0.222ms
[2026-04-03T03:15:25.014+0600][20.058s][info][gc             ] GC(61) Concurrent Mark Cycle 33.322ms
[2026-04-03T03:15:25.031+0600][20.075s][info][gc,start       ] GC(62) Pause Young (Prepare Mixed) (G1 Evacuation Pause)
[2026-04-03T03:15:25.031+0600][20.075s][info][gc,task        ] GC(62) Using 3 workers of 10 for evacuation
[2026-04-03T03:15:25.033+0600][20.077s][info][gc,phases      ] GC(62)   Pre Evacuate Collection Set: 0.28ms
[2026-04-03T03:15:25.033+0600][20.077s][info][gc,phases      ] GC(62)   Merge Heap Roots: 0.22ms
[2026-04-03T03:15:25.033+0600][20.077s][info][gc,phases      ] GC(62)   Evacuate Collection Set: 1.04ms
[2026-04-03T03:15:25.033+0600][20.077s][info][gc,phases      ] GC(62)   Post Evacuate Collection Set: 0.87ms
[2026-04-03T03:15:25.033+0600][20.077s][info][gc,phases      ] GC(62)   Other: 0.11ms
[2026-04-03T03:15:25.033+0600][20.077s][info][gc,heap        ] GC(62) Eden regions: 89->0(75)
[2026-04-03T03:15:25.033+0600][20.077s][info][gc,heap        ] GC(62) Survivor regions: 1->1(16)
[2026-04-03T03:15:25.033+0600][20.077s][info][gc,heap        ] GC(62) Old regions: 29->29
[2026-04-03T03:15:25.033+0600][20.077s][info][gc,heap        ] GC(62) Humongous regions: 8->8
[2026-04-03T03:15:25.033+0600][20.077s][info][gc,metaspace   ] GC(62) Metaspace: 66571K(67520K)->66571K(67520K) NonClass: 58220K(58752K)->58220K(58752K) Class: 8350K(8768K)->8350K(8768K)
[2026-04-03T03:15:25.033+0600][20.077s][info][gc             ] GC(62) Pause Young (Prepare Mixed) (G1 Evacuation Pause) 125M->36M(128M) 2.752ms
[2026-04-03T03:15:25.033+0600][20.077s][info][gc,cpu         ] GC(62) User=0.00s Sys=0.00s Real=0.00s
[2026-04-03T03:15:25.066+0600][20.110s][info][gc,start       ] GC(63) Pause Young (Mixed) (G1 Evacuation Pause)
[2026-04-03T03:15:25.066+0600][20.110s][info][gc,task        ] GC(63) Using 3 workers of 10 for evacuation
[2026-04-03T03:15:25.069+0600][20.114s][info][gc,phases      ] GC(63)   Pre Evacuate Collection Set: 0.30ms
[2026-04-03T03:15:25.069+0600][20.114s][info][gc,phases      ] GC(63)   Merge Heap Roots: 0.11ms
[2026-04-03T03:15:25.069+0600][20.114s][info][gc,phases      ] GC(63)   Evacuate Collection Set: 2.12ms
[2026-04-03T03:15:25.069+0600][20.114s][info][gc,phases      ] GC(63)   Post Evacuate Collection Set: 0.61ms
[2026-04-03T03:15:25.070+0600][20.114s][info][gc,phases      ] GC(63)   Other: 0.09ms
[2026-04-03T03:15:25.070+0600][20.114s][info][gc,heap        ] GC(63) Eden regions: 75->0(75)
[2026-04-03T03:15:25.070+0600][20.114s][info][gc,heap        ] GC(63) Survivor regions: 1->1(10)
[2026-04-03T03:15:25.070+0600][20.114s][info][gc,heap        ] GC(63) Old regions: 29->29
[2026-04-03T03:15:25.070+0600][20.114s][info][gc,heap        ] GC(63) Humongous regions: 8->8
[2026-04-03T03:15:25.070+0600][20.114s][info][gc,metaspace   ] GC(63) Metaspace: 66571K(67520K)->66571K(67520K) NonClass: 58220K(58752K)->58220K(58752K) Class: 8350K(8768K)->8350K(8768K)
[2026-04-03T03:15:25.070+0600][20.114s][info][gc             ] GC(63) Pause Young (Mixed) (G1 Evacuation Pause) 111M->36M(128M) 3.439ms
[2026-04-03T03:15:25.070+0600][20.114s][info][gc,cpu         ] GC(63) User=0.01s Sys=0.00s Real=0.00s
[2026-04-03T03:15:25.102+0600][20.146s][info][gc,start       ] GC(64) Pause Young (Concurrent Start) (G1 Evacuation Pause)
[2026-04-03T03:15:25.102+0600][20.146s][info][gc,task        ] GC(64) Using 3 workers of 10 for evacuation
[2026-04-03T03:15:25.104+0600][20.149s][info][gc,phases      ] GC(64)   Pre Evacuate Collection Set: 0.33ms
[2026-04-03T03:15:25.105+0600][20.149s][info][gc,phases      ] GC(64)   Merge Heap Roots: 0.24ms
[2026-04-03T03:15:25.105+0600][20.149s][info][gc,phases      ] GC(64)   Evacuate Collection Set: 1.04ms
[2026-04-03T03:15:25.105+0600][20.149s][info][gc,phases      ] GC(64)   Post Evacuate Collection Set: 0.46ms
[2026-04-03T03:15:25.105+0600][20.149s][info][gc,phases      ] GC(64)   Other: 0.33ms
[2026-04-03T03:15:25.105+0600][20.149s][info][gc,heap        ] GC(64) Eden regions: 75->0(75)
[2026-04-03T03:15:25.105+0600][20.149s][info][gc,heap        ] GC(64) Survivor regions: 1->1(10)
[2026-04-03T03:15:25.105+0600][20.149s][info][gc,heap        ] GC(64) Old regions: 29->29
[2026-04-03T03:15:25.105+0600][20.149s][info][gc,heap        ] GC(64) Humongous regions: 8->8
[2026-04-03T03:15:25.105+0600][20.149s][info][gc,metaspace   ] GC(64) Metaspace: 66571K(67520K)->66571K(67520K) NonClass: 58220K(58752K)->58220K(58752K) Class: 8350K(8768K)->8350K(8768K)
[2026-04-03T03:15:25.105+0600][20.149s][info][gc             ] GC(64) Pause Young (Concurrent Start) (G1 Evacuation Pause) 111M->36M(128M) 2.599ms
[2026-04-03T03:15:25.105+0600][20.149s][info][gc,cpu         ] GC(64) User=0.01s Sys=0.00s Real=0.00s
[2026-04-03T03:15:25.105+0600][20.149s][info][gc             ] GC(65) Concurrent Mark Cycle
[2026-04-03T03:15:25.105+0600][20.149s][info][gc,marking     ] GC(65) Concurrent Scan Root Regions
[2026-04-03T03:15:25.106+0600][20.150s][info][gc,marking     ] GC(65) Concurrent Scan Root Regions 1.013ms
[2026-04-03T03:15:25.106+0600][20.150s][info][gc,marking     ] GC(65) Concurrent Mark
[2026-04-03T03:15:25.106+0600][20.150s][info][gc,marking     ] GC(65) Concurrent Mark From Roots
[2026-04-03T03:15:25.106+0600][20.150s][info][gc,task        ] GC(65) Using 3 workers of 3 for marking
[2026-04-03T03:15:25.124+0600][20.168s][info][gc,marking     ] GC(65) Concurrent Mark From Roots 18.467ms
[2026-04-03T03:15:25.124+0600][20.168s][info][gc,marking     ] GC(65) Concurrent Preclean
[2026-04-03T03:15:25.124+0600][20.169s][info][gc,marking     ] GC(65) Concurrent Preclean 0.115ms
[2026-04-03T03:15:25.125+0600][20.169s][info][gc,start       ] GC(65) Pause Remark
[2026-04-03T03:15:25.130+0600][20.174s][info][gc             ] GC(65) Pause Remark 71M->71M(127M) 5.083ms
[2026-04-03T03:15:25.130+0600][20.174s][info][gc,cpu         ] GC(65) User=0.02s Sys=0.00s Real=0.01s
[2026-04-03T03:15:25.130+0600][20.174s][info][gc,marking     ] GC(65) Concurrent Mark 24.159ms
[2026-04-03T03:15:25.130+0600][20.174s][info][gc,marking     ] GC(65) Concurrent Rebuild Remembered Sets and Scrub Regions
[2026-04-03T03:15:25.139+0600][20.183s][info][gc,marking     ] GC(65) Concurrent Rebuild Remembered Sets and Scrub Regions 8.647ms
[2026-04-03T03:15:25.139+0600][20.183s][info][gc,start       ] GC(65) Pause Cleanup
[2026-04-03T03:15:25.139+0600][20.183s][info][gc             ] GC(65) Pause Cleanup 86M->86M(127M) 0.138ms
[2026-04-03T03:15:25.139+0600][20.183s][info][gc,cpu         ] GC(65) User=0.00s Sys=0.00s Real=0.00s
[2026-04-03T03:15:25.139+0600][20.183s][info][gc,marking     ] GC(65) Concurrent Clear Claimed Marks
[2026-04-03T03:15:25.139+0600][20.184s][info][gc,marking     ] GC(65) Concurrent Clear Claimed Marks 0.158ms
[2026-04-03T03:15:25.139+0600][20.184s][info][gc,marking     ] GC(65) Concurrent Cleanup for Next Mark
[2026-04-03T03:15:25.140+0600][20.184s][info][gc,marking     ] GC(65) Concurrent Cleanup for Next Mark 0.245ms
[2026-04-03T03:15:25.140+0600][20.184s][info][gc             ] GC(65) Concurrent Mark Cycle 35.070ms
[2026-04-03T03:15:25.153+0600][20.197s][info][gc,start       ] GC(66) Pause Young (Prepare Mixed) (G1 Evacuation Pause)
[2026-04-03T03:15:25.153+0600][20.197s][info][gc,task        ] GC(66) Using 3 workers of 10 for evacuation
[2026-04-03T03:15:25.155+0600][20.199s][info][gc,phases      ] GC(66)   Pre Evacuate Collection Set: 0.44ms
[2026-04-03T03:15:25.155+0600][20.199s][info][gc,phases      ] GC(66)   Merge Heap Roots: 0.11ms
[2026-04-03T03:15:25.155+0600][20.199s][info][gc,phases      ] GC(66)   Evacuate Collection Set: 0.94ms
[2026-04-03T03:15:25.155+0600][20.199s][info][gc,phases      ] GC(66)   Post Evacuate Collection Set: 0.62ms
[2026-04-03T03:15:25.155+0600][20.199s][info][gc,phases      ] GC(66)   Other: 0.07ms
[2026-04-03T03:15:25.155+0600][20.199s][info][gc,heap        ] GC(66) Eden regions: 75->0(75)
[2026-04-03T03:15:25.155+0600][20.199s][info][gc,heap        ] GC(66) Survivor regions: 1->1(10)
[2026-04-03T03:15:25.155+0600][20.199s][info][gc,heap        ] GC(66) Old regions: 29->29
[2026-04-03T03:15:25.155+0600][20.199s][info][gc,heap        ] GC(66) Humongous regions: 8->8
[2026-04-03T03:15:25.155+0600][20.199s][info][gc,metaspace   ] GC(66) Metaspace: 66571K(67520K)->66571K(67520K) NonClass: 58220K(58752K)->58220K(58752K) Class: 8350K(8768K)->8350K(8768K)
[2026-04-03T03:15:25.155+0600][20.199s][info][gc             ] GC(66) Pause Young (Prepare Mixed) (G1 Evacuation Pause) 111M->36M(127M) 2.374ms
[2026-04-03T03:15:25.155+0600][20.199s][info][gc,cpu         ] GC(66) User=0.00s Sys=0.00s Real=0.00s
[2026-04-03T03:15:25.188+0600][20.232s][info][gc,start       ] GC(67) Pause Young (Mixed) (G1 Evacuation Pause)
[2026-04-03T03:15:25.188+0600][20.232s][info][gc,task        ] GC(67) Using 3 workers of 10 for evacuation
[2026-04-03T03:15:25.191+0600][20.235s][info][gc,phases      ] GC(67)   Pre Evacuate Collection Set: 0.29ms
[2026-04-03T03:15:25.191+0600][20.235s][info][gc,phases      ] GC(67)   Merge Heap Roots: 0.11ms
[2026-04-03T03:15:25.191+0600][20.235s][info][gc,phases      ] GC(67)   Evacuate Collection Set: 1.68ms
[2026-04-03T03:15:25.191+0600][20.235s][info][gc,phases      ] GC(67)   Post Evacuate Collection Set: 0.67ms
[2026-04-03T03:15:25.191+0600][20.235s][info][gc,phases      ] GC(67)   Other: 0.07ms
[2026-04-03T03:15:25.191+0600][20.235s][info][gc,heap        ] GC(67) Eden regions: 75->0(75)
[2026-04-03T03:15:25.191+0600][20.235s][info][gc,heap        ] GC(67) Survivor regions: 1->1(10)
[2026-04-03T03:15:25.191+0600][20.235s][info][gc,heap        ] GC(67) Old regions: 29->29
[2026-04-03T03:15:25.191+0600][20.235s][info][gc,heap        ] GC(67) Humongous regions: 8->8
[2026-04-03T03:15:25.191+0600][20.235s][info][gc,metaspace   ] GC(67) Metaspace: 66571K(67520K)->66571K(67520K) NonClass: 58220K(58752K)->58220K(58752K) Class: 8350K(8768K)->8350K(8768K)
[2026-04-03T03:15:25.191+0600][20.235s][info][gc             ] GC(67) Pause Young (Mixed) (G1 Evacuation Pause) 111M->35M(127M) 3.013ms
[2026-04-03T03:15:25.191+0600][20.235s][info][gc,cpu         ] GC(67) User=0.00s Sys=0.00s Real=0.01s
[2026-04-03T03:15:25.224+0600][20.268s][info][gc,start       ] GC(68) Pause Young (Concurrent Start) (G1 Evacuation Pause)
[2026-04-03T03:15:25.224+0600][20.268s][info][gc,task        ] GC(68) Using 3 workers of 10 for evacuation
[2026-04-03T03:15:25.227+0600][20.271s][info][gc,phases      ] GC(68)   Pre Evacuate Collection Set: 0.30ms
[2026-04-03T03:15:25.227+0600][20.271s][info][gc,phases      ] GC(68)   Merge Heap Roots: 0.22ms
[2026-04-03T03:15:25.227+0600][20.271s][info][gc,phases      ] GC(68)   Evacuate Collection Set: 0.96ms
[2026-04-03T03:15:25.227+0600][20.271s][info][gc,phases      ] GC(68)   Post Evacuate Collection Set: 1.29ms
[2026-04-03T03:15:25.227+0600][20.271s][info][gc,phases      ] GC(68)   Other: 0.23ms
[2026-04-03T03:15:25.227+0600][20.271s][info][gc,heap        ] GC(68) Eden regions: 75->0(150)
[2026-04-03T03:15:25.227+0600][20.271s][info][gc,heap        ] GC(68) Survivor regions: 1->1(10)
[2026-04-03T03:15:25.227+0600][20.271s][info][gc,heap        ] GC(68) Old regions: 29->29
[2026-04-03T03:15:25.227+0600][20.271s][info][gc,heap        ] GC(68) Humongous regions: 8->8
[2026-04-03T03:15:25.227+0600][20.271s][info][gc,metaspace   ] GC(68) Metaspace: 66571K(67520K)->66571K(67520K) NonClass: 58220K(58752K)->58220K(58752K) Class: 8350K(8768K)->8350K(8768K)
[2026-04-03T03:15:25.227+0600][20.271s][info][gc             ] GC(68) Pause Young (Concurrent Start) (G1 Evacuation Pause) 110M->35M(252M) 3.176ms
[2026-04-03T03:15:25.227+0600][20.271s][info][gc,cpu         ] GC(68) User=0.00s Sys=0.00s Real=0.00s
[2026-04-03T03:15:25.227+0600][20.271s][info][gc             ] GC(69) Concurrent Mark Cycle
[2026-04-03T03:15:25.227+0600][20.271s][info][gc,marking     ] GC(69) Concurrent Scan Root Regions
[2026-04-03T03:15:25.228+0600][20.272s][info][gc,marking     ] GC(69) Concurrent Scan Root Regions 0.997ms
[2026-04-03T03:15:25.228+0600][20.272s][info][gc,marking     ] GC(69) Concurrent Mark
[2026-04-03T03:15:25.228+0600][20.272s][info][gc,marking     ] GC(69) Concurrent Mark From Roots
[2026-04-03T03:15:25.228+0600][20.272s][info][gc,task        ] GC(69) Using 3 workers of 3 for marking
[2026-04-03T03:15:25.246+0600][20.290s][info][gc,marking     ] GC(69) Concurrent Mark From Roots 17.433ms
[2026-04-03T03:15:25.246+0600][20.290s][info][gc,marking     ] GC(69) Concurrent Preclean
[2026-04-03T03:15:25.246+0600][20.290s][info][gc,marking     ] GC(69) Concurrent Preclean 0.088ms
[2026-04-03T03:15:25.246+0600][20.290s][info][gc,start       ] GC(69) Pause Remark
[2026-04-03T03:15:25.251+0600][20.295s][info][gc             ] GC(69) Pause Remark 66M->66M(127M) 5.034ms
[2026-04-03T03:15:25.251+0600][20.295s][info][gc,cpu         ] GC(69) User=0.01s Sys=0.00s Real=0.01s
[2026-04-03T03:15:25.251+0600][20.295s][info][gc,marking     ] GC(69) Concurrent Mark 22.948ms
[2026-04-03T03:15:25.251+0600][20.295s][info][gc,marking     ] GC(69) Concurrent Rebuild Remembered Sets and Scrub Regions
[2026-04-03T03:15:25.259+0600][20.303s][info][gc,marking     ] GC(69) Concurrent Rebuild Remembered Sets and Scrub Regions 8.081ms
[2026-04-03T03:15:25.259+0600][20.304s][info][gc,start       ] GC(69) Pause Cleanup
[2026-04-03T03:15:25.260+0600][20.304s][info][gc             ] GC(69) Pause Cleanup 80M->80M(127M) 0.122ms
[2026-04-03T03:15:25.260+0600][20.304s][info][gc,cpu         ] GC(69) User=0.00s Sys=0.00s Real=0.00s
[2026-04-03T03:15:25.260+0600][20.304s][info][gc,marking     ] GC(69) Concurrent Clear Claimed Marks
[2026-04-03T03:15:25.260+0600][20.304s][info][gc,marking     ] GC(69) Concurrent Clear Claimed Marks 0.159ms
[2026-04-03T03:15:25.260+0600][20.304s][info][gc,marking     ] GC(69) Concurrent Cleanup for Next Mark
[2026-04-03T03:15:25.260+0600][20.304s][info][gc,marking     ] GC(69) Concurrent Cleanup for Next Mark 0.339ms
[2026-04-03T03:15:25.260+0600][20.304s][info][gc             ] GC(69) Concurrent Mark Cycle 33.069ms
[2026-04-03T03:15:25.278+0600][20.322s][info][gc,start       ] GC(70) Pause Young (Prepare Mixed) (G1 Evacuation Pause)
[2026-04-03T03:15:25.278+0600][20.322s][info][gc,task        ] GC(70) Using 3 workers of 10 for evacuation
[2026-04-03T03:15:25.280+0600][20.324s][info][gc,phases      ] GC(70)   Pre Evacuate Collection Set: 0.19ms
[2026-04-03T03:15:25.280+0600][20.324s][info][gc,phases      ] GC(70)   Merge Heap Roots: 0.19ms
[2026-04-03T03:15:25.280+0600][20.324s][info][gc,phases      ] GC(70)   Evacuate Collection Set: 0.79ms
[2026-04-03T03:15:25.280+0600][20.324s][info][gc,phases      ] GC(70)   Post Evacuate Collection Set: 0.59ms
[2026-04-03T03:15:25.280+0600][20.324s][info][gc,phases      ] GC(70)   Other: 0.07ms
[2026-04-03T03:15:25.280+0600][20.324s][info][gc,heap        ] GC(70) Eden regions: 84->0(75)
[2026-04-03T03:15:25.280+0600][20.324s][info][gc,heap        ] GC(70) Survivor regions: 1->1(11)
[2026-04-03T03:15:25.280+0600][20.324s][info][gc,heap        ] GC(70) Old regions: 29->29
[2026-04-03T03:15:25.280+0600][20.324s][info][gc,heap        ] GC(70) Humongous regions: 8->8
[2026-04-03T03:15:25.280+0600][20.324s][info][gc,metaspace   ] GC(70) Metaspace: 66571K(67520K)->66571K(67520K) NonClass: 58220K(58752K)->58220K(58752K) Class: 8350K(8768K)->8350K(8768K)
[2026-04-03T03:15:25.280+0600][20.324s][info][gc             ] GC(70) Pause Young (Prepare Mixed) (G1 Evacuation Pause) 119M->35M(127M) 2.014ms
[2026-04-03T03:15:25.280+0600][20.324s][info][gc,cpu         ] GC(70) User=0.00s Sys=0.00s Real=0.01s
[2026-04-03T03:15:25.314+0600][20.358s][info][gc,start       ] GC(71) Pause Young (Mixed) (G1 Evacuation Pause)
[2026-04-03T03:15:25.314+0600][20.358s][info][gc,task        ] GC(71) Using 3 workers of 10 for evacuation
[2026-04-03T03:15:25.317+0600][20.361s][info][gc,phases      ] GC(71)   Pre Evacuate Collection Set: 0.22ms
[2026-04-03T03:15:25.317+0600][20.361s][info][gc,phases      ] GC(71)   Merge Heap Roots: 0.09ms
[2026-04-03T03:15:25.317+0600][20.361s][info][gc,phases      ] GC(71)   Evacuate Collection Set: 1.43ms
[2026-04-03T03:15:25.317+0600][20.361s][info][gc,phases      ] GC(71)   Post Evacuate Collection Set: 0.76ms
[2026-04-03T03:15:25.317+0600][20.361s][info][gc,phases      ] GC(71)   Other: 0.07ms
[2026-04-03T03:15:25.317+0600][20.361s][info][gc,heap        ] GC(71) Eden regions: 75->0(75)
[2026-04-03T03:15:25.317+0600][20.361s][info][gc,heap        ] GC(71) Survivor regions: 1->1(10)
[2026-04-03T03:15:25.317+0600][20.361s][info][gc,heap        ] GC(71) Old regions: 29->29
[2026-04-03T03:15:25.317+0600][20.361s][info][gc,heap        ] GC(71) Humongous regions: 8->8
[2026-04-03T03:15:25.317+0600][20.361s][info][gc,metaspace   ] GC(71) Metaspace: 66571K(67520K)->66571K(67520K) NonClass: 58220K(58752K)->58220K(58752K) Class: 8350K(8768K)->8350K(8768K)
[2026-04-03T03:15:25.317+0600][20.361s][info][gc             ] GC(71) Pause Young (Mixed) (G1 Evacuation Pause) 110M->35M(127M) 2.754ms
[2026-04-03T03:15:25.317+0600][20.361s][info][gc,cpu         ] GC(71) User=0.01s Sys=0.00s Real=0.00s
[2026-04-03T03:15:25.350+0600][20.394s][info][gc,start       ] GC(72) Pause Young (Concurrent Start) (G1 Evacuation Pause)
[2026-04-03T03:15:25.350+0600][20.394s][info][gc,task        ] GC(72) Using 3 workers of 10 for evacuation
[2026-04-03T03:15:25.352+0600][20.396s][info][gc,phases      ] GC(72)   Pre Evacuate Collection Set: 0.19ms
[2026-04-03T03:15:25.352+0600][20.396s][info][gc,phases      ] GC(72)   Merge Heap Roots: 0.11ms
[2026-04-03T03:15:25.352+0600][20.396s][info][gc,phases      ] GC(72)   Evacuate Collection Set: 0.95ms
[2026-04-03T03:15:25.352+0600][20.396s][info][gc,phases      ] GC(72)   Post Evacuate Collection Set: 0.35ms
[2026-04-03T03:15:25.352+0600][20.396s][info][gc,phases      ] GC(72)   Other: 0.08ms
[2026-04-03T03:15:25.352+0600][20.396s][info][gc,heap        ] GC(72) Eden regions: 75->0(75)
[2026-04-03T03:15:25.352+0600][20.396s][info][gc,heap        ] GC(72) Survivor regions: 1->1(10)
[2026-04-03T03:15:25.352+0600][20.396s][info][gc,heap        ] GC(72) Old regions: 29->29
[2026-04-03T03:15:25.352+0600][20.396s][info][gc,heap        ] GC(72) Humongous regions: 8->8
[2026-04-03T03:15:25.352+0600][20.396s][info][gc,metaspace   ] GC(72) Metaspace: 66571K(67520K)->66571K(67520K) NonClass: 58220K(58752K)->58220K(58752K) Class: 8350K(8768K)->8350K(8768K)
[2026-04-03T03:15:25.352+0600][20.396s][info][gc             ] GC(72) Pause Young (Concurrent Start) (G1 Evacuation Pause) 110M->36M(127M) 1.877ms
[2026-04-03T03:15:25.352+0600][20.396s][info][gc,cpu         ] GC(72) User=0.01s Sys=0.00s Real=0.00s
[2026-04-03T03:15:25.352+0600][20.396s][info][gc             ] GC(73) Concurrent Mark Cycle
[2026-04-03T03:15:25.352+0600][20.396s][info][gc,marking     ] GC(73) Concurrent Scan Root Regions
[2026-04-03T03:15:25.353+0600][20.397s][info][gc,marking     ] GC(73) Concurrent Scan Root Regions 0.739ms
[2026-04-03T03:15:25.353+0600][20.397s][info][gc,marking     ] GC(73) Concurrent Mark
[2026-04-03T03:15:25.353+0600][20.397s][info][gc,marking     ] GC(73) Concurrent Mark From Roots
[2026-04-03T03:15:25.353+0600][20.397s][info][gc,task        ] GC(73) Using 3 workers of 3 for marking
[2026-04-03T03:15:25.373+0600][20.417s][info][gc,marking     ] GC(73) Concurrent Mark From Roots 20.698ms
[2026-04-03T03:15:25.373+0600][20.417s][info][gc,marking     ] GC(73) Concurrent Preclean
[2026-04-03T03:15:25.373+0600][20.418s][info][gc,marking     ] GC(73) Concurrent Preclean 0.116ms
[2026-04-03T03:15:25.374+0600][20.418s][info][gc,start       ] GC(73) Pause Remark
[2026-04-03T03:15:25.379+0600][20.423s][info][gc             ] GC(73) Pause Remark 70M->70M(127M) 5.673ms
[2026-04-03T03:15:25.379+0600][20.423s][info][gc,cpu         ] GC(73) User=0.02s Sys=0.00s Real=0.00s
[2026-04-03T03:15:25.379+0600][20.424s][info][gc,marking     ] GC(73) Concurrent Mark 26.920ms
[2026-04-03T03:15:25.380+0600][20.424s][info][gc,marking     ] GC(73) Concurrent Rebuild Remembered Sets and Scrub Regions
[2026-04-03T03:15:25.388+0600][20.432s][info][gc,marking     ] GC(73) Concurrent Rebuild Remembered Sets and Scrub Regions 8.386ms
[2026-04-03T03:15:25.388+0600][20.432s][info][gc,start       ] GC(73) Pause Cleanup
[2026-04-03T03:15:25.389+0600][20.433s][info][gc             ] GC(73) Pause Cleanup 84M->84M(127M) 0.282ms
[2026-04-03T03:15:25.389+0600][20.433s][info][gc,cpu         ] GC(73) User=0.00s Sys=0.00s Real=0.00s
[2026-04-03T03:15:25.389+0600][20.433s][info][gc,marking     ] GC(73) Concurrent Clear Claimed Marks
[2026-04-03T03:15:25.389+0600][20.433s][info][gc,marking     ] GC(73) Concurrent Clear Claimed Marks 0.156ms
[2026-04-03T03:15:25.389+0600][20.433s][info][gc,marking     ] GC(73) Concurrent Cleanup for Next Mark
[2026-04-03T03:15:25.389+0600][20.433s][info][gc,marking     ] GC(73) Concurrent Cleanup for Next Mark 0.256ms
[2026-04-03T03:15:25.389+0600][20.433s][info][gc             ] GC(73) Concurrent Mark Cycle 37.477ms
[2026-04-03T03:15:25.402+0600][20.446s][info][gc,start       ] GC(74) Pause Young (Prepare Mixed) (G1 Evacuation Pause)
[2026-04-03T03:15:25.402+0600][20.446s][info][gc,task        ] GC(74) Using 3 workers of 10 for evacuation
[2026-04-03T03:15:25.404+0600][20.449s][info][gc,phases      ] GC(74)   Pre Evacuate Collection Set: 0.35ms
[2026-04-03T03:15:25.404+0600][20.449s][info][gc,phases      ] GC(74)   Merge Heap Roots: 0.20ms
[2026-04-03T03:15:25.404+0600][20.449s][info][gc,phases      ] GC(74)   Evacuate Collection Set: 0.95ms
[2026-04-03T03:15:25.404+0600][20.449s][info][gc,phases      ] GC(74)   Post Evacuate Collection Set: 0.82ms
[2026-04-03T03:15:25.405+0600][20.449s][info][gc,phases      ] GC(74)   Other: 0.11ms
[2026-04-03T03:15:25.405+0600][20.449s][info][gc,heap        ] GC(74) Eden regions: 75->0(75)
[2026-04-03T03:15:25.405+0600][20.449s][info][gc,heap        ] GC(74) Survivor regions: 1->1(10)
[2026-04-03T03:15:25.405+0600][20.449s][info][gc,heap        ] GC(74) Old regions: 29->30
[2026-04-03T03:15:25.405+0600][20.449s][info][gc,heap        ] GC(74) Humongous regions: 8->8
[2026-04-03T03:15:25.405+0600][20.449s][info][gc,metaspace   ] GC(74) Metaspace: 66571K(67520K)->66571K(67520K) NonClass: 58220K(58752K)->58220K(58752K) Class: 8350K(8768K)->8350K(8768K)
[2026-04-03T03:15:25.405+0600][20.449s][info][gc             ] GC(74) Pause Young (Prepare Mixed) (G1 Evacuation Pause) 111M->36M(127M) 2.653ms
[2026-04-03T03:15:25.405+0600][20.449s][info][gc,cpu         ] GC(74) User=0.00s Sys=0.00s Real=0.00s
[2026-04-03T03:15:25.438+0600][20.482s][info][gc,start       ] GC(75) Pause Young (Mixed) (G1 Evacuation Pause)
[2026-04-03T03:15:25.438+0600][20.482s][info][gc,task        ] GC(75) Using 3 workers of 10 for evacuation
[2026-04-03T03:15:25.442+0600][20.486s][info][gc,phases      ] GC(75)   Pre Evacuate Collection Set: 0.45ms
[2026-04-03T03:15:25.442+0600][20.486s][info][gc,phases      ] GC(75)   Merge Heap Roots: 0.28ms
[2026-04-03T03:15:25.442+0600][20.486s][info][gc,phases      ] GC(75)   Evacuate Collection Set: 2.15ms
[2026-04-03T03:15:25.442+0600][20.486s][info][gc,phases      ] GC(75)   Post Evacuate Collection Set: 0.81ms
[2026-04-03T03:15:25.442+0600][20.486s][info][gc,phases      ] GC(75)   Other: 0.07ms
[2026-04-03T03:15:25.442+0600][20.486s][info][gc,heap        ] GC(75) Eden regions: 75->0(75)
[2026-04-03T03:15:25.442+0600][20.486s][info][gc,heap        ] GC(75) Survivor regions: 1->1(10)
[2026-04-03T03:15:25.442+0600][20.486s][info][gc,heap        ] GC(75) Old regions: 30->29
[2026-04-03T03:15:25.442+0600][20.486s][info][gc,heap        ] GC(75) Humongous regions: 8->8
[2026-04-03T03:15:25.442+0600][20.486s][info][gc,metaspace   ] GC(75) Metaspace: 66571K(67520K)->66571K(67520K) NonClass: 58220K(58752K)->58220K(58752K) Class: 8350K(8768K)->8350K(8768K)
[2026-04-03T03:15:25.442+0600][20.486s][info][gc             ] GC(75) Pause Young (Mixed) (G1 Evacuation Pause) 111M->36M(127M) 3.947ms
[2026-04-03T03:15:25.442+0600][20.486s][info][gc,cpu         ] GC(75) User=0.01s Sys=0.00s Real=0.01s
[2026-04-03T03:15:25.475+0600][20.519s][info][gc,start       ] GC(76) Pause Young (Concurrent Start) (G1 Evacuation Pause)
[2026-04-03T03:15:25.475+0600][20.519s][info][gc,task        ] GC(76) Using 3 workers of 10 for evacuation
[2026-04-03T03:15:25.477+0600][20.521s][info][gc,phases      ] GC(76)   Pre Evacuate Collection Set: 0.22ms
[2026-04-03T03:15:25.477+0600][20.521s][info][gc,phases      ] GC(76)   Merge Heap Roots: 0.08ms
[2026-04-03T03:15:25.477+0600][20.521s][info][gc,phases      ] GC(76)   Evacuate Collection Set: 1.06ms
[2026-04-03T03:15:25.477+0600][20.521s][info][gc,phases      ] GC(76)   Post Evacuate Collection Set: 0.97ms
[2026-04-03T03:15:25.477+0600][20.521s][info][gc,phases      ] GC(76)   Other: 0.11ms
[2026-04-03T03:15:25.477+0600][20.521s][info][gc,heap        ] GC(76) Eden regions: 75->0(149)
[2026-04-03T03:15:25.477+0600][20.521s][info][gc,heap        ] GC(76) Survivor regions: 1->1(10)
[2026-04-03T03:15:25.477+0600][20.521s][info][gc,heap        ] GC(76) Old regions: 29->29
[2026-04-03T03:15:25.477+0600][20.521s][info][gc,heap        ] GC(76) Humongous regions: 8->8
[2026-04-03T03:15:25.477+0600][20.521s][info][gc,metaspace   ] GC(76) Metaspace: 66571K(67520K)->66571K(67520K) NonClass: 58220K(58752K)->58220K(58752K) Class: 8350K(8768K)->8350K(8768K)
[2026-04-03T03:15:25.477+0600][20.521s][info][gc             ] GC(76) Pause Young (Concurrent Start) (G1 Evacuation Pause) 111M->36M(250M) 2.659ms
[2026-04-03T03:15:25.477+0600][20.521s][info][gc,cpu         ] GC(76) User=0.01s Sys=0.00s Real=0.00s
[2026-04-03T03:15:25.477+0600][20.522s][info][gc             ] GC(77) Concurrent Mark Cycle
[2026-04-03T03:15:25.477+0600][20.522s][info][gc,marking     ] GC(77) Concurrent Scan Root Regions
[2026-04-03T03:15:25.478+0600][20.523s][info][gc,marking     ] GC(77) Concurrent Scan Root Regions 0.980ms
[2026-04-03T03:15:25.479+0600][20.523s][info][gc,marking     ] GC(77) Concurrent Mark
[2026-04-03T03:15:25.479+0600][20.523s][info][gc,marking     ] GC(77) Concurrent Mark From Roots
[2026-04-03T03:15:25.479+0600][20.523s][info][gc,task        ] GC(77) Using 3 workers of 3 for marking
[2026-04-03T03:15:25.496+0600][20.540s][info][gc,marking     ] GC(77) Concurrent Mark From Roots 17.588ms
[2026-04-03T03:15:25.496+0600][20.540s][info][gc,marking     ] GC(77) Concurrent Preclean
[2026-04-03T03:15:25.496+0600][20.540s][info][gc,marking     ] GC(77) Concurrent Preclean 0.110ms
[2026-04-03T03:15:25.496+0600][20.541s][info][gc,start       ] GC(77) Pause Remark
[2026-04-03T03:15:25.501+0600][20.545s][info][gc             ] GC(77) Pause Remark 69M->69M(127M) 4.883ms
[2026-04-03T03:15:25.501+0600][20.546s][info][gc,cpu         ] GC(77) User=0.01s Sys=0.00s Real=0.01s
[2026-04-03T03:15:25.502+0600][20.546s][info][gc,marking     ] GC(77) Concurrent Mark 23.050ms
[2026-04-03T03:15:25.502+0600][20.546s][info][gc,marking     ] GC(77) Concurrent Rebuild Remembered Sets and Scrub Regions
[2026-04-03T03:15:25.510+0600][20.554s][info][gc,marking     ] GC(77) Concurrent Rebuild Remembered Sets and Scrub Regions 8.508ms
[2026-04-03T03:15:25.510+0600][20.554s][info][gc,start       ] GC(77) Pause Cleanup
[2026-04-03T03:15:25.511+0600][20.555s][info][gc             ] GC(77) Pause Cleanup 83M->83M(127M) 0.153ms
[2026-04-03T03:15:25.511+0600][20.555s][info][gc,cpu         ] GC(77) User=0.00s Sys=0.00s Real=0.00s
[2026-04-03T03:15:25.511+0600][20.555s][info][gc,marking     ] GC(77) Concurrent Clear Claimed Marks
[2026-04-03T03:15:25.511+0600][20.555s][info][gc,marking     ] GC(77) Concurrent Clear Claimed Marks 0.158ms
[2026-04-03T03:15:25.511+0600][20.555s][info][gc,marking     ] GC(77) Concurrent Cleanup for Next Mark
[2026-04-03T03:15:25.511+0600][20.555s][info][gc,marking     ] GC(77) Concurrent Cleanup for Next Mark 0.393ms
[2026-04-03T03:15:25.511+0600][20.555s][info][gc             ] GC(77) Concurrent Mark Cycle 33.844ms
[2026-04-03T03:15:25.528+0600][20.572s][info][gc,start       ] GC(78) Pause Young (Prepare Mixed) (G1 Evacuation Pause)
[2026-04-03T03:15:25.528+0600][20.573s][info][gc,task        ] GC(78) Using 3 workers of 10 for evacuation
[2026-04-03T03:15:25.531+0600][20.575s][info][gc,phases      ] GC(78)   Pre Evacuate Collection Set: 0.36ms
[2026-04-03T03:15:25.531+0600][20.575s][info][gc,phases      ] GC(78)   Merge Heap Roots: 0.25ms
[2026-04-03T03:15:25.531+0600][20.575s][info][gc,phases      ] GC(78)   Evacuate Collection Set: 0.82ms
[2026-04-03T03:15:25.531+0600][20.575s][info][gc,phases      ] GC(78)   Post Evacuate Collection Set: 0.70ms
[2026-04-03T03:15:25.531+0600][20.575s][info][gc,phases      ] GC(78)   Other: 0.09ms
[2026-04-03T03:15:25.531+0600][20.575s][info][gc,heap        ] GC(78) Eden regions: 86->0(75)
[2026-04-03T03:15:25.531+0600][20.575s][info][gc,heap        ] GC(78) Survivor regions: 1->1(11)
[2026-04-03T03:15:25.531+0600][20.575s][info][gc,heap        ] GC(78) Old regions: 29->30
[2026-04-03T03:15:25.531+0600][20.575s][info][gc,heap        ] GC(78) Humongous regions: 8->8
[2026-04-03T03:15:25.531+0600][20.575s][info][gc,metaspace   ] GC(78) Metaspace: 66571K(67520K)->66571K(67520K) NonClass: 58220K(58752K)->58220K(58752K) Class: 8350K(8768K)->8350K(8768K)
[2026-04-03T03:15:25.531+0600][20.575s][info][gc             ] GC(78) Pause Young (Prepare Mixed) (G1 Evacuation Pause) 122M->36M(127M) 2.452ms
[2026-04-03T03:15:25.531+0600][20.575s][info][gc,cpu         ] GC(78) User=0.00s Sys=0.00s Real=0.01s
[2026-04-03T03:15:25.563+0600][20.608s][info][gc,start       ] GC(79) Pause Young (Mixed) (G1 Evacuation Pause)
[2026-04-03T03:15:25.564+0600][20.608s][info][gc,task        ] GC(79) Using 3 workers of 10 for evacuation
[2026-04-03T03:15:25.566+0600][20.610s][info][gc,phases      ] GC(79)   Pre Evacuate Collection Set: 0.23ms
[2026-04-03T03:15:25.566+0600][20.610s][info][gc,phases      ] GC(79)   Merge Heap Roots: 0.12ms
[2026-04-03T03:15:25.566+0600][20.610s][info][gc,phases      ] GC(79)   Evacuate Collection Set: 1.56ms
[2026-04-03T03:15:25.566+0600][20.610s][info][gc,phases      ] GC(79)   Post Evacuate Collection Set: 0.53ms
[2026-04-03T03:15:25.566+0600][20.610s][info][gc,phases      ] GC(79)   Other: 0.08ms
[2026-04-03T03:15:25.566+0600][20.610s][info][gc,heap        ] GC(79) Eden regions: 75->0(75)
[2026-04-03T03:15:25.566+0600][20.610s][info][gc,heap        ] GC(79) Survivor regions: 1->1(10)
[2026-04-03T03:15:25.566+0600][20.610s][info][gc,heap        ] GC(79) Old regions: 30->29
[2026-04-03T03:15:25.566+0600][20.610s][info][gc,heap        ] GC(79) Humongous regions: 8->8
[2026-04-03T03:15:25.566+0600][20.610s][info][gc,metaspace   ] GC(79) Metaspace: 66571K(67520K)->66571K(67520K) NonClass: 58220K(58752K)->58220K(58752K) Class: 8350K(8768K)->8350K(8768K)
[2026-04-03T03:15:25.566+0600][20.610s][info][gc             ] GC(79) Pause Young (Mixed) (G1 Evacuation Pause) 111M->36M(127M) 2.703ms
[2026-04-03T03:15:25.566+0600][20.610s][info][gc,cpu         ] GC(79) User=0.00s Sys=0.00s Real=0.00s
[2026-04-03T03:15:25.599+0600][20.643s][info][gc,start       ] GC(80) Pause Young (Concurrent Start) (G1 Evacuation Pause)
[2026-04-03T03:15:25.599+0600][20.643s][info][gc,task        ] GC(80) Using 3 workers of 10 for evacuation
[2026-04-03T03:15:25.601+0600][20.646s][info][gc,phases      ] GC(80)   Pre Evacuate Collection Set: 0.46ms
[2026-04-03T03:15:25.601+0600][20.646s][info][gc,phases      ] GC(80)   Merge Heap Roots: 0.07ms
[2026-04-03T03:15:25.601+0600][20.646s][info][gc,phases      ] GC(80)   Evacuate Collection Set: 0.99ms
[2026-04-03T03:15:25.601+0600][20.646s][info][gc,phases      ] GC(80)   Post Evacuate Collection Set: 0.73ms
[2026-04-03T03:15:25.601+0600][20.646s][info][gc,phases      ] GC(80)   Other: 0.20ms
[2026-04-03T03:15:25.602+0600][20.646s][info][gc,heap        ] GC(80) Eden regions: 75->0(75)
[2026-04-03T03:15:25.602+0600][20.646s][info][gc,heap        ] GC(80) Survivor regions: 1->1(10)
[2026-04-03T03:15:25.602+0600][20.646s][info][gc,heap        ] GC(80) Old regions: 29->29
[2026-04-03T03:15:25.602+0600][20.646s][info][gc,heap        ] GC(80) Humongous regions: 8->8
[2026-04-03T03:15:25.602+0600][20.646s][info][gc,metaspace   ] GC(80) Metaspace: 66571K(67520K)->66571K(67520K) NonClass: 58221K(58752K)->58221K(58752K) Class: 8350K(8768K)->8350K(8768K)
[2026-04-03T03:15:25.602+0600][20.646s][info][gc             ] GC(80) Pause Young (Concurrent Start) (G1 Evacuation Pause) 111M->36M(127M) 2.632ms
[2026-04-03T03:15:25.602+0600][20.646s][info][gc,cpu         ] GC(80) User=0.01s Sys=0.00s Real=0.01s
[2026-04-03T03:15:25.602+0600][20.646s][info][gc             ] GC(81) Concurrent Mark Cycle
[2026-04-03T03:15:25.602+0600][20.646s][info][gc,marking     ] GC(81) Concurrent Scan Root Regions
[2026-04-03T03:15:25.602+0600][20.646s][info][gc,marking     ] GC(81) Concurrent Scan Root Regions 0.697ms
[2026-04-03T03:15:25.602+0600][20.646s][info][gc,marking     ] GC(81) Concurrent Mark
[2026-04-03T03:15:25.602+0600][20.646s][info][gc,marking     ] GC(81) Concurrent Mark From Roots
[2026-04-03T03:15:25.602+0600][20.646s][info][gc,task        ] GC(81) Using 3 workers of 3 for marking
[2026-04-03T03:15:25.622+0600][20.666s][info][gc,marking     ] GC(81) Concurrent Mark From Roots 19.331ms
[2026-04-03T03:15:25.622+0600][20.666s][info][gc,marking     ] GC(81) Concurrent Preclean
[2026-04-03T03:15:25.622+0600][20.666s][info][gc,marking     ] GC(81) Concurrent Preclean 0.130ms
[2026-04-03T03:15:25.622+0600][20.666s][info][gc,start       ] GC(81) Pause Remark
[2026-04-03T03:15:25.627+0600][20.671s][info][gc             ] GC(81) Pause Remark 74M->74M(127M) 4.859ms
[2026-04-03T03:15:25.627+0600][20.671s][info][gc,cpu         ] GC(81) User=0.02s Sys=0.00s Real=0.00s
[2026-04-03T03:15:25.627+0600][20.671s][info][gc,marking     ] GC(81) Concurrent Mark 24.920ms
[2026-04-03T03:15:25.627+0600][20.671s][info][gc,marking     ] GC(81) Concurrent Rebuild Remembered Sets and Scrub Regions
[2026-04-03T03:15:25.635+0600][20.679s][info][gc,marking     ] GC(81) Concurrent Rebuild Remembered Sets and Scrub Regions 8.016ms
[2026-04-03T03:15:25.636+0600][20.680s][info][gc,start       ] GC(81) Pause Cleanup
[2026-04-03T03:15:25.636+0600][20.680s][info][gc             ] GC(81) Pause Cleanup 91M->91M(127M) 0.224ms
[2026-04-03T03:15:25.636+0600][20.680s][info][gc,cpu         ] GC(81) User=0.00s Sys=0.00s Real=0.00s
[2026-04-03T03:15:25.636+0600][20.680s][info][gc,marking     ] GC(81) Concurrent Clear Claimed Marks
[2026-04-03T03:15:25.636+0600][20.680s][info][gc,marking     ] GC(81) Concurrent Clear Claimed Marks 0.142ms
[2026-04-03T03:15:25.636+0600][20.680s][info][gc,marking     ] GC(81) Concurrent Cleanup for Next Mark
[2026-04-03T03:15:25.636+0600][20.681s][info][gc,marking     ] GC(81) Concurrent Cleanup for Next Mark 0.302ms
[2026-04-03T03:15:25.637+0600][20.681s][info][gc             ] GC(81) Concurrent Mark Cycle 34.946ms
[2026-04-03T03:15:25.646+0600][20.690s][info][gc,start       ] GC(82) Pause Young (Prepare Mixed) (G1 Evacuation Pause)
[2026-04-03T03:15:25.646+0600][20.690s][info][gc,task        ] GC(82) Using 3 workers of 10 for evacuation
[2026-04-03T03:15:25.648+0600][20.692s][info][gc,phases      ] GC(82)   Pre Evacuate Collection Set: 0.45ms
[2026-04-03T03:15:25.648+0600][20.692s][info][gc,phases      ] GC(82)   Merge Heap Roots: 0.09ms
[2026-04-03T03:15:25.648+0600][20.692s][info][gc,phases      ] GC(82)   Evacuate Collection Set: 0.78ms
[2026-04-03T03:15:25.648+0600][20.692s][info][gc,phases      ] GC(82)   Post Evacuate Collection Set: 0.68ms
[2026-04-03T03:15:25.648+0600][20.692s][info][gc,phases      ] GC(82)   Other: 0.07ms
[2026-04-03T03:15:25.648+0600][20.692s][info][gc,heap        ] GC(82) Eden regions: 75->0(75)
[2026-04-03T03:15:25.648+0600][20.692s][info][gc,heap        ] GC(82) Survivor regions: 1->1(10)
[2026-04-03T03:15:25.648+0600][20.692s][info][gc,heap        ] GC(82) Old regions: 29->29
[2026-04-03T03:15:25.648+0600][20.692s][info][gc,heap        ] GC(82) Humongous regions: 8->8
[2026-04-03T03:15:25.648+0600][20.692s][info][gc,metaspace   ] GC(82) Metaspace: 66571K(67520K)->66571K(67520K) NonClass: 58221K(58752K)->58221K(58752K) Class: 8350K(8768K)->8350K(8768K)
[2026-04-03T03:15:25.648+0600][20.692s][info][gc             ] GC(82) Pause Young (Prepare Mixed) (G1 Evacuation Pause) 111M->36M(127M) 2.280ms
[2026-04-03T03:15:25.648+0600][20.692s][info][gc,cpu         ] GC(82) User=0.01s Sys=0.00s Real=0.00s
[2026-04-03T03:15:25.681+0600][20.725s][info][gc,start       ] GC(83) Pause Young (Mixed) (G1 Evacuation Pause)
[2026-04-03T03:15:25.681+0600][20.725s][info][gc,task        ] GC(83) Using 3 workers of 10 for evacuation
[2026-04-03T03:15:25.684+0600][20.728s][info][gc,phases      ] GC(83)   Pre Evacuate Collection Set: 0.27ms
[2026-04-03T03:15:25.684+0600][20.728s][info][gc,phases      ] GC(83)   Merge Heap Roots: 0.17ms
[2026-04-03T03:15:25.684+0600][20.728s][info][gc,phases      ] GC(83)   Evacuate Collection Set: 1.37ms
[2026-04-03T03:15:25.684+0600][20.728s][info][gc,phases      ] GC(83)   Post Evacuate Collection Set: 0.56ms
[2026-04-03T03:15:25.684+0600][20.728s][info][gc,phases      ] GC(83)   Other: 0.07ms
[2026-04-03T03:15:25.684+0600][20.728s][info][gc,heap        ] GC(83) Eden regions: 75->0(75)
[2026-04-03T03:15:25.684+0600][20.728s][info][gc,heap        ] GC(83) Survivor regions: 1->1(10)
[2026-04-03T03:15:25.684+0600][20.728s][info][gc,heap        ] GC(83) Old regions: 29->29
[2026-04-03T03:15:25.684+0600][20.728s][info][gc,heap        ] GC(83) Humongous regions: 8->8
[2026-04-03T03:15:25.684+0600][20.728s][info][gc,metaspace   ] GC(83) Metaspace: 66573K(67520K)->66573K(67520K) NonClass: 58222K(58752K)->58222K(58752K) Class: 8350K(8768K)->8350K(8768K)
[2026-04-03T03:15:25.684+0600][20.728s][info][gc             ] GC(83) Pause Young (Mixed) (G1 Evacuation Pause) 111M->36M(127M) 2.645ms
[2026-04-03T03:15:25.684+0600][20.728s][info][gc,cpu         ] GC(83) User=0.00s Sys=0.00s Real=0.00s
[2026-04-03T03:15:25.717+0600][20.761s][info][gc,start       ] GC(84) Pause Young (Concurrent Start) (G1 Evacuation Pause)
[2026-04-03T03:15:25.717+0600][20.761s][info][gc,task        ] GC(84) Using 3 workers of 10 for evacuation
[2026-04-03T03:15:25.719+0600][20.764s][info][gc,phases      ] GC(84)   Pre Evacuate Collection Set: 0.31ms
[2026-04-03T03:15:25.719+0600][20.764s][info][gc,phases      ] GC(84)   Merge Heap Roots: 0.18ms
[2026-04-03T03:15:25.719+0600][20.764s][info][gc,phases      ] GC(84)   Evacuate Collection Set: 0.89ms
[2026-04-03T03:15:25.720+0600][20.764s][info][gc,phases      ] GC(84)   Post Evacuate Collection Set: 1.01ms
[2026-04-03T03:15:25.720+0600][20.764s][info][gc,phases      ] GC(84)   Other: 0.17ms
[2026-04-03T03:15:25.720+0600][20.764s][info][gc,heap        ] GC(84) Eden regions: 75->0(150)
[2026-04-03T03:15:25.720+0600][20.764s][info][gc,heap        ] GC(84) Survivor regions: 1->1(10)
[2026-04-03T03:15:25.720+0600][20.764s][info][gc,heap        ] GC(84) Old regions: 29->29
[2026-04-03T03:15:25.720+0600][20.764s][info][gc,heap        ] GC(84) Humongous regions: 8->8
[2026-04-03T03:15:25.720+0600][20.764s][info][gc,metaspace   ] GC(84) Metaspace: 66573K(67520K)->66573K(67520K) NonClass: 58223K(58752K)->58223K(58752K) Class: 8350K(8768K)->8350K(8768K)
[2026-04-03T03:15:25.720+0600][20.764s][info][gc             ] GC(84) Pause Young (Concurrent Start) (G1 Evacuation Pause) 111M->36M(252M) 2.759ms
[2026-04-03T03:15:25.720+0600][20.764s][info][gc,cpu         ] GC(84) User=0.00s Sys=0.00s Real=0.00s
[2026-04-03T03:15:25.720+0600][20.764s][info][gc             ] GC(85) Concurrent Mark Cycle
[2026-04-03T03:15:25.720+0600][20.764s][info][gc,marking     ] GC(85) Concurrent Scan Root Regions
[2026-04-03T03:15:25.720+0600][20.764s][info][gc,marking     ] GC(85) Concurrent Scan Root Regions 0.566ms
[2026-04-03T03:15:25.720+0600][20.764s][info][gc,marking     ] GC(85) Concurrent Mark
[2026-04-03T03:15:25.720+0600][20.764s][info][gc,marking     ] GC(85) Concurrent Mark From Roots
[2026-04-03T03:15:25.720+0600][20.764s][info][gc,task        ] GC(85) Using 3 workers of 3 for marking
[2026-04-03T03:15:25.737+0600][20.781s][info][gc,marking     ] GC(85) Concurrent Mark From Roots 16.652ms
[2026-04-03T03:15:25.737+0600][20.781s][info][gc,marking     ] GC(85) Concurrent Preclean
[2026-04-03T03:15:25.737+0600][20.781s][info][gc,marking     ] GC(85) Concurrent Preclean 0.157ms
[2026-04-03T03:15:25.737+0600][20.781s][info][gc,start       ] GC(85) Pause Remark
[2026-04-03T03:15:25.743+0600][20.787s][info][gc             ] GC(85) Pause Remark 66M->66M(127M) 5.351ms
[2026-04-03T03:15:25.743+0600][20.787s][info][gc,cpu         ] GC(85) User=0.01s Sys=0.00s Real=0.01s
[2026-04-03T03:15:25.743+0600][20.787s][info][gc,marking     ] GC(85) Concurrent Mark 22.662ms
[2026-04-03T03:15:25.743+0600][20.787s][info][gc,marking     ] GC(85) Concurrent Rebuild Remembered Sets and Scrub Regions
[2026-04-03T03:15:25.751+0600][20.795s][info][gc,marking     ] GC(85) Concurrent Rebuild Remembered Sets and Scrub Regions 8.131ms
[2026-04-03T03:15:25.751+0600][20.795s][info][gc,start       ] GC(85) Pause Cleanup
[2026-04-03T03:15:25.752+0600][20.796s][info][gc             ] GC(85) Pause Cleanup 80M->80M(127M) 0.259ms
[2026-04-03T03:15:25.752+0600][20.796s][info][gc,cpu         ] GC(85) User=0.00s Sys=0.00s Real=0.00s
[2026-04-03T03:15:25.752+0600][20.796s][info][gc,marking     ] GC(85) Concurrent Clear Claimed Marks
[2026-04-03T03:15:25.752+0600][20.796s][info][gc,marking     ] GC(85) Concurrent Clear Claimed Marks 0.172ms
[2026-04-03T03:15:25.752+0600][20.796s][info][gc,marking     ] GC(85) Concurrent Cleanup for Next Mark
[2026-04-03T03:15:25.752+0600][20.797s][info][gc,marking     ] GC(85) Concurrent Cleanup for Next Mark 0.403ms
[2026-04-03T03:15:25.752+0600][20.797s][info][gc             ] GC(85) Concurrent Mark Cycle 32.855ms
[2026-04-03T03:15:25.771+0600][20.815s][info][gc,start       ] GC(86) Pause Young (Prepare Mixed) (G1 Evacuation Pause)
[2026-04-03T03:15:25.771+0600][20.815s][info][gc,task        ] GC(86) Using 3 workers of 10 for evacuation
[2026-04-03T03:15:25.772+0600][20.817s][info][gc,phases      ] GC(86)   Pre Evacuate Collection Set: 0.32ms
[2026-04-03T03:15:25.772+0600][20.817s][info][gc,phases      ] GC(86)   Merge Heap Roots: 0.18ms
[2026-04-03T03:15:25.772+0600][20.817s][info][gc,phases      ] GC(86)   Evacuate Collection Set: 0.76ms
[2026-04-03T03:15:25.772+0600][20.817s][info][gc,phases      ] GC(86)   Post Evacuate Collection Set: 0.43ms
[2026-04-03T03:15:25.773+0600][20.817s][info][gc,phases      ] GC(86)   Other: 0.10ms
[2026-04-03T03:15:25.773+0600][20.817s][info][gc,heap        ] GC(86) Eden regions: 84->0(75)
[2026-04-03T03:15:25.773+0600][20.817s][info][gc,heap        ] GC(86) Survivor regions: 1->1(11)
[2026-04-03T03:15:25.773+0600][20.817s][info][gc,heap        ] GC(86) Old regions: 29->30
[2026-04-03T03:15:25.773+0600][20.817s][info][gc,heap        ] GC(86) Humongous regions: 8->8
[2026-04-03T03:15:25.773+0600][20.817s][info][gc,metaspace   ] GC(86) Metaspace: 66573K(67520K)->66573K(67520K) NonClass: 58223K(58752K)->58223K(58752K) Class: 8350K(8768K)->8350K(8768K)
[2026-04-03T03:15:25.773+0600][20.817s][info][gc             ] GC(86) Pause Young (Prepare Mixed) (G1 Evacuation Pause) 120M->36M(127M) 1.960ms
[2026-04-03T03:15:25.773+0600][20.817s][info][gc,cpu         ] GC(86) User=0.01s Sys=0.00s Real=0.00s
[2026-04-03T03:15:25.805+0600][20.849s][info][gc,start       ] GC(87) Pause Young (Mixed) (G1 Evacuation Pause)
[2026-04-03T03:15:25.805+0600][20.849s][info][gc,task        ] GC(87) Using 3 workers of 10 for evacuation
[2026-04-03T03:15:25.808+0600][20.852s][info][gc,phases      ] GC(87)   Pre Evacuate Collection Set: 0.36ms
[2026-04-03T03:15:25.808+0600][20.852s][info][gc,phases      ] GC(87)   Merge Heap Roots: 0.20ms
[2026-04-03T03:15:25.808+0600][20.852s][info][gc,phases      ] GC(87)   Evacuate Collection Set: 1.57ms
[2026-04-03T03:15:25.808+0600][20.852s][info][gc,phases      ] GC(87)   Post Evacuate Collection Set: 0.43ms
[2026-04-03T03:15:25.808+0600][20.852s][info][gc,phases      ] GC(87)   Other: 0.08ms
[2026-04-03T03:15:25.808+0600][20.852s][info][gc,heap        ] GC(87) Eden regions: 75->0(75)
[2026-04-03T03:15:25.808+0600][20.852s][info][gc,heap        ] GC(87) Survivor regions: 1->1(10)
[2026-04-03T03:15:25.808+0600][20.852s][info][gc,heap        ] GC(87) Old regions: 30->29
[2026-04-03T03:15:25.808+0600][20.852s][info][gc,heap        ] GC(87) Humongous regions: 8->8
[2026-04-03T03:15:25.808+0600][20.852s][info][gc,metaspace   ] GC(87) Metaspace: 66573K(67520K)->66573K(67520K) NonClass: 58223K(58752K)->58223K(58752K) Class: 8350K(8768K)->8350K(8768K)
[2026-04-03T03:15:25.808+0600][20.852s][info][gc             ] GC(87) Pause Young (Mixed) (G1 Evacuation Pause) 111M->36M(127M) 2.910ms
[2026-04-03T03:15:25.808+0600][20.852s][info][gc,cpu         ] GC(87) User=0.00s Sys=0.00s Real=0.00s
[2026-04-03T03:15:25.841+0600][20.886s][info][gc,start       ] GC(88) Pause Young (Concurrent Start) (G1 Evacuation Pause)
[2026-04-03T03:15:25.842+0600][20.886s][info][gc,task        ] GC(88) Using 3 workers of 10 for evacuation
[2026-04-03T03:15:25.844+0600][20.888s][info][gc,phases      ] GC(88)   Pre Evacuate Collection Set: 0.32ms
[2026-04-03T03:15:25.844+0600][20.888s][info][gc,phases      ] GC(88)   Merge Heap Roots: 0.18ms
[2026-04-03T03:15:25.844+0600][20.888s][info][gc,phases      ] GC(88)   Evacuate Collection Set: 1.05ms
[2026-04-03T03:15:25.844+0600][20.888s][info][gc,phases      ] GC(88)   Post Evacuate Collection Set: 0.70ms
[2026-04-03T03:15:25.844+0600][20.888s][info][gc,phases      ] GC(88)   Other: 0.35ms
[2026-04-03T03:15:25.844+0600][20.888s][info][gc,heap        ] GC(88) Eden regions: 75->0(75)
[2026-04-03T03:15:25.844+0600][20.888s][info][gc,heap        ] GC(88) Survivor regions: 1->1(10)
[2026-04-03T03:15:25.844+0600][20.888s][info][gc,heap        ] GC(88) Old regions: 29->29
[2026-04-03T03:15:25.844+0600][20.888s][info][gc,heap        ] GC(88) Humongous regions: 8->8
[2026-04-03T03:15:25.844+0600][20.888s][info][gc,metaspace   ] GC(88) Metaspace: 66573K(67520K)->66573K(67520K) NonClass: 58223K(58752K)->58223K(58752K) Class: 8350K(8768K)->8350K(8768K)
[2026-04-03T03:15:25.844+0600][20.888s][info][gc             ] GC(88) Pause Young (Concurrent Start) (G1 Evacuation Pause) 111M->36M(127M) 2.905ms
[2026-04-03T03:15:25.844+0600][20.888s][info][gc,cpu         ] GC(88) User=0.01s Sys=0.00s Real=0.00s
[2026-04-03T03:15:25.844+0600][20.889s][info][gc             ] GC(89) Concurrent Mark Cycle
[2026-04-03T03:15:25.844+0600][20.889s][info][gc,marking     ] GC(89) Concurrent Scan Root Regions
[2026-04-03T03:15:25.845+0600][20.889s][info][gc,marking     ] GC(89) Concurrent Scan Root Regions 0.764ms
[2026-04-03T03:15:25.845+0600][20.889s][info][gc,marking     ] GC(89) Concurrent Mark
[2026-04-03T03:15:25.845+0600][20.889s][info][gc,marking     ] GC(89) Concurrent Mark From Roots
[2026-04-03T03:15:25.845+0600][20.889s][info][gc,task        ] GC(89) Using 3 workers of 3 for marking
[2026-04-03T03:15:25.864+0600][20.908s][info][gc,marking     ] GC(89) Concurrent Mark From Roots 18.257ms
[2026-04-03T03:15:25.864+0600][20.908s][info][gc,marking     ] GC(89) Concurrent Preclean
[2026-04-03T03:15:25.864+0600][20.908s][info][gc,marking     ] GC(89) Concurrent Preclean 0.164ms
[2026-04-03T03:15:25.864+0600][20.908s][info][gc,start       ] GC(89) Pause Remark
[2026-04-03T03:15:25.870+0600][20.914s][info][gc             ] GC(89) Pause Remark 67M->67M(127M) 5.568ms
[2026-04-03T03:15:25.870+0600][20.914s][info][gc,cpu         ] GC(89) User=0.01s Sys=0.00s Real=0.00s
[2026-04-03T03:15:25.870+0600][20.914s][info][gc,marking     ] GC(89) Concurrent Mark 24.563ms
[2026-04-03T03:15:25.870+0600][20.914s][info][gc,marking     ] GC(89) Concurrent Rebuild Remembered Sets and Scrub Regions
[2026-04-03T03:15:25.878+0600][20.922s][info][gc,marking     ] GC(89) Concurrent Rebuild Remembered Sets and Scrub Regions 8.443ms
[2026-04-03T03:15:25.879+0600][20.923s][info][gc,start       ] GC(89) Pause Cleanup
[2026-04-03T03:15:25.879+0600][20.923s][info][gc             ] GC(89) Pause Cleanup 83M->83M(127M) 0.236ms
[2026-04-03T03:15:25.879+0600][20.923s][info][gc,cpu         ] GC(89) User=0.00s Sys=0.00s Real=0.00s
[2026-04-03T03:15:25.879+0600][20.923s][info][gc,marking     ] GC(89) Concurrent Clear Claimed Marks
[2026-04-03T03:15:25.879+0600][20.923s][info][gc,marking     ] GC(89) Concurrent Clear Claimed Marks 0.134ms
[2026-04-03T03:15:25.879+0600][20.923s][info][gc,marking     ] GC(89) Concurrent Cleanup for Next Mark
[2026-04-03T03:15:25.879+0600][20.924s][info][gc,marking     ] GC(89) Concurrent Cleanup for Next Mark 0.334ms
[2026-04-03T03:15:25.880+0600][20.924s][info][gc             ] GC(89) Concurrent Mark Cycle 35.087ms
[2026-04-03T03:15:25.892+0600][20.936s][info][gc,start       ] GC(90) Pause Young (Prepare Mixed) (G1 Evacuation Pause)
[2026-04-03T03:15:25.892+0600][20.936s][info][gc,task        ] GC(90) Using 3 workers of 10 for evacuation
[2026-04-03T03:15:25.895+0600][20.939s][info][gc,phases      ] GC(90)   Pre Evacuate Collection Set: 0.49ms
[2026-04-03T03:15:25.895+0600][20.939s][info][gc,phases      ] GC(90)   Merge Heap Roots: 0.23ms
[2026-04-03T03:15:25.895+0600][20.939s][info][gc,phases      ] GC(90)   Evacuate Collection Set: 0.72ms
[2026-04-03T03:15:25.895+0600][20.939s][info][gc,phases      ] GC(90)   Post Evacuate Collection Set: 0.54ms
[2026-04-03T03:15:25.895+0600][20.939s][info][gc,phases      ] GC(90)   Other: 0.20ms
[2026-04-03T03:15:25.895+0600][20.939s][info][gc,heap        ] GC(90) Eden regions: 75->0(75)
[2026-04-03T03:15:25.895+0600][20.939s][info][gc,heap        ] GC(90) Survivor regions: 1->1(10)
[2026-04-03T03:15:25.895+0600][20.939s][info][gc,heap        ] GC(90) Old regions: 29->29
[2026-04-03T03:15:25.895+0600][20.939s][info][gc,heap        ] GC(90) Humongous regions: 8->8
[2026-04-03T03:15:25.895+0600][20.939s][info][gc,metaspace   ] GC(90) Metaspace: 66573K(67520K)->66573K(67520K) NonClass: 58223K(58752K)->58223K(58752K) Class: 8350K(8768K)->8350K(8768K)
[2026-04-03T03:15:25.895+0600][20.939s][info][gc             ] GC(90) Pause Young (Prepare Mixed) (G1 Evacuation Pause) 111M->36M(127M) 2.450ms
[2026-04-03T03:15:25.895+0600][20.939s][info][gc,cpu         ] GC(90) User=0.00s Sys=0.01s Real=0.00s
[2026-04-03T03:15:25.928+0600][20.972s][info][gc,start       ] GC(91) Pause Young (Mixed) (G1 Evacuation Pause)
[2026-04-03T03:15:25.928+0600][20.972s][info][gc,task        ] GC(91) Using 3 workers of 10 for evacuation
[2026-04-03T03:15:25.931+0600][20.975s][info][gc,phases      ] GC(91)   Pre Evacuate Collection Set: 0.31ms
[2026-04-03T03:15:25.931+0600][20.975s][info][gc,phases      ] GC(91)   Merge Heap Roots: 0.23ms
[2026-04-03T03:15:25.931+0600][20.975s][info][gc,phases      ] GC(91)   Evacuate Collection Set: 1.58ms
[2026-04-03T03:15:25.931+0600][20.975s][info][gc,phases      ] GC(91)   Post Evacuate Collection Set: 0.95ms
[2026-04-03T03:15:25.931+0600][20.975s][info][gc,phases      ] GC(91)   Other: 0.08ms
[2026-04-03T03:15:25.931+0600][20.975s][info][gc,heap        ] GC(91) Eden regions: 75->0(75)
[2026-04-03T03:15:25.931+0600][20.975s][info][gc,heap        ] GC(91) Survivor regions: 1->1(10)
[2026-04-03T03:15:25.931+0600][20.975s][info][gc,heap        ] GC(91) Old regions: 29->29
[2026-04-03T03:15:25.931+0600][20.975s][info][gc,heap        ] GC(91) Humongous regions: 8->8
[2026-04-03T03:15:25.931+0600][20.975s][info][gc,metaspace   ] GC(91) Metaspace: 66573K(67520K)->66573K(67520K) NonClass: 58223K(58752K)->58223K(58752K) Class: 8350K(8768K)->8350K(8768K)
[2026-04-03T03:15:25.931+0600][20.975s][info][gc             ] GC(91) Pause Young (Mixed) (G1 Evacuation Pause) 111M->36M(127M) 3.336ms
[2026-04-03T03:15:25.931+0600][20.975s][info][gc,cpu         ] GC(91) User=0.01s Sys=0.00s Real=0.01s
[2026-04-03T03:15:25.963+0600][21.007s][info][gc,start       ] GC(92) Pause Young (Concurrent Start) (G1 Evacuation Pause)
[2026-04-03T03:15:25.963+0600][21.007s][info][gc,task        ] GC(92) Using 3 workers of 10 for evacuation
[2026-04-03T03:15:25.966+0600][21.010s][info][gc,phases      ] GC(92)   Pre Evacuate Collection Set: 0.49ms
[2026-04-03T03:15:25.966+0600][21.010s][info][gc,phases      ] GC(92)   Merge Heap Roots: 0.29ms
[2026-04-03T03:15:25.966+0600][21.010s][info][gc,phases      ] GC(92)   Evacuate Collection Set: 0.88ms
[2026-04-03T03:15:25.966+0600][21.010s][info][gc,phases      ] GC(92)   Post Evacuate Collection Set: 1.20ms
[2026-04-03T03:15:25.966+0600][21.011s][info][gc,phases      ] GC(92)   Other: 0.27ms
[2026-04-03T03:15:25.966+0600][21.011s][info][gc,heap        ] GC(92) Eden regions: 75->0(141)
[2026-04-03T03:15:25.966+0600][21.011s][info][gc,heap        ] GC(92) Survivor regions: 1->1(10)
[2026-04-03T03:15:25.966+0600][21.011s][info][gc,heap        ] GC(92) Old regions: 29->29
[2026-04-03T03:15:25.966+0600][21.011s][info][gc,heap        ] GC(92) Humongous regions: 8->8
[2026-04-03T03:15:25.966+0600][21.011s][info][gc,metaspace   ] GC(92) Metaspace: 66573K(67520K)->66573K(67520K) NonClass: 58223K(58752K)->58223K(58752K) Class: 8350K(8768K)->8350K(8768K)
[2026-04-03T03:15:25.966+0600][21.011s][info][gc             ] GC(92) Pause Young (Concurrent Start) (G1 Evacuation Pause) 111M->36M(238M) 3.313ms
[2026-04-03T03:15:25.967+0600][21.011s][info][gc,cpu         ] GC(92) User=0.00s Sys=0.00s Real=0.00s
[2026-04-03T03:15:25.967+0600][21.011s][info][gc             ] GC(93) Concurrent Mark Cycle
[2026-04-03T03:15:25.967+0600][21.011s][info][gc,marking     ] GC(93) Concurrent Scan Root Regions
[2026-04-03T03:15:25.967+0600][21.012s][info][gc,marking     ] GC(93) Concurrent Scan Root Regions 0.808ms
[2026-04-03T03:15:25.967+0600][21.012s][info][gc,marking     ] GC(93) Concurrent Mark
[2026-04-03T03:15:25.967+0600][21.012s][info][gc,marking     ] GC(93) Concurrent Mark From Roots
[2026-04-03T03:15:25.967+0600][21.012s][info][gc,task        ] GC(93) Using 3 workers of 3 for marking
[2026-04-03T03:15:25.986+0600][21.030s][info][gc,marking     ] GC(93) Concurrent Mark From Roots 18.611ms
[2026-04-03T03:15:25.986+0600][21.030s][info][gc,marking     ] GC(93) Concurrent Preclean
[2026-04-03T03:15:25.986+0600][21.030s][info][gc,marking     ] GC(93) Concurrent Preclean 0.137ms
[2026-04-03T03:15:25.987+0600][21.031s][info][gc,start       ] GC(93) Pause Remark
[2026-04-03T03:15:25.992+0600][21.036s][info][gc             ] GC(93) Pause Remark 68M->68M(127M) 5.104ms
[2026-04-03T03:15:25.992+0600][21.036s][info][gc,cpu         ] GC(93) User=0.01s Sys=0.00s Real=0.01s
[2026-04-03T03:15:25.992+0600][21.036s][info][gc,marking     ] GC(93) Concurrent Mark 24.435ms
[2026-04-03T03:15:25.992+0600][21.036s][info][gc,marking     ] GC(93) Concurrent Rebuild Remembered Sets and Scrub Regions
[2026-04-03T03:15:26.001+0600][21.045s][info][gc,marking     ] GC(93) Concurrent Rebuild Remembered Sets and Scrub Regions 8.770ms
[2026-04-03T03:15:26.001+0600][21.045s][info][gc,start       ] GC(93) Pause Cleanup
[2026-04-03T03:15:26.001+0600][21.045s][info][gc             ] GC(93) Pause Cleanup 86M->86M(127M) 0.145ms
[2026-04-03T03:15:26.001+0600][21.045s][info][gc,cpu         ] GC(93) User=0.00s Sys=0.00s Real=0.00s
[2026-04-03T03:15:26.001+0600][21.045s][info][gc,marking     ] GC(93) Concurrent Clear Claimed Marks
[2026-04-03T03:15:26.001+0600][21.045s][info][gc,marking     ] GC(93) Concurrent Clear Claimed Marks 0.134ms
[2026-04-03T03:15:26.001+0600][21.045s][info][gc,marking     ] GC(93) Concurrent Cleanup for Next Mark
[2026-04-03T03:15:26.002+0600][21.046s][info][gc,marking     ] GC(93) Concurrent Cleanup for Next Mark 0.379ms
[2026-04-03T03:15:26.002+0600][21.046s][info][gc             ] GC(93) Concurrent Mark Cycle 35.247ms
[2026-04-03T03:15:26.018+0600][21.062s][info][gc,start       ] GC(94) Pause Young (Prepare Mixed) (G1 Evacuation Pause)
[2026-04-03T03:15:26.018+0600][21.062s][info][gc,task        ] GC(94) Using 3 workers of 10 for evacuation
[2026-04-03T03:15:26.020+0600][21.064s][info][gc,phases      ] GC(94)   Pre Evacuate Collection Set: 0.39ms
[2026-04-03T03:15:26.020+0600][21.064s][info][gc,phases      ] GC(94)   Merge Heap Roots: 0.10ms
[2026-04-03T03:15:26.020+0600][21.064s][info][gc,phases      ] GC(94)   Evacuate Collection Set: 0.78ms
[2026-04-03T03:15:26.020+0600][21.064s][info][gc,phases      ] GC(94)   Post Evacuate Collection Set: 0.69ms
[2026-04-03T03:15:26.020+0600][21.064s][info][gc,phases      ] GC(94)   Other: 0.08ms
[2026-04-03T03:15:26.020+0600][21.064s][info][gc,heap        ] GC(94) Eden regions: 84->0(75)
[2026-04-03T03:15:26.020+0600][21.064s][info][gc,heap        ] GC(94) Survivor regions: 1->1(11)
[2026-04-03T03:15:26.020+0600][21.064s][info][gc,heap        ] GC(94) Old regions: 29->29
[2026-04-03T03:15:26.020+0600][21.064s][info][gc,heap        ] GC(94) Humongous regions: 8->8
[2026-04-03T03:15:26.020+0600][21.064s][info][gc,metaspace   ] GC(94) Metaspace: 66573K(67520K)->66573K(67520K) NonClass: 58223K(58752K)->58223K(58752K) Class: 8350K(8768K)->8350K(8768K)
[2026-04-03T03:15:26.020+0600][21.064s][info][gc             ] GC(94) Pause Young (Prepare Mixed) (G1 Evacuation Pause) 120M->36M(127M) 2.256ms
[2026-04-03T03:15:26.020+0600][21.064s][info][gc,cpu         ] GC(94) User=0.00s Sys=0.00s Real=0.01s
[2026-04-03T03:15:26.055+0600][21.099s][info][gc,start       ] GC(95) Pause Young (Mixed) (G1 Evacuation Pause)
[2026-04-03T03:15:26.055+0600][21.099s][info][gc,task        ] GC(95) Using 3 workers of 10 for evacuation
[2026-04-03T03:15:26.057+0600][21.101s][info][gc,phases      ] GC(95)   Pre Evacuate Collection Set: 0.34ms
[2026-04-03T03:15:26.057+0600][21.101s][info][gc,phases      ] GC(95)   Merge Heap Roots: 0.14ms
[2026-04-03T03:15:26.057+0600][21.101s][info][gc,phases      ] GC(95)   Evacuate Collection Set: 1.38ms
[2026-04-03T03:15:26.057+0600][21.101s][info][gc,phases      ] GC(95)   Post Evacuate Collection Set: 0.67ms
[2026-04-03T03:15:26.057+0600][21.102s][info][gc,phases      ] GC(95)   Other: 0.10ms
[2026-04-03T03:15:26.057+0600][21.102s][info][gc,heap        ] GC(95) Eden regions: 75->0(75)
[2026-04-03T03:15:26.057+0600][21.102s][info][gc,heap        ] GC(95) Survivor regions: 1->1(10)
[2026-04-03T03:15:26.057+0600][21.102s][info][gc,heap        ] GC(95) Old regions: 29->29
[2026-04-03T03:15:26.057+0600][21.102s][info][gc,heap        ] GC(95) Humongous regions: 8->8
[2026-04-03T03:15:26.057+0600][21.102s][info][gc,metaspace   ] GC(95) Metaspace: 66573K(67520K)->66573K(67520K) NonClass: 58223K(58752K)->58223K(58752K) Class: 8350K(8768K)->8350K(8768K)
[2026-04-03T03:15:26.057+0600][21.102s][info][gc             ] GC(95) Pause Young (Mixed) (G1 Evacuation Pause) 111M->36M(127M) 2.881ms
[2026-04-03T03:15:26.058+0600][21.102s][info][gc,cpu         ] GC(95) User=0.01s Sys=0.00s Real=0.00s
[2026-04-03T03:15:26.092+0600][21.136s][info][gc,start       ] GC(96) Pause Young (Concurrent Start) (G1 Evacuation Pause)
[2026-04-03T03:15:26.092+0600][21.136s][info][gc,task        ] GC(96) Using 3 workers of 10 for evacuation
[2026-04-03T03:15:26.095+0600][21.139s][info][gc,phases      ] GC(96)   Pre Evacuate Collection Set: 0.26ms
[2026-04-03T03:15:26.095+0600][21.139s][info][gc,phases      ] GC(96)   Merge Heap Roots: 0.06ms
[2026-04-03T03:15:26.095+0600][21.139s][info][gc,phases      ] GC(96)   Evacuate Collection Set: 1.37ms
[2026-04-03T03:15:26.095+0600][21.139s][info][gc,phases      ] GC(96)   Post Evacuate Collection Set: 0.89ms
[2026-04-03T03:15:26.095+0600][21.139s][info][gc,phases      ] GC(96)   Other: 0.12ms
[2026-04-03T03:15:26.095+0600][21.139s][info][gc,heap        ] GC(96) Eden regions: 75->0(75)
[2026-04-03T03:15:26.095+0600][21.139s][info][gc,heap        ] GC(96) Survivor regions: 1->1(10)
[2026-04-03T03:15:26.095+0600][21.139s][info][gc,heap        ] GC(96) Old regions: 29->29
[2026-04-03T03:15:26.095+0600][21.139s][info][gc,heap        ] GC(96) Humongous regions: 8->8
[2026-04-03T03:15:26.095+0600][21.139s][info][gc,metaspace   ] GC(96) Metaspace: 66573K(67520K)->66573K(67520K) NonClass: 58223K(58752K)->58223K(58752K) Class: 8350K(8768K)->8350K(8768K)
[2026-04-03T03:15:26.095+0600][21.139s][info][gc             ] GC(96) Pause Young (Concurrent Start) (G1 Evacuation Pause) 111M->36M(127M) 2.989ms
[2026-04-03T03:15:26.095+0600][21.139s][info][gc,cpu         ] GC(96) User=0.01s Sys=0.00s Real=0.00s
[2026-04-03T03:15:26.095+0600][21.139s][info][gc             ] GC(97) Concurrent Mark Cycle
[2026-04-03T03:15:26.095+0600][21.139s][info][gc,marking     ] GC(97) Concurrent Scan Root Regions
[2026-04-03T03:15:26.096+0600][21.140s][info][gc,marking     ] GC(97) Concurrent Scan Root Regions 0.991ms
[2026-04-03T03:15:26.096+0600][21.140s][info][gc,marking     ] GC(97) Concurrent Mark
[2026-04-03T03:15:26.096+0600][21.140s][info][gc,marking     ] GC(97) Concurrent Mark From Roots
[2026-04-03T03:15:26.096+0600][21.140s][info][gc,task        ] GC(97) Using 3 workers of 3 for marking
[2026-04-03T03:15:26.115+0600][21.159s][info][gc,marking     ] GC(97) Concurrent Mark From Roots 18.733ms
[2026-04-03T03:15:26.115+0600][21.159s][info][gc,marking     ] GC(97) Concurrent Preclean
[2026-04-03T03:15:26.115+0600][21.159s][info][gc,marking     ] GC(97) Concurrent Preclean 0.158ms
[2026-04-03T03:15:26.115+0600][21.159s][info][gc,start       ] GC(97) Pause Remark
[2026-04-03T03:15:26.120+0600][21.164s][info][gc             ] GC(97) Pause Remark 68M->68M(127M) 5.268ms
[2026-04-03T03:15:26.120+0600][21.165s][info][gc,cpu         ] GC(97) User=0.01s Sys=0.00s Real=0.01s
[2026-04-03T03:15:26.121+0600][21.165s][info][gc,marking     ] GC(97) Concurrent Mark 24.610ms
[2026-04-03T03:15:26.121+0600][21.165s][info][gc,marking     ] GC(97) Concurrent Rebuild Remembered Sets and Scrub Regions
[2026-04-03T03:15:26.129+0600][21.173s][info][gc,marking     ] GC(97) Concurrent Rebuild Remembered Sets and Scrub Regions 8.303ms
[2026-04-03T03:15:26.129+0600][21.173s][info][gc,start       ] GC(97) Pause Cleanup
[2026-04-03T03:15:26.129+0600][21.173s][info][gc             ] GC(97) Pause Cleanup 83M->83M(127M) 0.144ms
[2026-04-03T03:15:26.129+0600][21.173s][info][gc,cpu         ] GC(97) User=0.00s Sys=0.00s Real=0.00s
[2026-04-03T03:15:26.129+0600][21.173s][info][gc,marking     ] GC(97) Concurrent Clear Claimed Marks
[2026-04-03T03:15:26.129+0600][21.174s][info][gc,marking     ] GC(97) Concurrent Clear Claimed Marks 0.121ms
[2026-04-03T03:15:26.129+0600][21.174s][info][gc,marking     ] GC(97) Concurrent Cleanup for Next Mark
[2026-04-03T03:15:26.130+0600][21.174s][info][gc,marking     ] GC(97) Concurrent Cleanup for Next Mark 0.214ms
[2026-04-03T03:15:26.130+0600][21.174s][info][gc             ] GC(97) Concurrent Mark Cycle 34.906ms
[2026-04-03T03:15:26.143+0600][21.187s][info][gc,start       ] GC(98) Pause Young (Prepare Mixed) (G1 Evacuation Pause)
[2026-04-03T03:15:26.143+0600][21.187s][info][gc,task        ] GC(98) Using 3 workers of 10 for evacuation
[2026-04-03T03:15:26.145+0600][21.189s][info][gc,phases      ] GC(98)   Pre Evacuate Collection Set: 0.31ms
[2026-04-03T03:15:26.145+0600][21.189s][info][gc,phases      ] GC(98)   Merge Heap Roots: 0.14ms
[2026-04-03T03:15:26.145+0600][21.189s][info][gc,phases      ] GC(98)   Evacuate Collection Set: 0.77ms
[2026-04-03T03:15:26.145+0600][21.189s][info][gc,phases      ] GC(98)   Post Evacuate Collection Set: 0.73ms
[2026-04-03T03:15:26.145+0600][21.189s][info][gc,phases      ] GC(98)   Other: 0.08ms
[2026-04-03T03:15:26.145+0600][21.189s][info][gc,heap        ] GC(98) Eden regions: 75->0(75)
[2026-04-03T03:15:26.145+0600][21.189s][info][gc,heap        ] GC(98) Survivor regions: 1->1(10)
[2026-04-03T03:15:26.145+0600][21.189s][info][gc,heap        ] GC(98) Old regions: 29->29
[2026-04-03T03:15:26.145+0600][21.189s][info][gc,heap        ] GC(98) Humongous regions: 8->8
[2026-04-03T03:15:26.145+0600][21.189s][info][gc,metaspace   ] GC(98) Metaspace: 66573K(67520K)->66573K(67520K) NonClass: 58223K(58752K)->58223K(58752K) Class: 8350K(8768K)->8350K(8768K)
[2026-04-03T03:15:26.145+0600][21.189s][info][gc             ] GC(98) Pause Young (Prepare Mixed) (G1 Evacuation Pause) 111M->36M(127M) 2.238ms
[2026-04-03T03:15:26.145+0600][21.189s][info][gc,cpu         ] GC(98) User=0.01s Sys=0.00s Real=0.00s
[2026-04-03T03:15:26.178+0600][21.222s][info][gc,start       ] GC(99) Pause Young (Mixed) (G1 Evacuation Pause)
[2026-04-03T03:15:26.178+0600][21.222s][info][gc,task        ] GC(99) Using 3 workers of 10 for evacuation
[2026-04-03T03:15:26.181+0600][21.225s][info][gc,phases      ] GC(99)   Pre Evacuate Collection Set: 0.27ms
[2026-04-03T03:15:26.181+0600][21.225s][info][gc,phases      ] GC(99)   Merge Heap Roots: 0.23ms
[2026-04-03T03:15:26.181+0600][21.225s][info][gc,phases      ] GC(99)   Evacuate Collection Set: 1.52ms
[2026-04-03T03:15:26.181+0600][21.225s][info][gc,phases      ] GC(99)   Post Evacuate Collection Set: 0.47ms
[2026-04-03T03:15:26.181+0600][21.225s][info][gc,phases      ] GC(99)   Other: 0.06ms
[2026-04-03T03:15:26.181+0600][21.225s][info][gc,heap        ] GC(99) Eden regions: 75->0(75)
[2026-04-03T03:15:26.181+0600][21.225s][info][gc,heap        ] GC(99) Survivor regions: 1->1(10)
[2026-04-03T03:15:26.181+0600][21.225s][info][gc,heap        ] GC(99) Old regions: 29->29
[2026-04-03T03:15:26.181+0600][21.225s][info][gc,heap        ] GC(99) Humongous regions: 8->8
[2026-04-03T03:15:26.181+0600][21.225s][info][gc,metaspace   ] GC(99) Metaspace: 66573K(67520K)->66573K(67520K) NonClass: 58223K(58752K)->58223K(58752K) Class: 8350K(8768K)->8350K(8768K)
[2026-04-03T03:15:26.181+0600][21.225s][info][gc             ] GC(99) Pause Young (Mixed) (G1 Evacuation Pause) 111M->36M(127M) 2.769ms
[2026-04-03T03:15:26.181+0600][21.225s][info][gc,cpu         ] GC(99) User=0.00s Sys=0.00s Real=0.01s
[2026-04-03T03:15:26.214+0600][21.258s][info][gc,start       ] GC(100) Pause Young (Concurrent Start) (G1 Evacuation Pause)
[2026-04-03T03:15:26.214+0600][21.258s][info][gc,task        ] GC(100) Using 3 workers of 10 for evacuation
[2026-04-03T03:15:26.217+0600][21.261s][info][gc,phases      ] GC(100)   Pre Evacuate Collection Set: 0.37ms
[2026-04-03T03:15:26.217+0600][21.261s][info][gc,phases      ] GC(100)   Merge Heap Roots: 0.20ms
[2026-04-03T03:15:26.217+0600][21.261s][info][gc,phases      ] GC(100)   Evacuate Collection Set: 1.36ms
[2026-04-03T03:15:26.217+0600][21.261s][info][gc,phases      ] GC(100)   Post Evacuate Collection Set: 1.29ms
[2026-04-03T03:15:26.217+0600][21.261s][info][gc,phases      ] GC(100)   Other: 0.25ms
[2026-04-03T03:15:26.217+0600][21.261s][info][gc,heap        ] GC(100) Eden regions: 75->0(141)
[2026-04-03T03:15:26.217+0600][21.261s][info][gc,heap        ] GC(100) Survivor regions: 1->1(10)
[2026-04-03T03:15:26.217+0600][21.261s][info][gc,heap        ] GC(100) Old regions: 29->29
[2026-04-03T03:15:26.217+0600][21.261s][info][gc,heap        ] GC(100) Humongous regions: 8->8
[2026-04-03T03:15:26.217+0600][21.261s][info][gc,metaspace   ] GC(100) Metaspace: 66573K(67520K)->66573K(67520K) NonClass: 58223K(58752K)->58223K(58752K) Class: 8350K(8768K)->8350K(8768K)
[2026-04-03T03:15:26.217+0600][21.261s][info][gc             ] GC(100) Pause Young (Concurrent Start) (G1 Evacuation Pause) 111M->36M(237M) 3.644ms
[2026-04-03T03:15:26.217+0600][21.261s][info][gc,cpu         ] GC(100) User=0.00s Sys=0.00s Real=0.00s
[2026-04-03T03:15:26.217+0600][21.261s][info][gc             ] GC(101) Concurrent Mark Cycle
[2026-04-03T03:15:26.217+0600][21.261s][info][gc,marking     ] GC(101) Concurrent Scan Root Regions
[2026-04-03T03:15:26.218+0600][21.262s][info][gc,marking     ] GC(101) Concurrent Scan Root Regions 0.854ms
[2026-04-03T03:15:26.218+0600][21.262s][info][gc,marking     ] GC(101) Concurrent Mark
[2026-04-03T03:15:26.218+0600][21.262s][info][gc,marking     ] GC(101) Concurrent Mark From Roots
[2026-04-03T03:15:26.218+0600][21.262s][info][gc,task        ] GC(101) Using 3 workers of 3 for marking
[2026-04-03T03:15:26.236+0600][21.280s][info][gc,marking     ] GC(101) Concurrent Mark From Roots 17.513ms
[2026-04-03T03:15:26.236+0600][21.280s][info][gc,marking     ] GC(101) Concurrent Preclean
[2026-04-03T03:15:26.236+0600][21.280s][info][gc,marking     ] GC(101) Concurrent Preclean 0.120ms
[2026-04-03T03:15:26.236+0600][21.280s][info][gc,start       ] GC(101) Pause Remark
[2026-04-03T03:15:26.242+0600][21.286s][info][gc             ] GC(101) Pause Remark 64M->64M(127M) 5.737ms
[2026-04-03T03:15:26.242+0600][21.286s][info][gc,cpu         ] GC(101) User=0.01s Sys=0.00s Real=0.01s
[2026-04-03T03:15:26.242+0600][21.286s][info][gc,marking     ] GC(101) Concurrent Mark 23.831ms
[2026-04-03T03:15:26.242+0600][21.286s][info][gc,marking     ] GC(101) Concurrent Rebuild Remembered Sets and Scrub Regions
[2026-04-03T03:15:26.250+0600][21.294s][info][gc,marking     ] GC(101) Concurrent Rebuild Remembered Sets and Scrub Regions 7.526ms
[2026-04-03T03:15:26.250+0600][21.294s][info][gc,start       ] GC(101) Pause Cleanup
[2026-04-03T03:15:26.250+0600][21.294s][info][gc             ] GC(101) Pause Cleanup 75M->75M(127M) 0.155ms
[2026-04-03T03:15:26.250+0600][21.294s][info][gc,cpu         ] GC(101) User=0.01s Sys=0.00s Real=0.00s
[2026-04-03T03:15:26.250+0600][21.294s][info][gc,marking     ] GC(101) Concurrent Clear Claimed Marks
[2026-04-03T03:15:26.250+0600][21.294s][info][gc,marking     ] GC(101) Concurrent Clear Claimed Marks 0.122ms
[2026-04-03T03:15:26.250+0600][21.294s][info][gc,marking     ] GC(101) Concurrent Cleanup for Next Mark
[2026-04-03T03:15:26.250+0600][21.294s][info][gc,marking     ] GC(101) Concurrent Cleanup for Next Mark 0.257ms
[2026-04-03T03:15:26.250+0600][21.294s][info][gc             ] GC(101) Concurrent Mark Cycle 33.179ms
[2026-04-03T03:15:26.268+0600][21.312s][info][gc,start       ] GC(102) Pause Young (Prepare Mixed) (G1 Evacuation Pause)
[2026-04-03T03:15:26.268+0600][21.312s][info][gc,task        ] GC(102) Using 3 workers of 10 for evacuation
[2026-04-03T03:15:26.270+0600][21.314s][info][gc,phases      ] GC(102)   Pre Evacuate Collection Set: 0.25ms
[2026-04-03T03:15:26.270+0600][21.314s][info][gc,phases      ] GC(102)   Merge Heap Roots: 0.09ms
[2026-04-03T03:15:26.270+0600][21.314s][info][gc,phases      ] GC(102)   Evacuate Collection Set: 0.74ms
[2026-04-03T03:15:26.270+0600][21.314s][info][gc,phases      ] GC(102)   Post Evacuate Collection Set: 0.74ms
[2026-04-03T03:15:26.270+0600][21.314s][info][gc,phases      ] GC(102)   Other: 0.07ms
[2026-04-03T03:15:26.270+0600][21.314s][info][gc,heap        ] GC(102) Eden regions: 76->0(75)
[2026-04-03T03:15:26.270+0600][21.314s][info][gc,heap        ] GC(102) Survivor regions: 1->1(10)
[2026-04-03T03:15:26.270+0600][21.314s][info][gc,heap        ] GC(102) Old regions: 29->29
[2026-04-03T03:15:26.270+0600][21.314s][info][gc,heap        ] GC(102) Humongous regions: 8->8
[2026-04-03T03:15:26.270+0600][21.314s][info][gc,metaspace   ] GC(102) Metaspace: 66573K(67520K)->66573K(67520K) NonClass: 58223K(58752K)->58223K(58752K) Class: 8350K(8768K)->8350K(8768K)
[2026-04-03T03:15:26.270+0600][21.314s][info][gc             ] GC(102) Pause Young (Prepare Mixed) (G1 Evacuation Pause) 112M->36M(127M) 2.095ms
[2026-04-03T03:15:26.270+0600][21.314s][info][gc,cpu         ] GC(102) User=0.00s Sys=0.00s Real=0.01s
[2026-04-03T03:15:26.303+0600][21.347s][info][gc,start       ] GC(103) Pause Young (Mixed) (G1 Evacuation Pause)
[2026-04-03T03:15:26.303+0600][21.347s][info][gc,task        ] GC(103) Using 3 workers of 10 for evacuation
[2026-04-03T03:15:26.305+0600][21.349s][info][gc,phases      ] GC(103)   Pre Evacuate Collection Set: 0.23ms
[2026-04-03T03:15:26.305+0600][21.350s][info][gc,phases      ] GC(103)   Merge Heap Roots: 0.08ms
[2026-04-03T03:15:26.305+0600][21.350s][info][gc,phases      ] GC(103)   Evacuate Collection Set: 1.52ms
[2026-04-03T03:15:26.305+0600][21.350s][info][gc,phases      ] GC(103)   Post Evacuate Collection Set: 0.51ms
[2026-04-03T03:15:26.305+0600][21.350s][info][gc,phases      ] GC(103)   Other: 0.07ms
[2026-04-03T03:15:26.305+0600][21.350s][info][gc,heap        ] GC(103) Eden regions: 75->0(75)
[2026-04-03T03:15:26.305+0600][21.350s][info][gc,heap        ] GC(103) Survivor regions: 1->1(10)
[2026-04-03T03:15:26.305+0600][21.350s][info][gc,heap        ] GC(103) Old regions: 29->29
[2026-04-03T03:15:26.306+0600][21.350s][info][gc,heap        ] GC(103) Humongous regions: 8->8
[2026-04-03T03:15:26.306+0600][21.350s][info][gc,metaspace   ] GC(103) Metaspace: 66573K(67520K)->66573K(67520K) NonClass: 58223K(58752K)->58223K(58752K) Class: 8350K(8768K)->8350K(8768K)
[2026-04-03T03:15:26.306+0600][21.350s][info][gc             ] GC(103) Pause Young (Mixed) (G1 Evacuation Pause) 111M->36M(127M) 2.590ms
[2026-04-03T03:15:26.306+0600][21.350s][info][gc,cpu         ] GC(103) User=0.01s Sys=0.00s Real=0.00s
[2026-04-03T03:15:26.338+0600][21.383s][info][gc,start       ] GC(104) Pause Young (Concurrent Start) (G1 Evacuation Pause)
[2026-04-03T03:15:26.339+0600][21.383s][info][gc,task        ] GC(104) Using 3 workers of 10 for evacuation
[2026-04-03T03:15:26.340+0600][21.384s][info][gc,phases      ] GC(104)   Pre Evacuate Collection Set: 0.16ms
[2026-04-03T03:15:26.340+0600][21.384s][info][gc,phases      ] GC(104)   Merge Heap Roots: 0.14ms
[2026-04-03T03:15:26.340+0600][21.384s][info][gc,phases      ] GC(104)   Evacuate Collection Set: 0.85ms
[2026-04-03T03:15:26.340+0600][21.384s][info][gc,phases      ] GC(104)   Post Evacuate Collection Set: 0.56ms
[2026-04-03T03:15:26.340+0600][21.385s][info][gc,phases      ] GC(104)   Other: 0.11ms
[2026-04-03T03:15:26.340+0600][21.385s][info][gc,heap        ] GC(104) Eden regions: 75->0(75)
[2026-04-03T03:15:26.340+0600][21.385s][info][gc,heap        ] GC(104) Survivor regions: 1->1(10)
[2026-04-03T03:15:26.340+0600][21.385s][info][gc,heap        ] GC(104) Old regions: 29->29
[2026-04-03T03:15:26.340+0600][21.385s][info][gc,heap        ] GC(104) Humongous regions: 8->8
[2026-04-03T03:15:26.340+0600][21.385s][info][gc,metaspace   ] GC(104) Metaspace: 66573K(67520K)->66573K(67520K) NonClass: 58223K(58752K)->58223K(58752K) Class: 8350K(8768K)->8350K(8768K)
[2026-04-03T03:15:26.341+0600][21.385s][info][gc             ] GC(104) Pause Young (Concurrent Start) (G1 Evacuation Pause) 111M->36M(127M) 2.031ms
[2026-04-03T03:15:26.341+0600][21.385s][info][gc,cpu         ] GC(104) User=0.01s Sys=0.00s Real=0.01s
[2026-04-03T03:15:26.341+0600][21.385s][info][gc             ] GC(105) Concurrent Mark Cycle
[2026-04-03T03:15:26.341+0600][21.385s][info][gc,marking     ] GC(105) Concurrent Scan Root Regions
[2026-04-03T03:15:26.341+0600][21.385s][info][gc,marking     ] GC(105) Concurrent Scan Root Regions 0.675ms
[2026-04-03T03:15:26.341+0600][21.386s][info][gc,marking     ] GC(105) Concurrent Mark
[2026-04-03T03:15:26.341+0600][21.386s][info][gc,marking     ] GC(105) Concurrent Mark From Roots
[2026-04-03T03:15:26.341+0600][21.386s][info][gc,task        ] GC(105) Using 3 workers of 3 for marking
[2026-04-03T03:15:26.359+0600][21.403s][info][gc,marking     ] GC(105) Concurrent Mark From Roots 17.538ms
[2026-04-03T03:15:26.359+0600][21.403s][info][gc,marking     ] GC(105) Concurrent Preclean
[2026-04-03T03:15:26.359+0600][21.403s][info][gc,marking     ] GC(105) Concurrent Preclean 0.137ms
[2026-04-03T03:15:26.359+0600][21.404s][info][gc,start       ] GC(105) Pause Remark
[2026-04-03T03:15:26.365+0600][21.409s][info][gc             ] GC(105) Pause Remark 66M->66M(127M) 5.372ms
[2026-04-03T03:15:26.365+0600][21.409s][info][gc,cpu         ] GC(105) User=0.02s Sys=0.00s Real=0.01s
[2026-04-03T03:15:26.365+0600][21.409s][info][gc,marking     ] GC(105) Concurrent Mark 23.600ms
[2026-04-03T03:15:26.365+0600][21.409s][info][gc,marking     ] GC(105) Concurrent Rebuild Remembered Sets and Scrub Regions
[2026-04-03T03:15:26.373+0600][21.417s][info][gc,marking     ] GC(105) Concurrent Rebuild Remembered Sets and Scrub Regions 7.554ms
[2026-04-03T03:15:26.373+0600][21.417s][info][gc,start       ] GC(105) Pause Cleanup
[2026-04-03T03:15:26.373+0600][21.417s][info][gc             ] GC(105) Pause Cleanup 81M->81M(127M) 0.256ms
[2026-04-03T03:15:26.373+0600][21.417s][info][gc,cpu         ] GC(105) User=0.00s Sys=0.00s Real=0.00s
[2026-04-03T03:15:26.373+0600][21.417s][info][gc,marking     ] GC(105) Concurrent Clear Claimed Marks
[2026-04-03T03:15:26.374+0600][21.418s][info][gc,marking     ] GC(105) Concurrent Clear Claimed Marks 0.159ms
[2026-04-03T03:15:26.374+0600][21.418s][info][gc,marking     ] GC(105) Concurrent Cleanup for Next Mark
[2026-04-03T03:15:26.374+0600][21.418s][info][gc,marking     ] GC(105) Concurrent Cleanup for Next Mark 0.334ms
[2026-04-03T03:15:26.374+0600][21.418s][info][gc             ] GC(105) Concurrent Mark Cycle 33.261ms
[2026-04-03T03:15:26.388+0600][21.432s][info][gc,start       ] GC(106) Pause Young (Prepare Mixed) (G1 Evacuation Pause)
[2026-04-03T03:15:26.388+0600][21.432s][info][gc,task        ] GC(106) Using 3 workers of 10 for evacuation
[2026-04-03T03:15:26.390+0600][21.434s][info][gc,phases      ] GC(106)   Pre Evacuate Collection Set: 0.34ms
[2026-04-03T03:15:26.390+0600][21.434s][info][gc,phases      ] GC(106)   Merge Heap Roots: 0.24ms
[2026-04-03T03:15:26.390+0600][21.434s][info][gc,phases      ] GC(106)   Evacuate Collection Set: 0.71ms
[2026-04-03T03:15:26.390+0600][21.434s][info][gc,phases      ] GC(106)   Post Evacuate Collection Set: 0.71ms
[2026-04-03T03:15:26.390+0600][21.434s][info][gc,phases      ] GC(106)   Other: 0.11ms
[2026-04-03T03:15:26.390+0600][21.434s][info][gc,heap        ] GC(106) Eden regions: 75->0(75)
[2026-04-03T03:15:26.390+0600][21.434s][info][gc,heap        ] GC(106) Survivor regions: 1->1(10)
[2026-04-03T03:15:26.390+0600][21.434s][info][gc,heap        ] GC(106) Old regions: 29->29
[2026-04-03T03:15:26.390+0600][21.434s][info][gc,heap        ] GC(106) Humongous regions: 8->8
[2026-04-03T03:15:26.390+0600][21.434s][info][gc,metaspace   ] GC(106) Metaspace: 66574K(67520K)->66574K(67520K) NonClass: 58224K(58752K)->58224K(58752K) Class: 8350K(8768K)->8350K(8768K)
[2026-04-03T03:15:26.390+0600][21.434s][info][gc             ] GC(106) Pause Young (Prepare Mixed) (G1 Evacuation Pause) 111M->36M(127M) 2.374ms
[2026-04-03T03:15:26.390+0600][21.434s][info][gc,cpu         ] GC(106) User=0.01s Sys=0.00s Real=0.01s
[2026-04-03T03:15:26.426+0600][21.470s][info][gc,start       ] GC(107) Pause Young (Mixed) (G1 Evacuation Pause)
[2026-04-03T03:15:26.426+0600][21.470s][info][gc,task        ] GC(107) Using 3 workers of 10 for evacuation
[2026-04-03T03:15:26.429+0600][21.473s][info][gc,phases      ] GC(107)   Pre Evacuate Collection Set: 0.30ms
[2026-04-03T03:15:26.429+0600][21.473s][info][gc,phases      ] GC(107)   Merge Heap Roots: 0.20ms
[2026-04-03T03:15:26.429+0600][21.473s][info][gc,phases      ] GC(107)   Evacuate Collection Set: 1.52ms
[2026-04-03T03:15:26.429+0600][21.473s][info][gc,phases      ] GC(107)   Post Evacuate Collection Set: 0.79ms
[2026-04-03T03:15:26.429+0600][21.473s][info][gc,phases      ] GC(107)   Other: 0.07ms
[2026-04-03T03:15:26.429+0600][21.473s][info][gc,heap        ] GC(107) Eden regions: 75->0(75)
[2026-04-03T03:15:26.429+0600][21.473s][info][gc,heap        ] GC(107) Survivor regions: 1->1(10)
[2026-04-03T03:15:26.429+0600][21.473s][info][gc,heap        ] GC(107) Old regions: 29->29
[2026-04-03T03:15:26.429+0600][21.473s][info][gc,heap        ] GC(107) Humongous regions: 8->8
[2026-04-03T03:15:26.429+0600][21.473s][info][gc,metaspace   ] GC(107) Metaspace: 66574K(67520K)->66574K(67520K) NonClass: 58224K(58752K)->58224K(58752K) Class: 8350K(8768K)->8350K(8768K)
[2026-04-03T03:15:26.429+0600][21.473s][info][gc             ] GC(107) Pause Young (Mixed) (G1 Evacuation Pause) 111M->36M(127M) 3.097ms
[2026-04-03T03:15:26.429+0600][21.474s][info][gc,cpu         ] GC(107) User=0.00s Sys=0.01s Real=0.00s
[2026-04-03T03:15:26.465+0600][21.509s][info][gc,start       ] GC(108) Pause Young (Concurrent Start) (G1 Evacuation Pause)
[2026-04-03T03:15:26.465+0600][21.509s][info][gc,task        ] GC(108) Using 3 workers of 10 for evacuation
[2026-04-03T03:15:26.468+0600][21.512s][info][gc,phases      ] GC(108)   Pre Evacuate Collection Set: 0.41ms
[2026-04-03T03:15:26.468+0600][21.512s][info][gc,phases      ] GC(108)   Merge Heap Roots: 0.15ms
[2026-04-03T03:15:26.468+0600][21.512s][info][gc,phases      ] GC(108)   Evacuate Collection Set: 1.05ms
[2026-04-03T03:15:26.468+0600][21.512s][info][gc,phases      ] GC(108)   Post Evacuate Collection Set: 1.13ms
[2026-04-03T03:15:26.468+0600][21.512s][info][gc,phases      ] GC(108)   Other: 0.30ms
[2026-04-03T03:15:26.468+0600][21.512s][info][gc,heap        ] GC(108) Eden regions: 75->0(136)
[2026-04-03T03:15:26.468+0600][21.512s][info][gc,heap        ] GC(108) Survivor regions: 1->1(10)
[2026-04-03T03:15:26.468+0600][21.512s][info][gc,heap        ] GC(108) Old regions: 29->29
[2026-04-03T03:15:26.468+0600][21.512s][info][gc,heap        ] GC(108) Humongous regions: 8->8
[2026-04-03T03:15:26.468+0600][21.512s][info][gc,metaspace   ] GC(108) Metaspace: 66574K(67520K)->66574K(67520K) NonClass: 58224K(58752K)->58224K(58752K) Class: 8350K(8768K)->8350K(8768K)
[2026-04-03T03:15:26.468+0600][21.512s][info][gc             ] GC(108) Pause Young (Concurrent Start) (G1 Evacuation Pause) 111M->36M(229M) 3.277ms
[2026-04-03T03:15:26.468+0600][21.512s][info][gc,cpu         ] GC(108) User=0.01s Sys=0.00s Real=0.00s
[2026-04-03T03:15:26.469+0600][21.513s][info][gc             ] GC(109) Concurrent Mark Cycle
[2026-04-03T03:15:26.469+0600][21.513s][info][gc,marking     ] GC(109) Concurrent Scan Root Regions
[2026-04-03T03:15:26.469+0600][21.513s][info][gc,marking     ] GC(109) Concurrent Scan Root Regions 0.618ms
[2026-04-03T03:15:26.469+0600][21.513s][info][gc,marking     ] GC(109) Concurrent Mark
[2026-04-03T03:15:26.469+0600][21.513s][info][gc,marking     ] GC(109) Concurrent Mark From Roots
[2026-04-03T03:15:26.469+0600][21.513s][info][gc,task        ] GC(109) Using 3 workers of 3 for marking
[2026-04-03T03:15:26.487+0600][21.531s][info][gc,marking     ] GC(109) Concurrent Mark From Roots 17.445ms
[2026-04-03T03:15:26.487+0600][21.531s][info][gc,marking     ] GC(109) Concurrent Preclean
[2026-04-03T03:15:26.487+0600][21.531s][info][gc,marking     ] GC(109) Concurrent Preclean 0.164ms
[2026-04-03T03:15:26.487+0600][21.531s][info][gc,start       ] GC(109) Pause Remark
[2026-04-03T03:15:26.493+0600][21.537s][info][gc             ] GC(109) Pause Remark 66M->66M(127M) 5.167ms
[2026-04-03T03:15:26.493+0600][21.537s][info][gc,cpu         ] GC(109) User=0.01s Sys=0.00s Real=0.01s
[2026-04-03T03:15:26.493+0600][21.537s][info][gc,marking     ] GC(109) Concurrent Mark 23.354ms
[2026-04-03T03:15:26.493+0600][21.537s][info][gc,marking     ] GC(109) Concurrent Rebuild Remembered Sets and Scrub Regions
[2026-04-03T03:15:26.501+0600][21.545s][info][gc,marking     ] GC(109) Concurrent Rebuild Remembered Sets and Scrub Regions 8.045ms
[2026-04-03T03:15:26.501+0600][21.545s][info][gc,start       ] GC(109) Pause Cleanup
[2026-04-03T03:15:26.501+0600][21.545s][info][gc             ] GC(109) Pause Cleanup 80M->80M(127M) 0.273ms
[2026-04-03T03:15:26.501+0600][21.545s][info][gc,cpu         ] GC(109) User=0.00s Sys=0.00s Real=0.00s
[2026-04-03T03:15:26.501+0600][21.546s][info][gc,marking     ] GC(109) Concurrent Clear Claimed Marks
[2026-04-03T03:15:26.502+0600][21.546s][info][gc,marking     ] GC(109) Concurrent Clear Claimed Marks 0.165ms
[2026-04-03T03:15:26.502+0600][21.546s][info][gc,marking     ] GC(109) Concurrent Cleanup for Next Mark
[2026-04-03T03:15:26.502+0600][21.546s][info][gc,marking     ] GC(109) Concurrent Cleanup for Next Mark 0.326ms
[2026-04-03T03:15:26.502+0600][21.546s][info][gc             ] GC(109) Concurrent Mark Cycle 33.542ms
[2026-04-03T03:15:26.519+0600][21.564s][info][gc,start       ] GC(110) Pause Young (Prepare Mixed) (G1 Evacuation Pause)
[2026-04-03T03:15:26.520+0600][21.564s][info][gc,task        ] GC(110) Using 3 workers of 10 for evacuation
[2026-04-03T03:15:26.522+0600][21.566s][info][gc,phases      ] GC(110)   Pre Evacuate Collection Set: 0.42ms
[2026-04-03T03:15:26.522+0600][21.566s][info][gc,phases      ] GC(110)   Merge Heap Roots: 0.17ms
[2026-04-03T03:15:26.522+0600][21.566s][info][gc,phases      ] GC(110)   Evacuate Collection Set: 0.99ms
[2026-04-03T03:15:26.522+0600][21.566s][info][gc,phases      ] GC(110)   Post Evacuate Collection Set: 0.43ms
[2026-04-03T03:15:26.522+0600][21.566s][info][gc,phases      ] GC(110)   Other: 0.13ms
[2026-04-03T03:15:26.522+0600][21.566s][info][gc,heap        ] GC(110) Eden regions: 83->0(75)
[2026-04-03T03:15:26.522+0600][21.566s][info][gc,heap        ] GC(110) Survivor regions: 1->1(11)
[2026-04-03T03:15:26.522+0600][21.566s][info][gc,heap        ] GC(110) Old regions: 29->29
[2026-04-03T03:15:26.522+0600][21.566s][info][gc,heap        ] GC(110) Humongous regions: 8->8
[2026-04-03T03:15:26.522+0600][21.566s][info][gc,metaspace   ] GC(110) Metaspace: 66574K(67520K)->66574K(67520K) NonClass: 58224K(58752K)->58224K(58752K) Class: 8350K(8768K)->8350K(8768K)
[2026-04-03T03:15:26.522+0600][21.566s][info][gc             ] GC(110) Pause Young (Prepare Mixed) (G1 Evacuation Pause) 119M->36M(127M) 2.324ms
[2026-04-03T03:15:26.522+0600][21.566s][info][gc,cpu         ] GC(110) User=0.01s Sys=0.00s Real=0.01s
[2026-04-03T03:15:26.555+0600][21.599s][info][gc,start       ] GC(111) Pause Young (Mixed) (G1 Evacuation Pause)
[2026-04-03T03:15:26.555+0600][21.599s][info][gc,task        ] GC(111) Using 3 workers of 10 for evacuation
[2026-04-03T03:15:26.558+0600][21.602s][info][gc,phases      ] GC(111)   Pre Evacuate Collection Set: 0.36ms
[2026-04-03T03:15:26.558+0600][21.602s][info][gc,phases      ] GC(111)   Merge Heap Roots: 0.24ms
[2026-04-03T03:15:26.558+0600][21.602s][info][gc,phases      ] GC(111)   Evacuate Collection Set: 1.59ms
[2026-04-03T03:15:26.558+0600][21.602s][info][gc,phases      ] GC(111)   Post Evacuate Collection Set: 0.42ms
[2026-04-03T03:15:26.558+0600][21.602s][info][gc,phases      ] GC(111)   Other: 0.08ms
[2026-04-03T03:15:26.558+0600][21.602s][info][gc,heap        ] GC(111) Eden regions: 75->0(75)
[2026-04-03T03:15:26.558+0600][21.602s][info][gc,heap        ] GC(111) Survivor regions: 1->1(10)
[2026-04-03T03:15:26.558+0600][21.602s][info][gc,heap        ] GC(111) Old regions: 29->29
[2026-04-03T03:15:26.558+0600][21.602s][info][gc,heap        ] GC(111) Humongous regions: 8->8
[2026-04-03T03:15:26.558+0600][21.602s][info][gc,metaspace   ] GC(111) Metaspace: 66574K(67520K)->66574K(67520K) NonClass: 58224K(58752K)->58224K(58752K) Class: 8350K(8768K)->8350K(8768K)
[2026-04-03T03:15:26.558+0600][21.602s][info][gc             ] GC(111) Pause Young (Mixed) (G1 Evacuation Pause) 111M->36M(127M) 2.911ms
[2026-04-03T03:15:26.558+0600][21.602s][info][gc,cpu         ] GC(111) User=0.00s Sys=0.00s Real=0.00s
[2026-04-03T03:15:26.591+0600][21.635s][info][gc,start       ] GC(112) Pause Young (Concurrent Start) (G1 Evacuation Pause)
[2026-04-03T03:15:26.591+0600][21.635s][info][gc,task        ] GC(112) Using 3 workers of 10 for evacuation
[2026-04-03T03:15:26.593+0600][21.637s][info][gc,phases      ] GC(112)   Pre Evacuate Collection Set: 0.26ms
[2026-04-03T03:15:26.593+0600][21.638s][info][gc,phases      ] GC(112)   Merge Heap Roots: 0.20ms
[2026-04-03T03:15:26.593+0600][21.638s][info][gc,phases      ] GC(112)   Evacuate Collection Set: 1.30ms
[2026-04-03T03:15:26.593+0600][21.638s][info][gc,phases      ] GC(112)   Post Evacuate Collection Set: 0.48ms
[2026-04-03T03:15:26.593+0600][21.638s][info][gc,phases      ] GC(112)   Other: 0.23ms
[2026-04-03T03:15:26.593+0600][21.638s][info][gc,heap        ] GC(112) Eden regions: 75->0(75)
[2026-04-03T03:15:26.593+0600][21.638s][info][gc,heap        ] GC(112) Survivor regions: 1->1(10)
[2026-04-03T03:15:26.593+0600][21.638s][info][gc,heap        ] GC(112) Old regions: 29->29
[2026-04-03T03:15:26.593+0600][21.638s][info][gc,heap        ] GC(112) Humongous regions: 8->8
[2026-04-03T03:15:26.594+0600][21.638s][info][gc,metaspace   ] GC(112) Metaspace: 66574K(67520K)->66574K(67520K) NonClass: 58224K(58752K)->58224K(58752K) Class: 8350K(8768K)->8350K(8768K)
[2026-04-03T03:15:26.594+0600][21.638s][info][gc             ] GC(112) Pause Young (Concurrent Start) (G1 Evacuation Pause) 111M->36M(127M) 2.688ms
[2026-04-03T03:15:26.594+0600][21.638s][info][gc,cpu         ] GC(112) User=0.00s Sys=0.00s Real=0.00s
[2026-04-03T03:15:26.594+0600][21.638s][info][gc             ] GC(113) Concurrent Mark Cycle
[2026-04-03T03:15:26.594+0600][21.638s][info][gc,marking     ] GC(113) Concurrent Scan Root Regions
[2026-04-03T03:15:26.595+0600][21.639s][info][gc,marking     ] GC(113) Concurrent Scan Root Regions 0.919ms
[2026-04-03T03:15:26.595+0600][21.639s][info][gc,marking     ] GC(113) Concurrent Mark
[2026-04-03T03:15:26.595+0600][21.639s][info][gc,marking     ] GC(113) Concurrent Mark From Roots
[2026-04-03T03:15:26.595+0600][21.639s][info][gc,task        ] GC(113) Using 3 workers of 3 for marking
[2026-04-03T03:15:26.613+0600][21.657s][info][gc,marking     ] GC(113) Concurrent Mark From Roots 17.957ms
[2026-04-03T03:15:26.613+0600][21.657s][info][gc,marking     ] GC(113) Concurrent Preclean
[2026-04-03T03:15:26.613+0600][21.657s][info][gc,marking     ] GC(113) Concurrent Preclean 0.216ms
[2026-04-03T03:15:26.613+0600][21.657s][info][gc,start       ] GC(113) Pause Remark
[2026-04-03T03:15:26.618+0600][21.662s][info][gc             ] GC(113) Pause Remark 68M->68M(127M) 4.765ms
[2026-04-03T03:15:26.618+0600][21.662s][info][gc,cpu         ] GC(113) User=0.01s Sys=0.00s Real=0.00s
[2026-04-03T03:15:26.618+0600][21.662s][info][gc,marking     ] GC(113) Concurrent Mark 23.552ms
[2026-04-03T03:15:26.618+0600][21.662s][info][gc,marking     ] GC(113) Concurrent Rebuild Remembered Sets and Scrub Regions
[2026-04-03T03:15:26.626+0600][21.671s][info][gc,marking     ] GC(113) Concurrent Rebuild Remembered Sets and Scrub Regions 8.264ms
[2026-04-03T03:15:26.627+0600][21.671s][info][gc,start       ] GC(113) Pause Cleanup
[2026-04-03T03:15:26.627+0600][21.671s][info][gc             ] GC(113) Pause Cleanup 83M->83M(127M) 0.166ms
[2026-04-03T03:15:26.627+0600][21.671s][info][gc,cpu         ] GC(113) User=0.00s Sys=0.00s Real=0.00s
[2026-04-03T03:15:26.627+0600][21.671s][info][gc,marking     ] GC(113) Concurrent Clear Claimed Marks
[2026-04-03T03:15:26.627+0600][21.671s][info][gc,marking     ] GC(113) Concurrent Clear Claimed Marks 0.141ms
[2026-04-03T03:15:26.627+0600][21.671s][info][gc,marking     ] GC(113) Concurrent Cleanup for Next Mark
[2026-04-03T03:15:26.628+0600][21.672s][info][gc,marking     ] GC(113) Concurrent Cleanup for Next Mark 0.368ms
[2026-04-03T03:15:26.628+0600][21.672s][info][gc             ] GC(113) Concurrent Mark Cycle 34.012ms
[2026-04-03T03:15:26.641+0600][21.685s][info][gc,start       ] GC(114) Pause Young (Prepare Mixed) (G1 Evacuation Pause)
[2026-04-03T03:15:26.641+0600][21.685s][info][gc,task        ] GC(114) Using 3 workers of 10 for evacuation
[2026-04-03T03:15:26.643+0600][21.687s][info][gc,phases      ] GC(114)   Pre Evacuate Collection Set: 0.40ms
[2026-04-03T03:15:26.643+0600][21.687s][info][gc,phases      ] GC(114)   Merge Heap Roots: 0.22ms
[2026-04-03T03:15:26.643+0600][21.687s][info][gc,phases      ] GC(114)   Evacuate Collection Set: 0.82ms
[2026-04-03T03:15:26.643+0600][21.687s][info][gc,phases      ] GC(114)   Post Evacuate Collection Set: 0.97ms
[2026-04-03T03:15:26.643+0600][21.687s][info][gc,phases      ] GC(114)   Other: 0.07ms
[2026-04-03T03:15:26.643+0600][21.687s][info][gc,heap        ] GC(114) Eden regions: 75->0(75)
[2026-04-03T03:15:26.643+0600][21.687s][info][gc,heap        ] GC(114) Survivor regions: 1->1(10)
[2026-04-03T03:15:26.643+0600][21.687s][info][gc,heap        ] GC(114) Old regions: 29->29
[2026-04-03T03:15:26.643+0600][21.687s][info][gc,heap        ] GC(114) Humongous regions: 8->8
[2026-04-03T03:15:26.643+0600][21.687s][info][gc,metaspace   ] GC(114) Metaspace: 66574K(67520K)->66574K(67520K) NonClass: 58224K(58752K)->58224K(58752K) Class: 8350K(8768K)->8350K(8768K)
[2026-04-03T03:15:26.643+0600][21.687s][info][gc             ] GC(114) Pause Young (Prepare Mixed) (G1 Evacuation Pause) 111M->36M(127M) 2.678ms
[2026-04-03T03:15:26.643+0600][21.687s][info][gc,cpu         ] GC(114) User=0.00s Sys=0.00s Real=0.00s
[2026-04-03T03:15:26.676+0600][21.720s][info][gc,start       ] GC(115) Pause Young (Mixed) (G1 Evacuation Pause)
[2026-04-03T03:15:26.676+0600][21.720s][info][gc,task        ] GC(115) Using 3 workers of 10 for evacuation
[2026-04-03T03:15:26.679+0600][21.723s][info][gc,phases      ] GC(115)   Pre Evacuate Collection Set: 0.40ms
[2026-04-03T03:15:26.679+0600][21.723s][info][gc,phases      ] GC(115)   Merge Heap Roots: 0.20ms
[2026-04-03T03:15:26.679+0600][21.723s][info][gc,phases      ] GC(115)   Evacuate Collection Set: 1.45ms
[2026-04-03T03:15:26.679+0600][21.723s][info][gc,phases      ] GC(115)   Post Evacuate Collection Set: 0.63ms
[2026-04-03T03:15:26.679+0600][21.723s][info][gc,phases      ] GC(115)   Other: 0.08ms
[2026-04-03T03:15:26.679+0600][21.723s][info][gc,heap        ] GC(115) Eden regions: 75->0(75)
[2026-04-03T03:15:26.679+0600][21.723s][info][gc,heap        ] GC(115) Survivor regions: 1->1(10)
[2026-04-03T03:15:26.679+0600][21.723s][info][gc,heap        ] GC(115) Old regions: 29->29
[2026-04-03T03:15:26.679+0600][21.723s][info][gc,heap        ] GC(115) Humongous regions: 8->8
[2026-04-03T03:15:26.679+0600][21.723s][info][gc,metaspace   ] GC(115) Metaspace: 66574K(67520K)->66574K(67520K) NonClass: 58224K(58752K)->58224K(58752K) Class: 8350K(8768K)->8350K(8768K)
[2026-04-03T03:15:26.679+0600][21.723s][info][gc             ] GC(115) Pause Young (Mixed) (G1 Evacuation Pause) 111M->36M(127M) 2.928ms
[2026-04-03T03:15:26.679+0600][21.723s][info][gc,cpu         ] GC(115) User=0.00s Sys=0.00s Real=0.00s
[2026-04-03T03:15:26.712+0600][21.756s][info][gc,start       ] GC(116) Pause Young (Concurrent Start) (G1 Evacuation Pause)
[2026-04-03T03:15:26.712+0600][21.756s][info][gc,task        ] GC(116) Using 3 workers of 10 for evacuation
[2026-04-03T03:15:26.715+0600][21.759s][info][gc,phases      ] GC(116)   Pre Evacuate Collection Set: 0.17ms
[2026-04-03T03:15:26.715+0600][21.759s][info][gc,phases      ] GC(116)   Merge Heap Roots: 0.06ms
[2026-04-03T03:15:26.715+0600][21.759s][info][gc,phases      ] GC(116)   Evacuate Collection Set: 1.31ms
[2026-04-03T03:15:26.715+0600][21.759s][info][gc,phases      ] GC(116)   Post Evacuate Collection Set: 1.39ms
[2026-04-03T03:15:26.715+0600][21.760s][info][gc,phases      ] GC(116)   Other: 0.12ms
[2026-04-03T03:15:26.715+0600][21.760s][info][gc,heap        ] GC(116) Eden regions: 75->0(147)
[2026-04-03T03:15:26.715+0600][21.760s][info][gc,heap        ] GC(116) Survivor regions: 1->1(10)
[2026-04-03T03:15:26.715+0600][21.760s][info][gc,heap        ] GC(116) Old regions: 29->29
[2026-04-03T03:15:26.715+0600][21.760s][info][gc,heap        ] GC(116) Humongous regions: 8->8
[2026-04-03T03:15:26.715+0600][21.760s][info][gc,metaspace   ] GC(116) Metaspace: 66574K(67520K)->66574K(67520K) NonClass: 58224K(58752K)->58224K(58752K) Class: 8350K(8768K)->8350K(8768K)
[2026-04-03T03:15:26.715+0600][21.760s][info][gc             ] GC(116) Pause Young (Concurrent Start) (G1 Evacuation Pause) 111M->36M(248M) 3.264ms
[2026-04-03T03:15:26.716+0600][21.760s][info][gc,cpu         ] GC(116) User=0.01s Sys=0.01s Real=0.00s
[2026-04-03T03:15:26.716+0600][21.760s][info][gc             ] GC(117) Concurrent Mark Cycle
[2026-04-03T03:15:26.716+0600][21.760s][info][gc,marking     ] GC(117) Concurrent Scan Root Regions
[2026-04-03T03:15:26.716+0600][21.760s][info][gc,marking     ] GC(117) Concurrent Scan Root Regions 0.738ms
[2026-04-03T03:15:26.716+0600][21.760s][info][gc,marking     ] GC(117) Concurrent Mark
[2026-04-03T03:15:26.716+0600][21.760s][info][gc,marking     ] GC(117) Concurrent Mark From Roots
[2026-04-03T03:15:26.716+0600][21.760s][info][gc,task        ] GC(117) Using 3 workers of 3 for marking
[2026-04-03T03:15:26.735+0600][21.779s][info][gc,marking     ] GC(117) Concurrent Mark From Roots 18.932ms
[2026-04-03T03:15:26.735+0600][21.779s][info][gc,marking     ] GC(117) Concurrent Preclean
[2026-04-03T03:15:26.736+0600][21.780s][info][gc,marking     ] GC(117) Concurrent Preclean 0.119ms
[2026-04-03T03:15:26.736+0600][21.780s][info][gc,start       ] GC(117) Pause Remark
[2026-04-03T03:15:26.741+0600][21.785s][info][gc             ] GC(117) Pause Remark 68M->68M(127M) 4.918ms
[2026-04-03T03:15:26.741+0600][21.785s][info][gc,cpu         ] GC(117) User=0.01s Sys=0.01s Real=0.01s
[2026-04-03T03:15:26.741+0600][21.785s][info][gc,marking     ] GC(117) Concurrent Mark 24.375ms
[2026-04-03T03:15:26.741+0600][21.785s][info][gc,marking     ] GC(117) Concurrent Rebuild Remembered Sets and Scrub Regions
[2026-04-03T03:15:26.748+0600][21.792s][info][gc,marking     ] GC(117) Concurrent Rebuild Remembered Sets and Scrub Regions 7.616ms
[2026-04-03T03:15:26.749+0600][21.793s][info][gc,start       ] GC(117) Pause Cleanup
[2026-04-03T03:15:26.749+0600][21.793s][info][gc             ] GC(117) Pause Cleanup 82M->82M(127M) 0.148ms
[2026-04-03T03:15:26.749+0600][21.793s][info][gc,cpu         ] GC(117) User=0.00s Sys=0.00s Real=0.00s
[2026-04-03T03:15:26.749+0600][21.793s][info][gc,marking     ] GC(117) Concurrent Clear Claimed Marks
[2026-04-03T03:15:26.749+0600][21.793s][info][gc,marking     ] GC(117) Concurrent Clear Claimed Marks 0.111ms
[2026-04-03T03:15:26.749+0600][21.793s][info][gc,marking     ] GC(117) Concurrent Cleanup for Next Mark
[2026-04-03T03:15:26.749+0600][21.793s][info][gc,marking     ] GC(117) Concurrent Cleanup for Next Mark 0.249ms
[2026-04-03T03:15:26.749+0600][21.793s][info][gc             ] GC(117) Concurrent Mark Cycle 33.724ms
[2026-04-03T03:15:26.766+0600][21.810s][info][gc,start       ] GC(118) Pause Young (Prepare Mixed) (G1 Evacuation Pause)
[2026-04-03T03:15:26.766+0600][21.811s][info][gc,task        ] GC(118) Using 3 workers of 10 for evacuation
[2026-04-03T03:15:26.769+0600][21.813s][info][gc,phases      ] GC(118)   Pre Evacuate Collection Set: 0.50ms
[2026-04-03T03:15:26.769+0600][21.813s][info][gc,phases      ] GC(118)   Merge Heap Roots: 0.09ms
[2026-04-03T03:15:26.769+0600][21.813s][info][gc,phases      ] GC(118)   Evacuate Collection Set: 0.83ms
[2026-04-03T03:15:26.769+0600][21.813s][info][gc,phases      ] GC(118)   Post Evacuate Collection Set: 0.65ms
[2026-04-03T03:15:26.769+0600][21.813s][info][gc,phases      ] GC(118)   Other: 0.08ms
[2026-04-03T03:15:26.769+0600][21.813s][info][gc,heap        ] GC(118) Eden regions: 82->0(75)
[2026-04-03T03:15:26.769+0600][21.813s][info][gc,heap        ] GC(118) Survivor regions: 1->1(11)
[2026-04-03T03:15:26.769+0600][21.813s][info][gc,heap        ] GC(118) Old regions: 29->29
[2026-04-03T03:15:26.769+0600][21.813s][info][gc,heap        ] GC(118) Humongous regions: 8->8
[2026-04-03T03:15:26.769+0600][21.813s][info][gc,metaspace   ] GC(118) Metaspace: 66574K(67520K)->66574K(67520K) NonClass: 58224K(58752K)->58224K(58752K) Class: 8350K(8768K)->8350K(8768K)
[2026-04-03T03:15:26.769+0600][21.813s][info][gc             ] GC(118) Pause Young (Prepare Mixed) (G1 Evacuation Pause) 118M->36M(127M) 2.400ms
[2026-04-03T03:15:26.769+0600][21.813s][info][gc,cpu         ] GC(118) User=0.00s Sys=0.00s Real=0.00s
[2026-04-03T03:15:26.809+0600][21.853s][info][gc,start       ] GC(119) Pause Young (Mixed) (G1 Evacuation Pause)
[2026-04-03T03:15:26.809+0600][21.853s][info][gc,task        ] GC(119) Using 3 workers of 10 for evacuation
[2026-04-03T03:15:26.812+0600][21.856s][info][gc,phases      ] GC(119)   Pre Evacuate Collection Set: 0.44ms
[2026-04-03T03:15:26.812+0600][21.857s][info][gc,phases      ] GC(119)   Merge Heap Roots: 0.12ms
[2026-04-03T03:15:26.812+0600][21.857s][info][gc,phases      ] GC(119)   Evacuate Collection Set: 2.21ms
[2026-04-03T03:15:26.812+0600][21.857s][info][gc,phases      ] GC(119)   Post Evacuate Collection Set: 0.67ms
[2026-04-03T03:15:26.812+0600][21.857s][info][gc,phases      ] GC(119)   Other: 0.09ms
[2026-04-03T03:15:26.812+0600][21.857s][info][gc,heap        ] GC(119) Eden regions: 75->0(75)
[2026-04-03T03:15:26.812+0600][21.857s][info][gc,heap        ] GC(119) Survivor regions: 1->1(10)
[2026-04-03T03:15:26.812+0600][21.857s][info][gc,heap        ] GC(119) Old regions: 29->29
[2026-04-03T03:15:26.812+0600][21.857s][info][gc,heap        ] GC(119) Humongous regions: 8->8
[2026-04-03T03:15:26.812+0600][21.857s][info][gc,metaspace   ] GC(119) Metaspace: 66730K(67584K)->66730K(67584K) NonClass: 58354K(58816K)->58354K(58816K) Class: 8375K(8768K)->8375K(8768K)
[2026-04-03T03:15:26.813+0600][21.857s][info][gc             ] GC(119) Pause Young (Mixed) (G1 Evacuation Pause) 111M->36M(127M) 3.720ms
[2026-04-03T03:15:26.813+0600][21.857s][info][gc,cpu         ] GC(119) User=0.01s Sys=0.00s Real=0.01s
[2026-04-03T03:15:26.851+0600][21.895s][info][gc,start       ] GC(120) Pause Young (Concurrent Start) (G1 Humongous Allocation)
[2026-04-03T03:15:26.851+0600][21.895s][info][gc,task        ] GC(120) Using 3 workers of 10 for evacuation
[2026-04-03T03:15:26.853+0600][21.897s][info][gc,phases      ] GC(120)   Pre Evacuate Collection Set: 0.28ms
[2026-04-03T03:15:26.853+0600][21.897s][info][gc,phases      ] GC(120)   Merge Heap Roots: 0.09ms
[2026-04-03T03:15:26.853+0600][21.897s][info][gc,phases      ] GC(120)   Evacuate Collection Set: 1.12ms
[2026-04-03T03:15:26.853+0600][21.897s][info][gc,phases      ] GC(120)   Post Evacuate Collection Set: 0.51ms
[2026-04-03T03:15:26.853+0600][21.897s][info][gc,phases      ] GC(120)   Other: 0.12ms
[2026-04-03T03:15:26.853+0600][21.897s][info][gc,heap        ] GC(120) Eden regions: 51->0(75)
[2026-04-03T03:15:26.853+0600][21.897s][info][gc,heap        ] GC(120) Survivor regions: 1->1(10)
[2026-04-03T03:15:26.853+0600][21.897s][info][gc,heap        ] GC(120) Old regions: 29->29
[2026-04-03T03:15:26.853+0600][21.897s][info][gc,heap        ] GC(120) Humongous regions: 8->8
[2026-04-03T03:15:26.853+0600][21.897s][info][gc,metaspace   ] GC(120) Metaspace: 66918K(67648K)->66918K(67648K) NonClass: 58500K(58880K)->58500K(58880K) Class: 8418K(8768K)->8418K(8768K)
[2026-04-03T03:15:26.853+0600][21.897s][info][gc             ] GC(120) Pause Young (Concurrent Start) (G1 Humongous Allocation) 87M->36M(127M) 2.326ms
[2026-04-03T03:15:26.853+0600][21.897s][info][gc,cpu         ] GC(120) User=0.01s Sys=0.00s Real=0.00s
[2026-04-03T03:15:26.853+0600][21.897s][info][gc             ] GC(121) Concurrent Mark Cycle
[2026-04-03T03:15:26.853+0600][21.898s][info][gc,marking     ] GC(121) Concurrent Scan Root Regions
[2026-04-03T03:15:26.854+0600][21.898s][info][gc,marking     ] GC(121) Concurrent Scan Root Regions 0.719ms
[2026-04-03T03:15:26.854+0600][21.898s][info][gc,marking     ] GC(121) Concurrent Mark
[2026-04-03T03:15:26.854+0600][21.898s][info][gc,marking     ] GC(121) Concurrent Mark From Roots
[2026-04-03T03:15:26.854+0600][21.898s][info][gc,task        ] GC(121) Using 3 workers of 3 for marking
[2026-04-03T03:15:26.873+0600][21.917s][info][gc,marking     ] GC(121) Concurrent Mark From Roots 18.754ms
[2026-04-03T03:15:26.873+0600][21.917s][info][gc,marking     ] GC(121) Concurrent Preclean
[2026-04-03T03:15:26.873+0600][21.917s][info][gc,marking     ] GC(121) Concurrent Preclean 0.154ms
[2026-04-03T03:15:26.873+0600][21.917s][info][gc,start       ] GC(121) Pause Remark
[2026-04-03T03:15:26.879+0600][21.923s][info][gc             ] GC(121) Pause Remark 57M->57M(127M) 5.776ms
[2026-04-03T03:15:26.879+0600][21.923s][info][gc,cpu         ] GC(121) User=0.02s Sys=0.00s Real=0.00s
[2026-04-03T03:15:26.879+0600][21.923s][info][gc,marking     ] GC(121) Concurrent Mark 25.080ms
[2026-04-03T03:15:26.879+0600][21.923s][info][gc,marking     ] GC(121) Concurrent Rebuild Remembered Sets and Scrub Regions
[2026-04-03T03:15:26.890+0600][21.934s][info][gc,marking     ] GC(121) Concurrent Rebuild Remembered Sets and Scrub Regions 10.371ms
[2026-04-03T03:15:26.890+0600][21.934s][info][gc,start       ] GC(121) Pause Cleanup
[2026-04-03T03:15:26.890+0600][21.934s][info][gc             ] GC(121) Pause Cleanup 68M->68M(127M) 0.390ms
[2026-04-03T03:15:26.890+0600][21.935s][info][gc,cpu         ] GC(121) User=0.00s Sys=0.00s Real=0.00s
[2026-04-03T03:15:26.891+0600][21.935s][info][gc,marking     ] GC(121) Concurrent Clear Claimed Marks
[2026-04-03T03:15:26.891+0600][21.935s][info][gc,marking     ] GC(121) Concurrent Clear Claimed Marks 0.233ms
[2026-04-03T03:15:26.891+0600][21.935s][info][gc,marking     ] GC(121) Concurrent Cleanup for Next Mark
[2026-04-03T03:15:26.891+0600][21.935s][info][gc,marking     ] GC(121) Concurrent Cleanup for Next Mark 0.337ms
[2026-04-03T03:15:26.891+0600][21.935s][info][gc             ] GC(121) Concurrent Mark Cycle 37.872ms
[2026-04-03T03:15:26.927+0600][21.971s][info][gc,start       ] GC(122) Pause Young (Prepare Mixed) (G1 Evacuation Pause)
[2026-04-03T03:15:26.927+0600][21.971s][info][gc,task        ] GC(122) Using 3 workers of 10 for evacuation
[2026-04-03T03:15:26.929+0600][21.974s][info][gc,phases      ] GC(122)   Pre Evacuate Collection Set: 0.24ms
[2026-04-03T03:15:26.929+0600][21.974s][info][gc,phases      ] GC(122)   Merge Heap Roots: 0.18ms
[2026-04-03T03:15:26.930+0600][21.974s][info][gc,phases      ] GC(122)   Evacuate Collection Set: 1.31ms
[2026-04-03T03:15:26.930+0600][21.974s][info][gc,phases      ] GC(122)   Post Evacuate Collection Set: 0.54ms
[2026-04-03T03:15:26.930+0600][21.974s][info][gc,phases      ] GC(122)   Other: 0.08ms
[2026-04-03T03:15:26.930+0600][21.974s][info][gc,heap        ] GC(122) Eden regions: 75->0(75)
[2026-04-03T03:15:26.930+0600][21.974s][info][gc,heap        ] GC(122) Survivor regions: 1->1(10)
[2026-04-03T03:15:26.930+0600][21.974s][info][gc,heap        ] GC(122) Old regions: 29->29
[2026-04-03T03:15:26.930+0600][21.974s][info][gc,heap        ] GC(122) Humongous regions: 10->8
[2026-04-03T03:15:26.930+0600][21.974s][info][gc,metaspace   ] GC(122) Metaspace: 67245K(68032K)->67245K(68032K) NonClass: 58757K(59200K)->58757K(59200K) Class: 8488K(8832K)->8488K(8832K)
[2026-04-03T03:15:26.930+0600][21.974s][info][gc             ] GC(122) Pause Young (Prepare Mixed) (G1 Evacuation Pause) 113M->36M(127M) 2.549ms
[2026-04-03T03:15:26.930+0600][21.974s][info][gc,cpu         ] GC(122) User=0.01s Sys=0.00s Real=0.00s
[2026-04-03T03:15:27.541+0600][22.585s][info][gc,start       ] GC(123) Pause Young (Mixed) (G1 Evacuation Pause)
[2026-04-03T03:15:27.541+0600][22.585s][info][gc,task        ] GC(123) Using 3 workers of 10 for evacuation
[2026-04-03T03:15:27.548+0600][22.592s][info][gc,phases      ] GC(123)   Pre Evacuate Collection Set: 0.45ms
[2026-04-03T03:15:27.548+0600][22.592s][info][gc,phases      ] GC(123)   Merge Heap Roots: 0.26ms
[2026-04-03T03:15:27.548+0600][22.592s][info][gc,phases      ] GC(123)   Evacuate Collection Set: 5.28ms
[2026-04-03T03:15:27.548+0600][22.592s][info][gc,phases      ] GC(123)   Post Evacuate Collection Set: 0.84ms
[2026-04-03T03:15:27.548+0600][22.592s][info][gc,phases      ] GC(123)   Other: 0.15ms
[2026-04-03T03:15:27.548+0600][22.592s][info][gc,heap        ] GC(123) Eden regions: 75->0(74)
[2026-04-03T03:15:27.548+0600][22.592s][info][gc,heap        ] GC(123) Survivor regions: 1->2(10)
[2026-04-03T03:15:27.548+0600][22.592s][info][gc,heap        ] GC(123) Old regions: 29->29
[2026-04-03T03:15:27.548+0600][22.592s][info][gc,heap        ] GC(123) Humongous regions: 17->8
[2026-04-03T03:15:27.548+0600][22.592s][info][gc,metaspace   ] GC(123) Metaspace: 68762K(69696K)->68762K(69696K) NonClass: 60024K(60544K)->60024K(60544K) Class: 8738K(9152K)->8738K(9152K)
[2026-04-03T03:15:27.548+0600][22.592s][info][gc             ] GC(123) Pause Young (Mixed) (G1 Evacuation Pause) 120M->37M(127M) 7.362ms
[2026-04-03T03:15:27.548+0600][22.592s][info][gc,cpu         ] GC(123) User=0.02s Sys=0.00s Real=0.00s
[2026-04-03T03:15:27.833+0600][22.877s][info][gc,start       ] GC(124) Pause Young (Concurrent Start) (G1 Evacuation Pause)
[2026-04-03T03:15:27.833+0600][22.877s][info][gc,task        ] GC(124) Using 3 workers of 10 for evacuation
[2026-04-03T03:15:27.842+0600][22.886s][info][gc,phases      ] GC(124)   Pre Evacuate Collection Set: 0.35ms
[2026-04-03T03:15:27.857+0600][22.901s][info][gc,phases      ] GC(124)   Merge Heap Roots: 0.09ms
[2026-04-03T03:15:27.857+0600][22.901s][info][gc,phases      ] GC(124)   Evacuate Collection Set: 7.50ms
[2026-04-03T03:15:27.857+0600][22.901s][info][gc,phases      ] GC(124)   Post Evacuate Collection Set: 0.89ms
[2026-04-03T03:15:27.857+0600][22.901s][info][gc,phases      ] GC(124)   Other: 0.12ms
[2026-04-03T03:15:27.857+0600][22.901s][info][gc,heap        ] GC(124) Eden regions: 74->0(66)
[2026-04-03T03:15:27.857+0600][22.901s][info][gc,heap        ] GC(124) Survivor regions: 2->10(10)
[2026-04-03T03:15:27.857+0600][22.901s][info][gc,heap        ] GC(124) Old regions: 29->29
[2026-04-03T03:15:27.857+0600][22.901s][info][gc,heap        ] GC(124) Humongous regions: 8->8
[2026-04-03T03:15:27.857+0600][22.901s][info][gc,metaspace   ] GC(124) Metaspace: 68779K(69696K)->68779K(69696K) NonClass: 60040K(60544K)->60040K(60544K) Class: 8738K(9152K)->8738K(9152K)
[2026-04-03T03:15:27.857+0600][22.901s][info][gc             ] GC(124) Pause Young (Concurrent Start) (G1 Evacuation Pause) 111M->45M(127M) 23.758ms
[2026-04-03T03:15:27.857+0600][22.901s][info][gc,cpu         ] GC(124) User=0.03s Sys=0.01s Real=0.02s
[2026-04-03T03:15:27.857+0600][22.901s][info][gc             ] GC(125) Concurrent Mark Cycle
[2026-04-03T03:15:27.857+0600][22.901s][info][gc,marking     ] GC(125) Concurrent Scan Root Regions
[2026-04-03T03:15:27.862+0600][22.906s][info][gc,marking     ] GC(125) Concurrent Scan Root Regions 4.519ms
[2026-04-03T03:15:27.862+0600][22.906s][info][gc,marking     ] GC(125) Concurrent Mark
[2026-04-03T03:15:27.862+0600][22.906s][info][gc,marking     ] GC(125) Concurrent Mark From Roots
[2026-04-03T03:15:27.862+0600][22.906s][info][gc,task        ] GC(125) Using 3 workers of 3 for marking
[2026-04-03T03:15:27.883+0600][22.927s][info][gc,marking     ] GC(125) Concurrent Mark From Roots 21.037ms
[2026-04-03T03:15:27.883+0600][22.927s][info][gc,marking     ] GC(125) Concurrent Preclean
[2026-04-03T03:15:27.883+0600][22.927s][info][gc,marking     ] GC(125) Concurrent Preclean 0.103ms
[2026-04-03T03:15:27.883+0600][22.927s][info][gc,start       ] GC(125) Pause Remark
[2026-04-03T03:15:27.889+0600][22.933s][info][gc             ] GC(125) Pause Remark 55M->55M(127M) 6.002ms
[2026-04-03T03:15:27.889+0600][22.933s][info][gc,cpu         ] GC(125) User=0.02s Sys=0.00s Real=0.00s
[2026-04-03T03:15:27.889+0600][22.934s][info][gc,marking     ] GC(125) Concurrent Mark 27.736ms
[2026-04-03T03:15:27.890+0600][22.934s][info][gc,marking     ] GC(125) Concurrent Rebuild Remembered Sets and Scrub Regions
[2026-04-03T03:15:27.900+0600][22.944s][info][gc,marking     ] GC(125) Concurrent Rebuild Remembered Sets and Scrub Regions 10.336ms
[2026-04-03T03:15:27.900+0600][22.944s][info][gc,start       ] GC(125) Pause Cleanup
[2026-04-03T03:15:27.900+0600][22.944s][info][gc             ] GC(125) Pause Cleanup 63M->63M(127M) 0.151ms
[2026-04-03T03:15:27.900+0600][22.944s][info][gc,cpu         ] GC(125) User=0.00s Sys=0.00s Real=0.00s
[2026-04-03T03:15:27.900+0600][22.945s][info][gc,marking     ] GC(125) Concurrent Clear Claimed Marks
[2026-04-03T03:15:27.901+0600][22.945s][info][gc,marking     ] GC(125) Concurrent Clear Claimed Marks 0.182ms
[2026-04-03T03:15:27.901+0600][22.945s][info][gc,marking     ] GC(125) Concurrent Cleanup for Next Mark
[2026-04-03T03:15:27.901+0600][22.945s][info][gc,marking     ] GC(125) Concurrent Cleanup for Next Mark 0.341ms
[2026-04-03T03:15:27.901+0600][22.945s][info][gc             ] GC(125) Concurrent Mark Cycle 44.070ms
[2026-04-03T03:15:28.010+0600][23.054s][info][gc,start       ] GC(126) Pause Young (Prepare Mixed) (G1 Evacuation Pause)
[2026-04-03T03:15:28.010+0600][23.054s][info][gc,task        ] GC(126) Using 3 workers of 10 for evacuation
[2026-04-03T03:15:28.024+0600][23.069s][info][gc,phases      ] GC(126)   Pre Evacuate Collection Set: 0.29ms
[2026-04-03T03:15:28.025+0600][23.069s][info][gc,phases      ] GC(126)   Merge Heap Roots: 0.11ms
[2026-04-03T03:15:28.025+0600][23.069s][info][gc,phases      ] GC(126)   Evacuate Collection Set: 13.55ms
[2026-04-03T03:15:28.025+0600][23.069s][info][gc,phases      ] GC(126)   Post Evacuate Collection Set: 0.43ms
[2026-04-03T03:15:28.025+0600][23.069s][info][gc,phases      ] GC(126)   Other: 0.08ms
[2026-04-03T03:15:28.025+0600][23.069s][info][gc,heap        ] GC(126) Eden regions: 66->0(62)
[2026-04-03T03:15:28.025+0600][23.069s][info][gc,heap        ] GC(126) Survivor regions: 10->9(10)
[2026-04-03T03:15:28.025+0600][23.069s][info][gc,heap        ] GC(126) Old regions: 29->38
[2026-04-03T03:15:28.025+0600][23.069s][info][gc,heap        ] GC(126) Humongous regions: 11->11
[2026-04-03T03:15:28.025+0600][23.069s][info][gc,metaspace   ] GC(126) Metaspace: 69047K(69952K)->69047K(69952K) NonClass: 60246K(60736K)->60246K(60736K) Class: 8800K(9216K)->8800K(9216K)
[2026-04-03T03:15:28.025+0600][23.069s][info][gc             ] GC(126) Pause Young (Prepare Mixed) (G1 Evacuation Pause) 114M->56M(134M) 14.670ms
[2026-04-03T03:15:28.025+0600][23.069s][info][gc,cpu         ] GC(126) User=0.04s Sys=0.01s Real=0.01s
[2026-04-03T03:15:28.166+0600][23.210s][info][gc,start       ] GC(127) Pause Young (Mixed) (G1 Evacuation Pause)
[2026-04-03T03:15:28.166+0600][23.210s][info][gc,task        ] GC(127) Using 3 workers of 10 for evacuation
[2026-04-03T03:15:28.195+0600][23.239s][info][gc,phases      ] GC(127)   Pre Evacuate Collection Set: 0.27ms
[2026-04-03T03:15:28.195+0600][23.239s][info][gc,phases      ] GC(127)   Merge Heap Roots: 0.27ms
[2026-04-03T03:15:28.195+0600][23.239s][info][gc,phases      ] GC(127)   Evacuate Collection Set: 26.59ms
[2026-04-03T03:15:28.195+0600][23.239s][info][gc,phases      ] GC(127)   Post Evacuate Collection Set: 0.92ms
[2026-04-03T03:15:28.195+0600][23.239s][info][gc,phases      ] GC(127)   Other: 0.07ms
[2026-04-03T03:15:28.195+0600][23.239s][info][gc,heap        ] GC(127) Eden regions: 62->0(128)
[2026-04-03T03:15:28.195+0600][23.239s][info][gc,heap        ] GC(127) Survivor regions: 9->9(9)
[2026-04-03T03:15:28.195+0600][23.239s][info][gc,heap        ] GC(127) Old regions: 38->50
[2026-04-03T03:15:28.195+0600][23.239s][info][gc,heap        ] GC(127) Humongous regions: 17->17
[2026-04-03T03:15:28.195+0600][23.239s][info][gc,metaspace   ] GC(127) Metaspace: 69047K(69952K)->69047K(69952K) NonClass: 60247K(60736K)->60247K(60736K) Class: 8800K(9216K)->8800K(9216K)
[2026-04-03T03:15:28.195+0600][23.239s][info][gc             ] GC(127) Pause Young (Mixed) (G1 Evacuation Pause) 124M->75M(242M) 28.349ms
[2026-04-03T03:15:28.195+0600][23.239s][info][gc,cpu         ] GC(127) User=0.07s Sys=0.01s Real=0.03s
[2026-04-03T03:15:28.415+0600][23.460s][info][gc,start       ] GC(128) Pause Young (Normal) (G1 Evacuation Pause)
[2026-04-03T03:15:28.416+0600][23.460s][info][gc,task        ] GC(128) Using 5 workers of 10 for evacuation
[2026-04-03T03:15:28.446+0600][23.490s][info][gc,phases      ] GC(128)   Pre Evacuate Collection Set: 0.30ms
[2026-04-03T03:15:28.446+0600][23.490s][info][gc,phases      ] GC(128)   Merge Heap Roots: 0.63ms
[2026-04-03T03:15:28.446+0600][23.490s][info][gc,phases      ] GC(128)   Evacuate Collection Set: 28.49ms
[2026-04-03T03:15:28.446+0600][23.490s][info][gc,phases      ] GC(128)   Post Evacuate Collection Set: 0.45ms
[2026-04-03T03:15:28.446+0600][23.490s][info][gc,phases      ] GC(128)   Other: 0.08ms
[2026-04-03T03:15:28.446+0600][23.490s][info][gc,heap        ] GC(128) Eden regions: 128->0(99)
[2026-04-03T03:15:28.446+0600][23.490s][info][gc,heap        ] GC(128) Survivor regions: 9->18(18)
[2026-04-03T03:15:28.446+0600][23.490s][info][gc,heap        ] GC(128) Old regions: 50->68
[2026-04-03T03:15:28.446+0600][23.490s][info][gc,heap        ] GC(128) Humongous regions: 26->26
[2026-04-03T03:15:28.446+0600][23.490s][info][gc,metaspace   ] GC(128) Metaspace: 69047K(69952K)->69047K(69952K) NonClass: 60247K(60736K)->60247K(60736K) Class: 8800K(9216K)->8800K(9216K)
[2026-04-03T03:15:28.446+0600][23.490s][info][gc             ] GC(128) Pause Young (Normal) (G1 Evacuation Pause) 212M->111M(249M) 30.219ms
[2026-04-03T03:15:28.446+0600][23.490s][info][gc,cpu         ] GC(128) User=0.13s Sys=0.01s Real=0.03s
[2026-04-03T03:15:28.591+0600][23.635s][info][gc,start       ] GC(129) Pause Young (Concurrent Start) (G1 Evacuation Pause)
[2026-04-03T03:15:28.591+0600][23.635s][info][gc,task        ] GC(129) Using 5 workers of 10 for evacuation
[2026-04-03T03:15:28.616+0600][23.660s][info][gc,phases      ] GC(129)   Pre Evacuate Collection Set: 0.40ms
[2026-04-03T03:15:28.616+0600][23.660s][info][gc,phases      ] GC(129)   Merge Heap Roots: 0.19ms
[2026-04-03T03:15:28.616+0600][23.660s][info][gc,phases      ] GC(129)   Evacuate Collection Set: 23.89ms
[2026-04-03T03:15:28.616+0600][23.660s][info][gc,phases      ] GC(129)   Post Evacuate Collection Set: 0.64ms
[2026-04-03T03:15:28.616+0600][23.660s][info][gc,phases      ] GC(129)   Other: 0.20ms
[2026-04-03T03:15:28.616+0600][23.660s][info][gc,heap        ] GC(129) Eden regions: 99->0(82)
[2026-04-03T03:15:28.616+0600][23.660s][info][gc,heap        ] GC(129) Survivor regions: 18->15(15)
[2026-04-03T03:15:28.616+0600][23.660s][info][gc,heap        ] GC(129) Old regions: 68->90
[2026-04-03T03:15:28.616+0600][23.660s][info][gc,heap        ] GC(129) Humongous regions: 26->26
[2026-04-03T03:15:28.616+0600][23.660s][info][gc,metaspace   ] GC(129) Metaspace: 69047K(69952K)->69047K(69952K) NonClass: 60247K(60736K)->60247K(60736K) Class: 8800K(9216K)->8800K(9216K)
[2026-04-03T03:15:28.616+0600][23.660s][info][gc             ] GC(129) Pause Young (Concurrent Start) (G1 Evacuation Pause) 210M->130M(249M) 25.568ms
[2026-04-03T03:15:28.616+0600][23.660s][info][gc,cpu         ] GC(129) User=0.12s Sys=0.00s Real=0.02s
[2026-04-03T03:15:28.616+0600][23.661s][info][gc             ] GC(130) Concurrent Mark Cycle
[2026-04-03T03:15:28.616+0600][23.661s][info][gc,marking     ] GC(130) Concurrent Scan Root Regions
[2026-04-03T03:15:28.627+0600][23.671s][info][gc,marking     ] GC(130) Concurrent Scan Root Regions 10.050ms
[2026-04-03T03:15:28.627+0600][23.671s][info][gc,marking     ] GC(130) Concurrent Mark
[2026-04-03T03:15:28.627+0600][23.671s][info][gc,marking     ] GC(130) Concurrent Mark From Roots
[2026-04-03T03:15:28.627+0600][23.671s][info][gc,task        ] GC(130) Using 3 workers of 3 for marking
[2026-04-03T03:15:28.690+0600][23.734s][info][gc,marking     ] GC(130) Concurrent Mark From Roots 63.188ms
[2026-04-03T03:15:28.690+0600][23.734s][info][gc,marking     ] GC(130) Concurrent Preclean
[2026-04-03T03:15:28.690+0600][23.734s][info][gc,marking     ] GC(130) Concurrent Preclean 0.190ms
[2026-04-03T03:15:28.690+0600][23.734s][info][gc,start       ] GC(130) Pause Remark
[2026-04-03T03:15:28.703+0600][23.747s][info][gc             ] GC(130) Pause Remark 164M->155M(249M) 12.411ms
[2026-04-03T03:15:28.703+0600][23.747s][info][gc,cpu         ] GC(130) User=0.05s Sys=0.00s Real=0.01s
[2026-04-03T03:15:28.703+0600][23.747s][info][gc,marking     ] GC(130) Concurrent Mark 76.477ms
[2026-04-03T03:15:28.703+0600][23.747s][info][gc,marking     ] GC(130) Concurrent Rebuild Remembered Sets and Scrub Regions
[2026-04-03T03:15:28.753+0600][23.798s][info][gc,marking     ] GC(130) Concurrent Rebuild Remembered Sets and Scrub Regions 50.240ms
[2026-04-03T03:15:28.754+0600][23.798s][info][gc,start       ] GC(130) Pause Cleanup
[2026-04-03T03:15:28.754+0600][23.798s][info][gc             ] GC(130) Pause Cleanup 186M->186M(249M) 0.394ms
[2026-04-03T03:15:28.754+0600][23.798s][info][gc,cpu         ] GC(130) User=0.00s Sys=0.00s Real=0.00s
[2026-04-03T03:15:28.754+0600][23.798s][info][gc,marking     ] GC(130) Concurrent Clear Claimed Marks
[2026-04-03T03:15:28.755+0600][23.799s][info][gc,marking     ] GC(130) Concurrent Clear Claimed Marks 0.210ms
[2026-04-03T03:15:28.755+0600][23.799s][info][gc,marking     ] GC(130) Concurrent Cleanup for Next Mark
[2026-04-03T03:15:28.756+0600][23.800s][info][gc,marking     ] GC(130) Concurrent Cleanup for Next Mark 1.147ms
[2026-04-03T03:15:28.756+0600][23.800s][info][gc             ] GC(130) Concurrent Mark Cycle 139.381ms
[2026-04-03T03:15:28.805+0600][23.849s][info][gc,start       ] GC(131) Pause Young (Prepare Mixed) (G1 Evacuation Pause)
[2026-04-03T03:15:28.805+0600][23.849s][info][gc,task        ] GC(131) Using 5 workers of 10 for evacuation
[2026-04-03T03:15:28.834+0600][23.878s][info][gc,phases      ] GC(131)   Pre Evacuate Collection Set: 0.27ms
[2026-04-03T03:15:28.834+0600][23.878s][info][gc,phases      ] GC(131)   Merge Heap Roots: 0.98ms
[2026-04-03T03:15:28.834+0600][23.878s][info][gc,phases      ] GC(131)   Evacuate Collection Set: 26.72ms
[2026-04-03T03:15:28.834+0600][23.878s][info][gc,phases      ] GC(131)   Post Evacuate Collection Set: 0.66ms
[2026-04-03T03:15:28.834+0600][23.878s][info][gc,phases      ] GC(131)   Other: 0.09ms
[2026-04-03T03:15:28.834+0600][23.878s][info][gc,heap        ] GC(131) Eden regions: 82->0(66)
[2026-04-03T03:15:28.834+0600][23.878s][info][gc,heap        ] GC(131) Survivor regions: 15->13(13)
[2026-04-03T03:15:28.834+0600][23.878s][info][gc,heap        ] GC(131) Old regions: 90->109
[2026-04-03T03:15:28.834+0600][23.878s][info][gc,heap        ] GC(131) Humongous regions: 32->32
[2026-04-03T03:15:28.834+0600][23.878s][info][gc,metaspace   ] GC(131) Metaspace: 69009K(69952K)->69009K(69952K) NonClass: 60221K(60736K)->60221K(60736K) Class: 8788K(9216K)->8788K(9216K)
[2026-04-03T03:15:28.834+0600][23.878s][info][gc             ] GC(131) Pause Young (Prepare Mixed) (G1 Evacuation Pause) 218M->153M(251M) 29.027ms
[2026-04-03T03:15:28.834+0600][23.878s][info][gc,cpu         ] GC(131) User=0.14s Sys=0.00s Real=0.03s
[2026-04-03T03:15:28.955+0600][24.000s][info][gc,start       ] GC(132) Pause Young (Mixed) (G1 Evacuation Pause)
[2026-04-03T03:15:28.956+0600][24.000s][info][gc,task        ] GC(132) Using 6 workers of 10 for evacuation
[2026-04-03T03:15:28.976+0600][24.020s][info][gc,phases      ] GC(132)   Pre Evacuate Collection Set: 0.32ms
[2026-04-03T03:15:28.976+0600][24.020s][info][gc,phases      ] GC(132)   Merge Heap Roots: 0.24ms
[2026-04-03T03:15:28.976+0600][24.020s][info][gc,phases      ] GC(132)   Evacuate Collection Set: 18.79ms
[2026-04-03T03:15:28.976+0600][24.020s][info][gc,phases      ] GC(132)   Post Evacuate Collection Set: 0.82ms
[2026-04-03T03:15:28.976+0600][24.020s][info][gc,phases      ] GC(132)   Other: 0.09ms
[2026-04-03T03:15:28.976+0600][24.020s][info][gc,heap        ] GC(132) Eden regions: 66->0(61)
[2026-04-03T03:15:28.976+0600][24.020s][info][gc,heap        ] GC(132) Survivor regions: 13->10(10)
[2026-04-03T03:15:28.976+0600][24.020s][info][gc,heap        ] GC(132) Old regions: 109->121
[2026-04-03T03:15:28.976+0600][24.020s][info][gc,heap        ] GC(132) Humongous regions: 32->32
[2026-04-03T03:15:28.976+0600][24.020s][info][gc,metaspace   ] GC(132) Metaspace: 69129K(70016K)->69129K(70016K) NonClass: 60329K(60800K)->60329K(60800K) Class: 8800K(9216K)->8800K(9216K)
[2026-04-03T03:15:28.976+0600][24.020s][info][gc             ] GC(132) Pause Young (Mixed) (G1 Evacuation Pause) 219M->162M(251M) 20.567ms
[2026-04-03T03:15:28.976+0600][24.020s][info][gc,cpu         ] GC(132) User=0.11s Sys=0.00s Real=0.02s
[2026-04-03T03:15:29.048+0600][24.092s][info][gc,start       ] GC(133) Pause Young (Concurrent Start) (G1 Evacuation Pause)
[2026-04-03T03:15:29.048+0600][24.092s][info][gc,task        ] GC(133) Using 6 workers of 10 for evacuation
[2026-04-03T03:15:29.060+0600][24.104s][info][gc,phases      ] GC(133)   Pre Evacuate Collection Set: 0.38ms
[2026-04-03T03:15:29.060+0600][24.104s][info][gc,phases      ] GC(133)   Merge Heap Roots: 0.35ms
[2026-04-03T03:15:29.060+0600][24.104s][info][gc,phases      ] GC(133)   Evacuate Collection Set: 9.44ms
[2026-04-03T03:15:29.060+0600][24.104s][info][gc,phases      ] GC(133)   Post Evacuate Collection Set: 1.80ms
[2026-04-03T03:15:29.060+0600][24.104s][info][gc,phases      ] GC(133)   Other: 0.19ms
[2026-04-03T03:15:29.060+0600][24.104s][info][gc,heap        ] GC(133) Eden regions: 61->0(154)
[2026-04-03T03:15:29.060+0600][24.104s][info][gc,heap        ] GC(133) Survivor regions: 10->3(9)
[2026-04-03T03:15:29.060+0600][24.104s][info][gc,heap        ] GC(133) Old regions: 121->132
[2026-04-03T03:15:29.060+0600][24.104s][info][gc,heap        ] GC(133) Humongous regions: 32->32
[2026-04-03T03:15:29.060+0600][24.104s][info][gc,metaspace   ] GC(133) Metaspace: 69149K(70016K)->69149K(70016K) NonClass: 60349K(60800K)->60349K(60800K) Class: 8800K(9216K)->8800K(9216K)
[2026-04-03T03:15:29.060+0600][24.104s][info][gc             ] GC(133) Pause Young (Concurrent Start) (G1 Evacuation Pause) 223M->166M(371M) 12.448ms
[2026-04-03T03:15:29.060+0600][24.105s][info][gc,cpu         ] GC(133) User=0.06s Sys=0.00s Real=0.02s
[2026-04-03T03:15:29.060+0600][24.105s][info][gc             ] GC(134) Concurrent Mark Cycle
[2026-04-03T03:15:29.061+0600][24.105s][info][gc,marking     ] GC(134) Concurrent Scan Root Regions
[2026-04-03T03:15:29.069+0600][24.113s][info][gc,marking     ] GC(134) Concurrent Scan Root Regions 8.059ms
[2026-04-03T03:15:29.069+0600][24.113s][info][gc,marking     ] GC(134) Concurrent Mark
[2026-04-03T03:15:29.069+0600][24.113s][info][gc,marking     ] GC(134) Concurrent Mark From Roots
[2026-04-03T03:15:29.069+0600][24.113s][info][gc,task        ] GC(134) Using 3 workers of 3 for marking
[2026-04-03T03:15:29.186+0600][24.230s][info][gc,marking     ] GC(134) Concurrent Mark From Roots 117.449ms
[2026-04-03T03:15:29.186+0600][24.230s][info][gc,marking     ] GC(134) Concurrent Preclean
[2026-04-03T03:15:29.186+0600][24.231s][info][gc,marking     ] GC(134) Concurrent Preclean 0.192ms
[2026-04-03T03:15:29.187+0600][24.231s][info][gc,start       ] GC(134) Pause Remark
[2026-04-03T03:15:29.191+0600][24.235s][info][gc             ] GC(134) Pause Remark 210M->201M(371M) 4.607ms
[2026-04-03T03:15:29.191+0600][24.236s][info][gc,cpu         ] GC(134) User=0.02s Sys=0.00s Real=0.01s
[2026-04-03T03:15:29.192+0600][24.236s][info][gc,marking     ] GC(134) Concurrent Mark 122.879ms
[2026-04-03T03:15:29.192+0600][24.236s][info][gc,marking     ] GC(134) Concurrent Rebuild Remembered Sets and Scrub Regions
[2026-04-03T03:15:29.240+0600][24.284s][info][gc,marking     ] GC(134) Concurrent Rebuild Remembered Sets and Scrub Regions 48.299ms
[2026-04-03T03:15:29.240+0600][24.284s][info][gc,start       ] GC(134) Pause Cleanup
[2026-04-03T03:15:29.240+0600][24.285s][info][gc             ] GC(134) Pause Cleanup 220M->220M(371M) 0.305ms
[2026-04-03T03:15:29.241+0600][24.285s][info][gc,cpu         ] GC(134) User=0.00s Sys=0.00s Real=0.00s
[2026-04-03T03:15:29.241+0600][24.285s][info][gc,marking     ] GC(134) Concurrent Clear Claimed Marks
[2026-04-03T03:15:29.241+0600][24.285s][info][gc,marking     ] GC(134) Concurrent Clear Claimed Marks 0.193ms
[2026-04-03T03:15:29.241+0600][24.285s][info][gc,marking     ] GC(134) Concurrent Cleanup for Next Mark
[2026-04-03T03:15:29.242+0600][24.286s][info][gc,marking     ] GC(134) Concurrent Cleanup for Next Mark 1.369ms
[2026-04-03T03:15:29.242+0600][24.286s][info][gc             ] GC(134) Concurrent Mark Cycle 181.778ms
[2026-04-03T03:15:29.476+0600][24.520s][info][gc,start       ] GC(135) Pause Young (Prepare Mixed) (G1 Evacuation Pause)
[2026-04-03T03:15:29.476+0600][24.520s][info][gc,task        ] GC(135) Using 8 workers of 10 for evacuation
[2026-04-03T03:15:29.505+0600][24.549s][info][gc,phases      ] GC(135)   Pre Evacuate Collection Set: 0.23ms
[2026-04-03T03:15:29.505+0600][24.550s][info][gc,phases      ] GC(135)   Merge Heap Roots: 0.37ms
[2026-04-03T03:15:29.505+0600][24.550s][info][gc,phases      ] GC(135)   Evacuate Collection Set: 27.45ms
[2026-04-03T03:15:29.505+0600][24.550s][info][gc,phases      ] GC(135)   Post Evacuate Collection Set: 0.68ms
[2026-04-03T03:15:29.506+0600][24.550s][info][gc,phases      ] GC(135)   Other: 0.23ms
[2026-04-03T03:15:29.506+0600][24.550s][info][gc,heap        ] GC(135) Eden regions: 154->0(108)
[2026-04-03T03:15:29.506+0600][24.550s][info][gc,heap        ] GC(135) Survivor regions: 3->20(20)
[2026-04-03T03:15:29.506+0600][24.550s][info][gc,heap        ] GC(135) Old regions: 132->149
[2026-04-03T03:15:29.506+0600][24.550s][info][gc,heap        ] GC(135) Humongous regions: 47->47
[2026-04-03T03:15:29.506+0600][24.550s][info][gc,metaspace   ] GC(135) Metaspace: 69277K(70144K)->69277K(70144K) NonClass: 60449K(60928K)->60449K(60928K) Class: 8828K(9216K)->8828K(9216K)
[2026-04-03T03:15:29.506+0600][24.550s][info][gc             ] GC(135) Pause Young (Prepare Mixed) (G1 Evacuation Pause) 335M->215M(373M) 29.304ms
[2026-04-03T03:15:29.506+0600][24.550s][info][gc,cpu         ] GC(135) User=0.26s Sys=0.00s Real=0.03s
[2026-04-03T03:15:29.679+0600][24.723s][info][gc,start       ] GC(136) Pause Young (Mixed) (G1 Evacuation Pause)
[2026-04-03T03:15:29.679+0600][24.723s][info][gc,task        ] GC(136) Using 8 workers of 10 for evacuation
[2026-04-03T03:15:29.736+0600][24.780s][info][gc,phases      ] GC(136)   Pre Evacuate Collection Set: 0.29ms
[2026-04-03T03:15:29.736+0600][24.780s][info][gc,phases      ] GC(136)   Merge Heap Roots: 0.71ms
[2026-04-03T03:15:29.736+0600][24.780s][info][gc,phases      ] GC(136)   Evacuate Collection Set: 55.29ms
[2026-04-03T03:15:29.736+0600][24.780s][info][gc,phases      ] GC(136)   Post Evacuate Collection Set: 0.55ms
[2026-04-03T03:15:29.736+0600][24.780s][info][gc,phases      ] GC(136)   Other: 0.10ms
[2026-04-03T03:15:29.736+0600][24.780s][info][gc,heap        ] GC(136) Eden regions: 108->0(77)
[2026-04-03T03:15:29.736+0600][24.780s][info][gc,heap        ] GC(136) Survivor regions: 20->16(16)
[2026-04-03T03:15:29.736+0600][24.780s][info][gc,heap        ] GC(136) Old regions: 149->198
[2026-04-03T03:15:29.736+0600][24.780s][info][gc,heap        ] GC(136) Humongous regions: 68->68
[2026-04-03T03:15:29.736+0600][24.780s][info][gc,metaspace   ] GC(136) Metaspace: 69315K(70144K)->69315K(70144K) NonClass: 60483K(60928K)->60483K(60928K) Class: 8831K(9216K)->8831K(9216K)
[2026-04-03T03:15:29.736+0600][24.780s][info][gc             ] GC(136) Pause Young (Mixed) (G1 Evacuation Pause) 344M->281M(412M) 57.235ms
[2026-04-03T03:15:29.736+0600][24.780s][info][gc,cpu         ] GC(136) User=0.41s Sys=0.04s Real=0.06s
[2026-04-03T03:15:29.909+0600][24.953s][info][gc,start       ] GC(137) Pause Young (Concurrent Start) (G1 Humongous Allocation)
[2026-04-03T03:15:29.909+0600][24.953s][info][gc,task        ] GC(137) Using 9 workers of 10 for evacuation
[2026-04-03T03:15:29.927+0600][24.971s][info][gc,phases      ] GC(137)   Pre Evacuate Collection Set: 0.36ms
[2026-04-03T03:15:29.927+0600][24.972s][info][gc,phases      ] GC(137)   Merge Heap Roots: 1.06ms
[2026-04-03T03:15:29.927+0600][24.972s][info][gc,phases      ] GC(137)   Evacuate Collection Set: 16.17ms
[2026-04-03T03:15:29.927+0600][24.972s][info][gc,phases      ] GC(137)   Post Evacuate Collection Set: 0.80ms
[2026-04-03T03:15:29.927+0600][24.972s][info][gc,phases      ] GC(137)   Other: 0.28ms
[2026-04-03T03:15:29.927+0600][24.972s][info][gc,heap        ] GC(137) Eden regions: 36->0(74)
[2026-04-03T03:15:29.928+0600][24.972s][info][gc,heap        ] GC(137) Survivor regions: 16->6(12)
[2026-04-03T03:15:29.928+0600][24.972s][info][gc,heap        ] GC(137) Old regions: 198->216
[2026-04-03T03:15:29.928+0600][24.972s][info][gc,heap        ] GC(137) Humongous regions: 68->68
[2026-04-03T03:15:29.928+0600][24.972s][info][gc,metaspace   ] GC(137) Metaspace: 69548K(70464K)->69548K(70464K) NonClass: 60691K(61184K)->60691K(61184K) Class: 8857K(9280K)->8857K(9280K)
[2026-04-03T03:15:29.928+0600][24.972s][info][gc             ] GC(137) Pause Young (Concurrent Start) (G1 Humongous Allocation) 317M->288M(412M) 19.030ms
[2026-04-03T03:15:29.928+0600][24.972s][info][gc,cpu         ] GC(137) User=0.17s Sys=0.00s Real=0.02s
[2026-04-03T03:15:29.928+0600][24.972s][info][gc             ] GC(138) Concurrent Mark Cycle
[2026-04-03T03:15:29.928+0600][24.972s][info][gc,marking     ] GC(138) Concurrent Scan Root Regions
[2026-04-03T03:15:29.948+0600][24.993s][info][gc,marking     ] GC(138) Concurrent Scan Root Regions 20.658ms
[2026-04-03T03:15:29.949+0600][24.993s][info][gc,marking     ] GC(138) Concurrent Mark
[2026-04-03T03:15:29.949+0600][24.993s][info][gc,marking     ] GC(138) Concurrent Mark From Roots
[2026-04-03T03:15:29.949+0600][24.993s][info][gc,task        ] GC(138) Using 3 workers of 3 for marking
[2026-04-03T03:15:30.193+0600][25.237s][info][gc,marking     ] GC(138) Concurrent Mark From Roots 244.677ms
[2026-04-03T03:15:30.193+0600][25.237s][info][gc,marking     ] GC(138) Concurrent Preclean
[2026-04-03T03:15:30.194+0600][25.238s][info][gc,marking     ] GC(138) Concurrent Preclean 0.269ms
[2026-04-03T03:15:30.194+0600][25.238s][info][gc,start       ] GC(138) Pause Remark
[2026-04-03T03:15:30.199+0600][25.243s][info][gc             ] GC(138) Pause Remark 361M->319M(425M) 4.553ms
[2026-04-03T03:15:30.199+0600][25.243s][info][gc,cpu         ] GC(138) User=0.04s Sys=0.00s Real=0.00s
[2026-04-03T03:15:30.199+0600][25.243s][info][gc,marking     ] GC(138) Concurrent Mark 250.199ms
[2026-04-03T03:15:30.199+0600][25.243s][info][gc,marking     ] GC(138) Concurrent Rebuild Remembered Sets and Scrub Regions
[2026-04-03T03:15:30.345+0600][25.389s][info][gc,marking     ] GC(138) Concurrent Rebuild Remembered Sets and Scrub Regions 146.419ms
[2026-04-03T03:15:30.346+0600][25.390s][info][gc,start       ] GC(138) Pause Cleanup
[2026-04-03T03:15:30.346+0600][25.390s][info][gc             ] GC(138) Pause Cleanup 326M->326M(425M) 0.358ms
[2026-04-03T03:15:30.346+0600][25.390s][info][gc,cpu         ] GC(138) User=0.00s Sys=0.00s Real=0.00s
[2026-04-03T03:15:30.346+0600][25.390s][info][gc,marking     ] GC(138) Concurrent Clear Claimed Marks
[2026-04-03T03:15:30.347+0600][25.391s][info][gc,marking     ] GC(138) Concurrent Clear Claimed Marks 0.312ms
[2026-04-03T03:15:30.347+0600][25.391s][info][gc,marking     ] GC(138) Concurrent Cleanup for Next Mark
[2026-04-03T03:15:30.347+0600][25.391s][info][gc,marking     ] GC(138) Concurrent Cleanup for Next Mark 0.754ms
[2026-04-03T03:15:30.347+0600][25.392s][info][gc             ] GC(138) Concurrent Mark Cycle 419.784ms
[2026-04-03T03:15:30.474+0600][25.518s][info][gc,start       ] GC(139) Pause Young (Prepare Mixed) (G1 Evacuation Pause)
[2026-04-03T03:15:30.474+0600][25.518s][info][gc,task        ] GC(139) Using 10 workers of 10 for evacuation
[2026-04-03T03:15:30.487+0600][25.531s][info][gc,phases      ] GC(139)   Pre Evacuate Collection Set: 0.40ms
[2026-04-03T03:15:30.487+0600][25.531s][info][gc,phases      ] GC(139)   Merge Heap Roots: 0.77ms
[2026-04-03T03:15:30.487+0600][25.531s][info][gc,phases      ] GC(139)   Evacuate Collection Set: 11.03ms
[2026-04-03T03:15:30.487+0600][25.531s][info][gc,phases      ] GC(139)   Post Evacuate Collection Set: 0.80ms
[2026-04-03T03:15:30.487+0600][25.531s][info][gc,phases      ] GC(139)   Other: 0.12ms
[2026-04-03T03:15:30.487+0600][25.531s][info][gc,heap        ] GC(139) Eden regions: 74->0(103)
[2026-04-03T03:15:30.487+0600][25.531s][info][gc,heap        ] GC(139) Survivor regions: 6->10(10)
[2026-04-03T03:15:30.487+0600][25.531s][info][gc,heap        ] GC(139) Old regions: 216->219
[2026-04-03T03:15:30.487+0600][25.531s][info][gc,heap        ] GC(139) Humongous regions: 34->34
[2026-04-03T03:15:30.487+0600][25.531s][info][gc,metaspace   ] GC(139) Metaspace: 69636K(70592K)->69636K(70592K) NonClass: 60771K(61312K)->60771K(61312K) Class: 8864K(9280K)->8864K(9280K)
[2026-04-03T03:15:30.487+0600][25.531s][info][gc             ] GC(139) Pause Young (Prepare Mixed) (G1 Evacuation Pause) 328M->262M(425M) 13.521ms
[2026-04-03T03:15:30.487+0600][25.531s][info][gc,cpu         ] GC(139) User=0.11s Sys=0.00s Real=0.01s
[2026-04-03T03:15:31.084+0600][26.128s][info][gc,start       ] GC(140) Pause Young (Mixed) (G1 Evacuation Pause)
[2026-04-03T03:15:31.084+0600][26.128s][info][gc,task        ] GC(140) Using 10 workers of 10 for evacuation
[2026-04-03T03:15:31.092+0600][26.136s][info][gc,phases      ] GC(140)   Pre Evacuate Collection Set: 0.37ms
[2026-04-03T03:15:31.092+0600][26.136s][info][gc,phases      ] GC(140)   Merge Heap Roots: 0.19ms
[2026-04-03T03:15:31.092+0600][26.136s][info][gc,phases      ] GC(140)   Evacuate Collection Set: 6.57ms
[2026-04-03T03:15:31.092+0600][26.136s][info][gc,phases      ] GC(140)   Post Evacuate Collection Set: 0.53ms
[2026-04-03T03:15:31.092+0600][26.136s][info][gc,phases      ] GC(140)   Other: 0.12ms
[2026-04-03T03:15:31.092+0600][26.136s][info][gc,heap        ] GC(140) Eden regions: 103->0(111)
[2026-04-03T03:15:31.092+0600][26.136s][info][gc,heap        ] GC(140) Survivor regions: 10->8(15)
[2026-04-03T03:15:31.092+0600][26.136s][info][gc,heap        ] GC(140) Old regions: 219->221
[2026-04-03T03:15:31.092+0600][26.136s][info][gc,heap        ] GC(140) Humongous regions: 34->34
[2026-04-03T03:15:31.092+0600][26.136s][info][gc,metaspace   ] GC(140) Metaspace: 69688K(70592K)->69688K(70592K) NonClass: 60821K(61312K)->60821K(61312K) Class: 8866K(9280K)->8866K(9280K)
[2026-04-03T03:15:31.092+0600][26.136s][info][gc             ] GC(140) Pause Young (Mixed) (G1 Evacuation Pause) 365M->262M(425M) 8.042ms
[2026-04-03T03:15:31.092+0600][26.136s][info][gc,cpu         ] GC(140) User=0.07s Sys=0.00s Real=0.01s
[2026-04-03T03:15:31.294+0600][26.338s][info][gc,start       ] GC(141) Pause Young (Concurrent Start) (G1 Humongous Allocation)
[2026-04-03T03:15:31.294+0600][26.338s][info][gc,task        ] GC(141) Using 10 workers of 10 for evacuation
[2026-04-03T03:15:31.301+0600][26.345s][info][gc,phases      ] GC(141)   Pre Evacuate Collection Set: 0.35ms
[2026-04-03T03:15:31.301+0600][26.345s][info][gc,phases      ] GC(141)   Merge Heap Roots: 0.14ms
[2026-04-03T03:15:31.301+0600][26.345s][info][gc,phases      ] GC(141)   Evacuate Collection Set: 5.59ms
[2026-04-03T03:15:31.301+0600][26.345s][info][gc,phases      ] GC(141)   Post Evacuate Collection Set: 0.53ms
[2026-04-03T03:15:31.301+0600][26.345s][info][gc,phases      ] GC(141)   Other: 0.27ms
[2026-04-03T03:15:31.301+0600][26.345s][info][gc,heap        ] GC(141) Eden regions: 60->0(116)
[2026-04-03T03:15:31.301+0600][26.345s][info][gc,heap        ] GC(141) Survivor regions: 8->11(15)
[2026-04-03T03:15:31.301+0600][26.345s][info][gc,heap        ] GC(141) Old regions: 221->221
[2026-04-03T03:15:31.301+0600][26.345s][info][gc,heap        ] GC(141) Humongous regions: 34->34
[2026-04-03T03:15:31.301+0600][26.345s][info][gc,metaspace   ] GC(141) Metaspace: 69705K(70656K)->69705K(70656K) NonClass: 60836K(61376K)->60836K(61376K) Class: 8869K(9280K)->8869K(9280K)
[2026-04-03T03:15:31.301+0600][26.345s][info][gc             ] GC(141) Pause Young (Concurrent Start) (G1 Humongous Allocation) 322M->264M(425M) 7.124ms
[2026-04-03T03:15:31.301+0600][26.345s][info][gc,cpu         ] GC(141) User=0.06s Sys=0.00s Real=0.01s
[2026-04-03T03:15:31.301+0600][26.345s][info][gc             ] GC(142) Concurrent Mark Cycle
[2026-04-03T03:15:31.301+0600][26.345s][info][gc,marking     ] GC(142) Concurrent Scan Root Regions
[2026-04-03T03:15:31.306+0600][26.350s][info][gc,marking     ] GC(142) Concurrent Scan Root Regions 4.983ms
[2026-04-03T03:15:31.306+0600][26.350s][info][gc,marking     ] GC(142) Concurrent Mark
[2026-04-03T03:15:31.306+0600][26.350s][info][gc,marking     ] GC(142) Concurrent Mark From Roots
[2026-04-03T03:15:31.306+0600][26.350s][info][gc,task        ] GC(142) Using 3 workers of 3 for marking
[2026-04-03T03:15:31.560+0600][26.604s][info][gc,marking     ] GC(142) Concurrent Mark From Roots 254.151ms
[2026-04-03T03:15:31.560+0600][26.604s][info][gc,marking     ] GC(142) Concurrent Preclean
[2026-04-03T03:15:31.561+0600][26.605s][info][gc,marking     ] GC(142) Concurrent Preclean 0.442ms
[2026-04-03T03:15:31.561+0600][26.605s][info][gc,start       ] GC(142) Pause Remark
[2026-04-03T03:15:31.575+0600][26.619s][info][gc             ] GC(142) Pause Remark 354M->343M(444M) 13.644ms
[2026-04-03T03:15:31.575+0600][26.619s][info][gc,cpu         ] GC(142) User=0.11s Sys=0.01s Real=0.01s
[2026-04-03T03:15:31.575+0600][26.619s][info][gc,marking     ] GC(142) Concurrent Mark 268.958ms
[2026-04-03T03:15:31.575+0600][26.619s][info][gc,marking     ] GC(142) Concurrent Rebuild Remembered Sets and Scrub Regions
[2026-04-03T03:15:31.717+0600][26.761s][info][gc,marking     ] GC(142) Concurrent Rebuild Remembered Sets and Scrub Regions 141.831ms
[2026-04-03T03:15:31.717+0600][26.761s][info][gc,start       ] GC(142) Pause Cleanup
[2026-04-03T03:15:31.718+0600][26.762s][info][gc             ] GC(142) Pause Cleanup 372M->372M(444M) 0.438ms
[2026-04-03T03:15:31.718+0600][26.762s][info][gc,cpu         ] GC(142) User=0.00s Sys=0.00s Real=0.00s
[2026-04-03T03:15:31.718+0600][26.762s][info][gc,marking     ] GC(142) Concurrent Clear Claimed Marks
[2026-04-03T03:15:31.718+0600][26.762s][info][gc,marking     ] GC(142) Concurrent Clear Claimed Marks 0.233ms
[2026-04-03T03:15:31.718+0600][26.762s][info][gc,marking     ] GC(142) Concurrent Cleanup for Next Mark
[2026-04-03T03:15:31.719+0600][26.763s][info][gc,marking     ] GC(142) Concurrent Cleanup for Next Mark 1.116ms
[2026-04-03T03:15:31.719+0600][26.764s][info][gc             ] GC(142) Concurrent Mark Cycle 418.497ms
[2026-04-03T03:15:31.754+0600][26.799s][info][gc,start       ] GC(143) Pause Young (Prepare Mixed) (G1 Evacuation Pause)
[2026-04-03T03:15:31.755+0600][26.799s][info][gc,task        ] GC(143) Using 10 workers of 10 for evacuation
[2026-04-03T03:15:31.787+0600][26.831s][info][gc,phases      ] GC(143)   Pre Evacuate Collection Set: 0.46ms
[2026-04-03T03:15:31.787+0600][26.831s][info][gc,phases      ] GC(143)   Merge Heap Roots: 1.04ms
[2026-04-03T03:15:31.787+0600][26.831s][info][gc,phases      ] GC(143)   Evacuate Collection Set: 29.89ms
[2026-04-03T03:15:31.787+0600][26.831s][info][gc,phases      ] GC(143)   Post Evacuate Collection Set: 0.89ms
[2026-04-03T03:15:31.787+0600][26.831s][info][gc,phases      ] GC(143)   Other: 0.13ms
[2026-04-03T03:15:31.787+0600][26.831s][info][gc,heap        ] GC(143) Eden regions: 116->0(102)
[2026-04-03T03:15:31.787+0600][26.831s][info][gc,heap        ] GC(143) Survivor regions: 11->16(16)
[2026-04-03T03:15:31.787+0600][26.831s][info][gc,heap        ] GC(143) Old regions: 219->238
[2026-04-03T03:15:31.787+0600][26.831s][info][gc,heap        ] GC(143) Humongous regions: 40->40
[2026-04-03T03:15:31.787+0600][26.831s][info][gc,metaspace   ] GC(143) Metaspace: 69868K(70784K)->69868K(70784K) NonClass: 60970K(61504K)->60970K(61504K) Class: 8898K(9280K)->8898K(9280K)
[2026-04-03T03:15:31.787+0600][26.831s][info][gc             ] GC(143) Pause Young (Prepare Mixed) (G1 Evacuation Pause) 384M->293M(444M) 32.791ms
[2026-04-03T03:15:31.787+0600][26.831s][info][gc,cpu         ] GC(143) User=0.34s Sys=0.00s Real=0.03s
[2026-04-03T03:15:31.999+0600][27.043s][info][gc,start       ] GC(144) Pause Young (Mixed) (G1 Evacuation Pause)
[2026-04-03T03:15:32.000+0600][27.044s][info][gc,task        ] GC(144) Using 10 workers of 10 for evacuation
[2026-04-03T03:15:32.022+0600][27.066s][info][gc,phases      ] GC(144)   Pre Evacuate Collection Set: 0.33ms
[2026-04-03T03:15:32.022+0600][27.066s][info][gc,phases      ] GC(144)   Merge Heap Roots: 0.47ms
[2026-04-03T03:15:32.022+0600][27.066s][info][gc,phases      ] GC(144)   Evacuate Collection Set: 20.56ms
[2026-04-03T03:15:32.022+0600][27.066s][info][gc,phases      ] GC(144)   Post Evacuate Collection Set: 1.27ms
[2026-04-03T03:15:32.022+0600][27.066s][info][gc,phases      ] GC(144)   Other: 0.13ms
[2026-04-03T03:15:32.022+0600][27.066s][info][gc,heap        ] GC(144) Eden regions: 102->0(162)
[2026-04-03T03:15:32.022+0600][27.066s][info][gc,heap        ] GC(144) Survivor regions: 16->7(15)
[2026-04-03T03:15:32.022+0600][27.067s][info][gc,heap        ] GC(144) Old regions: 238->249
[2026-04-03T03:15:32.022+0600][27.067s][info][gc,heap        ] GC(144) Humongous regions: 44->44
[2026-04-03T03:15:32.022+0600][27.067s][info][gc,metaspace   ] GC(144) Metaspace: 69942K(70848K)->69942K(70848K) NonClass: 61041K(61568K)->61041K(61568K) Class: 8900K(9280K)->8900K(9280K)
[2026-04-03T03:15:32.022+0600][27.067s][info][gc             ] GC(144) Pause Young (Mixed) (G1 Evacuation Pause) 399M->298M(520M) 23.090ms
[2026-04-03T03:15:32.023+0600][27.067s][info][gc,cpu         ] GC(144) User=0.24s Sys=0.00s Real=0.03s
[2026-04-03T03:15:32.231+0600][27.275s][info][gc,start       ] GC(145) Pause Young (Concurrent Start) (G1 Humongous Allocation)
[2026-04-03T03:15:32.231+0600][27.275s][info][gc,task        ] GC(145) Using 10 workers of 10 for evacuation
[2026-04-03T03:15:32.243+0600][27.287s][info][gc,phases      ] GC(145)   Pre Evacuate Collection Set: 0.46ms
[2026-04-03T03:15:32.243+0600][27.287s][info][gc,phases      ] GC(145)   Merge Heap Roots: 0.20ms
[2026-04-03T03:15:32.243+0600][27.287s][info][gc,phases      ] GC(145)   Evacuate Collection Set: 9.93ms
[2026-04-03T03:15:32.243+0600][27.287s][info][gc,phases      ] GC(145)   Post Evacuate Collection Set: 0.64ms
[2026-04-03T03:15:32.243+0600][27.287s][info][gc,phases      ] GC(145)   Other: 0.17ms
[2026-04-03T03:15:32.243+0600][27.287s][info][gc,heap        ] GC(145) Eden regions: 127->0(165)
[2026-04-03T03:15:32.243+0600][27.287s][info][gc,heap        ] GC(145) Survivor regions: 7->12(22)
[2026-04-03T03:15:32.243+0600][27.287s][info][gc,heap        ] GC(145) Old regions: 249->249
[2026-04-03T03:15:32.243+0600][27.287s][info][gc,heap        ] GC(145) Humongous regions: 44->44
[2026-04-03T03:15:32.243+0600][27.287s][info][gc,metaspace   ] GC(145) Metaspace: 69942K(70848K)->69942K(70848K) NonClass: 61042K(61568K)->61042K(61568K) Class: 8900K(9280K)->8900K(9280K)
[2026-04-03T03:15:32.243+0600][27.287s][info][gc             ] GC(145) Pause Young (Concurrent Start) (G1 Humongous Allocation) 425M->303M(520M) 11.778ms
[2026-04-03T03:15:32.243+0600][27.287s][info][gc             ] GC(146) Concurrent Mark Cycle
[2026-04-03T03:15:32.243+0600][27.287s][info][gc,cpu         ] GC(145) User=0.11s Sys=0.00s Real=0.01s
[2026-04-03T03:15:32.243+0600][27.287s][info][gc,marking     ] GC(146) Concurrent Scan Root Regions
[2026-04-03T03:15:32.249+0600][27.293s][info][gc,marking     ] GC(146) Concurrent Scan Root Regions 6.060ms
[2026-04-03T03:15:32.249+0600][27.293s][info][gc,marking     ] GC(146) Concurrent Mark
[2026-04-03T03:15:32.249+0600][27.293s][info][gc,marking     ] GC(146) Concurrent Mark From Roots
[2026-04-03T03:15:32.249+0600][27.293s][info][gc,task        ] GC(146) Using 3 workers of 3 for marking
[2026-04-03T03:15:32.516+0600][27.560s][info][gc,marking     ] GC(146) Concurrent Mark From Roots 266.262ms
[2026-04-03T03:15:32.516+0600][27.560s][info][gc,marking     ] GC(146) Concurrent Preclean
[2026-04-03T03:15:32.516+0600][27.560s][info][gc,marking     ] GC(146) Concurrent Preclean 0.200ms
[2026-04-03T03:15:32.516+0600][27.560s][info][gc,start       ] GC(146) Pause Remark
[2026-04-03T03:15:32.521+0600][27.565s][info][gc             ] GC(146) Pause Remark 446M->391M(520M) 5.112ms
[2026-04-03T03:15:32.521+0600][27.565s][info][gc,cpu         ] GC(146) User=0.03s Sys=0.00s Real=0.01s
[2026-04-03T03:15:32.522+0600][27.566s][info][gc,marking     ] GC(146) Concurrent Mark 272.190ms
[2026-04-03T03:15:32.522+0600][27.566s][info][gc,marking     ] GC(146) Concurrent Rebuild Remembered Sets and Scrub Regions
[2026-04-03T03:15:32.581+0600][27.625s][info][gc,start       ] GC(147) Pause Young (Normal) (G1 Evacuation Pause)
[2026-04-03T03:15:32.582+0600][27.626s][info][gc,task        ] GC(147) Using 10 workers of 10 for evacuation
[2026-04-03T03:15:32.604+0600][27.648s][info][gc,phases      ] GC(147)   Pre Evacuate Collection Set: 0.54ms
[2026-04-03T03:15:32.604+0600][27.649s][info][gc,phases      ] GC(147)   Merge Heap Roots: 0.88ms
[2026-04-03T03:15:32.604+0600][27.649s][info][gc,phases      ] GC(147)   Evacuate Collection Set: 20.35ms
[2026-04-03T03:15:32.604+0600][27.649s][info][gc,phases      ] GC(147)   Post Evacuate Collection Set: 0.91ms
[2026-04-03T03:15:32.604+0600][27.649s][info][gc,phases      ] GC(147)   Other: 0.16ms
[2026-04-03T03:15:32.605+0600][27.649s][info][gc,heap        ] GC(147) Eden regions: 165->0(200)
[2026-04-03T03:15:32.605+0600][27.649s][info][gc,heap        ] GC(147) Survivor regions: 12->18(23)
[2026-04-03T03:15:32.605+0600][27.649s][info][gc,heap        ] GC(147) Old regions: 216->216
[2026-04-03T03:15:32.605+0600][27.649s][info][gc,heap        ] GC(147) Humongous regions: 35->35
[2026-04-03T03:15:32.605+0600][27.649s][info][gc,metaspace   ] GC(147) Metaspace: 69942K(70848K)->69942K(70848K) NonClass: 61042K(61568K)->61042K(61568K) Class: 8900K(9280K)->8900K(9280K)
[2026-04-03T03:15:32.605+0600][27.649s][info][gc             ] GC(147) Pause Young (Normal) (G1 Evacuation Pause) 426M->268M(520M) 23.189ms
[2026-04-03T03:15:32.605+0600][27.649s][info][gc,cpu         ] GC(147) User=0.22s Sys=0.00s Real=0.02s
[2026-04-03T03:15:32.653+0600][27.697s][info][gc,marking     ] GC(146) Concurrent Rebuild Remembered Sets and Scrub Regions 131.435ms
[2026-04-03T03:15:32.653+0600][27.698s][info][gc,start       ] GC(146) Pause Cleanup
[2026-04-03T03:15:32.654+0600][27.698s][info][gc             ] GC(146) Pause Cleanup 299M->299M(520M) 0.493ms
[2026-04-03T03:15:32.654+0600][27.698s][info][gc,cpu         ] GC(146) User=0.01s Sys=0.00s Real=0.00s
[2026-04-03T03:15:32.654+0600][27.698s][info][gc,marking     ] GC(146) Concurrent Clear Claimed Marks
[2026-04-03T03:15:32.654+0600][27.698s][info][gc,marking     ] GC(146) Concurrent Clear Claimed Marks 0.246ms
[2026-04-03T03:15:32.655+0600][27.699s][info][gc,marking     ] GC(146) Concurrent Cleanup for Next Mark
[2026-04-03T03:15:32.656+0600][27.700s][info][gc,marking     ] GC(146) Concurrent Cleanup for Next Mark 1.493ms
[2026-04-03T03:15:32.656+0600][27.700s][info][gc             ] GC(146) Concurrent Mark Cycle 413.078ms
[2026-04-03T03:15:32.848+0600][27.892s][info][gc,start       ] GC(148) Pause Young (Prepare Mixed) (G1 Evacuation Pause)
[2026-04-03T03:15:32.860+0600][27.904s][info][gc,task        ] GC(148) Using 10 workers of 10 for evacuation
[2026-04-03T03:15:32.884+0600][27.928s][info][gc,phases      ] GC(148)   Pre Evacuate Collection Set: 0.58ms
[2026-04-03T03:15:32.884+0600][27.928s][info][gc,phases      ] GC(148)   Merge Heap Roots: 0.54ms
[2026-04-03T03:15:32.884+0600][27.928s][info][gc,phases      ] GC(148)   Evacuate Collection Set: 21.98ms
[2026-04-03T03:15:32.884+0600][27.928s][info][gc,phases      ] GC(148)   Post Evacuate Collection Set: 0.73ms
[2026-04-03T03:15:32.884+0600][27.928s][info][gc,phases      ] GC(148)   Other: 0.19ms
[2026-04-03T03:15:32.884+0600][27.928s][info][gc,heap        ] GC(148) Eden regions: 200->0(201)
[2026-04-03T03:15:32.884+0600][27.928s][info][gc,heap        ] GC(148) Survivor regions: 18->22(28)
[2026-04-03T03:15:32.884+0600][27.928s][info][gc,heap        ] GC(148) Old regions: 216->220
[2026-04-03T03:15:32.884+0600][27.928s][info][gc,heap        ] GC(148) Humongous regions: 35->35
[2026-04-03T03:15:32.884+0600][27.928s][info][gc,metaspace   ] GC(148) Metaspace: 70053K(70976K)->70053K(70976K) NonClass: 61128K(61632K)->61128K(61632K) Class: 8925K(9344K)->8925K(9344K)
[2026-04-03T03:15:32.884+0600][27.928s][info][gc             ] GC(148) Pause Young (Prepare Mixed) (G1 Evacuation Pause) 468M->275M(520M) 36.069ms
[2026-04-03T03:15:32.884+0600][27.928s][info][gc,cpu         ] GC(148) User=0.23s Sys=0.00s Real=0.04s
[2026-04-03T03:15:33.062+0600][28.106s][info][gc,start       ] GC(149) Pause Young (Mixed) (G1 Evacuation Pause)
[2026-04-03T03:15:33.062+0600][28.106s][info][gc,task        ] GC(149) Using 10 workers of 10 for evacuation
[2026-04-03T03:15:33.089+0600][28.133s][info][gc,phases      ] GC(149)   Pre Evacuate Collection Set: 0.43ms
[2026-04-03T03:15:33.089+0600][28.133s][info][gc,phases      ] GC(149)   Merge Heap Roots: 0.46ms
[2026-04-03T03:15:33.089+0600][28.133s][info][gc,phases      ] GC(149)   Evacuate Collection Set: 24.52ms
[2026-04-03T03:15:33.089+0600][28.133s][info][gc,phases      ] GC(149)   Post Evacuate Collection Set: 1.30ms
[2026-04-03T03:15:33.089+0600][28.133s][info][gc,phases      ] GC(149)   Other: 0.16ms
[2026-04-03T03:15:33.089+0600][28.133s][info][gc,heap        ] GC(149) Eden regions: 201->0(208)
[2026-04-03T03:15:33.089+0600][28.133s][info][gc,heap        ] GC(149) Survivor regions: 22->17(28)
[2026-04-03T03:15:33.089+0600][28.133s][info][gc,heap        ] GC(149) Old regions: 220->219
[2026-04-03T03:15:33.089+0600][28.133s][info][gc,heap        ] GC(149) Humongous regions: 38->38
[2026-04-03T03:15:33.089+0600][28.133s][info][gc,metaspace   ] GC(149) Metaspace: 70053K(70976K)->70053K(70976K) NonClass: 61128K(61632K)->61128K(61632K) Class: 8925K(9344K)->8925K(9344K)
[2026-04-03T03:15:33.089+0600][28.133s][info][gc             ] GC(149) Pause Young (Mixed) (G1 Evacuation Pause) 479M->272M(520M) 27.254ms
[2026-04-03T03:15:33.089+0600][28.133s][info][gc,cpu         ] GC(149) User=0.25s Sys=0.00s Real=0.02s
[2026-04-03T03:15:33.266+0600][28.310s][info][gc,start       ] GC(150) Pause Young (Concurrent Start) (G1 Evacuation Pause)
[2026-04-03T03:15:33.266+0600][28.310s][info][gc,task        ] GC(150) Using 10 workers of 10 for evacuation
[2026-04-03T03:15:33.285+0600][28.329s][info][gc,phases      ] GC(150)   Pre Evacuate Collection Set: 0.58ms
[2026-04-03T03:15:33.285+0600][28.329s][info][gc,phases      ] GC(150)   Merge Heap Roots: 0.20ms
[2026-04-03T03:15:33.285+0600][28.329s][info][gc,phases      ] GC(150)   Evacuate Collection Set: 16.50ms
[2026-04-03T03:15:33.285+0600][28.329s][info][gc,phases      ] GC(150)   Post Evacuate Collection Set: 1.26ms
[2026-04-03T03:15:33.285+0600][28.329s][info][gc,phases      ] GC(150)   Other: 0.31ms
[2026-04-03T03:15:33.285+0600][28.329s][info][gc,heap        ] GC(150) Eden regions: 208->0(206)
[2026-04-03T03:15:33.285+0600][28.329s][info][gc,heap        ] GC(150) Survivor regions: 17->17(29)
[2026-04-03T03:15:33.285+0600][28.329s][info][gc,heap        ] GC(150) Old regions: 219->225
[2026-04-03T03:15:33.285+0600][28.329s][info][gc,heap        ] GC(150) Humongous regions: 38->38
[2026-04-03T03:15:33.285+0600][28.329s][info][gc,metaspace   ] GC(150) Metaspace: 70059K(70976K)->70059K(70976K) NonClass: 61134K(61632K)->61134K(61632K) Class: 8925K(9344K)->8925K(9344K)
[2026-04-03T03:15:33.285+0600][28.329s][info][gc             ] GC(150) Pause Young (Concurrent Start) (G1 Evacuation Pause) 480M->278M(520M) 19.480ms
[2026-04-03T03:15:33.285+0600][28.329s][info][gc,cpu         ] GC(150) User=0.17s Sys=0.00s Real=0.02s
[2026-04-03T03:15:33.285+0600][28.329s][info][gc             ] GC(151) Concurrent Mark Cycle
[2026-04-03T03:15:33.285+0600][28.329s][info][gc,marking     ] GC(151) Concurrent Scan Root Regions
[2026-04-03T03:15:33.296+0600][28.340s][info][gc,marking     ] GC(151) Concurrent Scan Root Regions 10.552ms
[2026-04-03T03:15:33.296+0600][28.340s][info][gc,marking     ] GC(151) Concurrent Mark
[2026-04-03T03:15:33.296+0600][28.340s][info][gc,marking     ] GC(151) Concurrent Mark From Roots
[2026-04-03T03:15:33.296+0600][28.340s][info][gc,task        ] GC(151) Using 3 workers of 3 for marking
[2026-04-03T03:15:33.556+0600][28.600s][info][gc,start       ] GC(152) Pause Young (Normal) (G1 Evacuation Pause)
[2026-04-03T03:15:33.556+0600][28.600s][info][gc,task        ] GC(152) Using 10 workers of 10 for evacuation
[2026-04-03T03:15:33.578+0600][28.622s][info][gc,phases      ] GC(152)   Pre Evacuate Collection Set: 0.46ms
[2026-04-03T03:15:33.578+0600][28.623s][info][gc,phases      ] GC(152)   Merge Heap Roots: 0.28ms
[2026-04-03T03:15:33.578+0600][28.623s][info][gc,phases      ] GC(152)   Evacuate Collection Set: 20.14ms
[2026-04-03T03:15:33.578+0600][28.623s][info][gc,phases      ] GC(152)   Post Evacuate Collection Set: 1.08ms
[2026-04-03T03:15:33.579+0600][28.623s][info][gc,phases      ] GC(152)   Other: 0.16ms
[2026-04-03T03:15:33.579+0600][28.623s][info][gc,heap        ] GC(152) Eden regions: 206->0(218)
[2026-04-03T03:15:33.579+0600][28.623s][info][gc,heap        ] GC(152) Survivor regions: 17->16(28)
[2026-04-03T03:15:33.579+0600][28.623s][info][gc,heap        ] GC(152) Old regions: 225->233
[2026-04-03T03:15:33.579+0600][28.623s][info][gc,heap        ] GC(152) Humongous regions: 38->38
[2026-04-03T03:15:33.579+0600][28.623s][info][gc,metaspace   ] GC(152) Metaspace: 70059K(70976K)->70059K(70976K) NonClass: 61134K(61632K)->61134K(61632K) Class: 8925K(9344K)->8925K(9344K)
[2026-04-03T03:15:33.579+0600][28.623s][info][gc             ] GC(152) Pause Young (Normal) (G1 Evacuation Pause) 484M->285M(538M) 22.469ms
[2026-04-03T03:15:33.579+0600][28.623s][info][gc,cpu         ] GC(152) User=0.22s Sys=0.00s Real=0.02s
[2026-04-03T03:15:33.586+0600][28.631s][info][gc,marking     ] GC(151) Concurrent Mark From Roots 290.391ms
[2026-04-03T03:15:33.587+0600][28.631s][info][gc,marking     ] GC(151) Concurrent Preclean
[2026-04-03T03:15:33.587+0600][28.631s][info][gc,marking     ] GC(151) Concurrent Preclean 0.175ms
[2026-04-03T03:15:33.587+0600][28.631s][info][gc,start       ] GC(151) Pause Remark
[2026-04-03T03:15:33.591+0600][28.635s][info][gc             ] GC(151) Pause Remark 290M->281M(538M) 4.256ms
[2026-04-03T03:15:33.591+0600][28.636s][info][gc,cpu         ] GC(151) User=0.03s Sys=0.00s Real=0.01s
[2026-04-03T03:15:33.592+0600][28.636s][info][gc,marking     ] GC(151) Concurrent Mark 295.568ms
[2026-04-03T03:15:33.592+0600][28.636s][info][gc,marking     ] GC(151) Concurrent Rebuild Remembered Sets and Scrub Regions
[2026-04-03T03:15:33.718+0600][28.762s][info][gc,marking     ] GC(151) Concurrent Rebuild Remembered Sets and Scrub Regions 126.086ms
[2026-04-03T03:15:33.718+0600][28.762s][info][gc,start       ] GC(151) Pause Cleanup
[2026-04-03T03:15:33.719+0600][28.763s][info][gc             ] GC(151) Pause Cleanup 381M->381M(538M) 0.624ms
[2026-04-03T03:15:33.719+0600][28.763s][info][gc,cpu         ] GC(151) User=0.00s Sys=0.00s Real=0.00s
[2026-04-03T03:15:33.719+0600][28.763s][info][gc,marking     ] GC(151) Concurrent Clear Claimed Marks
[2026-04-03T03:15:33.719+0600][28.763s][info][gc,marking     ] GC(151) Concurrent Clear Claimed Marks 0.207ms
[2026-04-03T03:15:33.719+0600][28.763s][info][gc,marking     ] GC(151) Concurrent Cleanup for Next Mark
[2026-04-03T03:15:33.720+0600][28.764s][info][gc,marking     ] GC(151) Concurrent Cleanup for Next Mark 1.187ms
[2026-04-03T03:15:33.720+0600][28.765s][info][gc             ] GC(151) Concurrent Mark Cycle 435.227ms
[2026-04-03T03:15:33.829+0600][28.874s][info][gc,start       ] GC(153) Pause Young (Prepare Mixed) (G1 Evacuation Pause)
[2026-04-03T03:15:33.830+0600][28.874s][info][gc,task        ] GC(153) Using 10 workers of 10 for evacuation
[2026-04-03T03:15:33.853+0600][28.897s][info][gc,phases      ] GC(153)   Pre Evacuate Collection Set: 0.43ms
[2026-04-03T03:15:33.853+0600][28.897s][info][gc,phases      ] GC(153)   Merge Heap Roots: 0.76ms
[2026-04-03T03:15:33.853+0600][28.897s][info][gc,phases      ] GC(153)   Evacuate Collection Set: 20.62ms
[2026-04-03T03:15:33.853+0600][28.897s][info][gc,phases      ] GC(153)   Post Evacuate Collection Set: 1.33ms
[2026-04-03T03:15:33.853+0600][28.897s][info][gc,phases      ] GC(153)   Other: 0.13ms
[2026-04-03T03:15:33.853+0600][28.897s][info][gc,heap        ] GC(153) Eden regions: 218->0(217)
[2026-04-03T03:15:33.853+0600][28.897s][info][gc,heap        ] GC(153) Survivor regions: 16->24(30)
[2026-04-03T03:15:33.853+0600][28.897s][info][gc,heap        ] GC(153) Old regions: 233->233
[2026-04-03T03:15:33.853+0600][28.897s][info][gc,heap        ] GC(153) Humongous regions: 34->34
[2026-04-03T03:15:33.853+0600][28.897s][info][gc,metaspace   ] GC(153) Metaspace: 70059K(70976K)->70059K(70976K) NonClass: 61134K(61632K)->61134K(61632K) Class: 8925K(9344K)->8925K(9344K)
[2026-04-03T03:15:33.853+0600][28.897s][info][gc             ] GC(153) Pause Young (Prepare Mixed) (G1 Evacuation Pause) 499M->289M(538M) 23.715ms
[2026-04-03T03:15:33.853+0600][28.897s][info][gc,cpu         ] GC(153) User=0.20s Sys=0.00s Real=0.03s
[2026-04-03T03:15:34.057+0600][29.102s][info][gc,start       ] GC(154) Pause Young (Mixed) (G1 Evacuation Pause)
[2026-04-03T03:15:34.058+0600][29.102s][info][gc,task        ] GC(154) Using 10 workers of 10 for evacuation
[2026-04-03T03:15:34.081+0600][29.125s][info][gc,phases      ] GC(154)   Pre Evacuate Collection Set: 0.30ms
[2026-04-03T03:15:34.081+0600][29.125s][info][gc,phases      ] GC(154)   Merge Heap Roots: 0.23ms
[2026-04-03T03:15:34.081+0600][29.125s][info][gc,phases      ] GC(154)   Evacuate Collection Set: 22.39ms
[2026-04-03T03:15:34.081+0600][29.125s][info][gc,phases      ] GC(154)   Post Evacuate Collection Set: 0.58ms
[2026-04-03T03:15:34.081+0600][29.125s][info][gc,phases      ] GC(154)   Other: 0.13ms
[2026-04-03T03:15:34.081+0600][29.125s][info][gc,heap        ] GC(154) Eden regions: 217->0(221)
[2026-04-03T03:15:34.081+0600][29.125s][info][gc,heap        ] GC(154) Survivor regions: 24->23(31)
[2026-04-03T03:15:34.081+0600][29.125s][info][gc,heap        ] GC(154) Old regions: 233->232
[2026-04-03T03:15:34.081+0600][29.125s][info][gc,heap        ] GC(154) Humongous regions: 34->34
[2026-04-03T03:15:34.081+0600][29.125s][info][gc,metaspace   ] GC(154) Metaspace: 70059K(70976K)->70059K(70976K) NonClass: 61134K(61632K)->61134K(61632K) Class: 8925K(9344K)->8925K(9344K)
[2026-04-03T03:15:34.081+0600][29.125s][info][gc             ] GC(154) Pause Young (Mixed) (G1 Evacuation Pause) 506M->287M(539M) 23.919ms
[2026-04-03T03:15:34.081+0600][29.126s][info][gc,cpu         ] GC(154) User=0.22s Sys=0.01s Real=0.03s
[2026-04-03T03:15:34.214+0600][29.258s][info][gc,start       ] GC(155) Pause Young (Concurrent Start) (G1 Humongous Allocation)
[2026-04-03T03:15:34.214+0600][29.258s][info][gc,task        ] GC(155) Using 10 workers of 10 for evacuation
[2026-04-03T03:15:34.235+0600][29.279s][info][gc,phases      ] GC(155)   Pre Evacuate Collection Set: 0.44ms
[2026-04-03T03:15:34.235+0600][29.279s][info][gc,phases      ] GC(155)   Merge Heap Roots: 0.23ms
[2026-04-03T03:15:34.235+0600][29.279s][info][gc,phases      ] GC(155)   Evacuate Collection Set: 19.51ms
[2026-04-03T03:15:34.235+0600][29.279s][info][gc,phases      ] GC(155)   Post Evacuate Collection Set: 0.64ms
[2026-04-03T03:15:34.235+0600][29.279s][info][gc,phases      ] GC(155)   Other: 0.16ms
[2026-04-03T03:15:34.235+0600][29.279s][info][gc,heap        ] GC(155) Eden regions: 140->0(216)
[2026-04-03T03:15:34.235+0600][29.279s][info][gc,heap        ] GC(155) Survivor regions: 23->15(31)
[2026-04-03T03:15:34.235+0600][29.279s][info][gc,heap        ] GC(155) Old regions: 232->246
[2026-04-03T03:15:34.235+0600][29.279s][info][gc,heap        ] GC(155) Humongous regions: 34->34
[2026-04-03T03:15:34.235+0600][29.279s][info][gc,metaspace   ] GC(155) Metaspace: 70059K(70976K)->70059K(70976K) NonClass: 61134K(61632K)->61134K(61632K) Class: 8925K(9344K)->8925K(9344K)
[2026-04-03T03:15:34.235+0600][29.279s][info][gc             ] GC(155) Pause Young (Concurrent Start) (G1 Humongous Allocation) 427M->293M(539M) 21.308ms
[2026-04-03T03:15:34.235+0600][29.279s][info][gc,cpu         ] GC(155) User=0.20s Sys=0.00s Real=0.02s
[2026-04-03T03:15:34.235+0600][29.279s][info][gc             ] GC(156) Concurrent Mark Cycle
[2026-04-03T03:15:34.235+0600][29.280s][info][gc,marking     ] GC(156) Concurrent Scan Root Regions
[2026-04-03T03:15:34.245+0600][29.289s][info][gc,marking     ] GC(156) Concurrent Scan Root Regions 9.685ms
[2026-04-03T03:15:34.245+0600][29.289s][info][gc,marking     ] GC(156) Concurrent Mark
[2026-04-03T03:15:34.245+0600][29.289s][info][gc,marking     ] GC(156) Concurrent Mark From Roots
[2026-04-03T03:15:34.245+0600][29.289s][info][gc,task        ] GC(156) Using 3 workers of 3 for marking
[2026-04-03T03:15:34.519+0600][29.563s][info][gc,marking     ] GC(156) Concurrent Mark From Roots 273.795ms
[2026-04-03T03:15:34.519+0600][29.563s][info][gc,marking     ] GC(156) Concurrent Preclean
[2026-04-03T03:15:34.519+0600][29.563s][info][gc,marking     ] GC(156) Concurrent Preclean 0.176ms
[2026-04-03T03:15:34.520+0600][29.564s][info][gc,start       ] GC(156) Pause Remark
[2026-04-03T03:15:34.525+0600][29.569s][info][gc             ] GC(156) Pause Remark 497M->494M(539M) 5.021ms
[2026-04-03T03:15:34.525+0600][29.569s][info][gc,cpu         ] GC(156) User=0.03s Sys=0.01s Real=0.01s
[2026-04-03T03:15:34.525+0600][29.569s][info][gc,marking     ] GC(156) Concurrent Mark 279.880ms
[2026-04-03T03:15:34.525+0600][29.569s][info][gc,marking     ] GC(156) Concurrent Rebuild Remembered Sets and Scrub Regions
[2026-04-03T03:15:34.561+0600][29.605s][info][gc,start       ] GC(157) Pause Young (Normal) (G1 Evacuation Pause)
[2026-04-03T03:15:34.561+0600][29.605s][info][gc,task        ] GC(157) Using 10 workers of 10 for evacuation
[2026-04-03T03:15:34.591+0600][29.635s][info][gc,phases      ] GC(157)   Pre Evacuate Collection Set: 0.75ms
[2026-04-03T03:15:34.591+0600][29.635s][info][gc,phases      ] GC(157)   Merge Heap Roots: 1.08ms
[2026-04-03T03:15:34.591+0600][29.635s][info][gc,phases      ] GC(157)   Evacuate Collection Set: 26.89ms
[2026-04-03T03:15:34.591+0600][29.635s][info][gc,phases      ] GC(157)   Post Evacuate Collection Set: 1.07ms
[2026-04-03T03:15:34.591+0600][29.635s][info][gc,phases      ] GC(157)   Other: 0.15ms
[2026-04-03T03:15:34.591+0600][29.635s][info][gc,heap        ] GC(157) Eden regions: 216->0(203)
[2026-04-03T03:15:34.591+0600][29.635s][info][gc,heap        ] GC(157) Survivor regions: 15->21(29)
[2026-04-03T03:15:34.591+0600][29.635s][info][gc,heap        ] GC(157) Old regions: 246->246
[2026-04-03T03:15:34.591+0600][29.635s][info][gc,heap        ] GC(157) Humongous regions: 49->49
[2026-04-03T03:15:34.591+0600][29.635s][info][gc,metaspace   ] GC(157) Metaspace: 70059K(70976K)->70059K(70976K) NonClass: 61134K(61632K)->61134K(61632K) Class: 8925K(9344K)->8925K(9344K)
[2026-04-03T03:15:34.591+0600][29.635s][info][gc             ] GC(157) Pause Young (Normal) (G1 Evacuation Pause) 524M->314M(547M) 30.321ms
[2026-04-03T03:15:34.591+0600][29.635s][info][gc,cpu         ] GC(157) User=0.27s Sys=0.00s Real=0.03s
[2026-04-03T03:15:34.774+0600][29.818s][info][gc,marking     ] GC(156) Concurrent Rebuild Remembered Sets and Scrub Regions 248.461ms
[2026-04-03T03:15:34.774+0600][29.818s][info][gc,start       ] GC(156) Pause Cleanup
[2026-04-03T03:15:34.775+0600][29.819s][info][gc             ] GC(156) Pause Cleanup 488M->488M(547M) 0.610ms
[2026-04-03T03:15:34.775+0600][29.819s][info][gc,cpu         ] GC(156) User=0.00s Sys=0.00s Real=0.00s
[2026-04-03T03:15:34.775+0600][29.819s][info][gc,marking     ] GC(156) Concurrent Clear Claimed Marks
[2026-04-03T03:15:34.775+0600][29.819s][info][gc,marking     ] GC(156) Concurrent Clear Claimed Marks 0.218ms
[2026-04-03T03:15:34.775+0600][29.819s][info][gc,marking     ] GC(156) Concurrent Cleanup for Next Mark
[2026-04-03T03:15:34.777+0600][29.821s][info][gc,marking     ] GC(156) Concurrent Cleanup for Next Mark 1.451ms
[2026-04-03T03:15:34.777+0600][29.821s][info][gc             ] GC(156) Concurrent Mark Cycle 541.334ms
[2026-04-03T03:15:34.803+0600][29.847s][info][gc,start       ] GC(158) Pause Young (Prepare Mixed) (G1 Evacuation Pause)
[2026-04-03T03:15:34.803+0600][29.847s][info][gc,task        ] GC(158) Using 10 workers of 10 for evacuation
[2026-04-03T03:15:34.831+0600][29.875s][info][gc,phases      ] GC(158)   Pre Evacuate Collection Set: 0.36ms
[2026-04-03T03:15:34.831+0600][29.875s][info][gc,phases      ] GC(158)   Merge Heap Roots: 0.97ms
[2026-04-03T03:15:34.831+0600][29.875s][info][gc,phases      ] GC(158)   Evacuate Collection Set: 25.19ms
[2026-04-03T03:15:34.831+0600][29.875s][info][gc,phases      ] GC(158)   Post Evacuate Collection Set: 1.19ms
[2026-04-03T03:15:34.831+0600][29.875s][info][gc,phases      ] GC(158)   Other: 0.11ms
[2026-04-03T03:15:34.831+0600][29.875s][info][gc,heap        ] GC(158) Eden regions: 203->0(198)
[2026-04-03T03:15:34.831+0600][29.875s][info][gc,heap        ] GC(158) Survivor regions: 21->19(28)
[2026-04-03T03:15:34.831+0600][29.875s][info][gc,heap        ] GC(158) Old regions: 246->253
[2026-04-03T03:15:34.831+0600][29.875s][info][gc,heap        ] GC(158) Humongous regions: 49->49
[2026-04-03T03:15:34.831+0600][29.875s][info][gc,metaspace   ] GC(158) Metaspace: 70060K(70976K)->70060K(70976K) NonClass: 61135K(61632K)->61135K(61632K) Class: 8925K(9344K)->8925K(9344K)
[2026-04-03T03:15:34.831+0600][29.875s][info][gc             ] GC(158) Pause Young (Prepare Mixed) (G1 Evacuation Pause) 517M->319M(547M) 28.234ms
[2026-04-03T03:15:34.831+0600][29.875s][info][gc,cpu         ] GC(158) User=0.26s Sys=0.01s Real=0.03s
[2026-04-03T03:15:35.246+0600][30.290s][info][gc,start       ] GC(159) Pause Young (Mixed) (G1 Evacuation Pause)
[2026-04-03T03:15:35.246+0600][30.290s][info][gc,task        ] GC(159) Using 10 workers of 10 for evacuation
[2026-04-03T03:15:35.281+0600][30.325s][info][gc,phases      ] GC(159)   Pre Evacuate Collection Set: 0.32ms
[2026-04-03T03:15:35.281+0600][30.325s][info][gc,phases      ] GC(159)   Merge Heap Roots: 0.64ms
[2026-04-03T03:15:35.281+0600][30.325s][info][gc,phases      ] GC(159)   Evacuate Collection Set: 32.60ms
[2026-04-03T03:15:35.281+0600][30.325s][info][gc,phases      ] GC(159)   Post Evacuate Collection Set: 0.82ms
[2026-04-03T03:15:35.281+0600][30.325s][info][gc,phases      ] GC(159)   Other: 0.11ms
[2026-04-03T03:15:35.281+0600][30.325s][info][gc,heap        ] GC(159) Eden regions: 198->0(198)
[2026-04-03T03:15:35.281+0600][30.325s][info][gc,heap        ] GC(159) Survivor regions: 19->19(28)
[2026-04-03T03:15:35.281+0600][30.325s][info][gc,heap        ] GC(159) Old regions: 253->253
[2026-04-03T03:15:35.281+0600][30.325s][info][gc,heap        ] GC(159) Humongous regions: 58->58
[2026-04-03T03:15:35.281+0600][30.325s][info][gc,metaspace   ] GC(159) Metaspace: 70077K(70976K)->70077K(70976K) NonClass: 61149K(61632K)->61149K(61632K) Class: 8927K(9344K)->8927K(9344K)
[2026-04-03T03:15:35.281+0600][30.325s][info][gc             ] GC(159) Pause Young (Mixed) (G1 Evacuation Pause) 526M->329M(557M) 34.867ms
[2026-04-03T03:15:35.281+0600][30.325s][info][gc,cpu         ] GC(159) User=0.35s Sys=0.01s Real=0.04s
[2026-04-03T03:15:35.308+0600][30.352s][info][gc,start       ] GC(160) Pause Young (Concurrent Start) (G1 Humongous Allocation)
[2026-04-03T03:15:35.308+0600][30.352s][info][gc,task        ] GC(160) Using 10 workers of 10 for evacuation
[2026-04-03T03:15:35.332+0600][30.376s][info][gc,phases      ] GC(160)   Pre Evacuate Collection Set: 0.47ms
[2026-04-03T03:15:35.332+0600][30.376s][info][gc,phases      ] GC(160)   Merge Heap Roots: 0.24ms
[2026-04-03T03:15:35.332+0600][30.376s][info][gc,phases      ] GC(160)   Evacuate Collection Set: 21.88ms
[2026-04-03T03:15:35.332+0600][30.376s][info][gc,phases      ] GC(160)   Post Evacuate Collection Set: 1.05ms
[2026-04-03T03:15:35.332+0600][30.376s][info][gc,phases      ] GC(160)   Other: 0.14ms
[2026-04-03T03:15:35.332+0600][30.376s][info][gc,heap        ] GC(160) Eden regions: 13->0(196)
[2026-04-03T03:15:35.332+0600][30.376s][info][gc,heap        ] GC(160) Survivor regions: 19->15(28)
[2026-04-03T03:15:35.332+0600][30.376s][info][gc,heap        ] GC(160) Old regions: 253->259
[2026-04-03T03:15:35.332+0600][30.376s][info][gc,heap        ] GC(160) Humongous regions: 58->58
[2026-04-03T03:15:35.332+0600][30.376s][info][gc,metaspace   ] GC(160) Metaspace: 70077K(70976K)->70077K(70976K) NonClass: 61149K(61632K)->61149K(61632K) Class: 8927K(9344K)->8927K(9344K)
[2026-04-03T03:15:35.332+0600][30.376s][info][gc             ] GC(160) Pause Young (Concurrent Start) (G1 Humongous Allocation) 342M->330M(557M) 24.136ms
[2026-04-03T03:15:35.332+0600][30.376s][info][gc,cpu         ] GC(160) User=0.22s Sys=0.00s Real=0.03s
[2026-04-03T03:15:35.332+0600][30.376s][info][gc             ] GC(161) Concurrent Mark Cycle
[2026-04-03T03:15:35.332+0600][30.376s][info][gc,marking     ] GC(161) Concurrent Scan Root Regions
[2026-04-03T03:15:35.344+0600][30.388s][info][gc,marking     ] GC(161) Concurrent Scan Root Regions 11.540ms
[2026-04-03T03:15:35.344+0600][30.388s][info][gc,marking     ] GC(161) Concurrent Mark
[2026-04-03T03:15:35.344+0600][30.388s][info][gc,marking     ] GC(161) Concurrent Mark From Roots
[2026-04-03T03:15:35.344+0600][30.388s][info][gc,task        ] GC(161) Using 3 workers of 3 for marking
[2026-04-03T03:15:35.619+0600][30.663s][info][gc,marking     ] GC(161) Concurrent Mark From Roots 274.898ms
[2026-04-03T03:15:35.619+0600][30.663s][info][gc,marking     ] GC(161) Concurrent Preclean
[2026-04-03T03:15:35.619+0600][30.663s][info][gc,marking     ] GC(161) Concurrent Preclean 0.179ms
[2026-04-03T03:15:35.619+0600][30.663s][info][gc,start       ] GC(161) Pause Remark
[2026-04-03T03:15:35.624+0600][30.668s][info][gc             ] GC(161) Pause Remark 394M->362M(557M) 4.686ms
[2026-04-03T03:15:35.624+0600][30.668s][info][gc,cpu         ] GC(161) User=0.02s Sys=0.00s Real=0.01s
[2026-04-03T03:15:35.624+0600][30.668s][info][gc,marking     ] GC(161) Concurrent Mark 280.549ms
[2026-04-03T03:15:35.624+0600][30.669s][info][gc,marking     ] GC(161) Concurrent Rebuild Remembered Sets and Scrub Regions
[2026-04-03T03:15:35.849+0600][30.893s][info][gc,marking     ] GC(161) Concurrent Rebuild Remembered Sets and Scrub Regions 224.646ms
[2026-04-03T03:15:35.849+0600][30.894s][info][gc,start       ] GC(161) Pause Cleanup
[2026-04-03T03:15:35.850+0600][30.894s][info][gc             ] GC(161) Pause Cleanup 365M->365M(557M) 0.527ms
[2026-04-03T03:15:35.850+0600][30.894s][info][gc,cpu         ] GC(161) User=0.00s Sys=0.00s Real=0.01s
[2026-04-03T03:15:35.850+0600][30.894s][info][gc,marking     ] GC(161) Concurrent Clear Claimed Marks
[2026-04-03T03:15:35.851+0600][30.895s][info][gc,marking     ] GC(161) Concurrent Clear Claimed Marks 0.223ms
[2026-04-03T03:15:35.851+0600][30.895s][info][gc,marking     ] GC(161) Concurrent Cleanup for Next Mark
[2026-04-03T03:15:35.852+0600][30.896s][info][gc,marking     ] GC(161) Concurrent Cleanup for Next Mark 0.964ms
[2026-04-03T03:15:35.852+0600][30.896s][info][gc             ] GC(161) Concurrent Mark Cycle 519.470ms
[2026-04-03T03:15:36.788+0600][31.832s][info][gc,start       ] GC(162) Pause Young (Prepare Mixed) (G1 Evacuation Pause)
[2026-04-03T03:15:36.788+0600][31.832s][info][gc,task        ] GC(162) Using 10 workers of 10 for evacuation
[2026-04-03T03:15:36.842+0600][31.886s][info][gc,phases      ] GC(162)   Pre Evacuate Collection Set: 0.29ms
[2026-04-03T03:15:36.842+0600][31.886s][info][gc,phases      ] GC(162)   Merge Heap Roots: 0.80ms
[2026-04-03T03:15:36.842+0600][31.886s][info][gc,phases      ] GC(162)   Evacuate Collection Set: 51.61ms
[2026-04-03T03:15:36.842+0600][31.886s][info][gc,phases      ] GC(162)   Post Evacuate Collection Set: 0.88ms
[2026-04-03T03:15:36.842+0600][31.886s][info][gc,phases      ] GC(162)   Other: 0.10ms
[2026-04-03T03:15:36.842+0600][31.886s][info][gc,heap        ] GC(162) Eden regions: 196->0(183)
[2026-04-03T03:15:36.842+0600][31.886s][info][gc,heap        ] GC(162) Survivor regions: 15->27(27)
[2026-04-03T03:15:36.842+0600][31.886s][info][gc,heap        ] GC(162) Old regions: 247->258
[2026-04-03T03:15:36.842+0600][31.886s][info][gc,heap        ] GC(162) Humongous regions: 82->71
[2026-04-03T03:15:36.842+0600][31.886s][info][gc,metaspace   ] GC(162) Metaspace: 70240K(71168K)->70240K(71168K) NonClass: 61290K(61824K)->61290K(61824K) Class: 8950K(9344K)->8950K(9344K)
[2026-04-03T03:15:36.842+0600][31.886s][info][gc             ] GC(162) Pause Young (Prepare Mixed) (G1 Evacuation Pause) 538M->355M(578M) 53.989ms
[2026-04-03T03:15:36.842+0600][31.886s][info][gc,cpu         ] GC(162) User=0.48s Sys=0.03s Real=0.06s
[2026-04-03T03:15:37.246+0600][32.290s][info][gc,start       ] GC(163) Pause Young (Mixed) (G1 Evacuation Pause)
[2026-04-03T03:15:37.246+0600][32.290s][info][gc,task        ] GC(163) Using 10 workers of 10 for evacuation
[2026-04-03T03:15:37.337+0600][32.382s][info][gc,phases      ] GC(163)   Pre Evacuate Collection Set: 0.41ms
[2026-04-03T03:15:37.338+0600][32.382s][info][gc,phases      ] GC(163)   Merge Heap Roots: 1.59ms
[2026-04-03T03:15:37.338+0600][32.382s][info][gc,phases      ] GC(163)   Evacuate Collection Set: 88.84ms
[2026-04-03T03:15:37.338+0600][32.382s][info][gc,phases      ] GC(163)   Post Evacuate Collection Set: 0.65ms
[2026-04-03T03:15:37.338+0600][32.382s][info][gc,phases      ] GC(163)   Other: 0.12ms
[2026-04-03T03:15:37.338+0600][32.382s][info][gc,heap        ] GC(163) Eden regions: 183->0(158)
[2026-04-03T03:15:37.338+0600][32.382s][info][gc,heap        ] GC(163) Survivor regions: 27->27(27)
[2026-04-03T03:15:37.338+0600][32.382s][info][gc,heap        ] GC(163) Old regions: 258->295
[2026-04-03T03:15:37.338+0600][32.382s][info][gc,heap        ] GC(163) Humongous regions: 104->104
[2026-04-03T03:15:37.338+0600][32.382s][info][gc,metaspace   ] GC(163) Metaspace: 70252K(71168K)->70252K(71168K) NonClass: 61302K(61824K)->61302K(61824K) Class: 8950K(9344K)->8950K(9344K)
[2026-04-03T03:15:37.338+0600][32.382s][info][gc             ] GC(163) Pause Young (Mixed) (G1 Evacuation Pause) 571M->425M(652M) 92.010ms
[2026-04-03T03:15:37.338+0600][32.382s][info][gc,cpu         ] GC(163) User=0.90s Sys=0.08s Real=0.09s
[2026-04-03T03:15:37.524+0600][32.568s][info][gc,start       ] GC(164) Pause Young (Concurrent Start) (G1 Humongous Allocation)
[2026-04-03T03:15:37.524+0600][32.568s][info][gc,task        ] GC(164) Using 10 workers of 10 for evacuation
[2026-04-03T03:15:37.548+0600][32.592s][info][gc,phases      ] GC(164)   Pre Evacuate Collection Set: 0.40ms
[2026-04-03T03:15:37.548+0600][32.592s][info][gc,phases      ] GC(164)   Merge Heap Roots: 0.23ms
[2026-04-03T03:15:37.548+0600][32.592s][info][gc,phases      ] GC(164)   Evacuate Collection Set: 22.22ms
[2026-04-03T03:15:37.548+0600][32.592s][info][gc,phases      ] GC(164)   Post Evacuate Collection Set: 0.82ms
[2026-04-03T03:15:37.548+0600][32.592s][info][gc,phases      ] GC(164)   Other: 0.25ms
[2026-04-03T03:15:37.548+0600][32.592s][info][gc,heap        ] GC(164) Eden regions: 38->0(176)
[2026-04-03T03:15:37.548+0600][32.592s][info][gc,heap        ] GC(164) Survivor regions: 27->10(24)
[2026-04-03T03:15:37.548+0600][32.592s][info][gc,heap        ] GC(164) Old regions: 295->324
[2026-04-03T03:15:37.548+0600][32.592s][info][gc,heap        ] GC(164) Humongous regions: 104->104
[2026-04-03T03:15:37.548+0600][32.592s][info][gc,metaspace   ] GC(164) Metaspace: 70253K(71168K)->70253K(71168K) NonClass: 61303K(61824K)->61303K(61824K) Class: 8950K(9344K)->8950K(9344K)
[2026-04-03T03:15:37.548+0600][32.592s][info][gc             ] GC(164) Pause Young (Concurrent Start) (G1 Humongous Allocation) 462M->437M(678M) 24.203ms
[2026-04-03T03:15:37.548+0600][32.592s][info][gc,cpu         ] GC(164) User=0.25s Sys=0.00s Real=0.02s
[2026-04-03T03:15:37.548+0600][32.592s][info][gc             ] GC(165) Concurrent Mark Cycle
[2026-04-03T03:15:37.548+0600][32.592s][info][gc,marking     ] GC(165) Concurrent Scan Root Regions
[2026-04-03T03:15:37.569+0600][32.613s][info][gc,marking     ] GC(165) Concurrent Scan Root Regions 20.424ms
[2026-04-03T03:15:37.569+0600][32.613s][info][gc,marking     ] GC(165) Concurrent Mark
[2026-04-03T03:15:37.569+0600][32.613s][info][gc,marking     ] GC(165) Concurrent Mark From Roots
[2026-04-03T03:15:37.569+0600][32.613s][info][gc,task        ] GC(165) Using 3 workers of 3 for marking
[2026-04-03T03:15:37.764+0600][32.808s][info][gc,marking     ] GC(165) Concurrent Mark From Roots 194.925ms
[2026-04-03T03:15:37.764+0600][32.808s][info][gc,marking     ] GC(165) Concurrent Preclean
[2026-04-03T03:15:37.764+0600][32.808s][info][gc,marking     ] GC(165) Concurrent Preclean 0.158ms
[2026-04-03T03:15:37.764+0600][32.808s][info][gc,start       ] GC(165) Pause Remark
[2026-04-03T03:15:37.769+0600][32.813s][info][gc             ] GC(165) Pause Remark 580M->450M(678M) 4.206ms
[2026-04-03T03:15:37.769+0600][32.813s][info][gc,cpu         ] GC(165) User=0.02s Sys=0.00s Real=0.00s
[2026-04-03T03:15:37.769+0600][32.813s][info][gc,marking     ] GC(165) Concurrent Mark 199.973ms
[2026-04-03T03:15:37.769+0600][32.813s][info][gc,marking     ] GC(165) Concurrent Rebuild Remembered Sets and Scrub Regions
[2026-04-03T03:15:37.826+0600][32.870s][info][gc,start       ] GC(166) Pause Young (Normal) (G1 Evacuation Pause)
[2026-04-03T03:15:37.826+0600][32.870s][info][gc,task        ] GC(166) Using 10 workers of 10 for evacuation
[2026-04-03T03:15:37.853+0600][32.897s][info][gc,phases      ] GC(166)   Pre Evacuate Collection Set: 0.45ms
[2026-04-03T03:15:37.853+0600][32.897s][info][gc,phases      ] GC(166)   Merge Heap Roots: 1.08ms
[2026-04-03T03:15:37.853+0600][32.897s][info][gc,phases      ] GC(166)   Evacuate Collection Set: 23.80ms
[2026-04-03T03:15:37.853+0600][32.897s][info][gc,phases      ] GC(166)   Post Evacuate Collection Set: 1.13ms
[2026-04-03T03:15:37.853+0600][32.897s][info][gc,phases      ] GC(166)   Other: 0.29ms
[2026-04-03T03:15:37.853+0600][32.897s][info][gc,heap        ] GC(166) Eden regions: 176->0(257)
[2026-04-03T03:15:37.853+0600][32.897s][info][gc,heap        ] GC(166) Survivor regions: 10->24(24)
[2026-04-03T03:15:37.853+0600][32.897s][info][gc,heap        ] GC(166) Old regions: 268->276
[2026-04-03T03:15:37.853+0600][32.897s][info][gc,heap        ] GC(166) Humongous regions: 46->46
[2026-04-03T03:15:37.853+0600][32.897s][info][gc,metaspace   ] GC(166) Metaspace: 70262K(71168K)->70262K(71168K) NonClass: 61312K(61824K)->61312K(61824K) Class: 8950K(9344K)->8950K(9344K)
[2026-04-03T03:15:37.853+0600][32.897s][info][gc             ] GC(166) Pause Young (Normal) (G1 Evacuation Pause) 499M->345M(678M) 27.060ms
[2026-04-03T03:15:37.853+0600][32.897s][info][gc,cpu         ] GC(166) User=0.25s Sys=0.00s Real=0.03s
[2026-04-03T03:15:37.905+0600][32.950s][info][gc,marking     ] GC(165) Concurrent Rebuild Remembered Sets and Scrub Regions 136.460ms
[2026-04-03T03:15:37.906+0600][32.950s][info][gc,start       ] GC(165) Pause Cleanup
[2026-04-03T03:15:37.906+0600][32.950s][info][gc             ] GC(165) Pause Cleanup 391M->391M(678M) 0.666ms
[2026-04-03T03:15:37.906+0600][32.951s][info][gc,cpu         ] GC(165) User=0.01s Sys=0.00s Real=0.00s
[2026-04-03T03:15:37.907+0600][32.951s][info][gc,marking     ] GC(165) Concurrent Clear Claimed Marks
[2026-04-03T03:15:37.907+0600][32.951s][info][gc,marking     ] GC(165) Concurrent Clear Claimed Marks 0.276ms
[2026-04-03T03:15:37.907+0600][32.951s][info][gc,marking     ] GC(165) Concurrent Cleanup for Next Mark
[2026-04-03T03:15:37.908+0600][32.952s][info][gc,marking     ] GC(165) Concurrent Cleanup for Next Mark 1.311ms
[2026-04-03T03:15:37.908+0600][32.952s][info][gc             ] GC(165) Concurrent Mark Cycle 360.041ms
[2026-04-03T03:15:38.479+0600][33.523s][info][gc,start       ] GC(167) Pause Young (Prepare Mixed) (G1 Evacuation Pause)
[2026-04-03T03:15:38.479+0600][33.523s][info][gc,task        ] GC(167) Using 10 workers of 10 for evacuation
[2026-04-03T03:15:38.511+0600][33.555s][info][gc,phases      ] GC(167)   Pre Evacuate Collection Set: 0.49ms
[2026-04-03T03:15:38.511+0600][33.555s][info][gc,phases      ] GC(167)   Merge Heap Roots: 0.46ms
[2026-04-03T03:15:38.511+0600][33.555s][info][gc,phases      ] GC(167)   Evacuate Collection Set: 29.77ms
[2026-04-03T03:15:38.511+0600][33.555s][info][gc,phases      ] GC(167)   Post Evacuate Collection Set: 1.09ms
[2026-04-03T03:15:38.511+0600][33.555s][info][gc,phases      ] GC(167)   Other: 0.17ms
[2026-04-03T03:15:38.511+0600][33.555s][info][gc,heap        ] GC(167) Eden regions: 257->0(239)
[2026-04-03T03:15:38.511+0600][33.555s][info][gc,heap        ] GC(167) Survivor regions: 24->32(36)
[2026-04-03T03:15:38.511+0600][33.555s][info][gc,heap        ] GC(167) Old regions: 276->285
[2026-04-03T03:15:38.511+0600][33.555s][info][gc,heap        ] GC(167) Humongous regions: 53->53
[2026-04-03T03:15:38.511+0600][33.555s][info][gc,metaspace   ] GC(167) Metaspace: 70263K(71168K)->70263K(71168K) NonClass: 61313K(61824K)->61313K(61824K) Class: 8950K(9344K)->8950K(9344K)
[2026-04-03T03:15:38.511+0600][33.556s][info][gc             ] GC(167) Pause Young (Prepare Mixed) (G1 Evacuation Pause) 609M->369M(678M) 32.277ms
[2026-04-03T03:15:38.511+0600][33.556s][info][gc,cpu         ] GC(167) User=0.31s Sys=0.00s Real=0.04s
[2026-04-03T03:15:38.797+0600][33.841s][info][gc,start       ] GC(168) Pause Young (Mixed) (G1 Evacuation Pause)
[2026-04-03T03:15:38.797+0600][33.841s][info][gc,task        ] GC(168) Using 10 workers of 10 for evacuation
[2026-04-03T03:15:38.844+0600][33.889s][info][gc,phases      ] GC(168)   Pre Evacuate Collection Set: 0.40ms
[2026-04-03T03:15:38.845+0600][33.889s][info][gc,phases      ] GC(168)   Merge Heap Roots: 0.72ms
[2026-04-03T03:15:38.845+0600][33.889s][info][gc,phases      ] GC(168)   Evacuate Collection Set: 45.39ms
[2026-04-03T03:15:38.845+0600][33.889s][info][gc,phases      ] GC(168)   Post Evacuate Collection Set: 0.95ms
[2026-04-03T03:15:38.845+0600][33.889s][info][gc,phases      ] GC(168)   Other: 0.11ms
[2026-04-03T03:15:38.845+0600][33.889s][info][gc,heap        ] GC(168) Eden regions: 239->0(237)
[2026-04-03T03:15:38.845+0600][33.889s][info][gc,heap        ] GC(168) Survivor regions: 32->34(34)
[2026-04-03T03:15:38.845+0600][33.889s][info][gc,heap        ] GC(168) Old regions: 285->273
[2026-04-03T03:15:38.845+0600][33.889s][info][gc,heap        ] GC(168) Humongous regions: 70->70
[2026-04-03T03:15:38.845+0600][33.889s][info][gc,metaspace   ] GC(168) Metaspace: 70267K(71168K)->70267K(71168K) NonClass: 61317K(61824K)->61317K(61824K) Class: 8950K(9344K)->8950K(9344K)
[2026-04-03T03:15:38.845+0600][33.889s][info][gc             ] GC(168) Pause Young (Mixed) (G1 Evacuation Pause) 625M->376M(686M) 48.023ms
[2026-04-03T03:15:38.845+0600][33.889s][info][gc,cpu         ] GC(168) User=0.46s Sys=0.01s Real=0.05s
[2026-04-03T03:15:38.958+0600][34.002s][info][gc,start       ] GC(169) Pause Young (Concurrent Start) (G1 Humongous Allocation)
[2026-04-03T03:15:38.958+0600][34.002s][info][gc,task        ] GC(169) Using 10 workers of 10 for evacuation
[2026-04-03T03:15:38.991+0600][34.035s][info][gc,phases      ] GC(169)   Pre Evacuate Collection Set: 0.46ms
[2026-04-03T03:15:38.991+0600][34.035s][info][gc,phases      ] GC(169)   Merge Heap Roots: 0.25ms
[2026-04-03T03:15:38.991+0600][34.035s][info][gc,phases      ] GC(169)   Evacuate Collection Set: 31.18ms
[2026-04-03T03:15:38.991+0600][34.035s][info][gc,phases      ] GC(169)   Post Evacuate Collection Set: 0.73ms
[2026-04-03T03:15:38.991+0600][34.035s][info][gc,phases      ] GC(169)   Other: 0.16ms
[2026-04-03T03:15:38.991+0600][34.035s][info][gc,heap        ] GC(169) Eden regions: 111->0(231)
[2026-04-03T03:15:38.991+0600][34.035s][info][gc,heap        ] GC(169) Survivor regions: 34->11(34)
[2026-04-03T03:15:38.991+0600][34.035s][info][gc,heap        ] GC(169) Old regions: 273->309
[2026-04-03T03:15:38.991+0600][34.035s][info][gc,heap        ] GC(169) Humongous regions: 70->70
[2026-04-03T03:15:38.991+0600][34.035s][info][gc,metaspace   ] GC(169) Metaspace: 70271K(71168K)->70271K(71168K) NonClass: 61321K(61824K)->61321K(61824K) Class: 8950K(9344K)->8950K(9344K)
[2026-04-03T03:15:38.991+0600][34.035s][info][gc             ] GC(169) Pause Young (Concurrent Start) (G1 Humongous Allocation) 487M->388M(686M) 33.151ms
[2026-04-03T03:15:38.991+0600][34.035s][info][gc,cpu         ] GC(169) User=0.31s Sys=0.00s Real=0.04s
[2026-04-03T03:15:38.991+0600][34.035s][info][gc             ] GC(170) Concurrent Mark Cycle
[2026-04-03T03:15:38.991+0600][34.035s][info][gc,marking     ] GC(170) Concurrent Scan Root Regions
[2026-04-03T03:15:39.007+0600][34.051s][info][gc,marking     ] GC(170) Concurrent Scan Root Regions 15.340ms
[2026-04-03T03:15:39.007+0600][34.051s][info][gc,marking     ] GC(170) Concurrent Mark
[2026-04-03T03:15:39.007+0600][34.051s][info][gc,marking     ] GC(170) Concurrent Mark From Roots
[2026-04-03T03:15:39.007+0600][34.051s][info][gc,task        ] GC(170) Using 3 workers of 3 for marking
[2026-04-03T03:15:39.153+0600][34.197s][info][gc,marking     ] GC(170) Concurrent Mark From Roots 145.911ms
[2026-04-03T03:15:39.153+0600][34.197s][info][gc,marking     ] GC(170) Concurrent Preclean
[2026-04-03T03:15:39.153+0600][34.197s][info][gc,marking     ] GC(170) Concurrent Preclean 0.244ms
[2026-04-03T03:15:39.153+0600][34.198s][info][gc,start       ] GC(170) Pause Remark
[2026-04-03T03:15:39.159+0600][34.203s][info][gc             ] GC(170) Pause Remark 466M->352M(686M) 5.773ms
[2026-04-03T03:15:39.159+0600][34.203s][info][gc,cpu         ] GC(170) User=0.03s Sys=0.00s Real=0.00s
[2026-04-03T03:15:39.160+0600][34.204s][info][gc,marking     ] GC(170) Concurrent Mark 152.729ms
[2026-04-03T03:15:39.160+0600][34.204s][info][gc,marking     ] GC(170) Concurrent Rebuild Remembered Sets and Scrub Regions
[2026-04-03T03:15:39.285+0600][34.329s][info][gc,marking     ] GC(170) Concurrent Rebuild Remembered Sets and Scrub Regions 125.220ms
[2026-04-03T03:15:39.285+0600][34.329s][info][gc,start       ] GC(170) Pause Cleanup
[2026-04-03T03:15:39.286+0600][34.330s][info][gc             ] GC(170) Pause Cleanup 418M->418M(686M) 0.583ms
[2026-04-03T03:15:39.286+0600][34.330s][info][gc,cpu         ] GC(170) User=0.00s Sys=0.00s Real=0.00s
[2026-04-03T03:15:39.286+0600][34.330s][info][gc,marking     ] GC(170) Concurrent Clear Claimed Marks
[2026-04-03T03:15:39.286+0600][34.330s][info][gc,marking     ] GC(170) Concurrent Clear Claimed Marks 0.208ms
[2026-04-03T03:15:39.286+0600][34.330s][info][gc,marking     ] GC(170) Concurrent Cleanup for Next Mark
[2026-04-03T03:15:39.287+0600][34.331s][info][gc,marking     ] GC(170) Concurrent Cleanup for Next Mark 0.954ms
[2026-04-03T03:15:39.287+0600][34.331s][info][gc             ] GC(170) Concurrent Mark Cycle 296.002ms
[2026-04-03T03:15:39.375+0600][34.419s][info][gc,start       ] GC(171) Pause Young (Prepare Mixed) (G1 Evacuation Pause)
[2026-04-03T03:15:39.375+0600][34.419s][info][gc,task        ] GC(171) Using 10 workers of 10 for evacuation
[2026-04-03T03:15:39.397+0600][34.441s][info][gc,phases      ] GC(171)   Pre Evacuate Collection Set: 0.32ms
[2026-04-03T03:15:39.397+0600][34.441s][info][gc,phases      ] GC(171)   Merge Heap Roots: 0.94ms
[2026-04-03T03:15:39.397+0600][34.441s][info][gc,phases      ] GC(171)   Evacuate Collection Set: 20.16ms
[2026-04-03T03:15:39.397+0600][34.441s][info][gc,phases      ] GC(171)   Post Evacuate Collection Set: 0.83ms
[2026-04-03T03:15:39.397+0600][34.441s][info][gc,phases      ] GC(171)   Other: 0.12ms
[2026-04-03T03:15:39.397+0600][34.442s][info][gc,heap        ] GC(171) Eden regions: 231->0(315)
[2026-04-03T03:15:39.397+0600][34.442s][info][gc,heap        ] GC(171) Survivor regions: 11->21(31)
[2026-04-03T03:15:39.397+0600][34.442s][info][gc,heap        ] GC(171) Old regions: 243->243
[2026-04-03T03:15:39.397+0600][34.442s][info][gc,heap        ] GC(171) Humongous regions: 34->34
[2026-04-03T03:15:39.397+0600][34.442s][info][gc,metaspace   ] GC(171) Metaspace: 70272K(71168K)->70272K(71168K) NonClass: 61322K(61824K)->61322K(61824K) Class: 8950K(9344K)->8950K(9344K)
[2026-04-03T03:15:39.397+0600][34.442s][info][gc             ] GC(171) Pause Young (Prepare Mixed) (G1 Evacuation Pause) 517M->297M(686M) 22.665ms
[2026-04-03T03:15:39.398+0600][34.442s][info][gc,cpu         ] GC(171) User=0.21s Sys=0.00s Real=0.02s
[2026-04-03T03:15:39.674+0600][34.718s][info][gc,start       ] GC(172) Pause Young (Mixed) (G1 Evacuation Pause)
[2026-04-03T03:15:39.674+0600][34.718s][info][gc,task        ] GC(172) Using 10 workers of 10 for evacuation
[2026-04-03T03:15:39.702+0600][34.746s][info][gc,phases      ] GC(172)   Pre Evacuate Collection Set: 0.43ms
[2026-04-03T03:15:39.702+0600][34.746s][info][gc,phases      ] GC(172)   Merge Heap Roots: 0.34ms
[2026-04-03T03:15:39.702+0600][34.746s][info][gc,phases      ] GC(172)   Evacuate Collection Set: 26.07ms
[2026-04-03T03:15:39.702+0600][34.746s][info][gc,phases      ] GC(172)   Post Evacuate Collection Set: 0.90ms
[2026-04-03T03:15:39.702+0600][34.746s][info][gc,phases      ] GC(172)   Other: 0.14ms
[2026-04-03T03:15:39.702+0600][34.746s][info][gc,heap        ] GC(172) Eden regions: 315->0(334)
[2026-04-03T03:15:39.702+0600][34.746s][info][gc,heap        ] GC(172) Survivor regions: 21->33(42)
[2026-04-03T03:15:39.702+0600][34.746s][info][gc,heap        ] GC(172) Old regions: 243->216
[2026-04-03T03:15:39.702+0600][34.746s][info][gc,heap        ] GC(172) Humongous regions: 37->37
[2026-04-03T03:15:39.702+0600][34.746s][info][gc,metaspace   ] GC(172) Metaspace: 70272K(71168K)->70272K(71168K) NonClass: 61322K(61824K)->61322K(61824K) Class: 8950K(9344K)->8950K(9344K)
[2026-04-03T03:15:39.702+0600][34.746s][info][gc             ] GC(172) Pause Young (Mixed) (G1 Evacuation Pause) 615M->284M(686M) 28.301ms
[2026-04-03T03:15:39.702+0600][34.746s][info][gc,cpu         ] GC(172) User=0.27s Sys=0.00s Real=0.03s
[2026-04-03T03:15:39.783+0600][34.827s][info][gc,start       ] GC(173) Pause Young (Concurrent Start) (G1 Humongous Allocation)
[2026-04-03T03:15:39.783+0600][34.827s][info][gc,task        ] GC(173) Using 10 workers of 10 for evacuation
[2026-04-03T03:15:39.811+0600][34.856s][info][gc,phases      ] GC(173)   Pre Evacuate Collection Set: 0.48ms
[2026-04-03T03:15:39.812+0600][34.856s][info][gc,phases      ] GC(173)   Merge Heap Roots: 0.30ms
[2026-04-03T03:15:39.812+0600][34.856s][info][gc,phases      ] GC(173)   Evacuate Collection Set: 26.55ms
[2026-04-03T03:15:39.812+0600][34.856s][info][gc,phases      ] GC(173)   Post Evacuate Collection Set: 0.86ms
[2026-04-03T03:15:39.812+0600][34.856s][info][gc,phases      ] GC(173)   Other: 0.17ms
[2026-04-03T03:15:39.812+0600][34.856s][info][gc,heap        ] GC(173) Eden regions: 93->0(337)
[2026-04-03T03:15:39.812+0600][34.856s][info][gc,heap        ] GC(173) Survivor regions: 33->29(46)
[2026-04-03T03:15:39.812+0600][34.856s][info][gc,heap        ] GC(173) Old regions: 216->224
[2026-04-03T03:15:39.812+0600][34.856s][info][gc,heap        ] GC(173) Humongous regions: 37->37
[2026-04-03T03:15:39.812+0600][34.856s][info][gc,metaspace   ] GC(173) Metaspace: 70272K(71168K)->70272K(71168K) NonClass: 61322K(61824K)->61322K(61824K) Class: 8950K(9344K)->8950K(9344K)
[2026-04-03T03:15:39.812+0600][34.856s][info][gc             ] GC(173) Pause Young (Concurrent Start) (G1 Humongous Allocation) 377M->289M(686M) 28.763ms
[2026-04-03T03:15:39.812+0600][34.856s][info][gc,cpu         ] GC(173) User=0.27s Sys=0.01s Real=0.03s
[2026-04-03T03:15:39.812+0600][34.856s][info][gc             ] GC(174) Concurrent Mark Cycle
[2026-04-03T03:15:39.812+0600][34.856s][info][gc,marking     ] GC(174) Concurrent Scan Root Regions
[2026-04-03T03:15:39.826+0600][34.870s][info][gc,marking     ] GC(174) Concurrent Scan Root Regions 14.097ms
[2026-04-03T03:15:39.826+0600][34.870s][info][gc,marking     ] GC(174) Concurrent Mark
[2026-04-03T03:15:39.826+0600][34.870s][info][gc,marking     ] GC(174) Concurrent Mark From Roots
[2026-04-03T03:15:39.826+0600][34.870s][info][gc,task        ] GC(174) Using 3 workers of 3 for marking
[2026-04-03T03:15:40.049+0600][35.093s][info][gc,marking     ] GC(174) Concurrent Mark From Roots 222.853ms
[2026-04-03T03:15:40.049+0600][35.093s][info][gc,marking     ] GC(174) Concurrent Preclean
[2026-04-03T03:15:40.049+0600][35.093s][info][gc,marking     ] GC(174) Concurrent Preclean 0.209ms
[2026-04-03T03:15:40.050+0600][35.094s][info][gc,start       ] GC(174) Pause Remark
[2026-04-03T03:15:40.054+0600][35.098s][info][gc             ] GC(174) Pause Remark 461M->452M(686M) 4.362ms
[2026-04-03T03:15:40.054+0600][35.098s][info][gc,cpu         ] GC(174) User=0.02s Sys=0.00s Real=0.01s
[2026-04-03T03:15:40.054+0600][35.098s][info][gc,marking     ] GC(174) Concurrent Mark 228.057ms
[2026-04-03T03:15:40.054+0600][35.098s][info][gc,marking     ] GC(174) Concurrent Rebuild Remembered Sets and Scrub Regions
[2026-04-03T03:15:40.210+0600][35.254s][info][gc,marking     ] GC(174) Concurrent Rebuild Remembered Sets and Scrub Regions 155.385ms
[2026-04-03T03:15:40.210+0600][35.254s][info][gc,start       ] GC(174) Pause Cleanup
[2026-04-03T03:15:40.211+0600][35.255s][info][gc             ] GC(174) Pause Cleanup 586M->586M(686M) 0.655ms
[2026-04-03T03:15:40.211+0600][35.255s][info][gc,cpu         ] GC(174) User=0.00s Sys=0.00s Real=0.00s
[2026-04-03T03:15:40.211+0600][35.255s][info][gc,marking     ] GC(174) Concurrent Clear Claimed Marks
[2026-04-03T03:15:40.211+0600][35.256s][info][gc,marking     ] GC(174) Concurrent Clear Claimed Marks 0.297ms
[2026-04-03T03:15:40.212+0600][35.256s][info][gc,marking     ] GC(174) Concurrent Cleanup for Next Mark
[2026-04-03T03:15:40.213+0600][35.257s][info][gc,marking     ] GC(174) Concurrent Cleanup for Next Mark 1.048ms
[2026-04-03T03:15:40.213+0600][35.257s][info][gc             ] GC(174) Concurrent Mark Cycle 400.779ms
[2026-04-03T03:15:40.256+0600][35.300s][info][gc,start       ] GC(175) Pause Young (Prepare Mixed) (G1 Evacuation Pause)
[2026-04-03T03:15:40.256+0600][35.300s][info][gc,task        ] GC(175) Using 10 workers of 10 for evacuation
[2026-04-03T03:15:40.286+0600][35.330s][info][gc,phases      ] GC(175)   Pre Evacuate Collection Set: 0.37ms
[2026-04-03T03:15:40.286+0600][35.330s][info][gc,phases      ] GC(175)   Merge Heap Roots: 0.94ms
[2026-04-03T03:15:40.286+0600][35.330s][info][gc,phases      ] GC(175)   Evacuate Collection Set: 26.46ms
[2026-04-03T03:15:40.286+0600][35.330s][info][gc,phases      ] GC(175)   Post Evacuate Collection Set: 1.42ms
[2026-04-03T03:15:40.286+0600][35.330s][info][gc,phases      ] GC(175)   Other: 0.18ms
[2026-04-03T03:15:40.286+0600][35.330s][info][gc,heap        ] GC(175) Eden regions: 337->0(338)
[2026-04-03T03:15:40.286+0600][35.330s][info][gc,heap        ] GC(175) Survivor regions: 29->30(46)
[2026-04-03T03:15:40.286+0600][35.330s][info][gc,heap        ] GC(175) Old regions: 224->233
[2026-04-03T03:15:40.286+0600][35.330s][info][gc,heap        ] GC(175) Humongous regions: 31->31
[2026-04-03T03:15:40.286+0600][35.330s][info][gc,metaspace   ] GC(175) Metaspace: 70273K(71168K)->70273K(71168K) NonClass: 61323K(61824K)->61323K(61824K) Class: 8950K(9344K)->8950K(9344K)
[2026-04-03T03:15:40.286+0600][35.330s][info][gc             ] GC(175) Pause Young (Prepare Mixed) (G1 Evacuation Pause) 620M->292M(686M) 29.729ms
[2026-04-03T03:15:40.286+0600][35.330s][info][gc,cpu         ] GC(175) User=0.26s Sys=0.00s Real=0.03s
[2026-04-03T03:15:40.637+0600][35.681s][info][gc,start       ] GC(176) Pause Young (Mixed) (G1 Evacuation Pause)
[2026-04-03T03:15:40.637+0600][35.681s][info][gc,task        ] GC(176) Using 10 workers of 10 for evacuation
[2026-04-03T03:15:40.668+0600][35.712s][info][gc,phases      ] GC(176)   Pre Evacuate Collection Set: 0.37ms
[2026-04-03T03:15:40.668+0600][35.713s][info][gc,phases      ] GC(176)   Merge Heap Roots: 0.53ms
[2026-04-03T03:15:40.668+0600][35.713s][info][gc,phases      ] GC(176)   Evacuate Collection Set: 29.04ms
[2026-04-03T03:15:40.668+0600][35.713s][info][gc,phases      ] GC(176)   Post Evacuate Collection Set: 1.11ms
[2026-04-03T03:15:40.668+0600][35.713s][info][gc,phases      ] GC(176)   Other: 0.12ms
[2026-04-03T03:15:40.669+0600][35.713s][info][gc,heap        ] GC(176) Eden regions: 338->0(355)
[2026-04-03T03:15:40.669+0600][35.713s][info][gc,heap        ] GC(176) Survivor regions: 30->29(46)
[2026-04-03T03:15:40.669+0600][35.713s][info][gc,heap        ] GC(176) Old regions: 233->232
[2026-04-03T03:15:40.669+0600][35.713s][info][gc,heap        ] GC(176) Humongous regions: 36->36
[2026-04-03T03:15:40.669+0600][35.713s][info][gc,metaspace   ] GC(176) Metaspace: 70274K(71168K)->70274K(71168K) NonClass: 61324K(61824K)->61324K(61824K) Class: 8950K(9344K)->8950K(9344K)
[2026-04-03T03:15:40.669+0600][35.713s][info][gc             ] GC(176) Pause Young (Mixed) (G1 Evacuation Pause) 635M->296M(700M) 31.445ms
[2026-04-03T03:15:40.669+0600][35.713s][info][gc,cpu         ] GC(176) User=0.30s Sys=0.00s Real=0.03s
[2026-04-03T03:15:40.751+0600][35.795s][info][gc,start       ] GC(177) Pause Young (Concurrent Start) (G1 Humongous Allocation)
[2026-04-03T03:15:40.751+0600][35.795s][info][gc,task        ] GC(177) Using 10 workers of 10 for evacuation
[2026-04-03T03:15:40.776+0600][35.820s][info][gc,phases      ] GC(177)   Pre Evacuate Collection Set: 0.42ms
[2026-04-03T03:15:40.776+0600][35.820s][info][gc,phases      ] GC(177)   Merge Heap Roots: 0.23ms
[2026-04-03T03:15:40.776+0600][35.820s][info][gc,phases      ] GC(177)   Evacuate Collection Set: 23.56ms
[2026-04-03T03:15:40.776+0600][35.820s][info][gc,phases      ] GC(177)   Post Evacuate Collection Set: 0.73ms
[2026-04-03T03:15:40.776+0600][35.820s][info][gc,phases      ] GC(177)   Other: 0.16ms
[2026-04-03T03:15:40.776+0600][35.820s][info][gc,heap        ] GC(177) Eden regions: 88->0(353)
[2026-04-03T03:15:40.776+0600][35.820s][info][gc,heap        ] GC(177) Survivor regions: 29->28(48)
[2026-04-03T03:15:40.776+0600][35.820s][info][gc,heap        ] GC(177) Old regions: 232->236
[2026-04-03T03:15:40.776+0600][35.820s][info][gc,heap        ] GC(177) Humongous regions: 36->36
[2026-04-03T03:15:40.776+0600][35.820s][info][gc,metaspace   ] GC(177) Metaspace: 70274K(71168K)->70274K(71168K) NonClass: 61324K(61824K)->61324K(61824K) Class: 8950K(9344K)->8950K(9344K)
[2026-04-03T03:15:40.776+0600][35.820s][info][gc             ] GC(177) Pause Young (Concurrent Start) (G1 Humongous Allocation) 384M->299M(700M) 25.419ms
[2026-04-03T03:15:40.776+0600][35.820s][info][gc,cpu         ] GC(177) User=0.22s Sys=0.02s Real=0.02s
[2026-04-03T03:15:40.776+0600][35.821s][info][gc             ] GC(178) Concurrent Mark Cycle
[2026-04-03T03:15:40.777+0600][35.821s][info][gc,marking     ] GC(178) Concurrent Scan Root Regions
[2026-04-03T03:15:40.789+0600][35.833s][info][gc,marking     ] GC(178) Concurrent Scan Root Regions 12.668ms
[2026-04-03T03:15:40.789+0600][35.833s][info][gc,marking     ] GC(178) Concurrent Mark
[2026-04-03T03:15:40.789+0600][35.833s][info][gc,marking     ] GC(178) Concurrent Mark From Roots
[2026-04-03T03:15:40.789+0600][35.833s][info][gc,task        ] GC(178) Using 3 workers of 3 for marking
[2026-04-03T03:15:40.976+0600][36.020s][info][gc,marking     ] GC(178) Concurrent Mark From Roots 186.335ms
[2026-04-03T03:15:40.976+0600][36.020s][info][gc,marking     ] GC(178) Concurrent Preclean
[2026-04-03T03:15:40.976+0600][36.020s][info][gc,marking     ] GC(178) Concurrent Preclean 0.181ms
[2026-04-03T03:15:40.976+0600][36.020s][info][gc,start       ] GC(178) Pause Remark
[2026-04-03T03:15:40.980+0600][36.025s][info][gc             ] GC(178) Pause Remark 456M->436M(700M) 4.185ms
[2026-04-03T03:15:40.981+0600][36.025s][info][gc,cpu         ] GC(178) User=0.02s Sys=0.01s Real=0.01s
[2026-04-03T03:15:40.981+0600][36.025s][info][gc,marking     ] GC(178) Concurrent Mark 191.351ms
[2026-04-03T03:15:40.981+0600][36.025s][info][gc,marking     ] GC(178) Concurrent Rebuild Remembered Sets and Scrub Regions
[2026-04-03T03:15:41.171+0600][36.215s][info][gc,marking     ] GC(178) Concurrent Rebuild Remembered Sets and Scrub Regions 190.455ms
[2026-04-03T03:15:41.172+0600][36.216s][info][gc,start       ] GC(178) Pause Cleanup
[2026-04-03T03:15:41.172+0600][36.216s][info][gc             ] GC(178) Pause Cleanup 590M->590M(700M) 0.568ms
[2026-04-03T03:15:41.172+0600][36.216s][info][gc,cpu         ] GC(178) User=0.00s Sys=0.01s Real=0.00s
[2026-04-03T03:15:41.172+0600][36.216s][info][gc,marking     ] GC(178) Concurrent Clear Claimed Marks
[2026-04-03T03:15:41.173+0600][36.217s][info][gc,marking     ] GC(178) Concurrent Clear Claimed Marks 0.276ms
[2026-04-03T03:15:41.173+0600][36.217s][info][gc,marking     ] GC(178) Concurrent Cleanup for Next Mark
[2026-04-03T03:15:41.174+0600][36.218s][info][gc,marking     ] GC(178) Concurrent Cleanup for Next Mark 0.971ms
[2026-04-03T03:15:41.174+0600][36.218s][info][gc             ] GC(178) Concurrent Mark Cycle 397.336ms
[2026-04-03T03:15:41.227+0600][36.271s][info][gc,start       ] GC(179) Pause Young (Prepare Mixed) (G1 Evacuation Pause)
[2026-04-03T03:15:41.227+0600][36.271s][info][gc,task        ] GC(179) Using 10 workers of 10 for evacuation
[2026-04-03T03:15:41.265+0600][36.309s][info][gc,phases      ] GC(179)   Pre Evacuate Collection Set: 0.41ms
[2026-04-03T03:15:41.265+0600][36.309s][info][gc,phases      ] GC(179)   Merge Heap Roots: 1.66ms
[2026-04-03T03:15:41.265+0600][36.309s][info][gc,phases      ] GC(179)   Evacuate Collection Set: 34.15ms
[2026-04-03T03:15:41.265+0600][36.309s][info][gc,phases      ] GC(179)   Post Evacuate Collection Set: 1.45ms
[2026-04-03T03:15:41.265+0600][36.309s][info][gc,phases      ] GC(179)   Other: 0.12ms
[2026-04-03T03:15:41.265+0600][36.309s][info][gc,heap        ] GC(179) Eden regions: 353->0(346)
[2026-04-03T03:15:41.265+0600][36.309s][info][gc,heap        ] GC(179) Survivor regions: 28->29(48)
[2026-04-03T03:15:41.265+0600][36.309s][info][gc,heap        ] GC(179) Old regions: 226->238
[2026-04-03T03:15:41.265+0600][36.309s][info][gc,heap        ] GC(179) Humongous regions: 44->44
[2026-04-03T03:15:41.265+0600][36.309s][info][gc,metaspace   ] GC(179) Metaspace: 70274K(71168K)->70274K(71168K) NonClass: 61324K(61824K)->61324K(61824K) Class: 8950K(9344K)->8950K(9344K)
[2026-04-03T03:15:41.265+0600][36.309s][info][gc             ] GC(179) Pause Young (Prepare Mixed) (G1 Evacuation Pause) 650M->309M(700M) 38.128ms
[2026-04-03T03:15:41.265+0600][36.309s][info][gc,cpu         ] GC(179) User=0.36s Sys=0.00s Real=0.04s
[2026-04-03T03:15:42.033+0600][37.077s][info][gc,start       ] GC(180) Pause Young (Mixed) (G1 Evacuation Pause)
[2026-04-03T03:15:42.033+0600][37.077s][info][gc,task        ] GC(180) Using 10 workers of 10 for evacuation
[2026-04-03T03:15:42.086+0600][37.131s][info][gc,phases      ] GC(180)   Pre Evacuate Collection Set: 0.41ms
[2026-04-03T03:15:42.087+0600][37.131s][info][gc,phases      ] GC(180)   Merge Heap Roots: 1.09ms
[2026-04-03T03:15:42.087+0600][37.131s][info][gc,phases      ] GC(180)   Evacuate Collection Set: 50.26ms
[2026-04-03T03:15:42.087+0600][37.131s][info][gc,phases      ] GC(180)   Post Evacuate Collection Set: 1.31ms
[2026-04-03T03:15:42.087+0600][37.131s][info][gc,phases      ] GC(180)   Other: 0.13ms
[2026-04-03T03:15:42.087+0600][37.131s][info][gc,heap        ] GC(180) Eden regions: 346->0(359)
[2026-04-03T03:15:42.087+0600][37.131s][info][gc,heap        ] GC(180) Survivor regions: 29->26(47)
[2026-04-03T03:15:42.087+0600][37.131s][info][gc,heap        ] GC(180) Old regions: 238->232
[2026-04-03T03:15:42.087+0600][37.131s][info][gc,heap        ] GC(180) Humongous regions: 67->63
[2026-04-03T03:15:42.087+0600][37.131s][info][gc,metaspace   ] GC(180) Metaspace: 70305K(71232K)->70305K(71232K) NonClass: 61355K(61888K)->61355K(61888K) Class: 8950K(9344K)->8950K(9344K)
[2026-04-03T03:15:42.087+0600][37.131s][info][gc             ] GC(180) Pause Young (Mixed) (G1 Evacuation Pause) 678M->320M(720M) 53.595ms
[2026-04-03T03:15:42.087+0600][37.131s][info][gc,cpu         ] GC(180) User=0.50s Sys=0.02s Real=0.05s
[2026-04-03T03:15:42.190+0600][37.234s][info][gc,start       ] GC(181) Pause Young (Concurrent Start) (G1 Humongous Allocation)
[2026-04-03T03:15:42.190+0600][37.234s][info][gc,task        ] GC(181) Using 10 workers of 10 for evacuation
[2026-04-03T03:15:42.223+0600][37.267s][info][gc,phases      ] GC(181)   Pre Evacuate Collection Set: 0.45ms
[2026-04-03T03:15:42.223+0600][37.267s][info][gc,phases      ] GC(181)   Merge Heap Roots: 0.27ms
[2026-04-03T03:15:42.223+0600][37.267s][info][gc,phases      ] GC(181)   Evacuate Collection Set: 30.98ms
[2026-04-03T03:15:42.223+0600][37.267s][info][gc,phases      ] GC(181)   Post Evacuate Collection Set: 0.74ms
[2026-04-03T03:15:42.223+0600][37.267s][info][gc,phases      ] GC(181)   Other: 0.25ms
[2026-04-03T03:15:42.223+0600][37.267s][info][gc,heap        ] GC(181) Eden regions: 5->0(364)
[2026-04-03T03:15:42.223+0600][37.267s][info][gc,heap        ] GC(181) Survivor regions: 26->25(49)
[2026-04-03T03:15:42.223+0600][37.267s][info][gc,heap        ] GC(181) Old regions: 232->232
[2026-04-03T03:15:42.223+0600][37.267s][info][gc,heap        ] GC(181) Humongous regions: 63->63
[2026-04-03T03:15:42.223+0600][37.267s][info][gc,metaspace   ] GC(181) Metaspace: 70306K(71232K)->70306K(71232K) NonClass: 61356K(61888K)->61356K(61888K) Class: 8950K(9344K)->8950K(9344K)
[2026-04-03T03:15:42.223+0600][37.267s][info][gc             ] GC(181) Pause Young (Concurrent Start) (G1 Humongous Allocation) 325M->319M(720M) 33.016ms
[2026-04-03T03:15:42.223+0600][37.267s][info][gc,cpu         ] GC(181) User=0.34s Sys=0.00s Real=0.03s
[2026-04-03T03:15:42.223+0600][37.267s][info][gc             ] GC(182) Concurrent Mark Cycle
[2026-04-03T03:15:42.223+0600][37.268s][info][gc,marking     ] GC(182) Concurrent Scan Root Regions
[2026-04-03T03:15:42.232+0600][37.277s][info][gc,marking     ] GC(182) Concurrent Scan Root Regions 9.042ms
[2026-04-03T03:15:42.233+0600][37.277s][info][gc,marking     ] GC(182) Concurrent Mark
[2026-04-03T03:15:42.233+0600][37.277s][info][gc,marking     ] GC(182) Concurrent Mark From Roots
[2026-04-03T03:15:42.233+0600][37.277s][info][gc,task        ] GC(182) Using 3 workers of 3 for marking
[2026-04-03T03:15:42.348+0600][37.392s][info][gc,marking     ] GC(182) Concurrent Mark From Roots 115.251ms
[2026-04-03T03:15:42.348+0600][37.392s][info][gc,marking     ] GC(182) Concurrent Preclean
[2026-04-03T03:15:42.348+0600][37.392s][info][gc,marking     ] GC(182) Concurrent Preclean 0.154ms
[2026-04-03T03:15:42.348+0600][37.392s][info][gc,start       ] GC(182) Pause Remark
[2026-04-03T03:15:42.351+0600][37.396s][info][gc             ] GC(182) Pause Remark 320M->245M(720M) 3.071ms
[2026-04-03T03:15:42.351+0600][37.396s][info][gc,cpu         ] GC(182) User=0.02s Sys=0.00s Real=0.01s
[2026-04-03T03:15:42.352+0600][37.396s][info][gc,marking     ] GC(182) Concurrent Mark 119.044ms
[2026-04-03T03:15:42.352+0600][37.396s][info][gc,marking     ] GC(182) Concurrent Rebuild Remembered Sets and Scrub Regions
[2026-04-03T03:15:42.403+0600][37.447s][info][gc,marking     ] GC(182) Concurrent Rebuild Remembered Sets and Scrub Regions 51.553ms
[2026-04-03T03:15:42.404+0600][37.448s][info][gc,start       ] GC(182) Pause Cleanup
[2026-04-03T03:15:42.404+0600][37.448s][info][gc             ] GC(182) Pause Cleanup 247M->247M(720M) 0.491ms
[2026-04-03T03:15:42.404+0600][37.448s][info][gc,cpu         ] GC(182) User=0.00s Sys=0.00s Real=0.00s
[2026-04-03T03:15:42.404+0600][37.448s][info][gc,marking     ] GC(182) Concurrent Clear Claimed Marks
[2026-04-03T03:15:42.404+0600][37.449s][info][gc,marking     ] GC(182) Concurrent Clear Claimed Marks 0.202ms
[2026-04-03T03:15:42.404+0600][37.449s][info][gc,marking     ] GC(182) Concurrent Cleanup for Next Mark
[2026-04-03T03:15:42.405+0600][37.449s][info][gc,marking     ] GC(182) Concurrent Cleanup for Next Mark 0.767ms
[2026-04-03T03:15:42.405+0600][37.449s][info][gc             ] GC(182) Concurrent Mark Cycle 181.959ms
[2026-04-03T03:15:43.561+0600][38.605s][info][gc,start       ] GC(183) Pause Young (Prepare Mixed) (G1 Evacuation Pause)
[2026-04-03T03:15:43.561+0600][38.605s][info][gc,task        ] GC(183) Using 10 workers of 10 for evacuation
[2026-04-03T03:15:43.697+0600][38.741s][info][gc,phases      ] GC(183)   Pre Evacuate Collection Set: 0.46ms
[2026-04-03T03:15:43.697+0600][38.741s][info][gc,phases      ] GC(183)   Merge Heap Roots: 2.84ms
[2026-04-03T03:15:43.697+0600][38.741s][info][gc,phases      ] GC(183)   Evacuate Collection Set: 116.82ms
[2026-04-03T03:15:43.697+0600][38.741s][info][gc,phases      ] GC(183)   Post Evacuate Collection Set: 15.83ms
[2026-04-03T03:15:43.697+0600][38.741s][info][gc,phases      ] GC(183)   Other: 0.16ms
[2026-04-03T03:15:43.697+0600][38.741s][info][gc,heap        ] GC(183) Eden regions: 364->0(100)
[2026-04-03T03:15:43.697+0600][38.741s][info][gc,heap        ] GC(183) Survivor regions: 25->49(49)
[2026-04-03T03:15:43.697+0600][38.741s][info][gc,heap        ] GC(183) Old regions: 200->472
[2026-04-03T03:15:43.697+0600][38.741s][info][gc,heap        ] GC(183) Humongous regions: 109->91
[2026-04-03T03:15:43.697+0600][38.741s][info][gc,metaspace   ] GC(183) Metaspace: 70824K(71808K)->70824K(71808K) NonClass: 61778K(62336K)->61778K(62336K) Class: 9045K(9472K)->9045K(9472K)
[2026-04-03T03:15:43.697+0600][38.741s][info][gc             ] GC(183) Pause Young (Prepare Mixed) (G1 Evacuation Pause) (Evacuation Failure) 697M->611M(750M) 136.509ms
[2026-04-03T03:15:43.697+0600][38.741s][info][gc,cpu         ] GC(183) User=1.44s Sys=0.04s Real=0.13s
[2026-04-03T03:15:43.885+0600][38.929s][info][gc,start       ] GC(184) Pause Young (Mixed) (G1 Evacuation Pause)
[2026-04-03T03:15:43.885+0600][38.929s][info][gc,task        ] GC(184) Using 10 workers of 10 for evacuation
[2026-04-03T03:15:43.955+0600][38.999s][info][gc,phases      ] GC(184)   Pre Evacuate Collection Set: 0.58ms
[2026-04-03T03:15:43.955+0600][38.999s][info][gc,phases      ] GC(184)   Merge Heap Roots: 0.66ms
[2026-04-03T03:15:43.955+0600][38.999s][info][gc,phases      ] GC(184)   Evacuate Collection Set: 62.57ms
[2026-04-03T03:15:43.955+0600][38.999s][info][gc,phases      ] GC(184)   Post Evacuate Collection Set: 5.95ms
[2026-04-03T03:15:43.955+0600][38.999s][info][gc,phases      ] GC(184)   Other: 0.16ms
[2026-04-03T03:15:43.955+0600][38.999s][info][gc,heap        ] GC(184) Eden regions: 100->0(79)
[2026-04-03T03:15:43.955+0600][38.999s][info][gc,heap        ] GC(184) Survivor regions: 49->5(19)
[2026-04-03T03:15:43.955+0600][38.999s][info][gc,heap        ] GC(184) Old regions: 472->537
[2026-04-03T03:15:43.955+0600][38.999s][info][gc,heap        ] GC(184) Humongous regions: 102->91
[2026-04-03T03:15:43.955+0600][38.999s][info][gc,metaspace   ] GC(184) Metaspace: 70986K(71936K)->70986K(71936K) NonClass: 61919K(62464K)->61919K(62464K) Class: 9066K(9472K)->9066K(9472K)
[2026-04-03T03:15:43.955+0600][38.999s][info][gc             ] GC(184) Pause Young (Mixed) (G1 Evacuation Pause) (Evacuation Failure) 722M->632M(750M) 70.318ms
[2026-04-03T03:15:43.955+0600][38.999s][info][gc,cpu         ] GC(184) User=0.68s Sys=0.00s Real=0.07s
[2026-04-03T03:15:43.978+0600][39.022s][info][gc,start       ] GC(185) Pause Young (Concurrent Start) (G1 Humongous Allocation)
[2026-04-03T03:15:43.978+0600][39.022s][info][gc,task        ] GC(185) Using 10 workers of 10 for evacuation
[2026-04-03T03:15:43.985+0600][39.029s][info][gc,phases      ] GC(185)   Pre Evacuate Collection Set: 0.67ms
[2026-04-03T03:15:43.985+0600][39.029s][info][gc,phases      ] GC(185)   Merge Heap Roots: 0.18ms
[2026-04-03T03:15:43.985+0600][39.029s][info][gc,phases      ] GC(185)   Evacuate Collection Set: 5.43ms
[2026-04-03T03:15:43.985+0600][39.029s][info][gc,phases      ] GC(185)   Post Evacuate Collection Set: 0.65ms
[2026-04-03T03:15:43.985+0600][39.029s][info][gc,phases      ] GC(185)   Other: 0.29ms
[2026-04-03T03:15:43.985+0600][39.029s][info][gc,heap        ] GC(185) Eden regions: 18->0(78)
[2026-04-03T03:15:43.985+0600][39.029s][info][gc,heap        ] GC(185) Survivor regions: 5->6(11)
[2026-04-03T03:15:43.985+0600][39.030s][info][gc,heap        ] GC(185) Old regions: 537->537
[2026-04-03T03:15:43.985+0600][39.030s][info][gc,heap        ] GC(185) Humongous regions: 91->91
[2026-04-03T03:15:43.985+0600][39.030s][info][gc,metaspace   ] GC(185) Metaspace: 70986K(71936K)->70986K(71936K) NonClass: 61919K(62464K)->61919K(62464K) Class: 9066K(9472K)->9066K(9472K)
[2026-04-03T03:15:43.985+0600][39.030s][info][gc             ] GC(185) Pause Young (Concurrent Start) (G1 Humongous Allocation) 650M->633M(750M) 7.617ms
[2026-04-03T03:15:43.986+0600][39.030s][info][gc,cpu         ] GC(185) User=0.05s Sys=0.00s Real=0.01s
[2026-04-03T03:15:43.986+0600][39.030s][info][gc             ] GC(186) Concurrent Mark Cycle
[2026-04-03T03:15:43.986+0600][39.030s][info][gc,marking     ] GC(186) Concurrent Scan Root Regions
[2026-04-03T03:15:43.988+0600][39.032s][info][gc,marking     ] GC(186) Concurrent Scan Root Regions 2.221ms
[2026-04-03T03:15:43.988+0600][39.032s][info][gc,marking     ] GC(186) Concurrent Mark
[2026-04-03T03:15:43.988+0600][39.032s][info][gc,marking     ] GC(186) Concurrent Mark From Roots
[2026-04-03T03:15:43.988+0600][39.032s][info][gc,task        ] GC(186) Using 3 workers of 3 for marking
[2026-04-03T03:15:44.141+0600][39.186s][info][gc,marking     ] GC(186) Concurrent Mark From Roots 153.444ms
[2026-04-03T03:15:44.142+0600][39.186s][info][gc,marking     ] GC(186) Concurrent Preclean
[2026-04-03T03:15:44.142+0600][39.186s][info][gc,marking     ] GC(186) Concurrent Preclean 0.379ms
[2026-04-03T03:15:44.142+0600][39.186s][info][gc,start       ] GC(186) Pause Remark
[2026-04-03T03:15:44.160+0600][39.204s][info][gc             ] GC(186) Pause Remark 685M->268M(750M) 17.639ms
[2026-04-03T03:15:44.160+0600][39.204s][info][gc,cpu         ] GC(186) User=0.15s Sys=0.01s Real=0.02s
[2026-04-03T03:15:44.160+0600][39.204s][info][gc,marking     ] GC(186) Concurrent Mark 172.208ms
[2026-04-03T03:15:44.160+0600][39.204s][info][gc,marking     ] GC(186) Concurrent Rebuild Remembered Sets and Scrub Regions
[2026-04-03T03:15:44.322+0600][39.366s][info][gc,marking     ] GC(186) Concurrent Rebuild Remembered Sets and Scrub Regions 162.039ms
[2026-04-03T03:15:44.323+0600][39.367s][info][gc,start       ] GC(186) Pause Cleanup
[2026-04-03T03:15:44.324+0600][39.368s][info][gc             ] GC(186) Pause Cleanup 306M->306M(750M) 0.660ms
[2026-04-03T03:15:44.324+0600][39.368s][info][gc,cpu         ] GC(186) User=0.00s Sys=0.00s Real=0.00s
[2026-04-03T03:15:44.324+0600][39.368s][info][gc,marking     ] GC(186) Concurrent Clear Claimed Marks
[2026-04-03T03:15:44.324+0600][39.368s][info][gc,marking     ] GC(186) Concurrent Clear Claimed Marks 0.250ms
[2026-04-03T03:15:44.324+0600][39.368s][info][gc,marking     ] GC(186) Concurrent Cleanup for Next Mark
[2026-04-03T03:15:44.326+0600][39.370s][info][gc,marking     ] GC(186) Concurrent Cleanup for Next Mark 1.513ms
[2026-04-03T03:15:44.326+0600][39.370s][info][gc             ] GC(186) Concurrent Mark Cycle 340.189ms
[2026-04-03T03:15:44.343+0600][39.388s][info][gc,start       ] GC(187) Pause Young (Prepare Mixed) (G1 Evacuation Pause)
[2026-04-03T03:15:44.344+0600][39.388s][info][gc,task        ] GC(187) Using 10 workers of 10 for evacuation
[2026-04-03T03:15:44.381+0600][39.425s][info][gc,phases      ] GC(187)   Pre Evacuate Collection Set: 0.59ms
[2026-04-03T03:15:44.381+0600][39.425s][info][gc,phases      ] GC(187)   Merge Heap Roots: 1.44ms
[2026-04-03T03:15:44.381+0600][39.425s][info][gc,phases      ] GC(187)   Evacuate Collection Set: 34.68ms
[2026-04-03T03:15:44.381+0600][39.425s][info][gc,phases      ] GC(187)   Post Evacuate Collection Set: 0.84ms
[2026-04-03T03:15:44.381+0600][39.425s][info][gc,phases      ] GC(187)   Other: 0.14ms
[2026-04-03T03:15:44.381+0600][39.425s][info][gc,heap        ] GC(187) Eden regions: 78->0(406)
[2026-04-03T03:15:44.381+0600][39.425s][info][gc,heap        ] GC(187) Survivor regions: 6->11(11)
[2026-04-03T03:15:44.381+0600][39.425s][info][gc,heap        ] GC(187) Old regions: 200->216
[2026-04-03T03:15:44.381+0600][39.425s][info][gc,heap        ] GC(187) Humongous regions: 29->29
[2026-04-03T03:15:44.381+0600][39.425s][info][gc,metaspace   ] GC(187) Metaspace: 70923K(71936K)->70923K(71936K) NonClass: 61876K(62464K)->61876K(62464K) Class: 9047K(9472K)->9047K(9472K)
[2026-04-03T03:15:44.381+0600][39.426s][info][gc             ] GC(187) Pause Young (Prepare Mixed) (G1 Evacuation Pause) 312M->255M(750M) 38.004ms
[2026-04-03T03:15:44.381+0600][39.426s][info][gc,cpu         ] GC(187) User=0.34s Sys=0.01s Real=0.04s
[2026-04-03T03:15:45.149+0600][40.194s][info][gc,start       ] GC(188) Pause Young (Mixed) (G1 Evacuation Pause)
[2026-04-03T03:15:45.150+0600][40.194s][info][gc,task        ] GC(188) Using 10 workers of 10 for evacuation
[2026-04-03T03:15:45.195+0600][40.239s][info][gc,phases      ] GC(188)   Pre Evacuate Collection Set: 0.30ms
[2026-04-03T03:15:45.195+0600][40.239s][info][gc,phases      ] GC(188)   Merge Heap Roots: 0.51ms
[2026-04-03T03:15:45.195+0600][40.239s][info][gc,phases      ] GC(188)   Evacuate Collection Set: 42.53ms
[2026-04-03T03:15:45.195+0600][40.239s][info][gc,phases      ] GC(188)   Post Evacuate Collection Set: 1.62ms
[2026-04-03T03:15:45.195+0600][40.239s][info][gc,phases      ] GC(188)   Other: 0.16ms
[2026-04-03T03:15:45.195+0600][40.239s][info][gc,heap        ] GC(188) Eden regions: 406->0(371)
[2026-04-03T03:15:45.195+0600][40.239s][info][gc,heap        ] GC(188) Survivor regions: 11->48(53)
[2026-04-03T03:15:45.195+0600][40.239s][info][gc,heap        ] GC(188) Old regions: 216->194
[2026-04-03T03:15:45.195+0600][40.239s][info][gc,heap        ] GC(188) Humongous regions: 64->53
[2026-04-03T03:15:45.195+0600][40.239s][info][gc,metaspace   ] GC(188) Metaspace: 71010K(72000K)->71010K(72000K) NonClass: 61959K(62528K)->61959K(62528K) Class: 9051K(9472K)->9051K(9472K)
[2026-04-03T03:15:45.195+0600][40.239s][info][gc             ] GC(188) Pause Young (Mixed) (G1 Evacuation Pause) 696M->294M(750M) 45.534ms
[2026-04-03T03:15:45.195+0600][40.239s][info][gc,cpu         ] GC(188) User=0.43s Sys=0.01s Real=0.05s
[2026-04-03T03:15:45.244+0600][40.288s][info][gc,start       ] GC(189) Pause Young (Concurrent Start) (G1 Humongous Allocation)
[2026-04-03T03:15:45.244+0600][40.288s][info][gc,task        ] GC(189) Using 10 workers of 10 for evacuation
[2026-04-03T03:15:45.287+0600][40.331s][info][gc,phases      ] GC(189)   Pre Evacuate Collection Set: 0.52ms
[2026-04-03T03:15:45.287+0600][40.331s][info][gc,phases      ] GC(189)   Merge Heap Roots: 0.31ms
[2026-04-03T03:15:45.287+0600][40.331s][info][gc,phases      ] GC(189)   Evacuate Collection Set: 40.48ms
[2026-04-03T03:15:45.287+0600][40.331s][info][gc,phases      ] GC(189)   Post Evacuate Collection Set: 1.06ms
[2026-04-03T03:15:45.287+0600][40.331s][info][gc,phases      ] GC(189)   Other: 0.22ms
[2026-04-03T03:15:45.287+0600][40.331s][info][gc,heap        ] GC(189) Eden regions: 89->0(339)
[2026-04-03T03:15:45.287+0600][40.331s][info][gc,heap        ] GC(189) Survivor regions: 48->17(53)
[2026-04-03T03:15:45.287+0600][40.331s][info][gc,heap        ] GC(189) Old regions: 194->242
[2026-04-03T03:15:45.287+0600][40.331s][info][gc,heap        ] GC(189) Humongous regions: 53->53
[2026-04-03T03:15:45.287+0600][40.331s][info][gc,metaspace   ] GC(189) Metaspace: 71010K(72000K)->71010K(72000K) NonClass: 61959K(62528K)->61959K(62528K) Class: 9051K(9472K)->9051K(9472K)
[2026-04-03T03:15:45.287+0600][40.331s][info][gc             ] GC(189) Pause Young (Concurrent Start) (G1 Humongous Allocation) 383M->311M(750M) 43.054ms
[2026-04-03T03:15:45.287+0600][40.331s][info][gc,cpu         ] GC(189) User=0.41s Sys=0.00s Real=0.04s
[2026-04-03T03:15:45.287+0600][40.331s][info][gc             ] GC(190) Concurrent Mark Cycle
[2026-04-03T03:15:45.287+0600][40.331s][info][gc,marking     ] GC(190) Concurrent Scan Root Regions
[2026-04-03T03:15:45.305+0600][40.349s][info][gc,marking     ] GC(190) Concurrent Scan Root Regions 17.344ms
[2026-04-03T03:15:45.305+0600][40.349s][info][gc,marking     ] GC(190) Concurrent Mark
[2026-04-03T03:15:45.305+0600][40.349s][info][gc,marking     ] GC(190) Concurrent Mark From Roots
[2026-04-03T03:15:45.305+0600][40.349s][info][gc,task        ] GC(190) Using 3 workers of 3 for marking
[2026-04-03T03:15:45.444+0600][40.488s][info][gc,marking     ] GC(190) Concurrent Mark From Roots 139.171ms
[2026-04-03T03:15:45.444+0600][40.488s][info][gc,marking     ] GC(190) Concurrent Preclean
[2026-04-03T03:15:45.444+0600][40.488s][info][gc,marking     ] GC(190) Concurrent Preclean 0.118ms
[2026-04-03T03:15:45.444+0600][40.488s][info][gc,start       ] GC(190) Pause Remark
[2026-04-03T03:15:45.449+0600][40.494s][info][gc             ] GC(190) Pause Remark 462M->418M(750M) 5.090ms
[2026-04-03T03:15:45.450+0600][40.494s][info][gc,cpu         ] GC(190) User=0.04s Sys=0.00s Real=0.00s
[2026-04-03T03:15:45.450+0600][40.494s][info][gc,marking     ] GC(190) Concurrent Mark 144.950ms
[2026-04-03T03:15:45.450+0600][40.494s][info][gc,marking     ] GC(190) Concurrent Rebuild Remembered Sets and Scrub Regions
[2026-04-03T03:15:45.520+0600][40.564s][info][gc,marking     ] GC(190) Concurrent Rebuild Remembered Sets and Scrub Regions 70.255ms
[2026-04-03T03:15:45.520+0600][40.565s][info][gc,start       ] GC(190) Pause Cleanup
[2026-04-03T03:15:45.521+0600][40.565s][info][gc             ] GC(190) Pause Cleanup 441M->441M(750M) 0.704ms
[2026-04-03T03:15:45.521+0600][40.565s][info][gc,cpu         ] GC(190) User=0.00s Sys=0.00s Real=0.00s
[2026-04-03T03:15:45.521+0600][40.565s][info][gc,marking     ] GC(190) Concurrent Clear Claimed Marks
[2026-04-03T03:15:45.522+0600][40.566s][info][gc,marking     ] GC(190) Concurrent Clear Claimed Marks 0.270ms
[2026-04-03T03:15:45.522+0600][40.566s][info][gc,marking     ] GC(190) Concurrent Cleanup for Next Mark
[2026-04-03T03:15:45.523+0600][40.567s][info][gc,marking     ] GC(190) Concurrent Cleanup for Next Mark 0.910ms
[2026-04-03T03:15:45.523+0600][40.567s][info][gc             ] GC(190) Concurrent Mark Cycle 235.507ms
[2026-04-03T03:15:46.526+0600][41.570s][info][gc,start       ] GC(191) Pause Young (Prepare Mixed) (G1 Humongous Allocation)
[2026-04-03T03:15:46.526+0600][41.570s][info][gc,task        ] GC(191) Using 10 workers of 10 for evacuation
[2026-04-03T03:15:46.642+0600][41.686s][info][gc,phases      ] GC(191)   Pre Evacuate Collection Set: 0.48ms
[2026-04-03T03:15:46.642+0600][41.686s][info][gc,phases      ] GC(191)   Merge Heap Roots: 0.50ms
[2026-04-03T03:15:46.642+0600][41.686s][info][gc,phases      ] GC(191)   Evacuate Collection Set: 86.71ms
[2026-04-03T03:15:46.642+0600][41.686s][info][gc,phases      ] GC(191)   Post Evacuate Collection Set: 28.01ms
[2026-04-03T03:15:46.642+0600][41.686s][info][gc,phases      ] GC(191)   Other: 0.16ms
[2026-04-03T03:15:46.642+0600][41.686s][info][gc,heap        ] GC(191) Eden regions: 268->0(89)
[2026-04-03T03:15:46.642+0600][41.686s][info][gc,heap        ] GC(191) Survivor regions: 17->0(0)
[2026-04-03T03:15:46.642+0600][41.686s][info][gc,heap        ] GC(191) Old regions: 234->479
[2026-04-03T03:15:46.642+0600][41.686s][info][gc,heap        ] GC(191) Humongous regions: 231->144
[2026-04-03T03:15:46.642+0600][41.686s][info][gc,metaspace   ] GC(191) Metaspace: 72704K(73664K)->72704K(73664K) NonClass: 63417K(63936K)->63417K(63936K) Class: 9287K(9728K)->9287K(9728K)
[2026-04-03T03:15:46.642+0600][41.686s][info][gc             ] GC(191) Pause Young (Prepare Mixed) (G1 Humongous Allocation) (Evacuation Failure) 748M->621M(750M) 116.251ms
[2026-04-03T03:15:46.642+0600][41.686s][info][gc,cpu         ] GC(191) User=1.05s Sys=0.03s Real=0.12s
[2026-04-03T03:15:46.689+0600][41.733s][info][gc,start       ] GC(192) Pause Young (Mixed) (G1 Evacuation Pause)
[2026-04-03T03:15:46.689+0600][41.733s][info][gc,task        ] GC(192) Using 10 workers of 10 for evacuation
[2026-04-03T03:15:46.706+0600][41.750s][info][gc,phases      ] GC(192)   Pre Evacuate Collection Set: 0.41ms
[2026-04-03T03:15:46.706+0600][41.750s][info][gc,phases      ] GC(192)   Merge Heap Roots: 0.19ms
[2026-04-03T03:15:46.706+0600][41.750s][info][gc,phases      ] GC(192)   Evacuate Collection Set: 13.46ms
[2026-04-03T03:15:46.706+0600][41.750s][info][gc,phases      ] GC(192)   Post Evacuate Collection Set: 2.71ms
[2026-04-03T03:15:46.706+0600][41.750s][info][gc,phases      ] GC(192)   Other: 0.12ms
[2026-04-03T03:15:46.706+0600][41.750s][info][gc,heap        ] GC(192) Eden regions: 89->0(30)
[2026-04-03T03:15:46.706+0600][41.750s][info][gc,heap        ] GC(192) Survivor regions: 0->10(10)
[2026-04-03T03:15:46.706+0600][41.750s][info][gc,heap        ] GC(192) Old regions: 479->528
[2026-04-03T03:15:46.706+0600][41.750s][info][gc,heap        ] GC(192) Humongous regions: 172->172
[2026-04-03T03:15:46.706+0600][41.750s][info][gc,metaspace   ] GC(192) Metaspace: 72706K(73664K)->72706K(73664K) NonClass: 63419K(63936K)->63419K(63936K) Class: 9287K(9728K)->9287K(9728K)
[2026-04-03T03:15:46.706+0600][41.750s][info][gc             ] GC(192) Pause Young (Mixed) (G1 Evacuation Pause) (Evacuation Failure) 738M->708M(750M) 17.213ms
[2026-04-03T03:15:46.706+0600][41.750s][info][gc,cpu         ] GC(192) User=0.15s Sys=0.00s Real=0.02s
[2026-04-03T03:15:46.716+0600][41.760s][info][gc,start       ] GC(193) Pause Young (Concurrent Start) (G1 Humongous Allocation)
[2026-04-03T03:15:46.716+0600][41.760s][info][gc,task        ] GC(193) Using 10 workers of 10 for evacuation
[2026-04-03T03:15:46.727+0600][41.771s][info][gc,phases      ] GC(193)   Pre Evacuate Collection Set: 0.34ms
[2026-04-03T03:15:46.727+0600][41.771s][info][gc,phases      ] GC(193)   Merge Heap Roots: 0.11ms
[2026-04-03T03:15:46.727+0600][41.771s][info][gc,phases      ] GC(193)   Evacuate Collection Set: 10.09ms
[2026-04-03T03:15:46.727+0600][41.771s][info][gc,phases      ] GC(193)   Post Evacuate Collection Set: 0.54ms
[2026-04-03T03:15:46.727+0600][41.771s][info][gc,phases      ] GC(193)   Other: 0.14ms
[2026-04-03T03:15:46.727+0600][41.771s][info][gc,heap        ] GC(193) Eden regions: 17->0(33)
[2026-04-03T03:15:46.727+0600][41.771s][info][gc,heap        ] GC(193) Survivor regions: 10->4(5)
[2026-04-03T03:15:46.727+0600][41.771s][info][gc,heap        ] GC(193) Old regions: 528->539
[2026-04-03T03:15:46.727+0600][41.771s][info][gc,heap        ] GC(193) Humongous regions: 172->172
[2026-04-03T03:15:46.727+0600][41.771s][info][gc,metaspace   ] GC(193) Metaspace: 72706K(73664K)->72706K(73664K) NonClass: 63419K(63936K)->63419K(63936K) Class: 9287K(9728K)->9287K(9728K)
[2026-04-03T03:15:46.727+0600][41.771s][info][gc             ] GC(193) Pause Young (Concurrent Start) (G1 Humongous Allocation) 725M->712M(750M) 11.533ms
[2026-04-03T03:15:46.727+0600][41.771s][info][gc,cpu         ] GC(193) User=0.10s Sys=0.01s Real=0.01s
[2026-04-03T03:15:46.727+0600][41.771s][info][gc             ] GC(194) Concurrent Mark Cycle
[2026-04-03T03:15:46.727+0600][41.771s][info][gc,marking     ] GC(194) Concurrent Scan Root Regions
[2026-04-03T03:15:46.732+0600][41.776s][info][gc,marking     ] GC(194) Concurrent Scan Root Regions 4.206ms
[2026-04-03T03:15:46.732+0600][41.776s][info][gc,marking     ] GC(194) Concurrent Mark
[2026-04-03T03:15:46.732+0600][41.776s][info][gc,marking     ] GC(194) Concurrent Mark From Roots
[2026-04-03T03:15:46.732+0600][41.776s][info][gc,task        ] GC(194) Using 3 workers of 3 for marking
[2026-04-03T03:15:46.745+0600][41.789s][info][gc,start       ] GC(195) Pause Young (Normal) (G1 Evacuation Pause)
[2026-04-03T03:15:46.745+0600][41.789s][info][gc,task        ] GC(195) Using 10 workers of 10 for evacuation
[2026-04-03T03:15:46.759+0600][41.803s][info][gc,phases      ] GC(195)   Pre Evacuate Collection Set: 0.59ms
[2026-04-03T03:15:46.759+0600][41.803s][info][gc,phases      ] GC(195)   Merge Heap Roots: 0.29ms
[2026-04-03T03:15:46.759+0600][41.803s][info][gc,phases      ] GC(195)   Evacuate Collection Set: 9.24ms
[2026-04-03T03:15:46.759+0600][41.803s][info][gc,phases      ] GC(195)   Post Evacuate Collection Set: 2.98ms
[2026-04-03T03:15:46.759+0600][41.803s][info][gc,phases      ] GC(195)   Other: 0.13ms
[2026-04-03T03:15:46.759+0600][41.803s][info][gc,heap        ] GC(195) Eden regions: 28->0(1)
[2026-04-03T03:15:46.759+0600][41.803s][info][gc,heap        ] GC(195) Survivor regions: 4->0(0)
[2026-04-03T03:15:46.759+0600][41.803s][info][gc,heap        ] GC(195) Old regions: 539->571
[2026-04-03T03:15:46.759+0600][41.803s][info][gc,heap        ] GC(195) Humongous regions: 179->179
[2026-04-03T03:15:46.759+0600][41.803s][info][gc,metaspace   ] GC(195) Metaspace: 72706K(73664K)->72706K(73664K) NonClass: 63419K(63936K)->63419K(63936K) Class: 9287K(9728K)->9287K(9728K)
[2026-04-03T03:15:46.759+0600][41.803s][info][gc             ] GC(195) Pause Young (Normal) (G1 Evacuation Pause) (Evacuation Failure) 747M->747M(750M) 13.649ms
[2026-04-03T03:15:46.759+0600][41.803s][info][gc,cpu         ] GC(195) User=0.12s Sys=0.00s Real=0.01s
[2026-04-03T03:15:46.759+0600][41.803s][info][gc,ergo        ] Attempting full compaction
[2026-04-03T03:15:46.759+0600][41.803s][info][gc,start       ] GC(196) Pause Full (G1 Compaction Pause)
[2026-04-03T03:15:46.759+0600][41.803s][info][gc,task        ] GC(196) Using 10 workers of 10 for full compaction
[2026-04-03T03:15:46.760+0600][41.804s][info][gc,phases,start] GC(196) Phase 1: Mark live objects
[2026-04-03T03:15:46.837+0600][41.881s][info][gc,phases      ] GC(196) Phase 1: Mark live objects 77.068ms
[2026-04-03T03:15:46.837+0600][41.881s][info][gc,phases,start] GC(196) Phase 2: Prepare compaction
[2026-04-03T03:15:46.847+0600][41.892s][info][gc,phases      ] GC(196) Phase 2: Prepare compaction 10.378ms
[2026-04-03T03:15:46.848+0600][41.892s][info][gc,phases,start] GC(196) Phase 3: Adjust pointers
[2026-04-03T03:15:46.891+0600][41.935s][info][gc,phases      ] GC(196) Phase 3: Adjust pointers 43.547ms
[2026-04-03T03:15:46.891+0600][41.935s][info][gc,phases,start] GC(196) Phase 4: Compact heap
[2026-04-03T03:15:46.906+0600][41.950s][info][gc,phases      ] GC(196) Phase 4: Compact heap 14.976ms
[2026-04-03T03:15:46.906+0600][41.950s][info][gc,phases,start] GC(196) Phase 5: Reset Metadata
[2026-04-03T03:15:46.915+0600][41.959s][info][gc,phases      ] GC(196) Phase 5: Reset Metadata 8.468ms
[2026-04-03T03:15:46.932+0600][41.976s][info][gc,heap        ] GC(196) Eden regions: 0->0(367)
[2026-04-03T03:15:46.932+0600][41.976s][info][gc,heap        ] GC(196) Survivor regions: 0->0(0)
[2026-04-03T03:15:46.932+0600][41.976s][info][gc,heap        ] GC(196) Old regions: 571->169
[2026-04-03T03:15:46.932+0600][41.976s][info][gc,heap        ] GC(196) Humongous regions: 179->114
[2026-04-03T03:15:46.932+0600][41.976s][info][gc,metaspace   ] GC(196) Metaspace: 72706K(73664K)->72156K(73664K) NonClass: 63419K(63936K)->62976K(63936K) Class: 9287K(9728K)->9179K(9728K)
[2026-04-03T03:15:46.932+0600][41.976s][info][gc             ] GC(196) Pause Full (G1 Compaction Pause) 747M->277M(750M) 172.796ms
[2026-04-03T03:15:46.932+0600][41.976s][info][gc,cpu         ] GC(196) User=1.38s Sys=0.10s Real=0.18s
[2026-04-03T03:15:46.932+0600][41.976s][info][gc,marking     ] GC(194) Concurrent Mark From Roots 200.330ms
[2026-04-03T03:15:46.932+0600][41.976s][info][gc,marking     ] GC(194) Concurrent Mark Abort
[2026-04-03T03:15:46.932+0600][41.976s][info][gc             ] GC(194) Concurrent Mark Cycle 204.830ms
[2026-04-03T03:15:46.956+0600][42.000s][info][gc,start       ] GC(197) Pause Young (Concurrent Start) (G1 Humongous Allocation)
[2026-04-03T03:15:46.956+0600][42.000s][info][gc,task        ] GC(197) Using 10 workers of 10 for evacuation
[2026-04-03T03:15:46.961+0600][42.005s][info][gc,phases      ] GC(197)   Pre Evacuate Collection Set: 0.37ms
[2026-04-03T03:15:46.961+0600][42.005s][info][gc,phases      ] GC(197)   Merge Heap Roots: 0.10ms
[2026-04-03T03:15:46.961+0600][42.005s][info][gc,phases      ] GC(197)   Evacuate Collection Set: 3.31ms
[2026-04-03T03:15:46.961+0600][42.005s][info][gc,phases      ] GC(197)   Post Evacuate Collection Set: 0.45ms
[2026-04-03T03:15:46.961+0600][42.005s][info][gc,phases      ] GC(197)   Other: 0.15ms
[2026-04-03T03:15:46.961+0600][42.005s][info][gc,heap        ] GC(197) Eden regions: 27->0(357)
[2026-04-03T03:15:46.961+0600][42.005s][info][gc,heap        ] GC(197) Survivor regions: 0->4(46)
[2026-04-03T03:15:46.961+0600][42.005s][info][gc,heap        ] GC(197) Old regions: 169->169
[2026-04-03T03:15:46.961+0600][42.005s][info][gc,heap        ] GC(197) Humongous regions: 114->114
[2026-04-03T03:15:46.961+0600][42.005s][info][gc,metaspace   ] GC(197) Metaspace: 72166K(73664K)->72166K(73664K) NonClass: 62984K(63936K)->62984K(63936K) Class: 9182K(9728K)->9182K(9728K)
[2026-04-03T03:15:46.961+0600][42.005s][info][gc             ] GC(197) Pause Young (Concurrent Start) (G1 Humongous Allocation) 304M->280M(750M) 4.660ms
[2026-04-03T03:15:46.961+0600][42.005s][info][gc             ] GC(198) Concurrent Mark Cycle
[2026-04-03T03:15:46.961+0600][42.005s][info][gc,cpu         ] GC(197) User=0.03s Sys=0.00s Real=0.01s
[2026-04-03T03:15:46.961+0600][42.005s][info][gc,marking     ] GC(198) Concurrent Scan Root Regions
[2026-04-03T03:15:46.962+0600][42.007s][info][gc,marking     ] GC(198) Concurrent Scan Root Regions 1.556ms
[2026-04-03T03:15:46.963+0600][42.007s][info][gc,marking     ] GC(198) Concurrent Mark
[2026-04-03T03:15:46.963+0600][42.007s][info][gc,marking     ] GC(198) Concurrent Mark From Roots
[2026-04-03T03:15:46.963+0600][42.007s][info][gc,task        ] GC(198) Using 3 workers of 3 for marking
[2026-04-03T03:15:47.092+0600][42.136s][info][gc,marking     ] GC(198) Concurrent Mark From Roots 129.660ms
[2026-04-03T03:15:47.092+0600][42.136s][info][gc,marking     ] GC(198) Concurrent Preclean
[2026-04-03T03:15:47.092+0600][42.136s][info][gc,marking     ] GC(198) Concurrent Preclean 0.109ms
[2026-04-03T03:15:47.093+0600][42.137s][info][gc,start       ] GC(198) Pause Remark
[2026-04-03T03:15:47.097+0600][42.141s][info][gc             ] GC(198) Pause Remark 374M->351M(750M) 4.099ms
[2026-04-03T03:15:47.097+0600][42.141s][info][gc,cpu         ] GC(198) User=0.02s Sys=0.00s Real=0.00s
[2026-04-03T03:15:47.097+0600][42.141s][info][gc,marking     ] GC(198) Concurrent Mark 134.402ms
[2026-04-03T03:15:47.097+0600][42.141s][info][gc,marking     ] GC(198) Concurrent Rebuild Remembered Sets and Scrub Regions
[2026-04-03T03:15:47.148+0600][42.193s][info][gc,marking     ] GC(198) Concurrent Rebuild Remembered Sets and Scrub Regions 51.433ms
[2026-04-03T03:15:47.149+0600][42.193s][info][gc,start       ] GC(198) Pause Cleanup
[2026-04-03T03:15:47.149+0600][42.193s][info][gc             ] GC(198) Pause Cleanup 375M->375M(750M) 0.332ms
[2026-04-03T03:15:47.149+0600][42.193s][info][gc,cpu         ] GC(198) User=0.00s Sys=0.00s Real=0.00s
[2026-04-03T03:15:47.149+0600][42.193s][info][gc,marking     ] GC(198) Concurrent Clear Claimed Marks
[2026-04-03T03:15:47.149+0600][42.193s][info][gc,marking     ] GC(198) Concurrent Clear Claimed Marks 0.126ms
[2026-04-03T03:15:47.149+0600][42.193s][info][gc,marking     ] GC(198) Concurrent Cleanup for Next Mark
[2026-04-03T03:15:47.150+0600][42.194s][info][gc,marking     ] GC(198) Concurrent Cleanup for Next Mark 0.838ms
[2026-04-03T03:15:47.150+0600][42.194s][info][gc             ] GC(198) Concurrent Mark Cycle 189.213ms
[2026-04-03T03:15:47.320+0600][42.364s][info][gc,start       ] GC(199) Pause Young (Prepare Mixed) (G1 Evacuation Pause)
[2026-04-03T03:15:47.320+0600][42.364s][info][gc,task        ] GC(199) Using 10 workers of 10 for evacuation
[2026-04-03T03:15:47.344+0600][42.388s][info][gc,phases      ] GC(199)   Pre Evacuate Collection Set: 0.42ms
[2026-04-03T03:15:47.344+0600][42.388s][info][gc,phases      ] GC(199)   Merge Heap Roots: 0.35ms
[2026-04-03T03:15:47.344+0600][42.388s][info][gc,phases      ] GC(199)   Evacuate Collection Set: 21.21ms
[2026-04-03T03:15:47.344+0600][42.388s][info][gc,phases      ] GC(199)   Post Evacuate Collection Set: 1.17ms
[2026-04-03T03:15:47.344+0600][42.388s][info][gc,phases      ] GC(199)   Other: 0.12ms
[2026-04-03T03:15:47.344+0600][42.388s][info][gc,heap        ] GC(199) Eden regions: 357->0(338)
[2026-04-03T03:15:47.344+0600][42.388s][info][gc,heap        ] GC(199) Survivor regions: 4->32(46)
[2026-04-03T03:15:47.344+0600][42.388s][info][gc,heap        ] GC(199) Old regions: 169->169
[2026-04-03T03:15:47.344+0600][42.388s][info][gc,heap        ] GC(199) Humongous regions: 107->107
[2026-04-03T03:15:47.344+0600][42.388s][info][gc,metaspace   ] GC(199) Metaspace: 72210K(73664K)->72210K(73664K) NonClass: 63024K(63936K)->63024K(63936K) Class: 9185K(9728K)->9185K(9728K)
[2026-04-03T03:15:47.344+0600][42.388s][info][gc             ] GC(199) Pause Young (Prepare Mixed) (G1 Evacuation Pause) 630M->301M(750M) 23.648ms
[2026-04-03T03:15:47.344+0600][42.388s][info][gc,cpu         ] GC(199) User=0.22s Sys=0.01s Real=0.02s
[2026-04-03T03:15:47.549+0600][42.593s][info][gc,start       ] GC(200) Pause Full (System.gc())
[2026-04-03T03:15:47.549+0600][42.593s][info][gc,task        ] GC(200) Using 10 workers of 10 for full compaction
[2026-04-03T03:15:47.549+0600][42.593s][info][gc,phases,start] GC(200) Phase 1: Mark live objects
[2026-04-03T03:15:47.591+0600][42.635s][info][gc,phases      ] GC(200) Phase 1: Mark live objects 41.921ms
[2026-04-03T03:15:47.591+0600][42.635s][info][gc,phases,start] GC(200) Phase 2: Prepare compaction
[2026-04-03T03:15:47.594+0600][42.638s][info][gc,phases      ] GC(200) Phase 2: Prepare compaction 2.369ms
[2026-04-03T03:15:47.594+0600][42.638s][info][gc,phases,start] GC(200) Phase 3: Adjust pointers
[2026-04-03T03:15:47.618+0600][42.662s][info][gc,phases      ] GC(200) Phase 3: Adjust pointers 24.757ms
[2026-04-03T03:15:47.618+0600][42.663s][info][gc,phases,start] GC(200) Phase 4: Compact heap
[2026-04-03T03:15:47.621+0600][42.665s][info][gc,phases      ] GC(200) Phase 4: Compact heap 2.738ms
[2026-04-03T03:15:47.621+0600][42.665s][info][gc,phases,start] GC(200) Phase 5: Reset Metadata
[2026-04-03T03:15:47.630+0600][42.675s][info][gc,phases      ] GC(200) Phase 5: Reset Metadata 9.143ms
[2026-04-03T03:15:47.647+0600][42.691s][info][gc,heap        ] GC(200) Eden regions: 281->0(282)
[2026-04-03T03:15:47.647+0600][42.691s][info][gc,heap        ] GC(200) Survivor regions: 32->0(46)
[2026-04-03T03:15:47.647+0600][42.691s][info][gc,heap        ] GC(200) Old regions: 169->143
[2026-04-03T03:15:47.647+0600][42.691s][info][gc,heap        ] GC(200) Humongous regions: 110->11
[2026-04-03T03:15:47.647+0600][42.691s][info][gc,metaspace   ] GC(200) Metaspace: 72332K(73728K)->72332K(73728K) NonClass: 63129K(64000K)->63129K(64000K) Class: 9203K(9728K)->9203K(9728K)
[2026-04-03T03:15:47.647+0600][42.691s][info][gc             ] GC(200) Pause Full (System.gc()) 585M->148M(514M) 98.144ms
[2026-04-03T03:15:47.647+0600][42.691s][info][gc,cpu         ] GC(200) User=0.81s Sys=0.02s Real=0.10s
[2026-04-03T03:15:47.777+0600][42.821s][info][gc,start       ] GC(201) Pause Young (Concurrent Start) (G1 Humongous Allocation)
[2026-04-03T03:15:47.777+0600][42.821s][info][gc,task        ] GC(201) Using 10 workers of 10 for evacuation
[2026-04-03T03:15:47.780+0600][42.824s][info][gc,phases      ] GC(201)   Pre Evacuate Collection Set: 0.40ms
[2026-04-03T03:15:47.780+0600][42.824s][info][gc,phases      ] GC(201)   Merge Heap Roots: 0.08ms
[2026-04-03T03:15:47.780+0600][42.824s][info][gc,phases      ] GC(201)   Evacuate Collection Set: 1.49ms
[2026-04-03T03:15:47.780+0600][42.824s][info][gc,phases      ] GC(201)   Post Evacuate Collection Set: 0.70ms
[2026-04-03T03:15:47.780+0600][42.824s][info][gc,phases      ] GC(201)   Other: 0.18ms
[2026-04-03T03:15:47.780+0600][42.824s][info][gc,heap        ] GC(201) Eden regions: 28->0(283)
[2026-04-03T03:15:47.780+0600][42.824s][info][gc,heap        ] GC(201) Survivor regions: 0->5(36)
[2026-04-03T03:15:47.780+0600][42.824s][info][gc,heap        ] GC(201) Old regions: 143->143
[2026-04-03T03:15:47.780+0600][42.824s][info][gc,heap        ] GC(201) Humongous regions: 11->11
[2026-04-03T03:15:47.780+0600][42.824s][info][gc,metaspace   ] GC(201) Metaspace: 72698K(73728K)->72698K(73728K) NonClass: 63441K(64000K)->63441K(64000K) Class: 9256K(9728K)->9256K(9728K)
[2026-04-03T03:15:47.780+0600][42.824s][info][gc             ] GC(201) Pause Young (Concurrent Start) (G1 Humongous Allocation) 176M->152M(514M) 3.246ms
[2026-04-03T03:15:47.780+0600][42.824s][info][gc,cpu         ] GC(201) User=0.02s Sys=0.00s Real=0.01s
[2026-04-03T03:15:47.780+0600][42.824s][info][gc             ] GC(202) Concurrent Mark Cycle
[2026-04-03T03:15:47.780+0600][42.824s][info][gc,marking     ] GC(202) Concurrent Scan Root Regions
[2026-04-03T03:15:47.782+0600][42.826s][info][gc,marking     ] GC(202) Concurrent Scan Root Regions 1.578ms
[2026-04-03T03:15:47.782+0600][42.826s][info][gc,marking     ] GC(202) Concurrent Mark
[2026-04-03T03:15:47.782+0600][42.826s][info][gc,marking     ] GC(202) Concurrent Mark From Roots
[2026-04-03T03:15:47.782+0600][42.826s][info][gc,task        ] GC(202) Using 3 workers of 3 for marking
[2026-04-03T03:15:47.947+0600][42.991s][info][gc,marking     ] GC(202) Concurrent Mark From Roots 165.185ms
[2026-04-03T03:15:47.947+0600][42.991s][info][gc,marking     ] GC(202) Concurrent Preclean
[2026-04-03T03:15:47.948+0600][42.992s][info][gc,marking     ] GC(202) Concurrent Preclean 0.301ms
[2026-04-03T03:15:47.948+0600][42.992s][info][gc,start       ] GC(202) Pause Remark
[2026-04-03T03:15:47.953+0600][42.997s][info][gc             ] GC(202) Pause Remark 228M->228M(514M) 5.346ms
[2026-04-03T03:15:47.954+0600][42.998s][info][gc,cpu         ] GC(202) User=0.04s Sys=0.00s Real=0.01s
[2026-04-03T03:15:47.954+0600][42.998s][info][gc,marking     ] GC(202) Concurrent Mark 171.603ms
[2026-04-03T03:15:47.954+0600][42.998s][info][gc,marking     ] GC(202) Concurrent Rebuild Remembered Sets and Scrub Regions
[2026-04-03T03:15:48.014+0600][43.058s][info][gc,marking     ] GC(202) Concurrent Rebuild Remembered Sets and Scrub Regions 60.485ms
[2026-04-03T03:15:48.015+0600][43.059s][info][gc,start       ] GC(202) Pause Cleanup
[2026-04-03T03:15:48.015+0600][43.059s][info][gc             ] GC(202) Pause Cleanup 280M->280M(514M) 0.661ms
[2026-04-03T03:15:48.015+0600][43.060s][info][gc,cpu         ] GC(202) User=0.00s Sys=0.00s Real=0.00s
[2026-04-03T03:15:48.016+0600][43.060s][info][gc,marking     ] GC(202) Concurrent Clear Claimed Marks
[2026-04-03T03:15:48.016+0600][43.060s][info][gc,marking     ] GC(202) Concurrent Clear Claimed Marks 0.286ms
[2026-04-03T03:15:48.016+0600][43.060s][info][gc,marking     ] GC(202) Concurrent Cleanup for Next Mark
[2026-04-03T03:15:48.017+0600][43.061s][info][gc,marking     ] GC(202) Concurrent Cleanup for Next Mark 0.988ms
[2026-04-03T03:15:48.017+0600][43.061s][info][gc             ] GC(202) Concurrent Mark Cycle 236.613ms
[2026-04-03T03:15:48.242+0600][43.286s][info][gc,start       ] GC(203) Pause Young (Prepare Mixed) (G1 Evacuation Pause)
[2026-04-03T03:15:48.242+0600][43.286s][info][gc,task        ] GC(203) Using 10 workers of 10 for evacuation
[2026-04-03T03:15:48.300+0600][43.344s][info][gc,phases      ] GC(203)   Pre Evacuate Collection Set: 0.57ms
[2026-04-03T03:15:48.300+0600][43.344s][info][gc,phases      ] GC(203)   Merge Heap Roots: 0.95ms
[2026-04-03T03:15:48.300+0600][43.344s][info][gc,phases      ] GC(203)   Evacuate Collection Set: 55.14ms
[2026-04-03T03:15:48.300+0600][43.344s][info][gc,phases      ] GC(203)   Post Evacuate Collection Set: 0.82ms
[2026-04-03T03:15:48.300+0600][43.344s][info][gc,phases      ] GC(203)   Other: 0.17ms
[2026-04-03T03:15:48.300+0600][43.344s][info][gc,heap        ] GC(203) Eden regions: 283->0(203)
[2026-04-03T03:15:48.300+0600][43.344s][info][gc,heap        ] GC(203) Survivor regions: 5->36(36)
[2026-04-03T03:15:48.300+0600][43.344s][info][gc,heap        ] GC(203) Old regions: 143->184
[2026-04-03T03:15:48.300+0600][43.344s][info][gc,heap        ] GC(203) Humongous regions: 54->49
[2026-04-03T03:15:48.300+0600][43.344s][info][gc,metaspace   ] GC(203) Metaspace: 72830K(73792K)->72830K(73792K) NonClass: 63553K(64064K)->63553K(64064K) Class: 9276K(9728K)->9276K(9728K)
[2026-04-03T03:15:48.300+0600][43.344s][info][gc             ] GC(203) Pause Young (Prepare Mixed) (G1 Evacuation Pause) 478M->263M(562M) 58.156ms
[2026-04-03T03:15:48.300+0600][43.344s][info][gc,cpu         ] GC(203) User=0.48s Sys=0.05s Real=0.06s
[2026-04-03T03:15:49.025+0600][44.069s][info][gc,start       ] GC(204) Pause Young (Mixed) (G1 Evacuation Pause)
[2026-04-03T03:15:49.025+0600][44.069s][info][gc,task        ] GC(204) Using 10 workers of 10 for evacuation
[2026-04-03T03:15:49.054+0600][44.098s][info][gc,phases      ] GC(204)   Pre Evacuate Collection Set: 0.33ms
[2026-04-03T03:15:49.054+0600][44.099s][info][gc,phases      ] GC(204)   Merge Heap Roots: 0.27ms
[2026-04-03T03:15:49.054+0600][44.099s][info][gc,phases      ] GC(204)   Evacuate Collection Set: 27.79ms
[2026-04-03T03:15:49.054+0600][44.099s][info][gc,phases      ] GC(204)   Post Evacuate Collection Set: 0.86ms
[2026-04-03T03:15:49.054+0600][44.099s][info][gc,phases      ] GC(204)   Other: 0.10ms
[2026-04-03T03:15:49.054+0600][44.099s][info][gc,heap        ] GC(204) Eden regions: 203->0(195)
[2026-04-03T03:15:49.054+0600][44.099s][info][gc,heap        ] GC(204) Survivor regions: 36->13(30)
[2026-04-03T03:15:49.054+0600][44.099s][info][gc,heap        ] GC(204) Old regions: 184->222
[2026-04-03T03:15:49.054+0600][44.099s][info][gc,heap        ] GC(204) Humongous regions: 55->55
[2026-04-03T03:15:49.055+0600][44.099s][info][gc,metaspace   ] GC(204) Metaspace: 72865K(73792K)->72865K(73792K) NonClass: 63585K(64064K)->63585K(64064K) Class: 9280K(9728K)->9280K(9728K)
[2026-04-03T03:15:49.055+0600][44.099s][info][gc             ] GC(204) Pause Young (Mixed) (G1 Evacuation Pause) 472M->284M(562M) 29.645ms
[2026-04-03T03:15:49.055+0600][44.099s][info][gc,cpu         ] GC(204) User=0.28s Sys=0.00s Real=0.03s
[2026-04-03T03:15:49.059+0600][44.103s][info][gc,start       ] GC(205) Pause Young (Concurrent Start) (G1 Humongous Allocation)
[2026-04-03T03:15:49.059+0600][44.103s][info][gc,task        ] GC(205) Using 10 workers of 10 for evacuation
[2026-04-03T03:15:49.066+0600][44.110s][info][gc,phases      ] GC(205)   Pre Evacuate Collection Set: 0.34ms
[2026-04-03T03:15:49.066+0600][44.110s][info][gc,phases      ] GC(205)   Merge Heap Roots: 0.17ms
[2026-04-03T03:15:49.066+0600][44.110s][info][gc,phases      ] GC(205)   Evacuate Collection Set: 6.07ms
[2026-04-03T03:15:49.066+0600][44.110s][info][gc,phases      ] GC(205)   Post Evacuate Collection Set: 0.52ms
[2026-04-03T03:15:49.066+0600][44.110s][info][gc,phases      ] GC(205)   Other: 0.27ms
[2026-04-03T03:15:49.066+0600][44.110s][info][gc,heap        ] GC(205) Eden regions: 5->0(174)
[2026-04-03T03:15:49.066+0600][44.110s][info][gc,heap        ] GC(205) Survivor regions: 13->14(26)
[2026-04-03T03:15:49.066+0600][44.110s][info][gc,heap        ] GC(205) Old regions: 222->222
[2026-04-03T03:15:49.066+0600][44.110s][info][gc,heap        ] GC(205) Humongous regions: 55->55
[2026-04-03T03:15:49.066+0600][44.110s][info][gc,metaspace   ] GC(205) Metaspace: 72865K(73792K)->72865K(73792K) NonClass: 63585K(64064K)->63585K(64064K) Class: 9280K(9728K)->9280K(9728K)
[2026-04-03T03:15:49.066+0600][44.110s][info][gc             ] GC(205) Pause Young (Concurrent Start) (G1 Humongous Allocation) 289M->285M(562M) 7.637ms
[2026-04-03T03:15:49.066+0600][44.111s][info][gc,cpu         ] GC(205) User=0.06s Sys=0.00s Real=0.01s
[2026-04-03T03:15:49.066+0600][44.111s][info][gc             ] GC(206) Concurrent Mark Cycle
[2026-04-03T03:15:49.067+0600][44.111s][info][gc,marking     ] GC(206) Concurrent Scan Root Regions
[2026-04-03T03:15:49.074+0600][44.118s][info][gc,marking     ] GC(206) Concurrent Scan Root Regions 7.016ms
[2026-04-03T03:15:49.074+0600][44.118s][info][gc,marking     ] GC(206) Concurrent Mark
[2026-04-03T03:15:49.074+0600][44.118s][info][gc,marking     ] GC(206) Concurrent Mark From Roots
[2026-04-03T03:15:49.074+0600][44.118s][info][gc,task        ] GC(206) Using 3 workers of 3 for marking
[2026-04-03T03:15:49.217+0600][44.261s][info][gc,marking     ] GC(206) Concurrent Mark From Roots 143.246ms
[2026-04-03T03:15:49.217+0600][44.261s][info][gc,marking     ] GC(206) Concurrent Preclean
[2026-04-03T03:15:49.217+0600][44.261s][info][gc,marking     ] GC(206) Concurrent Preclean 0.316ms
[2026-04-03T03:15:49.218+0600][44.262s][info][gc,start       ] GC(206) Pause Remark
[2026-04-03T03:15:49.231+0600][44.276s][info][gc             ] GC(206) Pause Remark 393M->326M(562M) 13.890ms
[2026-04-03T03:15:49.232+0600][44.276s][info][gc,cpu         ] GC(206) User=0.11s Sys=0.00s Real=0.02s
[2026-04-03T03:15:49.232+0600][44.276s][info][gc,marking     ] GC(206) Concurrent Mark 158.222ms
[2026-04-03T03:15:49.232+0600][44.276s][info][gc,marking     ] GC(206) Concurrent Rebuild Remembered Sets and Scrub Regions
[2026-04-03T03:15:49.337+0600][44.381s][info][gc,marking     ] GC(206) Concurrent Rebuild Remembered Sets and Scrub Regions 104.949ms
[2026-04-03T03:15:49.337+0600][44.381s][info][gc,start       ] GC(206) Pause Cleanup
[2026-04-03T03:15:49.338+0600][44.382s][info][gc             ] GC(206) Pause Cleanup 383M->383M(562M) 0.557ms
[2026-04-03T03:15:49.338+0600][44.382s][info][gc,cpu         ] GC(206) User=0.00s Sys=0.00s Real=0.00s
[2026-04-03T03:15:49.338+0600][44.382s][info][gc,marking     ] GC(206) Concurrent Clear Claimed Marks
[2026-04-03T03:15:49.338+0600][44.382s][info][gc,marking     ] GC(206) Concurrent Clear Claimed Marks 0.240ms
[2026-04-03T03:15:49.338+0600][44.382s][info][gc,marking     ] GC(206) Concurrent Cleanup for Next Mark
[2026-04-03T03:15:49.340+0600][44.384s][info][gc,marking     ] GC(206) Concurrent Cleanup for Next Mark 1.213ms
[2026-04-03T03:15:49.340+0600][44.384s][info][gc             ] GC(206) Concurrent Mark Cycle 273.246ms
[2026-04-03T03:15:49.375+0600][44.419s][info][gc,start       ] GC(207) Pause Young (Prepare Mixed) (G1 Evacuation Pause)
[2026-04-03T03:15:49.375+0600][44.419s][info][gc,task        ] GC(207) Using 10 workers of 10 for evacuation
[2026-04-03T03:15:49.404+0600][44.448s][info][gc,phases      ] GC(207)   Pre Evacuate Collection Set: 0.32ms
[2026-04-03T03:15:49.404+0600][44.448s][info][gc,phases      ] GC(207)   Merge Heap Roots: 1.01ms
[2026-04-03T03:15:49.404+0600][44.448s][info][gc,phases      ] GC(207)   Evacuate Collection Set: 26.52ms
[2026-04-03T03:15:49.404+0600][44.448s][info][gc,phases      ] GC(207)   Post Evacuate Collection Set: 1.26ms
[2026-04-03T03:15:49.404+0600][44.448s][info][gc,phases      ] GC(207)   Other: 0.15ms
[2026-04-03T03:15:49.404+0600][44.448s][info][gc,heap        ] GC(207) Eden regions: 174->0(198)
[2026-04-03T03:15:49.404+0600][44.448s][info][gc,heap        ] GC(207) Survivor regions: 14->24(24)
[2026-04-03T03:15:49.404+0600][44.448s][info][gc,heap        ] GC(207) Old regions: 193->205
[2026-04-03T03:15:49.404+0600][44.448s][info][gc,heap        ] GC(207) Humongous regions: 32->32
[2026-04-03T03:15:49.404+0600][44.448s][info][gc,metaspace   ] GC(207) Metaspace: 72859K(73856K)->72859K(73856K) NonClass: 63583K(64128K)->63583K(64128K) Class: 9275K(9728K)->9275K(9728K)
[2026-04-03T03:15:49.404+0600][44.448s][info][gc             ] GC(207) Pause Young (Prepare Mixed) (G1 Evacuation Pause) 407M->256M(562M) 29.632ms
[2026-04-03T03:15:49.404+0600][44.448s][info][gc,cpu         ] GC(207) User=0.28s Sys=0.01s Real=0.03s
[2026-04-03T03:15:49.606+0600][44.650s][info][gc,start       ] GC(208) Pause Young (Mixed) (G1 Evacuation Pause)
[2026-04-03T03:15:49.606+0600][44.650s][info][gc,task        ] GC(208) Using 10 workers of 10 for evacuation
[2026-04-03T03:15:49.635+0600][44.679s][info][gc,phases      ] GC(208)   Pre Evacuate Collection Set: 0.54ms
[2026-04-03T03:15:49.635+0600][44.679s][info][gc,phases      ] GC(208)   Merge Heap Roots: 0.32ms
[2026-04-03T03:15:49.635+0600][44.679s][info][gc,phases      ] GC(208)   Evacuate Collection Set: 27.06ms
[2026-04-03T03:15:49.635+0600][44.679s][info][gc,phases      ] GC(208)   Post Evacuate Collection Set: 0.78ms
[2026-04-03T03:15:49.635+0600][44.679s][info][gc,phases      ] GC(208)   Other: 0.13ms
[2026-04-03T03:15:49.635+0600][44.679s][info][gc,heap        ] GC(208) Eden regions: 198->0(213)
[2026-04-03T03:15:49.635+0600][44.679s][info][gc,heap        ] GC(208) Survivor regions: 24->11(28)
[2026-04-03T03:15:49.635+0600][44.679s][info][gc,heap        ] GC(208) Old regions: 205->211
[2026-04-03T03:15:49.635+0600][44.679s][info][gc,heap        ] GC(208) Humongous regions: 33->33
[2026-04-03T03:15:49.635+0600][44.679s][info][gc,metaspace   ] GC(208) Metaspace: 72859K(73856K)->72859K(73856K) NonClass: 63583K(64128K)->63583K(64128K) Class: 9275K(9728K)->9275K(9728K)
[2026-04-03T03:15:49.635+0600][44.679s][info][gc             ] GC(208) Pause Young (Mixed) (G1 Evacuation Pause) 455M->249M(562M) 29.240ms
[2026-04-03T03:15:49.635+0600][44.679s][info][gc,cpu         ] GC(208) User=0.27s Sys=0.00s Real=0.03s
[2026-04-03T03:15:49.652+0600][44.696s][info][gc,start       ] GC(209) Pause Young (Concurrent Start) (G1 Humongous Allocation)
[2026-04-03T03:15:49.652+0600][44.696s][info][gc,task        ] GC(209) Using 10 workers of 10 for evacuation
[2026-04-03T03:15:49.663+0600][44.707s][info][gc,phases      ] GC(209)   Pre Evacuate Collection Set: 0.53ms
[2026-04-03T03:15:49.663+0600][44.707s][info][gc,phases      ] GC(209)   Merge Heap Roots: 0.25ms
[2026-04-03T03:15:49.663+0600][44.707s][info][gc,phases      ] GC(209)   Evacuate Collection Set: 8.12ms
[2026-04-03T03:15:49.663+0600][44.707s][info][gc,phases      ] GC(209)   Post Evacuate Collection Set: 1.10ms
[2026-04-03T03:15:49.663+0600][44.707s][info][gc,phases      ] GC(209)   Other: 0.18ms
[2026-04-03T03:15:49.663+0600][44.707s][info][gc,heap        ] GC(209) Eden regions: 16->0(262)
[2026-04-03T03:15:49.663+0600][44.707s][info][gc,heap        ] GC(209) Survivor regions: 11->11(28)
[2026-04-03T03:15:49.663+0600][44.707s][info][gc,heap        ] GC(209) Old regions: 211->211
[2026-04-03T03:15:49.663+0600][44.707s][info][gc,heap        ] GC(209) Humongous regions: 33->33
[2026-04-03T03:15:49.663+0600][44.707s][info][gc,metaspace   ] GC(209) Metaspace: 72859K(73856K)->72859K(73856K) NonClass: 63583K(64128K)->63583K(64128K) Class: 9275K(9728K)->9275K(9728K)
[2026-04-03T03:15:49.663+0600][44.707s][info][gc             ] GC(209) Pause Young (Concurrent Start) (G1 Humongous Allocation) 265M->249M(620M) 10.510ms
[2026-04-03T03:15:49.663+0600][44.707s][info][gc,cpu         ] GC(209) User=0.08s Sys=0.00s Real=0.01s
[2026-04-03T03:15:49.663+0600][44.707s][info][gc             ] GC(210) Concurrent Mark Cycle
[2026-04-03T03:15:49.663+0600][44.707s][info][gc,marking     ] GC(210) Concurrent Scan Root Regions
[2026-04-03T03:15:49.668+0600][44.712s][info][gc,marking     ] GC(210) Concurrent Scan Root Regions 5.336ms
[2026-04-03T03:15:49.668+0600][44.712s][info][gc,marking     ] GC(210) Concurrent Mark
[2026-04-03T03:15:49.668+0600][44.713s][info][gc,marking     ] GC(210) Concurrent Mark From Roots
[2026-04-03T03:15:49.668+0600][44.713s][info][gc,task        ] GC(210) Using 3 workers of 3 for marking
[2026-04-03T03:15:49.891+0600][44.935s][info][gc,marking     ] GC(210) Concurrent Mark From Roots 222.539ms
[2026-04-03T03:15:49.891+0600][44.935s][info][gc,marking     ] GC(210) Concurrent Preclean
[2026-04-03T03:15:49.891+0600][44.935s][info][gc,marking     ] GC(210) Concurrent Preclean 0.220ms
[2026-04-03T03:15:49.892+0600][44.936s][info][gc,start       ] GC(210) Pause Remark
[2026-04-03T03:15:49.896+0600][44.940s][info][gc             ] GC(210) Pause Remark 404M->393M(620M) 4.501ms
[2026-04-03T03:15:49.896+0600][44.940s][info][gc,cpu         ] GC(210) User=0.03s Sys=0.00s Real=0.00s
[2026-04-03T03:15:49.896+0600][44.941s][info][gc,marking     ] GC(210) Concurrent Mark 228.004ms
[2026-04-03T03:15:49.897+0600][44.941s][info][gc,marking     ] GC(210) Concurrent Rebuild Remembered Sets and Scrub Regions
[2026-04-03T03:15:50.032+0600][45.076s][info][gc,start       ] GC(211) Pause Young (Normal) (G1 Evacuation Pause)
[2026-04-03T03:15:50.032+0600][45.076s][info][gc,task        ] GC(211) Using 10 workers of 10 for evacuation
[2026-04-03T03:15:50.055+0600][45.099s][info][gc,phases      ] GC(211)   Pre Evacuate Collection Set: 0.35ms
[2026-04-03T03:15:50.055+0600][45.099s][info][gc,phases      ] GC(211)   Merge Heap Roots: 1.06ms
[2026-04-03T03:15:50.055+0600][45.099s][info][gc,phases      ] GC(211)   Evacuate Collection Set: 19.98ms
[2026-04-03T03:15:50.055+0600][45.099s][info][gc,phases      ] GC(211)   Post Evacuate Collection Set: 1.11ms
[2026-04-03T03:15:50.055+0600][45.099s][info][gc,phases      ] GC(211)   Other: 0.18ms
[2026-04-03T03:15:50.055+0600][45.099s][info][gc,heap        ] GC(211) Eden regions: 262->0(265)
[2026-04-03T03:15:50.055+0600][45.099s][info][gc,heap        ] GC(211) Survivor regions: 11->22(35)
[2026-04-03T03:15:50.055+0600][45.099s][info][gc,heap        ] GC(211) Old regions: 211->211
[2026-04-03T03:15:50.055+0600][45.099s][info][gc,heap        ] GC(211) Humongous regions: 35->35
[2026-04-03T03:15:50.055+0600][45.099s][info][gc,metaspace   ] GC(211) Metaspace: 72859K(73856K)->72859K(73856K) NonClass: 63583K(64128K)->63583K(64128K) Class: 9275K(9728K)->9275K(9728K)
[2026-04-03T03:15:50.055+0600][45.099s][info][gc             ] GC(211) Pause Young (Normal) (G1 Evacuation Pause) 513M->262M(620M) 22.992ms
[2026-04-03T03:15:50.055+0600][45.099s][info][gc,cpu         ] GC(211) User=0.21s Sys=0.00s Real=0.02s
[2026-04-03T03:15:50.060+0600][45.104s][info][gc,marking     ] GC(210) Concurrent Rebuild Remembered Sets and Scrub Regions 163.900ms
[2026-04-03T03:15:50.061+0600][45.105s][info][gc,start       ] GC(210) Pause Cleanup
[2026-04-03T03:15:50.061+0600][45.105s][info][gc             ] GC(210) Pause Cleanup 267M->267M(620M) 0.602ms
[2026-04-03T03:15:50.061+0600][45.106s][info][gc,cpu         ] GC(210) User=0.00s Sys=0.00s Real=0.00s
[2026-04-03T03:15:50.062+0600][45.106s][info][gc,marking     ] GC(210) Concurrent Clear Claimed Marks
[2026-04-03T03:15:50.062+0600][45.106s][info][gc,marking     ] GC(210) Concurrent Clear Claimed Marks 0.240ms
[2026-04-03T03:15:50.062+0600][45.106s][info][gc,marking     ] GC(210) Concurrent Cleanup for Next Mark
[2026-04-03T03:15:50.063+0600][45.107s][info][gc,marking     ] GC(210) Concurrent Cleanup for Next Mark 1.187ms
[2026-04-03T03:15:50.063+0600][45.107s][info][gc             ] GC(210) Concurrent Mark Cycle 400.361ms
[2026-04-03T03:15:50.296+0600][45.340s][info][gc,start       ] GC(212) Pause Young (Prepare Mixed) (G1 Evacuation Pause)
[2026-04-03T03:15:50.296+0600][45.341s][info][gc,task        ] GC(212) Using 10 workers of 10 for evacuation
[2026-04-03T03:15:50.323+0600][45.368s][info][gc,phases      ] GC(212)   Pre Evacuate Collection Set: 0.42ms
[2026-04-03T03:15:50.324+0600][45.368s][info][gc,phases      ] GC(212)   Merge Heap Roots: 0.48ms
[2026-04-03T03:15:50.324+0600][45.368s][info][gc,phases      ] GC(212)   Evacuate Collection Set: 24.98ms
[2026-04-03T03:15:50.324+0600][45.368s][info][gc,phases      ] GC(212)   Post Evacuate Collection Set: 1.00ms
[2026-04-03T03:15:50.324+0600][45.368s][info][gc,phases      ] GC(212)   Other: 0.12ms
[2026-04-03T03:15:50.324+0600][45.368s][info][gc,heap        ] GC(212) Eden regions: 265->0(265)
[2026-04-03T03:15:50.324+0600][45.368s][info][gc,heap        ] GC(212) Survivor regions: 22->23(36)
[2026-04-03T03:15:50.324+0600][45.368s][info][gc,heap        ] GC(212) Old regions: 211->220
[2026-04-03T03:15:50.324+0600][45.368s][info][gc,heap        ] GC(212) Humongous regions: 38->38
[2026-04-03T03:15:50.324+0600][45.368s][info][gc,metaspace   ] GC(212) Metaspace: 72860K(73856K)->72860K(73856K) NonClass: 63584K(64128K)->63584K(64128K) Class: 9275K(9728K)->9275K(9728K)
[2026-04-03T03:15:50.324+0600][45.368s][info][gc             ] GC(212) Pause Young (Prepare Mixed) (G1 Evacuation Pause) 530M->275M(620M) 27.318ms
[2026-04-03T03:15:50.324+0600][45.368s][info][gc,cpu         ] GC(212) User=0.25s Sys=0.00s Real=0.03s
[2026-04-03T03:15:50.552+0600][45.596s][info][gc,start       ] GC(213) Pause Young (Mixed) (G1 Evacuation Pause)
[2026-04-03T03:15:50.552+0600][45.596s][info][gc,task        ] GC(213) Using 10 workers of 10 for evacuation
[2026-04-03T03:15:50.577+0600][45.621s][info][gc,phases      ] GC(213)   Pre Evacuate Collection Set: 0.45ms
[2026-04-03T03:15:50.577+0600][45.621s][info][gc,phases      ] GC(213)   Merge Heap Roots: 0.23ms
[2026-04-03T03:15:50.577+0600][45.621s][info][gc,phases      ] GC(213)   Evacuate Collection Set: 23.05ms
[2026-04-03T03:15:50.577+0600][45.621s][info][gc,phases      ] GC(213)   Post Evacuate Collection Set: 0.83ms
[2026-04-03T03:15:50.577+0600][45.621s][info][gc,phases      ] GC(213)   Other: 0.12ms
[2026-04-03T03:15:50.577+0600][45.621s][info][gc,heap        ] GC(213) Eden regions: 265->0(271)
[2026-04-03T03:15:50.577+0600][45.621s][info][gc,heap        ] GC(213) Survivor regions: 23->22(36)
[2026-04-03T03:15:50.577+0600][45.621s][info][gc,heap        ] GC(213) Old regions: 220->224
[2026-04-03T03:15:50.577+0600][45.621s][info][gc,heap        ] GC(213) Humongous regions: 38->38
[2026-04-03T03:15:50.577+0600][45.621s][info][gc,metaspace   ] GC(213) Metaspace: 72862K(73856K)->72862K(73856K) NonClass: 63586K(64128K)->63586K(64128K) Class: 9275K(9728K)->9275K(9728K)
[2026-04-03T03:15:50.577+0600][45.621s][info][gc             ] GC(213) Pause Young (Mixed) (G1 Evacuation Pause) 540M->279M(620M) 25.028ms
[2026-04-03T03:15:50.577+0600][45.621s][info][gc,cpu         ] GC(213) User=0.24s Sys=0.00s Real=0.02s
[2026-04-03T03:15:50.611+0600][45.656s][info][gc,start       ] GC(214) Pause Young (Concurrent Start) (G1 Humongous Allocation)
[2026-04-03T03:15:50.612+0600][45.656s][info][gc,task        ] GC(214) Using 10 workers of 10 for evacuation
[2026-04-03T03:15:50.628+0600][45.672s][info][gc,phases      ] GC(214)   Pre Evacuate Collection Set: 0.37ms
[2026-04-03T03:15:50.628+0600][45.672s][info][gc,phases      ] GC(214)   Merge Heap Roots: 0.23ms
[2026-04-03T03:15:50.628+0600][45.672s][info][gc,phases      ] GC(214)   Evacuate Collection Set: 15.22ms
[2026-04-03T03:15:50.628+0600][45.672s][info][gc,phases      ] GC(214)   Post Evacuate Collection Set: 0.63ms
[2026-04-03T03:15:50.628+0600][45.672s][info][gc,phases      ] GC(214)   Other: 0.16ms
[2026-04-03T03:15:50.628+0600][45.672s][info][gc,heap        ] GC(214) Eden regions: 36->0(274)
[2026-04-03T03:15:50.628+0600][45.672s][info][gc,heap        ] GC(214) Survivor regions: 22->14(37)
[2026-04-03T03:15:50.628+0600][45.672s][info][gc,heap        ] GC(214) Old regions: 224->235
[2026-04-03T03:15:50.628+0600][45.672s][info][gc,heap        ] GC(214) Humongous regions: 38->38
[2026-04-03T03:15:50.628+0600][45.672s][info][gc,metaspace   ] GC(214) Metaspace: 72862K(73856K)->72862K(73856K) NonClass: 63586K(64128K)->63586K(64128K) Class: 9275K(9728K)->9275K(9728K)
[2026-04-03T03:15:50.628+0600][45.672s][info][gc             ] GC(214) Pause Young (Concurrent Start) (G1 Humongous Allocation) 315M->282M(620M) 16.914ms
[2026-04-03T03:15:50.628+0600][45.673s][info][gc,cpu         ] GC(214) User=0.16s Sys=0.00s Real=0.01s
[2026-04-03T03:15:50.629+0600][45.673s][info][gc             ] GC(215) Concurrent Mark Cycle
[2026-04-03T03:15:50.629+0600][45.673s][info][gc,marking     ] GC(215) Concurrent Scan Root Regions
[2026-04-03T03:15:50.638+0600][45.682s][info][gc,marking     ] GC(215) Concurrent Scan Root Regions 9.448ms
[2026-04-03T03:15:50.638+0600][45.682s][info][gc,marking     ] GC(215) Concurrent Mark
[2026-04-03T03:15:50.638+0600][45.682s][info][gc,marking     ] GC(215) Concurrent Mark From Roots
[2026-04-03T03:15:50.638+0600][45.682s][info][gc,task        ] GC(215) Using 3 workers of 3 for marking
[2026-04-03T03:15:50.891+0600][45.935s][info][gc,marking     ] GC(215) Concurrent Mark From Roots 253.127ms
[2026-04-03T03:15:50.891+0600][45.936s][info][gc,marking     ] GC(215) Concurrent Preclean
[2026-04-03T03:15:50.892+0600][45.936s][info][gc,marking     ] GC(215) Concurrent Preclean 0.204ms
[2026-04-03T03:15:50.892+0600][45.936s][info][gc,start       ] GC(215) Pause Remark
[2026-04-03T03:15:50.896+0600][45.940s][info][gc             ] GC(215) Pause Remark 472M->463M(620M) 4.423ms
[2026-04-03T03:15:50.897+0600][45.941s][info][gc,cpu         ] GC(215) User=0.03s Sys=0.00s Real=0.00s
[2026-04-03T03:15:50.897+0600][45.941s][info][gc,marking     ] GC(215) Concurrent Mark 258.603ms
[2026-04-03T03:15:50.897+0600][45.941s][info][gc,marking     ] GC(215) Concurrent Rebuild Remembered Sets and Scrub Regions
[2026-04-03T03:15:51.006+0600][46.050s][info][gc,start       ] GC(216) Pause Young (Normal) (G1 Evacuation Pause)
[2026-04-03T03:15:51.006+0600][46.050s][info][gc,task        ] GC(216) Using 10 workers of 10 for evacuation
[2026-04-03T03:15:51.029+0600][46.073s][info][gc,phases      ] GC(216)   Pre Evacuate Collection Set: 0.47ms
[2026-04-03T03:15:51.029+0600][46.073s][info][gc,phases      ] GC(216)   Merge Heap Roots: 0.63ms
[2026-04-03T03:15:51.029+0600][46.073s][info][gc,phases      ] GC(216)   Evacuate Collection Set: 19.81ms
[2026-04-03T03:15:51.029+0600][46.073s][info][gc,phases      ] GC(216)   Post Evacuate Collection Set: 1.08ms
[2026-04-03T03:15:51.029+0600][46.073s][info][gc,phases      ] GC(216)   Other: 0.13ms
[2026-04-03T03:15:51.029+0600][46.073s][info][gc,heap        ] GC(216) Eden regions: 274->0(275)
[2026-04-03T03:15:51.029+0600][46.073s][info][gc,heap        ] GC(216) Survivor regions: 14->23(36)
[2026-04-03T03:15:51.029+0600][46.073s][info][gc,heap        ] GC(216) Old regions: 235->235
[2026-04-03T03:15:51.029+0600][46.073s][info][gc,heap        ] GC(216) Humongous regions: 34->34
[2026-04-03T03:15:51.029+0600][46.073s][info][gc,metaspace   ] GC(216) Metaspace: 72865K(73856K)->72865K(73856K) NonClass: 63589K(64128K)->63589K(64128K) Class: 9275K(9728K)->9275K(9728K)
[2026-04-03T03:15:51.029+0600][46.073s][info][gc             ] GC(216) Pause Young (Normal) (G1 Evacuation Pause) 552M->286M(620M) 22.494ms
[2026-04-03T03:15:51.029+0600][46.073s][info][gc,cpu         ] GC(216) User=0.21s Sys=0.00s Real=0.02s
[2026-04-03T03:15:51.064+0600][46.108s][info][gc,marking     ] GC(215) Concurrent Rebuild Remembered Sets and Scrub Regions 167.065ms
[2026-04-03T03:15:51.064+0600][46.108s][info][gc,start       ] GC(215) Pause Cleanup
[2026-04-03T03:15:51.065+0600][46.109s][info][gc             ] GC(215) Pause Cleanup 313M->313M(620M) 0.662ms
[2026-04-03T03:15:51.065+0600][46.109s][info][gc,cpu         ] GC(215) User=0.00s Sys=0.00s Real=0.00s
[2026-04-03T03:15:51.065+0600][46.109s][info][gc,marking     ] GC(215) Concurrent Clear Claimed Marks
[2026-04-03T03:15:51.065+0600][46.110s][info][gc,marking     ] GC(215) Concurrent Clear Claimed Marks 0.210ms
[2026-04-03T03:15:51.065+0600][46.110s][info][gc,marking     ] GC(215) Concurrent Cleanup for Next Mark
[2026-04-03T03:15:51.066+0600][46.110s][info][gc,marking     ] GC(215) Concurrent Cleanup for Next Mark 0.791ms
[2026-04-03T03:15:51.066+0600][46.110s][info][gc             ] GC(215) Concurrent Mark Cycle 437.802ms
[2026-04-03T03:15:51.345+0600][46.389s][info][gc,start       ] GC(217) Pause Young (Prepare Mixed) (G1 Evacuation Pause)
[2026-04-03T03:15:51.345+0600][46.389s][info][gc,task        ] GC(217) Using 10 workers of 10 for evacuation
[2026-04-03T03:15:51.374+0600][46.418s][info][gc,phases      ] GC(217)   Pre Evacuate Collection Set: 0.43ms
[2026-04-03T03:15:51.374+0600][46.418s][info][gc,phases      ] GC(217)   Merge Heap Roots: 0.84ms
[2026-04-03T03:15:51.374+0600][46.418s][info][gc,phases      ] GC(217)   Evacuate Collection Set: 26.59ms
[2026-04-03T03:15:51.374+0600][46.418s][info][gc,phases      ] GC(217)   Post Evacuate Collection Set: 1.18ms
[2026-04-03T03:15:51.374+0600][46.418s][info][gc,phases      ] GC(217)   Other: 0.18ms
[2026-04-03T03:15:51.374+0600][46.418s][info][gc,heap        ] GC(217) Eden regions: 275->0(267)
[2026-04-03T03:15:51.374+0600][46.418s][info][gc,heap        ] GC(217) Survivor regions: 23->23(38)
[2026-04-03T03:15:51.374+0600][46.418s][info][gc,heap        ] GC(217) Old regions: 235->243
[2026-04-03T03:15:51.374+0600][46.418s][info][gc,heap        ] GC(217) Humongous regions: 43->43
[2026-04-03T03:15:51.374+0600][46.418s][info][gc,metaspace   ] GC(217) Metaspace: 72877K(73856K)->72877K(73856K) NonClass: 63601K(64128K)->63601K(64128K) Class: 9275K(9728K)->9275K(9728K)
[2026-04-03T03:15:51.374+0600][46.418s][info][gc             ] GC(217) Pause Young (Prepare Mixed) (G1 Evacuation Pause) 570M->304M(620M) 29.586ms
[2026-04-03T03:15:51.374+0600][46.418s][info][gc,cpu         ] GC(217) User=0.28s Sys=0.01s Real=0.03s
[2026-04-03T03:15:51.609+0600][46.653s][info][gc,start       ] GC(218) Pause Young (Mixed) (G1 Evacuation Pause)
[2026-04-03T03:15:51.609+0600][46.654s][info][gc,task        ] GC(218) Using 10 workers of 10 for evacuation
[2026-04-03T03:15:51.641+0600][46.685s][info][gc,phases      ] GC(218)   Pre Evacuate Collection Set: 0.30ms
[2026-04-03T03:15:51.641+0600][46.685s][info][gc,phases      ] GC(218)   Merge Heap Roots: 0.53ms
[2026-04-03T03:15:51.641+0600][46.685s][info][gc,phases      ] GC(218)   Evacuate Collection Set: 29.84ms
[2026-04-03T03:15:51.641+0600][46.685s][info][gc,phases      ] GC(218)   Post Evacuate Collection Set: 1.02ms
[2026-04-03T03:15:51.641+0600][46.685s][info][gc,phases      ] GC(218)   Other: 0.13ms
[2026-04-03T03:15:51.641+0600][46.685s][info][gc,heap        ] GC(218) Eden regions: 267->0(262)
[2026-04-03T03:15:51.641+0600][46.685s][info][gc,heap        ] GC(218) Survivor regions: 23->21(37)
[2026-04-03T03:15:51.641+0600][46.686s][info][gc,heap        ] GC(218) Old regions: 243->247
[2026-04-03T03:15:51.641+0600][46.686s][info][gc,heap        ] GC(218) Humongous regions: 52->52
[2026-04-03T03:15:51.641+0600][46.686s][info][gc,metaspace   ] GC(218) Metaspace: 72877K(73856K)->72877K(73856K) NonClass: 63601K(64128K)->63601K(64128K) Class: 9275K(9728K)->9275K(9728K)
[2026-04-03T03:15:51.641+0600][46.686s][info][gc             ] GC(218) Pause Young (Mixed) (G1 Evacuation Pause) 580M->315M(620M) 32.136ms
[2026-04-03T03:15:51.642+0600][46.686s][info][gc,cpu         ] GC(218) User=0.30s Sys=0.00s Real=0.04s
[2026-04-03T03:15:51.900+0600][46.944s][info][gc,start       ] GC(219) Pause Young (Concurrent Start) (G1 Humongous Allocation)
[2026-04-03T03:15:51.900+0600][46.944s][info][gc,task        ] GC(219) Using 10 workers of 10 for evacuation
[2026-04-03T03:15:51.928+0600][46.972s][info][gc,phases      ] GC(219)   Pre Evacuate Collection Set: 0.47ms
[2026-04-03T03:15:51.928+0600][46.972s][info][gc,phases      ] GC(219)   Merge Heap Roots: 0.25ms
[2026-04-03T03:15:51.928+0600][46.972s][info][gc,phases      ] GC(219)   Evacuate Collection Set: 26.21ms
[2026-04-03T03:15:51.928+0600][46.972s][info][gc,phases      ] GC(219)   Post Evacuate Collection Set: 1.08ms
[2026-04-03T03:15:51.928+0600][46.972s][info][gc,phases      ] GC(219)   Other: 0.17ms
[2026-04-03T03:15:51.928+0600][46.972s][info][gc,heap        ] GC(219) Eden regions: 237->0(265)
[2026-04-03T03:15:51.928+0600][46.972s][info][gc,heap        ] GC(219) Survivor regions: 21->18(36)
[2026-04-03T03:15:51.928+0600][46.972s][info][gc,heap        ] GC(219) Old regions: 247->258
[2026-04-03T03:15:51.928+0600][46.972s][info][gc,heap        ] GC(219) Humongous regions: 52->52
[2026-04-03T03:15:51.928+0600][46.972s][info][gc,metaspace   ] GC(219) Metaspace: 72878K(73856K)->72878K(73856K) NonClass: 63602K(64128K)->63602K(64128K) Class: 9275K(9728K)->9275K(9728K)
[2026-04-03T03:15:51.928+0600][46.972s][info][gc             ] GC(219) Pause Young (Concurrent Start) (G1 Humongous Allocation) 552M->323M(629M) 28.517ms
[2026-04-03T03:15:51.928+0600][46.972s][info][gc,cpu         ] GC(219) User=0.26s Sys=0.00s Real=0.03s
[2026-04-03T03:15:51.928+0600][46.972s][info][gc             ] GC(220) Concurrent Mark Cycle
[2026-04-03T03:15:51.928+0600][46.973s][info][gc,marking     ] GC(220) Concurrent Scan Root Regions
[2026-04-03T03:15:51.940+0600][46.984s][info][gc,marking     ] GC(220) Concurrent Scan Root Regions 11.750ms
[2026-04-03T03:15:51.940+0600][46.984s][info][gc,marking     ] GC(220) Concurrent Mark
[2026-04-03T03:15:51.940+0600][46.984s][info][gc,marking     ] GC(220) Concurrent Mark From Roots
[2026-04-03T03:15:51.940+0600][46.984s][info][gc,task        ] GC(220) Using 3 workers of 3 for marking
[2026-04-03T03:15:52.169+0600][47.213s][info][gc,marking     ] GC(220) Concurrent Mark From Roots 228.340ms
[2026-04-03T03:15:52.169+0600][47.213s][info][gc,marking     ] GC(220) Concurrent Preclean
[2026-04-03T03:15:52.169+0600][47.213s][info][gc,marking     ] GC(220) Concurrent Preclean 0.101ms
[2026-04-03T03:15:52.170+0600][47.214s][info][gc,start       ] GC(220) Pause Remark
[2026-04-03T03:15:52.173+0600][47.217s][info][gc             ] GC(220) Pause Remark 406M->379M(629M) 3.859ms
[2026-04-03T03:15:52.174+0600][47.218s][info][gc,cpu         ] GC(220) User=0.02s Sys=0.00s Real=0.01s
[2026-04-03T03:15:52.174+0600][47.218s][info][gc,marking     ] GC(220) Concurrent Mark 233.238ms
[2026-04-03T03:15:52.174+0600][47.218s][info][gc,marking     ] GC(220) Concurrent Rebuild Remembered Sets and Scrub Regions
[2026-04-03T03:15:52.362+0600][47.406s][info][gc,marking     ] GC(220) Concurrent Rebuild Remembered Sets and Scrub Regions 187.874ms
[2026-04-03T03:15:52.362+0600][47.406s][info][gc,start       ] GC(220) Pause Cleanup
[2026-04-03T03:15:52.363+0600][47.407s][info][gc             ] GC(220) Pause Cleanup 447M->447M(629M) 0.601ms
[2026-04-03T03:15:52.363+0600][47.407s][info][gc,cpu         ] GC(220) User=0.00s Sys=0.00s Real=0.00s
[2026-04-03T03:15:52.363+0600][47.407s][info][gc,marking     ] GC(220) Concurrent Clear Claimed Marks
[2026-04-03T03:15:52.363+0600][47.407s][info][gc,marking     ] GC(220) Concurrent Clear Claimed Marks 0.211ms
[2026-04-03T03:15:52.363+0600][47.407s][info][gc,marking     ] GC(220) Concurrent Cleanup for Next Mark
[2026-04-03T03:15:52.364+0600][47.408s][info][gc,marking     ] GC(220) Concurrent Cleanup for Next Mark 0.819ms
[2026-04-03T03:15:52.364+0600][47.408s][info][gc             ] GC(220) Concurrent Mark Cycle 435.592ms
[2026-04-03T03:15:53.251+0600][48.295s][info][gc,start       ] GC(221) Pause Young (Prepare Mixed) (G1 Evacuation Pause)
[2026-04-03T03:15:53.251+0600][48.295s][info][gc,task        ] GC(221) Using 10 workers of 10 for evacuation
[2026-04-03T03:15:53.312+0600][48.356s][info][gc,phases      ] GC(221)   Pre Evacuate Collection Set: 0.33ms
[2026-04-03T03:15:53.312+0600][48.356s][info][gc,phases      ] GC(221)   Merge Heap Roots: 1.24ms
[2026-04-03T03:15:53.312+0600][48.356s][info][gc,phases      ] GC(221)   Evacuate Collection Set: 58.35ms
[2026-04-03T03:15:53.312+0600][48.356s][info][gc,phases      ] GC(221)   Post Evacuate Collection Set: 0.93ms
[2026-04-03T03:15:53.312+0600][48.356s][info][gc,phases      ] GC(221)   Other: 0.11ms
[2026-04-03T03:15:53.312+0600][48.356s][info][gc,heap        ] GC(221) Eden regions: 265->0(244)
[2026-04-03T03:15:53.312+0600][48.356s][info][gc,heap        ] GC(221) Survivor regions: 18->36(36)
[2026-04-03T03:15:53.312+0600][48.356s][info][gc,heap        ] GC(221) Old regions: 249->255
[2026-04-03T03:15:53.312+0600][48.356s][info][gc,heap        ] GC(221) Humongous regions: 87->76
[2026-04-03T03:15:53.312+0600][48.356s][info][gc,metaspace   ] GC(221) Metaspace: 72939K(73856K)->72939K(73856K) NonClass: 63660K(64128K)->63660K(64128K) Class: 9279K(9728K)->9279K(9728K)
[2026-04-03T03:15:53.312+0600][48.356s][info][gc             ] GC(221) Pause Young (Prepare Mixed) (G1 Evacuation Pause) 614M->363M(661M) 61.338ms
[2026-04-03T03:15:53.312+0600][48.356s][info][gc,cpu         ] GC(221) User=0.55s Sys=0.04s Real=0.06s
[2026-04-03T03:15:53.787+0600][48.831s][info][gc,start       ] GC(222) Pause Young (Mixed) (G1 Evacuation Pause)
[2026-04-03T03:15:53.787+0600][48.831s][info][gc,task        ] GC(222) Using 10 workers of 10 for evacuation
[2026-04-03T03:15:53.893+0600][48.937s][info][gc,phases      ] GC(222)   Pre Evacuate Collection Set: 0.52ms
[2026-04-03T03:15:53.893+0600][48.937s][info][gc,phases      ] GC(222)   Merge Heap Roots: 1.74ms
[2026-04-03T03:15:53.893+0600][48.937s][info][gc,phases      ] GC(222)   Evacuate Collection Set: 100.32ms
[2026-04-03T03:15:53.893+0600][48.937s][info][gc,phases      ] GC(222)   Post Evacuate Collection Set: 3.31ms
[2026-04-03T03:15:53.893+0600][48.937s][info][gc,phases      ] GC(222)   Other: 0.09ms
[2026-04-03T03:15:53.893+0600][48.937s][info][gc,heap        ] GC(222) Eden regions: 244->0(160)
[2026-04-03T03:15:53.893+0600][48.937s][info][gc,heap        ] GC(222) Survivor regions: 36->35(35)
[2026-04-03T03:15:53.893+0600][48.937s][info][gc,heap        ] GC(222) Old regions: 255->364
[2026-04-03T03:15:53.893+0600][48.937s][info][gc,heap        ] GC(222) Humongous regions: 124->124
[2026-04-03T03:15:53.893+0600][48.937s][info][gc,metaspace   ] GC(222) Metaspace: 72944K(73856K)->72944K(73856K) NonClass: 63665K(64128K)->63665K(64128K) Class: 9279K(9728K)->9279K(9728K)
[2026-04-03T03:15:53.893+0600][48.937s][info][gc             ] GC(222) Pause Young (Mixed) (G1 Evacuation Pause) (Evacuation Failure) 655M->519M(750M) 106.241ms
[2026-04-03T03:15:53.893+0600][48.937s][info][gc,cpu         ] GC(222) User=0.96s Sys=0.09s Real=0.11s
[2026-04-03T03:15:53.970+0600][49.014s][info][gc,start       ] GC(223) Pause Young (Concurrent Start) (G1 Humongous Allocation)
[2026-04-03T03:15:53.970+0600][49.014s][info][gc,task        ] GC(223) Using 10 workers of 10 for evacuation
[2026-04-03T03:15:54.006+0600][49.050s][info][gc,phases      ] GC(223)   Pre Evacuate Collection Set: 0.45ms
[2026-04-03T03:15:54.006+0600][49.050s][info][gc,phases      ] GC(223)   Merge Heap Roots: 0.42ms
[2026-04-03T03:15:54.006+0600][49.050s][info][gc,phases      ] GC(223)   Evacuate Collection Set: 34.42ms
[2026-04-03T03:15:54.006+0600][49.050s][info][gc,phases      ] GC(223)   Post Evacuate Collection Set: 0.62ms
[2026-04-03T03:15:54.006+0600][49.050s][info][gc,phases      ] GC(223)   Other: 0.10ms
[2026-04-03T03:15:54.006+0600][49.050s][info][gc,heap        ] GC(223) Eden regions: 85->0(143)
[2026-04-03T03:15:54.006+0600][49.050s][info][gc,heap        ] GC(223) Survivor regions: 35->13(25)
[2026-04-03T03:15:54.006+0600][49.050s][info][gc,heap        ] GC(223) Old regions: 364->401
[2026-04-03T03:15:54.006+0600][49.050s][info][gc,heap        ] GC(223) Humongous regions: 124->124
[2026-04-03T03:15:54.006+0600][49.050s][info][gc,metaspace   ] GC(223) Metaspace: 72945K(73856K)->72945K(73856K) NonClass: 63666K(64128K)->63666K(64128K) Class: 9279K(9728K)->9279K(9728K)
[2026-04-03T03:15:54.006+0600][49.051s][info][gc             ] GC(223) Pause Young (Concurrent Start) (G1 Humongous Allocation) 603M->533M(750M) 36.285ms
[2026-04-03T03:15:54.007+0600][49.051s][info][gc,cpu         ] GC(223) User=0.35s Sys=0.00s Real=0.03s
[2026-04-03T03:15:54.007+0600][49.051s][info][gc             ] GC(224) Concurrent Mark Cycle
[2026-04-03T03:15:54.007+0600][49.051s][info][gc,marking     ] GC(224) Concurrent Scan Root Regions
[2026-04-03T03:15:54.038+0600][49.082s][info][gc,marking     ] GC(224) Concurrent Scan Root Regions 31.522ms
[2026-04-03T03:15:54.038+0600][49.082s][info][gc,marking     ] GC(224) Concurrent Mark
[2026-04-03T03:15:54.038+0600][49.082s][info][gc,marking     ] GC(224) Concurrent Mark From Roots
[2026-04-03T03:15:54.038+0600][49.082s][info][gc,task        ] GC(224) Using 3 workers of 3 for marking
[2026-04-03T03:15:54.209+0600][49.254s][info][gc,marking     ] GC(224) Concurrent Mark From Roots 171.095ms
[2026-04-03T03:15:54.210+0600][49.254s][info][gc,marking     ] GC(224) Concurrent Preclean
[2026-04-03T03:15:54.210+0600][49.254s][info][gc,marking     ] GC(224) Concurrent Preclean 0.202ms
[2026-04-03T03:15:54.210+0600][49.254s][info][gc,start       ] GC(224) Pause Remark
[2026-04-03T03:15:54.215+0600][49.259s][info][gc             ] GC(224) Pause Remark 664M->449M(750M) 5.010ms
[2026-04-03T03:15:54.215+0600][49.259s][info][gc,cpu         ] GC(224) User=0.03s Sys=0.00s Real=0.00s
[2026-04-03T03:15:54.215+0600][49.259s][info][gc,marking     ] GC(224) Concurrent Mark 176.989ms
[2026-04-03T03:15:54.215+0600][49.259s][info][gc,marking     ] GC(224) Concurrent Rebuild Remembered Sets and Scrub Regions
[2026-04-03T03:15:54.235+0600][49.279s][info][gc,start       ] GC(225) Pause Young (Normal) (G1 Evacuation Pause)
[2026-04-03T03:15:54.235+0600][49.280s][info][gc,task        ] GC(225) Using 10 workers of 10 for evacuation
[2026-04-03T03:15:54.258+0600][49.302s][info][gc,phases      ] GC(225)   Pre Evacuate Collection Set: 0.52ms
[2026-04-03T03:15:54.258+0600][49.302s][info][gc,phases      ] GC(225)   Merge Heap Roots: 0.69ms
[2026-04-03T03:15:54.258+0600][49.302s][info][gc,phases      ] GC(225)   Evacuate Collection Set: 19.88ms
[2026-04-03T03:15:54.258+0600][49.302s][info][gc,phases      ] GC(225)   Post Evacuate Collection Set: 1.07ms
[2026-04-03T03:15:54.258+0600][49.302s][info][gc,phases      ] GC(225)   Other: 0.15ms
[2026-04-03T03:15:54.258+0600][49.302s][info][gc,heap        ] GC(225) Eden regions: 143->0(294)
[2026-04-03T03:15:54.258+0600][49.302s][info][gc,heap        ] GC(225) Survivor regions: 13->11(20)
[2026-04-03T03:15:54.258+0600][49.302s][info][gc,heap        ] GC(225) Old regions: 284->296
[2026-04-03T03:15:54.258+0600][49.302s][info][gc,heap        ] GC(225) Humongous regions: 29->29
[2026-04-03T03:15:54.258+0600][49.302s][info][gc,metaspace   ] GC(225) Metaspace: 72950K(73856K)->72950K(73856K) NonClass: 63671K(64128K)->63671K(64128K) Class: 9279K(9728K)->9279K(9728K)
[2026-04-03T03:15:54.258+0600][49.302s][info][gc             ] GC(225) Pause Young (Normal) (G1 Evacuation Pause) 464M->331M(750M) 22.632ms
[2026-04-03T03:15:54.258+0600][49.302s][info][gc,cpu         ] GC(225) User=0.21s Sys=0.00s Real=0.02s
[2026-04-03T03:15:54.324+0600][49.369s][info][gc,marking     ] GC(224) Concurrent Rebuild Remembered Sets and Scrub Regions 109.165ms
[2026-04-03T03:15:54.325+0600][49.369s][info][gc,start       ] GC(224) Pause Cleanup
[2026-04-03T03:15:54.325+0600][49.369s][info][gc             ] GC(224) Pause Cleanup 376M->376M(750M) 0.482ms
[2026-04-03T03:15:54.325+0600][49.369s][info][gc,cpu         ] GC(224) User=0.00s Sys=0.00s Real=0.00s
[2026-04-03T03:15:54.325+0600][49.369s][info][gc,marking     ] GC(224) Concurrent Clear Claimed Marks
[2026-04-03T03:15:54.326+0600][49.370s][info][gc,marking     ] GC(224) Concurrent Clear Claimed Marks 0.164ms
[2026-04-03T03:15:54.326+0600][49.370s][info][gc,marking     ] GC(224) Concurrent Cleanup for Next Mark
[2026-04-03T03:15:54.327+0600][49.371s][info][gc,marking     ] GC(224) Concurrent Cleanup for Next Mark 1.786ms
[2026-04-03T03:15:54.327+0600][49.371s][info][gc             ] GC(224) Concurrent Mark Cycle 320.862ms
[2026-04-03T03:15:54.958+0600][50.002s][info][gc,start       ] GC(226) Pause Young (Prepare Mixed) (G1 Evacuation Pause)
[2026-04-03T03:15:54.958+0600][50.002s][info][gc,task        ] GC(226) Using 10 workers of 10 for evacuation
[2026-04-03T03:15:54.985+0600][50.029s][info][gc,phases      ] GC(226)   Pre Evacuate Collection Set: 0.35ms
[2026-04-03T03:15:54.985+0600][50.029s][info][gc,phases      ] GC(226)   Merge Heap Roots: 0.61ms
[2026-04-03T03:15:54.985+0600][50.029s][info][gc,phases      ] GC(226)   Evacuate Collection Set: 24.66ms
[2026-04-03T03:15:54.985+0600][50.029s][info][gc,phases      ] GC(226)   Post Evacuate Collection Set: 1.20ms
[2026-04-03T03:15:54.985+0600][50.029s][info][gc,phases      ] GC(226)   Other: 0.14ms
[2026-04-03T03:15:54.985+0600][50.029s][info][gc,heap        ] GC(226) Eden regions: 294->0(281)
[2026-04-03T03:15:54.985+0600][50.029s][info][gc,heap        ] GC(226) Survivor regions: 11->31(39)
[2026-04-03T03:15:54.985+0600][50.029s][info][gc,heap        ] GC(226) Old regions: 296->296
[2026-04-03T03:15:54.985+0600][50.029s][info][gc,heap        ] GC(226) Humongous regions: 40->40
[2026-04-03T03:15:54.985+0600][50.029s][info][gc,metaspace   ] GC(226) Metaspace: 72952K(73856K)->72952K(73856K) NonClass: 63673K(64128K)->63673K(64128K) Class: 9279K(9728K)->9279K(9728K)
[2026-04-03T03:15:54.985+0600][50.029s][info][gc             ] GC(226) Pause Young (Prepare Mixed) (G1 Evacuation Pause) 636M->363M(750M) 27.344ms
[2026-04-03T03:15:54.985+0600][50.029s][info][gc,cpu         ] GC(226) User=0.25s Sys=0.01s Real=0.03s
[2026-04-03T03:15:55.284+0600][50.328s][info][gc,start       ] GC(227) Pause Young (Mixed) (G1 Evacuation Pause)
[2026-04-03T03:15:55.284+0600][50.328s][info][gc,task        ] GC(227) Using 10 workers of 10 for evacuation
[2026-04-03T03:15:55.337+0600][50.382s][info][gc,phases      ] GC(227)   Pre Evacuate Collection Set: 0.54ms
[2026-04-03T03:15:55.338+0600][50.382s][info][gc,phases      ] GC(227)   Merge Heap Roots: 0.91ms
[2026-04-03T03:15:55.338+0600][50.382s][info][gc,phases      ] GC(227)   Evacuate Collection Set: 49.93ms
[2026-04-03T03:15:55.338+0600][50.382s][info][gc,phases      ] GC(227)   Post Evacuate Collection Set: 1.58ms
[2026-04-03T03:15:55.338+0600][50.382s][info][gc,phases      ] GC(227)   Other: 0.13ms
[2026-04-03T03:15:55.338+0600][50.382s][info][gc,heap        ] GC(227) Eden regions: 281->0(287)
[2026-04-03T03:15:55.338+0600][50.382s][info][gc,heap        ] GC(227) Survivor regions: 31->28(39)
[2026-04-03T03:15:55.338+0600][50.382s][info][gc,heap        ] GC(227) Old regions: 296->286
[2026-04-03T03:15:55.338+0600][50.382s][info][gc,heap        ] GC(227) Humongous regions: 53->53
[2026-04-03T03:15:55.338+0600][50.382s][info][gc,metaspace   ] GC(227) Metaspace: 72952K(73856K)->72952K(73856K) NonClass: 63673K(64128K)->63673K(64128K) Class: 9279K(9728K)->9279K(9728K)
[2026-04-03T03:15:55.338+0600][50.382s][info][gc             ] GC(227) Pause Young (Mixed) (G1 Evacuation Pause) 657M->362M(750M) 53.415ms
[2026-04-03T03:15:55.338+0600][50.382s][info][gc,cpu         ] GC(227) User=0.50s Sys=0.01s Real=0.05s
[2026-04-03T03:15:55.421+0600][50.466s][info][gc,start       ] GC(228) Pause Young (Concurrent Start) (G1 Humongous Allocation)
[2026-04-03T03:15:55.422+0600][50.466s][info][gc,task        ] GC(228) Using 10 workers of 10 for evacuation
[2026-04-03T03:15:55.446+0600][50.490s][info][gc,phases      ] GC(228)   Pre Evacuate Collection Set: 0.52ms
[2026-04-03T03:15:55.446+0600][50.490s][info][gc,phases      ] GC(228)   Merge Heap Roots: 0.37ms
[2026-04-03T03:15:55.446+0600][50.490s][info][gc,phases      ] GC(228)   Evacuate Collection Set: 22.72ms
[2026-04-03T03:15:55.446+0600][50.490s][info][gc,phases      ] GC(228)   Post Evacuate Collection Set: 0.73ms
[2026-04-03T03:15:55.446+0600][50.490s][info][gc,phases      ] GC(228)   Other: 0.23ms
[2026-04-03T03:15:55.446+0600][50.490s][info][gc,heap        ] GC(228) Eden regions: 111->0(294)
[2026-04-03T03:15:55.446+0600][50.490s][info][gc,heap        ] GC(228) Survivor regions: 28->8(40)
[2026-04-03T03:15:55.446+0600][50.490s][info][gc,heap        ] GC(228) Old regions: 286->312
[2026-04-03T03:15:55.446+0600][50.490s][info][gc,heap        ] GC(228) Humongous regions: 53->53
[2026-04-03T03:15:55.446+0600][50.490s][info][gc,metaspace   ] GC(228) Metaspace: 72952K(73856K)->72952K(73856K) NonClass: 63673K(64128K)->63673K(64128K) Class: 9279K(9728K)->9279K(9728K)
[2026-04-03T03:15:55.446+0600][50.490s][info][gc             ] GC(228) Pause Young (Concurrent Start) (G1 Humongous Allocation) 472M->368M(750M) 24.918ms
[2026-04-03T03:15:55.446+0600][50.491s][info][gc,cpu         ] GC(228) User=0.23s Sys=0.00s Real=0.02s
[2026-04-03T03:15:55.446+0600][50.491s][info][gc             ] GC(229) Concurrent Mark Cycle
[2026-04-03T03:15:55.447+0600][50.491s][info][gc,marking     ] GC(229) Concurrent Scan Root Regions
[2026-04-03T03:15:55.459+0600][50.503s][info][gc,marking     ] GC(229) Concurrent Scan Root Regions 11.973ms
[2026-04-03T03:15:55.459+0600][50.503s][info][gc,marking     ] GC(229) Concurrent Mark
[2026-04-03T03:15:55.459+0600][50.503s][info][gc,marking     ] GC(229) Concurrent Mark From Roots
[2026-04-03T03:15:55.459+0600][50.503s][info][gc,task        ] GC(229) Using 3 workers of 3 for marking
[2026-04-03T03:15:55.650+0600][50.694s][info][gc,marking     ] GC(229) Concurrent Mark From Roots 191.332ms
[2026-04-03T03:15:55.650+0600][50.694s][info][gc,marking     ] GC(229) Concurrent Preclean
[2026-04-03T03:15:55.650+0600][50.694s][info][gc,marking     ] GC(229) Concurrent Preclean 0.180ms
[2026-04-03T03:15:55.650+0600][50.694s][info][gc,start       ] GC(229) Pause Remark
[2026-04-03T03:15:55.655+0600][50.700s][info][gc             ] GC(229) Pause Remark 537M->414M(750M) 5.112ms
[2026-04-03T03:15:55.656+0600][50.700s][info][gc,cpu         ] GC(229) User=0.03s Sys=0.00s Real=0.00s
[2026-04-03T03:15:55.656+0600][50.700s][info][gc,marking     ] GC(229) Concurrent Mark 197.195ms
[2026-04-03T03:15:55.656+0600][50.700s][info][gc,marking     ] GC(229) Concurrent Rebuild Remembered Sets and Scrub Regions
[2026-04-03T03:15:55.806+0600][50.851s][info][gc,start       ] GC(230) Pause Young (Normal) (G1 Evacuation Pause)
[2026-04-03T03:15:55.807+0600][50.851s][info][gc,task        ] GC(230) Using 10 workers of 10 for evacuation
[2026-04-03T03:15:55.827+0600][50.871s][info][gc,phases      ] GC(230)   Pre Evacuate Collection Set: 0.44ms
[2026-04-03T03:15:55.827+0600][50.871s][info][gc,phases      ] GC(230)   Merge Heap Roots: 1.24ms
[2026-04-03T03:15:55.827+0600][50.871s][info][gc,phases      ] GC(230)   Evacuate Collection Set: 17.86ms
[2026-04-03T03:15:55.827+0600][50.871s][info][gc,phases      ] GC(230)   Post Evacuate Collection Set: 1.07ms
[2026-04-03T03:15:55.827+0600][50.871s][info][gc,phases      ] GC(230)   Other: 0.13ms
[2026-04-03T03:15:55.827+0600][50.872s][info][gc,heap        ] GC(230) Eden regions: 294->0(382)
[2026-04-03T03:15:55.827+0600][50.872s][info][gc,heap        ] GC(230) Survivor regions: 8->19(38)
[2026-04-03T03:15:55.827+0600][50.872s][info][gc,heap        ] GC(230) Old regions: 220->220
[2026-04-03T03:15:55.827+0600][50.872s][info][gc,heap        ] GC(230) Humongous regions: 35->35
[2026-04-03T03:15:55.827+0600][50.872s][info][gc,metaspace   ] GC(230) Metaspace: 72953K(73856K)->72953K(73856K) NonClass: 63674K(64128K)->63674K(64128K) Class: 9279K(9728K)->9279K(9728K)
[2026-04-03T03:15:55.827+0600][50.872s][info][gc             ] GC(230) Pause Young (Normal) (G1 Evacuation Pause) 552M->269M(750M) 21.019ms
[2026-04-03T03:15:55.828+0600][50.872s][info][gc,cpu         ] GC(230) User=0.19s Sys=0.00s Real=0.02s
[2026-04-03T03:15:55.829+0600][50.873s][info][gc,marking     ] GC(229) Concurrent Rebuild Remembered Sets and Scrub Regions 173.351ms
[2026-04-03T03:15:55.829+0600][50.874s][info][gc,start       ] GC(229) Pause Cleanup
[2026-04-03T03:15:55.830+0600][50.874s][info][gc             ] GC(229) Pause Cleanup 271M->271M(750M) 0.378ms
[2026-04-03T03:15:55.830+0600][50.874s][info][gc,cpu         ] GC(229) User=0.00s Sys=0.00s Real=0.01s
[2026-04-03T03:15:55.830+0600][50.874s][info][gc,marking     ] GC(229) Concurrent Clear Claimed Marks
[2026-04-03T03:15:55.830+0600][50.874s][info][gc,marking     ] GC(229) Concurrent Clear Claimed Marks 0.221ms
[2026-04-03T03:15:55.830+0600][50.874s][info][gc,marking     ] GC(229) Concurrent Cleanup for Next Mark
[2026-04-03T03:15:55.831+0600][50.876s][info][gc,marking     ] GC(229) Concurrent Cleanup for Next Mark 1.165ms
[2026-04-03T03:15:55.832+0600][50.876s][info][gc             ] GC(229) Concurrent Mark Cycle 385.102ms
[2026-04-03T03:15:56.166+0600][51.210s][info][gc,start       ] GC(231) Pause Young (Prepare Mixed) (G1 Evacuation Pause)
[2026-04-03T03:15:56.166+0600][51.210s][info][gc,task        ] GC(231) Using 10 workers of 10 for evacuation
[2026-04-03T03:15:56.195+0600][51.239s][info][gc,phases      ] GC(231)   Pre Evacuate Collection Set: 0.31ms
[2026-04-03T03:15:56.195+0600][51.240s][info][gc,phases      ] GC(231)   Merge Heap Roots: 0.51ms
[2026-04-03T03:15:56.195+0600][51.240s][info][gc,phases      ] GC(231)   Evacuate Collection Set: 27.31ms
[2026-04-03T03:15:56.195+0600][51.240s][info][gc,phases      ] GC(231)   Post Evacuate Collection Set: 0.97ms
[2026-04-03T03:15:56.195+0600][51.240s][info][gc,phases      ] GC(231)   Other: 0.13ms
[2026-04-03T03:15:56.195+0600][51.240s][info][gc,heap        ] GC(231) Eden regions: 382->0(378)
[2026-04-03T03:15:56.195+0600][51.240s][info][gc,heap        ] GC(231) Survivor regions: 19->34(51)
[2026-04-03T03:15:56.195+0600][51.240s][info][gc,heap        ] GC(231) Old regions: 220->220
[2026-04-03T03:15:56.195+0600][51.240s][info][gc,heap        ] GC(231) Humongous regions: 38->38
[2026-04-03T03:15:56.196+0600][51.240s][info][gc,metaspace   ] GC(231) Metaspace: 72953K(73856K)->72953K(73856K) NonClass: 63674K(64128K)->63674K(64128K) Class: 9279K(9728K)->9279K(9728K)
[2026-04-03T03:15:56.196+0600][51.240s][info][gc             ] GC(231) Pause Young (Prepare Mixed) (G1 Evacuation Pause) 654M->288M(750M) 29.571ms
[2026-04-03T03:15:56.196+0600][51.240s][info][gc,cpu         ] GC(231) User=0.29s Sys=0.00s Real=0.03s
[2026-04-03T03:15:56.596+0600][51.640s][info][gc,start       ] GC(232) Pause Young (Mixed) (G1 Evacuation Pause)
[2026-04-03T03:15:56.596+0600][51.640s][info][gc,task        ] GC(232) Using 10 workers of 10 for evacuation
[2026-04-03T03:15:56.632+0600][51.676s][info][gc,phases      ] GC(232)   Pre Evacuate Collection Set: 0.40ms
[2026-04-03T03:15:56.632+0600][51.676s][info][gc,phases      ] GC(232)   Merge Heap Roots: 0.39ms
[2026-04-03T03:15:56.632+0600][51.676s][info][gc,phases      ] GC(232)   Evacuate Collection Set: 33.93ms
[2026-04-03T03:15:56.632+0600][51.676s][info][gc,phases      ] GC(232)   Post Evacuate Collection Set: 1.24ms
[2026-04-03T03:15:56.632+0600][51.676s][info][gc,phases      ] GC(232)   Other: 0.14ms
[2026-04-03T03:15:56.632+0600][51.676s][info][gc,heap        ] GC(232) Eden regions: 378->0(378)
[2026-04-03T03:15:56.632+0600][51.676s][info][gc,heap        ] GC(232) Survivor regions: 34->40(52)
[2026-04-03T03:15:56.632+0600][51.676s][info][gc,heap        ] GC(232) Old regions: 220->219
[2026-04-03T03:15:56.632+0600][51.676s][info][gc,heap        ] GC(232) Humongous regions: 43->43
[2026-04-03T03:15:56.632+0600][51.676s][info][gc,metaspace   ] GC(232) Metaspace: 72953K(73856K)->72953K(73856K) NonClass: 63674K(64128K)->63674K(64128K) Class: 9279K(9728K)->9279K(9728K)
[2026-04-03T03:15:56.632+0600][51.676s][info][gc             ] GC(232) Pause Young (Mixed) (G1 Evacuation Pause) 671M->296M(750M) 36.447ms
[2026-04-03T03:15:56.632+0600][51.676s][info][gc,cpu         ] GC(232) User=0.34s Sys=0.01s Real=0.04s
[2026-04-03T03:15:56.842+0600][51.886s][info][gc,start       ] GC(233) Pause Young (Concurrent Start) (G1 Humongous Allocation)
[2026-04-03T03:15:56.842+0600][51.886s][info][gc,task        ] GC(233) Using 10 workers of 10 for evacuation
[2026-04-03T03:15:56.875+0600][51.919s][info][gc,phases      ] GC(233)   Pre Evacuate Collection Set: 0.48ms
[2026-04-03T03:15:56.875+0600][51.919s][info][gc,phases      ] GC(233)   Merge Heap Roots: 0.30ms
[2026-04-03T03:15:56.875+0600][51.919s][info][gc,phases      ] GC(233)   Evacuate Collection Set: 31.25ms
[2026-04-03T03:15:56.875+0600][51.919s][info][gc,phases      ] GC(233)   Post Evacuate Collection Set: 1.08ms
[2026-04-03T03:15:56.875+0600][51.919s][info][gc,phases      ] GC(233)   Other: 0.15ms
[2026-04-03T03:15:56.875+0600][51.919s][info][gc,heap        ] GC(233) Eden regions: 234->0(379)
[2026-04-03T03:15:56.875+0600][51.919s][info][gc,heap        ] GC(233) Survivor regions: 40->24(53)
[2026-04-03T03:15:56.875+0600][51.919s][info][gc,heap        ] GC(233) Old regions: 219->242
[2026-04-03T03:15:56.875+0600][51.919s][info][gc,heap        ] GC(233) Humongous regions: 43->43
[2026-04-03T03:15:56.875+0600][51.919s][info][gc,metaspace   ] GC(233) Metaspace: 72953K(73856K)->72953K(73856K) NonClass: 63674K(64128K)->63674K(64128K) Class: 9279K(9728K)->9279K(9728K)
[2026-04-03T03:15:56.875+0600][51.920s][info][gc             ] GC(233) Pause Young (Concurrent Start) (G1 Humongous Allocation) 530M->304M(750M) 33.606ms
[2026-04-03T03:15:56.876+0600][51.920s][info][gc,cpu         ] GC(233) User=0.32s Sys=0.00s Real=0.03s
[2026-04-03T03:15:56.876+0600][51.920s][info][gc             ] GC(234) Concurrent Mark Cycle
[2026-04-03T03:15:56.876+0600][51.920s][info][gc,marking     ] GC(234) Concurrent Scan Root Regions
[2026-04-03T03:15:56.892+0600][51.936s][info][gc,marking     ] GC(234) Concurrent Scan Root Regions 16.073ms
[2026-04-03T03:15:56.892+0600][51.936s][info][gc,marking     ] GC(234) Concurrent Mark
[2026-04-03T03:15:56.892+0600][51.936s][info][gc,marking     ] GC(234) Concurrent Mark From Roots
[2026-04-03T03:15:56.892+0600][51.936s][info][gc,task        ] GC(234) Using 3 workers of 3 for marking
[2026-04-03T03:15:57.069+0600][52.114s][info][gc,marking     ] GC(234) Concurrent Mark From Roots 177.433ms
[2026-04-03T03:15:57.070+0600][52.114s][info][gc,marking     ] GC(234) Concurrent Preclean
[2026-04-03T03:15:57.070+0600][52.114s][info][gc,marking     ] GC(234) Concurrent Preclean 0.179ms
[2026-04-03T03:15:57.070+0600][52.114s][info][gc,start       ] GC(234) Pause Remark
[2026-04-03T03:15:57.074+0600][52.118s][info][gc             ] GC(234) Pause Remark 450M->426M(750M) 4.091ms
[2026-04-03T03:15:57.074+0600][52.118s][info][gc,cpu         ] GC(234) User=0.03s Sys=0.00s Real=0.00s
[2026-04-03T03:15:57.074+0600][52.119s][info][gc,marking     ] GC(234) Concurrent Mark 182.480ms
[2026-04-03T03:15:57.075+0600][52.119s][info][gc,marking     ] GC(234) Concurrent Rebuild Remembered Sets and Scrub Regions
[2026-04-03T03:15:57.268+0600][52.312s][info][gc,marking     ] GC(234) Concurrent Rebuild Remembered Sets and Scrub Regions 193.409ms
[2026-04-03T03:15:57.268+0600][52.312s][info][gc,start       ] GC(234) Pause Cleanup
[2026-04-03T03:15:57.269+0600][52.313s][info][gc             ] GC(234) Pause Cleanup 608M->608M(750M) 0.494ms
[2026-04-03T03:15:57.269+0600][52.313s][info][gc,cpu         ] GC(234) User=0.00s Sys=0.00s Real=0.00s
[2026-04-03T03:15:57.269+0600][52.313s][info][gc,marking     ] GC(234) Concurrent Clear Claimed Marks
[2026-04-03T03:15:57.269+0600][52.313s][info][gc,marking     ] GC(234) Concurrent Clear Claimed Marks 0.196ms
[2026-04-03T03:15:57.269+0600][52.313s][info][gc,marking     ] GC(234) Concurrent Cleanup for Next Mark
[2026-04-03T03:15:57.270+0600][52.314s][info][gc,marking     ] GC(234) Concurrent Cleanup for Next Mark 0.945ms
[2026-04-03T03:15:57.270+0600][52.314s][info][gc             ] GC(234) Concurrent Mark Cycle 394.721ms
[2026-04-03T03:15:57.344+0600][52.388s][info][gc,start       ] GC(235) Pause Young (Prepare Mixed) (G1 Evacuation Pause)
[2026-04-03T03:15:57.344+0600][52.388s][info][gc,task        ] GC(235) Using 10 workers of 10 for evacuation
[2026-04-03T03:15:57.380+0600][52.425s][info][gc,phases      ] GC(235)   Pre Evacuate Collection Set: 0.42ms
[2026-04-03T03:15:57.381+0600][52.425s][info][gc,phases      ] GC(235)   Merge Heap Roots: 1.41ms
[2026-04-03T03:15:57.381+0600][52.425s][info][gc,phases      ] GC(235)   Evacuate Collection Set: 33.13ms
[2026-04-03T03:15:57.381+0600][52.425s][info][gc,phases      ] GC(235)   Post Evacuate Collection Set: 1.30ms
[2026-04-03T03:15:57.381+0600][52.425s][info][gc,phases      ] GC(235)   Other: 0.12ms
[2026-04-03T03:15:57.381+0600][52.425s][info][gc,heap        ] GC(235) Eden regions: 379->0(382)
[2026-04-03T03:15:57.381+0600][52.425s][info][gc,heap        ] GC(235) Survivor regions: 24->34(51)
[2026-04-03T03:15:57.381+0600][52.425s][info][gc,heap        ] GC(235) Old regions: 235->235
[2026-04-03T03:15:57.381+0600][52.425s][info][gc,heap        ] GC(235) Humongous regions: 44->44
[2026-04-03T03:15:57.381+0600][52.425s][info][gc,metaspace   ] GC(235) Metaspace: 72953K(73856K)->72953K(73856K) NonClass: 63674K(64128K)->63674K(64128K) Class: 9279K(9728K)->9279K(9728K)
[2026-04-03T03:15:57.381+0600][52.425s][info][gc             ] GC(235) Pause Young (Prepare Mixed) (G1 Evacuation Pause) 677M->308M(750M) 36.793ms
[2026-04-03T03:15:57.381+0600][52.425s][info][gc,cpu         ] GC(235) User=0.35s Sys=0.00s Real=0.04s
[2026-04-03T03:15:58.770+0600][53.814s][info][gc,start       ] GC(236) Pause Young (Mixed) (G1 Evacuation Pause)
[2026-04-03T03:15:58.770+0600][53.814s][info][gc,task        ] GC(236) Using 10 workers of 10 for evacuation
[2026-04-03T03:15:58.880+0600][53.924s][info][gc,phases      ] GC(236)   Pre Evacuate Collection Set: 0.51ms
[2026-04-03T03:15:58.880+0600][53.925s][info][gc,phases      ] GC(236)   Merge Heap Roots: 1.36ms
[2026-04-03T03:15:58.880+0600][53.925s][info][gc,phases      ] GC(236)   Evacuate Collection Set: 90.32ms
[2026-04-03T03:15:58.880+0600][53.925s][info][gc,phases      ] GC(236)   Post Evacuate Collection Set: 18.03ms
[2026-04-03T03:15:58.880+0600][53.925s][info][gc,phases      ] GC(236)   Other: 0.12ms
[2026-04-03T03:15:58.880+0600][53.925s][info][gc,heap        ] GC(236) Eden regions: 382->0(35)
[2026-04-03T03:15:58.880+0600][53.925s][info][gc,heap        ] GC(236) Survivor regions: 34->2(2)
[2026-04-03T03:15:58.880+0600][53.925s][info][gc,heap        ] GC(236) Old regions: 235->625
[2026-04-03T03:15:58.880+0600][53.925s][info][gc,heap        ] GC(236) Humongous regions: 97->86
[2026-04-03T03:15:58.881+0600][53.925s][info][gc,metaspace   ] GC(236) Metaspace: 72978K(73856K)->72978K(73856K) NonClass: 63698K(64128K)->63698K(64128K) Class: 9280K(9728K)->9280K(9728K)
[2026-04-03T03:15:58.881+0600][53.925s][info][gc             ] GC(236) Pause Young (Mixed) (G1 Evacuation Pause) (Evacuation Failure) 743M->709M(750M) 110.645ms
[2026-04-03T03:15:58.881+0600][53.925s][info][gc,cpu         ] GC(236) User=1.08s Sys=0.01s Real=0.11s
[2026-04-03T03:15:58.951+0600][53.995s][info][gc,start       ] GC(237) Pause Young (Concurrent Start) (G1 Humongous Allocation)
[2026-04-03T03:15:58.951+0600][53.995s][info][gc,task        ] GC(237) Using 10 workers of 10 for evacuation
[2026-04-03T03:15:58.976+0600][54.020s][info][gc,phases      ] GC(237)   Pre Evacuate Collection Set: 0.52ms
[2026-04-03T03:15:58.976+0600][54.020s][info][gc,phases      ] GC(237)   Merge Heap Roots: 0.33ms
[2026-04-03T03:15:58.976+0600][54.020s][info][gc,phases      ] GC(237)   Evacuate Collection Set: 20.23ms
[2026-04-03T03:15:58.976+0600][54.020s][info][gc,phases      ] GC(237)   Post Evacuate Collection Set: 3.93ms
[2026-04-03T03:15:58.976+0600][54.020s][info][gc,phases      ] GC(237)   Other: 0.13ms
[2026-04-03T03:15:58.976+0600][54.021s][info][gc,heap        ] GC(237) Eden regions: 32->0(1)
[2026-04-03T03:15:58.976+0600][54.021s][info][gc,heap        ] GC(237) Survivor regions: 2->5(5)
[2026-04-03T03:15:58.976+0600][54.021s][info][gc,heap        ] GC(237) Old regions: 625->659
[2026-04-03T03:15:58.976+0600][54.021s][info][gc,heap        ] GC(237) Humongous regions: 86->86
[2026-04-03T03:15:58.976+0600][54.021s][info][gc,metaspace   ] GC(237) Metaspace: 72978K(73856K)->72978K(73856K) NonClass: 63698K(64128K)->63698K(64128K) Class: 9280K(9728K)->9280K(9728K)
[2026-04-03T03:15:58.977+0600][54.021s][info][gc             ] GC(237) Pause Young (Concurrent Start) (G1 Humongous Allocation) (Evacuation Failure) 740M->745M(750M) 25.496ms
[2026-04-03T03:15:58.977+0600][54.021s][info][gc             ] GC(238) Concurrent Mark Cycle
[2026-04-03T03:15:58.977+0600][54.021s][info][gc,cpu         ] GC(237) User=0.24s Sys=0.00s Real=0.02s
[2026-04-03T03:15:58.977+0600][54.021s][info][gc,ergo        ] Attempting full compaction clearing soft references
[2026-04-03T03:15:58.977+0600][54.021s][info][gc,start       ] GC(239) Pause Full (G1 Compaction Pause)
[2026-04-03T03:15:58.977+0600][54.021s][info][gc,marking     ] GC(238) Concurrent Scan Root Regions
[2026-04-03T03:15:58.977+0600][54.021s][info][gc,task        ] GC(239) Using 10 workers of 10 for full compaction
[2026-04-03T03:15:58.979+0600][54.023s][info][gc,marking     ] GC(238) Concurrent Scan Root Regions 2.447ms
[2026-04-03T03:15:58.979+0600][54.023s][info][gc,marking     ] GC(238) Concurrent Mark
[2026-04-03T03:15:58.979+0600][54.023s][info][gc,marking     ] GC(238) Concurrent Mark From Roots
[2026-04-03T03:15:58.979+0600][54.023s][info][gc,task        ] GC(238) Using 3 workers of 3 for marking
[2026-04-03T03:15:58.980+0600][54.024s][info][gc,phases,start] GC(239) Phase 1: Mark live objects
[2026-04-03T03:15:59.070+0600][54.114s][info][gc,phases      ] GC(239) Phase 1: Mark live objects 89.692ms
[2026-04-03T03:15:59.070+0600][54.114s][info][gc,phases,start] GC(239) Phase 2: Prepare compaction
[2026-04-03T03:15:59.078+0600][54.122s][info][gc,phases      ] GC(239) Phase 2: Prepare compaction 8.130ms
[2026-04-03T03:15:59.078+0600][54.122s][info][gc,phases,start] GC(239) Phase 3: Adjust pointers
[2026-04-03T03:15:59.121+0600][54.165s][info][gc,phases      ] GC(239) Phase 3: Adjust pointers 42.526ms
[2026-04-03T03:15:59.121+0600][54.165s][info][gc,phases,start] GC(239) Phase 4: Compact heap
[2026-04-03T03:15:59.132+0600][54.176s][info][gc,phases      ] GC(239) Phase 4: Compact heap 10.991ms
[2026-04-03T03:15:59.132+0600][54.176s][info][gc,phases,start] GC(239) Phase 5: Reset Metadata
[2026-04-03T03:15:59.142+0600][54.186s][info][gc,phases      ] GC(239) Phase 5: Reset Metadata 9.631ms
[2026-04-03T03:15:59.161+0600][54.205s][info][gc,heap        ] GC(239) Eden regions: 0->0(368)
[2026-04-03T03:15:59.161+0600][54.205s][info][gc,heap        ] GC(239) Survivor regions: 5->0(5)
[2026-04-03T03:15:59.161+0600][54.205s][info][gc,heap        ] GC(239) Old regions: 659->164
[2026-04-03T03:15:59.161+0600][54.205s][info][gc,heap        ] GC(239) Humongous regions: 86->20
[2026-04-03T03:15:59.161+0600][54.205s][info][gc,metaspace   ] GC(239) Metaspace: 72978K(73856K)->72555K(73856K) NonClass: 63698K(64128K)->63344K(64128K) Class: 9280K(9728K)->9210K(9728K)
[2026-04-03T03:15:59.161+0600][54.205s][info][gc             ] GC(239) Pause Full (G1 Compaction Pause) 745M->179M(614M) 184.327ms
[2026-04-03T03:15:59.161+0600][54.205s][info][gc,cpu         ] GC(239) User=1.55s Sys=0.04s Real=0.19s
[2026-04-03T03:15:59.161+0600][54.205s][info][gc,marking     ] GC(238) Concurrent Mark From Roots 182.106ms
[2026-04-03T03:15:59.161+0600][54.206s][info][gc,marking     ] GC(238) Concurrent Mark Abort
[2026-04-03T03:15:59.161+0600][54.206s][info][gc             ] GC(238) Concurrent Mark Cycle 184.861ms
[2026-04-03T03:15:59.170+0600][54.214s][info][gc,start       ] GC(240) Pause Young (Concurrent Start) (G1 Humongous Allocation)
[2026-04-03T03:15:59.170+0600][54.214s][info][gc,task        ] GC(240) Using 10 workers of 10 for evacuation
[2026-04-03T03:15:59.175+0600][54.219s][info][gc,phases      ] GC(240)   Pre Evacuate Collection Set: 0.61ms
[2026-04-03T03:15:59.175+0600][54.219s][info][gc,phases      ] GC(240)   Merge Heap Roots: 0.29ms
[2026-04-03T03:15:59.175+0600][54.219s][info][gc,phases      ] GC(240)   Evacuate Collection Set: 3.10ms
[2026-04-03T03:15:59.175+0600][54.219s][info][gc,phases      ] GC(240)   Post Evacuate Collection Set: 0.51ms
[2026-04-03T03:15:59.175+0600][54.219s][info][gc,phases      ] GC(240)   Other: 0.30ms
[2026-04-03T03:15:59.175+0600][54.219s][info][gc,heap        ] GC(240) Eden regions: 4->0(343)
[2026-04-03T03:15:59.175+0600][54.219s][info][gc,heap        ] GC(240) Survivor regions: 0->2(46)
[2026-04-03T03:15:59.175+0600][54.219s][info][gc,heap        ] GC(240) Old regions: 164->164
[2026-04-03T03:15:59.175+0600][54.219s][info][gc,heap        ] GC(240) Humongous regions: 30->30
[2026-04-03T03:15:59.175+0600][54.219s][info][gc,metaspace   ] GC(240) Metaspace: 72557K(73856K)->72557K(73856K) NonClass: 63346K(64128K)->63346K(64128K) Class: 9210K(9728K)->9210K(9728K)
[2026-04-03T03:15:59.175+0600][54.219s][info][gc             ] GC(240) Pause Young (Concurrent Start) (G1 Humongous Allocation) 192M->190M(614M) 5.169ms
[2026-04-03T03:15:59.175+0600][54.219s][info][gc             ] GC(241) Concurrent Undo Cycle
[2026-04-03T03:15:59.175+0600][54.219s][info][gc,cpu         ] GC(240) User=0.03s Sys=0.00s Real=0.00s
[2026-04-03T03:15:59.175+0600][54.220s][info][gc,marking     ] GC(241) Concurrent Clear Claimed Marks
[2026-04-03T03:15:59.176+0600][54.220s][info][gc,marking     ] GC(241) Concurrent Clear Claimed Marks 0.145ms
[2026-04-03T03:15:59.176+0600][54.220s][info][gc,marking     ] GC(241) Concurrent Cleanup for Next Mark
[2026-04-03T03:15:59.176+0600][54.220s][info][gc,marking     ] GC(241) Concurrent Cleanup for Next Mark 0.274ms
[2026-04-03T03:15:59.176+0600][54.220s][info][gc             ] GC(241) Concurrent Undo Cycle 0.675ms
[2026-04-03T03:15:59.313+0600][54.357s][info][gc,start       ] GC(242) Pause Young (Concurrent Start) (G1 Humongous Allocation)
[2026-04-03T03:15:59.313+0600][54.357s][info][gc,task        ] GC(242) Using 10 workers of 10 for evacuation
[2026-04-03T03:15:59.328+0600][54.372s][info][gc,phases      ] GC(242)   Pre Evacuate Collection Set: 0.40ms
[2026-04-03T03:15:59.328+0600][54.372s][info][gc,phases      ] GC(242)   Merge Heap Roots: 0.44ms
[2026-04-03T03:15:59.328+0600][54.372s][info][gc,phases      ] GC(242)   Evacuate Collection Set: 12.25ms
[2026-04-03T03:15:59.328+0600][54.372s][info][gc,phases      ] GC(242)   Post Evacuate Collection Set: 0.87ms
[2026-04-03T03:15:59.328+0600][54.372s][info][gc,phases      ] GC(242)   Other: 0.16ms
[2026-04-03T03:15:59.328+0600][54.372s][info][gc,heap        ] GC(242) Eden regions: 79->0(337)
[2026-04-03T03:15:59.328+0600][54.372s][info][gc,heap        ] GC(242) Survivor regions: 2->9(44)
[2026-04-03T03:15:59.328+0600][54.372s][info][gc,heap        ] GC(242) Old regions: 164->164
[2026-04-03T03:15:59.328+0600][54.372s][info][gc,heap        ] GC(242) Humongous regions: 35->35
[2026-04-03T03:15:59.328+0600][54.372s][info][gc,metaspace   ] GC(242) Metaspace: 72557K(73856K)->72557K(73856K) NonClass: 63346K(64128K)->63346K(64128K) Class: 9210K(9728K)->9210K(9728K)
[2026-04-03T03:15:59.328+0600][54.372s][info][gc             ] GC(242) Pause Young (Concurrent Start) (G1 Humongous Allocation) 274M->202M(614M) 14.521ms
[2026-04-03T03:15:59.328+0600][54.372s][info][gc,cpu         ] GC(242) User=0.13s Sys=0.00s Real=0.01s
[2026-04-03T03:15:59.328+0600][54.372s][info][gc             ] GC(243) Concurrent Mark Cycle
[2026-04-03T03:15:59.328+0600][54.372s][info][gc,marking     ] GC(243) Concurrent Scan Root Regions
[2026-04-03T03:15:59.331+0600][54.375s][info][gc,marking     ] GC(243) Concurrent Scan Root Regions 2.849ms
[2026-04-03T03:15:59.331+0600][54.375s][info][gc,marking     ] GC(243) Concurrent Mark
[2026-04-03T03:15:59.331+0600][54.375s][info][gc,marking     ] GC(243) Concurrent Mark From Roots
[2026-04-03T03:15:59.331+0600][54.375s][info][gc,task        ] GC(243) Using 3 workers of 3 for marking
[2026-04-03T03:15:59.502+0600][54.546s][info][gc,marking     ] GC(243) Concurrent Mark From Roots 170.617ms
[2026-04-03T03:15:59.502+0600][54.546s][info][gc,marking     ] GC(243) Concurrent Preclean
[2026-04-03T03:15:59.502+0600][54.546s][info][gc,marking     ] GC(243) Concurrent Preclean 0.333ms
[2026-04-03T03:15:59.503+0600][54.547s][info][gc,start       ] GC(243) Pause Remark
[2026-04-03T03:15:59.507+0600][54.551s][info][gc             ] GC(243) Pause Remark 233M->219M(614M) 4.757ms
[2026-04-03T03:15:59.507+0600][54.551s][info][gc,cpu         ] GC(243) User=0.04s Sys=0.00s Real=0.00s
[2026-04-03T03:15:59.508+0600][54.552s][info][gc,marking     ] GC(243) Concurrent Mark 176.633ms
[2026-04-03T03:15:59.508+0600][54.552s][info][gc,marking     ] GC(243) Concurrent Rebuild Remembered Sets and Scrub Regions
[2026-04-03T03:15:59.611+0600][54.655s][info][gc,marking     ] GC(243) Concurrent Rebuild Remembered Sets and Scrub Regions 103.247ms
[2026-04-03T03:15:59.611+0600][54.655s][info][gc,start       ] GC(243) Pause Cleanup
[2026-04-03T03:15:59.612+0600][54.656s][info][gc             ] GC(243) Pause Cleanup 284M->284M(614M) 0.476ms
[2026-04-03T03:15:59.612+0600][54.656s][info][gc,cpu         ] GC(243) User=0.01s Sys=0.00s Real=0.00s
[2026-04-03T03:15:59.612+0600][54.656s][info][gc,marking     ] GC(243) Concurrent Clear Claimed Marks
[2026-04-03T03:15:59.612+0600][54.656s][info][gc,marking     ] GC(243) Concurrent Clear Claimed Marks 0.241ms
[2026-04-03T03:15:59.612+0600][54.656s][info][gc,marking     ] GC(243) Concurrent Cleanup for Next Mark
[2026-04-03T03:15:59.613+0600][54.657s][info][gc,marking     ] GC(243) Concurrent Cleanup for Next Mark 0.822ms
[2026-04-03T03:15:59.613+0600][54.657s][info][gc             ] GC(243) Concurrent Mark Cycle 285.351ms
[2026-04-03T03:16:00.123+0600][55.168s][info][gc,start       ] GC(244) Pause Young (Prepare Mixed) (G1 Evacuation Pause)
[2026-04-03T03:16:00.124+0600][55.168s][info][gc,task        ] GC(244) Using 10 workers of 10 for evacuation
[2026-04-03T03:16:00.210+0600][55.254s][info][gc,phases      ] GC(244)   Pre Evacuate Collection Set: 0.44ms
[2026-04-03T03:16:00.210+0600][55.254s][info][gc,phases      ] GC(244)   Merge Heap Roots: 1.62ms
[2026-04-03T03:16:00.210+0600][55.254s][info][gc,phases      ] GC(244)   Evacuate Collection Set: 83.23ms
[2026-04-03T03:16:00.210+0600][55.254s][info][gc,phases      ] GC(244)   Post Evacuate Collection Set: 1.11ms
[2026-04-03T03:16:00.210+0600][55.254s][info][gc,phases      ] GC(244)   Other: 0.15ms
[2026-04-03T03:16:00.210+0600][55.254s][info][gc,heap        ] GC(244) Eden regions: 337->0(276)
[2026-04-03T03:16:00.210+0600][55.254s][info][gc,heap        ] GC(244) Survivor regions: 9->44(44)
[2026-04-03T03:16:00.210+0600][55.254s][info][gc,heap        ] GC(244) Old regions: 163->183
[2026-04-03T03:16:00.210+0600][55.254s][info][gc,heap        ] GC(244) Humongous regions: 94->72
[2026-04-03T03:16:00.210+0600][55.254s][info][gc,metaspace   ] GC(244) Metaspace: 73015K(73920K)->73015K(73920K) NonClass: 63736K(64192K)->63736K(64192K) Class: 9278K(9728K)->9278K(9728K)
[2026-04-03T03:16:00.210+0600][55.255s][info][gc             ] GC(244) Pause Young (Prepare Mixed) (G1 Evacuation Pause) 598M->294M(667M) 86.960ms
[2026-04-03T03:16:00.211+0600][55.255s][info][gc,cpu         ] GC(244) User=0.84s Sys=0.09s Real=0.09s
[2026-04-03T03:16:00.864+0600][55.908s][info][gc,start       ] GC(245) Pause Young (Mixed) (G1 Evacuation Pause)
[2026-04-03T03:16:00.864+0600][55.908s][info][gc,task        ] GC(245) Using 10 workers of 10 for evacuation
[2026-04-03T03:16:00.923+0600][55.967s][info][gc,phases      ] GC(245)   Pre Evacuate Collection Set: 0.53ms
[2026-04-03T03:16:00.923+0600][55.967s][info][gc,phases      ] GC(245)   Merge Heap Roots: 1.45ms
[2026-04-03T03:16:00.923+0600][55.967s][info][gc,phases      ] GC(245)   Evacuate Collection Set: 55.85ms
[2026-04-03T03:16:00.923+0600][55.967s][info][gc,phases      ] GC(245)   Post Evacuate Collection Set: 0.98ms
[2026-04-03T03:16:00.923+0600][55.967s][info][gc,phases      ] GC(245)   Other: 0.13ms
[2026-04-03T03:16:00.923+0600][55.967s][info][gc,heap        ] GC(245) Eden regions: 276->0(259)
[2026-04-03T03:16:00.923+0600][55.967s][info][gc,heap        ] GC(245) Survivor regions: 44->24(40)
[2026-04-03T03:16:00.923+0600][55.967s][info][gc,heap        ] GC(245) Old regions: 183->225
[2026-04-03T03:16:00.923+0600][55.967s][info][gc,heap        ] GC(245) Humongous regions: 98->87
[2026-04-03T03:16:00.923+0600][55.967s][info][gc,metaspace   ] GC(245) Metaspace: 73061K(73984K)->73061K(73984K) NonClass: 63781K(64256K)->63781K(64256K) Class: 9279K(9728K)->9279K(9728K)
[2026-04-03T03:16:00.923+0600][55.967s][info][gc             ] GC(245) Pause Young (Mixed) (G1 Evacuation Pause) 596M->333M(671M) 59.298ms
[2026-04-03T03:16:00.923+0600][55.968s][info][gc,cpu         ] GC(245) User=0.57s Sys=0.00s Real=0.06s
[2026-04-03T03:16:00.938+0600][55.982s][info][gc,start       ] GC(246) Pause Young (Concurrent Start) (G1 Humongous Allocation)
[2026-04-03T03:16:00.938+0600][55.982s][info][gc,task        ] GC(246) Using 10 workers of 10 for evacuation
[2026-04-03T03:16:00.958+0600][56.002s][info][gc,phases      ] GC(246)   Pre Evacuate Collection Set: 0.81ms
[2026-04-03T03:16:00.959+0600][56.003s][info][gc,phases      ] GC(246)   Merge Heap Roots: 0.34ms
[2026-04-03T03:16:00.959+0600][56.003s][info][gc,phases      ] GC(246)   Evacuate Collection Set: 17.93ms
[2026-04-03T03:16:00.959+0600][56.003s][info][gc,phases      ] GC(246)   Post Evacuate Collection Set: 1.10ms
[2026-04-03T03:16:00.959+0600][56.003s][info][gc,phases      ] GC(246)   Other: 0.29ms
[2026-04-03T03:16:00.959+0600][56.003s][info][gc,heap        ] GC(246) Eden regions: 23->0(262)
[2026-04-03T03:16:00.959+0600][56.003s][info][gc,heap        ] GC(246) Survivor regions: 24->5(36)
[2026-04-03T03:16:00.959+0600][56.003s][info][gc,heap        ] GC(246) Old regions: 225->248
[2026-04-03T03:16:00.959+0600][56.003s][info][gc,heap        ] GC(246) Humongous regions: 87->87
[2026-04-03T03:16:00.959+0600][56.003s][info][gc,metaspace   ] GC(246) Metaspace: 73061K(73984K)->73061K(73984K) NonClass: 63781K(64256K)->63781K(64256K) Class: 9279K(9728K)->9279K(9728K)
[2026-04-03T03:16:00.959+0600][56.003s][info][gc             ] GC(246) Pause Young (Concurrent Start) (G1 Humongous Allocation) 356M->337M(687M) 20.894ms
[2026-04-03T03:16:00.959+0600][56.003s][info][gc             ] GC(247) Concurrent Mark Cycle
[2026-04-03T03:16:00.959+0600][56.003s][info][gc,marking     ] GC(247) Concurrent Scan Root Regions
[2026-04-03T03:16:00.959+0600][56.003s][info][gc,cpu         ] GC(246) User=0.18s Sys=0.00s Real=0.02s
[2026-04-03T03:16:00.966+0600][56.010s][info][gc,marking     ] GC(247) Concurrent Scan Root Regions 7.316ms
[2026-04-03T03:16:00.966+0600][56.010s][info][gc,marking     ] GC(247) Concurrent Mark
[2026-04-03T03:16:00.966+0600][56.010s][info][gc,marking     ] GC(247) Concurrent Mark From Roots
[2026-04-03T03:16:00.966+0600][56.010s][info][gc,task        ] GC(247) Using 3 workers of 3 for marking
[2026-04-03T03:16:01.099+0600][56.143s][info][gc,marking     ] GC(247) Concurrent Mark From Roots 133.012ms
[2026-04-03T03:16:01.099+0600][56.143s][info][gc,marking     ] GC(247) Concurrent Preclean
[2026-04-03T03:16:01.099+0600][56.144s][info][gc,marking     ] GC(247) Concurrent Preclean 0.095ms
[2026-04-03T03:16:01.100+0600][56.144s][info][gc,start       ] GC(247) Pause Remark
[2026-04-03T03:16:01.113+0600][56.157s][info][gc             ] GC(247) Pause Remark 513M->385M(687M) 13.149ms
[2026-04-03T03:16:01.113+0600][56.157s][info][gc,cpu         ] GC(247) User=0.10s Sys=0.00s Real=0.01s
[2026-04-03T03:16:01.113+0600][56.157s][info][gc,marking     ] GC(247) Concurrent Mark 147.018ms
[2026-04-03T03:16:01.113+0600][56.157s][info][gc,marking     ] GC(247) Concurrent Rebuild Remembered Sets and Scrub Regions
[2026-04-03T03:16:01.168+0600][56.212s][info][gc,marking     ] GC(247) Concurrent Rebuild Remembered Sets and Scrub Regions 54.724ms
[2026-04-03T03:16:01.169+0600][56.213s][info][gc,start       ] GC(247) Pause Cleanup
[2026-04-03T03:16:01.169+0600][56.213s][info][gc             ] GC(247) Pause Cleanup 460M->460M(687M) 0.422ms
[2026-04-03T03:16:01.169+0600][56.213s][info][gc,cpu         ] GC(247) User=0.00s Sys=0.00s Real=0.00s
[2026-04-03T03:16:01.169+0600][56.213s][info][gc,marking     ] GC(247) Concurrent Clear Claimed Marks
[2026-04-03T03:16:01.169+0600][56.214s][info][gc,marking     ] GC(247) Concurrent Clear Claimed Marks 0.203ms
[2026-04-03T03:16:01.169+0600][56.214s][info][gc,marking     ] GC(247) Concurrent Cleanup for Next Mark
[2026-04-03T03:16:01.171+0600][56.215s][info][gc,marking     ] GC(247) Concurrent Cleanup for Next Mark 1.433ms
[2026-04-03T03:16:01.171+0600][56.215s][info][gc             ] GC(247) Concurrent Mark Cycle 212.147ms
[2026-04-03T03:16:01.186+0600][56.230s][info][gc,start       ] GC(248) Pause Young (Prepare Mixed) (G1 Evacuation Pause)
[2026-04-03T03:16:01.186+0600][56.230s][info][gc,task        ] GC(248) Using 10 workers of 10 for evacuation
[2026-04-03T03:16:01.224+0600][56.268s][info][gc,phases      ] GC(248)   Pre Evacuate Collection Set: 0.38ms
[2026-04-03T03:16:01.224+0600][56.268s][info][gc,phases      ] GC(248)   Merge Heap Roots: 0.25ms
[2026-04-03T03:16:01.224+0600][56.268s][info][gc,phases      ] GC(248)   Evacuate Collection Set: 35.85ms
[2026-04-03T03:16:01.224+0600][56.268s][info][gc,phases      ] GC(248)   Post Evacuate Collection Set: 0.97ms
[2026-04-03T03:16:01.224+0600][56.268s][info][gc,phases      ] GC(248)   Other: 0.13ms
[2026-04-03T03:16:01.224+0600][56.268s][info][gc,heap        ] GC(248) Eden regions: 262->0(313)
[2026-04-03T03:16:01.224+0600][56.268s][info][gc,heap        ] GC(248) Survivor regions: 5->34(34)
[2026-04-03T03:16:01.224+0600][56.268s][info][gc,heap        ] GC(248) Old regions: 195->203
[2026-04-03T03:16:01.224+0600][56.268s][info][gc,heap        ] GC(248) Humongous regions: 29->29
[2026-04-03T03:16:01.224+0600][56.268s][info][gc,metaspace   ] GC(248) Metaspace: 73025K(73984K)->73025K(73984K) NonClass: 63755K(64256K)->63755K(64256K) Class: 9269K(9728K)->9269K(9728K)
[2026-04-03T03:16:01.224+0600][56.268s][info][gc             ] GC(248) Pause Young (Prepare Mixed) (G1 Evacuation Pause) 490M->265M(687M) 37.976ms
[2026-04-03T03:16:01.224+0600][56.268s][info][gc,cpu         ] GC(248) User=0.36s Sys=0.00s Real=0.04s
[2026-04-03T03:16:01.940+0600][56.984s][info][gc,start       ] GC(249) Pause Young (Mixed) (G1 Evacuation Pause)
[2026-04-03T03:16:01.940+0600][56.984s][info][gc,task        ] GC(249) Using 10 workers of 10 for evacuation
[2026-04-03T03:16:02.045+0600][57.089s][info][gc,phases      ] GC(249)   Pre Evacuate Collection Set: 0.57ms
[2026-04-03T03:16:02.045+0600][57.089s][info][gc,phases      ] GC(249)   Merge Heap Roots: 0.40ms
[2026-04-03T03:16:02.045+0600][57.089s][info][gc,phases      ] GC(249)   Evacuate Collection Set: 102.23ms
[2026-04-03T03:16:02.045+0600][57.089s][info][gc,phases      ] GC(249)   Post Evacuate Collection Set: 1.59ms
[2026-04-03T03:16:02.045+0600][57.089s][info][gc,phases      ] GC(249)   Other: 0.12ms
[2026-04-03T03:16:02.045+0600][57.089s][info][gc,heap        ] GC(249) Eden regions: 241->0(237)
[2026-04-03T03:16:02.045+0600][57.089s][info][gc,heap        ] GC(249) Survivor regions: 34->27(44)
[2026-04-03T03:16:02.045+0600][57.089s][info][gc,heap        ] GC(249) Old regions: 203->262
[2026-04-03T03:16:02.045+0600][57.089s][info][gc,heap        ] GC(249) Humongous regions: 209->146
[2026-04-03T03:16:02.045+0600][57.089s][info][gc,metaspace   ] GC(249) Metaspace: 73081K(74048K)->73081K(74048K) NonClass: 63810K(64320K)->63810K(64320K) Class: 9271K(9728K)->9271K(9728K)
[2026-04-03T03:16:02.045+0600][57.089s][info][gc             ] GC(249) Pause Young (Mixed) (G1 Evacuation Pause) (Evacuation Failure) 686M->434M(750M) 105.261ms
[2026-04-03T03:16:02.045+0600][57.089s][info][gc,cpu         ] GC(249) User=0.96s Sys=0.07s Real=0.10s
[2026-04-03T03:16:02.050+0600][57.094s][info][gc,start       ] GC(250) Pause Young (Concurrent Start) (G1 Humongous Allocation)
[2026-04-03T03:16:02.050+0600][57.094s][info][gc,task        ] GC(250) Using 10 workers of 10 for evacuation
[2026-04-03T03:16:02.081+0600][57.126s][info][gc,phases      ] GC(250)   Pre Evacuate Collection Set: 0.39ms
[2026-04-03T03:16:02.082+0600][57.126s][info][gc,phases      ] GC(250)   Merge Heap Roots: 0.24ms
[2026-04-03T03:16:02.082+0600][57.126s][info][gc,phases      ] GC(250)   Evacuate Collection Set: 30.18ms
[2026-04-03T03:16:02.082+0600][57.126s][info][gc,phases      ] GC(250)   Post Evacuate Collection Set: 0.56ms
[2026-04-03T03:16:02.082+0600][57.126s][info][gc,phases      ] GC(250)   Other: 0.14ms
[2026-04-03T03:16:02.082+0600][57.126s][info][gc,heap        ] GC(250) Eden regions: 6->0(232)
[2026-04-03T03:16:02.082+0600][57.126s][info][gc,heap        ] GC(250) Survivor regions: 27->4(33)
[2026-04-03T03:16:02.082+0600][57.126s][info][gc,heap        ] GC(250) Old regions: 262->290
[2026-04-03T03:16:02.082+0600][57.126s][info][gc,heap        ] GC(250) Humongous regions: 146->146
[2026-04-03T03:16:02.082+0600][57.126s][info][gc,metaspace   ] GC(250) Metaspace: 73081K(74048K)->73081K(74048K) NonClass: 63810K(64320K)->63810K(64320K) Class: 9271K(9728K)->9271K(9728K)
[2026-04-03T03:16:02.082+0600][57.126s][info][gc             ] GC(250) Pause Young (Concurrent Start) (G1 Humongous Allocation) 440M->439M(750M) 31.762ms
[2026-04-03T03:16:02.082+0600][57.126s][info][gc,cpu         ] GC(250) User=0.30s Sys=0.00s Real=0.03s
[2026-04-03T03:16:02.082+0600][57.126s][info][gc             ] GC(251) Concurrent Mark Cycle
[2026-04-03T03:16:02.082+0600][57.126s][info][gc,marking     ] GC(251) Concurrent Scan Root Regions
[2026-04-03T03:16:02.092+0600][57.136s][info][gc,marking     ] GC(251) Concurrent Scan Root Regions 9.887ms
[2026-04-03T03:16:02.092+0600][57.136s][info][gc,marking     ] GC(251) Concurrent Mark
[2026-04-03T03:16:02.092+0600][57.136s][info][gc,marking     ] GC(251) Concurrent Mark From Roots
[2026-04-03T03:16:02.092+0600][57.136s][info][gc,task        ] GC(251) Using 3 workers of 3 for marking
[2026-04-03T03:16:02.234+0600][57.279s][info][gc,marking     ] GC(251) Concurrent Mark From Roots 142.555ms
[2026-04-03T03:16:02.235+0600][57.279s][info][gc,marking     ] GC(251) Concurrent Preclean
[2026-04-03T03:16:02.235+0600][57.279s][info][gc,marking     ] GC(251) Concurrent Preclean 0.091ms
[2026-04-03T03:16:02.235+0600][57.279s][info][gc,start       ] GC(251) Pause Remark
[2026-04-03T03:16:02.245+0600][57.289s][info][gc             ] GC(251) Pause Remark 622M->550M(750M) 9.938ms
[2026-04-03T03:16:02.245+0600][57.289s][info][gc,cpu         ] GC(251) User=0.08s Sys=0.00s Real=0.01s
[2026-04-03T03:16:02.245+0600][57.289s][info][gc,marking     ] GC(251) Concurrent Mark 153.217ms
[2026-04-03T03:16:02.245+0600][57.289s][info][gc,marking     ] GC(251) Concurrent Rebuild Remembered Sets and Scrub Regions
[2026-04-03T03:16:02.299+0600][57.343s][info][gc,marking     ] GC(251) Concurrent Rebuild Remembered Sets and Scrub Regions 54.140ms
[2026-04-03T03:16:02.300+0600][57.344s][info][gc,start       ] GC(251) Pause Cleanup
[2026-04-03T03:16:02.300+0600][57.344s][info][gc             ] GC(251) Pause Cleanup 598M->598M(750M) 0.454ms
[2026-04-03T03:16:02.300+0600][57.344s][info][gc,cpu         ] GC(251) User=0.00s Sys=0.00s Real=0.01s
[2026-04-03T03:16:02.300+0600][57.344s][info][gc,marking     ] GC(251) Concurrent Clear Claimed Marks
[2026-04-03T03:16:02.300+0600][57.344s][info][gc,marking     ] GC(251) Concurrent Clear Claimed Marks 0.163ms
[2026-04-03T03:16:02.300+0600][57.344s][info][gc,marking     ] GC(251) Concurrent Cleanup for Next Mark
[2026-04-03T03:16:02.301+0600][57.346s][info][gc,marking     ] GC(251) Concurrent Cleanup for Next Mark 1.117ms
[2026-04-03T03:16:02.301+0600][57.346s][info][gc             ] GC(251) Concurrent Mark Cycle 219.627ms
[2026-04-03T03:16:02.375+0600][57.419s][info][gc,start       ] GC(252) Pause Young (Prepare Mixed) (G1 Evacuation Pause)
[2026-04-03T03:16:02.375+0600][57.419s][info][gc,task        ] GC(252) Using 10 workers of 10 for evacuation
[2026-04-03T03:16:02.415+0600][57.459s][info][gc,phases      ] GC(252)   Pre Evacuate Collection Set: 0.27ms
[2026-04-03T03:16:02.415+0600][57.459s][info][gc,phases      ] GC(252)   Merge Heap Roots: 0.32ms
[2026-04-03T03:16:02.415+0600][57.459s][info][gc,phases      ] GC(252)   Evacuate Collection Set: 37.82ms
[2026-04-03T03:16:02.415+0600][57.459s][info][gc,phases      ] GC(252)   Post Evacuate Collection Set: 0.72ms
[2026-04-03T03:16:02.415+0600][57.459s][info][gc,phases      ] GC(252)   Other: 0.11ms
[2026-04-03T03:16:02.415+0600][57.459s][info][gc,heap        ] GC(252) Eden regions: 232->0(209)
[2026-04-03T03:16:02.415+0600][57.459s][info][gc,heap        ] GC(252) Survivor regions: 4->30(30)
[2026-04-03T03:16:02.415+0600][57.459s][info][gc,heap        ] GC(252) Old regions: 270->289
[2026-04-03T03:16:02.415+0600][57.459s][info][gc,heap        ] GC(252) Humongous regions: 177->136
[2026-04-03T03:16:02.415+0600][57.459s][info][gc,metaspace   ] GC(252) Metaspace: 73149K(74048K)->73149K(74048K) NonClass: 63878K(64320K)->63878K(64320K) Class: 9270K(9728K)->9270K(9728K)
[2026-04-03T03:16:02.415+0600][57.459s][info][gc             ] GC(252) Pause Young (Prepare Mixed) (G1 Evacuation Pause) 682M->454M(750M) 39.796ms
[2026-04-03T03:16:02.415+0600][57.459s][info][gc,cpu         ] GC(252) User=0.37s Sys=0.00s Real=0.04s
[2026-04-03T03:16:02.555+0600][57.599s][info][gc,start       ] GC(253) Pause Young (Mixed) (G1 Evacuation Pause)
[2026-04-03T03:16:02.555+0600][57.599s][info][gc,task        ] GC(253) Using 10 workers of 10 for evacuation
[2026-04-03T03:16:02.577+0600][57.622s][info][gc,phases      ] GC(253)   Pre Evacuate Collection Set: 0.49ms
[2026-04-03T03:16:02.578+0600][57.622s][info][gc,phases      ] GC(253)   Merge Heap Roots: 0.29ms
[2026-04-03T03:16:02.578+0600][57.622s][info][gc,phases      ] GC(253)   Evacuate Collection Set: 20.34ms
[2026-04-03T03:16:02.578+0600][57.622s][info][gc,phases      ] GC(253)   Post Evacuate Collection Set: 0.84ms
[2026-04-03T03:16:02.578+0600][57.622s][info][gc,phases      ] GC(253)   Other: 0.14ms
[2026-04-03T03:16:02.578+0600][57.622s][info][gc,heap        ] GC(253) Eden regions: 209->0(260)
[2026-04-03T03:16:02.578+0600][57.622s][info][gc,heap        ] GC(253) Survivor regions: 30->1(30)
[2026-04-03T03:16:02.578+0600][57.622s][info][gc,heap        ] GC(253) Old regions: 289->265
[2026-04-03T03:16:02.578+0600][57.622s][info][gc,heap        ] GC(253) Humongous regions: 136->136
[2026-04-03T03:16:02.578+0600][57.622s][info][gc,metaspace   ] GC(253) Metaspace: 73149K(74048K)->73149K(74048K) NonClass: 63878K(64320K)->63878K(64320K) Class: 9270K(9728K)->9270K(9728K)
[2026-04-03T03:16:02.578+0600][57.622s][info][gc             ] GC(253) Pause Young (Mixed) (G1 Evacuation Pause) 663M->401M(750M) 22.716ms
[2026-04-03T03:16:02.578+0600][57.622s][info][gc,cpu         ] GC(253) User=0.21s Sys=0.00s Real=0.02s
[2026-04-03T03:16:02.655+0600][57.699s][info][gc,start       ] GC(254) Pause Young (Concurrent Start) (G1 Humongous Allocation)
[2026-04-03T03:16:02.655+0600][57.699s][info][gc,task        ] GC(254) Using 10 workers of 10 for evacuation
[2026-04-03T03:16:02.658+0600][57.702s][info][gc,phases      ] GC(254)   Pre Evacuate Collection Set: 0.62ms
[2026-04-03T03:16:02.658+0600][57.702s][info][gc,phases      ] GC(254)   Merge Heap Roots: 0.10ms
[2026-04-03T03:16:02.658+0600][57.702s][info][gc,phases      ] GC(254)   Evacuate Collection Set: 0.88ms
[2026-04-03T03:16:02.658+0600][57.702s][info][gc,phases      ] GC(254)   Post Evacuate Collection Set: 0.59ms
[2026-04-03T03:16:02.658+0600][57.702s][info][gc,phases      ] GC(254)   Other: 0.24ms
[2026-04-03T03:16:02.658+0600][57.702s][info][gc,heap        ] GC(254) Eden regions: 133->0(274)
[2026-04-03T03:16:02.658+0600][57.702s][info][gc,heap        ] GC(254) Survivor regions: 1->1(33)
[2026-04-03T03:16:02.658+0600][57.702s][info][gc,heap        ] GC(254) Old regions: 265->265
[2026-04-03T03:16:02.658+0600][57.702s][info][gc,heap        ] GC(254) Humongous regions: 136->136
[2026-04-03T03:16:02.658+0600][57.702s][info][gc,metaspace   ] GC(254) Metaspace: 73154K(74048K)->73154K(74048K) NonClass: 63884K(64320K)->63884K(64320K) Class: 9270K(9728K)->9270K(9728K)
[2026-04-03T03:16:02.658+0600][57.702s][info][gc             ] GC(254) Pause Young (Concurrent Start) (G1 Humongous Allocation) 533M->401M(750M) 2.673ms
[2026-04-03T03:16:02.658+0600][57.702s][info][gc             ] GC(255) Concurrent Mark Cycle
[2026-04-03T03:16:02.658+0600][57.702s][info][gc,cpu         ] GC(254) User=0.01s Sys=0.00s Real=0.00s
[2026-04-03T03:16:02.658+0600][57.702s][info][gc,marking     ] GC(255) Concurrent Scan Root Regions
[2026-04-03T03:16:02.659+0600][57.703s][info][gc,marking     ] GC(255) Concurrent Scan Root Regions 1.298ms
[2026-04-03T03:16:02.659+0600][57.703s][info][gc,marking     ] GC(255) Concurrent Mark
[2026-04-03T03:16:02.659+0600][57.703s][info][gc,marking     ] GC(255) Concurrent Mark From Roots
[2026-04-03T03:16:02.659+0600][57.703s][info][gc,task        ] GC(255) Using 3 workers of 3 for marking
[2026-04-03T03:16:02.756+0600][57.801s][info][gc,start       ] GC(256) Pause Full (System.gc())
[2026-04-03T03:16:02.756+0600][57.801s][info][gc,task        ] GC(256) Using 10 workers of 10 for full compaction
[2026-04-03T03:16:02.757+0600][57.801s][info][gc,phases,start] GC(256) Phase 1: Mark live objects
[2026-04-03T03:16:02.801+0600][57.846s][info][gc,phases      ] GC(256) Phase 1: Mark live objects 44.371ms
[2026-04-03T03:16:02.802+0600][57.846s][info][gc,phases,start] GC(256) Phase 2: Prepare compaction
[2026-04-03T03:16:02.803+0600][57.847s][info][gc,phases      ] GC(256) Phase 2: Prepare compaction 1.199ms
[2026-04-03T03:16:02.803+0600][57.847s][info][gc,phases,start] GC(256) Phase 3: Adjust pointers
[2026-04-03T03:16:02.828+0600][57.872s][info][gc,phases      ] GC(256) Phase 3: Adjust pointers 24.893ms
[2026-04-03T03:16:02.828+0600][57.872s][info][gc,phases,start] GC(256) Phase 4: Compact heap
[2026-04-03T03:16:02.829+0600][57.873s][info][gc,phases      ] GC(256) Phase 4: Compact heap 1.203ms
[2026-04-03T03:16:02.829+0600][57.873s][info][gc,phases,start] GC(256) Phase 5: Reset Metadata
[2026-04-03T03:16:02.840+0600][57.884s][info][gc,phases      ] GC(256) Phase 5: Reset Metadata 10.707ms
[2026-04-03T03:16:02.861+0600][57.905s][info][gc,heap        ] GC(256) Eden regions: 183->0(285)
[2026-04-03T03:16:02.861+0600][57.905s][info][gc,heap        ] GC(256) Survivor regions: 1->0(33)
[2026-04-03T03:16:02.861+0600][57.905s][info][gc,heap        ] GC(256) Old regions: 265->144
[2026-04-03T03:16:02.861+0600][57.905s][info][gc,heap        ] GC(256) Humongous regions: 139->11
[2026-04-03T03:16:02.861+0600][57.905s][info][gc,metaspace   ] GC(256) Metaspace: 73154K(74048K)->73154K(74048K) NonClass: 63884K(64320K)->63884K(64320K) Class: 9270K(9728K)->9270K(9728K)
[2026-04-03T03:16:02.861+0600][57.905s][info][gc             ] GC(256) Pause Full (System.gc()) 587M->149M(517M) 104.651ms
[2026-04-03T03:16:02.861+0600][57.905s][info][gc,cpu         ] GC(256) User=0.87s Sys=0.02s Real=0.11s
[2026-04-03T03:16:02.861+0600][57.905s][info][gc,marking     ] GC(255) Concurrent Mark From Roots 202.001ms
[2026-04-03T03:16:02.861+0600][57.906s][info][gc,marking     ] GC(255) Concurrent Mark Abort
[2026-04-03T03:16:02.862+0600][57.906s][info][gc             ] GC(255) Concurrent Mark Cycle 203.501ms
[2026-04-03T03:16:02.923+0600][57.967s][info][gc,start       ] GC(257) Pause Young (Concurrent Start) (G1 Humongous Allocation)
[2026-04-03T03:16:02.923+0600][57.967s][info][gc,task        ] GC(257) Using 10 workers of 10 for evacuation
[2026-04-03T03:16:02.925+0600][57.969s][info][gc,phases      ] GC(257)   Pre Evacuate Collection Set: 0.50ms
[2026-04-03T03:16:02.925+0600][57.969s][info][gc,phases      ] GC(257)   Merge Heap Roots: 0.08ms
[2026-04-03T03:16:02.925+0600][57.969s][info][gc,phases      ] GC(257)   Evacuate Collection Set: 0.97ms
[2026-04-03T03:16:02.925+0600][57.969s][info][gc,phases      ] GC(257)   Post Evacuate Collection Set: 0.47ms
[2026-04-03T03:16:02.925+0600][57.969s][info][gc,phases      ] GC(257)   Other: 0.26ms
[2026-04-03T03:16:02.925+0600][57.969s][info][gc,heap        ] GC(257) Eden regions: 24->0(297)
[2026-04-03T03:16:02.925+0600][57.969s][info][gc,heap        ] GC(257) Survivor regions: 0->1(36)
[2026-04-03T03:16:02.925+0600][57.969s][info][gc,heap        ] GC(257) Old regions: 144->144
[2026-04-03T03:16:02.925+0600][57.969s][info][gc,heap        ] GC(257) Humongous regions: 11->11
[2026-04-03T03:16:02.925+0600][57.969s][info][gc,metaspace   ] GC(257) Metaspace: 73254K(74176K)->73254K(74176K) NonClass: 63972K(64448K)->63972K(64448K) Class: 9281K(9728K)->9281K(9728K)
[2026-04-03T03:16:02.925+0600][57.970s][info][gc             ] GC(257) Pause Young (Concurrent Start) (G1 Humongous Allocation) 173M->150M(517M) 2.481ms
[2026-04-03T03:16:02.925+0600][57.970s][info][gc,cpu         ] GC(257) User=0.00s Sys=0.00s Real=0.00s
[2026-04-03T03:16:02.926+0600][57.970s][info][gc             ] GC(258) Concurrent Mark Cycle
[2026-04-03T03:16:02.926+0600][57.970s][info][gc,marking     ] GC(258) Concurrent Scan Root Regions
[2026-04-03T03:16:02.927+0600][57.971s][info][gc,marking     ] GC(258) Concurrent Scan Root Regions 0.961ms
[2026-04-03T03:16:02.927+0600][57.971s][info][gc,marking     ] GC(258) Concurrent Mark
[2026-04-03T03:16:02.927+0600][57.971s][info][gc,marking     ] GC(258) Concurrent Mark From Roots
[2026-04-03T03:16:02.927+0600][57.971s][info][gc,task        ] GC(258) Using 3 workers of 3 for marking
[2026-04-03T03:16:03.041+0600][58.085s][info][gc,marking     ] GC(258) Concurrent Mark From Roots 114.740ms
[2026-04-03T03:16:03.041+0600][58.086s][info][gc,marking     ] GC(258) Concurrent Preclean
[2026-04-03T03:16:03.042+0600][58.086s][info][gc,marking     ] GC(258) Concurrent Preclean 0.110ms
[2026-04-03T03:16:03.042+0600][58.086s][info][gc,start       ] GC(258) Pause Remark
[2026-04-03T03:16:03.046+0600][58.090s][info][gc             ] GC(258) Pause Remark 221M->221M(517M) 4.032ms
[2026-04-03T03:16:03.046+0600][58.090s][info][gc,cpu         ] GC(258) User=0.03s Sys=0.00s Real=0.00s
[2026-04-03T03:16:03.046+0600][58.090s][info][gc,marking     ] GC(258) Concurrent Mark 119.624ms
[2026-04-03T03:16:03.046+0600][58.090s][info][gc,marking     ] GC(258) Concurrent Rebuild Remembered Sets and Scrub Regions
[2026-04-03T03:16:03.087+0600][58.131s][info][gc,marking     ] GC(258) Concurrent Rebuild Remembered Sets and Scrub Regions 40.564ms
[2026-04-03T03:16:03.087+0600][58.131s][info][gc,start       ] GC(258) Pause Cleanup
[2026-04-03T03:16:03.088+0600][58.132s][info][gc             ] GC(258) Pause Cleanup 262M->262M(517M) 0.326ms
[2026-04-03T03:16:03.088+0600][58.132s][info][gc,cpu         ] GC(258) User=0.01s Sys=0.00s Real=0.00s
[2026-04-03T03:16:03.088+0600][58.132s][info][gc,marking     ] GC(258) Concurrent Clear Claimed Marks
[2026-04-03T03:16:03.088+0600][58.132s][info][gc,marking     ] GC(258) Concurrent Clear Claimed Marks 0.211ms
[2026-04-03T03:16:03.088+0600][58.132s][info][gc,marking     ] GC(258) Concurrent Cleanup for Next Mark
[2026-04-03T03:16:03.089+0600][58.133s][info][gc,marking     ] GC(258) Concurrent Cleanup for Next Mark 0.675ms
[2026-04-03T03:16:03.089+0600][58.133s][info][gc             ] GC(258) Concurrent Mark Cycle 163.317ms
[2026-04-03T03:16:03.347+0600][58.391s][info][gc,start       ] GC(259) Pause Young (Prepare Mixed) (G1 Evacuation Pause)
[2026-04-03T03:16:03.347+0600][58.391s][info][gc,task        ] GC(259) Using 10 workers of 10 for evacuation
[2026-04-03T03:16:03.405+0600][58.449s][info][gc,phases      ] GC(259)   Pre Evacuate Collection Set: 0.40ms
[2026-04-03T03:16:03.405+0600][58.450s][info][gc,phases      ] GC(259)   Merge Heap Roots: 0.72ms
[2026-04-03T03:16:03.405+0600][58.450s][info][gc,phases      ] GC(259)   Evacuate Collection Set: 56.63ms
[2026-04-03T03:16:03.405+0600][58.450s][info][gc,phases      ] GC(259)   Post Evacuate Collection Set: 0.73ms
[2026-04-03T03:16:03.405+0600][58.450s][info][gc,phases      ] GC(259)   Other: 0.10ms
[2026-04-03T03:16:03.405+0600][58.450s][info][gc,heap        ] GC(259) Eden regions: 297->0(212)
[2026-04-03T03:16:03.406+0600][58.450s][info][gc,heap        ] GC(259) Survivor regions: 1->38(38)
[2026-04-03T03:16:03.406+0600][58.450s][info][gc,heap        ] GC(259) Old regions: 144->184
[2026-04-03T03:16:03.406+0600][58.450s][info][gc,heap        ] GC(259) Humongous regions: 56->51
[2026-04-03T03:16:03.406+0600][58.450s][info][gc,metaspace   ] GC(259) Metaspace: 73285K(74176K)->73285K(74176K) NonClass: 63998K(64448K)->63998K(64448K) Class: 9286K(9728K)->9286K(9728K)
[2026-04-03T03:16:03.406+0600][58.450s][info][gc             ] GC(259) Pause Young (Prepare Mixed) (G1 Evacuation Pause) 492M->266M(576M) 58.889ms
[2026-04-03T03:16:03.406+0600][58.450s][info][gc,cpu         ] GC(259) User=0.47s Sys=0.08s Real=0.06s
[2026-04-03T03:16:04.081+0600][59.125s][info][gc,start       ] GC(260) Pause Young (Mixed) (G1 Evacuation Pause)
[2026-04-03T03:16:04.081+0600][59.125s][info][gc,task        ] GC(260) Using 10 workers of 10 for evacuation
[2026-04-03T03:16:04.109+0600][59.153s][info][gc,phases      ] GC(260)   Pre Evacuate Collection Set: 0.37ms
[2026-04-03T03:16:04.109+0600][59.154s][info][gc,phases      ] GC(260)   Merge Heap Roots: 0.28ms
[2026-04-03T03:16:04.110+0600][59.154s][info][gc,phases      ] GC(260)   Evacuate Collection Set: 26.73ms
[2026-04-03T03:16:04.110+0600][59.154s][info][gc,phases      ] GC(260)   Post Evacuate Collection Set: 0.86ms
[2026-04-03T03:16:04.110+0600][59.154s][info][gc,phases      ] GC(260)   Other: 0.13ms
[2026-04-03T03:16:04.110+0600][59.154s][info][gc,heap        ] GC(260) Eden regions: 212->0(209)
[2026-04-03T03:16:04.110+0600][59.154s][info][gc,heap        ] GC(260) Survivor regions: 38->12(32)
[2026-04-03T03:16:04.110+0600][59.154s][info][gc,heap        ] GC(260) Old regions: 184->223
[2026-04-03T03:16:04.110+0600][59.154s][info][gc,heap        ] GC(260) Humongous regions: 55->55
[2026-04-03T03:16:04.110+0600][59.154s][info][gc,metaspace   ] GC(260) Metaspace: 73306K(74176K)->73306K(74176K) NonClass: 64017K(64448K)->64017K(64448K) Class: 9289K(9728K)->9289K(9728K)
[2026-04-03T03:16:04.110+0600][59.154s][info][gc             ] GC(260) Pause Young (Mixed) (G1 Evacuation Pause) 482M->285M(576M) 28.704ms
[2026-04-03T03:16:04.110+0600][59.154s][info][gc,cpu         ] GC(260) User=0.27s Sys=0.00s Real=0.03s
[2026-04-03T03:16:04.122+0600][59.167s][info][gc,start       ] GC(261) Pause Young (Concurrent Start) (G1 Humongous Allocation)
[2026-04-03T03:16:04.122+0600][59.167s][info][gc,task        ] GC(261) Using 10 workers of 10 for evacuation
[2026-04-03T03:16:04.131+0600][59.175s][info][gc,phases      ] GC(261)   Pre Evacuate Collection Set: 0.36ms
[2026-04-03T03:16:04.131+0600][59.175s][info][gc,phases      ] GC(261)   Merge Heap Roots: 0.16ms
[2026-04-03T03:16:04.131+0600][59.175s][info][gc,phases      ] GC(261)   Evacuate Collection Set: 6.84ms
[2026-04-03T03:16:04.131+0600][59.175s][info][gc,phases      ] GC(261)   Post Evacuate Collection Set: 0.50ms
[2026-04-03T03:16:04.131+0600][59.175s][info][gc,phases      ] GC(261)   Other: 0.25ms
[2026-04-03T03:16:04.131+0600][59.175s][info][gc,heap        ] GC(261) Eden regions: 15->0(188)
[2026-04-03T03:16:04.131+0600][59.175s][info][gc,heap        ] GC(261) Survivor regions: 12->15(28)
[2026-04-03T03:16:04.131+0600][59.175s][info][gc,heap        ] GC(261) Old regions: 223->223
[2026-04-03T03:16:04.131+0600][59.175s][info][gc,heap        ] GC(261) Humongous regions: 55->55
[2026-04-03T03:16:04.131+0600][59.175s][info][gc,metaspace   ] GC(261) Metaspace: 73306K(74176K)->73306K(74176K) NonClass: 64017K(64448K)->64017K(64448K) Class: 9289K(9728K)->9289K(9728K)
[2026-04-03T03:16:04.131+0600][59.175s][info][gc             ] GC(261) Pause Young (Concurrent Start) (G1 Humongous Allocation) 299M->287M(576M) 8.385ms
[2026-04-03T03:16:04.131+0600][59.175s][info][gc,cpu         ] GC(261) User=0.07s Sys=0.00s Real=0.01s
[2026-04-03T03:16:04.131+0600][59.175s][info][gc             ] GC(262) Concurrent Mark Cycle
[2026-04-03T03:16:04.131+0600][59.175s][info][gc,marking     ] GC(262) Concurrent Scan Root Regions
[2026-04-03T03:16:04.138+0600][59.182s][info][gc,marking     ] GC(262) Concurrent Scan Root Regions 7.291ms
[2026-04-03T03:16:04.138+0600][59.182s][info][gc,marking     ] GC(262) Concurrent Mark
[2026-04-03T03:16:04.138+0600][59.182s][info][gc,marking     ] GC(262) Concurrent Mark From Roots
[2026-04-03T03:16:04.138+0600][59.182s][info][gc,task        ] GC(262) Using 3 workers of 3 for marking
[2026-04-03T03:16:04.300+0600][59.344s][info][gc,marking     ] GC(262) Concurrent Mark From Roots 161.673ms
[2026-04-03T03:16:04.300+0600][59.344s][info][gc,marking     ] GC(262) Concurrent Preclean
[2026-04-03T03:16:04.300+0600][59.344s][info][gc,marking     ] GC(262) Concurrent Preclean 0.132ms
[2026-04-03T03:16:04.301+0600][59.345s][info][gc,start       ] GC(262) Pause Remark
[2026-04-03T03:16:04.306+0600][59.350s][info][gc             ] GC(262) Pause Remark 411M->343M(576M) 5.168ms
[2026-04-03T03:16:04.306+0600][59.350s][info][gc,cpu         ] GC(262) User=0.03s Sys=0.01s Real=0.00s
[2026-04-03T03:16:04.306+0600][59.350s][info][gc,marking     ] GC(262) Concurrent Mark 167.767ms
[2026-04-03T03:16:04.306+0600][59.350s][info][gc,marking     ] GC(262) Concurrent Rebuild Remembered Sets and Scrub Regions
[2026-04-03T03:16:04.414+0600][59.458s][info][gc,marking     ] GC(262) Concurrent Rebuild Remembered Sets and Scrub Regions 107.315ms
[2026-04-03T03:16:04.414+0600][59.458s][info][gc,start       ] GC(262) Pause Cleanup
[2026-04-03T03:16:04.414+0600][59.459s][info][gc             ] GC(262) Pause Cleanup 405M->405M(576M) 0.471ms
[2026-04-03T03:16:04.415+0600][59.459s][info][gc,cpu         ] GC(262) User=0.00s Sys=0.00s Real=0.00s
[2026-04-03T03:16:04.415+0600][59.459s][info][gc,marking     ] GC(262) Concurrent Clear Claimed Marks
[2026-04-03T03:16:04.415+0600][59.459s][info][gc,marking     ] GC(262) Concurrent Clear Claimed Marks 0.230ms
[2026-04-03T03:16:04.415+0600][59.459s][info][gc,marking     ] GC(262) Concurrent Cleanup for Next Mark
[2026-04-03T03:16:04.417+0600][59.461s][info][gc,marking     ] GC(262) Concurrent Cleanup for Next Mark 1.754ms
[2026-04-03T03:16:04.417+0600][59.461s][info][gc             ] GC(262) Concurrent Mark Cycle 285.876ms
[2026-04-03T03:16:04.441+0600][59.485s][info][gc,start       ] GC(263) Pause Young (Prepare Mixed) (G1 Evacuation Pause)
[2026-04-03T03:16:04.441+0600][59.486s][info][gc,task        ] GC(263) Using 10 workers of 10 for evacuation
[2026-04-03T03:16:04.471+0600][59.516s][info][gc,phases      ] GC(263)   Pre Evacuate Collection Set: 0.48ms
[2026-04-03T03:16:04.472+0600][59.516s][info][gc,phases      ] GC(263)   Merge Heap Roots: 1.08ms
[2026-04-03T03:16:04.472+0600][59.516s][info][gc,phases      ] GC(263)   Evacuate Collection Set: 27.35ms
[2026-04-03T03:16:04.472+0600][59.516s][info][gc,phases      ] GC(263)   Post Evacuate Collection Set: 0.98ms
[2026-04-03T03:16:04.472+0600][59.516s][info][gc,phases      ] GC(263)   Other: 0.13ms
[2026-04-03T03:16:04.472+0600][59.516s][info][gc,heap        ] GC(263) Eden regions: 188->0(212)
[2026-04-03T03:16:04.472+0600][59.516s][info][gc,heap        ] GC(263) Survivor regions: 15->26(26)
[2026-04-03T03:16:04.472+0600][59.516s][info][gc,heap        ] GC(263) Old regions: 193->204
[2026-04-03T03:16:04.472+0600][59.516s][info][gc,heap        ] GC(263) Humongous regions: 32->32
[2026-04-03T03:16:04.472+0600][59.516s][info][gc,metaspace   ] GC(263) Metaspace: 73313K(74176K)->73313K(74176K) NonClass: 64024K(64448K)->64024K(64448K) Class: 9289K(9728K)->9289K(9728K)
[2026-04-03T03:16:04.472+0600][59.516s][info][gc             ] GC(263) Pause Young (Prepare Mixed) (G1 Evacuation Pause) 422M->257M(576M) 30.303ms
[2026-04-03T03:16:04.472+0600][59.516s][info][gc,cpu         ] GC(263) User=0.27s Sys=0.01s Real=0.03s
[2026-04-03T03:16:04.685+0600][59.729s][info][gc,start       ] GC(264) Pause Young (Mixed) (G1 Evacuation Pause)
[2026-04-03T03:16:04.685+0600][59.729s][info][gc,task        ] GC(264) Using 10 workers of 10 for evacuation
[2026-04-03T03:16:04.718+0600][59.762s][info][gc,phases      ] GC(264)   Pre Evacuate Collection Set: 0.35ms
[2026-04-03T03:16:04.718+0600][59.762s][info][gc,phases      ] GC(264)   Merge Heap Roots: 0.56ms
[2026-04-03T03:16:04.718+0600][59.762s][info][gc,phases      ] GC(264)   Evacuate Collection Set: 31.18ms
[2026-04-03T03:16:04.718+0600][59.762s][info][gc,phases      ] GC(264)   Post Evacuate Collection Set: 0.94ms
[2026-04-03T03:16:04.718+0600][59.762s][info][gc,phases      ] GC(264)   Other: 0.13ms
[2026-04-03T03:16:04.718+0600][59.762s][info][gc,heap        ] GC(264) Eden regions: 212->0(218)
[2026-04-03T03:16:04.718+0600][59.762s][info][gc,heap        ] GC(264) Survivor regions: 26->12(30)
[2026-04-03T03:16:04.718+0600][59.762s][info][gc,heap        ] GC(264) Old regions: 204->215
[2026-04-03T03:16:04.718+0600][59.762s][info][gc,heap        ] GC(264) Humongous regions: 44->44
[2026-04-03T03:16:04.718+0600][59.762s][info][gc,metaspace   ] GC(264) Metaspace: 73318K(74176K)->73318K(74176K) NonClass: 64029K(64448K)->64029K(64448K) Class: 9289K(9728K)->9289K(9728K)
[2026-04-03T03:16:04.718+0600][59.762s][info][gc             ] GC(264) Pause Young (Mixed) (G1 Evacuation Pause) 481M->266M(576M) 33.472ms
[2026-04-03T03:16:04.718+0600][59.762s][info][gc,cpu         ] GC(264) User=0.32s Sys=0.00s Real=0.03s
[2026-04-03T03:16:04.794+0600][59.839s][info][gc,start       ] GC(265) Pause Young (Concurrent Start) (G1 Humongous Allocation)
[2026-04-03T03:16:04.795+0600][59.839s][info][gc,task        ] GC(265) Using 10 workers of 10 for evacuation
[2026-04-03T03:16:04.810+0600][59.854s][info][gc,phases      ] GC(265)   Pre Evacuate Collection Set: 0.36ms
[2026-04-03T03:16:04.810+0600][59.854s][info][gc,phases      ] GC(265)   Merge Heap Roots: 0.19ms
[2026-04-03T03:16:04.810+0600][59.854s][info][gc,phases      ] GC(265)   Evacuate Collection Set: 13.00ms
[2026-04-03T03:16:04.810+0600][59.854s][info][gc,phases      ] GC(265)   Post Evacuate Collection Set: 1.28ms
[2026-04-03T03:16:04.810+0600][59.854s][info][gc,phases      ] GC(265)   Other: 0.22ms
[2026-04-03T03:16:04.810+0600][59.854s][info][gc,heap        ] GC(265) Eden regions: 93->0(276)
[2026-04-03T03:16:04.810+0600][59.854s][info][gc,heap        ] GC(265) Survivor regions: 12->16(29)
[2026-04-03T03:16:04.810+0600][59.854s][info][gc,heap        ] GC(265) Old regions: 215->215
[2026-04-03T03:16:04.810+0600][59.854s][info][gc,heap        ] GC(265) Humongous regions: 44->44
[2026-04-03T03:16:04.810+0600][59.854s][info][gc,metaspace   ] GC(265) Metaspace: 73318K(74176K)->73318K(74176K) NonClass: 64029K(64448K)->64029K(64448K) Class: 9289K(9728K)->9289K(9728K)
[2026-04-03T03:16:04.810+0600][59.854s][info][gc             ] GC(265) Pause Young (Concurrent Start) (G1 Humongous Allocation) 359M->270M(645M) 15.391ms
[2026-04-03T03:16:04.810+0600][59.854s][info][gc             ] GC(266) Concurrent Mark Cycle
[2026-04-03T03:16:04.810+0600][59.854s][info][gc,cpu         ] GC(265) User=0.13s Sys=0.01s Real=0.02s
[2026-04-03T03:16:04.810+0600][59.854s][info][gc,marking     ] GC(266) Concurrent Scan Root Regions
[2026-04-03T03:16:04.817+0600][59.861s][info][gc,marking     ] GC(266) Concurrent Scan Root Regions 7.085ms
[2026-04-03T03:16:04.817+0600][59.861s][info][gc,marking     ] GC(266) Concurrent Mark
[2026-04-03T03:16:04.817+0600][59.861s][info][gc,marking     ] GC(266) Concurrent Mark From Roots
[2026-04-03T03:16:04.817+0600][59.861s][info][gc,task        ] GC(266) Using 3 workers of 3 for marking
[2026-04-03T03:16:05.053+0600][60.097s][info][gc,marking     ] GC(266) Concurrent Mark From Roots 235.473ms
[2026-04-03T03:16:05.053+0600][60.097s][info][gc,marking     ] GC(266) Concurrent Preclean
[2026-04-03T03:16:05.053+0600][60.097s][info][gc,marking     ] GC(266) Concurrent Preclean 0.233ms
[2026-04-03T03:16:05.053+0600][60.097s][info][gc,start       ] GC(266) Pause Remark
[2026-04-03T03:16:05.059+0600][60.103s][info][gc             ] GC(266) Pause Remark 439M->422M(645M) 5.437ms
[2026-04-03T03:16:05.059+0600][60.103s][info][gc,cpu         ] GC(266) User=0.03s Sys=0.00s Real=0.00s
[2026-04-03T03:16:05.059+0600][60.103s][info][gc,marking     ] GC(266) Concurrent Mark 241.977ms
[2026-04-03T03:16:05.059+0600][60.103s][info][gc,marking     ] GC(266) Concurrent Rebuild Remembered Sets and Scrub Regions
[2026-04-03T03:16:05.197+0600][60.241s][info][gc,start       ] GC(267) Pause Young (Normal) (G1 Evacuation Pause)
[2026-04-03T03:16:05.197+0600][60.242s][info][gc,task        ] GC(267) Using 10 workers of 10 for evacuation
[2026-04-03T03:16:05.220+0600][60.265s][info][gc,phases      ] GC(267)   Pre Evacuate Collection Set: 0.59ms
[2026-04-03T03:16:05.221+0600][60.265s][info][gc,phases      ] GC(267)   Merge Heap Roots: 1.12ms
[2026-04-03T03:16:05.221+0600][60.265s][info][gc,phases      ] GC(267)   Evacuate Collection Set: 19.83ms
[2026-04-03T03:16:05.221+0600][60.265s][info][gc,phases      ] GC(267)   Post Evacuate Collection Set: 1.27ms
[2026-04-03T03:16:05.221+0600][60.265s][info][gc,phases      ] GC(267)   Other: 0.22ms
[2026-04-03T03:16:05.221+0600][60.265s][info][gc,heap        ] GC(267) Eden regions: 276->0(290)
[2026-04-03T03:16:05.221+0600][60.265s][info][gc,heap        ] GC(267) Survivor regions: 16->24(37)
[2026-04-03T03:16:05.221+0600][60.265s][info][gc,heap        ] GC(267) Old regions: 215->215
[2026-04-03T03:16:05.221+0600][60.265s][info][gc,heap        ] GC(267) Humongous regions: 32->32
[2026-04-03T03:16:05.221+0600][60.265s][info][gc,metaspace   ] GC(267) Metaspace: 73318K(74176K)->73318K(74176K) NonClass: 64029K(64448K)->64029K(64448K) Class: 9289K(9728K)->9289K(9728K)
[2026-04-03T03:16:05.221+0600][60.265s][info][gc             ] GC(267) Pause Young (Normal) (G1 Evacuation Pause) 534M->266M(645M) 23.639ms
[2026-04-03T03:16:05.221+0600][60.265s][info][gc,cpu         ] GC(267) User=0.21s Sys=0.00s Real=0.03s
[2026-04-03T03:16:05.224+0600][60.268s][info][gc,marking     ] GC(266) Concurrent Rebuild Remembered Sets and Scrub Regions 165.264ms
[2026-04-03T03:16:05.225+0600][60.269s][info][gc,start       ] GC(266) Pause Cleanup
[2026-04-03T03:16:05.225+0600][60.269s][info][gc             ] GC(266) Pause Cleanup 269M->269M(645M) 0.417ms
[2026-04-03T03:16:05.225+0600][60.269s][info][gc,cpu         ] GC(266) User=0.00s Sys=0.00s Real=0.00s
[2026-04-03T03:16:05.225+0600][60.269s][info][gc,marking     ] GC(266) Concurrent Clear Claimed Marks
[2026-04-03T03:16:05.226+0600][60.270s][info][gc,marking     ] GC(266) Concurrent Clear Claimed Marks 0.206ms
[2026-04-03T03:16:05.226+0600][60.270s][info][gc,marking     ] GC(266) Concurrent Cleanup for Next Mark
[2026-04-03T03:16:05.227+0600][60.271s][info][gc,marking     ] GC(266) Concurrent Cleanup for Next Mark 1.107ms
[2026-04-03T03:16:05.227+0600][60.271s][info][gc             ] GC(266) Concurrent Mark Cycle 416.926ms
[2026-04-03T03:16:05.472+0600][60.516s][info][gc,start       ] GC(268) Pause Young (Prepare Mixed) (G1 Evacuation Pause)
[2026-04-03T03:16:05.472+0600][60.516s][info][gc,task        ] GC(268) Using 10 workers of 10 for evacuation
[2026-04-03T03:16:05.498+0600][60.542s][info][gc,phases      ] GC(268)   Pre Evacuate Collection Set: 0.54ms
[2026-04-03T03:16:05.498+0600][60.542s][info][gc,phases      ] GC(268)   Merge Heap Roots: 0.34ms
[2026-04-03T03:16:05.498+0600][60.542s][info][gc,phases      ] GC(268)   Evacuate Collection Set: 23.13ms
[2026-04-03T03:16:05.498+0600][60.542s][info][gc,phases      ] GC(268)   Post Evacuate Collection Set: 1.28ms
[2026-04-03T03:16:05.498+0600][60.542s][info][gc,phases      ] GC(268)   Other: 0.14ms
[2026-04-03T03:16:05.498+0600][60.542s][info][gc,heap        ] GC(268) Eden regions: 290->0(293)
[2026-04-03T03:16:05.498+0600][60.542s][info][gc,heap        ] GC(268) Survivor regions: 24->26(40)
[2026-04-03T03:16:05.498+0600][60.542s][info][gc,heap        ] GC(268) Old regions: 215->222
[2026-04-03T03:16:05.498+0600][60.542s][info][gc,heap        ] GC(268) Humongous regions: 32->32
[2026-04-03T03:16:05.498+0600][60.542s][info][gc,metaspace   ] GC(268) Metaspace: 73319K(74176K)->73319K(74176K) NonClass: 64030K(64448K)->64030K(64448K) Class: 9289K(9728K)->9289K(9728K)
[2026-04-03T03:16:05.498+0600][60.542s][info][gc             ] GC(268) Pause Young (Prepare Mixed) (G1 Evacuation Pause) 556M->276M(645M) 26.008ms
[2026-04-03T03:16:05.498+0600][60.542s][info][gc,cpu         ] GC(268) User=0.23s Sys=0.00s Real=0.02s
[2026-04-03T03:16:05.784+0600][60.828s][info][gc,start       ] GC(269) Pause Young (Mixed) (G1 Evacuation Pause)
[2026-04-03T03:16:05.784+0600][60.828s][info][gc,task        ] GC(269) Using 10 workers of 10 for evacuation
[2026-04-03T03:16:05.813+0600][60.857s][info][gc,phases      ] GC(269)   Pre Evacuate Collection Set: 0.49ms
[2026-04-03T03:16:05.813+0600][60.857s][info][gc,phases      ] GC(269)   Merge Heap Roots: 0.64ms
[2026-04-03T03:16:05.813+0600][60.857s][info][gc,phases      ] GC(269)   Evacuate Collection Set: 26.93ms
[2026-04-03T03:16:05.813+0600][60.857s][info][gc,phases      ] GC(269)   Post Evacuate Collection Set: 1.01ms
[2026-04-03T03:16:05.813+0600][60.857s][info][gc,phases      ] GC(269)   Other: 0.13ms
[2026-04-03T03:16:05.813+0600][60.857s][info][gc,heap        ] GC(269) Eden regions: 293->0(294)
[2026-04-03T03:16:05.813+0600][60.857s][info][gc,heap        ] GC(269) Survivor regions: 26->23(40)
[2026-04-03T03:16:05.813+0600][60.857s][info][gc,heap        ] GC(269) Old regions: 222->228
[2026-04-03T03:16:05.813+0600][60.857s][info][gc,heap        ] GC(269) Humongous regions: 37->37
[2026-04-03T03:16:05.813+0600][60.857s][info][gc,metaspace   ] GC(269) Metaspace: 73319K(74176K)->73319K(74176K) NonClass: 64030K(64448K)->64030K(64448K) Class: 9289K(9728K)->9289K(9728K)
[2026-04-03T03:16:05.813+0600][60.857s][info][gc             ] GC(269) Pause Young (Mixed) (G1 Evacuation Pause) 574M->284M(645M) 29.482ms
[2026-04-03T03:16:05.813+0600][60.857s][info][gc,cpu         ] GC(269) User=0.28s Sys=0.00s Real=0.03s
[2026-04-03T03:16:06.078+0600][61.122s][info][gc,start       ] GC(270) Pause Young (Concurrent Start) (G1 Evacuation Pause)
[2026-04-03T03:16:06.078+0600][61.122s][info][gc,task        ] GC(270) Using 10 workers of 10 for evacuation
[2026-04-03T03:16:06.104+0600][61.148s][info][gc,phases      ] GC(270)   Pre Evacuate Collection Set: 0.38ms
[2026-04-03T03:16:06.104+0600][61.148s][info][gc,phases      ] GC(270)   Merge Heap Roots: 0.26ms
[2026-04-03T03:16:06.104+0600][61.148s][info][gc,phases      ] GC(270)   Evacuate Collection Set: 23.91ms
[2026-04-03T03:16:06.104+0600][61.148s][info][gc,phases      ] GC(270)   Post Evacuate Collection Set: 1.09ms
[2026-04-03T03:16:06.104+0600][61.148s][info][gc,phases      ] GC(270)   Other: 0.24ms
[2026-04-03T03:16:06.104+0600][61.148s][info][gc,heap        ] GC(270) Eden regions: 294->0(291)
[2026-04-03T03:16:06.104+0600][61.148s][info][gc,heap        ] GC(270) Survivor regions: 23->24(40)
[2026-04-03T03:16:06.104+0600][61.148s][info][gc,heap        ] GC(270) Old regions: 228->238
[2026-04-03T03:16:06.104+0600][61.148s][info][gc,heap        ] GC(270) Humongous regions: 37->37
[2026-04-03T03:16:06.104+0600][61.148s][info][gc,metaspace   ] GC(270) Metaspace: 73319K(74176K)->73319K(74176K) NonClass: 64030K(64448K)->64030K(64448K) Class: 9289K(9728K)->9289K(9728K)
[2026-04-03T03:16:06.104+0600][61.148s][info][gc             ] GC(270) Pause Young (Concurrent Start) (G1 Evacuation Pause) 578M->295M(645M) 26.426ms
[2026-04-03T03:16:06.104+0600][61.148s][info][gc,cpu         ] GC(270) User=0.23s Sys=0.01s Real=0.03s
[2026-04-03T03:16:06.104+0600][61.148s][info][gc             ] GC(271) Concurrent Mark Cycle
[2026-04-03T03:16:06.104+0600][61.148s][info][gc,marking     ] GC(271) Concurrent Scan Root Regions
[2026-04-03T03:16:06.117+0600][61.161s][info][gc,marking     ] GC(271) Concurrent Scan Root Regions 12.980ms
[2026-04-03T03:16:06.117+0600][61.162s][info][gc,marking     ] GC(271) Concurrent Mark
[2026-04-03T03:16:06.117+0600][61.162s][info][gc,marking     ] GC(271) Concurrent Mark From Roots
[2026-04-03T03:16:06.117+0600][61.162s][info][gc,task        ] GC(271) Using 3 workers of 3 for marking
[2026-04-03T03:16:06.383+0600][61.427s][info][gc,marking     ] GC(271) Concurrent Mark From Roots 265.565ms
[2026-04-03T03:16:06.383+0600][61.427s][info][gc,marking     ] GC(271) Concurrent Preclean
[2026-04-03T03:16:06.383+0600][61.427s][info][gc,marking     ] GC(271) Concurrent Preclean 0.228ms
[2026-04-03T03:16:06.384+0600][61.428s][info][gc,start       ] GC(271) Pause Remark
[2026-04-03T03:16:06.389+0600][61.433s][info][gc             ] GC(271) Pause Remark 461M->455M(645M) 4.949ms
[2026-04-03T03:16:06.389+0600][61.433s][info][gc,cpu         ] GC(271) User=0.03s Sys=0.00s Real=0.00s
[2026-04-03T03:16:06.389+0600][61.433s][info][gc,marking     ] GC(271) Concurrent Mark 271.694ms
[2026-04-03T03:16:06.389+0600][61.433s][info][gc,marking     ] GC(271) Concurrent Rebuild Remembered Sets and Scrub Regions
[2026-04-03T03:16:06.546+0600][61.590s][info][gc,start       ] GC(272) Pause Young (Normal) (G1 Evacuation Pause)
[2026-04-03T03:16:06.546+0600][61.590s][info][gc,task        ] GC(272) Using 10 workers of 10 for evacuation
[2026-04-03T03:16:06.582+0600][61.627s][info][gc,phases      ] GC(272)   Pre Evacuate Collection Set: 0.65ms
[2026-04-03T03:16:06.582+0600][61.627s][info][gc,phases      ] GC(272)   Merge Heap Roots: 1.61ms
[2026-04-03T03:16:06.582+0600][61.627s][info][gc,phases      ] GC(272)   Evacuate Collection Set: 32.91ms
[2026-04-03T03:16:06.583+0600][61.627s][info][gc,phases      ] GC(272)   Post Evacuate Collection Set: 1.37ms
[2026-04-03T03:16:06.583+0600][61.627s][info][gc,phases      ] GC(272)   Other: 0.16ms
[2026-04-03T03:16:06.583+0600][61.627s][info][gc,heap        ] GC(272) Eden regions: 291->0(279)
[2026-04-03T03:16:06.583+0600][61.627s][info][gc,heap        ] GC(272) Survivor regions: 24->22(40)
[2026-04-03T03:16:06.583+0600][61.627s][info][gc,heap        ] GC(272) Old regions: 238->249
[2026-04-03T03:16:06.583+0600][61.627s][info][gc,heap        ] GC(272) Humongous regions: 49->49
[2026-04-03T03:16:06.583+0600][61.627s][info][gc,metaspace   ] GC(272) Metaspace: 73319K(74176K)->73319K(74176K) NonClass: 64030K(64448K)->64030K(64448K) Class: 9289K(9728K)->9289K(9728K)
[2026-04-03T03:16:06.583+0600][61.627s][info][gc             ] GC(272) Pause Young (Normal) (G1 Evacuation Pause) 598M->315M(645M) 37.041ms
[2026-04-03T03:16:06.583+0600][61.627s][info][gc,cpu         ] GC(272) User=0.35s Sys=0.00s Real=0.04s
[2026-04-03T03:16:06.627+0600][61.671s][info][gc,marking     ] GC(271) Concurrent Rebuild Remembered Sets and Scrub Regions 237.989ms
[2026-04-03T03:16:06.628+0600][61.672s][info][gc,start       ] GC(271) Pause Cleanup
[2026-04-03T03:16:06.628+0600][61.672s][info][gc             ] GC(271) Pause Cleanup 355M->355M(645M) 0.613ms
[2026-04-03T03:16:06.628+0600][61.672s][info][gc,cpu         ] GC(271) User=0.00s Sys=0.00s Real=0.00s
[2026-04-03T03:16:06.629+0600][61.673s][info][gc,marking     ] GC(271) Concurrent Clear Claimed Marks
[2026-04-03T03:16:06.629+0600][61.673s][info][gc,marking     ] GC(271) Concurrent Clear Claimed Marks 0.282ms
[2026-04-03T03:16:06.629+0600][61.673s][info][gc,marking     ] GC(271) Concurrent Cleanup for Next Mark
[2026-04-03T03:16:06.630+0600][61.674s][info][gc,marking     ] GC(271) Concurrent Cleanup for Next Mark 1.005ms
[2026-04-03T03:16:06.630+0600][61.674s][info][gc             ] GC(271) Concurrent Mark Cycle 525.641ms
[2026-04-03T03:16:06.895+0600][61.939s][info][gc,start       ] GC(273) Pause Young (Prepare Mixed) (G1 Evacuation Pause)
[2026-04-03T03:16:06.895+0600][61.939s][info][gc,task        ] GC(273) Using 10 workers of 10 for evacuation
[2026-04-03T03:16:06.929+0600][61.973s][info][gc,phases      ] GC(273)   Pre Evacuate Collection Set: 0.36ms
[2026-04-03T03:16:06.929+0600][61.973s][info][gc,phases      ] GC(273)   Merge Heap Roots: 0.83ms
[2026-04-03T03:16:06.929+0600][61.973s][info][gc,phases      ] GC(273)   Evacuate Collection Set: 31.27ms
[2026-04-03T03:16:06.929+0600][61.973s][info][gc,phases      ] GC(273)   Post Evacuate Collection Set: 1.30ms
[2026-04-03T03:16:06.929+0600][61.973s][info][gc,phases      ] GC(273)   Other: 0.12ms
[2026-04-03T03:16:06.929+0600][61.973s][info][gc,heap        ] GC(273) Eden regions: 279->0(275)
[2026-04-03T03:16:06.929+0600][61.973s][info][gc,heap        ] GC(273) Survivor regions: 22->20(38)
[2026-04-03T03:16:06.929+0600][61.973s][info][gc,heap        ] GC(273) Old regions: 249->260
[2026-04-03T03:16:06.929+0600][61.973s][info][gc,heap        ] GC(273) Humongous regions: 49->49
[2026-04-03T03:16:06.929+0600][61.973s][info][gc,metaspace   ] GC(273) Metaspace: 73319K(74176K)->73319K(74176K) NonClass: 64030K(64448K)->64030K(64448K) Class: 9289K(9728K)->9289K(9728K)
[2026-04-03T03:16:06.929+0600][61.973s][info][gc             ] GC(273) Pause Young (Prepare Mixed) (G1 Evacuation Pause) 594M->325M(645M) 34.250ms
[2026-04-03T03:16:06.929+0600][61.973s][info][gc,cpu         ] GC(273) User=0.33s Sys=0.00s Real=0.03s
[2026-04-03T03:16:08.051+0600][63.095s][info][gc,start       ] GC(274) Pause Young (Mixed) (G1 Evacuation Pause)
[2026-04-03T03:16:08.051+0600][63.095s][info][gc,task        ] GC(274) Using 10 workers of 10 for evacuation
[2026-04-03T03:16:08.116+0600][63.160s][info][gc,phases      ] GC(274)   Pre Evacuate Collection Set: 0.57ms
[2026-04-03T03:16:08.116+0600][63.160s][info][gc,phases      ] GC(274)   Merge Heap Roots: 1.76ms
[2026-04-03T03:16:08.116+0600][63.160s][info][gc,phases      ] GC(274)   Evacuate Collection Set: 61.50ms
[2026-04-03T03:16:08.116+0600][63.160s][info][gc,phases      ] GC(274)   Post Evacuate Collection Set: 1.03ms
[2026-04-03T03:16:08.116+0600][63.160s][info][gc,phases      ] GC(274)   Other: 0.10ms
[2026-04-03T03:16:08.116+0600][63.160s][info][gc,heap        ] GC(274) Eden regions: 263->0(253)
[2026-04-03T03:16:08.116+0600][63.160s][info][gc,heap        ] GC(274) Survivor regions: 20->37(37)
[2026-04-03T03:16:08.116+0600][63.160s][info][gc,heap        ] GC(274) Old regions: 260->257
[2026-04-03T03:16:08.116+0600][63.160s][info][gc,heap        ] GC(274) Humongous regions: 102->91
[2026-04-03T03:16:08.116+0600][63.160s][info][gc,metaspace   ] GC(274) Metaspace: 73347K(74240K)->73347K(74240K) NonClass: 64058K(64512K)->64058K(64512K) Class: 9289K(9728K)->9289K(9728K)
[2026-04-03T03:16:08.116+0600][63.160s][info][gc             ] GC(274) Pause Young (Mixed) (G1 Evacuation Pause) 641M->380M(686M) 65.372ms
[2026-04-03T03:16:08.116+0600][63.160s][info][gc,cpu         ] GC(274) User=0.59s Sys=0.04s Real=0.06s
[2026-04-03T03:16:08.207+0600][63.251s][info][gc,start       ] GC(275) Pause Young (Concurrent Start) (G1 Humongous Allocation)
[2026-04-03T03:16:08.207+0600][63.251s][info][gc,task        ] GC(275) Using 10 workers of 10 for evacuation
[2026-04-03T03:16:08.263+0600][63.307s][info][gc,phases      ] GC(275)   Pre Evacuate Collection Set: 0.52ms
[2026-04-03T03:16:08.263+0600][63.307s][info][gc,phases      ] GC(275)   Merge Heap Roots: 0.62ms
[2026-04-03T03:16:08.263+0600][63.307s][info][gc,phases      ] GC(275)   Evacuate Collection Set: 54.03ms
[2026-04-03T03:16:08.263+0600][63.307s][info][gc,phases      ] GC(275)   Post Evacuate Collection Set: 1.10ms
[2026-04-03T03:16:08.263+0600][63.307s][info][gc,phases      ] GC(275)   Other: 0.28ms
[2026-04-03T03:16:08.263+0600][63.307s][info][gc,heap        ] GC(275) Eden regions: 32->0(188)
[2026-04-03T03:16:08.263+0600][63.307s][info][gc,heap        ] GC(275) Survivor regions: 37->14(37)
[2026-04-03T03:16:08.263+0600][63.307s][info][gc,heap        ] GC(275) Old regions: 257->293
[2026-04-03T03:16:08.263+0600][63.307s][info][gc,heap        ] GC(275) Humongous regions: 91->91
[2026-04-03T03:16:08.263+0600][63.307s][info][gc,metaspace   ] GC(275) Metaspace: 73347K(74240K)->73347K(74240K) NonClass: 64058K(64512K)->64058K(64512K) Class: 9289K(9728K)->9289K(9728K)
[2026-04-03T03:16:08.263+0600][63.307s][info][gc             ] GC(275) Pause Young (Concurrent Start) (G1 Humongous Allocation) 412M->393M(686M) 56.869ms
[2026-04-03T03:16:08.263+0600][63.308s][info][gc,cpu         ] GC(275) User=0.55s Sys=0.00s Real=0.06s
[2026-04-03T03:16:08.264+0600][63.308s][info][gc             ] GC(276) Concurrent Mark Cycle
[2026-04-03T03:16:08.264+0600][63.308s][info][gc,marking     ] GC(276) Concurrent Scan Root Regions
[2026-04-03T03:16:08.278+0600][63.322s][info][gc,marking     ] GC(276) Concurrent Scan Root Regions 14.720ms
[2026-04-03T03:16:08.279+0600][63.323s][info][gc,marking     ] GC(276) Concurrent Mark
[2026-04-03T03:16:08.279+0600][63.323s][info][gc,marking     ] GC(276) Concurrent Mark From Roots
[2026-04-03T03:16:08.279+0600][63.323s][info][gc,task        ] GC(276) Using 3 workers of 3 for marking
[2026-04-03T03:16:08.451+0600][63.495s][info][gc,marking     ] GC(276) Concurrent Mark From Roots 172.537ms
[2026-04-03T03:16:08.451+0600][63.495s][info][gc,marking     ] GC(276) Concurrent Preclean
[2026-04-03T03:16:08.451+0600][63.495s][info][gc,marking     ] GC(276) Concurrent Preclean 0.151ms
[2026-04-03T03:16:08.452+0600][63.496s][info][gc,start       ] GC(276) Pause Remark
[2026-04-03T03:16:08.478+0600][63.522s][info][gc             ] GC(276) Pause Remark 449M->288M(686M) 26.513ms
[2026-04-03T03:16:08.478+0600][63.522s][info][gc,cpu         ] GC(276) User=0.04s Sys=0.00s Real=0.02s
[2026-04-03T03:16:08.478+0600][63.523s][info][gc,marking     ] GC(276) Concurrent Mark 199.952ms
[2026-04-03T03:16:08.479+0600][63.523s][info][gc,marking     ] GC(276) Concurrent Rebuild Remembered Sets and Scrub Regions
[2026-04-03T03:16:08.629+0600][63.673s][info][gc,marking     ] GC(276) Concurrent Rebuild Remembered Sets and Scrub Regions 149.976ms
[2026-04-03T03:16:08.629+0600][63.673s][info][gc,start       ] GC(276) Pause Cleanup
[2026-04-03T03:16:08.630+0600][63.674s][info][gc             ] GC(276) Pause Cleanup 418M->418M(686M) 0.459ms
[2026-04-03T03:16:08.630+0600][63.674s][info][gc,cpu         ] GC(276) User=0.00s Sys=0.00s Real=0.01s
[2026-04-03T03:16:08.630+0600][63.674s][info][gc,marking     ] GC(276) Concurrent Clear Claimed Marks
[2026-04-03T03:16:08.630+0600][63.674s][info][gc,marking     ] GC(276) Concurrent Clear Claimed Marks 0.229ms
[2026-04-03T03:16:08.630+0600][63.674s][info][gc,marking     ] GC(276) Concurrent Cleanup for Next Mark
[2026-04-03T03:16:08.631+0600][63.675s][info][gc,marking     ] GC(276) Concurrent Cleanup for Next Mark 1.157ms
[2026-04-03T03:16:08.631+0600][63.675s][info][gc             ] GC(276) Concurrent Mark Cycle 367.860ms
[2026-04-03T03:16:08.745+0600][63.789s][info][gc,start       ] GC(277) Pause Young (Prepare Mixed) (G1 Evacuation Pause)
[2026-04-03T03:16:08.745+0600][63.789s][info][gc,task        ] GC(277) Using 10 workers of 10 for evacuation
[2026-04-03T03:16:08.787+0600][63.831s][info][gc,phases      ] GC(277)   Pre Evacuate Collection Set: 0.38ms
[2026-04-03T03:16:08.787+0600][63.831s][info][gc,phases      ] GC(277)   Merge Heap Roots: 1.51ms
[2026-04-03T03:16:08.787+0600][63.831s][info][gc,phases      ] GC(277)   Evacuate Collection Set: 38.46ms
[2026-04-03T03:16:08.787+0600][63.831s][info][gc,phases      ] GC(277)   Post Evacuate Collection Set: 1.24ms
[2026-04-03T03:16:08.787+0600][63.831s][info][gc,phases      ] GC(277)   Other: 0.10ms
[2026-04-03T03:16:08.787+0600][63.831s][info][gc,heap        ] GC(277) Eden regions: 188->0(235)
[2026-04-03T03:16:08.787+0600][63.831s][info][gc,heap        ] GC(277) Survivor regions: 14->26(26)
[2026-04-03T03:16:08.787+0600][63.831s][info][gc,heap        ] GC(277) Old regions: 203->235
[2026-04-03T03:16:08.787+0600][63.831s][info][gc,heap        ] GC(277) Humongous regions: 53->53
[2026-04-03T03:16:08.787+0600][63.831s][info][gc,metaspace   ] GC(277) Metaspace: 73348K(74240K)->73348K(74240K) NonClass: 64059K(64512K)->64059K(64512K) Class: 9289K(9728K)->9289K(9728K)
[2026-04-03T03:16:08.787+0600][63.831s][info][gc             ] GC(277) Pause Young (Prepare Mixed) (G1 Evacuation Pause) 453M->310M(686M) 42.061ms
[2026-04-03T03:16:08.787+0600][63.831s][info][gc,cpu         ] GC(277) User=0.40s Sys=0.00s Real=0.04s
[2026-04-03T03:16:09.025+0600][64.069s][info][gc,start       ] GC(278) Pause Young (Mixed) (G1 Evacuation Pause)
[2026-04-03T03:16:09.025+0600][64.069s][info][gc,task        ] GC(278) Using 10 workers of 10 for evacuation
[2026-04-03T03:16:09.067+0600][64.111s][info][gc,phases      ] GC(278)   Pre Evacuate Collection Set: 0.31ms
[2026-04-03T03:16:09.067+0600][64.112s][info][gc,phases      ] GC(278)   Merge Heap Roots: 0.62ms
[2026-04-03T03:16:09.067+0600][64.112s][info][gc,phases      ] GC(278)   Evacuate Collection Set: 40.09ms
[2026-04-03T03:16:09.067+0600][64.112s][info][gc,phases      ] GC(278)   Post Evacuate Collection Set: 1.26ms
[2026-04-03T03:16:09.067+0600][64.112s][info][gc,phases      ] GC(278)   Other: 0.11ms
[2026-04-03T03:16:09.068+0600][64.112s][info][gc,heap        ] GC(278) Eden regions: 235->0(218)
[2026-04-03T03:16:09.068+0600][64.112s][info][gc,heap        ] GC(278) Survivor regions: 26->33(33)
[2026-04-03T03:16:09.068+0600][64.112s][info][gc,heap        ] GC(278) Old regions: 235->259
[2026-04-03T03:16:09.068+0600][64.112s][info][gc,heap        ] GC(278) Humongous regions: 69->69
[2026-04-03T03:16:09.068+0600][64.112s][info][gc,metaspace   ] GC(278) Metaspace: 73348K(74240K)->73348K(74240K) NonClass: 64059K(64512K)->64059K(64512K) Class: 9289K(9728K)->9289K(9728K)
[2026-04-03T03:16:09.068+0600][64.112s][info][gc             ] GC(278) Pause Young (Mixed) (G1 Evacuation Pause) 561M->357M(697M) 42.659ms
[2026-04-03T03:16:09.068+0600][64.112s][info][gc,cpu         ] GC(278) User=0.41s Sys=0.00s Real=0.04s
[2026-04-03T03:16:09.078+0600][64.122s][info][gc,start       ] GC(279) Pause Young (Concurrent Start) (G1 Humongous Allocation)
[2026-04-03T03:16:09.078+0600][64.122s][info][gc,task        ] GC(279) Using 10 workers of 10 for evacuation
[2026-04-03T03:16:09.101+0600][64.145s][info][gc,phases      ] GC(279)   Pre Evacuate Collection Set: 0.37ms
[2026-04-03T03:16:09.101+0600][64.145s][info][gc,phases      ] GC(279)   Merge Heap Roots: 0.31ms
[2026-04-03T03:16:09.101+0600][64.145s][info][gc,phases      ] GC(279)   Evacuate Collection Set: 21.30ms
[2026-04-03T03:16:09.101+0600][64.145s][info][gc,phases      ] GC(279)   Post Evacuate Collection Set: 0.64ms
[2026-04-03T03:16:09.101+0600][64.145s][info][gc,phases      ] GC(279)   Other: 0.09ms
[2026-04-03T03:16:09.101+0600][64.145s][info][gc,heap        ] GC(279) Eden regions: 9->0(227)
[2026-04-03T03:16:09.101+0600][64.145s][info][gc,heap        ] GC(279) Survivor regions: 33->5(32)
[2026-04-03T03:16:09.101+0600][64.145s][info][gc,heap        ] GC(279) Old regions: 259->293
[2026-04-03T03:16:09.101+0600][64.145s][info][gc,heap        ] GC(279) Humongous regions: 69->69
[2026-04-03T03:16:09.101+0600][64.145s][info][gc,metaspace   ] GC(279) Metaspace: 73348K(74240K)->73348K(74240K) NonClass: 64059K(64512K)->64059K(64512K) Class: 9289K(9728K)->9289K(9728K)
[2026-04-03T03:16:09.101+0600][64.145s][info][gc             ] GC(279) Pause Young (Concurrent Start) (G1 Humongous Allocation) 366M->363M(697M) 23.066ms
[2026-04-03T03:16:09.101+0600][64.145s][info][gc             ] GC(280) Concurrent Mark Cycle
[2026-04-03T03:16:09.101+0600][64.145s][info][gc,cpu         ] GC(279) User=0.22s Sys=0.01s Real=0.03s
[2026-04-03T03:16:09.101+0600][64.146s][info][gc,marking     ] GC(280) Concurrent Scan Root Regions
[2026-04-03T03:16:09.125+0600][64.169s][info][gc,marking     ] GC(280) Concurrent Scan Root Regions 23.739ms
[2026-04-03T03:16:09.125+0600][64.169s][info][gc,marking     ] GC(280) Concurrent Mark
[2026-04-03T03:16:09.125+0600][64.169s][info][gc,marking     ] GC(280) Concurrent Mark From Roots
[2026-04-03T03:16:09.125+0600][64.169s][info][gc,task        ] GC(280) Using 3 workers of 3 for marking
[2026-04-03T03:16:09.328+0600][64.372s][info][gc,marking     ] GC(280) Concurrent Mark From Roots 202.318ms
[2026-04-03T03:16:09.328+0600][64.372s][info][gc,marking     ] GC(280) Concurrent Preclean
[2026-04-03T03:16:09.328+0600][64.372s][info][gc,marking     ] GC(280) Concurrent Preclean 0.176ms
[2026-04-03T03:16:09.328+0600][64.372s][info][gc,start       ] GC(280) Pause Remark
[2026-04-03T03:16:09.333+0600][64.377s][info][gc             ] GC(280) Pause Remark 483M->414M(697M) 4.783ms
[2026-04-03T03:16:09.333+0600][64.377s][info][gc,cpu         ] GC(280) User=0.03s Sys=0.00s Real=0.01s
[2026-04-03T03:16:09.334+0600][64.378s][info][gc,marking     ] GC(280) Concurrent Mark 208.207ms
[2026-04-03T03:16:09.334+0600][64.378s][info][gc,marking     ] GC(280) Concurrent Rebuild Remembered Sets and Scrub Regions
[2026-04-03T03:16:09.430+0600][64.474s][info][gc,marking     ] GC(280) Concurrent Rebuild Remembered Sets and Scrub Regions 96.081ms
[2026-04-03T03:16:09.430+0600][64.474s][info][gc,start       ] GC(280) Pause Cleanup
[2026-04-03T03:16:09.431+0600][64.475s][info][gc             ] GC(280) Pause Cleanup 434M->434M(697M) 0.474ms
[2026-04-03T03:16:09.431+0600][64.475s][info][gc,cpu         ] GC(280) User=0.00s Sys=0.00s Real=0.00s
[2026-04-03T03:16:09.431+0600][64.475s][info][gc,marking     ] GC(280) Concurrent Clear Claimed Marks
[2026-04-03T03:16:09.431+0600][64.475s][info][gc,marking     ] GC(280) Concurrent Clear Claimed Marks 0.190ms
[2026-04-03T03:16:09.431+0600][64.475s][info][gc,marking     ] GC(280) Concurrent Cleanup for Next Mark
[2026-04-03T03:16:09.432+0600][64.476s][info][gc,marking     ] GC(280) Concurrent Cleanup for Next Mark 0.875ms
[2026-04-03T03:16:09.432+0600][64.476s][info][gc             ] GC(280) Concurrent Mark Cycle 330.691ms
[2026-04-03T03:16:09.797+0600][64.842s][info][gc,start       ] GC(281) Pause Young (Prepare Mixed) (G1 Evacuation Pause)
[2026-04-03T03:16:09.798+0600][64.842s][info][gc,task        ] GC(281) Using 10 workers of 10 for evacuation
[2026-04-03T03:16:09.808+0600][64.852s][info][gc,phases      ] GC(281)   Pre Evacuate Collection Set: 0.28ms
[2026-04-03T03:16:09.808+0600][64.852s][info][gc,phases      ] GC(281)   Merge Heap Roots: 0.50ms
[2026-04-03T03:16:09.808+0600][64.852s][info][gc,phases      ] GC(281)   Evacuate Collection Set: 8.95ms
[2026-04-03T03:16:09.808+0600][64.852s][info][gc,phases      ] GC(281)   Post Evacuate Collection Set: 0.74ms
[2026-04-03T03:16:09.808+0600][64.852s][info][gc,phases      ] GC(281)   Other: 0.11ms
[2026-04-03T03:16:09.808+0600][64.852s][info][gc,heap        ] GC(281) Eden regions: 227->0(279)
[2026-04-03T03:16:09.808+0600][64.852s][info][gc,heap        ] GC(281) Survivor regions: 5->12(29)
[2026-04-03T03:16:09.808+0600][64.852s][info][gc,heap        ] GC(281) Old regions: 266->266
[2026-04-03T03:16:09.808+0600][64.852s][info][gc,heap        ] GC(281) Humongous regions: 34->34
[2026-04-03T03:16:09.808+0600][64.852s][info][gc,metaspace   ] GC(281) Metaspace: 73348K(74240K)->73348K(74240K) NonClass: 64059K(64512K)->64059K(64512K) Class: 9289K(9728K)->9289K(9728K)
[2026-04-03T03:16:09.808+0600][64.852s][info][gc             ] GC(281) Pause Young (Prepare Mixed) (G1 Evacuation Pause) 528M->308M(697M) 10.899ms
[2026-04-03T03:16:09.808+0600][64.852s][info][gc,cpu         ] GC(281) User=0.10s Sys=0.01s Real=0.01s
[2026-04-03T03:16:10.105+0600][65.150s][info][gc,start       ] GC(282) Pause Young (Mixed) (G1 Evacuation Pause)
[2026-04-03T03:16:10.106+0600][65.150s][info][gc,task        ] GC(282) Using 10 workers of 10 for evacuation
[2026-04-03T03:16:10.145+0600][65.189s][info][gc,phases      ] GC(282)   Pre Evacuate Collection Set: 0.58ms
[2026-04-03T03:16:10.145+0600][65.189s][info][gc,phases      ] GC(282)   Merge Heap Roots: 0.65ms
[2026-04-03T03:16:10.145+0600][65.189s][info][gc,phases      ] GC(282)   Evacuate Collection Set: 36.28ms
[2026-04-03T03:16:10.145+0600][65.189s][info][gc,phases      ] GC(282)   Post Evacuate Collection Set: 1.66ms
[2026-04-03T03:16:10.145+0600][65.189s][info][gc,phases      ] GC(282)   Other: 0.20ms
[2026-04-03T03:16:10.145+0600][65.189s][info][gc,heap        ] GC(282) Eden regions: 279->0(262)
[2026-04-03T03:16:10.145+0600][65.189s][info][gc,heap        ] GC(282) Survivor regions: 12->37(37)
[2026-04-03T03:16:10.145+0600][65.189s][info][gc,heap        ] GC(282) Old regions: 266->250
[2026-04-03T03:16:10.145+0600][65.189s][info][gc,heap        ] GC(282) Humongous regions: 51->51
[2026-04-03T03:16:10.145+0600][65.189s][info][gc,metaspace   ] GC(282) Metaspace: 73348K(74240K)->73348K(74240K) NonClass: 64059K(64512K)->64059K(64512K) Class: 9289K(9728K)->9289K(9728K)
[2026-04-03T03:16:10.145+0600][65.189s][info][gc             ] GC(282) Pause Young (Mixed) (G1 Evacuation Pause) 604M->333M(697M) 39.741ms
[2026-04-03T03:16:10.145+0600][65.189s][info][gc,cpu         ] GC(282) User=0.37s Sys=0.00s Real=0.04s
[2026-04-03T03:16:10.155+0600][65.199s][info][gc,start       ] GC(283) Pause Young (Concurrent Start) (G1 Humongous Allocation)
[2026-04-03T03:16:10.155+0600][65.199s][info][gc,task        ] GC(283) Using 10 workers of 10 for evacuation
[2026-04-03T03:16:10.187+0600][65.231s][info][gc,phases      ] GC(283)   Pre Evacuate Collection Set: 0.46ms
[2026-04-03T03:16:10.187+0600][65.231s][info][gc,phases      ] GC(283)   Merge Heap Roots: 0.26ms
[2026-04-03T03:16:10.187+0600][65.231s][info][gc,phases      ] GC(283)   Evacuate Collection Set: 30.30ms
[2026-04-03T03:16:10.187+0600][65.231s][info][gc,phases      ] GC(283)   Post Evacuate Collection Set: 0.57ms
[2026-04-03T03:16:10.187+0600][65.231s][info][gc,phases      ] GC(283)   Other: 0.21ms
[2026-04-03T03:16:10.187+0600][65.231s][info][gc,heap        ] GC(283) Eden regions: 6->0(265)
[2026-04-03T03:16:10.187+0600][65.231s][info][gc,heap        ] GC(283) Survivor regions: 37->5(38)
[2026-04-03T03:16:10.187+0600][65.231s][info][gc,heap        ] GC(283) Old regions: 250->289
[2026-04-03T03:16:10.187+0600][65.231s][info][gc,heap        ] GC(283) Humongous regions: 51->51
[2026-04-03T03:16:10.187+0600][65.231s][info][gc,metaspace   ] GC(283) Metaspace: 73348K(74240K)->73348K(74240K) NonClass: 64059K(64512K)->64059K(64512K) Class: 9289K(9728K)->9289K(9728K)
[2026-04-03T03:16:10.187+0600][65.231s][info][gc             ] GC(283) Pause Young (Concurrent Start) (G1 Humongous Allocation) 339M->341M(697M) 32.133ms
[2026-04-03T03:16:10.187+0600][65.232s][info][gc             ] GC(284) Concurrent Mark Cycle
[2026-04-03T03:16:10.187+0600][65.232s][info][gc,cpu         ] GC(283) User=0.31s Sys=0.00s Real=0.03s
[2026-04-03T03:16:10.188+0600][65.232s][info][gc,marking     ] GC(284) Concurrent Scan Root Regions
[2026-04-03T03:16:10.199+0600][65.243s][info][gc,marking     ] GC(284) Concurrent Scan Root Regions 11.714ms
[2026-04-03T03:16:10.199+0600][65.243s][info][gc,marking     ] GC(284) Concurrent Mark
[2026-04-03T03:16:10.199+0600][65.243s][info][gc,marking     ] GC(284) Concurrent Mark From Roots
[2026-04-03T03:16:10.199+0600][65.243s][info][gc,task        ] GC(284) Using 3 workers of 3 for marking
[2026-04-03T03:16:10.334+0600][65.378s][info][gc,marking     ] GC(284) Concurrent Mark From Roots 134.851ms
[2026-04-03T03:16:10.334+0600][65.378s][info][gc,marking     ] GC(284) Concurrent Preclean
[2026-04-03T03:16:10.334+0600][65.378s][info][gc,marking     ] GC(284) Concurrent Preclean 0.101ms
[2026-04-03T03:16:10.335+0600][65.379s][info][gc,start       ] GC(284) Pause Remark
[2026-04-03T03:16:10.339+0600][65.384s][info][gc             ] GC(284) Pause Remark 405M->314M(697M) 4.681ms
[2026-04-03T03:16:10.340+0600][65.384s][info][gc,cpu         ] GC(284) User=0.04s Sys=0.01s Real=0.00s
[2026-04-03T03:16:10.340+0600][65.384s][info][gc,marking     ] GC(284) Concurrent Mark 140.311ms
[2026-04-03T03:16:10.340+0600][65.384s][info][gc,marking     ] GC(284) Concurrent Rebuild Remembered Sets and Scrub Regions
[2026-04-03T03:16:10.420+0600][65.465s][info][gc,marking     ] GC(284) Concurrent Rebuild Remembered Sets and Scrub Regions 80.663ms
[2026-04-03T03:16:10.421+0600][65.465s][info][gc,start       ] GC(284) Pause Cleanup
[2026-04-03T03:16:10.421+0600][65.465s][info][gc             ] GC(284) Pause Cleanup 371M->371M(697M) 0.480ms
[2026-04-03T03:16:10.421+0600][65.465s][info][gc,cpu         ] GC(284) User=0.00s Sys=0.00s Real=0.00s
[2026-04-03T03:16:10.421+0600][65.465s][info][gc,marking     ] GC(284) Concurrent Clear Claimed Marks
[2026-04-03T03:16:10.422+0600][65.466s][info][gc,marking     ] GC(284) Concurrent Clear Claimed Marks 0.214ms
[2026-04-03T03:16:10.422+0600][65.466s][info][gc,marking     ] GC(284) Concurrent Cleanup for Next Mark
[2026-04-03T03:16:10.422+0600][65.467s][info][gc,marking     ] GC(284) Concurrent Cleanup for Next Mark 0.912ms
[2026-04-03T03:16:10.423+0600][65.467s][info][gc             ] GC(284) Concurrent Mark Cycle 235.093ms
[2026-04-03T03:16:10.550+0600][65.594s][info][gc,start       ] GC(285) Pause Young (Prepare Mixed) (G1 Evacuation Pause)
[2026-04-03T03:16:10.550+0600][65.594s][info][gc,task        ] GC(285) Using 10 workers of 10 for evacuation
[2026-04-03T03:16:10.566+0600][65.610s][info][gc,phases      ] GC(285)   Pre Evacuate Collection Set: 0.37ms
[2026-04-03T03:16:10.567+0600][65.611s][info][gc,phases      ] GC(285)   Merge Heap Roots: 0.76ms
[2026-04-03T03:16:10.567+0600][65.611s][info][gc,phases      ] GC(285)   Evacuate Collection Set: 14.02ms
[2026-04-03T03:16:10.567+0600][65.611s][info][gc,phases      ] GC(285)   Post Evacuate Collection Set: 0.95ms
[2026-04-03T03:16:10.567+0600][65.611s][info][gc,phases      ] GC(285)   Other: 0.10ms
[2026-04-03T03:16:10.567+0600][65.611s][info][gc,heap        ] GC(285) Eden regions: 265->0(331)
[2026-04-03T03:16:10.567+0600][65.611s][info][gc,heap        ] GC(285) Survivor regions: 5->15(34)
[2026-04-03T03:16:10.567+0600][65.611s][info][gc,heap        ] GC(285) Old regions: 227->227
[2026-04-03T03:16:10.567+0600][65.611s][info][gc,heap        ] GC(285) Humongous regions: 30->30
[2026-04-03T03:16:10.567+0600][65.611s][info][gc,metaspace   ] GC(285) Metaspace: 73348K(74240K)->73348K(74240K) NonClass: 64059K(64512K)->64059K(64512K) Class: 9289K(9728K)->9289K(9728K)
[2026-04-03T03:16:10.567+0600][65.611s][info][gc             ] GC(285) Pause Young (Prepare Mixed) (G1 Evacuation Pause) 523M->267M(697M) 16.543ms
[2026-04-03T03:16:10.567+0600][65.611s][info][gc,cpu         ] GC(285) User=0.15s Sys=0.00s Real=0.01s
[2026-04-03T03:16:10.837+0600][65.881s][info][gc,start       ] GC(286) Pause Young (Mixed) (G1 Evacuation Pause)
[2026-04-03T03:16:10.837+0600][65.881s][info][gc,task        ] GC(286) Using 10 workers of 10 for evacuation
[2026-04-03T03:16:10.864+0600][65.908s][info][gc,phases      ] GC(286)   Pre Evacuate Collection Set: 0.34ms
[2026-04-03T03:16:10.864+0600][65.908s][info][gc,phases      ] GC(286)   Merge Heap Roots: 0.62ms
[2026-04-03T03:16:10.864+0600][65.908s][info][gc,phases      ] GC(286)   Evacuate Collection Set: 24.46ms
[2026-04-03T03:16:10.864+0600][65.908s][info][gc,phases      ] GC(286)   Post Evacuate Collection Set: 0.93ms
[2026-04-03T03:16:10.864+0600][65.908s][info][gc,phases      ] GC(286)   Other: 0.12ms
[2026-04-03T03:16:10.864+0600][65.908s][info][gc,heap        ] GC(286) Eden regions: 331->0(328)
[2026-04-03T03:16:10.864+0600][65.908s][info][gc,heap        ] GC(286) Survivor regions: 15->28(44)
[2026-04-03T03:16:10.864+0600][65.908s][info][gc,heap        ] GC(286) Old regions: 227->221
[2026-04-03T03:16:10.864+0600][65.908s][info][gc,heap        ] GC(286) Humongous regions: 40->40
[2026-04-03T03:16:10.864+0600][65.908s][info][gc,metaspace   ] GC(286) Metaspace: 73348K(74240K)->73348K(74240K) NonClass: 64059K(64512K)->64059K(64512K) Class: 9289K(9728K)->9289K(9728K)
[2026-04-03T03:16:10.864+0600][65.908s][info][gc             ] GC(286) Pause Young (Mixed) (G1 Evacuation Pause) 608M->284M(697M) 26.865ms
[2026-04-03T03:16:10.864+0600][65.908s][info][gc,cpu         ] GC(286) User=0.25s Sys=0.01s Real=0.03s
[2026-04-03T03:16:11.138+0600][66.182s][info][gc,start       ] GC(287) Pause Young (Concurrent Start) (G1 Evacuation Pause)
[2026-04-03T03:16:11.138+0600][66.182s][info][gc,task        ] GC(287) Using 10 workers of 10 for evacuation
[2026-04-03T03:16:11.170+0600][66.214s][info][gc,phases      ] GC(287)   Pre Evacuate Collection Set: 0.49ms
[2026-04-03T03:16:11.170+0600][66.214s][info][gc,phases      ] GC(287)   Merge Heap Roots: 0.30ms
[2026-04-03T03:16:11.170+0600][66.214s][info][gc,phases      ] GC(287)   Evacuate Collection Set: 28.97ms
[2026-04-03T03:16:11.170+0600][66.214s][info][gc,phases      ] GC(287)   Post Evacuate Collection Set: 1.16ms
[2026-04-03T03:16:11.170+0600][66.214s][info][gc,phases      ] GC(287)   Other: 0.22ms
[2026-04-03T03:16:11.170+0600][66.214s][info][gc,heap        ] GC(287) Eden regions: 328->0(332)
[2026-04-03T03:16:11.170+0600][66.214s][info][gc,heap        ] GC(287) Survivor regions: 28->28(45)
[2026-04-03T03:16:11.170+0600][66.214s][info][gc,heap        ] GC(287) Old regions: 221->233
[2026-04-03T03:16:11.170+0600][66.214s][info][gc,heap        ] GC(287) Humongous regions: 40->40
[2026-04-03T03:16:11.170+0600][66.214s][info][gc,metaspace   ] GC(287) Metaspace: 73348K(74240K)->73348K(74240K) NonClass: 64059K(64512K)->64059K(64512K) Class: 9289K(9728K)->9289K(9728K)
[2026-04-03T03:16:11.170+0600][66.214s][info][gc             ] GC(287) Pause Young (Concurrent Start) (G1 Evacuation Pause) 612M->296M(703M) 31.462ms
[2026-04-03T03:16:11.170+0600][66.214s][info][gc,cpu         ] GC(287) User=0.29s Sys=0.00s Real=0.04s
[2026-04-03T03:16:11.170+0600][66.214s][info][gc             ] GC(288) Concurrent Mark Cycle
[2026-04-03T03:16:11.170+0600][66.214s][info][gc,marking     ] GC(288) Concurrent Scan Root Regions
[2026-04-03T03:16:11.184+0600][66.228s][info][gc,marking     ] GC(288) Concurrent Scan Root Regions 14.049ms
[2026-04-03T03:16:11.184+0600][66.228s][info][gc,marking     ] GC(288) Concurrent Mark
[2026-04-03T03:16:11.184+0600][66.228s][info][gc,marking     ] GC(288) Concurrent Mark From Roots
[2026-04-03T03:16:11.184+0600][66.228s][info][gc,task        ] GC(288) Using 3 workers of 3 for marking
[2026-04-03T03:16:11.382+0600][66.426s][info][gc,marking     ] GC(288) Concurrent Mark From Roots 198.148ms
[2026-04-03T03:16:11.382+0600][66.426s][info][gc,marking     ] GC(288) Concurrent Preclean
[2026-04-03T03:16:11.383+0600][66.427s][info][gc,marking     ] GC(288) Concurrent Preclean 0.113ms
[2026-04-03T03:16:11.383+0600][66.427s][info][gc,start       ] GC(288) Pause Remark
[2026-04-03T03:16:11.388+0600][66.432s][info][gc             ] GC(288) Pause Remark 405M->394M(703M) 4.750ms
[2026-04-03T03:16:11.388+0600][66.432s][info][gc,cpu         ] GC(288) User=0.02s Sys=0.00s Real=0.00s
[2026-04-03T03:16:11.388+0600][66.432s][info][gc,marking     ] GC(288) Concurrent Mark 203.790ms
[2026-04-03T03:16:11.388+0600][66.432s][info][gc,marking     ] GC(288) Concurrent Rebuild Remembered Sets and Scrub Regions
[2026-04-03T03:16:11.524+0600][66.568s][info][gc,marking     ] GC(288) Concurrent Rebuild Remembered Sets and Scrub Regions 135.955ms
[2026-04-03T03:16:11.524+0600][66.568s][info][gc,start       ] GC(288) Pause Cleanup
[2026-04-03T03:16:11.525+0600][66.569s][info][gc             ] GC(288) Pause Cleanup 493M->493M(703M) 0.476ms
[2026-04-03T03:16:11.525+0600][66.569s][info][gc,cpu         ] GC(288) User=0.00s Sys=0.00s Real=0.00s
[2026-04-03T03:16:11.525+0600][66.569s][info][gc,marking     ] GC(288) Concurrent Clear Claimed Marks
[2026-04-03T03:16:11.525+0600][66.569s][info][gc,marking     ] GC(288) Concurrent Clear Claimed Marks 0.237ms
[2026-04-03T03:16:11.525+0600][66.569s][info][gc,marking     ] GC(288) Concurrent Cleanup for Next Mark
[2026-04-03T03:16:11.526+0600][66.570s][info][gc,marking     ] GC(288) Concurrent Cleanup for Next Mark 0.908ms
[2026-04-03T03:16:11.526+0600][66.570s][info][gc             ] GC(288) Concurrent Mark Cycle 356.377ms
[2026-04-03T03:16:11.641+0600][66.685s][info][gc,start       ] GC(289) Pause Young (Prepare Mixed) (G1 Evacuation Pause)
[2026-04-03T03:16:11.641+0600][66.685s][info][gc,task        ] GC(289) Using 10 workers of 10 for evacuation
[2026-04-03T03:16:11.670+0600][66.714s][info][gc,phases      ] GC(289)   Pre Evacuate Collection Set: 0.31ms
[2026-04-03T03:16:11.670+0600][66.714s][info][gc,phases      ] GC(289)   Merge Heap Roots: 1.04ms
[2026-04-03T03:16:11.670+0600][66.714s][info][gc,phases      ] GC(289)   Evacuate Collection Set: 25.97ms
[2026-04-03T03:16:11.670+0600][66.714s][info][gc,phases      ] GC(289)   Post Evacuate Collection Set: 1.14ms
[2026-04-03T03:16:11.670+0600][66.714s][info][gc,phases      ] GC(289)   Other: 0.15ms
[2026-04-03T03:16:11.670+0600][66.714s][info][gc,heap        ] GC(289) Eden regions: 332->0(337)
[2026-04-03T03:16:11.670+0600][66.714s][info][gc,heap        ] GC(289) Survivor regions: 28->25(45)
[2026-04-03T03:16:11.670+0600][66.714s][info][gc,heap        ] GC(289) Old regions: 233->245
[2026-04-03T03:16:11.670+0600][66.714s][info][gc,heap        ] GC(289) Humongous regions: 34->34
[2026-04-03T03:16:11.670+0600][66.714s][info][gc,metaspace   ] GC(289) Metaspace: 73348K(74240K)->73348K(74240K) NonClass: 64059K(64512K)->64059K(64512K) Class: 9289K(9728K)->9289K(9728K)
[2026-04-03T03:16:11.670+0600][66.714s][info][gc             ] GC(289) Pause Young (Prepare Mixed) (G1 Evacuation Pause) 622M->299M(703M) 29.018ms
[2026-04-03T03:16:11.670+0600][66.714s][info][gc,cpu         ] GC(289) User=0.27s Sys=0.01s Real=0.03s
[2026-04-03T03:16:11.979+0600][67.023s][info][gc,start       ] GC(290) Pause Young (Mixed) (G1 Evacuation Pause)
[2026-04-03T03:16:11.979+0600][67.023s][info][gc,task        ] GC(290) Using 10 workers of 10 for evacuation
[2026-04-03T03:16:12.015+0600][67.059s][info][gc,phases      ] GC(290)   Pre Evacuate Collection Set: 0.69ms
[2026-04-03T03:16:12.015+0600][67.059s][info][gc,phases      ] GC(290)   Merge Heap Roots: 0.77ms
[2026-04-03T03:16:12.015+0600][67.059s][info][gc,phases      ] GC(290)   Evacuate Collection Set: 33.29ms
[2026-04-03T03:16:12.015+0600][67.059s][info][gc,phases      ] GC(290)   Post Evacuate Collection Set: 1.02ms
[2026-04-03T03:16:12.015+0600][67.059s][info][gc,phases      ] GC(290)   Other: 0.11ms
[2026-04-03T03:16:12.015+0600][67.059s][info][gc,heap        ] GC(290) Eden regions: 337->0(326)
[2026-04-03T03:16:12.015+0600][67.059s][info][gc,heap        ] GC(290) Survivor regions: 25->24(46)
[2026-04-03T03:16:12.015+0600][67.059s][info][gc,heap        ] GC(290) Old regions: 245->248
[2026-04-03T03:16:12.015+0600][67.059s][info][gc,heap        ] GC(290) Humongous regions: 52->52
[2026-04-03T03:16:12.015+0600][67.059s][info][gc,metaspace   ] GC(290) Metaspace: 73348K(74240K)->73348K(74240K) NonClass: 64059K(64512K)->64059K(64512K) Class: 9289K(9728K)->9289K(9728K)
[2026-04-03T03:16:12.015+0600][67.059s][info][gc             ] GC(290) Pause Young (Mixed) (G1 Evacuation Pause) 654M->320M(703M) 36.232ms
[2026-04-03T03:16:12.015+0600][67.059s][info][gc,cpu         ] GC(290) User=0.34s Sys=0.01s Real=0.04s
[2026-04-03T03:16:12.327+0600][67.371s][info][gc,start       ] GC(291) Pause Young (Concurrent Start) (G1 Humongous Allocation)
[2026-04-03T03:16:12.327+0600][67.371s][info][gc,task        ] GC(291) Using 10 workers of 10 for evacuation
[2026-04-03T03:16:12.362+0600][67.406s][info][gc,phases      ] GC(291)   Pre Evacuate Collection Set: 0.35ms
[2026-04-03T03:16:12.362+0600][67.406s][info][gc,phases      ] GC(291)   Merge Heap Roots: 0.63ms
[2026-04-03T03:16:12.362+0600][67.406s][info][gc,phases      ] GC(291)   Evacuate Collection Set: 32.92ms
[2026-04-03T03:16:12.362+0600][67.406s][info][gc,phases      ] GC(291)   Post Evacuate Collection Set: 1.00ms
[2026-04-03T03:16:12.362+0600][67.406s][info][gc,phases      ] GC(291)   Other: 0.19ms
[2026-04-03T03:16:12.362+0600][67.406s][info][gc,heap        ] GC(291) Eden regions: 319->0(323)
[2026-04-03T03:16:12.362+0600][67.406s][info][gc,heap        ] GC(291) Survivor regions: 24->34(44)
[2026-04-03T03:16:12.362+0600][67.406s][info][gc,heap        ] GC(291) Old regions: 248->248
[2026-04-03T03:16:12.362+0600][67.406s][info][gc,heap        ] GC(291) Humongous regions: 52->52
[2026-04-03T03:16:12.362+0600][67.407s][info][gc,metaspace   ] GC(291) Metaspace: 73348K(74240K)->73348K(74240K) NonClass: 64059K(64512K)->64059K(64512K) Class: 9289K(9728K)->9289K(9728K)
[2026-04-03T03:16:12.362+0600][67.407s][info][gc             ] GC(291) Pause Young (Concurrent Start) (G1 Humongous Allocation) 639M->329M(703M) 35.407ms
[2026-04-03T03:16:12.363+0600][67.407s][info][gc,cpu         ] GC(291) User=0.34s Sys=0.00s Real=0.04s
[2026-04-03T03:16:12.363+0600][67.407s][info][gc             ] GC(292) Concurrent Mark Cycle
[2026-04-03T03:16:12.363+0600][67.407s][info][gc,marking     ] GC(292) Concurrent Scan Root Regions
[2026-04-03T03:16:12.376+0600][67.420s][info][gc,marking     ] GC(292) Concurrent Scan Root Regions 13.550ms
[2026-04-03T03:16:12.376+0600][67.420s][info][gc,marking     ] GC(292) Concurrent Mark
[2026-04-03T03:16:12.376+0600][67.420s][info][gc,marking     ] GC(292) Concurrent Mark From Roots
[2026-04-03T03:16:12.376+0600][67.420s][info][gc,task        ] GC(292) Using 3 workers of 3 for marking
[2026-04-03T03:16:12.588+0600][67.632s][info][gc,marking     ] GC(292) Concurrent Mark From Roots 211.444ms
[2026-04-03T03:16:12.588+0600][67.632s][info][gc,marking     ] GC(292) Concurrent Preclean
[2026-04-03T03:16:12.588+0600][67.632s][info][gc,marking     ] GC(292) Concurrent Preclean 0.162ms
[2026-04-03T03:16:12.588+0600][67.632s][info][gc,start       ] GC(292) Pause Remark
[2026-04-03T03:16:12.593+0600][67.637s][info][gc             ] GC(292) Pause Remark 383M->355M(703M) 4.599ms
[2026-04-03T03:16:12.593+0600][67.637s][info][gc,cpu         ] GC(292) User=0.03s Sys=0.00s Real=0.01s
[2026-04-03T03:16:12.593+0600][67.637s][info][gc,marking     ] GC(292) Concurrent Mark 216.983ms
[2026-04-03T03:16:12.593+0600][67.638s][info][gc,marking     ] GC(292) Concurrent Rebuild Remembered Sets and Scrub Regions
[2026-04-03T03:16:12.767+0600][67.811s][info][gc,marking     ] GC(292) Concurrent Rebuild Remembered Sets and Scrub Regions 173.769ms
[2026-04-03T03:16:12.768+0600][67.812s][info][gc,start       ] GC(292) Pause Cleanup
[2026-04-03T03:16:12.768+0600][67.812s][info][gc             ] GC(292) Pause Cleanup 401M->401M(703M) 0.497ms
[2026-04-03T03:16:12.768+0600][67.812s][info][gc,cpu         ] GC(292) User=0.00s Sys=0.00s Real=0.00s
[2026-04-03T03:16:12.768+0600][67.812s][info][gc,marking     ] GC(292) Concurrent Clear Claimed Marks
[2026-04-03T03:16:12.768+0600][67.812s][info][gc,marking     ] GC(292) Concurrent Clear Claimed Marks 0.184ms
[2026-04-03T03:16:12.768+0600][67.813s][info][gc,marking     ] GC(292) Concurrent Cleanup for Next Mark
[2026-04-03T03:16:12.769+0600][67.813s][info][gc,marking     ] GC(292) Concurrent Cleanup for Next Mark 0.968ms
[2026-04-03T03:16:12.769+0600][67.814s][info][gc             ] GC(292) Concurrent Mark Cycle 406.840ms
[2026-04-03T03:16:13.798+0600][68.842s][info][gc,start       ] GC(293) Pause Young (Prepare Mixed) (G1 Evacuation Pause)
[2026-04-03T03:16:13.798+0600][68.842s][info][gc,task        ] GC(293) Using 10 workers of 10 for evacuation
[2026-04-03T03:16:13.871+0600][68.915s][info][gc,phases      ] GC(293)   Pre Evacuate Collection Set: 0.38ms
[2026-04-03T03:16:13.871+0600][68.915s][info][gc,phases      ] GC(293)   Merge Heap Roots: 1.39ms
[2026-04-03T03:16:13.871+0600][68.915s][info][gc,phases      ] GC(293)   Evacuate Collection Set: 70.20ms
[2026-04-03T03:16:13.871+0600][68.915s][info][gc,phases      ] GC(293)   Post Evacuate Collection Set: 1.36ms
[2026-04-03T03:16:13.871+0600][68.915s][info][gc,phases      ] GC(293)   Other: 0.12ms
[2026-04-03T03:16:13.871+0600][68.915s][info][gc,heap        ] GC(293) Eden regions: 323->0(316)
[2026-04-03T03:16:13.871+0600][68.915s][info][gc,heap        ] GC(293) Survivor regions: 34->43(45)
[2026-04-03T03:16:13.871+0600][68.915s][info][gc,heap        ] GC(293) Old regions: 238->248
[2026-04-03T03:16:13.871+0600][68.915s][info][gc,heap        ] GC(293) Humongous regions: 87->76
[2026-04-03T03:16:13.871+0600][68.915s][info][gc,metaspace   ] GC(293) Metaspace: 73393K(74304K)->73393K(74304K) NonClass: 64104K(64576K)->64104K(64576K) Class: 9289K(9728K)->9289K(9728K)
[2026-04-03T03:16:13.871+0600][68.915s][info][gc             ] GC(293) Pause Young (Prepare Mixed) (G1 Evacuation Pause) 677M->362M(735M) 73.775ms
[2026-04-03T03:16:13.871+0600][68.915s][info][gc,cpu         ] GC(293) User=0.67s Sys=0.04s Real=0.08s
[2026-04-03T03:16:14.529+0600][69.574s][info][gc,start       ] GC(294) Pause Young (Mixed) (G1 Evacuation Pause)
[2026-04-03T03:16:14.530+0600][69.574s][info][gc,task        ] GC(294) Using 10 workers of 10 for evacuation
[2026-04-03T03:16:14.706+0600][69.750s][info][gc,phases      ] GC(294)   Pre Evacuate Collection Set: 0.36ms
[2026-04-03T03:16:14.706+0600][69.751s][info][gc,phases      ] GC(294)   Merge Heap Roots: 1.91ms
[2026-04-03T03:16:14.706+0600][69.751s][info][gc,phases      ] GC(294)   Evacuate Collection Set: 149.98ms
[2026-04-03T03:16:14.707+0600][69.751s][info][gc,phases      ] GC(294)   Post Evacuate Collection Set: 24.42ms
[2026-04-03T03:16:14.707+0600][69.751s][info][gc,phases      ] GC(294)   Other: 0.15ms
[2026-04-03T03:16:14.707+0600][69.751s][info][gc,heap        ] GC(294) Eden regions: 309->0(60)
[2026-04-03T03:16:14.707+0600][69.751s][info][gc,heap        ] GC(294) Survivor regions: 43->10(15)
[2026-04-03T03:16:14.707+0600][69.751s][info][gc,heap        ] GC(294) Old regions: 248->518
[2026-04-03T03:16:14.707+0600][69.751s][info][gc,heap        ] GC(294) Humongous regions: 135->124
[2026-04-03T03:16:14.707+0600][69.751s][info][gc,metaspace   ] GC(294) Metaspace: 73438K(74368K)->73438K(74368K) NonClass: 64147K(64640K)->64147K(64640K) Class: 9290K(9728K)->9290K(9728K)
[2026-04-03T03:16:14.707+0600][69.751s][info][gc             ] GC(294) Pause Young (Mixed) (G1 Evacuation Pause) (Evacuation Failure) 730M->648M(750M) 177.176ms
[2026-04-03T03:16:14.707+0600][69.751s][info][gc,cpu         ] GC(294) User=1.72s Sys=0.04s Real=0.18s
[2026-04-03T03:16:14.743+0600][69.787s][info][gc,start       ] GC(295) Pause Young (Concurrent Start) (G1 Humongous Allocation)
[2026-04-03T03:16:14.743+0600][69.787s][info][gc,task        ] GC(295) Using 10 workers of 10 for evacuation
[2026-04-03T03:16:14.764+0600][69.809s][info][gc,phases      ] GC(295)   Pre Evacuate Collection Set: 0.44ms
[2026-04-03T03:16:14.765+0600][69.809s][info][gc,phases      ] GC(295)   Merge Heap Roots: 0.28ms
[2026-04-03T03:16:14.765+0600][69.809s][info][gc,phases      ] GC(295)   Evacuate Collection Set: 19.61ms
[2026-04-03T03:16:14.765+0600][69.809s][info][gc,phases      ] GC(295)   Post Evacuate Collection Set: 0.77ms
[2026-04-03T03:16:14.765+0600][69.809s][info][gc,phases      ] GC(295)   Other: 0.13ms
[2026-04-03T03:16:14.765+0600][69.809s][info][gc,heap        ] GC(295) Eden regions: 43->0(55)
[2026-04-03T03:16:14.765+0600][69.809s][info][gc,heap        ] GC(295) Survivor regions: 10->3(9)
[2026-04-03T03:16:14.765+0600][69.809s][info][gc,heap        ] GC(295) Old regions: 518->530
[2026-04-03T03:16:14.765+0600][69.809s][info][gc,heap        ] GC(295) Humongous regions: 124->124
[2026-04-03T03:16:14.765+0600][69.809s][info][gc,metaspace   ] GC(295) Metaspace: 73444K(74368K)->73444K(74368K) NonClass: 64154K(64640K)->64154K(64640K) Class: 9290K(9728K)->9290K(9728K)
[2026-04-03T03:16:14.765+0600][69.809s][info][gc             ] GC(295) Pause Young (Concurrent Start) (G1 Humongous Allocation) 691M->651M(750M) 21.628ms
[2026-04-03T03:16:14.765+0600][69.809s][info][gc,cpu         ] GC(295) User=0.20s Sys=0.00s Real=0.02s
[2026-04-03T03:16:14.765+0600][69.809s][info][gc             ] GC(296) Concurrent Mark Cycle
[2026-04-03T03:16:14.765+0600][69.809s][info][gc,marking     ] GC(296) Concurrent Scan Root Regions
[2026-04-03T03:16:14.769+0600][69.813s][info][gc,marking     ] GC(296) Concurrent Scan Root Regions 4.051ms
[2026-04-03T03:16:14.769+0600][69.813s][info][gc,marking     ] GC(296) Concurrent Mark
[2026-04-03T03:16:14.769+0600][69.813s][info][gc,marking     ] GC(296) Concurrent Mark From Roots
[2026-04-03T03:16:14.769+0600][69.813s][info][gc,task        ] GC(296) Using 3 workers of 3 for marking
[2026-04-03T03:16:14.895+0600][69.939s][info][gc,start       ] GC(297) Pause Young (Normal) (G1 Evacuation Pause)
[2026-04-03T03:16:14.895+0600][69.939s][info][gc,task        ] GC(297) Using 10 workers of 10 for evacuation
[2026-04-03T03:16:14.906+0600][69.950s][info][gc,phases      ] GC(297)   Pre Evacuate Collection Set: 0.37ms
[2026-04-03T03:16:14.906+0600][69.950s][info][gc,phases      ] GC(297)   Merge Heap Roots: 0.19ms
[2026-04-03T03:16:14.906+0600][69.950s][info][gc,phases      ] GC(297)   Evacuate Collection Set: 9.30ms
[2026-04-03T03:16:14.906+0600][69.950s][info][gc,phases      ] GC(297)   Post Evacuate Collection Set: 0.89ms
[2026-04-03T03:16:14.906+0600][69.950s][info][gc,phases      ] GC(297)   Other: 0.16ms
[2026-04-03T03:16:14.906+0600][69.950s][info][gc,heap        ] GC(297) Eden regions: 55->0(41)
[2026-04-03T03:16:14.906+0600][69.950s][info][gc,heap        ] GC(297) Survivor regions: 3->8(8)
[2026-04-03T03:16:14.906+0600][69.950s][info][gc,heap        ] GC(297) Old regions: 530->530
[2026-04-03T03:16:14.906+0600][69.950s][info][gc,heap        ] GC(297) Humongous regions: 144->133
[2026-04-03T03:16:14.906+0600][69.950s][info][gc,metaspace   ] GC(297) Metaspace: 73474K(74368K)->73474K(74368K) NonClass: 64184K(64640K)->64184K(64640K) Class: 9290K(9728K)->9290K(9728K)
[2026-04-03T03:16:14.906+0600][69.950s][info][gc             ] GC(297) Pause Young (Normal) (G1 Evacuation Pause) 726M->665M(750M) 11.305ms
[2026-04-03T03:16:14.906+0600][69.951s][info][gc,cpu         ] GC(297) User=0.10s Sys=0.00s Real=0.01s
[2026-04-03T03:16:14.978+0600][70.022s][info][gc,marking     ] GC(296) Concurrent Mark From Roots 209.106ms
[2026-04-03T03:16:14.978+0600][70.023s][info][gc,marking     ] GC(296) Concurrent Preclean
[2026-04-03T03:16:14.979+0600][70.023s][info][gc,marking     ] GC(296) Concurrent Preclean 0.392ms
[2026-04-03T03:16:14.979+0600][70.023s][info][gc,start       ] GC(296) Pause Remark
[2026-04-03T03:16:14.986+0600][70.030s][info][gc             ] GC(296) Pause Remark 693M->389M(750M) 7.090ms
[2026-04-03T03:16:14.987+0600][70.031s][info][gc,cpu         ] GC(296) User=0.04s Sys=0.00s Real=0.01s
[2026-04-03T03:16:14.987+0600][70.031s][info][gc,marking     ] GC(296) Concurrent Mark 217.558ms
[2026-04-03T03:16:14.987+0600][70.031s][info][gc,marking     ] GC(296) Concurrent Rebuild Remembered Sets and Scrub Regions
[2026-04-03T03:16:15.061+0600][70.105s][info][gc,start       ] GC(298) Pause Young (Normal) (G1 Evacuation Pause)
[2026-04-03T03:16:15.061+0600][70.106s][info][gc,task        ] GC(298) Using 10 workers of 10 for evacuation
[2026-04-03T03:16:15.089+0600][70.133s][info][gc,phases      ] GC(298)   Pre Evacuate Collection Set: 0.37ms
[2026-04-03T03:16:15.089+0600][70.133s][info][gc,phases      ] GC(298)   Merge Heap Roots: 0.52ms
[2026-04-03T03:16:15.089+0600][70.133s][info][gc,phases      ] GC(298)   Evacuate Collection Set: 25.29ms
[2026-04-03T03:16:15.089+0600][70.133s][info][gc,phases      ] GC(298)   Post Evacuate Collection Set: 0.81ms
[2026-04-03T03:16:15.089+0600][70.133s][info][gc,phases      ] GC(298)   Other: 0.11ms
[2026-04-03T03:16:15.089+0600][70.133s][info][gc,heap        ] GC(298) Eden regions: 41->0(310)
[2026-04-03T03:16:15.089+0600][70.133s][info][gc,heap        ] GC(298) Survivor regions: 8->7(7)
[2026-04-03T03:16:15.089+0600][70.133s][info][gc,heap        ] GC(298) Old regions: 329->345
[2026-04-03T03:16:15.089+0600][70.133s][info][gc,heap        ] GC(298) Humongous regions: 39->39
[2026-04-03T03:16:15.089+0600][70.133s][info][gc,metaspace   ] GC(298) Metaspace: 73483K(74368K)->73483K(74368K) NonClass: 64193K(64640K)->64193K(64640K) Class: 9290K(9728K)->9290K(9728K)
[2026-04-03T03:16:15.089+0600][70.133s][info][gc             ] GC(298) Pause Young (Normal) (G1 Evacuation Pause) 411M->387M(750M) 27.581ms
[2026-04-03T03:16:15.089+0600][70.133s][info][gc,cpu         ] GC(298) User=0.26s Sys=0.00s Real=0.02s
[2026-04-03T03:16:15.212+0600][70.256s][info][gc,marking     ] GC(296) Concurrent Rebuild Remembered Sets and Scrub Regions 225.453ms
[2026-04-03T03:16:15.213+0600][70.257s][info][gc,start       ] GC(296) Pause Cleanup
[2026-04-03T03:16:15.214+0600][70.258s][info][gc             ] GC(296) Pause Cleanup 435M->435M(750M) 0.820ms
[2026-04-03T03:16:15.214+0600][70.258s][info][gc,cpu         ] GC(296) User=0.00s Sys=0.00s Real=0.00s
[2026-04-03T03:16:15.214+0600][70.258s][info][gc,marking     ] GC(296) Concurrent Clear Claimed Marks
[2026-04-03T03:16:15.214+0600][70.258s][info][gc,marking     ] GC(296) Concurrent Clear Claimed Marks 0.338ms
[2026-04-03T03:16:15.214+0600][70.258s][info][gc,marking     ] GC(296) Concurrent Cleanup for Next Mark
[2026-04-03T03:16:15.216+0600][70.260s][info][gc,marking     ] GC(296) Concurrent Cleanup for Next Mark 1.556ms
[2026-04-03T03:16:15.216+0600][70.260s][info][gc             ] GC(296) Concurrent Mark Cycle 451.109ms
[2026-04-03T03:16:15.675+0600][70.719s][info][gc,start       ] GC(299) Pause Young (Prepare Mixed) (G1 Evacuation Pause)
[2026-04-03T03:16:15.675+0600][70.719s][info][gc,task        ] GC(299) Using 10 workers of 10 for evacuation
[2026-04-03T03:16:15.717+0600][70.761s][info][gc,phases      ] GC(299)   Pre Evacuate Collection Set: 0.52ms
[2026-04-03T03:16:15.717+0600][70.761s][info][gc,phases      ] GC(299)   Merge Heap Roots: 0.91ms
[2026-04-03T03:16:15.717+0600][70.761s][info][gc,phases      ] GC(299)   Evacuate Collection Set: 32.39ms
[2026-04-03T03:16:15.717+0600][70.761s][info][gc,phases      ] GC(299)   Post Evacuate Collection Set: 7.53ms
[2026-04-03T03:16:15.717+0600][70.761s][info][gc,phases      ] GC(299)   Other: 0.15ms
[2026-04-03T03:16:15.717+0600][70.761s][info][gc,heap        ] GC(299) Eden regions: 310->0(106)
[2026-04-03T03:16:15.717+0600][70.761s][info][gc,heap        ] GC(299) Survivor regions: 7->20(20)
[2026-04-03T03:16:15.717+0600][70.761s][info][gc,heap        ] GC(299) Old regions: 345->529
[2026-04-03T03:16:15.717+0600][70.761s][info][gc,heap        ] GC(299) Humongous regions: 68->57
[2026-04-03T03:16:15.717+0600][70.761s][info][gc,metaspace   ] GC(299) Metaspace: 73503K(74432K)->73503K(74432K) NonClass: 64213K(64704K)->64213K(64704K) Class: 9290K(9728K)->9290K(9728K)
[2026-04-03T03:16:15.717+0600][70.761s][info][gc             ] GC(299) Pause Young (Prepare Mixed) (G1 Evacuation Pause) (Evacuation Failure) 726M->602M(750M) 41.792ms
[2026-04-03T03:16:15.717+0600][70.761s][info][gc,cpu         ] GC(299) User=0.39s Sys=0.00s Real=0.04s
[2026-04-03T03:16:15.778+0600][70.822s][info][gc,start       ] GC(300) Pause Young (Mixed) (G1 Evacuation Pause)
[2026-04-03T03:16:15.778+0600][70.822s][info][gc,task        ] GC(300) Using 10 workers of 10 for evacuation
[2026-04-03T03:16:15.816+0600][70.861s][info][gc,phases      ] GC(300)   Pre Evacuate Collection Set: 0.36ms
[2026-04-03T03:16:15.817+0600][70.861s][info][gc,phases      ] GC(300)   Merge Heap Roots: 0.42ms
[2026-04-03T03:16:15.817+0600][70.861s][info][gc,phases      ] GC(300)   Evacuate Collection Set: 34.66ms
[2026-04-03T03:16:15.817+0600][70.861s][info][gc,phases      ] GC(300)   Post Evacuate Collection Set: 3.29ms
[2026-04-03T03:16:15.817+0600][70.861s][info][gc,phases      ] GC(300)   Other: 0.10ms
[2026-04-03T03:16:15.817+0600][70.861s][info][gc,heap        ] GC(300) Eden regions: 106->0(94)
[2026-04-03T03:16:15.817+0600][70.861s][info][gc,heap        ] GC(300) Survivor regions: 20->13(16)
[2026-04-03T03:16:15.817+0600][70.861s][info][gc,heap        ] GC(300) Old regions: 529->542
[2026-04-03T03:16:15.817+0600][70.861s][info][gc,heap        ] GC(300) Humongous regions: 63->63
[2026-04-03T03:16:15.817+0600][70.861s][info][gc,metaspace   ] GC(300) Metaspace: 73504K(74432K)->73504K(74432K) NonClass: 64214K(64704K)->64214K(64704K) Class: 9290K(9728K)->9290K(9728K)
[2026-04-03T03:16:15.817+0600][70.861s][info][gc             ] GC(300) Pause Young (Mixed) (G1 Evacuation Pause) (Evacuation Failure) 714M->614M(750M) 39.144ms
[2026-04-03T03:16:15.817+0600][70.861s][info][gc,cpu         ] GC(300) User=0.37s Sys=0.00s Real=0.04s
[2026-04-03T03:16:15.873+0600][70.917s][info][gc,start       ] GC(301) Pause Young (Mixed) (G1 Evacuation Pause)
[2026-04-03T03:16:15.873+0600][70.918s][info][gc,task        ] GC(301) Using 10 workers of 10 for evacuation
[2026-04-03T03:16:15.897+0600][70.941s][info][gc,phases      ] GC(301)   Pre Evacuate Collection Set: 0.52ms
[2026-04-03T03:16:15.897+0600][70.941s][info][gc,phases      ] GC(301)   Merge Heap Roots: 0.53ms
[2026-04-03T03:16:15.897+0600][70.941s][info][gc,phases      ] GC(301)   Evacuate Collection Set: 21.72ms
[2026-04-03T03:16:15.897+0600][70.941s][info][gc,phases      ] GC(301)   Post Evacuate Collection Set: 0.86ms
[2026-04-03T03:16:15.897+0600][70.941s][info][gc,phases      ] GC(301)   Other: 0.12ms
[2026-04-03T03:16:15.897+0600][70.941s][info][gc,heap        ] GC(301) Eden regions: 94->0(129)
[2026-04-03T03:16:15.897+0600][70.941s][info][gc,heap        ] GC(301) Survivor regions: 13->14(14)
[2026-04-03T03:16:15.897+0600][70.941s][info][gc,heap        ] GC(301) Old regions: 542->506
[2026-04-03T03:16:15.897+0600][70.942s][info][gc,heap        ] GC(301) Humongous regions: 63->63
[2026-04-03T03:16:15.897+0600][70.942s][info][gc,metaspace   ] GC(301) Metaspace: 73504K(74432K)->73504K(74432K) NonClass: 64214K(64704K)->64214K(64704K) Class: 9290K(9728K)->9290K(9728K)
[2026-04-03T03:16:15.897+0600][70.942s][info][gc             ] GC(301) Pause Young (Mixed) (G1 Evacuation Pause) 708M->580M(750M) 24.078ms
[2026-04-03T03:16:15.898+0600][70.942s][info][gc,cpu         ] GC(301) User=0.23s Sys=0.00s Real=0.02s
[2026-04-03T03:16:15.904+0600][70.948s][info][gc,start       ] GC(302) Pause Young (Concurrent Start) (G1 Humongous Allocation)
[2026-04-03T03:16:15.904+0600][70.948s][info][gc,task        ] GC(302) Using 10 workers of 10 for evacuation
[2026-04-03T03:16:15.912+0600][70.956s][info][gc,phases      ] GC(302)   Pre Evacuate Collection Set: 0.43ms
[2026-04-03T03:16:15.912+0600][70.957s][info][gc,phases      ] GC(302)   Merge Heap Roots: 0.10ms
[2026-04-03T03:16:15.912+0600][70.957s][info][gc,phases      ] GC(302)   Evacuate Collection Set: 7.34ms
[2026-04-03T03:16:15.912+0600][70.957s][info][gc,phases      ] GC(302)   Post Evacuate Collection Set: 0.49ms
[2026-04-03T03:16:15.912+0600][70.957s][info][gc,phases      ] GC(302)   Other: 0.16ms
[2026-04-03T03:16:15.912+0600][70.957s][info][gc,heap        ] GC(302) Eden regions: 8->0(121)
[2026-04-03T03:16:15.912+0600][70.957s][info][gc,heap        ] GC(302) Survivor regions: 14->3(18)
[2026-04-03T03:16:15.912+0600][70.957s][info][gc,heap        ] GC(302) Old regions: 506->522
[2026-04-03T03:16:15.912+0600][70.957s][info][gc,heap        ] GC(302) Humongous regions: 63->63
[2026-04-03T03:16:15.913+0600][70.957s][info][gc,metaspace   ] GC(302) Metaspace: 73504K(74432K)->73504K(74432K) NonClass: 64214K(64704K)->64214K(64704K) Class: 9290K(9728K)->9290K(9728K)
[2026-04-03T03:16:15.913+0600][70.957s][info][gc             ] GC(302) Pause Young (Concurrent Start) (G1 Humongous Allocation) 588M->585M(750M) 8.818ms
[2026-04-03T03:16:15.913+0600][70.957s][info][gc             ] GC(303) Concurrent Mark Cycle
[2026-04-03T03:16:15.913+0600][70.957s][info][gc,marking     ] GC(303) Concurrent Scan Root Regions
[2026-04-03T03:16:15.913+0600][70.957s][info][gc,cpu         ] GC(302) User=0.07s Sys=0.00s Real=0.01s
[2026-04-03T03:16:15.918+0600][70.962s][info][gc,marking     ] GC(303) Concurrent Scan Root Regions 5.384ms
[2026-04-03T03:16:15.918+0600][70.962s][info][gc,marking     ] GC(303) Concurrent Mark
[2026-04-03T03:16:15.918+0600][70.962s][info][gc,marking     ] GC(303) Concurrent Mark From Roots
[2026-04-03T03:16:15.918+0600][70.962s][info][gc,task        ] GC(303) Using 3 workers of 3 for marking
[2026-04-03T03:16:16.062+0600][71.106s][info][gc,start       ] GC(304) Pause Young (Normal) (G1 Evacuation Pause)
[2026-04-03T03:16:16.062+0600][71.106s][info][gc,task        ] GC(304) Using 10 workers of 10 for evacuation
[2026-04-03T03:16:16.077+0600][71.121s][info][gc,phases      ] GC(304)   Pre Evacuate Collection Set: 0.53ms
[2026-04-03T03:16:16.077+0600][71.122s][info][gc,phases      ] GC(304)   Merge Heap Roots: 0.23ms
[2026-04-03T03:16:16.077+0600][71.122s][info][gc,phases      ] GC(304)   Evacuate Collection Set: 13.36ms
[2026-04-03T03:16:16.077+0600][71.122s][info][gc,phases      ] GC(304)   Post Evacuate Collection Set: 0.89ms
[2026-04-03T03:16:16.077+0600][71.122s][info][gc,phases      ] GC(304)   Other: 0.10ms
[2026-04-03T03:16:16.077+0600][71.122s][info][gc,heap        ] GC(304) Eden regions: 121->0(98)
[2026-04-03T03:16:16.078+0600][71.122s][info][gc,heap        ] GC(304) Survivor regions: 3->16(16)
[2026-04-03T03:16:16.078+0600][71.122s][info][gc,heap        ] GC(304) Old regions: 522->526
[2026-04-03T03:16:16.078+0600][71.122s][info][gc,heap        ] GC(304) Humongous regions: 72->72
[2026-04-03T03:16:16.078+0600][71.122s][info][gc,metaspace   ] GC(304) Metaspace: 73504K(74432K)->73504K(74432K) NonClass: 64214K(64704K)->64214K(64704K) Class: 9290K(9728K)->9290K(9728K)
[2026-04-03T03:16:16.078+0600][71.122s][info][gc             ] GC(304) Pause Young (Normal) (G1 Evacuation Pause) 715M->611M(750M) 15.508ms
[2026-04-03T03:16:16.078+0600][71.122s][info][gc,cpu         ] GC(304) User=0.14s Sys=0.00s Real=0.01s
[2026-04-03T03:16:16.088+0600][71.132s][info][gc,marking     ] GC(303) Concurrent Mark From Roots 170.037ms
[2026-04-03T03:16:16.088+0600][71.132s][info][gc,marking     ] GC(303) Concurrent Preclean
[2026-04-03T03:16:16.088+0600][71.133s][info][gc,marking     ] GC(303) Concurrent Preclean 0.169ms
[2026-04-03T03:16:16.089+0600][71.133s][info][gc,start       ] GC(303) Pause Remark
[2026-04-03T03:16:16.094+0600][71.138s][info][gc             ] GC(303) Pause Remark 615M->429M(750M) 5.273ms
[2026-04-03T03:16:16.094+0600][71.138s][info][gc,cpu         ] GC(303) User=0.03s Sys=0.00s Real=0.01s
[2026-04-03T03:16:16.094+0600][71.139s][info][gc,marking     ] GC(303) Concurrent Mark 176.257ms
[2026-04-03T03:16:16.094+0600][71.139s][info][gc,marking     ] GC(303) Concurrent Rebuild Remembered Sets and Scrub Regions
[2026-04-03T03:16:16.167+0600][71.211s][info][gc,marking     ] GC(303) Concurrent Rebuild Remembered Sets and Scrub Regions 72.896ms
[2026-04-03T03:16:16.168+0600][71.212s][info][gc,start       ] GC(303) Pause Cleanup
[2026-04-03T03:16:16.169+0600][71.213s][info][gc             ] GC(303) Pause Cleanup 458M->458M(750M) 0.705ms
[2026-04-03T03:16:16.169+0600][71.213s][info][gc,cpu         ] GC(303) User=0.00s Sys=0.00s Real=0.00s
[2026-04-03T03:16:16.169+0600][71.213s][info][gc,marking     ] GC(303) Concurrent Clear Claimed Marks
[2026-04-03T03:16:16.169+0600][71.213s][info][gc,marking     ] GC(303) Concurrent Clear Claimed Marks 0.195ms
[2026-04-03T03:16:16.169+0600][71.213s][info][gc,marking     ] GC(303) Concurrent Cleanup for Next Mark
[2026-04-03T03:16:16.170+0600][71.214s][info][gc,marking     ] GC(303) Concurrent Cleanup for Next Mark 1.182ms
[2026-04-03T03:16:16.170+0600][71.214s][info][gc             ] GC(303) Concurrent Mark Cycle 257.659ms
[2026-04-03T03:16:16.565+0600][71.609s][info][gc,start       ] GC(305) Pause Young (Prepare Mixed) (G1 Evacuation Pause)
[2026-04-03T03:16:16.565+0600][71.609s][info][gc,task        ] GC(305) Using 10 workers of 10 for evacuation
[2026-04-03T03:16:16.604+0600][71.648s][info][gc,phases      ] GC(305)   Pre Evacuate Collection Set: 0.54ms
[2026-04-03T03:16:16.604+0600][71.649s][info][gc,phases      ] GC(305)   Merge Heap Roots: 0.35ms
[2026-04-03T03:16:16.604+0600][71.649s][info][gc,phases      ] GC(305)   Evacuate Collection Set: 37.29ms
[2026-04-03T03:16:16.605+0600][71.649s][info][gc,phases      ] GC(305)   Post Evacuate Collection Set: 0.88ms
[2026-04-03T03:16:16.605+0600][71.649s][info][gc,phases      ] GC(305)   Other: 0.15ms
[2026-04-03T03:16:16.605+0600][71.649s][info][gc,heap        ] GC(305) Eden regions: 98->0(186)
[2026-04-03T03:16:16.605+0600][71.649s][info][gc,heap        ] GC(305) Survivor regions: 16->11(15)
[2026-04-03T03:16:16.605+0600][71.649s][info][gc,heap        ] GC(305) Old regions: 386->403
[2026-04-03T03:16:16.605+0600][71.649s][info][gc,heap        ] GC(305) Humongous regions: 119->91
[2026-04-03T03:16:16.605+0600][71.649s][info][gc,metaspace   ] GC(305) Metaspace: 73528K(74432K)->73528K(74432K) NonClass: 64238K(64704K)->64238K(64704K) Class: 9290K(9728K)->9290K(9728K)
[2026-04-03T03:16:16.605+0600][71.649s][info][gc             ] GC(305) Pause Young (Prepare Mixed) (G1 Evacuation Pause) 616M->502M(750M) 39.590ms
[2026-04-03T03:16:16.605+0600][71.649s][info][gc,cpu         ] GC(305) User=0.38s Sys=0.00s Real=0.04s
[2026-04-03T03:16:16.840+0600][71.884s][info][gc,start       ] GC(306) Pause Young (Mixed) (G1 Humongous Allocation)
[2026-04-03T03:16:16.840+0600][71.884s][info][gc,task        ] GC(306) Using 10 workers of 10 for evacuation
[2026-04-03T03:16:16.893+0600][71.938s][info][gc,phases      ] GC(306)   Pre Evacuate Collection Set: 0.40ms
[2026-04-03T03:16:16.894+0600][71.938s][info][gc,phases      ] GC(306)   Merge Heap Roots: 0.32ms
[2026-04-03T03:16:16.894+0600][71.938s][info][gc,phases      ] GC(306)   Evacuate Collection Set: 38.45ms
[2026-04-03T03:16:16.894+0600][71.938s][info][gc,phases      ] GC(306)   Post Evacuate Collection Set: 14.11ms
[2026-04-03T03:16:16.894+0600][71.938s][info][gc,phases      ] GC(306)   Other: 0.12ms
[2026-04-03T03:16:16.894+0600][71.938s][info][gc,heap        ] GC(306) Eden regions: 153->0(44)
[2026-04-03T03:16:16.894+0600][71.938s][info][gc,heap        ] GC(306) Survivor regions: 11->1(1)
[2026-04-03T03:16:16.894+0600][71.938s][info][gc,heap        ] GC(306) Old regions: 403->565
[2026-04-03T03:16:16.894+0600][71.938s][info][gc,heap        ] GC(306) Humongous regions: 182->102
[2026-04-03T03:16:16.894+0600][71.938s][info][gc,metaspace   ] GC(306) Metaspace: 73543K(74432K)->73543K(74432K) NonClass: 64253K(64704K)->64253K(64704K) Class: 9290K(9728K)->9290K(9728K)
[2026-04-03T03:16:16.894+0600][71.938s][info][gc             ] GC(306) Pause Young (Mixed) (G1 Humongous Allocation) (Evacuation Failure) 745M->664M(750M) 53.766ms
[2026-04-03T03:16:16.894+0600][71.938s][info][gc,cpu         ] GC(306) User=0.51s Sys=0.00s Real=0.05s
[2026-04-03T03:16:17.047+0600][72.091s][info][gc,start       ] GC(307) Pause Young (Mixed) (G1 Humongous Allocation)
[2026-04-03T03:16:17.047+0600][72.091s][info][gc,task        ] GC(307) Using 10 workers of 10 for evacuation
[2026-04-03T03:16:17.067+0600][72.111s][info][gc,phases      ] GC(307)   Pre Evacuate Collection Set: 0.45ms
[2026-04-03T03:16:17.067+0600][72.111s][info][gc,phases      ] GC(307)   Merge Heap Roots: 0.31ms
[2026-04-03T03:16:17.067+0600][72.111s][info][gc,phases      ] GC(307)   Evacuate Collection Set: 13.13ms
[2026-04-03T03:16:17.067+0600][72.111s][info][gc,phases      ] GC(307)   Post Evacuate Collection Set: 5.80ms
[2026-04-03T03:16:17.067+0600][72.111s][info][gc,phases      ] GC(307)   Other: 0.14ms
[2026-04-03T03:16:17.067+0600][72.111s][info][gc,heap        ] GC(307) Eden regions: 30->0(11)
[2026-04-03T03:16:17.067+0600][72.111s][info][gc,heap        ] GC(307) Survivor regions: 1->0(0)
[2026-04-03T03:16:17.067+0600][72.111s][info][gc,heap        ] GC(307) Old regions: 565->596
[2026-04-03T03:16:17.067+0600][72.111s][info][gc,heap        ] GC(307) Humongous regions: 154->143
[2026-04-03T03:16:17.067+0600][72.111s][info][gc,metaspace   ] GC(307) Metaspace: 73548K(74432K)->73548K(74432K) NonClass: 64258K(64704K)->64258K(64704K) Class: 9290K(9728K)->9290K(9728K)
[2026-04-03T03:16:17.067+0600][72.111s][info][gc             ] GC(307) Pause Young (Mixed) (G1 Humongous Allocation) (Evacuation Failure) 746M->735M(750M) 20.148ms
[2026-04-03T03:16:17.067+0600][72.111s][info][gc,cpu         ] GC(307) User=0.18s Sys=0.01s Real=0.02s
[2026-04-03T03:16:17.079+0600][72.123s][info][gc,start       ] GC(308) Pause Young (Mixed) (G1 Evacuation Pause)
[2026-04-03T03:16:17.079+0600][72.123s][info][gc,task        ] GC(308) Using 10 workers of 10 for evacuation
[2026-04-03T03:16:17.087+0600][72.131s][info][gc,phases      ] GC(308)   Pre Evacuate Collection Set: 0.38ms
[2026-04-03T03:16:17.087+0600][72.131s][info][gc,phases      ] GC(308)   Merge Heap Roots: 0.22ms
[2026-04-03T03:16:17.087+0600][72.131s][info][gc,phases      ] GC(308)   Evacuate Collection Set: 5.43ms
[2026-04-03T03:16:17.087+0600][72.131s][info][gc,phases      ] GC(308)   Post Evacuate Collection Set: 2.09ms
[2026-04-03T03:16:17.087+0600][72.131s][info][gc,phases      ] GC(308)   Other: 0.07ms
[2026-04-03T03:16:17.087+0600][72.131s][info][gc,heap        ] GC(308) Eden regions: 7->0(1)
[2026-04-03T03:16:17.087+0600][72.131s][info][gc,heap        ] GC(308) Survivor regions: 0->0(0)
[2026-04-03T03:16:17.087+0600][72.131s][info][gc,heap        ] GC(308) Old regions: 596->603
[2026-04-03T03:16:17.087+0600][72.131s][info][gc,heap        ] GC(308) Humongous regions: 147->147
[2026-04-03T03:16:17.087+0600][72.131s][info][gc,metaspace   ] GC(308) Metaspace: 73548K(74432K)->73548K(74432K) NonClass: 64258K(64704K)->64258K(64704K) Class: 9290K(9728K)->9290K(9728K)
[2026-04-03T03:16:17.087+0600][72.131s][info][gc             ] GC(308) Pause Young (Mixed) (G1 Evacuation Pause) (Evacuation Failure) 746M->746M(750M) 8.416ms
[2026-04-03T03:16:17.087+0600][72.131s][info][gc,cpu         ] GC(308) User=0.07s Sys=0.00s Real=0.01s
[2026-04-03T03:16:17.087+0600][72.131s][info][gc,ergo        ] Attempting full compaction
[2026-04-03T03:16:17.087+0600][72.131s][info][gc,start       ] GC(309) Pause Full (G1 Compaction Pause)
[2026-04-03T03:16:17.087+0600][72.131s][info][gc,task        ] GC(309) Using 10 workers of 10 for full compaction
[2026-04-03T03:16:17.087+0600][72.131s][info][gc,phases,start] GC(309) Phase 1: Mark live objects
[2026-04-03T03:16:17.160+0600][72.204s][info][gc,phases      ] GC(309) Phase 1: Mark live objects 72.264ms
[2026-04-03T03:16:17.160+0600][72.204s][info][gc,phases,start] GC(309) Phase 2: Prepare compaction
[2026-04-03T03:16:17.171+0600][72.215s][info][gc,phases      ] GC(309) Phase 2: Prepare compaction 11.765ms
[2026-04-03T03:16:17.171+0600][72.216s][info][gc,phases,start] GC(309) Phase 3: Adjust pointers
[2026-04-03T03:16:17.215+0600][72.259s][info][gc,phases      ] GC(309) Phase 3: Adjust pointers 43.132ms
[2026-04-03T03:16:17.215+0600][72.259s][info][gc,phases,start] GC(309) Phase 4: Compact heap
[2026-04-03T03:16:17.233+0600][72.277s][info][gc,phases      ] GC(309) Phase 4: Compact heap 18.531ms
[2026-04-03T03:16:17.233+0600][72.277s][info][gc,phases,start] GC(309) Phase 5: Reset Metadata
[2026-04-03T03:16:17.244+0600][72.288s][info][gc,phases      ] GC(309) Phase 5: Reset Metadata 10.917ms
[2026-04-03T03:16:17.267+0600][72.311s][info][gc,heap        ] GC(309) Eden regions: 0->0(400)
[2026-04-03T03:16:17.267+0600][72.311s][info][gc,heap        ] GC(309) Survivor regions: 0->0(0)
[2026-04-03T03:16:17.267+0600][72.311s][info][gc,heap        ] GC(309) Old regions: 603->170
[2026-04-03T03:16:17.267+0600][72.311s][info][gc,heap        ] GC(309) Humongous regions: 147->51
[2026-04-03T03:16:17.267+0600][72.311s][info][gc,metaspace   ] GC(309) Metaspace: 73548K(74432K)->73435K(74432K) NonClass: 64258K(64704K)->64165K(64704K) Class: 9290K(9728K)->9270K(9728K)
[2026-04-03T03:16:17.267+0600][72.311s][info][gc             ] GC(309) Pause Full (G1 Compaction Pause) 746M->216M(737M) 180.073ms
[2026-04-03T03:16:17.267+0600][72.311s][info][gc,cpu         ] GC(309) User=1.52s Sys=0.01s Real=0.18s
[2026-04-03T03:16:17.292+0600][72.336s][info][gc,start       ] GC(310) Pause Young (Concurrent Start) (G1 Humongous Allocation)
[2026-04-03T03:16:17.292+0600][72.336s][info][gc,task        ] GC(310) Using 10 workers of 10 for evacuation
[2026-04-03T03:16:17.297+0600][72.341s][info][gc,phases      ] GC(310)   Pre Evacuate Collection Set: 0.66ms
[2026-04-03T03:16:17.297+0600][72.341s][info][gc,phases      ] GC(310)   Merge Heap Roots: 0.08ms
[2026-04-03T03:16:17.297+0600][72.341s][info][gc,phases      ] GC(310)   Evacuate Collection Set: 3.21ms
[2026-04-03T03:16:17.297+0600][72.341s][info][gc,phases      ] GC(310)   Post Evacuate Collection Set: 0.33ms
[2026-04-03T03:16:17.297+0600][72.341s][info][gc,phases      ] GC(310)   Other: 0.17ms
[2026-04-03T03:16:17.297+0600][72.341s][info][gc,heap        ] GC(310) Eden regions: 20->0(391)
[2026-04-03T03:16:17.297+0600][72.341s][info][gc,heap        ] GC(310) Survivor regions: 0->3(50)
[2026-04-03T03:16:17.297+0600][72.341s][info][gc,heap        ] GC(310) Old regions: 170->170
[2026-04-03T03:16:17.297+0600][72.341s][info][gc,heap        ] GC(310) Humongous regions: 51->51
[2026-04-03T03:16:17.297+0600][72.341s][info][gc,metaspace   ] GC(310) Metaspace: 73435K(74432K)->73435K(74432K) NonClass: 64165K(64704K)->64165K(64704K) Class: 9270K(9728K)->9270K(9728K)
[2026-04-03T03:16:17.297+0600][72.341s][info][gc             ] GC(310) Pause Young (Concurrent Start) (G1 Humongous Allocation) 235M->219M(737M) 4.704ms
[2026-04-03T03:16:17.297+0600][72.341s][info][gc,cpu         ] GC(310) User=0.03s Sys=0.01s Real=0.00s
[2026-04-03T03:16:17.297+0600][72.341s][info][gc             ] GC(311) Concurrent Mark Cycle
[2026-04-03T03:16:17.297+0600][72.341s][info][gc,marking     ] GC(311) Concurrent Scan Root Regions
[2026-04-03T03:16:17.300+0600][72.344s][info][gc,marking     ] GC(311) Concurrent Scan Root Regions 2.500ms
[2026-04-03T03:16:17.300+0600][72.344s][info][gc,marking     ] GC(311) Concurrent Mark
[2026-04-03T03:16:17.300+0600][72.344s][info][gc,marking     ] GC(311) Concurrent Mark From Roots
[2026-04-03T03:16:17.300+0600][72.344s][info][gc,task        ] GC(311) Using 3 workers of 3 for marking
[2026-04-03T03:16:17.423+0600][72.468s][info][gc,marking     ] GC(311) Concurrent Mark From Roots 123.892ms
[2026-04-03T03:16:17.424+0600][72.468s][info][gc,marking     ] GC(311) Concurrent Preclean
[2026-04-03T03:16:17.424+0600][72.468s][info][gc,marking     ] GC(311) Concurrent Preclean 0.122ms
[2026-04-03T03:16:17.424+0600][72.468s][info][gc,start       ] GC(311) Pause Remark
[2026-04-03T03:16:17.428+0600][72.472s][info][gc             ] GC(311) Pause Remark 340M->340M(737M) 3.817ms
[2026-04-03T03:16:17.428+0600][72.472s][info][gc,cpu         ] GC(311) User=0.03s Sys=0.00s Real=0.00s
[2026-04-03T03:16:17.428+0600][72.472s][info][gc,marking     ] GC(311) Concurrent Mark 128.378ms
[2026-04-03T03:16:17.428+0600][72.472s][info][gc,marking     ] GC(311) Concurrent Rebuild Remembered Sets and Scrub Regions
[2026-04-03T03:16:17.471+0600][72.515s][info][gc,marking     ] GC(311) Concurrent Rebuild Remembered Sets and Scrub Regions 43.189ms
[2026-04-03T03:16:17.471+0600][72.516s][info][gc,start       ] GC(311) Pause Cleanup
[2026-04-03T03:16:17.472+0600][72.516s][info][gc             ] GC(311) Pause Cleanup 425M->425M(737M) 0.336ms
[2026-04-03T03:16:17.472+0600][72.516s][info][gc,cpu         ] GC(311) User=0.00s Sys=0.00s Real=0.00s
[2026-04-03T03:16:17.472+0600][72.516s][info][gc,marking     ] GC(311) Concurrent Clear Claimed Marks
[2026-04-03T03:16:17.472+0600][72.516s][info][gc,marking     ] GC(311) Concurrent Clear Claimed Marks 0.135ms
[2026-04-03T03:16:17.472+0600][72.516s][info][gc,marking     ] GC(311) Concurrent Cleanup for Next Mark
[2026-04-03T03:16:17.473+0600][72.517s][info][gc,marking     ] GC(311) Concurrent Cleanup for Next Mark 0.748ms
[2026-04-03T03:16:17.473+0600][72.517s][info][gc             ] GC(311) Concurrent Mark Cycle 176.001ms
[2026-04-03T03:16:17.549+0600][72.593s][info][gc,start       ] GC(312) Pause Young (Prepare Mixed) (G1 Evacuation Pause)
[2026-04-03T03:16:17.549+0600][72.593s][info][gc,task        ] GC(312) Using 10 workers of 10 for evacuation
[2026-04-03T03:16:17.565+0600][72.609s][info][gc,phases      ] GC(312)   Pre Evacuate Collection Set: 0.42ms
[2026-04-03T03:16:17.565+0600][72.609s][info][gc,phases      ] GC(312)   Merge Heap Roots: 0.35ms
[2026-04-03T03:16:17.565+0600][72.609s][info][gc,phases      ] GC(312)   Evacuate Collection Set: 13.30ms
[2026-04-03T03:16:17.565+0600][72.609s][info][gc,phases      ] GC(312)   Post Evacuate Collection Set: 1.04ms
[2026-04-03T03:16:17.565+0600][72.609s][info][gc,phases      ] GC(312)   Other: 0.15ms
[2026-04-03T03:16:17.565+0600][72.609s][info][gc,heap        ] GC(312) Eden regions: 391->0(361)
[2026-04-03T03:16:17.565+0600][72.609s][info][gc,heap        ] GC(312) Survivor regions: 3->30(50)
[2026-04-03T03:16:17.565+0600][72.609s][info][gc,heap        ] GC(312) Old regions: 170->170
[2026-04-03T03:16:17.565+0600][72.609s][info][gc,heap        ] GC(312) Humongous regions: 67->67
[2026-04-03T03:16:17.565+0600][72.609s][info][gc,metaspace   ] GC(312) Metaspace: 73440K(74432K)->73440K(74432K) NonClass: 64169K(64704K)->64169K(64704K) Class: 9270K(9728K)->9270K(9728K)
[2026-04-03T03:16:17.565+0600][72.609s][info][gc             ] GC(312) Pause Young (Prepare Mixed) (G1 Evacuation Pause) 626M->262M(737M) 15.759ms
[2026-04-03T03:16:17.565+0600][72.609s][info][gc,cpu         ] GC(312) User=0.13s Sys=0.00s Real=0.02s
[2026-04-03T03:16:18.293+0600][73.337s][info][gc,heap,exit   ] Heap
[2026-04-03T03:16:18.293+0600][73.337s][info][gc,heap,exit   ]  garbage-first heap   total 754688K, used 592256K [0x00000000d1200000, 0x0000000100000000)
[2026-04-03T03:16:18.293+0600][73.337s][info][gc,heap,exit   ]   region size 1024K, 337 young (345088K), 30 survivors (30720K)
[2026-04-03T03:16:18.293+0600][73.337s][info][gc,heap,exit   ]  Metaspace       used 73947K, committed 74752K, reserved 1179648K
[2026-04-03T03:16:18.293+0600][73.337s][info][gc,heap,exit   ]   class space    used 9372K, committed 9728K, reserved 1048576K
