[2026-04-03T03:30:12.220+0600][0.004s][info][gc,init] CardTable entry size: 512
[2026-04-03T03:30:12.221+0600][0.004s][info][gc     ] Using G1
[2026-04-03T03:30:12.224+0600][0.007s][info][gc,init] Version: 21.0.10+7-Ubuntu-124.04 (release)
[2026-04-03T03:30:12.224+0600][0.007s][info][gc,init] CPUs: 12 total, 12 available
[2026-04-03T03:30:12.224+0600][0.007s][info][gc,init] Memory: 15683M
[2026-04-03T03:30:12.224+0600][0.007s][info][gc,init] Large Page Support: Disabled
[2026-04-03T03:30:12.224+0600][0.007s][info][gc,init] NUMA Support: Disabled
[2026-04-03T03:30:12.224+0600][0.007s][info][gc,init] Compressed Oops: Enabled (32-bit)
[2026-04-03T03:30:12.224+0600][0.007s][info][gc,init] Heap Region Size: 1M
[2026-04-03T03:30:12.224+0600][0.007s][info][gc,init] Heap Min Capacity: 8M
[2026-04-03T03:30:12.224+0600][0.007s][info][gc,init] Heap Initial Capacity: 246M
[2026-04-03T03:30:12.224+0600][0.007s][info][gc,init] Heap Max Capacity: 1500M
[2026-04-03T03:30:12.224+0600][0.007s][info][gc,init] Pre-touch: Disabled
[2026-04-03T03:30:12.224+0600][0.007s][info][gc,init] Parallel Workers: 10
[2026-04-03T03:30:12.224+0600][0.007s][info][gc,init] Concurrent Workers: 3
[2026-04-03T03:30:12.224+0600][0.007s][info][gc,init] Concurrent Refinement Workers: 10
[2026-04-03T03:30:12.224+0600][0.007s][info][gc,init] Periodic GC: Disabled
[2026-04-03T03:30:12.235+0600][0.018s][info][gc,metaspace] CDS archive(s) mapped at: [0x000071ef3f000000-0x000071ef3fc9c000-0x000071ef3fc9c000), size 13221888, SharedBaseAddress: 0x000071ef3f000000, ArchiveRelocationMode: 1.
[2026-04-03T03:30:12.235+0600][0.018s][info][gc,metaspace] Compressed class space mapped at: 0x000071ef40000000-0x000071ef80000000, reserved size: 1073741824
[2026-04-03T03:30:12.235+0600][0.018s][info][gc,metaspace] Narrow klass base: 0x000071ef3f000000, Narrow klass shift: 0, Narrow klass range: 0x100000000
[2026-04-03T03:30:12.597+0600][0.380s][info][gc,start    ] GC(0) Pause Young (Normal) (G1 Evacuation Pause)
[2026-04-03T03:30:12.597+0600][0.381s][info][gc,task     ] GC(0) Using 5 workers of 10 for evacuation
[2026-04-03T03:30:12.600+0600][0.383s][info][gc,phases   ] GC(0)   Pre Evacuate Collection Set: 0.13ms
[2026-04-03T03:30:12.600+0600][0.383s][info][gc,phases   ] GC(0)   Merge Heap Roots: 0.11ms
[2026-04-03T03:30:12.600+0600][0.384s][info][gc,phases   ] GC(0)   Evacuate Collection Set: 1.93ms
[2026-04-03T03:30:12.600+0600][0.384s][info][gc,phases   ] GC(0)   Post Evacuate Collection Set: 0.34ms
[2026-04-03T03:30:12.600+0600][0.384s][info][gc,phases   ] GC(0)   Other: 0.79ms
[2026-04-03T03:30:12.600+0600][0.384s][info][gc,heap     ] GC(0) Eden regions: 23->0(46)
[2026-04-03T03:30:12.600+0600][0.384s][info][gc,heap     ] GC(0) Survivor regions: 0->3(3)
[2026-04-03T03:30:12.600+0600][0.384s][info][gc,heap     ] GC(0) Old regions: 2->2
[2026-04-03T03:30:12.600+0600][0.384s][info][gc,heap     ] GC(0) Humongous regions: 0->0
[2026-04-03T03:30:12.600+0600][0.384s][info][gc,metaspace] GC(0) Metaspace: 2597K(2752K)->2597K(2752K) NonClass: 2364K(2432K)->2364K(2432K) Class: 233K(320K)->233K(320K)
[2026-04-03T03:30:12.600+0600][0.384s][info][gc          ] GC(0) Pause Young (Normal) (G1 Evacuation Pause) 24M->3M(248M) 3.589ms
[2026-04-03T03:30:12.600+0600][0.384s][info][gc,cpu      ] GC(0) User=0.01s Sys=0.00s Real=0.01s
[2026-04-03T03:30:12.740+0600][0.523s][info][gc,start    ] GC(1) Pause Young (Normal) (G1 Evacuation Pause)
[2026-04-03T03:30:12.740+0600][0.523s][info][gc,task     ] GC(1) Using 5 workers of 10 for evacuation
[2026-04-03T03:30:12.742+0600][0.526s][info][gc,phases   ] GC(1)   Pre Evacuate Collection Set: 0.34ms
[2026-04-03T03:30:12.743+0600][0.526s][info][gc,phases   ] GC(1)   Merge Heap Roots: 0.12ms
[2026-04-03T03:30:12.743+0600][0.526s][info][gc,phases   ] GC(1)   Evacuate Collection Set: 1.78ms
[2026-04-03T03:30:12.743+0600][0.526s][info][gc,phases   ] GC(1)   Post Evacuate Collection Set: 0.44ms
[2026-04-03T03:30:12.743+0600][0.526s][info][gc,phases   ] GC(1)   Other: 0.11ms
[2026-04-03T03:30:12.743+0600][0.526s][info][gc,heap     ] GC(1) Eden regions: 46->0(144)
[2026-04-03T03:30:12.743+0600][0.526s][info][gc,heap     ] GC(1) Survivor regions: 3->3(7)
[2026-04-03T03:30:12.743+0600][0.526s][info][gc,heap     ] GC(1) Old regions: 2->2
[2026-04-03T03:30:12.743+0600][0.526s][info][gc,heap     ] GC(1) Humongous regions: 0->0
[2026-04-03T03:30:12.743+0600][0.526s][info][gc,metaspace] GC(1) Metaspace: 3947K(4096K)->3947K(4096K) NonClass: 3498K(3584K)->3498K(3584K) Class: 448K(512K)->448K(512K)
[2026-04-03T03:30:12.743+0600][0.526s][info][gc          ] GC(1) Pause Young (Normal) (G1 Evacuation Pause) 49M->3M(248M) 3.048ms
[2026-04-03T03:30:12.743+0600][0.526s][info][gc,cpu      ] GC(1) User=0.01s Sys=0.01s Real=0.01s
[2026-04-03T03:30:13.302+0600][1.085s][info][gc,start    ] GC(2) Pause Young (Normal) (G1 Evacuation Pause)
[2026-04-03T03:30:13.302+0600][1.086s][info][gc,task     ] GC(2) Using 5 workers of 10 for evacuation
[2026-04-03T03:30:13.305+0600][1.089s][info][gc,phases   ] GC(2)   Pre Evacuate Collection Set: 0.18ms
[2026-04-03T03:30:13.306+0600][1.089s][info][gc,phases   ] GC(2)   Merge Heap Roots: 0.06ms
[2026-04-03T03:30:13.306+0600][1.089s][info][gc,phases   ] GC(2)   Evacuate Collection Set: 2.41ms
[2026-04-03T03:30:13.306+0600][1.089s][info][gc,phases   ] GC(2)   Post Evacuate Collection Set: 0.55ms
[2026-04-03T03:30:13.306+0600][1.089s][info][gc,phases   ] GC(2)   Other: 0.09ms
[2026-04-03T03:30:13.306+0600][1.089s][info][gc,heap     ] GC(2) Eden regions: 144->0(143)
[2026-04-03T03:30:13.306+0600][1.089s][info][gc,heap     ] GC(2) Survivor regions: 3->4(19)
[2026-04-03T03:30:13.306+0600][1.089s][info][gc,heap     ] GC(2) Old regions: 2->2
[2026-04-03T03:30:13.306+0600][1.089s][info][gc,heap     ] GC(2) Humongous regions: 0->0
[2026-04-03T03:30:13.306+0600][1.089s][info][gc,metaspace] GC(2) Metaspace: 10109K(10368K)->10109K(10368K) NonClass: 8850K(9024K)->8850K(9024K) Class: 1259K(1344K)->1259K(1344K)
[2026-04-03T03:30:13.306+0600][1.089s][info][gc          ] GC(2) Pause Young (Normal) (G1 Evacuation Pause) 147M->4M(248M) 3.552ms
[2026-04-03T03:30:13.306+0600][1.089s][info][gc,cpu      ] GC(2) User=0.01s Sys=0.01s Real=0.00s
[2026-04-03T03:30:15.978+0600][3.762s][info][gc,start    ] GC(3) Pause Young (Normal) (G1 Evacuation Pause)
[2026-04-03T03:30:15.979+0600][3.762s][info][gc,task     ] GC(3) Using 5 workers of 10 for evacuation
[2026-04-03T03:30:15.986+0600][3.769s][info][gc,phases   ] GC(3)   Pre Evacuate Collection Set: 0.31ms
[2026-04-03T03:30:15.986+0600][3.769s][info][gc,phases   ] GC(3)   Merge Heap Roots: 0.08ms
[2026-04-03T03:30:15.986+0600][3.769s][info][gc,phases   ] GC(3)   Evacuate Collection Set: 5.65ms
[2026-04-03T03:30:15.986+0600][3.769s][info][gc,phases   ] GC(3)   Post Evacuate Collection Set: 1.26ms
[2026-04-03T03:30:15.986+0600][3.769s][info][gc,phases   ] GC(3)   Other: 0.10ms
[2026-04-03T03:30:15.986+0600][3.770s][info][gc,heap     ] GC(3) Eden regions: 143->0(133)
[2026-04-03T03:30:15.986+0600][3.770s][info][gc,heap     ] GC(3) Survivor regions: 4->14(19)
[2026-04-03T03:30:15.986+0600][3.770s][info][gc,heap     ] GC(3) Old regions: 2->2
[2026-04-03T03:30:15.986+0600][3.770s][info][gc,heap     ] GC(3) Humongous regions: 7->7
[2026-04-03T03:30:15.986+0600][3.770s][info][gc,metaspace] GC(3) Metaspace: 19342K(19648K)->19342K(19648K) NonClass: 16899K(17088K)->16899K(17088K) Class: 2443K(2560K)->2443K(2560K)
[2026-04-03T03:30:15.986+0600][3.770s][info][gc          ] GC(3) Pause Young (Normal) (G1 Evacuation Pause) 154M->21M(248M) 7.743ms
[2026-04-03T03:30:15.986+0600][3.770s][info][gc,cpu      ] GC(3) User=0.04s Sys=0.00s Real=0.01s
[2026-04-03T03:30:16.096+0600][3.879s][info][gc,start    ] GC(4) Pause Young (Concurrent Start) (Metadata GC Threshold)
[2026-04-03T03:30:16.096+0600][3.879s][info][gc,task     ] GC(4) Using 5 workers of 10 for evacuation
[2026-04-03T03:30:16.101+0600][3.885s][info][gc,phases   ] GC(4)   Pre Evacuate Collection Set: 0.37ms
[2026-04-03T03:30:16.101+0600][3.885s][info][gc,phases   ] GC(4)   Merge Heap Roots: 0.06ms
[2026-04-03T03:30:16.101+0600][3.885s][info][gc,phases   ] GC(4)   Evacuate Collection Set: 4.47ms
[2026-04-03T03:30:16.101+0600][3.885s][info][gc,phases   ] GC(4)   Post Evacuate Collection Set: 0.54ms
[2026-04-03T03:30:16.101+0600][3.885s][info][gc,phases   ] GC(4)   Other: 0.22ms
[2026-04-03T03:30:16.101+0600][3.885s][info][gc,heap     ] GC(4) Eden regions: 3->0(136)
[2026-04-03T03:30:16.101+0600][3.885s][info][gc,heap     ] GC(4) Survivor regions: 14->11(19)
[2026-04-03T03:30:16.101+0600][3.885s][info][gc,heap     ] GC(4) Old regions: 2->6
[2026-04-03T03:30:16.101+0600][3.885s][info][gc,heap     ] GC(4) Humongous regions: 7->7
[2026-04-03T03:30:16.101+0600][3.885s][info][gc,metaspace] GC(4) Metaspace: 21267K(21504K)->21267K(21504K) NonClass: 18629K(18752K)->18629K(18752K) Class: 2637K(2752K)->2637K(2752K)
[2026-04-03T03:30:16.101+0600][3.885s][info][gc          ] GC(4) Pause Young (Concurrent Start) (Metadata GC Threshold) 24M->22M(248M) 5.871ms
[2026-04-03T03:30:16.101+0600][3.885s][info][gc,cpu      ] GC(4) User=0.02s Sys=0.00s Real=0.01s
[2026-04-03T03:30:16.101+0600][3.885s][info][gc          ] GC(5) Concurrent Mark Cycle
[2026-04-03T03:30:16.102+0600][3.885s][info][gc,marking  ] GC(5) Concurrent Scan Root Regions
[2026-04-03T03:30:16.104+0600][3.888s][info][gc,marking  ] GC(5) Concurrent Scan Root Regions 2.597ms
[2026-04-03T03:30:16.104+0600][3.888s][info][gc,marking  ] GC(5) Concurrent Mark
[2026-04-03T03:30:16.104+0600][3.888s][info][gc,marking  ] GC(5) Concurrent Mark From Roots
[2026-04-03T03:30:16.104+0600][3.888s][info][gc,task     ] GC(5) Using 3 workers of 3 for marking
[2026-04-03T03:30:16.107+0600][3.891s][info][gc,marking  ] GC(5) Concurrent Mark From Roots 3.057ms
[2026-04-03T03:30:16.107+0600][3.891s][info][gc,marking  ] GC(5) Concurrent Preclean
[2026-04-03T03:30:16.107+0600][3.891s][info][gc,marking  ] GC(5) Concurrent Preclean 0.017ms
[2026-04-03T03:30:16.108+0600][3.891s][info][gc,start    ] GC(5) Pause Remark
[2026-04-03T03:30:16.110+0600][3.894s][info][gc          ] GC(5) Pause Remark 22M->22M(80M) 2.841ms
[2026-04-03T03:30:16.110+0600][3.894s][info][gc,cpu      ] GC(5) User=0.01s Sys=0.00s Real=0.01s
[2026-04-03T03:30:16.111+0600][3.894s][info][gc,marking  ] GC(5) Concurrent Mark 6.314ms
[2026-04-03T03:30:16.111+0600][3.894s][info][gc,marking  ] GC(5) Concurrent Rebuild Remembered Sets and Scrub Regions
[2026-04-03T03:30:16.112+0600][3.896s][info][gc,marking  ] GC(5) Concurrent Rebuild Remembered Sets and Scrub Regions 1.676ms
[2026-04-03T03:30:16.122+0600][3.905s][info][gc,start    ] GC(5) Pause Cleanup
[2026-04-03T03:30:16.122+0600][3.905s][info][gc          ] GC(5) Pause Cleanup 22M->22M(80M) 0.136ms
[2026-04-03T03:30:16.122+0600][3.905s][info][gc,cpu      ] GC(5) User=0.00s Sys=0.00s Real=0.00s
[2026-04-03T03:30:16.122+0600][3.906s][info][gc,marking  ] GC(5) Concurrent Clear Claimed Marks
[2026-04-03T03:30:16.122+0600][3.906s][info][gc,marking  ] GC(5) Concurrent Clear Claimed Marks 0.059ms
[2026-04-03T03:30:16.122+0600][3.906s][info][gc,marking  ] GC(5) Concurrent Cleanup for Next Mark
[2026-04-03T03:30:16.123+0600][3.907s][info][gc,marking  ] GC(5) Concurrent Cleanup for Next Mark 0.922ms
[2026-04-03T03:30:16.123+0600][3.907s][info][gc          ] GC(5) Concurrent Mark Cycle 21.800ms
[2026-04-03T03:30:17.429+0600][5.213s][info][gc,start    ] GC(6) Pause Young (Prepare Mixed) (G1 Evacuation Pause)
[2026-04-03T03:30:17.430+0600][5.213s][info][gc,task     ] GC(6) Using 3 workers of 10 for evacuation
[2026-04-03T03:30:17.439+0600][5.222s][info][gc,phases   ] GC(6)   Pre Evacuate Collection Set: 0.12ms
[2026-04-03T03:30:17.439+0600][5.222s][info][gc,phases   ] GC(6)   Merge Heap Roots: 0.10ms
[2026-04-03T03:30:17.439+0600][5.222s][info][gc,phases   ] GC(6)   Evacuate Collection Set: 7.72ms
[2026-04-03T03:30:17.439+0600][5.222s][info][gc,phases   ] GC(6)   Post Evacuate Collection Set: 1.11ms
[2026-04-03T03:30:17.439+0600][5.222s][info][gc,phases   ] GC(6)   Other: 0.07ms
[2026-04-03T03:30:17.439+0600][5.222s][info][gc,heap     ] GC(6) Eden regions: 54->0(57)
[2026-04-03T03:30:17.439+0600][5.222s][info][gc,heap     ] GC(6) Survivor regions: 11->3(19)
[2026-04-03T03:30:17.439+0600][5.222s][info][gc,heap     ] GC(6) Old regions: 6->17
[2026-04-03T03:30:17.439+0600][5.222s][info][gc,heap     ] GC(6) Humongous regions: 15->9
[2026-04-03T03:30:17.439+0600][5.222s][info][gc,metaspace] GC(6) Metaspace: 28467K(28800K)->28467K(28800K) NonClass: 24936K(25088K)->24936K(25088K) Class: 3531K(3712K)->3531K(3712K)
[2026-04-03T03:30:17.439+0600][5.222s][info][gc          ] GC(6) Pause Young (Prepare Mixed) (G1 Evacuation Pause) 84M->25M(100M) 9.338ms
[2026-04-03T03:30:17.439+0600][5.222s][info][gc,cpu      ] GC(6) User=0.03s Sys=0.01s Real=0.01s
[2026-04-03T03:30:18.907+0600][6.691s][info][gc,start    ] GC(7) Pause Young (Mixed) (Metadata GC Threshold)
[2026-04-03T03:30:18.908+0600][6.691s][info][gc,task     ] GC(7) Using 2 workers of 10 for evacuation
[2026-04-03T03:30:18.915+0600][6.699s][info][gc,phases   ] GC(7)   Pre Evacuate Collection Set: 0.31ms
[2026-04-03T03:30:18.915+0600][6.699s][info][gc,phases   ] GC(7)   Merge Heap Roots: 0.15ms
[2026-04-03T03:30:18.915+0600][6.699s][info][gc,phases   ] GC(7)   Evacuate Collection Set: 6.47ms
[2026-04-03T03:30:18.915+0600][6.699s][info][gc,phases   ] GC(7)   Post Evacuate Collection Set: 0.59ms
[2026-04-03T03:30:18.915+0600][6.699s][info][gc,phases   ] GC(7)   Other: 0.10ms
[2026-04-03T03:30:18.915+0600][6.699s][info][gc,heap     ] GC(7) Eden regions: 56->0(56)
[2026-04-03T03:30:18.915+0600][6.699s][info][gc,heap     ] GC(7) Survivor regions: 3->5(8)
[2026-04-03T03:30:18.915+0600][6.699s][info][gc,heap     ] GC(7) Old regions: 17->16
[2026-04-03T03:30:18.915+0600][6.699s][info][gc,heap     ] GC(7) Humongous regions: 21->7
[2026-04-03T03:30:18.915+0600][6.699s][info][gc,metaspace] GC(7) Metaspace: 35744K(36096K)->35744K(36096K) NonClass: 31303K(31488K)->31303K(31488K) Class: 4440K(4608K)->4440K(4608K)
[2026-04-03T03:30:18.915+0600][6.699s][info][gc          ] GC(7) Pause Young (Mixed) (Metadata GC Threshold) 93M->26M(102M) 7.858ms
[2026-04-03T03:30:18.915+0600][6.699s][info][gc,cpu      ] GC(7) User=0.01s Sys=0.00s Real=0.01s
[2026-04-03T03:30:18.940+0600][6.723s][info][gc,start    ] GC(8) Pause Young (Concurrent Start) (Metadata GC Threshold)
[2026-04-03T03:30:18.940+0600][6.723s][info][gc,task     ] GC(8) Using 2 workers of 10 for evacuation
[2026-04-03T03:30:18.947+0600][6.730s][info][gc,phases   ] GC(8)   Pre Evacuate Collection Set: 0.42ms
[2026-04-03T03:30:18.947+0600][6.731s][info][gc,phases   ] GC(8)   Merge Heap Roots: 0.16ms
[2026-04-03T03:30:18.947+0600][6.731s][info][gc,phases   ] GC(8)   Evacuate Collection Set: 5.94ms
[2026-04-03T03:30:18.947+0600][6.731s][info][gc,phases   ] GC(8)   Post Evacuate Collection Set: 0.53ms
[2026-04-03T03:30:18.947+0600][6.731s][info][gc,phases   ] GC(8)   Other: 0.19ms
[2026-04-03T03:30:18.947+0600][6.731s][info][gc,heap     ] GC(8) Eden regions: 3->0(56)
[2026-04-03T03:30:18.947+0600][6.731s][info][gc,heap     ] GC(8) Survivor regions: 5->5(8)
[2026-04-03T03:30:18.947+0600][6.731s][info][gc,heap     ] GC(8) Old regions: 16->16
[2026-04-03T03:30:18.947+0600][6.731s][info][gc,heap     ] GC(8) Humongous regions: 7->7
[2026-04-03T03:30:18.947+0600][6.731s][info][gc,metaspace] GC(8) Metaspace: 36099K(36416K)->36099K(36416K) NonClass: 31617K(31808K)->31617K(31808K) Class: 4481K(4608K)->4481K(4608K)
[2026-04-03T03:30:18.947+0600][6.731s][info][gc          ] GC(8) Pause Young (Concurrent Start) (Metadata GC Threshold) 28M->26M(102M) 7.447ms
[2026-04-03T03:30:18.947+0600][6.731s][info][gc,cpu      ] GC(8) User=0.01s Sys=0.00s Real=0.00s
[2026-04-03T03:30:18.947+0600][6.731s][info][gc          ] GC(9) Concurrent Mark Cycle
[2026-04-03T03:30:18.947+0600][6.731s][info][gc,marking  ] GC(9) Concurrent Scan Root Regions
[2026-04-03T03:30:18.949+0600][6.733s][info][gc,marking  ] GC(9) Concurrent Scan Root Regions 1.841ms
[2026-04-03T03:30:18.949+0600][6.733s][info][gc,marking  ] GC(9) Concurrent Mark
[2026-04-03T03:30:18.949+0600][6.733s][info][gc,marking  ] GC(9) Concurrent Mark From Roots
[2026-04-03T03:30:18.949+0600][6.733s][info][gc,task     ] GC(9) Using 3 workers of 3 for marking
[2026-04-03T03:30:18.955+0600][6.738s][info][gc,marking  ] GC(9) Concurrent Mark From Roots 5.695ms
[2026-04-03T03:30:18.955+0600][6.738s][info][gc,marking  ] GC(9) Concurrent Preclean
[2026-04-03T03:30:18.955+0600][6.739s][info][gc,marking  ] GC(9) Concurrent Preclean 0.070ms
[2026-04-03T03:30:18.955+0600][6.739s][info][gc,start    ] GC(9) Pause Remark
[2026-04-03T03:30:18.960+0600][6.743s][info][gc          ] GC(9) Pause Remark 27M->27M(94M) 4.685ms
[2026-04-03T03:30:18.960+0600][6.744s][info][gc,cpu      ] GC(9) User=0.01s Sys=0.00s Real=0.01s
[2026-04-03T03:30:18.960+0600][6.744s][info][gc,marking  ] GC(9) Concurrent Mark 10.905ms
[2026-04-03T03:30:18.960+0600][6.744s][info][gc,marking  ] GC(9) Concurrent Rebuild Remembered Sets and Scrub Regions
[2026-04-03T03:30:18.963+0600][6.746s][info][gc,marking  ] GC(9) Concurrent Rebuild Remembered Sets and Scrub Regions 2.490ms
[2026-04-03T03:30:18.963+0600][6.746s][info][gc,start    ] GC(9) Pause Cleanup
[2026-04-03T03:30:18.963+0600][6.747s][info][gc          ] GC(9) Pause Cleanup 27M->27M(94M) 0.249ms
[2026-04-03T03:30:18.963+0600][6.747s][info][gc,cpu      ] GC(9) User=0.00s Sys=0.00s Real=0.00s
[2026-04-03T03:30:18.963+0600][6.747s][info][gc,marking  ] GC(9) Concurrent Clear Claimed Marks
[2026-04-03T03:30:18.964+0600][6.747s][info][gc,marking  ] GC(9) Concurrent Clear Claimed Marks 0.060ms
[2026-04-03T03:30:18.964+0600][6.747s][info][gc,marking  ] GC(9) Concurrent Cleanup for Next Mark
[2026-04-03T03:30:18.964+0600][6.747s][info][gc,marking  ] GC(9) Concurrent Cleanup for Next Mark 0.292ms
[2026-04-03T03:30:18.964+0600][6.747s][info][gc          ] GC(9) Concurrent Mark Cycle 16.492ms
[2026-04-03T03:30:20.493+0600][8.277s][info][gc,start    ] GC(10) Pause Young (Prepare Mixed) (G1 Evacuation Pause)
[2026-04-03T03:30:20.494+0600][8.277s][info][gc,task     ] GC(10) Using 2 workers of 10 for evacuation
[2026-04-03T03:30:20.505+0600][8.288s][info][gc,phases   ] GC(10)   Pre Evacuate Collection Set: 0.31ms
[2026-04-03T03:30:20.505+0600][8.288s][info][gc,phases   ] GC(10)   Merge Heap Roots: 0.14ms
[2026-04-03T03:30:20.505+0600][8.288s][info][gc,phases   ] GC(10)   Evacuate Collection Set: 10.03ms
[2026-04-03T03:30:20.505+0600][8.288s][info][gc,phases   ] GC(10)   Post Evacuate Collection Set: 0.54ms
[2026-04-03T03:30:20.505+0600][8.288s][info][gc,phases   ] GC(10)   Other: 0.07ms
[2026-04-03T03:30:20.505+0600][8.288s][info][gc,heap     ] GC(10) Eden regions: 53->0(54)
[2026-04-03T03:30:20.505+0600][8.288s][info][gc,heap     ] GC(10) Survivor regions: 5->6(8)
[2026-04-03T03:30:20.505+0600][8.288s][info][gc,heap     ] GC(10) Old regions: 16->17
[2026-04-03T03:30:20.505+0600][8.288s][info][gc,heap     ] GC(10) Humongous regions: 20->8
[2026-04-03T03:30:20.505+0600][8.288s][info][gc,metaspace] GC(10) Metaspace: 42777K(43200K)->42777K(43200K) NonClass: 37469K(37696K)->37469K(37696K) Class: 5307K(5504K)->5307K(5504K)
[2026-04-03T03:30:20.505+0600][8.288s][info][gc          ] GC(10) Pause Young (Prepare Mixed) (G1 Evacuation Pause) 92M->29M(101M) 11.329ms
[2026-04-03T03:30:20.505+0600][8.288s][info][gc,cpu      ] GC(10) User=0.03s Sys=0.00s Real=0.01s
[2026-04-03T03:30:21.011+0600][8.794s][info][gc,start    ] GC(11) Pause Young (Mixed) (G1 Evacuation Pause)
[2026-04-03T03:30:21.011+0600][8.794s][info][gc,task     ] GC(11) Using 2 workers of 10 for evacuation
[2026-04-03T03:30:21.064+0600][8.847s][info][gc,phases   ] GC(11)   Pre Evacuate Collection Set: 0.24ms
[2026-04-03T03:30:21.064+0600][8.847s][info][gc,phases   ] GC(11)   Merge Heap Roots: 0.10ms
[2026-04-03T03:30:21.064+0600][8.847s][info][gc,phases   ] GC(11)   Evacuate Collection Set: 50.91ms
[2026-04-03T03:30:21.064+0600][8.847s][info][gc,phases   ] GC(11)   Post Evacuate Collection Set: 1.51ms
[2026-04-03T03:30:21.064+0600][8.847s][info][gc,phases   ] GC(11)   Other: 0.07ms
[2026-04-03T03:30:21.064+0600][8.847s][info][gc,heap     ] GC(11) Eden regions: 54->0(48)
[2026-04-03T03:30:21.064+0600][8.847s][info][gc,heap     ] GC(11) Survivor regions: 6->8(8)
[2026-04-03T03:30:21.064+0600][8.847s][info][gc,heap     ] GC(11) Old regions: 17->22
[2026-04-03T03:30:21.064+0600][8.847s][info][gc,heap     ] GC(11) Humongous regions: 8->8
[2026-04-03T03:30:21.064+0600][8.847s][info][gc,metaspace] GC(11) Metaspace: 49457K(49920K)->49457K(49920K) NonClass: 43324K(43584K)->43324K(43584K) Class: 6133K(6336K)->6133K(6336K)
[2026-04-03T03:30:21.064+0600][8.847s][info][gc          ] GC(11) Pause Young (Mixed) (G1 Evacuation Pause) 83M->37M(101M) 53.097ms
[2026-04-03T03:30:21.064+0600][8.847s][info][gc,cpu      ] GC(11) User=0.12s Sys=0.00s Real=0.05s
[2026-04-03T03:30:21.166+0600][8.949s][info][gc,start    ] GC(12) Pause Young (Normal) (G1 Evacuation Pause)
[2026-04-03T03:30:21.166+0600][8.950s][info][gc,task     ] GC(12) Using 2 workers of 10 for evacuation
[2026-04-03T03:30:21.411+0600][9.195s][info][gc,mmu      ] GC(12) MMU target violated: 201.0ms (200.0ms/201.0ms)
[2026-04-03T03:30:21.411+0600][9.195s][info][gc,phases   ] GC(12)   Pre Evacuate Collection Set: 0.44ms
[2026-04-03T03:30:21.411+0600][9.195s][info][gc,phases   ] GC(12)   Merge Heap Roots: 0.08ms
[2026-04-03T03:30:21.411+0600][9.195s][info][gc,phases   ] GC(12)   Evacuate Collection Set: 243.52ms
[2026-04-03T03:30:21.411+0600][9.195s][info][gc,phases   ] GC(12)   Post Evacuate Collection Set: 1.00ms
[2026-04-03T03:30:21.411+0600][9.195s][info][gc,phases   ] GC(12)   Other: 0.18ms
[2026-04-03T03:30:21.411+0600][9.195s][info][gc,heap     ] GC(12) Eden regions: 48->0(23)
[2026-04-03T03:30:21.411+0600][9.195s][info][gc,heap     ] GC(12) Survivor regions: 8->7(7)
[2026-04-03T03:30:21.411+0600][9.195s][info][gc,heap     ] GC(12) Old regions: 22->71
[2026-04-03T03:30:21.411+0600][9.195s][info][gc,heap     ] GC(12) Humongous regions: 8->8
[2026-04-03T03:30:21.411+0600][9.195s][info][gc,metaspace] GC(12) Metaspace: 49466K(49920K)->49466K(49920K) NonClass: 43332K(43584K)->43332K(43584K) Class: 6133K(6336K)->6133K(6336K)
[2026-04-03T03:30:21.411+0600][9.195s][info][gc          ] GC(12) Pause Young (Normal) (G1 Evacuation Pause) 85M->85M(142M) 245.392ms
[2026-04-03T03:30:21.412+0600][9.195s][info][gc,cpu      ] GC(12) User=0.46s Sys=0.03s Real=0.25s
[2026-04-03T03:30:21.469+0600][9.253s][info][gc,start    ] GC(13) Pause Young (Concurrent Start) (G1 Evacuation Pause)
[2026-04-03T03:30:21.470+0600][9.253s][info][gc,task     ] GC(13) Using 3 workers of 10 for evacuation
[2026-04-03T03:30:21.595+0600][9.378s][info][gc,phases   ] GC(13)   Pre Evacuate Collection Set: 0.35ms
[2026-04-03T03:30:21.595+0600][9.379s][info][gc,phases   ] GC(13)   Merge Heap Roots: 0.18ms
[2026-04-03T03:30:21.595+0600][9.379s][info][gc,phases   ] GC(13)   Evacuate Collection Set: 124.38ms
[2026-04-03T03:30:21.595+0600][9.379s][info][gc,phases   ] GC(13)   Post Evacuate Collection Set: 0.36ms
[2026-04-03T03:30:21.595+0600][9.379s][info][gc,phases   ] GC(13)   Other: 0.20ms
[2026-04-03T03:30:21.595+0600][9.379s][info][gc,heap     ] GC(13) Eden regions: 23->0(11)
[2026-04-03T03:30:21.595+0600][9.379s][info][gc,heap     ] GC(13) Survivor regions: 7->4(4)
[2026-04-03T03:30:21.595+0600][9.379s][info][gc,heap     ] GC(13) Old regions: 71->97
[2026-04-03T03:30:21.595+0600][9.379s][info][gc,heap     ] GC(13) Humongous regions: 8->8
[2026-04-03T03:30:21.595+0600][9.379s][info][gc,metaspace] GC(13) Metaspace: 49466K(49920K)->49466K(49920K) NonClass: 43332K(43584K)->43332K(43584K) Class: 6133K(6336K)->6133K(6336K)
[2026-04-03T03:30:21.595+0600][9.379s][info][gc          ] GC(13) Pause Young (Concurrent Start) (G1 Evacuation Pause) 108M->108M(142M) 125.752ms
[2026-04-03T03:30:21.595+0600][9.379s][info][gc,cpu      ] GC(13) User=0.38s Sys=0.01s Real=0.13s
[2026-04-03T03:30:21.595+0600][9.379s][info][gc          ] GC(14) Concurrent Mark Cycle
[2026-04-03T03:30:21.595+0600][9.379s][info][gc,marking  ] GC(14) Concurrent Scan Root Regions
[2026-04-03T03:30:21.602+0600][9.385s][info][gc,marking  ] GC(14) Concurrent Scan Root Regions 6.688ms
[2026-04-03T03:30:21.602+0600][9.386s][info][gc,marking  ] GC(14) Concurrent Mark
[2026-04-03T03:30:21.602+0600][9.386s][info][gc,marking  ] GC(14) Concurrent Mark From Roots
[2026-04-03T03:30:21.602+0600][9.386s][info][gc,task     ] GC(14) Using 3 workers of 3 for marking
[2026-04-03T03:30:21.632+0600][9.416s][info][gc,start    ] GC(15) Pause Young (Normal) (G1 Evacuation Pause)
[2026-04-03T03:30:21.632+0600][9.416s][info][gc,task     ] GC(15) Using 3 workers of 10 for evacuation
[2026-04-03T03:30:21.698+0600][9.481s][info][gc,phases   ] GC(15)   Pre Evacuate Collection Set: 0.33ms
[2026-04-03T03:30:21.698+0600][9.481s][info][gc,phases   ] GC(15)   Merge Heap Roots: 0.41ms
[2026-04-03T03:30:21.698+0600][9.481s][info][gc,phases   ] GC(15)   Evacuate Collection Set: 61.65ms
[2026-04-03T03:30:21.698+0600][9.481s][info][gc,phases   ] GC(15)   Post Evacuate Collection Set: 2.84ms
[2026-04-03T03:30:21.698+0600][9.481s][info][gc,phases   ] GC(15)   Other: 0.08ms
[2026-04-03T03:30:21.698+0600][9.481s][info][gc,heap     ] GC(15) Eden regions: 11->0(66)
[2026-04-03T03:30:21.698+0600][9.481s][info][gc,heap     ] GC(15) Survivor regions: 4->2(2)
[2026-04-03T03:30:21.698+0600][9.481s][info][gc,heap     ] GC(15) Old regions: 97->110
[2026-04-03T03:30:21.698+0600][9.481s][info][gc,heap     ] GC(15) Humongous regions: 8->8
[2026-04-03T03:30:21.698+0600][9.481s][info][gc,metaspace] GC(15) Metaspace: 49466K(49920K)->49466K(49920K) NonClass: 43332K(43584K)->43332K(43584K) Class: 6133K(6336K)->6133K(6336K)
[2026-04-03T03:30:21.698+0600][9.481s][info][gc          ] GC(15) Pause Young (Normal) (G1 Evacuation Pause) 119M->119M(426M) 65.569ms
[2026-04-03T03:30:21.698+0600][9.481s][info][gc,cpu      ] GC(15) User=0.18s Sys=0.00s Real=0.06s
[2026-04-03T03:30:21.852+0600][9.636s][info][gc,marking  ] GC(14) Concurrent Mark From Roots 250.070ms
[2026-04-03T03:30:21.852+0600][9.636s][info][gc,marking  ] GC(14) Concurrent Preclean
[2026-04-03T03:30:21.852+0600][9.636s][info][gc,marking  ] GC(14) Concurrent Preclean 0.170ms
[2026-04-03T03:30:21.853+0600][9.636s][info][gc,start    ] GC(14) Pause Remark
[2026-04-03T03:30:21.858+0600][9.641s][info][gc          ] GC(14) Pause Remark 163M->163M(400M) 5.181ms
[2026-04-03T03:30:21.858+0600][9.641s][info][gc,cpu      ] GC(14) User=0.01s Sys=0.00s Real=0.00s
[2026-04-03T03:30:21.858+0600][9.641s][info][gc,marking  ] GC(14) Concurrent Mark 255.904ms
[2026-04-03T03:30:21.858+0600][9.641s][info][gc,marking  ] GC(14) Concurrent Rebuild Remembered Sets and Scrub Regions
[2026-04-03T03:30:21.883+0600][9.667s][info][gc,marking  ] GC(14) Concurrent Rebuild Remembered Sets and Scrub Regions 25.161ms
[2026-04-03T03:30:21.884+0600][9.667s][info][gc,start    ] GC(14) Pause Cleanup
[2026-04-03T03:30:21.884+0600][9.667s][info][gc          ] GC(14) Pause Cleanup 170M->170M(400M) 0.405ms
[2026-04-03T03:30:21.884+0600][9.667s][info][gc,cpu      ] GC(14) User=0.00s Sys=0.00s Real=0.00s
[2026-04-03T03:30:21.884+0600][9.668s][info][gc,marking  ] GC(14) Concurrent Clear Claimed Marks
[2026-04-03T03:30:21.884+0600][9.668s][info][gc,marking  ] GC(14) Concurrent Clear Claimed Marks 0.109ms
[2026-04-03T03:30:21.884+0600][9.668s][info][gc,marking  ] GC(14) Concurrent Cleanup for Next Mark
[2026-04-03T03:30:21.886+0600][9.669s][info][gc,marking  ] GC(14) Concurrent Cleanup for Next Mark 1.839ms
[2026-04-03T03:30:21.886+0600][9.670s][info][gc          ] GC(14) Concurrent Mark Cycle 290.851ms
[2026-04-03T03:30:21.930+0600][9.714s][info][gc,start    ] GC(16) Pause Young (Prepare Mixed) (G1 Evacuation Pause)
[2026-04-03T03:30:21.930+0600][9.714s][info][gc,task     ] GC(16) Using 9 workers of 10 for evacuation
[2026-04-03T03:30:22.314+0600][10.097s][info][gc,mmu      ] GC(16) MMU target violated: 201.0ms (200.0ms/201.0ms)
[2026-04-03T03:30:22.314+0600][10.097s][info][gc,phases   ] GC(16)   Pre Evacuate Collection Set: 0.37ms
[2026-04-03T03:30:22.314+0600][10.097s][info][gc,phases   ] GC(16)   Merge Heap Roots: 0.29ms
[2026-04-03T03:30:22.314+0600][10.097s][info][gc,phases   ] GC(16)   Evacuate Collection Set: 382.27ms
[2026-04-03T03:30:22.314+0600][10.097s][info][gc,phases   ] GC(16)   Post Evacuate Collection Set: 0.27ms
[2026-04-03T03:30:22.314+0600][10.097s][info][gc,phases   ] GC(16)   Other: 0.12ms
[2026-04-03T03:30:22.314+0600][10.097s][info][gc,heap     ] GC(16) Eden regions: 66->0(59)
[2026-04-03T03:30:22.314+0600][10.097s][info][gc,heap     ] GC(16) Survivor regions: 2->9(9)
[2026-04-03T03:30:22.314+0600][10.097s][info][gc,heap     ] GC(16) Old regions: 110->170
[2026-04-03T03:30:22.314+0600][10.097s][info][gc,heap     ] GC(16) Humongous regions: 8->8
[2026-04-03T03:30:22.314+0600][10.097s][info][gc,metaspace] GC(16) Metaspace: 49466K(49920K)->49466K(49920K) NonClass: 43332K(43584K)->43332K(43584K) Class: 6133K(6336K)->6133K(6336K)
[2026-04-03T03:30:22.314+0600][10.097s][info][gc          ] GC(16) Pause Young (Prepare Mixed) (G1 Evacuation Pause) 185M->186M(400M) 383.521ms
[2026-04-03T03:30:22.314+0600][10.097s][info][gc,cpu      ] GC(16) User=0.86s Sys=0.09s Real=0.38s
[2026-04-03T03:30:22.438+0600][10.221s][info][gc,start    ] GC(17) Pause Young (Mixed) (G1 Evacuation Pause)
[2026-04-03T03:30:22.438+0600][10.221s][info][gc,task     ] GC(17) Using 9 workers of 10 for evacuation
[2026-04-03T03:30:22.815+0600][10.599s][info][gc,mmu      ] GC(17) MMU target violated: 201.0ms (200.0ms/201.0ms)
[2026-04-03T03:30:22.815+0600][10.599s][info][gc,phases   ] GC(17)   Pre Evacuate Collection Set: 0.23ms
[2026-04-03T03:30:22.815+0600][10.599s][info][gc,phases   ] GC(17)   Merge Heap Roots: 0.12ms
[2026-04-03T03:30:22.815+0600][10.599s][info][gc,phases   ] GC(17)   Evacuate Collection Set: 376.51ms
[2026-04-03T03:30:22.815+0600][10.599s][info][gc,phases   ] GC(17)   Post Evacuate Collection Set: 0.46ms
[2026-04-03T03:30:22.815+0600][10.599s][info][gc,phases   ] GC(17)   Other: 0.22ms
[2026-04-03T03:30:22.815+0600][10.599s][info][gc,heap     ] GC(17) Eden regions: 59->0(48)
[2026-04-03T03:30:22.815+0600][10.599s][info][gc,heap     ] GC(17) Survivor regions: 9->9(9)
[2026-04-03T03:30:22.815+0600][10.599s][info][gc,heap     ] GC(17) Old regions: 170->229
[2026-04-03T03:30:22.815+0600][10.599s][info][gc,heap     ] GC(17) Humongous regions: 8->8
[2026-04-03T03:30:22.815+0600][10.599s][info][gc,metaspace] GC(17) Metaspace: 49466K(49920K)->49466K(49920K) NonClass: 43332K(43584K)->43332K(43584K) Class: 6133K(6336K)->6133K(6336K)
[2026-04-03T03:30:22.815+0600][10.599s][info][gc          ] GC(17) Pause Young (Mixed) (G1 Evacuation Pause) 245M->245M(400M) 377.724ms
[2026-04-03T03:30:22.815+0600][10.599s][info][gc,cpu      ] GC(17) User=1.27s Sys=0.11s Real=0.38s
[2026-04-03T03:30:22.916+0600][10.700s][info][gc,start    ] GC(18) Pause Young (Concurrent Start) (G1 Evacuation Pause)
[2026-04-03T03:30:22.916+0600][10.700s][info][gc,task     ] GC(18) Using 9 workers of 10 for evacuation
[2026-04-03T03:30:23.237+0600][11.020s][info][gc,mmu      ] GC(18) MMU target violated: 201.0ms (200.0ms/201.0ms)
[2026-04-03T03:30:23.237+0600][11.020s][info][gc,phases   ] GC(18)   Pre Evacuate Collection Set: 0.39ms
[2026-04-03T03:30:23.237+0600][11.020s][info][gc,phases   ] GC(18)   Merge Heap Roots: 0.07ms
[2026-04-03T03:30:23.237+0600][11.020s][info][gc,phases   ] GC(18)   Evacuate Collection Set: 318.84ms
[2026-04-03T03:30:23.237+0600][11.020s][info][gc,phases   ] GC(18)   Post Evacuate Collection Set: 0.63ms
[2026-04-03T03:30:23.237+0600][11.020s][info][gc,phases   ] GC(18)   Other: 0.31ms
[2026-04-03T03:30:23.237+0600][11.020s][info][gc,heap     ] GC(18) Eden regions: 48->0(32)
[2026-04-03T03:30:23.237+0600][11.020s][info][gc,heap     ] GC(18) Survivor regions: 9->8(8)
[2026-04-03T03:30:23.237+0600][11.020s][info][gc,heap     ] GC(18) Old regions: 229->278
[2026-04-03T03:30:23.237+0600][11.020s][info][gc,heap     ] GC(18) Humongous regions: 8->8
[2026-04-03T03:30:23.237+0600][11.020s][info][gc,metaspace] GC(18) Metaspace: 49466K(49920K)->49466K(49920K) NonClass: 43332K(43584K)->43332K(43584K) Class: 6133K(6336K)->6133K(6336K)
[2026-04-03T03:30:23.237+0600][11.020s][info][gc          ] GC(18) Pause Young (Concurrent Start) (G1 Evacuation Pause) 293M->294M(400M) 320.421ms
[2026-04-03T03:30:23.237+0600][11.020s][info][gc,cpu      ] GC(18) User=1.19s Sys=0.13s Real=0.32s
[2026-04-03T03:30:23.237+0600][11.020s][info][gc          ] GC(19) Concurrent Mark Cycle
[2026-04-03T03:30:23.237+0600][11.020s][info][gc,marking  ] GC(19) Concurrent Scan Root Regions
[2026-04-03T03:30:23.248+0600][11.031s][info][gc,marking  ] GC(19) Concurrent Scan Root Regions 11.072ms
[2026-04-03T03:30:23.248+0600][11.032s][info][gc,marking  ] GC(19) Concurrent Mark
[2026-04-03T03:30:23.248+0600][11.032s][info][gc,marking  ] GC(19) Concurrent Mark From Roots
[2026-04-03T03:30:23.248+0600][11.032s][info][gc,task     ] GC(19) Using 3 workers of 3 for marking
[2026-04-03T03:30:23.333+0600][11.117s][info][gc,start    ] GC(20) Pause Young (Normal) (G1 Evacuation Pause)
[2026-04-03T03:30:23.333+0600][11.117s][info][gc,task     ] GC(20) Using 9 workers of 10 for evacuation
[2026-04-03T03:30:23.569+0600][11.353s][info][gc,mmu      ] GC(20) MMU target violated: 201.0ms (200.0ms/201.0ms)
[2026-04-03T03:30:23.570+0600][11.353s][info][gc,phases   ] GC(20)   Pre Evacuate Collection Set: 0.18ms
[2026-04-03T03:30:23.570+0600][11.353s][info][gc,phases   ] GC(20)   Merge Heap Roots: 0.09ms
[2026-04-03T03:30:23.570+0600][11.353s][info][gc,phases   ] GC(20)   Evacuate Collection Set: 235.45ms
[2026-04-03T03:30:23.570+0600][11.353s][info][gc,phases   ] GC(20)   Post Evacuate Collection Set: 0.39ms
[2026-04-03T03:30:23.570+0600][11.353s][info][gc,phases   ] GC(20)   Other: 0.21ms
[2026-04-03T03:30:23.570+0600][11.353s][info][gc,heap     ] GC(20) Eden regions: 32->0(21)
[2026-04-03T03:30:23.570+0600][11.353s][info][gc,heap     ] GC(20) Survivor regions: 8->5(5)
[2026-04-03T03:30:23.570+0600][11.353s][info][gc,heap     ] GC(20) Old regions: 278->315
[2026-04-03T03:30:23.570+0600][11.353s][info][gc,heap     ] GC(20) Humongous regions: 8->8
[2026-04-03T03:30:23.570+0600][11.353s][info][gc,metaspace] GC(20) Metaspace: 49466K(49920K)->49466K(49920K) NonClass: 43332K(43584K)->43332K(43584K) Class: 6133K(6336K)->6133K(6336K)
[2026-04-03T03:30:23.570+0600][11.353s][info][gc          ] GC(20) Pause Young (Normal) (G1 Evacuation Pause) 326M->328M(400M) 236.505ms
[2026-04-03T03:30:23.570+0600][11.353s][info][gc,cpu      ] GC(20) User=1.04s Sys=0.09s Real=0.23s
[2026-04-03T03:30:23.634+0600][11.418s][info][gc,start    ] GC(21) Pause Young (Normal) (G1 Evacuation Pause)
[2026-04-03T03:30:23.635+0600][11.418s][info][gc,task     ] GC(21) Using 9 workers of 10 for evacuation
[2026-04-03T03:30:23.792+0600][11.576s][info][gc,phases   ] GC(21)   Pre Evacuate Collection Set: 0.34ms
[2026-04-03T03:30:23.792+0600][11.576s][info][gc,phases   ] GC(21)   Merge Heap Roots: 0.23ms
[2026-04-03T03:30:23.792+0600][11.576s][info][gc,phases   ] GC(21)   Evacuate Collection Set: 152.61ms
[2026-04-03T03:30:23.792+0600][11.576s][info][gc,phases   ] GC(21)   Post Evacuate Collection Set: 4.39ms
[2026-04-03T03:30:23.792+0600][11.576s][info][gc,phases   ] GC(21)   Other: 0.08ms
[2026-04-03T03:30:23.792+0600][11.576s][info][gc,heap     ] GC(21) Eden regions: 21->0(62)
[2026-04-03T03:30:23.792+0600][11.576s][info][gc,heap     ] GC(21) Survivor regions: 5->4(4)
[2026-04-03T03:30:23.792+0600][11.576s][info][gc,heap     ] GC(21) Old regions: 315->339
[2026-04-03T03:30:23.792+0600][11.576s][info][gc,heap     ] GC(21) Humongous regions: 8->8
[2026-04-03T03:30:23.792+0600][11.576s][info][gc,metaspace] GC(21) Metaspace: 49466K(49920K)->49466K(49920K) NonClass: 43332K(43584K)->43332K(43584K) Class: 6133K(6336K)->6133K(6336K)
[2026-04-03T03:30:23.792+0600][11.576s][info][gc          ] GC(21) Pause Young (Normal) (G1 Evacuation Pause) 349M->351M(840M) 157.877ms
[2026-04-03T03:30:23.792+0600][11.576s][info][gc,cpu      ] GC(21) User=0.66s Sys=0.05s Real=0.16s
[2026-04-03T03:30:24.002+0600][11.785s][info][gc,start    ] GC(22) Pause Young (Normal) (G1 Evacuation Pause)
[2026-04-03T03:30:24.002+0600][11.786s][info][gc,task     ] GC(22) Using 10 workers of 10 for evacuation
[2026-04-03T03:30:24.362+0600][12.145s][info][gc,mmu      ] GC(22) MMU target violated: 201.0ms (200.0ms/201.0ms)
[2026-04-03T03:30:24.362+0600][12.145s][info][gc,phases   ] GC(22)   Pre Evacuate Collection Set: 0.45ms
[2026-04-03T03:30:24.362+0600][12.145s][info][gc,phases   ] GC(22)   Merge Heap Roots: 0.23ms
[2026-04-03T03:30:24.362+0600][12.145s][info][gc,phases   ] GC(22)   Evacuate Collection Set: 358.45ms
[2026-04-03T03:30:24.362+0600][12.145s][info][gc,phases   ] GC(22)   Post Evacuate Collection Set: 0.43ms
[2026-04-03T03:30:24.362+0600][12.145s][info][gc,phases   ] GC(22)   Other: 0.28ms
[2026-04-03T03:30:24.362+0600][12.145s][info][gc,heap     ] GC(22) Eden regions: 62->0(66)
[2026-04-03T03:30:24.362+0600][12.145s][info][gc,heap     ] GC(22) Survivor regions: 4->9(9)
[2026-04-03T03:30:24.362+0600][12.145s][info][gc,heap     ] GC(22) Old regions: 339->397
[2026-04-03T03:30:24.362+0600][12.145s][info][gc,heap     ] GC(22) Humongous regions: 8->8
[2026-04-03T03:30:24.362+0600][12.145s][info][gc,metaspace] GC(22) Metaspace: 49466K(49920K)->49466K(49920K) NonClass: 43332K(43584K)->43332K(43584K) Class: 6133K(6336K)->6133K(6336K)
[2026-04-03T03:30:24.362+0600][12.146s][info][gc          ] GC(22) Pause Young (Normal) (G1 Evacuation Pause) 413M->414M(840M) 360.097ms
[2026-04-03T03:30:24.362+0600][12.146s][info][gc,cpu      ] GC(22) User=0.94s Sys=0.09s Real=0.36s
[2026-04-03T03:30:24.537+0600][12.321s][info][gc,start    ] GC(23) Pause Young (Normal) (G1 Evacuation Pause)
[2026-04-03T03:30:24.538+0600][12.321s][info][gc,task     ] GC(23) Using 10 workers of 10 for evacuation
[2026-04-03T03:30:24.940+0600][12.723s][info][gc,mmu      ] GC(23) MMU target violated: 201.0ms (200.0ms/201.0ms)
[2026-04-03T03:30:24.940+0600][12.723s][info][gc,phases   ] GC(23)   Pre Evacuate Collection Set: 0.50ms
[2026-04-03T03:30:24.940+0600][12.723s][info][gc,phases   ] GC(23)   Merge Heap Roots: 0.33ms
[2026-04-03T03:30:24.940+0600][12.723s][info][gc,phases   ] GC(23)   Evacuate Collection Set: 400.69ms
[2026-04-03T03:30:24.940+0600][12.723s][info][gc,phases   ] GC(23)   Post Evacuate Collection Set: 0.52ms
[2026-04-03T03:30:24.940+0600][12.723s][info][gc,phases   ] GC(23)   Other: 0.25ms
[2026-04-03T03:30:24.940+0600][12.723s][info][gc,heap     ] GC(23) Eden regions: 66->0(72)
[2026-04-03T03:30:24.940+0600][12.723s][info][gc,heap     ] GC(23) Survivor regions: 9->10(10)
[2026-04-03T03:30:24.940+0600][12.723s][info][gc,heap     ] GC(23) Old regions: 397->464
[2026-04-03T03:30:24.940+0600][12.723s][info][gc,heap     ] GC(23) Humongous regions: 8->8
[2026-04-03T03:30:24.940+0600][12.723s][info][gc,metaspace] GC(23) Metaspace: 49466K(49920K)->49466K(49920K) NonClass: 43332K(43584K)->43332K(43584K) Class: 6133K(6336K)->6133K(6336K)
[2026-04-03T03:30:24.940+0600][12.723s][info][gc          ] GC(23) Pause Young (Normal) (G1 Evacuation Pause) 480M->482M(840M) 402.547ms
[2026-04-03T03:30:24.940+0600][12.723s][info][gc,cpu      ] GC(23) User=1.30s Sys=0.12s Real=0.41s
[2026-04-03T03:30:24.950+0600][12.734s][info][gc,marking  ] GC(19) Concurrent Mark From Roots 1702.176ms
[2026-04-03T03:30:24.950+0600][12.734s][info][gc,marking  ] GC(19) Concurrent Preclean
[2026-04-03T03:30:24.950+0600][12.734s][info][gc,marking  ] GC(19) Concurrent Preclean 0.113ms
[2026-04-03T03:30:24.951+0600][12.734s][info][gc,start    ] GC(19) Pause Remark
[2026-04-03T03:30:24.954+0600][12.737s][info][gc          ] GC(19) Pause Remark 485M->485M(840M) 3.199ms
[2026-04-03T03:30:24.954+0600][12.737s][info][gc,cpu      ] GC(19) User=0.01s Sys=0.00s Real=0.00s
[2026-04-03T03:30:24.954+0600][12.738s][info][gc,marking  ] GC(19) Concurrent Mark 1706.033ms
[2026-04-03T03:30:24.954+0600][12.738s][info][gc,marking  ] GC(19) Concurrent Rebuild Remembered Sets and Scrub Regions
[2026-04-03T03:30:25.063+0600][12.847s][info][gc,marking  ] GC(19) Concurrent Rebuild Remembered Sets and Scrub Regions 109.207ms
[2026-04-03T03:30:25.064+0600][12.847s][info][gc,start    ] GC(19) Pause Cleanup
[2026-04-03T03:30:25.064+0600][12.847s][info][gc          ] GC(19) Pause Cleanup 527M->527M(840M) 0.400ms
[2026-04-03T03:30:25.064+0600][12.847s][info][gc,cpu      ] GC(19) User=0.00s Sys=0.00s Real=0.00s
[2026-04-03T03:30:25.064+0600][12.848s][info][gc,marking  ] GC(19) Concurrent Clear Claimed Marks
[2026-04-03T03:30:25.064+0600][12.848s][info][gc,marking  ] GC(19) Concurrent Clear Claimed Marks 0.087ms
[2026-04-03T03:30:25.064+0600][12.848s][info][gc,marking  ] GC(19) Concurrent Cleanup for Next Mark
[2026-04-03T03:30:25.067+0600][12.850s][info][gc,marking  ] GC(19) Concurrent Cleanup for Next Mark 2.599ms
[2026-04-03T03:30:25.067+0600][12.850s][info][gc          ] GC(19) Concurrent Mark Cycle 1830.100ms
[2026-04-03T03:30:25.131+0600][12.914s][info][gc,start    ] GC(24) Pause Young (Prepare Mixed) (G1 Evacuation Pause)
[2026-04-03T03:30:25.131+0600][12.915s][info][gc,task     ] GC(24) Using 10 workers of 10 for evacuation
[2026-04-03T03:30:25.569+0600][13.353s][info][gc,mmu      ] GC(24) MMU target violated: 201.0ms (200.0ms/201.0ms)
[2026-04-03T03:30:25.569+0600][13.353s][info][gc,phases   ] GC(24)   Pre Evacuate Collection Set: 0.22ms
[2026-04-03T03:30:25.569+0600][13.353s][info][gc,phases   ] GC(24)   Merge Heap Roots: 0.23ms
[2026-04-03T03:30:25.569+0600][13.353s][info][gc,phases   ] GC(24)   Evacuate Collection Set: 437.19ms
[2026-04-03T03:30:25.569+0600][13.353s][info][gc,phases   ] GC(24)   Post Evacuate Collection Set: 0.44ms
[2026-04-03T03:30:25.569+0600][13.353s][info][gc,phases   ] GC(24)   Other: 0.18ms
[2026-04-03T03:30:25.569+0600][13.353s][info][gc,heap     ] GC(24) Eden regions: 72->0(59)
[2026-04-03T03:30:25.569+0600][13.353s][info][gc,heap     ] GC(24) Survivor regions: 10->11(11)
[2026-04-03T03:30:25.569+0600][13.353s][info][gc,heap     ] GC(24) Old regions: 464->537
[2026-04-03T03:30:25.569+0600][13.353s][info][gc,heap     ] GC(24) Humongous regions: 8->8
[2026-04-03T03:30:25.569+0600][13.353s][info][gc,metaspace] GC(24) Metaspace: 49466K(49920K)->49466K(49920K) NonClass: 43332K(43584K)->43332K(43584K) Class: 6133K(6336K)->6133K(6336K)
[2026-04-03T03:30:25.570+0600][13.353s][info][gc          ] GC(24) Pause Young (Prepare Mixed) (G1 Evacuation Pause) 554M->556M(840M) 438.434ms
[2026-04-03T03:30:25.570+0600][13.353s][info][gc,cpu      ] GC(24) User=1.40s Sys=0.13s Real=0.43s
[2026-04-03T03:30:25.686+0600][13.469s][info][gc,start    ] GC(25) Pause Young (Mixed) (G1 Evacuation Pause)
[2026-04-03T03:30:25.686+0600][13.469s][info][gc,task     ] GC(25) Using 10 workers of 10 for evacuation
[2026-04-03T03:30:26.057+0600][13.841s][info][gc,mmu      ] GC(25) MMU target violated: 201.0ms (200.0ms/201.0ms)
[2026-04-03T03:30:26.057+0600][13.841s][info][gc,phases   ] GC(25)   Pre Evacuate Collection Set: 0.73ms
[2026-04-03T03:30:26.057+0600][13.841s][info][gc,phases   ] GC(25)   Merge Heap Roots: 0.10ms
[2026-04-03T03:30:26.057+0600][13.841s][info][gc,phases   ] GC(25)   Evacuate Collection Set: 369.95ms
[2026-04-03T03:30:26.057+0600][13.841s][info][gc,phases   ] GC(25)   Post Evacuate Collection Set: 0.30ms
[2026-04-03T03:30:26.057+0600][13.841s][info][gc,phases   ] GC(25)   Other: 0.15ms
[2026-04-03T03:30:26.057+0600][13.841s][info][gc,heap     ] GC(25) Eden regions: 59->0(69)
[2026-04-03T03:30:26.057+0600][13.841s][info][gc,heap     ] GC(25) Survivor regions: 11->9(9)
[2026-04-03T03:30:26.057+0600][13.841s][info][gc,heap     ] GC(25) Old regions: 537->599
[2026-04-03T03:30:26.057+0600][13.841s][info][gc,heap     ] GC(25) Humongous regions: 8->8
[2026-04-03T03:30:26.057+0600][13.841s][info][gc,metaspace] GC(25) Metaspace: 49466K(49920K)->49466K(49920K) NonClass: 43332K(43584K)->43332K(43584K) Class: 6133K(6336K)->6133K(6336K)
[2026-04-03T03:30:26.057+0600][13.841s][info][gc          ] GC(25) Pause Young (Mixed) (G1 Evacuation Pause) 615M->615M(840M) 371.484ms
[2026-04-03T03:30:26.057+0600][13.841s][info][gc,cpu      ] GC(25) User=1.32s Sys=0.10s Real=0.37s
[2026-04-03T03:30:27.154+0600][14.937s][info][gc,start    ] GC(26) Pause Young (Concurrent Start) (G1 Humongous Allocation)
[2026-04-03T03:30:27.154+0600][14.937s][info][gc,task     ] GC(26) Using 10 workers of 10 for evacuation
[2026-04-03T03:30:27.315+0600][15.098s][info][gc,phases   ] GC(26)   Pre Evacuate Collection Set: 0.41ms
[2026-04-03T03:30:27.315+0600][15.098s][info][gc,phases   ] GC(26)   Merge Heap Roots: 0.09ms
[2026-04-03T03:30:27.315+0600][15.098s][info][gc,phases   ] GC(26)   Evacuate Collection Set: 157.65ms
[2026-04-03T03:30:27.315+0600][15.098s][info][gc,phases   ] GC(26)   Post Evacuate Collection Set: 2.67ms
[2026-04-03T03:30:27.315+0600][15.098s][info][gc,phases   ] GC(26)   Other: 0.10ms
[2026-04-03T03:30:27.315+0600][15.098s][info][gc,heap     ] GC(26) Eden regions: 58->0(63)
[2026-04-03T03:30:27.315+0600][15.098s][info][gc,heap     ] GC(26) Survivor regions: 9->10(10)
[2026-04-03T03:30:27.315+0600][15.098s][info][gc,heap     ] GC(26) Old regions: 599->616
[2026-04-03T03:30:27.315+0600][15.098s][info][gc,heap     ] GC(26) Humongous regions: 8->8
[2026-04-03T03:30:27.315+0600][15.098s][info][gc,metaspace] GC(26) Metaspace: 52742K(53184K)->52742K(53184K) NonClass: 46085K(46336K)->46085K(46336K) Class: 6656K(6848K)->6656K(6848K)
[2026-04-03T03:30:27.315+0600][15.098s][info][gc          ] GC(26) Pause Young (Concurrent Start) (G1 Humongous Allocation) 673M->634M(1104M) 161.132ms
[2026-04-03T03:30:27.315+0600][15.099s][info][gc,cpu      ] GC(26) User=1.08s Sys=0.11s Real=0.16s
[2026-04-03T03:30:27.315+0600][15.099s][info][gc          ] GC(27) Concurrent Mark Cycle
[2026-04-03T03:30:27.315+0600][15.099s][info][gc,marking  ] GC(27) Concurrent Scan Root Regions
[2026-04-03T03:30:27.322+0600][15.105s][info][gc,marking  ] GC(27) Concurrent Scan Root Regions 6.687ms
[2026-04-03T03:30:27.322+0600][15.105s][info][gc,marking  ] GC(27) Concurrent Mark
[2026-04-03T03:30:27.322+0600][15.105s][info][gc,marking  ] GC(27) Concurrent Mark From Roots
[2026-04-03T03:30:27.322+0600][15.105s][info][gc,task     ] GC(27) Using 3 workers of 3 for marking
[2026-04-03T03:30:27.570+0600][15.354s][info][gc,marking  ] GC(27) Concurrent Mark From Roots 248.378ms
[2026-04-03T03:30:27.571+0600][15.354s][info][gc,marking  ] GC(27) Concurrent Preclean
[2026-04-03T03:30:27.571+0600][15.354s][info][gc,marking  ] GC(27) Concurrent Preclean 0.128ms
[2026-04-03T03:30:27.571+0600][15.354s][info][gc,start    ] GC(27) Pause Remark
[2026-04-03T03:30:27.574+0600][15.358s][info][gc          ] GC(27) Pause Remark 639M->128M(424M) 3.413ms
[2026-04-03T03:30:27.574+0600][15.358s][info][gc,cpu      ] GC(27) User=0.01s Sys=0.00s Real=0.00s
[2026-04-03T03:30:27.574+0600][15.358s][info][gc,marking  ] GC(27) Concurrent Mark 252.366ms
[2026-04-03T03:30:27.574+0600][15.358s][info][gc,marking  ] GC(27) Concurrent Rebuild Remembered Sets and Scrub Regions
[2026-04-03T03:30:27.596+0600][15.380s][info][gc,marking  ] GC(27) Concurrent Rebuild Remembered Sets and Scrub Regions 21.955ms
[2026-04-03T03:30:27.597+0600][15.380s][info][gc,start    ] GC(27) Pause Cleanup
[2026-04-03T03:30:27.597+0600][15.380s][info][gc          ] GC(27) Pause Cleanup 128M->128M(424M) 0.299ms
[2026-04-03T03:30:27.597+0600][15.380s][info][gc,cpu      ] GC(27) User=0.00s Sys=0.00s Real=0.00s
[2026-04-03T03:30:27.597+0600][15.380s][info][gc,marking  ] GC(27) Concurrent Clear Claimed Marks
[2026-04-03T03:30:27.597+0600][15.380s][info][gc,marking  ] GC(27) Concurrent Clear Claimed Marks 0.088ms
[2026-04-03T03:30:27.597+0600][15.380s][info][gc,marking  ] GC(27) Concurrent Cleanup for Next Mark
[2026-04-03T03:30:27.598+0600][15.381s][info][gc,marking  ] GC(27) Concurrent Cleanup for Next Mark 0.473ms
[2026-04-03T03:30:27.598+0600][15.381s][info][gc          ] GC(27) Concurrent Mark Cycle 282.369ms
[2026-04-03T03:30:29.006+0600][16.789s][info][gc,start    ] GC(28) Pause Full (System.gc())
[2026-04-03T03:30:29.006+0600][16.789s][info][gc,task     ] GC(28) Using 10 workers of 10 for full compaction
[2026-04-03T03:30:29.007+0600][16.790s][info][gc,phases,start] GC(28) Phase 1: Mark live objects
[2026-04-03T03:30:29.018+0600][16.802s][info][gc,phases      ] GC(28) Phase 1: Mark live objects 11.594ms
[2026-04-03T03:30:29.018+0600][16.802s][info][gc,phases,start] GC(28) Phase 2: Prepare compaction
[2026-04-03T03:30:29.020+0600][16.803s][info][gc,phases      ] GC(28) Phase 2: Prepare compaction 1.818ms
[2026-04-03T03:30:29.020+0600][16.803s][info][gc,phases,start] GC(28) Phase 3: Adjust pointers
[2026-04-03T03:30:29.026+0600][16.809s][info][gc,phases      ] GC(28) Phase 3: Adjust pointers 5.887ms
[2026-04-03T03:30:29.026+0600][16.809s][info][gc,phases,start] GC(28) Phase 4: Compact heap
[2026-04-03T03:30:29.028+0600][16.811s][info][gc,phases      ] GC(28) Phase 4: Compact heap 1.818ms
[2026-04-03T03:30:29.028+0600][16.811s][info][gc,phases,start] GC(28) Phase 5: Reset Metadata
[2026-04-03T03:30:29.029+0600][16.813s][info][gc,phases      ] GC(28) Phase 5: Reset Metadata 1.172ms
[2026-04-03T03:30:29.033+0600][16.816s][info][gc,heap        ] GC(28) Eden regions: 34->0(27)
[2026-04-03T03:30:29.033+0600][16.816s][info][gc,heap        ] GC(28) Survivor regions: 10->0(10)
[2026-04-03T03:30:29.033+0600][16.816s][info][gc,heap        ] GC(28) Old regions: 105->28
[2026-04-03T03:30:29.033+0600][16.816s][info][gc,heap        ] GC(28) Humongous regions: 29->8
[2026-04-03T03:30:29.033+0600][16.816s][info][gc,metaspace   ] GC(28) Metaspace: 57373K(57920K)->57373K(57920K) NonClass: 50179K(50496K)->50179K(50496K) Class: 7193K(7424K)->7193K(7424K)
[2026-04-03T03:30:29.033+0600][16.816s][info][gc             ] GC(28) Pause Full (System.gc()) 178M->31M(120M) 27.138ms
[2026-04-03T03:30:29.033+0600][16.816s][info][gc,cpu         ] GC(28) User=0.14s Sys=0.02s Real=0.03s
[2026-04-03T03:30:29.263+0600][17.047s][info][gc,start       ] GC(29) Pause Young (Concurrent Start) (G1 Evacuation Pause)
[2026-04-03T03:30:29.263+0600][17.047s][info][gc,task        ] GC(29) Using 6 workers of 10 for evacuation
[2026-04-03T03:30:29.266+0600][17.049s][info][gc,phases      ] GC(29)   Pre Evacuate Collection Set: 0.41ms
[2026-04-03T03:30:29.266+0600][17.049s][info][gc,phases      ] GC(29)   Merge Heap Roots: 0.19ms
[2026-04-03T03:30:29.266+0600][17.049s][info][gc,phases      ] GC(29)   Evacuate Collection Set: 1.24ms
[2026-04-03T03:30:29.266+0600][17.049s][info][gc,phases      ] GC(29)   Post Evacuate Collection Set: 0.44ms
[2026-04-03T03:30:29.266+0600][17.049s][info][gc,phases      ] GC(29)   Other: 0.22ms
[2026-04-03T03:30:29.266+0600][17.049s][info][gc,heap        ] GC(29) Eden regions: 27->0(31)
[2026-04-03T03:30:29.266+0600][17.049s][info][gc,heap        ] GC(29) Survivor regions: 0->2(4)
[2026-04-03T03:30:29.266+0600][17.049s][info][gc,heap        ] GC(29) Old regions: 28->28
[2026-04-03T03:30:29.266+0600][17.049s][info][gc,heap        ] GC(29) Humongous regions: 8->8
[2026-04-03T03:30:29.266+0600][17.049s][info][gc,metaspace   ] GC(29) Metaspace: 58970K(59520K)->58970K(59520K) NonClass: 51557K(51840K)->51557K(51840K) Class: 7412K(7680K)->7412K(7680K)
[2026-04-03T03:30:29.266+0600][17.049s][info][gc             ] GC(29) Pause Young (Concurrent Start) (G1 Evacuation Pause) 58M->32M(120M) 2.729ms
[2026-04-03T03:30:29.266+0600][17.049s][info][gc,cpu         ] GC(29) User=0.00s Sys=0.00s Real=0.00s
[2026-04-03T03:30:29.266+0600][17.049s][info][gc             ] GC(30) Concurrent Mark Cycle
[2026-04-03T03:30:29.266+0600][17.049s][info][gc,marking     ] GC(30) Concurrent Scan Root Regions
[2026-04-03T03:30:29.267+0600][17.050s][info][gc,marking     ] GC(30) Concurrent Scan Root Regions 1.037ms
[2026-04-03T03:30:29.267+0600][17.050s][info][gc,marking     ] GC(30) Concurrent Mark
[2026-04-03T03:30:29.267+0600][17.051s][info][gc,marking     ] GC(30) Concurrent Mark From Roots
[2026-04-03T03:30:29.267+0600][17.051s][info][gc,task        ] GC(30) Using 3 workers of 3 for marking
[2026-04-03T03:30:29.283+0600][17.066s][info][gc,marking     ] GC(30) Concurrent Mark From Roots 15.668ms
[2026-04-03T03:30:29.283+0600][17.066s][info][gc,marking     ] GC(30) Concurrent Preclean
[2026-04-03T03:30:29.283+0600][17.066s][info][gc,marking     ] GC(30) Concurrent Preclean 0.107ms
[2026-04-03T03:30:29.283+0600][17.067s][info][gc,start       ] GC(30) Pause Remark
[2026-04-03T03:30:29.286+0600][17.070s][info][gc             ] GC(30) Pause Remark 34M->34M(120M) 3.147ms
[2026-04-03T03:30:29.286+0600][17.070s][info][gc,cpu         ] GC(30) User=0.02s Sys=0.00s Real=0.00s
[2026-04-03T03:30:29.287+0600][17.070s][info][gc,marking     ] GC(30) Concurrent Mark 19.445ms
[2026-04-03T03:30:29.287+0600][17.070s][info][gc,marking     ] GC(30) Concurrent Rebuild Remembered Sets and Scrub Regions
[2026-04-03T03:30:29.295+0600][17.078s][info][gc,marking     ] GC(30) Concurrent Rebuild Remembered Sets and Scrub Regions 8.241ms
[2026-04-03T03:30:29.295+0600][17.079s][info][gc,start       ] GC(30) Pause Cleanup
[2026-04-03T03:30:29.295+0600][17.079s][info][gc             ] GC(30) Pause Cleanup 36M->36M(120M) 0.235ms
[2026-04-03T03:30:29.295+0600][17.079s][info][gc,cpu         ] GC(30) User=0.00s Sys=0.00s Real=0.00s
[2026-04-03T03:30:29.295+0600][17.079s][info][gc,marking     ] GC(30) Concurrent Clear Claimed Marks
[2026-04-03T03:30:29.296+0600][17.079s][info][gc,marking     ] GC(30) Concurrent Clear Claimed Marks 0.140ms
[2026-04-03T03:30:29.296+0600][17.079s][info][gc,marking     ] GC(30) Concurrent Cleanup for Next Mark
[2026-04-03T03:30:29.296+0600][17.079s][info][gc,marking     ] GC(30) Concurrent Cleanup for Next Mark 0.289ms
[2026-04-03T03:30:29.296+0600][17.079s][info][gc             ] GC(30) Concurrent Mark Cycle 30.062ms
[2026-04-03T03:30:29.413+0600][17.196s][info][gc,start       ] GC(31) Pause Young (Prepare Mixed) (G1 Evacuation Pause)
[2026-04-03T03:30:29.413+0600][17.196s][info][gc,task        ] GC(31) Using 4 workers of 10 for evacuation
[2026-04-03T03:30:29.415+0600][17.198s][info][gc,phases      ] GC(31)   Pre Evacuate Collection Set: 0.24ms
[2026-04-03T03:30:29.415+0600][17.198s][info][gc,phases      ] GC(31)   Merge Heap Roots: 0.15ms
[2026-04-03T03:30:29.415+0600][17.198s][info][gc,phases      ] GC(31)   Evacuate Collection Set: 1.24ms
[2026-04-03T03:30:29.415+0600][17.198s][info][gc,phases      ] GC(31)   Post Evacuate Collection Set: 0.44ms
[2026-04-03T03:30:29.415+0600][17.198s][info][gc,phases      ] GC(31)   Other: 0.07ms
[2026-04-03T03:30:29.415+0600][17.198s][info][gc,heap        ] GC(31) Eden regions: 31->0(36)
[2026-04-03T03:30:29.415+0600][17.198s][info][gc,heap        ] GC(31) Survivor regions: 2->1(5)
[2026-04-03T03:30:29.415+0600][17.198s][info][gc,heap        ] GC(31) Old regions: 28->28
[2026-04-03T03:30:29.415+0600][17.198s][info][gc,heap        ] GC(31) Humongous regions: 8->8
[2026-04-03T03:30:29.415+0600][17.198s][info][gc,metaspace   ] GC(31) Metaspace: 61490K(62080K)->61490K(62080K) NonClass: 53851K(54208K)->53851K(54208K) Class: 7638K(7872K)->7638K(7872K)
[2026-04-03T03:30:29.415+0600][17.198s][info][gc             ] GC(31) Pause Young (Prepare Mixed) (G1 Evacuation Pause) 63M->31M(120M) 2.363ms
[2026-04-03T03:30:29.415+0600][17.198s][info][gc,cpu         ] GC(31) User=0.01s Sys=0.00s Real=0.00s
[2026-04-03T03:30:30.811+0600][18.594s][info][gc,start       ] GC(32) Pause Young (Mixed) (G1 Evacuation Pause)
[2026-04-03T03:30:30.811+0600][18.594s][info][gc,task        ] GC(32) Using 3 workers of 10 for evacuation
[2026-04-03T03:30:30.816+0600][18.599s][info][gc,phases      ] GC(32)   Pre Evacuate Collection Set: 0.34ms
[2026-04-03T03:30:30.816+0600][18.600s][info][gc,phases      ] GC(32)   Merge Heap Roots: 0.10ms
[2026-04-03T03:30:30.816+0600][18.600s][info][gc,phases      ] GC(32)   Evacuate Collection Set: 3.82ms
[2026-04-03T03:30:30.816+0600][18.600s][info][gc,phases      ] GC(32)   Post Evacuate Collection Set: 0.72ms
[2026-04-03T03:30:30.816+0600][18.600s][info][gc,phases      ] GC(32)   Other: 0.07ms
[2026-04-03T03:30:30.816+0600][18.600s][info][gc,heap        ] GC(32) Eden regions: 36->0(38)
[2026-04-03T03:30:30.816+0600][18.600s][info][gc,heap        ] GC(32) Survivor regions: 1->3(5)
[2026-04-03T03:30:30.816+0600][18.600s][info][gc,heap        ] GC(32) Old regions: 28->28
[2026-04-03T03:30:30.816+0600][18.600s][info][gc,heap        ] GC(32) Humongous regions: 25->10
[2026-04-03T03:30:30.816+0600][18.600s][info][gc,metaspace   ] GC(32) Metaspace: 66200K(67072K)->66200K(67072K) NonClass: 57862K(58368K)->57862K(58368K) Class: 8337K(8704K)->8337K(8704K)
[2026-04-03T03:30:30.816+0600][18.600s][info][gc             ] GC(32) Pause Young (Mixed) (G1 Evacuation Pause) 84M->36M(120M) 5.255ms
[2026-04-03T03:30:30.816+0600][18.600s][info][gc,cpu         ] GC(32) User=0.01s Sys=0.00s Real=0.00s
[2026-04-03T03:30:31.093+0600][18.877s][info][gc,start       ] GC(33) Pause Young (Concurrent Start) (G1 Evacuation Pause)
[2026-04-03T03:30:31.093+0600][18.877s][info][gc,task        ] GC(33) Using 2 workers of 10 for evacuation
[2026-04-03T03:30:31.103+0600][18.886s][info][gc,phases      ] GC(33)   Pre Evacuate Collection Set: 0.31ms
[2026-04-03T03:30:31.103+0600][18.886s][info][gc,phases      ] GC(33)   Merge Heap Roots: 0.31ms
[2026-04-03T03:30:31.103+0600][18.886s][info][gc,phases      ] GC(33)   Evacuate Collection Set: 7.47ms
[2026-04-03T03:30:31.103+0600][18.886s][info][gc,phases      ] GC(33)   Post Evacuate Collection Set: 0.90ms
[2026-04-03T03:30:31.103+0600][18.886s][info][gc,phases      ] GC(33)   Other: 0.23ms
[2026-04-03T03:30:31.103+0600][18.886s][info][gc,heap        ] GC(33) Eden regions: 38->0(41)
[2026-04-03T03:30:31.103+0600][18.886s][info][gc,heap        ] GC(33) Survivor regions: 3->5(6)
[2026-04-03T03:30:31.103+0600][18.886s][info][gc,heap        ] GC(33) Old regions: 28->28
[2026-04-03T03:30:31.103+0600][18.886s][info][gc,heap        ] GC(33) Humongous regions: 10->8
[2026-04-03T03:30:31.103+0600][18.886s][info][gc,metaspace   ] GC(33) Metaspace: 66570K(67456K)->66570K(67456K) NonClass: 58200K(58688K)->58200K(58688K) Class: 8369K(8768K)->8369K(8768K)
[2026-04-03T03:30:31.103+0600][18.886s][info][gc             ] GC(33) Pause Young (Concurrent Start) (G1 Evacuation Pause) 74M->36M(120M) 9.609ms
[2026-04-03T03:30:31.103+0600][18.886s][info][gc             ] GC(34) Concurrent Mark Cycle
[2026-04-03T03:30:31.103+0600][18.886s][info][gc,marking     ] GC(34) Concurrent Scan Root Regions
[2026-04-03T03:30:31.103+0600][18.886s][info][gc,cpu         ] GC(33) User=0.04s Sys=0.00s Real=0.01s
[2026-04-03T03:30:31.105+0600][18.889s][info][gc,marking     ] GC(34) Concurrent Scan Root Regions 2.350ms
[2026-04-03T03:30:31.105+0600][18.889s][info][gc,marking     ] GC(34) Concurrent Mark
[2026-04-03T03:30:31.105+0600][18.889s][info][gc,marking     ] GC(34) Concurrent Mark From Roots
[2026-04-03T03:30:31.105+0600][18.889s][info][gc,task        ] GC(34) Using 3 workers of 3 for marking
[2026-04-03T03:30:31.125+0600][18.908s][info][gc,marking     ] GC(34) Concurrent Mark From Roots 19.155ms
[2026-04-03T03:30:31.125+0600][18.908s][info][gc,marking     ] GC(34) Concurrent Preclean
[2026-04-03T03:30:31.125+0600][18.908s][info][gc,marking     ] GC(34) Concurrent Preclean 0.228ms
[2026-04-03T03:30:31.125+0600][18.909s][info][gc,start       ] GC(34) Pause Remark
[2026-04-03T03:30:31.133+0600][18.916s][info][gc             ] GC(34) Pause Remark 40M->40M(120M) 7.305ms
[2026-04-03T03:30:31.133+0600][18.916s][info][gc,cpu         ] GC(34) User=0.03s Sys=0.00s Real=0.01s
[2026-04-03T03:30:31.133+0600][18.916s][info][gc,marking     ] GC(34) Concurrent Mark 27.275ms
[2026-04-03T03:30:31.133+0600][18.916s][info][gc,marking     ] GC(34) Concurrent Rebuild Remembered Sets and Scrub Regions
[2026-04-03T03:30:31.141+0600][18.924s][info][gc,marking     ] GC(34) Concurrent Rebuild Remembered Sets and Scrub Regions 7.738ms
[2026-04-03T03:30:31.141+0600][18.924s][info][gc,start       ] GC(34) Pause Cleanup
[2026-04-03T03:30:31.141+0600][18.925s][info][gc             ] GC(34) Pause Cleanup 41M->41M(120M) 0.283ms
[2026-04-03T03:30:31.141+0600][18.925s][info][gc,cpu         ] GC(34) User=0.00s Sys=0.00s Real=0.00s
[2026-04-03T03:30:31.141+0600][18.925s][info][gc,marking     ] GC(34) Concurrent Clear Claimed Marks
[2026-04-03T03:30:31.142+0600][18.925s][info][gc,marking     ] GC(34) Concurrent Clear Claimed Marks 0.225ms
[2026-04-03T03:30:31.142+0600][18.925s][info][gc,marking     ] GC(34) Concurrent Cleanup for Next Mark
[2026-04-03T03:30:31.142+0600][18.925s][info][gc,marking     ] GC(34) Concurrent Cleanup for Next Mark 0.266ms
[2026-04-03T03:30:31.142+0600][18.925s][info][gc             ] GC(34) Concurrent Mark Cycle 39.028ms
[2026-04-03T03:30:31.253+0600][19.036s][info][gc,start       ] GC(35) Pause Young (Prepare Mixed) (G1 Evacuation Pause)
[2026-04-03T03:30:31.253+0600][19.037s][info][gc,task        ] GC(35) Using 2 workers of 10 for evacuation
[2026-04-03T03:30:31.262+0600][19.045s][info][gc,phases      ] GC(35)   Pre Evacuate Collection Set: 0.40ms
[2026-04-03T03:30:31.262+0600][19.045s][info][gc,phases      ] GC(35)   Merge Heap Roots: 0.42ms
[2026-04-03T03:30:31.262+0600][19.045s][info][gc,phases      ] GC(35)   Evacuate Collection Set: 7.07ms
[2026-04-03T03:30:31.262+0600][19.045s][info][gc,phases      ] GC(35)   Post Evacuate Collection Set: 0.73ms
[2026-04-03T03:30:31.262+0600][19.045s][info][gc,phases      ] GC(35)   Other: 0.10ms
[2026-04-03T03:30:31.262+0600][19.045s][info][gc,heap        ] GC(35) Eden regions: 41->0(57)
[2026-04-03T03:30:31.262+0600][19.045s][info][gc,heap        ] GC(35) Survivor regions: 5->3(6)
[2026-04-03T03:30:31.262+0600][19.045s][info][gc,heap        ] GC(35) Old regions: 28->30
[2026-04-03T03:30:31.262+0600][19.045s][info][gc,heap        ] GC(35) Humongous regions: 8->8
[2026-04-03T03:30:31.262+0600][19.045s][info][gc,metaspace   ] GC(35) Metaspace: 66573K(67456K)->66573K(67456K) NonClass: 58203K(58688K)->58203K(58688K) Class: 8369K(8768K)->8369K(8768K)
[2026-04-03T03:30:31.262+0600][19.045s][info][gc             ] GC(35) Pause Young (Prepare Mixed) (G1 Evacuation Pause) 77M->36M(144M) 8.945ms
[2026-04-03T03:30:31.262+0600][19.045s][info][gc,cpu         ] GC(35) User=0.03s Sys=0.00s Real=0.01s
[2026-04-03T03:30:31.362+0600][19.146s][info][gc,start       ] GC(36) Pause Young (Mixed) (G1 Evacuation Pause)
[2026-04-03T03:30:31.362+0600][19.146s][info][gc,task        ] GC(36) Using 3 workers of 10 for evacuation
[2026-04-03T03:30:31.366+0600][19.149s][info][gc,phases      ] GC(36)   Pre Evacuate Collection Set: 0.29ms
[2026-04-03T03:30:31.366+0600][19.149s][info][gc,phases      ] GC(36)   Merge Heap Roots: 0.24ms
[2026-04-03T03:30:31.366+0600][19.149s][info][gc,phases      ] GC(36)   Evacuate Collection Set: 2.25ms
[2026-04-03T03:30:31.366+0600][19.149s][info][gc,phases      ] GC(36)   Post Evacuate Collection Set: 0.69ms
[2026-04-03T03:30:31.366+0600][19.149s][info][gc,phases      ] GC(36)   Other: 0.10ms
[2026-04-03T03:30:31.366+0600][19.149s][info][gc,heap        ] GC(36) Eden regions: 57->0(61)
[2026-04-03T03:30:31.366+0600][19.149s][info][gc,heap        ] GC(36) Survivor regions: 3->3(8)
[2026-04-03T03:30:31.366+0600][19.149s][info][gc,heap        ] GC(36) Old regions: 30->30
[2026-04-03T03:30:31.366+0600][19.149s][info][gc,heap        ] GC(36) Humongous regions: 8->8
[2026-04-03T03:30:31.366+0600][19.149s][info][gc,metaspace   ] GC(36) Metaspace: 66574K(67456K)->66574K(67456K) NonClass: 58204K(58688K)->58204K(58688K) Class: 8369K(8768K)->8369K(8768K)
[2026-04-03T03:30:31.366+0600][19.150s][info][gc             ] GC(36) Pause Young (Mixed) (G1 Evacuation Pause) 93M->36M(144M) 3.913ms
[2026-04-03T03:30:31.366+0600][19.150s][info][gc,cpu         ] GC(36) User=0.02s Sys=0.00s Real=0.00s
[2026-04-03T03:30:31.413+0600][19.196s][info][gc,start       ] GC(37) Pause Young (Concurrent Start) (G1 Evacuation Pause)
[2026-04-03T03:30:31.413+0600][19.197s][info][gc,task        ] GC(37) Using 3 workers of 10 for evacuation
[2026-04-03T03:30:31.416+0600][19.200s][info][gc,phases      ] GC(37)   Pre Evacuate Collection Set: 0.35ms
[2026-04-03T03:30:31.416+0600][19.200s][info][gc,phases      ] GC(37)   Merge Heap Roots: 0.20ms
[2026-04-03T03:30:31.416+0600][19.200s][info][gc,phases      ] GC(37)   Evacuate Collection Set: 1.69ms
[2026-04-03T03:30:31.416+0600][19.200s][info][gc,phases      ] GC(37)   Post Evacuate Collection Set: 0.57ms
[2026-04-03T03:30:31.416+0600][19.200s][info][gc,phases      ] GC(37)   Other: 0.19ms
[2026-04-03T03:30:31.416+0600][19.200s][info][gc,heap        ] GC(37) Eden regions: 61->0(66)
[2026-04-03T03:30:31.416+0600][19.200s][info][gc,heap        ] GC(37) Survivor regions: 3->3(8)
[2026-04-03T03:30:31.416+0600][19.200s][info][gc,heap        ] GC(37) Old regions: 30->30
[2026-04-03T03:30:31.416+0600][19.200s][info][gc,heap        ] GC(37) Humongous regions: 8->8
[2026-04-03T03:30:31.416+0600][19.200s][info][gc,metaspace   ] GC(37) Metaspace: 66574K(67456K)->66574K(67456K) NonClass: 58205K(58688K)->58205K(58688K) Class: 8369K(8768K)->8369K(8768K)
[2026-04-03T03:30:31.416+0600][19.200s][info][gc             ] GC(37) Pause Young (Concurrent Start) (G1 Evacuation Pause) 97M->36M(144M) 3.217ms
[2026-04-03T03:30:31.416+0600][19.200s][info][gc,cpu         ] GC(37) User=0.01s Sys=0.00s Real=0.00s
[2026-04-03T03:30:31.416+0600][19.200s][info][gc             ] GC(38) Concurrent Mark Cycle
[2026-04-03T03:30:31.416+0600][19.200s][info][gc,marking     ] GC(38) Concurrent Scan Root Regions
[2026-04-03T03:30:31.417+0600][19.201s][info][gc,marking     ] GC(38) Concurrent Scan Root Regions 0.972ms
[2026-04-03T03:30:31.417+0600][19.201s][info][gc,marking     ] GC(38) Concurrent Mark
[2026-04-03T03:30:31.417+0600][19.201s][info][gc,marking     ] GC(38) Concurrent Mark From Roots
[2026-04-03T03:30:31.417+0600][19.201s][info][gc,task        ] GC(38) Using 3 workers of 3 for marking
[2026-04-03T03:30:31.436+0600][19.219s][info][gc,marking     ] GC(38) Concurrent Mark From Roots 18.641ms
[2026-04-03T03:30:31.436+0600][19.219s][info][gc,marking     ] GC(38) Concurrent Preclean
[2026-04-03T03:30:31.436+0600][19.220s][info][gc,marking     ] GC(38) Concurrent Preclean 0.105ms
[2026-04-03T03:30:31.436+0600][19.220s][info][gc,start       ] GC(38) Pause Remark
[2026-04-03T03:30:31.448+0600][19.231s][info][gc             ] GC(38) Pause Remark 52M->52M(137M) 11.403ms
[2026-04-03T03:30:31.448+0600][19.231s][info][gc,cpu         ] GC(38) User=0.04s Sys=0.00s Real=0.01s
[2026-04-03T03:30:31.448+0600][19.231s][info][gc,marking     ] GC(38) Concurrent Mark 30.681ms
[2026-04-03T03:30:31.448+0600][19.232s][info][gc,marking     ] GC(38) Concurrent Rebuild Remembered Sets and Scrub Regions
[2026-04-03T03:30:31.457+0600][19.241s][info][gc,marking     ] GC(38) Concurrent Rebuild Remembered Sets and Scrub Regions 9.360ms
[2026-04-03T03:30:31.458+0600][19.241s][info][gc,start       ] GC(38) Pause Cleanup
[2026-04-03T03:30:31.458+0600][19.241s][info][gc             ] GC(38) Pause Cleanup 64M->64M(137M) 0.191ms
[2026-04-03T03:30:31.458+0600][19.241s][info][gc,cpu         ] GC(38) User=0.00s Sys=0.00s Real=0.00s
[2026-04-03T03:30:31.458+0600][19.241s][info][gc,marking     ] GC(38) Concurrent Clear Claimed Marks
[2026-04-03T03:30:31.458+0600][19.242s][info][gc,marking     ] GC(38) Concurrent Clear Claimed Marks 0.167ms
[2026-04-03T03:30:31.458+0600][19.242s][info][gc,marking     ] GC(38) Concurrent Cleanup for Next Mark
[2026-04-03T03:30:31.459+0600][19.242s][info][gc,marking     ] GC(38) Concurrent Cleanup for Next Mark 0.397ms
[2026-04-03T03:30:31.459+0600][19.242s][info][gc             ] GC(38) Concurrent Mark Cycle 42.418ms
[2026-04-03T03:30:31.479+0600][19.262s][info][gc,start       ] GC(39) Pause Young (Prepare Mixed) (G1 Evacuation Pause)
[2026-04-03T03:30:31.479+0600][19.262s][info][gc,task        ] GC(39) Using 3 workers of 10 for evacuation
[2026-04-03T03:30:31.482+0600][19.265s][info][gc,phases      ] GC(39)   Pre Evacuate Collection Set: 0.42ms
[2026-04-03T03:30:31.482+0600][19.265s][info][gc,phases      ] GC(39)   Merge Heap Roots: 0.16ms
[2026-04-03T03:30:31.482+0600][19.265s][info][gc,phases      ] GC(39)   Evacuate Collection Set: 1.71ms
[2026-04-03T03:30:31.482+0600][19.265s][info][gc,phases      ] GC(39)   Post Evacuate Collection Set: 0.44ms
[2026-04-03T03:30:31.482+0600][19.265s][info][gc,phases      ] GC(39)   Other: 0.09ms
[2026-04-03T03:30:31.482+0600][19.265s][info][gc,heap        ] GC(39) Eden regions: 66->0(67)
[2026-04-03T03:30:31.482+0600][19.265s][info][gc,heap        ] GC(39) Survivor regions: 3->3(9)
[2026-04-03T03:30:31.482+0600][19.265s][info][gc,heap        ] GC(39) Old regions: 30->30
[2026-04-03T03:30:31.482+0600][19.265s][info][gc,heap        ] GC(39) Humongous regions: 8->8
[2026-04-03T03:30:31.482+0600][19.265s][info][gc,metaspace   ] GC(39) Metaspace: 66417K(67456K)->66417K(67456K) NonClass: 58093K(58688K)->58093K(58688K) Class: 8323K(8768K)->8323K(8768K)
[2026-04-03T03:30:31.482+0600][19.265s][info][gc             ] GC(39) Pause Young (Prepare Mixed) (G1 Evacuation Pause) 102M->36M(137M) 3.029ms
[2026-04-03T03:30:31.482+0600][19.265s][info][gc,cpu         ] GC(39) User=0.00s Sys=0.00s Real=0.01s
[2026-04-03T03:30:31.513+0600][19.297s][info][gc,start       ] GC(40) Pause Young (Mixed) (G1 Evacuation Pause)
[2026-04-03T03:30:31.513+0600][19.297s][info][gc,task        ] GC(40) Using 3 workers of 10 for evacuation
[2026-04-03T03:30:31.517+0600][19.300s][info][gc,phases      ] GC(40)   Pre Evacuate Collection Set: 0.36ms
[2026-04-03T03:30:31.517+0600][19.300s][info][gc,phases      ] GC(40)   Merge Heap Roots: 0.21ms
[2026-04-03T03:30:31.517+0600][19.300s][info][gc,phases      ] GC(40)   Evacuate Collection Set: 1.84ms
[2026-04-03T03:30:31.517+0600][19.300s][info][gc,phases      ] GC(40)   Post Evacuate Collection Set: 0.68ms
[2026-04-03T03:30:31.517+0600][19.300s][info][gc,phases      ] GC(40)   Other: 0.08ms
[2026-04-03T03:30:31.517+0600][19.300s][info][gc,heap        ] GC(40) Eden regions: 67->0(70)
[2026-04-03T03:30:31.517+0600][19.300s][info][gc,heap        ] GC(40) Survivor regions: 3->3(9)
[2026-04-03T03:30:31.517+0600][19.300s][info][gc,heap        ] GC(40) Old regions: 30->30
[2026-04-03T03:30:31.517+0600][19.300s][info][gc,heap        ] GC(40) Humongous regions: 8->8
[2026-04-03T03:30:31.517+0600][19.300s][info][gc,metaspace   ] GC(40) Metaspace: 66417K(67520K)->66417K(67520K) NonClass: 58093K(58752K)->58093K(58752K) Class: 8323K(8768K)->8323K(8768K)
[2026-04-03T03:30:31.517+0600][19.300s][info][gc             ] GC(40) Pause Young (Mixed) (G1 Evacuation Pause) 103M->36M(137M) 3.402ms
[2026-04-03T03:30:31.517+0600][19.300s][info][gc,cpu         ] GC(40) User=0.01s Sys=0.00s Real=0.00s
[2026-04-03T03:30:31.550+0600][19.333s][info][gc,start       ] GC(41) Pause Young (Concurrent Start) (G1 Evacuation Pause)
[2026-04-03T03:30:31.550+0600][19.333s][info][gc,task        ] GC(41) Using 3 workers of 10 for evacuation
[2026-04-03T03:30:31.553+0600][19.337s][info][gc,phases      ] GC(41)   Pre Evacuate Collection Set: 0.31ms
[2026-04-03T03:30:31.553+0600][19.337s][info][gc,phases      ] GC(41)   Merge Heap Roots: 0.18ms
[2026-04-03T03:30:31.553+0600][19.337s][info][gc,phases      ] GC(41)   Evacuate Collection Set: 1.38ms
[2026-04-03T03:30:31.553+0600][19.337s][info][gc,phases      ] GC(41)   Post Evacuate Collection Set: 1.20ms
[2026-04-03T03:30:31.553+0600][19.337s][info][gc,phases      ] GC(41)   Other: 0.16ms
[2026-04-03T03:30:31.553+0600][19.337s][info][gc,heap        ] GC(41) Eden regions: 70->0(148)
[2026-04-03T03:30:31.553+0600][19.337s][info][gc,heap        ] GC(41) Survivor regions: 3->3(10)
[2026-04-03T03:30:31.553+0600][19.337s][info][gc,heap        ] GC(41) Old regions: 30->30
[2026-04-03T03:30:31.553+0600][19.337s][info][gc,heap        ] GC(41) Humongous regions: 8->8
[2026-04-03T03:30:31.553+0600][19.337s][info][gc,metaspace   ] GC(41) Metaspace: 66419K(67520K)->66419K(67520K) NonClass: 58095K(58752K)->58095K(58752K) Class: 8323K(8768K)->8323K(8768K)
[2026-04-03T03:30:31.553+0600][19.337s][info][gc             ] GC(41) Pause Young (Concurrent Start) (G1 Evacuation Pause) 106M->36M(252M) 3.420ms
[2026-04-03T03:30:31.553+0600][19.337s][info][gc,cpu         ] GC(41) User=0.00s Sys=0.00s Real=0.00s
[2026-04-03T03:30:31.554+0600][19.337s][info][gc             ] GC(42) Concurrent Mark Cycle
[2026-04-03T03:30:31.554+0600][19.337s][info][gc,marking     ] GC(42) Concurrent Scan Root Regions
[2026-04-03T03:30:31.555+0600][19.338s][info][gc,marking     ] GC(42) Concurrent Scan Root Regions 1.331ms
[2026-04-03T03:30:31.555+0600][19.338s][info][gc,marking     ] GC(42) Concurrent Mark
[2026-04-03T03:30:31.555+0600][19.338s][info][gc,marking     ] GC(42) Concurrent Mark From Roots
[2026-04-03T03:30:31.555+0600][19.338s][info][gc,task        ] GC(42) Using 3 workers of 3 for marking
[2026-04-03T03:30:31.573+0600][19.356s][info][gc,marking     ] GC(42) Concurrent Mark From Roots 17.606ms
[2026-04-03T03:30:31.573+0600][19.356s][info][gc,marking     ] GC(42) Concurrent Preclean
[2026-04-03T03:30:31.573+0600][19.356s][info][gc,marking     ] GC(42) Concurrent Preclean 0.122ms
[2026-04-03T03:30:31.573+0600][19.356s][info][gc,start       ] GC(42) Pause Remark
[2026-04-03T03:30:31.578+0600][19.362s][info][gc             ] GC(42) Pause Remark 55M->55M(137M) 5.082ms
[2026-04-03T03:30:31.578+0600][19.362s][info][gc,cpu         ] GC(42) User=0.01s Sys=0.00s Real=0.00s
[2026-04-03T03:30:31.578+0600][19.362s][info][gc,marking     ] GC(42) Concurrent Mark 23.220ms
[2026-04-03T03:30:31.578+0600][19.362s][info][gc,marking     ] GC(42) Concurrent Rebuild Remembered Sets and Scrub Regions
[2026-04-03T03:30:31.586+0600][19.369s][info][gc,marking     ] GC(42) Concurrent Rebuild Remembered Sets and Scrub Regions 7.391ms
[2026-04-03T03:30:31.586+0600][19.369s][info][gc,start       ] GC(42) Pause Cleanup
[2026-04-03T03:30:31.586+0600][19.369s][info][gc             ] GC(42) Pause Cleanup 68M->68M(137M) 0.133ms
[2026-04-03T03:30:31.586+0600][19.369s][info][gc,cpu         ] GC(42) User=0.00s Sys=0.00s Real=0.00s
[2026-04-03T03:30:31.586+0600][19.369s][info][gc,marking     ] GC(42) Concurrent Clear Claimed Marks
[2026-04-03T03:30:31.586+0600][19.370s][info][gc,marking     ] GC(42) Concurrent Clear Claimed Marks 0.107ms
[2026-04-03T03:30:31.586+0600][19.370s][info][gc,marking     ] GC(42) Concurrent Cleanup for Next Mark
[2026-04-03T03:30:31.587+0600][19.370s][info][gc,marking     ] GC(42) Concurrent Cleanup for Next Mark 0.313ms
[2026-04-03T03:30:31.587+0600][19.370s][info][gc             ] GC(42) Concurrent Mark Cycle 32.951ms
[2026-04-03T03:30:31.611+0600][19.394s][info][gc,start       ] GC(43) Pause Young (Prepare Mixed) (G1 Evacuation Pause)
[2026-04-03T03:30:31.611+0600][19.394s][info][gc,task        ] GC(43) Using 3 workers of 10 for evacuation
[2026-04-03T03:30:31.614+0600][19.397s][info][gc,phases      ] GC(43)   Pre Evacuate Collection Set: 0.29ms
[2026-04-03T03:30:31.614+0600][19.397s][info][gc,phases      ] GC(43)   Merge Heap Roots: 0.25ms
[2026-04-03T03:30:31.614+0600][19.397s][info][gc,phases      ] GC(43)   Evacuate Collection Set: 1.50ms
[2026-04-03T03:30:31.614+0600][19.397s][info][gc,phases      ] GC(43)   Post Evacuate Collection Set: 0.80ms
[2026-04-03T03:30:31.614+0600][19.397s][info][gc,phases      ] GC(43)   Other: 0.09ms
[2026-04-03T03:30:31.614+0600][19.397s][info][gc,heap        ] GC(43) Eden regions: 79->0(77)
[2026-04-03T03:30:31.614+0600][19.397s][info][gc,heap        ] GC(43) Survivor regions: 3->3(11)
[2026-04-03T03:30:31.614+0600][19.397s][info][gc,heap        ] GC(43) Old regions: 30->30
[2026-04-03T03:30:31.614+0600][19.397s][info][gc,heap        ] GC(43) Humongous regions: 8->8
[2026-04-03T03:30:31.614+0600][19.397s][info][gc,metaspace   ] GC(43) Metaspace: 66420K(67520K)->66420K(67520K) NonClass: 58096K(58752K)->58096K(58752K) Class: 8323K(8768K)->8323K(8768K)
[2026-04-03T03:30:31.614+0600][19.397s][info][gc             ] GC(43) Pause Young (Prepare Mixed) (G1 Evacuation Pause) 115M->36M(137M) 3.122ms
[2026-04-03T03:30:31.614+0600][19.397s][info][gc,cpu         ] GC(43) User=0.01s Sys=0.00s Real=0.00s
[2026-04-03T03:30:31.650+0600][19.434s][info][gc,start       ] GC(44) Pause Young (Mixed) (G1 Evacuation Pause)
[2026-04-03T03:30:31.650+0600][19.434s][info][gc,task        ] GC(44) Using 3 workers of 10 for evacuation
[2026-04-03T03:30:31.653+0600][19.437s][info][gc,phases      ] GC(44)   Pre Evacuate Collection Set: 0.37ms
[2026-04-03T03:30:31.653+0600][19.437s][info][gc,phases      ] GC(44)   Merge Heap Roots: 0.17ms
[2026-04-03T03:30:31.653+0600][19.437s][info][gc,phases      ] GC(44)   Evacuate Collection Set: 2.00ms
[2026-04-03T03:30:31.653+0600][19.437s][info][gc,phases      ] GC(44)   Post Evacuate Collection Set: 0.55ms
[2026-04-03T03:30:31.653+0600][19.437s][info][gc,phases      ] GC(44)   Other: 0.08ms
[2026-04-03T03:30:31.653+0600][19.437s][info][gc,heap        ] GC(44) Eden regions: 77->0(79)
[2026-04-03T03:30:31.653+0600][19.437s][info][gc,heap        ] GC(44) Survivor regions: 3->3(10)
[2026-04-03T03:30:31.653+0600][19.437s][info][gc,heap        ] GC(44) Old regions: 30->30
[2026-04-03T03:30:31.653+0600][19.437s][info][gc,heap        ] GC(44) Humongous regions: 8->8
[2026-04-03T03:30:31.653+0600][19.437s][info][gc,metaspace   ] GC(44) Metaspace: 66422K(67520K)->66422K(67520K) NonClass: 58098K(58752K)->58098K(58752K) Class: 8323K(8768K)->8323K(8768K)
[2026-04-03T03:30:31.654+0600][19.437s][info][gc             ] GC(44) Pause Young (Mixed) (G1 Evacuation Pause) 113M->36M(137M) 3.375ms
[2026-04-03T03:30:31.654+0600][19.437s][info][gc,cpu         ] GC(44) User=0.01s Sys=0.00s Real=0.00s
[2026-04-03T03:30:31.691+0600][19.475s][info][gc,start       ] GC(45) Pause Young (Concurrent Start) (G1 Evacuation Pause)
[2026-04-03T03:30:31.691+0600][19.475s][info][gc,task        ] GC(45) Using 3 workers of 10 for evacuation
[2026-04-03T03:30:31.695+0600][19.478s][info][gc,phases      ] GC(45)   Pre Evacuate Collection Set: 0.40ms
[2026-04-03T03:30:31.695+0600][19.478s][info][gc,phases      ] GC(45)   Merge Heap Roots: 0.22ms
[2026-04-03T03:30:31.695+0600][19.478s][info][gc,phases      ] GC(45)   Evacuate Collection Set: 1.92ms
[2026-04-03T03:30:31.695+0600][19.478s][info][gc,phases      ] GC(45)   Post Evacuate Collection Set: 0.82ms
[2026-04-03T03:30:31.695+0600][19.478s][info][gc,phases      ] GC(45)   Other: 0.22ms
[2026-04-03T03:30:31.695+0600][19.478s][info][gc,heap        ] GC(45) Eden regions: 79->0(79)
[2026-04-03T03:30:31.695+0600][19.478s][info][gc,heap        ] GC(45) Survivor regions: 3->3(11)
[2026-04-03T03:30:31.695+0600][19.478s][info][gc,heap        ] GC(45) Old regions: 30->30
[2026-04-03T03:30:31.695+0600][19.478s][info][gc,heap        ] GC(45) Humongous regions: 8->8
[2026-04-03T03:30:31.695+0600][19.478s][info][gc,metaspace   ] GC(45) Metaspace: 66429K(67520K)->66429K(67520K) NonClass: 58105K(58752K)->58105K(58752K) Class: 8323K(8768K)->8323K(8768K)
[2026-04-03T03:30:31.695+0600][19.478s][info][gc             ] GC(45) Pause Young (Concurrent Start) (G1 Evacuation Pause) 115M->36M(137M) 3.766ms
[2026-04-03T03:30:31.695+0600][19.478s][info][gc,cpu         ] GC(45) User=0.00s Sys=0.00s Real=0.00s
[2026-04-03T03:30:31.695+0600][19.478s][info][gc             ] GC(46) Concurrent Mark Cycle
[2026-04-03T03:30:31.695+0600][19.478s][info][gc,marking     ] GC(46) Concurrent Scan Root Regions
[2026-04-03T03:30:31.696+0600][19.479s][info][gc,marking     ] GC(46) Concurrent Scan Root Regions 0.929ms
[2026-04-03T03:30:31.696+0600][19.479s][info][gc,marking     ] GC(46) Concurrent Mark
[2026-04-03T03:30:31.696+0600][19.479s][info][gc,marking     ] GC(46) Concurrent Mark From Roots
[2026-04-03T03:30:31.696+0600][19.479s][info][gc,task        ] GC(46) Using 3 workers of 3 for marking
[2026-04-03T03:30:31.712+0600][19.496s][info][gc,marking     ] GC(46) Concurrent Mark From Roots 16.393ms
[2026-04-03T03:30:31.713+0600][19.496s][info][gc,marking     ] GC(46) Concurrent Preclean
[2026-04-03T03:30:31.713+0600][19.496s][info][gc,marking     ] GC(46) Concurrent Preclean 0.095ms
[2026-04-03T03:30:31.713+0600][19.496s][info][gc,start       ] GC(46) Pause Remark
[2026-04-03T03:30:31.718+0600][19.502s][info][gc             ] GC(46) Pause Remark 64M->64M(137M) 5.335ms
[2026-04-03T03:30:31.718+0600][19.502s][info][gc,cpu         ] GC(46) User=0.01s Sys=0.00s Real=0.00s
[2026-04-03T03:30:31.718+0600][19.502s][info][gc,marking     ] GC(46) Concurrent Mark 22.252ms
[2026-04-03T03:30:31.718+0600][19.502s][info][gc,marking     ] GC(46) Concurrent Rebuild Remembered Sets and Scrub Regions
[2026-04-03T03:30:31.726+0600][19.509s][info][gc,marking     ] GC(46) Concurrent Rebuild Remembered Sets and Scrub Regions 7.744ms
[2026-04-03T03:30:31.726+0600][19.510s][info][gc,start       ] GC(46) Pause Cleanup
[2026-04-03T03:30:31.726+0600][19.510s][info][gc             ] GC(46) Pause Cleanup 78M->78M(137M) 0.142ms
[2026-04-03T03:30:31.726+0600][19.510s][info][gc,cpu         ] GC(46) User=0.00s Sys=0.00s Real=0.00s
[2026-04-03T03:30:31.726+0600][19.510s][info][gc,marking     ] GC(46) Concurrent Clear Claimed Marks
[2026-04-03T03:30:31.727+0600][19.510s][info][gc,marking     ] GC(46) Concurrent Clear Claimed Marks 0.106ms
[2026-04-03T03:30:31.727+0600][19.510s][info][gc,marking     ] GC(46) Concurrent Cleanup for Next Mark
[2026-04-03T03:30:31.727+0600][19.510s][info][gc,marking     ] GC(46) Concurrent Cleanup for Next Mark 0.212ms
[2026-04-03T03:30:31.727+0600][19.510s][info][gc             ] GC(46) Concurrent Mark Cycle 31.756ms
[2026-04-03T03:30:31.745+0600][19.528s][info][gc,start       ] GC(47) Pause Young (Prepare Mixed) (G1 Evacuation Pause)
[2026-04-03T03:30:31.745+0600][19.528s][info][gc,task        ] GC(47) Using 3 workers of 10 for evacuation
[2026-04-03T03:30:31.748+0600][19.531s][info][gc,phases      ] GC(47)   Pre Evacuate Collection Set: 0.39ms
[2026-04-03T03:30:31.748+0600][19.531s][info][gc,phases      ] GC(47)   Merge Heap Roots: 0.11ms
[2026-04-03T03:30:31.748+0600][19.531s][info][gc,phases      ] GC(47)   Evacuate Collection Set: 1.57ms
[2026-04-03T03:30:31.748+0600][19.531s][info][gc,phases      ] GC(47)   Post Evacuate Collection Set: 0.67ms
[2026-04-03T03:30:31.748+0600][19.531s][info][gc,phases      ] GC(47)   Other: 0.08ms
[2026-04-03T03:30:31.748+0600][19.531s][info][gc,heap        ] GC(47) Eden regions: 79->0(79)
[2026-04-03T03:30:31.748+0600][19.531s][info][gc,heap        ] GC(47) Survivor regions: 3->3(11)
[2026-04-03T03:30:31.748+0600][19.531s][info][gc,heap        ] GC(47) Old regions: 30->30
[2026-04-03T03:30:31.748+0600][19.531s][info][gc,heap        ] GC(47) Humongous regions: 8->8
[2026-04-03T03:30:31.748+0600][19.531s][info][gc,metaspace   ] GC(47) Metaspace: 66430K(67520K)->66430K(67520K) NonClass: 58106K(58752K)->58106K(58752K) Class: 8323K(8768K)->8323K(8768K)
[2026-04-03T03:30:31.748+0600][19.531s][info][gc             ] GC(47) Pause Young (Prepare Mixed) (G1 Evacuation Pause) 115M->36M(137M) 3.015ms
[2026-04-03T03:30:31.748+0600][19.531s][info][gc,cpu         ] GC(47) User=0.01s Sys=0.01s Real=0.00s
[2026-04-03T03:30:31.784+0600][19.567s][info][gc,start       ] GC(48) Pause Young (Mixed) (G1 Evacuation Pause)
[2026-04-03T03:30:31.784+0600][19.567s][info][gc,task        ] GC(48) Using 3 workers of 10 for evacuation
[2026-04-03T03:30:31.787+0600][19.570s][info][gc,phases      ] GC(48)   Pre Evacuate Collection Set: 0.24ms
[2026-04-03T03:30:31.787+0600][19.570s][info][gc,phases      ] GC(48)   Merge Heap Roots: 0.16ms
[2026-04-03T03:30:31.787+0600][19.570s][info][gc,phases      ] GC(48)   Evacuate Collection Set: 1.84ms
[2026-04-03T03:30:31.787+0600][19.570s][info][gc,phases      ] GC(48)   Post Evacuate Collection Set: 0.60ms
[2026-04-03T03:30:31.787+0600][19.570s][info][gc,phases      ] GC(48)   Other: 0.07ms
[2026-04-03T03:30:31.787+0600][19.570s][info][gc,heap        ] GC(48) Eden regions: 79->0(79)
[2026-04-03T03:30:31.787+0600][19.570s][info][gc,heap        ] GC(48) Survivor regions: 3->3(11)
[2026-04-03T03:30:31.787+0600][19.570s][info][gc,heap        ] GC(48) Old regions: 30->30
[2026-04-03T03:30:31.787+0600][19.570s][info][gc,heap        ] GC(48) Humongous regions: 8->8
[2026-04-03T03:30:31.787+0600][19.570s][info][gc,metaspace   ] GC(48) Metaspace: 66430K(67520K)->66430K(67520K) NonClass: 58106K(58752K)->58106K(58752K) Class: 8323K(8768K)->8323K(8768K)
[2026-04-03T03:30:31.787+0600][19.570s][info][gc             ] GC(48) Pause Young (Mixed) (G1 Evacuation Pause) 115M->36M(137M) 3.108ms
[2026-04-03T03:30:31.787+0600][19.570s][info][gc,cpu         ] GC(48) User=0.01s Sys=0.00s Real=0.00s
[2026-04-03T03:30:31.823+0600][19.607s][info][gc,start       ] GC(49) Pause Young (Concurrent Start) (G1 Evacuation Pause)
[2026-04-03T03:30:31.823+0600][19.607s][info][gc,task        ] GC(49) Using 3 workers of 10 for evacuation
[2026-04-03T03:30:31.827+0600][19.610s][info][gc,phases      ] GC(49)   Pre Evacuate Collection Set: 0.41ms
[2026-04-03T03:30:31.827+0600][19.610s][info][gc,phases      ] GC(49)   Merge Heap Roots: 0.08ms
[2026-04-03T03:30:31.827+0600][19.610s][info][gc,phases      ] GC(49)   Evacuate Collection Set: 1.46ms
[2026-04-03T03:30:31.827+0600][19.610s][info][gc,phases      ] GC(49)   Post Evacuate Collection Set: 1.48ms
[2026-04-03T03:30:31.827+0600][19.611s][info][gc,phases      ] GC(49)   Other: 0.29ms
[2026-04-03T03:30:31.827+0600][19.611s][info][gc,heap        ] GC(49) Eden regions: 79->0(161)
[2026-04-03T03:30:31.827+0600][19.611s][info][gc,heap        ] GC(49) Survivor regions: 3->3(11)
[2026-04-03T03:30:31.827+0600][19.611s][info][gc,heap        ] GC(49) Old regions: 30->30
[2026-04-03T03:30:31.827+0600][19.611s][info][gc,heap        ] GC(49) Humongous regions: 8->8
[2026-04-03T03:30:31.827+0600][19.611s][info][gc,metaspace   ] GC(49) Metaspace: 66434K(67520K)->66434K(67520K) NonClass: 58110K(58752K)->58110K(58752K) Class: 8323K(8768K)->8323K(8768K)
[2026-04-03T03:30:31.827+0600][19.611s][info][gc             ] GC(49) Pause Young (Concurrent Start) (G1 Evacuation Pause) 115M->36M(274M) 3.905ms
[2026-04-03T03:30:31.827+0600][19.611s][info][gc,cpu         ] GC(49) User=0.01s Sys=0.00s Real=0.00s
[2026-04-03T03:30:31.827+0600][19.611s][info][gc             ] GC(50) Concurrent Mark Cycle
[2026-04-03T03:30:31.827+0600][19.611s][info][gc,marking     ] GC(50) Concurrent Scan Root Regions
[2026-04-03T03:30:31.828+0600][19.612s][info][gc,marking     ] GC(50) Concurrent Scan Root Regions 1.076ms
[2026-04-03T03:30:31.828+0600][19.612s][info][gc,marking     ] GC(50) Concurrent Mark
[2026-04-03T03:30:31.828+0600][19.612s][info][gc,marking     ] GC(50) Concurrent Mark From Roots
[2026-04-03T03:30:31.828+0600][19.612s][info][gc,task        ] GC(50) Using 3 workers of 3 for marking
[2026-04-03T03:30:31.844+0600][19.628s][info][gc,marking     ] GC(50) Concurrent Mark From Roots 15.818ms
[2026-04-03T03:30:31.844+0600][19.628s][info][gc,marking     ] GC(50) Concurrent Preclean
[2026-04-03T03:30:31.844+0600][19.628s][info][gc,marking     ] GC(50) Concurrent Preclean 0.097ms
[2026-04-03T03:30:31.845+0600][19.628s][info][gc,start       ] GC(50) Pause Remark
[2026-04-03T03:30:31.849+0600][19.633s][info][gc             ] GC(50) Pause Remark 55M->55M(137M) 4.774ms
[2026-04-03T03:30:31.849+0600][19.633s][info][gc,cpu         ] GC(50) User=0.01s Sys=0.00s Real=0.00s
[2026-04-03T03:30:31.849+0600][19.633s][info][gc,marking     ] GC(50) Concurrent Mark 21.065ms
[2026-04-03T03:30:31.849+0600][19.633s][info][gc,marking     ] GC(50) Concurrent Rebuild Remembered Sets and Scrub Regions
[2026-04-03T03:30:31.858+0600][19.641s][info][gc,marking     ] GC(50) Concurrent Rebuild Remembered Sets and Scrub Regions 8.307ms
[2026-04-03T03:30:31.858+0600][19.641s][info][gc,start       ] GC(50) Pause Cleanup
[2026-04-03T03:30:31.858+0600][19.641s][info][gc             ] GC(50) Pause Cleanup 69M->69M(137M) 0.128ms
[2026-04-03T03:30:31.858+0600][19.642s][info][gc,cpu         ] GC(50) User=0.00s Sys=0.00s Real=0.00s
[2026-04-03T03:30:31.858+0600][19.642s][info][gc,marking     ] GC(50) Concurrent Clear Claimed Marks
[2026-04-03T03:30:31.858+0600][19.642s][info][gc,marking     ] GC(50) Concurrent Clear Claimed Marks 0.106ms
[2026-04-03T03:30:31.858+0600][19.642s][info][gc,marking     ] GC(50) Concurrent Cleanup for Next Mark
[2026-04-03T03:30:31.859+0600][19.642s][info][gc,marking     ] GC(50) Concurrent Cleanup for Next Mark 0.327ms
[2026-04-03T03:30:31.859+0600][19.642s][info][gc             ] GC(50) Concurrent Mark Cycle 31.394ms
[2026-04-03T03:30:31.881+0600][19.664s][info][gc,start       ] GC(51) Pause Young (Prepare Mixed) (G1 Evacuation Pause)
[2026-04-03T03:30:31.881+0600][19.664s][info][gc,task        ] GC(51) Using 3 workers of 10 for evacuation
[2026-04-03T03:30:31.884+0600][19.667s][info][gc,phases      ] GC(51)   Pre Evacuate Collection Set: 0.49ms
[2026-04-03T03:30:31.884+0600][19.667s][info][gc,phases      ] GC(51)   Merge Heap Roots: 0.11ms
[2026-04-03T03:30:31.884+0600][19.667s][info][gc,phases      ] GC(51)   Evacuate Collection Set: 1.93ms
[2026-04-03T03:30:31.884+0600][19.667s][info][gc,phases      ] GC(51)   Post Evacuate Collection Set: 0.65ms
[2026-04-03T03:30:31.884+0600][19.668s][info][gc,phases      ] GC(51)   Other: 0.07ms
[2026-04-03T03:30:31.884+0600][19.668s][info][gc,heap        ] GC(51) Eden regions: 79->0(79)
[2026-04-03T03:30:31.884+0600][19.668s][info][gc,heap        ] GC(51) Survivor regions: 3->3(11)
[2026-04-03T03:30:31.884+0600][19.668s][info][gc,heap        ] GC(51) Old regions: 30->30
[2026-04-03T03:30:31.884+0600][19.668s][info][gc,heap        ] GC(51) Humongous regions: 8->8
[2026-04-03T03:30:31.884+0600][19.668s][info][gc,metaspace   ] GC(51) Metaspace: 66434K(67520K)->66434K(67520K) NonClass: 58110K(58752K)->58110K(58752K) Class: 8323K(8768K)->8323K(8768K)
[2026-04-03T03:30:31.884+0600][19.668s][info][gc             ] GC(51) Pause Young (Prepare Mixed) (G1 Evacuation Pause) 115M->36M(137M) 3.509ms
[2026-04-03T03:30:31.884+0600][19.668s][info][gc,cpu         ] GC(51) User=0.01s Sys=0.00s Real=0.00s
[2026-04-03T03:30:31.921+0600][19.704s][info][gc,start       ] GC(52) Pause Young (Mixed) (G1 Evacuation Pause)
[2026-04-03T03:30:31.921+0600][19.704s][info][gc,task        ] GC(52) Using 3 workers of 10 for evacuation
[2026-04-03T03:30:31.924+0600][19.707s][info][gc,phases      ] GC(52)   Pre Evacuate Collection Set: 0.28ms
[2026-04-03T03:30:31.924+0600][19.707s][info][gc,phases      ] GC(52)   Merge Heap Roots: 0.20ms
[2026-04-03T03:30:31.924+0600][19.707s][info][gc,phases      ] GC(52)   Evacuate Collection Set: 1.75ms
[2026-04-03T03:30:31.924+0600][19.707s][info][gc,phases      ] GC(52)   Post Evacuate Collection Set: 0.60ms
[2026-04-03T03:30:31.924+0600][19.707s][info][gc,phases      ] GC(52)   Other: 0.07ms
[2026-04-03T03:30:31.924+0600][19.707s][info][gc,heap        ] GC(52) Eden regions: 79->0(79)
[2026-04-03T03:30:31.924+0600][19.707s][info][gc,heap        ] GC(52) Survivor regions: 3->3(11)
[2026-04-03T03:30:31.924+0600][19.707s][info][gc,heap        ] GC(52) Old regions: 30->30
[2026-04-03T03:30:31.924+0600][19.707s][info][gc,heap        ] GC(52) Humongous regions: 8->8
[2026-04-03T03:30:31.924+0600][19.707s][info][gc,metaspace   ] GC(52) Metaspace: 66434K(67520K)->66434K(67520K) NonClass: 58110K(58752K)->58110K(58752K) Class: 8323K(8768K)->8323K(8768K)
[2026-04-03T03:30:31.924+0600][19.707s][info][gc             ] GC(52) Pause Young (Mixed) (G1 Evacuation Pause) 115M->36M(137M) 3.137ms
[2026-04-03T03:30:31.924+0600][19.707s][info][gc,cpu         ] GC(52) User=0.01s Sys=0.00s Real=0.00s
[2026-04-03T03:30:31.960+0600][19.744s][info][gc,start       ] GC(53) Pause Young (Concurrent Start) (G1 Evacuation Pause)
[2026-04-03T03:30:31.961+0600][19.744s][info][gc,task        ] GC(53) Using 3 workers of 10 for evacuation
[2026-04-03T03:30:31.963+0600][19.747s][info][gc,phases      ] GC(53)   Pre Evacuate Collection Set: 0.18ms
[2026-04-03T03:30:31.963+0600][19.747s][info][gc,phases      ] GC(53)   Merge Heap Roots: 0.16ms
[2026-04-03T03:30:31.963+0600][19.747s][info][gc,phases      ] GC(53)   Evacuate Collection Set: 1.59ms
[2026-04-03T03:30:31.963+0600][19.747s][info][gc,phases      ] GC(53)   Post Evacuate Collection Set: 0.61ms
[2026-04-03T03:30:31.963+0600][19.747s][info][gc,phases      ] GC(53)   Other: 0.15ms
[2026-04-03T03:30:31.963+0600][19.747s][info][gc,heap        ] GC(53) Eden regions: 79->0(81)
[2026-04-03T03:30:31.963+0600][19.747s][info][gc,heap        ] GC(53) Survivor regions: 3->1(11)
[2026-04-03T03:30:31.963+0600][19.747s][info][gc,heap        ] GC(53) Old regions: 30->32
[2026-04-03T03:30:31.963+0600][19.747s][info][gc,heap        ] GC(53) Humongous regions: 8->8
[2026-04-03T03:30:31.963+0600][19.747s][info][gc,metaspace   ] GC(53) Metaspace: 66434K(67520K)->66434K(67520K) NonClass: 58110K(58752K)->58110K(58752K) Class: 8323K(8768K)->8323K(8768K)
[2026-04-03T03:30:31.963+0600][19.747s][info][gc             ] GC(53) Pause Young (Concurrent Start) (G1 Evacuation Pause) 115M->36M(137M) 2.906ms
[2026-04-03T03:30:31.963+0600][19.747s][info][gc,cpu         ] GC(53) User=0.01s Sys=0.00s Real=0.00s
[2026-04-03T03:30:31.963+0600][19.747s][info][gc             ] GC(54) Concurrent Mark Cycle
[2026-04-03T03:30:31.963+0600][19.747s][info][gc,marking     ] GC(54) Concurrent Scan Root Regions
[2026-04-03T03:30:31.965+0600][19.748s][info][gc,marking     ] GC(54) Concurrent Scan Root Regions 1.025ms
[2026-04-03T03:30:31.965+0600][19.748s][info][gc,marking     ] GC(54) Concurrent Mark
[2026-04-03T03:30:31.965+0600][19.748s][info][gc,marking     ] GC(54) Concurrent Mark From Roots
[2026-04-03T03:30:31.965+0600][19.748s][info][gc,task        ] GC(54) Using 3 workers of 3 for marking
[2026-04-03T03:30:31.981+0600][19.764s][info][gc,marking     ] GC(54) Concurrent Mark From Roots 16.377ms
[2026-04-03T03:30:31.981+0600][19.764s][info][gc,marking     ] GC(54) Concurrent Preclean
[2026-04-03T03:30:31.981+0600][19.764s][info][gc,marking     ] GC(54) Concurrent Preclean 0.095ms
[2026-04-03T03:30:31.981+0600][19.765s][info][gc,start       ] GC(54) Pause Remark
[2026-04-03T03:30:31.986+0600][19.770s][info][gc             ] GC(54) Pause Remark 65M->65M(137M) 5.089ms
[2026-04-03T03:30:31.986+0600][19.770s][info][gc,cpu         ] GC(54) User=0.01s Sys=0.00s Real=0.00s
[2026-04-03T03:30:31.987+0600][19.770s][info][gc,marking     ] GC(54) Concurrent Mark 22.063ms
[2026-04-03T03:30:31.987+0600][19.770s][info][gc,marking     ] GC(54) Concurrent Rebuild Remembered Sets and Scrub Regions
[2026-04-03T03:30:31.995+0600][19.778s][info][gc,marking     ] GC(54) Concurrent Rebuild Remembered Sets and Scrub Regions 7.927ms
[2026-04-03T03:30:31.995+0600][19.778s][info][gc,start       ] GC(54) Pause Cleanup
[2026-04-03T03:30:31.995+0600][19.779s][info][gc             ] GC(54) Pause Cleanup 79M->79M(137M) 0.336ms
[2026-04-03T03:30:31.995+0600][19.779s][info][gc,cpu         ] GC(54) User=0.00s Sys=0.00s Real=0.00s
[2026-04-03T03:30:31.995+0600][19.779s][info][gc,marking     ] GC(54) Concurrent Clear Claimed Marks
[2026-04-03T03:30:31.996+0600][19.779s][info][gc,marking     ] GC(54) Concurrent Clear Claimed Marks 0.158ms
[2026-04-03T03:30:31.996+0600][19.779s][info][gc,marking     ] GC(54) Concurrent Cleanup for Next Mark
[2026-04-03T03:30:31.996+0600][19.779s][info][gc,marking     ] GC(54) Concurrent Cleanup for Next Mark 0.223ms
[2026-04-03T03:30:31.996+0600][19.779s][info][gc             ] GC(54) Concurrent Mark Cycle 32.389ms
[2026-04-03T03:30:32.014+0600][19.798s][info][gc,start       ] GC(55) Pause Young (Prepare Mixed) (G1 Evacuation Pause)
[2026-04-03T03:30:32.014+0600][19.798s][info][gc,task        ] GC(55) Using 3 workers of 10 for evacuation
[2026-04-03T03:30:32.016+0600][19.799s][info][gc,phases      ] GC(55)   Pre Evacuate Collection Set: 0.32ms
[2026-04-03T03:30:32.016+0600][19.799s][info][gc,phases      ] GC(55)   Merge Heap Roots: 0.14ms
[2026-04-03T03:30:32.016+0600][19.800s][info][gc,phases      ] GC(55)   Evacuate Collection Set: 0.62ms
[2026-04-03T03:30:32.016+0600][19.800s][info][gc,phases      ] GC(55)   Post Evacuate Collection Set: 0.67ms
[2026-04-03T03:30:32.016+0600][19.800s][info][gc,phases      ] GC(55)   Other: 0.08ms
[2026-04-03T03:30:32.016+0600][19.800s][info][gc,heap        ] GC(55) Eden regions: 81->0(81)
[2026-04-03T03:30:32.016+0600][19.800s][info][gc,heap        ] GC(55) Survivor regions: 1->1(11)
[2026-04-03T03:30:32.016+0600][19.800s][info][gc,heap        ] GC(55) Old regions: 32->33
[2026-04-03T03:30:32.016+0600][19.800s][info][gc,heap        ] GC(55) Humongous regions: 8->8
[2026-04-03T03:30:32.016+0600][19.800s][info][gc,metaspace   ] GC(55) Metaspace: 66434K(67520K)->66434K(67520K) NonClass: 58110K(58752K)->58110K(58752K) Class: 8323K(8768K)->8323K(8768K)
[2026-04-03T03:30:32.016+0600][19.800s][info][gc             ] GC(55) Pause Young (Prepare Mixed) (G1 Evacuation Pause) 117M->36M(137M) 2.059ms
[2026-04-03T03:30:32.016+0600][19.800s][info][gc,cpu         ] GC(55) User=0.01s Sys=0.00s Real=0.00s
[2026-04-03T03:30:32.054+0600][19.837s][info][gc,start       ] GC(56) Pause Young (Mixed) (G1 Evacuation Pause)
[2026-04-03T03:30:32.054+0600][19.837s][info][gc,task        ] GC(56) Using 3 workers of 10 for evacuation
[2026-04-03T03:30:32.056+0600][19.840s][info][gc,phases      ] GC(56)   Pre Evacuate Collection Set: 0.45ms
[2026-04-03T03:30:32.056+0600][19.840s][info][gc,phases      ] GC(56)   Merge Heap Roots: 0.23ms
[2026-04-03T03:30:32.057+0600][19.840s][info][gc,phases      ] GC(56)   Evacuate Collection Set: 0.67ms
[2026-04-03T03:30:32.057+0600][19.840s][info][gc,phases      ] GC(56)   Post Evacuate Collection Set: 1.11ms
[2026-04-03T03:30:32.057+0600][19.840s][info][gc,phases      ] GC(56)   Other: 0.11ms
[2026-04-03T03:30:32.057+0600][19.840s][info][gc,heap        ] GC(56) Eden regions: 81->0(149)
[2026-04-03T03:30:32.057+0600][19.840s][info][gc,heap        ] GC(56) Survivor regions: 1->1(11)
[2026-04-03T03:30:32.057+0600][19.840s][info][gc,heap        ] GC(56) Old regions: 33->32
[2026-04-03T03:30:32.057+0600][19.840s][info][gc,heap        ] GC(56) Humongous regions: 8->8
[2026-04-03T03:30:32.057+0600][19.840s][info][gc,metaspace   ] GC(56) Metaspace: 66444K(67520K)->66444K(67520K) NonClass: 58121K(58752K)->58121K(58752K) Class: 8323K(8768K)->8323K(8768K)
[2026-04-03T03:30:32.057+0600][19.840s][info][gc             ] GC(56) Pause Young (Mixed) (G1 Evacuation Pause) 117M->36M(250M) 2.944ms
[2026-04-03T03:30:32.057+0600][19.840s][info][gc,cpu         ] GC(56) User=0.01s Sys=0.01s Real=0.00s
[2026-04-03T03:30:32.154+0600][19.937s][info][gc,start       ] GC(57) Pause Young (Concurrent Start) (G1 Evacuation Pause)
[2026-04-03T03:30:32.154+0600][19.938s][info][gc,task        ] GC(57) Using 6 workers of 10 for evacuation
[2026-04-03T03:30:32.157+0600][19.940s][info][gc,phases      ] GC(57)   Pre Evacuate Collection Set: 0.44ms
[2026-04-03T03:30:32.157+0600][19.940s][info][gc,phases      ] GC(57)   Merge Heap Roots: 0.09ms
[2026-04-03T03:30:32.157+0600][19.940s][info][gc,phases      ] GC(57)   Evacuate Collection Set: 1.26ms
[2026-04-03T03:30:32.157+0600][19.940s][info][gc,phases      ] GC(57)   Post Evacuate Collection Set: 0.56ms
[2026-04-03T03:30:32.157+0600][19.940s][info][gc,phases      ] GC(57)   Other: 0.38ms
[2026-04-03T03:30:32.157+0600][19.940s][info][gc,heap        ] GC(57) Eden regions: 149->0(149)
[2026-04-03T03:30:32.157+0600][19.940s][info][gc,heap        ] GC(57) Survivor regions: 1->1(19)
[2026-04-03T03:30:32.157+0600][19.940s][info][gc,heap        ] GC(57) Old regions: 32->32
[2026-04-03T03:30:32.157+0600][19.940s][info][gc,heap        ] GC(57) Humongous regions: 8->8
[2026-04-03T03:30:32.157+0600][19.940s][info][gc,metaspace   ] GC(57) Metaspace: 66447K(67520K)->66447K(67520K) NonClass: 58123K(58752K)->58123K(58752K) Class: 8323K(8768K)->8323K(8768K)
[2026-04-03T03:30:32.157+0600][19.940s][info][gc             ] GC(57) Pause Young (Concurrent Start) (G1 Evacuation Pause) 185M->36M(250M) 2.933ms
[2026-04-03T03:30:32.157+0600][19.940s][info][gc,cpu         ] GC(57) User=0.00s Sys=0.00s Real=0.00s
[2026-04-03T03:30:32.157+0600][19.941s][info][gc             ] GC(58) Concurrent Mark Cycle
[2026-04-03T03:30:32.157+0600][19.941s][info][gc,marking     ] GC(58) Concurrent Scan Root Regions
[2026-04-03T03:30:32.158+0600][19.942s][info][gc,marking     ] GC(58) Concurrent Scan Root Regions 0.961ms
[2026-04-03T03:30:32.158+0600][19.942s][info][gc,marking     ] GC(58) Concurrent Mark
[2026-04-03T03:30:32.158+0600][19.942s][info][gc,marking     ] GC(58) Concurrent Mark From Roots
[2026-04-03T03:30:32.158+0600][19.942s][info][gc,task        ] GC(58) Using 3 workers of 3 for marking
[2026-04-03T03:30:32.176+0600][19.959s][info][gc,marking     ] GC(58) Concurrent Mark From Roots 17.696ms
[2026-04-03T03:30:32.176+0600][19.959s][info][gc,marking     ] GC(58) Concurrent Preclean
[2026-04-03T03:30:32.176+0600][19.959s][info][gc,marking     ] GC(58) Concurrent Preclean 0.098ms
[2026-04-03T03:30:32.176+0600][19.960s][info][gc,start       ] GC(58) Pause Remark
[2026-04-03T03:30:32.180+0600][19.963s][info][gc             ] GC(58) Pause Remark 59M->59M(137M) 3.636ms
[2026-04-03T03:30:32.180+0600][19.963s][info][gc,cpu         ] GC(58) User=0.02s Sys=0.00s Real=0.01s
[2026-04-03T03:30:32.180+0600][19.964s][info][gc,marking     ] GC(58) Concurrent Mark 22.005ms
[2026-04-03T03:30:32.180+0600][19.964s][info][gc,marking     ] GC(58) Concurrent Rebuild Remembered Sets and Scrub Regions
[2026-04-03T03:30:32.190+0600][19.973s][info][gc,marking     ] GC(58) Concurrent Rebuild Remembered Sets and Scrub Regions 9.456ms
[2026-04-03T03:30:32.190+0600][19.973s][info][gc,start       ] GC(58) Pause Cleanup
[2026-04-03T03:30:32.190+0600][19.974s][info][gc             ] GC(58) Pause Cleanup 74M->74M(137M) 0.317ms
[2026-04-03T03:30:32.190+0600][19.974s][info][gc,cpu         ] GC(58) User=0.00s Sys=0.00s Real=0.00s
[2026-04-03T03:30:32.191+0600][19.974s][info][gc,marking     ] GC(58) Concurrent Clear Claimed Marks
[2026-04-03T03:30:32.191+0600][19.974s][info][gc,marking     ] GC(58) Concurrent Clear Claimed Marks 0.188ms
[2026-04-03T03:30:32.191+0600][19.974s][info][gc,marking     ] GC(58) Concurrent Cleanup for Next Mark
[2026-04-03T03:30:32.191+0600][19.974s][info][gc,marking     ] GC(58) Concurrent Cleanup for Next Mark 0.341ms
[2026-04-03T03:30:32.191+0600][19.975s][info][gc             ] GC(58) Concurrent Mark Cycle 34.000ms
[2026-04-03T03:30:32.213+0600][19.996s][info][gc,start       ] GC(59) Pause Young (Prepare Mixed) (G1 Evacuation Pause)
[2026-04-03T03:30:32.213+0600][19.996s][info][gc,task        ] GC(59) Using 4 workers of 10 for evacuation
[2026-04-03T03:30:32.215+0600][19.998s][info][gc,phases      ] GC(59)   Pre Evacuate Collection Set: 0.33ms
[2026-04-03T03:30:32.215+0600][19.998s][info][gc,phases      ] GC(59)   Merge Heap Roots: 0.16ms
[2026-04-03T03:30:32.215+0600][19.998s][info][gc,phases      ] GC(59)   Evacuate Collection Set: 0.55ms
[2026-04-03T03:30:32.215+0600][19.998s][info][gc,phases      ] GC(59)   Post Evacuate Collection Set: 0.54ms
[2026-04-03T03:30:32.215+0600][19.998s][info][gc,phases      ] GC(59)   Other: 0.08ms
[2026-04-03T03:30:32.215+0600][19.998s][info][gc,heap        ] GC(59) Eden regions: 81->0(81)
[2026-04-03T03:30:32.215+0600][19.998s][info][gc,heap        ] GC(59) Survivor regions: 1->1(11)
[2026-04-03T03:30:32.215+0600][19.998s][info][gc,heap        ] GC(59) Old regions: 32->32
[2026-04-03T03:30:32.215+0600][19.998s][info][gc,heap        ] GC(59) Humongous regions: 8->8
[2026-04-03T03:30:32.215+0600][19.998s][info][gc,metaspace   ] GC(59) Metaspace: 66447K(67520K)->66447K(67520K) NonClass: 58123K(58752K)->58123K(58752K) Class: 8323K(8768K)->8323K(8768K)
[2026-04-03T03:30:32.215+0600][19.998s][info][gc             ] GC(59) Pause Young (Prepare Mixed) (G1 Evacuation Pause) 117M->36M(137M) 1.931ms
[2026-04-03T03:30:32.215+0600][19.998s][info][gc,cpu         ] GC(59) User=0.01s Sys=0.00s Real=0.00s
[2026-04-03T03:30:32.252+0600][20.036s][info][gc,start       ] GC(60) Pause Young (Mixed) (G1 Evacuation Pause)
[2026-04-03T03:30:32.252+0600][20.036s][info][gc,task        ] GC(60) Using 3 workers of 10 for evacuation
[2026-04-03T03:30:32.254+0600][20.038s][info][gc,phases      ] GC(60)   Pre Evacuate Collection Set: 0.30ms
[2026-04-03T03:30:32.254+0600][20.038s][info][gc,phases      ] GC(60)   Merge Heap Roots: 0.19ms
[2026-04-03T03:30:32.254+0600][20.038s][info][gc,phases      ] GC(60)   Evacuate Collection Set: 0.70ms
[2026-04-03T03:30:32.254+0600][20.038s][info][gc,phases      ] GC(60)   Post Evacuate Collection Set: 0.74ms
[2026-04-03T03:30:32.254+0600][20.038s][info][gc,phases      ] GC(60)   Other: 0.11ms
[2026-04-03T03:30:32.254+0600][20.038s][info][gc,heap        ] GC(60) Eden regions: 81->0(81)
[2026-04-03T03:30:32.254+0600][20.038s][info][gc,heap        ] GC(60) Survivor regions: 1->1(11)
[2026-04-03T03:30:32.254+0600][20.038s][info][gc,heap        ] GC(60) Old regions: 32->32
[2026-04-03T03:30:32.254+0600][20.038s][info][gc,heap        ] GC(60) Humongous regions: 8->8
[2026-04-03T03:30:32.254+0600][20.038s][info][gc,metaspace   ] GC(60) Metaspace: 66447K(67520K)->66447K(67520K) NonClass: 58123K(58752K)->58123K(58752K) Class: 8323K(8768K)->8323K(8768K)
[2026-04-03T03:30:32.255+0600][20.038s][info][gc             ] GC(60) Pause Young (Mixed) (G1 Evacuation Pause) 117M->36M(137M) 2.294ms
[2026-04-03T03:30:32.255+0600][20.038s][info][gc,cpu         ] GC(60) User=0.00s Sys=0.00s Real=0.00s
[2026-04-03T03:30:32.294+0600][20.078s][info][gc,start       ] GC(61) Pause Young (Concurrent Start) (G1 Evacuation Pause)
[2026-04-03T03:30:32.294+0600][20.078s][info][gc,task        ] GC(61) Using 3 workers of 10 for evacuation
[2026-04-03T03:30:32.297+0600][20.081s][info][gc,phases      ] GC(61)   Pre Evacuate Collection Set: 0.34ms
[2026-04-03T03:30:32.297+0600][20.081s][info][gc,phases      ] GC(61)   Merge Heap Roots: 0.20ms
[2026-04-03T03:30:32.297+0600][20.081s][info][gc,phases      ] GC(61)   Evacuate Collection Set: 0.92ms
[2026-04-03T03:30:32.297+0600][20.081s][info][gc,phases      ] GC(61)   Post Evacuate Collection Set: 1.04ms
[2026-04-03T03:30:32.297+0600][20.081s][info][gc,phases      ] GC(61)   Other: 0.19ms
[2026-04-03T03:30:32.297+0600][20.081s][info][gc,heap        ] GC(61) Eden regions: 81->0(120)
[2026-04-03T03:30:32.297+0600][20.081s][info][gc,heap        ] GC(61) Survivor regions: 1->1(11)
[2026-04-03T03:30:32.297+0600][20.081s][info][gc,heap        ] GC(61) Old regions: 32->32
[2026-04-03T03:30:32.297+0600][20.081s][info][gc,heap        ] GC(61) Humongous regions: 8->8
[2026-04-03T03:30:32.297+0600][20.081s][info][gc,metaspace   ] GC(61) Metaspace: 66447K(67520K)->66447K(67520K) NonClass: 58123K(58752K)->58123K(58752K) Class: 8323K(8768K)->8323K(8768K)
[2026-04-03T03:30:32.297+0600][20.081s][info][gc             ] GC(61) Pause Young (Concurrent Start) (G1 Evacuation Pause) 117M->36M(202M) 2.972ms
[2026-04-03T03:30:32.297+0600][20.081s][info][gc,cpu         ] GC(61) User=0.00s Sys=0.00s Real=0.00s
[2026-04-03T03:30:32.297+0600][20.081s][info][gc             ] GC(62) Concurrent Mark Cycle
[2026-04-03T03:30:32.297+0600][20.081s][info][gc,marking     ] GC(62) Concurrent Scan Root Regions
[2026-04-03T03:30:32.298+0600][20.081s][info][gc,marking     ] GC(62) Concurrent Scan Root Regions 0.540ms
[2026-04-03T03:30:32.298+0600][20.081s][info][gc,marking     ] GC(62) Concurrent Mark
[2026-04-03T03:30:32.298+0600][20.081s][info][gc,marking     ] GC(62) Concurrent Mark From Roots
[2026-04-03T03:30:32.298+0600][20.081s][info][gc,task        ] GC(62) Using 3 workers of 3 for marking
[2026-04-03T03:30:32.318+0600][20.102s][info][gc,marking     ] GC(62) Concurrent Mark From Roots 20.154ms
[2026-04-03T03:30:32.318+0600][20.102s][info][gc,marking     ] GC(62) Concurrent Preclean
[2026-04-03T03:30:32.318+0600][20.102s][info][gc,marking     ] GC(62) Concurrent Preclean 0.150ms
[2026-04-03T03:30:32.319+0600][20.102s][info][gc,start       ] GC(62) Pause Remark
[2026-04-03T03:30:32.324+0600][20.108s][info][gc             ] GC(62) Pause Remark 65M->65M(137M) 5.492ms
[2026-04-03T03:30:32.324+0600][20.108s][info][gc,cpu         ] GC(62) User=0.02s Sys=0.00s Real=0.01s
[2026-04-03T03:30:32.324+0600][20.108s][info][gc,marking     ] GC(62) Concurrent Mark 26.378ms
[2026-04-03T03:30:32.324+0600][20.108s][info][gc,marking     ] GC(62) Concurrent Rebuild Remembered Sets and Scrub Regions
[2026-04-03T03:30:32.333+0600][20.117s][info][gc,marking     ] GC(62) Concurrent Rebuild Remembered Sets and Scrub Regions 8.671ms
[2026-04-03T03:30:32.333+0600][20.117s][info][gc,start       ] GC(62) Pause Cleanup
[2026-04-03T03:30:32.334+0600][20.117s][info][gc             ] GC(62) Pause Cleanup 80M->80M(137M) 0.374ms
[2026-04-03T03:30:32.334+0600][20.117s][info][gc,cpu         ] GC(62) User=0.00s Sys=0.00s Real=0.00s
[2026-04-03T03:30:32.334+0600][20.117s][info][gc,marking     ] GC(62) Concurrent Clear Claimed Marks
[2026-04-03T03:30:32.334+0600][20.118s][info][gc,marking     ] GC(62) Concurrent Clear Claimed Marks 0.161ms
[2026-04-03T03:30:32.334+0600][20.118s][info][gc,marking     ] GC(62) Concurrent Cleanup for Next Mark
[2026-04-03T03:30:32.335+0600][20.118s][info][gc,marking     ] GC(62) Concurrent Cleanup for Next Mark 0.314ms
[2026-04-03T03:30:32.335+0600][20.118s][info][gc             ] GC(62) Concurrent Mark Cycle 37.171ms
[2026-04-03T03:30:32.353+0600][20.137s][info][gc,start       ] GC(63) Pause Young (Prepare Mixed) (G1 Evacuation Pause)
[2026-04-03T03:30:32.353+0600][20.137s][info][gc,task        ] GC(63) Using 3 workers of 10 for evacuation
[2026-04-03T03:30:32.355+0600][20.138s][info][gc,phases      ] GC(63)   Pre Evacuate Collection Set: 0.28ms
[2026-04-03T03:30:32.355+0600][20.138s][info][gc,phases      ] GC(63)   Merge Heap Roots: 0.22ms
[2026-04-03T03:30:32.355+0600][20.138s][info][gc,phases      ] GC(63)   Evacuate Collection Set: 0.67ms
[2026-04-03T03:30:32.355+0600][20.139s][info][gc,phases      ] GC(63)   Post Evacuate Collection Set: 0.56ms
[2026-04-03T03:30:32.355+0600][20.139s][info][gc,phases      ] GC(63)   Other: 0.07ms
[2026-04-03T03:30:32.355+0600][20.139s][info][gc,heap        ] GC(63) Eden regions: 81->0(81)
[2026-04-03T03:30:32.355+0600][20.139s][info][gc,heap        ] GC(63) Survivor regions: 1->1(11)
[2026-04-03T03:30:32.355+0600][20.139s][info][gc,heap        ] GC(63) Old regions: 32->32
[2026-04-03T03:30:32.355+0600][20.139s][info][gc,heap        ] GC(63) Humongous regions: 8->8
[2026-04-03T03:30:32.355+0600][20.139s][info][gc,metaspace   ] GC(63) Metaspace: 66451K(67520K)->66451K(67520K) NonClass: 58127K(58752K)->58127K(58752K) Class: 8323K(8768K)->8323K(8768K)
[2026-04-03T03:30:32.355+0600][20.139s][info][gc             ] GC(63) Pause Young (Prepare Mixed) (G1 Evacuation Pause) 117M->36M(137M) 2.044ms
[2026-04-03T03:30:32.355+0600][20.139s][info][gc,cpu         ] GC(63) User=0.00s Sys=0.00s Real=0.00s
[2026-04-03T03:30:32.394+0600][20.177s][info][gc,start       ] GC(64) Pause Young (Mixed) (G1 Evacuation Pause)
[2026-04-03T03:30:32.394+0600][20.178s][info][gc,task        ] GC(64) Using 3 workers of 10 for evacuation
[2026-04-03T03:30:32.396+0600][20.180s][info][gc,phases      ] GC(64)   Pre Evacuate Collection Set: 0.32ms
[2026-04-03T03:30:32.397+0600][20.180s][info][gc,phases      ] GC(64)   Merge Heap Roots: 0.15ms
[2026-04-03T03:30:32.397+0600][20.180s][info][gc,phases      ] GC(64)   Evacuate Collection Set: 0.85ms
[2026-04-03T03:30:32.397+0600][20.180s][info][gc,phases      ] GC(64)   Post Evacuate Collection Set: 0.93ms
[2026-04-03T03:30:32.397+0600][20.180s][info][gc,phases      ] GC(64)   Other: 0.09ms
[2026-04-03T03:30:32.397+0600][20.180s][info][gc,heap        ] GC(64) Eden regions: 81->0(81)
[2026-04-03T03:30:32.397+0600][20.180s][info][gc,heap        ] GC(64) Survivor regions: 1->1(11)
[2026-04-03T03:30:32.397+0600][20.180s][info][gc,heap        ] GC(64) Old regions: 32->32
[2026-04-03T03:30:32.397+0600][20.180s][info][gc,heap        ] GC(64) Humongous regions: 8->8
[2026-04-03T03:30:32.397+0600][20.180s][info][gc,metaspace   ] GC(64) Metaspace: 66451K(67520K)->66451K(67520K) NonClass: 58127K(58752K)->58127K(58752K) Class: 8323K(8768K)->8323K(8768K)
[2026-04-03T03:30:32.397+0600][20.180s][info][gc             ] GC(64) Pause Young (Mixed) (G1 Evacuation Pause) 117M->36M(137M) 2.585ms
[2026-04-03T03:30:32.397+0600][20.180s][info][gc,cpu         ] GC(64) User=0.01s Sys=0.00s Real=0.00s
[2026-04-03T03:30:32.434+0600][20.217s][info][gc,start       ] GC(65) Pause Young (Concurrent Start) (G1 Evacuation Pause)
[2026-04-03T03:30:32.434+0600][20.217s][info][gc,task        ] GC(65) Using 3 workers of 10 for evacuation
[2026-04-03T03:30:32.436+0600][20.219s][info][gc,phases      ] GC(65)   Pre Evacuate Collection Set: 0.37ms
[2026-04-03T03:30:32.436+0600][20.219s][info][gc,phases      ] GC(65)   Merge Heap Roots: 0.22ms
[2026-04-03T03:30:32.436+0600][20.219s][info][gc,phases      ] GC(65)   Evacuate Collection Set: 0.81ms
[2026-04-03T03:30:32.436+0600][20.219s][info][gc,phases      ] GC(65)   Post Evacuate Collection Set: 0.34ms
[2026-04-03T03:30:32.436+0600][20.219s][info][gc,phases      ] GC(65)   Other: 0.18ms
[2026-04-03T03:30:32.436+0600][20.219s][info][gc,heap        ] GC(65) Eden regions: 81->0(81)
[2026-04-03T03:30:32.436+0600][20.219s][info][gc,heap        ] GC(65) Survivor regions: 1->1(11)
[2026-04-03T03:30:32.436+0600][20.219s][info][gc,heap        ] GC(65) Old regions: 32->32
[2026-04-03T03:30:32.436+0600][20.219s][info][gc,heap        ] GC(65) Humongous regions: 8->8
[2026-04-03T03:30:32.436+0600][20.219s][info][gc,metaspace   ] GC(65) Metaspace: 66451K(67520K)->66451K(67520K) NonClass: 58127K(58752K)->58127K(58752K) Class: 8323K(8768K)->8323K(8768K)
[2026-04-03T03:30:32.436+0600][20.219s][info][gc             ] GC(65) Pause Young (Concurrent Start) (G1 Evacuation Pause) 117M->36M(137M) 2.176ms
[2026-04-03T03:30:32.436+0600][20.219s][info][gc,cpu         ] GC(65) User=0.00s Sys=0.00s Real=0.00s
[2026-04-03T03:30:32.436+0600][20.219s][info][gc             ] GC(66) Concurrent Mark Cycle
[2026-04-03T03:30:32.436+0600][20.219s][info][gc,marking     ] GC(66) Concurrent Scan Root Regions
[2026-04-03T03:30:32.437+0600][20.220s][info][gc,marking     ] GC(66) Concurrent Scan Root Regions 0.693ms
[2026-04-03T03:30:32.437+0600][20.220s][info][gc,marking     ] GC(66) Concurrent Mark
[2026-04-03T03:30:32.437+0600][20.220s][info][gc,marking     ] GC(66) Concurrent Mark From Roots
[2026-04-03T03:30:32.437+0600][20.220s][info][gc,task        ] GC(66) Using 3 workers of 3 for marking
[2026-04-03T03:30:32.457+0600][20.241s][info][gc,marking     ] GC(66) Concurrent Mark From Roots 20.467ms
[2026-04-03T03:30:32.457+0600][20.241s][info][gc,marking     ] GC(66) Concurrent Preclean
[2026-04-03T03:30:32.457+0600][20.241s][info][gc,marking     ] GC(66) Concurrent Preclean 0.151ms
[2026-04-03T03:30:32.458+0600][20.241s][info][gc,start       ] GC(66) Pause Remark
[2026-04-03T03:30:32.463+0600][20.246s][info][gc             ] GC(66) Pause Remark 70M->70M(137M) 5.029ms
[2026-04-03T03:30:32.463+0600][20.246s][info][gc,cpu         ] GC(66) User=0.01s Sys=0.00s Real=0.01s
[2026-04-03T03:30:32.463+0600][20.246s][info][gc,marking     ] GC(66) Concurrent Mark 26.180ms
[2026-04-03T03:30:32.463+0600][20.246s][info][gc,marking     ] GC(66) Concurrent Rebuild Remembered Sets and Scrub Regions
[2026-04-03T03:30:32.471+0600][20.255s][info][gc,marking     ] GC(66) Concurrent Rebuild Remembered Sets and Scrub Regions 8.197ms
[2026-04-03T03:30:32.471+0600][20.255s][info][gc,start       ] GC(66) Pause Cleanup
[2026-04-03T03:30:32.472+0600][20.255s][info][gc             ] GC(66) Pause Cleanup 84M->84M(137M) 0.298ms
[2026-04-03T03:30:32.472+0600][20.255s][info][gc,cpu         ] GC(66) User=0.00s Sys=0.00s Real=0.00s
[2026-04-03T03:30:32.472+0600][20.255s][info][gc,marking     ] GC(66) Concurrent Clear Claimed Marks
[2026-04-03T03:30:32.472+0600][20.255s][info][gc,marking     ] GC(66) Concurrent Clear Claimed Marks 0.138ms
[2026-04-03T03:30:32.472+0600][20.256s][info][gc,marking     ] GC(66) Concurrent Cleanup for Next Mark
[2026-04-03T03:30:32.472+0600][20.256s][info][gc,marking     ] GC(66) Concurrent Cleanup for Next Mark 0.294ms
[2026-04-03T03:30:32.472+0600][20.256s][info][gc             ] GC(66) Concurrent Mark Cycle 36.550ms
[2026-04-03T03:30:32.488+0600][20.271s][info][gc,start       ] GC(67) Pause Young (Prepare Mixed) (G1 Evacuation Pause)
[2026-04-03T03:30:32.488+0600][20.271s][info][gc,task        ] GC(67) Using 3 workers of 10 for evacuation
[2026-04-03T03:30:32.491+0600][20.274s][info][gc,phases      ] GC(67)   Pre Evacuate Collection Set: 0.31ms
[2026-04-03T03:30:32.491+0600][20.274s][info][gc,phases      ] GC(67)   Merge Heap Roots: 0.27ms
[2026-04-03T03:30:32.491+0600][20.274s][info][gc,phases      ] GC(67)   Evacuate Collection Set: 0.81ms
[2026-04-03T03:30:32.491+0600][20.274s][info][gc,phases      ] GC(67)   Post Evacuate Collection Set: 1.21ms
[2026-04-03T03:30:32.491+0600][20.274s][info][gc,phases      ] GC(67)   Other: 0.08ms
[2026-04-03T03:30:32.491+0600][20.274s][info][gc,heap        ] GC(67) Eden regions: 81->0(119)
[2026-04-03T03:30:32.491+0600][20.274s][info][gc,heap        ] GC(67) Survivor regions: 1->1(11)
[2026-04-03T03:30:32.491+0600][20.274s][info][gc,heap        ] GC(67) Old regions: 32->32
[2026-04-03T03:30:32.491+0600][20.274s][info][gc,heap        ] GC(67) Humongous regions: 8->8
[2026-04-03T03:30:32.491+0600][20.274s][info][gc,metaspace   ] GC(67) Metaspace: 66451K(67520K)->66451K(67520K) NonClass: 58127K(58752K)->58127K(58752K) Class: 8323K(8768K)->8323K(8768K)
[2026-04-03T03:30:32.491+0600][20.274s][info][gc             ] GC(67) Pause Young (Prepare Mixed) (G1 Evacuation Pause) 117M->36M(200M) 2.905ms
[2026-04-03T03:30:32.491+0600][20.274s][info][gc,cpu         ] GC(67) User=0.01s Sys=0.00s Real=0.01s
[2026-04-03T03:30:32.561+0600][20.344s][info][gc,start       ] GC(68) Pause Young (Mixed) (G1 Evacuation Pause)
[2026-04-03T03:30:32.561+0600][20.344s][info][gc,task        ] GC(68) Using 4 workers of 10 for evacuation
[2026-04-03T03:30:32.563+0600][20.346s][info][gc,phases      ] GC(68)   Pre Evacuate Collection Set: 0.26ms
[2026-04-03T03:30:32.563+0600][20.346s][info][gc,phases      ] GC(68)   Merge Heap Roots: 0.15ms
[2026-04-03T03:30:32.563+0600][20.346s][info][gc,phases      ] GC(68)   Evacuate Collection Set: 0.79ms
[2026-04-03T03:30:32.563+0600][20.346s][info][gc,phases      ] GC(68)   Post Evacuate Collection Set: 0.42ms
[2026-04-03T03:30:32.563+0600][20.346s][info][gc,phases      ] GC(68)   Other: 0.08ms
[2026-04-03T03:30:32.563+0600][20.346s][info][gc,heap        ] GC(68) Eden regions: 119->0(119)
[2026-04-03T03:30:32.563+0600][20.346s][info][gc,heap        ] GC(68) Survivor regions: 1->1(15)
[2026-04-03T03:30:32.563+0600][20.346s][info][gc,heap        ] GC(68) Old regions: 32->32
[2026-04-03T03:30:32.563+0600][20.346s][info][gc,heap        ] GC(68) Humongous regions: 8->8
[2026-04-03T03:30:32.563+0600][20.346s][info][gc,metaspace   ] GC(68) Metaspace: 66451K(67520K)->66451K(67520K) NonClass: 58127K(58752K)->58127K(58752K) Class: 8323K(8768K)->8323K(8768K)
[2026-04-03T03:30:32.563+0600][20.346s][info][gc             ] GC(68) Pause Young (Mixed) (G1 Evacuation Pause) 155M->36M(200M) 1.904ms
[2026-04-03T03:30:32.563+0600][20.346s][info][gc,cpu         ] GC(68) User=0.00s Sys=0.00s Real=0.00s
[2026-04-03T03:30:32.617+0600][20.401s][info][gc,start       ] GC(69) Pause Young (Concurrent Start) (G1 Evacuation Pause)
[2026-04-03T03:30:32.617+0600][20.401s][info][gc,task        ] GC(69) Using 4 workers of 10 for evacuation
[2026-04-03T03:30:32.620+0600][20.403s][info][gc,phases      ] GC(69)   Pre Evacuate Collection Set: 0.33ms
[2026-04-03T03:30:32.620+0600][20.403s][info][gc,phases      ] GC(69)   Merge Heap Roots: 0.08ms
[2026-04-03T03:30:32.620+0600][20.403s][info][gc,phases      ] GC(69)   Evacuate Collection Set: 1.36ms
[2026-04-03T03:30:32.620+0600][20.403s][info][gc,phases      ] GC(69)   Post Evacuate Collection Set: 0.59ms
[2026-04-03T03:30:32.620+0600][20.403s][info][gc,phases      ] GC(69)   Other: 0.22ms
[2026-04-03T03:30:32.620+0600][20.403s][info][gc,heap        ] GC(69) Eden regions: 119->0(119)
[2026-04-03T03:30:32.620+0600][20.403s][info][gc,heap        ] GC(69) Survivor regions: 1->1(15)
[2026-04-03T03:30:32.620+0600][20.403s][info][gc,heap        ] GC(69) Old regions: 32->32
[2026-04-03T03:30:32.620+0600][20.403s][info][gc,heap        ] GC(69) Humongous regions: 8->8
[2026-04-03T03:30:32.620+0600][20.403s][info][gc,metaspace   ] GC(69) Metaspace: 66451K(67520K)->66451K(67520K) NonClass: 58127K(58752K)->58127K(58752K) Class: 8323K(8768K)->8323K(8768K)
[2026-04-03T03:30:32.620+0600][20.404s][info][gc             ] GC(69) Pause Young (Concurrent Start) (G1 Evacuation Pause) 155M->36M(200M) 2.772ms
[2026-04-03T03:30:32.620+0600][20.404s][info][gc             ] GC(70) Concurrent Mark Cycle
[2026-04-03T03:30:32.620+0600][20.404s][info][gc,marking     ] GC(70) Concurrent Scan Root Regions
[2026-04-03T03:30:32.620+0600][20.404s][info][gc,cpu         ] GC(69) User=0.01s Sys=0.00s Real=0.01s
[2026-04-03T03:30:32.621+0600][20.404s][info][gc,marking     ] GC(70) Concurrent Scan Root Regions 0.698ms
[2026-04-03T03:30:32.621+0600][20.404s][info][gc,marking     ] GC(70) Concurrent Mark
[2026-04-03T03:30:32.621+0600][20.404s][info][gc,marking     ] GC(70) Concurrent Mark From Roots
[2026-04-03T03:30:32.621+0600][20.404s][info][gc,task        ] GC(70) Using 3 workers of 3 for marking
[2026-04-03T03:30:32.638+0600][20.421s][info][gc,marking     ] GC(70) Concurrent Mark From Roots 17.126ms
[2026-04-03T03:30:32.638+0600][20.422s][info][gc,marking     ] GC(70) Concurrent Preclean
[2026-04-03T03:30:32.638+0600][20.422s][info][gc,marking     ] GC(70) Concurrent Preclean 0.136ms
[2026-04-03T03:30:32.639+0600][20.422s][info][gc,start       ] GC(70) Pause Remark
[2026-04-03T03:30:32.643+0600][20.426s][info][gc             ] GC(70) Pause Remark 66M->66M(137M) 4.182ms
[2026-04-03T03:30:32.643+0600][20.426s][info][gc,cpu         ] GC(70) User=0.01s Sys=0.00s Real=0.01s
[2026-04-03T03:30:32.643+0600][20.426s][info][gc,marking     ] GC(70) Concurrent Mark 22.071ms
[2026-04-03T03:30:32.643+0600][20.426s][info][gc,marking     ] GC(70) Concurrent Rebuild Remembered Sets and Scrub Regions
[2026-04-03T03:30:32.652+0600][20.435s][info][gc,marking     ] GC(70) Concurrent Rebuild Remembered Sets and Scrub Regions 8.869ms
[2026-04-03T03:30:32.652+0600][20.436s][info][gc,start       ] GC(70) Pause Cleanup
[2026-04-03T03:30:32.653+0600][20.436s][info][gc             ] GC(70) Pause Cleanup 82M->82M(137M) 0.278ms
[2026-04-03T03:30:32.653+0600][20.436s][info][gc,cpu         ] GC(70) User=0.00s Sys=0.00s Real=0.00s
[2026-04-03T03:30:32.653+0600][20.436s][info][gc,marking     ] GC(70) Concurrent Clear Claimed Marks
[2026-04-03T03:30:32.653+0600][20.436s][info][gc,marking     ] GC(70) Concurrent Clear Claimed Marks 0.152ms
[2026-04-03T03:30:32.653+0600][20.436s][info][gc,marking     ] GC(70) Concurrent Cleanup for Next Mark
[2026-04-03T03:30:32.653+0600][20.437s][info][gc,marking     ] GC(70) Concurrent Cleanup for Next Mark 0.323ms
[2026-04-03T03:30:32.653+0600][20.437s][info][gc             ] GC(70) Concurrent Mark Cycle 33.130ms
[2026-04-03T03:30:32.671+0600][20.454s][info][gc,start       ] GC(71) Pause Young (Prepare Mixed) (G1 Evacuation Pause)
[2026-04-03T03:30:32.671+0600][20.455s][info][gc,task        ] GC(71) Using 3 workers of 10 for evacuation
[2026-04-03T03:30:32.673+0600][20.457s][info][gc,phases      ] GC(71)   Pre Evacuate Collection Set: 0.27ms
[2026-04-03T03:30:32.673+0600][20.457s][info][gc,phases      ] GC(71)   Merge Heap Roots: 0.21ms
[2026-04-03T03:30:32.673+0600][20.457s][info][gc,phases      ] GC(71)   Evacuate Collection Set: 0.72ms
[2026-04-03T03:30:32.673+0600][20.457s][info][gc,phases      ] GC(71)   Post Evacuate Collection Set: 0.74ms
[2026-04-03T03:30:32.673+0600][20.457s][info][gc,phases      ] GC(71)   Other: 0.07ms
[2026-04-03T03:30:32.673+0600][20.457s][info][gc,heap        ] GC(71) Eden regions: 83->0(81)
[2026-04-03T03:30:32.673+0600][20.457s][info][gc,heap        ] GC(71) Survivor regions: 1->1(11)
[2026-04-03T03:30:32.673+0600][20.457s][info][gc,heap        ] GC(71) Old regions: 32->33
[2026-04-03T03:30:32.673+0600][20.457s][info][gc,heap        ] GC(71) Humongous regions: 8->8
[2026-04-03T03:30:32.673+0600][20.457s][info][gc,metaspace   ] GC(71) Metaspace: 66451K(67520K)->66451K(67520K) NonClass: 58127K(58752K)->58127K(58752K) Class: 8323K(8768K)->8323K(8768K)
[2026-04-03T03:30:32.673+0600][20.457s][info][gc             ] GC(71) Pause Young (Prepare Mixed) (G1 Evacuation Pause) 119M->36M(137M) 2.221ms
[2026-04-03T03:30:32.673+0600][20.457s][info][gc,cpu         ] GC(71) User=0.00s Sys=0.00s Real=0.00s
[2026-04-03T03:30:32.710+0600][20.494s][info][gc,start       ] GC(72) Pause Young (Mixed) (G1 Evacuation Pause)
[2026-04-03T03:30:32.710+0600][20.494s][info][gc,task        ] GC(72) Using 3 workers of 10 for evacuation
[2026-04-03T03:30:32.713+0600][20.497s][info][gc,phases      ] GC(72)   Pre Evacuate Collection Set: 0.23ms
[2026-04-03T03:30:32.713+0600][20.497s][info][gc,phases      ] GC(72)   Merge Heap Roots: 0.23ms
[2026-04-03T03:30:32.713+0600][20.497s][info][gc,phases      ] GC(72)   Evacuate Collection Set: 0.60ms
[2026-04-03T03:30:32.713+0600][20.497s][info][gc,phases      ] GC(72)   Post Evacuate Collection Set: 1.73ms
[2026-04-03T03:30:32.713+0600][20.497s][info][gc,phases      ] GC(72)   Other: 0.09ms
[2026-04-03T03:30:32.713+0600][20.497s][info][gc,heap        ] GC(72) Eden regions: 81->0(141)
[2026-04-03T03:30:32.713+0600][20.497s][info][gc,heap        ] GC(72) Survivor regions: 1->1(11)
[2026-04-03T03:30:32.713+0600][20.497s][info][gc,heap        ] GC(72) Old regions: 33->32
[2026-04-03T03:30:32.713+0600][20.497s][info][gc,heap        ] GC(72) Humongous regions: 8->8
[2026-04-03T03:30:32.713+0600][20.497s][info][gc,metaspace   ] GC(72) Metaspace: 66451K(67520K)->66451K(67520K) NonClass: 58127K(58752K)->58127K(58752K) Class: 8323K(8768K)->8323K(8768K)
[2026-04-03T03:30:32.713+0600][20.497s][info][gc             ] GC(72) Pause Young (Mixed) (G1 Evacuation Pause) 117M->36M(237M) 3.071ms
[2026-04-03T03:30:32.713+0600][20.497s][info][gc,cpu         ] GC(72) User=0.01s Sys=0.00s Real=0.00s
[2026-04-03T03:30:32.788+0600][20.571s][info][gc,start       ] GC(73) Pause Young (Concurrent Start) (G1 Evacuation Pause)
[2026-04-03T03:30:32.788+0600][20.571s][info][gc,task        ] GC(73) Using 5 workers of 10 for evacuation
[2026-04-03T03:30:32.790+0600][20.573s][info][gc,phases      ] GC(73)   Pre Evacuate Collection Set: 0.41ms
[2026-04-03T03:30:32.790+0600][20.574s][info][gc,phases      ] GC(73)   Merge Heap Roots: 0.09ms
[2026-04-03T03:30:32.790+0600][20.574s][info][gc,phases      ] GC(73)   Evacuate Collection Set: 0.93ms
[2026-04-03T03:30:32.790+0600][20.574s][info][gc,phases      ] GC(73)   Post Evacuate Collection Set: 0.48ms
[2026-04-03T03:30:32.790+0600][20.574s][info][gc,phases      ] GC(73)   Other: 0.30ms
[2026-04-03T03:30:32.790+0600][20.574s][info][gc,heap        ] GC(73) Eden regions: 141->0(141)
[2026-04-03T03:30:32.790+0600][20.574s][info][gc,heap        ] GC(73) Survivor regions: 1->1(18)
[2026-04-03T03:30:32.790+0600][20.574s][info][gc,heap        ] GC(73) Old regions: 32->32
[2026-04-03T03:30:32.790+0600][20.574s][info][gc,heap        ] GC(73) Humongous regions: 8->8
[2026-04-03T03:30:32.790+0600][20.574s][info][gc,metaspace   ] GC(73) Metaspace: 66451K(67520K)->66451K(67520K) NonClass: 58127K(58752K)->58127K(58752K) Class: 8323K(8768K)->8323K(8768K)
[2026-04-03T03:30:32.790+0600][20.574s][info][gc             ] GC(73) Pause Young (Concurrent Start) (G1 Evacuation Pause) 177M->36M(237M) 2.458ms
[2026-04-03T03:30:32.790+0600][20.574s][info][gc,cpu         ] GC(73) User=0.00s Sys=0.00s Real=0.01s
[2026-04-03T03:30:32.790+0600][20.574s][info][gc             ] GC(74) Concurrent Mark Cycle
[2026-04-03T03:30:32.790+0600][20.574s][info][gc,marking     ] GC(74) Concurrent Scan Root Regions
[2026-04-03T03:30:32.791+0600][20.575s][info][gc,marking     ] GC(74) Concurrent Scan Root Regions 0.879ms
[2026-04-03T03:30:32.791+0600][20.575s][info][gc,marking     ] GC(74) Concurrent Mark
[2026-04-03T03:30:32.791+0600][20.575s][info][gc,marking     ] GC(74) Concurrent Mark From Roots
[2026-04-03T03:30:32.791+0600][20.575s][info][gc,task        ] GC(74) Using 3 workers of 3 for marking
[2026-04-03T03:30:32.808+0600][20.592s][info][gc,marking     ] GC(74) Concurrent Mark From Roots 17.002ms
[2026-04-03T03:30:32.808+0600][20.592s][info][gc,marking     ] GC(74) Concurrent Preclean
[2026-04-03T03:30:32.809+0600][20.592s][info][gc,marking     ] GC(74) Concurrent Preclean 0.141ms
[2026-04-03T03:30:32.809+0600][20.592s][info][gc,start       ] GC(74) Pause Remark
[2026-04-03T03:30:32.813+0600][20.596s][info][gc             ] GC(74) Pause Remark 67M->67M(137M) 3.681ms
[2026-04-03T03:30:32.813+0600][20.596s][info][gc,cpu         ] GC(74) User=0.01s Sys=0.00s Real=0.01s
[2026-04-03T03:30:32.813+0600][20.596s][info][gc,marking     ] GC(74) Concurrent Mark 21.537ms
[2026-04-03T03:30:32.813+0600][20.596s][info][gc,marking     ] GC(74) Concurrent Rebuild Remembered Sets and Scrub Regions
[2026-04-03T03:30:32.822+0600][20.605s][info][gc,marking     ] GC(74) Concurrent Rebuild Remembered Sets and Scrub Regions 8.652ms
[2026-04-03T03:30:32.822+0600][20.605s][info][gc,start       ] GC(74) Pause Cleanup
[2026-04-03T03:30:32.822+0600][20.606s][info][gc             ] GC(74) Pause Cleanup 81M->81M(137M) 0.364ms
[2026-04-03T03:30:32.822+0600][20.606s][info][gc,cpu         ] GC(74) User=0.00s Sys=0.00s Real=0.00s
[2026-04-03T03:30:32.822+0600][20.606s][info][gc,marking     ] GC(74) Concurrent Clear Claimed Marks
[2026-04-03T03:30:32.823+0600][20.606s][info][gc,marking     ] GC(74) Concurrent Clear Claimed Marks 0.156ms
[2026-04-03T03:30:32.823+0600][20.606s][info][gc,marking     ] GC(74) Concurrent Cleanup for Next Mark
[2026-04-03T03:30:32.823+0600][20.606s][info][gc,marking     ] GC(74) Concurrent Cleanup for Next Mark 0.396ms
[2026-04-03T03:30:32.823+0600][20.606s][info][gc             ] GC(74) Concurrent Mark Cycle 32.784ms
[2026-04-03T03:30:32.841+0600][20.625s][info][gc,start       ] GC(75) Pause Young (Prepare Mixed) (G1 Evacuation Pause)
[2026-04-03T03:30:32.841+0600][20.625s][info][gc,task        ] GC(75) Using 4 workers of 10 for evacuation
[2026-04-03T03:30:32.843+0600][20.627s][info][gc,phases      ] GC(75)   Pre Evacuate Collection Set: 0.46ms
[2026-04-03T03:30:32.843+0600][20.627s][info][gc,phases      ] GC(75)   Merge Heap Roots: 0.10ms
[2026-04-03T03:30:32.843+0600][20.627s][info][gc,phases      ] GC(75)   Evacuate Collection Set: 0.58ms
[2026-04-03T03:30:32.843+0600][20.627s][info][gc,phases      ] GC(75)   Post Evacuate Collection Set: 0.53ms
[2026-04-03T03:30:32.843+0600][20.627s][info][gc,phases      ] GC(75)   Other: 0.08ms
[2026-04-03T03:30:32.843+0600][20.627s][info][gc,heap        ] GC(75) Eden regions: 83->0(81)
[2026-04-03T03:30:32.843+0600][20.627s][info][gc,heap        ] GC(75) Survivor regions: 1->1(11)
[2026-04-03T03:30:32.843+0600][20.627s][info][gc,heap        ] GC(75) Old regions: 32->33
[2026-04-03T03:30:32.843+0600][20.627s][info][gc,heap        ] GC(75) Humongous regions: 8->8
[2026-04-03T03:30:32.843+0600][20.627s][info][gc,metaspace   ] GC(75) Metaspace: 66451K(67520K)->66451K(67520K) NonClass: 58127K(58752K)->58127K(58752K) Class: 8323K(8768K)->8323K(8768K)
[2026-04-03T03:30:32.843+0600][20.627s][info][gc             ] GC(75) Pause Young (Prepare Mixed) (G1 Evacuation Pause) 119M->36M(137M) 1.966ms
[2026-04-03T03:30:32.843+0600][20.627s][info][gc,cpu         ] GC(75) User=0.00s Sys=0.01s Real=0.00s
[2026-04-03T03:30:32.880+0600][20.664s][info][gc,start       ] GC(76) Pause Young (Mixed) (G1 Evacuation Pause)
[2026-04-03T03:30:32.880+0600][20.664s][info][gc,task        ] GC(76) Using 3 workers of 10 for evacuation
[2026-04-03T03:30:32.882+0600][20.666s][info][gc,phases      ] GC(76)   Pre Evacuate Collection Set: 0.23ms
[2026-04-03T03:30:32.882+0600][20.666s][info][gc,phases      ] GC(76)   Merge Heap Roots: 0.22ms
[2026-04-03T03:30:32.882+0600][20.666s][info][gc,phases      ] GC(76)   Evacuate Collection Set: 0.67ms
[2026-04-03T03:30:32.882+0600][20.666s][info][gc,phases      ] GC(76)   Post Evacuate Collection Set: 0.62ms
[2026-04-03T03:30:32.882+0600][20.666s][info][gc,phases      ] GC(76)   Other: 0.07ms
[2026-04-03T03:30:32.882+0600][20.666s][info][gc,heap        ] GC(76) Eden regions: 81->0(81)
[2026-04-03T03:30:32.882+0600][20.666s][info][gc,heap        ] GC(76) Survivor regions: 1->1(11)
[2026-04-03T03:30:32.882+0600][20.666s][info][gc,heap        ] GC(76) Old regions: 33->32
[2026-04-03T03:30:32.882+0600][20.666s][info][gc,heap        ] GC(76) Humongous regions: 8->8
[2026-04-03T03:30:32.882+0600][20.666s][info][gc,metaspace   ] GC(76) Metaspace: 66451K(67520K)->66451K(67520K) NonClass: 58127K(58752K)->58127K(58752K) Class: 8323K(8768K)->8323K(8768K)
[2026-04-03T03:30:32.882+0600][20.666s][info][gc             ] GC(76) Pause Young (Mixed) (G1 Evacuation Pause) 117M->36M(137M) 1.999ms
[2026-04-03T03:30:32.882+0600][20.666s][info][gc,cpu         ] GC(76) User=0.00s Sys=0.00s Real=0.00s
[2026-04-03T03:30:32.926+0600][20.709s][info][gc,start       ] GC(77) Pause Young (Concurrent Start) (G1 Evacuation Pause)
[2026-04-03T03:30:32.926+0600][20.709s][info][gc,task        ] GC(77) Using 3 workers of 10 for evacuation
[2026-04-03T03:30:32.928+0600][20.712s][info][gc,phases      ] GC(77)   Pre Evacuate Collection Set: 0.35ms
[2026-04-03T03:30:32.928+0600][20.712s][info][gc,phases      ] GC(77)   Merge Heap Roots: 0.11ms
[2026-04-03T03:30:32.928+0600][20.712s][info][gc,phases      ] GC(77)   Evacuate Collection Set: 0.87ms
[2026-04-03T03:30:32.928+0600][20.712s][info][gc,phases      ] GC(77)   Post Evacuate Collection Set: 0.89ms
[2026-04-03T03:30:32.928+0600][20.712s][info][gc,phases      ] GC(77)   Other: 0.18ms
[2026-04-03T03:30:32.928+0600][20.712s][info][gc,heap        ] GC(77) Eden regions: 81->0(126)
[2026-04-03T03:30:32.928+0600][20.712s][info][gc,heap        ] GC(77) Survivor regions: 1->1(11)
[2026-04-03T03:30:32.928+0600][20.712s][info][gc,heap        ] GC(77) Old regions: 32->32
[2026-04-03T03:30:32.928+0600][20.712s][info][gc,heap        ] GC(77) Humongous regions: 8->8
[2026-04-03T03:30:32.928+0600][20.712s][info][gc,metaspace   ] GC(77) Metaspace: 66452K(67520K)->66452K(67520K) NonClass: 58128K(58752K)->58128K(58752K) Class: 8323K(8768K)->8323K(8768K)
[2026-04-03T03:30:32.928+0600][20.712s][info][gc             ] GC(77) Pause Young (Concurrent Start) (G1 Evacuation Pause) 117M->36M(213M) 2.728ms
[2026-04-03T03:30:32.928+0600][20.712s][info][gc,cpu         ] GC(77) User=0.01s Sys=0.00s Real=0.00s
[2026-04-03T03:30:32.929+0600][20.712s][info][gc             ] GC(78) Concurrent Mark Cycle
[2026-04-03T03:30:32.929+0600][20.712s][info][gc,marking     ] GC(78) Concurrent Scan Root Regions
[2026-04-03T03:30:32.929+0600][20.713s][info][gc,marking     ] GC(78) Concurrent Scan Root Regions 0.612ms
[2026-04-03T03:30:32.929+0600][20.713s][info][gc,marking     ] GC(78) Concurrent Mark
[2026-04-03T03:30:32.929+0600][20.713s][info][gc,marking     ] GC(78) Concurrent Mark From Roots
[2026-04-03T03:30:32.929+0600][20.713s][info][gc,task        ] GC(78) Using 3 workers of 3 for marking
[2026-04-03T03:30:32.949+0600][20.732s][info][gc,marking     ] GC(78) Concurrent Mark From Roots 19.780ms
[2026-04-03T03:30:32.949+0600][20.732s][info][gc,marking     ] GC(78) Concurrent Preclean
[2026-04-03T03:30:32.949+0600][20.733s][info][gc,marking     ] GC(78) Concurrent Preclean 0.173ms
[2026-04-03T03:30:32.949+0600][20.733s][info][gc,start       ] GC(78) Pause Remark
[2026-04-03T03:30:32.955+0600][20.738s][info][gc             ] GC(78) Pause Remark 67M->67M(137M) 5.265ms
[2026-04-03T03:30:32.955+0600][20.738s][info][gc,cpu         ] GC(78) User=0.01s Sys=0.00s Real=0.01s
[2026-04-03T03:30:32.955+0600][20.738s][info][gc,marking     ] GC(78) Concurrent Mark 25.782ms
[2026-04-03T03:30:32.955+0600][20.738s][info][gc,marking     ] GC(78) Concurrent Rebuild Remembered Sets and Scrub Regions
[2026-04-03T03:30:32.965+0600][20.749s][info][gc,marking     ] GC(78) Concurrent Rebuild Remembered Sets and Scrub Regions 10.198ms
[2026-04-03T03:30:32.966+0600][20.749s][info][gc,start       ] GC(78) Pause Cleanup
[2026-04-03T03:30:32.966+0600][20.749s][info][gc             ] GC(78) Pause Cleanup 80M->80M(137M) 0.330ms
[2026-04-03T03:30:32.966+0600][20.749s][info][gc,cpu         ] GC(78) User=0.00s Sys=0.00s Real=0.00s
[2026-04-03T03:30:32.966+0600][20.749s][info][gc,marking     ] GC(78) Concurrent Clear Claimed Marks
[2026-04-03T03:30:32.966+0600][20.750s][info][gc,marking     ] GC(78) Concurrent Clear Claimed Marks 0.182ms
[2026-04-03T03:30:32.966+0600][20.750s][info][gc,marking     ] GC(78) Concurrent Cleanup for Next Mark
[2026-04-03T03:30:32.967+0600][20.750s][info][gc,marking     ] GC(78) Concurrent Cleanup for Next Mark 0.286ms
[2026-04-03T03:30:32.967+0600][20.750s][info][gc             ] GC(78) Concurrent Mark Cycle 38.060ms
[2026-04-03T03:30:32.985+0600][20.769s][info][gc,start       ] GC(79) Pause Young (Prepare Mixed) (G1 Evacuation Pause)
[2026-04-03T03:30:32.986+0600][20.769s][info][gc,task        ] GC(79) Using 3 workers of 10 for evacuation
[2026-04-03T03:30:32.987+0600][20.771s][info][gc,phases      ] GC(79)   Pre Evacuate Collection Set: 0.26ms
[2026-04-03T03:30:32.987+0600][20.771s][info][gc,phases      ] GC(79)   Merge Heap Roots: 0.09ms
[2026-04-03T03:30:32.987+0600][20.771s][info][gc,phases      ] GC(79)   Evacuate Collection Set: 0.70ms
[2026-04-03T03:30:32.987+0600][20.771s][info][gc,phases      ] GC(79)   Post Evacuate Collection Set: 0.53ms
[2026-04-03T03:30:32.987+0600][20.771s][info][gc,phases      ] GC(79)   Other: 0.09ms
[2026-04-03T03:30:32.987+0600][20.771s][info][gc,heap        ] GC(79) Eden regions: 81->0(81)
[2026-04-03T03:30:32.987+0600][20.771s][info][gc,heap        ] GC(79) Survivor regions: 1->1(11)
[2026-04-03T03:30:32.987+0600][20.771s][info][gc,heap        ] GC(79) Old regions: 32->32
[2026-04-03T03:30:32.987+0600][20.771s][info][gc,heap        ] GC(79) Humongous regions: 8->8
[2026-04-03T03:30:32.987+0600][20.771s][info][gc,metaspace   ] GC(79) Metaspace: 66453K(67520K)->66453K(67520K) NonClass: 58129K(58752K)->58129K(58752K) Class: 8323K(8768K)->8323K(8768K)
[2026-04-03T03:30:32.987+0600][20.771s][info][gc             ] GC(79) Pause Young (Prepare Mixed) (G1 Evacuation Pause) 117M->36M(137M) 1.902ms
[2026-04-03T03:30:32.987+0600][20.771s][info][gc,cpu         ] GC(79) User=0.01s Sys=0.00s Real=0.00s
[2026-04-03T03:30:33.025+0600][20.808s][info][gc,start       ] GC(80) Pause Young (Mixed) (G1 Evacuation Pause)
[2026-04-03T03:30:33.025+0600][20.808s][info][gc,task        ] GC(80) Using 3 workers of 10 for evacuation
[2026-04-03T03:30:33.027+0600][20.811s][info][gc,phases      ] GC(80)   Pre Evacuate Collection Set: 0.44ms
[2026-04-03T03:30:33.027+0600][20.811s][info][gc,phases      ] GC(80)   Merge Heap Roots: 0.18ms
[2026-04-03T03:30:33.027+0600][20.811s][info][gc,phases      ] GC(80)   Evacuate Collection Set: 1.04ms
[2026-04-03T03:30:33.027+0600][20.811s][info][gc,phases      ] GC(80)   Post Evacuate Collection Set: 0.85ms
[2026-04-03T03:30:33.027+0600][20.811s][info][gc,phases      ] GC(80)   Other: 0.07ms
[2026-04-03T03:30:33.027+0600][20.811s][info][gc,heap        ] GC(80) Eden regions: 81->0(81)
[2026-04-03T03:30:33.027+0600][20.811s][info][gc,heap        ] GC(80) Survivor regions: 1->1(11)
[2026-04-03T03:30:33.027+0600][20.811s][info][gc,heap        ] GC(80) Old regions: 32->32
[2026-04-03T03:30:33.027+0600][20.811s][info][gc,heap        ] GC(80) Humongous regions: 8->8
[2026-04-03T03:30:33.027+0600][20.811s][info][gc,metaspace   ] GC(80) Metaspace: 66453K(67520K)->66453K(67520K) NonClass: 58129K(58752K)->58129K(58752K) Class: 8323K(8768K)->8323K(8768K)
[2026-04-03T03:30:33.027+0600][20.811s][info][gc             ] GC(80) Pause Young (Mixed) (G1 Evacuation Pause) 117M->36M(137M) 2.803ms
[2026-04-03T03:30:33.027+0600][20.811s][info][gc,cpu         ] GC(80) User=0.00s Sys=0.00s Real=0.00s
[2026-04-03T03:30:33.065+0600][20.848s][info][gc,start       ] GC(81) Pause Young (Concurrent Start) (G1 Evacuation Pause)
[2026-04-03T03:30:33.065+0600][20.849s][info][gc,task        ] GC(81) Using 3 workers of 10 for evacuation
[2026-04-03T03:30:33.068+0600][20.851s][info][gc,phases      ] GC(81)   Pre Evacuate Collection Set: 0.42ms
[2026-04-03T03:30:33.068+0600][20.851s][info][gc,phases      ] GC(81)   Merge Heap Roots: 0.17ms
[2026-04-03T03:30:33.068+0600][20.851s][info][gc,phases      ] GC(81)   Evacuate Collection Set: 1.42ms
[2026-04-03T03:30:33.068+0600][20.851s][info][gc,phases      ] GC(81)   Post Evacuate Collection Set: 0.47ms
[2026-04-03T03:30:33.068+0600][20.851s][info][gc,phases      ] GC(81)   Other: 0.13ms
[2026-04-03T03:30:33.068+0600][20.851s][info][gc,heap        ] GC(81) Eden regions: 81->0(81)
[2026-04-03T03:30:33.068+0600][20.851s][info][gc,heap        ] GC(81) Survivor regions: 1->1(11)
[2026-04-03T03:30:33.068+0600][20.851s][info][gc,heap        ] GC(81) Old regions: 32->32
[2026-04-03T03:30:33.068+0600][20.851s][info][gc,heap        ] GC(81) Humongous regions: 8->8
[2026-04-03T03:30:33.068+0600][20.851s][info][gc,metaspace   ] GC(81) Metaspace: 66453K(67520K)->66453K(67520K) NonClass: 58129K(58752K)->58129K(58752K) Class: 8323K(8768K)->8323K(8768K)
[2026-04-03T03:30:33.068+0600][20.851s][info][gc             ] GC(81) Pause Young (Concurrent Start) (G1 Evacuation Pause) 117M->36M(137M) 2.791ms
[2026-04-03T03:30:33.068+0600][20.851s][info][gc,cpu         ] GC(81) User=0.01s Sys=0.00s Real=0.00s
[2026-04-03T03:30:33.068+0600][20.851s][info][gc             ] GC(82) Concurrent Mark Cycle
[2026-04-03T03:30:33.068+0600][20.851s][info][gc,marking     ] GC(82) Concurrent Scan Root Regions
[2026-04-03T03:30:33.069+0600][20.852s][info][gc,marking     ] GC(82) Concurrent Scan Root Regions 0.891ms
[2026-04-03T03:30:33.069+0600][20.852s][info][gc,marking     ] GC(82) Concurrent Mark
[2026-04-03T03:30:33.069+0600][20.852s][info][gc,marking     ] GC(82) Concurrent Mark From Roots
[2026-04-03T03:30:33.069+0600][20.852s][info][gc,task        ] GC(82) Using 3 workers of 3 for marking
[2026-04-03T03:30:33.089+0600][20.872s][info][gc,marking     ] GC(82) Concurrent Mark From Roots 19.686ms
[2026-04-03T03:30:33.089+0600][20.872s][info][gc,marking     ] GC(82) Concurrent Preclean
[2026-04-03T03:30:33.089+0600][20.872s][info][gc,marking     ] GC(82) Concurrent Preclean 0.253ms
[2026-04-03T03:30:33.089+0600][20.873s][info][gc,start       ] GC(82) Pause Remark
[2026-04-03T03:30:33.095+0600][20.878s][info][gc             ] GC(82) Pause Remark 69M->69M(137M) 5.695ms
[2026-04-03T03:30:33.095+0600][20.878s][info][gc,cpu         ] GC(82) User=0.02s Sys=0.00s Real=0.01s
[2026-04-03T03:30:33.095+0600][20.879s][info][gc,marking     ] GC(82) Concurrent Mark 26.263ms
[2026-04-03T03:30:33.095+0600][20.879s][info][gc,marking     ] GC(82) Concurrent Rebuild Remembered Sets and Scrub Regions
[2026-04-03T03:30:33.106+0600][20.889s][info][gc,marking     ] GC(82) Concurrent Rebuild Remembered Sets and Scrub Regions 10.769ms
[2026-04-03T03:30:33.106+0600][20.890s][info][gc,start       ] GC(82) Pause Cleanup
[2026-04-03T03:30:33.107+0600][20.890s][info][gc             ] GC(82) Pause Cleanup 82M->82M(137M) 0.371ms
[2026-04-03T03:30:33.107+0600][20.890s][info][gc,cpu         ] GC(82) User=0.00s Sys=0.00s Real=0.00s
[2026-04-03T03:30:33.107+0600][20.890s][info][gc,marking     ] GC(82) Concurrent Clear Claimed Marks
[2026-04-03T03:30:33.107+0600][20.891s][info][gc,marking     ] GC(82) Concurrent Clear Claimed Marks 0.193ms
[2026-04-03T03:30:33.107+0600][20.891s][info][gc,marking     ] GC(82) Concurrent Cleanup for Next Mark
[2026-04-03T03:30:33.107+0600][20.891s][info][gc,marking     ] GC(82) Concurrent Cleanup for Next Mark 0.291ms
[2026-04-03T03:30:33.108+0600][20.891s][info][gc             ] GC(82) Concurrent Mark Cycle 39.582ms
[2026-04-03T03:30:33.125+0600][20.909s][info][gc,start       ] GC(83) Pause Young (Prepare Mixed) (G1 Evacuation Pause)
[2026-04-03T03:30:33.125+0600][20.909s][info][gc,task        ] GC(83) Using 3 workers of 10 for evacuation
[2026-04-03T03:30:33.128+0600][20.911s][info][gc,phases      ] GC(83)   Pre Evacuate Collection Set: 0.14ms
[2026-04-03T03:30:33.128+0600][20.911s][info][gc,phases      ] GC(83)   Merge Heap Roots: 0.17ms
[2026-04-03T03:30:33.128+0600][20.911s][info][gc,phases      ] GC(83)   Evacuate Collection Set: 1.03ms
[2026-04-03T03:30:33.128+0600][20.911s][info][gc,phases      ] GC(83)   Post Evacuate Collection Set: 0.90ms
[2026-04-03T03:30:33.128+0600][20.911s][info][gc,phases      ] GC(83)   Other: 0.07ms
[2026-04-03T03:30:33.128+0600][20.911s][info][gc,heap        ] GC(83) Eden regions: 81->0(114)
[2026-04-03T03:30:33.128+0600][20.911s][info][gc,heap        ] GC(83) Survivor regions: 1->1(11)
[2026-04-03T03:30:33.128+0600][20.911s][info][gc,heap        ] GC(83) Old regions: 32->33
[2026-04-03T03:30:33.128+0600][20.911s][info][gc,heap        ] GC(83) Humongous regions: 8->8
[2026-04-03T03:30:33.128+0600][20.911s][info][gc,metaspace   ] GC(83) Metaspace: 66570K(67520K)->66570K(67520K) NonClass: 58221K(58752K)->58221K(58752K) Class: 8349K(8768K)->8349K(8768K)
[2026-04-03T03:30:33.128+0600][20.911s][info][gc             ] GC(83) Pause Young (Prepare Mixed) (G1 Evacuation Pause) 117M->36M(193M) 2.519ms
[2026-04-03T03:30:33.128+0600][20.911s][info][gc,cpu         ] GC(83) User=0.00s Sys=0.00s Real=0.00s
[2026-04-03T03:30:33.194+0600][20.977s][info][gc,start       ] GC(84) Pause Young (Mixed) (G1 Evacuation Pause)
[2026-04-03T03:30:33.194+0600][20.977s][info][gc,task        ] GC(84) Using 4 workers of 10 for evacuation
[2026-04-03T03:30:33.196+0600][20.979s][info][gc,phases      ] GC(84)   Pre Evacuate Collection Set: 0.33ms
[2026-04-03T03:30:33.196+0600][20.979s][info][gc,phases      ] GC(84)   Merge Heap Roots: 0.08ms
[2026-04-03T03:30:33.196+0600][20.979s][info][gc,phases      ] GC(84)   Evacuate Collection Set: 0.69ms
[2026-04-03T03:30:33.196+0600][20.979s][info][gc,phases      ] GC(84)   Post Evacuate Collection Set: 0.60ms
[2026-04-03T03:30:33.196+0600][20.979s][info][gc,phases      ] GC(84)   Other: 0.07ms
[2026-04-03T03:30:33.196+0600][20.979s][info][gc,heap        ] GC(84) Eden regions: 114->0(114)
[2026-04-03T03:30:33.196+0600][20.979s][info][gc,heap        ] GC(84) Survivor regions: 1->1(15)
[2026-04-03T03:30:33.196+0600][20.979s][info][gc,heap        ] GC(84) Old regions: 33->32
[2026-04-03T03:30:33.196+0600][20.979s][info][gc,heap        ] GC(84) Humongous regions: 8->8
[2026-04-03T03:30:33.196+0600][20.979s][info][gc,metaspace   ] GC(84) Metaspace: 66570K(67520K)->66570K(67520K) NonClass: 58221K(58752K)->58221K(58752K) Class: 8349K(8768K)->8349K(8768K)
[2026-04-03T03:30:33.196+0600][20.979s][info][gc             ] GC(84) Pause Young (Mixed) (G1 Evacuation Pause) 150M->36M(193M) 1.990ms
[2026-04-03T03:30:33.196+0600][20.979s][info][gc,cpu         ] GC(84) User=0.01s Sys=0.00s Real=0.00s
[2026-04-03T03:30:33.248+0600][21.031s][info][gc,start       ] GC(85) Pause Young (Concurrent Start) (G1 Evacuation Pause)
[2026-04-03T03:30:33.248+0600][21.031s][info][gc,task        ] GC(85) Using 4 workers of 10 for evacuation
[2026-04-03T03:30:33.250+0600][21.034s][info][gc,phases      ] GC(85)   Pre Evacuate Collection Set: 0.25ms
[2026-04-03T03:30:33.250+0600][21.034s][info][gc,phases      ] GC(85)   Merge Heap Roots: 0.08ms
[2026-04-03T03:30:33.250+0600][21.034s][info][gc,phases      ] GC(85)   Evacuate Collection Set: 1.36ms
[2026-04-03T03:30:33.250+0600][21.034s][info][gc,phases      ] GC(85)   Post Evacuate Collection Set: 0.65ms
[2026-04-03T03:30:33.250+0600][21.034s][info][gc,phases      ] GC(85)   Other: 0.21ms
[2026-04-03T03:30:33.250+0600][21.034s][info][gc,heap        ] GC(85) Eden regions: 114->0(114)
[2026-04-03T03:30:33.250+0600][21.034s][info][gc,heap        ] GC(85) Survivor regions: 1->1(15)
[2026-04-03T03:30:33.250+0600][21.034s][info][gc,heap        ] GC(85) Old regions: 32->32
[2026-04-03T03:30:33.250+0600][21.034s][info][gc,heap        ] GC(85) Humongous regions: 8->8
[2026-04-03T03:30:33.250+0600][21.034s][info][gc,metaspace   ] GC(85) Metaspace: 66570K(67520K)->66570K(67520K) NonClass: 58221K(58752K)->58221K(58752K) Class: 8349K(8768K)->8349K(8768K)
[2026-04-03T03:30:33.250+0600][21.034s][info][gc             ] GC(85) Pause Young (Concurrent Start) (G1 Evacuation Pause) 150M->36M(193M) 2.736ms
[2026-04-03T03:30:33.250+0600][21.034s][info][gc,cpu         ] GC(85) User=0.00s Sys=0.00s Real=0.01s
[2026-04-03T03:30:33.251+0600][21.034s][info][gc             ] GC(86) Concurrent Mark Cycle
[2026-04-03T03:30:33.251+0600][21.034s][info][gc,marking     ] GC(86) Concurrent Scan Root Regions
[2026-04-03T03:30:33.252+0600][21.035s][info][gc,marking     ] GC(86) Concurrent Scan Root Regions 0.970ms
[2026-04-03T03:30:33.252+0600][21.035s][info][gc,marking     ] GC(86) Concurrent Mark
[2026-04-03T03:30:33.252+0600][21.035s][info][gc,marking     ] GC(86) Concurrent Mark From Roots
[2026-04-03T03:30:33.252+0600][21.035s][info][gc,task        ] GC(86) Using 3 workers of 3 for marking
[2026-04-03T03:30:33.270+0600][21.054s][info][gc,marking     ] GC(86) Concurrent Mark From Roots 18.863ms
[2026-04-03T03:30:33.271+0600][21.054s][info][gc,marking     ] GC(86) Concurrent Preclean
[2026-04-03T03:30:33.271+0600][21.054s][info][gc,marking     ] GC(86) Concurrent Preclean 0.134ms
[2026-04-03T03:30:33.271+0600][21.054s][info][gc,start       ] GC(86) Pause Remark
[2026-04-03T03:30:33.275+0600][21.058s][info][gc             ] GC(86) Pause Remark 70M->70M(137M) 4.216ms
[2026-04-03T03:30:33.275+0600][21.059s][info][gc,cpu         ] GC(86) User=0.01s Sys=0.00s Real=0.00s
[2026-04-03T03:30:33.275+0600][21.059s][info][gc,marking     ] GC(86) Concurrent Mark 23.715ms
[2026-04-03T03:30:33.275+0600][21.059s][info][gc,marking     ] GC(86) Concurrent Rebuild Remembered Sets and Scrub Regions
[2026-04-03T03:30:33.284+0600][21.068s][info][gc,marking     ] GC(86) Concurrent Rebuild Remembered Sets and Scrub Regions 8.968ms
[2026-04-03T03:30:33.285+0600][21.068s][info][gc,start       ] GC(86) Pause Cleanup
[2026-04-03T03:30:33.285+0600][21.068s][info][gc             ] GC(86) Pause Cleanup 86M->86M(137M) 0.264ms
[2026-04-03T03:30:33.285+0600][21.068s][info][gc,cpu         ] GC(86) User=0.00s Sys=0.00s Real=0.00s
[2026-04-03T03:30:33.285+0600][21.068s][info][gc,marking     ] GC(86) Concurrent Clear Claimed Marks
[2026-04-03T03:30:33.285+0600][21.069s][info][gc,marking     ] GC(86) Concurrent Clear Claimed Marks 0.143ms
[2026-04-03T03:30:33.285+0600][21.069s][info][gc,marking     ] GC(86) Concurrent Cleanup for Next Mark
[2026-04-03T03:30:33.285+0600][21.069s][info][gc,marking     ] GC(86) Concurrent Cleanup for Next Mark 0.308ms
[2026-04-03T03:30:33.285+0600][21.069s][info][gc             ] GC(86) Concurrent Mark Cycle 34.972ms
[2026-04-03T03:30:33.301+0600][21.085s][info][gc,start       ] GC(87) Pause Young (Prepare Mixed) (G1 Evacuation Pause)
[2026-04-03T03:30:33.302+0600][21.085s][info][gc,task        ] GC(87) Using 3 workers of 10 for evacuation
[2026-04-03T03:30:33.304+0600][21.087s][info][gc,phases      ] GC(87)   Pre Evacuate Collection Set: 0.19ms
[2026-04-03T03:30:33.304+0600][21.087s][info][gc,phases      ] GC(87)   Merge Heap Roots: 0.19ms
[2026-04-03T03:30:33.304+0600][21.087s][info][gc,phases      ] GC(87)   Evacuate Collection Set: 0.97ms
[2026-04-03T03:30:33.304+0600][21.087s][info][gc,phases      ] GC(87)   Post Evacuate Collection Set: 0.54ms
[2026-04-03T03:30:33.304+0600][21.087s][info][gc,phases      ] GC(87)   Other: 0.08ms
[2026-04-03T03:30:33.304+0600][21.087s][info][gc,heap        ] GC(87) Eden regions: 81->0(81)
[2026-04-03T03:30:33.304+0600][21.087s][info][gc,heap        ] GC(87) Survivor regions: 1->1(11)
[2026-04-03T03:30:33.304+0600][21.087s][info][gc,heap        ] GC(87) Old regions: 32->32
[2026-04-03T03:30:33.304+0600][21.087s][info][gc,heap        ] GC(87) Humongous regions: 8->8
[2026-04-03T03:30:33.304+0600][21.087s][info][gc,metaspace   ] GC(87) Metaspace: 66570K(67520K)->66570K(67520K) NonClass: 58221K(58752K)->58221K(58752K) Class: 8349K(8768K)->8349K(8768K)
[2026-04-03T03:30:33.304+0600][21.087s][info][gc             ] GC(87) Pause Young (Prepare Mixed) (G1 Evacuation Pause) 117M->36M(137M) 2.270ms
[2026-04-03T03:30:33.304+0600][21.087s][info][gc,cpu         ] GC(87) User=0.01s Sys=0.00s Real=0.00s
[2026-04-03T03:30:33.344+0600][21.127s][info][gc,start       ] GC(88) Pause Young (Mixed) (G1 Evacuation Pause)
[2026-04-03T03:30:33.344+0600][21.127s][info][gc,task        ] GC(88) Using 3 workers of 10 for evacuation
[2026-04-03T03:30:33.347+0600][21.130s][info][gc,phases      ] GC(88)   Pre Evacuate Collection Set: 0.31ms
[2026-04-03T03:30:33.347+0600][21.130s][info][gc,phases      ] GC(88)   Merge Heap Roots: 0.21ms
[2026-04-03T03:30:33.347+0600][21.130s][info][gc,phases      ] GC(88)   Evacuate Collection Set: 0.83ms
[2026-04-03T03:30:33.347+0600][21.130s][info][gc,phases      ] GC(88)   Post Evacuate Collection Set: 1.76ms
[2026-04-03T03:30:33.347+0600][21.130s][info][gc,phases      ] GC(88)   Other: 0.09ms
[2026-04-03T03:30:33.347+0600][21.130s][info][gc,heap        ] GC(88) Eden regions: 81->0(134)
[2026-04-03T03:30:33.347+0600][21.130s][info][gc,heap        ] GC(88) Survivor regions: 1->1(11)
[2026-04-03T03:30:33.347+0600][21.130s][info][gc,heap        ] GC(88) Old regions: 32->32
[2026-04-03T03:30:33.347+0600][21.130s][info][gc,heap        ] GC(88) Humongous regions: 8->8
[2026-04-03T03:30:33.347+0600][21.130s][info][gc,metaspace   ] GC(88) Metaspace: 66570K(67520K)->66570K(67520K) NonClass: 58221K(58752K)->58221K(58752K) Class: 8349K(8768K)->8349K(8768K)
[2026-04-03T03:30:33.347+0600][21.130s][info][gc             ] GC(88) Pause Young (Mixed) (G1 Evacuation Pause) 117M->36M(226M) 3.462ms
[2026-04-03T03:30:33.347+0600][21.131s][info][gc,cpu         ] GC(88) User=0.01s Sys=0.00s Real=0.00s
[2026-04-03T03:30:33.419+0600][21.202s][info][gc,start       ] GC(89) Pause Young (Concurrent Start) (G1 Evacuation Pause)
[2026-04-03T03:30:33.419+0600][21.202s][info][gc,task        ] GC(89) Using 5 workers of 10 for evacuation
[2026-04-03T03:30:33.422+0600][21.205s][info][gc,phases      ] GC(89)   Pre Evacuate Collection Set: 0.50ms
[2026-04-03T03:30:33.422+0600][21.205s][info][gc,phases      ] GC(89)   Merge Heap Roots: 0.24ms
[2026-04-03T03:30:33.422+0600][21.206s][info][gc,phases      ] GC(89)   Evacuate Collection Set: 1.24ms
[2026-04-03T03:30:33.422+0600][21.206s][info][gc,phases      ] GC(89)   Post Evacuate Collection Set: 0.75ms
[2026-04-03T03:30:33.422+0600][21.206s][info][gc,phases      ] GC(89)   Other: 0.26ms
[2026-04-03T03:30:33.422+0600][21.206s][info][gc,heap        ] GC(89) Eden regions: 134->0(134)
[2026-04-03T03:30:33.422+0600][21.206s][info][gc,heap        ] GC(89) Survivor regions: 1->1(17)
[2026-04-03T03:30:33.422+0600][21.206s][info][gc,heap        ] GC(89) Old regions: 32->32
[2026-04-03T03:30:33.422+0600][21.206s][info][gc,heap        ] GC(89) Humongous regions: 8->8
[2026-04-03T03:30:33.422+0600][21.206s][info][gc,metaspace   ] GC(89) Metaspace: 66570K(67520K)->66570K(67520K) NonClass: 58221K(58752K)->58221K(58752K) Class: 8349K(8768K)->8349K(8768K)
[2026-04-03T03:30:33.422+0600][21.206s][info][gc             ] GC(89) Pause Young (Concurrent Start) (G1 Evacuation Pause) 170M->36M(226M) 3.200ms
[2026-04-03T03:30:33.422+0600][21.206s][info][gc,cpu         ] GC(89) User=0.00s Sys=0.00s Real=0.01s
[2026-04-03T03:30:33.422+0600][21.206s][info][gc             ] GC(90) Concurrent Mark Cycle
[2026-04-03T03:30:33.422+0600][21.206s][info][gc,marking     ] GC(90) Concurrent Scan Root Regions
[2026-04-03T03:30:33.423+0600][21.207s][info][gc,marking     ] GC(90) Concurrent Scan Root Regions 0.938ms
[2026-04-03T03:30:33.423+0600][21.207s][info][gc,marking     ] GC(90) Concurrent Mark
[2026-04-03T03:30:33.423+0600][21.207s][info][gc,marking     ] GC(90) Concurrent Mark From Roots
[2026-04-03T03:30:33.423+0600][21.207s][info][gc,task        ] GC(90) Using 3 workers of 3 for marking
[2026-04-03T03:30:33.441+0600][21.224s][info][gc,marking     ] GC(90) Concurrent Mark From Roots 17.417ms
[2026-04-03T03:30:33.441+0600][21.224s][info][gc,marking     ] GC(90) Concurrent Preclean
[2026-04-03T03:30:33.441+0600][21.224s][info][gc,marking     ] GC(90) Concurrent Preclean 0.131ms
[2026-04-03T03:30:33.441+0600][21.225s][info][gc,start       ] GC(90) Pause Remark
[2026-04-03T03:30:33.446+0600][21.229s][info][gc             ] GC(90) Pause Remark 69M->69M(137M) 4.379ms
[2026-04-03T03:30:33.446+0600][21.229s][info][gc,cpu         ] GC(90) User=0.01s Sys=0.00s Real=0.00s
[2026-04-03T03:30:33.446+0600][21.229s][info][gc,marking     ] GC(90) Concurrent Mark 22.505ms
[2026-04-03T03:30:33.446+0600][21.229s][info][gc,marking     ] GC(90) Concurrent Rebuild Remembered Sets and Scrub Regions
[2026-04-03T03:30:33.454+0600][21.238s][info][gc,marking     ] GC(90) Concurrent Rebuild Remembered Sets and Scrub Regions 8.537ms
[2026-04-03T03:30:33.455+0600][21.238s][info][gc,start       ] GC(90) Pause Cleanup
[2026-04-03T03:30:33.455+0600][21.239s][info][gc             ] GC(90) Pause Cleanup 85M->85M(137M) 0.366ms
[2026-04-03T03:30:33.455+0600][21.239s][info][gc,cpu         ] GC(90) User=0.00s Sys=0.00s Real=0.00s
[2026-04-03T03:30:33.455+0600][21.239s][info][gc,marking     ] GC(90) Concurrent Clear Claimed Marks
[2026-04-03T03:30:33.455+0600][21.239s][info][gc,marking     ] GC(90) Concurrent Clear Claimed Marks 0.146ms
[2026-04-03T03:30:33.455+0600][21.239s][info][gc,marking     ] GC(90) Concurrent Cleanup for Next Mark
[2026-04-03T03:30:33.456+0600][21.239s][info][gc,marking     ] GC(90) Concurrent Cleanup for Next Mark 0.316ms
[2026-04-03T03:30:33.456+0600][21.239s][info][gc             ] GC(90) Concurrent Mark Cycle 33.530ms
[2026-04-03T03:30:33.473+0600][21.256s][info][gc,start       ] GC(91) Pause Young (Prepare Mixed) (G1 Evacuation Pause)
[2026-04-03T03:30:33.473+0600][21.256s][info][gc,task        ] GC(91) Using 4 workers of 10 for evacuation
[2026-04-03T03:30:33.475+0600][21.258s][info][gc,phases      ] GC(91)   Pre Evacuate Collection Set: 0.32ms
[2026-04-03T03:30:33.475+0600][21.258s][info][gc,phases      ] GC(91)   Merge Heap Roots: 0.27ms
[2026-04-03T03:30:33.475+0600][21.258s][info][gc,phases      ] GC(91)   Evacuate Collection Set: 0.67ms
[2026-04-03T03:30:33.475+0600][21.258s][info][gc,phases      ] GC(91)   Post Evacuate Collection Set: 0.49ms
[2026-04-03T03:30:33.475+0600][21.258s][info][gc,phases      ] GC(91)   Other: 0.07ms
[2026-04-03T03:30:33.475+0600][21.258s][info][gc,heap        ] GC(91) Eden regions: 83->0(81)
[2026-04-03T03:30:33.475+0600][21.258s][info][gc,heap        ] GC(91) Survivor regions: 1->1(11)
[2026-04-03T03:30:33.475+0600][21.258s][info][gc,heap        ] GC(91) Old regions: 32->32
[2026-04-03T03:30:33.475+0600][21.258s][info][gc,heap        ] GC(91) Humongous regions: 8->8
[2026-04-03T03:30:33.475+0600][21.258s][info][gc,metaspace   ] GC(91) Metaspace: 66571K(67520K)->66571K(67520K) NonClass: 58222K(58752K)->58222K(58752K) Class: 8349K(8768K)->8349K(8768K)
[2026-04-03T03:30:33.475+0600][21.258s][info][gc             ] GC(91) Pause Young (Prepare Mixed) (G1 Evacuation Pause) 119M->36M(137M) 2.027ms
[2026-04-03T03:30:33.475+0600][21.258s][info][gc,cpu         ] GC(91) User=0.01s Sys=0.00s Real=0.00s
[2026-04-03T03:30:33.513+0600][21.297s][info][gc,start       ] GC(92) Pause Young (Mixed) (G1 Evacuation Pause)
[2026-04-03T03:30:33.513+0600][21.297s][info][gc,task        ] GC(92) Using 3 workers of 10 for evacuation
[2026-04-03T03:30:33.516+0600][21.299s][info][gc,phases      ] GC(92)   Pre Evacuate Collection Set: 0.49ms
[2026-04-03T03:30:33.516+0600][21.299s][info][gc,phases      ] GC(92)   Merge Heap Roots: 0.19ms
[2026-04-03T03:30:33.516+0600][21.299s][info][gc,phases      ] GC(92)   Evacuate Collection Set: 1.06ms
[2026-04-03T03:30:33.516+0600][21.299s][info][gc,phases      ] GC(92)   Post Evacuate Collection Set: 0.72ms
[2026-04-03T03:30:33.516+0600][21.299s][info][gc,phases      ] GC(92)   Other: 0.09ms
[2026-04-03T03:30:33.516+0600][21.299s][info][gc,heap        ] GC(92) Eden regions: 81->0(81)
[2026-04-03T03:30:33.516+0600][21.299s][info][gc,heap        ] GC(92) Survivor regions: 1->1(11)
[2026-04-03T03:30:33.516+0600][21.299s][info][gc,heap        ] GC(92) Old regions: 32->32
[2026-04-03T03:30:33.516+0600][21.299s][info][gc,heap        ] GC(92) Humongous regions: 8->8
[2026-04-03T03:30:33.516+0600][21.299s][info][gc,metaspace   ] GC(92) Metaspace: 66571K(67520K)->66571K(67520K) NonClass: 58222K(58752K)->58222K(58752K) Class: 8349K(8768K)->8349K(8768K)
[2026-04-03T03:30:33.516+0600][21.299s][info][gc             ] GC(92) Pause Young (Mixed) (G1 Evacuation Pause) 117M->36M(137M) 2.736ms
[2026-04-03T03:30:33.516+0600][21.300s][info][gc,cpu         ] GC(92) User=0.01s Sys=0.00s Real=0.00s
[2026-04-03T03:30:33.558+0600][21.342s][info][gc,start       ] GC(93) Pause Young (Concurrent Start) (G1 Evacuation Pause)
[2026-04-03T03:30:33.558+0600][21.342s][info][gc,task        ] GC(93) Using 3 workers of 10 for evacuation
[2026-04-03T03:30:33.561+0600][21.345s][info][gc,phases      ] GC(93)   Pre Evacuate Collection Set: 0.47ms
[2026-04-03T03:30:33.561+0600][21.345s][info][gc,phases      ] GC(93)   Merge Heap Roots: 0.33ms
[2026-04-03T03:30:33.562+0600][21.345s][info][gc,phases      ] GC(93)   Evacuate Collection Set: 1.21ms
[2026-04-03T03:30:33.562+0600][21.345s][info][gc,phases      ] GC(93)   Post Evacuate Collection Set: 0.96ms
[2026-04-03T03:30:33.562+0600][21.345s][info][gc,phases      ] GC(93)   Other: 0.23ms
[2026-04-03T03:30:33.562+0600][21.345s][info][gc,heap        ] GC(93) Eden regions: 81->0(133)
[2026-04-03T03:30:33.562+0600][21.345s][info][gc,heap        ] GC(93) Survivor regions: 1->1(11)
[2026-04-03T03:30:33.562+0600][21.345s][info][gc,heap        ] GC(93) Old regions: 32->32
[2026-04-03T03:30:33.562+0600][21.345s][info][gc,heap        ] GC(93) Humongous regions: 8->8
[2026-04-03T03:30:33.562+0600][21.345s][info][gc,metaspace   ] GC(93) Metaspace: 66571K(67520K)->66571K(67520K) NonClass: 58222K(58752K)->58222K(58752K) Class: 8349K(8768K)->8349K(8768K)
[2026-04-03T03:30:33.562+0600][21.345s][info][gc             ] GC(93) Pause Young (Concurrent Start) (G1 Evacuation Pause) 117M->36M(224M) 3.396ms
[2026-04-03T03:30:33.562+0600][21.345s][info][gc,cpu         ] GC(93) User=0.01s Sys=0.00s Real=0.01s
[2026-04-03T03:30:33.562+0600][21.345s][info][gc             ] GC(94) Concurrent Mark Cycle
[2026-04-03T03:30:33.562+0600][21.345s][info][gc,marking     ] GC(94) Concurrent Scan Root Regions
[2026-04-03T03:30:33.563+0600][21.346s][info][gc,marking     ] GC(94) Concurrent Scan Root Regions 0.943ms
[2026-04-03T03:30:33.563+0600][21.346s][info][gc,marking     ] GC(94) Concurrent Mark
[2026-04-03T03:30:33.563+0600][21.346s][info][gc,marking     ] GC(94) Concurrent Mark From Roots
[2026-04-03T03:30:33.563+0600][21.346s][info][gc,task        ] GC(94) Using 3 workers of 3 for marking
[2026-04-03T03:30:33.581+0600][21.365s][info][gc,marking     ] GC(94) Concurrent Mark From Roots 18.402ms
[2026-04-03T03:30:33.581+0600][21.365s][info][gc,marking     ] GC(94) Concurrent Preclean
[2026-04-03T03:30:33.581+0600][21.365s][info][gc,marking     ] GC(94) Concurrent Preclean 0.155ms
[2026-04-03T03:30:33.582+0600][21.365s][info][gc,start       ] GC(94) Pause Remark
[2026-04-03T03:30:33.587+0600][21.371s][info][gc             ] GC(94) Pause Remark 68M->68M(137M) 5.447ms
[2026-04-03T03:30:33.587+0600][21.371s][info][gc,cpu         ] GC(94) User=0.02s Sys=0.00s Real=0.00s
[2026-04-03T03:30:33.587+0600][21.371s][info][gc,marking     ] GC(94) Concurrent Mark 24.631ms
[2026-04-03T03:30:33.587+0600][21.371s][info][gc,marking     ] GC(94) Concurrent Rebuild Remembered Sets and Scrub Regions
[2026-04-03T03:30:33.596+0600][21.380s][info][gc,marking     ] GC(94) Concurrent Rebuild Remembered Sets and Scrub Regions 8.841ms
[2026-04-03T03:30:33.597+0600][21.380s][info][gc,start       ] GC(94) Pause Cleanup
[2026-04-03T03:30:33.597+0600][21.380s][info][gc             ] GC(94) Pause Cleanup 84M->84M(137M) 0.257ms
[2026-04-03T03:30:33.597+0600][21.380s][info][gc,cpu         ] GC(94) User=0.00s Sys=0.00s Real=0.00s
[2026-04-03T03:30:33.597+0600][21.380s][info][gc,marking     ] GC(94) Concurrent Clear Claimed Marks
[2026-04-03T03:30:33.597+0600][21.381s][info][gc,marking     ] GC(94) Concurrent Clear Claimed Marks 0.141ms
[2026-04-03T03:30:33.597+0600][21.381s][info][gc,marking     ] GC(94) Concurrent Cleanup for Next Mark
[2026-04-03T03:30:33.597+0600][21.381s][info][gc,marking     ] GC(94) Concurrent Cleanup for Next Mark 0.307ms
[2026-04-03T03:30:33.598+0600][21.381s][info][gc             ] GC(94) Concurrent Mark Cycle 35.849ms
[2026-04-03T03:30:33.614+0600][21.397s][info][gc,start       ] GC(95) Pause Young (Prepare Mixed) (G1 Evacuation Pause)
[2026-04-03T03:30:33.614+0600][21.397s][info][gc,task        ] GC(95) Using 3 workers of 10 for evacuation
[2026-04-03T03:30:33.616+0600][21.400s][info][gc,phases      ] GC(95)   Pre Evacuate Collection Set: 0.43ms
[2026-04-03T03:30:33.616+0600][21.400s][info][gc,phases      ] GC(95)   Merge Heap Roots: 0.12ms
[2026-04-03T03:30:33.616+0600][21.400s][info][gc,phases      ] GC(95)   Evacuate Collection Set: 1.05ms
[2026-04-03T03:30:33.616+0600][21.400s][info][gc,phases      ] GC(95)   Post Evacuate Collection Set: 0.69ms
[2026-04-03T03:30:33.616+0600][21.400s][info][gc,phases      ] GC(95)   Other: 0.11ms
[2026-04-03T03:30:33.616+0600][21.400s][info][gc,heap        ] GC(95) Eden regions: 81->0(81)
[2026-04-03T03:30:33.616+0600][21.400s][info][gc,heap        ] GC(95) Survivor regions: 1->1(11)
[2026-04-03T03:30:33.616+0600][21.400s][info][gc,heap        ] GC(95) Old regions: 32->32
[2026-04-03T03:30:33.616+0600][21.400s][info][gc,heap        ] GC(95) Humongous regions: 8->8
[2026-04-03T03:30:33.616+0600][21.400s][info][gc,metaspace   ] GC(95) Metaspace: 66571K(67520K)->66571K(67520K) NonClass: 58222K(58752K)->58222K(58752K) Class: 8349K(8768K)->8349K(8768K)
[2026-04-03T03:30:33.616+0600][21.400s][info][gc             ] GC(95) Pause Young (Prepare Mixed) (G1 Evacuation Pause) 117M->36M(137M) 2.594ms
[2026-04-03T03:30:33.616+0600][21.400s][info][gc,cpu         ] GC(95) User=0.00s Sys=0.00s Real=0.00s
[2026-04-03T03:30:33.655+0600][21.438s][info][gc,start       ] GC(96) Pause Young (Mixed) (G1 Evacuation Pause)
[2026-04-03T03:30:33.655+0600][21.438s][info][gc,task        ] GC(96) Using 3 workers of 10 for evacuation
[2026-04-03T03:30:33.657+0600][21.441s][info][gc,phases      ] GC(96)   Pre Evacuate Collection Set: 0.28ms
[2026-04-03T03:30:33.657+0600][21.441s][info][gc,phases      ] GC(96)   Merge Heap Roots: 0.25ms
[2026-04-03T03:30:33.657+0600][21.441s][info][gc,phases      ] GC(96)   Evacuate Collection Set: 0.94ms
[2026-04-03T03:30:33.657+0600][21.441s][info][gc,phases      ] GC(96)   Post Evacuate Collection Set: 0.79ms
[2026-04-03T03:30:33.657+0600][21.441s][info][gc,phases      ] GC(96)   Other: 0.09ms
[2026-04-03T03:30:33.657+0600][21.441s][info][gc,heap        ] GC(96) Eden regions: 81->0(81)
[2026-04-03T03:30:33.657+0600][21.441s][info][gc,heap        ] GC(96) Survivor regions: 1->1(11)
[2026-04-03T03:30:33.657+0600][21.441s][info][gc,heap        ] GC(96) Old regions: 32->32
[2026-04-03T03:30:33.657+0600][21.441s][info][gc,heap        ] GC(96) Humongous regions: 8->8
[2026-04-03T03:30:33.657+0600][21.441s][info][gc,metaspace   ] GC(96) Metaspace: 66571K(67520K)->66571K(67520K) NonClass: 58222K(58752K)->58222K(58752K) Class: 8349K(8768K)->8349K(8768K)
[2026-04-03T03:30:33.657+0600][21.441s][info][gc             ] GC(96) Pause Young (Mixed) (G1 Evacuation Pause) 117M->36M(137M) 2.624ms
[2026-04-03T03:30:33.657+0600][21.441s][info][gc,cpu         ] GC(96) User=0.01s Sys=0.00s Real=0.00s
[2026-04-03T03:30:33.696+0600][21.480s][info][gc,start       ] GC(97) Pause Young (Concurrent Start) (G1 Evacuation Pause)
[2026-04-03T03:30:33.696+0600][21.480s][info][gc,task        ] GC(97) Using 3 workers of 10 for evacuation
[2026-04-03T03:30:33.699+0600][21.482s][info][gc,phases      ] GC(97)   Pre Evacuate Collection Set: 0.45ms
[2026-04-03T03:30:33.699+0600][21.482s][info][gc,phases      ] GC(97)   Merge Heap Roots: 0.20ms
[2026-04-03T03:30:33.699+0600][21.482s][info][gc,phases      ] GC(97)   Evacuate Collection Set: 0.92ms
[2026-04-03T03:30:33.699+0600][21.482s][info][gc,phases      ] GC(97)   Post Evacuate Collection Set: 0.44ms
[2026-04-03T03:30:33.699+0600][21.482s][info][gc,phases      ] GC(97)   Other: 0.15ms
[2026-04-03T03:30:33.699+0600][21.482s][info][gc,heap        ] GC(97) Eden regions: 81->0(81)
[2026-04-03T03:30:33.699+0600][21.482s][info][gc,heap        ] GC(97) Survivor regions: 1->1(11)
[2026-04-03T03:30:33.699+0600][21.482s][info][gc,heap        ] GC(97) Old regions: 32->32
[2026-04-03T03:30:33.699+0600][21.482s][info][gc,heap        ] GC(97) Humongous regions: 8->8
[2026-04-03T03:30:33.699+0600][21.482s][info][gc,metaspace   ] GC(97) Metaspace: 66571K(67520K)->66571K(67520K) NonClass: 58222K(58752K)->58222K(58752K) Class: 8349K(8768K)->8349K(8768K)
[2026-04-03T03:30:33.699+0600][21.482s][info][gc             ] GC(97) Pause Young (Concurrent Start) (G1 Evacuation Pause) 117M->36M(137M) 2.334ms
[2026-04-03T03:30:33.699+0600][21.482s][info][gc,cpu         ] GC(97) User=0.01s Sys=0.00s Real=0.00s
[2026-04-03T03:30:33.699+0600][21.482s][info][gc             ] GC(98) Concurrent Mark Cycle
[2026-04-03T03:30:33.699+0600][21.482s][info][gc,marking     ] GC(98) Concurrent Scan Root Regions
[2026-04-03T03:30:33.700+0600][21.483s][info][gc,marking     ] GC(98) Concurrent Scan Root Regions 0.887ms
[2026-04-03T03:30:33.700+0600][21.483s][info][gc,marking     ] GC(98) Concurrent Mark
[2026-04-03T03:30:33.700+0600][21.483s][info][gc,marking     ] GC(98) Concurrent Mark From Roots
[2026-04-03T03:30:33.700+0600][21.483s][info][gc,task        ] GC(98) Using 3 workers of 3 for marking
[2026-04-03T03:30:33.720+0600][21.503s][info][gc,marking     ] GC(98) Concurrent Mark From Roots 20.303ms
[2026-04-03T03:30:33.720+0600][21.503s][info][gc,marking     ] GC(98) Concurrent Preclean
[2026-04-03T03:30:33.720+0600][21.504s][info][gc,marking     ] GC(98) Concurrent Preclean 0.119ms
[2026-04-03T03:30:33.721+0600][21.504s][info][gc,start       ] GC(98) Pause Remark
[2026-04-03T03:30:33.726+0600][21.509s][info][gc             ] GC(98) Pause Remark 74M->74M(137M) 5.234ms
[2026-04-03T03:30:33.726+0600][21.509s][info][gc,cpu         ] GC(98) User=0.02s Sys=0.00s Real=0.00s
[2026-04-03T03:30:33.726+0600][21.509s][info][gc,marking     ] GC(98) Concurrent Mark 26.264ms
[2026-04-03T03:30:33.726+0600][21.509s][info][gc,marking     ] GC(98) Concurrent Rebuild Remembered Sets and Scrub Regions
[2026-04-03T03:30:33.734+0600][21.518s][info][gc,marking     ] GC(98) Concurrent Rebuild Remembered Sets and Scrub Regions 8.246ms
[2026-04-03T03:30:33.735+0600][21.518s][info][gc,start       ] GC(98) Pause Cleanup
[2026-04-03T03:30:33.735+0600][21.518s][info][gc             ] GC(98) Pause Cleanup 89M->89M(137M) 0.260ms
[2026-04-03T03:30:33.735+0600][21.518s][info][gc,cpu         ] GC(98) User=0.00s Sys=0.00s Real=0.00s
[2026-04-03T03:30:33.735+0600][21.518s][info][gc,marking     ] GC(98) Concurrent Clear Claimed Marks
[2026-04-03T03:30:33.735+0600][21.519s][info][gc,marking     ] GC(98) Concurrent Clear Claimed Marks 0.149ms
[2026-04-03T03:30:33.735+0600][21.519s][info][gc,marking     ] GC(98) Concurrent Cleanup for Next Mark
[2026-04-03T03:30:33.735+0600][21.519s][info][gc,marking     ] GC(98) Concurrent Cleanup for Next Mark 0.255ms
[2026-04-03T03:30:33.735+0600][21.519s][info][gc             ] GC(98) Concurrent Mark Cycle 36.713ms
[2026-04-03T03:30:33.749+0600][21.532s][info][gc,start       ] GC(99) Pause Young (Prepare Mixed) (G1 Evacuation Pause)
[2026-04-03T03:30:33.749+0600][21.532s][info][gc,task        ] GC(99) Using 3 workers of 10 for evacuation
[2026-04-03T03:30:33.752+0600][21.535s][info][gc,phases      ] GC(99)   Pre Evacuate Collection Set: 0.29ms
[2026-04-03T03:30:33.752+0600][21.535s][info][gc,phases      ] GC(99)   Merge Heap Roots: 0.07ms
[2026-04-03T03:30:33.752+0600][21.535s][info][gc,phases      ] GC(99)   Evacuate Collection Set: 0.80ms
[2026-04-03T03:30:33.752+0600][21.535s][info][gc,phases      ] GC(99)   Post Evacuate Collection Set: 1.29ms
[2026-04-03T03:30:33.752+0600][21.535s][info][gc,phases      ] GC(99)   Other: 0.09ms
[2026-04-03T03:30:33.752+0600][21.535s][info][gc,heap        ] GC(99) Eden regions: 81->0(123)
[2026-04-03T03:30:33.752+0600][21.535s][info][gc,heap        ] GC(99) Survivor regions: 1->1(11)
[2026-04-03T03:30:33.752+0600][21.535s][info][gc,heap        ] GC(99) Old regions: 32->32
[2026-04-03T03:30:33.752+0600][21.535s][info][gc,heap        ] GC(99) Humongous regions: 8->8
[2026-04-03T03:30:33.752+0600][21.535s][info][gc,metaspace   ] GC(99) Metaspace: 66571K(67520K)->66571K(67520K) NonClass: 58222K(58752K)->58222K(58752K) Class: 8349K(8768K)->8349K(8768K)
[2026-04-03T03:30:33.752+0600][21.535s][info][gc             ] GC(99) Pause Young (Prepare Mixed) (G1 Evacuation Pause) 117M->36M(208M) 2.787ms
[2026-04-03T03:30:33.752+0600][21.535s][info][gc,cpu         ] GC(99) User=0.00s Sys=0.00s Real=0.01s
[2026-04-03T03:30:33.828+0600][21.612s][info][gc,start       ] GC(100) Pause Young (Mixed) (G1 Evacuation Pause)
[2026-04-03T03:30:33.828+0600][21.612s][info][gc,task        ] GC(100) Using 5 workers of 10 for evacuation
[2026-04-03T03:30:33.831+0600][21.614s][info][gc,phases      ] GC(100)   Pre Evacuate Collection Set: 0.29ms
[2026-04-03T03:30:33.831+0600][21.614s][info][gc,phases      ] GC(100)   Merge Heap Roots: 0.24ms
[2026-04-03T03:30:33.831+0600][21.614s][info][gc,phases      ] GC(100)   Evacuate Collection Set: 0.81ms
[2026-04-03T03:30:33.831+0600][21.614s][info][gc,phases      ] GC(100)   Post Evacuate Collection Set: 0.83ms
[2026-04-03T03:30:33.831+0600][21.614s][info][gc,phases      ] GC(100)   Other: 0.09ms
[2026-04-03T03:30:33.831+0600][21.614s][info][gc,heap        ] GC(100) Eden regions: 123->0(123)
[2026-04-03T03:30:33.831+0600][21.614s][info][gc,heap        ] GC(100) Survivor regions: 1->1(16)
[2026-04-03T03:30:33.831+0600][21.614s][info][gc,heap        ] GC(100) Old regions: 32->32
[2026-04-03T03:30:33.831+0600][21.614s][info][gc,heap        ] GC(100) Humongous regions: 8->8
[2026-04-03T03:30:33.831+0600][21.614s][info][gc,metaspace   ] GC(100) Metaspace: 66571K(67520K)->66571K(67520K) NonClass: 58222K(58752K)->58222K(58752K) Class: 8349K(8768K)->8349K(8768K)
[2026-04-03T03:30:33.831+0600][21.614s][info][gc             ] GC(100) Pause Young (Mixed) (G1 Evacuation Pause) 159M->36M(208M) 2.572ms
[2026-04-03T03:30:33.831+0600][21.614s][info][gc,cpu         ] GC(100) User=0.01s Sys=0.00s Real=0.01s
[2026-04-03T03:30:33.889+0600][21.673s][info][gc,start       ] GC(101) Pause Young (Concurrent Start) (G1 Evacuation Pause)
[2026-04-03T03:30:33.889+0600][21.673s][info][gc,task        ] GC(101) Using 5 workers of 10 for evacuation
[2026-04-03T03:30:33.892+0600][21.675s][info][gc,phases      ] GC(101)   Pre Evacuate Collection Set: 0.24ms
[2026-04-03T03:30:33.892+0600][21.675s][info][gc,phases      ] GC(101)   Merge Heap Roots: 0.15ms
[2026-04-03T03:30:33.892+0600][21.675s][info][gc,phases      ] GC(101)   Evacuate Collection Set: 0.97ms
[2026-04-03T03:30:33.892+0600][21.675s][info][gc,phases      ] GC(101)   Post Evacuate Collection Set: 0.66ms
[2026-04-03T03:30:33.892+0600][21.675s][info][gc,phases      ] GC(101)   Other: 0.16ms
[2026-04-03T03:30:33.892+0600][21.675s][info][gc,heap        ] GC(101) Eden regions: 123->0(123)
[2026-04-03T03:30:33.892+0600][21.675s][info][gc,heap        ] GC(101) Survivor regions: 1->1(16)
[2026-04-03T03:30:33.892+0600][21.675s][info][gc,heap        ] GC(101) Old regions: 32->32
[2026-04-03T03:30:33.892+0600][21.675s][info][gc,heap        ] GC(101) Humongous regions: 8->8
[2026-04-03T03:30:33.892+0600][21.675s][info][gc,metaspace   ] GC(101) Metaspace: 66571K(67520K)->66571K(67520K) NonClass: 58222K(58752K)->58222K(58752K) Class: 8349K(8768K)->8349K(8768K)
[2026-04-03T03:30:33.892+0600][21.675s][info][gc             ] GC(101) Pause Young (Concurrent Start) (G1 Evacuation Pause) 159M->36M(208M) 2.473ms
[2026-04-03T03:30:33.892+0600][21.675s][info][gc,cpu         ] GC(101) User=0.00s Sys=0.00s Real=0.01s
[2026-04-03T03:30:33.892+0600][21.675s][info][gc             ] GC(102) Concurrent Mark Cycle
[2026-04-03T03:30:33.892+0600][21.675s][info][gc,marking     ] GC(102) Concurrent Scan Root Regions
[2026-04-03T03:30:33.893+0600][21.676s][info][gc,marking     ] GC(102) Concurrent Scan Root Regions 0.973ms
[2026-04-03T03:30:33.893+0600][21.676s][info][gc,marking     ] GC(102) Concurrent Mark
[2026-04-03T03:30:33.893+0600][21.676s][info][gc,marking     ] GC(102) Concurrent Mark From Roots
[2026-04-03T03:30:33.893+0600][21.676s][info][gc,task        ] GC(102) Using 3 workers of 3 for marking
[2026-04-03T03:30:33.912+0600][21.695s][info][gc,marking     ] GC(102) Concurrent Mark From Roots 18.919ms
[2026-04-03T03:30:33.912+0600][21.695s][info][gc,marking     ] GC(102) Concurrent Preclean
[2026-04-03T03:30:33.912+0600][21.695s][info][gc,marking     ] GC(102) Concurrent Preclean 0.127ms
[2026-04-03T03:30:33.912+0600][21.696s][info][gc,start       ] GC(102) Pause Remark
[2026-04-03T03:30:33.916+0600][21.699s][info][gc             ] GC(102) Pause Remark 70M->70M(137M) 3.792ms
[2026-04-03T03:30:33.916+0600][21.700s][info][gc,cpu         ] GC(102) User=0.02s Sys=0.00s Real=0.00s
[2026-04-03T03:30:33.916+0600][21.700s][info][gc,marking     ] GC(102) Concurrent Mark 23.403ms
[2026-04-03T03:30:33.916+0600][21.700s][info][gc,marking     ] GC(102) Concurrent Rebuild Remembered Sets and Scrub Regions
[2026-04-03T03:30:33.925+0600][21.709s][info][gc,marking     ] GC(102) Concurrent Rebuild Remembered Sets and Scrub Regions 8.798ms
[2026-04-03T03:30:33.925+0600][21.709s][info][gc,start       ] GC(102) Pause Cleanup
[2026-04-03T03:30:33.926+0600][21.709s][info][gc             ] GC(102) Pause Cleanup 86M->86M(137M) 0.203ms
[2026-04-03T03:30:33.926+0600][21.709s][info][gc,cpu         ] GC(102) User=0.00s Sys=0.00s Real=0.00s
[2026-04-03T03:30:33.926+0600][21.709s][info][gc,marking     ] GC(102) Concurrent Clear Claimed Marks
[2026-04-03T03:30:33.926+0600][21.709s][info][gc,marking     ] GC(102) Concurrent Clear Claimed Marks 0.157ms
[2026-04-03T03:30:33.926+0600][21.709s][info][gc,marking     ] GC(102) Concurrent Cleanup for Next Mark
[2026-04-03T03:30:33.926+0600][21.710s][info][gc,marking     ] GC(102) Concurrent Cleanup for Next Mark 0.330ms
[2026-04-03T03:30:33.926+0600][21.710s][info][gc             ] GC(102) Concurrent Mark Cycle 34.592ms
[2026-04-03T03:30:33.942+0600][21.726s][info][gc,start       ] GC(103) Pause Young (Prepare Mixed) (G1 Evacuation Pause)
[2026-04-03T03:30:33.943+0600][21.726s][info][gc,task        ] GC(103) Using 4 workers of 10 for evacuation
[2026-04-03T03:30:33.945+0600][21.728s][info][gc,phases      ] GC(103)   Pre Evacuate Collection Set: 0.35ms
[2026-04-03T03:30:33.945+0600][21.728s][info][gc,phases      ] GC(103)   Merge Heap Roots: 0.16ms
[2026-04-03T03:30:33.945+0600][21.728s][info][gc,phases      ] GC(103)   Evacuate Collection Set: 0.71ms
[2026-04-03T03:30:33.945+0600][21.728s][info][gc,phases      ] GC(103)   Post Evacuate Collection Set: 0.65ms
[2026-04-03T03:30:33.945+0600][21.728s][info][gc,phases      ] GC(103)   Other: 0.09ms
[2026-04-03T03:30:33.945+0600][21.728s][info][gc,heap        ] GC(103) Eden regions: 83->0(81)
[2026-04-03T03:30:33.945+0600][21.728s][info][gc,heap        ] GC(103) Survivor regions: 1->1(11)
[2026-04-03T03:30:33.945+0600][21.728s][info][gc,heap        ] GC(103) Old regions: 32->33
[2026-04-03T03:30:33.945+0600][21.728s][info][gc,heap        ] GC(103) Humongous regions: 8->8
[2026-04-03T03:30:33.945+0600][21.728s][info][gc,metaspace   ] GC(103) Metaspace: 66571K(67520K)->66571K(67520K) NonClass: 58222K(58752K)->58222K(58752K) Class: 8349K(8768K)->8349K(8768K)
[2026-04-03T03:30:33.945+0600][21.728s][info][gc             ] GC(103) Pause Young (Prepare Mixed) (G1 Evacuation Pause) 119M->36M(137M) 2.223ms
[2026-04-03T03:30:33.945+0600][21.728s][info][gc,cpu         ] GC(103) User=0.00s Sys=0.00s Real=0.00s
[2026-04-03T03:30:33.983+0600][21.767s][info][gc,start       ] GC(104) Pause Young (Mixed) (G1 Evacuation Pause)
[2026-04-03T03:30:33.983+0600][21.767s][info][gc,task        ] GC(104) Using 3 workers of 10 for evacuation
[2026-04-03T03:30:33.985+0600][21.768s][info][gc,phases      ] GC(104)   Pre Evacuate Collection Set: 0.40ms
[2026-04-03T03:30:33.985+0600][21.768s][info][gc,phases      ] GC(104)   Merge Heap Roots: 0.08ms
[2026-04-03T03:30:33.985+0600][21.768s][info][gc,phases      ] GC(104)   Evacuate Collection Set: 0.65ms
[2026-04-03T03:30:33.985+0600][21.768s][info][gc,phases      ] GC(104)   Post Evacuate Collection Set: 0.39ms
[2026-04-03T03:30:33.985+0600][21.768s][info][gc,phases      ] GC(104)   Other: 0.07ms
[2026-04-03T03:30:33.985+0600][21.769s][info][gc,heap        ] GC(104) Eden regions: 81->0(81)
[2026-04-03T03:30:33.985+0600][21.769s][info][gc,heap        ] GC(104) Survivor regions: 1->1(11)
[2026-04-03T03:30:33.985+0600][21.769s][info][gc,heap        ] GC(104) Old regions: 33->32
[2026-04-03T03:30:33.985+0600][21.769s][info][gc,heap        ] GC(104) Humongous regions: 8->8
[2026-04-03T03:30:33.985+0600][21.769s][info][gc,metaspace   ] GC(104) Metaspace: 66571K(67520K)->66571K(67520K) NonClass: 58222K(58752K)->58222K(58752K) Class: 8349K(8768K)->8349K(8768K)
[2026-04-03T03:30:33.985+0600][21.769s][info][gc             ] GC(104) Pause Young (Mixed) (G1 Evacuation Pause) 117M->36M(137M) 1.810ms
[2026-04-03T03:30:33.985+0600][21.769s][info][gc,cpu         ] GC(104) User=0.01s Sys=0.00s Real=0.00s
[2026-04-03T03:30:34.026+0600][21.809s][info][gc,start       ] GC(105) Pause Young (Concurrent Start) (G1 Evacuation Pause)
[2026-04-03T03:30:34.026+0600][21.810s][info][gc,task        ] GC(105) Using 3 workers of 10 for evacuation
[2026-04-03T03:30:34.029+0600][21.812s][info][gc,phases      ] GC(105)   Pre Evacuate Collection Set: 0.23ms
[2026-04-03T03:30:34.029+0600][21.812s][info][gc,phases      ] GC(105)   Merge Heap Roots: 0.09ms
[2026-04-03T03:30:34.029+0600][21.812s][info][gc,phases      ] GC(105)   Evacuate Collection Set: 1.01ms
[2026-04-03T03:30:34.029+0600][21.812s][info][gc,phases      ] GC(105)   Post Evacuate Collection Set: 0.97ms
[2026-04-03T03:30:34.029+0600][21.812s][info][gc,phases      ] GC(105)   Other: 0.11ms
[2026-04-03T03:30:34.029+0600][21.812s][info][gc,heap        ] GC(105) Eden regions: 81->0(151)
[2026-04-03T03:30:34.029+0600][21.812s][info][gc,heap        ] GC(105) Survivor regions: 1->1(11)
[2026-04-03T03:30:34.029+0600][21.812s][info][gc,heap        ] GC(105) Old regions: 32->32
[2026-04-03T03:30:34.029+0600][21.812s][info][gc,heap        ] GC(105) Humongous regions: 8->8
[2026-04-03T03:30:34.029+0600][21.812s][info][gc,metaspace   ] GC(105) Metaspace: 66571K(67520K)->66571K(67520K) NonClass: 58222K(58752K)->58222K(58752K) Class: 8349K(8768K)->8349K(8768K)
[2026-04-03T03:30:34.029+0600][21.812s][info][gc             ] GC(105) Pause Young (Concurrent Start) (G1 Evacuation Pause) 117M->36M(254M) 2.607ms
[2026-04-03T03:30:34.029+0600][21.812s][info][gc,cpu         ] GC(105) User=0.00s Sys=0.00s Real=0.00s
[2026-04-03T03:30:34.029+0600][21.812s][info][gc             ] GC(106) Concurrent Mark Cycle
[2026-04-03T03:30:34.029+0600][21.812s][info][gc,marking     ] GC(106) Concurrent Scan Root Regions
[2026-04-03T03:30:34.030+0600][21.813s][info][gc,marking     ] GC(106) Concurrent Scan Root Regions 0.873ms
[2026-04-03T03:30:34.030+0600][21.813s][info][gc,marking     ] GC(106) Concurrent Mark
[2026-04-03T03:30:34.030+0600][21.813s][info][gc,marking     ] GC(106) Concurrent Mark From Roots
[2026-04-03T03:30:34.030+0600][21.813s][info][gc,task        ] GC(106) Using 3 workers of 3 for marking
[2026-04-03T03:30:34.047+0600][21.831s][info][gc,marking     ] GC(106) Concurrent Mark From Roots 17.530ms
[2026-04-03T03:30:34.047+0600][21.831s][info][gc,marking     ] GC(106) Concurrent Preclean
[2026-04-03T03:30:34.048+0600][21.831s][info][gc,marking     ] GC(106) Concurrent Preclean 0.146ms
[2026-04-03T03:30:34.048+0600][21.831s][info][gc,start       ] GC(106) Pause Remark
[2026-04-03T03:30:34.053+0600][21.836s][info][gc             ] GC(106) Pause Remark 66M->66M(137M) 5.267ms
[2026-04-03T03:30:34.053+0600][21.837s][info][gc,cpu         ] GC(106) User=0.01s Sys=0.00s Real=0.01s
[2026-04-03T03:30:34.053+0600][21.837s][info][gc,marking     ] GC(106) Concurrent Mark 23.527ms
[2026-04-03T03:30:34.053+0600][21.837s][info][gc,marking     ] GC(106) Concurrent Rebuild Remembered Sets and Scrub Regions
[2026-04-03T03:30:34.062+0600][21.846s][info][gc,marking     ] GC(106) Concurrent Rebuild Remembered Sets and Scrub Regions 8.846ms
[2026-04-03T03:30:34.063+0600][21.846s][info][gc,start       ] GC(106) Pause Cleanup
[2026-04-03T03:30:34.063+0600][21.846s][info][gc             ] GC(106) Pause Cleanup 80M->80M(137M) 0.238ms
[2026-04-03T03:30:34.063+0600][21.846s][info][gc,cpu         ] GC(106) User=0.00s Sys=0.00s Real=0.00s
[2026-04-03T03:30:34.063+0600][21.846s][info][gc,marking     ] GC(106) Concurrent Clear Claimed Marks
[2026-04-03T03:30:34.063+0600][21.846s][info][gc,marking     ] GC(106) Concurrent Clear Claimed Marks 0.153ms
[2026-04-03T03:30:34.063+0600][21.846s][info][gc,marking     ] GC(106) Concurrent Cleanup for Next Mark
[2026-04-03T03:30:34.063+0600][21.847s][info][gc,marking     ] GC(106) Concurrent Cleanup for Next Mark 0.402ms
[2026-04-03T03:30:34.064+0600][21.847s][info][gc             ] GC(106) Concurrent Mark Cycle 34.785ms
[2026-04-03T03:30:34.082+0600][21.865s][info][gc,start       ] GC(107) Pause Young (Prepare Mixed) (G1 Evacuation Pause)
[2026-04-03T03:30:34.082+0600][21.865s][info][gc,task        ] GC(107) Using 3 workers of 10 for evacuation
[2026-04-03T03:30:34.084+0600][21.867s][info][gc,phases      ] GC(107)   Pre Evacuate Collection Set: 0.47ms
[2026-04-03T03:30:34.084+0600][21.868s][info][gc,phases      ] GC(107)   Merge Heap Roots: 0.12ms
[2026-04-03T03:30:34.084+0600][21.868s][info][gc,phases      ] GC(107)   Evacuate Collection Set: 0.70ms
[2026-04-03T03:30:34.084+0600][21.868s][info][gc,phases      ] GC(107)   Post Evacuate Collection Set: 0.73ms
[2026-04-03T03:30:34.084+0600][21.868s][info][gc,phases      ] GC(107)   Other: 0.07ms
[2026-04-03T03:30:34.084+0600][21.868s][info][gc,heap        ] GC(107) Eden regions: 81->0(81)
[2026-04-03T03:30:34.084+0600][21.868s][info][gc,heap        ] GC(107) Survivor regions: 1->1(11)
[2026-04-03T03:30:34.084+0600][21.868s][info][gc,heap        ] GC(107) Old regions: 32->32
[2026-04-03T03:30:34.084+0600][21.868s][info][gc,heap        ] GC(107) Humongous regions: 8->8
[2026-04-03T03:30:34.084+0600][21.868s][info][gc,metaspace   ] GC(107) Metaspace: 66571K(67520K)->66571K(67520K) NonClass: 58222K(58752K)->58222K(58752K) Class: 8349K(8768K)->8349K(8768K)
[2026-04-03T03:30:34.084+0600][21.868s][info][gc             ] GC(107) Pause Young (Prepare Mixed) (G1 Evacuation Pause) 117M->36M(137M) 2.290ms
[2026-04-03T03:30:34.084+0600][21.868s][info][gc,cpu         ] GC(107) User=0.00s Sys=0.00s Real=0.00s
[2026-04-03T03:30:34.135+0600][21.918s][info][gc,start       ] GC(108) Pause Young (Mixed) (G1 Evacuation Pause)
[2026-04-03T03:30:34.135+0600][21.918s][info][gc,task        ] GC(108) Using 3 workers of 10 for evacuation
[2026-04-03T03:30:34.137+0600][21.921s][info][gc,phases      ] GC(108)   Pre Evacuate Collection Set: 0.29ms
[2026-04-03T03:30:34.138+0600][21.921s][info][gc,phases      ] GC(108)   Merge Heap Roots: 0.16ms
[2026-04-03T03:30:34.138+0600][21.921s][info][gc,phases      ] GC(108)   Evacuate Collection Set: 1.36ms
[2026-04-03T03:30:34.138+0600][21.921s][info][gc,phases      ] GC(108)   Post Evacuate Collection Set: 0.50ms
[2026-04-03T03:30:34.138+0600][21.921s][info][gc,phases      ] GC(108)   Other: 0.10ms
[2026-04-03T03:30:34.138+0600][21.921s][info][gc,heap        ] GC(108) Eden regions: 81->0(81)
[2026-04-03T03:30:34.138+0600][21.921s][info][gc,heap        ] GC(108) Survivor regions: 1->1(11)
[2026-04-03T03:30:34.138+0600][21.921s][info][gc,heap        ] GC(108) Old regions: 32->32
[2026-04-03T03:30:34.138+0600][21.921s][info][gc,heap        ] GC(108) Humongous regions: 8->8
[2026-04-03T03:30:34.138+0600][21.921s][info][gc,metaspace   ] GC(108) Metaspace: 66749K(67584K)->66749K(67584K) NonClass: 58369K(58816K)->58369K(58816K) Class: 8380K(8768K)->8380K(8768K)
[2026-04-03T03:30:34.138+0600][21.921s][info][gc             ] GC(108) Pause Young (Mixed) (G1 Evacuation Pause) 117M->36M(137M) 2.697ms
[2026-04-03T03:30:34.138+0600][21.921s][info][gc,cpu         ] GC(108) User=0.00s Sys=0.00s Real=0.00s
[2026-04-03T03:30:34.166+0600][21.949s][info][gc,start       ] GC(109) Pause Young (Concurrent Start) (G1 Humongous Allocation)
[2026-04-03T03:30:34.166+0600][21.950s][info][gc,task        ] GC(109) Using 3 workers of 10 for evacuation
[2026-04-03T03:30:34.169+0600][21.952s][info][gc,phases      ] GC(109)   Pre Evacuate Collection Set: 0.37ms
[2026-04-03T03:30:34.169+0600][21.952s][info][gc,phases      ] GC(109)   Merge Heap Roots: 0.19ms
[2026-04-03T03:30:34.169+0600][21.952s][info][gc,phases      ] GC(109)   Evacuate Collection Set: 1.19ms
[2026-04-03T03:30:34.169+0600][21.952s][info][gc,phases      ] GC(109)   Post Evacuate Collection Set: 0.42ms
[2026-04-03T03:30:34.169+0600][21.952s][info][gc,phases      ] GC(109)   Other: 0.22ms
[2026-04-03T03:30:34.169+0600][21.952s][info][gc,heap        ] GC(109) Eden regions: 35->0(81)
[2026-04-03T03:30:34.169+0600][21.952s][info][gc,heap        ] GC(109) Survivor regions: 1->1(11)
[2026-04-03T03:30:34.169+0600][21.952s][info][gc,heap        ] GC(109) Old regions: 32->32
[2026-04-03T03:30:34.169+0600][21.952s][info][gc,heap        ] GC(109) Humongous regions: 8->8
[2026-04-03T03:30:34.169+0600][21.952s][info][gc,metaspace   ] GC(109) Metaspace: 66919K(67648K)->66919K(67648K) NonClass: 58497K(58880K)->58497K(58880K) Class: 8422K(8768K)->8422K(8768K)
[2026-04-03T03:30:34.169+0600][21.952s][info][gc             ] GC(109) Pause Young (Concurrent Start) (G1 Humongous Allocation) 70M->36M(137M) 2.682ms
[2026-04-03T03:30:34.169+0600][21.952s][info][gc,cpu         ] GC(109) User=0.01s Sys=0.00s Real=0.00s
[2026-04-03T03:30:34.169+0600][21.952s][info][gc             ] GC(110) Concurrent Mark Cycle
[2026-04-03T03:30:34.169+0600][21.953s][info][gc,marking     ] GC(110) Concurrent Scan Root Regions
[2026-04-03T03:30:34.170+0600][21.954s][info][gc,marking     ] GC(110) Concurrent Scan Root Regions 1.147ms
[2026-04-03T03:30:34.170+0600][21.954s][info][gc,marking     ] GC(110) Concurrent Mark
[2026-04-03T03:30:34.170+0600][21.954s][info][gc,marking     ] GC(110) Concurrent Mark From Roots
[2026-04-03T03:30:34.170+0600][21.954s][info][gc,task        ] GC(110) Using 3 workers of 3 for marking
[2026-04-03T03:30:34.191+0600][21.975s][info][gc,marking     ] GC(110) Concurrent Mark From Roots 20.981ms
[2026-04-03T03:30:34.191+0600][21.975s][info][gc,marking     ] GC(110) Concurrent Preclean
[2026-04-03T03:30:34.192+0600][21.975s][info][gc,marking     ] GC(110) Concurrent Preclean 0.169ms
[2026-04-03T03:30:34.192+0600][21.975s][info][gc,start       ] GC(110) Pause Remark
[2026-04-03T03:30:34.197+0600][21.981s][info][gc             ] GC(110) Pause Remark 56M->56M(137M) 5.371ms
[2026-04-03T03:30:34.197+0600][21.981s][info][gc,cpu         ] GC(110) User=0.02s Sys=0.00s Real=0.00s
[2026-04-03T03:30:34.198+0600][21.981s][info][gc,marking     ] GC(110) Concurrent Mark 27.220ms
[2026-04-03T03:30:34.198+0600][21.981s][info][gc,marking     ] GC(110) Concurrent Rebuild Remembered Sets and Scrub Regions
[2026-04-03T03:30:34.207+0600][21.990s][info][gc,marking     ] GC(110) Concurrent Rebuild Remembered Sets and Scrub Regions 9.476ms
[2026-04-03T03:30:34.207+0600][21.991s][info][gc,start       ] GC(110) Pause Cleanup
[2026-04-03T03:30:34.208+0600][21.991s][info][gc             ] GC(110) Pause Cleanup 66M->66M(137M) 0.203ms
[2026-04-03T03:30:34.208+0600][21.991s][info][gc,cpu         ] GC(110) User=0.00s Sys=0.00s Real=0.00s
[2026-04-03T03:30:34.208+0600][21.991s][info][gc,marking     ] GC(110) Concurrent Clear Claimed Marks
[2026-04-03T03:30:34.208+0600][21.991s][info][gc,marking     ] GC(110) Concurrent Clear Claimed Marks 0.172ms
[2026-04-03T03:30:34.208+0600][21.991s][info][gc,marking     ] GC(110) Concurrent Cleanup for Next Mark
[2026-04-03T03:30:34.208+0600][21.992s][info][gc,marking     ] GC(110) Concurrent Cleanup for Next Mark 0.265ms
[2026-04-03T03:30:34.208+0600][21.992s][info][gc             ] GC(110) Concurrent Mark Cycle 39.376ms
[2026-04-03T03:30:34.249+0600][22.032s][info][gc,start       ] GC(111) Pause Young (Prepare Mixed) (G1 Evacuation Pause)
[2026-04-03T03:30:34.249+0600][22.032s][info][gc,task        ] GC(111) Using 3 workers of 10 for evacuation
[2026-04-03T03:30:34.251+0600][22.035s][info][gc,phases      ] GC(111)   Pre Evacuate Collection Set: 0.27ms
[2026-04-03T03:30:34.251+0600][22.035s][info][gc,phases      ] GC(111)   Merge Heap Roots: 0.28ms
[2026-04-03T03:30:34.251+0600][22.035s][info][gc,phases      ] GC(111)   Evacuate Collection Set: 1.19ms
[2026-04-03T03:30:34.251+0600][22.035s][info][gc,phases      ] GC(111)   Post Evacuate Collection Set: 0.73ms
[2026-04-03T03:30:34.251+0600][22.035s][info][gc,phases      ] GC(111)   Other: 0.09ms
[2026-04-03T03:30:34.251+0600][22.035s][info][gc,heap        ] GC(111) Eden regions: 81->0(81)
[2026-04-03T03:30:34.251+0600][22.035s][info][gc,heap        ] GC(111) Survivor regions: 1->1(11)
[2026-04-03T03:30:34.251+0600][22.035s][info][gc,heap        ] GC(111) Old regions: 32->32
[2026-04-03T03:30:34.251+0600][22.035s][info][gc,heap        ] GC(111) Humongous regions: 10->8
[2026-04-03T03:30:34.251+0600][22.035s][info][gc,metaspace   ] GC(111) Metaspace: 67244K(68032K)->67244K(68032K) NonClass: 58755K(59200K)->58755K(59200K) Class: 8489K(8832K)->8489K(8832K)
[2026-04-03T03:30:34.251+0600][22.035s][info][gc             ] GC(111) Pause Young (Prepare Mixed) (G1 Evacuation Pause) 119M->36M(137M) 2.788ms
[2026-04-03T03:30:34.251+0600][22.035s][info][gc,cpu         ] GC(111) User=0.01s Sys=0.00s Real=0.01s
[2026-04-03T03:30:34.962+0600][22.746s][info][gc,start       ] GC(112) Pause Young (Mixed) (G1 Evacuation Pause)
[2026-04-03T03:30:34.962+0600][22.746s][info][gc,task        ] GC(112) Using 3 workers of 10 for evacuation
[2026-04-03T03:30:34.968+0600][22.752s][info][gc,phases      ] GC(112)   Pre Evacuate Collection Set: 0.21ms
[2026-04-03T03:30:34.968+0600][22.752s][info][gc,phases      ] GC(112)   Merge Heap Roots: 0.21ms
[2026-04-03T03:30:34.968+0600][22.752s][info][gc,phases      ] GC(112)   Evacuate Collection Set: 4.12ms
[2026-04-03T03:30:34.968+0600][22.752s][info][gc,phases      ] GC(112)   Post Evacuate Collection Set: 1.43ms
[2026-04-03T03:30:34.968+0600][22.752s][info][gc,phases      ] GC(112)   Other: 0.12ms
[2026-04-03T03:30:34.969+0600][22.752s][info][gc,heap        ] GC(112) Eden regions: 81->0(121)
[2026-04-03T03:30:34.969+0600][22.752s][info][gc,heap        ] GC(112) Survivor regions: 1->3(11)
[2026-04-03T03:30:34.969+0600][22.752s][info][gc,heap        ] GC(112) Old regions: 32->31
[2026-04-03T03:30:34.969+0600][22.752s][info][gc,heap        ] GC(112) Humongous regions: 17->8
[2026-04-03T03:30:34.969+0600][22.752s][info][gc,metaspace   ] GC(112) Metaspace: 68821K(69696K)->68821K(69696K) NonClass: 60066K(60544K)->60066K(60544K) Class: 8755K(9152K)->8755K(9152K)
[2026-04-03T03:30:34.969+0600][22.752s][info][gc             ] GC(112) Pause Young (Mixed) (G1 Evacuation Pause) 126M->38M(208M) 6.395ms
[2026-04-03T03:30:34.969+0600][22.752s][info][gc,cpu         ] GC(112) User=0.02s Sys=0.00s Real=0.00s
[2026-04-03T03:30:35.238+0600][23.021s][info][gc,start       ] GC(113) Pause Young (Concurrent Start) (G1 Humongous Allocation)
[2026-04-03T03:30:35.238+0600][23.021s][info][gc,task        ] GC(113) Using 5 workers of 10 for evacuation
[2026-04-03T03:30:35.247+0600][23.031s][info][gc,phases      ] GC(113)   Pre Evacuate Collection Set: 0.41ms
[2026-04-03T03:30:35.248+0600][23.031s][info][gc,phases      ] GC(113)   Merge Heap Roots: 0.18ms
[2026-04-03T03:30:35.248+0600][23.031s][info][gc,phases      ] GC(113)   Evacuate Collection Set: 8.06ms
[2026-04-03T03:30:35.248+0600][23.031s][info][gc,phases      ] GC(113)   Post Evacuate Collection Set: 0.88ms
[2026-04-03T03:30:35.248+0600][23.031s][info][gc,phases      ] GC(113)   Other: 0.27ms
[2026-04-03T03:30:35.248+0600][23.031s][info][gc,heap        ] GC(113) Eden regions: 84->0(111)
[2026-04-03T03:30:35.248+0600][23.031s][info][gc,heap        ] GC(113) Survivor regions: 3->13(16)
[2026-04-03T03:30:35.248+0600][23.031s][info][gc,heap        ] GC(113) Old regions: 31->31
[2026-04-03T03:30:35.248+0600][23.031s][info][gc,heap        ] GC(113) Humongous regions: 8->8
[2026-04-03T03:30:35.248+0600][23.031s][info][gc,metaspace   ] GC(113) Metaspace: 68830K(69696K)->68830K(69696K) NonClass: 60075K(60544K)->60075K(60544K) Class: 8755K(9152K)->8755K(9152K)
[2026-04-03T03:30:35.248+0600][23.031s][info][gc             ] GC(113) Pause Young (Concurrent Start) (G1 Humongous Allocation) 121M->48M(208M) 10.107ms
[2026-04-03T03:30:35.248+0600][23.031s][info][gc,cpu         ] GC(113) User=0.02s Sys=0.02s Real=0.01s
[2026-04-03T03:30:35.248+0600][23.031s][info][gc             ] GC(114) Concurrent Mark Cycle
[2026-04-03T03:30:35.248+0600][23.031s][info][gc,marking     ] GC(114) Concurrent Scan Root Regions
[2026-04-03T03:30:35.252+0600][23.035s][info][gc,marking     ] GC(114) Concurrent Scan Root Regions 3.720ms
[2026-04-03T03:30:35.252+0600][23.035s][info][gc,marking     ] GC(114) Concurrent Mark
[2026-04-03T03:30:35.252+0600][23.035s][info][gc,marking     ] GC(114) Concurrent Mark From Roots
[2026-04-03T03:30:35.252+0600][23.035s][info][gc,task        ] GC(114) Using 3 workers of 3 for marking
[2026-04-03T03:30:35.270+0600][23.053s][info][gc,marking     ] GC(114) Concurrent Mark From Roots 17.916ms
[2026-04-03T03:30:35.270+0600][23.053s][info][gc,marking     ] GC(114) Concurrent Preclean
[2026-04-03T03:30:35.270+0600][23.053s][info][gc,marking     ] GC(114) Concurrent Preclean 0.126ms
[2026-04-03T03:30:35.270+0600][23.053s][info][gc,start       ] GC(114) Pause Remark
[2026-04-03T03:30:35.275+0600][23.058s][info][gc             ] GC(114) Pause Remark 63M->63M(184M) 4.982ms
[2026-04-03T03:30:35.275+0600][23.059s][info][gc,cpu         ] GC(114) User=0.02s Sys=0.00s Real=0.00s
[2026-04-03T03:30:35.275+0600][23.059s][info][gc,marking     ] GC(114) Concurrent Mark 23.679ms
[2026-04-03T03:30:35.275+0600][23.059s][info][gc,marking     ] GC(114) Concurrent Rebuild Remembered Sets and Scrub Regions
[2026-04-03T03:30:35.288+0600][23.072s][info][gc,marking     ] GC(114) Concurrent Rebuild Remembered Sets and Scrub Regions 12.848ms
[2026-04-03T03:30:35.289+0600][23.072s][info][gc,start       ] GC(114) Pause Cleanup
[2026-04-03T03:30:35.289+0600][23.072s][info][gc             ] GC(114) Pause Cleanup 72M->72M(184M) 0.298ms
[2026-04-03T03:30:35.289+0600][23.072s][info][gc,cpu         ] GC(114) User=0.00s Sys=0.00s Real=0.00s
[2026-04-03T03:30:35.289+0600][23.073s][info][gc,marking     ] GC(114) Concurrent Clear Claimed Marks
[2026-04-03T03:30:35.289+0600][23.073s][info][gc,marking     ] GC(114) Concurrent Clear Claimed Marks 0.235ms
[2026-04-03T03:30:35.289+0600][23.073s][info][gc,marking     ] GC(114) Concurrent Cleanup for Next Mark
[2026-04-03T03:30:35.290+0600][23.074s][info][gc,marking     ] GC(114) Concurrent Cleanup for Next Mark 0.853ms
[2026-04-03T03:30:35.290+0600][23.074s][info][gc             ] GC(114) Concurrent Mark Cycle 42.582ms
[2026-04-03T03:30:35.482+0600][23.265s][info][gc,start       ] GC(115) Pause Young (Prepare Mixed) (G1 Evacuation Pause)
[2026-04-03T03:30:35.482+0600][23.265s][info][gc,task        ] GC(115) Using 4 workers of 10 for evacuation
[2026-04-03T03:30:35.508+0600][23.292s][info][gc,phases      ] GC(115)   Pre Evacuate Collection Set: 0.38ms
[2026-04-03T03:30:35.508+0600][23.292s][info][gc,phases      ] GC(115)   Merge Heap Roots: 0.32ms
[2026-04-03T03:30:35.508+0600][23.292s][info][gc,phases      ] GC(115)   Evacuate Collection Set: 25.05ms
[2026-04-03T03:30:35.508+0600][23.292s][info][gc,phases      ] GC(115)   Post Evacuate Collection Set: 0.49ms
[2026-04-03T03:30:35.508+0600][23.292s][info][gc,phases      ] GC(115)   Other: 0.11ms
[2026-04-03T03:30:35.508+0600][23.292s][info][gc,heap        ] GC(115) Eden regions: 97->0(87)
[2026-04-03T03:30:35.508+0600][23.292s][info][gc,heap        ] GC(115) Survivor regions: 13->14(14)
[2026-04-03T03:30:35.508+0600][23.292s][info][gc,heap        ] GC(115) Old regions: 31->45
[2026-04-03T03:30:35.508+0600][23.292s][info][gc,heap        ] GC(115) Humongous regions: 17->17
[2026-04-03T03:30:35.508+0600][23.292s][info][gc,metaspace   ] GC(115) Metaspace: 69097K(70016K)->69097K(70016K) NonClass: 60281K(60800K)->60281K(60800K) Class: 8816K(9216K)->8816K(9216K)
[2026-04-03T03:30:35.509+0600][23.292s][info][gc             ] GC(115) Pause Young (Prepare Mixed) (G1 Evacuation Pause) 154M->72M(186M) 26.640ms
[2026-04-03T03:30:35.509+0600][23.292s][info][gc,cpu         ] GC(115) User=0.12s Sys=0.01s Real=0.02s
[2026-04-03T03:30:35.669+0600][23.452s][info][gc,start       ] GC(116) Pause Young (Mixed) (G1 Evacuation Pause)
[2026-04-03T03:30:35.669+0600][23.452s][info][gc,task        ] GC(116) Using 4 workers of 10 for evacuation
[2026-04-03T03:30:35.698+0600][23.481s][info][gc,phases      ] GC(116)   Pre Evacuate Collection Set: 0.30ms
[2026-04-03T03:30:35.698+0600][23.481s][info][gc,phases      ] GC(116)   Merge Heap Roots: 0.55ms
[2026-04-03T03:30:35.698+0600][23.481s][info][gc,phases      ] GC(116)   Evacuate Collection Set: 27.53ms
[2026-04-03T03:30:35.698+0600][23.481s][info][gc,phases      ] GC(116)   Post Evacuate Collection Set: 0.61ms
[2026-04-03T03:30:35.698+0600][23.481s][info][gc,phases      ] GC(116)   Other: 0.09ms
[2026-04-03T03:30:35.698+0600][23.481s][info][gc,heap        ] GC(116) Eden regions: 87->0(76)
[2026-04-03T03:30:35.698+0600][23.481s][info][gc,heap        ] GC(116) Survivor regions: 14->13(13)
[2026-04-03T03:30:35.698+0600][23.481s][info][gc,heap        ] GC(116) Old regions: 45->61
[2026-04-03T03:30:35.698+0600][23.481s][info][gc,heap        ] GC(116) Humongous regions: 23->23
[2026-04-03T03:30:35.698+0600][23.481s][info][gc,metaspace   ] GC(116) Metaspace: 69098K(70016K)->69098K(70016K) NonClass: 60281K(60800K)->60281K(60800K) Class: 8816K(9216K)->8816K(9216K)
[2026-04-03T03:30:35.698+0600][23.481s][info][gc             ] GC(116) Pause Young (Mixed) (G1 Evacuation Pause) 165M->94M(200M) 29.321ms
[2026-04-03T03:30:35.698+0600][23.481s][info][gc,cpu         ] GC(116) User=0.10s Sys=0.01s Real=0.03s
[2026-04-03T03:30:35.704+0600][23.487s][info][gc,start       ] GC(117) Pause Young (Concurrent Start) (G1 Humongous Allocation)
[2026-04-03T03:30:35.704+0600][23.487s][info][gc,task        ] GC(117) Using 4 workers of 10 for evacuation
[2026-04-03T03:30:35.718+0600][23.501s][info][gc,phases      ] GC(117)   Pre Evacuate Collection Set: 0.37ms
[2026-04-03T03:30:35.718+0600][23.501s][info][gc,phases      ] GC(117)   Merge Heap Roots: 0.18ms
[2026-04-03T03:30:35.718+0600][23.501s][info][gc,phases      ] GC(117)   Evacuate Collection Set: 12.47ms
[2026-04-03T03:30:35.718+0600][23.501s][info][gc,phases      ] GC(117)   Post Evacuate Collection Set: 0.66ms
[2026-04-03T03:30:35.718+0600][23.501s][info][gc,phases      ] GC(117)   Other: 0.15ms
[2026-04-03T03:30:35.718+0600][23.501s][info][gc,heap        ] GC(117) Eden regions: 5->0(65)
[2026-04-03T03:30:35.718+0600][23.501s][info][gc,heap        ] GC(117) Survivor regions: 13->2(12)
[2026-04-03T03:30:35.718+0600][23.501s][info][gc,heap        ] GC(117) Old regions: 61->75
[2026-04-03T03:30:35.718+0600][23.501s][info][gc,heap        ] GC(117) Humongous regions: 23->23
[2026-04-03T03:30:35.718+0600][23.501s][info][gc,metaspace   ] GC(117) Metaspace: 69098K(70016K)->69098K(70016K) NonClass: 60281K(60800K)->60281K(60800K) Class: 8816K(9216K)->8816K(9216K)
[2026-04-03T03:30:35.718+0600][23.501s][info][gc             ] GC(117) Pause Young (Concurrent Start) (G1 Humongous Allocation) 98M->96M(200M) 14.074ms
[2026-04-03T03:30:35.718+0600][23.501s][info][gc,cpu         ] GC(117) User=0.05s Sys=0.00s Real=0.01s
[2026-04-03T03:30:35.718+0600][23.501s][info][gc             ] GC(118) Concurrent Mark Cycle
[2026-04-03T03:30:35.718+0600][23.501s][info][gc,marking     ] GC(118) Concurrent Scan Root Regions
[2026-04-03T03:30:35.722+0600][23.505s][info][gc,marking     ] GC(118) Concurrent Scan Root Regions 3.455ms
[2026-04-03T03:30:35.722+0600][23.505s][info][gc,marking     ] GC(118) Concurrent Mark
[2026-04-03T03:30:35.722+0600][23.505s][info][gc,marking     ] GC(118) Concurrent Mark From Roots
[2026-04-03T03:30:35.722+0600][23.505s][info][gc,task        ] GC(118) Using 3 workers of 3 for marking
[2026-04-03T03:30:35.770+0600][23.553s][info][gc,marking     ] GC(118) Concurrent Mark From Roots 48.236ms
[2026-04-03T03:30:35.770+0600][23.553s][info][gc,marking     ] GC(118) Concurrent Preclean
[2026-04-03T03:30:35.770+0600][23.554s][info][gc,marking     ] GC(118) Concurrent Preclean 0.162ms
[2026-04-03T03:30:35.770+0600][23.554s][info][gc,start       ] GC(118) Pause Remark
[2026-04-03T03:30:35.782+0600][23.565s][info][gc             ] GC(118) Pause Remark 121M->114M(200M) 11.626ms
[2026-04-03T03:30:35.782+0600][23.565s][info][gc,cpu         ] GC(118) User=0.04s Sys=0.00s Real=0.01s
[2026-04-03T03:30:35.782+0600][23.566s][info][gc,marking     ] GC(118) Concurrent Mark 60.638ms
[2026-04-03T03:30:35.782+0600][23.566s][info][gc,marking     ] GC(118) Concurrent Rebuild Remembered Sets and Scrub Regions
[2026-04-03T03:30:35.822+0600][23.605s][info][gc,marking     ] GC(118) Concurrent Rebuild Remembered Sets and Scrub Regions 39.259ms
[2026-04-03T03:30:35.822+0600][23.605s][info][gc,start       ] GC(118) Pause Cleanup
[2026-04-03T03:30:35.822+0600][23.606s][info][gc             ] GC(118) Pause Cleanup 136M->136M(200M) 0.348ms
[2026-04-03T03:30:35.822+0600][23.606s][info][gc,cpu         ] GC(118) User=0.00s Sys=0.00s Real=0.00s
[2026-04-03T03:30:35.822+0600][23.606s][info][gc,marking     ] GC(118) Concurrent Clear Claimed Marks
[2026-04-03T03:30:35.823+0600][23.606s][info][gc,marking     ] GC(118) Concurrent Clear Claimed Marks 0.199ms
[2026-04-03T03:30:35.823+0600][23.606s][info][gc,marking     ] GC(118) Concurrent Cleanup for Next Mark
[2026-04-03T03:30:35.823+0600][23.606s][info][gc,marking     ] GC(118) Concurrent Cleanup for Next Mark 0.438ms
[2026-04-03T03:30:35.823+0600][23.607s][info][gc             ] GC(118) Concurrent Mark Cycle 105.181ms
[2026-04-03T03:30:35.854+0600][23.637s][info][gc,start       ] GC(119) Pause Young (Prepare Mixed) (G1 Evacuation Pause)
[2026-04-03T03:30:35.854+0600][23.637s][info][gc,task        ] GC(119) Using 4 workers of 10 for evacuation
[2026-04-03T03:30:35.870+0600][23.653s][info][gc,phases      ] GC(119)   Pre Evacuate Collection Set: 0.34ms
[2026-04-03T03:30:35.870+0600][23.653s][info][gc,phases      ] GC(119)   Merge Heap Roots: 0.75ms
[2026-04-03T03:30:35.870+0600][23.653s][info][gc,phases      ] GC(119)   Evacuate Collection Set: 14.36ms
[2026-04-03T03:30:35.870+0600][23.653s][info][gc,phases      ] GC(119)   Post Evacuate Collection Set: 0.56ms
[2026-04-03T03:30:35.870+0600][23.653s][info][gc,phases      ] GC(119)   Other: 0.07ms
[2026-04-03T03:30:35.870+0600][23.653s][info][gc,heap        ] GC(119) Eden regions: 65->0(58)
[2026-04-03T03:30:35.870+0600][23.653s][info][gc,heap        ] GC(119) Survivor regions: 2->9(9)
[2026-04-03T03:30:35.870+0600][23.653s][info][gc,heap        ] GC(119) Old regions: 75->82
[2026-04-03T03:30:35.870+0600][23.653s][info][gc,heap        ] GC(119) Humongous regions: 19->19
[2026-04-03T03:30:35.870+0600][23.653s][info][gc,metaspace   ] GC(119) Metaspace: 69041K(70016K)->69041K(70016K) NonClass: 60242K(60800K)->60242K(60800K) Class: 8799K(9216K)->8799K(9216K)
[2026-04-03T03:30:35.870+0600][23.653s][info][gc             ] GC(119) Pause Young (Prepare Mixed) (G1 Evacuation Pause) 157M->107M(200M) 16.334ms
[2026-04-03T03:30:35.870+0600][23.653s][info][gc,cpu         ] GC(119) User=0.06s Sys=0.00s Real=0.02s
[2026-04-03T03:30:35.950+0600][23.733s][info][gc,start       ] GC(120) Pause Young (Mixed) (G1 Evacuation Pause)
[2026-04-03T03:30:35.950+0600][23.733s][info][gc,task        ] GC(120) Using 4 workers of 10 for evacuation
[2026-04-03T03:30:35.968+0600][23.752s][info][gc,phases      ] GC(120)   Pre Evacuate Collection Set: 0.26ms
[2026-04-03T03:30:35.968+0600][23.752s][info][gc,phases      ] GC(120)   Merge Heap Roots: 0.29ms
[2026-04-03T03:30:35.968+0600][23.752s][info][gc,phases      ] GC(120)   Evacuate Collection Set: 17.03ms
[2026-04-03T03:30:35.968+0600][23.752s][info][gc,phases      ] GC(120)   Post Evacuate Collection Set: 0.75ms
[2026-04-03T03:30:35.968+0600][23.752s][info][gc,phases      ] GC(120)   Other: 0.09ms
[2026-04-03T03:30:35.968+0600][23.752s][info][gc,heap        ] GC(120) Eden regions: 58->0(50)
[2026-04-03T03:30:35.968+0600][23.752s][info][gc,heap        ] GC(120) Survivor regions: 9->9(9)
[2026-04-03T03:30:35.968+0600][23.752s][info][gc,heap        ] GC(120) Old regions: 82->94
[2026-04-03T03:30:35.968+0600][23.752s][info][gc,heap        ] GC(120) Humongous regions: 19->19
[2026-04-03T03:30:35.968+0600][23.752s][info][gc,metaspace   ] GC(120) Metaspace: 69041K(70016K)->69041K(70016K) NonClass: 60242K(60800K)->60242K(60800K) Class: 8799K(9216K)->8799K(9216K)
[2026-04-03T03:30:35.968+0600][23.752s][info][gc             ] GC(120) Pause Young (Mixed) (G1 Evacuation Pause) 165M->120M(200M) 18.708ms
[2026-04-03T03:30:35.968+0600][23.752s][info][gc,cpu         ] GC(120) User=0.07s Sys=0.00s Real=0.01s
[2026-04-03T03:30:36.032+0600][23.816s][info][gc,start       ] GC(121) Pause Young (Concurrent Start) (G1 Evacuation Pause)
[2026-04-03T03:30:36.032+0600][23.816s][info][gc,task        ] GC(121) Using 4 workers of 10 for evacuation
[2026-04-03T03:30:36.047+0600][23.830s][info][gc,phases      ] GC(121)   Pre Evacuate Collection Set: 0.45ms
[2026-04-03T03:30:36.047+0600][23.830s][info][gc,phases      ] GC(121)   Merge Heap Roots: 0.23ms
[2026-04-03T03:30:36.047+0600][23.830s][info][gc,phases      ] GC(121)   Evacuate Collection Set: 11.64ms
[2026-04-03T03:30:36.047+0600][23.830s][info][gc,phases      ] GC(121)   Post Evacuate Collection Set: 2.02ms
[2026-04-03T03:30:36.047+0600][23.830s][info][gc,phases      ] GC(121)   Other: 0.17ms
[2026-04-03T03:30:36.047+0600][23.830s][info][gc,heap        ] GC(121) Eden regions: 50->0(240)
[2026-04-03T03:30:36.047+0600][23.830s][info][gc,heap        ] GC(121) Survivor regions: 9->7(8)
[2026-04-03T03:30:36.047+0600][23.830s][info][gc,heap        ] GC(121) Old regions: 94->104
[2026-04-03T03:30:36.047+0600][23.830s][info][gc,heap        ] GC(121) Humongous regions: 19->19
[2026-04-03T03:30:36.047+0600][23.830s][info][gc,metaspace   ] GC(121) Metaspace: 69042K(70016K)->69042K(70016K) NonClass: 60242K(60800K)->60242K(60800K) Class: 8799K(9216K)->8799K(9216K)
[2026-04-03T03:30:36.047+0600][23.830s][info][gc             ] GC(121) Pause Young (Concurrent Start) (G1 Evacuation Pause) 170M->128M(483M) 14.755ms
[2026-04-03T03:30:36.047+0600][23.830s][info][gc,cpu         ] GC(121) User=0.05s Sys=0.00s Real=0.01s
[2026-04-03T03:30:36.047+0600][23.830s][info][gc             ] GC(122) Concurrent Mark Cycle
[2026-04-03T03:30:36.047+0600][23.830s][info][gc,marking     ] GC(122) Concurrent Scan Root Regions
[2026-04-03T03:30:36.051+0600][23.834s][info][gc,marking     ] GC(122) Concurrent Scan Root Regions 3.704ms
[2026-04-03T03:30:36.051+0600][23.834s][info][gc,marking     ] GC(122) Concurrent Mark
[2026-04-03T03:30:36.051+0600][23.834s][info][gc,marking     ] GC(122) Concurrent Mark From Roots
[2026-04-03T03:30:36.051+0600][23.834s][info][gc,task        ] GC(122) Using 3 workers of 3 for marking
[2026-04-03T03:30:36.125+0600][23.908s][info][gc,marking     ] GC(122) Concurrent Mark From Roots 73.933ms
[2026-04-03T03:30:36.125+0600][23.908s][info][gc,marking     ] GC(122) Concurrent Preclean
[2026-04-03T03:30:36.125+0600][23.908s][info][gc,marking     ] GC(122) Concurrent Preclean 0.207ms
[2026-04-03T03:30:36.125+0600][23.909s][info][gc,start       ] GC(122) Pause Remark
[2026-04-03T03:30:36.130+0600][23.914s][info][gc             ] GC(122) Pause Remark 151M->149M(444M) 5.066ms
[2026-04-03T03:30:36.130+0600][23.914s][info][gc,cpu         ] GC(122) User=0.01s Sys=0.00s Real=0.01s
[2026-04-03T03:30:36.131+0600][23.914s][info][gc,marking     ] GC(122) Concurrent Mark 79.805ms
[2026-04-03T03:30:36.131+0600][23.914s][info][gc,marking     ] GC(122) Concurrent Rebuild Remembered Sets and Scrub Regions
[2026-04-03T03:30:36.181+0600][23.965s][info][gc,marking     ] GC(122) Concurrent Rebuild Remembered Sets and Scrub Regions 50.744ms
[2026-04-03T03:30:36.182+0600][23.965s][info][gc,start       ] GC(122) Pause Cleanup
[2026-04-03T03:30:36.182+0600][23.966s][info][gc             ] GC(122) Pause Cleanup 174M->174M(444M) 0.474ms
[2026-04-03T03:30:36.182+0600][23.966s][info][gc,cpu         ] GC(122) User=0.00s Sys=0.00s Real=0.00s
[2026-04-03T03:30:36.182+0600][23.966s][info][gc,marking     ] GC(122) Concurrent Clear Claimed Marks
[2026-04-03T03:30:36.183+0600][23.966s][info][gc,marking     ] GC(122) Concurrent Clear Claimed Marks 0.256ms
[2026-04-03T03:30:36.183+0600][23.966s][info][gc,marking     ] GC(122) Concurrent Cleanup for Next Mark
[2026-04-03T03:30:36.185+0600][23.968s][info][gc,marking     ] GC(122) Concurrent Cleanup for Next Mark 2.100ms
[2026-04-03T03:30:36.185+0600][23.968s][info][gc             ] GC(122) Concurrent Mark Cycle 137.948ms
[2026-04-03T03:30:36.598+0600][24.382s][info][gc,start       ] GC(123) Pause Young (Prepare Mixed) (G1 Evacuation Pause)
[2026-04-03T03:30:36.598+0600][24.382s][info][gc,task        ] GC(123) Using 10 workers of 10 for evacuation
[2026-04-03T03:30:36.629+0600][24.413s][info][gc,phases      ] GC(123)   Pre Evacuate Collection Set: 0.31ms
[2026-04-03T03:30:36.630+0600][24.413s][info][gc,phases      ] GC(123)   Merge Heap Roots: 0.93ms
[2026-04-03T03:30:36.630+0600][24.413s][info][gc,phases      ] GC(123)   Evacuate Collection Set: 28.96ms
[2026-04-03T03:30:36.630+0600][24.413s][info][gc,phases      ] GC(123)   Post Evacuate Collection Set: 0.89ms
[2026-04-03T03:30:36.630+0600][24.413s][info][gc,phases      ] GC(123)   Other: 0.16ms
[2026-04-03T03:30:36.630+0600][24.413s][info][gc,heap        ] GC(123) Eden regions: 240->0(178)
[2026-04-03T03:30:36.630+0600][24.413s][info][gc,heap        ] GC(123) Survivor regions: 7->31(31)
[2026-04-03T03:30:36.630+0600][24.413s][info][gc,heap        ] GC(123) Old regions: 104->113
[2026-04-03T03:30:36.630+0600][24.413s][info][gc,heap        ] GC(123) Humongous regions: 37->37
[2026-04-03T03:30:36.630+0600][24.413s][info][gc,metaspace   ] GC(123) Metaspace: 69297K(70144K)->69297K(70144K) NonClass: 60457K(60928K)->60457K(60928K) Class: 8840K(9216K)->8840K(9216K)
[2026-04-03T03:30:36.630+0600][24.413s][info][gc             ] GC(123) Pause Young (Prepare Mixed) (G1 Evacuation Pause) 386M->178M(444M) 31.531ms
[2026-04-03T03:30:36.630+0600][24.413s][info][gc,cpu         ] GC(123) User=0.30s Sys=0.01s Real=0.04s
[2026-04-03T03:30:36.990+0600][24.774s][info][gc,start       ] GC(124) Pause Young (Mixed) (G1 Evacuation Pause)
[2026-04-03T03:30:36.990+0600][24.774s][info][gc,task        ] GC(124) Using 10 workers of 10 for evacuation
[2026-04-03T03:30:37.051+0600][24.834s][info][gc,phases      ] GC(124)   Pre Evacuate Collection Set: 0.23ms
[2026-04-03T03:30:37.051+0600][24.834s][info][gc,phases      ] GC(124)   Merge Heap Roots: 0.94ms
[2026-04-03T03:30:37.051+0600][24.834s][info][gc,phases      ] GC(124)   Evacuate Collection Set: 58.60ms
[2026-04-03T03:30:37.051+0600][24.834s][info][gc,phases      ] GC(124)   Post Evacuate Collection Set: 0.55ms
[2026-04-03T03:30:37.051+0600][24.834s][info][gc,phases      ] GC(124)   Other: 0.11ms
[2026-04-03T03:30:37.051+0600][24.834s][info][gc,heap        ] GC(124) Eden regions: 178->0(137)
[2026-04-03T03:30:37.051+0600][24.834s][info][gc,heap        ] GC(124) Survivor regions: 31->27(27)
[2026-04-03T03:30:37.051+0600][24.834s][info][gc,heap        ] GC(124) Old regions: 113->163
[2026-04-03T03:30:37.051+0600][24.834s][info][gc,heap        ] GC(124) Humongous regions: 64->64
[2026-04-03T03:30:37.051+0600][24.834s][info][gc,metaspace   ] GC(124) Metaspace: 69506K(70400K)->69506K(70400K) NonClass: 60646K(61120K)->60646K(61120K) Class: 8859K(9280K)->8859K(9280K)
[2026-04-03T03:30:37.051+0600][24.834s][info][gc             ] GC(124) Pause Young (Mixed) (G1 Evacuation Pause) 383M->252M(465M) 60.744ms
[2026-04-03T03:30:37.051+0600][24.834s][info][gc,cpu         ] GC(124) User=0.57s Sys=0.02s Real=0.06s
[2026-04-03T03:30:37.082+0600][24.865s][info][gc,start       ] GC(125) Pause Young (Concurrent Start) (G1 Humongous Allocation)
[2026-04-03T03:30:37.082+0600][24.865s][info][gc,task        ] GC(125) Using 10 workers of 10 for evacuation
[2026-04-03T03:30:37.101+0600][24.884s][info][gc,phases      ] GC(125)   Pre Evacuate Collection Set: 0.32ms
[2026-04-03T03:30:37.101+0600][24.885s][info][gc,phases      ] GC(125)   Merge Heap Roots: 0.18ms
[2026-04-03T03:30:37.101+0600][24.885s][info][gc,phases      ] GC(125)   Evacuate Collection Set: 17.85ms
[2026-04-03T03:30:37.101+0600][24.885s][info][gc,phases      ] GC(125)   Post Evacuate Collection Set: 0.66ms
[2026-04-03T03:30:37.101+0600][24.885s][info][gc,phases      ] GC(125)   Other: 0.09ms
[2026-04-03T03:30:37.101+0600][24.885s][info][gc,heap        ] GC(125) Eden regions: 9->0(122)
[2026-04-03T03:30:37.101+0600][24.885s][info][gc,heap        ] GC(125) Survivor regions: 27->5(21)
[2026-04-03T03:30:37.101+0600][24.885s][info][gc,heap        ] GC(125) Old regions: 163->193
[2026-04-03T03:30:37.101+0600][24.885s][info][gc,heap        ] GC(125) Humongous regions: 64->64
[2026-04-03T03:30:37.101+0600][24.885s][info][gc,metaspace   ] GC(125) Metaspace: 69507K(70400K)->69507K(70400K) NonClass: 60647K(61120K)->60647K(61120K) Class: 8859K(9280K)->8859K(9280K)
[2026-04-03T03:30:37.101+0600][24.885s][info][gc             ] GC(125) Pause Young (Concurrent Start) (G1 Humongous Allocation) 260M->259M(465M) 19.421ms
[2026-04-03T03:30:37.101+0600][24.885s][info][gc,cpu         ] GC(125) User=0.20s Sys=0.00s Real=0.02s
[2026-04-03T03:30:37.101+0600][24.885s][info][gc             ] GC(126) Concurrent Mark Cycle
[2026-04-03T03:30:37.102+0600][24.885s][info][gc,marking     ] GC(126) Concurrent Scan Root Regions
[2026-04-03T03:30:37.134+0600][24.917s][info][gc,marking     ] GC(126) Concurrent Scan Root Regions 32.264ms
[2026-04-03T03:30:37.134+0600][24.917s][info][gc,marking     ] GC(126) Concurrent Mark
[2026-04-03T03:30:37.134+0600][24.917s][info][gc,marking     ] GC(126) Concurrent Mark From Roots
[2026-04-03T03:30:37.134+0600][24.917s][info][gc,task        ] GC(126) Using 3 workers of 3 for marking
[2026-04-03T03:30:37.341+0600][25.124s][info][gc,marking     ] GC(126) Concurrent Mark From Roots 206.593ms
[2026-04-03T03:30:37.341+0600][25.124s][info][gc,marking     ] GC(126) Concurrent Preclean
[2026-04-03T03:30:37.341+0600][25.124s][info][gc,marking     ] GC(126) Concurrent Preclean 0.351ms
[2026-04-03T03:30:37.341+0600][25.125s][info][gc,start       ] GC(126) Pause Remark
[2026-04-03T03:30:37.346+0600][25.129s][info][gc             ] GC(126) Pause Remark 393M->350M(465M) 4.426ms
[2026-04-03T03:30:37.346+0600][25.129s][info][gc,cpu         ] GC(126) User=0.03s Sys=0.01s Real=0.00s
[2026-04-03T03:30:37.346+0600][25.130s][info][gc,marking     ] GC(126) Concurrent Mark 212.232ms
[2026-04-03T03:30:37.346+0600][25.130s][info][gc,marking     ] GC(126) Concurrent Rebuild Remembered Sets and Scrub Regions
[2026-04-03T03:30:37.353+0600][25.137s][info][gc,start       ] GC(127) Pause Young (Normal) (G1 Evacuation Pause)
[2026-04-03T03:30:37.353+0600][25.137s][info][gc,task        ] GC(127) Using 10 workers of 10 for evacuation
[2026-04-03T03:30:37.382+0600][25.166s][info][gc,phases      ] GC(127)   Pre Evacuate Collection Set: 0.53ms
[2026-04-03T03:30:37.383+0600][25.166s][info][gc,phases      ] GC(127)   Merge Heap Roots: 0.92ms
[2026-04-03T03:30:37.383+0600][25.166s][info][gc,phases      ] GC(127)   Evacuate Collection Set: 26.55ms
[2026-04-03T03:30:37.383+0600][25.166s][info][gc,phases      ] GC(127)   Post Evacuate Collection Set: 0.99ms
[2026-04-03T03:30:37.383+0600][25.166s][info][gc,phases      ] GC(127)   Other: 0.11ms
[2026-04-03T03:30:37.383+0600][25.166s][info][gc,heap        ] GC(127) Eden regions: 122->0(118)
[2026-04-03T03:30:37.383+0600][25.166s][info][gc,heap        ] GC(127) Survivor regions: 5->16(16)
[2026-04-03T03:30:37.383+0600][25.166s][info][gc,heap        ] GC(127) Old regions: 193->213
[2026-04-03T03:30:37.383+0600][25.166s][info][gc,heap        ] GC(127) Humongous regions: 38->38
[2026-04-03T03:30:37.383+0600][25.166s][info][gc,metaspace   ] GC(127) Metaspace: 69513K(70400K)->69513K(70400K) NonClass: 60653K(61120K)->60653K(61120K) Class: 8859K(9280K)->8859K(9280K)
[2026-04-03T03:30:37.383+0600][25.166s][info][gc             ] GC(127) Pause Young (Normal) (G1 Evacuation Pause) 355M->265M(465M) 29.482ms
[2026-04-03T03:30:37.383+0600][25.166s][info][gc,cpu         ] GC(127) User=0.29s Sys=0.00s Real=0.03s
[2026-04-03T03:30:37.468+0600][25.252s][info][gc,marking     ] GC(126) Concurrent Rebuild Remembered Sets and Scrub Regions 122.001ms
[2026-04-03T03:30:37.469+0600][25.252s][info][gc,start       ] GC(126) Pause Cleanup
[2026-04-03T03:30:37.469+0600][25.253s][info][gc             ] GC(126) Pause Cleanup 360M->360M(465M) 0.509ms
[2026-04-03T03:30:37.469+0600][25.253s][info][gc,cpu         ] GC(126) User=0.00s Sys=0.00s Real=0.00s
[2026-04-03T03:30:37.469+0600][25.253s][info][gc,marking     ] GC(126) Concurrent Clear Claimed Marks
[2026-04-03T03:30:37.470+0600][25.253s][info][gc,marking     ] GC(126) Concurrent Clear Claimed Marks 0.226ms
[2026-04-03T03:30:37.470+0600][25.253s][info][gc,marking     ] GC(126) Concurrent Cleanup for Next Mark
[2026-04-03T03:30:37.470+0600][25.254s][info][gc,marking     ] GC(126) Concurrent Cleanup for Next Mark 0.863ms
[2026-04-03T03:30:37.471+0600][25.254s][info][gc             ] GC(126) Concurrent Mark Cycle 369.155ms
[2026-04-03T03:30:37.496+0600][25.280s][info][gc,start       ] GC(128) Pause Young (Prepare Mixed) (G1 Evacuation Pause)
[2026-04-03T03:30:37.496+0600][25.280s][info][gc,task        ] GC(128) Using 10 workers of 10 for evacuation
[2026-04-03T03:30:37.528+0600][25.312s][info][gc,phases      ] GC(128)   Pre Evacuate Collection Set: 0.41ms
[2026-04-03T03:30:37.528+0600][25.312s][info][gc,phases      ] GC(128)   Merge Heap Roots: 0.78ms
[2026-04-03T03:30:37.528+0600][25.312s][info][gc,phases      ] GC(128)   Evacuate Collection Set: 29.71ms
[2026-04-03T03:30:37.528+0600][25.312s][info][gc,phases      ] GC(128)   Post Evacuate Collection Set: 0.82ms
[2026-04-03T03:30:37.528+0600][25.312s][info][gc,phases      ] GC(128)   Other: 0.11ms
[2026-04-03T03:30:37.528+0600][25.312s][info][gc,heap        ] GC(128) Eden regions: 118->0(107)
[2026-04-03T03:30:37.528+0600][25.312s][info][gc,heap        ] GC(128) Survivor regions: 16->17(17)
[2026-04-03T03:30:37.528+0600][25.312s][info][gc,heap        ] GC(128) Old regions: 213->231
[2026-04-03T03:30:37.528+0600][25.312s][info][gc,heap        ] GC(128) Humongous regions: 47->47
[2026-04-03T03:30:37.528+0600][25.312s][info][gc,metaspace   ] GC(128) Metaspace: 69513K(70400K)->69513K(70400K) NonClass: 60653K(61120K)->60653K(61120K) Class: 8859K(9280K)->8859K(9280K)
[2026-04-03T03:30:37.528+0600][25.312s][info][gc             ] GC(128) Pause Young (Prepare Mixed) (G1 Evacuation Pause) 392M->292M(465M) 32.120ms
[2026-04-03T03:30:37.528+0600][25.312s][info][gc,cpu         ] GC(128) User=0.30s Sys=0.00s Real=0.03s
[2026-04-03T03:30:37.612+0600][25.396s][info][gc,start       ] GC(129) Pause Young (Mixed) (G1 Evacuation Pause)
[2026-04-03T03:30:37.613+0600][25.396s][info][gc,task        ] GC(129) Using 10 workers of 10 for evacuation
[2026-04-03T03:30:37.640+0600][25.423s][info][gc,phases      ] GC(129)   Pre Evacuate Collection Set: 0.44ms
[2026-04-03T03:30:37.640+0600][25.423s][info][gc,phases      ] GC(129)   Merge Heap Roots: 0.55ms
[2026-04-03T03:30:37.640+0600][25.423s][info][gc,phases      ] GC(129)   Evacuate Collection Set: 25.42ms
[2026-04-03T03:30:37.640+0600][25.423s][info][gc,phases      ] GC(129)   Post Evacuate Collection Set: 0.82ms
[2026-04-03T03:30:37.640+0600][25.423s][info][gc,phases      ] GC(129)   Other: 0.11ms
[2026-04-03T03:30:37.640+0600][25.423s][info][gc,heap        ] GC(129) Eden regions: 107->0(103)
[2026-04-03T03:30:37.640+0600][25.423s][info][gc,heap        ] GC(129) Survivor regions: 17->12(16)
[2026-04-03T03:30:37.640+0600][25.423s][info][gc,heap        ] GC(129) Old regions: 231->245
[2026-04-03T03:30:37.640+0600][25.423s][info][gc,heap        ] GC(129) Humongous regions: 52->52
[2026-04-03T03:30:37.640+0600][25.424s][info][gc,metaspace   ] GC(129) Metaspace: 69513K(70400K)->69513K(70400K) NonClass: 60653K(61120K)->60653K(61120K) Class: 8859K(9280K)->8859K(9280K)
[2026-04-03T03:30:37.640+0600][25.424s][info][gc             ] GC(129) Pause Young (Mixed) (G1 Evacuation Pause) 404M->307M(465M) 27.722ms
[2026-04-03T03:30:37.640+0600][25.424s][info][gc,cpu         ] GC(129) User=0.25s Sys=0.01s Real=0.03s
[2026-04-03T03:30:37.679+0600][25.462s][info][gc,start       ] GC(130) Pause Young (Concurrent Start) (G1 Humongous Allocation)
[2026-04-03T03:30:37.679+0600][25.462s][info][gc,task        ] GC(130) Using 10 workers of 10 for evacuation
[2026-04-03T03:30:37.696+0600][25.480s][info][gc,phases      ] GC(130)   Pre Evacuate Collection Set: 0.51ms
[2026-04-03T03:30:37.697+0600][25.480s][info][gc,phases      ] GC(130)   Merge Heap Roots: 0.17ms
[2026-04-03T03:30:37.697+0600][25.480s][info][gc,phases      ] GC(130)   Evacuate Collection Set: 13.25ms
[2026-04-03T03:30:37.697+0600][25.480s][info][gc,phases      ] GC(130)   Post Evacuate Collection Set: 3.50ms
[2026-04-03T03:30:37.697+0600][25.480s][info][gc,phases      ] GC(130)   Other: 0.29ms
[2026-04-03T03:30:37.697+0600][25.480s][info][gc,heap        ] GC(130) Eden regions: 44->0(319)
[2026-04-03T03:30:37.697+0600][25.480s][info][gc,heap        ] GC(130) Survivor regions: 12->6(15)
[2026-04-03T03:30:37.697+0600][25.480s][info][gc,heap        ] GC(130) Old regions: 245->256
[2026-04-03T03:30:37.697+0600][25.480s][info][gc,heap        ] GC(130) Humongous regions: 52->52
[2026-04-03T03:30:37.697+0600][25.480s][info][gc,metaspace   ] GC(130) Metaspace: 69513K(70400K)->69513K(70400K) NonClass: 60653K(61120K)->60653K(61120K) Class: 8859K(9280K)->8859K(9280K)
[2026-04-03T03:30:37.697+0600][25.480s][info][gc             ] GC(130) Pause Young (Concurrent Start) (G1 Humongous Allocation) 351M->312M(788M) 18.026ms
[2026-04-03T03:30:37.697+0600][25.480s][info][gc,cpu         ] GC(130) User=0.13s Sys=0.01s Real=0.02s
[2026-04-03T03:30:37.697+0600][25.480s][info][gc             ] GC(131) Concurrent Mark Cycle
[2026-04-03T03:30:37.697+0600][25.480s][info][gc,marking     ] GC(131) Concurrent Scan Root Regions
[2026-04-03T03:30:37.705+0600][25.488s][info][gc,marking     ] GC(131) Concurrent Scan Root Regions 7.661ms
[2026-04-03T03:30:37.705+0600][25.488s][info][gc,marking     ] GC(131) Concurrent Mark
[2026-04-03T03:30:37.705+0600][25.488s][info][gc,marking     ] GC(131) Concurrent Mark From Roots
[2026-04-03T03:30:37.705+0600][25.488s][info][gc,task        ] GC(131) Using 3 workers of 3 for marking
[2026-04-03T03:30:37.994+0600][25.777s][info][gc,marking     ] GC(131) Concurrent Mark From Roots 289.365ms
[2026-04-03T03:30:37.994+0600][25.778s][info][gc,marking     ] GC(131) Concurrent Preclean
[2026-04-03T03:30:37.994+0600][25.778s][info][gc,marking     ] GC(131) Concurrent Preclean 0.261ms
[2026-04-03T03:30:37.995+0600][25.778s][info][gc,start       ] GC(131) Pause Remark
[2026-04-03T03:30:38.023+0600][25.806s][info][gc             ] GC(131) Pause Remark 498M->481M(788M) 27.973ms
[2026-04-03T03:30:38.023+0600][25.806s][info][gc,cpu         ] GC(131) User=0.03s Sys=0.00s Real=0.03s
[2026-04-03T03:30:38.023+0600][25.806s][info][gc,marking     ] GC(131) Concurrent Mark 318.256ms
[2026-04-03T03:30:38.023+0600][25.806s][info][gc,marking     ] GC(131) Concurrent Rebuild Remembered Sets and Scrub Regions
[2026-04-03T03:30:38.252+0600][26.036s][info][gc,start       ] GC(132) Pause Young (Normal) (G1 Evacuation Pause)
[2026-04-03T03:30:38.252+0600][26.036s][info][gc,task        ] GC(132) Using 10 workers of 10 for evacuation
[2026-04-03T03:30:38.289+0600][26.073s][info][gc,phases      ] GC(132)   Pre Evacuate Collection Set: 0.35ms
[2026-04-03T03:30:38.289+0600][26.073s][info][gc,phases      ] GC(132)   Merge Heap Roots: 1.92ms
[2026-04-03T03:30:38.289+0600][26.073s][info][gc,phases      ] GC(132)   Evacuate Collection Set: 33.33ms
[2026-04-03T03:30:38.289+0600][26.073s][info][gc,phases      ] GC(132)   Post Evacuate Collection Set: 1.01ms
[2026-04-03T03:30:38.289+0600][26.073s][info][gc,phases      ] GC(132)   Other: 0.18ms
[2026-04-03T03:30:38.289+0600][26.073s][info][gc,heap        ] GC(132) Eden regions: 319->0(321)
[2026-04-03T03:30:38.289+0600][26.073s][info][gc,heap        ] GC(132) Survivor regions: 6->31(41)
[2026-04-03T03:30:38.289+0600][26.073s][info][gc,heap        ] GC(132) Old regions: 256->256
[2026-04-03T03:30:38.289+0600][26.073s][info][gc,heap        ] GC(132) Humongous regions: 50->50
[2026-04-03T03:30:38.289+0600][26.073s][info][gc,metaspace   ] GC(132) Metaspace: 69513K(70400K)->69513K(70400K) NonClass: 60653K(61120K)->60653K(61120K) Class: 8859K(9280K)->8859K(9280K)
[2026-04-03T03:30:38.289+0600][26.073s][info][gc             ] GC(132) Pause Young (Normal) (G1 Evacuation Pause) 629M->335M(788M) 37.129ms
[2026-04-03T03:30:38.290+0600][26.073s][info][gc,cpu         ] GC(132) User=0.33s Sys=0.04s Real=0.03s
[2026-04-03T03:30:38.301+0600][26.085s][info][gc,marking     ] GC(131) Concurrent Rebuild Remembered Sets and Scrub Regions 278.332ms
[2026-04-03T03:30:38.302+0600][26.085s][info][gc,start       ] GC(131) Pause Cleanup
[2026-04-03T03:30:38.302+0600][26.086s][info][gc             ] GC(131) Pause Cleanup 346M->346M(788M) 0.475ms
[2026-04-03T03:30:38.302+0600][26.086s][info][gc,cpu         ] GC(131) User=0.01s Sys=0.00s Real=0.00s
[2026-04-03T03:30:38.303+0600][26.086s][info][gc,marking     ] GC(131) Concurrent Clear Claimed Marks
[2026-04-03T03:30:38.303+0600][26.086s][info][gc,marking     ] GC(131) Concurrent Clear Claimed Marks 0.273ms
[2026-04-03T03:30:38.303+0600][26.086s][info][gc,marking     ] GC(131) Concurrent Cleanup for Next Mark
[2026-04-03T03:30:38.306+0600][26.089s][info][gc,marking     ] GC(131) Concurrent Cleanup for Next Mark 3.011ms
[2026-04-03T03:30:38.306+0600][26.089s][info][gc             ] GC(131) Concurrent Mark Cycle 609.204ms
[2026-04-03T03:30:38.602+0600][26.386s][info][gc,start       ] GC(133) Pause Young (Prepare Mixed) (G1 Evacuation Pause)
[2026-04-03T03:30:38.602+0600][26.386s][info][gc,task        ] GC(133) Using 10 workers of 10 for evacuation
[2026-04-03T03:30:38.647+0600][26.430s][info][gc,phases      ] GC(133)   Pre Evacuate Collection Set: 0.50ms
[2026-04-03T03:30:38.647+0600][26.430s][info][gc,phases      ] GC(133)   Merge Heap Roots: 0.55ms
[2026-04-03T03:30:38.647+0600][26.430s][info][gc,phases      ] GC(133)   Evacuate Collection Set: 41.78ms
[2026-04-03T03:30:38.647+0600][26.430s][info][gc,phases      ] GC(133)   Post Evacuate Collection Set: 1.23ms
[2026-04-03T03:30:38.647+0600][26.430s][info][gc,phases      ] GC(133)   Other: 0.15ms
[2026-04-03T03:30:38.647+0600][26.430s][info][gc,heap        ] GC(133) Eden regions: 321->0(323)
[2026-04-03T03:30:38.647+0600][26.430s][info][gc,heap        ] GC(133) Survivor regions: 31->23(44)
[2026-04-03T03:30:38.647+0600][26.430s][info][gc,heap        ] GC(133) Old regions: 256->282
[2026-04-03T03:30:38.647+0600][26.430s][info][gc,heap        ] GC(133) Humongous regions: 50->50
[2026-04-03T03:30:38.647+0600][26.430s][info][gc,metaspace   ] GC(133) Metaspace: 69513K(70400K)->69513K(70400K) NonClass: 60653K(61120K)->60653K(61120K) Class: 8859K(9280K)->8859K(9280K)
[2026-04-03T03:30:38.647+0600][26.430s][info][gc             ] GC(133) Pause Young (Prepare Mixed) (G1 Evacuation Pause) 656M->352M(788M) 44.603ms
[2026-04-03T03:30:38.647+0600][26.430s][info][gc,cpu         ] GC(133) User=0.42s Sys=0.00s Real=0.04s
[2026-04-03T03:30:39.001+0600][26.785s][info][gc,start       ] GC(134) Pause Young (Mixed) (G1 Evacuation Pause)
[2026-04-03T03:30:39.001+0600][26.785s][info][gc,task        ] GC(134) Using 10 workers of 10 for evacuation
[2026-04-03T03:30:39.056+0600][26.839s][info][gc,phases      ] GC(134)   Pre Evacuate Collection Set: 0.39ms
[2026-04-03T03:30:39.056+0600][26.839s][info][gc,phases      ] GC(134)   Merge Heap Roots: 2.09ms
[2026-04-03T03:30:39.056+0600][26.839s][info][gc,phases      ] GC(134)   Evacuate Collection Set: 50.54ms
[2026-04-03T03:30:39.056+0600][26.839s][info][gc,phases      ] GC(134)   Post Evacuate Collection Set: 0.95ms
[2026-04-03T03:30:39.056+0600][26.839s][info][gc,phases      ] GC(134)   Other: 0.12ms
[2026-04-03T03:30:39.056+0600][26.839s][info][gc,heap        ] GC(134) Eden regions: 323->0(301)
[2026-04-03T03:30:39.056+0600][26.839s][info][gc,heap        ] GC(134) Survivor regions: 23->40(44)
[2026-04-03T03:30:39.056+0600][26.839s][info][gc,heap        ] GC(134) Old regions: 282->280
[2026-04-03T03:30:39.056+0600][26.839s][info][gc,heap        ] GC(134) Humongous regions: 77->77
[2026-04-03T03:30:39.056+0600][26.839s][info][gc,metaspace   ] GC(134) Metaspace: 69513K(70400K)->69513K(70400K) NonClass: 60653K(61120K)->60653K(61120K) Class: 8859K(9280K)->8859K(9280K)
[2026-04-03T03:30:39.056+0600][26.839s][info][gc             ] GC(134) Pause Young (Mixed) (G1 Evacuation Pause) 702M->395M(788M) 54.460ms
[2026-04-03T03:30:39.056+0600][26.839s][info][gc,cpu         ] GC(134) User=0.51s Sys=0.01s Real=0.05s
[2026-04-03T03:30:39.525+0600][27.308s][info][gc,start       ] GC(135) Pause Young (Concurrent Start) (G1 Humongous Allocation)
[2026-04-03T03:30:39.525+0600][27.308s][info][gc,task        ] GC(135) Using 10 workers of 10 for evacuation
[2026-04-03T03:30:39.580+0600][27.364s][info][gc,phases      ] GC(135)   Pre Evacuate Collection Set: 0.57ms
[2026-04-03T03:30:39.580+0600][27.364s][info][gc,phases      ] GC(135)   Merge Heap Roots: 0.48ms
[2026-04-03T03:30:39.580+0600][27.364s][info][gc,phases      ] GC(135)   Evacuate Collection Set: 53.04ms
[2026-04-03T03:30:39.580+0600][27.364s][info][gc,phases      ] GC(135)   Post Evacuate Collection Set: 1.26ms
[2026-04-03T03:30:39.580+0600][27.364s][info][gc,phases      ] GC(135)   Other: 0.18ms
[2026-04-03T03:30:39.580+0600][27.364s][info][gc,heap        ] GC(135) Eden regions: 146->0(301)
[2026-04-03T03:30:39.580+0600][27.364s][info][gc,heap        ] GC(135) Survivor regions: 40->32(43)
[2026-04-03T03:30:39.580+0600][27.364s][info][gc,heap        ] GC(135) Old regions: 280->298
[2026-04-03T03:30:39.580+0600][27.364s][info][gc,heap        ] GC(135) Humongous regions: 77->77
[2026-04-03T03:30:39.580+0600][27.364s][info][gc,metaspace   ] GC(135) Metaspace: 69575K(70464K)->69575K(70464K) NonClass: 60711K(61184K)->60711K(61184K) Class: 8864K(9280K)->8864K(9280K)
[2026-04-03T03:30:39.580+0600][27.364s][info][gc             ] GC(135) Pause Young (Concurrent Start) (G1 Humongous Allocation) 541M->404M(788M) 55.892ms
[2026-04-03T03:30:39.580+0600][27.364s][info][gc             ] GC(136) Concurrent Mark Cycle
[2026-04-03T03:30:39.581+0600][27.364s][info][gc,marking     ] GC(136) Concurrent Scan Root Regions
[2026-04-03T03:30:39.581+0600][27.364s][info][gc,cpu         ] GC(135) User=0.55s Sys=0.01s Real=0.06s
[2026-04-03T03:30:39.604+0600][27.387s][info][gc,marking     ] GC(136) Concurrent Scan Root Regions 23.223ms
[2026-04-03T03:30:39.604+0600][27.387s][info][gc,marking     ] GC(136) Concurrent Mark
[2026-04-03T03:30:39.604+0600][27.387s][info][gc,marking     ] GC(136) Concurrent Mark From Roots
[2026-04-03T03:30:39.604+0600][27.387s][info][gc,task        ] GC(136) Using 3 workers of 3 for marking
[2026-04-03T03:30:39.850+0600][27.634s][info][gc,marking     ] GC(136) Concurrent Mark From Roots 246.372ms
[2026-04-03T03:30:39.850+0600][27.634s][info][gc,marking     ] GC(136) Concurrent Preclean
[2026-04-03T03:30:39.851+0600][27.634s][info][gc,marking     ] GC(136) Concurrent Preclean 0.245ms
[2026-04-03T03:30:39.851+0600][27.634s][info][gc,start       ] GC(136) Pause Remark
[2026-04-03T03:30:39.855+0600][27.639s][info][gc             ] GC(136) Pause Remark 415M->348M(788M) 4.485ms
[2026-04-03T03:30:39.856+0600][27.639s][info][gc,cpu         ] GC(136) User=0.02s Sys=0.00s Real=0.00s
[2026-04-03T03:30:39.856+0600][27.639s][info][gc,marking     ] GC(136) Concurrent Mark 251.811ms
[2026-04-03T03:30:39.856+0600][27.639s][info][gc,marking     ] GC(136) Concurrent Rebuild Remembered Sets and Scrub Regions
[2026-04-03T03:30:40.106+0600][27.890s][info][gc,marking     ] GC(136) Concurrent Rebuild Remembered Sets and Scrub Regions 250.560ms
[2026-04-03T03:30:40.107+0600][27.890s][info][gc,start       ] GC(136) Pause Cleanup
[2026-04-03T03:30:40.107+0600][27.891s][info][gc             ] GC(136) Pause Cleanup 350M->350M(788M) 0.687ms
[2026-04-03T03:30:40.107+0600][27.891s][info][gc,cpu         ] GC(136) User=0.00s Sys=0.00s Real=0.00s
[2026-04-03T03:30:40.108+0600][27.891s][info][gc,marking     ] GC(136) Concurrent Clear Claimed Marks
[2026-04-03T03:30:40.108+0600][27.891s][info][gc,marking     ] GC(136) Concurrent Clear Claimed Marks 0.230ms
[2026-04-03T03:30:40.108+0600][27.891s][info][gc,marking     ] GC(136) Concurrent Cleanup for Next Mark
[2026-04-03T03:30:40.109+0600][27.892s][info][gc,marking     ] GC(136) Concurrent Cleanup for Next Mark 1.216ms
[2026-04-03T03:30:40.109+0600][27.893s][info][gc             ] GC(136) Concurrent Mark Cycle 528.643ms
[2026-04-03T03:30:41.223+0600][29.007s][info][gc,start       ] GC(137) Pause Young (Prepare Mixed) (G1 Evacuation Pause)
[2026-04-03T03:30:41.223+0600][29.007s][info][gc,task        ] GC(137) Using 10 workers of 10 for evacuation
[2026-04-03T03:30:41.319+0600][29.102s][info][gc,phases      ] GC(137)   Pre Evacuate Collection Set: 0.40ms
[2026-04-03T03:30:41.319+0600][29.102s][info][gc,phases      ] GC(137)   Merge Heap Roots: 1.31ms
[2026-04-03T03:30:41.319+0600][29.102s][info][gc,phases      ] GC(137)   Evacuate Collection Set: 92.43ms
[2026-04-03T03:30:41.319+0600][29.102s][info][gc,phases      ] GC(137)   Post Evacuate Collection Set: 1.11ms
[2026-04-03T03:30:41.319+0600][29.102s][info][gc,phases      ] GC(137)   Other: 0.15ms
[2026-04-03T03:30:41.319+0600][29.102s][info][gc,heap        ] GC(137) Eden regions: 301->0(238)
[2026-04-03T03:30:41.319+0600][29.102s][info][gc,heap        ] GC(137) Survivor regions: 32->42(42)
[2026-04-03T03:30:41.319+0600][29.102s][info][gc,heap        ] GC(137) Old regions: 270->319
[2026-04-03T03:30:41.319+0600][29.102s][info][gc,heap        ] GC(137) Humongous regions: 115->104
[2026-04-03T03:30:41.319+0600][29.102s][info][gc,metaspace   ] GC(137) Metaspace: 69865K(70720K)->69865K(70720K) NonClass: 60952K(61440K)->60952K(61440K) Class: 8912K(9280K)->8912K(9280K)
[2026-04-03T03:30:41.319+0600][29.102s][info][gc             ] GC(137) Pause Young (Prepare Mixed) (G1 Evacuation Pause) 715M->463M(809M) 95.709ms
[2026-04-03T03:30:41.319+0600][29.103s][info][gc,cpu         ] GC(137) User=0.92s Sys=0.02s Real=0.09s
[2026-04-03T03:30:41.577+0600][29.361s][info][gc,start       ] GC(138) Pause Young (Mixed) (G1 Evacuation Pause)
[2026-04-03T03:30:41.577+0600][29.361s][info][gc,task        ] GC(138) Using 10 workers of 10 for evacuation
[2026-04-03T03:30:41.670+0600][29.454s][info][gc,phases      ] GC(138)   Pre Evacuate Collection Set: 0.48ms
[2026-04-03T03:30:41.670+0600][29.454s][info][gc,phases      ] GC(138)   Merge Heap Roots: 1.13ms
[2026-04-03T03:30:41.670+0600][29.454s][info][gc,phases      ] GC(138)   Evacuate Collection Set: 90.08ms
[2026-04-03T03:30:41.670+0600][29.454s][info][gc,phases      ] GC(138)   Post Evacuate Collection Set: 1.01ms
[2026-04-03T03:30:41.670+0600][29.454s][info][gc,phases      ] GC(138)   Other: 0.12ms
[2026-04-03T03:30:41.670+0600][29.454s][info][gc,heap        ] GC(138) Eden regions: 238->0(218)
[2026-04-03T03:30:41.670+0600][29.454s][info][gc,heap        ] GC(138) Survivor regions: 42->35(35)
[2026-04-03T03:30:41.670+0600][29.454s][info][gc,heap        ] GC(138) Old regions: 319->346
[2026-04-03T03:30:41.670+0600][29.454s][info][gc,heap        ] GC(138) Humongous regions: 128->128
[2026-04-03T03:30:41.670+0600][29.454s][info][gc,metaspace   ] GC(138) Metaspace: 69867K(70720K)->69867K(70720K) NonClass: 60954K(61440K)->60954K(61440K) Class: 8912K(9280K)->8912K(9280K)
[2026-04-03T03:30:41.670+0600][29.454s][info][gc             ] GC(138) Pause Young (Mixed) (G1 Evacuation Pause) 725M->507M(833M) 93.176ms
[2026-04-03T03:30:41.671+0600][29.454s][info][gc,cpu         ] GC(138) User=0.88s Sys=0.03s Real=0.10s
[2026-04-03T03:30:41.721+0600][29.505s][info][gc,start       ] GC(139) Pause Young (Concurrent Start) (G1 Humongous Allocation)
[2026-04-03T03:30:41.721+0600][29.505s][info][gc,task        ] GC(139) Using 10 workers of 10 for evacuation
[2026-04-03T03:30:41.758+0600][29.542s][info][gc,phases      ] GC(139)   Pre Evacuate Collection Set: 0.54ms
[2026-04-03T03:30:41.759+0600][29.542s][info][gc,phases      ] GC(139)   Merge Heap Roots: 0.90ms
[2026-04-03T03:30:41.759+0600][29.542s][info][gc,phases      ] GC(139)   Evacuate Collection Set: 33.24ms
[2026-04-03T03:30:41.759+0600][29.542s][info][gc,phases      ] GC(139)   Post Evacuate Collection Set: 2.00ms
[2026-04-03T03:30:41.759+0600][29.542s][info][gc,phases      ] GC(139)   Other: 0.29ms
[2026-04-03T03:30:41.759+0600][29.542s][info][gc,heap        ] GC(139) Eden regions: 73->0(315)
[2026-04-03T03:30:41.759+0600][29.542s][info][gc,heap        ] GC(139) Survivor regions: 35->13(32)
[2026-04-03T03:30:41.759+0600][29.542s][info][gc,heap        ] GC(139) Old regions: 346->384
[2026-04-03T03:30:41.759+0600][29.542s][info][gc,heap        ] GC(139) Humongous regions: 128->128
[2026-04-03T03:30:41.759+0600][29.542s][info][gc,metaspace   ] GC(139) Metaspace: 69867K(70720K)->69867K(70720K) NonClass: 60954K(61440K)->60954K(61440K) Class: 8912K(9280K)->8912K(9280K)
[2026-04-03T03:30:41.759+0600][29.542s][info][gc             ] GC(139) Pause Young (Concurrent Start) (G1 Humongous Allocation) 580M->522M(962M) 37.307ms
[2026-04-03T03:30:41.759+0600][29.542s][info][gc             ] GC(140) Concurrent Mark Cycle
[2026-04-03T03:30:41.759+0600][29.542s][info][gc,cpu         ] GC(139) User=0.34s Sys=0.01s Real=0.03s
[2026-04-03T03:30:41.759+0600][29.542s][info][gc,marking     ] GC(140) Concurrent Scan Root Regions
[2026-04-03T03:30:41.786+0600][29.569s][info][gc,marking     ] GC(140) Concurrent Scan Root Regions 26.846ms
[2026-04-03T03:30:41.786+0600][29.569s][info][gc,marking     ] GC(140) Concurrent Mark
[2026-04-03T03:30:41.786+0600][29.569s][info][gc,marking     ] GC(140) Concurrent Mark From Roots
[2026-04-03T03:30:41.786+0600][29.569s][info][gc,task        ] GC(140) Using 3 workers of 3 for marking
[2026-04-03T03:30:42.024+0600][29.807s][info][gc,marking     ] GC(140) Concurrent Mark From Roots 238.122ms
[2026-04-03T03:30:42.024+0600][29.807s][info][gc,marking     ] GC(140) Concurrent Preclean
[2026-04-03T03:30:42.024+0600][29.808s][info][gc,marking     ] GC(140) Concurrent Preclean 0.303ms
[2026-04-03T03:30:42.025+0600][29.808s][info][gc,start       ] GC(140) Pause Remark
[2026-04-03T03:30:42.030+0600][29.813s][info][gc             ] GC(140) Pause Remark 695M->523M(962M) 5.269ms
[2026-04-03T03:30:42.030+0600][29.813s][info][gc,cpu         ] GC(140) User=0.03s Sys=0.00s Real=0.01s
[2026-04-03T03:30:42.030+0600][29.814s][info][gc,marking     ] GC(140) Concurrent Mark 244.480ms
[2026-04-03T03:30:42.030+0600][29.814s][info][gc,marking     ] GC(140) Concurrent Rebuild Remembered Sets and Scrub Regions
[2026-04-03T03:30:42.242+0600][30.025s][info][gc,marking     ] GC(140) Concurrent Rebuild Remembered Sets and Scrub Regions 211.502ms
[2026-04-03T03:30:42.242+0600][30.026s][info][gc,start       ] GC(140) Pause Cleanup
[2026-04-03T03:30:42.243+0600][30.027s][info][gc             ] GC(140) Pause Cleanup 686M->686M(962M) 1.025ms
[2026-04-03T03:30:42.243+0600][30.027s][info][gc,cpu         ] GC(140) User=0.01s Sys=0.00s Real=0.00s
[2026-04-03T03:30:42.244+0600][30.027s][info][gc,marking     ] GC(140) Concurrent Clear Claimed Marks
[2026-04-03T03:30:42.244+0600][30.027s][info][gc,marking     ] GC(140) Concurrent Clear Claimed Marks 0.266ms
[2026-04-03T03:30:42.244+0600][30.027s][info][gc,marking     ] GC(140) Concurrent Cleanup for Next Mark
[2026-04-03T03:30:42.246+0600][30.030s][info][gc,marking     ] GC(140) Concurrent Cleanup for Next Mark 2.460ms
[2026-04-03T03:30:42.246+0600][30.030s][info][gc             ] GC(140) Concurrent Mark Cycle 487.706ms
[2026-04-03T03:30:42.249+0600][30.032s][info][gc,start       ] GC(141) Pause Young (Prepare Mixed) (G1 Evacuation Pause)
[2026-04-03T03:30:42.249+0600][30.032s][info][gc,task        ] GC(141) Using 10 workers of 10 for evacuation
[2026-04-03T03:30:42.299+0600][30.082s][info][gc,phases      ] GC(141)   Pre Evacuate Collection Set: 0.52ms
[2026-04-03T03:30:42.299+0600][30.082s][info][gc,phases      ] GC(141)   Merge Heap Roots: 2.10ms
[2026-04-03T03:30:42.299+0600][30.082s][info][gc,phases      ] GC(141)   Evacuate Collection Set: 44.55ms
[2026-04-03T03:30:42.299+0600][30.082s][info][gc,phases      ] GC(141)   Post Evacuate Collection Set: 2.28ms
[2026-04-03T03:30:42.299+0600][30.082s][info][gc,phases      ] GC(141)   Other: 0.20ms
[2026-04-03T03:30:42.299+0600][30.082s][info][gc,heap        ] GC(141) Eden regions: 315->0(424)
[2026-04-03T03:30:42.299+0600][30.082s][info][gc,heap        ] GC(141) Survivor regions: 13->39(41)
[2026-04-03T03:30:42.299+0600][30.082s][info][gc,heap        ] GC(141) Old regions: 305->305
[2026-04-03T03:30:42.299+0600][30.082s][info][gc,heap        ] GC(141) Humongous regions: 59->59
[2026-04-03T03:30:42.299+0600][30.082s][info][gc,metaspace   ] GC(141) Metaspace: 69871K(70720K)->69871K(70720K) NonClass: 60958K(61440K)->60958K(61440K) Class: 8912K(9280K)->8912K(9280K)
[2026-04-03T03:30:42.299+0600][30.082s][info][gc             ] GC(141) Pause Young (Prepare Mixed) (G1 Evacuation Pause) 689M->401M(962M) 50.101ms
[2026-04-03T03:30:42.299+0600][30.082s][info][gc,cpu         ] GC(141) User=0.46s Sys=0.01s Real=0.05s
[2026-04-03T03:30:42.701+0600][30.485s][info][gc,start       ] GC(142) Pause Young (Mixed) (G1 Evacuation Pause)
[2026-04-03T03:30:42.702+0600][30.485s][info][gc,task        ] GC(142) Using 10 workers of 10 for evacuation
[2026-04-03T03:30:42.763+0600][30.546s][info][gc,phases      ] GC(142)   Pre Evacuate Collection Set: 0.60ms
[2026-04-03T03:30:42.763+0600][30.546s][info][gc,phases      ] GC(142)   Merge Heap Roots: 0.43ms
[2026-04-03T03:30:42.763+0600][30.546s][info][gc,phases      ] GC(142)   Evacuate Collection Set: 58.66ms
[2026-04-03T03:30:42.763+0600][30.546s][info][gc,phases      ] GC(142)   Post Evacuate Collection Set: 1.07ms
[2026-04-03T03:30:42.763+0600][30.546s][info][gc,phases      ] GC(142)   Other: 0.21ms
[2026-04-03T03:30:42.763+0600][30.546s][info][gc,heap        ] GC(142) Eden regions: 424->0(439)
[2026-04-03T03:30:42.763+0600][30.546s][info][gc,heap        ] GC(142) Survivor regions: 39->56(58)
[2026-04-03T03:30:42.763+0600][30.546s][info][gc,heap        ] GC(142) Old regions: 305->281
[2026-04-03T03:30:42.763+0600][30.546s][info][gc,heap        ] GC(142) Humongous regions: 59->59
[2026-04-03T03:30:42.763+0600][30.546s][info][gc,metaspace   ] GC(142) Metaspace: 69871K(70720K)->69871K(70720K) NonClass: 60958K(61440K)->60958K(61440K) Class: 8912K(9280K)->8912K(9280K)
[2026-04-03T03:30:42.763+0600][30.546s][info][gc             ] GC(142) Pause Young (Mixed) (G1 Evacuation Pause) 825M->394M(962M) 61.363ms
[2026-04-03T03:30:42.763+0600][30.546s][info][gc,cpu         ] GC(142) User=0.60s Sys=0.00s Real=0.06s
[2026-04-03T03:30:42.932+0600][30.715s][info][gc,start       ] GC(143) Pause Young (Concurrent Start) (G1 Humongous Allocation)
[2026-04-03T03:30:42.932+0600][30.715s][info][gc,task        ] GC(143) Using 10 workers of 10 for evacuation
[2026-04-03T03:30:42.980+0600][30.763s][info][gc,phases      ] GC(143)   Pre Evacuate Collection Set: 0.53ms
[2026-04-03T03:30:42.980+0600][30.763s][info][gc,phases      ] GC(143)   Merge Heap Roots: 0.26ms
[2026-04-03T03:30:42.980+0600][30.763s][info][gc,phases      ] GC(143)   Evacuate Collection Set: 45.63ms
[2026-04-03T03:30:42.980+0600][30.763s][info][gc,phases      ] GC(143)   Post Evacuate Collection Set: 0.93ms
[2026-04-03T03:30:42.980+0600][30.763s][info][gc,phases      ] GC(143)   Other: 0.20ms
[2026-04-03T03:30:42.980+0600][30.763s][info][gc,heap        ] GC(143) Eden regions: 168->0(445)
[2026-04-03T03:30:42.980+0600][30.763s][info][gc,heap        ] GC(143) Survivor regions: 56->38(62)
[2026-04-03T03:30:42.980+0600][30.763s][info][gc,heap        ] GC(143) Old regions: 281->307
[2026-04-03T03:30:42.980+0600][30.763s][info][gc,heap        ] GC(143) Humongous regions: 59->59
[2026-04-03T03:30:42.980+0600][30.763s][info][gc,metaspace   ] GC(143) Metaspace: 69871K(70720K)->69871K(70720K) NonClass: 60958K(61440K)->60958K(61440K) Class: 8912K(9280K)->8912K(9280K)
[2026-04-03T03:30:42.980+0600][30.763s][info][gc             ] GC(143) Pause Young (Concurrent Start) (G1 Humongous Allocation) 561M->402M(962M) 47.982ms
[2026-04-03T03:30:42.980+0600][30.763s][info][gc,cpu         ] GC(143) User=0.47s Sys=0.00s Real=0.05s
[2026-04-03T03:30:42.980+0600][30.763s][info][gc             ] GC(144) Concurrent Mark Cycle
[2026-04-03T03:30:42.980+0600][30.763s][info][gc,marking     ] GC(144) Concurrent Scan Root Regions
[2026-04-03T03:30:43.006+0600][30.790s][info][gc,marking     ] GC(144) Concurrent Scan Root Regions 26.193ms
[2026-04-03T03:30:43.006+0600][30.790s][info][gc,marking     ] GC(144) Concurrent Mark
[2026-04-03T03:30:43.006+0600][30.790s][info][gc,marking     ] GC(144) Concurrent Mark From Roots
[2026-04-03T03:30:43.006+0600][30.790s][info][gc,task        ] GC(144) Using 3 workers of 3 for marking
[2026-04-03T03:30:43.302+0600][31.085s][info][gc,marking     ] GC(144) Concurrent Mark From Roots 295.221ms
[2026-04-03T03:30:43.302+0600][31.085s][info][gc,marking     ] GC(144) Concurrent Preclean
[2026-04-03T03:30:43.302+0600][31.085s][info][gc,marking     ] GC(144) Concurrent Preclean 0.269ms
[2026-04-03T03:30:43.302+0600][31.086s][info][gc,start       ] GC(144) Pause Remark
[2026-04-03T03:30:43.307+0600][31.091s][info][gc             ] GC(144) Pause Remark 617M->599M(962M) 4.896ms
[2026-04-03T03:30:43.307+0600][31.091s][info][gc,cpu         ] GC(144) User=0.03s Sys=0.01s Real=0.00s
[2026-04-03T03:30:43.308+0600][31.091s][info][gc,marking     ] GC(144) Concurrent Mark 301.218ms
[2026-04-03T03:30:43.308+0600][31.091s][info][gc,marking     ] GC(144) Concurrent Rebuild Remembered Sets and Scrub Regions
[2026-04-03T03:30:43.680+0600][31.463s][info][gc,marking     ] GC(144) Concurrent Rebuild Remembered Sets and Scrub Regions 372.280ms
[2026-04-03T03:30:43.680+0600][31.464s][info][gc,start       ] GC(144) Pause Cleanup
[2026-04-03T03:30:43.681+0600][31.464s][info][gc             ] GC(144) Pause Cleanup 630M->630M(962M) 0.773ms
[2026-04-03T03:30:43.681+0600][31.465s][info][gc,cpu         ] GC(144) User=0.00s Sys=0.00s Real=0.00s
[2026-04-03T03:30:43.681+0600][31.465s][info][gc,marking     ] GC(144) Concurrent Clear Claimed Marks
[2026-04-03T03:30:43.681+0600][31.465s][info][gc,marking     ] GC(144) Concurrent Clear Claimed Marks 0.236ms
[2026-04-03T03:30:43.682+0600][31.465s][info][gc,marking     ] GC(144) Concurrent Cleanup for Next Mark
[2026-04-03T03:30:43.683+0600][31.466s][info][gc,marking     ] GC(144) Concurrent Cleanup for Next Mark 1.403ms
[2026-04-03T03:30:43.683+0600][31.466s][info][gc             ] GC(144) Concurrent Mark Cycle 703.094ms
[2026-04-03T03:30:44.674+0600][32.457s][info][gc,start       ] GC(145) Pause Young (Prepare Mixed) (G1 Evacuation Pause)
[2026-04-03T03:30:44.674+0600][32.458s][info][gc,task        ] GC(145) Using 10 workers of 10 for evacuation
[2026-04-03T03:30:44.805+0600][32.588s][info][gc,phases      ] GC(145)   Pre Evacuate Collection Set: 0.53ms
[2026-04-03T03:30:44.805+0600][32.588s][info][gc,phases      ] GC(145)   Merge Heap Roots: 4.22ms
[2026-04-03T03:30:44.805+0600][32.588s][info][gc,phases      ] GC(145)   Evacuate Collection Set: 124.27ms
[2026-04-03T03:30:44.805+0600][32.588s][info][gc,phases      ] GC(145)   Post Evacuate Collection Set: 1.34ms
[2026-04-03T03:30:44.805+0600][32.588s][info][gc,phases      ] GC(145)   Other: 0.20ms
[2026-04-03T03:30:44.805+0600][32.588s][info][gc,heap        ] GC(145) Eden regions: 445->0(388)
[2026-04-03T03:30:44.805+0600][32.588s][info][gc,heap        ] GC(145) Survivor regions: 38->60(61)
[2026-04-03T03:30:44.805+0600][32.588s][info][gc,heap        ] GC(145) Old regions: 307->332
[2026-04-03T03:30:44.805+0600][32.588s][info][gc,heap        ] GC(145) Humongous regions: 133->116
[2026-04-03T03:30:44.805+0600][32.588s][info][gc,metaspace   ] GC(145) Metaspace: 69987K(70848K)->69987K(70848K) NonClass: 61067K(61568K)->61067K(61568K) Class: 8920K(9280K)->8920K(9280K)
[2026-04-03T03:30:44.805+0600][32.588s][info][gc             ] GC(145) Pause Young (Prepare Mixed) (G1 Evacuation Pause) 921M->506M(1008M) 130.941ms
[2026-04-03T03:30:44.805+0600][32.588s][info][gc,cpu         ] GC(145) User=1.24s Sys=0.05s Real=0.13s
[2026-04-03T03:30:45.354+0600][33.137s][info][gc,start       ] GC(146) Pause Young (Mixed) (G1 Evacuation Pause)
[2026-04-03T03:30:45.354+0600][33.137s][info][gc,task        ] GC(146) Using 10 workers of 10 for evacuation
[2026-04-03T03:30:45.475+0600][33.258s][info][gc,phases      ] GC(146)   Pre Evacuate Collection Set: 0.42ms
[2026-04-03T03:30:45.475+0600][33.258s][info][gc,phases      ] GC(146)   Merge Heap Roots: 1.59ms
[2026-04-03T03:30:45.475+0600][33.258s][info][gc,phases      ] GC(146)   Evacuate Collection Set: 117.50ms
[2026-04-03T03:30:45.475+0600][33.258s][info][gc,phases      ] GC(146)   Post Evacuate Collection Set: 1.04ms
[2026-04-03T03:30:45.475+0600][33.258s][info][gc,phases      ] GC(146)   Other: 0.19ms
[2026-04-03T03:30:45.475+0600][33.258s][info][gc,heap        ] GC(146) Eden regions: 180->0(333)
[2026-04-03T03:30:45.475+0600][33.258s][info][gc,heap        ] GC(146) Survivor regions: 60->30(30)
[2026-04-03T03:30:45.475+0600][33.258s][info][gc,heap        ] GC(146) Old regions: 332->384
[2026-04-03T03:30:45.475+0600][33.258s][info][gc,heap        ] GC(146) Humongous regions: 154->149
[2026-04-03T03:30:45.475+0600][33.258s][info][gc,metaspace   ] GC(146) Metaspace: 70420K(71360K)->70420K(71360K) NonClass: 61418K(61952K)->61418K(61952K) Class: 9002K(9408K)->9002K(9408K)
[2026-04-03T03:30:45.475+0600][33.258s][info][gc             ] GC(146) Pause Young (Mixed) (G1 Evacuation Pause) 724M->561M(1008M) 121.434ms
[2026-04-03T03:30:45.475+0600][33.258s][info][gc,cpu         ] GC(146) User=1.20s Sys=0.01s Real=0.12s
[2026-04-03T03:30:45.495+0600][33.278s][info][gc,start       ] GC(147) Pause Young (Concurrent Start) (G1 Humongous Allocation)
[2026-04-03T03:30:45.495+0600][33.278s][info][gc,task        ] GC(147) Using 10 workers of 10 for evacuation
[2026-04-03T03:30:45.526+0600][33.309s][info][gc,phases      ] GC(147)   Pre Evacuate Collection Set: 0.52ms
[2026-04-03T03:30:45.526+0600][33.309s][info][gc,phases      ] GC(147)   Merge Heap Roots: 0.24ms
[2026-04-03T03:30:45.526+0600][33.309s][info][gc,phases      ] GC(147)   Evacuate Collection Set: 27.71ms
[2026-04-03T03:30:45.526+0600][33.309s][info][gc,phases      ] GC(147)   Post Evacuate Collection Set: 2.38ms
[2026-04-03T03:30:45.526+0600][33.309s][info][gc,phases      ] GC(147)   Other: 0.13ms
[2026-04-03T03:30:45.526+0600][33.309s][info][gc,heap        ] GC(147) Eden regions: 43->0(510)
[2026-04-03T03:30:45.526+0600][33.309s][info][gc,heap        ] GC(147) Survivor regions: 30->4(46)
[2026-04-03T03:30:45.526+0600][33.309s][info][gc,heap        ] GC(147) Old regions: 384->416
[2026-04-03T03:30:45.526+0600][33.309s][info][gc,heap        ] GC(147) Humongous regions: 149->149
[2026-04-03T03:30:45.526+0600][33.309s][info][gc,metaspace   ] GC(147) Metaspace: 70421K(71360K)->70421K(71360K) NonClass: 61419K(61952K)->61419K(61952K) Class: 9002K(9408K)->9002K(9408K)
[2026-04-03T03:30:45.526+0600][33.309s][info][gc             ] GC(147) Pause Young (Concurrent Start) (G1 Humongous Allocation) 603M->567M(1195M) 31.262ms
[2026-04-03T03:30:45.526+0600][33.310s][info][gc,cpu         ] GC(147) User=0.32s Sys=0.00s Real=0.03s
[2026-04-03T03:30:45.526+0600][33.310s][info][gc             ] GC(148) Concurrent Mark Cycle
[2026-04-03T03:30:45.526+0600][33.310s][info][gc,marking     ] GC(148) Concurrent Scan Root Regions
[2026-04-03T03:30:45.537+0600][33.320s][info][gc,marking     ] GC(148) Concurrent Scan Root Regions 10.362ms
[2026-04-03T03:30:45.537+0600][33.320s][info][gc,marking     ] GC(148) Concurrent Mark
[2026-04-03T03:30:45.537+0600][33.320s][info][gc,marking     ] GC(148) Concurrent Mark From Roots
[2026-04-03T03:30:45.537+0600][33.320s][info][gc,task        ] GC(148) Using 3 workers of 3 for marking
[2026-04-03T03:30:45.681+0600][33.464s][info][gc,marking     ] GC(148) Concurrent Mark From Roots 144.060ms
[2026-04-03T03:30:45.681+0600][33.464s][info][gc,marking     ] GC(148) Concurrent Preclean
[2026-04-03T03:30:45.681+0600][33.465s][info][gc,marking     ] GC(148) Concurrent Preclean 0.193ms
[2026-04-03T03:30:45.682+0600][33.465s][info][gc,start       ] GC(148) Pause Remark
[2026-04-03T03:30:45.702+0600][33.485s][info][gc             ] GC(148) Pause Remark 622M->343M(1004M) 19.995ms
[2026-04-03T03:30:45.702+0600][33.485s][info][gc,cpu         ] GC(148) User=0.17s Sys=0.01s Real=0.02s
[2026-04-03T03:30:45.702+0600][33.485s][info][gc,marking     ] GC(148) Concurrent Mark 165.131ms
[2026-04-03T03:30:45.702+0600][33.485s][info][gc,marking     ] GC(148) Concurrent Rebuild Remembered Sets and Scrub Regions
[2026-04-03T03:30:45.767+0600][33.550s][info][gc,marking     ] GC(148) Concurrent Rebuild Remembered Sets and Scrub Regions 65.078ms
[2026-04-03T03:30:45.768+0600][33.551s][info][gc,start       ] GC(148) Pause Cleanup
[2026-04-03T03:30:45.768+0600][33.552s][info][gc             ] GC(148) Pause Cleanup 388M->388M(1004M) 0.749ms
[2026-04-03T03:30:45.768+0600][33.552s][info][gc,cpu         ] GC(148) User=0.00s Sys=0.00s Real=0.00s
[2026-04-03T03:30:45.769+0600][33.552s][info][gc,marking     ] GC(148) Concurrent Clear Claimed Marks
[2026-04-03T03:30:45.769+0600][33.552s][info][gc,marking     ] GC(148) Concurrent Clear Claimed Marks 0.307ms
[2026-04-03T03:30:45.769+0600][33.552s][info][gc,marking     ] GC(148) Concurrent Cleanup for Next Mark
[2026-04-03T03:30:45.770+0600][33.554s][info][gc,marking     ] GC(148) Concurrent Cleanup for Next Mark 1.484ms
[2026-04-03T03:30:45.771+0600][33.554s][info][gc             ] GC(148) Concurrent Mark Cycle 244.354ms
[2026-04-03T03:30:47.076+0600][34.859s][info][gc,start       ] GC(149) Pause Young (Prepare Mixed) (G1 Evacuation Pause)
[2026-04-03T03:30:47.076+0600][34.859s][info][gc,task        ] GC(149) Using 10 workers of 10 for evacuation
[2026-04-03T03:30:47.145+0600][34.929s][info][gc,phases      ] GC(149)   Pre Evacuate Collection Set: 0.41ms
[2026-04-03T03:30:47.145+0600][34.929s][info][gc,phases      ] GC(149)   Merge Heap Roots: 1.05ms
[2026-04-03T03:30:47.145+0600][34.929s][info][gc,phases      ] GC(149)   Evacuate Collection Set: 66.11ms
[2026-04-03T03:30:47.145+0600][34.929s][info][gc,phases      ] GC(149)   Post Evacuate Collection Set: 1.38ms
[2026-04-03T03:30:47.145+0600][34.929s][info][gc,phases      ] GC(149)   Other: 0.27ms
[2026-04-03T03:30:47.145+0600][34.929s][info][gc,heap        ] GC(149) Eden regions: 510->0(474)
[2026-04-03T03:30:47.145+0600][34.929s][info][gc,heap        ] GC(149) Survivor regions: 4->59(65)
[2026-04-03T03:30:47.145+0600][34.929s][info][gc,heap        ] GC(149) Old regions: 265->265
[2026-04-03T03:30:47.145+0600][34.929s][info][gc,heap        ] GC(149) Humongous regions: 85->63
[2026-04-03T03:30:47.145+0600][34.929s][info][gc,metaspace   ] GC(149) Metaspace: 70696K(71616K)->70696K(71616K) NonClass: 61664K(62144K)->61664K(62144K) Class: 9032K(9472K)->9032K(9472K)
[2026-04-03T03:30:47.145+0600][34.929s][info][gc             ] GC(149) Pause Young (Prepare Mixed) (G1 Evacuation Pause) 862M->384M(1004M) 69.635ms
[2026-04-03T03:30:47.145+0600][34.929s][info][gc,cpu         ] GC(149) User=0.69s Sys=0.00s Real=0.07s
[2026-04-03T03:30:48.374+0600][36.158s][info][gc,start       ] GC(150) Pause Young (Mixed) (G1 Evacuation Pause)
[2026-04-03T03:30:48.375+0600][36.158s][info][gc,task        ] GC(150) Using 10 workers of 10 for evacuation
[2026-04-03T03:30:48.562+0600][36.346s][info][gc,phases      ] GC(150)   Pre Evacuate Collection Set: 0.50ms
[2026-04-03T03:30:48.563+0600][36.346s][info][gc,phases      ] GC(150)   Merge Heap Roots: 0.81ms
[2026-04-03T03:30:48.563+0600][36.346s][info][gc,phases      ] GC(150)   Evacuate Collection Set: 184.97ms
[2026-04-03T03:30:48.563+0600][36.346s][info][gc,phases      ] GC(150)   Post Evacuate Collection Set: 1.47ms
[2026-04-03T03:30:48.563+0600][36.346s][info][gc,phases      ] GC(150)   Other: 0.15ms
[2026-04-03T03:30:48.563+0600][36.346s][info][gc,heap        ] GC(150) Eden regions: 420->0(446)
[2026-04-03T03:30:48.563+0600][36.346s][info][gc,heap        ] GC(150) Survivor regions: 59->57(67)
[2026-04-03T03:30:48.563+0600][36.346s][info][gc,heap        ] GC(150) Old regions: 265->283
[2026-04-03T03:30:48.563+0600][36.346s][info][gc,heap        ] GC(150) Humongous regions: 268->200
[2026-04-03T03:30:48.563+0600][36.346s][info][gc,metaspace   ] GC(150) Metaspace: 72357K(73280K)->72357K(73280K) NonClass: 63092K(63616K)->63092K(63616K) Class: 9265K(9664K)->9265K(9664K)
[2026-04-03T03:30:48.563+0600][36.346s][info][gc             ] GC(150) Pause Young (Mixed) (G1 Evacuation Pause) 1009M->537M(1128M) 188.260ms
[2026-04-03T03:30:48.563+0600][36.346s][info][gc,cpu         ] GC(150) User=1.69s Sys=0.15s Real=0.19s
[2026-04-03T03:30:48.584+0600][36.367s][info][gc,start       ] GC(151) Pause Young (Concurrent Start) (G1 Humongous Allocation)
[2026-04-03T03:30:48.584+0600][36.367s][info][gc,task        ] GC(151) Using 10 workers of 10 for evacuation
[2026-04-03T03:30:48.641+0600][36.424s][info][gc,phases      ] GC(151)   Pre Evacuate Collection Set: 0.49ms
[2026-04-03T03:30:48.641+0600][36.424s][info][gc,phases      ] GC(151)   Merge Heap Roots: 0.31ms
[2026-04-03T03:30:48.641+0600][36.424s][info][gc,phases      ] GC(151)   Evacuate Collection Set: 54.94ms
[2026-04-03T03:30:48.641+0600][36.424s][info][gc,phases      ] GC(151)   Post Evacuate Collection Set: 0.72ms
[2026-04-03T03:30:48.641+0600][36.424s][info][gc,phases      ] GC(151)   Other: 0.15ms
[2026-04-03T03:30:48.641+0600][36.424s][info][gc,heap        ] GC(151) Eden regions: 16->0(455)
[2026-04-03T03:30:48.641+0600][36.424s][info][gc,heap        ] GC(151) Survivor regions: 57->7(63)
[2026-04-03T03:30:48.641+0600][36.424s][info][gc,heap        ] GC(151) Old regions: 283->339
[2026-04-03T03:30:48.641+0600][36.424s][info][gc,heap        ] GC(151) Humongous regions: 200->188
[2026-04-03T03:30:48.641+0600][36.424s][info][gc,metaspace   ] GC(151) Metaspace: 72387K(73344K)->72387K(73344K) NonClass: 63122K(63680K)->63122K(63680K) Class: 9265K(9664K)->9265K(9664K)
[2026-04-03T03:30:48.641+0600][36.424s][info][gc             ] GC(151) Pause Young (Concurrent Start) (G1 Humongous Allocation) 552M->531M(1128M) 56.963ms
[2026-04-03T03:30:48.641+0600][36.424s][info][gc,cpu         ] GC(151) User=0.57s Sys=0.00s Real=0.06s
[2026-04-03T03:30:48.641+0600][36.425s][info][gc             ] GC(152) Concurrent Mark Cycle
[2026-04-03T03:30:48.641+0600][36.425s][info][gc,marking     ] GC(152) Concurrent Scan Root Regions
[2026-04-03T03:30:48.662+0600][36.445s][info][gc,marking     ] GC(152) Concurrent Scan Root Regions 20.594ms
[2026-04-03T03:30:48.662+0600][36.445s][info][gc,marking     ] GC(152) Concurrent Mark
[2026-04-03T03:30:48.662+0600][36.445s][info][gc,marking     ] GC(152) Concurrent Mark From Roots
[2026-04-03T03:30:48.662+0600][36.445s][info][gc,task        ] GC(152) Using 3 workers of 3 for marking
[2026-04-03T03:30:48.775+0600][36.558s][info][gc,marking     ] GC(152) Concurrent Mark From Roots 112.750ms
[2026-04-03T03:30:48.775+0600][36.558s][info][gc,marking     ] GC(152) Concurrent Preclean
[2026-04-03T03:30:48.775+0600][36.558s][info][gc,marking     ] GC(152) Concurrent Preclean 0.198ms
[2026-04-03T03:30:48.775+0600][36.559s][info][gc,start       ] GC(152) Pause Remark
[2026-04-03T03:30:48.788+0600][36.571s][info][gc             ] GC(152) Pause Remark 691M->525M(1128M) 12.350ms
[2026-04-03T03:30:48.788+0600][36.571s][info][gc,cpu         ] GC(152) User=0.10s Sys=0.00s Real=0.01s
[2026-04-03T03:30:48.788+0600][36.571s][info][gc,marking     ] GC(152) Concurrent Mark 126.081ms
[2026-04-03T03:30:48.788+0600][36.571s][info][gc,marking     ] GC(152) Concurrent Rebuild Remembered Sets and Scrub Regions
[2026-04-03T03:30:48.849+0600][36.632s][info][gc,marking     ] GC(152) Concurrent Rebuild Remembered Sets and Scrub Regions 60.605ms
[2026-04-03T03:30:48.849+0600][36.632s][info][gc,start       ] GC(152) Pause Cleanup
[2026-04-03T03:30:48.850+0600][36.633s][info][gc             ] GC(152) Pause Cleanup 569M->569M(1128M) 0.523ms
[2026-04-03T03:30:48.850+0600][36.633s][info][gc,cpu         ] GC(152) User=0.00s Sys=0.00s Real=0.00s
[2026-04-03T03:30:48.850+0600][36.633s][info][gc,marking     ] GC(152) Concurrent Clear Claimed Marks
[2026-04-03T03:30:48.850+0600][36.633s][info][gc,marking     ] GC(152) Concurrent Clear Claimed Marks 0.240ms
[2026-04-03T03:30:48.850+0600][36.633s][info][gc,marking     ] GC(152) Concurrent Cleanup for Next Mark
[2026-04-03T03:30:48.852+0600][36.635s][info][gc,marking     ] GC(152) Concurrent Cleanup for Next Mark 1.712ms
[2026-04-03T03:30:48.852+0600][36.635s][info][gc             ] GC(152) Concurrent Mark Cycle 210.639ms
[2026-04-03T03:30:49.075+0600][36.858s][info][gc,start       ] GC(153) Pause Young (Prepare Mixed) (G1 Evacuation Pause)
[2026-04-03T03:30:49.075+0600][36.858s][info][gc,task        ] GC(153) Using 10 workers of 10 for evacuation
[2026-04-03T03:30:49.113+0600][36.896s][info][gc,phases      ] GC(153)   Pre Evacuate Collection Set: 0.38ms
[2026-04-03T03:30:49.113+0600][36.896s][info][gc,phases      ] GC(153)   Merge Heap Roots: 0.39ms
[2026-04-03T03:30:49.113+0600][36.896s][info][gc,phases      ] GC(153)   Evacuate Collection Set: 35.55ms
[2026-04-03T03:30:49.113+0600][36.896s][info][gc,phases      ] GC(153)   Post Evacuate Collection Set: 1.12ms
[2026-04-03T03:30:49.113+0600][36.896s][info][gc,phases      ] GC(153)   Other: 0.14ms
[2026-04-03T03:30:49.113+0600][36.896s][info][gc,heap        ] GC(153) Eden regions: 455->0(528)
[2026-04-03T03:30:49.113+0600][36.896s][info][gc,heap        ] GC(153) Survivor regions: 7->46(58)
[2026-04-03T03:30:49.113+0600][36.896s][info][gc,heap        ] GC(153) Old regions: 276->276
[2026-04-03T03:30:49.113+0600][36.896s][info][gc,heap        ] GC(153) Humongous regions: 145->118
[2026-04-03T03:30:49.113+0600][36.896s][info][gc,metaspace   ] GC(153) Metaspace: 72411K(73344K)->72411K(73344K) NonClass: 63155K(63680K)->63155K(63680K) Class: 9256K(9664K)->9256K(9664K)
[2026-04-03T03:30:49.113+0600][36.896s][info][gc             ] GC(153) Pause Young (Prepare Mixed) (G1 Evacuation Pause) 880M->437M(1128M) 37.947ms
[2026-04-03T03:30:49.113+0600][36.896s][info][gc,cpu         ] GC(153) User=0.41s Sys=0.01s Real=0.04s
[2026-04-03T03:30:49.349+0600][37.133s][info][gc,start       ] GC(154) Pause Full (System.gc())
[2026-04-03T03:30:49.349+0600][37.133s][info][gc,task        ] GC(154) Using 10 workers of 10 for full compaction
[2026-04-03T03:30:49.350+0600][37.133s][info][gc,phases,start] GC(154) Phase 1: Mark live objects
[2026-04-03T03:30:49.392+0600][37.176s][info][gc,phases      ] GC(154) Phase 1: Mark live objects 42.393ms
[2026-04-03T03:30:49.392+0600][37.176s][info][gc,phases,start] GC(154) Phase 2: Prepare compaction
[2026-04-03T03:30:49.397+0600][37.180s][info][gc,phases      ] GC(154) Phase 2: Prepare compaction 4.871ms
[2026-04-03T03:30:49.397+0600][37.181s][info][gc,phases,start] GC(154) Phase 3: Adjust pointers
[2026-04-03T03:30:49.414+0600][37.198s][info][gc,phases      ] GC(154) Phase 3: Adjust pointers 17.210ms
[2026-04-03T03:30:49.414+0600][37.198s][info][gc,phases,start] GC(154) Phase 4: Compact heap
[2026-04-03T03:30:49.422+0600][37.205s][info][gc,phases      ] GC(154) Phase 4: Compact heap 7.608ms
[2026-04-03T03:30:49.422+0600][37.206s][info][gc,phases,start] GC(154) Phase 5: Reset Metadata
[2026-04-03T03:30:49.429+0600][37.213s][info][gc,phases      ] GC(154) Phase 5: Reset Metadata 6.988ms
[2026-04-03T03:30:49.437+0600][37.220s][info][gc,heap        ] GC(154) Eden regions: 288->0(282)
[2026-04-03T03:30:49.437+0600][37.221s][info][gc,heap        ] GC(154) Survivor regions: 46->0(58)
[2026-04-03T03:30:49.437+0600][37.221s][info][gc,heap        ] GC(154) Old regions: 276->146
[2026-04-03T03:30:49.437+0600][37.221s][info][gc,heap        ] GC(154) Humongous regions: 121->11
[2026-04-03T03:30:49.437+0600][37.221s][info][gc,metaspace   ] GC(154) Metaspace: 72535K(73472K)->72535K(73472K) NonClass: 63261K(63808K)->63261K(63808K) Class: 9273K(9664K)->9273K(9664K)
[2026-04-03T03:30:49.437+0600][37.221s][info][gc             ] GC(154) Pause Full (System.gc()) 728M->150M(524M) 87.806ms
[2026-04-03T03:30:49.437+0600][37.221s][info][gc,cpu         ] GC(154) User=0.71s Sys=0.01s Real=0.09s
[2026-04-03T03:30:49.492+0600][37.275s][info][gc,start       ] GC(155) Pause Young (Concurrent Start) (G1 Humongous Allocation)
[2026-04-03T03:30:49.492+0600][37.275s][info][gc,task        ] GC(155) Using 10 workers of 10 for evacuation
[2026-04-03T03:30:49.495+0600][37.278s][info][gc,phases      ] GC(155)   Pre Evacuate Collection Set: 0.44ms
[2026-04-03T03:30:49.495+0600][37.278s][info][gc,phases      ] GC(155)   Merge Heap Roots: 0.15ms
[2026-04-03T03:30:49.495+0600][37.278s][info][gc,phases      ] GC(155)   Evacuate Collection Set: 1.18ms
[2026-04-03T03:30:49.495+0600][37.278s][info][gc,phases      ] GC(155)   Post Evacuate Collection Set: 0.45ms
[2026-04-03T03:30:49.495+0600][37.278s][info][gc,phases      ] GC(155)   Other: 0.21ms
[2026-04-03T03:30:49.495+0600][37.278s][info][gc,heap        ] GC(155) Eden regions: 20->0(291)
[2026-04-03T03:30:49.495+0600][37.278s][info][gc,heap        ] GC(155) Survivor regions: 0->5(36)
[2026-04-03T03:30:49.495+0600][37.278s][info][gc,heap        ] GC(155) Old regions: 146->146
[2026-04-03T03:30:49.495+0600][37.278s][info][gc,heap        ] GC(155) Humongous regions: 11->11
[2026-04-03T03:30:49.495+0600][37.278s][info][gc,metaspace   ] GC(155) Metaspace: 72668K(73600K)->72668K(73600K) NonClass: 63373K(63936K)->63373K(63936K) Class: 9294K(9664K)->9294K(9664K)
[2026-04-03T03:30:49.495+0600][37.278s][info][gc             ] GC(155) Pause Young (Concurrent Start) (G1 Humongous Allocation) 169M->155M(524M) 2.759ms
[2026-04-03T03:30:49.495+0600][37.278s][info][gc,cpu         ] GC(155) User=0.01s Sys=0.01s Real=0.00s
[2026-04-03T03:30:49.495+0600][37.278s][info][gc             ] GC(156) Concurrent Mark Cycle
[2026-04-03T03:30:49.495+0600][37.278s][info][gc,marking     ] GC(156) Concurrent Scan Root Regions
[2026-04-03T03:30:49.496+0600][37.279s][info][gc,marking     ] GC(156) Concurrent Scan Root Regions 1.057ms
[2026-04-03T03:30:49.496+0600][37.279s][info][gc,marking     ] GC(156) Concurrent Mark
[2026-04-03T03:30:49.496+0600][37.279s][info][gc,marking     ] GC(156) Concurrent Mark From Roots
[2026-04-03T03:30:49.496+0600][37.279s][info][gc,task        ] GC(156) Using 3 workers of 3 for marking
[2026-04-03T03:30:49.667+0600][37.450s][info][gc,marking     ] GC(156) Concurrent Mark From Roots 170.944ms
[2026-04-03T03:30:49.667+0600][37.450s][info][gc,marking     ] GC(156) Concurrent Preclean
[2026-04-03T03:30:49.667+0600][37.451s][info][gc,marking     ] GC(156) Concurrent Preclean 0.285ms
[2026-04-03T03:30:49.668+0600][37.451s][info][gc,start       ] GC(156) Pause Remark
[2026-04-03T03:30:49.673+0600][37.457s][info][gc             ] GC(156) Pause Remark 260M->260M(524M) 5.555ms
[2026-04-03T03:30:49.674+0600][37.457s][info][gc,cpu         ] GC(156) User=0.04s Sys=0.00s Real=0.01s
[2026-04-03T03:30:49.674+0600][37.457s][info][gc,marking     ] GC(156) Concurrent Mark 177.602ms
[2026-04-03T03:30:49.674+0600][37.457s][info][gc,marking     ] GC(156) Concurrent Rebuild Remembered Sets and Scrub Regions
[2026-04-03T03:30:49.744+0600][37.527s][info][gc,marking     ] GC(156) Concurrent Rebuild Remembered Sets and Scrub Regions 69.938ms
[2026-04-03T03:30:49.744+0600][37.527s][info][gc,start       ] GC(156) Pause Cleanup
[2026-04-03T03:30:49.745+0600][37.528s][info][gc             ] GC(156) Pause Cleanup 314M->314M(524M) 0.559ms
[2026-04-03T03:30:49.745+0600][37.528s][info][gc,cpu         ] GC(156) User=0.01s Sys=0.00s Real=0.00s
[2026-04-03T03:30:49.745+0600][37.528s][info][gc,marking     ] GC(156) Concurrent Clear Claimed Marks
[2026-04-03T03:30:49.745+0600][37.528s][info][gc,marking     ] GC(156) Concurrent Clear Claimed Marks 0.216ms
[2026-04-03T03:30:49.745+0600][37.528s][info][gc,marking     ] GC(156) Concurrent Cleanup for Next Mark
[2026-04-03T03:30:49.746+0600][37.529s][info][gc,marking     ] GC(156) Concurrent Cleanup for Next Mark 0.962ms
[2026-04-03T03:30:49.746+0600][37.529s][info][gc             ] GC(156) Concurrent Mark Cycle 251.198ms
[2026-04-03T03:30:49.893+0600][37.676s][info][gc,start       ] GC(157) Pause Young (Prepare Mixed) (G1 Evacuation Pause)
[2026-04-03T03:30:49.893+0600][37.676s][info][gc,task        ] GC(157) Using 10 workers of 10 for evacuation
[2026-04-03T03:30:49.945+0600][37.729s][info][gc,phases      ] GC(157)   Pre Evacuate Collection Set: 0.39ms
[2026-04-03T03:30:49.945+0600][37.729s][info][gc,phases      ] GC(157)   Merge Heap Roots: 0.67ms
[2026-04-03T03:30:49.945+0600][37.729s][info][gc,phases      ] GC(157)   Evacuate Collection Set: 50.33ms
[2026-04-03T03:30:49.945+0600][37.729s][info][gc,phases      ] GC(157)   Post Evacuate Collection Set: 0.71ms
[2026-04-03T03:30:49.945+0600][37.729s][info][gc,phases      ] GC(157)   Other: 0.11ms
[2026-04-03T03:30:49.945+0600][37.729s][info][gc,heap        ] GC(157) Eden regions: 291->0(209)
[2026-04-03T03:30:49.945+0600][37.729s][info][gc,heap        ] GC(157) Survivor regions: 5->37(37)
[2026-04-03T03:30:49.945+0600][37.729s][info][gc,heap        ] GC(157) Old regions: 146->189
[2026-04-03T03:30:49.945+0600][37.729s][info][gc,heap        ] GC(157) Humongous regions: 52->47
[2026-04-03T03:30:49.945+0600][37.729s][info][gc,metaspace   ] GC(157) Metaspace: 72684K(73600K)->72684K(73600K) NonClass: 63388K(63936K)->63388K(63936K) Class: 9295K(9664K)->9295K(9664K)
[2026-04-03T03:30:49.945+0600][37.729s][info][gc             ] GC(157) Pause Young (Prepare Mixed) (G1 Evacuation Pause) 487M->265M(574M) 52.480ms
[2026-04-03T03:30:49.946+0600][37.729s][info][gc,cpu         ] GC(157) User=0.44s Sys=0.07s Real=0.05s
[2026-04-03T03:30:50.107+0600][37.891s][info][gc,start       ] GC(158) Pause Young (Mixed) (G1 Evacuation Pause)
[2026-04-03T03:30:50.108+0600][37.891s][info][gc,task        ] GC(158) Using 10 workers of 10 for evacuation
[2026-04-03T03:30:50.157+0600][37.940s][info][gc,phases      ] GC(158)   Pre Evacuate Collection Set: 0.37ms
[2026-04-03T03:30:50.157+0600][37.941s][info][gc,phases      ] GC(158)   Merge Heap Roots: 0.48ms
[2026-04-03T03:30:50.157+0600][37.941s][info][gc,phases      ] GC(158)   Evacuate Collection Set: 47.95ms
[2026-04-03T03:30:50.157+0600][37.941s][info][gc,phases      ] GC(158)   Post Evacuate Collection Set: 0.64ms
[2026-04-03T03:30:50.157+0600][37.941s][info][gc,phases      ] GC(158)   Other: 0.12ms
[2026-04-03T03:30:50.157+0600][37.941s][info][gc,heap        ] GC(158) Eden regions: 209->0(187)
[2026-04-03T03:30:50.157+0600][37.941s][info][gc,heap        ] GC(158) Survivor regions: 37->26(31)
[2026-04-03T03:30:50.157+0600][37.941s][info][gc,heap        ] GC(158) Old regions: 189->226
[2026-04-03T03:30:50.157+0600][37.941s][info][gc,heap        ] GC(158) Humongous regions: 62->62
[2026-04-03T03:30:50.157+0600][37.941s][info][gc,metaspace   ] GC(158) Metaspace: 72684K(73600K)->72684K(73600K) NonClass: 63388K(63936K)->63388K(63936K) Class: 9295K(9664K)->9295K(9664K)
[2026-04-03T03:30:50.157+0600][37.941s][info][gc             ] GC(158) Pause Young (Mixed) (G1 Evacuation Pause) 489M->308M(574M) 49.852ms
[2026-04-03T03:30:50.157+0600][37.941s][info][gc,cpu         ] GC(158) User=0.48s Sys=0.00s Real=0.05s
[2026-04-03T03:30:50.274+0600][38.058s][info][gc,start       ] GC(159) Pause Young (Concurrent Start) (G1 Humongous Allocation)
[2026-04-03T03:30:50.274+0600][38.058s][info][gc,task        ] GC(159) Using 10 workers of 10 for evacuation
[2026-04-03T03:30:50.307+0600][38.091s][info][gc,phases      ] GC(159)   Pre Evacuate Collection Set: 0.48ms
[2026-04-03T03:30:50.307+0600][38.091s][info][gc,phases      ] GC(159)   Merge Heap Roots: 0.25ms
[2026-04-03T03:30:50.307+0600][38.091s][info][gc,phases      ] GC(159)   Evacuate Collection Set: 29.17ms
[2026-04-03T03:30:50.307+0600][38.091s][info][gc,phases      ] GC(159)   Post Evacuate Collection Set: 2.73ms
[2026-04-03T03:30:50.307+0600][38.091s][info][gc,phases      ] GC(159)   Other: 0.29ms
[2026-04-03T03:30:50.307+0600][38.091s][info][gc,heap        ] GC(159) Eden regions: 134->0(364)
[2026-04-03T03:30:50.307+0600][38.091s][info][gc,heap        ] GC(159) Survivor regions: 26->15(27)
[2026-04-03T03:30:50.307+0600][38.091s][info][gc,heap        ] GC(159) Old regions: 226->250
[2026-04-03T03:30:50.307+0600][38.091s][info][gc,heap        ] GC(159) Humongous regions: 62->62
[2026-04-03T03:30:50.307+0600][38.091s][info][gc,metaspace   ] GC(159) Metaspace: 72686K(73600K)->72686K(73600K) NonClass: 63390K(63936K)->63390K(63936K) Class: 9295K(9664K)->9295K(9664K)
[2026-04-03T03:30:50.307+0600][38.091s][info][gc             ] GC(159) Pause Young (Concurrent Start) (G1 Humongous Allocation) 442M->321M(819M) 33.276ms
[2026-04-03T03:30:50.307+0600][38.091s][info][gc             ] GC(160) Concurrent Mark Cycle
[2026-04-03T03:30:50.308+0600][38.091s][info][gc,marking     ] GC(160) Concurrent Scan Root Regions
[2026-04-03T03:30:50.308+0600][38.091s][info][gc,cpu         ] GC(159) User=0.28s Sys=0.00s Real=0.03s
[2026-04-03T03:30:50.322+0600][38.105s][info][gc,marking     ] GC(160) Concurrent Scan Root Regions 14.439ms
[2026-04-03T03:30:50.322+0600][38.105s][info][gc,marking     ] GC(160) Concurrent Mark
[2026-04-03T03:30:50.322+0600][38.105s][info][gc,marking     ] GC(160) Concurrent Mark From Roots
[2026-04-03T03:30:50.322+0600][38.105s][info][gc,task        ] GC(160) Using 3 workers of 3 for marking
[2026-04-03T03:30:50.568+0600][38.351s][info][gc,marking     ] GC(160) Concurrent Mark From Roots 245.497ms
[2026-04-03T03:30:50.568+0600][38.351s][info][gc,marking     ] GC(160) Concurrent Preclean
[2026-04-03T03:30:50.568+0600][38.351s][info][gc,marking     ] GC(160) Concurrent Preclean 0.236ms
[2026-04-03T03:30:50.568+0600][38.351s][info][gc,start       ] GC(160) Pause Remark
[2026-04-03T03:30:50.582+0600][38.366s][info][gc             ] GC(160) Pause Remark 478M->452M(819M) 14.246ms
[2026-04-03T03:30:50.582+0600][38.366s][info][gc,cpu         ] GC(160) User=0.12s Sys=0.01s Real=0.02s
[2026-04-03T03:30:50.583+0600][38.366s][info][gc,marking     ] GC(160) Concurrent Mark 260.655ms
[2026-04-03T03:30:50.583+0600][38.366s][info][gc,marking     ] GC(160) Concurrent Rebuild Remembered Sets and Scrub Regions
[2026-04-03T03:30:50.836+0600][38.620s][info][gc,marking     ] GC(160) Concurrent Rebuild Remembered Sets and Scrub Regions 253.458ms
[2026-04-03T03:30:50.837+0600][38.620s][info][gc,start       ] GC(160) Pause Cleanup
[2026-04-03T03:30:50.837+0600][38.621s][info][gc             ] GC(160) Pause Cleanup 640M->640M(819M) 0.746ms
[2026-04-03T03:30:50.838+0600][38.621s][info][gc,cpu         ] GC(160) User=0.00s Sys=0.00s Real=0.00s
[2026-04-03T03:30:50.838+0600][38.621s][info][gc,marking     ] GC(160) Concurrent Clear Claimed Marks
[2026-04-03T03:30:50.838+0600][38.621s][info][gc,marking     ] GC(160) Concurrent Clear Claimed Marks 0.294ms
[2026-04-03T03:30:50.838+0600][38.621s][info][gc,marking     ] GC(160) Concurrent Cleanup for Next Mark
[2026-04-03T03:30:50.841+0600][38.625s][info][gc,marking     ] GC(160) Concurrent Cleanup for Next Mark 3.208ms
[2026-04-03T03:30:50.841+0600][38.625s][info][gc             ] GC(160) Concurrent Mark Cycle 533.968ms
[2026-04-03T03:30:50.878+0600][38.661s][info][gc,start       ] GC(161) Pause Young (Prepare Mixed) (G1 Evacuation Pause)
[2026-04-03T03:30:50.878+0600][38.661s][info][gc,task        ] GC(161) Using 10 workers of 10 for evacuation
[2026-04-03T03:30:50.922+0600][38.706s][info][gc,phases      ] GC(161)   Pre Evacuate Collection Set: 0.51ms
[2026-04-03T03:30:50.922+0600][38.706s][info][gc,phases      ] GC(161)   Merge Heap Roots: 1.92ms
[2026-04-03T03:30:50.922+0600][38.706s][info][gc,phases      ] GC(161)   Evacuate Collection Set: 40.33ms
[2026-04-03T03:30:50.922+0600][38.706s][info][gc,phases      ] GC(161)   Post Evacuate Collection Set: 1.35ms
[2026-04-03T03:30:50.922+0600][38.706s][info][gc,phases      ] GC(161)   Other: 0.16ms
[2026-04-03T03:30:50.922+0600][38.706s][info][gc,heap        ] GC(161) Eden regions: 364->0(365)
[2026-04-03T03:30:50.922+0600][38.706s][info][gc,heap        ] GC(161) Survivor regions: 15->40(48)
[2026-04-03T03:30:50.922+0600][38.706s][info][gc,heap        ] GC(161) Old regions: 250->250
[2026-04-03T03:30:50.922+0600][38.706s][info][gc,heap        ] GC(161) Humongous regions: 51->51
[2026-04-03T03:30:50.922+0600][38.706s][info][gc,metaspace   ] GC(161) Metaspace: 72683K(73600K)->72683K(73600K) NonClass: 63388K(63936K)->63388K(63936K) Class: 9294K(9664K)->9294K(9664K)
[2026-04-03T03:30:50.922+0600][38.706s][info][gc             ] GC(161) Pause Young (Prepare Mixed) (G1 Evacuation Pause) 674M->335M(819M) 44.685ms
[2026-04-03T03:30:50.922+0600][38.706s][info][gc,cpu         ] GC(161) User=0.43s Sys=0.00s Real=0.05s
[2026-04-03T03:30:51.285+0600][39.069s][info][gc,start       ] GC(162) Pause Young (Mixed) (G1 Evacuation Pause)
[2026-04-03T03:30:51.286+0600][39.069s][info][gc,task        ] GC(162) Using 10 workers of 10 for evacuation
[2026-04-03T03:30:51.336+0600][39.119s][info][gc,phases      ] GC(162)   Pre Evacuate Collection Set: 0.49ms
[2026-04-03T03:30:51.336+0600][39.119s][info][gc,phases      ] GC(162)   Merge Heap Roots: 0.32ms
[2026-04-03T03:30:51.336+0600][39.119s][info][gc,phases      ] GC(162)   Evacuate Collection Set: 48.09ms
[2026-04-03T03:30:51.336+0600][39.119s][info][gc,phases      ] GC(162)   Post Evacuate Collection Set: 0.94ms
[2026-04-03T03:30:51.336+0600][39.119s][info][gc,phases      ] GC(162)   Other: 0.16ms
[2026-04-03T03:30:51.336+0600][39.119s][info][gc,heap        ] GC(162) Eden regions: 365->0(365)
[2026-04-03T03:30:51.336+0600][39.119s][info][gc,heap        ] GC(162) Survivor regions: 40->44(51)
[2026-04-03T03:30:51.336+0600][39.119s][info][gc,heap        ] GC(162) Old regions: 250->260
[2026-04-03T03:30:51.336+0600][39.119s][info][gc,heap        ] GC(162) Humongous regions: 51->51
[2026-04-03T03:30:51.336+0600][39.119s][info][gc,metaspace   ] GC(162) Metaspace: 72683K(73600K)->72683K(73600K) NonClass: 63388K(63936K)->63388K(63936K) Class: 9294K(9664K)->9294K(9664K)
[2026-04-03T03:30:51.336+0600][39.119s][info][gc             ] GC(162) Pause Young (Mixed) (G1 Evacuation Pause) 700M->351M(819M) 50.413ms
[2026-04-03T03:30:51.336+0600][39.119s][info][gc,cpu         ] GC(162) User=0.48s Sys=0.00s Real=0.05s
[2026-04-03T03:30:51.348+0600][39.131s][info][gc,start       ] GC(163) Pause Young (Concurrent Start) (G1 Humongous Allocation)
[2026-04-03T03:30:51.348+0600][39.132s][info][gc,task        ] GC(163) Using 10 workers of 10 for evacuation
[2026-04-03T03:30:51.379+0600][39.162s][info][gc,phases      ] GC(163)   Pre Evacuate Collection Set: 0.54ms
[2026-04-03T03:30:51.379+0600][39.162s][info][gc,phases      ] GC(163)   Merge Heap Roots: 0.21ms
[2026-04-03T03:30:51.379+0600][39.162s][info][gc,phases      ] GC(163)   Evacuate Collection Set: 28.59ms
[2026-04-03T03:30:51.379+0600][39.162s][info][gc,phases      ] GC(163)   Post Evacuate Collection Set: 0.86ms
[2026-04-03T03:30:51.379+0600][39.162s][info][gc,phases      ] GC(163)   Other: 0.16ms
[2026-04-03T03:30:51.379+0600][39.162s][info][gc,heap        ] GC(163) Eden regions: 10->0(367)
[2026-04-03T03:30:51.379+0600][39.162s][info][gc,heap        ] GC(163) Survivor regions: 44->24(52)
[2026-04-03T03:30:51.379+0600][39.162s][info][gc,heap        ] GC(163) Old regions: 260->280
[2026-04-03T03:30:51.379+0600][39.162s][info][gc,heap        ] GC(163) Humongous regions: 51->51
[2026-04-03T03:30:51.379+0600][39.162s][info][gc,metaspace   ] GC(163) Metaspace: 72683K(73600K)->72683K(73600K) NonClass: 63388K(63936K)->63388K(63936K) Class: 9294K(9664K)->9294K(9664K)
[2026-04-03T03:30:51.379+0600][39.162s][info][gc             ] GC(163) Pause Young (Concurrent Start) (G1 Humongous Allocation) 361M->351M(819M) 30.724ms
[2026-04-03T03:30:51.379+0600][39.162s][info][gc,cpu         ] GC(163) User=0.29s Sys=0.00s Real=0.03s
[2026-04-03T03:30:51.379+0600][39.162s][info][gc             ] GC(164) Concurrent Mark Cycle
[2026-04-03T03:30:51.379+0600][39.162s][info][gc,marking     ] GC(164) Concurrent Scan Root Regions
[2026-04-03T03:30:51.402+0600][39.186s][info][gc,marking     ] GC(164) Concurrent Scan Root Regions 23.478ms
[2026-04-03T03:30:51.403+0600][39.186s][info][gc,marking     ] GC(164) Concurrent Mark
[2026-04-03T03:30:51.403+0600][39.186s][info][gc,marking     ] GC(164) Concurrent Mark From Roots
[2026-04-03T03:30:51.403+0600][39.186s][info][gc,task        ] GC(164) Using 3 workers of 3 for marking
[2026-04-03T03:30:51.718+0600][39.502s][info][gc,marking     ] GC(164) Concurrent Mark From Roots 315.863ms
[2026-04-03T03:30:51.719+0600][39.502s][info][gc,marking     ] GC(164) Concurrent Preclean
[2026-04-03T03:30:51.719+0600][39.502s][info][gc,marking     ] GC(164) Concurrent Preclean 0.355ms
[2026-04-03T03:30:51.719+0600][39.503s][info][gc,start       ] GC(164) Pause Remark
[2026-04-03T03:30:51.724+0600][39.507s][info][gc             ] GC(164) Pause Remark 591M->581M(819M) 4.379ms
[2026-04-03T03:30:51.724+0600][39.507s][info][gc,cpu         ] GC(164) User=0.03s Sys=0.00s Real=0.01s
[2026-04-03T03:30:51.724+0600][39.507s][info][gc,marking     ] GC(164) Concurrent Mark 321.248ms
[2026-04-03T03:30:51.724+0600][39.507s][info][gc,marking     ] GC(164) Concurrent Rebuild Remembered Sets and Scrub Regions
[2026-04-03T03:30:52.156+0600][39.940s][info][gc,marking     ] GC(164) Concurrent Rebuild Remembered Sets and Scrub Regions 432.298ms
[2026-04-03T03:30:52.157+0600][39.940s][info][gc,start       ] GC(164) Pause Cleanup
[2026-04-03T03:30:52.157+0600][39.941s][info][gc             ] GC(164) Pause Cleanup 666M->666M(819M) 0.565ms
[2026-04-03T03:30:52.157+0600][39.941s][info][gc,cpu         ] GC(164) User=0.00s Sys=0.00s Real=0.00s
[2026-04-03T03:30:52.157+0600][39.941s][info][gc,marking     ] GC(164) Concurrent Clear Claimed Marks
[2026-04-03T03:30:52.158+0600][39.941s][info][gc,marking     ] GC(164) Concurrent Clear Claimed Marks 0.262ms
[2026-04-03T03:30:52.158+0600][39.941s][info][gc,marking     ] GC(164) Concurrent Cleanup for Next Mark
[2026-04-03T03:30:52.159+0600][39.942s][info][gc,marking     ] GC(164) Concurrent Cleanup for Next Mark 1.070ms
[2026-04-03T03:30:52.159+0600][39.942s][info][gc             ] GC(164) Concurrent Mark Cycle 780.005ms
[2026-04-03T03:30:52.907+0600][40.690s][info][gc,start       ] GC(165) Pause Young (Prepare Mixed) (G1 Evacuation Pause)
[2026-04-03T03:30:52.907+0600][40.690s][info][gc,task        ] GC(165) Using 10 workers of 10 for evacuation
[2026-04-03T03:30:52.974+0600][40.757s][info][gc,phases      ] GC(165)   Pre Evacuate Collection Set: 0.49ms
[2026-04-03T03:30:52.974+0600][40.758s][info][gc,phases      ] GC(165)   Merge Heap Roots: 3.17ms
[2026-04-03T03:30:52.974+0600][40.758s][info][gc,phases      ] GC(165)   Evacuate Collection Set: 61.53ms
[2026-04-03T03:30:52.974+0600][40.758s][info][gc,phases      ] GC(165)   Post Evacuate Collection Set: 1.64ms
[2026-04-03T03:30:52.974+0600][40.758s][info][gc,phases      ] GC(165)   Other: 0.14ms
[2026-04-03T03:30:52.974+0600][40.758s][info][gc,heap        ] GC(165) Eden regions: 367->0(329)
[2026-04-03T03:30:52.974+0600][40.758s][info][gc,heap        ] GC(165) Survivor regions: 24->44(49)
[2026-04-03T03:30:52.974+0600][40.758s][info][gc,heap        ] GC(165) Old regions: 280->280
[2026-04-03T03:30:52.974+0600][40.758s][info][gc,heap        ] GC(165) Humongous regions: 97->86
[2026-04-03T03:30:52.974+0600][40.758s][info][gc,metaspace   ] GC(165) Metaspace: 72720K(73600K)->72720K(73600K) NonClass: 63424K(63936K)->63424K(63936K) Class: 9295K(9664K)->9295K(9664K)
[2026-04-03T03:30:52.974+0600][40.758s][info][gc             ] GC(165) Pause Young (Prepare Mixed) (G1 Evacuation Pause) 764M->406M(819M) 67.331ms
[2026-04-03T03:30:52.974+0600][40.758s][info][gc,cpu         ] GC(165) User=0.65s Sys=0.00s Real=0.07s
[2026-04-03T03:30:53.449+0600][41.233s][info][gc,start       ] GC(166) Pause Young (Mixed) (G1 Evacuation Pause)
[2026-04-03T03:30:53.449+0600][41.233s][info][gc,task        ] GC(166) Using 10 workers of 10 for evacuation
[2026-04-03T03:30:53.608+0600][41.392s][info][gc,phases      ] GC(166)   Pre Evacuate Collection Set: 0.56ms
[2026-04-03T03:30:53.608+0600][41.392s][info][gc,phases      ] GC(166)   Merge Heap Roots: 2.69ms
[2026-04-03T03:30:53.608+0600][41.392s][info][gc,phases      ] GC(166)   Evacuate Collection Set: 154.26ms
[2026-04-03T03:30:53.608+0600][41.392s][info][gc,phases      ] GC(166)   Post Evacuate Collection Set: 1.03ms
[2026-04-03T03:30:53.608+0600][41.392s][info][gc,phases      ] GC(166)   Other: 0.18ms
[2026-04-03T03:30:53.608+0600][41.392s][info][gc,heap        ] GC(166) Eden regions: 329->0(260)
[2026-04-03T03:30:53.608+0600][41.392s][info][gc,heap        ] GC(166) Survivor regions: 44->47(47)
[2026-04-03T03:30:53.608+0600][41.392s][info][gc,heap        ] GC(166) Old regions: 280->373
[2026-04-03T03:30:53.608+0600][41.392s][info][gc,heap        ] GC(166) Humongous regions: 149->149
[2026-04-03T03:30:53.608+0600][41.392s][info][gc,metaspace   ] GC(166) Metaspace: 72722K(73600K)->72722K(73600K) NonClass: 63426K(63936K)->63426K(63936K) Class: 9295K(9664K)->9295K(9664K)
[2026-04-03T03:30:53.608+0600][41.392s][info][gc             ] GC(166) Pause Young (Mixed) (G1 Evacuation Pause) 798M->568M(949M) 159.094ms
[2026-04-03T03:30:53.608+0600][41.392s][info][gc,cpu         ] GC(166) User=1.39s Sys=0.16s Real=0.16s
[2026-04-03T03:30:53.682+0600][41.466s][info][gc,start       ] GC(167) Pause Young (Concurrent Start) (G1 Humongous Allocation)
[2026-04-03T03:30:53.682+0600][41.466s][info][gc,task        ] GC(167) Using 10 workers of 10 for evacuation
[2026-04-03T03:30:53.749+0600][41.532s][info][gc,phases      ] GC(167)   Pre Evacuate Collection Set: 0.45ms
[2026-04-03T03:30:53.749+0600][41.532s][info][gc,phases      ] GC(167)   Merge Heap Roots: 0.68ms
[2026-04-03T03:30:53.749+0600][41.532s][info][gc,phases      ] GC(167)   Evacuate Collection Set: 63.33ms
[2026-04-03T03:30:53.749+0600][41.532s][info][gc,phases      ] GC(167)   Post Evacuate Collection Set: 1.81ms
[2026-04-03T03:30:53.749+0600][41.532s][info][gc,phases      ] GC(167)   Other: 0.17ms
[2026-04-03T03:30:53.749+0600][41.532s][info][gc,heap        ] GC(167) Eden regions: 77->0(356)
[2026-04-03T03:30:53.749+0600][41.532s][info][gc,heap        ] GC(167) Survivor regions: 47->11(39)
[2026-04-03T03:30:53.749+0600][41.532s][info][gc,heap        ] GC(167) Old regions: 373->423
[2026-04-03T03:30:53.749+0600][41.532s][info][gc,heap        ] GC(167) Humongous regions: 149->149
[2026-04-03T03:30:53.749+0600][41.532s][info][gc,metaspace   ] GC(167) Metaspace: 72722K(73600K)->72722K(73600K) NonClass: 63426K(63936K)->63426K(63936K) Class: 9295K(9664K)->9295K(9664K)
[2026-04-03T03:30:53.749+0600][41.532s][info][gc             ] GC(167) Pause Young (Concurrent Start) (G1 Humongous Allocation) 645M->581M(1096M) 66.761ms
[2026-04-03T03:30:53.749+0600][41.533s][info][gc             ] GC(168) Concurrent Mark Cycle
[2026-04-03T03:30:53.749+0600][41.533s][info][gc,marking     ] GC(168) Concurrent Scan Root Regions
[2026-04-03T03:30:53.749+0600][41.533s][info][gc,cpu         ] GC(167) User=0.64s Sys=0.00s Real=0.06s
[2026-04-03T03:30:53.769+0600][41.552s][info][gc,marking     ] GC(168) Concurrent Scan Root Regions 19.800ms
[2026-04-03T03:30:53.769+0600][41.552s][info][gc,marking     ] GC(168) Concurrent Mark
[2026-04-03T03:30:53.769+0600][41.553s][info][gc,marking     ] GC(168) Concurrent Mark From Roots
[2026-04-03T03:30:53.769+0600][41.553s][info][gc,task        ] GC(168) Using 3 workers of 3 for marking
[2026-04-03T03:30:53.980+0600][41.763s][info][gc,marking     ] GC(168) Concurrent Mark From Roots 210.928ms
[2026-04-03T03:30:53.980+0600][41.764s][info][gc,marking     ] GC(168) Concurrent Preclean
[2026-04-03T03:30:53.980+0600][41.764s][info][gc,marking     ] GC(168) Concurrent Preclean 0.223ms
[2026-04-03T03:30:53.981+0600][41.764s][info][gc,start       ] GC(168) Pause Remark
[2026-04-03T03:30:53.985+0600][41.769s][info][gc             ] GC(168) Pause Remark 749M->503M(1096M) 4.829ms
[2026-04-03T03:30:53.986+0600][41.769s][info][gc,cpu         ] GC(168) User=0.03s Sys=0.01s Real=0.00s
[2026-04-03T03:30:53.986+0600][41.769s][info][gc,marking     ] GC(168) Concurrent Mark 216.693ms
[2026-04-03T03:30:53.986+0600][41.769s][info][gc,marking     ] GC(168) Concurrent Rebuild Remembered Sets and Scrub Regions
[2026-04-03T03:30:54.269+0600][42.052s][info][gc,start       ] GC(169) Pause Young (Normal) (G1 Evacuation Pause)
[2026-04-03T03:30:54.269+0600][42.053s][info][gc,task        ] GC(169) Using 10 workers of 10 for evacuation
[2026-04-03T03:30:54.324+0600][42.108s][info][gc,phases      ] GC(169)   Pre Evacuate Collection Set: 0.51ms
[2026-04-03T03:30:54.325+0600][42.108s][info][gc,phases      ] GC(169)   Merge Heap Roots: 2.47ms
[2026-04-03T03:30:54.325+0600][42.108s][info][gc,phases      ] GC(169)   Evacuate Collection Set: 50.99ms
[2026-04-03T03:30:54.325+0600][42.108s][info][gc,phases      ] GC(169)   Post Evacuate Collection Set: 1.16ms
[2026-04-03T03:30:54.325+0600][42.108s][info][gc,phases      ] GC(169)   Other: 0.13ms
[2026-04-03T03:30:54.325+0600][42.108s][info][gc,heap        ] GC(169) Eden regions: 356->0(508)
[2026-04-03T03:30:54.325+0600][42.108s][info][gc,heap        ] GC(169) Survivor regions: 11->46(46)
[2026-04-03T03:30:54.325+0600][42.108s][info][gc,heap        ] GC(169) Old regions: 300->300
[2026-04-03T03:30:54.325+0600][42.108s][info][gc,heap        ] GC(169) Humongous regions: 54->54
[2026-04-03T03:30:54.325+0600][42.108s][info][gc,metaspace   ] GC(169) Metaspace: 72724K(73600K)->72724K(73600K) NonClass: 63428K(63936K)->63428K(63936K) Class: 9295K(9664K)->9295K(9664K)
[2026-04-03T03:30:54.325+0600][42.108s][info][gc             ] GC(169) Pause Young (Normal) (G1 Evacuation Pause) 719M->398M(1096M) 55.624ms
[2026-04-03T03:30:54.325+0600][42.108s][info][gc,cpu         ] GC(169) User=0.53s Sys=0.00s Real=0.06s
[2026-04-03T03:30:54.329+0600][42.113s][info][gc,marking     ] GC(168) Concurrent Rebuild Remembered Sets and Scrub Regions 343.301ms
[2026-04-03T03:30:54.329+0600][42.113s][info][gc,start       ] GC(168) Pause Cleanup
[2026-04-03T03:30:54.330+0600][42.113s][info][gc             ] GC(168) Pause Cleanup 403M->403M(1096M) 0.604ms
[2026-04-03T03:30:54.330+0600][42.114s][info][gc,cpu         ] GC(168) User=0.00s Sys=0.00s Real=0.01s
[2026-04-03T03:30:54.330+0600][42.114s][info][gc,marking     ] GC(168) Concurrent Clear Claimed Marks
[2026-04-03T03:30:54.331+0600][42.114s][info][gc,marking     ] GC(168) Concurrent Clear Claimed Marks 0.223ms
[2026-04-03T03:30:54.331+0600][42.114s][info][gc,marking     ] GC(168) Concurrent Cleanup for Next Mark
[2026-04-03T03:30:54.333+0600][42.117s][info][gc,marking     ] GC(168) Concurrent Cleanup for Next Mark 2.645ms
[2026-04-03T03:30:54.333+0600][42.117s][info][gc             ] GC(168) Concurrent Mark Cycle 584.157ms
[2026-04-03T03:30:54.811+0600][42.594s][info][gc,start       ] GC(170) Pause Young (Prepare Mixed) (G1 Evacuation Pause)
[2026-04-03T03:30:54.811+0600][42.594s][info][gc,task        ] GC(170) Using 10 workers of 10 for evacuation
[2026-04-03T03:30:54.884+0600][42.667s][info][gc,phases      ] GC(170)   Pre Evacuate Collection Set: 0.49ms
[2026-04-03T03:30:54.884+0600][42.667s][info][gc,phases      ] GC(170)   Merge Heap Roots: 1.19ms
[2026-04-03T03:30:54.884+0600][42.667s][info][gc,phases      ] GC(170)   Evacuate Collection Set: 69.55ms
[2026-04-03T03:30:54.884+0600][42.667s][info][gc,phases      ] GC(170)   Post Evacuate Collection Set: 1.44ms
[2026-04-03T03:30:54.884+0600][42.667s][info][gc,phases      ] GC(170)   Other: 0.17ms
[2026-04-03T03:30:54.884+0600][42.667s][info][gc,heap        ] GC(170) Eden regions: 508->0(498)
[2026-04-03T03:30:54.884+0600][42.667s][info][gc,heap        ] GC(170) Survivor regions: 46->35(70)
[2026-04-03T03:30:54.884+0600][42.667s][info][gc,heap        ] GC(170) Old regions: 300->344
[2026-04-03T03:30:54.884+0600][42.667s][info][gc,heap        ] GC(170) Humongous regions: 59->59
[2026-04-03T03:30:54.884+0600][42.667s][info][gc,metaspace   ] GC(170) Metaspace: 72724K(73600K)->72724K(73600K) NonClass: 63428K(63936K)->63428K(63936K) Class: 9295K(9664K)->9295K(9664K)
[2026-04-03T03:30:54.884+0600][42.667s][info][gc             ] GC(170) Pause Young (Prepare Mixed) (G1 Evacuation Pause) 911M->436M(1096M) 73.281ms
[2026-04-03T03:30:54.884+0600][42.668s][info][gc,cpu         ] GC(170) User=0.71s Sys=0.00s Real=0.07s
[2026-04-03T03:30:56.301+0600][44.084s][info][gc,start       ] GC(171) Pause Young (Mixed) (G1 Evacuation Pause)
[2026-04-03T03:30:56.301+0600][44.084s][info][gc,task        ] GC(171) Using 10 workers of 10 for evacuation
[2026-04-03T03:30:56.408+0600][44.191s][info][gc,phases      ] GC(171)   Pre Evacuate Collection Set: 0.38ms
[2026-04-03T03:30:56.408+0600][44.191s][info][gc,phases      ] GC(171)   Merge Heap Roots: 2.27ms
[2026-04-03T03:30:56.408+0600][44.191s][info][gc,phases      ] GC(171)   Evacuate Collection Set: 102.46ms
[2026-04-03T03:30:56.408+0600][44.191s][info][gc,phases      ] GC(171)   Post Evacuate Collection Set: 1.69ms
[2026-04-03T03:30:56.408+0600][44.192s][info][gc,phases      ] GC(171)   Other: 0.13ms
[2026-04-03T03:30:56.408+0600][44.192s][info][gc,heap        ] GC(171) Eden regions: 498->0(425)
[2026-04-03T03:30:56.408+0600][44.192s][info][gc,heap        ] GC(171) Survivor regions: 35->67(67)
[2026-04-03T03:30:56.408+0600][44.192s][info][gc,heap        ] GC(171) Old regions: 344->345
[2026-04-03T03:30:56.408+0600][44.192s][info][gc,heap        ] GC(171) Humongous regions: 130->119
[2026-04-03T03:30:56.408+0600][44.192s][info][gc,metaspace   ] GC(171) Metaspace: 72746K(73600K)->72746K(73600K) NonClass: 63450K(63936K)->63450K(63936K) Class: 9295K(9664K)->9295K(9664K)
[2026-04-03T03:30:56.408+0600][44.192s][info][gc             ] GC(171) Pause Young (Mixed) (G1 Evacuation Pause) 1005M->529M(1096M) 107.273ms
[2026-04-03T03:30:56.408+0600][44.192s][info][gc,cpu         ] GC(171) User=1.06s Sys=0.00s Real=0.10s
[2026-04-03T03:30:56.460+0600][44.243s][info][gc,start       ] GC(172) Pause Young (Concurrent Start) (G1 Humongous Allocation)
[2026-04-03T03:30:56.460+0600][44.244s][info][gc,task        ] GC(172) Using 10 workers of 10 for evacuation
[2026-04-03T03:30:56.541+0600][44.324s][info][gc,phases      ] GC(172)   Pre Evacuate Collection Set: 0.49ms
[2026-04-03T03:30:56.541+0600][44.324s][info][gc,phases      ] GC(172)   Merge Heap Roots: 0.71ms
[2026-04-03T03:30:56.541+0600][44.324s][info][gc,phases      ] GC(172)   Evacuate Collection Set: 78.12ms
[2026-04-03T03:30:56.541+0600][44.324s][info][gc,phases      ] GC(172)   Post Evacuate Collection Set: 0.91ms
[2026-04-03T03:30:56.541+0600][44.324s][info][gc,phases      ] GC(172)   Other: 0.26ms
[2026-04-03T03:30:56.541+0600][44.324s][info][gc,heap        ] GC(172) Eden regions: 20->0(349)
[2026-04-03T03:30:56.541+0600][44.324s][info][gc,heap        ] GC(172) Survivor regions: 67->10(62)
[2026-04-03T03:30:56.541+0600][44.324s][info][gc,heap        ] GC(172) Old regions: 345->411
[2026-04-03T03:30:56.541+0600][44.324s][info][gc,heap        ] GC(172) Humongous regions: 119->119
[2026-04-03T03:30:56.541+0600][44.324s][info][gc,metaspace   ] GC(172) Metaspace: 72746K(73600K)->72746K(73600K) NonClass: 63450K(63936K)->63450K(63936K) Class: 9295K(9664K)->9295K(9664K)
[2026-04-03T03:30:56.541+0600][44.324s][info][gc             ] GC(172) Pause Young (Concurrent Start) (G1 Humongous Allocation) 549M->538M(1096M) 80.877ms
[2026-04-03T03:30:56.541+0600][44.324s][info][gc,cpu         ] GC(172) User=0.79s Sys=0.00s Real=0.08s
[2026-04-03T03:30:56.541+0600][44.325s][info][gc             ] GC(173) Concurrent Mark Cycle
[2026-04-03T03:30:56.541+0600][44.325s][info][gc,marking     ] GC(173) Concurrent Scan Root Regions
[2026-04-03T03:30:56.564+0600][44.347s][info][gc,marking     ] GC(173) Concurrent Scan Root Regions 22.773ms
[2026-04-03T03:30:56.564+0600][44.347s][info][gc,marking     ] GC(173) Concurrent Mark
[2026-04-03T03:30:56.564+0600][44.348s][info][gc,marking     ] GC(173) Concurrent Mark From Roots
[2026-04-03T03:30:56.564+0600][44.348s][info][gc,task        ] GC(173) Using 3 workers of 3 for marking
[2026-04-03T03:30:56.717+0600][44.500s][info][gc,marking     ] GC(173) Concurrent Mark From Roots 152.778ms
[2026-04-03T03:30:56.717+0600][44.500s][info][gc,marking     ] GC(173) Concurrent Preclean
[2026-04-03T03:30:56.717+0600][44.501s][info][gc,marking     ] GC(173) Concurrent Preclean 0.198ms
[2026-04-03T03:30:56.717+0600][44.501s][info][gc,start       ] GC(173) Pause Remark
[2026-04-03T03:30:56.723+0600][44.506s][info][gc             ] GC(173) Pause Remark 623M->381M(1044M) 5.412ms
[2026-04-03T03:30:56.723+0600][44.506s][info][gc,cpu         ] GC(173) User=0.03s Sys=0.00s Real=0.01s
[2026-04-03T03:30:56.723+0600][44.506s][info][gc,marking     ] GC(173) Concurrent Mark 158.900ms
[2026-04-03T03:30:56.723+0600][44.506s][info][gc,marking     ] GC(173) Concurrent Rebuild Remembered Sets and Scrub Regions
[2026-04-03T03:30:56.871+0600][44.655s][info][gc,marking     ] GC(173) Concurrent Rebuild Remembered Sets and Scrub Regions 148.226ms
[2026-04-03T03:30:56.872+0600][44.655s][info][gc,start       ] GC(173) Pause Cleanup
[2026-04-03T03:30:56.872+0600][44.656s][info][gc             ] GC(173) Pause Cleanup 458M->458M(1044M) 0.571ms
[2026-04-03T03:30:56.872+0600][44.656s][info][gc,cpu         ] GC(173) User=0.01s Sys=0.00s Real=0.00s
[2026-04-03T03:30:56.873+0600][44.656s][info][gc,marking     ] GC(173) Concurrent Clear Claimed Marks
[2026-04-03T03:30:56.873+0600][44.656s][info][gc,marking     ] GC(173) Concurrent Clear Claimed Marks 0.271ms
[2026-04-03T03:30:56.873+0600][44.656s][info][gc,marking     ] GC(173) Concurrent Cleanup for Next Mark
[2026-04-03T03:30:56.874+0600][44.658s][info][gc,marking     ] GC(173) Concurrent Cleanup for Next Mark 1.339ms
[2026-04-03T03:30:56.874+0600][44.658s][info][gc             ] GC(173) Concurrent Mark Cycle 333.051ms
[2026-04-03T03:30:57.311+0600][45.095s][info][gc,start       ] GC(174) Pause Young (Prepare Mixed) (G1 Evacuation Pause)
[2026-04-03T03:30:57.311+0600][45.095s][info][gc,task        ] GC(174) Using 10 workers of 10 for evacuation
[2026-04-03T03:30:57.372+0600][45.155s][info][gc,phases      ] GC(174)   Pre Evacuate Collection Set: 0.49ms
[2026-04-03T03:30:57.372+0600][45.156s][info][gc,phases      ] GC(174)   Merge Heap Roots: 2.59ms
[2026-04-03T03:30:57.372+0600][45.156s][info][gc,phases      ] GC(174)   Evacuate Collection Set: 56.23ms
[2026-04-03T03:30:57.372+0600][45.156s][info][gc,phases      ] GC(174)   Post Evacuate Collection Set: 1.20ms
[2026-04-03T03:30:57.372+0600][45.156s][info][gc,phases      ] GC(174)   Other: 0.12ms
[2026-04-03T03:30:57.372+0600][45.156s][info][gc,heap        ] GC(174) Eden regions: 349->0(423)
[2026-04-03T03:30:57.372+0600][45.156s][info][gc,heap        ] GC(174) Survivor regions: 10->45(45)
[2026-04-03T03:30:57.372+0600][45.156s][info][gc,heap        ] GC(174) Old regions: 268->276
[2026-04-03T03:30:57.372+0600][45.156s][info][gc,heap        ] GC(174) Humongous regions: 90->68
[2026-04-03T03:30:57.372+0600][45.156s][info][gc,metaspace   ] GC(174) Metaspace: 72809K(73664K)->72809K(73664K) NonClass: 63512K(64000K)->63512K(64000K) Class: 9297K(9664K)->9297K(9664K)
[2026-04-03T03:30:57.372+0600][45.156s][info][gc             ] GC(174) Pause Young (Prepare Mixed) (G1 Evacuation Pause) 715M->387M(1044M) 60.996ms
[2026-04-03T03:30:57.372+0600][45.156s][info][gc,cpu         ] GC(174) User=0.60s Sys=0.00s Real=0.06s
[2026-04-03T03:30:58.160+0600][45.944s][info][gc,start       ] GC(175) Pause Young (Mixed) (G1 Evacuation Pause)
[2026-04-03T03:30:58.160+0600][45.944s][info][gc,task        ] GC(175) Using 10 workers of 10 for evacuation
[2026-04-03T03:30:58.249+0600][46.032s][info][gc,phases      ] GC(175)   Pre Evacuate Collection Set: 0.47ms
[2026-04-03T03:30:58.249+0600][46.032s][info][gc,phases      ] GC(175)   Merge Heap Roots: 1.03ms
[2026-04-03T03:30:58.249+0600][46.032s][info][gc,phases      ] GC(175)   Evacuate Collection Set: 85.57ms
[2026-04-03T03:30:58.249+0600][46.032s][info][gc,phases      ] GC(175)   Post Evacuate Collection Set: 1.28ms
[2026-04-03T03:30:58.249+0600][46.032s][info][gc,phases      ] GC(175)   Other: 0.12ms
[2026-04-03T03:30:58.249+0600][46.032s][info][gc,heap        ] GC(175) Eden regions: 423->0(386)
[2026-04-03T03:30:58.249+0600][46.032s][info][gc,heap        ] GC(175) Survivor regions: 45->54(59)
[2026-04-03T03:30:58.249+0600][46.032s][info][gc,heap        ] GC(175) Old regions: 276->312
[2026-04-03T03:30:58.249+0600][46.032s][info][gc,heap        ] GC(175) Humongous regions: 115->104
[2026-04-03T03:30:58.249+0600][46.032s][info][gc,metaspace   ] GC(175) Metaspace: 72835K(73664K)->72835K(73664K) NonClass: 63538K(64000K)->63538K(64000K) Class: 9297K(9664K)->9297K(9664K)
[2026-04-03T03:30:58.249+0600][46.032s][info][gc             ] GC(175) Pause Young (Mixed) (G1 Evacuation Pause) 857M->468M(1044M) 88.823ms
[2026-04-03T03:30:58.249+0600][46.033s][info][gc,cpu         ] GC(175) User=0.87s Sys=0.00s Real=0.08s
[2026-04-03T03:30:58.263+0600][46.047s][info][gc,start       ] GC(176) Pause Young (Concurrent Start) (G1 Humongous Allocation)
[2026-04-03T03:30:58.263+0600][46.047s][info][gc,task        ] GC(176) Using 10 workers of 10 for evacuation
[2026-04-03T03:30:58.301+0600][46.085s][info][gc,phases      ] GC(176)   Pre Evacuate Collection Set: 0.54ms
[2026-04-03T03:30:58.302+0600][46.085s][info][gc,phases      ] GC(176)   Merge Heap Roots: 0.27ms
[2026-04-03T03:30:58.302+0600][46.085s][info][gc,phases      ] GC(176)   Evacuate Collection Set: 36.12ms
[2026-04-03T03:30:58.302+0600][46.085s][info][gc,phases      ] GC(176)   Post Evacuate Collection Set: 1.10ms
[2026-04-03T03:30:58.302+0600][46.085s][info][gc,phases      ] GC(176)   Other: 0.24ms
[2026-04-03T03:30:58.302+0600][46.085s][info][gc,heap        ] GC(176) Eden regions: 20->0(414)
[2026-04-03T03:30:58.302+0600][46.085s][info][gc,heap        ] GC(176) Survivor regions: 54->7(55)
[2026-04-03T03:30:58.302+0600][46.085s][info][gc,heap        ] GC(176) Old regions: 312->365
[2026-04-03T03:30:58.302+0600][46.085s][info][gc,heap        ] GC(176) Humongous regions: 104->104
[2026-04-03T03:30:58.302+0600][46.085s][info][gc,metaspace   ] GC(176) Metaspace: 72836K(73664K)->72836K(73664K) NonClass: 63539K(64000K)->63539K(64000K) Class: 9297K(9664K)->9297K(9664K)
[2026-04-03T03:30:58.302+0600][46.085s][info][gc             ] GC(176) Pause Young (Concurrent Start) (G1 Humongous Allocation) 488M->474M(1087M) 38.588ms
[2026-04-03T03:30:58.302+0600][46.085s][info][gc,cpu         ] GC(176) User=0.37s Sys=0.01s Real=0.04s
[2026-04-03T03:30:58.302+0600][46.085s][info][gc             ] GC(177) Concurrent Mark Cycle
[2026-04-03T03:30:58.302+0600][46.085s][info][gc,marking     ] GC(177) Concurrent Scan Root Regions
[2026-04-03T03:30:58.315+0600][46.099s][info][gc,marking     ] GC(177) Concurrent Scan Root Regions 13.288ms
[2026-04-03T03:30:58.315+0600][46.099s][info][gc,marking     ] GC(177) Concurrent Mark
[2026-04-03T03:30:58.315+0600][46.099s][info][gc,marking     ] GC(177) Concurrent Mark From Roots
[2026-04-03T03:30:58.315+0600][46.099s][info][gc,task        ] GC(177) Using 3 workers of 3 for marking
[2026-04-03T03:30:58.431+0600][46.214s][info][gc,marking     ] GC(177) Concurrent Mark From Roots 115.582ms
[2026-04-03T03:30:58.431+0600][46.214s][info][gc,marking     ] GC(177) Concurrent Preclean
[2026-04-03T03:30:58.431+0600][46.215s][info][gc,marking     ] GC(177) Concurrent Preclean 0.162ms
[2026-04-03T03:30:58.431+0600][46.215s][info][gc,start       ] GC(177) Pause Remark
[2026-04-03T03:30:58.437+0600][46.220s][info][gc             ] GC(177) Pause Remark 596M->418M(1010M) 5.594ms
[2026-04-03T03:30:58.437+0600][46.221s][info][gc,cpu         ] GC(177) User=0.02s Sys=0.01s Real=0.00s
[2026-04-03T03:30:58.437+0600][46.221s][info][gc,marking     ] GC(177) Concurrent Mark 122.013ms
[2026-04-03T03:30:58.437+0600][46.221s][info][gc,marking     ] GC(177) Concurrent Rebuild Remembered Sets and Scrub Regions
[2026-04-03T03:30:58.495+0600][46.279s][info][gc,marking     ] GC(177) Concurrent Rebuild Remembered Sets and Scrub Regions 57.940ms
[2026-04-03T03:30:58.496+0600][46.279s][info][gc,start       ] GC(177) Pause Cleanup
[2026-04-03T03:30:58.496+0600][46.280s][info][gc             ] GC(177) Pause Cleanup 499M->499M(1010M) 0.502ms
[2026-04-03T03:30:58.496+0600][46.280s][info][gc,cpu         ] GC(177) User=0.00s Sys=0.00s Real=0.00s
[2026-04-03T03:30:58.497+0600][46.280s][info][gc,marking     ] GC(177) Concurrent Clear Claimed Marks
[2026-04-03T03:30:58.497+0600][46.280s][info][gc,marking     ] GC(177) Concurrent Clear Claimed Marks 0.217ms
[2026-04-03T03:30:58.497+0600][46.280s][info][gc,marking     ] GC(177) Concurrent Cleanup for Next Mark
[2026-04-03T03:30:58.498+0600][46.282s][info][gc,marking     ] GC(177) Concurrent Cleanup for Next Mark 1.455ms
[2026-04-03T03:30:58.498+0600][46.282s][info][gc             ] GC(177) Concurrent Mark Cycle 196.378ms
[2026-04-03T03:30:59.251+0600][47.034s][info][gc,start       ] GC(178) Pause Young (Prepare Mixed) (G1 Evacuation Pause)
[2026-04-03T03:30:59.251+0600][47.034s][info][gc,task        ] GC(178) Using 10 workers of 10 for evacuation
[2026-04-03T03:30:59.366+0600][47.149s][info][gc,phases      ] GC(178)   Pre Evacuate Collection Set: 0.39ms
[2026-04-03T03:30:59.366+0600][47.149s][info][gc,phases      ] GC(178)   Merge Heap Roots: 0.50ms
[2026-04-03T03:30:59.366+0600][47.149s][info][gc,phases      ] GC(178)   Evacuate Collection Set: 112.34ms
[2026-04-03T03:30:59.366+0600][47.149s][info][gc,phases      ] GC(178)   Post Evacuate Collection Set: 1.50ms
[2026-04-03T03:30:59.366+0600][47.149s][info][gc,phases      ] GC(178)   Other: 0.20ms
[2026-04-03T03:30:59.366+0600][47.149s][info][gc,heap        ] GC(178) Eden regions: 414->0(365)
[2026-04-03T03:30:59.366+0600][47.149s][info][gc,heap        ] GC(178) Survivor regions: 7->53(53)
[2026-04-03T03:30:59.366+0600][47.149s][info][gc,heap        ] GC(178) Old regions: 276->283
[2026-04-03T03:30:59.366+0600][47.149s][info][gc,heap        ] GC(178) Humongous regions: 214->151
[2026-04-03T03:30:59.366+0600][47.149s][info][gc,metaspace   ] GC(178) Metaspace: 72907K(73792K)->72907K(73792K) NonClass: 63610K(64128K)->63610K(64128K) Class: 9297K(9664K)->9297K(9664K)
[2026-04-03T03:30:59.366+0600][47.149s][info][gc             ] GC(178) Pause Young (Prepare Mixed) (G1 Evacuation Pause) 909M->485M(1010M) 115.300ms
[2026-04-03T03:30:59.366+0600][47.150s][info][gc,cpu         ] GC(178) User=1.13s Sys=0.01s Real=0.11s
[2026-04-03T03:30:59.671+0600][47.454s][info][gc,start       ] GC(179) Pause Young (Mixed) (G1 Evacuation Pause)
[2026-04-03T03:30:59.671+0600][47.454s][info][gc,task        ] GC(179) Using 10 workers of 10 for evacuation
[2026-04-03T03:30:59.782+0600][47.565s][info][gc,phases      ] GC(179)   Pre Evacuate Collection Set: 0.40ms
[2026-04-03T03:30:59.782+0600][47.565s][info][gc,phases      ] GC(179)   Merge Heap Roots: 0.82ms
[2026-04-03T03:30:59.782+0600][47.565s][info][gc,phases      ] GC(179)   Evacuate Collection Set: 108.88ms
[2026-04-03T03:30:59.782+0600][47.565s][info][gc,phases      ] GC(179)   Post Evacuate Collection Set: 0.84ms
[2026-04-03T03:30:59.782+0600][47.565s][info][gc,phases      ] GC(179)   Other: 0.12ms
[2026-04-03T03:30:59.782+0600][47.565s][info][gc,heap        ] GC(179) Eden regions: 365->0(362)
[2026-04-03T03:30:59.782+0600][47.565s][info][gc,heap        ] GC(179) Survivor regions: 53->49(53)
[2026-04-03T03:30:59.782+0600][47.565s][info][gc,heap        ] GC(179) Old regions: 283->304
[2026-04-03T03:30:59.782+0600][47.565s][info][gc,heap        ] GC(179) Humongous regions: 229->162
[2026-04-03T03:30:59.782+0600][47.566s][info][gc,metaspace   ] GC(179) Metaspace: 72964K(73856K)->72964K(73856K) NonClass: 63667K(64192K)->63667K(64192K) Class: 9297K(9664K)->9297K(9664K)
[2026-04-03T03:30:59.782+0600][47.566s][info][gc             ] GC(179) Pause Young (Mixed) (G1 Evacuation Pause) 928M->513M(1033M) 111.390ms
[2026-04-03T03:30:59.782+0600][47.566s][info][gc,cpu         ] GC(179) User=0.98s Sys=0.04s Real=0.11s
[2026-04-03T03:30:59.934+0600][47.718s][info][gc,start       ] GC(180) Pause Young (Concurrent Start) (G1 Humongous Allocation)
[2026-04-03T03:30:59.934+0600][47.718s][info][gc,task        ] GC(180) Using 10 workers of 10 for evacuation
[2026-04-03T03:30:59.965+0600][47.749s][info][gc,phases      ] GC(180)   Pre Evacuate Collection Set: 0.40ms
[2026-04-03T03:30:59.966+0600][47.749s][info][gc,phases      ] GC(180)   Merge Heap Roots: 0.23ms
[2026-04-03T03:30:59.966+0600][47.749s][info][gc,phases      ] GC(180)   Evacuate Collection Set: 29.52ms
[2026-04-03T03:30:59.966+0600][47.749s][info][gc,phases      ] GC(180)   Post Evacuate Collection Set: 0.86ms
[2026-04-03T03:30:59.966+0600][47.749s][info][gc,phases      ] GC(180)   Other: 0.16ms
[2026-04-03T03:30:59.966+0600][47.749s][info][gc,heap        ] GC(180) Eden regions: 221->0(385)
[2026-04-03T03:30:59.966+0600][47.749s][info][gc,heap        ] GC(180) Survivor regions: 49->1(52)
[2026-04-03T03:30:59.966+0600][47.749s][info][gc,heap        ] GC(180) Old regions: 304->352
[2026-04-03T03:30:59.966+0600][47.749s][info][gc,heap        ] GC(180) Humongous regions: 162->162
[2026-04-03T03:30:59.966+0600][47.749s][info][gc,metaspace   ] GC(180) Metaspace: 72964K(73856K)->72964K(73856K) NonClass: 63667K(64192K)->63667K(64192K) Class: 9297K(9664K)->9297K(9664K)
[2026-04-03T03:30:59.966+0600][47.749s][info][gc             ] GC(180) Pause Young (Concurrent Start) (G1 Humongous Allocation) 734M->514M(1033M) 31.501ms
[2026-04-03T03:30:59.966+0600][47.749s][info][gc             ] GC(181) Concurrent Mark Cycle
[2026-04-03T03:30:59.966+0600][47.749s][info][gc,marking     ] GC(181) Concurrent Scan Root Regions
[2026-04-03T03:30:59.966+0600][47.749s][info][gc,cpu         ] GC(180) User=0.31s Sys=0.00s Real=0.03s
[2026-04-03T03:30:59.979+0600][47.763s][info][gc,marking     ] GC(181) Concurrent Scan Root Regions 13.290ms
[2026-04-03T03:30:59.979+0600][47.763s][info][gc,marking     ] GC(181) Concurrent Mark
[2026-04-03T03:30:59.979+0600][47.763s][info][gc,marking     ] GC(181) Concurrent Mark From Roots
[2026-04-03T03:30:59.979+0600][47.763s][info][gc,task        ] GC(181) Using 3 workers of 3 for marking
[2026-04-03T03:31:00.137+0600][47.921s][info][gc,marking     ] GC(181) Concurrent Mark From Roots 158.194ms
[2026-04-03T03:31:00.138+0600][47.921s][info][gc,marking     ] GC(181) Concurrent Preclean
[2026-04-03T03:31:00.138+0600][47.921s][info][gc,marking     ] GC(181) Concurrent Preclean 0.159ms
[2026-04-03T03:31:00.138+0600][47.921s][info][gc,start       ] GC(181) Pause Remark
[2026-04-03T03:31:00.143+0600][47.926s][info][gc             ] GC(181) Pause Remark 666M->448M(1000M) 4.729ms
[2026-04-03T03:31:00.143+0600][47.926s][info][gc,cpu         ] GC(181) User=0.03s Sys=0.00s Real=0.01s
[2026-04-03T03:31:00.143+0600][47.926s][info][gc,marking     ] GC(181) Concurrent Mark 163.765ms
[2026-04-03T03:31:00.143+0600][47.926s][info][gc,marking     ] GC(181) Concurrent Rebuild Remembered Sets and Scrub Regions
[2026-04-03T03:31:00.160+0600][47.944s][info][gc,start       ] GC(182) Pause Full (System.gc())
[2026-04-03T03:31:00.161+0600][47.944s][info][gc,task        ] GC(182) Using 10 workers of 10 for full compaction
[2026-04-03T03:31:00.162+0600][47.945s][info][gc,phases,start] GC(182) Phase 1: Mark live objects
[2026-04-03T03:31:00.209+0600][47.993s][info][gc,phases      ] GC(182) Phase 1: Mark live objects 47.365ms
[2026-04-03T03:31:00.209+0600][47.993s][info][gc,phases,start] GC(182) Phase 2: Prepare compaction
[2026-04-03T03:31:00.211+0600][47.994s][info][gc,phases      ] GC(182) Phase 2: Prepare compaction 1.219ms
[2026-04-03T03:31:00.211+0600][47.994s][info][gc,phases,start] GC(182) Phase 3: Adjust pointers
[2026-04-03T03:31:00.225+0600][48.009s][info][gc,phases      ] GC(182) Phase 3: Adjust pointers 14.720ms
[2026-04-03T03:31:00.226+0600][48.009s][info][gc,phases,start] GC(182) Phase 4: Compact heap
[2026-04-03T03:31:00.227+0600][48.011s][info][gc,phases      ] GC(182) Phase 4: Compact heap 1.741ms
[2026-04-03T03:31:00.227+0600][48.011s][info][gc,phases,start] GC(182) Phase 5: Reset Metadata
[2026-04-03T03:31:00.237+0600][48.020s][info][gc,phases      ] GC(182) Phase 5: Reset Metadata 9.410ms
[2026-04-03T03:31:00.244+0600][48.028s][info][gc,heap        ] GC(182) Eden regions: 189->0(275)
[2026-04-03T03:31:00.244+0600][48.028s][info][gc,heap        ] GC(182) Survivor regions: 1->0(52)
[2026-04-03T03:31:00.244+0600][48.028s][info][gc,heap        ] GC(182) Old regions: 277->147
[2026-04-03T03:31:00.244+0600][48.028s][info][gc,heap        ] GC(182) Humongous regions: 22->11
[2026-04-03T03:31:00.244+0600][48.028s][info][gc,metaspace   ] GC(182) Metaspace: 72970K(73856K)->72970K(73856K) NonClass: 63673K(64192K)->63673K(64192K) Class: 9297K(9664K)->9297K(9664K)
[2026-04-03T03:31:00.244+0600][48.028s][info][gc             ] GC(182) Pause Full (System.gc()) 488M->150M(527M) 83.993ms
[2026-04-03T03:31:00.244+0600][48.028s][info][gc,cpu         ] GC(182) User=0.70s Sys=0.03s Real=0.08s
[2026-04-03T03:31:00.245+0600][48.028s][info][gc,marking     ] GC(181) Concurrent Rebuild Remembered Sets and Scrub Regions 101.668ms
[2026-04-03T03:31:00.245+0600][48.028s][info][gc,marking     ] GC(181) Concurrent Mark Abort
[2026-04-03T03:31:00.245+0600][48.028s][info][gc             ] GC(181) Concurrent Mark Cycle 279.043ms
[2026-04-03T03:31:00.308+0600][48.091s][info][gc,start       ] GC(183) Pause Young (Concurrent Start) (G1 Humongous Allocation)
[2026-04-03T03:31:00.308+0600][48.092s][info][gc,task        ] GC(183) Using 10 workers of 10 for evacuation
[2026-04-03T03:31:00.310+0600][48.094s][info][gc,phases      ] GC(183)   Pre Evacuate Collection Set: 0.39ms
[2026-04-03T03:31:00.311+0600][48.094s][info][gc,phases      ] GC(183)   Merge Heap Roots: 0.09ms
[2026-04-03T03:31:00.311+0600][48.094s][info][gc,phases      ] GC(183)   Evacuate Collection Set: 0.95ms
[2026-04-03T03:31:00.311+0600][48.094s][info][gc,phases      ] GC(183)   Post Evacuate Collection Set: 0.76ms
[2026-04-03T03:31:00.311+0600][48.094s][info][gc,phases      ] GC(183)   Other: 0.12ms
[2026-04-03T03:31:00.311+0600][48.094s][info][gc,heap        ] GC(183) Eden regions: 16->0(289)
[2026-04-03T03:31:00.311+0600][48.094s][info][gc,heap        ] GC(183) Survivor regions: 0->2(35)
[2026-04-03T03:31:00.311+0600][48.094s][info][gc,heap        ] GC(183) Old regions: 147->147
[2026-04-03T03:31:00.311+0600][48.094s][info][gc,heap        ] GC(183) Humongous regions: 11->11
[2026-04-03T03:31:00.311+0600][48.094s][info][gc,metaspace   ] GC(183) Metaspace: 73012K(73920K)->73012K(73920K) NonClass: 63715K(64256K)->63715K(64256K) Class: 9297K(9664K)->9297K(9664K)
[2026-04-03T03:31:00.311+0600][48.094s][info][gc             ] GC(183) Pause Young (Concurrent Start) (G1 Humongous Allocation) 166M->152M(527M) 2.543ms
[2026-04-03T03:31:00.311+0600][48.094s][info][gc,cpu         ] GC(183) User=0.01s Sys=0.01s Real=0.01s
[2026-04-03T03:31:00.311+0600][48.094s][info][gc             ] GC(184) Concurrent Mark Cycle
[2026-04-03T03:31:00.311+0600][48.094s][info][gc,marking     ] GC(184) Concurrent Scan Root Regions
[2026-04-03T03:31:00.312+0600][48.095s][info][gc,marking     ] GC(184) Concurrent Scan Root Regions 1.090ms
[2026-04-03T03:31:00.312+0600][48.095s][info][gc,marking     ] GC(184) Concurrent Mark
[2026-04-03T03:31:00.312+0600][48.095s][info][gc,marking     ] GC(184) Concurrent Mark From Roots
[2026-04-03T03:31:00.312+0600][48.095s][info][gc,task        ] GC(184) Using 3 workers of 3 for marking
[2026-04-03T03:31:00.449+0600][48.232s][info][gc,marking     ] GC(184) Concurrent Mark From Roots 137.026ms
[2026-04-03T03:31:00.449+0600][48.232s][info][gc,marking     ] GC(184) Concurrent Preclean
[2026-04-03T03:31:00.449+0600][48.233s][info][gc,marking     ] GC(184) Concurrent Preclean 0.266ms
[2026-04-03T03:31:00.450+0600][48.233s][info][gc,start       ] GC(184) Pause Remark
[2026-04-03T03:31:00.455+0600][48.238s][info][gc             ] GC(184) Pause Remark 263M->263M(527M) 5.077ms
[2026-04-03T03:31:00.455+0600][48.238s][info][gc,cpu         ] GC(184) User=0.03s Sys=0.00s Real=0.00s
[2026-04-03T03:31:00.455+0600][48.239s][info][gc,marking     ] GC(184) Concurrent Mark 143.224ms
[2026-04-03T03:31:00.455+0600][48.239s][info][gc,marking     ] GC(184) Concurrent Rebuild Remembered Sets and Scrub Regions
[2026-04-03T03:31:00.512+0600][48.296s][info][gc,marking     ] GC(184) Concurrent Rebuild Remembered Sets and Scrub Regions 57.173ms
[2026-04-03T03:31:00.513+0600][48.296s][info][gc,start       ] GC(184) Pause Cleanup
[2026-04-03T03:31:00.513+0600][48.297s][info][gc             ] GC(184) Pause Cleanup 326M->326M(527M) 0.501ms
[2026-04-03T03:31:00.513+0600][48.297s][info][gc,cpu         ] GC(184) User=0.00s Sys=0.00s Real=0.00s
[2026-04-03T03:31:00.514+0600][48.297s][info][gc,marking     ] GC(184) Concurrent Clear Claimed Marks
[2026-04-03T03:31:00.514+0600][48.297s][info][gc,marking     ] GC(184) Concurrent Clear Claimed Marks 0.288ms
[2026-04-03T03:31:00.514+0600][48.297s][info][gc,marking     ] GC(184) Concurrent Cleanup for Next Mark
[2026-04-03T03:31:00.515+0600][48.298s][info][gc,marking     ] GC(184) Concurrent Cleanup for Next Mark 0.849ms
[2026-04-03T03:31:00.515+0600][48.298s][info][gc             ] GC(184) Concurrent Mark Cycle 204.249ms
[2026-04-03T03:31:00.613+0600][48.396s][info][gc,start       ] GC(185) Pause Young (Prepare Mixed) (G1 Evacuation Pause)
[2026-04-03T03:31:00.613+0600][48.396s][info][gc,task        ] GC(185) Using 10 workers of 10 for evacuation
[2026-04-03T03:31:00.663+0600][48.447s][info][gc,phases      ] GC(185)   Pre Evacuate Collection Set: 0.26ms
[2026-04-03T03:31:00.664+0600][48.447s][info][gc,phases      ] GC(185)   Merge Heap Roots: 0.67ms
[2026-04-03T03:31:00.664+0600][48.447s][info][gc,phases      ] GC(185)   Evacuate Collection Set: 48.66ms
[2026-04-03T03:31:00.664+0600][48.447s][info][gc,phases      ] GC(185)   Post Evacuate Collection Set: 0.77ms
[2026-04-03T03:31:00.664+0600][48.447s][info][gc,phases      ] GC(185)   Other: 0.09ms
[2026-04-03T03:31:00.664+0600][48.447s][info][gc,heap        ] GC(185) Eden regions: 289->0(201)
[2026-04-03T03:31:00.664+0600][48.447s][info][gc,heap        ] GC(185) Survivor regions: 2->37(37)
[2026-04-03T03:31:00.664+0600][48.447s][info][gc,heap        ] GC(185) Old regions: 147->190
[2026-04-03T03:31:00.664+0600][48.447s][info][gc,heap        ] GC(185) Humongous regions: 51->46
[2026-04-03T03:31:00.664+0600][48.447s][info][gc,metaspace   ] GC(185) Metaspace: 73028K(73920K)->73028K(73920K) NonClass: 63731K(64256K)->63731K(64256K) Class: 9297K(9664K)->9297K(9664K)
[2026-04-03T03:31:00.664+0600][48.447s][info][gc             ] GC(185) Pause Young (Prepare Mixed) (G1 Evacuation Pause) 481M->264M(569M) 50.756ms
[2026-04-03T03:31:00.664+0600][48.447s][info][gc,cpu         ] GC(185) User=0.46s Sys=0.03s Real=0.05s
[2026-04-03T03:31:00.829+0600][48.612s][info][gc,start       ] GC(186) Pause Young (Mixed) (G1 Evacuation Pause)
[2026-04-03T03:31:00.829+0600][48.612s][info][gc,task        ] GC(186) Using 10 workers of 10 for evacuation
[2026-04-03T03:31:00.882+0600][48.666s][info][gc,phases      ] GC(186)   Pre Evacuate Collection Set: 0.44ms
[2026-04-03T03:31:00.883+0600][48.666s][info][gc,phases      ] GC(186)   Merge Heap Roots: 0.57ms
[2026-04-03T03:31:00.883+0600][48.666s][info][gc,phases      ] GC(186)   Evacuate Collection Set: 49.06ms
[2026-04-03T03:31:00.883+0600][48.666s][info][gc,phases      ] GC(186)   Post Evacuate Collection Set: 3.24ms
[2026-04-03T03:31:00.883+0600][48.666s][info][gc,phases      ] GC(186)   Other: 0.12ms
[2026-04-03T03:31:00.883+0600][48.666s][info][gc,heap        ] GC(186) Eden regions: 201->0(453)
[2026-04-03T03:31:00.883+0600][48.666s][info][gc,heap        ] GC(186) Survivor regions: 37->25(30)
[2026-04-03T03:31:00.883+0600][48.666s][info][gc,heap        ] GC(186) Old regions: 190->226
[2026-04-03T03:31:00.883+0600][48.666s][info][gc,heap        ] GC(186) Humongous regions: 62->62
[2026-04-03T03:31:00.883+0600][48.666s][info][gc,metaspace   ] GC(186) Metaspace: 73028K(73920K)->73028K(73920K) NonClass: 63731K(64256K)->63731K(64256K) Class: 9297K(9664K)->9297K(9664K)
[2026-04-03T03:31:00.883+0600][48.666s][info][gc             ] GC(186) Pause Young (Mixed) (G1 Evacuation Pause) 481M->307M(942M) 53.719ms
[2026-04-03T03:31:00.883+0600][48.666s][info][gc,cpu         ] GC(186) User=0.50s Sys=0.01s Real=0.06s
[2026-04-03T03:31:01.026+0600][48.809s][info][gc,start       ] GC(187) Pause Young (Concurrent Start) (G1 Humongous Allocation)
[2026-04-03T03:31:01.026+0600][48.810s][info][gc,task        ] GC(187) Using 10 workers of 10 for evacuation
[2026-04-03T03:31:01.059+0600][48.842s][info][gc,phases      ] GC(187)   Pre Evacuate Collection Set: 0.44ms
[2026-04-03T03:31:01.059+0600][48.842s][info][gc,phases      ] GC(187)   Merge Heap Roots: 0.26ms
[2026-04-03T03:31:01.059+0600][48.842s][info][gc,phases      ] GC(187)   Evacuate Collection Set: 31.02ms
[2026-04-03T03:31:01.059+0600][48.842s][info][gc,phases      ] GC(187)   Post Evacuate Collection Set: 0.72ms
[2026-04-03T03:31:01.059+0600][48.842s][info][gc,phases      ] GC(187)   Other: 0.25ms
[2026-04-03T03:31:01.059+0600][48.842s][info][gc,heap        ] GC(187) Eden regions: 131->0(456)
[2026-04-03T03:31:01.059+0600][48.842s][info][gc,heap        ] GC(187) Survivor regions: 25->35(60)
[2026-04-03T03:31:01.059+0600][48.842s][info][gc,heap        ] GC(187) Old regions: 226->226
[2026-04-03T03:31:01.059+0600][48.842s][info][gc,heap        ] GC(187) Humongous regions: 62->62
[2026-04-03T03:31:01.059+0600][48.842s][info][gc,metaspace   ] GC(187) Metaspace: 73029K(73920K)->73029K(73920K) NonClass: 63732K(64256K)->63732K(64256K) Class: 9297K(9664K)->9297K(9664K)
[2026-04-03T03:31:01.059+0600][48.843s][info][gc             ] GC(187) Pause Young (Concurrent Start) (G1 Humongous Allocation) 438M->317M(942M) 33.052ms
[2026-04-03T03:31:01.059+0600][48.843s][info][gc             ] GC(188) Concurrent Mark Cycle
[2026-04-03T03:31:01.059+0600][48.843s][info][gc,cpu         ] GC(187) User=0.27s Sys=0.04s Real=0.03s
[2026-04-03T03:31:01.059+0600][48.843s][info][gc,marking     ] GC(188) Concurrent Scan Root Regions
[2026-04-03T03:31:01.072+0600][48.856s][info][gc,marking     ] GC(188) Concurrent Scan Root Regions 13.041ms
[2026-04-03T03:31:01.072+0600][48.856s][info][gc,marking     ] GC(188) Concurrent Mark
[2026-04-03T03:31:01.072+0600][48.856s][info][gc,marking     ] GC(188) Concurrent Mark From Roots
[2026-04-03T03:31:01.072+0600][48.856s][info][gc,task        ] GC(188) Using 3 workers of 3 for marking
[2026-04-03T03:31:01.324+0600][49.107s][info][gc,marking     ] GC(188) Concurrent Mark From Roots 251.573ms
[2026-04-03T03:31:01.324+0600][49.108s][info][gc,marking     ] GC(188) Concurrent Preclean
[2026-04-03T03:31:01.324+0600][49.108s][info][gc,marking     ] GC(188) Concurrent Preclean 0.250ms
[2026-04-03T03:31:01.325+0600][49.108s][info][gc,start       ] GC(188) Pause Remark
[2026-04-03T03:31:01.330+0600][49.113s][info][gc             ] GC(188) Pause Remark 508M->481M(942M) 5.243ms
[2026-04-03T03:31:01.330+0600][49.114s][info][gc,cpu         ] GC(188) User=0.03s Sys=0.00s Real=0.01s
[2026-04-03T03:31:01.330+0600][49.114s][info][gc,marking     ] GC(188) Concurrent Mark 257.932ms
[2026-04-03T03:31:01.330+0600][49.114s][info][gc,marking     ] GC(188) Concurrent Rebuild Remembered Sets and Scrub Regions
[2026-04-03T03:31:01.567+0600][49.351s][info][gc,marking     ] GC(188) Concurrent Rebuild Remembered Sets and Scrub Regions 236.739ms
[2026-04-03T03:31:01.568+0600][49.351s][info][gc,start       ] GC(188) Pause Cleanup
[2026-04-03T03:31:01.568+0600][49.352s][info][gc             ] GC(188) Pause Cleanup 624M->624M(942M) 0.524ms
[2026-04-03T03:31:01.568+0600][49.352s][info][gc,cpu         ] GC(188) User=0.00s Sys=0.00s Real=0.00s
[2026-04-03T03:31:01.568+0600][49.352s][info][gc,marking     ] GC(188) Concurrent Clear Claimed Marks
[2026-04-03T03:31:01.569+0600][49.352s][info][gc,marking     ] GC(188) Concurrent Clear Claimed Marks 0.257ms
[2026-04-03T03:31:01.569+0600][49.352s][info][gc,marking     ] GC(188) Concurrent Cleanup for Next Mark
[2026-04-03T03:31:01.572+0600][49.355s][info][gc,marking     ] GC(188) Concurrent Cleanup for Next Mark 3.271ms
[2026-04-03T03:31:01.572+0600][49.355s][info][gc             ] GC(188) Concurrent Mark Cycle 512.726ms
[2026-04-03T03:31:01.709+0600][49.493s][info][gc,start       ] GC(189) Pause Young (Prepare Mixed) (G1 Evacuation Pause)
[2026-04-03T03:31:01.709+0600][49.493s][info][gc,task        ] GC(189) Using 10 workers of 10 for evacuation
[2026-04-03T03:31:01.768+0600][49.551s][info][gc,phases      ] GC(189)   Pre Evacuate Collection Set: 0.47ms
[2026-04-03T03:31:01.768+0600][49.551s][info][gc,phases      ] GC(189)   Merge Heap Roots: 2.17ms
[2026-04-03T03:31:01.768+0600][49.551s][info][gc,phases      ] GC(189)   Evacuate Collection Set: 54.36ms
[2026-04-03T03:31:01.768+0600][49.551s][info][gc,phases      ] GC(189)   Post Evacuate Collection Set: 1.27ms
[2026-04-03T03:31:01.768+0600][49.551s][info][gc,phases      ] GC(189)   Other: 0.14ms
[2026-04-03T03:31:01.768+0600][49.551s][info][gc,heap        ] GC(189) Eden regions: 456->0(459)
[2026-04-03T03:31:01.768+0600][49.551s][info][gc,heap        ] GC(189) Survivor regions: 35->44(62)
[2026-04-03T03:31:01.768+0600][49.551s][info][gc,heap        ] GC(189) Old regions: 226->245
[2026-04-03T03:31:01.768+0600][49.551s][info][gc,heap        ] GC(189) Humongous regions: 50->50
[2026-04-03T03:31:01.768+0600][49.551s][info][gc,metaspace   ] GC(189) Metaspace: 73029K(73920K)->73029K(73920K) NonClass: 63732K(64256K)->63732K(64256K) Class: 9297K(9664K)->9297K(9664K)
[2026-04-03T03:31:01.768+0600][49.552s][info][gc             ] GC(189) Pause Young (Prepare Mixed) (G1 Evacuation Pause) 761M->332M(942M) 58.774ms
[2026-04-03T03:31:01.768+0600][49.552s][info][gc,cpu         ] GC(189) User=0.57s Sys=0.00s Real=0.06s
[2026-04-03T03:31:02.275+0600][50.058s][info][gc,start       ] GC(190) Pause Young (Mixed) (G1 Evacuation Pause)
[2026-04-03T03:31:02.275+0600][50.058s][info][gc,task        ] GC(190) Using 10 workers of 10 for evacuation
[2026-04-03T03:31:02.352+0600][50.135s][info][gc,phases      ] GC(190)   Pre Evacuate Collection Set: 0.58ms
[2026-04-03T03:31:02.352+0600][50.135s][info][gc,phases      ] GC(190)   Merge Heap Roots: 2.34ms
[2026-04-03T03:31:02.352+0600][50.135s][info][gc,phases      ] GC(190)   Evacuate Collection Set: 71.92ms
[2026-04-03T03:31:02.352+0600][50.135s][info][gc,phases      ] GC(190)   Post Evacuate Collection Set: 1.63ms
[2026-04-03T03:31:02.352+0600][50.135s][info][gc,phases      ] GC(190)   Other: 0.19ms
[2026-04-03T03:31:02.352+0600][50.135s][info][gc,heap        ] GC(190) Eden regions: 459->0(434)
[2026-04-03T03:31:02.352+0600][50.135s][info][gc,heap        ] GC(190) Survivor regions: 44->55(63)
[2026-04-03T03:31:02.352+0600][50.135s][info][gc,heap        ] GC(190) Old regions: 245->256
[2026-04-03T03:31:02.352+0600][50.135s][info][gc,heap        ] GC(190) Humongous regions: 77->77
[2026-04-03T03:31:02.352+0600][50.135s][info][gc,metaspace   ] GC(190) Metaspace: 73029K(73920K)->73029K(73920K) NonClass: 63732K(64256K)->63732K(64256K) Class: 9297K(9664K)->9297K(9664K)
[2026-04-03T03:31:02.352+0600][50.135s][info][gc             ] GC(190) Pause Young (Mixed) (G1 Evacuation Pause) 818M->384M(942M) 77.108ms
[2026-04-03T03:31:02.352+0600][50.135s][info][gc,cpu         ] GC(190) User=0.74s Sys=0.00s Real=0.08s
[2026-04-03T03:31:02.541+0600][50.325s][info][gc,start       ] GC(191) Pause Young (Concurrent Start) (G1 Humongous Allocation)
[2026-04-03T03:31:02.541+0600][50.325s][info][gc,task        ] GC(191) Using 10 workers of 10 for evacuation
[2026-04-03T03:31:02.602+0600][50.385s][info][gc,phases      ] GC(191)   Pre Evacuate Collection Set: 0.43ms
[2026-04-03T03:31:02.602+0600][50.386s][info][gc,phases      ] GC(191)   Merge Heap Roots: 0.36ms
[2026-04-03T03:31:02.602+0600][50.386s][info][gc,phases      ] GC(191)   Evacuate Collection Set: 58.77ms
[2026-04-03T03:31:02.602+0600][50.386s][info][gc,phases      ] GC(191)   Post Evacuate Collection Set: 0.97ms
[2026-04-03T03:31:02.602+0600][50.386s][info][gc,phases      ] GC(191)   Other: 0.16ms
[2026-04-03T03:31:02.602+0600][50.386s][info][gc,heap        ] GC(191) Eden regions: 126->0(438)
[2026-04-03T03:31:02.602+0600][50.386s][info][gc,heap        ] GC(191) Survivor regions: 55->38(62)
[2026-04-03T03:31:02.602+0600][50.386s][info][gc,heap        ] GC(191) Old regions: 256->282
[2026-04-03T03:31:02.602+0600][50.386s][info][gc,heap        ] GC(191) Humongous regions: 77->77
[2026-04-03T03:31:02.602+0600][50.386s][info][gc,metaspace   ] GC(191) Metaspace: 73029K(73920K)->73029K(73920K) NonClass: 63732K(64256K)->63732K(64256K) Class: 9297K(9664K)->9297K(9664K)
[2026-04-03T03:31:02.602+0600][50.386s][info][gc             ] GC(191) Pause Young (Concurrent Start) (G1 Humongous Allocation) 510M->393M(942M) 60.993ms
[2026-04-03T03:31:02.602+0600][50.386s][info][gc             ] GC(192) Concurrent Mark Cycle
[2026-04-03T03:31:02.602+0600][50.386s][info][gc,cpu         ] GC(191) User=0.60s Sys=0.00s Real=0.06s
[2026-04-03T03:31:02.602+0600][50.386s][info][gc,marking     ] GC(192) Concurrent Scan Root Regions
[2026-04-03T03:31:02.628+0600][50.412s][info][gc,marking     ] GC(192) Concurrent Scan Root Regions 25.858ms
[2026-04-03T03:31:02.628+0600][50.412s][info][gc,marking     ] GC(192) Concurrent Mark
[2026-04-03T03:31:02.628+0600][50.412s][info][gc,marking     ] GC(192) Concurrent Mark From Roots
[2026-04-03T03:31:02.628+0600][50.412s][info][gc,task        ] GC(192) Using 3 workers of 3 for marking
[2026-04-03T03:31:02.841+0600][50.624s][info][gc,marking     ] GC(192) Concurrent Mark From Roots 212.289ms
[2026-04-03T03:31:02.841+0600][50.624s][info][gc,marking     ] GC(192) Concurrent Preclean
[2026-04-03T03:31:02.841+0600][50.625s][info][gc,marking     ] GC(192) Concurrent Preclean 0.300ms
[2026-04-03T03:31:02.842+0600][50.625s][info][gc,start       ] GC(192) Pause Remark
[2026-04-03T03:31:02.847+0600][50.630s][info][gc             ] GC(192) Pause Remark 399M->305M(942M) 5.051ms
[2026-04-03T03:31:02.847+0600][50.630s][info][gc,cpu         ] GC(192) User=0.02s Sys=0.00s Real=0.00s
[2026-04-03T03:31:02.847+0600][50.630s][info][gc,marking     ] GC(192) Concurrent Mark 218.593ms
[2026-04-03T03:31:02.847+0600][50.630s][info][gc,marking     ] GC(192) Concurrent Rebuild Remembered Sets and Scrub Regions
[2026-04-03T03:31:03.041+0600][50.825s][info][gc,marking     ] GC(192) Concurrent Rebuild Remembered Sets and Scrub Regions 194.184ms
[2026-04-03T03:31:03.042+0600][50.825s][info][gc,start       ] GC(192) Pause Cleanup
[2026-04-03T03:31:03.042+0600][50.825s][info][gc             ] GC(192) Pause Cleanup 309M->309M(942M) 0.460ms
[2026-04-03T03:31:03.042+0600][50.826s][info][gc,cpu         ] GC(192) User=0.00s Sys=0.00s Real=0.00s
[2026-04-03T03:31:03.042+0600][50.826s][info][gc,marking     ] GC(192) Concurrent Clear Claimed Marks
[2026-04-03T03:31:03.042+0600][50.826s][info][gc,marking     ] GC(192) Concurrent Clear Claimed Marks 0.175ms
[2026-04-03T03:31:03.042+0600][50.826s][info][gc,marking     ] GC(192) Concurrent Cleanup for Next Mark
[2026-04-03T03:31:03.044+0600][50.827s][info][gc,marking     ] GC(192) Concurrent Cleanup for Next Mark 1.093ms
[2026-04-03T03:31:03.044+0600][50.827s][info][gc             ] GC(192) Concurrent Mark Cycle 441.266ms
[2026-04-03T03:31:04.108+0600][51.891s][info][gc,start       ] GC(193) Pause Young (Prepare Mixed) (G1 Evacuation Pause)
[2026-04-03T03:31:04.108+0600][51.891s][info][gc,task        ] GC(193) Using 10 workers of 10 for evacuation
[2026-04-03T03:31:04.241+0600][52.024s][info][gc,phases      ] GC(193)   Pre Evacuate Collection Set: 0.52ms
[2026-04-03T03:31:04.241+0600][52.024s][info][gc,phases      ] GC(193)   Merge Heap Roots: 2.48ms
[2026-04-03T03:31:04.241+0600][52.024s][info][gc,phases      ] GC(193)   Evacuate Collection Set: 128.91ms
[2026-04-03T03:31:04.241+0600][52.024s][info][gc,phases      ] GC(193)   Post Evacuate Collection Set: 0.96ms
[2026-04-03T03:31:04.241+0600][52.024s][info][gc,phases      ] GC(193)   Other: 0.15ms
[2026-04-03T03:31:04.241+0600][52.024s][info][gc,heap        ] GC(193) Eden regions: 438->0(336)
[2026-04-03T03:31:04.241+0600][52.024s][info][gc,heap        ] GC(193) Survivor regions: 38->60(60)
[2026-04-03T03:31:04.241+0600][52.024s][info][gc,heap        ] GC(193) Old regions: 227->306
[2026-04-03T03:31:04.241+0600][52.024s][info][gc,heap        ] GC(193) Humongous regions: 130->119
[2026-04-03T03:31:04.241+0600][52.024s][info][gc,metaspace   ] GC(193) Metaspace: 73074K(73920K)->73074K(73920K) NonClass: 63775K(64256K)->63775K(64256K) Class: 9298K(9664K)->9298K(9664K)
[2026-04-03T03:31:04.241+0600][52.024s][info][gc             ] GC(193) Pause Young (Prepare Mixed) (G1 Evacuation Pause) 829M->482M(972M) 133.366ms
[2026-04-03T03:31:04.241+0600][52.024s][info][gc,cpu         ] GC(193) User=1.27s Sys=0.04s Real=0.14s
[2026-04-03T03:31:04.509+0600][52.293s][info][gc,start       ] GC(194) Pause Young (Mixed) (G1 Evacuation Pause)
[2026-04-03T03:31:04.509+0600][52.293s][info][gc,task        ] GC(194) Using 10 workers of 10 for evacuation
[2026-04-03T03:31:04.610+0600][52.393s][info][gc,phases      ] GC(194)   Pre Evacuate Collection Set: 0.50ms
[2026-04-03T03:31:04.610+0600][52.393s][info][gc,phases      ] GC(194)   Merge Heap Roots: 1.04ms
[2026-04-03T03:31:04.610+0600][52.393s][info][gc,phases      ] GC(194)   Evacuate Collection Set: 96.16ms
[2026-04-03T03:31:04.610+0600][52.393s][info][gc,phases      ] GC(194)   Post Evacuate Collection Set: 2.27ms
[2026-04-03T03:31:04.610+0600][52.393s][info][gc,phases      ] GC(194)   Other: 0.22ms
[2026-04-03T03:31:04.610+0600][52.393s][info][gc,heap        ] GC(194) Eden regions: 336->0(390)
[2026-04-03T03:31:04.610+0600][52.393s][info][gc,heap        ] GC(194) Survivor regions: 60->36(50)
[2026-04-03T03:31:04.610+0600][52.393s][info][gc,heap        ] GC(194) Old regions: 306->362
[2026-04-03T03:31:04.610+0600][52.393s][info][gc,heap        ] GC(194) Humongous regions: 137->137
[2026-04-03T03:31:04.610+0600][52.393s][info][gc,metaspace   ] GC(194) Metaspace: 73074K(73920K)->73074K(73920K) NonClass: 63775K(64256K)->63775K(64256K) Class: 9298K(9664K)->9298K(9664K)
[2026-04-03T03:31:04.610+0600][52.393s][info][gc             ] GC(194) Pause Young (Mixed) (G1 Evacuation Pause) 836M->532M(1080M) 100.560ms
[2026-04-03T03:31:04.610+0600][52.393s][info][gc,cpu         ] GC(194) User=0.98s Sys=0.00s Real=0.11s
[2026-04-03T03:31:04.655+0600][52.438s][info][gc,start       ] GC(195) Pause Young (Concurrent Start) (G1 Humongous Allocation)
[2026-04-03T03:31:04.655+0600][52.438s][info][gc,task        ] GC(195) Using 10 workers of 10 for evacuation
[2026-04-03T03:31:04.684+0600][52.467s][info][gc,phases      ] GC(195)   Pre Evacuate Collection Set: 0.55ms
[2026-04-03T03:31:04.684+0600][52.467s][info][gc,phases      ] GC(195)   Merge Heap Roots: 0.17ms
[2026-04-03T03:31:04.684+0600][52.467s][info][gc,phases      ] GC(195)   Evacuate Collection Set: 26.79ms
[2026-04-03T03:31:04.684+0600][52.467s][info][gc,phases      ] GC(195)   Post Evacuate Collection Set: 0.95ms
[2026-04-03T03:31:04.684+0600][52.467s][info][gc,phases      ] GC(195)   Other: 0.17ms
[2026-04-03T03:31:04.684+0600][52.467s][info][gc,heap        ] GC(195) Eden regions: 46->0(396)
[2026-04-03T03:31:04.684+0600][52.467s][info][gc,heap        ] GC(195) Survivor regions: 36->9(54)
[2026-04-03T03:31:04.684+0600][52.467s][info][gc,heap        ] GC(195) Old regions: 362->397
[2026-04-03T03:31:04.684+0600][52.467s][info][gc,heap        ] GC(195) Humongous regions: 137->137
[2026-04-03T03:31:04.684+0600][52.467s][info][gc,metaspace   ] GC(195) Metaspace: 73074K(73920K)->73074K(73920K) NonClass: 63775K(64256K)->63775K(64256K) Class: 9298K(9664K)->9298K(9664K)
[2026-04-03T03:31:04.684+0600][52.467s][info][gc             ] GC(195) Pause Young (Concurrent Start) (G1 Humongous Allocation) 578M->539M(1080M) 29.035ms
[2026-04-03T03:31:04.684+0600][52.467s][info][gc             ] GC(196) Concurrent Mark Cycle
[2026-04-03T03:31:04.684+0600][52.467s][info][gc,marking     ] GC(196) Concurrent Scan Root Regions
[2026-04-03T03:31:04.684+0600][52.467s][info][gc,cpu         ] GC(195) User=0.26s Sys=0.01s Real=0.03s
[2026-04-03T03:31:04.698+0600][52.482s][info][gc,marking     ] GC(196) Concurrent Scan Root Regions 14.081ms
[2026-04-03T03:31:04.698+0600][52.482s][info][gc,marking     ] GC(196) Concurrent Mark
[2026-04-03T03:31:04.698+0600][52.482s][info][gc,marking     ] GC(196) Concurrent Mark From Roots
[2026-04-03T03:31:04.698+0600][52.482s][info][gc,task        ] GC(196) Using 3 workers of 3 for marking
[2026-04-03T03:31:04.941+0600][52.725s][info][gc,marking     ] GC(196) Concurrent Mark From Roots 243.137ms
[2026-04-03T03:31:04.941+0600][52.725s][info][gc,marking     ] GC(196) Concurrent Preclean
[2026-04-03T03:31:04.942+0600][52.725s][info][gc,marking     ] GC(196) Concurrent Preclean 0.350ms
[2026-04-03T03:31:04.942+0600][52.726s][info][gc,start       ] GC(196) Pause Remark
[2026-04-03T03:31:04.950+0600][52.733s][info][gc             ] GC(196) Pause Remark 715M->539M(1080M) 7.444ms
[2026-04-03T03:31:04.950+0600][52.733s][info][gc,cpu         ] GC(196) User=0.05s Sys=0.00s Real=0.01s
[2026-04-03T03:31:04.950+0600][52.733s][info][gc,marking     ] GC(196) Concurrent Mark 251.846ms
[2026-04-03T03:31:04.950+0600][52.734s][info][gc,marking     ] GC(196) Concurrent Rebuild Remembered Sets and Scrub Regions
[2026-04-03T03:31:05.198+0600][52.982s][info][gc,marking     ] GC(196) Concurrent Rebuild Remembered Sets and Scrub Regions 248.108ms
[2026-04-03T03:31:05.199+0600][52.982s][info][gc,start       ] GC(196) Pause Cleanup
[2026-04-03T03:31:05.199+0600][52.983s][info][gc             ] GC(196) Pause Cleanup 754M->754M(1080M) 0.712ms
[2026-04-03T03:31:05.199+0600][52.983s][info][gc,cpu         ] GC(196) User=0.01s Sys=0.00s Real=0.00s
[2026-04-03T03:31:05.200+0600][52.983s][info][gc,marking     ] GC(196) Concurrent Clear Claimed Marks
[2026-04-03T03:31:05.200+0600][52.983s][info][gc,marking     ] GC(196) Concurrent Clear Claimed Marks 0.299ms
[2026-04-03T03:31:05.200+0600][52.983s][info][gc,marking     ] GC(196) Concurrent Cleanup for Next Mark
[2026-04-03T03:31:05.203+0600][52.986s][info][gc,marking     ] GC(196) Concurrent Cleanup for Next Mark 2.884ms
[2026-04-03T03:31:05.203+0600][52.986s][info][gc             ] GC(196) Concurrent Mark Cycle 519.086ms
[2026-04-03T03:31:05.223+0600][53.007s][info][gc,start       ] GC(197) Pause Young (Prepare Mixed) (G1 Evacuation Pause)
[2026-04-03T03:31:05.224+0600][53.007s][info][gc,task        ] GC(197) Using 10 workers of 10 for evacuation
[2026-04-03T03:31:05.262+0600][53.045s][info][gc,phases      ] GC(197)   Pre Evacuate Collection Set: 0.56ms
[2026-04-03T03:31:05.262+0600][53.045s][info][gc,phases      ] GC(197)   Merge Heap Roots: 1.90ms
[2026-04-03T03:31:05.262+0600][53.045s][info][gc,phases      ] GC(197)   Evacuate Collection Set: 34.26ms
[2026-04-03T03:31:05.262+0600][53.045s][info][gc,phases      ] GC(197)   Post Evacuate Collection Set: 1.41ms
[2026-04-03T03:31:05.262+0600][53.045s][info][gc,phases      ] GC(197)   Other: 0.20ms
[2026-04-03T03:31:05.262+0600][53.045s][info][gc,heap        ] GC(197) Eden regions: 396->0(518)
[2026-04-03T03:31:05.262+0600][53.045s][info][gc,heap        ] GC(197) Survivor regions: 9->35(51)
[2026-04-03T03:31:05.262+0600][53.045s][info][gc,heap        ] GC(197) Old regions: 323->323
[2026-04-03T03:31:05.262+0600][53.045s][info][gc,heap        ] GC(197) Humongous regions: 50->50
[2026-04-03T03:31:05.262+0600][53.045s][info][gc,metaspace   ] GC(197) Metaspace: 73078K(73920K)->73078K(73920K) NonClass: 63779K(64256K)->63779K(64256K) Class: 9298K(9664K)->9298K(9664K)
[2026-04-03T03:31:05.262+0600][53.045s][info][gc             ] GC(197) Pause Young (Prepare Mixed) (G1 Evacuation Pause) 774M->404M(1080M) 38.651ms
[2026-04-03T03:31:05.262+0600][53.046s][info][gc,cpu         ] GC(197) User=0.37s Sys=0.00s Real=0.04s
[2026-04-03T03:31:06.501+0600][54.285s][info][gc,start       ] GC(198) Pause Young (Mixed) (G1 Evacuation Pause)
[2026-04-03T03:31:06.502+0600][54.285s][info][gc,task        ] GC(198) Using 10 workers of 10 for evacuation
[2026-04-03T03:31:06.604+0600][54.388s][info][gc,phases      ] GC(198)   Pre Evacuate Collection Set: 0.54ms
[2026-04-03T03:31:06.604+0600][54.388s][info][gc,phases      ] GC(198)   Merge Heap Roots: 2.68ms
[2026-04-03T03:31:06.604+0600][54.388s][info][gc,phases      ] GC(198)   Evacuate Collection Set: 97.85ms
[2026-04-03T03:31:06.604+0600][54.388s][info][gc,phases      ] GC(198)   Post Evacuate Collection Set: 1.49ms
[2026-04-03T03:31:06.604+0600][54.388s][info][gc,phases      ] GC(198)   Other: 0.18ms
[2026-04-03T03:31:06.604+0600][54.388s][info][gc,heap        ] GC(198) Eden regions: 518->0(495)
[2026-04-03T03:31:06.604+0600][54.388s][info][gc,heap        ] GC(198) Survivor regions: 35->60(70)
[2026-04-03T03:31:06.604+0600][54.388s][info][gc,heap        ] GC(198) Old regions: 323->302
[2026-04-03T03:31:06.604+0600][54.388s][info][gc,heap        ] GC(198) Humongous regions: 92->92
[2026-04-03T03:31:06.604+0600][54.388s][info][gc,metaspace   ] GC(198) Metaspace: 73078K(73920K)->73078K(73920K) NonClass: 63779K(64256K)->63779K(64256K) Class: 9298K(9664K)->9298K(9664K)
[2026-04-03T03:31:06.604+0600][54.388s][info][gc             ] GC(198) Pause Young (Mixed) (G1 Evacuation Pause) 964M->451M(1080M) 103.050ms
[2026-04-03T03:31:06.605+0600][54.388s][info][gc,cpu         ] GC(198) User=1.01s Sys=0.00s Real=0.10s
[2026-04-03T03:31:06.690+0600][54.473s][info][gc,start       ] GC(199) Pause Young (Concurrent Start) (G1 Humongous Allocation)
[2026-04-03T03:31:06.690+0600][54.473s][info][gc,task        ] GC(199) Using 10 workers of 10 for evacuation
[2026-04-03T03:31:06.770+0600][54.553s][info][gc,phases      ] GC(199)   Pre Evacuate Collection Set: 0.58ms
[2026-04-03T03:31:06.770+0600][54.553s][info][gc,phases      ] GC(199)   Merge Heap Roots: 0.55ms
[2026-04-03T03:31:06.770+0600][54.553s][info][gc,phases      ] GC(199)   Evacuate Collection Set: 76.99ms
[2026-04-03T03:31:06.770+0600][54.553s][info][gc,phases      ] GC(199)   Post Evacuate Collection Set: 1.02ms
[2026-04-03T03:31:06.770+0600][54.553s][info][gc,phases      ] GC(199)   Other: 0.32ms
[2026-04-03T03:31:06.770+0600][54.553s][info][gc,heap        ] GC(199) Eden regions: 15->0(516)
[2026-04-03T03:31:06.770+0600][54.553s][info][gc,heap        ] GC(199) Survivor regions: 60->33(70)
[2026-04-03T03:31:06.770+0600][54.553s][info][gc,heap        ] GC(199) Old regions: 302->330
[2026-04-03T03:31:06.770+0600][54.553s][info][gc,heap        ] GC(199) Humongous regions: 92->92
[2026-04-03T03:31:06.770+0600][54.553s][info][gc,metaspace   ] GC(199) Metaspace: 73078K(73920K)->73078K(73920K) NonClass: 63779K(64256K)->63779K(64256K) Class: 9298K(9664K)->9298K(9664K)
[2026-04-03T03:31:06.770+0600][54.553s][info][gc             ] GC(199) Pause Young (Concurrent Start) (G1 Humongous Allocation) 466M->451M(1080M) 79.825ms
[2026-04-03T03:31:06.770+0600][54.553s][info][gc,cpu         ] GC(199) User=0.77s Sys=0.00s Real=0.08s
[2026-04-03T03:31:06.770+0600][54.553s][info][gc             ] GC(200) Concurrent Mark Cycle
[2026-04-03T03:31:06.770+0600][54.553s][info][gc,marking     ] GC(200) Concurrent Scan Root Regions
[2026-04-03T03:31:06.793+0600][54.576s][info][gc,marking     ] GC(200) Concurrent Scan Root Regions 22.523ms
[2026-04-03T03:31:06.793+0600][54.576s][info][gc,marking     ] GC(200) Concurrent Mark
[2026-04-03T03:31:06.793+0600][54.576s][info][gc,marking     ] GC(200) Concurrent Mark From Roots
[2026-04-03T03:31:06.793+0600][54.576s][info][gc,task        ] GC(200) Using 3 workers of 3 for marking
[2026-04-03T03:31:06.962+0600][54.745s][info][gc,marking     ] GC(200) Concurrent Mark From Roots 169.407ms
[2026-04-03T03:31:06.962+0600][54.746s][info][gc,marking     ] GC(200) Concurrent Preclean
[2026-04-03T03:31:06.963+0600][54.746s][info][gc,marking     ] GC(200) Concurrent Preclean 0.485ms
[2026-04-03T03:31:06.963+0600][54.747s][info][gc,start       ] GC(200) Pause Remark
[2026-04-03T03:31:06.968+0600][54.752s][info][gc             ] GC(200) Pause Remark 536M->384M(1080M) 5.103ms
[2026-04-03T03:31:06.968+0600][54.752s][info][gc,cpu         ] GC(200) User=0.03s Sys=0.00s Real=0.00s
[2026-04-03T03:31:06.969+0600][54.752s][info][gc,marking     ] GC(200) Concurrent Mark 175.997ms
[2026-04-03T03:31:06.969+0600][54.752s][info][gc,marking     ] GC(200) Concurrent Rebuild Remembered Sets and Scrub Regions
[2026-04-03T03:31:07.195+0600][54.978s][info][gc,marking     ] GC(200) Concurrent Rebuild Remembered Sets and Scrub Regions 225.760ms
[2026-04-03T03:31:07.195+0600][54.978s][info][gc,start       ] GC(200) Pause Cleanup
[2026-04-03T03:31:07.196+0600][54.979s][info][gc             ] GC(200) Pause Cleanup 472M->472M(1080M) 0.585ms
[2026-04-03T03:31:07.196+0600][54.979s][info][gc,cpu         ] GC(200) User=0.00s Sys=0.00s Real=0.00s
[2026-04-03T03:31:07.196+0600][54.979s][info][gc,marking     ] GC(200) Concurrent Clear Claimed Marks
[2026-04-03T03:31:07.196+0600][54.980s][info][gc,marking     ] GC(200) Concurrent Clear Claimed Marks 0.319ms
[2026-04-03T03:31:07.196+0600][54.980s][info][gc,marking     ] GC(200) Concurrent Cleanup for Next Mark
[2026-04-03T03:31:07.198+0600][54.982s][info][gc,marking     ] GC(200) Concurrent Cleanup for Next Mark 1.803ms
[2026-04-03T03:31:07.198+0600][54.982s][info][gc             ] GC(200) Concurrent Mark Cycle 428.354ms
[2026-04-03T03:31:07.871+0600][55.654s][info][gc,start       ] GC(201) Pause Young (Prepare Mixed) (G1 Evacuation Pause)
[2026-04-03T03:31:07.871+0600][55.654s][info][gc,task        ] GC(201) Using 10 workers of 10 for evacuation
[2026-04-03T03:31:07.995+0600][55.778s][info][gc,phases      ] GC(201)   Pre Evacuate Collection Set: 0.51ms
[2026-04-03T03:31:07.995+0600][55.778s][info][gc,phases      ] GC(201)   Merge Heap Roots: 4.07ms
[2026-04-03T03:31:07.995+0600][55.778s][info][gc,phases      ] GC(201)   Evacuate Collection Set: 117.61ms
[2026-04-03T03:31:07.995+0600][55.778s][info][gc,phases      ] GC(201)   Post Evacuate Collection Set: 1.64ms
[2026-04-03T03:31:07.995+0600][55.778s][info][gc,phases      ] GC(201)   Other: 0.16ms
[2026-04-03T03:31:07.995+0600][55.779s][info][gc,heap        ] GC(201) Eden regions: 516->0(465)
[2026-04-03T03:31:07.995+0600][55.779s][info][gc,heap        ] GC(201) Survivor regions: 33->69(69)
[2026-04-03T03:31:07.995+0600][55.779s][info][gc,heap        ] GC(201) Old regions: 241->281
[2026-04-03T03:31:07.995+0600][55.779s][info][gc,heap        ] GC(201) Humongous regions: 146->113
[2026-04-03T03:31:07.995+0600][55.779s][info][gc,metaspace   ] GC(201) Metaspace: 73192K(74176K)->73192K(74176K) NonClass: 63892K(64448K)->63892K(64448K) Class: 9300K(9728K)->9300K(9728K)
[2026-04-03T03:31:07.995+0600][55.779s][info][gc             ] GC(201) Pause Young (Prepare Mixed) (G1 Evacuation Pause) 932M->460M(1080M) 124.426ms
[2026-04-03T03:31:07.995+0600][55.779s][info][gc,cpu         ] GC(201) User=1.22s Sys=0.00s Real=0.12s
[2026-04-03T03:31:08.612+0600][56.396s][info][gc,start       ] GC(202) Pause Young (Mixed) (G1 Evacuation Pause)
[2026-04-03T03:31:08.612+0600][56.396s][info][gc,task        ] GC(202) Using 10 workers of 10 for evacuation
[2026-04-03T03:31:08.721+0600][56.505s][info][gc,phases      ] GC(202)   Pre Evacuate Collection Set: 0.45ms
[2026-04-03T03:31:08.721+0600][56.505s][info][gc,phases      ] GC(202)   Merge Heap Roots: 1.24ms
[2026-04-03T03:31:08.721+0600][56.505s][info][gc,phases      ] GC(202)   Evacuate Collection Set: 105.93ms
[2026-04-03T03:31:08.721+0600][56.505s][info][gc,phases      ] GC(202)   Post Evacuate Collection Set: 1.09ms
[2026-04-03T03:31:08.721+0600][56.505s][info][gc,phases      ] GC(202)   Other: 0.13ms
[2026-04-03T03:31:08.721+0600][56.505s][info][gc,heap        ] GC(202) Eden regions: 465->0(426)
[2026-04-03T03:31:08.721+0600][56.505s][info][gc,heap        ] GC(202) Survivor regions: 69->50(67)
[2026-04-03T03:31:08.721+0600][56.505s][info][gc,heap        ] GC(202) Old regions: 281->342
[2026-04-03T03:31:08.721+0600][56.505s][info][gc,heap        ] GC(202) Humongous regions: 148->137
[2026-04-03T03:31:08.721+0600][56.505s][info][gc,metaspace   ] GC(202) Metaspace: 73218K(74176K)->73218K(74176K) NonClass: 63918K(64448K)->63918K(64448K) Class: 9300K(9728K)->9300K(9728K)
[2026-04-03T03:31:08.721+0600][56.505s][info][gc             ] GC(202) Pause Young (Mixed) (G1 Evacuation Pause) 960M->526M(1084M) 109.122ms
[2026-04-03T03:31:08.722+0600][56.505s][info][gc,cpu         ] GC(202) User=1.07s Sys=0.01s Real=0.11s
[2026-04-03T03:31:08.752+0600][56.536s][info][gc,start       ] GC(203) Pause Young (Concurrent Start) (G1 Humongous Allocation)
[2026-04-03T03:31:08.752+0600][56.536s][info][gc,task        ] GC(203) Using 10 workers of 10 for evacuation
[2026-04-03T03:31:08.786+0600][56.570s][info][gc,phases      ] GC(203)   Pre Evacuate Collection Set: 0.44ms
[2026-04-03T03:31:08.786+0600][56.570s][info][gc,phases      ] GC(203)   Merge Heap Roots: 0.33ms
[2026-04-03T03:31:08.786+0600][56.570s][info][gc,phases      ] GC(203)   Evacuate Collection Set: 31.35ms
[2026-04-03T03:31:08.786+0600][56.570s][info][gc,phases      ] GC(203)   Post Evacuate Collection Set: 1.92ms
[2026-04-03T03:31:08.786+0600][56.570s][info][gc,phases      ] GC(203)   Other: 0.17ms
[2026-04-03T03:31:08.787+0600][56.570s][info][gc,heap        ] GC(203) Eden regions: 53->0(506)
[2026-04-03T03:31:08.787+0600][56.570s][info][gc,heap        ] GC(203) Survivor regions: 50->11(60)
[2026-04-03T03:31:08.787+0600][56.570s][info][gc,heap        ] GC(203) Old regions: 342->393
[2026-04-03T03:31:08.787+0600][56.570s][info][gc,heap        ] GC(203) Humongous regions: 137->137
[2026-04-03T03:31:08.787+0600][56.570s][info][gc,metaspace   ] GC(203) Metaspace: 73218K(74176K)->73218K(74176K) NonClass: 63918K(64448K)->63918K(64448K) Class: 9300K(9728K)->9300K(9728K)
[2026-04-03T03:31:08.787+0600][56.570s][info][gc             ] GC(203) Pause Young (Concurrent Start) (G1 Humongous Allocation) 578M->537M(1224M) 34.482ms
[2026-04-03T03:31:08.787+0600][56.570s][info][gc             ] GC(204) Concurrent Mark Cycle
[2026-04-03T03:31:08.787+0600][56.570s][info][gc,cpu         ] GC(203) User=0.32s Sys=0.00s Real=0.03s
[2026-04-03T03:31:08.787+0600][56.570s][info][gc,marking     ] GC(204) Concurrent Scan Root Regions
[2026-04-03T03:31:08.806+0600][56.590s][info][gc,marking     ] GC(204) Concurrent Scan Root Regions 19.387ms
[2026-04-03T03:31:08.806+0600][56.590s][info][gc,marking     ] GC(204) Concurrent Mark
[2026-04-03T03:31:08.806+0600][56.590s][info][gc,marking     ] GC(204) Concurrent Mark From Roots
[2026-04-03T03:31:08.806+0600][56.590s][info][gc,task        ] GC(204) Using 3 workers of 3 for marking
[2026-04-03T03:31:08.940+0600][56.723s][info][gc,marking     ] GC(204) Concurrent Mark From Roots 133.469ms
[2026-04-03T03:31:08.940+0600][56.723s][info][gc,marking     ] GC(204) Concurrent Preclean
[2026-04-03T03:31:08.940+0600][56.724s][info][gc,marking     ] GC(204) Concurrent Preclean 0.224ms
[2026-04-03T03:31:08.941+0600][56.724s][info][gc,start       ] GC(204) Pause Remark
[2026-04-03T03:31:08.946+0600][56.729s][info][gc             ] GC(204) Pause Remark 658M->398M(967M) 5.014ms
[2026-04-03T03:31:08.946+0600][56.729s][info][gc,cpu         ] GC(204) User=0.03s Sys=0.01s Real=0.00s
[2026-04-03T03:31:08.946+0600][56.729s][info][gc,marking     ] GC(204) Concurrent Mark 139.600ms
[2026-04-03T03:31:08.946+0600][56.729s][info][gc,marking     ] GC(204) Concurrent Rebuild Remembered Sets and Scrub Regions
[2026-04-03T03:31:09.009+0600][56.793s][info][gc,marking     ] GC(204) Concurrent Rebuild Remembered Sets and Scrub Regions 63.142ms
[2026-04-03T03:31:09.010+0600][56.793s][info][gc,start       ] GC(204) Pause Cleanup
[2026-04-03T03:31:09.010+0600][56.794s][info][gc             ] GC(204) Pause Cleanup 452M->452M(967M) 0.503ms
[2026-04-03T03:31:09.010+0600][56.794s][info][gc,cpu         ] GC(204) User=0.00s Sys=0.00s Real=0.01s
[2026-04-03T03:31:09.010+0600][56.794s][info][gc,marking     ] GC(204) Concurrent Clear Claimed Marks
[2026-04-03T03:31:09.011+0600][56.794s][info][gc,marking     ] GC(204) Concurrent Clear Claimed Marks 0.235ms
[2026-04-03T03:31:09.011+0600][56.794s][info][gc,marking     ] GC(204) Concurrent Cleanup for Next Mark
[2026-04-03T03:31:09.012+0600][56.795s][info][gc,marking     ] GC(204) Concurrent Cleanup for Next Mark 1.327ms
[2026-04-03T03:31:09.012+0600][56.795s][info][gc             ] GC(204) Concurrent Mark Cycle 225.338ms
[2026-04-03T03:31:09.778+0600][57.562s][info][gc,start       ] GC(205) Pause Young (Prepare Mixed) (G1 Evacuation Pause)
[2026-04-03T03:31:09.778+0600][57.562s][info][gc,task        ] GC(205) Using 10 workers of 10 for evacuation
[2026-04-03T03:31:09.881+0600][57.664s][info][gc,phases      ] GC(205)   Pre Evacuate Collection Set: 0.46ms
[2026-04-03T03:31:09.881+0600][57.664s][info][gc,phases      ] GC(205)   Merge Heap Roots: 0.75ms
[2026-04-03T03:31:09.881+0600][57.664s][info][gc,phases      ] GC(205)   Evacuate Collection Set: 99.84ms
[2026-04-03T03:31:09.881+0600][57.664s][info][gc,phases      ] GC(205)   Post Evacuate Collection Set: 1.14ms
[2026-04-03T03:31:09.881+0600][57.664s][info][gc,phases      ] GC(205)   Other: 0.14ms
[2026-04-03T03:31:09.881+0600][57.664s][info][gc,heap        ] GC(205) Eden regions: 433->0(434)
[2026-04-03T03:31:09.881+0600][57.664s][info][gc,heap        ] GC(205) Survivor regions: 11->63(65)
[2026-04-03T03:31:09.881+0600][57.664s][info][gc,heap        ] GC(205) Old regions: 253->253
[2026-04-03T03:31:09.881+0600][57.664s][info][gc,heap        ] GC(205) Humongous regions: 273->135
[2026-04-03T03:31:09.881+0600][57.664s][info][gc,metaspace   ] GC(205) Metaspace: 73263K(74176K)->73263K(74176K) NonClass: 63963K(64448K)->63963K(64448K) Class: 9300K(9728K)->9300K(9728K)
[2026-04-03T03:31:09.881+0600][57.664s][info][gc             ] GC(205) Pause Young (Prepare Mixed) (G1 Evacuation Pause) 966M->447M(1033M) 102.668ms
[2026-04-03T03:31:09.881+0600][57.664s][info][gc,cpu         ] GC(205) User=0.91s Sys=0.09s Real=0.11s
[2026-04-03T03:31:10.128+0600][57.912s][info][gc,start       ] GC(206) Pause Young (Mixed) (G1 Evacuation Pause)
[2026-04-03T03:31:10.129+0600][57.912s][info][gc,task        ] GC(206) Using 10 workers of 10 for evacuation
[2026-04-03T03:31:10.194+0600][57.978s][info][gc,phases      ] GC(206)   Pre Evacuate Collection Set: 0.38ms
[2026-04-03T03:31:10.194+0600][57.978s][info][gc,phases      ] GC(206)   Merge Heap Roots: 0.50ms
[2026-04-03T03:31:10.194+0600][57.978s][info][gc,phases      ] GC(206)   Evacuate Collection Set: 63.62ms
[2026-04-03T03:31:10.194+0600][57.978s][info][gc,phases      ] GC(206)   Post Evacuate Collection Set: 1.07ms
[2026-04-03T03:31:10.194+0600][57.978s][info][gc,phases      ] GC(206)   Other: 0.10ms
[2026-04-03T03:31:10.194+0600][57.978s][info][gc,heap        ] GC(206) Eden regions: 434->0(447)
[2026-04-03T03:31:10.194+0600][57.978s][info][gc,heap        ] GC(206) Survivor regions: 63->29(63)
[2026-04-03T03:31:10.194+0600][57.978s][info][gc,heap        ] GC(206) Old regions: 253->301
[2026-04-03T03:31:10.194+0600][57.978s][info][gc,heap        ] GC(206) Humongous regions: 144->110
[2026-04-03T03:31:10.194+0600][57.978s][info][gc,metaspace   ] GC(206) Metaspace: 73267K(74176K)->73267K(74176K) NonClass: 63967K(64448K)->63967K(64448K) Class: 9300K(9728K)->9300K(9728K)
[2026-04-03T03:31:10.194+0600][57.978s][info][gc             ] GC(206) Pause Young (Mixed) (G1 Evacuation Pause) 890M->436M(1033M) 65.994ms
[2026-04-03T03:31:10.195+0600][57.978s][info][gc,cpu         ] GC(206) User=0.64s Sys=0.00s Real=0.07s
[2026-04-03T03:31:10.195+0600][57.979s][info][gc,start       ] GC(207) Pause Young (Concurrent Start) (G1 Humongous Allocation)
[2026-04-03T03:31:10.195+0600][57.979s][info][gc,task        ] GC(207) Using 10 workers of 10 for evacuation
[2026-04-03T03:31:10.211+0600][57.995s][info][gc,phases      ] GC(207)   Pre Evacuate Collection Set: 0.59ms
[2026-04-03T03:31:10.211+0600][57.995s][info][gc,phases      ] GC(207)   Merge Heap Roots: 0.34ms
[2026-04-03T03:31:10.211+0600][57.995s][info][gc,phases      ] GC(207)   Evacuate Collection Set: 14.38ms
[2026-04-03T03:31:10.211+0600][57.995s][info][gc,phases      ] GC(207)   Post Evacuate Collection Set: 0.50ms
[2026-04-03T03:31:10.211+0600][57.995s][info][gc,phases      ] GC(207)   Other: 0.14ms
[2026-04-03T03:31:10.211+0600][57.995s][info][gc,heap        ] GC(207) Eden regions: 1->0(470)
[2026-04-03T03:31:10.211+0600][57.995s][info][gc,heap        ] GC(207) Survivor regions: 29->28(60)
[2026-04-03T03:31:10.211+0600][57.995s][info][gc,heap        ] GC(207) Old regions: 301->301
[2026-04-03T03:31:10.211+0600][57.995s][info][gc,heap        ] GC(207) Humongous regions: 110->110
[2026-04-03T03:31:10.211+0600][57.995s][info][gc,metaspace   ] GC(207) Metaspace: 73267K(74176K)->73267K(74176K) NonClass: 63967K(64448K)->63967K(64448K) Class: 9300K(9728K)->9300K(9728K)
[2026-04-03T03:31:10.211+0600][57.995s][info][gc             ] GC(207) Pause Young (Concurrent Start) (G1 Humongous Allocation) 437M->435M(1033M) 16.291ms
[2026-04-03T03:31:10.212+0600][57.995s][info][gc,cpu         ] GC(207) User=0.15s Sys=0.01s Real=0.02s
[2026-04-03T03:31:10.212+0600][57.995s][info][gc             ] GC(208) Concurrent Mark Cycle
[2026-04-03T03:31:10.212+0600][57.995s][info][gc,marking     ] GC(208) Concurrent Scan Root Regions
[2026-04-03T03:31:10.219+0600][58.002s][info][gc,marking     ] GC(208) Concurrent Scan Root Regions 6.971ms
[2026-04-03T03:31:10.219+0600][58.002s][info][gc,marking     ] GC(208) Concurrent Mark
[2026-04-03T03:31:10.219+0600][58.002s][info][gc,marking     ] GC(208) Concurrent Mark From Roots
[2026-04-03T03:31:10.219+0600][58.002s][info][gc,task        ] GC(208) Using 3 workers of 3 for marking
[2026-04-03T03:31:10.349+0600][58.133s][info][gc,marking     ] GC(208) Concurrent Mark From Roots 130.345ms
[2026-04-03T03:31:10.349+0600][58.133s][info][gc,marking     ] GC(208) Concurrent Preclean
[2026-04-03T03:31:10.349+0600][58.133s][info][gc,marking     ] GC(208) Concurrent Preclean 0.222ms
[2026-04-03T03:31:10.350+0600][58.133s][info][gc,start       ] GC(208) Pause Remark
[2026-04-03T03:31:10.354+0600][58.137s][info][gc             ] GC(208) Pause Remark 641M->498M(994M) 4.243ms
[2026-04-03T03:31:10.354+0600][58.137s][info][gc,cpu         ] GC(208) User=0.02s Sys=0.00s Real=0.01s
[2026-04-03T03:31:10.354+0600][58.138s][info][gc,marking     ] GC(208) Concurrent Mark 135.393ms
[2026-04-03T03:31:10.354+0600][58.138s][info][gc,marking     ] GC(208) Concurrent Rebuild Remembered Sets and Scrub Regions
[2026-04-03T03:31:10.412+0600][58.196s][info][gc,marking     ] GC(208) Concurrent Rebuild Remembered Sets and Scrub Regions 58.189ms
[2026-04-03T03:31:10.413+0600][58.196s][info][gc,start       ] GC(208) Pause Cleanup
[2026-04-03T03:31:10.413+0600][58.197s][info][gc             ] GC(208) Pause Cleanup 551M->551M(994M) 0.596ms
[2026-04-03T03:31:10.413+0600][58.197s][info][gc,cpu         ] GC(208) User=0.00s Sys=0.00s Real=0.00s
[2026-04-03T03:31:10.413+0600][58.197s][info][gc,marking     ] GC(208) Concurrent Clear Claimed Marks
[2026-04-03T03:31:10.414+0600][58.197s][info][gc,marking     ] GC(208) Concurrent Clear Claimed Marks 0.243ms
[2026-04-03T03:31:10.414+0600][58.197s][info][gc,marking     ] GC(208) Concurrent Cleanup for Next Mark
[2026-04-03T03:31:10.416+0600][58.199s][info][gc,marking     ] GC(208) Concurrent Cleanup for Next Mark 1.821ms
[2026-04-03T03:31:10.416+0600][58.199s][info][gc             ] GC(208) Concurrent Mark Cycle 204.028ms
[2026-04-03T03:31:10.979+0600][58.763s][info][gc,heap,exit   ] Heap
[2026-04-03T03:31:10.979+0600][58.763s][info][gc,heap,exit   ]  garbage-first heap   total 1017856K, used 572326K [0x00000000a2400000, 0x0000000100000000)
[2026-04-03T03:31:10.979+0600][58.763s][info][gc,heap,exit   ]   region size 1024K, 286 young (292864K), 28 survivors (28672K)
[2026-04-03T03:31:10.979+0600][58.763s][info][gc,heap,exit   ]  Metaspace       used 73765K, committed 74688K, reserved 1114112K
[2026-04-03T03:31:10.979+0600][58.763s][info][gc,heap,exit   ]   class space    used 9394K, committed 9792K, reserved 1048576K
