[2026-04-03T02:52:01.379+0600][0.006s][info][gc] Heuristics ergonomically sets -XX:+ExplicitGCInvokesConcurrent
[2026-04-03T02:52:01.380+0600][0.006s][info][gc] Heuristics ergonomically sets -XX:+ShenandoahImplicitGCInvokesConcurrent
[2026-04-03T02:52:01.380+0600][0.006s][info][gc] Using Shenandoah
[2026-04-03T02:52:01.381+0600][0.007s][info][gc,ergo] Pacer for Idle. Initial: 10240K, Alloc Tax Rate: 1.0x
[2026-04-03T02:52:01.381+0600][0.007s][info][gc,init] Version: 21.0.10+7-Ubuntu-124.04 (release)
[2026-04-03T02:52:01.381+0600][0.007s][info][gc,init] CPUs: 12 total, 12 available
[2026-04-03T02:52:01.381+0600][0.007s][info][gc,init] Memory: 15683M
[2026-04-03T02:52:01.381+0600][0.007s][info][gc,init] Large Page Support: Disabled
[2026-04-03T02:52:01.381+0600][0.007s][info][gc,init] NUMA Support: Disabled
[2026-04-03T02:52:01.381+0600][0.007s][info][gc,init] Compressed Oops: Enabled (32-bit)
[2026-04-03T02:52:01.381+0600][0.008s][info][gc,init] Heap Min Capacity: 6656K
[2026-04-03T02:52:01.381+0600][0.008s][info][gc,init] Heap Initial Capacity: 251136K
[2026-04-03T02:52:01.381+0600][0.008s][info][gc,init] Heap Max Capacity: 500M
[2026-04-03T02:52:01.381+0600][0.008s][info][gc,init] Pre-touch: Disabled
[2026-04-03T02:52:01.381+0600][0.008s][info][gc,init] Mode: Snapshot-At-The-Beginning (SATB)
[2026-04-03T02:52:01.381+0600][0.008s][info][gc,init] Heuristics: Adaptive
[2026-04-03T02:52:01.381+0600][0.008s][info][gc,init] Heap Region Count: 2000
[2026-04-03T02:52:01.381+0600][0.008s][info][gc,init] Heap Region Size: 256K
[2026-04-03T02:52:01.381+0600][0.008s][info][gc,init] TLAB Size Max: 256K
[2026-04-03T02:52:01.381+0600][0.008s][info][gc,init] Humongous Object Threshold: 256K
[2026-04-03T02:52:01.381+0600][0.008s][info][gc,init] Parallel Workers: 6
[2026-04-03T02:52:01.381+0600][0.008s][info][gc,init] Concurrent Workers: 3
[2026-04-03T02:52:01.392+0600][0.018s][info][gc,metaspace] CDS archive(s) mapped at: [0x00007baaef000000-0x00007baaefc9c000-0x00007baaefc9c000), size 13221888, SharedBaseAddress: 0x00007baaef000000, ArchiveRelocationMode: 1.
[2026-04-03T02:52:01.392+0600][0.018s][info][gc,metaspace] Compressed class space mapped at: 0x00007baaf0000000-0x00007bab30000000, reserved size: 1073741824
[2026-04-03T02:52:01.392+0600][0.018s][info][gc,metaspace] Narrow klass base: 0x00007baaef000000, Narrow klass shift: 0, Narrow klass range: 0x100000000
[2026-04-03T02:52:02.129+0600][0.755s][info][gc          ] Trigger: Learning 1 of 5. Free (349M) is below initial threshold (350M)
[2026-04-03T02:52:02.129+0600][0.756s][info][gc,ergo     ] Free: 349M, Max: 256K regular, 349M humongous, Frag: 0% external, 0% internal; Reserve: 25600K, Max: 256K
[2026-04-03T02:52:02.129+0600][0.756s][info][gc,start    ] GC(0) Concurrent reset
[2026-04-03T02:52:02.130+0600][0.756s][info][gc,task     ] GC(0) Using 3 of 6 workers for concurrent reset
[2026-04-03T02:52:02.130+0600][0.756s][info][gc,ergo     ] GC(0) Pacer for Reset. Non-Taxable: 500M
[2026-04-03T02:52:02.130+0600][0.756s][info][gc          ] GC(0) Concurrent reset 0.575ms
[2026-04-03T02:52:02.130+0600][0.756s][info][gc,start    ] GC(0) Pause Init Mark (unload classes)
[2026-04-03T02:52:02.130+0600][0.757s][info][gc,task     ] GC(0) Using 5 of 6 workers for init marking
[2026-04-03T02:52:02.130+0600][0.757s][info][gc,ergo     ] GC(0) Pacer for Mark. Expected Live: 51200K, Free: 349M, Non-Taxable: 35788K, Alloc Tax Rate: 0.2x
[2026-04-03T02:52:02.130+0600][0.757s][info][gc          ] GC(0) Pause Init Mark (unload classes) 0.402ms
[2026-04-03T02:52:02.131+0600][0.757s][info][gc,start    ] GC(0) Concurrent marking roots
[2026-04-03T02:52:02.131+0600][0.757s][info][gc,task     ] GC(0) Using 3 of 6 workers for concurrent marking roots
[2026-04-03T02:52:02.131+0600][0.758s][info][gc          ] GC(0) Concurrent marking roots 0.688ms
[2026-04-03T02:52:02.131+0600][0.758s][info][gc,start    ] GC(0) Concurrent marking (unload classes)
[2026-04-03T02:52:02.131+0600][0.758s][info][gc,task     ] GC(0) Using 3 of 6 workers for concurrent marking
[2026-04-03T02:52:02.135+0600][0.761s][info][gc          ] GC(0) Concurrent marking (unload classes) 3.537ms
[2026-04-03T02:52:02.135+0600][0.762s][info][gc,start    ] GC(0) Pause Final Mark (unload classes)
[2026-04-03T02:52:02.135+0600][0.762s][info][gc,task     ] GC(0) Using 5 of 6 workers for final marking
[2026-04-03T02:52:02.136+0600][0.762s][info][gc,ergo     ] GC(0) Adaptive CSet Selection. Target Free: 72533K, Actual Free: 411M, Max CSet: 21333K, Min Garbage: 0B
[2026-04-03T02:52:02.136+0600][0.762s][info][gc,ergo     ] GC(0) Collectable Garbage: 122M (99%), Immediate: 38656K (30%), CSet: 86315K (68%)
[2026-04-03T02:52:02.136+0600][0.762s][info][gc,ergo     ] GC(0) Pacer for Evacuation. Used CSet: 88514K, Free: 386M, Non-Taxable: 39577K, Alloc Tax Rate: 1.1x
[2026-04-03T02:52:02.136+0600][0.762s][info][gc          ] GC(0) Pause Final Mark (unload classes) 0.542ms
[2026-04-03T02:52:02.136+0600][0.762s][info][gc,start    ] GC(0) Concurrent thread roots
[2026-04-03T02:52:02.136+0600][0.762s][info][gc,task     ] GC(0) Using 3 of 6 workers for Concurrent thread roots
[2026-04-03T02:52:02.136+0600][0.763s][info][gc          ] GC(0) Concurrent thread roots 0.231ms
[2026-04-03T02:52:02.136+0600][0.763s][info][gc,start    ] GC(0) Concurrent weak references
[2026-04-03T02:52:02.136+0600][0.763s][info][gc,task     ] GC(0) Using 3 of 6 workers for concurrent weak references
[2026-04-03T02:52:02.136+0600][0.763s][info][gc,ref      ] GC(0) Encountered references: Soft: 186, Weak: 623, Final: 0, Phantom: 25
[2026-04-03T02:52:02.136+0600][0.763s][info][gc,ref      ] GC(0) Discovered  references: Soft: 0, Weak: 396, Final: 0, Phantom: 12
[2026-04-03T02:52:02.136+0600][0.763s][info][gc,ref      ] GC(0) Enqueued    references: Soft: 0, Weak: 166, Final: 0, Phantom: 0
[2026-04-03T02:52:02.136+0600][0.763s][info][gc          ] GC(0) Concurrent weak references 0.165ms
[2026-04-03T02:52:02.136+0600][0.763s][info][gc,start    ] GC(0) Concurrent weak roots
[2026-04-03T02:52:02.136+0600][0.763s][info][gc,task     ] GC(0) Using 3 of 6 workers for concurrent weak root
[2026-04-03T02:52:02.137+0600][0.764s][info][gc          ] GC(0) Concurrent weak roots 0.849ms
[2026-04-03T02:52:02.137+0600][0.764s][info][gc,start    ] GC(0) Concurrent cleanup
[2026-04-03T02:52:02.137+0600][0.764s][info][gc          ] GC(0) Concurrent cleanup 126M->88M(245M) 0.151ms
[2026-04-03T02:52:02.138+0600][0.764s][info][gc,ergo     ] GC(0) Free: 386M, Max: 256K regular, 348M humongous, Frag: 10% external, 0% internal; Reserve: 25327K, Max: 256K
[2026-04-03T02:52:02.138+0600][0.764s][info][gc,start    ] GC(0) Concurrent class unloading
[2026-04-03T02:52:02.138+0600][0.764s][info][gc,task     ] GC(0) Using 3 of 6 workers for concurrent class unloading
[2026-04-03T02:52:02.139+0600][0.765s][info][gc          ] GC(0) Concurrent class unloading 1.012ms
[2026-04-03T02:52:02.139+0600][0.765s][info][gc,start    ] GC(0) Concurrent strong roots
[2026-04-03T02:52:02.139+0600][0.765s][info][gc,task     ] GC(0) Using 3 of 6 workers for concurrent strong root
[2026-04-03T02:52:02.139+0600][0.765s][info][gc          ] GC(0) Concurrent strong roots 0.532ms
[2026-04-03T02:52:02.139+0600][0.765s][info][gc,start    ] GC(0) Concurrent evacuation
[2026-04-03T02:52:02.139+0600][0.766s][info][gc,task     ] GC(0) Using 3 of 6 workers for concurrent evacuation
[2026-04-03T02:52:02.141+0600][0.768s][info][gc          ] GC(0) Concurrent evacuation 2.069ms
[2026-04-03T02:52:02.141+0600][0.768s][info][gc,start    ] GC(0) Pause Init Update Refs
[2026-04-03T02:52:02.141+0600][0.768s][info][gc,ergo     ] GC(0) Pacer for Update Refs. Used: 94288K, Free: 385M, Non-Taxable: 39484K, Alloc Tax Rate: 1.1x
[2026-04-03T02:52:02.141+0600][0.768s][info][gc          ] GC(0) Pause Init Update Refs 0.045ms
[2026-04-03T02:52:02.141+0600][0.768s][info][gc,start    ] GC(0) Concurrent update references
[2026-04-03T02:52:02.141+0600][0.768s][info][gc,task     ] GC(0) Using 3 of 6 workers for concurrent reference update
[2026-04-03T02:52:02.143+0600][0.769s][info][gc          ] GC(0) Concurrent update references 1.612ms
[2026-04-03T02:52:02.143+0600][0.769s][info][gc,start    ] GC(0) Concurrent update thread roots
[2026-04-03T02:52:02.144+0600][0.770s][info][gc          ] GC(0) Concurrent update thread roots 0.975ms
[2026-04-03T02:52:02.144+0600][0.771s][info][gc,start    ] GC(0) Pause Final Update Refs
[2026-04-03T02:52:02.144+0600][0.771s][info][gc,task     ] GC(0) Using 5 of 6 workers for final reference update
[2026-04-03T02:52:02.144+0600][0.771s][info][gc          ] GC(0) Pause Final Update Refs 0.103ms
[2026-04-03T02:52:02.144+0600][0.771s][info][gc,start    ] GC(0) Concurrent cleanup
[2026-04-03T02:52:02.145+0600][0.771s][info][gc          ] GC(0) Concurrent cleanup 92M->6M(248M) 0.155ms
[2026-04-03T02:52:02.145+0600][0.771s][info][gc,ergo     ] Free: 468M, Max: 256K regular, 345M humongous, Frag: 27% external, 0% internal; Reserve: 25600K, Max: 256K
[2026-04-03T02:52:02.145+0600][0.771s][info][gc,stats    ] 
[2026-04-03T02:52:02.145+0600][0.771s][info][gc,stats    ] All times are wall-clock times, except per-root-class counters, that are sum over
[2026-04-03T02:52:02.145+0600][0.771s][info][gc,stats    ] all workers. Dividing the <total> over the root stage time estimates parallelism.
[2026-04-03T02:52:02.145+0600][0.771s][info][gc,stats    ] 
[2026-04-03T02:52:02.145+0600][0.771s][info][gc,stats    ] Concurrent Reset                    615 us
[2026-04-03T02:52:02.145+0600][0.771s][info][gc,stats    ] Pause Init Mark (G)                 764 us
[2026-04-03T02:52:02.145+0600][0.771s][info][gc,stats    ] Pause Init Mark (N)                 412 us
[2026-04-03T02:52:02.145+0600][0.771s][info][gc,stats    ]   Update Region States               18 us
[2026-04-03T02:52:02.145+0600][0.771s][info][gc,stats    ] Concurrent Mark Roots               734 us, parallelism: 1.90x
[2026-04-03T02:52:02.145+0600][0.771s][info][gc,stats    ]   CMR: <total>                     1397 us
[2026-04-03T02:52:02.145+0600][0.771s][info][gc,stats    ]   CMR: Thread Roots                 806 us, workers (us): 291, 513,   2, ---, ---, ---, 
[2026-04-03T02:52:02.145+0600][0.771s][info][gc,stats    ]   CMR: VM Strong Roots              247 us, workers (us): 162,  52,  33, ---, ---, ---, 
[2026-04-03T02:52:02.145+0600][0.771s][info][gc,stats    ]   CMR: CLDG Roots                   343 us, workers (us): ---, ---, 343, ---, ---, ---, 
[2026-04-03T02:52:02.145+0600][0.771s][info][gc,stats    ] Concurrent Marking                 3602 us
[2026-04-03T02:52:02.145+0600][0.771s][info][gc,stats    ] Pause Final Mark (G)               1107 us
[2026-04-03T02:52:02.145+0600][0.771s][info][gc,stats    ] Pause Final Mark (N)                551 us
[2026-04-03T02:52:02.145+0600][0.771s][info][gc,stats    ]   Finish Mark                       294 us
[2026-04-03T02:52:02.145+0600][0.771s][info][gc,stats    ]   Update Region States               18 us
[2026-04-03T02:52:02.145+0600][0.771s][info][gc,stats    ]   Choose Collection Set             153 us
[2026-04-03T02:52:02.145+0600][0.771s][info][gc,stats    ]   Rebuild Free Set                   16 us
[2026-04-03T02:52:02.145+0600][0.771s][info][gc,stats    ] Concurrent Thread Roots             250 us, parallelism: 0.66x
[2026-04-03T02:52:02.145+0600][0.771s][info][gc,stats    ]   CTR: <total>                      165 us
[2026-04-03T02:52:02.145+0600][0.771s][info][gc,stats    ]   CTR: Thread Roots                 165 us, workers (us):  94,  23,  48, ---, ---, ---, 
[2026-04-03T02:52:02.145+0600][0.771s][info][gc,stats    ] Concurrent Weak References          177 us, parallelism: 0.51x
[2026-04-03T02:52:02.145+0600][0.771s][info][gc,stats    ]   CWRF: <total>                      89 us
[2026-04-03T02:52:02.145+0600][0.771s][info][gc,stats    ]   CWRF: Weak References              89 us, workers (us):  88,   1,   0, ---, ---, ---, 
[2026-04-03T02:52:02.145+0600][0.771s][info][gc,stats    ] Concurrent Weak Roots               883 us
[2026-04-03T02:52:02.145+0600][0.771s][info][gc,stats    ]   Roots                             488 us, parallelism: 2.06x
[2026-04-03T02:52:02.145+0600][0.771s][info][gc,stats    ]     CWR: <total>                   1006 us
[2026-04-03T02:52:02.145+0600][0.771s][info][gc,stats    ]     CWR: Code Cache Roots           350 us, workers (us): 153,  77, 119, ---, ---, ---, 
[2026-04-03T02:52:02.145+0600][0.771s][info][gc,stats    ]     CWR: VM Weak Roots              650 us, workers (us): 258, 194, 198, ---, ---, ---, 
[2026-04-03T02:52:02.145+0600][0.771s][info][gc,stats    ]     CWR: CLDG Roots                   6 us, workers (us): ---,   6, ---, ---, ---, ---, 
[2026-04-03T02:52:02.145+0600][0.771s][info][gc,stats    ]   Rendezvous                        337 us
[2026-04-03T02:52:02.145+0600][0.771s][info][gc,stats    ] Concurrent Cleanup                  162 us
[2026-04-03T02:52:02.145+0600][0.771s][info][gc,stats    ] Concurrent Class Unloading         1050 us
[2026-04-03T02:52:02.145+0600][0.771s][info][gc,stats    ]   Unlink Stale                      758 us
[2026-04-03T02:52:02.145+0600][0.771s][info][gc,stats    ]     System Dictionary                 7 us
[2026-04-03T02:52:02.145+0600][0.771s][info][gc,stats    ]     Weak Class Links                  0 us
[2026-04-03T02:52:02.145+0600][0.771s][info][gc,stats    ]     Code Roots                      749 us
[2026-04-03T02:52:02.145+0600][0.771s][info][gc,stats    ]   Rendezvous                         82 us
[2026-04-03T02:52:02.145+0600][0.771s][info][gc,stats    ]   Purge Unlinked                    150 us
[2026-04-03T02:52:02.145+0600][0.771s][info][gc,stats    ]     Code Roots                      145 us
[2026-04-03T02:52:02.145+0600][0.771s][info][gc,stats    ]     CLDG                              5 us
[2026-04-03T02:52:02.145+0600][0.771s][info][gc,stats    ]     Exception Caches                  0 us
[2026-04-03T02:52:02.145+0600][0.771s][info][gc,stats    ] Concurrent Strong Roots             570 us, parallelism: 0.77x
[2026-04-03T02:52:02.145+0600][0.771s][info][gc,stats    ]   CSR: <total>                      436 us
[2026-04-03T02:52:02.145+0600][0.771s][info][gc,stats    ]   CSR: VM Strong Roots               10 us, workers (us):   9,   1,   0, ---, ---, ---, 
[2026-04-03T02:52:02.145+0600][0.771s][info][gc,stats    ]   CSR: CLDG Roots                   426 us, workers (us): 426, ---, ---, ---, ---, ---, 
[2026-04-03T02:52:02.145+0600][0.771s][info][gc,stats    ] Concurrent Evacuation              2115 us
[2026-04-03T02:52:02.145+0600][0.771s][info][gc,stats    ] Pause Init Update Refs (G)          193 us
[2026-04-03T02:52:02.145+0600][0.771s][info][gc,stats    ] Pause Init Update Refs (N)           54 us
[2026-04-03T02:52:02.145+0600][0.771s][info][gc,stats    ]   Manage GCLABs                       5 us
[2026-04-03T02:52:02.145+0600][0.771s][info][gc,stats    ] Concurrent Update Refs             1663 us
[2026-04-03T02:52:02.145+0600][0.771s][info][gc,stats    ] Concurrent Update Thread Roots     1031 us
[2026-04-03T02:52:02.145+0600][0.771s][info][gc,stats    ] Pause Final Update Refs (G)         266 us
[2026-04-03T02:52:02.145+0600][0.771s][info][gc,stats    ] Pause Final Update Refs (N)         120 us
[2026-04-03T02:52:02.145+0600][0.771s][info][gc,stats    ]   Update Region States               21 us
[2026-04-03T02:52:02.145+0600][0.771s][info][gc,stats    ]   Trash Collection Set               13 us
[2026-04-03T02:52:02.145+0600][0.771s][info][gc,stats    ]   Rebuild Free Set                   18 us
[2026-04-03T02:52:02.145+0600][0.771s][info][gc,stats    ] Concurrent Cleanup                  174 us
[2026-04-03T02:52:02.145+0600][0.771s][info][gc,stats    ] 
[2026-04-03T02:52:02.145+0600][0.771s][info][gc,stats    ] Allocation pacing accrued:
[2026-04-03T02:52:02.145+0600][0.771s][info][gc,stats    ]       0 of   764 ms (  0.0%): <total>
[2026-04-03T02:52:02.145+0600][0.771s][info][gc,stats    ]       0 of   764 ms (  0.0%): <average total>
[2026-04-03T02:52:02.145+0600][0.771s][info][gc,stats    ] 
[2026-04-03T02:52:02.145+0600][0.772s][info][gc,metaspace] Metaspace: 6563K(6720K)->6663K(6848K) NonClass: 5760K(5824K)->5846K(5952K) Class: 803K(896K)->816K(896K)
[2026-04-03T02:52:02.145+0600][0.772s][info][gc,ergo     ] Pacer for Idle. Initial: 10240K, Alloc Tax Rate: 1.0x
[2026-04-03T02:52:02.518+0600][1.145s][info][gc          ] Trigger: Learning 2 of 5. Free (349M) is below initial threshold (350M)
[2026-04-03T02:52:02.518+0600][1.145s][info][gc,ergo     ] Free: 349M, Max: 256K regular, 345M humongous, Frag: 2% external, 0% internal; Reserve: 25600K, Max: 256K
[2026-04-03T02:52:02.518+0600][1.145s][info][gc,start    ] GC(1) Concurrent reset
[2026-04-03T02:52:02.518+0600][1.145s][info][gc,task     ] GC(1) Using 3 of 6 workers for concurrent reset
[2026-04-03T02:52:02.518+0600][1.145s][info][gc,ergo     ] GC(1) Pacer for Reset. Non-Taxable: 500M
[2026-04-03T02:52:02.520+0600][1.146s][info][gc          ] GC(1) Concurrent reset 1.589ms
[2026-04-03T02:52:02.520+0600][1.147s][info][gc,start    ] GC(1) Pause Init Mark (unload classes)
[2026-04-03T02:52:02.520+0600][1.147s][info][gc,task     ] GC(1) Using 5 of 6 workers for init marking
[2026-04-03T02:52:02.520+0600][1.147s][info][gc,ergo     ] GC(1) Pacer for Mark. Expected Live: 3308K, Free: 348M, Non-Taxable: 35667K, Alloc Tax Rate: 0.0x
[2026-04-03T02:52:02.520+0600][1.147s][info][gc          ] GC(1) Pause Init Mark (unload classes) 0.085ms
[2026-04-03T02:52:02.520+0600][1.147s][info][gc,start    ] GC(1) Concurrent marking roots
[2026-04-03T02:52:02.521+0600][1.147s][info][gc,task     ] GC(1) Using 3 of 6 workers for concurrent marking roots
[2026-04-03T02:52:02.521+0600][1.147s][info][gc          ] GC(1) Concurrent marking roots 0.628ms
[2026-04-03T02:52:02.521+0600][1.147s][info][gc,start    ] GC(1) Concurrent marking (unload classes)
[2026-04-03T02:52:02.521+0600][1.147s][info][gc,task     ] GC(1) Using 3 of 6 workers for concurrent marking
[2026-04-03T02:52:02.525+0600][1.151s][info][gc          ] GC(1) Concurrent marking (unload classes) 3.877ms
[2026-04-03T02:52:02.525+0600][1.151s][info][gc,start    ] GC(1) Pause Final Mark (unload classes)
[2026-04-03T02:52:02.525+0600][1.152s][info][gc,task     ] GC(1) Using 5 of 6 workers for final marking
[2026-04-03T02:52:02.525+0600][1.152s][info][gc,ergo     ] GC(1) Adaptive CSet Selection. Target Free: 72533K, Actual Free: 407M, Max CSet: 21333K, Min Garbage: 0B
[2026-04-03T02:52:02.526+0600][1.152s][info][gc,ergo     ] GC(1) Collectable Garbage: 122M (99%), Immediate: 37888K (30%), CSet: 87398K (69%)
[2026-04-03T02:52:02.526+0600][1.152s][info][gc,ergo     ] GC(1) Pacer for Evacuation. Used CSet: 88591K, Free: 382M, Non-Taxable: 39170K, Alloc Tax Rate: 1.1x
[2026-04-03T02:52:02.526+0600][1.152s][info][gc          ] GC(1) Pause Final Mark (unload classes) 0.391ms
[2026-04-03T02:52:02.526+0600][1.152s][info][gc,start    ] GC(1) Concurrent thread roots
[2026-04-03T02:52:02.526+0600][1.152s][info][gc,task     ] GC(1) Using 3 of 6 workers for Concurrent thread roots
[2026-04-03T02:52:02.526+0600][1.152s][info][gc          ] GC(1) Concurrent thread roots 0.216ms
[2026-04-03T02:52:02.526+0600][1.152s][info][gc,start    ] GC(1) Concurrent weak references
[2026-04-03T02:52:02.526+0600][1.152s][info][gc,task     ] GC(1) Using 3 of 6 workers for concurrent weak references
[2026-04-03T02:52:02.526+0600][1.152s][info][gc,ref      ] GC(1) Encountered references: Soft: 211, Weak: 766, Final: 0, Phantom: 28
[2026-04-03T02:52:02.526+0600][1.152s][info][gc,ref      ] GC(1) Discovered  references: Soft: 0, Weak: 285, Final: 0, Phantom: 24
[2026-04-03T02:52:02.526+0600][1.152s][info][gc,ref      ] GC(1) Enqueued    references: Soft: 0, Weak: 117, Final: 0, Phantom: 0
[2026-04-03T02:52:02.526+0600][1.152s][info][gc          ] GC(1) Concurrent weak references 0.222ms
[2026-04-03T02:52:02.526+0600][1.152s][info][gc,start    ] GC(1) Concurrent weak roots
[2026-04-03T02:52:02.526+0600][1.152s][info][gc,task     ] GC(1) Using 3 of 6 workers for concurrent weak root
[2026-04-03T02:52:02.527+0600][1.153s][info][gc          ] GC(1) Concurrent weak roots 0.977ms
[2026-04-03T02:52:02.527+0600][1.153s][info][gc,start    ] GC(1) Concurrent cleanup
[2026-04-03T02:52:02.527+0600][1.154s][info][gc          ] GC(1) Concurrent cleanup 129M->92M(248M) 0.121ms
[2026-04-03T02:52:02.527+0600][1.154s][info][gc,ergo     ] GC(1) Free: 382M, Max: 256K regular, 345M humongous, Frag: 10% external, 0% internal; Reserve: 25380K, Max: 256K
[2026-04-03T02:52:02.527+0600][1.154s][info][gc,start    ] GC(1) Concurrent class unloading
[2026-04-03T02:52:02.527+0600][1.154s][info][gc,task     ] GC(1) Using 3 of 6 workers for concurrent class unloading
[2026-04-03T02:52:02.529+0600][1.155s][info][gc          ] GC(1) Concurrent class unloading 1.387ms
[2026-04-03T02:52:02.529+0600][1.155s][info][gc,start    ] GC(1) Concurrent strong roots
[2026-04-03T02:52:02.529+0600][1.155s][info][gc,task     ] GC(1) Using 3 of 6 workers for concurrent strong root
[2026-04-03T02:52:02.529+0600][1.155s][info][gc          ] GC(1) Concurrent strong roots 0.409ms
[2026-04-03T02:52:02.529+0600][1.155s][info][gc,start    ] GC(1) Concurrent evacuation
[2026-04-03T02:52:02.529+0600][1.155s][info][gc,task     ] GC(1) Using 3 of 6 workers for concurrent evacuation
[2026-04-03T02:52:02.531+0600][1.157s][info][gc          ] GC(1) Concurrent evacuation 1.687ms
[2026-04-03T02:52:02.531+0600][1.158s][info][gc,start    ] GC(1) Pause Init Update Refs
[2026-04-03T02:52:02.531+0600][1.158s][info][gc,ergo     ] GC(1) Pacer for Update Refs. Used: 97743K, Free: 381M, Non-Taxable: 39015K, Alloc Tax Rate: 1.1x
[2026-04-03T02:52:02.531+0600][1.158s][info][gc          ] GC(1) Pause Init Update Refs 0.051ms
[2026-04-03T02:52:02.531+0600][1.158s][info][gc,start    ] GC(1) Concurrent update references
[2026-04-03T02:52:02.531+0600][1.158s][info][gc,task     ] GC(1) Using 3 of 6 workers for concurrent reference update
[2026-04-03T02:52:02.534+0600][1.160s][info][gc          ] GC(1) Concurrent update references 2.512ms
[2026-04-03T02:52:02.534+0600][1.160s][info][gc,start    ] GC(1) Concurrent update thread roots
[2026-04-03T02:52:02.534+0600][1.160s][info][gc          ] GC(1) Concurrent update thread roots 0.148ms
[2026-04-03T02:52:02.535+0600][1.161s][info][gc,start    ] GC(1) Pause Final Update Refs
[2026-04-03T02:52:02.535+0600][1.161s][info][gc,task     ] GC(1) Using 5 of 6 workers for final reference update
[2026-04-03T02:52:02.535+0600][1.161s][info][gc          ] GC(1) Pause Final Update Refs 0.096ms
[2026-04-03T02:52:02.535+0600][1.161s][info][gc,start    ] GC(1) Concurrent cleanup
[2026-04-03T02:52:02.535+0600][1.161s][info][gc          ] GC(1) Concurrent cleanup 96M->10M(249M) 0.147ms
[2026-04-03T02:52:02.535+0600][1.161s][info][gc,ergo     ] Free: 464M, Max: 256K regular, 344M humongous, Frag: 26% external, 0% internal; Reserve: 25600K, Max: 256K
[2026-04-03T02:52:02.535+0600][1.161s][info][gc,stats    ] 
[2026-04-03T02:52:02.535+0600][1.161s][info][gc,stats    ] All times are wall-clock times, except per-root-class counters, that are sum over
[2026-04-03T02:52:02.535+0600][1.161s][info][gc,stats    ] all workers. Dividing the <total> over the root stage time estimates parallelism.
[2026-04-03T02:52:02.535+0600][1.161s][info][gc,stats    ] 
[2026-04-03T02:52:02.535+0600][1.161s][info][gc,stats    ] Concurrent Reset                   1615 us
[2026-04-03T02:52:02.535+0600][1.161s][info][gc,stats    ] Pause Init Mark (G)                 394 us
[2026-04-03T02:52:02.535+0600][1.161s][info][gc,stats    ] Pause Init Mark (N)                  91 us
[2026-04-03T02:52:02.535+0600][1.161s][info][gc,stats    ]   Update Region States               13 us
[2026-04-03T02:52:02.535+0600][1.161s][info][gc,stats    ] Concurrent Mark Roots               652 us, parallelism: 0.91x
[2026-04-03T02:52:02.535+0600][1.161s][info][gc,stats    ]   CMR: <total>                      596 us
[2026-04-03T02:52:02.535+0600][1.161s][info][gc,stats    ]   CMR: Thread Roots                 424 us, workers (us):   0, 374,  50, ---, ---, ---, 
[2026-04-03T02:52:02.535+0600][1.161s][info][gc,stats    ]   CMR: VM Strong Roots               66 us, workers (us):  51,   3,  11, ---, ---, ---, 
[2026-04-03T02:52:02.535+0600][1.161s][info][gc,stats    ]   CMR: CLDG Roots                   106 us, workers (us): 106, ---, ---, ---, ---, ---, 
[2026-04-03T02:52:02.535+0600][1.161s][info][gc,stats    ] Concurrent Marking                 3920 us
[2026-04-03T02:52:02.535+0600][1.161s][info][gc,stats    ] Pause Final Mark (G)                509 us
[2026-04-03T02:52:02.535+0600][1.161s][info][gc,stats    ] Pause Final Mark (N)                402 us
[2026-04-03T02:52:02.535+0600][1.161s][info][gc,stats    ]   Finish Mark                       200 us
[2026-04-03T02:52:02.535+0600][1.161s][info][gc,stats    ]   Update Region States               16 us
[2026-04-03T02:52:02.535+0600][1.161s][info][gc,stats    ]   Choose Collection Set             103 us
[2026-04-03T02:52:02.535+0600][1.161s][info][gc,stats    ]   Rebuild Free Set                   18 us
[2026-04-03T02:52:02.535+0600][1.161s][info][gc,stats    ] Concurrent Thread Roots             243 us, parallelism: 0.88x
[2026-04-03T02:52:02.535+0600][1.161s][info][gc,stats    ]   CTR: <total>                      214 us
[2026-04-03T02:52:02.535+0600][1.161s][info][gc,stats    ]   CTR: Thread Roots                 214 us, workers (us): 112,  67,  34, ---, ---, ---, 
[2026-04-03T02:52:02.535+0600][1.161s][info][gc,stats    ] Concurrent Weak References          232 us, parallelism: 0.36x
[2026-04-03T02:52:02.535+0600][1.161s][info][gc,stats    ]   CWRF: <total>                      84 us
[2026-04-03T02:52:02.535+0600][1.162s][info][gc,stats    ]   CWRF: Weak References              84 us, workers (us):  65,  18,   1, ---, ---, ---, 
[2026-04-03T02:52:02.535+0600][1.162s][info][gc,stats    ] Concurrent Weak Roots              1018 us
[2026-04-03T02:52:02.535+0600][1.162s][info][gc,stats    ]   Roots                             518 us, parallelism: 2.08x
[2026-04-03T02:52:02.535+0600][1.162s][info][gc,stats    ]     CWR: <total>                   1077 us
[2026-04-03T02:52:02.535+0600][1.162s][info][gc,stats    ]     CWR: Code Cache Roots           419 us, workers (us): 119, 157, 144, ---, ---, ---, 
[2026-04-03T02:52:02.535+0600][1.162s][info][gc,stats    ]     CWR: VM Weak Roots              654 us, workers (us): 249, 223, 183, ---, ---, ---, 
[2026-04-03T02:52:02.535+0600][1.162s][info][gc,stats    ]     CWR: CLDG Roots                   4 us, workers (us): ---,   4, ---, ---, ---, ---, 
[2026-04-03T02:52:02.535+0600][1.162s][info][gc,stats    ]   Rendezvous                        438 us
[2026-04-03T02:52:02.535+0600][1.162s][info][gc,stats    ] Concurrent Cleanup                  132 us
[2026-04-03T02:52:02.535+0600][1.162s][info][gc,stats    ] Concurrent Class Unloading         1427 us
[2026-04-03T02:52:02.535+0600][1.162s][info][gc,stats    ]   Unlink Stale                     1089 us
[2026-04-03T02:52:02.535+0600][1.162s][info][gc,stats    ]     System Dictionary                 8 us
[2026-04-03T02:52:02.535+0600][1.162s][info][gc,stats    ]     Weak Class Links                  0 us
[2026-04-03T02:52:02.535+0600][1.162s][info][gc,stats    ]     Code Roots                     1078 us
[2026-04-03T02:52:02.535+0600][1.162s][info][gc,stats    ]   Rendezvous                        196 us
[2026-04-03T02:52:02.535+0600][1.162s][info][gc,stats    ]   Purge Unlinked                     80 us
[2026-04-03T02:52:02.535+0600][1.162s][info][gc,stats    ]     Code Roots                       75 us
[2026-04-03T02:52:02.535+0600][1.162s][info][gc,stats    ]     CLDG                              5 us
[2026-04-03T02:52:02.535+0600][1.162s][info][gc,stats    ]     Exception Caches                  0 us
[2026-04-03T02:52:02.535+0600][1.162s][info][gc,stats    ] Concurrent Strong Roots             439 us, parallelism: 0.67x
[2026-04-03T02:52:02.535+0600][1.162s][info][gc,stats    ]   CSR: <total>                      293 us
[2026-04-03T02:52:02.535+0600][1.162s][info][gc,stats    ]   CSR: VM Strong Roots                9 us, workers (us):   8,   0,   0, ---, ---, ---, 
[2026-04-03T02:52:02.535+0600][1.162s][info][gc,stats    ]   CSR: CLDG Roots                   284 us, workers (us): 284, ---, ---, ---, ---, ---, 
[2026-04-03T02:52:02.535+0600][1.162s][info][gc,stats    ] Concurrent Evacuation              1734 us
[2026-04-03T02:52:02.535+0600][1.162s][info][gc,stats    ] Pause Init Update Refs (G)          503 us
[2026-04-03T02:52:02.535+0600][1.162s][info][gc,stats    ] Pause Init Update Refs (N)           61 us
[2026-04-03T02:52:02.535+0600][1.162s][info][gc,stats    ]   Manage GCLABs                       4 us
[2026-04-03T02:52:02.535+0600][1.162s][info][gc,stats    ] Concurrent Update Refs             2563 us
[2026-04-03T02:52:02.535+0600][1.162s][info][gc,stats    ] Concurrent Update Thread Roots      169 us
[2026-04-03T02:52:02.535+0600][1.162s][info][gc,stats    ] Pause Final Update Refs (G)         649 us
[2026-04-03T02:52:02.535+0600][1.162s][info][gc,stats    ] Pause Final Update Refs (N)         108 us
[2026-04-03T02:52:02.535+0600][1.162s][info][gc,stats    ]   Update Region States               21 us
[2026-04-03T02:52:02.535+0600][1.162s][info][gc,stats    ]   Trash Collection Set               13 us
[2026-04-03T02:52:02.535+0600][1.162s][info][gc,stats    ]   Rebuild Free Set                   17 us
[2026-04-03T02:52:02.535+0600][1.162s][info][gc,stats    ] Concurrent Cleanup                  166 us
[2026-04-03T02:52:02.535+0600][1.162s][info][gc,stats    ] 
[2026-04-03T02:52:02.535+0600][1.162s][info][gc,stats    ] Allocation pacing accrued:
[2026-04-03T02:52:02.535+0600][1.162s][info][gc,stats    ]       0 of   390 ms (  0.0%): <total>
[2026-04-03T02:52:02.535+0600][1.162s][info][gc,stats    ]       0 of   390 ms (  0.0%): <average total>
[2026-04-03T02:52:02.535+0600][1.162s][info][gc,stats    ] 
[2026-04-03T02:52:02.536+0600][1.162s][info][gc,metaspace] Metaspace: 10904K(11136K)->11109K(11328K) NonClass: 9474K(9600K)->9611K(9728K) Class: 1429K(1536K)->1498K(1600K)
[2026-04-03T02:52:02.536+0600][1.162s][info][gc,ergo     ] Pacer for Idle. Initial: 10240K, Alloc Tax Rate: 1.0x
[2026-04-03T02:52:05.392+0600][4.018s][info][gc          ] Trigger: Metadata GC Threshold
[2026-04-03T02:52:05.392+0600][4.019s][info][gc,ergo     ] Free: 350M, Max: 256K regular, 344M humongous, Frag: 2% external, 0% internal; Reserve: 25600K, Max: 256K
[2026-04-03T02:52:05.392+0600][4.019s][info][gc,start    ] GC(2) Concurrent reset
[2026-04-03T02:52:05.392+0600][4.019s][info][gc,task     ] GC(2) Using 3 of 6 workers for concurrent reset
[2026-04-03T02:52:05.392+0600][4.019s][info][gc,ergo     ] GC(2) Pacer for Reset. Non-Taxable: 500M
[2026-04-03T02:52:05.393+0600][4.020s][info][gc          ] GC(2) Concurrent reset 0.915ms
[2026-04-03T02:52:05.393+0600][4.020s][info][gc,start    ] GC(2) Pause Init Mark (unload classes)
[2026-04-03T02:52:05.394+0600][4.020s][info][gc,task     ] GC(2) Using 5 of 6 workers for init marking
[2026-04-03T02:52:05.394+0600][4.020s][info][gc,ergo     ] GC(2) Pacer for Mark. Expected Live: 3598K, Free: 350M, Non-Taxable: 35845K, Alloc Tax Rate: 0.0x
[2026-04-03T02:52:05.394+0600][4.020s][info][gc          ] GC(2) Pause Init Mark (unload classes) 0.085ms
[2026-04-03T02:52:05.394+0600][4.020s][info][gc,start    ] GC(2) Concurrent marking roots
[2026-04-03T02:52:05.394+0600][4.020s][info][gc,task     ] GC(2) Using 3 of 6 workers for concurrent marking roots
[2026-04-03T02:52:05.396+0600][4.022s][info][gc          ] GC(2) Concurrent marking roots 2.361ms
[2026-04-03T02:52:05.396+0600][4.022s][info][gc,start    ] GC(2) Concurrent marking (unload classes)
[2026-04-03T02:52:05.396+0600][4.022s][info][gc,task     ] GC(2) Using 3 of 6 workers for concurrent marking
[2026-04-03T02:52:05.402+0600][4.028s][info][gc          ] GC(2) Concurrent marking (unload classes) 5.845ms
[2026-04-03T02:52:05.402+0600][4.028s][info][gc,start    ] GC(2) Pause Final Mark (unload classes)
[2026-04-03T02:52:05.402+0600][4.028s][info][gc,task     ] GC(2) Using 5 of 6 workers for final marking
[2026-04-03T02:52:05.402+0600][4.029s][info][gc,ergo     ] GC(2) Adaptive CSet Selection. Target Free: 72533K, Actual Free: 397M, Max CSet: 21333K, Min Garbage: 0B
[2026-04-03T02:52:05.403+0600][4.029s][info][gc,ergo     ] GC(2) Collectable Garbage: 103M (99%), Immediate: 23427K (21%), CSet: 82856K (77%)
[2026-04-03T02:52:05.403+0600][4.029s][info][gc,ergo     ] GC(2) Pacer for Evacuation. Used CSet: 90006K, Free: 373M, Non-Taxable: 38210K, Alloc Tax Rate: 1.1x
[2026-04-03T02:52:05.403+0600][4.029s][info][gc          ] GC(2) Pause Final Mark (unload classes) 0.481ms
[2026-04-03T02:52:05.403+0600][4.029s][info][gc,start    ] GC(2) Concurrent thread roots
[2026-04-03T02:52:05.403+0600][4.029s][info][gc,task     ] GC(2) Using 3 of 6 workers for Concurrent thread roots
[2026-04-03T02:52:05.403+0600][4.029s][info][gc          ] GC(2) Concurrent thread roots 0.420ms
[2026-04-03T02:52:05.403+0600][4.029s][info][gc,start    ] GC(2) Concurrent weak references
[2026-04-03T02:52:05.403+0600][4.029s][info][gc,task     ] GC(2) Using 3 of 6 workers for concurrent weak references
[2026-04-03T02:52:05.403+0600][4.030s][info][gc,ref      ] GC(2) Encountered references: Soft: 3546, Weak: 1254, Final: 0, Phantom: 563
[2026-04-03T02:52:05.403+0600][4.030s][info][gc,ref      ] GC(2) Discovered  references: Soft: 0, Weak: 664, Final: 0, Phantom: 561
[2026-04-03T02:52:05.403+0600][4.030s][info][gc,ref      ] GC(2) Enqueued    references: Soft: 0, Weak: 232, Final: 0, Phantom: 0
[2026-04-03T02:52:05.403+0600][4.030s][info][gc          ] GC(2) Concurrent weak references 0.371ms
[2026-04-03T02:52:05.403+0600][4.030s][info][gc,start    ] GC(2) Concurrent weak roots
[2026-04-03T02:52:05.403+0600][4.030s][info][gc,task     ] GC(2) Using 3 of 6 workers for concurrent weak root
[2026-04-03T02:52:05.404+0600][4.031s][info][gc          ] GC(2) Concurrent weak roots 0.963ms
[2026-04-03T02:52:05.405+0600][4.031s][info][gc,start    ] GC(2) Concurrent cleanup
[2026-04-03T02:52:05.405+0600][4.031s][info][gc          ] GC(2) Concurrent cleanup 123M->100M(249M) 0.132ms
[2026-04-03T02:52:05.405+0600][4.031s][info][gc,ergo     ] GC(2) Free: 373M, Max: 256K regular, 344M humongous, Frag: 8% external, 0% internal; Reserve: 24832K, Max: 256K
[2026-04-03T02:52:05.405+0600][4.031s][info][gc,start    ] GC(2) Concurrent class unloading
[2026-04-03T02:52:05.405+0600][4.031s][info][gc,task     ] GC(2) Using 3 of 6 workers for concurrent class unloading
[2026-04-03T02:52:05.407+0600][4.033s][info][gc          ] GC(2) Concurrent class unloading 2.287ms
[2026-04-03T02:52:05.407+0600][4.033s][info][gc,start    ] GC(2) Concurrent strong roots
[2026-04-03T02:52:05.407+0600][4.033s][info][gc,task     ] GC(2) Using 3 of 6 workers for concurrent strong root
[2026-04-03T02:52:05.408+0600][4.034s][info][gc          ] GC(2) Concurrent strong roots 1.008ms
[2026-04-03T02:52:05.408+0600][4.034s][info][gc,start    ] GC(2) Concurrent evacuation
[2026-04-03T02:52:05.408+0600][4.034s][info][gc,task     ] GC(2) Using 3 of 6 workers for concurrent evacuation
[2026-04-03T02:52:05.413+0600][4.039s][info][gc          ] GC(2) Concurrent evacuation 4.962ms
[2026-04-03T02:52:05.413+0600][4.040s][info][gc,start    ] GC(2) Pause Init Update Refs
[2026-04-03T02:52:05.413+0600][4.040s][info][gc,ergo     ] GC(2) Pacer for Update Refs. Used: 108M, Free: 372M, Non-Taxable: 38176K, Alloc Tax Rate: 1.1x
[2026-04-03T02:52:05.414+0600][4.040s][info][gc          ] GC(2) Pause Init Update Refs 0.066ms
[2026-04-03T02:52:05.414+0600][4.040s][info][gc,start    ] GC(2) Concurrent update references
[2026-04-03T02:52:05.414+0600][4.040s][info][gc,task     ] GC(2) Using 3 of 6 workers for concurrent reference update
[2026-04-03T02:52:05.418+0600][4.045s][info][gc          ] GC(2) Concurrent update references 4.837ms
[2026-04-03T02:52:05.419+0600][4.045s][info][gc,start    ] GC(2) Concurrent update thread roots
[2026-04-03T02:52:05.419+0600][4.045s][info][gc          ] GC(2) Concurrent update thread roots 0.467ms
[2026-04-03T02:52:05.419+0600][4.046s][info][gc,start    ] GC(2) Pause Final Update Refs
[2026-04-03T02:52:05.420+0600][4.046s][info][gc,task     ] GC(2) Using 6 of 6 workers for final reference update
[2026-04-03T02:52:05.420+0600][4.046s][info][gc          ] GC(2) Pause Final Update Refs 0.496ms
[2026-04-03T02:52:05.420+0600][4.046s][info][gc,start    ] GC(2) Concurrent cleanup
[2026-04-03T02:52:05.420+0600][4.046s][info][gc          ] GC(2) Concurrent cleanup 108M->20M(256M) 0.182ms
[2026-04-03T02:52:05.420+0600][4.046s][info][gc,ergo     ] Free: 453M, Max: 256K regular, 346M humongous, Frag: 24% external, 0% internal; Reserve: 25600K, Max: 256K
[2026-04-03T02:52:05.420+0600][4.046s][info][gc,stats    ] 
[2026-04-03T02:52:05.420+0600][4.046s][info][gc,stats    ] All times are wall-clock times, except per-root-class counters, that are sum over
[2026-04-03T02:52:05.420+0600][4.046s][info][gc,stats    ] all workers. Dividing the <total> over the root stage time estimates parallelism.
[2026-04-03T02:52:05.420+0600][4.046s][info][gc,stats    ] 
[2026-04-03T02:52:05.420+0600][4.046s][info][gc,stats    ] Concurrent Reset                    958 us
[2026-04-03T02:52:05.420+0600][4.046s][info][gc,stats    ] Pause Init Mark (G)                 381 us
[2026-04-03T02:52:05.420+0600][4.046s][info][gc,stats    ] Pause Init Mark (N)                  94 us
[2026-04-03T02:52:05.420+0600][4.046s][info][gc,stats    ]   Update Region States               14 us
[2026-04-03T02:52:05.420+0600][4.046s][info][gc,stats    ] Concurrent Mark Roots              2421 us, parallelism: 0.99x
[2026-04-03T02:52:05.420+0600][4.046s][info][gc,stats    ]   CMR: <total>                     2396 us
[2026-04-03T02:52:05.420+0600][4.046s][info][gc,stats    ]   CMR: Thread Roots                2176 us, workers (us):   0,  75, 2101, ---, ---, ---, 
[2026-04-03T02:52:05.420+0600][4.046s][info][gc,stats    ]   CMR: VM Strong Roots               56 us, workers (us):  55,   1,   1, ---, ---, ---, 
[2026-04-03T02:52:05.420+0600][4.046s][info][gc,stats    ]   CMR: CLDG Roots                   163 us, workers (us): 163, ---, ---, ---, ---, ---, 
[2026-04-03T02:52:05.420+0600][4.047s][info][gc,stats    ] Concurrent Marking                 5912 us
[2026-04-03T02:52:05.420+0600][4.047s][info][gc,stats    ] Pause Final Mark (G)                713 us
[2026-04-03T02:52:05.420+0600][4.047s][info][gc,stats    ] Pause Final Mark (N)                515 us
[2026-04-03T02:52:05.420+0600][4.047s][info][gc,stats    ]   Finish Mark                       197 us
[2026-04-03T02:52:05.420+0600][4.047s][info][gc,stats    ]   Update Region States               27 us
[2026-04-03T02:52:05.420+0600][4.047s][info][gc,stats    ]   Choose Collection Set             171 us
[2026-04-03T02:52:05.420+0600][4.047s][info][gc,stats    ]   Rebuild Free Set                   19 us
[2026-04-03T02:52:05.420+0600][4.047s][info][gc,stats    ] Concurrent Thread Roots             457 us, parallelism: 0.86x
[2026-04-03T02:52:05.420+0600][4.047s][info][gc,stats    ]   CTR: <total>                      392 us
[2026-04-03T02:52:05.420+0600][4.047s][info][gc,stats    ]   CTR: Thread Roots                 392 us, workers (us): 265,  65,  61, ---, ---, ---, 
[2026-04-03T02:52:05.420+0600][4.047s][info][gc,stats    ] Concurrent Weak References          382 us, parallelism: 0.92x
[2026-04-03T02:52:05.420+0600][4.047s][info][gc,stats    ]   CWRF: <total>                     351 us
[2026-04-03T02:52:05.420+0600][4.047s][info][gc,stats    ]   CWRF: Weak References             351 us, workers (us): 168, 176,   7, ---, ---, ---, 
[2026-04-03T02:52:05.420+0600][4.047s][info][gc,stats    ] Concurrent Weak Roots              1023 us
[2026-04-03T02:52:05.420+0600][4.047s][info][gc,stats    ]   Roots                             833 us, parallelism: 2.21x
[2026-04-03T02:52:05.420+0600][4.047s][info][gc,stats    ]     CWR: <total>                   1842 us
[2026-04-03T02:52:05.420+0600][4.047s][info][gc,stats    ]     CWR: Code Cache Roots           803 us, workers (us): 263, 278, 262, ---, ---, ---, 
[2026-04-03T02:52:05.420+0600][4.047s][info][gc,stats    ]     CWR: VM Weak Roots             1030 us, workers (us): 357, 330, 343, ---, ---, ---, 
[2026-04-03T02:52:05.420+0600][4.047s][info][gc,stats    ]     CWR: CLDG Roots                   9 us, workers (us): ---,   9, ---, ---, ---, ---, 
[2026-04-03T02:52:05.420+0600][4.047s][info][gc,stats    ]   Rendezvous                        107 us
[2026-04-03T02:52:05.420+0600][4.047s][info][gc,stats    ] Concurrent Cleanup                  145 us
[2026-04-03T02:52:05.420+0600][4.047s][info][gc,stats    ] Concurrent Class Unloading         2349 us
[2026-04-03T02:52:05.420+0600][4.047s][info][gc,stats    ]   Unlink Stale                     1720 us
[2026-04-03T02:52:05.420+0600][4.047s][info][gc,stats    ]     System Dictionary                19 us
[2026-04-03T02:52:05.420+0600][4.047s][info][gc,stats    ]     Weak Class Links                  0 us
[2026-04-03T02:52:05.420+0600][4.047s][info][gc,stats    ]     Code Roots                     1698 us
[2026-04-03T02:52:05.420+0600][4.047s][info][gc,stats    ]   Rendezvous                         63 us
[2026-04-03T02:52:05.420+0600][4.047s][info][gc,stats    ]   Purge Unlinked                    473 us
[2026-04-03T02:52:05.420+0600][4.047s][info][gc,stats    ]     Code Roots                      462 us
[2026-04-03T02:52:05.420+0600][4.047s][info][gc,stats    ]     CLDG                             11 us
[2026-04-03T02:52:05.420+0600][4.047s][info][gc,stats    ]     Exception Caches                  0 us
[2026-04-03T02:52:05.420+0600][4.047s][info][gc,stats    ] Concurrent Strong Roots            1057 us, parallelism: 0.79x
[2026-04-03T02:52:05.420+0600][4.047s][info][gc,stats    ]   CSR: <total>                      830 us
[2026-04-03T02:52:05.420+0600][4.047s][info][gc,stats    ]   CSR: VM Strong Roots               13 us, workers (us):   9,   4,   0, ---, ---, ---, 
[2026-04-03T02:52:05.420+0600][4.047s][info][gc,stats    ]   CSR: CLDG Roots                   816 us, workers (us): ---, 816, ---, ---, ---, ---, 
[2026-04-03T02:52:05.420+0600][4.047s][info][gc,stats    ] Concurrent Evacuation              5030 us
[2026-04-03T02:52:05.420+0600][4.047s][info][gc,stats    ] Pause Init Update Refs (G)          473 us
[2026-04-03T02:52:05.421+0600][4.047s][info][gc,stats    ] Pause Init Update Refs (N)           80 us
[2026-04-03T02:52:05.421+0600][4.047s][info][gc,stats    ]   Manage GCLABs                       6 us
[2026-04-03T02:52:05.421+0600][4.047s][info][gc,stats    ] Concurrent Update Refs             4917 us
[2026-04-03T02:52:05.421+0600][4.047s][info][gc,stats    ] Concurrent Update Thread Roots      506 us
[2026-04-03T02:52:05.421+0600][4.047s][info][gc,stats    ] Pause Final Update Refs (G)         679 us
[2026-04-03T02:52:05.421+0600][4.047s][info][gc,stats    ] Pause Final Update Refs (N)         510 us
[2026-04-03T02:52:05.421+0600][4.047s][info][gc,stats    ]   Update Region States               36 us
[2026-04-03T02:52:05.421+0600][4.047s][info][gc,stats    ]   Trash Collection Set               13 us
[2026-04-03T02:52:05.421+0600][4.047s][info][gc,stats    ]   Rebuild Free Set                   22 us
[2026-04-03T02:52:05.421+0600][4.047s][info][gc,stats    ] Concurrent Cleanup                  207 us
[2026-04-03T02:52:05.421+0600][4.047s][info][gc,stats    ] 
[2026-04-03T02:52:05.421+0600][4.047s][info][gc,stats    ] Allocation pacing accrued:
[2026-04-03T02:52:05.421+0600][4.047s][info][gc,stats    ]       0 of  2885 ms (  0.0%): <total>
[2026-04-03T02:52:05.421+0600][4.047s][info][gc,stats    ]       0 of  2885 ms (  0.0%): <average total>
[2026-04-03T02:52:05.421+0600][4.047s][info][gc,stats    ] 
[2026-04-03T02:52:05.421+0600][4.047s][info][gc,metaspace] Metaspace: 21225K(21568K)->21291K(21632K) NonClass: 18534K(18752K)->18591K(18752K) Class: 2690K(2816K)->2699K(2880K)
[2026-04-03T02:52:05.421+0600][4.047s][info][gc,ergo     ] Pacer for Idle. Initial: 10240K, Alloc Tax Rate: 1.0x
[2026-04-03T02:52:08.119+0600][6.746s][info][gc          ] Trigger: Learning 4 of 5. Free (349M) is below initial threshold (350M)
[2026-04-03T02:52:08.119+0600][6.746s][info][gc,ergo     ] Free: 349M, Max: 256K regular, 346M humongous, Frag: 2% external, 0% internal; Reserve: 25600K, Max: 256K
[2026-04-03T02:52:08.119+0600][6.746s][info][gc,start    ] GC(3) Concurrent reset
[2026-04-03T02:52:08.119+0600][6.746s][info][gc,task     ] GC(3) Using 3 of 6 workers for concurrent reset
[2026-04-03T02:52:08.119+0600][6.746s][info][gc,ergo     ] GC(3) Pacer for Reset. Non-Taxable: 500M
[2026-04-03T02:52:08.120+0600][6.746s][info][gc          ] GC(3) Concurrent reset 0.734ms
[2026-04-03T02:52:08.120+0600][6.747s][info][gc,start    ] GC(3) Pause Init Mark (unload classes)
[2026-04-03T02:52:08.120+0600][6.747s][info][gc,task     ] GC(3) Using 6 of 6 workers for init marking
[2026-04-03T02:52:08.120+0600][6.747s][info][gc,ergo     ] GC(3) Pacer for Mark. Expected Live: 8543K, Free: 349M, Non-Taxable: 35825K, Alloc Tax Rate: 0.0x
[2026-04-03T02:52:08.120+0600][6.747s][info][gc          ] GC(3) Pause Init Mark (unload classes) 0.111ms
[2026-04-03T02:52:08.120+0600][6.747s][info][gc,start    ] GC(3) Concurrent marking roots
[2026-04-03T02:52:08.120+0600][6.747s][info][gc,task     ] GC(3) Using 3 of 6 workers for concurrent marking roots
[2026-04-03T02:52:08.122+0600][6.748s][info][gc          ] GC(3) Concurrent marking roots 1.338ms
[2026-04-03T02:52:08.122+0600][6.748s][info][gc,start    ] GC(3) Concurrent marking (unload classes)
[2026-04-03T02:52:08.122+0600][6.748s][info][gc,task     ] GC(3) Using 3 of 6 workers for concurrent marking
[2026-04-03T02:52:08.129+0600][6.755s][info][gc          ] GC(3) Concurrent marking (unload classes) 6.811ms
[2026-04-03T02:52:08.129+0600][6.755s][info][gc,start    ] GC(3) Pause Final Mark (unload classes)
[2026-04-03T02:52:08.129+0600][6.755s][info][gc,task     ] GC(3) Using 6 of 6 workers for final marking
[2026-04-03T02:52:08.129+0600][6.755s][info][gc,ergo     ] GC(3) Adaptive CSet Selection. Target Free: 72533K, Actual Free: 402M, Max CSet: 21333K, Min Garbage: 0B
[2026-04-03T02:52:08.129+0600][6.756s][info][gc,ergo     ] GC(3) Collectable Garbage: 102019K (98%), Immediate: 29302K (28%), CSet: 72717K (70%)
[2026-04-03T02:52:08.129+0600][6.756s][info][gc,ergo     ] GC(3) Pacer for Evacuation. Used CSet: 76314K, Free: 380M, Non-Taxable: 38943K, Alloc Tax Rate: 1.1x
[2026-04-03T02:52:08.129+0600][6.756s][info][gc          ] GC(3) Pause Final Mark (unload classes) 0.497ms
[2026-04-03T02:52:08.129+0600][6.756s][info][gc,start    ] GC(3) Concurrent thread roots
[2026-04-03T02:52:08.129+0600][6.756s][info][gc,task     ] GC(3) Using 3 of 6 workers for Concurrent thread roots
[2026-04-03T02:52:08.130+0600][6.756s][info][gc          ] GC(3) Concurrent thread roots 0.389ms
[2026-04-03T02:52:08.130+0600][6.756s][info][gc,start    ] GC(3) Concurrent weak references
[2026-04-03T02:52:08.130+0600][6.756s][info][gc,task     ] GC(3) Using 3 of 6 workers for concurrent weak references
[2026-04-03T02:52:08.130+0600][6.757s][info][gc,ref      ] GC(3) Encountered references: Soft: 3813, Weak: 2345, Final: 0, Phantom: 567
[2026-04-03T02:52:08.130+0600][6.757s][info][gc,ref      ] GC(3) Discovered  references: Soft: 0, Weak: 1582, Final: 0, Phantom: 565
[2026-04-03T02:52:08.130+0600][6.757s][info][gc,ref      ] GC(3) Enqueued    references: Soft: 0, Weak: 410, Final: 0, Phantom: 1
[2026-04-03T02:52:08.130+0600][6.757s][info][gc          ] GC(3) Concurrent weak references 0.581ms
[2026-04-03T02:52:08.130+0600][6.757s][info][gc,start    ] GC(3) Concurrent weak roots
[2026-04-03T02:52:08.130+0600][6.757s][info][gc,task     ] GC(3) Using 3 of 6 workers for concurrent weak root
[2026-04-03T02:52:08.133+0600][6.759s][info][gc          ] GC(3) Concurrent weak roots 2.250ms
[2026-04-03T02:52:08.133+0600][6.759s][info][gc,start    ] GC(3) Concurrent cleanup
[2026-04-03T02:52:08.133+0600][6.759s][info][gc          ] GC(3) Concurrent cleanup 122M->94M(256M) 0.331ms
[2026-04-03T02:52:08.133+0600][6.759s][info][gc,ergo     ] GC(3) Free: 380M, Max: 256K regular, 346M humongous, Frag: 9% external, 0% internal; Reserve: 24586K, Max: 256K
[2026-04-03T02:52:08.133+0600][6.759s][info][gc,start    ] GC(3) Concurrent class unloading
[2026-04-03T02:52:08.133+0600][6.759s][info][gc,task     ] GC(3) Using 3 of 6 workers for concurrent class unloading
[2026-04-03T02:52:08.137+0600][6.764s][info][gc          ] GC(3) Concurrent class unloading 4.238ms
[2026-04-03T02:52:08.137+0600][6.764s][info][gc,start    ] GC(3) Concurrent strong roots
[2026-04-03T02:52:08.137+0600][6.764s][info][gc,task     ] GC(3) Using 3 of 6 workers for concurrent strong root
[2026-04-03T02:52:08.139+0600][6.765s][info][gc          ] GC(3) Concurrent strong roots 1.300ms
[2026-04-03T02:52:08.139+0600][6.765s][info][gc,start    ] GC(3) Concurrent evacuation
[2026-04-03T02:52:08.139+0600][6.765s][info][gc,task     ] GC(3) Using 3 of 6 workers for concurrent evacuation
[2026-04-03T02:52:08.142+0600][6.768s][info][gc          ] GC(3) Concurrent evacuation 3.260ms
[2026-04-03T02:52:08.143+0600][6.769s][info][gc,start    ] GC(3) Pause Init Update Refs
[2026-04-03T02:52:08.143+0600][6.769s][info][gc,ergo     ] GC(3) Pacer for Update Refs. Used: 100994K, Free: 379M, Non-Taxable: 38846K, Alloc Tax Rate: 1.1x
[2026-04-03T02:52:08.143+0600][6.769s][info][gc          ] GC(3) Pause Init Update Refs 0.078ms
[2026-04-03T02:52:08.143+0600][6.769s][info][gc,start    ] GC(3) Concurrent update references
[2026-04-03T02:52:08.143+0600][6.769s][info][gc,task     ] GC(3) Using 3 of 6 workers for concurrent reference update
[2026-04-03T02:52:08.149+0600][6.775s][info][gc          ] GC(3) Concurrent update references 5.837ms
[2026-04-03T02:52:08.149+0600][6.775s][info][gc,start    ] GC(3) Concurrent update thread roots
[2026-04-03T02:52:08.149+0600][6.776s][info][gc          ] GC(3) Concurrent update thread roots 0.799ms
[2026-04-03T02:52:08.150+0600][6.776s][info][gc,start    ] GC(3) Pause Final Update Refs
[2026-04-03T02:52:08.150+0600][6.777s][info][gc,task     ] GC(3) Using 6 of 6 workers for final reference update
[2026-04-03T02:52:08.150+0600][6.777s][info][gc          ] GC(3) Pause Final Update Refs 0.136ms
[2026-04-03T02:52:08.150+0600][6.777s][info][gc,start    ] GC(3) Concurrent cleanup
[2026-04-03T02:52:08.151+0600][6.777s][info][gc          ] GC(3) Concurrent cleanup 98M->24M(260M) 0.429ms
[2026-04-03T02:52:08.151+0600][6.777s][info][gc,ergo     ] Free: 449M, Max: 256K regular, 346M humongous, Frag: 24% external, 0% internal; Reserve: 25600K, Max: 256K
[2026-04-03T02:52:08.151+0600][6.777s][info][gc,stats    ] 
[2026-04-03T02:52:08.151+0600][6.777s][info][gc,stats    ] All times are wall-clock times, except per-root-class counters, that are sum over
[2026-04-03T02:52:08.151+0600][6.777s][info][gc,stats    ] all workers. Dividing the <total> over the root stage time estimates parallelism.
[2026-04-03T02:52:08.151+0600][6.777s][info][gc,stats    ] 
[2026-04-03T02:52:08.151+0600][6.777s][info][gc,stats    ] Concurrent Reset                    776 us
[2026-04-03T02:52:08.151+0600][6.777s][info][gc,stats    ] Pause Init Mark (G)                 297 us
[2026-04-03T02:52:08.151+0600][6.777s][info][gc,stats    ] Pause Init Mark (N)                 122 us
[2026-04-03T02:52:08.151+0600][6.777s][info][gc,stats    ]   Update Region States               14 us
[2026-04-03T02:52:08.151+0600][6.777s][info][gc,stats    ] Concurrent Mark Roots              1375 us, parallelism: 1.16x
[2026-04-03T02:52:08.151+0600][6.777s][info][gc,stats    ]   CMR: <total>                     1598 us
[2026-04-03T02:52:08.151+0600][6.777s][info][gc,stats    ]   CMR: Thread Roots                1387 us, workers (us):   4, 1066, 317, ---, ---, ---, 
[2026-04-03T02:52:08.151+0600][6.777s][info][gc,stats    ]   CMR: VM Strong Roots               30 us, workers (us):  28,   1,   0, ---, ---, ---, 
[2026-04-03T02:52:08.151+0600][6.777s][info][gc,stats    ]   CMR: CLDG Roots                   181 us, workers (us): 181, ---, ---, ---, ---, ---, 
[2026-04-03T02:52:08.151+0600][6.777s][info][gc,stats    ] Concurrent Marking                 6872 us
[2026-04-03T02:52:08.151+0600][6.777s][info][gc,stats    ] Pause Final Mark (G)                667 us
[2026-04-03T02:52:08.151+0600][6.777s][info][gc,stats    ] Pause Final Mark (N)                509 us
[2026-04-03T02:52:08.151+0600][6.777s][info][gc,stats    ]   Finish Mark                       167 us
[2026-04-03T02:52:08.151+0600][6.777s][info][gc,stats    ]   Update Region States               39 us
[2026-04-03T02:52:08.151+0600][6.777s][info][gc,stats    ]   Choose Collection Set             176 us
[2026-04-03T02:52:08.151+0600][6.777s][info][gc,stats    ]   Rebuild Free Set                   19 us
[2026-04-03T02:52:08.151+0600][6.777s][info][gc,stats    ] Concurrent Thread Roots             434 us, parallelism: 0.67x
[2026-04-03T02:52:08.151+0600][6.777s][info][gc,stats    ]   CTR: <total>                      290 us
[2026-04-03T02:52:08.151+0600][6.777s][info][gc,stats    ]   CTR: Thread Roots                 290 us, workers (us): 188,  71,  31, ---, ---, ---, 
[2026-04-03T02:52:08.151+0600][6.777s][info][gc,stats    ] Concurrent Weak References          594 us, parallelism: 0.76x
[2026-04-03T02:52:08.151+0600][6.777s][info][gc,stats    ]   CWRF: <total>                     452 us
[2026-04-03T02:52:08.151+0600][6.777s][info][gc,stats    ]   CWRF: Weak References             452 us, workers (us): 380,  23,  49, ---, ---, ---, 
[2026-04-03T02:52:08.151+0600][6.778s][info][gc,stats    ] Concurrent Weak Roots              2298 us
[2026-04-03T02:52:08.151+0600][6.778s][info][gc,stats    ]   Roots                            1359 us, parallelism: 2.41x
[2026-04-03T02:52:08.151+0600][6.778s][info][gc,stats    ]     CWR: <total>                   3270 us
[2026-04-03T02:52:08.151+0600][6.778s][info][gc,stats    ]     CWR: Code Cache Roots          1328 us, workers (us): 466, 427, 436, ---, ---, ---, 
[2026-04-03T02:52:08.151+0600][6.778s][info][gc,stats    ]     CWR: VM Weak Roots             1923 us, workers (us): 675, 619, 628, ---, ---, ---, 
[2026-04-03T02:52:08.151+0600][6.778s][info][gc,stats    ]     CWR: CLDG Roots                  19 us, workers (us):  19, ---, ---, ---, ---, ---, 
[2026-04-03T02:52:08.151+0600][6.778s][info][gc,stats    ]   Rendezvous                        862 us
[2026-04-03T02:52:08.151+0600][6.778s][info][gc,stats    ] Concurrent Cleanup                  345 us
[2026-04-03T02:52:08.151+0600][6.778s][info][gc,stats    ] Concurrent Class Unloading         4295 us
[2026-04-03T02:52:08.151+0600][6.778s][info][gc,stats    ]   Unlink Stale                     2544 us
[2026-04-03T02:52:08.151+0600][6.778s][info][gc,stats    ]     System Dictionary                23 us
[2026-04-03T02:52:08.151+0600][6.778s][info][gc,stats    ]     Weak Class Links                  0 us
[2026-04-03T02:52:08.151+0600][6.778s][info][gc,stats    ]     Code Roots                     2517 us
[2026-04-03T02:52:08.151+0600][6.778s][info][gc,stats    ]   Rendezvous                       1046 us
[2026-04-03T02:52:08.151+0600][6.778s][info][gc,stats    ]   Purge Unlinked                    621 us
[2026-04-03T02:52:08.151+0600][6.778s][info][gc,stats    ]     Code Roots                      608 us
[2026-04-03T02:52:08.151+0600][6.778s][info][gc,stats    ]     CLDG                             12 us
[2026-04-03T02:52:08.151+0600][6.778s][info][gc,stats    ]     Exception Caches                  0 us
[2026-04-03T02:52:08.151+0600][6.778s][info][gc,stats    ] Concurrent Strong Roots            1370 us, parallelism: 0.79x
[2026-04-03T02:52:08.151+0600][6.778s][info][gc,stats    ]   CSR: <total>                     1086 us
[2026-04-03T02:52:08.151+0600][6.778s][info][gc,stats    ]   CSR: VM Strong Roots               20 us, workers (us):  19,   1,   0, ---, ---, ---, 
[2026-04-03T02:52:08.151+0600][6.778s][info][gc,stats    ]   CSR: CLDG Roots                  1066 us, workers (us): 1066, ---, ---, ---, ---, ---, 
[2026-04-03T02:52:08.151+0600][6.778s][info][gc,stats    ] Concurrent Evacuation              3322 us
[2026-04-03T02:52:08.151+0600][6.778s][info][gc,stats    ] Pause Init Update Refs (G)          665 us
[2026-04-03T02:52:08.151+0600][6.778s][info][gc,stats    ] Pause Init Update Refs (N)           90 us
[2026-04-03T02:52:08.151+0600][6.778s][info][gc,stats    ]   Manage GCLABs                       6 us
[2026-04-03T02:52:08.151+0600][6.778s][info][gc,stats    ] Concurrent Update Refs             5903 us
[2026-04-03T02:52:08.151+0600][6.778s][info][gc,stats    ] Concurrent Update Thread Roots      849 us
[2026-04-03T02:52:08.151+0600][6.778s][info][gc,stats    ] Pause Final Update Refs (G)         852 us
[2026-04-03T02:52:08.151+0600][6.778s][info][gc,stats    ] Pause Final Update Refs (N)         146 us
[2026-04-03T02:52:08.151+0600][6.778s][info][gc,stats    ]   Update Region States               32 us
[2026-04-03T02:52:08.151+0600][6.778s][info][gc,stats    ]   Trash Collection Set               11 us
[2026-04-03T02:52:08.151+0600][6.778s][info][gc,stats    ]   Rebuild Free Set                   24 us
[2026-04-03T02:52:08.151+0600][6.778s][info][gc,stats    ] Concurrent Cleanup                  456 us
[2026-04-03T02:52:08.151+0600][6.778s][info][gc,stats    ] 
[2026-04-03T02:52:08.152+0600][6.778s][info][gc,stats    ] Allocation pacing accrued:
[2026-04-03T02:52:08.152+0600][6.778s][info][gc,stats    ]       0 of  2731 ms (  0.0%): <total>
[2026-04-03T02:52:08.152+0600][6.778s][info][gc,stats    ]       0 of  2731 ms (  0.0%): <average total>
[2026-04-03T02:52:08.152+0600][6.778s][info][gc,stats    ] 
[2026-04-03T02:52:08.152+0600][6.778s][info][gc,metaspace] Metaspace: 33185K(33600K)->33783K(34176K) NonClass: 29019K(29248K)->29556K(29760K) Class: 4166K(4352K)->4226K(4416K)
[2026-04-03T02:52:08.152+0600][6.778s][info][gc,ergo     ] Pacer for Idle. Initial: 10240K, Alloc Tax Rate: 1.0x
[2026-04-03T02:52:10.148+0600][8.774s][info][gc          ] Trigger: Learning 5 of 5. Free (349M) is below initial threshold (350M)
[2026-04-03T02:52:10.148+0600][8.774s][info][gc,ergo     ] Free: 349M, Max: 256K regular, 346M humongous, Frag: 1% external, 0% internal; Reserve: 25600K, Max: 256K
[2026-04-03T02:52:10.148+0600][8.774s][info][gc,start    ] GC(4) Concurrent reset
[2026-04-03T02:52:10.148+0600][8.774s][info][gc,task     ] GC(4) Using 3 of 6 workers for concurrent reset
[2026-04-03T02:52:10.148+0600][8.774s][info][gc,ergo     ] GC(4) Pacer for Reset. Non-Taxable: 500M
[2026-04-03T02:52:10.148+0600][8.775s][info][gc          ] GC(4) Concurrent reset 0.575ms
[2026-04-03T02:52:10.148+0600][8.775s][info][gc,start    ] GC(4) Pause Init Mark (unload classes)
[2026-04-03T02:52:10.149+0600][8.775s][info][gc,task     ] GC(4) Using 6 of 6 workers for init marking
[2026-04-03T02:52:10.149+0600][8.775s][info][gc,ergo     ] GC(4) Pacer for Mark. Expected Live: 11647K, Free: 349M, Non-Taxable: 35778K, Alloc Tax Rate: 0.0x
[2026-04-03T02:52:10.149+0600][8.775s][info][gc          ] GC(4) Pause Init Mark (unload classes) 0.109ms
[2026-04-03T02:52:10.149+0600][8.775s][info][gc,start    ] GC(4) Concurrent marking roots
[2026-04-03T02:52:10.149+0600][8.775s][info][gc,task     ] GC(4) Using 3 of 6 workers for concurrent marking roots
[2026-04-03T02:52:10.150+0600][8.776s][info][gc          ] GC(4) Concurrent marking roots 1.455ms
[2026-04-03T02:52:10.150+0600][8.776s][info][gc,start    ] GC(4) Concurrent marking (unload classes)
[2026-04-03T02:52:10.150+0600][8.776s][info][gc,task     ] GC(4) Using 3 of 6 workers for concurrent marking
[2026-04-03T02:52:10.162+0600][8.788s][info][gc          ] GC(4) Concurrent marking (unload classes) 11.627ms
[2026-04-03T02:52:10.162+0600][8.789s][info][gc,start    ] GC(4) Pause Final Mark (unload classes)
[2026-04-03T02:52:10.162+0600][8.789s][info][gc,task     ] GC(4) Using 6 of 6 workers for final marking
[2026-04-03T02:52:10.163+0600][8.789s][info][gc,ergo     ] GC(4) Adaptive CSet Selection. Target Free: 72533K, Actual Free: 391M, Max CSet: 21333K, Min Garbage: 0B
[2026-04-03T02:52:10.163+0600][8.789s][info][gc,ergo     ] GC(4) Collectable Garbage: 99159K (98%), Immediate: 20105K (20%), CSet: 79054K (78%)
[2026-04-03T02:52:10.163+0600][8.789s][info][gc,ergo     ] GC(4) Pacer for Evacuation. Used CSet: 83665K, Free: 367M, Non-Taxable: 37638K, Alloc Tax Rate: 1.1x
[2026-04-03T02:52:10.163+0600][8.789s][info][gc          ] GC(4) Pause Final Mark (unload classes) 0.559ms
[2026-04-03T02:52:10.163+0600][8.789s][info][gc,start    ] GC(4) Concurrent thread roots
[2026-04-03T02:52:10.163+0600][8.789s][info][gc,task     ] GC(4) Using 3 of 6 workers for Concurrent thread roots
[2026-04-03T02:52:10.164+0600][8.790s][info][gc          ] GC(4) Concurrent thread roots 0.913ms
[2026-04-03T02:52:10.164+0600][8.790s][info][gc,start    ] GC(4) Concurrent weak references
[2026-04-03T02:52:10.164+0600][8.790s][info][gc,task     ] GC(4) Using 3 of 6 workers for concurrent weak references
[2026-04-03T02:52:10.164+0600][8.791s][info][gc,ref      ] GC(4) Encountered references: Soft: 3940, Weak: 3000, Final: 72, Phantom: 580
[2026-04-03T02:52:10.164+0600][8.791s][info][gc,ref      ] GC(4) Discovered  references: Soft: 0, Weak: 1781, Final: 40, Phantom: 578
[2026-04-03T02:52:10.164+0600][8.791s][info][gc,ref      ] GC(4) Enqueued    references: Soft: 0, Weak: 372, Final: 0, Phantom: 0
[2026-04-03T02:52:10.164+0600][8.791s][info][gc          ] GC(4) Concurrent weak references 0.708ms
[2026-04-03T02:52:10.164+0600][8.791s][info][gc,start    ] GC(4) Concurrent weak roots
[2026-04-03T02:52:10.164+0600][8.791s][info][gc,task     ] GC(4) Using 3 of 6 workers for concurrent weak root
[2026-04-03T02:52:10.166+0600][8.793s][info][gc          ] GC(4) Concurrent weak roots 1.898ms
[2026-04-03T02:52:10.166+0600][8.793s][info][gc,start    ] GC(4) Concurrent cleanup
[2026-04-03T02:52:10.167+0600][8.793s][info][gc          ] GC(4) Concurrent cleanup 126M->106M(260M) 0.399ms
[2026-04-03T02:52:10.167+0600][8.793s][info][gc,ergo     ] GC(4) Free: 367M, Max: 256K regular, 346M humongous, Frag: 6% external, 0% internal; Reserve: 25088K, Max: 256K
[2026-04-03T02:52:10.167+0600][8.793s][info][gc,start    ] GC(4) Concurrent class unloading
[2026-04-03T02:52:10.167+0600][8.793s][info][gc,task     ] GC(4) Using 3 of 6 workers for concurrent class unloading
[2026-04-03T02:52:10.170+0600][8.796s][info][gc          ] GC(4) Concurrent class unloading 2.940ms
[2026-04-03T02:52:10.170+0600][8.796s][info][gc,start    ] GC(4) Concurrent strong roots
[2026-04-03T02:52:10.170+0600][8.796s][info][gc,task     ] GC(4) Using 3 of 6 workers for concurrent strong root
[2026-04-03T02:52:10.171+0600][8.797s][info][gc          ] GC(4) Concurrent strong roots 0.925ms
[2026-04-03T02:52:10.171+0600][8.797s][info][gc,start    ] GC(4) Concurrent evacuation
[2026-04-03T02:52:10.171+0600][8.797s][info][gc,task     ] GC(4) Using 3 of 6 workers for concurrent evacuation
[2026-04-03T02:52:10.176+0600][8.802s][info][gc          ] GC(4) Concurrent evacuation 4.694ms
[2026-04-03T02:52:10.176+0600][8.802s][info][gc,start    ] GC(4) Pause Init Update Refs
[2026-04-03T02:52:10.176+0600][8.802s][info][gc,ergo     ] GC(4) Pacer for Update Refs. Used: 111M, Free: 366M, Non-Taxable: 37571K, Alloc Tax Rate: 1.1x
[2026-04-03T02:52:10.176+0600][8.802s][info][gc          ] GC(4) Pause Init Update Refs 0.087ms
[2026-04-03T02:52:10.176+0600][8.802s][info][gc,start    ] GC(4) Concurrent update references
[2026-04-03T02:52:10.176+0600][8.802s][info][gc,task     ] GC(4) Using 3 of 6 workers for concurrent reference update
[2026-04-03T02:52:10.184+0600][8.811s][info][gc          ] GC(4) Concurrent update references 8.334ms
[2026-04-03T02:52:10.184+0600][8.811s][info][gc,start    ] GC(4) Concurrent update thread roots
[2026-04-03T02:52:10.185+0600][8.811s][info][gc          ] GC(4) Concurrent update thread roots 0.467ms
[2026-04-03T02:52:10.185+0600][8.811s][info][gc,start    ] GC(4) Pause Final Update Refs
[2026-04-03T02:52:10.185+0600][8.811s][info][gc,task     ] GC(4) Using 6 of 6 workers for final reference update
[2026-04-03T02:52:10.185+0600][8.812s][info][gc          ] GC(4) Pause Final Update Refs 0.148ms
[2026-04-03T02:52:10.185+0600][8.812s][info][gc,start    ] GC(4) Concurrent cleanup
[2026-04-03T02:52:10.186+0600][8.812s][info][gc          ] GC(4) Concurrent cleanup 111M->30M(264M) 0.428ms
[2026-04-03T02:52:10.186+0600][8.812s][info][gc,ergo     ] Free: 443M, Max: 256K regular, 344M humongous, Frag: 23% external, 0% internal; Reserve: 25600K, Max: 256K
[2026-04-03T02:52:10.186+0600][8.812s][info][gc,stats    ] 
[2026-04-03T02:52:10.186+0600][8.812s][info][gc,stats    ] All times are wall-clock times, except per-root-class counters, that are sum over
[2026-04-03T02:52:10.186+0600][8.812s][info][gc,stats    ] all workers. Dividing the <total> over the root stage time estimates parallelism.
[2026-04-03T02:52:10.186+0600][8.812s][info][gc,stats    ] 
[2026-04-03T02:52:10.186+0600][8.812s][info][gc,stats    ] Concurrent Reset                    613 us
[2026-04-03T02:52:10.186+0600][8.812s][info][gc,stats    ] Pause Init Mark (G)                 311 us
[2026-04-03T02:52:10.186+0600][8.812s][info][gc,stats    ] Pause Init Mark (N)                 119 us
[2026-04-03T02:52:10.186+0600][8.812s][info][gc,stats    ]   Update Region States               17 us
[2026-04-03T02:52:10.186+0600][8.812s][info][gc,stats    ] Concurrent Mark Roots              1506 us, parallelism: 2.53x
[2026-04-03T02:52:10.186+0600][8.812s][info][gc,stats    ]   CMR: <total>                     3804 us
[2026-04-03T02:52:10.186+0600][8.812s][info][gc,stats    ]   CMR: Thread Roots                3512 us, workers (us): 1257, 1223, 1032, ---, ---, ---, 
[2026-04-03T02:52:10.186+0600][8.812s][info][gc,stats    ]   CMR: VM Strong Roots               82 us, workers (us):  48,  34,   0, ---, ---, ---, 
[2026-04-03T02:52:10.186+0600][8.812s][info][gc,stats    ]   CMR: CLDG Roots                   209 us, workers (us): ---, ---, 209, ---, ---, ---, 
[2026-04-03T02:52:10.186+0600][8.812s][info][gc,stats    ] Concurrent Marking                11877 us
[2026-04-03T02:52:10.186+0600][8.812s][info][gc,stats    ] Pause Final Mark (G)                807 us
[2026-04-03T02:52:10.186+0600][8.812s][info][gc,stats    ] Pause Final Mark (N)                574 us
[2026-04-03T02:52:10.186+0600][8.812s][info][gc,stats    ]   Finish Mark                       186 us
[2026-04-03T02:52:10.186+0600][8.812s][info][gc,stats    ]   Update Region States               30 us
[2026-04-03T02:52:10.186+0600][8.812s][info][gc,stats    ]   Choose Collection Set             209 us
[2026-04-03T02:52:10.186+0600][8.812s][info][gc,stats    ]   Rebuild Free Set                   23 us
[2026-04-03T02:52:10.186+0600][8.812s][info][gc,stats    ] Concurrent Thread Roots             937 us, parallelism: 2.05x
[2026-04-03T02:52:10.186+0600][8.812s][info][gc,stats    ]   CTR: <total>                     1923 us
[2026-04-03T02:52:10.186+0600][8.812s][info][gc,stats    ]   CTR: Thread Roots                1923 us, workers (us): 753, 598, 571, ---, ---, ---, 
[2026-04-03T02:52:10.186+0600][8.812s][info][gc,stats    ] Concurrent Weak References          720 us, parallelism: 0.82x
[2026-04-03T02:52:10.186+0600][8.812s][info][gc,stats    ]   CWRF: <total>                     588 us
[2026-04-03T02:52:10.186+0600][8.812s][info][gc,stats    ]   CWRF: Weak References             588 us, workers (us):  96, 397,  95, ---, ---, ---, 
[2026-04-03T02:52:10.186+0600][8.812s][info][gc,stats    ] Concurrent Weak Roots              1952 us
[2026-04-03T02:52:10.186+0600][8.812s][info][gc,stats    ]   Roots                            1698 us, parallelism: 2.39x
[2026-04-03T02:52:10.186+0600][8.812s][info][gc,stats    ]     CWR: <total>                   4063 us
[2026-04-03T02:52:10.186+0600][8.812s][info][gc,stats    ]     CWR: Code Cache Roots          1831 us, workers (us): 507, 651, 673, ---, ---, ---, 
[2026-04-03T02:52:10.186+0600][8.812s][info][gc,stats    ]     CWR: VM Weak Roots             2203 us, workers (us): 805, 703, 696, ---, ---, ---, 
[2026-04-03T02:52:10.186+0600][8.812s][info][gc,stats    ]     CWR: CLDG Roots                  28 us, workers (us):  28, ---, ---, ---, ---, ---, 
[2026-04-03T02:52:10.186+0600][8.812s][info][gc,stats    ]   Rendezvous                        177 us
[2026-04-03T02:52:10.186+0600][8.812s][info][gc,stats    ] Concurrent Cleanup                  416 us
[2026-04-03T02:52:10.186+0600][8.812s][info][gc,stats    ] Concurrent Class Unloading         3007 us
[2026-04-03T02:52:10.186+0600][8.812s][info][gc,stats    ]   Unlink Stale                     2390 us
[2026-04-03T02:52:10.186+0600][8.812s][info][gc,stats    ]     System Dictionary                33 us
[2026-04-03T02:52:10.186+0600][8.812s][info][gc,stats    ]     Weak Class Links                  0 us
[2026-04-03T02:52:10.186+0600][8.812s][info][gc,stats    ]     Code Roots                     2353 us
[2026-04-03T02:52:10.186+0600][8.812s][info][gc,stats    ]   Rendezvous                        188 us
[2026-04-03T02:52:10.186+0600][8.812s][info][gc,stats    ]   Purge Unlinked                    333 us
[2026-04-03T02:52:10.186+0600][8.813s][info][gc,stats    ]     Code Roots                      324 us
[2026-04-03T02:52:10.186+0600][8.813s][info][gc,stats    ]     CLDG                              8 us
[2026-04-03T02:52:10.186+0600][8.813s][info][gc,stats    ]     Exception Caches                  1 us
[2026-04-03T02:52:10.186+0600][8.813s][info][gc,stats    ] Concurrent Strong Roots             983 us, parallelism: 0.83x
[2026-04-03T02:52:10.186+0600][8.813s][info][gc,stats    ]   CSR: <total>                      817 us
[2026-04-03T02:52:10.186+0600][8.813s][info][gc,stats    ]   CSR: VM Strong Roots               59 us, workers (us):  30,  29,   1, ---, ---, ---, 
[2026-04-03T02:52:10.186+0600][8.813s][info][gc,stats    ]   CSR: CLDG Roots                   758 us, workers (us): ---, ---, 758, ---, ---, ---, 
[2026-04-03T02:52:10.186+0600][8.813s][info][gc,stats    ] Concurrent Evacuation              4740 us
[2026-04-03T02:52:10.186+0600][8.813s][info][gc,stats    ] Pause Init Update Refs (G)          315 us
[2026-04-03T02:52:10.186+0600][8.813s][info][gc,stats    ] Pause Init Update Refs (N)           97 us
[2026-04-03T02:52:10.186+0600][8.813s][info][gc,stats    ]   Manage GCLABs                      11 us
[2026-04-03T02:52:10.186+0600][8.813s][info][gc,stats    ] Concurrent Update Refs             8417 us
[2026-04-03T02:52:10.186+0600][8.813s][info][gc,stats    ] Concurrent Update Thread Roots      523 us
[2026-04-03T02:52:10.186+0600][8.813s][info][gc,stats    ] Pause Final Update Refs (G)         444 us
[2026-04-03T02:52:10.186+0600][8.813s][info][gc,stats    ] Pause Final Update Refs (N)         163 us
[2026-04-03T02:52:10.186+0600][8.813s][info][gc,stats    ]   Update Region States               35 us
[2026-04-03T02:52:10.186+0600][8.813s][info][gc,stats    ]   Trash Collection Set               13 us
[2026-04-03T02:52:10.186+0600][8.813s][info][gc,stats    ]   Rebuild Free Set                   27 us
[2026-04-03T02:52:10.186+0600][8.813s][info][gc,stats    ] Concurrent Cleanup                  449 us
[2026-04-03T02:52:10.186+0600][8.813s][info][gc,stats    ] 
[2026-04-03T02:52:10.186+0600][8.813s][info][gc,stats    ] Allocation pacing accrued:
[2026-04-03T02:52:10.186+0600][8.813s][info][gc,stats    ]       0 of  2035 ms (  0.0%): <total>
[2026-04-03T02:52:10.186+0600][8.813s][info][gc,stats    ]       0 of  2035 ms (  0.0%): <average total>
[2026-04-03T02:52:10.186+0600][8.813s][info][gc,stats    ] 
[2026-04-03T02:52:10.186+0600][8.813s][info][gc,metaspace] Metaspace: 46766K(47232K)->46908K(47360K) NonClass: 40962K(41216K)->41074K(41344K) Class: 5804K(6016K)->5834K(6016K)
[2026-04-03T02:52:10.186+0600][8.813s][info][gc,ergo     ] Pacer for Idle. Initial: 10240K, Alloc Tax Rate: 1.0x
[2026-04-03T02:52:11.295+0600][9.921s][info][gc          ] Trigger: Free (50794K) is below minimum threshold (51200K)
[2026-04-03T02:52:11.295+0600][9.921s][info][gc,ergo     ] Free: 50794K, Max: 256K regular, 50688K humongous, Frag: 0% external, 1% internal; Reserve: 25600K, Max: 256K
[2026-04-03T02:52:11.295+0600][9.921s][info][gc,start    ] GC(5) Concurrent reset
[2026-04-03T02:52:11.295+0600][9.921s][info][gc,task     ] GC(5) Using 3 of 6 workers for concurrent reset
[2026-04-03T02:52:11.295+0600][9.921s][info][gc,ergo     ] GC(5) Pacer for Reset. Non-Taxable: 500M
[2026-04-03T02:52:11.296+0600][9.922s][info][gc          ] GC(5) Concurrent reset 0.954ms
[2026-04-03T02:52:11.319+0600][9.945s][info][gc,start    ] GC(5) Pause Init Mark (unload classes)
[2026-04-03T02:52:11.319+0600][9.945s][info][gc,task     ] GC(5) Using 6 of 6 workers for init marking
[2026-04-03T02:52:11.319+0600][9.945s][info][gc,ergo     ] GC(5) Pacer for Mark. Expected Live: 14331K, Free: 41066K, Non-Taxable: 4106K, Alloc Tax Rate: 0.4x
[2026-04-03T02:52:11.319+0600][9.945s][info][gc          ] GC(5) Pause Init Mark (unload classes) 0.078ms
[2026-04-03T02:52:11.319+0600][9.945s][info][gc,start    ] GC(5) Concurrent marking roots
[2026-04-03T02:52:11.319+0600][9.945s][info][gc,task     ] GC(5) Using 3 of 6 workers for concurrent marking roots
[2026-04-03T02:52:11.319+0600][9.946s][info][gc          ] GC(5) Concurrent marking roots 0.550ms
[2026-04-03T02:52:11.319+0600][9.946s][info][gc,start    ] GC(5) Concurrent marking (unload classes)
[2026-04-03T02:52:11.319+0600][9.946s][info][gc,task     ] GC(5) Using 3 of 6 workers for concurrent marking
[2026-04-03T02:52:12.498+0600][11.124s][info][gc          ] Failed to allocate TLAB, 256K
[2026-04-03T02:52:12.498+0600][11.124s][info][gc          ] Cancelling GC: Allocation Failure
[2026-04-03T02:52:12.498+0600][11.125s][info][gc          ] GC(5) Concurrent marking (unload classes) 1178.982ms
[2026-04-03T02:52:12.499+0600][11.125s][info][gc,ergo     ] Free: 0B, Max: 0B regular, 0B humongous, Frag: 0% external, 0% internal; Reserve: 25600K, Max: 256K
[2026-04-03T02:52:12.499+0600][11.125s][info][gc,stats    ] 
[2026-04-03T02:52:12.499+0600][11.125s][info][gc,stats    ] All times are wall-clock times, except per-root-class counters, that are sum over
[2026-04-03T02:52:12.499+0600][11.125s][info][gc,stats    ] all workers. Dividing the <total> over the root stage time estimates parallelism.
[2026-04-03T02:52:12.499+0600][11.125s][info][gc,stats    ] 
[2026-04-03T02:52:12.499+0600][11.125s][info][gc,stats    ] Concurrent Reset                  23423 us
[2026-04-03T02:52:12.499+0600][11.125s][info][gc,stats    ] Pause Init Mark (G)                 361 us
[2026-04-03T02:52:12.499+0600][11.125s][info][gc,stats    ] Pause Init Mark (N)                  83 us
[2026-04-03T02:52:12.499+0600][11.125s][info][gc,stats    ]   Update Region States               17 us
[2026-04-03T02:52:12.499+0600][11.125s][info][gc,stats    ] Concurrent Mark Roots               578 us, parallelism: 1.35x
[2026-04-03T02:52:12.499+0600][11.125s][info][gc,stats    ]   CMR: <total>                      783 us
[2026-04-03T02:52:12.499+0600][11.125s][info][gc,stats    ]   CMR: Thread Roots                 602 us, workers (us): 111, 233, 258, ---, ---, ---, 
[2026-04-03T02:52:12.499+0600][11.125s][info][gc,stats    ]   CMR: VM Strong Roots               46 us, workers (us):  45,   0,   0, ---, ---, ---, 
[2026-04-03T02:52:12.499+0600][11.125s][info][gc,stats    ]   CMR: CLDG Roots                   134 us, workers (us): 134, ---, ---, ---, ---, ---, 
[2026-04-03T02:52:12.499+0600][11.125s][info][gc,stats    ] Concurrent Marking              1179046 us
[2026-04-03T02:52:12.499+0600][11.125s][info][gc,stats    ] Pacing                          1067959 us
[2026-04-03T02:52:12.499+0600][11.125s][info][gc,stats    ] 
[2026-04-03T02:52:12.499+0600][11.125s][info][gc,stats    ] Allocation pacing accrued:
[2026-04-03T02:52:12.499+0600][11.125s][info][gc,stats    ]    1045 of  2312 ms ( 45.2%): main
[2026-04-03T02:52:12.499+0600][11.125s][info][gc,stats    ]      11 of  2312 ms (  0.5%): RemoteBlock-temp-file-clean-thread
[2026-04-03T02:52:12.499+0600][11.125s][info][gc,stats    ]      11 of  2312 ms (  0.5%): Spark Context Cleaner
[2026-04-03T02:52:12.499+0600][11.125s][info][gc,stats    ]    1068 of  2312 ms ( 46.2%): <total>
[2026-04-03T02:52:12.499+0600][11.125s][info][gc,stats    ]      18 of  2312 ms (  0.8%): <average total>
[2026-04-03T02:52:12.499+0600][11.125s][info][gc,stats    ]     356 of  2312 ms ( 15.4%): <average non-zero>
[2026-04-03T02:52:12.499+0600][11.125s][info][gc,stats    ] 
[2026-04-03T02:52:12.499+0600][11.125s][info][gc,metaspace] Metaspace: 49138K(49664K)->49138K(49664K) NonClass: 43005K(43328K)->43005K(43328K) Class: 6132K(6336K)->6132K(6336K)
[2026-04-03T02:52:12.499+0600][11.125s][info][gc,ergo     ] Pacer for Idle. Initial: 10240K, Alloc Tax Rate: 1.0x
[2026-04-03T02:52:12.500+0600][11.126s][info][gc          ] Trigger: Handle Allocation Failure
[2026-04-03T02:52:12.500+0600][11.126s][info][gc,ergo     ] Free: 0B, Max: 0B regular, 0B humongous, Frag: 0% external, 0% internal; Reserve: 25600K, Max: 256K
[2026-04-03T02:52:12.500+0600][11.126s][info][gc,start    ] GC(6) Pause Degenerated GC (Mark)
[2026-04-03T02:52:12.500+0600][11.126s][info][gc,task     ] GC(6) Using 6 of 6 workers for stw degenerated gc
[2026-04-03T02:52:13.075+0600][11.702s][info][gc,ref      ] GC(6) Encountered references: Soft: 3981, Weak: 2952, Final: 74, Phantom: 585
[2026-04-03T02:52:13.075+0600][11.702s][info][gc,ref      ] GC(6) Discovered  references: Soft: 0, Weak: 299, Final: 0, Phantom: 579
[2026-04-03T02:52:13.075+0600][11.702s][info][gc,ref      ] GC(6) Enqueued    references: Soft: 0, Weak: 202, Final: 0, Phantom: 0
[2026-04-03T02:52:13.078+0600][11.705s][info][gc,ergo     ] GC(6) Adaptive CSet Selection. Target Free: 72533K, Actual Free: 30044K, Max CSet: 21333K, Min Garbage: 42489K
[2026-04-03T02:52:13.079+0600][11.705s][info][gc,ergo     ] GC(6) Collectable Garbage: 26451K (78%), Immediate: 4444K (13%), CSet: 22007K (65%)
[2026-04-03T02:52:13.191+0600][11.817s][info][gc,ergo     ] GC(6) Good progress for free space: 25089K, need 5120K
[2026-04-03T02:52:13.191+0600][11.817s][info][gc,ergo     ] GC(6) Good progress for used space: 24684K, need 256K
[2026-04-03T02:52:13.191+0600][11.817s][info][gc          ] GC(6) Pause Degenerated GC (Mark) 473M->449M(497M) 690.923ms
[2026-04-03T02:52:13.191+0600][11.818s][info][gc,ergo     ] Free: 25064K, Max: 256K regular, 17664K humongous, Frag: 29% external, 2% internal; Reserve: 25600K, Max: 256K
[2026-04-03T02:52:13.191+0600][11.818s][info][gc,stats    ] 
[2026-04-03T02:52:13.191+0600][11.818s][info][gc,stats    ] All times are wall-clock times, except per-root-class counters, that are sum over
[2026-04-03T02:52:13.191+0600][11.818s][info][gc,stats    ] all workers. Dividing the <total> over the root stage time estimates parallelism.
[2026-04-03T02:52:13.191+0600][11.818s][info][gc,stats    ] 
[2026-04-03T02:52:13.191+0600][11.818s][info][gc,stats    ]   Finish Mark                    574862 us
[2026-04-03T02:52:13.191+0600][11.818s][info][gc,stats    ] Pause Degenerated GC (G)         691323 us
[2026-04-03T02:52:13.191+0600][11.818s][info][gc,stats    ] Pause Degenerated GC (N)         690936 us
[2026-04-03T02:52:13.191+0600][11.818s][info][gc,stats    ]     System Purge                   3364 us
[2026-04-03T02:52:13.191+0600][11.818s][info][gc,stats    ]       Weak References               400 us, parallelism: 0.41x
[2026-04-03T02:52:13.191+0600][11.818s][info][gc,stats    ]         WRP: <total>                165 us
[2026-04-03T02:52:13.191+0600][11.818s][info][gc,stats    ]         WRP: Weak References        165 us, workers (us):  71,  73,  18,   1,   1,   0, 
[2026-04-03T02:52:13.192+0600][11.818s][info][gc,stats    ]       Unload Classes               2062 us, parallelism: 4.98x
[2026-04-03T02:52:13.192+0600][11.818s][info][gc,stats    ]         DCU: <total>              10274 us
[2026-04-03T02:52:13.192+0600][11.818s][info][gc,stats    ]         DCU: Unload Code Caches    10274 us, workers (us): 1736, 1678, 1681, 1763, 1708, 1709, 
[2026-04-03T02:52:13.192+0600][11.818s][info][gc,stats    ]       Weak Roots                    316 us, parallelism: 2.10x
[2026-04-03T02:52:13.192+0600][11.818s][info][gc,stats    ]         DWR: <total>                663 us
[2026-04-03T02:52:13.192+0600][11.818s][info][gc,stats    ]         DWR: VM Weak Roots          663 us, workers (us): 126, 124, 121, 103, 103,  86, 
[2026-04-03T02:52:13.192+0600][11.818s][info][gc,stats    ]       CLDG                          217 us
[2026-04-03T02:52:13.192+0600][11.818s][info][gc,stats    ]   Update Region States               34 us
[2026-04-03T02:52:13.192+0600][11.818s][info][gc,stats    ]   Manage GC/TLABs                    10 us
[2026-04-03T02:52:13.192+0600][11.818s][info][gc,stats    ]   Choose Collection Set             477 us
[2026-04-03T02:52:13.192+0600][11.818s][info][gc,stats    ]   Rebuild Free Set                   27 us
[2026-04-03T02:52:13.192+0600][11.818s][info][gc,stats    ]   Evacuation                      12118 us
[2026-04-03T02:52:13.192+0600][11.818s][info][gc,stats    ]   Manage GCLABs                      29 us
[2026-04-03T02:52:13.192+0600][11.818s][info][gc,stats    ]   Update References               96403 us
[2026-04-03T02:52:13.192+0600][11.818s][info][gc,stats    ]   Update Region States               51 us
[2026-04-03T02:52:13.192+0600][11.818s][info][gc,stats    ]   Trash Collection Set               12 us
[2026-04-03T02:52:13.192+0600][11.818s][info][gc,stats    ]   Rebuild Free Set                   34 us
[2026-04-03T02:52:13.192+0600][11.818s][info][gc,stats    ]   Degen Update Roots               1847 us, parallelism: 4.97x
[2026-04-03T02:52:13.192+0600][11.818s][info][gc,stats    ]     DU: <total>                    9182 us
[2026-04-03T02:52:13.192+0600][11.818s][info][gc,stats    ]     DU: Thread Roots                613 us, workers (us): 122, 218,  88, 144,   2,  38, 
[2026-04-03T02:52:13.192+0600][11.818s][info][gc,stats    ]     DU: Code Cache Roots           6937 us, workers (us): 1145, 1060, 1183, 1056, 1376, 1116, 
[2026-04-03T02:52:13.192+0600][11.818s][info][gc,stats    ]     DU: VM Strong Roots              19 us, workers (us):  10,   6,   1,   1,   0,   0, 
[2026-04-03T02:52:13.192+0600][11.818s][info][gc,stats    ]     DU: VM Weak Roots               729 us, workers (us): 140, 139, 139, 136,  87,  88, 
[2026-04-03T02:52:13.192+0600][11.818s][info][gc,stats    ]     DU: CLDG Roots                  884 us, workers (us): 117, 110, 110, 180, 114, 252, 
[2026-04-03T02:52:13.192+0600][11.818s][info][gc,stats    ]   Cleanup                           368 us
[2026-04-03T02:52:13.192+0600][11.818s][info][gc,stats    ] 
[2026-04-03T02:52:13.192+0600][11.818s][info][gc,stats    ] Allocation pacing accrued:
[2026-04-03T02:52:13.192+0600][11.818s][info][gc,stats    ]       0 of   693 ms (  0.0%): <total>
[2026-04-03T02:52:13.192+0600][11.818s][info][gc,stats    ]       0 of   693 ms (  0.0%): <average total>
[2026-04-03T02:52:13.192+0600][11.818s][info][gc,stats    ] 
[2026-04-03T02:52:13.192+0600][11.818s][info][gc,metaspace] Metaspace: 49138K(49664K)->49138K(49664K) NonClass: 43005K(43328K)->43005K(43328K) Class: 6132K(6336K)->6132K(6336K)
[2026-04-03T02:52:13.192+0600][11.818s][info][gc,ergo     ] Pacer for Idle. Initial: 10240K, Alloc Tax Rate: 1.0x
[2026-04-03T02:52:13.193+0600][11.819s][info][gc          ] Trigger: Free (24321K) is below minimum threshold (51200K)
[2026-04-03T02:52:13.193+0600][11.820s][info][gc,ergo     ] Free: 24321K, Max: 256K regular, 17664K humongous, Frag: 28% external, 2% internal; Reserve: 25600K, Max: 256K
[2026-04-03T02:52:13.193+0600][11.820s][info][gc,start    ] GC(7) Concurrent reset
[2026-04-03T02:52:13.193+0600][11.820s][info][gc,task     ] GC(7) Using 3 of 6 workers for concurrent reset
[2026-04-03T02:52:13.193+0600][11.820s][info][gc,ergo     ] GC(7) Pacer for Reset. Non-Taxable: 500M
[2026-04-03T02:52:13.195+0600][11.821s][info][gc          ] GC(7) Concurrent reset 1.318ms
[2026-04-03T02:52:13.195+0600][11.821s][info][gc,start    ] GC(7) Pause Init Mark (unload classes)
[2026-04-03T02:52:13.195+0600][11.821s][info][gc,task     ] GC(7) Using 6 of 6 workers for init marking
[2026-04-03T02:52:13.195+0600][11.821s][info][gc,ergo     ] GC(7) Pacer for Mark. Expected Live: 95668K, Free: 23809K, Non-Taxable: 2380K, Alloc Tax Rate: 4.9x
[2026-04-03T02:52:13.195+0600][11.821s][info][gc          ] GC(7) Pause Init Mark (unload classes) 0.138ms
[2026-04-03T02:52:13.195+0600][11.821s][info][gc,start    ] GC(7) Concurrent marking roots
[2026-04-03T02:52:13.195+0600][11.821s][info][gc,task     ] GC(7) Using 3 of 6 workers for concurrent marking roots
[2026-04-03T02:52:13.196+0600][11.822s][info][gc          ] GC(7) Concurrent marking roots 0.712ms
[2026-04-03T02:52:13.196+0600][11.822s][info][gc,start    ] GC(7) Concurrent marking (unload classes)
[2026-04-03T02:52:13.196+0600][11.822s][info][gc,task     ] GC(7) Using 3 of 6 workers for concurrent marking
[2026-04-03T02:52:14.162+0600][12.788s][info][gc          ] Failed to allocate TLAB, 256K
[2026-04-03T02:52:14.162+0600][12.788s][info][gc          ] Cancelling GC: Allocation Failure
[2026-04-03T02:52:14.162+0600][12.789s][info][gc          ] GC(7) Concurrent marking (unload classes) 966.545ms
[2026-04-03T02:52:14.163+0600][12.789s][info][gc,ergo     ] Free: 0B, Max: 0B regular, 0B humongous, Frag: 0% external, 0% internal; Reserve: 25600K, Max: 256K
[2026-04-03T02:52:14.163+0600][12.789s][info][gc,stats    ] 
[2026-04-03T02:52:14.163+0600][12.789s][info][gc,stats    ] All times are wall-clock times, except per-root-class counters, that are sum over
[2026-04-03T02:52:14.163+0600][12.789s][info][gc,stats    ] all workers. Dividing the <total> over the root stage time estimates parallelism.
[2026-04-03T02:52:14.163+0600][12.789s][info][gc,stats    ] 
[2026-04-03T02:52:14.163+0600][12.789s][info][gc,stats    ] Concurrent Reset                   1373 us
[2026-04-03T02:52:14.163+0600][12.789s][info][gc,stats    ] Pause Init Mark (G)                 524 us
[2026-04-03T02:52:14.163+0600][12.789s][info][gc,stats    ] Pause Init Mark (N)                 147 us
[2026-04-03T02:52:14.163+0600][12.789s][info][gc,stats    ]   Update Region States               25 us
[2026-04-03T02:52:14.163+0600][12.789s][info][gc,stats    ] Concurrent Mark Roots               764 us, parallelism: 1.59x
[2026-04-03T02:52:14.163+0600][12.789s][info][gc,stats    ]   CMR: <total>                     1213 us
[2026-04-03T02:52:14.163+0600][12.789s][info][gc,stats    ]   CMR: Thread Roots                 770 us, workers (us): 331,  98, 341, ---, ---, ---, 
[2026-04-03T02:52:14.163+0600][12.789s][info][gc,stats    ]   CMR: VM Strong Roots              203 us, workers (us): 123,  79,   1, ---, ---, ---, 
[2026-04-03T02:52:14.163+0600][12.789s][info][gc,stats    ]   CMR: CLDG Roots                   239 us, workers (us): ---, 239, ---, ---, ---, ---, 
[2026-04-03T02:52:14.163+0600][12.789s][info][gc,stats    ] Concurrent Marking               966638 us
[2026-04-03T02:52:14.163+0600][12.789s][info][gc,stats    ] Pacing                           914097 us
[2026-04-03T02:52:14.163+0600][12.789s][info][gc,stats    ] 
[2026-04-03T02:52:14.163+0600][12.789s][info][gc,stats    ] Allocation pacing accrued:
[2026-04-03T02:52:14.163+0600][12.789s][info][gc,stats    ]     903 of   971 ms ( 93.0%): main
[2026-04-03T02:52:14.163+0600][12.789s][info][gc,stats    ]      11 of   971 ms (  1.1%): Spark Context Cleaner
[2026-04-03T02:52:14.163+0600][12.789s][info][gc,stats    ]     914 of   971 ms ( 94.1%): <total>
[2026-04-03T02:52:14.163+0600][12.789s][info][gc,stats    ]      15 of   971 ms (  1.6%): <average total>
[2026-04-03T02:52:14.163+0600][12.789s][info][gc,stats    ]     457 of   971 ms ( 47.1%): <average non-zero>
[2026-04-03T02:52:14.163+0600][12.789s][info][gc,stats    ] 
[2026-04-03T02:52:14.163+0600][12.789s][info][gc,metaspace] Metaspace: 49138K(49664K)->49138K(49664K) NonClass: 43005K(43328K)->43005K(43328K) Class: 6132K(6336K)->6132K(6336K)
[2026-04-03T02:52:14.163+0600][12.789s][info][gc,ergo     ] Pacer for Idle. Initial: 10240K, Alloc Tax Rate: 1.0x
[2026-04-03T02:52:14.164+0600][12.790s][info][gc          ] Trigger: Handle Allocation Failure
[2026-04-03T02:52:14.164+0600][12.790s][info][gc,ergo     ] Free: 0B, Max: 0B regular, 0B humongous, Frag: 0% external, 0% internal; Reserve: 25600K, Max: 256K
[2026-04-03T02:52:14.164+0600][12.791s][info][gc,start    ] GC(8) Pause Degenerated GC (Mark)
[2026-04-03T02:52:14.164+0600][12.791s][info][gc,task     ] GC(8) Using 6 of 6 workers for stw degenerated gc
[2026-04-03T02:52:15.823+0600][14.449s][info][gc,ref      ] GC(8) Encountered references: Soft: 3981, Weak: 2750, Final: 74, Phantom: 585
[2026-04-03T02:52:15.823+0600][14.449s][info][gc,ref      ] GC(8) Discovered  references: Soft: 0, Weak: 737, Final: 0, Phantom: 261
[2026-04-03T02:52:15.823+0600][14.449s][info][gc,ref      ] GC(8) Enqueued    references: Soft: 0, Weak: 0, Final: 0, Phantom: 0
[2026-04-03T02:52:15.825+0600][14.451s][info][gc,ergo     ] GC(8) Adaptive CSet Selection. Target Free: 72533K, Actual Free: 25600K, Max CSet: 21333K, Min Garbage: 46933K
[2026-04-03T02:52:15.825+0600][14.452s][info][gc,ergo     ] GC(8) Collectable Garbage: 2269K (22%), Immediate: 0B (0%), CSet: 2269K (22%)
[2026-04-03T02:52:15.937+0600][14.563s][info][gc,ergo     ] GC(8) Bad progress for free space: 1025K, need 5120K
[2026-04-03T02:52:15.937+0600][14.563s][info][gc          ] GC(8) Cancelling GC: Upgrade To Full GC
[2026-04-03T02:52:15.938+0600][14.564s][info][gc,phases,start] GC(8) Phase 1: Mark live objects
[2026-04-03T02:52:15.938+0600][14.564s][info][gc,ref         ] GC(8) Clearing All SoftReferences
[2026-04-03T02:52:15.938+0600][14.565s][info][gc,ref         ] GC(8) Clearing All SoftReferences
[2026-04-03T02:52:19.959+0600][18.586s][info][gc,ref         ] GC(8) Encountered references: Soft: 3921, Weak: 2750, Final: 74, Phantom: 585
[2026-04-03T02:52:19.959+0600][18.586s][info][gc,ref         ] GC(8) Discovered  references: Soft: 1723, Weak: 1849, Final: 74, Phantom: 526
[2026-04-03T02:52:19.959+0600][18.586s][info][gc,ref         ] GC(8) Enqueued    references: Soft: 1498, Weak: 137, Final: 0, Phantom: 0
[2026-04-03T02:52:19.966+0600][18.592s][info][gc,phases      ] GC(8) Phase 1: Mark live objects 4027.772ms
[2026-04-03T02:52:19.966+0600][18.592s][info][gc,phases,start] GC(8) Phase 2: Compute new object addresses
[2026-04-03T02:52:20.056+0600][18.682s][info][gc,phases      ] GC(8) Phase 2: Compute new object addresses 90.171ms
[2026-04-03T02:52:20.056+0600][18.682s][info][gc,phases,start] GC(8) Phase 3: Adjust pointers
[2026-04-03T02:52:20.153+0600][18.779s][info][gc,phases      ] GC(8) Phase 3: Adjust pointers 96.943ms
[2026-04-03T02:52:20.153+0600][18.779s][info][gc,phases,start] GC(8) Phase 4: Move objects
[2026-04-03T02:52:20.260+0600][18.886s][info][gc,phases      ] GC(8) Phase 4: Move objects 106.673ms
[2026-04-03T02:52:20.260+0600][18.886s][info][gc,ergo        ] GC(8) Good progress for free space: 10985K, need 5120K
[2026-04-03T02:52:20.260+0600][18.886s][info][gc,ergo        ] GC(8) Good progress for used space: 9960K, need 256K
[2026-04-03T02:52:20.260+0600][18.887s][info][gc             ] GC(8) Pause Degenerated GC (Mark) 473M->463M(500M) 6095.879ms
[2026-04-03T02:52:20.260+0600][18.887s][info][gc,ergo        ] Free: 10985K, Max: 256K regular, 6912K humongous, Frag: 28% external, 97% internal; Reserve: 25600K, Max: 256K
[2026-04-03T02:52:20.260+0600][18.887s][info][gc,stats       ] 
[2026-04-03T02:52:20.260+0600][18.887s][info][gc,stats       ] All times are wall-clock times, except per-root-class counters, that are sum over
[2026-04-03T02:52:20.260+0600][18.887s][info][gc,stats       ] all workers. Dividing the <total> over the root stage time estimates parallelism.
[2026-04-03T02:52:20.260+0600][18.887s][info][gc,stats       ] 
[2026-04-03T02:52:20.260+0600][18.887s][info][gc,stats       ]   Finish Mark                   1658160 us
[2026-04-03T02:52:20.260+0600][18.887s][info][gc,stats       ] Pause Degenerated GC (G)        6096120 us
[2026-04-03T02:52:20.260+0600][18.887s][info][gc,stats       ] Pause Degenerated GC (N)        6095893 us
[2026-04-03T02:52:20.260+0600][18.887s][info][gc,stats       ]     System Purge                   2298 us
[2026-04-03T02:52:20.260+0600][18.887s][info][gc,stats       ]       Weak References               311 us, parallelism: 0.36x
[2026-04-03T02:52:20.260+0600][18.887s][info][gc,stats       ]         WRP: <total>                111 us
[2026-04-03T02:52:20.260+0600][18.887s][info][gc,stats       ]         WRP: Weak References        111 us, workers (us):   8, 101,   1,   1,   0,   0, 
[2026-04-03T02:52:20.260+0600][18.887s][info][gc,stats       ]       Unload Classes               1690 us, parallelism: 5.10x
[2026-04-03T02:52:20.260+0600][18.887s][info][gc,stats       ]         DCU: <total>               8613 us
[2026-04-03T02:52:20.260+0600][18.887s][info][gc,stats       ]         DCU: Unload Code Caches     8613 us, workers (us): 1465, 1436, 1459, 1429, 1429, 1397, 
[2026-04-03T02:52:20.260+0600][18.887s][info][gc,stats       ]       Weak Roots                    251 us, parallelism: 2.05x
[2026-04-03T02:52:20.260+0600][18.887s][info][gc,stats       ]         DWR: <total>                514 us
[2026-04-03T02:52:20.260+0600][18.887s][info][gc,stats       ]         DWR: VM Weak Roots          514 us, workers (us): 141,  89,  81,  81,  78,  44, 
[2026-04-03T02:52:20.260+0600][18.887s][info][gc,stats       ]       CLDG                            6 us
[2026-04-03T02:52:20.260+0600][18.887s][info][gc,stats       ]   Update Region States               39 us
[2026-04-03T02:52:20.260+0600][18.887s][info][gc,stats       ]   Manage GC/TLABs                    11 us
[2026-04-03T02:52:20.260+0600][18.887s][info][gc,stats       ]   Choose Collection Set             384 us
[2026-04-03T02:52:20.261+0600][18.887s][info][gc,stats       ]   Rebuild Free Set                   28 us
[2026-04-03T02:52:20.261+0600][18.887s][info][gc,stats       ]   Evacuation                       7913 us
[2026-04-03T02:52:20.261+0600][18.887s][info][gc,stats       ]   Manage GCLABs                      17 us
[2026-04-03T02:52:20.261+0600][18.887s][info][gc,stats       ]   Update References              100871 us
[2026-04-03T02:52:20.261+0600][18.887s][info][gc,stats       ]   Update Region States               66 us
[2026-04-03T02:52:20.261+0600][18.887s][info][gc,stats       ]   Trash Collection Set                8 us
[2026-04-03T02:52:20.261+0600][18.887s][info][gc,stats       ]   Rebuild Free Set                   25 us
[2026-04-03T02:52:20.261+0600][18.887s][info][gc,stats       ]   Degen Update Roots               1743 us, parallelism: 4.83x
[2026-04-03T02:52:20.261+0600][18.887s][info][gc,stats       ]     DU: <total>                    8427 us
[2026-04-03T02:52:20.261+0600][18.887s][info][gc,stats       ]     DU: Thread Roots                507 us, workers (us):   5,   3, 109, 190,  88, 112, 
[2026-04-03T02:52:20.261+0600][18.887s][info][gc,stats       ]     DU: Code Cache Roots           6372 us, workers (us): 1053, 1298, 1043, 970, 1063, 945, 
[2026-04-03T02:52:20.261+0600][18.887s][info][gc,stats       ]     DU: VM Strong Roots              15 us, workers (us):  10,   0,   1,   2,   1,   1, 
[2026-04-03T02:52:20.261+0600][18.887s][info][gc,stats       ]     DU: VM Weak Roots               786 us, workers (us): 215, 145, 125, 123,  89,  88, 
[2026-04-03T02:52:20.261+0600][18.887s][info][gc,stats       ]     DU: CLDG Roots                  747 us, workers (us): 191,  89,  90,  87,  98, 191, 
[2026-04-03T02:52:20.261+0600][18.887s][info][gc,stats       ]   Cleanup                           211 us
[2026-04-03T02:52:20.261+0600][18.887s][info][gc,stats       ]   Pre Heap Dump                       2 us
[2026-04-03T02:52:20.261+0600][18.887s][info][gc,stats       ]   Prepare                           954 us
[2026-04-03T02:52:20.261+0600][18.887s][info][gc,stats       ]   Mark                          4027708 us, parallelism: 5.99x
[2026-04-03T02:52:20.261+0600][18.887s][info][gc,stats       ]     FM: <total>                24119001 us
[2026-04-03T02:52:20.261+0600][18.887s][info][gc,stats       ]     FM: Thread Roots                668 us, workers (us): 178, 169,  93, 100,  89,  38, 
[2026-04-03T02:52:20.261+0600][18.887s][info][gc,stats       ]     FM: VM Strong Roots              23 us, workers (us):   4,   5,   0,   4,   4,   4, 
[2026-04-03T02:52:20.261+0600][18.887s][info][gc,stats       ]     FM: CLDG Roots                  338 us, workers (us):  34,  34, 158,  34,  40,  39, 
[2026-04-03T02:52:20.261+0600][18.887s][info][gc,stats       ]     FM: Parallel Mark          24117972 us, workers (us): 4019772, 4019664, 4019500, 4019772, 4019657, 4019606, 
[2026-04-03T02:52:20.261+0600][18.887s][info][gc,stats       ]     System Purge                   6805 us
[2026-04-03T02:52:20.261+0600][18.887s][info][gc,stats       ]       Weak References               554 us, parallelism: 1.52x
[2026-04-03T02:52:20.261+0600][18.887s][info][gc,stats       ]         WRP: <total>                844 us
[2026-04-03T02:52:20.261+0600][18.887s][info][gc,stats       ]         WRP: Weak References        844 us, workers (us): 280,  90, 417,  57,   0,   0, 
[2026-04-03T02:52:20.261+0600][18.887s][info][gc,stats       ]       Unload Classes               5939 us, parallelism: 5.51x
[2026-04-03T02:52:20.261+0600][18.887s][info][gc,stats       ]         CU: <total>               32717 us
[2026-04-03T02:52:20.261+0600][18.887s][info][gc,stats       ]         CU: Unload Code Caches     7516 us, workers (us): 1308, 1304, 1252, 1230, 1231, 1191, 
[2026-04-03T02:52:20.261+0600][18.887s][info][gc,stats       ]         CU: Unlink CLDs           25201 us, workers (us): 4198, 4183, 4233, 4200, 4194, 4194, 
[2026-04-03T02:52:20.261+0600][18.887s][info][gc,stats       ]       Weak Roots                    157 us, parallelism: 3.20x
[2026-04-03T02:52:20.261+0600][18.887s][info][gc,stats       ]         WR: <total>                 501 us
[2026-04-03T02:52:20.261+0600][18.887s][info][gc,stats       ]         WR: VM Weak Roots           501 us, workers (us): 126, 124, 119,  86,  31,  14, 
[2026-04-03T02:52:20.261+0600][18.887s][info][gc,stats       ]       CLDG                          140 us
[2026-04-03T02:52:20.261+0600][18.887s][info][gc,stats       ]   Calculate Addresses             90157 us
[2026-04-03T02:52:20.261+0600][18.887s][info][gc,stats       ]     Regular Objects               90084 us
[2026-04-03T02:52:20.261+0600][18.887s][info][gc,stats       ]     Humongous Objects                29 us
[2026-04-03T02:52:20.261+0600][18.887s][info][gc,stats       ]   Adjust Pointers                 96928 us
[2026-04-03T02:52:20.261+0600][18.887s][info][gc,stats       ]     FA: <total>                    7095 us
[2026-04-03T02:52:20.261+0600][18.887s][info][gc,stats       ]     FA: Thread Roots                439 us, workers (us): 114,   2, 131,  67,  90,  34, 
[2026-04-03T02:52:20.261+0600][18.887s][info][gc,stats       ]     FA: Code Cache Roots           5598 us, workers (us): 911, 1016, 889, 874, 924, 985, 
[2026-04-03T02:52:20.261+0600][18.887s][info][gc,stats       ]     FA: VM Strong Roots              22 us, workers (us):   4,   4,   4,   4,   3,   3, 
[2026-04-03T02:52:20.261+0600][18.887s][info][gc,stats       ]     FA: VM Weak Roots               581 us, workers (us):  98,  97,  96,  96,  98,  97, 
[2026-04-03T02:52:20.261+0600][18.887s][info][gc,stats       ]     FA: CLDG Roots                  454 us, workers (us):  48, 115,  51, 132,  59,  48, 
[2026-04-03T02:52:20.261+0600][18.887s][info][gc,stats       ]   Copy Objects                   106655 us
[2026-04-03T02:52:20.261+0600][18.887s][info][gc,stats       ]     Regular Objects              105585 us
[2026-04-03T02:52:20.261+0600][18.887s][info][gc,stats       ]     Humongous Objects                39 us
[2026-04-03T02:52:20.261+0600][18.887s][info][gc,stats       ]     Reset Complete Bitmap           773 us
[2026-04-03T02:52:20.261+0600][18.887s][info][gc,stats       ]     Rebuild Region Sets             254 us
[2026-04-03T02:52:20.261+0600][18.887s][info][gc,stats       ]   Post Heap Dump                      2 us
[2026-04-03T02:52:20.261+0600][18.887s][info][gc,stats       ] 
[2026-04-03T02:52:20.261+0600][18.887s][info][gc,stats       ] Allocation pacing accrued:
[2026-04-03T02:52:20.261+0600][18.887s][info][gc,stats       ]       0 of  6098 ms (  0.0%): <total>
[2026-04-03T02:52:20.261+0600][18.887s][info][gc,stats       ]       0 of  6098 ms (  0.0%): <average total>
[2026-04-03T02:52:20.261+0600][18.887s][info][gc,stats       ] 
[2026-04-03T02:52:20.261+0600][18.887s][info][gc,metaspace   ] Metaspace: 49138K(49664K)->49031K(49664K) NonClass: 43005K(43328K)->42929K(43328K) Class: 6132K(6336K)->6101K(6336K)
[2026-04-03T02:52:20.261+0600][18.887s][info][gc,ergo        ] Pacer for Idle. Initial: 10240K, Alloc Tax Rate: 1.0x
[2026-04-03T02:52:20.262+0600][18.888s][info][gc             ] Trigger: Free (10362K) is below minimum threshold (51200K)
[2026-04-03T02:52:20.262+0600][18.889s][info][gc,ergo        ] Free: 10344K, Max: 256K regular, 6912K humongous, Frag: 28% external, 96% internal; Reserve: 25600K, Max: 256K
[2026-04-03T02:52:20.262+0600][18.889s][info][gc,start       ] GC(9) Concurrent reset
[2026-04-03T02:52:20.262+0600][18.889s][info][gc,task        ] GC(9) Using 3 of 6 workers for concurrent reset
[2026-04-03T02:52:20.262+0600][18.889s][info][gc,ergo        ] GC(9) Pacer for Reset. Non-Taxable: 500M
[2026-04-03T02:52:20.263+0600][18.889s][info][gc             ] GC(9) Concurrent reset 0.364ms
[2026-04-03T02:52:20.263+0600][18.889s][info][gc,start       ] GC(9) Pause Init Mark (unload classes)
[2026-04-03T02:52:20.263+0600][18.889s][info][gc,task        ] GC(9) Using 6 of 6 workers for init marking
[2026-04-03T02:52:20.263+0600][18.889s][info][gc,ergo        ] GC(9) Pacer for Mark. Expected Live: 273M, Free: 10186K, Non-Taxable: 1018K, Alloc Tax Rate: 33.6x
[2026-04-03T02:52:20.263+0600][18.889s][info][gc             ] GC(9) Pause Init Mark (unload classes) 0.112ms
[2026-04-03T02:52:20.263+0600][18.889s][info][gc,start       ] GC(9) Concurrent marking roots
[2026-04-03T02:52:20.263+0600][18.889s][info][gc,task        ] GC(9) Using 3 of 6 workers for concurrent marking roots
[2026-04-03T02:52:20.264+0600][18.890s][info][gc             ] GC(9) Concurrent marking roots 0.619ms
[2026-04-03T02:52:20.264+0600][18.890s][info][gc,start       ] GC(9) Concurrent marking (unload classes)
[2026-04-03T02:52:20.264+0600][18.890s][info][gc,task        ] GC(9) Using 3 of 6 workers for concurrent marking
[2026-04-03T02:52:21.113+0600][19.739s][info][gc             ] Failed to allocate TLAB, 6312B
[2026-04-03T02:52:21.113+0600][19.739s][info][gc             ] Cancelling GC: Allocation Failure
[2026-04-03T02:52:21.114+0600][19.740s][info][gc             ] GC(9) Concurrent marking (unload classes) 849.933ms
[2026-04-03T02:52:21.114+0600][19.740s][info][gc,ergo        ] Free: 0B, Max: 0B regular, 0B humongous, Frag: 0% external, 0% internal; Reserve: 25600K, Max: 256K
[2026-04-03T02:52:21.114+0600][19.740s][info][gc,stats       ] 
[2026-04-03T02:52:21.114+0600][19.740s][info][gc,stats       ] All times are wall-clock times, except per-root-class counters, that are sum over
[2026-04-03T02:52:21.114+0600][19.740s][info][gc,stats       ] all workers. Dividing the <total> over the root stage time estimates parallelism.
[2026-04-03T02:52:21.114+0600][19.740s][info][gc,stats       ] 
[2026-04-03T02:52:21.114+0600][19.740s][info][gc,stats       ] Concurrent Reset                    403 us
[2026-04-03T02:52:21.114+0600][19.740s][info][gc,stats       ] Pause Init Mark (G)                 347 us
[2026-04-03T02:52:21.114+0600][19.740s][info][gc,stats       ] Pause Init Mark (N)                 121 us
[2026-04-03T02:52:21.114+0600][19.740s][info][gc,stats       ]   Update Region States               20 us
[2026-04-03T02:52:21.114+0600][19.740s][info][gc,stats       ] Concurrent Mark Roots               642 us, parallelism: 1.53x
[2026-04-03T02:52:21.114+0600][19.740s][info][gc,stats       ]   CMR: <total>                      981 us
[2026-04-03T02:52:21.114+0600][19.740s][info][gc,stats       ]   CMR: Thread Roots                 773 us, workers (us): 113, 396, 264, ---, ---, ---, 
[2026-04-03T02:52:21.114+0600][19.740s][info][gc,stats       ]   CMR: VM Strong Roots               26 us, workers (us):  21,   2,   2, ---, ---, ---, 
[2026-04-03T02:52:21.114+0600][19.740s][info][gc,stats       ]   CMR: CLDG Roots                   183 us, workers (us): 183, ---, ---, ---, ---, ---, 
[2026-04-03T02:52:21.114+0600][19.740s][info][gc,stats       ] Concurrent Marking               850159 us
[2026-04-03T02:52:21.114+0600][19.740s][info][gc,stats       ] Pacing                          1668567 us
[2026-04-03T02:52:21.114+0600][19.740s][info][gc,stats       ] 
[2026-04-03T02:52:21.114+0600][19.740s][info][gc,stats       ] Allocation pacing accrued:
[2026-04-03T02:52:21.114+0600][19.740s][info][gc,stats       ]     822 of   853 ms ( 96.4%): main
[2026-04-03T02:52:21.114+0600][19.740s][info][gc,stats       ]     835 of   853 ms ( 97.9%): driver-heartbeater
[2026-04-03T02:52:21.114+0600][19.740s][info][gc,stats       ]      11 of   853 ms (  1.3%): Spark Context Cleaner
[2026-04-03T02:52:21.114+0600][19.740s][info][gc,stats       ]    1669 of   853 ms (195.6%): <total>
[2026-04-03T02:52:21.114+0600][19.740s][info][gc,stats       ]      28 of   853 ms (  3.3%): <average total>
[2026-04-03T02:52:21.114+0600][19.740s][info][gc,stats       ]     556 of   853 ms ( 65.2%): <average non-zero>
[2026-04-03T02:52:21.114+0600][19.740s][info][gc,stats       ] 
[2026-04-03T02:52:21.114+0600][19.740s][info][gc,metaspace   ] Metaspace: 49035K(49664K)->49099K(49664K) NonClass: 42932K(43328K)->42986K(43328K) Class: 6103K(6336K)->6113K(6336K)
[2026-04-03T02:52:21.114+0600][19.740s][info][gc,ergo        ] Pacer for Idle. Initial: 10240K, Alloc Tax Rate: 1.0x
[2026-04-03T02:52:21.115+0600][19.742s][info][gc             ] Trigger: Handle Allocation Failure
[2026-04-03T02:52:21.115+0600][19.742s][info][gc,ergo        ] Free: 0B, Max: 0B regular, 0B humongous, Frag: 0% external, 0% internal; Reserve: 25600K, Max: 256K
[2026-04-03T02:52:21.115+0600][19.742s][info][gc,start       ] GC(10) Pause Degenerated GC (Mark)
[2026-04-03T02:52:21.116+0600][19.742s][info][gc,task        ] GC(10) Using 6 of 6 workers for stw degenerated gc
[2026-04-03T02:52:22.934+0600][21.561s][info][gc,ref         ] GC(10) Encountered references: Soft: 2424, Weak: 2618, Final: 74, Phantom: 585
[2026-04-03T02:52:22.934+0600][21.561s][info][gc,ref         ] GC(10) Discovered  references: Soft: 0, Weak: 124, Final: 0, Phantom: 580
[2026-04-03T02:52:22.934+0600][21.561s][info][gc,ref         ] GC(10) Enqueued    references: Soft: 0, Weak: 2, Final: 0, Phantom: 0
[2026-04-03T02:52:22.936+0600][21.563s][info][gc,ergo        ] GC(10) Adaptive CSet Selection. Target Free: 72533K, Actual Free: 25600K, Max CSet: 21333K, Min Garbage: 46933K
[2026-04-03T02:52:22.936+0600][21.563s][info][gc,ergo        ] GC(10) Collectable Garbage: 109K (100%), Immediate: 0B (0%), CSet: 109K (100%)
[2026-04-03T02:52:23.050+0600][21.677s][info][gc,ergo        ] GC(10) Bad progress for free space: 22968B, need 5120K
[2026-04-03T02:52:23.050+0600][21.677s][info][gc             ] GC(10) Cancelling GC: Upgrade To Full GC
[2026-04-03T02:52:23.051+0600][21.678s][info][gc,phases,start] GC(10) Phase 1: Mark live objects
[2026-04-03T02:52:23.051+0600][21.678s][info][gc,ref         ] GC(10) Clearing All SoftReferences
[2026-04-03T02:52:23.051+0600][21.678s][info][gc,ref         ] GC(10) Clearing All SoftReferences
[2026-04-03T02:52:27.230+0600][25.856s][info][gc,ref         ] GC(10) Encountered references: Soft: 2429, Weak: 2623, Final: 74, Phantom: 585
[2026-04-03T02:52:27.230+0600][25.856s][info][gc,ref         ] GC(10) Discovered  references: Soft: 233, Weak: 1813, Final: 74, Phantom: 580
[2026-04-03T02:52:27.230+0600][25.856s][info][gc,ref         ] GC(10) Enqueued    references: Soft: 6, Weak: 2, Final: 0, Phantom: 0
[2026-04-03T02:52:27.236+0600][25.863s][info][gc,phases      ] GC(10) Phase 1: Mark live objects 4185.196ms
[2026-04-03T02:52:27.236+0600][25.863s][info][gc,phases,start] GC(10) Phase 2: Compute new object addresses
[2026-04-03T02:52:27.323+0600][25.949s][info][gc,phases      ] GC(10) Phase 2: Compute new object addresses 86.372ms
[2026-04-03T02:52:27.323+0600][25.949s][info][gc,phases,start] GC(10) Phase 3: Adjust pointers
[2026-04-03T02:52:27.418+0600][26.044s][info][gc,phases      ] GC(10) Phase 3: Adjust pointers 94.923ms
[2026-04-03T02:52:27.418+0600][26.044s][info][gc,phases,start] GC(10) Phase 4: Move objects
[2026-04-03T02:52:27.513+0600][26.140s][info][gc,phases      ] GC(10) Phase 4: Move objects 95.481ms
[2026-04-03T02:52:27.514+0600][26.140s][info][gc,ergo        ] GC(10) Bad progress for free space: 585K, need 5120K
[2026-04-03T02:52:27.514+0600][26.140s][info][gc             ] GC(10) Pause Degenerated GC (Mark) 473M->473M(500M) 6398.301ms
[2026-04-03T02:52:27.514+0600][26.140s][info][gc,ergo        ] Free: 558K, Max: 138K regular, 0B humongous, Frag: 0% external, 99% internal; Reserve: 25600K, Max: 256K
[2026-04-03T02:52:27.514+0600][26.140s][info][gc,stats       ] 
[2026-04-03T02:52:27.514+0600][26.140s][info][gc,stats       ] All times are wall-clock times, except per-root-class counters, that are sum over
[2026-04-03T02:52:27.514+0600][26.140s][info][gc,stats       ] all workers. Dividing the <total> over the root stage time estimates parallelism.
[2026-04-03T02:52:27.514+0600][26.140s][info][gc,stats       ] 
[2026-04-03T02:52:27.514+0600][26.140s][info][gc,stats       ]   Finish Mark                   1818645 us
[2026-04-03T02:52:27.514+0600][26.140s][info][gc,stats       ] Pause Degenerated GC (G)        6398628 us
[2026-04-03T02:52:27.514+0600][26.140s][info][gc,stats       ] Pause Degenerated GC (N)        6398317 us
[2026-04-03T02:52:27.514+0600][26.140s][info][gc,stats       ]     System Purge                   2032 us
[2026-04-03T02:52:27.514+0600][26.140s][info][gc,stats       ]       Weak References               250 us, parallelism: 0.31x
[2026-04-03T02:52:27.514+0600][26.140s][info][gc,stats       ]         WRP: <total>                 77 us
[2026-04-03T02:52:27.514+0600][26.140s][info][gc,stats       ]         WRP: Weak References         77 us, workers (us):  58,  17,   2,   0,   0,   0, 
[2026-04-03T02:52:27.514+0600][26.141s][info][gc,stats       ]       Unload Classes               1554 us, parallelism: 5.54x
[2026-04-03T02:52:27.514+0600][26.141s][info][gc,stats       ]         DCU: <total>               8609 us
[2026-04-03T02:52:27.514+0600][26.141s][info][gc,stats       ]         DCU: Unload Code Caches     8609 us, workers (us): 1464, 1446, 1468, 1463, 1391, 1377, 
[2026-04-03T02:52:27.514+0600][26.141s][info][gc,stats       ]       Weak Roots                    150 us, parallelism: 3.45x
[2026-04-03T02:52:27.514+0600][26.141s][info][gc,stats       ]         DWR: <total>                516 us
[2026-04-03T02:52:27.514+0600][26.141s][info][gc,stats       ]         DWR: VM Weak Roots          516 us, workers (us): 109, 109, 106, 100,  66,  25, 
[2026-04-03T02:52:27.514+0600][26.141s][info][gc,stats       ]       CLDG                            3 us
[2026-04-03T02:52:27.514+0600][26.141s][info][gc,stats       ]   Update Region States               24 us
[2026-04-03T02:52:27.514+0600][26.141s][info][gc,stats       ]   Manage GC/TLABs                     8 us
[2026-04-03T02:52:27.514+0600][26.141s][info][gc,stats       ]   Choose Collection Set             195 us
[2026-04-03T02:52:27.514+0600][26.141s][info][gc,stats       ]   Rebuild Free Set                   27 us
[2026-04-03T02:52:27.514+0600][26.141s][info][gc,stats       ]   Evacuation                       6987 us
[2026-04-03T02:52:27.514+0600][26.141s][info][gc,stats       ]   Manage GCLABs                      34 us
[2026-04-03T02:52:27.514+0600][26.141s][info][gc,stats       ]   Update References              103643 us
[2026-04-03T02:52:27.514+0600][26.141s][info][gc,stats       ]   Update Region States               30 us
[2026-04-03T02:52:27.514+0600][26.141s][info][gc,stats       ]   Trash Collection Set                6 us
[2026-04-03T02:52:27.514+0600][26.141s][info][gc,stats       ]   Rebuild Free Set                   35 us
[2026-04-03T02:52:27.514+0600][26.141s][info][gc,stats       ]   Degen Update Roots               1717 us, parallelism: 4.87x
[2026-04-03T02:52:27.514+0600][26.141s][info][gc,stats       ]     DU: <total>                    8367 us
[2026-04-03T02:52:27.514+0600][26.141s][info][gc,stats       ]     DU: Thread Roots                708 us, workers (us):  43, 354,  74,  21,  35, 180, 
[2026-04-03T02:52:27.514+0600][26.141s][info][gc,stats       ]     DU: Code Cache Roots           6189 us, workers (us): 1103, 898, 1067, 1058, 1107, 956, 
[2026-04-03T02:52:27.514+0600][26.141s][info][gc,stats       ]     DU: VM Strong Roots              20 us, workers (us):  10,   7,   0,   1,   1,   1, 
[2026-04-03T02:52:27.514+0600][26.141s][info][gc,stats       ]     DU: VM Weak Roots               835 us, workers (us): 187, 186, 141, 136, 118,  68, 
[2026-04-03T02:52:27.514+0600][26.141s][info][gc,stats       ]     DU: CLDG Roots                  615 us, workers (us):  80, 151,  75, 149,  77,  83, 
[2026-04-03T02:52:27.514+0600][26.141s][info][gc,stats       ]   Cleanup                           288 us
[2026-04-03T02:52:27.514+0600][26.141s][info][gc,stats       ]   Pre Heap Dump                       1 us
[2026-04-03T02:52:27.514+0600][26.141s][info][gc,stats       ]   Prepare                           839 us
[2026-04-03T02:52:27.514+0600][26.141s][info][gc,stats       ]   Mark                          4185127 us, parallelism: 5.99x
[2026-04-03T02:52:27.514+0600][26.141s][info][gc,stats       ]     FM: <total>                25061506 us
[2026-04-03T02:52:27.514+0600][26.141s][info][gc,stats       ]     FM: Thread Roots                680 us, workers (us): 181, 185, 118,  69,  66,  62, 
[2026-04-03T02:52:27.514+0600][26.141s][info][gc,stats       ]     FM: VM Strong Roots              22 us, workers (us):   0,   0,   7,   6,   5,   5, 
[2026-04-03T02:52:27.514+0600][26.141s][info][gc,stats       ]     FM: CLDG Roots                  263 us, workers (us): 142,   7,  28,  28,  27,  31, 
[2026-04-03T02:52:27.514+0600][26.141s][info][gc,stats       ]     FM: Parallel Mark          25060542 us, workers (us): 4176641, 4176817, 4176724, 4176727, 4176750, 4176884, 
[2026-04-03T02:52:27.514+0600][26.141s][info][gc,stats       ]     System Purge                   6929 us
[2026-04-03T02:52:27.514+0600][26.141s][info][gc,stats       ]       Weak References               486 us, parallelism: 1.14x
[2026-04-03T02:52:27.514+0600][26.141s][info][gc,stats       ]         WRP: <total>                555 us
[2026-04-03T02:52:27.514+0600][26.141s][info][gc,stats       ]         WRP: Weak References        555 us, workers (us):  80, 331, 143,   1,   0,   0, 
[2026-04-03T02:52:27.514+0600][26.141s][info][gc,stats       ]       Unload Classes               6144 us, parallelism: 5.51x
[2026-04-03T02:52:27.514+0600][26.141s][info][gc,stats       ]         CU: <total>               33862 us
[2026-04-03T02:52:27.514+0600][26.141s][info][gc,stats       ]         CU: Unload Code Caches     8240 us, workers (us): 1456, 1400, 1400, 1336, 1328, 1320, 
[2026-04-03T02:52:27.514+0600][26.141s][info][gc,stats       ]         CU: Unlink CLDs           25622 us, workers (us): 4268, 4297, 4250, 4257, 4285, 4266, 
[2026-04-03T02:52:27.514+0600][26.141s][info][gc,stats       ]       Weak Roots                    210 us, parallelism: 2.32x
[2026-04-03T02:52:27.514+0600][26.141s][info][gc,stats       ]         WR: <total>                 486 us
[2026-04-03T02:52:27.515+0600][26.141s][info][gc,stats       ]         WR: VM Weak Roots           486 us, workers (us): 166,  94,  94,  48,  42,  42, 
[2026-04-03T02:52:27.515+0600][26.141s][info][gc,stats       ]       CLDG                           25 us
[2026-04-03T02:52:27.515+0600][26.141s][info][gc,stats       ]   Calculate Addresses             86362 us
[2026-04-03T02:52:27.515+0600][26.141s][info][gc,stats       ]     Regular Objects               86288 us
[2026-04-03T02:52:27.515+0600][26.141s][info][gc,stats       ]     Humongous Objects                32 us
[2026-04-03T02:52:27.515+0600][26.141s][info][gc,stats       ]   Adjust Pointers                 94911 us
[2026-04-03T02:52:27.515+0600][26.141s][info][gc,stats       ]     FA: <total>                    7203 us
[2026-04-03T02:52:27.515+0600][26.141s][info][gc,stats       ]     FA: Thread Roots                509 us, workers (us):  76,  62,  62,  41,  83, 185, 
[2026-04-03T02:52:27.515+0600][26.141s][info][gc,stats       ]     FA: Code Cache Roots           5603 us, workers (us): 880, 980, 978, 986, 902, 876, 
[2026-04-03T02:52:27.515+0600][26.141s][info][gc,stats       ]     FA: VM Strong Roots              17 us, workers (us):  13,   1,   1,   1,   1,   1, 
[2026-04-03T02:52:27.515+0600][26.141s][info][gc,stats       ]     FA: VM Weak Roots               564 us, workers (us): 149, 100,  99,  84,  80,  53, 
[2026-04-03T02:52:27.515+0600][26.141s][info][gc,stats       ]     FA: CLDG Roots                  510 us, workers (us): 146,  59,  58,  73, 117,  57, 
[2026-04-03T02:52:27.515+0600][26.141s][info][gc,stats       ]   Copy Objects                    95469 us
[2026-04-03T02:52:27.515+0600][26.141s][info][gc,stats       ]     Regular Objects               94491 us
[2026-04-03T02:52:27.515+0600][26.141s][info][gc,stats       ]     Humongous Objects                25 us
[2026-04-03T02:52:27.515+0600][26.141s][info][gc,stats       ]     Reset Complete Bitmap           761 us
[2026-04-03T02:52:27.515+0600][26.141s][info][gc,stats       ]     Rebuild Region Sets             190 us
[2026-04-03T02:52:27.515+0600][26.141s][info][gc,stats       ]   Post Heap Dump                      2 us
[2026-04-03T02:52:27.515+0600][26.141s][info][gc,stats       ] Pacing                          6402231 us
[2026-04-03T02:52:27.515+0600][26.141s][info][gc,stats       ] 
[2026-04-03T02:52:27.515+0600][26.141s][info][gc,stats       ] Allocation pacing accrued:
[2026-04-03T02:52:27.515+0600][26.141s][info][gc,stats       ]    6402 of  6401 ms (100.0%): main
[2026-04-03T02:52:27.515+0600][26.141s][info][gc             ] Failed to allocate TLAB, 2648B
[2026-04-03T02:52:27.515+0600][26.141s][info][gc             ] Cancelling GC: Allocation Failure
[2026-04-03T02:52:27.515+0600][26.141s][info][gc,stats       ]    6402 of  6401 ms (100.0%): <total>
[2026-04-03T02:52:27.515+0600][26.141s][info][gc,stats       ]     109 of  6401 ms (  1.7%): <average total>
[2026-04-03T02:52:27.515+0600][26.141s][info][gc,stats       ]    6402 of  6401 ms (100.0%): <average non-zero>
[2026-04-03T02:52:27.515+0600][26.141s][info][gc,stats       ] 
[2026-04-03T02:52:27.515+0600][26.141s][info][gc,metaspace   ] Metaspace: 49099K(49664K)->49097K(49664K) NonClass: 42986K(43328K)->42984K(43328K) Class: 6113K(6336K)->6112K(6336K)
[2026-04-03T02:52:27.515+0600][26.141s][info][gc,ergo        ] Pacer for Idle. Initial: 10240K, Alloc Tax Rate: 1.0x
[2026-04-03T02:52:27.516+0600][26.142s][info][gc             ] Trigger: Handle Allocation Failure
[2026-04-03T02:52:27.516+0600][26.142s][info][gc,ergo        ] Free: 0B, Max: 0B regular, 0B humongous, Frag: 0% external, 0% internal; Reserve: 25600K, Max: 256K
[2026-04-03T02:52:27.516+0600][26.143s][info][gc,start       ] GC(11) Pause Degenerated GC (Outside of Cycle)
[2026-04-03T02:52:27.516+0600][26.143s][info][gc,task        ] GC(11) Using 6 of 6 workers for stw degenerated gc
[2026-04-03T02:52:27.517+0600][26.143s][info][gc,ref         ] GC(11) Clearing All SoftReferences
[2026-04-03T02:52:30.885+0600][29.511s][info][gc,ref         ] GC(11) Encountered references: Soft: 2424, Weak: 2624, Final: 74, Phantom: 585
[2026-04-03T02:52:30.885+0600][29.512s][info][gc,ref         ] GC(11) Discovered  references: Soft: 222, Weak: 1168, Final: 74, Phantom: 520
[2026-04-03T02:52:30.885+0600][29.512s][info][gc,ref         ] GC(11) Enqueued    references: Soft: 1, Weak: 2, Final: 0, Phantom: 0
[2026-04-03T02:52:30.887+0600][29.514s][info][gc,ergo        ] GC(11) Adaptive CSet Selection. Target Free: 72533K, Actual Free: 25600K, Max CSet: 21333K, Min Garbage: 46933K
[2026-04-03T02:52:30.888+0600][29.514s][info][gc,ergo        ] GC(11) Collectable Garbage: 478K (100%), Immediate: 0B (0%), CSet: 478K (100%)
[2026-04-03T02:52:30.993+0600][29.619s][info][gc,ergo        ] GC(11) Bad progress for free space: 29184B, need 5120K
[2026-04-03T02:52:30.993+0600][29.619s][info][gc             ] GC(11) Cancelling GC: Upgrade To Full GC
[2026-04-03T02:52:30.994+0600][29.620s][info][gc,phases,start] GC(11) Phase 1: Mark live objects
[2026-04-03T02:52:30.994+0600][29.621s][info][gc,ref         ] GC(11) Clearing All SoftReferences
[2026-04-03T02:52:30.994+0600][29.621s][info][gc,ref         ] GC(11) Clearing All SoftReferences
[2026-04-03T02:52:34.958+0600][33.584s][info][gc,ref         ] GC(11) Encountered references: Soft: 2423, Weak: 2622, Final: 74, Phantom: 585
[2026-04-03T02:52:34.958+0600][33.584s][info][gc,ref         ] GC(11) Discovered  references: Soft: 217, Weak: 1114, Final: 74, Phantom: 581
[2026-04-03T02:52:34.958+0600][33.584s][info][gc,ref         ] GC(11) Enqueued    references: Soft: 0, Weak: 0, Final: 0, Phantom: 0
[2026-04-03T02:52:34.960+0600][33.586s][info][gc,phases      ] GC(11) Phase 1: Mark live objects 3965.860ms
[2026-04-03T02:52:34.960+0600][33.586s][info][gc,phases,start] GC(11) Phase 2: Compute new object addresses
[2026-04-03T02:52:35.044+0600][33.670s][info][gc,phases      ] GC(11) Phase 2: Compute new object addresses 84.179ms
[2026-04-03T02:52:35.044+0600][33.670s][info][gc,phases,start] GC(11) Phase 3: Adjust pointers
[2026-04-03T02:52:35.141+0600][33.767s][info][gc,phases      ] GC(11) Phase 3: Adjust pointers 96.868ms
[2026-04-03T02:52:35.141+0600][33.767s][info][gc,phases,start] GC(11) Phase 4: Move objects
[2026-04-03T02:52:35.231+0600][33.857s][info][gc,phases      ] GC(11) Phase 4: Move objects 90.178ms
[2026-04-03T02:52:35.231+0600][33.858s][info][gc,ergo        ] GC(11) Bad progress for free space: 521K, need 5120K
[2026-04-03T02:52:35.231+0600][33.858s][info][gc             ] GC(11) Pause Degenerated GC (Outside of Cycle) 473M->473M(500M) 7715.164ms
[2026-04-03T02:52:35.232+0600][33.858s][info][gc,ergo        ] Free: 505K, Max: 139K regular, 0B humongous, Frag: 0% external, 99% internal; Reserve: 25600K, Max: 256K
[2026-04-03T02:52:35.232+0600][33.858s][info][gc,stats       ] 
[2026-04-03T02:52:35.232+0600][33.858s][info][gc,stats       ] All times are wall-clock times, except per-root-class counters, that are sum over
[2026-04-03T02:52:35.232+0600][33.858s][info][gc,stats       ] all workers. Dividing the <total> over the root stage time estimates parallelism.
[2026-04-03T02:52:35.232+0600][33.858s][info][gc,stats       ] 
[2026-04-03T02:52:35.232+0600][33.858s][info][gc,stats       ] Pause Degenerated GC (G)        7715433 us
[2026-04-03T02:52:35.232+0600][33.858s][info][gc,stats       ] Pause Degenerated GC (N)        7715180 us
[2026-04-03T02:52:35.232+0600][33.858s][info][gc,stats       ]   Degen STW Mark                3368060 us, parallelism: 6.00x
[2026-04-03T02:52:35.232+0600][33.858s][info][gc,stats       ]     DSM: <total>               20200026 us
[2026-04-03T02:52:35.232+0600][33.858s][info][gc,stats       ]     DSM: Thread Roots               843 us, workers (us): 143, 141,  99, 238, 156,  64, 
[2026-04-03T02:52:35.232+0600][33.858s][info][gc,stats       ]     DSM: VM Strong Roots             18 us, workers (us):   0,   6,   5,   0,   0,   5, 
[2026-04-03T02:52:35.232+0600][33.858s][info][gc,stats       ]     DSM: CLDG Roots                 224 us, workers (us): 127,  25,  24,   7,  14,  28, 
[2026-04-03T02:52:35.232+0600][33.858s][info][gc,stats       ]     DSM: Parallel Mark         20198942 us, workers (us): 3366482, 3366569, 3366452, 3366489, 3366577, 3366372, 
[2026-04-03T02:52:35.232+0600][33.858s][info][gc,stats       ]     System Purge                   2750 us
[2026-04-03T02:52:35.232+0600][33.858s][info][gc,stats       ]       Weak References               643 us, parallelism: 0.83x
[2026-04-03T02:52:35.232+0600][33.858s][info][gc,stats       ]         WRP: <total>                536 us
[2026-04-03T02:52:35.232+0600][33.858s][info][gc,stats       ]         WRP: Weak References        536 us, workers (us): 379, 136,  20,   0,   0,   0, 
[2026-04-03T02:52:35.232+0600][33.858s][info][gc,stats       ]       Unload Classes               1665 us, parallelism: 4.88x
[2026-04-03T02:52:35.232+0600][33.858s][info][gc,stats       ]         DCU: <total>               8120 us
[2026-04-03T02:52:35.232+0600][33.858s][info][gc,stats       ]         DCU: Unload Code Caches     8120 us, workers (us): 1407, 1394, 1362, 1360, 1342, 1255, 
[2026-04-03T02:52:35.232+0600][33.858s][info][gc,stats       ]       Weak Roots                    424 us, parallelism: 1.42x
[2026-04-03T02:52:35.232+0600][33.858s][info][gc,stats       ]         DWR: <total>                602 us
[2026-04-03T02:52:35.232+0600][33.858s][info][gc,stats       ]         DWR: VM Weak Roots          602 us, workers (us): 135, 102,  96,  96,  89,  84, 
[2026-04-03T02:52:35.232+0600][33.858s][info][gc,stats       ]       CLDG                            4 us
[2026-04-03T02:52:35.232+0600][33.858s][info][gc,stats       ]   Update Region States               69 us
[2026-04-03T02:52:35.232+0600][33.858s][info][gc,stats       ]   Manage GC/TLABs                    12 us
[2026-04-03T02:52:35.232+0600][33.858s][info][gc,stats       ]   Choose Collection Set             253 us
[2026-04-03T02:52:35.232+0600][33.858s][info][gc,stats       ]   Rebuild Free Set                   36 us
[2026-04-03T02:52:35.232+0600][33.858s][info][gc,stats       ]   Evacuation                       6301 us
[2026-04-03T02:52:35.232+0600][33.858s][info][gc,stats       ]   Manage GCLABs                      15 us
[2026-04-03T02:52:35.232+0600][33.858s][info][gc,stats       ]   Update References               95884 us
[2026-04-03T02:52:35.232+0600][33.858s][info][gc,stats       ]   Update Region States               36 us
[2026-04-03T02:52:35.232+0600][33.858s][info][gc,stats       ]   Trash Collection Set                7 us
[2026-04-03T02:52:35.232+0600][33.858s][info][gc,stats       ]   Rebuild Free Set                   30 us
[2026-04-03T02:52:35.232+0600][33.858s][info][gc,stats       ]   Degen Update Roots               1821 us, parallelism: 4.47x
[2026-04-03T02:52:35.232+0600][33.858s][info][gc,stats       ]     DU: <total>                    8130 us
[2026-04-03T02:52:35.232+0600][33.858s][info][gc,stats       ]     DU: Thread Roots                537 us, workers (us):   5,   3, 174, 100,  66, 190, 
[2026-04-03T02:52:35.232+0600][33.858s][info][gc,stats       ]     DU: Code Cache Roots           6393 us, workers (us): 1071, 1271, 986, 1057, 1040, 967, 
[2026-04-03T02:52:35.232+0600][33.858s][info][gc,stats       ]     DU: VM Strong Roots              19 us, workers (us):  11,   5,   1,   1,   1,   1, 
[2026-04-03T02:52:35.232+0600][33.858s][info][gc,stats       ]     DU: VM Weak Roots               794 us, workers (us): 157, 153, 137, 116, 115, 114, 
[2026-04-03T02:52:35.232+0600][33.858s][info][gc,stats       ]     DU: CLDG Roots                  388 us, workers (us): 141,  40,  38,  40,  91,  36, 
[2026-04-03T02:52:35.232+0600][33.858s][info][gc,stats       ]   Cleanup                           116 us
[2026-04-03T02:52:35.232+0600][33.858s][info][gc,stats       ]   Pre Heap Dump                       1 us
[2026-04-03T02:52:35.232+0600][33.858s][info][gc,stats       ]   Prepare                           901 us
[2026-04-03T02:52:35.232+0600][33.858s][info][gc,stats       ]   Mark                          3965604 us, parallelism: 5.99x
[2026-04-03T02:52:35.232+0600][33.858s][info][gc,stats       ]     FM: <total>                23770919 us
[2026-04-03T02:52:35.232+0600][33.858s][info][gc,stats       ]     FM: Thread Roots                943 us, workers (us): 237, 123, 188, 178, 107, 111, 
[2026-04-03T02:52:35.232+0600][33.858s][info][gc,stats       ]     FM: VM Strong Roots              22 us, workers (us):   0,   8,   0,   0,   6,   6, 
[2026-04-03T02:52:35.232+0600][33.858s][info][gc,stats       ]     FM: CLDG Roots                  256 us, workers (us): 153,  29,   7,   7,  32,  28, 
[2026-04-03T02:52:35.232+0600][33.858s][info][gc,stats       ]     FM: Parallel Mark          23769698 us, workers (us): 3961376, 3961586, 3961775, 3961519, 3961814, 3961628, 
[2026-04-03T02:52:35.232+0600][33.858s][info][gc,stats       ]     System Purge                   2312 us
[2026-04-03T02:52:35.232+0600][33.859s][info][gc,stats       ]       Weak References               408 us, parallelism: 0.85x
[2026-04-03T02:52:35.232+0600][33.859s][info][gc,stats       ]         WRP: <total>                345 us
[2026-04-03T02:52:35.232+0600][33.859s][info][gc,stats       ]         WRP: Weak References        345 us, workers (us):  89, 219,  36,   0,   1,   0, 
[2026-04-03T02:52:35.232+0600][33.859s][info][gc,stats       ]       Unload Classes               1641 us, parallelism: 4.81x
[2026-04-03T02:52:35.232+0600][33.859s][info][gc,stats       ]         CU: <total>                7893 us
[2026-04-03T02:52:35.232+0600][33.859s][info][gc,stats       ]         CU: Unload Code Caches     7893 us, workers (us): 1371, 1371, 1330, 1295, 1263, 1262, 
[2026-04-03T02:52:35.232+0600][33.859s][info][gc,stats       ]       Weak Roots                    205 us, parallelism: 2.67x
[2026-04-03T02:52:35.232+0600][33.859s][info][gc,stats       ]         WR: <total>                 547 us
[2026-04-03T02:52:35.232+0600][33.859s][info][gc,stats       ]         WR: VM Weak Roots           547 us, workers (us): 122, 114, 100, 100,  72,  38, 
[2026-04-03T02:52:35.232+0600][33.859s][info][gc,stats       ]       CLDG                            2 us
[2026-04-03T02:52:35.232+0600][33.859s][info][gc,stats       ]   Calculate Addresses             84156 us
[2026-04-03T02:52:35.232+0600][33.859s][info][gc,stats       ]     Regular Objects               84044 us
[2026-04-03T02:52:35.232+0600][33.859s][info][gc,stats       ]     Humongous Objects                31 us
[2026-04-03T02:52:35.232+0600][33.859s][info][gc,stats       ]   Adjust Pointers                 96856 us
[2026-04-03T02:52:35.232+0600][33.859s][info][gc,stats       ]     FA: <total>                    7691 us
[2026-04-03T02:52:35.232+0600][33.859s][info][gc,stats       ]     FA: Thread Roots                519 us, workers (us): 115, 182,   2,  15,  81, 124, 
[2026-04-03T02:52:35.232+0600][33.859s][info][gc,stats       ]     FA: Code Cache Roots           6105 us, workers (us): 905, 904, 1277, 998, 1034, 986, 
[2026-04-03T02:52:35.232+0600][33.859s][info][gc,stats       ]     FA: VM Strong Roots              20 us, workers (us):  14,   3,   2,   0,   0,   1, 
[2026-04-03T02:52:35.232+0600][33.859s][info][gc,stats       ]     FA: VM Weak Roots               620 us, workers (us): 138, 138, 134,  90,  85,  37, 
[2026-04-03T02:52:35.232+0600][33.859s][info][gc,stats       ]     FA: CLDG Roots                  426 us, workers (us): 125,  54,  42, 127,  38,  39, 
[2026-04-03T02:52:35.232+0600][33.859s][info][gc,stats       ]   Copy Objects                    90165 us
[2026-04-03T02:52:35.232+0600][33.859s][info][gc,stats       ]     Regular Objects               89272 us
[2026-04-03T02:52:35.232+0600][33.859s][info][gc,stats       ]     Humongous Objects                21 us
[2026-04-03T02:52:35.232+0600][33.859s][info][gc,stats       ]     Reset Complete Bitmap           689 us
[2026-04-03T02:52:35.232+0600][33.859s][info][gc,stats       ]     Rebuild Region Sets             181 us
[2026-04-03T02:52:35.232+0600][33.859s][info][gc,stats       ]   Post Heap Dump                      1 us
[2026-04-03T02:52:35.232+0600][33.859s][info][gc,stats       ] 
[2026-04-03T02:52:35.232+0600][33.859s][info][gc,stats       ] Allocation pacing accrued:
[2026-04-03T02:52:35.232+0600][33.859s][info][gc,stats       ]       0 of  7718 ms (  0.0%): <total>
[2026-04-03T02:52:35.232+0600][33.859s][info][gc,stats       ]       0 of  7718 ms (  0.0%): <average total>
[2026-04-03T02:52:35.232+0600][33.859s][info][gc,stats       ] 
[2026-04-03T02:52:35.232+0600][33.859s][info][gc,metaspace   ] Metaspace: 49097K(49664K)->49102K(49664K) NonClass: 42984K(43328K)->42988K(43328K) Class: 6112K(6336K)->6113K(6336K)
[2026-04-03T02:52:35.233+0600][33.859s][info][gc,ergo        ] Pacer for Idle. Initial: 10240K, Alloc Tax Rate: 1.0x
[2026-04-03T02:52:35.233+0600][33.859s][info][gc             ] Failed to allocate TLAB, 2656B
[2026-04-03T02:52:35.233+0600][33.859s][info][gc             ] Cancelling GC: Allocation Failure
[2026-04-03T02:52:35.234+0600][33.860s][info][gc             ] Trigger: Handle Allocation Failure
[2026-04-03T02:52:35.234+0600][33.860s][info][gc,ergo        ] Free: 0B, Max: 0B regular, 0B humongous, Frag: 0% external, 0% internal; Reserve: 25600K, Max: 256K
[2026-04-03T02:52:35.234+0600][33.860s][info][gc,start       ] GC(12) Pause Full
[2026-04-03T02:52:35.234+0600][33.860s][info][gc,task        ] GC(12) Using 6 of 6 workers for full gc
[2026-04-03T02:52:35.234+0600][33.860s][info][gc,phases,start] GC(12) Phase 1: Mark live objects
[2026-04-03T02:52:35.234+0600][33.861s][info][gc,ref         ] GC(12) Clearing All SoftReferences
[2026-04-03T02:52:35.234+0600][33.861s][info][gc,ref         ] GC(12) Clearing All SoftReferences
[2026-04-03T02:52:39.149+0600][37.776s][info][gc,ref         ] GC(12) Encountered references: Soft: 2425, Weak: 2625, Final: 74, Phantom: 585
[2026-04-03T02:52:39.149+0600][37.776s][info][gc,ref         ] GC(12) Discovered  references: Soft: 217, Weak: 962, Final: 74, Phantom: 581
[2026-04-03T02:52:39.149+0600][37.776s][info][gc,ref         ] GC(12) Enqueued    references: Soft: 2, Weak: 6, Final: 0, Phantom: 0
[2026-04-03T02:52:39.151+0600][37.778s][info][gc,phases      ] GC(12) Phase 1: Mark live objects 3917.113ms
[2026-04-03T02:52:39.151+0600][37.778s][info][gc,phases,start] GC(12) Phase 2: Compute new object addresses
[2026-04-03T02:52:39.231+0600][37.857s][info][gc,phases      ] GC(12) Phase 2: Compute new object addresses 79.223ms
[2026-04-03T02:52:39.231+0600][37.857s][info][gc,phases,start] GC(12) Phase 3: Adjust pointers
[2026-04-03T02:52:39.326+0600][37.953s][info][gc,phases      ] GC(12) Phase 3: Adjust pointers 95.626ms
[2026-04-03T02:52:39.326+0600][37.953s][info][gc,phases,start] GC(12) Phase 4: Move objects
[2026-04-03T02:52:39.401+0600][38.027s][info][gc,phases      ] GC(12) Phase 4: Move objects 74.320ms
[2026-04-03T02:52:39.401+0600][38.027s][info][gc,ergo        ] GC(12) Bad progress for free space: 180K, need 5120K
[2026-04-03T02:52:39.401+0600][38.027s][info][gc             ] GC(12) Pause Full 473M->473M(500M) 4166.921ms
[2026-04-03T02:52:39.401+0600][38.027s][info][gc,ergo        ] Free: 144K, Max: 61864B regular, 0B humongous, Frag: 0% external, 99% internal; Reserve: 25600K, Max: 256K
[2026-04-03T02:52:39.401+0600][38.028s][info][gc,stats       ] 
[2026-04-03T02:52:39.401+0600][38.028s][info][gc,stats       ] All times are wall-clock times, except per-root-class counters, that are sum over
[2026-04-03T02:52:39.401+0600][38.028s][info][gc,stats       ] all workers. Dividing the <total> over the root stage time estimates parallelism.
[2026-04-03T02:52:39.401+0600][38.028s][info][gc,stats       ] 
[2026-04-03T02:52:39.401+0600][38.028s][info][gc,stats       ] Pause Full GC (G)               4167206 us
[2026-04-03T02:52:39.401+0600][38.028s][info][gc,stats       ] Pause Full GC (N)               4166929 us
[2026-04-03T02:52:39.401+0600][38.028s][info][gc,stats       ]   Pre Heap Dump                       1 us
[2026-04-03T02:52:39.401+0600][38.028s][info][gc,stats       ]   Prepare                           149 us
[2026-04-03T02:52:39.401+0600][38.028s][info][gc,stats       ]   Mark                          3917101 us, parallelism: 5.99x
[2026-04-03T02:52:39.401+0600][38.028s][info][gc,stats       ]     FM: <total>                23481492 us
[2026-04-03T02:52:39.401+0600][38.028s][info][gc,stats       ]     FM: Thread Roots                711 us, workers (us): 133, 101, 206,  73, 125,  73, 
[2026-04-03T02:52:39.401+0600][38.028s][info][gc,stats       ]     FM: VM Strong Roots              16 us, workers (us):   0,   5,   0,   4,   0,   5, 
[2026-04-03T02:52:39.401+0600][38.028s][info][gc,stats       ]     FM: CLDG Roots                  190 us, workers (us): 104,  25,  15,  20,   5,  21, 
[2026-04-03T02:52:39.401+0600][38.028s][info][gc,stats       ]     FM: Parallel Mark          23480576 us, workers (us): 3913496, 3913418, 3913440, 3913490, 3913243, 3913490, 
[2026-04-03T02:52:39.401+0600][38.028s][info][gc,stats       ]     System Purge                   2332 us
[2026-04-03T02:52:39.401+0600][38.028s][info][gc,stats       ]       Weak References               517 us, parallelism: 0.77x
[2026-04-03T02:52:39.401+0600][38.028s][info][gc,stats       ]         WRP: <total>                397 us
[2026-04-03T02:52:39.401+0600][38.028s][info][gc,stats       ]         WRP: Weak References        397 us, workers (us): 303,  61,  14,  19,   0,   0, 
[2026-04-03T02:52:39.401+0600][38.028s][info][gc,stats       ]       Unload Classes               1594 us, parallelism: 4.84x
[2026-04-03T02:52:39.401+0600][38.028s][info][gc,stats       ]         CU: <total>                7713 us
[2026-04-03T02:52:39.401+0600][38.028s][info][gc,stats       ]         CU: Unload Code Caches     7713 us, workers (us): 1329, 1276, 1297, 1256, 1272, 1283, 
[2026-04-03T02:52:39.401+0600][38.028s][info][gc,stats       ]       Weak Roots                    205 us, parallelism: 2.35x
[2026-04-03T02:52:39.401+0600][38.028s][info][gc,stats       ]         WR: <total>                 481 us
[2026-04-03T02:52:39.401+0600][38.028s][info][gc,stats       ]         WR: VM Weak Roots           481 us, workers (us): 152, 114,  95,  44,  38,  39, 
[2026-04-03T02:52:39.401+0600][38.028s][info][gc,stats       ]       CLDG                            2 us
[2026-04-03T02:52:39.401+0600][38.028s][info][gc,stats       ]   Calculate Addresses             79215 us
[2026-04-03T02:52:39.401+0600][38.028s][info][gc,stats       ]     Regular Objects               79133 us
[2026-04-03T02:52:39.401+0600][38.028s][info][gc,stats       ]     Humongous Objects                29 us
[2026-04-03T02:52:39.401+0600][38.028s][info][gc,stats       ]   Adjust Pointers                 95615 us
[2026-04-03T02:52:39.401+0600][38.028s][info][gc,stats       ]     FA: <total>                    7602 us
[2026-04-03T02:52:39.401+0600][38.028s][info][gc,stats       ]     FA: Thread Roots                474 us, workers (us): 211, 134,   7,   1, 117,   4, 
[2026-04-03T02:52:39.401+0600][38.028s][info][gc             ] Failed to allocate TLAB, 7208B
[2026-04-03T02:52:39.402+0600][38.028s][info][gc             ] Cancelling GC: Allocation Failure
[2026-04-03T02:52:39.402+0600][38.028s][info][gc,stats       ]     FA: Code Cache Roots           5962 us, workers (us): 799, 879, 987, 1230, 882, 1185, 
[2026-04-03T02:52:39.402+0600][38.028s][info][gc,stats       ]     FA: VM Strong Roots              17 us, workers (us):  12,   1,   1,   1,   1,   1, 
[2026-04-03T02:52:39.402+0600][38.028s][info][gc,stats       ]     FA: VM Weak Roots               566 us, workers (us): 158, 132,  73,  73,  72,  57, 
[2026-04-03T02:52:39.402+0600][38.028s][info][gc,stats       ]     FA: CLDG Roots                  583 us, workers (us):  62,  61, 169,  66,  74, 150, 
[2026-04-03T02:52:39.402+0600][38.028s][info][gc,stats       ]   Copy Objects                    74308 us
[2026-04-03T02:52:39.402+0600][38.028s][info][gc,stats       ]     Regular Objects               73255 us
[2026-04-03T02:52:39.402+0600][38.028s][info][gc,stats       ]     Humongous Objects                25 us
[2026-04-03T02:52:39.402+0600][38.028s][info][gc,stats       ]     Reset Complete Bitmap           777 us
[2026-04-03T02:52:39.402+0600][38.028s][info][gc,stats       ]     Rebuild Region Sets             249 us
[2026-04-03T02:52:39.402+0600][38.028s][info][gc,stats       ]   Post Heap Dump                      1 us
[2026-04-03T02:52:39.402+0600][38.028s][info][gc,stats       ] 
[2026-04-03T02:52:39.402+0600][38.028s][info][gc,stats       ] Allocation pacing accrued:
[2026-04-03T02:52:39.402+0600][38.028s][info][gc,stats       ]       0 of  4169 ms (  0.0%): <total>
[2026-04-03T02:52:39.402+0600][38.028s][info][gc,stats       ]       0 of  4169 ms (  0.0%): <average total>
[2026-04-03T02:52:39.402+0600][38.028s][info][gc,stats       ] 
[2026-04-03T02:52:39.402+0600][38.028s][info][gc,metaspace   ] Metaspace: 49102K(49664K)->49108K(49664K) NonClass: 42988K(43328K)->42992K(43328K) Class: 6113K(6336K)->6115K(6336K)
[2026-04-03T02:52:39.402+0600][38.028s][info][gc,ergo        ] Pacer for Idle. Initial: 10240K, Alloc Tax Rate: 1.0x
[2026-04-03T02:52:39.404+0600][38.030s][info][gc             ] Trigger: Handle Allocation Failure
[2026-04-03T02:52:39.404+0600][38.030s][info][gc,ergo        ] Free: 0B, Max: 0B regular, 0B humongous, Frag: 0% external, 0% internal; Reserve: 25600K, Max: 256K
[2026-04-03T02:52:39.404+0600][38.030s][info][gc,start       ] GC(13) Pause Degenerated GC (Outside of Cycle)
[2026-04-03T02:52:39.404+0600][38.030s][info][gc,task        ] GC(13) Using 6 of 6 workers for stw degenerated gc
[2026-04-03T02:52:39.404+0600][38.031s][info][gc,ref         ] GC(13) Clearing All SoftReferences
[2026-04-03T02:52:43.567+0600][42.193s][info][gc,ref         ] GC(13) Encountered references: Soft: 2423, Weak: 2621, Final: 74, Phantom: 585
[2026-04-03T02:52:43.567+0600][42.193s][info][gc,ref         ] GC(13) Discovered  references: Soft: 218, Weak: 1220, Final: 74, Phantom: 581
[2026-04-03T02:52:43.567+0600][42.193s][info][gc,ref         ] GC(13) Enqueued    references: Soft: 0, Weak: 1, Final: 0, Phantom: 0
[2026-04-03T02:52:43.568+0600][42.195s][info][gc,ergo        ] GC(13) Adaptive CSet Selection. Target Free: 72533K, Actual Free: 25600K, Max CSet: 21333K, Min Garbage: 46933K
[2026-04-03T02:52:43.569+0600][42.195s][info][gc,ergo        ] GC(13) Collectable Garbage: 33648B (100%), Immediate: 0B (0%), CSet: 33648B (100%)
[2026-04-03T02:52:43.674+0600][42.300s][info][gc,ergo        ] GC(13) Bad progress for free space: 32648B, need 5120K
[2026-04-03T02:52:43.674+0600][42.300s][info][gc             ] GC(13) Cancelling GC: Upgrade To Full GC
[2026-04-03T02:52:43.675+0600][42.301s][info][gc,phases,start] GC(13) Phase 1: Mark live objects
[2026-04-03T02:52:43.675+0600][42.301s][info][gc,ref         ] GC(13) Clearing All SoftReferences
[2026-04-03T02:52:43.675+0600][42.301s][info][gc,ref         ] GC(13) Clearing All SoftReferences
[2026-04-03T02:52:46.893+0600][45.520s][info][gc,ref         ] GC(13) Encountered references: Soft: 2423, Weak: 2620, Final: 74, Phantom: 585
[2026-04-03T02:52:46.893+0600][45.520s][info][gc,ref         ] GC(13) Discovered  references: Soft: 216, Weak: 1389, Final: 74, Phantom: 581
[2026-04-03T02:52:46.893+0600][45.520s][info][gc,ref         ] GC(13) Enqueued    references: Soft: 0, Weak: 0, Final: 0, Phantom: 0
[2026-04-03T02:52:46.895+0600][45.521s][info][gc,phases      ] GC(13) Phase 1: Mark live objects 3220.090ms
[2026-04-03T02:52:46.895+0600][45.521s][info][gc,phases,start] GC(13) Phase 2: Compute new object addresses
[2026-04-03T02:52:46.982+0600][45.609s][info][gc,phases      ] GC(13) Phase 2: Compute new object addresses 87.381ms
[2026-04-03T02:52:46.982+0600][45.609s][info][gc,phases,start] GC(13) Phase 3: Adjust pointers
[2026-04-03T02:52:47.077+0600][45.703s][info][gc,phases      ] GC(13) Phase 3: Adjust pointers 94.520ms
[2026-04-03T02:52:47.077+0600][45.703s][info][gc,phases,start] GC(13) Phase 4: Move objects
[2026-04-03T02:52:47.167+0600][45.793s][info][gc,phases      ] GC(13) Phase 4: Move objects 89.985ms
[2026-04-03T02:52:47.167+0600][45.794s][info][gc,ergo        ] GC(13) Bad progress for free space: 579K, need 5120K
[2026-04-03T02:52:47.167+0600][45.794s][info][gc             ] GC(13) Pause Degenerated GC (Outside of Cycle) 473M->473M(500M) 7763.150ms
[2026-04-03T02:52:47.167+0600][45.794s][info][gc,ergo        ] Free: 579K, Max: 255K regular, 0B humongous, Frag: 0% external, 99% internal; Reserve: 25088K, Max: 256K
[2026-04-03T02:52:47.167+0600][45.794s][info][gc,stats       ] 
[2026-04-03T02:52:47.167+0600][45.794s][info][gc,stats       ] All times are wall-clock times, except per-root-class counters, that are sum over
[2026-04-03T02:52:47.167+0600][45.794s][info][gc,stats       ] all workers. Dividing the <total> over the root stage time estimates parallelism.
[2026-04-03T02:52:47.167+0600][45.794s][info][gc,stats       ] 
[2026-04-03T02:52:47.167+0600][45.794s][info][gc,stats       ] Pause Degenerated GC (G)        7763420 us
[2026-04-03T02:52:47.167+0600][45.794s][info][gc,stats       ] Pause Degenerated GC (N)        7763162 us
[2026-04-03T02:52:47.167+0600][45.794s][info][gc,stats       ]   Degen STW Mark                4161776 us, parallelism: 6.00x
[2026-04-03T02:52:47.167+0600][45.794s][info][gc,stats       ]     DSM: <total>               24964098 us
[2026-04-03T02:52:47.167+0600][45.794s][info][gc,stats       ]     DSM: Thread Roots               716 us, workers (us): 154, 151,  79, 118, 135,  80, 
[2026-04-03T02:52:47.167+0600][45.794s][info][gc,stats       ]     DSM: VM Strong Roots             21 us, workers (us):   0,   6,   8,   0,   1,   6, 
[2026-04-03T02:52:47.167+0600][45.794s][info][gc,stats       ]     DSM: CLDG Roots                 255 us, workers (us): 146,  27,  33,  17,   6,  27, 
[2026-04-03T02:52:47.167+0600][45.794s][info][gc,stats       ]     DSM: Parallel Mark         24963106 us, workers (us): 4160288, 4160565, 4160640, 4160440, 4160531, 4160642, 
[2026-04-03T02:52:47.167+0600][45.794s][info][gc,stats       ]     System Purge                   2346 us
[2026-04-03T02:52:47.168+0600][45.794s][info][gc,stats       ]       Weak References               560 us, parallelism: 0.91x
[2026-04-03T02:52:47.168+0600][45.794s][info][gc,stats       ]         WRP: <total>                507 us
[2026-04-03T02:52:47.168+0600][45.794s][info][gc,stats       ]         WRP: Weak References        507 us, workers (us):  75, 353,  78,   0,   0,   0, 
[2026-04-03T02:52:47.168+0600][45.794s][info][gc,stats       ]       Unload Classes               1509 us, parallelism: 4.71x
[2026-04-03T02:52:47.168+0600][45.794s][info][gc,stats       ]         DCU: <total>               7111 us
[2026-04-03T02:52:47.168+0600][45.794s][info][gc,stats       ]         DCU: Unload Code Caches     7111 us, workers (us): 1239, 1180, 1174, 1178, 1177, 1164, 
[2026-04-03T02:52:47.168+0600][45.794s][info][gc,stats       ]       Weak Roots                    215 us, parallelism: 2.20x
[2026-04-03T02:52:47.168+0600][45.794s][info][gc,stats       ]         DWR: <total>                475 us
[2026-04-03T02:52:47.168+0600][45.794s][info][gc,stats       ]         DWR: VM Weak Roots          475 us, workers (us): 143,  92,  76,  69,  59,  38, 
[2026-04-03T02:52:47.168+0600][45.794s][info][gc,stats       ]       CLDG                            2 us
[2026-04-03T02:52:47.168+0600][45.794s][info][gc,stats       ]   Update Region States               20 us
[2026-04-03T02:52:47.168+0600][45.794s][info][gc,stats       ]   Manage GC/TLABs                    18 us
[2026-04-03T02:52:47.168+0600][45.794s][info][gc,stats       ]   Choose Collection Set             165 us
[2026-04-03T02:52:47.168+0600][45.794s][info][gc,stats       ]   Rebuild Free Set                   23 us
[2026-04-03T02:52:47.168+0600][45.794s][info][gc,stats       ]   Evacuation                       6459 us
[2026-04-03T02:52:47.168+0600][45.794s][info][gc,stats       ]   Manage GCLABs                      23 us
[2026-04-03T02:52:47.168+0600][45.794s][info][gc,stats       ]   Update References               95632 us
[2026-04-03T02:52:47.168+0600][45.794s][info][gc,stats       ]   Update Region States               28 us
[2026-04-03T02:52:47.168+0600][45.794s][info][gc,stats       ]   Trash Collection Set                5 us
[2026-04-03T02:52:47.168+0600][45.794s][info][gc,stats       ]   Rebuild Free Set                   44 us
[2026-04-03T02:52:47.168+0600][45.794s][info][gc,stats       ]   Degen Update Roots               1544 us, parallelism: 5.19x
[2026-04-03T02:52:47.168+0600][45.794s][info][gc,stats       ]     DU: <total>                    8009 us
[2026-04-03T02:52:47.168+0600][45.794s][info][gc,stats       ]     DU: Thread Roots                541 us, workers (us): 192, 152,  33,  41,  70,  53, 
[2026-04-03T02:52:47.168+0600][45.794s][info][gc,stats       ]     DU: Code Cache Roots           6222 us, workers (us): 906, 978, 1064, 1102, 1074, 1099, 
[2026-04-03T02:52:47.168+0600][45.794s][info][gc,stats       ]     DU: VM Strong Roots              12 us, workers (us):   9,   1,   1,   1,   1,   1, 
[2026-04-03T02:52:47.168+0600][45.794s][info][gc,stats       ]     DU: VM Weak Roots               726 us, workers (us): 187, 143, 110, 106, 106,  75, 
[2026-04-03T02:52:47.168+0600][45.794s][info][gc,stats       ]     DU: CLDG Roots                  508 us, workers (us): 125,  73, 112,  67,  65,  65, 
[2026-04-03T02:52:47.168+0600][45.794s][info][gc,stats       ]   Cleanup                           302 us
[2026-04-03T02:52:47.168+0600][45.794s][info][gc,stats       ]   Pre Heap Dump                       1 us
[2026-04-03T02:52:47.168+0600][45.794s][info][gc,stats       ]   Prepare                           909 us
[2026-04-03T02:52:47.168+0600][45.794s][info][gc,stats       ]   Mark                          3219991 us, parallelism: 5.99x
[2026-04-03T02:52:47.168+0600][45.794s][info][gc,stats       ]     FM: <total>                19303368 us
[2026-04-03T02:52:47.168+0600][45.794s][info][gc,stats       ]     FM: Thread Roots                731 us, workers (us): 207, 131, 134, 118,  79,  62, 
[2026-04-03T02:52:47.168+0600][45.794s][info][gc,stats       ]     FM: VM Strong Roots              21 us, workers (us):   0,   6,   0,   0,   6,   8, 
[2026-04-03T02:52:47.168+0600][45.794s][info][gc,stats       ]     FM: CLDG Roots                  227 us, workers (us): 124,  30,   7,   7,  31,  29, 
[2026-04-03T02:52:47.168+0600][45.794s][info][gc,stats       ]     FM: Parallel Mark          19302389 us, workers (us): 3217090, 3217110, 3217118, 3217046, 3217171, 3216853, 
[2026-04-03T02:52:47.168+0600][45.794s][info][gc,stats       ]     System Purge                   1851 us
[2026-04-03T02:52:47.168+0600][45.794s][info][gc,stats       ]       Weak References               364 us, parallelism: 0.57x
[2026-04-03T02:52:47.168+0600][45.794s][info][gc,stats       ]         WRP: <total>                207 us
[2026-04-03T02:52:47.168+0600][45.794s][info][gc,stats       ]         WRP: Weak References        207 us, workers (us):  96,   1, 109,   0,   1,   1, 
[2026-04-03T02:52:47.168+0600][45.794s][info][gc,stats       ]       Unload Classes               1297 us, parallelism: 5.12x
[2026-04-03T02:52:47.168+0600][45.794s][info][gc,stats       ]         CU: <total>                6643 us
[2026-04-03T02:52:47.168+0600][45.794s][info][gc,stats       ]         CU: Unload Code Caches     6643 us, workers (us): 1139, 1137, 1071, 1067, 1107, 1124, 
[2026-04-03T02:52:47.168+0600][45.794s][info][gc,stats       ]       Weak Roots                    177 us, parallelism: 2.07x
[2026-04-03T02:52:47.168+0600][45.794s][info][gc,stats       ]         WR: <total>                 366 us
[2026-04-03T02:52:47.168+0600][45.794s][info][gc,stats       ]         WR: VM Weak Roots           366 us, workers (us): 132,  67,  67,  43,  43,  16, 
[2026-04-03T02:52:47.168+0600][45.794s][info][gc,stats       ]       CLDG                            2 us
[2026-04-03T02:52:47.168+0600][45.794s][info][gc,stats       ]   Calculate Addresses             87374 us
[2026-04-03T02:52:47.168+0600][45.794s][info][gc,stats       ]     Regular Objects               87291 us
[2026-04-03T02:52:47.168+0600][45.794s][info][gc,stats       ]     Humongous Objects                28 us
[2026-04-03T02:52:47.168+0600][45.794s][info][gc,stats       ]   Adjust Pointers                 94509 us
[2026-04-03T02:52:47.168+0600][45.794s][info][gc,stats       ]     FA: <total>                    7103 us
[2026-04-03T02:52:47.168+0600][45.794s][info][gc,stats       ]     FA: Thread Roots                477 us, workers (us): 148,   2,   5,  53, 169, 100, 
[2026-04-03T02:52:47.168+0600][45.794s][info][gc,stats       ]     FA: Code Cache Roots           5519 us, workers (us): 773, 1053, 1013, 966, 853, 861, 
[2026-04-03T02:52:47.168+0600][45.794s][info][gc,stats       ]     FA: VM Strong Roots              17 us, workers (us):  13,   1,   1,   1,   1,   1, 
[2026-04-03T02:52:47.168+0600][45.794s][info][gc,stats       ]     FA: VM Weak Roots               579 us, workers (us): 155, 110, 110,  92,  58,  54, 
[2026-04-03T02:52:47.168+0600][45.794s][info][gc,stats       ]     FA: CLDG Roots                  512 us, workers (us): 157,  69,  57,  55,  57, 116, 
[2026-04-03T02:52:47.168+0600][45.794s][info][gc,stats       ]   Copy Objects                    89974 us
[2026-04-03T02:52:47.168+0600][45.794s][info][gc,stats       ]     Regular Objects               88942 us
[2026-04-03T02:52:47.168+0600][45.794s][info][gc,stats       ]     Humongous Objects                22 us
[2026-04-03T02:52:47.168+0600][45.794s][info][gc,stats       ]     Reset Complete Bitmap           721 us
[2026-04-03T02:52:47.168+0600][45.794s][info][gc,stats       ]     Rebuild Region Sets             287 us
[2026-04-03T02:52:47.168+0600][45.794s][info][gc,stats       ]   Post Heap Dump                      1 us
[2026-04-03T02:52:47.168+0600][45.794s][info][gc,stats       ] 
[2026-04-03T02:52:47.168+0600][45.794s][info][gc,stats       ] Allocation pacing accrued:
[2026-04-03T02:52:47.168+0600][45.794s][info][gc,stats       ]       0 of  7766 ms (  0.0%): <total>
[2026-04-03T02:52:47.168+0600][45.794s][info][gc,stats       ]       0 of  7766 ms (  0.0%): <average total>
[2026-04-03T02:52:47.168+0600][45.794s][info][gc,stats       ] 
[2026-04-03T02:52:47.168+0600][45.794s][info][gc,metaspace   ] Metaspace: 49108K(49664K)->49108K(49664K) NonClass: 42992K(43328K)->42992K(43328K) Class: 6115K(6336K)->6115K(6336K)
[2026-04-03T02:52:47.168+0600][45.794s][info][gc,ergo        ] Pacer for Idle. Initial: 10240K, Alloc Tax Rate: 1.0x
[2026-04-03T02:52:47.168+0600][45.795s][info][gc             ] Failed to allocate TLAB, 2648B
[2026-04-03T02:52:47.168+0600][45.795s][info][gc             ] Cancelling GC: Allocation Failure
[2026-04-03T02:52:47.169+0600][45.795s][info][gc             ] Trigger: Handle Allocation Failure
[2026-04-03T02:52:47.169+0600][45.795s][info][gc,ergo        ] Free: 0B, Max: 0B regular, 0B humongous, Frag: 0% external, 0% internal; Reserve: 25088K, Max: 256K
[2026-04-03T02:52:47.169+0600][45.795s][info][gc,start       ] GC(14) Pause Degenerated GC (Outside of Cycle)
[2026-04-03T02:52:47.169+0600][45.796s][info][gc,task        ] GC(14) Using 6 of 6 workers for stw degenerated gc
[2026-04-03T02:52:47.169+0600][45.796s][info][gc,ref         ] GC(14) Clearing All SoftReferences
[2026-04-03T02:52:51.444+0600][50.070s][info][gc,ref         ] GC(14) Encountered references: Soft: 2425, Weak: 2627, Final: 74, Phantom: 585
[2026-04-03T02:52:51.444+0600][50.070s][info][gc,ref         ] GC(14) Discovered  references: Soft: 221, Weak: 1405, Final: 74, Phantom: 581
[2026-04-03T02:52:51.444+0600][50.070s][info][gc,ref         ] GC(14) Enqueued    references: Soft: 2, Weak: 4, Final: 0, Phantom: 0
[2026-04-03T02:52:51.445+0600][50.072s][info][gc,ergo        ] GC(14) Adaptive CSet Selection. Target Free: 72533K, Actual Free: 25088K, Max CSet: 21333K, Min Garbage: 47445K
[2026-04-03T02:52:51.446+0600][50.072s][info][gc,ergo        ] GC(14) Collectable Garbage: 157K (100%), Immediate: 0B (0%), CSet: 157K (100%)
[2026-04-03T02:52:51.552+0600][50.178s][info][gc,ergo        ] GC(14) Bad progress for free space: 30000B, need 5120K
[2026-04-03T02:52:51.552+0600][50.178s][info][gc             ] GC(14) Cancelling GC: Upgrade To Full GC
[2026-04-03T02:52:51.553+0600][50.179s][info][gc,phases,start] GC(14) Phase 1: Mark live objects
[2026-04-03T02:52:51.553+0600][50.179s][info][gc,ref         ] GC(14) Clearing All SoftReferences
[2026-04-03T02:52:51.553+0600][50.179s][info][gc,ref         ] GC(14) Clearing All SoftReferences
[2026-04-03T02:52:55.665+0600][54.291s][info][gc,ref         ] GC(14) Encountered references: Soft: 2423, Weak: 2623, Final: 74, Phantom: 585
[2026-04-03T02:52:55.665+0600][54.291s][info][gc,ref         ] GC(14) Discovered  references: Soft: 215, Weak: 1514, Final: 74, Phantom: 581
[2026-04-03T02:52:55.665+0600][54.291s][info][gc,ref         ] GC(14) Enqueued    references: Soft: 0, Weak: 0, Final: 0, Phantom: 0
[2026-04-03T02:52:55.666+0600][54.293s][info][gc,phases      ] GC(14) Phase 1: Mark live objects 4113.726ms
[2026-04-03T02:52:55.667+0600][54.293s][info][gc,phases,start] GC(14) Phase 2: Compute new object addresses
[2026-04-03T02:52:55.750+0600][54.376s][info][gc,phases      ] GC(14) Phase 2: Compute new object addresses 83.096ms
[2026-04-03T02:52:55.750+0600][54.376s][info][gc,phases,start] GC(14) Phase 3: Adjust pointers
[2026-04-03T02:52:55.847+0600][54.474s][info][gc,phases      ] GC(14) Phase 3: Adjust pointers 97.485ms
[2026-04-03T02:52:55.847+0600][54.474s][info][gc,phases,start] GC(14) Phase 4: Move objects
[2026-04-03T02:52:55.937+0600][54.563s][info][gc,phases      ] GC(14) Phase 4: Move objects 89.580ms
[2026-04-03T02:52:55.937+0600][54.563s][info][gc,ergo        ] GC(14) Bad progress for free space: 704K, need 5120K
[2026-04-03T02:52:55.937+0600][54.563s][info][gc             ] GC(14) Pause Degenerated GC (Outside of Cycle) 474M->474M(500M) 8767.848ms
[2026-04-03T02:52:55.937+0600][54.564s][info][gc,ergo        ] Free: 704K, Max: 254K regular, 0B humongous, Frag: 0% external, 99% internal; Reserve: 24576K, Max: 256K
[2026-04-03T02:52:55.937+0600][54.564s][info][gc,stats       ] 
[2026-04-03T02:52:55.937+0600][54.564s][info][gc,stats       ] All times are wall-clock times, except per-root-class counters, that are sum over
[2026-04-03T02:52:55.937+0600][54.564s][info][gc,stats       ] all workers. Dividing the <total> over the root stage time estimates parallelism.
[2026-04-03T02:52:55.937+0600][54.564s][info][gc,stats       ] 
[2026-04-03T02:52:55.937+0600][54.564s][info][gc,stats       ] Pause Degenerated GC (G)        8768053 us
[2026-04-03T02:52:55.937+0600][54.564s][info][gc,stats       ] Pause Degenerated GC (N)        8767857 us
[2026-04-03T02:52:55.937+0600][54.564s][info][gc,stats       ]   Degen STW Mark                4273856 us, parallelism: 6.00x
[2026-04-03T02:52:55.937+0600][54.564s][info][gc,stats       ]     DSM: <total>               25636950 us
[2026-04-03T02:52:55.937+0600][54.564s][info][gc,stats       ]     DSM: Thread Roots              1012 us, workers (us): 476, 129,  90,  75,  64, 177, 
[2026-04-03T02:52:55.937+0600][54.564s][info][gc,stats       ]     DSM: VM Strong Roots             20 us, workers (us):   0,   0,   7,   6,   6,   0, 
[2026-04-03T02:52:55.937+0600][54.564s][info][gc,stats       ]     DSM: CLDG Roots                 281 us, workers (us):   7, 150,  41,  36,  41,   6, 
[2026-04-03T02:52:55.937+0600][54.564s][info][gc,stats       ]     DSM: Parallel Mark         25635636 us, workers (us): 4272410, 4272596, 4272635, 4272545, 4272764, 4272687, 
[2026-04-03T02:52:55.937+0600][54.564s][info][gc,stats       ]     System Purge                   2032 us
[2026-04-03T02:52:55.937+0600][54.564s][info][gc,stats       ]       Weak References               419 us, parallelism: 1.10x
[2026-04-03T02:52:55.937+0600][54.564s][info][gc,stats       ]         WRP: <total>                462 us
[2026-04-03T02:52:55.937+0600][54.564s][info][gc,stats       ]         WRP: Weak References        462 us, workers (us): 122,  61, 250,  28,   0,   0, 
[2026-04-03T02:52:55.937+0600][54.564s][info][gc,stats       ]       Unload Classes               1434 us, parallelism: 4.86x
[2026-04-03T02:52:55.937+0600][54.564s][info][gc,stats       ]         DCU: <total>               6971 us
[2026-04-03T02:52:55.937+0600][54.564s][info][gc,stats       ]         DCU: Unload Code Caches     6971 us, workers (us): 1192, 1191, 1146, 1164, 1133, 1145, 
[2026-04-03T02:52:55.937+0600][54.564s][info][gc,stats       ]       Weak Roots                    165 us, parallelism: 2.90x
[2026-04-03T02:52:55.937+0600][54.564s][info][gc,stats       ]         DWR: <total>                479 us
[2026-04-03T02:52:55.937+0600][54.564s][info][gc,stats       ]         DWR: VM Weak Roots          479 us, workers (us): 124, 121,  96,  66,  50,  21, 
[2026-04-03T02:52:55.937+0600][54.564s][info][gc,stats       ]       CLDG                            3 us
[2026-04-03T02:52:55.937+0600][54.564s][info][gc,stats       ]   Update Region States               21 us
[2026-04-03T02:52:55.937+0600][54.564s][info][gc,stats       ]   Manage GC/TLABs                     8 us
[2026-04-03T02:52:55.937+0600][54.564s][info][gc,stats       ]   Choose Collection Set             167 us
[2026-04-03T02:52:55.937+0600][54.564s][info][gc,stats       ]   Rebuild Free Set                   38 us
[2026-04-03T02:52:55.937+0600][54.564s][info][gc,stats       ]   Evacuation                       6434 us
[2026-04-03T02:52:55.937+0600][54.564s][info][gc,stats       ]   Manage GCLABs                      23 us
[2026-04-03T02:52:55.937+0600][54.564s][info][gc,stats       ]   Update References               96752 us
[2026-04-03T02:52:55.937+0600][54.564s][info][gc,stats       ]   Update Region States              131 us
[2026-04-03T02:52:55.937+0600][54.564s][info][gc,stats       ]   Trash Collection Set                5 us
[2026-04-03T02:52:55.937+0600][54.564s][info][gc,stats       ]   Rebuild Free Set                   36 us
[2026-04-03T02:52:55.937+0600][54.564s][info][gc,stats       ]   Degen Update Roots               1563 us, parallelism: 5.17x
[2026-04-03T02:52:55.937+0600][54.564s][info][gc,stats       ]     DU: <total>                    8084 us
[2026-04-03T02:52:55.937+0600][54.564s][info][gc,stats       ]     DU: Thread Roots                588 us, workers (us): 178,  44, 127, 122,  80,  37, 
[2026-04-03T02:52:55.937+0600][54.564s][info][gc,stats       ]     DU: Code Cache Roots           6240 us, workers (us): 972, 1109, 1042, 999, 1076, 1041, 
[2026-04-03T02:52:55.937+0600][54.564s][info][gc,stats       ]     DU: VM Strong Roots              13 us, workers (us):   9,   1,   1,   1,   1,   1, 
[2026-04-03T02:52:55.937+0600][54.564s][info][gc,stats       ]     DU: VM Weak Roots               721 us, workers (us): 213, 131, 104, 104,  84,  84, 
[2026-04-03T02:52:55.937+0600][54.564s][info][gc,stats       ]     DU: CLDG Roots                  522 us, workers (us):  73,  64,  65, 113,  64, 142, 
[2026-04-03T02:52:55.937+0600][54.564s][info][gc,stats       ]   Cleanup                           313 us
[2026-04-03T02:52:55.937+0600][54.564s][info][gc,stats       ]   Pre Heap Dump                       1 us
[2026-04-03T02:52:55.937+0600][54.564s][info][gc,stats       ]   Prepare                           800 us
[2026-04-03T02:52:55.937+0600][54.564s][info][gc,stats       ]   Mark                          4113662 us, parallelism: 5.99x
[2026-04-03T02:52:55.937+0600][54.564s][info][gc,stats       ]     FM: <total>                24660530 us
[2026-04-03T02:52:55.937+0600][54.564s][info][gc,stats       ]     FM: Thread Roots                670 us, workers (us): 167, 165, 103, 124,  58,  52, 
[2026-04-03T02:52:55.937+0600][54.564s][info][gc,stats       ]     FM: VM Strong Roots              23 us, workers (us):   0,   7,   5,   0,   5,   5, 
[2026-04-03T02:52:55.937+0600][54.564s][info][gc,stats       ]     FM: CLDG Roots                  257 us, workers (us): 124,  30,  27,  17,  30,  30, 
[2026-04-03T02:52:55.937+0600][54.564s][info][gc,stats       ]     FM: Parallel Mark          24659579 us, workers (us): 4109994, 4109923, 4110079, 4109933, 4109844, 4109806, 
[2026-04-03T02:52:55.937+0600][54.564s][info][gc,stats       ]     System Purge                   2261 us
[2026-04-03T02:52:55.937+0600][54.564s][info][gc,stats       ]       Weak References               517 us, parallelism: 1.02x
[2026-04-03T02:52:55.937+0600][54.564s][info][gc,stats       ]         WRP: <total>                527 us
[2026-04-03T02:52:55.937+0600][54.564s][info][gc,stats       ]         WRP: Weak References        527 us, workers (us): 311,  15, 200,   0,   0,   0, 
[2026-04-03T02:52:55.937+0600][54.564s][info][gc,stats       ]       Unload Classes               1506 us, parallelism: 4.85x
[2026-04-03T02:52:55.937+0600][54.564s][info][gc,stats       ]         CU: <total>                7305 us
[2026-04-03T02:52:55.937+0600][54.564s][info][gc,stats       ]         CU: Unload Code Caches     7305 us, workers (us): 1289, 1214, 1220, 1224, 1175, 1182, 
[2026-04-03T02:52:55.937+0600][54.564s][info][gc,stats       ]       Weak Roots                    211 us, parallelism: 2.30x
[2026-04-03T02:52:55.938+0600][54.564s][info][gc,stats       ]         WR: <total>                 486 us
[2026-04-03T02:52:55.938+0600][54.564s][info][gc,stats       ]         WR: VM Weak Roots           486 us, workers (us): 165,  88,  84,  69,  40,  40, 
[2026-04-03T02:52:55.938+0600][54.564s][info][gc,stats       ]       CLDG                            2 us
[2026-04-03T02:52:55.938+0600][54.564s][info][gc,stats       ]   Calculate Addresses             83088 us
[2026-04-03T02:52:55.938+0600][54.564s][info][gc,stats       ]     Regular Objects               82989 us
[2026-04-03T02:52:55.938+0600][54.564s][info][gc,stats       ]     Humongous Objects                26 us
[2026-04-03T02:52:55.938+0600][54.564s][info][gc,stats       ]   Adjust Pointers                 97459 us
[2026-04-03T02:52:55.938+0600][54.564s][info][gc,stats       ]     FA: <total>                    6796 us
[2026-04-03T02:52:55.938+0600][54.564s][info][gc,stats       ]     FA: Thread Roots                449 us, workers (us):  44, 209,   2,  21,  77,  96, 
[2026-04-03T02:52:55.938+0600][54.564s][info][gc,stats       ]     FA: Code Cache Roots           5405 us, workers (us): 850, 770, 1057, 953, 892, 882, 
[2026-04-03T02:52:55.938+0600][54.564s][info][gc,stats       ]     FA: VM Strong Roots              16 us, workers (us):  13,   1,   1,   1,   1,   1, 
[2026-04-03T02:52:55.938+0600][54.564s][info][gc,stats       ]     FA: VM Weak Roots               533 us, workers (us): 150,  99,  85,  83,  58,  58, 
[2026-04-03T02:52:55.938+0600][54.564s][info][gc,stats       ]     FA: CLDG Roots                  393 us, workers (us): 123,  35, 115,  39,  45,  36, 
[2026-04-03T02:52:55.938+0600][54.564s][info][gc,stats       ]   Copy Objects                    89568 us
[2026-04-03T02:52:55.938+0600][54.564s][info][gc,stats       ]     Regular Objects               88687 us
[2026-04-03T02:52:55.938+0600][54.564s][info][gc,stats       ]     Humongous Objects                20 us
[2026-04-03T02:52:55.938+0600][54.564s][info][gc,stats       ]     Reset Complete Bitmap           642 us
[2026-04-03T02:52:55.938+0600][54.564s][info][gc,stats       ]     Rebuild Region Sets             216 us
[2026-04-03T02:52:55.938+0600][54.564s][info][gc,stats       ]   Post Heap Dump                      1 us
[2026-04-03T02:52:55.938+0600][54.564s][info][gc,stats       ] 
[2026-04-03T02:52:55.938+0600][54.564s][info][gc,stats       ] Allocation pacing accrued:
[2026-04-03T02:52:55.938+0600][54.564s][info][gc,stats       ]       0 of  8770 ms (  0.0%): <total>
[2026-04-03T02:52:55.938+0600][54.564s][info][gc,stats       ]       0 of  8770 ms (  0.0%): <average total>
[2026-04-03T02:52:55.938+0600][54.564s][info][gc,stats       ] 
[2026-04-03T02:52:55.938+0600][54.564s][info][gc,metaspace   ] Metaspace: 49112K(49664K)->49114K(49664K) NonClass: 42994K(43328K)->42995K(43328K) Class: 6118K(6336K)->6118K(6336K)
[2026-04-03T02:52:55.938+0600][54.564s][info][gc,ergo        ] Pacer for Idle. Initial: 10240K, Alloc Tax Rate: 1.0x
[2026-04-03T02:52:55.938+0600][54.564s][info][gc             ] Failed to allocate TLAB, 2648B
[2026-04-03T02:52:55.938+0600][54.565s][info][gc             ] Cancelling GC: Allocation Failure
[2026-04-03T02:52:55.939+0600][54.565s][info][gc             ] Trigger: Handle Allocation Failure
[2026-04-03T02:52:55.939+0600][54.565s][info][gc,ergo        ] Free: 0B, Max: 0B regular, 0B humongous, Frag: 0% external, 0% internal; Reserve: 24576K, Max: 256K
[2026-04-03T02:52:55.939+0600][54.565s][info][gc,start       ] GC(15) Pause Degenerated GC (Outside of Cycle)
[2026-04-03T02:52:55.939+0600][54.565s][info][gc,task        ] GC(15) Using 6 of 6 workers for stw degenerated gc
[2026-04-03T02:52:55.939+0600][54.566s][info][gc,ref         ] GC(15) Clearing All SoftReferences
[2026-04-03T02:53:00.138+0600][58.765s][info][gc,ref         ] GC(15) Encountered references: Soft: 2426, Weak: 2627, Final: 74, Phantom: 585
[2026-04-03T02:53:00.138+0600][58.765s][info][gc,ref         ] GC(15) Discovered  references: Soft: 219, Weak: 1449, Final: 74, Phantom: 456
[2026-04-03T02:53:00.138+0600][58.765s][info][gc,ref         ] GC(15) Enqueued    references: Soft: 3, Weak: 2, Final: 0, Phantom: 0
[2026-04-03T02:53:00.140+0600][58.767s][info][gc,ergo        ] GC(15) Adaptive CSet Selection. Target Free: 72533K, Actual Free: 24576K, Max CSet: 21333K, Min Garbage: 47957K
[2026-04-03T02:53:00.141+0600][58.767s][info][gc,ergo        ] GC(15) Collectable Garbage: 174K (100%), Immediate: 0B (0%), CSet: 174K (100%)
[2026-04-03T02:53:00.246+0600][58.872s][info][gc,ergo        ] GC(15) Bad progress for free space: 30056B, need 5120K
[2026-04-03T02:53:00.246+0600][58.872s][info][gc             ] GC(15) Cancelling GC: Upgrade To Full GC
[2026-04-03T02:53:00.247+0600][58.873s][info][gc,phases,start] GC(15) Phase 1: Mark live objects
[2026-04-03T02:53:00.247+0600][58.873s][info][gc,ref         ] GC(15) Clearing All SoftReferences
[2026-04-03T02:53:00.247+0600][58.873s][info][gc,ref         ] GC(15) Clearing All SoftReferences
[2026-04-03T02:53:04.477+0600][63.103s][info][gc,ref         ] GC(15) Encountered references: Soft: 2423, Weak: 2625, Final: 74, Phantom: 585
[2026-04-03T02:53:04.477+0600][63.103s][info][gc,ref         ] GC(15) Discovered  references: Soft: 215, Weak: 1442, Final: 74, Phantom: 580
[2026-04-03T02:53:04.477+0600][63.103s][info][gc,ref         ] GC(15) Enqueued    references: Soft: 0, Weak: 0, Final: 0, Phantom: 0
[2026-04-03T02:53:04.479+0600][63.105s][info][gc,phases      ] GC(15) Phase 1: Mark live objects 4231.916ms
[2026-04-03T02:53:04.479+0600][63.105s][info][gc,phases,start] GC(15) Phase 2: Compute new object addresses
[2026-04-03T02:53:04.559+0600][63.186s][info][gc,phases      ] GC(15) Phase 2: Compute new object addresses 80.364ms
[2026-04-03T02:53:04.559+0600][63.186s][info][gc,phases,start] GC(15) Phase 3: Adjust pointers
[2026-04-03T02:53:04.656+0600][63.283s][info][gc,phases      ] GC(15) Phase 3: Adjust pointers 96.985ms
[2026-04-03T02:53:04.656+0600][63.283s][info][gc,phases,start] GC(15) Phase 4: Move objects
[2026-04-03T02:53:04.746+0600][63.372s][info][gc,phases      ] GC(15) Phase 4: Move objects 89.220ms
[2026-04-03T02:53:04.746+0600][63.372s][info][gc,ergo        ] GC(15) Bad progress for free space: 724K, need 5120K
[2026-04-03T02:53:04.746+0600][63.372s][info][gc             ] GC(15) Pause Degenerated GC (Outside of Cycle) 474M->474M(500M) 8806.965ms
[2026-04-03T02:53:04.746+0600][63.372s][info][gc,ergo        ] Free: 724K, Max: 254K regular, 0B humongous, Frag: 0% external, 99% internal; Reserve: 24064K, Max: 256K
[2026-04-03T02:53:04.746+0600][63.372s][info][gc,stats       ] 
[2026-04-03T02:53:04.746+0600][63.372s][info][gc,stats       ] All times are wall-clock times, except per-root-class counters, that are sum over
[2026-04-03T02:53:04.746+0600][63.372s][info][gc,stats       ] all workers. Dividing the <total> over the root stage time estimates parallelism.
[2026-04-03T02:53:04.746+0600][63.372s][info][gc,stats       ] 
[2026-04-03T02:53:04.746+0600][63.373s][info][gc,stats       ] Pause Degenerated GC (G)        8807221 us
[2026-04-03T02:53:04.746+0600][63.373s][info][gc,stats       ] Pause Degenerated GC (N)        8806975 us
[2026-04-03T02:53:04.746+0600][63.373s][info][gc,stats       ]   Degen STW Mark                4198804 us, parallelism: 6.00x
[2026-04-03T02:53:04.746+0600][63.373s][info][gc,stats       ]     DSM: <total>               25187583 us
[2026-04-03T02:53:04.746+0600][63.373s][info][gc,stats       ]     DSM: Thread Roots               913 us, workers (us): 105, 101, 104, 103, 204, 295, 
[2026-04-03T02:53:04.746+0600][63.373s][info][gc,stats       ]     DSM: VM Strong Roots             17 us, workers (us):   0,   5,   5,   6,   0,   0, 
[2026-04-03T02:53:04.746+0600][63.373s][info][gc,stats       ]     DSM: CLDG Roots                 191 us, workers (us):  99,  27,  23,  22,  13,   6, 
[2026-04-03T02:53:04.746+0600][63.373s][info][gc,stats       ]     DSM: Parallel Mark         25186463 us, workers (us): 4197715, 4197888, 4197889, 4197751, 4197654, 4197568, 
[2026-04-03T02:53:04.746+0600][63.373s][info][gc,stats       ]     System Purge                   2267 us
[2026-04-03T02:53:04.746+0600][63.373s][info][gc,stats       ]       Weak References               350 us, parallelism: 0.84x
[2026-04-03T02:53:04.746+0600][63.373s][info][gc,stats       ]         WRP: <total>                294 us
[2026-04-03T02:53:04.746+0600][63.373s][info][gc,stats       ]         WRP: Weak References        294 us, workers (us): 148,  79,  32,  34,   0,   0, 
[2026-04-03T02:53:04.746+0600][63.373s][info][gc,stats       ]       Unload Classes               1695 us, parallelism: 4.73x
[2026-04-03T02:53:04.746+0600][63.373s][info][gc,stats       ]         DCU: <total>               8011 us
[2026-04-03T02:53:04.746+0600][63.373s][info][gc,stats       ]         DCU: Unload Code Caches     8011 us, workers (us): 1371, 1384, 1316, 1321, 1312, 1307, 
[2026-04-03T02:53:04.746+0600][63.373s][info][gc,stats       ]       Weak Roots                    197 us, parallelism: 2.34x
[2026-04-03T02:53:04.746+0600][63.373s][info][gc,stats       ]         DWR: <total>                459 us
[2026-04-03T02:53:04.746+0600][63.373s][info][gc,stats       ]         DWR: VM Weak Roots          459 us, workers (us): 154, 145,  55,  54,  27,  23, 
[2026-04-03T02:53:04.746+0600][63.373s][info][gc,stats       ]       CLDG                            6 us
[2026-04-03T02:53:04.746+0600][63.373s][info][gc,stats       ]   Update Region States               27 us
[2026-04-03T02:53:04.746+0600][63.373s][info][gc,stats       ]   Manage GC/TLABs                     8 us
[2026-04-03T02:53:04.746+0600][63.373s][info][gc,stats       ]   Choose Collection Set             184 us
[2026-04-03T02:53:04.746+0600][63.373s][info][gc,stats       ]   Rebuild Free Set                   39 us
[2026-04-03T02:53:04.746+0600][63.373s][info][gc,stats       ]   Evacuation                       6650 us
[2026-04-03T02:53:04.746+0600][63.373s][info][gc,stats       ]   Manage GCLABs                      14 us
[2026-04-03T02:53:04.746+0600][63.373s][info][gc,stats       ]   Update References               95640 us
[2026-04-03T02:53:04.746+0600][63.373s][info][gc,stats       ]   Update Region States               29 us
[2026-04-03T02:53:04.746+0600][63.373s][info][gc,stats       ]   Trash Collection Set                5 us
[2026-04-03T02:53:04.746+0600][63.373s][info][gc,stats       ]   Rebuild Free Set                   38 us
[2026-04-03T02:53:04.746+0600][63.373s][info][gc,stats       ]   Degen Update Roots               1857 us, parallelism: 4.40x
[2026-04-03T02:53:04.746+0600][63.373s][info][gc,stats       ]     DU: <total>                    8179 us
[2026-04-03T02:53:04.746+0600][63.373s][info][gc,stats       ]     DU: Thread Roots                555 us, workers (us): 180,   4, 166, 166,  34,   5, 
[2026-04-03T02:53:04.747+0600][63.373s][info][gc,stats       ]     DU: Code Cache Roots           6369 us, workers (us): 951, 1073, 977, 970, 1048, 1349, 
[2026-04-03T02:53:04.747+0600][63.373s][info][gc,stats       ]     DU: VM Strong Roots              16 us, workers (us):  12,   1,   1,   1,   1,   1, 
[2026-04-03T02:53:04.747+0600][63.373s][info][gc,stats       ]     DU: VM Weak Roots               732 us, workers (us): 205, 144, 143,  98,  72,  69, 
[2026-04-03T02:53:04.747+0600][63.373s][info][gc,stats       ]     DU: CLDG Roots                  508 us, workers (us):  69, 124,  64,  64, 122,  64, 
[2026-04-03T02:53:04.747+0600][63.373s][info][gc,stats       ]   Cleanup                           297 us
[2026-04-03T02:53:04.747+0600][63.373s][info][gc,stats       ]   Pre Heap Dump                       1 us
[2026-04-03T02:53:04.747+0600][63.373s][info][gc,stats       ]   Prepare                           875 us
[2026-04-03T02:53:04.747+0600][63.373s][info][gc,stats       ]   Mark                          4231881 us, parallelism: 6.00x
[2026-04-03T02:53:04.747+0600][63.373s][info][gc,stats       ]     FM: <total>                25373664 us
[2026-04-03T02:53:04.747+0600][63.373s][info][gc,stats       ]     FM: Thread Roots                642 us, workers (us): 178, 119, 111,  94,  83,  58, 
[2026-04-03T02:53:04.747+0600][63.373s][info][gc,stats       ]     FM: VM Strong Roots              20 us, workers (us):   0,   1,   1,   6,   7,   6, 
[2026-04-03T02:53:04.747+0600][63.373s][info][gc,stats       ]     FM: CLDG Roots                  245 us, workers (us): 123,  21,  17,  23,  31,  30, 
[2026-04-03T02:53:04.747+0600][63.373s][info][gc,stats       ]     FM: Parallel Mark          25372758 us, workers (us): 4228659, 4228876, 4228875, 4228790, 4228796, 4228763, 
[2026-04-03T02:53:04.747+0600][63.373s][info][gc,stats       ]     System Purge                   2047 us
[2026-04-03T02:53:04.747+0600][63.373s][info][gc,stats       ]       Weak References               275 us, parallelism: 1.12x
[2026-04-03T02:53:04.747+0600][63.373s][info][gc,stats       ]         WRP: <total>                308 us
[2026-04-03T02:53:04.747+0600][63.373s][info][gc,stats       ]         WRP: Weak References        308 us, workers (us): 149,  15,  29,  32,  82,   0, 
[2026-04-03T02:53:04.747+0600][63.373s][info][gc,stats       ]       Unload Classes               1611 us, parallelism: 4.67x
[2026-04-03T02:53:04.747+0600][63.373s][info][gc,stats       ]         CU: <total>                7520 us
[2026-04-03T02:53:04.747+0600][63.373s][info][gc,stats       ]         CU: Unload Code Caches     7520 us, workers (us): 1279, 1282, 1245, 1215, 1275, 1224, 
[2026-04-03T02:53:04.747+0600][63.373s][info][gc,stats       ]       Weak Roots                    147 us, parallelism: 3.47x
[2026-04-03T02:53:04.747+0600][63.373s][info][gc,stats       ]         WR: <total>                 509 us
[2026-04-03T02:53:04.747+0600][63.373s][info][gc,stats       ]         WR: VM Weak Roots           509 us, workers (us): 115, 109, 109, 106,  48,  22, 
[2026-04-03T02:53:04.747+0600][63.373s][info][gc,stats       ]       CLDG                            3 us
[2026-04-03T02:53:04.747+0600][63.373s][info][gc,stats       ]   Calculate Addresses             80352 us
[2026-04-03T02:53:04.747+0600][63.373s][info][gc,stats       ]     Regular Objects               80198 us
[2026-04-03T02:53:04.747+0600][63.373s][info][gc,stats       ]     Humongous Objects                31 us
[2026-04-03T02:53:04.747+0600][63.373s][info][gc,stats       ]   Adjust Pointers                 96973 us
[2026-04-03T02:53:04.747+0600][63.373s][info][gc,stats       ]     FA: <total>                    7477 us
[2026-04-03T02:53:04.747+0600][63.373s][info][gc,stats       ]     FA: Thread Roots                501 us, workers (us): 130, 209,  60,   3,   3,  97, 
[2026-04-03T02:53:04.747+0600][63.373s][info][gc,stats       ]     FA: Code Cache Roots           5744 us, workers (us): 817, 827, 1001, 1200, 968, 931, 
[2026-04-03T02:53:04.747+0600][63.373s][info][gc,stats       ]     FA: VM Strong Roots              15 us, workers (us):  12,   1,   1,   1,   1,   1, 
[2026-04-03T02:53:04.747+0600][63.373s][info][gc,stats       ]     FA: VM Weak Roots               577 us, workers (us): 148, 119,  96,  96,  74,  44, 
[2026-04-03T02:53:04.747+0600][63.373s][info][gc,stats       ]     FA: CLDG Roots                  640 us, workers (us): 169,  78,  82,  79, 145,  87, 
[2026-04-03T02:53:04.747+0600][63.373s][info][gc,stats       ]   Copy Objects                    89187 us
[2026-04-03T02:53:04.747+0600][63.373s][info][gc,stats       ]     Regular Objects               88251 us
[2026-04-03T02:53:04.747+0600][63.373s][info][gc,stats       ]     Humongous Objects                22 us
[2026-04-03T02:53:04.747+0600][63.373s][info][gc,stats       ]     Reset Complete Bitmap           639 us
[2026-04-03T02:53:04.747+0600][63.373s][info][gc,stats       ]     Rebuild Region Sets             270 us
[2026-04-03T02:53:04.747+0600][63.373s][info][gc,stats       ]   Post Heap Dump                      1 us
[2026-04-03T02:53:04.747+0600][63.373s][info][gc,stats       ] 
[2026-04-03T02:53:04.747+0600][63.373s][info][gc,stats       ] Allocation pacing accrued:
[2026-04-03T02:53:04.747+0600][63.373s][info][gc,stats       ]       0 of  8809 ms (  0.0%): <total>
[2026-04-03T02:53:04.747+0600][63.373s][info][gc,stats       ]       0 of  8809 ms (  0.0%): <average total>
[2026-04-03T02:53:04.747+0600][63.373s][info][gc,stats       ] 
[2026-04-03T02:53:04.747+0600][63.373s][info][gc,metaspace   ] Metaspace: 49114K(49664K)->49114K(49664K) NonClass: 42995K(43328K)->42996K(43328K) Class: 6118K(6336K)->6118K(6336K)
[2026-04-03T02:53:04.747+0600][63.373s][info][gc,ergo        ] Pacer for Idle. Initial: 10240K, Alloc Tax Rate: 1.0x
[2026-04-03T02:53:04.748+0600][63.374s][info][gc             ] Failed to allocate TLAB, 2656B
[2026-04-03T02:53:04.748+0600][63.374s][info][gc             ] Cancelling GC: Allocation Failure
[2026-04-03T02:53:04.748+0600][63.374s][info][gc             ] Trigger: Handle Allocation Failure
[2026-04-03T02:53:04.748+0600][63.374s][info][gc,ergo        ] Free: 0B, Max: 0B regular, 0B humongous, Frag: 0% external, 0% internal; Reserve: 24064K, Max: 256K
[2026-04-03T02:53:04.748+0600][63.374s][info][gc,start       ] GC(16) Pause Degenerated GC (Outside of Cycle)
[2026-04-03T02:53:04.748+0600][63.374s][info][gc,task        ] GC(16) Using 6 of 6 workers for stw degenerated gc
[2026-04-03T02:53:04.748+0600][63.375s][info][gc,ref         ] GC(16) Clearing All SoftReferences
[2026-04-03T02:53:08.283+0600][66.910s][info][gc,ref         ] GC(16) Encountered references: Soft: 2424, Weak: 2637, Final: 74, Phantom: 585
[2026-04-03T02:53:08.283+0600][66.910s][info][gc,ref         ] GC(16) Discovered  references: Soft: 223, Weak: 1211, Final: 74, Phantom: 580
[2026-04-03T02:53:08.283+0600][66.910s][info][gc,ref         ] GC(16) Enqueued    references: Soft: 1, Weak: 5, Final: 0, Phantom: 0
[2026-04-03T02:53:08.285+0600][66.912s][info][gc,ergo        ] GC(16) Adaptive CSet Selection. Target Free: 72533K, Actual Free: 24064K, Max CSet: 21333K, Min Garbage: 48469K
[2026-04-03T02:53:08.285+0600][66.912s][info][gc,ergo        ] GC(16) Collectable Garbage: 191K (100%), Immediate: 0B (0%), CSet: 191K (100%)
[2026-04-03T02:53:08.401+0600][67.027s][info][gc,ergo        ] GC(16) Bad progress for free space: 29376B, need 5120K
[2026-04-03T02:53:08.401+0600][67.027s][info][gc             ] GC(16) Cancelling GC: Upgrade To Full GC
[2026-04-03T02:53:08.402+0600][67.028s][info][gc,phases,start] GC(16) Phase 1: Mark live objects
[2026-04-03T02:53:08.402+0600][67.028s][info][gc,ref         ] GC(16) Clearing All SoftReferences
[2026-04-03T02:53:08.402+0600][67.028s][info][gc,ref         ] GC(16) Clearing All SoftReferences
[2026-04-03T02:53:12.605+0600][71.232s][info][gc,ref         ] GC(16) Encountered references: Soft: 2423, Weak: 2632, Final: 74, Phantom: 585
[2026-04-03T02:53:12.605+0600][71.232s][info][gc,ref         ] GC(16) Discovered  references: Soft: 223, Weak: 1134, Final: 74, Phantom: 581
[2026-04-03T02:53:12.605+0600][71.232s][info][gc,ref         ] GC(16) Enqueued    references: Soft: 0, Weak: 0, Final: 0, Phantom: 0
[2026-04-03T02:53:12.607+0600][71.233s][info][gc,phases      ] GC(16) Phase 1: Mark live objects 4205.567ms
[2026-04-03T02:53:12.607+0600][71.234s][info][gc,phases,start] GC(16) Phase 2: Compute new object addresses
[2026-04-03T02:53:12.692+0600][71.318s][info][gc,phases      ] GC(16) Phase 2: Compute new object addresses 84.921ms
[2026-04-03T02:53:12.692+0600][71.319s][info][gc,phases,start] GC(16) Phase 3: Adjust pointers
[2026-04-03T02:53:12.789+0600][71.415s][info][gc,phases      ] GC(16) Phase 3: Adjust pointers 96.668ms
[2026-04-03T02:53:12.789+0600][71.415s][info][gc,phases,start] GC(16) Phase 4: Move objects
[2026-04-03T02:53:12.877+0600][71.503s][info][gc,phases      ] GC(16) Phase 4: Move objects 88.058ms
[2026-04-03T02:53:12.877+0600][71.504s][info][gc,ergo        ] GC(16) Bad progress for free space: 224K, need 5120K
[2026-04-03T02:53:12.877+0600][71.504s][info][gc             ] GC(16) Pause Degenerated GC (Outside of Cycle) 475M->475M(500M) 8129.222ms
[2026-04-03T02:53:12.878+0600][71.504s][info][gc,ergo        ] Free: 194K, Max: 109K regular, 0B humongous, Frag: 0% external, 99% internal; Reserve: 24064K, Max: 256K
[2026-04-03T02:53:12.878+0600][71.504s][info][gc,stats       ] 
[2026-04-03T02:53:12.878+0600][71.504s][info][gc,stats       ] All times are wall-clock times, except per-root-class counters, that are sum over
[2026-04-03T02:53:12.878+0600][71.504s][info][gc,stats       ] all workers. Dividing the <total> over the root stage time estimates parallelism.
[2026-04-03T02:53:12.878+0600][71.504s][info][gc,stats       ] 
[2026-04-03T02:53:12.878+0600][71.504s][info][gc,stats       ] Pause Degenerated GC (G)        8129433 us
[2026-04-03T02:53:12.878+0600][71.504s][info][gc,stats       ] Pause Degenerated GC (N)        8129233 us
[2026-04-03T02:53:12.878+0600][71.504s][info][gc,stats       ]   Degen STW Mark                3534904 us, parallelism: 6.00x
[2026-04-03T02:53:12.878+0600][71.504s][info][gc,stats       ]     DSM: <total>               21203617 us
[2026-04-03T02:53:12.878+0600][71.504s][info][gc,stats       ]     DSM: Thread Roots               551 us, workers (us): 163, 157,  80,  80,  40,  30, 
[2026-04-03T02:53:12.878+0600][71.504s][info][gc,stats       ]     DSM: VM Strong Roots             17 us, workers (us):   0,   0,   6,   5,   0,   5, 
[2026-04-03T02:53:12.878+0600][71.504s][info][gc,stats       ]     DSM: CLDG Roots                 252 us, workers (us):   8,  14,  27,  26, 151,  26, 
[2026-04-03T02:53:12.878+0600][71.504s][info][gc,stats       ]     DSM: Parallel Mark         21202797 us, workers (us): 3533895, 3533879, 3533862, 3533882, 3533657, 3533622, 
[2026-04-03T02:53:12.878+0600][71.504s][info][gc,stats       ]     System Purge                   1990 us
[2026-04-03T02:53:12.878+0600][71.504s][info][gc,stats       ]       Weak References               337 us, parallelism: 0.71x
[2026-04-03T02:53:12.878+0600][71.504s][info][gc,stats       ]         WRP: <total>                239 us
[2026-04-03T02:53:12.878+0600][71.504s][info][gc,stats       ]         WRP: Weak References        239 us, workers (us): 148,  42,  48,   0,   0,   0, 
[2026-04-03T02:53:12.878+0600][71.504s][info][gc,stats       ]       Unload Classes               1490 us, parallelism: 5.42x
[2026-04-03T02:53:12.878+0600][71.504s][info][gc,stats       ]         DCU: <total>               8080 us
[2026-04-03T02:53:12.878+0600][71.504s][info][gc,stats       ]         DCU: Unload Code Caches     8080 us, workers (us): 1381, 1365, 1344, 1349, 1343, 1299, 
[2026-04-03T02:53:12.878+0600][71.504s][info][gc,stats       ]       Weak Roots                    151 us, parallelism: 3.42x
[2026-04-03T02:53:12.878+0600][71.504s][info][gc,stats       ]         DWR: <total>                515 us
[2026-04-03T02:53:12.878+0600][71.504s][info][gc,stats       ]         DWR: VM Weak Roots          515 us, workers (us): 117, 110, 108,  92,  50,  38, 
[2026-04-03T02:53:12.878+0600][71.504s][info][gc,stats       ]       CLDG                            3 us
[2026-04-03T02:53:12.878+0600][71.504s][info][gc,stats       ]   Update Region States               48 us
[2026-04-03T02:53:12.878+0600][71.504s][info][gc,stats       ]   Manage GC/TLABs                     9 us
[2026-04-03T02:53:12.878+0600][71.504s][info][gc,stats       ]   Choose Collection Set             211 us
[2026-04-03T02:53:12.878+0600][71.504s][info][gc,stats       ]   Rebuild Free Set                   43 us
[2026-04-03T02:53:12.878+0600][71.504s][info][gc,stats       ]   Evacuation                       7835 us
[2026-04-03T02:53:12.878+0600][71.504s][info][gc,stats       ]   Manage GCLABs                      25 us
[2026-04-03T02:53:12.878+0600][71.504s][info][gc,stats       ]   Update References              104045 us
[2026-04-03T02:53:12.878+0600][71.504s][info][gc,stats       ]   Update Region States              113 us
[2026-04-03T02:53:12.878+0600][71.504s][info][gc,stats       ]   Trash Collection Set                5 us
[2026-04-03T02:53:12.878+0600][71.504s][info][gc,stats       ]   Rebuild Free Set                   37 us
[2026-04-03T02:53:12.878+0600][71.504s][info][gc,stats       ]   Degen Update Roots               1620 us, parallelism: 5.09x
[2026-04-03T02:53:12.878+0600][71.504s][info][gc,stats       ]     DU: <total>                    8246 us
[2026-04-03T02:53:12.878+0600][71.504s][info][gc,stats       ]     DU: Thread Roots                569 us, workers (us): 209,  92,  53,  38,  23, 155, 
[2026-04-03T02:53:12.878+0600][71.504s][info][gc,stats       ]     DU: Code Cache Roots           6361 us, workers (us): 960, 1082, 1122, 1085, 1093, 1019, 
[2026-04-03T02:53:12.878+0600][71.504s][info][gc,stats       ]     DU: VM Strong Roots              14 us, workers (us):  10,   1,   0,   1,   1,   1, 
[2026-04-03T02:53:12.878+0600][71.504s][info][gc,stats       ]     DU: VM Weak Roots               761 us, workers (us): 188, 142, 130, 126,  99,  76, 
[2026-04-03T02:53:12.878+0600][71.504s][info][gc,stats       ]     DU: CLDG Roots                  540 us, workers (us):  75,  70,  67, 120, 139,  69, 
[2026-04-03T02:53:12.878+0600][71.504s][info][gc,stats       ]   Cleanup                           322 us
[2026-04-03T02:53:12.878+0600][71.504s][info][gc,stats       ]   Pre Heap Dump                       1 us
[2026-04-03T02:53:12.878+0600][71.504s][info][gc,stats       ]   Prepare                           871 us
[2026-04-03T02:53:12.878+0600][71.504s][info][gc,stats       ]   Mark                          4205477 us, parallelism: 6.00x
[2026-04-03T02:53:12.878+0600][71.504s][info][gc,stats       ]     FM: <total>                25212105 us
[2026-04-03T02:53:12.878+0600][71.504s][info][gc,stats       ]     FM: Thread Roots                716 us, workers (us): 175, 126, 158, 114,  72,  71, 
[2026-04-03T02:53:12.878+0600][71.504s][info][gc,stats       ]     FM: VM Strong Roots              22 us, workers (us):   0,   6,   0,   6,   4,   5, 
[2026-04-03T02:53:12.878+0600][71.504s][info][gc,stats       ]     FM: CLDG Roots                  274 us, workers (us): 141,  32,   7,  32,  31,  31, 
[2026-04-03T02:53:12.878+0600][71.504s][info][gc             ] Failed to allocate TLAB, 2704B
[2026-04-03T02:53:12.878+0600][71.504s][info][gc             ] Cancelling GC: Allocation Failure
[2026-04-03T02:53:12.878+0600][71.504s][info][gc,stats       ]     FM: Parallel Mark          25211093 us, workers (us): 4201762, 4201875, 4201974, 4201873, 4201625, 4201984, 
[2026-04-03T02:53:12.878+0600][71.505s][info][gc,stats       ]     System Purge                   2205 us
[2026-04-03T02:53:12.878+0600][71.505s][info][gc,stats       ]       Weak References               385 us, parallelism: 0.89x
[2026-04-03T02:53:12.878+0600][71.505s][info][gc,stats       ]         WRP: <total>                344 us
[2026-04-03T02:53:12.878+0600][71.505s][info][gc,stats       ]         WRP: Weak References        344 us, workers (us):  76, 210,  43,   1,  13,   1, 
[2026-04-03T02:53:12.878+0600][71.505s][info][gc,stats       ]       Unload Classes               1602 us, parallelism: 5.04x
[2026-04-03T02:53:12.878+0600][71.505s][info][gc,stats       ]         CU: <total>                8075 us
[2026-04-03T02:53:12.878+0600][71.505s][info][gc,stats       ]         CU: Unload Code Caches     8075 us, workers (us): 1380, 1371, 1375, 1313, 1332, 1303, 
[2026-04-03T02:53:12.878+0600][71.505s][info][gc,stats       ]       Weak Roots                    200 us, parallelism: 2.60x
[2026-04-03T02:53:12.878+0600][71.505s][info][gc,stats       ]         WR: <total>                 522 us
[2026-04-03T02:53:12.878+0600][71.505s][info][gc,stats       ]         WR: VM Weak Roots           522 us, workers (us): 152, 108,  90,  91,  43,  37, 
[2026-04-03T02:53:12.878+0600][71.505s][info][gc,stats       ]       CLDG                            3 us
[2026-04-03T02:53:12.878+0600][71.505s][info][gc,stats       ]   Calculate Addresses             84912 us
[2026-04-03T02:53:12.878+0600][71.505s][info][gc,stats       ]     Regular Objects               84819 us
[2026-04-03T02:53:12.878+0600][71.505s][info][gc,stats       ]     Humongous Objects                29 us
[2026-04-03T02:53:12.878+0600][71.505s][info][gc,stats       ]   Adjust Pointers                 96650 us
[2026-04-03T02:53:12.878+0600][71.505s][info][gc,stats       ]     FA: <total>                    7405 us
[2026-04-03T02:53:12.878+0600][71.505s][info][gc,stats       ]     FA: Thread Roots                457 us, workers (us): 152, 221,   1,  25,  54,   4, 
[2026-04-03T02:53:12.878+0600][71.505s][info][gc,stats       ]     FA: Code Cache Roots           5803 us, workers (us): 839, 771, 1213, 975, 841, 1164, 
[2026-04-03T02:53:12.878+0600][71.505s][info][gc,stats       ]     FA: VM Strong Roots              16 us, workers (us):  12,   1,   1,   1,   1,   1, 
[2026-04-03T02:53:12.878+0600][71.505s][info][gc,stats       ]     FA: VM Weak Roots               584 us, workers (us): 156, 158,  86,  86,  63,  34, 
[2026-04-03T02:53:12.878+0600][71.505s][info][gc,stats       ]     FA: CLDG Roots                  544 us, workers (us):  61,  55,  68,  58, 154, 148, 
[2026-04-03T02:53:12.878+0600][71.505s][info][gc,stats       ]   Copy Objects                    88046 us
[2026-04-03T02:53:12.878+0600][71.505s][info][gc,stats       ]     Regular Objects               87031 us
[2026-04-03T02:53:12.878+0600][71.505s][info][gc,stats       ]     Humongous Objects                54 us
[2026-04-03T02:53:12.878+0600][71.505s][info][gc,stats       ]     Reset Complete Bitmap           724 us
[2026-04-03T02:53:12.878+0600][71.505s][info][gc,stats       ]     Rebuild Region Sets             236 us
[2026-04-03T02:53:12.878+0600][71.505s][info][gc,stats       ]   Post Heap Dump                      1 us
[2026-04-03T02:53:12.878+0600][71.505s][info][gc,stats       ] 
[2026-04-03T02:53:12.878+0600][71.505s][info][gc,stats       ] Allocation pacing accrued:
[2026-04-03T02:53:12.878+0600][71.505s][info][gc,stats       ]       0 of  8131 ms (  0.0%): <total>
[2026-04-03T02:53:12.878+0600][71.505s][info][gc,stats       ]       0 of  8131 ms (  0.0%): <average total>
[2026-04-03T02:53:12.878+0600][71.505s][info][gc,stats       ] 
[2026-04-03T02:53:12.878+0600][71.505s][info][gc,metaspace   ] Metaspace: 49117K(49664K)->49117K(49664K) NonClass: 42998K(43328K)->42998K(43328K) Class: 6119K(6336K)->6119K(6336K)
[2026-04-03T02:53:12.878+0600][71.505s][info][gc,ergo        ] Pacer for Idle. Initial: 10240K, Alloc Tax Rate: 1.0x
[2026-04-03T02:53:12.880+0600][71.506s][info][gc             ] Trigger: Handle Allocation Failure
[2026-04-03T02:53:12.880+0600][71.506s][info][gc,ergo        ] Free: 0B, Max: 0B regular, 0B humongous, Frag: 0% external, 0% internal; Reserve: 24064K, Max: 256K
[2026-04-03T02:53:12.880+0600][71.506s][info][gc,start       ] GC(17) Pause Full
[2026-04-03T02:53:12.880+0600][71.506s][info][gc,task        ] GC(17) Using 6 of 6 workers for full gc
[2026-04-03T02:53:12.880+0600][71.506s][info][gc,phases,start] GC(17) Phase 1: Mark live objects
[2026-04-03T02:53:12.880+0600][71.506s][info][gc,ref         ] GC(17) Clearing All SoftReferences
[2026-04-03T02:53:12.880+0600][71.507s][info][gc,ref         ] GC(17) Clearing All SoftReferences
[2026-04-03T02:53:16.985+0600][75.611s][info][gc,ref         ] GC(17) Encountered references: Soft: 2423, Weak: 2637, Final: 74, Phantom: 585
[2026-04-03T02:53:16.985+0600][75.612s][info][gc,ref         ] GC(17) Discovered  references: Soft: 215, Weak: 1128, Final: 74, Phantom: 581
[2026-04-03T02:53:16.985+0600][75.612s][info][gc,ref         ] GC(17) Enqueued    references: Soft: 0, Weak: 0, Final: 0, Phantom: 0
[2026-04-03T02:53:16.987+0600][75.613s][info][gc,phases      ] GC(17) Phase 1: Mark live objects 4106.738ms
[2026-04-03T02:53:16.987+0600][75.613s][info][gc,phases,start] GC(17) Phase 2: Compute new object addresses
[2026-04-03T02:53:17.067+0600][75.693s][info][gc,phases      ] GC(17) Phase 2: Compute new object addresses 79.743ms
[2026-04-03T02:53:17.067+0600][75.693s][info][gc,phases,start] GC(17) Phase 3: Adjust pointers
[2026-04-03T02:53:17.163+0600][75.789s][info][gc,phases      ] GC(17) Phase 3: Adjust pointers 95.967ms
[2026-04-03T02:53:17.163+0600][75.789s][info][gc,phases,start] GC(17) Phase 4: Move objects
[2026-04-03T02:53:17.238+0600][75.865s][info][gc,phases      ] GC(17) Phase 4: Move objects 75.656ms
[2026-04-03T02:53:17.239+0600][75.865s][info][gc,ergo        ] GC(17) Bad progress for free space: 97232B, need 5120K
[2026-04-03T02:53:17.239+0600][75.865s][info][gc             ] GC(17) Pause Full 475M->475M(500M) 4358.799ms
[2026-04-03T02:53:17.239+0600][75.865s][info][gc,ergo        ] Free: 97232B, Max: 25760B regular, 0B humongous, Frag: 0% external, 99% internal; Reserve: 24064K, Max: 256K
[2026-04-03T02:53:17.239+0600][75.865s][info][gc,stats       ] 
[2026-04-03T02:53:17.239+0600][75.865s][info][gc,stats       ] All times are wall-clock times, except per-root-class counters, that are sum over
[2026-04-03T02:53:17.239+0600][75.865s][info][gc,stats       ] all workers. Dividing the <total> over the root stage time estimates parallelism.
[2026-04-03T02:53:17.239+0600][75.865s][info][gc,stats       ] 
[2026-04-03T02:53:17.239+0600][75.865s][info][gc,stats       ] Pause Full GC (G)               4359001 us
[2026-04-03T02:53:17.239+0600][75.865s][info][gc,stats       ] Pause Full GC (N)               4358808 us
[2026-04-03T02:53:17.239+0600][75.865s][info][gc,stats       ]   Pre Heap Dump                       1 us
[2026-04-03T02:53:17.239+0600][75.865s][info][gc,stats       ]   Prepare                           200 us
[2026-04-03T02:53:17.239+0600][75.865s][info][gc,stats       ]   Mark                          4106723 us, parallelism: 6.00x
[2026-04-03T02:53:17.239+0600][75.865s][info][gc,stats       ]     FM: <total>                24622076 us
[2026-04-03T02:53:17.239+0600][75.865s][info][gc,stats       ]     FM: Thread Roots                654 us, workers (us): 187, 117, 117, 162,  39,  32, 
[2026-04-03T02:53:17.239+0600][75.865s][info][gc,stats       ]     FM: VM Strong Roots              19 us, workers (us):   0,   0,   7,   0,   6,   5, 
[2026-04-03T02:53:17.239+0600][75.865s][info][gc,stats       ]     FM: CLDG Roots                  229 us, workers (us):   5, 125,  29,  15,  28,  27, 
[2026-04-03T02:53:17.239+0600][75.865s][info][gc,stats       ]     FM: Parallel Mark          24621173 us, workers (us): 4103476, 4103458, 4103651, 4103382, 4103551, 4103655, 
[2026-04-03T02:53:17.239+0600][75.865s][info][gc,stats       ]     System Purge                   2051 us
[2026-04-03T02:53:17.239+0600][75.865s][info][gc,stats       ]       Weak References               399 us, parallelism: 0.76x
[2026-04-03T02:53:17.239+0600][75.865s][info][gc,stats       ]         WRP: <total>                303 us
[2026-04-03T02:53:17.239+0600][75.865s][info][gc,stats       ]         WRP: Weak References        303 us, workers (us): 194,  79,  28,   1,   0,   0, 
[2026-04-03T02:53:17.239+0600][75.865s][info][gc,stats       ]       Unload Classes               1399 us, parallelism: 5.45x
[2026-04-03T02:53:17.239+0600][75.865s][info][gc,stats       ]         CU: <total>                7630 us
[2026-04-03T02:53:17.239+0600][75.865s][info][gc,stats       ]         CU: Unload Code Caches     7630 us, workers (us): 1282, 1303, 1289, 1289, 1240, 1227, 
[2026-04-03T02:53:17.239+0600][75.865s][info][gc,stats       ]       Weak Roots                    232 us, parallelism: 2.12x
[2026-04-03T02:53:17.239+0600][75.865s][info][gc,stats       ]         WR: <total>                 493 us
[2026-04-03T02:53:17.239+0600][75.865s][info][gc,stats       ]         WR: VM Weak Roots           493 us, workers (us): 172, 167,  50,  50,  29,  24, 
[2026-04-03T02:53:17.239+0600][75.865s][info][gc,stats       ]       CLDG                            3 us
[2026-04-03T02:53:17.239+0600][75.865s][info][gc,stats       ]   Calculate Addresses             79735 us
[2026-04-03T02:53:17.239+0600][75.865s][info][gc,stats       ]     Regular Objects               79655 us
[2026-04-03T02:53:17.239+0600][75.865s][info][gc,stats       ]     Humongous Objects                27 us
[2026-04-03T02:53:17.239+0600][75.865s][info][gc             ] Failed to allocate TLAB, 2656B
[2026-04-03T02:53:17.239+0600][75.865s][info][gc             ] Cancelling GC: Allocation Failure
[2026-04-03T02:53:17.239+0600][75.865s][info][gc,stats       ]   Adjust Pointers                 95949 us
[2026-04-03T02:53:17.239+0600][75.866s][info][gc,stats       ]     FA: <total>                    7379 us
[2026-04-03T02:53:17.239+0600][75.866s][info][gc,stats       ]     FA: Thread Roots                475 us, workers (us): 114, 135,   4,   1,  21, 200, 
[2026-04-03T02:53:17.239+0600][75.866s][info][gc,stats       ]     FA: Code Cache Roots           5768 us, workers (us): 879, 872, 1122, 1155, 942, 797, 
[2026-04-03T02:53:17.239+0600][75.866s][info][gc,stats       ]     FA: VM Strong Roots              15 us, workers (us):  11,   1,   1,   1,   1,   1, 
[2026-04-03T02:53:17.239+0600][75.866s][info][gc,stats       ]     FA: VM Weak Roots               544 us, workers (us): 164, 134,  86,  54,  54,  51, 
[2026-04-03T02:53:17.239+0600][75.866s][info][gc,stats       ]     FA: CLDG Roots                  577 us, workers (us):  66,  63, 148,  77, 159,  64, 
[2026-04-03T02:53:17.239+0600][75.866s][info][gc,stats       ]   Copy Objects                    75643 us
[2026-04-03T02:53:17.239+0600][75.866s][info][gc,stats       ]     Regular Objects               74662 us
[2026-04-03T02:53:17.239+0600][75.866s][info][gc,stats       ]     Humongous Objects                24 us
[2026-04-03T02:53:17.239+0600][75.866s][info][gc,stats       ]     Reset Complete Bitmap           737 us
[2026-04-03T02:53:17.239+0600][75.866s][info][gc,stats       ]     Rebuild Region Sets             218 us
[2026-04-03T02:53:17.239+0600][75.866s][info][gc,stats       ]   Post Heap Dump                      1 us
[2026-04-03T02:53:17.239+0600][75.866s][info][gc,stats       ] 
[2026-04-03T02:53:17.239+0600][75.866s][info][gc,stats       ] Allocation pacing accrued:
[2026-04-03T02:53:17.239+0600][75.866s][info][gc,stats       ]       0 of  4361 ms (  0.0%): <total>
[2026-04-03T02:53:17.239+0600][75.866s][info][gc,stats       ]       0 of  4361 ms (  0.0%): <average total>
[2026-04-03T02:53:17.239+0600][75.866s][info][gc,stats       ] 
[2026-04-03T02:53:17.239+0600][75.866s][info][gc,metaspace   ] Metaspace: 49117K(49664K)->49120K(49664K) NonClass: 42998K(43328K)->43000K(43328K) Class: 6119K(6336K)->6120K(6336K)
[2026-04-03T02:53:17.239+0600][75.866s][info][gc,ergo        ] Pacer for Idle. Initial: 10240K, Alloc Tax Rate: 1.0x
[2026-04-03T02:53:17.241+0600][75.868s][info][gc             ] Trigger: Handle Allocation Failure
[2026-04-03T02:53:17.242+0600][75.868s][info][gc,ergo        ] Free: 0B, Max: 0B regular, 0B humongous, Frag: 0% external, 0% internal; Reserve: 24064K, Max: 256K
[2026-04-03T02:53:17.242+0600][75.868s][info][gc,start       ] GC(18) Pause Degenerated GC (Outside of Cycle)
[2026-04-03T02:53:17.242+0600][75.868s][info][gc,task        ] GC(18) Using 6 of 6 workers for stw degenerated gc
[2026-04-03T02:53:17.242+0600][75.868s][info][gc,ref         ] GC(18) Clearing All SoftReferences
[2026-04-03T02:53:21.363+0600][79.989s][info][gc,ref         ] GC(18) Encountered references: Soft: 2423, Weak: 2638, Final: 74, Phantom: 585
[2026-04-03T02:53:21.363+0600][79.989s][info][gc,ref         ] GC(18) Discovered  references: Soft: 218, Weak: 1007, Final: 74, Phantom: 581
[2026-04-03T02:53:21.363+0600][79.989s][info][gc,ref         ] GC(18) Enqueued    references: Soft: 0, Weak: 0, Final: 0, Phantom: 0
[2026-04-03T02:53:21.365+0600][79.991s][info][gc,ergo        ] GC(18) Adaptive CSet Selection. Target Free: 72533K, Actual Free: 24064K, Max CSet: 21333K, Min Garbage: 48469K
[2026-04-03T02:53:21.365+0600][79.991s][info][gc,ergo        ] GC(18) Collectable Garbage: 21088B (100%), Immediate: 0B (0%), CSet: 21088B (100%)
[2026-04-03T02:53:21.471+0600][80.098s][info][gc,ergo        ] GC(18) Bad progress for free space: 82600B, need 5120K
[2026-04-03T02:53:21.471+0600][80.098s][info][gc             ] GC(18) Cancelling GC: Upgrade To Full GC
[2026-04-03T02:53:21.472+0600][80.099s][info][gc,phases,start] GC(18) Phase 1: Mark live objects
[2026-04-03T02:53:21.472+0600][80.099s][info][gc,ref         ] GC(18) Clearing All SoftReferences
[2026-04-03T02:53:21.472+0600][80.099s][info][gc,ref         ] GC(18) Clearing All SoftReferences
[2026-04-03T02:53:25.686+0600][84.312s][info][gc,ref         ] GC(18) Encountered references: Soft: 2423, Weak: 2638, Final: 74, Phantom: 585
[2026-04-03T02:53:25.686+0600][84.312s][info][gc,ref         ] GC(18) Discovered  references: Soft: 221, Weak: 1183, Final: 74, Phantom: 581
[2026-04-03T02:53:25.686+0600][84.312s][info][gc,ref         ] GC(18) Enqueued    references: Soft: 0, Weak: 0, Final: 0, Phantom: 0
[2026-04-03T02:53:25.688+0600][84.314s][info][gc,phases      ] GC(18) Phase 1: Mark live objects 4215.843ms
[2026-04-03T02:53:25.688+0600][84.314s][info][gc,phases,start] GC(18) Phase 2: Compute new object addresses
[2026-04-03T02:53:25.775+0600][84.401s][info][gc,phases      ] GC(18) Phase 2: Compute new object addresses 86.560ms
[2026-04-03T02:53:25.775+0600][84.401s][info][gc,phases,start] GC(18) Phase 3: Adjust pointers
[2026-04-03T02:53:25.872+0600][84.498s][info][gc,phases      ] GC(18) Phase 3: Adjust pointers 97.091ms
[2026-04-03T02:53:25.872+0600][84.498s][info][gc,phases,start] GC(18) Phase 4: Move objects
[2026-04-03T02:53:25.961+0600][84.587s][info][gc,phases      ] GC(18) Phase 4: Move objects 89.068ms
[2026-04-03T02:53:25.961+0600][84.588s][info][gc,ergo        ] GC(18) Bad progress for free space: 568K, need 5120K
[2026-04-03T02:53:25.961+0600][84.588s][info][gc             ] GC(18) Pause Degenerated GC (Outside of Cycle) 475M->475M(500M) 8719.500ms
[2026-04-03T02:53:25.961+0600][84.588s][info][gc,ergo        ] Free: 531K, Max: 251K regular, 0B humongous, Frag: 0% external, 99% internal; Reserve: 23552K, Max: 256K
[2026-04-03T02:53:25.962+0600][84.588s][info][gc,stats       ] 
[2026-04-03T02:53:25.962+0600][84.588s][info][gc,stats       ] All times are wall-clock times, except per-root-class counters, that are sum over
[2026-04-03T02:53:25.962+0600][84.588s][info][gc,stats       ] all workers. Dividing the <total> over the root stage time estimates parallelism.
[2026-04-03T02:53:25.962+0600][84.588s][info][gc,stats       ] 
[2026-04-03T02:53:25.962+0600][84.588s][info][gc,stats       ] Pause Degenerated GC (G)        8719779 us
[2026-04-03T02:53:25.962+0600][84.588s][info][gc,stats       ] Pause Degenerated GC (N)        8719509 us
[2026-04-03T02:53:25.962+0600][84.588s][info][gc,stats       ]   Degen STW Mark                4120288 us, parallelism: 6.00x
[2026-04-03T02:53:25.962+0600][84.588s][info][gc,stats       ]     DSM: <total>               24716124 us
[2026-04-03T02:53:25.962+0600][84.588s][info][gc,stats       ]     DSM: Thread Roots               741 us, workers (us): 162, 156, 162, 133,  67,  61, 
[2026-04-03T02:53:25.962+0600][84.588s][info][gc,stats       ]     DSM: VM Strong Roots             20 us, workers (us):   0,   6,   0,   0,   6,   7, 
[2026-04-03T02:53:25.962+0600][84.588s][info][gc,stats       ]     DSM: CLDG Roots                 285 us, workers (us): 156,  35,  17,   7,  37,  34, 
[2026-04-03T02:53:25.962+0600][84.588s][info][gc,stats       ]     DSM: Parallel Mark         24715078 us, workers (us): 4119049, 4119174, 4119166, 4119245, 4119177, 4119267, 
[2026-04-03T02:53:25.962+0600][84.588s][info][gc,stats       ]     System Purge                   2099 us
[2026-04-03T02:53:25.962+0600][84.588s][info][gc,stats       ]       Weak References               363 us, parallelism: 0.89x
[2026-04-03T02:53:25.962+0600][84.588s][info][gc,stats       ]         WRP: <total>                324 us
[2026-04-03T02:53:25.962+0600][84.588s][info][gc,stats       ]         WRP: Weak References        324 us, workers (us):  40,  28,  43, 212,   0,   0, 
[2026-04-03T02:53:25.962+0600][84.588s][info][gc,stats       ]       Unload Classes               1544 us, parallelism: 4.87x
[2026-04-03T02:53:25.962+0600][84.588s][info][gc,stats       ]         DCU: <total>               7516 us
[2026-04-03T02:53:25.962+0600][84.588s][info][gc,stats       ]         DCU: Unload Code Caches     7516 us, workers (us): 1330, 1261, 1232, 1235, 1229, 1229, 
[2026-04-03T02:53:25.962+0600][84.588s][info][gc,stats       ]       Weak Roots                    179 us, parallelism: 2.69x
[2026-04-03T02:53:25.962+0600][84.588s][info][gc,stats       ]         DWR: <total>                482 us
[2026-04-03T02:53:25.962+0600][84.588s][info][gc,stats       ]         DWR: VM Weak Roots          482 us, workers (us): 129, 128,  88,  58,  57,  22, 
[2026-04-03T02:53:25.962+0600][84.588s][info][gc,stats       ]       CLDG                            3 us
[2026-04-03T02:53:25.962+0600][84.588s][info][gc,stats       ]   Update Region States              160 us
[2026-04-03T02:53:25.962+0600][84.588s][info][gc,stats       ]   Manage GC/TLABs                    42 us
[2026-04-03T02:53:25.962+0600][84.588s][info][gc,stats       ]   Choose Collection Set             203 us
[2026-04-03T02:53:25.962+0600][84.588s][info][gc,stats       ]   Rebuild Free Set                   42 us
[2026-04-03T02:53:25.962+0600][84.588s][info][gc,stats       ]   Evacuation                       6474 us
[2026-04-03T02:53:25.962+0600][84.588s][info][gc,stats       ]   Manage GCLABs                      27 us
[2026-04-03T02:53:25.962+0600][84.588s][info][gc,stats       ]   Update References               96779 us
[2026-04-03T02:53:25.962+0600][84.588s][info][gc,stats       ]   Update Region States               31 us
[2026-04-03T02:53:25.962+0600][84.588s][info][gc,stats       ]   Trash Collection Set                6 us
[2026-04-03T02:53:25.962+0600][84.588s][info][gc,stats       ]   Rebuild Free Set                   40 us
[2026-04-03T02:53:25.962+0600][84.588s][info][gc,stats       ]   Degen Update Roots               1756 us, parallelism: 4.72x
[2026-04-03T02:53:25.962+0600][84.588s][info][gc,stats       ]     DU: <total>                    8289 us
[2026-04-03T02:53:25.962+0600][84.588s][info][gc,stats       ]     DU: Thread Roots                540 us, workers (us):   2,   5, 162,  97, 115, 159, 
[2026-04-03T02:53:25.962+0600][84.588s][info][gc,stats       ]     DU: Code Cache Roots           6268 us, workers (us): 1305, 1046, 962, 1029, 966, 960, 
[2026-04-03T02:53:25.962+0600][84.588s][info][gc,stats       ]     DU: VM Strong Roots              19 us, workers (us):   6,   6,   4,   1,   1,   1, 
[2026-04-03T02:53:25.962+0600][84.588s][info][gc,stats       ]     DU: VM Weak Roots               919 us, workers (us): 183, 184, 182, 129, 129, 112, 
[2026-04-03T02:53:25.962+0600][84.588s][info][gc,stats       ]     DU: CLDG Roots                  543 us, workers (us):  67, 156,  68,  75, 110,  67, 
[2026-04-03T02:53:25.962+0600][84.588s][info][gc,stats       ]   Cleanup                           302 us
[2026-04-03T02:53:25.962+0600][84.588s][info][gc,stats       ]   Pre Heap Dump                       1 us
[2026-04-03T02:53:25.962+0600][84.588s][info][gc,stats       ]   Prepare                           856 us
[2026-04-03T02:53:25.962+0600][84.588s][info][gc,stats       ]   Mark                          4215743 us, parallelism: 5.99x
[2026-04-03T02:53:25.962+0600][84.588s][info][gc,stats       ]     FM: <total>                25269106 us
[2026-04-03T02:53:25.962+0600][84.588s][info][gc,stats       ]     FM: Thread Roots                752 us, workers (us): 179, 128, 115, 154,  63, 113, 
[2026-04-03T02:53:25.962+0600][84.588s][info][gc,stats       ]     FM: VM Strong Roots              22 us, workers (us):   0,   6,   6,   0,   8,   0, 
[2026-04-03T02:53:25.962+0600][84.588s][info][gc,stats       ]     FM: CLDG Roots                  345 us, workers (us): 163,  48,  49,  17,  50,  17, 
[2026-04-03T02:53:25.962+0600][84.588s][info][gc,stats       ]     FM: Parallel Mark          25267987 us, workers (us): 4211241, 4211328, 4211470, 4211272, 4211218, 4211459, 
[2026-04-03T02:53:25.962+0600][84.588s][info][gc,stats       ]     System Purge                   2895 us
[2026-04-03T02:53:25.962+0600][84.588s][info][gc,stats       ]       Weak References               839 us, parallelism: 0.69x
[2026-04-03T02:53:25.962+0600][84.588s][info][gc,stats       ]         WRP: <total>                577 us
[2026-04-03T02:53:25.962+0600][84.588s][info][gc,stats       ]         WRP: Weak References        577 us, workers (us):  90,  41, 445,   1,   1,   0, 
[2026-04-03T02:53:25.962+0600][84.588s][info][gc,stats       ]       Unload Classes               1804 us, parallelism: 4.81x
[2026-04-03T02:53:25.962+0600][84.588s][info][gc,stats       ]         CU: <total>                8674 us
[2026-04-03T02:53:25.962+0600][84.588s][info][gc,stats       ]         CU: Unload Code Caches     8674 us, workers (us): 1513, 1433, 1428, 1427, 1444, 1428, 
[2026-04-03T02:53:25.962+0600][84.588s][info][gc,stats       ]       Weak Roots                    227 us, parallelism: 2.44x
[2026-04-03T02:53:25.962+0600][84.588s][info][gc,stats       ]         WR: <total>                 554 us
[2026-04-03T02:53:25.962+0600][84.588s][info][gc,stats       ]         WR: VM Weak Roots           554 us, workers (us): 161,  95,  95,  75,  75,  53, 
[2026-04-03T02:53:25.962+0600][84.588s][info][gc,stats       ]       CLDG                            2 us
[2026-04-03T02:53:25.962+0600][84.588s][info][gc,stats       ]   Calculate Addresses             86551 us
[2026-04-03T02:53:25.962+0600][84.588s][info][gc,stats       ]     Regular Objects               86432 us
[2026-04-03T02:53:25.962+0600][84.588s][info][gc,stats       ]     Humongous Objects                46 us
[2026-04-03T02:53:25.962+0600][84.588s][info][gc,stats       ]   Adjust Pointers                 97080 us
[2026-04-03T02:53:25.962+0600][84.588s][info][gc,stats       ]     FA: <total>                    7454 us
[2026-04-03T02:53:25.962+0600][84.588s][info][gc,stats       ]     FA: Thread Roots                469 us, workers (us): 231,   1,   3,  16,  57, 160, 
[2026-04-03T02:53:25.962+0600][84.588s][info][gc,stats       ]     FA: Code Cache Roots           5848 us, workers (us): 792, 1120, 1174, 1056, 856, 851, 
[2026-04-03T02:53:25.962+0600][84.588s][info][gc,stats       ]     FA: VM Strong Roots              17 us, workers (us):  13,   1,   1,   1,   0,   1, 
[2026-04-03T02:53:25.962+0600][84.588s][info][gc,stats       ]     FA: VM Weak Roots               583 us, workers (us): 153, 119, 122,  96,  46,  46, 
[2026-04-03T02:53:25.962+0600][84.588s][info][gc,stats       ]     FA: CLDG Roots                  537 us, workers (us):  57, 137,  68,  62, 155,  57, 
[2026-04-03T02:53:25.962+0600][84.588s][info][gc,stats       ]   Copy Objects                    89055 us
[2026-04-03T02:53:25.962+0600][84.588s][info][gc,stats       ]     Regular Objects               88117 us
[2026-04-03T02:53:25.962+0600][84.588s][info][gc,stats       ]     Humongous Objects                23 us
[2026-04-03T02:53:25.962+0600][84.588s][info][gc,stats       ]     Reset Complete Bitmap           655 us
[2026-04-03T02:53:25.962+0600][84.588s][info][gc,stats       ]     Rebuild Region Sets             257 us
[2026-04-03T02:53:25.962+0600][84.588s][info][gc,stats       ]   Post Heap Dump                      1 us
[2026-04-03T02:53:25.962+0600][84.588s][info][gc,stats       ] 
[2026-04-03T02:53:25.962+0600][84.588s][info][gc,stats       ] Allocation pacing accrued:
[2026-04-03T02:53:25.962+0600][84.588s][info][gc,stats       ]       0 of  8723 ms (  0.0%): <total>
[2026-04-03T02:53:25.962+0600][84.588s][info][gc,stats       ]       0 of  8723 ms (  0.0%): <average total>
[2026-04-03T02:53:25.962+0600][84.588s][info][gc,stats       ] 
[2026-04-03T02:53:25.962+0600][84.589s][info][gc,metaspace   ] Metaspace: 49120K(49664K)->49123K(49664K) NonClass: 43000K(43328K)->43002K(43328K) Class: 6120K(6336K)->6121K(6336K)
[2026-04-03T02:53:25.962+0600][84.589s][info][gc,ergo        ] Pacer for Idle. Initial: 10240K, Alloc Tax Rate: 1.0x
[2026-04-03T02:53:25.962+0600][84.589s][info][gc             ] Failed to allocate TLAB, 2656B
[2026-04-03T02:53:25.962+0600][84.589s][info][gc             ] Cancelling GC: Allocation Failure
[2026-04-03T02:53:25.963+0600][84.590s][info][gc             ] Trigger: Handle Allocation Failure
[2026-04-03T02:53:25.963+0600][84.590s][info][gc,ergo        ] Free: 0B, Max: 0B regular, 0B humongous, Frag: 0% external, 0% internal; Reserve: 23552K, Max: 256K
[2026-04-03T02:53:25.963+0600][84.590s][info][gc,start       ] GC(19) Pause Degenerated GC (Outside of Cycle)
[2026-04-03T02:53:25.964+0600][84.590s][info][gc,task        ] GC(19) Using 6 of 6 workers for stw degenerated gc
[2026-04-03T02:53:25.964+0600][84.590s][info][gc,ref         ] GC(19) Clearing All SoftReferences
[2026-04-03T02:53:30.182+0600][88.809s][info][gc,ref         ] GC(19) Encountered references: Soft: 2424, Weak: 2640, Final: 74, Phantom: 585
[2026-04-03T02:53:30.182+0600][88.809s][info][gc,ref         ] GC(19) Discovered  references: Soft: 215, Weak: 1436, Final: 67, Phantom: 581
[2026-04-03T02:53:30.182+0600][88.809s][info][gc,ref         ] GC(19) Enqueued    references: Soft: 1, Weak: 3, Final: 0, Phantom: 0
[2026-04-03T02:53:30.184+0600][88.811s][info][gc,ergo        ] GC(19) Adaptive CSet Selection. Target Free: 72533K, Actual Free: 23552K, Max CSet: 21333K, Min Garbage: 48981K
[2026-04-03T02:53:30.184+0600][88.811s][info][gc,ergo        ] GC(19) Collectable Garbage: 200K (100%), Immediate: 0B (0%), CSet: 200K (100%)
[2026-04-03T02:53:30.292+0600][88.918s][info][gc,ergo        ] GC(19) Bad progress for free space: 27088B, need 5120K
[2026-04-03T02:53:30.292+0600][88.918s][info][gc             ] GC(19) Cancelling GC: Upgrade To Full GC
[2026-04-03T02:53:30.293+0600][88.919s][info][gc,phases,start] GC(19) Phase 1: Mark live objects
[2026-04-03T02:53:30.293+0600][88.919s][info][gc,ref         ] GC(19) Clearing All SoftReferences
[2026-04-03T02:53:30.293+0600][88.919s][info][gc,ref         ] GC(19) Clearing All SoftReferences
[2026-04-03T02:53:34.558+0600][93.184s][info][gc,ref         ] GC(19) Encountered references: Soft: 2423, Weak: 2637, Final: 74, Phantom: 585
[2026-04-03T02:53:34.558+0600][93.184s][info][gc,ref         ] GC(19) Discovered  references: Soft: 225, Weak: 1423, Final: 74, Phantom: 581
[2026-04-03T02:53:34.558+0600][93.184s][info][gc,ref         ] GC(19) Enqueued    references: Soft: 0, Weak: 0, Final: 0, Phantom: 0
[2026-04-03T02:53:34.560+0600][93.186s][info][gc,phases      ] GC(19) Phase 1: Mark live objects 4267.107ms
[2026-04-03T02:53:34.560+0600][93.186s][info][gc,phases,start] GC(19) Phase 2: Compute new object addresses
[2026-04-03T02:53:34.642+0600][93.268s][info][gc,phases      ] GC(19) Phase 2: Compute new object addresses 81.957ms
[2026-04-03T02:53:34.642+0600][93.268s][info][gc,phases,start] GC(19) Phase 3: Adjust pointers
[2026-04-03T02:53:34.738+0600][93.365s][info][gc,phases      ] GC(19) Phase 3: Adjust pointers 96.428ms
[2026-04-03T02:53:34.738+0600][93.365s][info][gc,phases,start] GC(19) Phase 4: Move objects
[2026-04-03T02:53:34.827+0600][93.453s][info][gc,phases      ] GC(19) Phase 4: Move objects 88.641ms
[2026-04-03T02:53:34.827+0600][93.453s][info][gc,ergo        ] GC(19) Bad progress for free space: 489K, need 5120K
[2026-04-03T02:53:34.827+0600][93.454s][info][gc             ] GC(19) Pause Degenerated GC (Outside of Cycle) 475M->475M(500M) 8863.665ms
[2026-04-03T02:53:34.827+0600][93.454s][info][gc,ergo        ] Free: 459K, Max: 146K regular, 0B humongous, Frag: 0% external, 99% internal; Reserve: 23296K, Max: 256K
[2026-04-03T02:53:34.827+0600][93.454s][info][gc,stats       ] 
[2026-04-03T02:53:34.828+0600][93.454s][info][gc,stats       ] All times are wall-clock times, except per-root-class counters, that are sum over
[2026-04-03T02:53:34.828+0600][93.454s][info][gc,stats       ] all workers. Dividing the <total> over the root stage time estimates parallelism.
[2026-04-03T02:53:34.828+0600][93.454s][info][gc,stats       ] 
[2026-04-03T02:53:34.828+0600][93.454s][info][gc,stats       ] Pause Degenerated GC (G)        8864015 us
[2026-04-03T02:53:34.828+0600][93.454s][info][gc,stats       ] Pause Degenerated GC (N)        8863676 us
[2026-04-03T02:53:34.828+0600][93.454s][info][gc,stats       ]   Degen STW Mark                4218170 us, parallelism: 6.00x
[2026-04-03T02:53:34.828+0600][93.454s][info][gc,stats       ]     DSM: <total>               25301021 us
[2026-04-03T02:53:34.828+0600][93.454s][info][gc,stats       ]     DSM: Thread Roots               615 us, workers (us): 128, 125, 111, 140,  58,  53, 
[2026-04-03T02:53:34.828+0600][93.454s][info][gc,stats       ]     DSM: VM Strong Roots             17 us, workers (us):   0,   5,   4,   0,   4,   4, 
[2026-04-03T02:53:34.828+0600][93.454s][info][gc,stats       ]     DSM: CLDG Roots                 226 us, workers (us): 109,  27,  26,  14,  24,  27, 
[2026-04-03T02:53:34.828+0600][93.454s][info][gc,stats       ]     DSM: Parallel Mark         25300162 us, workers (us): 4216585, 4216728, 4216668, 4216611, 4216899, 4216672, 
[2026-04-03T02:53:34.828+0600][93.454s][info][gc,stats       ]     System Purge                   2375 us
[2026-04-03T02:53:34.828+0600][93.454s][info][gc,stats       ]       Weak References               508 us, parallelism: 0.55x
[2026-04-03T02:53:34.828+0600][93.454s][info][gc,stats       ]         WRP: <total>                282 us
[2026-04-03T02:53:34.828+0600][93.454s][info][gc,stats       ]         WRP: Weak References        282 us, workers (us): 130, 100,  12,  38,   1,   0, 
[2026-04-03T02:53:34.828+0600][93.454s][info][gc,stats       ]       Unload Classes               1553 us, parallelism: 5.16x
[2026-04-03T02:53:34.828+0600][93.454s][info][gc,stats       ]         DCU: <total>               8017 us
[2026-04-03T02:53:34.828+0600][93.454s][info][gc,stats       ]         DCU: Unload Code Caches     8017 us, workers (us): 1383, 1395, 1328, 1302, 1296, 1313, 
[2026-04-03T02:53:34.828+0600][93.454s][info][gc,stats       ]       Weak Roots                    212 us, parallelism: 2.32x
[2026-04-03T02:53:34.828+0600][93.454s][info][gc,stats       ]         DWR: <total>                491 us
[2026-04-03T02:53:34.828+0600][93.454s][info][gc,stats       ]         DWR: VM Weak Roots          491 us, workers (us): 162, 151,  72,  38,  37,  31, 
[2026-04-03T02:53:34.828+0600][93.454s][info][gc,stats       ]       CLDG                            4 us
[2026-04-03T02:53:34.828+0600][93.454s][info][gc,stats       ]   Update Region States               25 us
[2026-04-03T02:53:34.828+0600][93.454s][info][gc,stats       ]   Manage GC/TLABs                     9 us
[2026-04-03T02:53:34.828+0600][93.454s][info][gc,stats       ]   Choose Collection Set             188 us
[2026-04-03T02:53:34.828+0600][93.454s][info][gc,stats       ]   Rebuild Free Set                   42 us
[2026-04-03T02:53:34.828+0600][93.454s][info][gc,stats       ]   Evacuation                       6130 us
[2026-04-03T02:53:34.828+0600][93.454s][info][gc,stats       ]   Manage GCLABs                      23 us
[2026-04-03T02:53:34.828+0600][93.454s][info][gc,stats       ]   Update References               97707 us
[2026-04-03T02:53:34.828+0600][93.454s][info][gc,stats       ]   Update Region States               29 us
[2026-04-03T02:53:34.828+0600][93.454s][info][gc,stats       ]   Trash Collection Set                5 us
[2026-04-03T02:53:34.828+0600][93.454s][info][gc,stats       ]   Rebuild Free Set                   42 us
[2026-04-03T02:53:34.828+0600][93.454s][info][gc,stats       ]   Degen Update Roots               1832 us, parallelism: 4.46x
[2026-04-03T02:53:34.828+0600][93.454s][info][gc,stats       ]     DU: <total>                    8172 us
[2026-04-03T02:53:34.828+0600][93.454s][info][gc,stats       ]     DU: Thread Roots                488 us, workers (us): 251, 158,   3,  69,   3,   5, 
[2026-04-03T02:53:34.828+0600][93.454s][info][gc,stats       ]     DU: Code Cache Roots           6398 us, workers (us): 870, 965, 1072, 1053, 1332, 1106, 
[2026-04-03T02:53:34.828+0600][93.454s][info][gc,stats       ]     DU: VM Strong Roots              16 us, workers (us):  10,   3,   1,   1,   1,   1, 
[2026-04-03T02:53:34.828+0600][93.454s][info][gc,stats       ]     DU: VM Weak Roots               724 us, workers (us): 175, 176, 102,  95,  87,  89, 
[2026-04-03T02:53:34.828+0600][93.454s][info][gc,stats       ]     DU: CLDG Roots                  546 us, workers (us):  69,  67, 129,  70, 129,  82, 
[2026-04-03T02:53:34.828+0600][93.454s][info][gc,stats       ]   Cleanup                           282 us
[2026-04-03T02:53:34.828+0600][93.454s][info][gc,stats       ]   Pre Heap Dump                       1 us
[2026-04-03T02:53:34.828+0600][93.454s][info][gc,stats       ]   Prepare                           839 us
[2026-04-03T02:53:34.828+0600][93.454s][info][gc,stats       ]   Mark                          4267069 us, parallelism: 6.00x
[2026-04-03T02:53:34.828+0600][93.454s][info][gc,stats       ]     FM: <total>                25584033 us
[2026-04-03T02:53:34.828+0600][93.454s][info][gc,stats       ]     FM: Thread Roots                584 us, workers (us): 175, 174,  68,  83,  42,  42, 
[2026-04-03T02:53:34.828+0600][93.454s][info][gc,stats       ]     FM: VM Strong Roots              22 us, workers (us):   0,   5,   5,   3,   4,   5, 
[2026-04-03T02:53:34.828+0600][93.454s][info][gc,stats       ]     FM: CLDG Roots                  253 us, workers (us): 126,  28,  28,  17,  27,  27, 
[2026-04-03T02:53:34.828+0600][93.454s][info][gc,stats       ]     FM: Parallel Mark          25583173 us, workers (us): 4263671, 4263786, 4263876, 4263985, 4263870, 4263986, 
[2026-04-03T02:53:34.828+0600][93.454s][info][gc,stats       ]     System Purge                   1964 us
[2026-04-03T02:53:34.828+0600][93.454s][info][gc,stats       ]       Weak References               341 us, parallelism: 1.21x
[2026-04-03T02:53:34.828+0600][93.454s][info][gc,stats       ]         WRP: <total>                412 us
[2026-04-03T02:53:34.828+0600][93.454s][info][gc,stats       ]         WRP: Weak References        412 us, workers (us): 201,  56, 130,  23,   1,   0, 
[2026-04-03T02:53:34.828+0600][93.454s][info][gc,stats       ]       Unload Classes               1439 us, parallelism: 5.42x
[2026-04-03T02:53:34.828+0600][93.454s][info][gc,stats       ]         CU: <total>                7794 us
[2026-04-03T02:53:34.828+0600][93.454s][info][gc,stats       ]         CU: Unload Code Caches     7794 us, workers (us): 1323, 1334, 1315, 1303, 1265, 1254, 
[2026-04-03T02:53:34.828+0600][93.454s][info][gc,stats       ]       Weak Roots                    168 us, parallelism: 2.96x
[2026-04-03T02:53:34.828+0600][93.454s][info][gc,stats       ]         WR: <total>                 498 us
[2026-04-03T02:53:34.828+0600][93.454s][info][gc,stats       ]         WR: VM Weak Roots           498 us, workers (us): 139, 132, 104,  49,  50,  24, 
[2026-04-03T02:53:34.828+0600][93.454s][info][gc,stats       ]       CLDG                            2 us
[2026-04-03T02:53:34.828+0600][93.454s][info][gc,stats       ]   Calculate Addresses             81943 us
[2026-04-03T02:53:34.828+0600][93.454s][info][gc,stats       ]     Regular Objects               81775 us
[2026-04-03T02:53:34.828+0600][93.454s][info][gc,stats       ]     Humongous Objects                30 us
[2026-04-03T02:53:34.828+0600][93.454s][info][gc,stats       ]   Adjust Pointers                 96399 us
[2026-04-03T02:53:34.828+0600][93.454s][info][gc,stats       ]     FA: <total>                    7383 us
[2026-04-03T02:53:34.828+0600][93.454s][info][gc,stats       ]     FA: Thread Roots                490 us, workers (us):  66, 128,  67,   2, 101, 126, 
[2026-04-03T02:53:34.828+0600][93.454s][info][gc,stats       ]     FA: Code Cache Roots           5746 us, workers (us): 923, 824, 983, 1150, 944, 922, 
[2026-04-03T02:53:34.828+0600][93.455s][info][gc,stats       ]     FA: VM Strong Roots              19 us, workers (us):  10,   6,   1,   1,   1,   1, 
[2026-04-03T02:53:34.828+0600][93.455s][info][gc,stats       ]     FA: VM Weak Roots               603 us, workers (us): 154, 154,  84,  84,  83,  45, 
[2026-04-03T02:53:34.828+0600][93.455s][info][gc,stats       ]     FA: CLDG Roots                  525 us, workers (us): 121, 151,  60,  71,  59,  62, 
[2026-04-03T02:53:34.828+0600][93.455s][info][gc,stats       ]   Copy Objects                    88629 us
[2026-04-03T02:53:34.828+0600][93.455s][info][gc,stats       ]     Regular Objects               87724 us
[2026-04-03T02:53:34.828+0600][93.455s][info][gc,stats       ]     Humongous Objects                20 us
[2026-04-03T02:53:34.828+0600][93.455s][info][gc,stats       ]     Reset Complete Bitmap           693 us
[2026-04-03T02:53:34.828+0600][93.455s][info][gc,stats       ]     Rebuild Region Sets             189 us
[2026-04-03T02:53:34.828+0600][93.455s][info][gc,stats       ]   Post Heap Dump                      1 us
[2026-04-03T02:53:34.828+0600][93.455s][info][gc,stats       ] 
[2026-04-03T02:53:34.828+0600][93.455s][info][gc,stats       ] Allocation pacing accrued:
[2026-04-03T02:53:34.828+0600][93.455s][info][gc,stats       ]       0 of  8866 ms (  0.0%): <total>
[2026-04-03T02:53:34.828+0600][93.455s][info][gc,stats       ]       0 of  8866 ms (  0.0%): <average total>
[2026-04-03T02:53:34.828+0600][93.455s][info][gc,stats       ] 
[2026-04-03T02:53:34.828+0600][93.455s][info][gc,metaspace   ] Metaspace: 49123K(49664K)->49125K(49664K) NonClass: 43002K(43328K)->43003K(43328K) Class: 6121K(6336K)->6121K(6336K)
[2026-04-03T02:53:34.828+0600][93.455s][info][gc,ergo        ] Pacer for Idle. Initial: 10240K, Alloc Tax Rate: 1.0x
[2026-04-03T02:53:34.829+0600][93.455s][info][gc             ] Failed to allocate Shared, 3160B
[2026-04-03T02:53:34.829+0600][93.455s][info][gc             ] Cancelling GC: Allocation Failure
[2026-04-03T02:53:34.830+0600][93.456s][info][gc             ] Trigger: Handle Allocation Failure
[2026-04-03T02:53:34.830+0600][93.456s][info][gc,ergo        ] Free: 0B, Max: 0B regular, 0B humongous, Frag: 0% external, 0% internal; Reserve: 23296K, Max: 256K
[2026-04-03T02:53:34.830+0600][93.456s][info][gc,start       ] GC(20) Pause Degenerated GC (Outside of Cycle)
[2026-04-03T02:53:34.830+0600][93.456s][info][gc,task        ] GC(20) Using 6 of 6 workers for stw degenerated gc
[2026-04-03T02:53:34.830+0600][93.456s][info][gc,ref         ] GC(20) Clearing All SoftReferences
[2026-04-03T02:53:39.187+0600][97.813s][info][gc,ref         ] GC(20) Encountered references: Soft: 2424, Weak: 2644, Final: 74, Phantom: 586
[2026-04-03T02:53:39.187+0600][97.814s][info][gc,ref         ] GC(20) Discovered  references: Soft: 221, Weak: 1756, Final: 74, Phantom: 579
[2026-04-03T02:53:39.187+0600][97.814s][info][gc,ref         ] GC(20) Enqueued    references: Soft: 1, Weak: 2, Final: 0, Phantom: 0
[2026-04-03T02:53:39.189+0600][97.816s][info][gc,ergo        ] GC(20) Adaptive CSet Selection. Target Free: 72533K, Actual Free: 23296K, Max CSet: 21333K, Min Garbage: 49237K
[2026-04-03T02:53:39.189+0600][97.816s][info][gc,ergo        ] GC(20) Collectable Garbage: 127K (100%), Immediate: 0B (0%), CSet: 127K (100%)
[2026-04-03T02:53:39.296+0600][97.923s][info][gc,ergo        ] GC(20) Bad progress for free space: 25472B, need 5120K
[2026-04-03T02:53:39.297+0600][97.923s][info][gc             ] GC(20) Cancelling GC: Upgrade To Full GC
[2026-04-03T02:53:39.298+0600][97.924s][info][gc,phases,start] GC(20) Phase 1: Mark live objects
[2026-04-03T02:53:39.298+0600][97.924s][info][gc,ref         ] GC(20) Clearing All SoftReferences
[2026-04-03T02:53:39.298+0600][97.924s][info][gc,ref         ] GC(20) Clearing All SoftReferences
[2026-04-03T02:53:43.509+0600][102.136s][info][gc,ref         ] GC(20) Encountered references: Soft: 2423, Weak: 2642, Final: 74, Phantom: 586
[2026-04-03T02:53:43.509+0600][102.136s][info][gc,ref         ] GC(20) Discovered  references: Soft: 220, Weak: 1458, Final: 74, Phantom: 579
[2026-04-03T02:53:43.509+0600][102.136s][info][gc,ref         ] GC(20) Enqueued    references: Soft: 0, Weak: 0, Final: 0, Phantom: 0
[2026-04-03T02:53:43.511+0600][102.138s][info][gc,phases      ] GC(20) Phase 1: Mark live objects 4213.922ms
[2026-04-03T02:53:43.511+0600][102.138s][info][gc,phases,start] GC(20) Phase 2: Compute new object addresses
[2026-04-03T02:53:43.592+0600][102.219s][info][gc,phases      ] GC(20) Phase 2: Compute new object addresses 80.778ms
[2026-04-03T02:53:43.592+0600][102.219s][info][gc,phases,start] GC(20) Phase 3: Adjust pointers
[2026-04-03T02:53:43.697+0600][102.323s][info][gc,phases      ] GC(20) Phase 3: Adjust pointers 104.645ms
[2026-04-03T02:53:43.697+0600][102.323s][info][gc,phases,start] GC(20) Phase 4: Move objects
[2026-04-03T02:53:43.788+0600][102.414s][info][gc,phases      ] GC(20) Phase 4: Move objects 90.654ms
[2026-04-03T02:53:43.788+0600][102.414s][info][gc,ergo        ] GC(20) Bad progress for free space: 163K, need 5120K
[2026-04-03T02:53:43.788+0600][102.414s][info][gc             ] GC(20) Pause Degenerated GC (Outside of Cycle) 475M->475M(500M) 8958.280ms
[2026-04-03T02:53:43.788+0600][102.415s][info][gc,ergo        ] Free: 137K, Max: 128K regular, 0B humongous, Frag: 0% external, 99% internal; Reserve: 23296K, Max: 256K
[2026-04-03T02:53:43.788+0600][102.415s][info][gc,stats       ] 
[2026-04-03T02:53:43.788+0600][102.415s][info][gc,stats       ] All times are wall-clock times, except per-root-class counters, that are sum over
[2026-04-03T02:53:43.788+0600][102.415s][info][gc,stats       ] all workers. Dividing the <total> over the root stage time estimates parallelism.
[2026-04-03T02:53:43.788+0600][102.415s][info][gc,stats       ] 
[2026-04-03T02:53:43.788+0600][102.415s][info][gc,stats       ] Pause Degenerated GC (G)        8958570 us
[2026-04-03T02:53:43.788+0600][102.415s][info][gc,stats       ] Pause Degenerated GC (N)        8958295 us
[2026-04-03T02:53:43.788+0600][102.415s][info][gc,stats       ]   Degen STW Mark                4356511 us, parallelism: 6.00x
[2026-04-03T02:53:43.788+0600][102.415s][info][gc,stats       ]     DSM: <total>               26132116 us
[2026-04-03T02:53:43.788+0600][102.415s][info][gc,stats       ]     DSM: Thread Roots               657 us, workers (us): 171, 113,  82,  72,  72, 147, 
[2026-04-03T02:53:43.788+0600][102.415s][info][gc,stats       ]     DSM: VM Strong Roots             19 us, workers (us):   0,   3,   5,   6,   4,   0, 
[2026-04-03T02:53:43.788+0600][102.415s][info][gc,stats       ]     DSM: CLDG Roots                 234 us, workers (us): 111,  30,  30,  28,  28,   6, 
[2026-04-03T02:53:43.788+0600][102.415s][info][gc,stats       ]     DSM: Parallel Mark         26131207 us, workers (us): 4355154, 4355227, 4355028, 4355307, 4355233, 4355258, 
[2026-04-03T02:53:43.788+0600][102.415s][info][gc,stats       ]     System Purge                   2586 us
[2026-04-03T02:53:43.788+0600][102.415s][info][gc,stats       ]       Weak References               684 us, parallelism: 1.14x
[2026-04-03T02:53:43.788+0600][102.415s][info][gc,stats       ]         WRP: <total>                777 us
[2026-04-03T02:53:43.788+0600][102.415s][info][gc,stats       ]         WRP: Weak References        777 us, workers (us): 278,  80, 405,  14,   0,   1, 
[2026-04-03T02:53:43.789+0600][102.415s][info][gc,stats       ]       Unload Classes               1581 us, parallelism: 4.79x
[2026-04-03T02:53:43.789+0600][102.415s][info][gc,stats       ]         DCU: <total>               7577 us
[2026-04-03T02:53:43.789+0600][102.415s][info][gc,stats       ]         DCU: Unload Code Caches     7577 us, workers (us): 1328, 1333, 1230, 1245, 1214, 1226, 
[2026-04-03T02:53:43.789+0600][102.415s][info][gc,stats       ]       Weak Roots                    225 us, parallelism: 2.17x
[2026-04-03T02:53:43.789+0600][102.415s][info][gc,stats       ]         DWR: <total>                488 us
[2026-04-03T02:53:43.789+0600][102.415s][info][gc,stats       ]         DWR: VM Weak Roots          488 us, workers (us): 166,  93,  87,  55,  57,  30, 
[2026-04-03T02:53:43.789+0600][102.415s][info][gc,stats       ]       CLDG                            2 us
[2026-04-03T02:53:43.789+0600][102.415s][info][gc,stats       ]   Update Region States               24 us
[2026-04-03T02:53:43.789+0600][102.415s][info][gc,stats       ]   Manage GC/TLABs                     8 us
[2026-04-03T02:53:43.789+0600][102.415s][info][gc,stats       ]   Choose Collection Set             188 us
[2026-04-03T02:53:43.789+0600][102.415s][info][gc,stats       ]   Rebuild Free Set                   39 us
[2026-04-03T02:53:43.789+0600][102.415s][info][gc,stats       ]   Evacuation                       6118 us
[2026-04-03T02:53:43.789+0600][102.415s][info][gc,stats       ]   Manage GCLABs                      14 us
[2026-04-03T02:53:43.789+0600][102.415s][info][gc,stats       ]   Update References               97789 us
[2026-04-03T02:53:43.789+0600][102.415s][info][gc,stats       ]   Update Region States               29 us
[2026-04-03T02:53:43.789+0600][102.415s][info][gc,stats       ]   Trash Collection Set                5 us
[2026-04-03T02:53:43.789+0600][102.415s][info][gc,stats       ]   Rebuild Free Set                   41 us
[2026-04-03T02:53:43.789+0600][102.415s][info][gc,stats       ]   Degen Update Roots               1797 us, parallelism: 4.62x
[2026-04-03T02:53:43.789+0600][102.415s][info][gc,stats       ]     DU: <total>                    8301 us
[2026-04-03T02:53:43.789+0600][102.415s][info][gc             ] Failed to allocate TLAB, 2656B
[2026-04-03T02:53:43.789+0600][102.415s][info][gc             ] Cancelling GC: Allocation Failure
[2026-04-03T02:53:43.789+0600][102.415s][info][gc,stats       ]     DU: Thread Roots                541 us, workers (us): 126,  26,   6,  98, 184, 102, 
[2026-04-03T02:53:43.789+0600][102.415s][info][gc,stats       ]     DU: Code Cache Roots           6383 us, workers (us): 981, 1036, 1290, 1052, 966, 1057, 
[2026-04-03T02:53:43.789+0600][102.415s][info][gc,stats       ]     DU: VM Strong Roots              16 us, workers (us):   8,   5,   0,   1,   1,   1, 
[2026-04-03T02:53:43.789+0600][102.415s][info][gc,stats       ]     DU: VM Weak Roots               815 us, workers (us): 188, 189, 159, 108,  86,  85, 
[2026-04-03T02:53:43.789+0600][102.415s][info][gc,stats       ]     DU: CLDG Roots                  546 us, workers (us): 111, 155,  70,  72,  67,  70, 
[2026-04-03T02:53:43.789+0600][102.415s][info][gc,stats       ]   Cleanup                           329 us
[2026-04-03T02:53:43.789+0600][102.415s][info][gc,stats       ]   Pre Heap Dump                       1 us
[2026-04-03T02:53:43.789+0600][102.415s][info][gc,stats       ]   Prepare                           864 us
[2026-04-03T02:53:43.789+0600][102.415s][info][gc,stats       ]   Mark                          4213811 us, parallelism: 5.99x
[2026-04-03T02:53:43.789+0600][102.415s][info][gc,stats       ]     FM: <total>                25259744 us
[2026-04-03T02:53:43.789+0600][102.415s][info][gc,stats       ]     FM: Thread Roots                671 us, workers (us): 187, 172,  78, 120,  57,  57, 
[2026-04-03T02:53:43.789+0600][102.415s][info][gc,stats       ]     FM: VM Strong Roots              21 us, workers (us):   0,   4,   6,   0,   5,   5, 
[2026-04-03T02:53:43.789+0600][102.415s][info][gc,stats       ]     FM: CLDG Roots                  269 us, workers (us): 143,  31,  29,  17,  24,  24, 
[2026-04-03T02:53:43.789+0600][102.415s][info][gc,stats       ]     FM: Parallel Mark          25258783 us, workers (us): 4209634, 4209659, 4209807, 4209787, 4209932, 4209965, 
[2026-04-03T02:53:43.789+0600][102.415s][info][gc,stats       ]     System Purge                   2603 us
[2026-04-03T02:53:43.789+0600][102.415s][info][gc,stats       ]       Weak References               612 us, parallelism: 0.81x
[2026-04-03T02:53:43.789+0600][102.415s][info][gc,stats       ]         WRP: <total>                497 us
[2026-04-03T02:53:43.789+0600][102.415s][info][gc,stats       ]         WRP: Weak References        497 us, workers (us): 322,  77,  18,  81,   0,   0, 
[2026-04-03T02:53:43.789+0600][102.415s][info][gc,stats       ]       Unload Classes               1739 us, parallelism: 4.33x
[2026-04-03T02:53:43.789+0600][102.415s][info][gc,stats       ]         CU: <total>                7529 us
[2026-04-03T02:53:43.789+0600][102.415s][info][gc,stats       ]         CU: Unload Code Caches     7529 us, workers (us): 1279, 1276, 1264, 1269, 1254, 1187, 
[2026-04-03T02:53:43.789+0600][102.415s][info][gc,stats       ]       Weak Roots                    224 us, parallelism: 2.12x
[2026-04-03T02:53:43.789+0600][102.415s][info][gc,stats       ]         WR: <total>                 475 us
[2026-04-03T02:53:43.789+0600][102.415s][info][gc,stats       ]         WR: VM Weak Roots           475 us, workers (us): 180, 113,  51,  52,  40,  38, 
[2026-04-03T02:53:43.789+0600][102.415s][info][gc,stats       ]       CLDG                            2 us
[2026-04-03T02:53:43.789+0600][102.415s][info][gc,stats       ]   Calculate Addresses             80762 us
[2026-04-03T02:53:43.789+0600][102.415s][info][gc,stats       ]     Regular Objects               80572 us
[2026-04-03T02:53:43.789+0600][102.415s][info][gc,stats       ]     Humongous Objects                31 us
[2026-04-03T02:53:43.789+0600][102.415s][info][gc,stats       ]   Adjust Pointers                104629 us
[2026-04-03T02:53:43.789+0600][102.415s][info][gc,stats       ]     FA: <total>                    7237 us
[2026-04-03T02:53:43.789+0600][102.415s][info][gc,stats       ]     FA: Thread Roots                503 us, workers (us): 115,   5, 257,  20,  56,  50, 
[2026-04-03T02:53:43.789+0600][102.415s][info][gc,stats       ]     FA: Code Cache Roots           5450 us, workers (us): 835, 952, 756, 995, 951, 961, 
[2026-04-03T02:53:43.789+0600][102.415s][info][gc,stats       ]     FA: VM Strong Roots              18 us, workers (us):  15,   1,   1,   1,   1,   1, 
[2026-04-03T02:53:43.789+0600][102.415s][info][gc,stats       ]     FA: VM Weak Roots               637 us, workers (us): 160, 144,  84,  84,  82,  84, 
[2026-04-03T02:53:43.789+0600][102.415s][info][gc,stats       ]     FA: CLDG Roots                  629 us, workers (us): 133, 208,  68,  78,  72,  69, 
[2026-04-03T02:53:43.789+0600][102.415s][info][gc,stats       ]   Copy Objects                    90636 us
[2026-04-03T02:53:43.789+0600][102.415s][info][gc,stats       ]     Regular Objects               89534 us
[2026-04-03T02:53:43.789+0600][102.415s][info][gc,stats       ]     Humongous Objects                22 us
[2026-04-03T02:53:43.789+0600][102.415s][info][gc,stats       ]     Reset Complete Bitmap           886 us
[2026-04-03T02:53:43.789+0600][102.415s][info][gc,stats       ]     Rebuild Region Sets             190 us
[2026-04-03T02:53:43.789+0600][102.415s][info][gc,stats       ]   Post Heap Dump                      1 us
[2026-04-03T02:53:43.789+0600][102.415s][info][gc,stats       ] 
[2026-04-03T02:53:43.789+0600][102.415s][info][gc,stats       ] Allocation pacing accrued:
[2026-04-03T02:53:43.789+0600][102.415s][info][gc,stats       ]       0 of  8961 ms (  0.0%): <total>
[2026-04-03T02:53:43.789+0600][102.415s][info][gc,stats       ]       0 of  8961 ms (  0.0%): <average total>
[2026-04-03T02:53:43.789+0600][102.415s][info][gc,stats       ] 
[2026-04-03T02:53:43.789+0600][102.415s][info][gc,metaspace   ] Metaspace: 49125K(49664K)->49128K(49664K) NonClass: 43003K(43328K)->43005K(43328K) Class: 6121K(6336K)->6122K(6336K)
[2026-04-03T02:53:43.789+0600][102.415s][info][gc,ergo        ] Pacer for Idle. Initial: 10240K, Alloc Tax Rate: 1.0x
[2026-04-03T02:53:43.790+0600][102.417s][info][gc             ] Trigger: Handle Allocation Failure
[2026-04-03T02:53:43.790+0600][102.417s][info][gc,ergo        ] Free: 0B, Max: 0B regular, 0B humongous, Frag: 0% external, 0% internal; Reserve: 23296K, Max: 256K
[2026-04-03T02:53:43.791+0600][102.417s][info][gc,start       ] GC(21) Pause Degenerated GC (Outside of Cycle)
[2026-04-03T02:53:43.791+0600][102.417s][info][gc,task        ] GC(21) Using 6 of 6 workers for stw degenerated gc
[2026-04-03T02:53:43.791+0600][102.417s][info][gc,ref         ] GC(21) Clearing All SoftReferences
[2026-04-03T02:53:47.880+0600][106.506s][info][gc,ref         ] GC(21) Encountered references: Soft: 2423, Weak: 2642, Final: 74, Phantom: 586
[2026-04-03T02:53:47.880+0600][106.506s][info][gc,ref         ] GC(21) Discovered  references: Soft: 222, Weak: 1755, Final: 74, Phantom: 582
[2026-04-03T02:53:47.880+0600][106.506s][info][gc,ref         ] GC(21) Enqueued    references: Soft: 0, Weak: 0, Final: 0, Phantom: 0
[2026-04-03T02:53:47.882+0600][106.508s][info][gc,ergo        ] GC(21) Adaptive CSet Selection. Target Free: 72533K, Actual Free: 23296K, Max CSet: 21333K, Min Garbage: 49237K
[2026-04-03T02:53:47.882+0600][106.508s][info][gc,ergo        ] GC(21) Collectable Garbage: 44144B (100%), Immediate: 0B (0%), CSet: 44144B (100%)
[2026-04-03T02:53:47.988+0600][106.614s][info][gc,ergo        ] GC(21) Bad progress for free space: 25904B, need 5120K
[2026-04-03T02:53:47.988+0600][106.614s][info][gc             ] GC(21) Cancelling GC: Upgrade To Full GC
[2026-04-03T02:53:47.989+0600][106.615s][info][gc,phases,start] GC(21) Phase 1: Mark live objects
[2026-04-03T02:53:47.989+0600][106.616s][info][gc,ref         ] GC(21) Clearing All SoftReferences
[2026-04-03T02:53:47.989+0600][106.616s][info][gc,ref         ] GC(21) Clearing All SoftReferences
[2026-04-03T02:53:52.056+0600][110.683s][info][gc,ref         ] GC(21) Encountered references: Soft: 2423, Weak: 2642, Final: 74, Phantom: 586
[2026-04-03T02:53:52.057+0600][110.683s][info][gc,ref         ] GC(21) Discovered  references: Soft: 222, Weak: 1807, Final: 74, Phantom: 582
[2026-04-03T02:53:52.057+0600][110.683s][info][gc,ref         ] GC(21) Enqueued    references: Soft: 0, Weak: 0, Final: 0, Phantom: 0
[2026-04-03T02:53:52.058+0600][110.685s][info][gc,phases      ] GC(21) Phase 1: Mark live objects 4069.152ms
[2026-04-03T02:53:52.058+0600][110.685s][info][gc,phases,start] GC(21) Phase 2: Compute new object addresses
[2026-04-03T02:53:52.143+0600][110.770s][info][gc,phases      ] GC(21) Phase 2: Compute new object addresses 84.960ms
[2026-04-03T02:53:52.143+0600][110.770s][info][gc,phases,start] GC(21) Phase 3: Adjust pointers
[2026-04-03T02:53:52.239+0600][110.865s][info][gc,phases      ] GC(21) Phase 3: Adjust pointers 95.163ms
[2026-04-03T02:53:52.239+0600][110.865s][info][gc,phases,start] GC(21) Phase 4: Move objects
[2026-04-03T02:53:52.329+0600][110.955s][info][gc,phases      ] GC(21) Phase 4: Move objects 89.997ms
[2026-04-03T02:53:52.329+0600][110.955s][info][gc,ergo        ] GC(21) Bad progress for free space: 72408B, need 5120K
[2026-04-03T02:53:52.329+0600][110.955s][info][gc             ] GC(21) Pause Degenerated GC (Outside of Cycle) 476M->475M(500M) 8538.348ms
[2026-04-03T02:53:52.329+0600][110.956s][info][gc,ergo        ] Free: 46264B, Max: 39816B regular, 0B humongous, Frag: 0% external, 99% internal; Reserve: 23296K, Max: 256K
[2026-04-03T02:53:52.329+0600][110.956s][info][gc,stats       ] 
[2026-04-03T02:53:52.329+0600][110.956s][info][gc,stats       ] All times are wall-clock times, except per-root-class counters, that are sum over
[2026-04-03T02:53:52.329+0600][110.956s][info][gc,stats       ] all workers. Dividing the <total> over the root stage time estimates parallelism.
[2026-04-03T02:53:52.329+0600][110.956s][info][gc,stats       ] 
[2026-04-03T02:53:52.329+0600][110.956s][info][gc,stats       ] Pause Degenerated GC (G)        8538673 us
[2026-04-03T02:53:52.329+0600][110.956s][info][gc,stats       ] Pause Degenerated GC (N)        8538364 us
[2026-04-03T02:53:52.329+0600][110.956s][info][gc,stats       ]   Degen STW Mark                4088519 us, parallelism: 6.00x
[2026-04-03T02:53:52.329+0600][110.956s][info][gc,stats       ]     DSM: <total>               24525600 us
[2026-04-03T02:53:52.329+0600][110.956s][info][gc,stats       ]     DSM: Thread Roots               615 us, workers (us): 148, 101,  85,  83,  79, 118, 
[2026-04-03T02:53:52.329+0600][110.956s][info][gc,stats       ]     DSM: VM Strong Roots             19 us, workers (us):   4,   4,   0,   5,   5,   0, 
[2026-04-03T02:53:52.329+0600][110.956s][info][gc             ] Failed to allocate TLAB, 2656B
[2026-04-03T02:53:52.329+0600][110.956s][info][gc             ] Cancelling GC: Allocation Failure
[2026-04-03T02:53:52.329+0600][110.956s][info][gc,stats       ]     DSM: CLDG Roots                 242 us, workers (us):  31,  24, 138,  22,  23,   5, 
[2026-04-03T02:53:52.329+0600][110.956s][info][gc,stats       ]     DSM: Parallel Mark         24524723 us, workers (us): 4087234, 4087525, 4087370, 4087555, 4087535, 4087504, 
[2026-04-03T02:53:52.329+0600][110.956s][info][gc,stats       ]     System Purge                   2441 us
[2026-04-03T02:53:52.329+0600][110.956s][info][gc,stats       ]       Weak References               576 us, parallelism: 0.59x
[2026-04-03T02:53:52.329+0600][110.956s][info][gc,stats       ]         WRP: <total>                342 us
[2026-04-03T02:53:52.329+0600][110.956s][info][gc,stats       ]         WRP: Weak References        342 us, workers (us):  41, 176,  38,  87,   0,   0, 
[2026-04-03T02:53:52.329+0600][110.956s][info][gc,stats       ]       Unload Classes               1465 us, parallelism: 4.98x
[2026-04-03T02:53:52.329+0600][110.956s][info][gc,stats       ]         DCU: <total>               7292 us
[2026-04-03T02:53:52.329+0600][110.956s][info][gc,stats       ]         DCU: Unload Code Caches     7292 us, workers (us): 1278, 1246, 1209, 1205, 1181, 1174, 
[2026-04-03T02:53:52.329+0600][110.956s][info][gc,stats       ]       Weak Roots                    351 us, parallelism: 1.53x
[2026-04-03T02:53:52.329+0600][110.956s][info][gc,stats       ]         DWR: <total>                537 us
[2026-04-03T02:53:52.329+0600][110.956s][info][gc,stats       ]         DWR: VM Weak Roots          537 us, workers (us): 124, 124,  99,  70,  71,  49, 
[2026-04-03T02:53:52.329+0600][110.956s][info][gc,stats       ]       CLDG                            6 us
[2026-04-03T02:53:52.329+0600][110.956s][info][gc,stats       ]   Update Region States               47 us
[2026-04-03T02:53:52.329+0600][110.956s][info][gc,stats       ]   Manage GC/TLABs                    11 us
[2026-04-03T02:53:52.329+0600][110.956s][info][gc,stats       ]   Choose Collection Set             232 us
[2026-04-03T02:53:52.329+0600][110.956s][info][gc,stats       ]   Rebuild Free Set                   36 us
[2026-04-03T02:53:52.329+0600][110.956s][info][gc,stats       ]   Evacuation                       6336 us
[2026-04-03T02:53:52.330+0600][110.956s][info][gc,stats       ]   Manage GCLABs                      16 us
[2026-04-03T02:53:52.330+0600][110.956s][info][gc,stats       ]   Update References               96522 us
[2026-04-03T02:53:52.330+0600][110.956s][info][gc,stats       ]   Update Region States               37 us
[2026-04-03T02:53:52.330+0600][110.956s][info][gc,stats       ]   Trash Collection Set                7 us
[2026-04-03T02:53:52.330+0600][110.956s][info][gc,stats       ]   Rebuild Free Set                   36 us
[2026-04-03T02:53:52.330+0600][110.956s][info][gc,stats       ]   Degen Update Roots               1798 us, parallelism: 4.50x
[2026-04-03T02:53:52.330+0600][110.956s][info][gc,stats       ]     DU: <total>                    8096 us
[2026-04-03T02:53:52.330+0600][110.956s][info][gc,stats       ]     DU: Thread Roots                528 us, workers (us):   3,  32,   4, 219, 123, 148, 
[2026-04-03T02:53:52.330+0600][110.956s][info][gc,stats       ]     DU: Code Cache Roots           6221 us, workers (us): 1289, 1087, 1105, 879, 909, 952, 
[2026-04-03T02:53:52.330+0600][110.956s][info][gc,stats       ]     DU: VM Strong Roots              15 us, workers (us):   8,   3,   1,   1,   1,   1, 
[2026-04-03T02:53:52.330+0600][110.956s][info][gc,stats       ]     DU: VM Weak Roots               826 us, workers (us): 159, 157, 152, 142, 108, 108, 
[2026-04-03T02:53:52.330+0600][110.956s][info][gc,stats       ]     DU: CLDG Roots                  506 us, workers (us): 122,  63,  66,  60, 131,  63, 
[2026-04-03T02:53:52.330+0600][110.956s][info][gc,stats       ]   Cleanup                           298 us
[2026-04-03T02:53:52.330+0600][110.956s][info][gc,stats       ]   Pre Heap Dump                       2 us
[2026-04-03T02:53:52.330+0600][110.956s][info][gc,stats       ]   Prepare                          1003 us
[2026-04-03T02:53:52.330+0600][110.956s][info][gc,stats       ]   Mark                          4069053 us, parallelism: 5.99x
[2026-04-03T02:53:52.330+0600][110.956s][info][gc,stats       ]     FM: <total>                24392798 us
[2026-04-03T02:53:52.330+0600][110.956s][info][gc,stats       ]     FM: Thread Roots                861 us, workers (us): 241, 118, 117, 158, 114, 113, 
[2026-04-03T02:53:52.330+0600][110.956s][info][gc,stats       ]     FM: VM Strong Roots              23 us, workers (us):   0,   5,   6,   1,   5,   6, 
[2026-04-03T02:53:52.330+0600][110.956s][info][gc,stats       ]     FM: CLDG Roots                  284 us, workers (us): 148,  30,  30,  17,  30,  30, 
[2026-04-03T02:53:52.330+0600][110.956s][info][gc,stats       ]     FM: Parallel Mark          24391630 us, workers (us): 4065157, 4065277, 4065249, 4065247, 4065349, 4065351, 
[2026-04-03T02:53:52.330+0600][110.956s][info][gc,stats       ]     System Purge                   2292 us
[2026-04-03T02:53:52.330+0600][110.956s][info][gc,stats       ]       Weak References               615 us, parallelism: 0.94x
[2026-04-03T02:53:52.330+0600][110.956s][info][gc,stats       ]         WRP: <total>                579 us
[2026-04-03T02:53:52.330+0600][110.956s][info][gc,stats       ]         WRP: Weak References        579 us, workers (us):  71, 309, 181,  17,   1,   1, 
[2026-04-03T02:53:52.330+0600][110.956s][info][gc,stats       ]       Unload Classes               1433 us, parallelism: 5.08x
[2026-04-03T02:53:52.330+0600][110.956s][info][gc,stats       ]         CU: <total>                7278 us
[2026-04-03T02:53:52.330+0600][110.956s][info][gc,stats       ]         CU: Unload Code Caches     7278 us, workers (us): 1282, 1261, 1181, 1178, 1191, 1185, 
[2026-04-03T02:53:52.330+0600][110.956s][info][gc,stats       ]       Weak Roots                    226 us, parallelism: 2.29x
[2026-04-03T02:53:52.330+0600][110.956s][info][gc,stats       ]         WR: <total>                 517 us
[2026-04-03T02:53:52.330+0600][110.956s][info][gc,stats       ]         WR: VM Weak Roots           517 us, workers (us): 180, 170,  47,  46,  41,  33, 
[2026-04-03T02:53:52.330+0600][110.956s][info][gc,stats       ]       CLDG                            3 us
[2026-04-03T02:53:52.330+0600][110.956s][info][gc,stats       ]   Calculate Addresses             84952 us
[2026-04-03T02:53:52.330+0600][110.956s][info][gc,stats       ]     Regular Objects               84857 us
[2026-04-03T02:53:52.330+0600][110.956s][info][gc,stats       ]     Humongous Objects                29 us
[2026-04-03T02:53:52.330+0600][110.956s][info][gc,stats       ]   Adjust Pointers                 95152 us
[2026-04-03T02:53:52.330+0600][110.956s][info][gc,stats       ]     FA: <total>                    7181 us
[2026-04-03T02:53:52.330+0600][110.956s][info][gc,stats       ]     FA: Thread Roots                452 us, workers (us): 109, 114,  35,  16, 176,   2, 
[2026-04-03T02:53:52.330+0600][110.956s][info][gc,stats       ]     FA: Code Cache Roots           5509 us, workers (us): 848, 832, 828, 1104, 781, 1116, 
[2026-04-03T02:53:52.330+0600][110.956s][info][gc,stats       ]     FA: VM Strong Roots              16 us, workers (us):  12,   1,   1,   1,   1,   1, 
[2026-04-03T02:53:52.330+0600][110.956s][info][gc,stats       ]     FA: VM Weak Roots               604 us, workers (us): 182, 159,  71,  72,  69,  52, 
[2026-04-03T02:53:52.330+0600][110.956s][info][gc,stats       ]     FA: CLDG Roots                  600 us, workers (us):  69,  82, 164,  65,  68, 153, 
[2026-04-03T02:53:52.330+0600][110.956s][info][gc,stats       ]   Copy Objects                    89985 us
[2026-04-03T02:53:52.330+0600][110.956s][info][gc,stats       ]     Regular Objects               89144 us
[2026-04-03T02:53:52.330+0600][110.956s][info][gc,stats       ]     Humongous Objects                20 us
[2026-04-03T02:53:52.330+0600][110.956s][info][gc,stats       ]     Reset Complete Bitmap           651 us
[2026-04-03T02:53:52.330+0600][110.956s][info][gc,stats       ]     Rebuild Region Sets             168 us
[2026-04-03T02:53:52.330+0600][110.956s][info][gc,stats       ]   Post Heap Dump                      2 us
[2026-04-03T02:53:52.330+0600][110.956s][info][gc,stats       ] 
[2026-04-03T02:53:52.330+0600][110.956s][info][gc,stats       ] Allocation pacing accrued:
[2026-04-03T02:53:52.330+0600][110.956s][info][gc,stats       ]       0 of  8541 ms (  0.0%): <total>
[2026-04-03T02:53:52.330+0600][110.956s][info][gc,stats       ]       0 of  8541 ms (  0.0%): <average total>
[2026-04-03T02:53:52.330+0600][110.956s][info][gc,stats       ] 
[2026-04-03T02:53:52.330+0600][110.956s][info][gc,metaspace   ] Metaspace: 49128K(49664K)->49130K(49664K) NonClass: 43005K(43328K)->43007K(43328K) Class: 6122K(6336K)->6122K(6336K)
[2026-04-03T02:53:52.330+0600][110.956s][info][gc,ergo        ] Pacer for Idle. Initial: 10240K, Alloc Tax Rate: 1.0x
[2026-04-03T02:53:52.331+0600][110.957s][info][gc             ] Trigger: Handle Allocation Failure
[2026-04-03T02:53:52.331+0600][110.957s][info][gc,ergo        ] Free: 0B, Max: 0B regular, 0B humongous, Frag: 0% external, 0% internal; Reserve: 23296K, Max: 256K
[2026-04-03T02:53:52.331+0600][110.958s][info][gc,start       ] GC(22) Pause Full
[2026-04-03T02:53:52.331+0600][110.958s][info][gc,task        ] GC(22) Using 6 of 6 workers for full gc
[2026-04-03T02:53:52.332+0600][110.958s][info][gc,phases,start] GC(22) Phase 1: Mark live objects
[2026-04-03T02:53:52.332+0600][110.958s][info][gc,ref         ] GC(22) Clearing All SoftReferences
[2026-04-03T02:53:52.332+0600][110.958s][info][gc,ref         ] GC(22) Clearing All SoftReferences
[2026-04-03T02:53:55.197+0600][113.823s][info][gc,ref         ] GC(22) Encountered references: Soft: 2423, Weak: 2642, Final: 74, Phantom: 586
[2026-04-03T02:53:55.197+0600][113.823s][info][gc,ref         ] GC(22) Discovered  references: Soft: 221, Weak: 1707, Final: 67, Phantom: 581
[2026-04-03T02:53:55.197+0600][113.823s][info][gc,ref         ] GC(22) Enqueued    references: Soft: 0, Weak: 0, Final: 0, Phantom: 0
[2026-04-03T02:53:55.199+0600][113.825s][info][gc,phases      ] GC(22) Phase 1: Mark live objects 2867.241ms
[2026-04-03T02:53:55.199+0600][113.825s][info][gc,phases,start] GC(22) Phase 2: Compute new object addresses
[2026-04-03T02:53:55.287+0600][113.913s][info][gc,phases      ] GC(22) Phase 2: Compute new object addresses 88.036ms
[2026-04-03T02:53:55.287+0600][113.913s][info][gc,phases,start] GC(22) Phase 3: Adjust pointers
[2026-04-03T02:53:55.383+0600][114.009s][info][gc,phases      ] GC(22) Phase 3: Adjust pointers 95.835ms
[2026-04-03T02:53:55.383+0600][114.009s][info][gc,phases,start] GC(22) Phase 4: Move objects
[2026-04-03T02:53:55.463+0600][114.089s][info][gc,phases      ] GC(22) Phase 4: Move objects 79.698ms
[2026-04-03T02:53:55.463+0600][114.089s][info][gc,ergo        ] GC(22) Bad progress for free space: 49352B, need 5120K
[2026-04-03T02:53:55.463+0600][114.089s][info][gc             ] GC(22) Pause Full 476M->475M(500M) 3131.768ms
[2026-04-03T02:53:55.463+0600][114.090s][info][gc,ergo        ] Free: 22896B, Max: 18408B regular, 0B humongous, Frag: 0% external, 99% internal; Reserve: 23296K, Max: 256K
[2026-04-03T02:53:55.463+0600][114.090s][info][gc,stats       ] 
[2026-04-03T02:53:55.463+0600][114.090s][info][gc,stats       ] All times are wall-clock times, except per-root-class counters, that are sum over
[2026-04-03T02:53:55.463+0600][114.090s][info][gc,stats       ] all workers. Dividing the <total> over the root stage time estimates parallelism.
[2026-04-03T02:53:55.463+0600][114.090s][info][gc,stats       ] 
[2026-04-03T02:53:55.463+0600][114.090s][info][gc,stats       ] Pause Full GC (G)               3132055 us
[2026-04-03T02:53:55.463+0600][114.090s][info][gc,stats       ] Pause Full GC (N)               3131781 us
[2026-04-03T02:53:55.463+0600][114.090s][info][gc,stats       ]   Pre Heap Dump                       1 us
[2026-04-03T02:53:55.463+0600][114.090s][info][gc,stats       ]   Prepare                           264 us
[2026-04-03T02:53:55.463+0600][114.090s][info][gc,stats       ]   Mark                          2867209 us, parallelism: 5.99x
[2026-04-03T02:53:55.463+0600][114.090s][info][gc,stats       ]     FM: <total>                17185078 us
[2026-04-03T02:53:55.463+0600][114.090s][info][gc,stats       ]     FM: Thread Roots                680 us, workers (us): 134, 178, 154,  77,  77,  60, 
[2026-04-03T02:53:55.463+0600][114.090s][info][gc,stats       ]     FM: VM Strong Roots              19 us, workers (us):   5,   0,   1,   0,   6,   6, 
[2026-04-03T02:53:55.463+0600][114.090s][info][gc,stats       ]     FM: CLDG Roots                  286 us, workers (us):  31,  14,   7, 179,  28,  28, 
[2026-04-03T02:53:55.463+0600][114.090s][info][gc             ] Failed to allocate TLAB, 2648B
[2026-04-03T02:53:55.464+0600][114.090s][info][gc             ] Cancelling GC: Allocation Failure
[2026-04-03T02:53:55.463+0600][114.090s][info][gc,stats       ]     FM: Parallel Mark          17184093 us, workers (us): 2863931, 2863998, 2864014, 2863997, 2864144, 2864009, 
[2026-04-03T02:53:55.464+0600][114.090s][info][gc,stats       ]     System Purge                   2104 us
[2026-04-03T02:53:55.464+0600][114.090s][info][gc,stats       ]       Weak References               425 us, parallelism: 0.61x
[2026-04-03T02:53:55.464+0600][114.090s][info][gc,stats       ]         WRP: <total>                259 us
[2026-04-03T02:53:55.464+0600][114.090s][info][gc,stats       ]         WRP: Weak References        259 us, workers (us):  63,  13,  19,  11, 154,   0, 
[2026-04-03T02:53:55.464+0600][114.090s][info][gc,stats       ]       Unload Classes               1425 us, parallelism: 5.07x
[2026-04-03T02:53:55.464+0600][114.090s][info][gc,stats       ]         CU: <total>                7223 us
[2026-04-03T02:53:55.464+0600][114.090s][info][gc,stats       ]         CU: Unload Code Caches     7223 us, workers (us): 1220, 1211, 1211, 1206, 1183, 1191, 
[2026-04-03T02:53:55.464+0600][114.090s][info][gc,stats       ]       Weak Roots                    236 us, parallelism: 1.84x
[2026-04-03T02:53:55.464+0600][114.090s][info][gc,stats       ]         WR: <total>                 434 us
[2026-04-03T02:53:55.464+0600][114.090s][info][gc,stats       ]         WR: VM Weak Roots           434 us, workers (us):  91,  90,  88,  89,  39,  38, 
[2026-04-03T02:53:55.464+0600][114.090s][info][gc,stats       ]       CLDG                            2 us
[2026-04-03T02:53:55.464+0600][114.090s][info][gc,stats       ]   Calculate Addresses             88021 us
[2026-04-03T02:53:55.464+0600][114.090s][info][gc,stats       ]     Regular Objects               87796 us
[2026-04-03T02:53:55.464+0600][114.090s][info][gc,stats       ]     Humongous Objects                30 us
[2026-04-03T02:53:55.464+0600][114.090s][info][gc,stats       ]   Adjust Pointers                 95819 us
[2026-04-03T02:53:55.464+0600][114.090s][info][gc,stats       ]     FA: <total>                    7506 us
[2026-04-03T02:53:55.464+0600][114.090s][info][gc,stats       ]     FA: Thread Roots                470 us, workers (us):   2,  22, 143, 159,  77,  66, 
[2026-04-03T02:53:55.464+0600][114.090s][info][gc,stats       ]     FA: Code Cache Roots           5892 us, workers (us): 1196, 935, 859, 913, 990, 1000, 
[2026-04-03T02:53:55.464+0600][114.090s][info][gc,stats       ]     FA: VM Strong Roots              21 us, workers (us):  10,   9,   1,   1,   1,   1, 
[2026-04-03T02:53:55.464+0600][114.090s][info][gc,stats       ]     FA: VM Weak Roots               741 us, workers (us): 143, 146, 124, 124, 101, 102, 
[2026-04-03T02:53:55.464+0600][114.090s][info][gc,stats       ]     FA: CLDG Roots                  382 us, workers (us):  39, 152,  95,  32,  31,  32, 
[2026-04-03T02:53:55.464+0600][114.090s][info][gc,stats       ]   Copy Objects                    79686 us
[2026-04-03T02:53:55.464+0600][114.090s][info][gc,stats       ]     Regular Objects               78470 us
[2026-04-03T02:53:55.464+0600][114.090s][info][gc,stats       ]     Humongous Objects                23 us
[2026-04-03T02:53:55.464+0600][114.090s][info][gc,stats       ]     Reset Complete Bitmap          1008 us
[2026-04-03T02:53:55.464+0600][114.090s][info][gc,stats       ]     Rebuild Region Sets             183 us
[2026-04-03T02:53:55.464+0600][114.090s][info][gc,stats       ]   Post Heap Dump                      1 us
[2026-04-03T02:53:55.464+0600][114.090s][info][gc,stats       ] 
[2026-04-03T02:53:55.464+0600][114.090s][info][gc,stats       ] Allocation pacing accrued:
[2026-04-03T02:53:55.464+0600][114.090s][info][gc,stats       ]       0 of  3134 ms (  0.0%): <total>
[2026-04-03T02:53:55.464+0600][114.090s][info][gc,stats       ]       0 of  3134 ms (  0.0%): <average total>
[2026-04-03T02:53:55.464+0600][114.090s][info][gc,stats       ] 
[2026-04-03T02:53:55.464+0600][114.090s][info][gc,metaspace   ] Metaspace: 49130K(49664K)->49130K(49664K) NonClass: 43007K(43328K)->43007K(43328K) Class: 6122K(6336K)->6122K(6336K)
[2026-04-03T02:53:55.464+0600][114.090s][info][gc,ergo        ] Pacer for Idle. Initial: 10240K, Alloc Tax Rate: 1.0x
[2026-04-03T02:53:55.466+0600][114.092s][info][gc             ] Trigger: Handle Allocation Failure
[2026-04-03T02:53:55.466+0600][114.092s][info][gc,ergo        ] Free: 0B, Max: 0B regular, 0B humongous, Frag: 0% external, 0% internal; Reserve: 23296K, Max: 256K
[2026-04-03T02:53:55.466+0600][114.092s][info][gc,start       ] GC(23) Pause Degenerated GC (Outside of Cycle)
[2026-04-03T02:53:55.466+0600][114.092s][info][gc,task        ] GC(23) Using 6 of 6 workers for stw degenerated gc
[2026-04-03T02:53:55.467+0600][114.093s][info][gc,ref         ] GC(23) Clearing All SoftReferences
[2026-04-03T02:53:59.316+0600][117.942s][info][gc,ref         ] GC(23) Encountered references: Soft: 2423, Weak: 2643, Final: 74, Phantom: 587
[2026-04-03T02:53:59.316+0600][117.942s][info][gc,ref         ] GC(23) Discovered  references: Soft: 225, Weak: 1826, Final: 74, Phantom: 219
[2026-04-03T02:53:59.316+0600][117.942s][info][gc,ref         ] GC(23) Enqueued    references: Soft: 0, Weak: 0, Final: 0, Phantom: 0
[2026-04-03T02:53:59.317+0600][117.944s][info][gc,ergo        ] GC(23) Adaptive CSet Selection. Target Free: 72533K, Actual Free: 23296K, Max CSet: 21333K, Min Garbage: 49237K
[2026-04-03T02:53:59.317+0600][117.944s][info][gc,ergo        ] GC(23) Collectable Garbage: 12392B (100%), Immediate: 0B (0%), CSet: 12392B (100%)
[2026-04-03T02:53:59.427+0600][118.053s][info][gc,ergo        ] GC(23) Bad progress for free space: 24584B, need 5120K
[2026-04-03T02:53:59.427+0600][118.054s][info][gc             ] GC(23) Cancelling GC: Upgrade To Full GC
[2026-04-03T02:53:59.428+0600][118.055s][info][gc,phases,start] GC(23) Phase 1: Mark live objects
[2026-04-03T02:53:59.428+0600][118.055s][info][gc,ref         ] GC(23) Clearing All SoftReferences
[2026-04-03T02:53:59.428+0600][118.055s][info][gc,ref         ] GC(23) Clearing All SoftReferences
[2026-04-03T02:54:03.629+0600][122.256s][info][gc,ref         ] GC(23) Encountered references: Soft: 2423, Weak: 2643, Final: 74, Phantom: 587
[2026-04-03T02:54:03.629+0600][122.256s][info][gc,ref         ] GC(23) Discovered  references: Soft: 218, Weak: 1390, Final: 74, Phantom: 219
[2026-04-03T02:54:03.629+0600][122.256s][info][gc,ref         ] GC(23) Enqueued    references: Soft: 0, Weak: 0, Final: 0, Phantom: 0
[2026-04-03T02:54:03.631+0600][122.258s][info][gc,phases      ] GC(23) Phase 1: Mark live objects 4203.114ms
[2026-04-03T02:54:03.631+0600][122.258s][info][gc,phases,start] GC(23) Phase 2: Compute new object addresses
[2026-04-03T02:54:03.717+0600][122.343s][info][gc,phases      ] GC(23) Phase 2: Compute new object addresses 85.761ms
[2026-04-03T02:54:03.717+0600][122.344s][info][gc,phases,start] GC(23) Phase 3: Adjust pointers
[2026-04-03T02:54:03.813+0600][122.439s][info][gc,phases      ] GC(23) Phase 3: Adjust pointers 95.758ms
[2026-04-03T02:54:03.813+0600][122.439s][info][gc,phases,start] GC(23) Phase 4: Move objects
[2026-04-03T02:54:03.904+0600][122.530s][info][gc,phases      ] GC(23) Phase 4: Move objects 90.920ms
[2026-04-03T02:54:03.904+0600][122.530s][info][gc,ergo        ] GC(23) Bad progress for free space: 805K, need 5120K
[2026-04-03T02:54:03.904+0600][122.530s][info][gc             ] GC(23) Pause Degenerated GC (Outside of Cycle) 476M->475M(500M) 8438.043ms
[2026-04-03T02:54:03.904+0600][122.531s][info][gc,ergo        ] Free: 805K, Max: 253K regular, 0B humongous, Frag: 0% external, 99% internal; Reserve: 22528K, Max: 256K
[2026-04-03T02:54:03.904+0600][122.531s][info][gc,stats       ] 
[2026-04-03T02:54:03.904+0600][122.531s][info][gc,stats       ] All times are wall-clock times, except per-root-class counters, that are sum over
[2026-04-03T02:54:03.904+0600][122.531s][info][gc,stats       ] all workers. Dividing the <total> over the root stage time estimates parallelism.
[2026-04-03T02:54:03.904+0600][122.531s][info][gc,stats       ] 
[2026-04-03T02:54:03.904+0600][122.531s][info][gc,stats       ] Pause Degenerated GC (G)        8438219 us
[2026-04-03T02:54:03.904+0600][122.531s][info][gc,stats       ] Pause Degenerated GC (N)        8438053 us
[2026-04-03T02:54:03.904+0600][122.531s][info][gc,stats       ]   Degen STW Mark                3848809 us, parallelism: 6.00x
[2026-04-03T02:54:03.904+0600][122.531s][info][gc,stats       ]     DSM: <total>               23086368 us
[2026-04-03T02:54:03.904+0600][122.531s][info][gc,stats       ]     DSM: Thread Roots               818 us, workers (us): 168, 195, 132, 132,  94,  97, 
[2026-04-03T02:54:03.904+0600][122.531s][info][gc,stats       ]     DSM: VM Strong Roots             23 us, workers (us):   6,   4,   4,   4,   4,   0, 
[2026-04-03T02:54:03.904+0600][122.531s][info][gc,stats       ]     DSM: CLDG Roots                 440 us, workers (us):  60,  24,  50,  31,  61, 215, 
[2026-04-03T02:54:03.904+0600][122.531s][info][gc,stats       ]     DSM: Parallel Mark         23085087 us, workers (us): 3846810, 3847608, 3847802, 3847564, 3847802, 3847501, 
[2026-04-03T02:54:03.904+0600][122.531s][info][gc,stats       ]     System Purge                   1879 us
[2026-04-03T02:54:03.904+0600][122.531s][info][gc,stats       ]       Weak References               296 us, parallelism: 0.90x
[2026-04-03T02:54:03.904+0600][122.531s][info][gc,stats       ]         WRP: <total>                266 us
[2026-04-03T02:54:03.904+0600][122.531s][info][gc,stats       ]         WRP: Weak References        266 us, workers (us): 158,  43,  27,  18,  19,   1, 
[2026-04-03T02:54:03.905+0600][122.531s][info][gc,stats       ]       Unload Classes               1392 us, parallelism: 5.14x
[2026-04-03T02:54:03.905+0600][122.531s][info][gc,stats       ]         DCU: <total>               7157 us
[2026-04-03T02:54:03.905+0600][122.531s][info][gc,stats       ]         DCU: Unload Code Caches     7157 us, workers (us): 1239, 1230, 1170, 1196, 1172, 1150, 
[2026-04-03T02:54:03.905+0600][122.531s][info][gc,stats       ]       Weak Roots                    179 us, parallelism: 2.62x
[2026-04-03T02:54:03.905+0600][122.531s][info][gc,stats       ]         DWR: <total>                469 us
[2026-04-03T02:54:03.905+0600][122.531s][info][gc,stats       ]         DWR: VM Weak Roots          469 us, workers (us): 142, 136,  66,  52,  36,  37, 
[2026-04-03T02:54:03.905+0600][122.531s][info][gc,stats       ]       CLDG                            2 us
[2026-04-03T02:54:03.905+0600][122.531s][info][gc,stats       ]   Update Region States               24 us
[2026-04-03T02:54:03.905+0600][122.531s][info][gc,stats       ]   Manage GC/TLABs                     8 us
[2026-04-03T02:54:03.905+0600][122.531s][info][gc,stats       ]   Choose Collection Set             166 us
[2026-04-03T02:54:03.905+0600][122.531s][info][gc,stats       ]   Rebuild Free Set                   38 us
[2026-04-03T02:54:03.905+0600][122.531s][info][gc,stats       ]   Evacuation                       6247 us
[2026-04-03T02:54:03.905+0600][122.531s][info][gc,stats       ]   Manage GCLABs                      27 us
[2026-04-03T02:54:03.905+0600][122.531s][info][gc,stats       ]   Update References              100172 us
[2026-04-03T02:54:03.905+0600][122.531s][info][gc,stats       ]   Update Region States               31 us
[2026-04-03T02:54:03.905+0600][122.531s][info][gc,stats       ]   Trash Collection Set                5 us
[2026-04-03T02:54:03.905+0600][122.531s][info][gc,stats       ]   Rebuild Free Set                   41 us
[2026-04-03T02:54:03.905+0600][122.531s][info][gc,stats       ]   Degen Update Roots               1822 us, parallelism: 4.41x
[2026-04-03T02:54:03.905+0600][122.531s][info][gc,stats       ]     DU: <total>                    8039 us
[2026-04-03T02:54:03.905+0600][122.531s][info][gc,stats       ]     DU: Thread Roots                522 us, workers (us): 153,  78,   5, 150,   3, 132, 
[2026-04-03T02:54:03.905+0600][122.531s][info][gc,stats       ]     DU: Code Cache Roots           6252 us, workers (us): 949, 966, 1113, 947, 1308, 968, 
[2026-04-03T02:54:03.905+0600][122.531s][info][gc,stats       ]     DU: VM Strong Roots              16 us, workers (us):   9,   5,   1,   1,   1,   1, 
[2026-04-03T02:54:03.905+0600][122.531s][info][gc,stats       ]     DU: VM Weak Roots               748 us, workers (us): 163, 164, 122, 114,  98,  87, 
[2026-04-03T02:54:03.905+0600][122.531s][info][gc,stats       ]     DU: CLDG Roots                  501 us, workers (us):  64, 121,  65,  69, 116,  65, 
[2026-04-03T02:54:03.905+0600][122.531s][info][gc,stats       ]   Cleanup                           308 us
[2026-04-03T02:54:03.905+0600][122.531s][info][gc,stats       ]   Pre Heap Dump                       1 us
[2026-04-03T02:54:03.905+0600][122.531s][info][gc,stats       ]   Prepare                           942 us
[2026-04-03T02:54:03.905+0600][122.531s][info][gc,stats       ]   Mark                          4203076 us, parallelism: 5.99x
[2026-04-03T02:54:03.905+0600][122.531s][info][gc,stats       ]     FM: <total>                25196238 us
[2026-04-03T02:54:03.905+0600][122.531s][info][gc,stats       ]     FM: Thread Roots                650 us, workers (us): 208, 176,  75,  65,  64,  62, 
[2026-04-03T02:54:03.905+0600][122.531s][info][gc,stats       ]     FM: VM Strong Roots              22 us, workers (us):   4,   5,   7,   5,   0,   0, 
[2026-04-03T02:54:03.905+0600][122.531s][info][gc,stats       ]     FM: CLDG Roots                  291 us, workers (us):   9,  26,  34,  28, 178,  17, 
[2026-04-03T02:54:03.905+0600][122.531s][info][gc,stats       ]     FM: Parallel Mark          25195275 us, workers (us): 4199184, 4199207, 4199174, 4199322, 4199069, 4199319, 
[2026-04-03T02:54:03.905+0600][122.531s][info][gc,stats       ]     System Purge                   2389 us
[2026-04-03T02:54:03.905+0600][122.531s][info][gc,stats       ]       Weak References               558 us, parallelism: 0.58x
[2026-04-03T02:54:03.905+0600][122.531s][info][gc,stats       ]         WRP: <total>                322 us
[2026-04-03T02:54:03.905+0600][122.531s][info][gc,stats       ]         WRP: Weak References        322 us, workers (us):  89,  28, 204,   0,   0,   0, 
[2026-04-03T02:54:03.905+0600][122.531s][info][gc,stats       ]       Unload Classes               1578 us, parallelism: 4.89x
[2026-04-03T02:54:03.905+0600][122.531s][info][gc,stats       ]         CU: <total>                7714 us
[2026-04-03T02:54:03.905+0600][122.531s][info][gc,stats       ]         CU: Unload Code Caches     7714 us, workers (us): 1344, 1276, 1288, 1279, 1269, 1258, 
[2026-04-03T02:54:03.905+0600][122.531s][info][gc,stats       ]       Weak Roots                    232 us, parallelism: 2.27x
[2026-04-03T02:54:03.905+0600][122.531s][info][gc,stats       ]         WR: <total>                 526 us
[2026-04-03T02:54:03.905+0600][122.531s][info][gc,stats       ]         WR: VM Weak Roots           526 us, workers (us): 158,  89,  65,  66,  84,  64, 
[2026-04-03T02:54:03.905+0600][122.531s][info][gc,stats       ]       CLDG                            2 us
[2026-04-03T02:54:03.905+0600][122.531s][info][gc,stats       ]   Calculate Addresses             85752 us
[2026-04-03T02:54:03.905+0600][122.531s][info][gc,stats       ]     Regular Objects               85649 us
[2026-04-03T02:54:03.905+0600][122.531s][info][gc,stats       ]     Humongous Objects                30 us
[2026-04-03T02:54:03.905+0600][122.531s][info][gc,stats       ]   Adjust Pointers                 95747 us
[2026-04-03T02:54:03.905+0600][122.531s][info][gc,stats       ]     FA: <total>                    6988 us
[2026-04-03T02:54:03.905+0600][122.531s][info][gc,stats       ]     FA: Thread Roots                418 us, workers (us):  51, 198,  11, 155,   1,   3, 
[2026-04-03T02:54:03.905+0600][122.531s][info][gc,stats       ]     FA: Code Cache Roots           5429 us, workers (us): 862, 775, 1109, 822, 879, 982, 
[2026-04-03T02:54:03.905+0600][122.531s][info][gc,stats       ]     FA: VM Strong Roots              17 us, workers (us):  14,   1,   1,   1,   1,   1, 
[2026-04-03T02:54:03.905+0600][122.531s][info][gc,stats       ]     FA: VM Weak Roots               572 us, workers (us): 151, 116, 109,  67,  65,  64, 
[2026-04-03T02:54:03.905+0600][122.531s][info][gc,stats       ]     FA: CLDG Roots                  551 us, workers (us): 121,  57,  77,  58, 176,  63, 
[2026-04-03T02:54:03.905+0600][122.531s][info][gc,stats       ]   Copy Objects                    90908 us
[2026-04-03T02:54:03.905+0600][122.531s][info][gc,stats       ]     Regular Objects               90080 us
[2026-04-03T02:54:03.905+0600][122.531s][info][gc,stats       ]     Humongous Objects                19 us
[2026-04-03T02:54:03.905+0600][122.531s][info][gc,stats       ]     Reset Complete Bitmap           631 us
[2026-04-03T02:54:03.905+0600][122.531s][info][gc,stats       ]     Rebuild Region Sets             174 us
[2026-04-03T02:54:03.905+0600][122.531s][info][gc,stats       ]   Post Heap Dump                      3 us
[2026-04-03T02:54:03.905+0600][122.531s][info][gc,stats       ] 
[2026-04-03T02:54:03.905+0600][122.531s][info][gc,stats       ] Allocation pacing accrued:
[2026-04-03T02:54:03.905+0600][122.531s][info][gc,stats       ]       0 of  8441 ms (  0.0%): <total>
[2026-04-03T02:54:03.905+0600][122.531s][info][gc,stats       ]       0 of  8441 ms (  0.0%): <average total>
[2026-04-03T02:54:03.905+0600][122.531s][info][gc,stats       ] 
[2026-04-03T02:54:03.905+0600][122.531s][info][gc,metaspace   ] Metaspace: 49130K(49664K)->49137K(49664K) NonClass: 43007K(43328K)->43013K(43328K) Class: 6122K(6336K)->6124K(6336K)
[2026-04-03T02:54:03.905+0600][122.531s][info][gc,ergo        ] Pacer for Idle. Initial: 10240K, Alloc Tax Rate: 1.0x
[2026-04-03T02:54:03.906+0600][122.532s][info][gc             ] Failed to allocate TLAB, 2648B
[2026-04-03T02:54:03.906+0600][122.532s][info][gc             ] Cancelling GC: Allocation Failure
[2026-04-03T02:54:03.906+0600][122.532s][info][gc             ] Trigger: Handle Allocation Failure
[2026-04-03T02:54:03.906+0600][122.533s][info][gc,ergo        ] Free: 0B, Max: 0B regular, 0B humongous, Frag: 0% external, 0% internal; Reserve: 22528K, Max: 256K
[2026-04-03T02:54:03.906+0600][122.533s][info][gc,start       ] GC(24) Pause Degenerated GC (Outside of Cycle)
[2026-04-03T02:54:03.906+0600][122.533s][info][gc,task        ] GC(24) Using 6 of 6 workers for stw degenerated gc
[2026-04-03T02:54:03.907+0600][122.533s][info][gc,ref         ] GC(24) Clearing All SoftReferences
[2026-04-03T02:54:07.111+0600][125.738s][info][gc,ref         ] GC(24) Encountered references: Soft: 2423, Weak: 2646, Final: 74, Phantom: 586
[2026-04-03T02:54:07.111+0600][125.738s][info][gc,ref         ] GC(24) Discovered  references: Soft: 220, Weak: 1327, Final: 74, Phantom: 485
[2026-04-03T02:54:07.112+0600][125.738s][info][gc,ref         ] GC(24) Enqueued    references: Soft: 0, Weak: 2, Final: 0, Phantom: 0
[2026-04-03T02:54:07.114+0600][125.740s][info][gc,ergo        ] GC(24) Adaptive CSet Selection. Target Free: 72533K, Actual Free: 22528K, Max CSet: 21333K, Min Garbage: 50005K
[2026-04-03T02:54:07.114+0600][125.740s][info][gc,ergo        ] GC(24) Collectable Garbage: 239K (100%), Immediate: 0B (0%), CSet: 239K (100%)
[2026-04-03T02:54:07.231+0600][125.857s][info][gc,ergo        ] GC(24) Bad progress for free space: 25400B, need 5120K
[2026-04-03T02:54:07.231+0600][125.857s][info][gc             ] GC(24) Cancelling GC: Upgrade To Full GC
[2026-04-03T02:54:07.232+0600][125.858s][info][gc,phases,start] GC(24) Phase 1: Mark live objects
[2026-04-03T02:54:07.232+0600][125.858s][info][gc,ref         ] GC(24) Clearing All SoftReferences
[2026-04-03T02:54:07.232+0600][125.858s][info][gc,ref         ] GC(24) Clearing All SoftReferences
[2026-04-03T02:54:11.406+0600][130.032s][info][gc,ref         ] GC(24) Encountered references: Soft: 2423, Weak: 2644, Final: 74, Phantom: 586
[2026-04-03T02:54:11.406+0600][130.032s][info][gc,ref         ] GC(24) Discovered  references: Soft: 218, Weak: 1242, Final: 74, Phantom: 582
[2026-04-03T02:54:11.406+0600][130.032s][info][gc,ref         ] GC(24) Enqueued    references: Soft: 0, Weak: 0, Final: 0, Phantom: 0
[2026-04-03T02:54:11.408+0600][130.034s][info][gc,phases      ] GC(24) Phase 1: Mark live objects 4176.010ms
[2026-04-03T02:54:11.408+0600][130.034s][info][gc,phases,start] GC(24) Phase 2: Compute new object addresses
[2026-04-03T02:54:11.494+0600][130.120s][info][gc,phases      ] GC(24) Phase 2: Compute new object addresses 86.088ms
[2026-04-03T02:54:11.494+0600][130.120s][info][gc,phases,start] GC(24) Phase 3: Adjust pointers
[2026-04-03T02:54:11.591+0600][130.217s][info][gc,phases      ] GC(24) Phase 3: Adjust pointers 96.903ms
[2026-04-03T02:54:11.591+0600][130.217s][info][gc,phases,start] GC(24) Phase 4: Move objects
[2026-04-03T02:54:11.681+0600][130.307s][info][gc,phases      ] GC(24) Phase 4: Move objects 90.071ms
[2026-04-03T02:54:11.681+0600][130.308s][info][gc,ergo        ] GC(24) Bad progress for free space: 269K, need 5120K
[2026-04-03T02:54:11.681+0600][130.308s][info][gc             ] GC(24) Pause Degenerated GC (Outside of Cycle) 476M->476M(500M) 7775.011ms
[2026-04-03T02:54:11.681+0600][130.308s][info][gc,ergo        ] Free: 269K, Max: 74544B regular, 0B humongous, Frag: 0% external, 99% internal; Reserve: 22528K, Max: 256K
[2026-04-03T02:54:11.682+0600][130.308s][info][gc,stats       ] 
[2026-04-03T02:54:11.682+0600][130.308s][info][gc,stats       ] All times are wall-clock times, except per-root-class counters, that are sum over
[2026-04-03T02:54:11.682+0600][130.308s][info][gc,stats       ] all workers. Dividing the <total> over the root stage time estimates parallelism.
[2026-04-03T02:54:11.682+0600][130.308s][info][gc,stats       ] 
[2026-04-03T02:54:11.682+0600][130.308s][info][gc,stats       ] Pause Degenerated GC (G)        7775225 us
[2026-04-03T02:54:11.682+0600][130.308s][info][gc,stats       ] Pause Degenerated GC (N)        7775020 us
[2026-04-03T02:54:11.682+0600][130.308s][info][gc,stats       ]   Degen STW Mark                3204556 us, parallelism: 6.00x
[2026-04-03T02:54:11.682+0600][130.308s][info][gc,stats       ]     DSM: <total>               19220816 us
[2026-04-03T02:54:11.682+0600][130.308s][info][gc,stats       ]     DSM: Thread Roots               644 us, workers (us): 181, 117, 176,  61,  57,  52, 
[2026-04-03T02:54:11.682+0600][130.308s][info][gc,stats       ]     DSM: VM Strong Roots             16 us, workers (us):   0,   0,   0,   5,   6,   4, 
[2026-04-03T02:54:11.682+0600][130.308s][info][gc,stats       ]     DSM: CLDG Roots                 183 us, workers (us):  12,  97,   5,  22,  23,  23, 
[2026-04-03T02:54:11.682+0600][130.308s][info][gc,stats       ]     DSM: Parallel Mark         19219973 us, workers (us): 3203392, 3203238, 3203362, 3203395, 3203429, 3203157, 
[2026-04-03T02:54:11.682+0600][130.308s][info][gc,stats       ]     System Purge                   2505 us
[2026-04-03T02:54:11.682+0600][130.308s][info][gc,stats       ]       Weak References               407 us, parallelism: 0.67x
[2026-04-03T02:54:11.682+0600][130.308s][info][gc,stats       ]         WRP: <total>                273 us
[2026-04-03T02:54:11.682+0600][130.308s][info][gc,stats       ]         WRP: Weak References        273 us, workers (us): 121,  82,  50,  20,   1,   1, 
[2026-04-03T02:54:11.682+0600][130.308s][info][gc,stats       ]       Unload Classes               1823 us, parallelism: 5.07x
[2026-04-03T02:54:11.682+0600][130.308s][info][gc,stats       ]         DCU: <total>               9246 us
[2026-04-03T02:54:11.682+0600][130.308s][info][gc,stats       ]         DCU: Unload Code Caches     9246 us, workers (us): 1618, 1533, 1554, 1507, 1525, 1509, 
[2026-04-03T02:54:11.682+0600][130.308s][info][gc,stats       ]       Weak Roots                    259 us, parallelism: 2.55x
[2026-04-03T02:54:11.682+0600][130.308s][info][gc,stats       ]         DWR: <total>                662 us
[2026-04-03T02:54:11.682+0600][130.308s][info][gc,stats       ]         DWR: VM Weak Roots          662 us, workers (us): 196, 144, 124, 109,  46,  43, 
[2026-04-03T02:54:11.682+0600][130.308s][info][gc,stats       ]       CLDG                            3 us
[2026-04-03T02:54:11.682+0600][130.308s][info][gc,stats       ]   Update Region States               31 us
[2026-04-03T02:54:11.682+0600][130.308s][info][gc,stats       ]   Manage GC/TLABs                    10 us
[2026-04-03T02:54:11.682+0600][130.308s][info][gc,stats       ]   Choose Collection Set             248 us
[2026-04-03T02:54:11.682+0600][130.308s][info][gc,stats       ]   Rebuild Free Set                   49 us
[2026-04-03T02:54:11.682+0600][130.308s][info][gc,stats       ]   Evacuation                       7933 us
[2026-04-03T02:54:11.682+0600][130.308s][info][gc,stats       ]   Manage GCLABs                      34 us
[2026-04-03T02:54:11.682+0600][130.308s][info][gc,stats       ]   Update References              105825 us
[2026-04-03T02:54:11.682+0600][130.308s][info][gc,stats       ]   Update Region States              105 us
[2026-04-03T02:54:11.682+0600][130.308s][info][gc,stats       ]   Trash Collection Set                5 us
[2026-04-03T02:54:11.682+0600][130.308s][info][gc,stats       ]   Rebuild Free Set                   43 us
[2026-04-03T02:54:11.682+0600][130.308s][info][gc,stats       ]   Degen Update Roots               1542 us, parallelism: 5.21x
[2026-04-03T02:54:11.682+0600][130.308s][info][gc,stats       ]     DU: <total>                    8039 us
[2026-04-03T02:54:11.682+0600][130.308s][info][gc,stats       ]     DU: Thread Roots                572 us, workers (us): 148,  71,  15,  59, 116, 163, 
[2026-04-03T02:54:11.682+0600][130.308s][info][gc,stats       ]     DU: Code Cache Roots           6180 us, workers (us): 967, 1074, 1036, 1094, 1029, 980, 
[2026-04-03T02:54:11.682+0600][130.308s][info][gc,stats       ]     DU: VM Strong Roots              13 us, workers (us):   9,   1,   1,   1,   1,   1, 
[2026-04-03T02:54:11.682+0600][130.308s][info][gc,stats       ]     DU: VM Weak Roots               747 us, workers (us): 197, 111, 112, 111, 111, 104, 
[2026-04-03T02:54:11.682+0600][130.308s][info][gc,stats       ]     DU: CLDG Roots                  527 us, workers (us): 104,  65, 158,  70,  65,  64, 
[2026-04-03T02:54:11.682+0600][130.308s][info][gc,stats       ]   Cleanup                           325 us
[2026-04-03T02:54:11.682+0600][130.308s][info][gc,stats       ]   Pre Heap Dump                       1 us
[2026-04-03T02:54:11.682+0600][130.308s][info][gc,stats       ]   Prepare                           835 us
[2026-04-03T02:54:11.682+0600][130.308s][info][gc,stats       ]   Mark                          4175959 us, parallelism: 5.99x
[2026-04-03T02:54:11.682+0600][130.308s][info][gc,stats       ]     FM: <total>                25033937 us
[2026-04-03T02:54:11.682+0600][130.308s][info][gc,stats       ]     FM: Thread Roots                686 us, workers (us): 163, 155,  93,  91,  68, 116, 
[2026-04-03T02:54:11.682+0600][130.308s][info][gc,stats       ]     FM: VM Strong Roots              22 us, workers (us):   1,   0,   6,   6,   8,   0, 
[2026-04-03T02:54:11.682+0600][130.308s][info][gc,stats       ]     FM: CLDG Roots                  244 us, workers (us): 125,  17,  28,  28,  30,  17, 
[2026-04-03T02:54:11.682+0600][130.308s][info][gc,stats       ]     FM: Parallel Mark          25032986 us, workers (us): 4172230, 4171971, 4172166, 4172311, 4172170, 4172137, 
[2026-04-03T02:54:11.682+0600][130.308s][info][gc,stats       ]     System Purge                   2498 us
[2026-04-03T02:54:11.682+0600][130.308s][info][gc,stats       ]       Weak References               557 us, parallelism: 0.77x
[2026-04-03T02:54:11.682+0600][130.308s][info][gc,stats       ]         WRP: <total>                427 us
[2026-04-03T02:54:11.682+0600][130.308s][info][gc,stats       ]         WRP: Weak References        427 us, workers (us): 257,  40,  97,  18,  14,   1, 
[2026-04-03T02:54:11.682+0600][130.308s][info][gc,stats       ]       Unload Classes               1661 us, parallelism: 4.71x
[2026-04-03T02:54:11.682+0600][130.308s][info][gc,stats       ]         CU: <total>                7817 us
[2026-04-03T02:54:11.682+0600][130.308s][info][gc,stats       ]         CU: Unload Code Caches     7817 us, workers (us): 1361, 1344, 1316, 1276, 1263, 1258, 
[2026-04-03T02:54:11.682+0600][130.308s][info][gc,stats       ]       Weak Roots                    203 us, parallelism: 2.64x
[2026-04-03T02:54:11.682+0600][130.308s][info][gc,stats       ]         WR: <total>                 537 us
[2026-04-03T02:54:11.682+0600][130.308s][info][gc,stats       ]         WR: VM Weak Roots           537 us, workers (us): 147,  84,  84,  79,  77,  65, 
[2026-04-03T02:54:11.682+0600][130.308s][info][gc,stats       ]       CLDG                           24 us
[2026-04-03T02:54:11.682+0600][130.308s][info][gc,stats       ]   Calculate Addresses             86078 us
[2026-04-03T02:54:11.682+0600][130.308s][info][gc,stats       ]     Regular Objects               85962 us
[2026-04-03T02:54:11.682+0600][130.308s][info][gc,stats       ]     Humongous Objects                28 us
[2026-04-03T02:54:11.682+0600][130.308s][info][gc,stats       ]   Adjust Pointers                 96891 us
[2026-04-03T02:54:11.682+0600][130.308s][info][gc,stats       ]     FA: <total>                    7374 us
[2026-04-03T02:54:11.682+0600][130.308s][info][gc,stats       ]     FA: Thread Roots                443 us, workers (us): 172,   3,   1, 225,  19,  22, 
[2026-04-03T02:54:11.682+0600][130.308s][info][gc,stats       ]     FA: Code Cache Roots           5814 us, workers (us): 851, 1163, 1104, 802, 1003, 891, 
[2026-04-03T02:54:11.682+0600][130.308s][info][gc,stats       ]     FA: VM Strong Roots              16 us, workers (us):  12,   1,   1,   1,   1,   1, 
[2026-04-03T02:54:11.682+0600][130.308s][info][gc,stats       ]     FA: VM Weak Roots               592 us, workers (us): 158, 106, 107,  77,  72,  72, 
[2026-04-03T02:54:11.682+0600][130.308s][info][gc,stats       ]     FA: CLDG Roots                  510 us, workers (us):  49,  70, 131,  48,  52, 160, 
[2026-04-03T02:54:11.682+0600][130.308s][info][gc,stats       ]   Copy Objects                    90058 us
[2026-04-03T02:54:11.682+0600][130.308s][info][gc,stats       ]     Regular Objects               89228 us
[2026-04-03T02:54:11.682+0600][130.308s][info][gc,stats       ]     Humongous Objects                19 us
[2026-04-03T02:54:11.682+0600][130.308s][info][gc,stats       ]     Reset Complete Bitmap           641 us
[2026-04-03T02:54:11.682+0600][130.308s][info][gc,stats       ]     Rebuild Region Sets             168 us
[2026-04-03T02:54:11.682+0600][130.308s][info][gc,stats       ]   Post Heap Dump                      1 us
[2026-04-03T02:54:11.682+0600][130.308s][info][gc,stats       ] 
[2026-04-03T02:54:11.682+0600][130.308s][info][gc,stats       ] Allocation pacing accrued:
[2026-04-03T02:54:11.682+0600][130.308s][info][gc,stats       ]       0 of  7777 ms (  0.0%): <total>
[2026-04-03T02:54:11.682+0600][130.308s][info][gc,stats       ]       0 of  7777 ms (  0.0%): <average total>
[2026-04-03T02:54:11.682+0600][130.308s][info][gc,stats       ] 
[2026-04-03T02:54:11.682+0600][130.308s][info][gc,metaspace   ] Metaspace: 49142K(49664K)->49143K(49664K) NonClass: 43016K(43328K)->43017K(43328K) Class: 6125K(6336K)->6125K(6336K)
[2026-04-03T02:54:11.682+0600][130.308s][info][gc,ergo        ] Pacer for Idle. Initial: 10240K, Alloc Tax Rate: 1.0x
[2026-04-03T02:54:11.682+0600][130.309s][info][gc             ] Failed to allocate TLAB, 2656B
[2026-04-03T02:54:11.682+0600][130.309s][info][gc             ] Cancelling GC: Allocation Failure
[2026-04-03T02:54:11.683+0600][130.309s][info][gc             ] Trigger: Handle Allocation Failure
[2026-04-03T02:54:11.683+0600][130.309s][info][gc,ergo        ] Free: 0B, Max: 0B regular, 0B humongous, Frag: 0% external, 0% internal; Reserve: 22528K, Max: 256K
[2026-04-03T02:54:11.683+0600][130.310s][info][gc,start       ] GC(25) Pause Degenerated GC (Outside of Cycle)
[2026-04-03T02:54:11.683+0600][130.310s][info][gc,task        ] GC(25) Using 6 of 6 workers for stw degenerated gc
[2026-04-03T02:54:11.684+0600][130.310s][info][gc,ref         ] GC(25) Clearing All SoftReferences
[2026-04-03T02:54:15.576+0600][134.203s][info][gc,ref         ] GC(25) Encountered references: Soft: 2424, Weak: 2650, Final: 74, Phantom: 586
[2026-04-03T02:54:15.576+0600][134.203s][info][gc,ref         ] GC(25) Discovered  references: Soft: 216, Weak: 1291, Final: 74, Phantom: 582
[2026-04-03T02:54:15.576+0600][134.203s][info][gc,ref         ] GC(25) Enqueued    references: Soft: 1, Weak: 2, Final: 0, Phantom: 0
[2026-04-03T02:54:15.578+0600][134.205s][info][gc,ergo        ] GC(25) Adaptive CSet Selection. Target Free: 72533K, Actual Free: 22528K, Max CSet: 21333K, Min Garbage: 50005K
[2026-04-03T02:54:15.579+0600][134.205s][info][gc,ergo        ] GC(25) Collectable Garbage: 89920B (100%), Immediate: 0B (0%), CSet: 89920B (100%)
[2026-04-03T02:54:15.685+0600][134.311s][info][gc,ergo        ] GC(25) Bad progress for free space: 26496B, need 5120K
[2026-04-03T02:54:15.685+0600][134.311s][info][gc             ] GC(25) Cancelling GC: Upgrade To Full GC
[2026-04-03T02:54:15.686+0600][134.312s][info][gc,phases,start] GC(25) Phase 1: Mark live objects
[2026-04-03T02:54:15.686+0600][134.313s][info][gc,ref         ] GC(25) Clearing All SoftReferences
[2026-04-03T02:54:15.686+0600][134.313s][info][gc,ref         ] GC(25) Clearing All SoftReferences
[2026-04-03T02:54:19.782+0600][138.408s][info][gc,ref         ] GC(25) Encountered references: Soft: 2423, Weak: 2648, Final: 74, Phantom: 586
[2026-04-03T02:54:19.782+0600][138.408s][info][gc,ref         ] GC(25) Discovered  references: Soft: 218, Weak: 1454, Final: 74, Phantom: 582
[2026-04-03T02:54:19.782+0600][138.408s][info][gc,ref         ] GC(25) Enqueued    references: Soft: 0, Weak: 0, Final: 0, Phantom: 0
[2026-04-03T02:54:19.784+0600][138.410s][info][gc,phases      ] GC(25) Phase 1: Mark live objects 4097.826ms
[2026-04-03T02:54:19.784+0600][138.410s][info][gc,phases,start] GC(25) Phase 2: Compute new object addresses
[2026-04-03T02:54:19.866+0600][138.492s][info][gc,phases      ] GC(25) Phase 2: Compute new object addresses 81.642ms
[2026-04-03T02:54:19.866+0600][138.492s][info][gc,phases,start] GC(25) Phase 3: Adjust pointers
[2026-04-03T02:54:19.962+0600][138.589s][info][gc,phases      ] GC(25) Phase 3: Adjust pointers 96.734ms
[2026-04-03T02:54:19.963+0600][138.589s][info][gc,phases,start] GC(25) Phase 4: Move objects
[2026-04-03T02:54:20.051+0600][138.677s][info][gc,phases      ] GC(25) Phase 4: Move objects 88.442ms
[2026-04-03T02:54:20.051+0600][138.678s][info][gc,ergo        ] GC(25) Bad progress for free space: 376K, need 5120K
[2026-04-03T02:54:20.051+0600][138.678s][info][gc             ] GC(25) Pause Degenerated GC (Outside of Cycle) 476M->476M(500M) 8367.933ms
[2026-04-03T02:54:20.051+0600][138.678s][info][gc,ergo        ] Free: 376K, Max: 168K regular, 0B humongous, Frag: 0% external, 99% internal; Reserve: 22272K, Max: 256K
[2026-04-03T02:54:20.051+0600][138.678s][info][gc,stats       ] 
[2026-04-03T02:54:20.051+0600][138.678s][info][gc,stats       ] All times are wall-clock times, except per-root-class counters, that are sum over
[2026-04-03T02:54:20.051+0600][138.678s][info][gc,stats       ] all workers. Dividing the <total> over the root stage time estimates parallelism.
[2026-04-03T02:54:20.052+0600][138.678s][info][gc,stats       ] 
[2026-04-03T02:54:20.052+0600][138.678s][info][gc,stats       ] Pause Degenerated GC (G)        8368218 us
[2026-04-03T02:54:20.052+0600][138.678s][info][gc,stats       ] Pause Degenerated GC (N)        8367960 us
[2026-04-03T02:54:20.052+0600][138.678s][info][gc,stats       ]   Degen STW Mark                3892264 us, parallelism: 6.00x
[2026-04-03T02:54:20.052+0600][138.678s][info][gc,stats       ]     DSM: <total>               23344938 us
[2026-04-03T02:54:20.052+0600][138.678s][info][gc,stats       ]     DSM: Thread Roots              1079 us, workers (us): 180, 171, 138,  78, 105, 407, 
[2026-04-03T02:54:20.052+0600][138.678s][info][gc,stats       ]     DSM: VM Strong Roots             13 us, workers (us):   0,   0,  11,   0,   0,   0, 
[2026-04-03T02:54:20.052+0600][138.678s][info][gc,stats       ]     DSM: CLDG Roots                 207 us, workers (us):  13,   6,  27, 136,  13,  13, 
[2026-04-03T02:54:20.052+0600][138.678s][info][gc,stats       ]     DSM: Parallel Mark         23343639 us, workers (us): 3890652, 3890697, 3890692, 3890717, 3890477, 3890404, 
[2026-04-03T02:54:20.052+0600][138.678s][info][gc,stats       ]     System Purge                   2497 us
[2026-04-03T02:54:20.052+0600][138.678s][info][gc,stats       ]       Weak References               496 us, parallelism: 0.95x
[2026-04-03T02:54:20.052+0600][138.678s][info][gc,stats       ]         WRP: <total>                473 us
[2026-04-03T02:54:20.052+0600][138.678s][info][gc,stats       ]         WRP: Weak References        473 us, workers (us): 350,  53,  59,  11,   1,   0, 
[2026-04-03T02:54:20.052+0600][138.678s][info][gc,stats       ]       Unload Classes               1689 us, parallelism: 4.52x
[2026-04-03T02:54:20.052+0600][138.678s][info][gc,stats       ]         DCU: <total>               7639 us
[2026-04-03T02:54:20.052+0600][138.678s][info][gc,stats       ]         DCU: Unload Code Caches     7639 us, workers (us): 1346, 1270, 1276, 1279, 1235, 1234, 
[2026-04-03T02:54:20.052+0600][138.678s][info][gc,stats       ]       Weak Roots                    222 us, parallelism: 2.21x
[2026-04-03T02:54:20.052+0600][138.678s][info][gc,stats       ]         DWR: <total>                492 us
[2026-04-03T02:54:20.052+0600][138.678s][info][gc,stats       ]         DWR: VM Weak Roots          492 us, workers (us): 176,  97,  97,  41,  41,  40, 
[2026-04-03T02:54:20.052+0600][138.678s][info][gc,stats       ]       CLDG                            3 us
[2026-04-03T02:54:20.052+0600][138.678s][info][gc,stats       ]   Update Region States               27 us
[2026-04-03T02:54:20.052+0600][138.678s][info][gc,stats       ]   Manage GC/TLABs                     8 us
[2026-04-03T02:54:20.052+0600][138.678s][info][gc,stats       ]   Choose Collection Set             194 us
[2026-04-03T02:54:20.052+0600][138.678s][info][gc,stats       ]   Rebuild Free Set                   42 us
[2026-04-03T02:54:20.052+0600][138.678s][info][gc,stats       ]   Evacuation                       6382 us
[2026-04-03T02:54:20.052+0600][138.678s][info][gc,stats       ]   Manage GCLABs                      20 us
[2026-04-03T02:54:20.052+0600][138.678s][info][gc,stats       ]   Update References               96602 us
[2026-04-03T02:54:20.052+0600][138.678s][info][gc,stats       ]   Update Region States               29 us
[2026-04-03T02:54:20.052+0600][138.678s][info][gc,stats       ]   Trash Collection Set                5 us
[2026-04-03T02:54:20.052+0600][138.678s][info][gc,stats       ]   Rebuild Free Set                   39 us
[2026-04-03T02:54:20.052+0600][138.678s][info][gc,stats       ]   Degen Update Roots               1867 us, parallelism: 4.60x
[2026-04-03T02:54:20.052+0600][138.678s][info][gc,stats       ]     DU: <total>                    8583 us
[2026-04-03T02:54:20.052+0600][138.678s][info][gc,stats       ]     DU: Thread Roots                634 us, workers (us): 150,  90, 153,  94,   5, 142, 
[2026-04-03T02:54:20.052+0600][138.678s][info][gc,stats       ]     DU: Code Cache Roots           6594 us, workers (us): 1054, 1046, 1051, 1111, 1265, 1068, 
[2026-04-03T02:54:20.052+0600][138.678s][info][gc,stats       ]     DU: VM Strong Roots              19 us, workers (us):   8,   5,   5,   1,   1,   0, 
[2026-04-03T02:54:20.052+0600][138.678s][info][gc,stats       ]     DU: VM Weak Roots               823 us, workers (us): 148, 148, 149, 126, 128, 125, 
[2026-04-03T02:54:20.052+0600][138.678s][info][gc,stats       ]     DU: CLDG Roots                  512 us, workers (us):  64, 136,  68,  63, 118,  63, 
[2026-04-03T02:54:20.052+0600][138.678s][info][gc,stats       ]   Cleanup                           320 us
[2026-04-03T02:54:20.052+0600][138.678s][info][gc,stats       ]   Pre Heap Dump                       1 us
[2026-04-03T02:54:20.052+0600][138.678s][info][gc,stats       ]   Prepare                          1006 us
[2026-04-03T02:54:20.052+0600][138.678s][info][gc,stats       ]   Mark                          4097754 us, parallelism: 5.99x
[2026-04-03T02:54:20.052+0600][138.678s][info][gc,stats       ]     FM: <total>                24563219 us
[2026-04-03T02:54:20.052+0600][138.678s][info][gc,stats       ]     FM: Thread Roots                989 us, workers (us): 243, 139, 185, 184, 118, 119, 
[2026-04-03T02:54:20.052+0600][138.678s][info][gc,stats       ]     FM: VM Strong Roots              21 us, workers (us):   1,   9,   0,   0,  11,   0, 
[2026-04-03T02:54:20.052+0600][138.678s][info][gc,stats       ]     FM: CLDG Roots                  380 us, workers (us):  16,  33,  22,  21,  34, 253, 
[2026-04-03T02:54:20.052+0600][138.678s][info][gc,stats       ]     FM: Parallel Mark          24561829 us, workers (us): 4093682, 4093774, 4093650, 4093659, 4093765, 4093299, 
[2026-04-03T02:54:20.052+0600][138.678s][info][gc,stats       ]     System Purge                   2729 us
[2026-04-03T02:54:20.052+0600][138.678s][info][gc,stats       ]       Weak References               686 us, parallelism: 0.65x
[2026-04-03T02:54:20.052+0600][138.678s][info][gc,stats       ]         WRP: <total>                449 us
[2026-04-03T02:54:20.052+0600][138.678s][info][gc,stats       ]         WRP: Weak References        449 us, workers (us):  94, 232, 118,   4,   0,   0, 
[2026-04-03T02:54:20.052+0600][138.678s][info][gc,stats       ]       Unload Classes               1534 us, parallelism: 5.01x
[2026-04-03T02:54:20.052+0600][138.678s][info][gc,stats       ]         CU: <total>                7685 us
[2026-04-03T02:54:20.052+0600][138.678s][info][gc,stats       ]         CU: Unload Code Caches     7685 us, workers (us): 1372, 1309, 1279, 1239, 1252, 1234, 
[2026-04-03T02:54:20.052+0600][138.678s][info][gc,stats       ]       Weak Roots                    475 us, parallelism: 1.13x
[2026-04-03T02:54:20.052+0600][138.678s][info][gc,stats       ]         WR: <total>                 536 us
[2026-04-03T02:54:20.052+0600][138.678s][info][gc,stats       ]         WR: VM Weak Roots           536 us, workers (us): 101, 101,  97,  86,  86,  65, 
[2026-04-03T02:54:20.052+0600][138.678s][info][gc,stats       ]       CLDG                            3 us
[2026-04-03T02:54:20.052+0600][138.678s][info][gc,stats       ]   Calculate Addresses             81632 us
[2026-04-03T02:54:20.052+0600][138.678s][info][gc,stats       ]     Regular Objects               81482 us
[2026-04-03T02:54:20.052+0600][138.678s][info][gc,stats       ]     Humongous Objects                30 us
[2026-04-03T02:54:20.052+0600][138.678s][info][gc,stats       ]   Adjust Pointers                 96723 us
[2026-04-03T02:54:20.052+0600][138.678s][info][gc,stats       ]     FA: <total>                    7579 us
[2026-04-03T02:54:20.052+0600][138.678s][info][gc,stats       ]     FA: Thread Roots                584 us, workers (us):  76,  99,  52,   2, 144, 210, 
[2026-04-03T02:54:20.052+0600][138.678s][info][gc,stats       ]     FA: Code Cache Roots           5867 us, workers (us): 1000, 971, 1018, 1193, 833, 851, 
[2026-04-03T02:54:20.052+0600][138.678s][info][gc,stats       ]     FA: VM Strong Roots              17 us, workers (us):  12,   1,   1,   1,   0,   1, 
[2026-04-03T02:54:20.052+0600][138.678s][info][gc,stats       ]     FA: VM Weak Roots               569 us, workers (us): 171,  83,  81,  82,  78,  74, 
[2026-04-03T02:54:20.052+0600][138.678s][info][gc,stats       ]     FA: CLDG Roots                  543 us, workers (us):  59,  57,  60, 146, 151,  70, 
[2026-04-03T02:54:20.052+0600][138.678s][info][gc,stats       ]   Copy Objects                    88430 us
[2026-04-03T02:54:20.052+0600][138.678s][info][gc,stats       ]     Regular Objects               87564 us
[2026-04-03T02:54:20.052+0600][138.678s][info][gc,stats       ]     Humongous Objects                20 us
[2026-04-03T02:54:20.052+0600][138.678s][info][gc,stats       ]     Reset Complete Bitmap           674 us
[2026-04-03T02:54:20.052+0600][138.678s][info][gc,stats       ]     Rebuild Region Sets             171 us
[2026-04-03T02:54:20.052+0600][138.678s][info][gc,stats       ]   Post Heap Dump                      1 us
[2026-04-03T02:54:20.052+0600][138.678s][info][gc,stats       ] 
[2026-04-03T02:54:20.052+0600][138.678s][info][gc,stats       ] Allocation pacing accrued:
[2026-04-03T02:54:20.052+0600][138.678s][info][gc,stats       ]       0 of  8370 ms (  0.0%): <total>
[2026-04-03T02:54:20.052+0600][138.678s][info][gc,stats       ]       0 of  8370 ms (  0.0%): <average total>
[2026-04-03T02:54:20.052+0600][138.678s][info][gc,stats       ] 
[2026-04-03T02:54:20.052+0600][138.678s][info][gc,metaspace   ] Metaspace: 49148K(49664K)->49150K(49664K) NonClass: 43020K(43328K)->43021K(43328K) Class: 6128K(6336K)->6128K(6336K)
[2026-04-03T02:54:20.052+0600][138.678s][info][gc,ergo        ] Pacer for Idle. Initial: 10240K, Alloc Tax Rate: 1.0x
[2026-04-03T02:54:20.052+0600][138.679s][info][gc             ] Failed to allocate TLAB, 2648B
[2026-04-03T02:54:20.052+0600][138.679s][info][gc             ] Cancelling GC: Allocation Failure
[2026-04-03T02:54:20.053+0600][138.679s][info][gc             ] Trigger: Handle Allocation Failure
[2026-04-03T02:54:20.053+0600][138.679s][info][gc,ergo        ] Free: 0B, Max: 0B regular, 0B humongous, Frag: 0% external, 0% internal; Reserve: 22272K, Max: 256K
[2026-04-03T02:54:20.053+0600][138.680s][info][gc,start       ] GC(26) Pause Degenerated GC (Outside of Cycle)
[2026-04-03T02:54:20.053+0600][138.680s][info][gc,task        ] GC(26) Using 6 of 6 workers for stw degenerated gc
[2026-04-03T02:54:20.054+0600][138.680s][info][gc,ref         ] GC(26) Clearing All SoftReferences
[2026-04-03T02:54:24.399+0600][143.025s][info][gc,ref         ] GC(26) Encountered references: Soft: 2425, Weak: 2652, Final: 74, Phantom: 586
[2026-04-03T02:54:24.399+0600][143.025s][info][gc,ref         ] GC(26) Discovered  references: Soft: 215, Weak: 1397, Final: 74, Phantom: 582
[2026-04-03T02:54:24.399+0600][143.025s][info][gc,ref         ] GC(26) Enqueued    references: Soft: 1, Weak: 3, Final: 0, Phantom: 0
[2026-04-03T02:54:24.401+0600][143.027s][info][gc,ergo        ] GC(26) Adaptive CSet Selection. Target Free: 72533K, Actual Free: 22272K, Max CSet: 21333K, Min Garbage: 50261K
[2026-04-03T02:54:24.401+0600][143.027s][info][gc,ergo        ] GC(26) Collectable Garbage: 119K (100%), Immediate: 0B (0%), CSet: 119K (100%)
[2026-04-03T02:54:24.514+0600][143.141s][info][gc,ergo        ] GC(26) Bad progress for free space: 26456B, need 5120K
[2026-04-03T02:54:24.515+0600][143.141s][info][gc             ] GC(26) Cancelling GC: Upgrade To Full GC
[2026-04-03T02:54:24.516+0600][143.142s][info][gc,phases,start] GC(26) Phase 1: Mark live objects
[2026-04-03T02:54:24.516+0600][143.142s][info][gc,ref         ] GC(26) Clearing All SoftReferences
[2026-04-03T02:54:24.516+0600][143.142s][info][gc,ref         ] GC(26) Clearing All SoftReferences
[2026-04-03T02:54:28.620+0600][147.246s][info][gc,ref         ] GC(26) Encountered references: Soft: 2424, Weak: 2649, Final: 74, Phantom: 586
[2026-04-03T02:54:28.620+0600][147.246s][info][gc,ref         ] GC(26) Discovered  references: Soft: 222, Weak: 1403, Final: 74, Phantom: 581
[2026-04-03T02:54:28.620+0600][147.246s][info][gc,ref         ] GC(26) Enqueued    references: Soft: 0, Weak: 0, Final: 0, Phantom: 0
[2026-04-03T02:54:28.622+0600][147.248s][info][gc,phases      ] GC(26) Phase 1: Mark live objects 4105.816ms
[2026-04-03T02:54:28.622+0600][147.248s][info][gc,phases,start] GC(26) Phase 2: Compute new object addresses
[2026-04-03T02:54:28.702+0600][147.329s][info][gc,phases      ] GC(26) Phase 2: Compute new object addresses 80.711ms
[2026-04-03T02:54:28.702+0600][147.329s][info][gc,phases,start] GC(26) Phase 3: Adjust pointers
[2026-04-03T02:54:28.801+0600][147.427s][info][gc,phases      ] GC(26) Phase 3: Adjust pointers 98.378ms
[2026-04-03T02:54:28.801+0600][147.427s][info][gc,phases,start] GC(26) Phase 4: Move objects
[2026-04-03T02:54:28.891+0600][147.518s][info][gc,phases      ] GC(26) Phase 4: Move objects 90.261ms
[2026-04-03T02:54:28.891+0600][147.518s][info][gc,ergo        ] GC(26) Bad progress for free space: 149K, need 5120K
[2026-04-03T02:54:28.891+0600][147.518s][info][gc             ] GC(26) Pause Degenerated GC (Outside of Cycle) 477M->476M(500M) 8838.035ms
[2026-04-03T02:54:28.892+0600][147.518s][info][gc,ergo        ] Free: 122K, Max: 110K regular, 0B humongous, Frag: 0% external, 99% internal; Reserve: 22272K, Max: 256K
[2026-04-03T02:54:28.892+0600][147.518s][info][gc,stats       ] 
[2026-04-03T02:54:28.892+0600][147.518s][info][gc,stats       ] All times are wall-clock times, except per-root-class counters, that are sum over
[2026-04-03T02:54:28.892+0600][147.518s][info][gc,stats       ] all workers. Dividing the <total> over the root stage time estimates parallelism.
[2026-04-03T02:54:28.892+0600][147.518s][info][gc,stats       ] 
[2026-04-03T02:54:28.892+0600][147.518s][info][gc,stats       ] Pause Degenerated GC (G)        8838389 us
[2026-04-03T02:54:28.892+0600][147.518s][info][gc,stats       ] Pause Degenerated GC (N)        8838045 us
[2026-04-03T02:54:28.892+0600][147.518s][info][gc,stats       ]   Degen STW Mark                4345144 us, parallelism: 6.00x
[2026-04-03T02:54:28.892+0600][147.518s][info][gc,stats       ]     DSM: <total>               26065822 us
[2026-04-03T02:54:28.892+0600][147.518s][info][gc,stats       ]     DSM: Thread Roots               843 us, workers (us): 174, 111, 184,  96, 170, 109, 
[2026-04-03T02:54:28.892+0600][147.518s][info][gc,stats       ]     DSM: VM Strong Roots             17 us, workers (us):   0,  10,   0,   0,   0,   6, 
[2026-04-03T02:54:28.892+0600][147.518s][info][gc,stats       ]     DSM: CLDG Roots                 282 us, workers (us): 111,  31,  14, 106,   7,  14, 
[2026-04-03T02:54:28.892+0600][147.518s][info][gc,stats       ]     DSM: Parallel Mark         26064680 us, workers (us): 4344150, 4344105, 4344075, 4344048, 4344077, 4344224, 
[2026-04-03T02:54:28.892+0600][147.518s][info][gc,stats       ]     System Purge                   1866 us
[2026-04-03T02:54:28.892+0600][147.518s][info][gc,stats       ]       Weak References               293 us, parallelism: 1.03x
[2026-04-03T02:54:28.892+0600][147.518s][info][gc,stats       ]         WRP: <total>                303 us
[2026-04-03T02:54:28.892+0600][147.518s][info][gc,stats       ]         WRP: Weak References        303 us, workers (us):  50,  48,  79, 126,   0,   0, 
[2026-04-03T02:54:28.892+0600][147.518s][info][gc,stats       ]       Unload Classes               1413 us, parallelism: 5.10x
[2026-04-03T02:54:28.892+0600][147.518s][info][gc,stats       ]         DCU: <total>               7199 us
[2026-04-03T02:54:28.892+0600][147.518s][info][gc,stats       ]         DCU: Unload Code Caches     7199 us, workers (us): 1247, 1188, 1201, 1190, 1198, 1176, 
[2026-04-03T02:54:28.892+0600][147.518s][info][gc,stats       ]       Weak Roots                    149 us, parallelism: 3.29x
[2026-04-03T02:54:28.892+0600][147.518s][info][gc,stats       ]         DWR: <total>                491 us
[2026-04-03T02:54:28.892+0600][147.518s][info][gc,stats       ]         DWR: VM Weak Roots          491 us, workers (us): 116, 115, 109,  74,  38,  39, 
[2026-04-03T02:54:28.892+0600][147.518s][info][gc,stats       ]       CLDG                            2 us
[2026-04-03T02:54:28.892+0600][147.518s][info][gc,stats       ]   Update Region States               35 us
[2026-04-03T02:54:28.892+0600][147.518s][info][gc,stats       ]   Manage GC/TLABs                     8 us
[2026-04-03T02:54:28.892+0600][147.518s][info][gc,stats       ]   Choose Collection Set             186 us
[2026-04-03T02:54:28.892+0600][147.518s][info][gc,stats       ]   Rebuild Free Set                   39 us
[2026-04-03T02:54:28.892+0600][147.518s][info][gc,stats       ]   Evacuation                       6316 us
[2026-04-03T02:54:28.892+0600][147.518s][info][gc,stats       ]   Manage GCLABs                      22 us
[2026-04-03T02:54:28.892+0600][147.518s][info][gc,stats       ]   Update References              103674 us
[2026-04-03T02:54:28.892+0600][147.518s][info][gc,stats       ]   Update Region States               33 us
[2026-04-03T02:54:28.892+0600][147.518s][info][gc,stats       ]   Trash Collection Set                6 us
[2026-04-03T02:54:28.892+0600][147.518s][info][gc,stats       ]   Rebuild Free Set                   47 us
[2026-04-03T02:54:28.892+0600][147.518s][info][gc,stats       ]   Degen Update Roots               2030 us, parallelism: 4.48x
[2026-04-03T02:54:28.892+0600][147.518s][info][gc,stats       ]     DU: <total>                    9102 us
[2026-04-03T02:54:28.892+0600][147.518s][info][gc,stats       ]     DU: Thread Roots                654 us, workers (us):  93,   3,  61,  78, 195, 224, 
[2026-04-03T02:54:28.892+0600][147.518s][info][gc,stats       ]     DU: Code Cache Roots           6887 us, workers (us): 1163, 1369, 1193, 1175, 952, 1034, 
[2026-04-03T02:54:28.892+0600][147.518s][info][gc,stats       ]     DU: VM Strong Roots              17 us, workers (us):  12,   1,   1,   1,   1,   1, 
[2026-04-03T02:54:28.892+0600][147.518s][info][gc,stats       ]     DU: VM Weak Roots               912 us, workers (us): 184, 156, 154, 157, 131, 130, 
[2026-04-03T02:54:28.892+0600][147.518s][info][gc,stats       ]     DU: CLDG Roots                  632 us, workers (us):  75, 166,  72,  69, 175,  74, 
[2026-04-03T02:54:28.892+0600][147.518s][info][gc,stats       ]   Cleanup                           328 us
[2026-04-03T02:54:28.892+0600][147.518s][info][gc,stats       ]   Pre Heap Dump                       1 us
[2026-04-03T02:54:28.892+0600][147.518s][info][gc,stats       ]   Prepare                          1118 us
[2026-04-03T02:54:28.892+0600][147.518s][info][gc,stats       ]   Mark                          4105740 us, parallelism: 6.00x
[2026-04-03T02:54:28.892+0600][147.518s][info][gc,stats       ]     FM: <total>                24614239 us
[2026-04-03T02:54:28.892+0600][147.518s][info][gc,stats       ]     FM: Thread Roots                879 us, workers (us): 175, 151, 147, 164, 104, 139, 
[2026-04-03T02:54:28.892+0600][147.518s][info][gc,stats       ]     FM: VM Strong Roots              20 us, workers (us):   3,  13,   0,   0,   3,   0, 
[2026-04-03T02:54:28.892+0600][147.518s][info][gc             ] Failed to allocate TLAB, 2656B
[2026-04-03T02:54:28.892+0600][147.518s][info][gc             ] Cancelling GC: Allocation Failure
[2026-04-03T02:54:28.892+0600][147.518s][info][gc,stats       ]     FM: CLDG Roots                  290 us, workers (us):   8,  21, 188,  19,  35,  20, 
[2026-04-03T02:54:28.892+0600][147.519s][info][gc,stats       ]     FM: Parallel Mark          24613051 us, workers (us): 4102269, 4102212, 4102120, 4102099, 4102162, 4102188, 
[2026-04-03T02:54:28.892+0600][147.519s][info][gc,stats       ]     System Purge                   2204 us
[2026-04-03T02:54:28.892+0600][147.519s][info][gc,stats       ]       Weak References               470 us, parallelism: 0.83x
[2026-04-03T02:54:28.892+0600][147.519s][info][gc,stats       ]         WRP: <total>                391 us
[2026-04-03T02:54:28.892+0600][147.519s][info][gc,stats       ]         WRP: Weak References        391 us, workers (us): 170, 220,   1,   0,   0,   0, 
[2026-04-03T02:54:28.892+0600][147.519s][info][gc,stats       ]       Unload Classes               1526 us, parallelism: 4.89x
[2026-04-03T02:54:28.892+0600][147.519s][info][gc,stats       ]         CU: <total>                7460 us
[2026-04-03T02:54:28.892+0600][147.519s][info][gc,stats       ]         CU: Unload Code Caches     7460 us, workers (us): 1294, 1248, 1240, 1222, 1216, 1240, 
[2026-04-03T02:54:28.892+0600][147.519s][info][gc,stats       ]       Weak Roots                    192 us, parallelism: 2.55x
[2026-04-03T02:54:28.892+0600][147.519s][info][gc,stats       ]         WR: <total>                 490 us
[2026-04-03T02:54:28.892+0600][147.519s][info][gc,stats       ]         WR: VM Weak Roots           490 us, workers (us): 144,  88,  90,  65,  62,  41, 
[2026-04-03T02:54:28.892+0600][147.519s][info][gc,stats       ]       CLDG                            3 us
[2026-04-03T02:54:28.892+0600][147.519s][info][gc,stats       ]   Calculate Addresses             80702 us
[2026-04-03T02:54:28.892+0600][147.519s][info][gc,stats       ]     Regular Objects               80561 us
[2026-04-03T02:54:28.892+0600][147.519s][info][gc,stats       ]     Humongous Objects                31 us
[2026-04-03T02:54:28.892+0600][147.519s][info][gc,stats       ]   Adjust Pointers                 98367 us
[2026-04-03T02:54:28.892+0600][147.519s][info][gc,stats       ]     FA: <total>                    7659 us
[2026-04-03T02:54:28.892+0600][147.519s][info][gc,stats       ]     FA: Thread Roots                558 us, workers (us): 215,  65, 110,   3,  40, 125, 
[2026-04-03T02:54:28.892+0600][147.519s][info][gc,stats       ]     FA: Code Cache Roots           5876 us, workers (us): 861, 1018, 975, 1106, 957, 959, 
[2026-04-03T02:54:28.892+0600][147.519s][info][gc,stats       ]     FA: VM Strong Roots              30 us, workers (us):  25,   1,   1,   1,   1,   1, 
[2026-04-03T02:54:28.892+0600][147.519s][info][gc,stats       ]     FA: VM Weak Roots               699 us, workers (us): 136, 124, 123, 123, 125,  69, 
[2026-04-03T02:54:28.892+0600][147.519s][info][gc,stats       ]     FA: CLDG Roots                  496 us, workers (us):  60,  54,  52, 137, 140,  53, 
[2026-04-03T02:54:28.892+0600][147.519s][info][gc,stats       ]   Copy Objects                    90249 us
[2026-04-03T02:54:28.892+0600][147.519s][info][gc,stats       ]     Regular Objects               89296 us
[2026-04-03T02:54:28.892+0600][147.519s][info][gc,stats       ]     Humongous Objects                20 us
[2026-04-03T02:54:28.892+0600][147.519s][info][gc,stats       ]     Reset Complete Bitmap           703 us
[2026-04-03T02:54:28.892+0600][147.519s][info][gc,stats       ]     Rebuild Region Sets             228 us
[2026-04-03T02:54:28.892+0600][147.519s][info][gc,stats       ]   Post Heap Dump                      1 us
[2026-04-03T02:54:28.892+0600][147.519s][info][gc,stats       ] 
[2026-04-03T02:54:28.892+0600][147.519s][info][gc,stats       ] Allocation pacing accrued:
[2026-04-03T02:54:28.892+0600][147.519s][info][gc,stats       ]       0 of  8840 ms (  0.0%): <total>
[2026-04-03T02:54:28.892+0600][147.519s][info][gc,stats       ]       0 of  8840 ms (  0.0%): <average total>
[2026-04-03T02:54:28.892+0600][147.519s][info][gc,stats       ] 
[2026-04-03T02:54:28.892+0600][147.519s][info][gc,metaspace   ] Metaspace: 49157K(49664K)->49158K(49664K) NonClass: 43025K(43328K)->43027K(43328K) Class: 6131K(6336K)->6131K(6336K)
[2026-04-03T02:54:28.892+0600][147.519s][info][gc,ergo        ] Pacer for Idle. Initial: 10240K, Alloc Tax Rate: 1.0x
[2026-04-03T02:54:28.893+0600][147.520s][info][gc             ] Trigger: Handle Allocation Failure
[2026-04-03T02:54:28.893+0600][147.520s][info][gc,ergo        ] Free: 0B, Max: 0B regular, 0B humongous, Frag: 0% external, 0% internal; Reserve: 22272K, Max: 256K
[2026-04-03T02:54:28.894+0600][147.520s][info][gc,start       ] GC(27) Pause Full
[2026-04-03T02:54:28.894+0600][147.520s][info][gc,task        ] GC(27) Using 6 of 6 workers for full gc
[2026-04-03T02:54:28.894+0600][147.520s][info][gc,phases,start] GC(27) Phase 1: Mark live objects
[2026-04-03T02:54:28.894+0600][147.520s][info][gc,ref         ] GC(27) Clearing All SoftReferences
[2026-04-03T02:54:28.894+0600][147.520s][info][gc,ref         ] GC(27) Clearing All SoftReferences
[2026-04-03T02:54:32.222+0600][150.849s][info][gc,ref         ] GC(27) Encountered references: Soft: 2425, Weak: 2658, Final: 74, Phantom: 586
[2026-04-03T02:54:32.222+0600][150.849s][info][gc,ref         ] GC(27) Discovered  references: Soft: 220, Weak: 1074, Final: 74, Phantom: 582
[2026-04-03T02:54:32.222+0600][150.849s][info][gc,ref         ] GC(27) Enqueued    references: Soft: 1, Weak: 6, Final: 0, Phantom: 0
[2026-04-03T02:54:32.224+0600][150.851s][info][gc,phases      ] GC(27) Phase 1: Mark live objects 3330.403ms
[2026-04-03T02:54:32.224+0600][150.851s][info][gc,phases,start] GC(27) Phase 2: Compute new object addresses
[2026-04-03T02:54:32.306+0600][150.932s][info][gc,phases      ] GC(27) Phase 2: Compute new object addresses 81.311ms
[2026-04-03T02:54:32.306+0600][150.932s][info][gc,phases,start] GC(27) Phase 3: Adjust pointers
[2026-04-03T02:54:32.401+0600][151.027s][info][gc,phases      ] GC(27) Phase 3: Adjust pointers 95.008ms
[2026-04-03T02:54:32.401+0600][151.027s][info][gc,phases,start] GC(27) Phase 4: Move objects
[2026-04-03T02:54:32.479+0600][151.106s][info][gc,phases      ] GC(27) Phase 4: Move objects 78.386ms
[2026-04-03T02:54:32.479+0600][151.106s][info][gc,ergo        ] GC(27) Bad progress for free space: 83344B, need 5120K
[2026-04-03T02:54:32.479+0600][151.106s][info][gc             ] GC(27) Pause Full 477M->476M(500M) 3585.808ms
[2026-04-03T02:54:32.480+0600][151.106s][info][gc,ergo        ] Free: 83344B, Max: 35048B regular, 0B humongous, Frag: 0% external, 99% internal; Reserve: 22272K, Max: 256K
[2026-04-03T02:54:32.480+0600][151.106s][info][gc,stats       ] 
[2026-04-03T02:54:32.480+0600][151.106s][info][gc,stats       ] All times are wall-clock times, except per-root-class counters, that are sum over
[2026-04-03T02:54:32.480+0600][151.106s][info][gc,stats       ] all workers. Dividing the <total> over the root stage time estimates parallelism.
[2026-04-03T02:54:32.480+0600][151.106s][info][gc,stats       ] 
[2026-04-03T02:54:32.480+0600][151.106s][info][gc,stats       ] Pause Full GC (G)               3586095 us
[2026-04-03T02:54:32.480+0600][151.106s][info][gc,stats       ] Pause Full GC (N)               3585819 us
[2026-04-03T02:54:32.480+0600][151.106s][info][gc,stats       ]   Pre Heap Dump                       1 us
[2026-04-03T02:54:32.480+0600][151.106s][info][gc,stats       ]   Prepare                           235 us
[2026-04-03T02:54:32.480+0600][151.106s][info][gc,stats       ]   Mark                          3330384 us, parallelism: 5.99x
[2026-04-03T02:54:32.480+0600][151.106s][info][gc,stats       ]     FM: <total>                19961166 us
[2026-04-03T02:54:32.480+0600][151.106s][info][gc,stats       ]     FM: Thread Roots                787 us, workers (us): 178, 297,  79,  76,  98,  60, 
[2026-04-03T02:54:32.480+0600][151.106s][info][gc,stats       ]     FM: VM Strong Roots              17 us, workers (us):   0,   1,   0,   7,   0,   8, 
[2026-04-03T02:54:32.480+0600][151.106s][info][gc,stats       ]     FM: CLDG Roots                  218 us, workers (us):   8,  13, 137,  28,   6,  27, 
[2026-04-03T02:54:32.480+0600][151.106s][info][gc,stats       ]     FM: Parallel Mark          19960144 us, workers (us): 3326839, 3326512, 3326558, 3326655, 3326754, 3326826, 
[2026-04-03T02:54:32.480+0600][151.106s][info][gc,stats       ]     System Purge                   2264 us
[2026-04-03T02:54:32.480+0600][151.106s][info][gc,stats       ]       Weak References               379 us, parallelism: 0.80x
[2026-04-03T02:54:32.480+0600][151.106s][info][gc,stats       ]         WRP: <total>                305 us
[2026-04-03T02:54:32.480+0600][151.106s][info][gc             ] Failed to allocate TLAB, 2656B
[2026-04-03T02:54:32.480+0600][151.106s][info][gc             ] Cancelling GC: Allocation Failure
[2026-04-03T02:54:32.480+0600][151.106s][info][gc,stats       ]         WRP: Weak References        305 us, workers (us):  92, 106,  42,  47,  19,   0, 
[2026-04-03T02:54:32.480+0600][151.107s][info][gc,stats       ]       Unload Classes               1655 us, parallelism: 5.14x
[2026-04-03T02:54:32.480+0600][151.107s][info][gc,stats       ]         CU: <total>                8505 us
[2026-04-03T02:54:32.480+0600][151.107s][info][gc,stats       ]         CU: Unload Code Caches     8505 us, workers (us): 1417, 1410, 1411, 1421, 1427, 1419, 
[2026-04-03T02:54:32.480+0600][151.107s][info][gc,stats       ]       Weak Roots                    212 us, parallelism: 2.56x
[2026-04-03T02:54:32.480+0600][151.107s][info][gc,stats       ]         WR: <total>                 543 us
[2026-04-03T02:54:32.480+0600][151.107s][info][gc,stats       ]         WR: VM Weak Roots           543 us, workers (us): 157, 105,  99,  80,  51,  51, 
[2026-04-03T02:54:32.480+0600][151.107s][info][gc,stats       ]       CLDG                            3 us
[2026-04-03T02:54:32.480+0600][151.107s][info][gc,stats       ]   Calculate Addresses             81298 us
[2026-04-03T02:54:32.480+0600][151.107s][info][gc,stats       ]     Regular Objects               81116 us
[2026-04-03T02:54:32.480+0600][151.107s][info][gc,stats       ]     Humongous Objects                58 us
[2026-04-03T02:54:32.480+0600][151.107s][info][gc,stats       ]   Adjust Pointers                 94996 us
[2026-04-03T02:54:32.480+0600][151.107s][info][gc,stats       ]     FA: <total>                    7111 us
[2026-04-03T02:54:32.480+0600][151.107s][info][gc,stats       ]     FA: Thread Roots                520 us, workers (us):  81,  97,  77,  14, 184,  67, 
[2026-04-03T02:54:32.480+0600][151.107s][info][gc,stats       ]     FA: Code Cache Roots           5589 us, workers (us): 880, 944, 976, 946, 867, 977, 
[2026-04-03T02:54:32.480+0600][151.107s][info][gc,stats       ]     FA: VM Strong Roots              17 us, workers (us):  14,   1,   1,   0,   1,   1, 
[2026-04-03T02:54:32.480+0600][151.107s][info][gc,stats       ]     FA: VM Weak Roots               555 us, workers (us): 145, 115,  98,  97,  52,  48, 
[2026-04-03T02:54:32.480+0600][151.107s][info][gc,stats       ]     FA: CLDG Roots                  429 us, workers (us): 126,  51,  41, 128,  40,  43, 
[2026-04-03T02:54:32.480+0600][151.107s][info][gc,stats       ]   Copy Objects                    78375 us
[2026-04-03T02:54:32.480+0600][151.107s][info][gc,stats       ]     Regular Objects               77363 us
[2026-04-03T02:54:32.480+0600][151.107s][info][gc,stats       ]     Humongous Objects                23 us
[2026-04-03T02:54:32.480+0600][151.107s][info][gc,stats       ]     Reset Complete Bitmap           747 us
[2026-04-03T02:54:32.480+0600][151.107s][info][gc,stats       ]     Rebuild Region Sets             240 us
[2026-04-03T02:54:32.480+0600][151.107s][info][gc,stats       ]   Post Heap Dump                      1 us
[2026-04-03T02:54:32.480+0600][151.107s][info][gc,stats       ] 
[2026-04-03T02:54:32.480+0600][151.107s][info][gc,stats       ] Allocation pacing accrued:
[2026-04-03T02:54:32.480+0600][151.107s][info][gc,stats       ]       0 of  3588 ms (  0.0%): <total>
[2026-04-03T02:54:32.480+0600][151.107s][info][gc,stats       ]       0 of  3588 ms (  0.0%): <average total>
[2026-04-03T02:54:32.480+0600][151.107s][info][gc,stats       ] 
[2026-04-03T02:54:32.480+0600][151.107s][info][gc,metaspace   ] Metaspace: 49158K(49664K)->49160K(49664K) NonClass: 43027K(43328K)->43028K(43328K) Class: 6131K(6336K)->6131K(6336K)
[2026-04-03T02:54:32.480+0600][151.107s][info][gc,ergo        ] Pacer for Idle. Initial: 10240K, Alloc Tax Rate: 1.0x
[2026-04-03T02:54:32.483+0600][151.109s][info][gc             ] Trigger: Handle Allocation Failure
[2026-04-03T02:54:32.483+0600][151.109s][info][gc,ergo        ] Free: 0B, Max: 0B regular, 0B humongous, Frag: 0% external, 0% internal; Reserve: 22272K, Max: 256K
[2026-04-03T02:54:32.483+0600][151.109s][info][gc,start       ] GC(28) Pause Degenerated GC (Outside of Cycle)
[2026-04-03T02:54:32.483+0600][151.109s][info][gc,task        ] GC(28) Using 6 of 6 workers for stw degenerated gc
[2026-04-03T02:54:32.483+0600][151.110s][info][gc,ref         ] GC(28) Clearing All SoftReferences
[2026-04-03T02:54:35.810+0600][154.437s][info][gc,ref         ] GC(28) Encountered references: Soft: 2425, Weak: 2652, Final: 74, Phantom: 586
[2026-04-03T02:54:35.810+0600][154.437s][info][gc,ref         ] GC(28) Discovered  references: Soft: 222, Weak: 1376, Final: 43, Phantom: 581
[2026-04-03T02:54:35.811+0600][154.437s][info][gc,ref         ] GC(28) Enqueued    references: Soft: 0, Weak: 1, Final: 0, Phantom: 0
[2026-04-03T02:54:35.812+0600][154.439s][info][gc,ergo        ] GC(28) Adaptive CSet Selection. Target Free: 72533K, Actual Free: 22272K, Max CSet: 21333K, Min Garbage: 50261K
[2026-04-03T02:54:35.813+0600][154.439s][info][gc,ergo        ] GC(28) Collectable Garbage: 40640B (100%), Immediate: 0B (0%), CSet: 40640B (100%)
[2026-04-03T02:54:35.928+0600][154.554s][info][gc,ergo        ] GC(28) Bad progress for free space: 26976B, need 5120K
[2026-04-03T02:54:35.928+0600][154.554s][info][gc             ] GC(28) Cancelling GC: Upgrade To Full GC
[2026-04-03T02:54:35.929+0600][154.556s][info][gc,phases,start] GC(28) Phase 1: Mark live objects
[2026-04-03T02:54:35.929+0600][154.556s][info][gc,ref         ] GC(28) Clearing All SoftReferences
[2026-04-03T02:54:35.929+0600][154.556s][info][gc,ref         ] GC(28) Clearing All SoftReferences
[2026-04-03T02:54:39.877+0600][158.503s][info][gc,ref         ] GC(28) Encountered references: Soft: 2425, Weak: 2651, Final: 74, Phantom: 586
[2026-04-03T02:54:39.877+0600][158.503s][info][gc,ref         ] GC(28) Discovered  references: Soft: 221, Weak: 1306, Final: 74, Phantom: 582
[2026-04-03T02:54:39.877+0600][158.503s][info][gc,ref         ] GC(28) Enqueued    references: Soft: 0, Weak: 0, Final: 0, Phantom: 0
[2026-04-03T02:54:39.879+0600][158.505s][info][gc,phases      ] GC(28) Phase 1: Mark live objects 3949.522ms
[2026-04-03T02:54:39.879+0600][158.505s][info][gc,phases,start] GC(28) Phase 2: Compute new object addresses
[2026-04-03T02:54:39.965+0600][158.591s][info][gc,phases      ] GC(28) Phase 2: Compute new object addresses 85.845ms
[2026-04-03T02:54:39.965+0600][158.591s][info][gc,phases,start] GC(28) Phase 3: Adjust pointers
[2026-04-03T02:54:40.060+0600][158.687s][info][gc,phases      ] GC(28) Phase 3: Adjust pointers 95.451ms
[2026-04-03T02:54:40.060+0600][158.687s][info][gc,phases,start] GC(28) Phase 4: Move objects
[2026-04-03T02:54:40.151+0600][158.777s][info][gc,phases      ] GC(28) Phase 4: Move objects 90.714ms
[2026-04-03T02:54:40.151+0600][158.778s][info][gc,ergo        ] GC(28) Bad progress for free space: 70864B, need 5120K
[2026-04-03T02:54:40.151+0600][158.778s][info][gc             ] GC(28) Pause Degenerated GC (Outside of Cycle) 477M->476M(500M) 7668.380ms
[2026-04-03T02:54:40.151+0600][158.778s][info][gc,ergo        ] Free: 70864B, Max: 13192B regular, 0B humongous, Frag: 0% external, 99% internal; Reserve: 22272K, Max: 256K
[2026-04-03T02:54:40.151+0600][158.778s][info][gc,stats       ] 
[2026-04-03T02:54:40.151+0600][158.778s][info][gc,stats       ] All times are wall-clock times, except per-root-class counters, that are sum over
[2026-04-03T02:54:40.151+0600][158.778s][info][gc,stats       ] all workers. Dividing the <total> over the root stage time estimates parallelism.
[2026-04-03T02:54:40.151+0600][158.778s][info][gc,stats       ] 
[2026-04-03T02:54:40.151+0600][158.778s][info][gc,stats       ] Pause Degenerated GC (G)        7668542 us
[2026-04-03T02:54:40.151+0600][158.778s][info][gc,stats       ] Pause Degenerated GC (N)        7668390 us
[2026-04-03T02:54:40.151+0600][158.778s][info][gc,stats       ]   Degen STW Mark                3326749 us, parallelism: 6.00x
[2026-04-03T02:54:40.152+0600][158.778s][info][gc,stats       ]     DSM: <total>               19953736 us
[2026-04-03T02:54:40.152+0600][158.778s][info][gc,stats       ]     DSM: Thread Roots               853 us, workers (us): 209, 174, 148, 109, 109, 104, 
[2026-04-03T02:54:40.152+0600][158.778s][info][gc,stats       ]     DSM: VM Strong Roots             21 us, workers (us):   2,   0,   0,   0,  10,   8, 
[2026-04-03T02:54:40.152+0600][158.778s][info][gc,stats       ]     DSM: CLDG Roots                 327 us, workers (us):  10,  17,  17, 206,  38,  39, 
[2026-04-03T02:54:40.152+0600][158.778s][info][gc,stats       ]     DSM: Parallel Mark         19952535 us, workers (us): 3325537, 3325428, 3325450, 3325365, 3325290, 3325466, 
[2026-04-03T02:54:40.152+0600][158.778s][info][gc,stats       ]     System Purge                   2420 us
[2026-04-03T02:54:40.152+0600][158.778s][info][gc,stats       ]       Weak References               499 us, parallelism: 0.98x
[2026-04-03T02:54:40.152+0600][158.778s][info][gc,stats       ]         WRP: <total>                491 us
[2026-04-03T02:54:40.152+0600][158.778s][info][gc,stats       ]         WRP: Weak References        491 us, workers (us):  56, 267,  80,  88,   1,   0, 
[2026-04-03T02:54:40.152+0600][158.778s][info][gc,stats       ]       Unload Classes               1515 us, parallelism: 5.15x
[2026-04-03T02:54:40.152+0600][158.778s][info][gc,stats       ]         DCU: <total>               7805 us
[2026-04-03T02:54:40.152+0600][158.778s][info][gc,stats       ]         DCU: Unload Code Caches     7805 us, workers (us): 1401, 1304, 1333, 1311, 1229, 1226, 
[2026-04-03T02:54:40.152+0600][158.778s][info][gc             ] Failed to allocate TLAB, 2656B
[2026-04-03T02:54:40.152+0600][158.778s][info][gc             ] Cancelling GC: Allocation Failure
[2026-04-03T02:54:40.152+0600][158.778s][info][gc,stats       ]       Weak Roots                    365 us, parallelism: 1.74x
[2026-04-03T02:54:40.152+0600][158.778s][info][gc,stats       ]         DWR: <total>                634 us
[2026-04-03T02:54:40.152+0600][158.778s][info][gc,stats       ]         DWR: VM Weak Roots          634 us, workers (us): 174, 176,  77,  72,  73,  62, 
[2026-04-03T02:54:40.152+0600][158.778s][info][gc,stats       ]       CLDG                            2 us
[2026-04-03T02:54:40.152+0600][158.778s][info][gc,stats       ]   Update Region States               23 us
[2026-04-03T02:54:40.152+0600][158.778s][info][gc,stats       ]   Manage GC/TLABs                    11 us
[2026-04-03T02:54:40.152+0600][158.778s][info][gc,stats       ]   Choose Collection Set             188 us
[2026-04-03T02:54:40.152+0600][158.778s][info][gc,stats       ]   Rebuild Free Set                   52 us
[2026-04-03T02:54:40.152+0600][158.778s][info][gc,stats       ]   Evacuation                       6308 us
[2026-04-03T02:54:40.152+0600][158.778s][info][gc,stats       ]   Manage GCLABs                      26 us
[2026-04-03T02:54:40.152+0600][158.778s][info][gc,stats       ]   Update References              105803 us
[2026-04-03T02:54:40.152+0600][158.778s][info][gc,stats       ]   Update Region States               97 us
[2026-04-03T02:54:40.152+0600][158.778s][info][gc,stats       ]   Trash Collection Set                5 us
[2026-04-03T02:54:40.152+0600][158.778s][info][gc,stats       ]   Rebuild Free Set                   42 us
[2026-04-03T02:54:40.152+0600][158.778s][info][gc,stats       ]   Degen Update Roots               1750 us, parallelism: 5.21x
[2026-04-03T02:54:40.152+0600][158.778s][info][gc,stats       ]     DU: <total>                    9123 us
[2026-04-03T02:54:40.152+0600][158.778s][info][gc,stats       ]     DU: Thread Roots                668 us, workers (us): 248, 133,   3,  36,  84, 164, 
[2026-04-03T02:54:40.152+0600][158.778s][info][gc,stats       ]     DU: Code Cache Roots           7026 us, workers (us): 1055, 1177, 1324, 1176, 1165, 1129, 
[2026-04-03T02:54:40.152+0600][158.778s][info][gc,stats       ]     DU: VM Strong Roots              13 us, workers (us):   8,   1,   1,   1,   1,   1, 
[2026-04-03T02:54:40.152+0600][158.778s][info][gc,stats       ]     DU: VM Weak Roots               862 us, workers (us): 221, 144, 142, 145, 120,  90, 
[2026-04-03T02:54:40.152+0600][158.778s][info][gc,stats       ]     DU: CLDG Roots                  554 us, workers (us):  75,  68,  71, 154, 117,  69, 
[2026-04-03T02:54:40.152+0600][158.778s][info][gc,stats       ]   Cleanup                           307 us
[2026-04-03T02:54:40.152+0600][158.778s][info][gc,stats       ]   Pre Heap Dump                       1 us
[2026-04-03T02:54:40.152+0600][158.778s][info][gc,stats       ]   Prepare                           997 us
[2026-04-03T02:54:40.152+0600][158.778s][info][gc,stats       ]   Mark                          3949445 us, parallelism: 5.99x
[2026-04-03T02:54:40.152+0600][158.778s][info][gc,stats       ]     FM: <total>                23675500 us
[2026-04-03T02:54:40.152+0600][158.778s][info][gc,stats       ]     FM: Thread Roots                873 us, workers (us): 189, 124, 169, 179, 133,  78, 
[2026-04-03T02:54:40.152+0600][158.778s][info][gc,stats       ]     FM: VM Strong Roots              22 us, workers (us):   0,   9,   0,   0,   0,  11, 
[2026-04-03T02:54:40.152+0600][158.778s][info][gc,stats       ]     FM: CLDG Roots                  320 us, workers (us): 177,  35,   8,  27,  38,  35, 
[2026-04-03T02:54:40.152+0600][158.778s][info][gc,stats       ]     FM: Parallel Mark          23674286 us, workers (us): 3945584, 3945714, 3945809, 3945685, 3945678, 3945816, 
[2026-04-03T02:54:40.152+0600][158.778s][info][gc,stats       ]     System Purge                   2341 us
[2026-04-03T02:54:40.152+0600][158.778s][info][gc,stats       ]       Weak References               390 us, parallelism: 0.97x
[2026-04-03T02:54:40.152+0600][158.778s][info][gc,stats       ]         WRP: <total>                378 us
[2026-04-03T02:54:40.152+0600][158.778s][info][gc,stats       ]         WRP: Weak References        378 us, workers (us):  85, 224,  58,  11,   0,   0, 
[2026-04-03T02:54:40.152+0600][158.778s][info][gc,stats       ]       Unload Classes               1621 us, parallelism: 4.96x
[2026-04-03T02:54:40.152+0600][158.778s][info][gc,stats       ]         CU: <total>                8040 us
[2026-04-03T02:54:40.152+0600][158.778s][info][gc,stats       ]         CU: Unload Code Caches     8040 us, workers (us): 1407, 1329, 1329, 1331, 1333, 1311, 
[2026-04-03T02:54:40.152+0600][158.778s][info][gc,stats       ]       Weak Roots                    279 us, parallelism: 1.91x
[2026-04-03T02:54:40.152+0600][158.778s][info][gc,stats       ]         WR: <total>                 533 us
[2026-04-03T02:54:40.152+0600][158.778s][info][gc,stats       ]         WR: VM Weak Roots           533 us, workers (us): 156,  91,  93,  78,  79,  37, 
[2026-04-03T02:54:40.152+0600][158.778s][info][gc,stats       ]       CLDG                            3 us
[2026-04-03T02:54:40.152+0600][158.778s][info][gc,stats       ]   Calculate Addresses             85831 us
[2026-04-03T02:54:40.152+0600][158.778s][info][gc,stats       ]     Regular Objects               85721 us
[2026-04-03T02:54:40.152+0600][158.778s][info][gc,stats       ]     Humongous Objects                39 us
[2026-04-03T02:54:40.152+0600][158.778s][info][gc,stats       ]   Adjust Pointers                 95435 us
[2026-04-03T02:54:40.152+0600][158.778s][info][gc,stats       ]     FA: <total>                    7118 us
[2026-04-03T02:54:40.152+0600][158.778s][info][gc,stats       ]     FA: Thread Roots                512 us, workers (us):  58, 164,  32, 109,  14, 136, 
[2026-04-03T02:54:40.152+0600][158.778s][info][gc,stats       ]     FA: Code Cache Roots           5495 us, workers (us): 898, 846, 988, 914, 1053, 794, 
[2026-04-03T02:54:40.152+0600][158.778s][info][gc,stats       ]     FA: VM Strong Roots              17 us, workers (us):  14,   1,   1,   1,   1,   1, 
[2026-04-03T02:54:40.152+0600][158.778s][info][gc,stats       ]     FA: VM Weak Roots               595 us, workers (us): 159, 116, 104,  71,  74,  70, 
[2026-04-03T02:54:40.152+0600][158.778s][info][gc,stats       ]     FA: CLDG Roots                  499 us, workers (us): 117,  69,  59,  54,  53, 148, 
[2026-04-03T02:54:40.152+0600][158.778s][info][gc,stats       ]   Copy Objects                    90702 us
[2026-04-03T02:54:40.152+0600][158.778s][info][gc,stats       ]     Regular Objects               89767 us
[2026-04-03T02:54:40.152+0600][158.778s][info][gc,stats       ]     Humongous Objects                19 us
[2026-04-03T02:54:40.152+0600][158.778s][info][gc,stats       ]     Reset Complete Bitmap           754 us
[2026-04-03T02:54:40.152+0600][158.778s][info][gc,stats       ]     Rebuild Region Sets             159 us
[2026-04-03T02:54:40.152+0600][158.778s][info][gc,stats       ]   Post Heap Dump                      1 us
[2026-04-03T02:54:40.152+0600][158.778s][info][gc,stats       ] 
[2026-04-03T02:54:40.152+0600][158.778s][info][gc,stats       ] Allocation pacing accrued:
[2026-04-03T02:54:40.152+0600][158.779s][info][gc,stats       ]       0 of  7672 ms (  0.0%): <total>
[2026-04-03T02:54:40.152+0600][158.779s][info][gc,stats       ]       0 of  7672 ms (  0.0%): <average total>
[2026-04-03T02:54:40.152+0600][158.779s][info][gc,stats       ] 
[2026-04-03T02:54:40.152+0600][158.779s][info][gc,metaspace   ] Metaspace: 49160K(49664K)->49165K(49664K) NonClass: 43028K(43328K)->43031K(43328K) Class: 6131K(6336K)->6133K(6336K)
[2026-04-03T02:54:40.152+0600][158.779s][info][gc,ergo        ] Pacer for Idle. Initial: 10240K, Alloc Tax Rate: 1.0x
[2026-04-03T02:54:40.153+0600][158.780s][info][gc             ] Trigger: Handle Allocation Failure
[2026-04-03T02:54:40.153+0600][158.780s][info][gc,ergo        ] Free: 0B, Max: 0B regular, 0B humongous, Frag: 0% external, 0% internal; Reserve: 22272K, Max: 256K
[2026-04-03T02:54:40.153+0600][158.780s][info][gc,start       ] GC(29) Pause Degenerated GC (Outside of Cycle)
[2026-04-03T02:54:40.154+0600][158.780s][info][gc,task        ] GC(29) Using 6 of 6 workers for stw degenerated gc
[2026-04-03T02:54:40.154+0600][158.780s][info][gc,ref         ] GC(29) Clearing All SoftReferences
[2026-04-03T02:54:43.388+0600][162.014s][info][gc,ref         ] GC(29) Encountered references: Soft: 2425, Weak: 2655, Final: 74, Phantom: 586
[2026-04-03T02:54:43.388+0600][162.015s][info][gc,ref         ] GC(29) Discovered  references: Soft: 216, Weak: 1576, Final: 74, Phantom: 582
[2026-04-03T02:54:43.388+0600][162.015s][info][gc,ref         ] GC(29) Enqueued    references: Soft: 0, Weak: 1, Final: 0, Phantom: 0
[2026-04-03T02:54:43.390+0600][162.016s][info][gc,ergo        ] GC(29) Adaptive CSet Selection. Target Free: 72533K, Actual Free: 22272K, Max CSet: 21333K, Min Garbage: 50261K
[2026-04-03T02:54:43.390+0600][162.016s][info][gc,ergo        ] GC(29) Collectable Garbage: 19744B (100%), Immediate: 0B (0%), CSet: 19744B (100%)
[2026-04-03T02:54:43.504+0600][162.130s][info][gc,ergo        ] GC(29) Bad progress for free space: 27176B, need 5120K
[2026-04-03T02:54:43.504+0600][162.130s][info][gc             ] GC(29) Cancelling GC: Upgrade To Full GC
[2026-04-03T02:54:43.505+0600][162.131s][info][gc,phases,start] GC(29) Phase 1: Mark live objects
[2026-04-03T02:54:43.505+0600][162.131s][info][gc,ref         ] GC(29) Clearing All SoftReferences
[2026-04-03T02:54:43.505+0600][162.131s][info][gc,ref         ] GC(29) Clearing All SoftReferences
[2026-04-03T02:54:47.509+0600][166.135s][info][gc,ref         ] GC(29) Encountered references: Soft: 2425, Weak: 2654, Final: 74, Phantom: 586
[2026-04-03T02:54:47.509+0600][166.135s][info][gc,ref         ] GC(29) Discovered  references: Soft: 223, Weak: 1283, Final: 74, Phantom: 582
[2026-04-03T02:54:47.509+0600][166.135s][info][gc,ref         ] GC(29) Enqueued    references: Soft: 0, Weak: 0, Final: 0, Phantom: 0
[2026-04-03T02:54:47.511+0600][166.137s][info][gc,phases      ] GC(29) Phase 1: Mark live objects 4006.111ms
[2026-04-03T02:54:47.511+0600][166.137s][info][gc,phases,start] GC(29) Phase 2: Compute new object addresses
[2026-04-03T02:54:47.597+0600][166.224s][info][gc,phases      ] GC(29) Phase 2: Compute new object addresses 86.379ms
[2026-04-03T02:54:47.597+0600][166.224s][info][gc,phases,start] GC(29) Phase 3: Adjust pointers
[2026-04-03T02:54:47.693+0600][166.320s][info][gc,phases      ] GC(29) Phase 3: Adjust pointers 95.751ms
[2026-04-03T02:54:47.693+0600][166.320s][info][gc,phases,start] GC(29) Phase 4: Move objects
[2026-04-03T02:54:47.784+0600][166.410s][info][gc,phases      ] GC(29) Phase 4: Move objects 90.776ms
[2026-04-03T02:54:47.784+0600][166.411s][info][gc,ergo        ] GC(29) Bad progress for free space: 306K, need 5120K
[2026-04-03T02:54:47.784+0600][166.411s][info][gc             ] GC(29) Pause Degenerated GC (Outside of Cycle) 477M->476M(500M) 7630.972ms
[2026-04-03T02:54:47.785+0600][166.411s][info][gc,ergo        ] Free: 306K, Max: 210K regular, 0B humongous, Frag: 0% external, 99% internal; Reserve: 22016K, Max: 256K
[2026-04-03T02:54:47.785+0600][166.411s][info][gc,stats       ] 
[2026-04-03T02:54:47.785+0600][166.411s][info][gc,stats       ] All times are wall-clock times, except per-root-class counters, that are sum over
[2026-04-03T02:54:47.785+0600][166.411s][info][gc,stats       ] all workers. Dividing the <total> over the root stage time estimates parallelism.
[2026-04-03T02:54:47.785+0600][166.411s][info][gc,stats       ] 
[2026-04-03T02:54:47.785+0600][166.411s][info][gc,stats       ] Pause Degenerated GC (G)        7631172 us
[2026-04-03T02:54:47.785+0600][166.411s][info][gc,stats       ] Pause Degenerated GC (N)        7630987 us
[2026-04-03T02:54:47.785+0600][166.411s][info][gc,stats       ]   Degen STW Mark                3234208 us, parallelism: 6.00x
[2026-04-03T02:54:47.785+0600][166.411s][info][gc,stats       ]     DSM: <total>               19398734 us
[2026-04-03T02:54:47.785+0600][166.411s][info][gc,stats       ]     DSM: Thread Roots               765 us, workers (us): 142, 255, 109,  75, 110,  74, 
[2026-04-03T02:54:47.785+0600][166.411s][info][gc,stats       ]     DSM: VM Strong Roots             23 us, workers (us):   0,   0,   0,  12,   0,  10, 
[2026-04-03T02:54:47.785+0600][166.411s][info][gc,stats       ]     DSM: CLDG Roots                 192 us, workers (us): 107,   6,  13,  26,  15,  25, 
[2026-04-03T02:54:47.785+0600][166.411s][info][gc,stats       ]     DSM: Parallel Mark         19397753 us, workers (us): 3233008, 3232895, 3233057, 3233027, 3232719, 3233047, 
[2026-04-03T02:54:47.785+0600][166.411s][info][gc,stats       ]     System Purge                   1957 us
[2026-04-03T02:54:47.785+0600][166.411s][info][gc,stats       ]       Weak References               314 us, parallelism: 0.82x
[2026-04-03T02:54:47.785+0600][166.411s][info][gc,stats       ]         WRP: <total>                257 us
[2026-04-03T02:54:47.785+0600][166.411s][info][gc,stats       ]         WRP: Weak References        257 us, workers (us): 154,  67,  35,   1,   0,   0, 
[2026-04-03T02:54:47.785+0600][166.411s][info][gc,stats       ]       Unload Classes               1448 us, parallelism: 5.44x
[2026-04-03T02:54:47.785+0600][166.411s][info][gc,stats       ]         DCU: <total>               7880 us
[2026-04-03T02:54:47.785+0600][166.411s][info][gc,stats       ]         DCU: Unload Code Caches     7880 us, workers (us): 1352, 1363, 1334, 1301, 1268, 1261, 
[2026-04-03T02:54:47.785+0600][166.411s][info][gc,stats       ]       Weak Roots                    182 us, parallelism: 2.62x
[2026-04-03T02:54:47.785+0600][166.411s][info][gc,stats       ]         DWR: <total>                476 us
[2026-04-03T02:54:47.785+0600][166.411s][info][gc,stats       ]         DWR: VM Weak Roots          476 us, workers (us): 130,  73,  73,  70,  65,  65, 
[2026-04-03T02:54:47.785+0600][166.411s][info][gc,stats       ]       CLDG                            2 us
[2026-04-03T02:54:47.785+0600][166.411s][info][gc,stats       ]   Update Region States               37 us
[2026-04-03T02:54:47.785+0600][166.411s][info][gc,stats       ]   Manage GC/TLABs                     8 us
[2026-04-03T02:54:47.785+0600][166.411s][info][gc,stats       ]   Choose Collection Set             183 us
[2026-04-03T02:54:47.785+0600][166.411s][info][gc,stats       ]   Rebuild Free Set                   41 us
[2026-04-03T02:54:47.785+0600][166.411s][info][gc,stats       ]   Evacuation                       7669 us
[2026-04-03T02:54:47.785+0600][166.411s][info][gc,stats       ]   Manage GCLABs                      26 us
[2026-04-03T02:54:47.785+0600][166.411s][info][gc,stats       ]   Update References              103185 us
[2026-04-03T02:54:47.785+0600][166.411s][info][gc,stats       ]   Update Region States               33 us
[2026-04-03T02:54:47.785+0600][166.411s][info][gc,stats       ]   Trash Collection Set                5 us
[2026-04-03T02:54:47.785+0600][166.411s][info][gc,stats       ]   Rebuild Free Set                   39 us
[2026-04-03T02:54:47.785+0600][166.411s][info][gc,stats       ]   Degen Update Roots               1565 us, parallelism: 5.10x
[2026-04-03T02:54:47.785+0600][166.411s][info][gc,stats       ]     DU: <total>                    7987 us
[2026-04-03T02:54:47.785+0600][166.411s][info][gc,stats       ]     DU: Thread Roots                637 us, workers (us): 177,  58,  87, 143,  59, 113, 
[2026-04-03T02:54:47.785+0600][166.411s][info][gc,stats       ]     DU: Code Cache Roots           6160 us, workers (us): 891, 1085, 1078, 1025, 1097, 985, 
[2026-04-03T02:54:47.785+0600][166.411s][info][gc,stats       ]     DU: VM Strong Roots              12 us, workers (us):   8,   2,   1,   1,   0,   1, 
[2026-04-03T02:54:47.785+0600][166.411s][info][gc,stats       ]     DU: VM Weak Roots               755 us, workers (us): 195, 121, 117, 115, 111,  96, 
[2026-04-03T02:54:47.785+0600][166.411s][info][gc,stats       ]     DU: CLDG Roots                  422 us, workers (us): 127,  52,  43,  43,  46, 112, 
[2026-04-03T02:54:47.785+0600][166.411s][info][gc,stats       ]   Cleanup                           308 us
[2026-04-03T02:54:47.785+0600][166.411s][info][gc,stats       ]   Pre Heap Dump                       2 us
[2026-04-03T02:54:47.785+0600][166.411s][info][gc,stats       ]   Prepare                           835 us
[2026-04-03T02:54:47.785+0600][166.411s][info][gc,stats       ]   Mark                          4006014 us, parallelism: 6.00x
[2026-04-03T02:54:47.785+0600][166.411s][info][gc,stats       ]     FM: <total>                24016340 us
[2026-04-03T02:54:47.785+0600][166.411s][info][gc,stats       ]     FM: Thread Roots                786 us, workers (us): 160, 206, 133,  93, 113,  79, 
[2026-04-03T02:54:47.785+0600][166.411s][info][gc,stats       ]     FM: VM Strong Roots              18 us, workers (us):   9,   0,   0,   8,   0,   1, 
[2026-04-03T02:54:47.785+0600][166.411s][info][gc,stats       ]     FM: CLDG Roots                  253 us, workers (us):  31,   8,   7,  30,  17, 160, 
[2026-04-03T02:54:47.785+0600][166.411s][info][gc,stats       ]     FM: Parallel Mark          24015283 us, workers (us): 4002538, 4002384, 4002648, 4002655, 4002578, 4002479, 
[2026-04-03T02:54:47.785+0600][166.411s][info][gc,stats       ]     System Purge                   2337 us
[2026-04-03T02:54:47.785+0600][166.411s][info][gc,stats       ]       Weak References               433 us, parallelism: 1.21x
[2026-04-03T02:54:47.785+0600][166.411s][info][gc,stats       ]         WRP: <total>                525 us
[2026-04-03T02:54:47.785+0600][166.411s][info][gc,stats       ]         WRP: Weak References        525 us, workers (us): 270, 123, 105,  27,   0,   0, 
[2026-04-03T02:54:47.785+0600][166.411s][info][gc,stats       ]       Unload Classes               1643 us, parallelism: 4.98x
[2026-04-03T02:54:47.785+0600][166.411s][info][gc,stats       ]         CU: <total>                8177 us
[2026-04-03T02:54:47.785+0600][166.411s][info][gc,stats       ]         CU: Unload Code Caches     8177 us, workers (us): 1422, 1377, 1377, 1332, 1337, 1332, 
[2026-04-03T02:54:47.785+0600][166.411s][info][gc,stats       ]       Weak Roots                    245 us, parallelism: 2.19x
[2026-04-03T02:54:47.785+0600][166.411s][info][gc,stats       ]         WR: <total>                 537 us
[2026-04-03T02:54:47.785+0600][166.411s][info][gc,stats       ]         WR: VM Weak Roots           537 us, workers (us): 117, 107, 108, 101,  53,  51, 
[2026-04-03T02:54:47.785+0600][166.411s][info][gc,stats       ]       CLDG                            2 us
[2026-04-03T02:54:47.785+0600][166.411s][info][gc,stats       ]   Calculate Addresses             86362 us
[2026-04-03T02:54:47.785+0600][166.411s][info][gc,stats       ]     Regular Objects               86261 us
[2026-04-03T02:54:47.785+0600][166.411s][info][gc,stats       ]     Humongous Objects                29 us
[2026-04-03T02:54:47.785+0600][166.411s][info][gc,stats       ]   Adjust Pointers                 95715 us
[2026-04-03T02:54:47.785+0600][166.412s][info][gc,stats       ]     FA: <total>                    7874 us
[2026-04-03T02:54:47.785+0600][166.412s][info][gc,stats       ]     FA: Thread Roots                570 us, workers (us): 126,  51,   3, 127, 260,   3, 
[2026-04-03T02:54:47.785+0600][166.412s][info][gc,stats       ]     FA: Code Cache Roots           5950 us, workers (us): 948, 907, 1117, 945, 821, 1212, 
[2026-04-03T02:54:47.785+0600][166.412s][info][gc,stats       ]     FA: VM Strong Roots              25 us, workers (us):   6,   6,   6,   6,   1,   1, 
[2026-04-03T02:54:47.785+0600][166.412s][info][gc,stats       ]     FA: VM Weak Roots               940 us, workers (us): 177, 174, 175, 176, 136, 103, 
[2026-04-03T02:54:47.785+0600][166.412s][info][gc,stats       ]     FA: CLDG Roots                  389 us, workers (us):  27, 148,  44,  30,  27, 114, 
[2026-04-03T02:54:47.785+0600][166.412s][info][gc,stats       ]   Copy Objects                    90761 us
[2026-04-03T02:54:47.785+0600][166.412s][info][gc,stats       ]     Regular Objects               89932 us
[2026-04-03T02:54:47.785+0600][166.412s][info][gc,stats       ]     Humongous Objects                20 us
[2026-04-03T02:54:47.785+0600][166.412s][info][gc,stats       ]     Reset Complete Bitmap           632 us
[2026-04-03T02:54:47.785+0600][166.412s][info][gc,stats       ]     Rebuild Region Sets             175 us
[2026-04-03T02:54:47.785+0600][166.412s][info][gc,stats       ]   Post Heap Dump                      1 us
[2026-04-03T02:54:47.785+0600][166.412s][info][gc,stats       ] 
[2026-04-03T02:54:47.785+0600][166.412s][info][gc,stats       ] Allocation pacing accrued:
[2026-04-03T02:54:47.785+0600][166.412s][info][gc             ] Failed to allocate TLAB, 2656B
[2026-04-03T02:54:47.785+0600][166.412s][info][gc             ] Cancelling GC: Allocation Failure
[2026-04-03T02:54:47.785+0600][166.412s][info][gc,stats       ]       0 of  7633 ms (  0.0%): <total>
[2026-04-03T02:54:47.785+0600][166.412s][info][gc,stats       ]       0 of  7633 ms (  0.0%): <average total>
[2026-04-03T02:54:47.785+0600][166.412s][info][gc,stats       ] 
[2026-04-03T02:54:47.785+0600][166.412s][info][gc,metaspace   ] Metaspace: 49165K(49664K)->49167K(49664K) NonClass: 43031K(43328K)->43033K(43328K) Class: 6133K(6336K)->6134K(6336K)
[2026-04-03T02:54:47.785+0600][166.412s][info][gc,ergo        ] Pacer for Idle. Initial: 10240K, Alloc Tax Rate: 1.0x
[2026-04-03T02:54:47.787+0600][166.413s][info][gc             ] Trigger: Handle Allocation Failure
[2026-04-03T02:54:47.787+0600][166.413s][info][gc,ergo        ] Free: 0B, Max: 0B regular, 0B humongous, Frag: 0% external, 0% internal; Reserve: 22016K, Max: 256K
[2026-04-03T02:54:47.787+0600][166.413s][info][gc,start       ] GC(30) Pause Degenerated GC (Outside of Cycle)
[2026-04-03T02:54:47.787+0600][166.413s][info][gc,task        ] GC(30) Using 6 of 6 workers for stw degenerated gc
[2026-04-03T02:54:47.787+0600][166.414s][info][gc,ref         ] GC(30) Clearing All SoftReferences
[2026-04-03T02:54:52.045+0600][170.671s][info][gc,ref         ] GC(30) Encountered references: Soft: 2428, Weak: 2660, Final: 74, Phantom: 586
[2026-04-03T02:54:52.045+0600][170.671s][info][gc,ref         ] GC(30) Discovered  references: Soft: 224, Weak: 1257, Final: 74, Phantom: 582
[2026-04-03T02:54:52.045+0600][170.671s][info][gc,ref         ] GC(30) Enqueued    references: Soft: 1, Weak: 4, Final: 0, Phantom: 0
[2026-04-03T02:54:52.047+0600][170.673s][info][gc,ergo        ] GC(30) Adaptive CSet Selection. Target Free: 72533K, Actual Free: 22016K, Max CSet: 21333K, Min Garbage: 50517K
[2026-04-03T02:54:52.047+0600][170.673s][info][gc,ergo        ] GC(30) Collectable Garbage: 102K (100%), Immediate: 0B (0%), CSet: 102K (100%)
[2026-04-03T02:54:52.156+0600][170.783s][info][gc,ergo        ] GC(30) Bad progress for free space: 26112B, need 5120K
[2026-04-03T02:54:52.156+0600][170.783s][info][gc             ] GC(30) Cancelling GC: Upgrade To Full GC
[2026-04-03T02:54:52.157+0600][170.784s][info][gc,phases,start] GC(30) Phase 1: Mark live objects
[2026-04-03T02:54:52.157+0600][170.784s][info][gc,ref         ] GC(30) Clearing All SoftReferences
[2026-04-03T02:54:52.158+0600][170.784s][info][gc,ref         ] GC(30) Clearing All SoftReferences
[2026-04-03T02:54:56.139+0600][174.766s][info][gc,ref         ] GC(30) Encountered references: Soft: 2427, Weak: 2656, Final: 74, Phantom: 586
[2026-04-03T02:54:56.139+0600][174.766s][info][gc,ref         ] GC(30) Discovered  references: Soft: 220, Weak: 1337, Final: 74, Phantom: 582
[2026-04-03T02:54:56.139+0600][174.766s][info][gc,ref         ] GC(30) Enqueued    references: Soft: 0, Weak: 0, Final: 0, Phantom: 0
[2026-04-03T02:54:56.142+0600][174.768s][info][gc,phases      ] GC(30) Phase 1: Mark live objects 3984.229ms
[2026-04-03T02:54:56.142+0600][174.768s][info][gc,phases,start] GC(30) Phase 2: Compute new object addresses
[2026-04-03T02:54:56.222+0600][174.849s][info][gc,phases      ] GC(30) Phase 2: Compute new object addresses 80.706ms
[2026-04-03T02:54:56.222+0600][174.849s][info][gc,phases,start] GC(30) Phase 3: Adjust pointers
[2026-04-03T02:54:56.320+0600][174.946s][info][gc,phases      ] GC(30) Phase 3: Adjust pointers 97.280ms
[2026-04-03T02:54:56.320+0600][174.946s][info][gc,phases,start] GC(30) Phase 4: Move objects
[2026-04-03T02:54:56.410+0600][175.036s][info][gc,phases      ] GC(30) Phase 4: Move objects 89.684ms
[2026-04-03T02:54:56.410+0600][175.036s][info][gc,ergo        ] GC(30) Bad progress for free space: 390K, need 5120K
[2026-04-03T02:54:56.410+0600][175.036s][info][gc             ] GC(30) Pause Degenerated GC (Outside of Cycle) 477M->477M(500M) 8623.214ms
[2026-04-03T02:54:56.410+0600][175.036s][info][gc,ergo        ] Free: 390K, Max: 220K regular, 0B humongous, Frag: 0% external, 99% internal; Reserve: 21760K, Max: 256K
[2026-04-03T02:54:56.410+0600][175.037s][info][gc,stats       ] 
[2026-04-03T02:54:56.410+0600][175.037s][info][gc,stats       ] All times are wall-clock times, except per-root-class counters, that are sum over
[2026-04-03T02:54:56.410+0600][175.037s][info][gc,stats       ] all workers. Dividing the <total> over the root stage time estimates parallelism.
[2026-04-03T02:54:56.410+0600][175.037s][info][gc,stats       ] 
[2026-04-03T02:54:56.410+0600][175.037s][info][gc,stats       ] Pause Degenerated GC (G)        8623498 us
[2026-04-03T02:54:56.410+0600][175.037s][info][gc,stats       ] Pause Degenerated GC (N)        8623227 us
[2026-04-03T02:54:56.410+0600][175.037s][info][gc,stats       ]   Degen STW Mark                4257288 us, parallelism: 6.00x
[2026-04-03T02:54:56.410+0600][175.037s][info][gc,stats       ]     DSM: <total>               25536866 us
[2026-04-03T02:54:56.410+0600][175.037s][info][gc,stats       ]     DSM: Thread Roots               755 us, workers (us): 137, 188, 109, 124, 119,  78, 
[2026-04-03T02:54:56.410+0600][175.037s][info][gc,stats       ]     DSM: VM Strong Roots             18 us, workers (us):   7,   0,   9,   0,   0,   0, 
[2026-04-03T02:54:56.410+0600][175.037s][info][gc,stats       ]     DSM: CLDG Roots                 212 us, workers (us):  24,   5,  24,   6,  14, 139, 
[2026-04-03T02:54:56.410+0600][175.037s][info][gc,stats       ]     DSM: Parallel Mark         25535882 us, workers (us): 4255984, 4256046, 4256072, 4255976, 4255974, 4255832, 
[2026-04-03T02:54:56.410+0600][175.037s][info][gc,stats       ]     System Purge                   2215 us
[2026-04-03T02:54:56.410+0600][175.037s][info][gc,stats       ]       Weak References               475 us, parallelism: 0.86x
[2026-04-03T02:54:56.410+0600][175.037s][info][gc,stats       ]         WRP: <total>                407 us
[2026-04-03T02:54:56.410+0600][175.037s][info][gc,stats       ]         WRP: Weak References        407 us, workers (us):  58, 298,  50,   0,   0,   0, 
[2026-04-03T02:54:56.410+0600][175.037s][info][gc,stats       ]       Unload Classes               1538 us, parallelism: 4.92x
[2026-04-03T02:54:56.410+0600][175.037s][info][gc,stats       ]         DCU: <total>               7566 us
[2026-04-03T02:54:56.410+0600][175.037s][info][gc,stats       ]         DCU: Unload Code Caches     7566 us, workers (us): 1310, 1294, 1247, 1247, 1272, 1196, 
[2026-04-03T02:54:56.410+0600][175.037s][info][gc,stats       ]       Weak Roots                    184 us, parallelism: 2.64x
[2026-04-03T02:54:56.410+0600][175.037s][info][gc,stats       ]         DWR: <total>                486 us
[2026-04-03T02:54:56.410+0600][175.037s][info][gc,stats       ]         DWR: VM Weak Roots          486 us, workers (us): 129, 129,  72,  68,  64,  23, 
[2026-04-03T02:54:56.410+0600][175.037s][info][gc,stats       ]       CLDG                            4 us
[2026-04-03T02:54:56.410+0600][175.037s][info][gc,stats       ]   Update Region States               47 us
[2026-04-03T02:54:56.410+0600][175.037s][info][gc,stats       ]   Manage GC/TLABs                     8 us
[2026-04-03T02:54:56.410+0600][175.037s][info][gc,stats       ]   Choose Collection Set             217 us
[2026-04-03T02:54:56.410+0600][175.037s][info][gc,stats       ]   Rebuild Free Set                   38 us
[2026-04-03T02:54:56.410+0600][175.037s][info][gc,stats       ]   Evacuation                       6294 us
[2026-04-03T02:54:56.410+0600][175.037s][info][gc,stats       ]   Manage GCLABs                      22 us
[2026-04-03T02:54:56.410+0600][175.037s][info][gc,stats       ]   Update References               99892 us
[2026-04-03T02:54:56.410+0600][175.037s][info][gc,stats       ]   Update Region States               33 us
[2026-04-03T02:54:56.410+0600][175.037s][info][gc,stats       ]   Trash Collection Set                6 us
[2026-04-03T02:54:56.410+0600][175.037s][info][gc,stats       ]   Rebuild Free Set                   44 us
[2026-04-03T02:54:56.410+0600][175.037s][info][gc,stats       ]   Degen Update Roots               1821 us, parallelism: 4.86x
[2026-04-03T02:54:56.410+0600][175.037s][info][gc,stats       ]     DU: <total>                    8853 us
[2026-04-03T02:54:56.410+0600][175.037s][info][gc,stats       ]     DU: Thread Roots                588 us, workers (us): 184,   4,  22,   8, 187, 182, 
[2026-04-03T02:54:56.411+0600][175.037s][info][gc,stats       ]     DU: Code Cache Roots           6689 us, workers (us): 1033, 1297, 1145, 1140, 1034, 1040, 
[2026-04-03T02:54:56.411+0600][175.037s][info][gc,stats       ]     DU: VM Strong Roots              16 us, workers (us):  11,   1,   1,   1,   1,   1, 
[2026-04-03T02:54:56.411+0600][175.037s][info][gc,stats       ]     DU: VM Weak Roots               975 us, workers (us): 221, 158, 159, 161, 149, 127, 
[2026-04-03T02:54:56.411+0600][175.037s][info][gc,stats       ]     DU: CLDG Roots                  585 us, workers (us):  81,  76, 136, 140,  77,  75, 
[2026-04-03T02:54:56.411+0600][175.037s][info][gc,stats       ]   Cleanup                           330 us
[2026-04-03T02:54:56.411+0600][175.037s][info][gc,stats       ]   Pre Heap Dump                       1 us
[2026-04-03T02:54:56.411+0600][175.037s][info][gc,stats       ]   Prepare                           944 us
[2026-04-03T02:54:56.411+0600][175.037s][info][gc,stats       ]   Mark                          3984189 us, parallelism: 5.99x
[2026-04-03T02:54:56.411+0600][175.037s][info][gc,stats       ]     FM: <total>                23881395 us
[2026-04-03T02:54:56.411+0600][175.037s][info][gc,stats       ]     FM: Thread Roots                908 us, workers (us): 148, 144, 172, 164, 144, 136, 
[2026-04-03T02:54:56.411+0600][175.037s][info][gc,stats       ]     FM: VM Strong Roots              23 us, workers (us):   8,   7,   0,   7,   1,   0, 
[2026-04-03T02:54:56.411+0600][175.037s][info][gc,stats       ]     FM: CLDG Roots                  279 us, workers (us):  38,  34,  19,  14, 153,  20, 
[2026-04-03T02:54:56.411+0600][175.037s][info][gc,stats       ]     FM: Parallel Mark          23880185 us, workers (us): 3979948, 3980034, 3980032, 3980137, 3980024, 3980011, 
[2026-04-03T02:54:56.411+0600][175.037s][info][gc,stats       ]     System Purge                   2879 us
[2026-04-03T02:54:56.411+0600][175.037s][info][gc,stats       ]       Weak References               682 us, parallelism: 1.10x
[2026-04-03T02:54:56.411+0600][175.037s][info][gc,stats       ]         WRP: <total>                748 us
[2026-04-03T02:54:56.411+0600][175.037s][info][gc,stats       ]         WRP: Weak References        748 us, workers (us):  38, 146, 356,  27, 179,   1, 
[2026-04-03T02:54:56.411+0600][175.037s][info][gc,stats       ]       Unload Classes               1672 us, parallelism: 4.79x
[2026-04-03T02:54:56.411+0600][175.037s][info][gc,stats       ]         CU: <total>                8010 us
[2026-04-03T02:54:56.411+0600][175.037s][info][gc,stats       ]         CU: Unload Code Caches     8010 us, workers (us): 1342, 1336, 1332, 1349, 1321, 1329, 
[2026-04-03T02:54:56.411+0600][175.037s][info][gc,stats       ]       Weak Roots                    509 us, parallelism: 1.09x
[2026-04-03T02:54:56.411+0600][175.037s][info][gc,stats       ]         WR: <total>                 557 us
[2026-04-03T02:54:56.411+0600][175.037s][info][gc,stats       ]         WR: VM Weak Roots           557 us, workers (us):  99, 102,  90,  89,  89,  87, 
[2026-04-03T02:54:56.411+0600][175.037s][info][gc,stats       ]       CLDG                            2 us
[2026-04-03T02:54:56.411+0600][175.037s][info][gc,stats       ]   Calculate Addresses             80695 us
[2026-04-03T02:54:56.411+0600][175.037s][info][gc,stats       ]     Regular Objects               80583 us
[2026-04-03T02:54:56.411+0600][175.037s][info][gc,stats       ]     Humongous Objects                26 us
[2026-04-03T02:54:56.411+0600][175.037s][info][gc,stats       ]   Adjust Pointers                 97269 us
[2026-04-03T02:54:56.411+0600][175.037s][info][gc,stats       ]     FA: <total>                    7558 us
[2026-04-03T02:54:56.411+0600][175.037s][info][gc,stats       ]     FA: Thread Roots                522 us, workers (us): 197,  80, 106, 114,   2,  22, 
[2026-04-03T02:54:56.411+0600][175.037s][info][gc,stats       ]     FA: Code Cache Roots           5741 us, workers (us): 859, 992, 902, 951, 978, 1058, 
[2026-04-03T02:54:56.411+0600][175.037s][info][gc,stats       ]     FA: VM Strong Roots              15 us, workers (us):  11,   1,   1,   1,   1,   1, 
[2026-04-03T02:54:56.411+0600][175.037s][info][gc,stats       ]     FA: VM Weak Roots               687 us, workers (us): 177, 124, 124, 100,  81,  82, 
[2026-04-03T02:54:56.411+0600][175.037s][info][gc,stats       ]     FA: CLDG Roots                  593 us, workers (us):  79,  70, 130,  71, 174,  69, 
[2026-04-03T02:54:56.411+0600][175.037s][info][gc,stats       ]   Copy Objects                    89671 us
[2026-04-03T02:54:56.411+0600][175.037s][info][gc,stats       ]     Regular Objects               88528 us
[2026-04-03T02:54:56.411+0600][175.037s][info][gc,stats       ]     Humongous Objects                26 us
[2026-04-03T02:54:56.411+0600][175.037s][info][gc             ] Failed to allocate TLAB, 2664B
[2026-04-03T02:54:56.411+0600][175.037s][info][gc             ] Cancelling GC: Allocation Failure
[2026-04-03T02:54:56.411+0600][175.037s][info][gc,stats       ]     Reset Complete Bitmap           901 us
[2026-04-03T02:54:56.411+0600][175.037s][info][gc,stats       ]     Rebuild Region Sets             214 us
[2026-04-03T02:54:56.411+0600][175.037s][info][gc,stats       ]   Post Heap Dump                      3 us
[2026-04-03T02:54:56.411+0600][175.037s][info][gc,stats       ] 
[2026-04-03T02:54:56.411+0600][175.037s][info][gc,stats       ] Allocation pacing accrued:
[2026-04-03T02:54:56.411+0600][175.037s][info][gc,stats       ]       0 of  8626 ms (  0.0%): <total>
[2026-04-03T02:54:56.411+0600][175.037s][info][gc,stats       ]       0 of  8626 ms (  0.0%): <average total>
[2026-04-03T02:54:56.411+0600][175.037s][info][gc,stats       ] 
[2026-04-03T02:54:56.411+0600][175.037s][info][gc,metaspace   ] Metaspace: 49167K(49664K)->49175K(49664K) NonClass: 43033K(43328K)->43038K(43328K) Class: 6134K(6336K)->6137K(6336K)
[2026-04-03T02:54:56.411+0600][175.037s][info][gc,ergo        ] Pacer for Idle. Initial: 10240K, Alloc Tax Rate: 1.0x
[2026-04-03T02:54:56.412+0600][175.039s][info][gc             ] Trigger: Handle Allocation Failure
[2026-04-03T02:54:56.412+0600][175.039s][info][gc,ergo        ] Free: 0B, Max: 0B regular, 0B humongous, Frag: 0% external, 0% internal; Reserve: 21760K, Max: 256K
[2026-04-03T02:54:56.412+0600][175.039s][info][gc,start       ] GC(31) Pause Degenerated GC (Outside of Cycle)
[2026-04-03T02:54:56.412+0600][175.039s][info][gc,task        ] GC(31) Using 6 of 6 workers for stw degenerated gc
[2026-04-03T02:54:56.413+0600][175.039s][info][gc,ref         ] GC(31) Clearing All SoftReferences
[2026-04-03T02:55:00.621+0600][179.247s][info][gc,ref         ] GC(31) Encountered references: Soft: 2429, Weak: 2660, Final: 74, Phantom: 586
[2026-04-03T02:55:00.621+0600][179.247s][info][gc,ref         ] GC(31) Discovered  references: Soft: 224, Weak: 1402, Final: 74, Phantom: 581
[2026-04-03T02:55:00.621+0600][179.247s][info][gc,ref         ] GC(31) Enqueued    references: Soft: 1, Weak: 3, Final: 0, Phantom: 0
[2026-04-03T02:55:00.623+0600][179.249s][info][gc,ergo        ] GC(31) Adaptive CSet Selection. Target Free: 72533K, Actual Free: 21760K, Max CSet: 21333K, Min Garbage: 50773K
[2026-04-03T02:55:00.623+0600][179.250s][info][gc,ergo        ] GC(31) Collectable Garbage: 127K (100%), Immediate: 0B (0%), CSet: 127K (100%)
[2026-04-03T02:55:00.630+0600][179.256s][info][gc             ] GC(31) Cancelling GC: Allocation Failure During Evacuation
[2026-04-03T02:55:00.630+0600][179.256s][info][gc             ] GC(31) Cannot finish degeneration, upgrading to Full GC
[2026-04-03T02:55:00.633+0600][179.259s][info][gc,phases,start] GC(31) Phase 1: Mark live objects
[2026-04-03T02:55:00.633+0600][179.259s][info][gc,ref         ] GC(31) Clearing All SoftReferences
[2026-04-03T02:55:00.633+0600][179.259s][info][gc,ref         ] GC(31) Clearing All SoftReferences
[2026-04-03T02:55:04.654+0600][183.281s][info][gc,ref         ] GC(31) Encountered references: Soft: 2428, Weak: 2657, Final: 74, Phantom: 586
[2026-04-03T02:55:04.654+0600][183.281s][info][gc,ref         ] GC(31) Discovered  references: Soft: 221, Weak: 1265, Final: 74, Phantom: 582
[2026-04-03T02:55:04.654+0600][183.281s][info][gc,ref         ] GC(31) Enqueued    references: Soft: 0, Weak: 0, Final: 0, Phantom: 0
[2026-04-03T02:55:04.656+0600][183.283s][info][gc,phases      ] GC(31) Phase 1: Mark live objects 4023.608ms
[2026-04-03T02:55:04.657+0600][183.283s][info][gc,phases,start] GC(31) Phase 2: Compute new object addresses
[2026-04-03T02:55:04.741+0600][183.367s][info][gc,phases      ] GC(31) Phase 2: Compute new object addresses 84.224ms
[2026-04-03T02:55:04.741+0600][183.367s][info][gc,phases,start] GC(31) Phase 3: Adjust pointers
[2026-04-03T02:55:04.836+0600][183.463s][info][gc,phases      ] GC(31) Phase 3: Adjust pointers 95.490ms
[2026-04-03T02:55:04.836+0600][183.463s][info][gc,phases,start] GC(31) Phase 4: Move objects
[2026-04-03T02:55:04.926+0600][183.553s][info][gc,phases      ] GC(31) Phase 4: Move objects 89.880ms
[2026-04-03T02:55:04.927+0600][183.553s][info][gc,ergo        ] GC(31) Bad progress for free space: 416K, need 5120K
[2026-04-03T02:55:04.927+0600][183.553s][info][gc             ] GC(31) Pause Degenerated GC (Outside of Cycle) 477M->477M(500M) 8514.155ms
[2026-04-03T02:55:04.927+0600][183.553s][info][gc,ergo        ] Free: 385K, Max: 246K regular, 0B humongous, Frag: 0% external, 99% internal; Reserve: 21504K, Max: 256K
[2026-04-03T02:55:04.927+0600][183.553s][info][gc,stats       ] 
[2026-04-03T02:55:04.927+0600][183.553s][info][gc,stats       ] All times are wall-clock times, except per-root-class counters, that are sum over
[2026-04-03T02:55:04.927+0600][183.553s][info][gc,stats       ] all workers. Dividing the <total> over the root stage time estimates parallelism.
[2026-04-03T02:55:04.927+0600][183.553s][info][gc,stats       ] 
[2026-04-03T02:55:04.927+0600][183.553s][info][gc,stats       ] Pause Degenerated GC (G)        8514471 us
[2026-04-03T02:55:04.927+0600][183.553s][info][gc,stats       ] Pause Degenerated GC (N)        8514166 us
[2026-04-03T02:55:04.927+0600][183.553s][info][gc,stats       ]   Degen STW Mark                4207618 us, parallelism: 6.00x
[2026-04-03T02:55:04.927+0600][183.553s][info][gc,stats       ]     DSM: <total>               25239315 us
[2026-04-03T02:55:04.927+0600][183.553s][info][gc,stats       ]     DSM: Thread Roots               784 us, workers (us): 106, 145, 107, 105, 189, 132, 
[2026-04-03T02:55:04.927+0600][183.553s][info][gc,stats       ]     DSM: VM Strong Roots             15 us, workers (us):   0,   0,   7,   7,   0,   0, 
[2026-04-03T02:55:04.927+0600][183.553s][info][gc,stats       ]     DSM: CLDG Roots                 232 us, workers (us): 153,   6,  24,  25,   6,  17, 
[2026-04-03T02:55:04.927+0600][183.553s][info][gc,stats       ]     DSM: Parallel Mark         25238283 us, workers (us): 4206268, 4206457, 4206381, 4206391, 4206412, 4206373, 
[2026-04-03T02:55:04.927+0600][183.553s][info][gc,stats       ]     System Purge                   2472 us
[2026-04-03T02:55:04.927+0600][183.553s][info][gc,stats       ]       Weak References               552 us, parallelism: 0.88x
[2026-04-03T02:55:04.927+0600][183.553s][info][gc,stats       ]         WRP: <total>                483 us
[2026-04-03T02:55:04.927+0600][183.553s][info][gc,stats       ]         WRP: Weak References        483 us, workers (us): 202,  97, 114,  69,   0,   0, 
[2026-04-03T02:55:04.927+0600][183.553s][info][gc,stats       ]       Unload Classes               1712 us, parallelism: 4.60x
[2026-04-03T02:55:04.927+0600][183.553s][info][gc,stats       ]         DCU: <total>               7880 us
[2026-04-03T02:55:04.927+0600][183.553s][info][gc,stats       ]         DCU: Unload Code Caches     7880 us, workers (us): 1314, 1335, 1294, 1299, 1348, 1290, 
[2026-04-03T02:55:04.927+0600][183.553s][info][gc,stats       ]       Weak Roots                    194 us, parallelism: 2.55x
[2026-04-03T02:55:04.927+0600][183.553s][info][gc,stats       ]         DWR: <total>                496 us
[2026-04-03T02:55:04.927+0600][183.553s][info][gc,stats       ]         DWR: VM Weak Roots          496 us, workers (us): 141, 109,  72,  73,  73,  27, 
[2026-04-03T02:55:04.927+0600][183.553s][info][gc,stats       ]       CLDG                            2 us
[2026-04-03T02:55:04.927+0600][183.553s][info][gc,stats       ]   Update Region States               25 us
[2026-04-03T02:55:04.927+0600][183.553s][info][gc,stats       ]   Manage GC/TLABs                    11 us
[2026-04-03T02:55:04.927+0600][183.553s][info][gc,stats       ]   Choose Collection Set             256 us
[2026-04-03T02:55:04.927+0600][183.553s][info][gc,stats       ]   Rebuild Free Set                   52 us
[2026-04-03T02:55:04.927+0600][183.553s][info][gc,stats       ]   Evacuation                       6403 us
[2026-04-03T02:55:04.927+0600][183.553s][info][gc,stats       ]   Pre Heap Dump                       2 us
[2026-04-03T02:55:04.927+0600][183.553s][info][gc,stats       ]   Prepare                          2801 us
[2026-04-03T02:55:04.927+0600][183.553s][info][gc,stats       ]     Update Roots                   1789 us, parallelism: 4.54x
[2026-04-03T02:55:04.927+0600][183.553s][info][gc,stats       ]       FU: <total>                  8112 us
[2026-04-03T02:55:04.927+0600][183.553s][info][gc,stats       ]       FU: Thread Roots              576 us, workers (us):  79, 134, 102, 113,   4, 143, 
[2026-04-03T02:55:04.927+0600][183.553s][info][gc,stats       ]       FU: Code Cache Roots         6510 us, workers (us): 1045, 1045, 1078, 1067, 1242, 1034, 
[2026-04-03T02:55:04.927+0600][183.553s][info][gc,stats       ]       FU: VM Strong Roots            19 us, workers (us):   8,   7,   1,   0,   0,   3, 
[2026-04-03T02:55:04.927+0600][183.553s][info][gc,stats       ]       FU: VM Weak Roots             690 us, workers (us): 126, 127, 115, 115, 114,  92, 
[2026-04-03T02:55:04.927+0600][183.553s][info][gc             ] Failed to allocate TLAB, 2688B
[2026-04-03T02:55:04.927+0600][183.553s][info][gc             ] Cancelling GC: Allocation Failure
[2026-04-03T02:55:04.927+0600][183.553s][info][gc,stats       ]       FU: CLDG Roots                317 us, workers (us):  93,  32,  33,  32,  91,  36, 
[2026-04-03T02:55:04.927+0600][183.554s][info][gc,stats       ]   Mark                          4023534 us, parallelism: 5.99x
[2026-04-03T02:55:04.927+0600][183.554s][info][gc,stats       ]     FM: <total>                24117007 us
[2026-04-03T02:55:04.927+0600][183.554s][info][gc,stats       ]     FM: Thread Roots                795 us, workers (us): 193, 132, 132, 122, 108, 108, 
[2026-04-03T02:55:04.927+0600][183.554s][info][gc,stats       ]     FM: VM Strong Roots              18 us, workers (us):   0,   1,   0,   7,   0,   9, 
[2026-04-03T02:55:04.927+0600][183.554s][info][gc,stats       ]     FM: CLDG Roots                  280 us, workers (us):  20,  32,  31,   7, 169,  21, 
[2026-04-03T02:55:04.927+0600][183.554s][info][gc,stats       ]     FM: Parallel Mark          24115914 us, workers (us): 4019341, 4019170, 4019342, 4019437, 4019170, 4019454, 
[2026-04-03T02:55:04.927+0600][183.554s][info][gc,stats       ]     System Purge                   2644 us
[2026-04-03T02:55:04.927+0600][183.554s][info][gc,stats       ]       Weak References               606 us, parallelism: 0.83x
[2026-04-03T02:55:04.927+0600][183.554s][info][gc,stats       ]         WRP: <total>                501 us
[2026-04-03T02:55:04.927+0600][183.554s][info][gc,stats       ]         WRP: Weak References        501 us, workers (us): 142, 141, 209,   2,   6,   1, 
[2026-04-03T02:55:04.927+0600][183.554s][info][gc,stats       ]       Unload Classes               1581 us, parallelism: 5.15x
[2026-04-03T02:55:04.927+0600][183.554s][info][gc,stats       ]         CU: <total>                8136 us
[2026-04-03T02:55:04.927+0600][183.554s][info][gc,stats       ]         CU: Unload Code Caches     8136 us, workers (us): 1377, 1365, 1344, 1371, 1342, 1337, 
[2026-04-03T02:55:04.927+0600][183.554s][info][gc,stats       ]       Weak Roots                    414 us, parallelism: 2.18x
[2026-04-03T02:55:04.927+0600][183.554s][info][gc,stats       ]         WR: <total>                 900 us
[2026-04-03T02:55:04.927+0600][183.554s][info][gc,stats       ]         WR: VM Weak Roots           900 us, workers (us): 161, 161, 149, 150, 141, 139, 
[2026-04-03T02:55:04.927+0600][183.554s][info][gc,stats       ]       CLDG                            5 us
[2026-04-03T02:55:04.927+0600][183.554s][info][gc,stats       ]   Calculate Addresses             84214 us
[2026-04-03T02:55:04.927+0600][183.554s][info][gc,stats       ]     Regular Objects               84115 us
[2026-04-03T02:55:04.927+0600][183.554s][info][gc,stats       ]     Humongous Objects                26 us
[2026-04-03T02:55:04.927+0600][183.554s][info][gc,stats       ]   Adjust Pointers                 95475 us
[2026-04-03T02:55:04.927+0600][183.554s][info][gc,stats       ]     FA: <total>                    6834 us
[2026-04-03T02:55:04.927+0600][183.554s][info][gc,stats       ]     FA: Thread Roots                432 us, workers (us):  31, 139,   2,   6, 166,  88, 
[2026-04-03T02:55:04.927+0600][183.554s][info][gc,stats       ]     FA: Code Cache Roots           5309 us, workers (us): 843, 818, 1085, 903, 789, 871, 
[2026-04-03T02:55:04.927+0600][183.554s][info][gc,stats       ]     FA: VM Strong Roots              23 us, workers (us):  11,  10,   1,   1,   1,   1, 
[2026-04-03T02:55:04.927+0600][183.554s][info][gc,stats       ]     FA: VM Weak Roots               520 us, workers (us): 135, 134,  69,  69,  58,  54, 
[2026-04-03T02:55:04.927+0600][183.554s][info][gc,stats       ]     FA: CLDG Roots                  550 us, workers (us): 144,  62,  76, 148,  60,  60, 
[2026-04-03T02:55:04.927+0600][183.554s][info][gc,stats       ]   Copy Objects                    89868 us
[2026-04-03T02:55:04.927+0600][183.554s][info][gc,stats       ]     Regular Objects               88940 us
[2026-04-03T02:55:04.927+0600][183.554s][info][gc,stats       ]     Humongous Objects                20 us
[2026-04-03T02:55:04.927+0600][183.554s][info][gc,stats       ]     Reset Complete Bitmap           735 us
[2026-04-03T02:55:04.927+0600][183.554s][info][gc,stats       ]     Rebuild Region Sets             171 us
[2026-04-03T02:55:04.927+0600][183.554s][info][gc,stats       ]   Post Heap Dump                      1 us
[2026-04-03T02:55:04.927+0600][183.554s][info][gc,stats       ] 
[2026-04-03T02:55:04.927+0600][183.554s][info][gc,stats       ] Allocation pacing accrued:
[2026-04-03T02:55:04.927+0600][183.554s][info][gc,stats       ]       0 of  8516 ms (  0.0%): <total>
[2026-04-03T02:55:04.927+0600][183.554s][info][gc,stats       ]       0 of  8516 ms (  0.0%): <average total>
[2026-04-03T02:55:04.927+0600][183.554s][info][gc,stats       ] 
[2026-04-03T02:55:04.927+0600][183.554s][info][gc,metaspace   ] Metaspace: 49175K(49664K)->49184K(49664K) NonClass: 43038K(43328K)->43045K(43328K) Class: 6137K(6336K)->6138K(6336K)
[2026-04-03T02:55:04.927+0600][183.554s][info][gc,ergo        ] Pacer for Idle. Initial: 10240K, Alloc Tax Rate: 1.0x
[2026-04-03T02:55:04.929+0600][183.555s][info][gc             ] Trigger: Handle Allocation Failure
[2026-04-03T02:55:04.929+0600][183.555s][info][gc,ergo        ] Free: 0B, Max: 0B regular, 0B humongous, Frag: 0% external, 0% internal; Reserve: 21504K, Max: 256K
[2026-04-03T02:55:04.929+0600][183.555s][info][gc,start       ] GC(32) Pause Full
[2026-04-03T02:55:04.929+0600][183.555s][info][gc,task        ] GC(32) Using 6 of 6 workers for full gc
[2026-04-03T02:55:04.929+0600][183.555s][info][gc,phases,start] GC(32) Phase 1: Mark live objects
[2026-04-03T02:55:04.929+0600][183.555s][info][gc,ref         ] GC(32) Clearing All SoftReferences
[2026-04-03T02:55:04.929+0600][183.555s][info][gc,ref         ] GC(32) Clearing All SoftReferences
[2026-04-03T02:55:09.098+0600][187.725s][info][gc,ref         ] GC(32) Encountered references: Soft: 2428, Weak: 2659, Final: 74, Phantom: 586
[2026-04-03T02:55:09.098+0600][187.725s][info][gc,ref         ] GC(32) Discovered  references: Soft: 219, Weak: 1204, Final: 74, Phantom: 581
[2026-04-03T02:55:09.098+0600][187.725s][info][gc,ref         ] GC(32) Enqueued    references: Soft: 0, Weak: 0, Final: 0, Phantom: 0
[2026-04-03T02:55:09.100+0600][187.727s][info][gc,phases      ] GC(32) Phase 1: Mark live objects 4171.389ms
[2026-04-03T02:55:09.101+0600][187.727s][info][gc,phases,start] GC(32) Phase 2: Compute new object addresses
[2026-04-03T02:55:09.181+0600][187.808s][info][gc,phases      ] GC(32) Phase 2: Compute new object addresses 80.636ms
[2026-04-03T02:55:09.181+0600][187.808s][info][gc,phases,start] GC(32) Phase 3: Adjust pointers
[2026-04-03T02:55:09.278+0600][187.904s][info][gc,phases      ] GC(32) Phase 3: Adjust pointers 96.783ms
[2026-04-03T02:55:09.278+0600][187.904s][info][gc,phases,start] GC(32) Phase 4: Move objects
[2026-04-03T02:55:09.354+0600][187.980s][info][gc,phases      ] GC(32) Phase 4: Move objects 75.667ms
[2026-04-03T02:55:09.354+0600][187.980s][info][gc,ergo        ] GC(32) Bad progress for free space: 157K, need 5120K
[2026-04-03T02:55:09.354+0600][187.980s][info][gc             ] GC(32) Pause Full 477M->477M(500M) 4425.156ms
[2026-04-03T02:55:09.354+0600][187.981s][info][gc,ergo        ] Free: 122K, Max: 70688B regular, 0B humongous, Frag: 0% external, 99% internal; Reserve: 21504K, Max: 256K
[2026-04-03T02:55:09.354+0600][187.981s][info][gc,stats       ] 
[2026-04-03T02:55:09.354+0600][187.981s][info][gc,stats       ] All times are wall-clock times, except per-root-class counters, that are sum over
[2026-04-03T02:55:09.354+0600][187.981s][info][gc,stats       ] all workers. Dividing the <total> over the root stage time estimates parallelism.
[2026-04-03T02:55:09.354+0600][187.981s][info][gc,stats       ] 
[2026-04-03T02:55:09.354+0600][187.981s][info][gc,stats       ] Pause Full GC (G)               4425468 us
[2026-04-03T02:55:09.354+0600][187.981s][info][gc,stats       ] Pause Full GC (N)               4425166 us
[2026-04-03T02:55:09.354+0600][187.981s][info][gc,stats       ]   Pre Heap Dump                       1 us
[2026-04-03T02:55:09.354+0600][187.981s][info][gc,stats       ]   Prepare                           192 us
[2026-04-03T02:55:09.354+0600][187.981s][info][gc             ] Failed to allocate TLAB, 3376B
[2026-04-03T02:55:09.354+0600][187.981s][info][gc             ] Cancelling GC: Allocation Failure
[2026-04-03T02:55:09.354+0600][187.981s][info][gc,stats       ]   Mark                          4171372 us, parallelism: 5.99x
[2026-04-03T02:55:09.355+0600][187.981s][info][gc,stats       ]     FM: <total>                25004780 us
[2026-04-03T02:55:09.355+0600][187.981s][info][gc,stats       ]     FM: Thread Roots                625 us, workers (us): 153,  95, 100,  74,  96, 107, 
[2026-04-03T02:55:09.355+0600][187.981s][info][gc,stats       ]     FM: VM Strong Roots              17 us, workers (us):   0,   6,   5,   5,   0,   0, 
[2026-04-03T02:55:09.355+0600][187.981s][info][gc,stats       ]     FM: CLDG Roots                  210 us, workers (us): 110,  29,  25,  28,  14,   4, 
[2026-04-03T02:55:09.355+0600][187.981s][info][gc,stats       ]     FM: Parallel Mark          25003928 us, workers (us): 4167533, 4167270, 4167168, 4167234, 4167395, 4167328, 
[2026-04-03T02:55:09.355+0600][187.981s][info][gc,stats       ]     System Purge                   2590 us
[2026-04-03T02:55:09.355+0600][187.981s][info][gc,stats       ]       Weak References               643 us, parallelism: 0.81x
[2026-04-03T02:55:09.355+0600][187.981s][info][gc,stats       ]         WRP: <total>                518 us
[2026-04-03T02:55:09.355+0600][187.981s][info][gc,stats       ]         WRP: Weak References        518 us, workers (us):  80, 160, 257,  19,   1,   0, 
[2026-04-03T02:55:09.355+0600][187.981s][info][gc,stats       ]       Unload Classes               1509 us, parallelism: 5.06x
[2026-04-03T02:55:09.355+0600][187.981s][info][gc,stats       ]         CU: <total>                7639 us
[2026-04-03T02:55:09.355+0600][187.981s][info][gc,stats       ]         CU: Unload Code Caches     7639 us, workers (us): 1338, 1294, 1281, 1255, 1245, 1225, 
[2026-04-03T02:55:09.355+0600][187.981s][info][gc,stats       ]       Weak Roots                    300 us, parallelism: 1.64x
[2026-04-03T02:55:09.355+0600][187.981s][info][gc,stats       ]         WR: <total>                 491 us
[2026-04-03T02:55:09.355+0600][187.981s][info][gc,stats       ]         WR: VM Weak Roots           491 us, workers (us): 155,  92,  89,  68,  44,  43, 
[2026-04-03T02:55:09.355+0600][187.981s][info][gc,stats       ]       CLDG                            2 us
[2026-04-03T02:55:09.355+0600][187.981s][info][gc,stats       ]   Calculate Addresses             80628 us
[2026-04-03T02:55:09.355+0600][187.981s][info][gc,stats       ]     Regular Objects               80458 us
[2026-04-03T02:55:09.355+0600][187.981s][info][gc,stats       ]     Humongous Objects                30 us
[2026-04-03T02:55:09.355+0600][187.981s][info][gc,stats       ]   Adjust Pointers                 96772 us
[2026-04-03T02:55:09.355+0600][187.981s][info][gc,stats       ]     FA: <total>                    7457 us
[2026-04-03T02:55:09.355+0600][187.981s][info][gc,stats       ]     FA: Thread Roots                471 us, workers (us): 101, 167,  36,  38, 124,   5, 
[2026-04-03T02:55:09.355+0600][187.981s][info][gc,stats       ]     FA: Code Cache Roots           5864 us, workers (us): 916, 911, 1041, 907, 959, 1129, 
[2026-04-03T02:55:09.355+0600][187.981s][info][gc,stats       ]     FA: VM Strong Roots              17 us, workers (us):  13,   1,   1,   1,   1,   1, 
[2026-04-03T02:55:09.355+0600][187.981s][info][gc,stats       ]     FA: VM Weak Roots               580 us, workers (us): 172,  81,  81,  81,  82,  82, 
[2026-04-03T02:55:09.355+0600][187.981s][info][gc,stats       ]     FA: CLDG Roots                  526 us, workers (us): 115,  55,  54, 185,  52,  63, 
[2026-04-03T02:55:09.355+0600][187.981s][info][gc,stats       ]   Copy Objects                    75654 us
[2026-04-03T02:55:09.355+0600][187.981s][info][gc,stats       ]     Regular Objects               74602 us
[2026-04-03T02:55:09.355+0600][187.981s][info][gc,stats       ]     Humongous Objects                26 us
[2026-04-03T02:55:09.355+0600][187.981s][info][gc,stats       ]     Reset Complete Bitmap           766 us
[2026-04-03T02:55:09.355+0600][187.981s][info][gc,stats       ]     Rebuild Region Sets             258 us
[2026-04-03T02:55:09.355+0600][187.981s][info][gc,stats       ]   Post Heap Dump                      1 us
[2026-04-03T02:55:09.355+0600][187.981s][info][gc,stats       ] 
[2026-04-03T02:55:09.355+0600][187.981s][info][gc,stats       ] Allocation pacing accrued:
[2026-04-03T02:55:09.355+0600][187.981s][info][gc,stats       ]       0 of  4428 ms (  0.0%): <total>
[2026-04-03T02:55:09.355+0600][187.981s][info][gc,stats       ]       0 of  4428 ms (  0.0%): <average total>
[2026-04-03T02:55:09.355+0600][187.981s][info][gc,stats       ] 
[2026-04-03T02:55:09.355+0600][187.981s][info][gc,metaspace   ] Metaspace: 49184K(49664K)->49186K(49664K) NonClass: 43045K(43328K)->43047K(43328K) Class: 6138K(6336K)->6138K(6336K)
[2026-04-03T02:55:09.355+0600][187.981s][info][gc,ergo        ] Pacer for Idle. Initial: 10240K, Alloc Tax Rate: 1.0x
[2026-04-03T02:55:09.357+0600][187.983s][info][gc             ] Trigger: Handle Allocation Failure
[2026-04-03T02:55:09.357+0600][187.983s][info][gc,ergo        ] Free: 0B, Max: 0B regular, 0B humongous, Frag: 0% external, 0% internal; Reserve: 21504K, Max: 256K
[2026-04-03T02:55:09.357+0600][187.984s][info][gc,start       ] GC(33) Pause Degenerated GC (Outside of Cycle)
[2026-04-03T02:55:09.357+0600][187.984s][info][gc,task        ] GC(33) Using 6 of 6 workers for stw degenerated gc
[2026-04-03T02:55:09.358+0600][187.984s][info][gc,ref         ] GC(33) Clearing All SoftReferences
[2026-04-03T02:55:12.241+0600][190.868s][info][gc,ref         ] GC(33) Encountered references: Soft: 2428, Weak: 2660, Final: 74, Phantom: 586
[2026-04-03T02:55:12.241+0600][190.868s][info][gc,ref         ] GC(33) Discovered  references: Soft: 228, Weak: 1062, Final: 74, Phantom: 581
[2026-04-03T02:55:12.241+0600][190.868s][info][gc,ref         ] GC(33) Enqueued    references: Soft: 0, Weak: 0, Final: 0, Phantom: 0
[2026-04-03T02:55:12.243+0600][190.870s][info][gc,ergo        ] GC(33) Adaptive CSet Selection. Target Free: 72533K, Actual Free: 21504K, Max CSet: 21333K, Min Garbage: 51029K
[2026-04-03T02:55:12.243+0600][190.870s][info][gc,ergo        ] GC(33) Collectable Garbage: 37688B (100%), Immediate: 0B (0%), CSet: 37688B (100%)
[2026-04-03T02:55:12.252+0600][190.878s][info][gc             ] GC(33) Cancelling GC: Allocation Failure During Evacuation
[2026-04-03T02:55:12.253+0600][190.880s][info][gc             ] GC(33) Cannot finish degeneration, upgrading to Full GC
[2026-04-03T02:55:12.257+0600][190.884s][info][gc,phases,start] GC(33) Phase 1: Mark live objects
[2026-04-03T02:55:12.257+0600][190.884s][info][gc,ref         ] GC(33) Clearing All SoftReferences
[2026-04-03T02:55:12.257+0600][190.884s][info][gc,ref         ] GC(33) Clearing All SoftReferences
[2026-04-03T02:55:15.252+0600][193.879s][info][gc,ref         ] GC(33) Encountered references: Soft: 2428, Weak: 2660, Final: 74, Phantom: 586
[2026-04-03T02:55:15.252+0600][193.879s][info][gc,ref         ] GC(33) Discovered  references: Soft: 221, Weak: 1261, Final: 74, Phantom: 581
[2026-04-03T02:55:15.252+0600][193.879s][info][gc,ref         ] GC(33) Enqueued    references: Soft: 0, Weak: 0, Final: 0, Phantom: 0
[2026-04-03T02:55:15.254+0600][193.880s][info][gc,phases      ] GC(33) Phase 1: Mark live objects 2996.539ms
[2026-04-03T02:55:15.275+0600][193.902s][info][gc,phases,start] GC(33) Phase 2: Compute new object addresses
[2026-04-03T02:55:15.362+0600][193.988s][info][gc,phases      ] GC(33) Phase 2: Compute new object addresses 86.391ms
[2026-04-03T02:55:15.362+0600][193.988s][info][gc,phases,start] GC(33) Phase 3: Adjust pointers
[2026-04-03T02:55:15.461+0600][194.088s][info][gc,phases      ] GC(33) Phase 3: Adjust pointers 99.402ms
[2026-04-03T02:55:15.461+0600][194.088s][info][gc,phases,start] GC(33) Phase 4: Move objects
[2026-04-03T02:55:15.552+0600][194.178s][info][gc,phases      ] GC(33) Phase 4: Move objects 90.649ms
[2026-04-03T02:55:15.552+0600][194.179s][info][gc,ergo        ] GC(33) Bad progress for free space: 351K, need 5120K
[2026-04-03T02:55:15.552+0600][194.179s][info][gc             ] GC(33) Pause Degenerated GC (Outside of Cycle) 477M->477M(500M) 6195.024ms
[2026-04-03T02:55:15.552+0600][194.179s][info][gc,ergo        ] Free: 323K, Max: 98168B regular, 0B humongous, Frag: 0% external, 99% internal; Reserve: 21248K, Max: 256K
[2026-04-03T02:55:15.552+0600][194.179s][info][gc,stats       ] 
[2026-04-03T02:55:15.552+0600][194.179s][info][gc,stats       ] All times are wall-clock times, except per-root-class counters, that are sum over
[2026-04-03T02:55:15.552+0600][194.179s][info][gc,stats       ] all workers. Dividing the <total> over the root stage time estimates parallelism.
[2026-04-03T02:55:15.552+0600][194.179s][info][gc,stats       ] 
[2026-04-03T02:55:15.552+0600][194.179s][info][gc,stats       ] Pause Degenerated GC (G)        6195165 us
[2026-04-03T02:55:15.553+0600][194.179s][info][gc,stats       ] Pause Degenerated GC (N)        6195033 us
[2026-04-03T02:55:15.553+0600][194.179s][info][gc,stats       ]   Degen STW Mark                2883649 us, parallelism: 6.00x
[2026-04-03T02:55:15.553+0600][194.179s][info][gc,stats       ]     DSM: <total>               17294159 us
[2026-04-03T02:55:15.553+0600][194.179s][info][gc,stats       ]     DSM: Thread Roots              1093 us, workers (us): 342, 171, 125, 127, 144, 184, 
[2026-04-03T02:55:15.553+0600][194.179s][info][gc,stats       ]     DSM: VM Strong Roots             21 us, workers (us):   1,   0,   9,   7,   4,   0, 
[2026-04-03T02:55:15.553+0600][194.179s][info][gc,stats       ]     DSM: CLDG Roots                 302 us, workers (us):  13, 188,  39,  34,  20,   8, 
[2026-04-03T02:55:15.553+0600][194.179s][info][gc,stats       ]     DSM: Parallel Mark         17292742 us, workers (us): 2880653, 2882346, 2882502, 2882281, 2882502, 2882460, 
[2026-04-03T02:55:15.553+0600][194.179s][info][gc,stats       ]     System Purge                   2135 us
[2026-04-03T02:55:15.553+0600][194.179s][info][gc,stats       ]       Weak References               279 us, parallelism: 0.91x
[2026-04-03T02:55:15.553+0600][194.179s][info][gc,stats       ]         WRP: <total>                254 us
[2026-04-03T02:55:15.553+0600][194.179s][info][gc,stats       ]         WRP: Weak References        254 us, workers (us): 107, 123,  22,   1,   1,   1, 
[2026-04-03T02:55:15.553+0600][194.179s][info][gc,stats       ]       Unload Classes               1668 us, parallelism: 5.21x
[2026-04-03T02:55:15.553+0600][194.179s][info][gc,stats       ]         DCU: <total>               8687 us
[2026-04-03T02:55:15.553+0600][194.179s][info][gc,stats       ]         DCU: Unload Code Caches     8687 us, workers (us): 1461, 1449, 1495, 1457, 1418, 1407, 
[2026-04-03T02:55:15.553+0600][194.179s][info][gc,stats       ]       Weak Roots                    175 us, parallelism: 2.93x
[2026-04-03T02:55:15.553+0600][194.179s][info][gc,stats       ]         DWR: <total>                511 us
[2026-04-03T02:55:15.553+0600][194.179s][info][gc,stats       ]         DWR: VM Weak Roots          511 us, workers (us): 130, 125,  75,  75,  59,  48, 
[2026-04-03T02:55:15.553+0600][194.179s][info][gc,stats       ]       CLDG                            3 us
[2026-04-03T02:55:15.553+0600][194.179s][info][gc,stats       ]   Update Region States               30 us
[2026-04-03T02:55:15.553+0600][194.179s][info][gc,stats       ]   Manage GC/TLABs                    10 us
[2026-04-03T02:55:15.553+0600][194.179s][info][gc,stats       ]   Choose Collection Set             236 us
[2026-04-03T02:55:15.553+0600][194.179s][info][gc,stats       ]   Rebuild Free Set                   57 us
[2026-04-03T02:55:15.553+0600][194.179s][info][gc,stats       ]   Evacuation                       9414 us
[2026-04-03T02:55:15.553+0600][194.179s][info][gc,stats       ]   Pre Heap Dump                       2 us
[2026-04-03T02:55:15.553+0600][194.179s][info][gc,stats       ]   Prepare                          3659 us
[2026-04-03T02:55:15.553+0600][194.179s][info][gc,stats       ]     Update Roots                   2226 us, parallelism: 5.07x
[2026-04-03T02:55:15.553+0600][194.179s][info][gc,stats       ]       FU: <total>                 11291 us
[2026-04-03T02:55:15.553+0600][194.179s][info][gc,stats       ]       FU: Thread Roots              796 us, workers (us): 342,  49,   4, 133, 102, 166, 
[2026-04-03T02:55:15.553+0600][194.179s][info][gc,stats       ]       FU: Code Cache Roots         8788 us, workers (us): 1259, 1568, 1693, 1470, 1414, 1385, 
[2026-04-03T02:55:15.553+0600][194.179s][info][gc,stats       ]       FU: VM Strong Roots            19 us, workers (us):  13,   2,   1,   1,   1,   1, 
[2026-04-03T02:55:15.553+0600][194.179s][info][gc,stats       ]       FU: VM Weak Roots             864 us, workers (us): 212, 149, 145, 133, 117, 107, 
[2026-04-03T02:55:15.553+0600][194.179s][info][gc,stats       ]       FU: CLDG Roots                824 us, workers (us): 110, 110, 115, 117, 201, 171, 
[2026-04-03T02:55:15.553+0600][194.179s][info][gc,stats       ]   Mark                          2996455 us, parallelism: 5.99x
[2026-04-03T02:55:15.553+0600][194.179s][info][gc,stats       ]     FM: <total>                17961765 us
[2026-04-03T02:55:15.553+0600][194.179s][info][gc,stats       ]     FM: Thread Roots               1120 us, workers (us): 302, 227, 182, 128, 130, 151, 
[2026-04-03T02:55:15.553+0600][194.179s][info][gc,stats       ]     FM: VM Strong Roots              28 us, workers (us):   1,   0,  12,   9,   1,   5, 
[2026-04-03T02:55:15.553+0600][194.179s][info][gc,stats       ]     FM: CLDG Roots                  340 us, workers (us):  14,   9,  34,  46, 211,  25, 
[2026-04-03T02:55:15.553+0600][194.179s][info][gc             ] Failed to allocate TLAB, 2656B
[2026-04-03T02:55:15.553+0600][194.179s][info][gc             ] Cancelling GC: Allocation Failure
[2026-04-03T02:55:15.553+0600][194.179s][info][gc,stats       ]     FM: Parallel Mark          17960277 us, workers (us): 2993198, 2993509, 2993523, 2993357, 2993290, 2993400, 
[2026-04-03T02:55:15.553+0600][194.179s][info][gc,stats       ]     System Purge                   1823 us
[2026-04-03T02:55:15.553+0600][194.179s][info][gc,stats       ]       Weak References               354 us, parallelism: 0.74x
[2026-04-03T02:55:15.553+0600][194.179s][info][gc,stats       ]         WRP: <total>                261 us
[2026-04-03T02:55:15.553+0600][194.179s][info][gc,stats       ]         WRP: Weak References        261 us, workers (us): 180,  38,  23,  21,   0,   0, 
[2026-04-03T02:55:15.553+0600][194.179s][info][gc,stats       ]       Unload Classes               1250 us, parallelism: 5.04x
[2026-04-03T02:55:15.553+0600][194.179s][info][gc,stats       ]         CU: <total>                6297 us
[2026-04-03T02:55:15.553+0600][194.179s][info][gc,stats       ]         CU: Unload Code Caches     6297 us, workers (us): 1066, 1071, 1041, 1052, 1056, 1010, 
[2026-04-03T02:55:15.553+0600][194.179s][info][gc,stats       ]       Weak Roots                    206 us, parallelism: 2.71x
[2026-04-03T02:55:15.553+0600][194.179s][info][gc,stats       ]         WR: <total>                 559 us
[2026-04-03T02:55:15.553+0600][194.179s][info][gc,stats       ]         WR: VM Weak Roots           559 us, workers (us): 168, 121,  99,  63,  63,  45, 
[2026-04-03T02:55:15.553+0600][194.179s][info][gc,stats       ]       CLDG                            2 us
[2026-04-03T02:55:15.553+0600][194.179s][info][gc,stats       ]   Calculate Addresses             86313 us
[2026-04-03T02:55:15.553+0600][194.179s][info][gc,stats       ]     Regular Objects               86177 us
[2026-04-03T02:55:15.553+0600][194.179s][info][gc,stats       ]     Humongous Objects                24 us
[2026-04-03T02:55:15.553+0600][194.179s][info][gc,stats       ]   Adjust Pointers                 99360 us
[2026-04-03T02:55:15.553+0600][194.179s][info][gc,stats       ]     FA: <total>                    7321 us
[2026-04-03T02:55:15.553+0600][194.179s][info][gc,stats       ]     FA: Thread Roots                518 us, workers (us): 152,   2,  73,  78,  96, 116, 
[2026-04-03T02:55:15.553+0600][194.179s][info][gc,stats       ]     FA: Code Cache Roots           5655 us, workers (us): 867, 1176, 959, 928, 824, 902, 
[2026-04-03T02:55:15.553+0600][194.179s][info][gc,stats       ]     FA: VM Strong Roots              18 us, workers (us):  14,   1,   1,   1,   1,   1, 
[2026-04-03T02:55:15.553+0600][194.179s][info][gc,stats       ]     FA: VM Weak Roots               558 us, workers (us): 156, 103, 102,  80,  60,  58, 
[2026-04-03T02:55:15.553+0600][194.179s][info][gc,stats       ]     FA: CLDG Roots                  572 us, workers (us):  64, 152,  63,  73, 158,  62, 
[2026-04-03T02:55:15.553+0600][194.179s][info][gc,stats       ]   Copy Objects                    90637 us
[2026-04-03T02:55:15.553+0600][194.179s][info][gc,stats       ]     Regular Objects               89811 us
[2026-04-03T02:55:15.553+0600][194.179s][info][gc,stats       ]     Humongous Objects                19 us
[2026-04-03T02:55:15.553+0600][194.179s][info][gc,stats       ]     Reset Complete Bitmap           639 us
[2026-04-03T02:55:15.553+0600][194.179s][info][gc,stats       ]     Rebuild Region Sets             165 us
[2026-04-03T02:55:15.553+0600][194.179s][info][gc,stats       ]   Post Heap Dump                      1 us
[2026-04-03T02:55:15.553+0600][194.179s][info][gc,stats       ] 
[2026-04-03T02:55:15.553+0600][194.179s][info][gc,stats       ] Allocation pacing accrued:
[2026-04-03T02:55:15.553+0600][194.179s][info][gc,stats       ]       0 of  6198 ms (  0.0%): <total>
[2026-04-03T02:55:15.553+0600][194.179s][info][gc,stats       ]       0 of  6198 ms (  0.0%): <average total>
[2026-04-03T02:55:15.553+0600][194.179s][info][gc,stats       ] 
[2026-04-03T02:55:15.553+0600][194.179s][info][gc,metaspace   ] Metaspace: 49186K(49664K)->49194K(49664K) NonClass: 43047K(43328K)->43053K(43328K) Class: 6138K(6336K)->6140K(6336K)
[2026-04-03T02:55:15.553+0600][194.179s][info][gc,ergo        ] Pacer for Idle. Initial: 10240K, Alloc Tax Rate: 1.0x
[2026-04-03T02:55:15.554+0600][194.180s][info][gc             ] Trigger: Handle Allocation Failure
[2026-04-03T02:55:15.554+0600][194.180s][info][gc,ergo        ] Free: 0B, Max: 0B regular, 0B humongous, Frag: 0% external, 0% internal; Reserve: 21248K, Max: 256K
[2026-04-03T02:55:15.554+0600][194.181s][info][gc,start       ] GC(34) Pause Degenerated GC (Outside of Cycle)
[2026-04-03T02:55:15.554+0600][194.181s][info][gc,task        ] GC(34) Using 6 of 6 workers for stw degenerated gc
[2026-04-03T02:55:15.555+0600][194.181s][info][gc,ref         ] GC(34) Clearing All SoftReferences
[2026-04-03T02:55:19.069+0600][197.696s][info][gc,ref         ] GC(34) Encountered references: Soft: 2429, Weak: 2664, Final: 74, Phantom: 588
[2026-04-03T02:55:19.069+0600][197.696s][info][gc,ref         ] GC(34) Discovered  references: Soft: 233, Weak: 1814, Final: 74, Phantom: 214
[2026-04-03T02:55:19.069+0600][197.696s][info][gc,ref         ] GC(34) Enqueued    references: Soft: 1, Weak: 2, Final: 0, Phantom: 0
[2026-04-03T02:55:19.071+0600][197.697s][info][gc,ergo        ] GC(34) Adaptive CSet Selection. Target Free: 72533K, Actual Free: 21248K, Max CSet: 21333K, Min Garbage: 51285K
[2026-04-03T02:55:19.071+0600][197.698s][info][gc,ergo        ] GC(34) Collectable Garbage: 426K (100%), Immediate: 0B (0%), CSet: 426K (100%)
[2026-04-03T02:55:19.077+0600][197.704s][info][gc             ] GC(34) Cancelling GC: Allocation Failure During Evacuation
[2026-04-03T02:55:19.079+0600][197.705s][info][gc             ] GC(34) Cannot finish degeneration, upgrading to Full GC
[2026-04-03T02:55:19.082+0600][197.709s][info][gc,phases,start] GC(34) Phase 1: Mark live objects
[2026-04-03T02:55:19.082+0600][197.709s][info][gc,ref         ] GC(34) Clearing All SoftReferences
[2026-04-03T02:55:19.083+0600][197.709s][info][gc,ref         ] GC(34) Clearing All SoftReferences
[2026-04-03T02:55:23.154+0600][201.781s][info][gc,ref         ] GC(34) Encountered references: Soft: 2428, Weak: 2662, Final: 74, Phantom: 588
[2026-04-03T02:55:23.154+0600][201.781s][info][gc,ref         ] GC(34) Discovered  references: Soft: 223, Weak: 1449, Final: 74, Phantom: 215
[2026-04-03T02:55:23.154+0600][201.781s][info][gc,ref         ] GC(34) Enqueued    references: Soft: 0, Weak: 0, Final: 0, Phantom: 0
[2026-04-03T02:55:23.156+0600][201.782s][info][gc,phases      ] GC(34) Phase 1: Mark live objects 4073.831ms
[2026-04-03T02:55:23.156+0600][201.783s][info][gc,phases,start] GC(34) Phase 2: Compute new object addresses
[2026-04-03T02:55:23.240+0600][201.866s][info][gc,phases      ] GC(34) Phase 2: Compute new object addresses 83.358ms
[2026-04-03T02:55:23.240+0600][201.866s][info][gc,phases,start] GC(34) Phase 3: Adjust pointers
[2026-04-03T02:55:23.347+0600][201.973s][info][gc,phases      ] GC(34) Phase 3: Adjust pointers 106.867ms
[2026-04-03T02:55:23.347+0600][201.973s][info][gc,phases,start] GC(34) Phase 4: Move objects
[2026-04-03T02:55:23.435+0600][202.062s][info][gc,phases      ] GC(34) Phase 4: Move objects 88.635ms
[2026-04-03T02:55:23.435+0600][202.062s][info][gc,ergo        ] GC(34) Bad progress for free space: 207K, need 5120K
[2026-04-03T02:55:23.435+0600][202.062s][info][gc             ] GC(34) Pause Degenerated GC (Outside of Cycle) 477M->477M(500M) 7881.142ms
[2026-04-03T02:55:23.436+0600][202.062s][info][gc,ergo        ] Free: 207K, Max: 60048B regular, 0B humongous, Frag: 0% external, 99% internal; Reserve: 21504K, Max: 256K
[2026-04-03T02:55:23.436+0600][202.062s][info][gc,stats       ] 
[2026-04-03T02:55:23.436+0600][202.062s][info][gc,stats       ] All times are wall-clock times, except per-root-class counters, that are sum over
[2026-04-03T02:55:23.436+0600][202.062s][info][gc,stats       ] all workers. Dividing the <total> over the root stage time estimates parallelism.
[2026-04-03T02:55:23.436+0600][202.062s][info][gc,stats       ] 
[2026-04-03T02:55:23.436+0600][202.062s][info][gc,stats       ] Pause Degenerated GC (G)        7881543 us
[2026-04-03T02:55:23.436+0600][202.062s][info][gc,stats       ] Pause Degenerated GC (N)        7881153 us
[2026-04-03T02:55:23.436+0600][202.062s][info][gc,stats       ]   Degen STW Mark                3514335 us, parallelism: 6.00x
[2026-04-03T02:55:23.436+0600][202.062s][info][gc,stats       ]     DSM: <total>               21079914 us
[2026-04-03T02:55:23.436+0600][202.062s][info][gc,stats       ]     DSM: Thread Roots               634 us, workers (us): 139, 146,  90, 108,  77,  74, 
[2026-04-03T02:55:23.436+0600][202.062s][info][gc,stats       ]     DSM: VM Strong Roots             16 us, workers (us):   0,   4,   3,   0,   4,   4, 
[2026-04-03T02:55:23.436+0600][202.062s][info][gc,stats       ]     DSM: CLDG Roots                 218 us, workers (us): 116,  17,  17,  13,  27,  28, 
[2026-04-03T02:55:23.436+0600][202.062s][info][gc,stats       ]     DSM: Parallel Mark         21079046 us, workers (us): 3513244, 3513033, 3513331, 3513251, 3513270, 3512916, 
[2026-04-03T02:55:23.436+0600][202.062s][info][gc,stats       ]     System Purge                   2055 us
[2026-04-03T02:55:23.436+0600][202.062s][info][gc,stats       ]       Weak References               470 us, parallelism: 0.68x
[2026-04-03T02:55:23.436+0600][202.062s][info][gc,stats       ]         WRP: <total>                321 us
[2026-04-03T02:55:23.436+0600][202.062s][info][gc,stats       ]         WRP: Weak References        321 us, workers (us):  70, 222,  26,   1,   1,   0, 
[2026-04-03T02:55:23.436+0600][202.062s][info][gc,stats       ]       Unload Classes               1367 us, parallelism: 5.20x
[2026-04-03T02:55:23.436+0600][202.062s][info][gc,stats       ]         DCU: <total>               7109 us
[2026-04-03T02:55:23.436+0600][202.062s][info][gc,stats       ]         DCU: Unload Code Caches     7109 us, workers (us): 1232, 1225, 1167, 1178, 1158, 1149, 
[2026-04-03T02:55:23.436+0600][202.062s][info][gc,stats       ]       Weak Roots                    196 us, parallelism: 2.15x
[2026-04-03T02:55:23.436+0600][202.062s][info][gc,stats       ]         DWR: <total>                421 us
[2026-04-03T02:55:23.436+0600][202.062s][info][gc,stats       ]         DWR: VM Weak Roots          421 us, workers (us): 140,  82,  80,  41,  40,  38, 
[2026-04-03T02:55:23.436+0600][202.062s][info][gc,stats       ]       CLDG                            6 us
[2026-04-03T02:55:23.436+0600][202.062s][info][gc,stats       ]   Update Region States               22 us
[2026-04-03T02:55:23.436+0600][202.062s][info][gc,stats       ]   Manage GC/TLABs                     8 us
[2026-04-03T02:55:23.436+0600][202.062s][info][gc,stats       ]   Choose Collection Set             178 us
[2026-04-03T02:55:23.436+0600][202.062s][info][gc,stats       ]   Rebuild Free Set                   38 us
[2026-04-03T02:55:23.436+0600][202.062s][info][gc,stats       ]   Evacuation                       7448 us
[2026-04-03T02:55:23.436+0600][202.062s][info][gc,stats       ]   Pre Heap Dump                       2 us
[2026-04-03T02:55:23.436+0600][202.062s][info][gc,stats       ]   Prepare                          3161 us
[2026-04-03T02:55:23.436+0600][202.062s][info][gc,stats       ]     Update Roots                   1957 us, parallelism: 4.89x
[2026-04-03T02:55:23.436+0600][202.062s][info][gc,stats       ]       FU: <total>                  9564 us
[2026-04-03T02:55:23.436+0600][202.062s][info][gc,stats       ]       FU: Thread Roots              644 us, workers (us):  71,   4, 118, 286, 162,   3, 
[2026-04-03T02:55:23.436+0600][202.062s][info][gc,stats       ]       FU: Code Cache Roots         7649 us, workers (us): 1307, 1428, 1202, 1099, 1224, 1388, 
[2026-04-03T02:55:23.436+0600][202.062s][info][gc,stats       ]       FU: VM Strong Roots            19 us, workers (us):   8,   8,   1,   1,   1,   1, 
[2026-04-03T02:55:23.436+0600][202.062s][info][gc,stats       ]       FU: VM Weak Roots             804 us, workers (us): 138, 137, 133, 133, 131, 132, 
[2026-04-03T02:55:23.436+0600][202.062s][info][gc,stats       ]       FU: CLDG Roots                449 us, workers (us):  60,  54, 120,  52,  52, 110, 
[2026-04-03T02:55:23.436+0600][202.062s][info][gc,stats       ]   Mark                          4073752 us, parallelism: 5.99x
[2026-04-03T02:55:23.436+0600][202.062s][info][gc,stats       ]     FM: <total>                24420661 us
[2026-04-03T02:55:23.436+0600][202.062s][info][gc,stats       ]     FM: Thread Roots                815 us, workers (us): 195, 155, 139, 105, 117, 105, 
[2026-04-03T02:55:23.436+0600][202.062s][info][gc,stats       ]     FM: VM Strong Roots              23 us, workers (us):   0,   5,   5,   5,   7,   0, 
[2026-04-03T02:55:23.436+0600][202.062s][info][gc,stats       ]     FM: CLDG Roots                  273 us, workers (us):   8,  27,  27,  31,  19, 161, 
[2026-04-03T02:55:23.436+0600][202.062s][info][gc,stats       ]     FM: Parallel Mark          24419550 us, workers (us): 4070021, 4069962, 4070039, 4069875, 4069809, 4069845, 
[2026-04-03T02:55:23.436+0600][202.062s][info][gc,stats       ]     System Purge                   2159 us
[2026-04-03T02:55:23.436+0600][202.062s][info][gc,stats       ]       Weak References               421 us, parallelism: 0.77x
[2026-04-03T02:55:23.436+0600][202.062s][info][gc,stats       ]         WRP: <total>                326 us
[2026-04-03T02:55:23.436+0600][202.062s][info][gc,stats       ]         WRP: Weak References        326 us, workers (us): 271,  44,   9,   1,   0,   0, 
[2026-04-03T02:55:23.436+0600][202.062s][info][gc,stats       ]       Unload Classes               1395 us, parallelism: 5.24x
[2026-04-03T02:55:23.436+0600][202.062s][info][gc,stats       ]         CU: <total>                7314 us
[2026-04-03T02:55:23.436+0600][202.063s][info][gc,stats       ]         CU: Unload Code Caches     7314 us, workers (us): 1270, 1239, 1222, 1202, 1182, 1200, 
[2026-04-03T02:55:23.436+0600][202.063s][info][gc,stats       ]       Weak Roots                    327 us, parallelism: 2.03x
[2026-04-03T02:55:23.436+0600][202.063s][info][gc,stats       ]         WR: <total>                 664 us
[2026-04-03T02:55:23.436+0600][202.063s][info][gc,stats       ]         WR: VM Weak Roots           664 us, workers (us): 282,  88,  84,  81,  62,  68, 
[2026-04-03T02:55:23.436+0600][202.063s][info][gc,stats       ]       CLDG                            2 us
[2026-04-03T02:55:23.436+0600][202.063s][info][gc,stats       ]   Calculate Addresses             83350 us
[2026-04-03T02:55:23.436+0600][202.063s][info][gc,stats       ]     Regular Objects               83192 us
[2026-04-03T02:55:23.436+0600][202.063s][info][gc,stats       ]     Humongous Objects                33 us
[2026-04-03T02:55:23.436+0600][202.063s][info][gc,stats       ]   Adjust Pointers                106854 us
[2026-04-03T02:55:23.436+0600][202.063s][info][gc,stats       ]     FA: <total>                    8215 us
[2026-04-03T02:55:23.436+0600][202.063s][info][gc,stats       ]     FA: Thread Roots                562 us, workers (us):  73,  71,  35, 109, 133, 141, 
[2026-04-03T02:55:23.436+0600][202.063s][info][gc,stats       ]     FA: Code Cache Roots           6314 us, workers (us): 1097, 1090, 1154, 1060, 971, 941, 
[2026-04-03T02:55:23.436+0600][202.063s][info][gc,stats       ]     FA: VM Strong Roots              22 us, workers (us):   9,  10,   1,   1,   1,   1, 
[2026-04-03T02:55:23.436+0600][202.063s][info][gc,stats       ]     FA: VM Weak Roots               712 us, workers (us): 165, 165, 108, 108,  90,  74, 
[2026-04-03T02:55:23.436+0600][202.063s][info][gc,stats       ]     FA: CLDG Roots                  606 us, workers (us):  75,  84,  72,  72, 137, 164, 
[2026-04-03T02:55:23.436+0600][202.063s][info][gc,stats       ]   Copy Objects                    88621 us
[2026-04-03T02:55:23.436+0600][202.063s][info][gc             ] Failed to allocate TLAB, 2656B
[2026-04-03T02:55:23.436+0600][202.063s][info][gc             ] Cancelling GC: Allocation Failure
[2026-04-03T02:55:23.436+0600][202.063s][info][gc,stats       ]     Regular Objects               87615 us
[2026-04-03T02:55:23.436+0600][202.063s][info][gc,stats       ]     Humongous Objects                23 us
[2026-04-03T02:55:23.436+0600][202.063s][info][gc,stats       ]     Reset Complete Bitmap           733 us
[2026-04-03T02:55:23.436+0600][202.063s][info][gc,stats       ]     Rebuild Region Sets             248 us
[2026-04-03T02:55:23.436+0600][202.063s][info][gc,stats       ]   Post Heap Dump                      1 us
[2026-04-03T02:55:23.436+0600][202.063s][info][gc,stats       ] 
[2026-04-03T02:55:23.436+0600][202.063s][info][gc,stats       ] Allocation pacing accrued:
[2026-04-03T02:55:23.436+0600][202.063s][info][gc,stats       ]       0 of  7884 ms (  0.0%): <total>
[2026-04-03T02:55:23.436+0600][202.063s][info][gc,stats       ]       0 of  7884 ms (  0.0%): <average total>
[2026-04-03T02:55:23.437+0600][202.063s][info][gc,stats       ] 
[2026-04-03T02:55:23.437+0600][202.063s][info][gc,metaspace   ] Metaspace: 49195K(49664K)->49200K(49664K) NonClass: 43054K(43328K)->43058K(43328K) Class: 6140K(6336K)->6141K(6336K)
[2026-04-03T02:55:23.437+0600][202.063s][info][gc,ergo        ] Pacer for Idle. Initial: 10240K, Alloc Tax Rate: 1.0x
[2026-04-03T02:55:23.438+0600][202.064s][info][gc             ] Trigger: Handle Allocation Failure
[2026-04-03T02:55:23.438+0600][202.064s][info][gc,ergo        ] Free: 0B, Max: 0B regular, 0B humongous, Frag: 0% external, 0% internal; Reserve: 21504K, Max: 256K
[2026-04-03T02:55:23.438+0600][202.064s][info][gc,start       ] GC(35) Pause Degenerated GC (Outside of Cycle)
[2026-04-03T02:55:23.438+0600][202.064s][info][gc,task        ] GC(35) Using 6 of 6 workers for stw degenerated gc
[2026-04-03T02:55:23.438+0600][202.065s][info][gc,ref         ] GC(35) Clearing All SoftReferences
[2026-04-03T02:55:26.489+0600][205.115s][info][gc,ref         ] GC(35) Encountered references: Soft: 2428, Weak: 2662, Final: 74, Phantom: 586
[2026-04-03T02:55:26.489+0600][205.115s][info][gc,ref         ] GC(35) Discovered  references: Soft: 219, Weak: 1283, Final: 43, Phantom: 582
[2026-04-03T02:55:26.489+0600][205.115s][info][gc,ref         ] GC(35) Enqueued    references: Soft: 0, Weak: 0, Final: 0, Phantom: 0
[2026-04-03T02:55:26.491+0600][205.117s][info][gc,ergo        ] GC(35) Adaptive CSet Selection. Target Free: 72533K, Actual Free: 21504K, Max CSet: 21333K, Min Garbage: 51029K
[2026-04-03T02:55:26.491+0600][205.118s][info][gc,ergo        ] GC(35) Collectable Garbage: 75208B (100%), Immediate: 0B (0%), CSet: 75208B (100%)
[2026-04-03T02:55:26.500+0600][205.126s][info][gc             ] GC(35) Cancelling GC: Allocation Failure During Evacuation
[2026-04-03T02:55:26.500+0600][205.126s][info][gc             ] GC(35) Cannot finish degeneration, upgrading to Full GC
[2026-04-03T02:55:26.504+0600][205.130s][info][gc,phases,start] GC(35) Phase 1: Mark live objects
[2026-04-03T02:55:26.504+0600][205.130s][info][gc,ref         ] GC(35) Clearing All SoftReferences
[2026-04-03T02:55:26.504+0600][205.130s][info][gc,ref         ] GC(35) Clearing All SoftReferences
[2026-04-03T02:55:30.236+0600][208.862s][info][gc,ref         ] GC(35) Encountered references: Soft: 2428, Weak: 2662, Final: 74, Phantom: 586
[2026-04-03T02:55:30.236+0600][208.862s][info][gc,ref         ] GC(35) Discovered  references: Soft: 222, Weak: 1322, Final: 74, Phantom: 582
[2026-04-03T02:55:30.236+0600][208.862s][info][gc,ref         ] GC(35) Enqueued    references: Soft: 0, Weak: 0, Final: 0, Phantom: 0
[2026-04-03T02:55:30.237+0600][208.863s][info][gc,phases      ] GC(35) Phase 1: Mark live objects 3733.494ms
[2026-04-03T02:55:30.237+0600][208.863s][info][gc,phases,start] GC(35) Phase 2: Compute new object addresses
[2026-04-03T02:55:30.320+0600][208.947s][info][gc,phases      ] GC(35) Phase 2: Compute new object addresses 83.357ms
[2026-04-03T02:55:30.321+0600][208.947s][info][gc,phases,start] GC(35) Phase 3: Adjust pointers
[2026-04-03T02:55:30.417+0600][209.043s][info][gc,phases      ] GC(35) Phase 3: Adjust pointers 96.396ms
[2026-04-03T02:55:30.417+0600][209.043s][info][gc,phases,start] GC(35) Phase 4: Move objects
[2026-04-03T02:55:30.507+0600][209.133s][info][gc,phases      ] GC(35) Phase 4: Move objects 89.926ms
[2026-04-03T02:55:30.507+0600][209.133s][info][gc,ergo        ] GC(35) Bad progress for free space: 109K, need 5120K
[2026-04-03T02:55:30.507+0600][209.134s][info][gc             ] GC(35) Pause Degenerated GC (Outside of Cycle) 477M->477M(500M) 7069.278ms
[2026-04-03T02:55:30.507+0600][209.134s][info][gc,ergo        ] Free: 109K, Max: 53488B regular, 0B humongous, Frag: 0% external, 99% internal; Reserve: 21504K, Max: 256K
[2026-04-03T02:55:30.507+0600][209.134s][info][gc,stats       ] 
[2026-04-03T02:55:30.507+0600][209.134s][info][gc,stats       ] All times are wall-clock times, except per-root-class counters, that are sum over
[2026-04-03T02:55:30.507+0600][209.134s][info][gc,stats       ] all workers. Dividing the <total> over the root stage time estimates parallelism.
[2026-04-03T02:55:30.507+0600][209.134s][info][gc,stats       ] 
[2026-04-03T02:55:30.507+0600][209.134s][info][gc,stats       ] Pause Degenerated GC (G)        7069414 us
[2026-04-03T02:55:30.507+0600][209.134s][info][gc,stats       ] Pause Degenerated GC (N)        7069287 us
[2026-04-03T02:55:30.507+0600][209.134s][info][gc,stats       ]   Degen STW Mark                3050344 us, parallelism: 6.00x
[2026-04-03T02:55:30.507+0600][209.134s][info][gc,stats       ]     DSM: <total>               18294622 us
[2026-04-03T02:55:30.507+0600][209.134s][info][gc,stats       ]     DSM: Thread Roots               759 us, workers (us): 198,  99, 188,  75, 127,  72, 
[2026-04-03T02:55:30.507+0600][209.134s][info][gc,stats       ]     DSM: VM Strong Roots             17 us, workers (us):   0,   8,   0,   0,   0,   7, 
[2026-04-03T02:55:30.507+0600][209.134s][info][gc,stats       ]     DSM: CLDG Roots                 218 us, workers (us):  13,  20,   6, 151,   6,  22, 
[2026-04-03T02:55:30.507+0600][209.134s][info][gc,stats       ]     DSM: Parallel Mark         18293628 us, workers (us): 3048850, 3049187, 3049121, 3048848, 3048706, 3048916, 
[2026-04-03T02:55:30.507+0600][209.134s][info][gc,stats       ]     System Purge                   2416 us
[2026-04-03T02:55:30.507+0600][209.134s][info][gc,stats       ]       Weak References               360 us, parallelism: 0.80x
[2026-04-03T02:55:30.507+0600][209.134s][info][gc,stats       ]         WRP: <total>                289 us
[2026-04-03T02:55:30.507+0600][209.134s][info][gc,stats       ]         WRP: Weak References        289 us, workers (us):  75,  49, 165,   0,   0,   0, 
[2026-04-03T02:55:30.507+0600][209.134s][info][gc,stats       ]       Unload Classes               1845 us, parallelism: 5.39x
[2026-04-03T02:55:30.507+0600][209.134s][info][gc,stats       ]         DCU: <total>               9937 us
[2026-04-03T02:55:30.507+0600][209.134s][info][gc,stats       ]         DCU: Unload Code Caches     9937 us, workers (us): 1688, 1686, 1668, 1658, 1624, 1614, 
[2026-04-03T02:55:30.507+0600][209.134s][info][gc,stats       ]       Weak Roots                    190 us, parallelism: 2.84x
[2026-04-03T02:55:30.507+0600][209.134s][info][gc,stats       ]         DWR: <total>                541 us
[2026-04-03T02:55:30.507+0600][209.134s][info][gc,stats       ]         DWR: VM Weak Roots          541 us, workers (us): 148, 140,  96,  69,  55,  32, 
[2026-04-03T02:55:30.507+0600][209.134s][info][gc,stats       ]       CLDG                            6 us
[2026-04-03T02:55:30.507+0600][209.134s][info][gc,stats       ]   Update Region States               32 us
[2026-04-03T02:55:30.507+0600][209.134s][info][gc,stats       ]   Manage GC/TLABs                    11 us
[2026-04-03T02:55:30.507+0600][209.134s][info][gc,stats       ]   Choose Collection Set             220 us
[2026-04-03T02:55:30.507+0600][209.134s][info][gc,stats       ]   Rebuild Free Set                   49 us
[2026-04-03T02:55:30.507+0600][209.134s][info][gc,stats       ]   Evacuation                       8101 us
[2026-04-03T02:55:30.507+0600][209.134s][info][gc,stats       ]   Pre Heap Dump                       2 us
[2026-04-03T02:55:30.507+0600][209.134s][info][gc,stats       ]   Prepare                          3510 us
[2026-04-03T02:55:30.507+0600][209.134s][info][gc,stats       ]     Update Roots                   2271 us, parallelism: 4.60x
[2026-04-03T02:55:30.507+0600][209.134s][info][gc             ] Failed to allocate TLAB, 2640B
[2026-04-03T02:55:30.508+0600][209.134s][info][gc             ] Cancelling GC: Allocation Failure
[2026-04-03T02:55:30.507+0600][209.134s][info][gc,stats       ]       FU: <total>                 10438 us
[2026-04-03T02:55:30.508+0600][209.134s][info][gc,stats       ]       FU: Thread Roots              760 us, workers (us):   3, 123, 173,   7, 148, 307, 
[2026-04-03T02:55:30.508+0600][209.134s][info][gc,stats       ]       FU: Code Cache Roots         8067 us, workers (us): 1654, 1318, 1264, 1467, 1224, 1139, 
[2026-04-03T02:55:30.508+0600][209.134s][info][gc,stats       ]       FU: VM Strong Roots            28 us, workers (us):  11,   9,   5,   1,   1,   1, 
[2026-04-03T02:55:30.508+0600][209.134s][info][gc,stats       ]       FU: VM Weak Roots             826 us, workers (us): 166, 167, 167, 140, 100,  86, 
[2026-04-03T02:55:30.508+0600][209.134s][info][gc,stats       ]       FU: CLDG Roots                758 us, workers (us): 176, 105, 102,  98, 176, 101, 
[2026-04-03T02:55:30.508+0600][209.134s][info][gc,stats       ]   Mark                          3733376 us, parallelism: 6.00x
[2026-04-03T02:55:30.508+0600][209.134s][info][gc,stats       ]     FM: <total>                22384554 us
[2026-04-03T02:55:30.508+0600][209.134s][info][gc,stats       ]     FM: Thread Roots               1016 us, workers (us): 250, 191, 130, 134, 150, 162, 
[2026-04-03T02:55:30.508+0600][209.134s][info][gc,stats       ]     FM: VM Strong Roots              29 us, workers (us):   3,   0,   9,   8,   8,   1, 
[2026-04-03T02:55:30.508+0600][209.134s][info][gc,stats       ]     FM: CLDG Roots                  378 us, workers (us):  13, 219,  47,  44,  25,  29, 
[2026-04-03T02:55:30.508+0600][209.134s][info][gc,stats       ]     FM: Parallel Mark          22383131 us, workers (us): 3730405, 3730402, 3730535, 3730618, 3730618, 3730553, 
[2026-04-03T02:55:30.508+0600][209.134s][info][gc,stats       ]     System Purge                   1709 us
[2026-04-03T02:55:30.508+0600][209.134s][info][gc,stats       ]       Weak References               284 us, parallelism: 0.90x
[2026-04-03T02:55:30.508+0600][209.134s][info][gc,stats       ]         WRP: <total>                255 us
[2026-04-03T02:55:30.508+0600][209.134s][info][gc,stats       ]         WRP: Weak References        255 us, workers (us):  31, 115,  61,  28,  19,   0, 
[2026-04-03T02:55:30.508+0600][209.134s][info][gc,stats       ]       Unload Classes               1246 us, parallelism: 5.12x
[2026-04-03T02:55:30.508+0600][209.134s][info][gc,stats       ]         CU: <total>                6386 us
[2026-04-03T02:55:30.508+0600][209.134s][info][gc,stats       ]         CU: Unload Code Caches     6386 us, workers (us): 1100, 1099, 1074, 1047, 1029, 1037, 
[2026-04-03T02:55:30.508+0600][209.134s][info][gc,stats       ]       Weak Roots                    167 us, parallelism: 3.74x
[2026-04-03T02:55:30.508+0600][209.134s][info][gc,stats       ]         WR: <total>                 624 us
[2026-04-03T02:55:30.508+0600][209.134s][info][gc,stats       ]         WR: VM Weak Roots           624 us, workers (us): 135, 128, 122, 121,  70,  49, 
[2026-04-03T02:55:30.508+0600][209.134s][info][gc,stats       ]       CLDG                            2 us
[2026-04-03T02:55:30.508+0600][209.134s][info][gc,stats       ]   Calculate Addresses             83348 us
[2026-04-03T02:55:30.508+0600][209.134s][info][gc,stats       ]     Regular Objects               83236 us
[2026-04-03T02:55:30.508+0600][209.134s][info][gc,stats       ]     Humongous Objects                31 us
[2026-04-03T02:55:30.508+0600][209.134s][info][gc,stats       ]   Adjust Pointers                 96385 us
[2026-04-03T02:55:30.508+0600][209.134s][info][gc,stats       ]     FA: <total>                    7280 us
[2026-04-03T02:55:30.508+0600][209.134s][info][gc,stats       ]     FA: Thread Roots                505 us, workers (us): 124,   2,  39,   4, 167, 170, 
[2026-04-03T02:55:30.508+0600][209.134s][info][gc,stats       ]     FA: Code Cache Roots           5577 us, workers (us): 850, 1056, 998, 941, 872, 860, 
[2026-04-03T02:55:30.508+0600][209.134s][info][gc,stats       ]     FA: VM Strong Roots              16 us, workers (us):  13,   1,   1,   1,   1,   1, 
[2026-04-03T02:55:30.508+0600][209.134s][info][gc,stats       ]     FA: VM Weak Roots               605 us, workers (us): 176, 110, 110,  98,  58,  53, 
[2026-04-03T02:55:30.508+0600][209.134s][info][gc,stats       ]     FA: CLDG Roots                  577 us, workers (us): 127,  63,  60, 197,  60,  71, 
[2026-04-03T02:55:30.508+0600][209.134s][info][gc,stats       ]   Copy Objects                    89914 us
[2026-04-03T02:55:30.508+0600][209.134s][info][gc,stats       ]     Regular Objects               89052 us
[2026-04-03T02:55:30.508+0600][209.134s][info][gc,stats       ]     Humongous Objects                20 us
[2026-04-03T02:55:30.508+0600][209.134s][info][gc,stats       ]     Reset Complete Bitmap           662 us
[2026-04-03T02:55:30.508+0600][209.134s][info][gc,stats       ]     Rebuild Region Sets             178 us
[2026-04-03T02:55:30.508+0600][209.134s][info][gc,stats       ]   Post Heap Dump                      1 us
[2026-04-03T02:55:30.508+0600][209.134s][info][gc,stats       ] 
[2026-04-03T02:55:30.508+0600][209.134s][info][gc,stats       ] Allocation pacing accrued:
[2026-04-03T02:55:30.508+0600][209.134s][info][gc,stats       ]       0 of  7071 ms (  0.0%): <total>
[2026-04-03T02:55:30.508+0600][209.134s][info][gc,stats       ]       0 of  7071 ms (  0.0%): <average total>
[2026-04-03T02:55:30.508+0600][209.134s][info][gc,stats       ] 
[2026-04-03T02:55:30.508+0600][209.134s][info][gc,metaspace   ] Metaspace: 49200K(49664K)->49200K(49664K) NonClass: 43058K(43328K)->43059K(43328K) Class: 6141K(6336K)->6141K(6336K)
[2026-04-03T02:55:30.508+0600][209.134s][info][gc,ergo        ] Pacer for Idle. Initial: 10240K, Alloc Tax Rate: 1.0x
[2026-04-03T02:55:30.509+0600][209.135s][info][gc             ] Trigger: Handle Allocation Failure
[2026-04-03T02:55:30.509+0600][209.135s][info][gc,ergo        ] Free: 0B, Max: 0B regular, 0B humongous, Frag: 0% external, 0% internal; Reserve: 21504K, Max: 256K
[2026-04-03T02:55:30.509+0600][209.135s][info][gc,start       ] GC(36) Pause Degenerated GC (Outside of Cycle)
[2026-04-03T02:55:30.509+0600][209.135s][info][gc,task        ] GC(36) Using 6 of 6 workers for stw degenerated gc
[2026-04-03T02:55:30.509+0600][209.136s][info][gc,ref         ] GC(36) Clearing All SoftReferences
[2026-04-03T02:55:34.781+0600][213.408s][info][gc,ref         ] GC(36) Encountered references: Soft: 2429, Weak: 2667, Final: 74, Phantom: 586
[2026-04-03T02:55:34.782+0600][213.408s][info][gc,ref         ] GC(36) Discovered  references: Soft: 229, Weak: 1259, Final: 51, Phantom: 581
[2026-04-03T02:55:34.782+0600][213.408s][info][gc,ref         ] GC(36) Enqueued    references: Soft: 1, Weak: 2, Final: 0, Phantom: 0
[2026-04-03T02:55:34.783+0600][213.410s][info][gc,ergo        ] GC(36) Adaptive CSet Selection. Target Free: 72533K, Actual Free: 21504K, Max CSet: 21333K, Min Garbage: 51029K
[2026-04-03T02:55:34.784+0600][213.410s][info][gc,ergo        ] GC(36) Collectable Garbage: 33816B (100%), Immediate: 0B (0%), CSet: 33816B (100%)
[2026-04-03T02:55:34.893+0600][213.519s][info][gc,ergo        ] GC(36) Bad progress for free space: 29832B, need 5120K
[2026-04-03T02:55:34.893+0600][213.519s][info][gc             ] GC(36) Cancelling GC: Upgrade To Full GC
[2026-04-03T02:55:34.894+0600][213.520s][info][gc,phases,start] GC(36) Phase 1: Mark live objects
[2026-04-03T02:55:34.894+0600][213.521s][info][gc,ref         ] GC(36) Clearing All SoftReferences
[2026-04-03T02:55:34.894+0600][213.521s][info][gc,ref         ] GC(36) Clearing All SoftReferences
[2026-04-03T02:55:39.098+0600][217.725s][info][gc,ref         ] GC(36) Encountered references: Soft: 2428, Weak: 2665, Final: 74, Phantom: 586
[2026-04-03T02:55:39.098+0600][217.725s][info][gc,ref         ] GC(36) Discovered  references: Soft: 228, Weak: 1228, Final: 58, Phantom: 581
[2026-04-03T02:55:39.098+0600][217.725s][info][gc,ref         ] GC(36) Enqueued    references: Soft: 0, Weak: 0, Final: 0, Phantom: 0
[2026-04-03T02:55:39.100+0600][217.726s][info][gc,phases      ] GC(36) Phase 1: Mark live objects 4205.702ms
[2026-04-03T02:55:39.100+0600][217.726s][info][gc,phases,start] GC(36) Phase 2: Compute new object addresses
[2026-04-03T02:55:39.185+0600][217.811s][info][gc,phases      ] GC(36) Phase 2: Compute new object addresses 84.990ms
[2026-04-03T02:55:39.185+0600][217.811s][info][gc,phases,start] GC(36) Phase 3: Adjust pointers
[2026-04-03T02:55:39.282+0600][217.908s][info][gc,phases      ] GC(36) Phase 3: Adjust pointers 96.901ms
[2026-04-03T02:55:39.282+0600][217.908s][info][gc,phases,start] GC(36) Phase 4: Move objects
[2026-04-03T02:55:39.372+0600][217.999s][info][gc,phases      ] GC(36) Phase 4: Move objects 90.415ms
[2026-04-03T02:55:39.373+0600][217.999s][info][gc,ergo        ] GC(36) Bad progress for free space: 68384B, need 5120K
[2026-04-03T02:55:39.373+0600][217.999s][info][gc             ] GC(36) Pause Degenerated GC (Outside of Cycle) 477M->477M(500M) 8863.416ms
[2026-04-03T02:55:39.373+0600][217.999s][info][gc,ergo        ] Free: 68384B, Max: 27264B regular, 0B humongous, Frag: 0% external, 99% internal; Reserve: 21504K, Max: 256K
[2026-04-03T02:55:39.373+0600][217.999s][info][gc,stats       ] 
[2026-04-03T02:55:39.373+0600][217.999s][info][gc,stats       ] All times are wall-clock times, except per-root-class counters, that are sum over
[2026-04-03T02:55:39.373+0600][217.999s][info][gc,stats       ] all workers. Dividing the <total> over the root stage time estimates parallelism.
[2026-04-03T02:55:39.373+0600][217.999s][info][gc,stats       ] 
[2026-04-03T02:55:39.373+0600][217.999s][info][gc,stats       ] Pause Degenerated GC (G)        8863528 us
[2026-04-03T02:55:39.373+0600][217.999s][info][gc,stats       ] Pause Degenerated GC (N)        8863425 us
[2026-04-03T02:55:39.373+0600][217.999s][info][gc,stats       ]   Degen STW Mark                4271667 us, parallelism: 6.00x
[2026-04-03T02:55:39.373+0600][217.999s][info][gc,stats       ]     DSM: <total>               25623615 us
[2026-04-03T02:55:39.373+0600][217.999s][info][gc,stats       ]     DSM: Thread Roots               733 us, workers (us): 130, 153, 165, 148,  73,  64, 
[2026-04-03T02:55:39.373+0600][217.999s][info][gc,stats       ]     DSM: VM Strong Roots             17 us, workers (us):   0,   3,   0,   0,   6,   7, 
[2026-04-03T02:55:39.373+0600][217.999s][info][gc,stats       ]     DSM: CLDG Roots                 219 us, workers (us): 120,   6,  24,  13,  28,  28, 
[2026-04-03T02:55:39.373+0600][217.999s][info][gc,stats       ]     DSM: Parallel Mark         25622646 us, workers (us): 4270365, 4270593, 4270375, 4270406, 4270592, 4270314, 
[2026-04-03T02:55:39.373+0600][217.999s][info][gc,stats       ]     System Purge                   2376 us
[2026-04-03T02:55:39.373+0600][217.999s][info][gc,stats       ]       Weak References               473 us, parallelism: 0.82x
[2026-04-03T02:55:39.373+0600][217.999s][info][gc,stats       ]         WRP: <total>                388 us
[2026-04-03T02:55:39.373+0600][217.999s][info][gc,stats       ]         WRP: Weak References        388 us, workers (us):  49,  29, 265,  44,   0,   0, 
[2026-04-03T02:55:39.373+0600][217.999s][info][gc,stats       ]       Unload Classes               1604 us, parallelism: 5.35x
[2026-04-03T02:55:39.373+0600][217.999s][info][gc,stats       ]         DCU: <total>               8590 us
[2026-04-03T02:55:39.373+0600][217.999s][info][gc,stats       ]         DCU: Unload Code Caches     8590 us, workers (us): 1473, 1459, 1421, 1428, 1407, 1401, 
[2026-04-03T02:55:39.373+0600][217.999s][info][gc,stats       ]       Weak Roots                    286 us, parallelism: 2.18x
[2026-04-03T02:55:39.373+0600][217.999s][info][gc,stats       ]         DWR: <total>                624 us
[2026-04-03T02:55:39.373+0600][217.999s][info][gc             ] Failed to allocate TLAB, 2688B
[2026-04-03T02:55:39.373+0600][217.999s][info][gc             ] Cancelling GC: Allocation Failure
[2026-04-03T02:55:39.373+0600][217.999s][info][gc,stats       ]         DWR: VM Weak Roots          624 us, workers (us): 144, 143, 142,  93,  57,  45, 
[2026-04-03T02:55:39.373+0600][217.999s][info][gc,stats       ]       CLDG                            3 us
[2026-04-03T02:55:39.373+0600][217.999s][info][gc,stats       ]   Update Region States               25 us
[2026-04-03T02:55:39.373+0600][217.999s][info][gc,stats       ]   Manage GC/TLABs                    22 us
[2026-04-03T02:55:39.373+0600][217.999s][info][gc,stats       ]   Choose Collection Set             183 us
[2026-04-03T02:55:39.373+0600][217.999s][info][gc,stats       ]   Rebuild Free Set                   41 us
[2026-04-03T02:55:39.373+0600][217.999s][info][gc,stats       ]   Evacuation                       6772 us
[2026-04-03T02:55:39.373+0600][217.999s][info][gc,stats       ]   Manage GCLABs                      30 us
[2026-04-03T02:55:39.373+0600][217.999s][info][gc,stats       ]   Update References               99412 us
[2026-04-03T02:55:39.373+0600][217.999s][info][gc,stats       ]   Update Region States               27 us
[2026-04-03T02:55:39.373+0600][217.999s][info][gc,stats       ]   Trash Collection Set                5 us
[2026-04-03T02:55:39.373+0600][217.999s][info][gc,stats       ]   Rebuild Free Set                   37 us
[2026-04-03T02:55:39.373+0600][217.999s][info][gc,stats       ]   Degen Update Roots               1672 us, parallelism: 4.77x
[2026-04-03T02:55:39.373+0600][217.999s][info][gc,stats       ]     DU: <total>                    7980 us
[2026-04-03T02:55:39.373+0600][217.999s][info][gc,stats       ]     DU: Thread Roots                532 us, workers (us): 259,  25, 162,   3,   6,  77, 
[2026-04-03T02:55:39.373+0600][217.999s][info][gc,stats       ]     DU: Code Cache Roots           6154 us, workers (us): 856, 1098, 947, 1201, 1069, 982, 
[2026-04-03T02:55:39.373+0600][217.999s][info][gc,stats       ]     DU: VM Strong Roots              13 us, workers (us):   9,   1,   1,   1,   1,   1, 
[2026-04-03T02:55:39.373+0600][217.999s][info][gc,stats       ]     DU: VM Weak Roots               769 us, workers (us): 220, 128, 124, 115,  91,  91, 
[2026-04-03T02:55:39.373+0600][217.999s][info][gc,stats       ]     DU: CLDG Roots                  513 us, workers (us):  66,  71,  74,  68, 107, 127, 
[2026-04-03T02:55:39.373+0600][217.999s][info][gc,stats       ]   Cleanup                           355 us
[2026-04-03T02:55:39.373+0600][217.999s][info][gc,stats       ]   Pre Heap Dump                       1 us
[2026-04-03T02:55:39.373+0600][217.999s][info][gc,stats       ]   Prepare                           929 us
[2026-04-03T02:55:39.373+0600][217.999s][info][gc,stats       ]   Mark                          4205662 us, parallelism: 6.00x
[2026-04-03T02:55:39.373+0600][217.999s][info][gc,stats       ]     FM: <total>                25216362 us
[2026-04-03T02:55:39.373+0600][217.999s][info][gc,stats       ]     FM: Thread Roots                746 us, workers (us): 205, 213, 132,  63,  82,  51, 
[2026-04-03T02:55:39.373+0600][217.999s][info][gc,stats       ]     FM: VM Strong Roots              20 us, workers (us):   7,   0,   6,   6,   0,   1, 
[2026-04-03T02:55:39.373+0600][217.999s][info][gc,stats       ]     FM: CLDG Roots                  252 us, workers (us):  33, 136,  20,  30,   8,  25, 
[2026-04-03T02:55:39.373+0600][217.999s][info][gc,stats       ]     FM: Parallel Mark          25215343 us, workers (us): 4202586, 4202365, 4202683, 4202591, 4202669, 4202449, 
[2026-04-03T02:55:39.373+0600][217.999s][info][gc,stats       ]     System Purge                   1865 us
[2026-04-03T02:55:39.373+0600][217.999s][info][gc,stats       ]       Weak References               352 us, parallelism: 0.91x
[2026-04-03T02:55:39.373+0600][217.999s][info][gc,stats       ]         WRP: <total>                319 us
[2026-04-03T02:55:39.373+0600][217.999s][info][gc,stats       ]         WRP: Weak References        319 us, workers (us): 213,  42,  26,  38,   0,   0, 
[2026-04-03T02:55:39.373+0600][217.999s][info][gc,stats       ]       Unload Classes               1340 us, parallelism: 5.49x
[2026-04-03T02:55:39.373+0600][217.999s][info][gc,stats       ]         CU: <total>                7355 us
[2026-04-03T02:55:39.373+0600][217.999s][info][gc,stats       ]         CU: Unload Code Caches     7355 us, workers (us): 1248, 1223, 1224, 1238, 1238, 1183, 
[2026-04-03T02:55:39.373+0600][218.000s][info][gc,stats       ]       Weak Roots                    159 us, parallelism: 3.70x
[2026-04-03T02:55:39.373+0600][218.000s][info][gc,stats       ]         WR: <total>                 588 us
[2026-04-03T02:55:39.373+0600][218.000s][info][gc,stats       ]         WR: VM Weak Roots           588 us, workers (us): 131, 127, 126, 119,  63,  20, 
[2026-04-03T02:55:39.373+0600][218.000s][info][gc,stats       ]       CLDG                            2 us
[2026-04-03T02:55:39.373+0600][218.000s][info][gc,stats       ]   Calculate Addresses             84981 us
[2026-04-03T02:55:39.373+0600][218.000s][info][gc,stats       ]     Regular Objects               84878 us
[2026-04-03T02:55:39.373+0600][218.000s][info][gc,stats       ]     Humongous Objects                30 us
[2026-04-03T02:55:39.373+0600][218.000s][info][gc,stats       ]   Adjust Pointers                 96890 us
[2026-04-03T02:55:39.373+0600][218.000s][info][gc,stats       ]     FA: <total>                    7291 us
[2026-04-03T02:55:39.373+0600][218.000s][info][gc,stats       ]     FA: Thread Roots                505 us, workers (us): 159,   3,   1, 170,  96,  75, 
[2026-04-03T02:55:39.373+0600][218.000s][info][gc,stats       ]     FA: Code Cache Roots           5630 us, workers (us): 846, 1059, 1127, 847, 814, 937, 
[2026-04-03T02:55:39.373+0600][218.000s][info][gc,stats       ]     FA: VM Strong Roots              22 us, workers (us):   8,   0,   5,   7,   1,   1, 
[2026-04-03T02:55:39.373+0600][218.000s][info][gc,stats       ]     FA: VM Weak Roots               604 us, workers (us): 135, 135, 136, 134,  42,  23, 
[2026-04-03T02:55:39.373+0600][218.000s][info][gc,stats       ]     FA: CLDG Roots                  530 us, workers (us):  67,  58, 131,  56, 164,  55, 
[2026-04-03T02:55:39.373+0600][218.000s][info][gc,stats       ]   Copy Objects                    90402 us
[2026-04-03T02:55:39.373+0600][218.000s][info][gc,stats       ]     Regular Objects               89569 us
[2026-04-03T02:55:39.373+0600][218.000s][info][gc,stats       ]     Humongous Objects                19 us
[2026-04-03T02:55:39.373+0600][218.000s][info][gc,stats       ]     Reset Complete Bitmap           632 us
[2026-04-03T02:55:39.373+0600][218.000s][info][gc,stats       ]     Rebuild Region Sets             176 us
[2026-04-03T02:55:39.373+0600][218.000s][info][gc,stats       ]   Post Heap Dump                      1 us
[2026-04-03T02:55:39.373+0600][218.000s][info][gc,stats       ] 
[2026-04-03T02:55:39.373+0600][218.000s][info][gc,stats       ] Allocation pacing accrued:
[2026-04-03T02:55:39.373+0600][218.000s][info][gc,stats       ]       0 of  8865 ms (  0.0%): <total>
[2026-04-03T02:55:39.373+0600][218.000s][info][gc,stats       ]       0 of  8865 ms (  0.0%): <average total>
[2026-04-03T02:55:39.373+0600][218.000s][info][gc,stats       ] 
[2026-04-03T02:55:39.373+0600][218.000s][info][gc,metaspace   ] Metaspace: 49200K(49664K)->49200K(49664K) NonClass: 43059K(43328K)->43059K(43328K) Class: 6141K(6336K)->6141K(6336K)
[2026-04-03T02:55:39.373+0600][218.000s][info][gc,ergo        ] Pacer for Idle. Initial: 10240K, Alloc Tax Rate: 1.0x
[2026-04-03T02:55:39.374+0600][218.001s][info][gc             ] Trigger: Handle Allocation Failure
[2026-04-03T02:55:39.374+0600][218.001s][info][gc,ergo        ] Free: 0B, Max: 0B regular, 0B humongous, Frag: 0% external, 0% internal; Reserve: 21504K, Max: 256K
[2026-04-03T02:55:39.374+0600][218.001s][info][gc,start       ] GC(37) Pause Full
[2026-04-03T02:55:39.374+0600][218.001s][info][gc,task        ] GC(37) Using 6 of 6 workers for full gc
[2026-04-03T02:55:39.375+0600][218.001s][info][gc,phases,start] GC(37) Phase 1: Mark live objects
[2026-04-03T02:55:39.375+0600][218.001s][info][gc,ref         ] GC(37) Clearing All SoftReferences
[2026-04-03T02:55:39.375+0600][218.001s][info][gc,ref         ] GC(37) Clearing All SoftReferences
[2026-04-03T02:55:43.133+0600][221.759s][info][gc,ref         ] GC(37) Encountered references: Soft: 2428, Weak: 2667, Final: 74, Phantom: 586
[2026-04-03T02:55:43.133+0600][221.759s][info][gc,ref         ] GC(37) Discovered  references: Soft: 220, Weak: 1310, Final: 74, Phantom: 581
[2026-04-03T02:55:43.133+0600][221.759s][info][gc,ref         ] GC(37) Enqueued    references: Soft: 0, Weak: 0, Final: 0, Phantom: 0
[2026-04-03T02:55:43.135+0600][221.761s][info][gc,phases      ] GC(37) Phase 1: Mark live objects 3760.146ms
[2026-04-03T02:55:43.135+0600][221.761s][info][gc,phases,start] GC(37) Phase 2: Compute new object addresses
[2026-04-03T02:55:43.215+0600][221.841s][info][gc,phases      ] GC(37) Phase 2: Compute new object addresses 79.790ms
[2026-04-03T02:55:43.215+0600][221.841s][info][gc,phases,start] GC(37) Phase 3: Adjust pointers
[2026-04-03T02:55:43.312+0600][221.939s][info][gc,phases      ] GC(37) Phase 3: Adjust pointers 97.390ms
[2026-04-03T02:55:43.312+0600][221.939s][info][gc,phases,start] GC(37) Phase 4: Move objects
[2026-04-03T02:55:43.388+0600][222.014s][info][gc,phases      ] GC(37) Phase 4: Move objects 75.270ms
[2026-04-03T02:55:43.388+0600][222.014s][info][gc,ergo        ] GC(37) Bad progress for free space: 47072B, need 5120K
[2026-04-03T02:55:43.388+0600][222.014s][info][gc             ] GC(37) Pause Full 477M->477M(500M) 4013.157ms
[2026-04-03T02:55:43.388+0600][222.014s][info][gc,ergo        ] Free: 47072B, Max: 12168B regular, 0B humongous, Frag: 0% external, 99% internal; Reserve: 21504K, Max: 256K
[2026-04-03T02:55:43.388+0600][222.014s][info][gc,stats       ] 
[2026-04-03T02:55:43.388+0600][222.014s][info][gc,stats       ] All times are wall-clock times, except per-root-class counters, that are sum over
[2026-04-03T02:55:43.388+0600][222.014s][info][gc,stats       ] all workers. Dividing the <total> over the root stage time estimates parallelism.
[2026-04-03T02:55:43.388+0600][222.014s][info][gc,stats       ] 
[2026-04-03T02:55:43.388+0600][222.014s][info][gc,stats       ] Pause Full GC (G)               4013284 us
[2026-04-03T02:55:43.388+0600][222.014s][info][gc,stats       ] Pause Full GC (N)               4013165 us
[2026-04-03T02:55:43.388+0600][222.014s][info][gc,stats       ]   Pre Heap Dump                       1 us
[2026-04-03T02:55:43.388+0600][222.014s][info][gc,stats       ]   Prepare                           149 us
[2026-04-03T02:55:43.388+0600][222.014s][info][gc,stats       ]   Mark                          3760120 us, parallelism: 5.99x
[2026-04-03T02:55:43.388+0600][222.014s][info][gc,stats       ]     FM: <total>                22537029 us
[2026-04-03T02:55:43.388+0600][222.014s][info][gc             ] Failed to allocate Shared, 4112B
[2026-04-03T02:55:43.388+0600][222.014s][info][gc             ] Cancelling GC: Allocation Failure
[2026-04-03T02:55:43.388+0600][222.014s][info][gc,stats       ]     FM: Thread Roots                574 us, workers (us): 110, 135, 102, 121,  66,  40, 
[2026-04-03T02:55:43.388+0600][222.014s][info][gc,stats       ]     FM: VM Strong Roots              17 us, workers (us):   0,   0,   5,   4,   4,   4, 
[2026-04-03T02:55:43.388+0600][222.014s][info][gc,stats       ]     FM: CLDG Roots                  191 us, workers (us): 104,  12,  24,   6,  18,  26, 
[2026-04-03T02:55:43.388+0600][222.014s][info][gc,stats       ]     FM: Parallel Mark          22536247 us, workers (us): 3756074, 3756045, 3756047, 3756184, 3756057, 3755840, 
[2026-04-03T02:55:43.388+0600][222.014s][info][gc,stats       ]     System Purge                   2456 us
[2026-04-03T02:55:43.388+0600][222.014s][info][gc,stats       ]       Weak References               560 us, parallelism: 0.88x
[2026-04-03T02:55:43.388+0600][222.014s][info][gc,stats       ]         WRP: <total>                492 us
[2026-04-03T02:55:43.388+0600][222.014s][info][gc,stats       ]         WRP: Weak References        492 us, workers (us): 416,  32,  25,  19,   0,   0, 
[2026-04-03T02:55:43.388+0600][222.014s][info][gc,stats       ]       Unload Classes               1652 us, parallelism: 4.81x
[2026-04-03T02:55:43.388+0600][222.014s][info][gc,stats       ]         CU: <total>                7947 us
[2026-04-03T02:55:43.388+0600][222.014s][info][gc,stats       ]         CU: Unload Code Caches     7947 us, workers (us): 1420, 1316, 1294, 1308, 1327, 1282, 
[2026-04-03T02:55:43.388+0600][222.014s][info][gc,stats       ]       Weak Roots                    227 us, parallelism: 2.27x
[2026-04-03T02:55:43.388+0600][222.014s][info][gc,stats       ]         WR: <total>                 516 us
[2026-04-03T02:55:43.388+0600][222.014s][info][gc,stats       ]         WR: VM Weak Roots           516 us, workers (us): 183,  93,  93,  77,  35,  36, 
[2026-04-03T02:55:43.388+0600][222.014s][info][gc,stats       ]       CLDG                            2 us
[2026-04-03T02:55:43.388+0600][222.014s][info][gc,stats       ]   Calculate Addresses             79781 us
[2026-04-03T02:55:43.388+0600][222.015s][info][gc,stats       ]     Regular Objects               79686 us
[2026-04-03T02:55:43.388+0600][222.015s][info][gc,stats       ]     Humongous Objects                29 us
[2026-04-03T02:55:43.388+0600][222.015s][info][gc,stats       ]   Adjust Pointers                 97378 us
[2026-04-03T02:55:43.388+0600][222.015s][info][gc,stats       ]     FA: <total>                    7490 us
[2026-04-03T02:55:43.388+0600][222.015s][info][gc,stats       ]     FA: Thread Roots                479 us, workers (us): 146, 114, 208,   7,   3,   2, 
[2026-04-03T02:55:43.388+0600][222.015s][info][gc,stats       ]     FA: Code Cache Roots           5927 us, workers (us): 885, 837, 833, 1028, 1157, 1187, 
[2026-04-03T02:55:43.388+0600][222.015s][info][gc,stats       ]     FA: VM Strong Roots              15 us, workers (us):  11,   1,   1,   1,   1,   1, 
[2026-04-03T02:55:43.388+0600][222.015s][info][gc,stats       ]     FA: VM Weak Roots               555 us, workers (us): 189, 122,  77,  56,  56,  55, 
[2026-04-03T02:55:43.388+0600][222.015s][info][gc,stats       ]     FA: CLDG Roots                  514 us, workers (us):  64, 145,  56,  57,  54, 138, 
[2026-04-03T02:55:43.388+0600][222.015s][info][gc,stats       ]   Copy Objects                    75258 us
[2026-04-03T02:55:43.388+0600][222.015s][info][gc,stats       ]     Regular Objects               74278 us
[2026-04-03T02:55:43.388+0600][222.015s][info][gc,stats       ]     Humongous Objects                25 us
[2026-04-03T02:55:43.388+0600][222.015s][info][gc,stats       ]     Reset Complete Bitmap           771 us
[2026-04-03T02:55:43.388+0600][222.015s][info][gc,stats       ]     Rebuild Region Sets             181 us
[2026-04-03T02:55:43.388+0600][222.015s][info][gc,stats       ]   Post Heap Dump                      1 us
[2026-04-03T02:55:43.388+0600][222.015s][info][gc,stats       ] 
[2026-04-03T02:55:43.388+0600][222.015s][info][gc,stats       ] Allocation pacing accrued:
[2026-04-03T02:55:43.388+0600][222.015s][info][gc,stats       ]       0 of  4015 ms (  0.0%): <total>
[2026-04-03T02:55:43.388+0600][222.015s][info][gc,stats       ]       0 of  4015 ms (  0.0%): <average total>
[2026-04-03T02:55:43.388+0600][222.015s][info][gc,stats       ] 
[2026-04-03T02:55:43.388+0600][222.015s][info][gc,metaspace   ] Metaspace: 49200K(49664K)->49200K(49664K) NonClass: 43059K(43328K)->43059K(43328K) Class: 6141K(6336K)->6141K(6336K)
[2026-04-03T02:55:43.388+0600][222.015s][info][gc,ergo        ] Pacer for Idle. Initial: 10240K, Alloc Tax Rate: 1.0x
[2026-04-03T02:55:43.391+0600][222.017s][info][gc             ] Trigger: Handle Allocation Failure
[2026-04-03T02:55:43.391+0600][222.017s][info][gc,ergo        ] Free: 0B, Max: 0B regular, 0B humongous, Frag: 0% external, 0% internal; Reserve: 21504K, Max: 256K
[2026-04-03T02:55:43.391+0600][222.017s][info][gc,start       ] GC(38) Pause Degenerated GC (Outside of Cycle)
[2026-04-03T02:55:43.391+0600][222.017s][info][gc,task        ] GC(38) Using 6 of 6 workers for stw degenerated gc
[2026-04-03T02:55:43.391+0600][222.018s][info][gc,ref         ] GC(38) Clearing All SoftReferences
[2026-04-03T02:55:47.681+0600][226.307s][info][gc,ref         ] GC(38) Encountered references: Soft: 2428, Weak: 2667, Final: 74, Phantom: 586
[2026-04-03T02:55:47.681+0600][226.307s][info][gc,ref         ] GC(38) Discovered  references: Soft: 226, Weak: 1122, Final: 74, Phantom: 580
[2026-04-03T02:55:47.681+0600][226.308s][info][gc,ref         ] GC(38) Enqueued    references: Soft: 0, Weak: 0, Final: 0, Phantom: 0
[2026-04-03T02:55:47.683+0600][226.309s][info][gc,ergo        ] GC(38) Adaptive CSet Selection. Target Free: 72533K, Actual Free: 21504K, Max CSet: 21333K, Min Garbage: 51029K
[2026-04-03T02:55:47.683+0600][226.310s][info][gc,ergo        ] GC(38) Collectable Garbage: 13344B (100%), Immediate: 0B (0%), CSet: 13344B (100%)
[2026-04-03T02:55:47.690+0600][226.316s][info][gc             ] GC(38) Cancelling GC: Allocation Failure During Evacuation
[2026-04-03T02:55:47.691+0600][226.317s][info][gc             ] GC(38) Cannot finish degeneration, upgrading to Full GC
[2026-04-03T02:55:47.694+0600][226.320s][info][gc,phases,start] GC(38) Phase 1: Mark live objects
[2026-04-03T02:55:47.694+0600][226.320s][info][gc,ref         ] GC(38) Clearing All SoftReferences
[2026-04-03T02:55:47.694+0600][226.320s][info][gc,ref         ] GC(38) Clearing All SoftReferences
[2026-04-03T02:55:50.602+0600][229.229s][info][gc,ref         ] GC(38) Encountered references: Soft: 2428, Weak: 2667, Final: 74, Phantom: 586
[2026-04-03T02:55:50.603+0600][229.229s][info][gc,ref         ] GC(38) Discovered  references: Soft: 224, Weak: 1076, Final: 74, Phantom: 510
[2026-04-03T02:55:50.603+0600][229.229s][info][gc,ref         ] GC(38) Enqueued    references: Soft: 0, Weak: 0, Final: 0, Phantom: 0
[2026-04-03T02:55:50.604+0600][229.230s][info][gc,phases      ] GC(38) Phase 1: Mark live objects 2910.072ms
[2026-04-03T02:55:50.604+0600][229.230s][info][gc,phases,start] GC(38) Phase 2: Compute new object addresses
[2026-04-03T02:55:50.689+0600][229.315s][info][gc,phases      ] GC(38) Phase 2: Compute new object addresses 84.994ms
[2026-04-03T02:55:50.689+0600][229.315s][info][gc,phases,start] GC(38) Phase 3: Adjust pointers
[2026-04-03T02:55:50.786+0600][229.412s][info][gc,phases      ] GC(38) Phase 3: Adjust pointers 96.649ms
[2026-04-03T02:55:50.786+0600][229.412s][info][gc,phases,start] GC(38) Phase 4: Move objects
[2026-04-03T02:55:50.876+0600][229.503s][info][gc,phases      ] GC(38) Phase 4: Move objects 90.287ms
[2026-04-03T02:55:50.876+0600][229.503s][info][gc,ergo        ] GC(38) Bad progress for free space: 299K, need 5120K
[2026-04-03T02:55:50.876+0600][229.503s][info][gc             ] GC(38) Pause Degenerated GC (Outside of Cycle) 477M->477M(500M) 7485.532ms
[2026-04-03T02:55:50.876+0600][229.503s][info][gc,ergo        ] Free: 299K, Max: 152K regular, 0B humongous, Frag: 0% external, 99% internal; Reserve: 21248K, Max: 256K
[2026-04-03T02:55:50.877+0600][229.503s][info][gc,stats       ] 
[2026-04-03T02:55:50.877+0600][229.503s][info][gc,stats       ] All times are wall-clock times, except per-root-class counters, that are sum over
[2026-04-03T02:55:50.877+0600][229.503s][info][gc,stats       ] all workers. Dividing the <total> over the root stage time estimates parallelism.
[2026-04-03T02:55:50.877+0600][229.503s][info][gc,stats       ] 
[2026-04-03T02:55:50.877+0600][229.503s][info][gc,stats       ] Pause Degenerated GC (G)        7485702 us
[2026-04-03T02:55:50.877+0600][229.503s][info][gc,stats       ] Pause Degenerated GC (N)        7485545 us
[2026-04-03T02:55:50.877+0600][229.503s][info][gc,stats       ]   Degen STW Mark                4289655 us, parallelism: 6.00x
[2026-04-03T02:55:50.877+0600][229.503s][info][gc,stats       ]     DSM: <total>               25732050 us
[2026-04-03T02:55:50.877+0600][229.503s][info][gc,stats       ]     DSM: Thread Roots               753 us, workers (us): 188, 163, 125, 128,  73,  75, 
[2026-04-03T02:55:50.877+0600][229.503s][info][gc,stats       ]     DSM: VM Strong Roots             21 us, workers (us):   0,   7,   0,   0,   8,   6, 
[2026-04-03T02:55:50.877+0600][229.503s][info][gc,stats       ]     DSM: CLDG Roots                 286 us, workers (us): 148,  39,  18,   7,  37,  36, 
[2026-04-03T02:55:50.877+0600][229.503s][info][gc,stats       ]     DSM: Parallel Mark         25730990 us, workers (us): 4288397, 4288521, 4288335, 4288499, 4288618, 4288619, 
[2026-04-03T02:55:50.877+0600][229.503s][info][gc,stats       ]     System Purge                   2230 us
[2026-04-03T02:55:50.877+0600][229.503s][info][gc,stats       ]       Weak References               375 us, parallelism: 0.85x
[2026-04-03T02:55:50.877+0600][229.503s][info][gc,stats       ]         WRP: <total>                321 us
[2026-04-03T02:55:50.877+0600][229.503s][info][gc,stats       ]         WRP: Weak References        321 us, workers (us):  46, 237,  37,   0,   0,   0, 
[2026-04-03T02:55:50.877+0600][229.503s][info][gc,stats       ]       Unload Classes               1526 us, parallelism: 5.09x
[2026-04-03T02:55:50.877+0600][229.503s][info][gc,stats       ]         DCU: <total>               7771 us
[2026-04-03T02:55:50.877+0600][229.503s][info][gc,stats       ]         DCU: Unload Code Caches     7771 us, workers (us): 1325, 1325, 1310, 1272, 1249, 1292, 
[2026-04-03T02:55:50.877+0600][229.503s][info][gc,stats       ]       Weak Roots                    316 us, parallelism: 1.56x
[2026-04-03T02:55:50.877+0600][229.503s][info][gc,stats       ]         DWR: <total>                494 us
[2026-04-03T02:55:50.877+0600][229.503s][info][gc,stats       ]         DWR: VM Weak Roots          494 us, workers (us): 160,  81,  80,  60,  58,  55, 
[2026-04-03T02:55:50.877+0600][229.503s][info][gc,stats       ]       CLDG                            3 us
[2026-04-03T02:55:50.877+0600][229.503s][info][gc,stats       ]   Update Region States               29 us
[2026-04-03T02:55:50.877+0600][229.503s][info][gc,stats       ]   Manage GC/TLABs                     9 us
[2026-04-03T02:55:50.877+0600][229.503s][info][gc,stats       ]   Choose Collection Set             203 us
[2026-04-03T02:55:50.877+0600][229.503s][info][gc,stats       ]   Rebuild Free Set                   44 us
[2026-04-03T02:55:50.877+0600][229.503s][info][gc,stats       ]   Evacuation                       7358 us
[2026-04-03T02:55:50.877+0600][229.503s][info][gc,stats       ]   Pre Heap Dump                       2 us
[2026-04-03T02:55:50.877+0600][229.503s][info][gc,stats       ]   Prepare                          2804 us
[2026-04-03T02:55:50.877+0600][229.503s][info][gc,stats       ]     Update Roots                   1773 us, parallelism: 5.01x
[2026-04-03T02:55:50.877+0600][229.503s][info][gc,stats       ]       FU: <total>                  8879 us
[2026-04-03T02:55:50.877+0600][229.503s][info][gc,stats       ]       FU: Thread Roots              652 us, workers (us): 304,   6,   4, 145, 113,  81, 
[2026-04-03T02:55:50.877+0600][229.503s][info][gc,stats       ]       FU: Code Cache Roots         6998 us, workers (us): 989, 1187, 1348, 1098, 1177, 1200, 
[2026-04-03T02:55:50.877+0600][229.503s][info][gc,stats       ]       FU: VM Strong Roots            12 us, workers (us):   8,   1,   1,   1,   1,   1, 
[2026-04-03T02:55:50.877+0600][229.503s][info][gc,stats       ]       FU: VM Weak Roots             604 us, workers (us): 169, 104, 102, 102,  63,  63, 
[2026-04-03T02:55:50.877+0600][229.503s][info][gc,stats       ]       FU: CLDG Roots                612 us, workers (us):  76, 175,  79, 120,  78,  85, 
[2026-04-03T02:55:50.877+0600][229.503s][info][gc,stats       ]   Mark                          2909997 us, parallelism: 5.99x
[2026-04-03T02:55:50.877+0600][229.503s][info][gc,stats       ]     FM: <total>                17444198 us
[2026-04-03T02:55:50.877+0600][229.503s][info][gc,stats       ]     FM: Thread Roots                774 us, workers (us): 215, 119, 158,  92, 114,  76, 
[2026-04-03T02:55:50.877+0600][229.503s][info][gc,stats       ]     FM: VM Strong Roots              25 us, workers (us):   6,   7,   0,   1,   3,   8, 
[2026-04-03T02:55:50.877+0600][229.503s][info][gc,stats       ]     FM: CLDG Roots                  278 us, workers (us):   9,  34,   8, 177,  19,  30, 
[2026-04-03T02:55:50.877+0600][229.503s][info][gc,stats       ]     FM: Parallel Mark          17443122 us, workers (us): 2906897, 2907343, 2907271, 2907209, 2907273, 2907130, 
[2026-04-03T02:55:50.877+0600][229.503s][info][gc,stats       ]     System Purge                   1706 us
[2026-04-03T02:55:50.877+0600][229.503s][info][gc,stats       ]       Weak References               254 us, parallelism: 0.73x
[2026-04-03T02:55:50.877+0600][229.503s][info][gc,stats       ]         WRP: <total>                185 us
[2026-04-03T02:55:50.877+0600][229.503s][info][gc             ] Failed to allocate Shared, 16400B
[2026-04-03T02:55:50.877+0600][229.503s][info][gc             ] Cancelling GC: Allocation Failure
[2026-04-03T02:55:50.877+0600][229.503s][info][gc,stats       ]         WRP: Weak References        185 us, workers (us): 127,  57,   0,   1,   0,   0, 
[2026-04-03T02:55:50.877+0600][229.503s][info][gc,stats       ]       Unload Classes               1239 us, parallelism: 5.25x
[2026-04-03T02:55:50.877+0600][229.503s][info][gc,stats       ]         CU: <total>                6500 us
[2026-04-03T02:55:50.877+0600][229.503s][info][gc,stats       ]         CU: Unload Code Caches     6500 us, workers (us): 1147, 1064, 1076, 1084, 1066, 1063, 
[2026-04-03T02:55:50.877+0600][229.503s][info][gc,stats       ]       Weak Roots                    195 us, parallelism: 3.04x
[2026-04-03T02:55:50.877+0600][229.503s][info][gc,stats       ]         WR: <total>                 594 us
[2026-04-03T02:55:50.877+0600][229.503s][info][gc,stats       ]         WR: VM Weak Roots           594 us, workers (us): 162,  88,  86,  88,  85,  85, 
[2026-04-03T02:55:50.877+0600][229.503s][info][gc,stats       ]       CLDG                            2 us
[2026-04-03T02:55:50.877+0600][229.503s][info][gc,stats       ]   Calculate Addresses             84986 us
[2026-04-03T02:55:50.877+0600][229.503s][info][gc,stats       ]     Regular Objects               84891 us
[2026-04-03T02:55:50.877+0600][229.503s][info][gc,stats       ]     Humongous Objects                29 us
[2026-04-03T02:55:50.877+0600][229.503s][info][gc,stats       ]   Adjust Pointers                 96638 us
[2026-04-03T02:55:50.877+0600][229.503s][info][gc,stats       ]     FA: <total>                    7440 us
[2026-04-03T02:55:50.877+0600][229.503s][info][gc,stats       ]     FA: Thread Roots                495 us, workers (us): 146,   2,  12, 219,  86,  30, 
[2026-04-03T02:55:50.877+0600][229.503s][info][gc,stats       ]     FA: Code Cache Roots           5728 us, workers (us): 850, 1202, 1016, 782, 914, 964, 
[2026-04-03T02:55:50.877+0600][229.503s][info][gc,stats       ]     FA: VM Strong Roots              18 us, workers (us):  14,   1,   1,   1,   1,   1, 
[2026-04-03T02:55:50.877+0600][229.503s][info][gc,stats       ]     FA: VM Weak Roots               589 us, workers (us): 162,  95,  92,  80,  80,  80, 
[2026-04-03T02:55:50.877+0600][229.503s][info][gc,stats       ]     FA: CLDG Roots                  610 us, workers (us):  62, 150, 202,  61,  63,  71, 
[2026-04-03T02:55:50.877+0600][229.503s][info][gc,stats       ]   Copy Objects                    90275 us
[2026-04-03T02:55:50.877+0600][229.503s][info][gc,stats       ]     Regular Objects               89435 us
[2026-04-03T02:55:50.877+0600][229.503s][info][gc,stats       ]     Humongous Objects                20 us
[2026-04-03T02:55:50.877+0600][229.503s][info][gc,stats       ]     Reset Complete Bitmap           663 us
[2026-04-03T02:55:50.877+0600][229.503s][info][gc,stats       ]     Rebuild Region Sets             154 us
[2026-04-03T02:55:50.877+0600][229.503s][info][gc,stats       ]   Post Heap Dump                      1 us
[2026-04-03T02:55:50.877+0600][229.503s][info][gc,stats       ] 
[2026-04-03T02:55:50.877+0600][229.503s][info][gc,stats       ] Allocation pacing accrued:
[2026-04-03T02:55:50.877+0600][229.503s][info][gc,stats       ]       0 of  7489 ms (  0.0%): <total>
[2026-04-03T02:55:50.877+0600][229.503s][info][gc,stats       ]       0 of  7489 ms (  0.0%): <average total>
[2026-04-03T02:55:50.877+0600][229.503s][info][gc,stats       ] 
[2026-04-03T02:55:50.877+0600][229.503s][info][gc,metaspace   ] Metaspace: 49200K(49664K)->49203K(49664K) NonClass: 43059K(43328K)->43061K(43328K) Class: 6141K(6336K)->6142K(6336K)
[2026-04-03T02:55:50.877+0600][229.503s][info][gc,ergo        ] Pacer for Idle. Initial: 10240K, Alloc Tax Rate: 1.0x
[2026-04-03T02:55:50.878+0600][229.505s][info][gc             ] Trigger: Handle Allocation Failure
[2026-04-03T02:55:50.878+0600][229.505s][info][gc,ergo        ] Free: 0B, Max: 0B regular, 0B humongous, Frag: 0% external, 0% internal; Reserve: 21248K, Max: 256K
[2026-04-03T02:55:50.878+0600][229.505s][info][gc,start       ] GC(39) Pause Degenerated GC (Outside of Cycle)
[2026-04-03T02:55:50.878+0600][229.505s][info][gc,task        ] GC(39) Using 6 of 6 workers for stw degenerated gc
[2026-04-03T02:55:50.879+0600][229.505s][info][gc,ref         ] GC(39) Clearing All SoftReferences
[2026-04-03T02:55:54.958+0600][233.584s][info][gc,ref         ] GC(39) Encountered references: Soft: 2428, Weak: 2669, Final: 74, Phantom: 586
[2026-04-03T02:55:54.958+0600][233.584s][info][gc,ref         ] GC(39) Discovered  references: Soft: 230, Weak: 1299, Final: 67, Phantom: 581
[2026-04-03T02:55:54.958+0600][233.584s][info][gc,ref         ] GC(39) Enqueued    references: Soft: 0, Weak: 0, Final: 0, Phantom: 0
[2026-04-03T02:55:54.960+0600][233.586s][info][gc,ergo        ] GC(39) Adaptive CSet Selection. Target Free: 72533K, Actual Free: 21248K, Max CSet: 21333K, Min Garbage: 51285K
[2026-04-03T02:55:54.960+0600][233.586s][info][gc,ergo        ] GC(39) Collectable Garbage: 82296B (100%), Immediate: 0B (0%), CSet: 82296B (100%)
[2026-04-03T02:55:54.966+0600][233.592s][info][gc             ] GC(39) Cancelling GC: Allocation Failure During Evacuation
[2026-04-03T02:55:54.967+0600][233.594s][info][gc             ] GC(39) Cannot finish degeneration, upgrading to Full GC
[2026-04-03T02:55:54.970+0600][233.597s][info][gc,phases,start] GC(39) Phase 1: Mark live objects
[2026-04-03T02:55:54.970+0600][233.597s][info][gc,ref         ] GC(39) Clearing All SoftReferences
[2026-04-03T02:55:54.970+0600][233.597s][info][gc,ref         ] GC(39) Clearing All SoftReferences
[2026-04-03T02:55:59.063+0600][237.690s][info][gc,ref         ] GC(39) Encountered references: Soft: 2428, Weak: 2669, Final: 74, Phantom: 586
[2026-04-03T02:55:59.063+0600][237.690s][info][gc,ref         ] GC(39) Discovered  references: Soft: 226, Weak: 1233, Final: 74, Phantom: 581
[2026-04-03T02:55:59.063+0600][237.690s][info][gc,ref         ] GC(39) Enqueued    references: Soft: 0, Weak: 0, Final: 0, Phantom: 0
[2026-04-03T02:55:59.065+0600][237.692s][info][gc,phases      ] GC(39) Phase 1: Mark live objects 4094.890ms
[2026-04-03T02:55:59.087+0600][237.713s][info][gc,phases,start] GC(39) Phase 2: Compute new object addresses
[2026-04-03T02:55:59.173+0600][237.799s][info][gc,phases      ] GC(39) Phase 2: Compute new object addresses 86.356ms
[2026-04-03T02:55:59.173+0600][237.800s][info][gc,phases,start] GC(39) Phase 3: Adjust pointers
[2026-04-03T02:55:59.276+0600][237.903s][info][gc,phases      ] GC(39) Phase 3: Adjust pointers 103.041ms
[2026-04-03T02:55:59.276+0600][237.903s][info][gc,phases,start] GC(39) Phase 4: Move objects
[2026-04-03T02:55:59.369+0600][237.995s][info][gc,phases      ] GC(39) Phase 4: Move objects 92.834ms
[2026-04-03T02:55:59.369+0600][237.996s][info][gc,ergo        ] GC(39) Bad progress for free space: 381K, need 5120K
[2026-04-03T02:55:59.369+0600][237.996s][info][gc             ] GC(39) Pause Degenerated GC (Outside of Cycle) 477M->477M(500M) 8491.081ms
[2026-04-03T02:55:59.369+0600][237.996s][info][gc,ergo        ] Free: 381K, Max: 180K regular, 0B humongous, Frag: 0% external, 99% internal; Reserve: 20992K, Max: 256K
[2026-04-03T02:55:59.370+0600][237.996s][info][gc,stats       ] 
[2026-04-03T02:55:59.370+0600][237.996s][info][gc,stats       ] All times are wall-clock times, except per-root-class counters, that are sum over
[2026-04-03T02:55:59.370+0600][237.996s][info][gc,stats       ] all workers. Dividing the <total> over the root stage time estimates parallelism.
[2026-04-03T02:55:59.370+0600][237.996s][info][gc,stats       ] 
[2026-04-03T02:55:59.370+0600][237.996s][info][gc,stats       ] Pause Degenerated GC (G)        8491204 us
[2026-04-03T02:55:59.370+0600][237.996s][info][gc,stats       ] Pause Degenerated GC (N)        8491091 us
[2026-04-03T02:55:59.370+0600][237.996s][info][gc,stats       ]   Degen STW Mark                4078542 us, parallelism: 6.00x
[2026-04-03T02:55:59.370+0600][237.996s][info][gc,stats       ]     DSM: <total>               24464066 us
[2026-04-03T02:55:59.370+0600][237.996s][info][gc,stats       ]     DSM: Thread Roots               805 us, workers (us): 144, 141, 166, 117, 147,  90, 
[2026-04-03T02:55:59.370+0600][237.996s][info][gc,stats       ]     DSM: VM Strong Roots             17 us, workers (us):   0,   6,   0,   5,   0,   5, 
[2026-04-03T02:55:59.370+0600][237.996s][info][gc,stats       ]     DSM: CLDG Roots                 240 us, workers (us): 137,  41,   6,  13,   6,  38, 
[2026-04-03T02:55:59.370+0600][237.996s][info][gc,stats       ]     DSM: Parallel Mark         24463004 us, workers (us): 4077110, 4077044, 4077154, 4077195, 4077248, 4077255, 
[2026-04-03T02:55:59.370+0600][237.996s][info][gc,stats       ]     System Purge                   2457 us
[2026-04-03T02:55:59.370+0600][237.996s][info][gc,stats       ]       Weak References               703 us, parallelism: 0.92x
[2026-04-03T02:55:59.370+0600][237.996s][info][gc,stats       ]         WRP: <total>                648 us
[2026-04-03T02:55:59.370+0600][237.996s][info][gc,stats       ]         WRP: Weak References        648 us, workers (us): 151, 450,  48,   0,   0,   0, 
[2026-04-03T02:55:59.370+0600][237.996s][info][gc,stats       ]       Unload Classes               1549 us, parallelism: 4.60x
[2026-04-03T02:55:59.370+0600][237.996s][info][gc,stats       ]         DCU: <total>               7130 us
[2026-04-03T02:55:59.370+0600][237.996s][info][gc,stats       ]         DCU: Unload Code Caches     7130 us, workers (us): 1238, 1201, 1179, 1190, 1152, 1171, 
[2026-04-03T02:55:59.370+0600][237.996s][info][gc,stats       ]       Weak Roots                    191 us, parallelism: 2.58x
[2026-04-03T02:55:59.370+0600][237.996s][info][gc,stats       ]         DWR: <total>                493 us
[2026-04-03T02:55:59.370+0600][237.996s][info][gc,stats       ]         DWR: VM Weak Roots          493 us, workers (us): 139, 122,  84,  82,  35,  32, 
[2026-04-03T02:55:59.370+0600][237.996s][info][gc,stats       ]       CLDG                            3 us
[2026-04-03T02:55:59.370+0600][237.996s][info][gc,stats       ]   Update Region States               53 us
[2026-04-03T02:55:59.370+0600][237.996s][info][gc,stats       ]   Manage GC/TLABs                     8 us
[2026-04-03T02:55:59.370+0600][237.996s][info][gc,stats       ]   Choose Collection Set             186 us
[2026-04-03T02:55:59.370+0600][237.996s][info][gc,stats       ]   Rebuild Free Set                   39 us
[2026-04-03T02:55:59.370+0600][237.996s][info][gc,stats       ]   Evacuation                       7294 us
[2026-04-03T02:55:59.370+0600][237.996s][info][gc,stats       ]   Pre Heap Dump                       2 us
[2026-04-03T02:55:59.370+0600][237.996s][info][gc,stats       ]   Prepare                          2811 us
[2026-04-03T02:55:59.370+0600][237.996s][info][gc,stats       ]     Update Roots                   1751 us, parallelism: 4.89x
[2026-04-03T02:55:59.370+0600][237.996s][info][gc,stats       ]       FU: <total>                  8562 us
[2026-04-03T02:55:59.370+0600][237.996s][info][gc,stats       ]       FU: Thread Roots              618 us, workers (us): 151,  62,   3,   7, 246, 149, 
[2026-04-03T02:55:59.370+0600][237.996s][info][gc,stats       ]       FU: Code Cache Roots         6766 us, workers (us): 1074, 1114, 1344, 1168, 988, 1076, 
[2026-04-03T02:55:59.370+0600][237.996s][info][gc,stats       ]       FU: VM Strong Roots            18 us, workers (us):   9,   6,   1,   0,   1,   1, 
[2026-04-03T02:55:59.370+0600][237.996s][info][gc,stats       ]       FU: VM Weak Roots             750 us, workers (us): 201, 198, 111, 109,  66,  65, 
[2026-04-03T02:55:59.370+0600][237.996s][info][gc,stats       ]       FU: CLDG Roots                411 us, workers (us):  50, 103,  50, 102,  49,  56, 
[2026-04-03T02:55:59.370+0600][237.996s][info][gc,stats       ]   Mark                          4094833 us, parallelism: 5.99x
[2026-04-03T02:55:59.370+0600][237.996s][info][gc,stats       ]     FM: <total>                24546112 us
[2026-04-03T02:55:59.370+0600][237.996s][info][gc,stats       ]     FM: Thread Roots                901 us, workers (us): 181, 163, 114, 150, 165, 127, 
[2026-04-03T02:55:59.370+0600][237.996s][info][gc,stats       ]     FM: VM Strong Roots              23 us, workers (us):   0,   9,   6,   7,   0,   0, 
[2026-04-03T02:55:59.370+0600][237.996s][info][gc,stats       ]     FM: CLDG Roots                  331 us, workers (us): 166,  54,  54,  18,  21,  19, 
[2026-04-03T02:55:59.370+0600][237.996s][info][gc,stats       ]     FM: Parallel Mark          24544857 us, workers (us): 4090804, 4090808, 4090817, 4090807, 4090751, 4090870, 
[2026-04-03T02:55:59.370+0600][237.996s][info][gc,stats       ]     System Purge                   2576 us
[2026-04-03T02:55:59.370+0600][237.996s][info][gc,stats       ]       Weak References               657 us, parallelism: 0.78x
[2026-04-03T02:55:59.370+0600][237.996s][info][gc,stats       ]         WRP: <total>                511 us
[2026-04-03T02:55:59.370+0600][237.996s][info][gc,stats       ]         WRP: Weak References        511 us, workers (us):  75, 416,  19,   1,   0,   0, 
[2026-04-03T02:55:59.370+0600][237.996s][info][gc,stats       ]       Unload Classes               1652 us, parallelism: 4.67x
[2026-04-03T02:55:59.370+0600][237.996s][info][gc,stats       ]         CU: <total>                7718 us
[2026-04-03T02:55:59.370+0600][237.996s][info][gc,stats       ]         CU: Unload Code Caches     7718 us, workers (us): 1321, 1314, 1285, 1282, 1286, 1230, 
[2026-04-03T02:55:59.370+0600][237.996s][info][gc,stats       ]       Weak Roots                    241 us, parallelism: 2.99x
[2026-04-03T02:55:59.370+0600][237.996s][info][gc,stats       ]         WR: <total>                 720 us
[2026-04-03T02:55:59.370+0600][237.996s][info][gc,stats       ]         WR: VM Weak Roots           720 us, workers (us): 193, 183,  98,  99,  74,  72, 
[2026-04-03T02:55:59.370+0600][237.996s][info][gc,stats       ]       CLDG                            2 us
[2026-04-03T02:55:59.370+0600][237.996s][info][gc,stats       ]   Calculate Addresses             86295 us
[2026-04-03T02:55:59.370+0600][237.996s][info][gc,stats       ]     Regular Objects               86056 us
[2026-04-03T02:55:59.370+0600][237.996s][info][gc,stats       ]     Humongous Objects                27 us
[2026-04-03T02:55:59.370+0600][237.996s][info][gc,stats       ]   Adjust Pointers                103030 us
[2026-04-03T02:55:59.370+0600][237.996s][info][gc,stats       ]     FA: <total>                    6951 us
[2026-04-03T02:55:59.370+0600][237.996s][info][gc,stats       ]     FA: Thread Roots                489 us, workers (us): 144, 133,  64,  40,   2, 105, 
[2026-04-03T02:55:59.370+0600][237.996s][info][gc,stats       ]     FA: Code Cache Roots           5338 us, workers (us): 740, 834, 901, 929, 1086, 849, 
[2026-04-03T02:55:59.370+0600][237.996s][info][gc,stats       ]     FA: VM Strong Roots              16 us, workers (us):  12,   1,   2,   1,   1,   1, 
[2026-04-03T02:55:59.370+0600][237.996s][info][gc,stats       ]     FA: VM Weak Roots               578 us, workers (us): 142, 109,  99,  80,  80,  67, 
[2026-04-03T02:55:59.370+0600][237.996s][info][gc,stats       ]     FA: CLDG Roots                  529 us, workers (us): 144,  57,  60,  58, 143,  68, 
[2026-04-03T02:55:59.370+0600][237.996s][info][gc,stats       ]   Copy Objects                    92822 us
[2026-04-03T02:55:59.370+0600][237.996s][info][gc,stats       ]     Regular Objects               91871 us
[2026-04-03T02:55:59.370+0600][237.996s][info][gc             ] Failed to allocate TLAB, 2656B
[2026-04-03T02:55:59.370+0600][237.996s][info][gc             ] Cancelling GC: Allocation Failure
[2026-04-03T02:55:59.370+0600][237.996s][info][gc,stats       ]     Humongous Objects                22 us
[2026-04-03T02:55:59.370+0600][237.996s][info][gc,stats       ]     Reset Complete Bitmap           727 us
[2026-04-03T02:55:59.370+0600][237.996s][info][gc,stats       ]     Rebuild Region Sets             200 us
[2026-04-03T02:55:59.370+0600][237.996s][info][gc,stats       ]   Post Heap Dump                      2 us
[2026-04-03T02:55:59.370+0600][237.996s][info][gc,stats       ] 
[2026-04-03T02:55:59.370+0600][237.996s][info][gc,stats       ] Allocation pacing accrued:
[2026-04-03T02:55:59.370+0600][237.996s][info][gc,stats       ]       0 of  8493 ms (  0.0%): <total>
[2026-04-03T02:55:59.370+0600][237.997s][info][gc,stats       ]       0 of  8493 ms (  0.0%): <average total>
[2026-04-03T02:55:59.370+0600][237.997s][info][gc,stats       ] 
[2026-04-03T02:55:59.370+0600][237.997s][info][gc,metaspace   ] Metaspace: 49203K(49664K)->49204K(49664K) NonClass: 43061K(43328K)->43061K(43328K) Class: 6142K(6336K)->6143K(6336K)
[2026-04-03T02:55:59.370+0600][237.997s][info][gc,ergo        ] Pacer for Idle. Initial: 10240K, Alloc Tax Rate: 1.0x
[2026-04-03T02:55:59.371+0600][237.998s][info][gc             ] Trigger: Handle Allocation Failure
[2026-04-03T02:55:59.371+0600][237.998s][info][gc,ergo        ] Free: 0B, Max: 0B regular, 0B humongous, Frag: 0% external, 0% internal; Reserve: 20992K, Max: 256K
[2026-04-03T02:55:59.372+0600][237.998s][info][gc,start       ] GC(40) Pause Degenerated GC (Outside of Cycle)
[2026-04-03T02:55:59.372+0600][237.998s][info][gc,task        ] GC(40) Using 6 of 6 workers for stw degenerated gc
[2026-04-03T02:55:59.372+0600][237.998s][info][gc,ref         ] GC(40) Clearing All SoftReferences
[2026-04-03T02:56:03.152+0600][241.778s][info][gc,ref         ] GC(40) Encountered references: Soft: 2429, Weak: 2673, Final: 74, Phantom: 587
[2026-04-03T02:56:03.152+0600][241.779s][info][gc,ref         ] GC(40) Discovered  references: Soft: 227, Weak: 1317, Final: 74, Phantom: 214
[2026-04-03T02:56:03.152+0600][241.779s][info][gc,ref         ] GC(40) Enqueued    references: Soft: 1, Weak: 2, Final: 0, Phantom: 0
[2026-04-03T02:56:03.154+0600][241.781s][info][gc,ergo        ] GC(40) Adaptive CSet Selection. Target Free: 72533K, Actual Free: 20992K, Max CSet: 21333K, Min Garbage: 51541K
[2026-04-03T02:56:03.154+0600][241.781s][info][gc,ergo        ] GC(40) Collectable Garbage: 439K (100%), Immediate: 0B (0%), CSet: 439K (100%)
[2026-04-03T02:56:03.161+0600][241.787s][info][gc             ] GC(40) Cancelling GC: Allocation Failure During Evacuation
[2026-04-03T02:56:03.162+0600][241.789s][info][gc             ] GC(40) Cannot finish degeneration, upgrading to Full GC
[2026-04-03T02:56:03.165+0600][241.791s][info][gc,phases,start] GC(40) Phase 1: Mark live objects
[2026-04-03T02:56:03.165+0600][241.791s][info][gc,ref         ] GC(40) Clearing All SoftReferences
[2026-04-03T02:56:03.165+0600][241.791s][info][gc,ref         ] GC(40) Clearing All SoftReferences
[2026-04-03T02:56:07.360+0600][245.987s][info][gc,ref         ] GC(40) Encountered references: Soft: 2428, Weak: 2671, Final: 74, Phantom: 587
[2026-04-03T02:56:07.360+0600][245.987s][info][gc,ref         ] GC(40) Discovered  references: Soft: 221, Weak: 1302, Final: 74, Phantom: 214
[2026-04-03T02:56:07.360+0600][245.987s][info][gc,ref         ] GC(40) Enqueued    references: Soft: 0, Weak: 0, Final: 0, Phantom: 0
[2026-04-03T02:56:07.362+0600][245.989s][info][gc,phases      ] GC(40) Phase 1: Mark live objects 4197.257ms
[2026-04-03T02:56:07.362+0600][245.989s][info][gc,phases,start] GC(40) Phase 2: Compute new object addresses
[2026-04-03T02:56:07.454+0600][246.080s][info][gc,phases      ] GC(40) Phase 2: Compute new object addresses 91.347ms
[2026-04-03T02:56:07.454+0600][246.080s][info][gc,phases,start] GC(40) Phase 3: Adjust pointers
[2026-04-03T02:56:07.554+0600][246.180s][info][gc,phases      ] GC(40) Phase 3: Adjust pointers 99.893ms
[2026-04-03T02:56:07.554+0600][246.180s][info][gc,phases,start] GC(40) Phase 4: Move objects
[2026-04-03T02:56:07.644+0600][246.270s][info][gc,phases      ] GC(40) Phase 4: Move objects 89.972ms
[2026-04-03T02:56:07.644+0600][246.270s][info][gc,ergo        ] GC(40) Bad progress for free space: 728K, need 5120K
[2026-04-03T02:56:07.644+0600][246.270s][info][gc             ] GC(40) Pause Degenerated GC (Outside of Cycle) 478M->477M(500M) 8272.299ms
[2026-04-03T02:56:07.644+0600][246.270s][info][gc,ergo        ] Free: 699K, Max: 240K regular, 0B humongous, Frag: 0% external, 99% internal; Reserve: 20736K, Max: 256K
[2026-04-03T02:56:07.644+0600][246.270s][info][gc,stats       ] 
[2026-04-03T02:56:07.644+0600][246.270s][info][gc,stats       ] All times are wall-clock times, except per-root-class counters, that are sum over
[2026-04-03T02:56:07.644+0600][246.270s][info][gc,stats       ] all workers. Dividing the <total> over the root stage time estimates parallelism.
[2026-04-03T02:56:07.644+0600][246.270s][info][gc,stats       ] 
[2026-04-03T02:56:07.644+0600][246.270s][info][gc,stats       ] Pause Degenerated GC (G)        8272429 us
[2026-04-03T02:56:07.644+0600][246.270s][info][gc,stats       ] Pause Degenerated GC (N)        8272310 us
[2026-04-03T02:56:07.644+0600][246.270s][info][gc,stats       ]   Degen STW Mark                3779557 us, parallelism: 6.00x
[2026-04-03T02:56:07.644+0600][246.270s][info][gc,stats       ]     DSM: <total>               22670491 us
[2026-04-03T02:56:07.644+0600][246.270s][info][gc,stats       ]     DSM: Thread Roots               718 us, workers (us): 128, 186, 118, 141,  86,  58, 
[2026-04-03T02:56:07.644+0600][246.270s][info][gc,stats       ]     DSM: VM Strong Roots             17 us, workers (us):   0,   0,   7,   0,   2,   7, 
[2026-04-03T02:56:07.644+0600][246.270s][info][gc,stats       ]     DSM: CLDG Roots                 187 us, workers (us): 109,   5,  27,  15,   4,  27, 
[2026-04-03T02:56:07.644+0600][246.270s][info][gc,stats       ]     DSM: Parallel Mark         22669569 us, workers (us): 3778292, 3778235, 3778214, 3778170, 3778376, 3778283, 
[2026-04-03T02:56:07.644+0600][246.271s][info][gc,stats       ]     System Purge                   2814 us
[2026-04-03T02:56:07.644+0600][246.271s][info][gc,stats       ]       Weak References               829 us, parallelism: 0.77x
[2026-04-03T02:56:07.644+0600][246.271s][info][gc,stats       ]         WRP: <total>                638 us
[2026-04-03T02:56:07.644+0600][246.271s][info][gc,stats       ]         WRP: Weak References        638 us, workers (us):  46,  59, 503,  29,   0,   0, 
[2026-04-03T02:56:07.644+0600][246.271s][info][gc,stats       ]       Unload Classes               1565 us, parallelism: 5.07x
[2026-04-03T02:56:07.644+0600][246.271s][info][gc,stats       ]         DCU: <total>               7926 us
[2026-04-03T02:56:07.644+0600][246.271s][info][gc,stats       ]         DCU: Unload Code Caches     7926 us, workers (us): 1335, 1316, 1317, 1319, 1345, 1294, 
[2026-04-03T02:56:07.644+0600][246.271s][info][gc,stats       ]       Weak Roots                    405 us, parallelism: 1.61x
[2026-04-03T02:56:07.644+0600][246.271s][info][gc,stats       ]         DWR: <total>                652 us
[2026-04-03T02:56:07.644+0600][246.271s][info][gc,stats       ]         DWR: VM Weak Roots          652 us, workers (us): 159, 158,  89,  83,  83,  81, 
[2026-04-03T02:56:07.644+0600][246.271s][info][gc,stats       ]       CLDG                            2 us
[2026-04-03T02:56:07.644+0600][246.271s][info][gc,stats       ]   Update Region States               26 us
[2026-04-03T02:56:07.644+0600][246.271s][info][gc,stats       ]   Manage GC/TLABs                     9 us
[2026-04-03T02:56:07.644+0600][246.271s][info][gc,stats       ]   Choose Collection Set             204 us
[2026-04-03T02:56:07.644+0600][246.271s][info][gc,stats       ]   Rebuild Free Set                   46 us
[2026-04-03T02:56:07.644+0600][246.271s][info][gc,stats       ]   Evacuation                       7524 us
[2026-04-03T02:56:07.644+0600][246.271s][info][gc,stats       ]   Pre Heap Dump                       1 us
[2026-04-03T02:56:07.644+0600][246.271s][info][gc,stats       ]   Prepare                          2485 us
[2026-04-03T02:56:07.644+0600][246.271s][info][gc,stats       ]     Update Roots                   1488 us, parallelism: 5.25x
[2026-04-03T02:56:07.644+0600][246.271s][info][gc,stats       ]       FU: <total>                  7806 us
[2026-04-03T02:56:07.644+0600][246.271s][info][gc,stats       ]       FU: Thread Roots              615 us, workers (us): 199,  52,  79,  22,  49, 214, 
[2026-04-03T02:56:07.644+0600][246.271s][info][gc,stats       ]       FU: Code Cache Roots         6185 us, workers (us): 895, 1100, 1074, 1081, 1096, 939, 
[2026-04-03T02:56:07.644+0600][246.271s][info][gc,stats       ]       FU: VM Strong Roots            12 us, workers (us):   8,   1,   0,   1,   1,   1, 
[2026-04-03T02:56:07.644+0600][246.271s][info][gc,stats       ]       FU: VM Weak Roots             563 us, workers (us): 155, 131, 110,  56,  56,  56, 
[2026-04-03T02:56:07.644+0600][246.271s][info][gc,stats       ]       FU: CLDG Roots                431 us, workers (us): 104,  56,  54, 100,  62,  54, 
[2026-04-03T02:56:07.644+0600][246.271s][info][gc,stats       ]   Mark                          4197196 us, parallelism: 6.00x
[2026-04-03T02:56:07.644+0600][246.271s][info][gc,stats       ]     FM: <total>                25165071 us
[2026-04-03T02:56:07.644+0600][246.271s][info][gc,stats       ]     FM: Thread Roots                774 us, workers (us): 212, 174, 113, 114,  82,  80, 
[2026-04-03T02:56:07.644+0600][246.271s][info][gc,stats       ]     FM: VM Strong Roots              23 us, workers (us):   0,   0,   8,   0,   6,   7, 
[2026-04-03T02:56:07.644+0600][246.271s][info][gc,stats       ]     FM: CLDG Roots                  273 us, workers (us): 135,   8,  38,  19,  36,  38, 
[2026-04-03T02:56:07.644+0600][246.271s][info][gc,stats       ]     FM: Parallel Mark          25164001 us, workers (us): 4193880, 4194065, 4193991, 4193985, 4194088, 4193992, 
[2026-04-03T02:56:07.644+0600][246.271s][info][gc,stats       ]     System Purge                   2067 us
[2026-04-03T02:56:07.644+0600][246.271s][info][gc,stats       ]       Weak References               305 us, parallelism: 0.87x
[2026-04-03T02:56:07.644+0600][246.271s][info][gc,stats       ]         WRP: <total>                265 us
[2026-04-03T02:56:07.644+0600][246.271s][info][gc,stats       ]         WRP: Weak References        265 us, workers (us):  78, 157,  29,   1,   1,   0, 
[2026-04-03T02:56:07.644+0600][246.271s][info][gc,stats       ]       Unload Classes               1546 us, parallelism: 5.07x
[2026-04-03T02:56:07.644+0600][246.271s][info][gc,stats       ]         CU: <total>                7832 us
[2026-04-03T02:56:07.644+0600][246.271s][info][gc,stats       ]         CU: Unload Code Caches     7832 us, workers (us): 1370, 1326, 1328, 1350, 1286, 1173, 
[2026-04-03T02:56:07.644+0600][246.271s][info][gc,stats       ]       Weak Roots                    192 us, parallelism: 3.25x
[2026-04-03T02:56:07.644+0600][246.271s][info][gc,stats       ]         WR: <total>                 623 us
[2026-04-03T02:56:07.644+0600][246.271s][info][gc,stats       ]         WR: VM Weak Roots           623 us, workers (us): 151, 129,  98,  86,  81,  78, 
[2026-04-03T02:56:07.644+0600][246.271s][info][gc,stats       ]       CLDG                            2 us
[2026-04-03T02:56:07.644+0600][246.271s][info][gc,stats       ]   Calculate Addresses             91338 us
[2026-04-03T02:56:07.644+0600][246.271s][info][gc,stats       ]     Regular Objects               91247 us
[2026-04-03T02:56:07.644+0600][246.271s][info][gc,stats       ]     Humongous Objects                27 us
[2026-04-03T02:56:07.644+0600][246.271s][info][gc,stats       ]   Adjust Pointers                 99883 us
[2026-04-03T02:56:07.644+0600][246.271s][info][gc,stats       ]     FA: <total>                    7070 us
[2026-04-03T02:56:07.644+0600][246.271s][info][gc,stats       ]     FA: Thread Roots                497 us, workers (us):  39, 162,  90,  42,   2, 162, 
[2026-04-03T02:56:07.644+0600][246.271s][info][gc,stats       ]     FA: Code Cache Roots           5428 us, workers (us): 944, 828, 808, 948, 1081, 819, 
[2026-04-03T02:56:07.644+0600][246.271s][info][gc,stats       ]     FA: VM Strong Roots              20 us, workers (us):  10,   5,   3,   1,   1,   1, 
[2026-04-03T02:56:07.644+0600][246.271s][info][gc,stats       ]     FA: VM Weak Roots               589 us, workers (us): 145, 143, 143,  57,  55,  46, 
[2026-04-03T02:56:07.644+0600][246.271s][info][gc,stats       ]     FA: CLDG Roots                  537 us, workers (us):  57,  60, 152,  58, 142,  69, 
[2026-04-03T02:56:07.644+0600][246.271s][info][gc,stats       ]   Copy Objects                    89959 us
[2026-04-03T02:56:07.644+0600][246.271s][info][gc,stats       ]     Regular Objects               89097 us
[2026-04-03T02:56:07.644+0600][246.271s][info][gc,stats       ]     Humongous Objects                22 us
[2026-04-03T02:56:07.644+0600][246.271s][info][gc,stats       ]     Reset Complete Bitmap           652 us
[2026-04-03T02:56:07.644+0600][246.271s][info][gc,stats       ]     Rebuild Region Sets             183 us
[2026-04-03T02:56:07.644+0600][246.271s][info][gc,stats       ]   Post Heap Dump                      1 us
[2026-04-03T02:56:07.644+0600][246.271s][info][gc,stats       ] 
[2026-04-03T02:56:07.644+0600][246.271s][info][gc,stats       ] Allocation pacing accrued:
[2026-04-03T02:56:07.644+0600][246.271s][info][gc,stats       ]       0 of  8274 ms (  0.0%): <total>
[2026-04-03T02:56:07.644+0600][246.271s][info][gc,stats       ]       0 of  8274 ms (  0.0%): <average total>
[2026-04-03T02:56:07.644+0600][246.271s][info][gc,stats       ] 
[2026-04-03T02:56:07.644+0600][246.271s][info][gc,metaspace   ] Metaspace: 49204K(49664K)->49216K(49664K) NonClass: 43061K(43328K)->43070K(43328K) Class: 6143K(6336K)->6146K(6336K)
[2026-04-03T02:56:07.644+0600][246.271s][info][gc,ergo        ] Pacer for Idle. Initial: 10240K, Alloc Tax Rate: 1.0x
[2026-04-03T02:56:07.645+0600][246.271s][info][gc             ] Failed to allocate TLAB, 2688B
[2026-04-03T02:56:07.645+0600][246.271s][info][gc             ] Cancelling GC: Allocation Failure
[2026-04-03T02:56:07.646+0600][246.272s][info][gc             ] Trigger: Handle Allocation Failure
[2026-04-03T02:56:07.646+0600][246.272s][info][gc,ergo        ] Free: 0B, Max: 0B regular, 0B humongous, Frag: 0% external, 0% internal; Reserve: 20736K, Max: 256K
[2026-04-03T02:56:07.646+0600][246.272s][info][gc,start       ] GC(41) Pause Degenerated GC (Outside of Cycle)
[2026-04-03T02:56:07.646+0600][246.272s][info][gc,task        ] GC(41) Using 6 of 6 workers for stw degenerated gc
[2026-04-03T02:56:07.646+0600][246.272s][info][gc,ref         ] GC(41) Clearing All SoftReferences
[2026-04-03T02:56:11.563+0600][250.189s][info][gc,ref         ] GC(41) Encountered references: Soft: 2431, Weak: 2688, Final: 74, Phantom: 586
[2026-04-03T02:56:11.563+0600][250.189s][info][gc,ref         ] GC(41) Discovered  references: Soft: 228, Weak: 1517, Final: 74, Phantom: 581
[2026-04-03T02:56:11.563+0600][250.189s][info][gc,ref         ] GC(41) Enqueued    references: Soft: 3, Weak: 5, Final: 0, Phantom: 0
[2026-04-03T02:56:11.565+0600][250.191s][info][gc,ergo        ] GC(41) Adaptive CSet Selection. Target Free: 72533K, Actual Free: 20736K, Max CSet: 21333K, Min Garbage: 51797K
[2026-04-03T02:56:11.565+0600][250.191s][info][gc,ergo        ] GC(41) Collectable Garbage: 258K (100%), Immediate: 0B (0%), CSet: 258K (100%)
[2026-04-03T02:56:11.571+0600][250.198s][info][gc             ] GC(41) Cancelling GC: Allocation Failure During Evacuation
[2026-04-03T02:56:11.573+0600][250.199s][info][gc             ] GC(41) Cannot finish degeneration, upgrading to Full GC
[2026-04-03T02:56:11.575+0600][250.202s][info][gc,phases,start] GC(41) Phase 1: Mark live objects
[2026-04-03T02:56:11.576+0600][250.202s][info][gc,ref         ] GC(41) Clearing All SoftReferences
[2026-04-03T02:56:11.576+0600][250.202s][info][gc,ref         ] GC(41) Clearing All SoftReferences
[2026-04-03T02:56:15.826+0600][254.452s][info][gc,ref         ] GC(41) Encountered references: Soft: 2428, Weak: 2683, Final: 74, Phantom: 586
[2026-04-03T02:56:15.826+0600][254.452s][info][gc,ref         ] GC(41) Discovered  references: Soft: 227, Weak: 1490, Final: 74, Phantom: 581
[2026-04-03T02:56:15.826+0600][254.452s][info][gc,ref         ] GC(41) Enqueued    references: Soft: 0, Weak: 0, Final: 0, Phantom: 0
[2026-04-03T02:56:15.827+0600][254.454s][info][gc,phases      ] GC(41) Phase 1: Mark live objects 4252.020ms
[2026-04-03T02:56:15.828+0600][254.454s][info][gc,phases,start] GC(41) Phase 2: Compute new object addresses
[2026-04-03T02:56:15.911+0600][254.538s][info][gc,phases      ] GC(41) Phase 2: Compute new object addresses 83.798ms
[2026-04-03T02:56:15.911+0600][254.538s][info][gc,phases,start] GC(41) Phase 3: Adjust pointers
[2026-04-03T02:56:16.010+0600][254.636s][info][gc,phases      ] GC(41) Phase 3: Adjust pointers 98.433ms
[2026-04-03T02:56:16.010+0600][254.636s][info][gc,phases,start] GC(41) Phase 4: Move objects
[2026-04-03T02:56:16.098+0600][254.724s][info][gc,phases      ] GC(41) Phase 4: Move objects 87.588ms
[2026-04-03T02:56:16.098+0600][254.724s][info][gc,ergo        ] GC(41) Bad progress for free space: 548K, need 5120K
[2026-04-03T02:56:16.098+0600][254.724s][info][gc             ] GC(41) Pause Degenerated GC (Outside of Cycle) 478M->478M(500M) 8452.081ms
[2026-04-03T02:56:16.098+0600][254.725s][info][gc,ergo        ] Free: 149K, Max: 149K regular, 0B humongous, Frag: 0% external, 41% internal; Reserve: 20480K, Max: 256K
[2026-04-03T02:56:16.098+0600][254.725s][info][gc,stats       ] 
[2026-04-03T02:56:16.098+0600][254.725s][info][gc,stats       ] All times are wall-clock times, except per-root-class counters, that are sum over
[2026-04-03T02:56:16.098+0600][254.725s][info][gc,stats       ] all workers. Dividing the <total> over the root stage time estimates parallelism.
[2026-04-03T02:56:16.099+0600][254.725s][info][gc,stats       ] 
[2026-04-03T02:56:16.099+0600][254.725s][info][gc,stats       ] Pause Degenerated GC (G)        8452333 us
[2026-04-03T02:56:16.099+0600][254.725s][info][gc,stats       ] Pause Degenerated GC (N)        8452137 us
[2026-04-03T02:56:16.099+0600][254.725s][info][gc,stats       ]   Degen STW Mark                3916653 us, parallelism: 6.00x
[2026-04-03T02:56:16.099+0600][254.725s][info][gc,stats       ]     DSM: <total>               23492688 us
[2026-04-03T02:56:16.099+0600][254.725s][info][gc,stats       ]     DSM: Thread Roots              1386 us, workers (us): 284, 231, 288, 356, 193,  34, 
[2026-04-03T02:56:16.099+0600][254.725s][info][gc,stats       ]     DSM: VM Strong Roots             11 us, workers (us):   0,  10,   0,   0,   0,   0, 
[2026-04-03T02:56:16.099+0600][254.725s][info][gc,stats       ]     DSM: CLDG Roots                 203 us, workers (us):   8,  15,   6,  13,  16, 145, 
[2026-04-03T02:56:16.099+0600][254.725s][info][gc,stats       ]     DSM: Parallel Mark         23491087 us, workers (us): 3915254, 3915196, 3915112, 3915171, 3915172, 3915182, 
[2026-04-03T02:56:16.099+0600][254.725s][info][gc             ] Failed to allocate TLAB, 5712B
[2026-04-03T02:56:16.099+0600][254.725s][info][gc             ] Cancelling GC: Allocation Failure
[2026-04-03T02:56:16.099+0600][254.725s][info][gc,stats       ]     System Purge                   2317 us
[2026-04-03T02:56:16.099+0600][254.725s][info][gc,stats       ]       Weak References               587 us, parallelism: 1.22x
[2026-04-03T02:56:16.099+0600][254.725s][info][gc,stats       ]         WRP: <total>                714 us
[2026-04-03T02:56:16.099+0600][254.725s][info][gc,stats       ]         WRP: Weak References        714 us, workers (us): 134, 122, 100, 358,   0,   0, 
[2026-04-03T02:56:16.099+0600][254.725s][info][gc,stats       ]       Unload Classes               1431 us, parallelism: 5.31x
[2026-04-03T02:56:16.099+0600][254.725s][info][gc,stats       ]         DCU: <total>               7598 us
[2026-04-03T02:56:16.099+0600][254.725s][info][gc,stats       ]         DCU: Unload Code Caches     7598 us, workers (us): 1299, 1322, 1297, 1221, 1243, 1217, 
[2026-04-03T02:56:16.099+0600][254.725s][info][gc,stats       ]       Weak Roots                    196 us, parallelism: 2.13x
[2026-04-03T02:56:16.099+0600][254.725s][info][gc,stats       ]         DWR: <total>                416 us
[2026-04-03T02:56:16.099+0600][254.725s][info][gc,stats       ]         DWR: VM Weak Roots          416 us, workers (us): 162,  89,  55,  42,  34,  34, 
[2026-04-03T02:56:16.099+0600][254.725s][info][gc,stats       ]       CLDG                           93 us
[2026-04-03T02:56:16.099+0600][254.725s][info][gc,stats       ]   Update Region States               22 us
[2026-04-03T02:56:16.099+0600][254.725s][info][gc,stats       ]   Manage GC/TLABs                     7 us
[2026-04-03T02:56:16.099+0600][254.725s][info][gc,stats       ]   Choose Collection Set             183 us
[2026-04-03T02:56:16.099+0600][254.725s][info][gc,stats       ]   Rebuild Free Set                   40 us
[2026-04-03T02:56:16.099+0600][254.725s][info][gc,stats       ]   Evacuation                       7427 us
[2026-04-03T02:56:16.099+0600][254.725s][info][gc,stats       ]   Pre Heap Dump                       1 us
[2026-04-03T02:56:16.099+0600][254.725s][info][gc,stats       ]   Prepare                          2504 us
[2026-04-03T02:56:16.099+0600][254.725s][info][gc,stats       ]     Update Roots                   1606 us, parallelism: 5.41x
[2026-04-03T02:56:16.099+0600][254.725s][info][gc,stats       ]       FU: <total>                  8694 us
[2026-04-03T02:56:16.099+0600][254.725s][info][gc,stats       ]       FU: Thread Roots              676 us, workers (us): 171,  77, 229,  36,   3, 159, 
[2026-04-03T02:56:16.099+0600][254.725s][info][gc,stats       ]       FU: Code Cache Roots         6852 us, workers (us): 1108, 1175, 986, 1241, 1242, 1101, 
[2026-04-03T02:56:16.099+0600][254.725s][info][gc,stats       ]       FU: VM Strong Roots            15 us, workers (us):  11,   1,   1,   1,   1,   1, 
[2026-04-03T02:56:16.099+0600][254.725s][info][gc,stats       ]       FU: VM Weak Roots             647 us, workers (us): 146, 146, 146,  85,  62,  62, 
[2026-04-03T02:56:16.099+0600][254.725s][info][gc,stats       ]       FU: CLDG Roots                504 us, workers (us):  65,  72, 128,  63, 112,  64, 
[2026-04-03T02:56:16.099+0600][254.725s][info][gc,stats       ]   Mark                          4251943 us, parallelism: 5.99x
[2026-04-03T02:56:16.099+0600][254.725s][info][gc,stats       ]     FM: <total>                25490057 us
[2026-04-03T02:56:16.099+0600][254.725s][info][gc,stats       ]     FM: Thread Roots                846 us, workers (us): 193, 192, 131, 122,  76, 132, 
[2026-04-03T02:56:16.099+0600][254.725s][info][gc,stats       ]     FM: VM Strong Roots              21 us, workers (us):   0,   6,   0,   0,  14,   0, 
[2026-04-03T02:56:16.099+0600][254.725s][info][gc,stats       ]     FM: CLDG Roots                  241 us, workers (us): 139,  21,  20,  22,  33,   6, 
[2026-04-03T02:56:16.099+0600][254.725s][info][gc,stats       ]     FM: Parallel Mark          25488949 us, workers (us): 4248175, 4248180, 4248261, 4248035, 4248181, 4248117, 
[2026-04-03T02:56:16.099+0600][254.725s][info][gc,stats       ]     System Purge                   2302 us
[2026-04-03T02:56:16.099+0600][254.725s][info][gc,stats       ]       Weak References               544 us, parallelism: 1.31x
[2026-04-03T02:56:16.099+0600][254.725s][info][gc,stats       ]         WRP: <total>                713 us
[2026-04-03T02:56:16.099+0600][254.725s][info][gc,stats       ]         WRP: Weak References        713 us, workers (us): 363, 273,  46,  30,   0,   0, 
[2026-04-03T02:56:16.099+0600][254.725s][info][gc,stats       ]       Unload Classes               1510 us, parallelism: 4.76x
[2026-04-03T02:56:16.099+0600][254.725s][info][gc,stats       ]         CU: <total>                7191 us
[2026-04-03T02:56:16.099+0600][254.725s][info][gc,stats       ]         CU: Unload Code Caches     7191 us, workers (us): 1248, 1203, 1188, 1185, 1200, 1167, 
[2026-04-03T02:56:16.099+0600][254.725s][info][gc,stats       ]       Weak Roots                    232 us, parallelism: 2.99x
[2026-04-03T02:56:16.099+0600][254.725s][info][gc,stats       ]         WR: <total>                 695 us
[2026-04-03T02:56:16.099+0600][254.725s][info][gc,stats       ]         WR: VM Weak Roots           695 us, workers (us): 179, 126, 121, 119,  75,  75, 
[2026-04-03T02:56:16.099+0600][254.725s][info][gc,stats       ]       CLDG                            2 us
[2026-04-03T02:56:16.099+0600][254.725s][info][gc,stats       ]   Calculate Addresses             83790 us
[2026-04-03T02:56:16.099+0600][254.725s][info][gc,stats       ]     Regular Objects               83685 us
[2026-04-03T02:56:16.099+0600][254.725s][info][gc,stats       ]     Humongous Objects                31 us
[2026-04-03T02:56:16.099+0600][254.725s][info][gc,stats       ]   Adjust Pointers                 98422 us
[2026-04-03T02:56:16.099+0600][254.725s][info][gc,stats       ]     FA: <total>                    7374 us
[2026-04-03T02:56:16.099+0600][254.725s][info][gc,stats       ]     FA: Thread Roots                628 us, workers (us): 165,   3, 226,  80,   5, 149, 
[2026-04-03T02:56:16.099+0600][254.725s][info][gc,stats       ]     FA: Code Cache Roots           5490 us, workers (us): 880, 974, 818, 991, 1030, 798, 
[2026-04-03T02:56:16.099+0600][254.725s][info][gc,stats       ]     FA: VM Strong Roots              16 us, workers (us):  12,   1,   1,   1,   0,   1, 
[2026-04-03T02:56:16.099+0600][254.725s][info][gc,stats       ]     FA: VM Weak Roots               591 us, workers (us): 147, 135, 105, 102,  73,  30, 
[2026-04-03T02:56:16.099+0600][254.725s][info][gc,stats       ]     FA: CLDG Roots                  650 us, workers (us):  89, 155,  77,  78,  81, 170, 
[2026-04-03T02:56:16.099+0600][254.725s][info][gc,stats       ]   Copy Objects                    87575 us
[2026-04-03T02:56:16.099+0600][254.725s][info][gc,stats       ]     Regular Objects               86611 us
[2026-04-03T02:56:16.099+0600][254.725s][info][gc,stats       ]     Humongous Objects                22 us
[2026-04-03T02:56:16.099+0600][254.725s][info][gc,stats       ]     Reset Complete Bitmap           696 us
[2026-04-03T02:56:16.099+0600][254.725s][info][gc,stats       ]     Rebuild Region Sets             244 us
[2026-04-03T02:56:16.099+0600][254.725s][info][gc,stats       ]   Post Heap Dump                      1 us
[2026-04-03T02:56:16.099+0600][254.725s][info][gc,stats       ] 
[2026-04-03T02:56:16.099+0600][254.725s][info][gc,stats       ] Allocation pacing accrued:
[2026-04-03T02:56:16.099+0600][254.725s][info][gc,stats       ]       0 of  8455 ms (  0.0%): <total>
[2026-04-03T02:56:16.099+0600][254.725s][info][gc,stats       ]       0 of  8455 ms (  0.0%): <average total>
[2026-04-03T02:56:16.099+0600][254.725s][info][gc,stats       ] 
[2026-04-03T02:56:16.099+0600][254.725s][info][gc,metaspace   ] Metaspace: 49229K(49664K)->49235K(49728K) NonClass: 43080K(43328K)->43085K(43392K) Class: 6149K(6336K)->6150K(6336K)
[2026-04-03T02:56:16.099+0600][254.726s][info][gc,ergo        ] Pacer for Idle. Initial: 10240K, Alloc Tax Rate: 1.0x
[2026-04-03T02:56:16.100+0600][254.727s][info][gc             ] Trigger: Handle Allocation Failure
[2026-04-03T02:56:16.100+0600][254.727s][info][gc,ergo        ] Free: 0B, Max: 0B regular, 0B humongous, Frag: 0% external, 0% internal; Reserve: 20480K, Max: 256K
[2026-04-03T02:56:16.100+0600][254.727s][info][gc,start       ] GC(42) Pause Full
[2026-04-03T02:56:16.101+0600][254.727s][info][gc,task        ] GC(42) Using 6 of 6 workers for full gc
[2026-04-03T02:56:16.101+0600][254.727s][info][gc,phases,start] GC(42) Phase 1: Mark live objects
[2026-04-03T02:56:16.101+0600][254.727s][info][gc,ref         ] GC(42) Clearing All SoftReferences
[2026-04-03T02:56:16.101+0600][254.727s][info][gc,ref         ] GC(42) Clearing All SoftReferences
[2026-04-03T02:56:20.093+0600][258.720s][info][gc,ref         ] GC(42) Encountered references: Soft: 2429, Weak: 2689, Final: 74, Phantom: 587
[2026-04-03T02:56:20.093+0600][258.720s][info][gc,ref         ] GC(42) Discovered  references: Soft: 211, Weak: 1691, Final: 48, Phantom: 213
[2026-04-03T02:56:20.093+0600][258.720s][info][gc,ref         ] GC(42) Enqueued    references: Soft: 0, Weak: 1, Final: 0, Phantom: 0
[2026-04-03T02:56:20.095+0600][258.722s][info][gc,phases      ] GC(42) Phase 1: Mark live objects 3994.650ms
[2026-04-03T02:56:20.096+0600][258.722s][info][gc,phases,start] GC(42) Phase 2: Compute new object addresses
[2026-04-03T02:56:20.177+0600][258.803s][info][gc,phases      ] GC(42) Phase 2: Compute new object addresses 81.074ms
[2026-04-03T02:56:20.177+0600][258.803s][info][gc,phases,start] GC(42) Phase 3: Adjust pointers
[2026-04-03T02:56:20.274+0600][258.900s][info][gc,phases      ] GC(42) Phase 3: Adjust pointers 96.977ms
[2026-04-03T02:56:20.274+0600][258.900s][info][gc,phases,start] GC(42) Phase 4: Move objects
[2026-04-03T02:56:20.350+0600][258.977s][info][gc,phases      ] GC(42) Phase 4: Move objects 76.448ms
[2026-04-03T02:56:20.350+0600][258.977s][info][gc,ergo        ] GC(42) Bad progress for free space: 535K, need 5120K
[2026-04-03T02:56:20.351+0600][258.977s][info][gc             ] GC(42) Pause Full 478M->478M(500M) 4250.053ms
[2026-04-03T02:56:20.351+0600][258.977s][info][gc,ergo        ] Free: 494K, Max: 204K regular, 0B humongous, Frag: 0% external, 99% internal; Reserve: 20480K, Max: 256K
[2026-04-03T02:56:20.351+0600][258.977s][info][gc,stats       ] 
[2026-04-03T02:56:20.351+0600][258.977s][info][gc,stats       ] All times are wall-clock times, except per-root-class counters, that are sum over
[2026-04-03T02:56:20.351+0600][258.977s][info][gc,stats       ] all workers. Dividing the <total> over the root stage time estimates parallelism.
[2026-04-03T02:56:20.351+0600][258.977s][info][gc,stats       ] 
[2026-04-03T02:56:20.351+0600][258.977s][info][gc,stats       ] Pause Full GC (G)               4250434 us
[2026-04-03T02:56:20.351+0600][258.977s][info][gc,stats       ] Pause Full GC (N)               4250080 us
[2026-04-03T02:56:20.351+0600][258.977s][info][gc,stats       ]   Pre Heap Dump                       1 us
[2026-04-03T02:56:20.351+0600][258.977s][info][gc,stats       ]   Prepare                           259 us
[2026-04-03T02:56:20.351+0600][258.977s][info][gc,stats       ]   Mark                          3994590 us, parallelism: 5.99x
[2026-04-03T02:56:20.351+0600][258.977s][info][gc,stats       ]     FM: <total>                23944378 us
[2026-04-03T02:56:20.351+0600][258.977s][info][gc,stats       ]     FM: Thread Roots               1707 us, workers (us): 575, 559, 167, 145, 186,  76, 
[2026-04-03T02:56:20.351+0600][258.977s][info][gc,stats       ]     FM: VM Strong Roots              16 us, workers (us):   0,   0,   7,   0,   0,   8, 
[2026-04-03T02:56:20.351+0600][258.977s][info][gc,stats       ]     FM: CLDG Roots                  245 us, workers (us):   4,  15,  36, 150,   6,  33, 
[2026-04-03T02:56:20.351+0600][258.977s][info][gc,stats       ]     FM: Parallel Mark          23942410 us, workers (us): 3990129, 3990301, 3990492, 3990363, 3990468, 3990656, 
[2026-04-03T02:56:20.351+0600][258.977s][info][gc,stats       ]     System Purge                   2728 us
[2026-04-03T02:56:20.351+0600][258.977s][info][gc,stats       ]       Weak References               619 us, parallelism: 0.67x
[2026-04-03T02:56:20.351+0600][258.977s][info][gc,stats       ]         WRP: <total>                412 us
[2026-04-03T02:56:20.351+0600][258.978s][info][gc,stats       ]         WRP: Weak References        412 us, workers (us): 275,  33,  37,  46,  21,   0, 
[2026-04-03T02:56:20.351+0600][258.978s][info][gc,stats       ]       Unload Classes               1536 us, parallelism: 4.96x
[2026-04-03T02:56:20.351+0600][258.978s][info][gc,stats       ]         CU: <total>                7617 us
[2026-04-03T02:56:20.351+0600][258.978s][info][gc,stats       ]         CU: Unload Code Caches     7617 us, workers (us): 1304, 1283, 1282, 1264, 1263, 1221, 
[2026-04-03T02:56:20.351+0600][258.978s][info][gc,stats       ]       Weak Roots                    478 us, parallelism: 1.12x
[2026-04-03T02:56:20.351+0600][258.978s][info][gc,stats       ]         WR: <total>                 537 us
[2026-04-03T02:56:20.351+0600][258.978s][info][gc,stats       ]         WR: VM Weak Roots           537 us, workers (us): 117, 116,  85,  85,  67,  67, 
[2026-04-03T02:56:20.351+0600][258.978s][info][gc,stats       ]       CLDG                           15 us
[2026-04-03T02:56:20.351+0600][258.978s][info][gc,stats       ]   Calculate Addresses             81059 us
[2026-04-03T02:56:20.351+0600][258.978s][info][gc,stats       ]     Regular Objects               80815 us
[2026-04-03T02:56:20.351+0600][258.978s][info][gc,stats       ]     Humongous Objects                31 us
[2026-04-03T02:56:20.351+0600][258.978s][info][gc,stats       ]   Adjust Pointers                 96962 us
[2026-04-03T02:56:20.351+0600][258.978s][info][gc,stats       ]     FA: <total>                    7235 us
[2026-04-03T02:56:20.351+0600][258.978s][info][gc,stats       ]     FA: Thread Roots                590 us, workers (us): 173,   2,  88, 140,  67, 120, 
[2026-04-03T02:56:20.351+0600][258.978s][info][gc,stats       ]     FA: Code Cache Roots           5555 us, workers (us): 841, 1157, 934, 789, 931, 902, 
[2026-04-03T02:56:20.351+0600][258.978s][info][gc,stats       ]     FA: VM Strong Roots              15 us, workers (us):  12,   1,   0,   1,   1,   1, 
[2026-04-03T02:56:20.351+0600][258.978s][info][gc,stats       ]     FA: VM Weak Roots               555 us, workers (us): 116, 104, 103,  99,  83,  51, 
[2026-04-03T02:56:20.351+0600][258.978s][info][gc,stats       ]     FA: CLDG Roots                  519 us, workers (us):  57, 135,  56, 146,  68,  57, 
[2026-04-03T02:56:20.351+0600][258.978s][info][gc,stats       ]   Copy Objects                    76429 us
[2026-04-03T02:56:20.351+0600][258.978s][info][gc,stats       ]     Regular Objects               75352 us
[2026-04-03T02:56:20.351+0600][258.978s][info][gc,stats       ]     Humongous Objects                25 us
[2026-04-03T02:56:20.351+0600][258.978s][info][gc,stats       ]     Reset Complete Bitmap           761 us
[2026-04-03T02:56:20.351+0600][258.978s][info][gc,stats       ]     Rebuild Region Sets             289 us
[2026-04-03T02:56:20.351+0600][258.978s][info][gc,stats       ]   Post Heap Dump                      1 us
[2026-04-03T02:56:20.351+0600][258.978s][info][gc,stats       ] 
[2026-04-03T02:56:20.351+0600][258.978s][info][gc,stats       ] Allocation pacing accrued:
[2026-04-03T02:56:20.351+0600][258.978s][info][gc,stats       ]       0 of  4252 ms (  0.0%): <total>
[2026-04-03T02:56:20.351+0600][258.978s][info][gc,stats       ]       0 of  4252 ms (  0.0%): <average total>
[2026-04-03T02:56:20.351+0600][258.978s][info][gc,stats       ] 
[2026-04-03T02:56:20.352+0600][258.978s][info][gc,metaspace   ] Metaspace: 49235K(49728K)->49248K(49728K) NonClass: 43085K(43392K)->43095K(43392K) Class: 6150K(6336K)->6153K(6336K)
[2026-04-03T02:56:20.352+0600][258.978s][info][gc,ergo        ] Pacer for Idle. Initial: 10240K, Alloc Tax Rate: 1.0x
[2026-04-03T02:56:20.352+0600][258.978s][info][gc             ] Failed to allocate TLAB, 2688B
[2026-04-03T02:56:20.352+0600][258.978s][info][gc             ] Cancelling GC: Allocation Failure
[2026-04-03T02:56:20.354+0600][258.980s][info][gc             ] Trigger: Handle Allocation Failure
[2026-04-03T02:56:20.354+0600][258.980s][info][gc,ergo        ] Free: 0B, Max: 0B regular, 0B humongous, Frag: 0% external, 0% internal; Reserve: 20480K, Max: 256K
[2026-04-03T02:56:20.354+0600][258.980s][info][gc,start       ] GC(43) Pause Degenerated GC (Outside of Cycle)
[2026-04-03T02:56:20.354+0600][258.980s][info][gc,task        ] GC(43) Using 6 of 6 workers for stw degenerated gc
[2026-04-03T02:56:20.354+0600][258.981s][info][gc,ref         ] GC(43) Clearing All SoftReferences
[2026-04-03T02:56:24.651+0600][263.278s][info][gc,ref         ] GC(43) Encountered references: Soft: 2431, Weak: 2695, Final: 74, Phantom: 586
[2026-04-03T02:56:24.651+0600][263.278s][info][gc,ref         ] GC(43) Discovered  references: Soft: 224, Weak: 1314, Final: 74, Phantom: 581
[2026-04-03T02:56:24.651+0600][263.278s][info][gc,ref         ] GC(43) Enqueued    references: Soft: 1, Weak: 4, Final: 0, Phantom: 0
[2026-04-03T02:56:24.653+0600][263.280s][info][gc,ergo        ] GC(43) Adaptive CSet Selection. Target Free: 72533K, Actual Free: 20480K, Max CSet: 21333K, Min Garbage: 52053K
[2026-04-03T02:56:24.653+0600][263.280s][info][gc,ergo        ] GC(43) Collectable Garbage: 197K (100%), Immediate: 0B (0%), CSet: 197K (100%)
[2026-04-03T02:56:24.660+0600][263.287s][info][gc             ] GC(43) Cancelling GC: Allocation Failure During Evacuation
[2026-04-03T02:56:24.662+0600][263.288s][info][gc             ] GC(43) Cannot finish degeneration, upgrading to Full GC
[2026-04-03T02:56:24.665+0600][263.291s][info][gc,phases,start] GC(43) Phase 1: Mark live objects
[2026-04-03T02:56:24.665+0600][263.291s][info][gc,ref         ] GC(43) Clearing All SoftReferences
[2026-04-03T02:56:24.665+0600][263.291s][info][gc,ref         ] GC(43) Clearing All SoftReferences
[2026-04-03T02:56:28.139+0600][266.766s][info][gc,ref         ] GC(43) Encountered references: Soft: 2430, Weak: 2691, Final: 74, Phantom: 586
[2026-04-03T02:56:28.139+0600][266.766s][info][gc,ref         ] GC(43) Discovered  references: Soft: 225, Weak: 1058, Final: 58, Phantom: 424
[2026-04-03T02:56:28.139+0600][266.766s][info][gc,ref         ] GC(43) Enqueued    references: Soft: 0, Weak: 0, Final: 0, Phantom: 0
[2026-04-03T02:56:28.141+0600][266.767s][info][gc,phases      ] GC(43) Phase 1: Mark live objects 3476.251ms
[2026-04-03T02:56:28.141+0600][266.767s][info][gc,phases,start] GC(43) Phase 2: Compute new object addresses
[2026-04-03T02:56:28.228+0600][266.854s][info][gc,phases      ] GC(43) Phase 2: Compute new object addresses 86.580ms
[2026-04-03T02:56:28.228+0600][266.854s][info][gc,phases,start] GC(43) Phase 3: Adjust pointers
[2026-04-03T02:56:28.326+0600][266.952s][info][gc,phases      ] GC(43) Phase 3: Adjust pointers 98.407ms
[2026-04-03T02:56:28.326+0600][266.952s][info][gc,phases,start] GC(43) Phase 4: Move objects
[2026-04-03T02:56:28.418+0600][267.045s][info][gc,phases      ] GC(43) Phase 4: Move objects 92.251ms
[2026-04-03T02:56:28.419+0600][267.045s][info][gc,ergo        ] GC(43) Bad progress for free space: 232K, need 5120K
[2026-04-03T02:56:28.419+0600][267.045s][info][gc             ] GC(43) Pause Degenerated GC (Outside of Cycle) 478M->478M(500M) 8064.849ms
[2026-04-03T02:56:28.419+0600][267.045s][info][gc,ergo        ] Free: 210K, Max: 130K regular, 0B humongous, Frag: 0% external, 99% internal; Reserve: 20480K, Max: 256K
[2026-04-03T02:56:28.419+0600][267.045s][info][gc,stats       ] 
[2026-04-03T02:56:28.419+0600][267.045s][info][gc,stats       ] All times are wall-clock times, except per-root-class counters, that are sum over
[2026-04-03T02:56:28.419+0600][267.045s][info][gc,stats       ] all workers. Dividing the <total> over the root stage time estimates parallelism.
[2026-04-03T02:56:28.419+0600][267.045s][info][gc,stats       ] 
[2026-04-03T02:56:28.419+0600][267.046s][info][gc,stats       ] Pause Degenerated GC (G)        8065215 us
[2026-04-03T02:56:28.419+0600][267.046s][info][gc,stats       ] Pause Degenerated GC (N)        8064862 us
[2026-04-03T02:56:28.419+0600][267.046s][info][gc,stats       ]   Degen STW Mark                4296621 us, parallelism: 6.00x
[2026-04-03T02:56:28.419+0600][267.046s][info][gc,stats       ]     DSM: <total>               25772699 us
[2026-04-03T02:56:28.419+0600][267.046s][info][gc,stats       ]     DSM: Thread Roots              1309 us, workers (us): 214, 213, 262, 196, 255, 168, 
[2026-04-03T02:56:28.419+0600][267.046s][info][gc,stats       ]     DSM: VM Strong Roots             18 us, workers (us):   8,   9,   0,   1,   0,   0, 
[2026-04-03T02:56:28.419+0600][267.046s][info][gc,stats       ]     DSM: CLDG Roots                 287 us, workers (us):  47,  47,   7,  15,  15, 154, 
[2026-04-03T02:56:28.419+0600][267.046s][info][gc,stats       ]     DSM: Parallel Mark         25771085 us, workers (us): 4295464, 4295028, 4294972, 4295448, 4294839, 4295333, 
[2026-04-03T02:56:28.419+0600][267.046s][info][gc,stats       ]     System Purge                   2243 us
[2026-04-03T02:56:28.419+0600][267.046s][info][gc,stats       ]       Weak References               373 us, parallelism: 0.80x
[2026-04-03T02:56:28.419+0600][267.046s][info][gc,stats       ]         WRP: <total>                300 us
[2026-04-03T02:56:28.419+0600][267.046s][info][gc,stats       ]         WRP: Weak References        300 us, workers (us): 183,  86,  30,   1,   0,   1, 
[2026-04-03T02:56:28.419+0600][267.046s][info][gc,stats       ]       Unload Classes               1670 us, parallelism: 5.25x
[2026-04-03T02:56:28.419+0600][267.046s][info][gc,stats       ]         DCU: <total>               8761 us
[2026-04-03T02:56:28.419+0600][267.046s][info][gc,stats       ]         DCU: Unload Code Caches     8761 us, workers (us): 1488, 1467, 1496, 1455, 1447, 1407, 
[2026-04-03T02:56:28.419+0600][267.046s][info][gc,stats       ]       Weak Roots                    184 us, parallelism: 3.08x
[2026-04-03T02:56:28.419+0600][267.046s][info][gc,stats       ]         DWR: <total>                566 us
[2026-04-03T02:56:28.419+0600][267.046s][info][gc,stats       ]         DWR: VM Weak Roots          566 us, workers (us): 134, 126, 115, 105,  63,  23, 
[2026-04-03T02:56:28.419+0600][267.046s][info][gc,stats       ]       CLDG                            3 us
[2026-04-03T02:56:28.419+0600][267.046s][info][gc,stats       ]   Update Region States               39 us
[2026-04-03T02:56:28.419+0600][267.046s][info][gc,stats       ]   Manage GC/TLABs                    15 us
[2026-04-03T02:56:28.419+0600][267.046s][info][gc,stats       ]   Choose Collection Set             237 us
[2026-04-03T02:56:28.419+0600][267.046s][info][gc,stats       ]   Rebuild Free Set                   41 us
[2026-04-03T02:56:28.419+0600][267.046s][info][gc,stats       ]   Evacuation                       8165 us
[2026-04-03T02:56:28.419+0600][267.046s][info][gc,stats       ]   Pre Heap Dump                       2 us
[2026-04-03T02:56:28.419+0600][267.046s][info][gc,stats       ]   Prepare                          2639 us
[2026-04-03T02:56:28.419+0600][267.046s][info][gc,stats       ]     Update Roots                   1707 us, parallelism: 5.01x
[2026-04-03T02:56:28.419+0600][267.046s][info][gc,stats       ]       FU: <total>                  8547 us
[2026-04-03T02:56:28.419+0600][267.046s][info][gc,stats       ]       FU: Thread Roots              701 us, workers (us):  44, 206,   3, 184, 121, 144, 
[2026-04-03T02:56:28.419+0600][267.046s][info][gc,stats       ]       FU: Code Cache Roots         6569 us, workers (us): 1181, 1049, 1201, 1037, 1017, 1085, 
[2026-04-03T02:56:28.419+0600][267.046s][info][gc,stats       ]       FU: VM Strong Roots            21 us, workers (us):  13,   3,   3,   1,   1,   1, 
[2026-04-03T02:56:28.419+0600][267.046s][info][gc,stats       ]       FU: VM Weak Roots             752 us, workers (us): 140, 122, 123, 124, 122, 122, 
[2026-04-03T02:56:28.419+0600][267.046s][info][gc,stats       ]       FU: CLDG Roots                504 us, workers (us):  62,  60, 111,  67, 143,  61, 
[2026-04-03T02:56:28.419+0600][267.046s][info][gc             ] Failed to allocate Shared, 3088B
[2026-04-03T02:56:28.419+0600][267.046s][info][gc             ] Cancelling GC: Allocation Failure
[2026-04-03T02:56:28.419+0600][267.046s][info][gc,stats       ]   Mark                          3476135 us, parallelism: 6.00x
[2026-04-03T02:56:28.419+0600][267.046s][info][gc,stats       ]     FM: <total>                20839918 us
[2026-04-03T02:56:28.419+0600][267.046s][info][gc,stats       ]     FM: Thread Roots                840 us, workers (us): 146, 145, 141, 184, 129,  94, 
[2026-04-03T02:56:28.419+0600][267.046s][info][gc,stats       ]     FM: VM Strong Roots              22 us, workers (us):   1,   5,   5,   0,   6,   5, 
[2026-04-03T02:56:28.419+0600][267.046s][info][gc,stats       ]     FM: CLDG Roots                  271 us, workers (us): 168,  23,  27,   6,  19,  29, 
[2026-04-03T02:56:28.419+0600][267.046s][info][gc,stats       ]     FM: Parallel Mark          20838785 us, workers (us): 3472968, 3473212, 3473219, 3473186, 3473206, 3472993, 
[2026-04-03T02:56:28.419+0600][267.046s][info][gc,stats       ]     System Purge                   1887 us
[2026-04-03T02:56:28.419+0600][267.046s][info][gc,stats       ]       Weak References               351 us, parallelism: 0.66x
[2026-04-03T02:56:28.419+0600][267.046s][info][gc,stats       ]         WRP: <total>                232 us
[2026-04-03T02:56:28.419+0600][267.046s][info][gc,stats       ]         WRP: Weak References        232 us, workers (us):  45, 130,  12,   5,  40,   0, 
[2026-04-03T02:56:28.419+0600][267.046s][info][gc,stats       ]       Unload Classes               1213 us, parallelism: 5.22x
[2026-04-03T02:56:28.420+0600][267.046s][info][gc,stats       ]         CU: <total>                6338 us
[2026-04-03T02:56:28.420+0600][267.046s][info][gc,stats       ]         CU: Unload Code Caches     6338 us, workers (us): 1085, 1070, 1068, 1056, 1061, 998, 
[2026-04-03T02:56:28.420+0600][267.046s][info][gc,stats       ]       Weak Roots                    290 us, parallelism: 2.12x
[2026-04-03T02:56:28.420+0600][267.046s][info][gc,stats       ]         WR: <total>                 616 us
[2026-04-03T02:56:28.420+0600][267.046s][info][gc,stats       ]         WR: VM Weak Roots           616 us, workers (us): 136, 133, 132,  93,  77,  44, 
[2026-04-03T02:56:28.420+0600][267.046s][info][gc,stats       ]       CLDG                            9 us
[2026-04-03T02:56:28.420+0600][267.046s][info][gc,stats       ]   Calculate Addresses             86566 us
[2026-04-03T02:56:28.420+0600][267.046s][info][gc,stats       ]     Regular Objects               86462 us
[2026-04-03T02:56:28.420+0600][267.046s][info][gc,stats       ]     Humongous Objects                32 us
[2026-04-03T02:56:28.420+0600][267.046s][info][gc,stats       ]   Adjust Pointers                 98391 us
[2026-04-03T02:56:28.420+0600][267.046s][info][gc,stats       ]     FA: <total>                    7281 us
[2026-04-03T02:56:28.420+0600][267.046s][info][gc,stats       ]     FA: Thread Roots                570 us, workers (us):   4,  95,   2,  84, 205, 180, 
[2026-04-03T02:56:28.420+0600][267.046s][info][gc,stats       ]     FA: Code Cache Roots           5556 us, workers (us): 1070, 916, 1079, 832, 834, 827, 
[2026-04-03T02:56:28.420+0600][267.046s][info][gc,stats       ]     FA: VM Strong Roots              21 us, workers (us):  17,   1,   1,   1,   1,   1, 
[2026-04-03T02:56:28.420+0600][267.046s][info][gc,stats       ]     FA: VM Weak Roots               610 us, workers (us): 134, 118, 118,  83,  78,  78, 
[2026-04-03T02:56:28.420+0600][267.046s][info][gc,stats       ]     FA: CLDG Roots                  524 us, workers (us):  60,  55, 129, 154,  58,  67, 
[2026-04-03T02:56:28.420+0600][267.046s][info][gc,stats       ]   Copy Objects                    92232 us
[2026-04-03T02:56:28.420+0600][267.046s][info][gc,stats       ]     Regular Objects               91212 us
[2026-04-03T02:56:28.420+0600][267.046s][info][gc,stats       ]     Humongous Objects                20 us
[2026-04-03T02:56:28.420+0600][267.046s][info][gc,stats       ]     Reset Complete Bitmap           839 us
[2026-04-03T02:56:28.420+0600][267.046s][info][gc,stats       ]     Rebuild Region Sets             158 us
[2026-04-03T02:56:28.420+0600][267.046s][info][gc,stats       ]   Post Heap Dump                      1 us
[2026-04-03T02:56:28.420+0600][267.046s][info][gc,stats       ] 
[2026-04-03T02:56:28.420+0600][267.046s][info][gc,stats       ] Allocation pacing accrued:
[2026-04-03T02:56:28.420+0600][267.046s][info][gc,stats       ]       0 of  8068 ms (  0.0%): <total>
[2026-04-03T02:56:28.420+0600][267.046s][info][gc,stats       ]       0 of  8068 ms (  0.0%): <average total>
[2026-04-03T02:56:28.420+0600][267.046s][info][gc,stats       ] 
[2026-04-03T02:56:28.420+0600][267.046s][info][gc,metaspace   ] Metaspace: 49260K(49728K)->49262K(49728K) NonClass: 43104K(43392K)->43105K(43392K) Class: 6156K(6336K)->6156K(6336K)
[2026-04-03T02:56:28.420+0600][267.046s][info][gc,ergo        ] Pacer for Idle. Initial: 10240K, Alloc Tax Rate: 1.0x
[2026-04-03T02:56:28.421+0600][267.047s][info][gc             ] Trigger: Handle Allocation Failure
[2026-04-03T02:56:28.421+0600][267.047s][info][gc,ergo        ] Free: 0B, Max: 0B regular, 0B humongous, Frag: 0% external, 0% internal; Reserve: 20480K, Max: 256K
[2026-04-03T02:56:28.421+0600][267.047s][info][gc,start       ] GC(44) Pause Degenerated GC (Outside of Cycle)
[2026-04-03T02:56:28.421+0600][267.047s][info][gc,task        ] GC(44) Using 6 of 6 workers for stw degenerated gc
[2026-04-03T02:56:28.421+0600][267.048s][info][gc,ref         ] GC(44) Clearing All SoftReferences
[2026-04-03T02:56:32.484+0600][271.110s][info][gc,ref         ] GC(44) Encountered references: Soft: 2431, Weak: 2693, Final: 74, Phantom: 587
[2026-04-03T02:56:32.484+0600][271.110s][info][gc,ref         ] GC(44) Discovered  references: Soft: 225, Weak: 1309, Final: 67, Phantom: 217
[2026-04-03T02:56:32.484+0600][271.110s][info][gc,ref         ] GC(44) Enqueued    references: Soft: 2, Weak: 0, Final: 0, Phantom: 0
[2026-04-03T02:56:32.486+0600][271.113s][info][gc,ergo        ] GC(44) Adaptive CSet Selection. Target Free: 72533K, Actual Free: 20480K, Max CSet: 21333K, Min Garbage: 52053K
[2026-04-03T02:56:32.486+0600][271.113s][info][gc,ergo        ] GC(44) Collectable Garbage: 51536B (100%), Immediate: 0B (0%), CSet: 51536B (100%)
[2026-04-03T02:56:32.492+0600][271.119s][info][gc             ] GC(44) Cancelling GC: Allocation Failure During Evacuation
[2026-04-03T02:56:32.494+0600][271.120s][info][gc             ] GC(44) Cannot finish degeneration, upgrading to Full GC
[2026-04-03T02:56:32.497+0600][271.123s][info][gc,phases,start] GC(44) Phase 1: Mark live objects
[2026-04-03T02:56:32.497+0600][271.123s][info][gc,ref         ] GC(44) Clearing All SoftReferences
[2026-04-03T02:56:32.497+0600][271.123s][info][gc,ref         ] GC(44) Clearing All SoftReferences
[2026-04-03T02:56:36.344+0600][274.970s][info][gc,ref         ] GC(44) Encountered references: Soft: 2429, Weak: 2693, Final: 74, Phantom: 587
[2026-04-03T02:56:36.344+0600][274.971s][info][gc,ref         ] GC(44) Discovered  references: Soft: 228, Weak: 1367, Final: 74, Phantom: 260
[2026-04-03T02:56:36.344+0600][274.971s][info][gc,ref         ] GC(44) Enqueued    references: Soft: 0, Weak: 0, Final: 0, Phantom: 0
[2026-04-03T02:56:36.346+0600][274.972s][info][gc,phases      ] GC(44) Phase 1: Mark live objects 3849.085ms
[2026-04-03T02:56:36.346+0600][274.972s][info][gc,phases,start] GC(44) Phase 2: Compute new object addresses
[2026-04-03T02:56:36.430+0600][275.056s][info][gc,phases      ] GC(44) Phase 2: Compute new object addresses 83.692ms
[2026-04-03T02:56:36.430+0600][275.056s][info][gc,phases,start] GC(44) Phase 3: Adjust pointers
[2026-04-03T02:56:36.530+0600][275.156s][info][gc,phases      ] GC(44) Phase 3: Adjust pointers 99.772ms
[2026-04-03T02:56:36.530+0600][275.156s][info][gc,phases,start] GC(44) Phase 4: Move objects
[2026-04-03T02:56:36.621+0600][275.247s][info][gc,phases      ] GC(44) Phase 4: Move objects 90.970ms
[2026-04-03T02:56:36.621+0600][275.247s][info][gc,ergo        ] GC(44) Bad progress for free space: 354K, need 5120K
[2026-04-03T02:56:36.621+0600][275.247s][info][gc             ] GC(44) Pause Degenerated GC (Outside of Cycle) 478M->478M(500M) 8199.848ms
[2026-04-03T02:56:36.621+0600][275.248s][info][gc,ergo        ] Free: 325K, Max: 101912B regular, 0B humongous, Frag: 0% external, 99% internal; Reserve: 20224K, Max: 256K
[2026-04-03T02:56:36.621+0600][275.248s][info][gc,stats       ] 
[2026-04-03T02:56:36.621+0600][275.248s][info][gc,stats       ] All times are wall-clock times, except per-root-class counters, that are sum over
[2026-04-03T02:56:36.621+0600][275.248s][info][gc,stats       ] all workers. Dividing the <total> over the root stage time estimates parallelism.
[2026-04-03T02:56:36.621+0600][275.248s][info][gc,stats       ] 
[2026-04-03T02:56:36.621+0600][275.248s][info][gc,stats       ] Pause Degenerated GC (G)        8200125 us
[2026-04-03T02:56:36.621+0600][275.248s][info][gc,stats       ] Pause Degenerated GC (N)        8199860 us
[2026-04-03T02:56:36.621+0600][275.248s][info][gc,stats       ]   Degen STW Mark                4062079 us, parallelism: 6.00x
[2026-04-03T02:56:36.621+0600][275.248s][info][gc,stats       ]     DSM: <total>               24365674 us
[2026-04-03T02:56:36.621+0600][275.248s][info][gc,stats       ]     DSM: Thread Roots               852 us, workers (us): 143, 178, 211,  71, 175,  74, 
[2026-04-03T02:56:36.621+0600][275.248s][info][gc,stats       ]     DSM: VM Strong Roots             18 us, workers (us):   9,   0,   0,   0,   0,   8, 
[2026-04-03T02:56:36.621+0600][275.248s][info][gc,stats       ]     DSM: CLDG Roots                 245 us, workers (us):  27,   5,  14, 166,   7,  27, 
[2026-04-03T02:56:36.621+0600][275.248s][info][gc,stats       ]     DSM: Parallel Mark         24364559 us, workers (us): 4060897, 4060580, 4060767, 4060764, 4060739, 4060812, 
[2026-04-03T02:56:36.621+0600][275.248s][info][gc,stats       ]     System Purge                   2630 us
[2026-04-03T02:56:36.621+0600][275.248s][info][gc,stats       ]       Weak References               603 us, parallelism: 0.51x
[2026-04-03T02:56:36.621+0600][275.248s][info][gc,stats       ]         WRP: <total>                308 us
[2026-04-03T02:56:36.621+0600][275.248s][info][gc,stats       ]         WRP: Weak References        308 us, workers (us): 188,  51,  69,   0,   0,   0, 
[2026-04-03T02:56:36.621+0600][275.248s][info][gc,stats       ]       Unload Classes               1532 us, parallelism: 4.91x
[2026-04-03T02:56:36.621+0600][275.248s][info][gc,stats       ]         DCU: <total>               7523 us
[2026-04-03T02:56:36.621+0600][275.248s][info][gc,stats       ]         DCU: Unload Code Caches     7523 us, workers (us): 1348, 1268, 1261, 1245, 1200, 1200, 
[2026-04-03T02:56:36.621+0600][275.248s][info][gc,stats       ]       Weak Roots                    399 us, parallelism: 1.34x
[2026-04-03T02:56:36.621+0600][275.248s][info][gc,stats       ]         DWR: <total>                534 us
[2026-04-03T02:56:36.621+0600][275.248s][info][gc,stats       ]         DWR: VM Weak Roots          534 us, workers (us): 145, 106,  99,  64,  60,  60, 
[2026-04-03T02:56:36.621+0600][275.248s][info][gc,stats       ]       CLDG                            3 us
[2026-04-03T02:56:36.621+0600][275.248s][info][gc,stats       ]   Update Region States               35 us
[2026-04-03T02:56:36.621+0600][275.248s][info][gc,stats       ]   Manage GC/TLABs                    12 us
[2026-04-03T02:56:36.621+0600][275.248s][info][gc,stats       ]   Choose Collection Set             228 us
[2026-04-03T02:56:36.621+0600][275.248s][info][gc,stats       ]   Rebuild Free Set                   38 us
[2026-04-03T02:56:36.621+0600][275.248s][info][gc,stats       ]   Evacuation                       7271 us
[2026-04-03T02:56:36.621+0600][275.248s][info][gc,stats       ]   Pre Heap Dump                       2 us
[2026-04-03T02:56:36.621+0600][275.248s][info][gc,stats       ]   Prepare                          2871 us
[2026-04-03T02:56:36.621+0600][275.248s][info][gc,stats       ]     Update Roots                   1840 us, parallelism: 4.99x
[2026-04-03T02:56:36.621+0600][275.248s][info][gc,stats       ]       FU: <total>                  9176 us
[2026-04-03T02:56:36.621+0600][275.248s][info][gc,stats       ]       FU: Thread Roots              733 us, workers (us):  49, 327,   4,  34, 130, 188, 
[2026-04-03T02:56:36.621+0600][275.248s][info][gc,stats       ]       FU: Code Cache Roots         7168 us, workers (us): 1172, 1029, 1355, 1266, 1193, 1153, 
[2026-04-03T02:56:36.621+0600][275.248s][info][gc,stats       ]       FU: VM Strong Roots            20 us, workers (us):  12,   5,   0,   1,   1,   1, 
[2026-04-03T02:56:36.621+0600][275.248s][info][gc,stats       ]       FU: VM Weak Roots             663 us, workers (us): 153, 155, 131,  77,  75,  73, 
[2026-04-03T02:56:36.621+0600][275.248s][info][gc,stats       ]       FU: CLDG Roots                593 us, workers (us): 180,  70,  73, 120,  77,  72, 
[2026-04-03T02:56:36.621+0600][275.248s][info][gc,stats       ]   Mark                          3848966 us, parallelism: 5.99x
[2026-04-03T02:56:36.621+0600][275.248s][info][gc,stats       ]     FM: <total>                23073071 us
[2026-04-03T02:56:36.621+0600][275.248s][info][gc,stats       ]     FM: Thread Roots                926 us, workers (us): 171, 213, 144, 114, 113, 172, 
[2026-04-03T02:56:36.621+0600][275.248s][info][gc,stats       ]     FM: VM Strong Roots              21 us, workers (us):   0,   1,   6,   8,   6,   0, 
[2026-04-03T02:56:36.621+0600][275.248s][info][gc             ] Failed to allocate TLAB, 2640B
[2026-04-03T02:56:36.622+0600][275.248s][info][gc             ] Cancelling GC: Allocation Failure
[2026-04-03T02:56:36.621+0600][275.248s][info][gc,stats       ]     FM: CLDG Roots                  310 us, workers (us): 175,   8,  34,  36,  37,  20, 
[2026-04-03T02:56:36.622+0600][275.248s][info][gc,stats       ]     FM: Parallel Mark          23071813 us, workers (us): 3845261, 3845385, 3845310, 3845305, 3845248, 3845305, 
[2026-04-03T02:56:36.622+0600][275.248s][info][gc,stats       ]     System Purge                   2290 us
[2026-04-03T02:56:36.622+0600][275.248s][info][gc,stats       ]       Weak References               648 us, parallelism: 0.73x
[2026-04-03T02:56:36.622+0600][275.248s][info][gc,stats       ]         WRP: <total>                476 us
[2026-04-03T02:56:36.622+0600][275.248s][info][gc,stats       ]         WRP: Weak References        476 us, workers (us): 358,  45,  36,  37,   0,   0, 
[2026-04-03T02:56:36.622+0600][275.248s][info][gc,stats       ]       Unload Classes               1305 us, parallelism: 4.97x
[2026-04-03T02:56:36.622+0600][275.248s][info][gc,stats       ]         CU: <total>                6481 us
[2026-04-03T02:56:36.622+0600][275.248s][info][gc,stats       ]         CU: Unload Code Caches     6481 us, workers (us): 1118, 1113, 1063, 1076, 1076, 1036, 
[2026-04-03T02:56:36.622+0600][275.248s][info][gc,stats       ]       Weak Roots                    311 us, parallelism: 2.78x
[2026-04-03T02:56:36.622+0600][275.248s][info][gc,stats       ]         WR: <total>                 864 us
[2026-04-03T02:56:36.622+0600][275.248s][info][gc,stats       ]         WR: VM Weak Roots           864 us, workers (us): 199, 134, 134, 134, 132, 131, 
[2026-04-03T02:56:36.622+0600][275.248s][info][gc,stats       ]       CLDG                            6 us
[2026-04-03T02:56:36.622+0600][275.248s][info][gc,stats       ]   Calculate Addresses             83676 us
[2026-04-03T02:56:36.622+0600][275.248s][info][gc,stats       ]     Regular Objects               83497 us
[2026-04-03T02:56:36.622+0600][275.248s][info][gc,stats       ]     Humongous Objects                32 us
[2026-04-03T02:56:36.622+0600][275.248s][info][gc,stats       ]   Adjust Pointers                 99757 us
[2026-04-03T02:56:36.622+0600][275.248s][info][gc,stats       ]     FA: <total>                    7357 us
[2026-04-03T02:56:36.622+0600][275.248s][info][gc,stats       ]     FA: Thread Roots                594 us, workers (us): 176,  78,  32,   2, 133, 174, 
[2026-04-03T02:56:36.622+0600][275.248s][info][gc,stats       ]     FA: Code Cache Roots           5669 us, workers (us): 859, 951, 1003, 1160, 909, 786, 
[2026-04-03T02:56:36.622+0600][275.248s][info][gc,stats       ]     FA: VM Strong Roots              16 us, workers (us):  13,   1,   1,   1,   1,   1, 
[2026-04-03T02:56:36.622+0600][275.248s][info][gc,stats       ]     FA: VM Weak Roots               578 us, workers (us): 165,  96,  98,  73,  75,  71, 
[2026-04-03T02:56:36.622+0600][275.248s][info][gc,stats       ]     FA: CLDG Roots                  500 us, workers (us):  54,  65,  52, 136,  51, 142, 
[2026-04-03T02:56:36.622+0600][275.248s][info][gc,stats       ]   Copy Objects                    90952 us
[2026-04-03T02:56:36.622+0600][275.248s][info][gc,stats       ]     Regular Objects               89936 us
[2026-04-03T02:56:36.622+0600][275.248s][info][gc,stats       ]     Humongous Objects                21 us
[2026-04-03T02:56:36.622+0600][275.248s][info][gc,stats       ]     Reset Complete Bitmap           838 us
[2026-04-03T02:56:36.622+0600][275.248s][info][gc,stats       ]     Rebuild Region Sets             154 us
[2026-04-03T02:56:36.622+0600][275.248s][info][gc,stats       ]   Post Heap Dump                      1 us
[2026-04-03T02:56:36.622+0600][275.248s][info][gc,stats       ] 
[2026-04-03T02:56:36.622+0600][275.248s][info][gc,stats       ] Allocation pacing accrued:
[2026-04-03T02:56:36.622+0600][275.248s][info][gc,stats       ]       0 of  8202 ms (  0.0%): <total>
[2026-04-03T02:56:36.622+0600][275.248s][info][gc,stats       ]       0 of  8202 ms (  0.0%): <average total>
[2026-04-03T02:56:36.622+0600][275.248s][info][gc,stats       ] 
[2026-04-03T02:56:36.622+0600][275.248s][info][gc,metaspace   ] Metaspace: 49262K(49728K)->49265K(49728K) NonClass: 43105K(43392K)->43108K(43392K) Class: 6156K(6336K)->6157K(6336K)
[2026-04-03T02:56:36.622+0600][275.248s][info][gc,ergo        ] Pacer for Idle. Initial: 10240K, Alloc Tax Rate: 1.0x
[2026-04-03T02:56:36.623+0600][275.249s][info][gc             ] Trigger: Handle Allocation Failure
[2026-04-03T02:56:36.623+0600][275.249s][info][gc,ergo        ] Free: 0B, Max: 0B regular, 0B humongous, Frag: 0% external, 0% internal; Reserve: 20224K, Max: 256K
[2026-04-03T02:56:36.623+0600][275.249s][info][gc,start       ] GC(45) Pause Degenerated GC (Outside of Cycle)
[2026-04-03T02:56:36.623+0600][275.250s][info][gc,task        ] GC(45) Using 6 of 6 workers for stw degenerated gc
[2026-04-03T02:56:36.624+0600][275.250s][info][gc,ref         ] GC(45) Clearing All SoftReferences
[2026-04-03T02:56:40.845+0600][279.472s][info][gc,ref         ] GC(45) Encountered references: Soft: 2430, Weak: 2696, Final: 74, Phantom: 587
[2026-04-03T02:56:40.846+0600][279.472s][info][gc,ref         ] GC(45) Discovered  references: Soft: 230, Weak: 1300, Final: 74, Phantom: 284
[2026-04-03T02:56:40.846+0600][279.472s][info][gc,ref         ] GC(45) Enqueued    references: Soft: 0, Weak: 3, Final: 0, Phantom: 0
[2026-04-03T02:56:40.848+0600][279.474s][info][gc,ergo        ] GC(45) Adaptive CSet Selection. Target Free: 72533K, Actual Free: 20224K, Max CSet: 21333K, Min Garbage: 52309K
[2026-04-03T02:56:40.848+0600][279.474s][info][gc,ergo        ] GC(45) Collectable Garbage: 126K (100%), Immediate: 0B (0%), CSet: 126K (100%)
[2026-04-03T02:56:40.854+0600][279.480s][info][gc             ] GC(45) Cancelling GC: Allocation Failure During Evacuation
[2026-04-03T02:56:40.855+0600][279.481s][info][gc             ] GC(45) Cannot finish degeneration, upgrading to Full GC
[2026-04-03T02:56:40.858+0600][279.485s][info][gc,phases,start] GC(45) Phase 1: Mark live objects
[2026-04-03T02:56:40.858+0600][279.485s][info][gc,ref         ] GC(45) Clearing All SoftReferences
[2026-04-03T02:56:40.859+0600][279.485s][info][gc,ref         ] GC(45) Clearing All SoftReferences
[2026-04-03T02:56:44.120+0600][282.747s][info][gc,ref         ] GC(45) Encountered references: Soft: 2430, Weak: 2693, Final: 74, Phantom: 587
[2026-04-03T02:56:44.120+0600][282.747s][info][gc,ref         ] GC(45) Discovered  references: Soft: 225, Weak: 1149, Final: 51, Phantom: 218
[2026-04-03T02:56:44.120+0600][282.747s][info][gc,ref         ] GC(45) Enqueued    references: Soft: 0, Weak: 0, Final: 0, Phantom: 0
[2026-04-03T02:56:44.122+0600][282.748s][info][gc,phases      ] GC(45) Phase 1: Mark live objects 3263.637ms
[2026-04-03T02:56:44.122+0600][282.748s][info][gc,phases,start] GC(45) Phase 2: Compute new object addresses
[2026-04-03T02:56:44.209+0600][282.836s][info][gc,phases      ] GC(45) Phase 2: Compute new object addresses 87.405ms
[2026-04-03T02:56:44.209+0600][282.836s][info][gc,phases,start] GC(45) Phase 3: Adjust pointers
[2026-04-03T02:56:44.308+0600][282.935s][info][gc,phases      ] GC(45) Phase 3: Adjust pointers 98.726ms
[2026-04-03T02:56:44.308+0600][282.935s][info][gc,phases,start] GC(45) Phase 4: Move objects
[2026-04-03T02:56:44.398+0600][283.024s][info][gc,phases      ] GC(45) Phase 4: Move objects 89.657ms
[2026-04-03T02:56:44.398+0600][283.024s][info][gc,ergo        ] GC(45) Bad progress for free space: 169K, need 5120K
[2026-04-03T02:56:44.398+0600][283.025s][info][gc             ] GC(45) Pause Degenerated GC (Outside of Cycle) 478M->478M(500M) 7775.033ms
[2026-04-03T02:56:44.398+0600][283.025s][info][gc,ergo        ] Free: 169K, Max: 73064B regular, 0B humongous, Frag: 0% external, 99% internal; Reserve: 20224K, Max: 256K
[2026-04-03T02:56:44.398+0600][283.025s][info][gc,stats       ] 
[2026-04-03T02:56:44.398+0600][283.025s][info][gc,stats       ] All times are wall-clock times, except per-root-class counters, that are sum over
[2026-04-03T02:56:44.398+0600][283.025s][info][gc,stats       ] all workers. Dividing the <total> over the root stage time estimates parallelism.
[2026-04-03T02:56:44.398+0600][283.025s][info][gc,stats       ] 
[2026-04-03T02:56:44.398+0600][283.025s][info][gc,stats       ] Pause Degenerated GC (G)        7775253 us
[2026-04-03T02:56:44.398+0600][283.025s][info][gc,stats       ] Pause Degenerated GC (N)        7775043 us
[2026-04-03T02:56:44.398+0600][283.025s][info][gc,stats       ]   Degen STW Mark                4221552 us, parallelism: 6.00x
[2026-04-03T02:56:44.398+0600][283.025s][info][gc,stats       ]     DSM: <total>               25322934 us
[2026-04-03T02:56:44.398+0600][283.025s][info][gc,stats       ]     DSM: Thread Roots              1013 us, workers (us): 352, 164, 174,  96,  93, 133, 
[2026-04-03T02:56:44.398+0600][283.025s][info][gc,stats       ]     DSM: VM Strong Roots             16 us, workers (us):   0,   7,   0,   8,   0,   0, 
[2026-04-03T02:56:44.398+0600][283.025s][info][gc,stats       ]     DSM: CLDG Roots                 268 us, workers (us):   6,  30,  14,  31, 183,   5, 
[2026-04-03T02:56:44.398+0600][283.025s][info][gc,stats       ]     DSM: Parallel Mark         25321638 us, workers (us): 4220049, 4220314, 4220403, 4220310, 4220172, 4220391, 
[2026-04-03T02:56:44.398+0600][283.025s][info][gc             ] Failed to allocate TLAB, 2648B
[2026-04-03T02:56:44.399+0600][283.025s][info][gc             ] Cancelling GC: Allocation Failure
[2026-04-03T02:56:44.398+0600][283.025s][info][gc,stats       ]     System Purge                   2551 us
[2026-04-03T02:56:44.399+0600][283.025s][info][gc,stats       ]       Weak References               613 us, parallelism: 0.85x
[2026-04-03T02:56:44.399+0600][283.025s][info][gc,stats       ]         WRP: <total>                521 us
[2026-04-03T02:56:44.399+0600][283.025s][info][gc,stats       ]         WRP: Weak References        521 us, workers (us): 391,  81,  18,  31,   0,   0, 
[2026-04-03T02:56:44.399+0600][283.025s][info][gc,stats       ]       Unload Classes               1480 us, parallelism: 4.95x
[2026-04-03T02:56:44.399+0600][283.025s][info][gc,stats       ]         DCU: <total>               7325 us
[2026-04-03T02:56:44.399+0600][283.025s][info][gc,stats       ]         DCU: Unload Code Caches     7325 us, workers (us): 1301, 1234, 1207, 1211, 1190, 1182, 
[2026-04-03T02:56:44.399+0600][283.025s][info][gc,stats       ]       Weak Roots                    434 us, parallelism: 1.22x
[2026-04-03T02:56:44.399+0600][283.025s][info][gc,stats       ]         DWR: <total>                529 us
[2026-04-03T02:56:44.399+0600][283.025s][info][gc,stats       ]         DWR: VM Weak Roots          529 us, workers (us): 174, 109,  77,  56,  57,  56, 
[2026-04-03T02:56:44.399+0600][283.025s][info][gc,stats       ]       CLDG                            8 us
[2026-04-03T02:56:44.399+0600][283.025s][info][gc,stats       ]   Update Region States               33 us
[2026-04-03T02:56:44.399+0600][283.025s][info][gc,stats       ]   Manage GC/TLABs                    12 us
[2026-04-03T02:56:44.399+0600][283.025s][info][gc,stats       ]   Choose Collection Set             245 us
[2026-04-03T02:56:44.399+0600][283.025s][info][gc,stats       ]   Rebuild Free Set                   38 us
[2026-04-03T02:56:44.399+0600][283.025s][info][gc,stats       ]   Evacuation                       7106 us
[2026-04-03T02:56:44.399+0600][283.025s][info][gc,stats       ]   Pre Heap Dump                       2 us
[2026-04-03T02:56:44.399+0600][283.025s][info][gc,stats       ]   Prepare                          3049 us
[2026-04-03T02:56:44.399+0600][283.025s][info][gc,stats       ]     Update Roots                   1985 us, parallelism: 4.66x
[2026-04-03T02:56:44.399+0600][283.025s][info][gc,stats       ]       FU: <total>                  9243 us
[2026-04-03T02:56:44.399+0600][283.025s][info][gc,stats       ]       FU: Thread Roots              707 us, workers (us): 214,  31,   3,  68, 189, 202, 
[2026-04-03T02:56:44.399+0600][283.025s][info][gc,stats       ]       FU: Code Cache Roots         7213 us, workers (us): 1104, 1275, 1472, 1226, 1034, 1102, 
[2026-04-03T02:56:44.399+0600][283.025s][info][gc,stats       ]       FU: VM Strong Roots            27 us, workers (us):  14,   6,   5,   1,   1,   1, 
[2026-04-03T02:56:44.399+0600][283.025s][info][gc,stats       ]       FU: VM Weak Roots             669 us, workers (us): 130, 133, 133, 118,  79,  76, 
[2026-04-03T02:56:44.399+0600][283.025s][info][gc,stats       ]       FU: CLDG Roots                627 us, workers (us):  80,  82, 139,  86, 159,  82, 
[2026-04-03T02:56:44.399+0600][283.025s][info][gc,stats       ]   Mark                          3263536 us, parallelism: 5.99x
[2026-04-03T02:56:44.399+0600][283.025s][info][gc,stats       ]     FM: <total>                19564222 us
[2026-04-03T02:56:44.399+0600][283.025s][info][gc,stats       ]     FM: Thread Roots                928 us, workers (us): 185, 193, 187, 132, 116, 115, 
[2026-04-03T02:56:44.399+0600][283.025s][info][gc,stats       ]     FM: VM Strong Roots              18 us, workers (us):   0,  15,   0,   1,   1,   1, 
[2026-04-03T02:56:44.399+0600][283.025s][info][gc,stats       ]     FM: CLDG Roots                  293 us, workers (us): 166,   8,  20,  23,  38,  38, 
[2026-04-03T02:56:44.399+0600][283.025s][info][gc,stats       ]     FM: Parallel Mark          19562984 us, workers (us): 3260433, 3260590, 3260572, 3260563, 3260445, 3260380, 
[2026-04-03T02:56:44.399+0600][283.025s][info][gc,stats       ]     System Purge                   1863 us
[2026-04-03T02:56:44.399+0600][283.025s][info][gc,stats       ]       Weak References               312 us, parallelism: 0.66x
[2026-04-03T02:56:44.399+0600][283.025s][info][gc,stats       ]         WRP: <total>                206 us
[2026-04-03T02:56:44.399+0600][283.025s][info][gc,stats       ]         WRP: Weak References        206 us, workers (us): 151,   8,  31,  16,   0,   0, 
[2026-04-03T02:56:44.399+0600][283.025s][info][gc,stats       ]       Unload Classes               1296 us, parallelism: 5.20x
[2026-04-03T02:56:44.399+0600][283.025s][info][gc,stats       ]         CU: <total>                6737 us
[2026-04-03T02:56:44.399+0600][283.025s][info][gc,stats       ]         CU: Unload Code Caches     6737 us, workers (us): 1183, 1153, 1115, 1108, 1092, 1087, 
[2026-04-03T02:56:44.399+0600][283.025s][info][gc,stats       ]       Weak Roots                    241 us, parallelism: 2.26x
[2026-04-03T02:56:44.399+0600][283.025s][info][gc,stats       ]         WR: <total>                 545 us
[2026-04-03T02:56:44.399+0600][283.025s][info][gc,stats       ]         WR: VM Weak Roots           545 us, workers (us): 156, 107,  78,  69,  67,  67, 
[2026-04-03T02:56:44.399+0600][283.025s][info][gc,stats       ]       CLDG                            2 us
[2026-04-03T02:56:44.399+0600][283.025s][info][gc,stats       ]   Calculate Addresses             87390 us
[2026-04-03T02:56:44.399+0600][283.025s][info][gc,stats       ]     Regular Objects               87226 us
[2026-04-03T02:56:44.399+0600][283.025s][info][gc,stats       ]     Humongous Objects                30 us
[2026-04-03T02:56:44.399+0600][283.025s][info][gc,stats       ]   Adjust Pointers                 98711 us
[2026-04-03T02:56:44.399+0600][283.025s][info][gc,stats       ]     FA: <total>                    7466 us
[2026-04-03T02:56:44.399+0600][283.025s][info][gc,stats       ]     FA: Thread Roots                532 us, workers (us):   1,   1,   3,  39, 210, 278, 
[2026-04-03T02:56:44.399+0600][283.025s][info][gc,stats       ]     FA: Code Cache Roots           5681 us, workers (us): 909, 1168, 1041, 986, 817, 760, 
[2026-04-03T02:56:44.399+0600][283.025s][info][gc,stats       ]     FA: VM Strong Roots             104 us, workers (us):  18,  16,  18,  18,  17,  17, 
[2026-04-03T02:56:44.399+0600][283.025s][info][gc,stats       ]     FA: VM Weak Roots               623 us, workers (us): 104, 105, 103, 104, 103, 104, 
[2026-04-03T02:56:44.399+0600][283.025s][info][gc,stats       ]     FA: CLDG Roots                  526 us, workers (us): 171, 129,  66,  54,  54,  52, 
[2026-04-03T02:56:44.399+0600][283.025s][info][gc,stats       ]   Copy Objects                    89639 us
[2026-04-03T02:56:44.399+0600][283.025s][info][gc,stats       ]     Regular Objects               88481 us
[2026-04-03T02:56:44.399+0600][283.025s][info][gc,stats       ]     Humongous Objects                19 us
[2026-04-03T02:56:44.399+0600][283.025s][info][gc,stats       ]     Reset Complete Bitmap           761 us
[2026-04-03T02:56:44.399+0600][283.025s][info][gc,stats       ]     Rebuild Region Sets             374 us
[2026-04-03T02:56:44.399+0600][283.025s][info][gc,stats       ]   Post Heap Dump                      1 us
[2026-04-03T02:56:44.399+0600][283.025s][info][gc,stats       ] 
[2026-04-03T02:56:44.399+0600][283.025s][info][gc,stats       ] Allocation pacing accrued:
[2026-04-03T02:56:44.399+0600][283.025s][info][gc,stats       ]       0 of  7777 ms (  0.0%): <total>
[2026-04-03T02:56:44.399+0600][283.025s][info][gc,stats       ]       0 of  7777 ms (  0.0%): <average total>
[2026-04-03T02:56:44.399+0600][283.025s][info][gc,stats       ] 
[2026-04-03T02:56:44.399+0600][283.025s][info][gc,metaspace   ] Metaspace: 49265K(49728K)->49266K(49728K) NonClass: 43108K(43392K)->43109K(43392K) Class: 6157K(6336K)->6157K(6336K)
[2026-04-03T02:56:44.399+0600][283.025s][info][gc,ergo        ] Pacer for Idle. Initial: 10240K, Alloc Tax Rate: 1.0x
[2026-04-03T02:56:44.400+0600][283.026s][info][gc             ] Trigger: Handle Allocation Failure
[2026-04-03T02:56:44.400+0600][283.027s][info][gc,ergo        ] Free: 0B, Max: 0B regular, 0B humongous, Frag: 0% external, 0% internal; Reserve: 20224K, Max: 256K
[2026-04-03T02:56:44.400+0600][283.027s][info][gc,start       ] GC(46) Pause Degenerated GC (Outside of Cycle)
[2026-04-03T02:56:44.400+0600][283.027s][info][gc,task        ] GC(46) Using 6 of 6 workers for stw degenerated gc
[2026-04-03T02:56:44.401+0600][283.027s][info][gc,ref         ] GC(46) Clearing All SoftReferences
[2026-04-03T02:56:47.631+0600][286.258s][info][gc,ref         ] GC(46) Encountered references: Soft: 2430, Weak: 2693, Final: 74, Phantom: 586
[2026-04-03T02:56:47.631+0600][286.258s][info][gc,ref         ] GC(46) Discovered  references: Soft: 232, Weak: 1864, Final: 74, Phantom: 539
[2026-04-03T02:56:47.631+0600][286.258s][info][gc,ref         ] GC(46) Enqueued    references: Soft: 0, Weak: 1, Final: 0, Phantom: 0
[2026-04-03T02:56:47.633+0600][286.260s][info][gc,ergo        ] GC(46) Adaptive CSet Selection. Target Free: 72533K, Actual Free: 20224K, Max CSet: 21333K, Min Garbage: 52309K
[2026-04-03T02:56:47.634+0600][286.260s][info][gc,ergo        ] GC(46) Collectable Garbage: 59856B (100%), Immediate: 0B (0%), CSet: 59856B (100%)
[2026-04-03T02:56:47.641+0600][286.267s][info][gc             ] GC(46) Cancelling GC: Allocation Failure During Evacuation
[2026-04-03T02:56:47.643+0600][286.269s][info][gc             ] GC(46) Cannot finish degeneration, upgrading to Full GC
[2026-04-03T02:56:47.647+0600][286.273s][info][gc,phases,start] GC(46) Phase 1: Mark live objects
[2026-04-03T02:56:47.647+0600][286.273s][info][gc,ref         ] GC(46) Clearing All SoftReferences
[2026-04-03T02:56:47.647+0600][286.273s][info][gc,ref         ] GC(46) Clearing All SoftReferences
[2026-04-03T02:56:51.838+0600][290.465s][info][gc,ref         ] GC(46) Encountered references: Soft: 2430, Weak: 2692, Final: 74, Phantom: 586
[2026-04-03T02:56:51.838+0600][290.465s][info][gc,ref         ] GC(46) Discovered  references: Soft: 230, Weak: 1845, Final: 74, Phantom: 578
[2026-04-03T02:56:51.838+0600][290.465s][info][gc,ref         ] GC(46) Enqueued    references: Soft: 0, Weak: 0, Final: 0, Phantom: 0
[2026-04-03T02:56:51.840+0600][290.467s][info][gc,phases      ] GC(46) Phase 1: Mark live objects 4193.657ms
[2026-04-03T02:56:51.840+0600][290.467s][info][gc,phases,start] GC(46) Phase 2: Compute new object addresses
[2026-04-03T02:56:51.927+0600][290.553s][info][gc,phases      ] GC(46) Phase 2: Compute new object addresses 86.275ms
[2026-04-03T02:56:51.927+0600][290.553s][info][gc,phases,start] GC(46) Phase 3: Adjust pointers
[2026-04-03T02:56:52.024+0600][290.651s][info][gc,phases      ] GC(46) Phase 3: Adjust pointers 97.687ms
[2026-04-03T02:56:52.024+0600][290.651s][info][gc,phases,start] GC(46) Phase 4: Move objects
[2026-04-03T02:56:52.116+0600][290.742s][info][gc,phases      ] GC(46) Phase 4: Move objects 91.603ms
[2026-04-03T02:56:52.116+0600][290.743s][info][gc,ergo        ] GC(46) Bad progress for free space: 389K, need 5120K
[2026-04-03T02:56:52.116+0600][290.743s][info][gc             ] GC(46) Pause Degenerated GC (Outside of Cycle) 478M->478M(500M) 7716.023ms
[2026-04-03T02:56:52.116+0600][290.743s][info][gc,ergo        ] Free: 389K, Max: 102K regular, 0B humongous, Frag: 0% external, 99% internal; Reserve: 19968K, Max: 256K
[2026-04-03T02:56:52.116+0600][290.743s][info][gc,stats       ] 
[2026-04-03T02:56:52.116+0600][290.743s][info][gc,stats       ] All times are wall-clock times, except per-root-class counters, that are sum over
[2026-04-03T02:56:52.116+0600][290.743s][info][gc,stats       ] all workers. Dividing the <total> over the root stage time estimates parallelism.
[2026-04-03T02:56:52.116+0600][290.743s][info][gc,stats       ] 
[2026-04-03T02:56:52.116+0600][290.743s][info][gc,stats       ] Pause Degenerated GC (G)        7716121 us
[2026-04-03T02:56:52.116+0600][290.743s][info][gc,stats       ] Pause Degenerated GC (N)        7716033 us
[2026-04-03T02:56:52.116+0600][290.743s][info][gc,stats       ]   Degen STW Mark                3230512 us, parallelism: 6.00x
[2026-04-03T02:56:52.116+0600][290.743s][info][gc,stats       ]     DSM: <total>               19375443 us
[2026-04-03T02:56:52.116+0600][290.743s][info][gc,stats       ]     DSM: Thread Roots               785 us, workers (us): 176, 114, 129, 101, 101, 164, 
[2026-04-03T02:56:52.117+0600][290.743s][info][gc,stats       ]     DSM: VM Strong Roots             17 us, workers (us):   0,   6,   0,   5,   5,   0, 
[2026-04-03T02:56:52.117+0600][290.743s][info][gc,stats       ]     DSM: CLDG Roots                 212 us, workers (us): 124,  16,   6,  26,  27,  13, 
[2026-04-03T02:56:52.117+0600][290.743s][info][gc,stats       ]     DSM: Parallel Mark         19374429 us, workers (us): 3228968, 3229148, 3229386, 3229021, 3229388, 3228518, 
[2026-04-03T02:56:52.117+0600][290.743s][info][gc,stats       ]     System Purge                   2453 us
[2026-04-03T02:56:52.117+0600][290.743s][info][gc,stats       ]       Weak References               464 us, parallelism: 0.71x
[2026-04-03T02:56:52.117+0600][290.743s][info][gc,stats       ]         WRP: <total>                329 us
[2026-04-03T02:56:52.117+0600][290.743s][info][gc,stats       ]         WRP: Weak References        329 us, workers (us): 116, 190,   1,  22,   0,   1, 
[2026-04-03T02:56:52.117+0600][290.743s][info][gc,stats       ]       Unload Classes               1757 us, parallelism: 5.30x
[2026-04-03T02:56:52.117+0600][290.743s][info][gc,stats       ]         DCU: <total>               9306 us
[2026-04-03T02:56:52.117+0600][290.743s][info][gc,stats       ]         DCU: Unload Code Caches     9306 us, workers (us): 1641, 1556, 1541, 1558, 1503, 1507, 
[2026-04-03T02:56:52.117+0600][290.743s][info][gc,stats       ]       Weak Roots                    216 us, parallelism: 2.39x
[2026-04-03T02:56:52.117+0600][290.743s][info][gc,stats       ]         DWR: <total>                518 us
[2026-04-03T02:56:52.117+0600][290.743s][info][gc,stats       ]         DWR: VM Weak Roots          518 us, workers (us): 149, 100,  89,  87,  49,  43, 
[2026-04-03T02:56:52.117+0600][290.743s][info][gc,stats       ]       CLDG                            3 us
[2026-04-03T02:56:52.117+0600][290.743s][info][gc,stats       ]   Update Region States               40 us
[2026-04-03T02:56:52.117+0600][290.743s][info][gc,stats       ]   Manage GC/TLABs                    11 us
[2026-04-03T02:56:52.117+0600][290.743s][info][gc,stats       ]   Choose Collection Set             231 us
[2026-04-03T02:56:52.117+0600][290.743s][info][gc,stats       ]   Rebuild Free Set                   49 us
[2026-04-03T02:56:52.117+0600][290.743s][info][gc,stats       ]   Evacuation                       8675 us
[2026-04-03T02:56:52.117+0600][290.743s][info][gc,stats       ]   Pre Heap Dump                       2 us
[2026-04-03T02:56:52.117+0600][290.743s][info][gc,stats       ]   Prepare                          3616 us
[2026-04-03T02:56:52.117+0600][290.743s][info][gc,stats       ]     Update Roots                   2429 us, parallelism: 4.79x
[2026-04-03T02:56:52.117+0600][290.743s][info][gc,stats       ]       FU: <total>                 11632 us
[2026-04-03T02:56:52.117+0600][290.743s][info][gc             ] Failed to allocate TLAB, 2656B
[2026-04-03T02:56:52.117+0600][290.743s][info][gc             ] Cancelling GC: Allocation Failure
[2026-04-03T02:56:52.117+0600][290.743s][info][gc,stats       ]       FU: Thread Roots              836 us, workers (us): 205,  41,   3, 109, 236, 241, 
[2026-04-03T02:56:52.117+0600][290.743s][info][gc,stats       ]       FU: Code Cache Roots         8923 us, workers (us): 1307, 1575, 1760, 1499, 1379, 1403, 
[2026-04-03T02:56:52.117+0600][290.743s][info][gc,stats       ]       FU: VM Strong Roots            24 us, workers (us):  17,   2,   1,   1,   1,   1, 
[2026-04-03T02:56:52.117+0600][290.743s][info][gc,stats       ]       FU: VM Weak Roots             929 us, workers (us): 208, 199, 173, 117, 117, 114, 
[2026-04-03T02:56:52.117+0600][290.743s][info][gc,stats       ]       FU: CLDG Roots                921 us, workers (us): 228, 118, 205, 121, 119, 130, 
[2026-04-03T02:56:52.117+0600][290.743s][info][gc,stats       ]   Mark                          4193559 us, parallelism: 5.99x
[2026-04-03T02:56:52.117+0600][290.743s][info][gc,stats       ]     FM: <total>                25138988 us
[2026-04-03T02:56:52.117+0600][290.743s][info][gc,stats       ]     FM: Thread Roots               1032 us, workers (us): 225, 181, 154, 160, 200, 113, 
[2026-04-03T02:56:52.117+0600][290.743s][info][gc,stats       ]     FM: VM Strong Roots              32 us, workers (us):   1,   8,   9,   6,   1,   8, 
[2026-04-03T02:56:52.117+0600][290.743s][info][gc,stats       ]     FM: CLDG Roots                  348 us, workers (us): 169,  47,  41,  27,  27,  38, 
[2026-04-03T02:56:52.117+0600][290.743s][info][gc,stats       ]     FM: Parallel Mark          25137576 us, workers (us): 4189526, 4189526, 4189687, 4189623, 4189662, 4189552, 
[2026-04-03T02:56:52.117+0600][290.743s][info][gc,stats       ]     System Purge                   2463 us
[2026-04-03T02:56:52.117+0600][290.743s][info][gc,stats       ]       Weak References               546 us, parallelism: 1.21x
[2026-04-03T02:56:52.117+0600][290.743s][info][gc,stats       ]         WRP: <total>                661 us
[2026-04-03T02:56:52.117+0600][290.743s][info][gc,stats       ]         WRP: Weak References        661 us, workers (us): 401, 232,  27,   1,   0,   0, 
[2026-04-03T02:56:52.117+0600][290.743s][info][gc,stats       ]       Unload Classes               1640 us, parallelism: 4.61x
[2026-04-03T02:56:52.117+0600][290.743s][info][gc,stats       ]         CU: <total>                7557 us
[2026-04-03T02:56:52.117+0600][290.743s][info][gc,stats       ]         CU: Unload Code Caches     7557 us, workers (us): 1298, 1278, 1248, 1241, 1260, 1231, 
[2026-04-03T02:56:52.117+0600][290.743s][info][gc,stats       ]       Weak Roots                    251 us, parallelism: 2.78x
[2026-04-03T02:56:52.117+0600][290.743s][info][gc,stats       ]         WR: <total>                 698 us
[2026-04-03T02:56:52.117+0600][290.743s][info][gc,stats       ]         WR: VM Weak Roots           698 us, workers (us): 210, 102, 101, 101,  99,  85, 
[2026-04-03T02:56:52.117+0600][290.743s][info][gc,stats       ]       CLDG                           10 us
[2026-04-03T02:56:52.117+0600][290.743s][info][gc,stats       ]   Calculate Addresses             86267 us
[2026-04-03T02:56:52.117+0600][290.743s][info][gc,stats       ]     Regular Objects               86165 us
[2026-04-03T02:56:52.117+0600][290.743s][info][gc,stats       ]     Humongous Objects                29 us
[2026-04-03T02:56:52.117+0600][290.743s][info][gc,stats       ]   Adjust Pointers                 97676 us
[2026-04-03T02:56:52.117+0600][290.743s][info][gc,stats       ]     FA: <total>                    6997 us
[2026-04-03T02:56:52.117+0600][290.743s][info][gc,stats       ]     FA: Thread Roots                557 us, workers (us):  79,   2, 166,  49,  70, 192, 
[2026-04-03T02:56:52.117+0600][290.743s][info][gc,stats       ]     FA: Code Cache Roots           5297 us, workers (us): 838, 980, 816, 935, 934, 795, 
[2026-04-03T02:56:52.117+0600][290.743s][info][gc,stats       ]     FA: VM Strong Roots              15 us, workers (us):  11,   1,   1,   1,   1,   1, 
[2026-04-03T02:56:52.117+0600][290.743s][info][gc,stats       ]     FA: VM Weak Roots               586 us, workers (us): 167,  95,  94,  89,  89,  53, 
[2026-04-03T02:56:52.117+0600][290.743s][info][gc,stats       ]     FA: CLDG Roots                  541 us, workers (us): 119, 191,  55,  54,  67,  55, 
[2026-04-03T02:56:52.117+0600][290.743s][info][gc,stats       ]   Copy Objects                    91591 us
[2026-04-03T02:56:52.117+0600][290.743s][info][gc,stats       ]     Regular Objects               90743 us
[2026-04-03T02:56:52.117+0600][290.743s][info][gc,stats       ]     Humongous Objects                20 us
[2026-04-03T02:56:52.117+0600][290.743s][info][gc,stats       ]     Reset Complete Bitmap           667 us
[2026-04-03T02:56:52.117+0600][290.743s][info][gc,stats       ]     Rebuild Region Sets             159 us
[2026-04-03T02:56:52.117+0600][290.743s][info][gc,stats       ]   Post Heap Dump                      1 us
[2026-04-03T02:56:52.117+0600][290.743s][info][gc,stats       ] 
[2026-04-03T02:56:52.117+0600][290.743s][info][gc,stats       ] Allocation pacing accrued:
[2026-04-03T02:56:52.117+0600][290.743s][info][gc,stats       ]       0 of  7718 ms (  0.0%): <total>
[2026-04-03T02:56:52.117+0600][290.743s][info][gc,stats       ]       0 of  7718 ms (  0.0%): <average total>
[2026-04-03T02:56:52.117+0600][290.743s][info][gc,stats       ] 
[2026-04-03T02:56:52.117+0600][290.744s][info][gc,metaspace   ] Metaspace: 49266K(49728K)->49292K(49728K) NonClass: 43109K(43392K)->43133K(43392K) Class: 6157K(6336K)->6159K(6336K)
[2026-04-03T02:56:52.117+0600][290.744s][info][gc,ergo        ] Pacer for Idle. Initial: 10240K, Alloc Tax Rate: 1.0x
[2026-04-03T02:56:52.118+0600][290.745s][info][gc             ] Trigger: Handle Allocation Failure
[2026-04-03T02:56:52.118+0600][290.745s][info][gc,ergo        ] Free: 0B, Max: 0B regular, 0B humongous, Frag: 0% external, 0% internal; Reserve: 19968K, Max: 256K
[2026-04-03T02:56:52.118+0600][290.745s][info][gc,start       ] GC(47) Pause Full
[2026-04-03T02:56:52.118+0600][290.745s][info][gc,task        ] GC(47) Using 6 of 6 workers for full gc
[2026-04-03T02:56:52.119+0600][290.745s][info][gc,phases,start] GC(47) Phase 1: Mark live objects
[2026-04-03T02:56:52.119+0600][290.745s][info][gc,ref         ] GC(47) Clearing All SoftReferences
[2026-04-03T02:56:52.119+0600][290.745s][info][gc,ref         ] GC(47) Clearing All SoftReferences
[2026-04-03T02:56:55.941+0600][294.567s][info][gc,ref         ] GC(47) Encountered references: Soft: 2432, Weak: 2694, Final: 74, Phantom: 586
[2026-04-03T02:56:55.941+0600][294.567s][info][gc,ref         ] GC(47) Discovered  references: Soft: 229, Weak: 1350, Final: 58, Phantom: 582
[2026-04-03T02:56:55.941+0600][294.567s][info][gc,ref         ] GC(47) Enqueued    references: Soft: 0, Weak: 0, Final: 0, Phantom: 0
[2026-04-03T02:56:55.943+0600][294.569s][info][gc,phases      ] GC(47) Phase 1: Mark live objects 3824.287ms
[2026-04-03T02:56:55.943+0600][294.569s][info][gc,phases,start] GC(47) Phase 2: Compute new object addresses
[2026-04-03T02:56:56.025+0600][294.652s][info][gc,phases      ] GC(47) Phase 2: Compute new object addresses 82.462ms
[2026-04-03T02:56:56.025+0600][294.652s][info][gc,phases,start] GC(47) Phase 3: Adjust pointers
[2026-04-03T02:56:56.122+0600][294.748s][info][gc,phases      ] GC(47) Phase 3: Adjust pointers 96.513ms
[2026-04-03T02:56:56.122+0600][294.748s][info][gc,phases,start] GC(47) Phase 4: Move objects
[2026-04-03T02:56:56.205+0600][294.831s][info][gc,phases      ] GC(47) Phase 4: Move objects 82.546ms
[2026-04-03T02:56:56.205+0600][294.831s][info][gc,ergo        ] GC(47) Bad progress for free space: 315K, need 5120K
[2026-04-03T02:56:56.205+0600][294.831s][info][gc             ] GC(47) Pause Full 479M->478M(500M) 4086.509ms
[2026-04-03T02:56:56.205+0600][294.831s][info][gc,ergo        ] Free: 315K, Max: 65832B regular, 0B humongous, Frag: 0% external, 99% internal; Reserve: 20224K, Max: 256K
[2026-04-03T02:56:56.205+0600][294.831s][info][gc,stats       ] 
[2026-04-03T02:56:56.205+0600][294.831s][info][gc,stats       ] All times are wall-clock times, except per-root-class counters, that are sum over
[2026-04-03T02:56:56.205+0600][294.831s][info][gc,stats       ] all workers. Dividing the <total> over the root stage time estimates parallelism.
[2026-04-03T02:56:56.205+0600][294.831s][info][gc,stats       ] 
[2026-04-03T02:56:56.205+0600][294.831s][info][gc,stats       ] Pause Full GC (G)               4086613 us
[2026-04-03T02:56:56.205+0600][294.831s][info][gc,stats       ] Pause Full GC (N)               4086520 us
[2026-04-03T02:56:56.205+0600][294.831s][info][gc,stats       ]   Pre Heap Dump                       0 us
[2026-04-03T02:56:56.205+0600][294.831s][info][gc,stats       ]   Prepare                           204 us
[2026-04-03T02:56:56.205+0600][294.831s][info][gc,stats       ]   Mark                          3824274 us, parallelism: 5.99x
[2026-04-03T02:56:56.205+0600][294.831s][info][gc,stats       ]     FM: <total>                22923288 us
[2026-04-03T02:56:56.205+0600][294.831s][info][gc,stats       ]     FM: Thread Roots                729 us, workers (us): 142, 142, 137, 120,  70, 118, 
[2026-04-03T02:56:56.205+0600][294.831s][info][gc,stats       ]     FM: VM Strong Roots              13 us, workers (us):   0,   1,   0,   0,  11,   0, 
[2026-04-03T02:56:56.205+0600][294.831s][info][gc,stats       ]     FM: CLDG Roots                  195 us, workers (us): 113,  10,  14,  17,  26,  15, 
[2026-04-03T02:56:56.205+0600][294.831s][info][gc,stats       ]     FM: Parallel Mark          22922351 us, workers (us): 3820360, 3820501, 3820411, 3820498, 3820198, 3820383, 
[2026-04-03T02:56:56.205+0600][294.831s][info][gc,stats       ]     System Purge                   2621 us
[2026-04-03T02:56:56.205+0600][294.832s][info][gc,stats       ]       Weak References               656 us, parallelism: 0.61x
[2026-04-03T02:56:56.205+0600][294.832s][info][gc,stats       ]         WRP: <total>                400 us
[2026-04-03T02:56:56.205+0600][294.832s][info][gc,stats       ]         WRP: Weak References        400 us, workers (us): 338,  61,   0,   0,   0,   0, 
[2026-04-03T02:56:56.205+0600][294.832s][info][gc,stats       ]       Unload Classes               1659 us, parallelism: 4.88x
[2026-04-03T02:56:56.205+0600][294.832s][info][gc,stats       ]         CU: <total>                8094 us
[2026-04-03T02:56:56.205+0600][294.832s][info][gc,stats       ]         CU: Unload Code Caches     8094 us, workers (us): 1402, 1338, 1356, 1328, 1336, 1335, 
[2026-04-03T02:56:56.205+0600][294.832s][info][gc,stats       ]       Weak Roots                    194 us, parallelism: 2.67x
[2026-04-03T02:56:56.205+0600][294.832s][info][gc,stats       ]         WR: <total>                 516 us
[2026-04-03T02:56:56.205+0600][294.832s][info][gc,stats       ]         WR: VM Weak Roots           516 us, workers (us): 137, 123,  78,  73,  73,  32, 
[2026-04-03T02:56:56.205+0600][294.832s][info][gc,stats       ]       CLDG                            3 us
[2026-04-03T02:56:56.205+0600][294.832s][info][gc,stats       ]   Calculate Addresses             82452 us
[2026-04-03T02:56:56.205+0600][294.832s][info][gc,stats       ]     Regular Objects               82363 us
[2026-04-03T02:56:56.205+0600][294.832s][info][gc,stats       ]     Humongous Objects                30 us
[2026-04-03T02:56:56.205+0600][294.832s][info][gc,stats       ]   Adjust Pointers                 96501 us
[2026-04-03T02:56:56.205+0600][294.832s][info][gc,stats       ]     FA: <total>                    7422 us
[2026-04-03T02:56:56.205+0600][294.832s][info][gc,stats       ]     FA: Thread Roots                521 us, workers (us):  88,   3, 127, 161,   4, 140, 
[2026-04-03T02:56:56.205+0600][294.832s][info][gc,stats       ]     FA: Code Cache Roots           5536 us, workers (us): 806, 1224, 864, 824, 985, 833, 
[2026-04-03T02:56:56.205+0600][294.832s][info][gc,stats       ]     FA: VM Strong Roots              18 us, workers (us):  14,   1,   1,   1,   1,   1, 
[2026-04-03T02:56:56.205+0600][294.832s][info][gc,stats       ]     FA: VM Weak Roots               748 us, workers (us): 186, 123, 111, 112, 108, 108, 
[2026-04-03T02:56:56.205+0600][294.832s][info][gc,stats       ]     FA: CLDG Roots                  599 us, workers (us): 169, 159,  64,  65,  64,  78, 
[2026-04-03T02:56:56.205+0600][294.832s][info][gc,stats       ]   Copy Objects                    82533 us
[2026-04-03T02:56:56.205+0600][294.832s][info][gc,stats       ]     Regular Objects               81589 us
[2026-04-03T02:56:56.205+0600][294.832s][info][gc,stats       ]     Humongous Objects                40 us
[2026-04-03T02:56:56.205+0600][294.832s][info][gc,stats       ]     Reset Complete Bitmap           707 us
[2026-04-03T02:56:56.205+0600][294.832s][info][gc,stats       ]     Rebuild Region Sets             195 us
[2026-04-03T02:56:56.205+0600][294.832s][info][gc,stats       ]   Post Heap Dump                      1 us
[2026-04-03T02:56:56.205+0600][294.832s][info][gc,stats       ] 
[2026-04-03T02:56:56.205+0600][294.832s][info][gc,stats       ] Allocation pacing accrued:
[2026-04-03T02:56:56.205+0600][294.832s][info][gc,stats       ]       0 of  4088 ms (  0.0%): <total>
[2026-04-03T02:56:56.205+0600][294.832s][info][gc,stats       ]       0 of  4088 ms (  0.0%): <average total>
[2026-04-03T02:56:56.205+0600][294.832s][info][gc,stats       ] 
[2026-04-03T02:56:56.205+0600][294.832s][info][gc,metaspace   ] Metaspace: 49315K(49728K)->49319K(49728K) NonClass: 43155K(43392K)->43159K(43392K) Class: 6160K(6336K)->6160K(6336K)
[2026-04-03T02:56:56.205+0600][294.832s][info][gc,ergo        ] Pacer for Idle. Initial: 10240K, Alloc Tax Rate: 1.0x
[2026-04-03T02:56:56.206+0600][294.832s][info][gc             ] Failed to allocate TLAB, 2656B
[2026-04-03T02:56:56.206+0600][294.832s][info][gc             ] Cancelling GC: Allocation Failure
[2026-04-03T02:56:56.208+0600][294.834s][info][gc             ] Trigger: Handle Allocation Failure
[2026-04-03T02:56:56.208+0600][294.834s][info][gc,ergo        ] Free: 0B, Max: 0B regular, 0B humongous, Frag: 0% external, 0% internal; Reserve: 20224K, Max: 256K
[2026-04-03T02:56:56.208+0600][294.834s][info][gc,start       ] GC(48) Pause Degenerated GC (Outside of Cycle)
[2026-04-03T02:56:56.208+0600][294.834s][info][gc,task        ] GC(48) Using 6 of 6 workers for stw degenerated gc
[2026-04-03T02:56:56.208+0600][294.834s][info][gc,ref         ] GC(48) Clearing All SoftReferences
[2026-04-03T02:57:00.506+0600][299.132s][info][gc,ref         ] GC(48) Encountered references: Soft: 2435, Weak: 2700, Final: 74, Phantom: 586
[2026-04-03T02:57:00.506+0600][299.132s][info][gc,ref         ] GC(48) Discovered  references: Soft: 231, Weak: 1454, Final: 74, Phantom: 581
[2026-04-03T02:57:00.506+0600][299.132s][info][gc,ref         ] GC(48) Enqueued    references: Soft: 2, Weak: 3, Final: 0, Phantom: 0
[2026-04-03T02:57:00.508+0600][299.134s][info][gc,ergo        ] GC(48) Adaptive CSet Selection. Target Free: 72533K, Actual Free: 20224K, Max CSet: 21333K, Min Garbage: 52309K
[2026-04-03T02:57:00.508+0600][299.135s][info][gc,ergo        ] GC(48) Collectable Garbage: 138K (100%), Immediate: 0B (0%), CSet: 138K (100%)
[2026-04-03T02:57:00.514+0600][299.140s][info][gc             ] GC(48) Cancelling GC: Allocation Failure During Evacuation
[2026-04-03T02:57:00.516+0600][299.142s][info][gc             ] GC(48) Cannot finish degeneration, upgrading to Full GC
[2026-04-03T02:57:00.518+0600][299.145s][info][gc,phases,start] GC(48) Phase 1: Mark live objects
[2026-04-03T02:57:00.519+0600][299.145s][info][gc,ref         ] GC(48) Clearing All SoftReferences
[2026-04-03T02:57:00.519+0600][299.145s][info][gc,ref         ] GC(48) Clearing All SoftReferences
[2026-04-03T02:57:04.677+0600][303.303s][info][gc,ref         ] GC(48) Encountered references: Soft: 2433, Weak: 2697, Final: 74, Phantom: 586
[2026-04-03T02:57:04.677+0600][303.304s][info][gc,ref         ] GC(48) Discovered  references: Soft: 226, Weak: 1409, Final: 74, Phantom: 580
[2026-04-03T02:57:04.677+0600][303.304s][info][gc,ref         ] GC(48) Enqueued    references: Soft: 0, Weak: 0, Final: 0, Phantom: 0
[2026-04-03T02:57:04.679+0600][303.305s][info][gc,phases      ] GC(48) Phase 1: Mark live objects 4160.693ms
[2026-04-03T02:57:04.679+0600][303.305s][info][gc,phases,start] GC(48) Phase 2: Compute new object addresses
[2026-04-03T02:57:04.764+0600][303.391s][info][gc,phases      ] GC(48) Phase 2: Compute new object addresses 85.065ms
[2026-04-03T02:57:04.764+0600][303.391s][info][gc,phases,start] GC(48) Phase 3: Adjust pointers
[2026-04-03T02:57:04.861+0600][303.487s][info][gc,phases      ] GC(48) Phase 3: Adjust pointers 96.361ms
[2026-04-03T02:57:04.861+0600][303.487s][info][gc,phases,start] GC(48) Phase 4: Move objects
[2026-04-03T02:57:04.949+0600][303.576s][info][gc,phases      ] GC(48) Phase 4: Move objects 88.630ms
[2026-04-03T02:57:04.950+0600][303.576s][info][gc,ergo        ] GC(48) Bad progress for free space: 174K, need 5120K
[2026-04-03T02:57:04.950+0600][303.576s][info][gc             ] GC(48) Pause Degenerated GC (Outside of Cycle) 478M->478M(500M) 8742.094ms
[2026-04-03T02:57:04.950+0600][303.576s][info][gc,ergo        ] Free: 174K, Max: 117K regular, 0B humongous, Frag: 0% external, 99% internal; Reserve: 20224K, Max: 256K
[2026-04-03T02:57:04.950+0600][303.576s][info][gc,stats       ] 
[2026-04-03T02:57:04.950+0600][303.576s][info][gc,stats       ] All times are wall-clock times, except per-root-class counters, that are sum over
[2026-04-03T02:57:04.950+0600][303.576s][info][gc,stats       ] all workers. Dividing the <total> over the root stage time estimates parallelism.
[2026-04-03T02:57:04.950+0600][303.576s][info][gc,stats       ] 
[2026-04-03T02:57:04.950+0600][303.576s][info][gc,stats       ] Pause Degenerated GC (G)        8742302 us
[2026-04-03T02:57:04.950+0600][303.576s][info][gc,stats       ] Pause Degenerated GC (N)        8742111 us
[2026-04-03T02:57:04.950+0600][303.576s][info][gc,stats       ]   Degen STW Mark                4297435 us, parallelism: 6.00x
[2026-04-03T02:57:04.950+0600][303.576s][info][gc,stats       ]     DSM: <total>               25778022 us
[2026-04-03T02:57:04.950+0600][303.576s][info][gc,stats       ]     DSM: Thread Roots               765 us, workers (us): 151, 144, 180,  81, 154,  55, 
[2026-04-03T02:57:04.950+0600][303.576s][info][gc,stats       ]     DSM: VM Strong Roots             19 us, workers (us):   0,   6,   0,   5,   0,   7, 
[2026-04-03T02:57:04.950+0600][303.576s][info][gc,stats       ]     DSM: CLDG Roots                 226 us, workers (us): 133,  24,  16,  16,   7,  30, 
[2026-04-03T02:57:04.950+0600][303.576s][info][gc,stats       ]     DSM: Parallel Mark         25777012 us, workers (us): 4296183, 4296284, 4296154, 4296211, 4296053, 4296126, 
[2026-04-03T02:57:04.950+0600][303.576s][info][gc,stats       ]     System Purge                   2623 us
[2026-04-03T02:57:04.950+0600][303.576s][info][gc,stats       ]       Weak References               700 us, parallelism: 0.67x
[2026-04-03T02:57:04.950+0600][303.576s][info][gc,stats       ]         WRP: <total>                472 us
[2026-04-03T02:57:04.950+0600][303.577s][info][gc,stats       ]         WRP: Weak References        472 us, workers (us): 299,  36, 100,  36,   0,   0, 
[2026-04-03T02:57:04.950+0600][303.577s][info][gc,stats       ]       Unload Classes               1489 us, parallelism: 4.88x
[2026-04-03T02:57:04.950+0600][303.577s][info][gc,stats       ]         DCU: <total>               7269 us
[2026-04-03T02:57:04.950+0600][303.577s][info][gc,stats       ]         DCU: Unload Code Caches     7269 us, workers (us): 1249, 1261, 1235, 1220, 1176, 1129, 
[2026-04-03T02:57:04.950+0600][303.577s][info][gc,stats       ]       Weak Roots                    374 us, parallelism: 1.41x
[2026-04-03T02:57:04.950+0600][303.577s][info][gc,stats       ]         DWR: <total>                528 us
[2026-04-03T02:57:04.950+0600][303.577s][info][gc,stats       ]         DWR: VM Weak Roots          528 us, workers (us): 137,  98,  99,  94,  51,  50, 
[2026-04-03T02:57:04.950+0600][303.577s][info][gc,stats       ]       CLDG                            3 us
[2026-04-03T02:57:04.950+0600][303.577s][info][gc,stats       ]   Update Region States               34 us
[2026-04-03T02:57:04.950+0600][303.577s][info][gc,stats       ]   Manage GC/TLABs                    11 us
[2026-04-03T02:57:04.950+0600][303.577s][info][gc,stats       ]   Choose Collection Set             231 us
[2026-04-03T02:57:04.950+0600][303.577s][info][gc,stats       ]   Rebuild Free Set                   38 us
[2026-04-03T02:57:04.950+0600][303.577s][info][gc,stats       ]   Evacuation                       7154 us
[2026-04-03T02:57:04.950+0600][303.577s][info][gc,stats       ]   Pre Heap Dump                       2 us
[2026-04-03T02:57:04.950+0600][303.577s][info][gc,stats       ]   Prepare                          2692 us
[2026-04-03T02:57:04.950+0600][303.577s][info][gc,stats       ]     Update Roots                   1706 us, parallelism: 4.80x
[2026-04-03T02:57:04.950+0600][303.577s][info][gc,stats       ]       FU: <total>                  8185 us
[2026-04-03T02:57:04.950+0600][303.577s][info][gc             ] Failed to allocate TLAB, 2656B
[2026-04-03T02:57:04.950+0600][303.577s][info][gc             ] Cancelling GC: Allocation Failure
[2026-04-03T02:57:04.950+0600][303.577s][info][gc,stats       ]       FU: Thread Roots              563 us, workers (us): 266,   7,   4,  17, 135, 134, 
[2026-04-03T02:57:04.950+0600][303.577s][info][gc,stats       ]       FU: Code Cache Roots         6396 us, workers (us): 901, 1139, 1241, 1156, 1012, 948, 
[2026-04-03T02:57:04.950+0600][303.577s][info][gc,stats       ]       FU: VM Strong Roots            13 us, workers (us):  10,   1,   0,   1,   1,   1, 
[2026-04-03T02:57:04.950+0600][303.577s][info][gc,stats       ]       FU: VM Weak Roots             646 us, workers (us): 167, 145, 118,  94,  64,  58, 
[2026-04-03T02:57:04.950+0600][303.577s][info][gc,stats       ]       FU: CLDG Roots                567 us, workers (us):  74,  77,  75, 116,  82, 142, 
[2026-04-03T02:57:04.950+0600][303.577s][info][gc,stats       ]   Mark                          4160588 us, parallelism: 6.00x
[2026-04-03T02:57:04.950+0600][303.577s][info][gc,stats       ]     FM: <total>                24943079 us
[2026-04-03T02:57:04.950+0600][303.577s][info][gc,stats       ]     FM: Thread Roots                865 us, workers (us): 206, 180, 159,  84,  96, 140, 
[2026-04-03T02:57:04.950+0600][303.577s][info][gc,stats       ]     FM: VM Strong Roots              20 us, workers (us):   2,   0,  10,   4,   3,   0, 
[2026-04-03T02:57:04.951+0600][303.577s][info][gc,stats       ]     FM: CLDG Roots                  266 us, workers (us):  28, 157,   7,  34,  23,  18, 
[2026-04-03T02:57:04.951+0600][303.577s][info][gc,stats       ]     FM: Parallel Mark          24941928 us, workers (us): 4156871, 4157031, 4156929, 4156997, 4156974, 4157126, 
[2026-04-03T02:57:04.951+0600][303.577s][info][gc,stats       ]     System Purge                   2207 us
[2026-04-03T02:57:04.951+0600][303.577s][info][gc,stats       ]       Weak References               387 us, parallelism: 0.90x
[2026-04-03T02:57:04.951+0600][303.577s][info][gc,stats       ]         WRP: <total>                347 us
[2026-04-03T02:57:04.951+0600][303.577s][info][gc,stats       ]         WRP: Weak References        347 us, workers (us): 167,  14, 125,  30,  11,   1, 
[2026-04-03T02:57:04.951+0600][303.577s][info][gc,stats       ]       Unload Classes               1476 us, parallelism: 5.27x
[2026-04-03T02:57:04.951+0600][303.577s][info][gc,stats       ]         CU: <total>                7785 us
[2026-04-03T02:57:04.951+0600][303.577s][info][gc,stats       ]         CU: Unload Code Caches     7785 us, workers (us): 1296, 1325, 1304, 1327, 1292, 1240, 
[2026-04-03T02:57:04.951+0600][303.577s][info][gc,stats       ]       Weak Roots                    320 us, parallelism: 2.29x
[2026-04-03T02:57:04.951+0600][303.577s][info][gc,stats       ]         WR: <total>                 731 us
[2026-04-03T02:57:04.951+0600][303.577s][info][gc,stats       ]         WR: VM Weak Roots           731 us, workers (us): 172, 138, 117, 112, 109,  82, 
[2026-04-03T02:57:04.951+0600][303.577s][info][gc,stats       ]       CLDG                            3 us
[2026-04-03T02:57:04.951+0600][303.577s][info][gc,stats       ]   Calculate Addresses             85046 us
[2026-04-03T02:57:04.951+0600][303.577s][info][gc,stats       ]     Regular Objects               84830 us
[2026-04-03T02:57:04.951+0600][303.577s][info][gc,stats       ]     Humongous Objects                32 us
[2026-04-03T02:57:04.951+0600][303.577s][info][gc,stats       ]   Adjust Pointers                 96344 us
[2026-04-03T02:57:04.951+0600][303.577s][info][gc,stats       ]     FA: <total>                    7497 us
[2026-04-03T02:57:04.951+0600][303.577s][info][gc,stats       ]     FA: Thread Roots                568 us, workers (us): 106,   6,  26, 121, 154, 155, 
[2026-04-03T02:57:04.951+0600][303.577s][info][gc,stats       ]     FA: Code Cache Roots           5727 us, workers (us): 950, 1050, 1042, 919, 840, 926, 
[2026-04-03T02:57:04.951+0600][303.577s][info][gc,stats       ]     FA: VM Strong Roots              21 us, workers (us):  18,   1,   1,   1,   1,   1, 
[2026-04-03T02:57:04.951+0600][303.577s][info][gc,stats       ]     FA: VM Weak Roots               642 us, workers (us): 181, 105, 103,  85,  84,  83, 
[2026-04-03T02:57:04.951+0600][303.577s][info][gc,stats       ]     FA: CLDG Roots                  540 us, workers (us):  56, 183,  58,  66, 117,  59, 
[2026-04-03T02:57:04.951+0600][303.577s][info][gc,stats       ]   Copy Objects                    88608 us
[2026-04-03T02:57:04.951+0600][303.577s][info][gc,stats       ]     Regular Objects               87509 us
[2026-04-03T02:57:04.951+0600][303.577s][info][gc,stats       ]     Humongous Objects                24 us
[2026-04-03T02:57:04.951+0600][303.577s][info][gc,stats       ]     Reset Complete Bitmap           754 us
[2026-04-03T02:57:04.951+0600][303.577s][info][gc,stats       ]     Rebuild Region Sets             313 us
[2026-04-03T02:57:04.951+0600][303.577s][info][gc,stats       ]   Post Heap Dump                      1 us
[2026-04-03T02:57:04.951+0600][303.577s][info][gc,stats       ] 
[2026-04-03T02:57:04.951+0600][303.577s][info][gc,stats       ] Allocation pacing accrued:
[2026-04-03T02:57:04.951+0600][303.577s][info][gc,stats       ]       0 of  8745 ms (  0.0%): <total>
[2026-04-03T02:57:04.951+0600][303.577s][info][gc,stats       ]       0 of  8745 ms (  0.0%): <average total>
[2026-04-03T02:57:04.951+0600][303.577s][info][gc,stats       ] 
[2026-04-03T02:57:04.951+0600][303.577s][info][gc,metaspace   ] Metaspace: 49329K(49792K)->49330K(49792K) NonClass: 43167K(43456K)->43168K(43456K) Class: 6162K(6336K)->6162K(6336K)
[2026-04-03T02:57:04.951+0600][303.577s][info][gc,ergo        ] Pacer for Idle. Initial: 10240K, Alloc Tax Rate: 1.0x
[2026-04-03T02:57:04.952+0600][303.578s][info][gc             ] Trigger: Handle Allocation Failure
[2026-04-03T02:57:04.952+0600][303.578s][info][gc,ergo        ] Free: 0B, Max: 0B regular, 0B humongous, Frag: 0% external, 0% internal; Reserve: 20224K, Max: 256K
[2026-04-03T02:57:04.952+0600][303.578s][info][gc,start       ] GC(49) Pause Degenerated GC (Outside of Cycle)
[2026-04-03T02:57:04.952+0600][303.578s][info][gc,task        ] GC(49) Using 6 of 6 workers for stw degenerated gc
[2026-04-03T02:57:04.952+0600][303.579s][info][gc,ref         ] GC(49) Clearing All SoftReferences
[2026-04-03T02:57:08.994+0600][307.621s][info][gc,ref         ] GC(49) Encountered references: Soft: 2433, Weak: 2698, Final: 74, Phantom: 587
[2026-04-03T02:57:08.995+0600][307.621s][info][gc,ref         ] GC(49) Discovered  references: Soft: 227, Weak: 1498, Final: 74, Phantom: 335
[2026-04-03T02:57:08.995+0600][307.621s][info][gc,ref         ] GC(49) Enqueued    references: Soft: 0, Weak: 0, Final: 0, Phantom: 0
[2026-04-03T02:57:08.997+0600][307.623s][info][gc,ergo        ] GC(49) Adaptive CSet Selection. Target Free: 72533K, Actual Free: 20224K, Max CSet: 21333K, Min Garbage: 52309K
[2026-04-03T02:57:09.018+0600][307.645s][info][gc,ergo        ] GC(49) Collectable Garbage: 49208B (100%), Immediate: 0B (0%), CSet: 49208B (100%)
[2026-04-03T02:57:09.026+0600][307.652s][info][gc             ] GC(49) Cancelling GC: Allocation Failure During Evacuation
[2026-04-03T02:57:09.027+0600][307.653s][info][gc             ] GC(49) Cannot finish degeneration, upgrading to Full GC
[2026-04-03T02:57:09.031+0600][307.657s][info][gc,phases,start] GC(49) Phase 1: Mark live objects
[2026-04-03T02:57:09.031+0600][307.657s][info][gc,ref         ] GC(49) Clearing All SoftReferences
[2026-04-03T02:57:09.031+0600][307.657s][info][gc,ref         ] GC(49) Clearing All SoftReferences
[2026-04-03T02:57:12.470+0600][311.096s][info][gc,ref         ] GC(49) Encountered references: Soft: 2433, Weak: 2698, Final: 74, Phantom: 587
[2026-04-03T02:57:12.470+0600][311.096s][info][gc,ref         ] GC(49) Discovered  references: Soft: 230, Weak: 1486, Final: 74, Phantom: 218
[2026-04-03T02:57:12.470+0600][311.096s][info][gc,ref         ] GC(49) Enqueued    references: Soft: 0, Weak: 0, Final: 0, Phantom: 0
[2026-04-03T02:57:12.472+0600][311.098s][info][gc,phases      ] GC(49) Phase 1: Mark live objects 3441.206ms
[2026-04-03T02:57:12.472+0600][311.098s][info][gc,phases,start] GC(49) Phase 2: Compute new object addresses
[2026-04-03T02:57:12.553+0600][311.179s][info][gc,phases      ] GC(49) Phase 2: Compute new object addresses 80.782ms
[2026-04-03T02:57:12.553+0600][311.179s][info][gc,phases,start] GC(49) Phase 3: Adjust pointers
[2026-04-03T02:57:12.650+0600][311.276s][info][gc,phases      ] GC(49) Phase 3: Adjust pointers 97.429ms
[2026-04-03T02:57:12.650+0600][311.277s][info][gc,phases,start] GC(49) Phase 4: Move objects
[2026-04-03T02:57:12.742+0600][311.368s][info][gc,phases      ] GC(49) Phase 4: Move objects 91.832ms
[2026-04-03T02:57:12.742+0600][311.369s][info][gc,ergo        ] GC(49) Bad progress for free space: 337K, need 5120K
[2026-04-03T02:57:12.742+0600][311.369s][info][gc             ] GC(49) Pause Degenerated GC (Outside of Cycle) 479M->478M(500M) 7790.346ms
[2026-04-03T02:57:12.743+0600][311.369s][info][gc,ergo        ] Free: 273K, Max: 234K regular, 0B humongous, Frag: 0% external, 99% internal; Reserve: 19968K, Max: 256K
[2026-04-03T02:57:12.743+0600][311.369s][info][gc,stats       ] 
[2026-04-03T02:57:12.743+0600][311.369s][info][gc,stats       ] All times are wall-clock times, except per-root-class counters, that are sum over
[2026-04-03T02:57:12.743+0600][311.369s][info][gc,stats       ] all workers. Dividing the <total> over the root stage time estimates parallelism.
[2026-04-03T02:57:12.743+0600][311.369s][info][gc,stats       ] 
[2026-04-03T02:57:12.743+0600][311.369s][info][gc,stats       ] Pause Degenerated GC (G)        7790591 us
[2026-04-03T02:57:12.743+0600][311.369s][info][gc,stats       ] Pause Degenerated GC (N)        7790359 us
[2026-04-03T02:57:12.743+0600][311.369s][info][gc,stats       ]   Degen STW Mark                4041472 us, parallelism: 6.00x
[2026-04-03T02:57:12.743+0600][311.369s][info][gc,stats       ]     DSM: <total>               24241717 us
[2026-04-03T02:57:12.743+0600][311.369s][info][gc,stats       ]     DSM: Thread Roots               989 us, workers (us): 243, 146, 109, 124, 288,  80, 
[2026-04-03T02:57:12.743+0600][311.369s][info][gc,stats       ]     DSM: VM Strong Roots             16 us, workers (us):   0,   7,   8,   0,   0,   0, 
[2026-04-03T02:57:12.743+0600][311.369s][info][gc,stats       ]     DSM: CLDG Roots                 247 us, workers (us):   6,  26,  21,  19,  17, 158, 
[2026-04-03T02:57:12.743+0600][311.369s][info][gc,stats       ]     DSM: Parallel Mark         24240464 us, workers (us): 4040045, 4040112, 4040121, 4040094, 4040021, 4040071, 
[2026-04-03T02:57:12.743+0600][311.369s][info][gc,stats       ]     System Purge                   2975 us
[2026-04-03T02:57:12.743+0600][311.369s][info][gc,stats       ]       Weak References               697 us, parallelism: 0.64x
[2026-04-03T02:57:12.743+0600][311.369s][info][gc,stats       ]         WRP: <total>                447 us
[2026-04-03T02:57:12.743+0600][311.369s][info][gc,stats       ]         WRP: Weak References        447 us, workers (us):  33,  47,  39, 329,   0,   0, 
[2026-04-03T02:57:12.743+0600][311.369s][info][gc,stats       ]       Unload Classes               1742 us, parallelism: 4.77x
[2026-04-03T02:57:12.743+0600][311.369s][info][gc,stats       ]         DCU: <total>               8314 us
[2026-04-03T02:57:12.743+0600][311.369s][info][gc,stats       ]         DCU: Unload Code Caches     8314 us, workers (us): 1479, 1375, 1384, 1373, 1348, 1355, 
[2026-04-03T02:57:12.743+0600][311.369s][info][gc,stats       ]       Weak Roots                    523 us, parallelism: 1.09x
[2026-04-03T02:57:12.743+0600][311.369s][info][gc,stats       ]         DWR: <total>                568 us
[2026-04-03T02:57:12.743+0600][311.369s][info][gc,stats       ]         DWR: VM Weak Roots          568 us, workers (us): 102,  95,  96,  94,  91,  91, 
[2026-04-03T02:57:12.743+0600][311.369s][info][gc,stats       ]       CLDG                            2 us
[2026-04-03T02:57:12.743+0600][311.369s][info][gc,stats       ]   Update Region States               26 us
[2026-04-03T02:57:12.743+0600][311.369s][info][gc,stats       ]   Manage GC/TLABs                    15 us
[2026-04-03T02:57:12.743+0600][311.369s][info][gc,stats       ]   Choose Collection Set           21397 us
[2026-04-03T02:57:12.743+0600][311.369s][info][gc,stats       ]   Rebuild Free Set                   83 us
[2026-04-03T02:57:12.743+0600][311.369s][info][gc,stats       ]   Evacuation                       8233 us
[2026-04-03T02:57:12.743+0600][311.369s][info][gc,stats       ]   Pre Heap Dump                       2 us
[2026-04-03T02:57:12.743+0600][311.369s][info][gc,stats       ]   Prepare                          3273 us
[2026-04-03T02:57:12.743+0600][311.369s][info][gc,stats       ]     Update Roots                   2000 us, parallelism: 4.73x
[2026-04-03T02:57:12.743+0600][311.369s][info][gc,stats       ]       FU: <total>                  9461 us
[2026-04-03T02:57:12.743+0600][311.369s][info][gc,stats       ]       FU: Thread Roots              837 us, workers (us):   3, 131, 178, 146, 135, 244, 
[2026-04-03T02:57:12.743+0600][311.369s][info][gc,stats       ]       FU: Code Cache Roots         7541 us, workers (us): 1541, 1228, 1261, 1209, 1249, 1053, 
[2026-04-03T02:57:12.743+0600][311.369s][info][gc,stats       ]       FU: VM Strong Roots            19 us, workers (us):   7,   6,   3,   1,   1,   1, 
[2026-04-03T02:57:12.743+0600][311.369s][info][gc,stats       ]       FU: VM Weak Roots             651 us, workers (us): 130, 131, 131,  93,  93,  73, 
[2026-04-03T02:57:12.743+0600][311.369s][info][gc,stats       ]       FU: CLDG Roots                413 us, workers (us): 108,  47,  46,  57,  48, 108, 
[2026-04-03T02:57:12.743+0600][311.369s][info][gc,stats       ]   Mark                          3441104 us, parallelism: 5.99x
[2026-04-03T02:57:12.743+0600][311.369s][info][gc,stats       ]     FM: <total>                20622225 us
[2026-04-03T02:57:12.743+0600][311.369s][info][gc,stats       ]     FM: Thread Roots                934 us, workers (us): 234, 188, 148, 189,  90,  85, 
[2026-04-03T02:57:12.743+0600][311.369s][info][gc,stats       ]     FM: VM Strong Roots              22 us, workers (us):   0,   0,  10,   0,   9,   1, 
[2026-04-03T02:57:12.743+0600][311.369s][info][gc,stats       ]     FM: CLDG Roots                  262 us, workers (us):   8,   8,  25,  21,  36, 164, 
[2026-04-03T02:57:12.743+0600][311.369s][info][gc,stats       ]     FM: Parallel Mark          20621007 us, workers (us): 3436642, 3436939, 3436959, 3436834, 3436877, 3436757, 
[2026-04-03T02:57:12.743+0600][311.369s][info][gc,stats       ]     System Purge                   2542 us
[2026-04-03T02:57:12.743+0600][311.369s][info][gc,stats       ]       Weak References               753 us, parallelism: 0.55x
[2026-04-03T02:57:12.743+0600][311.369s][info][gc,stats       ]         WRP: <total>                414 us
[2026-04-03T02:57:12.743+0600][311.369s][info][gc,stats       ]         WRP: Weak References        414 us, workers (us):  84,  35, 293,   1,   1,   1, 
[2026-04-03T02:57:12.743+0600][311.369s][info][gc,stats       ]       Unload Classes               1515 us, parallelism: 4.78x
[2026-04-03T02:57:12.743+0600][311.369s][info][gc,stats       ]         CU: <total>                7246 us
[2026-04-03T02:57:12.743+0600][311.369s][info][gc,stats       ]         CU: Unload Code Caches     7246 us, workers (us): 1248, 1227, 1184, 1209, 1191, 1188, 
[2026-04-03T02:57:12.743+0600][311.369s][info][gc,stats       ]       Weak Roots                    251 us, parallelism: 2.88x
[2026-04-03T02:57:12.743+0600][311.369s][info][gc,stats       ]         WR: <total>                 723 us
[2026-04-03T02:57:12.743+0600][311.369s][info][gc,stats       ]         WR: VM Weak Roots           723 us, workers (us): 190, 146, 146,  79,  82,  80, 
[2026-04-03T02:57:12.743+0600][311.369s][info][gc,stats       ]       CLDG                            2 us
[2026-04-03T02:57:12.743+0600][311.369s][info][gc,stats       ]   Calculate Addresses             80771 us
[2026-04-03T02:57:12.743+0600][311.369s][info][gc,stats       ]     Regular Objects               80633 us
[2026-04-03T02:57:12.743+0600][311.369s][info][gc,stats       ]     Humongous Objects                30 us
[2026-04-03T02:57:12.743+0600][311.369s][info][gc,stats       ]   Adjust Pointers                 97401 us
[2026-04-03T02:57:12.743+0600][311.369s][info][gc,stats       ]     FA: <total>                    7481 us
[2026-04-03T02:57:12.743+0600][311.369s][info][gc,stats       ]     FA: Thread Roots                560 us, workers (us): 185, 157,  58,   2,  92,  65, 
[2026-04-03T02:57:12.743+0600][311.369s][info][gc,stats       ]     FA: Code Cache Roots           5691 us, workers (us): 854, 852, 952, 1262, 830, 940, 
[2026-04-03T02:57:12.743+0600][311.369s][info][gc,stats       ]     FA: VM Strong Roots              18 us, workers (us):  14,   1,   1,   0,   1,   1, 
[2026-04-03T02:57:12.743+0600][311.369s][info][gc,stats       ]     FA: VM Weak Roots               608 us, workers (us): 160, 120, 109,  86,  67,  66, 
[2026-04-03T02:57:12.743+0600][311.369s][info][gc,stats       ]     FA: CLDG Roots                  604 us, workers (us):  67,  68,  65, 158, 167,  78, 
[2026-04-03T02:57:12.743+0600][311.369s][info][gc,stats       ]   Copy Objects                    91820 us
[2026-04-03T02:57:12.743+0600][311.369s][info][gc,stats       ]     Regular Objects               90962 us
[2026-04-03T02:57:12.743+0600][311.369s][info][gc,stats       ]     Humongous Objects                21 us
[2026-04-03T02:57:12.743+0600][311.369s][info][gc,stats       ]     Reset Complete Bitmap           670 us
[2026-04-03T02:57:12.743+0600][311.369s][info][gc,stats       ]     Rebuild Region Sets             164 us
[2026-04-03T02:57:12.743+0600][311.369s][info][gc,stats       ]   Post Heap Dump                      1 us
[2026-04-03T02:57:12.743+0600][311.369s][info][gc,stats       ] 
[2026-04-03T02:57:12.743+0600][311.369s][info][gc,stats       ] Allocation pacing accrued:
[2026-04-03T02:57:12.743+0600][311.369s][info][gc,stats       ]       0 of  7792 ms (  0.0%): <total>
[2026-04-03T02:57:12.743+0600][311.369s][info][gc,stats       ]       0 of  7792 ms (  0.0%): <average total>
[2026-04-03T02:57:12.743+0600][311.369s][info][gc,stats       ] 
[2026-04-03T02:57:12.743+0600][311.370s][info][gc,metaspace   ] Metaspace: 49330K(49792K)->49342K(49792K) NonClass: 43168K(43456K)->43177K(43456K) Class: 6162K(6336K)->6164K(6336K)
[2026-04-03T02:57:12.743+0600][311.370s][info][gc,ergo        ] Pacer for Idle. Initial: 10240K, Alloc Tax Rate: 1.0x
[2026-04-03T02:57:12.743+0600][311.370s][info][gc             ] Failed to allocate TLAB, 2656B
[2026-04-03T02:57:12.743+0600][311.370s][info][gc             ] Cancelling GC: Allocation Failure
[2026-04-03T02:57:12.744+0600][311.371s][info][gc             ] Trigger: Handle Allocation Failure
[2026-04-03T02:57:12.744+0600][311.371s][info][gc,ergo        ] Free: 0B, Max: 0B regular, 0B humongous, Frag: 0% external, 0% internal; Reserve: 19968K, Max: 256K
[2026-04-03T02:57:12.745+0600][311.371s][info][gc,start       ] GC(50) Pause Degenerated GC (Outside of Cycle)
[2026-04-03T02:57:12.745+0600][311.371s][info][gc,task        ] GC(50) Using 6 of 6 workers for stw degenerated gc
[2026-04-03T02:57:12.745+0600][311.371s][info][gc,ref         ] GC(50) Clearing All SoftReferences
[2026-04-03T02:57:16.868+0600][315.494s][info][gc,ref         ] GC(50) Encountered references: Soft: 2434, Weak: 2697, Final: 74, Phantom: 586
[2026-04-03T02:57:16.868+0600][315.495s][info][gc,ref         ] GC(50) Discovered  references: Soft: 231, Weak: 1286, Final: 43, Phantom: 580
[2026-04-03T02:57:16.868+0600][315.495s][info][gc,ref         ] GC(50) Enqueued    references: Soft: 0, Weak: 0, Final: 0, Phantom: 0
[2026-04-03T02:57:16.870+0600][315.496s][info][gc,ergo        ] GC(50) Adaptive CSet Selection. Target Free: 72533K, Actual Free: 19968K, Max CSet: 21333K, Min Garbage: 52565K
[2026-04-03T02:57:16.870+0600][315.496s][info][gc,ergo        ] GC(50) Collectable Garbage: 138K (100%), Immediate: 0B (0%), CSet: 138K (100%)
[2026-04-03T02:57:16.876+0600][315.502s][info][gc             ] GC(50) Cancelling GC: Allocation Failure During Evacuation
[2026-04-03T02:57:16.877+0600][315.504s][info][gc             ] GC(50) Cannot finish degeneration, upgrading to Full GC
[2026-04-03T02:57:16.880+0600][315.507s][info][gc,phases,start] GC(50) Phase 1: Mark live objects
[2026-04-03T02:57:16.880+0600][315.507s][info][gc,ref         ] GC(50) Clearing All SoftReferences
[2026-04-03T02:57:16.881+0600][315.507s][info][gc,ref         ] GC(50) Clearing All SoftReferences
[2026-04-03T02:57:21.117+0600][319.744s][info][gc,ref         ] GC(50) Encountered references: Soft: 2434, Weak: 2697, Final: 74, Phantom: 586
[2026-04-03T02:57:21.117+0600][319.744s][info][gc,ref         ] GC(50) Discovered  references: Soft: 232, Weak: 1013, Final: 74, Phantom: 423
[2026-04-03T02:57:21.117+0600][319.744s][info][gc,ref         ] GC(50) Enqueued    references: Soft: 0, Weak: 0, Final: 0, Phantom: 0
[2026-04-03T02:57:21.119+0600][319.746s][info][gc,phases      ] GC(50) Phase 1: Mark live objects 4238.900ms
[2026-04-03T02:57:21.119+0600][319.746s][info][gc,phases,start] GC(50) Phase 2: Compute new object addresses
[2026-04-03T02:57:21.204+0600][319.830s][info][gc,phases      ] GC(50) Phase 2: Compute new object addresses 84.633ms
[2026-04-03T02:57:21.204+0600][319.830s][info][gc,phases,start] GC(50) Phase 3: Adjust pointers
[2026-04-03T02:57:21.302+0600][319.928s][info][gc,phases      ] GC(50) Phase 3: Adjust pointers 98.081ms
[2026-04-03T02:57:21.302+0600][319.929s][info][gc,phases,start] GC(50) Phase 4: Move objects
[2026-04-03T02:57:21.392+0600][320.018s][info][gc,phases      ] GC(50) Phase 4: Move objects 89.793ms
[2026-04-03T02:57:21.392+0600][320.018s][info][gc,ergo        ] GC(50) Bad progress for free space: 435K, need 5120K
[2026-04-03T02:57:21.392+0600][320.019s][info][gc             ] GC(50) Pause Degenerated GC (Outside of Cycle) 479M->479M(500M) 8647.658ms
[2026-04-03T02:57:21.392+0600][320.019s][info][gc,ergo        ] Free: 435K, Max: 228K regular, 0B humongous, Frag: 0% external, 99% internal; Reserve: 19712K, Max: 256K
[2026-04-03T02:57:21.392+0600][320.019s][info][gc,stats       ] 
[2026-04-03T02:57:21.392+0600][320.019s][info][gc,stats       ] All times are wall-clock times, except per-root-class counters, that are sum over
[2026-04-03T02:57:21.392+0600][320.019s][info][gc,stats       ] all workers. Dividing the <total> over the root stage time estimates parallelism.
[2026-04-03T02:57:21.392+0600][320.019s][info][gc,stats       ] 
[2026-04-03T02:57:21.392+0600][320.019s][info][gc,stats       ] Pause Degenerated GC (G)        8647891 us
[2026-04-03T02:57:21.392+0600][320.019s][info][gc,stats       ] Pause Degenerated GC (N)        8647682 us
[2026-04-03T02:57:21.392+0600][320.019s][info][gc,stats       ]   Degen STW Mark                4122752 us, parallelism: 6.00x
[2026-04-03T02:57:21.392+0600][320.019s][info][gc,stats       ]     DSM: <total>               24730953 us
[2026-04-03T02:57:21.392+0600][320.019s][info][gc,stats       ]     DSM: Thread Roots               742 us, workers (us): 156, 164, 198, 122,  52,  50, 
[2026-04-03T02:57:21.392+0600][320.019s][info][gc,stats       ]     DSM: VM Strong Roots             18 us, workers (us):   0,   1,   1,   0,   8,   9, 
[2026-04-03T02:57:21.392+0600][320.019s][info][gc,stats       ]     DSM: CLDG Roots                 219 us, workers (us): 113,  15,  16,  15,  29,  31, 
[2026-04-03T02:57:21.393+0600][320.019s][info][gc,stats       ]     DSM: Parallel Mark         24729974 us, workers (us): 4121674, 4121666, 4121634, 4121725, 4121682, 4121593, 
[2026-04-03T02:57:21.393+0600][320.019s][info][gc,stats       ]     System Purge                   2358 us
[2026-04-03T02:57:21.393+0600][320.019s][info][gc,stats       ]       Weak References               612 us, parallelism: 0.87x
[2026-04-03T02:57:21.393+0600][320.019s][info][gc,stats       ]         WRP: <total>                530 us
[2026-04-03T02:57:21.393+0600][320.019s][info][gc,stats       ]         WRP: Weak References        530 us, workers (us):  44,  43, 363,  80,   0,   0, 
[2026-04-03T02:57:21.393+0600][320.019s][info][gc,stats       ]       Unload Classes               1536 us, parallelism: 4.78x
[2026-04-03T02:57:21.393+0600][320.019s][info][gc,stats       ]         DCU: <total>               7333 us
[2026-04-03T02:57:21.393+0600][320.019s][info][gc,stats       ]         DCU: Unload Code Caches     7333 us, workers (us): 1265, 1254, 1265, 1210, 1172, 1166, 
[2026-04-03T02:57:21.393+0600][320.019s][info][gc,stats       ]       Weak Roots                    195 us, parallelism: 2.62x
[2026-04-03T02:57:21.393+0600][320.019s][info][gc,stats       ]         DWR: <total>                511 us
[2026-04-03T02:57:21.393+0600][320.019s][info][gc,stats       ]         DWR: VM Weak Roots          511 us, workers (us): 151, 140,  88,  68,  33,  30, 
[2026-04-03T02:57:21.393+0600][320.019s][info][gc,stats       ]       CLDG                            3 us
[2026-04-03T02:57:21.393+0600][320.019s][info][gc,stats       ]   Update Region States               20 us
[2026-04-03T02:57:21.393+0600][320.019s][info][gc,stats       ]   Manage GC/TLABs                     8 us
[2026-04-03T02:57:21.393+0600][320.019s][info][gc,stats       ]   Choose Collection Set             192 us
[2026-04-03T02:57:21.393+0600][320.019s][info][gc,stats       ]   Rebuild Free Set                   38 us
[2026-04-03T02:57:21.393+0600][320.019s][info][gc,stats       ]   Evacuation                       6946 us
[2026-04-03T02:57:21.393+0600][320.019s][info][gc,stats       ]   Pre Heap Dump                       1 us
[2026-04-03T02:57:21.393+0600][320.019s][info][gc,stats       ]   Prepare                          2826 us
[2026-04-03T02:57:21.393+0600][320.019s][info][gc,stats       ]     Update Roots                   1829 us, parallelism: 4.87x
[2026-04-03T02:57:21.393+0600][320.019s][info][gc,stats       ]       FU: <total>                  8907 us
[2026-04-03T02:57:21.393+0600][320.019s][info][gc,stats       ]       FU: Thread Roots              646 us, workers (us): 128,   6,   3, 191, 139, 179, 
[2026-04-03T02:57:21.393+0600][320.019s][info][gc,stats       ]       FU: Code Cache Roots         6964 us, workers (us): 1081, 1248, 1356, 1064, 1135, 1080, 
[2026-04-03T02:57:21.393+0600][320.019s][info][gc,stats       ]       FU: VM Strong Roots            13 us, workers (us):   8,   1,   1,   1,   1,   1, 
[2026-04-03T02:57:21.393+0600][320.019s][info][gc,stats       ]       FU: VM Weak Roots             696 us, workers (us): 201, 114, 112, 114,  81,  73, 
[2026-04-03T02:57:21.393+0600][320.019s][info][gc,stats       ]       FU: CLDG Roots                589 us, workers (us): 117, 164,  84,  74,  76,  74, 
[2026-04-03T02:57:21.393+0600][320.019s][info][gc,stats       ]   Mark                          4238816 us, parallelism: 6.00x
[2026-04-03T02:57:21.393+0600][320.019s][info][gc,stats       ]     FM: <total>                25412063 us
[2026-04-03T02:57:21.393+0600][320.019s][info][gc,stats       ]     FM: Thread Roots                830 us, workers (us): 198, 176, 223,  71, 102,  61, 
[2026-04-03T02:57:21.393+0600][320.019s][info][gc,stats       ]     FM: VM Strong Roots              21 us, workers (us):   0,   5,   0,   8,   0,   7, 
[2026-04-03T02:57:21.393+0600][320.019s][info][gc,stats       ]     FM: CLDG Roots                  269 us, workers (us): 154,  24,   8,  30,  20,  33, 
[2026-04-03T02:57:21.393+0600][320.019s][info][gc,stats       ]     FM: Parallel Mark          25410942 us, workers (us): 4235056, 4235231, 4235102, 4235160, 4235140, 4235253, 
[2026-04-03T02:57:21.393+0600][320.019s][info][gc,stats       ]     System Purge                   2391 us
[2026-04-03T02:57:21.393+0600][320.019s][info][gc,stats       ]       Weak References               421 us, parallelism: 0.82x
[2026-04-03T02:57:21.393+0600][320.019s][info][gc,stats       ]         WRP: <total>                344 us
[2026-04-03T02:57:21.393+0600][320.019s][info][gc,stats       ]         WRP: Weak References        344 us, workers (us):  85, 152,  84,  18,   4,   1, 
[2026-04-03T02:57:21.393+0600][320.019s][info][gc,stats       ]       Unload Classes               1693 us, parallelism: 4.61x
[2026-04-03T02:57:21.393+0600][320.019s][info][gc,stats       ]         CU: <total>                7809 us
[2026-04-03T02:57:21.393+0600][320.019s][info][gc,stats       ]         CU: Unload Code Caches     7809 us, workers (us): 1367, 1358, 1305, 1288, 1274, 1216, 
[2026-04-03T02:57:21.393+0600][320.019s][info][gc,stats       ]       Weak Roots                    263 us, parallelism: 2.77x
[2026-04-03T02:57:21.393+0600][320.019s][info][gc,stats       ]         WR: <total>                 727 us
[2026-04-03T02:57:21.393+0600][320.019s][info][gc,stats       ]         WR: VM Weak Roots           727 us, workers (us): 206, 109, 111, 102, 101,  98, 
[2026-04-03T02:57:21.393+0600][320.019s][info][gc,stats       ]       CLDG                            3 us
[2026-04-03T02:57:21.393+0600][320.019s][info][gc,stats       ]   Calculate Addresses             84624 us
[2026-04-03T02:57:21.393+0600][320.019s][info][gc,stats       ]     Regular Objects               84528 us
[2026-04-03T02:57:21.393+0600][320.019s][info][gc,stats       ]     Humongous Objects                29 us
[2026-04-03T02:57:21.393+0600][320.019s][info][gc,stats       ]   Adjust Pointers                 98070 us
[2026-04-03T02:57:21.393+0600][320.019s][info][gc,stats       ]     FA: <total>                    7516 us
[2026-04-03T02:57:21.393+0600][320.019s][info][gc,stats       ]     FA: Thread Roots                527 us, workers (us): 158,  71, 196,   2,  94,   5, 
[2026-04-03T02:57:21.393+0600][320.019s][info][gc,stats       ]     FA: Code Cache Roots           5654 us, workers (us): 802, 918, 846, 1085, 961, 1042, 
[2026-04-03T02:57:21.393+0600][320.019s][info][gc,stats       ]     FA: VM Strong Roots              17 us, workers (us):  14,   1,   1,   1,   1,   1, 
[2026-04-03T02:57:21.393+0600][320.019s][info][gc,stats       ]     FA: VM Weak Roots               676 us, workers (us): 221, 142, 142,  56,  56,  58, 
[2026-04-03T02:57:21.393+0600][320.019s][info][gc,stats       ]     FA: CLDG Roots                  642 us, workers (us): 184, 138,  87,  80,  77,  76, 
[2026-04-03T02:57:21.393+0600][320.019s][info][gc,stats       ]   Copy Objects                    89781 us
[2026-04-03T02:57:21.393+0600][320.019s][info][gc,stats       ]     Regular Objects               88920 us
[2026-04-03T02:57:21.393+0600][320.019s][info][gc,stats       ]     Humongous Objects                20 us
[2026-04-03T02:57:21.393+0600][320.019s][info][gc,stats       ]     Reset Complete Bitmap           664 us
[2026-04-03T02:57:21.393+0600][320.019s][info][gc,stats       ]     Rebuild Region Sets             174 us
[2026-04-03T02:57:21.393+0600][320.019s][info][gc,stats       ]   Post Heap Dump                      1 us
[2026-04-03T02:57:21.393+0600][320.019s][info][gc,stats       ] 
[2026-04-03T02:57:21.393+0600][320.019s][info][gc,stats       ] Allocation pacing accrued:
[2026-04-03T02:57:21.393+0600][320.019s][info][gc,stats       ]       0 of  8650 ms (  0.0%): <total>
[2026-04-03T02:57:21.393+0600][320.019s][info][gc,stats       ]       0 of  8650 ms (  0.0%): <average total>
[2026-04-03T02:57:21.393+0600][320.019s][info][gc,stats       ] 
[2026-04-03T02:57:21.393+0600][320.019s][info][gc,metaspace   ] Metaspace: 49345K(49792K)->49348K(49792K) NonClass: 43179K(43456K)->43182K(43456K) Class: 6165K(6336K)->6165K(6336K)
[2026-04-03T02:57:21.393+0600][320.019s][info][gc,ergo        ] Pacer for Idle. Initial: 10240K, Alloc Tax Rate: 1.0x
[2026-04-03T02:57:21.393+0600][320.020s][info][gc             ] Failed to allocate TLAB, 2648B
[2026-04-03T02:57:21.393+0600][320.020s][info][gc             ] Cancelling GC: Allocation Failure
[2026-04-03T02:57:21.394+0600][320.020s][info][gc             ] Trigger: Handle Allocation Failure
[2026-04-03T02:57:21.394+0600][320.020s][info][gc,ergo        ] Free: 0B, Max: 0B regular, 0B humongous, Frag: 0% external, 0% internal; Reserve: 19712K, Max: 256K
[2026-04-03T02:57:21.394+0600][320.020s][info][gc,start       ] GC(51) Pause Degenerated GC (Outside of Cycle)
[2026-04-03T02:57:21.394+0600][320.021s][info][gc,task        ] GC(51) Using 6 of 6 workers for stw degenerated gc
[2026-04-03T02:57:21.394+0600][320.021s][info][gc,ref         ] GC(51) Clearing All SoftReferences
[2026-04-03T02:57:25.491+0600][324.117s][info][gc,ref         ] GC(51) Encountered references: Soft: 2436, Weak: 2710, Final: 74, Phantom: 587
[2026-04-03T02:57:25.491+0600][324.117s][info][gc,ref         ] GC(51) Discovered  references: Soft: 222, Weak: 1515, Final: 48, Phantom: 488
[2026-04-03T02:57:25.491+0600][324.117s][info][gc,ref         ] GC(51) Enqueued    references: Soft: 2, Weak: 3, Final: 0, Phantom: 0
[2026-04-03T02:57:25.493+0600][324.119s][info][gc,ergo        ] GC(51) Adaptive CSet Selection. Target Free: 72533K, Actual Free: 19712K, Max CSet: 21333K, Min Garbage: 52821K
[2026-04-03T02:57:25.493+0600][324.119s][info][gc,ergo        ] GC(51) Collectable Garbage: 165K (100%), Immediate: 0B (0%), CSet: 165K (100%)
[2026-04-03T02:57:25.499+0600][324.125s][info][gc             ] GC(51) Cancelling GC: Allocation Failure During Evacuation
[2026-04-03T02:57:25.500+0600][324.126s][info][gc             ] GC(51) Cannot finish degeneration, upgrading to Full GC
[2026-04-03T02:57:25.503+0600][324.129s][info][gc,phases,start] GC(51) Phase 1: Mark live objects
[2026-04-03T02:57:25.503+0600][324.129s][info][gc,ref         ] GC(51) Clearing All SoftReferences
[2026-04-03T02:57:25.503+0600][324.129s][info][gc,ref         ] GC(51) Clearing All SoftReferences
[2026-04-03T02:57:29.546+0600][328.173s][info][gc,ref         ] GC(51) Encountered references: Soft: 2434, Weak: 2707, Final: 74, Phantom: 587
[2026-04-03T02:57:29.547+0600][328.173s][info][gc,ref         ] GC(51) Discovered  references: Soft: 227, Weak: 1567, Final: 45, Phantom: 405
[2026-04-03T02:57:29.547+0600][328.173s][info][gc,ref         ] GC(51) Enqueued    references: Soft: 0, Weak: 0, Final: 0, Phantom: 0
[2026-04-03T02:57:29.548+0600][328.175s][info][gc,phases      ] GC(51) Phase 1: Mark live objects 4045.561ms
[2026-04-03T02:57:29.548+0600][328.175s][info][gc,phases,start] GC(51) Phase 2: Compute new object addresses
[2026-04-03T02:57:29.632+0600][328.258s][info][gc,phases      ] GC(51) Phase 2: Compute new object addresses 83.402ms
[2026-04-03T02:57:29.632+0600][328.258s][info][gc,phases,start] GC(51) Phase 3: Adjust pointers
[2026-04-03T02:57:29.729+0600][328.355s][info][gc,phases      ] GC(51) Phase 3: Adjust pointers 96.708ms
[2026-04-03T02:57:29.729+0600][328.355s][info][gc,phases,start] GC(51) Phase 4: Move objects
[2026-04-03T02:57:29.817+0600][328.443s][info][gc,phases      ] GC(51) Phase 4: Move objects 88.244ms
[2026-04-03T02:57:29.817+0600][328.443s][info][gc,ergo        ] GC(51) Bad progress for free space: 209K, need 5120K
[2026-04-03T02:57:29.817+0600][328.444s][info][gc             ] GC(51) Pause Degenerated GC (Outside of Cycle) 479M->479M(500M) 8423.020ms
[2026-04-03T02:57:29.817+0600][328.444s][info][gc,ergo        ] Free: 209K, Max: 163K regular, 0B humongous, Frag: 0% external, 99% internal; Reserve: 19712K, Max: 256K
[2026-04-03T02:57:29.817+0600][328.444s][info][gc,stats       ] 
[2026-04-03T02:57:29.817+0600][328.444s][info][gc,stats       ] All times are wall-clock times, except per-root-class counters, that are sum over
[2026-04-03T02:57:29.817+0600][328.444s][info][gc,stats       ] all workers. Dividing the <total> over the root stage time estimates parallelism.
[2026-04-03T02:57:29.817+0600][328.444s][info][gc,stats       ] 
[2026-04-03T02:57:29.817+0600][328.444s][info][gc,stats       ] Pause Degenerated GC (G)        8423322 us
[2026-04-03T02:57:29.817+0600][328.444s][info][gc,stats       ] Pause Degenerated GC (N)        8423029 us
[2026-04-03T02:57:29.817+0600][328.444s][info][gc,stats       ]   Degen STW Mark                4095535 us, parallelism: 6.00x
[2026-04-03T02:57:29.817+0600][328.444s][info][gc,stats       ]     DSM: <total>               24564842 us
[2026-04-03T02:57:29.817+0600][328.444s][info][gc,stats       ]     DSM: Thread Roots               982 us, workers (us): 171, 188, 301,  73,  65, 184, 
[2026-04-03T02:57:29.818+0600][328.444s][info][gc,stats       ]     DSM: VM Strong Roots             13 us, workers (us):   0,   0,   0,  11,   0,   0, 
[2026-04-03T02:57:29.818+0600][328.444s][info][gc,stats       ]     DSM: CLDG Roots                 215 us, workers (us):  18,   6,   6,  19, 152,  14, 
[2026-04-03T02:57:29.818+0600][328.444s][info][gc,stats       ]     DSM: Parallel Mark         24563633 us, workers (us): 4093972, 4093960, 4093625, 4094205, 4093876, 4093994, 
[2026-04-03T02:57:29.818+0600][328.444s][info][gc,stats       ]     System Purge                   2623 us
[2026-04-03T02:57:29.818+0600][328.444s][info][gc,stats       ]       Weak References               754 us, parallelism: 0.64x
[2026-04-03T02:57:29.818+0600][328.444s][info][gc,stats       ]         WRP: <total>                485 us
[2026-04-03T02:57:29.818+0600][328.444s][info][gc,stats       ]         WRP: Weak References        485 us, workers (us): 114, 369,   1,   1,   0,   0, 
[2026-04-03T02:57:29.818+0600][328.444s][info][gc,stats       ]       Unload Classes               1644 us, parallelism: 4.56x
[2026-04-03T02:57:29.818+0600][328.444s][info][gc,stats       ]         DCU: <total>               7492 us
[2026-04-03T02:57:29.818+0600][328.444s][info][gc,stats       ]         DCU: Unload Code Caches     7492 us, workers (us): 1310, 1274, 1235, 1258, 1216, 1199, 
[2026-04-03T02:57:29.818+0600][328.444s][info][gc,stats       ]       Weak Roots                    213 us, parallelism: 2.41x
[2026-04-03T02:57:29.818+0600][328.444s][info][gc,stats       ]         DWR: <total>                514 us
[2026-04-03T02:57:29.818+0600][328.444s][info][gc,stats       ]         DWR: VM Weak Roots          514 us, workers (us): 155, 125,  67,  65,  50,  51, 
[2026-04-03T02:57:29.818+0600][328.444s][info][gc,stats       ]       CLDG                            2 us
[2026-04-03T02:57:29.818+0600][328.444s][info][gc,stats       ]   Update Region States               37 us
[2026-04-03T02:57:29.818+0600][328.444s][info][gc,stats       ]   Manage GC/TLABs                     8 us
[2026-04-03T02:57:29.818+0600][328.444s][info][gc,stats       ]   Choose Collection Set             183 us
[2026-04-03T02:57:29.818+0600][328.444s][info][gc,stats       ]   Rebuild Free Set                   42 us
[2026-04-03T02:57:29.818+0600][328.444s][info][gc,stats       ]   Evacuation                       6961 us
[2026-04-03T02:57:29.818+0600][328.444s][info][gc,stats       ]   Pre Heap Dump                       2 us
[2026-04-03T02:57:29.818+0600][328.444s][info][gc,stats       ]   Prepare                          2558 us
[2026-04-03T02:57:29.818+0600][328.444s][info][gc,stats       ]     Update Roots                   1664 us, parallelism: 5.15x
[2026-04-03T02:57:29.818+0600][328.444s][info][gc,stats       ]       FU: <total>                  8566 us
[2026-04-03T02:57:29.818+0600][328.444s][info][gc,stats       ]       FU: Thread Roots              708 us, workers (us): 247,  83,  86, 170,  56,  66, 
[2026-04-03T02:57:29.818+0600][328.444s][info][gc,stats       ]       FU: Code Cache Roots         6611 us, workers (us): 956, 1165, 1142, 1039, 1167, 1140, 
[2026-04-03T02:57:29.818+0600][328.444s][info][gc,stats       ]       FU: VM Strong Roots            14 us, workers (us):  10,   1,   0,   1,   1,   1, 
[2026-04-03T02:57:29.818+0600][328.444s][info][gc,stats       ]       FU: VM Weak Roots             646 us, workers (us): 176, 114, 113, 112,  68,  64, 
[2026-04-03T02:57:29.818+0600][328.444s][info][gc,stats       ]       FU: CLDG Roots                587 us, workers (us): 148,  79,  79,  84,  81, 115, 
[2026-04-03T02:57:29.818+0600][328.444s][info][gc             ] Failed to allocate TLAB, 2656B
[2026-04-03T02:57:29.818+0600][328.444s][info][gc             ] Cancelling GC: Allocation Failure
[2026-04-03T02:57:29.818+0600][328.444s][info][gc,stats       ]   Mark                          4045512 us, parallelism: 6.00x
[2026-04-03T02:57:29.818+0600][328.444s][info][gc,stats       ]     FM: <total>                24253396 us
[2026-04-03T02:57:29.818+0600][328.444s][info][gc,stats       ]     FM: Thread Roots                823 us, workers (us): 223, 159, 105, 154,  94,  88, 
[2026-04-03T02:57:29.818+0600][328.444s][info][gc,stats       ]     FM: VM Strong Roots              21 us, workers (us):   0,   1,  11,   0,   9,   1, 
[2026-04-03T02:57:29.818+0600][328.444s][info][gc,stats       ]     FM: CLDG Roots                  272 us, workers (us):  10,  19,  32,   8,  35, 167, 
[2026-04-03T02:57:29.818+0600][328.444s][info][gc,stats       ]     FM: Parallel Mark          24252279 us, workers (us): 4042039, 4042032, 4042042, 4042119, 4042133, 4041914, 
[2026-04-03T02:57:29.818+0600][328.444s][info][gc,stats       ]     System Purge                   2149 us
[2026-04-03T02:57:29.818+0600][328.444s][info][gc,stats       ]       Weak References               398 us, parallelism: 1.03x
[2026-04-03T02:57:29.818+0600][328.444s][info][gc,stats       ]         WRP: <total>                409 us
[2026-04-03T02:57:29.818+0600][328.444s][info][gc,stats       ]         WRP: Weak References        409 us, workers (us):  81, 252,  76,   0,   0,   0, 
[2026-04-03T02:57:29.818+0600][328.444s][info][gc,stats       ]       Unload Classes               1481 us, parallelism: 5.00x
[2026-04-03T02:57:29.818+0600][328.444s][info][gc,stats       ]         CU: <total>                7410 us
[2026-04-03T02:57:29.818+0600][328.444s][info][gc,stats       ]         CU: Unload Code Caches     7410 us, workers (us): 1291, 1256, 1216, 1217, 1221, 1208, 
[2026-04-03T02:57:29.818+0600][328.444s][info][gc,stats       ]       Weak Roots                    247 us, parallelism: 2.93x
[2026-04-03T02:57:29.818+0600][328.444s][info][gc,stats       ]         WR: <total>                 726 us
[2026-04-03T02:57:29.818+0600][328.444s][info][gc,stats       ]         WR: VM Weak Roots           726 us, workers (us): 203, 200,  90,  90,  73,  70, 
[2026-04-03T02:57:29.818+0600][328.444s][info][gc,stats       ]       CLDG                            6 us
[2026-04-03T02:57:29.818+0600][328.444s][info][gc,stats       ]   Calculate Addresses             83393 us
[2026-04-03T02:57:29.818+0600][328.444s][info][gc,stats       ]     Regular Objects               83284 us
[2026-04-03T02:57:29.818+0600][328.444s][info][gc,stats       ]     Humongous Objects                39 us
[2026-04-03T02:57:29.818+0600][328.444s][info][gc,stats       ]   Adjust Pointers                 96697 us
[2026-04-03T02:57:29.818+0600][328.444s][info][gc,stats       ]     FA: <total>                    7584 us
[2026-04-03T02:57:29.818+0600][328.444s][info][gc,stats       ]     FA: Thread Roots                584 us, workers (us): 263,   4, 120,   2, 140,  55, 
[2026-04-03T02:57:29.818+0600][328.444s][info][gc,stats       ]     FA: Code Cache Roots           5822 us, workers (us): 780, 1070, 926, 1220, 938, 888, 
[2026-04-03T02:57:29.818+0600][328.444s][info][gc,stats       ]     FA: VM Strong Roots              17 us, workers (us):  13,   1,   1,   1,   1,   1, 
[2026-04-03T02:57:29.818+0600][328.444s][info][gc,stats       ]     FA: VM Weak Roots               600 us, workers (us): 158, 106, 106,  92,  84,  53, 
[2026-04-03T02:57:29.818+0600][328.444s][info][gc,stats       ]     FA: CLDG Roots                  560 us, workers (us):  60,  60,  71, 149,  61, 159, 
[2026-04-03T02:57:29.818+0600][328.444s][info][gc,stats       ]   Copy Objects                    88230 us
[2026-04-03T02:57:29.818+0600][328.444s][info][gc,stats       ]     Regular Objects               87297 us
[2026-04-03T02:57:29.818+0600][328.445s][info][gc,stats       ]     Humongous Objects                22 us
[2026-04-03T02:57:29.818+0600][328.445s][info][gc,stats       ]     Reset Complete Bitmap           707 us
[2026-04-03T02:57:29.818+0600][328.445s][info][gc,stats       ]     Rebuild Region Sets             202 us
[2026-04-03T02:57:29.818+0600][328.445s][info][gc,stats       ]   Post Heap Dump                      1 us
[2026-04-03T02:57:29.818+0600][328.445s][info][gc,stats       ] 
[2026-04-03T02:57:29.818+0600][328.445s][info][gc,stats       ] Allocation pacing accrued:
[2026-04-03T02:57:29.818+0600][328.445s][info][gc,stats       ]       0 of  8425 ms (  0.0%): <total>
[2026-04-03T02:57:29.818+0600][328.445s][info][gc,stats       ]       0 of  8425 ms (  0.0%): <average total>
[2026-04-03T02:57:29.818+0600][328.445s][info][gc,stats       ] 
[2026-04-03T02:57:29.818+0600][328.445s][info][gc,metaspace   ] Metaspace: 49358K(49792K)->49363K(49792K) NonClass: 43190K(43456K)->43196K(43456K) Class: 6167K(6336K)->6167K(6336K)
[2026-04-03T02:57:29.818+0600][328.445s][info][gc,ergo        ] Pacer for Idle. Initial: 10240K, Alloc Tax Rate: 1.0x
[2026-04-03T02:57:29.819+0600][328.446s][info][gc             ] Trigger: Handle Allocation Failure
[2026-04-03T02:57:29.819+0600][328.446s][info][gc,ergo        ] Free: 0B, Max: 0B regular, 0B humongous, Frag: 0% external, 0% internal; Reserve: 19712K, Max: 256K
[2026-04-03T02:57:29.820+0600][328.446s][info][gc,start       ] GC(52) Pause Full
[2026-04-03T02:57:29.820+0600][328.446s][info][gc,task        ] GC(52) Using 6 of 6 workers for full gc
[2026-04-03T02:57:29.820+0600][328.446s][info][gc,phases,start] GC(52) Phase 1: Mark live objects
[2026-04-03T02:57:29.820+0600][328.446s][info][gc,ref         ] GC(52) Clearing All SoftReferences
[2026-04-03T02:57:29.820+0600][328.446s][info][gc,ref         ] GC(52) Clearing All SoftReferences
[2026-04-03T02:57:34.050+0600][332.676s][info][gc,ref         ] GC(52) Encountered references: Soft: 2434, Weak: 2708, Final: 74, Phantom: 586
[2026-04-03T02:57:34.050+0600][332.676s][info][gc,ref         ] GC(52) Discovered  references: Soft: 231, Weak: 1467, Final: 63, Phantom: 473
[2026-04-03T02:57:34.050+0600][332.676s][info][gc,ref         ] GC(52) Enqueued    references: Soft: 0, Weak: 1, Final: 0, Phantom: 0
[2026-04-03T02:57:34.052+0600][332.678s][info][gc,phases      ] GC(52) Phase 1: Mark live objects 4231.706ms
[2026-04-03T02:57:34.052+0600][332.678s][info][gc,phases,start] GC(52) Phase 2: Compute new object addresses
[2026-04-03T02:57:34.139+0600][332.765s][info][gc,phases      ] GC(52) Phase 2: Compute new object addresses 87.307ms
[2026-04-03T02:57:34.139+0600][332.765s][info][gc,phases,start] GC(52) Phase 3: Adjust pointers
[2026-04-03T02:57:34.236+0600][332.862s][info][gc,phases      ] GC(52) Phase 3: Adjust pointers 96.466ms
[2026-04-03T02:57:34.236+0600][332.862s][info][gc,phases,start] GC(52) Phase 4: Move objects
[2026-04-03T02:57:34.312+0600][332.938s][info][gc,phases      ] GC(52) Phase 4: Move objects 76.288ms
[2026-04-03T02:57:34.312+0600][332.938s][info][gc,ergo        ] GC(52) Bad progress for free space: 94832B, need 5120K
[2026-04-03T02:57:34.312+0600][332.938s][info][gc             ] GC(52) Pause Full 479M->479M(500M) 4492.531ms
[2026-04-03T02:57:34.312+0600][332.939s][info][gc,ergo        ] Free: 94832B, Max: 58024B regular, 0B humongous, Frag: 0% external, 99% internal; Reserve: 19712K, Max: 256K
[2026-04-03T02:57:34.312+0600][332.939s][info][gc,stats       ] 
[2026-04-03T02:57:34.312+0600][332.939s][info][gc,stats       ] All times are wall-clock times, except per-root-class counters, that are sum over
[2026-04-03T02:57:34.312+0600][332.939s][info][gc,stats       ] all workers. Dividing the <total> over the root stage time estimates parallelism.
[2026-04-03T02:57:34.312+0600][332.939s][info][gc,stats       ] 
[2026-04-03T02:57:34.312+0600][332.939s][info][gc,stats       ] Pause Full GC (G)               4492789 us
[2026-04-03T02:57:34.312+0600][332.939s][info][gc,stats       ] Pause Full GC (N)               4492541 us
[2026-04-03T02:57:34.312+0600][332.939s][info][gc,stats       ]   Pre Heap Dump                       1 us
[2026-04-03T02:57:34.312+0600][332.939s][info][gc,stats       ]   Prepare                           256 us
[2026-04-03T02:57:34.312+0600][332.939s][info][gc,stats       ]   Mark                          4231688 us, parallelism: 6.00x
[2026-04-03T02:57:34.313+0600][332.939s][info][gc,stats       ]     FM: <total>                25369335 us
[2026-04-03T02:57:34.313+0600][332.939s][info][gc,stats       ]     FM: Thread Roots                697 us, workers (us): 186, 178,  87,  91,  79,  76, 
[2026-04-03T02:57:34.313+0600][332.939s][info][gc,stats       ]     FM: VM Strong Roots              19 us, workers (us):   0,   0,   7,   5,   0,   5, 
[2026-04-03T02:57:34.313+0600][332.939s][info][gc,stats       ]     FM: CLDG Roots                  248 us, workers (us):   7,  14,  29,  24, 146,  27, 
[2026-04-03T02:57:34.313+0600][332.939s][info][gc,stats       ]     FM: Parallel Mark          25368372 us, workers (us): 4228059, 4228004, 4227943, 4228218, 4227930, 4228218, 
[2026-04-03T02:57:34.313+0600][332.939s][info][gc,stats       ]     System Purge                   2282 us
[2026-04-03T02:57:34.313+0600][332.939s][info][gc,stats       ]       Weak References               465 us, parallelism: 0.82x
[2026-04-03T02:57:34.313+0600][332.939s][info][gc,stats       ]         WRP: <total>                382 us
[2026-04-03T02:57:34.313+0600][332.939s][info][gc,stats       ]         WRP: Weak References        382 us, workers (us): 233,  83,  65,   0,   0,   0, 
[2026-04-03T02:57:34.313+0600][332.939s][info][gc,stats       ]       Unload Classes               1600 us, parallelism: 4.88x
[2026-04-03T02:57:34.313+0600][332.939s][info][gc,stats       ]         CU: <total>                7812 us
[2026-04-03T02:57:34.313+0600][332.939s][info][gc,stats       ]         CU: Unload Code Caches     7812 us, workers (us): 1340, 1306, 1313, 1282, 1289, 1282, 
[2026-04-03T02:57:34.313+0600][332.939s][info][gc,stats       ]       Weak Roots                    202 us, parallelism: 2.66x
[2026-04-03T02:57:34.313+0600][332.939s][info][gc,stats       ]         WR: <total>                 536 us
[2026-04-03T02:57:34.313+0600][332.939s][info][gc,stats       ]         WR: VM Weak Roots           536 us, workers (us): 159,  98,  78,  77,  74,  49, 
[2026-04-03T02:57:34.313+0600][332.939s][info][gc,stats       ]       CLDG                            3 us
[2026-04-03T02:57:34.313+0600][332.939s][info][gc,stats       ]   Calculate Addresses             87297 us
[2026-04-03T02:57:34.313+0600][332.939s][info][gc,stats       ]     Regular Objects               87198 us
[2026-04-03T02:57:34.313+0600][332.939s][info][gc,stats       ]     Humongous Objects                30 us
[2026-04-03T02:57:34.313+0600][332.939s][info][gc,stats       ]   Adjust Pointers                 96454 us
[2026-04-03T02:57:34.313+0600][332.939s][info][gc,stats       ]     FA: <total>                    7440 us
[2026-04-03T02:57:34.313+0600][332.939s][info][gc,stats       ]     FA: Thread Roots                522 us, workers (us): 154,  48, 110, 155,   1,  54, 
[2026-04-03T02:57:34.313+0600][332.939s][info][gc,stats       ]     FA: Code Cache Roots           5747 us, workers (us): 875, 992, 857, 891, 1149, 983, 
[2026-04-03T02:57:34.313+0600][332.939s][info][gc             ] Failed to allocate TLAB, 2680B
[2026-04-03T02:57:34.313+0600][332.939s][info][gc             ] Cancelling GC: Allocation Failure
[2026-04-03T02:57:34.313+0600][332.939s][info][gc,stats       ]     FA: VM Strong Roots              16 us, workers (us):  12,   1,   1,   1,   1,   1, 
[2026-04-03T02:57:34.313+0600][332.939s][info][gc,stats       ]     FA: VM Weak Roots               594 us, workers (us): 161, 125,  78,  77,  76,  76, 
[2026-04-03T02:57:34.313+0600][332.939s][info][gc,stats       ]     FA: CLDG Roots                  562 us, workers (us):  72,  61, 160,  62, 141,  66, 
[2026-04-03T02:57:34.313+0600][332.939s][info][gc,stats       ]   Copy Objects                    76275 us
[2026-04-03T02:57:34.313+0600][332.939s][info][gc,stats       ]     Regular Objects               75234 us
[2026-04-03T02:57:34.313+0600][332.939s][info][gc,stats       ]     Humongous Objects                25 us
[2026-04-03T02:57:34.313+0600][332.939s][info][gc,stats       ]     Reset Complete Bitmap           792 us
[2026-04-03T02:57:34.313+0600][332.939s][info][gc,stats       ]     Rebuild Region Sets             221 us
[2026-04-03T02:57:34.313+0600][332.939s][info][gc,stats       ]   Post Heap Dump                      1 us
[2026-04-03T02:57:34.313+0600][332.939s][info][gc,stats       ] 
[2026-04-03T02:57:34.313+0600][332.939s][info][gc,stats       ] Allocation pacing accrued:
[2026-04-03T02:57:34.313+0600][332.939s][info][gc,stats       ]       0 of  4495 ms (  0.0%): <total>
[2026-04-03T02:57:34.313+0600][332.939s][info][gc,stats       ]       0 of  4495 ms (  0.0%): <average total>
[2026-04-03T02:57:34.313+0600][332.939s][info][gc,stats       ] 
[2026-04-03T02:57:34.313+0600][332.939s][info][gc,metaspace   ] Metaspace: 49365K(49792K)->49368K(49792K) NonClass: 43197K(43456K)->43200K(43456K) Class: 6167K(6336K)->6167K(6336K)
[2026-04-03T02:57:34.313+0600][332.939s][info][gc,ergo        ] Pacer for Idle. Initial: 10240K, Alloc Tax Rate: 1.0x
[2026-04-03T02:57:34.315+0600][332.942s][info][gc             ] Trigger: Handle Allocation Failure
[2026-04-03T02:57:34.315+0600][332.942s][info][gc,ergo        ] Free: 0B, Max: 0B regular, 0B humongous, Frag: 0% external, 0% internal; Reserve: 19712K, Max: 256K
[2026-04-03T02:57:34.315+0600][332.942s][info][gc,start       ] GC(53) Pause Degenerated GC (Outside of Cycle)
[2026-04-03T02:57:34.315+0600][332.942s][info][gc,task        ] GC(53) Using 6 of 6 workers for stw degenerated gc
[2026-04-03T02:57:34.316+0600][332.942s][info][gc,ref         ] GC(53) Clearing All SoftReferences
[2026-04-03T02:57:38.038+0600][336.665s][info][gc,ref         ] GC(53) Encountered references: Soft: 2434, Weak: 2707, Final: 74, Phantom: 586
[2026-04-03T02:57:38.039+0600][336.665s][info][gc,ref         ] GC(53) Discovered  references: Soft: 223, Weak: 1415, Final: 67, Phantom: 508
[2026-04-03T02:57:38.039+0600][336.665s][info][gc,ref         ] GC(53) Enqueued    references: Soft: 0, Weak: 0, Final: 0, Phantom: 0
[2026-04-03T02:57:38.041+0600][336.667s][info][gc,ergo        ] GC(53) Adaptive CSet Selection. Target Free: 72533K, Actual Free: 19712K, Max CSet: 21333K, Min Garbage: 52821K
[2026-04-03T02:57:38.041+0600][336.667s][info][gc,ergo        ] GC(53) Collectable Garbage: 30688B (100%), Immediate: 0B (0%), CSet: 30688B (100%)
[2026-04-03T02:57:38.047+0600][336.673s][info][gc             ] GC(53) Cancelling GC: Allocation Failure During Evacuation
[2026-04-03T02:57:38.048+0600][336.674s][info][gc             ] GC(53) Cannot finish degeneration, upgrading to Full GC
[2026-04-03T02:57:38.051+0600][336.677s][info][gc,phases,start] GC(53) Phase 1: Mark live objects
[2026-04-03T02:57:38.051+0600][336.678s][info][gc,ref         ] GC(53) Clearing All SoftReferences
[2026-04-03T02:57:38.051+0600][336.678s][info][gc,ref         ] GC(53) Clearing All SoftReferences
[2026-04-03T02:57:42.279+0600][340.906s][info][gc,ref         ] GC(53) Encountered references: Soft: 2434, Weak: 2707, Final: 74, Phantom: 586
[2026-04-03T02:57:42.279+0600][340.906s][info][gc,ref         ] GC(53) Discovered  references: Soft: 231, Weak: 1795, Final: 59, Phantom: 528
[2026-04-03T02:57:42.279+0600][340.906s][info][gc,ref         ] GC(53) Enqueued    references: Soft: 0, Weak: 0, Final: 0, Phantom: 0
[2026-04-03T02:57:42.281+0600][340.907s][info][gc,phases      ] GC(53) Phase 1: Mark live objects 4230.023ms
[2026-04-03T02:57:42.281+0600][340.908s][info][gc,phases,start] GC(53) Phase 2: Compute new object addresses
[2026-04-03T02:57:42.366+0600][340.992s][info][gc,phases      ] GC(53) Phase 2: Compute new object addresses 84.813ms
[2026-04-03T02:57:42.366+0600][340.992s][info][gc,phases,start] GC(53) Phase 3: Adjust pointers
[2026-04-03T02:57:42.463+0600][341.090s][info][gc,phases      ] GC(53) Phase 3: Adjust pointers 97.107ms
[2026-04-03T02:57:42.463+0600][341.090s][info][gc,phases,start] GC(53) Phase 4: Move objects
[2026-04-03T02:57:42.554+0600][341.180s][info][gc,phases      ] GC(53) Phase 4: Move objects 90.803ms
[2026-04-03T02:57:42.554+0600][341.181s][info][gc,ergo        ] GC(53) Bad progress for free space: 321K, need 5120K
[2026-04-03T02:57:42.554+0600][341.181s][info][gc             ] GC(53) Pause Degenerated GC (Outside of Cycle) 479M->479M(500M) 8239.050ms
[2026-04-03T02:57:42.555+0600][341.181s][info][gc,ergo        ] Free: 301K, Max: 109K regular, 0B humongous, Frag: 0% external, 99% internal; Reserve: 19456K, Max: 256K
[2026-04-03T02:57:42.555+0600][341.181s][info][gc,stats       ] 
[2026-04-03T02:57:42.555+0600][341.181s][info][gc,stats       ] All times are wall-clock times, except per-root-class counters, that are sum over
[2026-04-03T02:57:42.555+0600][341.181s][info][gc,stats       ] all workers. Dividing the <total> over the root stage time estimates parallelism.
[2026-04-03T02:57:42.555+0600][341.181s][info][gc,stats       ] 
[2026-04-03T02:57:42.555+0600][341.181s][info][gc,stats       ] Pause Degenerated GC (G)        8239325 us
[2026-04-03T02:57:42.555+0600][341.181s][info][gc,stats       ] Pause Degenerated GC (N)        8239065 us
[2026-04-03T02:57:42.555+0600][341.181s][info][gc,stats       ]   Degen STW Mark                3722437 us, parallelism: 6.00x
[2026-04-03T02:57:42.555+0600][341.181s][info][gc,stats       ]     DSM: <total>               22328765 us
[2026-04-03T02:57:42.555+0600][341.181s][info][gc,stats       ]     DSM: Thread Roots               898 us, workers (us): 207, 265, 125,  86, 128,  87, 
[2026-04-03T02:57:42.555+0600][341.181s][info][gc,stats       ]     DSM: VM Strong Roots             15 us, workers (us):   0,   0,   0,   0,   0,  13, 
[2026-04-03T02:57:42.555+0600][341.181s][info][gc,stats       ]     DSM: CLDG Roots                 255 us, workers (us):   9,  15,  16, 180,   7,  29, 
[2026-04-03T02:57:42.555+0600][341.181s][info][gc,stats       ]     DSM: Parallel Mark         22327597 us, workers (us): 3721362, 3721118, 3721265, 3721182, 3721295, 3721374, 
[2026-04-03T02:57:42.555+0600][341.181s][info][gc,stats       ]     System Purge                   2309 us
[2026-04-03T02:57:42.555+0600][341.181s][info][gc,stats       ]       Weak References               373 us, parallelism: 0.88x
[2026-04-03T02:57:42.555+0600][341.181s][info][gc,stats       ]         WRP: <total>                329 us
[2026-04-03T02:57:42.555+0600][341.181s][info][gc,stats       ]         WRP: Weak References        329 us, workers (us): 244,  59,  24,   1,   1,   0, 
[2026-04-03T02:57:42.555+0600][341.181s][info][gc,stats       ]       Unload Classes               1708 us, parallelism: 5.04x
[2026-04-03T02:57:42.555+0600][341.181s][info][gc,stats       ]         DCU: <total>               8609 us
[2026-04-03T02:57:42.555+0600][341.181s][info][gc,stats       ]         DCU: Unload Code Caches     8609 us, workers (us): 1496, 1508, 1465, 1419, 1359, 1361, 
[2026-04-03T02:57:42.555+0600][341.181s][info][gc,stats       ]       Weak Roots                    205 us, parallelism: 3.10x
[2026-04-03T02:57:42.555+0600][341.181s][info][gc,stats       ]         DWR: <total>                636 us
[2026-04-03T02:57:42.555+0600][341.181s][info][gc,stats       ]         DWR: VM Weak Roots          636 us, workers (us): 168, 166,  90,  90,  87,  35, 
[2026-04-03T02:57:42.555+0600][341.181s][info][gc,stats       ]       CLDG                            6 us
[2026-04-03T02:57:42.555+0600][341.181s][info][gc,stats       ]   Update Region States               34 us
[2026-04-03T02:57:42.555+0600][341.181s][info][gc,stats       ]   Manage GC/TLABs                    11 us
[2026-04-03T02:57:42.555+0600][341.181s][info][gc,stats       ]   Choose Collection Set             254 us
[2026-04-03T02:57:42.555+0600][341.181s][info][gc,stats       ]   Rebuild Free Set                   39 us
[2026-04-03T02:57:42.555+0600][341.181s][info][gc,stats       ]   Evacuation                       7064 us
[2026-04-03T02:57:42.555+0600][341.181s][info][gc,stats       ]   Pre Heap Dump                       2 us
[2026-04-03T02:57:42.555+0600][341.181s][info][gc,stats       ]   Prepare                          2922 us
[2026-04-03T02:57:42.555+0600][341.181s][info][gc,stats       ]     Update Roots                   1880 us, parallelism: 4.66x
[2026-04-03T02:57:42.555+0600][341.181s][info][gc,stats       ]       FU: <total>                  8754 us
[2026-04-03T02:57:42.555+0600][341.181s][info][gc,stats       ]       FU: Thread Roots              753 us, workers (us):   3, 144, 133,  98, 187, 188, 
[2026-04-03T02:57:42.555+0600][341.182s][info][gc,stats       ]       FU: Code Cache Roots         6750 us, workers (us): 1385, 1126, 1090, 1136, 1033, 979, 
[2026-04-03T02:57:42.555+0600][341.182s][info][gc,stats       ]       FU: VM Strong Roots            22 us, workers (us):  12,   6,   1,   1,   1,   1, 
[2026-04-03T02:57:42.555+0600][341.182s][info][gc,stats       ]       FU: VM Weak Roots             639 us, workers (us): 134, 134, 102, 103,  85,  80, 
[2026-04-03T02:57:42.555+0600][341.182s][info][gc,stats       ]       FU: CLDG Roots                591 us, workers (us): 137,  76,  78,  76,  83, 141, 
[2026-04-03T02:57:42.555+0600][341.182s][info][gc,stats       ]   Mark                          4229917 us, parallelism: 5.99x
[2026-04-03T02:57:42.555+0600][341.182s][info][gc,stats       ]     FM: <total>                25356961 us
[2026-04-03T02:57:42.555+0600][341.182s][info][gc,stats       ]     FM: Thread Roots                877 us, workers (us): 231, 206, 135,  97, 107, 100, 
[2026-04-03T02:57:42.555+0600][341.182s][info][gc,stats       ]     FM: VM Strong Roots              24 us, workers (us):   0,   1,   8,   7,   7,   1, 
[2026-04-03T02:57:42.555+0600][341.182s][info][gc,stats       ]     FM: CLDG Roots                  301 us, workers (us):   8,   9,  26,  38,  27, 194, 
[2026-04-03T02:57:42.555+0600][341.182s][info][gc,stats       ]     FM: Parallel Mark          25355759 us, workers (us): 4226021, 4225969, 4225994, 4225878, 4226064, 4225833, 
[2026-04-03T02:57:42.555+0600][341.182s][info][gc,stats       ]     System Purge                   2354 us
[2026-04-03T02:57:42.555+0600][341.182s][info][gc,stats       ]       Weak References               663 us, parallelism: 1.02x
[2026-04-03T02:57:42.555+0600][341.182s][info][gc,stats       ]         WRP: <total>                673 us
[2026-04-03T02:57:42.555+0600][341.182s][info][gc,stats       ]         WRP: Weak References        673 us, workers (us): 117, 137,  39, 380,   1,   0, 
[2026-04-03T02:57:42.555+0600][341.182s][info][gc             ] Failed to allocate TLAB, 2656B
[2026-04-03T02:57:42.555+0600][341.182s][info][gc             ] Cancelling GC: Allocation Failure
[2026-04-03T02:57:42.555+0600][341.182s][info][gc,stats       ]       Unload Classes               1432 us, parallelism: 4.89x
[2026-04-03T02:57:42.555+0600][341.182s][info][gc,stats       ]         CU: <total>                7001 us
[2026-04-03T02:57:42.555+0600][341.182s][info][gc,stats       ]         CU: Unload Code Caches     7001 us, workers (us): 1208, 1178, 1159, 1162, 1154, 1139, 
[2026-04-03T02:57:42.555+0600][341.182s][info][gc,stats       ]       Weak Roots                    227 us, parallelism: 2.80x
[2026-04-03T02:57:42.555+0600][341.182s][info][gc,stats       ]         WR: <total>                 636 us
[2026-04-03T02:57:42.555+0600][341.182s][info][gc,stats       ]         WR: VM Weak Roots           636 us, workers (us): 195, 110, 106,  81,  79,  65, 
[2026-04-03T02:57:42.555+0600][341.182s][info][gc,stats       ]       CLDG                            8 us
[2026-04-03T02:57:42.555+0600][341.182s][info][gc,stats       ]   Calculate Addresses             84797 us
[2026-04-03T02:57:42.555+0600][341.182s][info][gc,stats       ]     Regular Objects               84579 us
[2026-04-03T02:57:42.555+0600][341.182s][info][gc,stats       ]     Humongous Objects                31 us
[2026-04-03T02:57:42.556+0600][341.182s][info][gc,stats       ]   Adjust Pointers                 97091 us
[2026-04-03T02:57:42.556+0600][341.182s][info][gc,stats       ]     FA: <total>                    7173 us
[2026-04-03T02:57:42.556+0600][341.182s][info][gc,stats       ]     FA: Thread Roots                545 us, workers (us):   3,  65, 197, 156,   3, 120, 
[2026-04-03T02:57:42.556+0600][341.182s][info][gc,stats       ]     FA: Code Cache Roots           5450 us, workers (us): 1057, 959, 834, 855, 946, 800, 
[2026-04-03T02:57:42.556+0600][341.182s][info][gc,stats       ]     FA: VM Strong Roots              22 us, workers (us):  10,  10,   1,   1,   1,   1, 
[2026-04-03T02:57:42.556+0600][341.182s][info][gc,stats       ]     FA: VM Weak Roots               632 us, workers (us): 130, 128, 114,  88,  87,  84, 
[2026-04-03T02:57:42.556+0600][341.182s][info][gc,stats       ]     FA: CLDG Roots                  523 us, workers (us):  58,  58,  71,  59, 121, 157, 
[2026-04-03T02:57:42.556+0600][341.182s][info][gc,stats       ]   Copy Objects                    90785 us
[2026-04-03T02:57:42.556+0600][341.182s][info][gc,stats       ]     Regular Objects               89837 us
[2026-04-03T02:57:42.556+0600][341.182s][info][gc,stats       ]     Humongous Objects                21 us
[2026-04-03T02:57:42.556+0600][341.182s][info][gc,stats       ]     Reset Complete Bitmap           740 us
[2026-04-03T02:57:42.556+0600][341.182s][info][gc,stats       ]     Rebuild Region Sets             185 us
[2026-04-03T02:57:42.556+0600][341.182s][info][gc,stats       ]   Post Heap Dump                      1 us
[2026-04-03T02:57:42.556+0600][341.182s][info][gc,stats       ] 
[2026-04-03T02:57:42.556+0600][341.182s][info][gc,stats       ] Allocation pacing accrued:
[2026-04-03T02:57:42.556+0600][341.182s][info][gc,stats       ]       0 of  8243 ms (  0.0%): <total>
[2026-04-03T02:57:42.556+0600][341.182s][info][gc,stats       ]       0 of  8243 ms (  0.0%): <average total>
[2026-04-03T02:57:42.556+0600][341.182s][info][gc,stats       ] 
[2026-04-03T02:57:42.556+0600][341.182s][info][gc,metaspace   ] Metaspace: 49372K(49792K)->49395K(49792K) NonClass: 43205K(43456K)->43223K(43456K) Class: 6167K(6336K)->6171K(6336K)
[2026-04-03T02:57:42.556+0600][341.182s][info][gc,ergo        ] Pacer for Idle. Initial: 10240K, Alloc Tax Rate: 1.0x
[2026-04-03T02:57:42.557+0600][341.183s][info][gc             ] Trigger: Handle Allocation Failure
[2026-04-03T02:57:42.557+0600][341.183s][info][gc,ergo        ] Free: 0B, Max: 0B regular, 0B humongous, Frag: 0% external, 0% internal; Reserve: 19456K, Max: 256K
[2026-04-03T02:57:42.557+0600][341.183s][info][gc,start       ] GC(54) Pause Degenerated GC (Outside of Cycle)
[2026-04-03T02:57:42.557+0600][341.183s][info][gc,task        ] GC(54) Using 6 of 6 workers for stw degenerated gc
[2026-04-03T02:57:42.557+0600][341.184s][info][gc,ref         ] GC(54) Clearing All SoftReferences
[2026-04-03T02:57:46.780+0600][345.407s][info][gc,ref         ] GC(54) Encountered references: Soft: 2437, Weak: 2710, Final: 74, Phantom: 586
[2026-04-03T02:57:46.780+0600][345.407s][info][gc,ref         ] GC(54) Discovered  references: Soft: 237, Weak: 1426, Final: 74, Phantom: 581
[2026-04-03T02:57:46.780+0600][345.407s][info][gc,ref         ] GC(54) Enqueued    references: Soft: 2, Weak: 1, Final: 0, Phantom: 0
[2026-04-03T02:57:46.782+0600][345.409s][info][gc,ergo        ] GC(54) Adaptive CSet Selection. Target Free: 72533K, Actual Free: 19456K, Max CSet: 21333K, Min Garbage: 53077K
[2026-04-03T02:57:46.783+0600][345.409s][info][gc,ergo        ] GC(54) Collectable Garbage: 149K (100%), Immediate: 0B (0%), CSet: 149K (100%)
[2026-04-03T02:57:46.788+0600][345.415s][info][gc             ] GC(54) Cancelling GC: Allocation Failure During Evacuation
[2026-04-03T02:57:46.790+0600][345.416s][info][gc             ] GC(54) Cannot finish degeneration, upgrading to Full GC
[2026-04-03T02:57:46.793+0600][345.419s][info][gc,phases,start] GC(54) Phase 1: Mark live objects
[2026-04-03T02:57:46.793+0600][345.419s][info][gc,ref         ] GC(54) Clearing All SoftReferences
[2026-04-03T02:57:46.793+0600][345.419s][info][gc,ref         ] GC(54) Clearing All SoftReferences
[2026-04-03T02:57:50.325+0600][348.951s][info][gc,ref         ] GC(54) Encountered references: Soft: 2435, Weak: 2709, Final: 74, Phantom: 586
[2026-04-03T02:57:50.325+0600][348.951s][info][gc,ref         ] GC(54) Discovered  references: Soft: 232, Weak: 1236, Final: 74, Phantom: 579
[2026-04-03T02:57:50.325+0600][348.951s][info][gc,ref         ] GC(54) Enqueued    references: Soft: 0, Weak: 0, Final: 0, Phantom: 0
[2026-04-03T02:57:50.327+0600][348.953s][info][gc,phases      ] GC(54) Phase 1: Mark live objects 3533.951ms
[2026-04-03T02:57:50.327+0600][348.953s][info][gc,phases,start] GC(54) Phase 2: Compute new object addresses
[2026-04-03T02:57:50.416+0600][349.042s][info][gc,phases      ] GC(54) Phase 2: Compute new object addresses 88.895ms
[2026-04-03T02:57:50.416+0600][349.042s][info][gc,phases,start] GC(54) Phase 3: Adjust pointers
[2026-04-03T02:57:50.516+0600][349.142s][info][gc,phases      ] GC(54) Phase 3: Adjust pointers 99.608ms
[2026-04-03T02:57:50.516+0600][349.142s][info][gc,phases,start] GC(54) Phase 4: Move objects
[2026-04-03T02:57:50.605+0600][349.231s][info][gc,phases      ] GC(54) Phase 4: Move objects 89.087ms
[2026-04-03T02:57:50.605+0600][349.231s][info][gc,ergo        ] GC(54) Bad progress for free space: 185K, need 5120K
[2026-04-03T02:57:50.605+0600][349.231s][info][gc             ] GC(54) Pause Degenerated GC (Outside of Cycle) 479M->479M(500M) 8048.094ms
[2026-04-03T02:57:50.605+0600][349.232s][info][gc,ergo        ] Free: 156K, Max: 57496B regular, 0B humongous, Frag: 0% external, 99% internal; Reserve: 19456K, Max: 256K
[2026-04-03T02:57:50.605+0600][349.232s][info][gc,stats       ] 
[2026-04-03T02:57:50.605+0600][349.232s][info][gc,stats       ] All times are wall-clock times, except per-root-class counters, that are sum over
[2026-04-03T02:57:50.605+0600][349.232s][info][gc,stats       ] all workers. Dividing the <total> over the root stage time estimates parallelism.
[2026-04-03T02:57:50.605+0600][349.232s][info][gc,stats       ] 
[2026-04-03T02:57:50.605+0600][349.232s][info][gc,stats       ] Pause Degenerated GC (G)        8048386 us
[2026-04-03T02:57:50.605+0600][349.232s][info][gc,stats       ] Pause Degenerated GC (N)        8048108 us
[2026-04-03T02:57:50.605+0600][349.232s][info][gc,stats       ]   Degen STW Mark                4222407 us, parallelism: 6.00x
[2026-04-03T02:57:50.605+0600][349.232s][info][gc,stats       ]     DSM: <total>               25327178 us
[2026-04-03T02:57:50.606+0600][349.232s][info][gc,stats       ]     DSM: Thread Roots               733 us, workers (us): 144, 101, 175,  98, 128,  88, 
[2026-04-03T02:57:50.606+0600][349.232s][info][gc,stats       ]     DSM: VM Strong Roots             16 us, workers (us):   0,   0,   0,   8,   0,   7, 
[2026-04-03T02:57:50.606+0600][349.232s][info][gc,stats       ]     DSM: CLDG Roots                 249 us, workers (us):   7, 156,  27,  24,   5,  30, 
[2026-04-03T02:57:50.606+0600][349.232s][info][gc,stats       ]     DSM: Parallel Mark         25326180 us, workers (us): 4221049, 4221035, 4220803, 4221071, 4221161, 4221061, 
[2026-04-03T02:57:50.606+0600][349.232s][info][gc,stats       ]     System Purge                   2637 us
[2026-04-03T02:57:50.606+0600][349.232s][info][gc,stats       ]       Weak References               673 us, parallelism: 0.86x
[2026-04-03T02:57:50.606+0600][349.232s][info][gc,stats       ]         WRP: <total>                579 us
[2026-04-03T02:57:50.606+0600][349.232s][info][gc             ] Failed to allocate TLAB, 2688B
[2026-04-03T02:57:50.606+0600][349.232s][info][gc             ] Cancelling GC: Allocation Failure
[2026-04-03T02:57:50.606+0600][349.232s][info][gc,stats       ]         WRP: Weak References        579 us, workers (us): 128,  84, 338,  29,   0,   0, 
[2026-04-03T02:57:50.606+0600][349.232s][info][gc,stats       ]       Unload Classes               1719 us, parallelism: 4.37x
[2026-04-03T02:57:50.606+0600][349.232s][info][gc,stats       ]         DCU: <total>               7508 us
[2026-04-03T02:57:50.606+0600][349.232s][info][gc,stats       ]         DCU: Unload Code Caches     7508 us, workers (us): 1312, 1264, 1239, 1232, 1230, 1231, 
[2026-04-03T02:57:50.606+0600][349.232s][info][gc,stats       ]       Weak Roots                    229 us, parallelism: 2.35x
[2026-04-03T02:57:50.606+0600][349.232s][info][gc,stats       ]         DWR: <total>                538 us
[2026-04-03T02:57:50.606+0600][349.232s][info][gc,stats       ]         DWR: VM Weak Roots          538 us, workers (us): 125, 126,  73,  72,  70,  72, 
[2026-04-03T02:57:50.606+0600][349.232s][info][gc,stats       ]       CLDG                            3 us
[2026-04-03T02:57:50.606+0600][349.232s][info][gc,stats       ]   Update Region States               64 us
[2026-04-03T02:57:50.606+0600][349.232s][info][gc,stats       ]   Manage GC/TLABs                    12 us
[2026-04-03T02:57:50.606+0600][349.232s][info][gc,stats       ]   Choose Collection Set             232 us
[2026-04-03T02:57:50.606+0600][349.232s][info][gc,stats       ]   Rebuild Free Set                   55 us
[2026-04-03T02:57:50.606+0600][349.232s][info][gc,stats       ]   Evacuation                       6927 us
[2026-04-03T02:57:50.606+0600][349.232s][info][gc,stats       ]   Pre Heap Dump                       2 us
[2026-04-03T02:57:50.606+0600][349.232s][info][gc,stats       ]   Prepare                          2806 us
[2026-04-03T02:57:50.606+0600][349.232s][info][gc,stats       ]     Update Roots                   1804 us, parallelism: 4.76x
[2026-04-03T02:57:50.606+0600][349.232s][info][gc,stats       ]       FU: <total>                  8581 us
[2026-04-03T02:57:50.606+0600][349.232s][info][gc,stats       ]       FU: Thread Roots              645 us, workers (us): 188,   5,   3, 132, 103, 214, 
[2026-04-03T02:57:50.606+0600][349.232s][info][gc,stats       ]       FU: Code Cache Roots         6749 us, workers (us): 1021, 1287, 1246, 1051, 1114, 1031, 
[2026-04-03T02:57:50.606+0600][349.232s][info][gc,stats       ]       FU: VM Strong Roots            12 us, workers (us):   8,   1,   1,   1,   1,   1, 
[2026-04-03T02:57:50.606+0600][349.232s][info][gc,stats       ]       FU: VM Weak Roots             594 us, workers (us): 158, 109, 109,  94,  63,  61, 
[2026-04-03T02:57:50.606+0600][349.232s][info][gc,stats       ]       FU: CLDG Roots                581 us, workers (us):  77,  72, 176, 114,  72,  70, 
[2026-04-03T02:57:50.606+0600][349.232s][info][gc,stats       ]   Mark                          3533869 us, parallelism: 5.99x
[2026-04-03T02:57:50.606+0600][349.232s][info][gc,stats       ]     FM: <total>                21182950 us
[2026-04-03T02:57:50.606+0600][349.232s][info][gc,stats       ]     FM: Thread Roots                774 us, workers (us): 207, 135, 145, 157,  64,  66, 
[2026-04-03T02:57:50.606+0600][349.232s][info][gc,stats       ]     FM: VM Strong Roots              23 us, workers (us):   1,   5,   5,   0,   6,   6, 
[2026-04-03T02:57:50.606+0600][349.232s][info][gc,stats       ]     FM: CLDG Roots                  278 us, workers (us): 133,  36,  23,  20,  34,  31, 
[2026-04-03T02:57:50.606+0600][349.232s][info][gc,stats       ]     FM: Parallel Mark          21181875 us, workers (us): 3530381, 3530333, 3530494, 3530269, 3530555, 3529843, 
[2026-04-03T02:57:50.606+0600][349.232s][info][gc,stats       ]     System Purge                   2215 us
[2026-04-03T02:57:50.606+0600][349.232s][info][gc,stats       ]       Weak References               415 us, parallelism: 0.92x
[2026-04-03T02:57:50.606+0600][349.232s][info][gc,stats       ]         WRP: <total>                380 us
[2026-04-03T02:57:50.606+0600][349.232s][info][gc,stats       ]         WRP: Weak References        380 us, workers (us):  26,  13,  69, 242,  30,   0, 
[2026-04-03T02:57:50.606+0600][349.232s][info][gc,stats       ]       Unload Classes               1482 us, parallelism: 5.28x
[2026-04-03T02:57:50.606+0600][349.232s][info][gc,stats       ]         CU: <total>                7833 us
[2026-04-03T02:57:50.606+0600][349.232s][info][gc,stats       ]         CU: Unload Code Caches     7833 us, workers (us): 1343, 1320, 1331, 1305, 1268, 1266, 
[2026-04-03T02:57:50.606+0600][349.232s][info][gc,stats       ]       Weak Roots                    304 us, parallelism: 2.12x
[2026-04-03T02:57:50.606+0600][349.232s][info][gc,stats       ]         WR: <total>                 644 us
[2026-04-03T02:57:50.606+0600][349.232s][info][gc,stats       ]         WR: VM Weak Roots           644 us, workers (us): 152, 104, 103, 102,  92,  91, 
[2026-04-03T02:57:50.606+0600][349.232s][info][gc,stats       ]       CLDG                            2 us
[2026-04-03T02:57:50.606+0600][349.232s][info][gc,stats       ]   Calculate Addresses             88883 us
[2026-04-03T02:57:50.606+0600][349.232s][info][gc,stats       ]     Regular Objects               88746 us
[2026-04-03T02:57:50.606+0600][349.232s][info][gc,stats       ]     Humongous Objects                32 us
[2026-04-03T02:57:50.606+0600][349.232s][info][gc,stats       ]   Adjust Pointers                 99596 us
[2026-04-03T02:57:50.606+0600][349.232s][info][gc,stats       ]     FA: <total>                    7929 us
[2026-04-03T02:57:50.606+0600][349.232s][info][gc,stats       ]     FA: Thread Roots                551 us, workers (us): 148,   4, 166,   6, 118, 110, 
[2026-04-03T02:57:50.606+0600][349.232s][info][gc,stats       ]     FA: Code Cache Roots           6064 us, workers (us): 978, 1095, 879, 1109, 999, 1005, 
[2026-04-03T02:57:50.606+0600][349.232s][info][gc,stats       ]     FA: VM Strong Roots              23 us, workers (us):  19,   1,   1,   1,   1,   1, 
[2026-04-03T02:57:50.606+0600][349.232s][info][gc,stats       ]     FA: VM Weak Roots               866 us, workers (us): 162, 164, 145, 133, 131, 131, 
[2026-04-03T02:57:50.606+0600][349.232s][info][gc,stats       ]     FA: CLDG Roots                  424 us, workers (us):  39,  56, 139, 110,  41,  39, 
[2026-04-03T02:57:50.606+0600][349.232s][info][gc,stats       ]   Copy Objects                    89074 us
[2026-04-03T02:57:50.606+0600][349.232s][info][gc,stats       ]     Regular Objects               88014 us
[2026-04-03T02:57:50.606+0600][349.232s][info][gc,stats       ]     Humongous Objects                21 us
[2026-04-03T02:57:50.606+0600][349.232s][info][gc,stats       ]     Reset Complete Bitmap           833 us
[2026-04-03T02:57:50.606+0600][349.232s][info][gc,stats       ]     Rebuild Region Sets             204 us
[2026-04-03T02:57:50.606+0600][349.232s][info][gc,stats       ]   Post Heap Dump                      1 us
[2026-04-03T02:57:50.606+0600][349.232s][info][gc,stats       ] 
[2026-04-03T02:57:50.606+0600][349.233s][info][gc,stats       ] Allocation pacing accrued:
[2026-04-03T02:57:50.606+0600][349.233s][info][gc,stats       ]       0 of  8051 ms (  0.0%): <total>
[2026-04-03T02:57:50.606+0600][349.233s][info][gc,stats       ]       0 of  8051 ms (  0.0%): <average total>
[2026-04-03T02:57:50.606+0600][349.233s][info][gc,stats       ] 
[2026-04-03T02:57:50.606+0600][349.233s][info][gc,metaspace   ] Metaspace: 49401K(49792K)->49402K(49792K) NonClass: 43229K(43456K)->43230K(43456K) Class: 6171K(6336K)->6171K(6336K)
[2026-04-03T02:57:50.606+0600][349.233s][info][gc,ergo        ] Pacer for Idle. Initial: 10240K, Alloc Tax Rate: 1.0x
[2026-04-03T02:57:50.607+0600][349.234s][info][gc             ] Trigger: Handle Allocation Failure
[2026-04-03T02:57:50.607+0600][349.234s][info][gc,ergo        ] Free: 0B, Max: 0B regular, 0B humongous, Frag: 0% external, 0% internal; Reserve: 19456K, Max: 256K
[2026-04-03T02:57:50.608+0600][349.234s][info][gc,start       ] GC(55) Pause Degenerated GC (Outside of Cycle)
[2026-04-03T02:57:50.608+0600][349.234s][info][gc,task        ] GC(55) Using 6 of 6 workers for stw degenerated gc
[2026-04-03T02:57:50.608+0600][349.234s][info][gc,ref         ] GC(55) Clearing All SoftReferences
[2026-04-03T02:57:53.478+0600][352.104s][info][gc,ref         ] GC(55) Encountered references: Soft: 2436, Weak: 2711, Final: 74, Phantom: 586
[2026-04-03T02:57:53.478+0600][352.104s][info][gc,ref         ] GC(55) Discovered  references: Soft: 232, Weak: 972, Final: 61, Phantom: 424
[2026-04-03T02:57:53.478+0600][352.104s][info][gc,ref         ] GC(55) Enqueued    references: Soft: 1, Weak: 2, Final: 0, Phantom: 0
[2026-04-03T02:57:53.480+0600][352.107s][info][gc,ergo        ] GC(55) Adaptive CSet Selection. Target Free: 72533K, Actual Free: 19456K, Max CSet: 21333K, Min Garbage: 53077K
[2026-04-03T02:57:53.481+0600][352.107s][info][gc,ergo        ] GC(55) Collectable Garbage: 59616B (100%), Immediate: 0B (0%), CSet: 59616B (100%)
[2026-04-03T02:57:53.488+0600][352.115s][info][gc             ] GC(55) Cancelling GC: Allocation Failure During Evacuation
[2026-04-03T02:57:53.490+0600][352.117s][info][gc             ] GC(55) Cannot finish degeneration, upgrading to Full GC
[2026-04-03T02:57:53.494+0600][352.120s][info][gc,phases,start] GC(55) Phase 1: Mark live objects
[2026-04-03T02:57:53.494+0600][352.120s][info][gc,ref         ] GC(55) Clearing All SoftReferences
[2026-04-03T02:57:53.494+0600][352.121s][info][gc,ref         ] GC(55) Clearing All SoftReferences
[2026-04-03T02:57:57.737+0600][356.364s][info][gc,ref         ] GC(55) Encountered references: Soft: 2435, Weak: 2709, Final: 74, Phantom: 586
[2026-04-03T02:57:57.738+0600][356.364s][info][gc,ref         ] GC(55) Discovered  references: Soft: 237, Weak: 1036, Final: 74, Phantom: 581
[2026-04-03T02:57:57.738+0600][356.364s][info][gc,ref         ] GC(55) Enqueued    references: Soft: 0, Weak: 0, Final: 0, Phantom: 0
[2026-04-03T02:57:57.739+0600][356.366s][info][gc,phases      ] GC(55) Phase 1: Mark live objects 4245.653ms
[2026-04-03T02:57:57.740+0600][356.366s][info][gc,phases,start] GC(55) Phase 2: Compute new object addresses
[2026-04-03T02:57:57.824+0600][356.450s][info][gc,phases      ] GC(55) Phase 2: Compute new object addresses 83.966ms
[2026-04-03T02:57:57.824+0600][356.450s][info][gc,phases,start] GC(55) Phase 3: Adjust pointers
[2026-04-03T02:57:57.922+0600][356.548s][info][gc,phases      ] GC(55) Phase 3: Adjust pointers 98.473ms
[2026-04-03T02:57:57.922+0600][356.548s][info][gc,phases,start] GC(55) Phase 4: Move objects
[2026-04-03T02:57:58.013+0600][356.640s][info][gc,phases      ] GC(55) Phase 4: Move objects 91.296ms
[2026-04-03T02:57:58.014+0600][356.640s][info][gc,ergo        ] GC(55) Bad progress for free space: 350K, need 5120K
[2026-04-03T02:57:58.014+0600][356.640s][info][gc             ] GC(55) Pause Degenerated GC (Outside of Cycle) 479M->479M(500M) 7406.017ms
[2026-04-03T02:57:58.014+0600][356.640s][info][gc,ergo        ] Free: 350K, Max: 144K regular, 0B humongous, Frag: 0% external, 99% internal; Reserve: 19200K, Max: 256K
[2026-04-03T02:57:58.014+0600][356.640s][info][gc,stats       ] 
[2026-04-03T02:57:58.014+0600][356.640s][info][gc,stats       ] All times are wall-clock times, except per-root-class counters, that are sum over
[2026-04-03T02:57:58.014+0600][356.640s][info][gc,stats       ] all workers. Dividing the <total> over the root stage time estimates parallelism.
[2026-04-03T02:57:58.014+0600][356.640s][info][gc,stats       ] 
[2026-04-03T02:57:58.014+0600][356.640s][info][gc,stats       ] Pause Degenerated GC (G)        7406266 us
[2026-04-03T02:57:58.014+0600][356.640s][info][gc,stats       ] Pause Degenerated GC (N)        7406028 us
[2026-04-03T02:57:58.014+0600][356.640s][info][gc,stats       ]   Degen STW Mark                2869654 us, parallelism: 6.00x
[2026-04-03T02:57:58.014+0600][356.640s][info][gc,stats       ]     DSM: <total>               17209514 us
[2026-04-03T02:57:58.014+0600][356.640s][info][gc,stats       ]     DSM: Thread Roots               788 us, workers (us): 133, 117, 148,  97, 127, 166, 
[2026-04-03T02:57:58.014+0600][356.640s][info][gc,stats       ]     DSM: VM Strong Roots             18 us, workers (us):   7,   0,   0,   7,   2,   0, 
[2026-04-03T02:57:58.014+0600][356.640s][info][gc,stats       ]     DSM: CLDG Roots                 226 us, workers (us):  21, 146,   6,  31,   6,  15, 
[2026-04-03T02:57:58.014+0600][356.640s][info][gc,stats       ]     DSM: Parallel Mark         17208482 us, workers (us): 2866722, 2868149, 2868485, 2868432, 2868498, 2868196, 
[2026-04-03T02:57:58.014+0600][356.640s][info][gc,stats       ]     System Purge                   2628 us
[2026-04-03T02:57:58.014+0600][356.640s][info][gc,stats       ]       Weak References               384 us, parallelism: 0.67x
[2026-04-03T02:57:58.014+0600][356.640s][info][gc,stats       ]         WRP: <total>                256 us
[2026-04-03T02:57:58.014+0600][356.640s][info][gc,stats       ]         WRP: Weak References        256 us, workers (us): 183,  18,  37,  18,   0,   0, 
[2026-04-03T02:57:58.014+0600][356.640s][info][gc,stats       ]       Unload Classes               1937 us, parallelism: 5.31x
[2026-04-03T02:57:58.014+0600][356.640s][info][gc,stats       ]         DCU: <total>              10282 us
[2026-04-03T02:57:58.014+0600][356.640s][info][gc,stats       ]         DCU: Unload Code Caches    10282 us, workers (us): 1790, 1754, 1722, 1678, 1665, 1673, 
[2026-04-03T02:57:58.014+0600][356.640s][info][gc,stats       ]       Weak Roots                    291 us, parallelism: 1.99x
[2026-04-03T02:57:58.014+0600][356.640s][info][gc,stats       ]         DWR: <total>                577 us
[2026-04-03T02:57:58.014+0600][356.640s][info][gc,stats       ]         DWR: VM Weak Roots          577 us, workers (us): 183, 103,  79,  73,  70,  69, 
[2026-04-03T02:57:58.014+0600][356.640s][info][gc,stats       ]       CLDG                            4 us
[2026-04-03T02:57:58.014+0600][356.640s][info][gc,stats       ]   Update Region States               54 us
[2026-04-03T02:57:58.014+0600][356.640s][info][gc,stats       ]   Manage GC/TLABs                    16 us
[2026-04-03T02:57:58.014+0600][356.640s][info][gc,stats       ]   Choose Collection Set             313 us
[2026-04-03T02:57:58.014+0600][356.640s][info][gc,stats       ]   Rebuild Free Set                   49 us
[2026-04-03T02:57:58.014+0600][356.640s][info][gc,stats       ]   Evacuation                       9262 us
[2026-04-03T02:57:58.014+0600][356.640s][info][gc,stats       ]   Pre Heap Dump                       2 us
[2026-04-03T02:57:58.014+0600][356.641s][info][gc,stats       ]   Prepare                          3435 us
[2026-04-03T02:57:58.014+0600][356.641s][info][gc,stats       ]     Update Roots                   2210 us, parallelism: 5.00x
[2026-04-03T02:57:58.014+0600][356.641s][info][gc,stats       ]       FU: <total>                 11050 us
[2026-04-03T02:57:58.014+0600][356.641s][info][gc,stats       ]       FU: Thread Roots              834 us, workers (us):  89,   4, 300, 159, 155, 126, 
[2026-04-03T02:57:58.014+0600][356.641s][info][gc,stats       ]       FU: Code Cache Roots         8280 us, workers (us): 1439, 1555, 1280, 1360, 1290, 1357, 
[2026-04-03T02:57:58.014+0600][356.641s][info][gc,stats       ]       FU: VM Strong Roots            24 us, workers (us):  12,   7,   2,   1,   1,   1, 
[2026-04-03T02:57:58.014+0600][356.641s][info][gc,stats       ]       FU: VM Weak Roots            1013 us, workers (us): 189, 190, 179, 155, 150, 149, 
[2026-04-03T02:57:58.014+0600][356.641s][info][gc,stats       ]       FU: CLDG Roots                899 us, workers (us): 126, 122, 123, 128, 213, 186, 
[2026-04-03T02:57:58.014+0600][356.641s][info][gc,stats       ]   Mark                          4245486 us, parallelism: 5.99x
[2026-04-03T02:57:58.014+0600][356.641s][info][gc,stats       ]     FM: <total>                25449144 us
[2026-04-03T02:57:58.014+0600][356.641s][info][gc             ] Failed to allocate TLAB, 2648B
[2026-04-03T02:57:58.014+0600][356.641s][info][gc             ] Cancelling GC: Allocation Failure
[2026-04-03T02:57:58.014+0600][356.641s][info][gc,stats       ]     FM: Thread Roots               1098 us, workers (us): 227, 187, 230, 128, 149, 177, 
[2026-04-03T02:57:58.014+0600][356.641s][info][gc,stats       ]     FM: VM Strong Roots              26 us, workers (us):   7,   1,   1,   8,   8,   1, 
[2026-04-03T02:57:58.014+0600][356.641s][info][gc,stats       ]     FM: CLDG Roots                  368 us, workers (us):   9, 228,  26,  51,  27,  27, 
[2026-04-03T02:57:58.014+0600][356.641s][info][gc,stats       ]     FM: Parallel Mark          25447652 us, workers (us): 4241216, 4241244, 4241094, 4241422, 4241350, 4241326, 
[2026-04-03T02:57:58.014+0600][356.641s][info][gc,stats       ]     System Purge                   2591 us
[2026-04-03T02:57:58.014+0600][356.641s][info][gc,stats       ]       Weak References               700 us, parallelism: 0.56x
[2026-04-03T02:57:58.014+0600][356.641s][info][gc,stats       ]         WRP: <total>                390 us
[2026-04-03T02:57:58.014+0600][356.641s][info][gc,stats       ]         WRP: Weak References        390 us, workers (us):  65,  60, 250,  15,   0,   0, 
[2026-04-03T02:57:58.014+0600][356.641s][info][gc,stats       ]       Unload Classes               1555 us, parallelism: 5.03x
[2026-04-03T02:57:58.014+0600][356.641s][info][gc,stats       ]         CU: <total>                7828 us
[2026-04-03T02:57:58.014+0600][356.641s][info][gc,stats       ]         CU: Unload Code Caches     7828 us, workers (us): 1312, 1313, 1285, 1293, 1327, 1298, 
[2026-04-03T02:57:58.014+0600][356.641s][info][gc,stats       ]       Weak Roots                    315 us, parallelism: 2.11x
[2026-04-03T02:57:58.014+0600][356.641s][info][gc,stats       ]         WR: <total>                 665 us
[2026-04-03T02:57:58.014+0600][356.641s][info][gc,stats       ]         WR: VM Weak Roots           665 us, workers (us): 178, 146,  87,  85,  85,  84, 
[2026-04-03T02:57:58.015+0600][356.641s][info][gc,stats       ]       CLDG                            3 us
[2026-04-03T02:57:58.015+0600][356.641s][info][gc,stats       ]   Calculate Addresses             83949 us
[2026-04-03T02:57:58.015+0600][356.641s][info][gc,stats       ]     Regular Objects               83683 us
[2026-04-03T02:57:58.015+0600][356.641s][info][gc,stats       ]     Humongous Objects                37 us
[2026-04-03T02:57:58.015+0600][356.641s][info][gc,stats       ]   Adjust Pointers                 98462 us
[2026-04-03T02:57:58.015+0600][356.641s][info][gc,stats       ]     FA: <total>                    8086 us
[2026-04-03T02:57:58.015+0600][356.641s][info][gc,stats       ]     FA: Thread Roots                618 us, workers (us): 195, 172,  21,   2, 130,  97, 
[2026-04-03T02:57:58.015+0600][356.641s][info][gc,stats       ]     FA: Code Cache Roots           6393 us, workers (us): 883, 1010, 1139, 1271, 1031, 1058, 
[2026-04-03T02:57:58.015+0600][356.641s][info][gc,stats       ]     FA: VM Strong Roots              19 us, workers (us):   9,   7,   1,   1,   1,   1, 
[2026-04-03T02:57:58.015+0600][356.641s][info][gc,stats       ]     FA: VM Weak Roots               658 us, workers (us): 119, 121, 104, 106, 104, 105, 
[2026-04-03T02:57:58.015+0600][356.641s][info][gc,stats       ]     FA: CLDG Roots                  397 us, workers (us): 127,  47,  34, 120,  33,  35, 
[2026-04-03T02:57:58.015+0600][356.641s][info][gc,stats       ]   Copy Objects                    91283 us
[2026-04-03T02:57:58.015+0600][356.641s][info][gc,stats       ]     Regular Objects               90370 us
[2026-04-03T02:57:58.015+0600][356.641s][info][gc,stats       ]     Humongous Objects                21 us
[2026-04-03T02:57:58.015+0600][356.641s][info][gc,stats       ]     Reset Complete Bitmap           688 us
[2026-04-03T02:57:58.015+0600][356.641s][info][gc,stats       ]     Rebuild Region Sets             202 us
[2026-04-03T02:57:58.015+0600][356.641s][info][gc,stats       ]   Post Heap Dump                      2 us
[2026-04-03T02:57:58.015+0600][356.641s][info][gc,stats       ] 
[2026-04-03T02:57:58.015+0600][356.641s][info][gc,stats       ] Allocation pacing accrued:
[2026-04-03T02:57:58.015+0600][356.641s][info][gc,stats       ]       0 of  7408 ms (  0.0%): <total>
[2026-04-03T02:57:58.015+0600][356.641s][info][gc,stats       ]       0 of  7408 ms (  0.0%): <average total>
[2026-04-03T02:57:58.015+0600][356.641s][info][gc,stats       ] 
[2026-04-03T02:57:58.015+0600][356.641s][info][gc,metaspace   ] Metaspace: 49402K(49792K)->49403K(49792K) NonClass: 43230K(43456K)->43230K(43456K) Class: 6171K(6336K)->6172K(6336K)
[2026-04-03T02:57:58.015+0600][356.641s][info][gc,ergo        ] Pacer for Idle. Initial: 10240K, Alloc Tax Rate: 1.0x
[2026-04-03T02:57:58.016+0600][356.642s][info][gc             ] Trigger: Handle Allocation Failure
[2026-04-03T02:57:58.016+0600][356.642s][info][gc,ergo        ] Free: 0B, Max: 0B regular, 0B humongous, Frag: 0% external, 0% internal; Reserve: 19200K, Max: 256K
[2026-04-03T02:57:58.016+0600][356.642s][info][gc,start       ] GC(56) Pause Degenerated GC (Outside of Cycle)
[2026-04-03T02:57:58.016+0600][356.642s][info][gc,task        ] GC(56) Using 6 of 6 workers for stw degenerated gc
[2026-04-03T02:57:58.016+0600][356.643s][info][gc,ref         ] GC(56) Clearing All SoftReferences
[2026-04-03T02:58:01.452+0600][360.079s][info][gc,ref         ] GC(56) Encountered references: Soft: 2435, Weak: 2713, Final: 74, Phantom: 586
[2026-04-03T02:58:01.452+0600][360.079s][info][gc,ref         ] GC(56) Discovered  references: Soft: 233, Weak: 1849, Final: 74, Phantom: 557
[2026-04-03T02:58:01.452+0600][360.079s][info][gc,ref         ] GC(56) Enqueued    references: Soft: 0, Weak: 1, Final: 0, Phantom: 0
[2026-04-03T02:58:01.454+0600][360.081s][info][gc,ergo        ] GC(56) Adaptive CSet Selection. Target Free: 72533K, Actual Free: 19200K, Max CSet: 21333K, Min Garbage: 53333K
[2026-04-03T02:58:01.454+0600][360.081s][info][gc,ergo        ] GC(56) Collectable Garbage: 86384B (100%), Immediate: 0B (0%), CSet: 86384B (100%)
[2026-04-03T02:58:01.461+0600][360.088s][info][gc             ] GC(56) Cancelling GC: Allocation Failure During Evacuation
[2026-04-03T02:58:01.463+0600][360.089s][info][gc             ] GC(56) Cannot finish degeneration, upgrading to Full GC
[2026-04-03T02:58:01.467+0600][360.094s][info][gc,phases,start] GC(56) Phase 1: Mark live objects
[2026-04-03T02:58:01.467+0600][360.094s][info][gc,ref         ] GC(56) Clearing All SoftReferences
[2026-04-03T02:58:01.467+0600][360.094s][info][gc,ref         ] GC(56) Clearing All SoftReferences
[2026-04-03T02:58:05.683+0600][364.309s][info][gc,ref         ] GC(56) Encountered references: Soft: 2435, Weak: 2712, Final: 74, Phantom: 586
[2026-04-03T02:58:05.683+0600][364.309s][info][gc,ref         ] GC(56) Discovered  references: Soft: 229, Weak: 1486, Final: 74, Phantom: 456
[2026-04-03T02:58:05.683+0600][364.309s][info][gc,ref         ] GC(56) Enqueued    references: Soft: 0, Weak: 0, Final: 0, Phantom: 0
[2026-04-03T02:58:05.685+0600][364.311s][info][gc,phases      ] GC(56) Phase 1: Mark live objects 4217.809ms
[2026-04-03T02:58:05.685+0600][364.311s][info][gc,phases,start] GC(56) Phase 2: Compute new object addresses
[2026-04-03T02:58:05.771+0600][364.397s][info][gc,phases      ] GC(56) Phase 2: Compute new object addresses 85.748ms
[2026-04-03T02:58:05.771+0600][364.397s][info][gc,phases,start] GC(56) Phase 3: Adjust pointers
[2026-04-03T02:58:05.870+0600][364.496s][info][gc,phases      ] GC(56) Phase 3: Adjust pointers 99.106ms
[2026-04-03T02:58:05.870+0600][364.496s][info][gc,phases,start] GC(56) Phase 4: Move objects
[2026-04-03T02:58:05.961+0600][364.588s][info][gc,phases      ] GC(56) Phase 4: Move objects 91.134ms
[2026-04-03T02:58:05.961+0600][364.588s][info][gc,ergo        ] GC(56) Bad progress for free space: 136K, need 5120K
[2026-04-03T02:58:05.961+0600][364.588s][info][gc             ] GC(56) Pause Degenerated GC (Outside of Cycle) 479M->479M(500M) 7945.419ms
[2026-04-03T02:58:05.962+0600][364.588s][info][gc,ergo        ] Free: 136K, Max: 32488B regular, 0B humongous, Frag: 0% external, 99% internal; Reserve: 19200K, Max: 256K
[2026-04-03T02:58:05.962+0600][364.588s][info][gc,stats       ] 
[2026-04-03T02:58:05.962+0600][364.588s][info][gc,stats       ] All times are wall-clock times, except per-root-class counters, that are sum over
[2026-04-03T02:58:05.962+0600][364.588s][info][gc,stats       ] all workers. Dividing the <total> over the root stage time estimates parallelism.
[2026-04-03T02:58:05.962+0600][364.588s][info][gc,stats       ] 
[2026-04-03T02:58:05.962+0600][364.588s][info][gc,stats       ] Pause Degenerated GC (G)        7945569 us
[2026-04-03T02:58:05.962+0600][364.588s][info][gc,stats       ] Pause Degenerated GC (N)        7945430 us
[2026-04-03T02:58:05.962+0600][364.588s][info][gc,stats       ]   Degen STW Mark                3435422 us, parallelism: 6.00x
[2026-04-03T02:58:05.962+0600][364.588s][info][gc,stats       ]     DSM: <total>               20605578 us
[2026-04-03T02:58:05.962+0600][364.588s][info][gc,stats       ]     DSM: Thread Roots               719 us, workers (us): 154,  87, 165, 127,  99,  87, 
[2026-04-03T02:58:05.962+0600][364.588s][info][gc,stats       ]     DSM: VM Strong Roots             17 us, workers (us):   0,   7,   0,   0,   5,   5, 
[2026-04-03T02:58:05.962+0600][364.588s][info][gc,stats       ]     DSM: CLDG Roots                 250 us, workers (us): 139,  31,   6,  27,  17,  29, 
[2026-04-03T02:58:05.962+0600][364.588s][info][gc,stats       ]     DSM: Parallel Mark         20604592 us, workers (us): 3434116, 3434330, 3434167, 3434299, 3433863, 3433816, 
[2026-04-03T02:58:05.962+0600][364.588s][info][gc,stats       ]     System Purge                   2397 us
[2026-04-03T02:58:05.962+0600][364.588s][info][gc,stats       ]       Weak References               528 us, parallelism: 0.70x
[2026-04-03T02:58:05.962+0600][364.588s][info][gc,stats       ]         WRP: <total>                372 us
[2026-04-03T02:58:05.962+0600][364.588s][info][gc,stats       ]         WRP: Weak References        372 us, workers (us):  63,  89, 219,   0,   1,   0, 
[2026-04-03T02:58:05.962+0600][364.588s][info][gc             ] Failed to allocate Shared, 4128B
[2026-04-03T02:58:05.962+0600][364.588s][info][gc             ] Cancelling GC: Allocation Failure
[2026-04-03T02:58:05.962+0600][364.588s][info][gc,stats       ]       Unload Classes               1604 us, parallelism: 5.21x
[2026-04-03T02:58:05.962+0600][364.588s][info][gc,stats       ]         DCU: <total>               8350 us
[2026-04-03T02:58:05.962+0600][364.588s][info][gc,stats       ]         DCU: Unload Code Caches     8350 us, workers (us): 1425, 1458, 1399, 1369, 1350, 1349, 
[2026-04-03T02:58:05.962+0600][364.588s][info][gc,stats       ]       Weak Roots                    199 us, parallelism: 2.67x
[2026-04-03T02:58:05.962+0600][364.588s][info][gc,stats       ]         DWR: <total>                532 us
[2026-04-03T02:58:05.962+0600][364.588s][info][gc,stats       ]         DWR: VM Weak Roots          532 us, workers (us): 141, 133,  83,  78,  64,  33, 
[2026-04-03T02:58:05.962+0600][364.588s][info][gc,stats       ]       CLDG                            6 us
[2026-04-03T02:58:05.962+0600][364.588s][info][gc,stats       ]   Update Region States               25 us
[2026-04-03T02:58:05.962+0600][364.588s][info][gc,stats       ]   Manage GC/TLABs                     9 us
[2026-04-03T02:58:05.962+0600][364.588s][info][gc,stats       ]   Choose Collection Set             204 us
[2026-04-03T02:58:05.962+0600][364.588s][info][gc,stats       ]   Rebuild Free Set                   47 us
[2026-04-03T02:58:05.962+0600][364.588s][info][gc,stats       ]   Evacuation                       8249 us
[2026-04-03T02:58:05.962+0600][364.588s][info][gc,stats       ]   Pre Heap Dump                       2 us
[2026-04-03T02:58:05.962+0600][364.588s][info][gc,stats       ]   Prepare                          3901 us
[2026-04-03T02:58:05.962+0600][364.588s][info][gc,stats       ]     Update Roots                   2363 us, parallelism: 5.06x
[2026-04-03T02:58:05.962+0600][364.588s][info][gc,stats       ]       FU: <total>                 11947 us
[2026-04-03T02:58:05.962+0600][364.588s][info][gc,stats       ]       FU: Thread Roots              875 us, workers (us): 144, 212, 281, 227,   4,   8, 
[2026-04-03T02:58:05.962+0600][364.588s][info][gc,stats       ]       FU: Code Cache Roots         9032 us, workers (us): 1428, 1420, 1403, 1395, 1642, 1744, 
[2026-04-03T02:58:05.962+0600][364.588s][info][gc,stats       ]       FU: VM Strong Roots            22 us, workers (us):  15,   2,   1,   1,   1,   1, 
[2026-04-03T02:58:05.962+0600][364.588s][info][gc,stats       ]       FU: VM Weak Roots             927 us, workers (us): 236, 232, 163, 120,  89,  87, 
[2026-04-03T02:58:05.962+0600][364.588s][info][gc,stats       ]       FU: CLDG Roots               1091 us, workers (us): 209, 146, 146, 157, 284, 149, 
[2026-04-03T02:58:05.962+0600][364.588s][info][gc,stats       ]   Mark                          4217741 us, parallelism: 5.99x
[2026-04-03T02:58:05.962+0600][364.588s][info][gc,stats       ]     FM: <total>                25284349 us
[2026-04-03T02:58:05.962+0600][364.588s][info][gc,stats       ]     FM: Thread Roots               1195 us, workers (us): 266, 269, 178, 151, 201, 130, 
[2026-04-03T02:58:05.962+0600][364.588s][info][gc,stats       ]     FM: VM Strong Roots              25 us, workers (us):   0,   1,  14,   8,   0,   1, 
[2026-04-03T02:58:05.962+0600][364.588s][info][gc,stats       ]     FM: CLDG Roots                  321 us, workers (us): 182,  28,  46,  26,   9,  30, 
[2026-04-03T02:58:05.962+0600][364.588s][info][gc,stats       ]     FM: Parallel Mark          25282809 us, workers (us): 4213664, 4213796, 4213875, 4213798, 4213887, 4213789, 
[2026-04-03T02:58:05.962+0600][364.588s][info][gc,stats       ]     System Purge                   2464 us
[2026-04-03T02:58:05.962+0600][364.589s][info][gc,stats       ]       Weak References               436 us, parallelism: 1.04x
[2026-04-03T02:58:05.962+0600][364.589s][info][gc,stats       ]         WRP: <total>                452 us
[2026-04-03T02:58:05.962+0600][364.589s][info][gc,stats       ]         WRP: Weak References        452 us, workers (us): 299,  70,  36,  47,   0,   0, 
[2026-04-03T02:58:05.962+0600][364.589s][info][gc,stats       ]       Unload Classes               1775 us, parallelism: 4.80x
[2026-04-03T02:58:05.962+0600][364.589s][info][gc,stats       ]         CU: <total>                8518 us
[2026-04-03T02:58:05.962+0600][364.589s][info][gc,stats       ]         CU: Unload Code Caches     8518 us, workers (us): 1503, 1472, 1377, 1372, 1420, 1374, 
[2026-04-03T02:58:05.962+0600][364.589s][info][gc,stats       ]       Weak Roots                    238 us, parallelism: 2.95x
[2026-04-03T02:58:05.962+0600][364.589s][info][gc,stats       ]         WR: <total>                 703 us
[2026-04-03T02:58:05.962+0600][364.589s][info][gc,stats       ]         WR: VM Weak Roots           703 us, workers (us): 197, 171, 109,  93,  80,  52, 
[2026-04-03T02:58:05.962+0600][364.589s][info][gc,stats       ]       CLDG                            3 us
[2026-04-03T02:58:05.962+0600][364.589s][info][gc,stats       ]   Calculate Addresses             85738 us
[2026-04-03T02:58:05.962+0600][364.589s][info][gc,stats       ]     Regular Objects               85621 us
[2026-04-03T02:58:05.962+0600][364.589s][info][gc,stats       ]     Humongous Objects                29 us
[2026-04-03T02:58:05.962+0600][364.589s][info][gc,stats       ]   Adjust Pointers                 99093 us
[2026-04-03T02:58:05.962+0600][364.589s][info][gc,stats       ]     FA: <total>                    7728 us
[2026-04-03T02:58:05.962+0600][364.589s][info][gc,stats       ]     FA: Thread Roots                539 us, workers (us): 162, 181,   2,   3, 172,  19, 
[2026-04-03T02:58:05.962+0600][364.589s][info][gc,stats       ]     FA: Code Cache Roots           5954 us, workers (us): 825, 938, 1141, 1087, 898, 1065, 
[2026-04-03T02:58:05.962+0600][364.589s][info][gc,stats       ]     FA: VM Strong Roots              19 us, workers (us):  16,   1,   1,   1,   1,   1, 
[2026-04-03T02:58:05.962+0600][364.589s][info][gc,stats       ]     FA: VM Weak Roots               704 us, workers (us): 164, 134, 134, 114,  78,  78, 
[2026-04-03T02:58:05.962+0600][364.589s][info][gc,stats       ]     FA: CLDG Roots                  512 us, workers (us): 151,  52, 129,  58,  67,  54, 
[2026-04-03T02:58:05.962+0600][364.589s][info][gc,stats       ]   Copy Objects                    91120 us
[2026-04-03T02:58:05.962+0600][364.589s][info][gc,stats       ]     Regular Objects               90208 us
[2026-04-03T02:58:05.962+0600][364.589s][info][gc,stats       ]     Humongous Objects                19 us
[2026-04-03T02:58:05.962+0600][364.589s][info][gc,stats       ]     Reset Complete Bitmap           710 us
[2026-04-03T02:58:05.962+0600][364.589s][info][gc,stats       ]     Rebuild Region Sets             181 us
[2026-04-03T02:58:05.962+0600][364.589s][info][gc,stats       ]   Post Heap Dump                      1 us
[2026-04-03T02:58:05.962+0600][364.589s][info][gc,stats       ] 
[2026-04-03T02:58:05.962+0600][364.589s][info][gc,stats       ] Allocation pacing accrued:
[2026-04-03T02:58:05.962+0600][364.589s][info][gc,stats       ]       0 of  7948 ms (  0.0%): <total>
[2026-04-03T02:58:05.962+0600][364.589s][info][gc,stats       ]       0 of  7948 ms (  0.0%): <average total>
[2026-04-03T02:58:05.962+0600][364.589s][info][gc,stats       ] 
[2026-04-03T02:58:05.962+0600][364.589s][info][gc,metaspace   ] Metaspace: 49403K(49792K)->49403K(49792K) NonClass: 43230K(43456K)->43230K(43456K) Class: 6172K(6336K)->6172K(6336K)
[2026-04-03T02:58:05.962+0600][364.589s][info][gc,ergo        ] Pacer for Idle. Initial: 10240K, Alloc Tax Rate: 1.0x
[2026-04-03T02:58:05.964+0600][364.590s][info][gc             ] Trigger: Handle Allocation Failure
[2026-04-03T02:58:05.964+0600][364.590s][info][gc,ergo        ] Free: 0B, Max: 0B regular, 0B humongous, Frag: 0% external, 0% internal; Reserve: 19200K, Max: 256K
[2026-04-03T02:58:05.964+0600][364.590s][info][gc,start       ] GC(57) Pause Full
[2026-04-03T02:58:05.964+0600][364.590s][info][gc,task        ] GC(57) Using 6 of 6 workers for full gc
[2026-04-03T02:58:05.964+0600][364.590s][info][gc,phases,start] GC(57) Phase 1: Mark live objects
[2026-04-03T02:58:05.964+0600][364.590s][info][gc,ref         ] GC(57) Clearing All SoftReferences
[2026-04-03T02:58:05.964+0600][364.591s][info][gc,ref         ] GC(57) Clearing All SoftReferences
[2026-04-03T02:58:10.167+0600][368.793s][info][gc,ref         ] GC(57) Encountered references: Soft: 2435, Weak: 2712, Final: 74, Phantom: 586
[2026-04-03T02:58:10.167+0600][368.793s][info][gc,ref         ] GC(57) Discovered  references: Soft: 229, Weak: 1474, Final: 74, Phantom: 576
[2026-04-03T02:58:10.167+0600][368.793s][info][gc,ref         ] GC(57) Enqueued    references: Soft: 0, Weak: 0, Final: 0, Phantom: 0
[2026-04-03T02:58:10.169+0600][368.795s][info][gc,phases      ] GC(57) Phase 1: Mark live objects 4204.826ms
[2026-04-03T02:58:10.169+0600][368.795s][info][gc,phases,start] GC(57) Phase 2: Compute new object addresses
[2026-04-03T02:58:10.250+0600][368.877s][info][gc,phases      ] GC(57) Phase 2: Compute new object addresses 81.207ms
[2026-04-03T02:58:10.250+0600][368.877s][info][gc,phases,start] GC(57) Phase 3: Adjust pointers
[2026-04-03T02:58:10.347+0600][368.973s][info][gc,phases      ] GC(57) Phase 3: Adjust pointers 96.752ms
[2026-04-03T02:58:10.347+0600][368.973s][info][gc,phases,start] GC(57) Phase 4: Move objects
[2026-04-03T02:58:10.426+0600][369.053s][info][gc,phases      ] GC(57) Phase 4: Move objects 79.350ms
[2026-04-03T02:58:10.427+0600][369.053s][info][gc,ergo        ] GC(57) Bad progress for free space: 75616B, need 5120K
[2026-04-03T02:58:10.427+0600][369.053s][info][gc             ] GC(57) Pause Full 479M->479M(500M) 4462.872ms
[2026-04-03T02:58:10.427+0600][369.053s][info][gc             ] Failed to allocate TLAB, 2648B
[2026-04-03T02:58:10.427+0600][369.053s][info][gc             ] Cancelling GC: Allocation Failure
[2026-04-03T02:58:10.427+0600][369.054s][info][gc,ergo        ] Free: 0B, Max: 0B regular, 0B humongous, Frag: 0% external, 0% internal; Reserve: 19200K, Max: 256K
[2026-04-03T02:58:10.427+0600][369.054s][info][gc,stats       ] 
[2026-04-03T02:58:10.427+0600][369.054s][info][gc,stats       ] All times are wall-clock times, except per-root-class counters, that are sum over
[2026-04-03T02:58:10.427+0600][369.054s][info][gc,stats       ] all workers. Dividing the <total> over the root stage time estimates parallelism.
[2026-04-03T02:58:10.427+0600][369.054s][info][gc,stats       ] 
[2026-04-03T02:58:10.427+0600][369.054s][info][gc,stats       ] Pause Full GC (G)               4463247 us
[2026-04-03T02:58:10.427+0600][369.054s][info][gc,stats       ] Pause Full GC (N)               4462885 us
[2026-04-03T02:58:10.427+0600][369.054s][info][gc,stats       ]   Pre Heap Dump                       1 us
[2026-04-03T02:58:10.427+0600][369.054s][info][gc,stats       ]   Prepare                           205 us
[2026-04-03T02:58:10.427+0600][369.054s][info][gc,stats       ]   Mark                          4204812 us, parallelism: 5.99x
[2026-04-03T02:58:10.427+0600][369.054s][info][gc,stats       ]     FM: <total>                25207527 us
[2026-04-03T02:58:10.427+0600][369.054s][info][gc,stats       ]     FM: Thread Roots                666 us, workers (us): 148, 158, 125,  77,  94,  63, 
[2026-04-03T02:58:10.427+0600][369.054s][info][gc,stats       ]     FM: VM Strong Roots              17 us, workers (us):   0,   4,   0,   3,   4,   5, 
[2026-04-03T02:58:10.427+0600][369.054s][info][gc,stats       ]     FM: CLDG Roots                  200 us, workers (us): 105,  14,  14,  26,   9,  31, 
[2026-04-03T02:58:10.427+0600][369.054s][info][gc,stats       ]     FM: Parallel Mark          25206644 us, workers (us): 4201015, 4201087, 4201076, 4201100, 4201168, 4201199, 
[2026-04-03T02:58:10.427+0600][369.054s][info][gc,stats       ]     System Purge                   2412 us
[2026-04-03T02:58:10.427+0600][369.054s][info][gc,stats       ]       Weak References               627 us, parallelism: 0.93x
[2026-04-03T02:58:10.427+0600][369.054s][info][gc,stats       ]         WRP: <total>                585 us
[2026-04-03T02:58:10.427+0600][369.054s][info][gc,stats       ]         WRP: Weak References        585 us, workers (us): 298, 234,  26,  27,   0,   0, 
[2026-04-03T02:58:10.427+0600][369.054s][info][gc,stats       ]       Unload Classes               1464 us, parallelism: 4.98x
[2026-04-03T02:58:10.427+0600][369.054s][info][gc,stats       ]         CU: <total>                7293 us
[2026-04-03T02:58:10.427+0600][369.054s][info][gc,stats       ]         CU: Unload Code Caches     7293 us, workers (us): 1248, 1247, 1225, 1223, 1166, 1184, 
[2026-04-03T02:58:10.427+0600][369.054s][info][gc,stats       ]       Weak Roots                    278 us, parallelism: 1.90x
[2026-04-03T02:58:10.427+0600][369.054s][info][gc,stats       ]         WR: <total>                 528 us
[2026-04-03T02:58:10.427+0600][369.054s][info][gc,stats       ]         WR: VM Weak Roots           528 us, workers (us): 159,  92,  90,  86,  59,  41, 
[2026-04-03T02:58:10.427+0600][369.054s][info][gc,stats       ]       CLDG                            3 us
[2026-04-03T02:58:10.427+0600][369.054s][info][gc,stats       ]   Calculate Addresses             81192 us
[2026-04-03T02:58:10.427+0600][369.054s][info][gc,stats       ]     Regular Objects               80971 us
[2026-04-03T02:58:10.427+0600][369.054s][info][gc,stats       ]     Humongous Objects                32 us
[2026-04-03T02:58:10.427+0600][369.054s][info][gc,stats       ]   Adjust Pointers                 96736 us
[2026-04-03T02:58:10.427+0600][369.054s][info][gc,stats       ]     FA: <total>                    7502 us
[2026-04-03T02:58:10.427+0600][369.054s][info][gc,stats       ]     FA: Thread Roots                470 us, workers (us): 127,   4, 173, 161,   3,   2, 
[2026-04-03T02:58:10.427+0600][369.054s][info][gc,stats       ]     FA: Code Cache Roots           5875 us, workers (us): 836, 981, 796, 831, 1193, 1239, 
[2026-04-03T02:58:10.427+0600][369.054s][info][gc,stats       ]     FA: VM Strong Roots              19 us, workers (us):  15,   1,   1,   1,   1,   1, 
[2026-04-03T02:58:10.427+0600][369.054s][info][gc,stats       ]     FA: VM Weak Roots               662 us, workers (us): 167, 130,  92,  92,  90,  90, 
[2026-04-03T02:58:10.427+0600][369.054s][info][gc,stats       ]     FA: CLDG Roots                  476 us, workers (us):  41, 186,  39,  39, 117,  53, 
[2026-04-03T02:58:10.427+0600][369.054s][info][gc,stats       ]   Copy Objects                    79333 us
[2026-04-03T02:58:10.427+0600][369.054s][info][gc,stats       ]     Regular Objects               78153 us
[2026-04-03T02:58:10.427+0600][369.054s][info][gc,stats       ]     Humongous Objects                23 us
[2026-04-03T02:58:10.427+0600][369.054s][info][gc,stats       ]     Reset Complete Bitmap           909 us
[2026-04-03T02:58:10.427+0600][369.054s][info][gc,stats       ]     Rebuild Region Sets             244 us
[2026-04-03T02:58:10.427+0600][369.054s][info][gc,stats       ]   Post Heap Dump                      1 us
[2026-04-03T02:58:10.427+0600][369.054s][info][gc,stats       ] 
[2026-04-03T02:58:10.427+0600][369.054s][info][gc,stats       ] Allocation pacing accrued:
[2026-04-03T02:58:10.427+0600][369.054s][info][gc,stats       ]       0 of  4465 ms (  0.0%): <total>
[2026-04-03T02:58:10.428+0600][369.054s][info][gc,stats       ]       0 of  4465 ms (  0.0%): <average total>
[2026-04-03T02:58:10.428+0600][369.054s][info][gc,stats       ] 
[2026-04-03T02:58:10.428+0600][369.054s][info][gc,metaspace   ] Metaspace: 49403K(49792K)->49403K(49792K) NonClass: 43230K(43456K)->43230K(43456K) Class: 6172K(6336K)->6172K(6336K)
[2026-04-03T02:58:10.428+0600][369.054s][info][gc,ergo        ] Pacer for Idle. Initial: 10240K, Alloc Tax Rate: 1.0x
[2026-04-03T02:58:10.430+0600][369.056s][info][gc             ] Trigger: Handle Allocation Failure
[2026-04-03T02:58:10.430+0600][369.056s][info][gc,ergo        ] Free: 0B, Max: 0B regular, 0B humongous, Frag: 0% external, 0% internal; Reserve: 19200K, Max: 256K
[2026-04-03T02:58:10.430+0600][369.056s][info][gc,start       ] GC(58) Pause Degenerated GC (Outside of Cycle)
[2026-04-03T02:58:10.430+0600][369.056s][info][gc,task        ] GC(58) Using 6 of 6 workers for stw degenerated gc
[2026-04-03T02:58:10.430+0600][369.057s][info][gc,ref         ] GC(58) Clearing All SoftReferences
[2026-04-03T02:58:14.465+0600][373.092s][info][gc,ref         ] GC(58) Encountered references: Soft: 2435, Weak: 2713, Final: 74, Phantom: 587
[2026-04-03T02:58:14.465+0600][373.092s][info][gc,ref         ] GC(58) Discovered  references: Soft: 222, Weak: 1377, Final: 74, Phantom: 203
[2026-04-03T02:58:14.465+0600][373.092s][info][gc,ref         ] GC(58) Enqueued    references: Soft: 0, Weak: 0, Final: 0, Phantom: 0
[2026-04-03T02:58:14.467+0600][373.094s][info][gc,ergo        ] GC(58) Adaptive CSet Selection. Target Free: 72533K, Actual Free: 19200K, Max CSet: 21333K, Min Garbage: 53333K
[2026-04-03T02:58:14.468+0600][373.094s][info][gc,ergo        ] GC(58) Collectable Garbage: 19832B (100%), Immediate: 0B (0%), CSet: 19832B (100%)
[2026-04-03T02:58:14.473+0600][373.100s][info][gc             ] GC(58) Cancelling GC: Allocation Failure During Evacuation
[2026-04-03T02:58:14.475+0600][373.101s][info][gc             ] GC(58) Cannot finish degeneration, upgrading to Full GC
[2026-04-03T02:58:14.478+0600][373.104s][info][gc,phases,start] GC(58) Phase 1: Mark live objects
[2026-04-03T02:58:14.478+0600][373.104s][info][gc,ref         ] GC(58) Clearing All SoftReferences
[2026-04-03T02:58:14.478+0600][373.104s][info][gc,ref         ] GC(58) Clearing All SoftReferences
[2026-04-03T02:58:17.895+0600][376.522s][info][gc,ref         ] GC(58) Encountered references: Soft: 2435, Weak: 2713, Final: 74, Phantom: 587
[2026-04-03T02:58:17.896+0600][376.522s][info][gc,ref         ] GC(58) Discovered  references: Soft: 226, Weak: 1499, Final: 51, Phantom: 203
[2026-04-03T02:58:17.896+0600][376.522s][info][gc,ref         ] GC(58) Enqueued    references: Soft: 0, Weak: 0, Final: 0, Phantom: 0
[2026-04-03T02:58:17.897+0600][376.524s][info][gc,phases      ] GC(58) Phase 1: Mark live objects 3419.707ms
[2026-04-03T02:58:17.898+0600][376.524s][info][gc,phases,start] GC(58) Phase 2: Compute new object addresses
[2026-04-03T02:58:17.990+0600][376.617s][info][gc,phases      ] GC(58) Phase 2: Compute new object addresses 92.867ms
[2026-04-03T02:58:17.990+0600][376.617s][info][gc,phases,start] GC(58) Phase 3: Adjust pointers
[2026-04-03T02:58:18.091+0600][376.717s][info][gc,phases      ] GC(58) Phase 3: Adjust pointers 100.597ms
[2026-04-03T02:58:18.091+0600][376.718s][info][gc,phases,start] GC(58) Phase 4: Move objects
[2026-04-03T02:58:18.183+0600][376.809s][info][gc,phases      ] GC(58) Phase 4: Move objects 91.681ms
[2026-04-03T02:58:18.183+0600][376.809s][info][gc,ergo        ] GC(58) Bad progress for free space: 56368B, need 5120K
[2026-04-03T02:58:18.183+0600][376.809s][info][gc             ] GC(58) Pause Degenerated GC (Outside of Cycle) 479M->479M(500M) 7753.234ms
[2026-04-03T02:58:18.183+0600][376.810s][info][gc,ergo        ] Free: 56368B, Max: 6240B regular, 0B humongous, Frag: 0% external, 99% internal; Reserve: 19200K, Max: 256K
[2026-04-03T02:58:18.183+0600][376.810s][info][gc,stats       ] 
[2026-04-03T02:58:18.183+0600][376.810s][info][gc,stats       ] All times are wall-clock times, except per-root-class counters, that are sum over
[2026-04-03T02:58:18.183+0600][376.810s][info][gc,stats       ] all workers. Dividing the <total> over the root stage time estimates parallelism.
[2026-04-03T02:58:18.183+0600][376.810s][info][gc,stats       ] 
[2026-04-03T02:58:18.183+0600][376.810s][info][gc,stats       ] Pause Degenerated GC (G)        7753514 us
[2026-04-03T02:58:18.183+0600][376.810s][info][gc,stats       ] Pause Degenerated GC (N)        7753245 us
[2026-04-03T02:58:18.183+0600][376.810s][info][gc,stats       ]   Degen STW Mark                4034616 us, parallelism: 6.00x
[2026-04-03T02:58:18.183+0600][376.810s][info][gc,stats       ]     DSM: <total>               24200855 us
[2026-04-03T02:58:18.183+0600][376.810s][info][gc,stats       ]     DSM: Thread Roots              1029 us, workers (us): 146, 136, 138, 113, 118, 377, 
[2026-04-03T02:58:18.183+0600][376.810s][info][gc,stats       ]     DSM: VM Strong Roots             20 us, workers (us):   3,   0,  12,   2,   2,   0, 
[2026-04-03T02:58:18.183+0600][376.810s][info][gc,stats       ]     DSM: CLDG Roots                 312 us, workers (us):  33, 192,   7,  38,  30,  11, 
[2026-04-03T02:58:18.183+0600][376.810s][info][gc,stats       ]     DSM: Parallel Mark         24199495 us, workers (us): 4033132, 4033124, 4033317, 4033312, 4033425, 4033185, 
[2026-04-03T02:58:18.183+0600][376.810s][info][gc,stats       ]     System Purge                   2420 us
[2026-04-03T02:58:18.183+0600][376.810s][info][gc,stats       ]       Weak References               525 us, parallelism: 0.77x
[2026-04-03T02:58:18.183+0600][376.810s][info][gc,stats       ]         WRP: <total>                406 us
[2026-04-03T02:58:18.183+0600][376.810s][info][gc             ] Failed to allocate TLAB, 2680B
[2026-04-03T02:58:18.183+0600][376.810s][info][gc             ] Cancelling GC: Allocation Failure
[2026-04-03T02:58:18.183+0600][376.810s][info][gc,stats       ]         WRP: Weak References        406 us, workers (us):  71, 294,  13,  27,   0,   0, 
[2026-04-03T02:58:18.184+0600][376.810s][info][gc,stats       ]       Unload Classes               1649 us, parallelism: 4.57x
[2026-04-03T02:58:18.184+0600][376.810s][info][gc,stats       ]         DCU: <total>               7541 us
[2026-04-03T02:58:18.184+0600][376.810s][info][gc,stats       ]         DCU: Unload Code Caches     7541 us, workers (us): 1324, 1244, 1245, 1230, 1271, 1226, 
[2026-04-03T02:58:18.184+0600][376.810s][info][gc,stats       ]       Weak Roots                    224 us, parallelism: 2.40x
[2026-04-03T02:58:18.184+0600][376.810s][info][gc,stats       ]         DWR: <total>                537 us
[2026-04-03T02:58:18.184+0600][376.810s][info][gc,stats       ]         DWR: VM Weak Roots          537 us, workers (us): 112, 102,  99,  86,  80,  58, 
[2026-04-03T02:58:18.184+0600][376.810s][info][gc,stats       ]       CLDG                            5 us
[2026-04-03T02:58:18.184+0600][376.810s][info][gc,stats       ]   Update Region States               35 us
[2026-04-03T02:58:18.184+0600][376.810s][info][gc,stats       ]   Manage GC/TLABs                    11 us
[2026-04-03T02:58:18.184+0600][376.810s][info][gc,stats       ]   Choose Collection Set             228 us
[2026-04-03T02:58:18.184+0600][376.810s][info][gc,stats       ]   Rebuild Free Set                   37 us
[2026-04-03T02:58:18.184+0600][376.810s][info][gc,stats       ]   Evacuation                       7048 us
[2026-04-03T02:58:18.184+0600][376.810s][info][gc,stats       ]   Pre Heap Dump                       2 us
[2026-04-03T02:58:18.184+0600][376.810s][info][gc,stats       ]   Prepare                          2669 us
[2026-04-03T02:58:18.184+0600][376.810s][info][gc,stats       ]     Update Roots                   1776 us, parallelism: 5.00x
[2026-04-03T02:58:18.184+0600][376.810s][info][gc,stats       ]       FU: <total>                  8884 us
[2026-04-03T02:58:18.184+0600][376.810s][info][gc,stats       ]       FU: Thread Roots              727 us, workers (us): 192, 116, 163, 199,   3,  53, 
[2026-04-03T02:58:18.184+0600][376.810s][info][gc,stats       ]       FU: Code Cache Roots         6920 us, workers (us): 1024, 1151, 1109, 1072, 1346, 1219, 
[2026-04-03T02:58:18.184+0600][376.810s][info][gc,stats       ]       FU: VM Strong Roots            18 us, workers (us):   9,   6,   1,   1,   1,   1, 
[2026-04-03T02:58:18.184+0600][376.810s][info][gc,stats       ]       FU: VM Weak Roots             659 us, workers (us): 189, 190, 103,  75,  49,  52, 
[2026-04-03T02:58:18.184+0600][376.810s][info][gc,stats       ]       FU: CLDG Roots                560 us, workers (us): 138, 118,  81,  73,  75,  75, 
[2026-04-03T02:58:18.184+0600][376.810s][info][gc,stats       ]   Mark                          3419630 us, parallelism: 5.99x
[2026-04-03T02:58:18.184+0600][376.810s][info][gc,stats       ]     FM: <total>                20496619 us
[2026-04-03T02:58:18.184+0600][376.810s][info][gc,stats       ]     FM: Thread Roots                721 us, workers (us): 157, 146, 139,  81,  79, 118, 
[2026-04-03T02:58:18.184+0600][376.810s][info][gc,stats       ]     FM: VM Strong Roots              22 us, workers (us):  10,   0,  10,   0,   1,   0, 
[2026-04-03T02:58:18.184+0600][376.810s][info][gc,stats       ]     FM: CLDG Roots                  249 us, workers (us):  28, 134,  33,  19,  27,   8, 
[2026-04-03T02:58:18.184+0600][376.810s][info][gc,stats       ]     FM: Parallel Mark          20495627 us, workers (us): 3416060, 3415661, 3415970, 3415966, 3416036, 3415934, 
[2026-04-03T02:58:18.184+0600][376.810s][info][gc,stats       ]     System Purge                   2292 us
[2026-04-03T02:58:18.184+0600][376.810s][info][gc,stats       ]       Weak References               402 us, parallelism: 1.17x
[2026-04-03T02:58:18.184+0600][376.810s][info][gc,stats       ]         WRP: <total>                471 us
[2026-04-03T02:58:18.184+0600][376.810s][info][gc,stats       ]         WRP: Weak References        471 us, workers (us): 250,  15,  90,   4, 111,   1, 
[2026-04-03T02:58:18.184+0600][376.810s][info][gc,stats       ]       Unload Classes               1647 us, parallelism: 4.78x
[2026-04-03T02:58:18.184+0600][376.810s][info][gc,stats       ]         CU: <total>                7879 us
[2026-04-03T02:58:18.184+0600][376.810s][info][gc,stats       ]         CU: Unload Code Caches     7879 us, workers (us): 1356, 1326, 1288, 1319, 1307, 1282, 
[2026-04-03T02:58:18.184+0600][376.810s][info][gc,stats       ]       Weak Roots                    227 us, parallelism: 3.47x
[2026-04-03T02:58:18.184+0600][376.810s][info][gc,stats       ]         WR: <total>                 787 us
[2026-04-03T02:58:18.184+0600][376.810s][info][gc,stats       ]         WR: VM Weak Roots           787 us, workers (us): 189, 184, 183, 119,  58,  55, 
[2026-04-03T02:58:18.184+0600][376.810s][info][gc,stats       ]       CLDG                            2 us
[2026-04-03T02:58:18.184+0600][376.810s][info][gc,stats       ]   Calculate Addresses             92856 us
[2026-04-03T02:58:18.184+0600][376.810s][info][gc,stats       ]     Regular Objects               92709 us
[2026-04-03T02:58:18.184+0600][376.810s][info][gc,stats       ]     Humongous Objects                26 us
[2026-04-03T02:58:18.184+0600][376.810s][info][gc,stats       ]   Adjust Pointers                100587 us
[2026-04-03T02:58:18.184+0600][376.810s][info][gc,stats       ]     FA: <total>                    7122 us
[2026-04-03T02:58:18.184+0600][376.810s][info][gc,stats       ]     FA: Thread Roots                547 us, workers (us): 179,  92,  20,  98,   2, 155, 
[2026-04-03T02:58:18.184+0600][376.810s][info][gc,stats       ]     FA: Code Cache Roots           5323 us, workers (us): 811, 780, 944, 872, 1115, 801, 
[2026-04-03T02:58:18.184+0600][376.810s][info][gc,stats       ]     FA: VM Strong Roots              16 us, workers (us):  12,   2,   1,   0,   0,   1, 
[2026-04-03T02:58:18.184+0600][376.810s][info][gc,stats       ]     FA: VM Weak Roots               689 us, workers (us): 168, 104, 107, 103, 105, 102, 
[2026-04-03T02:58:18.184+0600][376.810s][info][gc,stats       ]     FA: CLDG Roots                  547 us, workers (us):  62, 155,  58,  60, 143,  68, 
[2026-04-03T02:58:18.184+0600][376.810s][info][gc,stats       ]   Copy Objects                    91669 us
[2026-04-03T02:58:18.184+0600][376.810s][info][gc,stats       ]     Regular Objects               90843 us
[2026-04-03T02:58:18.184+0600][376.810s][info][gc,stats       ]     Humongous Objects                20 us
[2026-04-03T02:58:18.184+0600][376.810s][info][gc,stats       ]     Reset Complete Bitmap           622 us
[2026-04-03T02:58:18.184+0600][376.810s][info][gc,stats       ]     Rebuild Region Sets             182 us
[2026-04-03T02:58:18.184+0600][376.810s][info][gc,stats       ]   Post Heap Dump                      1 us
[2026-04-03T02:58:18.184+0600][376.810s][info][gc,stats       ] 
[2026-04-03T02:58:18.184+0600][376.810s][info][gc,stats       ] Allocation pacing accrued:
[2026-04-03T02:58:18.184+0600][376.810s][info][gc,stats       ]       0 of  7756 ms (  0.0%): <total>
[2026-04-03T02:58:18.184+0600][376.810s][info][gc,stats       ]       0 of  7756 ms (  0.0%): <average total>
[2026-04-03T02:58:18.184+0600][376.810s][info][gc,stats       ] 
[2026-04-03T02:58:18.184+0600][376.810s][info][gc,metaspace   ] Metaspace: 49403K(49792K)->49403K(49792K) NonClass: 43230K(43456K)->43230K(43456K) Class: 6172K(6336K)->6172K(6336K)
[2026-04-03T02:58:18.184+0600][376.810s][info][gc,ergo        ] Pacer for Idle. Initial: 10240K, Alloc Tax Rate: 1.0x
[2026-04-03T02:58:18.185+0600][376.811s][info][gc             ] Trigger: Handle Allocation Failure
[2026-04-03T02:58:18.185+0600][376.811s][info][gc,ergo        ] Free: 0B, Max: 0B regular, 0B humongous, Frag: 0% external, 0% internal; Reserve: 19200K, Max: 256K
[2026-04-03T02:58:18.185+0600][376.811s][info][gc,start       ] GC(59) Pause Degenerated GC (Outside of Cycle)
[2026-04-03T02:58:18.185+0600][376.811s][info][gc,task        ] GC(59) Using 6 of 6 workers for stw degenerated gc
[2026-04-03T02:58:18.185+0600][376.812s][info][gc,ref         ] GC(59) Clearing All SoftReferences
[2026-04-03T02:58:22.358+0600][380.984s][info][gc,ref         ] GC(59) Encountered references: Soft: 2436, Weak: 2713, Final: 74, Phantom: 587
[2026-04-03T02:58:22.358+0600][380.984s][info][gc,ref         ] GC(59) Discovered  references: Soft: 238, Weak: 1832, Final: 51, Phantom: 317
[2026-04-03T02:58:22.358+0600][380.984s][info][gc,ref         ] GC(59) Enqueued    references: Soft: 0, Weak: 0, Final: 0, Phantom: 0
[2026-04-03T02:58:22.360+0600][380.986s][info][gc,ergo        ] GC(59) Adaptive CSet Selection. Target Free: 72533K, Actual Free: 19200K, Max CSet: 21333K, Min Garbage: 53333K
[2026-04-03T02:58:22.360+0600][380.986s][info][gc,ergo        ] GC(59) Collectable Garbage: 13040B (100%), Immediate: 0B (0%), CSet: 13040B (100%)
[2026-04-03T02:58:22.365+0600][380.992s][info][gc             ] GC(59) Cancelling GC: Allocation Failure During Evacuation
[2026-04-03T02:58:22.367+0600][380.993s][info][gc             ] GC(59) Cannot finish degeneration, upgrading to Full GC
[2026-04-03T02:58:22.370+0600][380.996s][info][gc,phases,start] GC(59) Phase 1: Mark live objects
[2026-04-03T02:58:22.370+0600][380.997s][info][gc,ref         ] GC(59) Clearing All SoftReferences
[2026-04-03T02:58:22.370+0600][380.997s][info][gc,ref         ] GC(59) Clearing All SoftReferences
[2026-04-03T02:58:26.543+0600][385.169s][info][gc,ref         ] GC(59) Encountered references: Soft: 2436, Weak: 2713, Final: 74, Phantom: 587
[2026-04-03T02:58:26.543+0600][385.170s][info][gc,ref         ] GC(59) Discovered  references: Soft: 236, Weak: 1821, Final: 74, Phantom: 218
[2026-04-03T02:58:26.543+0600][385.170s][info][gc,ref         ] GC(59) Enqueued    references: Soft: 0, Weak: 0, Final: 0, Phantom: 0
[2026-04-03T02:58:26.545+0600][385.171s][info][gc,phases      ] GC(59) Phase 1: Mark live objects 4175.009ms
[2026-04-03T02:58:26.545+0600][385.171s][info][gc,phases,start] GC(59) Phase 2: Compute new object addresses
[2026-04-03T02:58:26.627+0600][385.254s][info][gc,phases      ] GC(59) Phase 2: Compute new object addresses 82.159ms
[2026-04-03T02:58:26.627+0600][385.254s][info][gc,phases,start] GC(59) Phase 3: Adjust pointers
[2026-04-03T02:58:26.726+0600][385.352s][info][gc,phases      ] GC(59) Phase 3: Adjust pointers 98.621ms
[2026-04-03T02:58:26.726+0600][385.352s][info][gc,phases,start] GC(59) Phase 4: Move objects
[2026-04-03T02:58:26.818+0600][385.444s][info][gc,phases      ] GC(59) Phase 4: Move objects 91.694ms
[2026-04-03T02:58:26.818+0600][385.444s][info][gc,ergo        ] GC(59) Bad progress for free space: 300K, need 5120K
[2026-04-03T02:58:26.818+0600][385.444s][info][gc             ] GC(59) Pause Degenerated GC (Outside of Cycle) 480M->479M(500M) 8632.877ms
[2026-04-03T02:58:26.818+0600][385.445s][info][gc,ergo        ] Free: 267K, Max: 128K regular, 0B humongous, Frag: 0% external, 99% internal; Reserve: 18944K, Max: 256K
[2026-04-03T02:58:26.818+0600][385.445s][info][gc,stats       ] 
[2026-04-03T02:58:26.818+0600][385.445s][info][gc,stats       ] All times are wall-clock times, except per-root-class counters, that are sum over
[2026-04-03T02:58:26.818+0600][385.445s][info][gc,stats       ] all workers. Dividing the <total> over the root stage time estimates parallelism.
[2026-04-03T02:58:26.818+0600][385.445s][info][gc,stats       ] 
[2026-04-03T02:58:26.818+0600][385.445s][info][gc,stats       ] Pause Degenerated GC (G)        8633238 us
[2026-04-03T02:58:26.818+0600][385.445s][info][gc,stats       ] Pause Degenerated GC (N)        8632887 us
[2026-04-03T02:58:26.818+0600][385.445s][info][gc,stats       ]   Degen STW Mark                4171957 us, parallelism: 6.00x
[2026-04-03T02:58:26.818+0600][385.445s][info][gc,stats       ]     DSM: <total>               25025396 us
[2026-04-03T02:58:26.818+0600][385.445s][info][gc,stats       ]     DSM: Thread Roots               632 us, workers (us): 152, 112,  90,  81, 118,  80, 
[2026-04-03T02:58:26.818+0600][385.445s][info][gc,stats       ]     DSM: VM Strong Roots             17 us, workers (us):   0,   4,   4,   4,   0,   5, 
[2026-04-03T02:58:26.818+0600][385.445s][info][gc,stats       ]     DSM: CLDG Roots                 230 us, workers (us): 118,  27,  20,  26,  13,  27, 
[2026-04-03T02:58:26.818+0600][385.445s][info][gc,stats       ]     DSM: Parallel Mark         25024517 us, workers (us): 4170783, 4170530, 4170796, 4170792, 4170845, 4170771, 
[2026-04-03T02:58:26.818+0600][385.445s][info][gc,stats       ]     System Purge                   2236 us
[2026-04-03T02:58:26.818+0600][385.445s][info][gc,stats       ]       Weak References               487 us, parallelism: 0.81x
[2026-04-03T02:58:26.818+0600][385.445s][info][gc,stats       ]         WRP: <total>                394 us
[2026-04-03T02:58:26.818+0600][385.445s][info][gc,stats       ]         WRP: Weak References        394 us, workers (us):  71,  60, 263,   0,   0,   0, 
[2026-04-03T02:58:26.818+0600][385.445s][info][gc,stats       ]       Unload Classes               1554 us, parallelism: 4.71x
[2026-04-03T02:58:26.818+0600][385.445s][info][gc,stats       ]         DCU: <total>               7312 us
[2026-04-03T02:58:26.818+0600][385.445s][info][gc,stats       ]         DCU: Unload Code Caches     7312 us, workers (us): 1251, 1262, 1189, 1229, 1193, 1188, 
[2026-04-03T02:58:26.818+0600][385.445s][info][gc,stats       ]       Weak Roots                    182 us, parallelism: 2.82x
[2026-04-03T02:58:26.818+0600][385.445s][info][gc,stats       ]         DWR: <total>                514 us
[2026-04-03T02:58:26.818+0600][385.445s][info][gc,stats       ]         DWR: VM Weak Roots          514 us, workers (us): 137,  90,  87,  79,  61,  61, 
[2026-04-03T02:58:26.818+0600][385.445s][info][gc,stats       ]       CLDG                            3 us
[2026-04-03T02:58:26.818+0600][385.445s][info][gc,stats       ]   Update Region States               26 us
[2026-04-03T02:58:26.818+0600][385.445s][info][gc,stats       ]   Manage GC/TLABs                     9 us
[2026-04-03T02:58:26.818+0600][385.445s][info][gc,stats       ]   Choose Collection Set             228 us
[2026-04-03T02:58:26.818+0600][385.445s][info][gc,stats       ]   Rebuild Free Set                   46 us
[2026-04-03T02:58:26.818+0600][385.445s][info][gc,stats       ]   Evacuation                       6912 us
[2026-04-03T02:58:26.818+0600][385.445s][info][gc,stats       ]   Pre Heap Dump                       2 us
[2026-04-03T02:58:26.818+0600][385.445s][info][gc,stats       ]   Prepare                          2783 us
[2026-04-03T02:58:26.818+0600][385.445s][info][gc,stats       ]     Update Roots                   1799 us, parallelism: 5.18x
[2026-04-03T02:58:26.818+0600][385.445s][info][gc,stats       ]       FU: <total>                  9316 us
[2026-04-03T02:58:26.818+0600][385.445s][info][gc,stats       ]       FU: Thread Roots              738 us, workers (us): 232,  47, 123,  73,   3, 260, 
[2026-04-03T02:58:26.818+0600][385.445s][info][gc,stats       ]       FU: Code Cache Roots         7256 us, workers (us): 1036, 1293, 1201, 1231, 1390, 1105, 
[2026-04-03T02:58:26.818+0600][385.445s][info][gc,stats       ]       FU: VM Strong Roots            16 us, workers (us):  11,   1,   1,   1,   1,   1, 
[2026-04-03T02:58:26.818+0600][385.445s][info][gc,stats       ]       FU: VM Weak Roots             667 us, workers (us): 166, 108, 109, 109, 109,  66, 
[2026-04-03T02:58:26.818+0600][385.445s][info][gc,stats       ]       FU: CLDG Roots                639 us, workers (us): 163,  85,  92, 127,  87,  85, 
[2026-04-03T02:58:26.818+0600][385.445s][info][gc,stats       ]   Mark                          4174905 us, parallelism: 6.00x
[2026-04-03T02:58:26.818+0600][385.445s][info][gc,stats       ]     FM: <total>                25028891 us
[2026-04-03T02:58:26.819+0600][385.445s][info][gc,stats       ]     FM: Thread Roots                825 us, workers (us): 186, 168, 132, 192,  73,  73, 
[2026-04-03T02:58:26.819+0600][385.445s][info][gc,stats       ]     FM: VM Strong Roots              23 us, workers (us):   0,   7,   1,   0,   7,   9, 
[2026-04-03T02:58:26.819+0600][385.445s][info][gc,stats       ]     FM: CLDG Roots                  261 us, workers (us): 137,  34,  24,   8,  29,  29, 
[2026-04-03T02:58:26.819+0600][385.445s][info][gc,stats       ]     FM: Parallel Mark          25027781 us, workers (us): 4171290, 4171298, 4171301, 4171347, 4171293, 4171252, 
[2026-04-03T02:58:26.819+0600][385.445s][info][gc,stats       ]     System Purge                   2350 us
[2026-04-03T02:58:26.819+0600][385.445s][info][gc,stats       ]       Weak References               544 us, parallelism: 1.47x
[2026-04-03T02:58:26.819+0600][385.445s][info][gc,stats       ]         WRP: <total>                799 us
[2026-04-03T02:58:26.819+0600][385.445s][info][gc,stats       ]         WRP: Weak References        799 us, workers (us): 109, 133, 191,  91, 269,   5, 
[2026-04-03T02:58:26.819+0600][385.445s][info][gc,stats       ]       Unload Classes               1408 us, parallelism: 5.15x
[2026-04-03T02:58:26.819+0600][385.445s][info][gc,stats       ]         CU: <total>                7258 us
[2026-04-03T02:58:26.819+0600][385.445s][info][gc             ] Failed to allocate TLAB, 2656B
[2026-04-03T02:58:26.819+0600][385.445s][info][gc             ] Cancelling GC: Allocation Failure
[2026-04-03T02:58:26.819+0600][385.445s][info][gc,stats       ]         CU: Unload Code Caches     7258 us, workers (us): 1252, 1249, 1209, 1205, 1195, 1149, 
[2026-04-03T02:58:26.819+0600][385.445s][info][gc,stats       ]       Weak Roots                    383 us, parallelism: 2.19x
[2026-04-03T02:58:26.819+0600][385.445s][info][gc,stats       ]         WR: <total>                 839 us
[2026-04-03T02:58:26.819+0600][385.445s][info][gc,stats       ]         WR: VM Weak Roots           839 us, workers (us): 216, 162, 134, 116, 117,  93, 
[2026-04-03T02:58:26.819+0600][385.445s][info][gc,stats       ]       CLDG                            3 us
[2026-04-03T02:58:26.819+0600][385.445s][info][gc,stats       ]   Calculate Addresses             82148 us
[2026-04-03T02:58:26.819+0600][385.445s][info][gc,stats       ]     Regular Objects               82055 us
[2026-04-03T02:58:26.819+0600][385.445s][info][gc,stats       ]     Humongous Objects                31 us
[2026-04-03T02:58:26.819+0600][385.445s][info][gc,stats       ]   Adjust Pointers                 98609 us
[2026-04-03T02:58:26.819+0600][385.445s][info][gc,stats       ]     FA: <total>                    7595 us
[2026-04-03T02:58:26.819+0600][385.445s][info][gc,stats       ]     FA: Thread Roots                570 us, workers (us): 191,  19,  20,   2, 164, 176, 
[2026-04-03T02:58:26.819+0600][385.445s][info][gc,stats       ]     FA: Code Cache Roots           5758 us, workers (us): 849, 1029, 902, 1181, 927, 870, 
[2026-04-03T02:58:26.819+0600][385.445s][info][gc,stats       ]     FA: VM Strong Roots              18 us, workers (us):  14,   1,   1,   1,   1,   1, 
[2026-04-03T02:58:26.819+0600][385.445s][info][gc,stats       ]     FA: VM Weak Roots               659 us, workers (us): 177, 104, 104,  91,  92,  90, 
[2026-04-03T02:58:26.819+0600][385.445s][info][gc,stats       ]     FA: CLDG Roots                  590 us, workers (us):  67,  57, 198, 156,  54,  58, 
[2026-04-03T02:58:26.819+0600][385.445s][info][gc,stats       ]   Copy Objects                    91659 us
[2026-04-03T02:58:26.819+0600][385.445s][info][gc,stats       ]     Regular Objects               90788 us
[2026-04-03T02:58:26.819+0600][385.445s][info][gc,stats       ]     Humongous Objects                26 us
[2026-04-03T02:58:26.819+0600][385.445s][info][gc,stats       ]     Reset Complete Bitmap           637 us
[2026-04-03T02:58:26.819+0600][385.445s][info][gc,stats       ]     Rebuild Region Sets             205 us
[2026-04-03T02:58:26.819+0600][385.445s][info][gc,stats       ]   Post Heap Dump                      1 us
[2026-04-03T02:58:26.819+0600][385.445s][info][gc,stats       ] 
[2026-04-03T02:58:26.819+0600][385.445s][info][gc,stats       ] Allocation pacing accrued:
[2026-04-03T02:58:26.819+0600][385.445s][info][gc,stats       ]       0 of  8635 ms (  0.0%): <total>
[2026-04-03T02:58:26.819+0600][385.445s][info][gc,stats       ]       0 of  8635 ms (  0.0%): <average total>
[2026-04-03T02:58:26.819+0600][385.445s][info][gc,stats       ] 
[2026-04-03T02:58:26.819+0600][385.445s][info][gc,metaspace   ] Metaspace: 49403K(49792K)->49412K(49792K) NonClass: 43230K(43456K)->43239K(43456K) Class: 6172K(6336K)->6173K(6336K)
[2026-04-03T02:58:26.819+0600][385.445s][info][gc,ergo        ] Pacer for Idle. Initial: 10240K, Alloc Tax Rate: 1.0x
[2026-04-03T02:58:26.820+0600][385.446s][info][gc             ] Trigger: Handle Allocation Failure
[2026-04-03T02:58:26.820+0600][385.446s][info][gc,ergo        ] Free: 0B, Max: 0B regular, 0B humongous, Frag: 0% external, 0% internal; Reserve: 18944K, Max: 256K
[2026-04-03T02:58:26.820+0600][385.447s][info][gc,start       ] GC(60) Pause Degenerated GC (Outside of Cycle)
[2026-04-03T02:58:26.820+0600][385.447s][info][gc,task        ] GC(60) Using 6 of 6 workers for stw degenerated gc
[2026-04-03T02:58:26.821+0600][385.447s][info][gc,ref         ] GC(60) Clearing All SoftReferences
[2026-04-03T02:58:30.820+0600][389.447s][info][gc,ref         ] GC(60) Encountered references: Soft: 2437, Weak: 2713, Final: 74, Phantom: 586
[2026-04-03T02:58:30.820+0600][389.447s][info][gc,ref         ] GC(60) Discovered  references: Soft: 231, Weak: 1448, Final: 74, Phantom: 581
[2026-04-03T02:58:30.820+0600][389.447s][info][gc,ref         ] GC(60) Enqueued    references: Soft: 2, Weak: 1, Final: 0, Phantom: 0
[2026-04-03T02:58:30.822+0600][389.449s][info][gc,ergo        ] GC(60) Adaptive CSet Selection. Target Free: 72533K, Actual Free: 18944K, Max CSet: 21333K, Min Garbage: 53589K
[2026-04-03T02:58:30.823+0600][389.449s][info][gc,ergo        ] GC(60) Collectable Garbage: 431K (100%), Immediate: 0B (0%), CSet: 431K (100%)
[2026-04-03T02:58:30.828+0600][389.455s][info][gc             ] GC(60) Cancelling GC: Allocation Failure During Evacuation
[2026-04-03T02:58:30.830+0600][389.456s][info][gc             ] GC(60) Cannot finish degeneration, upgrading to Full GC
[2026-04-03T02:58:30.833+0600][389.459s][info][gc,phases,start] GC(60) Phase 1: Mark live objects
[2026-04-03T02:58:30.833+0600][389.459s][info][gc,ref         ] GC(60) Clearing All SoftReferences
[2026-04-03T02:58:30.833+0600][389.459s][info][gc,ref         ] GC(60) Clearing All SoftReferences
[2026-04-03T02:58:34.084+0600][392.710s][info][gc,ref         ] GC(60) Encountered references: Soft: 2435, Weak: 2712, Final: 74, Phantom: 586
[2026-04-03T02:58:34.084+0600][392.710s][info][gc,ref         ] GC(60) Discovered  references: Soft: 229, Weak: 1442, Final: 62, Phantom: 581
[2026-04-03T02:58:34.084+0600][392.710s][info][gc,ref         ] GC(60) Enqueued    references: Soft: 0, Weak: 0, Final: 0, Phantom: 0
[2026-04-03T02:58:34.086+0600][392.712s][info][gc,phases      ] GC(60) Phase 1: Mark live objects 3253.134ms
[2026-04-03T02:58:34.086+0600][392.712s][info][gc,phases,start] GC(60) Phase 2: Compute new object addresses
[2026-04-03T02:58:34.171+0600][392.797s][info][gc,phases      ] GC(60) Phase 2: Compute new object addresses 84.559ms
[2026-04-03T02:58:34.171+0600][392.797s][info][gc,phases,start] GC(60) Phase 3: Adjust pointers
[2026-04-03T02:58:34.274+0600][392.901s][info][gc,phases      ] GC(60) Phase 3: Adjust pointers 103.789ms
[2026-04-03T02:58:34.274+0600][392.901s][info][gc,phases,start] GC(60) Phase 4: Move objects
[2026-04-03T02:58:34.369+0600][392.996s][info][gc,phases      ] GC(60) Phase 4: Move objects 94.685ms
[2026-04-03T02:58:34.370+0600][392.996s][info][gc,ergo        ] GC(60) Bad progress for free space: 214K, need 5120K
[2026-04-03T02:58:34.370+0600][392.996s][info][gc             ] GC(60) Pause Degenerated GC (Outside of Cycle) 480M->479M(500M) 7549.564ms
[2026-04-03T02:58:34.370+0600][392.996s][info][gc,ergo        ] Free: 187K, Max: 74128B regular, 0B humongous, Frag: 0% external, 99% internal; Reserve: 19200K, Max: 256K
[2026-04-03T02:58:34.370+0600][392.996s][info][gc,stats       ] 
[2026-04-03T02:58:34.370+0600][392.996s][info][gc,stats       ] All times are wall-clock times, except per-root-class counters, that are sum over
[2026-04-03T02:58:34.370+0600][392.996s][info][gc,stats       ] all workers. Dividing the <total> over the root stage time estimates parallelism.
[2026-04-03T02:58:34.370+0600][392.996s][info][gc,stats       ] 
[2026-04-03T02:58:34.370+0600][392.996s][info][gc,stats       ] Pause Degenerated GC (G)        7549873 us
[2026-04-03T02:58:34.370+0600][392.996s][info][gc,stats       ] Pause Degenerated GC (N)        7549577 us
[2026-04-03T02:58:34.370+0600][392.996s][info][gc,stats       ]   Degen STW Mark                3999265 us, parallelism: 6.00x
[2026-04-03T02:58:34.370+0600][392.996s][info][gc,stats       ]     DSM: <total>               23988176 us
[2026-04-03T02:58:34.370+0600][392.996s][info][gc,stats       ]     DSM: Thread Roots               705 us, workers (us): 179, 157,  92,  91,  94,  92, 
[2026-04-03T02:58:34.370+0600][392.996s][info][gc,stats       ]     DSM: VM Strong Roots             16 us, workers (us):   0,   0,   5,   5,   0,   6, 
[2026-04-03T02:58:34.370+0600][392.996s][info][gc,stats       ]     DSM: CLDG Roots                 229 us, workers (us):   9,  14,  26,  26, 132,  23, 
[2026-04-03T02:58:34.370+0600][392.996s][info][gc,stats       ]     DSM: Parallel Mark         23987226 us, workers (us): 3997941, 3997819, 3997876, 3997870, 3997871, 3997850, 
[2026-04-03T02:58:34.370+0600][392.996s][info][gc,stats       ]     System Purge                   2580 us
[2026-04-03T02:58:34.370+0600][392.996s][info][gc,stats       ]       Weak References               666 us, parallelism: 1.04x
[2026-04-03T02:58:34.370+0600][392.996s][info][gc,stats       ]         WRP: <total>                694 us
[2026-04-03T02:58:34.370+0600][392.996s][info][gc,stats       ]         WRP: Weak References        694 us, workers (us): 270, 108, 310,   5,   1,   0, 
[2026-04-03T02:58:34.370+0600][392.996s][info][gc,stats       ]       Unload Classes               1494 us, parallelism: 5.08x
[2026-04-03T02:58:34.370+0600][392.996s][info][gc,stats       ]         DCU: <total>               7596 us
[2026-04-03T02:58:34.370+0600][392.996s][info][gc,stats       ]         DCU: Unload Code Caches     7596 us, workers (us): 1321, 1318, 1294, 1233, 1236, 1194, 
[2026-04-03T02:58:34.370+0600][392.996s][info][gc,stats       ]       Weak Roots                    404 us, parallelism: 1.57x
[2026-04-03T02:58:34.370+0600][392.996s][info][gc,stats       ]         DWR: <total>                633 us
[2026-04-03T02:58:34.370+0600][392.996s][info][gc,stats       ]         DWR: VM Weak Roots          633 us, workers (us): 194, 147,  93,  67,  67,  66, 
[2026-04-03T02:58:34.370+0600][392.997s][info][gc,stats       ]       CLDG                            2 us
[2026-04-03T02:58:34.370+0600][392.997s][info][gc,stats       ]   Update Region States               37 us
[2026-04-03T02:58:34.370+0600][392.997s][info][gc,stats       ]   Manage GC/TLABs                     8 us
[2026-04-03T02:58:34.370+0600][392.997s][info][gc,stats       ]   Choose Collection Set             203 us
[2026-04-03T02:58:34.370+0600][392.997s][info][gc,stats       ]   Rebuild Free Set                   43 us
[2026-04-03T02:58:34.370+0600][392.997s][info][gc,stats       ]   Evacuation                       6822 us
[2026-04-03T02:58:34.370+0600][392.997s][info][gc,stats       ]   Pre Heap Dump                       4 us
[2026-04-03T02:58:34.370+0600][392.997s][info][gc,stats       ]   Prepare                          2881 us
[2026-04-03T02:58:34.370+0600][392.997s][info][gc,stats       ]     Update Roots                   1814 us, parallelism: 4.77x
[2026-04-03T02:58:34.370+0600][392.997s][info][gc,stats       ]       FU: <total>                  8659 us
[2026-04-03T02:58:34.370+0600][392.997s][info][gc,stats       ]       FU: Thread Roots              609 us, workers (us):   3,  41,  82, 251, 150,  81, 
[2026-04-03T02:58:34.370+0600][392.997s][info][gc,stats       ]       FU: Code Cache Roots         6917 us, workers (us): 1264, 1237, 1163, 1015, 1046, 1192, 
[2026-04-03T02:58:34.370+0600][392.997s][info][gc,stats       ]       FU: VM Strong Roots            15 us, workers (us):  11,   1,   0,   1,   1,   1, 
[2026-04-03T02:58:34.370+0600][392.997s][info][gc,stats       ]       FU: VM Weak Roots             694 us, workers (us): 137, 135, 127, 122,  86,  86, 
[2026-04-03T02:58:34.370+0600][392.997s][info][gc,stats       ]       FU: CLDG Roots                425 us, workers (us):  52,  46,  66,  46, 118,  97, 
[2026-04-03T02:58:34.370+0600][392.997s][info][gc,stats       ]   Mark                          3253044 us, parallelism: 5.99x
[2026-04-03T02:58:34.370+0600][392.997s][info][gc,stats       ]     FM: <total>                19497905 us
[2026-04-03T02:58:34.370+0600][392.997s][info][gc,stats       ]     FM: Thread Roots                794 us, workers (us): 168, 185, 164,  94,  95,  87, 
[2026-04-03T02:58:34.370+0600][392.997s][info][gc,stats       ]     FM: VM Strong Roots              22 us, workers (us):   0,   0,   8,   5,   4,   4, 
[2026-04-03T02:58:34.370+0600][392.997s][info][gc,stats       ]     FM: CLDG Roots                  307 us, workers (us): 180,   7,   8,  35,  34,  42, 
[2026-04-03T02:58:34.370+0600][392.997s][info][gc,stats       ]     FM: Parallel Mark          19496782 us, workers (us): 3249440, 3249500, 3249532, 3249422, 3249574, 3249314, 
[2026-04-03T02:58:34.370+0600][392.997s][info][gc,stats       ]     System Purge                   2152 us
[2026-04-03T02:58:34.370+0600][392.997s][info][gc,stats       ]       Weak References               383 us, parallelism: 0.72x
[2026-04-03T02:58:34.370+0600][392.997s][info][gc,stats       ]         WRP: <total>                274 us
[2026-04-03T02:58:34.370+0600][392.997s][info][gc,stats       ]         WRP: Weak References        274 us, workers (us): 126,  93,  18,  36,   0,   0, 
[2026-04-03T02:58:34.370+0600][392.997s][info][gc,stats       ]       Unload Classes               1480 us, parallelism: 4.92x
[2026-04-03T02:58:34.370+0600][392.997s][info][gc,stats       ]         CU: <total>                7284 us
[2026-04-03T02:58:34.370+0600][392.997s][info][gc,stats       ]         CU: Unload Code Caches     7284 us, workers (us): 1250, 1220, 1241, 1196, 1187, 1191, 
[2026-04-03T02:58:34.370+0600][392.997s][info][gc,stats       ]       Weak Roots                    277 us, parallelism: 2.06x
[2026-04-03T02:58:34.370+0600][392.997s][info][gc,stats       ]         WR: <total>                 569 us
[2026-04-03T02:58:34.370+0600][392.997s][info][gc,stats       ]         WR: VM Weak Roots           569 us, workers (us): 172, 103,  99,  97,  49,  49, 
[2026-04-03T02:58:34.370+0600][392.997s][info][gc,stats       ]       CLDG                            2 us
[2026-04-03T02:58:34.370+0600][392.997s][info][gc,stats       ]   Calculate Addresses             84548 us
[2026-04-03T02:58:34.370+0600][392.997s][info][gc,stats       ]     Regular Objects               84399 us
[2026-04-03T02:58:34.370+0600][392.997s][info][gc,stats       ]     Humongous Objects                31 us
[2026-04-03T02:58:34.370+0600][392.997s][info][gc,stats       ]   Adjust Pointers                103778 us
[2026-04-03T02:58:34.370+0600][392.997s][info][gc             ] Failed to allocate TLAB, 2656B
[2026-04-03T02:58:34.370+0600][392.997s][info][gc             ] Cancelling GC: Allocation Failure
[2026-04-03T02:58:34.370+0600][392.997s][info][gc,stats       ]     FA: <total>                    8006 us
[2026-04-03T02:58:34.371+0600][392.997s][info][gc,stats       ]     FA: Thread Roots                544 us, workers (us):  68,  94,   2, 107,  95, 178, 
[2026-04-03T02:58:34.371+0600][392.997s][info][gc,stats       ]     FA: Code Cache Roots           6151 us, workers (us): 1037, 1016, 1245, 904, 1011, 939, 
[2026-04-03T02:58:34.371+0600][392.997s][info][gc,stats       ]     FA: VM Strong Roots              26 us, workers (us):   8,   9,   7,   1,   1,   1, 
[2026-04-03T02:58:34.371+0600][392.997s][info][gc,stats       ]     FA: VM Weak Roots               686 us, workers (us): 119, 118, 119, 110, 111, 110, 
[2026-04-03T02:58:34.371+0600][392.997s][info][gc,stats       ]     FA: CLDG Roots                  599 us, workers (us):  66,  65, 155, 168,  67,  77, 
[2026-04-03T02:58:34.371+0600][392.997s][info][gc,stats       ]   Copy Objects                    94671 us
[2026-04-03T02:58:34.371+0600][392.997s][info][gc,stats       ]     Regular Objects               93543 us
[2026-04-03T02:58:34.371+0600][392.997s][info][gc,stats       ]     Humongous Objects                22 us
[2026-04-03T02:58:34.371+0600][392.997s][info][gc,stats       ]     Reset Complete Bitmap           882 us
[2026-04-03T02:58:34.371+0600][392.997s][info][gc,stats       ]     Rebuild Region Sets             222 us
[2026-04-03T02:58:34.371+0600][392.997s][info][gc,stats       ]   Post Heap Dump                      1 us
[2026-04-03T02:58:34.371+0600][392.997s][info][gc,stats       ] 
[2026-04-03T02:58:34.371+0600][392.997s][info][gc,stats       ] Allocation pacing accrued:
[2026-04-03T02:58:34.371+0600][392.997s][info][gc,stats       ]       0 of  7552 ms (  0.0%): <total>
[2026-04-03T02:58:34.371+0600][392.997s][info][gc,stats       ]       0 of  7552 ms (  0.0%): <average total>
[2026-04-03T02:58:34.371+0600][392.997s][info][gc,stats       ] 
[2026-04-03T02:58:34.371+0600][392.997s][info][gc,metaspace   ] Metaspace: 49412K(49792K)->49418K(49792K) NonClass: 43239K(43456K)->43243K(43456K) Class: 6173K(6336K)->6175K(6336K)
[2026-04-03T02:58:34.371+0600][392.997s][info][gc,ergo        ] Pacer for Idle. Initial: 10240K, Alloc Tax Rate: 1.0x
[2026-04-03T02:58:34.372+0600][392.998s][info][gc             ] Trigger: Handle Allocation Failure
[2026-04-03T02:58:34.372+0600][392.998s][info][gc,ergo        ] Free: 0B, Max: 0B regular, 0B humongous, Frag: 0% external, 0% internal; Reserve: 19200K, Max: 256K
[2026-04-03T02:58:34.372+0600][392.998s][info][gc,start       ] GC(61) Pause Degenerated GC (Outside of Cycle)
[2026-04-03T02:58:34.372+0600][392.998s][info][gc,task        ] GC(61) Using 6 of 6 workers for stw degenerated gc
[2026-04-03T02:58:34.372+0600][392.999s][info][gc,ref         ] GC(61) Clearing All SoftReferences
[2026-04-03T02:58:38.271+0600][396.898s][info][gc,ref         ] GC(61) Encountered references: Soft: 2436, Weak: 2713, Final: 74, Phantom: 586
[2026-04-03T02:58:38.272+0600][396.898s][info][gc,ref         ] GC(61) Discovered  references: Soft: 236, Weak: 1397, Final: 74, Phantom: 582
[2026-04-03T02:58:38.272+0600][396.898s][info][gc,ref         ] GC(61) Enqueued    references: Soft: 0, Weak: 0, Final: 0, Phantom: 0
[2026-04-03T02:58:38.273+0600][396.900s][info][gc,ergo        ] GC(61) Adaptive CSet Selection. Target Free: 72533K, Actual Free: 19200K, Max CSet: 21333K, Min Garbage: 53333K
[2026-04-03T02:58:38.274+0600][396.900s][info][gc,ergo        ] GC(61) Collectable Garbage: 74240B (100%), Immediate: 0B (0%), CSet: 74240B (100%)
[2026-04-03T02:58:38.280+0600][396.906s][info][gc             ] GC(61) Cancelling GC: Allocation Failure During Evacuation
[2026-04-03T02:58:38.281+0600][396.908s][info][gc             ] GC(61) Cannot finish degeneration, upgrading to Full GC
[2026-04-03T02:58:38.285+0600][396.911s][info][gc,phases,start] GC(61) Phase 1: Mark live objects
[2026-04-03T02:58:38.285+0600][396.911s][info][gc,ref         ] GC(61) Clearing All SoftReferences
[2026-04-03T02:58:38.285+0600][396.911s][info][gc,ref         ] GC(61) Clearing All SoftReferences
[2026-04-03T02:58:42.507+0600][401.133s][info][gc,ref         ] GC(61) Encountered references: Soft: 2436, Weak: 2713, Final: 74, Phantom: 586
[2026-04-03T02:58:42.507+0600][401.133s][info][gc,ref         ] GC(61) Discovered  references: Soft: 238, Weak: 1436, Final: 51, Phantom: 582
[2026-04-03T02:58:42.507+0600][401.133s][info][gc,ref         ] GC(61) Enqueued    references: Soft: 0, Weak: 0, Final: 0, Phantom: 0
[2026-04-03T02:58:42.508+0600][401.135s][info][gc,phases      ] GC(61) Phase 1: Mark live objects 4223.621ms
[2026-04-03T02:58:42.508+0600][401.135s][info][gc,phases,start] GC(61) Phase 2: Compute new object addresses
[2026-04-03T02:58:42.595+0600][401.222s][info][gc,phases      ] GC(61) Phase 2: Compute new object addresses 87.043ms
[2026-04-03T02:58:42.595+0600][401.222s][info][gc,phases,start] GC(61) Phase 3: Adjust pointers
[2026-04-03T02:58:42.694+0600][401.321s][info][gc,phases      ] GC(61) Phase 3: Adjust pointers 98.804ms
[2026-04-03T02:58:42.694+0600][401.321s][info][gc,phases,start] GC(61) Phase 4: Move objects
[2026-04-03T02:58:42.785+0600][401.411s][info][gc,phases      ] GC(61) Phase 4: Move objects 90.657ms
[2026-04-03T02:58:42.785+0600][401.412s][info][gc,ergo        ] GC(61) Bad progress for free space: 106K, need 5120K
[2026-04-03T02:58:42.785+0600][401.412s][info][gc             ] GC(61) Pause Degenerated GC (Outside of Cycle) 480M->479M(500M) 8413.466ms
[2026-04-03T02:58:42.786+0600][401.412s][info][gc,ergo        ] Free: 106K, Max: 42776B regular, 0B humongous, Frag: 0% external, 99% internal; Reserve: 19200K, Max: 256K
[2026-04-03T02:58:42.786+0600][401.412s][info][gc,stats       ] 
[2026-04-03T02:58:42.786+0600][401.412s][info][gc,stats       ] All times are wall-clock times, except per-root-class counters, that are sum over
[2026-04-03T02:58:42.786+0600][401.412s][info][gc,stats       ] all workers. Dividing the <total> over the root stage time estimates parallelism.
[2026-04-03T02:58:42.786+0600][401.412s][info][gc,stats       ] 
[2026-04-03T02:58:42.786+0600][401.412s][info][gc,stats       ] Pause Degenerated GC (G)        8413726 us
[2026-04-03T02:58:42.786+0600][401.412s][info][gc,stats       ] Pause Degenerated GC (N)        8413490 us
[2026-04-03T02:58:42.786+0600][401.412s][info][gc,stats       ]   Degen STW Mark                3898760 us, parallelism: 6.00x
[2026-04-03T02:58:42.786+0600][401.412s][info][gc,stats       ]     DSM: <total>               23385901 us
[2026-04-03T02:58:42.786+0600][401.412s][info][gc,stats       ]     DSM: Thread Roots               886 us, workers (us): 136, 169, 139, 136, 120, 186, 
[2026-04-03T02:58:42.786+0600][401.412s][info][gc,stats       ]     DSM: VM Strong Roots             18 us, workers (us):   6,   0,   5,   7,   0,   0, 
[2026-04-03T02:58:42.786+0600][401.412s][info][gc,stats       ]     DSM: CLDG Roots                 260 us, workers (us):  27,  15,  21,  24, 168,   6, 
[2026-04-03T02:58:42.786+0600][401.412s][info][gc,stats       ]     DSM: Parallel Mark         23384737 us, workers (us): 3897149, 3897501, 3897515, 3897612, 3897481, 3897480, 
[2026-04-03T02:58:42.786+0600][401.412s][info][gc,stats       ]     System Purge                   2272 us
[2026-04-03T02:58:42.786+0600][401.412s][info][gc,stats       ]       Weak References               351 us, parallelism: 0.79x
[2026-04-03T02:58:42.786+0600][401.412s][info][gc,stats       ]         WRP: <total>                278 us
[2026-04-03T02:58:42.786+0600][401.412s][info][gc,stats       ]         WRP: Weak References        278 us, workers (us):  66,  49, 162,   0,   0,   0, 
[2026-04-03T02:58:42.786+0600][401.412s][info][gc,stats       ]       Unload Classes               1666 us, parallelism: 5.04x
[2026-04-03T02:58:42.786+0600][401.412s][info][gc,stats       ]         DCU: <total>               8389 us
[2026-04-03T02:58:42.786+0600][401.412s][info][gc,stats       ]         DCU: Unload Code Caches     8389 us, workers (us): 1387, 1400, 1409, 1381, 1387, 1425, 
[2026-04-03T02:58:42.786+0600][401.412s][info][gc,stats       ]       Weak Roots                    245 us, parallelism: 2.02x
[2026-04-03T02:58:42.786+0600][401.412s][info][gc,stats       ]         DWR: <total>                494 us
[2026-04-03T02:58:42.786+0600][401.412s][info][gc,stats       ]         DWR: VM Weak Roots          494 us, workers (us): 160,  93,  66,  67,  65,  44, 
[2026-04-03T02:58:42.786+0600][401.412s][info][gc,stats       ]       CLDG                            2 us
[2026-04-03T02:58:42.786+0600][401.412s][info][gc,stats       ]   Update Region States               29 us
[2026-04-03T02:58:42.786+0600][401.412s][info][gc,stats       ]   Manage GC/TLABs                     9 us
[2026-04-03T02:58:42.786+0600][401.412s][info][gc,stats       ]   Choose Collection Set             243 us
[2026-04-03T02:58:42.786+0600][401.412s][info][gc,stats       ]   Rebuild Free Set                   45 us
[2026-04-03T02:58:42.786+0600][401.412s][info][gc,stats       ]   Evacuation                       7286 us
[2026-04-03T02:58:42.786+0600][401.412s][info][gc,stats       ]   Pre Heap Dump                       2 us
[2026-04-03T02:58:42.786+0600][401.412s][info][gc,stats       ]   Prepare                          3180 us
[2026-04-03T02:58:42.786+0600][401.412s][info][gc,stats       ]     Update Roots                   2052 us, parallelism: 4.77x
[2026-04-03T02:58:42.786+0600][401.412s][info][gc,stats       ]       FU: <total>                  9779 us
[2026-04-03T02:58:42.786+0600][401.412s][info][gc,stats       ]       FU: Thread Roots              675 us, workers (us): 245,  92, 173,   3, 105,  58, 
[2026-04-03T02:58:42.786+0600][401.412s][info][gc,stats       ]       FU: Code Cache Roots         7654 us, workers (us): 1183, 1289, 1210, 1441, 1187, 1344, 
[2026-04-03T02:58:42.786+0600][401.412s][info][gc,stats       ]       FU: VM Strong Roots            53 us, workers (us):  26,  22,   3,   1,   1,   1, 
[2026-04-03T02:58:42.786+0600][401.412s][info][gc,stats       ]       FU: VM Weak Roots             810 us, workers (us): 140, 141, 142, 129, 129, 129, 
[2026-04-03T02:58:42.786+0600][401.412s][info][gc,stats       ]       FU: CLDG Roots                586 us, workers (us):  78,  72,  70, 127, 169,  70, 
[2026-04-03T02:58:42.786+0600][401.412s][info][gc,stats       ]   Mark                          4223550 us, parallelism: 5.99x
[2026-04-03T02:58:42.786+0600][401.412s][info][gc,stats       ]     FM: <total>                25320141 us
[2026-04-03T02:58:42.786+0600][401.412s][info][gc,stats       ]     FM: Thread Roots               1002 us, workers (us): 222, 165, 154, 147, 203, 111, 
[2026-04-03T02:58:42.786+0600][401.412s][info][gc,stats       ]     FM: VM Strong Roots              23 us, workers (us):   0,   7,   0,   8,   0,   6, 
[2026-04-03T02:58:42.786+0600][401.412s][info][gc             ] Failed to allocate TLAB, 2656B
[2026-04-03T02:58:42.786+0600][401.412s][info][gc             ] Cancelling GC: Allocation Failure
[2026-04-03T02:58:42.786+0600][401.412s][info][gc,stats       ]     FM: CLDG Roots                  308 us, workers (us):   8,  26, 216,  21,   8,  29, 
[2026-04-03T02:58:42.786+0600][401.413s][info][gc,stats       ]     FM: Parallel Mark          25318808 us, workers (us): 4219902, 4219790, 4219640, 4219808, 4219734, 4219933, 
[2026-04-03T02:58:42.786+0600][401.413s][info][gc,stats       ]     System Purge                   2132 us
[2026-04-03T02:58:42.786+0600][401.413s][info][gc,stats       ]       Weak References               443 us, parallelism: 0.89x
[2026-04-03T02:58:42.786+0600][401.413s][info][gc,stats       ]         WRP: <total>                392 us
[2026-04-03T02:58:42.786+0600][401.413s][info][gc,stats       ]         WRP: Weak References        392 us, workers (us):  89, 302,   1,   0,   0,   1, 
[2026-04-03T02:58:42.786+0600][401.413s][info][gc,stats       ]       Unload Classes               1427 us, parallelism: 5.38x
[2026-04-03T02:58:42.786+0600][401.413s][info][gc,stats       ]         CU: <total>                7673 us
[2026-04-03T02:58:42.786+0600][401.413s][info][gc,stats       ]         CU: Unload Code Caches     7673 us, workers (us): 1328, 1326, 1294, 1245, 1250, 1230, 
[2026-04-03T02:58:42.786+0600][401.413s][info][gc,stats       ]       Weak Roots                    247 us, parallelism: 3.00x
[2026-04-03T02:58:42.786+0600][401.413s][info][gc,stats       ]         WR: <total>                 743 us
[2026-04-03T02:58:42.786+0600][401.413s][info][gc,stats       ]         WR: VM Weak Roots           743 us, workers (us): 199, 195, 186,  69,  47,  48, 
[2026-04-03T02:58:42.786+0600][401.413s][info][gc,stats       ]       CLDG                            2 us
[2026-04-03T02:58:42.786+0600][401.413s][info][gc,stats       ]   Calculate Addresses             87034 us
[2026-04-03T02:58:42.786+0600][401.413s][info][gc,stats       ]     Regular Objects               86936 us
[2026-04-03T02:58:42.786+0600][401.413s][info][gc,stats       ]     Humongous Objects                30 us
[2026-04-03T02:58:42.786+0600][401.413s][info][gc,stats       ]   Adjust Pointers                 98793 us
[2026-04-03T02:58:42.786+0600][401.413s][info][gc,stats       ]     FA: <total>                    7239 us
[2026-04-03T02:58:42.786+0600][401.413s][info][gc,stats       ]     FA: Thread Roots                545 us, workers (us):   3, 108,   2,  26, 152, 254, 
[2026-04-03T02:58:42.786+0600][401.413s][info][gc,stats       ]     FA: Code Cache Roots           5414 us, workers (us): 947, 807, 1059, 981, 845, 775, 
[2026-04-03T02:58:42.786+0600][401.413s][info][gc,stats       ]     FA: VM Strong Roots              17 us, workers (us):  14,   1,   1,   1,   1,   1, 
[2026-04-03T02:58:42.786+0600][401.413s][info][gc,stats       ]     FA: VM Weak Roots               711 us, workers (us): 169, 132, 110, 109,  97,  95, 
[2026-04-03T02:58:42.786+0600][401.413s][info][gc,stats       ]     FA: CLDG Roots                  552 us, workers (us): 134, 156,  61,  64,  74,  62, 
[2026-04-03T02:58:42.786+0600][401.413s][info][gc,stats       ]   Copy Objects                    90645 us
[2026-04-03T02:58:42.786+0600][401.413s][info][gc,stats       ]     Regular Objects               89748 us
[2026-04-03T02:58:42.786+0600][401.413s][info][gc,stats       ]     Humongous Objects                22 us
[2026-04-03T02:58:42.786+0600][401.413s][info][gc,stats       ]     Reset Complete Bitmap           663 us
[2026-04-03T02:58:42.786+0600][401.413s][info][gc,stats       ]     Rebuild Region Sets             210 us
[2026-04-03T02:58:42.786+0600][401.413s][info][gc,stats       ]   Post Heap Dump                      2 us
[2026-04-03T02:58:42.786+0600][401.413s][info][gc,stats       ] 
[2026-04-03T02:58:42.786+0600][401.413s][info][gc,stats       ] Allocation pacing accrued:
[2026-04-03T02:58:42.786+0600][401.413s][info][gc,stats       ]       0 of  8416 ms (  0.0%): <total>
[2026-04-03T02:58:42.786+0600][401.413s][info][gc,stats       ]       0 of  8416 ms (  0.0%): <average total>
[2026-04-03T02:58:42.786+0600][401.413s][info][gc,stats       ] 
[2026-04-03T02:58:42.786+0600][401.413s][info][gc,metaspace   ] Metaspace: 49418K(49792K)->49419K(49792K) NonClass: 43243K(43456K)->43243K(43456K) Class: 6175K(6336K)->6175K(6336K)
[2026-04-03T02:58:42.786+0600][401.413s][info][gc,ergo        ] Pacer for Idle. Initial: 10240K, Alloc Tax Rate: 1.0x
[2026-04-03T02:58:42.788+0600][401.414s][info][gc             ] Trigger: Handle Allocation Failure
[2026-04-03T02:58:42.788+0600][401.414s][info][gc,ergo        ] Free: 0B, Max: 0B regular, 0B humongous, Frag: 0% external, 0% internal; Reserve: 19200K, Max: 256K
[2026-04-03T02:58:42.788+0600][401.414s][info][gc,start       ] GC(62) Pause Full
[2026-04-03T02:58:42.788+0600][401.414s][info][gc,task        ] GC(62) Using 6 of 6 workers for full gc
[2026-04-03T02:58:42.788+0600][401.415s][info][gc,phases,start] GC(62) Phase 1: Mark live objects
[2026-04-03T02:58:42.788+0600][401.415s][info][gc,ref         ] GC(62) Clearing All SoftReferences
[2026-04-03T02:58:42.788+0600][401.415s][info][gc,ref         ] GC(62) Clearing All SoftReferences
[2026-04-03T02:58:46.736+0600][405.362s][info][gc,ref         ] GC(62) Encountered references: Soft: 2437, Weak: 2716, Final: 74, Phantom: 587
[2026-04-03T02:58:46.736+0600][405.362s][info][gc,ref         ] GC(62) Discovered  references: Soft: 237, Weak: 1285, Final: 74, Phantom: 218
[2026-04-03T02:58:46.736+0600][405.362s][info][gc,ref         ] GC(62) Enqueued    references: Soft: 1, Weak: 2, Final: 0, Phantom: 0
[2026-04-03T02:58:46.738+0600][405.364s][info][gc,phases      ] GC(62) Phase 1: Mark live objects 3949.516ms
[2026-04-03T02:58:46.738+0600][405.364s][info][gc,phases,start] GC(62) Phase 2: Compute new object addresses
[2026-04-03T02:58:46.819+0600][405.445s][info][gc,phases      ] GC(62) Phase 2: Compute new object addresses 81.240ms
[2026-04-03T02:58:46.819+0600][405.445s][info][gc,phases,start] GC(62) Phase 3: Adjust pointers
[2026-04-03T02:58:46.916+0600][405.542s][info][gc,phases      ] GC(62) Phase 3: Adjust pointers 96.772ms
[2026-04-03T02:58:46.916+0600][405.542s][info][gc,phases,start] GC(62) Phase 4: Move objects
[2026-04-03T02:58:46.993+0600][405.619s][info][gc,phases      ] GC(62) Phase 4: Move objects 76.986ms
[2026-04-03T02:58:46.993+0600][405.619s][info][gc,ergo        ] GC(62) Bad progress for free space: 69336B, need 5120K
[2026-04-03T02:58:46.993+0600][405.619s][info][gc             ] GC(62) Pause Full 480M->479M(500M) 4205.240ms
[2026-04-03T02:58:46.993+0600][405.620s][info][gc,ergo        ] Free: 69336B, Max: 19472B regular, 0B humongous, Frag: 0% external, 99% internal; Reserve: 19200K, Max: 256K
[2026-04-03T02:58:46.993+0600][405.620s][info][gc,stats       ] 
[2026-04-03T02:58:46.993+0600][405.620s][info][gc,stats       ] All times are wall-clock times, except per-root-class counters, that are sum over
[2026-04-03T02:58:46.993+0600][405.620s][info][gc,stats       ] all workers. Dividing the <total> over the root stage time estimates parallelism.
[2026-04-03T02:58:46.993+0600][405.620s][info][gc,stats       ] 
[2026-04-03T02:58:46.993+0600][405.620s][info][gc,stats       ] Pause Full GC (G)               4205496 us
[2026-04-03T02:58:46.993+0600][405.620s][info][gc,stats       ] Pause Full GC (N)               4205250 us
[2026-04-03T02:58:46.993+0600][405.620s][info][gc,stats       ]   Pre Heap Dump                       1 us
[2026-04-03T02:58:46.993+0600][405.620s][info][gc,stats       ]   Prepare                           205 us
[2026-04-03T02:58:46.993+0600][405.620s][info][gc,stats       ]   Mark                          3949496 us, parallelism: 5.99x
[2026-04-03T02:58:46.993+0600][405.620s][info][gc,stats       ]     FM: <total>                23673829 us
[2026-04-03T02:58:46.993+0600][405.620s][info][gc,stats       ]     FM: Thread Roots                708 us, workers (us): 153, 147, 130,  91,  83, 103, 
[2026-04-03T02:58:46.993+0600][405.620s][info][gc,stats       ]     FM: VM Strong Roots              17 us, workers (us):   0,   0,   0,   7,   8,   1, 
[2026-04-03T02:58:46.993+0600][405.620s][info][gc,stats       ]     FM: CLDG Roots                  203 us, workers (us): 116,  15,   6,  21,  29,  15, 
[2026-04-03T02:58:46.993+0600][405.620s][info][gc,stats       ]     FM: Parallel Mark          23672901 us, workers (us): 3945410, 3945624, 3945476, 3945301, 3945490, 3945601, 
[2026-04-03T02:58:46.993+0600][405.620s][info][gc,stats       ]     System Purge                   2608 us
[2026-04-03T02:58:46.993+0600][405.620s][info][gc,stats       ]       Weak References               763 us, parallelism: 0.75x
[2026-04-03T02:58:46.994+0600][405.620s][info][gc             ] Failed to allocate TLAB, 9808B
[2026-04-03T02:58:46.994+0600][405.620s][info][gc             ] Cancelling GC: Allocation Failure
[2026-04-03T02:58:46.994+0600][405.620s][info][gc,stats       ]         WRP: <total>                569 us
[2026-04-03T02:58:46.994+0600][405.620s][info][gc,stats       ]         WRP: Weak References        569 us, workers (us): 120,  60, 375,  14,   0,   0, 
[2026-04-03T02:58:46.994+0600][405.620s][info][gc,stats       ]       Unload Classes               1624 us, parallelism: 4.74x
[2026-04-03T02:58:46.994+0600][405.620s][info][gc,stats       ]         CU: <total>                7702 us
[2026-04-03T02:58:46.994+0600][405.620s][info][gc,stats       ]         CU: Unload Code Caches     7702 us, workers (us): 1343, 1306, 1259, 1274, 1255, 1265, 
[2026-04-03T02:58:46.994+0600][405.620s][info][gc,stats       ]       Weak Roots                    191 us, parallelism: 2.79x
[2026-04-03T02:58:46.994+0600][405.620s][info][gc,stats       ]         WR: <total>                 533 us
[2026-04-03T02:58:46.994+0600][405.620s][info][gc,stats       ]         WR: VM Weak Roots           533 us, workers (us): 134, 131, 107,  92,  49,  20, 
[2026-04-03T02:58:46.994+0600][405.620s][info][gc,stats       ]       CLDG                            2 us
[2026-04-03T02:58:46.994+0600][405.620s][info][gc,stats       ]   Calculate Addresses             81231 us
[2026-04-03T02:58:46.994+0600][405.620s][info][gc,stats       ]     Regular Objects               81149 us
[2026-04-03T02:58:46.994+0600][405.620s][info][gc,stats       ]     Humongous Objects                29 us
[2026-04-03T02:58:46.994+0600][405.620s][info][gc,stats       ]   Adjust Pointers                 96761 us
[2026-04-03T02:58:46.994+0600][405.620s][info][gc,stats       ]     FA: <total>                    7101 us
[2026-04-03T02:58:46.994+0600][405.620s][info][gc,stats       ]     FA: Thread Roots                538 us, workers (us): 107, 147,  61, 161,   2,  60, 
[2026-04-03T02:58:46.994+0600][405.620s][info][gc,stats       ]     FA: Code Cache Roots           5550 us, workers (us): 809, 857, 950, 862, 1137, 935, 
[2026-04-03T02:58:46.994+0600][405.620s][info][gc,stats       ]     FA: VM Strong Roots              16 us, workers (us):  11,   2,   1,   1,   1,   1, 
[2026-04-03T02:58:46.994+0600][405.620s][info][gc,stats       ]     FA: VM Weak Roots               574 us, workers (us): 168, 168,  71,  56,  55,  55, 
[2026-04-03T02:58:46.994+0600][405.620s][info][gc,stats       ]     FA: CLDG Roots                  423 us, workers (us): 133,  39,  36,  38, 124,  53, 
[2026-04-03T02:58:46.994+0600][405.620s][info][gc,stats       ]   Copy Objects                    76974 us
[2026-04-03T02:58:46.994+0600][405.620s][info][gc,stats       ]     Regular Objects               75922 us
[2026-04-03T02:58:46.994+0600][405.620s][info][gc,stats       ]     Humongous Objects                27 us
[2026-04-03T02:58:46.994+0600][405.620s][info][gc,stats       ]     Reset Complete Bitmap           727 us
[2026-04-03T02:58:46.994+0600][405.620s][info][gc,stats       ]     Rebuild Region Sets             296 us
[2026-04-03T02:58:46.994+0600][405.620s][info][gc,stats       ]   Post Heap Dump                      1 us
[2026-04-03T02:58:46.994+0600][405.620s][info][gc,stats       ] 
[2026-04-03T02:58:46.994+0600][405.620s][info][gc,stats       ] Allocation pacing accrued:
[2026-04-03T02:58:46.994+0600][405.620s][info][gc,stats       ]       0 of  4208 ms (  0.0%): <total>
[2026-04-03T02:58:46.994+0600][405.620s][info][gc,stats       ]       0 of  4208 ms (  0.0%): <average total>
[2026-04-03T02:58:46.994+0600][405.620s][info][gc,stats       ] 
[2026-04-03T02:58:46.994+0600][405.620s][info][gc,metaspace   ] Metaspace: 49419K(49792K)->49419K(49792K) NonClass: 43243K(43456K)->43243K(43456K) Class: 6175K(6336K)->6175K(6336K)
[2026-04-03T02:58:46.994+0600][405.620s][info][gc,ergo        ] Pacer for Idle. Initial: 10240K, Alloc Tax Rate: 1.0x
[2026-04-03T02:58:46.996+0600][405.622s][info][gc             ] Trigger: Handle Allocation Failure
[2026-04-03T02:58:46.996+0600][405.622s][info][gc,ergo        ] Free: 0B, Max: 0B regular, 0B humongous, Frag: 0% external, 0% internal; Reserve: 19200K, Max: 256K
[2026-04-03T02:58:46.996+0600][405.623s][info][gc,start       ] GC(63) Pause Degenerated GC (Outside of Cycle)
[2026-04-03T02:58:46.996+0600][405.623s][info][gc,task        ] GC(63) Using 6 of 6 workers for stw degenerated gc
[2026-04-03T02:58:46.997+0600][405.623s][info][gc,ref         ] GC(63) Clearing All SoftReferences
[2026-04-03T02:58:51.085+0600][409.712s][info][gc,ref         ] GC(63) Encountered references: Soft: 2436, Weak: 2715, Final: 74, Phantom: 587
[2026-04-03T02:58:51.085+0600][409.712s][info][gc,ref         ] GC(63) Discovered  references: Soft: 230, Weak: 1140, Final: 74, Phantom: 284
[2026-04-03T02:58:51.086+0600][409.712s][info][gc,ref         ] GC(63) Enqueued    references: Soft: 0, Weak: 0, Final: 0, Phantom: 0
[2026-04-03T02:58:51.087+0600][409.714s][info][gc,ergo        ] GC(63) Adaptive CSet Selection. Target Free: 72533K, Actual Free: 19200K, Max CSet: 21333K, Min Garbage: 53333K
[2026-04-03T02:58:51.088+0600][409.714s][info][gc,ergo        ] GC(63) Collectable Garbage: 15656B (100%), Immediate: 0B (0%), CSet: 15656B (100%)
[2026-04-03T02:58:51.093+0600][409.719s][info][gc             ] GC(63) Cancelling GC: Allocation Failure During Evacuation
[2026-04-03T02:58:51.095+0600][409.721s][info][gc             ] GC(63) Cannot finish degeneration, upgrading to Full GC
[2026-04-03T02:58:51.097+0600][409.724s][info][gc,phases,start] GC(63) Phase 1: Mark live objects
[2026-04-03T02:58:51.097+0600][409.724s][info][gc,ref         ] GC(63) Clearing All SoftReferences
[2026-04-03T02:58:51.097+0600][409.724s][info][gc,ref         ] GC(63) Clearing All SoftReferences
[2026-04-03T02:58:54.587+0600][413.213s][info][gc,ref         ] GC(63) Encountered references: Soft: 2436, Weak: 2715, Final: 74, Phantom: 587
[2026-04-03T02:58:54.587+0600][413.214s][info][gc,ref         ] GC(63) Discovered  references: Soft: 227, Weak: 1267, Final: 74, Phantom: 219
[2026-04-03T02:58:54.587+0600][413.214s][info][gc,ref         ] GC(63) Enqueued    references: Soft: 0, Weak: 0, Final: 0, Phantom: 0
[2026-04-03T02:58:54.589+0600][413.215s][info][gc,phases      ] GC(63) Phase 1: Mark live objects 3491.819ms
[2026-04-03T02:58:54.589+0600][413.215s][info][gc,phases,start] GC(63) Phase 2: Compute new object addresses
[2026-04-03T02:58:54.677+0600][413.303s][info][gc,phases      ] GC(63) Phase 2: Compute new object addresses 87.998ms
[2026-04-03T02:58:54.677+0600][413.303s][info][gc,phases,start] GC(63) Phase 3: Adjust pointers
[2026-04-03T02:58:54.774+0600][413.401s][info][gc,phases      ] GC(63) Phase 3: Adjust pointers 97.015ms
[2026-04-03T02:58:54.774+0600][413.401s][info][gc,phases,start] GC(63) Phase 4: Move objects
[2026-04-03T02:58:54.867+0600][413.493s][info][gc,phases      ] GC(63) Phase 4: Move objects 92.610ms
[2026-04-03T02:58:54.867+0600][413.494s][info][gc,ergo        ] GC(63) Bad progress for free space: 307K, need 5120K
[2026-04-03T02:58:54.867+0600][413.494s][info][gc             ] GC(63) Pause Degenerated GC (Outside of Cycle) 479M->479M(500M) 7871.001ms
[2026-04-03T02:58:54.867+0600][413.494s][info][gc,ergo        ] Free: 286K, Max: 183K regular, 0B humongous, Frag: 0% external, 99% internal; Reserve: 18944K, Max: 256K
[2026-04-03T02:58:54.868+0600][413.494s][info][gc,stats       ] 
[2026-04-03T02:58:54.868+0600][413.494s][info][gc,stats       ] All times are wall-clock times, except per-root-class counters, that are sum over
[2026-04-03T02:58:54.868+0600][413.494s][info][gc,stats       ] all workers. Dividing the <total> over the root stage time estimates parallelism.
[2026-04-03T02:58:54.868+0600][413.494s][info][gc,stats       ] 
[2026-04-03T02:58:54.868+0600][413.494s][info][gc,stats       ] Pause Degenerated GC (G)        7871281 us
[2026-04-03T02:58:54.868+0600][413.494s][info][gc,stats       ] Pause Degenerated GC (N)        7871014 us
[2026-04-03T02:58:54.868+0600][413.494s][info][gc,stats       ]   Degen STW Mark                4088504 us, parallelism: 6.00x
[2026-04-03T02:58:54.868+0600][413.494s][info][gc,stats       ]     DSM: <total>               24525004 us
[2026-04-03T02:58:54.868+0600][413.494s][info][gc,stats       ]     DSM: Thread Roots               813 us, workers (us): 179, 188, 139, 104, 114,  89, 
[2026-04-03T02:58:54.868+0600][413.494s][info][gc,stats       ]     DSM: VM Strong Roots             22 us, workers (us):   0,   1,   0,   8,   6,   6, 
[2026-04-03T02:58:54.868+0600][413.494s][info][gc,stats       ]     DSM: CLDG Roots                 260 us, workers (us): 139,  19,  19,  35,  11,  36, 
[2026-04-03T02:58:54.868+0600][413.494s][info][gc,stats       ]     DSM: Parallel Mark         24523910 us, workers (us): 4087223, 4087282, 4087296, 4087411, 4087388, 4087310, 
[2026-04-03T02:58:54.868+0600][413.494s][info][gc,stats       ]     System Purge                   2187 us
[2026-04-03T02:58:54.868+0600][413.494s][info][gc,stats       ]       Weak References               416 us, parallelism: 0.73x
[2026-04-03T02:58:54.868+0600][413.494s][info][gc,stats       ]         WRP: <total>                302 us
[2026-04-03T02:58:54.868+0600][413.494s][info][gc,stats       ]         WRP: Weak References        302 us, workers (us): 222,  79,   1,   0,   0,   0, 
[2026-04-03T02:58:54.868+0600][413.494s][info][gc,stats       ]       Unload Classes               1542 us, parallelism: 5.03x
[2026-04-03T02:58:54.868+0600][413.494s][info][gc,stats       ]         DCU: <total>               7759 us
[2026-04-03T02:58:54.868+0600][413.494s][info][gc,stats       ]         DCU: Unload Code Caches     7759 us, workers (us): 1335, 1290, 1269, 1285, 1300, 1280, 
[2026-04-03T02:58:54.868+0600][413.494s][info][gc,stats       ]       Weak Roots                    217 us, parallelism: 2.65x
[2026-04-03T02:58:54.868+0600][413.494s][info][gc,stats       ]         DWR: <total>                575 us
[2026-04-03T02:58:54.868+0600][413.494s][info][gc,stats       ]         DWR: VM Weak Roots          575 us, workers (us): 170, 164,  67,  65,  56,  52, 
[2026-04-03T02:58:54.868+0600][413.494s][info][gc,stats       ]       CLDG                            2 us
[2026-04-03T02:58:54.868+0600][413.494s][info][gc,stats       ]   Update Region States               26 us
[2026-04-03T02:58:54.868+0600][413.494s][info][gc,stats       ]   Manage GC/TLABs                     9 us
[2026-04-03T02:58:54.868+0600][413.494s][info][gc,stats       ]   Choose Collection Set             205 us
[2026-04-03T02:58:54.868+0600][413.494s][info][gc,stats       ]   Rebuild Free Set                   46 us
[2026-04-03T02:58:54.868+0600][413.494s][info][gc,stats       ]   Evacuation                       6679 us
[2026-04-03T02:58:54.868+0600][413.494s][info][gc,stats       ]   Pre Heap Dump                       1 us
[2026-04-03T02:58:54.868+0600][413.494s][info][gc,stats       ]   Prepare                          2482 us
[2026-04-03T02:58:54.868+0600][413.494s][info][gc,stats       ]     Update Roots                   1573 us, parallelism: 5.26x
[2026-04-03T02:58:54.868+0600][413.494s][info][gc,stats       ]       FU: <total>                  8275 us
[2026-04-03T02:58:54.868+0600][413.494s][info][gc,stats       ]       FU: Thread Roots              603 us, workers (us): 196,  67,  52, 204,  79,   4, 
[2026-04-03T02:58:54.868+0600][413.494s][info][gc,stats       ]       FU: Code Cache Roots         6578 us, workers (us): 955, 1139, 1169, 1018, 1127, 1171, 
[2026-04-03T02:58:54.868+0600][413.494s][info][gc,stats       ]       FU: VM Strong Roots            12 us, workers (us):   8,   1,   1,   1,   1,   1, 
[2026-04-03T02:58:54.868+0600][413.494s][info][gc,stats       ]       FU: VM Weak Roots             567 us, workers (us): 137,  99,  96,  94,  92,  50, 
[2026-04-03T02:58:54.868+0600][413.494s][info][gc,stats       ]       FU: CLDG Roots                515 us, workers (us): 129,  68,  69,  73,  70, 106, 
[2026-04-03T02:58:54.868+0600][413.494s][info][gc,stats       ]   Mark                          3491760 us, parallelism: 5.99x
[2026-04-03T02:58:54.868+0600][413.494s][info][gc,stats       ]     FM: <total>                20930762 us
[2026-04-03T02:58:54.868+0600][413.494s][info][gc,stats       ]     FM: Thread Roots                814 us, workers (us): 180, 162, 138, 164,  84,  86, 
[2026-04-03T02:58:54.868+0600][413.494s][info][gc,stats       ]     FM: VM Strong Roots              21 us, workers (us):   0,   0,   0,   1,   9,  10, 
[2026-04-03T02:58:54.868+0600][413.494s][info][gc,stats       ]     FM: CLDG Roots                  257 us, workers (us): 136,  21,  26,   8,  34,  31, 
[2026-04-03T02:58:54.868+0600][413.494s][info][gc,stats       ]     FM: Parallel Mark          20929670 us, workers (us): 3488232, 3488381, 3488132, 3488308, 3488215, 3488402, 
[2026-04-03T02:58:54.868+0600][413.494s][info][gc,stats       ]     System Purge                   2013 us
[2026-04-03T02:58:54.868+0600][413.494s][info][gc,stats       ]       Weak References               304 us, parallelism: 0.91x
[2026-04-03T02:58:54.868+0600][413.494s][info][gc,stats       ]         WRP: <total>                276 us
[2026-04-03T02:58:54.868+0600][413.494s][info][gc,stats       ]         WRP: Weak References        276 us, workers (us):  46,  41,  41, 148,   0,   0, 
[2026-04-03T02:58:54.868+0600][413.494s][info][gc,stats       ]       Unload Classes               1466 us, parallelism: 5.32x
[2026-04-03T02:58:54.868+0600][413.494s][info][gc,stats       ]         CU: <total>                7799 us
[2026-04-03T02:58:54.868+0600][413.494s][info][gc,stats       ]         CU: Unload Code Caches     7799 us, workers (us): 1315, 1335, 1309, 1273, 1293, 1275, 
[2026-04-03T02:58:54.868+0600][413.494s][info][gc,stats       ]       Weak Roots                    227 us, parallelism: 3.26x
[2026-04-03T02:58:54.868+0600][413.494s][info][gc,stats       ]         WR: <total>                 740 us
[2026-04-03T02:58:54.868+0600][413.494s][info][gc,stats       ]         WR: VM Weak Roots           740 us, workers (us): 186, 127, 121, 106, 101,  99, 
[2026-04-03T02:58:54.868+0600][413.494s][info][gc,stats       ]       CLDG                            2 us
[2026-04-03T02:58:54.868+0600][413.494s][info][gc,stats       ]   Calculate Addresses             87989 us
[2026-04-03T02:58:54.868+0600][413.494s][info][gc,stats       ]     Regular Objects               87906 us
[2026-04-03T02:58:54.868+0600][413.494s][info][gc,stats       ]     Humongous Objects                28 us
[2026-04-03T02:58:54.868+0600][413.494s][info][gc,stats       ]   Adjust Pointers                 97005 us
[2026-04-03T02:58:54.868+0600][413.494s][info][gc,stats       ]     FA: <total>                    6979 us
[2026-04-03T02:58:54.868+0600][413.494s][info][gc,stats       ]     FA: Thread Roots                556 us, workers (us):  24, 101, 123,  73, 113, 123, 
[2026-04-03T02:58:54.868+0600][413.494s][info][gc,stats       ]     FA: Code Cache Roots           5325 us, workers (us): 909, 811, 910, 931, 895, 870, 
[2026-04-03T02:58:54.868+0600][413.494s][info][gc,stats       ]     FA: VM Strong Roots              15 us, workers (us):  12,   1,   1,   1,   1,   1, 
[2026-04-03T02:58:54.868+0600][413.494s][info][gc,stats       ]     FA: VM Weak Roots               599 us, workers (us): 158, 129,  90,  89,  89,  44, 
[2026-04-03T02:58:54.868+0600][413.494s][info][gc,stats       ]     FA: CLDG Roots                  483 us, workers (us): 120, 144,  51,  51,  54,  64, 
[2026-04-03T02:58:54.868+0600][413.494s][info][gc,stats       ]   Copy Objects                    92598 us
[2026-04-03T02:58:54.868+0600][413.494s][info][gc,stats       ]     Regular Objects               91741 us
[2026-04-03T02:58:54.868+0600][413.494s][info][gc,stats       ]     Humongous Objects                22 us
[2026-04-03T02:58:54.868+0600][413.494s][info][gc,stats       ]     Reset Complete Bitmap           639 us
[2026-04-03T02:58:54.868+0600][413.494s][info][gc,stats       ]     Rebuild Region Sets             193 us
[2026-04-03T02:58:54.868+0600][413.494s][info][gc,stats       ]   Post Heap Dump                      1 us
[2026-04-03T02:58:54.868+0600][413.494s][info][gc,stats       ] 
[2026-04-03T02:58:54.868+0600][413.494s][info][gc,stats       ] Allocation pacing accrued:
[2026-04-03T02:58:54.868+0600][413.494s][info][gc,stats       ]       0 of  7874 ms (  0.0%): <total>
[2026-04-03T02:58:54.868+0600][413.494s][info][gc,stats       ]       0 of  7874 ms (  0.0%): <average total>
[2026-04-03T02:58:54.868+0600][413.494s][info][gc,stats       ] 
[2026-04-03T02:58:54.868+0600][413.494s][info][gc             ] Failed to allocate TLAB, 2648B
[2026-04-03T02:58:54.868+0600][413.494s][info][gc,metaspace   ] Metaspace: 49419K(49792K)->49433K(49856K) NonClass: 43243K(43456K)->43255K(43520K) Class: 6175K(6336K)->6178K(6336K)
[2026-04-03T02:58:54.868+0600][413.494s][info][gc,ergo        ] Pacer for Idle. Initial: 10240K, Alloc Tax Rate: 1.0x
[2026-04-03T02:58:54.868+0600][413.494s][info][gc             ] Cancelling GC: Allocation Failure
[2026-04-03T02:58:54.869+0600][413.496s][info][gc             ] Trigger: Handle Allocation Failure
[2026-04-03T02:58:54.869+0600][413.496s][info][gc,ergo        ] Free: 0B, Max: 0B regular, 0B humongous, Frag: 0% external, 0% internal; Reserve: 18944K, Max: 256K
[2026-04-03T02:58:54.869+0600][413.496s][info][gc,start       ] GC(64) Pause Degenerated GC (Outside of Cycle)
[2026-04-03T02:58:54.869+0600][413.496s][info][gc,task        ] GC(64) Using 6 of 6 workers for stw degenerated gc
[2026-04-03T02:58:54.870+0600][413.496s][info][gc,ref         ] GC(64) Clearing All SoftReferences
[2026-04-03T02:58:58.098+0600][416.724s][info][gc,ref         ] GC(64) Encountered references: Soft: 2437, Weak: 2721, Final: 74, Phantom: 586
[2026-04-03T02:58:58.098+0600][416.724s][info][gc,ref         ] GC(64) Discovered  references: Soft: 228, Weak: 1489, Final: 74, Phantom: 517
[2026-04-03T02:58:58.098+0600][416.724s][info][gc,ref         ] GC(64) Enqueued    references: Soft: 0, Weak: 3, Final: 0, Phantom: 0
[2026-04-03T02:58:58.100+0600][416.726s][info][gc,ergo        ] GC(64) Adaptive CSet Selection. Target Free: 72533K, Actual Free: 18944K, Max CSet: 21333K, Min Garbage: 53589K
[2026-04-03T02:58:58.100+0600][416.726s][info][gc,ergo        ] GC(64) Collectable Garbage: 112K (100%), Immediate: 0B (0%), CSet: 112K (100%)
[2026-04-03T02:58:58.107+0600][416.734s][info][gc             ] GC(64) Cancelling GC: Allocation Failure During Evacuation
[2026-04-03T02:58:58.109+0600][416.735s][info][gc             ] GC(64) Cannot finish degeneration, upgrading to Full GC
[2026-04-03T02:58:58.112+0600][416.739s][info][gc,phases,start] GC(64) Phase 1: Mark live objects
[2026-04-03T02:58:58.112+0600][416.739s][info][gc,ref         ] GC(64) Clearing All SoftReferences
[2026-04-03T02:58:58.113+0600][416.739s][info][gc,ref         ] GC(64) Clearing All SoftReferences
[2026-04-03T02:59:01.557+0600][420.184s][info][gc,ref         ] GC(64) Encountered references: Soft: 2437, Weak: 2718, Final: 74, Phantom: 586
[2026-04-03T02:59:01.557+0600][420.184s][info][gc,ref         ] GC(64) Discovered  references: Soft: 229, Weak: 1366, Final: 67, Phantom: 582
[2026-04-03T02:59:01.557+0600][420.184s][info][gc,ref         ] GC(64) Enqueued    references: Soft: 0, Weak: 0, Final: 0, Phantom: 0
[2026-04-03T02:59:01.560+0600][420.186s][info][gc,phases      ] GC(64) Phase 1: Mark live objects 3447.396ms
[2026-04-03T02:59:01.581+0600][420.207s][info][gc,phases,start] GC(64) Phase 2: Compute new object addresses
[2026-04-03T02:59:01.669+0600][420.295s][info][gc,phases      ] GC(64) Phase 2: Compute new object addresses 88.519ms
[2026-04-03T02:59:01.669+0600][420.296s][info][gc,phases,start] GC(64) Phase 3: Adjust pointers
[2026-04-03T02:59:01.768+0600][420.395s][info][gc,phases      ] GC(64) Phase 3: Adjust pointers 99.045ms
[2026-04-03T02:59:01.768+0600][420.395s][info][gc,phases,start] GC(64) Phase 4: Move objects
[2026-04-03T02:59:01.861+0600][420.487s][info][gc,phases      ] GC(64) Phase 4: Move objects 92.195ms
[2026-04-03T02:59:01.861+0600][420.487s][info][gc,ergo        ] GC(64) Bad progress for free space: 401K, need 5120K
[2026-04-03T02:59:01.861+0600][420.487s][info][gc             ] GC(64) Pause Degenerated GC (Outside of Cycle) 480M->480M(500M) 6991.462ms
[2026-04-03T02:59:01.861+0600][420.487s][info][gc,ergo        ] Free: 401K, Max: 135K regular, 0B humongous, Frag: 0% external, 99% internal; Reserve: 18688K, Max: 256K
[2026-04-03T02:59:01.861+0600][420.487s][info][gc,stats       ] 
[2026-04-03T02:59:01.861+0600][420.487s][info][gc,stats       ] All times are wall-clock times, except per-root-class counters, that are sum over
[2026-04-03T02:59:01.861+0600][420.487s][info][gc,stats       ] all workers. Dividing the <total> over the root stage time estimates parallelism.
[2026-04-03T02:59:01.861+0600][420.487s][info][gc,stats       ] 
[2026-04-03T02:59:01.861+0600][420.487s][info][gc,stats       ] Pause Degenerated GC (G)        6991728 us
[2026-04-03T02:59:01.861+0600][420.487s][info][gc,stats       ] Pause Degenerated GC (N)        6991492 us
[2026-04-03T02:59:01.861+0600][420.487s][info][gc,stats       ]   Degen STW Mark                3227994 us, parallelism: 6.00x
[2026-04-03T02:59:01.861+0600][420.487s][info][gc,stats       ]     DSM: <total>               19362386 us
[2026-04-03T02:59:01.861+0600][420.487s][info][gc,stats       ]     DSM: Thread Roots               767 us, workers (us): 178, 128, 123, 101,  67, 169, 
[2026-04-03T02:59:01.861+0600][420.488s][info][gc,stats       ]     DSM: VM Strong Roots             15 us, workers (us):   0,   8,   0,   6,   0,   0, 
[2026-04-03T02:59:01.861+0600][420.488s][info][gc,stats       ]     DSM: CLDG Roots                 229 us, workers (us):   8,  27,   6,  13, 161,  14, 
[2026-04-03T02:59:01.861+0600][420.488s][info][gc,stats       ]     DSM: Parallel Mark         19361374 us, workers (us): 3227009, 3227015, 3227029, 3226931, 3226894, 3226496, 
[2026-04-03T02:59:01.861+0600][420.488s][info][gc,stats       ]     System Purge                   2184 us
[2026-04-03T02:59:01.861+0600][420.488s][info][gc,stats       ]       Weak References               336 us, parallelism: 1.00x
[2026-04-03T02:59:01.861+0600][420.488s][info][gc,stats       ]         WRP: <total>                338 us
[2026-04-03T02:59:01.861+0600][420.488s][info][gc,stats       ]         WRP: Weak References        338 us, workers (us): 198,  46,  30,  64,   1,   0, 
[2026-04-03T02:59:01.861+0600][420.488s][info][gc,stats       ]       Unload Classes               1640 us, parallelism: 5.40x
[2026-04-03T02:59:01.861+0600][420.488s][info][gc,stats       ]         DCU: <total>               8861 us
[2026-04-03T02:59:01.861+0600][420.488s][info][gc,stats       ]         DCU: Unload Code Caches     8861 us, workers (us): 1511, 1499, 1490, 1466, 1470, 1424, 
[2026-04-03T02:59:01.861+0600][420.488s][info][gc,stats       ]       Weak Roots                    193 us, parallelism: 2.73x
[2026-04-03T02:59:01.861+0600][420.488s][info][gc,stats       ]         DWR: <total>                526 us
[2026-04-03T02:59:01.861+0600][420.488s][info][gc,stats       ]         DWR: VM Weak Roots          526 us, workers (us): 155, 147,  88,  64,  36,  36, 
[2026-04-03T02:59:01.861+0600][420.488s][info][gc,stats       ]       CLDG                            2 us
[2026-04-03T02:59:01.861+0600][420.488s][info][gc,stats       ]   Update Region States               23 us
[2026-04-03T02:59:01.861+0600][420.488s][info][gc,stats       ]   Manage GC/TLABs                    11 us
[2026-04-03T02:59:01.861+0600][420.488s][info][gc,stats       ]   Choose Collection Set             209 us
[2026-04-03T02:59:01.861+0600][420.488s][info][gc,stats       ]   Rebuild Free Set                   51 us
[2026-04-03T02:59:01.861+0600][420.488s][info][gc,stats       ]   Evacuation                       8459 us
[2026-04-03T02:59:01.861+0600][420.488s][info][gc,stats       ]   Pre Heap Dump                       2 us
[2026-04-03T02:59:01.861+0600][420.488s][info][gc,stats       ]   Prepare                          3278 us
[2026-04-03T02:59:01.861+0600][420.488s][info][gc,stats       ]     Update Roots                   2103 us, parallelism: 5.18x
[2026-04-03T02:59:01.861+0600][420.488s][info][gc,stats       ]       FU: <total>                 10887 us
[2026-04-03T02:59:01.861+0600][420.488s][info][gc,stats       ]       FU: Thread Roots              754 us, workers (us): 237,  92, 262,   6, 154,   5, 
[2026-04-03T02:59:01.861+0600][420.488s][info][gc,stats       ]       FU: Code Cache Roots         8323 us, workers (us): 1282, 1442, 1203, 1471, 1374, 1552, 
[2026-04-03T02:59:01.861+0600][420.488s][info][gc,stats       ]       FU: VM Strong Roots            22 us, workers (us):  14,   2,   1,   1,   1,   1, 
[2026-04-03T02:59:01.861+0600][420.488s][info][gc,stats       ]       FU: VM Weak Roots             927 us, workers (us): 237, 174, 130, 129, 129, 128, 
[2026-04-03T02:59:01.861+0600][420.488s][info][gc,stats       ]       FU: CLDG Roots                861 us, workers (us): 125, 116, 216, 170, 115, 118, 
[2026-04-03T02:59:01.861+0600][420.488s][info][gc,stats       ]   Mark                          3447330 us, parallelism: 5.99x
[2026-04-03T02:59:01.861+0600][420.488s][info][gc,stats       ]     FM: <total>                20658289 us
[2026-04-03T02:59:01.861+0600][420.488s][info][gc,stats       ]     FM: Thread Roots               1033 us, workers (us): 236, 285, 114, 115, 176, 107, 
[2026-04-03T02:59:01.861+0600][420.488s][info][gc,stats       ]     FM: VM Strong Roots              31 us, workers (us):   0,   1,   9,  11,   0,   9, 
[2026-04-03T02:59:01.861+0600][420.488s][info][gc,stats       ]     FM: CLDG Roots                  336 us, workers (us): 163,  36,  41,  41,  27,  27, 
[2026-04-03T02:59:01.861+0600][420.488s][info][gc,stats       ]     FM: Parallel Mark          20656890 us, workers (us): 3442770, 3442909, 3442879, 3442822, 3442920, 3442589, 
[2026-04-03T02:59:01.861+0600][420.488s][info][gc,stats       ]     System Purge                   2859 us
[2026-04-03T02:59:01.861+0600][420.488s][info][gc,stats       ]       Weak References               581 us, parallelism: 0.59x
[2026-04-03T02:59:01.861+0600][420.488s][info][gc,stats       ]         WRP: <total>                344 us
[2026-04-03T02:59:01.861+0600][420.488s][info][gc,stats       ]         WRP: Weak References        344 us, workers (us):  35, 210,  34,  23,  10,  32, 
[2026-04-03T02:59:01.861+0600][420.488s][info][gc,stats       ]       Unload Classes               1686 us, parallelism: 5.04x
[2026-04-03T02:59:01.861+0600][420.488s][info][gc,stats       ]         CU: <total>                8503 us
[2026-04-03T02:59:01.861+0600][420.488s][info][gc,stats       ]         CU: Unload Code Caches     8503 us, workers (us): 1419, 1408, 1447, 1411, 1433, 1384, 
[2026-04-03T02:59:01.861+0600][420.488s][info][gc,stats       ]       Weak Roots                    560 us, parallelism: 2.07x
[2026-04-03T02:59:01.861+0600][420.488s][info][gc,stats       ]         WR: <total>                1161 us
[2026-04-03T02:59:01.861+0600][420.488s][info][gc,stats       ]         WR: VM Weak Roots          1161 us, workers (us): 258, 171, 149, 295, 143, 144, 
[2026-04-03T02:59:01.861+0600][420.488s][info][gc,stats       ]       CLDG                           16 us
[2026-04-03T02:59:01.861+0600][420.488s][info][gc,stats       ]   Calculate Addresses             88464 us
[2026-04-03T02:59:01.861+0600][420.488s][info][gc,stats       ]     Regular Objects               88205 us
[2026-04-03T02:59:01.861+0600][420.488s][info][gc,stats       ]     Humongous Objects                28 us
[2026-04-03T02:59:01.861+0600][420.488s][info][gc,stats       ]   Adjust Pointers                 99035 us
[2026-04-03T02:59:01.861+0600][420.488s][info][gc,stats       ]     FA: <total>                    7439 us
[2026-04-03T02:59:01.861+0600][420.488s][info][gc,stats       ]     FA: Thread Roots                468 us, workers (us): 182, 205,  72,   2,   4,   3, 
[2026-04-03T02:59:01.861+0600][420.488s][info][gc,stats       ]     FA: Code Cache Roots           5542 us, workers (us): 786, 785, 883, 1125, 901, 1062, 
[2026-04-03T02:59:01.861+0600][420.488s][info][gc,stats       ]     FA: VM Strong Roots              43 us, workers (us):  40,   1,   1,   1,   1,   1, 
[2026-04-03T02:59:01.862+0600][420.488s][info][gc,stats       ]     FA: VM Weak Roots               777 us, workers (us): 196, 131, 128, 107, 108, 107, 
[2026-04-03T02:59:01.862+0600][420.488s][info][gc,stats       ]     FA: CLDG Roots                  608 us, workers (us):  58,  57,  69, 148, 218,  59, 
[2026-04-03T02:59:01.862+0600][420.488s][info][gc             ] Failed to allocate Shared, 8208B
[2026-04-03T02:59:01.862+0600][420.488s][info][gc             ] Cancelling GC: Allocation Failure
[2026-04-03T02:59:01.862+0600][420.488s][info][gc,stats       ]   Copy Objects                    92182 us
[2026-04-03T02:59:01.862+0600][420.488s][info][gc,stats       ]     Regular Objects               91202 us
[2026-04-03T02:59:01.862+0600][420.488s][info][gc,stats       ]     Humongous Objects                19 us
[2026-04-03T02:59:01.862+0600][420.488s][info][gc,stats       ]     Reset Complete Bitmap           760 us
[2026-04-03T02:59:01.862+0600][420.488s][info][gc,stats       ]     Rebuild Region Sets             199 us
[2026-04-03T02:59:01.862+0600][420.488s][info][gc,stats       ]   Post Heap Dump                      1 us
[2026-04-03T02:59:01.862+0600][420.488s][info][gc,stats       ] 
[2026-04-03T02:59:01.862+0600][420.488s][info][gc,stats       ] Allocation pacing accrued:
[2026-04-03T02:59:01.862+0600][420.488s][info][gc,stats       ]       0 of  6994 ms (  0.0%): <total>
[2026-04-03T02:59:01.862+0600][420.488s][info][gc,stats       ]       0 of  6994 ms (  0.0%): <average total>
[2026-04-03T02:59:01.862+0600][420.488s][info][gc,stats       ] 
[2026-04-03T02:59:01.862+0600][420.488s][info][gc,metaspace   ] Metaspace: 49434K(49856K)->49438K(49856K) NonClass: 43256K(43520K)->43260K(43520K) Class: 6178K(6336K)->6178K(6336K)
[2026-04-03T02:59:01.862+0600][420.488s][info][gc,ergo        ] Pacer for Idle. Initial: 10240K, Alloc Tax Rate: 1.0x
[2026-04-03T02:59:01.863+0600][420.489s][info][gc             ] Trigger: Handle Allocation Failure
[2026-04-03T02:59:01.863+0600][420.489s][info][gc,ergo        ] Free: 0B, Max: 0B regular, 0B humongous, Frag: 0% external, 0% internal; Reserve: 18688K, Max: 256K
[2026-04-03T02:59:01.863+0600][420.489s][info][gc,start       ] GC(65) Pause Degenerated GC (Outside of Cycle)
[2026-04-03T02:59:01.863+0600][420.489s][info][gc,task        ] GC(65) Using 6 of 6 workers for stw degenerated gc
[2026-04-03T02:59:01.863+0600][420.490s][info][gc,ref         ] GC(65) Clearing All SoftReferences
[2026-04-03T02:59:06.229+0600][424.856s][info][gc,ref         ] GC(65) Encountered references: Soft: 2440, Weak: 2721, Final: 74, Phantom: 586
[2026-04-03T02:59:06.230+0600][424.856s][info][gc,ref         ] GC(65) Discovered  references: Soft: 240, Weak: 1324, Final: 74, Phantom: 581
[2026-04-03T02:59:06.230+0600][424.856s][info][gc,ref         ] GC(65) Enqueued    references: Soft: 3, Weak: 4, Final: 0, Phantom: 0
[2026-04-03T02:59:06.232+0600][424.858s][info][gc,ergo        ] GC(65) Adaptive CSet Selection. Target Free: 72533K, Actual Free: 18688K, Max CSet: 21333K, Min Garbage: 53845K
[2026-04-03T02:59:06.232+0600][424.858s][info][gc,ergo        ] GC(65) Collectable Garbage: 123K (100%), Immediate: 0B (0%), CSet: 123K (100%)
[2026-04-03T02:59:06.237+0600][424.864s][info][gc             ] GC(65) Cancelling GC: Allocation Failure During Evacuation
[2026-04-03T02:59:06.239+0600][424.865s][info][gc             ] GC(65) Cannot finish degeneration, upgrading to Full GC
[2026-04-03T02:59:06.242+0600][424.868s][info][gc,phases,start] GC(65) Phase 1: Mark live objects
[2026-04-03T02:59:06.242+0600][424.868s][info][gc,ref         ] GC(65) Clearing All SoftReferences
[2026-04-03T02:59:06.242+0600][424.869s][info][gc,ref         ] GC(65) Clearing All SoftReferences
[2026-04-03T02:59:09.732+0600][428.358s][info][gc,ref         ] GC(65) Encountered references: Soft: 2437, Weak: 2717, Final: 74, Phantom: 586
[2026-04-03T02:59:09.732+0600][428.358s][info][gc,ref         ] GC(65) Discovered  references: Soft: 238, Weak: 1320, Final: 74, Phantom: 579
[2026-04-03T02:59:09.732+0600][428.358s][info][gc,ref         ] GC(65) Enqueued    references: Soft: 0, Weak: 0, Final: 0, Phantom: 0
[2026-04-03T02:59:09.734+0600][428.360s][info][gc,phases      ] GC(65) Phase 1: Mark live objects 3491.919ms
[2026-04-03T02:59:09.734+0600][428.360s][info][gc,phases,start] GC(65) Phase 2: Compute new object addresses
[2026-04-03T02:59:09.819+0600][428.445s][info][gc,phases      ] GC(65) Phase 2: Compute new object addresses 85.049ms
[2026-04-03T02:59:09.819+0600][428.445s][info][gc,phases,start] GC(65) Phase 3: Adjust pointers
[2026-04-03T02:59:09.917+0600][428.543s][info][gc,phases      ] GC(65) Phase 3: Adjust pointers 97.603ms
[2026-04-03T02:59:09.917+0600][428.543s][info][gc,phases,start] GC(65) Phase 4: Move objects
[2026-04-03T02:59:10.007+0600][428.633s][info][gc,phases      ] GC(65) Phase 4: Move objects 89.898ms
[2026-04-03T02:59:10.007+0600][428.633s][info][gc,ergo        ] GC(65) Bad progress for free space: 166K, need 5120K
[2026-04-03T02:59:10.007+0600][428.633s][info][gc             ] GC(65) Pause Degenerated GC (Outside of Cycle) 480M->480M(500M) 8144.018ms
[2026-04-03T02:59:10.007+0600][428.634s][info][gc,ergo        ] Free: 143K, Max: 47256B regular, 0B humongous, Frag: 0% external, 99% internal; Reserve: 18688K, Max: 256K
[2026-04-03T02:59:10.007+0600][428.634s][info][gc,stats       ] 
[2026-04-03T02:59:10.007+0600][428.634s][info][gc,stats       ] All times are wall-clock times, except per-root-class counters, that are sum over
[2026-04-03T02:59:10.007+0600][428.634s][info][gc,stats       ] all workers. Dividing the <total> over the root stage time estimates parallelism.
[2026-04-03T02:59:10.007+0600][428.634s][info][gc,stats       ] 
[2026-04-03T02:59:10.007+0600][428.634s][info][gc,stats       ] Pause Degenerated GC (G)        8144178 us
[2026-04-03T02:59:10.007+0600][428.634s][info][gc,stats       ] Pause Degenerated GC (N)        8144032 us
[2026-04-03T02:59:10.007+0600][428.634s][info][gc,stats       ]   Degen STW Mark                4365647 us, parallelism: 6.00x
[2026-04-03T02:59:10.007+0600][428.634s][info][gc,stats       ]     DSM: <total>               26187020 us
[2026-04-03T02:59:10.007+0600][428.634s][info][gc,stats       ]     DSM: Thread Roots               871 us, workers (us): 150, 134, 282, 134,  92,  79, 
[2026-04-03T02:59:10.007+0600][428.634s][info][gc,stats       ]     DSM: VM Strong Roots             15 us, workers (us):   7,   0,   0,   0,   7,   0, 
[2026-04-03T02:59:10.007+0600][428.634s][info][gc,stats       ]     DSM: CLDG Roots                 245 us, workers (us):  38,   7,  14,   6,  29, 151, 
[2026-04-03T02:59:10.007+0600][428.634s][info][gc,stats       ]     DSM: Parallel Mark         26185888 us, workers (us): 4364373, 4364431, 4364033, 4364428, 4364367, 4364256, 
[2026-04-03T02:59:10.007+0600][428.634s][info][gc,stats       ]     System Purge                   2397 us
[2026-04-03T02:59:10.007+0600][428.634s][info][gc,stats       ]       Weak References               509 us, parallelism: 0.87x
[2026-04-03T02:59:10.007+0600][428.634s][info][gc,stats       ]         WRP: <total>                443 us
[2026-04-03T02:59:10.007+0600][428.634s][info][gc             ] Failed to allocate TLAB, 2688B
[2026-04-03T02:59:10.008+0600][428.634s][info][gc             ] Cancelling GC: Allocation Failure
[2026-04-03T02:59:10.007+0600][428.634s][info][gc,stats       ]         WRP: Weak References        443 us, workers (us): 289,  96,  20,  37,   1,   1, 
[2026-04-03T02:59:10.008+0600][428.634s][info][gc,stats       ]       Unload Classes               1513 us, parallelism: 5.14x
[2026-04-03T02:59:10.008+0600][428.634s][info][gc,stats       ]         DCU: <total>               7779 us
[2026-04-03T02:59:10.008+0600][428.634s][info][gc,stats       ]         DCU: Unload Code Caches     7779 us, workers (us): 1380, 1336, 1273, 1247, 1289, 1254, 
[2026-04-03T02:59:10.008+0600][428.634s][info][gc,stats       ]       Weak Roots                    329 us, parallelism: 1.71x
[2026-04-03T02:59:10.008+0600][428.634s][info][gc,stats       ]         DWR: <total>                561 us
[2026-04-03T02:59:10.008+0600][428.634s][info][gc,stats       ]         DWR: VM Weak Roots          561 us, workers (us): 160, 158,  99,  66,  40,  38, 
[2026-04-03T02:59:10.008+0600][428.634s][info][gc,stats       ]       CLDG                            6 us
[2026-04-03T02:59:10.008+0600][428.634s][info][gc,stats       ]   Update Region States               33 us
[2026-04-03T02:59:10.008+0600][428.634s][info][gc,stats       ]   Manage GC/TLABs                    11 us
[2026-04-03T02:59:10.008+0600][428.634s][info][gc,stats       ]   Choose Collection Set             265 us
[2026-04-03T02:59:10.008+0600][428.634s][info][gc,stats       ]   Rebuild Free Set                   39 us
[2026-04-03T02:59:10.008+0600][428.634s][info][gc,stats       ]   Evacuation                       7016 us
[2026-04-03T02:59:10.008+0600][428.634s][info][gc,stats       ]   Pre Heap Dump                       2 us
[2026-04-03T02:59:10.008+0600][428.634s][info][gc,stats       ]   Prepare                          2883 us
[2026-04-03T02:59:10.008+0600][428.634s][info][gc,stats       ]     Update Roots                   1859 us, parallelism: 4.54x
[2026-04-03T02:59:10.008+0600][428.634s][info][gc,stats       ]       FU: <total>                  8444 us
[2026-04-03T02:59:10.008+0600][428.634s][info][gc,stats       ]       FU: Thread Roots              646 us, workers (us):   3,  28, 143, 161, 161, 150, 
[2026-04-03T02:59:10.008+0600][428.634s][info][gc,stats       ]       FU: Code Cache Roots         6718 us, workers (us): 1385, 1093, 1074, 1058, 1049, 1058, 
[2026-04-03T02:59:10.008+0600][428.634s][info][gc,stats       ]       FU: VM Strong Roots            17 us, workers (us):   7,   7,   1,   1,   1,   1, 
[2026-04-03T02:59:10.008+0600][428.634s][info][gc,stats       ]       FU: VM Weak Roots             651 us, workers (us): 125, 124, 118, 119,  85,  81, 
[2026-04-03T02:59:10.008+0600][428.634s][info][gc,stats       ]       FU: CLDG Roots                411 us, workers (us): 104, 137,  43,  43,  43,  43, 
[2026-04-03T02:59:10.008+0600][428.634s][info][gc,stats       ]   Mark                          3491805 us, parallelism: 5.99x
[2026-04-03T02:59:10.008+0600][428.634s][info][gc,stats       ]     FM: <total>                20928252 us
[2026-04-03T02:59:10.008+0600][428.634s][info][gc,stats       ]     FM: Thread Roots                814 us, workers (us): 174, 209,  99, 117,  90, 123, 
[2026-04-03T02:59:10.008+0600][428.634s][info][gc,stats       ]     FM: VM Strong Roots              19 us, workers (us):   0,   0,   9,   1,   8,   0, 
[2026-04-03T02:59:10.008+0600][428.634s][info][gc,stats       ]     FM: CLDG Roots                  264 us, workers (us): 161,   8,  25,  18,  34,  19, 
[2026-04-03T02:59:10.008+0600][428.634s][info][gc,stats       ]     FM: Parallel Mark          20927155 us, workers (us): 3487846, 3487974, 3487721, 3487871, 3487873, 3487870, 
[2026-04-03T02:59:10.008+0600][428.634s][info][gc,stats       ]     System Purge                   2480 us
[2026-04-03T02:59:10.008+0600][428.634s][info][gc,stats       ]       Weak References               574 us, parallelism: 0.99x
[2026-04-03T02:59:10.008+0600][428.634s][info][gc,stats       ]         WRP: <total>                570 us
[2026-04-03T02:59:10.008+0600][428.634s][info][gc,stats       ]         WRP: Weak References        570 us, workers (us):  99, 174,  23, 273,   1,   0, 
[2026-04-03T02:59:10.008+0600][428.634s][info][gc,stats       ]       Unload Classes               1489 us, parallelism: 4.82x
[2026-04-03T02:59:10.008+0600][428.634s][info][gc,stats       ]         CU: <total>                7178 us
[2026-04-03T02:59:10.008+0600][428.634s][info][gc,stats       ]         CU: Unload Code Caches     7178 us, workers (us): 1218, 1205, 1225, 1179, 1185, 1166, 
[2026-04-03T02:59:10.008+0600][428.634s][info][gc,stats       ]       Weak Roots                    367 us, parallelism: 2.09x
[2026-04-03T02:59:10.008+0600][428.634s][info][gc,stats       ]         WR: <total>                 768 us
[2026-04-03T02:59:10.008+0600][428.634s][info][gc,stats       ]         WR: VM Weak Roots           768 us, workers (us): 159, 155, 154, 125, 102,  72, 
[2026-04-03T02:59:10.008+0600][428.634s][info][gc,stats       ]       CLDG                            3 us
[2026-04-03T02:59:10.008+0600][428.634s][info][gc,stats       ]   Calculate Addresses             85032 us
[2026-04-03T02:59:10.008+0600][428.634s][info][gc,stats       ]     Regular Objects               84830 us
[2026-04-03T02:59:10.008+0600][428.634s][info][gc,stats       ]     Humongous Objects                31 us
[2026-04-03T02:59:10.008+0600][428.634s][info][gc,stats       ]   Adjust Pointers                 97587 us
[2026-04-03T02:59:10.008+0600][428.634s][info][gc,stats       ]     FA: <total>                    7295 us
[2026-04-03T02:59:10.008+0600][428.634s][info][gc,stats       ]     FA: Thread Roots                578 us, workers (us):  79,  75, 100,   4, 139, 181, 
[2026-04-03T02:59:10.008+0600][428.634s][info][gc,stats       ]     FA: Code Cache Roots           5510 us, workers (us): 901, 967, 940, 1024, 814, 864, 
[2026-04-03T02:59:10.008+0600][428.634s][info][gc,stats       ]     FA: VM Strong Roots              18 us, workers (us):  14,   1,   1,   1,   1,   1, 
[2026-04-03T02:59:10.008+0600][428.634s][info][gc,stats       ]     FA: VM Weak Roots               659 us, workers (us): 168, 129, 101, 102,  82,  77, 
[2026-04-03T02:59:10.008+0600][428.634s][info][gc,stats       ]     FA: CLDG Roots                  531 us, workers (us): 122,  61,  59,  71, 154,  64, 
[2026-04-03T02:59:10.008+0600][428.634s][info][gc,stats       ]   Copy Objects                    89880 us
[2026-04-03T02:59:10.008+0600][428.634s][info][gc,stats       ]     Regular Objects               88902 us
[2026-04-03T02:59:10.008+0600][428.634s][info][gc,stats       ]     Humongous Objects                23 us
[2026-04-03T02:59:10.008+0600][428.634s][info][gc,stats       ]     Reset Complete Bitmap           699 us
[2026-04-03T02:59:10.008+0600][428.634s][info][gc,stats       ]     Rebuild Region Sets             250 us
[2026-04-03T02:59:10.008+0600][428.634s][info][gc,stats       ]   Post Heap Dump                      2 us
[2026-04-03T02:59:10.008+0600][428.634s][info][gc,stats       ] 
[2026-04-03T02:59:10.008+0600][428.634s][info][gc,stats       ] Allocation pacing accrued:
[2026-04-03T02:59:10.008+0600][428.634s][info][gc,stats       ]       0 of  8146 ms (  0.0%): <total>
[2026-04-03T02:59:10.008+0600][428.634s][info][gc,stats       ]       0 of  8146 ms (  0.0%): <average total>
[2026-04-03T02:59:10.008+0600][428.634s][info][gc,stats       ] 
[2026-04-03T02:59:10.008+0600][428.634s][info][gc,metaspace   ] Metaspace: 49438K(49856K)->49439K(49856K) NonClass: 43260K(43520K)->43261K(43520K) Class: 6178K(6336K)->6178K(6336K)
[2026-04-03T02:59:10.008+0600][428.634s][info][gc,ergo        ] Pacer for Idle. Initial: 10240K, Alloc Tax Rate: 1.0x
[2026-04-03T02:59:10.009+0600][428.635s][info][gc             ] Trigger: Handle Allocation Failure
[2026-04-03T02:59:10.009+0600][428.635s][info][gc,ergo        ] Free: 0B, Max: 0B regular, 0B humongous, Frag: 0% external, 0% internal; Reserve: 18688K, Max: 256K
[2026-04-03T02:59:10.009+0600][428.636s][info][gc,start       ] GC(66) Pause Degenerated GC (Outside of Cycle)
[2026-04-03T02:59:10.009+0600][428.636s][info][gc,task        ] GC(66) Using 6 of 6 workers for stw degenerated gc
[2026-04-03T02:59:10.010+0600][428.636s][info][gc,ref         ] GC(66) Clearing All SoftReferences
[2026-04-03T02:59:14.098+0600][432.724s][info][gc,ref         ] GC(66) Encountered references: Soft: 2437, Weak: 2721, Final: 74, Phantom: 586
[2026-04-03T02:59:14.098+0600][432.724s][info][gc,ref         ] GC(66) Discovered  references: Soft: 234, Weak: 1241, Final: 74, Phantom: 581
[2026-04-03T02:59:14.098+0600][432.724s][info][gc,ref         ] GC(66) Enqueued    references: Soft: 0, Weak: 0, Final: 0, Phantom: 0
[2026-04-03T02:59:14.100+0600][432.726s][info][gc,ergo        ] GC(66) Adaptive CSet Selection. Target Free: 72533K, Actual Free: 18688K, Max CSet: 21333K, Min Garbage: 53845K
[2026-04-03T02:59:14.121+0600][432.747s][info][gc,ergo        ] GC(66) Collectable Garbage: 43272B (100%), Immediate: 0B (0%), CSet: 43272B (100%)
[2026-04-03T02:59:14.128+0600][432.755s][info][gc             ] GC(66) Cancelling GC: Allocation Failure During Evacuation
[2026-04-03T02:59:14.130+0600][432.756s][info][gc             ] GC(66) Cannot finish degeneration, upgrading to Full GC
[2026-04-03T02:59:14.133+0600][432.759s][info][gc,phases,start] GC(66) Phase 1: Mark live objects
[2026-04-03T02:59:14.133+0600][432.759s][info][gc,ref         ] GC(66) Clearing All SoftReferences
[2026-04-03T02:59:14.133+0600][432.760s][info][gc,ref         ] GC(66) Clearing All SoftReferences
[2026-04-03T02:59:18.347+0600][436.974s][info][gc,ref         ] GC(66) Encountered references: Soft: 2437, Weak: 2721, Final: 74, Phantom: 586
[2026-04-03T02:59:18.347+0600][436.974s][info][gc,ref         ] GC(66) Discovered  references: Soft: 238, Weak: 1369, Final: 74, Phantom: 581
[2026-04-03T02:59:18.347+0600][436.974s][info][gc,ref         ] GC(66) Enqueued    references: Soft: 0, Weak: 0, Final: 0, Phantom: 0
[2026-04-03T02:59:18.350+0600][436.976s][info][gc,phases      ] GC(66) Phase 1: Mark live objects 4216.716ms
[2026-04-03T02:59:18.350+0600][436.976s][info][gc,phases,start] GC(66) Phase 2: Compute new object addresses
[2026-04-03T02:59:18.444+0600][437.070s][info][gc,phases      ] GC(66) Phase 2: Compute new object addresses 94.398ms
[2026-04-03T02:59:18.444+0600][437.070s][info][gc,phases,start] GC(66) Phase 3: Adjust pointers
[2026-04-03T02:59:18.544+0600][437.170s][info][gc,phases      ] GC(66) Phase 3: Adjust pointers 99.486ms
[2026-04-03T02:59:18.544+0600][437.170s][info][gc,phases,start] GC(66) Phase 4: Move objects
[2026-04-03T02:59:18.635+0600][437.262s][info][gc,phases      ] GC(66) Phase 4: Move objects 91.767ms
[2026-04-03T02:59:18.636+0600][437.262s][info][gc,ergo        ] GC(66) Bad progress for free space: 334K, need 5120K
[2026-04-03T02:59:18.636+0600][437.262s][info][gc             ] GC(66) Pause Degenerated GC (Outside of Cycle) 480M->480M(500M) 8626.415ms
[2026-04-03T02:59:18.636+0600][437.262s][info][gc,ergo        ] Free: 334K, Max: 220K regular, 0B humongous, Frag: 0% external, 99% internal; Reserve: 18432K, Max: 256K
[2026-04-03T02:59:18.636+0600][437.262s][info][gc,stats       ] 
[2026-04-03T02:59:18.636+0600][437.262s][info][gc,stats       ] All times are wall-clock times, except per-root-class counters, that are sum over
[2026-04-03T02:59:18.636+0600][437.262s][info][gc,stats       ] all workers. Dividing the <total> over the root stage time estimates parallelism.
[2026-04-03T02:59:18.636+0600][437.262s][info][gc,stats       ] 
[2026-04-03T02:59:18.636+0600][437.262s][info][gc,stats       ] Pause Degenerated GC (G)        8626653 us
[2026-04-03T02:59:18.636+0600][437.262s][info][gc,stats       ] Pause Degenerated GC (N)        8626423 us
[2026-04-03T02:59:18.636+0600][437.262s][info][gc,stats       ]   Degen STW Mark                4087639 us, parallelism: 6.00x
[2026-04-03T02:59:18.636+0600][437.262s][info][gc,stats       ]     DSM: <total>               24518899 us
[2026-04-03T02:59:18.636+0600][437.262s][info][gc,stats       ]     DSM: Thread Roots               849 us, workers (us): 187, 160, 117, 129, 146, 110, 
[2026-04-03T02:59:18.636+0600][437.262s][info][gc,stats       ]     DSM: VM Strong Roots             17 us, workers (us):   0,   8,   6,   2,   0,   0, 
[2026-04-03T02:59:18.636+0600][437.262s][info][gc,stats       ]     DSM: CLDG Roots                 215 us, workers (us):  14,  21,  29,   6,   6, 139, 
[2026-04-03T02:59:18.636+0600][437.262s][info][gc,stats       ]     DSM: Parallel Mark         24517818 us, workers (us): 4086321, 4086419, 4086283, 4086315, 4086176, 4086303, 
[2026-04-03T02:59:18.636+0600][437.262s][info][gc,stats       ]     System Purge                   2662 us
[2026-04-03T02:59:18.636+0600][437.262s][info][gc,stats       ]       Weak References               692 us, parallelism: 0.82x
[2026-04-03T02:59:18.636+0600][437.262s][info][gc,stats       ]         WRP: <total>                565 us
[2026-04-03T02:59:18.636+0600][437.262s][info][gc,stats       ]         WRP: Weak References        565 us, workers (us): 123, 409,  33,   1,   0,   0, 
[2026-04-03T02:59:18.636+0600][437.262s][info][gc,stats       ]       Unload Classes               1588 us, parallelism: 4.95x
[2026-04-03T02:59:18.636+0600][437.262s][info][gc,stats       ]         DCU: <total>               7862 us
[2026-04-03T02:59:18.636+0600][437.262s][info][gc,stats       ]         DCU: Unload Code Caches     7862 us, workers (us): 1373, 1323, 1293, 1294, 1297, 1282, 
[2026-04-03T02:59:18.636+0600][437.262s][info][gc,stats       ]       Weak Roots                    347 us, parallelism: 1.77x
[2026-04-03T02:59:18.636+0600][437.262s][info][gc,stats       ]         DWR: <total>                615 us
[2026-04-03T02:59:18.636+0600][437.262s][info][gc,stats       ]         DWR: VM Weak Roots          615 us, workers (us): 188, 100,  95,  87,  72,  72, 
[2026-04-03T02:59:18.636+0600][437.262s][info][gc,stats       ]       CLDG                            3 us
[2026-04-03T02:59:18.636+0600][437.262s][info][gc,stats       ]   Update Region States               26 us
[2026-04-03T02:59:18.636+0600][437.262s][info][gc,stats       ]   Manage GC/TLABs                    15 us
[2026-04-03T02:59:18.636+0600][437.262s][info][gc,stats       ]   Choose Collection Set           21268 us
[2026-04-03T02:59:18.636+0600][437.262s][info][gc,stats       ]   Rebuild Free Set                  103 us
[2026-04-03T02:59:18.636+0600][437.262s][info][gc,stats       ]   Evacuation                       7902 us
[2026-04-03T02:59:18.636+0600][437.262s][info][gc,stats       ]   Pre Heap Dump                       2 us
[2026-04-03T02:59:18.636+0600][437.263s][info][gc,stats       ]   Prepare                          2972 us
[2026-04-03T02:59:18.636+0600][437.263s][info][gc,stats       ]     Update Roots                   1940 us, parallelism: 4.95x
[2026-04-03T02:59:18.636+0600][437.262s][info][gc             ] Failed to allocate TLAB, 2688B
[2026-04-03T02:59:18.636+0600][437.263s][info][gc             ] Cancelling GC: Allocation Failure
[2026-04-03T02:59:18.636+0600][437.263s][info][gc,stats       ]       FU: <total>                  9594 us
[2026-04-03T02:59:18.636+0600][437.263s][info][gc,stats       ]       FU: Thread Roots              792 us, workers (us):   3, 177, 150,  84, 195, 183, 
[2026-04-03T02:59:18.636+0600][437.263s][info][gc,stats       ]       FU: Code Cache Roots         7512 us, workers (us): 1476, 1233, 1233, 1197, 1191, 1181, 
[2026-04-03T02:59:18.636+0600][437.263s][info][gc,stats       ]       FU: VM Strong Roots            24 us, workers (us):   7,   6,   7,   0,   2,   1, 
[2026-04-03T02:59:18.636+0600][437.263s][info][gc,stats       ]       FU: VM Weak Roots             678 us, workers (us): 131, 131, 129, 113, 104,  69, 
[2026-04-03T02:59:18.636+0600][437.263s][info][gc,stats       ]       FU: CLDG Roots                589 us, workers (us): 127,  76,  71, 171,  73,  72, 
[2026-04-03T02:59:18.636+0600][437.263s][info][gc,stats       ]   Mark                          4216627 us, parallelism: 5.99x
[2026-04-03T02:59:18.636+0600][437.263s][info][gc,stats       ]     FM: <total>                25274430 us
[2026-04-03T02:59:18.636+0600][437.263s][info][gc,stats       ]     FM: Thread Roots               1038 us, workers (us): 240, 216, 214, 135, 103, 130, 
[2026-04-03T02:59:18.636+0600][437.263s][info][gc,stats       ]     FM: VM Strong Roots              21 us, workers (us):   1,   1,   1,   9,   0,  10, 
[2026-04-03T02:59:18.636+0600][437.263s][info][gc,stats       ]     FM: CLDG Roots                  287 us, workers (us):  15,  24,  22,  31, 161,  35, 
[2026-04-03T02:59:18.636+0600][437.263s][info][gc,stats       ]     FM: Parallel Mark          25273084 us, workers (us): 4212067, 4212174, 4212260, 4212195, 4212117, 4212272, 
[2026-04-03T02:59:18.636+0600][437.263s][info][gc,stats       ]     System Purge                   2930 us
[2026-04-03T02:59:18.636+0600][437.263s][info][gc,stats       ]       Weak References               684 us, parallelism: 0.82x
[2026-04-03T02:59:18.636+0600][437.263s][info][gc,stats       ]         WRP: <total>                560 us
[2026-04-03T02:59:18.636+0600][437.263s][info][gc,stats       ]         WRP: Weak References        560 us, workers (us): 360, 136,  32,  30,   1,   0, 
[2026-04-03T02:59:18.636+0600][437.263s][info][gc,stats       ]       Unload Classes               1968 us, parallelism: 4.41x
[2026-04-03T02:59:18.636+0600][437.263s][info][gc,stats       ]         CU: <total>                8681 us
[2026-04-03T02:59:18.636+0600][437.263s][info][gc,stats       ]         CU: Unload Code Caches     8681 us, workers (us): 1513, 1477, 1445, 1394, 1432, 1419, 
[2026-04-03T02:59:18.636+0600][437.263s][info][gc,stats       ]       Weak Roots                    250 us, parallelism: 3.10x
[2026-04-03T02:59:18.636+0600][437.263s][info][gc,stats       ]         WR: <total>                 777 us
[2026-04-03T02:59:18.636+0600][437.263s][info][gc,stats       ]         WR: VM Weak Roots           777 us, workers (us): 207, 135, 133, 108, 106,  87, 
[2026-04-03T02:59:18.636+0600][437.263s][info][gc,stats       ]       CLDG                            3 us
[2026-04-03T02:59:18.636+0600][437.263s][info][gc,stats       ]   Calculate Addresses             94386 us
[2026-04-03T02:59:18.636+0600][437.263s][info][gc,stats       ]     Regular Objects               94214 us
[2026-04-03T02:59:18.636+0600][437.263s][info][gc,stats       ]     Humongous Objects                27 us
[2026-04-03T02:59:18.636+0600][437.263s][info][gc,stats       ]   Adjust Pointers                 99475 us
[2026-04-03T02:59:18.636+0600][437.263s][info][gc,stats       ]     FA: <total>                    7899 us
[2026-04-03T02:59:18.636+0600][437.263s][info][gc,stats       ]     FA: Thread Roots                650 us, workers (us):   3, 155, 106,  92, 145, 150, 
[2026-04-03T02:59:18.636+0600][437.263s][info][gc,stats       ]     FA: Code Cache Roots           6013 us, workers (us): 1160, 970, 1035, 906, 979, 963, 
[2026-04-03T02:59:18.636+0600][437.263s][info][gc,stats       ]     FA: VM Strong Roots              18 us, workers (us):  15,   1,   1,   1,   1,   1, 
[2026-04-03T02:59:18.636+0600][437.263s][info][gc,stats       ]     FA: VM Weak Roots               695 us, workers (us): 185, 114, 111, 111,  87,  87, 
[2026-04-03T02:59:18.636+0600][437.263s][info][gc,stats       ]     FA: CLDG Roots                  523 us, workers (us): 124,  52,  67, 176,  53,  52, 
[2026-04-03T02:59:18.636+0600][437.263s][info][gc,stats       ]   Copy Objects                    91752 us
[2026-04-03T02:59:18.636+0600][437.263s][info][gc,stats       ]     Regular Objects               90876 us
[2026-04-03T02:59:18.636+0600][437.263s][info][gc,stats       ]     Humongous Objects                19 us
[2026-04-03T02:59:18.636+0600][437.263s][info][gc,stats       ]     Reset Complete Bitmap           688 us
[2026-04-03T02:59:18.636+0600][437.263s][info][gc,stats       ]     Rebuild Region Sets             166 us
[2026-04-03T02:59:18.636+0600][437.263s][info][gc,stats       ]   Post Heap Dump                      1 us
[2026-04-03T02:59:18.636+0600][437.263s][info][gc,stats       ] 
[2026-04-03T02:59:18.637+0600][437.263s][info][gc,stats       ] Allocation pacing accrued:
[2026-04-03T02:59:18.637+0600][437.263s][info][gc,stats       ]       0 of  8629 ms (  0.0%): <total>
[2026-04-03T02:59:18.637+0600][437.263s][info][gc,stats       ]       0 of  8629 ms (  0.0%): <average total>
[2026-04-03T02:59:18.637+0600][437.263s][info][gc,stats       ] 
[2026-04-03T02:59:18.637+0600][437.263s][info][gc,metaspace   ] Metaspace: 49439K(49856K)->49444K(49856K) NonClass: 43261K(43520K)->43264K(43520K) Class: 6178K(6336K)->6180K(6336K)
[2026-04-03T02:59:18.637+0600][437.263s][info][gc,ergo        ] Pacer for Idle. Initial: 10240K, Alloc Tax Rate: 1.0x
[2026-04-03T02:59:18.638+0600][437.264s][info][gc             ] Trigger: Handle Allocation Failure
[2026-04-03T02:59:18.638+0600][437.264s][info][gc,ergo        ] Free: 0B, Max: 0B regular, 0B humongous, Frag: 0% external, 0% internal; Reserve: 18432K, Max: 256K
[2026-04-03T02:59:18.638+0600][437.264s][info][gc,start       ] GC(67) Pause Full
[2026-04-03T02:59:18.638+0600][437.264s][info][gc,task        ] GC(67) Using 6 of 6 workers for full gc
[2026-04-03T02:59:18.638+0600][437.265s][info][gc,phases,start] GC(67) Phase 1: Mark live objects
[2026-04-03T02:59:18.638+0600][437.265s][info][gc,ref         ] GC(67) Clearing All SoftReferences
[2026-04-03T02:59:18.638+0600][437.265s][info][gc,ref         ] GC(67) Clearing All SoftReferences
[2026-04-03T02:59:22.772+0600][441.398s][info][gc,ref         ] GC(67) Encountered references: Soft: 2438, Weak: 2724, Final: 74, Phantom: 586
[2026-04-03T02:59:22.772+0600][441.398s][info][gc,ref         ] GC(67) Discovered  references: Soft: 240, Weak: 1332, Final: 74, Phantom: 581
[2026-04-03T02:59:22.772+0600][441.398s][info][gc,ref         ] GC(67) Enqueued    references: Soft: 1, Weak: 2, Final: 0, Phantom: 0
[2026-04-03T02:59:22.774+0600][441.400s][info][gc,phases      ] GC(67) Phase 1: Mark live objects 4135.641ms
[2026-04-03T02:59:22.774+0600][441.400s][info][gc,phases,start] GC(67) Phase 2: Compute new object addresses
[2026-04-03T02:59:22.856+0600][441.483s][info][gc,phases      ] GC(67) Phase 2: Compute new object addresses 82.478ms
[2026-04-03T02:59:22.856+0600][441.483s][info][gc,phases,start] GC(67) Phase 3: Adjust pointers
[2026-04-03T02:59:22.955+0600][441.582s][info][gc,phases      ] GC(67) Phase 3: Adjust pointers 98.796ms
[2026-04-03T02:59:22.955+0600][441.582s][info][gc,phases,start] GC(67) Phase 4: Move objects
[2026-04-03T02:59:23.036+0600][441.662s][info][gc,phases      ] GC(67) Phase 4: Move objects 80.338ms
[2026-04-03T02:59:23.036+0600][441.662s][info][gc,ergo        ] GC(67) Bad progress for free space: 129K, need 5120K
[2026-04-03T02:59:23.036+0600][441.662s][info][gc             ] GC(67) Pause Full 480M->480M(500M) 4397.893ms
[2026-04-03T02:59:23.036+0600][441.662s][info][gc,ergo        ] Free: 129K, Max: 56512B regular, 0B humongous, Frag: 0% external, 99% internal; Reserve: 18432K, Max: 256K
[2026-04-03T02:59:23.036+0600][441.662s][info][gc,stats       ] 
[2026-04-03T02:59:23.036+0600][441.662s][info][gc,stats       ] All times are wall-clock times, except per-root-class counters, that are sum over
[2026-04-03T02:59:23.036+0600][441.662s][info][gc,stats       ] all workers. Dividing the <total> over the root stage time estimates parallelism.
[2026-04-03T02:59:23.036+0600][441.662s][info][gc,stats       ] 
[2026-04-03T02:59:23.036+0600][441.662s][info][gc,stats       ] Pause Full GC (G)               4397992 us
[2026-04-03T02:59:23.036+0600][441.662s][info][gc,stats       ] Pause Full GC (N)               4397903 us
[2026-04-03T02:59:23.036+0600][441.662s][info][gc,stats       ]   Pre Heap Dump                       1 us
[2026-04-03T02:59:23.036+0600][441.662s][info][gc,stats       ]   Prepare                           167 us
[2026-04-03T02:59:23.036+0600][441.662s][info][gc,stats       ]   Mark                          4135612 us, parallelism: 5.99x
[2026-04-03T02:59:23.036+0600][441.662s][info][gc,stats       ]     FM: <total>                24791209 us
[2026-04-03T02:59:23.036+0600][441.662s][info][gc,stats       ]     FM: Thread Roots                833 us, workers (us): 149, 139, 148, 192, 104, 101, 
[2026-04-03T02:59:23.036+0600][441.662s][info][gc,stats       ]     FM: VM Strong Roots              16 us, workers (us):   0,   0,   0,   0,   7,   8, 
[2026-04-03T02:59:23.036+0600][441.662s][info][gc,stats       ]     FM: CLDG Roots                  199 us, workers (us): 115,  14,   5,  14,  24,  27, 
[2026-04-03T02:59:23.036+0600][441.662s][info][gc,stats       ]     FM: Parallel Mark          24790161 us, workers (us): 4131500, 4131814, 4131803, 4131677, 4131740, 4131627, 
[2026-04-03T02:59:23.036+0600][441.663s][info][gc             ] Failed to allocate TLAB, 2656B
[2026-04-03T02:59:23.036+0600][441.663s][info][gc             ] Cancelling GC: Allocation Failure
[2026-04-03T02:59:23.036+0600][441.663s][info][gc,stats       ]     System Purge                   2344 us
[2026-04-03T02:59:23.036+0600][441.663s][info][gc,stats       ]       Weak References               584 us, parallelism: 0.75x
[2026-04-03T02:59:23.036+0600][441.663s][info][gc,stats       ]         WRP: <total>                439 us
[2026-04-03T02:59:23.036+0600][441.663s][info][gc,stats       ]         WRP: Weak References        439 us, workers (us): 373,  52,  13,   0,   0,   0, 
[2026-04-03T02:59:23.036+0600][441.663s][info][gc,stats       ]       Unload Classes               1536 us, parallelism: 4.84x
[2026-04-03T02:59:23.036+0600][441.663s][info][gc,stats       ]         CU: <total>                7436 us
[2026-04-03T02:59:23.036+0600][441.663s][info][gc,stats       ]         CU: Unload Code Caches     7436 us, workers (us): 1307, 1251, 1243, 1211, 1215, 1210, 
[2026-04-03T02:59:23.036+0600][441.663s][info][gc,stats       ]       Weak Roots                    199 us, parallelism: 2.61x
[2026-04-03T02:59:23.036+0600][441.663s][info][gc,stats       ]         WR: <total>                 518 us
[2026-04-03T02:59:23.036+0600][441.663s][info][gc,stats       ]         WR: VM Weak Roots           518 us, workers (us): 152,  85,  83,  82,  77,  40, 
[2026-04-03T02:59:23.036+0600][441.663s][info][gc,stats       ]       CLDG                            4 us
[2026-04-03T02:59:23.036+0600][441.663s][info][gc,stats       ]   Calculate Addresses             82470 us
[2026-04-03T02:59:23.036+0600][441.663s][info][gc,stats       ]     Regular Objects               82367 us
[2026-04-03T02:59:23.036+0600][441.663s][info][gc,stats       ]     Humongous Objects                29 us
[2026-04-03T02:59:23.036+0600][441.663s][info][gc,stats       ]   Adjust Pointers                 98785 us
[2026-04-03T02:59:23.036+0600][441.663s][info][gc,stats       ]     FA: <total>                    7429 us
[2026-04-03T02:59:23.036+0600][441.663s][info][gc,stats       ]     FA: Thread Roots                684 us, workers (us): 180,   4, 190, 106,  87, 117, 
[2026-04-03T02:59:23.036+0600][441.663s][info][gc,stats       ]     FA: Code Cache Roots           5483 us, workers (us): 838, 1190, 841, 793, 934, 886, 
[2026-04-03T02:59:23.036+0600][441.663s][info][gc,stats       ]     FA: VM Strong Roots              16 us, workers (us):  13,   1,   1,   1,   1,   1, 
[2026-04-03T02:59:23.036+0600][441.663s][info][gc,stats       ]     FA: VM Weak Roots               692 us, workers (us): 189, 124, 122,  91,  83,  83, 
[2026-04-03T02:59:23.036+0600][441.663s][info][gc,stats       ]     FA: CLDG Roots                  554 us, workers (us):  58, 146,  59, 165,  69,  56, 
[2026-04-03T02:59:23.036+0600][441.663s][info][gc,stats       ]   Copy Objects                    80326 us
[2026-04-03T02:59:23.037+0600][441.663s][info][gc,stats       ]     Regular Objects               79280 us
[2026-04-03T02:59:23.037+0600][441.663s][info][gc,stats       ]     Humongous Objects                24 us
[2026-04-03T02:59:23.037+0600][441.663s][info][gc,stats       ]     Reset Complete Bitmap           769 us
[2026-04-03T02:59:23.037+0600][441.663s][info][gc,stats       ]     Rebuild Region Sets             251 us
[2026-04-03T02:59:23.037+0600][441.663s][info][gc,stats       ]   Post Heap Dump                      1 us
[2026-04-03T02:59:23.037+0600][441.663s][info][gc,stats       ] 
[2026-04-03T02:59:23.037+0600][441.663s][info][gc,stats       ] Allocation pacing accrued:
[2026-04-03T02:59:23.037+0600][441.663s][info][gc,stats       ]       0 of  4400 ms (  0.0%): <total>
[2026-04-03T02:59:23.037+0600][441.663s][info][gc,stats       ]       0 of  4400 ms (  0.0%): <average total>
[2026-04-03T02:59:23.037+0600][441.663s][info][gc,stats       ] 
[2026-04-03T02:59:23.037+0600][441.663s][info][gc,metaspace   ] Metaspace: 49444K(49856K)->49445K(49856K) NonClass: 43264K(43520K)->43265K(43520K) Class: 6180K(6336K)->6180K(6336K)
[2026-04-03T02:59:23.037+0600][441.663s][info][gc,ergo        ] Pacer for Idle. Initial: 10240K, Alloc Tax Rate: 1.0x
[2026-04-03T02:59:23.039+0600][441.665s][info][gc             ] Trigger: Handle Allocation Failure
[2026-04-03T02:59:23.039+0600][441.665s][info][gc,ergo        ] Free: 0B, Max: 0B regular, 0B humongous, Frag: 0% external, 0% internal; Reserve: 18432K, Max: 256K
[2026-04-03T02:59:23.039+0600][441.665s][info][gc,start       ] GC(68) Pause Degenerated GC (Outside of Cycle)
[2026-04-03T02:59:23.039+0600][441.665s][info][gc,task        ] GC(68) Using 6 of 6 workers for stw degenerated gc
[2026-04-03T02:59:23.039+0600][441.666s][info][gc,ref         ] GC(68) Clearing All SoftReferences
[2026-04-03T02:59:27.293+0600][445.920s][info][gc,ref         ] GC(68) Encountered references: Soft: 2438, Weak: 2723, Final: 74, Phantom: 586
[2026-04-03T02:59:27.293+0600][445.920s][info][gc,ref         ] GC(68) Discovered  references: Soft: 239, Weak: 1436, Final: 74, Phantom: 202
[2026-04-03T02:59:27.293+0600][445.920s][info][gc,ref         ] GC(68) Enqueued    references: Soft: 1, Weak: 2, Final: 0, Phantom: 0
[2026-04-03T02:59:27.296+0600][445.922s][info][gc,ergo        ] GC(68) Adaptive CSet Selection. Target Free: 72533K, Actual Free: 18432K, Max CSet: 21333K, Min Garbage: 54101K
[2026-04-03T02:59:27.296+0600][445.922s][info][gc,ergo        ] GC(68) Collectable Garbage: 43128B (100%), Immediate: 0B (0%), CSet: 43128B (100%)
[2026-04-03T02:59:27.302+0600][445.928s][info][gc             ] GC(68) Cancelling GC: Allocation Failure During Evacuation
[2026-04-03T02:59:27.304+0600][445.930s][info][gc             ] GC(68) Cannot finish degeneration, upgrading to Full GC
[2026-04-03T02:59:27.306+0600][445.933s][info][gc,phases,start] GC(68) Phase 1: Mark live objects
[2026-04-03T02:59:27.307+0600][445.933s][info][gc,ref         ] GC(68) Clearing All SoftReferences
[2026-04-03T02:59:27.307+0600][445.933s][info][gc,ref         ] GC(68) Clearing All SoftReferences
[2026-04-03T02:59:30.272+0600][448.898s][info][gc,ref         ] GC(68) Encountered references: Soft: 2437, Weak: 2721, Final: 74, Phantom: 586
[2026-04-03T02:59:30.272+0600][448.898s][info][gc,ref         ] GC(68) Discovered  references: Soft: 238, Weak: 1454, Final: 74, Phantom: 581
[2026-04-03T02:59:30.272+0600][448.898s][info][gc,ref         ] GC(68) Enqueued    references: Soft: 0, Weak: 0, Final: 0, Phantom: 0
[2026-04-03T02:59:30.274+0600][448.900s][info][gc,phases      ] GC(68) Phase 1: Mark live objects 2967.440ms
[2026-04-03T02:59:30.274+0600][448.900s][info][gc,phases,start] GC(68) Phase 2: Compute new object addresses
[2026-04-03T02:59:30.361+0600][448.988s][info][gc,phases      ] GC(68) Phase 2: Compute new object addresses 87.482ms
[2026-04-03T02:59:30.362+0600][448.988s][info][gc,phases,start] GC(68) Phase 3: Adjust pointers
[2026-04-03T02:59:30.460+0600][449.086s][info][gc,phases      ] GC(68) Phase 3: Adjust pointers 98.475ms
[2026-04-03T02:59:30.460+0600][449.086s][info][gc,phases,start] GC(68) Phase 4: Move objects
[2026-04-03T02:59:30.551+0600][449.177s][info][gc,phases      ] GC(68) Phase 4: Move objects 90.483ms
[2026-04-03T02:59:30.551+0600][449.177s][info][gc,ergo        ] GC(68) Bad progress for free space: 73528B, need 5120K
[2026-04-03T02:59:30.551+0600][449.177s][info][gc             ] GC(68) Pause Degenerated GC (Outside of Cycle) 480M->480M(500M) 7511.671ms
[2026-04-03T02:59:30.551+0600][449.177s][info][gc,ergo        ] Free: 73528B, Max: 36608B regular, 0B humongous, Frag: 0% external, 99% internal; Reserve: 18432K, Max: 256K
[2026-04-03T02:59:30.551+0600][449.177s][info][gc,stats       ] 
[2026-04-03T02:59:30.551+0600][449.177s][info][gc,stats       ] All times are wall-clock times, except per-root-class counters, that are sum over
[2026-04-03T02:59:30.551+0600][449.177s][info][gc,stats       ] all workers. Dividing the <total> over the root stage time estimates parallelism.
[2026-04-03T02:59:30.551+0600][449.177s][info][gc,stats       ] 
[2026-04-03T02:59:30.551+0600][449.177s][info][gc,stats       ] Pause Degenerated GC (G)        7511962 us
[2026-04-03T02:59:30.551+0600][449.177s][info][gc,stats       ] Pause Degenerated GC (N)        7511680 us
[2026-04-03T02:59:30.551+0600][449.177s][info][gc,stats       ]   Degen STW Mark                4253440 us, parallelism: 6.00x
[2026-04-03T02:59:30.551+0600][449.177s][info][gc,stats       ]     DSM: <total>               25513034 us
[2026-04-03T02:59:30.551+0600][449.177s][info][gc,stats       ]     DSM: Thread Roots              1056 us, workers (us): 188, 177, 241, 166, 207,  76, 
[2026-04-03T02:59:30.551+0600][449.177s][info][gc,stats       ]     DSM: VM Strong Roots             14 us, workers (us):  12,   0,   0,   0,   0,   0, 
[2026-04-03T02:59:30.551+0600][449.177s][info][gc,stats       ]     DSM: CLDG Roots                 396 us, workers (us):  16,  59,  13,  16,   7, 286, 
[2026-04-03T02:59:30.551+0600][449.177s][info][gc,stats       ]     DSM: Parallel Mark         25511568 us, workers (us): 4252093, 4251979, 4251904, 4251968, 4251808, 4251816, 
[2026-04-03T02:59:30.551+0600][449.177s][info][gc,stats       ]     System Purge                   2872 us
[2026-04-03T02:59:30.551+0600][449.177s][info][gc,stats       ]       Weak References               600 us, parallelism: 0.75x
[2026-04-03T02:59:30.551+0600][449.177s][info][gc,stats       ]         WRP: <total>                449 us
[2026-04-03T02:59:30.551+0600][449.177s][info][gc,stats       ]         WRP: Weak References        449 us, workers (us):  47,  19,  62,   1, 320,   0, 
[2026-04-03T02:59:30.551+0600][449.178s][info][gc,stats       ]       Unload Classes               1864 us, parallelism: 4.91x
[2026-04-03T02:59:30.551+0600][449.178s][info][gc,stats       ]         DCU: <total>               9161 us
[2026-04-03T02:59:30.551+0600][449.178s][info][gc,stats       ]         DCU: Unload Code Caches     9161 us, workers (us): 1518, 1535, 1557, 1537, 1514, 1500, 
[2026-04-03T02:59:30.551+0600][449.178s][info][gc,stats       ]       Weak Roots                    395 us, parallelism: 1.56x
[2026-04-03T02:59:30.551+0600][449.178s][info][gc,stats       ]         DWR: <total>                615 us
[2026-04-03T02:59:30.551+0600][449.178s][info][gc             ] Failed to allocate TLAB, 2640B
[2026-04-03T02:59:30.551+0600][449.178s][info][gc             ] Cancelling GC: Allocation Failure
[2026-04-03T02:59:30.551+0600][449.178s][info][gc,stats       ]         DWR: VM Weak Roots          615 us, workers (us): 121, 121,  94,  93,  93,  93, 
[2026-04-03T02:59:30.551+0600][449.178s][info][gc,stats       ]       CLDG                            2 us
[2026-04-03T02:59:30.551+0600][449.178s][info][gc,stats       ]   Update Region States               40 us
[2026-04-03T02:59:30.551+0600][449.178s][info][gc,stats       ]   Manage GC/TLABs                     9 us
[2026-04-03T02:59:30.551+0600][449.178s][info][gc,stats       ]   Choose Collection Set             212 us
[2026-04-03T02:59:30.551+0600][449.178s][info][gc,stats       ]   Rebuild Free Set                   42 us
[2026-04-03T02:59:30.551+0600][449.178s][info][gc,stats       ]   Evacuation                       7455 us
[2026-04-03T02:59:30.551+0600][449.178s][info][gc,stats       ]   Pre Heap Dump                       1 us
[2026-04-03T02:59:30.551+0600][449.178s][info][gc,stats       ]   Prepare                          2650 us
[2026-04-03T02:59:30.551+0600][449.178s][info][gc,stats       ]     Update Roots                   1677 us, parallelism: 4.74x
[2026-04-03T02:59:30.551+0600][449.178s][info][gc,stats       ]       FU: <total>                  7951 us
[2026-04-03T02:59:30.551+0600][449.178s][info][gc,stats       ]       FU: Thread Roots              644 us, workers (us): 174,  67, 159,  77,   6, 161, 
[2026-04-03T02:59:30.551+0600][449.178s][info][gc,stats       ]       FU: Code Cache Roots         6244 us, workers (us): 979, 1124, 916, 1063, 1176, 986, 
[2026-04-03T02:59:30.552+0600][449.178s][info][gc,stats       ]       FU: VM Strong Roots            13 us, workers (us):   5,   5,   1,   1,   1,   1, 
[2026-04-03T02:59:30.552+0600][449.178s][info][gc,stats       ]       FU: VM Weak Roots             741 us, workers (us): 135, 135, 120, 119, 116, 116, 
[2026-04-03T02:59:30.552+0600][449.178s][info][gc,stats       ]       FU: CLDG Roots                309 us, workers (us):  30,  29, 105,  36,  79,  29, 
[2026-04-03T02:59:30.552+0600][449.178s][info][gc,stats       ]   Mark                          2967379 us, parallelism: 5.99x
[2026-04-03T02:59:30.552+0600][449.178s][info][gc,stats       ]     FM: <total>                17784271 us
[2026-04-03T02:59:30.552+0600][449.178s][info][gc,stats       ]     FM: Thread Roots                716 us, workers (us): 179, 126,  70, 116, 125, 100, 
[2026-04-03T02:59:30.552+0600][449.178s][info][gc,stats       ]     FM: VM Strong Roots              18 us, workers (us):   7,   0,  10,   0,   0,   0, 
[2026-04-03T02:59:30.552+0600][449.178s][info][gc,stats       ]     FM: CLDG Roots                  246 us, workers (us):  17, 171,  30,   6,   5,  17, 
[2026-04-03T02:59:30.552+0600][449.178s][info][gc,stats       ]     FM: Parallel Mark          17783291 us, workers (us): 2963662, 2963670, 2964082, 2964070, 2963889, 2963917, 
[2026-04-03T02:59:30.552+0600][449.178s][info][gc,stats       ]     System Purge                   2153 us
[2026-04-03T02:59:30.552+0600][449.178s][info][gc,stats       ]       Weak References               398 us, parallelism: 0.69x
[2026-04-03T02:59:30.552+0600][449.178s][info][gc,stats       ]         WRP: <total>                276 us
[2026-04-03T02:59:30.552+0600][449.178s][info][gc,stats       ]         WRP: Weak References        276 us, workers (us):  36, 136,  15,  72,  18,   1, 
[2026-04-03T02:59:30.552+0600][449.178s][info][gc,stats       ]       Unload Classes               1438 us, parallelism: 4.98x
[2026-04-03T02:59:30.552+0600][449.178s][info][gc,stats       ]         CU: <total>                7164 us
[2026-04-03T02:59:30.552+0600][449.178s][info][gc,stats       ]         CU: Unload Code Caches     7164 us, workers (us): 1214, 1215, 1181, 1196, 1180, 1179, 
[2026-04-03T02:59:30.552+0600][449.178s][info][gc,stats       ]       Weak Roots                    304 us, parallelism: 1.96x
[2026-04-03T02:59:30.552+0600][449.178s][info][gc,stats       ]         WR: <total>                 596 us
[2026-04-03T02:59:30.552+0600][449.178s][info][gc,stats       ]         WR: VM Weak Roots           596 us, workers (us): 118, 116, 115, 114,  68,  65, 
[2026-04-03T02:59:30.552+0600][449.178s][info][gc,stats       ]       CLDG                            2 us
[2026-04-03T02:59:30.552+0600][449.178s][info][gc,stats       ]   Calculate Addresses             87471 us
[2026-04-03T02:59:30.552+0600][449.178s][info][gc,stats       ]     Regular Objects               87373 us
[2026-04-03T02:59:30.552+0600][449.178s][info][gc,stats       ]     Humongous Objects                29 us
[2026-04-03T02:59:30.552+0600][449.178s][info][gc,stats       ]   Adjust Pointers                 98464 us
[2026-04-03T02:59:30.552+0600][449.178s][info][gc,stats       ]     FA: <total>                    7646 us
[2026-04-03T02:59:30.552+0600][449.178s][info][gc,stats       ]     FA: Thread Roots                580 us, workers (us):  87, 103,   3,  28, 175, 184, 
[2026-04-03T02:59:30.552+0600][449.178s][info][gc,stats       ]     FA: Code Cache Roots           5851 us, workers (us): 947, 990, 1106, 1064, 838, 905, 
[2026-04-03T02:59:30.552+0600][449.178s][info][gc,stats       ]     FA: VM Strong Roots              50 us, workers (us):  46,   1,   1,   1,   1,   1, 
[2026-04-03T02:59:30.552+0600][449.178s][info][gc,stats       ]     FA: VM Weak Roots               634 us, workers (us): 142, 111, 110, 111,  98,  61, 
[2026-04-03T02:59:30.552+0600][449.178s][info][gc,stats       ]     FA: CLDG Roots                  532 us, workers (us): 121,  59,  63,  60, 159,  70, 
[2026-04-03T02:59:30.552+0600][449.178s][info][gc,stats       ]   Copy Objects                    90471 us
[2026-04-03T02:59:30.552+0600][449.178s][info][gc,stats       ]     Regular Objects               89561 us
[2026-04-03T02:59:30.552+0600][449.178s][info][gc,stats       ]     Humongous Objects                21 us
[2026-04-03T02:59:30.552+0600][449.178s][info][gc,stats       ]     Reset Complete Bitmap           650 us
[2026-04-03T02:59:30.552+0600][449.178s][info][gc,stats       ]     Rebuild Region Sets             237 us
[2026-04-03T02:59:30.552+0600][449.178s][info][gc,stats       ]   Post Heap Dump                      1 us
[2026-04-03T02:59:30.552+0600][449.178s][info][gc,stats       ] 
[2026-04-03T02:59:30.552+0600][449.178s][info][gc,stats       ] Allocation pacing accrued:
[2026-04-03T02:59:30.552+0600][449.178s][info][gc,stats       ]       0 of  7515 ms (  0.0%): <total>
[2026-04-03T02:59:30.552+0600][449.178s][info][gc,stats       ]       0 of  7515 ms (  0.0%): <average total>
[2026-04-03T02:59:30.552+0600][449.178s][info][gc,stats       ] 
[2026-04-03T02:59:30.552+0600][449.178s][info][gc,metaspace   ] Metaspace: 49446K(49856K)->49448K(49856K) NonClass: 43266K(43520K)->43267K(43520K) Class: 6180K(6336K)->6180K(6336K)
[2026-04-03T02:59:30.552+0600][449.178s][info][gc,ergo        ] Pacer for Idle. Initial: 10240K, Alloc Tax Rate: 1.0x
[2026-04-03T02:59:30.553+0600][449.179s][info][gc             ] Trigger: Handle Allocation Failure
[2026-04-03T02:59:30.553+0600][449.179s][info][gc,ergo        ] Free: 0B, Max: 0B regular, 0B humongous, Frag: 0% external, 0% internal; Reserve: 18432K, Max: 256K
[2026-04-03T02:59:30.553+0600][449.179s][info][gc,start       ] GC(69) Pause Degenerated GC (Outside of Cycle)
[2026-04-03T02:59:30.553+0600][449.179s][info][gc,task        ] GC(69) Using 6 of 6 workers for stw degenerated gc
[2026-04-03T02:59:30.553+0600][449.180s][info][gc,ref         ] GC(69) Clearing All SoftReferences
[2026-04-03T02:59:34.420+0600][453.046s][info][gc,ref         ] GC(69) Encountered references: Soft: 2439, Weak: 2721, Final: 74, Phantom: 586
[2026-04-03T02:59:34.420+0600][453.046s][info][gc,ref         ] GC(69) Discovered  references: Soft: 236, Weak: 1516, Final: 74, Phantom: 377
[2026-04-03T02:59:34.420+0600][453.046s][info][gc,ref         ] GC(69) Enqueued    references: Soft: 0, Weak: 0, Final: 0, Phantom: 0
[2026-04-03T02:59:34.422+0600][453.048s][info][gc,ergo        ] GC(69) Adaptive CSet Selection. Target Free: 72533K, Actual Free: 18432K, Max CSet: 21333K, Min Garbage: 54101K
[2026-04-03T02:59:34.422+0600][453.048s][info][gc,ergo        ] GC(69) Collectable Garbage: 35136B (100%), Immediate: 0B (0%), CSet: 35136B (100%)
[2026-04-03T02:59:34.427+0600][453.053s][info][gc             ] GC(69) Cancelling GC: Allocation Failure During Evacuation
[2026-04-03T02:59:34.429+0600][453.055s][info][gc             ] GC(69) Cannot finish degeneration, upgrading to Full GC
[2026-04-03T02:59:34.432+0600][453.058s][info][gc,phases,start] GC(69) Phase 1: Mark live objects
[2026-04-03T02:59:34.432+0600][453.058s][info][gc,ref         ] GC(69) Clearing All SoftReferences
[2026-04-03T02:59:34.432+0600][453.058s][info][gc,ref         ] GC(69) Clearing All SoftReferences
[2026-04-03T02:59:37.524+0600][456.151s][info][gc,ref         ] GC(69) Encountered references: Soft: 2439, Weak: 2721, Final: 74, Phantom: 586
[2026-04-03T02:59:37.524+0600][456.151s][info][gc,ref         ] GC(69) Discovered  references: Soft: 240, Weak: 1510, Final: 74, Phantom: 537
[2026-04-03T02:59:37.524+0600][456.151s][info][gc,ref         ] GC(69) Enqueued    references: Soft: 0, Weak: 0, Final: 0, Phantom: 0
[2026-04-03T02:59:37.526+0600][456.152s][info][gc,phases      ] GC(69) Phase 1: Mark live objects 3094.027ms
[2026-04-03T02:59:37.526+0600][456.152s][info][gc,phases,start] GC(69) Phase 2: Compute new object addresses
[2026-04-03T02:59:37.612+0600][456.238s][info][gc,phases      ] GC(69) Phase 2: Compute new object addresses 85.800ms
[2026-04-03T02:59:37.612+0600][456.238s][info][gc,phases,start] GC(69) Phase 3: Adjust pointers
[2026-04-03T02:59:37.709+0600][456.335s][info][gc,phases      ] GC(69) Phase 3: Adjust pointers 97.267ms
[2026-04-03T02:59:37.709+0600][456.335s][info][gc,phases,start] GC(69) Phase 4: Move objects
[2026-04-03T02:59:37.799+0600][456.425s][info][gc,phases      ] GC(69) Phase 4: Move objects 89.990ms
[2026-04-03T02:59:37.799+0600][456.426s][info][gc,ergo        ] GC(69) Bad progress for free space: 319K, need 5120K
[2026-04-03T02:59:37.799+0600][456.426s][info][gc             ] GC(69) Pause Degenerated GC (Outside of Cycle) 480M->480M(500M) 7246.459ms
[2026-04-03T02:59:37.799+0600][456.426s][info][gc,ergo        ] Free: 319K, Max: 133K regular, 0B humongous, Frag: 0% external, 99% internal; Reserve: 18176K, Max: 256K
[2026-04-03T02:59:37.800+0600][456.426s][info][gc,stats       ] 
[2026-04-03T02:59:37.800+0600][456.426s][info][gc,stats       ] All times are wall-clock times, except per-root-class counters, that are sum over
[2026-04-03T02:59:37.800+0600][456.426s][info][gc,stats       ] all workers. Dividing the <total> over the root stage time estimates parallelism.
[2026-04-03T02:59:37.800+0600][456.426s][info][gc,stats       ] 
[2026-04-03T02:59:37.800+0600][456.426s][info][gc,stats       ] Pause Degenerated GC (G)        7246553 us
[2026-04-03T02:59:37.800+0600][456.426s][info][gc,stats       ] Pause Degenerated GC (N)        7246469 us
[2026-04-03T02:59:37.800+0600][456.426s][info][gc,stats       ]   Degen STW Mark                3866104 us, parallelism: 6.00x
[2026-04-03T02:59:37.800+0600][456.426s][info][gc,stats       ]     DSM: <total>               23188870 us
[2026-04-03T02:59:37.800+0600][456.426s][info][gc,stats       ]     DSM: Thread Roots               659 us, workers (us): 149, 155,  98,  94,  80,  83, 
[2026-04-03T02:59:37.800+0600][456.426s][info][gc,stats       ]     DSM: VM Strong Roots             18 us, workers (us):   0,   0,   3,   2,   5,   7, 
[2026-04-03T02:59:37.800+0600][456.426s][info][gc,stats       ]     DSM: CLDG Roots                 187 us, workers (us): 101,  12,  13,  15,  24,  22, 
[2026-04-03T02:59:37.800+0600][456.426s][info][gc,stats       ]     DSM: Parallel Mark         23188006 us, workers (us): 3864614, 3864553, 3864685, 3864773, 3864597, 3864783, 
[2026-04-03T02:59:37.800+0600][456.426s][info][gc,stats       ]     System Purge                   2178 us
[2026-04-03T02:59:37.800+0600][456.426s][info][gc,stats       ]       Weak References               464 us, parallelism: 1.16x
[2026-04-03T02:59:37.800+0600][456.426s][info][gc,stats       ]         WRP: <total>                541 us
[2026-04-03T02:59:37.800+0600][456.426s][info][gc,stats       ]         WRP: Weak References        541 us, workers (us): 292,  35,  74,  18, 115,   7, 
[2026-04-03T02:59:37.800+0600][456.426s][info][gc,stats       ]       Unload Classes               1496 us, parallelism: 5.11x
[2026-04-03T02:59:37.800+0600][456.426s][info][gc,stats       ]         DCU: <total>               7635 us
[2026-04-03T02:59:37.800+0600][456.426s][info][gc,stats       ]         DCU: Unload Code Caches     7635 us, workers (us): 1327, 1296, 1268, 1262, 1256, 1227, 
[2026-04-03T02:59:37.800+0600][456.426s][info][gc,stats       ]       Weak Roots                    199 us, parallelism: 2.59x
[2026-04-03T02:59:37.800+0600][456.426s][info][gc,stats       ]         DWR: <total>                515 us
[2026-04-03T02:59:37.800+0600][456.426s][info][gc,stats       ]         DWR: VM Weak Roots          515 us, workers (us): 151, 101,  80,  79,  75,  29, 
[2026-04-03T02:59:37.800+0600][456.426s][info][gc,stats       ]       CLDG                            3 us
[2026-04-03T02:59:37.800+0600][456.426s][info][gc,stats       ]   Update Region States               35 us
[2026-04-03T02:59:37.800+0600][456.426s][info][gc,stats       ]   Manage GC/TLABs                    11 us
[2026-04-03T02:59:37.800+0600][456.426s][info][gc,stats       ]   Choose Collection Set             175 us
[2026-04-03T02:59:37.800+0600][456.426s][info][gc,stats       ]   Rebuild Free Set                   46 us
[2026-04-03T02:59:37.800+0600][456.426s][info][gc,stats       ]   Evacuation                       6708 us
[2026-04-03T02:59:37.800+0600][456.426s][info][gc,stats       ]   Pre Heap Dump                       1 us
[2026-04-03T02:59:37.800+0600][456.426s][info][gc,stats       ]   Prepare                          2980 us
[2026-04-03T02:59:37.800+0600][456.426s][info][gc,stats       ]     Update Roots                   1992 us, parallelism: 4.58x
[2026-04-03T02:59:37.800+0600][456.426s][info][gc,stats       ]       FU: <total>                  9115 us
[2026-04-03T02:59:37.800+0600][456.426s][info][gc,stats       ]       FU: Thread Roots              712 us, workers (us): 196, 201, 118,  38,   3, 157, 
[2026-04-03T02:59:37.800+0600][456.426s][info][gc,stats       ]       FU: Code Cache Roots         7151 us, workers (us): 1103, 1020, 1156, 1252, 1501, 1118, 
[2026-04-03T02:59:37.800+0600][456.426s][info][gc,stats       ]       FU: VM Strong Roots            19 us, workers (us):  10,   6,   1,   1,   1,   1, 
[2026-04-03T02:59:37.800+0600][456.426s][info][gc,stats       ]       FU: VM Weak Roots             656 us, workers (us): 170, 171, 133,  69,  69,  44, 
[2026-04-03T02:59:37.800+0600][456.426s][info][gc,stats       ]       FU: CLDG Roots                578 us, workers (us):  74, 141,  75,  86, 129,  73, 
[2026-04-03T02:59:37.800+0600][456.426s][info][gc,stats       ]   Mark                          3093924 us, parallelism: 6.00x
[2026-04-03T02:59:37.800+0600][456.426s][info][gc,stats       ]     FM: <total>                18548282 us
[2026-04-03T02:59:37.800+0600][456.426s][info][gc,stats       ]     FM: Thread Roots                755 us, workers (us): 216, 222,  81,  76,  81,  80, 
[2026-04-03T02:59:37.800+0600][456.426s][info][gc,stats       ]     FM: VM Strong Roots              20 us, workers (us):   1,   0,  10,   8,   0,   1, 
[2026-04-03T02:59:37.800+0600][456.426s][info][gc,stats       ]     FM: CLDG Roots                  270 us, workers (us): 136,  20,  30,  34,  25,  26, 
[2026-04-03T02:59:37.800+0600][456.426s][info][gc,stats       ]     FM: Parallel Mark          18547237 us, workers (us): 3091124, 3091278, 3091191, 3091151, 3091221, 3091272, 
[2026-04-03T02:59:37.800+0600][456.426s][info][gc,stats       ]     System Purge                   1700 us
[2026-04-03T02:59:37.800+0600][456.426s][info][gc,stats       ]       Weak References               268 us, parallelism: 1.02x
[2026-04-03T02:59:37.800+0600][456.426s][info][gc,stats       ]         WRP: <total>                273 us
[2026-04-03T02:59:37.800+0600][456.426s][info][gc,stats       ]         WRP: Weak References        273 us, workers (us): 146,  30,  15,  38,  39,   4, 
[2026-04-03T02:59:37.800+0600][456.426s][info][gc,stats       ]       Unload Classes               1237 us, parallelism: 5.24x
[2026-04-03T02:59:37.800+0600][456.426s][info][gc,stats       ]         CU: <total>                6480 us
[2026-04-03T02:59:37.800+0600][456.426s][info][gc,stats       ]         CU: Unload Code Caches     6480 us, workers (us): 1073, 1102, 1083, 1085, 1066, 1072, 
[2026-04-03T02:59:37.800+0600][456.426s][info][gc,stats       ]       Weak Roots                    183 us, parallelism: 2.99x
[2026-04-03T02:59:37.800+0600][456.426s][info][gc,stats       ]         WR: <total>                 547 us
[2026-04-03T02:59:37.800+0600][456.426s][info][gc,stats       ]         WR: VM Weak Roots           547 us, workers (us): 153, 113,  73,  73,  71,  64, 
[2026-04-03T02:59:37.800+0600][456.426s][info][gc,stats       ]       CLDG                            2 us
[2026-04-03T02:59:37.800+0600][456.426s][info][gc,stats       ]   Calculate Addresses             85788 us
[2026-04-03T02:59:37.800+0600][456.426s][info][gc,stats       ]     Regular Objects               85705 us
[2026-04-03T02:59:37.800+0600][456.426s][info][gc,stats       ]     Humongous Objects                42 us
[2026-04-03T02:59:37.800+0600][456.426s][info][gc,stats       ]   Adjust Pointers                 97253 us
[2026-04-03T02:59:37.800+0600][456.426s][info][gc,stats       ]     FA: <total>                    7199 us
[2026-04-03T02:59:37.800+0600][456.426s][info][gc,stats       ]     FA: Thread Roots                534 us, workers (us): 121, 170, 140,   5,  28,  69, 
[2026-04-03T02:59:37.800+0600][456.426s][info][gc,stats       ]     FA: Code Cache Roots           5514 us, workers (us): 814, 852, 884, 1004, 1012, 950, 
[2026-04-03T02:59:37.800+0600][456.426s][info][gc,stats       ]     FA: VM Strong Roots              21 us, workers (us):  18,   1,   1,   1,   1,   1, 
[2026-04-03T02:59:37.800+0600][456.426s][info][gc,stats       ]     FA: VM Weak Roots               576 us, workers (us): 155, 127, 121,  76,  75,  20, 
[2026-04-03T02:59:37.800+0600][456.426s][info][gc,stats       ]     FA: CLDG Roots                  554 us, workers (us): 152,  64,  74, 137,  63,  65, 
[2026-04-03T02:59:37.800+0600][456.427s][info][gc,stats       ]   Copy Objects                    89976 us
[2026-04-03T02:59:37.800+0600][456.427s][info][gc,stats       ]     Regular Objects               89132 us
[2026-04-03T02:59:37.800+0600][456.427s][info][gc,stats       ]     Humongous Objects                21 us
[2026-04-03T02:59:37.800+0600][456.427s][info][gc,stats       ]     Reset Complete Bitmap           651 us
[2026-04-03T02:59:37.800+0600][456.427s][info][gc,stats       ]     Rebuild Region Sets             170 us
[2026-04-03T02:59:37.800+0600][456.427s][info][gc,stats       ]   Post Heap Dump                      1 us
[2026-04-03T02:59:37.800+0600][456.427s][info][gc,stats       ] 
[2026-04-03T02:59:37.800+0600][456.427s][info][gc,stats       ] Allocation pacing accrued:
[2026-04-03T02:59:37.800+0600][456.427s][info][gc,stats       ]       0 of  7249 ms (  0.0%): <total>
[2026-04-03T02:59:37.800+0600][456.427s][info][gc,stats       ]       0 of  7249 ms (  0.0%): <average total>
[2026-04-03T02:59:37.800+0600][456.427s][info][gc,stats       ] 
[2026-04-03T02:59:37.800+0600][456.427s][info][gc,metaspace   ] Metaspace: 49448K(49856K)->49469K(49856K) NonClass: 43267K(43520K)->43287K(43520K) Class: 6180K(6336K)->6182K(6336K)
[2026-04-03T02:59:37.800+0600][456.427s][info][gc,ergo        ] Pacer for Idle. Initial: 10240K, Alloc Tax Rate: 1.0x
[2026-04-03T02:59:37.800+0600][456.427s][info][gc             ] Failed to allocate TLAB, 2656B
[2026-04-03T02:59:37.800+0600][456.427s][info][gc             ] Cancelling GC: Allocation Failure
[2026-04-03T02:59:37.802+0600][456.428s][info][gc             ] Trigger: Handle Allocation Failure
[2026-04-03T02:59:37.802+0600][456.428s][info][gc,ergo        ] Free: 0B, Max: 0B regular, 0B humongous, Frag: 0% external, 0% internal; Reserve: 18176K, Max: 256K
[2026-04-03T02:59:37.802+0600][456.428s][info][gc,start       ] GC(70) Pause Degenerated GC (Outside of Cycle)
[2026-04-03T02:59:37.802+0600][456.428s][info][gc,task        ] GC(70) Using 6 of 6 workers for stw degenerated gc
[2026-04-03T02:59:37.802+0600][456.428s][info][gc,ref         ] GC(70) Clearing All SoftReferences
[2026-04-03T02:59:41.826+0600][460.452s][info][gc,ref         ] GC(70) Encountered references: Soft: 2442, Weak: 2724, Final: 74, Phantom: 586
[2026-04-03T02:59:41.826+0600][460.453s][info][gc,ref         ] GC(70) Discovered  references: Soft: 229, Weak: 1254, Final: 74, Phantom: 582
[2026-04-03T02:59:41.826+0600][460.453s][info][gc,ref         ] GC(70) Enqueued    references: Soft: 2, Weak: 1, Final: 0, Phantom: 0
[2026-04-03T02:59:41.828+0600][460.454s][info][gc,ergo        ] GC(70) Adaptive CSet Selection. Target Free: 72533K, Actual Free: 18176K, Max CSet: 21333K, Min Garbage: 54357K
[2026-04-03T02:59:41.828+0600][460.454s][info][gc,ergo        ] GC(70) Collectable Garbage: 468K (100%), Immediate: 0B (0%), CSet: 468K (100%)
[2026-04-03T02:59:41.833+0600][460.460s][info][gc             ] GC(70) Cancelling GC: Allocation Failure During Evacuation
[2026-04-03T02:59:41.835+0600][460.461s][info][gc             ] GC(70) Cannot finish degeneration, upgrading to Full GC
[2026-04-03T02:59:41.838+0600][460.464s][info][gc,phases,start] GC(70) Phase 1: Mark live objects
[2026-04-03T02:59:41.838+0600][460.465s][info][gc,ref         ] GC(70) Clearing All SoftReferences
[2026-04-03T02:59:41.838+0600][460.465s][info][gc,ref         ] GC(70) Clearing All SoftReferences
[2026-04-03T02:59:45.842+0600][464.468s][info][gc,ref         ] GC(70) Encountered references: Soft: 2440, Weak: 2723, Final: 74, Phantom: 586
[2026-04-03T02:59:45.842+0600][464.468s][info][gc,ref         ] GC(70) Discovered  references: Soft: 240, Weak: 1392, Final: 74, Phantom: 582
[2026-04-03T02:59:45.842+0600][464.468s][info][gc,ref         ] GC(70) Enqueued    references: Soft: 0, Weak: 0, Final: 0, Phantom: 0
[2026-04-03T02:59:45.844+0600][464.470s][info][gc,phases      ] GC(70) Phase 1: Mark live objects 4005.544ms
[2026-04-03T02:59:45.844+0600][464.470s][info][gc,phases,start] GC(70) Phase 2: Compute new object addresses
[2026-04-03T02:59:45.927+0600][464.553s][info][gc,phases      ] GC(70) Phase 2: Compute new object addresses 83.067ms
[2026-04-03T02:59:45.927+0600][464.553s][info][gc,phases,start] GC(70) Phase 3: Adjust pointers
[2026-04-03T02:59:46.024+0600][464.650s][info][gc,phases      ] GC(70) Phase 3: Adjust pointers 97.220ms
[2026-04-03T02:59:46.024+0600][464.651s][info][gc,phases,start] GC(70) Phase 4: Move objects
[2026-04-03T02:59:46.113+0600][464.739s][info][gc,phases      ] GC(70) Phase 4: Move objects 88.798ms
[2026-04-03T02:59:46.113+0600][464.740s][info][gc,ergo        ] GC(70) Bad progress for free space: 258K, need 5120K
[2026-04-03T02:59:46.113+0600][464.740s][info][gc             ] GC(70) Pause Degenerated GC (Outside of Cycle) 480M->480M(500M) 8311.576ms
[2026-04-03T02:59:46.113+0600][464.740s][info][gc,ergo        ] Free: 258K, Max: 100072B regular, 0B humongous, Frag: 0% external, 99% internal; Reserve: 18432K, Max: 256K
[2026-04-03T02:59:46.113+0600][464.740s][info][gc,stats       ] 
[2026-04-03T02:59:46.113+0600][464.740s][info][gc,stats       ] All times are wall-clock times, except per-root-class counters, that are sum over
[2026-04-03T02:59:46.113+0600][464.740s][info][gc,stats       ] all workers. Dividing the <total> over the root stage time estimates parallelism.
[2026-04-03T02:59:46.113+0600][464.740s][info][gc,stats       ] 
[2026-04-03T02:59:46.113+0600][464.740s][info][gc,stats       ] Pause Degenerated GC (G)        8311725 us
[2026-04-03T02:59:46.113+0600][464.740s][info][gc,stats       ] Pause Degenerated GC (N)        8311587 us
[2026-04-03T02:59:46.113+0600][464.740s][info][gc,stats       ]   Degen STW Mark                4023974 us, parallelism: 6.00x
[2026-04-03T02:59:46.113+0600][464.740s][info][gc,stats       ]     DSM: <total>               24137867 us
[2026-04-03T02:59:46.113+0600][464.740s][info][gc,stats       ]     DSM: Thread Roots               698 us, workers (us): 210,  84, 103,  80, 100, 123, 
[2026-04-03T02:59:46.113+0600][464.740s][info][gc,stats       ]     DSM: VM Strong Roots             14 us, workers (us):   0,  11,   2,   0,   0,   0, 
[2026-04-03T02:59:46.113+0600][464.740s][info][gc,stats       ]     DSM: CLDG Roots                 217 us, workers (us):  10,  25,  15, 143,  18,   6, 
[2026-04-03T02:59:46.114+0600][464.740s][info][gc,stats       ]     DSM: Parallel Mark         24136937 us, workers (us): 4022812, 4022965, 4022963, 4022862, 4022621, 4022715, 
[2026-04-03T02:59:46.114+0600][464.740s][info][gc,stats       ]     System Purge                   1716 us
[2026-04-03T02:59:46.114+0600][464.740s][info][gc,stats       ]       Weak References               299 us, parallelism: 0.83x
[2026-04-03T02:59:46.114+0600][464.740s][info][gc,stats       ]         WRP: <total>                247 us
[2026-04-03T02:59:46.114+0600][464.740s][info][gc,stats       ]         WRP: Weak References        247 us, workers (us): 168,  79,   1,   1,   0,   0, 
[2026-04-03T02:59:46.114+0600][464.740s][info][gc,stats       ]       Unload Classes               1263 us, parallelism: 5.52x
[2026-04-03T02:59:46.114+0600][464.740s][info][gc,stats       ]         DCU: <total>               6974 us
[2026-04-03T02:59:46.114+0600][464.740s][info][gc,stats       ]         DCU: Unload Code Caches     6974 us, workers (us): 1166, 1172, 1173, 1172, 1172, 1119, 
[2026-04-03T02:59:46.114+0600][464.740s][info][gc,stats       ]       Weak Roots                    142 us, parallelism: 3.15x
[2026-04-03T02:59:46.114+0600][464.740s][info][gc,stats       ]         DWR: <total>                448 us
[2026-04-03T02:59:46.114+0600][464.740s][info][gc,stats       ]         DWR: VM Weak Roots          448 us, workers (us): 110, 103, 100,  51,  43,  41, 
[2026-04-03T02:59:46.114+0600][464.740s][info][gc,stats       ]       CLDG                            2 us
[2026-04-03T02:59:46.114+0600][464.740s][info][gc,stats       ]   Update Region States               21 us
[2026-04-03T02:59:46.114+0600][464.740s][info][gc,stats       ]   Manage GC/TLABs                     8 us
[2026-04-03T02:59:46.114+0600][464.740s][info][gc,stats       ]   Choose Collection Set             209 us
[2026-04-03T02:59:46.114+0600][464.740s][info][gc,stats       ]   Rebuild Free Set                   40 us
[2026-04-03T02:59:46.114+0600][464.740s][info][gc,stats       ]   Evacuation                       6952 us
[2026-04-03T02:59:46.114+0600][464.740s][info][gc,stats       ]   Pre Heap Dump                       2 us
[2026-04-03T02:59:46.114+0600][464.740s][info][gc,stats       ]   Prepare                          2872 us
[2026-04-03T02:59:46.114+0600][464.740s][info][gc,stats       ]     Update Roots                   1860 us, parallelism: 5.29x
[2026-04-03T02:59:46.114+0600][464.740s][info][gc,stats       ]       FU: <total>                  9829 us
[2026-04-03T02:59:46.114+0600][464.740s][info][gc,stats       ]       FU: Thread Roots              723 us, workers (us): 190,  81,  84,  64, 203, 101, 
[2026-04-03T02:59:46.114+0600][464.740s][info][gc,stats       ]       FU: Code Cache Roots         7699 us, workers (us): 1138, 1363, 1344, 1309, 1224, 1320, 
[2026-04-03T02:59:46.114+0600][464.740s][info][gc,stats       ]       FU: VM Strong Roots            15 us, workers (us):   9,   2,   2,   1,   1,   1, 
[2026-04-03T02:59:46.114+0600][464.740s][info][gc,stats       ]       FU: VM Weak Roots             693 us, workers (us): 177, 135, 135,  92,  91,  64, 
[2026-04-03T02:59:46.114+0600][464.740s][info][gc,stats       ]       FU: CLDG Roots                700 us, workers (us): 194,  90,  88, 143,  90,  95, 
[2026-04-03T02:59:46.114+0600][464.740s][info][gc,stats       ]   Mark                          4005482 us, parallelism: 5.99x
[2026-04-03T02:59:46.114+0600][464.740s][info][gc,stats       ]     FM: <total>                24010637 us
[2026-04-03T02:59:46.114+0600][464.740s][info][gc,stats       ]     FM: Thread Roots                865 us, workers (us): 202, 153, 124, 119, 133, 133, 
[2026-04-03T02:59:46.114+0600][464.740s][info][gc,stats       ]     FM: VM Strong Roots              29 us, workers (us):   1,   8,   7,   7,   7,   1, 
[2026-04-03T02:59:46.114+0600][464.740s][info][gc,stats       ]     FM: CLDG Roots                  305 us, workers (us): 172,   8,  37,  40,  25,  24, 
[2026-04-03T02:59:46.114+0600][464.740s][info][gc,stats       ]     FM: Parallel Mark          24009437 us, workers (us): 4001337, 4001676, 4001610, 4001556, 4001605, 4001652, 
[2026-04-03T02:59:46.114+0600][464.740s][info][gc,stats       ]     System Purge                   2444 us
[2026-04-03T02:59:46.114+0600][464.740s][info][gc,stats       ]       Weak References               551 us, parallelism: 0.91x
[2026-04-03T02:59:46.114+0600][464.740s][info][gc,stats       ]         WRP: <total>                499 us
[2026-04-03T02:59:46.114+0600][464.740s][info][gc,stats       ]         WRP: Weak References        499 us, workers (us):  96, 191, 193,  18,   1,   0, 
[2026-04-03T02:59:46.114+0600][464.740s][info][gc,stats       ]       Unload Classes               1605 us, parallelism: 4.82x
[2026-04-03T02:59:46.114+0600][464.740s][info][gc,stats       ]         CU: <total>                7738 us
[2026-04-03T02:59:46.114+0600][464.740s][info][gc,stats       ]         CU: Unload Code Caches     7738 us, workers (us): 1340, 1297, 1262, 1269, 1281, 1290, 
[2026-04-03T02:59:46.114+0600][464.740s][info][gc,stats       ]       Weak Roots                    252 us, parallelism: 2.77x
[2026-04-03T02:59:46.114+0600][464.740s][info][gc,stats       ]         WR: <total>                 700 us
[2026-04-03T02:59:46.114+0600][464.740s][info][gc,stats       ]         WR: VM Weak Roots           700 us, workers (us): 163, 161, 108, 107, 102,  59, 
[2026-04-03T02:59:46.114+0600][464.740s][info][gc,stats       ]       CLDG                            8 us
[2026-04-03T02:59:46.114+0600][464.740s][info][gc             ] Failed to allocate TLAB, 2656B
[2026-04-03T02:59:46.114+0600][464.740s][info][gc             ] Cancelling GC: Allocation Failure
[2026-04-03T02:59:46.114+0600][464.740s][info][gc,stats       ]   Calculate Addresses             83058 us
[2026-04-03T02:59:46.114+0600][464.740s][info][gc,stats       ]     Regular Objects               82946 us
[2026-04-03T02:59:46.114+0600][464.740s][info][gc,stats       ]     Humongous Objects                37 us
[2026-04-03T02:59:46.114+0600][464.740s][info][gc,stats       ]   Adjust Pointers                 97190 us
[2026-04-03T02:59:46.114+0600][464.740s][info][gc,stats       ]     FA: <total>                    7241 us
[2026-04-03T02:59:46.114+0600][464.740s][info][gc,stats       ]     FA: Thread Roots                573 us, workers (us):  95, 150, 107, 145,  66,  11, 
[2026-04-03T02:59:46.114+0600][464.740s][info][gc,stats       ]     FA: Code Cache Roots           5649 us, workers (us): 871, 899, 965, 909, 977, 1028, 
[2026-04-03T02:59:46.114+0600][464.740s][info][gc,stats       ]     FA: VM Strong Roots              16 us, workers (us):  12,   1,   1,   1,   1,   1, 
[2026-04-03T02:59:46.114+0600][464.740s][info][gc,stats       ]     FA: VM Weak Roots               589 us, workers (us): 139, 115,  96,  95,  96,  49, 
[2026-04-03T02:59:46.114+0600][464.740s][info][gc,stats       ]     FA: CLDG Roots                  414 us, workers (us): 142,  40,  37,  38,  52, 105, 
[2026-04-03T02:59:46.114+0600][464.740s][info][gc,stats       ]   Copy Objects                    88787 us
[2026-04-03T02:59:46.114+0600][464.740s][info][gc,stats       ]     Regular Objects               87884 us
[2026-04-03T02:59:46.114+0600][464.740s][info][gc,stats       ]     Humongous Objects                22 us
[2026-04-03T02:59:46.114+0600][464.740s][info][gc,stats       ]     Reset Complete Bitmap           707 us
[2026-04-03T02:59:46.114+0600][464.740s][info][gc,stats       ]     Rebuild Region Sets             172 us
[2026-04-03T02:59:46.114+0600][464.740s][info][gc,stats       ]   Post Heap Dump                      1 us
[2026-04-03T02:59:46.114+0600][464.740s][info][gc,stats       ] 
[2026-04-03T02:59:46.114+0600][464.740s][info][gc,stats       ] Allocation pacing accrued:
[2026-04-03T02:59:46.114+0600][464.740s][info][gc,stats       ]       0 of  8314 ms (  0.0%): <total>
[2026-04-03T02:59:46.114+0600][464.740s][info][gc,stats       ]       0 of  8314 ms (  0.0%): <average total>
[2026-04-03T02:59:46.114+0600][464.740s][info][gc,stats       ] 
[2026-04-03T02:59:46.114+0600][464.741s][info][gc,metaspace   ] Metaspace: 49470K(49856K)->49480K(49856K) NonClass: 43288K(43520K)->43295K(43520K) Class: 6182K(6336K)->6184K(6336K)
[2026-04-03T02:59:46.114+0600][464.741s][info][gc,ergo        ] Pacer for Idle. Initial: 10240K, Alloc Tax Rate: 1.0x
[2026-04-03T02:59:46.115+0600][464.742s][info][gc             ] Trigger: Handle Allocation Failure
[2026-04-03T02:59:46.115+0600][464.742s][info][gc,ergo        ] Free: 0B, Max: 0B regular, 0B humongous, Frag: 0% external, 0% internal; Reserve: 18432K, Max: 256K
[2026-04-03T02:59:46.115+0600][464.742s][info][gc,start       ] GC(71) Pause Degenerated GC (Outside of Cycle)
[2026-04-03T02:59:46.115+0600][464.742s][info][gc,task        ] GC(71) Using 6 of 6 workers for stw degenerated gc
[2026-04-03T02:59:46.116+0600][464.742s][info][gc,ref         ] GC(71) Clearing All SoftReferences
[2026-04-03T02:59:50.236+0600][468.862s][info][gc,ref         ] GC(71) Encountered references: Soft: 2440, Weak: 2728, Final: 74, Phantom: 586
[2026-04-03T02:59:50.236+0600][468.862s][info][gc,ref         ] GC(71) Discovered  references: Soft: 236, Weak: 1271, Final: 74, Phantom: 582
[2026-04-03T02:59:50.236+0600][468.862s][info][gc,ref         ] GC(71) Enqueued    references: Soft: 0, Weak: 1, Final: 0, Phantom: 0
[2026-04-03T02:59:50.238+0600][468.864s][info][gc,ergo        ] GC(71) Adaptive CSet Selection. Target Free: 72533K, Actual Free: 18432K, Max CSet: 21333K, Min Garbage: 54101K
[2026-04-03T02:59:50.238+0600][468.865s][info][gc,ergo        ] GC(71) Collectable Garbage: 88216B (100%), Immediate: 0B (0%), CSet: 88216B (100%)
[2026-04-03T02:59:50.244+0600][468.870s][info][gc             ] GC(71) Cancelling GC: Allocation Failure During Evacuation
[2026-04-03T02:59:50.245+0600][468.872s][info][gc             ] GC(71) Cannot finish degeneration, upgrading to Full GC
[2026-04-03T02:59:50.248+0600][468.875s][info][gc,phases,start] GC(71) Phase 1: Mark live objects
[2026-04-03T02:59:50.248+0600][468.875s][info][gc,ref         ] GC(71) Clearing All SoftReferences
[2026-04-03T02:59:50.248+0600][468.875s][info][gc,ref         ] GC(71) Clearing All SoftReferences
[2026-04-03T02:59:53.682+0600][472.308s][info][gc,ref         ] GC(71) Encountered references: Soft: 2440, Weak: 2727, Final: 74, Phantom: 586
[2026-04-03T02:59:53.682+0600][472.308s][info][gc,ref         ] GC(71) Discovered  references: Soft: 238, Weak: 1417, Final: 74, Phantom: 582
[2026-04-03T02:59:53.682+0600][472.308s][info][gc,ref         ] GC(71) Enqueued    references: Soft: 0, Weak: 0, Final: 0, Phantom: 0
[2026-04-03T02:59:53.684+0600][472.310s][info][gc,phases      ] GC(71) Phase 1: Mark live objects 3435.382ms
[2026-04-03T02:59:53.684+0600][472.310s][info][gc,phases,start] GC(71) Phase 2: Compute new object addresses
[2026-04-03T02:59:53.764+0600][472.391s][info][gc,phases      ] GC(71) Phase 2: Compute new object addresses 80.602ms
[2026-04-03T02:59:53.764+0600][472.391s][info][gc,phases,start] GC(71) Phase 3: Adjust pointers
[2026-04-03T02:59:53.862+0600][472.489s][info][gc,phases      ] GC(71) Phase 3: Adjust pointers 98.027ms
[2026-04-03T02:59:53.862+0600][472.489s][info][gc,phases,start] GC(71) Phase 4: Move objects
[2026-04-03T02:59:53.952+0600][472.578s][info][gc,phases      ] GC(71) Phase 4: Move objects 89.346ms
[2026-04-03T02:59:53.952+0600][472.578s][info][gc,ergo        ] GC(71) Bad progress for free space: 119K, need 5120K
[2026-04-03T02:59:53.952+0600][472.578s][info][gc             ] GC(71) Pause Degenerated GC (Outside of Cycle) 480M->480M(500M) 7836.604ms
[2026-04-03T02:59:53.952+0600][472.578s][info][gc,ergo        ] Free: 119K, Max: 53720B regular, 0B humongous, Frag: 0% external, 99% internal; Reserve: 18432K, Max: 256K
[2026-04-03T02:59:53.952+0600][472.578s][info][gc,stats       ] 
[2026-04-03T02:59:53.952+0600][472.578s][info][gc,stats       ] All times are wall-clock times, except per-root-class counters, that are sum over
[2026-04-03T02:59:53.952+0600][472.578s][info][gc,stats       ] all workers. Dividing the <total> over the root stage time estimates parallelism.
[2026-04-03T02:59:53.952+0600][472.578s][info][gc,stats       ] 
[2026-04-03T02:59:53.952+0600][472.578s][info][gc,stats       ] Pause Degenerated GC (G)        7836686 us
[2026-04-03T02:59:53.952+0600][472.579s][info][gc,stats       ] Pause Degenerated GC (N)        7836614 us
[2026-04-03T02:59:53.952+0600][472.579s][info][gc,stats       ]   Degen STW Mark                4119908 us, parallelism: 6.00x
[2026-04-03T02:59:53.952+0600][472.579s][info][gc,stats       ]     DSM: <total>               24713020 us
[2026-04-03T02:59:53.952+0600][472.579s][info][gc,stats       ]     DSM: Thread Roots               809 us, workers (us): 172, 164, 161, 118, 111,  82, 
[2026-04-03T02:59:53.952+0600][472.579s][info][gc,stats       ]     DSM: VM Strong Roots             17 us, workers (us):   5,   0,   0,   0,  10,   0, 
[2026-04-03T02:59:53.952+0600][472.579s][info][gc,stats       ]     DSM: CLDG Roots                 226 us, workers (us):  11,  15,  18,  15,   5, 161, 
[2026-04-03T02:59:53.952+0600][472.579s][info][gc,stats       ]     DSM: Parallel Mark         24711969 us, workers (us): 4118674, 4118595, 4118719, 4118667, 4118667, 4118647, 
[2026-04-03T02:59:53.952+0600][472.579s][info][gc,stats       ]     System Purge                   2445 us
[2026-04-03T02:59:53.952+0600][472.579s][info][gc,stats       ]       Weak References               608 us, parallelism: 0.95x
[2026-04-03T02:59:53.952+0600][472.579s][info][gc,stats       ]         WRP: <total>                579 us
[2026-04-03T02:59:53.952+0600][472.579s][info][gc,stats       ]         WRP: Weak References        579 us, workers (us): 278,  83, 111, 106,   1,   0, 
[2026-04-03T02:59:53.952+0600][472.579s][info][gc,stats       ]       Unload Classes               1592 us, parallelism: 4.47x
[2026-04-03T02:59:53.952+0600][472.579s][info][gc,stats       ]         DCU: <total>               7114 us
[2026-04-03T02:59:53.952+0600][472.579s][info][gc,stats       ]         DCU: Unload Code Caches     7114 us, workers (us): 1269, 1260, 1181, 1136, 1131, 1137, 
[2026-04-03T02:59:53.952+0600][472.579s][info][gc,stats       ]       Weak Roots                    219 us, parallelism: 2.33x
[2026-04-03T02:59:53.952+0600][472.579s][info][gc,stats       ]         DWR: <total>                511 us
[2026-04-03T02:59:53.952+0600][472.579s][info][gc,stats       ]         DWR: VM Weak Roots          511 us, workers (us): 136, 130,  82,  78,  56,  28, 
[2026-04-03T02:59:53.952+0600][472.579s][info][gc,stats       ]       CLDG                            6 us
[2026-04-03T02:59:53.952+0600][472.579s][info][gc,stats       ]   Update Region States               50 us
[2026-04-03T02:59:53.952+0600][472.579s][info][gc,stats       ]   Manage GC/TLABs                     7 us
[2026-04-03T02:59:53.952+0600][472.579s][info][gc,stats       ]   Choose Collection Set             174 us
[2026-04-03T02:59:53.952+0600][472.579s][info][gc,stats       ]   Rebuild Free Set                   42 us
[2026-04-03T02:59:53.952+0600][472.579s][info][gc,stats       ]   Evacuation                       6693 us
[2026-04-03T02:59:53.952+0600][472.579s][info][gc,stats       ]   Pre Heap Dump                       1 us
[2026-04-03T02:59:53.952+0600][472.579s][info][gc,stats       ]   Prepare                          2807 us
[2026-04-03T02:59:53.952+0600][472.579s][info][gc,stats       ]     Update Roots                   1881 us, parallelism: 4.54x
[2026-04-03T02:59:53.952+0600][472.579s][info][gc,stats       ]       FU: <total>                  8539 us
[2026-04-03T02:59:53.952+0600][472.579s][info][gc,stats       ]       FU: Thread Roots              619 us, workers (us): 191,  50,   3, 172, 146,  57, 
[2026-04-03T02:59:53.952+0600][472.579s][info][gc,stats       ]       FU: Code Cache Roots         6623 us, workers (us): 946, 1139, 1367, 1012, 1042, 1116, 
[2026-04-03T02:59:53.952+0600][472.579s][info][gc,stats       ]       FU: VM Strong Roots            12 us, workers (us):   8,   1,   1,   1,   1,   1, 
[2026-04-03T02:59:53.952+0600][472.579s][info][gc,stats       ]       FU: VM Weak Roots             578 us, workers (us): 172,  99, 101,  85,  60,  61, 
[2026-04-03T02:59:53.952+0600][472.579s][info][gc,stats       ]       FU: CLDG Roots                707 us, workers (us): 163,  95, 158,  93,  95, 103, 
[2026-04-03T02:59:53.952+0600][472.579s][info][gc,stats       ]   Mark                          3435294 us, parallelism: 5.99x
[2026-04-03T02:59:53.952+0600][472.579s][info][gc,stats       ]     FM: <total>                20588409 us
[2026-04-03T02:59:53.952+0600][472.579s][info][gc,stats       ]     FM: Thread Roots                790 us, workers (us): 194, 128, 163, 115, 114,  76, 
[2026-04-03T02:59:53.952+0600][472.579s][info][gc,stats       ]     FM: VM Strong Roots              64 us, workers (us):   0,  32,   0,   1,   1,  30, 
[2026-04-03T02:59:53.952+0600][472.579s][info][gc,stats       ]     FM: CLDG Roots                  345 us, workers (us): 168,  30,  31,  41,  40,  36, 
[2026-04-03T02:59:53.952+0600][472.579s][info][gc             ] Failed to allocate TLAB, 2656B
[2026-04-03T02:59:53.953+0600][472.579s][info][gc             ] Cancelling GC: Allocation Failure
[2026-04-03T02:59:53.953+0600][472.579s][info][gc,stats       ]     FM: Parallel Mark          20587210 us, workers (us): 3431117, 3431323, 3431258, 3431109, 3431194, 3431210, 
[2026-04-03T02:59:53.953+0600][472.579s][info][gc,stats       ]     System Purge                   2451 us
[2026-04-03T02:59:53.953+0600][472.579s][info][gc,stats       ]       Weak References               686 us, parallelism: 0.67x
[2026-04-03T02:59:53.953+0600][472.579s][info][gc,stats       ]         WRP: <total>                460 us
[2026-04-03T02:59:53.953+0600][472.579s][info][gc,stats       ]         WRP: Weak References        460 us, workers (us):  87,  36, 334,   1,   0,   0, 
[2026-04-03T02:59:53.953+0600][472.579s][info][gc,stats       ]       Unload Classes               1483 us, parallelism: 4.97x
[2026-04-03T02:59:53.953+0600][472.579s][info][gc,stats       ]         CU: <total>                7366 us
[2026-04-03T02:59:53.953+0600][472.579s][info][gc,stats       ]         CU: Unload Code Caches     7366 us, workers (us): 1285, 1216, 1224, 1211, 1203, 1227, 
[2026-04-03T02:59:53.953+0600][472.579s][info][gc,stats       ]       Weak Roots                    251 us, parallelism: 3.02x
[2026-04-03T02:59:53.953+0600][472.579s][info][gc,stats       ]         WR: <total>                 757 us
[2026-04-03T02:59:53.953+0600][472.579s][info][gc,stats       ]         WR: VM Weak Roots           757 us, workers (us): 192, 140, 115, 114, 106,  92, 
[2026-04-03T02:59:53.953+0600][472.579s][info][gc,stats       ]       CLDG                            9 us
[2026-04-03T02:59:53.953+0600][472.579s][info][gc,stats       ]   Calculate Addresses             80594 us
[2026-04-03T02:59:53.953+0600][472.579s][info][gc,stats       ]     Regular Objects               80494 us
[2026-04-03T02:59:53.953+0600][472.579s][info][gc,stats       ]     Humongous Objects                32 us
[2026-04-03T02:59:53.953+0600][472.579s][info][gc,stats       ]   Adjust Pointers                 98015 us
[2026-04-03T02:59:53.953+0600][472.579s][info][gc,stats       ]     FA: <total>                    7842 us
[2026-04-03T02:59:53.953+0600][472.579s][info][gc,stats       ]     FA: Thread Roots                657 us, workers (us):  63, 136, 147, 108, 103, 101, 
[2026-04-03T02:59:53.953+0600][472.579s][info][gc,stats       ]     FA: Code Cache Roots           5854 us, workers (us): 967, 857, 974, 994, 1032, 1030, 
[2026-04-03T02:59:53.953+0600][472.579s][info][gc,stats       ]     FA: VM Strong Roots              20 us, workers (us):  13,   4,   1,   1,   1,   1, 
[2026-04-03T02:59:53.953+0600][472.579s][info][gc,stats       ]     FA: VM Weak Roots               689 us, workers (us): 188, 191,  93,  89,  64,  63, 
[2026-04-03T02:59:53.953+0600][472.579s][info][gc,stats       ]     FA: CLDG Roots                  622 us, workers (us): 151, 189,  68,  80,  67,  67, 
[2026-04-03T02:59:53.953+0600][472.579s][info][gc,stats       ]   Copy Objects                    89334 us
[2026-04-03T02:59:53.953+0600][472.579s][info][gc,stats       ]     Regular Objects               88469 us
[2026-04-03T02:59:53.953+0600][472.579s][info][gc,stats       ]     Humongous Objects                21 us
[2026-04-03T02:59:53.953+0600][472.579s][info][gc,stats       ]     Reset Complete Bitmap           668 us
[2026-04-03T02:59:53.953+0600][472.579s][info][gc,stats       ]     Rebuild Region Sets             174 us
[2026-04-03T02:59:53.953+0600][472.579s][info][gc,stats       ]   Post Heap Dump                      1 us
[2026-04-03T02:59:53.953+0600][472.579s][info][gc,stats       ] 
[2026-04-03T02:59:53.953+0600][472.579s][info][gc,stats       ] Allocation pacing accrued:
[2026-04-03T02:59:53.953+0600][472.579s][info][gc,stats       ]       0 of  7839 ms (  0.0%): <total>
[2026-04-03T02:59:53.953+0600][472.579s][info][gc,stats       ]       0 of  7839 ms (  0.0%): <average total>
[2026-04-03T02:59:53.953+0600][472.579s][info][gc,stats       ] 
[2026-04-03T02:59:53.953+0600][472.579s][info][gc,metaspace   ] Metaspace: 49480K(49856K)->49481K(49856K) NonClass: 43295K(43520K)->43296K(43520K) Class: 6184K(6336K)->6184K(6336K)
[2026-04-03T02:59:53.953+0600][472.579s][info][gc,ergo        ] Pacer for Idle. Initial: 10240K, Alloc Tax Rate: 1.0x
[2026-04-03T02:59:53.954+0600][472.580s][info][gc             ] Trigger: Handle Allocation Failure
[2026-04-03T02:59:53.954+0600][472.580s][info][gc,ergo        ] Free: 0B, Max: 0B regular, 0B humongous, Frag: 0% external, 0% internal; Reserve: 18432K, Max: 256K
[2026-04-03T02:59:53.954+0600][472.580s][info][gc,start       ] GC(72) Pause Full
[2026-04-03T02:59:53.954+0600][472.580s][info][gc,task        ] GC(72) Using 6 of 6 workers for full gc
[2026-04-03T02:59:53.954+0600][472.580s][info][gc,phases,start] GC(72) Phase 1: Mark live objects
[2026-04-03T02:59:53.954+0600][472.581s][info][gc,ref         ] GC(72) Clearing All SoftReferences
[2026-04-03T02:59:53.954+0600][472.581s][info][gc,ref         ] GC(72) Clearing All SoftReferences
[2026-04-03T02:59:58.108+0600][476.734s][info][gc,ref         ] GC(72) Encountered references: Soft: 2442, Weak: 2735, Final: 74, Phantom: 586
[2026-04-03T02:59:58.108+0600][476.734s][info][gc,ref         ] GC(72) Discovered  references: Soft: 234, Weak: 1555, Final: 74, Phantom: 582
[2026-04-03T02:59:58.108+0600][476.734s][info][gc,ref         ] GC(72) Enqueued    references: Soft: 1, Weak: 4, Final: 0, Phantom: 0
[2026-04-03T02:59:58.109+0600][476.736s][info][gc,phases      ] GC(72) Phase 1: Mark live objects 4155.279ms
[2026-04-03T02:59:58.109+0600][476.736s][info][gc,phases,start] GC(72) Phase 2: Compute new object addresses
[2026-04-03T02:59:58.192+0600][476.818s][info][gc,phases      ] GC(72) Phase 2: Compute new object addresses 82.307ms
[2026-04-03T02:59:58.192+0600][476.818s][info][gc,phases,start] GC(72) Phase 3: Adjust pointers
[2026-04-03T02:59:58.289+0600][476.916s][info][gc,phases      ] GC(72) Phase 3: Adjust pointers 97.550ms
[2026-04-03T02:59:58.289+0600][476.916s][info][gc,phases,start] GC(72) Phase 4: Move objects
[2026-04-03T02:59:58.369+0600][476.996s][info][gc,phases      ] GC(72) Phase 4: Move objects 79.841ms
[2026-04-03T02:59:58.369+0600][476.996s][info][gc,ergo        ] GC(72) Bad progress for free space: 85544B, need 5120K
[2026-04-03T02:59:58.369+0600][476.996s][info][gc             ] GC(72) Pause Full 480M->480M(500M) 4415.595ms
[2026-04-03T02:59:58.370+0600][476.996s][info][gc,ergo        ] Free: 85544B, Max: 23200B regular, 0B humongous, Frag: 0% external, 99% internal; Reserve: 18432K, Max: 256K
[2026-04-03T02:59:58.370+0600][476.996s][info][gc,stats       ] 
[2026-04-03T02:59:58.370+0600][476.996s][info][gc,stats       ] All times are wall-clock times, except per-root-class counters, that are sum over
[2026-04-03T02:59:58.370+0600][476.996s][info][gc,stats       ] all workers. Dividing the <total> over the root stage time estimates parallelism.
[2026-04-03T02:59:58.370+0600][476.996s][info][gc,stats       ] 
[2026-04-03T02:59:58.370+0600][476.996s][info][gc,stats       ] Pause Full GC (G)               4415683 us
[2026-04-03T02:59:58.370+0600][476.996s][info][gc,stats       ] Pause Full GC (N)               4415604 us
[2026-04-03T02:59:58.370+0600][476.996s][info][gc,stats       ]   Pre Heap Dump                       0 us
[2026-04-03T02:59:58.370+0600][476.996s][info][gc,stats       ]   Prepare                           184 us
[2026-04-03T02:59:58.370+0600][476.996s][info][gc,stats       ]   Mark                          4155266 us, parallelism: 6.00x
[2026-04-03T02:59:58.370+0600][476.996s][info][gc,stats       ]     FM: <total>                24911518 us
[2026-04-03T02:59:58.370+0600][476.996s][info][gc,stats       ]     FM: Thread Roots                803 us, workers (us): 151, 138,  72, 159, 129, 155, 
[2026-04-03T02:59:58.370+0600][476.996s][info][gc,stats       ]     FM: VM Strong Roots              16 us, workers (us):   0,   7,   8,   0,   0,   0, 
[2026-04-03T02:59:58.370+0600][476.996s][info][gc,stats       ]     FM: CLDG Roots                  176 us, workers (us): 103,  26,  22,   6,  14,   5, 
[2026-04-03T02:59:58.370+0600][476.996s][info][gc,stats       ]     FM: Parallel Mark          24910524 us, workers (us): 4151791, 4151747, 4151717, 4151728, 4151817, 4151724, 
[2026-04-03T02:59:58.370+0600][476.996s][info][gc,stats       ]     System Purge                   2163 us
[2026-04-03T02:59:58.370+0600][476.996s][info][gc,stats       ]       Weak References               543 us, parallelism: 0.91x
[2026-04-03T02:59:58.370+0600][476.996s][info][gc,stats       ]         WRP: <total>                493 us
[2026-04-03T02:59:58.370+0600][476.996s][info][gc,stats       ]         WRP: Weak References        493 us, workers (us):  41,  55, 154, 242,   0,   0, 
[2026-04-03T02:59:58.370+0600][476.996s][info][gc,stats       ]       Unload Classes               1436 us, parallelism: 5.17x
[2026-04-03T02:59:58.370+0600][476.996s][info][gc             ] Failed to allocate TLAB, 2680B
[2026-04-03T02:59:58.370+0600][476.996s][info][gc             ] Cancelling GC: Allocation Failure
[2026-04-03T02:59:58.370+0600][476.996s][info][gc,stats       ]         CU: <total>                7423 us
[2026-04-03T02:59:58.370+0600][476.996s][info][gc,stats       ]         CU: Unload Code Caches     7423 us, workers (us): 1268, 1286, 1268, 1221, 1187, 1192, 
[2026-04-03T02:59:58.370+0600][476.996s][info][gc,stats       ]       Weak Roots                    168 us, parallelism: 2.90x
[2026-04-03T02:59:58.370+0600][476.996s][info][gc,stats       ]         WR: <total>                 488 us
[2026-04-03T02:59:58.370+0600][476.996s][info][gc,stats       ]         WR: VM Weak Roots           488 us, workers (us): 121, 117, 113,  55,  42,  40, 
[2026-04-03T02:59:58.370+0600][476.996s][info][gc,stats       ]       CLDG                            2 us
[2026-04-03T02:59:58.370+0600][476.996s][info][gc,stats       ]   Calculate Addresses             82299 us
[2026-04-03T02:59:58.370+0600][476.996s][info][gc,stats       ]     Regular Objects               82204 us
[2026-04-03T02:59:58.370+0600][476.996s][info][gc,stats       ]     Humongous Objects                29 us
[2026-04-03T02:59:58.370+0600][476.996s][info][gc,stats       ]   Adjust Pointers                 97540 us
[2026-04-03T02:59:58.370+0600][476.996s][info][gc,stats       ]     FA: <total>                    7370 us
[2026-04-03T02:59:58.370+0600][476.996s][info][gc,stats       ]     FA: Thread Roots                537 us, workers (us): 163,   4, 130, 144,   2,  95, 
[2026-04-03T02:59:58.370+0600][476.996s][info][gc,stats       ]     FA: Code Cache Roots           5675 us, workers (us): 858, 1195, 872, 807, 1021, 922, 
[2026-04-03T02:59:58.370+0600][476.996s][info][gc,stats       ]     FA: VM Strong Roots              16 us, workers (us):  12,   1,   1,   1,   1,   1, 
[2026-04-03T02:59:58.370+0600][476.996s][info][gc,stats       ]     FA: VM Weak Roots               615 us, workers (us): 180, 120,  80,  78,  79,  77, 
[2026-04-03T02:59:58.370+0600][476.996s][info][gc,stats       ]     FA: CLDG Roots                  527 us, workers (us):  57, 143,  66, 152,  54,  55, 
[2026-04-03T02:59:58.370+0600][476.996s][info][gc,stats       ]   Copy Objects                    79828 us
[2026-04-03T02:59:58.370+0600][476.996s][info][gc,stats       ]     Regular Objects               78874 us
[2026-04-03T02:59:58.370+0600][476.996s][info][gc,stats       ]     Humongous Objects                23 us
[2026-04-03T02:59:58.370+0600][476.996s][info][gc,stats       ]     Reset Complete Bitmap           745 us
[2026-04-03T02:59:58.370+0600][476.996s][info][gc,stats       ]     Rebuild Region Sets             184 us
[2026-04-03T02:59:58.370+0600][476.996s][info][gc,stats       ]   Post Heap Dump                      1 us
[2026-04-03T02:59:58.370+0600][476.996s][info][gc,stats       ] 
[2026-04-03T02:59:58.370+0600][476.996s][info][gc,stats       ] Allocation pacing accrued:
[2026-04-03T02:59:58.370+0600][476.996s][info][gc,stats       ]       0 of  4417 ms (  0.0%): <total>
[2026-04-03T02:59:58.370+0600][476.997s][info][gc,stats       ]       0 of  4417 ms (  0.0%): <average total>
[2026-04-03T02:59:58.370+0600][476.997s][info][gc,stats       ] 
[2026-04-03T02:59:58.370+0600][476.997s][info][gc,metaspace   ] Metaspace: 49481K(49856K)->49481K(49856K) NonClass: 43296K(43520K)->43296K(43520K) Class: 6184K(6336K)->6184K(6336K)
[2026-04-03T02:59:58.370+0600][476.997s][info][gc,ergo        ] Pacer for Idle. Initial: 10240K, Alloc Tax Rate: 1.0x
[2026-04-03T02:59:58.372+0600][476.999s][info][gc             ] Trigger: Handle Allocation Failure
[2026-04-03T02:59:58.372+0600][476.999s][info][gc,ergo        ] Free: 0B, Max: 0B regular, 0B humongous, Frag: 0% external, 0% internal; Reserve: 18432K, Max: 256K
[2026-04-03T02:59:58.372+0600][476.999s][info][gc,start       ] GC(73) Pause Degenerated GC (Outside of Cycle)
[2026-04-03T02:59:58.372+0600][476.999s][info][gc,task        ] GC(73) Using 6 of 6 workers for stw degenerated gc
[2026-04-03T02:59:58.373+0600][476.999s][info][gc,ref         ] GC(73) Clearing All SoftReferences
[2026-04-03T03:00:02.523+0600][481.149s][info][gc,ref         ] GC(73) Encountered references: Soft: 2442, Weak: 2733, Final: 74, Phantom: 586
[2026-04-03T03:00:02.523+0600][481.149s][info][gc,ref         ] GC(73) Discovered  references: Soft: 234, Weak: 1146, Final: 74, Phantom: 582
[2026-04-03T03:00:02.523+0600][481.149s][info][gc,ref         ] GC(73) Enqueued    references: Soft: 2, Weak: 0, Final: 0, Phantom: 0
[2026-04-03T03:00:02.525+0600][481.151s][info][gc,ergo        ] GC(73) Adaptive CSet Selection. Target Free: 72533K, Actual Free: 18432K, Max CSet: 21333K, Min Garbage: 54101K
[2026-04-03T03:00:02.525+0600][481.152s][info][gc,ergo        ] GC(73) Collectable Garbage: 22992B (100%), Immediate: 0B (0%), CSet: 22992B (100%)
[2026-04-03T03:00:02.531+0600][481.158s][info][gc             ] GC(73) Cancelling GC: Allocation Failure During Evacuation
[2026-04-03T03:00:02.533+0600][481.159s][info][gc             ] GC(73) Cannot finish degeneration, upgrading to Full GC
[2026-04-03T03:00:02.536+0600][481.162s][info][gc,phases,start] GC(73) Phase 1: Mark live objects
[2026-04-03T03:00:02.536+0600][481.162s][info][gc,ref         ] GC(73) Clearing All SoftReferences
[2026-04-03T03:00:02.536+0600][481.163s][info][gc,ref         ] GC(73) Clearing All SoftReferences
[2026-04-03T03:00:05.483+0600][484.109s][info][gc,ref         ] GC(73) Encountered references: Soft: 2440, Weak: 2733, Final: 74, Phantom: 586
[2026-04-03T03:00:05.483+0600][484.109s][info][gc,ref         ] GC(73) Discovered  references: Soft: 229, Weak: 1166, Final: 74, Phantom: 582
[2026-04-03T03:00:05.483+0600][484.109s][info][gc,ref         ] GC(73) Enqueued    references: Soft: 0, Weak: 0, Final: 0, Phantom: 0
[2026-04-03T03:00:05.484+0600][484.111s][info][gc,phases      ] GC(73) Phase 1: Mark live objects 2948.444ms
[2026-04-03T03:00:05.484+0600][484.111s][info][gc,phases,start] GC(73) Phase 2: Compute new object addresses
[2026-04-03T03:00:05.575+0600][484.202s][info][gc,phases      ] GC(73) Phase 2: Compute new object addresses 90.822ms
[2026-04-03T03:00:05.575+0600][484.202s][info][gc,phases,start] GC(73) Phase 3: Adjust pointers
[2026-04-03T03:00:05.673+0600][484.299s][info][gc,phases      ] GC(73) Phase 3: Adjust pointers 97.388ms
[2026-04-03T03:00:05.673+0600][484.299s][info][gc,phases,start] GC(73) Phase 4: Move objects
[2026-04-03T03:00:05.768+0600][484.394s][info][gc,phases      ] GC(73) Phase 4: Move objects 95.166ms
[2026-04-03T03:00:05.768+0600][484.394s][info][gc,ergo        ] GC(73) Bad progress for free space: 312K, need 5120K
[2026-04-03T03:00:05.768+0600][484.394s][info][gc             ] GC(73) Pause Degenerated GC (Outside of Cycle) 480M->480M(500M) 7395.776ms
[2026-04-03T03:00:05.768+0600][484.395s][info][gc,ergo        ] Free: 312K, Max: 76456B regular, 0B humongous, Frag: 0% external, 99% internal; Reserve: 18176K, Max: 256K
[2026-04-03T03:00:05.768+0600][484.395s][info][gc,stats       ] 
[2026-04-03T03:00:05.768+0600][484.395s][info][gc,stats       ] All times are wall-clock times, except per-root-class counters, that are sum over
[2026-04-03T03:00:05.768+0600][484.395s][info][gc,stats       ] all workers. Dividing the <total> over the root stage time estimates parallelism.
[2026-04-03T03:00:05.768+0600][484.395s][info][gc,stats       ] 
[2026-04-03T03:00:05.768+0600][484.395s][info][gc,stats       ] Pause Degenerated GC (G)        7395874 us
[2026-04-03T03:00:05.768+0600][484.395s][info][gc,stats       ] Pause Degenerated GC (N)        7395787 us
[2026-04-03T03:00:05.768+0600][484.395s][info][gc,stats       ]   Degen STW Mark                4149893 us, parallelism: 6.00x
[2026-04-03T03:00:05.768+0600][484.395s][info][gc,stats       ]     DSM: <total>               24892344 us
[2026-04-03T03:00:05.768+0600][484.395s][info][gc,stats       ]     DSM: Thread Roots              1008 us, workers (us): 198, 221, 124, 137, 132, 196, 
[2026-04-03T03:00:05.768+0600][484.395s][info][gc,stats       ]     DSM: VM Strong Roots             20 us, workers (us):   1,   1,   6,   7,   6,   0, 
[2026-04-03T03:00:05.768+0600][484.395s][info][gc,stats       ]     DSM: CLDG Roots                 243 us, workers (us): 139,   8,  34,  19,  24,  19, 
[2026-04-03T03:00:05.768+0600][484.395s][info][gc,stats       ]     DSM: Parallel Mark         24891072 us, workers (us): 4148545, 4148457, 4148517, 4148477, 4148475, 4148601, 
[2026-04-03T03:00:05.768+0600][484.395s][info][gc,stats       ]     System Purge                   2570 us
[2026-04-03T03:00:05.768+0600][484.395s][info][gc,stats       ]       Weak References               553 us, parallelism: 0.85x
[2026-04-03T03:00:05.768+0600][484.395s][info][gc,stats       ]         WRP: <total>                470 us
[2026-04-03T03:00:05.769+0600][484.395s][info][gc,stats       ]         WRP: Weak References        470 us, workers (us): 106, 144,  43, 159,  19,   0, 
[2026-04-03T03:00:05.769+0600][484.395s][info][gc,stats       ]       Unload Classes               1637 us, parallelism: 5.21x
[2026-04-03T03:00:05.769+0600][484.395s][info][gc,stats       ]         DCU: <total>               8533 us
[2026-04-03T03:00:05.769+0600][484.395s][info][gc,stats       ]         DCU: Unload Code Caches     8533 us, workers (us): 1505, 1403, 1425, 1401, 1408, 1390, 
[2026-04-03T03:00:05.769+0600][484.395s][info][gc,stats       ]       Weak Roots                    348 us, parallelism: 1.88x
[2026-04-03T03:00:05.769+0600][484.395s][info][gc,stats       ]         DWR: <total>                653 us
[2026-04-03T03:00:05.769+0600][484.395s][info][gc,stats       ]         DWR: VM Weak Roots          653 us, workers (us): 194,  97,  97,  96,  94,  75, 
[2026-04-03T03:00:05.769+0600][484.395s][info][gc,stats       ]       CLDG                            5 us
[2026-04-03T03:00:05.769+0600][484.395s][info][gc,stats       ]   Update Region States               70 us
[2026-04-03T03:00:05.769+0600][484.395s][info][gc,stats       ]   Manage GC/TLABs                    10 us
[2026-04-03T03:00:05.769+0600][484.395s][info][gc,stats       ]   Choose Collection Set             243 us
[2026-04-03T03:00:05.769+0600][484.395s][info][gc,stats       ]   Rebuild Free Set                   43 us
[2026-04-03T03:00:05.769+0600][484.395s][info][gc,stats       ]   Evacuation                       7179 us
[2026-04-03T03:00:05.769+0600][484.395s][info][gc,stats       ]   Pre Heap Dump                       2 us
[2026-04-03T03:00:05.769+0600][484.395s][info][gc,stats       ]   Prepare                          2942 us
[2026-04-03T03:00:05.769+0600][484.395s][info][gc,stats       ]     Update Roots                   1891 us, parallelism: 4.73x
[2026-04-03T03:00:05.769+0600][484.395s][info][gc,stats       ]       FU: <total>                  8948 us
[2026-04-03T03:00:05.769+0600][484.395s][info][gc,stats       ]       FU: Thread Roots              650 us, workers (us): 169,  82,  46,   3,  87, 263, 
[2026-04-03T03:00:05.769+0600][484.395s][info][gc,stats       ]       FU: Code Cache Roots         6914 us, workers (us): 1071, 1156, 1122, 1401, 1143, 1021, 
[2026-04-03T03:00:05.769+0600][484.395s][info][gc,stats       ]       FU: VM Strong Roots            17 us, workers (us):  13,   1,   1,   0,   1,   1, 
[2026-04-03T03:00:05.769+0600][484.395s][info][gc,stats       ]       FU: VM Weak Roots             753 us, workers (us): 172, 127, 128, 129, 112,  84, 
[2026-04-03T03:00:05.769+0600][484.395s][info][gc,stats       ]       FU: CLDG Roots                613 us, workers (us):  76,  76, 168, 136,  82,  75, 
[2026-04-03T03:00:05.769+0600][484.395s][info][gc,stats       ]   Mark                          2948371 us, parallelism: 5.99x
[2026-04-03T03:00:05.769+0600][484.395s][info][gc,stats       ]     FM: <total>                17673070 us
[2026-04-03T03:00:05.769+0600][484.395s][info][gc,stats       ]     FM: Thread Roots                938 us, workers (us): 176, 179, 160, 159, 135, 130, 
[2026-04-03T03:00:05.769+0600][484.395s][info][gc,stats       ]     FM: VM Strong Roots              21 us, workers (us):   1,   1,  10,   9,   0,   0, 
[2026-04-03T03:00:05.769+0600][484.395s][info][gc,stats       ]     FM: CLDG Roots                  298 us, workers (us):  40,  31,   8,   8, 191,  20, 
[2026-04-03T03:00:05.769+0600][484.395s][info][gc,stats       ]     FM: Parallel Mark          17671813 us, workers (us): 2945049, 2945396, 2945410, 2945406, 2945262, 2945290, 
[2026-04-03T03:00:05.769+0600][484.395s][info][gc,stats       ]     System Purge                   1797 us
[2026-04-03T03:00:05.769+0600][484.395s][info][gc,stats       ]       Weak References               322 us, parallelism: 0.75x
[2026-04-03T03:00:05.769+0600][484.395s][info][gc,stats       ]         WRP: <total>                241 us
[2026-04-03T03:00:05.769+0600][484.395s][info][gc,stats       ]         WRP: Weak References        241 us, workers (us):  16, 111,  22,  20,  27,  45, 
[2026-04-03T03:00:05.769+0600][484.395s][info][gc,stats       ]       Unload Classes               1276 us, parallelism: 5.11x
[2026-04-03T03:00:05.769+0600][484.395s][info][gc,stats       ]         CU: <total>                6514 us
[2026-04-03T03:00:05.769+0600][484.395s][info][gc,stats       ]         CU: Unload Code Caches     6514 us, workers (us): 1126, 1135, 1072, 1076, 1050, 1054, 
[2026-04-03T03:00:05.769+0600][484.395s][info][gc,stats       ]       Weak Roots                    182 us, parallelism: 3.07x
[2026-04-03T03:00:05.769+0600][484.395s][info][gc,stats       ]         WR: <total>                 557 us
[2026-04-03T03:00:05.769+0600][484.395s][info][gc,stats       ]         WR: VM Weak Roots           557 us, workers (us): 132, 104,  85,  79,  78,  78, 
[2026-04-03T03:00:05.769+0600][484.395s][info][gc,stats       ]       CLDG                            2 us
[2026-04-03T03:00:05.769+0600][484.395s][info][gc,stats       ]   Calculate Addresses             90813 us
[2026-04-03T03:00:05.769+0600][484.395s][info][gc,stats       ]     Regular Objects               90727 us
[2026-04-03T03:00:05.769+0600][484.395s][info][gc,stats       ]     Humongous Objects                26 us
[2026-04-03T03:00:05.769+0600][484.395s][info][gc,stats       ]   Adjust Pointers                 97376 us
[2026-04-03T03:00:05.769+0600][484.395s][info][gc,stats       ]     FA: <total>                    6806 us
[2026-04-03T03:00:05.769+0600][484.395s][info][gc,stats       ]     FA: Thread Roots                505 us, workers (us):  60,  86, 188,  47,  75,  49, 
[2026-04-03T03:00:05.769+0600][484.395s][info][gc,stats       ]     FA: Code Cache Roots           5136 us, workers (us): 875, 764, 774, 922, 894, 906, 
[2026-04-03T03:00:05.769+0600][484.395s][info][gc,stats       ]     FA: VM Strong Roots              15 us, workers (us):  11,   1,   1,   1,   1,   1, 
[2026-04-03T03:00:05.769+0600][484.395s][info][gc,stats       ]     FA: VM Weak Roots               590 us, workers (us): 163, 145,  86,  86,  85,  25, 
[2026-04-03T03:00:05.769+0600][484.395s][info][gc,stats       ]     FA: CLDG Roots                  560 us, workers (us): 121, 177,  60,  62,  61,  79, 
[2026-04-03T03:00:05.769+0600][484.395s][info][gc,stats       ]   Copy Objects                    95152 us
[2026-04-03T03:00:05.769+0600][484.395s][info][gc,stats       ]     Regular Objects               94231 us
[2026-04-03T03:00:05.769+0600][484.395s][info][gc,stats       ]     Humongous Objects                23 us
[2026-04-03T03:00:05.769+0600][484.395s][info][gc,stats       ]     Reset Complete Bitmap           717 us
[2026-04-03T03:00:05.769+0600][484.395s][info][gc,stats       ]     Rebuild Region Sets             178 us
[2026-04-03T03:00:05.769+0600][484.395s][info][gc,stats       ]   Post Heap Dump                      1 us
[2026-04-03T03:00:05.769+0600][484.395s][info][gc,stats       ] 
[2026-04-03T03:00:05.769+0600][484.395s][info][gc,stats       ] Allocation pacing accrued:
[2026-04-03T03:00:05.769+0600][484.395s][info][gc             ] Failed to allocate Shared, 31760B
[2026-04-03T03:00:05.769+0600][484.395s][info][gc,stats       ]       0 of  7399 ms (  0.0%): <total>
[2026-04-03T03:00:05.769+0600][484.395s][info][gc,stats       ]       0 of  7399 ms (  0.0%): <average total>
[2026-04-03T03:00:05.769+0600][484.395s][info][gc,stats       ] 
[2026-04-03T03:00:05.769+0600][484.396s][info][gc             ] Cancelling GC: Allocation Failure
[2026-04-03T03:00:05.769+0600][484.396s][info][gc,metaspace   ] Metaspace: 49481K(49856K)->49490K(49856K) NonClass: 43296K(43520K)->43303K(43520K) Class: 6184K(6336K)->6187K(6336K)
[2026-04-03T03:00:05.770+0600][484.396s][info][gc,ergo        ] Pacer for Idle. Initial: 10240K, Alloc Tax Rate: 1.0x
[2026-04-03T03:00:05.771+0600][484.397s][info][gc             ] Trigger: Handle Allocation Failure
[2026-04-03T03:00:05.771+0600][484.397s][info][gc,ergo        ] Free: 0B, Max: 0B regular, 0B humongous, Frag: 0% external, 0% internal; Reserve: 18176K, Max: 256K
[2026-04-03T03:00:05.771+0600][484.397s][info][gc,start       ] GC(74) Pause Degenerated GC (Outside of Cycle)
[2026-04-03T03:00:05.771+0600][484.397s][info][gc,task        ] GC(74) Using 6 of 6 workers for stw degenerated gc
[2026-04-03T03:00:05.771+0600][484.398s][info][gc,ref         ] GC(74) Clearing All SoftReferences
[2026-04-03T03:00:09.623+0600][488.250s][info][gc,ref         ] GC(74) Encountered references: Soft: 2442, Weak: 2745, Final: 74, Phantom: 587
[2026-04-03T03:00:09.623+0600][488.250s][info][gc,ref         ] GC(74) Discovered  references: Soft: 232, Weak: 1479, Final: 74, Phantom: 219
[2026-04-03T03:00:09.623+0600][488.250s][info][gc,ref         ] GC(74) Enqueued    references: Soft: 2, Weak: 6, Final: 0, Phantom: 0
[2026-04-03T03:00:09.625+0600][488.252s][info][gc,ergo        ] GC(74) Adaptive CSet Selection. Target Free: 72533K, Actual Free: 18176K, Max CSet: 21333K, Min Garbage: 54357K
[2026-04-03T03:00:09.625+0600][488.252s][info][gc,ergo        ] GC(74) Collectable Garbage: 111K (100%), Immediate: 0B (0%), CSet: 111K (100%)
[2026-04-03T03:00:09.631+0600][488.257s][info][gc             ] GC(74) Cancelling GC: Allocation Failure During Evacuation
[2026-04-03T03:00:09.632+0600][488.258s][info][gc             ] GC(74) Cannot finish degeneration, upgrading to Full GC
[2026-04-03T03:00:09.635+0600][488.261s][info][gc,phases,start] GC(74) Phase 1: Mark live objects
[2026-04-03T03:00:09.635+0600][488.262s][info][gc,ref         ] GC(74) Clearing All SoftReferences
[2026-04-03T03:00:09.635+0600][488.262s][info][gc,ref         ] GC(74) Clearing All SoftReferences
[2026-04-03T03:00:13.644+0600][492.270s][info][gc,ref         ] GC(74) Encountered references: Soft: 2440, Weak: 2739, Final: 74, Phantom: 587
[2026-04-03T03:00:13.644+0600][492.270s][info][gc,ref         ] GC(74) Discovered  references: Soft: 237, Weak: 1509, Final: 74, Phantom: 219
[2026-04-03T03:00:13.644+0600][492.270s][info][gc,ref         ] GC(74) Enqueued    references: Soft: 0, Weak: 0, Final: 0, Phantom: 0
[2026-04-03T03:00:13.646+0600][492.272s][info][gc,phases      ] GC(74) Phase 1: Mark live objects 4010.399ms
[2026-04-03T03:00:13.646+0600][492.272s][info][gc,phases,start] GC(74) Phase 2: Compute new object addresses
[2026-04-03T03:00:13.731+0600][492.357s][info][gc,phases      ] GC(74) Phase 2: Compute new object addresses 85.206ms
[2026-04-03T03:00:13.731+0600][492.357s][info][gc,phases,start] GC(74) Phase 3: Adjust pointers
[2026-04-03T03:00:13.831+0600][492.457s][info][gc,phases      ] GC(74) Phase 3: Adjust pointers 99.776ms
[2026-04-03T03:00:13.831+0600][492.457s][info][gc,phases,start] GC(74) Phase 4: Move objects
[2026-04-03T03:00:13.924+0600][492.551s][info][gc,phases      ] GC(74) Phase 4: Move objects 93.746ms
[2026-04-03T03:00:13.925+0600][492.551s][info][gc,ergo        ] GC(74) Bad progress for free space: 158K, need 5120K
[2026-04-03T03:00:13.925+0600][492.551s][info][gc             ] GC(74) Pause Degenerated GC (Outside of Cycle) 480M->480M(500M) 8153.708ms
[2026-04-03T03:00:13.925+0600][492.551s][info][gc,ergo        ] Free: 139K, Max: 63224B regular, 0B humongous, Frag: 0% external, 99% internal; Reserve: 18176K, Max: 256K
[2026-04-03T03:00:13.925+0600][492.551s][info][gc,stats       ] 
[2026-04-03T03:00:13.925+0600][492.551s][info][gc,stats       ] All times are wall-clock times, except per-root-class counters, that are sum over
[2026-04-03T03:00:13.925+0600][492.551s][info][gc,stats       ] all workers. Dividing the <total> over the root stage time estimates parallelism.
[2026-04-03T03:00:13.925+0600][492.551s][info][gc,stats       ] 
[2026-04-03T03:00:13.925+0600][492.551s][info][gc,stats       ] Pause Degenerated GC (G)        8153909 us
[2026-04-03T03:00:13.925+0600][492.551s][info][gc,stats       ] Pause Degenerated GC (N)        8153719 us
[2026-04-03T03:00:13.925+0600][492.551s][info][gc,stats       ]   Degen STW Mark                3851525 us, parallelism: 6.00x
[2026-04-03T03:00:13.925+0600][492.551s][info][gc,stats       ]     DSM: <total>               23101115 us
[2026-04-03T03:00:13.925+0600][492.551s][info][gc,stats       ]     DSM: Thread Roots              1032 us, workers (us): 298, 153, 193, 164,  84, 141, 
[2026-04-03T03:00:13.925+0600][492.551s][info][gc,stats       ]     DSM: VM Strong Roots             15 us, workers (us):   0,  13,   0,   0,   0,   0, 
[2026-04-03T03:00:13.925+0600][492.551s][info][gc,stats       ]     DSM: CLDG Roots                 228 us, workers (us):  21,  23,  15,   6, 147,  15, 
[2026-04-03T03:00:13.925+0600][492.552s][info][gc,stats       ]     DSM: Parallel Mark         23099841 us, workers (us): 3850003, 3850049, 3849903, 3849830, 3850029, 3850027, 
[2026-04-03T03:00:13.925+0600][492.552s][info][gc,stats       ]     System Purge                   2374 us
[2026-04-03T03:00:13.925+0600][492.552s][info][gc,stats       ]       Weak References               617 us, parallelism: 0.69x
[2026-04-03T03:00:13.925+0600][492.552s][info][gc,stats       ]         WRP: <total>                427 us
[2026-04-03T03:00:13.925+0600][492.552s][info][gc,stats       ]         WRP: Weak References        427 us, workers (us):  53, 337,  36,   1,   0,   0, 
[2026-04-03T03:00:13.925+0600][492.552s][info][gc,stats       ]       Unload Classes               1493 us, parallelism: 5.10x
[2026-04-03T03:00:13.925+0600][492.552s][info][gc,stats       ]         DCU: <total>               7611 us
[2026-04-03T03:00:13.925+0600][492.552s][info][gc,stats       ]         DCU: Unload Code Caches     7611 us, workers (us): 1331, 1297, 1316, 1250, 1209, 1208, 
[2026-04-03T03:00:13.925+0600][492.552s][info][gc             ] Failed to allocate Shared, 11920B
[2026-04-03T03:00:13.925+0600][492.552s][info][gc             ] Cancelling GC: Allocation Failure
[2026-04-03T03:00:13.925+0600][492.552s][info][gc,stats       ]       Weak Roots                    228 us, parallelism: 2.14x
[2026-04-03T03:00:13.925+0600][492.552s][info][gc,stats       ]         DWR: <total>                487 us
[2026-04-03T03:00:13.925+0600][492.552s][info][gc,stats       ]         DWR: VM Weak Roots          487 us, workers (us): 171, 107,  82,  61,  33,  33, 
[2026-04-03T03:00:13.925+0600][492.552s][info][gc,stats       ]       CLDG                            4 us
[2026-04-03T03:00:13.925+0600][492.552s][info][gc,stats       ]   Update Region States               38 us
[2026-04-03T03:00:13.925+0600][492.552s][info][gc,stats       ]   Manage GC/TLABs                     8 us
[2026-04-03T03:00:13.925+0600][492.552s][info][gc,stats       ]   Choose Collection Set             174 us
[2026-04-03T03:00:13.925+0600][492.552s][info][gc,stats       ]   Rebuild Free Set                   40 us
[2026-04-03T03:00:13.925+0600][492.552s][info][gc,stats       ]   Evacuation                       6273 us
[2026-04-03T03:00:13.925+0600][492.552s][info][gc,stats       ]   Pre Heap Dump                       1 us
[2026-04-03T03:00:13.925+0600][492.552s][info][gc,stats       ]   Prepare                          3007 us
[2026-04-03T03:00:13.925+0600][492.552s][info][gc,stats       ]     Update Roots                   2000 us, parallelism: 4.51x
[2026-04-03T03:00:13.925+0600][492.552s][info][gc,stats       ]       FU: <total>                  9028 us
[2026-04-03T03:00:13.925+0600][492.552s][info][gc,stats       ]       FU: Thread Roots              780 us, workers (us): 210, 162, 167, 185,  53,   3, 
[2026-04-03T03:00:13.925+0600][492.552s][info][gc,stats       ]       FU: Code Cache Roots         6973 us, workers (us): 989, 1101, 1115, 1076, 1222, 1470, 
[2026-04-03T03:00:13.925+0600][492.552s][info][gc,stats       ]       FU: VM Strong Roots            13 us, workers (us):   9,   1,   1,   1,   1,   1, 
[2026-04-03T03:00:13.925+0600][492.552s][info][gc,stats       ]       FU: VM Weak Roots             638 us, workers (us): 196, 191, 101,  70,  41,  39, 
[2026-04-03T03:00:13.925+0600][492.552s][info][gc,stats       ]       FU: CLDG Roots                624 us, workers (us): 151,  85,  81,  82,  81, 144, 
[2026-04-03T03:00:13.925+0600][492.552s][info][gc,stats       ]   Mark                          4010323 us, parallelism: 5.99x
[2026-04-03T03:00:13.925+0600][492.552s][info][gc,stats       ]     FM: <total>                24041591 us
[2026-04-03T03:00:13.925+0600][492.552s][info][gc,stats       ]     FM: Thread Roots                787 us, workers (us): 229, 204, 145, 105,  54,  49, 
[2026-04-03T03:00:13.925+0600][492.552s][info][gc,stats       ]     FM: VM Strong Roots              22 us, workers (us):   6,   8,   0,   0,   8,   0, 
[2026-04-03T03:00:13.925+0600][492.552s][info][gc,stats       ]     FM: CLDG Roots                  316 us, workers (us):  11,  29,   8,  24,  32, 212, 
[2026-04-03T03:00:13.926+0600][492.552s][info][gc,stats       ]     FM: Parallel Mark          24040465 us, workers (us): 4006772, 4006725, 4006855, 4006869, 4006762, 4006483, 
[2026-04-03T03:00:13.926+0600][492.552s][info][gc,stats       ]     System Purge                   2279 us
[2026-04-03T03:00:13.926+0600][492.552s][info][gc,stats       ]       Weak References               446 us, parallelism: 0.84x
[2026-04-03T03:00:13.926+0600][492.552s][info][gc,stats       ]         WRP: <total>                375 us
[2026-04-03T03:00:13.926+0600][492.552s][info][gc,stats       ]         WRP: Weak References        375 us, workers (us):  83,  38,  17,  10, 227,   0, 
[2026-04-03T03:00:13.926+0600][492.552s][info][gc,stats       ]       Unload Classes               1616 us, parallelism: 4.89x
[2026-04-03T03:00:13.926+0600][492.552s][info][gc,stats       ]         CU: <total>                7902 us
[2026-04-03T03:00:13.926+0600][492.552s][info][gc,stats       ]         CU: Unload Code Caches     7902 us, workers (us): 1389, 1337, 1288, 1299, 1291, 1299, 
[2026-04-03T03:00:13.926+0600][492.552s][info][gc,stats       ]       Weak Roots                    196 us, parallelism: 3.79x
[2026-04-03T03:00:13.926+0600][492.552s][info][gc,stats       ]         WR: <total>                 744 us
[2026-04-03T03:00:13.926+0600][492.552s][info][gc,stats       ]         WR: VM Weak Roots           744 us, workers (us): 146, 145, 135, 117, 113,  88, 
[2026-04-03T03:00:13.926+0600][492.552s][info][gc,stats       ]       CLDG                            2 us
[2026-04-03T03:00:13.926+0600][492.552s][info][gc,stats       ]   Calculate Addresses             85198 us
[2026-04-03T03:00:13.926+0600][492.552s][info][gc,stats       ]     Regular Objects               85100 us
[2026-04-03T03:00:13.926+0600][492.552s][info][gc,stats       ]     Humongous Objects                29 us
[2026-04-03T03:00:13.926+0600][492.552s][info][gc,stats       ]   Adjust Pointers                 99764 us
[2026-04-03T03:00:13.926+0600][492.552s][info][gc,stats       ]     FA: <total>                    7341 us
[2026-04-03T03:00:13.926+0600][492.552s][info][gc,stats       ]     FA: Thread Roots                553 us, workers (us): 154, 205,   2,  77,   4, 112, 
[2026-04-03T03:00:13.926+0600][492.552s][info][gc,stats       ]     FA: Code Cache Roots           5731 us, workers (us): 777, 818, 1050, 961, 1225, 899, 
[2026-04-03T03:00:13.926+0600][492.552s][info][gc,stats       ]     FA: VM Strong Roots              19 us, workers (us):   9,   7,   1,   1,   1,   1, 
[2026-04-03T03:00:13.926+0600][492.552s][info][gc,stats       ]     FA: VM Weak Roots               624 us, workers (us): 161, 164,  90,  91,  73,  44, 
[2026-04-03T03:00:13.926+0600][492.552s][info][gc,stats       ]     FA: CLDG Roots                  416 us, workers (us): 134,  32,  36,  38, 129,  46, 
[2026-04-03T03:00:13.926+0600][492.552s][info][gc,stats       ]   Copy Objects                    93733 us
[2026-04-03T03:00:13.926+0600][492.552s][info][gc,stats       ]     Regular Objects               92848 us
[2026-04-03T03:00:13.926+0600][492.552s][info][gc,stats       ]     Humongous Objects                22 us
[2026-04-03T03:00:13.926+0600][492.552s][info][gc,stats       ]     Reset Complete Bitmap           682 us
[2026-04-03T03:00:13.926+0600][492.552s][info][gc,stats       ]     Rebuild Region Sets             179 us
[2026-04-03T03:00:13.926+0600][492.552s][info][gc,stats       ]   Post Heap Dump                      1 us
[2026-04-03T03:00:13.926+0600][492.552s][info][gc,stats       ] 
[2026-04-03T03:00:13.926+0600][492.552s][info][gc,stats       ] Allocation pacing accrued:
[2026-04-03T03:00:13.926+0600][492.552s][info][gc,stats       ]       0 of  8157 ms (  0.0%): <total>
[2026-04-03T03:00:13.926+0600][492.552s][info][gc,stats       ]       0 of  8157 ms (  0.0%): <average total>
[2026-04-03T03:00:13.926+0600][492.552s][info][gc,stats       ] 
[2026-04-03T03:00:13.926+0600][492.552s][info][gc,metaspace   ] Metaspace: 49491K(49856K)->49491K(49856K) NonClass: 43303K(43520K)->43304K(43520K) Class: 6187K(6336K)->6187K(6336K)
[2026-04-03T03:00:13.926+0600][492.552s][info][gc,ergo        ] Pacer for Idle. Initial: 10240K, Alloc Tax Rate: 1.0x
[2026-04-03T03:00:13.927+0600][492.553s][info][gc             ] Trigger: Handle Allocation Failure
[2026-04-03T03:00:13.927+0600][492.553s][info][gc,ergo        ] Free: 0B, Max: 0B regular, 0B humongous, Frag: 0% external, 0% internal; Reserve: 18176K, Max: 256K
[2026-04-03T03:00:13.927+0600][492.553s][info][gc,start       ] GC(75) Pause Degenerated GC (Outside of Cycle)
[2026-04-03T03:00:13.927+0600][492.554s][info][gc,task        ] GC(75) Using 6 of 6 workers for stw degenerated gc
[2026-04-03T03:00:13.928+0600][492.554s][info][gc,ref         ] GC(75) Clearing All SoftReferences
[2026-04-03T03:00:18.202+0600][496.829s][info][gc,ref         ] GC(75) Encountered references: Soft: 2440, Weak: 2741, Final: 74, Phantom: 587
[2026-04-03T03:00:18.202+0600][496.829s][info][gc,ref         ] GC(75) Discovered  references: Soft: 233, Weak: 1456, Final: 74, Phantom: 218
[2026-04-03T03:00:18.202+0600][496.829s][info][gc,ref         ] GC(75) Enqueued    references: Soft: 0, Weak: 0, Final: 0, Phantom: 0
[2026-04-03T03:00:18.204+0600][496.831s][info][gc,ergo        ] GC(75) Adaptive CSet Selection. Target Free: 72533K, Actual Free: 18176K, Max CSet: 21333K, Min Garbage: 54357K
[2026-04-03T03:00:18.204+0600][496.831s][info][gc,ergo        ] GC(75) Collectable Garbage: 64576B (100%), Immediate: 0B (0%), CSet: 64576B (100%)
[2026-04-03T03:00:18.210+0600][496.836s][info][gc             ] GC(75) Cancelling GC: Allocation Failure During Evacuation
[2026-04-03T03:00:18.211+0600][496.837s][info][gc             ] GC(75) Cannot finish degeneration, upgrading to Full GC
[2026-04-03T03:00:18.214+0600][496.840s][info][gc,phases,start] GC(75) Phase 1: Mark live objects
[2026-04-03T03:00:18.214+0600][496.840s][info][gc,ref         ] GC(75) Clearing All SoftReferences
[2026-04-03T03:00:18.214+0600][496.840s][info][gc,ref         ] GC(75) Clearing All SoftReferences
[2026-04-03T03:00:22.423+0600][501.049s][info][gc,ref         ] GC(75) Encountered references: Soft: 2440, Weak: 2741, Final: 74, Phantom: 587
[2026-04-03T03:00:22.423+0600][501.049s][info][gc,ref         ] GC(75) Discovered  references: Soft: 230, Weak: 1207, Final: 74, Phantom: 218
[2026-04-03T03:00:22.423+0600][501.049s][info][gc,ref         ] GC(75) Enqueued    references: Soft: 0, Weak: 0, Final: 0, Phantom: 0
[2026-04-03T03:00:22.425+0600][501.051s][info][gc,phases      ] GC(75) Phase 1: Mark live objects 4211.099ms
[2026-04-03T03:00:22.425+0600][501.051s][info][gc,phases,start] GC(75) Phase 2: Compute new object addresses
[2026-04-03T03:00:22.507+0600][501.133s][info][gc,phases      ] GC(75) Phase 2: Compute new object addresses 81.960ms
[2026-04-03T03:00:22.507+0600][501.133s][info][gc,phases,start] GC(75) Phase 3: Adjust pointers
[2026-04-03T03:00:22.607+0600][501.233s][info][gc,phases      ] GC(75) Phase 3: Adjust pointers 99.663ms
[2026-04-03T03:00:22.607+0600][501.233s][info][gc,phases,start] GC(75) Phase 4: Move objects
[2026-04-03T03:00:22.696+0600][501.322s][info][gc,phases      ] GC(75) Phase 4: Move objects 88.977ms
[2026-04-03T03:00:22.696+0600][501.323s][info][gc,ergo        ] GC(75) Bad progress for free space: 360K, need 5120K
[2026-04-03T03:00:22.696+0600][501.323s][info][gc             ] GC(75) Pause Degenerated GC (Outside of Cycle) 480M->480M(500M) 8769.323ms
[2026-04-03T03:00:22.697+0600][501.323s][info][gc,ergo        ] Free: 328K, Max: 117K regular, 0B humongous, Frag: 0% external, 99% internal; Reserve: 17920K, Max: 256K
[2026-04-03T03:00:22.697+0600][501.323s][info][gc,stats       ] 
[2026-04-03T03:00:22.697+0600][501.323s][info][gc,stats       ] All times are wall-clock times, except per-root-class counters, that are sum over
[2026-04-03T03:00:22.697+0600][501.323s][info][gc,stats       ] all workers. Dividing the <total> over the root stage time estimates parallelism.
[2026-04-03T03:00:22.697+0600][501.323s][info][gc,stats       ] 
[2026-04-03T03:00:22.697+0600][501.323s][info][gc,stats       ] Pause Degenerated GC (G)        8769679 us
[2026-04-03T03:00:22.697+0600][501.323s][info][gc,stats       ] Pause Degenerated GC (N)        8769337 us
[2026-04-03T03:00:22.697+0600][501.323s][info][gc,stats       ]   Degen STW Mark                4274249 us, parallelism: 6.00x
[2026-04-03T03:00:22.697+0600][501.323s][info][gc,stats       ]     DSM: <total>               25638704 us
[2026-04-03T03:00:22.697+0600][501.323s][info][gc,stats       ]     DSM: Thread Roots               716 us, workers (us): 188, 128, 126, 121,  59,  94, 
[2026-04-03T03:00:22.697+0600][501.323s][info][gc,stats       ]     DSM: VM Strong Roots             20 us, workers (us):   0,   8,   0,   0,   7,   5, 
[2026-04-03T03:00:22.697+0600][501.323s][info][gc,stats       ]     DSM: CLDG Roots                 273 us, workers (us):   9,  36, 171,  15,  37,   5, 
[2026-04-03T03:00:22.697+0600][501.323s][info][gc,stats       ]     DSM: Parallel Mark         25637695 us, workers (us): 4272859, 4272974, 4272732, 4272950, 4273088, 4273093, 
[2026-04-03T03:00:22.697+0600][501.323s][info][gc,stats       ]     System Purge                   2394 us
[2026-04-03T03:00:22.697+0600][501.323s][info][gc,stats       ]       Weak References               627 us, parallelism: 0.70x
[2026-04-03T03:00:22.697+0600][501.323s][info][gc,stats       ]         WRP: <total>                439 us
[2026-04-03T03:00:22.697+0600][501.323s][info][gc,stats       ]         WRP: Weak References        439 us, workers (us): 341,  56,  41,   0,   0,   0, 
[2026-04-03T03:00:22.697+0600][501.323s][info][gc,stats       ]       Unload Classes               1561 us, parallelism: 4.82x
[2026-04-03T03:00:22.697+0600][501.323s][info][gc,stats       ]         DCU: <total>               7518 us
[2026-04-03T03:00:22.697+0600][501.323s][info][gc,stats       ]         DCU: Unload Code Caches     7518 us, workers (us): 1288, 1287, 1259, 1235, 1224, 1225, 
[2026-04-03T03:00:22.697+0600][501.323s][info][gc,stats       ]       Weak Roots                    188 us, parallelism: 2.66x
[2026-04-03T03:00:22.697+0600][501.323s][info][gc,stats       ]         DWR: <total>                501 us
[2026-04-03T03:00:22.697+0600][501.323s][info][gc,stats       ]         DWR: VM Weak Roots          501 us, workers (us): 133, 132,  74,  68,  69,  25, 
[2026-04-03T03:00:22.697+0600][501.323s][info][gc,stats       ]       CLDG                            3 us
[2026-04-03T03:00:22.697+0600][501.323s][info][gc,stats       ]   Update Region States               40 us
[2026-04-03T03:00:22.697+0600][501.323s][info][gc,stats       ]   Manage GC/TLABs                     8 us
[2026-04-03T03:00:22.697+0600][501.323s][info][gc,stats       ]   Choose Collection Set             180 us
[2026-04-03T03:00:22.697+0600][501.323s][info][gc,stats       ]   Rebuild Free Set                   41 us
[2026-04-03T03:00:22.697+0600][501.323s][info][gc,stats       ]   Evacuation                       6423 us
[2026-04-03T03:00:22.697+0600][501.323s][info][gc,stats       ]   Pre Heap Dump                       2 us
[2026-04-03T03:00:22.697+0600][501.323s][info][gc,stats       ]   Prepare                          2766 us
[2026-04-03T03:00:22.697+0600][501.323s][info][gc,stats       ]     Update Roots                   1759 us, parallelism: 5.19x
[2026-04-03T03:00:22.697+0600][501.323s][info][gc,stats       ]       FU: <total>                  9121 us
[2026-04-03T03:00:22.697+0600][501.323s][info][gc,stats       ]       FU: Thread Roots              749 us, workers (us): 203, 162,  47, 105,   8, 224, 
[2026-04-03T03:00:22.697+0600][501.323s][info][gc             ] Failed to allocate TLAB, 2656B
[2026-04-03T03:00:22.697+0600][501.324s][info][gc             ] Cancelling GC: Allocation Failure
[2026-04-03T03:00:22.697+0600][501.323s][info][gc,stats       ]       FU: Code Cache Roots         7103 us, workers (us): 1112, 1198, 1196, 1203, 1298, 1094, 
[2026-04-03T03:00:22.697+0600][501.324s][info][gc,stats       ]       FU: VM Strong Roots            15 us, workers (us):  11,   1,   0,   1,   1,   1, 
[2026-04-03T03:00:22.697+0600][501.324s][info][gc,stats       ]       FU: VM Weak Roots             646 us, workers (us): 166, 124, 114,  90,  77,  77, 
[2026-04-03T03:00:22.697+0600][501.324s][info][gc,stats       ]       FU: CLDG Roots                608 us, workers (us):  79,  76, 167,  77, 125,  84, 
[2026-04-03T03:00:22.697+0600][501.324s][info][gc,stats       ]   Mark                          4211021 us, parallelism: 5.99x
[2026-04-03T03:00:22.697+0600][501.324s][info][gc,stats       ]     FM: <total>                25242925 us
[2026-04-03T03:00:22.697+0600][501.324s][info][gc,stats       ]     FM: Thread Roots                786 us, workers (us): 182, 171, 155, 105, 112,  62, 
[2026-04-03T03:00:22.697+0600][501.324s][info][gc,stats       ]     FM: VM Strong Roots              20 us, workers (us):   0,   0,   0,   9,   2,   8, 
[2026-04-03T03:00:22.697+0600][501.324s][info][gc,stats       ]     FM: CLDG Roots                  261 us, workers (us): 139,  20,   8,  38,  21,  36, 
[2026-04-03T03:00:22.697+0600][501.324s][info][gc,stats       ]     FM: Parallel Mark          25241857 us, workers (us): 4207001, 4206967, 4206991, 4206988, 4207071, 4206840, 
[2026-04-03T03:00:22.697+0600][501.324s][info][gc,stats       ]     System Purge                   2580 us
[2026-04-03T03:00:22.697+0600][501.324s][info][gc,stats       ]       Weak References               447 us, parallelism: 0.89x
[2026-04-03T03:00:22.697+0600][501.324s][info][gc,stats       ]         WRP: <total>                397 us
[2026-04-03T03:00:22.697+0600][501.324s][info][gc,stats       ]         WRP: Weak References        397 us, workers (us): 233, 143,  20,   0,   0,   0, 
[2026-04-03T03:00:22.697+0600][501.324s][info][gc,stats       ]       Unload Classes               1732 us, parallelism: 5.05x
[2026-04-03T03:00:22.697+0600][501.324s][info][gc,stats       ]         CU: <total>                8738 us
[2026-04-03T03:00:22.697+0600][501.324s][info][gc,stats       ]         CU: Unload Code Caches     8738 us, workers (us): 1493, 1441, 1458, 1452, 1441, 1452, 
[2026-04-03T03:00:22.697+0600][501.324s][info][gc,stats       ]       Weak Roots                    385 us, parallelism: 2.13x
[2026-04-03T03:00:22.697+0600][501.324s][info][gc,stats       ]         WR: <total>                 821 us
[2026-04-03T03:00:22.697+0600][501.324s][info][gc,stats       ]         WR: VM Weak Roots           821 us, workers (us): 143, 140, 135, 136, 135, 132, 
[2026-04-03T03:00:22.697+0600][501.324s][info][gc,stats       ]       CLDG                            3 us
[2026-04-03T03:00:22.697+0600][501.324s][info][gc,stats       ]   Calculate Addresses             81948 us
[2026-04-03T03:00:22.697+0600][501.324s][info][gc,stats       ]     Regular Objects               81822 us
[2026-04-03T03:00:22.697+0600][501.324s][info][gc,stats       ]     Humongous Objects                31 us
[2026-04-03T03:00:22.697+0600][501.324s][info][gc,stats       ]   Adjust Pointers                 99652 us
[2026-04-03T03:00:22.697+0600][501.324s][info][gc,stats       ]     FA: <total>                    7968 us
[2026-04-03T03:00:22.697+0600][501.324s][info][gc,stats       ]     FA: Thread Roots                539 us, workers (us):  86,  37,   2, 131, 163, 119, 
[2026-04-03T03:00:22.697+0600][501.324s][info][gc,stats       ]     FA: Code Cache Roots           6221 us, workers (us): 1031, 1110, 1250, 980, 974, 875, 
[2026-04-03T03:00:22.697+0600][501.324s][info][gc,stats       ]     FA: VM Strong Roots              26 us, workers (us):   9,   7,   7,   1,   1,   1, 
[2026-04-03T03:00:22.697+0600][501.324s][info][gc,stats       ]     FA: VM Weak Roots               688 us, workers (us): 120, 122, 124, 116, 115,  91, 
[2026-04-03T03:00:22.697+0600][501.324s][info][gc,stats       ]     FA: CLDG Roots                  494 us, workers (us):  39,  39, 155,  50,  43, 168, 
[2026-04-03T03:00:22.697+0600][501.324s][info][gc,stats       ]   Copy Objects                    88964 us
[2026-04-03T03:00:22.697+0600][501.324s][info][gc,stats       ]     Regular Objects               87841 us
[2026-04-03T03:00:22.697+0600][501.324s][info][gc,stats       ]     Humongous Objects                20 us
[2026-04-03T03:00:22.697+0600][501.324s][info][gc,stats       ]     Reset Complete Bitmap           857 us
[2026-04-03T03:00:22.697+0600][501.324s][info][gc,stats       ]     Rebuild Region Sets             244 us
[2026-04-03T03:00:22.697+0600][501.324s][info][gc,stats       ]   Post Heap Dump                      1 us
[2026-04-03T03:00:22.697+0600][501.324s][info][gc,stats       ] 
[2026-04-03T03:00:22.697+0600][501.324s][info][gc,stats       ] Allocation pacing accrued:
[2026-04-03T03:00:22.697+0600][501.324s][info][gc,stats       ]       0 of  8772 ms (  0.0%): <total>
[2026-04-03T03:00:22.697+0600][501.324s][info][gc,stats       ]       0 of  8772 ms (  0.0%): <average total>
[2026-04-03T03:00:22.697+0600][501.324s][info][gc,stats       ] 
[2026-04-03T03:00:22.697+0600][501.324s][info][gc,metaspace   ] Metaspace: 49491K(49856K)->49501K(49856K) NonClass: 43304K(43520K)->43313K(43520K) Class: 6187K(6336K)->6187K(6336K)
[2026-04-03T03:00:22.697+0600][501.324s][info][gc,ergo        ] Pacer for Idle. Initial: 10240K, Alloc Tax Rate: 1.0x
[2026-04-03T03:00:22.699+0600][501.325s][info][gc             ] Trigger: Handle Allocation Failure
[2026-04-03T03:00:22.699+0600][501.325s][info][gc,ergo        ] Free: 0B, Max: 0B regular, 0B humongous, Frag: 0% external, 0% internal; Reserve: 17920K, Max: 256K
[2026-04-03T03:00:22.699+0600][501.325s][info][gc,start       ] GC(76) Pause Degenerated GC (Outside of Cycle)
[2026-04-03T03:00:22.699+0600][501.325s][info][gc,task        ] GC(76) Using 6 of 6 workers for stw degenerated gc
[2026-04-03T03:00:22.699+0600][501.326s][info][gc,ref         ] GC(76) Clearing All SoftReferences
[2026-04-03T03:00:26.307+0600][504.933s][info][gc,ref         ] GC(76) Encountered references: Soft: 2441, Weak: 2743, Final: 74, Phantom: 587
[2026-04-03T03:00:26.307+0600][504.933s][info][gc,ref         ] GC(76) Discovered  references: Soft: 232, Weak: 1528, Final: 74, Phantom: 217
[2026-04-03T03:00:26.307+0600][504.933s][info][gc,ref         ] GC(76) Enqueued    references: Soft: 0, Weak: 0, Final: 0, Phantom: 0
[2026-04-03T03:00:26.309+0600][504.935s][info][gc,ergo        ] GC(76) Adaptive CSet Selection. Target Free: 72533K, Actual Free: 17920K, Max CSet: 21333K, Min Garbage: 54613K
[2026-04-03T03:00:26.309+0600][504.935s][info][gc,ergo        ] GC(76) Collectable Garbage: 103K (100%), Immediate: 0B (0%), CSet: 103K (100%)
[2026-04-03T03:00:26.315+0600][504.941s][info][gc             ] GC(76) Cancelling GC: Allocation Failure During Evacuation
[2026-04-03T03:00:26.316+0600][504.943s][info][gc             ] GC(76) Cannot finish degeneration, upgrading to Full GC
[2026-04-03T03:00:26.320+0600][504.946s][info][gc,phases,start] GC(76) Phase 1: Mark live objects
[2026-04-03T03:00:26.320+0600][504.947s][info][gc,ref         ] GC(76) Clearing All SoftReferences
[2026-04-03T03:00:26.321+0600][504.947s][info][gc,ref         ] GC(76) Clearing All SoftReferences
[2026-04-03T03:00:29.807+0600][508.434s][info][gc,ref         ] GC(76) Encountered references: Soft: 2441, Weak: 2743, Final: 74, Phantom: 587
[2026-04-03T03:00:29.807+0600][508.434s][info][gc,ref         ] GC(76) Discovered  references: Soft: 237, Weak: 1354, Final: 74, Phantom: 219
[2026-04-03T03:00:29.807+0600][508.434s][info][gc,ref         ] GC(76) Enqueued    references: Soft: 0, Weak: 0, Final: 0, Phantom: 0
[2026-04-03T03:00:29.809+0600][508.435s][info][gc,phases      ] GC(76) Phase 1: Mark live objects 3488.711ms
[2026-04-03T03:00:29.809+0600][508.435s][info][gc,phases,start] GC(76) Phase 2: Compute new object addresses
[2026-04-03T03:00:29.894+0600][508.521s][info][gc,phases      ] GC(76) Phase 2: Compute new object addresses 85.315ms
[2026-04-03T03:00:29.894+0600][508.521s][info][gc,phases,start] GC(76) Phase 3: Adjust pointers
[2026-04-03T03:00:29.993+0600][508.619s][info][gc,phases      ] GC(76) Phase 3: Adjust pointers 98.326ms
[2026-04-03T03:00:29.993+0600][508.619s][info][gc,phases,start] GC(76) Phase 4: Move objects
[2026-04-03T03:00:30.084+0600][508.711s][info][gc,phases      ] GC(76) Phase 4: Move objects 91.604ms
[2026-04-03T03:00:30.084+0600][508.711s][info][gc,ergo        ] GC(76) Bad progress for free space: 237K, need 5120K
[2026-04-03T03:00:30.084+0600][508.711s][info][gc             ] GC(76) Pause Degenerated GC (Outside of Cycle) 481M->481M(500M) 7385.616ms
[2026-04-03T03:00:30.085+0600][508.711s][info][gc,ergo        ] Free: 237K, Max: 99824B regular, 0B humongous, Frag: 0% external, 99% internal; Reserve: 17920K, Max: 256K
[2026-04-03T03:00:30.085+0600][508.711s][info][gc,stats       ] 
[2026-04-03T03:00:30.085+0600][508.711s][info][gc,stats       ] All times are wall-clock times, except per-root-class counters, that are sum over
[2026-04-03T03:00:30.085+0600][508.711s][info][gc,stats       ] all workers. Dividing the <total> over the root stage time estimates parallelism.
[2026-04-03T03:00:30.085+0600][508.711s][info][gc,stats       ] 
[2026-04-03T03:00:30.085+0600][508.711s][info][gc,stats       ] Pause Degenerated GC (G)        7385852 us
[2026-04-03T03:00:30.085+0600][508.711s][info][gc,stats       ] Pause Degenerated GC (N)        7385631 us
[2026-04-03T03:00:30.085+0600][508.711s][info][gc,stats       ]   Degen STW Mark                3607642 us, parallelism: 6.00x
[2026-04-03T03:00:30.085+0600][508.711s][info][gc,stats       ]     DSM: <total>               21640200 us
[2026-04-03T03:00:30.085+0600][508.711s][info][gc,stats       ]     DSM: Thread Roots               818 us, workers (us): 127, 120, 176,  88, 220,  86, 
[2026-04-03T03:00:30.085+0600][508.711s][info][gc,stats       ]     DSM: VM Strong Roots             13 us, workers (us):  11,   1,   0,   0,   0,   0, 
[2026-04-03T03:00:30.085+0600][508.711s][info][gc,stats       ]     DSM: CLDG Roots                 184 us, workers (us):  27, 108,   7,  18,   8,  16, 
[2026-04-03T03:00:30.085+0600][508.711s][info][gc,stats       ]     DSM: Parallel Mark         21639184 us, workers (us): 3606500, 3606545, 3606474, 3606760, 3606150, 3606756, 
[2026-04-03T03:00:30.085+0600][508.711s][info][gc,stats       ]     System Purge                   1976 us
[2026-04-03T03:00:30.085+0600][508.711s][info][gc,stats       ]       Weak References               304 us, parallelism: 0.87x
[2026-04-03T03:00:30.085+0600][508.711s][info][gc,stats       ]         WRP: <total>                265 us
[2026-04-03T03:00:30.085+0600][508.711s][info][gc,stats       ]         WRP: Weak References        265 us, workers (us): 177,  38,  49,   0,   0,   0, 
[2026-04-03T03:00:30.085+0600][508.711s][info][gc,stats       ]       Unload Classes               1487 us, parallelism: 5.21x
[2026-04-03T03:00:30.085+0600][508.711s][info][gc,stats       ]         DCU: <total>               7752 us
[2026-04-03T03:00:30.085+0600][508.711s][info][gc,stats       ]         DCU: Unload Code Caches     7752 us, workers (us): 1356, 1364, 1291, 1244, 1238, 1258, 
[2026-04-03T03:00:30.085+0600][508.711s][info][gc,stats       ]       Weak Roots                    172 us, parallelism: 2.81x
[2026-04-03T03:00:30.085+0600][508.711s][info][gc,stats       ]         DWR: <total>                485 us
[2026-04-03T03:00:30.085+0600][508.711s][info][gc,stats       ]         DWR: VM Weak Roots          485 us, workers (us): 136, 102,  68,  64,  61,  53, 
[2026-04-03T03:00:30.085+0600][508.711s][info][gc,stats       ]       CLDG                            3 us
[2026-04-03T03:00:30.085+0600][508.711s][info][gc,stats       ]   Update Region States               21 us
[2026-04-03T03:00:30.085+0600][508.711s][info][gc,stats       ]   Manage GC/TLABs                     9 us
[2026-04-03T03:00:30.085+0600][508.711s][info][gc,stats       ]   Choose Collection Set             187 us
[2026-04-03T03:00:30.085+0600][508.711s][info][gc,stats       ]   Rebuild Free Set                   43 us
[2026-04-03T03:00:30.085+0600][508.711s][info][gc,stats       ]   Evacuation                       7072 us
[2026-04-03T03:00:30.085+0600][508.711s][info][gc,stats       ]   Pre Heap Dump                       2 us
[2026-04-03T03:00:30.085+0600][508.711s][info][gc,stats       ]   Prepare                          3504 us
[2026-04-03T03:00:30.085+0600][508.711s][info][gc,stats       ]     Update Roots                   2190 us, parallelism: 5.17x
[2026-04-03T03:00:30.085+0600][508.711s][info][gc,stats       ]       FU: <total>                 11324 us
[2026-04-03T03:00:30.085+0600][508.711s][info][gc,stats       ]       FU: Thread Roots              746 us, workers (us): 255,   6, 239, 189,  54,   3, 
[2026-04-03T03:00:30.085+0600][508.711s][info][gc,stats       ]       FU: Code Cache Roots         8765 us, workers (us): 1300, 1474, 1387, 1428, 1555, 1622, 
[2026-04-03T03:00:30.085+0600][508.711s][info][gc,stats       ]       FU: VM Strong Roots            62 us, workers (us):  29,  29,   1,   1,   1,   1, 
[2026-04-03T03:00:30.085+0600][508.711s][info][gc,stats       ]       FU: VM Weak Roots             923 us, workers (us): 182, 182, 184, 165, 104, 104, 
[2026-04-03T03:00:30.085+0600][508.711s][info][gc,stats       ]       FU: CLDG Roots                828 us, workers (us): 165, 237, 105, 104, 104, 113, 
[2026-04-03T03:00:30.085+0600][508.711s][info][gc,stats       ]   Mark                          3488618 us, parallelism: 5.99x
[2026-04-03T03:00:30.085+0600][508.711s][info][gc,stats       ]     FM: <total>                20913819 us
[2026-04-03T03:00:30.085+0600][508.711s][info][gc,stats       ]     FM: Thread Roots               1181 us, workers (us): 266, 217, 179, 232, 129, 159, 
[2026-04-03T03:00:30.085+0600][508.711s][info][gc,stats       ]     FM: VM Strong Roots              29 us, workers (us):   0,   5,   0,   0,  12,  11, 
[2026-04-03T03:00:30.085+0600][508.711s][info][gc,stats       ]     FM: CLDG Roots                  328 us, workers (us):  10,  32, 194,  25,  49,  19, 
[2026-04-03T03:00:30.085+0600][508.711s][info][gc,stats       ]     FM: Parallel Mark          20912281 us, workers (us): 3485343, 3485395, 3485281, 3485454, 3485471, 3485336, 
[2026-04-03T03:00:30.085+0600][508.711s][info][gc,stats       ]     System Purge                   1844 us
[2026-04-03T03:00:30.085+0600][508.711s][info][gc,stats       ]       Weak References               371 us, parallelism: 0.69x
[2026-04-03T03:00:30.085+0600][508.711s][info][gc,stats       ]         WRP: <total>                256 us
[2026-04-03T03:00:30.085+0600][508.711s][info][gc,stats       ]         WRP: Weak References        256 us, workers (us):  35,  18, 120,  35,  24,  24, 
[2026-04-03T03:00:30.085+0600][508.711s][info][gc,stats       ]       Unload Classes               1230 us, parallelism: 5.39x
[2026-04-03T03:00:30.085+0600][508.711s][info][gc,stats       ]         CU: <total>                6628 us
[2026-04-03T03:00:30.085+0600][508.711s][info][gc,stats       ]         CU: Unload Code Caches     6628 us, workers (us): 1128, 1135, 1114, 1119, 1079, 1053, 
[2026-04-03T03:00:30.085+0600][508.711s][info][gc,stats       ]       Weak Roots                    231 us, parallelism: 3.00x
[2026-04-03T03:00:30.085+0600][508.711s][info][gc,stats       ]         WR: <total>                 695 us
[2026-04-03T03:00:30.085+0600][508.711s][info][gc,stats       ]         WR: VM Weak Roots           695 us, workers (us): 144, 144, 126, 126,  77,  77, 
[2026-04-03T03:00:30.085+0600][508.711s][info][gc,stats       ]       CLDG                            2 us
[2026-04-03T03:00:30.085+0600][508.711s][info][gc,stats       ]   Calculate Addresses             85307 us
[2026-04-03T03:00:30.085+0600][508.711s][info][gc,stats       ]     Regular Objects               85222 us
[2026-04-03T03:00:30.085+0600][508.711s][info][gc,stats       ]     Humongous Objects                31 us
[2026-04-03T03:00:30.085+0600][508.711s][info][gc,stats       ]   Adjust Pointers                 98314 us
[2026-04-03T03:00:30.085+0600][508.711s][info][gc,stats       ]     FA: <total>                    7728 us
[2026-04-03T03:00:30.085+0600][508.711s][info][gc,stats       ]     FA: Thread Roots                493 us, workers (us): 189,   4, 193,   3, 103,   1, 
[2026-04-03T03:00:30.085+0600][508.711s][info][gc,stats       ]     FA: Code Cache Roots           5900 us, workers (us): 846, 947, 852, 1129, 932, 1196, 
[2026-04-03T03:00:30.085+0600][508.711s][info][gc,stats       ]     FA: VM Strong Roots              20 us, workers (us):  16,   1,   1,   1,   1,   1, 
[2026-04-03T03:00:30.085+0600][508.711s][info][gc,stats       ]     FA: VM Weak Roots               646 us, workers (us): 178, 122,  88,  86,  86,  87, 
[2026-04-03T03:00:30.085+0600][508.711s][info][gc,stats       ]     FA: CLDG Roots                  669 us, workers (us):  64, 233,  67,  79,  64, 162, 
[2026-04-03T03:00:30.085+0600][508.711s][info][gc,stats       ]   Copy Objects                    91566 us
[2026-04-03T03:00:30.085+0600][508.711s][info][gc,stats       ]     Regular Objects               90687 us
[2026-04-03T03:00:30.085+0600][508.711s][info][gc,stats       ]     Humongous Objects                20 us
[2026-04-03T03:00:30.085+0600][508.711s][info][gc,stats       ]     Reset Complete Bitmap           684 us
[2026-04-03T03:00:30.085+0600][508.711s][info][gc,stats       ]     Rebuild Region Sets             173 us
[2026-04-03T03:00:30.085+0600][508.712s][info][gc,stats       ]   Post Heap Dump                      1 us
[2026-04-03T03:00:30.085+0600][508.712s][info][gc,stats       ] 
[2026-04-03T03:00:30.085+0600][508.712s][info][gc,stats       ] Allocation pacing accrued:
[2026-04-03T03:00:30.085+0600][508.712s][info][gc             ] Failed to allocate TLAB, 2656B
[2026-04-03T03:00:30.085+0600][508.712s][info][gc             ] Cancelling GC: Allocation Failure
[2026-04-03T03:00:30.085+0600][508.712s][info][gc,stats       ]       0 of  7388 ms (  0.0%): <total>
[2026-04-03T03:00:30.085+0600][508.712s][info][gc,stats       ]       0 of  7388 ms (  0.0%): <average total>
[2026-04-03T03:00:30.085+0600][508.712s][info][gc,stats       ] 
[2026-04-03T03:00:30.085+0600][508.712s][info][gc,metaspace   ] Metaspace: 49512K(49920K)->49532K(49920K) NonClass: 43323K(43584K)->43343K(43584K) Class: 6188K(6336K)->6189K(6336K)
[2026-04-03T03:00:30.085+0600][508.712s][info][gc,ergo        ] Pacer for Idle. Initial: 10240K, Alloc Tax Rate: 1.0x
[2026-04-03T03:00:30.087+0600][508.713s][info][gc             ] Trigger: Handle Allocation Failure
[2026-04-03T03:00:30.087+0600][508.713s][info][gc,ergo        ] Free: 0B, Max: 0B regular, 0B humongous, Frag: 0% external, 0% internal; Reserve: 17920K, Max: 256K
[2026-04-03T03:00:30.087+0600][508.713s][info][gc,start       ] GC(77) Pause Full
[2026-04-03T03:00:30.087+0600][508.713s][info][gc,task        ] GC(77) Using 6 of 6 workers for full gc
[2026-04-03T03:00:30.087+0600][508.713s][info][gc,phases,start] GC(77) Phase 1: Mark live objects
[2026-04-03T03:00:30.087+0600][508.713s][info][gc,ref         ] GC(77) Clearing All SoftReferences
[2026-04-03T03:00:30.087+0600][508.713s][info][gc,ref         ] GC(77) Clearing All SoftReferences
[2026-04-03T03:00:33.283+0600][511.909s][info][gc,ref         ] GC(77) Encountered references: Soft: 2442, Weak: 2746, Final: 74, Phantom: 586
[2026-04-03T03:00:33.283+0600][511.909s][info][gc,ref         ] GC(77) Discovered  references: Soft: 241, Weak: 1431, Final: 58, Phantom: 582
[2026-04-03T03:00:33.283+0600][511.909s][info][gc,ref         ] GC(77) Enqueued    references: Soft: 2, Weak: 4, Final: 0, Phantom: 0
[2026-04-03T03:00:33.285+0600][511.911s][info][gc,phases      ] GC(77) Phase 1: Mark live objects 3197.668ms
[2026-04-03T03:00:33.285+0600][511.911s][info][gc,phases,start] GC(77) Phase 2: Compute new object addresses
[2026-04-03T03:00:33.373+0600][512.000s][info][gc,phases      ] GC(77) Phase 2: Compute new object addresses 88.517ms
[2026-04-03T03:00:33.373+0600][512.000s][info][gc,phases,start] GC(77) Phase 3: Adjust pointers
[2026-04-03T03:00:33.473+0600][512.100s][info][gc,phases      ] GC(77) Phase 3: Adjust pointers 99.948ms
[2026-04-03T03:00:33.473+0600][512.100s][info][gc,phases,start] GC(77) Phase 4: Move objects
[2026-04-03T03:00:33.563+0600][512.190s][info][gc,phases      ] GC(77) Phase 4: Move objects 90.044ms
[2026-04-03T03:00:33.564+0600][512.190s][info][gc,ergo        ] GC(77) Bad progress for free space: 237K, need 5120K
[2026-04-03T03:00:33.564+0600][512.190s][info][gc             ] GC(77) Pause Full 481M->481M(500M) 3477.001ms
[2026-04-03T03:00:33.564+0600][512.190s][info][gc,ergo        ] Free: 217K, Max: 92408B regular, 0B humongous, Frag: 0% external, 99% internal; Reserve: 17920K, Max: 256K
[2026-04-03T03:00:33.564+0600][512.190s][info][gc,stats       ] 
[2026-04-03T03:00:33.564+0600][512.190s][info][gc,stats       ] All times are wall-clock times, except per-root-class counters, that are sum over
[2026-04-03T03:00:33.564+0600][512.190s][info][gc,stats       ] all workers. Dividing the <total> over the root stage time estimates parallelism.
[2026-04-03T03:00:33.564+0600][512.190s][info][gc,stats       ] 
[2026-04-03T03:00:33.564+0600][512.190s][info][gc,stats       ] Pause Full GC (G)               3477209 us
[2026-04-03T03:00:33.564+0600][512.190s][info][gc,stats       ] Pause Full GC (N)               3477025 us
[2026-04-03T03:00:33.564+0600][512.190s][info][gc,stats       ]   Pre Heap Dump                       1 us
[2026-04-03T03:00:33.564+0600][512.190s][info][gc,stats       ]   Prepare                           200 us
[2026-04-03T03:00:33.564+0600][512.190s][info][gc,stats       ]   Mark                          3197657 us, parallelism: 5.99x
[2026-04-03T03:00:33.564+0600][512.190s][info][gc,stats       ]     FM: <total>                19167786 us
[2026-04-03T03:00:33.564+0600][512.190s][info][gc,stats       ]     FM: Thread Roots                709 us, workers (us): 129, 187,  78, 121,  61, 134, 
[2026-04-03T03:00:33.564+0600][512.190s][info][gc,stats       ]     FM: VM Strong Roots              16 us, workers (us):   0,   0,   6,   0,   8,   0, 
[2026-04-03T03:00:33.564+0600][512.190s][info][gc,stats       ]     FM: CLDG Roots                  200 us, workers (us): 105,  14,  26,  14,  28,  14, 
[2026-04-03T03:00:33.564+0600][512.190s][info][gc,stats       ]     FM: Parallel Mark          19166862 us, workers (us): 3194549, 3194509, 3194496, 3194449, 3194535, 3194324, 
[2026-04-03T03:00:33.564+0600][512.190s][info][gc,stats       ]     System Purge                   2111 us
[2026-04-03T03:00:33.564+0600][512.190s][info][gc,stats       ]       Weak References               354 us, parallelism: 0.73x
[2026-04-03T03:00:33.564+0600][512.190s][info][gc,stats       ]         WRP: <total>                258 us
[2026-04-03T03:00:33.564+0600][512.191s][info][gc,stats       ]         WRP: Weak References        258 us, workers (us):  56, 151,  51,   0,   0,   0, 
[2026-04-03T03:00:33.564+0600][512.191s][info][gc,stats       ]       Unload Classes               1493 us, parallelism: 4.84x
[2026-04-03T03:00:33.564+0600][512.191s][info][gc,stats       ]         CU: <total>                7228 us
[2026-04-03T03:00:33.564+0600][512.191s][info][gc,stats       ]         CU: Unload Code Caches     7228 us, workers (us): 1203, 1227, 1195, 1223, 1192, 1188, 
[2026-04-03T03:00:33.564+0600][512.191s][info][gc,stats       ]       Weak Roots                    252 us, parallelism: 1.81x
[2026-04-03T03:00:33.564+0600][512.191s][info][gc,stats       ]         WR: <total>                 455 us
[2026-04-03T03:00:33.564+0600][512.191s][info][gc,stats       ]         WR: VM Weak Roots           455 us, workers (us):  98,  74,  72,  71,  70,  70, 
[2026-04-03T03:00:33.564+0600][512.191s][info][gc,stats       ]       CLDG                            2 us
[2026-04-03T03:00:33.564+0600][512.191s][info][gc,stats       ]   Calculate Addresses             88492 us
[2026-04-03T03:00:33.564+0600][512.191s][info][gc,stats       ]     Regular Objects               88380 us
[2026-04-03T03:00:33.564+0600][512.191s][info][gc,stats       ]     Humongous Objects                29 us
[2026-04-03T03:00:33.564+0600][512.191s][info][gc,stats       ]   Adjust Pointers                 99937 us
[2026-04-03T03:00:33.564+0600][512.191s][info][gc,stats       ]     FA: <total>                    7794 us
[2026-04-03T03:00:33.564+0600][512.191s][info][gc,stats       ]     FA: Thread Roots                662 us, workers (us): 127,  23, 145,  18, 177, 173, 
[2026-04-03T03:00:33.564+0600][512.191s][info][gc,stats       ]     FA: Code Cache Roots           5869 us, workers (us): 1018, 1103, 981, 1016, 822, 929, 
[2026-04-03T03:00:33.564+0600][512.191s][info][gc,stats       ]     FA: VM Strong Roots              25 us, workers (us):   7,   8,   8,   1,   1,   1, 
[2026-04-03T03:00:33.564+0600][512.191s][info][gc,stats       ]     FA: VM Weak Roots               648 us, workers (us): 122, 121, 120,  95,  94,  95, 
[2026-04-03T03:00:33.564+0600][512.191s][info][gc,stats       ]     FA: CLDG Roots                  590 us, workers (us):  58,  56,  57, 139, 213,  67, 
[2026-04-03T03:00:33.564+0600][512.191s][info][gc,stats       ]   Copy Objects                    90030 us
[2026-04-03T03:00:33.564+0600][512.191s][info][gc,stats       ]     Regular Objects               88919 us
[2026-04-03T03:00:33.564+0600][512.191s][info][gc,stats       ]     Humongous Objects                22 us
[2026-04-03T03:00:33.564+0600][512.191s][info][gc,stats       ]     Reset Complete Bitmap           892 us
[2026-04-03T03:00:33.564+0600][512.191s][info][gc,stats       ]     Rebuild Region Sets             194 us
[2026-04-03T03:00:33.564+0600][512.191s][info][gc,stats       ]   Post Heap Dump                      1 us
[2026-04-03T03:00:33.564+0600][512.191s][info][gc,stats       ] 
[2026-04-03T03:00:33.564+0600][512.191s][info][gc,stats       ] Allocation pacing accrued:
[2026-04-03T03:00:33.564+0600][512.191s][info][gc             ] Failed to allocate TLAB, 2656B
[2026-04-03T03:00:33.565+0600][512.191s][info][gc             ] Cancelling GC: Allocation Failure
[2026-04-03T03:00:33.565+0600][512.191s][info][gc,stats       ]       0 of  3479 ms (  0.0%): <total>
[2026-04-03T03:00:33.565+0600][512.191s][info][gc,stats       ]       0 of  3479 ms (  0.0%): <average total>
[2026-04-03T03:00:33.565+0600][512.191s][info][gc,stats       ] 
[2026-04-03T03:00:33.565+0600][512.191s][info][gc,metaspace   ] Metaspace: 49575K(49920K)->49579K(49984K) NonClass: 43383K(43584K)->43387K(43648K) Class: 6191K(6336K)->6192K(6336K)
[2026-04-03T03:00:33.565+0600][512.191s][info][gc,ergo        ] Pacer for Idle. Initial: 10240K, Alloc Tax Rate: 1.0x
[2026-04-03T03:00:33.567+0600][512.193s][info][gc             ] Trigger: Handle Allocation Failure
[2026-04-03T03:00:33.567+0600][512.193s][info][gc,ergo        ] Free: 0B, Max: 0B regular, 0B humongous, Frag: 0% external, 0% internal; Reserve: 17920K, Max: 256K
[2026-04-03T03:00:33.567+0600][512.193s][info][gc,start       ] GC(78) Pause Degenerated GC (Outside of Cycle)
[2026-04-03T03:00:33.567+0600][512.193s][info][gc,task        ] GC(78) Using 6 of 6 workers for stw degenerated gc
[2026-04-03T03:00:33.567+0600][512.194s][info][gc,ref         ] GC(78) Clearing All SoftReferences
[2026-04-03T03:00:37.416+0600][516.043s][info][gc,ref         ] GC(78) Encountered references: Soft: 2441, Weak: 2743, Final: 74, Phantom: 586
[2026-04-03T03:00:37.416+0600][516.043s][info][gc,ref         ] GC(78) Discovered  references: Soft: 244, Weak: 1833, Final: 74, Phantom: 581
[2026-04-03T03:00:37.416+0600][516.043s][info][gc,ref         ] GC(78) Enqueued    references: Soft: 0, Weak: 2, Final: 0, Phantom: 0
[2026-04-03T03:00:37.418+0600][516.045s][info][gc,ergo        ] GC(78) Adaptive CSet Selection. Target Free: 72533K, Actual Free: 17920K, Max CSet: 21333K, Min Garbage: 54613K
[2026-04-03T03:00:37.419+0600][516.045s][info][gc,ergo        ] GC(78) Collectable Garbage: 94000B (100%), Immediate: 0B (0%), CSet: 94000B (100%)
[2026-04-03T03:00:37.424+0600][516.050s][info][gc             ] GC(78) Cancelling GC: Allocation Failure During Evacuation
[2026-04-03T03:00:37.425+0600][516.052s][info][gc             ] GC(78) Cannot finish degeneration, upgrading to Full GC
[2026-04-03T03:00:37.428+0600][516.055s][info][gc,phases,start] GC(78) Phase 1: Mark live objects
[2026-04-03T03:00:37.428+0600][516.055s][info][gc,ref         ] GC(78) Clearing All SoftReferences
[2026-04-03T03:00:37.429+0600][516.055s][info][gc,ref         ] GC(78) Clearing All SoftReferences
[2026-04-03T03:00:40.731+0600][519.357s][info][gc,ref         ] GC(78) Encountered references: Soft: 2441, Weak: 2741, Final: 74, Phantom: 586
[2026-04-03T03:00:40.731+0600][519.357s][info][gc,ref         ] GC(78) Discovered  references: Soft: 242, Weak: 1494, Final: 74, Phantom: 582
[2026-04-03T03:00:40.731+0600][519.357s][info][gc,ref         ] GC(78) Enqueued    references: Soft: 0, Weak: 0, Final: 0, Phantom: 0
[2026-04-03T03:00:40.732+0600][519.359s][info][gc,phases      ] GC(78) Phase 1: Mark live objects 3304.113ms
[2026-04-03T03:00:40.733+0600][519.359s][info][gc,phases,start] GC(78) Phase 2: Compute new object addresses
[2026-04-03T03:00:40.822+0600][519.448s][info][gc,phases      ] GC(78) Phase 2: Compute new object addresses 89.223ms
[2026-04-03T03:00:40.822+0600][519.448s][info][gc,phases,start] GC(78) Phase 3: Adjust pointers
[2026-04-03T03:00:40.919+0600][519.546s][info][gc,phases      ] GC(78) Phase 3: Adjust pointers 97.607ms
[2026-04-03T03:00:40.920+0600][519.546s][info][gc,phases,start] GC(78) Phase 4: Move objects
[2026-04-03T03:00:41.010+0600][519.636s][info][gc,phases      ] GC(78) Phase 4: Move objects 90.289ms
[2026-04-03T03:00:41.010+0600][519.636s][info][gc,ergo        ] GC(78) Bad progress for free space: 122K, need 5120K
[2026-04-03T03:00:41.010+0600][519.636s][info][gc             ] GC(78) Pause Degenerated GC (Outside of Cycle) 481M->481M(500M) 7443.174ms
[2026-04-03T03:00:41.010+0600][519.637s][info][gc,ergo        ] Free: 49904B, Max: 23456B regular, 0B humongous, Frag: 0% external, 99% internal; Reserve: 17920K, Max: 256K
[2026-04-03T03:00:41.010+0600][519.637s][info][gc,stats       ] 
[2026-04-03T03:00:41.010+0600][519.637s][info][gc,stats       ] All times are wall-clock times, except per-root-class counters, that are sum over
[2026-04-03T03:00:41.010+0600][519.637s][info][gc,stats       ] all workers. Dividing the <total> over the root stage time estimates parallelism.
[2026-04-03T03:00:41.010+0600][519.637s][info][gc,stats       ] 
[2026-04-03T03:00:41.010+0600][519.637s][info][gc,stats       ] Pause Degenerated GC (G)        7443303 us
[2026-04-03T03:00:41.011+0600][519.637s][info][gc,stats       ] Pause Degenerated GC (N)        7443184 us
[2026-04-03T03:00:41.011+0600][519.637s][info][gc,stats       ]   Degen STW Mark                3848620 us, parallelism: 6.00x
[2026-04-03T03:00:41.011+0600][519.637s][info][gc,stats       ]     DSM: <total>               23082936 us
[2026-04-03T03:00:41.011+0600][519.637s][info][gc,stats       ]     DSM: Thread Roots               664 us, workers (us): 138, 112, 153,  87,  87,  87, 
[2026-04-03T03:00:41.011+0600][519.637s][info][gc,stats       ]     DSM: VM Strong Roots             20 us, workers (us):   0,   2,   0,   5,   7,   5, 
[2026-04-03T03:00:41.011+0600][519.637s][info][gc,stats       ]     DSM: CLDG Roots                 239 us, workers (us): 136,  15,   7,  27,  27,  27, 
[2026-04-03T03:00:41.011+0600][519.637s][info][gc,stats       ]     DSM: Parallel Mark         23082013 us, workers (us): 3847017, 3847025, 3846995, 3846999, 3847101, 3846875, 
[2026-04-03T03:00:41.011+0600][519.637s][info][gc,stats       ]     System Purge                   2532 us
[2026-04-03T03:00:41.011+0600][519.637s][info][gc,stats       ]       Weak References               620 us, parallelism: 0.85x
[2026-04-03T03:00:41.011+0600][519.637s][info][gc,stats       ]         WRP: <total>                528 us
[2026-04-03T03:00:41.011+0600][519.637s][info][gc,stats       ]         WRP: Weak References        528 us, workers (us): 384,  80,  15,  49,   0,   0, 
[2026-04-03T03:00:41.011+0600][519.637s][info][gc             ] Failed to allocate TLAB, 2848B
[2026-04-03T03:00:41.011+0600][519.637s][info][gc             ] Cancelling GC: Allocation Failure
[2026-04-03T03:00:41.011+0600][519.637s][info][gc,stats       ]       Unload Classes               1682 us, parallelism: 4.58x
[2026-04-03T03:00:41.011+0600][519.637s][info][gc,stats       ]         DCU: <total>               7698 us
[2026-04-03T03:00:41.011+0600][519.637s][info][gc,stats       ]         DCU: Unload Code Caches     7698 us, workers (us): 1330, 1333, 1268, 1250, 1260, 1257, 
[2026-04-03T03:00:41.011+0600][519.637s][info][gc,stats       ]       Weak Roots                    218 us, parallelism: 2.37x
[2026-04-03T03:00:41.011+0600][519.637s][info][gc,stats       ]         DWR: <total>                515 us
[2026-04-03T03:00:41.011+0600][519.637s][info][gc,stats       ]         DWR: VM Weak Roots          515 us, workers (us): 165,  99,  97,  51,  52,  51, 
[2026-04-03T03:00:41.011+0600][519.637s][info][gc,stats       ]       CLDG                            2 us
[2026-04-03T03:00:41.011+0600][519.637s][info][gc,stats       ]   Update Region States               20 us
[2026-04-03T03:00:41.011+0600][519.637s][info][gc,stats       ]   Manage GC/TLABs                     8 us
[2026-04-03T03:00:41.011+0600][519.637s][info][gc,stats       ]   Choose Collection Set             195 us
[2026-04-03T03:00:41.011+0600][519.637s][info][gc,stats       ]   Rebuild Free Set                   40 us
[2026-04-03T03:00:41.011+0600][519.637s][info][gc,stats       ]   Evacuation                       6405 us
[2026-04-03T03:00:41.011+0600][519.637s][info][gc,stats       ]   Pre Heap Dump                       1 us
[2026-04-03T03:00:41.011+0600][519.637s][info][gc,stats       ]   Prepare                          2930 us
[2026-04-03T03:00:41.011+0600][519.637s][info][gc,stats       ]     Update Roots                   1849 us, parallelism: 4.91x
[2026-04-03T03:00:41.011+0600][519.637s][info][gc,stats       ]       FU: <total>                  9087 us
[2026-04-03T03:00:41.011+0600][519.637s][info][gc,stats       ]       FU: Thread Roots              779 us, workers (us): 137,  76, 220, 162, 108,  76, 
[2026-04-03T03:00:41.011+0600][519.637s][info][gc,stats       ]       FU: Code Cache Roots         7099 us, workers (us): 1123, 1198, 1103, 1207, 1226, 1242, 
[2026-04-03T03:00:41.011+0600][519.637s][info][gc,stats       ]       FU: VM Strong Roots            19 us, workers (us):  11,   5,   1,   1,   1,   1, 
[2026-04-03T03:00:41.011+0600][519.637s][info][gc,stats       ]       FU: VM Weak Roots             790 us, workers (us): 196, 197, 124,  97,  97,  80, 
[2026-04-03T03:00:41.011+0600][519.637s][info][gc,stats       ]       FU: CLDG Roots                400 us, workers (us): 108,  93,  49,  47,  47,  56, 
[2026-04-03T03:00:41.011+0600][519.637s][info][gc,stats       ]   Mark                          3304051 us, parallelism: 6.00x
[2026-04-03T03:00:41.011+0600][519.637s][info][gc,stats       ]     FM: <total>                19809634 us
[2026-04-03T03:00:41.011+0600][519.637s][info][gc,stats       ]     FM: Thread Roots                851 us, workers (us): 209, 208, 147,  93,  58, 136, 
[2026-04-03T03:00:41.011+0600][519.637s][info][gc,stats       ]     FM: VM Strong Roots              23 us, workers (us):   0,   2,   8,   6,   6,   0, 
[2026-04-03T03:00:41.011+0600][519.637s][info][gc,stats       ]     FM: CLDG Roots                  264 us, workers (us): 149,  21,  21,  34,  33,   8, 
[2026-04-03T03:00:41.011+0600][519.637s][info][gc,stats       ]     FM: Parallel Mark          19808495 us, workers (us): 3301454, 3301565, 3301563, 3301566, 3301205, 3301142, 
[2026-04-03T03:00:41.011+0600][519.637s][info][gc,stats       ]     System Purge                   1574 us
[2026-04-03T03:00:41.011+0600][519.637s][info][gc,stats       ]       Weak References               226 us, parallelism: 0.97x
[2026-04-03T03:00:41.011+0600][519.637s][info][gc,stats       ]         WRP: <total>                220 us
[2026-04-03T03:00:41.011+0600][519.637s][info][gc,stats       ]         WRP: Weak References        220 us, workers (us): 120,  98,   1,   1,   1,   1, 
[2026-04-03T03:00:41.011+0600][519.637s][info][gc,stats       ]       Unload Classes               1149 us, parallelism: 5.55x
[2026-04-03T03:00:41.011+0600][519.637s][info][gc,stats       ]         CU: <total>                6375 us
[2026-04-03T03:00:41.011+0600][519.637s][info][gc,stats       ]         CU: Unload Code Caches     6375 us, workers (us): 1067, 1071, 1085, 1066, 1062, 1023, 
[2026-04-03T03:00:41.011+0600][519.637s][info][gc,stats       ]       Weak Roots                    187 us, parallelism: 2.89x
[2026-04-03T03:00:41.011+0600][519.637s][info][gc,stats       ]         WR: <total>                 541 us
[2026-04-03T03:00:41.011+0600][519.637s][info][gc,stats       ]         WR: VM Weak Roots           541 us, workers (us): 155,  82,  78,  77,  77,  72, 
[2026-04-03T03:00:41.011+0600][519.637s][info][gc,stats       ]       CLDG                            2 us
[2026-04-03T03:00:41.011+0600][519.637s][info][gc,stats       ]   Calculate Addresses             89215 us
[2026-04-03T03:00:41.011+0600][519.637s][info][gc,stats       ]     Regular Objects               89140 us
[2026-04-03T03:00:41.011+0600][519.637s][info][gc,stats       ]     Humongous Objects                30 us
[2026-04-03T03:00:41.011+0600][519.637s][info][gc,stats       ]   Adjust Pointers                 97595 us
[2026-04-03T03:00:41.011+0600][519.637s][info][gc,stats       ]     FA: <total>                    7387 us
[2026-04-03T03:00:41.011+0600][519.637s][info][gc,stats       ]     FA: Thread Roots                540 us, workers (us): 167, 121,   2,  95,  40, 116, 
[2026-04-03T03:00:41.011+0600][519.637s][info][gc,stats       ]     FA: Code Cache Roots           5652 us, workers (us): 843, 887, 1217, 958, 956, 790, 
[2026-04-03T03:00:41.011+0600][519.637s][info][gc,stats       ]     FA: VM Strong Roots              17 us, workers (us):  14,   1,   1,   0,   1,   1, 
[2026-04-03T03:00:41.011+0600][519.637s][info][gc,stats       ]     FA: VM Weak Roots               609 us, workers (us): 149, 115, 113, 107,  65,  60, 
[2026-04-03T03:00:41.011+0600][519.637s][info][gc,stats       ]     FA: CLDG Roots                  569 us, workers (us):  62,  62, 150,  61,  73, 160, 
[2026-04-03T03:00:41.011+0600][519.637s][info][gc,stats       ]   Copy Objects                    90277 us
[2026-04-03T03:00:41.011+0600][519.637s][info][gc,stats       ]     Regular Objects               89400 us
[2026-04-03T03:00:41.011+0600][519.637s][info][gc,stats       ]     Humongous Objects                21 us
[2026-04-03T03:00:41.011+0600][519.637s][info][gc,stats       ]     Reset Complete Bitmap           663 us
[2026-04-03T03:00:41.011+0600][519.637s][info][gc,stats       ]     Rebuild Region Sets             190 us
[2026-04-03T03:00:41.011+0600][519.637s][info][gc,stats       ]   Post Heap Dump                      1 us
[2026-04-03T03:00:41.011+0600][519.637s][info][gc,stats       ] 
[2026-04-03T03:00:41.011+0600][519.637s][info][gc,stats       ] Allocation pacing accrued:
[2026-04-03T03:00:41.011+0600][519.637s][info][gc,stats       ]       0 of  7446 ms (  0.0%): <total>
[2026-04-03T03:00:41.011+0600][519.637s][info][gc,stats       ]       0 of  7446 ms (  0.0%): <average total>
[2026-04-03T03:00:41.011+0600][519.637s][info][gc,stats       ] 
[2026-04-03T03:00:41.011+0600][519.637s][info][gc,metaspace   ] Metaspace: 49579K(49984K)->49581K(49984K) NonClass: 43387K(43648K)->43389K(43648K) Class: 6192K(6336K)->6192K(6336K)
[2026-04-03T03:00:41.011+0600][519.637s][info][gc,ergo        ] Pacer for Idle. Initial: 10240K, Alloc Tax Rate: 1.0x
[2026-04-03T03:00:41.012+0600][519.638s][info][gc             ] Trigger: Handle Allocation Failure
[2026-04-03T03:00:41.012+0600][519.638s][info][gc,ergo        ] Free: 0B, Max: 0B regular, 0B humongous, Frag: 0% external, 0% internal; Reserve: 17920K, Max: 256K
[2026-04-03T03:00:41.012+0600][519.639s][info][gc,start       ] GC(79) Pause Degenerated GC (Outside of Cycle)
[2026-04-03T03:00:41.012+0600][519.639s][info][gc,task        ] GC(79) Using 6 of 6 workers for stw degenerated gc
[2026-04-03T03:00:41.013+0600][519.639s][info][gc,ref         ] GC(79) Clearing All SoftReferences
[2026-04-03T03:00:44.362+0600][522.988s][info][gc,ref         ] GC(79) Encountered references: Soft: 2442, Weak: 2746, Final: 74, Phantom: 587
[2026-04-03T03:00:44.362+0600][522.988s][info][gc,ref         ] GC(79) Discovered  references: Soft: 244, Weak: 1666, Final: 74, Phantom: 402
[2026-04-03T03:00:44.362+0600][522.988s][info][gc,ref         ] GC(79) Enqueued    references: Soft: 0, Weak: 1, Final: 0, Phantom: 0
[2026-04-03T03:00:44.364+0600][522.990s][info][gc,ergo        ] GC(79) Adaptive CSet Selection. Target Free: 72533K, Actual Free: 17920K, Max CSet: 21333K, Min Garbage: 54613K
[2026-04-03T03:00:44.364+0600][522.991s][info][gc,ergo        ] GC(79) Collectable Garbage: 43064B (100%), Immediate: 0B (0%), CSet: 43064B (100%)
[2026-04-03T03:00:44.370+0600][522.996s][info][gc             ] GC(79) Cancelling GC: Allocation Failure During Evacuation
[2026-04-03T03:00:44.371+0600][522.998s][info][gc             ] GC(79) Cannot finish degeneration, upgrading to Full GC
[2026-04-03T03:00:44.374+0600][523.001s][info][gc,phases,start] GC(79) Phase 1: Mark live objects
[2026-04-03T03:00:44.374+0600][523.001s][info][gc,ref         ] GC(79) Clearing All SoftReferences
[2026-04-03T03:00:44.374+0600][523.001s][info][gc,ref         ] GC(79) Clearing All SoftReferences
[2026-04-03T03:00:48.469+0600][527.096s][info][gc,ref         ] GC(79) Encountered references: Soft: 2442, Weak: 2745, Final: 74, Phantom: 587
[2026-04-03T03:00:48.469+0600][527.096s][info][gc,ref         ] GC(79) Discovered  references: Soft: 241, Weak: 1433, Final: 74, Phantom: 402
[2026-04-03T03:00:48.469+0600][527.096s][info][gc,ref         ] GC(79) Enqueued    references: Soft: 0, Weak: 0, Final: 0, Phantom: 0
[2026-04-03T03:00:48.471+0600][527.098s][info][gc,phases      ] GC(79) Phase 1: Mark live objects 4096.995ms
[2026-04-03T03:00:48.471+0600][527.098s][info][gc,phases,start] GC(79) Phase 2: Compute new object addresses
[2026-04-03T03:00:48.560+0600][527.186s][info][gc,phases      ] GC(79) Phase 2: Compute new object addresses 88.799ms
[2026-04-03T03:00:48.560+0600][527.187s][info][gc,phases,start] GC(79) Phase 3: Adjust pointers
[2026-04-03T03:00:48.659+0600][527.285s][info][gc,phases      ] GC(79) Phase 3: Adjust pointers 98.919ms
[2026-04-03T03:00:48.659+0600][527.286s][info][gc,phases,start] GC(79) Phase 4: Move objects
[2026-04-03T03:00:48.752+0600][527.378s][info][gc,phases      ] GC(79) Phase 4: Move objects 92.624ms
[2026-04-03T03:00:48.752+0600][527.378s][info][gc,ergo        ] GC(79) Bad progress for free space: 78576B, need 5120K
[2026-04-03T03:00:48.752+0600][527.378s][info][gc             ] GC(79) Pause Degenerated GC (Outside of Cycle) 481M->481M(500M) 7739.816ms
[2026-04-03T03:00:48.752+0600][527.379s][info][gc,ergo        ] Free: 78576B, Max: 16224B regular, 0B humongous, Frag: 0% external, 99% internal; Reserve: 17920K, Max: 256K
[2026-04-03T03:00:48.752+0600][527.379s][info][gc,stats       ] 
[2026-04-03T03:00:48.752+0600][527.379s][info][gc,stats       ] All times are wall-clock times, except per-root-class counters, that are sum over
[2026-04-03T03:00:48.752+0600][527.379s][info][gc,stats       ] all workers. Dividing the <total> over the root stage time estimates parallelism.
[2026-04-03T03:00:48.752+0600][527.379s][info][gc,stats       ] 
[2026-04-03T03:00:48.752+0600][527.379s][info][gc,stats       ] Pause Degenerated GC (G)        7739936 us
[2026-04-03T03:00:48.752+0600][527.379s][info][gc,stats       ] Pause Degenerated GC (N)        7739824 us
[2026-04-03T03:00:48.752+0600][527.379s][info][gc,stats       ]   Degen STW Mark                3348922 us, parallelism: 6.00x
[2026-04-03T03:00:48.752+0600][527.379s][info][gc,stats       ]     DSM: <total>               20087300 us
[2026-04-03T03:00:48.752+0600][527.379s][info][gc,stats       ]     DSM: Thread Roots               733 us, workers (us): 155, 217, 107,  73,  70, 111, 
[2026-04-03T03:00:48.752+0600][527.379s][info][gc,stats       ]     DSM: VM Strong Roots             16 us, workers (us):   0,   0,   8,   7,   0,   0, 
[2026-04-03T03:00:48.752+0600][527.379s][info][gc,stats       ]     DSM: CLDG Roots                 226 us, workers (us): 129,  15,  27,  29,  18,   7, 
[2026-04-03T03:00:48.752+0600][527.379s][info][gc,stats       ]     DSM: Parallel Mark         20086325 us, workers (us): 3347615, 3347639, 3347834, 3347745, 3347721, 3347770, 
[2026-04-03T03:00:48.752+0600][527.379s][info][gc,stats       ]     System Purge                   2560 us
[2026-04-03T03:00:48.752+0600][527.379s][info][gc,stats       ]       Weak References               682 us, parallelism: 0.90x
[2026-04-03T03:00:48.752+0600][527.379s][info][gc,stats       ]         WRP: <total>                617 us
[2026-04-03T03:00:48.752+0600][527.379s][info][gc,stats       ]         WRP: Weak References        617 us, workers (us): 467,  75,  75,   0,   0,   0, 
[2026-04-03T03:00:48.752+0600][527.379s][info][gc,stats       ]       Unload Classes               1600 us, parallelism: 4.44x
[2026-04-03T03:00:48.752+0600][527.379s][info][gc,stats       ]         DCU: <total>               7098 us
[2026-04-03T03:00:48.752+0600][527.379s][info][gc,stats       ]         DCU: Unload Code Caches     7098 us, workers (us): 1262, 1190, 1170, 1165, 1176, 1135, 
[2026-04-03T03:00:48.752+0600][527.379s][info][gc             ] Failed to allocate TLAB, 2656B
[2026-04-03T03:00:48.752+0600][527.379s][info][gc             ] Cancelling GC: Allocation Failure
[2026-04-03T03:00:48.752+0600][527.379s][info][gc,stats       ]       Weak Roots                    208 us, parallelism: 2.46x
[2026-04-03T03:00:48.752+0600][527.379s][info][gc,stats       ]         DWR: <total>                512 us
[2026-04-03T03:00:48.752+0600][527.379s][info][gc,stats       ]         DWR: VM Weak Roots          512 us, workers (us): 153, 114,  88,  62,  56,  38, 
[2026-04-03T03:00:48.752+0600][527.379s][info][gc,stats       ]       CLDG                            2 us
[2026-04-03T03:00:48.752+0600][527.379s][info][gc,stats       ]   Update Region States               20 us
[2026-04-03T03:00:48.752+0600][527.379s][info][gc,stats       ]   Manage GC/TLABs                     8 us
[2026-04-03T03:00:48.752+0600][527.379s][info][gc,stats       ]   Choose Collection Set             170 us
[2026-04-03T03:00:48.752+0600][527.379s][info][gc,stats       ]   Rebuild Free Set                   38 us
[2026-04-03T03:00:48.752+0600][527.379s][info][gc,stats       ]   Evacuation                       6714 us
[2026-04-03T03:00:48.752+0600][527.379s][info][gc,stats       ]   Pre Heap Dump                       2 us
[2026-04-03T03:00:48.753+0600][527.379s][info][gc,stats       ]   Prepare                          2919 us
[2026-04-03T03:00:48.753+0600][527.379s][info][gc,stats       ]     Update Roots                   1829 us, parallelism: 4.94x
[2026-04-03T03:00:48.753+0600][527.379s][info][gc,stats       ]       FU: <total>                  9028 us
[2026-04-03T03:00:48.753+0600][527.379s][info][gc,stats       ]       FU: Thread Roots              641 us, workers (us): 227, 105,   4,   4, 105, 196, 
[2026-04-03T03:00:48.753+0600][527.379s][info][gc,stats       ]       FU: Code Cache Roots         7079 us, workers (us): 1061, 1241, 1338, 1268, 1171, 1000, 
[2026-04-03T03:00:48.753+0600][527.379s][info][gc,stats       ]       FU: VM Strong Roots            15 us, workers (us):  11,   1,   0,   1,   1,   1, 
[2026-04-03T03:00:48.753+0600][527.379s][info][gc,stats       ]       FU: VM Weak Roots             639 us, workers (us): 166, 143, 119,  72,  69,  71, 
[2026-04-03T03:00:48.753+0600][527.379s][info][gc,stats       ]       FU: CLDG Roots                654 us, workers (us):  78,  79,  81, 140, 106, 170, 
[2026-04-03T03:00:48.753+0600][527.379s][info][gc,stats       ]   Mark                          4096940 us, parallelism: 5.99x
[2026-04-03T03:00:48.753+0600][527.379s][info][gc,stats       ]     FM: <total>                24558789 us
[2026-04-03T03:00:48.753+0600][527.379s][info][gc,stats       ]     FM: Thread Roots                827 us, workers (us): 228, 153, 102, 103, 160,  81, 
[2026-04-03T03:00:48.753+0600][527.379s][info][gc,stats       ]     FM: VM Strong Roots              24 us, workers (us):   0,   5,   0,  10,   1,   8, 
[2026-04-03T03:00:48.753+0600][527.379s][info][gc,stats       ]     FM: CLDG Roots                  404 us, workers (us):  11,  57, 222,  52,  22,  41, 
[2026-04-03T03:00:48.753+0600][527.379s][info][gc,stats       ]     FM: Parallel Mark          24557534 us, workers (us): 4092942, 4092956, 4092909, 4093084, 4092785, 4092859, 
[2026-04-03T03:00:48.753+0600][527.379s][info][gc,stats       ]     System Purge                   2379 us
[2026-04-03T03:00:48.753+0600][527.379s][info][gc,stats       ]       Weak References               461 us, parallelism: 1.03x
[2026-04-03T03:00:48.753+0600][527.379s][info][gc,stats       ]         WRP: <total>                474 us
[2026-04-03T03:00:48.753+0600][527.379s][info][gc,stats       ]         WRP: Weak References        474 us, workers (us): 300,  46, 109,  17,   1,   1, 
[2026-04-03T03:00:48.753+0600][527.379s][info][gc,stats       ]       Unload Classes               1641 us, parallelism: 4.71x
[2026-04-03T03:00:48.753+0600][527.379s][info][gc,stats       ]         CU: <total>                7721 us
[2026-04-03T03:00:48.753+0600][527.379s][info][gc,stats       ]         CU: Unload Code Caches     7721 us, workers (us): 1337, 1334, 1306, 1304, 1268, 1171, 
[2026-04-03T03:00:48.753+0600][527.379s][info][gc,stats       ]       Weak Roots                    257 us, parallelism: 2.83x
[2026-04-03T03:00:48.753+0600][527.379s][info][gc,stats       ]         WR: <total>                 726 us
[2026-04-03T03:00:48.753+0600][527.379s][info][gc,stats       ]         WR: VM Weak Roots           726 us, workers (us): 210, 119, 104, 105,  96,  93, 
[2026-04-03T03:00:48.753+0600][527.379s][info][gc,stats       ]       CLDG                            3 us
[2026-04-03T03:00:48.753+0600][527.379s][info][gc,stats       ]   Calculate Addresses             88791 us
[2026-04-03T03:00:48.753+0600][527.379s][info][gc,stats       ]     Regular Objects               88698 us
[2026-04-03T03:00:48.753+0600][527.379s][info][gc,stats       ]     Humongous Objects                29 us
[2026-04-03T03:00:48.753+0600][527.379s][info][gc,stats       ]   Adjust Pointers                 98908 us
[2026-04-03T03:00:48.753+0600][527.379s][info][gc,stats       ]     FA: <total>                    7476 us
[2026-04-03T03:00:48.753+0600][527.379s][info][gc,stats       ]     FA: Thread Roots                489 us, workers (us): 127, 180,  58,   2,   2, 119, 
[2026-04-03T03:00:48.753+0600][527.379s][info][gc,stats       ]     FA: Code Cache Roots           5665 us, workers (us): 877, 829, 860, 1124, 1056, 920, 
[2026-04-03T03:00:48.753+0600][527.379s][info][gc,stats       ]     FA: VM Strong Roots              16 us, workers (us):  13,   1,   1,   1,   1,   1, 
[2026-04-03T03:00:48.753+0600][527.379s][info][gc,stats       ]     FA: VM Weak Roots               708 us, workers (us): 205, 146, 125, 126,  53,  53, 
[2026-04-03T03:00:48.753+0600][527.379s][info][gc,stats       ]     FA: CLDG Roots                  599 us, workers (us):  69,  59, 147, 202,  62,  60, 
[2026-04-03T03:00:48.753+0600][527.379s][info][gc,stats       ]   Copy Objects                    92612 us
[2026-04-03T03:00:48.753+0600][527.379s][info][gc,stats       ]     Regular Objects               91751 us
[2026-04-03T03:00:48.753+0600][527.379s][info][gc,stats       ]     Humongous Objects                24 us
[2026-04-03T03:00:48.753+0600][527.379s][info][gc,stats       ]     Reset Complete Bitmap           614 us
[2026-04-03T03:00:48.753+0600][527.379s][info][gc,stats       ]     Rebuild Region Sets             217 us
[2026-04-03T03:00:48.753+0600][527.379s][info][gc,stats       ]   Post Heap Dump                      1 us
[2026-04-03T03:00:48.753+0600][527.379s][info][gc,stats       ] 
[2026-04-03T03:00:48.753+0600][527.379s][info][gc,stats       ] Allocation pacing accrued:
[2026-04-03T03:00:48.753+0600][527.379s][info][gc,stats       ]       0 of  7742 ms (  0.0%): <total>
[2026-04-03T03:00:48.753+0600][527.379s][info][gc,stats       ]       0 of  7742 ms (  0.0%): <average total>
[2026-04-03T03:00:48.753+0600][527.379s][info][gc,stats       ] 
[2026-04-03T03:00:48.753+0600][527.379s][info][gc,metaspace   ] Metaspace: 49581K(49984K)->49584K(49984K) NonClass: 43389K(43648K)->43391K(43648K) Class: 6192K(6336K)->6193K(6336K)
[2026-04-03T03:00:48.753+0600][527.379s][info][gc,ergo        ] Pacer for Idle. Initial: 10240K, Alloc Tax Rate: 1.0x
[2026-04-03T03:00:48.754+0600][527.380s][info][gc             ] Trigger: Handle Allocation Failure
[2026-04-03T03:00:48.754+0600][527.380s][info][gc,ergo        ] Free: 0B, Max: 0B regular, 0B humongous, Frag: 0% external, 0% internal; Reserve: 17920K, Max: 256K
[2026-04-03T03:00:48.754+0600][527.381s][info][gc,start       ] GC(80) Pause Degenerated GC (Outside of Cycle)
[2026-04-03T03:00:48.754+0600][527.381s][info][gc,task        ] GC(80) Using 6 of 6 workers for stw degenerated gc
[2026-04-03T03:00:48.755+0600][527.381s][info][gc,ref         ] GC(80) Clearing All SoftReferences
[2026-04-03T03:00:52.919+0600][531.546s][info][gc,ref         ] GC(80) Encountered references: Soft: 2443, Weak: 2744, Final: 74, Phantom: 586
[2026-04-03T03:00:52.920+0600][531.546s][info][gc,ref         ] GC(80) Discovered  references: Soft: 244, Weak: 1889, Final: 74, Phantom: 582
[2026-04-03T03:00:52.920+0600][531.546s][info][gc,ref         ] GC(80) Enqueued    references: Soft: 2, Weak: 0, Final: 0, Phantom: 0
[2026-04-03T03:00:52.921+0600][531.548s][info][gc,ergo        ] GC(80) Adaptive CSet Selection. Target Free: 72533K, Actual Free: 17920K, Max CSet: 21333K, Min Garbage: 54613K
[2026-04-03T03:00:52.922+0600][531.548s][info][gc,ergo        ] GC(80) Collectable Garbage: 22624B (100%), Immediate: 0B (0%), CSet: 22624B (100%)
[2026-04-03T03:00:52.927+0600][531.553s][info][gc             ] GC(80) Cancelling GC: Allocation Failure During Evacuation
[2026-04-03T03:00:52.928+0600][531.555s][info][gc             ] GC(80) Cannot finish degeneration, upgrading to Full GC
[2026-04-03T03:00:52.931+0600][531.558s][info][gc,phases,start] GC(80) Phase 1: Mark live objects
[2026-04-03T03:00:52.932+0600][531.558s][info][gc,ref         ] GC(80) Clearing All SoftReferences
[2026-04-03T03:00:52.932+0600][531.558s][info][gc,ref         ] GC(80) Clearing All SoftReferences
[2026-04-03T03:00:56.845+0600][535.472s][info][gc,ref         ] GC(80) Encountered references: Soft: 2441, Weak: 2744, Final: 74, Phantom: 586
[2026-04-03T03:00:56.845+0600][535.472s][info][gc,ref         ] GC(80) Discovered  references: Soft: 238, Weak: 1491, Final: 74, Phantom: 581
[2026-04-03T03:00:56.845+0600][535.472s][info][gc,ref         ] GC(80) Enqueued    references: Soft: 0, Weak: 0, Final: 0, Phantom: 0
[2026-04-03T03:00:56.847+0600][535.473s][info][gc,phases      ] GC(80) Phase 1: Mark live objects 3915.650ms
[2026-04-03T03:00:56.847+0600][535.473s][info][gc,phases,start] GC(80) Phase 2: Compute new object addresses
[2026-04-03T03:00:56.936+0600][535.562s][info][gc,phases      ] GC(80) Phase 2: Compute new object addresses 88.896ms
[2026-04-03T03:00:56.936+0600][535.562s][info][gc,phases,start] GC(80) Phase 3: Adjust pointers
[2026-04-03T03:00:57.033+0600][535.659s][info][gc,phases      ] GC(80) Phase 3: Adjust pointers 96.893ms
[2026-04-03T03:00:57.033+0600][535.659s][info][gc,phases,start] GC(80) Phase 4: Move objects
[2026-04-03T03:00:57.125+0600][535.752s][info][gc,phases      ] GC(80) Phase 4: Move objects 92.086ms
[2026-04-03T03:00:57.125+0600][535.752s][info][gc,ergo        ] GC(80) Bad progress for free space: 306K, need 5120K
[2026-04-03T03:00:57.125+0600][535.752s][info][gc             ] GC(80) Pause Degenerated GC (Outside of Cycle) 481M->481M(500M) 8371.066ms
[2026-04-03T03:00:57.126+0600][535.752s][info][gc,ergo        ] Free: 290K, Max: 128K regular, 0B humongous, Frag: 0% external, 99% internal; Reserve: 17664K, Max: 256K
[2026-04-03T03:00:57.126+0600][535.752s][info][gc,stats       ] 
[2026-04-03T03:00:57.126+0600][535.752s][info][gc,stats       ] All times are wall-clock times, except per-root-class counters, that are sum over
[2026-04-03T03:00:57.126+0600][535.752s][info][gc,stats       ] all workers. Dividing the <total> over the root stage time estimates parallelism.
[2026-04-03T03:00:57.126+0600][535.752s][info][gc,stats       ] 
[2026-04-03T03:00:57.126+0600][535.752s][info][gc,stats       ] Pause Degenerated GC (G)        8371470 us
[2026-04-03T03:00:57.126+0600][535.752s][info][gc,stats       ] Pause Degenerated GC (N)        8371077 us
[2026-04-03T03:00:57.126+0600][535.752s][info][gc,stats       ]   Degen STW Mark                4164178 us, parallelism: 6.00x
[2026-04-03T03:00:57.126+0600][535.752s][info][gc,stats       ]     DSM: <total>               24977064 us
[2026-04-03T03:00:57.126+0600][535.752s][info][gc,stats       ]     DSM: Thread Roots               773 us, workers (us): 117, 281,  73, 155,  82,  66, 
[2026-04-03T03:00:57.126+0600][535.752s][info][gc,stats       ]     DSM: VM Strong Roots             15 us, workers (us):   0,   0,   4,   0,   5,   4, 
[2026-04-03T03:00:57.126+0600][535.752s][info][gc,stats       ]     DSM: CLDG Roots                 192 us, workers (us): 110,   7,  25,  22,   6,  22, 
[2026-04-03T03:00:57.126+0600][535.752s][info][gc,stats       ]     DSM: Parallel Mark         24976085 us, workers (us): 4162484, 4162622, 4162785, 4162579, 4162807, 4162808, 
[2026-04-03T03:00:57.126+0600][535.752s][info][gc,stats       ]     System Purge                   2550 us
[2026-04-03T03:00:57.126+0600][535.752s][info][gc,stats       ]       Weak References               749 us, parallelism: 0.76x
[2026-04-03T03:00:57.126+0600][535.752s][info][gc,stats       ]         WRP: <total>                569 us
[2026-04-03T03:00:57.126+0600][535.752s][info][gc,stats       ]         WRP: Weak References        569 us, workers (us): 117, 401,  25,  24,   1,   0, 
[2026-04-03T03:00:57.126+0600][535.752s][info][gc,stats       ]       Unload Classes               1546 us, parallelism: 4.89x
[2026-04-03T03:00:57.126+0600][535.752s][info][gc,stats       ]         DCU: <total>               7558 us
[2026-04-03T03:00:57.126+0600][535.752s][info][gc,stats       ]         DCU: Unload Code Caches     7558 us, workers (us): 1289, 1309, 1258, 1232, 1229, 1241, 
[2026-04-03T03:00:57.126+0600][535.752s][info][gc,stats       ]       Weak Roots                    237 us, parallelism: 2.19x
[2026-04-03T03:00:57.126+0600][535.752s][info][gc,stats       ]         DWR: <total>                519 us
[2026-04-03T03:00:57.126+0600][535.752s][info][gc,stats       ]         DWR: VM Weak Roots          519 us, workers (us): 178,  72,  73,  70,  66,  60, 
[2026-04-03T03:00:57.126+0600][535.752s][info][gc,stats       ]       CLDG                            3 us
[2026-04-03T03:00:57.126+0600][535.752s][info][gc,stats       ]   Update Region States               37 us
[2026-04-03T03:00:57.126+0600][535.752s][info][gc,stats       ]   Manage GC/TLABs                     7 us
[2026-04-03T03:00:57.126+0600][535.752s][info][gc,stats       ]   Choose Collection Set             170 us
[2026-04-03T03:00:57.126+0600][535.752s][info][gc,stats       ]   Rebuild Free Set                   39 us
[2026-04-03T03:00:57.126+0600][535.752s][info][gc,stats       ]   Evacuation                       6437 us
[2026-04-03T03:00:57.126+0600][535.752s][info][gc,stats       ]   Pre Heap Dump                       1 us
[2026-04-03T03:00:57.126+0600][535.752s][info][gc,stats       ]   Prepare                          2970 us
[2026-04-03T03:00:57.126+0600][535.752s][info][gc,stats       ]     Update Roots                   1844 us, parallelism: 4.91x
[2026-04-03T03:00:57.126+0600][535.752s][info][gc,stats       ]       FU: <total>                  9045 us
[2026-04-03T03:00:57.126+0600][535.752s][info][gc,stats       ]       FU: Thread Roots              864 us, workers (us): 282, 214,  59,   4,  61, 244, 
[2026-04-03T03:00:57.126+0600][535.752s][info][gc,stats       ]       FU: Code Cache Roots         6992 us, workers (us): 1154, 1056, 1170, 1348, 1206, 1058, 
[2026-04-03T03:00:57.126+0600][535.752s][info][gc,stats       ]       FU: VM Strong Roots            13 us, workers (us):   9,   1,   1,   1,   1,   1, 
[2026-04-03T03:00:57.126+0600][535.752s][info][gc,stats       ]       FU: VM Weak Roots             763 us, workers (us): 188, 140, 128, 129,  90,  88, 
[2026-04-03T03:00:57.126+0600][535.752s][info][gc,stats       ]       FU: CLDG Roots                412 us, workers (us): 102,  48, 110,  48,  55,  49, 
[2026-04-03T03:00:57.126+0600][535.752s][info][gc,stats       ]   Mark                          3915605 us, parallelism: 6.00x
[2026-04-03T03:00:57.126+0600][535.752s][info][gc,stats       ]     FM: <total>                23474323 us
[2026-04-03T03:00:57.126+0600][535.752s][info][gc,stats       ]     FM: Thread Roots                929 us, workers (us): 206, 325, 117, 136,  73,  72, 
[2026-04-03T03:00:57.126+0600][535.752s][info][gc,stats       ]     FM: VM Strong Roots              23 us, workers (us):   1,   0,   7,   1,   7,   8, 
[2026-04-03T03:00:57.126+0600][535.752s][info][gc,stats       ]     FM: CLDG Roots                  267 us, workers (us): 139,  10,  29,  21,  35,  34, 
[2026-04-03T03:00:57.126+0600][535.752s][info][gc,stats       ]     FM: Parallel Mark          23473104 us, workers (us): 3912117, 3912007, 3912319, 3912294, 3912141, 3912226, 
[2026-04-03T03:00:57.126+0600][535.752s][info][gc,stats       ]     System Purge                   2101 us
[2026-04-03T03:00:57.126+0600][535.752s][info][gc,stats       ]       Weak References               327 us, parallelism: 1.00x
[2026-04-03T03:00:57.126+0600][535.752s][info][gc,stats       ]         WRP: <total>                326 us
[2026-04-03T03:00:57.126+0600][535.752s][info][gc,stats       ]         WRP: Weak References        326 us, workers (us): 174,  66,  32,  32,   6,  17, 
[2026-04-03T03:00:57.126+0600][535.753s][info][gc,stats       ]       Unload Classes               1519 us, parallelism: 5.32x
[2026-04-03T03:00:57.126+0600][535.753s][info][gc,stats       ]         CU: <total>                8086 us
[2026-04-03T03:00:57.126+0600][535.753s][info][gc,stats       ]         CU: Unload Code Caches     8086 us, workers (us): 1378, 1367, 1352, 1369, 1320, 1301, 
[2026-04-03T03:00:57.126+0600][535.753s][info][gc,stats       ]       Weak Roots                    238 us, parallelism: 3.11x
[2026-04-03T03:00:57.126+0600][535.753s][info][gc,stats       ]         WR: <total>                 741 us
[2026-04-03T03:00:57.126+0600][535.753s][info][gc,stats       ]         WR: VM Weak Roots           741 us, workers (us): 192, 119, 116, 113, 109,  93, 
[2026-04-03T03:00:57.126+0600][535.753s][info][gc,stats       ]       CLDG                            3 us
[2026-04-03T03:00:57.126+0600][535.753s][info][gc,stats       ]   Calculate Addresses             88887 us
[2026-04-03T03:00:57.126+0600][535.753s][info][gc,stats       ]     Regular Objects               88792 us
[2026-04-03T03:00:57.126+0600][535.753s][info][gc,stats       ]     Humongous Objects                25 us
[2026-04-03T03:00:57.126+0600][535.753s][info][gc,stats       ]   Adjust Pointers                 96884 us
[2026-04-03T03:00:57.126+0600][535.753s][info][gc,stats       ]     FA: <total>                    6865 us
[2026-04-03T03:00:57.126+0600][535.753s][info][gc,stats       ]     FA: Thread Roots                620 us, workers (us): 276,  76, 102,  40,   3, 122, 
[2026-04-03T03:00:57.126+0600][535.753s][info][gc,stats       ]     FA: Code Cache Roots           5156 us, workers (us): 729, 849, 860, 921, 966, 832, 
[2026-04-03T03:00:57.126+0600][535.753s][info][gc,stats       ]     FA: VM Strong Roots              19 us, workers (us):  12,   2,   2,   2,   1,   1, 
[2026-04-03T03:00:57.126+0600][535.753s][info][gc,stats       ]     FA: VM Weak Roots               549 us, workers (us): 145, 127,  93,  91,  62,  32, 
[2026-04-03T03:00:57.126+0600][535.753s][info][gc,stats       ]     FA: CLDG Roots                  521 us, workers (us): 161, 119,  56,  58,  59,  67, 
[2026-04-03T03:00:57.126+0600][535.753s][info][gc,stats       ]   Copy Objects                    92075 us
[2026-04-03T03:00:57.126+0600][535.753s][info][gc,stats       ]     Regular Objects               91157 us
[2026-04-03T03:00:57.126+0600][535.753s][info][gc,stats       ]     Humongous Objects                49 us
[2026-04-03T03:00:57.126+0600][535.753s][info][gc,stats       ]     Reset Complete Bitmap           657 us
[2026-04-03T03:00:57.126+0600][535.753s][info][gc,stats       ]     Rebuild Region Sets             209 us
[2026-04-03T03:00:57.126+0600][535.753s][info][gc,stats       ]   Post Heap Dump                      1 us
[2026-04-03T03:00:57.126+0600][535.753s][info][gc,stats       ] 
[2026-04-03T03:00:57.126+0600][535.753s][info][gc,stats       ] Allocation pacing accrued:
[2026-04-03T03:00:57.126+0600][535.753s][info][gc             ] Failed to allocate TLAB, 2720B
[2026-04-03T03:00:57.126+0600][535.753s][info][gc             ] Cancelling GC: Allocation Failure
[2026-04-03T03:00:57.126+0600][535.753s][info][gc,stats       ]       0 of  8374 ms (  0.0%): <total>
[2026-04-03T03:00:57.126+0600][535.753s][info][gc,stats       ]       0 of  8374 ms (  0.0%): <average total>
[2026-04-03T03:00:57.126+0600][535.753s][info][gc,stats       ] 
[2026-04-03T03:00:57.127+0600][535.753s][info][gc,metaspace   ] Metaspace: 49584K(49984K)->49591K(49984K) NonClass: 43391K(43648K)->43396K(43648K) Class: 6193K(6336K)->6195K(6336K)
[2026-04-03T03:00:57.127+0600][535.753s][info][gc,ergo        ] Pacer for Idle. Initial: 10240K, Alloc Tax Rate: 1.0x
[2026-04-03T03:00:57.128+0600][535.754s][info][gc             ] Trigger: Handle Allocation Failure
[2026-04-03T03:00:57.128+0600][535.754s][info][gc,ergo        ] Free: 0B, Max: 0B regular, 0B humongous, Frag: 0% external, 0% internal; Reserve: 17664K, Max: 256K
[2026-04-03T03:00:57.128+0600][535.754s][info][gc,start       ] GC(81) Pause Degenerated GC (Outside of Cycle)
[2026-04-03T03:00:57.128+0600][535.754s][info][gc,task        ] GC(81) Using 6 of 6 workers for stw degenerated gc
[2026-04-03T03:00:57.128+0600][535.755s][info][gc,ref         ] GC(81) Clearing All SoftReferences
[2026-04-03T03:01:01.435+0600][540.062s][info][gc,ref         ] GC(81) Encountered references: Soft: 2445, Weak: 2751, Final: 74, Phantom: 586
[2026-04-03T03:01:01.436+0600][540.062s][info][gc,ref         ] GC(81) Discovered  references: Soft: 239, Weak: 1539, Final: 74, Phantom: 582
[2026-04-03T03:01:01.436+0600][540.062s][info][gc,ref         ] GC(81) Enqueued    references: Soft: 1, Weak: 3, Final: 0, Phantom: 0
[2026-04-03T03:01:01.437+0600][540.064s][info][gc,ergo        ] GC(81) Adaptive CSet Selection. Target Free: 72533K, Actual Free: 17664K, Max CSet: 21333K, Min Garbage: 54869K
[2026-04-03T03:01:01.438+0600][540.064s][info][gc,ergo        ] GC(81) Collectable Garbage: 108K (100%), Immediate: 0B (0%), CSet: 108K (100%)
[2026-04-03T03:01:01.443+0600][540.069s][info][gc             ] GC(81) Cancelling GC: Allocation Failure During Evacuation
[2026-04-03T03:01:01.444+0600][540.071s][info][gc             ] GC(81) Cannot finish degeneration, upgrading to Full GC
[2026-04-03T03:01:01.447+0600][540.074s][info][gc,phases,start] GC(81) Phase 1: Mark live objects
[2026-04-03T03:01:01.448+0600][540.074s][info][gc,ref         ] GC(81) Clearing All SoftReferences
[2026-04-03T03:01:01.448+0600][540.074s][info][gc,ref         ] GC(81) Clearing All SoftReferences
[2026-04-03T03:01:04.743+0600][543.369s][info][gc,ref         ] GC(81) Encountered references: Soft: 2444, Weak: 2748, Final: 74, Phantom: 586
[2026-04-03T03:01:04.743+0600][543.369s][info][gc,ref         ] GC(81) Discovered  references: Soft: 240, Weak: 1407, Final: 74, Phantom: 582
[2026-04-03T03:01:04.743+0600][543.369s][info][gc,ref         ] GC(81) Enqueued    references: Soft: 0, Weak: 0, Final: 0, Phantom: 0
[2026-04-03T03:01:04.744+0600][543.371s][info][gc,phases      ] GC(81) Phase 1: Mark live objects 3296.930ms
[2026-04-03T03:01:04.744+0600][543.371s][info][gc,phases,start] GC(81) Phase 2: Compute new object addresses
[2026-04-03T03:01:04.837+0600][543.464s][info][gc,phases      ] GC(81) Phase 2: Compute new object addresses 92.713ms
[2026-04-03T03:01:04.837+0600][543.464s][info][gc,phases,start] GC(81) Phase 3: Adjust pointers
[2026-04-03T03:01:04.935+0600][543.561s][info][gc,phases      ] GC(81) Phase 3: Adjust pointers 97.415ms
[2026-04-03T03:01:04.935+0600][543.561s][info][gc,phases,start] GC(81) Phase 4: Move objects
[2026-04-03T03:01:05.028+0600][543.655s][info][gc,phases      ] GC(81) Phase 4: Move objects 93.607ms
[2026-04-03T03:01:05.029+0600][543.655s][info][gc,ergo        ] GC(81) Bad progress for free space: 399K, need 5120K
[2026-04-03T03:01:05.029+0600][543.655s][info][gc             ] GC(81) Pause Degenerated GC (Outside of Cycle) 481M->481M(500M) 7900.722ms
[2026-04-03T03:01:05.029+0600][543.655s][info][gc,ergo        ] Free: 399K, Max: 103K regular, 0B humongous, Frag: 0% external, 99% internal; Reserve: 17408K, Max: 256K
[2026-04-03T03:01:05.029+0600][543.655s][info][gc,stats       ] 
[2026-04-03T03:01:05.029+0600][543.655s][info][gc,stats       ] All times are wall-clock times, except per-root-class counters, that are sum over
[2026-04-03T03:01:05.029+0600][543.655s][info][gc,stats       ] all workers. Dividing the <total> over the root stage time estimates parallelism.
[2026-04-03T03:01:05.029+0600][543.655s][info][gc,stats       ] 
[2026-04-03T03:01:05.029+0600][543.655s][info][gc,stats       ] Pause Degenerated GC (G)        7900958 us
[2026-04-03T03:01:05.029+0600][543.655s][info][gc,stats       ] Pause Degenerated GC (N)        7900739 us
[2026-04-03T03:01:05.029+0600][543.655s][info][gc,stats       ]   Degen STW Mark                4307068 us, parallelism: 6.00x
[2026-04-03T03:01:05.029+0600][543.655s][info][gc,stats       ]     DSM: <total>               25836808 us
[2026-04-03T03:01:05.029+0600][543.655s][info][gc,stats       ]     DSM: Thread Roots               952 us, workers (us): 132, 146,  84, 287, 240,  63, 
[2026-04-03T03:01:05.029+0600][543.655s][info][gc,stats       ]     DSM: VM Strong Roots             18 us, workers (us):   0,   5,   7,   0,   0,   6, 
[2026-04-03T03:01:05.029+0600][543.655s][info][gc,stats       ]     DSM: CLDG Roots                 202 us, workers (us): 115,  15,  27,   7,  14,  23, 
[2026-04-03T03:01:05.029+0600][543.655s][info][gc,stats       ]     DSM: Parallel Mark         25835636 us, workers (us): 4306009, 4305966, 4305986, 4305757, 4305829, 4306090, 
[2026-04-03T03:01:05.029+0600][543.655s][info][gc,stats       ]     System Purge                   2144 us
[2026-04-03T03:01:05.029+0600][543.655s][info][gc,stats       ]       Weak References               364 us, parallelism: 0.90x
[2026-04-03T03:01:05.029+0600][543.655s][info][gc,stats       ]         WRP: <total>                328 us
[2026-04-03T03:01:05.029+0600][543.655s][info][gc,stats       ]         WRP: Weak References        328 us, workers (us):  74, 166,  87,   0,   0,   0, 
[2026-04-03T03:01:05.029+0600][543.655s][info][gc,stats       ]       Unload Classes               1465 us, parallelism: 5.27x
[2026-04-03T03:01:05.029+0600][543.655s][info][gc,stats       ]         DCU: <total>               7725 us
[2026-04-03T03:01:05.029+0600][543.655s][info][gc,stats       ]         DCU: Unload Code Caches     7725 us, workers (us): 1359, 1292, 1294, 1275, 1261, 1243, 
[2026-04-03T03:01:05.029+0600][543.655s][info][gc,stats       ]       Weak Roots                    294 us, parallelism: 1.99x
[2026-04-03T03:01:05.029+0600][543.655s][info][gc,stats       ]         DWR: <total>                584 us
[2026-04-03T03:01:05.029+0600][543.655s][info][gc,stats       ]         DWR: VM Weak Roots          584 us, workers (us): 157, 154,  86,  82,  53,  52, 
[2026-04-03T03:01:05.029+0600][543.655s][info][gc,stats       ]       CLDG                            2 us
[2026-04-03T03:01:05.029+0600][543.655s][info][gc,stats       ]   Update Region States               37 us
[2026-04-03T03:01:05.029+0600][543.655s][info][gc,stats       ]   Manage GC/TLABs                     8 us
[2026-04-03T03:01:05.029+0600][543.655s][info][gc,stats       ]   Choose Collection Set             174 us
[2026-04-03T03:01:05.029+0600][543.655s][info][gc,stats       ]   Rebuild Free Set                   39 us
[2026-04-03T03:01:05.029+0600][543.655s][info][gc,stats       ]   Evacuation                       6412 us
[2026-04-03T03:01:05.029+0600][543.655s][info][gc,stats       ]   Pre Heap Dump                       1 us
[2026-04-03T03:01:05.029+0600][543.655s][info][gc,stats       ]   Prepare                          2992 us
[2026-04-03T03:01:05.029+0600][543.655s][info][gc,stats       ]     Update Roots                   1889 us, parallelism: 4.88x
[2026-04-03T03:01:05.029+0600][543.655s][info][gc,stats       ]       FU: <total>                  9222 us
[2026-04-03T03:01:05.029+0600][543.655s][info][gc,stats       ]       FU: Thread Roots              692 us, workers (us): 220,   5,   3, 121, 167, 175, 
[2026-04-03T03:01:05.029+0600][543.655s][info][gc,stats       ]       FU: Code Cache Roots         7129 us, workers (us): 1067, 1279, 1370, 1166, 1141, 1107, 
[2026-04-03T03:01:05.029+0600][543.655s][info][gc,stats       ]       FU: VM Strong Roots            16 us, workers (us):  12,   1,   1,   1,   1,   1, 
[2026-04-03T03:01:05.029+0600][543.655s][info][gc,stats       ]       FU: VM Weak Roots             758 us, workers (us): 200, 136, 136,  95,  97,  94, 
[2026-04-03T03:01:05.029+0600][543.655s][info][gc,stats       ]       FU: CLDG Roots                627 us, workers (us):  80, 172,  89,  80,  79, 127, 
[2026-04-03T03:01:05.029+0600][543.655s][info][gc,stats       ]   Mark                          3296881 us, parallelism: 6.00x
[2026-04-03T03:01:05.029+0600][543.655s][info][gc,stats       ]     FM: <total>                19765287 us
[2026-04-03T03:01:05.029+0600][543.655s][info][gc,stats       ]     FM: Thread Roots                801 us, workers (us): 184, 151, 201,  91, 109,  65, 
[2026-04-03T03:01:05.029+0600][543.655s][info][gc,stats       ]     FM: VM Strong Roots              20 us, workers (us):   0,   1,   0,   8,   0,  10, 
[2026-04-03T03:01:05.029+0600][543.655s][info][gc,stats       ]     FM: CLDG Roots                  261 us, workers (us): 139,  25,   8,  32,  21,  35, 
[2026-04-03T03:01:05.029+0600][543.655s][info][gc,stats       ]     FM: Parallel Mark          19764205 us, workers (us): 3294063, 3294135, 3294012, 3294123, 3294067, 3293805, 
[2026-04-03T03:01:05.029+0600][543.655s][info][gc,stats       ]     System Purge                   1821 us
[2026-04-03T03:01:05.029+0600][543.655s][info][gc,stats       ]       Weak References               243 us, parallelism: 1.19x
[2026-04-03T03:01:05.029+0600][543.656s][info][gc,stats       ]         WRP: <total>                290 us
[2026-04-03T03:01:05.029+0600][543.656s][info][gc,stats       ]         WRP: Weak References        290 us, workers (us):  28,  67, 141,  39,  15,   0, 
[2026-04-03T03:01:05.029+0600][543.656s][info][gc,stats       ]       Unload Classes               1322 us, parallelism: 5.35x
[2026-04-03T03:01:05.029+0600][543.656s][info][gc,stats       ]         CU: <total>                7068 us
[2026-04-03T03:01:05.029+0600][543.656s][info][gc,stats       ]         CU: Unload Code Caches     7068 us, workers (us): 1226, 1158, 1182, 1158, 1189, 1156, 
[2026-04-03T03:01:05.029+0600][543.656s][info][gc,stats       ]       Weak Roots                    238 us, parallelism: 2.37x
[2026-04-03T03:01:05.029+0600][543.656s][info][gc,stats       ]         WR: <total>                 564 us
[2026-04-03T03:01:05.029+0600][543.656s][info][gc,stats       ]         WR: VM Weak Roots           564 us, workers (us): 155,  82,  82,  83,  81,  80, 
[2026-04-03T03:01:05.029+0600][543.656s][info][gc,stats       ]       CLDG                            2 us
[2026-04-03T03:01:05.029+0600][543.656s][info][gc,stats       ]   Calculate Addresses             92687 us
[2026-04-03T03:01:05.029+0600][543.656s][info][gc,stats       ]     Regular Objects               92612 us
[2026-04-03T03:01:05.029+0600][543.656s][info][gc,stats       ]     Humongous Objects                28 us
[2026-04-03T03:01:05.029+0600][543.656s][info][gc,stats       ]   Adjust Pointers                 97405 us
[2026-04-03T03:01:05.029+0600][543.656s][info][gc,stats       ]     FA: <total>                    7209 us
[2026-04-03T03:01:05.029+0600][543.656s][info][gc,stats       ]     FA: Thread Roots                508 us, workers (us): 138,   2, 145,   4, 183,  35, 
[2026-04-03T03:01:05.029+0600][543.656s][info][gc,stats       ]     FA: Code Cache Roots           5532 us, workers (us): 829, 1200, 824, 1036, 809, 834, 
[2026-04-03T03:01:05.029+0600][543.656s][info][gc,stats       ]     FA: VM Strong Roots              16 us, workers (us):  12,   1,   1,   1,   1,   1, 
[2026-04-03T03:01:05.029+0600][543.656s][info][gc,stats       ]     FA: VM Weak Roots               607 us, workers (us): 173, 114,  83,  80,  80,  77, 
[2026-04-03T03:01:05.029+0600][543.656s][info][gc,stats       ]     FA: CLDG Roots                  546 us, workers (us):  69, 148,  57,  59,  59, 156, 
[2026-04-03T03:01:05.029+0600][543.656s][info][gc,stats       ]   Copy Objects                    93594 us
[2026-04-03T03:01:05.029+0600][543.656s][info][gc,stats       ]     Regular Objects               92737 us
[2026-04-03T03:01:05.029+0600][543.656s][info][gc,stats       ]     Humongous Objects                19 us
[2026-04-03T03:01:05.029+0600][543.656s][info][gc,stats       ]     Reset Complete Bitmap           662 us
[2026-04-03T03:01:05.029+0600][543.656s][info][gc,stats       ]     Rebuild Region Sets             173 us
[2026-04-03T03:01:05.029+0600][543.656s][info][gc,stats       ]   Post Heap Dump                      1 us
[2026-04-03T03:01:05.029+0600][543.656s][info][gc,stats       ] 
[2026-04-03T03:01:05.029+0600][543.656s][info][gc,stats       ] Allocation pacing accrued:
[2026-04-03T03:01:05.029+0600][543.656s][info][gc,stats       ]       0 of  7903 ms (  0.0%): <total>
[2026-04-03T03:01:05.029+0600][543.656s][info][gc,stats       ]       0 of  7903 ms (  0.0%): <average total>
[2026-04-03T03:01:05.029+0600][543.656s][info][gc,stats       ] 
[2026-04-03T03:01:05.029+0600][543.656s][info][gc,metaspace   ] Metaspace: 49594K(49984K)->49597K(49984K) NonClass: 43399K(43648K)->43401K(43648K) Class: 6195K(6336K)->6195K(6336K)
[2026-04-03T03:01:05.029+0600][543.656s][info][gc,ergo        ] Pacer for Idle. Initial: 10240K, Alloc Tax Rate: 1.0x
[2026-04-03T03:01:05.030+0600][543.656s][info][gc             ] Failed to allocate TLAB, 2656B
[2026-04-03T03:01:05.030+0600][543.656s][info][gc             ] Cancelling GC: Allocation Failure
[2026-04-03T03:01:05.031+0600][543.657s][info][gc             ] Trigger: Handle Allocation Failure
[2026-04-03T03:01:05.031+0600][543.657s][info][gc,ergo        ] Free: 0B, Max: 0B regular, 0B humongous, Frag: 0% external, 0% internal; Reserve: 17408K, Max: 256K
[2026-04-03T03:01:05.031+0600][543.657s][info][gc,start       ] GC(82) Pause Full
[2026-04-03T03:01:05.031+0600][543.657s][info][gc,task        ] GC(82) Using 6 of 6 workers for full gc
[2026-04-03T03:01:05.031+0600][543.658s][info][gc,phases,start] GC(82) Phase 1: Mark live objects
[2026-04-03T03:01:05.031+0600][543.658s][info][gc,ref         ] GC(82) Clearing All SoftReferences
[2026-04-03T03:01:05.031+0600][543.658s][info][gc,ref         ] GC(82) Clearing All SoftReferences
[2026-04-03T03:01:09.251+0600][547.877s][info][gc,ref         ] GC(82) Encountered references: Soft: 2448, Weak: 2755, Final: 74, Phantom: 586
[2026-04-03T03:01:09.251+0600][547.877s][info][gc,ref         ] GC(82) Discovered  references: Soft: 245, Weak: 1479, Final: 74, Phantom: 512
[2026-04-03T03:01:09.251+0600][547.877s][info][gc,ref         ] GC(82) Enqueued    references: Soft: 3, Weak: 4, Final: 0, Phantom: 0
[2026-04-03T03:01:09.253+0600][547.879s][info][gc,phases      ] GC(82) Phase 1: Mark live objects 4221.827ms
[2026-04-03T03:01:09.253+0600][547.879s][info][gc,phases,start] GC(82) Phase 2: Compute new object addresses
[2026-04-03T03:01:09.335+0600][547.962s][info][gc,phases      ] GC(82) Phase 2: Compute new object addresses 82.460ms
[2026-04-03T03:01:09.336+0600][547.962s][info][gc,phases,start] GC(82) Phase 3: Adjust pointers
[2026-04-03T03:01:09.435+0600][548.061s][info][gc,phases      ] GC(82) Phase 3: Adjust pointers 99.205ms
[2026-04-03T03:01:09.435+0600][548.061s][info][gc,phases,start] GC(82) Phase 4: Move objects
[2026-04-03T03:01:09.526+0600][548.152s][info][gc,phases      ] GC(82) Phase 4: Move objects 90.789ms
[2026-04-03T03:01:09.526+0600][548.152s][info][gc,ergo        ] GC(82) Bad progress for free space: 169K, need 5120K
[2026-04-03T03:01:09.526+0600][548.152s][info][gc             ] GC(82) Pause Full 481M->481M(500M) 4495.000ms
[2026-04-03T03:01:09.526+0600][548.152s][info][gc,ergo        ] Free: 169K, Max: 36952B regular, 0B humongous, Frag: 0% external, 99% internal; Reserve: 17408K, Max: 256K
[2026-04-03T03:01:09.526+0600][548.153s][info][gc,stats       ] 
[2026-04-03T03:01:09.526+0600][548.153s][info][gc,stats       ] All times are wall-clock times, except per-root-class counters, that are sum over
[2026-04-03T03:01:09.526+0600][548.153s][info][gc,stats       ] all workers. Dividing the <total> over the root stage time estimates parallelism.
[2026-04-03T03:01:09.526+0600][548.153s][info][gc,stats       ] 
[2026-04-03T03:01:09.526+0600][548.153s][info][gc,stats       ] Pause Full GC (G)               4495313 us
[2026-04-03T03:01:09.526+0600][548.153s][info][gc,stats       ] Pause Full GC (N)               4495010 us
[2026-04-03T03:01:09.526+0600][548.153s][info][gc,stats       ]   Pre Heap Dump                       1 us
[2026-04-03T03:01:09.526+0600][548.153s][info][gc,stats       ]   Prepare                           209 us
[2026-04-03T03:01:09.526+0600][548.153s][info][gc,stats       ]   Mark                          4221810 us, parallelism: 5.99x
[2026-04-03T03:01:09.526+0600][548.153s][info][gc,stats       ]     FM: <total>                25309311 us
[2026-04-03T03:01:09.526+0600][548.153s][info][gc,stats       ]     FM: Thread Roots                717 us, workers (us): 166, 139, 100, 188,  86,  39, 
[2026-04-03T03:01:09.526+0600][548.153s][info][gc,stats       ]     FM: VM Strong Roots              19 us, workers (us):   0,   4,   4,   0,   4,   5, 
[2026-04-03T03:01:09.526+0600][548.153s][info][gc,stats       ]     FM: CLDG Roots                  199 us, workers (us): 100,  25,  22,   7,  19,  26, 
[2026-04-03T03:01:09.526+0600][548.153s][info][gc,stats       ]     FM: Parallel Mark          25308377 us, workers (us): 4218018, 4218165, 4218170, 4218026, 4218101, 4217896, 
[2026-04-03T03:01:09.526+0600][548.153s][info][gc,stats       ]     System Purge                   2286 us
[2026-04-03T03:01:09.526+0600][548.153s][info][gc,stats       ]       Weak References               434 us, parallelism: 0.96x
[2026-04-03T03:01:09.526+0600][548.153s][info][gc,stats       ]         WRP: <total>                416 us
[2026-04-03T03:01:09.526+0600][548.153s][info][gc,stats       ]         WRP: Weak References        416 us, workers (us): 219, 175,  21,   1,   1,   0, 
[2026-04-03T03:01:09.526+0600][548.153s][info][gc,stats       ]       Unload Classes               1553 us, parallelism: 4.90x
[2026-04-03T03:01:09.526+0600][548.153s][info][gc,stats       ]         CU: <total>                7605 us
[2026-04-03T03:01:09.526+0600][548.153s][info][gc,stats       ]         CU: Unload Code Caches     7605 us, workers (us): 1330, 1314, 1247, 1238, 1250, 1226, 
[2026-04-03T03:01:09.526+0600][548.153s][info][gc,stats       ]       Weak Roots                    231 us, parallelism: 2.26x
[2026-04-03T03:01:09.526+0600][548.153s][info][gc,stats       ]         WR: <total>                 523 us
[2026-04-03T03:01:09.526+0600][548.153s][info][gc,stats       ]         WR: VM Weak Roots           523 us, workers (us): 185, 107,  62,  61,  56,  52, 
[2026-04-03T03:01:09.526+0600][548.153s][info][gc,stats       ]       CLDG                            2 us
[2026-04-03T03:01:09.526+0600][548.153s][info][gc,stats       ]   Calculate Addresses             82450 us
[2026-04-03T03:01:09.526+0600][548.153s][info][gc,stats       ]     Regular Objects               82361 us
[2026-04-03T03:01:09.526+0600][548.153s][info][gc,stats       ]     Humongous Objects                30 us
[2026-04-03T03:01:09.526+0600][548.153s][info][gc,stats       ]   Adjust Pointers                 99194 us
[2026-04-03T03:01:09.526+0600][548.153s][info][gc,stats       ]     FA: <total>                    7390 us
[2026-04-03T03:01:09.526+0600][548.153s][info][gc,stats       ]     FA: Thread Roots                480 us, workers (us): 184,  20,   1,  98,   3, 174, 
[2026-04-03T03:01:09.526+0600][548.153s][info][gc,stats       ]     FA: Code Cache Roots           5723 us, workers (us): 851, 992, 1174, 814, 1065, 828, 
[2026-04-03T03:01:09.526+0600][548.153s][info][gc,stats       ]     FA: VM Strong Roots              18 us, workers (us):  13,   1,   1,   1,   1,   1, 
[2026-04-03T03:01:09.527+0600][548.153s][info][gc,stats       ]     FA: VM Weak Roots               613 us, workers (us): 177, 121,  79,  78,  79,  79, 
[2026-04-03T03:01:09.527+0600][548.153s][info][gc,stats       ]     FA: CLDG Roots                  557 us, workers (us):  61,  64, 138, 162,  60,  71, 
[2026-04-03T03:01:09.527+0600][548.153s][info][gc,stats       ]   Copy Objects                    90776 us
[2026-04-03T03:01:09.527+0600][548.153s][info][gc,stats       ]     Regular Objects               89892 us
[2026-04-03T03:01:09.527+0600][548.153s][info][gc,stats       ]     Humongous Objects                22 us
[2026-04-03T03:01:09.527+0600][548.153s][info][gc,stats       ]     Reset Complete Bitmap           660 us
[2026-04-03T03:01:09.527+0600][548.153s][info][gc,stats       ]     Rebuild Region Sets             200 us
[2026-04-03T03:01:09.527+0600][548.153s][info][gc,stats       ]   Post Heap Dump                      1 us
[2026-04-03T03:01:09.527+0600][548.153s][info][gc,stats       ] 
[2026-04-03T03:01:09.527+0600][548.153s][info][gc,stats       ] Allocation pacing accrued:
[2026-04-03T03:01:09.527+0600][548.153s][info][gc,stats       ]       0 of  4497 ms (  0.0%): <total>
[2026-04-03T03:01:09.527+0600][548.153s][info][gc,stats       ]       0 of  4497 ms (  0.0%): <average total>
[2026-04-03T03:01:09.527+0600][548.153s][info][gc,stats       ] 
[2026-04-03T03:01:09.527+0600][548.153s][info][gc,metaspace   ] Metaspace: 49600K(49984K)->49601K(49984K) NonClass: 43403K(43648K)->43404K(43648K) Class: 6196K(6336K)->6196K(6336K)
[2026-04-03T03:01:09.527+0600][548.153s][info][gc,ergo        ] Pacer for Idle. Initial: 10240K, Alloc Tax Rate: 1.0x
[2026-04-03T03:01:09.527+0600][548.153s][info][gc             ] Failed to allocate TLAB, 4624B
[2026-04-03T03:01:09.527+0600][548.153s][info][gc             ] Cancelling GC: Allocation Failure
[2026-04-03T03:01:09.529+0600][548.155s][info][gc             ] Trigger: Handle Allocation Failure
[2026-04-03T03:01:09.529+0600][548.155s][info][gc,ergo        ] Free: 0B, Max: 0B regular, 0B humongous, Frag: 0% external, 0% internal; Reserve: 17408K, Max: 256K
[2026-04-03T03:01:09.529+0600][548.155s][info][gc,start       ] GC(83) Pause Degenerated GC (Outside of Cycle)
[2026-04-03T03:01:09.529+0600][548.155s][info][gc,task        ] GC(83) Using 6 of 6 workers for stw degenerated gc
[2026-04-03T03:01:09.529+0600][548.156s][info][gc,ref         ] GC(83) Clearing All SoftReferences
[2026-04-03T03:01:13.789+0600][552.415s][info][gc,ref         ] GC(83) Encountered references: Soft: 2446, Weak: 2754, Final: 74, Phantom: 586
[2026-04-03T03:01:13.789+0600][552.415s][info][gc,ref         ] GC(83) Discovered  references: Soft: 234, Weak: 1546, Final: 67, Phantom: 582
[2026-04-03T03:01:13.789+0600][552.415s][info][gc,ref         ] GC(83) Enqueued    references: Soft: 1, Weak: 2, Final: 0, Phantom: 0
[2026-04-03T03:01:13.791+0600][552.418s][info][gc,ergo        ] GC(83) Adaptive CSet Selection. Target Free: 72533K, Actual Free: 17408K, Max CSet: 21333K, Min Garbage: 55125K
[2026-04-03T03:01:13.791+0600][552.418s][info][gc,ergo        ] GC(83) Collectable Garbage: 46376B (100%), Immediate: 0B (0%), CSet: 46376B (100%)
[2026-04-03T03:01:13.797+0600][552.423s][info][gc             ] GC(83) Cancelling GC: Allocation Failure During Evacuation
[2026-04-03T03:01:13.798+0600][552.425s][info][gc             ] GC(83) Cannot finish degeneration, upgrading to Full GC
[2026-04-03T03:01:13.802+0600][552.428s][info][gc,phases,start] GC(83) Phase 1: Mark live objects
[2026-04-03T03:01:13.802+0600][552.429s][info][gc,ref         ] GC(83) Clearing All SoftReferences
[2026-04-03T03:01:13.802+0600][552.429s][info][gc,ref         ] GC(83) Clearing All SoftReferences
[2026-04-03T03:01:17.084+0600][555.710s][info][gc,ref         ] GC(83) Encountered references: Soft: 2445, Weak: 2752, Final: 74, Phantom: 586
[2026-04-03T03:01:17.084+0600][555.710s][info][gc,ref         ] GC(83) Discovered  references: Soft: 248, Weak: 1823, Final: 74, Phantom: 469
[2026-04-03T03:01:17.084+0600][555.710s][info][gc,ref         ] GC(83) Enqueued    references: Soft: 0, Weak: 0, Final: 0, Phantom: 0
[2026-04-03T03:01:17.085+0600][555.712s][info][gc,phases      ] GC(83) Phase 1: Mark live objects 3283.210ms
[2026-04-03T03:01:17.086+0600][555.713s][info][gc,phases,start] GC(83) Phase 2: Compute new object addresses
[2026-04-03T03:01:17.172+0600][555.799s][info][gc,phases      ] GC(83) Phase 2: Compute new object addresses 85.938ms
[2026-04-03T03:01:17.172+0600][555.799s][info][gc,phases,start] GC(83) Phase 3: Adjust pointers
[2026-04-03T03:01:17.272+0600][555.898s][info][gc,phases      ] GC(83) Phase 3: Adjust pointers 99.236ms
[2026-04-03T03:01:17.272+0600][555.898s][info][gc,phases,start] GC(83) Phase 4: Move objects
[2026-04-03T03:01:17.365+0600][555.992s][info][gc,phases      ] GC(83) Phase 4: Move objects 93.403ms
[2026-04-03T03:01:17.365+0600][555.992s][info][gc,ergo        ] GC(83) Bad progress for free space: 332K, need 5120K
[2026-04-03T03:01:17.365+0600][555.992s][info][gc             ] GC(83) Pause Degenerated GC (Outside of Cycle) 481M->481M(500M) 7836.427ms
[2026-04-03T03:01:17.366+0600][555.992s][info][gc,ergo        ] Free: 300K, Max: 156K regular, 0B humongous, Frag: 0% external, 99% internal; Reserve: 17152K, Max: 256K
[2026-04-03T03:01:17.366+0600][555.992s][info][gc,stats       ] 
[2026-04-03T03:01:17.366+0600][555.992s][info][gc,stats       ] All times are wall-clock times, except per-root-class counters, that are sum over
[2026-04-03T03:01:17.366+0600][555.992s][info][gc,stats       ] all workers. Dividing the <total> over the root stage time estimates parallelism.
[2026-04-03T03:01:17.366+0600][555.992s][info][gc,stats       ] 
[2026-04-03T03:01:17.366+0600][555.992s][info][gc,stats       ] Pause Degenerated GC (G)        7836670 us
[2026-04-03T03:01:17.366+0600][555.992s][info][gc,stats       ] Pause Degenerated GC (N)        7836436 us
[2026-04-03T03:01:17.366+0600][555.992s][info][gc,stats       ]   Degen STW Mark                4259041 us, parallelism: 6.00x
[2026-04-03T03:01:17.366+0600][555.992s][info][gc,stats       ]     DSM: <total>               25546680 us
[2026-04-03T03:01:17.366+0600][555.992s][info][gc,stats       ]     DSM: Thread Roots               746 us, workers (us): 144, 138,  70, 169, 159,  67, 
[2026-04-03T03:01:17.366+0600][555.992s][info][gc,stats       ]     DSM: VM Strong Roots             19 us, workers (us):   6,   1,   5,   0,   0,   7, 
[2026-04-03T03:01:17.366+0600][555.992s][info][gc,stats       ]     DSM: CLDG Roots                 219 us, workers (us):  29, 111,  29,   6,  16,  28, 
[2026-04-03T03:01:17.366+0600][555.992s][info][gc,stats       ]     DSM: Parallel Mark         25545695 us, workers (us): 4257614, 4257695, 4257569, 4257539, 4257536, 4257743, 
[2026-04-03T03:01:17.366+0600][555.992s][info][gc,stats       ]     System Purge                   2847 us
[2026-04-03T03:01:17.366+0600][555.992s][info][gc,stats       ]       Weak References               725 us, parallelism: 0.79x
[2026-04-03T03:01:17.366+0600][555.992s][info][gc,stats       ]         WRP: <total>                570 us
[2026-04-03T03:01:17.366+0600][555.992s][info][gc,stats       ]         WRP: Weak References        570 us, workers (us):  52, 352, 127,   1,  31,   7, 
[2026-04-03T03:01:17.366+0600][555.992s][info][gc,stats       ]       Unload Classes               1712 us, parallelism: 5.00x
[2026-04-03T03:01:17.366+0600][555.992s][info][gc,stats       ]         DCU: <total>               8566 us
[2026-04-03T03:01:17.366+0600][555.992s][info][gc,stats       ]         DCU: Unload Code Caches     8566 us, workers (us): 1493, 1466, 1435, 1395, 1377, 1400, 
[2026-04-03T03:01:17.366+0600][555.992s][info][gc,stats       ]       Weak Roots                    396 us, parallelism: 1.53x
[2026-04-03T03:01:17.366+0600][555.992s][info][gc,stats       ]         DWR: <total>                605 us
[2026-04-03T03:01:17.366+0600][555.992s][info][gc,stats       ]         DWR: VM Weak Roots          605 us, workers (us): 105, 104, 105,  98,  96,  96, 
[2026-04-03T03:01:17.366+0600][555.992s][info][gc,stats       ]       CLDG                            2 us
[2026-04-03T03:01:17.366+0600][555.992s][info][gc,stats       ]   Update Region States               25 us
[2026-04-03T03:01:17.366+0600][555.992s][info][gc,stats       ]   Manage GC/TLABs                     8 us
[2026-04-03T03:01:17.366+0600][555.992s][info][gc,stats       ]   Choose Collection Set             203 us
[2026-04-03T03:01:17.366+0600][555.992s][info][gc,stats       ]   Rebuild Free Set                   45 us
[2026-04-03T03:01:17.366+0600][555.992s][info][gc,stats       ]   Evacuation                       6478 us
[2026-04-03T03:01:17.366+0600][555.992s][info][gc,stats       ]   Pre Heap Dump                       1 us
[2026-04-03T03:01:17.366+0600][555.992s][info][gc,stats       ]   Prepare                          3522 us
[2026-04-03T03:01:17.366+0600][555.992s][info][gc,stats       ]     Update Roots                   2257 us, parallelism: 4.29x
[2026-04-03T03:01:17.366+0600][555.992s][info][gc,stats       ]       FU: <total>                  9676 us
[2026-04-03T03:01:17.366+0600][555.992s][info][gc,stats       ]       FU: Thread Roots              723 us, workers (us): 108,   3,  89,  77, 213, 233, 
[2026-04-03T03:01:17.366+0600][555.992s][info][gc,stats       ]       FU: Code Cache Roots         7501 us, workers (us): 1206, 1681, 1225, 1156, 1165, 1069, 
[2026-04-03T03:01:17.366+0600][555.992s][info][gc,stats       ]       FU: VM Strong Roots            20 us, workers (us):   6,   6,   6,   1,   1,   1, 
[2026-04-03T03:01:17.366+0600][555.992s][info][gc,stats       ]       FU: VM Weak Roots             832 us, workers (us): 152, 153, 154, 147, 113, 112, 
[2026-04-03T03:01:17.366+0600][555.992s][info][gc,stats       ]       FU: CLDG Roots                601 us, workers (us):  77, 130,  75, 156,  78,  86, 
[2026-04-03T03:01:17.366+0600][555.992s][info][gc,stats       ]   Mark                          3283123 us, parallelism: 5.99x
[2026-04-03T03:01:17.366+0600][555.992s][info][gc,stats       ]     FM: <total>                19681326 us
[2026-04-03T03:01:17.366+0600][555.992s][info][gc,stats       ]     FM: Thread Roots                806 us, workers (us): 168, 141, 203,  99,  97,  98, 
[2026-04-03T03:01:17.366+0600][555.992s][info][gc,stats       ]     FM: VM Strong Roots              24 us, workers (us):   5,   7,   0,   0,   6,   6, 
[2026-04-03T03:01:17.366+0600][555.992s][info][gc,stats       ]     FM: CLDG Roots                  334 us, workers (us):  33,  34,   9, 189,  36,  34, 
[2026-04-03T03:01:17.366+0600][555.992s][info][gc,stats       ]     FM: Parallel Mark          19680162 us, workers (us): 3280015, 3280140, 3280100, 3279952, 3280089, 3279867, 
[2026-04-03T03:01:17.366+0600][555.992s][info][gc,stats       ]     System Purge                   1773 us
[2026-04-03T03:01:17.366+0600][555.992s][info][gc,stats       ]       Weak References               276 us, parallelism: 0.95x
[2026-04-03T03:01:17.366+0600][555.992s][info][gc,stats       ]         WRP: <total>                262 us
[2026-04-03T03:01:17.366+0600][555.992s][info][gc,stats       ]         WRP: Weak References        262 us, workers (us):  46,  54, 162,   0,   0,   0, 
[2026-04-03T03:01:17.366+0600][555.992s][info][gc,stats       ]       Unload Classes               1332 us, parallelism: 5.17x
[2026-04-03T03:01:17.366+0600][555.992s][info][gc,stats       ]         CU: <total>                6884 us
[2026-04-03T03:01:17.366+0600][555.992s][info][gc,stats       ]         CU: Unload Code Caches     6884 us, workers (us): 1198, 1131, 1147, 1132, 1146, 1130, 
[2026-04-03T03:01:17.366+0600][555.992s][info][gc,stats       ]       Weak Roots                    149 us, parallelism: 3.86x
[2026-04-03T03:01:17.366+0600][555.992s][info][gc,stats       ]         WR: <total>                 576 us
[2026-04-03T03:01:17.366+0600][555.992s][info][gc,stats       ]         WR: VM Weak Roots           576 us, workers (us): 108, 108, 107, 100, 100,  53, 
[2026-04-03T03:01:17.366+0600][555.992s][info][gc,stats       ]       CLDG                            2 us
[2026-04-03T03:01:17.366+0600][555.992s][info][gc,stats       ]   Calculate Addresses             85905 us
[2026-04-03T03:01:17.366+0600][555.992s][info][gc,stats       ]     Regular Objects               85791 us
[2026-04-03T03:01:17.366+0600][555.992s][info][gc,stats       ]     Humongous Objects                32 us
[2026-04-03T03:01:17.366+0600][555.992s][info][gc,stats       ]   Adjust Pointers                 99224 us
[2026-04-03T03:01:17.366+0600][555.992s][info][gc,stats       ]     FA: <total>                    8336 us
[2026-04-03T03:01:17.366+0600][555.992s][info][gc,stats       ]     FA: Thread Roots                623 us, workers (us):  92, 147, 169,   2, 136,  77, 
[2026-04-03T03:01:17.366+0600][555.992s][info][gc,stats       ]     FA: Code Cache Roots           6328 us, workers (us): 939, 1053, 965, 1298, 1006, 1067, 
[2026-04-03T03:01:17.366+0600][555.992s][info][gc,stats       ]     FA: VM Strong Roots              32 us, workers (us):  12,  11,   6,   1,   1,   1, 
[2026-04-03T03:01:17.366+0600][555.992s][info][gc,stats       ]     FA: VM Weak Roots               862 us, workers (us): 188, 193, 185, 126,  88,  82, 
[2026-04-03T03:01:17.366+0600][555.992s][info][gc,stats       ]     FA: CLDG Roots                  491 us, workers (us): 159,  36,  55, 147,  47,  47, 
[2026-04-03T03:01:17.366+0600][555.992s][info][gc,stats       ]   Copy Objects                    93389 us
[2026-04-03T03:01:17.366+0600][555.992s][info][gc,stats       ]     Regular Objects               92548 us
[2026-04-03T03:01:17.366+0600][555.992s][info][gc,stats       ]     Humongous Objects                19 us
[2026-04-03T03:01:17.366+0600][555.992s][info][gc,stats       ]     Reset Complete Bitmap           640 us
[2026-04-03T03:01:17.366+0600][555.993s][info][gc,stats       ]     Rebuild Region Sets             180 us
[2026-04-03T03:01:17.366+0600][555.993s][info][gc,stats       ]   Post Heap Dump                      1 us
[2026-04-03T03:01:17.366+0600][555.993s][info][gc,stats       ] 
[2026-04-03T03:01:17.366+0600][555.993s][info][gc,stats       ] Allocation pacing accrued:
[2026-04-03T03:01:17.366+0600][555.993s][info][gc,stats       ]       0 of  7840 ms (  0.0%): <total>
[2026-04-03T03:01:17.366+0600][555.993s][info][gc,stats       ]       0 of  7840 ms (  0.0%): <average total>
[2026-04-03T03:01:17.366+0600][555.993s][info][gc,stats       ] 
[2026-04-03T03:01:17.366+0600][555.993s][info][gc,metaspace   ] Metaspace: 49604K(49984K)->49606K(49984K) NonClass: 43407K(43648K)->43408K(43648K) Class: 6196K(6336K)->6197K(6336K)
[2026-04-03T03:01:17.366+0600][555.993s][info][gc,ergo        ] Pacer for Idle. Initial: 10240K, Alloc Tax Rate: 1.0x
[2026-04-03T03:01:17.366+0600][555.993s][info][gc             ] Failed to allocate TLAB, 2648B
[2026-04-03T03:01:17.366+0600][555.993s][info][gc             ] Cancelling GC: Allocation Failure
[2026-04-03T03:01:17.367+0600][555.994s][info][gc             ] Trigger: Handle Allocation Failure
[2026-04-03T03:01:17.367+0600][555.994s][info][gc,ergo        ] Free: 0B, Max: 0B regular, 0B humongous, Frag: 0% external, 0% internal; Reserve: 17152K, Max: 256K
[2026-04-03T03:01:17.368+0600][555.994s][info][gc,start       ] GC(84) Pause Degenerated GC (Outside of Cycle)
[2026-04-03T03:01:17.368+0600][555.994s][info][gc,task        ] GC(84) Using 6 of 6 workers for stw degenerated gc
[2026-04-03T03:01:17.368+0600][555.994s][info][gc,ref         ] GC(84) Clearing All SoftReferences
[2026-04-03T03:01:21.708+0600][560.334s][info][gc,ref         ] GC(84) Encountered references: Soft: 2448, Weak: 2758, Final: 74, Phantom: 586
[2026-04-03T03:01:21.708+0600][560.334s][info][gc,ref         ] GC(84) Discovered  references: Soft: 243, Weak: 1806, Final: 74, Phantom: 582
[2026-04-03T03:01:21.708+0600][560.334s][info][gc,ref         ] GC(84) Enqueued    references: Soft: 3, Weak: 5, Final: 0, Phantom: 0
[2026-04-03T03:01:21.709+0600][560.336s][info][gc,ergo        ] GC(84) Adaptive CSet Selection. Target Free: 72533K, Actual Free: 17152K, Max CSet: 21333K, Min Garbage: 55381K
[2026-04-03T03:01:21.710+0600][560.336s][info][gc,ergo        ] GC(84) Collectable Garbage: 112K (100%), Immediate: 0B (0%), CSet: 112K (100%)
[2026-04-03T03:01:21.715+0600][560.341s][info][gc             ] GC(84) Cancelling GC: Allocation Failure During Evacuation
[2026-04-03T03:01:21.716+0600][560.343s][info][gc             ] GC(84) Cannot finish degeneration, upgrading to Full GC
[2026-04-03T03:01:21.719+0600][560.346s][info][gc,phases,start] GC(84) Phase 1: Mark live objects
[2026-04-03T03:01:21.720+0600][560.346s][info][gc,ref         ] GC(84) Clearing All SoftReferences
[2026-04-03T03:01:21.720+0600][560.346s][info][gc,ref         ] GC(84) Clearing All SoftReferences
[2026-04-03T03:01:25.934+0600][564.561s][info][gc,ref         ] GC(84) Encountered references: Soft: 2445, Weak: 2753, Final: 74, Phantom: 586
[2026-04-03T03:01:25.934+0600][564.561s][info][gc,ref         ] GC(84) Discovered  references: Soft: 238, Weak: 1560, Final: 61, Phantom: 582
[2026-04-03T03:01:25.934+0600][564.561s][info][gc,ref         ] GC(84) Enqueued    references: Soft: 0, Weak: 0, Final: 0, Phantom: 0
[2026-04-03T03:01:25.936+0600][564.562s][info][gc,phases      ] GC(84) Phase 1: Mark live objects 4216.569ms
[2026-04-03T03:01:25.936+0600][564.562s][info][gc,phases,start] GC(84) Phase 2: Compute new object addresses
[2026-04-03T03:01:26.024+0600][564.651s][info][gc,phases      ] GC(84) Phase 2: Compute new object addresses 88.225ms
[2026-04-03T03:01:26.024+0600][564.651s][info][gc,phases,start] GC(84) Phase 3: Adjust pointers
[2026-04-03T03:01:26.123+0600][564.749s][info][gc,phases      ] GC(84) Phase 3: Adjust pointers 98.170ms
[2026-04-03T03:01:26.123+0600][564.749s][info][gc,phases,start] GC(84) Phase 4: Move objects
[2026-04-03T03:01:26.214+0600][564.841s][info][gc,phases      ] GC(84) Phase 4: Move objects 91.890ms
[2026-04-03T03:01:26.215+0600][564.841s][info][gc,ergo        ] GC(84) Bad progress for free space: 147K, need 5120K
[2026-04-03T03:01:26.215+0600][564.841s][info][gc             ] GC(84) Pause Degenerated GC (Outside of Cycle) 481M->481M(500M) 8847.131ms
[2026-04-03T03:01:26.215+0600][564.841s][info][gc,ergo        ] Free: 147K, Max: 44352B regular, 0B humongous, Frag: 0% external, 99% internal; Reserve: 17152K, Max: 256K
[2026-04-03T03:01:26.215+0600][564.841s][info][gc,stats       ] 
[2026-04-03T03:01:26.215+0600][564.841s][info][gc,stats       ] All times are wall-clock times, except per-root-class counters, that are sum over
[2026-04-03T03:01:26.215+0600][564.841s][info][gc,stats       ] all workers. Dividing the <total> over the root stage time estimates parallelism.
[2026-04-03T03:01:26.215+0600][564.841s][info][gc,stats       ] 
[2026-04-03T03:01:26.215+0600][564.841s][info][gc,stats       ] Pause Degenerated GC (G)        8847288 us
[2026-04-03T03:01:26.215+0600][564.841s][info][gc,stats       ] Pause Degenerated GC (N)        8847139 us
[2026-04-03T03:01:26.215+0600][564.841s][info][gc,stats       ]   Degen STW Mark                4339375 us, parallelism: 6.00x
[2026-04-03T03:01:26.215+0600][564.841s][info][gc,stats       ]     DSM: <total>               26028976 us
[2026-04-03T03:01:26.215+0600][564.841s][info][gc,stats       ]     DSM: Thread Roots               614 us, workers (us): 215, 115,  97,  72,  59,  55, 
[2026-04-03T03:01:26.215+0600][564.841s][info][gc,stats       ]     DSM: VM Strong Roots             18 us, workers (us):   0,   4,   4,   5,   4,   0, 
[2026-04-03T03:01:26.215+0600][564.841s][info][gc,stats       ]     DSM: CLDG Roots                 239 us, workers (us):   9,  28,  27,  15,  28, 133, 
[2026-04-03T03:01:26.215+0600][564.841s][info][gc,stats       ]     DSM: Parallel Mark         26028105 us, workers (us): 4337933, 4338121, 4337999, 4338008, 4338014, 4338031, 
[2026-04-03T03:01:26.215+0600][564.841s][info][gc,stats       ]     System Purge                   2225 us
[2026-04-03T03:01:26.215+0600][564.841s][info][gc,stats       ]       Weak References               416 us, parallelism: 1.19x
[2026-04-03T03:01:26.215+0600][564.841s][info][gc,stats       ]         WRP: <total>                496 us
[2026-04-03T03:01:26.215+0600][564.841s][info][gc,stats       ]         WRP: Weak References        496 us, workers (us):  75, 161, 259,   0,   1,   0, 
[2026-04-03T03:01:26.215+0600][564.841s][info][gc,stats       ]       Unload Classes               1546 us, parallelism: 5.19x
[2026-04-03T03:01:26.215+0600][564.841s][info][gc,stats       ]         DCU: <total>               8030 us
[2026-04-03T03:01:26.215+0600][564.841s][info][gc,stats       ]         DCU: Unload Code Caches     8030 us, workers (us): 1356, 1349, 1374, 1349, 1291, 1311, 
[2026-04-03T03:01:26.215+0600][564.841s][info][gc,stats       ]       Weak Roots                    184 us, parallelism: 3.37x
[2026-04-03T03:01:26.215+0600][564.841s][info][gc,stats       ]         DWR: <total>                619 us
[2026-04-03T03:01:26.215+0600][564.841s][info][gc,stats       ]         DWR: VM Weak Roots          619 us, workers (us): 145, 138, 129, 127,  47,  33, 
[2026-04-03T03:01:26.215+0600][564.841s][info][gc,stats       ]       CLDG                            3 us
[2026-04-03T03:01:26.215+0600][564.841s][info][gc,stats       ]   Update Region States               22 us
[2026-04-03T03:01:26.215+0600][564.841s][info][gc,stats       ]   Manage GC/TLABs                    23 us
[2026-04-03T03:01:26.215+0600][564.841s][info][gc,stats       ]   Choose Collection Set             187 us
[2026-04-03T03:01:26.215+0600][564.841s][info][gc,stats       ]   Rebuild Free Set                   42 us
[2026-04-03T03:01:26.215+0600][564.841s][info][gc,stats       ]   Evacuation                       6199 us
[2026-04-03T03:01:26.215+0600][564.841s][info][gc,stats       ]   Pre Heap Dump                       1 us
[2026-04-03T03:01:26.215+0600][564.841s][info][gc,stats       ]   Prepare                          3104 us
[2026-04-03T03:01:26.215+0600][564.841s][info][gc,stats       ]     Update Roots                   1944 us, parallelism: 4.56x
[2026-04-03T03:01:26.215+0600][564.841s][info][gc,stats       ]       FU: <total>                  8871 us
[2026-04-03T03:01:26.215+0600][564.841s][info][gc,stats       ]       FU: Thread Roots              710 us, workers (us): 204, 123,   3, 125, 188,  67, 
[2026-04-03T03:01:26.215+0600][564.841s][info][gc,stats       ]       FU: Code Cache Roots         6856 us, workers (us): 950, 1192, 1420, 1100, 1041, 1152, 
[2026-04-03T03:01:26.215+0600][564.841s][info][gc,stats       ]       FU: VM Strong Roots            15 us, workers (us):  10,   1,   1,   1,   1,   1, 
[2026-04-03T03:01:26.215+0600][564.841s][info][gc,stats       ]       FU: VM Weak Roots             648 us, workers (us): 171, 106, 110, 105,  95,  60, 
[2026-04-03T03:01:26.215+0600][564.841s][info][gc,stats       ]       FU: CLDG Roots                643 us, workers (us): 167,  78, 158,  78,  77,  85, 
[2026-04-03T03:01:26.215+0600][564.841s][info][gc,stats       ]   Mark                          4216493 us, parallelism: 6.00x
[2026-04-03T03:01:26.215+0600][564.841s][info][gc,stats       ]     FM: <total>                25281350 us
[2026-04-03T03:01:26.215+0600][564.841s][info][gc,stats       ]     FM: Thread Roots                756 us, workers (us): 214, 113, 115,  93,  77, 145, 
[2026-04-03T03:01:26.215+0600][564.841s][info][gc,stats       ]     FM: VM Strong Roots              24 us, workers (us):   0,   6,   5,   6,   7,   1, 
[2026-04-03T03:01:26.215+0600][564.841s][info][gc,stats       ]     FM: CLDG Roots                  305 us, workers (us): 139,  37,  35,  36,  35,  23, 
[2026-04-03T03:01:26.215+0600][564.842s][info][gc,stats       ]     FM: Parallel Mark          25280265 us, workers (us): 4213132, 4213492, 4213492, 4213403, 4213406, 4213341, 
[2026-04-03T03:01:26.215+0600][564.842s][info][gc,stats       ]     System Purge                   1986 us
[2026-04-03T03:01:26.215+0600][564.842s][info][gc,stats       ]       Weak References               296 us, parallelism: 1.09x
[2026-04-03T03:01:26.215+0600][564.842s][info][gc,stats       ]         WRP: <total>                324 us
[2026-04-03T03:01:26.215+0600][564.842s][info][gc,stats       ]         WRP: Weak References        324 us, workers (us): 169,  46,  84,  24,   0,   1, 
[2026-04-03T03:01:26.215+0600][564.842s][info][gc,stats       ]       Unload Classes               1483 us, parallelism: 5.53x
[2026-04-03T03:01:26.215+0600][564.842s][info][gc,stats       ]         CU: <total>                8202 us
[2026-04-03T03:01:26.215+0600][564.842s][info][gc,stats       ]         CU: Unload Code Caches     8202 us, workers (us): 1356, 1368, 1376, 1385, 1371, 1346, 
[2026-04-03T03:01:26.215+0600][564.842s][info][gc,stats       ]       Weak Roots                    190 us, parallelism: 3.77x
[2026-04-03T03:01:26.215+0600][564.842s][info][gc,stats       ]         WR: <total>                 718 us
[2026-04-03T03:01:26.215+0600][564.842s][info][gc,stats       ]         WR: VM Weak Roots           718 us, workers (us): 158, 154, 154,  90,  90,  71, 
[2026-04-03T03:01:26.215+0600][564.842s][info][gc,stats       ]       CLDG                            2 us
[2026-04-03T03:01:26.215+0600][564.842s][info][gc,stats       ]   Calculate Addresses             88216 us
[2026-04-03T03:01:26.215+0600][564.842s][info][gc,stats       ]     Regular Objects               88113 us
[2026-04-03T03:01:26.215+0600][564.842s][info][gc,stats       ]     Humongous Objects                35 us
[2026-04-03T03:01:26.215+0600][564.842s][info][gc,stats       ]   Adjust Pointers                 98159 us
[2026-04-03T03:01:26.215+0600][564.842s][info][gc,stats       ]     FA: <total>                    7475 us
[2026-04-03T03:01:26.215+0600][564.842s][info][gc             ] Failed to allocate TLAB, 2656B
[2026-04-03T03:01:26.215+0600][564.842s][info][gc             ] Cancelling GC: Allocation Failure
[2026-04-03T03:01:26.215+0600][564.842s][info][gc,stats       ]     FA: Thread Roots                576 us, workers (us): 162,  85, 110, 142,   1,  75, 
[2026-04-03T03:01:26.215+0600][564.842s][info][gc,stats       ]     FA: Code Cache Roots           5609 us, workers (us): 866, 944, 805, 899, 1165, 932, 
[2026-04-03T03:01:26.215+0600][564.842s][info][gc,stats       ]     FA: VM Strong Roots              17 us, workers (us):  13,   1,   1,   1,   1,   1, 
[2026-04-03T03:01:26.215+0600][564.842s][info][gc,stats       ]     FA: VM Weak Roots               606 us, workers (us): 176, 111, 109,  72,  68,  69, 
[2026-04-03T03:01:26.215+0600][564.842s][info][gc,stats       ]     FA: CLDG Roots                  667 us, workers (us):  67,  66, 188,  93, 165,  87, 
[2026-04-03T03:01:26.215+0600][564.842s][info][gc,stats       ]   Copy Objects                    91878 us
[2026-04-03T03:01:26.215+0600][564.842s][info][gc,stats       ]     Regular Objects               91006 us
[2026-04-03T03:01:26.215+0600][564.842s][info][gc,stats       ]     Humongous Objects                21 us
[2026-04-03T03:01:26.215+0600][564.842s][info][gc,stats       ]     Reset Complete Bitmap           664 us
[2026-04-03T03:01:26.215+0600][564.842s][info][gc,stats       ]     Rebuild Region Sets             185 us
[2026-04-03T03:01:26.215+0600][564.842s][info][gc,stats       ]   Post Heap Dump                      1 us
[2026-04-03T03:01:26.215+0600][564.842s][info][gc,stats       ] 
[2026-04-03T03:01:26.215+0600][564.842s][info][gc,stats       ] Allocation pacing accrued:
[2026-04-03T03:01:26.215+0600][564.842s][info][gc,stats       ]       0 of  8849 ms (  0.0%): <total>
[2026-04-03T03:01:26.215+0600][564.842s][info][gc,stats       ]       0 of  8849 ms (  0.0%): <average total>
[2026-04-03T03:01:26.215+0600][564.842s][info][gc,stats       ] 
[2026-04-03T03:01:26.215+0600][564.842s][info][gc,metaspace   ] Metaspace: 49612K(50048K)->49614K(50048K) NonClass: 43414K(43712K)->43416K(43712K) Class: 6198K(6336K)->6198K(6336K)
[2026-04-03T03:01:26.215+0600][564.842s][info][gc,ergo        ] Pacer for Idle. Initial: 10240K, Alloc Tax Rate: 1.0x
[2026-04-03T03:01:26.217+0600][564.843s][info][gc             ] Trigger: Handle Allocation Failure
[2026-04-03T03:01:26.217+0600][564.843s][info][gc,ergo        ] Free: 0B, Max: 0B regular, 0B humongous, Frag: 0% external, 0% internal; Reserve: 17152K, Max: 256K
[2026-04-03T03:01:26.217+0600][564.843s][info][gc,start       ] GC(85) Pause Degenerated GC (Outside of Cycle)
[2026-04-03T03:01:26.217+0600][564.843s][info][gc,task        ] GC(85) Using 6 of 6 workers for stw degenerated gc
[2026-04-03T03:01:26.217+0600][564.843s][info][gc,ref         ] GC(85) Clearing All SoftReferences
[2026-04-03T03:01:30.540+0600][569.167s][info][gc,ref         ] GC(85) Encountered references: Soft: 2445, Weak: 2756, Final: 74, Phantom: 586
[2026-04-03T03:01:30.540+0600][569.167s][info][gc,ref         ] GC(85) Discovered  references: Soft: 248, Weak: 1771, Final: 74, Phantom: 582
[2026-04-03T03:01:30.540+0600][569.167s][info][gc,ref         ] GC(85) Enqueued    references: Soft: 0, Weak: 2, Final: 0, Phantom: 0
[2026-04-03T03:01:30.542+0600][569.169s][info][gc,ergo        ] GC(85) Adaptive CSet Selection. Target Free: 72533K, Actual Free: 17152K, Max CSet: 21333K, Min Garbage: 55381K
[2026-04-03T03:01:30.542+0600][569.169s][info][gc,ergo        ] GC(85) Collectable Garbage: 45624B (100%), Immediate: 0B (0%), CSet: 45624B (100%)
[2026-04-03T03:01:30.548+0600][569.174s][info][gc             ] GC(85) Cancelling GC: Allocation Failure During Evacuation
[2026-04-03T03:01:30.549+0600][569.175s][info][gc             ] GC(85) Cannot finish degeneration, upgrading to Full GC
[2026-04-03T03:01:30.552+0600][569.179s][info][gc,phases,start] GC(85) Phase 1: Mark live objects
[2026-04-03T03:01:30.552+0600][569.179s][info][gc,ref         ] GC(85) Clearing All SoftReferences
[2026-04-03T03:01:30.552+0600][569.179s][info][gc,ref         ] GC(85) Clearing All SoftReferences
[2026-04-03T03:01:34.853+0600][573.479s][info][gc,ref         ] GC(85) Encountered references: Soft: 2445, Weak: 2754, Final: 74, Phantom: 586
[2026-04-03T03:01:34.853+0600][573.479s][info][gc,ref         ] GC(85) Discovered  references: Soft: 247, Weak: 1846, Final: 74, Phantom: 582
[2026-04-03T03:01:34.853+0600][573.479s][info][gc,ref         ] GC(85) Enqueued    references: Soft: 0, Weak: 0, Final: 0, Phantom: 0
[2026-04-03T03:01:34.855+0600][573.481s][info][gc,phases      ] GC(85) Phase 1: Mark live objects 4302.554ms
[2026-04-03T03:01:34.855+0600][573.481s][info][gc,phases,start] GC(85) Phase 2: Compute new object addresses
[2026-04-03T03:01:34.936+0600][573.563s][info][gc,phases      ] GC(85) Phase 2: Compute new object addresses 81.542ms
[2026-04-03T03:01:34.936+0600][573.563s][info][gc,phases,start] GC(85) Phase 3: Adjust pointers
[2026-04-03T03:01:35.035+0600][573.662s][info][gc,phases      ] GC(85) Phase 3: Adjust pointers 98.828ms
[2026-04-03T03:01:35.035+0600][573.662s][info][gc,phases,start] GC(85) Phase 4: Move objects
[2026-04-03T03:01:35.128+0600][573.754s][info][gc,phases      ] GC(85) Phase 4: Move objects 92.709ms
[2026-04-03T03:01:35.128+0600][573.755s][info][gc,ergo        ] GC(85) Bad progress for free space: 338K, need 5120K
[2026-04-03T03:01:35.128+0600][573.755s][info][gc             ] GC(85) Pause Degenerated GC (Outside of Cycle) 481M->481M(500M) 8911.502ms
[2026-04-03T03:01:35.128+0600][573.755s][info][gc,ergo        ] Free: 317K, Max: 101744B regular, 0B humongous, Frag: 0% external, 99% internal; Reserve: 16896K, Max: 256K
[2026-04-03T03:01:35.129+0600][573.755s][info][gc,stats       ] 
[2026-04-03T03:01:35.129+0600][573.755s][info][gc,stats       ] All times are wall-clock times, except per-root-class counters, that are sum over
[2026-04-03T03:01:35.129+0600][573.755s][info][gc,stats       ] all workers. Dividing the <total> over the root stage time estimates parallelism.
[2026-04-03T03:01:35.129+0600][573.755s][info][gc,stats       ] 
[2026-04-03T03:01:35.129+0600][573.755s][info][gc,stats       ] Pause Degenerated GC (G)        8911792 us
[2026-04-03T03:01:35.129+0600][573.755s][info][gc,stats       ] Pause Degenerated GC (N)        8911512 us
[2026-04-03T03:01:35.129+0600][573.755s][info][gc,stats       ]   Degen STW Mark                4322860 us, parallelism: 6.00x
[2026-04-03T03:01:35.129+0600][573.755s][info][gc,stats       ]     DSM: <total>               25929879 us
[2026-04-03T03:01:35.129+0600][573.755s][info][gc,stats       ]     DSM: Thread Roots               595 us, workers (us): 212,  92,  95,  83,  57,  56, 
[2026-04-03T03:01:35.129+0600][573.755s][info][gc,stats       ]     DSM: VM Strong Roots             20 us, workers (us):   0,   4,   4,   0,   5,   6, 
[2026-04-03T03:01:35.129+0600][573.755s][info][gc,stats       ]     DSM: CLDG Roots                 281 us, workers (us):  10,  23,  16, 177,  27,  28, 
[2026-04-03T03:01:35.129+0600][573.755s][info][gc,stats       ]     DSM: Parallel Mark         25928983 us, workers (us): 4321449, 4321590, 4321501, 4321444, 4321495, 4321503, 
[2026-04-03T03:01:35.129+0600][573.755s][info][gc,stats       ]     System Purge                   2213 us
[2026-04-03T03:01:35.129+0600][573.755s][info][gc,stats       ]       Weak References               348 us, parallelism: 1.00x
[2026-04-03T03:01:35.129+0600][573.755s][info][gc,stats       ]         WRP: <total>                348 us
[2026-04-03T03:01:35.129+0600][573.755s][info][gc,stats       ]         WRP: Weak References        348 us, workers (us): 105,  54, 188,   0,   0,   0, 
[2026-04-03T03:01:35.129+0600][573.755s][info][gc,stats       ]       Unload Classes               1650 us, parallelism: 5.21x
[2026-04-03T03:01:35.129+0600][573.755s][info][gc,stats       ]         DCU: <total>               8593 us
[2026-04-03T03:01:35.129+0600][573.755s][info][gc,stats       ]         DCU: Unload Code Caches     8593 us, workers (us): 1473, 1444, 1475, 1446, 1379, 1377, 
[2026-04-03T03:01:35.129+0600][573.755s][info][gc,stats       ]       Weak Roots                    195 us, parallelism: 2.98x
[2026-04-03T03:01:35.129+0600][573.755s][info][gc,stats       ]         DWR: <total>                581 us
[2026-04-03T03:01:35.129+0600][573.755s][info][gc,stats       ]         DWR: VM Weak Roots          581 us, workers (us): 160, 154, 151,  45,  48,  23, 
[2026-04-03T03:01:35.129+0600][573.755s][info][gc,stats       ]       CLDG                            3 us
[2026-04-03T03:01:35.129+0600][573.755s][info][gc,stats       ]   Update Region States               58 us
[2026-04-03T03:01:35.129+0600][573.755s][info][gc,stats       ]   Manage GC/TLABs                     9 us
[2026-04-03T03:01:35.129+0600][573.755s][info][gc,stats       ]   Choose Collection Set             188 us
[2026-04-03T03:01:35.129+0600][573.755s][info][gc,stats       ]   Rebuild Free Set                   43 us
[2026-04-03T03:01:35.129+0600][573.755s][info][gc,stats       ]   Evacuation                       6334 us
[2026-04-03T03:01:35.129+0600][573.755s][info][gc,stats       ]   Pre Heap Dump                       2 us
[2026-04-03T03:01:35.129+0600][573.755s][info][gc,stats       ]   Prepare                          2957 us
[2026-04-03T03:01:35.129+0600][573.755s][info][gc,stats       ]     Update Roots                   1856 us, parallelism: 4.83x
[2026-04-03T03:01:35.129+0600][573.755s][info][gc,stats       ]       FU: <total>                  8957 us
[2026-04-03T03:01:35.129+0600][573.755s][info][gc,stats       ]       FU: Thread Roots              725 us, workers (us): 180, 123, 214,  97,   3, 108, 
[2026-04-03T03:01:35.129+0600][573.755s][info][gc,stats       ]       FU: Code Cache Roots         6882 us, workers (us): 1129, 1142, 1055, 1175, 1305, 1076, 
[2026-04-03T03:01:35.129+0600][573.755s][info][gc,stats       ]       FU: VM Strong Roots            19 us, workers (us):   8,   9,   1,   1,   1,   1, 
[2026-04-03T03:01:35.129+0600][573.755s][info][gc,stats       ]       FU: VM Weak Roots             694 us, workers (us): 197, 195,  94,  72,  73,  62, 
[2026-04-03T03:01:35.129+0600][573.755s][info][gc,stats       ]       FU: CLDG Roots                637 us, workers (us): 136,  90,  83,  83,  82, 163, 
[2026-04-03T03:01:35.129+0600][573.755s][info][gc,stats       ]   Mark                          4302501 us, parallelism: 6.00x
[2026-04-03T03:01:35.129+0600][573.755s][info][gc,stats       ]     FM: <total>                25794360 us
[2026-04-03T03:01:35.129+0600][573.755s][info][gc,stats       ]     FM: Thread Roots                754 us, workers (us): 175, 159, 122, 100,  69, 129, 
[2026-04-03T03:01:35.129+0600][573.755s][info][gc,stats       ]     FM: VM Strong Roots              23 us, workers (us):   0,   5,   5,   7,   5,   0, 
[2026-04-03T03:01:35.129+0600][573.755s][info][gc,stats       ]     FM: CLDG Roots                  307 us, workers (us): 154,  38,  37,  37,  20,  21, 
[2026-04-03T03:01:35.129+0600][573.755s][info][gc,stats       ]     FM: Parallel Mark          25793276 us, workers (us): 4298641, 4298859, 4299005, 4299020, 4298903, 4298848, 
[2026-04-03T03:01:35.129+0600][573.755s][info][gc,stats       ]     System Purge                   2282 us
[2026-04-03T03:01:35.129+0600][573.755s][info][gc,stats       ]       Weak References               477 us, parallelism: 1.06x
[2026-04-03T03:01:35.129+0600][573.755s][info][gc,stats       ]         WRP: <total>                504 us
[2026-04-03T03:01:35.129+0600][573.755s][info][gc,stats       ]         WRP: Weak References        504 us, workers (us): 192, 283,  28,   0,   0,   1, 
[2026-04-03T03:01:35.129+0600][573.755s][info][gc,stats       ]       Unload Classes               1553 us, parallelism: 4.97x
[2026-04-03T03:01:35.129+0600][573.755s][info][gc,stats       ]         CU: <total>                7720 us
[2026-04-03T03:01:35.129+0600][573.755s][info][gc,stats       ]         CU: Unload Code Caches     7720 us, workers (us): 1363, 1274, 1278, 1266, 1276, 1263, 
[2026-04-03T03:01:35.129+0600][573.755s][info][gc,stats       ]       Weak Roots                    234 us, parallelism: 3.11x
[2026-04-03T03:01:35.129+0600][573.755s][info][gc,stats       ]         WR: <total>                 727 us
[2026-04-03T03:01:35.129+0600][573.755s][info][gc,stats       ]         WR: VM Weak Roots           727 us, workers (us): 176, 176, 120,  94,  95,  65, 
[2026-04-03T03:01:35.129+0600][573.755s][info][gc,stats       ]       CLDG                            2 us
[2026-04-03T03:01:35.129+0600][573.755s][info][gc,stats       ]   Calculate Addresses             81534 us
[2026-04-03T03:01:35.129+0600][573.755s][info][gc,stats       ]     Regular Objects               81450 us
[2026-04-03T03:01:35.129+0600][573.755s][info][gc,stats       ]     Humongous Objects                30 us
[2026-04-03T03:01:35.129+0600][573.755s][info][gc,stats       ]   Adjust Pointers                 98817 us
[2026-04-03T03:01:35.129+0600][573.755s][info][gc,stats       ]     FA: <total>                    7811 us
[2026-04-03T03:01:35.129+0600][573.755s][info][gc,stats       ]     FA: Thread Roots                548 us, workers (us): 174,  84,   2,  55,  49, 183, 
[2026-04-03T03:01:35.129+0600][573.755s][info][gc,stats       ]     FA: Code Cache Roots           5880 us, workers (us): 884, 971, 1208, 901, 1010, 905, 
[2026-04-03T03:01:35.129+0600][573.755s][info][gc,stats       ]     FA: VM Strong Roots              19 us, workers (us):  15,   1,   1,   1,   1,   1, 
[2026-04-03T03:01:35.129+0600][573.755s][info][gc,stats       ]     FA: VM Weak Roots               723 us, workers (us): 188, 118, 118, 113, 113,  72, 
[2026-04-03T03:01:35.129+0600][573.755s][info][gc,stats       ]     FA: CLDG Roots                  642 us, workers (us):  72,  72, 166, 173,  75,  84, 
[2026-04-03T03:01:35.129+0600][573.755s][info][gc,stats       ]   Copy Objects                    92697 us
[2026-04-03T03:01:35.129+0600][573.755s][info][gc,stats       ]     Regular Objects               91820 us
[2026-04-03T03:01:35.129+0600][573.755s][info][gc,stats       ]     Humongous Objects                20 us
[2026-04-03T03:01:35.129+0600][573.755s][info][gc,stats       ]     Reset Complete Bitmap           673 us
[2026-04-03T03:01:35.129+0600][573.755s][info][gc,stats       ]     Rebuild Region Sets             181 us
[2026-04-03T03:01:35.129+0600][573.755s][info][gc,stats       ]   Post Heap Dump                      1 us
[2026-04-03T03:01:35.129+0600][573.755s][info][gc,stats       ] 
[2026-04-03T03:01:35.129+0600][573.755s][info][gc,stats       ] Allocation pacing accrued:
[2026-04-03T03:01:35.129+0600][573.755s][info][gc,stats       ]       0 of  8914 ms (  0.0%): <total>
[2026-04-03T03:01:35.129+0600][573.755s][info][gc,stats       ]       0 of  8914 ms (  0.0%): <average total>
[2026-04-03T03:01:35.129+0600][573.755s][info][gc,stats       ] 
[2026-04-03T03:01:35.129+0600][573.755s][info][gc,metaspace   ] Metaspace: 49614K(50048K)->49616K(50048K) NonClass: 43416K(43712K)->43417K(43712K) Class: 6198K(6336K)->6199K(6336K)
[2026-04-03T03:01:35.129+0600][573.755s][info][gc,ergo        ] Pacer for Idle. Initial: 10240K, Alloc Tax Rate: 1.0x
[2026-04-03T03:01:35.129+0600][573.756s][info][gc             ] Failed to allocate TLAB, 2656B
[2026-04-03T03:01:35.129+0600][573.756s][info][gc             ] Cancelling GC: Allocation Failure
[2026-04-03T03:01:35.130+0600][573.757s][info][gc             ] Trigger: Handle Allocation Failure
[2026-04-03T03:01:35.130+0600][573.757s][info][gc,ergo        ] Free: 0B, Max: 0B regular, 0B humongous, Frag: 0% external, 0% internal; Reserve: 16896K, Max: 256K
[2026-04-03T03:01:35.130+0600][573.757s][info][gc,start       ] GC(86) Pause Degenerated GC (Outside of Cycle)
[2026-04-03T03:01:35.130+0600][573.757s][info][gc,task        ] GC(86) Using 6 of 6 workers for stw degenerated gc
[2026-04-03T03:01:35.131+0600][573.757s][info][gc,ref         ] GC(86) Clearing All SoftReferences
[2026-04-03T03:01:38.423+0600][577.049s][info][gc,ref         ] GC(86) Encountered references: Soft: 2449, Weak: 2760, Final: 74, Phantom: 586
[2026-04-03T03:01:38.423+0600][577.049s][info][gc,ref         ] GC(86) Discovered  references: Soft: 244, Weak: 1494, Final: 74, Phantom: 582
[2026-04-03T03:01:38.423+0600][577.049s][info][gc,ref         ] GC(86) Enqueued    references: Soft: 4, Weak: 5, Final: 0, Phantom: 0
[2026-04-03T03:01:38.425+0600][577.051s][info][gc,ergo        ] GC(86) Adaptive CSet Selection. Target Free: 72533K, Actual Free: 16896K, Max CSet: 21333K, Min Garbage: 55637K
[2026-04-03T03:01:38.425+0600][577.052s][info][gc,ergo        ] GC(86) Collectable Garbage: 107K (100%), Immediate: 0B (0%), CSet: 107K (100%)
[2026-04-03T03:01:38.432+0600][577.058s][info][gc             ] GC(86) Cancelling GC: Allocation Failure During Evacuation
[2026-04-03T03:01:38.434+0600][577.060s][info][gc             ] GC(86) Cannot finish degeneration, upgrading to Full GC
[2026-04-03T03:01:38.439+0600][577.065s][info][gc,phases,start] GC(86) Phase 1: Mark live objects
[2026-04-03T03:01:38.439+0600][577.065s][info][gc,ref         ] GC(86) Clearing All SoftReferences
[2026-04-03T03:01:38.439+0600][577.065s][info][gc,ref         ] GC(86) Clearing All SoftReferences
[2026-04-03T03:01:41.575+0600][580.201s][info][gc,ref         ] GC(86) Encountered references: Soft: 2445, Weak: 2755, Final: 74, Phantom: 586
[2026-04-03T03:01:41.575+0600][580.201s][info][gc,ref         ] GC(86) Discovered  references: Soft: 241, Weak: 1479, Final: 74, Phantom: 565
[2026-04-03T03:01:41.575+0600][580.201s][info][gc,ref         ] GC(86) Enqueued    references: Soft: 0, Weak: 0, Final: 0, Phantom: 0
[2026-04-03T03:01:41.577+0600][580.203s][info][gc,phases      ] GC(86) Phase 1: Mark live objects 3138.060ms
[2026-04-03T03:01:41.577+0600][580.203s][info][gc,phases,start] GC(86) Phase 2: Compute new object addresses
[2026-04-03T03:01:41.667+0600][580.293s][info][gc,phases      ] GC(86) Phase 2: Compute new object addresses 90.224ms
[2026-04-03T03:01:41.667+0600][580.293s][info][gc,phases,start] GC(86) Phase 3: Adjust pointers
[2026-04-03T03:01:41.765+0600][580.391s][info][gc,phases      ] GC(86) Phase 3: Adjust pointers 97.884ms
[2026-04-03T03:01:41.765+0600][580.391s][info][gc,phases,start] GC(86) Phase 4: Move objects
[2026-04-03T03:01:41.857+0600][580.483s][info][gc,phases      ] GC(86) Phase 4: Move objects 91.907ms
[2026-04-03T03:01:41.857+0600][580.484s][info][gc,ergo        ] GC(86) Bad progress for free space: 143K, need 5120K
[2026-04-03T03:01:41.857+0600][580.484s][info][gc             ] GC(86) Pause Degenerated GC (Outside of Cycle) 482M->482M(500M) 6726.796ms
[2026-04-03T03:01:41.857+0600][580.484s][info][gc,ergo        ] Free: 143K, Max: 51912B regular, 0B humongous, Frag: 0% external, 99% internal; Reserve: 16896K, Max: 256K
[2026-04-03T03:01:41.857+0600][580.484s][info][gc,stats       ] 
[2026-04-03T03:01:41.857+0600][580.484s][info][gc,stats       ] All times are wall-clock times, except per-root-class counters, that are sum over
[2026-04-03T03:01:41.857+0600][580.484s][info][gc,stats       ] all workers. Dividing the <total> over the root stage time estimates parallelism.
[2026-04-03T03:01:41.857+0600][580.484s][info][gc,stats       ] 
[2026-04-03T03:01:41.857+0600][580.484s][info][gc,stats       ] Pause Degenerated GC (G)        6727074 us
[2026-04-03T03:01:41.857+0600][580.484s][info][gc,stats       ] Pause Degenerated GC (N)        6726813 us
[2026-04-03T03:01:41.857+0600][580.484s][info][gc,stats       ]   Degen STW Mark                3291480 us, parallelism: 6.00x
[2026-04-03T03:01:41.857+0600][580.484s][info][gc,stats       ]     DSM: <total>               19741813 us
[2026-04-03T03:01:41.857+0600][580.484s][info][gc,stats       ]     DSM: Thread Roots               638 us, workers (us): 138,  84, 158, 130,  79,  49, 
[2026-04-03T03:01:41.857+0600][580.484s][info][gc,stats       ]     DSM: VM Strong Roots             18 us, workers (us):   0,   5,   0,   0,   5,   7, 
[2026-04-03T03:01:41.857+0600][580.484s][info][gc,stats       ]     DSM: CLDG Roots                 209 us, workers (us): 110,  25,   7,  14,  28,  26, 
[2026-04-03T03:01:41.858+0600][580.484s][info][gc,stats       ]     DSM: Parallel Mark         19740949 us, workers (us): 3290103, 3290267, 3290215, 3290232, 3289867, 3290265, 
[2026-04-03T03:01:41.858+0600][580.484s][info][gc,stats       ]     System Purge                   2869 us
[2026-04-03T03:01:41.858+0600][580.484s][info][gc,stats       ]       Weak References               464 us, parallelism: 1.13x
[2026-04-03T03:01:41.858+0600][580.484s][info][gc,stats       ]         WRP: <total>                524 us
[2026-04-03T03:01:41.858+0600][580.484s][info][gc,stats       ]         WRP: Weak References        524 us, workers (us): 254, 203,  67,   0,   0,   0, 
[2026-04-03T03:01:41.858+0600][580.484s][info][gc,stats       ]       Unload Classes               2095 us, parallelism: 5.16x
[2026-04-03T03:01:41.858+0600][580.484s][info][gc,stats       ]         DCU: <total>              10804 us
[2026-04-03T03:01:41.858+0600][580.484s][info][gc,stats       ]         DCU: Unload Code Caches    10804 us, workers (us): 1870, 1822, 1844, 1777, 1726, 1765, 
[2026-04-03T03:01:41.858+0600][580.484s][info][gc,stats       ]       Weak Roots                    239 us, parallelism: 3.05x
[2026-04-03T03:01:41.858+0600][580.484s][info][gc,stats       ]         DWR: <total>                729 us
[2026-04-03T03:01:41.858+0600][580.484s][info][gc,stats       ]         DWR: VM Weak Roots          729 us, workers (us): 192, 182, 137,  86,  67,  66, 
[2026-04-03T03:01:41.858+0600][580.484s][info][gc,stats       ]       CLDG                           16 us
[2026-04-03T03:01:41.858+0600][580.484s][info][gc,stats       ]   Update Region States               34 us
[2026-04-03T03:01:41.858+0600][580.484s][info][gc,stats       ]   Manage GC/TLABs                    13 us
[2026-04-03T03:01:41.858+0600][580.484s][info][gc,stats       ]   Choose Collection Set             239 us
[2026-04-03T03:01:41.858+0600][580.484s][info][gc,stats       ]   Rebuild Free Set                   50 us
[2026-04-03T03:01:41.858+0600][580.484s][info][gc,stats       ]   Evacuation                       7935 us
[2026-04-03T03:01:41.858+0600][580.484s][info][gc,stats       ]   Pre Heap Dump                       7 us
[2026-04-03T03:01:41.858+0600][580.484s][info][gc,stats       ]   Prepare                          4692 us
[2026-04-03T03:01:41.858+0600][580.484s][info][gc,stats       ]     Update Roots                   2988 us, parallelism: 4.40x
[2026-04-03T03:01:41.858+0600][580.484s][info][gc,stats       ]       FU: <total>                 13135 us
[2026-04-03T03:01:41.858+0600][580.484s][info][gc,stats       ]       FU: Thread Roots             1119 us, workers (us): 425, 331,   5, 196,   7, 156, 
[2026-04-03T03:01:41.858+0600][580.484s][info][gc,stats       ]       FU: Code Cache Roots        10284 us, workers (us): 1439, 1472, 1799, 1676, 2249, 1649, 
[2026-04-03T03:01:41.858+0600][580.484s][info][gc,stats       ]       FU: VM Strong Roots            30 us, workers (us):  17,   9,   1,   1,   1,   1, 
[2026-04-03T03:01:41.858+0600][580.484s][info][gc,stats       ]       FU: VM Weak Roots            1038 us, workers (us): 231, 232, 162, 161, 134, 118, 
[2026-04-03T03:01:41.858+0600][580.484s][info][gc,stats       ]       FU: CLDG Roots                664 us, workers (us): 181,  74,  76,  88, 170,  75, 
[2026-04-03T03:01:41.858+0600][580.484s][info][gc,stats       ]   Mark                          3137938 us, parallelism: 5.99x
[2026-04-03T03:01:41.858+0600][580.484s][info][gc,stats       ]     FM: <total>                18809044 us
[2026-04-03T03:01:41.858+0600][580.484s][info][gc,stats       ]     FM: Thread Roots               1006 us, workers (us): 302, 230, 198,  96,  90,  91, 
[2026-04-03T03:01:41.858+0600][580.484s][info][gc,stats       ]     FM: VM Strong Roots              28 us, workers (us):   0,   1,   1,   8,   8,  10, 
[2026-04-03T03:01:41.858+0600][580.484s][info][gc,stats       ]     FM: CLDG Roots                  416 us, workers (us):  14, 236,  35,  45,  44,  43, 
[2026-04-03T03:01:41.858+0600][580.484s][info][gc,stats       ]     FM: Parallel Mark          18807593 us, workers (us): 3134656, 3134491, 3134513, 3134677, 3134582, 3134674, 
[2026-04-03T03:01:41.858+0600][580.484s][info][gc,stats       ]     System Purge                   2076 us
[2026-04-03T03:01:41.858+0600][580.484s][info][gc,stats       ]       Weak References               369 us, parallelism: 0.96x
[2026-04-03T03:01:41.858+0600][580.484s][info][gc,stats       ]         WRP: <total>                353 us
[2026-04-03T03:01:41.858+0600][580.484s][info][gc,stats       ]         WRP: Weak References        353 us, workers (us): 159, 189,   3,   1,   1,   0, 
[2026-04-03T03:01:41.858+0600][580.484s][info][gc             ] Failed to allocate TLAB, 2656B
[2026-04-03T03:01:41.858+0600][580.484s][info][gc             ] Cancelling GC: Allocation Failure
[2026-04-03T03:01:41.858+0600][580.484s][info][gc,stats       ]       Unload Classes               1380 us, parallelism: 5.30x
[2026-04-03T03:01:41.858+0600][580.484s][info][gc,stats       ]         CU: <total>                7312 us
[2026-04-03T03:01:41.858+0600][580.484s][info][gc,stats       ]         CU: Unload Code Caches     7312 us, workers (us): 1229, 1218, 1203, 1204, 1233, 1225, 
[2026-04-03T03:01:41.858+0600][580.484s][info][gc,stats       ]       Weak Roots                    304 us, parallelism: 2.09x
[2026-04-03T03:01:41.858+0600][580.484s][info][gc,stats       ]         WR: <total>                 636 us
[2026-04-03T03:01:41.858+0600][580.484s][info][gc,stats       ]         WR: VM Weak Roots           636 us, workers (us): 174, 106, 107, 104,  89,  56, 
[2026-04-03T03:01:41.858+0600][580.484s][info][gc,stats       ]       CLDG                            2 us
[2026-04-03T03:01:41.858+0600][580.484s][info][gc,stats       ]   Calculate Addresses             90212 us
[2026-04-03T03:01:41.858+0600][580.484s][info][gc,stats       ]     Regular Objects               90140 us
[2026-04-03T03:01:41.858+0600][580.484s][info][gc,stats       ]     Humongous Objects                29 us
[2026-04-03T03:01:41.858+0600][580.484s][info][gc,stats       ]   Adjust Pointers                 97870 us
[2026-04-03T03:01:41.858+0600][580.484s][info][gc,stats       ]     FA: <total>                    7751 us
[2026-04-03T03:01:41.858+0600][580.484s][info][gc,stats       ]     FA: Thread Roots                586 us, workers (us): 115,   2, 121,  92, 151, 105, 
[2026-04-03T03:01:41.858+0600][580.484s][info][gc,stats       ]     FA: Code Cache Roots           5903 us, workers (us): 934, 1197, 1001, 973, 845, 955, 
[2026-04-03T03:01:41.858+0600][580.484s][info][gc,stats       ]     FA: VM Strong Roots              19 us, workers (us):  16,   1,   1,   0,   1,   1, 
[2026-04-03T03:01:41.858+0600][580.484s][info][gc,stats       ]     FA: VM Weak Roots               678 us, workers (us): 198, 102, 104, 104,  85,  85, 
[2026-04-03T03:01:41.858+0600][580.484s][info][gc,stats       ]     FA: CLDG Roots                  565 us, workers (us):  70, 156,  58,  57, 163,  61, 
[2026-04-03T03:01:41.858+0600][580.484s][info][gc,stats       ]   Copy Objects                    91894 us
[2026-04-03T03:01:41.858+0600][580.484s][info][gc,stats       ]     Regular Objects               91023 us
[2026-04-03T03:01:41.858+0600][580.484s][info][gc,stats       ]     Humongous Objects                21 us
[2026-04-03T03:01:41.858+0600][580.484s][info][gc,stats       ]     Reset Complete Bitmap           680 us
[2026-04-03T03:01:41.858+0600][580.484s][info][gc,stats       ]     Rebuild Region Sets             168 us
[2026-04-03T03:01:41.858+0600][580.484s][info][gc,stats       ]   Post Heap Dump                      1 us
[2026-04-03T03:01:41.858+0600][580.484s][info][gc,stats       ] 
[2026-04-03T03:01:41.858+0600][580.484s][info][gc,stats       ] Allocation pacing accrued:
[2026-04-03T03:01:41.858+0600][580.484s][info][gc,stats       ]       0 of  6729 ms (  0.0%): <total>
[2026-04-03T03:01:41.858+0600][580.484s][info][gc,stats       ]       0 of  6729 ms (  0.0%): <average total>
[2026-04-03T03:01:41.858+0600][580.484s][info][gc,stats       ] 
[2026-04-03T03:01:41.858+0600][580.485s][info][gc,metaspace   ] Metaspace: 49619K(50048K)->49626K(50048K) NonClass: 43419K(43712K)->43426K(43712K) Class: 6199K(6336K)->6200K(6336K)
[2026-04-03T03:01:41.858+0600][580.485s][info][gc,ergo        ] Pacer for Idle. Initial: 10240K, Alloc Tax Rate: 1.0x
[2026-04-03T03:01:41.859+0600][580.486s][info][gc             ] Trigger: Handle Allocation Failure
[2026-04-03T03:01:41.859+0600][580.486s][info][gc,ergo        ] Free: 0B, Max: 0B regular, 0B humongous, Frag: 0% external, 0% internal; Reserve: 16896K, Max: 256K
[2026-04-03T03:01:41.860+0600][580.486s][info][gc,start       ] GC(87) Pause Full
[2026-04-03T03:01:41.860+0600][580.486s][info][gc,task        ] GC(87) Using 6 of 6 workers for full gc
[2026-04-03T03:01:41.860+0600][580.486s][info][gc,phases,start] GC(87) Phase 1: Mark live objects
[2026-04-03T03:01:41.860+0600][580.486s][info][gc,ref         ] GC(87) Clearing All SoftReferences
[2026-04-03T03:01:41.860+0600][580.486s][info][gc,ref         ] GC(87) Clearing All SoftReferences
[2026-04-03T03:01:45.945+0600][584.572s][info][gc,ref         ] GC(87) Encountered references: Soft: 2445, Weak: 2756, Final: 74, Phantom: 586
[2026-04-03T03:01:45.945+0600][584.572s][info][gc,ref         ] GC(87) Discovered  references: Soft: 244, Weak: 1503, Final: 74, Phantom: 582
[2026-04-03T03:01:45.945+0600][584.572s][info][gc,ref         ] GC(87) Enqueued    references: Soft: 0, Weak: 0, Final: 0, Phantom: 0
[2026-04-03T03:01:45.947+0600][584.574s][info][gc,phases      ] GC(87) Phase 1: Mark live objects 4087.443ms
[2026-04-03T03:01:45.947+0600][584.574s][info][gc,phases,start] GC(87) Phase 2: Compute new object addresses
[2026-04-03T03:01:46.029+0600][584.655s][info][gc,phases      ] GC(87) Phase 2: Compute new object addresses 81.470ms
[2026-04-03T03:01:46.029+0600][584.655s][info][gc,phases,start] GC(87) Phase 3: Adjust pointers
[2026-04-03T03:01:46.128+0600][584.754s][info][gc,phases      ] GC(87) Phase 3: Adjust pointers 98.725ms
[2026-04-03T03:01:46.128+0600][584.754s][info][gc,phases,start] GC(87) Phase 4: Move objects
[2026-04-03T03:01:46.211+0600][584.837s][info][gc,phases      ] GC(87) Phase 4: Move objects 83.065ms
[2026-04-03T03:01:46.211+0600][584.837s][info][gc,ergo        ] GC(87) Bad progress for free space: 80200B, need 5120K
[2026-04-03T03:01:46.211+0600][584.837s][info][gc             ] GC(87) Pause Full 482M->482M(500M) 4351.394ms
[2026-04-03T03:01:46.211+0600][584.837s][info][gc,ergo        ] Free: 80200B, Max: 24216B regular, 0B humongous, Frag: 0% external, 99% internal; Reserve: 16896K, Max: 256K
[2026-04-03T03:01:46.211+0600][584.837s][info][gc,stats       ] 
[2026-04-03T03:01:46.211+0600][584.837s][info][gc,stats       ] All times are wall-clock times, except per-root-class counters, that are sum over
[2026-04-03T03:01:46.211+0600][584.837s][info][gc,stats       ] all workers. Dividing the <total> over the root stage time estimates parallelism.
[2026-04-03T03:01:46.211+0600][584.837s][info][gc,stats       ] 
[2026-04-03T03:01:46.211+0600][584.837s][info][gc,stats       ] Pause Full GC (G)               4351503 us
[2026-04-03T03:01:46.211+0600][584.837s][info][gc,stats       ] Pause Full GC (N)               4351403 us
[2026-04-03T03:01:46.211+0600][584.837s][info][gc,stats       ]   Pre Heap Dump                       1 us
[2026-04-03T03:01:46.211+0600][584.837s][info][gc,stats       ]   Prepare                           230 us
[2026-04-03T03:01:46.211+0600][584.837s][info][gc,stats       ]   Mark                          4087425 us, parallelism: 5.99x
[2026-04-03T03:01:46.211+0600][584.837s][info][gc,stats       ]     FM: <total>                24501535 us
[2026-04-03T03:01:46.211+0600][584.838s][info][gc,stats       ]     FM: Thread Roots                638 us, workers (us): 226,  98,  81,  78,  75,  81, 
[2026-04-03T03:01:46.211+0600][584.838s][info][gc,stats       ]     FM: VM Strong Roots              18 us, workers (us):   0,   4,   4,   5,   0,   5, 
[2026-04-03T03:01:46.211+0600][584.838s][info][gc,stats       ]     FM: CLDG Roots                  255 us, workers (us):  10,  27,  27,  27, 143,  21, 
[2026-04-03T03:01:46.211+0600][584.838s][info][gc,stats       ]     FM: Parallel Mark          24500623 us, workers (us): 4083408, 4083532, 4083648, 4083381, 4083341, 4083314, 
[2026-04-03T03:01:46.211+0600][584.838s][info][gc,stats       ]     System Purge                   2458 us
[2026-04-03T03:01:46.211+0600][584.838s][info][gc,stats       ]       Weak References               658 us, parallelism: 1.08x
[2026-04-03T03:01:46.211+0600][584.838s][info][gc,stats       ]         WRP: <total>                708 us
[2026-04-03T03:01:46.211+0600][584.838s][info][gc,stats       ]         WRP: Weak References        708 us, workers (us):  37, 287,  17,  22, 346,   0, 
[2026-04-03T03:01:46.211+0600][584.838s][info][gc,stats       ]       Unload Classes               1572 us, parallelism: 4.54x
[2026-04-03T03:01:46.211+0600][584.838s][info][gc,stats       ]         CU: <total>                7140 us
[2026-04-03T03:01:46.211+0600][584.838s][info][gc,stats       ]         CU: Unload Code Caches     7140 us, workers (us): 1277, 1188, 1182, 1194, 1178, 1120, 
[2026-04-03T03:01:46.211+0600][584.838s][info][gc,stats       ]       Weak Roots                    206 us, parallelism: 2.51x
[2026-04-03T03:01:46.211+0600][584.838s][info][gc,stats       ]         WR: <total>                 517 us
[2026-04-03T03:01:46.211+0600][584.838s][info][gc,stats       ]         WR: VM Weak Roots           517 us, workers (us): 150, 114,  89,  91,  36,  37, 
[2026-04-03T03:01:46.211+0600][584.838s][info][gc,stats       ]       CLDG                            4 us
[2026-04-03T03:01:46.211+0600][584.838s][info][gc,stats       ]   Calculate Addresses             81461 us
[2026-04-03T03:01:46.211+0600][584.838s][info][gc,stats       ]     Regular Objects               81373 us
[2026-04-03T03:01:46.211+0600][584.838s][info][gc,stats       ]     Humongous Objects                31 us
[2026-04-03T03:01:46.211+0600][584.838s][info][gc,stats       ]   Adjust Pointers                 98702 us
[2026-04-03T03:01:46.211+0600][584.838s][info][gc             ] Failed to allocate TLAB, 2648B
[2026-04-03T03:01:46.211+0600][584.838s][info][gc             ] Cancelling GC: Allocation Failure
[2026-04-03T03:01:46.211+0600][584.838s][info][gc,stats       ]     FA: <total>                    7855 us
[2026-04-03T03:01:46.211+0600][584.838s][info][gc,stats       ]     FA: Thread Roots                646 us, workers (us): 119,  45,   2, 217, 153, 109, 
[2026-04-03T03:01:46.211+0600][584.838s][info][gc,stats       ]     FA: Code Cache Roots           6127 us, workers (us): 876, 1046, 1276, 1013, 930, 987, 
[2026-04-03T03:01:46.211+0600][584.838s][info][gc,stats       ]     FA: VM Strong Roots              17 us, workers (us):  13,   1,   1,   1,   1,   1, 
[2026-04-03T03:01:46.211+0600][584.838s][info][gc,stats       ]     FA: VM Weak Roots               614 us, workers (us): 154, 127,  97,  96,  87,  53, 
[2026-04-03T03:01:46.211+0600][584.838s][info][gc,stats       ]     FA: CLDG Roots                  452 us, workers (us): 140,  40, 136,  41,  51,  44, 
[2026-04-03T03:01:46.211+0600][584.838s][info][gc,stats       ]   Copy Objects                    83052 us
[2026-04-03T03:01:46.211+0600][584.838s][info][gc,stats       ]     Regular Objects               82126 us
[2026-04-03T03:01:46.211+0600][584.838s][info][gc,stats       ]     Humongous Objects                23 us
[2026-04-03T03:01:46.211+0600][584.838s][info][gc,stats       ]     Reset Complete Bitmap           667 us
[2026-04-03T03:01:46.211+0600][584.838s][info][gc,stats       ]     Rebuild Region Sets             234 us
[2026-04-03T03:01:46.212+0600][584.838s][info][gc,stats       ]   Post Heap Dump                      1 us
[2026-04-03T03:01:46.212+0600][584.838s][info][gc,stats       ] 
[2026-04-03T03:01:46.212+0600][584.838s][info][gc,stats       ] Allocation pacing accrued:
[2026-04-03T03:01:46.212+0600][584.838s][info][gc,stats       ]       0 of  4353 ms (  0.0%): <total>
[2026-04-03T03:01:46.212+0600][584.838s][info][gc,stats       ]       0 of  4353 ms (  0.0%): <average total>
[2026-04-03T03:01:46.212+0600][584.838s][info][gc,stats       ] 
[2026-04-03T03:01:46.212+0600][584.838s][info][gc,metaspace   ] Metaspace: 49626K(50048K)->49626K(50048K) NonClass: 43426K(43712K)->43426K(43712K) Class: 6200K(6336K)->6200K(6336K)
[2026-04-03T03:01:46.212+0600][584.838s][info][gc,ergo        ] Pacer for Idle. Initial: 10240K, Alloc Tax Rate: 1.0x
[2026-04-03T03:01:46.214+0600][584.840s][info][gc             ] Trigger: Handle Allocation Failure
[2026-04-03T03:01:46.214+0600][584.840s][info][gc,ergo        ] Free: 0B, Max: 0B regular, 0B humongous, Frag: 0% external, 0% internal; Reserve: 16896K, Max: 256K
[2026-04-03T03:01:46.214+0600][584.840s][info][gc,start       ] GC(88) Pause Degenerated GC (Outside of Cycle)
[2026-04-03T03:01:46.214+0600][584.840s][info][gc,task        ] GC(88) Using 6 of 6 workers for stw degenerated gc
[2026-04-03T03:01:46.214+0600][584.841s][info][gc,ref         ] GC(88) Clearing All SoftReferences
[2026-04-03T03:01:50.350+0600][588.976s][info][gc,ref         ] GC(88) Encountered references: Soft: 2447, Weak: 2758, Final: 74, Phantom: 586
[2026-04-03T03:01:50.350+0600][588.976s][info][gc,ref         ] GC(88) Discovered  references: Soft: 244, Weak: 1838, Final: 74, Phantom: 580
[2026-04-03T03:01:50.350+0600][588.976s][info][gc,ref         ] GC(88) Enqueued    references: Soft: 1, Weak: 2, Final: 0, Phantom: 0
[2026-04-03T03:01:50.352+0600][588.978s][info][gc,ergo        ] GC(88) Adaptive CSet Selection. Target Free: 72533K, Actual Free: 16896K, Max CSet: 21333K, Min Garbage: 55637K
[2026-04-03T03:01:50.352+0600][588.978s][info][gc,ergo        ] GC(88) Collectable Garbage: 28056B (100%), Immediate: 0B (0%), CSet: 28056B (100%)
[2026-04-03T03:01:50.357+0600][588.983s][info][gc             ] GC(88) Cancelling GC: Allocation Failure During Evacuation
[2026-04-03T03:01:50.359+0600][588.985s][info][gc             ] GC(88) Cannot finish degeneration, upgrading to Full GC
[2026-04-03T03:01:50.361+0600][588.988s][info][gc,phases,start] GC(88) Phase 1: Mark live objects
[2026-04-03T03:01:50.362+0600][588.988s][info][gc,ref         ] GC(88) Clearing All SoftReferences
[2026-04-03T03:01:50.362+0600][588.988s][info][gc,ref         ] GC(88) Clearing All SoftReferences
[2026-04-03T03:01:54.320+0600][592.946s][info][gc,ref         ] GC(88) Encountered references: Soft: 2446, Weak: 2756, Final: 74, Phantom: 586
[2026-04-03T03:01:54.320+0600][592.946s][info][gc,ref         ] GC(88) Discovered  references: Soft: 240, Weak: 1462, Final: 74, Phantom: 203
[2026-04-03T03:01:54.320+0600][592.946s][info][gc,ref         ] GC(88) Enqueued    references: Soft: 0, Weak: 0, Final: 0, Phantom: 0
[2026-04-03T03:01:54.322+0600][592.948s][info][gc,phases      ] GC(88) Phase 1: Mark live objects 3960.072ms
[2026-04-03T03:01:54.322+0600][592.948s][info][gc,phases,start] GC(88) Phase 2: Compute new object addresses
[2026-04-03T03:01:54.403+0600][593.029s][info][gc,phases      ] GC(88) Phase 2: Compute new object addresses 81.025ms
[2026-04-03T03:01:54.403+0600][593.029s][info][gc,phases,start] GC(88) Phase 3: Adjust pointers
[2026-04-03T03:01:54.503+0600][593.129s][info][gc,phases      ] GC(88) Phase 3: Adjust pointers 100.258ms
[2026-04-03T03:01:54.503+0600][593.129s][info][gc,phases,start] GC(88) Phase 4: Move objects
[2026-04-03T03:01:54.598+0600][593.224s][info][gc,phases      ] GC(88) Phase 4: Move objects 94.426ms
[2026-04-03T03:01:54.598+0600][593.224s][info][gc,ergo        ] GC(88) Bad progress for free space: 317K, need 5120K
[2026-04-03T03:01:54.598+0600][593.224s][info][gc             ] GC(88) Pause Degenerated GC (Outside of Cycle) 482M->482M(500M) 8383.950ms
[2026-04-03T03:01:54.598+0600][593.224s][info][gc,ergo        ] Free: 317K, Max: 173K regular, 0B humongous, Frag: 0% external, 99% internal; Reserve: 16640K, Max: 256K
[2026-04-03T03:01:54.598+0600][593.225s][info][gc,stats       ] 
[2026-04-03T03:01:54.598+0600][593.225s][info][gc,stats       ] All times are wall-clock times, except per-root-class counters, that are sum over
[2026-04-03T03:01:54.598+0600][593.225s][info][gc,stats       ] all workers. Dividing the <total> over the root stage time estimates parallelism.
[2026-04-03T03:01:54.598+0600][593.225s][info][gc,stats       ] 
[2026-04-03T03:01:54.598+0600][593.225s][info][gc,stats       ] Pause Degenerated GC (G)        8384227 us
[2026-04-03T03:01:54.598+0600][593.225s][info][gc,stats       ] Pause Degenerated GC (N)        8383963 us
[2026-04-03T03:01:54.598+0600][593.225s][info][gc,stats       ]   Degen STW Mark                4135112 us, parallelism: 6.00x
[2026-04-03T03:01:54.598+0600][593.225s][info][gc,stats       ]     DSM: <total>               24804434 us
[2026-04-03T03:01:54.598+0600][593.225s][info][gc,stats       ]     DSM: Thread Roots               743 us, workers (us): 159,  92,  93, 217,  91,  91, 
[2026-04-03T03:01:54.598+0600][593.225s][info][gc,stats       ]     DSM: VM Strong Roots             20 us, workers (us):   0,   6,   4,   0,   5,   4, 
[2026-04-03T03:01:54.598+0600][593.225s][info][gc,stats       ]     DSM: CLDG Roots                 242 us, workers (us): 116,  30,  28,   7,  30,  30, 
[2026-04-03T03:01:54.598+0600][593.225s][info][gc,stats       ]     DSM: Parallel Mark         24803429 us, workers (us): 4133802, 4133827, 4133905, 4133798, 4134048, 4134048, 
[2026-04-03T03:01:54.598+0600][593.225s][info][gc,stats       ]     System Purge                   2199 us
[2026-04-03T03:01:54.598+0600][593.225s][info][gc,stats       ]       Weak References               501 us, parallelism: 0.96x
[2026-04-03T03:01:54.598+0600][593.225s][info][gc,stats       ]         WRP: <total>                479 us
[2026-04-03T03:01:54.598+0600][593.225s][info][gc,stats       ]         WRP: Weak References        479 us, workers (us):  69,  76, 297,  36,   1,   0, 
[2026-04-03T03:01:54.598+0600][593.225s][info][gc,stats       ]       Unload Classes               1504 us, parallelism: 5.36x
[2026-04-03T03:01:54.598+0600][593.225s][info][gc,stats       ]         DCU: <total>               8061 us
[2026-04-03T03:01:54.598+0600][593.225s][info][gc,stats       ]         DCU: Unload Code Caches     8061 us, workers (us): 1386, 1349, 1347, 1332, 1311, 1336, 
[2026-04-03T03:01:54.598+0600][593.225s][info][gc,stats       ]       Weak Roots                    181 us, parallelism: 2.93x
[2026-04-03T03:01:54.598+0600][593.225s][info][gc,stats       ]         DWR: <total>                531 us
[2026-04-03T03:01:54.598+0600][593.225s][info][gc,stats       ]         DWR: VM Weak Roots          531 us, workers (us): 141, 137,  75,  73,  71,  33, 
[2026-04-03T03:01:54.598+0600][593.225s][info][gc,stats       ]       CLDG                            3 us
[2026-04-03T03:01:54.598+0600][593.225s][info][gc,stats       ]   Update Region States               23 us
[2026-04-03T03:01:54.598+0600][593.225s][info][gc,stats       ]   Manage GC/TLABs                     9 us
[2026-04-03T03:01:54.598+0600][593.225s][info][gc,stats       ]   Choose Collection Set             202 us
[2026-04-03T03:01:54.598+0600][593.225s][info][gc,stats       ]   Rebuild Free Set                   44 us
[2026-04-03T03:01:54.598+0600][593.225s][info][gc,stats       ]   Evacuation                       6548 us
[2026-04-03T03:01:54.598+0600][593.225s][info][gc,stats       ]   Pre Heap Dump                       1 us
[2026-04-03T03:01:54.598+0600][593.225s][info][gc,stats       ]   Prepare                          2646 us
[2026-04-03T03:01:54.598+0600][593.225s][info][gc,stats       ]     Update Roots                   1665 us, parallelism: 5.08x
[2026-04-03T03:01:54.598+0600][593.225s][info][gc,stats       ]       FU: <total>                  8452 us
[2026-04-03T03:01:54.598+0600][593.225s][info][gc,stats       ]       FU: Thread Roots              614 us, workers (us): 213,  76,  82,  45,   3, 195, 
[2026-04-03T03:01:54.598+0600][593.225s][info][gc,stats       ]       FU: Code Cache Roots         6555 us, workers (us): 1021, 1078, 1045, 1156, 1261, 996, 
[2026-04-03T03:01:54.599+0600][593.225s][info][gc,stats       ]       FU: VM Strong Roots            21 us, workers (us):   9,   6,   4,   1,   0,   1, 
[2026-04-03T03:01:54.599+0600][593.225s][info][gc,stats       ]       FU: VM Weak Roots             670 us, workers (us): 136, 138, 138,  95,  95,  68, 
[2026-04-03T03:01:54.599+0600][593.225s][info][gc,stats       ]       FU: CLDG Roots                591 us, workers (us):  85, 121, 146,  80,  79,  79, 
[2026-04-03T03:01:54.599+0600][593.225s][info][gc,stats       ]   Mark                          3960023 us, parallelism: 6.00x
[2026-04-03T03:01:54.599+0600][593.225s][info][gc,stats       ]     FM: <total>                23741549 us
[2026-04-03T03:01:54.599+0600][593.225s][info][gc,stats       ]     FM: Thread Roots                832 us, workers (us): 184, 262, 169, 104,  58,  55, 
[2026-04-03T03:01:54.599+0600][593.225s][info][gc,stats       ]     FM: VM Strong Roots              23 us, workers (us):   0,   0,   5,   5,   7,   6, 
[2026-04-03T03:01:54.599+0600][593.225s][info][gc,stats       ]     FM: CLDG Roots                  294 us, workers (us): 136,   9,  38,  39,  35,  37, 
[2026-04-03T03:01:54.599+0600][593.225s][info][gc,stats       ]     FM: Parallel Mark          23740400 us, workers (us): 3956625, 3956659, 3956730, 3956725, 3956830, 3956830, 
[2026-04-03T03:01:54.599+0600][593.225s][info][gc,stats       ]     System Purge                   2060 us
[2026-04-03T03:01:54.599+0600][593.225s][info][gc,stats       ]       Weak References               337 us, parallelism: 0.92x
[2026-04-03T03:01:54.599+0600][593.225s][info][gc,stats       ]         WRP: <total>                311 us
[2026-04-03T03:01:54.599+0600][593.225s][info][gc,stats       ]         WRP: Weak References        311 us, workers (us): 180,  80,  24,  27,   0,   0, 
[2026-04-03T03:01:54.599+0600][593.225s][info][gc,stats       ]       Unload Classes               1490 us, parallelism: 5.36x
[2026-04-03T03:01:54.599+0600][593.225s][info][gc,stats       ]         CU: <total>                7989 us
[2026-04-03T03:01:54.599+0600][593.225s][info][gc,stats       ]         CU: Unload Code Caches     7989 us, workers (us): 1350, 1390, 1313, 1311, 1309, 1317, 
[2026-04-03T03:01:54.599+0600][593.225s][info][gc,stats       ]       Weak Roots                    217 us, parallelism: 3.48x
[2026-04-03T03:01:54.599+0600][593.225s][info][gc,stats       ]         WR: <total>                 756 us
[2026-04-03T03:01:54.599+0600][593.225s][info][gc,stats       ]         WR: VM Weak Roots           756 us, workers (us): 172, 172, 115, 101, 100,  97, 
[2026-04-03T03:01:54.599+0600][593.225s][info][gc,stats       ]       CLDG                            3 us
[2026-04-03T03:01:54.599+0600][593.225s][info][gc,stats       ]   Calculate Addresses             81016 us
[2026-04-03T03:01:54.599+0600][593.225s][info][gc,stats       ]     Regular Objects               80902 us
[2026-04-03T03:01:54.599+0600][593.225s][info][gc,stats       ]     Humongous Objects                36 us
[2026-04-03T03:01:54.599+0600][593.225s][info][gc,stats       ]   Adjust Pointers                100245 us
[2026-04-03T03:01:54.599+0600][593.225s][info][gc,stats       ]     FA: <total>                    8981 us
[2026-04-03T03:01:54.599+0600][593.225s][info][gc,stats       ]     FA: Thread Roots                932 us, workers (us): 139, 145, 140,  12, 394, 101, 
[2026-04-03T03:01:54.599+0600][593.225s][info][gc,stats       ]     FA: Code Cache Roots           6591 us, workers (us): 1008, 1072, 1109, 1226, 1049, 1126, 
[2026-04-03T03:01:54.599+0600][593.225s][info][gc,stats       ]     FA: VM Strong Roots              23 us, workers (us):  11,  10,   1,   1,   1,   1, 
[2026-04-03T03:01:54.599+0600][593.225s][info][gc,stats       ]     FA: VM Weak Roots               784 us, workers (us): 178, 176, 131, 132,  84,  83, 
[2026-04-03T03:01:54.599+0600][593.225s][info][gc,stats       ]     FA: CLDG Roots                  651 us, workers (us): 152,  82,  66,  66,  64, 221, 
[2026-04-03T03:01:54.599+0600][593.225s][info][gc,stats       ]   Copy Objects                    94412 us
[2026-04-03T03:01:54.599+0600][593.225s][info][gc,stats       ]     Regular Objects               93254 us
[2026-04-03T03:01:54.599+0600][593.225s][info][gc,stats       ]     Humongous Objects                27 us
[2026-04-03T03:01:54.599+0600][593.225s][info][gc,stats       ]     Reset Complete Bitmap           761 us
[2026-04-03T03:01:54.599+0600][593.225s][info][gc,stats       ]     Rebuild Region Sets             366 us
[2026-04-03T03:01:54.599+0600][593.225s][info][gc,stats       ]   Post Heap Dump                      2 us
[2026-04-03T03:01:54.599+0600][593.225s][info][gc,stats       ] 
[2026-04-03T03:01:54.599+0600][593.225s][info][gc,stats       ] Allocation pacing accrued:
[2026-04-03T03:01:54.599+0600][593.225s][info][gc,stats       ]       0 of  8387 ms (  0.0%): <total>
[2026-04-03T03:01:54.599+0600][593.225s][info][gc,stats       ]       0 of  8387 ms (  0.0%): <average total>
[2026-04-03T03:01:54.599+0600][593.225s][info][gc,stats       ] 
[2026-04-03T03:01:54.599+0600][593.225s][info][gc,metaspace   ] Metaspace: 49629K(50048K)->49632K(50048K) NonClass: 43429K(43712K)->43431K(43712K) Class: 6200K(6336K)->6200K(6336K)
[2026-04-03T03:01:54.599+0600][593.225s][info][gc,ergo        ] Pacer for Idle. Initial: 10240K, Alloc Tax Rate: 1.0x
[2026-04-03T03:01:54.599+0600][593.225s][info][gc             ] Failed to allocate TLAB, 2680B
[2026-04-03T03:01:54.599+0600][593.225s][info][gc             ] Cancelling GC: Allocation Failure
[2026-04-03T03:01:54.600+0600][593.226s][info][gc             ] Trigger: Handle Allocation Failure
[2026-04-03T03:01:54.600+0600][593.226s][info][gc,ergo        ] Free: 0B, Max: 0B regular, 0B humongous, Frag: 0% external, 0% internal; Reserve: 16640K, Max: 256K
[2026-04-03T03:01:54.600+0600][593.227s][info][gc,start       ] GC(89) Pause Degenerated GC (Outside of Cycle)
[2026-04-03T03:01:54.600+0600][593.227s][info][gc,task        ] GC(89) Using 6 of 6 workers for stw degenerated gc
[2026-04-03T03:01:54.601+0600][593.227s][info][gc,ref         ] GC(89) Clearing All SoftReferences
[2026-04-03T03:01:58.180+0600][596.806s][info][gc,ref         ] GC(89) Encountered references: Soft: 2448, Weak: 2760, Final: 74, Phantom: 586
[2026-04-03T03:01:58.180+0600][596.806s][info][gc,ref         ] GC(89) Discovered  references: Soft: 240, Weak: 1436, Final: 74, Phantom: 581
[2026-04-03T03:01:58.180+0600][596.806s][info][gc,ref         ] GC(89) Enqueued    references: Soft: 3, Weak: 3, Final: 0, Phantom: 0
[2026-04-03T03:01:58.182+0600][596.808s][info][gc,ergo        ] GC(89) Adaptive CSet Selection. Target Free: 72533K, Actual Free: 16640K, Max CSet: 21333K, Min Garbage: 55893K
[2026-04-03T03:01:58.182+0600][596.808s][info][gc,ergo        ] GC(89) Collectable Garbage: 88240B (100%), Immediate: 0B (0%), CSet: 88240B (100%)
[2026-04-03T03:01:58.187+0600][596.813s][info][gc             ] GC(89) Cancelling GC: Allocation Failure During Evacuation
[2026-04-03T03:01:58.188+0600][596.815s][info][gc             ] GC(89) Cannot finish degeneration, upgrading to Full GC
[2026-04-03T03:01:58.191+0600][596.818s][info][gc,phases,start] GC(89) Phase 1: Mark live objects
[2026-04-03T03:01:58.191+0600][596.818s][info][gc,ref         ] GC(89) Clearing All SoftReferences
[2026-04-03T03:01:58.191+0600][596.818s][info][gc,ref         ] GC(89) Clearing All SoftReferences
[2026-04-03T03:02:02.224+0600][600.850s][info][gc,ref         ] GC(89) Encountered references: Soft: 2445, Weak: 2757, Final: 74, Phantom: 586
[2026-04-03T03:02:02.224+0600][600.850s][info][gc,ref         ] GC(89) Discovered  references: Soft: 241, Weak: 1515, Final: 67, Phantom: 383
[2026-04-03T03:02:02.224+0600][600.850s][info][gc,ref         ] GC(89) Enqueued    references: Soft: 0, Weak: 0, Final: 0, Phantom: 0
[2026-04-03T03:02:02.226+0600][600.852s][info][gc,phases      ] GC(89) Phase 1: Mark live objects 4034.467ms
[2026-04-03T03:02:02.226+0600][600.852s][info][gc,phases,start] GC(89) Phase 2: Compute new object addresses
[2026-04-03T03:02:02.311+0600][600.937s][info][gc,phases      ] GC(89) Phase 2: Compute new object addresses 85.010ms
[2026-04-03T03:02:02.311+0600][600.937s][info][gc,phases,start] GC(89) Phase 3: Adjust pointers
[2026-04-03T03:02:02.409+0600][601.036s][info][gc,phases      ] GC(89) Phase 3: Adjust pointers 98.289ms
[2026-04-03T03:02:02.409+0600][601.036s][info][gc,phases,start] GC(89) Phase 4: Move objects
[2026-04-03T03:02:02.500+0600][601.127s][info][gc,phases      ] GC(89) Phase 4: Move objects 91.202ms
[2026-04-03T03:02:02.501+0600][601.127s][info][gc,ergo        ] GC(89) Bad progress for free space: 377K, need 5120K
[2026-04-03T03:02:02.501+0600][601.127s][info][gc             ] GC(89) Pause Degenerated GC (Outside of Cycle) 482M->482M(500M) 7900.497ms
[2026-04-03T03:02:02.501+0600][601.127s][info][gc,ergo        ] Free: 377K, Max: 230K regular, 0B humongous, Frag: 0% external, 99% internal; Reserve: 16384K, Max: 256K
[2026-04-03T03:02:02.501+0600][601.127s][info][gc,stats       ] 
[2026-04-03T03:02:02.501+0600][601.127s][info][gc,stats       ] All times are wall-clock times, except per-root-class counters, that are sum over
[2026-04-03T03:02:02.501+0600][601.127s][info][gc,stats       ] all workers. Dividing the <total> over the root stage time estimates parallelism.
[2026-04-03T03:02:02.501+0600][601.127s][info][gc,stats       ] 
[2026-04-03T03:02:02.501+0600][601.127s][info][gc,stats       ] Pause Degenerated GC (G)        7900661 us
[2026-04-03T03:02:02.501+0600][601.127s][info][gc,stats       ] Pause Degenerated GC (N)        7900511 us
[2026-04-03T03:02:02.501+0600][601.127s][info][gc,stats       ]   Degen STW Mark                3578845 us, parallelism: 6.00x
[2026-04-03T03:02:02.501+0600][601.127s][info][gc,stats       ]     DSM: <total>               21465355 us
[2026-04-03T03:02:02.501+0600][601.127s][info][gc,stats       ]     DSM: Thread Roots               856 us, workers (us): 279, 142,  95, 180,  94,  65, 
[2026-04-03T03:02:02.501+0600][601.127s][info][gc,stats       ]     DSM: VM Strong Roots             19 us, workers (us):   0,   0,   5,   0,   6,   7, 
[2026-04-03T03:02:02.501+0600][601.127s][info][gc,stats       ]     DSM: CLDG Roots                 290 us, workers (us):   9, 176,  34,   6,  34,  31, 
[2026-04-03T03:02:02.501+0600][601.127s][info][gc,stats       ]     DSM: Parallel Mark         21464191 us, workers (us): 3577265, 3577301, 3577396, 3577418, 3577403, 3577407, 
[2026-04-03T03:02:02.501+0600][601.127s][info][gc,stats       ]     System Purge                   2432 us
[2026-04-03T03:02:02.501+0600][601.127s][info][gc,stats       ]       Weak References               626 us, parallelism: 0.81x
[2026-04-03T03:02:02.501+0600][601.127s][info][gc,stats       ]         WRP: <total>                505 us
[2026-04-03T03:02:02.501+0600][601.127s][info][gc,stats       ]         WRP: Weak References        505 us, workers (us): 249, 204,  20,  31,   1,   0, 
[2026-04-03T03:02:02.501+0600][601.127s][info][gc,stats       ]       Unload Classes               1578 us, parallelism: 4.88x
[2026-04-03T03:02:02.501+0600][601.127s][info][gc,stats       ]         DCU: <total>               7708 us
[2026-04-03T03:02:02.501+0600][601.127s][info][gc,stats       ]         DCU: Unload Code Caches     7708 us, workers (us): 1358, 1321, 1264, 1265, 1248, 1252, 
[2026-04-03T03:02:02.501+0600][601.127s][info][gc,stats       ]       Weak Roots                    211 us, parallelism: 2.42x
[2026-04-03T03:02:02.501+0600][601.127s][info][gc,stats       ]         DWR: <total>                511 us
[2026-04-03T03:02:02.501+0600][601.127s][info][gc,stats       ]         DWR: VM Weak Roots          511 us, workers (us): 165,  93,  75,  75,  52,  51, 
[2026-04-03T03:02:02.501+0600][601.127s][info][gc,stats       ]       CLDG                            2 us
[2026-04-03T03:02:02.501+0600][601.127s][info][gc,stats       ]   Update Region States               21 us
[2026-04-03T03:02:02.501+0600][601.127s][info][gc,stats       ]   Manage GC/TLABs                     8 us
[2026-04-03T03:02:02.501+0600][601.127s][info][gc,stats       ]   Choose Collection Set             178 us
[2026-04-03T03:02:02.501+0600][601.127s][info][gc,stats       ]   Rebuild Free Set                   40 us
[2026-04-03T03:02:02.501+0600][601.127s][info][gc,stats       ]   Evacuation                       5962 us
[2026-04-03T03:02:02.501+0600][601.127s][info][gc,stats       ]   Pre Heap Dump                       1 us
[2026-04-03T03:02:02.501+0600][601.127s][info][gc,stats       ]   Prepare                          2740 us
[2026-04-03T03:02:02.501+0600][601.127s][info][gc,stats       ]     Update Roots                   1791 us, parallelism: 4.68x
[2026-04-03T03:02:02.501+0600][601.127s][info][gc,stats       ]       FU: <total>                  8375 us
[2026-04-03T03:02:02.501+0600][601.127s][info][gc,stats       ]       FU: Thread Roots              561 us, workers (us): 208,   3,   6,   2, 124, 218, 
[2026-04-03T03:02:02.501+0600][601.127s][info][gc,stats       ]       FU: Code Cache Roots         6477 us, workers (us): 944, 1220, 1071, 1301, 1005, 937, 
[2026-04-03T03:02:02.501+0600][601.127s][info][gc,stats       ]       FU: VM Strong Roots            13 us, workers (us):  10,   1,   0,   0,   1,   1, 
[2026-04-03T03:02:02.501+0600][601.127s][info][gc,stats       ]       FU: VM Weak Roots             762 us, workers (us): 181, 142, 131, 127,  90,  90, 
[2026-04-03T03:02:02.501+0600][601.127s][info][gc,stats       ]       FU: CLDG Roots                562 us, workers (us):  74,  68, 155, 129,  69,  69, 
[2026-04-03T03:02:02.501+0600][601.127s][info][gc,stats       ]   Mark                          4034396 us, parallelism: 5.99x
[2026-04-03T03:02:02.501+0600][601.127s][info][gc,stats       ]     FM: <total>                24184472 us
[2026-04-03T03:02:02.501+0600][601.127s][info][gc,stats       ]     FM: Thread Roots                901 us, workers (us): 262, 259, 118, 117,  76,  69, 
[2026-04-03T03:02:02.501+0600][601.127s][info][gc,stats       ]     FM: VM Strong Roots              23 us, workers (us):   0,   0,   7,   8,   0,   7, 
[2026-04-03T03:02:02.501+0600][601.127s][info][gc,stats       ]     FM: CLDG Roots                  362 us, workers (us):  11,   8,  53,  53, 185,  53, 
[2026-04-03T03:02:02.501+0600][601.127s][info][gc,stats       ]     FM: Parallel Mark          24183186 us, workers (us): 4030528, 4030526, 4030471, 4030614, 4030431, 4030617, 
[2026-04-03T03:02:02.501+0600][601.127s][info][gc,stats       ]     System Purge                   2476 us
[2026-04-03T03:02:02.501+0600][601.127s][info][gc,stats       ]       Weak References               638 us, parallelism: 0.74x
[2026-04-03T03:02:02.501+0600][601.127s][info][gc,stats       ]         WRP: <total>                471 us
[2026-04-03T03:02:02.501+0600][601.127s][info][gc,stats       ]         WRP: Weak References        471 us, workers (us):  97, 253, 121,   0,   0,   0, 
[2026-04-03T03:02:02.501+0600][601.127s][info][gc,stats       ]       Unload Classes               1564 us, parallelism: 4.59x
[2026-04-03T03:02:02.501+0600][601.127s][info][gc,stats       ]         CU: <total>                7178 us
[2026-04-03T03:02:02.501+0600][601.127s][info][gc,stats       ]         CU: Unload Code Caches     7178 us, workers (us): 1230, 1210, 1174, 1164, 1220, 1181, 
[2026-04-03T03:02:02.501+0600][601.127s][info][gc,stats       ]       Weak Roots                    257 us, parallelism: 2.93x
[2026-04-03T03:02:02.501+0600][601.127s][info][gc,stats       ]         WR: <total>                 753 us
[2026-04-03T03:02:02.501+0600][601.127s][info][gc,stats       ]         WR: VM Weak Roots           753 us, workers (us): 198, 131, 130, 128,  83,  83, 
[2026-04-03T03:02:02.501+0600][601.127s][info][gc,stats       ]       CLDG                            2 us
[2026-04-03T03:02:02.501+0600][601.127s][info][gc,stats       ]   Calculate Addresses             84999 us
[2026-04-03T03:02:02.501+0600][601.127s][info][gc,stats       ]     Regular Objects               84873 us
[2026-04-03T03:02:02.501+0600][601.127s][info][gc,stats       ]     Humongous Objects                64 us
[2026-04-03T03:02:02.501+0600][601.127s][info][gc,stats       ]   Adjust Pointers                 98278 us
[2026-04-03T03:02:02.501+0600][601.127s][info][gc,stats       ]     FA: <total>                    7489 us
[2026-04-03T03:02:02.501+0600][601.127s][info][gc,stats       ]     FA: Thread Roots                739 us, workers (us):  91,  50, 158, 110, 192, 139, 
[2026-04-03T03:02:02.501+0600][601.127s][info][gc,stats       ]     FA: Code Cache Roots           5559 us, workers (us): 848, 931, 964, 934, 982, 901, 
[2026-04-03T03:02:02.501+0600][601.127s][info][gc,stats       ]     FA: VM Strong Roots              17 us, workers (us):  14,   1,   1,   1,   1,   1, 
[2026-04-03T03:02:02.501+0600][601.128s][info][gc,stats       ]     FA: VM Weak Roots               592 us, workers (us): 154,  96,  96,  95,  95,  56, 
[2026-04-03T03:02:02.501+0600][601.128s][info][gc,stats       ]     FA: CLDG Roots                  581 us, workers (us): 172, 131,  77,  67,  71,  63, 
[2026-04-03T03:02:02.501+0600][601.128s][info][gc,stats       ]   Copy Objects                    91189 us
[2026-04-03T03:02:02.501+0600][601.128s][info][gc,stats       ]     Regular Objects               90378 us
[2026-04-03T03:02:02.501+0600][601.128s][info][gc,stats       ]     Humongous Objects                19 us
[2026-04-03T03:02:02.501+0600][601.128s][info][gc,stats       ]     Reset Complete Bitmap           636 us
[2026-04-03T03:02:02.501+0600][601.128s][info][gc,stats       ]     Rebuild Region Sets             154 us
[2026-04-03T03:02:02.501+0600][601.128s][info][gc,stats       ]   Post Heap Dump                      1 us
[2026-04-03T03:02:02.501+0600][601.128s][info][gc,stats       ] 
[2026-04-03T03:02:02.501+0600][601.128s][info][gc,stats       ] Allocation pacing accrued:
[2026-04-03T03:02:02.501+0600][601.128s][info][gc,stats       ]       0 of  7902 ms (  0.0%): <total>
[2026-04-03T03:02:02.501+0600][601.128s][info][gc,stats       ]       0 of  7902 ms (  0.0%): <average total>
[2026-04-03T03:02:02.501+0600][601.128s][info][gc,stats       ] 
[2026-04-03T03:02:02.501+0600][601.128s][info][gc,metaspace   ] Metaspace: 49633K(50048K)->49634K(50048K) NonClass: 43432K(43712K)->43433K(43712K) Class: 6200K(6336K)->6201K(6336K)
[2026-04-03T03:02:02.501+0600][601.128s][info][gc,ergo        ] Pacer for Idle. Initial: 10240K, Alloc Tax Rate: 1.0x
[2026-04-03T03:02:02.502+0600][601.128s][info][gc             ] Failed to allocate TLAB, 2656B
[2026-04-03T03:02:02.502+0600][601.128s][info][gc             ] Cancelling GC: Allocation Failure
[2026-04-03T03:02:02.502+0600][601.129s][info][gc             ] Trigger: Handle Allocation Failure
[2026-04-03T03:02:02.502+0600][601.129s][info][gc,ergo        ] Free: 0B, Max: 0B regular, 0B humongous, Frag: 0% external, 0% internal; Reserve: 16384K, Max: 256K
[2026-04-03T03:02:02.502+0600][601.129s][info][gc,start       ] GC(90) Pause Degenerated GC (Outside of Cycle)
[2026-04-03T03:02:02.502+0600][601.129s][info][gc,task        ] GC(90) Using 6 of 6 workers for stw degenerated gc
[2026-04-03T03:02:02.503+0600][601.129s][info][gc,ref         ] GC(90) Clearing All SoftReferences
[2026-04-03T03:02:06.586+0600][605.212s][info][gc,ref         ] GC(90) Encountered references: Soft: 2448, Weak: 2760, Final: 74, Phantom: 586
[2026-04-03T03:02:06.586+0600][605.212s][info][gc,ref         ] GC(90) Discovered  references: Soft: 245, Weak: 1669, Final: 74, Phantom: 582
[2026-04-03T03:02:06.586+0600][605.212s][info][gc,ref         ] GC(90) Enqueued    references: Soft: 3, Weak: 3, Final: 0, Phantom: 0
[2026-04-03T03:02:06.588+0600][605.214s][info][gc,ergo        ] GC(90) Adaptive CSet Selection. Target Free: 72533K, Actual Free: 16384K, Max CSet: 21333K, Min Garbage: 56149K
[2026-04-03T03:02:06.588+0600][605.214s][info][gc,ergo        ] GC(90) Collectable Garbage: 123K (100%), Immediate: 0B (0%), CSet: 123K (100%)
[2026-04-03T03:02:06.593+0600][605.219s][info][gc             ] GC(90) Cancelling GC: Allocation Failure During Evacuation
[2026-04-03T03:02:06.594+0600][605.221s][info][gc             ] GC(90) Cannot finish degeneration, upgrading to Full GC
[2026-04-03T03:02:06.597+0600][605.224s][info][gc,phases,start] GC(90) Phase 1: Mark live objects
[2026-04-03T03:02:06.597+0600][605.224s][info][gc,ref         ] GC(90) Clearing All SoftReferences
[2026-04-03T03:02:06.598+0600][605.224s][info][gc,ref         ] GC(90) Clearing All SoftReferences
[2026-04-03T03:02:10.954+0600][609.581s][info][gc,ref         ] GC(90) Encountered references: Soft: 2445, Weak: 2757, Final: 74, Phantom: 586
[2026-04-03T03:02:10.954+0600][609.581s][info][gc,ref         ] GC(90) Discovered  references: Soft: 241, Weak: 1502, Final: 74, Phantom: 581
[2026-04-03T03:02:10.954+0600][609.581s][info][gc,ref         ] GC(90) Enqueued    references: Soft: 0, Weak: 0, Final: 0, Phantom: 0
[2026-04-03T03:02:10.956+0600][609.582s][info][gc,phases      ] GC(90) Phase 1: Mark live objects 4358.847ms
[2026-04-03T03:02:10.956+0600][609.583s][info][gc,phases,start] GC(90) Phase 2: Compute new object addresses
[2026-04-03T03:02:11.043+0600][609.669s][info][gc,phases      ] GC(90) Phase 2: Compute new object addresses 86.655ms
[2026-04-03T03:02:11.043+0600][609.669s][info][gc,phases,start] GC(90) Phase 3: Adjust pointers
[2026-04-03T03:02:11.142+0600][609.768s][info][gc,phases      ] GC(90) Phase 3: Adjust pointers 98.908ms
[2026-04-03T03:02:11.142+0600][609.768s][info][gc,phases,start] GC(90) Phase 4: Move objects
[2026-04-03T03:02:11.235+0600][609.862s][info][gc,phases      ] GC(90) Phase 4: Move objects 93.455ms
[2026-04-03T03:02:11.236+0600][609.862s][info][gc,ergo        ] GC(90) Bad progress for free space: 155K, need 5120K
[2026-04-03T03:02:11.236+0600][609.862s][info][gc             ] GC(90) Pause Degenerated GC (Outside of Cycle) 482M->482M(500M) 8733.228ms
[2026-04-03T03:02:11.236+0600][609.862s][info][gc,ergo        ] Free: 155K, Max: 104K regular, 0B humongous, Frag: 0% external, 99% internal; Reserve: 16384K, Max: 256K
[2026-04-03T03:02:11.236+0600][609.862s][info][gc,stats       ] 
[2026-04-03T03:02:11.236+0600][609.862s][info][gc,stats       ] All times are wall-clock times, except per-root-class counters, that are sum over
[2026-04-03T03:02:11.236+0600][609.862s][info][gc,stats       ] all workers. Dividing the <total> over the root stage time estimates parallelism.
[2026-04-03T03:02:11.236+0600][609.862s][info][gc,stats       ] 
[2026-04-03T03:02:11.236+0600][609.862s][info][gc,stats       ] Pause Degenerated GC (G)        8733363 us
[2026-04-03T03:02:11.236+0600][609.862s][info][gc,stats       ] Pause Degenerated GC (N)        8733243 us
[2026-04-03T03:02:11.236+0600][609.862s][info][gc,stats       ]   Degen STW Mark                4082560 us, parallelism: 6.00x
[2026-04-03T03:02:11.236+0600][609.862s][info][gc,stats       ]     DSM: <total>               24488328 us
[2026-04-03T03:02:11.236+0600][609.862s][info][gc,stats       ]     DSM: Thread Roots               609 us, workers (us): 197, 127,  72,  74,  70,  70, 
[2026-04-03T03:02:11.236+0600][609.862s][info][gc,stats       ]     DSM: VM Strong Roots             17 us, workers (us):   0,   0,   0,   5,   6,   5, 
[2026-04-03T03:02:11.236+0600][609.862s][info][gc,stats       ]     DSM: CLDG Roots                 234 us, workers (us):  10,  14, 133,  25,  26,  26, 
[2026-04-03T03:02:11.236+0600][609.862s][info][gc,stats       ]     DSM: Parallel Mark         24487467 us, workers (us): 4081045, 4081309, 4081249, 4081215, 4081346, 4081304, 
[2026-04-03T03:02:11.236+0600][609.862s][info][gc,stats       ]     System Purge                   2553 us
[2026-04-03T03:02:11.236+0600][609.862s][info][gc,stats       ]       Weak References               753 us, parallelism: 0.79x
[2026-04-03T03:02:11.236+0600][609.862s][info][gc,stats       ]         WRP: <total>                595 us
[2026-04-03T03:02:11.236+0600][609.862s][info][gc,stats       ]         WRP: Weak References        595 us, workers (us):  77, 304, 212,   1,   0,   0, 
[2026-04-03T03:02:11.236+0600][609.862s][info][gc,stats       ]       Unload Classes               1609 us, parallelism: 4.61x
[2026-04-03T03:02:11.236+0600][609.862s][info][gc,stats       ]         DCU: <total>               7423 us
[2026-04-03T03:02:11.236+0600][609.862s][info][gc,stats       ]         DCU: Unload Code Caches     7423 us, workers (us): 1325, 1234, 1250, 1207, 1221, 1187, 
[2026-04-03T03:02:11.236+0600][609.862s][info][gc,stats       ]       Weak Roots                    175 us, parallelism: 2.98x
[2026-04-03T03:02:11.236+0600][609.862s][info][gc,stats       ]         DWR: <total>                521 us
[2026-04-03T03:02:11.236+0600][609.862s][info][gc,stats       ]         DWR: VM Weak Roots          521 us, workers (us): 119, 116, 108,  68,  66,  45, 
[2026-04-03T03:02:11.236+0600][609.862s][info][gc,stats       ]       CLDG                            2 us
[2026-04-03T03:02:11.236+0600][609.862s][info][gc,stats       ]   Update Region States               58 us
[2026-04-03T03:02:11.236+0600][609.862s][info][gc,stats       ]   Manage GC/TLABs                     8 us
[2026-04-03T03:02:11.236+0600][609.862s][info][gc,stats       ]   Choose Collection Set             177 us
[2026-04-03T03:02:11.236+0600][609.862s][info][gc,stats       ]   Rebuild Free Set                   40 us
[2026-04-03T03:02:11.236+0600][609.862s][info][gc,stats       ]   Evacuation                       6051 us
[2026-04-03T03:02:11.236+0600][609.862s][info][gc,stats       ]   Pre Heap Dump                       2 us
[2026-04-03T03:02:11.236+0600][609.862s][info][gc,stats       ]   Prepare                          2786 us
[2026-04-03T03:02:11.236+0600][609.862s][info][gc,stats       ]     Update Roots                   1857 us, parallelism: 4.65x
[2026-04-03T03:02:11.236+0600][609.862s][info][gc,stats       ]       FU: <total>                  8646 us
[2026-04-03T03:02:11.236+0600][609.862s][info][gc,stats       ]       FU: Thread Roots              622 us, workers (us): 149,   3,  86, 105,  47, 232, 
[2026-04-03T03:02:11.236+0600][609.862s][info][gc,stats       ]       FU: Code Cache Roots         6698 us, workers (us): 1046, 1351, 1134, 1087, 1082, 998, 
[2026-04-03T03:02:11.236+0600][609.862s][info][gc,stats       ]       FU: VM Strong Roots            14 us, workers (us):   9,   1,   1,   1,   1,   1, 
[2026-04-03T03:02:11.236+0600][609.863s][info][gc,stats       ]       FU: VM Weak Roots             718 us, workers (us): 192, 137, 136, 101,  98,  54, 
[2026-04-03T03:02:11.236+0600][609.863s][info][gc,stats       ]       FU: CLDG Roots                594 us, workers (us):  78, 130,  78,  78, 144,  86, 
[2026-04-03T03:02:11.236+0600][609.863s][info][gc,stats       ]   Mark                          4358750 us, parallelism: 6.00x
[2026-04-03T03:02:11.236+0600][609.863s][info][gc,stats       ]     FM: <total>                26132858 us
[2026-04-03T03:02:11.236+0600][609.863s][info][gc,stats       ]     FM: Thread Roots                819 us, workers (us): 204, 192, 131, 123,  85,  85, 
[2026-04-03T03:02:11.236+0600][609.863s][info][gc,stats       ]     FM: VM Strong Roots              21 us, workers (us):   0,   0,   6,   0,   6,   8, 
[2026-04-03T03:02:11.236+0600][609.863s][info][gc,stats       ]     FM: CLDG Roots                  263 us, workers (us): 146,   8,  29,  18,  32,  30, 
[2026-04-03T03:02:11.236+0600][609.863s][info][gc,stats       ]     FM: Parallel Mark          26131755 us, workers (us): 4355321, 4355400, 4355341, 4355247, 4355333, 4355113, 
[2026-04-03T03:02:11.236+0600][609.863s][info][gc,stats       ]     System Purge                   2075 us
[2026-04-03T03:02:11.236+0600][609.863s][info][gc,stats       ]       Weak References               325 us, parallelism: 1.08x
[2026-04-03T03:02:11.236+0600][609.863s][info][gc,stats       ]         WRP: <total>                351 us
[2026-04-03T03:02:11.236+0600][609.863s][info][gc             ] Failed to allocate TLAB, 2680B
[2026-04-03T03:02:11.236+0600][609.863s][info][gc             ] Cancelling GC: Allocation Failure
[2026-04-03T03:02:11.236+0600][609.863s][info][gc,stats       ]         WRP: Weak References        351 us, workers (us): 175,  29,  33,  17,  93,   4, 
[2026-04-03T03:02:11.236+0600][609.863s][info][gc,stats       ]       Unload Classes               1493 us, parallelism: 5.41x
[2026-04-03T03:02:11.236+0600][609.863s][info][gc,stats       ]         CU: <total>                8079 us
[2026-04-03T03:02:11.236+0600][609.863s][info][gc,stats       ]         CU: Unload Code Caches     8079 us, workers (us): 1374, 1356, 1367, 1350, 1335, 1297, 
[2026-04-03T03:02:11.236+0600][609.863s][info][gc,stats       ]       Weak Roots                    232 us, parallelism: 3.40x
[2026-04-03T03:02:11.236+0600][609.863s][info][gc,stats       ]         WR: <total>                 788 us
[2026-04-03T03:02:11.237+0600][609.863s][info][gc,stats       ]         WR: VM Weak Roots           788 us, workers (us): 188, 124, 123, 118, 119, 116, 
[2026-04-03T03:02:11.237+0600][609.863s][info][gc,stats       ]       CLDG                            7 us
[2026-04-03T03:02:11.237+0600][609.863s][info][gc,stats       ]   Calculate Addresses             86645 us
[2026-04-03T03:02:11.237+0600][609.863s][info][gc,stats       ]     Regular Objects               86558 us
[2026-04-03T03:02:11.237+0600][609.863s][info][gc,stats       ]     Humongous Objects                28 us
[2026-04-03T03:02:11.237+0600][609.863s][info][gc,stats       ]   Adjust Pointers                 98897 us
[2026-04-03T03:02:11.237+0600][609.863s][info][gc,stats       ]     FA: <total>                    7574 us
[2026-04-03T03:02:11.237+0600][609.863s][info][gc,stats       ]     FA: Thread Roots                496 us, workers (us): 108, 197,  23,   2, 165,   2, 
[2026-04-03T03:02:11.237+0600][609.863s][info][gc,stats       ]     FA: Code Cache Roots           5879 us, workers (us): 969, 870, 924, 1074, 902, 1140, 
[2026-04-03T03:02:11.237+0600][609.863s][info][gc,stats       ]     FA: VM Strong Roots              16 us, workers (us):  12,   1,   1,   1,   1,   1, 
[2026-04-03T03:02:11.237+0600][609.863s][info][gc,stats       ]     FA: VM Weak Roots               629 us, workers (us): 167, 120, 105, 103,  67,  67, 
[2026-04-03T03:02:11.237+0600][609.863s][info][gc,stats       ]     FA: CLDG Roots                  554 us, workers (us):  68,  59, 177,  59,  57, 134, 
[2026-04-03T03:02:11.237+0600][609.863s][info][gc,stats       ]   Copy Objects                    93441 us
[2026-04-03T03:02:11.237+0600][609.863s][info][gc,stats       ]     Regular Objects               92501 us
[2026-04-03T03:02:11.237+0600][609.863s][info][gc,stats       ]     Humongous Objects                21 us
[2026-04-03T03:02:11.237+0600][609.863s][info][gc,stats       ]     Reset Complete Bitmap           738 us
[2026-04-03T03:02:11.237+0600][609.863s][info][gc,stats       ]     Rebuild Region Sets             179 us
[2026-04-03T03:02:11.237+0600][609.863s][info][gc,stats       ]   Post Heap Dump                      1 us
[2026-04-03T03:02:11.237+0600][609.863s][info][gc,stats       ] 
[2026-04-03T03:02:11.237+0600][609.863s][info][gc,stats       ] Allocation pacing accrued:
[2026-04-03T03:02:11.237+0600][609.863s][info][gc,stats       ]       0 of  8735 ms (  0.0%): <total>
[2026-04-03T03:02:11.237+0600][609.863s][info][gc,stats       ]       0 of  8735 ms (  0.0%): <average total>
[2026-04-03T03:02:11.237+0600][609.863s][info][gc,stats       ] 
[2026-04-03T03:02:11.237+0600][609.863s][info][gc,metaspace   ] Metaspace: 49640K(50048K)->49640K(50048K) NonClass: 43438K(43712K)->43439K(43712K) Class: 6201K(6336K)->6201K(6336K)
[2026-04-03T03:02:11.237+0600][609.863s][info][gc,ergo        ] Pacer for Idle. Initial: 10240K, Alloc Tax Rate: 1.0x
[2026-04-03T03:02:11.238+0600][609.864s][info][gc             ] Trigger: Handle Allocation Failure
[2026-04-03T03:02:11.238+0600][609.864s][info][gc,ergo        ] Free: 0B, Max: 0B regular, 0B humongous, Frag: 0% external, 0% internal; Reserve: 16384K, Max: 256K
[2026-04-03T03:02:11.238+0600][609.864s][info][gc,start       ] GC(91) Pause Degenerated GC (Outside of Cycle)
[2026-04-03T03:02:11.238+0600][609.864s][info][gc,task        ] GC(91) Using 6 of 6 workers for stw degenerated gc
[2026-04-03T03:02:11.238+0600][609.865s][info][gc,ref         ] GC(91) Clearing All SoftReferences
[2026-04-03T03:02:15.434+0600][614.061s][info][gc,ref         ] GC(91) Encountered references: Soft: 2445, Weak: 2757, Final: 74, Phantom: 586
[2026-04-03T03:02:15.434+0600][614.061s][info][gc,ref         ] GC(91) Discovered  references: Soft: 239, Weak: 1471, Final: 68, Phantom: 582
[2026-04-03T03:02:15.434+0600][614.061s][info][gc,ref         ] GC(91) Enqueued    references: Soft: 0, Weak: 0, Final: 0, Phantom: 0
[2026-04-03T03:02:15.436+0600][614.063s][info][gc,ergo        ] GC(91) Adaptive CSet Selection. Target Free: 72533K, Actual Free: 16384K, Max CSet: 21333K, Min Garbage: 56149K
[2026-04-03T03:02:15.436+0600][614.063s][info][gc,ergo        ] GC(91) Collectable Garbage: 52520B (100%), Immediate: 0B (0%), CSet: 52520B (100%)
[2026-04-03T03:02:15.442+0600][614.068s][info][gc             ] GC(91) Cancelling GC: Allocation Failure During Evacuation
[2026-04-03T03:02:15.443+0600][614.069s][info][gc             ] GC(91) Cannot finish degeneration, upgrading to Full GC
[2026-04-03T03:02:15.446+0600][614.072s][info][gc,phases,start] GC(91) Phase 1: Mark live objects
[2026-04-03T03:02:15.446+0600][614.072s][info][gc,ref         ] GC(91) Clearing All SoftReferences
[2026-04-03T03:02:15.446+0600][614.072s][info][gc,ref         ] GC(91) Clearing All SoftReferences
[2026-04-03T03:02:18.524+0600][617.151s][info][gc,ref         ] GC(91) Encountered references: Soft: 2445, Weak: 2757, Final: 74, Phantom: 586
[2026-04-03T03:02:18.524+0600][617.151s][info][gc,ref         ] GC(91) Discovered  references: Soft: 238, Weak: 1579, Final: 74, Phantom: 581
[2026-04-03T03:02:18.524+0600][617.151s][info][gc,ref         ] GC(91) Enqueued    references: Soft: 0, Weak: 0, Final: 0, Phantom: 0
[2026-04-03T03:02:18.526+0600][617.152s][info][gc,phases      ] GC(91) Phase 1: Mark live objects 3079.808ms
[2026-04-03T03:02:18.526+0600][617.152s][info][gc,phases,start] GC(91) Phase 2: Compute new object addresses
[2026-04-03T03:02:18.611+0600][617.237s][info][gc,phases      ] GC(91) Phase 2: Compute new object addresses 85.046ms
[2026-04-03T03:02:18.611+0600][617.237s][info][gc,phases,start] GC(91) Phase 3: Adjust pointers
[2026-04-03T03:02:18.709+0600][617.336s][info][gc,phases      ] GC(91) Phase 3: Adjust pointers 98.483ms
[2026-04-03T03:02:18.709+0600][617.336s][info][gc,phases,start] GC(91) Phase 4: Move objects
[2026-04-03T03:02:18.800+0600][617.427s][info][gc,phases      ] GC(91) Phase 4: Move objects 90.958ms
[2026-04-03T03:02:18.801+0600][617.427s][info][gc,ergo        ] GC(91) Bad progress for free space: 81896B, need 5120K
[2026-04-03T03:02:18.801+0600][617.427s][info][gc             ] GC(91) Pause Degenerated GC (Outside of Cycle) 482M->482M(500M) 7562.791ms
[2026-04-03T03:02:18.801+0600][617.427s][info][gc,ergo        ] Free: 81896B, Max: 31984B regular, 0B humongous, Frag: 0% external, 99% internal; Reserve: 16384K, Max: 256K
[2026-04-03T03:02:18.801+0600][617.427s][info][gc,stats       ] 
[2026-04-03T03:02:18.801+0600][617.427s][info][gc,stats       ] All times are wall-clock times, except per-root-class counters, that are sum over
[2026-04-03T03:02:18.801+0600][617.427s][info][gc,stats       ] all workers. Dividing the <total> over the root stage time estimates parallelism.
[2026-04-03T03:02:18.801+0600][617.427s][info][gc,stats       ] 
[2026-04-03T03:02:18.801+0600][617.427s][info][gc,stats       ] Pause Degenerated GC (G)        7562988 us
[2026-04-03T03:02:18.801+0600][617.427s][info][gc,stats       ] Pause Degenerated GC (N)        7562800 us
[2026-04-03T03:02:18.801+0600][617.427s][info][gc,stats       ]   Degen STW Mark                4195962 us, parallelism: 6.00x
[2026-04-03T03:02:18.801+0600][617.427s][info][gc,stats       ]     DSM: <total>               25167769 us
[2026-04-03T03:02:18.801+0600][617.427s][info][gc,stats       ]     DSM: Thread Roots               705 us, workers (us): 202,  85, 166,  83,  85,  84, 
[2026-04-03T03:02:18.801+0600][617.427s][info][gc,stats       ]     DSM: VM Strong Roots             19 us, workers (us):   0,   0,   0,   7,   6,   5, 
[2026-04-03T03:02:18.801+0600][617.427s][info][gc,stats       ]     DSM: CLDG Roots                 265 us, workers (us):   9, 147,  18,  31,  29,  30, 
[2026-04-03T03:02:18.801+0600][617.427s][info][gc,stats       ]     DSM: Parallel Mark         25166780 us, workers (us): 4194571, 4194247, 4194368, 4194496, 4194500, 4194599, 
[2026-04-03T03:02:18.801+0600][617.427s][info][gc,stats       ]     System Purge                   2113 us
[2026-04-03T03:02:18.801+0600][617.427s][info][gc,stats       ]       Weak References               384 us, parallelism: 1.00x
[2026-04-03T03:02:18.801+0600][617.427s][info][gc,stats       ]         WRP: <total>                384 us
[2026-04-03T03:02:18.801+0600][617.427s][info][gc,stats       ]         WRP: Weak References        384 us, workers (us): 237,  24,  91,  32,   0,   0, 
[2026-04-03T03:02:18.801+0600][617.427s][info][gc,stats       ]       Unload Classes               1507 us, parallelism: 5.16x
[2026-04-03T03:02:18.801+0600][617.427s][info][gc,stats       ]         DCU: <total>               7780 us
[2026-04-03T03:02:18.801+0600][617.427s][info][gc,stats       ]         DCU: Unload Code Caches     7780 us, workers (us): 1342, 1337, 1328, 1272, 1268, 1235, 
[2026-04-03T03:02:18.801+0600][617.427s][info][gc,stats       ]       Weak Roots                    207 us, parallelism: 2.65x
[2026-04-03T03:02:18.801+0600][617.427s][info][gc,stats       ]         DWR: <total>                550 us
[2026-04-03T03:02:18.801+0600][617.427s][info][gc,stats       ]         DWR: VM Weak Roots          550 us, workers (us): 162, 140,  77,  78,  63,  30, 
[2026-04-03T03:02:18.801+0600][617.427s][info][gc,stats       ]       CLDG                            2 us
[2026-04-03T03:02:18.801+0600][617.427s][info][gc,stats       ]   Update Region States               65 us
[2026-04-03T03:02:18.801+0600][617.427s][info][gc,stats       ]   Manage GC/TLABs                     9 us
[2026-04-03T03:02:18.801+0600][617.427s][info][gc,stats       ]   Choose Collection Set             187 us
[2026-04-03T03:02:18.801+0600][617.427s][info][gc,stats       ]   Rebuild Free Set                   40 us
[2026-04-03T03:02:18.801+0600][617.427s][info][gc,stats       ]   Evacuation                       6215 us
[2026-04-03T03:02:18.801+0600][617.427s][info][gc,stats       ]   Pre Heap Dump                       1 us
[2026-04-03T03:02:18.801+0600][617.427s][info][gc,stats       ]   Prepare                          2795 us
[2026-04-03T03:02:18.801+0600][617.427s][info][gc,stats       ]     Update Roots                   1864 us, parallelism: 4.52x
[2026-04-03T03:02:18.801+0600][617.427s][info][gc,stats       ]       FU: <total>                  8428 us
[2026-04-03T03:02:18.801+0600][617.427s][info][gc             ] Failed to allocate TLAB, 2656B
[2026-04-03T03:02:18.801+0600][617.427s][info][gc             ] Cancelling GC: Allocation Failure
[2026-04-03T03:02:18.801+0600][617.427s][info][gc,stats       ]       FU: Thread Roots              565 us, workers (us): 165, 216, 149,   8,   1,  26, 
[2026-04-03T03:02:18.801+0600][617.428s][info][gc,stats       ]       FU: Code Cache Roots         6619 us, workers (us): 1014, 939, 1004, 1223, 1379, 1060, 
[2026-04-03T03:02:18.801+0600][617.428s][info][gc,stats       ]       FU: VM Strong Roots            16 us, workers (us):  10,   3,   1,   1,   1,   1, 
[2026-04-03T03:02:18.801+0600][617.428s][info][gc,stats       ]       FU: VM Weak Roots             644 us, workers (us): 168, 168,  89,  74,  72,  73, 
[2026-04-03T03:02:18.801+0600][617.428s][info][gc,stats       ]       FU: CLDG Roots                584 us, workers (us):  71,  71,  72,  81, 132, 156, 
[2026-04-03T03:02:18.801+0600][617.428s][info][gc,stats       ]   Mark                          3079720 us, parallelism: 6.00x
[2026-04-03T03:02:18.801+0600][617.428s][info][gc,stats       ]     FM: <total>                18462984 us
[2026-04-03T03:02:18.801+0600][617.428s][info][gc,stats       ]     FM: Thread Roots                716 us, workers (us): 158, 154, 110, 171,  65,  57, 
[2026-04-03T03:02:18.801+0600][617.428s][info][gc,stats       ]     FM: VM Strong Roots              23 us, workers (us):   1,   7,   6,   0,   8,   1, 
[2026-04-03T03:02:18.801+0600][617.428s][info][gc,stats       ]     FM: CLDG Roots                  264 us, workers (us): 138,  34,  31,   7,  30,  25, 
[2026-04-03T03:02:18.801+0600][617.428s][info][gc,stats       ]     FM: Parallel Mark          18461981 us, workers (us): 3076977, 3077039, 3076947, 3077039, 3076912, 3077066, 
[2026-04-03T03:02:18.801+0600][617.428s][info][gc,stats       ]     System Purge                   1705 us
[2026-04-03T03:02:18.801+0600][617.428s][info][gc,stats       ]       Weak References               293 us, parallelism: 1.08x
[2026-04-03T03:02:18.801+0600][617.428s][info][gc,stats       ]         WRP: <total>                316 us
[2026-04-03T03:02:18.801+0600][617.428s][info][gc,stats       ]         WRP: Weak References        316 us, workers (us): 160,  98,  14,  18,  15,  11, 
[2026-04-03T03:02:18.801+0600][617.428s][info][gc,stats       ]       Unload Classes               1221 us, parallelism: 5.46x
[2026-04-03T03:02:18.801+0600][617.428s][info][gc,stats       ]         CU: <total>                6671 us
[2026-04-03T03:02:18.801+0600][617.428s][info][gc,stats       ]         CU: Unload Code Caches     6671 us, workers (us): 1139, 1142, 1136, 1113, 1078, 1064, 
[2026-04-03T03:02:18.801+0600][617.428s][info][gc,stats       ]       Weak Roots                    168 us, parallelism: 3.31x
[2026-04-03T03:02:18.801+0600][617.428s][info][gc,stats       ]         WR: <total>                 557 us
[2026-04-03T03:02:18.801+0600][617.428s][info][gc,stats       ]         WR: VM Weak Roots           557 us, workers (us): 134, 131,  74,  74,  73,  71, 
[2026-04-03T03:02:18.801+0600][617.428s][info][gc,stats       ]       CLDG                            9 us
[2026-04-03T03:02:18.801+0600][617.428s][info][gc,stats       ]   Calculate Addresses             85038 us
[2026-04-03T03:02:18.801+0600][617.428s][info][gc,stats       ]     Regular Objects               84944 us
[2026-04-03T03:02:18.801+0600][617.428s][info][gc,stats       ]     Humongous Objects                31 us
[2026-04-03T03:02:18.801+0600][617.428s][info][gc,stats       ]   Adjust Pointers                 98471 us
[2026-04-03T03:02:18.801+0600][617.428s][info][gc,stats       ]     FA: <total>                    7647 us
[2026-04-03T03:02:18.801+0600][617.428s][info][gc,stats       ]     FA: Thread Roots                525 us, workers (us):  65, 140,   2,  22, 220,  77, 
[2026-04-03T03:02:18.801+0600][617.428s][info][gc,stats       ]     FA: Code Cache Roots           5832 us, workers (us): 966, 878, 1270, 1018, 848, 852, 
[2026-04-03T03:02:18.801+0600][617.428s][info][gc,stats       ]     FA: VM Strong Roots              18 us, workers (us):  14,   1,   1,   1,   1,   1, 
[2026-04-03T03:02:18.801+0600][617.428s][info][gc,stats       ]     FA: VM Weak Roots               643 us, workers (us): 156, 111, 110, 110,  90,  66, 
[2026-04-03T03:02:18.801+0600][617.428s][info][gc,stats       ]     FA: CLDG Roots                  629 us, workers (us):  70,  82, 164,  74,  69, 172, 
[2026-04-03T03:02:18.801+0600][617.428s][info][gc,stats       ]   Copy Objects                    90946 us
[2026-04-03T03:02:18.801+0600][617.428s][info][gc,stats       ]     Regular Objects               90043 us
[2026-04-03T03:02:18.801+0600][617.428s][info][gc,stats       ]     Humongous Objects                21 us
[2026-04-03T03:02:18.801+0600][617.428s][info][gc,stats       ]     Reset Complete Bitmap           669 us
[2026-04-03T03:02:18.801+0600][617.428s][info][gc,stats       ]     Rebuild Region Sets             211 us
[2026-04-03T03:02:18.801+0600][617.428s][info][gc,stats       ]   Post Heap Dump                      1 us
[2026-04-03T03:02:18.801+0600][617.428s][info][gc,stats       ] 
[2026-04-03T03:02:18.801+0600][617.428s][info][gc,stats       ] Allocation pacing accrued:
[2026-04-03T03:02:18.801+0600][617.428s][info][gc,stats       ]       0 of  7565 ms (  0.0%): <total>
[2026-04-03T03:02:18.801+0600][617.428s][info][gc,stats       ]       0 of  7565 ms (  0.0%): <average total>
[2026-04-03T03:02:18.801+0600][617.428s][info][gc,stats       ] 
[2026-04-03T03:02:18.801+0600][617.428s][info][gc,metaspace   ] Metaspace: 49641K(50048K)->49641K(50048K) NonClass: 43439K(43712K)->43439K(43712K) Class: 6201K(6336K)->6201K(6336K)
[2026-04-03T03:02:18.801+0600][617.428s][info][gc,ergo        ] Pacer for Idle. Initial: 10240K, Alloc Tax Rate: 1.0x
[2026-04-03T03:02:18.803+0600][617.429s][info][gc             ] Trigger: Handle Allocation Failure
[2026-04-03T03:02:18.803+0600][617.429s][info][gc,ergo        ] Free: 0B, Max: 0B regular, 0B humongous, Frag: 0% external, 0% internal; Reserve: 16384K, Max: 256K
[2026-04-03T03:02:18.803+0600][617.429s][info][gc,start       ] GC(92) Pause Full
[2026-04-03T03:02:18.803+0600][617.429s][info][gc,task        ] GC(92) Using 6 of 6 workers for full gc
[2026-04-03T03:02:18.803+0600][617.429s][info][gc,phases,start] GC(92) Phase 1: Mark live objects
[2026-04-03T03:02:18.803+0600][617.429s][info][gc,ref         ] GC(92) Clearing All SoftReferences
[2026-04-03T03:02:18.803+0600][617.429s][info][gc,ref         ] GC(92) Clearing All SoftReferences
[2026-04-03T03:02:23.054+0600][621.681s][info][gc,ref         ] GC(92) Encountered references: Soft: 2446, Weak: 2757, Final: 74, Phantom: 586
[2026-04-03T03:02:23.055+0600][621.681s][info][gc,ref         ] GC(92) Discovered  references: Soft: 242, Weak: 1796, Final: 74, Phantom: 582
[2026-04-03T03:02:23.055+0600][621.681s][info][gc,ref         ] GC(92) Enqueued    references: Soft: 0, Weak: 0, Final: 0, Phantom: 0
[2026-04-03T03:02:23.056+0600][621.683s][info][gc,phases      ] GC(92) Phase 1: Mark live objects 4253.355ms
[2026-04-03T03:02:23.056+0600][621.683s][info][gc,phases,start] GC(92) Phase 2: Compute new object addresses
[2026-04-03T03:02:23.145+0600][621.772s][info][gc,phases      ] GC(92) Phase 2: Compute new object addresses 89.009ms
[2026-04-03T03:02:23.145+0600][621.772s][info][gc,phases,start] GC(92) Phase 3: Adjust pointers
[2026-04-03T03:02:23.244+0600][621.870s][info][gc,phases      ] GC(92) Phase 3: Adjust pointers 98.169ms
[2026-04-03T03:02:23.244+0600][621.870s][info][gc,phases,start] GC(92) Phase 4: Move objects
[2026-04-03T03:02:23.323+0600][621.949s][info][gc,phases      ] GC(92) Phase 4: Move objects 79.310ms
[2026-04-03T03:02:23.323+0600][621.949s][info][gc,ergo        ] GC(92) Bad progress for free space: 57704B, need 5120K
[2026-04-03T03:02:23.323+0600][621.950s][info][gc             ] GC(92) Pause Full 482M->482M(500M) 4520.471ms
[2026-04-03T03:02:23.323+0600][621.950s][info][gc,ergo        ] Free: 57704B, Max: 15624B regular, 0B humongous, Frag: 0% external, 99% internal; Reserve: 16384K, Max: 256K
[2026-04-03T03:02:23.323+0600][621.950s][info][gc,stats       ] 
[2026-04-03T03:02:23.323+0600][621.950s][info][gc,stats       ] All times are wall-clock times, except per-root-class counters, that are sum over
[2026-04-03T03:02:23.323+0600][621.950s][info][gc,stats       ] all workers. Dividing the <total> over the root stage time estimates parallelism.
[2026-04-03T03:02:23.323+0600][621.950s][info][gc,stats       ] 
[2026-04-03T03:02:23.323+0600][621.950s][info][gc,stats       ] Pause Full GC (G)               4520579 us
[2026-04-03T03:02:23.323+0600][621.950s][info][gc,stats       ] Pause Full GC (N)               4520480 us
[2026-04-03T03:02:23.323+0600][621.950s][info][gc,stats       ]   Pre Heap Dump                       1 us
[2026-04-03T03:02:23.323+0600][621.950s][info][gc,stats       ]   Prepare                           192 us
[2026-04-03T03:02:23.323+0600][621.950s][info][gc,stats       ]   Mark                          4253339 us, parallelism: 6.00x
[2026-04-03T03:02:23.323+0600][621.950s][info][gc,stats       ]     FM: <total>                25498841 us
[2026-04-03T03:02:23.323+0600][621.950s][info][gc,stats       ]     FM: Thread Roots                906 us, workers (us): 159, 261, 106, 177, 103, 100, 
[2026-04-03T03:02:23.323+0600][621.950s][info][gc,stats       ]     FM: VM Strong Roots              19 us, workers (us):   0,   0,   7,   0,   5,   6, 
[2026-04-03T03:02:23.323+0600][621.950s][info][gc,stats       ]     FM: CLDG Roots                  215 us, workers (us): 110,  14,  28,   5,  29,  28, 
[2026-04-03T03:02:23.323+0600][621.950s][info][gc,stats       ]     FM: Parallel Mark          25497701 us, workers (us): 4249680, 4249524, 4249587, 4249574, 4249758, 4249578, 
[2026-04-03T03:02:23.324+0600][621.950s][info][gc,stats       ]     System Purge                   2357 us
[2026-04-03T03:02:23.324+0600][621.950s][info][gc,stats       ]       Weak References               655 us, parallelism: 0.89x
[2026-04-03T03:02:23.324+0600][621.950s][info][gc,stats       ]         WRP: <total>                586 us
[2026-04-03T03:02:23.324+0600][621.950s][info][gc,stats       ]         WRP: Weak References        586 us, workers (us):  73,  17, 170, 325,   1,   0, 
[2026-04-03T03:02:23.324+0600][621.950s][info][gc,stats       ]       Unload Classes               1483 us, parallelism: 5.35x
[2026-04-03T03:02:23.324+0600][621.950s][info][gc,stats       ]         CU: <total>                7930 us
[2026-04-03T03:02:23.324+0600][621.950s][info][gc,stats       ]         CU: Unload Code Caches     7930 us, workers (us): 1376, 1367, 1307, 1274, 1302, 1304, 
[2026-04-03T03:02:23.324+0600][621.950s][info][gc,stats       ]       Weak Roots                    202 us, parallelism: 3.19x
[2026-04-03T03:02:23.324+0600][621.950s][info][gc,stats       ]         WR: <total>                 645 us
[2026-04-03T03:02:23.324+0600][621.950s][info][gc             ] Failed to allocate TLAB, 2656B
[2026-04-03T03:02:23.324+0600][621.950s][info][gc             ] Cancelling GC: Allocation Failure
[2026-04-03T03:02:23.324+0600][621.950s][info][gc,stats       ]         WR: VM Weak Roots           645 us, workers (us): 149, 147, 144,  89,  78,  37, 
[2026-04-03T03:02:23.324+0600][621.950s][info][gc,stats       ]       CLDG                            2 us
[2026-04-03T03:02:23.324+0600][621.950s][info][gc,stats       ]   Calculate Addresses             89000 us
[2026-04-03T03:02:23.324+0600][621.950s][info][gc,stats       ]     Regular Objects               88904 us
[2026-04-03T03:02:23.324+0600][621.950s][info][gc,stats       ]     Humongous Objects                29 us
[2026-04-03T03:02:23.324+0600][621.950s][info][gc,stats       ]   Adjust Pointers                 98156 us
[2026-04-03T03:02:23.324+0600][621.950s][info][gc,stats       ]     FA: <total>                    7200 us
[2026-04-03T03:02:23.324+0600][621.950s][info][gc,stats       ]     FA: Thread Roots                539 us, workers (us): 180,  94,   2,   4,  55, 204, 
[2026-04-03T03:02:23.324+0600][621.950s][info][gc,stats       ]     FA: Code Cache Roots           5421 us, workers (us): 781, 868, 1196, 962, 814, 799, 
[2026-04-03T03:02:23.324+0600][621.950s][info][gc,stats       ]     FA: VM Strong Roots              19 us, workers (us):   9,   8,   1,   1,   1,   1, 
[2026-04-03T03:02:23.324+0600][621.950s][info][gc,stats       ]     FA: VM Weak Roots               592 us, workers (us): 153, 152,  72,  73,  70,  72, 
[2026-04-03T03:02:23.324+0600][621.950s][info][gc,stats       ]     FA: CLDG Roots                  629 us, workers (us):  74,  72, 157,  89, 166,  71, 
[2026-04-03T03:02:23.324+0600][621.950s][info][gc,stats       ]   Copy Objects                    79296 us
[2026-04-03T03:02:23.324+0600][621.950s][info][gc,stats       ]     Regular Objects               78342 us
[2026-04-03T03:02:23.324+0600][621.950s][info][gc,stats       ]     Humongous Objects                22 us
[2026-04-03T03:02:23.324+0600][621.950s][info][gc,stats       ]     Reset Complete Bitmap           735 us
[2026-04-03T03:02:23.324+0600][621.950s][info][gc,stats       ]     Rebuild Region Sets             196 us
[2026-04-03T03:02:23.324+0600][621.950s][info][gc,stats       ]   Post Heap Dump                      1 us
[2026-04-03T03:02:23.324+0600][621.950s][info][gc,stats       ] 
[2026-04-03T03:02:23.324+0600][621.950s][info][gc,stats       ] Allocation pacing accrued:
[2026-04-03T03:02:23.324+0600][621.950s][info][gc,stats       ]       0 of  4522 ms (  0.0%): <total>
[2026-04-03T03:02:23.324+0600][621.950s][info][gc,stats       ]       0 of  4522 ms (  0.0%): <average total>
[2026-04-03T03:02:23.324+0600][621.950s][info][gc,stats       ] 
[2026-04-03T03:02:23.324+0600][621.950s][info][gc,metaspace   ] Metaspace: 49645K(50048K)->49645K(50048K) NonClass: 43444K(43712K)->43444K(43712K) Class: 6201K(6336K)->6201K(6336K)
[2026-04-03T03:02:23.324+0600][621.950s][info][gc,ergo        ] Pacer for Idle. Initial: 10240K, Alloc Tax Rate: 1.0x
[2026-04-03T03:02:23.326+0600][621.952s][info][gc             ] Trigger: Handle Allocation Failure
[2026-04-03T03:02:23.326+0600][621.952s][info][gc,ergo        ] Free: 0B, Max: 0B regular, 0B humongous, Frag: 0% external, 0% internal; Reserve: 16384K, Max: 256K
[2026-04-03T03:02:23.326+0600][621.953s][info][gc,start       ] GC(93) Pause Degenerated GC (Outside of Cycle)
[2026-04-03T03:02:23.326+0600][621.953s][info][gc,task        ] GC(93) Using 6 of 6 workers for stw degenerated gc
[2026-04-03T03:02:23.327+0600][621.953s][info][gc,ref         ] GC(93) Clearing All SoftReferences
[2026-04-03T03:02:27.642+0600][626.269s][info][gc,ref         ] GC(93) Encountered references: Soft: 2447, Weak: 2757, Final: 74, Phantom: 586
[2026-04-03T03:02:27.642+0600][626.269s][info][gc,ref         ] GC(93) Discovered  references: Soft: 240, Weak: 1536, Final: 59, Phantom: 582
[2026-04-03T03:02:27.642+0600][626.269s][info][gc,ref         ] GC(93) Enqueued    references: Soft: 2, Weak: 0, Final: 0, Phantom: 0
[2026-04-03T03:02:27.644+0600][626.271s][info][gc,ergo        ] GC(93) Adaptive CSet Selection. Target Free: 72533K, Actual Free: 16384K, Max CSet: 21333K, Min Garbage: 56149K
[2026-04-03T03:02:27.645+0600][626.271s][info][gc,ergo        ] GC(93) Collectable Garbage: 15784B (100%), Immediate: 0B (0%), CSet: 15784B (100%)
[2026-04-03T03:02:27.650+0600][626.276s][info][gc             ] GC(93) Cancelling GC: Allocation Failure During Evacuation
[2026-04-03T03:02:27.651+0600][626.277s][info][gc             ] GC(93) Cannot finish degeneration, upgrading to Full GC
[2026-04-03T03:02:27.654+0600][626.281s][info][gc,phases,start] GC(93) Phase 1: Mark live objects
[2026-04-03T03:02:27.654+0600][626.281s][info][gc,ref         ] GC(93) Clearing All SoftReferences
[2026-04-03T03:02:27.654+0600][626.281s][info][gc,ref         ] GC(93) Clearing All SoftReferences
[2026-04-03T03:02:32.037+0600][630.664s][info][gc,ref         ] GC(93) Encountered references: Soft: 2445, Weak: 2757, Final: 74, Phantom: 586
[2026-04-03T03:02:32.037+0600][630.664s][info][gc,ref         ] GC(93) Discovered  references: Soft: 242, Weak: 1631, Final: 74, Phantom: 582
[2026-04-03T03:02:32.037+0600][630.664s][info][gc,ref         ] GC(93) Enqueued    references: Soft: 0, Weak: 0, Final: 0, Phantom: 0
[2026-04-03T03:02:32.039+0600][630.666s][info][gc,phases      ] GC(93) Phase 1: Mark live objects 4385.210ms
[2026-04-03T03:02:32.040+0600][630.666s][info][gc,phases,start] GC(93) Phase 2: Compute new object addresses
[2026-04-03T03:02:32.121+0600][630.748s][info][gc,phases      ] GC(93) Phase 2: Compute new object addresses 81.821ms
[2026-04-03T03:02:32.121+0600][630.748s][info][gc,phases,start] GC(93) Phase 3: Adjust pointers
[2026-04-03T03:02:32.220+0600][630.846s][info][gc,phases      ] GC(93) Phase 3: Adjust pointers 98.384ms
[2026-04-03T03:02:32.220+0600][630.846s][info][gc,phases,start] GC(93) Phase 4: Move objects
[2026-04-03T03:02:32.317+0600][630.943s][info][gc,phases      ] GC(93) Phase 4: Move objects 96.796ms
[2026-04-03T03:02:32.317+0600][630.943s][info][gc,ergo        ] GC(93) Bad progress for free space: 302K, need 5120K
[2026-04-03T03:02:32.317+0600][630.943s][info][gc             ] GC(93) Pause Degenerated GC (Outside of Cycle) 482M->482M(500M) 8990.716ms
[2026-04-03T03:02:32.317+0600][630.943s][info][gc,ergo        ] Free: 302K, Max: 191K regular, 0B humongous, Frag: 0% external, 99% internal; Reserve: 16128K, Max: 256K
[2026-04-03T03:02:32.317+0600][630.943s][info][gc,stats       ] 
[2026-04-03T03:02:32.317+0600][630.943s][info][gc,stats       ] All times are wall-clock times, except per-root-class counters, that are sum over
[2026-04-03T03:02:32.317+0600][630.943s][info][gc,stats       ] all workers. Dividing the <total> over the root stage time estimates parallelism.
[2026-04-03T03:02:32.317+0600][630.943s][info][gc,stats       ] 
[2026-04-03T03:02:32.317+0600][630.943s][info][gc,stats       ] Pause Degenerated GC (G)        8990913 us
[2026-04-03T03:02:32.317+0600][630.943s][info][gc,stats       ] Pause Degenerated GC (N)        8990726 us
[2026-04-03T03:02:32.317+0600][630.943s][info][gc,stats       ]   Degen STW Mark                4315290 us, parallelism: 6.00x
[2026-04-03T03:02:32.317+0600][630.943s][info][gc,stats       ]     DSM: <total>               25883934 us
[2026-04-03T03:02:32.317+0600][630.943s][info][gc,stats       ]     DSM: Thread Roots               714 us, workers (us): 115, 113, 111, 207,  60, 109, 
[2026-04-03T03:02:32.317+0600][630.943s][info][gc,stats       ]     DSM: VM Strong Roots             18 us, workers (us):   5,   0,   5,   0,   7,   0, 
[2026-04-03T03:02:32.317+0600][630.943s][info][gc,stats       ]     DSM: CLDG Roots                 273 us, workers (us):  37, 135,  38,   6,  38,  18, 
[2026-04-03T03:02:32.317+0600][630.944s][info][gc,stats       ]     DSM: Parallel Mark         25882929 us, workers (us): 4313815, 4313719, 4313962, 4313752, 4313805, 4313876, 
[2026-04-03T03:02:32.317+0600][630.944s][info][gc,stats       ]     System Purge                   2659 us
[2026-04-03T03:02:32.317+0600][630.944s][info][gc,stats       ]       Weak References               694 us, parallelism: 1.01x
[2026-04-03T03:02:32.317+0600][630.944s][info][gc,stats       ]         WRP: <total>                699 us
[2026-04-03T03:02:32.317+0600][630.944s][info][gc,stats       ]         WRP: Weak References        699 us, workers (us):  66, 354, 245,  20,  13,   0, 
[2026-04-03T03:02:32.317+0600][630.944s][info][gc,stats       ]       Unload Classes               1693 us, parallelism: 4.65x
[2026-04-03T03:02:32.317+0600][630.944s][info][gc,stats       ]         DCU: <total>               7878 us
[2026-04-03T03:02:32.317+0600][630.944s][info][gc,stats       ]         DCU: Unload Code Caches     7878 us, workers (us): 1414, 1322, 1288, 1301, 1254, 1298, 
[2026-04-03T03:02:32.317+0600][630.944s][info][gc,stats       ]       Weak Roots                    251 us, parallelism: 1.96x
[2026-04-03T03:02:32.317+0600][630.944s][info][gc,stats       ]         DWR: <total>                492 us
[2026-04-03T03:02:32.317+0600][630.944s][info][gc,stats       ]         DWR: VM Weak Roots          492 us, workers (us): 186,  70,  64,  63,  55,  54, 
[2026-04-03T03:02:32.317+0600][630.944s][info][gc,stats       ]       CLDG                            6 us
[2026-04-03T03:02:32.317+0600][630.944s][info][gc,stats       ]   Update Region States               23 us
[2026-04-03T03:02:32.317+0600][630.944s][info][gc,stats       ]   Manage GC/TLABs                     8 us
[2026-04-03T03:02:32.317+0600][630.944s][info][gc,stats       ]   Choose Collection Set             172 us
[2026-04-03T03:02:32.317+0600][630.944s][info][gc,stats       ]   Rebuild Free Set                   41 us
[2026-04-03T03:02:32.317+0600][630.944s][info][gc,stats       ]   Evacuation                       6045 us
[2026-04-03T03:02:32.317+0600][630.944s][info][gc,stats       ]   Pre Heap Dump                       1 us
[2026-04-03T03:02:32.317+0600][630.944s][info][gc,stats       ]   Prepare                          3147 us
[2026-04-03T03:02:32.317+0600][630.944s][info][gc,stats       ]     Update Roots                   1987 us, parallelism: 4.62x
[2026-04-03T03:02:32.317+0600][630.944s][info][gc,stats       ]       FU: <total>                  9183 us
[2026-04-03T03:02:32.317+0600][630.944s][info][gc,stats       ]       FU: Thread Roots              746 us, workers (us):  58, 290, 194, 116,   3,  85, 
[2026-04-03T03:02:32.317+0600][630.944s][info][gc,stats       ]       FU: Code Cache Roots         7235 us, workers (us): 1180, 1061, 1113, 1188, 1474, 1219, 
[2026-04-03T03:02:32.317+0600][630.944s][info][gc,stats       ]       FU: VM Strong Roots            15 us, workers (us):  11,   1,   1,   1,   1,   1, 
[2026-04-03T03:02:32.317+0600][630.944s][info][gc,stats       ]       FU: VM Weak Roots             632 us, workers (us): 207, 127,  91,  69,  68,  70, 
[2026-04-03T03:02:32.317+0600][630.944s][info][gc,stats       ]       FU: CLDG Roots                555 us, workers (us): 140,  72,  76,  70, 127,  70, 
[2026-04-03T03:02:32.317+0600][630.944s][info][gc,stats       ]   Mark                          4385125 us, parallelism: 5.99x
[2026-04-03T03:02:32.317+0600][630.944s][info][gc,stats       ]     FM: <total>                26287846 us
[2026-04-03T03:02:32.317+0600][630.944s][info][gc,stats       ]     FM: Thread Roots                954 us, workers (us): 259, 197, 141, 125, 105, 127, 
[2026-04-03T03:02:32.317+0600][630.944s][info][gc,stats       ]     FM: VM Strong Roots              26 us, workers (us):   0,   7,   8,   9,   0,   1, 
[2026-04-03T03:02:32.317+0600][630.944s][info][gc,stats       ]     FM: CLDG Roots                  351 us, workers (us):  13,  43,  42,  43, 186,  24, 
[2026-04-03T03:02:32.317+0600][630.944s][info][gc,stats       ]     FM: Parallel Mark          26286514 us, workers (us): 4381074, 4381185, 4381044, 4381162, 4380954, 4381096, 
[2026-04-03T03:02:32.317+0600][630.944s][info][gc,stats       ]     System Purge                   2543 us
[2026-04-03T03:02:32.317+0600][630.944s][info][gc,stats       ]       Weak References               568 us, parallelism: 1.18x
[2026-04-03T03:02:32.317+0600][630.944s][info][gc,stats       ]         WRP: <total>                670 us
[2026-04-03T03:02:32.317+0600][630.944s][info][gc,stats       ]         WRP: Weak References        670 us, workers (us): 391, 217,  10,  36,  16,   0, 
[2026-04-03T03:02:32.317+0600][630.944s][info][gc,stats       ]       Unload Classes               1672 us, parallelism: 4.55x
[2026-04-03T03:02:32.317+0600][630.944s][info][gc,stats       ]         CU: <total>                7616 us
[2026-04-03T03:02:32.318+0600][630.944s][info][gc,stats       ]         CU: Unload Code Caches     7616 us, workers (us): 1300, 1316, 1276, 1269, 1228, 1226, 
[2026-04-03T03:02:32.318+0600][630.944s][info][gc,stats       ]       Weak Roots                    286 us, parallelism: 2.98x
[2026-04-03T03:02:32.318+0600][630.944s][info][gc,stats       ]         WR: <total>                 853 us
[2026-04-03T03:02:32.318+0600][630.944s][info][gc,stats       ]         WR: VM Weak Roots           853 us, workers (us): 238, 189, 118, 117,  96,  95, 
[2026-04-03T03:02:32.318+0600][630.944s][info][gc,stats       ]       CLDG                            2 us
[2026-04-03T03:02:32.318+0600][630.944s][info][gc,stats       ]   Calculate Addresses             81809 us
[2026-04-03T03:02:32.318+0600][630.944s][info][gc,stats       ]     Regular Objects               81675 us
[2026-04-03T03:02:32.318+0600][630.944s][info][gc,stats       ]     Humongous Objects                32 us
[2026-04-03T03:02:32.318+0600][630.944s][info][gc,stats       ]   Adjust Pointers                 98372 us
[2026-04-03T03:02:32.318+0600][630.944s][info][gc,stats       ]     FA: <total>                    7823 us
[2026-04-03T03:02:32.318+0600][630.944s][info][gc,stats       ]     FA: Thread Roots                558 us, workers (us): 241, 168,  94,  46,   5,   3, 
[2026-04-03T03:02:32.318+0600][630.944s][info][gc,stats       ]     FA: Code Cache Roots           5896 us, workers (us): 848, 957, 893, 980, 1086, 1132, 
[2026-04-03T03:02:32.318+0600][630.944s][info][gc,stats       ]     FA: VM Strong Roots              19 us, workers (us):  13,   3,   1,   1,   1,   1, 
[2026-04-03T03:02:32.318+0600][630.944s][info][gc,stats       ]     FA: VM Weak Roots               749 us, workers (us): 198, 200, 100,  98,  79,  74, 
[2026-04-03T03:02:32.318+0600][630.944s][info][gc,stats       ]     FA: CLDG Roots                  601 us, workers (us):  71,  68, 174, 135,  66,  87, 
[2026-04-03T03:02:32.318+0600][630.944s][info][gc,stats       ]   Copy Objects                    96786 us
[2026-04-03T03:02:32.318+0600][630.944s][info][gc,stats       ]     Regular Objects               95896 us
[2026-04-03T03:02:32.318+0600][630.944s][info][gc,stats       ]     Humongous Objects                37 us
[2026-04-03T03:02:32.318+0600][630.944s][info][gc,stats       ]     Reset Complete Bitmap           664 us
[2026-04-03T03:02:32.318+0600][630.944s][info][gc,stats       ]     Rebuild Region Sets             188 us
[2026-04-03T03:02:32.318+0600][630.944s][info][gc,stats       ]   Post Heap Dump                      1 us
[2026-04-03T03:02:32.318+0600][630.944s][info][gc,stats       ] 
[2026-04-03T03:02:32.318+0600][630.944s][info][gc,stats       ] Allocation pacing accrued:
[2026-04-03T03:02:32.318+0600][630.944s][info][gc,stats       ]       0 of  8994 ms (  0.0%): <total>
[2026-04-03T03:02:32.318+0600][630.944s][info][gc,stats       ]       0 of  8994 ms (  0.0%): <average total>
[2026-04-03T03:02:32.318+0600][630.944s][info][gc,stats       ] 
[2026-04-03T03:02:32.318+0600][630.944s][info][gc,metaspace   ] Metaspace: 49645K(50048K)->49645K(50048K) NonClass: 43444K(43712K)->43444K(43712K) Class: 6201K(6336K)->6201K(6336K)
[2026-04-03T03:02:32.318+0600][630.944s][info][gc,ergo        ] Pacer for Idle. Initial: 10240K, Alloc Tax Rate: 1.0x
[2026-04-03T03:02:32.318+0600][630.944s][info][gc             ] Failed to allocate TLAB, 2656B
[2026-04-03T03:02:32.318+0600][630.944s][info][gc             ] Cancelling GC: Allocation Failure
[2026-04-03T03:02:32.319+0600][630.945s][info][gc             ] Trigger: Handle Allocation Failure
[2026-04-03T03:02:32.319+0600][630.945s][info][gc,ergo        ] Free: 0B, Max: 0B regular, 0B humongous, Frag: 0% external, 0% internal; Reserve: 16128K, Max: 256K
[2026-04-03T03:02:32.319+0600][630.945s][info][gc,start       ] GC(94) Pause Degenerated GC (Outside of Cycle)
[2026-04-03T03:02:32.319+0600][630.945s][info][gc,task        ] GC(94) Using 6 of 6 workers for stw degenerated gc
[2026-04-03T03:02:32.319+0600][630.946s][info][gc,ref         ] GC(94) Clearing All SoftReferences
[2026-04-03T03:02:35.339+0600][633.965s][info][gc,ref         ] GC(94) Encountered references: Soft: 2445, Weak: 2758, Final: 74, Phantom: 586
[2026-04-03T03:02:35.339+0600][633.965s][info][gc,ref         ] GC(94) Discovered  references: Soft: 239, Weak: 1491, Final: 74, Phantom: 582
[2026-04-03T03:02:35.339+0600][633.965s][info][gc,ref         ] GC(94) Enqueued    references: Soft: 0, Weak: 1, Final: 0, Phantom: 0
[2026-04-03T03:02:35.341+0600][633.967s][info][gc,ergo        ] GC(94) Adaptive CSet Selection. Target Free: 72533K, Actual Free: 16128K, Max CSet: 21333K, Min Garbage: 56405K
[2026-04-03T03:02:35.341+0600][633.967s][info][gc,ergo        ] GC(94) Collectable Garbage: 100K (100%), Immediate: 0B (0%), CSet: 100K (100%)
[2026-04-03T03:02:35.347+0600][633.973s][info][gc             ] GC(94) Cancelling GC: Allocation Failure During Evacuation
[2026-04-03T03:02:35.348+0600][633.975s][info][gc             ] GC(94) Cannot finish degeneration, upgrading to Full GC
[2026-04-03T03:02:35.352+0600][633.979s][info][gc,phases,start] GC(94) Phase 1: Mark live objects
[2026-04-03T03:02:35.352+0600][633.979s][info][gc,ref         ] GC(94) Clearing All SoftReferences
[2026-04-03T03:02:35.352+0600][633.979s][info][gc,ref         ] GC(94) Clearing All SoftReferences
[2026-04-03T03:02:38.872+0600][637.499s][info][gc,ref         ] GC(94) Encountered references: Soft: 2445, Weak: 2757, Final: 74, Phantom: 586
[2026-04-03T03:02:38.872+0600][637.499s][info][gc,ref         ] GC(94) Discovered  references: Soft: 241, Weak: 1797, Final: 74, Phantom: 582
[2026-04-03T03:02:38.872+0600][637.499s][info][gc,ref         ] GC(94) Enqueued    references: Soft: 0, Weak: 0, Final: 0, Phantom: 0
[2026-04-03T03:02:38.874+0600][637.500s][info][gc,phases      ] GC(94) Phase 1: Mark live objects 3521.708ms
[2026-04-03T03:02:38.874+0600][637.500s][info][gc,phases,start] GC(94) Phase 2: Compute new object addresses
[2026-04-03T03:02:38.966+0600][637.593s][info][gc,phases      ] GC(94) Phase 2: Compute new object addresses 92.291ms
[2026-04-03T03:02:38.966+0600][637.593s][info][gc,phases,start] GC(94) Phase 3: Adjust pointers
[2026-04-03T03:02:39.064+0600][637.691s][info][gc,phases      ] GC(94) Phase 3: Adjust pointers 98.107ms
[2026-04-03T03:02:39.064+0600][637.691s][info][gc,phases,start] GC(94) Phase 4: Move objects
[2026-04-03T03:02:39.158+0600][637.784s][info][gc,phases      ] GC(94) Phase 4: Move objects 93.433ms
[2026-04-03T03:02:39.158+0600][637.784s][info][gc,ergo        ] GC(94) Bad progress for free space: 392K, need 5120K
[2026-04-03T03:02:39.158+0600][637.784s][info][gc             ] GC(94) Pause Degenerated GC (Outside of Cycle) 482M->482M(500M) 6839.156ms
[2026-04-03T03:02:39.158+0600][637.785s][info][gc,ergo        ] Free: 370K, Max: 142K regular, 0B humongous, Frag: 0% external, 99% internal; Reserve: 15872K, Max: 256K
[2026-04-03T03:02:39.158+0600][637.785s][info][gc,stats       ] 
[2026-04-03T03:02:39.158+0600][637.785s][info][gc,stats       ] All times are wall-clock times, except per-root-class counters, that are sum over
[2026-04-03T03:02:39.158+0600][637.785s][info][gc,stats       ] all workers. Dividing the <total> over the root stage time estimates parallelism.
[2026-04-03T03:02:39.158+0600][637.785s][info][gc,stats       ] 
[2026-04-03T03:02:39.158+0600][637.785s][info][gc,stats       ] Pause Degenerated GC (G)        6839320 us
[2026-04-03T03:02:39.158+0600][637.785s][info][gc,stats       ] Pause Degenerated GC (N)        6839167 us
[2026-04-03T03:02:39.158+0600][637.785s][info][gc,stats       ]   Degen STW Mark                3019230 us, parallelism: 6.00x
[2026-04-03T03:02:39.158+0600][637.785s][info][gc,stats       ]     DSM: <total>               18110210 us
[2026-04-03T03:02:39.158+0600][637.785s][info][gc,stats       ]     DSM: Thread Roots               590 us, workers (us): 140, 163,  74,  74,  69,  69, 
[2026-04-03T03:02:39.158+0600][637.785s][info][gc,stats       ]     DSM: VM Strong Roots             19 us, workers (us):   0,   0,   4,   5,   4,   5, 
[2026-04-03T03:02:39.158+0600][637.785s][info][gc,stats       ]     DSM: CLDG Roots                 236 us, workers (us): 113,  14,  28,  25,  29,  29, 
[2026-04-03T03:02:39.158+0600][637.785s][info][gc,stats       ]     DSM: Parallel Mark         18109365 us, workers (us): 3018244, 3018274, 3018323, 3018320, 3017888, 3018316, 
[2026-04-03T03:02:39.158+0600][637.785s][info][gc,stats       ]     System Purge                   2287 us
[2026-04-03T03:02:39.159+0600][637.785s][info][gc,stats       ]       Weak References               344 us, parallelism: 1.16x
[2026-04-03T03:02:39.159+0600][637.785s][info][gc,stats       ]         WRP: <total>                399 us
[2026-04-03T03:02:39.159+0600][637.785s][info][gc,stats       ]         WRP: Weak References        399 us, workers (us): 198,  53, 134,  12,   1,   0, 
[2026-04-03T03:02:39.159+0600][637.785s][info][gc,stats       ]       Unload Classes               1653 us, parallelism: 5.20x
[2026-04-03T03:02:39.159+0600][637.785s][info][gc,stats       ]         DCU: <total>               8590 us
[2026-04-03T03:02:39.159+0600][637.785s][info][gc,stats       ]         DCU: Unload Code Caches     8590 us, workers (us): 1489, 1499, 1409, 1413, 1400, 1380, 
[2026-04-03T03:02:39.159+0600][637.785s][info][gc,stats       ]       Weak Roots                    268 us, parallelism: 1.96x
[2026-04-03T03:02:39.159+0600][637.785s][info][gc,stats       ]         DWR: <total>                525 us
[2026-04-03T03:02:39.159+0600][637.785s][info][gc,stats       ]         DWR: VM Weak Roots          525 us, workers (us): 153, 121,  76,  63,  56,  56, 
[2026-04-03T03:02:39.159+0600][637.785s][info][gc,stats       ]       CLDG                            4 us
[2026-04-03T03:02:39.159+0600][637.785s][info][gc,stats       ]   Update Region States               27 us
[2026-04-03T03:02:39.159+0600][637.785s][info][gc,stats       ]   Manage GC/TLABs                     9 us
[2026-04-03T03:02:39.159+0600][637.785s][info][gc,stats       ]   Choose Collection Set             225 us
[2026-04-03T03:02:39.159+0600][637.785s][info][gc,stats       ]   Rebuild Free Set                   45 us
[2026-04-03T03:02:39.159+0600][637.785s][info][gc,stats       ]   Evacuation                       6943 us
[2026-04-03T03:02:39.159+0600][637.785s][info][gc,stats       ]   Pre Heap Dump                       2 us
[2026-04-03T03:02:39.159+0600][637.785s][info][gc,stats       ]   Prepare                          3616 us
[2026-04-03T03:02:39.159+0600][637.785s][info][gc,stats       ]     Update Roots                   2338 us, parallelism: 4.98x
[2026-04-03T03:02:39.159+0600][637.785s][info][gc,stats       ]       FU: <total>                 11642 us
[2026-04-03T03:02:39.159+0600][637.785s][info][gc,stats       ]       FU: Thread Roots              912 us, workers (us): 310,  91, 119,  32, 161, 198, 
[2026-04-03T03:02:39.159+0600][637.785s][info][gc,stats       ]       FU: Code Cache Roots         8937 us, workers (us): 1345, 1549, 1535, 1621, 1397, 1489, 
[2026-04-03T03:02:39.159+0600][637.785s][info][gc,stats       ]       FU: VM Strong Roots            22 us, workers (us):  11,   7,   1,   1,   1,   1, 
[2026-04-03T03:02:39.159+0600][637.785s][info][gc,stats       ]       FU: VM Weak Roots             918 us, workers (us): 224, 224, 139, 137,  99,  94, 
[2026-04-03T03:02:39.159+0600][637.785s][info][gc,stats       ]       FU: CLDG Roots                854 us, workers (us): 117, 123, 115, 115, 204, 180, 
[2026-04-03T03:02:39.159+0600][637.785s][info][gc,stats       ]   Mark                          3521654 us, parallelism: 6.00x
[2026-04-03T03:02:39.159+0600][637.785s][info][gc,stats       ]     FM: <total>                21113143 us
[2026-04-03T03:02:39.159+0600][637.785s][info][gc,stats       ]     FM: Thread Roots                904 us, workers (us): 293, 203, 117,  99,  88, 105, 
[2026-04-03T03:02:39.159+0600][637.785s][info][gc,stats       ]     FM: VM Strong Roots              30 us, workers (us):   0,   6,   1,   8,   7,   8, 
[2026-04-03T03:02:39.159+0600][637.785s][info][gc,stats       ]     FM: CLDG Roots                  429 us, workers (us):  13,  47, 244,  48,  48,  30, 
[2026-04-03T03:02:39.159+0600][637.785s][info][gc,stats       ]     FM: Parallel Mark          21111779 us, workers (us): 3518520, 3518525, 3518587, 3518707, 3518760, 3518680, 
[2026-04-03T03:02:39.159+0600][637.785s][info][gc,stats       ]     System Purge                   1768 us
[2026-04-03T03:02:39.159+0600][637.785s][info][gc,stats       ]       Weak References               280 us, parallelism: 1.01x
[2026-04-03T03:02:39.159+0600][637.785s][info][gc,stats       ]         WRP: <total>                283 us
[2026-04-03T03:02:39.159+0600][637.785s][info][gc,stats       ]         WRP: Weak References        283 us, workers (us): 166,  90,  11,  17,   0,   0, 
[2026-04-03T03:02:39.159+0600][637.785s][info][gc,stats       ]       Unload Classes               1294 us, parallelism: 4.98x
[2026-04-03T03:02:39.159+0600][637.785s][info][gc,stats       ]         CU: <total>                6450 us
[2026-04-03T03:02:39.159+0600][637.785s][info][gc,stats       ]         CU: Unload Code Caches     6450 us, workers (us): 1091, 1112, 1096, 1029, 1081, 1040, 
[2026-04-03T03:02:39.159+0600][637.785s][info][gc,stats       ]       Weak Roots                    182 us, parallelism: 2.95x
[2026-04-03T03:02:39.159+0600][637.785s][info][gc,stats       ]         WR: <total>                 537 us
[2026-04-03T03:02:39.159+0600][637.785s][info][gc,stats       ]         WR: VM Weak Roots           537 us, workers (us): 146, 111,  79,  76,  63,  62, 
[2026-04-03T03:02:39.159+0600][637.785s][info][gc,stats       ]       CLDG                            2 us
[2026-04-03T03:02:39.159+0600][637.785s][info][gc,stats       ]   Calculate Addresses             92280 us
[2026-04-03T03:02:39.159+0600][637.785s][info][gc,stats       ]     Regular Objects               92162 us
[2026-04-03T03:02:39.159+0600][637.785s][info][gc,stats       ]     Humongous Objects                30 us
[2026-04-03T03:02:39.159+0600][637.785s][info][gc,stats       ]   Adjust Pointers                 98087 us
[2026-04-03T03:02:39.159+0600][637.785s][info][gc,stats       ]     FA: <total>                    7112 us
[2026-04-03T03:02:39.159+0600][637.785s][info][gc,stats       ]     FA: Thread Roots                496 us, workers (us): 168,  66, 185,  71,   4,   2, 
[2026-04-03T03:02:39.159+0600][637.785s][info][gc,stats       ]     FA: Code Cache Roots           5453 us, workers (us): 785, 829, 824, 891, 1094, 1030, 
[2026-04-03T03:02:39.159+0600][637.785s][info][gc,stats       ]     FA: VM Strong Roots              21 us, workers (us):  10,   5,   4,   1,   1,   1, 
[2026-04-03T03:02:39.159+0600][637.785s][info][gc,stats       ]     FA: VM Weak Roots               549 us, workers (us): 141, 142, 141, 115,   4,   5, 
[2026-04-03T03:02:39.159+0600][637.785s][info][gc,stats       ]     FA: CLDG Roots                  593 us, workers (us):  68, 127,  59,  57,  62, 220, 
[2026-04-03T03:02:39.159+0600][637.785s][info][gc,stats       ]   Copy Objects                    93421 us
[2026-04-03T03:02:39.159+0600][637.785s][info][gc,stats       ]     Regular Objects               92558 us
[2026-04-03T03:02:39.159+0600][637.785s][info][gc,stats       ]     Humongous Objects                19 us
[2026-04-03T03:02:39.159+0600][637.785s][info][gc,stats       ]     Reset Complete Bitmap           652 us
[2026-04-03T03:02:39.159+0600][637.785s][info][gc,stats       ]     Rebuild Region Sets             189 us
[2026-04-03T03:02:39.159+0600][637.785s][info][gc,stats       ]   Post Heap Dump                      1 us
[2026-04-03T03:02:39.159+0600][637.785s][info][gc,stats       ] 
[2026-04-03T03:02:39.159+0600][637.785s][info][gc,stats       ] Allocation pacing accrued:
[2026-04-03T03:02:39.159+0600][637.785s][info][gc,stats       ]       0 of  6841 ms (  0.0%): <total>
[2026-04-03T03:02:39.159+0600][637.785s][info][gc,stats       ]       0 of  6841 ms (  0.0%): <average total>
[2026-04-03T03:02:39.159+0600][637.785s][info][gc,stats       ] 
[2026-04-03T03:02:39.159+0600][637.785s][info][gc,metaspace   ] Metaspace: 49647K(50048K)->49647K(50048K) NonClass: 43445K(43712K)->43446K(43712K) Class: 6201K(6336K)->6201K(6336K)
[2026-04-03T03:02:39.159+0600][637.785s][info][gc,ergo        ] Pacer for Idle. Initial: 10240K, Alloc Tax Rate: 1.0x
[2026-04-03T03:02:39.159+0600][637.786s][info][gc             ] Failed to allocate TLAB, 2648B
[2026-04-03T03:02:39.159+0600][637.786s][info][gc             ] Cancelling GC: Allocation Failure
[2026-04-03T03:02:39.160+0600][637.786s][info][gc             ] Trigger: Handle Allocation Failure
[2026-04-03T03:02:39.160+0600][637.786s][info][gc,ergo        ] Free: 0B, Max: 0B regular, 0B humongous, Frag: 0% external, 0% internal; Reserve: 15872K, Max: 256K
[2026-04-03T03:02:39.160+0600][637.787s][info][gc,start       ] GC(95) Pause Degenerated GC (Outside of Cycle)
[2026-04-03T03:02:39.160+0600][637.787s][info][gc,task        ] GC(95) Using 6 of 6 workers for stw degenerated gc
[2026-04-03T03:02:39.161+0600][637.787s][info][gc,ref         ] GC(95) Clearing All SoftReferences
[2026-04-03T03:02:43.469+0600][642.095s][info][gc,ref         ] GC(95) Encountered references: Soft: 2447, Weak: 2758, Final: 74, Phantom: 586
[2026-04-03T03:02:43.469+0600][642.095s][info][gc,ref         ] GC(95) Discovered  references: Soft: 242, Weak: 1498, Final: 74, Phantom: 582
[2026-04-03T03:02:43.469+0600][642.095s][info][gc,ref         ] GC(95) Enqueued    references: Soft: 2, Weak: 1, Final: 0, Phantom: 0
[2026-04-03T03:02:43.471+0600][642.097s][info][gc,ergo        ] GC(95) Adaptive CSet Selection. Target Free: 72533K, Actual Free: 15872K, Max CSet: 21333K, Min Garbage: 56661K
[2026-04-03T03:02:43.471+0600][642.097s][info][gc,ergo        ] GC(95) Collectable Garbage: 126K (100%), Immediate: 0B (0%), CSet: 126K (100%)
[2026-04-03T03:02:43.476+0600][642.102s][info][gc             ] GC(95) Cancelling GC: Allocation Failure During Evacuation
[2026-04-03T03:02:43.477+0600][642.104s][info][gc             ] GC(95) Cannot finish degeneration, upgrading to Full GC
[2026-04-03T03:02:43.480+0600][642.107s][info][gc,phases,start] GC(95) Phase 1: Mark live objects
[2026-04-03T03:02:43.480+0600][642.107s][info][gc,ref         ] GC(95) Clearing All SoftReferences
[2026-04-03T03:02:43.480+0600][642.107s][info][gc,ref         ] GC(95) Clearing All SoftReferences
[2026-04-03T03:02:47.783+0600][646.410s][info][gc,ref         ] GC(95) Encountered references: Soft: 2445, Weak: 2757, Final: 74, Phantom: 586
[2026-04-03T03:02:47.783+0600][646.410s][info][gc,ref         ] GC(95) Discovered  references: Soft: 242, Weak: 1546, Final: 74, Phantom: 582
[2026-04-03T03:02:47.783+0600][646.410s][info][gc,ref         ] GC(95) Enqueued    references: Soft: 0, Weak: 0, Final: 0, Phantom: 0
[2026-04-03T03:02:47.785+0600][646.412s][info][gc,phases      ] GC(95) Phase 1: Mark live objects 4305.028ms
[2026-04-03T03:02:47.785+0600][646.412s][info][gc,phases,start] GC(95) Phase 2: Compute new object addresses
[2026-04-03T03:02:47.868+0600][646.494s][info][gc,phases      ] GC(95) Phase 2: Compute new object addresses 82.591ms
[2026-04-03T03:02:47.868+0600][646.494s][info][gc,phases,start] GC(95) Phase 3: Adjust pointers
[2026-04-03T03:02:47.969+0600][646.595s][info][gc,phases      ] GC(95) Phase 3: Adjust pointers 100.689ms
[2026-04-03T03:02:47.969+0600][646.595s][info][gc,phases,start] GC(95) Phase 4: Move objects
[2026-04-03T03:02:48.062+0600][646.688s][info][gc,phases      ] GC(95) Phase 4: Move objects 93.283ms
[2026-04-03T03:02:48.063+0600][646.689s][info][gc,ergo        ] GC(95) Bad progress for free space: 158K, need 5120K
[2026-04-03T03:02:48.063+0600][646.689s][info][gc             ] GC(95) Pause Degenerated GC (Outside of Cycle) 483M->483M(500M) 8902.341ms
[2026-04-03T03:02:48.063+0600][646.689s][info][gc,ergo        ] Free: 139K, Max: 36256B regular, 0B humongous, Frag: 0% external, 99% internal; Reserve: 15872K, Max: 256K
[2026-04-03T03:02:48.063+0600][646.689s][info][gc,stats       ] 
[2026-04-03T03:02:48.063+0600][646.689s][info][gc,stats       ] All times are wall-clock times, except per-root-class counters, that are sum over
[2026-04-03T03:02:48.063+0600][646.689s][info][gc,stats       ] all workers. Dividing the <total> over the root stage time estimates parallelism.
[2026-04-03T03:02:48.063+0600][646.689s][info][gc,stats       ] 
[2026-04-03T03:02:48.063+0600][646.689s][info][gc,stats       ] Pause Degenerated GC (G)        8902645 us
[2026-04-03T03:02:48.063+0600][646.689s][info][gc,stats       ] Pause Degenerated GC (N)        8902354 us
[2026-04-03T03:02:48.063+0600][646.689s][info][gc,stats       ]   Degen STW Mark                4307958 us, parallelism: 6.00x
[2026-04-03T03:02:48.063+0600][646.689s][info][gc,stats       ]     DSM: <total>               25840196 us
[2026-04-03T03:02:48.063+0600][646.689s][info][gc,stats       ]     DSM: Thread Roots               644 us, workers (us): 132, 116, 113, 163,  61,  59, 
[2026-04-03T03:02:48.063+0600][646.689s][info][gc,stats       ]     DSM: VM Strong Roots             18 us, workers (us):   0,   4,   5,   0,   4,   4, 
[2026-04-03T03:02:48.063+0600][646.689s][info][gc,stats       ]     DSM: CLDG Roots                 216 us, workers (us): 111,  25,  26,   6,  25,  23, 
[2026-04-03T03:02:48.063+0600][646.689s][info][gc,stats       ]     DSM: Parallel Mark         25839318 us, workers (us): 4306476, 4306654, 4306651, 4306555, 4306577, 4306405, 
[2026-04-03T03:02:48.063+0600][646.689s][info][gc,stats       ]     System Purge                   2263 us
[2026-04-03T03:02:48.063+0600][646.689s][info][gc,stats       ]       Weak References               411 us, parallelism: 1.21x
[2026-04-03T03:02:48.063+0600][646.689s][info][gc,stats       ]         WRP: <total>                496 us
[2026-04-03T03:02:48.063+0600][646.689s][info][gc,stats       ]         WRP: Weak References        496 us, workers (us): 246, 161,  31,  33,  24,   1, 
[2026-04-03T03:02:48.063+0600][646.689s][info][gc,stats       ]       Unload Classes               1632 us, parallelism: 4.73x
[2026-04-03T03:02:48.063+0600][646.689s][info][gc,stats       ]         DCU: <total>               7716 us
[2026-04-03T03:02:48.063+0600][646.689s][info][gc,stats       ]         DCU: Unload Code Caches     7716 us, workers (us): 1330, 1362, 1263, 1262, 1265, 1234, 
[2026-04-03T03:02:48.063+0600][646.689s][info][gc,stats       ]       Weak Roots                    195 us, parallelism: 2.64x
[2026-04-03T03:02:48.063+0600][646.689s][info][gc,stats       ]         DWR: <total>                515 us
[2026-04-03T03:02:48.063+0600][646.689s][info][gc,stats       ]         DWR: VM Weak Roots          515 us, workers (us): 156, 132,  78,  62,  43,  44, 
[2026-04-03T03:02:48.063+0600][646.689s][info][gc,stats       ]       CLDG                            2 us
[2026-04-03T03:02:48.063+0600][646.689s][info][gc,stats       ]   Update Region States               29 us
[2026-04-03T03:02:48.063+0600][646.689s][info][gc,stats       ]   Manage GC/TLABs                     8 us
[2026-04-03T03:02:48.063+0600][646.689s][info][gc,stats       ]   Choose Collection Set             203 us
[2026-04-03T03:02:48.063+0600][646.689s][info][gc,stats       ]   Rebuild Free Set                   41 us
[2026-04-03T03:02:48.063+0600][646.689s][info][gc,stats       ]   Evacuation                       5848 us
[2026-04-03T03:02:48.063+0600][646.689s][info][gc,stats       ]   Pre Heap Dump                       1 us
[2026-04-03T03:02:48.063+0600][646.689s][info][gc,stats       ]   Prepare                          2899 us
[2026-04-03T03:02:48.063+0600][646.689s][info][gc,stats       ]     Update Roots                   1805 us, parallelism: 4.96x
[2026-04-03T03:02:48.063+0600][646.689s][info][gc,stats       ]       FU: <total>                  8963 us
[2026-04-03T03:02:48.063+0600][646.689s][info][gc,stats       ]       FU: Thread Roots              679 us, workers (us):  39, 259, 220,   4,  28, 130, 
[2026-04-03T03:02:48.063+0600][646.689s][info][gc,stats       ]       FU: Code Cache Roots         7215 us, workers (us): 1226, 1095, 1100, 1318, 1284, 1191, 
[2026-04-03T03:02:48.063+0600][646.689s][info][gc,stats       ]       FU: VM Strong Roots            18 us, workers (us):  10,   4,   1,   1,   1,   1, 
[2026-04-03T03:02:48.063+0600][646.689s][info][gc,stats       ]       FU: VM Weak Roots             656 us, workers (us): 167, 168, 166,  66,  44,  44, 
[2026-04-03T03:02:48.063+0600][646.689s][info][gc,stats       ]       FU: CLDG Roots                395 us, workers (us): 102,  49,  46,  92,  57,  48, 
[2026-04-03T03:02:48.063+0600][646.689s][info][gc,stats       ]   Mark                          4304981 us, parallelism: 6.00x
[2026-04-03T03:02:48.063+0600][646.689s][info][gc,stats       ]     FM: <total>                25809846 us
[2026-04-03T03:02:48.063+0600][646.689s][info][gc,stats       ]     FM: Thread Roots                708 us, workers (us): 194, 170, 132,  85,  67,  60, 
[2026-04-03T03:02:48.063+0600][646.689s][info][gc,stats       ]     FM: VM Strong Roots              26 us, workers (us):   0,   6,   0,   5,   6,   7, 
[2026-04-03T03:02:48.063+0600][646.689s][info][gc,stats       ]     FM: CLDG Roots                  293 us, workers (us): 150,  37,  21,  19,  34,  33, 
[2026-04-03T03:02:48.063+0600][646.689s][info][gc,stats       ]     FM: Parallel Mark          25808819 us, workers (us): 4301378, 4301447, 4301469, 4301589, 4301348, 4301588, 
[2026-04-03T03:02:48.063+0600][646.689s][info][gc,stats       ]     System Purge                   2222 us
[2026-04-03T03:02:48.063+0600][646.689s][info][gc,stats       ]       Weak References               331 us, parallelism: 1.12x
[2026-04-03T03:02:48.063+0600][646.689s][info][gc,stats       ]         WRP: <total>                371 us
[2026-04-03T03:02:48.063+0600][646.690s][info][gc,stats       ]         WRP: Weak References        371 us, workers (us): 185, 101,  61,  18,   7,   0, 
[2026-04-03T03:02:48.063+0600][646.690s][info][gc,stats       ]       Unload Classes               1606 us, parallelism: 5.30x
[2026-04-03T03:02:48.063+0600][646.690s][info][gc,stats       ]         CU: <total>                8519 us
[2026-04-03T03:02:48.063+0600][646.690s][info][gc,stats       ]         CU: Unload Code Caches     8519 us, workers (us): 1406, 1418, 1403, 1440, 1431, 1420, 
[2026-04-03T03:02:48.063+0600][646.690s][info][gc,stats       ]       Weak Roots                    268 us, parallelism: 3.10x
[2026-04-03T03:02:48.063+0600][646.690s][info][gc,stats       ]         WR: <total>                 832 us
[2026-04-03T03:02:48.063+0600][646.690s][info][gc,stats       ]         WR: VM Weak Roots           832 us, workers (us): 168, 150, 139, 138, 119, 119, 
[2026-04-03T03:02:48.063+0600][646.690s][info][gc,stats       ]       CLDG                            2 us
[2026-04-03T03:02:48.063+0600][646.690s][info][gc,stats       ]   Calculate Addresses             82579 us
[2026-04-03T03:02:48.063+0600][646.690s][info][gc,stats       ]     Regular Objects               82473 us
[2026-04-03T03:02:48.063+0600][646.690s][info][gc,stats       ]     Humongous Objects                48 us
[2026-04-03T03:02:48.063+0600][646.690s][info][gc,stats       ]   Adjust Pointers                100677 us
[2026-04-03T03:02:48.063+0600][646.690s][info][gc,stats       ]     FA: <total>                    7832 us
[2026-04-03T03:02:48.063+0600][646.690s][info][gc,stats       ]     FA: Thread Roots                526 us, workers (us): 205, 142, 124,  26,   2,  26, 
[2026-04-03T03:02:48.063+0600][646.690s][info][gc,stats       ]     FA: Code Cache Roots           6040 us, workers (us): 913, 843, 962, 1061, 1207, 1055, 
[2026-04-03T03:02:48.063+0600][646.690s][info][gc,stats       ]     FA: VM Strong Roots              29 us, workers (us):  20,   2,   1,   1,   4,   1, 
[2026-04-03T03:02:48.063+0600][646.690s][info][gc             ] Failed to allocate TLAB, 2648B
[2026-04-03T03:02:48.063+0600][646.690s][info][gc             ] Cancelling GC: Allocation Failure
[2026-04-03T03:02:48.063+0600][646.690s][info][gc,stats       ]     FA: VM Weak Roots               661 us, workers (us): 114, 114, 114, 115, 114,  90, 
[2026-04-03T03:02:48.063+0600][646.690s][info][gc,stats       ]     FA: CLDG Roots                  576 us, workers (us):  65, 163,  63,  63, 148,  74, 
[2026-04-03T03:02:48.063+0600][646.690s][info][gc,stats       ]   Copy Objects                    93267 us
[2026-04-03T03:02:48.063+0600][646.690s][info][gc,stats       ]     Regular Objects               92266 us
[2026-04-03T03:02:48.063+0600][646.690s][info][gc,stats       ]     Humongous Objects                23 us
[2026-04-03T03:02:48.063+0600][646.690s][info][gc,stats       ]     Reset Complete Bitmap           823 us
[2026-04-03T03:02:48.063+0600][646.690s][info][gc,stats       ]     Rebuild Region Sets             153 us
[2026-04-03T03:02:48.063+0600][646.690s][info][gc,stats       ]   Post Heap Dump                      1 us
[2026-04-03T03:02:48.063+0600][646.690s][info][gc,stats       ] 
[2026-04-03T03:02:48.063+0600][646.690s][info][gc,stats       ] Allocation pacing accrued:
[2026-04-03T03:02:48.063+0600][646.690s][info][gc,stats       ]       0 of  8904 ms (  0.0%): <total>
[2026-04-03T03:02:48.063+0600][646.690s][info][gc,stats       ]       0 of  8904 ms (  0.0%): <average total>
[2026-04-03T03:02:48.063+0600][646.690s][info][gc,stats       ] 
[2026-04-03T03:02:48.063+0600][646.690s][info][gc,metaspace   ] Metaspace: 49650K(50048K)->49650K(50048K) NonClass: 43448K(43712K)->43448K(43712K) Class: 6201K(6336K)->6201K(6336K)
[2026-04-03T03:02:48.063+0600][646.690s][info][gc,ergo        ] Pacer for Idle. Initial: 10240K, Alloc Tax Rate: 1.0x
[2026-04-03T03:02:48.065+0600][646.691s][info][gc             ] Trigger: Handle Allocation Failure
[2026-04-03T03:02:48.065+0600][646.691s][info][gc,ergo        ] Free: 0B, Max: 0B regular, 0B humongous, Frag: 0% external, 0% internal; Reserve: 15872K, Max: 256K
[2026-04-03T03:02:48.065+0600][646.691s][info][gc,start       ] GC(96) Pause Degenerated GC (Outside of Cycle)
[2026-04-03T03:02:48.065+0600][646.691s][info][gc,task        ] GC(96) Using 6 of 6 workers for stw degenerated gc
[2026-04-03T03:02:48.065+0600][646.691s][info][gc,ref         ] GC(96) Clearing All SoftReferences
[2026-04-03T03:02:51.099+0600][649.726s][info][gc,ref         ] GC(96) Encountered references: Soft: 2446, Weak: 2757, Final: 74, Phantom: 586
[2026-04-03T03:02:51.099+0600][649.726s][info][gc,ref         ] GC(96) Discovered  references: Soft: 242, Weak: 1427, Final: 74, Phantom: 544
[2026-04-03T03:02:51.099+0600][649.726s][info][gc,ref         ] GC(96) Enqueued    references: Soft: 0, Weak: 0, Final: 0, Phantom: 0
[2026-04-03T03:02:51.102+0600][649.728s][info][gc,ergo        ] GC(96) Adaptive CSet Selection. Target Free: 72533K, Actual Free: 15872K, Max CSet: 21333K, Min Garbage: 56661K
[2026-04-03T03:02:51.102+0600][649.728s][info][gc,ergo        ] GC(96) Collectable Garbage: 42544B (100%), Immediate: 0B (0%), CSet: 42544B (100%)
[2026-04-03T03:02:51.108+0600][649.735s][info][gc             ] GC(96) Cancelling GC: Allocation Failure During Evacuation
[2026-04-03T03:02:51.110+0600][649.737s][info][gc             ] GC(96) Cannot finish degeneration, upgrading to Full GC
[2026-04-03T03:02:51.115+0600][649.741s][info][gc,phases,start] GC(96) Phase 1: Mark live objects
[2026-04-03T03:02:51.115+0600][649.742s][info][gc,ref         ] GC(96) Clearing All SoftReferences
[2026-04-03T03:02:51.115+0600][649.742s][info][gc,ref         ] GC(96) Clearing All SoftReferences
[2026-04-03T03:02:55.097+0600][653.723s][info][gc,ref         ] GC(96) Encountered references: Soft: 2446, Weak: 2757, Final: 74, Phantom: 586
[2026-04-03T03:02:55.097+0600][653.723s][info][gc,ref         ] GC(96) Discovered  references: Soft: 235, Weak: 1432, Final: 74, Phantom: 582
[2026-04-03T03:02:55.097+0600][653.723s][info][gc,ref         ] GC(96) Enqueued    references: Soft: 0, Weak: 0, Final: 0, Phantom: 0
[2026-04-03T03:02:55.099+0600][653.725s][info][gc,phases      ] GC(96) Phase 1: Mark live objects 3984.123ms
[2026-04-03T03:02:55.099+0600][653.725s][info][gc,phases,start] GC(96) Phase 2: Compute new object addresses
[2026-04-03T03:02:55.181+0600][653.807s][info][gc,phases      ] GC(96) Phase 2: Compute new object addresses 81.997ms
[2026-04-03T03:02:55.181+0600][653.808s][info][gc,phases,start] GC(96) Phase 3: Adjust pointers
[2026-04-03T03:02:55.281+0600][653.907s][info][gc,phases      ] GC(96) Phase 3: Adjust pointers 99.786ms
[2026-04-03T03:02:55.281+0600][653.907s][info][gc,phases,start] GC(96) Phase 4: Move objects
[2026-04-03T03:02:55.374+0600][654.001s][info][gc,phases      ] GC(96) Phase 4: Move objects 93.343ms
[2026-04-03T03:02:55.375+0600][654.001s][info][gc,ergo        ] GC(96) Bad progress for free space: 75712B, need 5120K
[2026-04-03T03:02:55.375+0600][654.001s][info][gc             ] GC(96) Pause Degenerated GC (Outside of Cycle) 483M->483M(500M) 7309.886ms
[2026-04-03T03:02:55.375+0600][654.001s][info][gc,ergo        ] Free: 75712B, Max: 17776B regular, 0B humongous, Frag: 0% external, 99% internal; Reserve: 15872K, Max: 256K
[2026-04-03T03:02:55.375+0600][654.001s][info][gc,stats       ] 
[2026-04-03T03:02:55.375+0600][654.001s][info][gc,stats       ] All times are wall-clock times, except per-root-class counters, that are sum over
[2026-04-03T03:02:55.375+0600][654.001s][info][gc,stats       ] all workers. Dividing the <total> over the root stage time estimates parallelism.
[2026-04-03T03:02:55.375+0600][654.001s][info][gc,stats       ] 
[2026-04-03T03:02:55.375+0600][654.001s][info][gc,stats       ] Pause Degenerated GC (G)        7310134 us
[2026-04-03T03:02:55.375+0600][654.001s][info][gc,stats       ] Pause Degenerated GC (N)        7309897 us
[2026-04-03T03:02:55.375+0600][654.001s][info][gc,stats       ]   Degen STW Mark                3033874 us, parallelism: 6.00x
[2026-04-03T03:02:55.375+0600][654.001s][info][gc,stats       ]     DSM: <total>               18194582 us
[2026-04-03T03:02:55.375+0600][654.001s][info][gc,stats       ]     DSM: Thread Roots               685 us, workers (us): 100, 187,  97,  96,  97, 107, 
[2026-04-03T03:02:55.375+0600][654.001s][info][gc,stats       ]     DSM: VM Strong Roots             19 us, workers (us):   4,   0,   4,   5,   5,   0, 
[2026-04-03T03:02:55.375+0600][654.001s][info][gc,stats       ]     DSM: CLDG Roots                 267 us, workers (us):  25,   7,  29,  29,  25, 152, 
[2026-04-03T03:02:55.375+0600][654.001s][info][gc,stats       ]     DSM: Parallel Mark         18193611 us, workers (us): 3032590, 3032133, 3032591, 3032111, 3031752, 3032434, 
[2026-04-03T03:02:55.375+0600][654.001s][info][gc,stats       ]     System Purge                   2905 us
[2026-04-03T03:02:55.375+0600][654.001s][info][gc,stats       ]       Weak References               514 us, parallelism: 0.71x
[2026-04-03T03:02:55.375+0600][654.001s][info][gc,stats       ]         WRP: <total>                364 us
[2026-04-03T03:02:55.375+0600][654.001s][info][gc,stats       ]         WRP: Weak References        364 us, workers (us): 105,  36, 172,  37,  13,   1, 
[2026-04-03T03:02:55.375+0600][654.001s][info][gc,stats       ]       Unload Classes               2035 us, parallelism: 5.02x
[2026-04-03T03:02:55.375+0600][654.001s][info][gc,stats       ]         DCU: <total>              10210 us
[2026-04-03T03:02:55.375+0600][654.001s][info][gc,stats       ]         DCU: Unload Code Caches    10210 us, workers (us): 1706, 1675, 1743, 1665, 1747, 1674, 
[2026-04-03T03:02:55.375+0600][654.001s][info][gc,stats       ]       Weak Roots                    331 us, parallelism: 2.29x
[2026-04-03T03:02:55.375+0600][654.001s][info][gc,stats       ]         DWR: <total>                757 us
[2026-04-03T03:02:55.375+0600][654.001s][info][gc,stats       ]         DWR: VM Weak Roots          757 us, workers (us): 214, 112, 116, 117, 109,  90, 
[2026-04-03T03:02:55.375+0600][654.001s][info][gc,stats       ]       CLDG                            5 us
[2026-04-03T03:02:55.375+0600][654.001s][info][gc,stats       ]   Update Region States               35 us
[2026-04-03T03:02:55.375+0600][654.001s][info][gc,stats       ]   Manage GC/TLABs                    15 us
[2026-04-03T03:02:55.375+0600][654.001s][info][gc,stats       ]   Choose Collection Set             265 us
[2026-04-03T03:02:55.375+0600][654.001s][info][gc,stats       ]   Rebuild Free Set                   57 us
[2026-04-03T03:02:55.375+0600][654.001s][info][gc,stats       ]   Evacuation                       7631 us
[2026-04-03T03:02:55.375+0600][654.001s][info][gc,stats       ]   Pre Heap Dump                       2 us
[2026-04-03T03:02:55.375+0600][654.002s][info][gc,stats       ]   Prepare                          4496 us
[2026-04-03T03:02:55.375+0600][654.002s][info][gc,stats       ]     Update Roots                   2676 us, parallelism: 4.85x
[2026-04-03T03:02:55.375+0600][654.002s][info][gc,stats       ]       FU: <total>                 12971 us
[2026-04-03T03:02:55.375+0600][654.002s][info][gc,stats       ]       FU: Thread Roots             1012 us, workers (us): 162, 322,  59, 241, 225,   3, 
[2026-04-03T03:02:55.375+0600][654.001s][info][gc             ] Failed to allocate TLAB, 2656B
[2026-04-03T03:02:55.375+0600][654.002s][info][gc             ] Cancelling GC: Allocation Failure
[2026-04-03T03:02:55.375+0600][654.002s][info][gc,stats       ]       FU: Code Cache Roots        10159 us, workers (us): 1606, 1542, 1802, 1621, 1663, 1925, 
[2026-04-03T03:02:55.375+0600][654.002s][info][gc,stats       ]       FU: VM Strong Roots            29 us, workers (us):  23,   2,   2,   2,   1,   1, 
[2026-04-03T03:02:55.375+0600][654.002s][info][gc,stats       ]       FU: VM Weak Roots            1155 us, workers (us): 212, 192, 188, 189, 187, 188, 
[2026-04-03T03:02:55.375+0600][654.002s][info][gc,stats       ]       FU: CLDG Roots                616 us, workers (us): 164,  66,  69,  66,  88, 163, 
[2026-04-03T03:02:55.375+0600][654.002s][info][gc,stats       ]   Mark                          3984016 us, parallelism: 5.99x
[2026-04-03T03:02:55.375+0600][654.002s][info][gc,stats       ]     FM: <total>                23880462 us
[2026-04-03T03:02:55.375+0600][654.002s][info][gc,stats       ]     FM: Thread Roots               1355 us, workers (us): 270, 225, 196, 195, 226, 242, 
[2026-04-03T03:02:55.375+0600][654.002s][info][gc,stats       ]     FM: VM Strong Roots              29 us, workers (us):   1,   1,   1,  13,  12,   1, 
[2026-04-03T03:02:55.375+0600][654.002s][info][gc,stats       ]     FM: CLDG Roots                  453 us, workers (us):  63,  64, 261,  42,  12,  11, 
[2026-04-03T03:02:55.375+0600][654.002s][info][gc,stats       ]     FM: Parallel Mark          23878626 us, workers (us): 3979771, 3979770, 3979567, 3979864, 3979788, 3979865, 
[2026-04-03T03:02:55.375+0600][654.002s][info][gc,stats       ]     System Purge                   2534 us
[2026-04-03T03:02:55.375+0600][654.002s][info][gc,stats       ]       Weak References               618 us, parallelism: 0.77x
[2026-04-03T03:02:55.375+0600][654.002s][info][gc,stats       ]         WRP: <total>                474 us
[2026-04-03T03:02:55.375+0600][654.002s][info][gc,stats       ]         WRP: Weak References        474 us, workers (us):  82,  48, 295,  48,   0,   0, 
[2026-04-03T03:02:55.375+0600][654.002s][info][gc,stats       ]       Unload Classes               1631 us, parallelism: 4.91x
[2026-04-03T03:02:55.375+0600][654.002s][info][gc,stats       ]         CU: <total>                8010 us
[2026-04-03T03:02:55.375+0600][654.002s][info][gc,stats       ]         CU: Unload Code Caches     8010 us, workers (us): 1401, 1397, 1313, 1294, 1312, 1293, 
[2026-04-03T03:02:55.375+0600][654.002s][info][gc,stats       ]       Weak Roots                    267 us, parallelism: 2.81x
[2026-04-03T03:02:55.375+0600][654.002s][info][gc,stats       ]         WR: <total>                 750 us
[2026-04-03T03:02:55.375+0600][654.002s][info][gc,stats       ]         WR: VM Weak Roots           750 us, workers (us): 208, 119, 116, 107, 109,  91, 
[2026-04-03T03:02:55.375+0600][654.002s][info][gc,stats       ]       CLDG                            2 us
[2026-04-03T03:02:55.375+0600][654.002s][info][gc,stats       ]   Calculate Addresses             81989 us
[2026-04-03T03:02:55.375+0600][654.002s][info][gc,stats       ]     Regular Objects               81890 us
[2026-04-03T03:02:55.375+0600][654.002s][info][gc,stats       ]     Humongous Objects                30 us
[2026-04-03T03:02:55.375+0600][654.002s][info][gc,stats       ]   Adjust Pointers                 99774 us
[2026-04-03T03:02:55.375+0600][654.002s][info][gc,stats       ]     FA: <total>                    7823 us
[2026-04-03T03:02:55.375+0600][654.002s][info][gc,stats       ]     FA: Thread Roots                503 us, workers (us): 135,   4,   2, 121, 106, 134, 
[2026-04-03T03:02:55.375+0600][654.002s][info][gc,stats       ]     FA: Code Cache Roots           5984 us, workers (us): 899, 1111, 1095, 953, 978, 948, 
[2026-04-03T03:02:55.375+0600][654.002s][info][gc,stats       ]     FA: VM Strong Roots              19 us, workers (us):  15,   1,   1,   1,   1,   1, 
[2026-04-03T03:02:55.375+0600][654.002s][info][gc,stats       ]     FA: VM Weak Roots               640 us, workers (us): 175, 112, 112, 108,  69,  66, 
[2026-04-03T03:02:55.375+0600][654.002s][info][gc,stats       ]     FA: CLDG Roots                  677 us, workers (us): 136,  74, 249,  81,  68,  70, 
[2026-04-03T03:02:55.375+0600][654.002s][info][gc,stats       ]   Copy Objects                    93331 us
[2026-04-03T03:02:55.375+0600][654.002s][info][gc,stats       ]     Regular Objects               92499 us
[2026-04-03T03:02:55.375+0600][654.002s][info][gc,stats       ]     Humongous Objects                21 us
[2026-04-03T03:02:55.375+0600][654.002s][info][gc,stats       ]     Reset Complete Bitmap           648 us
[2026-04-03T03:02:55.375+0600][654.002s][info][gc,stats       ]     Rebuild Region Sets             161 us
[2026-04-03T03:02:55.375+0600][654.002s][info][gc,stats       ]   Post Heap Dump                      1 us
[2026-04-03T03:02:55.375+0600][654.002s][info][gc,stats       ] 
[2026-04-03T03:02:55.375+0600][654.002s][info][gc,stats       ] Allocation pacing accrued:
[2026-04-03T03:02:55.375+0600][654.002s][info][gc,stats       ]       0 of  7312 ms (  0.0%): <total>
[2026-04-03T03:02:55.375+0600][654.002s][info][gc,stats       ]       0 of  7312 ms (  0.0%): <average total>
[2026-04-03T03:02:55.375+0600][654.002s][info][gc,stats       ] 
[2026-04-03T03:02:55.375+0600][654.002s][info][gc,metaspace   ] Metaspace: 49650K(50048K)->49650K(50048K) NonClass: 43448K(43712K)->43448K(43712K) Class: 6201K(6336K)->6201K(6336K)
[2026-04-03T03:02:55.375+0600][654.002s][info][gc,ergo        ] Pacer for Idle. Initial: 10240K, Alloc Tax Rate: 1.0x
[2026-04-03T03:02:55.377+0600][654.003s][info][gc             ] Trigger: Handle Allocation Failure
[2026-04-03T03:02:55.377+0600][654.003s][info][gc,ergo        ] Free: 0B, Max: 0B regular, 0B humongous, Frag: 0% external, 0% internal; Reserve: 15872K, Max: 256K
[2026-04-03T03:02:55.377+0600][654.003s][info][gc,start       ] GC(97) Pause Full
[2026-04-03T03:02:55.377+0600][654.003s][info][gc,task        ] GC(97) Using 6 of 6 workers for full gc
[2026-04-03T03:02:55.377+0600][654.004s][info][gc,phases,start] GC(97) Phase 1: Mark live objects
[2026-04-03T03:02:55.377+0600][654.004s][info][gc,ref         ] GC(97) Clearing All SoftReferences
[2026-04-03T03:02:55.377+0600][654.004s][info][gc,ref         ] GC(97) Clearing All SoftReferences
[2026-04-03T03:02:59.502+0600][658.129s][info][gc,ref         ] GC(97) Encountered references: Soft: 2447, Weak: 2758, Final: 74, Phantom: 586
[2026-04-03T03:02:59.502+0600][658.129s][info][gc,ref         ] GC(97) Discovered  references: Soft: 236, Weak: 1543, Final: 74, Phantom: 582
[2026-04-03T03:02:59.502+0600][658.129s][info][gc,ref         ] GC(97) Enqueued    references: Soft: 2, Weak: 0, Final: 0, Phantom: 0
[2026-04-03T03:02:59.504+0600][658.131s][info][gc,phases      ] GC(97) Phase 1: Mark live objects 4127.057ms
[2026-04-03T03:02:59.504+0600][658.131s][info][gc,phases,start] GC(97) Phase 2: Compute new object addresses
[2026-04-03T03:02:59.585+0600][658.212s][info][gc,phases      ] GC(97) Phase 2: Compute new object addresses 81.157ms
[2026-04-03T03:02:59.586+0600][658.212s][info][gc,phases,start] GC(97) Phase 3: Adjust pointers
[2026-04-03T03:02:59.683+0600][658.310s][info][gc,phases      ] GC(97) Phase 3: Adjust pointers 97.641ms
[2026-04-03T03:02:59.683+0600][658.310s][info][gc,phases,start] GC(97) Phase 4: Move objects
[2026-04-03T03:02:59.763+0600][658.389s][info][gc,phases      ] GC(97) Phase 4: Move objects 79.241ms
[2026-04-03T03:02:59.763+0600][658.389s][info][gc,ergo        ] GC(97) Bad progress for free space: 54176B, need 5120K
[2026-04-03T03:02:59.763+0600][658.389s][info][gc             ] GC(97) Pause Full 483M->483M(500M) 4385.750ms
[2026-04-03T03:02:59.763+0600][658.389s][info][gc,ergo        ] Free: 54176B, Max: 14424B regular, 0B humongous, Frag: 0% external, 99% internal; Reserve: 15872K, Max: 256K
[2026-04-03T03:02:59.763+0600][658.389s][info][gc,stats       ] 
[2026-04-03T03:02:59.763+0600][658.389s][info][gc,stats       ] All times are wall-clock times, except per-root-class counters, that are sum over
[2026-04-03T03:02:59.763+0600][658.389s][info][gc,stats       ] all workers. Dividing the <total> over the root stage time estimates parallelism.
[2026-04-03T03:02:59.763+0600][658.389s][info][gc,stats       ] 
[2026-04-03T03:02:59.763+0600][658.389s][info][gc,stats       ] Pause Full GC (G)               4385988 us
[2026-04-03T03:02:59.763+0600][658.389s][info][gc,stats       ] Pause Full GC (N)               4385762 us
[2026-04-03T03:02:59.763+0600][658.389s][info][gc,stats       ]   Pre Heap Dump                       1 us
[2026-04-03T03:02:59.763+0600][658.389s][info][gc,stats       ]   Prepare                           201 us
[2026-04-03T03:02:59.763+0600][658.389s][info][gc,stats       ]   Mark                          4127040 us, parallelism: 6.00x
[2026-04-03T03:02:59.763+0600][658.389s][info][gc,stats       ]     FM: <total>                24745171 us
[2026-04-03T03:02:59.763+0600][658.389s][info][gc,stats       ]     FM: Thread Roots                659 us, workers (us): 139, 141,  79, 143,  79,  78, 
[2026-04-03T03:02:59.763+0600][658.389s][info][gc,stats       ]     FM: VM Strong Roots              18 us, workers (us):   0,   0,   5,   0,   7,   5, 
[2026-04-03T03:02:59.763+0600][658.389s][info][gc,stats       ]     FM: CLDG Roots                  203 us, workers (us): 107,  14,  27,   6,  26,  24, 
[2026-04-03T03:02:59.763+0600][658.389s][info][gc,stats       ]     FM: Parallel Mark          24744291 us, workers (us): 4123976, 4124006, 4124048, 4124008, 4124126, 4124128, 
[2026-04-03T03:02:59.763+0600][658.389s][info][gc,stats       ]     System Purge                   2027 us
[2026-04-03T03:02:59.763+0600][658.389s][info][gc,stats       ]       Weak References               276 us, parallelism: 1.18x
[2026-04-03T03:02:59.763+0600][658.389s][info][gc,stats       ]         WRP: <total>                325 us
[2026-04-03T03:02:59.763+0600][658.389s][info][gc             ] Failed to allocate TLAB, 2656B
[2026-04-03T03:02:59.763+0600][658.389s][info][gc             ] Cancelling GC: Allocation Failure
[2026-04-03T03:02:59.763+0600][658.389s][info][gc,stats       ]         WRP: Weak References        325 us, workers (us): 156,  19,  21,  13,  23,  92, 
[2026-04-03T03:02:59.763+0600][658.390s][info][gc,stats       ]       Unload Classes               1600 us, parallelism: 4.84x
[2026-04-03T03:02:59.763+0600][658.390s][info][gc,stats       ]         CU: <total>                7746 us
[2026-04-03T03:02:59.763+0600][658.390s][info][gc,stats       ]         CU: Unload Code Caches     7746 us, workers (us): 1363, 1271, 1329, 1320, 1262, 1200, 
[2026-04-03T03:02:59.763+0600][658.390s][info][gc,stats       ]       Weak Roots                    136 us, parallelism: 3.55x
[2026-04-03T03:02:59.763+0600][658.390s][info][gc,stats       ]         WR: <total>                 483 us
[2026-04-03T03:02:59.763+0600][658.390s][info][gc,stats       ]         WR: VM Weak Roots           483 us, workers (us): 106, 106, 100, 101,  47,  24, 
[2026-04-03T03:02:59.763+0600][658.390s][info][gc,stats       ]       CLDG                            2 us
[2026-04-03T03:02:59.763+0600][658.390s][info][gc,stats       ]   Calculate Addresses             81148 us
[2026-04-03T03:02:59.763+0600][658.390s][info][gc,stats       ]     Regular Objects               81042 us
[2026-04-03T03:02:59.763+0600][658.390s][info][gc,stats       ]     Humongous Objects                30 us
[2026-04-03T03:02:59.763+0600][658.390s][info][gc,stats       ]   Adjust Pointers                 97630 us
[2026-04-03T03:02:59.763+0600][658.390s][info][gc,stats       ]     FA: <total>                    7525 us
[2026-04-03T03:02:59.763+0600][658.390s][info][gc,stats       ]     FA: Thread Roots                539 us, workers (us):  85,  62, 155,   2, 152,  83, 
[2026-04-03T03:02:59.763+0600][658.390s][info][gc,stats       ]     FA: Code Cache Roots           5829 us, workers (us): 942, 1007, 934, 1095, 827, 1023, 
[2026-04-03T03:02:59.763+0600][658.390s][info][gc,stats       ]     FA: VM Strong Roots              18 us, workers (us):  13,   1,   1,   1,   1,   1, 
[2026-04-03T03:02:59.763+0600][658.390s][info][gc,stats       ]     FA: VM Weak Roots               574 us, workers (us): 230, 107,  59,  58,  60,  60, 
[2026-04-03T03:02:59.763+0600][658.390s][info][gc,stats       ]     FA: CLDG Roots                  564 us, workers (us): 123,  80,  63,  68, 168,  63, 
[2026-04-03T03:02:59.763+0600][658.390s][info][gc,stats       ]   Copy Objects                    79229 us
[2026-04-03T03:02:59.763+0600][658.390s][info][gc,stats       ]     Regular Objects               78217 us
[2026-04-03T03:02:59.763+0600][658.390s][info][gc,stats       ]     Humongous Objects                24 us
[2026-04-03T03:02:59.763+0600][658.390s][info][gc,stats       ]     Reset Complete Bitmap           745 us
[2026-04-03T03:02:59.763+0600][658.390s][info][gc,stats       ]     Rebuild Region Sets             242 us
[2026-04-03T03:02:59.763+0600][658.390s][info][gc,stats       ]   Post Heap Dump                      1 us
[2026-04-03T03:02:59.763+0600][658.390s][info][gc,stats       ] 
[2026-04-03T03:02:59.763+0600][658.390s][info][gc,stats       ] Allocation pacing accrued:
[2026-04-03T03:02:59.763+0600][658.390s][info][gc,stats       ]       0 of  4388 ms (  0.0%): <total>
[2026-04-03T03:02:59.763+0600][658.390s][info][gc,stats       ]       0 of  4388 ms (  0.0%): <average total>
[2026-04-03T03:02:59.763+0600][658.390s][info][gc,stats       ] 
[2026-04-03T03:02:59.763+0600][658.390s][info][gc,metaspace   ] Metaspace: 49650K(50048K)->49650K(50048K) NonClass: 43448K(43712K)->43448K(43712K) Class: 6201K(6336K)->6201K(6336K)
[2026-04-03T03:02:59.763+0600][658.390s][info][gc,ergo        ] Pacer for Idle. Initial: 10240K, Alloc Tax Rate: 1.0x
[2026-04-03T03:02:59.765+0600][658.392s][info][gc             ] Trigger: Handle Allocation Failure
[2026-04-03T03:02:59.765+0600][658.392s][info][gc,ergo        ] Free: 0B, Max: 0B regular, 0B humongous, Frag: 0% external, 0% internal; Reserve: 15872K, Max: 256K
[2026-04-03T03:02:59.766+0600][658.392s][info][gc,start       ] GC(98) Pause Degenerated GC (Outside of Cycle)
[2026-04-03T03:02:59.766+0600][658.392s][info][gc,task        ] GC(98) Using 6 of 6 workers for stw degenerated gc
[2026-04-03T03:02:59.766+0600][658.392s][info][gc,ref         ] GC(98) Clearing All SoftReferences
[2026-04-03T03:03:03.144+0600][661.771s][info][gc,ref         ] GC(98) Encountered references: Soft: 2445, Weak: 2758, Final: 74, Phantom: 586
[2026-04-03T03:03:03.144+0600][661.771s][info][gc,ref         ] GC(98) Discovered  references: Soft: 238, Weak: 1502, Final: 67, Phantom: 581
[2026-04-03T03:03:03.144+0600][661.771s][info][gc,ref         ] GC(98) Enqueued    references: Soft: 0, Weak: 1, Final: 0, Phantom: 0
[2026-04-03T03:03:03.147+0600][661.773s][info][gc,ergo        ] GC(98) Adaptive CSet Selection. Target Free: 72533K, Actual Free: 15872K, Max CSet: 21333K, Min Garbage: 56661K
[2026-04-03T03:03:03.147+0600][661.773s][info][gc,ergo        ] GC(98) Collectable Garbage: 15240B (100%), Immediate: 0B (0%), CSet: 15240B (100%)
[2026-04-03T03:03:03.152+0600][661.778s][info][gc             ] GC(98) Cancelling GC: Allocation Failure During Evacuation
[2026-04-03T03:03:03.153+0600][661.779s][info][gc             ] GC(98) Cannot finish degeneration, upgrading to Full GC
[2026-04-03T03:03:03.156+0600][661.782s][info][gc,phases,start] GC(98) Phase 1: Mark live objects
[2026-04-03T03:03:03.156+0600][661.782s][info][gc,ref         ] GC(98) Clearing All SoftReferences
[2026-04-03T03:03:03.156+0600][661.782s][info][gc,ref         ] GC(98) Clearing All SoftReferences
[2026-04-03T03:03:07.458+0600][666.085s][info][gc,ref         ] GC(98) Encountered references: Soft: 2445, Weak: 2757, Final: 74, Phantom: 586
[2026-04-03T03:03:07.458+0600][666.085s][info][gc,ref         ] GC(98) Discovered  references: Soft: 248, Weak: 1738, Final: 74, Phantom: 580
[2026-04-03T03:03:07.458+0600][666.085s][info][gc,ref         ] GC(98) Enqueued    references: Soft: 0, Weak: 0, Final: 0, Phantom: 0
[2026-04-03T03:03:07.460+0600][666.086s][info][gc,phases      ] GC(98) Phase 1: Mark live objects 4304.371ms
[2026-04-03T03:03:07.460+0600][666.087s][info][gc,phases,start] GC(98) Phase 2: Compute new object addresses
[2026-04-03T03:03:07.542+0600][666.168s][info][gc,phases      ] GC(98) Phase 2: Compute new object addresses 81.692ms
[2026-04-03T03:03:07.542+0600][666.168s][info][gc,phases,start] GC(98) Phase 3: Adjust pointers
[2026-04-03T03:03:07.642+0600][666.268s][info][gc,phases      ] GC(98) Phase 3: Adjust pointers 99.530ms
[2026-04-03T03:03:07.642+0600][666.268s][info][gc,phases,start] GC(98) Phase 4: Move objects
[2026-04-03T03:03:07.735+0600][666.362s][info][gc,phases      ] GC(98) Phase 4: Move objects 93.556ms
[2026-04-03T03:03:07.735+0600][666.362s][info][gc,ergo        ] GC(98) Bad progress for free space: 302K, need 5120K
[2026-04-03T03:03:07.735+0600][666.362s][info][gc             ] GC(98) Pause Degenerated GC (Outside of Cycle) 483M->483M(500M) 7969.793ms
[2026-04-03T03:03:07.736+0600][666.362s][info][gc,ergo        ] Free: 302K, Max: 106K regular, 0B humongous, Frag: 0% external, 99% internal; Reserve: 15616K, Max: 256K
[2026-04-03T03:03:07.736+0600][666.362s][info][gc,stats       ] 
[2026-04-03T03:03:07.736+0600][666.362s][info][gc,stats       ] All times are wall-clock times, except per-root-class counters, that are sum over
[2026-04-03T03:03:07.736+0600][666.362s][info][gc,stats       ] all workers. Dividing the <total> over the root stage time estimates parallelism.
[2026-04-03T03:03:07.736+0600][666.362s][info][gc,stats       ] 
[2026-04-03T03:03:07.736+0600][666.362s][info][gc,stats       ] Pause Degenerated GC (G)        7970018 us
[2026-04-03T03:03:07.736+0600][666.362s][info][gc,stats       ] Pause Degenerated GC (N)        7969803 us
[2026-04-03T03:03:07.736+0600][666.362s][info][gc,stats       ]   Degen STW Mark                3377835 us, parallelism: 6.00x
[2026-04-03T03:03:07.736+0600][666.362s][info][gc,stats       ]     DSM: <total>               20258998 us
[2026-04-03T03:03:07.736+0600][666.362s][info][gc,stats       ]     DSM: Thread Roots               746 us, workers (us): 212, 152,  98,  98,  95,  92, 
[2026-04-03T03:03:07.736+0600][666.362s][info][gc,stats       ]     DSM: VM Strong Roots             23 us, workers (us):   0,   0,   7,   5,   5,   5, 
[2026-04-03T03:03:07.736+0600][666.362s][info][gc,stats       ]     DSM: CLDG Roots                 296 us, workers (us): 130,  18,  37,  37,  39,  35, 
[2026-04-03T03:03:07.736+0600][666.362s][info][gc,stats       ]     DSM: Parallel Mark         20257934 us, workers (us): 3376388, 3376255, 3376399, 3376339, 3376210, 3376342, 
[2026-04-03T03:03:07.736+0600][666.362s][info][gc,stats       ]     System Purge                   2744 us
[2026-04-03T03:03:07.736+0600][666.362s][info][gc,stats       ]       Weak References               628 us, parallelism: 0.95x
[2026-04-03T03:03:07.736+0600][666.362s][info][gc,stats       ]         WRP: <total>                594 us
[2026-04-03T03:03:07.736+0600][666.362s][info][gc,stats       ]         WRP: Weak References        594 us, workers (us): 290,  61,  68, 145,  30,   0, 
[2026-04-03T03:03:07.736+0600][666.362s][info][gc,stats       ]       Unload Classes               1659 us, parallelism: 4.96x
[2026-04-03T03:03:07.736+0600][666.362s][info][gc,stats       ]         DCU: <total>               8229 us
[2026-04-03T03:03:07.736+0600][666.362s][info][gc,stats       ]         DCU: Unload Code Caches     8229 us, workers (us): 1413, 1458, 1337, 1364, 1333, 1324, 
[2026-04-03T03:03:07.736+0600][666.362s][info][gc,stats       ]       Weak Roots                    443 us, parallelism: 1.35x
[2026-04-03T03:03:07.736+0600][666.362s][info][gc,stats       ]         DWR: <total>                599 us
[2026-04-03T03:03:07.736+0600][666.362s][info][gc,stats       ]         DWR: VM Weak Roots          599 us, workers (us): 108, 109, 102,  93,  93,  93, 
[2026-04-03T03:03:07.736+0600][666.362s][info][gc,stats       ]       CLDG                            2 us
[2026-04-03T03:03:07.736+0600][666.362s][info][gc,stats       ]   Update Region States               25 us
[2026-04-03T03:03:07.736+0600][666.362s][info][gc,stats       ]   Manage GC/TLABs                     9 us
[2026-04-03T03:03:07.736+0600][666.362s][info][gc,stats       ]   Choose Collection Set             222 us
[2026-04-03T03:03:07.736+0600][666.362s][info][gc,stats       ]   Rebuild Free Set                   47 us
[2026-04-03T03:03:07.736+0600][666.362s][info][gc,stats       ]   Evacuation                       5927 us
[2026-04-03T03:03:07.736+0600][666.362s][info][gc,stats       ]   Pre Heap Dump                       2 us
[2026-04-03T03:03:07.736+0600][666.362s][info][gc,stats       ]   Prepare                          2588 us
[2026-04-03T03:03:07.736+0600][666.362s][info][gc,stats       ]     Update Roots                   1695 us, parallelism: 5.13x
[2026-04-03T03:03:07.736+0600][666.362s][info][gc,stats       ]       FU: <total>                  8700 us
[2026-04-03T03:03:07.736+0600][666.362s][info][gc,stats       ]       FU: Thread Roots              601 us, workers (us): 270,  49,   3,   4, 170, 105, 
[2026-04-03T03:03:07.736+0600][666.362s][info][gc,stats       ]       FU: Code Cache Roots         6818 us, workers (us): 984, 1110, 1275, 1208, 1095, 1147, 
[2026-04-03T03:03:07.736+0600][666.362s][info][gc,stats       ]       FU: VM Strong Roots            14 us, workers (us):  10,   1,   0,   1,   1,   1, 
[2026-04-03T03:03:07.736+0600][666.362s][info][gc,stats       ]       FU: VM Weak Roots             641 us, workers (us): 170, 116, 116,  93,  73,  73, 
[2026-04-03T03:03:07.736+0600][666.362s][info][gc,stats       ]       FU: CLDG Roots                626 us, workers (us):  80, 177,  78, 128,  85,  78, 
[2026-04-03T03:03:07.736+0600][666.362s][info][gc,stats       ]   Mark                          4304325 us, parallelism: 6.00x
[2026-04-03T03:03:07.736+0600][666.362s][info][gc,stats       ]     FM: <total>                25807664 us
[2026-04-03T03:03:07.736+0600][666.362s][info][gc,stats       ]     FM: Thread Roots                686 us, workers (us): 219, 152,  85,  83,  82,  65, 
[2026-04-03T03:03:07.736+0600][666.362s][info][gc,stats       ]     FM: VM Strong Roots              22 us, workers (us):   0,   1,   6,   7,   8,   1, 
[2026-04-03T03:03:07.736+0600][666.362s][info][gc,stats       ]     FM: CLDG Roots                  290 us, workers (us):  10,  19,  32,  34,  34, 162, 
[2026-04-03T03:03:07.736+0600][666.362s][info][gc,stats       ]     FM: Parallel Mark          25806666 us, workers (us): 4301163, 4301094, 4301115, 4301203, 4301110, 4300981, 
[2026-04-03T03:03:07.736+0600][666.362s][info][gc,stats       ]     System Purge                   2110 us
[2026-04-03T03:03:07.736+0600][666.362s][info][gc,stats       ]       Weak References               379 us, parallelism: 1.25x
[2026-04-03T03:03:07.736+0600][666.362s][info][gc,stats       ]         WRP: <total>                472 us
[2026-04-03T03:03:07.736+0600][666.362s][info][gc,stats       ]         WRP: Weak References        472 us, workers (us): 156,  39, 249,  27,   0,   0, 
[2026-04-03T03:03:07.736+0600][666.362s][info][gc,stats       ]       Unload Classes               1527 us, parallelism: 5.20x
[2026-04-03T03:03:07.736+0600][666.362s][info][gc,stats       ]         CU: <total>                7937 us
[2026-04-03T03:03:07.736+0600][666.362s][info][gc,stats       ]         CU: Unload Code Caches     7937 us, workers (us): 1314, 1356, 1326, 1327, 1313, 1300, 
[2026-04-03T03:03:07.736+0600][666.362s][info][gc,stats       ]       Weak Roots                    189 us, parallelism: 3.63x
[2026-04-03T03:03:07.736+0600][666.362s][info][gc,stats       ]         WR: <total>                 688 us
[2026-04-03T03:03:07.736+0600][666.362s][info][gc,stats       ]         WR: VM Weak Roots           688 us, workers (us): 158, 151, 144, 107,  89,  38, 
[2026-04-03T03:03:07.736+0600][666.362s][info][gc,stats       ]       CLDG                            3 us
[2026-04-03T03:03:07.736+0600][666.362s][info][gc,stats       ]   Calculate Addresses             81661 us
[2026-04-03T03:03:07.736+0600][666.362s][info][gc,stats       ]     Regular Objects               81544 us
[2026-04-03T03:03:07.736+0600][666.362s][info][gc,stats       ]     Humongous Objects                31 us
[2026-04-03T03:03:07.736+0600][666.362s][info][gc,stats       ]   Adjust Pointers                 99519 us
[2026-04-03T03:03:07.736+0600][666.362s][info][gc,stats       ]     FA: <total>                    7855 us
[2026-04-03T03:03:07.736+0600][666.362s][info][gc,stats       ]     FA: Thread Roots                563 us, workers (us): 126,   5, 168, 146,   3, 116, 
[2026-04-03T03:03:07.736+0600][666.362s][info][gc,stats       ]     FA: Code Cache Roots           6194 us, workers (us): 863, 1083, 909, 987, 1371, 982, 
[2026-04-03T03:03:07.736+0600][666.363s][info][gc,stats       ]     FA: VM Strong Roots              24 us, workers (us):  14,   6,   1,   1,   1,   1, 
[2026-04-03T03:03:07.736+0600][666.363s][info][gc,stats       ]     FA: VM Weak Roots               637 us, workers (us): 152, 156, 110,  81,  69,  69, 
[2026-04-03T03:03:07.736+0600][666.363s][info][gc,stats       ]     FA: CLDG Roots                  436 us, workers (us): 142,  40,  53,  39, 121,  40, 
[2026-04-03T03:03:07.736+0600][666.363s][info][gc,stats       ]   Copy Objects                    93541 us
[2026-04-03T03:03:07.736+0600][666.363s][info][gc,stats       ]     Regular Objects               92662 us
[2026-04-03T03:03:07.736+0600][666.363s][info][gc,stats       ]     Humongous Objects                21 us
[2026-04-03T03:03:07.736+0600][666.363s][info][gc,stats       ]     Reset Complete Bitmap           658 us
[2026-04-03T03:03:07.736+0600][666.363s][info][gc,stats       ]     Rebuild Region Sets             192 us
[2026-04-03T03:03:07.736+0600][666.363s][info][gc,stats       ]   Post Heap Dump                      5 us
[2026-04-03T03:03:07.736+0600][666.363s][info][gc,stats       ] 
[2026-04-03T03:03:07.736+0600][666.363s][info][gc,stats       ] Allocation pacing accrued:
[2026-04-03T03:03:07.736+0600][666.363s][info][gc,stats       ]       0 of  7973 ms (  0.0%): <total>
[2026-04-03T03:03:07.736+0600][666.363s][info][gc,stats       ]       0 of  7973 ms (  0.0%): <average total>
[2026-04-03T03:03:07.736+0600][666.363s][info][gc,stats       ] 
[2026-04-03T03:03:07.736+0600][666.363s][info][gc,metaspace   ] Metaspace: 49650K(50048K)->49656K(50048K) NonClass: 43448K(43712K)->43455K(43712K) Class: 6201K(6336K)->6201K(6336K)
[2026-04-03T03:03:07.736+0600][666.363s][info][gc,ergo        ] Pacer for Idle. Initial: 10240K, Alloc Tax Rate: 1.0x
[2026-04-03T03:03:07.736+0600][666.363s][info][gc             ] Failed to allocate TLAB, 2656B
[2026-04-03T03:03:07.736+0600][666.363s][info][gc             ] Cancelling GC: Allocation Failure
[2026-04-03T03:03:07.738+0600][666.364s][info][gc             ] Trigger: Handle Allocation Failure
[2026-04-03T03:03:07.738+0600][666.364s][info][gc,ergo        ] Free: 0B, Max: 0B regular, 0B humongous, Frag: 0% external, 0% internal; Reserve: 15616K, Max: 256K
[2026-04-03T03:03:07.738+0600][666.364s][info][gc,start       ] GC(99) Pause Degenerated GC (Outside of Cycle)
[2026-04-03T03:03:07.738+0600][666.364s][info][gc,task        ] GC(99) Using 6 of 6 workers for stw degenerated gc
[2026-04-03T03:03:07.738+0600][666.364s][info][gc,ref         ] GC(99) Clearing All SoftReferences
[2026-04-03T03:03:11.949+0600][670.576s][info][gc,ref         ] GC(99) Encountered references: Soft: 2447, Weak: 2757, Final: 74, Phantom: 586
[2026-04-03T03:03:11.949+0600][670.576s][info][gc,ref         ] GC(99) Discovered  references: Soft: 239, Weak: 1484, Final: 67, Phantom: 581
[2026-04-03T03:03:11.949+0600][670.576s][info][gc,ref         ] GC(99) Enqueued    references: Soft: 2, Weak: 0, Final: 0, Phantom: 0
[2026-04-03T03:03:11.951+0600][670.578s][info][gc,ergo        ] GC(99) Adaptive CSet Selection. Target Free: 72533K, Actual Free: 15616K, Max CSet: 21333K, Min Garbage: 56917K
[2026-04-03T03:03:11.951+0600][670.578s][info][gc,ergo        ] GC(99) Collectable Garbage: 108K (100%), Immediate: 0B (0%), CSet: 108K (100%)
[2026-04-03T03:03:11.956+0600][670.583s][info][gc             ] GC(99) Cancelling GC: Allocation Failure During Evacuation
[2026-04-03T03:03:11.958+0600][670.584s][info][gc             ] GC(99) Cannot finish degeneration, upgrading to Full GC
[2026-04-03T03:03:11.960+0600][670.587s][info][gc,phases,start] GC(99) Phase 1: Mark live objects
[2026-04-03T03:03:11.960+0600][670.587s][info][gc,ref         ] GC(99) Clearing All SoftReferences
[2026-04-03T03:03:11.960+0600][670.587s][info][gc,ref         ] GC(99) Clearing All SoftReferences
[2026-04-03T03:03:16.188+0600][674.815s][info][gc,ref         ] GC(99) Encountered references: Soft: 2445, Weak: 2757, Final: 74, Phantom: 586
[2026-04-03T03:03:16.189+0600][674.815s][info][gc,ref         ] GC(99) Discovered  references: Soft: 248, Weak: 1643, Final: 74, Phantom: 582
[2026-04-03T03:03:16.189+0600][674.815s][info][gc,ref         ] GC(99) Enqueued    references: Soft: 0, Weak: 0, Final: 0, Phantom: 0
[2026-04-03T03:03:16.190+0600][674.817s][info][gc,phases      ] GC(99) Phase 1: Mark live objects 4230.152ms
[2026-04-03T03:03:16.190+0600][674.817s][info][gc,phases,start] GC(99) Phase 2: Compute new object addresses
[2026-04-03T03:03:16.272+0600][674.899s][info][gc,phases      ] GC(99) Phase 2: Compute new object addresses 81.922ms
[2026-04-03T03:03:16.272+0600][674.899s][info][gc,phases,start] GC(99) Phase 3: Adjust pointers
[2026-04-03T03:03:16.371+0600][674.997s][info][gc,phases      ] GC(99) Phase 3: Adjust pointers 98.685ms
[2026-04-03T03:03:16.371+0600][674.998s][info][gc,phases,start] GC(99) Phase 4: Move objects
[2026-04-03T03:03:16.465+0600][675.091s][info][gc,phases      ] GC(99) Phase 4: Move objects 93.270ms
[2026-04-03T03:03:16.465+0600][675.091s][info][gc,ergo        ] GC(99) Bad progress for free space: 399K, need 5120K
[2026-04-03T03:03:16.465+0600][675.091s][info][gc             ] GC(99) Pause Degenerated GC (Outside of Cycle) 483M->483M(500M) 8726.981ms
[2026-04-03T03:03:16.465+0600][675.091s][info][gc,ergo        ] Free: 399K, Max: 167K regular, 0B humongous, Frag: 0% external, 99% internal; Reserve: 15360K, Max: 256K
[2026-04-03T03:03:16.465+0600][675.091s][info][gc,stats       ] 
[2026-04-03T03:03:16.465+0600][675.091s][info][gc,stats       ] All times are wall-clock times, except per-root-class counters, that are sum over
[2026-04-03T03:03:16.465+0600][675.091s][info][gc,stats       ] all workers. Dividing the <total> over the root stage time estimates parallelism.
[2026-04-03T03:03:16.465+0600][675.091s][info][gc,stats       ] 
[2026-04-03T03:03:16.465+0600][675.091s][info][gc,stats       ] Pause Degenerated GC (G)        8727246 us
[2026-04-03T03:03:16.465+0600][675.091s][info][gc,stats       ] Pause Degenerated GC (N)        8726991 us
[2026-04-03T03:03:16.465+0600][675.091s][info][gc,stats       ]   Degen STW Mark                4210803 us, parallelism: 6.00x
[2026-04-03T03:03:16.465+0600][675.091s][info][gc,stats       ]     DSM: <total>               25258184 us
[2026-04-03T03:03:16.465+0600][675.091s][info][gc,stats       ]     DSM: Thread Roots               624 us, workers (us): 153,  94,  92,  62, 159,  64, 
[2026-04-03T03:03:16.465+0600][675.091s][info][gc,stats       ]     DSM: VM Strong Roots             17 us, workers (us):   0,   5,   4,   4,   0,   4, 
[2026-04-03T03:03:16.465+0600][675.091s][info][gc,stats       ]     DSM: CLDG Roots                 225 us, workers (us): 108,  25,  25,  28,  14,  25, 
[2026-04-03T03:03:16.465+0600][675.091s][info][gc,stats       ]     DSM: Parallel Mark         25257318 us, workers (us): 4209515, 4209442, 4209646, 4209649, 4209533, 4209533, 
[2026-04-03T03:03:16.465+0600][675.091s][info][gc,stats       ]     System Purge                   2461 us
[2026-04-03T03:03:16.465+0600][675.091s][info][gc,stats       ]       Weak References               479 us, parallelism: 1.09x
[2026-04-03T03:03:16.465+0600][675.091s][info][gc,stats       ]         WRP: <total>                521 us
[2026-04-03T03:03:16.465+0600][675.091s][info][gc,stats       ]         WRP: Weak References        521 us, workers (us): 343,  61, 116,   0,   0,   1, 
[2026-04-03T03:03:16.465+0600][675.091s][info][gc,stats       ]       Unload Classes               1704 us, parallelism: 4.97x
[2026-04-03T03:03:16.465+0600][675.091s][info][gc,stats       ]         DCU: <total>               8469 us
[2026-04-03T03:03:16.465+0600][675.091s][info][gc,stats       ]         DCU: Unload Code Caches     8469 us, workers (us): 1464, 1425, 1435, 1401, 1371, 1374, 
[2026-04-03T03:03:16.465+0600][675.091s][info][gc,stats       ]       Weak Roots                    199 us, parallelism: 2.58x
[2026-04-03T03:03:16.465+0600][675.091s][info][gc,stats       ]         DWR: <total>                514 us
[2026-04-03T03:03:16.465+0600][675.091s][info][gc,stats       ]         DWR: VM Weak Roots          514 us, workers (us): 158,  94,  92,  73,  56,  42, 
[2026-04-03T03:03:16.465+0600][675.091s][info][gc,stats       ]       CLDG                            3 us
[2026-04-03T03:03:16.465+0600][675.091s][info][gc,stats       ]   Update Region States               23 us
[2026-04-03T03:03:16.465+0600][675.091s][info][gc,stats       ]   Manage GC/TLABs                     9 us
[2026-04-03T03:03:16.465+0600][675.091s][info][gc,stats       ]   Choose Collection Set             175 us
[2026-04-03T03:03:16.465+0600][675.091s][info][gc,stats       ]   Rebuild Free Set                   40 us
[2026-04-03T03:03:16.465+0600][675.091s][info][gc,stats       ]   Evacuation                       5842 us
[2026-04-03T03:03:16.465+0600][675.091s][info][gc,stats       ]   Pre Heap Dump                       1 us
[2026-04-03T03:03:16.465+0600][675.091s][info][gc,stats       ]   Prepare                          2480 us
[2026-04-03T03:03:16.465+0600][675.091s][info][gc,stats       ]     Update Roots                   1631 us, parallelism: 5.03x
[2026-04-03T03:03:16.465+0600][675.091s][info][gc,stats       ]       FU: <total>                  8210 us
[2026-04-03T03:03:16.465+0600][675.091s][info][gc,stats       ]       FU: Thread Roots              649 us, workers (us):  98, 125, 190,  94, 128,  15, 
[2026-04-03T03:03:16.465+0600][675.091s][info][gc,stats       ]       FU: Code Cache Roots         6365 us, workers (us): 1077, 1009, 947, 1100, 1055, 1177, 
[2026-04-03T03:03:16.465+0600][675.091s][info][gc,stats       ]       FU: VM Strong Roots            18 us, workers (us):   8,   7,   1,   1,   1,   1, 
[2026-04-03T03:03:16.465+0600][675.092s][info][gc,stats       ]       FU: VM Weak Roots             629 us, workers (us): 123, 124, 119, 107,  79,  77, 
[2026-04-03T03:03:16.465+0600][675.092s][info][gc,stats       ]       FU: CLDG Roots                549 us, workers (us):  77, 118, 148,  71,  67,  69, 
[2026-04-03T03:03:16.465+0600][675.092s][info][gc,stats       ]   Mark                          4230058 us, parallelism: 5.99x
[2026-04-03T03:03:16.465+0600][675.092s][info][gc,stats       ]     FM: <total>                25358865 us
[2026-04-03T03:03:16.465+0600][675.092s][info][gc,stats       ]     FM: Thread Roots                672 us, workers (us): 193, 159,  90, 107,  82,  41, 
[2026-04-03T03:03:16.465+0600][675.092s][info][gc,stats       ]     FM: VM Strong Roots              24 us, workers (us):   0,   7,   1,   4,   5,   6, 
[2026-04-03T03:03:16.465+0600][675.092s][info][gc,stats       ]     FM: CLDG Roots                  303 us, workers (us):   9,  29, 202,   7,  31,  25, 
[2026-04-03T03:03:16.465+0600][675.092s][info][gc,stats       ]     FM: Parallel Mark          25357866 us, workers (us): 4226334, 4226308, 4225989, 4226450, 4226454, 4226331, 
[2026-04-03T03:03:16.465+0600][675.092s][info][gc,stats       ]     System Purge                   2375 us
[2026-04-03T03:03:16.465+0600][675.092s][info][gc,stats       ]       Weak References               551 us, parallelism: 0.78x
[2026-04-03T03:03:16.465+0600][675.092s][info][gc,stats       ]         WRP: <total>                430 us
[2026-04-03T03:03:16.465+0600][675.092s][info][gc,stats       ]         WRP: Weak References        430 us, workers (us):  62, 249,  32,  86,   0,   0, 
[2026-04-03T03:03:16.465+0600][675.092s][info][gc,stats       ]       Unload Classes               1540 us, parallelism: 5.07x
[2026-04-03T03:03:16.465+0600][675.092s][info][gc,stats       ]         CU: <total>                7811 us
[2026-04-03T03:03:16.465+0600][675.092s][info][gc,stats       ]         CU: Unload Code Caches     7811 us, workers (us): 1356, 1314, 1293, 1297, 1281, 1270, 
[2026-04-03T03:03:16.465+0600][675.092s][info][gc,stats       ]       Weak Roots                    261 us, parallelism: 3.01x
[2026-04-03T03:03:16.465+0600][675.092s][info][gc,stats       ]         WR: <total>                 785 us
[2026-04-03T03:03:16.465+0600][675.092s][info][gc,stats       ]         WR: VM Weak Roots           785 us, workers (us): 209, 206,  99,  96,  92,  83, 
[2026-04-03T03:03:16.465+0600][675.092s][info][gc,stats       ]       CLDG                            2 us
[2026-04-03T03:03:16.465+0600][675.092s][info][gc,stats       ]   Calculate Addresses             81913 us
[2026-04-03T03:03:16.465+0600][675.092s][info][gc,stats       ]     Regular Objects               81812 us
[2026-04-03T03:03:16.465+0600][675.092s][info][gc,stats       ]     Humongous Objects                31 us
[2026-04-03T03:03:16.465+0600][675.092s][info][gc,stats       ]   Adjust Pointers                 98673 us
[2026-04-03T03:03:16.465+0600][675.092s][info][gc,stats       ]     FA: <total>                    7722 us
[2026-04-03T03:03:16.465+0600][675.092s][info][gc,stats       ]     FA: Thread Roots                501 us, workers (us):  75,   2,   4,  82, 191, 147, 
[2026-04-03T03:03:16.465+0600][675.092s][info][gc,stats       ]     FA: Code Cache Roots           5792 us, workers (us): 899, 1053, 1126, 978, 851, 885, 
[2026-04-03T03:03:16.465+0600][675.092s][info][gc,stats       ]     FA: VM Strong Roots              18 us, workers (us):  14,   1,   1,   1,   1,   1, 
[2026-04-03T03:03:16.465+0600][675.092s][info][gc,stats       ]     FA: VM Weak Roots               744 us, workers (us): 187, 120, 120, 117, 118,  82, 
[2026-04-03T03:03:16.465+0600][675.092s][info][gc,stats       ]     FA: CLDG Roots                  666 us, workers (us): 140, 224,  72,  73,  74,  84, 
[2026-04-03T03:03:16.465+0600][675.092s][info][gc,stats       ]   Copy Objects                    93257 us
[2026-04-03T03:03:16.465+0600][675.092s][info][gc,stats       ]     Regular Objects               92408 us
[2026-04-03T03:03:16.465+0600][675.092s][info][gc,stats       ]     Humongous Objects                20 us
[2026-04-03T03:03:16.465+0600][675.092s][info][gc,stats       ]     Reset Complete Bitmap           651 us
[2026-04-03T03:03:16.465+0600][675.092s][info][gc,stats       ]     Rebuild Region Sets             176 us
[2026-04-03T03:03:16.465+0600][675.092s][info][gc,stats       ]   Post Heap Dump                      1 us
[2026-04-03T03:03:16.465+0600][675.092s][info][gc,stats       ] 
[2026-04-03T03:03:16.465+0600][675.092s][info][gc,stats       ] Allocation pacing accrued:
[2026-04-03T03:03:16.465+0600][675.092s][info][gc,stats       ]       0 of  8729 ms (  0.0%): <total>
[2026-04-03T03:03:16.465+0600][675.092s][info][gc,stats       ]       0 of  8729 ms (  0.0%): <average total>
[2026-04-03T03:03:16.465+0600][675.092s][info][gc,stats       ] 
[2026-04-03T03:03:16.465+0600][675.092s][info][gc,metaspace   ] Metaspace: 49660K(50048K)->49662K(50048K) NonClass: 43458K(43712K)->43461K(43712K) Class: 6201K(6336K)->6201K(6336K)
[2026-04-03T03:03:16.465+0600][675.092s][info][gc,ergo        ] Pacer for Idle. Initial: 10240K, Alloc Tax Rate: 1.0x
[2026-04-03T03:03:16.466+0600][675.092s][info][gc             ] Failed to allocate TLAB, 2656B
[2026-04-03T03:03:16.466+0600][675.092s][info][gc             ] Cancelling GC: Allocation Failure
[2026-04-03T03:03:16.466+0600][675.093s][info][gc             ] Trigger: Handle Allocation Failure
[2026-04-03T03:03:16.467+0600][675.093s][info][gc,ergo        ] Free: 0B, Max: 0B regular, 0B humongous, Frag: 0% external, 0% internal; Reserve: 15360K, Max: 256K
[2026-04-03T03:03:16.467+0600][675.093s][info][gc,start       ] GC(100) Pause Degenerated GC (Outside of Cycle)
[2026-04-03T03:03:16.467+0600][675.093s][info][gc,task        ] GC(100) Using 6 of 6 workers for stw degenerated gc
[2026-04-03T03:03:16.467+0600][675.093s][info][gc,ref         ] GC(100) Clearing All SoftReferences
[2026-04-03T03:03:20.190+0600][678.816s][info][gc,ref         ] GC(100) Encountered references: Soft: 2445, Weak: 2758, Final: 74, Phantom: 586
[2026-04-03T03:03:20.190+0600][678.817s][info][gc,ref         ] GC(100) Discovered  references: Soft: 239, Weak: 1468, Final: 74, Phantom: 581
[2026-04-03T03:03:20.190+0600][678.817s][info][gc,ref         ] GC(100) Enqueued    references: Soft: 0, Weak: 0, Final: 0, Phantom: 0
[2026-04-03T03:03:20.192+0600][678.819s][info][gc,ergo        ] GC(100) Adaptive CSet Selection. Target Free: 72533K, Actual Free: 15360K, Max CSet: 21333K, Min Garbage: 57173K
[2026-04-03T03:03:20.193+0600][678.819s][info][gc,ergo        ] GC(100) Collectable Garbage: 130K (100%), Immediate: 0B (0%), CSet: 130K (100%)
[2026-04-03T03:03:20.198+0600][678.824s][info][gc             ] GC(100) Cancelling GC: Allocation Failure During Evacuation
[2026-04-03T03:03:20.200+0600][678.826s][info][gc             ] GC(100) Cannot finish degeneration, upgrading to Full GC
[2026-04-03T03:03:20.204+0600][678.830s][info][gc,phases,start] GC(100) Phase 1: Mark live objects
[2026-04-03T03:03:20.204+0600][678.830s][info][gc,ref         ] GC(100) Clearing All SoftReferences
[2026-04-03T03:03:20.204+0600][678.830s][info][gc,ref         ] GC(100) Clearing All SoftReferences
[2026-04-03T03:03:23.532+0600][682.158s][info][gc,ref         ] GC(100) Encountered references: Soft: 2445, Weak: 2758, Final: 74, Phantom: 586
[2026-04-03T03:03:23.532+0600][682.158s][info][gc,ref         ] GC(100) Discovered  references: Soft: 237, Weak: 1500, Final: 74, Phantom: 581
[2026-04-03T03:03:23.532+0600][682.158s][info][gc,ref         ] GC(100) Enqueued    references: Soft: 0, Weak: 0, Final: 0, Phantom: 0
[2026-04-03T03:03:23.533+0600][682.160s][info][gc,phases      ] GC(100) Phase 1: Mark live objects 3329.956ms
[2026-04-03T03:03:23.533+0600][682.160s][info][gc,phases,start] GC(100) Phase 2: Compute new object addresses
[2026-04-03T03:03:23.626+0600][682.253s][info][gc,phases      ] GC(100) Phase 2: Compute new object addresses 92.693ms
[2026-04-03T03:03:23.626+0600][682.253s][info][gc,phases,start] GC(100) Phase 3: Adjust pointers
[2026-04-03T03:03:23.724+0600][682.350s][info][gc,phases      ] GC(100) Phase 3: Adjust pointers 97.656ms
[2026-04-03T03:03:23.724+0600][682.350s][info][gc,phases,start] GC(100) Phase 4: Move objects
[2026-04-03T03:03:23.818+0600][682.445s][info][gc,phases      ] GC(100) Phase 4: Move objects 94.384ms
[2026-04-03T03:03:23.819+0600][682.445s][info][gc,ergo        ] GC(100) Bad progress for free space: 426K, need 5120K
[2026-04-03T03:03:23.819+0600][682.445s][info][gc             ] GC(100) Pause Degenerated GC (Outside of Cycle) 483M->483M(500M) 7351.886ms
[2026-04-03T03:03:23.819+0600][682.445s][info][gc,ergo        ] Free: 426K, Max: 166K regular, 0B humongous, Frag: 0% external, 99% internal; Reserve: 15104K, Max: 256K
[2026-04-03T03:03:23.819+0600][682.445s][info][gc,stats       ] 
[2026-04-03T03:03:23.819+0600][682.445s][info][gc,stats       ] All times are wall-clock times, except per-root-class counters, that are sum over
[2026-04-03T03:03:23.819+0600][682.445s][info][gc,stats       ] all workers. Dividing the <total> over the root stage time estimates parallelism.
[2026-04-03T03:03:23.819+0600][682.445s][info][gc,stats       ] 
[2026-04-03T03:03:23.819+0600][682.445s][info][gc,stats       ] Pause Degenerated GC (G)        7352137 us
[2026-04-03T03:03:23.819+0600][682.445s][info][gc,stats       ] Pause Degenerated GC (N)        7351894 us
[2026-04-03T03:03:23.819+0600][682.445s][info][gc,stats       ]   Degen STW Mark                3722771 us, parallelism: 6.00x
[2026-04-03T03:03:23.819+0600][682.445s][info][gc,stats       ]     DSM: <total>               22329818 us
[2026-04-03T03:03:23.819+0600][682.445s][info][gc,stats       ]     DSM: Thread Roots               745 us, workers (us): 162,  71, 118,  72,  73, 248, 
[2026-04-03T03:03:23.819+0600][682.445s][info][gc,stats       ]     DSM: VM Strong Roots             17 us, workers (us):   0,   5,   0,   6,   5,   0, 
[2026-04-03T03:03:23.819+0600][682.445s][info][gc,stats       ]     DSM: CLDG Roots                 221 us, workers (us): 118,  25,  14,  23,  23,  17, 
[2026-04-03T03:03:23.819+0600][682.445s][info][gc,stats       ]     DSM: Parallel Mark         22328835 us, workers (us): 3721376, 3721470, 3721644, 3721466, 3721371, 3721508, 
[2026-04-03T03:03:23.819+0600][682.445s][info][gc,stats       ]     System Purge                   2525 us
[2026-04-03T03:03:23.819+0600][682.445s][info][gc,stats       ]       Weak References               474 us, parallelism: 1.08x
[2026-04-03T03:03:23.819+0600][682.445s][info][gc,stats       ]         WRP: <total>                511 us
[2026-04-03T03:03:23.819+0600][682.445s][info][gc,stats       ]         WRP: Weak References        511 us, workers (us): 281,  59,  68,  13,  90,   0, 
[2026-04-03T03:03:23.819+0600][682.445s][info][gc,stats       ]       Unload Classes               1833 us, parallelism: 5.48x
[2026-04-03T03:03:23.819+0600][682.445s][info][gc,stats       ]         DCU: <total>              10047 us
[2026-04-03T03:03:23.819+0600][682.445s][info][gc,stats       ]         DCU: Unload Code Caches    10047 us, workers (us): 1684, 1685, 1712, 1685, 1670, 1611, 
[2026-04-03T03:03:23.819+0600][682.445s][info][gc,stats       ]       Weak Roots                    201 us, parallelism: 3.13x
[2026-04-03T03:03:23.819+0600][682.445s][info][gc,stats       ]         DWR: <total>                630 us
[2026-04-03T03:03:23.819+0600][682.445s][info][gc,stats       ]         DWR: VM Weak Roots          630 us, workers (us): 157, 153, 153,  65,  68,  34, 
[2026-04-03T03:03:23.819+0600][682.445s][info][gc,stats       ]       CLDG                            4 us
[2026-04-03T03:03:23.819+0600][682.445s][info][gc,stats       ]   Update Region States               37 us
[2026-04-03T03:03:23.819+0600][682.445s][info][gc,stats       ]   Manage GC/TLABs                    12 us
[2026-04-03T03:03:23.819+0600][682.445s][info][gc,stats       ]   Choose Collection Set             212 us
[2026-04-03T03:03:23.819+0600][682.445s][info][gc,stats       ]   Rebuild Free Set                   47 us
[2026-04-03T03:03:23.819+0600][682.445s][info][gc,stats       ]   Evacuation                       6701 us
[2026-04-03T03:03:23.819+0600][682.445s][info][gc,stats       ]   Pre Heap Dump                       2 us
[2026-04-03T03:03:23.819+0600][682.445s][info][gc,stats       ]   Prepare                          3703 us
[2026-04-03T03:03:23.819+0600][682.445s][info][gc,stats       ]     Update Roots                   2394 us, parallelism: 4.57x
[2026-04-03T03:03:23.819+0600][682.445s][info][gc,stats       ]       FU: <total>                 10933 us
[2026-04-03T03:03:23.819+0600][682.445s][info][gc,stats       ]       FU: Thread Roots              872 us, workers (us): 248, 192,  15,   4, 187, 227, 
[2026-04-03T03:03:23.819+0600][682.445s][info][gc,stats       ]       FU: Code Cache Roots         8508 us, workers (us): 1305, 1313, 1521, 1788, 1313, 1267, 
[2026-04-03T03:03:23.819+0600][682.445s][info][gc,stats       ]       FU: VM Strong Roots            23 us, workers (us):  16,   5,   1,   0,   1,   1, 
[2026-04-03T03:03:23.819+0600][682.445s][info][gc,stats       ]       FU: VM Weak Roots             808 us, workers (us): 165, 164, 151, 114, 109, 106, 
[2026-04-03T03:03:23.819+0600][682.445s][info][gc,stats       ]       FU: CLDG Roots                721 us, workers (us): 196,  86,  87, 166,  90,  97, 
[2026-04-03T03:03:23.819+0600][682.445s][info][gc,stats       ]   Mark                          3329861 us, parallelism: 6.00x
[2026-04-03T03:03:23.819+0600][682.445s][info][gc,stats       ]     FM: <total>                19963583 us
[2026-04-03T03:03:23.819+0600][682.445s][info][gc,stats       ]     FM: Thread Roots                906 us, workers (us): 159, 144, 145, 134, 140, 184, 
[2026-04-03T03:03:23.819+0600][682.445s][info][gc,stats       ]     FM: VM Strong Roots              30 us, workers (us):   6,   7,   1,   9,   7,   0, 
[2026-04-03T03:03:23.819+0600][682.445s][info][gc,stats       ]     FM: CLDG Roots                  316 us, workers (us):  38,  42, 173,  42,  12,   9, 
[2026-04-03T03:03:23.819+0600][682.445s][info][gc,stats       ]     FM: Parallel Mark          19962331 us, workers (us): 3327142, 3327130, 3327010, 3327087, 3327132, 3326830, 
[2026-04-03T03:03:23.819+0600][682.445s][info][gc,stats       ]     System Purge                   1812 us
[2026-04-03T03:03:23.819+0600][682.445s][info][gc,stats       ]       Weak References               311 us, parallelism: 0.89x
[2026-04-03T03:03:23.819+0600][682.445s][info][gc,stats       ]         WRP: <total>                276 us
[2026-04-03T03:03:23.819+0600][682.445s][info][gc,stats       ]         WRP: Weak References        276 us, workers (us):  32,  17, 139,  13,  75,   0, 
[2026-04-03T03:03:23.819+0600][682.445s][info][gc,stats       ]       Unload Classes               1285 us, parallelism: 5.30x
[2026-04-03T03:03:23.819+0600][682.445s][info][gc,stats       ]         CU: <total>                6806 us
[2026-04-03T03:03:23.819+0600][682.445s][info][gc,stats       ]         CU: Unload Code Caches     6806 us, workers (us): 1176, 1107, 1146, 1149, 1108, 1120, 
[2026-04-03T03:03:23.819+0600][682.445s][info][gc,stats       ]       Weak Roots                    204 us, parallelism: 2.72x
[2026-04-03T03:03:23.819+0600][682.445s][info][gc,stats       ]         WR: <total>                 557 us
[2026-04-03T03:03:23.819+0600][682.445s][info][gc,stats       ]         WR: VM Weak Roots           557 us, workers (us): 159,  94,  95,  91,  75,  43, 
[2026-04-03T03:03:23.819+0600][682.445s][info][gc,stats       ]       CLDG                            2 us
[2026-04-03T03:03:23.819+0600][682.445s][info][gc,stats       ]   Calculate Addresses             92686 us
[2026-04-03T03:03:23.819+0600][682.445s][info][gc,stats       ]     Regular Objects               92611 us
[2026-04-03T03:03:23.819+0600][682.445s][info][gc,stats       ]     Humongous Objects                28 us
[2026-04-03T03:03:23.819+0600][682.445s][info][gc,stats       ]   Adjust Pointers                 97645 us
[2026-04-03T03:03:23.819+0600][682.445s][info][gc,stats       ]     FA: <total>                    6834 us
[2026-04-03T03:03:23.819+0600][682.445s][info][gc,stats       ]     FA: Thread Roots                482 us, workers (us):  94,   2, 131, 127, 124,   3, 
[2026-04-03T03:03:23.819+0600][682.445s][info][gc,stats       ]     FA: Code Cache Roots           5228 us, workers (us): 835, 1075, 850, 810, 716, 941, 
[2026-04-03T03:03:23.819+0600][682.445s][info][gc,stats       ]     FA: VM Strong Roots              15 us, workers (us):  12,   1,   0,   1,   1,   1, 
[2026-04-03T03:03:23.819+0600][682.445s][info][gc,stats       ]     FA: VM Weak Roots               572 us, workers (us): 151, 110, 107,  68,  68,  68, 
[2026-04-03T03:03:23.819+0600][682.445s][info][gc,stats       ]     FA: CLDG Roots                  539 us, workers (us):  69, 140,  57,  58, 156,  59, 
[2026-04-03T03:03:23.819+0600][682.445s][info][gc,stats       ]   Copy Objects                    94372 us
[2026-04-03T03:03:23.819+0600][682.445s][info][gc,stats       ]     Regular Objects               93450 us
[2026-04-03T03:03:23.819+0600][682.445s][info][gc,stats       ]     Humongous Objects                23 us
[2026-04-03T03:03:23.819+0600][682.445s][info][gc,stats       ]     Reset Complete Bitmap           663 us
[2026-04-03T03:03:23.819+0600][682.445s][info][gc,stats       ]     Rebuild Region Sets             234 us
[2026-04-03T03:03:23.819+0600][682.445s][info][gc,stats       ]   Post Heap Dump                      1 us
[2026-04-03T03:03:23.819+0600][682.445s][info][gc,stats       ] 
[2026-04-03T03:03:23.819+0600][682.445s][info][gc,stats       ] Allocation pacing accrued:
[2026-04-03T03:03:23.819+0600][682.445s][info][gc,stats       ]       0 of  7354 ms (  0.0%): <total>
[2026-04-03T03:03:23.819+0600][682.445s][info][gc,stats       ]       0 of  7354 ms (  0.0%): <average total>
[2026-04-03T03:03:23.819+0600][682.446s][info][gc,stats       ] 
[2026-04-03T03:03:23.819+0600][682.446s][info][gc,metaspace   ] Metaspace: 49678K(50048K)->49680K(50048K) NonClass: 43474K(43712K)->43476K(43712K) Class: 6203K(6336K)->6203K(6336K)
[2026-04-03T03:03:23.819+0600][682.446s][info][gc,ergo        ] Pacer for Idle. Initial: 10240K, Alloc Tax Rate: 1.0x
[2026-04-03T03:03:23.820+0600][682.446s][info][gc             ] Failed to allocate TLAB, 2656B
[2026-04-03T03:03:23.820+0600][682.446s][info][gc             ] Cancelling GC: Allocation Failure
[2026-04-03T03:03:23.820+0600][682.447s][info][gc             ] Trigger: Handle Allocation Failure
[2026-04-03T03:03:23.820+0600][682.447s][info][gc,ergo        ] Free: 0B, Max: 0B regular, 0B humongous, Frag: 0% external, 0% internal; Reserve: 15104K, Max: 256K
[2026-04-03T03:03:23.821+0600][682.447s][info][gc,start       ] GC(101) Pause Degenerated GC (Outside of Cycle)
[2026-04-03T03:03:23.821+0600][682.447s][info][gc,task        ] GC(101) Using 6 of 6 workers for stw degenerated gc
[2026-04-03T03:03:23.821+0600][682.447s][info][gc,ref         ] GC(101) Clearing All SoftReferences
[2026-04-03T03:03:27.938+0600][686.565s][info][gc,ref         ] GC(101) Encountered references: Soft: 2447, Weak: 2769, Final: 74, Phantom: 586
[2026-04-03T03:03:27.938+0600][686.565s][info][gc,ref         ] GC(101) Discovered  references: Soft: 250, Weak: 1855, Final: 74, Phantom: 495
[2026-04-03T03:03:27.938+0600][686.565s][info][gc,ref         ] GC(101) Enqueued    references: Soft: 2, Weak: 4, Final: 0, Phantom: 0
[2026-04-03T03:03:27.941+0600][686.567s][info][gc,ergo        ] GC(101) Adaptive CSet Selection. Target Free: 72533K, Actual Free: 15104K, Max CSet: 21333K, Min Garbage: 57429K
[2026-04-03T03:03:27.941+0600][686.567s][info][gc,ergo        ] GC(101) Collectable Garbage: 132K (100%), Immediate: 0B (0%), CSet: 132K (100%)
[2026-04-03T03:03:27.945+0600][686.572s][info][gc             ] GC(101) Cancelling GC: Allocation Failure During Evacuation
[2026-04-03T03:03:27.947+0600][686.574s][info][gc             ] GC(101) Cannot finish degeneration, upgrading to Full GC
[2026-04-03T03:03:27.951+0600][686.577s][info][gc,phases,start] GC(101) Phase 1: Mark live objects
[2026-04-03T03:03:27.951+0600][686.577s][info][gc,ref         ] GC(101) Clearing All SoftReferences
[2026-04-03T03:03:27.951+0600][686.577s][info][gc,ref         ] GC(101) Clearing All SoftReferences
[2026-04-03T03:03:31.745+0600][690.371s][info][gc,ref         ] GC(101) Encountered references: Soft: 2445, Weak: 2765, Final: 74, Phantom: 586
[2026-04-03T03:03:31.745+0600][690.371s][info][gc,ref         ] GC(101) Discovered  references: Soft: 244, Weak: 1722, Final: 74, Phantom: 458
[2026-04-03T03:03:31.745+0600][690.371s][info][gc,ref         ] GC(101) Enqueued    references: Soft: 0, Weak: 0, Final: 0, Phantom: 0
[2026-04-03T03:03:31.747+0600][690.373s][info][gc,phases      ] GC(101) Phase 1: Mark live objects 3796.037ms
[2026-04-03T03:03:31.747+0600][690.373s][info][gc,phases,start] GC(101) Phase 2: Compute new object addresses
[2026-04-03T03:03:31.838+0600][690.464s][info][gc,phases      ] GC(101) Phase 2: Compute new object addresses 91.248ms
[2026-04-03T03:03:31.838+0600][690.464s][info][gc,phases,start] GC(101) Phase 3: Adjust pointers
[2026-04-03T03:03:31.938+0600][690.564s][info][gc,phases      ] GC(101) Phase 3: Adjust pointers 99.688ms
[2026-04-03T03:03:31.938+0600][690.564s][info][gc,phases,start] GC(101) Phase 4: Move objects
[2026-04-03T03:03:32.033+0600][690.659s][info][gc,phases      ] GC(101) Phase 4: Move objects 94.778ms
[2026-04-03T03:03:32.033+0600][690.659s][info][gc,ergo        ] GC(101) Bad progress for free space: 422K, need 5120K
[2026-04-03T03:03:32.033+0600][690.659s][info][gc             ] GC(101) Pause Degenerated GC (Outside of Cycle) 484M->483M(500M) 8212.291ms
[2026-04-03T03:03:32.033+0600][690.659s][info][gc,ergo        ] Free: 422K, Max: 128K regular, 0B humongous, Frag: 0% external, 99% internal; Reserve: 14848K, Max: 256K
[2026-04-03T03:03:32.033+0600][690.659s][info][gc,stats       ] 
[2026-04-03T03:03:32.033+0600][690.659s][info][gc,stats       ] All times are wall-clock times, except per-root-class counters, that are sum over
[2026-04-03T03:03:32.033+0600][690.659s][info][gc,stats       ] all workers. Dividing the <total> over the root stage time estimates parallelism.
[2026-04-03T03:03:32.033+0600][690.659s][info][gc,stats       ] 
[2026-04-03T03:03:32.033+0600][690.659s][info][gc,stats       ] Pause Degenerated GC (G)        8212490 us
[2026-04-03T03:03:32.033+0600][690.659s][info][gc,stats       ] Pause Degenerated GC (N)        8212301 us
[2026-04-03T03:03:32.033+0600][690.659s][info][gc,stats       ]   Degen STW Mark                4116923 us, parallelism: 6.00x
[2026-04-03T03:03:32.033+0600][690.659s][info][gc,stats       ]     DSM: <total>               24693229 us
[2026-04-03T03:03:32.033+0600][690.659s][info][gc,stats       ]     DSM: Thread Roots               617 us, workers (us): 130, 123,  69,  66,  80, 149, 
[2026-04-03T03:03:32.033+0600][690.659s][info][gc,stats       ]     DSM: VM Strong Roots             17 us, workers (us):   0,   4,   5,   4,   4,   0, 
[2026-04-03T03:03:32.033+0600][690.659s][info][gc,stats       ]     DSM: CLDG Roots                 191 us, workers (us): 102,  24,  21,  22,   8,  13, 
[2026-04-03T03:03:32.033+0600][690.659s][info][gc,stats       ]     DSM: Parallel Mark         24692404 us, workers (us): 4115265, 4115444, 4115445, 4115515, 4115501, 4115234, 
[2026-04-03T03:03:32.033+0600][690.659s][info][gc,stats       ]     System Purge                   2734 us
[2026-04-03T03:03:32.033+0600][690.659s][info][gc,stats       ]       Weak References               559 us, parallelism: 0.96x
[2026-04-03T03:03:32.033+0600][690.659s][info][gc,stats       ]         WRP: <total>                537 us
[2026-04-03T03:03:32.033+0600][690.659s][info][gc,stats       ]         WRP: Weak References        537 us, workers (us): 411,  71,  30,  24,   1,   1, 
[2026-04-03T03:03:32.033+0600][690.659s][info][gc,stats       ]       Unload Classes               1876 us, parallelism: 4.36x
[2026-04-03T03:03:32.033+0600][690.659s][info][gc,stats       ]         DCU: <total>               8174 us
[2026-04-03T03:03:32.033+0600][690.659s][info][gc,stats       ]         DCU: Unload Code Caches     8174 us, workers (us): 1404, 1464, 1326, 1305, 1337, 1338, 
[2026-04-03T03:03:32.033+0600][690.659s][info][gc,stats       ]       Weak Roots                    223 us, parallelism: 2.21x
[2026-04-03T03:03:32.033+0600][690.659s][info][gc,stats       ]         DWR: <total>                492 us
[2026-04-03T03:03:32.033+0600][690.660s][info][gc,stats       ]         DWR: VM Weak Roots          492 us, workers (us): 181, 105,  86,  59,  30,  30, 
[2026-04-03T03:03:32.033+0600][690.660s][info][gc,stats       ]       CLDG                           28 us
[2026-04-03T03:03:32.033+0600][690.660s][info][gc,stats       ]   Update Region States               32 us
[2026-04-03T03:03:32.033+0600][690.660s][info][gc,stats       ]   Manage GC/TLABs                    11 us
[2026-04-03T03:03:32.033+0600][690.660s][info][gc,stats       ]   Choose Collection Set             231 us
[2026-04-03T03:03:32.033+0600][690.660s][info][gc,stats       ]   Rebuild Free Set                   47 us
[2026-04-03T03:03:32.033+0600][690.660s][info][gc,stats       ]   Evacuation                       6162 us
[2026-04-03T03:03:32.033+0600][690.660s][info][gc,stats       ]   Pre Heap Dump                       2 us
[2026-04-03T03:03:32.033+0600][690.660s][info][gc,stats       ]   Prepare                          3169 us
[2026-04-03T03:03:32.033+0600][690.660s][info][gc,stats       ]     Update Roots                   2176 us, parallelism: 4.44x
[2026-04-03T03:03:32.033+0600][690.660s][info][gc,stats       ]       FU: <total>                  9669 us
[2026-04-03T03:03:32.033+0600][690.660s][info][gc,stats       ]       FU: Thread Roots              703 us, workers (us): 285, 215, 103,   3,  49,  49, 
[2026-04-03T03:03:32.033+0600][690.660s][info][gc,stats       ]       FU: Code Cache Roots         7420 us, workers (us): 1075, 1023, 1222, 1539, 1285, 1277, 
[2026-04-03T03:03:32.033+0600][690.660s][info][gc,stats       ]       FU: VM Strong Roots            23 us, workers (us):  11,   9,   1,   1,   1,   1, 
[2026-04-03T03:03:32.033+0600][690.660s][info][gc,stats       ]       FU: VM Weak Roots             837 us, workers (us): 207, 208, 127, 101, 100,  95, 
[2026-04-03T03:03:32.033+0600][690.660s][info][gc,stats       ]       FU: CLDG Roots                685 us, workers (us):  93, 170,  85, 167,  85,  86, 
[2026-04-03T03:03:32.033+0600][690.660s][info][gc,stats       ]   Mark                          3795808 us, parallelism: 6.00x
[2026-04-03T03:03:32.033+0600][690.660s][info][gc,stats       ]     FM: <total>                22756286 us
[2026-04-03T03:03:32.033+0600][690.660s][info][gc,stats       ]     FM: Thread Roots                794 us, workers (us): 167, 185, 130, 100,  98, 114, 
[2026-04-03T03:03:32.033+0600][690.660s][info][gc,stats       ]     FM: VM Strong Roots              25 us, workers (us):   0,   0,   9,   8,   7,   1, 
[2026-04-03T03:03:32.033+0600][690.660s][info][gc,stats       ]     FM: CLDG Roots                  309 us, workers (us): 165,  20,  35,  35,  34,  20, 
[2026-04-03T03:03:32.033+0600][690.660s][info][gc,stats       ]     FM: Parallel Mark          22755158 us, workers (us): 3792380, 3792573, 3792593, 3792664, 3792492, 3792456, 
[2026-04-03T03:03:32.033+0600][690.660s][info][gc,stats       ]     System Purge                   2052 us
[2026-04-03T03:03:32.033+0600][690.660s][info][gc,stats       ]       Weak References               348 us, parallelism: 0.94x
[2026-04-03T03:03:32.033+0600][690.660s][info][gc,stats       ]         WRP: <total>                327 us
[2026-04-03T03:03:32.033+0600][690.660s][info][gc,stats       ]         WRP: Weak References        327 us, workers (us):  59, 190,  77,   0,   0,   0, 
[2026-04-03T03:03:32.033+0600][690.660s][info][gc,stats       ]       Unload Classes               1402 us, parallelism: 4.98x
[2026-04-03T03:03:32.033+0600][690.660s][info][gc,stats       ]         CU: <total>                6976 us
[2026-04-03T03:03:32.033+0600][690.660s][info][gc,stats       ]         CU: Unload Code Caches     6976 us, workers (us): 1160, 1174, 1176, 1178, 1135, 1153, 
[2026-04-03T03:03:32.033+0600][690.660s][info][gc,stats       ]       Weak Roots                    289 us, parallelism: 2.22x
[2026-04-03T03:03:32.033+0600][690.660s][info][gc,stats       ]         WR: <total>                 643 us
[2026-04-03T03:03:32.033+0600][690.660s][info][gc,stats       ]         WR: VM Weak Roots           643 us, workers (us): 193, 109,  93,  91,  77,  79, 
[2026-04-03T03:03:32.033+0600][690.660s][info][gc,stats       ]       CLDG                            2 us
[2026-04-03T03:03:32.033+0600][690.660s][info][gc,stats       ]   Calculate Addresses             91238 us
[2026-04-03T03:03:32.033+0600][690.660s][info][gc,stats       ]     Regular Objects               91093 us
[2026-04-03T03:03:32.033+0600][690.660s][info][gc,stats       ]     Humongous Objects                28 us
[2026-04-03T03:03:32.033+0600][690.660s][info][gc,stats       ]   Adjust Pointers                 99677 us
[2026-04-03T03:03:32.033+0600][690.660s][info][gc,stats       ]     FA: <total>                    7583 us
[2026-04-03T03:03:32.033+0600][690.660s][info][gc,stats       ]     FA: Thread Roots                479 us, workers (us): 115,   3,  77, 112,   2, 170, 
[2026-04-03T03:03:32.033+0600][690.660s][info][gc,stats       ]     FA: Code Cache Roots           5804 us, workers (us): 907, 1017, 985, 890, 1260, 746, 
[2026-04-03T03:03:32.033+0600][690.660s][info][gc,stats       ]     FA: VM Strong Roots              20 us, workers (us):  14,   2,   2,   1,   1,   1, 
[2026-04-03T03:03:32.033+0600][690.660s][info][gc,stats       ]     FA: VM Weak Roots               733 us, workers (us): 144, 128, 128, 129, 129,  75, 
[2026-04-03T03:03:32.033+0600][690.660s][info][gc,stats       ]     FA: CLDG Roots                  546 us, workers (us):  55,  57,  59,  75, 143, 158, 
[2026-04-03T03:03:32.033+0600][690.660s][info][gc,stats       ]   Copy Objects                    94765 us
[2026-04-03T03:03:32.033+0600][690.660s][info][gc,stats       ]     Regular Objects               93939 us
[2026-04-03T03:03:32.033+0600][690.660s][info][gc,stats       ]     Humongous Objects                20 us
[2026-04-03T03:03:32.034+0600][690.660s][info][gc,stats       ]     Reset Complete Bitmap           642 us
[2026-04-03T03:03:32.034+0600][690.660s][info][gc,stats       ]     Rebuild Region Sets             162 us
[2026-04-03T03:03:32.034+0600][690.660s][info][gc,stats       ]   Post Heap Dump                      1 us
[2026-04-03T03:03:32.034+0600][690.660s][info][gc,stats       ] 
[2026-04-03T03:03:32.034+0600][690.660s][info][gc,stats       ] Allocation pacing accrued:
[2026-04-03T03:03:32.034+0600][690.660s][info][gc,stats       ]       0 of  8214 ms (  0.0%): <total>
[2026-04-03T03:03:32.034+0600][690.660s][info][gc,stats       ]       0 of  8214 ms (  0.0%): <average total>
[2026-04-03T03:03:32.034+0600][690.660s][info][gc,stats       ] 
[2026-04-03T03:03:32.034+0600][690.660s][info][gc,metaspace   ] Metaspace: 49683K(50048K)->49686K(50048K) NonClass: 43478K(43712K)->43481K(43712K) Class: 6204K(6336K)->6205K(6336K)
[2026-04-03T03:03:32.034+0600][690.660s][info][gc,ergo        ] Pacer for Idle. Initial: 10240K, Alloc Tax Rate: 1.0x
[2026-04-03T03:03:32.034+0600][690.660s][info][gc             ] Failed to allocate TLAB, 2656B
[2026-04-03T03:03:32.034+0600][690.660s][info][gc             ] Cancelling GC: Allocation Failure
[2026-04-03T03:03:32.035+0600][690.661s][info][gc             ] Trigger: Handle Allocation Failure
[2026-04-03T03:03:32.035+0600][690.661s][info][gc,ergo        ] Free: 0B, Max: 0B regular, 0B humongous, Frag: 0% external, 0% internal; Reserve: 14848K, Max: 256K
[2026-04-03T03:03:32.035+0600][690.661s][info][gc,start       ] GC(102) Pause Full
[2026-04-03T03:03:32.035+0600][690.661s][info][gc,task        ] GC(102) Using 6 of 6 workers for full gc
[2026-04-03T03:03:32.035+0600][690.662s][info][gc,phases,start] GC(102) Phase 1: Mark live objects
[2026-04-03T03:03:32.035+0600][690.662s][info][gc,ref         ] GC(102) Clearing All SoftReferences
[2026-04-03T03:03:32.035+0600][690.662s][info][gc,ref         ] GC(102) Clearing All SoftReferences
[2026-04-03T03:03:35.907+0600][694.534s][info][gc,ref         ] GC(102) Encountered references: Soft: 2445, Weak: 2765, Final: 74, Phantom: 586
[2026-04-03T03:03:35.907+0600][694.534s][info][gc,ref         ] GC(102) Discovered  references: Soft: 239, Weak: 1514, Final: 74, Phantom: 487
[2026-04-03T03:03:35.907+0600][694.534s][info][gc,ref         ] GC(102) Enqueued    references: Soft: 0, Weak: 1, Final: 0, Phantom: 0
[2026-04-03T03:03:35.909+0600][694.535s][info][gc,phases      ] GC(102) Phase 1: Mark live objects 3873.672ms
[2026-04-03T03:03:35.909+0600][694.535s][info][gc,phases,start] GC(102) Phase 2: Compute new object addresses
[2026-04-03T03:03:35.992+0600][694.618s][info][gc,phases      ] GC(102) Phase 2: Compute new object addresses 82.514ms
[2026-04-03T03:03:35.992+0600][694.618s][info][gc,phases,start] GC(102) Phase 3: Adjust pointers
[2026-04-03T03:03:36.090+0600][694.716s][info][gc,phases      ] GC(102) Phase 3: Adjust pointers 98.361ms
[2026-04-03T03:03:36.090+0600][694.716s][info][gc,phases,start] GC(102) Phase 4: Move objects
[2026-04-03T03:03:36.167+0600][694.794s][info][gc,phases      ] GC(102) Phase 4: Move objects 77.228ms
[2026-04-03T03:03:36.168+0600][694.794s][info][gc,ergo        ] GC(102) Bad progress for free space: 155K, need 5120K
[2026-04-03T03:03:36.168+0600][694.794s][info][gc             ] GC(102) Pause Full 484M->484M(500M) 4132.451ms
[2026-04-03T03:03:36.168+0600][694.794s][info][gc,ergo        ] Free: 139K, Max: 33952B regular, 0B humongous, Frag: 0% external, 99% internal; Reserve: 14848K, Max: 256K
[2026-04-03T03:03:36.168+0600][694.794s][info][gc,stats       ] 
[2026-04-03T03:03:36.168+0600][694.794s][info][gc,stats       ] All times are wall-clock times, except per-root-class counters, that are sum over
[2026-04-03T03:03:36.168+0600][694.794s][info][gc,stats       ] all workers. Dividing the <total> over the root stage time estimates parallelism.
[2026-04-03T03:03:36.168+0600][694.794s][info][gc,stats       ] 
[2026-04-03T03:03:36.168+0600][694.794s][info][gc,stats       ] Pause Full GC (G)               4132751 us
[2026-04-03T03:03:36.168+0600][694.794s][info][gc,stats       ] Pause Full GC (N)               4132460 us
[2026-04-03T03:03:36.168+0600][694.794s][info][gc,stats       ]   Pre Heap Dump                       1 us
[2026-04-03T03:03:36.168+0600][694.794s][info][gc,stats       ]   Prepare                           230 us
[2026-04-03T03:03:36.168+0600][694.794s][info][gc,stats       ]   Mark                          3873658 us, parallelism: 6.00x
[2026-04-03T03:03:36.168+0600][694.794s][info][gc,stats       ]     FM: <total>                23222866 us
[2026-04-03T03:03:36.168+0600][694.794s][info][gc,stats       ]     FM: Thread Roots                644 us, workers (us): 121, 108, 106, 221,  48,  40, 
[2026-04-03T03:03:36.168+0600][694.794s][info][gc,stats       ]     FM: VM Strong Roots              18 us, workers (us):   4,   0,   5,   0,   4,   5, 
[2026-04-03T03:03:36.168+0600][694.794s][info][gc,stats       ]     FM: CLDG Roots                  215 us, workers (us):  15, 114,  27,   6,  27,  27, 
[2026-04-03T03:03:36.168+0600][694.794s][info][gc,stats       ]     FM: Parallel Mark          23221988 us, workers (us): 3870404, 3870259, 3870340, 3870247, 3870400, 3870338, 
[2026-04-03T03:03:36.168+0600][694.794s][info][gc,stats       ]     System Purge                   2070 us
[2026-04-03T03:03:36.168+0600][694.794s][info][gc,stats       ]       Weak References               332 us, parallelism: 0.98x
[2026-04-03T03:03:36.168+0600][694.794s][info][gc,stats       ]         WRP: <total>                324 us
[2026-04-03T03:03:36.168+0600][694.794s][info][gc,stats       ]         WRP: Weak References        324 us, workers (us): 122, 177,  24,   1,   0,   0, 
[2026-04-03T03:03:36.168+0600][694.794s][info][gc,stats       ]       Unload Classes               1516 us, parallelism: 5.40x
[2026-04-03T03:03:36.168+0600][694.794s][info][gc,stats       ]         CU: <total>                8187 us
[2026-04-03T03:03:36.168+0600][694.794s][info][gc,stats       ]         CU: Unload Code Caches     8187 us, workers (us): 1403, 1356, 1382, 1384, 1364, 1298, 
[2026-04-03T03:03:36.168+0600][694.794s][info][gc,stats       ]       Weak Roots                    206 us, parallelism: 2.54x
[2026-04-03T03:03:36.168+0600][694.794s][info][gc,stats       ]         WR: <total>                 523 us
[2026-04-03T03:03:36.168+0600][694.794s][info][gc,stats       ]         WR: VM Weak Roots           523 us, workers (us): 161, 139,  66,  66,  49,  42, 
[2026-04-03T03:03:36.168+0600][694.794s][info][gc,stats       ]       CLDG                            2 us
[2026-04-03T03:03:36.168+0600][694.794s][info][gc,stats       ]   Calculate Addresses             82505 us
[2026-04-03T03:03:36.168+0600][694.794s][info][gc,stats       ]     Regular Objects               82413 us
[2026-04-03T03:03:36.168+0600][694.794s][info][gc,stats       ]     Humongous Objects                30 us
[2026-04-03T03:03:36.168+0600][694.794s][info][gc,stats       ]   Adjust Pointers                 98351 us
[2026-04-03T03:03:36.168+0600][694.794s][info][gc,stats       ]     FA: <total>                    7141 us
[2026-04-03T03:03:36.168+0600][694.794s][info][gc,stats       ]     FA: Thread Roots                486 us, workers (us): 109,  18, 192, 137,   3,  27, 
[2026-04-03T03:03:36.168+0600][694.794s][info][gc,stats       ]     FA: Code Cache Roots           5562 us, workers (us): 945, 954, 821, 787, 1062, 993, 
[2026-04-03T03:03:36.168+0600][694.794s][info][gc,stats       ]     FA: VM Strong Roots              19 us, workers (us):   8,   9,   1,   0,   1,   1, 
[2026-04-03T03:03:36.168+0600][694.794s][info][gc,stats       ]     FA: VM Weak Roots               546 us, workers (us): 157, 157, 104,  78,  25,  25, 
[2026-04-03T03:03:36.168+0600][694.794s][info][gc,stats       ]     FA: CLDG Roots                  529 us, workers (us):  59, 122,  68, 159,  59,  62, 
[2026-04-03T03:03:36.168+0600][694.794s][info][gc,stats       ]   Copy Objects                    77216 us
[2026-04-03T03:03:36.168+0600][694.794s][info][gc,stats       ]     Regular Objects               76154 us
[2026-04-03T03:03:36.168+0600][694.794s][info][gc,stats       ]     Humongous Objects                25 us
[2026-04-03T03:03:36.168+0600][694.794s][info][gc,stats       ]     Reset Complete Bitmap           782 us
[2026-04-03T03:03:36.168+0600][694.794s][info][gc,stats       ]     Rebuild Region Sets             252 us
[2026-04-03T03:03:36.168+0600][694.794s][info][gc,stats       ]   Post Heap Dump                      1 us
[2026-04-03T03:03:36.168+0600][694.794s][info][gc,stats       ] 
[2026-04-03T03:03:36.168+0600][694.795s][info][gc,stats       ] Allocation pacing accrued:
[2026-04-03T03:03:36.168+0600][694.794s][info][gc             ] Failed to allocate TLAB, 5248B
[2026-04-03T03:03:36.168+0600][694.795s][info][gc             ] Cancelling GC: Allocation Failure
[2026-04-03T03:03:36.168+0600][694.795s][info][gc,stats       ]       0 of  4135 ms (  0.0%): <total>
[2026-04-03T03:03:36.168+0600][694.795s][info][gc,stats       ]       0 of  4135 ms (  0.0%): <average total>
[2026-04-03T03:03:36.168+0600][694.795s][info][gc,stats       ] 
[2026-04-03T03:03:36.168+0600][694.795s][info][gc,metaspace   ] Metaspace: 49688K(50048K)->49691K(50048K) NonClass: 43482K(43712K)->43485K(43712K) Class: 6205K(6336K)->6206K(6336K)
[2026-04-03T03:03:36.168+0600][694.795s][info][gc,ergo        ] Pacer for Idle. Initial: 10240K, Alloc Tax Rate: 1.0x
[2026-04-03T03:03:36.171+0600][694.797s][info][gc             ] Trigger: Handle Allocation Failure
[2026-04-03T03:03:36.171+0600][694.797s][info][gc,ergo        ] Free: 0B, Max: 0B regular, 0B humongous, Frag: 0% external, 0% internal; Reserve: 14848K, Max: 256K
[2026-04-03T03:03:36.171+0600][694.797s][info][gc,start       ] GC(103) Pause Degenerated GC (Outside of Cycle)
[2026-04-03T03:03:36.171+0600][694.797s][info][gc,task        ] GC(103) Using 6 of 6 workers for stw degenerated gc
[2026-04-03T03:03:36.171+0600][694.798s][info][gc,ref         ] GC(103) Clearing All SoftReferences
[2026-04-03T03:03:39.284+0600][697.910s][info][gc,ref         ] GC(103) Encountered references: Soft: 2446, Weak: 2764, Final: 74, Phantom: 586
[2026-04-03T03:03:39.284+0600][697.911s][info][gc,ref         ] GC(103) Discovered  references: Soft: 241, Weak: 1476, Final: 59, Phantom: 582
[2026-04-03T03:03:39.284+0600][697.911s][info][gc,ref         ] GC(103) Enqueued    references: Soft: 0, Weak: 0, Final: 0, Phantom: 0
[2026-04-03T03:03:39.286+0600][697.913s][info][gc,ergo        ] GC(103) Adaptive CSet Selection. Target Free: 72533K, Actual Free: 14848K, Max CSet: 21333K, Min Garbage: 57685K
[2026-04-03T03:03:39.287+0600][697.913s][info][gc,ergo        ] GC(103) Collectable Garbage: 41504B (100%), Immediate: 0B (0%), CSet: 41504B (100%)
[2026-04-03T03:03:39.292+0600][697.919s][info][gc             ] GC(103) Cancelling GC: Allocation Failure During Evacuation
[2026-04-03T03:03:39.294+0600][697.920s][info][gc             ] GC(103) Cannot finish degeneration, upgrading to Full GC
[2026-04-03T03:03:39.298+0600][697.924s][info][gc,phases,start] GC(103) Phase 1: Mark live objects
[2026-04-03T03:03:39.298+0600][697.925s][info][gc,ref         ] GC(103) Clearing All SoftReferences
[2026-04-03T03:03:39.298+0600][697.925s][info][gc,ref         ] GC(103) Clearing All SoftReferences
[2026-04-03T03:03:43.441+0600][702.068s][info][gc,ref         ] GC(103) Encountered references: Soft: 2446, Weak: 2764, Final: 74, Phantom: 586
[2026-04-03T03:03:43.441+0600][702.068s][info][gc,ref         ] GC(103) Discovered  references: Soft: 248, Weak: 1872, Final: 74, Phantom: 582
[2026-04-03T03:03:43.441+0600][702.068s][info][gc,ref         ] GC(103) Enqueued    references: Soft: 0, Weak: 0, Final: 0, Phantom: 0
[2026-04-03T03:03:43.443+0600][702.070s][info][gc,phases      ] GC(103) Phase 1: Mark live objects 4145.261ms
[2026-04-03T03:03:43.443+0600][702.070s][info][gc,phases,start] GC(103) Phase 2: Compute new object addresses
[2026-04-03T03:03:43.534+0600][702.161s][info][gc,phases      ] GC(103) Phase 2: Compute new object addresses 90.982ms
[2026-04-03T03:03:43.534+0600][702.161s][info][gc,phases,start] GC(103) Phase 3: Adjust pointers
[2026-04-03T03:03:43.634+0600][702.260s][info][gc,phases      ] GC(103) Phase 3: Adjust pointers 99.165ms
[2026-04-03T03:03:43.634+0600][702.260s][info][gc,phases,start] GC(103) Phase 4: Move objects
[2026-04-03T03:03:43.727+0600][702.353s][info][gc,phases      ] GC(103) Phase 4: Move objects 93.254ms
[2026-04-03T03:03:43.727+0600][702.353s][info][gc,ergo        ] GC(103) Bad progress for free space: 333K, need 5120K
[2026-04-03T03:03:43.727+0600][702.354s][info][gc             ] GC(103) Pause Degenerated GC (Outside of Cycle) 484M->484M(500M) 7556.401ms
[2026-04-03T03:03:43.727+0600][702.354s][info][gc,ergo        ] Free: 333K, Max: 146K regular, 0B humongous, Frag: 0% external, 99% internal; Reserve: 14592K, Max: 256K
[2026-04-03T03:03:43.727+0600][702.354s][info][gc,stats       ] 
[2026-04-03T03:03:43.727+0600][702.354s][info][gc,stats       ] All times are wall-clock times, except per-root-class counters, that are sum over
[2026-04-03T03:03:43.727+0600][702.354s][info][gc,stats       ] all workers. Dividing the <total> over the root stage time estimates parallelism.
[2026-04-03T03:03:43.727+0600][702.354s][info][gc,stats       ] 
[2026-04-03T03:03:43.727+0600][702.354s][info][gc,stats       ] Pause Degenerated GC (G)        7556630 us
[2026-04-03T03:03:43.727+0600][702.354s][info][gc,stats       ] Pause Degenerated GC (N)        7556417 us
[2026-04-03T03:03:43.727+0600][702.354s][info][gc,stats       ]   Degen STW Mark                3112620 us, parallelism: 6.00x
[2026-04-03T03:03:43.727+0600][702.354s][info][gc,stats       ]     DSM: <total>               18668735 us
[2026-04-03T03:03:43.727+0600][702.354s][info][gc,stats       ]     DSM: Thread Roots               909 us, workers (us): 204, 110, 111, 104, 103, 276, 
[2026-04-03T03:03:43.727+0600][702.354s][info][gc,stats       ]     DSM: VM Strong Roots             23 us, workers (us):   0,   5,   5,   5,   7,   1, 
[2026-04-03T03:03:43.727+0600][702.354s][info][gc,stats       ]     DSM: CLDG Roots                 312 us, workers (us): 138,  39,  38,  39,  38,  20, 
[2026-04-03T03:03:43.727+0600][702.354s][info][gc,stats       ]     DSM: Parallel Mark         18667491 us, workers (us): 3111102, 3111423, 3111427, 3111198, 3111438, 3110903, 
[2026-04-03T03:03:43.727+0600][702.354s][info][gc,stats       ]     System Purge                   2486 us
[2026-04-03T03:03:43.728+0600][702.354s][info][gc,stats       ]       Weak References               412 us, parallelism: 0.91x
[2026-04-03T03:03:43.728+0600][702.354s][info][gc,stats       ]         WRP: <total>                375 us
[2026-04-03T03:03:43.728+0600][702.354s][info][gc,stats       ]         WRP: Weak References        375 us, workers (us): 190,  93,   5,  85,   1,   1, 
[2026-04-03T03:03:43.728+0600][702.354s][info][gc,stats       ]       Unload Classes               1819 us, parallelism: 5.34x
[2026-04-03T03:03:43.728+0600][702.354s][info][gc,stats       ]         DCU: <total>               9713 us
[2026-04-03T03:03:43.728+0600][702.354s][info][gc,stats       ]         DCU: Unload Code Caches     9713 us, workers (us): 1646, 1634, 1648, 1649, 1594, 1543, 
[2026-04-03T03:03:43.728+0600][702.354s][info][gc,stats       ]       Weak Roots                    240 us, parallelism: 2.64x
[2026-04-03T03:03:43.728+0600][702.354s][info][gc,stats       ]         DWR: <total>                631 us
[2026-04-03T03:03:43.728+0600][702.354s][info][gc,stats       ]         DWR: VM Weak Roots          631 us, workers (us): 159, 154,  96,  88,  82,  52, 
[2026-04-03T03:03:43.728+0600][702.354s][info][gc,stats       ]       CLDG                            3 us
[2026-04-03T03:03:43.728+0600][702.354s][info][gc,stats       ]   Update Region States               28 us
[2026-04-03T03:03:43.728+0600][702.354s][info][gc,stats       ]   Manage GC/TLABs                    10 us
[2026-04-03T03:03:43.728+0600][702.354s][info][gc,stats       ]   Choose Collection Set             223 us
[2026-04-03T03:03:43.728+0600][702.354s][info][gc,stats       ]   Rebuild Free Set                   52 us
[2026-04-03T03:03:43.728+0600][702.354s][info][gc,stats       ]   Evacuation                       6980 us
[2026-04-03T03:03:43.728+0600][702.354s][info][gc,stats       ]   Pre Heap Dump                       2 us
[2026-04-03T03:03:43.728+0600][702.354s][info][gc,stats       ]   Prepare                          3933 us
[2026-04-03T03:03:43.728+0600][702.354s][info][gc,stats       ]     Update Roots                   2622 us, parallelism: 4.68x
[2026-04-03T03:03:43.728+0600][702.354s][info][gc,stats       ]       FU: <total>                 12277 us
[2026-04-03T03:03:43.728+0600][702.354s][info][gc,stats       ]       FU: Thread Roots              806 us, workers (us): 322, 268,  55,  95,  61,   4, 
[2026-04-03T03:03:43.728+0600][702.354s][info][gc,stats       ]       FU: Code Cache Roots         9501 us, workers (us): 1376, 1441, 1644, 1498, 1645, 1897, 
[2026-04-03T03:03:43.728+0600][702.354s][info][gc,stats       ]       FU: VM Strong Roots            24 us, workers (us):  13,   6,   1,   1,   1,   1, 
[2026-04-03T03:03:43.728+0600][702.354s][info][gc,stats       ]       FU: VM Weak Roots             934 us, workers (us): 210, 212, 144, 127, 122, 121, 
[2026-04-03T03:03:43.728+0600][702.354s][info][gc,stats       ]       FU: CLDG Roots               1013 us, workers (us): 134, 140, 134, 238, 135, 231, 
[2026-04-03T03:03:43.728+0600][702.354s][info][gc,stats       ]   Mark                          4145107 us, parallelism: 6.00x
[2026-04-03T03:03:43.728+0600][702.354s][info][gc,stats       ]     FM: <total>                24849966 us
[2026-04-03T03:03:43.728+0600][702.354s][info][gc,stats       ]     FM: Thread Roots                982 us, workers (us): 219, 284, 129, 126, 126,  99, 
[2026-04-03T03:03:43.728+0600][702.354s][info][gc,stats       ]     FM: VM Strong Roots              31 us, workers (us):   0,   1,   8,   8,   6,   8, 
[2026-04-03T03:03:43.728+0600][702.354s][info][gc,stats       ]     FM: CLDG Roots                  409 us, workers (us): 189,  47,  51,  46,  27,  49, 
[2026-04-03T03:03:43.728+0600][702.354s][info][gc,stats       ]     FM: Parallel Mark          24848544 us, workers (us): 4141342, 4141246, 4141397, 4141465, 4141552, 4141542, 
[2026-04-03T03:03:43.728+0600][702.354s][info][gc,stats       ]     System Purge                   2335 us
[2026-04-03T03:03:43.728+0600][702.354s][info][gc,stats       ]       Weak References               521 us, parallelism: 0.84x
[2026-04-03T03:03:43.728+0600][702.354s][info][gc,stats       ]         WRP: <total>                437 us
[2026-04-03T03:03:43.728+0600][702.354s][info][gc,stats       ]         WRP: Weak References        437 us, workers (us): 335, 101,   1,   0,   0,   0, 
[2026-04-03T03:03:43.728+0600][702.354s][info][gc,stats       ]       Unload Classes               1518 us, parallelism: 5.08x
[2026-04-03T03:03:43.728+0600][702.354s][info][gc,stats       ]         CU: <total>                7713 us
[2026-04-03T03:03:43.728+0600][702.354s][info][gc,stats       ]         CU: Unload Code Caches     7713 us, workers (us): 1366, 1273, 1292, 1260, 1275, 1247, 
[2026-04-03T03:03:43.728+0600][702.354s][info][gc,stats       ]       Weak Roots                    279 us, parallelism: 3.12x
[2026-04-03T03:03:43.728+0600][702.354s][info][gc,stats       ]         WR: <total>                 869 us
[2026-04-03T03:03:43.728+0600][702.354s][info][gc,stats       ]         WR: VM Weak Roots           869 us, workers (us): 236, 222, 107, 107, 103,  93, 
[2026-04-03T03:03:43.728+0600][702.354s][info][gc,stats       ]       CLDG                            3 us
[2026-04-03T03:03:43.728+0600][702.354s][info][gc,stats       ]   Calculate Addresses             90974 us
[2026-04-03T03:03:43.728+0600][702.354s][info][gc,stats       ]     Regular Objects               90883 us
[2026-04-03T03:03:43.728+0600][702.354s][info][gc,stats       ]     Humongous Objects                28 us
[2026-04-03T03:03:43.728+0600][702.354s][info][gc,stats       ]   Adjust Pointers                 99155 us
[2026-04-03T03:03:43.728+0600][702.354s][info][gc,stats       ]     FA: <total>                    7101 us
[2026-04-03T03:03:43.728+0600][702.354s][info][gc,stats       ]     FA: Thread Roots                524 us, workers (us):  72,  18, 197,  83,  28, 126, 
[2026-04-03T03:03:43.728+0600][702.354s][info][gc,stats       ]     FA: Code Cache Roots           5336 us, workers (us): 828, 989, 808, 884, 955, 871, 
[2026-04-03T03:03:43.728+0600][702.354s][info][gc,stats       ]     FA: VM Strong Roots              17 us, workers (us):  13,   1,   1,   1,   1,   1, 
[2026-04-03T03:03:43.728+0600][702.354s][info][gc,stats       ]     FA: VM Weak Roots               679 us, workers (us): 185, 165, 126, 102,  51,  50, 
[2026-04-03T03:03:43.728+0600][702.354s][info][gc,stats       ]     FA: CLDG Roots                  546 us, workers (us): 156,  63,  62, 125,  78,  61, 
[2026-04-03T03:03:43.728+0600][702.354s][info][gc,stats       ]   Copy Objects                    93240 us
[2026-04-03T03:03:43.728+0600][702.354s][info][gc,stats       ]     Regular Objects               92346 us
[2026-04-03T03:03:43.728+0600][702.354s][info][gc,stats       ]     Humongous Objects                21 us
[2026-04-03T03:03:43.728+0600][702.354s][info][gc,stats       ]     Reset Complete Bitmap           685 us
[2026-04-03T03:03:43.728+0600][702.354s][info][gc             ] Failed to allocate TLAB, 2656B
[2026-04-03T03:03:43.728+0600][702.354s][info][gc             ] Cancelling GC: Allocation Failure
[2026-04-03T03:03:43.728+0600][702.354s][info][gc,stats       ]     Rebuild Region Sets             186 us
[2026-04-03T03:03:43.728+0600][702.354s][info][gc,stats       ]   Post Heap Dump                      1 us
[2026-04-03T03:03:43.728+0600][702.354s][info][gc,stats       ] 
[2026-04-03T03:03:43.728+0600][702.354s][info][gc,stats       ] Allocation pacing accrued:
[2026-04-03T03:03:43.728+0600][702.354s][info][gc,stats       ]       0 of  7560 ms (  0.0%): <total>
[2026-04-03T03:03:43.728+0600][702.354s][info][gc,stats       ]       0 of  7560 ms (  0.0%): <average total>
[2026-04-03T03:03:43.728+0600][702.354s][info][gc,stats       ] 
[2026-04-03T03:03:43.728+0600][702.354s][info][gc,metaspace   ] Metaspace: 49693K(50048K)->49694K(50048K) NonClass: 43487K(43712K)->43488K(43712K) Class: 6206K(6336K)->6206K(6336K)
[2026-04-03T03:03:43.728+0600][702.354s][info][gc,ergo        ] Pacer for Idle. Initial: 10240K, Alloc Tax Rate: 1.0x
[2026-04-03T03:03:43.729+0600][702.356s][info][gc             ] Trigger: Handle Allocation Failure
[2026-04-03T03:03:43.729+0600][702.356s][info][gc,ergo        ] Free: 0B, Max: 0B regular, 0B humongous, Frag: 0% external, 0% internal; Reserve: 14592K, Max: 256K
[2026-04-03T03:03:43.729+0600][702.356s][info][gc,start       ] GC(104) Pause Degenerated GC (Outside of Cycle)
[2026-04-03T03:03:43.729+0600][702.356s][info][gc,task        ] GC(104) Using 6 of 6 workers for stw degenerated gc
[2026-04-03T03:03:43.730+0600][702.356s][info][gc,ref         ] GC(104) Clearing All SoftReferences
[2026-04-03T03:03:47.027+0600][705.653s][info][gc,ref         ] GC(104) Encountered references: Soft: 2447, Weak: 2765, Final: 74, Phantom: 586
[2026-04-03T03:03:47.027+0600][705.653s][info][gc,ref         ] GC(104) Discovered  references: Soft: 243, Weak: 1883, Final: 74, Phantom: 581
[2026-04-03T03:03:47.027+0600][705.653s][info][gc,ref         ] GC(104) Enqueued    references: Soft: 2, Weak: 1, Final: 0, Phantom: 0
[2026-04-03T03:03:47.029+0600][705.656s][info][gc,ergo        ] GC(104) Adaptive CSet Selection. Target Free: 72533K, Actual Free: 14592K, Max CSet: 21333K, Min Garbage: 57941K
[2026-04-03T03:03:47.030+0600][705.656s][info][gc,ergo        ] GC(104) Collectable Garbage: 91360B (100%), Immediate: 0B (0%), CSet: 91360B (100%)
[2026-04-03T03:03:47.036+0600][705.662s][info][gc             ] GC(104) Cancelling GC: Allocation Failure During Evacuation
[2026-04-03T03:03:47.037+0600][705.664s][info][gc             ] GC(104) Cannot finish degeneration, upgrading to Full GC
[2026-04-03T03:03:47.041+0600][705.667s][info][gc,phases,start] GC(104) Phase 1: Mark live objects
[2026-04-03T03:03:47.041+0600][705.667s][info][gc,ref         ] GC(104) Clearing All SoftReferences
[2026-04-03T03:03:47.041+0600][705.667s][info][gc,ref         ] GC(104) Clearing All SoftReferences
[2026-04-03T03:03:51.316+0600][709.943s][info][gc,ref         ] GC(104) Encountered references: Soft: 2445, Weak: 2764, Final: 74, Phantom: 586
[2026-04-03T03:03:51.316+0600][709.943s][info][gc,ref         ] GC(104) Discovered  references: Soft: 239, Weak: 1476, Final: 74, Phantom: 454
[2026-04-03T03:03:51.317+0600][709.943s][info][gc,ref         ] GC(104) Enqueued    references: Soft: 0, Weak: 0, Final: 0, Phantom: 0
[2026-04-03T03:03:51.318+0600][709.945s][info][gc,phases      ] GC(104) Phase 1: Mark live objects 4277.520ms
[2026-04-03T03:03:51.318+0600][709.945s][info][gc,phases,start] GC(104) Phase 2: Compute new object addresses
[2026-04-03T03:03:51.403+0600][710.029s][info][gc,phases      ] GC(104) Phase 2: Compute new object addresses 84.145ms
[2026-04-03T03:03:51.403+0600][710.029s][info][gc,phases,start] GC(104) Phase 3: Adjust pointers
[2026-04-03T03:03:51.503+0600][710.129s][info][gc,phases      ] GC(104) Phase 3: Adjust pointers 99.997ms
[2026-04-03T03:03:51.503+0600][710.129s][info][gc,phases,start] GC(104) Phase 4: Move objects
[2026-04-03T03:03:51.596+0600][710.222s][info][gc,phases      ] GC(104) Phase 4: Move objects 92.851ms
[2026-04-03T03:03:51.596+0600][710.222s][info][gc,ergo        ] GC(104) Bad progress for free space: 382K, need 5120K
[2026-04-03T03:03:51.596+0600][710.222s][info][gc             ] GC(104) Pause Degenerated GC (Outside of Cycle) 484M->484M(500M) 7866.409ms
[2026-04-03T03:03:51.596+0600][710.222s][info][gc,ergo        ] Free: 361K, Max: 182K regular, 0B humongous, Frag: 0% external, 99% internal; Reserve: 14336K, Max: 256K
[2026-04-03T03:03:51.596+0600][710.222s][info][gc,stats       ] 
[2026-04-03T03:03:51.596+0600][710.222s][info][gc,stats       ] All times are wall-clock times, except per-root-class counters, that are sum over
[2026-04-03T03:03:51.596+0600][710.222s][info][gc,stats       ] all workers. Dividing the <total> over the root stage time estimates parallelism.
[2026-04-03T03:03:51.596+0600][710.222s][info][gc,stats       ] 
[2026-04-03T03:03:51.596+0600][710.222s][info][gc,stats       ] Pause Degenerated GC (G)        7866685 us
[2026-04-03T03:03:51.596+0600][710.222s][info][gc,stats       ] Pause Degenerated GC (N)        7866421 us
[2026-04-03T03:03:51.596+0600][710.222s][info][gc,stats       ]   Degen STW Mark                3296826 us, parallelism: 6.00x
[2026-04-03T03:03:51.596+0600][710.222s][info][gc,stats       ]     DSM: <total>               19772823 us
[2026-04-03T03:03:51.596+0600][710.222s][info][gc,stats       ]     DSM: Thread Roots               712 us, workers (us): 242, 141,  88,  88,  77,  78, 
[2026-04-03T03:03:51.596+0600][710.222s][info][gc,stats       ]     DSM: VM Strong Roots             18 us, workers (us):   0,   0,   5,   0,   6,   5, 
[2026-04-03T03:03:51.596+0600][710.223s][info][gc,stats       ]     DSM: CLDG Roots                 294 us, workers (us):   9,  16,  29, 186,  28,  27, 
[2026-04-03T03:03:51.596+0600][710.223s][info][gc,stats       ]     DSM: Parallel Mark         19771798 us, workers (us): 3295080, 3295613, 3295414, 3295190, 3295627, 3294875, 
[2026-04-03T03:03:51.596+0600][710.223s][info][gc,stats       ]     System Purge                   2732 us
[2026-04-03T03:03:51.596+0600][710.223s][info][gc,stats       ]       Weak References               441 us, parallelism: 1.10x
[2026-04-03T03:03:51.596+0600][710.223s][info][gc,stats       ]         WRP: <total>                485 us
[2026-04-03T03:03:51.596+0600][710.223s][info][gc,stats       ]         WRP: Weak References        485 us, workers (us): 222,  39,  40, 184,   0,   0, 
[2026-04-03T03:03:51.596+0600][710.223s][info][gc,stats       ]       Unload Classes               2033 us, parallelism: 5.01x
[2026-04-03T03:03:51.596+0600][710.223s][info][gc,stats       ]         DCU: <total>              10184 us
[2026-04-03T03:03:51.596+0600][710.223s][info][gc,stats       ]         DCU: Unload Code Caches    10184 us, workers (us): 1740, 1728, 1670, 1655, 1685, 1706, 
[2026-04-03T03:03:51.596+0600][710.223s][info][gc,stats       ]       Weak Roots                    244 us, parallelism: 2.14x
[2026-04-03T03:03:51.596+0600][710.223s][info][gc,stats       ]         DWR: <total>                520 us
[2026-04-03T03:03:51.596+0600][710.223s][info][gc,stats       ]         DWR: VM Weak Roots          520 us, workers (us): 174, 156, 119,  39,  16,  16, 
[2026-04-03T03:03:51.596+0600][710.223s][info][gc,stats       ]       CLDG                            3 us
[2026-04-03T03:03:51.596+0600][710.223s][info][gc,stats       ]   Update Region States               37 us
[2026-04-03T03:03:51.596+0600][710.223s][info][gc,stats       ]   Manage GC/TLABs                    36 us
[2026-04-03T03:03:51.596+0600][710.223s][info][gc,stats       ]   Choose Collection Set             270 us
[2026-04-03T03:03:51.596+0600][710.223s][info][gc,stats       ]   Rebuild Free Set                   57 us
[2026-04-03T03:03:51.596+0600][710.223s][info][gc,stats       ]   Evacuation                       7158 us
[2026-04-03T03:03:51.596+0600][710.223s][info][gc,stats       ]   Pre Heap Dump                       2 us
[2026-04-03T03:03:51.596+0600][710.223s][info][gc,stats       ]   Prepare                          3413 us
[2026-04-03T03:03:51.596+0600][710.223s][info][gc,stats       ]     Update Roots                   2244 us, parallelism: 5.28x
[2026-04-03T03:03:51.596+0600][710.223s][info][gc,stats       ]       FU: <total>                 11836 us
[2026-04-03T03:03:51.596+0600][710.223s][info][gc,stats       ]       FU: Thread Roots              799 us, workers (us): 121, 317,  42,  95, 127,  97, 
[2026-04-03T03:03:51.596+0600][710.223s][info][gc,stats       ]       FU: Code Cache Roots         8944 us, workers (us): 1451, 1359, 1611, 1465, 1514, 1544, 
[2026-04-03T03:03:51.596+0600][710.223s][info][gc,stats       ]       FU: VM Strong Roots            29 us, workers (us):  16,   8,   1,   1,   1,   1, 
[2026-04-03T03:03:51.596+0600][710.223s][info][gc,stats       ]       FU: VM Weak Roots            1105 us, workers (us): 255, 255, 191, 151, 124, 129, 
[2026-04-03T03:03:51.596+0600][710.223s][info][gc,stats       ]       FU: CLDG Roots                959 us, workers (us): 198, 132, 141, 229, 132, 128, 
[2026-04-03T03:03:51.596+0600][710.223s][info][gc,stats       ]   Mark                          4277448 us, parallelism: 6.00x
[2026-04-03T03:03:51.596+0600][710.223s][info][gc,stats       ]     FM: <total>                25644717 us
[2026-04-03T03:03:51.596+0600][710.223s][info][gc,stats       ]     FM: Thread Roots                886 us, workers (us): 216, 285, 171,  90,  62,  62, 
[2026-04-03T03:03:51.596+0600][710.223s][info][gc,stats       ]     FM: VM Strong Roots              31 us, workers (us):   0,   0,   1,  10,  11,   9, 
[2026-04-03T03:03:51.596+0600][710.223s][info][gc,stats       ]     FM: CLDG Roots                  361 us, workers (us): 172,  26,  27,  46,  45,  45, 
[2026-04-03T03:03:51.596+0600][710.223s][info][gc,stats       ]     FM: Parallel Mark          25643439 us, workers (us): 4273798, 4273848, 4274036, 4273805, 4273903, 4274050, 
[2026-04-03T03:03:51.596+0600][710.223s][info][gc,stats       ]     System Purge                   2190 us
[2026-04-03T03:03:51.596+0600][710.223s][info][gc,stats       ]       Weak References               346 us, parallelism: 1.07x
[2026-04-03T03:03:51.596+0600][710.223s][info][gc,stats       ]         WRP: <total>                371 us
[2026-04-03T03:03:51.597+0600][710.223s][info][gc,stats       ]         WRP: Weak References        371 us, workers (us): 204, 100,  36,  29,   1,   0, 
[2026-04-03T03:03:51.597+0600][710.223s][info][gc,stats       ]       Unload Classes               1559 us, parallelism: 5.35x
[2026-04-03T03:03:51.597+0600][710.223s][info][gc,stats       ]         CU: <total>                8345 us
[2026-04-03T03:03:51.597+0600][710.223s][info][gc,stats       ]         CU: Unload Code Caches     8345 us, workers (us): 1427, 1433, 1389, 1389, 1355, 1352, 
[2026-04-03T03:03:51.597+0600][710.223s][info][gc,stats       ]       Weak Roots                    270 us, parallelism: 3.40x
[2026-04-03T03:03:51.597+0600][710.223s][info][gc,stats       ]         WR: <total>                 917 us
[2026-04-03T03:03:51.597+0600][710.223s][info][gc,stats       ]         WR: VM Weak Roots           917 us, workers (us): 185, 186, 183, 143, 135,  86, 
[2026-04-03T03:03:51.597+0600][710.223s][info][gc,stats       ]       CLDG                            2 us
[2026-04-03T03:03:51.597+0600][710.223s][info][gc,stats       ]   Calculate Addresses             84133 us
[2026-04-03T03:03:51.597+0600][710.223s][info][gc,stats       ]     Regular Objects               84027 us
[2026-04-03T03:03:51.597+0600][710.223s][info][gc,stats       ]     Humongous Objects                31 us
[2026-04-03T03:03:51.597+0600][710.223s][info][gc,stats       ]   Adjust Pointers                 99985 us
[2026-04-03T03:03:51.597+0600][710.223s][info][gc,stats       ]     FA: <total>                    7685 us
[2026-04-03T03:03:51.597+0600][710.223s][info][gc,stats       ]     FA: Thread Roots                569 us, workers (us):  36, 167,  24,  82, 129, 130, 
[2026-04-03T03:03:51.597+0600][710.223s][info][gc,stats       ]     FA: Code Cache Roots           5797 us, workers (us): 1051, 838, 996, 1004, 953, 955, 
[2026-04-03T03:03:51.597+0600][710.223s][info][gc,stats       ]     FA: VM Strong Roots              21 us, workers (us):  10,   9,   1,   1,   0,   1, 
[2026-04-03T03:03:51.597+0600][710.223s][info][gc,stats       ]     FA: VM Weak Roots               681 us, workers (us): 143, 143, 127, 106,  98,  64, 
[2026-04-03T03:03:51.597+0600][710.223s][info][gc,stats       ]     FA: CLDG Roots                  618 us, workers (us):  73, 179, 141,  72,  71,  81, 
[2026-04-03T03:03:51.597+0600][710.223s][info][gc,stats       ]   Copy Objects                    92836 us
[2026-04-03T03:03:51.597+0600][710.223s][info][gc,stats       ]     Regular Objects               91995 us
[2026-04-03T03:03:51.597+0600][710.223s][info][gc,stats       ]     Humongous Objects                20 us
[2026-04-03T03:03:51.597+0600][710.223s][info][gc,stats       ]     Reset Complete Bitmap           664 us
[2026-04-03T03:03:51.597+0600][710.223s][info][gc,stats       ]     Rebuild Region Sets             156 us
[2026-04-03T03:03:51.597+0600][710.223s][info][gc,stats       ]   Post Heap Dump                      1 us
[2026-04-03T03:03:51.597+0600][710.223s][info][gc,stats       ] 
[2026-04-03T03:03:51.597+0600][710.223s][info][gc,stats       ] Allocation pacing accrued:
[2026-04-03T03:03:51.597+0600][710.223s][info][gc,stats       ]       0 of  7869 ms (  0.0%): <total>
[2026-04-03T03:03:51.597+0600][710.223s][info][gc,stats       ]       0 of  7869 ms (  0.0%): <average total>
[2026-04-03T03:03:51.597+0600][710.223s][info][gc,stats       ] 
[2026-04-03T03:03:51.597+0600][710.223s][info][gc             ] Failed to allocate TLAB, 2656B
[2026-04-03T03:03:51.597+0600][710.223s][info][gc             ] Cancelling GC: Allocation Failure
[2026-04-03T03:03:51.597+0600][710.223s][info][gc,metaspace   ] Metaspace: 49694K(50048K)->49703K(50048K) NonClass: 43488K(43712K)->43495K(43712K) Class: 6206K(6336K)->6207K(6336K)
[2026-04-03T03:03:51.597+0600][710.223s][info][gc,ergo        ] Pacer for Idle. Initial: 10240K, Alloc Tax Rate: 1.0x
[2026-04-03T03:03:51.598+0600][710.224s][info][gc             ] Trigger: Handle Allocation Failure
[2026-04-03T03:03:51.598+0600][710.224s][info][gc,ergo        ] Free: 0B, Max: 0B regular, 0B humongous, Frag: 0% external, 0% internal; Reserve: 14336K, Max: 256K
[2026-04-03T03:03:51.598+0600][710.224s][info][gc,start       ] GC(105) Pause Degenerated GC (Outside of Cycle)
[2026-04-03T03:03:51.598+0600][710.224s][info][gc,task        ] GC(105) Using 6 of 6 workers for stw degenerated gc
[2026-04-03T03:03:51.598+0600][710.225s][info][gc,ref         ] GC(105) Clearing All SoftReferences
[2026-04-03T03:03:55.782+0600][714.409s][info][gc,ref         ] GC(105) Encountered references: Soft: 2446, Weak: 2764, Final: 74, Phantom: 586
[2026-04-03T03:03:55.783+0600][714.409s][info][gc,ref         ] GC(105) Discovered  references: Soft: 240, Weak: 1493, Final: 74, Phantom: 582
[2026-04-03T03:03:55.783+0600][714.409s][info][gc,ref         ] GC(105) Enqueued    references: Soft: 0, Weak: 0, Final: 0, Phantom: 0
[2026-04-03T03:03:55.785+0600][714.411s][info][gc,ergo        ] GC(105) Adaptive CSet Selection. Target Free: 72533K, Actual Free: 14336K, Max CSet: 21333K, Min Garbage: 58197K
[2026-04-03T03:03:55.785+0600][714.411s][info][gc,ergo        ] GC(105) Collectable Garbage: 132K (100%), Immediate: 0B (0%), CSet: 132K (100%)
[2026-04-03T03:03:55.789+0600][714.415s][info][gc             ] GC(105) Cancelling GC: Allocation Failure During Evacuation
[2026-04-03T03:03:55.790+0600][714.417s][info][gc             ] GC(105) Cannot finish degeneration, upgrading to Full GC
[2026-04-03T03:03:55.793+0600][714.420s][info][gc,phases,start] GC(105) Phase 1: Mark live objects
[2026-04-03T03:03:55.793+0600][714.420s][info][gc,ref         ] GC(105) Clearing All SoftReferences
[2026-04-03T03:03:55.793+0600][714.420s][info][gc,ref         ] GC(105) Clearing All SoftReferences
[2026-04-03T03:04:00.095+0600][718.722s][info][gc,ref         ] GC(105) Encountered references: Soft: 2446, Weak: 2764, Final: 74, Phantom: 586
[2026-04-03T03:04:00.095+0600][718.722s][info][gc,ref         ] GC(105) Discovered  references: Soft: 237, Weak: 1463, Final: 74, Phantom: 582
[2026-04-03T03:04:00.095+0600][718.722s][info][gc,ref         ] GC(105) Enqueued    references: Soft: 0, Weak: 0, Final: 0, Phantom: 0
[2026-04-03T03:04:00.097+0600][718.724s][info][gc,phases      ] GC(105) Phase 1: Mark live objects 4304.004ms
[2026-04-03T03:04:00.097+0600][718.724s][info][gc,phases,start] GC(105) Phase 2: Compute new object addresses
[2026-04-03T03:04:00.187+0600][718.814s][info][gc,phases      ] GC(105) Phase 2: Compute new object addresses 89.888ms
[2026-04-03T03:04:00.187+0600][718.814s][info][gc,phases,start] GC(105) Phase 3: Adjust pointers
[2026-04-03T03:04:00.287+0600][718.913s][info][gc,phases      ] GC(105) Phase 3: Adjust pointers 99.760ms
[2026-04-03T03:04:00.287+0600][718.914s][info][gc,phases,start] GC(105) Phase 4: Move objects
[2026-04-03T03:04:00.381+0600][719.007s][info][gc,phases      ] GC(105) Phase 4: Move objects 93.415ms
[2026-04-03T03:04:00.381+0600][719.007s][info][gc,ergo        ] GC(105) Bad progress for free space: 168K, need 5120K
[2026-04-03T03:04:00.381+0600][719.007s][info][gc             ] GC(105) Pause Degenerated GC (Outside of Cycle) 484M->484M(500M) 8782.778ms
[2026-04-03T03:04:00.381+0600][719.007s][info][gc,ergo        ] Free: 168K, Max: 71232B regular, 0B humongous, Frag: 0% external, 99% internal; Reserve: 14336K, Max: 256K
[2026-04-03T03:04:00.381+0600][719.007s][info][gc,stats       ] 
[2026-04-03T03:04:00.381+0600][719.007s][info][gc,stats       ] All times are wall-clock times, except per-root-class counters, that are sum over
[2026-04-03T03:04:00.381+0600][719.007s][info][gc,stats       ] all workers. Dividing the <total> over the root stage time estimates parallelism.
[2026-04-03T03:04:00.381+0600][719.007s][info][gc,stats       ] 
[2026-04-03T03:04:00.381+0600][719.007s][info][gc,stats       ] Pause Degenerated GC (G)        8782999 us
[2026-04-03T03:04:00.381+0600][719.007s][info][gc,stats       ] Pause Degenerated GC (N)        8782789 us
[2026-04-03T03:04:00.381+0600][719.007s][info][gc,stats       ]   Degen STW Mark                4183691 us, parallelism: 6.00x
[2026-04-03T03:04:00.381+0600][719.007s][info][gc,stats       ]     DSM: <total>               25095127 us
[2026-04-03T03:04:00.381+0600][719.007s][info][gc,stats       ]     DSM: Thread Roots               646 us, workers (us): 121, 120,  75, 169,  90,  71, 
[2026-04-03T03:04:00.381+0600][719.007s][info][gc,stats       ]     DSM: VM Strong Roots             18 us, workers (us):   0,   4,   4,   0,   5,   4, 
[2026-04-03T03:04:00.381+0600][719.007s][info][gc,stats       ]     DSM: CLDG Roots                 206 us, workers (us): 110,  26,  25,  14,   6,  25, 
[2026-04-03T03:04:00.381+0600][719.007s][info][gc,stats       ]     DSM: Parallel Mark         25094257 us, workers (us): 4182282, 4182375, 4182476, 4182289, 4182474, 4182361, 
[2026-04-03T03:04:00.381+0600][719.008s][info][gc,stats       ]     System Purge                   2468 us
[2026-04-03T03:04:00.381+0600][719.008s][info][gc,stats       ]       Weak References               570 us, parallelism: 0.77x
[2026-04-03T03:04:00.381+0600][719.008s][info][gc,stats       ]         WRP: <total>                441 us
[2026-04-03T03:04:00.381+0600][719.008s][info][gc,stats       ]         WRP: Weak References        441 us, workers (us): 279,  52, 110,   0,   0,   0, 
[2026-04-03T03:04:00.381+0600][719.008s][info][gc,stats       ]       Unload Classes               1638 us, parallelism: 4.70x
[2026-04-03T03:04:00.381+0600][719.008s][info][gc,stats       ]         DCU: <total>               7708 us
[2026-04-03T03:04:00.381+0600][719.008s][info][gc,stats       ]         DCU: Unload Code Caches     7708 us, workers (us): 1337, 1341, 1263, 1280, 1253, 1235, 
[2026-04-03T03:04:00.381+0600][719.008s][info][gc,stats       ]       Weak Roots                    248 us, parallelism: 2.19x
[2026-04-03T03:04:00.381+0600][719.008s][info][gc,stats       ]         DWR: <total>                544 us
[2026-04-03T03:04:00.381+0600][719.008s][info][gc,stats       ]         DWR: VM Weak Roots          544 us, workers (us): 188, 150,  66,  50,  50,  39, 
[2026-04-03T03:04:00.381+0600][719.008s][info][gc,stats       ]       CLDG                            2 us
[2026-04-03T03:04:00.381+0600][719.008s][info][gc,stats       ]   Update Region States               22 us
[2026-04-03T03:04:00.381+0600][719.008s][info][gc,stats       ]   Manage GC/TLABs                     8 us
[2026-04-03T03:04:00.381+0600][719.008s][info][gc,stats       ]   Choose Collection Set             179 us
[2026-04-03T03:04:00.381+0600][719.008s][info][gc,stats       ]   Rebuild Free Set                   49 us
[2026-04-03T03:04:00.381+0600][719.008s][info][gc,stats       ]   Evacuation                       5434 us
[2026-04-03T03:04:00.381+0600][719.008s][info][gc,stats       ]   Pre Heap Dump                       1 us
[2026-04-03T03:04:00.381+0600][719.008s][info][gc,stats       ]   Prepare                          2761 us
[2026-04-03T03:04:00.381+0600][719.008s][info][gc,stats       ]     Update Roots                   1741 us, parallelism: 5.18x
[2026-04-03T03:04:00.381+0600][719.008s][info][gc,stats       ]       FU: <total>                  9020 us
[2026-04-03T03:04:00.381+0600][719.008s][info][gc,stats       ]       FU: Thread Roots              617 us, workers (us):   5, 224, 101, 226,   3,  59, 
[2026-04-03T03:04:00.381+0600][719.008s][info][gc,stats       ]       FU: Code Cache Roots         7074 us, workers (us): 1286, 999, 1149, 1075, 1334, 1229, 
[2026-04-03T03:04:00.381+0600][719.008s][info][gc,stats       ]       FU: VM Strong Roots            15 us, workers (us):  11,   1,   1,   1,   1,   1, 
[2026-04-03T03:04:00.381+0600][719.008s][info][gc,stats       ]       FU: VM Weak Roots             686 us, workers (us): 180, 183, 175,  85,  32,  31, 
[2026-04-03T03:04:00.381+0600][719.008s][info][gc,stats       ]       FU: CLDG Roots                628 us, workers (us):  92, 147, 128,  86,  86,  88, 
[2026-04-03T03:04:00.381+0600][719.008s][info][gc,stats       ]   Mark                          4303941 us, parallelism: 6.00x
[2026-04-03T03:04:00.381+0600][719.008s][info][gc             ] Failed to allocate TLAB, 2656B
[2026-04-03T03:04:00.381+0600][719.008s][info][gc             ] Cancelling GC: Allocation Failure
[2026-04-03T03:04:00.381+0600][719.008s][info][gc,stats       ]     FM: <total>                25802547 us
[2026-04-03T03:04:00.381+0600][719.008s][info][gc,stats       ]     FM: Thread Roots                800 us, workers (us): 226, 187, 140, 117,  65,  65, 
[2026-04-03T03:04:00.381+0600][719.008s][info][gc,stats       ]     FM: VM Strong Roots              22 us, workers (us):   0,   0,   7,   0,   8,   6, 
[2026-04-03T03:04:00.382+0600][719.008s][info][gc,stats       ]     FM: CLDG Roots                  297 us, workers (us):  21, 149,  37,  22,  34,  34, 
[2026-04-03T03:04:00.382+0600][719.008s][info][gc,stats       ]     FM: Parallel Mark          25801428 us, workers (us): 4300241, 4300150, 4300173, 4300389, 4300349, 4300127, 
[2026-04-03T03:04:00.382+0600][719.008s][info][gc,stats       ]     System Purge                   2261 us
[2026-04-03T03:04:00.382+0600][719.008s][info][gc,stats       ]       Weak References               330 us, parallelism: 1.01x
[2026-04-03T03:04:00.382+0600][719.008s][info][gc,stats       ]         WRP: <total>                334 us
[2026-04-03T03:04:00.382+0600][719.008s][info][gc,stats       ]         WRP: Weak References        334 us, workers (us):  69, 178,  86,   0,   0,   0, 
[2026-04-03T03:04:00.382+0600][719.008s][info][gc,stats       ]       Unload Classes               1672 us, parallelism: 4.74x
[2026-04-03T03:04:00.382+0600][719.008s][info][gc,stats       ]         CU: <total>                7925 us
[2026-04-03T03:04:00.382+0600][719.008s][info][gc,stats       ]         CU: Unload Code Caches     7925 us, workers (us): 1361, 1357, 1358, 1310, 1275, 1263, 
[2026-04-03T03:04:00.382+0600][719.008s][info][gc,stats       ]       Weak Roots                    245 us, parallelism: 3.05x
[2026-04-03T03:04:00.382+0600][719.008s][info][gc,stats       ]         WR: <total>                 748 us
[2026-04-03T03:04:00.382+0600][719.008s][info][gc,stats       ]         WR: VM Weak Roots           748 us, workers (us): 198, 176, 122,  86,  83,  83, 
[2026-04-03T03:04:00.382+0600][719.008s][info][gc,stats       ]       CLDG                            2 us
[2026-04-03T03:04:00.382+0600][719.008s][info][gc,stats       ]   Calculate Addresses             89877 us
[2026-04-03T03:04:00.382+0600][719.008s][info][gc,stats       ]     Regular Objects               89774 us
[2026-04-03T03:04:00.382+0600][719.008s][info][gc,stats       ]     Humongous Objects                28 us
[2026-04-03T03:04:00.382+0600][719.008s][info][gc,stats       ]   Adjust Pointers                 99750 us
[2026-04-03T03:04:00.382+0600][719.008s][info][gc,stats       ]     FA: <total>                    7276 us
[2026-04-03T03:04:00.382+0600][719.008s][info][gc,stats       ]     FA: Thread Roots                518 us, workers (us): 187,  56, 115, 155,   2,   3, 
[2026-04-03T03:04:00.382+0600][719.008s][info][gc,stats       ]     FA: Code Cache Roots           5532 us, workers (us): 818, 943, 786, 847, 1128, 1009, 
[2026-04-03T03:04:00.382+0600][719.008s][info][gc,stats       ]     FA: VM Strong Roots              16 us, workers (us):  12,   1,   1,   1,   1,   1, 
[2026-04-03T03:04:00.382+0600][719.008s][info][gc,stats       ]     FA: VM Weak Roots               606 us, workers (us): 180, 168,  71,  71,  69,  47, 
[2026-04-03T03:04:00.382+0600][719.008s][info][gc,stats       ]     FA: CLDG Roots                  604 us, workers (us):  81,  71, 171,  66, 144,  72, 
[2026-04-03T03:04:00.382+0600][719.008s][info][gc,stats       ]   Copy Objects                    93403 us
[2026-04-03T03:04:00.382+0600][719.008s][info][gc,stats       ]     Regular Objects               92552 us
[2026-04-03T03:04:00.382+0600][719.008s][info][gc,stats       ]     Humongous Objects                20 us
[2026-04-03T03:04:00.382+0600][719.008s][info][gc,stats       ]     Reset Complete Bitmap           636 us
[2026-04-03T03:04:00.382+0600][719.008s][info][gc,stats       ]     Rebuild Region Sets             193 us
[2026-04-03T03:04:00.382+0600][719.008s][info][gc,stats       ]   Post Heap Dump                      1 us
[2026-04-03T03:04:00.382+0600][719.008s][info][gc,stats       ] 
[2026-04-03T03:04:00.382+0600][719.008s][info][gc,stats       ] Allocation pacing accrued:
[2026-04-03T03:04:00.382+0600][719.008s][info][gc,stats       ]       0 of  8785 ms (  0.0%): <total>
[2026-04-03T03:04:00.382+0600][719.008s][info][gc,stats       ]       0 of  8785 ms (  0.0%): <average total>
[2026-04-03T03:04:00.382+0600][719.008s][info][gc,stats       ] 
[2026-04-03T03:04:00.382+0600][719.008s][info][gc,metaspace   ] Metaspace: 49705K(50048K)->49706K(50048K) NonClass: 43498K(43712K)->43499K(43712K) Class: 6207K(6336K)->6207K(6336K)
[2026-04-03T03:04:00.382+0600][719.008s][info][gc,ergo        ] Pacer for Idle. Initial: 10240K, Alloc Tax Rate: 1.0x
[2026-04-03T03:04:00.383+0600][719.009s][info][gc             ] Trigger: Handle Allocation Failure
[2026-04-03T03:04:00.383+0600][719.009s][info][gc,ergo        ] Free: 0B, Max: 0B regular, 0B humongous, Frag: 0% external, 0% internal; Reserve: 14336K, Max: 256K
[2026-04-03T03:04:00.383+0600][719.009s][info][gc,start       ] GC(106) Pause Degenerated GC (Outside of Cycle)
[2026-04-03T03:04:00.383+0600][719.009s][info][gc,task        ] GC(106) Using 6 of 6 workers for stw degenerated gc
[2026-04-03T03:04:00.383+0600][719.010s][info][gc,ref         ] GC(106) Clearing All SoftReferences
[2026-04-03T03:04:04.716+0600][723.342s][info][gc,ref         ] GC(106) Encountered references: Soft: 2447, Weak: 2766, Final: 74, Phantom: 586
[2026-04-03T03:04:04.716+0600][723.343s][info][gc,ref         ] GC(106) Discovered  references: Soft: 244, Weak: 1530, Final: 58, Phantom: 582
[2026-04-03T03:04:04.716+0600][723.343s][info][gc,ref         ] GC(106) Enqueued    references: Soft: 2, Weak: 0, Final: 0, Phantom: 0
[2026-04-03T03:04:04.718+0600][723.345s][info][gc,ergo        ] GC(106) Adaptive CSet Selection. Target Free: 72533K, Actual Free: 14336K, Max CSet: 21333K, Min Garbage: 58197K
[2026-04-03T03:04:04.718+0600][723.345s][info][gc,ergo        ] GC(106) Collectable Garbage: 43280B (100%), Immediate: 0B (0%), CSet: 43280B (100%)
[2026-04-03T03:04:04.723+0600][723.349s][info][gc             ] GC(106) Cancelling GC: Allocation Failure During Evacuation
[2026-04-03T03:04:04.724+0600][723.350s][info][gc             ] GC(106) Cannot finish degeneration, upgrading to Full GC
[2026-04-03T03:04:04.727+0600][723.354s][info][gc,phases,start] GC(106) Phase 1: Mark live objects
[2026-04-03T03:04:04.727+0600][723.354s][info][gc,ref         ] GC(106) Clearing All SoftReferences
[2026-04-03T03:04:04.728+0600][723.354s][info][gc,ref         ] GC(106) Clearing All SoftReferences
[2026-04-03T03:04:08.171+0600][726.797s][info][gc,ref         ] GC(106) Encountered references: Soft: 2445, Weak: 2766, Final: 74, Phantom: 586
[2026-04-03T03:04:08.171+0600][726.798s][info][gc,ref         ] GC(106) Discovered  references: Soft: 238, Weak: 1480, Final: 67, Phantom: 581
[2026-04-03T03:04:08.171+0600][726.798s][info][gc,ref         ] GC(106) Enqueued    references: Soft: 0, Weak: 0, Final: 0, Phantom: 0
[2026-04-03T03:04:08.173+0600][726.799s][info][gc,phases      ] GC(106) Phase 1: Mark live objects 3445.503ms
[2026-04-03T03:04:08.173+0600][726.799s][info][gc,phases,start] GC(106) Phase 2: Compute new object addresses
[2026-04-03T03:04:08.258+0600][726.885s][info][gc,phases      ] GC(106) Phase 2: Compute new object addresses 85.250ms
[2026-04-03T03:04:08.258+0600][726.885s][info][gc,phases,start] GC(106) Phase 3: Adjust pointers
[2026-04-03T03:04:08.359+0600][726.985s][info][gc,phases      ] GC(106) Phase 3: Adjust pointers 100.537ms
[2026-04-03T03:04:08.359+0600][726.985s][info][gc,phases,start] GC(106) Phase 4: Move objects
[2026-04-03T03:04:08.453+0600][727.080s][info][gc,phases      ] GC(106) Phase 4: Move objects 94.590ms
[2026-04-03T03:04:08.454+0600][727.080s][info][gc,ergo        ] GC(106) Bad progress for free space: 79320B, need 5120K
[2026-04-03T03:04:08.454+0600][727.080s][info][gc             ] GC(106) Pause Degenerated GC (Outside of Cycle) 484M->484M(500M) 8070.555ms
[2026-04-03T03:04:08.454+0600][727.080s][info][gc,ergo        ] Free: 79320B, Max: 17840B regular, 0B humongous, Frag: 0% external, 99% internal; Reserve: 14336K, Max: 256K
[2026-04-03T03:04:08.454+0600][727.080s][info][gc,stats       ] 
[2026-04-03T03:04:08.454+0600][727.080s][info][gc,stats       ] All times are wall-clock times, except per-root-class counters, that are sum over
[2026-04-03T03:04:08.454+0600][727.080s][info][gc,stats       ] all workers. Dividing the <total> over the root stage time estimates parallelism.
[2026-04-03T03:04:08.454+0600][727.080s][info][gc,stats       ] 
[2026-04-03T03:04:08.454+0600][727.080s][info][gc,stats       ] Pause Degenerated GC (G)        8070782 us
[2026-04-03T03:04:08.454+0600][727.080s][info][gc,stats       ] Pause Degenerated GC (N)        8070576 us
[2026-04-03T03:04:08.454+0600][727.080s][info][gc,stats       ]   Degen STW Mark                4332476 us, parallelism: 6.00x
[2026-04-03T03:04:08.454+0600][727.080s][info][gc,stats       ]     DSM: <total>               25988346 us
[2026-04-03T03:04:08.454+0600][727.080s][info][gc,stats       ]     DSM: Thread Roots               616 us, workers (us): 125, 136, 170,  70,  59,  56, 
[2026-04-03T03:04:08.454+0600][727.080s][info][gc,stats       ]     DSM: VM Strong Roots             19 us, workers (us):   0,   4,   0,   6,   4,   5, 
[2026-04-03T03:04:08.454+0600][727.080s][info][gc,stats       ]     DSM: CLDG Roots                 252 us, workers (us): 132,  18,  15,  27,  29,  30, 
[2026-04-03T03:04:08.454+0600][727.080s][info][gc,stats       ]     DSM: Parallel Mark         25987460 us, workers (us): 4331115, 4331332, 4331203, 4331239, 4331328, 4331243, 
[2026-04-03T03:04:08.454+0600][727.080s][info][gc,stats       ]     System Purge                   2283 us
[2026-04-03T03:04:08.454+0600][727.080s][info][gc,stats       ]       Weak References               448 us, parallelism: 0.86x
[2026-04-03T03:04:08.454+0600][727.080s][info][gc,stats       ]         WRP: <total>                388 us
[2026-04-03T03:04:08.454+0600][727.080s][info][gc             ] Failed to allocate TLAB, 2648B
[2026-04-03T03:04:08.454+0600][727.080s][info][gc             ] Cancelling GC: Allocation Failure
[2026-04-03T03:04:08.454+0600][727.080s][info][gc,stats       ]         WRP: Weak References        388 us, workers (us): 166, 139,  29,  21,  31,   1, 
[2026-04-03T03:04:08.454+0600][727.080s][info][gc,stats       ]       Unload Classes               1592 us, parallelism: 5.03x
[2026-04-03T03:04:08.454+0600][727.080s][info][gc,stats       ]         DCU: <total>               8006 us
[2026-04-03T03:04:08.454+0600][727.080s][info][gc,stats       ]         DCU: Unload Code Caches     8006 us, workers (us): 1356, 1378, 1358, 1348, 1295, 1271, 
[2026-04-03T03:04:08.454+0600][727.080s][info][gc,stats       ]       Weak Roots                    230 us, parallelism: 2.19x
[2026-04-03T03:04:08.454+0600][727.080s][info][gc,stats       ]         DWR: <total>                503 us
[2026-04-03T03:04:08.454+0600][727.080s][info][gc,stats       ]         DWR: VM Weak Roots          503 us, workers (us): 188, 110, 103,  52,  25,  25, 
[2026-04-03T03:04:08.454+0600][727.080s][info][gc,stats       ]       CLDG                            3 us
[2026-04-03T03:04:08.454+0600][727.080s][info][gc,stats       ]   Update Region States               23 us
[2026-04-03T03:04:08.454+0600][727.080s][info][gc,stats       ]   Manage GC/TLABs                     9 us
[2026-04-03T03:04:08.454+0600][727.080s][info][gc,stats       ]   Choose Collection Set             179 us
[2026-04-03T03:04:08.454+0600][727.080s][info][gc,stats       ]   Rebuild Free Set                   40 us
[2026-04-03T03:04:08.454+0600][727.080s][info][gc,stats       ]   Evacuation                       5462 us
[2026-04-03T03:04:08.454+0600][727.080s][info][gc,stats       ]   Pre Heap Dump                       1 us
[2026-04-03T03:04:08.454+0600][727.080s][info][gc,stats       ]   Prepare                          3048 us
[2026-04-03T03:04:08.454+0600][727.080s][info][gc,stats       ]     Update Roots                   1990 us, parallelism: 4.50x
[2026-04-03T03:04:08.454+0600][727.080s][info][gc,stats       ]       FU: <total>                  8948 us
[2026-04-03T03:04:08.454+0600][727.081s][info][gc,stats       ]       FU: Thread Roots              599 us, workers (us): 212, 226,  63,   3,  28,  67, 
[2026-04-03T03:04:08.454+0600][727.081s][info][gc,stats       ]       FU: Code Cache Roots         7001 us, workers (us): 1024, 1005, 1174, 1458, 1214, 1126, 
[2026-04-03T03:04:08.454+0600][727.081s][info][gc,stats       ]       FU: VM Strong Roots            20 us, workers (us):  10,   7,   1,   1,   1,   1, 
[2026-04-03T03:04:08.454+0600][727.081s][info][gc,stats       ]       FU: VM Weak Roots             686 us, workers (us): 156, 156, 127,  96,  96,  55, 
[2026-04-03T03:04:08.454+0600][727.081s][info][gc,stats       ]       FU: CLDG Roots                641 us, workers (us):  85,  90,  83, 143,  85, 156, 
[2026-04-03T03:04:08.454+0600][727.081s][info][gc,stats       ]   Mark                          3445432 us, parallelism: 5.99x
[2026-04-03T03:04:08.454+0600][727.081s][info][gc,stats       ]     FM: <total>                20654230 us
[2026-04-03T03:04:08.454+0600][727.081s][info][gc,stats       ]     FM: Thread Roots                738 us, workers (us): 214, 189, 108,  95,  66,  65, 
[2026-04-03T03:04:08.454+0600][727.081s][info][gc,stats       ]     FM: VM Strong Roots              26 us, workers (us):   0,   6,   5,   3,   5,   7, 
[2026-04-03T03:04:08.454+0600][727.081s][info][gc,stats       ]     FM: CLDG Roots                  329 us, workers (us): 163,  36,  36,  20,  37,  37, 
[2026-04-03T03:04:08.454+0600][727.081s][info][gc,stats       ]     FM: Parallel Mark          20653137 us, workers (us): 3442158, 3442279, 3442241, 3442149, 3442024, 3442285, 
[2026-04-03T03:04:08.454+0600][727.081s][info][gc,stats       ]     System Purge                   2044 us
[2026-04-03T03:04:08.454+0600][727.081s][info][gc,stats       ]       Weak References               378 us, parallelism: 0.75x
[2026-04-03T03:04:08.454+0600][727.081s][info][gc,stats       ]         WRP: <total>                282 us
[2026-04-03T03:04:08.454+0600][727.081s][info][gc,stats       ]         WRP: Weak References        282 us, workers (us): 140,  28,  20,  12,  73,   8, 
[2026-04-03T03:04:08.454+0600][727.081s][info][gc,stats       ]       Unload Classes               1356 us, parallelism: 5.07x
[2026-04-03T03:04:08.454+0600][727.081s][info][gc,stats       ]         CU: <total>                6873 us
[2026-04-03T03:04:08.454+0600][727.081s][info][gc,stats       ]         CU: Unload Code Caches     6873 us, workers (us): 1176, 1166, 1182, 1121, 1114, 1115, 
[2026-04-03T03:04:08.454+0600][727.081s][info][gc,stats       ]       Weak Roots                    299 us, parallelism: 1.96x
[2026-04-03T03:04:08.454+0600][727.081s][info][gc,stats       ]         WR: <total>                 586 us
[2026-04-03T03:04:08.454+0600][727.081s][info][gc,stats       ]         WR: VM Weak Roots           586 us, workers (us): 169, 138,  86,  64,  65,  64, 
[2026-04-03T03:04:08.454+0600][727.081s][info][gc,stats       ]       CLDG                            2 us
[2026-04-03T03:04:08.454+0600][727.081s][info][gc,stats       ]   Calculate Addresses             85241 us
[2026-04-03T03:04:08.454+0600][727.081s][info][gc,stats       ]     Regular Objects               85135 us
[2026-04-03T03:04:08.454+0600][727.081s][info][gc,stats       ]     Humongous Objects                30 us
[2026-04-03T03:04:08.454+0600][727.081s][info][gc,stats       ]   Adjust Pointers                100525 us
[2026-04-03T03:04:08.454+0600][727.081s][info][gc,stats       ]     FA: <total>                    7839 us
[2026-04-03T03:04:08.454+0600][727.081s][info][gc,stats       ]     FA: Thread Roots                544 us, workers (us):  29, 202, 107, 123,   3,  81, 
[2026-04-03T03:04:08.454+0600][727.081s][info][gc,stats       ]     FA: Code Cache Roots           5952 us, workers (us): 1084, 908, 873, 989, 1135, 963, 
[2026-04-03T03:04:08.454+0600][727.081s][info][gc,stats       ]     FA: VM Strong Roots              23 us, workers (us):  11,   9,   1,   1,   0,   1, 
[2026-04-03T03:04:08.454+0600][727.081s][info][gc,stats       ]     FA: VM Weak Roots               670 us, workers (us): 153, 151,  95,  92,  93,  86, 
[2026-04-03T03:04:08.454+0600][727.081s][info][gc,stats       ]     FA: CLDG Roots                  650 us, workers (us):  73,  85, 204,  72,  74, 143, 
[2026-04-03T03:04:08.454+0600][727.081s][info][gc,stats       ]   Copy Objects                    94578 us
[2026-04-03T03:04:08.454+0600][727.081s][info][gc,stats       ]     Regular Objects               93753 us
[2026-04-03T03:04:08.454+0600][727.081s][info][gc,stats       ]     Humongous Objects                19 us
[2026-04-03T03:04:08.454+0600][727.081s][info][gc,stats       ]     Reset Complete Bitmap           625 us
[2026-04-03T03:04:08.454+0600][727.081s][info][gc,stats       ]     Rebuild Region Sets             179 us
[2026-04-03T03:04:08.454+0600][727.081s][info][gc,stats       ]   Post Heap Dump                      1 us
[2026-04-03T03:04:08.454+0600][727.081s][info][gc,stats       ] 
[2026-04-03T03:04:08.454+0600][727.081s][info][gc,stats       ] Allocation pacing accrued:
[2026-04-03T03:04:08.454+0600][727.081s][info][gc,stats       ]       0 of  8073 ms (  0.0%): <total>
[2026-04-03T03:04:08.454+0600][727.081s][info][gc,stats       ]       0 of  8073 ms (  0.0%): <average total>
[2026-04-03T03:04:08.454+0600][727.081s][info][gc,stats       ] 
[2026-04-03T03:04:08.455+0600][727.081s][info][gc,metaspace   ] Metaspace: 49706K(50048K)->49706K(50048K) NonClass: 43499K(43712K)->43499K(43712K) Class: 6207K(6336K)->6207K(6336K)
[2026-04-03T03:04:08.455+0600][727.081s][info][gc,ergo        ] Pacer for Idle. Initial: 10240K, Alloc Tax Rate: 1.0x
[2026-04-03T03:04:08.456+0600][727.082s][info][gc             ] Trigger: Handle Allocation Failure
[2026-04-03T03:04:08.456+0600][727.082s][info][gc,ergo        ] Free: 0B, Max: 0B regular, 0B humongous, Frag: 0% external, 0% internal; Reserve: 14336K, Max: 256K
[2026-04-03T03:04:08.456+0600][727.082s][info][gc,start       ] GC(107) Pause Full
[2026-04-03T03:04:08.456+0600][727.082s][info][gc,task        ] GC(107) Using 6 of 6 workers for full gc
[2026-04-03T03:04:08.456+0600][727.083s][info][gc,phases,start] GC(107) Phase 1: Mark live objects
[2026-04-03T03:04:08.456+0600][727.083s][info][gc,ref         ] GC(107) Clearing All SoftReferences
[2026-04-03T03:04:08.456+0600][727.083s][info][gc,ref         ] GC(107) Clearing All SoftReferences
[2026-04-03T03:04:12.422+0600][731.049s][info][gc,ref         ] GC(107) Encountered references: Soft: 2445, Weak: 2766, Final: 74, Phantom: 586
[2026-04-03T03:04:12.423+0600][731.049s][info][gc,ref         ] GC(107) Discovered  references: Soft: 241, Weak: 1463, Final: 43, Phantom: 579
[2026-04-03T03:04:12.423+0600][731.049s][info][gc,ref         ] GC(107) Enqueued    references: Soft: 0, Weak: 1, Final: 0, Phantom: 0
[2026-04-03T03:04:12.424+0600][731.051s][info][gc,phases      ] GC(107) Phase 1: Mark live objects 3968.096ms
[2026-04-03T03:04:12.424+0600][731.051s][info][gc,phases,start] GC(107) Phase 2: Compute new object addresses
[2026-04-03T03:04:12.513+0600][731.139s][info][gc,phases      ] GC(107) Phase 2: Compute new object addresses 88.136ms
[2026-04-03T03:04:12.513+0600][731.139s][info][gc,phases,start] GC(107) Phase 3: Adjust pointers
[2026-04-03T03:04:12.619+0600][731.245s][info][gc,phases      ] GC(107) Phase 3: Adjust pointers 106.458ms
[2026-04-03T03:04:12.619+0600][731.245s][info][gc,phases,start] GC(107) Phase 4: Move objects
[2026-04-03T03:04:12.703+0600][731.329s][info][gc,phases      ] GC(107) Phase 4: Move objects 83.681ms
[2026-04-03T03:04:12.703+0600][731.329s][info][gc,ergo        ] GC(107) Bad progress for free space: 51544B, need 5120K
[2026-04-03T03:04:12.703+0600][731.329s][info][gc             ] GC(107) Pause Full 484M->484M(500M) 4247.062ms
[2026-04-03T03:04:12.703+0600][731.329s][info][gc,ergo        ] Free: 51544B, Max: 6624B regular, 0B humongous, Frag: 0% external, 99% internal; Reserve: 14336K, Max: 256K
[2026-04-03T03:04:12.703+0600][731.330s][info][gc,stats       ] 
[2026-04-03T03:04:12.703+0600][731.330s][info][gc,stats       ] All times are wall-clock times, except per-root-class counters, that are sum over
[2026-04-03T03:04:12.703+0600][731.330s][info][gc,stats       ] all workers. Dividing the <total> over the root stage time estimates parallelism.
[2026-04-03T03:04:12.703+0600][731.330s][info][gc,stats       ] 
[2026-04-03T03:04:12.703+0600][731.330s][info][gc,stats       ] Pause Full GC (G)               4247261 us
[2026-04-03T03:04:12.703+0600][731.330s][info][gc,stats       ] Pause Full GC (N)               4247072 us
[2026-04-03T03:04:12.703+0600][731.330s][info][gc,stats       ]   Pre Heap Dump                       1 us
[2026-04-03T03:04:12.703+0600][731.330s][info][gc,stats       ]   Prepare                           248 us
[2026-04-03T03:04:12.703+0600][731.330s][info][gc,stats       ]   Mark                          3968083 us, parallelism: 6.00x
[2026-04-03T03:04:12.703+0600][731.330s][info][gc,stats       ]     FM: <total>                23789341 us
[2026-04-03T03:04:12.703+0600][731.330s][info][gc             ] Failed to allocate TLAB, 2656B
[2026-04-03T03:04:12.703+0600][731.330s][info][gc             ] Cancelling GC: Allocation Failure
[2026-04-03T03:04:12.703+0600][731.330s][info][gc,stats       ]     FM: Thread Roots                584 us, workers (us): 164, 126, 118,  66,  58,  52, 
[2026-04-03T03:04:12.703+0600][731.330s][info][gc,stats       ]     FM: VM Strong Roots              16 us, workers (us):   0,   5,   0,   6,   4,   0, 
[2026-04-03T03:04:12.703+0600][731.330s][info][gc,stats       ]     FM: CLDG Roots                  263 us, workers (us):   7,  28,  13,  27,  28, 160, 
[2026-04-03T03:04:12.703+0600][731.330s][info][gc,stats       ]     FM: Parallel Mark          23788478 us, workers (us): 3964636, 3964751, 3964895, 3964759, 3964673, 3964763, 
[2026-04-03T03:04:12.703+0600][731.330s][info][gc,stats       ]     System Purge                   2220 us
[2026-04-03T03:04:12.703+0600][731.330s][info][gc,stats       ]       Weak References               483 us, parallelism: 0.84x
[2026-04-03T03:04:12.703+0600][731.330s][info][gc,stats       ]         WRP: <total>                405 us
[2026-04-03T03:04:12.703+0600][731.330s][info][gc,stats       ]         WRP: Weak References        405 us, workers (us):  76,  53,  61, 214,   0,   0, 
[2026-04-03T03:04:12.703+0600][731.330s][info][gc,stats       ]       Unload Classes               1512 us, parallelism: 5.00x
[2026-04-03T03:04:12.703+0600][731.330s][info][gc,stats       ]         CU: <total>                7564 us
[2026-04-03T03:04:12.703+0600][731.330s][info][gc,stats       ]         CU: Unload Code Caches     7564 us, workers (us): 1282, 1282, 1283, 1263, 1224, 1230, 
[2026-04-03T03:04:12.703+0600][731.330s][info][gc,stats       ]       Weak Roots                    202 us, parallelism: 3.04x
[2026-04-03T03:04:12.703+0600][731.330s][info][gc,stats       ]         WR: <total>                 613 us
[2026-04-03T03:04:12.703+0600][731.330s][info][gc,stats       ]         WR: VM Weak Roots           613 us, workers (us): 167, 153,  88,  85,  85,  35, 
[2026-04-03T03:04:12.703+0600][731.330s][info][gc,stats       ]       CLDG                            5 us
[2026-04-03T03:04:12.703+0600][731.330s][info][gc,stats       ]   Calculate Addresses             88126 us
[2026-04-03T03:04:12.703+0600][731.330s][info][gc,stats       ]     Regular Objects               88035 us
[2026-04-03T03:04:12.703+0600][731.330s][info][gc,stats       ]     Humongous Objects                27 us
[2026-04-03T03:04:12.704+0600][731.330s][info][gc,stats       ]   Adjust Pointers                106448 us
[2026-04-03T03:04:12.704+0600][731.330s][info][gc,stats       ]     FA: <total>                    7353 us
[2026-04-03T03:04:12.704+0600][731.330s][info][gc,stats       ]     FA: Thread Roots                454 us, workers (us):  94, 250,   2,  77,   2,  27, 
[2026-04-03T03:04:12.704+0600][731.330s][info][gc,stats       ]     FA: Code Cache Roots           5682 us, workers (us): 922, 767, 1124, 953, 1033, 883, 
[2026-04-03T03:04:12.704+0600][731.330s][info][gc,stats       ]     FA: VM Strong Roots              20 us, workers (us):   9,   5,   4,   1,   1,   1, 
[2026-04-03T03:04:12.704+0600][731.330s][info][gc,stats       ]     FA: VM Weak Roots               632 us, workers (us): 153, 153, 156,  74,  74,  23, 
[2026-04-03T03:04:12.704+0600][731.330s][info][gc,stats       ]     FA: CLDG Roots                  565 us, workers (us):  59,  61, 130,  59,  70, 186, 
[2026-04-03T03:04:12.704+0600][731.330s][info][gc,stats       ]   Copy Objects                    83669 us
[2026-04-03T03:04:12.704+0600][731.330s][info][gc,stats       ]     Regular Objects               82750 us
[2026-04-03T03:04:12.704+0600][731.330s][info][gc,stats       ]     Humongous Objects                21 us
[2026-04-03T03:04:12.704+0600][731.330s][info][gc,stats       ]     Reset Complete Bitmap           695 us
[2026-04-03T03:04:12.704+0600][731.330s][info][gc,stats       ]     Rebuild Region Sets             201 us
[2026-04-03T03:04:12.704+0600][731.330s][info][gc,stats       ]   Post Heap Dump                      1 us
[2026-04-03T03:04:12.704+0600][731.330s][info][gc,stats       ] 
[2026-04-03T03:04:12.704+0600][731.330s][info][gc,stats       ] Allocation pacing accrued:
[2026-04-03T03:04:12.704+0600][731.330s][info][gc,stats       ]       0 of  4249 ms (  0.0%): <total>
[2026-04-03T03:04:12.704+0600][731.330s][info][gc,stats       ]       0 of  4249 ms (  0.0%): <average total>
[2026-04-03T03:04:12.704+0600][731.330s][info][gc,stats       ] 
[2026-04-03T03:04:12.704+0600][731.330s][info][gc,metaspace   ] Metaspace: 49706K(50048K)->49707K(50048K) NonClass: 43499K(43712K)->43500K(43712K) Class: 6207K(6336K)->6207K(6336K)
[2026-04-03T03:04:12.704+0600][731.330s][info][gc,ergo        ] Pacer for Idle. Initial: 10240K, Alloc Tax Rate: 1.0x
[2026-04-03T03:04:12.706+0600][731.332s][info][gc             ] Trigger: Handle Allocation Failure
[2026-04-03T03:04:12.706+0600][731.332s][info][gc,ergo        ] Free: 0B, Max: 0B regular, 0B humongous, Frag: 0% external, 0% internal; Reserve: 14336K, Max: 256K
[2026-04-03T03:04:12.706+0600][731.332s][info][gc,start       ] GC(108) Pause Degenerated GC (Outside of Cycle)
[2026-04-03T03:04:12.706+0600][731.332s][info][gc,task        ] GC(108) Using 6 of 6 workers for stw degenerated gc
[2026-04-03T03:04:12.706+0600][731.333s][info][gc,ref         ] GC(108) Clearing All SoftReferences
[2026-04-03T03:04:16.571+0600][735.197s][info][gc,ref         ] GC(108) Encountered references: Soft: 2445, Weak: 2765, Final: 74, Phantom: 586
[2026-04-03T03:04:16.571+0600][735.197s][info][gc,ref         ] GC(108) Discovered  references: Soft: 249, Weak: 1793, Final: 74, Phantom: 582
[2026-04-03T03:04:16.571+0600][735.197s][info][gc,ref         ] GC(108) Enqueued    references: Soft: 0, Weak: 0, Final: 0, Phantom: 0
[2026-04-03T03:04:16.572+0600][735.199s][info][gc,ergo        ] GC(108) Adaptive CSet Selection. Target Free: 72533K, Actual Free: 14336K, Max CSet: 21333K, Min Garbage: 58197K
[2026-04-03T03:04:16.573+0600][735.199s][info][gc,ergo        ] GC(108) Collectable Garbage: 23416B (100%), Immediate: 0B (0%), CSet: 23416B (100%)
[2026-04-03T03:04:16.577+0600][735.203s][info][gc             ] GC(108) Cancelling GC: Allocation Failure During Evacuation
[2026-04-03T03:04:16.578+0600][735.205s][info][gc             ] GC(108) Cannot finish degeneration, upgrading to Full GC
[2026-04-03T03:04:16.581+0600][735.207s][info][gc,phases,start] GC(108) Phase 1: Mark live objects
[2026-04-03T03:04:16.581+0600][735.208s][info][gc,ref         ] GC(108) Clearing All SoftReferences
[2026-04-03T03:04:16.581+0600][735.208s][info][gc,ref         ] GC(108) Clearing All SoftReferences
[2026-04-03T03:04:20.606+0600][739.232s][info][gc,ref         ] GC(108) Encountered references: Soft: 2445, Weak: 2765, Final: 74, Phantom: 586
[2026-04-03T03:04:20.606+0600][739.232s][info][gc,ref         ] GC(108) Discovered  references: Soft: 236, Weak: 1477, Final: 74, Phantom: 581
[2026-04-03T03:04:20.606+0600][739.232s][info][gc,ref         ] GC(108) Enqueued    references: Soft: 0, Weak: 0, Final: 0, Phantom: 0
[2026-04-03T03:04:20.608+0600][739.234s][info][gc,phases      ] GC(108) Phase 1: Mark live objects 4026.402ms
[2026-04-03T03:04:20.608+0600][739.234s][info][gc,phases,start] GC(108) Phase 2: Compute new object addresses
[2026-04-03T03:04:20.693+0600][739.320s][info][gc,phases      ] GC(108) Phase 2: Compute new object addresses 85.559ms
[2026-04-03T03:04:20.693+0600][739.320s][info][gc,phases,start] GC(108) Phase 3: Adjust pointers
[2026-04-03T03:04:20.798+0600][739.425s][info][gc,phases      ] GC(108) Phase 3: Adjust pointers 105.236ms
[2026-04-03T03:04:20.799+0600][739.425s][info][gc,phases,start] GC(108) Phase 4: Move objects
[2026-04-03T03:04:20.891+0600][739.517s][info][gc,phases      ] GC(108) Phase 4: Move objects 92.334ms
[2026-04-03T03:04:20.891+0600][739.517s][info][gc,ergo        ] GC(108) Bad progress for free space: 311K, need 5120K
[2026-04-03T03:04:20.891+0600][739.517s][info][gc             ] GC(108) Pause Degenerated GC (Outside of Cycle) 484M->484M(500M) 8185.106ms
[2026-04-03T03:04:20.891+0600][739.518s][info][gc,ergo        ] Free: 311K, Max: 137K regular, 0B humongous, Frag: 0% external, 99% internal; Reserve: 14080K, Max: 256K
[2026-04-03T03:04:20.891+0600][739.518s][info][gc,stats       ] 
[2026-04-03T03:04:20.891+0600][739.518s][info][gc,stats       ] All times are wall-clock times, except per-root-class counters, that are sum over
[2026-04-03T03:04:20.891+0600][739.518s][info][gc,stats       ] all workers. Dividing the <total> over the root stage time estimates parallelism.
[2026-04-03T03:04:20.891+0600][739.518s][info][gc,stats       ] 
[2026-04-03T03:04:20.891+0600][739.518s][info][gc,stats       ] Pause Degenerated GC (G)        8185401 us
[2026-04-03T03:04:20.891+0600][739.518s][info][gc,stats       ] Pause Degenerated GC (N)        8185115 us
[2026-04-03T03:04:20.891+0600][739.518s][info][gc,stats       ]   Degen STW Mark                3863988 us, parallelism: 6.00x
[2026-04-03T03:04:20.891+0600][739.518s][info][gc,stats       ]     DSM: <total>               23176953 us
[2026-04-03T03:04:20.891+0600][739.518s][info][gc,stats       ]     DSM: Thread Roots               725 us, workers (us): 162, 162,  92, 118,  99,  92, 
[2026-04-03T03:04:20.891+0600][739.518s][info][gc,stats       ]     DSM: VM Strong Roots             18 us, workers (us):   0,   5,   4,   0,   4,   4, 
[2026-04-03T03:04:20.891+0600][739.518s][info][gc,stats       ]     DSM: CLDG Roots                 211 us, workers (us): 118,  22,  27,   5,  18,  22, 
[2026-04-03T03:04:20.891+0600][739.518s][info][gc,stats       ]     DSM: Parallel Mark         23175999 us, workers (us): 3862692, 3862777, 3862713, 3862598, 3862703, 3862517, 
[2026-04-03T03:04:20.891+0600][739.518s][info][gc,stats       ]     System Purge                   2115 us
[2026-04-03T03:04:20.891+0600][739.518s][info][gc,stats       ]       Weak References               455 us, parallelism: 1.03x
[2026-04-03T03:04:20.891+0600][739.518s][info][gc,stats       ]         WRP: <total>                469 us
[2026-04-03T03:04:20.892+0600][739.518s][info][gc,stats       ]         WRP: Weak References        469 us, workers (us): 173, 293,   2,   1,   1,   0, 
[2026-04-03T03:04:20.892+0600][739.518s][info][gc,stats       ]       Unload Classes               1458 us, parallelism: 5.31x
[2026-04-03T03:04:20.892+0600][739.518s][info][gc,stats       ]         DCU: <total>               7735 us
[2026-04-03T03:04:20.892+0600][739.518s][info][gc,stats       ]         DCU: Unload Code Caches     7735 us, workers (us): 1322, 1330, 1285, 1288, 1250, 1259, 
[2026-04-03T03:04:20.892+0600][739.518s][info][gc,stats       ]       Weak Roots                    188 us, parallelism: 3.23x
[2026-04-03T03:04:20.892+0600][739.518s][info][gc,stats       ]         DWR: <total>                607 us
[2026-04-03T03:04:20.892+0600][739.518s][info][gc,stats       ]         DWR: VM Weak Roots          607 us, workers (us): 150, 149, 150,  74,  55,  30, 
[2026-04-03T03:04:20.892+0600][739.518s][info][gc,stats       ]       CLDG                            3 us
[2026-04-03T03:04:20.892+0600][739.518s][info][gc,stats       ]   Update Region States               41 us
[2026-04-03T03:04:20.892+0600][739.518s][info][gc,stats       ]   Manage GC/TLABs                     7 us
[2026-04-03T03:04:20.892+0600][739.518s][info][gc,stats       ]   Choose Collection Set             179 us
[2026-04-03T03:04:20.892+0600][739.518s][info][gc,stats       ]   Rebuild Free Set                   40 us
[2026-04-03T03:04:20.892+0600][739.518s][info][gc,stats       ]   Evacuation                       5497 us
[2026-04-03T03:04:20.892+0600][739.518s][info][gc,stats       ]   Pre Heap Dump                       1 us
[2026-04-03T03:04:20.892+0600][739.518s][info][gc,stats       ]   Prepare                          2684 us
[2026-04-03T03:04:20.892+0600][739.518s][info][gc,stats       ]     Update Roots                   1763 us, parallelism: 4.95x
[2026-04-03T03:04:20.892+0600][739.518s][info][gc,stats       ]       FU: <total>                  8724 us
[2026-04-03T03:04:20.892+0600][739.518s][info][gc,stats       ]       FU: Thread Roots              584 us, workers (us): 122, 207,   3,  37,  21, 194, 
[2026-04-03T03:04:20.892+0600][739.518s][info][gc,stats       ]       FU: Code Cache Roots         6613 us, workers (us): 1119, 984, 1251, 1079, 1183, 997, 
[2026-04-03T03:04:20.892+0600][739.518s][info][gc,stats       ]       FU: VM Strong Roots            18 us, workers (us):   8,   6,   1,   1,   1,   1, 
[2026-04-03T03:04:20.892+0600][739.518s][info][gc,stats       ]       FU: VM Weak Roots             841 us, workers (us): 218, 219, 108, 110,  94,  92, 
[2026-04-03T03:04:20.892+0600][739.518s][info][gc,stats       ]       FU: CLDG Roots                668 us, workers (us):  88,  91,  87, 179, 134,  90, 
[2026-04-03T03:04:20.892+0600][739.518s][info][gc,stats       ]   Mark                          4026313 us, parallelism: 6.00x
[2026-04-03T03:04:20.892+0600][739.518s][info][gc,stats       ]     FM: <total>                24138492 us
[2026-04-03T03:04:20.892+0600][739.518s][info][gc,stats       ]     FM: Thread Roots                772 us, workers (us): 188, 194, 126, 102,  94,  68, 
[2026-04-03T03:04:20.892+0600][739.518s][info][gc,stats       ]     FM: VM Strong Roots              23 us, workers (us):   0,   0,   7,   8,   0,   7, 
[2026-04-03T03:04:20.892+0600][739.518s][info][gc,stats       ]     FM: CLDG Roots                  284 us, workers (us): 159,   8,  28,  33,  21,  35, 
[2026-04-03T03:04:20.892+0600][739.518s][info][gc,stats       ]     FM: Parallel Mark          24137412 us, workers (us): 4022792, 4022849, 4022994, 4022885, 4022899, 4022994, 
[2026-04-03T03:04:20.892+0600][739.518s][info][gc,stats       ]     System Purge                   2142 us
[2026-04-03T03:04:20.892+0600][739.518s][info][gc,stats       ]       Weak References               371 us, parallelism: 1.08x
[2026-04-03T03:04:20.892+0600][739.518s][info][gc,stats       ]         WRP: <total>                400 us
[2026-04-03T03:04:20.892+0600][739.518s][info][gc,stats       ]         WRP: Weak References        400 us, workers (us): 238, 108,  36,  18,   0,   0, 
[2026-04-03T03:04:20.892+0600][739.518s][info][gc,stats       ]       Unload Classes               1520 us, parallelism: 5.14x
[2026-04-03T03:04:20.892+0600][739.518s][info][gc,stats       ]         CU: <total>                7812 us
[2026-04-03T03:04:20.892+0600][739.518s][info][gc,stats       ]         CU: Unload Code Caches     7812 us, workers (us): 1361, 1313, 1316, 1269, 1283, 1270, 
[2026-04-03T03:04:20.892+0600][739.518s][info][gc,stats       ]       Weak Roots                    237 us, parallelism: 3.21x
[2026-04-03T03:04:20.892+0600][739.518s][info][gc,stats       ]         WR: <total>                 761 us
[2026-04-03T03:04:20.892+0600][739.518s][info][gc,stats       ]         WR: VM Weak Roots           761 us, workers (us): 200, 194, 115,  93,  91,  68, 
[2026-04-03T03:04:20.892+0600][739.518s][info][gc,stats       ]       CLDG                            2 us
[2026-04-03T03:04:20.892+0600][739.518s][info][gc,stats       ]   Calculate Addresses             85550 us
[2026-04-03T03:04:20.892+0600][739.518s][info][gc,stats       ]     Regular Objects               85453 us
[2026-04-03T03:04:20.892+0600][739.518s][info][gc,stats       ]     Humongous Objects                28 us
[2026-04-03T03:04:20.892+0600][739.518s][info][gc,stats       ]   Adjust Pointers                105225 us
[2026-04-03T03:04:20.892+0600][739.518s][info][gc,stats       ]     FA: <total>                    8081 us
[2026-04-03T03:04:20.892+0600][739.518s][info][gc,stats       ]     FA: Thread Roots                596 us, workers (us): 170,  69,  35, 259,  61,   2, 
[2026-04-03T03:04:20.892+0600][739.518s][info][gc,stats       ]     FA: Code Cache Roots           6165 us, workers (us): 1008, 1057, 934, 880, 1074, 1211, 
[2026-04-03T03:04:20.892+0600][739.518s][info][gc,stats       ]     FA: VM Strong Roots              20 us, workers (us):  10,   8,   1,   1,   1,   1, 
[2026-04-03T03:04:20.892+0600][739.518s][info][gc,stats       ]     FA: VM Weak Roots               651 us, workers (us): 173, 168, 100,  72,  68,  70, 
[2026-04-03T03:04:20.892+0600][739.518s][info][gc,stats       ]     FA: CLDG Roots                  649 us, workers (us):  60,  75, 236,  65,  68, 145, 
[2026-04-03T03:04:20.892+0600][739.518s][info][gc,stats       ]   Copy Objects                    92322 us
[2026-04-03T03:04:20.892+0600][739.518s][info][gc,stats       ]     Regular Objects               91426 us
[2026-04-03T03:04:20.892+0600][739.518s][info][gc,stats       ]     Humongous Objects                20 us
[2026-04-03T03:04:20.892+0600][739.518s][info][gc,stats       ]     Reset Complete Bitmap           669 us
[2026-04-03T03:04:20.892+0600][739.518s][info][gc,stats       ]     Rebuild Region Sets             205 us
[2026-04-03T03:04:20.892+0600][739.518s][info][gc,stats       ]   Post Heap Dump                      1 us
[2026-04-03T03:04:20.892+0600][739.518s][info][gc,stats       ] 
[2026-04-03T03:04:20.892+0600][739.518s][info][gc,stats       ] Allocation pacing accrued:
[2026-04-03T03:04:20.892+0600][739.518s][info][gc,stats       ]       0 of  8188 ms (  0.0%): <total>
[2026-04-03T03:04:20.892+0600][739.518s][info][gc,stats       ]       0 of  8188 ms (  0.0%): <average total>
[2026-04-03T03:04:20.892+0600][739.518s][info][gc,stats       ] 
[2026-04-03T03:04:20.892+0600][739.518s][info][gc,metaspace   ] Metaspace: 49708K(50048K)->49708K(50048K) NonClass: 43501K(43712K)->43501K(43712K) Class: 6207K(6336K)->6207K(6336K)
[2026-04-03T03:04:20.892+0600][739.518s][info][gc,ergo        ] Pacer for Idle. Initial: 10240K, Alloc Tax Rate: 1.0x
[2026-04-03T03:04:20.892+0600][739.518s][info][gc             ] Failed to allocate TLAB, 2648B
[2026-04-03T03:04:20.892+0600][739.518s][info][gc             ] Cancelling GC: Allocation Failure
[2026-04-03T03:04:20.893+0600][739.519s][info][gc             ] Trigger: Handle Allocation Failure
[2026-04-03T03:04:20.893+0600][739.519s][info][gc,ergo        ] Free: 0B, Max: 0B regular, 0B humongous, Frag: 0% external, 0% internal; Reserve: 14080K, Max: 256K
[2026-04-03T03:04:20.893+0600][739.519s][info][gc,start       ] GC(109) Pause Degenerated GC (Outside of Cycle)
[2026-04-03T03:04:20.893+0600][739.519s][info][gc,task        ] GC(109) Using 6 of 6 workers for stw degenerated gc
[2026-04-03T03:04:20.893+0600][739.520s][info][gc,ref         ] GC(109) Clearing All SoftReferences
[2026-04-03T03:04:25.100+0600][743.726s][info][gc,ref         ] GC(109) Encountered references: Soft: 2447, Weak: 2765, Final: 74, Phantom: 586
[2026-04-03T03:04:25.100+0600][743.727s][info][gc,ref         ] GC(109) Discovered  references: Soft: 237, Weak: 1469, Final: 58, Phantom: 582
[2026-04-03T03:04:25.100+0600][743.727s][info][gc,ref         ] GC(109) Enqueued    references: Soft: 2, Weak: 0, Final: 0, Phantom: 0
[2026-04-03T03:04:25.102+0600][743.728s][info][gc,ergo        ] GC(109) Adaptive CSet Selection. Target Free: 72533K, Actual Free: 14080K, Max CSet: 21333K, Min Garbage: 58453K
[2026-04-03T03:04:25.102+0600][743.729s][info][gc,ergo        ] GC(109) Collectable Garbage: 93168B (100%), Immediate: 0B (0%), CSet: 93168B (100%)
[2026-04-03T03:04:25.107+0600][743.733s][info][gc             ] GC(109) Cancelling GC: Allocation Failure During Evacuation
[2026-04-03T03:04:25.108+0600][743.734s][info][gc             ] GC(109) Cannot finish degeneration, upgrading to Full GC
[2026-04-03T03:04:25.111+0600][743.738s][info][gc,phases,start] GC(109) Phase 1: Mark live objects
[2026-04-03T03:04:25.111+0600][743.738s][info][gc,ref         ] GC(109) Clearing All SoftReferences
[2026-04-03T03:04:25.111+0600][743.738s][info][gc,ref         ] GC(109) Clearing All SoftReferences
[2026-04-03T03:04:28.475+0600][747.101s][info][gc,ref         ] GC(109) Encountered references: Soft: 2445, Weak: 2765, Final: 74, Phantom: 586
[2026-04-03T03:04:28.475+0600][747.102s][info][gc,ref         ] GC(109) Discovered  references: Soft: 251, Weak: 1804, Final: 74, Phantom: 551
[2026-04-03T03:04:28.475+0600][747.102s][info][gc,ref         ] GC(109) Enqueued    references: Soft: 0, Weak: 0, Final: 0, Phantom: 0
[2026-04-03T03:04:28.477+0600][747.103s][info][gc,phases      ] GC(109) Phase 1: Mark live objects 3365.419ms
[2026-04-03T03:04:28.477+0600][747.103s][info][gc,phases,start] GC(109) Phase 2: Compute new object addresses
[2026-04-03T03:04:28.571+0600][747.198s][info][gc,phases      ] GC(109) Phase 2: Compute new object addresses 94.493ms
[2026-04-03T03:04:28.571+0600][747.198s][info][gc,phases,start] GC(109) Phase 3: Adjust pointers
[2026-04-03T03:04:28.670+0600][747.296s][info][gc,phases      ] GC(109) Phase 3: Adjust pointers 98.309ms
[2026-04-03T03:04:28.670+0600][747.296s][info][gc,phases,start] GC(109) Phase 4: Move objects
[2026-04-03T03:04:28.763+0600][747.389s][info][gc,phases      ] GC(109) Phase 4: Move objects 93.319ms
[2026-04-03T03:04:28.763+0600][747.389s][info][gc,ergo        ] GC(109) Bad progress for free space: 384K, need 5120K
[2026-04-03T03:04:28.763+0600][747.390s][info][gc             ] GC(109) Pause Degenerated GC (Outside of Cycle) 484M->484M(500M) 7870.143ms
[2026-04-03T03:04:28.763+0600][747.390s][info][gc,ergo        ] Free: 384K, Max: 234K regular, 0B humongous, Frag: 0% external, 99% internal; Reserve: 13824K, Max: 256K
[2026-04-03T03:04:28.763+0600][747.390s][info][gc,stats       ] 
[2026-04-03T03:04:28.763+0600][747.390s][info][gc,stats       ] All times are wall-clock times, except per-root-class counters, that are sum over
[2026-04-03T03:04:28.763+0600][747.390s][info][gc,stats       ] all workers. Dividing the <total> over the root stage time estimates parallelism.
[2026-04-03T03:04:28.763+0600][747.390s][info][gc,stats       ] 
[2026-04-03T03:04:28.763+0600][747.390s][info][gc,stats       ] Pause Degenerated GC (G)        7870305 us
[2026-04-03T03:04:28.763+0600][747.390s][info][gc,stats       ] Pause Degenerated GC (N)        7870155 us
[2026-04-03T03:04:28.763+0600][747.390s][info][gc,stats       ]   Degen STW Mark                4206460 us, parallelism: 6.00x
[2026-04-03T03:04:28.763+0600][747.390s][info][gc,stats       ]     DSM: <total>               25231204 us
[2026-04-03T03:04:28.763+0600][747.390s][info][gc,stats       ]     DSM: Thread Roots               647 us, workers (us): 119, 117,  70, 173,  67, 100, 
[2026-04-03T03:04:28.763+0600][747.390s][info][gc,stats       ]     DSM: VM Strong Roots             18 us, workers (us):   5,   0,   6,   0,   5,   0, 
[2026-04-03T03:04:28.763+0600][747.390s][info][gc,stats       ]     DSM: CLDG Roots                 223 us, workers (us):  27, 120,  27,   7,  26,  17, 
[2026-04-03T03:04:28.763+0600][747.390s][info][gc,stats       ]     DSM: Parallel Mark         25230316 us, workers (us): 4205175, 4204960, 4205051, 4204961, 4205057, 4205112, 
[2026-04-03T03:04:28.763+0600][747.390s][info][gc,stats       ]     System Purge                   2259 us
[2026-04-03T03:04:28.763+0600][747.390s][info][gc,stats       ]       Weak References               453 us, parallelism: 1.01x
[2026-04-03T03:04:28.763+0600][747.390s][info][gc,stats       ]         WRP: <total>                458 us
[2026-04-03T03:04:28.763+0600][747.390s][info][gc,stats       ]         WRP: Weak References        458 us, workers (us):  80, 306,  39,  32,   0,   0, 
[2026-04-03T03:04:28.763+0600][747.390s][info][gc,stats       ]       Unload Classes               1578 us, parallelism: 4.92x
[2026-04-03T03:04:28.764+0600][747.390s][info][gc,stats       ]         DCU: <total>               7767 us
[2026-04-03T03:04:28.764+0600][747.390s][info][gc,stats       ]         DCU: Unload Code Caches     7767 us, workers (us): 1349, 1311, 1301, 1280, 1260, 1266, 
[2026-04-03T03:04:28.764+0600][747.390s][info][gc,stats       ]       Weak Roots                    214 us, parallelism: 2.43x
[2026-04-03T03:04:28.764+0600][747.390s][info][gc,stats       ]         DWR: <total>                518 us
[2026-04-03T03:04:28.764+0600][747.390s][info][gc,stats       ]         DWR: VM Weak Roots          518 us, workers (us): 170,  98,  98,  52,  50,  51, 
[2026-04-03T03:04:28.764+0600][747.390s][info][gc,stats       ]       CLDG                            2 us
[2026-04-03T03:04:28.764+0600][747.390s][info][gc,stats       ]   Update Region States               42 us
[2026-04-03T03:04:28.764+0600][747.390s][info][gc,stats       ]   Manage GC/TLABs                     9 us
[2026-04-03T03:04:28.764+0600][747.390s][info][gc,stats       ]   Choose Collection Set             189 us
[2026-04-03T03:04:28.764+0600][747.390s][info][gc,stats       ]   Rebuild Free Set                   40 us
[2026-04-03T03:04:28.764+0600][747.390s][info][gc,stats       ]   Evacuation                       5481 us
[2026-04-03T03:04:28.764+0600][747.390s][info][gc,stats       ]   Pre Heap Dump                       1 us
[2026-04-03T03:04:28.764+0600][747.390s][info][gc,stats       ]   Prepare                          3065 us
[2026-04-03T03:04:28.764+0600][747.390s][info][gc,stats       ]     Update Roots                   2019 us, parallelism: 4.51x
[2026-04-03T03:04:28.764+0600][747.390s][info][gc,stats       ]       FU: <total>                  9105 us
[2026-04-03T03:04:28.764+0600][747.390s][info][gc,stats       ]       FU: Thread Roots              558 us, workers (us): 227,  49,   3,  56, 179,  44, 
[2026-04-03T03:04:28.764+0600][747.390s][info][gc,stats       ]       FU: Code Cache Roots         7244 us, workers (us): 1053, 1228, 1489, 1218, 1092, 1165, 
[2026-04-03T03:04:28.764+0600][747.390s][info][gc,stats       ]       FU: VM Strong Roots            19 us, workers (us):   9,   7,   1,   0,   1,   1, 
[2026-04-03T03:04:28.764+0600][747.390s][info][gc,stats       ]       FU: VM Weak Roots             676 us, workers (us): 186, 186,  95,  82,  64,  62, 
[2026-04-03T03:04:28.764+0600][747.390s][info][gc,stats       ]       FU: CLDG Roots                609 us, workers (us):  79,  78, 133,  80,  84, 154, 
[2026-04-03T03:04:28.764+0600][747.390s][info][gc,stats       ]   Mark                          3365344 us, parallelism: 6.00x
[2026-04-03T03:04:28.764+0600][747.390s][info][gc,stats       ]     FM: <total>                20176424 us
[2026-04-03T03:04:28.764+0600][747.390s][info][gc,stats       ]     FM: Thread Roots                657 us, workers (us): 191, 186, 105,  87,  45,  44, 
[2026-04-03T03:04:28.764+0600][747.390s][info][gc,stats       ]     FM: VM Strong Roots              26 us, workers (us):   1,   5,   5,   4,   5,   7, 
[2026-04-03T03:04:28.764+0600][747.390s][info][gc,stats       ]     FM: CLDG Roots                  324 us, workers (us): 158,  34,  35,  21,  37,  38, 
[2026-04-03T03:04:28.764+0600][747.390s][info][gc,stats       ]     FM: Parallel Mark          20175416 us, workers (us): 3362541, 3362459, 3362377, 3362692, 3362658, 3362690, 
[2026-04-03T03:04:28.764+0600][747.390s][info][gc,stats       ]     System Purge                   1711 us
[2026-04-03T03:04:28.764+0600][747.390s][info][gc,stats       ]       Weak References               313 us, parallelism: 0.89x
[2026-04-03T03:04:28.764+0600][747.390s][info][gc,stats       ]         WRP: <total>                279 us
[2026-04-03T03:04:28.764+0600][747.390s][info][gc,stats       ]         WRP: Weak References        279 us, workers (us): 187,  63,  13,  14,   0,   0, 
[2026-04-03T03:04:28.764+0600][747.390s][info][gc,stats       ]       Unload Classes               1211 us, parallelism: 5.40x
[2026-04-03T03:04:28.764+0600][747.390s][info][gc,stats       ]         CU: <total>                6539 us
[2026-04-03T03:04:28.764+0600][747.390s][info][gc,stats       ]         CU: Unload Code Caches     6539 us, workers (us): 1112, 1126, 1117, 1047, 1069, 1068, 
[2026-04-03T03:04:28.764+0600][747.390s][info][gc,stats       ]       Weak Roots                    177 us, parallelism: 3.20x
[2026-04-03T03:04:28.764+0600][747.390s][info][gc,stats       ]         WR: <total>                 566 us
[2026-04-03T03:04:28.764+0600][747.390s][info][gc,stats       ]         WR: VM Weak Roots           566 us, workers (us): 143, 119,  96,  93,  94,  21, 
[2026-04-03T03:04:28.764+0600][747.390s][info][gc,stats       ]       CLDG                            2 us
[2026-04-03T03:04:28.764+0600][747.390s][info][gc,stats       ]   Calculate Addresses             94485 us
[2026-04-03T03:04:28.764+0600][747.390s][info][gc,stats       ]     Regular Objects               94401 us
[2026-04-03T03:04:28.764+0600][747.390s][info][gc,stats       ]     Humongous Objects                27 us
[2026-04-03T03:04:28.764+0600][747.390s][info][gc,stats       ]   Adjust Pointers                 98300 us
[2026-04-03T03:04:28.764+0600][747.390s][info][gc,stats       ]     FA: <total>                    6732 us
[2026-04-03T03:04:28.764+0600][747.390s][info][gc,stats       ]     FA: Thread Roots                429 us, workers (us): 108, 165,  40,  33,  82,   2, 
[2026-04-03T03:04:28.764+0600][747.390s][info][gc,stats       ]     FA: Code Cache Roots           5213 us, workers (us): 732, 755, 886, 895, 847, 1098, 
[2026-04-03T03:04:28.764+0600][747.390s][info][gc,stats       ]     FA: VM Strong Roots              18 us, workers (us):   8,   7,   1,   2,   1,   1, 
[2026-04-03T03:04:28.764+0600][747.390s][info][gc,stats       ]     FA: VM Weak Roots               570 us, workers (us): 174, 172,  66,  54,  52,  51, 
[2026-04-03T03:04:28.764+0600][747.390s][info][gc,stats       ]     FA: CLDG Roots                  502 us, workers (us): 147,  64,  57,  55,  51, 127, 
[2026-04-03T03:04:28.764+0600][747.390s][info][gc,stats       ]   Copy Objects                    93307 us
[2026-04-03T03:04:28.764+0600][747.390s][info][gc,stats       ]     Regular Objects               92428 us
[2026-04-03T03:04:28.764+0600][747.390s][info][gc,stats       ]     Humongous Objects                21 us
[2026-04-03T03:04:28.764+0600][747.390s][info][gc,stats       ]     Reset Complete Bitmap           683 us
[2026-04-03T03:04:28.764+0600][747.390s][info][gc,stats       ]     Rebuild Region Sets             173 us
[2026-04-03T03:04:28.764+0600][747.390s][info][gc,stats       ]   Post Heap Dump                      1 us
[2026-04-03T03:04:28.764+0600][747.390s][info][gc,stats       ] 
[2026-04-03T03:04:28.764+0600][747.390s][info][gc,stats       ] Allocation pacing accrued:
[2026-04-03T03:04:28.764+0600][747.390s][info][gc,stats       ]       0 of  7872 ms (  0.0%): <total>
[2026-04-03T03:04:28.764+0600][747.390s][info][gc,stats       ]       0 of  7872 ms (  0.0%): <average total>
[2026-04-03T03:04:28.764+0600][747.390s][info][gc,stats       ] 
[2026-04-03T03:04:28.764+0600][747.390s][info][gc,metaspace   ] Metaspace: 49708K(50048K)->49708K(50048K) NonClass: 43501K(43712K)->43501K(43712K) Class: 6207K(6336K)->6207K(6336K)
[2026-04-03T03:04:28.764+0600][747.390s][info][gc,ergo        ] Pacer for Idle. Initial: 10240K, Alloc Tax Rate: 1.0x
[2026-04-03T03:04:28.764+0600][747.390s][info][gc             ] Failed to allocate TLAB, 2656B
[2026-04-03T03:04:28.764+0600][747.390s][info][gc             ] Cancelling GC: Allocation Failure
[2026-04-03T03:04:28.765+0600][747.391s][info][gc             ] Trigger: Handle Allocation Failure
[2026-04-03T03:04:28.765+0600][747.391s][info][gc,ergo        ] Free: 0B, Max: 0B regular, 0B humongous, Frag: 0% external, 0% internal; Reserve: 13824K, Max: 256K
[2026-04-03T03:04:28.765+0600][747.391s][info][gc,start       ] GC(110) Pause Degenerated GC (Outside of Cycle)
[2026-04-03T03:04:28.765+0600][747.392s][info][gc,task        ] GC(110) Using 6 of 6 workers for stw degenerated gc
[2026-04-03T03:04:28.765+0600][747.392s][info][gc,ref         ] GC(110) Clearing All SoftReferences
[2026-04-03T03:04:31.764+0600][750.390s][info][gc,ref         ] GC(110) Encountered references: Soft: 2445, Weak: 2766, Final: 74, Phantom: 586
[2026-04-03T03:04:31.764+0600][750.391s][info][gc,ref         ] GC(110) Discovered  references: Soft: 238, Weak: 1553, Final: 74, Phantom: 582
[2026-04-03T03:04:31.764+0600][750.391s][info][gc,ref         ] GC(110) Enqueued    references: Soft: 0, Weak: 1, Final: 0, Phantom: 0
[2026-04-03T03:04:31.766+0600][750.393s][info][gc,ergo        ] GC(110) Adaptive CSet Selection. Target Free: 72533K, Actual Free: 13824K, Max CSet: 21333K, Min Garbage: 58709K
[2026-04-03T03:04:31.766+0600][750.393s][info][gc,ergo        ] GC(110) Collectable Garbage: 100K (100%), Immediate: 0B (0%), CSet: 100K (100%)
[2026-04-03T03:04:31.772+0600][750.398s][info][gc             ] GC(110) Cancelling GC: Allocation Failure During Evacuation
[2026-04-03T03:04:31.774+0600][750.400s][info][gc             ] GC(110) Cannot finish degeneration, upgrading to Full GC
[2026-04-03T03:04:31.778+0600][750.404s][info][gc,phases,start] GC(110) Phase 1: Mark live objects
[2026-04-03T03:04:31.778+0600][750.404s][info][gc,ref         ] GC(110) Clearing All SoftReferences
[2026-04-03T03:04:31.778+0600][750.404s][info][gc,ref         ] GC(110) Clearing All SoftReferences
[2026-04-03T03:04:35.991+0600][754.617s][info][gc,ref         ] GC(110) Encountered references: Soft: 2445, Weak: 2765, Final: 74, Phantom: 586
[2026-04-03T03:04:35.991+0600][754.617s][info][gc,ref         ] GC(110) Discovered  references: Soft: 238, Weak: 1521, Final: 74, Phantom: 581
[2026-04-03T03:04:35.991+0600][754.617s][info][gc,ref         ] GC(110) Enqueued    references: Soft: 0, Weak: 0, Final: 0, Phantom: 0
[2026-04-03T03:04:35.993+0600][754.619s][info][gc,phases      ] GC(110) Phase 1: Mark live objects 4215.458ms
[2026-04-03T03:04:35.993+0600][754.619s][info][gc,phases,start] GC(110) Phase 2: Compute new object addresses
[2026-04-03T03:04:36.075+0600][754.701s][info][gc,phases      ] GC(110) Phase 2: Compute new object addresses 81.839ms
[2026-04-03T03:04:36.075+0600][754.701s][info][gc,phases,start] GC(110) Phase 3: Adjust pointers
[2026-04-03T03:04:36.176+0600][754.802s][info][gc,phases      ] GC(110) Phase 3: Adjust pointers 100.582ms
[2026-04-03T03:04:36.176+0600][754.802s][info][gc,phases,start] GC(110) Phase 4: Move objects
[2026-04-03T03:04:36.270+0600][754.897s][info][gc,phases      ] GC(110) Phase 4: Move objects 94.523ms
[2026-04-03T03:04:36.270+0600][754.897s][info][gc,ergo        ] GC(110) Bad progress for free space: 130K, need 5120K
[2026-04-03T03:04:36.270+0600][754.897s][info][gc             ] GC(110) Pause Degenerated GC (Outside of Cycle) 485M->485M(500M) 7505.370ms
[2026-04-03T03:04:36.271+0600][754.897s][info][gc,ergo        ] Free: 130K, Max: 69088B regular, 0B humongous, Frag: 0% external, 99% internal; Reserve: 13824K, Max: 256K
[2026-04-03T03:04:36.271+0600][754.897s][info][gc,stats       ] 
[2026-04-03T03:04:36.271+0600][754.897s][info][gc,stats       ] All times are wall-clock times, except per-root-class counters, that are sum over
[2026-04-03T03:04:36.271+0600][754.897s][info][gc,stats       ] all workers. Dividing the <total> over the root stage time estimates parallelism.
[2026-04-03T03:04:36.271+0600][754.897s][info][gc,stats       ] 
[2026-04-03T03:04:36.271+0600][754.897s][info][gc,stats       ] Pause Degenerated GC (G)        7505599 us
[2026-04-03T03:04:36.271+0600][754.897s][info][gc,stats       ] Pause Degenerated GC (N)        7505385 us
[2026-04-03T03:04:36.271+0600][754.897s][info][gc,stats       ]   Degen STW Mark                2998467 us, parallelism: 6.00x
[2026-04-03T03:04:36.271+0600][754.897s][info][gc,stats       ]     DSM: <total>               17984689 us
[2026-04-03T03:04:36.271+0600][754.897s][info][gc,stats       ]     DSM: Thread Roots               549 us, workers (us): 101,  99, 134, 124,  46,  46, 
[2026-04-03T03:04:36.271+0600][754.897s][info][gc,stats       ]     DSM: VM Strong Roots             17 us, workers (us):   6,   0,   0,   0,   5,   5, 
[2026-04-03T03:04:36.271+0600][754.897s][info][gc,stats       ]     DSM: CLDG Roots                 226 us, workers (us):  31, 116,   4,  14,  31,  30, 
[2026-04-03T03:04:36.271+0600][754.897s][info][gc,stats       ]     DSM: Parallel Mark         17983897 us, workers (us): 2997018, 2997222, 2997443, 2997386, 2997382, 2997447, 
[2026-04-03T03:04:36.271+0600][754.897s][info][gc,stats       ]     System Purge                   2346 us
[2026-04-03T03:04:36.271+0600][754.897s][info][gc,stats       ]       Weak References               368 us, parallelism: 0.99x
[2026-04-03T03:04:36.271+0600][754.897s][info][gc,stats       ]         WRP: <total>                364 us
[2026-04-03T03:04:36.271+0600][754.897s][info][gc,stats       ]         WRP: Weak References        364 us, workers (us): 182,  17,  29, 112,  23,   0, 
[2026-04-03T03:04:36.271+0600][754.897s][info][gc,stats       ]       Unload Classes               1746 us, parallelism: 5.29x
[2026-04-03T03:04:36.271+0600][754.897s][info][gc,stats       ]         DCU: <total>               9227 us
[2026-04-03T03:04:36.271+0600][754.897s][info][gc,stats       ]         DCU: Unload Code Caches     9227 us, workers (us): 1591, 1563, 1536, 1520, 1509, 1508, 
[2026-04-03T03:04:36.271+0600][754.897s][info][gc,stats       ]       Weak Roots                    214 us, parallelism: 2.51x
[2026-04-03T03:04:36.271+0600][754.897s][info][gc,stats       ]         DWR: <total>                538 us
[2026-04-03T03:04:36.271+0600][754.897s][info][gc,stats       ]         DWR: VM Weak Roots          538 us, workers (us): 170,  88,  75,  74,  66,  65, 
[2026-04-03T03:04:36.271+0600][754.897s][info][gc,stats       ]       CLDG                            4 us
[2026-04-03T03:04:36.271+0600][754.897s][info][gc,stats       ]   Update Region States               29 us
[2026-04-03T03:04:36.271+0600][754.897s][info][gc,stats       ]   Manage GC/TLABs                    10 us
[2026-04-03T03:04:36.271+0600][754.897s][info][gc,stats       ]   Choose Collection Set             238 us
[2026-04-03T03:04:36.271+0600][754.897s][info][gc,stats       ]   Rebuild Free Set                   51 us
[2026-04-03T03:04:36.271+0600][754.897s][info][gc,stats       ]   Evacuation                       7018 us
[2026-04-03T03:04:36.271+0600][754.897s][info][gc,stats       ]   Pre Heap Dump                       2 us
[2026-04-03T03:04:36.271+0600][754.897s][info][gc,stats       ]   Prepare                          3555 us
[2026-04-03T03:04:36.271+0600][754.897s][info][gc,stats       ]     Update Roots                   2343 us, parallelism: 4.96x
[2026-04-03T03:04:36.271+0600][754.897s][info][gc,stats       ]       FU: <total>                 11611 us
[2026-04-03T03:04:36.271+0600][754.897s][info][gc,stats       ]       FU: Thread Roots              674 us, workers (us): 189,   9,   4, 268, 169,  35, 
[2026-04-03T03:04:36.271+0600][754.897s][info][gc,stats       ]       FU: Code Cache Roots         9385 us, workers (us): 1396, 1683, 1816, 1387, 1479, 1624, 
[2026-04-03T03:04:36.271+0600][754.897s][info][gc,stats       ]       FU: VM Strong Roots            20 us, workers (us):  14,   2,   1,   1,   1,   1, 
[2026-04-03T03:04:36.271+0600][754.897s][info][gc,stats       ]       FU: VM Weak Roots             917 us, workers (us): 213, 150, 147, 147, 141, 118, 
[2026-04-03T03:04:36.271+0600][754.897s][info][gc,stats       ]       FU: CLDG Roots                616 us, workers (us): 152, 153,  74,  75,  86,  75, 
[2026-04-03T03:04:36.271+0600][754.897s][info][gc,stats       ]   Mark                          4215373 us, parallelism: 5.99x
[2026-04-03T03:04:36.271+0600][754.897s][info][gc,stats       ]     FM: <total>                25266654 us
[2026-04-03T03:04:36.271+0600][754.897s][info][gc,stats       ]     FM: Thread Roots                800 us, workers (us): 204, 139, 119, 116, 122, 100, 
[2026-04-03T03:04:36.271+0600][754.897s][info][gc,stats       ]     FM: VM Strong Roots              30 us, workers (us):   1,   5,   6,   6,   7,   5, 
[2026-04-03T03:04:36.271+0600][754.897s][info][gc             ] Failed to allocate TLAB, 2648B
[2026-04-03T03:04:36.271+0600][754.897s][info][gc             ] Cancelling GC: Allocation Failure
[2026-04-03T03:04:36.271+0600][754.897s][info][gc,stats       ]     FM: CLDG Roots                  395 us, workers (us): 179,  40,  44,  46,  37,  48, 
[2026-04-03T03:04:36.271+0600][754.898s][info][gc,stats       ]     FM: Parallel Mark          25265430 us, workers (us): 4210772, 4210908, 4210887, 4210977, 4210981, 4210905, 
[2026-04-03T03:04:36.271+0600][754.898s][info][gc,stats       ]     System Purge                   2657 us
[2026-04-03T03:04:36.271+0600][754.898s][info][gc,stats       ]       Weak References               603 us, parallelism: 1.16x
[2026-04-03T03:04:36.271+0600][754.898s][info][gc,stats       ]         WRP: <total>                698 us
[2026-04-03T03:04:36.271+0600][754.898s][info][gc,stats       ]         WRP: Weak References        698 us, workers (us): 357,  20,  22, 251,  17,  31, 
[2026-04-03T03:04:36.271+0600][754.898s][info][gc,stats       ]       Unload Classes               1782 us, parallelism: 4.80x
[2026-04-03T03:04:36.271+0600][754.898s][info][gc,stats       ]         CU: <total>                8551 us
[2026-04-03T03:04:36.271+0600][754.898s][info][gc,stats       ]         CU: Unload Code Caches     8551 us, workers (us): 1486, 1427, 1422, 1430, 1405, 1382, 
[2026-04-03T03:04:36.271+0600][754.898s][info][gc,stats       ]       Weak Roots                    254 us, parallelism: 3.19x
[2026-04-03T03:04:36.271+0600][754.898s][info][gc,stats       ]         WR: <total>                 810 us
[2026-04-03T03:04:36.271+0600][754.898s][info][gc,stats       ]         WR: VM Weak Roots           810 us, workers (us): 201, 196, 136,  95,  96,  86, 
[2026-04-03T03:04:36.271+0600][754.898s][info][gc,stats       ]       CLDG                            2 us
[2026-04-03T03:04:36.271+0600][754.898s][info][gc,stats       ]   Calculate Addresses             81830 us
[2026-04-03T03:04:36.271+0600][754.898s][info][gc,stats       ]     Regular Objects               81726 us
[2026-04-03T03:04:36.271+0600][754.898s][info][gc,stats       ]     Humongous Objects                30 us
[2026-04-03T03:04:36.271+0600][754.898s][info][gc,stats       ]   Adjust Pointers                100570 us
[2026-04-03T03:04:36.271+0600][754.898s][info][gc,stats       ]     FA: <total>                    8014 us
[2026-04-03T03:04:36.271+0600][754.898s][info][gc,stats       ]     FA: Thread Roots                477 us, workers (us): 178,   5,  89, 170,   1,  33, 
[2026-04-03T03:04:36.271+0600][754.898s][info][gc,stats       ]     FA: Code Cache Roots           6314 us, workers (us): 859, 1131, 1034, 968, 1214, 1107, 
[2026-04-03T03:04:36.271+0600][754.898s][info][gc,stats       ]     FA: VM Strong Roots              18 us, workers (us):  15,   1,   1,   1,   1,   1, 
[2026-04-03T03:04:36.271+0600][754.898s][info][gc,stats       ]     FA: VM Weak Roots               646 us, workers (us): 180, 110, 106, 106,  72,  72, 
[2026-04-03T03:04:36.271+0600][754.898s][info][gc,stats       ]     FA: CLDG Roots                  559 us, workers (us): 161,  58,  74,  60, 142,  63, 
[2026-04-03T03:04:36.271+0600][754.898s][info][gc,stats       ]   Copy Objects                    94509 us
[2026-04-03T03:04:36.271+0600][754.898s][info][gc,stats       ]     Regular Objects               93679 us
[2026-04-03T03:04:36.271+0600][754.898s][info][gc,stats       ]     Humongous Objects                20 us
[2026-04-03T03:04:36.271+0600][754.898s][info][gc,stats       ]     Reset Complete Bitmap           666 us
[2026-04-03T03:04:36.271+0600][754.898s][info][gc,stats       ]     Rebuild Region Sets             142 us
[2026-04-03T03:04:36.271+0600][754.898s][info][gc,stats       ]   Post Heap Dump                      1 us
[2026-04-03T03:04:36.271+0600][754.898s][info][gc,stats       ] 
[2026-04-03T03:04:36.271+0600][754.898s][info][gc,stats       ] Allocation pacing accrued:
[2026-04-03T03:04:36.271+0600][754.898s][info][gc,stats       ]       0 of  7508 ms (  0.0%): <total>
[2026-04-03T03:04:36.271+0600][754.898s][info][gc,stats       ]       0 of  7508 ms (  0.0%): <average total>
[2026-04-03T03:04:36.271+0600][754.898s][info][gc,stats       ] 
[2026-04-03T03:04:36.271+0600][754.898s][info][gc,metaspace   ] Metaspace: 49710K(50048K)->49712K(50048K) NonClass: 43503K(43712K)->43505K(43712K) Class: 6207K(6336K)->6207K(6336K)
[2026-04-03T03:04:36.271+0600][754.898s][info][gc,ergo        ] Pacer for Idle. Initial: 10240K, Alloc Tax Rate: 1.0x
[2026-04-03T03:04:36.273+0600][754.899s][info][gc             ] Trigger: Handle Allocation Failure
[2026-04-03T03:04:36.273+0600][754.899s][info][gc,ergo        ] Free: 0B, Max: 0B regular, 0B humongous, Frag: 0% external, 0% internal; Reserve: 13824K, Max: 256K
[2026-04-03T03:04:36.273+0600][754.899s][info][gc,start       ] GC(111) Pause Degenerated GC (Outside of Cycle)
[2026-04-03T03:04:36.273+0600][754.899s][info][gc,task        ] GC(111) Using 6 of 6 workers for stw degenerated gc
[2026-04-03T03:04:36.273+0600][754.899s][info][gc,ref         ] GC(111) Clearing All SoftReferences
[2026-04-03T03:04:39.659+0600][758.285s][info][gc,ref         ] GC(111) Encountered references: Soft: 2445, Weak: 2766, Final: 74, Phantom: 586
[2026-04-03T03:04:39.659+0600][758.285s][info][gc,ref         ] GC(111) Discovered  references: Soft: 240, Weak: 1914, Final: 74, Phantom: 581
[2026-04-03T03:04:39.659+0600][758.285s][info][gc,ref         ] GC(111) Enqueued    references: Soft: 0, Weak: 2, Final: 0, Phantom: 0
[2026-04-03T03:04:39.661+0600][758.287s][info][gc,ergo        ] GC(111) Adaptive CSet Selection. Target Free: 72533K, Actual Free: 13824K, Max CSet: 21333K, Min Garbage: 58709K
[2026-04-03T03:04:39.661+0600][758.287s][info][gc,ergo        ] GC(111) Collectable Garbage: 38152B (100%), Immediate: 0B (0%), CSet: 38152B (100%)
[2026-04-03T03:04:39.665+0600][758.292s][info][gc             ] GC(111) Cancelling GC: Allocation Failure During Evacuation
[2026-04-03T03:04:39.667+0600][758.293s][info][gc             ] GC(111) Cannot finish degeneration, upgrading to Full GC
[2026-04-03T03:04:39.669+0600][758.296s][info][gc,phases,start] GC(111) Phase 1: Mark live objects
[2026-04-03T03:04:39.669+0600][758.296s][info][gc,ref         ] GC(111) Clearing All SoftReferences
[2026-04-03T03:04:39.669+0600][758.296s][info][gc,ref         ] GC(111) Clearing All SoftReferences
[2026-04-03T03:04:43.817+0600][762.444s][info][gc,ref         ] GC(111) Encountered references: Soft: 2445, Weak: 2764, Final: 74, Phantom: 586
[2026-04-03T03:04:43.818+0600][762.444s][info][gc,ref         ] GC(111) Discovered  references: Soft: 248, Weak: 1852, Final: 74, Phantom: 541
[2026-04-03T03:04:43.818+0600][762.444s][info][gc,ref         ] GC(111) Enqueued    references: Soft: 0, Weak: 0, Final: 0, Phantom: 0
[2026-04-03T03:04:43.819+0600][762.446s][info][gc,phases      ] GC(111) Phase 1: Mark live objects 4150.092ms
[2026-04-03T03:04:43.819+0600][762.446s][info][gc,phases,start] GC(111) Phase 2: Compute new object addresses
[2026-04-03T03:04:43.908+0600][762.535s][info][gc,phases      ] GC(111) Phase 2: Compute new object addresses 88.968ms
[2026-04-03T03:04:43.908+0600][762.535s][info][gc,phases,start] GC(111) Phase 3: Adjust pointers
[2026-04-03T03:04:44.007+0600][762.633s][info][gc,phases      ] GC(111) Phase 3: Adjust pointers 98.595ms
[2026-04-03T03:04:44.007+0600][762.634s][info][gc,phases,start] GC(111) Phase 4: Move objects
[2026-04-03T03:04:44.102+0600][762.728s][info][gc,phases      ] GC(111) Phase 4: Move objects 94.767ms
[2026-04-03T03:04:44.102+0600][762.729s][info][gc,ergo        ] GC(111) Bad progress for free space: 70704B, need 5120K
[2026-04-03T03:04:44.102+0600][762.729s][info][gc             ] GC(111) Pause Degenerated GC (Outside of Cycle) 485M->485M(500M) 7829.538ms
[2026-04-03T03:04:44.102+0600][762.729s][info][gc,ergo        ] Free: 70704B, Max: 20408B regular, 0B humongous, Frag: 0% external, 99% internal; Reserve: 13824K, Max: 256K
[2026-04-03T03:04:44.103+0600][762.729s][info][gc,stats       ] 
[2026-04-03T03:04:44.103+0600][762.729s][info][gc,stats       ] All times are wall-clock times, except per-root-class counters, that are sum over
[2026-04-03T03:04:44.103+0600][762.729s][info][gc,stats       ] all workers. Dividing the <total> over the root stage time estimates parallelism.
[2026-04-03T03:04:44.103+0600][762.729s][info][gc,stats       ] 
[2026-04-03T03:04:44.103+0600][762.729s][info][gc,stats       ] Pause Degenerated GC (G)        7829748 us
[2026-04-03T03:04:44.103+0600][762.729s][info][gc,stats       ] Pause Degenerated GC (N)        7829550 us
[2026-04-03T03:04:44.103+0600][762.729s][info][gc,stats       ]   Degen STW Mark                3385648 us, parallelism: 6.00x
[2026-04-03T03:04:44.103+0600][762.729s][info][gc,stats       ]     DSM: <total>               20306416 us
[2026-04-03T03:04:44.103+0600][762.729s][info][gc,stats       ]     DSM: Thread Roots               540 us, workers (us): 184, 135,  72,  51,  49,  49, 
[2026-04-03T03:04:44.103+0600][762.729s][info][gc,stats       ]     DSM: VM Strong Roots             18 us, workers (us):   0,   4,   5,   4,   0,   4, 
[2026-04-03T03:04:44.103+0600][762.729s][info][gc,stats       ]     DSM: CLDG Roots                 282 us, workers (us):   9,  29,  28,  26, 162,  29, 
[2026-04-03T03:04:44.103+0600][762.729s][info][gc,stats       ]     DSM: Parallel Mark         20305576 us, workers (us): 3384030, 3384290, 3384286, 3384394, 3384290, 3384285, 
[2026-04-03T03:04:44.103+0600][762.729s][info][gc,stats       ]     System Purge                   2106 us
[2026-04-03T03:04:44.103+0600][762.729s][info][gc,stats       ]       Weak References               393 us, parallelism: 1.00x
[2026-04-03T03:04:44.103+0600][762.729s][info][gc,stats       ]         WRP: <total>                393 us
[2026-04-03T03:04:44.103+0600][762.729s][info][gc,stats       ]         WRP: Weak References        393 us, workers (us): 230,  48, 114,   0,   0,   1, 
[2026-04-03T03:04:44.103+0600][762.729s][info][gc,stats       ]       Unload Classes               1485 us, parallelism: 5.26x
[2026-04-03T03:04:44.103+0600][762.729s][info][gc,stats       ]         DCU: <total>               7813 us
[2026-04-03T03:04:44.103+0600][762.729s][info][gc,stats       ]         DCU: Unload Code Caches     7813 us, workers (us): 1353, 1338, 1301, 1279, 1287, 1254, 
[2026-04-03T03:04:44.103+0600][762.729s][info][gc,stats       ]       Weak Roots                    214 us, parallelism: 2.38x
[2026-04-03T03:04:44.103+0600][762.729s][info][gc,stats       ]         DWR: <total>                511 us
[2026-04-03T03:04:44.103+0600][762.729s][info][gc,stats       ]         DWR: VM Weak Roots          511 us, workers (us): 170,  91,  69,  71,  58,  53, 
[2026-04-03T03:04:44.103+0600][762.729s][info][gc,stats       ]       CLDG                            2 us
[2026-04-03T03:04:44.103+0600][762.729s][info][gc,stats       ]   Update Region States               21 us
[2026-04-03T03:04:44.103+0600][762.729s][info][gc,stats       ]   Manage GC/TLABs                     8 us
[2026-04-03T03:04:44.103+0600][762.729s][info][gc,stats       ]   Choose Collection Set             183 us
[2026-04-03T03:04:44.103+0600][762.729s][info][gc,stats       ]   Rebuild Free Set                   39 us
[2026-04-03T03:04:44.103+0600][762.729s][info][gc,stats       ]   Evacuation                       5395 us
[2026-04-03T03:04:44.103+0600][762.729s][info][gc             ] Failed to allocate TLAB, 2656B
[2026-04-03T03:04:44.103+0600][762.729s][info][gc             ] Cancelling GC: Allocation Failure
[2026-04-03T03:04:44.103+0600][762.729s][info][gc,stats       ]   Pre Heap Dump                       2 us
[2026-04-03T03:04:44.103+0600][762.729s][info][gc,stats       ]   Prepare                          2426 us
[2026-04-03T03:04:44.103+0600][762.729s][info][gc,stats       ]     Update Roots                   1618 us, parallelism: 5.28x
[2026-04-03T03:04:44.103+0600][762.729s][info][gc,stats       ]       FU: <total>                  8543 us
[2026-04-03T03:04:44.103+0600][762.729s][info][gc,stats       ]       FU: Thread Roots              636 us, workers (us):  23, 111, 105, 128, 141, 128, 
[2026-04-03T03:04:44.103+0600][762.729s][info][gc,stats       ]       FU: Code Cache Roots         6687 us, workers (us): 1214, 1083, 1148, 1111, 1096, 1035, 
[2026-04-03T03:04:44.103+0600][762.729s][info][gc,stats       ]       FU: VM Strong Roots            14 us, workers (us):   9,   1,   1,   1,   1,   1, 
[2026-04-03T03:04:44.103+0600][762.729s][info][gc,stats       ]       FU: VM Weak Roots             638 us, workers (us): 174, 123, 111, 108,  62,  60, 
[2026-04-03T03:04:44.103+0600][762.729s][info][gc,stats       ]       FU: CLDG Roots                569 us, workers (us):  80, 120,  70,  73,  75, 151, 
[2026-04-03T03:04:44.103+0600][762.729s][info][gc,stats       ]   Mark                          4150035 us, parallelism: 5.99x
[2026-04-03T03:04:44.103+0600][762.729s][info][gc,stats       ]     FM: <total>                24876918 us
[2026-04-03T03:04:44.103+0600][762.729s][info][gc,stats       ]     FM: Thread Roots                706 us, workers (us): 172, 160, 104, 105,  83,  82, 
[2026-04-03T03:04:44.103+0600][762.729s][info][gc,stats       ]     FM: VM Strong Roots              23 us, workers (us):   0,   1,   5,   6,   5,   5, 
[2026-04-03T03:04:44.103+0600][762.729s][info][gc,stats       ]     FM: CLDG Roots                  296 us, workers (us): 158,  19,  31,  30,  28,  28, 
[2026-04-03T03:04:44.103+0600][762.729s][info][gc,stats       ]     FM: Parallel Mark          24875893 us, workers (us): 4145990, 4145802, 4146004, 4146006, 4146095, 4145997, 
[2026-04-03T03:04:44.103+0600][762.729s][info][gc,stats       ]     System Purge                   2296 us
[2026-04-03T03:04:44.103+0600][762.729s][info][gc,stats       ]       Weak References               481 us, parallelism: 0.91x
[2026-04-03T03:04:44.103+0600][762.729s][info][gc,stats       ]         WRP: <total>                440 us
[2026-04-03T03:04:44.103+0600][762.729s][info][gc,stats       ]         WRP: Weak References        440 us, workers (us): 117, 322,   1,   0,   0,   0, 
[2026-04-03T03:04:44.103+0600][762.729s][info][gc,stats       ]       Unload Classes               1547 us, parallelism: 5.13x
[2026-04-03T03:04:44.103+0600][762.729s][info][gc,stats       ]         CU: <total>                7936 us
[2026-04-03T03:04:44.103+0600][762.729s][info][gc,stats       ]         CU: Unload Code Caches     7936 us, workers (us): 1391, 1328, 1317, 1309, 1301, 1290, 
[2026-04-03T03:04:44.103+0600][762.729s][info][gc,stats       ]       Weak Roots                    247 us, parallelism: 3.25x
[2026-04-03T03:04:44.103+0600][762.729s][info][gc,stats       ]         WR: <total>                 802 us
[2026-04-03T03:04:44.103+0600][762.729s][info][gc,stats       ]         WR: VM Weak Roots           802 us, workers (us): 194, 193, 182,  85,  83,  65, 
[2026-04-03T03:04:44.103+0600][762.729s][info][gc,stats       ]       CLDG                            2 us
[2026-04-03T03:04:44.103+0600][762.729s][info][gc,stats       ]   Calculate Addresses             88959 us
[2026-04-03T03:04:44.103+0600][762.729s][info][gc,stats       ]     Regular Objects               88856 us
[2026-04-03T03:04:44.103+0600][762.729s][info][gc,stats       ]     Humongous Objects                34 us
[2026-04-03T03:04:44.103+0600][762.729s][info][gc,stats       ]   Adjust Pointers                 98585 us
[2026-04-03T03:04:44.103+0600][762.729s][info][gc,stats       ]     FA: <total>                    7780 us
[2026-04-03T03:04:44.103+0600][762.729s][info][gc,stats       ]     FA: Thread Roots                471 us, workers (us):   2,  88,  56, 102, 221,   2, 
[2026-04-03T03:04:44.103+0600][762.729s][info][gc,stats       ]     FA: Code Cache Roots           5865 us, workers (us): 996, 986, 1009, 972, 859, 1044, 
[2026-04-03T03:04:44.103+0600][762.729s][info][gc,stats       ]     FA: VM Strong Roots              23 us, workers (us):  20,   1,   1,   1,   1,   1, 
[2026-04-03T03:04:44.103+0600][762.729s][info][gc,stats       ]     FA: VM Weak Roots               896 us, workers (us): 191, 141, 141, 141, 141, 141, 
[2026-04-03T03:04:44.103+0600][762.729s][info][gc,stats       ]     FA: CLDG Roots                  525 us, workers (us): 186,  49,  62,  52,  49, 127, 
[2026-04-03T03:04:44.103+0600][762.729s][info][gc,stats       ]   Copy Objects                    94754 us
[2026-04-03T03:04:44.103+0600][762.729s][info][gc,stats       ]     Regular Objects               93888 us
[2026-04-03T03:04:44.103+0600][762.729s][info][gc,stats       ]     Humongous Objects                19 us
[2026-04-03T03:04:44.103+0600][762.729s][info][gc,stats       ]     Reset Complete Bitmap           639 us
[2026-04-03T03:04:44.103+0600][762.729s][info][gc,stats       ]     Rebuild Region Sets             207 us
[2026-04-03T03:04:44.103+0600][762.729s][info][gc,stats       ]   Post Heap Dump                      1 us
[2026-04-03T03:04:44.103+0600][762.729s][info][gc,stats       ] 
[2026-04-03T03:04:44.103+0600][762.729s][info][gc,stats       ] Allocation pacing accrued:
[2026-04-03T03:04:44.103+0600][762.729s][info][gc,stats       ]       0 of  7832 ms (  0.0%): <total>
[2026-04-03T03:04:44.103+0600][762.729s][info][gc,stats       ]       0 of  7832 ms (  0.0%): <average total>
[2026-04-03T03:04:44.103+0600][762.729s][info][gc,stats       ] 
[2026-04-03T03:04:44.103+0600][762.730s][info][gc,metaspace   ] Metaspace: 49713K(50048K)->49713K(50048K) NonClass: 43506K(43712K)->43506K(43712K) Class: 6207K(6336K)->6207K(6336K)
[2026-04-03T03:04:44.103+0600][762.730s][info][gc,ergo        ] Pacer for Idle. Initial: 10240K, Alloc Tax Rate: 1.0x
[2026-04-03T03:04:44.104+0600][762.731s][info][gc             ] Trigger: Handle Allocation Failure
[2026-04-03T03:04:44.104+0600][762.731s][info][gc,ergo        ] Free: 0B, Max: 0B regular, 0B humongous, Frag: 0% external, 0% internal; Reserve: 13824K, Max: 256K
[2026-04-03T03:04:44.104+0600][762.731s][info][gc,start       ] GC(112) Pause Full
[2026-04-03T03:04:44.104+0600][762.731s][info][gc,task        ] GC(112) Using 6 of 6 workers for full gc
[2026-04-03T03:04:44.105+0600][762.731s][info][gc,phases,start] GC(112) Phase 1: Mark live objects
[2026-04-03T03:04:44.105+0600][762.731s][info][gc,ref         ] GC(112) Clearing All SoftReferences
[2026-04-03T03:04:44.105+0600][762.731s][info][gc,ref         ] GC(112) Clearing All SoftReferences
[2026-04-03T03:04:48.359+0600][766.986s][info][gc,ref         ] GC(112) Encountered references: Soft: 2447, Weak: 2764, Final: 74, Phantom: 586
[2026-04-03T03:04:48.359+0600][766.986s][info][gc,ref         ] GC(112) Discovered  references: Soft: 240, Weak: 1489, Final: 74, Phantom: 582
[2026-04-03T03:04:48.359+0600][766.986s][info][gc,ref         ] GC(112) Enqueued    references: Soft: 0, Weak: 0, Final: 0, Phantom: 0
[2026-04-03T03:04:48.361+0600][766.988s][info][gc,phases      ] GC(112) Phase 1: Mark live objects 4256.551ms
[2026-04-03T03:04:48.361+0600][766.988s][info][gc,phases,start] GC(112) Phase 2: Compute new object addresses
[2026-04-03T03:04:48.443+0600][767.070s][info][gc,phases      ] GC(112) Phase 2: Compute new object addresses 81.995ms
[2026-04-03T03:04:48.443+0600][767.070s][info][gc,phases,start] GC(112) Phase 3: Adjust pointers
[2026-04-03T03:04:48.549+0600][767.176s][info][gc,phases      ] GC(112) Phase 3: Adjust pointers 105.792ms
[2026-04-03T03:04:48.549+0600][767.176s][info][gc,phases,start] GC(112) Phase 4: Move objects
[2026-04-03T03:04:48.630+0600][767.257s][info][gc,phases      ] GC(112) Phase 4: Move objects 81.160ms
[2026-04-03T03:04:48.631+0600][767.257s][info][gc,ergo        ] GC(112) Bad progress for free space: 55560B, need 5120K
[2026-04-03T03:04:48.631+0600][767.257s][info][gc             ] GC(112) Pause Full 485M->485M(500M) 4526.106ms
[2026-04-03T03:04:48.631+0600][767.257s][info][gc,ergo        ] Free: 55560B, Max: 14592B regular, 0B humongous, Frag: 0% external, 99% internal; Reserve: 13824K, Max: 256K
[2026-04-03T03:04:48.631+0600][767.257s][info][gc,stats       ] 
[2026-04-03T03:04:48.631+0600][767.257s][info][gc,stats       ] All times are wall-clock times, except per-root-class counters, that are sum over
[2026-04-03T03:04:48.631+0600][767.257s][info][gc,stats       ] all workers. Dividing the <total> over the root stage time estimates parallelism.
[2026-04-03T03:04:48.631+0600][767.257s][info][gc,stats       ] 
[2026-04-03T03:04:48.631+0600][767.257s][info][gc,stats       ] Pause Full GC (G)               4526448 us
[2026-04-03T03:04:48.631+0600][767.257s][info][gc,stats       ] Pause Full GC (N)               4526115 us
[2026-04-03T03:04:48.631+0600][767.257s][info][gc,stats       ]   Pre Heap Dump                       1 us
[2026-04-03T03:04:48.631+0600][767.257s][info][gc,stats       ]   Prepare                           189 us
[2026-04-03T03:04:48.631+0600][767.257s][info][gc,stats       ]   Mark                          4256534 us, parallelism: 5.99x
[2026-04-03T03:04:48.631+0600][767.257s][info][gc,stats       ]     FM: <total>                25517579 us
[2026-04-03T03:04:48.631+0600][767.257s][info][gc,stats       ]     FM: Thread Roots                645 us, workers (us): 171, 124, 161,  66,  62,  60, 
[2026-04-03T03:04:48.631+0600][767.257s][info][gc,stats       ]     FM: VM Strong Roots              16 us, workers (us):   0,   0,   0,   6,   4,   5, 
[2026-04-03T03:04:48.631+0600][767.257s][info][gc,stats       ]     FM: CLDG Roots                  227 us, workers (us):  13, 105,  24,  28,  28,  28, 
[2026-04-03T03:04:48.631+0600][767.257s][info][gc,stats       ]     FM: Parallel Mark          25516691 us, workers (us): 4252712, 4252717, 4252723, 4252870, 4252872, 4252797, 
[2026-04-03T03:04:48.631+0600][767.257s][info][gc,stats       ]     System Purge                   2347 us
[2026-04-03T03:04:48.631+0600][767.257s][info][gc             ] Failed to allocate TLAB, 2656B
[2026-04-03T03:04:48.631+0600][767.257s][info][gc             ] Cancelling GC: Allocation Failure
[2026-04-03T03:04:48.631+0600][767.257s][info][gc,stats       ]       Weak References               469 us, parallelism: 0.95x
[2026-04-03T03:04:48.631+0600][767.257s][info][gc,stats       ]         WRP: <total>                447 us
[2026-04-03T03:04:48.631+0600][767.257s][info][gc,stats       ]         WRP: Weak References        447 us, workers (us): 266,  39,  33, 109,   0,   0, 
[2026-04-03T03:04:48.631+0600][767.257s][info][gc,stats       ]       Unload Classes               1598 us, parallelism: 5.04x
[2026-04-03T03:04:48.631+0600][767.257s][info][gc,stats       ]         CU: <total>                8050 us
[2026-04-03T03:04:48.631+0600][767.257s][info][gc,stats       ]         CU: Unload Code Caches     8050 us, workers (us): 1395, 1394, 1347, 1298, 1297, 1320, 
[2026-04-03T03:04:48.631+0600][767.257s][info][gc,stats       ]       Weak Roots                    266 us, parallelism: 2.48x
[2026-04-03T03:04:48.631+0600][767.257s][info][gc,stats       ]         WR: <total>                 659 us
[2026-04-03T03:04:48.631+0600][767.257s][info][gc,stats       ]         WR: VM Weak Roots           659 us, workers (us): 215, 145,  79,  78,  76,  66, 
[2026-04-03T03:04:48.631+0600][767.257s][info][gc,stats       ]       CLDG                            2 us
[2026-04-03T03:04:48.631+0600][767.257s][info][gc,stats       ]   Calculate Addresses             81987 us
[2026-04-03T03:04:48.631+0600][767.258s][info][gc,stats       ]     Regular Objects               81898 us
[2026-04-03T03:04:48.631+0600][767.258s][info][gc,stats       ]     Humongous Objects                28 us
[2026-04-03T03:04:48.631+0600][767.258s][info][gc,stats       ]   Adjust Pointers                105781 us
[2026-04-03T03:04:48.631+0600][767.258s][info][gc,stats       ]     FA: <total>                    7416 us
[2026-04-03T03:04:48.631+0600][767.258s][info][gc,stats       ]     FA: Thread Roots                451 us, workers (us): 229,   4,  73, 114,   2,  30, 
[2026-04-03T03:04:48.631+0600][767.258s][info][gc,stats       ]     FA: Code Cache Roots           5717 us, workers (us): 797, 922, 954, 902, 1150, 993, 
[2026-04-03T03:04:48.631+0600][767.258s][info][gc,stats       ]     FA: VM Strong Roots              15 us, workers (us):  12,   1,   1,   1,   1,   1, 
[2026-04-03T03:04:48.631+0600][767.258s][info][gc,stats       ]     FA: VM Weak Roots               570 us, workers (us): 162,  97,  80,  79,  76,  76, 
[2026-04-03T03:04:48.631+0600][767.258s][info][gc,stats       ]     FA: CLDG Roots                  662 us, workers (us):  73, 213,  72,  83, 148,  72, 
[2026-04-03T03:04:48.631+0600][767.258s][info][gc,stats       ]   Copy Objects                    81147 us
[2026-04-03T03:04:48.631+0600][767.258s][info][gc,stats       ]     Regular Objects               80077 us
[2026-04-03T03:04:48.631+0600][767.258s][info][gc,stats       ]     Humongous Objects                25 us
[2026-04-03T03:04:48.631+0600][767.258s][info][gc,stats       ]     Reset Complete Bitmap           806 us
[2026-04-03T03:04:48.631+0600][767.258s][info][gc,stats       ]     Rebuild Region Sets             237 us
[2026-04-03T03:04:48.631+0600][767.258s][info][gc,stats       ]   Post Heap Dump                      1 us
[2026-04-03T03:04:48.631+0600][767.258s][info][gc,stats       ] 
[2026-04-03T03:04:48.631+0600][767.258s][info][gc,stats       ] Allocation pacing accrued:
[2026-04-03T03:04:48.631+0600][767.258s][info][gc,stats       ]       0 of  4528 ms (  0.0%): <total>
[2026-04-03T03:04:48.631+0600][767.258s][info][gc,stats       ]       0 of  4528 ms (  0.0%): <average total>
[2026-04-03T03:04:48.631+0600][767.258s][info][gc,stats       ] 
[2026-04-03T03:04:48.631+0600][767.258s][info][gc,metaspace   ] Metaspace: 49713K(50048K)->49713K(50048K) NonClass: 43506K(43712K)->43506K(43712K) Class: 6207K(6336K)->6207K(6336K)
[2026-04-03T03:04:48.631+0600][767.258s][info][gc,ergo        ] Pacer for Idle. Initial: 10240K, Alloc Tax Rate: 1.0x
[2026-04-03T03:04:48.634+0600][767.260s][info][gc             ] Trigger: Handle Allocation Failure
[2026-04-03T03:04:48.634+0600][767.260s][info][gc,ergo        ] Free: 0B, Max: 0B regular, 0B humongous, Frag: 0% external, 0% internal; Reserve: 13824K, Max: 256K
[2026-04-03T03:04:48.634+0600][767.260s][info][gc,start       ] GC(113) Pause Degenerated GC (Outside of Cycle)
[2026-04-03T03:04:48.634+0600][767.260s][info][gc,task        ] GC(113) Using 6 of 6 workers for stw degenerated gc
[2026-04-03T03:04:48.634+0600][767.260s][info][gc,ref         ] GC(113) Clearing All SoftReferences
[2026-04-03T03:04:52.928+0600][771.554s][info][gc,ref         ] GC(113) Encountered references: Soft: 2447, Weak: 2764, Final: 74, Phantom: 586
[2026-04-03T03:04:52.928+0600][771.554s][info][gc,ref         ] GC(113) Discovered  references: Soft: 244, Weak: 273, Final: 74, Phantom: 581
[2026-04-03T03:04:52.928+0600][771.554s][info][gc,ref         ] GC(113) Enqueued    references: Soft: 2, Weak: 0, Final: 0, Phantom: 0
[2026-04-03T03:04:52.930+0600][771.556s][info][gc,ergo        ] GC(113) Adaptive CSet Selection. Target Free: 72533K, Actual Free: 13824K, Max CSet: 21333K, Min Garbage: 58709K
[2026-04-03T03:04:52.930+0600][771.556s][info][gc,ergo        ] GC(113) Collectable Garbage: 12080B (100%), Immediate: 0B (0%), CSet: 12080B (100%)
[2026-04-03T03:04:52.934+0600][771.560s][info][gc             ] GC(113) Cancelling GC: Allocation Failure During Evacuation
[2026-04-03T03:04:52.935+0600][771.562s][info][gc             ] GC(113) Cannot finish degeneration, upgrading to Full GC
[2026-04-03T03:04:52.938+0600][771.565s][info][gc,phases,start] GC(113) Phase 1: Mark live objects
[2026-04-03T03:04:52.938+0600][771.565s][info][gc,ref         ] GC(113) Clearing All SoftReferences
[2026-04-03T03:04:52.938+0600][771.565s][info][gc,ref         ] GC(113) Clearing All SoftReferences
[2026-04-03T03:04:57.249+0600][775.876s][info][gc,ref         ] GC(113) Encountered references: Soft: 2445, Weak: 2764, Final: 74, Phantom: 586
[2026-04-03T03:04:57.249+0600][775.876s][info][gc,ref         ] GC(113) Discovered  references: Soft: 235, Weak: 1607, Final: 74, Phantom: 582
[2026-04-03T03:04:57.249+0600][775.876s][info][gc,ref         ] GC(113) Enqueued    references: Soft: 0, Weak: 0, Final: 0, Phantom: 0
[2026-04-03T03:04:57.252+0600][775.878s][info][gc,phases      ] GC(113) Phase 1: Mark live objects 4313.409ms
[2026-04-03T03:04:57.252+0600][775.878s][info][gc,phases,start] GC(113) Phase 2: Compute new object addresses
[2026-04-03T03:04:57.341+0600][775.968s][info][gc,phases      ] GC(113) Phase 2: Compute new object addresses 89.661ms
[2026-04-03T03:04:57.342+0600][775.968s][info][gc,phases,start] GC(113) Phase 3: Adjust pointers
[2026-04-03T03:04:57.440+0600][776.066s][info][gc,phases      ] GC(113) Phase 3: Adjust pointers 98.554ms
[2026-04-03T03:04:57.440+0600][776.066s][info][gc,phases,start] GC(113) Phase 4: Move objects
[2026-04-03T03:04:57.535+0600][776.162s][info][gc,phases      ] GC(113) Phase 4: Move objects 95.048ms
[2026-04-03T03:04:57.535+0600][776.162s][info][gc,ergo        ] GC(113) Bad progress for free space: 299K, need 5120K
[2026-04-03T03:04:57.535+0600][776.162s][info][gc             ] GC(113) Pause Degenerated GC (Outside of Cycle) 485M->485M(500M) 8901.651ms
[2026-04-03T03:04:57.536+0600][776.162s][info][gc,ergo        ] Free: 272K, Max: 107K regular, 0B humongous, Frag: 0% external, 99% internal; Reserve: 13568K, Max: 256K
[2026-04-03T03:04:57.536+0600][776.162s][info][gc,stats       ] 
[2026-04-03T03:04:57.536+0600][776.162s][info][gc,stats       ] All times are wall-clock times, except per-root-class counters, that are sum over
[2026-04-03T03:04:57.536+0600][776.162s][info][gc,stats       ] all workers. Dividing the <total> over the root stage time estimates parallelism.
[2026-04-03T03:04:57.536+0600][776.162s][info][gc,stats       ] 
[2026-04-03T03:04:57.536+0600][776.162s][info][gc,stats       ] Pause Degenerated GC (G)        8901990 us
[2026-04-03T03:04:57.536+0600][776.162s][info][gc,stats       ] Pause Degenerated GC (N)        8901678 us
[2026-04-03T03:04:57.536+0600][776.162s][info][gc,stats       ]   Degen STW Mark                4293408 us, parallelism: 6.00x
[2026-04-03T03:04:57.536+0600][776.162s][info][gc,stats       ]     DSM: <total>               25753934 us
[2026-04-03T03:04:57.536+0600][776.162s][info][gc,stats       ]     DSM: Thread Roots               835 us, workers (us): 195, 252,  98,  98,  96,  96, 
[2026-04-03T03:04:57.536+0600][776.162s][info][gc,stats       ]     DSM: VM Strong Roots             23 us, workers (us):   2,   0,   6,   6,   8,   1, 
[2026-04-03T03:04:57.536+0600][776.162s][info][gc,stats       ]     DSM: CLDG Roots                 345 us, workers (us):  10,  19,  36,  36,  37, 208, 
[2026-04-03T03:04:57.536+0600][776.162s][info][gc,stats       ]     DSM: Parallel Mark         25752730 us, workers (us): 4292247, 4292169, 4292109, 4292128, 4292102, 4291975, 
[2026-04-03T03:04:57.536+0600][776.162s][info][gc,stats       ]     System Purge                   2093 us
[2026-04-03T03:04:57.536+0600][776.162s][info][gc,stats       ]       Weak References               398 us, parallelism: 0.72x
[2026-04-03T03:04:57.536+0600][776.162s][info][gc,stats       ]         WRP: <total>                288 us
[2026-04-03T03:04:57.536+0600][776.162s][info][gc,stats       ]         WRP: Weak References        288 us, workers (us):  91,  88, 108,   1,   0,   0, 
[2026-04-03T03:04:57.536+0600][776.162s][info][gc,stats       ]       Unload Classes               1479 us, parallelism: 5.04x
[2026-04-03T03:04:57.536+0600][776.162s][info][gc,stats       ]         DCU: <total>               7456 us
[2026-04-03T03:04:57.536+0600][776.162s][info][gc,stats       ]         DCU: Unload Code Caches     7456 us, workers (us): 1287, 1252, 1228, 1228, 1229, 1231, 
[2026-04-03T03:04:57.536+0600][776.162s][info][gc,stats       ]       Weak Roots                    200 us, parallelism: 2.73x
[2026-04-03T03:04:57.536+0600][776.162s][info][gc,stats       ]         DWR: <total>                548 us
[2026-04-03T03:04:57.536+0600][776.162s][info][gc,stats       ]         DWR: VM Weak Roots          548 us, workers (us): 156, 108,  86,  77,  75,  47, 
[2026-04-03T03:04:57.536+0600][776.162s][info][gc,stats       ]       CLDG                            3 us
[2026-04-03T03:04:57.536+0600][776.162s][info][gc,stats       ]   Update Region States               40 us
[2026-04-03T03:04:57.536+0600][776.162s][info][gc,stats       ]   Manage GC/TLABs                     8 us
[2026-04-03T03:04:57.536+0600][776.162s][info][gc,stats       ]   Choose Collection Set             185 us
[2026-04-03T03:04:57.536+0600][776.162s][info][gc,stats       ]   Rebuild Free Set                   41 us
[2026-04-03T03:04:57.536+0600][776.162s][info][gc,stats       ]   Evacuation                       5380 us
[2026-04-03T03:04:57.536+0600][776.162s][info][gc,stats       ]   Pre Heap Dump                       3 us
[2026-04-03T03:04:57.536+0600][776.162s][info][gc,stats       ]   Prepare                          2659 us
[2026-04-03T03:04:57.536+0600][776.162s][info][gc,stats       ]     Update Roots                   1617 us, parallelism: 5.35x
[2026-04-03T03:04:57.536+0600][776.162s][info][gc,stats       ]       FU: <total>                  8652 us
[2026-04-03T03:04:57.536+0600][776.162s][info][gc,stats       ]       FU: Thread Roots              606 us, workers (us):  98, 109, 133, 106,   4, 155, 
[2026-04-03T03:04:57.536+0600][776.162s][info][gc,stats       ]       FU: Code Cache Roots         6748 us, workers (us): 1147, 1135, 1048, 1097, 1240, 1080, 
[2026-04-03T03:04:57.536+0600][776.162s][info][gc,stats       ]       FU: VM Strong Roots            15 us, workers (us):  11,   1,   1,   1,   1,   1, 
[2026-04-03T03:04:57.536+0600][776.162s][info][gc,stats       ]       FU: VM Weak Roots             713 us, workers (us): 156, 152, 149, 101,  93,  62, 
[2026-04-03T03:04:57.536+0600][776.162s][info][gc,stats       ]       FU: CLDG Roots                571 us, workers (us):  75,  74, 143, 122,  73,  83, 
[2026-04-03T03:04:57.536+0600][776.162s][info][gc,stats       ]   Mark                          4313359 us, parallelism: 5.99x
[2026-04-03T03:04:57.536+0600][776.162s][info][gc,stats       ]     FM: <total>                25855756 us
[2026-04-03T03:04:57.536+0600][776.162s][info][gc,stats       ]     FM: Thread Roots                741 us, workers (us): 205, 115, 115, 166,  72,  68, 
[2026-04-03T03:04:57.536+0600][776.162s][info][gc,stats       ]     FM: VM Strong Roots              24 us, workers (us):   0,   6,   5,   0,   7,   5, 
[2026-04-03T03:04:57.536+0600][776.162s][info][gc,stats       ]     FM: CLDG Roots                  399 us, workers (us): 157,  54,  56,  21,  53,  58, 
[2026-04-03T03:04:57.536+0600][776.162s][info][gc,stats       ]     FM: Parallel Mark          25854591 us, workers (us): 4308996, 4309233, 4309211, 4308975, 4309105, 4309073, 
[2026-04-03T03:04:57.536+0600][776.162s][info][gc,stats       ]     System Purge                   2733 us
[2026-04-03T03:04:57.536+0600][776.162s][info][gc,stats       ]       Weak References               566 us, parallelism: 0.93x
[2026-04-03T03:04:57.536+0600][776.162s][info][gc,stats       ]         WRP: <total>                527 us
[2026-04-03T03:04:57.536+0600][776.162s][info][gc,stats       ]         WRP: Weak References        527 us, workers (us): 169, 318,  21,  18,   1,   1, 
[2026-04-03T03:04:57.536+0600][776.162s][info][gc,stats       ]       Unload Classes               1708 us, parallelism: 4.87x
[2026-04-03T03:04:57.536+0600][776.162s][info][gc,stats       ]         CU: <total>                8315 us
[2026-04-03T03:04:57.536+0600][776.162s][info][gc,stats       ]         CU: Unload Code Caches     8315 us, workers (us): 1463, 1390, 1351, 1380, 1365, 1366, 
[2026-04-03T03:04:57.536+0600][776.162s][info][gc,stats       ]       Weak Roots                    444 us, parallelism: 2.18x
[2026-04-03T03:04:57.536+0600][776.162s][info][gc,stats       ]         WR: <total>                 970 us
[2026-04-03T03:04:57.536+0600][776.162s][info][gc,stats       ]         WR: VM Weak Roots           970 us, workers (us): 179, 179, 155, 155, 151, 149, 
[2026-04-03T03:04:57.536+0600][776.162s][info][gc,stats       ]       CLDG                            2 us
[2026-04-03T03:04:57.536+0600][776.162s][info][gc,stats       ]   Calculate Addresses             89650 us
[2026-04-03T03:04:57.536+0600][776.162s][info][gc,stats       ]     Regular Objects               89519 us
[2026-04-03T03:04:57.536+0600][776.162s][info][gc,stats       ]     Humongous Objects                29 us
[2026-04-03T03:04:57.536+0600][776.162s][info][gc,stats       ]   Adjust Pointers                 98542 us
[2026-04-03T03:04:57.536+0600][776.162s][info][gc,stats       ]     FA: <total>                    6991 us
[2026-04-03T03:04:57.536+0600][776.162s][info][gc,stats       ]     FA: Thread Roots                449 us, workers (us): 177,  56,   3,  71, 140,   3, 
[2026-04-03T03:04:57.536+0600][776.162s][info][gc,stats       ]     FA: Code Cache Roots           5323 us, workers (us): 799, 930, 1000, 917, 753, 924, 
[2026-04-03T03:04:57.536+0600][776.162s][info][gc,stats       ]     FA: VM Strong Roots              17 us, workers (us):  14,   1,   1,   1,   1,   1, 
[2026-04-03T03:04:57.536+0600][776.162s][info][gc,stats       ]     FA: VM Weak Roots               668 us, workers (us): 181, 119, 117, 113,  71,  67, 
[2026-04-03T03:04:57.536+0600][776.162s][info][gc,stats       ]     FA: CLDG Roots                  533 us, workers (us):  71,  62,  60,  61, 156, 124, 
[2026-04-03T03:04:57.536+0600][776.162s][info][gc,stats       ]   Copy Objects                    95036 us
[2026-04-03T03:04:57.536+0600][776.162s][info][gc,stats       ]     Regular Objects               94180 us
[2026-04-03T03:04:57.536+0600][776.162s][info][gc,stats       ]     Humongous Objects                20 us
[2026-04-03T03:04:57.536+0600][776.162s][info][gc,stats       ]     Reset Complete Bitmap           662 us
[2026-04-03T03:04:57.536+0600][776.162s][info][gc,stats       ]     Rebuild Region Sets             170 us
[2026-04-03T03:04:57.536+0600][776.162s][info][gc,stats       ]   Post Heap Dump                      2 us
[2026-04-03T03:04:57.536+0600][776.162s][info][gc,stats       ] 
[2026-04-03T03:04:57.536+0600][776.162s][info][gc,stats       ] Allocation pacing accrued:
[2026-04-03T03:04:57.536+0600][776.162s][info][gc,stats       ]       0 of  8905 ms (  0.0%): <total>
[2026-04-03T03:04:57.536+0600][776.162s][info][gc,stats       ]       0 of  8905 ms (  0.0%): <average total>
[2026-04-03T03:04:57.536+0600][776.162s][info][gc,stats       ] 
[2026-04-03T03:04:57.536+0600][776.163s][info][gc,metaspace   ] Metaspace: 49713K(50048K)->49716K(50048K) NonClass: 43506K(43712K)->43507K(43712K) Class: 6207K(6336K)->6208K(6336K)
[2026-04-03T03:04:57.536+0600][776.163s][info][gc,ergo        ] Pacer for Idle. Initial: 10240K, Alloc Tax Rate: 1.0x
[2026-04-03T03:04:57.536+0600][776.163s][info][gc             ] Failed to allocate TLAB, 2656B
[2026-04-03T03:04:57.536+0600][776.163s][info][gc             ] Cancelling GC: Allocation Failure
[2026-04-03T03:04:57.537+0600][776.164s][info][gc             ] Trigger: Handle Allocation Failure
[2026-04-03T03:04:57.537+0600][776.164s][info][gc,ergo        ] Free: 0B, Max: 0B regular, 0B humongous, Frag: 0% external, 0% internal; Reserve: 13568K, Max: 256K
[2026-04-03T03:04:57.537+0600][776.164s][info][gc,start       ] GC(114) Pause Degenerated GC (Outside of Cycle)
[2026-04-03T03:04:57.537+0600][776.164s][info][gc,task        ] GC(114) Using 6 of 6 workers for stw degenerated gc
[2026-04-03T03:04:57.538+0600][776.164s][info][gc,ref         ] GC(114) Clearing All SoftReferences
[2026-04-03T03:05:00.868+0600][779.494s][info][gc,ref         ] GC(114) Encountered references: Soft: 2446, Weak: 2767, Final: 74, Phantom: 586
[2026-04-03T03:05:00.868+0600][779.494s][info][gc,ref         ] GC(114) Discovered  references: Soft: 242, Weak: 1216, Final: 59, Phantom: 582
[2026-04-03T03:05:00.868+0600][779.494s][info][gc,ref         ] GC(114) Enqueued    references: Soft: 1, Weak: 3, Final: 0, Phantom: 0
[2026-04-03T03:05:00.870+0600][779.496s][info][gc,ergo        ] GC(114) Adaptive CSet Selection. Target Free: 72533K, Actual Free: 13568K, Max CSet: 21333K, Min Garbage: 58965K
[2026-04-03T03:05:00.870+0600][779.497s][info][gc,ergo        ] GC(114) Collectable Garbage: 93464B (100%), Immediate: 0B (0%), CSet: 93464B (100%)
[2026-04-03T03:05:00.875+0600][779.502s][info][gc             ] GC(114) Cancelling GC: Allocation Failure During Evacuation
[2026-04-03T03:05:00.877+0600][779.503s][info][gc             ] GC(114) Cannot finish degeneration, upgrading to Full GC
[2026-04-03T03:05:00.881+0600][779.507s][info][gc,phases,start] GC(114) Phase 1: Mark live objects
[2026-04-03T03:05:00.881+0600][779.508s][info][gc,ref         ] GC(114) Clearing All SoftReferences
[2026-04-03T03:05:00.881+0600][779.508s][info][gc,ref         ] GC(114) Clearing All SoftReferences
[2026-04-03T03:05:04.981+0600][783.607s][info][gc,ref         ] GC(114) Encountered references: Soft: 2445, Weak: 2764, Final: 74, Phantom: 586
[2026-04-03T03:05:04.981+0600][783.607s][info][gc,ref         ] GC(114) Discovered  references: Soft: 239, Weak: 1429, Final: 74, Phantom: 582
[2026-04-03T03:05:04.981+0600][783.607s][info][gc,ref         ] GC(114) Enqueued    references: Soft: 0, Weak: 0, Final: 0, Phantom: 0
[2026-04-03T03:05:04.983+0600][783.609s][info][gc,phases      ] GC(114) Phase 1: Mark live objects 4101.855ms
[2026-04-03T03:05:04.983+0600][783.609s][info][gc,phases,start] GC(114) Phase 2: Compute new object addresses
[2026-04-03T03:05:05.067+0600][783.693s][info][gc,phases      ] GC(114) Phase 2: Compute new object addresses 83.676ms
[2026-04-03T03:05:05.067+0600][783.693s][info][gc,phases,start] GC(114) Phase 3: Adjust pointers
[2026-04-03T03:05:05.166+0600][783.792s][info][gc,phases      ] GC(114) Phase 3: Adjust pointers 99.154ms
[2026-04-03T03:05:05.166+0600][783.792s][info][gc,phases,start] GC(114) Phase 4: Move objects
[2026-04-03T03:05:05.258+0600][783.884s][info][gc,phases      ] GC(114) Phase 4: Move objects 91.767ms
[2026-04-03T03:05:05.258+0600][783.884s][info][gc,ergo        ] GC(114) Bad progress for free space: 121K, need 5120K
[2026-04-03T03:05:05.258+0600][783.884s][info][gc             ] GC(114) Pause Degenerated GC (Outside of Cycle) 485M->485M(500M) 7720.497ms
[2026-04-03T03:05:05.258+0600][783.884s][info][gc,ergo        ] Free: 121K, Max: 29008B regular, 0B humongous, Frag: 0% external, 99% internal; Reserve: 13568K, Max: 256K
[2026-04-03T03:05:05.258+0600][783.885s][info][gc,stats       ] 
[2026-04-03T03:05:05.258+0600][783.885s][info][gc,stats       ] All times are wall-clock times, except per-root-class counters, that are sum over
[2026-04-03T03:05:05.258+0600][783.885s][info][gc,stats       ] all workers. Dividing the <total> over the root stage time estimates parallelism.
[2026-04-03T03:05:05.258+0600][783.885s][info][gc,stats       ] 
[2026-04-03T03:05:05.258+0600][783.885s][info][gc,stats       ] Pause Degenerated GC (G)        7720694 us
[2026-04-03T03:05:05.258+0600][783.885s][info][gc,stats       ] Pause Degenerated GC (N)        7720507 us
[2026-04-03T03:05:05.258+0600][783.885s][info][gc,stats       ]   Degen STW Mark                3329708 us, parallelism: 6.00x
[2026-04-03T03:05:05.258+0600][783.885s][info][gc,stats       ]     DSM: <total>               19971350 us
[2026-04-03T03:05:05.258+0600][783.885s][info][gc,stats       ]     DSM: Thread Roots               662 us, workers (us): 153,  94, 135,  58,  57, 166, 
[2026-04-03T03:05:05.258+0600][783.885s][info][gc,stats       ]     DSM: VM Strong Roots             16 us, workers (us):   0,   5,   0,   6,   4,   0, 
[2026-04-03T03:05:05.258+0600][783.885s][info][gc,stats       ]     DSM: CLDG Roots                 193 us, workers (us): 103,  25,  14,  22,  22,   6, 
[2026-04-03T03:05:05.258+0600][783.885s][info][gc,stats       ]     DSM: Parallel Mark         19970479 us, workers (us): 3328225, 3328686, 3328377, 3328677, 3328305, 3328209, 
[2026-04-03T03:05:05.258+0600][783.885s][info][gc,stats       ]     System Purge                   2516 us
[2026-04-03T03:05:05.258+0600][783.885s][info][gc,stats       ]       Weak References               418 us, parallelism: 0.76x
[2026-04-03T03:05:05.258+0600][783.885s][info][gc,stats       ]         WRP: <total>                318 us
[2026-04-03T03:05:05.258+0600][783.885s][info][gc,stats       ]         WRP: Weak References        318 us, workers (us): 229,  55,  34,   0,   0,   0, 
[2026-04-03T03:05:05.258+0600][783.885s][info][gc,stats       ]       Unload Classes               1851 us, parallelism: 5.48x
[2026-04-03T03:05:05.258+0600][783.885s][info][gc,stats       ]         DCU: <total>              10143 us
[2026-04-03T03:05:05.258+0600][783.885s][info][gc,stats       ]         DCU: Unload Code Caches    10143 us, workers (us): 1756, 1721, 1684, 1666, 1651, 1665, 
[2026-04-03T03:05:05.258+0600][783.885s][info][gc,stats       ]       Weak Roots                    233 us, parallelism: 2.64x
[2026-04-03T03:05:05.258+0600][783.885s][info][gc,stats       ]         DWR: <total>                615 us
[2026-04-03T03:05:05.258+0600][783.885s][info][gc,stats       ]         DWR: VM Weak Roots          615 us, workers (us): 179, 138,  81,  74,  74,  69, 
[2026-04-03T03:05:05.258+0600][783.885s][info][gc,stats       ]       CLDG                            3 us
[2026-04-03T03:05:05.258+0600][783.885s][info][gc,stats       ]   Update Region States               32 us
[2026-04-03T03:05:05.258+0600][783.885s][info][gc             ] Failed to allocate TLAB, 2648B
[2026-04-03T03:05:05.258+0600][783.885s][info][gc             ] Cancelling GC: Allocation Failure
[2026-04-03T03:05:05.258+0600][783.885s][info][gc,stats       ]   Manage GC/TLABs                    12 us
[2026-04-03T03:05:05.258+0600][783.885s][info][gc,stats       ]   Choose Collection Set             236 us
[2026-04-03T03:05:05.258+0600][783.885s][info][gc,stats       ]   Rebuild Free Set                   55 us
[2026-04-03T03:05:05.258+0600][783.885s][info][gc,stats       ]   Evacuation                       6295 us
[2026-04-03T03:05:05.258+0600][783.885s][info][gc,stats       ]   Pre Heap Dump                       2 us
[2026-04-03T03:05:05.258+0600][783.885s][info][gc,stats       ]   Prepare                          3878 us
[2026-04-03T03:05:05.258+0600][783.885s][info][gc,stats       ]     Update Roots                   2445 us, parallelism: 5.08x
[2026-04-03T03:05:05.259+0600][783.885s][info][gc,stats       ]       FU: <total>                 12419 us
[2026-04-03T03:05:05.259+0600][783.885s][info][gc,stats       ]       FU: Thread Roots              755 us, workers (us): 332, 118,  80,  45,   4, 176, 
[2026-04-03T03:05:05.259+0600][783.885s][info][gc,stats       ]       FU: Code Cache Roots         9741 us, workers (us): 1430, 1649, 1621, 1597, 1853, 1591, 
[2026-04-03T03:05:05.259+0600][783.885s][info][gc,stats       ]       FU: VM Strong Roots            26 us, workers (us):  12,   9,   2,   2,   2,   1, 
[2026-04-03T03:05:05.259+0600][783.885s][info][gc,stats       ]       FU: VM Weak Roots             935 us, workers (us): 185, 187, 185, 136, 136, 106, 
[2026-04-03T03:05:05.259+0600][783.885s][info][gc,stats       ]       FU: CLDG Roots                962 us, workers (us): 133, 126, 194, 252, 130, 127, 
[2026-04-03T03:05:05.259+0600][783.885s][info][gc,stats       ]   Mark                          4101757 us, parallelism: 5.99x
[2026-04-03T03:05:05.259+0600][783.885s][info][gc,stats       ]     FM: <total>                24589018 us
[2026-04-03T03:05:05.259+0600][783.885s][info][gc,stats       ]     FM: Thread Roots                966 us, workers (us): 243, 242, 148, 157,  87,  89, 
[2026-04-03T03:05:05.259+0600][783.885s][info][gc,stats       ]     FM: VM Strong Roots              38 us, workers (us):   9,   1,   9,   1,  11,   8, 
[2026-04-03T03:05:05.259+0600][783.885s][info][gc,stats       ]     FM: CLDG Roots                  454 us, workers (us):  53, 217,  48,  33,  52,  51, 
[2026-04-03T03:05:05.259+0600][783.885s][info][gc,stats       ]     FM: Parallel Mark          24587560 us, workers (us): 4097929, 4097793, 4098032, 4097882, 4098024, 4097900, 
[2026-04-03T03:05:05.259+0600][783.885s][info][gc,stats       ]     System Purge                   2485 us
[2026-04-03T03:05:05.259+0600][783.885s][info][gc,stats       ]       Weak References               606 us, parallelism: 0.85x
[2026-04-03T03:05:05.259+0600][783.885s][info][gc,stats       ]         WRP: <total>                517 us
[2026-04-03T03:05:05.259+0600][783.885s][info][gc,stats       ]         WRP: Weak References        517 us, workers (us): 173,  55, 288,   0,   1,   0, 
[2026-04-03T03:05:05.259+0600][783.885s][info][gc,stats       ]       Unload Classes               1609 us, parallelism: 5.01x
[2026-04-03T03:05:05.259+0600][783.885s][info][gc,stats       ]         CU: <total>                8064 us
[2026-04-03T03:05:05.259+0600][783.885s][info][gc,stats       ]         CU: Unload Code Caches     8064 us, workers (us): 1359, 1361, 1319, 1387, 1318, 1320, 
[2026-04-03T03:05:05.259+0600][783.885s][info][gc,stats       ]       Weak Roots                    255 us, parallelism: 3.01x
[2026-04-03T03:05:05.259+0600][783.885s][info][gc,stats       ]         WR: <total>                 767 us
[2026-04-03T03:05:05.259+0600][783.885s][info][gc,stats       ]         WR: VM Weak Roots           767 us, workers (us): 198, 195, 116, 106,  73,  79, 
[2026-04-03T03:05:05.259+0600][783.885s][info][gc,stats       ]       CLDG                            2 us
[2026-04-03T03:05:05.259+0600][783.885s][info][gc,stats       ]   Calculate Addresses             83664 us
[2026-04-03T03:05:05.259+0600][783.885s][info][gc,stats       ]     Regular Objects               83533 us
[2026-04-03T03:05:05.259+0600][783.885s][info][gc,stats       ]     Humongous Objects                28 us
[2026-04-03T03:05:05.259+0600][783.885s][info][gc,stats       ]   Adjust Pointers                 99141 us
[2026-04-03T03:05:05.259+0600][783.885s][info][gc,stats       ]     FA: <total>                    7661 us
[2026-04-03T03:05:05.259+0600][783.885s][info][gc,stats       ]     FA: Thread Roots                438 us, workers (us):  61,  44,  27,  82,   5, 220, 
[2026-04-03T03:05:05.259+0600][783.885s][info][gc,stats       ]     FA: Code Cache Roots           5923 us, workers (us): 962, 1044, 947, 1011, 1085, 873, 
[2026-04-03T03:05:05.259+0600][783.885s][info][gc,stats       ]     FA: VM Strong Roots              18 us, workers (us):  13,   3,   1,   1,   1,   1, 
[2026-04-03T03:05:05.259+0600][783.885s][info][gc,stats       ]     FA: VM Weak Roots               688 us, workers (us): 151, 151, 119, 120, 100,  46, 
[2026-04-03T03:05:05.259+0600][783.885s][info][gc,stats       ]     FA: CLDG Roots                  594 us, workers (us): 138,  77, 184,  64,  66,  65, 
[2026-04-03T03:05:05.259+0600][783.885s][info][gc,stats       ]   Copy Objects                    91754 us
[2026-04-03T03:05:05.259+0600][783.885s][info][gc,stats       ]     Regular Objects               90886 us
[2026-04-03T03:05:05.259+0600][783.885s][info][gc,stats       ]     Humongous Objects                21 us
[2026-04-03T03:05:05.259+0600][783.885s][info][gc,stats       ]     Reset Complete Bitmap           653 us
[2026-04-03T03:05:05.259+0600][783.885s][info][gc,stats       ]     Rebuild Region Sets             192 us
[2026-04-03T03:05:05.259+0600][783.885s][info][gc,stats       ]   Post Heap Dump                      1 us
[2026-04-03T03:05:05.259+0600][783.885s][info][gc,stats       ] 
[2026-04-03T03:05:05.259+0600][783.885s][info][gc,stats       ] Allocation pacing accrued:
[2026-04-03T03:05:05.259+0600][783.885s][info][gc,stats       ]       0 of  7723 ms (  0.0%): <total>
[2026-04-03T03:05:05.259+0600][783.885s][info][gc,stats       ]       0 of  7723 ms (  0.0%): <average total>
[2026-04-03T03:05:05.259+0600][783.885s][info][gc,stats       ] 
[2026-04-03T03:05:05.259+0600][783.885s][info][gc,metaspace   ] Metaspace: 49716K(50048K)->49716K(50048K) NonClass: 43507K(43712K)->43507K(43712K) Class: 6208K(6336K)->6208K(6336K)
[2026-04-03T03:05:05.259+0600][783.885s][info][gc,ergo        ] Pacer for Idle. Initial: 10240K, Alloc Tax Rate: 1.0x
[2026-04-03T03:05:05.260+0600][783.886s][info][gc             ] Trigger: Handle Allocation Failure
[2026-04-03T03:05:05.260+0600][783.886s][info][gc,ergo        ] Free: 0B, Max: 0B regular, 0B humongous, Frag: 0% external, 0% internal; Reserve: 13568K, Max: 256K
[2026-04-03T03:05:05.260+0600][783.887s][info][gc,start       ] GC(115) Pause Degenerated GC (Outside of Cycle)
[2026-04-03T03:05:05.260+0600][783.887s][info][gc,task        ] GC(115) Using 6 of 6 workers for stw degenerated gc
[2026-04-03T03:05:05.261+0600][783.887s][info][gc,ref         ] GC(115) Clearing All SoftReferences
[2026-04-03T03:05:09.181+0600][787.807s][info][gc,ref         ] GC(115) Encountered references: Soft: 2445, Weak: 2764, Final: 74, Phantom: 586
[2026-04-03T03:05:09.181+0600][787.807s][info][gc,ref         ] GC(115) Discovered  references: Soft: 240, Weak: 1011, Final: 60, Phantom: 581
[2026-04-03T03:05:09.181+0600][787.808s][info][gc,ref         ] GC(115) Enqueued    references: Soft: 0, Weak: 0, Final: 0, Phantom: 0
[2026-04-03T03:05:09.183+0600][787.809s][info][gc,ergo        ] GC(115) Adaptive CSet Selection. Target Free: 72533K, Actual Free: 13568K, Max CSet: 21333K, Min Garbage: 58965K
[2026-04-03T03:05:09.183+0600][787.810s][info][gc,ergo        ] GC(115) Collectable Garbage: 31256B (100%), Immediate: 0B (0%), CSet: 31256B (100%)
[2026-04-03T03:05:09.187+0600][787.814s][info][gc             ] GC(115) Cancelling GC: Allocation Failure During Evacuation
[2026-04-03T03:05:09.189+0600][787.815s][info][gc             ] GC(115) Cannot finish degeneration, upgrading to Full GC
[2026-04-03T03:05:09.192+0600][787.818s][info][gc,phases,start] GC(115) Phase 1: Mark live objects
[2026-04-03T03:05:09.192+0600][787.818s][info][gc,ref         ] GC(115) Clearing All SoftReferences
[2026-04-03T03:05:09.192+0600][787.819s][info][gc,ref         ] GC(115) Clearing All SoftReferences
[2026-04-03T03:05:13.175+0600][791.801s][info][gc,ref         ] GC(115) Encountered references: Soft: 2445, Weak: 2764, Final: 74, Phantom: 586
[2026-04-03T03:05:13.175+0600][791.802s][info][gc,ref         ] GC(115) Discovered  references: Soft: 239, Weak: 1297, Final: 74, Phantom: 577
[2026-04-03T03:05:13.175+0600][791.802s][info][gc,ref         ] GC(115) Enqueued    references: Soft: 0, Weak: 0, Final: 0, Phantom: 0
[2026-04-03T03:05:13.178+0600][791.804s][info][gc,phases      ] GC(115) Phase 1: Mark live objects 3985.586ms
[2026-04-03T03:05:13.178+0600][791.804s][info][gc,phases,start] GC(115) Phase 2: Compute new object addresses
[2026-04-03T03:05:13.268+0600][791.894s][info][gc,phases      ] GC(115) Phase 2: Compute new object addresses 90.270ms
[2026-04-03T03:05:13.268+0600][791.894s][info][gc,phases,start] GC(115) Phase 3: Adjust pointers
[2026-04-03T03:05:13.367+0600][791.994s][info][gc,phases      ] GC(115) Phase 3: Adjust pointers 99.316ms
[2026-04-03T03:05:13.367+0600][791.994s][info][gc,phases,start] GC(115) Phase 4: Move objects
[2026-04-03T03:05:13.461+0600][792.087s][info][gc,phases      ] GC(115) Phase 4: Move objects 93.399ms
[2026-04-03T03:05:13.461+0600][792.087s][info][gc,ergo        ] GC(115) Bad progress for free space: 322K, need 5120K
[2026-04-03T03:05:13.461+0600][792.087s][info][gc             ] GC(115) Pause Degenerated GC (Outside of Cycle) 485M->485M(500M) 8200.793ms
[2026-04-03T03:05:13.461+0600][792.088s][info][gc,ergo        ] Free: 297K, Max: 107K regular, 0B humongous, Frag: 0% external, 99% internal; Reserve: 13312K, Max: 256K
[2026-04-03T03:05:13.461+0600][792.088s][info][gc,stats       ] 
[2026-04-03T03:05:13.461+0600][792.088s][info][gc,stats       ] All times are wall-clock times, except per-root-class counters, that are sum over
[2026-04-03T03:05:13.461+0600][792.088s][info][gc,stats       ] all workers. Dividing the <total> over the root stage time estimates parallelism.
[2026-04-03T03:05:13.461+0600][792.088s][info][gc,stats       ] 
[2026-04-03T03:05:13.461+0600][792.088s][info][gc,stats       ] Pause Degenerated GC (G)        8201071 us
[2026-04-03T03:05:13.461+0600][792.088s][info][gc,stats       ] Pause Degenerated GC (N)        8200801 us
[2026-04-03T03:05:13.461+0600][792.088s][info][gc,stats       ]   Degen STW Mark                3920066 us, parallelism: 6.00x
[2026-04-03T03:05:13.461+0600][792.088s][info][gc,stats       ]     DSM: <total>               23513774 us
[2026-04-03T03:05:13.461+0600][792.088s][info][gc,stats       ]     DSM: Thread Roots               744 us, workers (us): 186, 106, 102, 158, 105,  87, 
[2026-04-03T03:05:13.461+0600][792.088s][info][gc,stats       ]     DSM: VM Strong Roots             20 us, workers (us):   0,   4,   5,   0,   6,   4, 
[2026-04-03T03:05:13.461+0600][792.088s][info][gc,stats       ]     DSM: CLDG Roots                 253 us, workers (us): 125,  32,  32,   6,  27,  32, 
[2026-04-03T03:05:13.461+0600][792.088s][info][gc,stats       ]     DSM: Parallel Mark         23512757 us, workers (us): 3918685, 3918782, 3918787, 3918851, 3918873, 3918779, 
[2026-04-03T03:05:13.461+0600][792.088s][info][gc,stats       ]     System Purge                   2461 us
[2026-04-03T03:05:13.461+0600][792.088s][info][gc,stats       ]       Weak References               614 us, parallelism: 0.71x
[2026-04-03T03:05:13.461+0600][792.088s][info][gc,stats       ]         WRP: <total>                439 us
[2026-04-03T03:05:13.461+0600][792.088s][info][gc,stats       ]         WRP: Weak References        439 us, workers (us): 347,  44,  48,   0,   0,   0, 
[2026-04-03T03:05:13.461+0600][792.088s][info][gc,stats       ]       Unload Classes               1600 us, parallelism: 4.89x
[2026-04-03T03:05:13.461+0600][792.088s][info][gc,stats       ]         DCU: <total>               7826 us
[2026-04-03T03:05:13.461+0600][792.088s][info][gc,stats       ]         DCU: Unload Code Caches     7826 us, workers (us): 1380, 1359, 1261, 1285, 1267, 1276, 
[2026-04-03T03:05:13.461+0600][792.088s][info][gc,stats       ]       Weak Roots                    230 us, parallelism: 2.24x
[2026-04-03T03:05:13.461+0600][792.088s][info][gc,stats       ]         DWR: <total>                514 us
[2026-04-03T03:05:13.461+0600][792.088s][info][gc,stats       ]         DWR: VM Weak Roots          514 us, workers (us): 172, 153,  83,  55,  26,  26, 
[2026-04-03T03:05:13.461+0600][792.088s][info][gc,stats       ]       CLDG                            3 us
[2026-04-03T03:05:13.461+0600][792.088s][info][gc,stats       ]   Update Region States               47 us
[2026-04-03T03:05:13.461+0600][792.088s][info][gc,stats       ]   Manage GC/TLABs                     8 us
[2026-04-03T03:05:13.461+0600][792.088s][info][gc,stats       ]   Choose Collection Set             197 us
[2026-04-03T03:05:13.461+0600][792.088s][info][gc,stats       ]   Rebuild Free Set                   38 us
[2026-04-03T03:05:13.461+0600][792.088s][info][gc,stats       ]   Evacuation                       5376 us
[2026-04-03T03:05:13.461+0600][792.088s][info][gc,stats       ]   Pre Heap Dump                       2 us
[2026-04-03T03:05:13.461+0600][792.088s][info][gc,stats       ]   Prepare                          2897 us
[2026-04-03T03:05:13.461+0600][792.088s][info][gc,stats       ]     Update Roots                   1899 us, parallelism: 4.90x
[2026-04-03T03:05:13.461+0600][792.088s][info][gc,stats       ]       FU: <total>                  9310 us
[2026-04-03T03:05:13.461+0600][792.088s][info][gc,stats       ]       FU: Thread Roots              637 us, workers (us):  98, 181, 191,   5,   3, 159, 
[2026-04-03T03:05:13.461+0600][792.088s][info][gc,stats       ]       FU: Code Cache Roots         7359 us, workers (us): 1241, 1115, 1152, 1280, 1388, 1183, 
[2026-04-03T03:05:13.461+0600][792.088s][info][gc,stats       ]       FU: VM Strong Roots            17 us, workers (us):   7,   7,   1,   1,   1,   1, 
[2026-04-03T03:05:13.462+0600][792.088s][info][gc,stats       ]       FU: VM Weak Roots             678 us, workers (us): 181, 182, 104,  75,  76,  60, 
[2026-04-03T03:05:13.462+0600][792.088s][info][gc,stats       ]       FU: CLDG Roots                619 us, workers (us):  78, 121,  77, 177,  86,  80, 
[2026-04-03T03:05:13.462+0600][792.088s][info][gc,stats       ]   Mark                          3985491 us, parallelism: 5.99x
[2026-04-03T03:05:13.462+0600][792.088s][info][gc,stats       ]     FM: <total>                23886438 us
[2026-04-03T03:05:13.462+0600][792.088s][info][gc,stats       ]     FM: Thread Roots                701 us, workers (us): 194, 252,  98,  68,  44,  44, 
[2026-04-03T03:05:13.462+0600][792.088s][info][gc,stats       ]     FM: VM Strong Roots              24 us, workers (us):   1,   0,   0,   7,   6,   9, 
[2026-04-03T03:05:13.462+0600][792.088s][info][gc,stats       ]     FM: CLDG Roots                  288 us, workers (us): 139,  23,  20,  32,  36,  36, 
[2026-04-03T03:05:13.462+0600][792.088s][info][gc,stats       ]     FM: Parallel Mark          23885426 us, workers (us): 3980928, 3980726, 3980915, 3981026, 3980903, 3980928, 
[2026-04-03T03:05:13.462+0600][792.088s][info][gc,stats       ]     System Purge                   3113 us
[2026-04-03T03:05:13.462+0600][792.088s][info][gc,stats       ]       Weak References               762 us, parallelism: 0.95x
[2026-04-03T03:05:13.462+0600][792.088s][info][gc,stats       ]         WRP: <total>                727 us
[2026-04-03T03:05:13.462+0600][792.088s][info][gc,stats       ]         WRP: Weak References        727 us, workers (us): 110, 526,  21,  41,  28,   0, 
[2026-04-03T03:05:13.462+0600][792.088s][info][gc,stats       ]       Unload Classes               1813 us, parallelism: 4.81x
[2026-04-03T03:05:13.462+0600][792.088s][info][gc,stats       ]         CU: <total>                8728 us
[2026-04-03T03:05:13.462+0600][792.088s][info][gc,stats       ]         CU: Unload Code Caches     8728 us, workers (us): 1480, 1467, 1462, 1445, 1452, 1422, 
[2026-04-03T03:05:13.462+0600][792.088s][info][gc,stats       ]       Weak Roots                    521 us, parallelism: 1.79x
[2026-04-03T03:05:13.462+0600][792.088s][info][gc,stats       ]         WR: <total>                 934 us
[2026-04-03T03:05:13.462+0600][792.088s][info][gc,stats       ]         WR: VM Weak Roots           934 us, workers (us): 165, 161, 159, 151, 149, 149, 
[2026-04-03T03:05:13.462+0600][792.088s][info][gc,stats       ]       CLDG                            3 us
[2026-04-03T03:05:13.462+0600][792.088s][info][gc,stats       ]   Calculate Addresses             90256 us
[2026-04-03T03:05:13.462+0600][792.088s][info][gc,stats       ]     Regular Objects               90128 us
[2026-04-03T03:05:13.462+0600][792.088s][info][gc,stats       ]     Humongous Objects                29 us
[2026-04-03T03:05:13.462+0600][792.088s][info][gc,stats       ]   Adjust Pointers                 99306 us
[2026-04-03T03:05:13.462+0600][792.088s][info][gc,stats       ]     FA: <total>                    7239 us
[2026-04-03T03:05:13.462+0600][792.088s][info][gc,stats       ]     FA: Thread Roots                463 us, workers (us):   3,   2, 100, 167,  86, 105, 
[2026-04-03T03:05:13.462+0600][792.088s][info][gc,stats       ]     FA: Code Cache Roots           5620 us, workers (us): 999, 1211, 895, 814, 906, 795, 
[2026-04-03T03:05:13.462+0600][792.088s][info][gc,stats       ]     FA: VM Strong Roots              18 us, workers (us):  14,   1,   1,   1,   1,   1, 
[2026-04-03T03:05:13.462+0600][792.088s][info][gc,stats       ]     FA: VM Weak Roots               590 us, workers (us): 166, 102, 102,  78,  76,  66, 
[2026-04-03T03:05:13.462+0600][792.088s][info][gc,stats       ]     FA: CLDG Roots                  549 us, workers (us):  58, 149,  59,  70,  61, 153, 
[2026-04-03T03:05:13.462+0600][792.088s][info][gc,stats       ]   Copy Objects                    93387 us
[2026-04-03T03:05:13.462+0600][792.088s][info][gc,stats       ]     Regular Objects               92549 us
[2026-04-03T03:05:13.462+0600][792.088s][info][gc,stats       ]     Humongous Objects                20 us
[2026-04-03T03:05:13.462+0600][792.088s][info][gc,stats       ]     Reset Complete Bitmap           604 us
[2026-04-03T03:05:13.462+0600][792.088s][info][gc,stats       ]     Rebuild Region Sets             210 us
[2026-04-03T03:05:13.462+0600][792.088s][info][gc,stats       ]   Post Heap Dump                      1 us
[2026-04-03T03:05:13.462+0600][792.088s][info][gc,stats       ] 
[2026-04-03T03:05:13.462+0600][792.088s][info][gc,stats       ] Allocation pacing accrued:
[2026-04-03T03:05:13.462+0600][792.088s][info][gc,stats       ]       0 of  8203 ms (  0.0%): <total>
[2026-04-03T03:05:13.462+0600][792.088s][info][gc,stats       ]       0 of  8203 ms (  0.0%): <average total>
[2026-04-03T03:05:13.462+0600][792.088s][info][gc,stats       ] 
[2026-04-03T03:05:13.462+0600][792.088s][info][gc             ] Failed to allocate TLAB, 2656B
[2026-04-03T03:05:13.462+0600][792.088s][info][gc             ] Cancelling GC: Allocation Failure
[2026-04-03T03:05:13.462+0600][792.088s][info][gc,metaspace   ] Metaspace: 49716K(50048K)->49721K(50048K) NonClass: 43507K(43712K)->43511K(43712K) Class: 6208K(6336K)->6209K(6336K)
[2026-04-03T03:05:13.462+0600][792.088s][info][gc,ergo        ] Pacer for Idle. Initial: 10240K, Alloc Tax Rate: 1.0x
[2026-04-03T03:05:13.463+0600][792.089s][info][gc             ] Trigger: Handle Allocation Failure
[2026-04-03T03:05:13.463+0600][792.089s][info][gc,ergo        ] Free: 0B, Max: 0B regular, 0B humongous, Frag: 0% external, 0% internal; Reserve: 13312K, Max: 256K
[2026-04-03T03:05:13.463+0600][792.090s][info][gc,start       ] GC(116) Pause Degenerated GC (Outside of Cycle)
[2026-04-03T03:05:13.463+0600][792.090s][info][gc,task        ] GC(116) Using 6 of 6 workers for stw degenerated gc
[2026-04-03T03:05:13.464+0600][792.090s][info][gc,ref         ] GC(116) Clearing All SoftReferences
[2026-04-03T03:05:17.519+0600][796.145s][info][gc,ref         ] GC(116) Encountered references: Soft: 2448, Weak: 2770, Final: 74, Phantom: 586
[2026-04-03T03:05:17.519+0600][796.145s][info][gc,ref         ] GC(116) Discovered  references: Soft: 243, Weak: 1498, Final: 74, Phantom: 582
[2026-04-03T03:05:17.519+0600][796.145s][info][gc,ref         ] GC(116) Enqueued    references: Soft: 3, Weak: 5, Final: 0, Phantom: 0
[2026-04-03T03:05:17.521+0600][796.147s][info][gc,ergo        ] GC(116) Adaptive CSet Selection. Target Free: 72533K, Actual Free: 13312K, Max CSet: 21333K, Min Garbage: 59221K
[2026-04-03T03:05:17.521+0600][796.148s][info][gc,ergo        ] GC(116) Collectable Garbage: 102K (100%), Immediate: 0B (0%), CSet: 102K (100%)
[2026-04-03T03:05:17.525+0600][796.152s][info][gc             ] GC(116) Cancelling GC: Allocation Failure During Evacuation
[2026-04-03T03:05:17.527+0600][796.153s][info][gc             ] GC(116) Cannot finish degeneration, upgrading to Full GC
[2026-04-03T03:05:17.529+0600][796.156s][info][gc,phases,start] GC(116) Phase 1: Mark live objects
[2026-04-03T03:05:17.530+0600][796.156s][info][gc,ref         ] GC(116) Clearing All SoftReferences
[2026-04-03T03:05:17.530+0600][796.156s][info][gc,ref         ] GC(116) Clearing All SoftReferences
[2026-04-03T03:05:21.752+0600][800.378s][info][gc,ref         ] GC(116) Encountered references: Soft: 2445, Weak: 2765, Final: 74, Phantom: 586
[2026-04-03T03:05:21.752+0600][800.378s][info][gc,ref         ] GC(116) Discovered  references: Soft: 236, Weak: 1517, Final: 74, Phantom: 582
[2026-04-03T03:05:21.752+0600][800.378s][info][gc,ref         ] GC(116) Enqueued    references: Soft: 0, Weak: 0, Final: 0, Phantom: 0
[2026-04-03T03:05:21.754+0600][800.380s][info][gc,phases      ] GC(116) Phase 1: Mark live objects 4224.445ms
[2026-04-03T03:05:21.754+0600][800.380s][info][gc,phases,start] GC(116) Phase 2: Compute new object addresses
[2026-04-03T03:05:21.841+0600][800.468s][info][gc,phases      ] GC(116) Phase 2: Compute new object addresses 87.519ms
[2026-04-03T03:05:21.842+0600][800.468s][info][gc,phases,start] GC(116) Phase 3: Adjust pointers
[2026-04-03T03:05:21.941+0600][800.567s][info][gc,phases      ] GC(116) Phase 3: Adjust pointers 99.306ms
[2026-04-03T03:05:21.941+0600][800.567s][info][gc,phases,start] GC(116) Phase 4: Move objects
[2026-04-03T03:05:22.032+0600][800.658s][info][gc,phases      ] GC(116) Phase 4: Move objects 90.777ms
[2026-04-03T03:05:22.032+0600][800.658s][info][gc,ergo        ] GC(116) Bad progress for free space: 134K, need 5120K
[2026-04-03T03:05:22.032+0600][800.658s][info][gc             ] GC(116) Pause Degenerated GC (Outside of Cycle) 485M->485M(500M) 8568.756ms
[2026-04-03T03:05:22.032+0600][800.659s][info][gc,ergo        ] Free: 119K, Max: 30496B regular, 0B humongous, Frag: 0% external, 99% internal; Reserve: 13312K, Max: 256K
[2026-04-03T03:05:22.032+0600][800.659s][info][gc,stats       ] 
[2026-04-03T03:05:22.032+0600][800.659s][info][gc,stats       ] All times are wall-clock times, except per-root-class counters, that are sum over
[2026-04-03T03:05:22.032+0600][800.659s][info][gc,stats       ] all workers. Dividing the <total> over the root stage time estimates parallelism.
[2026-04-03T03:05:22.032+0600][800.659s][info][gc,stats       ] 
[2026-04-03T03:05:22.032+0600][800.659s][info][gc,stats       ] Pause Degenerated GC (G)        8569093 us
[2026-04-03T03:05:22.032+0600][800.659s][info][gc,stats       ] Pause Degenerated GC (N)        8568772 us
[2026-04-03T03:05:22.032+0600][800.659s][info][gc,stats       ]   Degen STW Mark                4054669 us, parallelism: 6.00x
[2026-04-03T03:05:22.032+0600][800.659s][info][gc,stats       ]     DSM: <total>               24320588 us
[2026-04-03T03:05:22.032+0600][800.659s][info][gc,stats       ]     DSM: Thread Roots               941 us, workers (us): 168, 168,  95,  93,  95, 322, 
[2026-04-03T03:05:22.032+0600][800.659s][info][gc,stats       ]     DSM: VM Strong Roots             16 us, workers (us):   0,   0,   5,   5,   6,   0, 
[2026-04-03T03:05:22.032+0600][800.659s][info][gc,stats       ]     DSM: CLDG Roots                 221 us, workers (us): 117,  14,  26,  26,  22,  15, 
[2026-04-03T03:05:22.032+0600][800.659s][info][gc,stats       ]     DSM: Parallel Mark         24319410 us, workers (us): 4053294, 4053260, 4053301, 4053430, 4053287, 4052837, 
[2026-04-03T03:05:22.032+0600][800.659s][info][gc,stats       ]     System Purge                   2828 us
[2026-04-03T03:05:22.032+0600][800.659s][info][gc,stats       ]       Weak References               639 us, parallelism: 0.84x
[2026-04-03T03:05:22.032+0600][800.659s][info][gc,stats       ]         WRP: <total>                540 us
[2026-04-03T03:05:22.033+0600][800.659s][info][gc,stats       ]         WRP: Weak References        540 us, workers (us): 373,  50,  35,  15,   1,  66, 
[2026-04-03T03:05:22.033+0600][800.659s][info][gc,stats       ]       Unload Classes               1770 us, parallelism: 4.70x
[2026-04-03T03:05:22.033+0600][800.659s][info][gc,stats       ]         DCU: <total>               8329 us
[2026-04-03T03:05:22.033+0600][800.659s][info][gc             ] Failed to allocate TLAB, 2648B
[2026-04-03T03:05:22.033+0600][800.659s][info][gc             ] Cancelling GC: Allocation Failure
[2026-04-03T03:05:22.033+0600][800.659s][info][gc,stats       ]         DCU: Unload Code Caches     8329 us, workers (us): 1360, 1534, 1380, 1356, 1358, 1341, 
[2026-04-03T03:05:22.033+0600][800.659s][info][gc,stats       ]       Weak Roots                    405 us, parallelism: 1.53x
[2026-04-03T03:05:22.033+0600][800.659s][info][gc,stats       ]         DWR: <total>                619 us
[2026-04-03T03:05:22.033+0600][800.659s][info][gc,stats       ]         DWR: VM Weak Roots          619 us, workers (us): 185, 101,  91,  83,  79,  81, 
[2026-04-03T03:05:22.033+0600][800.659s][info][gc,stats       ]       CLDG                            2 us
[2026-04-03T03:05:22.033+0600][800.659s][info][gc,stats       ]   Update Region States               25 us
[2026-04-03T03:05:22.033+0600][800.659s][info][gc,stats       ]   Manage GC/TLABs                     9 us
[2026-04-03T03:05:22.033+0600][800.659s][info][gc,stats       ]   Choose Collection Set             216 us
[2026-04-03T03:05:22.033+0600][800.659s][info][gc,stats       ]   Rebuild Free Set                   44 us
[2026-04-03T03:05:22.033+0600][800.659s][info][gc,stats       ]   Evacuation                       5220 us
[2026-04-03T03:05:22.033+0600][800.659s][info][gc,stats       ]   Pre Heap Dump                       1 us
[2026-04-03T03:05:22.033+0600][800.659s][info][gc,stats       ]   Prepare                          2560 us
[2026-04-03T03:05:22.033+0600][800.659s][info][gc,stats       ]     Update Roots                   1715 us, parallelism: 4.66x
[2026-04-03T03:05:22.033+0600][800.659s][info][gc,stats       ]       FU: <total>                  7994 us
[2026-04-03T03:05:22.033+0600][800.659s][info][gc,stats       ]       FU: Thread Roots              545 us, workers (us):  83, 108, 165,   4, 107,  78, 
[2026-04-03T03:05:22.033+0600][800.659s][info][gc,stats       ]       FU: Code Cache Roots         6306 us, workers (us): 1045, 961, 961, 1249, 1031, 1058, 
[2026-04-03T03:05:22.033+0600][800.659s][info][gc,stats       ]       FU: VM Strong Roots            11 us, workers (us):   7,   1,   1,   1,   1,   1, 
[2026-04-03T03:05:22.033+0600][800.659s][info][gc,stats       ]       FU: VM Weak Roots             600 us, workers (us): 154, 113, 113,  98,  64,  59, 
[2026-04-03T03:05:22.033+0600][800.659s][info][gc,stats       ]       FU: CLDG Roots                533 us, workers (us):  68, 134,  75, 120,  66,  70, 
[2026-04-03T03:05:22.033+0600][800.659s][info][gc,stats       ]   Mark                          4224354 us, parallelism: 5.99x
[2026-04-03T03:05:22.033+0600][800.659s][info][gc,stats       ]     FM: <total>                25323918 us
[2026-04-03T03:05:22.033+0600][800.659s][info][gc,stats       ]     FM: Thread Roots                646 us, workers (us): 171, 122, 122, 102,  94,  34, 
[2026-04-03T03:05:22.033+0600][800.659s][info][gc,stats       ]     FM: VM Strong Roots              23 us, workers (us):   0,   4,   4,   4,   4,   6, 
[2026-04-03T03:05:22.033+0600][800.659s][info][gc,stats       ]     FM: CLDG Roots                  253 us, workers (us): 128,  31,   7,  27,  31,  30, 
[2026-04-03T03:05:22.033+0600][800.659s][info][gc,stats       ]     FM: Parallel Mark          25322997 us, workers (us): 4220434, 4220581, 4220546, 4220429, 4220490, 4220517, 
[2026-04-03T03:05:22.033+0600][800.659s][info][gc,stats       ]     System Purge                   2443 us
[2026-04-03T03:05:22.033+0600][800.659s][info][gc,stats       ]       Weak References               606 us, parallelism: 0.97x
[2026-04-03T03:05:22.033+0600][800.659s][info][gc,stats       ]         WRP: <total>                588 us
[2026-04-03T03:05:22.033+0600][800.659s][info][gc,stats       ]         WRP: Weak References        588 us, workers (us): 343, 171,  74,   0,   0,   0, 
[2026-04-03T03:05:22.033+0600][800.659s][info][gc,stats       ]       Unload Classes               1551 us, parallelism: 5.15x
[2026-04-03T03:05:22.033+0600][800.659s][info][gc,stats       ]         CU: <total>                7991 us
[2026-04-03T03:05:22.033+0600][800.659s][info][gc,stats       ]         CU: Unload Code Caches     7991 us, workers (us): 1360, 1359, 1374, 1315, 1298, 1285, 
[2026-04-03T03:05:22.033+0600][800.659s][info][gc,stats       ]       Weak Roots                    261 us, parallelism: 2.96x
[2026-04-03T03:05:22.033+0600][800.659s][info][gc,stats       ]         WR: <total>                 772 us
[2026-04-03T03:05:22.033+0600][800.659s][info][gc,stats       ]         WR: VM Weak Roots           772 us, workers (us): 199, 142, 113, 108, 106, 104, 
[2026-04-03T03:05:22.033+0600][800.659s][info][gc,stats       ]       CLDG                            3 us
[2026-04-03T03:05:22.033+0600][800.659s][info][gc,stats       ]   Calculate Addresses             87511 us
[2026-04-03T03:05:22.033+0600][800.659s][info][gc,stats       ]     Regular Objects               87408 us
[2026-04-03T03:05:22.033+0600][800.659s][info][gc,stats       ]     Humongous Objects                29 us
[2026-04-03T03:05:22.033+0600][800.659s][info][gc,stats       ]   Adjust Pointers                 99294 us
[2026-04-03T03:05:22.033+0600][800.659s][info][gc,stats       ]     FA: <total>                    7394 us
[2026-04-03T03:05:22.033+0600][800.659s][info][gc,stats       ]     FA: Thread Roots                582 us, workers (us):  80, 109,  73,  79,  28, 213, 
[2026-04-03T03:05:22.033+0600][800.659s][info][gc,stats       ]     FA: Code Cache Roots           5542 us, workers (us): 902, 939, 858, 980, 1004, 859, 
[2026-04-03T03:05:22.033+0600][800.659s][info][gc,stats       ]     FA: VM Strong Roots              18 us, workers (us):  14,   1,   1,   1,   1,   1, 
[2026-04-03T03:05:22.033+0600][800.659s][info][gc,stats       ]     FA: VM Weak Roots               680 us, workers (us): 186,  99, 100,  99,  99,  97, 
[2026-04-03T03:05:22.033+0600][800.659s][info][gc,stats       ]     FA: CLDG Roots                  572 us, workers (us): 131,  64, 181,  62,  73,  60, 
[2026-04-03T03:05:22.033+0600][800.659s][info][gc,stats       ]   Copy Objects                    90765 us
[2026-04-03T03:05:22.033+0600][800.659s][info][gc,stats       ]     Regular Objects               89826 us
[2026-04-03T03:05:22.033+0600][800.659s][info][gc,stats       ]     Humongous Objects                22 us
[2026-04-03T03:05:22.033+0600][800.659s][info][gc,stats       ]     Reset Complete Bitmap           687 us
[2026-04-03T03:05:22.033+0600][800.659s][info][gc,stats       ]     Rebuild Region Sets             228 us
[2026-04-03T03:05:22.033+0600][800.659s][info][gc,stats       ]   Post Heap Dump                      1 us
[2026-04-03T03:05:22.033+0600][800.659s][info][gc,stats       ] 
[2026-04-03T03:05:22.033+0600][800.659s][info][gc,stats       ] Allocation pacing accrued:
[2026-04-03T03:05:22.033+0600][800.659s][info][gc,stats       ]       0 of  8571 ms (  0.0%): <total>
[2026-04-03T03:05:22.033+0600][800.659s][info][gc,stats       ]       0 of  8571 ms (  0.0%): <average total>
[2026-04-03T03:05:22.033+0600][800.659s][info][gc,stats       ] 
[2026-04-03T03:05:22.033+0600][800.659s][info][gc,metaspace   ] Metaspace: 49721K(50048K)->49721K(50048K) NonClass: 43511K(43712K)->43511K(43712K) Class: 6209K(6336K)->6209K(6336K)
[2026-04-03T03:05:22.033+0600][800.659s][info][gc,ergo        ] Pacer for Idle. Initial: 10240K, Alloc Tax Rate: 1.0x
[2026-04-03T03:05:22.034+0600][800.660s][info][gc             ] Trigger: Handle Allocation Failure
[2026-04-03T03:05:22.034+0600][800.660s][info][gc,ergo        ] Free: 0B, Max: 0B regular, 0B humongous, Frag: 0% external, 0% internal; Reserve: 13312K, Max: 256K
[2026-04-03T03:05:22.034+0600][800.661s][info][gc,start       ] GC(117) Pause Full
[2026-04-03T03:05:22.034+0600][800.661s][info][gc,task        ] GC(117) Using 6 of 6 workers for full gc
[2026-04-03T03:05:22.035+0600][800.661s][info][gc,phases,start] GC(117) Phase 1: Mark live objects
[2026-04-03T03:05:22.035+0600][800.661s][info][gc,ref         ] GC(117) Clearing All SoftReferences
[2026-04-03T03:05:22.035+0600][800.661s][info][gc,ref         ] GC(117) Clearing All SoftReferences
[2026-04-03T03:05:26.317+0600][804.944s][info][gc,ref         ] GC(117) Encountered references: Soft: 2445, Weak: 2765, Final: 74, Phantom: 586
[2026-04-03T03:05:26.317+0600][804.944s][info][gc,ref         ] GC(117) Discovered  references: Soft: 249, Weak: 1770, Final: 74, Phantom: 582
[2026-04-03T03:05:26.317+0600][804.944s][info][gc,ref         ] GC(117) Enqueued    references: Soft: 0, Weak: 0, Final: 0, Phantom: 0
[2026-04-03T03:05:26.319+0600][804.946s][info][gc,phases      ] GC(117) Phase 1: Mark live objects 4284.838ms
[2026-04-03T03:05:26.319+0600][804.946s][info][gc,phases,start] GC(117) Phase 2: Compute new object addresses
[2026-04-03T03:05:26.403+0600][805.029s][info][gc,phases      ] GC(117) Phase 2: Compute new object addresses 83.034ms
[2026-04-03T03:05:26.403+0600][805.029s][info][gc,phases,start] GC(117) Phase 3: Adjust pointers
[2026-04-03T03:05:26.501+0600][805.127s][info][gc,phases      ] GC(117) Phase 3: Adjust pointers 98.518ms
[2026-04-03T03:05:26.501+0600][805.128s][info][gc,phases,start] GC(117) Phase 4: Move objects
[2026-04-03T03:05:26.578+0600][805.205s][info][gc,phases      ] GC(117) Phase 4: Move objects 77.113ms
[2026-04-03T03:05:26.578+0600][805.205s][info][gc,ergo        ] GC(117) Bad progress for free space: 76960B, need 5120K
[2026-04-03T03:05:26.578+0600][805.205s][info][gc             ] GC(117) Pause Full 485M->485M(500M) 4544.239ms
[2026-04-03T03:05:26.579+0600][805.205s][info][gc,ergo        ] Free: 76960B, Max: 17416B regular, 0B humongous, Frag: 0% external, 99% internal; Reserve: 13312K, Max: 256K
[2026-04-03T03:05:26.579+0600][805.205s][info][gc,stats       ] 
[2026-04-03T03:05:26.579+0600][805.205s][info][gc,stats       ] All times are wall-clock times, except per-root-class counters, that are sum over
[2026-04-03T03:05:26.579+0600][805.205s][info][gc,stats       ] all workers. Dividing the <total> over the root stage time estimates parallelism.
[2026-04-03T03:05:26.579+0600][805.205s][info][gc,stats       ] 
[2026-04-03T03:05:26.579+0600][805.205s][info][gc,stats       ] Pause Full GC (G)               4544464 us
[2026-04-03T03:05:26.579+0600][805.205s][info][gc,stats       ] Pause Full GC (N)               4544249 us
[2026-04-03T03:05:26.579+0600][805.205s][info][gc,stats       ]   Pre Heap Dump                       1 us
[2026-04-03T03:05:26.579+0600][805.205s][info][gc,stats       ]   Prepare                           267 us
[2026-04-03T03:05:26.579+0600][805.205s][info][gc,stats       ]   Mark                          4284791 us, parallelism: 5.99x
[2026-04-03T03:05:26.579+0600][805.205s][info][gc,stats       ]     FM: <total>                25683629 us
[2026-04-03T03:05:26.579+0600][805.205s][info][gc,stats       ]     FM: Thread Roots                600 us, workers (us): 129, 124,  88,  97,  86,  76, 
[2026-04-03T03:05:26.579+0600][805.205s][info][gc,stats       ]     FM: VM Strong Roots              19 us, workers (us):   3,   4,   3,   4,   3,   0, 
[2026-04-03T03:05:26.579+0600][805.205s][info][gc,stats       ]     FM: CLDG Roots                  289 us, workers (us):  30,  31,  31,  22,  31, 145, 
[2026-04-03T03:05:26.579+0600][805.205s][info][gc             ] Failed to allocate TLAB, 2656B
[2026-04-03T03:05:26.579+0600][805.205s][info][gc             ] Cancelling GC: Allocation Failure
[2026-04-03T03:05:26.579+0600][805.205s][info][gc,stats       ]     FM: Parallel Mark          25682722 us, workers (us): 4280507, 4280429, 4280452, 4280465, 4280438, 4280432, 
[2026-04-03T03:05:26.579+0600][805.206s][info][gc,stats       ]     System Purge                   2959 us
[2026-04-03T03:05:26.579+0600][805.206s][info][gc,stats       ]       Weak References              1016 us, parallelism: 0.86x
[2026-04-03T03:05:26.579+0600][805.206s][info][gc,stats       ]         WRP: <total>                870 us
[2026-04-03T03:05:26.579+0600][805.206s][info][gc,stats       ]         WRP: Weak References        870 us, workers (us): 169,  34, 642,  25,   1,   0, 
[2026-04-03T03:05:26.579+0600][805.206s][info][gc,stats       ]       Unload Classes               1506 us, parallelism: 5.12x
[2026-04-03T03:05:26.579+0600][805.206s][info][gc,stats       ]         CU: <total>                7716 us
[2026-04-03T03:05:26.579+0600][805.206s][info][gc,stats       ]         CU: Unload Code Caches     7716 us, workers (us): 1334, 1313, 1292, 1284, 1245, 1249, 
[2026-04-03T03:05:26.579+0600][805.206s][info][gc,stats       ]       Weak Roots                    418 us, parallelism: 1.64x
[2026-04-03T03:05:26.579+0600][805.206s][info][gc,stats       ]         WR: <total>                 688 us
[2026-04-03T03:05:26.579+0600][805.206s][info][gc,stats       ]         WR: VM Weak Roots           688 us, workers (us): 154, 109, 107, 107, 105, 106, 
[2026-04-03T03:05:26.579+0600][805.206s][info][gc,stats       ]       CLDG                            3 us
[2026-04-03T03:05:26.579+0600][805.206s][info][gc,stats       ]   Calculate Addresses             83018 us
[2026-04-03T03:05:26.579+0600][805.206s][info][gc,stats       ]     Regular Objects               82660 us
[2026-04-03T03:05:26.579+0600][805.206s][info][gc,stats       ]     Humongous Objects                31 us
[2026-04-03T03:05:26.579+0600][805.206s][info][gc,stats       ]   Adjust Pointers                 98507 us
[2026-04-03T03:05:26.579+0600][805.206s][info][gc,stats       ]     FA: <total>                    7329 us
[2026-04-03T03:05:26.579+0600][805.206s][info][gc,stats       ]     FA: Thread Roots                439 us, workers (us): 140,  39,  57,   1,   3, 199, 
[2026-04-03T03:05:26.579+0600][805.206s][info][gc,stats       ]     FA: Code Cache Roots           5715 us, workers (us): 794, 983, 970, 1130, 1022, 815, 
[2026-04-03T03:05:26.579+0600][805.206s][info][gc,stats       ]     FA: VM Strong Roots              19 us, workers (us):  15,   1,   1,   1,   1,   1, 
[2026-04-03T03:05:26.579+0600][805.206s][info][gc,stats       ]     FA: VM Weak Roots               706 us, workers (us): 156, 150, 150,  84,  84,  82, 
[2026-04-03T03:05:26.579+0600][805.206s][info][gc,stats       ]     FA: CLDG Roots                  449 us, workers (us): 136,  45,  44, 125,  44,  56, 
[2026-04-03T03:05:26.579+0600][805.206s][info][gc,stats       ]   Copy Objects                    77101 us
[2026-04-03T03:05:26.579+0600][805.206s][info][gc,stats       ]     Regular Objects               76030 us
[2026-04-03T03:05:26.579+0600][805.206s][info][gc,stats       ]     Humongous Objects                25 us
[2026-04-03T03:05:26.579+0600][805.206s][info][gc,stats       ]     Reset Complete Bitmap           796 us
[2026-04-03T03:05:26.579+0600][805.206s][info][gc,stats       ]     Rebuild Region Sets             242 us
[2026-04-03T03:05:26.579+0600][805.206s][info][gc,stats       ]   Post Heap Dump                      1 us
[2026-04-03T03:05:26.579+0600][805.206s][info][gc,stats       ] 
[2026-04-03T03:05:26.579+0600][805.206s][info][gc,stats       ] Allocation pacing accrued:
[2026-04-03T03:05:26.579+0600][805.206s][info][gc,stats       ]       0 of  4546 ms (  0.0%): <total>
[2026-04-03T03:05:26.579+0600][805.206s][info][gc,stats       ]       0 of  4546 ms (  0.0%): <average total>
[2026-04-03T03:05:26.579+0600][805.206s][info][gc,stats       ] 
[2026-04-03T03:05:26.579+0600][805.206s][info][gc,metaspace   ] Metaspace: 49721K(50048K)->49724K(50048K) NonClass: 43511K(43712K)->43513K(43712K) Class: 6209K(6336K)->6210K(6336K)
[2026-04-03T03:05:26.579+0600][805.206s][info][gc,ergo        ] Pacer for Idle. Initial: 10240K, Alloc Tax Rate: 1.0x
[2026-04-03T03:05:26.582+0600][805.208s][info][gc             ] Trigger: Handle Allocation Failure
[2026-04-03T03:05:26.582+0600][805.208s][info][gc,ergo        ] Free: 0B, Max: 0B regular, 0B humongous, Frag: 0% external, 0% internal; Reserve: 13312K, Max: 256K
[2026-04-03T03:05:26.582+0600][805.208s][info][gc,start       ] GC(118) Pause Degenerated GC (Outside of Cycle)
[2026-04-03T03:05:26.582+0600][805.208s][info][gc,task        ] GC(118) Using 6 of 6 workers for stw degenerated gc
[2026-04-03T03:05:26.582+0600][805.209s][info][gc,ref         ] GC(118) Clearing All SoftReferences
[2026-04-03T03:05:30.535+0600][809.161s][info][gc,ref         ] GC(118) Encountered references: Soft: 2445, Weak: 2765, Final: 74, Phantom: 586
[2026-04-03T03:05:30.535+0600][809.161s][info][gc,ref         ] GC(118) Discovered  references: Soft: 238, Weak: 1467, Final: 74, Phantom: 580
[2026-04-03T03:05:30.535+0600][809.161s][info][gc,ref         ] GC(118) Enqueued    references: Soft: 0, Weak: 0, Final: 0, Phantom: 0
[2026-04-03T03:05:30.537+0600][809.163s][info][gc,ergo        ] GC(118) Adaptive CSet Selection. Target Free: 72533K, Actual Free: 13312K, Max CSet: 21333K, Min Garbage: 59221K
[2026-04-03T03:05:30.537+0600][809.163s][info][gc,ergo        ] GC(118) Collectable Garbage: 20560B (100%), Immediate: 0B (0%), CSet: 20560B (100%)
[2026-04-03T03:05:30.541+0600][809.167s][info][gc             ] GC(118) Cancelling GC: Allocation Failure During Evacuation
[2026-04-03T03:05:30.542+0600][809.168s][info][gc             ] GC(118) Cannot finish degeneration, upgrading to Full GC
[2026-04-03T03:05:30.545+0600][809.172s][info][gc,phases,start] GC(118) Phase 1: Mark live objects
[2026-04-03T03:05:30.545+0600][809.172s][info][gc,ref         ] GC(118) Clearing All SoftReferences
[2026-04-03T03:05:30.545+0600][809.172s][info][gc,ref         ] GC(118) Clearing All SoftReferences
[2026-04-03T03:05:33.879+0600][812.505s][info][gc,ref         ] GC(118) Encountered references: Soft: 2445, Weak: 2765, Final: 74, Phantom: 586
[2026-04-03T03:05:33.879+0600][812.505s][info][gc,ref         ] GC(118) Discovered  references: Soft: 249, Weak: 1765, Final: 74, Phantom: 581
[2026-04-03T03:05:33.879+0600][812.505s][info][gc,ref         ] GC(118) Enqueued    references: Soft: 0, Weak: 0, Final: 0, Phantom: 0
[2026-04-03T03:05:33.880+0600][812.507s][info][gc,phases      ] GC(118) Phase 1: Mark live objects 3335.266ms
[2026-04-03T03:05:33.881+0600][812.507s][info][gc,phases,start] GC(118) Phase 2: Compute new object addresses
[2026-04-03T03:05:33.967+0600][812.594s][info][gc,phases      ] GC(118) Phase 2: Compute new object addresses 86.638ms
[2026-04-03T03:05:33.967+0600][812.594s][info][gc,phases,start] GC(118) Phase 3: Adjust pointers
[2026-04-03T03:05:34.066+0600][812.693s][info][gc,phases      ] GC(118) Phase 3: Adjust pointers 98.943ms
[2026-04-03T03:05:34.066+0600][812.693s][info][gc,phases,start] GC(118) Phase 4: Move objects
[2026-04-03T03:05:34.161+0600][812.788s][info][gc,phases      ] GC(118) Phase 4: Move objects 94.899ms
[2026-04-03T03:05:34.161+0600][812.788s][info][gc,ergo        ] GC(118) Bad progress for free space: 308K, need 5120K
[2026-04-03T03:05:34.161+0600][812.788s][info][gc             ] GC(118) Pause Degenerated GC (Outside of Cycle) 485M->485M(500M) 7579.404ms
[2026-04-03T03:05:34.162+0600][812.788s][info][gc,ergo        ] Free: 287K, Max: 226K regular, 0B humongous, Frag: 0% external, 99% internal; Reserve: 13056K, Max: 256K
[2026-04-03T03:05:34.162+0600][812.788s][info][gc,stats       ] 
[2026-04-03T03:05:34.162+0600][812.788s][info][gc,stats       ] All times are wall-clock times, except per-root-class counters, that are sum over
[2026-04-03T03:05:34.162+0600][812.788s][info][gc,stats       ] all workers. Dividing the <total> over the root stage time estimates parallelism.
[2026-04-03T03:05:34.162+0600][812.788s][info][gc,stats       ] 
[2026-04-03T03:05:34.162+0600][812.788s][info][gc,stats       ] Pause Degenerated GC (G)        7579688 us
[2026-04-03T03:05:34.162+0600][812.788s][info][gc,stats       ] Pause Degenerated GC (N)        7579413 us
[2026-04-03T03:05:34.162+0600][812.788s][info][gc,stats       ]   Degen STW Mark                3952029 us, parallelism: 6.00x
[2026-04-03T03:05:34.162+0600][812.788s][info][gc,stats       ]     DSM: <total>               23706004 us
[2026-04-03T03:05:34.162+0600][812.788s][info][gc,stats       ]     DSM: Thread Roots               889 us, workers (us): 194, 204, 107, 104,  86, 193, 
[2026-04-03T03:05:34.162+0600][812.788s][info][gc,stats       ]     DSM: VM Strong Roots             24 us, workers (us):   1,   5,   6,   5,   7,   0, 
[2026-04-03T03:05:34.162+0600][812.788s][info][gc,stats       ]     DSM: CLDG Roots                 411 us, workers (us): 173,  53,  58,  60,  59,   9, 
[2026-04-03T03:05:34.162+0600][812.788s][info][gc,stats       ]     DSM: Parallel Mark         23704680 us, workers (us): 3950681, 3950687, 3950793, 3950886, 3950797, 3950837, 
[2026-04-03T03:05:34.162+0600][812.788s][info][gc,stats       ]     System Purge                   2242 us
[2026-04-03T03:05:34.162+0600][812.788s][info][gc,stats       ]       Weak References               448 us, parallelism: 0.90x
[2026-04-03T03:05:34.162+0600][812.788s][info][gc,stats       ]         WRP: <total>                405 us
[2026-04-03T03:05:34.162+0600][812.788s][info][gc,stats       ]         WRP: Weak References        405 us, workers (us): 113, 223,  24,  16,  30,   0, 
[2026-04-03T03:05:34.162+0600][812.788s][info][gc,stats       ]       Unload Classes               1603 us, parallelism: 4.78x
[2026-04-03T03:05:34.162+0600][812.788s][info][gc,stats       ]         DCU: <total>               7653 us
[2026-04-03T03:05:34.162+0600][812.788s][info][gc,stats       ]         DCU: Unload Code Caches     7653 us, workers (us): 1314, 1299, 1293, 1273, 1245, 1229, 
[2026-04-03T03:05:34.162+0600][812.788s][info][gc,stats       ]       Weak Roots                    180 us, parallelism: 2.90x
[2026-04-03T03:05:34.162+0600][812.788s][info][gc,stats       ]         DWR: <total>                522 us
[2026-04-03T03:05:34.162+0600][812.788s][info][gc,stats       ]         DWR: VM Weak Roots          522 us, workers (us): 135,  88,  83,  83,  68,  65, 
[2026-04-03T03:05:34.162+0600][812.788s][info][gc,stats       ]       CLDG                            2 us
[2026-04-03T03:05:34.162+0600][812.788s][info][gc,stats       ]   Update Region States               22 us
[2026-04-03T03:05:34.162+0600][812.788s][info][gc,stats       ]   Manage GC/TLABs                     8 us
[2026-04-03T03:05:34.162+0600][812.788s][info][gc,stats       ]   Choose Collection Set             187 us
[2026-04-03T03:05:34.162+0600][812.788s][info][gc,stats       ]   Rebuild Free Set                   41 us
[2026-04-03T03:05:34.162+0600][812.788s][info][gc,stats       ]   Evacuation                       4888 us
[2026-04-03T03:05:34.162+0600][812.788s][info][gc,stats       ]   Pre Heap Dump                       2 us
[2026-04-03T03:05:34.162+0600][812.788s][info][gc,stats       ]   Prepare                          3029 us
[2026-04-03T03:05:34.162+0600][812.788s][info][gc,stats       ]     Update Roots                   1895 us, parallelism: 4.81x
[2026-04-03T03:05:34.162+0600][812.788s][info][gc,stats       ]       FU: <total>                  9117 us
[2026-04-03T03:05:34.162+0600][812.788s][info][gc,stats       ]       FU: Thread Roots              636 us, workers (us):  91, 235,   7, 234,   3,  67, 
[2026-04-03T03:05:34.162+0600][812.788s][info][gc,stats       ]       FU: Code Cache Roots         7368 us, workers (us): 1196, 1040, 1372, 1109, 1376, 1274, 
[2026-04-03T03:05:34.162+0600][812.788s][info][gc,stats       ]       FU: VM Strong Roots            18 us, workers (us):   7,   7,   1,   1,   1,   1, 
[2026-04-03T03:05:34.162+0600][812.788s][info][gc,stats       ]       FU: VM Weak Roots             678 us, workers (us): 198, 195, 106,  77,  52,  50, 
[2026-04-03T03:05:34.162+0600][812.788s][info][gc,stats       ]       FU: CLDG Roots                417 us, workers (us): 103, 112,  54,  49,  48,  52, 
[2026-04-03T03:05:34.162+0600][812.788s][info][gc,stats       ]   Mark                          3335189 us, parallelism: 5.99x
[2026-04-03T03:05:34.162+0600][812.788s][info][gc,stats       ]     FM: <total>                19994023 us
[2026-04-03T03:05:34.162+0600][812.788s][info][gc,stats       ]     FM: Thread Roots                703 us, workers (us): 208, 188,  90,  91,  63,  62, 
[2026-04-03T03:05:34.162+0600][812.788s][info][gc,stats       ]     FM: VM Strong Roots              25 us, workers (us):   1,   4,   6,   5,   5,   4, 
[2026-04-03T03:05:34.162+0600][812.788s][info][gc,stats       ]     FM: CLDG Roots                  317 us, workers (us): 154,  33,  30,  29,  35,  36, 
[2026-04-03T03:05:34.162+0600][812.788s][info][gc,stats       ]     FM: Parallel Mark          19992978 us, workers (us): 3331980, 3332217, 3332213, 3332252, 3332252, 3332064, 
[2026-04-03T03:05:34.162+0600][812.788s][info][gc,stats       ]     System Purge                   1952 us
[2026-04-03T03:05:34.162+0600][812.788s][info][gc,stats       ]       Weak References               330 us, parallelism: 1.04x
[2026-04-03T03:05:34.162+0600][812.788s][info][gc,stats       ]         WRP: <total>                342 us
[2026-04-03T03:05:34.162+0600][812.788s][info][gc,stats       ]         WRP: Weak References        342 us, workers (us): 208,  99,  35,   0,   0,   0, 
[2026-04-03T03:05:34.162+0600][812.788s][info][gc,stats       ]       Unload Classes               1381 us, parallelism: 5.24x
[2026-04-03T03:05:34.162+0600][812.788s][info][gc,stats       ]         CU: <total>                7237 us
[2026-04-03T03:05:34.162+0600][812.788s][info][gc,stats       ]         CU: Unload Code Caches     7237 us, workers (us): 1256, 1232, 1179, 1181, 1201, 1188, 
[2026-04-03T03:05:34.162+0600][812.788s][info][gc,stats       ]       Weak Roots                    217 us, parallelism: 2.67x
[2026-04-03T03:05:34.162+0600][812.788s][info][gc,stats       ]         WR: <total>                 581 us
[2026-04-03T03:05:34.162+0600][812.788s][info][gc,stats       ]         WR: VM Weak Roots           581 us, workers (us): 180, 132,  99,  83,  43,  45, 
[2026-04-03T03:05:34.162+0600][812.788s][info][gc,stats       ]       CLDG                            9 us
[2026-04-03T03:05:34.162+0600][812.788s][info][gc,stats       ]   Calculate Addresses             86630 us
[2026-04-03T03:05:34.162+0600][812.788s][info][gc,stats       ]     Regular Objects               86540 us
[2026-04-03T03:05:34.162+0600][812.788s][info][gc,stats       ]     Humongous Objects                29 us
[2026-04-03T03:05:34.162+0600][812.788s][info][gc,stats       ]   Adjust Pointers                 98932 us
[2026-04-03T03:05:34.162+0600][812.788s][info][gc,stats       ]     FA: <total>                    7203 us
[2026-04-03T03:05:34.162+0600][812.788s][info][gc,stats       ]     FA: Thread Roots                474 us, workers (us):   3,  64, 164, 115,  83,  45, 
[2026-04-03T03:05:34.162+0600][812.788s][info][gc,stats       ]     FA: Code Cache Roots           5521 us, workers (us): 1036, 904, 852, 803, 947, 979, 
[2026-04-03T03:05:34.162+0600][812.788s][info][gc,stats       ]     FA: VM Strong Roots              17 us, workers (us):  13,   1,   1,   1,   1,   1, 
[2026-04-03T03:05:34.162+0600][812.788s][info][gc,stats       ]     FA: VM Weak Roots               617 us, workers (us): 188, 173,  74,  69,  57,  57, 
[2026-04-03T03:05:34.162+0600][812.788s][info][gc,stats       ]     FA: CLDG Roots                  574 us, workers (us):  65, 125,  77, 179,  62,  66, 
[2026-04-03T03:05:34.162+0600][812.788s][info][gc,stats       ]   Copy Objects                    94886 us
[2026-04-03T03:05:34.162+0600][812.788s][info][gc,stats       ]     Regular Objects               94053 us
[2026-04-03T03:05:34.162+0600][812.788s][info][gc,stats       ]     Humongous Objects                19 us
[2026-04-03T03:05:34.162+0600][812.788s][info][gc,stats       ]     Reset Complete Bitmap           654 us
[2026-04-03T03:05:34.162+0600][812.788s][info][gc,stats       ]     Rebuild Region Sets             158 us
[2026-04-03T03:05:34.162+0600][812.788s][info][gc,stats       ]   Post Heap Dump                      1 us
[2026-04-03T03:05:34.162+0600][812.788s][info][gc,stats       ] 
[2026-04-03T03:05:34.162+0600][812.788s][info][gc,stats       ] Allocation pacing accrued:
[2026-04-03T03:05:34.162+0600][812.788s][info][gc,stats       ]       0 of  7583 ms (  0.0%): <total>
[2026-04-03T03:05:34.162+0600][812.788s][info][gc,stats       ]       0 of  7583 ms (  0.0%): <average total>
[2026-04-03T03:05:34.162+0600][812.788s][info][gc,stats       ] 
[2026-04-03T03:05:34.162+0600][812.788s][info][gc,metaspace   ] Metaspace: 49724K(50048K)->49727K(50048K) NonClass: 43513K(43712K)->43516K(43712K) Class: 6210K(6336K)->6211K(6336K)
[2026-04-03T03:05:34.162+0600][812.788s][info][gc,ergo        ] Pacer for Idle. Initial: 10240K, Alloc Tax Rate: 1.0x
[2026-04-03T03:05:34.162+0600][812.789s][info][gc             ] Failed to allocate TLAB, 2648B
[2026-04-03T03:05:34.162+0600][812.789s][info][gc             ] Cancelling GC: Allocation Failure
[2026-04-03T03:05:34.163+0600][812.790s][info][gc             ] Trigger: Handle Allocation Failure
[2026-04-03T03:05:34.163+0600][812.790s][info][gc,ergo        ] Free: 0B, Max: 0B regular, 0B humongous, Frag: 0% external, 0% internal; Reserve: 13056K, Max: 256K
[2026-04-03T03:05:34.163+0600][812.790s][info][gc,start       ] GC(119) Pause Degenerated GC (Outside of Cycle)
[2026-04-03T03:05:34.163+0600][812.790s][info][gc,task        ] GC(119) Using 6 of 6 workers for stw degenerated gc
[2026-04-03T03:05:34.164+0600][812.790s][info][gc,ref         ] GC(119) Clearing All SoftReferences
[2026-04-03T03:05:38.568+0600][817.195s][info][gc,ref         ] GC(119) Encountered references: Soft: 2447, Weak: 2766, Final: 74, Phantom: 586
[2026-04-03T03:05:38.568+0600][817.195s][info][gc,ref         ] GC(119) Discovered  references: Soft: 251, Weak: 1874, Final: 74, Phantom: 425
[2026-04-03T03:05:38.568+0600][817.195s][info][gc,ref         ] GC(119) Enqueued    references: Soft: 2, Weak: 1, Final: 0, Phantom: 0
[2026-04-03T03:05:38.570+0600][817.197s][info][gc,ergo        ] GC(119) Adaptive CSet Selection. Target Free: 72533K, Actual Free: 13056K, Max CSet: 21333K, Min Garbage: 59477K
[2026-04-03T03:05:38.570+0600][817.197s][info][gc,ergo        ] GC(119) Collectable Garbage: 104K (100%), Immediate: 0B (0%), CSet: 104K (100%)
[2026-04-03T03:05:38.574+0600][817.201s][info][gc             ] GC(119) Cancelling GC: Allocation Failure During Evacuation
[2026-04-03T03:05:38.576+0600][817.202s][info][gc             ] GC(119) Cannot finish degeneration, upgrading to Full GC
[2026-04-03T03:05:38.578+0600][817.205s][info][gc,phases,start] GC(119) Phase 1: Mark live objects
[2026-04-03T03:05:38.579+0600][817.205s][info][gc,ref         ] GC(119) Clearing All SoftReferences
[2026-04-03T03:05:38.579+0600][817.205s][info][gc,ref         ] GC(119) Clearing All SoftReferences
[2026-04-03T03:05:41.572+0600][820.198s][info][gc,ref         ] GC(119) Encountered references: Soft: 2445, Weak: 2765, Final: 74, Phantom: 586
[2026-04-03T03:05:41.572+0600][820.199s][info][gc,ref         ] GC(119) Discovered  references: Soft: 238, Weak: 1459, Final: 74, Phantom: 533
[2026-04-03T03:05:41.572+0600][820.199s][info][gc,ref         ] GC(119) Enqueued    references: Soft: 0, Weak: 0, Final: 0, Phantom: 0
[2026-04-03T03:05:41.574+0600][820.200s][info][gc,phases      ] GC(119) Phase 1: Mark live objects 2995.215ms
[2026-04-03T03:05:41.574+0600][820.200s][info][gc,phases,start] GC(119) Phase 2: Compute new object addresses
[2026-04-03T03:05:41.661+0600][820.288s][info][gc,phases      ] GC(119) Phase 2: Compute new object addresses 87.709ms
[2026-04-03T03:05:41.661+0600][820.288s][info][gc,phases,start] GC(119) Phase 3: Adjust pointers
[2026-04-03T03:05:41.764+0600][820.390s][info][gc,phases      ] GC(119) Phase 3: Adjust pointers 102.061ms
[2026-04-03T03:05:41.764+0600][820.390s][info][gc,phases,start] GC(119) Phase 4: Move objects
[2026-04-03T03:05:41.857+0600][820.483s][info][gc,phases      ] GC(119) Phase 4: Move objects 93.536ms
[2026-04-03T03:05:41.857+0600][820.484s][info][gc,ergo        ] GC(119) Bad progress for free space: 394K, need 5120K
[2026-04-03T03:05:41.857+0600][820.484s][info][gc             ] GC(119) Pause Degenerated GC (Outside of Cycle) 486M->485M(500M) 7693.972ms
[2026-04-03T03:05:41.858+0600][820.484s][info][gc,ergo        ] Free: 376K, Max: 214K regular, 0B humongous, Frag: 0% external, 99% internal; Reserve: 12800K, Max: 256K
[2026-04-03T03:05:41.858+0600][820.484s][info][gc,stats       ] 
[2026-04-03T03:05:41.858+0600][820.484s][info][gc,stats       ] All times are wall-clock times, except per-root-class counters, that are sum over
[2026-04-03T03:05:41.858+0600][820.484s][info][gc,stats       ] all workers. Dividing the <total> over the root stage time estimates parallelism.
[2026-04-03T03:05:41.858+0600][820.484s][info][gc,stats       ] 
[2026-04-03T03:05:41.858+0600][820.484s][info][gc,stats       ] Pause Degenerated GC (G)        7694315 us
[2026-04-03T03:05:41.858+0600][820.484s][info][gc,stats       ] Pause Degenerated GC (N)        7693981 us
[2026-04-03T03:05:41.858+0600][820.484s][info][gc,stats       ]   Degen STW Mark                4404131 us, parallelism: 6.00x
[2026-04-03T03:05:41.858+0600][820.484s][info][gc,stats       ]     DSM: <total>               26416731 us
[2026-04-03T03:05:41.858+0600][820.484s][info][gc,stats       ]     DSM: Thread Roots               521 us, workers (us): 120, 108,  67,  66,  85,  76, 
[2026-04-03T03:05:41.858+0600][820.484s][info][gc,stats       ]     DSM: VM Strong Roots             16 us, workers (us):   0,   4,   4,   4,   0,   4, 
[2026-04-03T03:05:41.858+0600][820.484s][info][gc,stats       ]     DSM: CLDG Roots                 205 us, workers (us): 100,  26,  26,  26,  13,  13, 
[2026-04-03T03:05:41.858+0600][820.484s][info][gc,stats       ]     DSM: Parallel Mark         26415989 us, workers (us): 4402628, 4402789, 4402566, 4402694, 4402777, 4402534, 
[2026-04-03T03:05:41.858+0600][820.484s][info][gc,stats       ]     System Purge                   2381 us
[2026-04-03T03:05:41.858+0600][820.484s][info][gc,stats       ]       Weak References               535 us, parallelism: 0.96x
[2026-04-03T03:05:41.858+0600][820.484s][info][gc,stats       ]         WRP: <total>                514 us
[2026-04-03T03:05:41.858+0600][820.484s][info][gc,stats       ]         WRP: Weak References        514 us, workers (us): 375,  36,  66,  36,   1,   0, 
[2026-04-03T03:05:41.858+0600][820.484s][info][gc,stats       ]       Unload Classes               1583 us, parallelism: 5.03x
[2026-04-03T03:05:41.858+0600][820.484s][info][gc,stats       ]         DCU: <total>               7957 us
[2026-04-03T03:05:41.858+0600][820.484s][info][gc,stats       ]         DCU: Unload Code Caches     7957 us, workers (us): 1352, 1375, 1335, 1319, 1302, 1273, 
[2026-04-03T03:05:41.858+0600][820.484s][info][gc,stats       ]       Weak Roots                    232 us, parallelism: 2.18x
[2026-04-03T03:05:41.858+0600][820.484s][info][gc,stats       ]         DWR: <total>                507 us
[2026-04-03T03:05:41.858+0600][820.484s][info][gc,stats       ]         DWR: VM Weak Roots          507 us, workers (us): 187, 104,  63,  63,  44,  45, 
[2026-04-03T03:05:41.858+0600][820.484s][info][gc,stats       ]       CLDG                            2 us
[2026-04-03T03:05:41.858+0600][820.484s][info][gc,stats       ]   Update Region States               22 us
[2026-04-03T03:05:41.858+0600][820.484s][info][gc,stats       ]   Manage GC/TLABs                     8 us
[2026-04-03T03:05:41.858+0600][820.484s][info][gc,stats       ]   Choose Collection Set             175 us
[2026-04-03T03:05:41.858+0600][820.484s][info][gc,stats       ]   Rebuild Free Set                   39 us
[2026-04-03T03:05:41.858+0600][820.484s][info][gc,stats       ]   Evacuation                       5059 us
[2026-04-03T03:05:41.858+0600][820.484s][info][gc,stats       ]   Pre Heap Dump                       2 us
[2026-04-03T03:05:41.858+0600][820.484s][info][gc,stats       ]   Prepare                          2541 us
[2026-04-03T03:05:41.858+0600][820.484s][info][gc,stats       ]     Update Roots                   1648 us, parallelism: 5.17x
[2026-04-03T03:05:41.858+0600][820.484s][info][gc,stats       ]       FU: <total>                  8524 us
[2026-04-03T03:05:41.858+0600][820.484s][info][gc,stats       ]       FU: Thread Roots              642 us, workers (us):   4, 108, 129, 148, 169,  85, 
[2026-04-03T03:05:41.858+0600][820.484s][info][gc,stats       ]       FU: Code Cache Roots         6774 us, workers (us): 1257, 1086, 1125, 1109, 1092, 1105, 
[2026-04-03T03:05:41.858+0600][820.484s][info][gc,stats       ]       FU: VM Strong Roots            21 us, workers (us):  12,   6,   1,   1,   1,   1, 
[2026-04-03T03:05:41.858+0600][820.484s][info][gc,stats       ]       FU: VM Weak Roots             668 us, workers (us): 185, 184, 118,  79,  51,  51, 
[2026-04-03T03:05:41.858+0600][820.484s][info][gc,stats       ]       FU: CLDG Roots                418 us, workers (us):  49, 109,  54,  47,  48, 111, 
[2026-04-03T03:05:41.858+0600][820.484s][info][gc,stats       ]   Mark                          2995144 us, parallelism: 5.99x
[2026-04-03T03:05:41.858+0600][820.484s][info][gc,stats       ]     FM: <total>                17954907 us
[2026-04-03T03:05:41.858+0600][820.484s][info][gc,stats       ]     FM: Thread Roots                785 us, workers (us): 150, 143, 143, 139, 159,  52, 
[2026-04-03T03:05:41.858+0600][820.484s][info][gc,stats       ]     FM: VM Strong Roots              25 us, workers (us):   5,   6,   0,   5,   1,   7, 
[2026-04-03T03:05:41.858+0600][820.484s][info][gc,stats       ]     FM: CLDG Roots                  290 us, workers (us):  31,  37, 135,  37,  21,  31, 
[2026-04-03T03:05:41.858+0600][820.484s][info][gc,stats       ]     FM: Parallel Mark          17953807 us, workers (us): 2992079, 2992378, 2992251, 2992399, 2992302, 2992397, 
[2026-04-03T03:05:41.858+0600][820.484s][info][gc,stats       ]     System Purge                   1792 us
[2026-04-03T03:05:41.858+0600][820.484s][info][gc,stats       ]       Weak References               363 us, parallelism: 0.70x
[2026-04-03T03:05:41.858+0600][820.484s][info][gc,stats       ]         WRP: <total>                255 us
[2026-04-03T03:05:41.858+0600][820.484s][info][gc,stats       ]         WRP: Weak References        255 us, workers (us):  66,  19,  25, 142,   3,   0, 
[2026-04-03T03:05:41.858+0600][820.484s][info][gc,stats       ]       Unload Classes               1214 us, parallelism: 5.60x
[2026-04-03T03:05:41.858+0600][820.485s][info][gc,stats       ]         CU: <total>                6799 us
[2026-04-03T03:05:41.858+0600][820.485s][info][gc,stats       ]         CU: Unload Code Caches     6799 us, workers (us): 1147, 1149, 1124, 1130, 1121, 1129, 
[2026-04-03T03:05:41.858+0600][820.485s][info][gc,stats       ]       Weak Roots                    193 us, parallelism: 3.17x
[2026-04-03T03:05:41.858+0600][820.485s][info][gc,stats       ]         WR: <total>                 610 us
[2026-04-03T03:05:41.858+0600][820.485s][info][gc,stats       ]         WR: VM Weak Roots           610 us, workers (us): 146, 136, 120,  84,  83,  41, 
[2026-04-03T03:05:41.858+0600][820.485s][info][gc,stats       ]       CLDG                            4 us
[2026-04-03T03:05:41.858+0600][820.485s][info][gc,stats       ]   Calculate Addresses             87674 us
[2026-04-03T03:05:41.858+0600][820.485s][info][gc,stats       ]     Regular Objects               87562 us
[2026-04-03T03:05:41.858+0600][820.485s][info][gc,stats       ]     Humongous Objects                29 us
[2026-04-03T03:05:41.858+0600][820.485s][info][gc,stats       ]   Adjust Pointers                102050 us
[2026-04-03T03:05:41.858+0600][820.485s][info][gc,stats       ]     FA: <total>                    7522 us
[2026-04-03T03:05:41.858+0600][820.485s][info][gc,stats       ]     FA: Thread Roots                502 us, workers (us): 194,   3, 105, 104,  93,   4, 
[2026-04-03T03:05:41.858+0600][820.485s][info][gc,stats       ]     FA: Code Cache Roots           5742 us, workers (us): 825, 1045, 826, 927, 939, 1181, 
[2026-04-03T03:05:41.858+0600][820.485s][info][gc,stats       ]     FA: VM Strong Roots              17 us, workers (us):  14,   1,   1,   1,   1,   1, 
[2026-04-03T03:05:41.858+0600][820.485s][info][gc,stats       ]     FA: VM Weak Roots               683 us, workers (us): 205, 189,  97,  69,  69,  54, 
[2026-04-03T03:05:41.858+0600][820.485s][info][gc,stats       ]     FA: CLDG Roots                  578 us, workers (us):  74,  64, 161,  62,  62, 155, 
[2026-04-03T03:05:41.858+0600][820.485s][info][gc,stats       ]   Copy Objects                    93524 us
[2026-04-03T03:05:41.858+0600][820.485s][info][gc,stats       ]     Regular Objects               92623 us
[2026-04-03T03:05:41.858+0600][820.485s][info][gc,stats       ]     Humongous Objects                23 us
[2026-04-03T03:05:41.858+0600][820.485s][info][gc,stats       ]     Reset Complete Bitmap           663 us
[2026-04-03T03:05:41.858+0600][820.485s][info][gc,stats       ]     Rebuild Region Sets             213 us
[2026-04-03T03:05:41.858+0600][820.485s][info][gc,stats       ]   Post Heap Dump                      1 us
[2026-04-03T03:05:41.858+0600][820.485s][info][gc,stats       ] 
[2026-04-03T03:05:41.858+0600][820.485s][info][gc,stats       ] Allocation pacing accrued:
[2026-04-03T03:05:41.858+0600][820.485s][info][gc,stats       ]       0 of  7696 ms (  0.0%): <total>
[2026-04-03T03:05:41.858+0600][820.485s][info][gc,stats       ]       0 of  7696 ms (  0.0%): <average total>
[2026-04-03T03:05:41.858+0600][820.485s][info][gc,stats       ] 
[2026-04-03T03:05:41.858+0600][820.485s][info][gc             ] Failed to allocate TLAB, 2656B
[2026-04-03T03:05:41.858+0600][820.485s][info][gc             ] Cancelling GC: Allocation Failure
[2026-04-03T03:05:41.858+0600][820.485s][info][gc,metaspace   ] Metaspace: 49734K(50112K)->49737K(50112K) NonClass: 43519K(43712K)->43522K(43712K) Class: 6214K(6400K)->6214K(6400K)
[2026-04-03T03:05:41.858+0600][820.485s][info][gc,ergo        ] Pacer for Idle. Initial: 10240K, Alloc Tax Rate: 1.0x
[2026-04-03T03:05:41.860+0600][820.486s][info][gc             ] Trigger: Handle Allocation Failure
[2026-04-03T03:05:41.860+0600][820.486s][info][gc,ergo        ] Free: 0B, Max: 0B regular, 0B humongous, Frag: 0% external, 0% internal; Reserve: 12800K, Max: 256K
[2026-04-03T03:05:41.860+0600][820.486s][info][gc,start       ] GC(120) Pause Degenerated GC (Outside of Cycle)
[2026-04-03T03:05:41.860+0600][820.486s][info][gc,task        ] GC(120) Using 6 of 6 workers for stw degenerated gc
[2026-04-03T03:05:41.860+0600][820.487s][info][gc,ref         ] GC(120) Clearing All SoftReferences
[2026-04-03T03:05:46.029+0600][824.655s][info][gc,ref         ] GC(120) Encountered references: Soft: 2445, Weak: 2765, Final: 74, Phantom: 586
[2026-04-03T03:05:46.029+0600][824.656s][info][gc,ref         ] GC(120) Discovered  references: Soft: 247, Weak: 1852, Final: 74, Phantom: 582
[2026-04-03T03:05:46.029+0600][824.656s][info][gc,ref         ] GC(120) Enqueued    references: Soft: 0, Weak: 0, Final: 0, Phantom: 0
[2026-04-03T03:05:46.031+0600][824.657s][info][gc,ergo        ] GC(120) Adaptive CSet Selection. Target Free: 72533K, Actual Free: 12800K, Max CSet: 21333K, Min Garbage: 59733K
[2026-04-03T03:05:46.031+0600][824.657s][info][gc,ergo        ] GC(120) Collectable Garbage: 105K (100%), Immediate: 0B (0%), CSet: 105K (100%)
[2026-04-03T03:05:46.035+0600][824.661s][info][gc             ] GC(120) Cancelling GC: Allocation Failure During Evacuation
[2026-04-03T03:05:46.036+0600][824.663s][info][gc             ] GC(120) Cannot finish degeneration, upgrading to Full GC
[2026-04-03T03:05:46.039+0600][824.666s][info][gc,phases,start] GC(120) Phase 1: Mark live objects
[2026-04-03T03:05:46.039+0600][824.666s][info][gc,ref         ] GC(120) Clearing All SoftReferences
[2026-04-03T03:05:46.039+0600][824.666s][info][gc,ref         ] GC(120) Clearing All SoftReferences
[2026-04-03T03:05:49.261+0600][827.888s][info][gc,ref         ] GC(120) Encountered references: Soft: 2445, Weak: 2765, Final: 74, Phantom: 586
[2026-04-03T03:05:49.261+0600][827.888s][info][gc,ref         ] GC(120) Discovered  references: Soft: 238, Weak: 1469, Final: 74, Phantom: 582
[2026-04-03T03:05:49.261+0600][827.888s][info][gc,ref         ] GC(120) Enqueued    references: Soft: 0, Weak: 0, Final: 0, Phantom: 0
[2026-04-03T03:05:49.263+0600][827.889s][info][gc,phases      ] GC(120) Phase 1: Mark live objects 3223.785ms
[2026-04-03T03:05:49.263+0600][827.889s][info][gc,phases,start] GC(120) Phase 2: Compute new object addresses
[2026-04-03T03:05:49.351+0600][827.977s][info][gc,phases      ] GC(120) Phase 2: Compute new object addresses 87.727ms
[2026-04-03T03:05:49.351+0600][827.977s][info][gc,phases,start] GC(120) Phase 3: Adjust pointers
[2026-04-03T03:05:49.451+0600][828.078s][info][gc,phases      ] GC(120) Phase 3: Adjust pointers 100.441ms
[2026-04-03T03:05:49.451+0600][828.078s][info][gc,phases,start] GC(120) Phase 4: Move objects
[2026-04-03T03:05:49.547+0600][828.173s][info][gc,phases      ] GC(120) Phase 4: Move objects 95.124ms
[2026-04-03T03:05:49.547+0600][828.173s][info][gc,ergo        ] GC(120) Bad progress for free space: 139K, need 5120K
[2026-04-03T03:05:49.547+0600][828.173s][info][gc             ] GC(120) Pause Degenerated GC (Outside of Cycle) 486M->486M(500M) 7687.051ms
[2026-04-03T03:05:49.547+0600][828.174s][info][gc,ergo        ] Free: 116K, Max: 49944B regular, 0B humongous, Frag: 0% external, 99% internal; Reserve: 12800K, Max: 256K
[2026-04-03T03:05:49.547+0600][828.174s][info][gc,stats       ] 
[2026-04-03T03:05:49.547+0600][828.174s][info][gc,stats       ] All times are wall-clock times, except per-root-class counters, that are sum over
[2026-04-03T03:05:49.547+0600][828.174s][info][gc,stats       ] all workers. Dividing the <total> over the root stage time estimates parallelism.
[2026-04-03T03:05:49.547+0600][828.174s][info][gc,stats       ] 
[2026-04-03T03:05:49.547+0600][828.174s][info][gc,stats       ] Pause Degenerated GC (G)        7687388 us
[2026-04-03T03:05:49.547+0600][828.174s][info][gc,stats       ] Pause Degenerated GC (N)        7687063 us
[2026-04-03T03:05:49.547+0600][828.174s][info][gc,stats       ]   Degen STW Mark                4168509 us, parallelism: 6.00x
[2026-04-03T03:05:49.547+0600][828.174s][info][gc,stats       ]     DSM: <total>               25003658 us
[2026-04-03T03:05:49.547+0600][828.174s][info][gc,stats       ]     DSM: Thread Roots               756 us, workers (us): 175,  87, 176, 137,  83,  98, 
[2026-04-03T03:05:49.547+0600][828.174s][info][gc,stats       ]     DSM: VM Strong Roots             18 us, workers (us):   0,   5,   0,   0,   6,   5, 
[2026-04-03T03:05:49.547+0600][828.174s][info][gc,stats       ]     DSM: CLDG Roots                 228 us, workers (us): 123,  30,  15,  15,  30,  14, 
[2026-04-03T03:05:49.547+0600][828.174s][info][gc,stats       ]     DSM: Parallel Mark         25002656 us, workers (us): 4167149, 4167071, 4167080, 4167118, 4167000, 4167239, 
[2026-04-03T03:05:49.547+0600][828.174s][info][gc,stats       ]     System Purge                   2221 us
[2026-04-03T03:05:49.547+0600][828.174s][info][gc,stats       ]       Weak References               592 us, parallelism: 0.94x
[2026-04-03T03:05:49.547+0600][828.174s][info][gc,stats       ]         WRP: <total>                559 us
[2026-04-03T03:05:49.547+0600][828.174s][info][gc,stats       ]         WRP: Weak References        559 us, workers (us):  84, 345, 101,  30,   0,   0, 
[2026-04-03T03:05:49.547+0600][828.174s][info][gc,stats       ]       Unload Classes               1451 us, parallelism: 5.22x
[2026-04-03T03:05:49.547+0600][828.174s][info][gc,stats       ]         DCU: <total>               7568 us
[2026-04-03T03:05:49.547+0600][828.174s][info][gc             ] Failed to allocate TLAB, 2656B
[2026-04-03T03:05:49.547+0600][828.174s][info][gc             ] Cancelling GC: Allocation Failure
[2026-04-03T03:05:49.547+0600][828.174s][info][gc,stats       ]         DCU: Unload Code Caches     7568 us, workers (us): 1263, 1277, 1280, 1265, 1268, 1215, 
[2026-04-03T03:05:49.547+0600][828.174s][info][gc,stats       ]       Weak Roots                    155 us, parallelism: 3.56x
[2026-04-03T03:05:49.547+0600][828.174s][info][gc,stats       ]         DWR: <total>                553 us
[2026-04-03T03:05:49.548+0600][828.174s][info][gc,stats       ]         DWR: VM Weak Roots          553 us, workers (us): 115, 114, 109, 101,  97,  17, 
[2026-04-03T03:05:49.548+0600][828.174s][info][gc,stats       ]       CLDG                            7 us
[2026-04-03T03:05:49.548+0600][828.174s][info][gc,stats       ]   Update Region States               21 us
[2026-04-03T03:05:49.548+0600][828.174s][info][gc,stats       ]   Manage GC/TLABs                     8 us
[2026-04-03T03:05:49.548+0600][828.174s][info][gc,stats       ]   Choose Collection Set             176 us
[2026-04-03T03:05:49.548+0600][828.174s][info][gc,stats       ]   Rebuild Free Set                   39 us
[2026-04-03T03:05:49.548+0600][828.174s][info][gc,stats       ]   Evacuation                       5016 us
[2026-04-03T03:05:49.548+0600][828.174s][info][gc,stats       ]   Pre Heap Dump                       2 us
[2026-04-03T03:05:49.548+0600][828.174s][info][gc,stats       ]   Prepare                          2675 us
[2026-04-03T03:05:49.548+0600][828.174s][info][gc,stats       ]     Update Roots                   1720 us, parallelism: 5.14x
[2026-04-03T03:05:49.548+0600][828.174s][info][gc,stats       ]       FU: <total>                  8842 us
[2026-04-03T03:05:49.548+0600][828.174s][info][gc,stats       ]       FU: Thread Roots              608 us, workers (us):  63,   3,   5,  96, 216, 225, 
[2026-04-03T03:05:49.548+0600][828.174s][info][gc,stats       ]       FU: Code Cache Roots         7083 us, workers (us): 1234, 1285, 1287, 1136, 1076, 1065, 
[2026-04-03T03:05:49.548+0600][828.174s][info][gc,stats       ]       FU: VM Strong Roots            21 us, workers (us):  11,   7,   2,   1,   1,   1, 
[2026-04-03T03:05:49.548+0600][828.174s][info][gc,stats       ]       FU: VM Weak Roots             718 us, workers (us): 154, 156, 152, 148,  58,  51, 
[2026-04-03T03:05:49.548+0600][828.174s][info][gc,stats       ]       FU: CLDG Roots                411 us, workers (us):  48, 107,  48, 106,  47,  54, 
[2026-04-03T03:05:49.548+0600][828.174s][info][gc,stats       ]   Mark                          3223724 us, parallelism: 5.99x
[2026-04-03T03:05:49.548+0600][828.174s][info][gc,stats       ]     FM: <total>                19323691 us
[2026-04-03T03:05:49.548+0600][828.174s][info][gc,stats       ]     FM: Thread Roots                664 us, workers (us): 138, 137, 128, 144,  64,  52, 
[2026-04-03T03:05:49.548+0600][828.174s][info][gc,stats       ]     FM: VM Strong Roots              26 us, workers (us):   5,   7,   0,   5,   5,   5, 
[2026-04-03T03:05:49.548+0600][828.174s][info][gc,stats       ]     FM: CLDG Roots                  297 us, workers (us):  37,  34, 147,  21,  23,  35, 
[2026-04-03T03:05:49.548+0600][828.174s][info][gc,stats       ]     FM: Parallel Mark          19322704 us, workers (us): 3220331, 3220455, 3220452, 3220455, 3220459, 3220551, 
[2026-04-03T03:05:49.548+0600][828.174s][info][gc,stats       ]     System Purge                   2162 us
[2026-04-03T03:05:49.548+0600][828.174s][info][gc,stats       ]       Weak References               442 us, parallelism: 0.69x
[2026-04-03T03:05:49.548+0600][828.174s][info][gc,stats       ]         WRP: <total>                304 us
[2026-04-03T03:05:49.548+0600][828.174s][info][gc,stats       ]         WRP: Weak References        304 us, workers (us):  96,   5, 173,  17,   1,  12, 
[2026-04-03T03:05:49.548+0600][828.174s][info][gc,stats       ]       Unload Classes               1454 us, parallelism: 5.09x
[2026-04-03T03:05:49.548+0600][828.174s][info][gc,stats       ]         CU: <total>                7408 us
[2026-04-03T03:05:49.548+0600][828.174s][info][gc,stats       ]         CU: Unload Code Caches     7408 us, workers (us): 1285, 1272, 1240, 1223, 1199, 1189, 
[2026-04-03T03:05:49.548+0600][828.174s][info][gc,stats       ]       Weak Roots                    253 us, parallelism: 2.55x
[2026-04-03T03:05:49.548+0600][828.174s][info][gc,stats       ]         WR: <total>                 645 us
[2026-04-03T03:05:49.548+0600][828.174s][info][gc,stats       ]         WR: VM Weak Roots           645 us, workers (us): 137, 138,  92,  93,  93,  92, 
[2026-04-03T03:05:49.548+0600][828.174s][info][gc,stats       ]       CLDG                            2 us
[2026-04-03T03:05:49.548+0600][828.174s][info][gc,stats       ]   Calculate Addresses             87716 us
[2026-04-03T03:05:49.548+0600][828.174s][info][gc,stats       ]     Regular Objects               87607 us
[2026-04-03T03:05:49.548+0600][828.174s][info][gc,stats       ]     Humongous Objects                30 us
[2026-04-03T03:05:49.548+0600][828.174s][info][gc,stats       ]   Adjust Pointers                100430 us
[2026-04-03T03:05:49.548+0600][828.174s][info][gc,stats       ]     FA: <total>                    7694 us
[2026-04-03T03:05:49.548+0600][828.174s][info][gc,stats       ]     FA: Thread Roots                513 us, workers (us):  17, 128, 128,   3,  99, 139, 
[2026-04-03T03:05:49.548+0600][828.174s][info][gc,stats       ]     FA: Code Cache Roots           5983 us, workers (us): 1070, 970, 958, 1030, 997, 959, 
[2026-04-03T03:05:49.548+0600][828.174s][info][gc,stats       ]     FA: VM Strong Roots              18 us, workers (us):  14,   1,   1,   1,   1,   1, 
[2026-04-03T03:05:49.548+0600][828.174s][info][gc,stats       ]     FA: VM Weak Roots               631 us, workers (us): 167, 127, 103,  81,  77,  76, 
[2026-04-03T03:05:49.548+0600][828.174s][info][gc,stats       ]     FA: CLDG Roots                  549 us, workers (us): 164,  58,  73, 128,  63,  62, 
[2026-04-03T03:05:49.548+0600][828.174s][info][gc,stats       ]   Copy Objects                    95111 us
[2026-04-03T03:05:49.548+0600][828.174s][info][gc,stats       ]     Regular Objects               94223 us
[2026-04-03T03:05:49.548+0600][828.174s][info][gc,stats       ]     Humongous Objects                21 us
[2026-04-03T03:05:49.548+0600][828.174s][info][gc,stats       ]     Reset Complete Bitmap           673 us
[2026-04-03T03:05:49.548+0600][828.174s][info][gc,stats       ]     Rebuild Region Sets             192 us
[2026-04-03T03:05:49.548+0600][828.174s][info][gc,stats       ]   Post Heap Dump                      2 us
[2026-04-03T03:05:49.548+0600][828.174s][info][gc,stats       ] 
[2026-04-03T03:05:49.548+0600][828.174s][info][gc,stats       ] Allocation pacing accrued:
[2026-04-03T03:05:49.548+0600][828.174s][info][gc,stats       ]       0 of  7689 ms (  0.0%): <total>
[2026-04-03T03:05:49.548+0600][828.174s][info][gc,stats       ]       0 of  7689 ms (  0.0%): <average total>
[2026-04-03T03:05:49.548+0600][828.174s][info][gc,stats       ] 
[2026-04-03T03:05:49.548+0600][828.174s][info][gc,metaspace   ] Metaspace: 49738K(50112K)->49738K(50112K) NonClass: 43523K(43712K)->43523K(43712K) Class: 6214K(6400K)->6214K(6400K)
[2026-04-03T03:05:49.548+0600][828.174s][info][gc,ergo        ] Pacer for Idle. Initial: 10240K, Alloc Tax Rate: 1.0x
[2026-04-03T03:05:49.549+0600][828.175s][info][gc             ] Trigger: Handle Allocation Failure
[2026-04-03T03:05:49.549+0600][828.175s][info][gc,ergo        ] Free: 0B, Max: 0B regular, 0B humongous, Frag: 0% external, 0% internal; Reserve: 12800K, Max: 256K
[2026-04-03T03:05:49.549+0600][828.175s][info][gc,start       ] GC(121) Pause Degenerated GC (Outside of Cycle)
[2026-04-03T03:05:49.549+0600][828.175s][info][gc,task        ] GC(121) Using 6 of 6 workers for stw degenerated gc
[2026-04-03T03:05:49.549+0600][828.176s][info][gc,ref         ] GC(121) Clearing All SoftReferences
[2026-04-03T03:05:53.363+0600][831.989s][info][gc,ref         ] GC(121) Encountered references: Soft: 2447, Weak: 2765, Final: 74, Phantom: 586
[2026-04-03T03:05:53.363+0600][831.990s][info][gc,ref         ] GC(121) Discovered  references: Soft: 236, Weak: 1291, Final: 74, Phantom: 581
[2026-04-03T03:05:53.363+0600][831.990s][info][gc,ref         ] GC(121) Enqueued    references: Soft: 1, Weak: 0, Final: 0, Phantom: 0
[2026-04-03T03:05:53.365+0600][831.991s][info][gc,ergo        ] GC(121) Adaptive CSet Selection. Target Free: 72533K, Actual Free: 12800K, Max CSet: 21333K, Min Garbage: 59733K
[2026-04-03T03:05:53.365+0600][831.991s][info][gc,ergo        ] GC(121) Collectable Garbage: 35832B (100%), Immediate: 0B (0%), CSet: 35832B (100%)
[2026-04-03T03:05:53.369+0600][831.995s][info][gc             ] GC(121) Cancelling GC: Allocation Failure During Evacuation
[2026-04-03T03:05:53.371+0600][831.997s][info][gc             ] GC(121) Cannot finish degeneration, upgrading to Full GC
[2026-04-03T03:05:53.374+0600][832.000s][info][gc,phases,start] GC(121) Phase 1: Mark live objects
[2026-04-03T03:05:53.374+0600][832.000s][info][gc,ref         ] GC(121) Clearing All SoftReferences
[2026-04-03T03:05:53.374+0600][832.000s][info][gc,ref         ] GC(121) Clearing All SoftReferences
[2026-04-03T03:05:56.884+0600][835.510s][info][gc,ref         ] GC(121) Encountered references: Soft: 2446, Weak: 2765, Final: 74, Phantom: 586
[2026-04-03T03:05:56.884+0600][835.511s][info][gc,ref         ] GC(121) Discovered  references: Soft: 239, Weak: 1477, Final: 74, Phantom: 581
[2026-04-03T03:05:56.884+0600][835.511s][info][gc,ref         ] GC(121) Enqueued    references: Soft: 0, Weak: 0, Final: 0, Phantom: 0
[2026-04-03T03:05:56.886+0600][835.512s][info][gc,phases      ] GC(121) Phase 1: Mark live objects 3512.255ms
[2026-04-03T03:05:56.886+0600][835.512s][info][gc,phases,start] GC(121) Phase 2: Compute new object addresses
[2026-04-03T03:05:56.977+0600][835.603s][info][gc,phases      ] GC(121) Phase 2: Compute new object addresses 90.706ms
[2026-04-03T03:05:56.977+0600][835.603s][info][gc,phases,start] GC(121) Phase 3: Adjust pointers
[2026-04-03T03:05:57.076+0600][835.702s][info][gc,phases      ] GC(121) Phase 3: Adjust pointers 98.913ms
[2026-04-03T03:05:57.076+0600][835.702s][info][gc,phases,start] GC(121) Phase 4: Move objects
[2026-04-03T03:05:57.171+0600][835.798s][info][gc,phases      ] GC(121) Phase 4: Move objects 95.342ms
[2026-04-03T03:05:57.171+0600][835.798s][info][gc,ergo        ] GC(121) Bad progress for free space: 74456B, need 5120K
[2026-04-03T03:05:57.171+0600][835.798s][info][gc             ] GC(121) Pause Degenerated GC (Outside of Cycle) 486M->486M(500M) 7622.400ms
[2026-04-03T03:05:57.172+0600][835.798s][info][gc,ergo        ] Free: 74456B, Max: 19952B regular, 0B humongous, Frag: 0% external, 99% internal; Reserve: 12800K, Max: 256K
[2026-04-03T03:05:57.172+0600][835.798s][info][gc,stats       ] 
[2026-04-03T03:05:57.172+0600][835.798s][info][gc,stats       ] All times are wall-clock times, except per-root-class counters, that are sum over
[2026-04-03T03:05:57.172+0600][835.798s][info][gc,stats       ] all workers. Dividing the <total> over the root stage time estimates parallelism.
[2026-04-03T03:05:57.172+0600][835.798s][info][gc,stats       ] 
[2026-04-03T03:05:57.172+0600][835.798s][info][gc,stats       ] Pause Degenerated GC (G)        7622533 us
[2026-04-03T03:05:57.172+0600][835.798s][info][gc,stats       ] Pause Degenerated GC (N)        7622417 us
[2026-04-03T03:05:57.172+0600][835.798s][info][gc,stats       ]   Degen STW Mark                3813505 us, parallelism: 6.00x
[2026-04-03T03:05:57.172+0600][835.798s][info][gc,stats       ]     DSM: <total>               22873897 us
[2026-04-03T03:05:57.172+0600][835.798s][info][gc,stats       ]     DSM: Thread Roots               719 us, workers (us): 215, 125, 121, 115,  75,  68, 
[2026-04-03T03:05:57.172+0600][835.798s][info][gc,stats       ]     DSM: VM Strong Roots             12 us, workers (us):   0,  10,   0,   0,   0,   0, 
[2026-04-03T03:05:57.172+0600][835.798s][info][gc,stats       ]     DSM: CLDG Roots                 215 us, workers (us):  13,   6, 124,  29,  18,  25, 
[2026-04-03T03:05:57.172+0600][835.798s][info][gc,stats       ]     DSM: Parallel Mark         22872950 us, workers (us): 3811437, 3812442, 3812098, 3812113, 3812429, 3812432, 
[2026-04-03T03:05:57.172+0600][835.798s][info][gc,stats       ]     System Purge                   1975 us
[2026-04-03T03:05:57.172+0600][835.798s][info][gc,stats       ]       Weak References               345 us, parallelism: 0.70x
[2026-04-03T03:05:57.172+0600][835.798s][info][gc,stats       ]         WRP: <total>                240 us
[2026-04-03T03:05:57.172+0600][835.798s][info][gc,stats       ]         WRP: Weak References        240 us, workers (us): 134,  43,  62,   1,   1,   0, 
[2026-04-03T03:05:57.172+0600][835.798s][info][gc,stats       ]       Unload Classes               1391 us, parallelism: 5.24x
[2026-04-03T03:05:57.172+0600][835.798s][info][gc,stats       ]         DCU: <total>               7288 us
[2026-04-03T03:05:57.172+0600][835.798s][info][gc             ] Failed to allocate TLAB, 2648B
[2026-04-03T03:05:57.172+0600][835.798s][info][gc             ] Cancelling GC: Allocation Failure
[2026-04-03T03:05:57.172+0600][835.798s][info][gc,stats       ]         DCU: Unload Code Caches     7288 us, workers (us): 1216, 1229, 1212, 1215, 1240, 1175, 
[2026-04-03T03:05:57.172+0600][835.798s][info][gc,stats       ]       Weak Roots                    227 us, parallelism: 2.21x
[2026-04-03T03:05:57.172+0600][835.798s][info][gc,stats       ]         DWR: <total>                501 us
[2026-04-03T03:05:57.172+0600][835.798s][info][gc,stats       ]         DWR: VM Weak Roots          501 us, workers (us): 128, 111,  82,  74,  52,  53, 
[2026-04-03T03:05:57.172+0600][835.798s][info][gc,stats       ]       CLDG                            3 us
[2026-04-03T03:05:57.172+0600][835.798s][info][gc,stats       ]   Update Region States               33 us
[2026-04-03T03:05:57.172+0600][835.798s][info][gc,stats       ]   Manage GC/TLABs                    11 us
[2026-04-03T03:05:57.172+0600][835.798s][info][gc,stats       ]   Choose Collection Set             222 us
[2026-04-03T03:05:57.172+0600][835.798s][info][gc,stats       ]   Rebuild Free Set                   39 us
[2026-04-03T03:05:57.172+0600][835.798s][info][gc,stats       ]   Evacuation                       5320 us
[2026-04-03T03:05:57.172+0600][835.798s][info][gc,stats       ]   Pre Heap Dump                       2 us
[2026-04-03T03:05:57.172+0600][835.798s][info][gc,stats       ]   Prepare                          2832 us
[2026-04-03T03:05:57.172+0600][835.798s][info][gc,stats       ]     Update Roots                   1776 us, parallelism: 5.31x
[2026-04-03T03:05:57.172+0600][835.798s][info][gc,stats       ]       FU: <total>                  9424 us
[2026-04-03T03:05:57.172+0600][835.798s][info][gc,stats       ]       FU: Thread Roots              682 us, workers (us):  60, 181, 217, 114,  31,  79, 
[2026-04-03T03:05:57.172+0600][835.798s][info][gc,stats       ]       FU: Code Cache Roots         7339 us, workers (us): 1299, 1183, 1142, 1197, 1337, 1181, 
[2026-04-03T03:05:57.172+0600][835.798s][info][gc,stats       ]       FU: VM Strong Roots            17 us, workers (us):  13,   1,   1,   1,   1,   1, 
[2026-04-03T03:05:57.172+0600][835.798s][info][gc,stats       ]       FU: VM Weak Roots             667 us, workers (us): 160, 122,  97,  97,  95,  96, 
[2026-04-03T03:05:57.172+0600][835.798s][info][gc,stats       ]       FU: CLDG Roots                718 us, workers (us):  91, 100,  93, 142,  93, 199, 
[2026-04-03T03:05:57.172+0600][835.798s][info][gc,stats       ]   Mark                          3512111 us, parallelism: 5.99x
[2026-04-03T03:05:57.172+0600][835.798s][info][gc,stats       ]     FM: <total>                21049913 us
[2026-04-03T03:05:57.172+0600][835.798s][info][gc,stats       ]     FM: Thread Roots                829 us, workers (us): 214, 203, 153,  95,  75,  90, 
[2026-04-03T03:05:57.172+0600][835.798s][info][gc,stats       ]     FM: VM Strong Roots              29 us, workers (us):   0,   6,   3,   6,   8,   5, 
[2026-04-03T03:05:57.172+0600][835.798s][info][gc,stats       ]     FM: CLDG Roots                  320 us, workers (us): 156,  46,  23,  46,  32,  18, 
[2026-04-03T03:05:57.172+0600][835.798s][info][gc,stats       ]     FM: Parallel Mark          21048736 us, workers (us): 3508142, 3508155, 3508255, 3507877, 3508150, 3508157, 
[2026-04-03T03:05:57.172+0600][835.798s][info][gc,stats       ]     System Purge                   2407 us
[2026-04-03T03:05:57.172+0600][835.798s][info][gc,stats       ]       Weak References               622 us, parallelism: 1.20x
[2026-04-03T03:05:57.172+0600][835.798s][info][gc,stats       ]         WRP: <total>                747 us
[2026-04-03T03:05:57.172+0600][835.798s][info][gc,stats       ]         WRP: Weak References        747 us, workers (us): 425,  35, 257,  30,   0,   0, 
[2026-04-03T03:05:57.172+0600][835.798s][info][gc,stats       ]       Unload Classes               1527 us, parallelism: 4.92x
[2026-04-03T03:05:57.172+0600][835.798s][info][gc,stats       ]         CU: <total>                7507 us
[2026-04-03T03:05:57.172+0600][835.798s][info][gc,stats       ]         CU: Unload Code Caches     7507 us, workers (us): 1293, 1276, 1251, 1230, 1236, 1221, 
[2026-04-03T03:05:57.172+0600][835.798s][info][gc,stats       ]       Weak Roots                    238 us, parallelism: 3.28x
[2026-04-03T03:05:57.172+0600][835.798s][info][gc,stats       ]         WR: <total>                 780 us
[2026-04-03T03:05:57.172+0600][835.798s][info][gc,stats       ]         WR: VM Weak Roots           780 us, workers (us): 187, 174, 156, 121,  73,  70, 
[2026-04-03T03:05:57.172+0600][835.798s][info][gc,stats       ]       CLDG                            2 us
[2026-04-03T03:05:57.172+0600][835.798s][info][gc,stats       ]   Calculate Addresses             90698 us
[2026-04-03T03:05:57.172+0600][835.798s][info][gc,stats       ]     Regular Objects               90608 us
[2026-04-03T03:05:57.172+0600][835.798s][info][gc,stats       ]     Humongous Objects                28 us
[2026-04-03T03:05:57.172+0600][835.798s][info][gc,stats       ]   Adjust Pointers                 98902 us
[2026-04-03T03:05:57.172+0600][835.798s][info][gc,stats       ]     FA: <total>                    7284 us
[2026-04-03T03:05:57.172+0600][835.798s][info][gc,stats       ]     FA: Thread Roots                469 us, workers (us): 165,  61, 220,  19,   1,   3, 
[2026-04-03T03:05:57.172+0600][835.798s][info][gc,stats       ]     FA: Code Cache Roots           5605 us, workers (us): 829, 947, 784, 919, 1122, 1004, 
[2026-04-03T03:05:57.172+0600][835.798s][info][gc,stats       ]     FA: VM Strong Roots              15 us, workers (us):  12,   1,   1,   0,   1,   1, 
[2026-04-03T03:05:57.172+0600][835.798s][info][gc,stats       ]     FA: VM Weak Roots               624 us, workers (us): 175, 142, 103,  75,  76,  53, 
[2026-04-03T03:05:57.172+0600][835.798s][info][gc,stats       ]     FA: CLDG Roots                  570 us, workers (us):  66,  52,  57, 191, 149,  56, 
[2026-04-03T03:05:57.172+0600][835.798s][info][gc,stats       ]   Copy Objects                    95330 us
[2026-04-03T03:05:57.172+0600][835.798s][info][gc,stats       ]     Regular Objects               94484 us
[2026-04-03T03:05:57.172+0600][835.798s][info][gc,stats       ]     Humongous Objects                20 us
[2026-04-03T03:05:57.172+0600][835.799s][info][gc,stats       ]     Reset Complete Bitmap           652 us
[2026-04-03T03:05:57.172+0600][835.799s][info][gc,stats       ]     Rebuild Region Sets             172 us
[2026-04-03T03:05:57.172+0600][835.799s][info][gc,stats       ]   Post Heap Dump                      1 us
[2026-04-03T03:05:57.172+0600][835.799s][info][gc,stats       ] 
[2026-04-03T03:05:57.172+0600][835.799s][info][gc,stats       ] Allocation pacing accrued:
[2026-04-03T03:05:57.172+0600][835.799s][info][gc,stats       ]       0 of  7624 ms (  0.0%): <total>
[2026-04-03T03:05:57.172+0600][835.799s][info][gc,stats       ]       0 of  7624 ms (  0.0%): <average total>
[2026-04-03T03:05:57.172+0600][835.799s][info][gc,stats       ] 
[2026-04-03T03:05:57.172+0600][835.799s][info][gc,metaspace   ] Metaspace: 49738K(50112K)->49739K(50112K) NonClass: 43523K(43712K)->43524K(43712K) Class: 6214K(6400K)->6215K(6400K)
[2026-04-03T03:05:57.172+0600][835.799s][info][gc,ergo        ] Pacer for Idle. Initial: 10240K, Alloc Tax Rate: 1.0x
[2026-04-03T03:05:57.173+0600][835.800s][info][gc             ] Trigger: Handle Allocation Failure
[2026-04-03T03:05:57.173+0600][835.800s][info][gc,ergo        ] Free: 0B, Max: 0B regular, 0B humongous, Frag: 0% external, 0% internal; Reserve: 12800K, Max: 256K
[2026-04-03T03:05:57.173+0600][835.800s][info][gc,start       ] GC(122) Pause Full
[2026-04-03T03:05:57.173+0600][835.800s][info][gc,task        ] GC(122) Using 6 of 6 workers for full gc
[2026-04-03T03:05:57.174+0600][835.800s][info][gc,phases,start] GC(122) Phase 1: Mark live objects
[2026-04-03T03:05:57.174+0600][835.800s][info][gc,ref         ] GC(122) Clearing All SoftReferences
[2026-04-03T03:05:57.174+0600][835.800s][info][gc,ref         ] GC(122) Clearing All SoftReferences
[2026-04-03T03:06:00.072+0600][838.698s][info][gc,ref         ] GC(122) Encountered references: Soft: 2446, Weak: 2765, Final: 74, Phantom: 586
[2026-04-03T03:06:00.072+0600][838.698s][info][gc,ref         ] GC(122) Discovered  references: Soft: 241, Weak: 1418, Final: 59, Phantom: 582
[2026-04-03T03:06:00.072+0600][838.698s][info][gc,ref         ] GC(122) Enqueued    references: Soft: 1, Weak: 0, Final: 0, Phantom: 0
[2026-04-03T03:06:00.073+0600][838.700s][info][gc,phases      ] GC(122) Phase 1: Mark live objects 2899.518ms
[2026-04-03T03:06:00.073+0600][838.700s][info][gc,phases,start] GC(122) Phase 2: Compute new object addresses
[2026-04-03T03:06:00.161+0600][838.787s][info][gc,phases      ] GC(122) Phase 2: Compute new object addresses 87.659ms
[2026-04-03T03:06:00.161+0600][838.787s][info][gc,phases,start] GC(122) Phase 3: Adjust pointers
[2026-04-03T03:06:00.261+0600][838.887s][info][gc,phases      ] GC(122) Phase 3: Adjust pointers 99.741ms
[2026-04-03T03:06:00.261+0600][838.887s][info][gc,phases,start] GC(122) Phase 4: Move objects
[2026-04-03T03:06:00.338+0600][838.964s][info][gc,phases      ] GC(122) Phase 4: Move objects 77.128ms
[2026-04-03T03:06:00.338+0600][838.965s][info][gc,ergo        ] GC(122) Bad progress for free space: 56480B, need 5120K
[2026-04-03T03:06:00.338+0600][838.965s][info][gc             ] GC(122) Pause Full 486M->486M(500M) 3164.949ms
[2026-04-03T03:06:00.339+0600][838.965s][info][gc,ergo        ] Free: 56480B, Max: 12024B regular, 0B humongous, Frag: 0% external, 99% internal; Reserve: 12800K, Max: 256K
[2026-04-03T03:06:00.339+0600][838.965s][info][gc,stats       ] 
[2026-04-03T03:06:00.339+0600][838.965s][info][gc,stats       ] All times are wall-clock times, except per-root-class counters, that are sum over
[2026-04-03T03:06:00.339+0600][838.965s][info][gc,stats       ] all workers. Dividing the <total> over the root stage time estimates parallelism.
[2026-04-03T03:06:00.339+0600][838.965s][info][gc,stats       ] 
[2026-04-03T03:06:00.339+0600][838.965s][info][gc,stats       ] Pause Full GC (G)               3165084 us
[2026-04-03T03:06:00.339+0600][838.965s][info][gc,stats       ] Pause Full GC (N)               3164969 us
[2026-04-03T03:06:00.339+0600][838.965s][info][gc,stats       ]   Pre Heap Dump                       0 us
[2026-04-03T03:06:00.339+0600][838.965s][info][gc,stats       ]   Prepare                           187 us
[2026-04-03T03:06:00.339+0600][838.965s][info][gc,stats       ]   Mark                          2899503 us, parallelism: 5.99x
[2026-04-03T03:06:00.339+0600][838.965s][info][gc,stats       ]     FM: <total>                17381854 us
[2026-04-03T03:06:00.339+0600][838.965s][info][gc,stats       ]     FM: Thread Roots                776 us, workers (us): 251, 129, 120,  70, 141,  67, 
[2026-04-03T03:06:00.339+0600][838.965s][info][gc,stats       ]     FM: VM Strong Roots              17 us, workers (us):   0,   5,   5,   6,   0,   0, 
[2026-04-03T03:06:00.339+0600][838.965s][info][gc,stats       ]     FM: CLDG Roots                  224 us, workers (us):   8,  22,  26,  26,   6, 135, 
[2026-04-03T03:06:00.339+0600][838.965s][info][gc,stats       ]     FM: Parallel Mark          17380837 us, workers (us): 2896726, 2896848, 2896854, 2896862, 2896800, 2896748, 
[2026-04-03T03:06:00.339+0600][838.965s][info][gc,stats       ]     System Purge                   1754 us
[2026-04-03T03:06:00.339+0600][838.965s][info][gc,stats       ]       Weak References               271 us, parallelism: 0.86x
[2026-04-03T03:06:00.339+0600][838.965s][info][gc,stats       ]         WRP: <total>                233 us
[2026-04-03T03:06:00.339+0600][838.965s][info][gc             ] Failed to allocate TLAB, 2648B
[2026-04-03T03:06:00.339+0600][838.965s][info][gc             ] Cancelling GC: Allocation Failure
[2026-04-03T03:06:00.339+0600][838.965s][info][gc,stats       ]         WRP: Weak References        233 us, workers (us):  71, 161,   0,   0,   0,   0, 
[2026-04-03T03:06:00.339+0600][838.965s][info][gc,stats       ]       Unload Classes               1307 us, parallelism: 5.17x
[2026-04-03T03:06:00.339+0600][838.965s][info][gc,stats       ]         CU: <total>                6756 us
[2026-04-03T03:06:00.339+0600][838.965s][info][gc,stats       ]         CU: Unload Code Caches     6756 us, workers (us): 1166, 1161, 1093, 1109, 1123, 1104, 
[2026-04-03T03:06:00.339+0600][838.965s][info][gc,stats       ]       Weak Roots                    158 us, parallelism: 2.75x
[2026-04-03T03:06:00.339+0600][838.965s][info][gc,stats       ]         WR: <total>                 434 us
[2026-04-03T03:06:00.339+0600][838.965s][info][gc,stats       ]         WR: VM Weak Roots           434 us, workers (us): 109,  99,  84,  80,  46,  16, 
[2026-04-03T03:06:00.339+0600][838.965s][info][gc,stats       ]       CLDG                            2 us
[2026-04-03T03:06:00.339+0600][838.965s][info][gc,stats       ]   Calculate Addresses             87651 us
[2026-04-03T03:06:00.339+0600][838.965s][info][gc,stats       ]     Regular Objects               87568 us
[2026-04-03T03:06:00.339+0600][838.965s][info][gc,stats       ]     Humongous Objects                30 us
[2026-04-03T03:06:00.339+0600][838.965s][info][gc,stats       ]   Adjust Pointers                 99730 us
[2026-04-03T03:06:00.339+0600][838.965s][info][gc,stats       ]     FA: <total>                    7506 us
[2026-04-03T03:06:00.339+0600][838.965s][info][gc,stats       ]     FA: Thread Roots                469 us, workers (us):  22, 198,   4,   2, 121, 122, 
[2026-04-03T03:06:00.339+0600][838.965s][info][gc,stats       ]     FA: Code Cache Roots           5858 us, workers (us): 1048, 847, 935, 1155, 939, 935, 
[2026-04-03T03:06:00.339+0600][838.965s][info][gc,stats       ]     FA: VM Strong Roots              15 us, workers (us):  11,   1,   1,   1,   1,   1, 
[2026-04-03T03:06:00.339+0600][838.965s][info][gc,stats       ]     FA: VM Weak Roots               618 us, workers (us): 142, 135, 100,  98,  97,  46, 
[2026-04-03T03:06:00.339+0600][838.965s][info][gc,stats       ]     FA: CLDG Roots                  546 us, workers (us):  55,  68, 185, 126,  55,  57, 
[2026-04-03T03:06:00.339+0600][838.965s][info][gc,stats       ]   Copy Objects                    77113 us
[2026-04-03T03:06:00.339+0600][838.965s][info][gc,stats       ]     Regular Objects               75920 us
[2026-04-03T03:06:00.339+0600][838.965s][info][gc,stats       ]     Humongous Objects                24 us
[2026-04-03T03:06:00.339+0600][838.965s][info][gc,stats       ]     Reset Complete Bitmap           999 us
[2026-04-03T03:06:00.339+0600][838.965s][info][gc,stats       ]     Rebuild Region Sets             168 us
[2026-04-03T03:06:00.339+0600][838.965s][info][gc,stats       ]   Post Heap Dump                      2 us
[2026-04-03T03:06:00.339+0600][838.965s][info][gc,stats       ] 
[2026-04-03T03:06:00.339+0600][838.965s][info][gc,stats       ] Allocation pacing accrued:
[2026-04-03T03:06:00.339+0600][838.965s][info][gc,stats       ]       0 of  3167 ms (  0.0%): <total>
[2026-04-03T03:06:00.339+0600][838.965s][info][gc,stats       ]       0 of  3167 ms (  0.0%): <average total>
[2026-04-03T03:06:00.339+0600][838.965s][info][gc,stats       ] 
[2026-04-03T03:06:00.339+0600][838.965s][info][gc,metaspace   ] Metaspace: 49739K(50112K)->49739K(50112K) NonClass: 43524K(43712K)->43524K(43712K) Class: 6215K(6400K)->6215K(6400K)
[2026-04-03T03:06:00.339+0600][838.965s][info][gc,ergo        ] Pacer for Idle. Initial: 10240K, Alloc Tax Rate: 1.0x
[2026-04-03T03:06:00.341+0600][838.968s][info][gc             ] Trigger: Handle Allocation Failure
[2026-04-03T03:06:00.341+0600][838.968s][info][gc,ergo        ] Free: 0B, Max: 0B regular, 0B humongous, Frag: 0% external, 0% internal; Reserve: 12800K, Max: 256K
[2026-04-03T03:06:00.341+0600][838.968s][info][gc,start       ] GC(123) Pause Degenerated GC (Outside of Cycle)
[2026-04-03T03:06:00.341+0600][838.968s][info][gc,task        ] GC(123) Using 6 of 6 workers for stw degenerated gc
[2026-04-03T03:06:00.342+0600][838.968s][info][gc,ref         ] GC(123) Clearing All SoftReferences
[2026-04-03T03:06:04.532+0600][843.159s][info][gc,ref         ] GC(123) Encountered references: Soft: 2445, Weak: 2766, Final: 74, Phantom: 586
[2026-04-03T03:06:04.532+0600][843.159s][info][gc,ref         ] GC(123) Discovered  references: Soft: 238, Weak: 1309, Final: 44, Phantom: 582
[2026-04-03T03:06:04.532+0600][843.159s][info][gc,ref         ] GC(123) Enqueued    references: Soft: 0, Weak: 1, Final: 0, Phantom: 0
[2026-04-03T03:06:04.534+0600][843.161s][info][gc,ergo        ] GC(123) Adaptive CSet Selection. Target Free: 72533K, Actual Free: 12800K, Max CSet: 21333K, Min Garbage: 59733K
[2026-04-03T03:06:04.535+0600][843.161s][info][gc,ergo        ] GC(123) Collectable Garbage: 16264B (100%), Immediate: 0B (0%), CSet: 16264B (100%)
[2026-04-03T03:06:04.539+0600][843.165s][info][gc             ] GC(123) Cancelling GC: Allocation Failure During Evacuation
[2026-04-03T03:06:04.540+0600][843.167s][info][gc             ] GC(123) Cannot finish degeneration, upgrading to Full GC
[2026-04-03T03:06:04.543+0600][843.170s][info][gc,phases,start] GC(123) Phase 1: Mark live objects
[2026-04-03T03:06:04.544+0600][843.170s][info][gc,ref         ] GC(123) Clearing All SoftReferences
[2026-04-03T03:06:04.544+0600][843.170s][info][gc,ref         ] GC(123) Clearing All SoftReferences
[2026-04-03T03:06:08.018+0600][846.644s][info][gc,ref         ] GC(123) Encountered references: Soft: 2445, Weak: 2765, Final: 74, Phantom: 586
[2026-04-03T03:06:08.018+0600][846.645s][info][gc,ref         ] GC(123) Discovered  references: Soft: 238, Weak: 1526, Final: 74, Phantom: 581
[2026-04-03T03:06:08.018+0600][846.645s][info][gc,ref         ] GC(123) Enqueued    references: Soft: 0, Weak: 0, Final: 0, Phantom: 0
[2026-04-03T03:06:08.020+0600][846.646s][info][gc,phases      ] GC(123) Phase 1: Mark live objects 3476.697ms
[2026-04-03T03:06:08.020+0600][846.646s][info][gc,phases,start] GC(123) Phase 2: Compute new object addresses
[2026-04-03T03:06:08.103+0600][846.729s][info][gc,phases      ] GC(123) Phase 2: Compute new object addresses 82.859ms
[2026-04-03T03:06:08.103+0600][846.729s][info][gc,phases,start] GC(123) Phase 3: Adjust pointers
[2026-04-03T03:06:08.203+0600][846.829s][info][gc,phases      ] GC(123) Phase 3: Adjust pointers 99.693ms
[2026-04-03T03:06:08.203+0600][846.829s][info][gc,phases,start] GC(123) Phase 4: Move objects
[2026-04-03T03:06:08.298+0600][846.925s][info][gc,phases      ] GC(123) Phase 4: Move objects 95.621ms
[2026-04-03T03:06:08.299+0600][846.925s][info][gc,ergo        ] GC(123) Bad progress for free space: 308K, need 5120K
[2026-04-03T03:06:08.299+0600][846.925s][info][gc             ] GC(123) Pause Degenerated GC (Outside of Cycle) 486M->486M(500M) 7957.646ms
[2026-04-03T03:06:08.299+0600][846.925s][info][gc,ergo        ] Free: 308K, Max: 178K regular, 0B humongous, Frag: 0% external, 99% internal; Reserve: 12544K, Max: 256K
[2026-04-03T03:06:08.299+0600][846.926s][info][gc,stats       ] 
[2026-04-03T03:06:08.299+0600][846.926s][info][gc,stats       ] All times are wall-clock times, except per-root-class counters, that are sum over
[2026-04-03T03:06:08.299+0600][846.926s][info][gc,stats       ] all workers. Dividing the <total> over the root stage time estimates parallelism.
[2026-04-03T03:06:08.299+0600][846.926s][info][gc,stats       ] 
[2026-04-03T03:06:08.299+0600][846.926s][info][gc,stats       ] Pause Degenerated GC (G)        7957818 us
[2026-04-03T03:06:08.299+0600][846.926s][info][gc,stats       ] Pause Degenerated GC (N)        7957665 us
[2026-04-03T03:06:08.299+0600][846.926s][info][gc,stats       ]   Degen STW Mark                4190476 us, parallelism: 6.00x
[2026-04-03T03:06:08.299+0600][846.926s][info][gc,stats       ]     DSM: <total>               25133536 us
[2026-04-03T03:06:08.299+0600][846.926s][info][gc,stats       ]     DSM: Thread Roots               875 us, workers (us): 279, 113, 144, 108, 114, 117, 
[2026-04-03T03:06:08.299+0600][846.926s][info][gc,stats       ]     DSM: VM Strong Roots             19 us, workers (us):   0,   0,   3,   7,   5,   5, 
[2026-04-03T03:06:08.299+0600][846.926s][info][gc,stats       ]     DSM: CLDG Roots                 280 us, workers (us):  16, 176,   6,  31,  27,  24, 
[2026-04-03T03:06:08.299+0600][846.926s][info][gc,stats       ]     DSM: Parallel Mark         25132363 us, workers (us): 4188630, 4188494, 4188730, 4188762, 4188735, 4189011, 
[2026-04-03T03:06:08.299+0600][846.926s][info][gc,stats       ]     System Purge                   2318 us
[2026-04-03T03:06:08.299+0600][846.926s][info][gc,stats       ]       Weak References               453 us, parallelism: 1.21x
[2026-04-03T03:06:08.299+0600][846.926s][info][gc,stats       ]         WRP: <total>                549 us
[2026-04-03T03:06:08.299+0600][846.926s][info][gc,stats       ]         WRP: Weak References        549 us, workers (us): 267,  61, 220,   1,   0,   0, 
[2026-04-03T03:06:08.299+0600][846.926s][info][gc,stats       ]       Unload Classes               1632 us, parallelism: 4.69x
[2026-04-03T03:06:08.299+0600][846.926s][info][gc,stats       ]         DCU: <total>               7661 us
[2026-04-03T03:06:08.299+0600][846.926s][info][gc,stats       ]         DCU: Unload Code Caches     7661 us, workers (us): 1319, 1322, 1235, 1256, 1255, 1273, 
[2026-04-03T03:06:08.299+0600][846.926s][info][gc,stats       ]       Weak Roots                    185 us, parallelism: 2.87x
[2026-04-03T03:06:08.299+0600][846.926s][info][gc,stats       ]         DWR: <total>                531 us
[2026-04-03T03:06:08.299+0600][846.926s][info][gc,stats       ]         DWR: VM Weak Roots          531 us, workers (us): 143, 141,  80,  72,  50,  45, 
[2026-04-03T03:06:08.299+0600][846.926s][info][gc,stats       ]       CLDG                            2 us
[2026-04-03T03:06:08.299+0600][846.926s][info][gc,stats       ]   Update Region States               22 us
[2026-04-03T03:06:08.299+0600][846.926s][info][gc,stats       ]   Manage GC/TLABs                     8 us
[2026-04-03T03:06:08.299+0600][846.926s][info][gc,stats       ]   Choose Collection Set             173 us
[2026-04-03T03:06:08.299+0600][846.926s][info][gc,stats       ]   Rebuild Free Set                   40 us
[2026-04-03T03:06:08.299+0600][846.926s][info][gc,stats       ]   Evacuation                       5370 us
[2026-04-03T03:06:08.299+0600][846.926s][info][gc,stats       ]   Pre Heap Dump                       1 us
[2026-04-03T03:06:08.299+0600][846.926s][info][gc,stats       ]   Prepare                          2972 us
[2026-04-03T03:06:08.299+0600][846.926s][info][gc,stats       ]     Update Roots                   1948 us, parallelism: 4.72x
[2026-04-03T03:06:08.299+0600][846.926s][info][gc,stats       ]       FU: <total>                  9192 us
[2026-04-03T03:06:08.299+0600][846.926s][info][gc,stats       ]       FU: Thread Roots              674 us, workers (us):  79, 227, 154, 112,   3,  99, 
[2026-04-03T03:06:08.299+0600][846.926s][info][gc,stats       ]       FU: Code Cache Roots         7246 us, workers (us): 1229, 1014, 1150, 1211, 1443, 1199, 
[2026-04-03T03:06:08.299+0600][846.926s][info][gc,stats       ]       FU: VM Strong Roots            19 us, workers (us):   8,   7,   1,   1,   1,   1, 
[2026-04-03T03:06:08.299+0600][846.926s][info][gc,stats       ]       FU: VM Weak Roots             694 us, workers (us): 185, 185, 101,  78,  77,  68, 
[2026-04-03T03:06:08.299+0600][846.926s][info][gc,stats       ]       FU: CLDG Roots                559 us, workers (us):  72, 134,  71,  74, 128,  80, 
[2026-04-03T03:06:08.299+0600][846.926s][info][gc,stats       ]   Mark                          3476612 us, parallelism: 5.99x
[2026-04-03T03:06:08.299+0600][846.926s][info][gc,stats       ]     FM: <total>                20838325 us
[2026-04-03T03:06:08.299+0600][846.926s][info][gc,stats       ]     FM: Thread Roots                812 us, workers (us): 228, 219, 115,  93,  84,  72, 
[2026-04-03T03:06:08.300+0600][846.926s][info][gc,stats       ]     FM: VM Strong Roots              28 us, workers (us):   0,   5,   5,   5,   5,   8, 
[2026-04-03T03:06:08.300+0600][846.926s][info][gc,stats       ]     FM: CLDG Roots                  308 us, workers (us): 137,  40,  25,  39,  28,  39, 
[2026-04-03T03:06:08.300+0600][846.926s][info][gc,stats       ]     FM: Parallel Mark          20837177 us, workers (us): 3472746, 3472865, 3472707, 3472990, 3472884, 3472984, 
[2026-04-03T03:06:08.300+0600][846.926s][info][gc,stats       ]     System Purge                   2271 us
[2026-04-03T03:06:08.300+0600][846.926s][info][gc,stats       ]       Weak References               419 us, parallelism: 1.01x
[2026-04-03T03:06:08.300+0600][846.926s][info][gc,stats       ]         WRP: <total>                425 us
[2026-04-03T03:06:08.300+0600][846.926s][info][gc,stats       ]         WRP: Weak References        425 us, workers (us): 251, 113,  21,  19,  20,   0, 
[2026-04-03T03:06:08.300+0600][846.926s][info][gc,stats       ]       Unload Classes               1573 us, parallelism: 5.04x
[2026-04-03T03:06:08.300+0600][846.926s][info][gc,stats       ]         CU: <total>                7928 us
[2026-04-03T03:06:08.300+0600][846.926s][info][gc,stats       ]         CU: Unload Code Caches     7928 us, workers (us): 1376, 1365, 1308, 1299, 1290, 1290, 
[2026-04-03T03:06:08.300+0600][846.926s][info][gc,stats       ]       Weak Roots                    260 us, parallelism: 2.88x
[2026-04-03T03:06:08.300+0600][846.926s][info][gc,stats       ]         WR: <total>                 749 us
[2026-04-03T03:06:08.300+0600][846.926s][info][gc,stats       ]         WR: VM Weak Roots           749 us, workers (us): 212, 178, 140,  91,  65,  62, 
[2026-04-03T03:06:08.300+0600][846.926s][info][gc,stats       ]       CLDG                            2 us
[2026-04-03T03:06:08.300+0600][846.926s][info][gc,stats       ]   Calculate Addresses             82851 us
[2026-04-03T03:06:08.300+0600][846.926s][info][gc,stats       ]     Regular Objects               82757 us
[2026-04-03T03:06:08.300+0600][846.926s][info][gc,stats       ]     Humongous Objects                31 us
[2026-04-03T03:06:08.300+0600][846.926s][info][gc,stats       ]   Adjust Pointers                 99681 us
[2026-04-03T03:06:08.300+0600][846.926s][info][gc,stats       ]     FA: <total>                    7736 us
[2026-04-03T03:06:08.300+0600][846.926s][info][gc,stats       ]     FA: Thread Roots                549 us, workers (us): 173,  75,  62, 122,  93,  24, 
[2026-04-03T03:06:08.300+0600][846.926s][info][gc,stats       ]     FA: Code Cache Roots           6044 us, workers (us): 857, 1053, 996, 1005, 1021, 1113, 
[2026-04-03T03:06:08.300+0600][846.926s][info][gc,stats       ]     FA: VM Strong Roots              19 us, workers (us):  14,   3,   1,   1,   1,   1, 
[2026-04-03T03:06:08.300+0600][846.926s][info][gc,stats       ]     FA: VM Weak Roots               671 us, workers (us): 173, 175, 110,  80,  80,  52, 
[2026-04-03T03:06:08.300+0600][846.926s][info][gc             ] Failed to allocate TLAB, 2656B
[2026-04-03T03:06:08.300+0600][846.926s][info][gc             ] Cancelling GC: Allocation Failure
[2026-04-03T03:06:08.300+0600][846.926s][info][gc,stats       ]     FA: CLDG Roots                  453 us, workers (us): 147,  43, 116,  44,  56,  47, 
[2026-04-03T03:06:08.300+0600][846.926s][info][gc,stats       ]   Copy Objects                    95609 us
[2026-04-03T03:06:08.300+0600][846.926s][info][gc,stats       ]     Regular Objects               94499 us
[2026-04-03T03:06:08.300+0600][846.926s][info][gc,stats       ]     Humongous Objects                21 us
[2026-04-03T03:06:08.300+0600][846.926s][info][gc,stats       ]     Reset Complete Bitmap           800 us
[2026-04-03T03:06:08.300+0600][846.926s][info][gc,stats       ]     Rebuild Region Sets             285 us
[2026-04-03T03:06:08.300+0600][846.926s][info][gc,stats       ]   Post Heap Dump                      1 us
[2026-04-03T03:06:08.300+0600][846.926s][info][gc,stats       ] 
[2026-04-03T03:06:08.300+0600][846.926s][info][gc,stats       ] Allocation pacing accrued:
[2026-04-03T03:06:08.300+0600][846.926s][info][gc,stats       ]       0 of  7961 ms (  0.0%): <total>
[2026-04-03T03:06:08.300+0600][846.926s][info][gc,stats       ]       0 of  7961 ms (  0.0%): <average total>
[2026-04-03T03:06:08.300+0600][846.926s][info][gc,stats       ] 
[2026-04-03T03:06:08.300+0600][846.926s][info][gc,metaspace   ] Metaspace: 49740K(50112K)->49741K(50112K) NonClass: 43524K(43712K)->43525K(43712K) Class: 6215K(6400K)->6215K(6400K)
[2026-04-03T03:06:08.300+0600][846.926s][info][gc,ergo        ] Pacer for Idle. Initial: 10240K, Alloc Tax Rate: 1.0x
[2026-04-03T03:06:08.301+0600][846.927s][info][gc             ] Trigger: Handle Allocation Failure
[2026-04-03T03:06:08.301+0600][846.927s][info][gc,ergo        ] Free: 0B, Max: 0B regular, 0B humongous, Frag: 0% external, 0% internal; Reserve: 12544K, Max: 256K
[2026-04-03T03:06:08.301+0600][846.928s][info][gc,start       ] GC(124) Pause Degenerated GC (Outside of Cycle)
[2026-04-03T03:06:08.301+0600][846.928s][info][gc,task        ] GC(124) Using 6 of 6 workers for stw degenerated gc
[2026-04-03T03:06:08.302+0600][846.928s][info][gc,ref         ] GC(124) Clearing All SoftReferences
[2026-04-03T03:06:12.710+0600][851.337s][info][gc,ref         ] GC(124) Encountered references: Soft: 2445, Weak: 2765, Final: 74, Phantom: 586
[2026-04-03T03:06:12.710+0600][851.337s][info][gc,ref         ] GC(124) Discovered  references: Soft: 244, Weak: 1804, Final: 74, Phantom: 560
[2026-04-03T03:06:12.710+0600][851.337s][info][gc,ref         ] GC(124) Enqueued    references: Soft: 0, Weak: 0, Final: 0, Phantom: 0
[2026-04-03T03:06:12.712+0600][851.339s][info][gc,ergo        ] GC(124) Adaptive CSet Selection. Target Free: 72533K, Actual Free: 12544K, Max CSet: 21333K, Min Garbage: 59989K
[2026-04-03T03:06:12.712+0600][851.339s][info][gc,ergo        ] GC(124) Collectable Garbage: 88744B (100%), Immediate: 0B (0%), CSet: 88744B (100%)
[2026-04-03T03:06:12.716+0600][851.343s][info][gc             ] GC(124) Cancelling GC: Allocation Failure During Evacuation
[2026-04-03T03:06:12.718+0600][851.344s][info][gc             ] GC(124) Cannot finish degeneration, upgrading to Full GC
[2026-04-03T03:06:12.721+0600][851.347s][info][gc,phases,start] GC(124) Phase 1: Mark live objects
[2026-04-03T03:06:12.721+0600][851.347s][info][gc,ref         ] GC(124) Clearing All SoftReferences
[2026-04-03T03:06:12.721+0600][851.347s][info][gc,ref         ] GC(124) Clearing All SoftReferences
[2026-04-03T03:06:16.710+0600][855.336s][info][gc,ref         ] GC(124) Encountered references: Soft: 2445, Weak: 2765, Final: 74, Phantom: 586
[2026-04-03T03:06:16.710+0600][855.336s][info][gc,ref         ] GC(124) Discovered  references: Soft: 239, Weak: 1547, Final: 58, Phantom: 559
[2026-04-03T03:06:16.710+0600][855.336s][info][gc,ref         ] GC(124) Enqueued    references: Soft: 0, Weak: 0, Final: 0, Phantom: 0
[2026-04-03T03:06:16.712+0600][855.338s][info][gc,phases      ] GC(124) Phase 1: Mark live objects 3990.757ms
[2026-04-03T03:06:16.712+0600][855.338s][info][gc,phases,start] GC(124) Phase 2: Compute new object addresses
[2026-04-03T03:06:16.793+0600][855.419s][info][gc,phases      ] GC(124) Phase 2: Compute new object addresses 81.582ms
[2026-04-03T03:06:16.793+0600][855.420s][info][gc,phases,start] GC(124) Phase 3: Adjust pointers
[2026-04-03T03:06:16.900+0600][855.526s][info][gc,phases      ] GC(124) Phase 3: Adjust pointers 106.870ms
[2026-04-03T03:06:16.900+0600][855.527s][info][gc,phases,start] GC(124) Phase 4: Move objects
[2026-04-03T03:06:16.995+0600][855.621s][info][gc,phases      ] GC(124) Phase 4: Move objects 94.708ms
[2026-04-03T03:06:16.995+0600][855.621s][info][gc,ergo        ] GC(124) Bad progress for free space: 120K, need 5120K
[2026-04-03T03:06:16.995+0600][855.621s][info][gc             ] GC(124) Pause Degenerated GC (Outside of Cycle) 486M->486M(500M) 8693.813ms
[2026-04-03T03:06:16.995+0600][855.622s][info][gc,ergo        ] Free: 120K, Max: 51184B regular, 0B humongous, Frag: 0% external, 99% internal; Reserve: 12544K, Max: 256K
[2026-04-03T03:06:16.995+0600][855.622s][info][gc,stats       ] 
[2026-04-03T03:06:16.995+0600][855.622s][info][gc,stats       ] All times are wall-clock times, except per-root-class counters, that are sum over
[2026-04-03T03:06:16.995+0600][855.622s][info][gc,stats       ] all workers. Dividing the <total> over the root stage time estimates parallelism.
[2026-04-03T03:06:16.995+0600][855.622s][info][gc,stats       ] 
[2026-04-03T03:06:16.995+0600][855.622s][info][gc,stats       ] Pause Degenerated GC (G)        8694057 us
[2026-04-03T03:06:16.995+0600][855.622s][info][gc,stats       ] Pause Degenerated GC (N)        8693827 us
[2026-04-03T03:06:16.995+0600][855.622s][info][gc,stats       ]   Degen STW Mark                4408124 us, parallelism: 6.00x
[2026-04-03T03:06:16.995+0600][855.622s][info][gc,stats       ]     DSM: <total>               26441167 us
[2026-04-03T03:06:16.995+0600][855.622s][info][gc,stats       ]     DSM: Thread Roots               567 us, workers (us): 130, 128,  91,  70,  66,  82, 
[2026-04-03T03:06:16.995+0600][855.622s][info][gc,stats       ]     DSM: VM Strong Roots             18 us, workers (us):   0,   5,   4,   4,   4,   0, 
[2026-04-03T03:06:16.995+0600][855.622s][info][gc,stats       ]     DSM: CLDG Roots                 210 us, workers (us): 110,  24,  22,  23,  25,   6, 
[2026-04-03T03:06:16.995+0600][855.622s][info][gc,stats       ]     DSM: Parallel Mark         26440373 us, workers (us): 4406476, 4406736, 4406742, 4406841, 4406739, 4406839, 
[2026-04-03T03:06:16.995+0600][855.622s][info][gc,stats       ]     System Purge                   2492 us
[2026-04-03T03:06:16.995+0600][855.622s][info][gc,stats       ]       Weak References               608 us, parallelism: 0.94x
[2026-04-03T03:06:16.995+0600][855.622s][info][gc,stats       ]         WRP: <total>                569 us
[2026-04-03T03:06:16.995+0600][855.622s][info][gc,stats       ]         WRP: Weak References        569 us, workers (us): 215, 334,  19,   1,   1,   0, 
[2026-04-03T03:06:16.995+0600][855.622s][info][gc,stats       ]       Unload Classes               1642 us, parallelism: 4.96x
[2026-04-03T03:06:16.995+0600][855.622s][info][gc,stats       ]         DCU: <total>               8140 us
[2026-04-03T03:06:16.995+0600][855.622s][info][gc,stats       ]         DCU: Unload Code Caches     8140 us, workers (us): 1393, 1401, 1343, 1337, 1339, 1328, 
[2026-04-03T03:06:16.995+0600][855.622s][info][gc,stats       ]       Weak Roots                    226 us, parallelism: 2.31x
[2026-04-03T03:06:16.995+0600][855.622s][info][gc,stats       ]         DWR: <total>                523 us
[2026-04-03T03:06:16.995+0600][855.622s][info][gc,stats       ]         DWR: VM Weak Roots          523 us, workers (us): 171,  79,  78,  71,  74,  50, 
[2026-04-03T03:06:16.995+0600][855.622s][info][gc,stats       ]       CLDG                            3 us
[2026-04-03T03:06:16.995+0600][855.622s][info][gc,stats       ]   Update Region States               64 us
[2026-04-03T03:06:16.995+0600][855.622s][info][gc,stats       ]   Manage GC/TLABs                     8 us
[2026-04-03T03:06:16.995+0600][855.622s][info][gc,stats       ]   Choose Collection Set             175 us
[2026-04-03T03:06:16.995+0600][855.622s][info][gc,stats       ]   Rebuild Free Set                   40 us
[2026-04-03T03:06:16.995+0600][855.622s][info][gc,stats       ]   Evacuation                       5254 us
[2026-04-03T03:06:16.995+0600][855.622s][info][gc,stats       ]   Pre Heap Dump                       1 us
[2026-04-03T03:06:16.995+0600][855.622s][info][gc,stats       ]   Prepare                          2586 us
[2026-04-03T03:06:16.995+0600][855.622s][info][gc,stats       ]     Update Roots                   1687 us, parallelism: 5.14x
[2026-04-03T03:06:16.995+0600][855.622s][info][gc,stats       ]       FU: <total>                  8668 us
[2026-04-03T03:06:16.995+0600][855.622s][info][gc,stats       ]       FU: Thread Roots              623 us, workers (us): 113,   4, 147, 174, 180,   5, 
[2026-04-03T03:06:16.995+0600][855.622s][info][gc,stats       ]       FU: Code Cache Roots         6797 us, workers (us): 1092, 1249, 1108, 1077, 1002, 1268, 
[2026-04-03T03:06:16.995+0600][855.622s][info][gc,stats       ]       FU: VM Strong Roots            17 us, workers (us):  11,   1,   1,   1,   2,   1, 
[2026-04-03T03:06:16.995+0600][855.622s][info][gc,stats       ]       FU: VM Weak Roots             639 us, workers (us): 169, 110, 110,  97,  84,  69, 
[2026-04-03T03:06:16.995+0600][855.622s][info][gc,stats       ]       FU: CLDG Roots                593 us, workers (us): 122,  79,  80,  80, 149,  84, 
[2026-04-03T03:06:16.995+0600][855.622s][info][gc,stats       ]   Mark                          3990695 us, parallelism: 5.99x
[2026-04-03T03:06:16.995+0600][855.622s][info][gc,stats       ]     FM: <total>                23922996 us
[2026-04-03T03:06:16.995+0600][855.622s][info][gc,stats       ]     FM: Thread Roots                728 us, workers (us): 190, 117, 122, 114, 114,  71, 
[2026-04-03T03:06:16.995+0600][855.622s][info][gc,stats       ]     FM: VM Strong Roots              25 us, workers (us):   0,   7,   5,   5,   4,   5, 
[2026-04-03T03:06:16.996+0600][855.622s][info][gc,stats       ]     FM: CLDG Roots                  315 us, workers (us): 138,  37,  31,  37,  36,  36, 
[2026-04-03T03:06:16.996+0600][855.622s][info][gc,stats       ]     FM: Parallel Mark          23921928 us, workers (us): 3986982, 3986986, 3987068, 3986915, 3986986, 3986991, 
[2026-04-03T03:06:16.996+0600][855.622s][info][gc,stats       ]     System Purge                   2279 us
[2026-04-03T03:06:16.996+0600][855.622s][info][gc,stats       ]       Weak References               411 us, parallelism: 1.21x
[2026-04-03T03:06:16.996+0600][855.622s][info][gc             ] Failed to allocate TLAB, 2640B
[2026-04-03T03:06:16.996+0600][855.622s][info][gc             ] Cancelling GC: Allocation Failure
[2026-04-03T03:06:16.996+0600][855.622s][info][gc,stats       ]         WRP: <total>                497 us
[2026-04-03T03:06:16.996+0600][855.622s][info][gc,stats       ]         WRP: Weak References        497 us, workers (us): 254,  34,  37, 171,   1,   0, 
[2026-04-03T03:06:16.996+0600][855.622s][info][gc,stats       ]       Unload Classes               1608 us, parallelism: 4.89x
[2026-04-03T03:06:16.996+0600][855.622s][info][gc,stats       ]         CU: <total>                7857 us
[2026-04-03T03:06:16.996+0600][855.622s][info][gc,stats       ]         CU: Unload Code Caches     7857 us, workers (us): 1353, 1344, 1347, 1274, 1272, 1267, 
[2026-04-03T03:06:16.996+0600][855.622s][info][gc,stats       ]       Weak Roots                    244 us, parallelism: 3.34x
[2026-04-03T03:06:16.996+0600][855.622s][info][gc,stats       ]         WR: <total>                 815 us
[2026-04-03T03:06:16.996+0600][855.622s][info][gc,stats       ]         WR: VM Weak Roots           815 us, workers (us): 204, 190, 135, 123,  83,  79, 
[2026-04-03T03:06:16.996+0600][855.622s][info][gc,stats       ]       CLDG                            2 us
[2026-04-03T03:06:16.996+0600][855.622s][info][gc,stats       ]   Calculate Addresses             81573 us
[2026-04-03T03:06:16.996+0600][855.622s][info][gc,stats       ]     Regular Objects               81483 us
[2026-04-03T03:06:16.996+0600][855.622s][info][gc,stats       ]     Humongous Objects                31 us
[2026-04-03T03:06:16.996+0600][855.622s][info][gc,stats       ]   Adjust Pointers                106839 us
[2026-04-03T03:06:16.996+0600][855.622s][info][gc,stats       ]     FA: <total>                    8132 us
[2026-04-03T03:06:16.996+0600][855.622s][info][gc,stats       ]     FA: Thread Roots                568 us, workers (us): 196,  43,  75,  39, 201,  16, 
[2026-04-03T03:06:16.996+0600][855.622s][info][gc,stats       ]     FA: Code Cache Roots           6324 us, workers (us): 923, 999, 1111, 1143, 987, 1162, 
[2026-04-03T03:06:16.996+0600][855.622s][info][gc,stats       ]     FA: VM Strong Roots              18 us, workers (us):  14,   1,   1,   1,   1,   1, 
[2026-04-03T03:06:16.996+0600][855.622s][info][gc,stats       ]     FA: VM Weak Roots               644 us, workers (us): 194,  93,  91,  89,  88,  88, 
[2026-04-03T03:06:16.996+0600][855.622s][info][gc,stats       ]     FA: CLDG Roots                  578 us, workers (us): 124, 202,  60,  61,  58,  73, 
[2026-04-03T03:06:16.996+0600][855.622s][info][gc,stats       ]   Copy Objects                    94694 us
[2026-04-03T03:06:16.996+0600][855.622s][info][gc,stats       ]     Regular Objects               93699 us
[2026-04-03T03:06:16.996+0600][855.622s][info][gc,stats       ]     Humongous Objects                22 us
[2026-04-03T03:06:16.996+0600][855.622s][info][gc,stats       ]     Reset Complete Bitmap           693 us
[2026-04-03T03:06:16.996+0600][855.622s][info][gc,stats       ]     Rebuild Region Sets             278 us
[2026-04-03T03:06:16.996+0600][855.622s][info][gc,stats       ]   Post Heap Dump                      1 us
[2026-04-03T03:06:16.996+0600][855.622s][info][gc,stats       ] 
[2026-04-03T03:06:16.996+0600][855.622s][info][gc,stats       ] Allocation pacing accrued:
[2026-04-03T03:06:16.996+0600][855.622s][info][gc,stats       ]       0 of  8696 ms (  0.0%): <total>
[2026-04-03T03:06:16.996+0600][855.622s][info][gc,stats       ]       0 of  8696 ms (  0.0%): <average total>
[2026-04-03T03:06:16.996+0600][855.622s][info][gc,stats       ] 
[2026-04-03T03:06:16.996+0600][855.622s][info][gc,metaspace   ] Metaspace: 49741K(50112K)->49742K(50112K) NonClass: 43525K(43712K)->43527K(43712K) Class: 6215K(6400K)->6215K(6400K)
[2026-04-03T03:06:16.996+0600][855.622s][info][gc,ergo        ] Pacer for Idle. Initial: 10240K, Alloc Tax Rate: 1.0x
[2026-04-03T03:06:16.997+0600][855.623s][info][gc             ] Trigger: Handle Allocation Failure
[2026-04-03T03:06:16.997+0600][855.623s][info][gc,ergo        ] Free: 0B, Max: 0B regular, 0B humongous, Frag: 0% external, 0% internal; Reserve: 12544K, Max: 256K
[2026-04-03T03:06:16.997+0600][855.624s][info][gc,start       ] GC(125) Pause Degenerated GC (Outside of Cycle)
[2026-04-03T03:06:16.997+0600][855.624s][info][gc,task        ] GC(125) Using 6 of 6 workers for stw degenerated gc
[2026-04-03T03:06:16.997+0600][855.624s][info][gc,ref         ] GC(125) Clearing All SoftReferences
[2026-04-03T03:06:20.294+0600][858.920s][info][gc,ref         ] GC(125) Encountered references: Soft: 2447, Weak: 2766, Final: 74, Phantom: 586
[2026-04-03T03:06:20.294+0600][858.920s][info][gc,ref         ] GC(125) Discovered  references: Soft: 244, Weak: 1865, Final: 74, Phantom: 582
[2026-04-03T03:06:20.294+0600][858.920s][info][gc,ref         ] GC(125) Enqueued    references: Soft: 0, Weak: 0, Final: 0, Phantom: 0
[2026-04-03T03:06:20.297+0600][858.923s][info][gc,ergo        ] GC(125) Adaptive CSet Selection. Target Free: 72533K, Actual Free: 12544K, Max CSet: 21333K, Min Garbage: 59989K
[2026-04-03T03:06:20.297+0600][858.923s][info][gc,ergo        ] GC(125) Collectable Garbage: 30608B (100%), Immediate: 0B (0%), CSet: 30608B (100%)
[2026-04-03T03:06:20.302+0600][858.928s][info][gc             ] GC(125) Cancelling GC: Allocation Failure During Evacuation
[2026-04-03T03:06:20.304+0600][858.930s][info][gc             ] GC(125) Cannot finish degeneration, upgrading to Full GC
[2026-04-03T03:06:20.308+0600][858.935s][info][gc,phases,start] GC(125) Phase 1: Mark live objects
[2026-04-03T03:06:20.309+0600][858.935s][info][gc,ref         ] GC(125) Clearing All SoftReferences
[2026-04-03T03:06:20.309+0600][858.935s][info][gc,ref         ] GC(125) Clearing All SoftReferences
[2026-04-03T03:06:23.325+0600][861.951s][info][gc,ref         ] GC(125) Encountered references: Soft: 2447, Weak: 2766, Final: 74, Phantom: 586
[2026-04-03T03:06:23.325+0600][861.951s][info][gc,ref         ] GC(125) Discovered  references: Soft: 230, Weak: 1351, Final: 74, Phantom: 581
[2026-04-03T03:06:23.325+0600][861.951s][info][gc,ref         ] GC(125) Enqueued    references: Soft: 0, Weak: 0, Final: 0, Phantom: 0
[2026-04-03T03:06:23.326+0600][861.953s][info][gc,phases      ] GC(125) Phase 1: Mark live objects 3017.966ms
[2026-04-03T03:06:23.326+0600][861.953s][info][gc,phases,start] GC(125) Phase 2: Compute new object addresses
[2026-04-03T03:06:23.415+0600][862.041s][info][gc,phases      ] GC(125) Phase 2: Compute new object addresses 88.825ms
[2026-04-03T03:06:23.415+0600][862.041s][info][gc,phases,start] GC(125) Phase 3: Adjust pointers
[2026-04-03T03:06:23.523+0600][862.149s][info][gc,phases      ] GC(125) Phase 3: Adjust pointers 107.497ms
[2026-04-03T03:06:23.523+0600][862.149s][info][gc,phases,start] GC(125) Phase 4: Move objects
[2026-04-03T03:06:23.617+0600][862.243s][info][gc,phases      ] GC(125) Phase 4: Move objects 94.314ms
[2026-04-03T03:06:23.617+0600][862.244s][info][gc,ergo        ] GC(125) Bad progress for free space: 68664B, need 5120K
[2026-04-03T03:06:23.617+0600][862.244s][info][gc             ] GC(125) Pause Degenerated GC (Outside of Cycle) 486M->486M(500M) 6620.120ms
[2026-04-03T03:06:23.618+0600][862.244s][info][gc,ergo        ] Free: 37768B, Max: 12464B regular, 0B humongous, Frag: 0% external, 99% internal; Reserve: 12544K, Max: 256K
[2026-04-03T03:06:23.618+0600][862.244s][info][gc,stats       ] 
[2026-04-03T03:06:23.618+0600][862.244s][info][gc,stats       ] All times are wall-clock times, except per-root-class counters, that are sum over
[2026-04-03T03:06:23.618+0600][862.244s][info][gc,stats       ] all workers. Dividing the <total> over the root stage time estimates parallelism.
[2026-04-03T03:06:23.618+0600][862.244s][info][gc,stats       ] 
[2026-04-03T03:06:23.618+0600][862.244s][info][gc,stats       ] Pause Degenerated GC (G)        6620361 us
[2026-04-03T03:06:23.618+0600][862.244s][info][gc,stats       ] Pause Degenerated GC (N)        6620128 us
[2026-04-03T03:06:23.618+0600][862.244s][info][gc,stats       ]   Degen STW Mark                3296174 us, parallelism: 6.00x
[2026-04-03T03:06:23.618+0600][862.244s][info][gc,stats       ]     DSM: <total>               19770325 us
[2026-04-03T03:06:23.618+0600][862.244s][info][gc,stats       ]     DSM: Thread Roots               714 us, workers (us): 122, 120, 223, 113,  78,  58, 
[2026-04-03T03:06:23.618+0600][862.244s][info][gc,stats       ]     DSM: VM Strong Roots             18 us, workers (us):   5,   0,   0,   4,   4,   4, 
[2026-04-03T03:06:23.618+0600][862.244s][info][gc,stats       ]     DSM: CLDG Roots                 242 us, workers (us):  24, 133,  14,  27,  27,  17, 
[2026-04-03T03:06:23.618+0600][862.244s][info][gc,stats       ]     DSM: Parallel Mark         19769350 us, workers (us): 3295063, 3294959, 3294984, 3294765, 3295060, 3294518, 
[2026-04-03T03:06:23.618+0600][862.244s][info][gc,stats       ]     System Purge                   2854 us
[2026-04-03T03:06:23.618+0600][862.244s][info][gc,stats       ]       Weak References               510 us, parallelism: 0.77x
[2026-04-03T03:06:23.618+0600][862.244s][info][gc             ] Failed to allocate TLAB, 2648B
[2026-04-03T03:06:23.618+0600][862.244s][info][gc             ] Cancelling GC: Allocation Failure
[2026-04-03T03:06:23.618+0600][862.244s][info][gc,stats       ]         WRP: <total>                393 us
[2026-04-03T03:06:23.618+0600][862.244s][info][gc,stats       ]         WRP: Weak References        393 us, workers (us):  85, 102, 204,   1,   1,   0, 
[2026-04-03T03:06:23.618+0600][862.244s][info][gc,stats       ]       Unload Classes               1996 us, parallelism: 5.16x
[2026-04-03T03:06:23.618+0600][862.244s][info][gc,stats       ]         DCU: <total>              10297 us
[2026-04-03T03:06:23.618+0600][862.244s][info][gc,stats       ]         DCU: Unload Code Caches    10297 us, workers (us): 1758, 1765, 1700, 1680, 1688, 1707, 
[2026-04-03T03:06:23.618+0600][862.244s][info][gc,stats       ]       Weak Roots                    334 us, parallelism: 2.15x
[2026-04-03T03:06:23.618+0600][862.244s][info][gc,stats       ]         DWR: <total>                720 us
[2026-04-03T03:06:23.618+0600][862.244s][info][gc,stats       ]         DWR: VM Weak Roots          720 us, workers (us): 152, 140, 141, 103,  92,  91, 
[2026-04-03T03:06:23.618+0600][862.244s][info][gc,stats       ]       CLDG                            3 us
[2026-04-03T03:06:23.618+0600][862.244s][info][gc,stats       ]   Update Region States               29 us
[2026-04-03T03:06:23.618+0600][862.244s][info][gc,stats       ]   Manage GC/TLABs                    10 us
[2026-04-03T03:06:23.618+0600][862.244s][info][gc,stats       ]   Choose Collection Set             270 us
[2026-04-03T03:06:23.618+0600][862.244s][info][gc,stats       ]   Rebuild Free Set                   54 us
[2026-04-03T03:06:23.618+0600][862.244s][info][gc,stats       ]   Evacuation                       6560 us
[2026-04-03T03:06:23.618+0600][862.244s][info][gc,stats       ]   Pre Heap Dump                       2 us
[2026-04-03T03:06:23.618+0600][862.244s][info][gc,stats       ]   Prepare                          4305 us
[2026-04-03T03:06:23.618+0600][862.244s][info][gc,stats       ]     Update Roots                   2516 us, parallelism: 5.09x
[2026-04-03T03:06:23.618+0600][862.244s][info][gc,stats       ]       FU: <total>                 12794 us
[2026-04-03T03:06:23.618+0600][862.244s][info][gc,stats       ]       FU: Thread Roots             1007 us, workers (us): 227,  41,  60, 234, 181, 263, 
[2026-04-03T03:06:23.618+0600][862.244s][info][gc,stats       ]       FU: Code Cache Roots         9856 us, workers (us): 1552, 1784, 1780, 1608, 1654, 1479, 
[2026-04-03T03:06:23.618+0600][862.244s][info][gc,stats       ]       FU: VM Strong Roots            26 us, workers (us):  18,   3,   2,   1,   1,   1, 
[2026-04-03T03:06:23.618+0600][862.244s][info][gc,stats       ]       FU: VM Weak Roots             987 us, workers (us): 221, 186, 170, 143, 143, 124, 
[2026-04-03T03:06:23.618+0600][862.244s][info][gc,stats       ]       FU: CLDG Roots                918 us, workers (us): 187, 134, 124, 124, 125, 224, 
[2026-04-03T03:06:23.618+0600][862.244s][info][gc,stats       ]   Mark                          3017867 us, parallelism: 5.99x
[2026-04-03T03:06:23.618+0600][862.244s][info][gc,stats       ]     FM: <total>                18089296 us
[2026-04-03T03:06:23.618+0600][862.244s][info][gc,stats       ]     FM: Thread Roots               1108 us, workers (us): 220, 204, 197, 184, 157, 146, 
[2026-04-03T03:06:23.618+0600][862.244s][info][gc,stats       ]     FM: VM Strong Roots              25 us, workers (us):   1,   1,   1,   1,  20,   1, 
[2026-04-03T03:06:23.618+0600][862.244s][info][gc,stats       ]     FM: CLDG Roots                  450 us, workers (us):  52,  37,  43, 237,  28,  53, 
[2026-04-03T03:06:23.618+0600][862.244s][info][gc,stats       ]     FM: Parallel Mark          18087714 us, workers (us): 3014434, 3014765, 3014718, 3014591, 3014723, 3014483, 
[2026-04-03T03:06:23.618+0600][862.244s][info][gc,stats       ]     System Purge                   1732 us
[2026-04-03T03:06:23.618+0600][862.244s][info][gc,stats       ]       Weak References               246 us, parallelism: 1.12x
[2026-04-03T03:06:23.618+0600][862.244s][info][gc,stats       ]         WRP: <total>                275 us
[2026-04-03T03:06:23.618+0600][862.244s][info][gc,stats       ]         WRP: Weak References        275 us, workers (us):  33,  38,  71, 133,   0,   0, 
[2026-04-03T03:06:23.618+0600][862.244s][info][gc,stats       ]       Unload Classes               1316 us, parallelism: 5.27x
[2026-04-03T03:06:23.618+0600][862.244s][info][gc,stats       ]         CU: <total>                6934 us
[2026-04-03T03:06:23.618+0600][862.244s][info][gc,stats       ]         CU: Unload Code Caches     6934 us, workers (us): 1198, 1162, 1143, 1133, 1144, 1154, 
[2026-04-03T03:06:23.618+0600][862.244s][info][gc,stats       ]       Weak Roots                    157 us, parallelism: 3.99x
[2026-04-03T03:06:23.618+0600][862.244s][info][gc,stats       ]         WR: <total>                 628 us
[2026-04-03T03:06:23.618+0600][862.244s][info][gc,stats       ]         WR: VM Weak Roots           628 us, workers (us): 134, 133, 118, 115,  65,  64, 
[2026-04-03T03:06:23.618+0600][862.244s][info][gc,stats       ]       CLDG                            2 us
[2026-04-03T03:06:23.618+0600][862.244s][info][gc,stats       ]   Calculate Addresses             88817 us
[2026-04-03T03:06:23.618+0600][862.244s][info][gc,stats       ]     Regular Objects               88728 us
[2026-04-03T03:06:23.618+0600][862.244s][info][gc,stats       ]     Humongous Objects                35 us
[2026-04-03T03:06:23.618+0600][862.244s][info][gc,stats       ]   Adjust Pointers                107484 us
[2026-04-03T03:06:23.618+0600][862.244s][info][gc,stats       ]     FA: <total>                    9114 us
[2026-04-03T03:06:23.618+0600][862.244s][info][gc,stats       ]     FA: Thread Roots                644 us, workers (us):   4, 203, 155,   3,  21, 259, 
[2026-04-03T03:06:23.618+0600][862.244s][info][gc,stats       ]     FA: Code Cache Roots           6821 us, workers (us): 1269, 992, 1124, 1155, 1263, 1018, 
[2026-04-03T03:06:23.618+0600][862.244s][info][gc,stats       ]     FA: VM Strong Roots              24 us, workers (us):  10,  11,   1,   0,   1,   1, 
[2026-04-03T03:06:23.618+0600][862.244s][info][gc,stats       ]     FA: VM Weak Roots               802 us, workers (us): 180, 180, 135, 121, 109,  77, 
[2026-04-03T03:06:23.618+0600][862.244s][info][gc,stats       ]     FA: CLDG Roots                  822 us, workers (us): 103, 170,  86, 293,  86,  86, 
[2026-04-03T03:06:23.618+0600][862.244s][info][gc,stats       ]   Copy Objects                    94299 us
[2026-04-03T03:06:23.618+0600][862.244s][info][gc,stats       ]     Regular Objects               93429 us
[2026-04-03T03:06:23.618+0600][862.244s][info][gc,stats       ]     Humongous Objects                20 us
[2026-04-03T03:06:23.618+0600][862.244s][info][gc,stats       ]     Reset Complete Bitmap           672 us
[2026-04-03T03:06:23.618+0600][862.244s][info][gc,stats       ]     Rebuild Region Sets             172 us
[2026-04-03T03:06:23.618+0600][862.244s][info][gc,stats       ]   Post Heap Dump                      2 us
[2026-04-03T03:06:23.618+0600][862.244s][info][gc,stats       ] 
[2026-04-03T03:06:23.618+0600][862.244s][info][gc,stats       ] Allocation pacing accrued:
[2026-04-03T03:06:23.618+0600][862.244s][info][gc,stats       ]       0 of  6622 ms (  0.0%): <total>
[2026-04-03T03:06:23.618+0600][862.244s][info][gc,stats       ]       0 of  6622 ms (  0.0%): <average total>
[2026-04-03T03:06:23.618+0600][862.244s][info][gc,stats       ] 
[2026-04-03T03:06:23.618+0600][862.244s][info][gc,metaspace   ] Metaspace: 49742K(50112K)->49742K(50112K) NonClass: 43527K(43712K)->43527K(43712K) Class: 6215K(6400K)->6215K(6400K)
[2026-04-03T03:06:23.618+0600][862.244s][info][gc,ergo        ] Pacer for Idle. Initial: 10240K, Alloc Tax Rate: 1.0x
[2026-04-03T03:06:23.619+0600][862.246s][info][gc             ] Trigger: Handle Allocation Failure
[2026-04-03T03:06:23.619+0600][862.246s][info][gc,ergo        ] Free: 0B, Max: 0B regular, 0B humongous, Frag: 0% external, 0% internal; Reserve: 12544K, Max: 256K
[2026-04-03T03:06:23.619+0600][862.246s][info][gc,start       ] GC(126) Pause Degenerated GC (Outside of Cycle)
[2026-04-03T03:06:23.619+0600][862.246s][info][gc,task        ] GC(126) Using 6 of 6 workers for stw degenerated gc
[2026-04-03T03:06:23.620+0600][862.246s][info][gc,ref         ] GC(126) Clearing All SoftReferences
[2026-04-03T03:06:27.299+0600][865.926s][info][gc,ref         ] GC(126) Encountered references: Soft: 2447, Weak: 2766, Final: 74, Phantom: 586
[2026-04-03T03:06:27.299+0600][865.926s][info][gc,ref         ] GC(126) Discovered  references: Soft: 242, Weak: 1461, Final: 74, Phantom: 512
[2026-04-03T03:06:27.299+0600][865.926s][info][gc,ref         ] GC(126) Enqueued    references: Soft: 2, Weak: 0, Final: 0, Phantom: 0
[2026-04-03T03:06:27.301+0600][865.928s][info][gc,ergo        ] GC(126) Adaptive CSet Selection. Target Free: 72533K, Actual Free: 12544K, Max CSet: 21333K, Min Garbage: 59989K
[2026-04-03T03:06:27.301+0600][865.928s][info][gc,ergo        ] GC(126) Collectable Garbage: 18840B (100%), Immediate: 0B (0%), CSet: 18840B (100%)
[2026-04-03T03:06:27.305+0600][865.932s][info][gc             ] GC(126) Cancelling GC: Allocation Failure During Evacuation
[2026-04-03T03:06:27.307+0600][865.933s][info][gc             ] GC(126) Cannot finish degeneration, upgrading to Full GC
[2026-04-03T03:06:27.310+0600][865.936s][info][gc,phases,start] GC(126) Phase 1: Mark live objects
[2026-04-03T03:06:27.310+0600][865.936s][info][gc,ref         ] GC(126) Clearing All SoftReferences
[2026-04-03T03:06:27.310+0600][865.936s][info][gc,ref         ] GC(126) Clearing All SoftReferences
[2026-04-03T03:06:31.638+0600][870.265s][info][gc,ref         ] GC(126) Encountered references: Soft: 2445, Weak: 2766, Final: 74, Phantom: 586
[2026-04-03T03:06:31.639+0600][870.265s][info][gc,ref         ] GC(126) Discovered  references: Soft: 244, Weak: 1814, Final: 74, Phantom: 472
[2026-04-03T03:06:31.639+0600][870.265s][info][gc,ref         ] GC(126) Enqueued    references: Soft: 0, Weak: 0, Final: 0, Phantom: 0
[2026-04-03T03:06:31.641+0600][870.267s][info][gc,phases      ] GC(126) Phase 1: Mark live objects 4330.696ms
[2026-04-03T03:06:31.641+0600][870.267s][info][gc,phases,start] GC(126) Phase 2: Compute new object addresses
[2026-04-03T03:06:31.735+0600][870.361s][info][gc,phases      ] GC(126) Phase 2: Compute new object addresses 93.913ms
[2026-04-03T03:06:31.735+0600][870.361s][info][gc,phases,start] GC(126) Phase 3: Adjust pointers
[2026-04-03T03:06:31.835+0600][870.461s][info][gc,phases      ] GC(126) Phase 3: Adjust pointers 100.350ms
[2026-04-03T03:06:31.835+0600][870.461s][info][gc,phases,start] GC(126) Phase 4: Move objects
[2026-04-03T03:06:31.929+0600][870.555s][info][gc,phases      ] GC(126) Phase 4: Move objects 94.011ms
[2026-04-03T03:06:31.929+0600][870.556s][info][gc,ergo        ] GC(126) Bad progress for free space: 58040B, need 5120K
[2026-04-03T03:06:31.929+0600][870.556s][info][gc             ] GC(126) Pause Degenerated GC (Outside of Cycle) 486M->486M(500M) 8309.851ms
[2026-04-03T03:06:31.930+0600][870.556s][info][gc,ergo        ] Free: 40384B, Max: 5152B regular, 0B humongous, Frag: 0% external, 99% internal; Reserve: 12544K, Max: 256K
[2026-04-03T03:06:31.930+0600][870.556s][info][gc,stats       ] 
[2026-04-03T03:06:31.930+0600][870.556s][info][gc,stats       ] All times are wall-clock times, except per-root-class counters, that are sum over
[2026-04-03T03:06:31.930+0600][870.556s][info][gc,stats       ] all workers. Dividing the <total> over the root stage time estimates parallelism.
[2026-04-03T03:06:31.930+0600][870.556s][info][gc,stats       ] 
[2026-04-03T03:06:31.930+0600][870.556s][info][gc,stats       ] Pause Degenerated GC (G)        8310195 us
[2026-04-03T03:06:31.930+0600][870.556s][info][gc,stats       ] Pause Degenerated GC (N)        8309860 us
[2026-04-03T03:06:31.930+0600][870.556s][info][gc,stats       ]   Degen STW Mark                3679226 us, parallelism: 6.00x
[2026-04-03T03:06:31.930+0600][870.556s][info][gc,stats       ]     DSM: <total>               22068234 us
[2026-04-03T03:06:31.930+0600][870.556s][info][gc             ] Failed to allocate Shared, 5208B
[2026-04-03T03:06:31.930+0600][870.556s][info][gc             ] Cancelling GC: Allocation Failure
[2026-04-03T03:06:31.930+0600][870.556s][info][gc,stats       ]     DSM: Thread Roots               661 us, workers (us): 160, 162, 118,  75,  75,  70, 
[2026-04-03T03:06:31.930+0600][870.556s][info][gc,stats       ]     DSM: VM Strong Roots             19 us, workers (us):   0,   3,   4,   5,   3,   3, 
[2026-04-03T03:06:31.930+0600][870.556s][info][gc,stats       ]     DSM: CLDG Roots                 226 us, workers (us): 105,  26,  28,  26,  19,  23, 
[2026-04-03T03:06:31.930+0600][870.556s][info][gc,stats       ]     DSM: Parallel Mark         22067329 us, workers (us): 3677889, 3677965, 3677876, 3677846, 3677871, 3677882, 
[2026-04-03T03:06:31.930+0600][870.556s][info][gc,stats       ]     System Purge                   2321 us
[2026-04-03T03:06:31.930+0600][870.556s][info][gc,stats       ]       Weak References               486 us, parallelism: 1.28x
[2026-04-03T03:06:31.930+0600][870.556s][info][gc,stats       ]         WRP: <total>                621 us
[2026-04-03T03:06:31.930+0600][870.556s][info][gc,stats       ]         WRP: Weak References        621 us, workers (us): 308,  53,  47, 212,   1,   0, 
[2026-04-03T03:06:31.930+0600][870.556s][info][gc,stats       ]       Unload Classes               1599 us, parallelism: 4.94x
[2026-04-03T03:06:31.930+0600][870.556s][info][gc,stats       ]         DCU: <total>               7891 us
[2026-04-03T03:06:31.930+0600][870.556s][info][gc,stats       ]         DCU: Unload Code Caches     7891 us, workers (us): 1364, 1360, 1353, 1288, 1252, 1275, 
[2026-04-03T03:06:31.930+0600][870.556s][info][gc,stats       ]       Weak Roots                    215 us, parallelism: 2.48x
[2026-04-03T03:06:31.930+0600][870.556s][info][gc,stats       ]         DWR: <total>                535 us
[2026-04-03T03:06:31.930+0600][870.556s][info][gc,stats       ]         DWR: VM Weak Roots          535 us, workers (us): 171, 152,  68,  67,  41,  36, 
[2026-04-03T03:06:31.930+0600][870.556s][info][gc,stats       ]       CLDG                            7 us
[2026-04-03T03:06:31.930+0600][870.556s][info][gc,stats       ]   Update Region States               22 us
[2026-04-03T03:06:31.930+0600][870.556s][info][gc,stats       ]   Manage GC/TLABs                     8 us
[2026-04-03T03:06:31.930+0600][870.556s][info][gc,stats       ]   Choose Collection Set             174 us
[2026-04-03T03:06:31.930+0600][870.556s][info][gc,stats       ]   Rebuild Free Set                   39 us
[2026-04-03T03:06:31.930+0600][870.556s][info][gc,stats       ]   Evacuation                       5164 us
[2026-04-03T03:06:31.930+0600][870.556s][info][gc,stats       ]   Pre Heap Dump                       1 us
[2026-04-03T03:06:31.930+0600][870.556s][info][gc,stats       ]   Prepare                          2759 us
[2026-04-03T03:06:31.930+0600][870.556s][info][gc,stats       ]     Update Roots                   1737 us, parallelism: 5.25x
[2026-04-03T03:06:31.930+0600][870.556s][info][gc,stats       ]       FU: <total>                  9121 us
[2026-04-03T03:06:31.930+0600][870.556s][info][gc,stats       ]       FU: Thread Roots              816 us, workers (us):   4, 267, 122, 137, 111, 175, 
[2026-04-03T03:06:31.930+0600][870.556s][info][gc,stats       ]       FU: Code Cache Roots         6998 us, workers (us): 1328, 1047, 1157, 1123, 1204, 1140, 
[2026-04-03T03:06:31.930+0600][870.556s][info][gc,stats       ]       FU: VM Strong Roots            18 us, workers (us):   9,   5,   1,   1,   1,   1, 
[2026-04-03T03:06:31.930+0600][870.556s][info][gc,stats       ]       FU: VM Weak Roots             681 us, workers (us): 191, 192,  98,  70,  64,  67, 
[2026-04-03T03:06:31.930+0600][870.556s][info][gc,stats       ]       FU: CLDG Roots                608 us, workers (us):  88,  82, 125, 149,  83,  81, 
[2026-04-03T03:06:31.930+0600][870.556s][info][gc,stats       ]   Mark                          4330633 us, parallelism: 5.99x
[2026-04-03T03:06:31.930+0600][870.556s][info][gc,stats       ]     FM: <total>                25959944 us
[2026-04-03T03:06:31.930+0600][870.556s][info][gc,stats       ]     FM: Thread Roots                742 us, workers (us): 185, 183, 183, 110,  35,  45, 
[2026-04-03T03:06:31.930+0600][870.556s][info][gc,stats       ]     FM: VM Strong Roots              26 us, workers (us):   5,   0,   5,   4,   5,   6, 
[2026-04-03T03:06:31.930+0600][870.556s][info][gc,stats       ]     FM: CLDG Roots                  285 us, workers (us):  36, 139,  22,  27,  35,  26, 
[2026-04-03T03:06:31.930+0600][870.556s][info][gc,stats       ]     FM: Parallel Mark          25958892 us, workers (us): 4326324, 4326385, 4326471, 4326420, 4326648, 4326645, 
[2026-04-03T03:06:31.930+0600][870.556s][info][gc,stats       ]     System Purge                   2562 us
[2026-04-03T03:06:31.930+0600][870.556s][info][gc,stats       ]       Weak References               573 us, parallelism: 1.05x
[2026-04-03T03:06:31.930+0600][870.556s][info][gc,stats       ]         WRP: <total>                604 us
[2026-04-03T03:06:31.930+0600][870.556s][info][gc,stats       ]         WRP: Weak References        604 us, workers (us): 115, 414,  27,  48,   0,   0, 
[2026-04-03T03:06:31.930+0600][870.556s][info][gc,stats       ]       Unload Classes               1675 us, parallelism: 4.97x
[2026-04-03T03:06:31.930+0600][870.556s][info][gc,stats       ]         CU: <total>                8332 us
[2026-04-03T03:06:31.930+0600][870.556s][info][gc,stats       ]         CU: Unload Code Caches     8332 us, workers (us): 1452, 1420, 1370, 1386, 1348, 1357, 
[2026-04-03T03:06:31.930+0600][870.556s][info][gc,stats       ]       Weak Roots                    274 us, parallelism: 3.29x
[2026-04-03T03:06:31.930+0600][870.556s][info][gc,stats       ]         WR: <total>                 901 us
[2026-04-03T03:06:31.930+0600][870.556s][info][gc,stats       ]         WR: VM Weak Roots           901 us, workers (us): 223, 172, 164, 139, 104,  98, 
[2026-04-03T03:06:31.930+0600][870.556s][info][gc,stats       ]       CLDG                            9 us
[2026-04-03T03:06:31.930+0600][870.556s][info][gc,stats       ]   Calculate Addresses             93903 us
[2026-04-03T03:06:31.930+0600][870.556s][info][gc,stats       ]     Regular Objects               93797 us
[2026-04-03T03:06:31.930+0600][870.556s][info][gc,stats       ]     Humongous Objects                28 us
[2026-04-03T03:06:31.930+0600][870.556s][info][gc,stats       ]   Adjust Pointers                100340 us
[2026-04-03T03:06:31.930+0600][870.556s][info][gc,stats       ]     FA: <total>                    7208 us
[2026-04-03T03:06:31.930+0600][870.556s][info][gc,stats       ]     FA: Thread Roots                552 us, workers (us): 186, 132,   2, 108,   3, 120, 
[2026-04-03T03:06:31.930+0600][870.556s][info][gc,stats       ]     FA: Code Cache Roots           5480 us, workers (us): 819, 772, 1086, 903, 1014, 887, 
[2026-04-03T03:06:31.930+0600][870.556s][info][gc,stats       ]     FA: VM Strong Roots              17 us, workers (us):  14,   1,   1,   1,   1,   1, 
[2026-04-03T03:06:31.930+0600][870.556s][info][gc,stats       ]     FA: VM Weak Roots               634 us, workers (us): 169, 161,  98,  99,  73,  33, 
[2026-04-03T03:06:31.930+0600][870.556s][info][gc,stats       ]     FA: CLDG Roots                  525 us, workers (us):  55, 158, 133,  58,  68,  53, 
[2026-04-03T03:06:31.930+0600][870.556s][info][gc,stats       ]   Copy Objects                    93999 us
[2026-04-03T03:06:31.930+0600][870.556s][info][gc,stats       ]     Regular Objects               93127 us
[2026-04-03T03:06:31.930+0600][870.556s][info][gc,stats       ]     Humongous Objects                22 us
[2026-04-03T03:06:31.930+0600][870.556s][info][gc,stats       ]     Reset Complete Bitmap           633 us
[2026-04-03T03:06:31.930+0600][870.556s][info][gc,stats       ]     Rebuild Region Sets             216 us
[2026-04-03T03:06:31.930+0600][870.556s][info][gc,stats       ]   Post Heap Dump                      1 us
[2026-04-03T03:06:31.930+0600][870.556s][info][gc,stats       ] 
[2026-04-03T03:06:31.930+0600][870.556s][info][gc,stats       ] Allocation pacing accrued:
[2026-04-03T03:06:31.930+0600][870.556s][info][gc,stats       ]       0 of  8312 ms (  0.0%): <total>
[2026-04-03T03:06:31.930+0600][870.556s][info][gc,stats       ]       0 of  8312 ms (  0.0%): <average total>
[2026-04-03T03:06:31.930+0600][870.556s][info][gc,stats       ] 
[2026-04-03T03:06:31.930+0600][870.556s][info][gc,metaspace   ] Metaspace: 49742K(50112K)->49742K(50112K) NonClass: 43527K(43712K)->43527K(43712K) Class: 6215K(6400K)->6215K(6400K)
[2026-04-03T03:06:31.930+0600][870.556s][info][gc,ergo        ] Pacer for Idle. Initial: 10240K, Alloc Tax Rate: 1.0x
[2026-04-03T03:06:31.931+0600][870.558s][info][gc             ] Trigger: Handle Allocation Failure
[2026-04-03T03:06:31.931+0600][870.558s][info][gc,ergo        ] Free: 0B, Max: 0B regular, 0B humongous, Frag: 0% external, 0% internal; Reserve: 12544K, Max: 256K
[2026-04-03T03:06:31.931+0600][870.558s][info][gc,start       ] GC(127) Pause Full
[2026-04-03T03:06:31.931+0600][870.558s][info][gc,task        ] GC(127) Using 6 of 6 workers for full gc
[2026-04-03T03:06:31.932+0600][870.558s][info][gc,phases,start] GC(127) Phase 1: Mark live objects
[2026-04-03T03:06:31.932+0600][870.558s][info][gc,ref         ] GC(127) Clearing All SoftReferences
[2026-04-03T03:06:31.932+0600][870.558s][info][gc,ref         ] GC(127) Clearing All SoftReferences
[2026-04-03T03:06:36.251+0600][874.877s][info][gc,ref         ] GC(127) Encountered references: Soft: 2445, Weak: 2767, Final: 74, Phantom: 586
[2026-04-03T03:06:36.251+0600][874.877s][info][gc,ref         ] GC(127) Discovered  references: Soft: 242, Weak: 1670, Final: 74, Phantom: 557
[2026-04-03T03:06:36.251+0600][874.877s][info][gc,ref         ] GC(127) Enqueued    references: Soft: 0, Weak: 1, Final: 0, Phantom: 0
[2026-04-03T03:06:36.253+0600][874.879s][info][gc,phases      ] GC(127) Phase 1: Mark live objects 4321.009ms
[2026-04-03T03:06:36.253+0600][874.879s][info][gc,phases,start] GC(127) Phase 2: Compute new object addresses
[2026-04-03T03:06:36.335+0600][874.961s][info][gc,phases      ] GC(127) Phase 2: Compute new object addresses 81.692ms
[2026-04-03T03:06:36.335+0600][874.961s][info][gc,phases,start] GC(127) Phase 3: Adjust pointers
[2026-04-03T03:06:36.434+0600][875.060s][info][gc,phases      ] GC(127) Phase 3: Adjust pointers 98.788ms
[2026-04-03T03:06:36.434+0600][875.060s][info][gc,phases,start] GC(127) Phase 4: Move objects
[2026-04-03T03:06:36.516+0600][875.142s][info][gc,phases      ] GC(127) Phase 4: Move objects 81.954ms
[2026-04-03T03:06:36.516+0600][875.142s][info][gc,ergo        ] GC(127) Bad progress for free space: 54216B, need 5120K
[2026-04-03T03:06:36.516+0600][875.142s][info][gc             ] GC(127) Pause Full 486M->486M(500M) 4584.443ms
[2026-04-03T03:06:36.516+0600][875.143s][info][gc,ergo        ] Free: 27056B, Max: 3920B regular, 0B humongous, Frag: 0% external, 99% internal; Reserve: 12544K, Max: 256K
[2026-04-03T03:06:36.516+0600][875.143s][info][gc,stats       ] 
[2026-04-03T03:06:36.516+0600][875.143s][info][gc,stats       ] All times are wall-clock times, except per-root-class counters, that are sum over
[2026-04-03T03:06:36.516+0600][875.143s][info][gc,stats       ] all workers. Dividing the <total> over the root stage time estimates parallelism.
[2026-04-03T03:06:36.516+0600][875.143s][info][gc,stats       ] 
[2026-04-03T03:06:36.516+0600][875.143s][info][gc,stats       ] Pause Full GC (G)               4584724 us
[2026-04-03T03:06:36.516+0600][875.143s][info][gc,stats       ] Pause Full GC (N)               4584461 us
[2026-04-03T03:06:36.516+0600][875.143s][info][gc,stats       ]   Pre Heap Dump                       1 us
[2026-04-03T03:06:36.516+0600][875.143s][info][gc,stats       ]   Prepare                           346 us
[2026-04-03T03:06:36.516+0600][875.143s][info][gc,stats       ]   Mark                          4320969 us, parallelism: 5.99x
[2026-04-03T03:06:36.516+0600][875.143s][info][gc,stats       ]     FM: <total>                25903886 us
[2026-04-03T03:06:36.516+0600][875.143s][info][gc,stats       ]     FM: Thread Roots                733 us, workers (us): 187, 159, 139,  75,  99,  74, 
[2026-04-03T03:06:36.516+0600][875.143s][info][gc,stats       ]     FM: VM Strong Roots              19 us, workers (us):   4,   5,   0,   4,   0,   5, 
[2026-04-03T03:06:36.516+0600][875.143s][info][gc             ] Failed to allocate TLAB, 2648B
[2026-04-03T03:06:36.516+0600][875.143s][info][gc             ] Cancelling GC: Allocation Failure
[2026-04-03T03:06:36.516+0600][875.143s][info][gc,stats       ]     FM: CLDG Roots                  264 us, workers (us):  29,   6, 152,  32,  14,  31, 
[2026-04-03T03:06:36.517+0600][875.143s][info][gc,stats       ]     FM: Parallel Mark          25902871 us, workers (us): 4317148, 4317305, 4317038, 4317287, 4316939, 4317153, 
[2026-04-03T03:06:36.517+0600][875.143s][info][gc,stats       ]     System Purge                   2581 us
[2026-04-03T03:06:36.517+0600][875.143s][info][gc,stats       ]       Weak References               692 us, parallelism: 0.68x
[2026-04-03T03:06:36.517+0600][875.143s][info][gc,stats       ]         WRP: <total>                472 us
[2026-04-03T03:06:36.517+0600][875.143s][info][gc,stats       ]         WRP: Weak References        472 us, workers (us): 141, 251,  42,  25,  14,   0, 
[2026-04-03T03:06:36.517+0600][875.143s][info][gc,stats       ]       Unload Classes               1634 us, parallelism: 4.63x
[2026-04-03T03:06:36.517+0600][875.143s][info][gc,stats       ]         CU: <total>                7564 us
[2026-04-03T03:06:36.517+0600][875.143s][info][gc,stats       ]         CU: Unload Code Caches     7564 us, workers (us): 1327, 1258, 1277, 1228, 1247, 1226, 
[2026-04-03T03:06:36.517+0600][875.143s][info][gc,stats       ]       Weak Roots                    233 us, parallelism: 2.41x
[2026-04-03T03:06:36.517+0600][875.143s][info][gc,stats       ]         WR: <total>                 562 us
[2026-04-03T03:06:36.517+0600][875.143s][info][gc,stats       ]         WR: VM Weak Roots           562 us, workers (us): 120, 107, 108, 106,  61,  59, 
[2026-04-03T03:06:36.517+0600][875.143s][info][gc,stats       ]       CLDG                            3 us
[2026-04-03T03:06:36.517+0600][875.143s][info][gc,stats       ]   Calculate Addresses             81676 us
[2026-04-03T03:06:36.517+0600][875.143s][info][gc,stats       ]     Regular Objects               81465 us
[2026-04-03T03:06:36.517+0600][875.143s][info][gc,stats       ]     Humongous Objects                33 us
[2026-04-03T03:06:36.517+0600][875.143s][info][gc,stats       ]   Adjust Pointers                 98770 us
[2026-04-03T03:06:36.517+0600][875.143s][info][gc,stats       ]     FA: <total>                    7801 us
[2026-04-03T03:06:36.517+0600][875.143s][info][gc,stats       ]     FA: Thread Roots                641 us, workers (us): 166,   3,  94, 155,  83, 139, 
[2026-04-03T03:06:36.517+0600][875.143s][info][gc,stats       ]     FA: Code Cache Roots           5961 us, workers (us): 849, 1148, 970, 972, 1042, 980, 
[2026-04-03T03:06:36.517+0600][875.143s][info][gc,stats       ]     FA: VM Strong Roots              21 us, workers (us):   6,   7,   7,   1,   0,   1, 
[2026-04-03T03:06:36.517+0600][875.143s][info][gc,stats       ]     FA: VM Weak Roots               626 us, workers (us): 131, 130, 129, 100,  94,  43, 
[2026-04-03T03:06:36.517+0600][875.143s][info][gc,stats       ]     FA: CLDG Roots                  552 us, workers (us): 171,  61, 125,  58,  64,  72, 
[2026-04-03T03:06:36.517+0600][875.143s][info][gc,stats       ]   Copy Objects                    81937 us
[2026-04-03T03:06:36.517+0600][875.143s][info][gc,stats       ]     Regular Objects               80678 us
[2026-04-03T03:06:36.517+0600][875.143s][info][gc,stats       ]     Humongous Objects                29 us
[2026-04-03T03:06:36.517+0600][875.143s][info][gc,stats       ]     Reset Complete Bitmap           907 us
[2026-04-03T03:06:36.517+0600][875.143s][info][gc,stats       ]     Rebuild Region Sets             319 us
[2026-04-03T03:06:36.517+0600][875.143s][info][gc,stats       ]   Post Heap Dump                      2 us
[2026-04-03T03:06:36.517+0600][875.143s][info][gc,stats       ] 
[2026-04-03T03:06:36.517+0600][875.143s][info][gc,stats       ] Allocation pacing accrued:
[2026-04-03T03:06:36.517+0600][875.143s][info][gc,stats       ]       0 of  4587 ms (  0.0%): <total>
[2026-04-03T03:06:36.517+0600][875.143s][info][gc,stats       ]       0 of  4587 ms (  0.0%): <average total>
[2026-04-03T03:06:36.517+0600][875.143s][info][gc,stats       ] 
[2026-04-03T03:06:36.517+0600][875.143s][info][gc,metaspace   ] Metaspace: 49744K(50176K)->49745K(50176K) NonClass: 43528K(43776K)->43529K(43776K) Class: 6215K(6400K)->6216K(6400K)
[2026-04-03T03:06:36.517+0600][875.143s][info][gc,ergo        ] Pacer for Idle. Initial: 10240K, Alloc Tax Rate: 1.0x
[2026-04-03T03:06:36.519+0600][875.145s][info][gc             ] Trigger: Handle Allocation Failure
[2026-04-03T03:06:36.519+0600][875.145s][info][gc,ergo        ] Free: 0B, Max: 0B regular, 0B humongous, Frag: 0% external, 0% internal; Reserve: 12544K, Max: 256K
[2026-04-03T03:06:36.519+0600][875.145s][info][gc,start       ] GC(128) Pause Degenerated GC (Outside of Cycle)
[2026-04-03T03:06:36.519+0600][875.145s][info][gc,task        ] GC(128) Using 6 of 6 workers for stw degenerated gc
[2026-04-03T03:06:36.520+0600][875.146s][info][gc,ref         ] GC(128) Clearing All SoftReferences
[2026-04-03T03:06:40.807+0600][879.433s][info][gc,ref         ] GC(128) Encountered references: Soft: 2445, Weak: 2766, Final: 74, Phantom: 586
[2026-04-03T03:06:40.807+0600][879.433s][info][gc,ref         ] GC(128) Discovered  references: Soft: 237, Weak: 1264, Final: 74, Phantom: 415
[2026-04-03T03:06:40.807+0600][879.433s][info][gc,ref         ] GC(128) Enqueued    references: Soft: 0, Weak: 0, Final: 0, Phantom: 1
[2026-04-03T03:06:40.809+0600][879.435s][info][gc,ergo        ] GC(128) Adaptive CSet Selection. Target Free: 72533K, Actual Free: 12544K, Max CSet: 21333K, Min Garbage: 59989K
[2026-04-03T03:06:40.809+0600][879.435s][info][gc,ergo        ] GC(128) Collectable Garbage: 9072B (100%), Immediate: 0B (0%), CSet: 9072B (100%)
[2026-04-03T03:06:40.813+0600][879.439s][info][gc             ] GC(128) Cancelling GC: Allocation Failure During Evacuation
[2026-04-03T03:06:40.814+0600][879.440s][info][gc             ] GC(128) Cannot finish degeneration, upgrading to Full GC
[2026-04-03T03:06:40.817+0600][879.443s][info][gc,phases,start] GC(128) Phase 1: Mark live objects
[2026-04-03T03:06:40.817+0600][879.443s][info][gc,ref         ] GC(128) Clearing All SoftReferences
[2026-04-03T03:06:40.817+0600][879.443s][info][gc,ref         ] GC(128) Clearing All SoftReferences
[2026-04-03T03:06:45.066+0600][883.693s][info][gc,ref         ] GC(128) Encountered references: Soft: 2445, Weak: 2766, Final: 74, Phantom: 585
[2026-04-03T03:06:45.066+0600][883.693s][info][gc,ref         ] GC(128) Discovered  references: Soft: 231, Weak: 1373, Final: 74, Phantom: 532
[2026-04-03T03:06:45.066+0600][883.693s][info][gc,ref         ] GC(128) Enqueued    references: Soft: 0, Weak: 0, Final: 0, Phantom: 0
[2026-04-03T03:06:45.068+0600][883.695s][info][gc,phases      ] GC(128) Phase 1: Mark live objects 4251.722ms
[2026-04-03T03:06:45.068+0600][883.695s][info][gc,phases,start] GC(128) Phase 2: Compute new object addresses
[2026-04-03T03:06:45.155+0600][883.781s][info][gc,phases      ] GC(128) Phase 2: Compute new object addresses 86.125ms
[2026-04-03T03:06:45.155+0600][883.781s][info][gc,phases,start] GC(128) Phase 3: Adjust pointers
[2026-04-03T03:06:45.256+0600][883.882s][info][gc,phases      ] GC(128) Phase 3: Adjust pointers 100.971ms
[2026-04-03T03:06:45.256+0600][883.882s][info][gc,phases,start] GC(128) Phase 4: Move objects
[2026-04-03T03:06:45.350+0600][883.976s][info][gc,phases      ] GC(128) Phase 4: Move objects 94.312ms
[2026-04-03T03:06:45.350+0600][883.977s][info][gc,ergo        ] GC(128) Bad progress for free space: 305K, need 5120K
[2026-04-03T03:06:45.350+0600][883.977s][info][gc             ] GC(128) Pause Degenerated GC (Outside of Cycle) 486M->486M(500M) 8831.427ms
[2026-04-03T03:06:45.351+0600][883.977s][info][gc,ergo        ] Free: 305K, Max: 89224B regular, 0B humongous, Frag: 0% external, 99% internal; Reserve: 12288K, Max: 256K
[2026-04-03T03:06:45.351+0600][883.977s][info][gc,stats       ] 
[2026-04-03T03:06:45.351+0600][883.977s][info][gc,stats       ] All times are wall-clock times, except per-root-class counters, that are sum over
[2026-04-03T03:06:45.351+0600][883.977s][info][gc,stats       ] all workers. Dividing the <total> over the root stage time estimates parallelism.
[2026-04-03T03:06:45.351+0600][883.977s][info][gc,stats       ] 
[2026-04-03T03:06:45.351+0600][883.977s][info][gc,stats       ] Pause Degenerated GC (G)        8831597 us
[2026-04-03T03:06:45.351+0600][883.977s][info][gc,stats       ] Pause Degenerated GC (N)        8831440 us
[2026-04-03T03:06:45.351+0600][883.977s][info][gc,stats       ]   Degen STW Mark                4286694 us, parallelism: 6.00x
[2026-04-03T03:06:45.351+0600][883.977s][info][gc,stats       ]     DSM: <total>               25712452 us
[2026-04-03T03:06:45.351+0600][883.977s][info][gc,stats       ]     DSM: Thread Roots               872 us, workers (us): 191, 187, 145, 140,  89, 120, 
[2026-04-03T03:06:45.351+0600][883.977s][info][gc,stats       ]     DSM: VM Strong Roots             18 us, workers (us):   1,   1,  15,   0,   1,   0, 
[2026-04-03T03:06:45.351+0600][883.977s][info][gc,stats       ]     DSM: CLDG Roots                 310 us, workers (us):  40,  38,   8, 165,  40,  19, 
[2026-04-03T03:06:45.351+0600][883.977s][info][gc,stats       ]     DSM: Parallel Mark         25711253 us, workers (us): 4285060, 4285225, 4285356, 4285206, 4285200, 4285206, 
[2026-04-03T03:06:45.351+0600][883.977s][info][gc,stats       ]     System Purge                   2413 us
[2026-04-03T03:06:45.351+0600][883.977s][info][gc,stats       ]       Weak References               555 us, parallelism: 0.69x
[2026-04-03T03:06:45.351+0600][883.977s][info][gc,stats       ]         WRP: <total>                382 us
[2026-04-03T03:06:45.351+0600][883.977s][info][gc,stats       ]         WRP: Weak References        382 us, workers (us):  67,  56,  35, 205,  19,   0, 
[2026-04-03T03:06:45.351+0600][883.977s][info][gc,stats       ]       Unload Classes               1627 us, parallelism: 4.75x
[2026-04-03T03:06:45.351+0600][883.977s][info][gc,stats       ]         DCU: <total>               7735 us
[2026-04-03T03:06:45.351+0600][883.977s][info][gc,stats       ]         DCU: Unload Code Caches     7735 us, workers (us): 1302, 1282, 1301, 1277, 1297, 1276, 
[2026-04-03T03:06:45.351+0600][883.977s][info][gc,stats       ]       Weak Roots                    205 us, parallelism: 2.77x
[2026-04-03T03:06:45.351+0600][883.977s][info][gc,stats       ]         DWR: <total>                569 us
[2026-04-03T03:06:45.351+0600][883.977s][info][gc,stats       ]         DWR: VM Weak Roots          569 us, workers (us): 161, 127,  85,  83,  65,  48, 
[2026-04-03T03:06:45.351+0600][883.977s][info][gc,stats       ]       CLDG                            3 us
[2026-04-03T03:06:45.351+0600][883.977s][info][gc,stats       ]   Update Region States               34 us
[2026-04-03T03:06:45.351+0600][883.977s][info][gc,stats       ]   Manage GC/TLABs                    12 us
[2026-04-03T03:06:45.351+0600][883.977s][info][gc,stats       ]   Choose Collection Set             245 us
[2026-04-03T03:06:45.351+0600][883.977s][info][gc,stats       ]   Rebuild Free Set                   40 us
[2026-04-03T03:06:45.351+0600][883.977s][info][gc,stats       ]   Evacuation                       4948 us
[2026-04-03T03:06:45.351+0600][883.977s][info][gc,stats       ]   Pre Heap Dump                       2 us
[2026-04-03T03:06:45.351+0600][883.977s][info][gc,stats       ]   Prepare                          2589 us
[2026-04-03T03:06:45.351+0600][883.977s][info][gc,stats       ]     Update Roots                   1642 us, parallelism: 5.19x
[2026-04-03T03:06:45.351+0600][883.977s][info][gc,stats       ]       FU: <total>                  8524 us
[2026-04-03T03:06:45.351+0600][883.977s][info][gc,stats       ]       FU: Thread Roots              666 us, workers (us):  79,  32,  57,  67, 264, 165, 
[2026-04-03T03:06:45.351+0600][883.977s][info][gc,stats       ]       FU: Code Cache Roots         6701 us, workers (us): 1170, 1217, 1093, 1154, 984, 1083, 
[2026-04-03T03:06:45.351+0600][883.977s][info][gc,stats       ]       FU: VM Strong Roots            16 us, workers (us):  11,   1,   0,   2,   1,   1, 
[2026-04-03T03:06:45.351+0600][883.977s][info][gc,stats       ]       FU: VM Weak Roots             713 us, workers (us): 170, 120, 117, 109, 110,  87, 
[2026-04-03T03:06:45.351+0600][883.977s][info][gc,stats       ]       FU: CLDG Roots                427 us, workers (us):  47,  49, 147,  89,  47,  48, 
[2026-04-03T03:06:45.351+0600][883.977s][info][gc,stats       ]   Mark                          4251586 us, parallelism: 5.99x
[2026-04-03T03:06:45.351+0600][883.977s][info][gc,stats       ]     FM: <total>                25487621 us
[2026-04-03T03:06:45.351+0600][883.977s][info][gc,stats       ]     FM: Thread Roots                846 us, workers (us): 197, 153, 142, 145,  86, 124, 
[2026-04-03T03:06:45.351+0600][883.977s][info][gc,stats       ]     FM: VM Strong Roots              19 us, workers (us):   1,   1,   1,  16,   1,   0, 
[2026-04-03T03:06:45.351+0600][883.977s][info][gc,stats       ]     FM: CLDG Roots                  308 us, workers (us):  31,  36, 172,   8,  40,  21, 
[2026-04-03T03:06:45.351+0600][883.977s][info][gc,stats       ]     FM: Parallel Mark          25486448 us, workers (us): 4247742, 4247901, 4247587, 4247907, 4247575, 4247736, 
[2026-04-03T03:06:45.351+0600][883.977s][info][gc,stats       ]     System Purge                   2405 us
[2026-04-03T03:06:45.351+0600][883.977s][info][gc,stats       ]       Weak References               512 us, parallelism: 1.15x
[2026-04-03T03:06:45.351+0600][883.977s][info][gc,stats       ]         WRP: <total>                586 us
[2026-04-03T03:06:45.351+0600][883.977s][info][gc,stats       ]         WRP: Weak References        586 us, workers (us): 245,  52, 289,   0,   0,   0, 
[2026-04-03T03:06:45.351+0600][883.977s][info][gc,stats       ]       Unload Classes               1526 us, parallelism: 5.10x
[2026-04-03T03:06:45.351+0600][883.977s][info][gc,stats       ]         CU: <total>                7778 us
[2026-04-03T03:06:45.351+0600][883.977s][info][gc,stats       ]         CU: Unload Code Caches     7778 us, workers (us): 1334, 1332, 1284, 1292, 1277, 1259, 
[2026-04-03T03:06:45.351+0600][883.977s][info][gc,stats       ]       Weak Roots                    327 us, parallelism: 2.64x
[2026-04-03T03:06:45.351+0600][883.977s][info][gc,stats       ]         WR: <total>                 861 us
[2026-04-03T03:06:45.351+0600][883.977s][info][gc,stats       ]         WR: VM Weak Roots           861 us, workers (us): 192, 193, 152, 127, 123,  75, 
[2026-04-03T03:06:45.351+0600][883.977s][info][gc,stats       ]       CLDG                            3 us
[2026-04-03T03:06:45.351+0600][883.977s][info][gc,stats       ]   Calculate Addresses             86109 us
[2026-04-03T03:06:45.351+0600][883.977s][info][gc,stats       ]     Regular Objects               85905 us
[2026-04-03T03:06:45.351+0600][883.977s][info][gc,stats       ]     Humongous Objects                33 us
[2026-04-03T03:06:45.351+0600][883.977s][info][gc,stats       ]   Adjust Pointers                100956 us
[2026-04-03T03:06:45.351+0600][883.977s][info][gc,stats       ]     FA: <total>                    7610 us
[2026-04-03T03:06:45.351+0600][883.977s][info][gc,stats       ]     FA: Thread Roots                533 us, workers (us):   3,  55, 206,   2, 114, 153, 
[2026-04-03T03:06:45.351+0600][883.977s][info][gc,stats       ]     FA: Code Cache Roots           5787 us, workers (us): 1048, 982, 835, 1220, 819, 883, 
[2026-04-03T03:06:45.351+0600][883.977s][info][gc,stats       ]     FA: VM Strong Roots              19 us, workers (us):  16,   1,   1,   0,   1,   1, 
[2026-04-03T03:06:45.351+0600][883.977s][info][gc,stats       ]     FA: VM Weak Roots               671 us, workers (us): 169, 125, 119, 121,  70,  66, 
[2026-04-03T03:06:45.351+0600][883.977s][info][gc,stats       ]     FA: CLDG Roots                  600 us, workers (us):  75,  65,  66, 154, 172,  68, 
[2026-04-03T03:06:45.351+0600][883.977s][info][gc,stats       ]   Copy Objects                    94292 us
[2026-04-03T03:06:45.351+0600][883.977s][info][gc,stats       ]     Regular Objects               93309 us
[2026-04-03T03:06:45.351+0600][883.977s][info][gc,stats       ]     Humongous Objects                23 us
[2026-04-03T03:06:45.351+0600][883.977s][info][gc,stats       ]     Reset Complete Bitmap           718 us
[2026-04-03T03:06:45.351+0600][883.977s][info][gc,stats       ]     Rebuild Region Sets             238 us
[2026-04-03T03:06:45.351+0600][883.977s][info][gc,stats       ]   Post Heap Dump                      1 us
[2026-04-03T03:06:45.351+0600][883.977s][info][gc,stats       ] 
[2026-04-03T03:06:45.351+0600][883.977s][info][gc,stats       ] Allocation pacing accrued:
[2026-04-03T03:06:45.351+0600][883.977s][info][gc,stats       ]       0 of  8834 ms (  0.0%): <total>
[2026-04-03T03:06:45.351+0600][883.977s][info][gc,stats       ]       0 of  8834 ms (  0.0%): <average total>
[2026-04-03T03:06:45.351+0600][883.977s][info][gc,stats       ] 
[2026-04-03T03:06:45.351+0600][883.977s][info][gc,metaspace   ] Metaspace: 49745K(50176K)->49746K(50176K) NonClass: 43529K(43776K)->43530K(43776K) Class: 6216K(6400K)->6216K(6400K)
[2026-04-03T03:06:45.351+0600][883.977s][info][gc,ergo        ] Pacer for Idle. Initial: 10240K, Alloc Tax Rate: 1.0x
[2026-04-03T03:06:45.351+0600][883.978s][info][gc             ] Failed to allocate TLAB, 2648B
[2026-04-03T03:06:45.351+0600][883.978s][info][gc             ] Cancelling GC: Allocation Failure
[2026-04-03T03:06:45.352+0600][883.979s][info][gc             ] Trigger: Handle Allocation Failure
[2026-04-03T03:06:45.352+0600][883.979s][info][gc,ergo        ] Free: 0B, Max: 0B regular, 0B humongous, Frag: 0% external, 0% internal; Reserve: 12288K, Max: 256K
[2026-04-03T03:06:45.352+0600][883.979s][info][gc,start       ] GC(129) Pause Degenerated GC (Outside of Cycle)
[2026-04-03T03:06:45.352+0600][883.979s][info][gc,task        ] GC(129) Using 6 of 6 workers for stw degenerated gc
[2026-04-03T03:06:45.353+0600][883.979s][info][gc,ref         ] GC(129) Clearing All SoftReferences
[2026-04-03T03:06:48.615+0600][887.242s][info][gc,ref         ] GC(129) Encountered references: Soft: 2445, Weak: 2766, Final: 74, Phantom: 585
[2026-04-03T03:06:48.615+0600][887.242s][info][gc,ref         ] GC(129) Discovered  references: Soft: 237, Weak: 1483, Final: 74, Phantom: 559
[2026-04-03T03:06:48.615+0600][887.242s][info][gc,ref         ] GC(129) Enqueued    references: Soft: 0, Weak: 0, Final: 0, Phantom: 0
[2026-04-03T03:06:48.618+0600][887.244s][info][gc,ergo        ] GC(129) Adaptive CSet Selection. Target Free: 72533K, Actual Free: 12288K, Max CSet: 21333K, Min Garbage: 60245K
[2026-04-03T03:06:48.618+0600][887.244s][info][gc,ergo        ] GC(129) Collectable Garbage: 86592B (100%), Immediate: 0B (0%), CSet: 86592B (100%)
[2026-04-03T03:06:48.622+0600][887.249s][info][gc             ] GC(129) Cancelling GC: Allocation Failure During Evacuation
[2026-04-03T03:06:48.624+0600][887.250s][info][gc             ] GC(129) Cannot finish degeneration, upgrading to Full GC
[2026-04-03T03:06:48.628+0600][887.255s][info][gc,phases,start] GC(129) Phase 1: Mark live objects
[2026-04-03T03:06:48.628+0600][887.255s][info][gc,ref         ] GC(129) Clearing All SoftReferences
[2026-04-03T03:06:48.628+0600][887.255s][info][gc,ref         ] GC(129) Clearing All SoftReferences
[2026-04-03T03:06:52.708+0600][891.334s][info][gc,ref         ] GC(129) Encountered references: Soft: 2445, Weak: 2766, Final: 74, Phantom: 585
[2026-04-03T03:06:52.708+0600][891.335s][info][gc,ref         ] GC(129) Discovered  references: Soft: 230, Weak: 414, Final: 74, Phantom: 580
[2026-04-03T03:06:52.708+0600][891.335s][info][gc,ref         ] GC(129) Enqueued    references: Soft: 0, Weak: 0, Final: 0, Phantom: 0
[2026-04-03T03:06:52.710+0600][891.337s][info][gc,phases      ] GC(129) Phase 1: Mark live objects 4081.979ms
[2026-04-03T03:06:52.710+0600][891.337s][info][gc,phases,start] GC(129) Phase 2: Compute new object addresses
[2026-04-03T03:06:52.798+0600][891.425s][info][gc,phases      ] GC(129) Phase 2: Compute new object addresses 87.916ms
[2026-04-03T03:06:52.798+0600][891.425s][info][gc,phases,start] GC(129) Phase 3: Adjust pointers
[2026-04-03T03:06:52.904+0600][891.530s][info][gc,phases      ] GC(129) Phase 3: Adjust pointers 105.724ms
[2026-04-03T03:06:52.904+0600][891.530s][info][gc,phases,start] GC(129) Phase 4: Move objects
[2026-04-03T03:06:52.994+0600][891.621s][info][gc,phases      ] GC(129) Phase 4: Move objects 90.103ms
[2026-04-03T03:06:52.995+0600][891.621s][info][gc,ergo        ] GC(129) Bad progress for free space: 371K, need 5120K
[2026-04-03T03:06:52.995+0600][891.621s][info][gc             ] GC(129) Pause Degenerated GC (Outside of Cycle) 486M->486M(500M) 7642.232ms
[2026-04-03T03:06:52.995+0600][891.621s][info][gc,ergo        ] Free: 352K, Max: 142K regular, 0B humongous, Frag: 0% external, 99% internal; Reserve: 12032K, Max: 256K
[2026-04-03T03:06:52.995+0600][891.621s][info][gc,stats       ] 
[2026-04-03T03:06:52.995+0600][891.621s][info][gc,stats       ] All times are wall-clock times, except per-root-class counters, that are sum over
[2026-04-03T03:06:52.995+0600][891.621s][info][gc,stats       ] all workers. Dividing the <total> over the root stage time estimates parallelism.
[2026-04-03T03:06:52.995+0600][891.621s][info][gc,stats       ] 
[2026-04-03T03:06:52.995+0600][891.621s][info][gc,stats       ] Pause Degenerated GC (G)        7642627 us
[2026-04-03T03:06:52.995+0600][891.621s][info][gc,stats       ] Pause Degenerated GC (N)        7642246 us
[2026-04-03T03:06:52.995+0600][891.621s][info][gc,stats       ]   Degen STW Mark                3262018 us, parallelism: 6.00x
[2026-04-03T03:06:52.995+0600][891.621s][info][gc,stats       ]     DSM: <total>               19562646 us
[2026-04-03T03:06:52.995+0600][891.621s][info][gc,stats       ]     DSM: Thread Roots               744 us, workers (us): 133, 130, 143, 108, 126, 105, 
[2026-04-03T03:06:52.995+0600][891.621s][info][gc,stats       ]     DSM: VM Strong Roots             14 us, workers (us):  12,   0,   0,   0,   0,   0, 
[2026-04-03T03:06:52.995+0600][891.621s][info][gc,stats       ]     DSM: CLDG Roots                 226 us, workers (us):   6,  28,  15, 141,   6,  30, 
[2026-04-03T03:06:52.995+0600][891.621s][info][gc,stats       ]     DSM: Parallel Mark         19561662 us, workers (us): 3260745, 3260333, 3260468, 3260232, 3260602, 3259283, 
[2026-04-03T03:06:52.995+0600][891.621s][info][gc,stats       ]     System Purge                   2738 us
[2026-04-03T03:06:52.995+0600][891.621s][info][gc,stats       ]       Weak References               590 us, parallelism: 0.71x
[2026-04-03T03:06:52.995+0600][891.621s][info][gc,stats       ]         WRP: <total>                421 us
[2026-04-03T03:06:52.995+0600][891.621s][info][gc,stats       ]         WRP: Weak References        421 us, workers (us):  60, 280,  50,  12,  19,   0, 
[2026-04-03T03:06:52.995+0600][891.621s][info][gc,stats       ]       Unload Classes               1874 us, parallelism: 5.20x
[2026-04-03T03:06:52.995+0600][891.621s][info][gc,stats       ]         DCU: <total>               9745 us
[2026-04-03T03:06:52.995+0600][891.621s][info][gc,stats       ]         DCU: Unload Code Caches     9745 us, workers (us): 1639, 1656, 1650, 1587, 1598, 1616, 
[2026-04-03T03:06:52.995+0600][891.621s][info][gc,stats       ]       Weak Roots                    255 us, parallelism: 2.55x
[2026-04-03T03:06:52.995+0600][891.621s][info][gc,stats       ]         DWR: <total>                648 us
[2026-04-03T03:06:52.995+0600][891.621s][info][gc,stats       ]         DWR: VM Weak Roots          648 us, workers (us): 129, 125, 124, 112,  82,  77, 
[2026-04-03T03:06:52.995+0600][891.621s][info][gc,stats       ]       CLDG                            4 us
[2026-04-03T03:06:52.995+0600][891.621s][info][gc,stats       ]   Update Region States               46 us
[2026-04-03T03:06:52.995+0600][891.622s][info][gc,stats       ]   Manage GC/TLABs                    16 us
[2026-04-03T03:06:52.995+0600][891.622s][info][gc,stats       ]   Choose Collection Set             328 us
[2026-04-03T03:06:52.995+0600][891.622s][info][gc,stats       ]   Rebuild Free Set                   51 us
[2026-04-03T03:06:52.995+0600][891.622s][info][gc,stats       ]   Evacuation                       5818 us
[2026-04-03T03:06:52.995+0600][891.622s][info][gc,stats       ]   Pre Heap Dump                       2 us
[2026-04-03T03:06:52.995+0600][891.622s][info][gc,stats       ]   Prepare                          4060 us
[2026-04-03T03:06:52.995+0600][891.622s][info][gc,stats       ]     Update Roots                   2523 us, parallelism: 4.78x
[2026-04-03T03:06:52.995+0600][891.622s][info][gc,stats       ]       FU: <total>                 12061 us
[2026-04-03T03:06:52.995+0600][891.622s][info][gc,stats       ]       FU: Thread Roots              858 us, workers (us):   6, 137,   4, 194, 260, 257, 
[2026-04-03T03:06:52.995+0600][891.622s][info][gc,stats       ]       FU: Code Cache Roots         9296 us, workers (us): 1727, 1533, 1864, 1371, 1398, 1403, 
[2026-04-03T03:06:52.995+0600][891.622s][info][gc,stats       ]       FU: VM Strong Roots            22 us, workers (us):  16,   2,   2,   1,   1,   1, 
[2026-04-03T03:06:52.995+0600][891.622s][info][gc,stats       ]       FU: VM Weak Roots             948 us, workers (us): 219, 173, 172, 141, 122, 121, 
[2026-04-03T03:06:52.995+0600][891.622s][info][gc,stats       ]       FU: CLDG Roots                938 us, workers (us): 122, 123, 213, 221, 135, 123, 
[2026-04-03T03:06:52.995+0600][891.622s][info][gc,stats       ]   Mark                          4081854 us, parallelism: 5.99x
[2026-04-03T03:06:52.995+0600][891.622s][info][gc,stats       ]     FM: <total>                24469047 us
[2026-04-03T03:06:52.995+0600][891.622s][info][gc,stats       ]     FM: Thread Roots               1165 us, workers (us): 264, 235, 199, 182, 147, 137, 
[2026-04-03T03:06:52.995+0600][891.622s][info][gc,stats       ]     FM: VM Strong Roots              23 us, workers (us):   1,   1,  19,   0,   1,   1, 
[2026-04-03T03:06:52.995+0600][891.622s][info][gc,stats       ]     FM: CLDG Roots                  400 us, workers (us):  31,  49,  10, 209,  51,  50, 
[2026-04-03T03:06:52.995+0600][891.622s][info][gc,stats       ]     FM: Parallel Mark          24467460 us, workers (us): 4077896, 4077895, 4077909, 4077846, 4077904, 4078010, 
[2026-04-03T03:06:52.995+0600][891.622s][info][gc,stats       ]     System Purge                   2472 us
[2026-04-03T03:06:52.995+0600][891.622s][info][gc,stats       ]       Weak References               515 us, parallelism: 0.65x
[2026-04-03T03:06:52.995+0600][891.622s][info][gc,stats       ]         WRP: <total>                335 us
[2026-04-03T03:06:52.995+0600][891.622s][info][gc,stats       ]         WRP: Weak References        335 us, workers (us): 242,  91,   2,   0,   0,   0, 
[2026-04-03T03:06:52.995+0600][891.622s][info][gc,stats       ]       Unload Classes               1492 us, parallelism: 5.13x
[2026-04-03T03:06:52.995+0600][891.622s][info][gc,stats       ]         CU: <total>                7657 us
[2026-04-03T03:06:52.995+0600][891.622s][info][gc,stats       ]         CU: Unload Code Caches     7657 us, workers (us): 1307, 1304, 1279, 1256, 1274, 1237, 
[2026-04-03T03:06:52.995+0600][891.622s][info][gc,stats       ]       Weak Roots                    418 us, parallelism: 1.95x
[2026-04-03T03:06:52.995+0600][891.622s][info][gc,stats       ]         WR: <total>                 816 us
[2026-04-03T03:06:52.995+0600][891.622s][info][gc,stats       ]         WR: VM Weak Roots           816 us, workers (us): 201, 162, 159, 106, 106,  82, 
[2026-04-03T03:06:52.995+0600][891.622s][info][gc,stats       ]       CLDG                            6 us
[2026-04-03T03:06:52.995+0600][891.622s][info][gc,stats       ]   Calculate Addresses             87898 us
[2026-04-03T03:06:52.995+0600][891.622s][info][gc,stats       ]     Regular Objects               87717 us
[2026-04-03T03:06:52.995+0600][891.622s][info][gc,stats       ]     Humongous Objects                36 us
[2026-04-03T03:06:52.995+0600][891.622s][info][gc,stats       ]   Adjust Pointers                105705 us
[2026-04-03T03:06:52.995+0600][891.622s][info][gc,stats       ]     FA: <total>                    8196 us
[2026-04-03T03:06:52.995+0600][891.622s][info][gc,stats       ]     FA: Thread Roots                533 us, workers (us): 134,  32,   2, 180,   3, 183, 
[2026-04-03T03:06:52.995+0600][891.622s][info][gc,stats       ]     FA: Code Cache Roots           6143 us, workers (us): 857, 1078, 1241, 926, 1127, 913, 
[2026-04-03T03:06:52.995+0600][891.622s][info][gc,stats       ]     FA: VM Strong Roots              20 us, workers (us):  17,   1,   1,   1,   1,   1, 
[2026-04-03T03:06:52.995+0600][891.622s][info][gc,stats       ]     FA: VM Weak Roots               755 us, workers (us): 171, 138, 140, 103, 101, 102, 
[2026-04-03T03:06:52.995+0600][891.622s][info][gc,stats       ]     FA: CLDG Roots                  744 us, workers (us): 200,  87, 200,  82,  83,  92, 
[2026-04-03T03:06:52.995+0600][891.622s][info][gc,stats       ]   Copy Objects                    90058 us
[2026-04-03T03:06:52.995+0600][891.622s][info][gc,stats       ]     Regular Objects               88961 us
[2026-04-03T03:06:52.995+0600][891.622s][info][gc,stats       ]     Humongous Objects                24 us
[2026-04-03T03:06:52.995+0600][891.622s][info][gc,stats       ]     Reset Complete Bitmap           818 us
[2026-04-03T03:06:52.995+0600][891.622s][info][gc,stats       ]     Rebuild Region Sets             253 us
[2026-04-03T03:06:52.995+0600][891.622s][info][gc,stats       ]   Post Heap Dump                      2 us
[2026-04-03T03:06:52.995+0600][891.622s][info][gc,stats       ] 
[2026-04-03T03:06:52.995+0600][891.622s][info][gc,stats       ] Allocation pacing accrued:
[2026-04-03T03:06:52.995+0600][891.622s][info][gc,stats       ]       0 of  7644 ms (  0.0%): <total>
[2026-04-03T03:06:52.995+0600][891.622s][info][gc,stats       ]       0 of  7644 ms (  0.0%): <average total>
[2026-04-03T03:06:52.995+0600][891.622s][info][gc,stats       ] 
[2026-04-03T03:06:52.995+0600][891.622s][info][gc,metaspace   ] Metaspace: 49749K(50240K)->49751K(50240K) NonClass: 43533K(43840K)->43534K(43840K) Class: 6216K(6400K)->6216K(6400K)
[2026-04-03T03:06:52.995+0600][891.622s][info][gc,ergo        ] Pacer for Idle. Initial: 10240K, Alloc Tax Rate: 1.0x
[2026-04-03T03:06:52.996+0600][891.622s][info][gc             ] Failed to allocate TLAB, 2648B
[2026-04-03T03:06:52.996+0600][891.622s][info][gc             ] Cancelling GC: Allocation Failure
[2026-04-03T03:06:52.997+0600][891.623s][info][gc             ] Trigger: Handle Allocation Failure
[2026-04-03T03:06:52.997+0600][891.623s][info][gc,ergo        ] Free: 0B, Max: 0B regular, 0B humongous, Frag: 0% external, 0% internal; Reserve: 12032K, Max: 256K
[2026-04-03T03:06:52.997+0600][891.623s][info][gc,start       ] GC(130) Pause Degenerated GC (Outside of Cycle)
[2026-04-03T03:06:52.997+0600][891.623s][info][gc,task        ] GC(130) Using 6 of 6 workers for stw degenerated gc
[2026-04-03T03:06:52.997+0600][891.623s][info][gc,ref         ] GC(130) Clearing All SoftReferences
[2026-04-03T03:06:57.331+0600][895.957s][info][gc,ref         ] GC(130) Encountered references: Soft: 2448, Weak: 2769, Final: 74, Phantom: 585
[2026-04-03T03:06:57.331+0600][895.957s][info][gc,ref         ] GC(130) Discovered  references: Soft: 242, Weak: 1424, Final: 52, Phantom: 564
[2026-04-03T03:06:57.331+0600][895.957s][info][gc,ref         ] GC(130) Enqueued    references: Soft: 3, Weak: 3, Final: 0, Phantom: 0
[2026-04-03T03:06:57.333+0600][895.960s][info][gc,ergo        ] GC(130) Adaptive CSet Selection. Target Free: 72533K, Actual Free: 12032K, Max CSet: 21333K, Min Garbage: 60501K
[2026-04-03T03:06:57.333+0600][895.960s][info][gc,ergo        ] GC(130) Collectable Garbage: 103K (100%), Immediate: 0B (0%), CSet: 103K (100%)
[2026-04-03T03:06:57.337+0600][895.964s][info][gc             ] GC(130) Cancelling GC: Allocation Failure During Evacuation
[2026-04-03T03:06:57.339+0600][895.965s][info][gc             ] GC(130) Cannot finish degeneration, upgrading to Full GC
[2026-04-03T03:06:57.342+0600][895.969s][info][gc,phases,start] GC(130) Phase 1: Mark live objects
[2026-04-03T03:06:57.343+0600][895.969s][info][gc,ref         ] GC(130) Clearing All SoftReferences
[2026-04-03T03:06:57.343+0600][895.969s][info][gc,ref         ] GC(130) Clearing All SoftReferences
[2026-04-03T03:07:00.330+0600][898.956s][info][gc,ref         ] GC(130) Encountered references: Soft: 2445, Weak: 2766, Final: 74, Phantom: 585
[2026-04-03T03:07:00.330+0600][898.956s][info][gc,ref         ] GC(130) Discovered  references: Soft: 240, Weak: 1450, Final: 74, Phantom: 381
[2026-04-03T03:07:00.330+0600][898.956s][info][gc,ref         ] GC(130) Enqueued    references: Soft: 0, Weak: 0, Final: 0, Phantom: 0
[2026-04-03T03:07:00.331+0600][898.958s][info][gc,phases      ] GC(130) Phase 1: Mark live objects 2988.842ms
[2026-04-03T03:07:00.331+0600][898.958s][info][gc,phases,start] GC(130) Phase 2: Compute new object addresses
[2026-04-03T03:07:00.417+0600][899.044s][info][gc,phases      ] GC(130) Phase 2: Compute new object addresses 86.092ms
[2026-04-03T03:07:00.418+0600][899.044s][info][gc,phases,start] GC(130) Phase 3: Adjust pointers
[2026-04-03T03:07:00.519+0600][899.146s][info][gc,phases      ] GC(130) Phase 3: Adjust pointers 101.723ms
[2026-04-03T03:07:00.519+0600][899.146s][info][gc,phases,start] GC(130) Phase 4: Move objects
[2026-04-03T03:07:00.614+0600][899.240s][info][gc,phases      ] GC(130) Phase 4: Move objects 94.327ms
[2026-04-03T03:07:00.614+0600][899.240s][info][gc,ergo        ] GC(130) Bad progress for free space: 390K, need 5120K
[2026-04-03T03:07:00.614+0600][899.240s][info][gc             ] GC(130) Pause Degenerated GC (Outside of Cycle) 487M->486M(500M) 7617.086ms
[2026-04-03T03:07:00.614+0600][899.240s][info][gc,ergo        ] Free: 359K, Max: 225K regular, 0B humongous, Frag: 0% external, 99% internal; Reserve: 11776K, Max: 256K
[2026-04-03T03:07:00.614+0600][899.240s][info][gc,stats       ] 
[2026-04-03T03:07:00.614+0600][899.240s][info][gc,stats       ] All times are wall-clock times, except per-root-class counters, that are sum over
[2026-04-03T03:07:00.614+0600][899.240s][info][gc,stats       ] all workers. Dividing the <total> over the root stage time estimates parallelism.
[2026-04-03T03:07:00.614+0600][899.240s][info][gc,stats       ] 
[2026-04-03T03:07:00.614+0600][899.240s][info][gc,stats       ] Pause Degenerated GC (G)        7617407 us
[2026-04-03T03:07:00.614+0600][899.240s][info][gc,stats       ] Pause Degenerated GC (N)        7617096 us
[2026-04-03T03:07:00.614+0600][899.241s][info][gc,stats       ]   Degen STW Mark                4333146 us, parallelism: 6.00x
[2026-04-03T03:07:00.614+0600][899.241s][info][gc,stats       ]     DSM: <total>               25992213 us
[2026-04-03T03:07:00.614+0600][899.241s][info][gc,stats       ]     DSM: Thread Roots               710 us, workers (us): 151, 137, 110, 159,  78,  75, 
[2026-04-03T03:07:00.614+0600][899.241s][info][gc,stats       ]     DSM: VM Strong Roots             18 us, workers (us):   0,   4,   4,   0,   5,   5, 
[2026-04-03T03:07:00.614+0600][899.241s][info][gc,stats       ]     DSM: CLDG Roots                 276 us, workers (us): 152,  33,  23,   7,  29,  32, 
[2026-04-03T03:07:00.614+0600][899.241s][info][gc,stats       ]     DSM: Parallel Mark         25991209 us, workers (us): 4331857, 4331891, 4331967, 4331856, 4331816, 4331820, 
[2026-04-03T03:07:00.614+0600][899.241s][info][gc,stats       ]     System Purge                   3016 us
[2026-04-03T03:07:00.614+0600][899.241s][info][gc,stats       ]       Weak References               745 us, parallelism: 0.59x
[2026-04-03T03:07:00.614+0600][899.241s][info][gc,stats       ]         WRP: <total>                443 us
[2026-04-03T03:07:00.614+0600][899.241s][info][gc,stats       ]         WRP: Weak References        443 us, workers (us): 212,  26,  39, 123,  43,   0, 
[2026-04-03T03:07:00.614+0600][899.241s][info][gc,stats       ]       Unload Classes               1805 us, parallelism: 4.68x
[2026-04-03T03:07:00.614+0600][899.241s][info][gc,stats       ]         DCU: <total>               8451 us
[2026-04-03T03:07:00.614+0600][899.241s][info][gc,stats       ]         DCU: Unload Code Caches     8451 us, workers (us): 1492, 1478, 1436, 1350, 1338, 1357, 
[2026-04-03T03:07:00.614+0600][899.241s][info][gc,stats       ]       Weak Roots                    454 us, parallelism: 1.33x
[2026-04-03T03:07:00.614+0600][899.241s][info][gc,stats       ]         DWR: <total>                602 us
[2026-04-03T03:07:00.614+0600][899.241s][info][gc,stats       ]         DWR: VM Weak Roots          602 us, workers (us): 111, 112, 111,  91,  89,  87, 
[2026-04-03T03:07:00.614+0600][899.241s][info][gc,stats       ]       CLDG                            2 us
[2026-04-03T03:07:00.614+0600][899.241s][info][gc,stats       ]   Update Region States               26 us
[2026-04-03T03:07:00.614+0600][899.241s][info][gc,stats       ]   Manage GC/TLABs                     8 us
[2026-04-03T03:07:00.614+0600][899.241s][info][gc,stats       ]   Choose Collection Set             206 us
[2026-04-03T03:07:00.614+0600][899.241s][info][gc,stats       ]   Rebuild Free Set                   46 us
[2026-04-03T03:07:00.614+0600][899.241s][info][gc,stats       ]   Evacuation                       5307 us
[2026-04-03T03:07:00.614+0600][899.241s][info][gc,stats       ]   Pre Heap Dump                       2 us
[2026-04-03T03:07:00.614+0600][899.241s][info][gc,stats       ]   Prepare                          3169 us
[2026-04-03T03:07:00.614+0600][899.241s][info][gc,stats       ]     Update Roots                   1995 us, parallelism: 4.62x
[2026-04-03T03:07:00.614+0600][899.241s][info][gc,stats       ]       FU: <total>                  9223 us
[2026-04-03T03:07:00.614+0600][899.241s][info][gc,stats       ]       FU: Thread Roots              606 us, workers (us): 235,  45,   3, 203,  22,  98, 
[2026-04-03T03:07:00.614+0600][899.241s][info][gc,stats       ]       FU: Code Cache Roots         7326 us, workers (us): 1100, 1299, 1393, 1131, 1300, 1103, 
[2026-04-03T03:07:00.614+0600][899.241s][info][gc,stats       ]       FU: VM Strong Roots            19 us, workers (us):   8,   7,   1,   1,   1,   1, 
[2026-04-03T03:07:00.614+0600][899.241s][info][gc,stats       ]       FU: VM Weak Roots             807 us, workers (us): 147, 148, 128, 129, 128, 127, 
[2026-04-03T03:07:00.614+0600][899.241s][info][gc,stats       ]       FU: CLDG Roots                466 us, workers (us):  39,  39, 123,  39,  52, 174, 
[2026-04-03T03:07:00.614+0600][899.241s][info][gc,stats       ]   Mark                          2988769 us, parallelism: 5.99x
[2026-04-03T03:07:00.614+0600][899.241s][info][gc,stats       ]     FM: <total>                17915468 us
[2026-04-03T03:07:00.614+0600][899.241s][info][gc,stats       ]     FM: Thread Roots                794 us, workers (us): 158, 155, 137, 135, 114,  96, 
[2026-04-03T03:07:00.614+0600][899.241s][info][gc,stats       ]     FM: VM Strong Roots              22 us, workers (us):   4,   4,   4,   6,   0,   4, 
[2026-04-03T03:07:00.614+0600][899.241s][info][gc,stats       ]     FM: CLDG Roots                  312 us, workers (us):  31,  34,  33,  34, 149,  33, 
[2026-04-03T03:07:00.614+0600][899.241s][info][gc,stats       ]     FM: Parallel Mark          17914339 us, workers (us): 2985535, 2985808, 2985795, 2985822, 2985714, 2985664, 
[2026-04-03T03:07:00.614+0600][899.241s][info][gc,stats       ]     System Purge                   1891 us
[2026-04-03T03:07:00.614+0600][899.241s][info][gc,stats       ]       Weak References               274 us, parallelism: 0.99x
[2026-04-03T03:07:00.614+0600][899.241s][info][gc,stats       ]         WRP: <total>                272 us
[2026-04-03T03:07:00.614+0600][899.241s][info][gc,stats       ]         WRP: Weak References        272 us, workers (us):  28, 158,  70,  16,   0,   0, 
[2026-04-03T03:07:00.614+0600][899.241s][info][gc,stats       ]       Unload Classes               1352 us, parallelism: 5.33x
[2026-04-03T03:07:00.614+0600][899.241s][info][gc,stats       ]         CU: <total>                7205 us
[2026-04-03T03:07:00.614+0600][899.241s][info][gc,stats       ]         CU: Unload Code Caches     7205 us, workers (us): 1246, 1210, 1186, 1214, 1174, 1176, 
[2026-04-03T03:07:00.614+0600][899.241s][info][gc,stats       ]       Weak Roots                    248 us, parallelism: 2.24x
[2026-04-03T03:07:00.614+0600][899.241s][info][gc,stats       ]         WR: <total>                 554 us
[2026-04-03T03:07:00.614+0600][899.241s][info][gc,stats       ]         WR: VM Weak Roots           554 us, workers (us): 150, 142,  71,  71,  70,  50, 
[2026-04-03T03:07:00.614+0600][899.241s][info][gc,stats       ]       CLDG                            2 us
[2026-04-03T03:07:00.614+0600][899.241s][info][gc,stats       ]   Calculate Addresses             86084 us
[2026-04-03T03:07:00.614+0600][899.241s][info][gc,stats       ]     Regular Objects               86002 us
[2026-04-03T03:07:00.614+0600][899.241s][info][gc,stats       ]     Humongous Objects                30 us
[2026-04-03T03:07:00.614+0600][899.241s][info][gc,stats       ]   Adjust Pointers                101711 us
[2026-04-03T03:07:00.614+0600][899.241s][info][gc,stats       ]     FA: <total>                    8058 us
[2026-04-03T03:07:00.614+0600][899.241s][info][gc,stats       ]     FA: Thread Roots                522 us, workers (us):   3,  54, 140,   4, 213, 108, 
[2026-04-03T03:07:00.614+0600][899.241s][info][gc,stats       ]     FA: Code Cache Roots           6168 us, workers (us): 1116, 1031, 958, 1287, 890, 885, 
[2026-04-03T03:07:00.614+0600][899.241s][info][gc,stats       ]     FA: VM Strong Roots              18 us, workers (us):  14,   1,   1,   1,   1,   1, 
[2026-04-03T03:07:00.614+0600][899.241s][info][gc,stats       ]     FA: VM Weak Roots               770 us, workers (us): 203, 117, 120, 127, 116,  86, 
[2026-04-03T03:07:00.614+0600][899.241s][info][gc,stats       ]     FA: CLDG Roots                  580 us, workers (us):  64,  75,  59, 151,  62, 170, 
[2026-04-03T03:07:00.614+0600][899.241s][info][gc,stats       ]   Copy Objects                    94315 us
[2026-04-03T03:07:00.614+0600][899.241s][info][gc,stats       ]     Regular Objects               93437 us
[2026-04-03T03:07:00.614+0600][899.241s][info][gc,stats       ]     Humongous Objects                19 us
[2026-04-03T03:07:00.614+0600][899.241s][info][gc,stats       ]     Reset Complete Bitmap           661 us
[2026-04-03T03:07:00.614+0600][899.241s][info][gc,stats       ]     Rebuild Region Sets             196 us
[2026-04-03T03:07:00.614+0600][899.241s][info][gc,stats       ]   Post Heap Dump                      1 us
[2026-04-03T03:07:00.614+0600][899.241s][info][gc,stats       ] 
[2026-04-03T03:07:00.615+0600][899.241s][info][gc,stats       ] Allocation pacing accrued:
[2026-04-03T03:07:00.615+0600][899.241s][info][gc,stats       ]       0 of  7619 ms (  0.0%): <total>
[2026-04-03T03:07:00.615+0600][899.241s][info][gc,stats       ]       0 of  7619 ms (  0.0%): <average total>
[2026-04-03T03:07:00.615+0600][899.241s][info][gc,stats       ] 
[2026-04-03T03:07:00.615+0600][899.241s][info][gc,metaspace   ] Metaspace: 49752K(50240K)->49752K(50240K) NonClass: 43535K(43840K)->43535K(43840K) Class: 6216K(6400K)->6216K(6400K)
[2026-04-03T03:07:00.615+0600][899.241s][info][gc,ergo        ] Pacer for Idle. Initial: 10240K, Alloc Tax Rate: 1.0x
[2026-04-03T03:07:00.615+0600][899.241s][info][gc             ] Failed to allocate TLAB, 2656B
[2026-04-03T03:07:00.615+0600][899.241s][info][gc             ] Cancelling GC: Allocation Failure
[2026-04-03T03:07:00.616+0600][899.242s][info][gc             ] Trigger: Handle Allocation Failure
[2026-04-03T03:07:00.616+0600][899.242s][info][gc,ergo        ] Free: 0B, Max: 0B regular, 0B humongous, Frag: 0% external, 0% internal; Reserve: 11776K, Max: 256K
[2026-04-03T03:07:00.616+0600][899.242s][info][gc,start       ] GC(131) Pause Degenerated GC (Outside of Cycle)
[2026-04-03T03:07:00.616+0600][899.242s][info][gc,task        ] GC(131) Using 6 of 6 workers for stw degenerated gc
[2026-04-03T03:07:00.616+0600][899.243s][info][gc,ref         ] GC(131) Clearing All SoftReferences
[2026-04-03T03:07:04.026+0600][902.652s][info][gc,ref         ] GC(131) Encountered references: Soft: 2447, Weak: 2772, Final: 74, Phantom: 585
[2026-04-03T03:07:04.026+0600][902.652s][info][gc,ref         ] GC(131) Discovered  references: Soft: 246, Weak: 1764, Final: 74, Phantom: 559
[2026-04-03T03:07:04.026+0600][902.652s][info][gc,ref         ] GC(131) Enqueued    references: Soft: 2, Weak: 1, Final: 0, Phantom: 0
[2026-04-03T03:07:04.028+0600][902.654s][info][gc,ergo        ] GC(131) Adaptive CSet Selection. Target Free: 72533K, Actual Free: 11776K, Max CSet: 21333K, Min Garbage: 60757K
[2026-04-03T03:07:04.028+0600][902.655s][info][gc,ergo        ] GC(131) Collectable Garbage: 112K (100%), Immediate: 0B (0%), CSet: 112K (100%)
[2026-04-03T03:07:04.033+0600][902.659s][info][gc             ] GC(131) Cancelling GC: Allocation Failure During Evacuation
[2026-04-03T03:07:04.034+0600][902.661s][info][gc             ] GC(131) Cannot finish degeneration, upgrading to Full GC
[2026-04-03T03:07:04.038+0600][902.665s][info][gc,phases,start] GC(131) Phase 1: Mark live objects
[2026-04-03T03:07:04.038+0600][902.665s][info][gc,ref         ] GC(131) Clearing All SoftReferences
[2026-04-03T03:07:04.039+0600][902.665s][info][gc,ref         ] GC(131) Clearing All SoftReferences
[2026-04-03T03:07:08.227+0600][906.854s][info][gc,ref         ] GC(131) Encountered references: Soft: 2445, Weak: 2771, Final: 74, Phantom: 585
[2026-04-03T03:07:08.227+0600][906.854s][info][gc,ref         ] GC(131) Discovered  references: Soft: 248, Weak: 1848, Final: 67, Phantom: 581
[2026-04-03T03:07:08.227+0600][906.854s][info][gc,ref         ] GC(131) Enqueued    references: Soft: 0, Weak: 0, Final: 0, Phantom: 0
[2026-04-03T03:07:08.229+0600][906.855s][info][gc,phases      ] GC(131) Phase 1: Mark live objects 4190.820ms
[2026-04-03T03:07:08.229+0600][906.855s][info][gc,phases,start] GC(131) Phase 2: Compute new object addresses
[2026-04-03T03:07:08.318+0600][906.945s][info][gc,phases      ] GC(131) Phase 2: Compute new object addresses 89.311ms
[2026-04-03T03:07:08.319+0600][906.945s][info][gc,phases,start] GC(131) Phase 3: Adjust pointers
[2026-04-03T03:07:08.418+0600][907.044s][info][gc,phases      ] GC(131) Phase 3: Adjust pointers 99.090ms
[2026-04-03T03:07:08.418+0600][907.044s][info][gc,phases,start] GC(131) Phase 4: Move objects
[2026-04-03T03:07:08.511+0600][907.137s][info][gc,phases      ] GC(131) Phase 4: Move objects 93.291ms
[2026-04-03T03:07:08.511+0600][907.138s][info][gc,ergo        ] GC(131) Bad progress for free space: 398K, need 5120K
[2026-04-03T03:07:08.511+0600][907.138s][info][gc             ] GC(131) Pause Degenerated GC (Outside of Cycle) 487M->487M(500M) 7895.260ms
[2026-04-03T03:07:08.511+0600][907.138s][info][gc,ergo        ] Free: 398K, Max: 194K regular, 0B humongous, Frag: 0% external, 99% internal; Reserve: 11520K, Max: 256K
[2026-04-03T03:07:08.511+0600][907.138s][info][gc,stats       ] 
[2026-04-03T03:07:08.511+0600][907.138s][info][gc,stats       ] All times are wall-clock times, except per-root-class counters, that are sum over
[2026-04-03T03:07:08.511+0600][907.138s][info][gc,stats       ] all workers. Dividing the <total> over the root stage time estimates parallelism.
[2026-04-03T03:07:08.511+0600][907.138s][info][gc,stats       ] 
[2026-04-03T03:07:08.512+0600][907.138s][info][gc,stats       ] Pause Degenerated GC (G)        7895548 us
[2026-04-03T03:07:08.512+0600][907.138s][info][gc,stats       ] Pause Degenerated GC (N)        7895270 us
[2026-04-03T03:07:08.512+0600][907.138s][info][gc,stats       ]   Degen STW Mark                3409487 us, parallelism: 6.00x
[2026-04-03T03:07:08.512+0600][907.138s][info][gc,stats       ]     DSM: <total>               20449403 us
[2026-04-03T03:07:08.512+0600][907.138s][info][gc,stats       ]     DSM: Thread Roots               636 us, workers (us): 181,  85,  81,  82,  82, 124, 
[2026-04-03T03:07:08.512+0600][907.138s][info][gc,stats       ]     DSM: VM Strong Roots             19 us, workers (us):   0,   4,   5,   4,   4,   0, 
[2026-04-03T03:07:08.512+0600][907.138s][info][gc,stats       ]     DSM: CLDG Roots                 219 us, workers (us): 107,  25,  29,  27,  26,   5, 
[2026-04-03T03:07:08.512+0600][907.138s][info][gc,stats       ]     DSM: Parallel Mark         20448530 us, workers (us): 3408100, 3408399, 3408395, 3408407, 3408293, 3406937, 
[2026-04-03T03:07:08.512+0600][907.138s][info][gc,stats       ]     System Purge                   2269 us
[2026-04-03T03:07:08.512+0600][907.138s][info][gc,stats       ]       Weak References               433 us, parallelism: 0.79x
[2026-04-03T03:07:08.512+0600][907.138s][info][gc,stats       ]         WRP: <total>                342 us
[2026-04-03T03:07:08.512+0600][907.138s][info][gc,stats       ]         WRP: Weak References        342 us, workers (us):  41, 208,  93,   0,   0,   0, 
[2026-04-03T03:07:08.512+0600][907.138s][info][gc,stats       ]       Unload Classes               1604 us, parallelism: 5.44x
[2026-04-03T03:07:08.512+0600][907.138s][info][gc,stats       ]         DCU: <total>               8733 us
[2026-04-03T03:07:08.512+0600][907.138s][info][gc,stats       ]         DCU: Unload Code Caches     8733 us, workers (us): 1507, 1506, 1445, 1437, 1432, 1405, 
[2026-04-03T03:07:08.512+0600][907.138s][info][gc,stats       ]       Weak Roots                    210 us, parallelism: 2.24x
[2026-04-03T03:07:08.512+0600][907.138s][info][gc,stats       ]         DWR: <total>                470 us
[2026-04-03T03:07:08.512+0600][907.138s][info][gc,stats       ]         DWR: VM Weak Roots          470 us, workers (us): 152, 127,  69,  46,  37,  37, 
[2026-04-03T03:07:08.512+0600][907.138s][info][gc,stats       ]       CLDG                            3 us
[2026-04-03T03:07:08.512+0600][907.138s][info][gc,stats       ]   Update Region States               45 us
[2026-04-03T03:07:08.512+0600][907.138s][info][gc,stats       ]   Manage GC/TLABs                    10 us
[2026-04-03T03:07:08.512+0600][907.138s][info][gc,stats       ]   Choose Collection Set             228 us
[2026-04-03T03:07:08.512+0600][907.138s][info][gc,stats       ]   Rebuild Free Set                   48 us
[2026-04-03T03:07:08.512+0600][907.138s][info][gc,stats       ]   Evacuation                       5674 us
[2026-04-03T03:07:08.512+0600][907.138s][info][gc,stats       ]   Pre Heap Dump                       2 us
[2026-04-03T03:07:08.512+0600][907.138s][info][gc,stats       ]   Prepare                          3779 us
[2026-04-03T03:07:08.512+0600][907.138s][info][gc,stats       ]     Update Roots                   2459 us, parallelism: 4.76x
[2026-04-03T03:07:08.512+0600][907.138s][info][gc,stats       ]       FU: <total>                 11718 us
[2026-04-03T03:07:08.512+0600][907.138s][info][gc,stats       ]       FU: Thread Roots              759 us, workers (us):  59,  78,   3, 101, 266, 251, 
[2026-04-03T03:07:08.512+0600][907.138s][info][gc,stats       ]       FU: Code Cache Roots         9053 us, workers (us): 1578, 1550, 1796, 1421, 1347, 1361, 
[2026-04-03T03:07:08.512+0600][907.138s][info][gc,stats       ]       FU: VM Strong Roots            19 us, workers (us):  13,   2,   1,   1,   1,   1, 
[2026-04-03T03:07:08.512+0600][907.138s][info][gc,stats       ]       FU: VM Weak Roots             994 us, workers (us): 251, 215, 191, 116, 110, 111, 
[2026-04-03T03:07:08.512+0600][907.138s][info][gc,stats       ]       FU: CLDG Roots                893 us, workers (us): 117, 117, 203, 210, 122, 125, 
[2026-04-03T03:07:08.512+0600][907.138s][info][gc,stats       ]   Mark                          4190725 us, parallelism: 6.00x
[2026-04-03T03:07:08.512+0600][907.138s][info][gc,stats       ]     FM: <total>                25124330 us
[2026-04-03T03:07:08.512+0600][907.138s][info][gc,stats       ]     FM: Thread Roots               1112 us, workers (us): 261, 258, 190, 136, 134, 133, 
[2026-04-03T03:07:08.512+0600][907.138s][info][gc,stats       ]     FM: VM Strong Roots              29 us, workers (us):   1,   5,   8,   5,   5,   6, 
[2026-04-03T03:07:08.512+0600][907.138s][info][gc,stats       ]     FM: CLDG Roots                  367 us, workers (us): 166,   9,  46,  47,  49,  49, 
[2026-04-03T03:07:08.512+0600][907.138s][info][gc,stats       ]     FM: Parallel Mark          25122822 us, workers (us): 4187028, 4187267, 4186983, 4187144, 4187133, 4187267, 
[2026-04-03T03:07:08.512+0600][907.138s][info][gc,stats       ]     System Purge                   2187 us
[2026-04-03T03:07:08.512+0600][907.138s][info][gc,stats       ]       Weak References               395 us, parallelism: 0.99x
[2026-04-03T03:07:08.512+0600][907.138s][info][gc,stats       ]         WRP: <total>                392 us
[2026-04-03T03:07:08.512+0600][907.138s][info][gc,stats       ]         WRP: Weak References        392 us, workers (us): 256, 105,  29,   1,   0,   0, 
[2026-04-03T03:07:08.512+0600][907.138s][info][gc,stats       ]       Unload Classes               1564 us, parallelism: 5.32x
[2026-04-03T03:07:08.512+0600][907.138s][info][gc,stats       ]         CU: <total>                8322 us
[2026-04-03T03:07:08.512+0600][907.138s][info][gc,stats       ]         CU: Unload Code Caches     8322 us, workers (us): 1414, 1424, 1417, 1372, 1348, 1346, 
[2026-04-03T03:07:08.512+0600][907.138s][info][gc,stats       ]       Weak Roots                    212 us, parallelism: 3.55x
[2026-04-03T03:07:08.512+0600][907.138s][info][gc,stats       ]         WR: <total>                 753 us
[2026-04-03T03:07:08.512+0600][907.138s][info][gc,stats       ]         WR: VM Weak Roots           753 us, workers (us): 175, 175, 169,  94,  90,  49, 
[2026-04-03T03:07:08.512+0600][907.138s][info][gc,stats       ]       CLDG                            2 us
[2026-04-03T03:07:08.512+0600][907.138s][info][gc,stats       ]   Calculate Addresses             89302 us
[2026-04-03T03:07:08.512+0600][907.138s][info][gc,stats       ]     Regular Objects               89207 us
[2026-04-03T03:07:08.512+0600][907.138s][info][gc,stats       ]     Humongous Objects                30 us
[2026-04-03T03:07:08.512+0600][907.138s][info][gc,stats       ]   Adjust Pointers                 99080 us
[2026-04-03T03:07:08.512+0600][907.138s][info][gc,stats       ]     FA: <total>                    7057 us
[2026-04-03T03:07:08.512+0600][907.138s][info][gc,stats       ]     FA: Thread Roots                547 us, workers (us): 173, 105,  70, 127,   3,  70, 
[2026-04-03T03:07:08.512+0600][907.138s][info][gc,stats       ]     FA: Code Cache Roots           5323 us, workers (us): 818, 911, 931, 769, 1022, 873, 
[2026-04-03T03:07:08.512+0600][907.138s][info][gc,stats       ]     FA: VM Strong Roots              15 us, workers (us):  12,   1,   1,   1,   0,   1, 
[2026-04-03T03:07:08.512+0600][907.138s][info][gc,stats       ]     FA: VM Weak Roots               633 us, workers (us): 182, 104, 108,  80,  82,  78, 
[2026-04-03T03:07:08.512+0600][907.138s][info][gc,stats       ]     FA: CLDG Roots                  539 us, workers (us):  70,  58,  60, 171,  57, 122, 
[2026-04-03T03:07:08.512+0600][907.138s][info][gc,stats       ]   Copy Objects                    93276 us
[2026-04-03T03:07:08.512+0600][907.138s][info][gc,stats       ]     Regular Objects               92388 us
[2026-04-03T03:07:08.512+0600][907.138s][info][gc,stats       ]     Humongous Objects                20 us
[2026-04-03T03:07:08.512+0600][907.138s][info][gc,stats       ]     Reset Complete Bitmap           663 us
[2026-04-03T03:07:08.512+0600][907.138s][info][gc,stats       ]     Rebuild Region Sets             203 us
[2026-04-03T03:07:08.512+0600][907.138s][info][gc,stats       ]   Post Heap Dump                      1 us
[2026-04-03T03:07:08.512+0600][907.138s][info][gc,stats       ] 
[2026-04-03T03:07:08.512+0600][907.138s][info][gc,stats       ] Allocation pacing accrued:
[2026-04-03T03:07:08.512+0600][907.138s][info][gc,stats       ]       0 of  7898 ms (  0.0%): <total>
[2026-04-03T03:07:08.512+0600][907.138s][info][gc,stats       ]       0 of  7898 ms (  0.0%): <average total>
[2026-04-03T03:07:08.512+0600][907.138s][info][gc,stats       ] 
[2026-04-03T03:07:08.512+0600][907.138s][info][gc,metaspace   ] Metaspace: 49753K(50240K)->49753K(50240K) NonClass: 43536K(43840K)->43536K(43840K) Class: 6216K(6400K)->6216K(6400K)
[2026-04-03T03:07:08.512+0600][907.138s][info][gc,ergo        ] Pacer for Idle. Initial: 10240K, Alloc Tax Rate: 1.0x
[2026-04-03T03:07:08.512+0600][907.139s][info][gc             ] Failed to allocate TLAB, 2648B
[2026-04-03T03:07:08.512+0600][907.139s][info][gc             ] Cancelling GC: Allocation Failure
[2026-04-03T03:07:08.513+0600][907.140s][info][gc             ] Trigger: Handle Allocation Failure
[2026-04-03T03:07:08.513+0600][907.140s][info][gc,ergo        ] Free: 0B, Max: 0B regular, 0B humongous, Frag: 0% external, 0% internal; Reserve: 11520K, Max: 256K
[2026-04-03T03:07:08.513+0600][907.140s][info][gc,start       ] GC(132) Pause Full
[2026-04-03T03:07:08.513+0600][907.140s][info][gc,task        ] GC(132) Using 6 of 6 workers for full gc
[2026-04-03T03:07:08.514+0600][907.140s][info][gc,phases,start] GC(132) Phase 1: Mark live objects
[2026-04-03T03:07:08.514+0600][907.140s][info][gc,ref         ] GC(132) Clearing All SoftReferences
[2026-04-03T03:07:08.514+0600][907.140s][info][gc,ref         ] GC(132) Clearing All SoftReferences
[2026-04-03T03:07:12.877+0600][911.503s][info][gc,ref         ] GC(132) Encountered references: Soft: 2447, Weak: 2773, Final: 74, Phantom: 585
[2026-04-03T03:07:12.877+0600][911.503s][info][gc,ref         ] GC(132) Discovered  references: Soft: 242, Weak: 1495, Final: 74, Phantom: 581
[2026-04-03T03:07:12.877+0600][911.503s][info][gc,ref         ] GC(132) Enqueued    references: Soft: 2, Weak: 1, Final: 0, Phantom: 0
[2026-04-03T03:07:12.879+0600][911.505s][info][gc,phases      ] GC(132) Phase 1: Mark live objects 4365.059ms
[2026-04-03T03:07:12.879+0600][911.505s][info][gc,phases,start] GC(132) Phase 2: Compute new object addresses
[2026-04-03T03:07:12.961+0600][911.587s][info][gc,phases      ] GC(132) Phase 2: Compute new object addresses 81.797ms
[2026-04-03T03:07:12.961+0600][911.587s][info][gc,phases,start] GC(132) Phase 3: Adjust pointers
[2026-04-03T03:07:13.062+0600][911.688s][info][gc,phases      ] GC(132) Phase 3: Adjust pointers 101.251ms
[2026-04-03T03:07:13.062+0600][911.688s][info][gc,phases,start] GC(132) Phase 4: Move objects
[2026-04-03T03:07:13.149+0600][911.775s][info][gc,phases      ] GC(132) Phase 4: Move objects 87.172ms
[2026-04-03T03:07:13.149+0600][911.776s][info][gc,ergo        ] GC(132) Bad progress for free space: 140K, need 5120K
[2026-04-03T03:07:13.149+0600][911.776s][info][gc             ] GC(132) Pause Full 487M->487M(500M) 4635.971ms
[2026-04-03T03:07:13.149+0600][911.776s][info][gc,ergo        ] Free: 140K, Max: 63616B regular, 0B humongous, Frag: 0% external, 99% internal; Reserve: 11520K, Max: 256K
[2026-04-03T03:07:13.149+0600][911.776s][info][gc,stats       ] 
[2026-04-03T03:07:13.150+0600][911.776s][info][gc,stats       ] All times are wall-clock times, except per-root-class counters, that are sum over
[2026-04-03T03:07:13.150+0600][911.776s][info][gc,stats       ] all workers. Dividing the <total> over the root stage time estimates parallelism.
[2026-04-03T03:07:13.150+0600][911.776s][info][gc,stats       ] 
[2026-04-03T03:07:13.150+0600][911.776s][info][gc,stats       ] Pause Full GC (G)               4636200 us
[2026-04-03T03:07:13.150+0600][911.776s][info][gc,stats       ] Pause Full GC (N)               4635979 us
[2026-04-03T03:07:13.150+0600][911.776s][info][gc,stats       ]   Pre Heap Dump                       1 us
[2026-04-03T03:07:13.150+0600][911.776s][info][gc,stats       ]   Prepare                           217 us
[2026-04-03T03:07:13.150+0600][911.776s][info][gc,stats       ]   Mark                          4365045 us, parallelism: 6.00x
[2026-04-03T03:07:13.150+0600][911.776s][info][gc,stats       ]     FM: <total>                26169457 us
[2026-04-03T03:07:13.150+0600][911.776s][info][gc,stats       ]     FM: Thread Roots                554 us, workers (us): 134, 104,  83,  90,  81,  62, 
[2026-04-03T03:07:13.150+0600][911.776s][info][gc,stats       ]     FM: VM Strong Roots              18 us, workers (us):   0,   3,   3,   3,   5,   3, 
[2026-04-03T03:07:13.150+0600][911.776s][info][gc,stats       ]     FM: CLDG Roots                  211 us, workers (us): 104,   7,  27,  20,  26,  26, 
[2026-04-03T03:07:13.150+0600][911.776s][info][gc,stats       ]     FM: Parallel Mark          26168674 us, workers (us): 4361378, 4361552, 4361460, 4361422, 4361315, 4361547, 
[2026-04-03T03:07:13.150+0600][911.776s][info][gc,stats       ]     System Purge                   2379 us
[2026-04-03T03:07:13.150+0600][911.776s][info][gc,stats       ]       Weak References               506 us, parallelism: 0.91x
[2026-04-03T03:07:13.150+0600][911.776s][info][gc,stats       ]         WRP: <total>                462 us
[2026-04-03T03:07:13.150+0600][911.776s][info][gc,stats       ]         WRP: Weak References        462 us, workers (us): 240,  49, 173,   0,   0,   0, 
[2026-04-03T03:07:13.150+0600][911.776s][info][gc,stats       ]       Unload Classes               1579 us, parallelism: 4.80x
[2026-04-03T03:07:13.150+0600][911.776s][info][gc,stats       ]         CU: <total>                7586 us
[2026-04-03T03:07:13.150+0600][911.776s][info][gc,stats       ]         CU: Unload Code Caches     7586 us, workers (us): 1321, 1315, 1265, 1234, 1227, 1225, 
[2026-04-03T03:07:13.150+0600][911.776s][info][gc,stats       ]       Weak Roots                    257 us, parallelism: 2.05x
[2026-04-03T03:07:13.150+0600][911.776s][info][gc,stats       ]         WR: <total>                 527 us
[2026-04-03T03:07:13.150+0600][911.776s][info][gc,stats       ]         WR: VM Weak Roots           527 us, workers (us): 139, 123, 109,  77,  53,  27, 
[2026-04-03T03:07:13.150+0600][911.776s][info][gc,stats       ]       CLDG                            2 us
[2026-04-03T03:07:13.150+0600][911.776s][info][gc,stats       ]   Calculate Addresses             81786 us
[2026-04-03T03:07:13.150+0600][911.776s][info][gc,stats       ]     Regular Objects               81687 us
[2026-04-03T03:07:13.150+0600][911.776s][info][gc,stats       ]     Humongous Objects                30 us
[2026-04-03T03:07:13.150+0600][911.776s][info][gc,stats       ]   Adjust Pointers                101240 us
[2026-04-03T03:07:13.150+0600][911.776s][info][gc,stats       ]     FA: <total>                    7940 us
[2026-04-03T03:07:13.150+0600][911.776s][info][gc,stats       ]     FA: Thread Roots                544 us, workers (us):  84,  98, 168,  27,   5, 163, 
[2026-04-03T03:07:13.150+0600][911.776s][info][gc,stats       ]     FA: Code Cache Roots           6155 us, workers (us): 1066, 1047, 875, 1121, 1074, 972, 
[2026-04-03T03:07:13.150+0600][911.776s][info][gc,stats       ]     FA: VM Strong Roots              18 us, workers (us):  14,   1,   1,   0,   1,   1, 
[2026-04-03T03:07:13.150+0600][911.776s][info][gc,stats       ]     FA: VM Weak Roots               626 us, workers (us): 153, 118, 115,  97,  73,  69, 
[2026-04-03T03:07:13.150+0600][911.776s][info][gc,stats       ]     FA: CLDG Roots                  597 us, workers (us):  70,  70, 173,  67, 135,  82, 
[2026-04-03T03:07:13.150+0600][911.776s][info][gc,stats       ]   Copy Objects                    87162 us
[2026-04-03T03:07:13.150+0600][911.776s][info][gc,stats       ]     Regular Objects               86174 us
[2026-04-03T03:07:13.150+0600][911.776s][info][gc,stats       ]     Humongous Objects                23 us
[2026-04-03T03:07:13.150+0600][911.776s][info][gc,stats       ]     Reset Complete Bitmap           731 us
[2026-04-03T03:07:13.150+0600][911.776s][info][gc,stats       ]     Rebuild Region Sets             232 us
[2026-04-03T03:07:13.150+0600][911.776s][info][gc,stats       ]   Post Heap Dump                      1 us
[2026-04-03T03:07:13.150+0600][911.776s][info][gc,stats       ] 
[2026-04-03T03:07:13.150+0600][911.776s][info][gc,stats       ] Allocation pacing accrued:
[2026-04-03T03:07:13.150+0600][911.776s][info][gc,stats       ]       0 of  4638 ms (  0.0%): <total>
[2026-04-03T03:07:13.150+0600][911.776s][info][gc,stats       ]       0 of  4638 ms (  0.0%): <average total>
[2026-04-03T03:07:13.150+0600][911.776s][info][gc,stats       ] 
[2026-04-03T03:07:13.150+0600][911.776s][info][gc,metaspace   ] Metaspace: 49757K(50240K)->49757K(50240K) NonClass: 43540K(43840K)->43540K(43840K) Class: 6216K(6400K)->6216K(6400K)
[2026-04-03T03:07:13.150+0600][911.776s][info][gc,ergo        ] Pacer for Idle. Initial: 10240K, Alloc Tax Rate: 1.0x
[2026-04-03T03:07:13.150+0600][911.776s][info][gc             ] Failed to allocate TLAB, 4760B
[2026-04-03T03:07:13.150+0600][911.776s][info][gc             ] Cancelling GC: Allocation Failure
[2026-04-03T03:07:13.152+0600][911.778s][info][gc             ] Trigger: Handle Allocation Failure
[2026-04-03T03:07:13.152+0600][911.778s][info][gc,ergo        ] Free: 0B, Max: 0B regular, 0B humongous, Frag: 0% external, 0% internal; Reserve: 11520K, Max: 256K
[2026-04-03T03:07:13.152+0600][911.778s][info][gc,start       ] GC(133) Pause Degenerated GC (Outside of Cycle)
[2026-04-03T03:07:13.152+0600][911.778s][info][gc,task        ] GC(133) Using 6 of 6 workers for stw degenerated gc
[2026-04-03T03:07:13.152+0600][911.779s][info][gc,ref         ] GC(133) Clearing All SoftReferences
[2026-04-03T03:07:17.505+0600][916.131s][info][gc,ref         ] GC(133) Encountered references: Soft: 2445, Weak: 2772, Final: 74, Phantom: 585
[2026-04-03T03:07:17.505+0600][916.131s][info][gc,ref         ] GC(133) Discovered  references: Soft: 239, Weak: 1556, Final: 67, Phantom: 580
[2026-04-03T03:07:17.505+0600][916.131s][info][gc,ref         ] GC(133) Enqueued    references: Soft: 0, Weak: 0, Final: 0, Phantom: 0
[2026-04-03T03:07:17.507+0600][916.133s][info][gc,ergo        ] GC(133) Adaptive CSet Selection. Target Free: 72533K, Actual Free: 11520K, Max CSet: 21333K, Min Garbage: 61013K
[2026-04-03T03:07:17.507+0600][916.133s][info][gc,ergo        ] GC(133) Collectable Garbage: 32776B (100%), Immediate: 0B (0%), CSet: 32776B (100%)
[2026-04-03T03:07:17.511+0600][916.137s][info][gc             ] GC(133) Cancelling GC: Allocation Failure During Evacuation
[2026-04-03T03:07:17.512+0600][916.139s][info][gc             ] GC(133) Cannot finish degeneration, upgrading to Full GC
[2026-04-03T03:07:17.515+0600][916.141s][info][gc,phases,start] GC(133) Phase 1: Mark live objects
[2026-04-03T03:07:17.515+0600][916.141s][info][gc,ref         ] GC(133) Clearing All SoftReferences
[2026-04-03T03:07:17.515+0600][916.142s][info][gc,ref         ] GC(133) Clearing All SoftReferences
[2026-04-03T03:07:21.740+0600][920.367s][info][gc,ref         ] GC(133) Encountered references: Soft: 2445, Weak: 2772, Final: 74, Phantom: 585
[2026-04-03T03:07:21.740+0600][920.367s][info][gc,ref         ] GC(133) Discovered  references: Soft: 240, Weak: 1495, Final: 67, Phantom: 581
[2026-04-03T03:07:21.740+0600][920.367s][info][gc,ref         ] GC(133) Enqueued    references: Soft: 0, Weak: 0, Final: 0, Phantom: 0
[2026-04-03T03:07:21.742+0600][920.369s][info][gc,phases      ] GC(133) Phase 1: Mark live objects 4227.396ms
[2026-04-03T03:07:21.743+0600][920.369s][info][gc,phases,start] GC(133) Phase 2: Compute new object addresses
[2026-04-03T03:07:21.826+0600][920.452s][info][gc,phases      ] GC(133) Phase 2: Compute new object addresses 83.352ms
[2026-04-03T03:07:21.826+0600][920.452s][info][gc,phases,start] GC(133) Phase 3: Adjust pointers
[2026-04-03T03:07:21.926+0600][920.552s][info][gc,phases      ] GC(133) Phase 3: Adjust pointers 99.930ms
[2026-04-03T03:07:21.926+0600][920.552s][info][gc,phases,start] GC(133) Phase 4: Move objects
[2026-04-03T03:07:22.022+0600][920.648s][info][gc,phases      ] GC(133) Phase 4: Move objects 95.934ms
[2026-04-03T03:07:22.022+0600][920.648s][info][gc,ergo        ] GC(133) Bad progress for free space: 314K, need 5120K
[2026-04-03T03:07:22.022+0600][920.648s][info][gc             ] GC(133) Pause Degenerated GC (Outside of Cycle) 487M->487M(500M) 8870.160ms
[2026-04-03T03:07:22.022+0600][920.649s][info][gc,ergo        ] Free: 282K, Max: 232K regular, 0B humongous, Frag: 0% external, 99% internal; Reserve: 11264K, Max: 256K
[2026-04-03T03:07:22.022+0600][920.649s][info][gc,stats       ] 
[2026-04-03T03:07:22.022+0600][920.649s][info][gc,stats       ] All times are wall-clock times, except per-root-class counters, that are sum over
[2026-04-03T03:07:22.022+0600][920.649s][info][gc,stats       ] all workers. Dividing the <total> over the root stage time estimates parallelism.
[2026-04-03T03:07:22.022+0600][920.649s][info][gc,stats       ] 
[2026-04-03T03:07:22.022+0600][920.649s][info][gc,stats       ] Pause Degenerated GC (G)        8870319 us
[2026-04-03T03:07:22.022+0600][920.649s][info][gc,stats       ] Pause Degenerated GC (N)        8870170 us
[2026-04-03T03:07:22.022+0600][920.649s][info][gc,stats       ]   Degen STW Mark                4352048 us, parallelism: 6.00x
[2026-04-03T03:07:22.022+0600][920.649s][info][gc,stats       ]     DSM: <total>               26105749 us
[2026-04-03T03:07:22.022+0600][920.649s][info][gc,stats       ]     DSM: Thread Roots               642 us, workers (us): 153, 105, 112, 115,  78,  78, 
[2026-04-03T03:07:22.022+0600][920.649s][info][gc,stats       ]     DSM: VM Strong Roots             22 us, workers (us):   0,   6,   5,   0,   5,   5, 
[2026-04-03T03:07:22.022+0600][920.649s][info][gc,stats       ]     DSM: CLDG Roots                 274 us, workers (us): 128,  34,  28,  16,  34,  34, 
[2026-04-03T03:07:22.022+0600][920.649s][info][gc,stats       ]     DSM: Parallel Mark         26104810 us, workers (us): 4350716, 4350798, 4350963, 4350789, 4350613, 4350932, 
[2026-04-03T03:07:22.022+0600][920.649s][info][gc,stats       ]     System Purge                   2586 us
[2026-04-03T03:07:22.022+0600][920.649s][info][gc,stats       ]       Weak References               539 us, parallelism: 0.88x
[2026-04-03T03:07:22.022+0600][920.649s][info][gc,stats       ]         WRP: <total>                477 us
[2026-04-03T03:07:22.022+0600][920.649s][info][gc,stats       ]         WRP: Weak References        477 us, workers (us): 306,  59, 112,   0,   0,   0, 
[2026-04-03T03:07:22.023+0600][920.649s][info][gc,stats       ]       Unload Classes               1811 us, parallelism: 4.75x
[2026-04-03T03:07:22.023+0600][920.649s][info][gc,stats       ]         DCU: <total>               8596 us
[2026-04-03T03:07:22.023+0600][920.649s][info][gc,stats       ]         DCU: Unload Code Caches     8596 us, workers (us): 1492, 1437, 1438, 1409, 1396, 1424, 
[2026-04-03T03:07:22.023+0600][920.649s][info][gc,stats       ]       Weak Roots                    220 us, parallelism: 2.62x
[2026-04-03T03:07:22.023+0600][920.649s][info][gc,stats       ]         DWR: <total>                577 us
[2026-04-03T03:07:22.023+0600][920.649s][info][gc,stats       ]         DWR: VM Weak Roots          577 us, workers (us): 162, 120, 102,  94,  50,  48, 
[2026-04-03T03:07:22.023+0600][920.649s][info][gc,stats       ]       CLDG                            3 us
[2026-04-03T03:07:22.023+0600][920.649s][info][gc,stats       ]   Update Region States               23 us
[2026-04-03T03:07:22.023+0600][920.649s][info][gc,stats       ]   Manage GC/TLABs                     9 us
[2026-04-03T03:07:22.023+0600][920.649s][info][gc,stats       ]   Choose Collection Set             188 us
[2026-04-03T03:07:22.023+0600][920.649s][info][gc,stats       ]   Rebuild Free Set                   43 us
[2026-04-03T03:07:22.023+0600][920.649s][info][gc,stats       ]   Evacuation                       4871 us
[2026-04-03T03:07:22.023+0600][920.649s][info][gc,stats       ]   Pre Heap Dump                       1 us
[2026-04-03T03:07:22.023+0600][920.649s][info][gc,stats       ]   Prepare                          2666 us
[2026-04-03T03:07:22.023+0600][920.649s][info][gc,stats       ]     Update Roots                   1680 us, parallelism: 5.05x
[2026-04-03T03:07:22.023+0600][920.649s][info][gc,stats       ]       FU: <total>                  8479 us
[2026-04-03T03:07:22.023+0600][920.649s][info][gc,stats       ]       FU: Thread Roots              548 us, workers (us):  13,   3,  84, 214, 101, 133, 
[2026-04-03T03:07:22.023+0600][920.649s][info][gc,stats       ]       FU: Code Cache Roots         6772 us, workers (us): 1224, 1227, 1142, 1016, 1075, 1089, 
[2026-04-03T03:07:22.023+0600][920.649s][info][gc,stats       ]       FU: VM Strong Roots            14 us, workers (us):   9,   1,   1,   1,   1,   1, 
[2026-04-03T03:07:22.023+0600][920.649s][info][gc,stats       ]       FU: VM Weak Roots             650 us, workers (us): 171, 119, 118,  83,  79,  80, 
[2026-04-03T03:07:22.023+0600][920.649s][info][gc,stats       ]       FU: CLDG Roots                495 us, workers (us): 128,  61,  64,  61, 114,  68, 
[2026-04-03T03:07:22.023+0600][920.649s][info][gc,stats       ]   Mark                          4227351 us, parallelism: 5.99x
[2026-04-03T03:07:22.023+0600][920.649s][info][gc,stats       ]     FM: <total>                25340788 us
[2026-04-03T03:07:22.023+0600][920.649s][info][gc,stats       ]     FM: Thread Roots                678 us, workers (us): 191, 123, 115, 113,  71,  66, 
[2026-04-03T03:07:22.023+0600][920.649s][info][gc,stats       ]     FM: VM Strong Roots              26 us, workers (us):   0,   5,   5,   5,   7,   5, 
[2026-04-03T03:07:22.023+0600][920.649s][info][gc,stats       ]     FM: CLDG Roots                  319 us, workers (us): 152,  33,  32,  35,  34,  34, 
[2026-04-03T03:07:22.023+0600][920.649s][info][gc,stats       ]     FM: Parallel Mark          25339765 us, workers (us): 4223171, 4223292, 4223380, 4223379, 4223277, 4223266, 
[2026-04-03T03:07:22.023+0600][920.649s][info][gc,stats       ]     System Purge                   2601 us
[2026-04-03T03:07:22.023+0600][920.649s][info][gc,stats       ]       Weak References               540 us, parallelism: 0.95x
[2026-04-03T03:07:22.023+0600][920.649s][info][gc,stats       ]         WRP: <total>                511 us
[2026-04-03T03:07:22.023+0600][920.649s][info][gc,stats       ]         WRP: Weak References        511 us, workers (us): 245,  35,  40,  18, 173,   0, 
[2026-04-03T03:07:22.023+0600][920.649s][info][gc,stats       ]       Unload Classes               1752 us, parallelism: 4.67x
[2026-04-03T03:07:22.023+0600][920.649s][info][gc,stats       ]         CU: <total>                8185 us
[2026-04-03T03:07:22.023+0600][920.649s][info][gc,stats       ]         CU: Unload Code Caches     8185 us, workers (us): 1416, 1403, 1373, 1349, 1348, 1296, 
[2026-04-03T03:07:22.023+0600][920.649s][info][gc,stats       ]       Weak Roots                    261 us, parallelism: 2.97x
[2026-04-03T03:07:22.023+0600][920.649s][info][gc,stats       ]         WR: <total>                 776 us
[2026-04-03T03:07:22.023+0600][920.649s][info][gc,stats       ]         WR: VM Weak Roots           776 us, workers (us): 213, 151, 109, 109,  99,  96, 
[2026-04-03T03:07:22.023+0600][920.649s][info][gc,stats       ]       CLDG                            3 us
[2026-04-03T03:07:22.023+0600][920.649s][info][gc,stats       ]   Calculate Addresses             83343 us
[2026-04-03T03:07:22.023+0600][920.649s][info][gc,stats       ]     Regular Objects               83256 us
[2026-04-03T03:07:22.023+0600][920.649s][info][gc,stats       ]     Humongous Objects                31 us
[2026-04-03T03:07:22.023+0600][920.649s][info][gc,stats       ]   Adjust Pointers                 99918 us
[2026-04-03T03:07:22.023+0600][920.649s][info][gc,stats       ]     FA: <total>                    7768 us
[2026-04-03T03:07:22.023+0600][920.649s][info][gc,stats       ]     FA: Thread Roots                504 us, workers (us): 143, 102, 120,   2,  69,  67, 
[2026-04-03T03:07:22.023+0600][920.649s][info][gc,stats       ]     FA: Code Cache Roots           6014 us, workers (us): 830, 979, 948, 1304, 1009, 945, 
[2026-04-03T03:07:22.023+0600][920.649s][info][gc,stats       ]     FA: VM Strong Roots              17 us, workers (us):  13,   1,   1,   1,   1,   1, 
[2026-04-03T03:07:22.023+0600][920.649s][info][gc,stats       ]     FA: VM Weak Roots               682 us, workers (us): 164, 138, 136,  86,  87,  72, 
[2026-04-03T03:07:22.023+0600][920.649s][info][gc,stats       ]     FA: CLDG Roots                  551 us, workers (us): 169,  59,  73,  59,  61, 130, 
[2026-04-03T03:07:22.023+0600][920.649s][info][gc,stats       ]   Copy Objects                    95922 us
[2026-04-03T03:07:22.023+0600][920.649s][info][gc             ] Failed to allocate TLAB, 2656B
[2026-04-03T03:07:22.023+0600][920.649s][info][gc             ] Cancelling GC: Allocation Failure
[2026-04-03T03:07:22.023+0600][920.649s][info][gc,stats       ]     Regular Objects               95076 us
[2026-04-03T03:07:22.023+0600][920.649s][info][gc,stats       ]     Humongous Objects                19 us
[2026-04-03T03:07:22.023+0600][920.649s][info][gc,stats       ]     Reset Complete Bitmap           671 us
[2026-04-03T03:07:22.023+0600][920.649s][info][gc,stats       ]     Rebuild Region Sets             154 us
[2026-04-03T03:07:22.023+0600][920.649s][info][gc,stats       ]   Post Heap Dump                      1 us
[2026-04-03T03:07:22.023+0600][920.649s][info][gc,stats       ] 
[2026-04-03T03:07:22.023+0600][920.649s][info][gc,stats       ] Allocation pacing accrued:
[2026-04-03T03:07:22.023+0600][920.649s][info][gc,stats       ]       0 of  8873 ms (  0.0%): <total>
[2026-04-03T03:07:22.023+0600][920.649s][info][gc,stats       ]       0 of  8873 ms (  0.0%): <average total>
[2026-04-03T03:07:22.023+0600][920.649s][info][gc,stats       ] 
[2026-04-03T03:07:22.023+0600][920.649s][info][gc,metaspace   ] Metaspace: 49757K(50240K)->49758K(50240K) NonClass: 43540K(43840K)->43541K(43840K) Class: 6216K(6400K)->6216K(6400K)
[2026-04-03T03:07:22.023+0600][920.649s][info][gc,ergo        ] Pacer for Idle. Initial: 10240K, Alloc Tax Rate: 1.0x
[2026-04-03T03:07:22.024+0600][920.650s][info][gc             ] Trigger: Handle Allocation Failure
[2026-04-03T03:07:22.024+0600][920.651s][info][gc,ergo        ] Free: 0B, Max: 0B regular, 0B humongous, Frag: 0% external, 0% internal; Reserve: 11264K, Max: 256K
[2026-04-03T03:07:22.024+0600][920.651s][info][gc,start       ] GC(134) Pause Degenerated GC (Outside of Cycle)
[2026-04-03T03:07:22.024+0600][920.651s][info][gc,task        ] GC(134) Using 6 of 6 workers for stw degenerated gc
[2026-04-03T03:07:22.025+0600][920.651s][info][gc,ref         ] GC(134) Clearing All SoftReferences
[2026-04-03T03:07:26.412+0600][925.038s][info][gc,ref         ] GC(134) Encountered references: Soft: 2447, Weak: 2773, Final: 74, Phantom: 585
[2026-04-03T03:07:26.412+0600][925.038s][info][gc,ref         ] GC(134) Discovered  references: Soft: 240, Weak: 1536, Final: 74, Phantom: 578
[2026-04-03T03:07:26.412+0600][925.038s][info][gc,ref         ] GC(134) Enqueued    references: Soft: 2, Weak: 1, Final: 0, Phantom: 0
[2026-04-03T03:07:26.414+0600][925.040s][info][gc,ergo        ] GC(134) Adaptive CSet Selection. Target Free: 72533K, Actual Free: 11264K, Max CSet: 21333K, Min Garbage: 61269K
[2026-04-03T03:07:26.414+0600][925.040s][info][gc,ergo        ] GC(134) Collectable Garbage: 91104B (100%), Immediate: 0B (0%), CSet: 91104B (100%)
[2026-04-03T03:07:26.417+0600][925.044s][info][gc             ] GC(134) Cancelling GC: Allocation Failure During Evacuation
[2026-04-03T03:07:26.419+0600][925.045s][info][gc             ] GC(134) Cannot finish degeneration, upgrading to Full GC
[2026-04-03T03:07:26.422+0600][925.048s][info][gc,phases,start] GC(134) Phase 1: Mark live objects
[2026-04-03T03:07:26.422+0600][925.048s][info][gc,ref         ] GC(134) Clearing All SoftReferences
[2026-04-03T03:07:26.422+0600][925.048s][info][gc,ref         ] GC(134) Clearing All SoftReferences
[2026-04-03T03:07:30.356+0600][928.983s][info][gc,ref         ] GC(134) Encountered references: Soft: 2445, Weak: 2772, Final: 74, Phantom: 585
[2026-04-03T03:07:30.356+0600][928.983s][info][gc,ref         ] GC(134) Discovered  references: Soft: 239, Weak: 1894, Final: 58, Phantom: 581
[2026-04-03T03:07:30.356+0600][928.983s][info][gc,ref         ] GC(134) Enqueued    references: Soft: 0, Weak: 0, Final: 0, Phantom: 0
[2026-04-03T03:07:30.358+0600][928.985s][info][gc,phases      ] GC(134) Phase 1: Mark live objects 3936.390ms
[2026-04-03T03:07:30.380+0600][929.006s][info][gc,phases,start] GC(134) Phase 2: Compute new object addresses
[2026-04-03T03:07:30.466+0600][929.092s][info][gc,phases      ] GC(134) Phase 2: Compute new object addresses 86.477ms
[2026-04-03T03:07:30.466+0600][929.092s][info][gc,phases,start] GC(134) Phase 3: Adjust pointers
[2026-04-03T03:07:30.567+0600][929.193s][info][gc,phases      ] GC(134) Phase 3: Adjust pointers 101.012ms
[2026-04-03T03:07:30.567+0600][929.194s][info][gc,phases,start] GC(134) Phase 4: Move objects
[2026-04-03T03:07:30.659+0600][929.286s][info][gc,phases      ] GC(134) Phase 4: Move objects 92.050ms
[2026-04-03T03:07:30.660+0600][929.286s][info][gc,ergo        ] GC(134) Bad progress for free space: 379K, need 5120K
[2026-04-03T03:07:30.660+0600][929.286s][info][gc             ] GC(134) Pause Degenerated GC (Outside of Cycle) 487M->487M(500M) 8635.404ms
[2026-04-03T03:07:30.660+0600][929.286s][info][gc,ergo        ] Free: 379K, Max: 213K regular, 0B humongous, Frag: 0% external, 99% internal; Reserve: 11008K, Max: 256K
[2026-04-03T03:07:30.660+0600][929.286s][info][gc,stats       ] 
[2026-04-03T03:07:30.660+0600][929.286s][info][gc,stats       ] All times are wall-clock times, except per-root-class counters, that are sum over
[2026-04-03T03:07:30.660+0600][929.286s][info][gc,stats       ] all workers. Dividing the <total> over the root stage time estimates parallelism.
[2026-04-03T03:07:30.660+0600][929.286s][info][gc,stats       ] 
[2026-04-03T03:07:30.660+0600][929.286s][info][gc,stats       ] Pause Degenerated GC (G)        8635757 us
[2026-04-03T03:07:30.660+0600][929.286s][info][gc,stats       ] Pause Degenerated GC (N)        8635438 us
[2026-04-03T03:07:30.660+0600][929.287s][info][gc,stats       ]   Degen STW Mark                4386754 us, parallelism: 6.00x
[2026-04-03T03:07:30.660+0600][929.287s][info][gc,stats       ]     DSM: <total>               26314752 us
[2026-04-03T03:07:30.660+0600][929.287s][info][gc,stats       ]     DSM: Thread Roots               637 us, workers (us): 134,  97,  81,  77, 102, 144, 
[2026-04-03T03:07:30.660+0600][929.287s][info][gc,stats       ]     DSM: VM Strong Roots             18 us, workers (us):   0,   5,   5,   5,   2,   0, 
[2026-04-03T03:07:30.660+0600][929.287s][info][gc,stats       ]     DSM: CLDG Roots                 212 us, workers (us): 111,  29,  27,  26,   5,  14, 
[2026-04-03T03:07:30.660+0600][929.287s][info][gc,stats       ]     DSM: Parallel Mark         26313885 us, workers (us): 4385609, 4385686, 4385761, 4385456, 4385758, 4385616, 
[2026-04-03T03:07:30.660+0600][929.287s][info][gc,stats       ]     System Purge                   2361 us
[2026-04-03T03:07:30.660+0600][929.287s][info][gc,stats       ]       Weak References               476 us, parallelism: 1.27x
[2026-04-03T03:07:30.660+0600][929.287s][info][gc,stats       ]         WRP: <total>                603 us
[2026-04-03T03:07:30.660+0600][929.287s][info][gc,stats       ]         WRP: Weak References        603 us, workers (us): 295,  83, 208,  16,   0,   0, 
[2026-04-03T03:07:30.660+0600][929.287s][info][gc,stats       ]       Unload Classes               1600 us, parallelism: 4.90x
[2026-04-03T03:07:30.660+0600][929.287s][info][gc,stats       ]         DCU: <total>               7835 us
[2026-04-03T03:07:30.660+0600][929.287s][info][gc,stats       ]         DCU: Unload Code Caches     7835 us, workers (us): 1375, 1295, 1304, 1287, 1283, 1291, 
[2026-04-03T03:07:30.660+0600][929.287s][info][gc,stats       ]       Weak Roots                    190 us, parallelism: 2.76x
[2026-04-03T03:07:30.660+0600][929.287s][info][gc,stats       ]         DWR: <total>                526 us
[2026-04-03T03:07:30.660+0600][929.287s][info][gc,stats       ]         DWR: VM Weak Roots          526 us, workers (us): 147, 142,  79,  80,  39,  38, 
[2026-04-03T03:07:30.660+0600][929.287s][info][gc,stats       ]       CLDG                            2 us
[2026-04-03T03:07:30.660+0600][929.287s][info][gc,stats       ]   Update Region States               23 us
[2026-04-03T03:07:30.660+0600][929.287s][info][gc,stats       ]   Manage GC/TLABs                     8 us
[2026-04-03T03:07:30.660+0600][929.287s][info][gc,stats       ]   Choose Collection Set             182 us
[2026-04-03T03:07:30.660+0600][929.287s][info][gc,stats       ]   Rebuild Free Set                   38 us
[2026-04-03T03:07:30.660+0600][929.287s][info][gc,stats       ]   Evacuation                       4658 us
[2026-04-03T03:07:30.660+0600][929.287s][info][gc,stats       ]   Pre Heap Dump                       1 us
[2026-04-03T03:07:30.660+0600][929.287s][info][gc,stats       ]   Prepare                          2811 us
[2026-04-03T03:07:30.660+0600][929.287s][info][gc,stats       ]     Update Roots                   1798 us, parallelism: 5.19x
[2026-04-03T03:07:30.660+0600][929.287s][info][gc,stats       ]       FU: <total>                  9333 us
[2026-04-03T03:07:30.660+0600][929.287s][info][gc,stats       ]       FU: Thread Roots              651 us, workers (us):  34, 191,   3,   5, 202, 215, 
[2026-04-03T03:07:30.660+0600][929.287s][info][gc,stats       ]       FU: Code Cache Roots         7355 us, workers (us): 1332, 1116, 1267, 1365, 1147, 1129, 
[2026-04-03T03:07:30.660+0600][929.287s][info][gc,stats       ]       FU: VM Strong Roots            17 us, workers (us):   9,   5,   1,   1,   1,   1, 
[2026-04-03T03:07:30.660+0600][929.287s][info][gc,stats       ]       FU: VM Weak Roots             683 us, workers (us): 191, 190,  88,  90,  61,  62, 
[2026-04-03T03:07:30.660+0600][929.287s][info][gc,stats       ]       FU: CLDG Roots                627 us, workers (us):  77, 126, 186,  79,  77,  82, 
[2026-04-03T03:07:30.660+0600][929.287s][info][gc,stats       ]   Mark                          3936280 us, parallelism: 5.99x
[2026-04-03T03:07:30.660+0600][929.287s][info][gc,stats       ]     FM: <total>                23595601 us
[2026-04-03T03:07:30.660+0600][929.287s][info][gc,stats       ]     FM: Thread Roots                798 us, workers (us): 197, 171, 132, 111,  80, 107, 
[2026-04-03T03:07:30.660+0600][929.287s][info][gc,stats       ]     FM: VM Strong Roots              21 us, workers (us):   6,   1,   0,   8,   6,   0, 
[2026-04-03T03:07:30.660+0600][929.287s][info][gc,stats       ]     FM: CLDG Roots                  325 us, workers (us):  38,   8, 183,  38,  38,  21, 
[2026-04-03T03:07:30.660+0600][929.287s][info][gc,stats       ]     FM: Parallel Mark          23594457 us, workers (us): 3932419, 3932393, 3932026, 3932410, 3932607, 3932602, 
[2026-04-03T03:07:30.660+0600][929.287s][info][gc,stats       ]     System Purge                   2456 us
[2026-04-03T03:07:30.660+0600][929.287s][info][gc,stats       ]       Weak References               508 us, parallelism: 0.88x
[2026-04-03T03:07:30.660+0600][929.287s][info][gc,stats       ]         WRP: <total>                446 us
[2026-04-03T03:07:30.660+0600][929.287s][info][gc,stats       ]         WRP: Weak References        446 us, workers (us):  90,  73, 281,   1,   0,   1, 
[2026-04-03T03:07:30.660+0600][929.287s][info][gc,stats       ]       Unload Classes               1664 us, parallelism: 5.47x
[2026-04-03T03:07:30.660+0600][929.287s][info][gc,stats       ]         CU: <total>                9098 us
[2026-04-03T03:07:30.660+0600][929.287s][info][gc,stats       ]         CU: Unload Code Caches     9098 us, workers (us): 1518, 1524, 1526, 1544, 1540, 1445, 
[2026-04-03T03:07:30.660+0600][929.287s][info][gc,stats       ]       Weak Roots                    234 us, parallelism: 3.70x
[2026-04-03T03:07:30.660+0600][929.287s][info][gc,stats       ]         WR: <total>                 866 us
[2026-04-03T03:07:30.660+0600][929.287s][info][gc,stats       ]         WR: VM Weak Roots           866 us, workers (us): 183, 161, 153, 146, 137,  87, 
[2026-04-03T03:07:30.660+0600][929.287s][info][gc,stats       ]       CLDG                            3 us
[2026-04-03T03:07:30.660+0600][929.287s][info][gc,stats       ]   Calculate Addresses             86446 us
[2026-04-03T03:07:30.660+0600][929.287s][info][gc,stats       ]     Regular Objects               86359 us
[2026-04-03T03:07:30.660+0600][929.287s][info][gc,stats       ]     Humongous Objects                35 us
[2026-04-03T03:07:30.660+0600][929.287s][info][gc,stats       ]   Adjust Pointers                100992 us
[2026-04-03T03:07:30.660+0600][929.287s][info][gc,stats       ]     FA: <total>                    7995 us
[2026-04-03T03:07:30.661+0600][929.287s][info][gc,stats       ]     FA: Thread Roots                495 us, workers (us):  94, 171, 212,   3,   6,   8, 
[2026-04-03T03:07:30.661+0600][929.287s][info][gc,stats       ]     FA: Code Cache Roots           6079 us, workers (us): 964, 896, 856, 1066, 1024, 1273, 
[2026-04-03T03:07:30.661+0600][929.287s][info][gc,stats       ]     FA: VM Strong Roots              23 us, workers (us):  11,   9,   1,   1,   1,   1, 
[2026-04-03T03:07:30.661+0600][929.287s][info][gc,stats       ]     FA: VM Weak Roots               673 us, workers (us): 169, 170, 142,  68,  71,  53, 
[2026-04-03T03:07:30.661+0600][929.287s][info][gc,stats       ]     FA: CLDG Roots                  725 us, workers (us):  87,  76,  75,  74, 240, 174, 
[2026-04-03T03:07:30.661+0600][929.287s][info][gc,stats       ]   Copy Objects                    92030 us
[2026-04-03T03:07:30.661+0600][929.287s][info][gc,stats       ]     Regular Objects               90978 us
[2026-04-03T03:07:30.661+0600][929.287s][info][gc,stats       ]     Humongous Objects                22 us
[2026-04-03T03:07:30.661+0600][929.287s][info][gc,stats       ]     Reset Complete Bitmap           775 us
[2026-04-03T03:07:30.661+0600][929.287s][info][gc,stats       ]     Rebuild Region Sets             251 us
[2026-04-03T03:07:30.661+0600][929.287s][info][gc,stats       ]   Post Heap Dump                      1 us
[2026-04-03T03:07:30.661+0600][929.287s][info][gc,stats       ] 
[2026-04-03T03:07:30.661+0600][929.287s][info][gc,stats       ] Allocation pacing accrued:
[2026-04-03T03:07:30.661+0600][929.287s][info][gc,stats       ]       0 of  8638 ms (  0.0%): <total>
[2026-04-03T03:07:30.661+0600][929.287s][info][gc,stats       ]       0 of  8638 ms (  0.0%): <average total>
[2026-04-03T03:07:30.661+0600][929.287s][info][gc,stats       ] 
[2026-04-03T03:07:30.661+0600][929.287s][info][gc,metaspace   ] Metaspace: 49758K(50240K)->49759K(50240K) NonClass: 43542K(43840K)->43543K(43840K) Class: 6216K(6400K)->6216K(6400K)
[2026-04-03T03:07:30.661+0600][929.287s][info][gc,ergo        ] Pacer for Idle. Initial: 10240K, Alloc Tax Rate: 1.0x
[2026-04-03T03:07:30.661+0600][929.287s][info][gc             ] Failed to allocate TLAB, 2656B
[2026-04-03T03:07:30.661+0600][929.287s][info][gc             ] Cancelling GC: Allocation Failure
[2026-04-03T03:07:30.662+0600][929.288s][info][gc             ] Trigger: Handle Allocation Failure
[2026-04-03T03:07:30.662+0600][929.288s][info][gc,ergo        ] Free: 0B, Max: 0B regular, 0B humongous, Frag: 0% external, 0% internal; Reserve: 11008K, Max: 256K
[2026-04-03T03:07:30.662+0600][929.288s][info][gc,start       ] GC(135) Pause Degenerated GC (Outside of Cycle)
[2026-04-03T03:07:30.662+0600][929.288s][info][gc,task        ] GC(135) Using 6 of 6 workers for stw degenerated gc
[2026-04-03T03:07:30.662+0600][929.288s][info][gc,ref         ] GC(135) Clearing All SoftReferences
[2026-04-03T03:07:35.053+0600][933.679s][info][gc,ref         ] GC(135) Encountered references: Soft: 2445, Weak: 2772, Final: 74, Phantom: 585
[2026-04-03T03:07:35.053+0600][933.679s][info][gc,ref         ] GC(135) Discovered  references: Soft: 246, Weak: 1869, Final: 67, Phantom: 581
[2026-04-03T03:07:35.053+0600][933.679s][info][gc,ref         ] GC(135) Enqueued    references: Soft: 0, Weak: 0, Final: 0, Phantom: 0
[2026-04-03T03:07:35.055+0600][933.681s][info][gc,ergo        ] GC(135) Adaptive CSet Selection. Target Free: 72533K, Actual Free: 11008K, Max CSet: 21333K, Min Garbage: 61525K
[2026-04-03T03:07:35.055+0600][933.681s][info][gc,ergo        ] GC(135) Collectable Garbage: 117K (100%), Immediate: 0B (0%), CSet: 117K (100%)
[2026-04-03T03:07:35.058+0600][933.684s][info][gc             ] GC(135) Cancelling GC: Allocation Failure During Evacuation
[2026-04-03T03:07:35.060+0600][933.686s][info][gc             ] GC(135) Cannot finish degeneration, upgrading to Full GC
[2026-04-03T03:07:35.063+0600][933.689s][info][gc,phases,start] GC(135) Phase 1: Mark live objects
[2026-04-03T03:07:35.063+0600][933.689s][info][gc,ref         ] GC(135) Clearing All SoftReferences
[2026-04-03T03:07:35.063+0600][933.689s][info][gc,ref         ] GC(135) Clearing All SoftReferences
[2026-04-03T03:07:39.118+0600][937.744s][info][gc,ref         ] GC(135) Encountered references: Soft: 2445, Weak: 2772, Final: 74, Phantom: 585
[2026-04-03T03:07:39.118+0600][937.744s][info][gc,ref         ] GC(135) Discovered  references: Soft: 239, Weak: 1251, Final: 74, Phantom: 580
[2026-04-03T03:07:39.118+0600][937.744s][info][gc,ref         ] GC(135) Enqueued    references: Soft: 0, Weak: 0, Final: 0, Phantom: 0
[2026-04-03T03:07:39.120+0600][937.746s][info][gc,phases      ] GC(135) Phase 1: Mark live objects 4057.168ms
[2026-04-03T03:07:39.120+0600][937.746s][info][gc,phases,start] GC(135) Phase 2: Compute new object addresses
[2026-04-03T03:07:39.203+0600][937.829s][info][gc,phases      ] GC(135) Phase 2: Compute new object addresses 83.265ms
[2026-04-03T03:07:39.203+0600][937.830s][info][gc,phases,start] GC(135) Phase 3: Adjust pointers
[2026-04-03T03:07:39.303+0600][937.929s][info][gc,phases      ] GC(135) Phase 3: Adjust pointers 99.687ms
[2026-04-03T03:07:39.303+0600][937.929s][info][gc,phases,start] GC(135) Phase 4: Move objects
[2026-04-03T03:07:39.397+0600][938.024s][info][gc,phases      ] GC(135) Phase 4: Move objects 94.493ms
[2026-04-03T03:07:39.398+0600][938.024s][info][gc,ergo        ] GC(135) Bad progress for free space: 149K, need 5120K
[2026-04-03T03:07:39.398+0600][938.024s][info][gc             ] GC(135) Pause Degenerated GC (Outside of Cycle) 488M->487M(500M) 8736.110ms
[2026-04-03T03:07:39.398+0600][938.024s][info][gc,ergo        ] Free: 149K, Max: 63496B regular, 0B humongous, Frag: 0% external, 99% internal; Reserve: 11008K, Max: 256K
[2026-04-03T03:07:39.398+0600][938.025s][info][gc,stats       ] 
[2026-04-03T03:07:39.398+0600][938.025s][info][gc,stats       ] All times are wall-clock times, except per-root-class counters, that are sum over
[2026-04-03T03:07:39.398+0600][938.025s][info][gc,stats       ] all workers. Dividing the <total> over the root stage time estimates parallelism.
[2026-04-03T03:07:39.398+0600][938.025s][info][gc,stats       ] 
[2026-04-03T03:07:39.398+0600][938.025s][info][gc,stats       ] Pause Degenerated GC (G)        8736259 us
[2026-04-03T03:07:39.398+0600][938.025s][info][gc,stats       ] Pause Degenerated GC (N)        8736123 us
[2026-04-03T03:07:39.398+0600][938.025s][info][gc,stats       ]   Degen STW Mark                4390085 us, parallelism: 6.00x
[2026-04-03T03:07:39.398+0600][938.025s][info][gc,stats       ]     DSM: <total>               26334514 us
[2026-04-03T03:07:39.398+0600][938.025s][info][gc,stats       ]     DSM: Thread Roots               608 us, workers (us): 121, 115, 141, 105,  64,  61, 
[2026-04-03T03:07:39.398+0600][938.025s][info][gc,stats       ]     DSM: VM Strong Roots             17 us, workers (us):   3,   3,   3,   0,   3,   4, 
[2026-04-03T03:07:39.398+0600][938.025s][info][gc,stats       ]     DSM: CLDG Roots                 259 us, workers (us):  30,  30,   4, 136,  29,  30, 
[2026-04-03T03:07:39.398+0600][938.025s][info][gc,stats       ]     DSM: Parallel Mark         26333630 us, workers (us): 4388925, 4388927, 4389004, 4388903, 4388934, 4388937, 
[2026-04-03T03:07:39.398+0600][938.025s][info][gc,stats       ]     System Purge                   2451 us
[2026-04-03T03:07:39.398+0600][938.025s][info][gc,stats       ]       Weak References               538 us, parallelism: 0.93x
[2026-04-03T03:07:39.398+0600][938.025s][info][gc,stats       ]         WRP: <total>                500 us
[2026-04-03T03:07:39.398+0600][938.025s][info][gc,stats       ]         WRP: Weak References        500 us, workers (us): 145,  40, 279,  35,   0,   0, 
[2026-04-03T03:07:39.398+0600][938.025s][info][gc,stats       ]       Unload Classes               1474 us, parallelism: 5.16x
[2026-04-03T03:07:39.398+0600][938.025s][info][gc,stats       ]         DCU: <total>               7600 us
[2026-04-03T03:07:39.398+0600][938.025s][info][gc,stats       ]         DCU: Unload Code Caches     7600 us, workers (us): 1315, 1306, 1262, 1255, 1237, 1226, 
[2026-04-03T03:07:39.398+0600][938.025s][info][gc,stats       ]       Weak Roots                    324 us, parallelism: 1.74x
[2026-04-03T03:07:39.398+0600][938.025s][info][gc,stats       ]         DWR: <total>                564 us
[2026-04-03T03:07:39.398+0600][938.025s][info][gc,stats       ]         DWR: VM Weak Roots          564 us, workers (us): 164, 138, 105,  77,  52,  27, 
[2026-04-03T03:07:39.398+0600][938.025s][info][gc,stats       ]       CLDG                            3 us
[2026-04-03T03:07:39.398+0600][938.025s][info][gc,stats       ]   Update Region States               37 us
[2026-04-03T03:07:39.398+0600][938.025s][info][gc,stats       ]   Manage GC/TLABs                    11 us
[2026-04-03T03:07:39.398+0600][938.025s][info][gc,stats       ]   Choose Collection Set             247 us
[2026-04-03T03:07:39.398+0600][938.025s][info][gc,stats       ]   Rebuild Free Set                   38 us
[2026-04-03T03:07:39.398+0600][938.025s][info][gc,stats       ]   Evacuation                       4576 us
[2026-04-03T03:07:39.398+0600][938.025s][info][gc,stats       ]   Pre Heap Dump                       2 us
[2026-04-03T03:07:39.398+0600][938.025s][info][gc,stats       ]   Prepare                          2827 us
[2026-04-03T03:07:39.398+0600][938.025s][info][gc,stats       ]     Update Roots                   1698 us, parallelism: 5.16x
[2026-04-03T03:07:39.398+0600][938.025s][info][gc,stats       ]       FU: <total>                  8754 us
[2026-04-03T03:07:39.398+0600][938.025s][info][gc,stats       ]       FU: Thread Roots              576 us, workers (us):   4, 239,   4,  46,  30, 255, 
[2026-04-03T03:07:39.398+0600][938.025s][info][gc,stats       ]       FU: Code Cache Roots         7050 us, workers (us): 1319, 1039, 1317, 1199, 1146, 1030, 
[2026-04-03T03:07:39.398+0600][938.025s][info][gc,stats       ]       FU: VM Strong Roots            14 us, workers (us):  10,   1,   1,   1,   1,   1, 
[2026-04-03T03:07:39.398+0600][938.025s][info][gc,stats       ]       FU: VM Weak Roots             697 us, workers (us): 150, 145, 118, 114, 101,  69, 
[2026-04-03T03:07:39.398+0600][938.025s][info][gc,stats       ]       FU: CLDG Roots                416 us, workers (us):  45,  45,  47,  86, 148,  45, 
[2026-04-03T03:07:39.398+0600][938.025s][info][gc,stats       ]   Mark                          4057056 us, parallelism: 5.99x
[2026-04-03T03:07:39.398+0600][938.025s][info][gc,stats       ]     FM: <total>                24318652 us
[2026-04-03T03:07:39.398+0600][938.025s][info][gc,stats       ]     FM: Thread Roots                792 us, workers (us): 185, 128, 126, 122, 112, 118, 
[2026-04-03T03:07:39.398+0600][938.025s][info][gc,stats       ]     FM: VM Strong Roots              19 us, workers (us):   1,   0,  16,   1,   1,   0, 
[2026-04-03T03:07:39.398+0600][938.025s][info][gc,stats       ]     FM: CLDG Roots                  334 us, workers (us):  42, 177,   8,  42,  43,  21, 
[2026-04-03T03:07:39.398+0600][938.025s][info][gc,stats       ]     FM: Parallel Mark          24317508 us, workers (us): 4052938, 4052953, 4053106, 4052874, 4052738, 4052898, 
[2026-04-03T03:07:39.398+0600][938.025s][info][gc,stats       ]     System Purge                   2532 us
[2026-04-03T03:07:39.398+0600][938.025s][info][gc,stats       ]       Weak References               529 us, parallelism: 0.75x
[2026-04-03T03:07:39.398+0600][938.025s][info][gc,stats       ]         WRP: <total>                395 us
[2026-04-03T03:07:39.398+0600][938.025s][info][gc,stats       ]         WRP: Weak References        395 us, workers (us):  85, 201,  90,  19,   0,   0, 
[2026-04-03T03:07:39.398+0600][938.025s][info][gc,stats       ]       Unload Classes               1559 us, parallelism: 4.97x
[2026-04-03T03:07:39.398+0600][938.025s][info][gc,stats       ]         CU: <total>                7752 us
[2026-04-03T03:07:39.398+0600][938.025s][info][gc,stats       ]         CU: Unload Code Caches     7752 us, workers (us): 1309, 1310, 1279, 1283, 1281, 1290, 
[2026-04-03T03:07:39.398+0600][938.025s][info][gc,stats       ]       Weak Roots                    424 us, parallelism: 1.89x
[2026-04-03T03:07:39.398+0600][938.025s][info][gc,stats       ]         WR: <total>                 801 us
[2026-04-03T03:07:39.398+0600][938.025s][info][gc             ] Failed to allocate TLAB, 2656B
[2026-04-03T03:07:39.399+0600][938.025s][info][gc             ] Cancelling GC: Allocation Failure
[2026-04-03T03:07:39.398+0600][938.025s][info][gc,stats       ]         WR: VM Weak Roots           801 us, workers (us): 158, 150, 149, 140, 137,  66, 
[2026-04-03T03:07:39.399+0600][938.025s][info][gc,stats       ]       CLDG                            3 us
[2026-04-03T03:07:39.399+0600][938.025s][info][gc,stats       ]   Calculate Addresses             83249 us
[2026-04-03T03:07:39.399+0600][938.025s][info][gc,stats       ]     Regular Objects               83020 us
[2026-04-03T03:07:39.399+0600][938.025s][info][gc,stats       ]     Humongous Objects                34 us
[2026-04-03T03:07:39.399+0600][938.025s][info][gc,stats       ]   Adjust Pointers                 99668 us
[2026-04-03T03:07:39.399+0600][938.025s][info][gc,stats       ]     FA: <total>                    7670 us
[2026-04-03T03:07:39.399+0600][938.025s][info][gc,stats       ]     FA: Thread Roots                518 us, workers (us):   4, 199, 146,  26,   3, 140, 
[2026-04-03T03:07:39.399+0600][938.025s][info][gc,stats       ]     FA: Code Cache Roots           5794 us, workers (us): 1042, 857, 927, 1038, 1066, 864, 
[2026-04-03T03:07:39.399+0600][938.025s][info][gc,stats       ]     FA: VM Strong Roots              25 us, workers (us):  18,   1,   3,   1,   1,   1, 
[2026-04-03T03:07:39.399+0600][938.025s][info][gc,stats       ]     FA: VM Weak Roots               737 us, workers (us): 134, 134, 132, 134, 103, 100, 
[2026-04-03T03:07:39.399+0600][938.025s][info][gc,stats       ]     FA: CLDG Roots                  596 us, workers (us): 226,  70,  58,  59,  58, 124, 
[2026-04-03T03:07:39.399+0600][938.025s][info][gc,stats       ]   Copy Objects                    94476 us
[2026-04-03T03:07:39.399+0600][938.025s][info][gc,stats       ]     Regular Objects               93531 us
[2026-04-03T03:07:39.399+0600][938.025s][info][gc,stats       ]     Humongous Objects                21 us
[2026-04-03T03:07:39.399+0600][938.025s][info][gc,stats       ]     Reset Complete Bitmap           698 us
[2026-04-03T03:07:39.399+0600][938.025s][info][gc,stats       ]     Rebuild Region Sets             222 us
[2026-04-03T03:07:39.399+0600][938.025s][info][gc,stats       ]   Post Heap Dump                      1 us
[2026-04-03T03:07:39.399+0600][938.025s][info][gc,stats       ] 
[2026-04-03T03:07:39.399+0600][938.025s][info][gc,stats       ] Allocation pacing accrued:
[2026-04-03T03:07:39.399+0600][938.025s][info][gc,stats       ]       0 of  8738 ms (  0.0%): <total>
[2026-04-03T03:07:39.399+0600][938.025s][info][gc,stats       ]       0 of  8738 ms (  0.0%): <average total>
[2026-04-03T03:07:39.399+0600][938.025s][info][gc,stats       ] 
[2026-04-03T03:07:39.399+0600][938.025s][info][gc,metaspace   ] Metaspace: 49760K(50240K)->49760K(50240K) NonClass: 43543K(43840K)->43543K(43840K) Class: 6216K(6400K)->6216K(6400K)
[2026-04-03T03:07:39.399+0600][938.025s][info][gc,ergo        ] Pacer for Idle. Initial: 10240K, Alloc Tax Rate: 1.0x
[2026-04-03T03:07:39.400+0600][938.026s][info][gc             ] Trigger: Handle Allocation Failure
[2026-04-03T03:07:39.400+0600][938.026s][info][gc,ergo        ] Free: 0B, Max: 0B regular, 0B humongous, Frag: 0% external, 0% internal; Reserve: 11008K, Max: 256K
[2026-04-03T03:07:39.400+0600][938.026s][info][gc,start       ] GC(136) Pause Degenerated GC (Outside of Cycle)
[2026-04-03T03:07:39.400+0600][938.026s][info][gc,task        ] GC(136) Using 6 of 6 workers for stw degenerated gc
[2026-04-03T03:07:39.400+0600][938.027s][info][gc,ref         ] GC(136) Clearing All SoftReferences
[2026-04-03T03:07:42.680+0600][941.306s][info][gc,ref         ] GC(136) Encountered references: Soft: 2447, Weak: 2772, Final: 74, Phantom: 585
[2026-04-03T03:07:42.680+0600][941.306s][info][gc,ref         ] GC(136) Discovered  references: Soft: 241, Weak: 1907, Final: 74, Phantom: 581
[2026-04-03T03:07:42.680+0600][941.306s][info][gc,ref         ] GC(136) Enqueued    references: Soft: 2, Weak: 0, Final: 0, Phantom: 0
[2026-04-03T03:07:42.682+0600][941.309s][info][gc,ergo        ] GC(136) Adaptive CSet Selection. Target Free: 72533K, Actual Free: 11008K, Max CSet: 21333K, Min Garbage: 61525K
[2026-04-03T03:07:42.683+0600][941.309s][info][gc,ergo        ] GC(136) Collectable Garbage: 38376B (100%), Immediate: 0B (0%), CSet: 38376B (100%)
[2026-04-03T03:07:42.687+0600][941.313s][info][gc             ] GC(136) Cancelling GC: Allocation Failure During Evacuation
[2026-04-03T03:07:42.689+0600][941.315s][info][gc             ] GC(136) Cannot finish degeneration, upgrading to Full GC
[2026-04-03T03:07:42.692+0600][941.319s][info][gc,phases,start] GC(136) Phase 1: Mark live objects
[2026-04-03T03:07:42.692+0600][941.319s][info][gc,ref         ] GC(136) Clearing All SoftReferences
[2026-04-03T03:07:42.692+0600][941.319s][info][gc,ref         ] GC(136) Clearing All SoftReferences
[2026-04-03T03:07:46.300+0600][944.926s][info][gc,ref         ] GC(136) Encountered references: Soft: 2445, Weak: 2772, Final: 74, Phantom: 585
[2026-04-03T03:07:46.300+0600][944.926s][info][gc,ref         ] GC(136) Discovered  references: Soft: 233, Weak: 1524, Final: 74, Phantom: 581
[2026-04-03T03:07:46.300+0600][944.926s][info][gc,ref         ] GC(136) Enqueued    references: Soft: 0, Weak: 0, Final: 0, Phantom: 0
[2026-04-03T03:07:46.301+0600][944.928s][info][gc,phases      ] GC(136) Phase 1: Mark live objects 3608.968ms
[2026-04-03T03:07:46.323+0600][944.949s][info][gc,phases,start] GC(136) Phase 2: Compute new object addresses
[2026-04-03T03:07:46.411+0600][945.038s][info][gc,phases      ] GC(136) Phase 2: Compute new object addresses 88.099ms
[2026-04-03T03:07:46.411+0600][945.038s][info][gc,phases,start] GC(136) Phase 3: Adjust pointers
[2026-04-03T03:07:46.512+0600][945.138s][info][gc,phases      ] GC(136) Phase 3: Adjust pointers 100.754ms
[2026-04-03T03:07:46.512+0600][945.138s][info][gc,phases,start] GC(136) Phase 4: Move objects
[2026-04-03T03:07:46.607+0600][945.233s][info][gc,phases      ] GC(136) Phase 4: Move objects 94.478ms
[2026-04-03T03:07:46.607+0600][945.233s][info][gc,ergo        ] GC(136) Bad progress for free space: 73336B, need 5120K
[2026-04-03T03:07:46.607+0600][945.233s][info][gc             ] GC(136) Pause Degenerated GC (Outside of Cycle) 488M->487M(500M) 7206.823ms
[2026-04-03T03:07:46.607+0600][945.233s][info][gc,ergo        ] Free: 52624B, Max: 19056B regular, 0B humongous, Frag: 0% external, 99% internal; Reserve: 11008K, Max: 256K
[2026-04-03T03:07:46.607+0600][945.233s][info][gc,stats       ] 
[2026-04-03T03:07:46.607+0600][945.233s][info][gc,stats       ] All times are wall-clock times, except per-root-class counters, that are sum over
[2026-04-03T03:07:46.607+0600][945.233s][info][gc,stats       ] all workers. Dividing the <total> over the root stage time estimates parallelism.
[2026-04-03T03:07:46.607+0600][945.233s][info][gc,stats       ] 
[2026-04-03T03:07:46.607+0600][945.233s][info][gc,stats       ] Pause Degenerated GC (G)        7207022 us
[2026-04-03T03:07:46.607+0600][945.233s][info][gc,stats       ] Pause Degenerated GC (N)        7206831 us
[2026-04-03T03:07:46.607+0600][945.233s][info][gc,stats       ]   Degen STW Mark                3279409 us, parallelism: 6.00x
[2026-04-03T03:07:46.607+0600][945.233s][info][gc,stats       ]     DSM: <total>               19669576 us
[2026-04-03T03:07:46.607+0600][945.233s][info][gc,stats       ]     DSM: Thread Roots               637 us, workers (us): 140, 130,  92,  93,  90,  92, 
[2026-04-03T03:07:46.607+0600][945.233s][info][gc,stats       ]     DSM: VM Strong Roots             16 us, workers (us):   0,   0,   4,   0,   6,   5, 
[2026-04-03T03:07:46.607+0600][945.233s][info][gc,stats       ]     DSM: CLDG Roots                 259 us, workers (us):   6,  14,  29, 150,  31,  29, 
[2026-04-03T03:07:46.607+0600][945.233s][info][gc,stats       ]     DSM: Parallel Mark         19668665 us, workers (us): 3278232, 3278220, 3278123, 3278101, 3278166, 3277822, 
[2026-04-03T03:07:46.607+0600][945.233s][info][gc,stats       ]     System Purge                   2640 us
[2026-04-03T03:07:46.607+0600][945.233s][info][gc,stats       ]       Weak References               433 us, parallelism: 0.88x
[2026-04-03T03:07:46.607+0600][945.233s][info][gc             ] Failed to allocate TLAB, 2656B
[2026-04-03T03:07:46.607+0600][945.233s][info][gc             ] Cancelling GC: Allocation Failure
[2026-04-03T03:07:46.607+0600][945.233s][info][gc,stats       ]         WRP: <total>                381 us
[2026-04-03T03:07:46.607+0600][945.234s][info][gc,stats       ]         WRP: Weak References        381 us, workers (us): 222,  46,  17,  95,   1,   1, 
[2026-04-03T03:07:46.607+0600][945.234s][info][gc,stats       ]       Unload Classes               1866 us, parallelism: 5.03x
[2026-04-03T03:07:46.607+0600][945.234s][info][gc,stats       ]         DCU: <total>               9379 us
[2026-04-03T03:07:46.607+0600][945.234s][info][gc,stats       ]         DCU: Unload Code Caches     9379 us, workers (us): 1568, 1573, 1563, 1540, 1564, 1572, 
[2026-04-03T03:07:46.607+0600][945.234s][info][gc,stats       ]       Weak Roots                    310 us, parallelism: 1.97x
[2026-04-03T03:07:46.607+0600][945.234s][info][gc,stats       ]         DWR: <total>                612 us
[2026-04-03T03:07:46.607+0600][945.234s][info][gc,stats       ]         DWR: VM Weak Roots          612 us, workers (us): 116, 107, 104, 103,  90,  90, 
[2026-04-03T03:07:46.607+0600][945.234s][info][gc,stats       ]       CLDG                           11 us
[2026-04-03T03:07:46.607+0600][945.234s][info][gc,stats       ]   Update Region States               41 us
[2026-04-03T03:07:46.607+0600][945.234s][info][gc,stats       ]   Manage GC/TLABs                    13 us
[2026-04-03T03:07:46.607+0600][945.234s][info][gc,stats       ]   Choose Collection Set             273 us
[2026-04-03T03:07:46.607+0600][945.234s][info][gc,stats       ]   Rebuild Free Set                   60 us
[2026-04-03T03:07:46.607+0600][945.234s][info][gc,stats       ]   Evacuation                       5536 us
[2026-04-03T03:07:46.607+0600][945.234s][info][gc,stats       ]   Pre Heap Dump                       2 us
[2026-04-03T03:07:46.607+0600][945.234s][info][gc,stats       ]   Prepare                          3427 us
[2026-04-03T03:07:46.607+0600][945.234s][info][gc,stats       ]     Update Roots                   2147 us, parallelism: 4.92x
[2026-04-03T03:07:46.607+0600][945.234s][info][gc,stats       ]       FU: <total>                 10562 us
[2026-04-03T03:07:46.607+0600][945.234s][info][gc,stats       ]       FU: Thread Roots              669 us, workers (us): 284, 124, 243,  10,   5,   2, 
[2026-04-03T03:07:46.607+0600][945.234s][info][gc,stats       ]       FU: Code Cache Roots         8317 us, workers (us): 1110, 1361, 1237, 1586, 1478, 1546, 
[2026-04-03T03:07:46.607+0600][945.234s][info][gc,stats       ]       FU: VM Strong Roots            16 us, workers (us):  11,   2,   1,   1,   1,   1, 
[2026-04-03T03:07:46.607+0600][945.234s][info][gc,stats       ]       FU: VM Weak Roots             798 us, workers (us): 211, 142, 137, 106, 101, 101, 
[2026-04-03T03:07:46.607+0600][945.234s][info][gc,stats       ]       FU: CLDG Roots                760 us, workers (us): 187, 100, 101, 100, 109, 163, 
[2026-04-03T03:07:46.607+0600][945.234s][info][gc,stats       ]   Mark                          3608873 us, parallelism: 6.00x
[2026-04-03T03:07:46.607+0600][945.234s][info][gc,stats       ]     FM: <total>                21636660 us
[2026-04-03T03:07:46.607+0600][945.234s][info][gc,stats       ]     FM: Thread Roots               1040 us, workers (us): 241, 229, 135, 138, 137, 160, 
[2026-04-03T03:07:46.607+0600][945.234s][info][gc,stats       ]     FM: VM Strong Roots              30 us, workers (us):   0,   1,   8,   7,   9,   6, 
[2026-04-03T03:07:46.607+0600][945.234s][info][gc,stats       ]     FM: CLDG Roots                  367 us, workers (us): 186,  35,  46,  42,  40,  17, 
[2026-04-03T03:07:46.607+0600][945.234s][info][gc,stats       ]     FM: Parallel Mark          21635223 us, workers (us): 3605579, 3605960, 3605955, 3605925, 3605986, 3605818, 
[2026-04-03T03:07:46.607+0600][945.234s][info][gc,stats       ]     System Purge                   1719 us
[2026-04-03T03:07:46.607+0600][945.234s][info][gc,stats       ]       Weak References               256 us, parallelism: 0.96x
[2026-04-03T03:07:46.607+0600][945.234s][info][gc,stats       ]         WRP: <total>                245 us
[2026-04-03T03:07:46.607+0600][945.234s][info][gc,stats       ]         WRP: Weak References        245 us, workers (us): 138,  32,  75,   0,   0,   0, 
[2026-04-03T03:07:46.607+0600][945.234s][info][gc,stats       ]       Unload Classes               1264 us, parallelism: 5.24x
[2026-04-03T03:07:46.607+0600][945.234s][info][gc,stats       ]         CU: <total>                6627 us
[2026-04-03T03:07:46.607+0600][945.234s][info][gc,stats       ]         CU: Unload Code Caches     6627 us, workers (us): 1152, 1118, 1100, 1107, 1073, 1078, 
[2026-04-03T03:07:46.607+0600][945.234s][info][gc,stats       ]       Weak Roots                    175 us, parallelism: 3.03x
[2026-04-03T03:07:46.607+0600][945.234s][info][gc,stats       ]         WR: <total>                 531 us
[2026-04-03T03:07:46.607+0600][945.234s][info][gc,stats       ]         WR: VM Weak Roots           531 us, workers (us): 143, 133,  69,  66,  60,  60, 
[2026-04-03T03:07:46.607+0600][945.234s][info][gc,stats       ]       CLDG                            7 us
[2026-04-03T03:07:46.607+0600][945.234s][info][gc,stats       ]   Calculate Addresses             88038 us
[2026-04-03T03:07:46.607+0600][945.234s][info][gc,stats       ]     Regular Objects               87825 us
[2026-04-03T03:07:46.607+0600][945.234s][info][gc,stats       ]     Humongous Objects                31 us
[2026-04-03T03:07:46.607+0600][945.234s][info][gc,stats       ]   Adjust Pointers                100743 us
[2026-04-03T03:07:46.607+0600][945.234s][info][gc,stats       ]     FA: <total>                    7759 us
[2026-04-03T03:07:46.607+0600][945.234s][info][gc,stats       ]     FA: Thread Roots                489 us, workers (us): 158,   3,  42, 154, 129,   3, 
[2026-04-03T03:07:46.607+0600][945.234s][info][gc,stats       ]     FA: Code Cache Roots           6006 us, workers (us): 876, 1275, 998, 889, 800, 1168, 
[2026-04-03T03:07:46.608+0600][945.234s][info][gc,stats       ]     FA: VM Strong Roots              18 us, workers (us):  14,   1,   1,   1,   1,   1, 
[2026-04-03T03:07:46.608+0600][945.234s][info][gc,stats       ]     FA: VM Weak Roots               624 us, workers (us): 170, 106, 106,  89,  85,  67, 
[2026-04-03T03:07:46.608+0600][945.234s][info][gc,stats       ]     FA: CLDG Roots                  623 us, workers (us):  77, 173,  65,  63, 177,  67, 
[2026-04-03T03:07:46.608+0600][945.234s][info][gc,stats       ]   Copy Objects                    94467 us
[2026-04-03T03:07:46.608+0600][945.234s][info][gc,stats       ]     Regular Objects               93633 us
[2026-04-03T03:07:46.608+0600][945.234s][info][gc,stats       ]     Humongous Objects                21 us
[2026-04-03T03:07:46.608+0600][945.234s][info][gc,stats       ]     Reset Complete Bitmap           629 us
[2026-04-03T03:07:46.608+0600][945.234s][info][gc,stats       ]     Rebuild Region Sets             183 us
[2026-04-03T03:07:46.608+0600][945.234s][info][gc,stats       ]   Post Heap Dump                      1 us
[2026-04-03T03:07:46.608+0600][945.234s][info][gc,stats       ] 
[2026-04-03T03:07:46.608+0600][945.234s][info][gc,stats       ] Allocation pacing accrued:
[2026-04-03T03:07:46.608+0600][945.234s][info][gc,stats       ]       0 of  7209 ms (  0.0%): <total>
[2026-04-03T03:07:46.608+0600][945.234s][info][gc,stats       ]       0 of  7209 ms (  0.0%): <average total>
[2026-04-03T03:07:46.608+0600][945.234s][info][gc,stats       ] 
[2026-04-03T03:07:46.608+0600][945.234s][info][gc,metaspace   ] Metaspace: 49760K(50240K)->49761K(50240K) NonClass: 43543K(43840K)->43544K(43840K) Class: 6216K(6400K)->6216K(6400K)
[2026-04-03T03:07:46.608+0600][945.234s][info][gc,ergo        ] Pacer for Idle. Initial: 10240K, Alloc Tax Rate: 1.0x
[2026-04-03T03:07:46.609+0600][945.235s][info][gc             ] Trigger: Handle Allocation Failure
[2026-04-03T03:07:46.609+0600][945.235s][info][gc,ergo        ] Free: 0B, Max: 0B regular, 0B humongous, Frag: 0% external, 0% internal; Reserve: 11008K, Max: 256K
[2026-04-03T03:07:46.609+0600][945.235s][info][gc,start       ] GC(137) Pause Full
[2026-04-03T03:07:46.609+0600][945.235s][info][gc,task        ] GC(137) Using 6 of 6 workers for full gc
[2026-04-03T03:07:46.609+0600][945.236s][info][gc,phases,start] GC(137) Phase 1: Mark live objects
[2026-04-03T03:07:46.609+0600][945.236s][info][gc,ref         ] GC(137) Clearing All SoftReferences
[2026-04-03T03:07:46.609+0600][945.236s][info][gc,ref         ] GC(137) Clearing All SoftReferences
[2026-04-03T03:07:50.969+0600][949.595s][info][gc,ref         ] GC(137) Encountered references: Soft: 2445, Weak: 2773, Final: 74, Phantom: 585
[2026-04-03T03:07:50.969+0600][949.596s][info][gc,ref         ] GC(137) Discovered  references: Soft: 241, Weak: 1487, Final: 74, Phantom: 580
[2026-04-03T03:07:50.969+0600][949.596s][info][gc,ref         ] GC(137) Enqueued    references: Soft: 0, Weak: 1, Final: 0, Phantom: 0
[2026-04-03T03:07:50.971+0600][949.598s][info][gc,phases      ] GC(137) Phase 1: Mark live objects 4361.814ms
[2026-04-03T03:07:50.971+0600][949.598s][info][gc,phases,start] GC(137) Phase 2: Compute new object addresses
[2026-04-03T03:07:51.056+0600][949.682s][info][gc,phases      ] GC(137) Phase 2: Compute new object addresses 84.791ms
[2026-04-03T03:07:51.056+0600][949.682s][info][gc,phases,start] GC(137) Phase 3: Adjust pointers
[2026-04-03T03:07:51.154+0600][949.781s][info][gc,phases      ] GC(137) Phase 3: Adjust pointers 98.286ms
[2026-04-03T03:07:51.154+0600][949.781s][info][gc,phases,start] GC(137) Phase 4: Move objects
[2026-04-03T03:07:51.232+0600][949.858s][info][gc,phases      ] GC(137) Phase 4: Move objects 77.617ms
[2026-04-03T03:07:51.232+0600][949.859s][info][gc,ergo        ] GC(137) Bad progress for free space: 58912B, need 5120K
[2026-04-03T03:07:51.232+0600][949.859s][info][gc             ] GC(137) Pause Full 487M->487M(500M) 4623.153ms
[2026-04-03T03:07:51.233+0600][949.859s][info][gc,ergo        ] Free: 37280B, Max: 14072B regular, 0B humongous, Frag: 0% external, 99% internal; Reserve: 11008K, Max: 256K
[2026-04-03T03:07:51.233+0600][949.859s][info][gc,stats       ] 
[2026-04-03T03:07:51.233+0600][949.859s][info][gc,stats       ] All times are wall-clock times, except per-root-class counters, that are sum over
[2026-04-03T03:07:51.233+0600][949.859s][info][gc,stats       ] all workers. Dividing the <total> over the root stage time estimates parallelism.
[2026-04-03T03:07:51.233+0600][949.859s][info][gc,stats       ] 
[2026-04-03T03:07:51.233+0600][949.859s][info][gc,stats       ] Pause Full GC (G)               4623497 us
[2026-04-03T03:07:51.233+0600][949.859s][info][gc,stats       ] Pause Full GC (N)               4623162 us
[2026-04-03T03:07:51.233+0600][949.859s][info][gc,stats       ]   Pre Heap Dump                       1 us
[2026-04-03T03:07:51.233+0600][949.859s][info][gc,stats       ]   Prepare                           220 us
[2026-04-03T03:07:51.233+0600][949.859s][info][gc,stats       ]   Mark                          4361797 us, parallelism: 5.99x
[2026-04-03T03:07:51.233+0600][949.859s][info][gc,stats       ]     FM: <total>                26148947 us
[2026-04-03T03:07:51.233+0600][949.859s][info][gc,stats       ]     FM: Thread Roots                566 us, workers (us): 145,  95,  92,  90,  73,  70, 
[2026-04-03T03:07:51.233+0600][949.859s][info][gc,stats       ]     FM: VM Strong Roots              19 us, workers (us):   0,   3,   3,   4,   5,   4, 
[2026-04-03T03:07:51.233+0600][949.859s][info][gc,stats       ]     FM: CLDG Roots                  244 us, workers (us): 126,  27,  29,   9,  25,  29, 
[2026-04-03T03:07:51.233+0600][949.859s][info][gc,stats       ]     FM: Parallel Mark          26148118 us, workers (us): 4357795, 4358224, 4357966, 4358018, 4357997, 4358117, 
[2026-04-03T03:07:51.233+0600][949.859s][info][gc,stats       ]     System Purge                   2320 us
[2026-04-03T03:07:51.233+0600][949.859s][info][gc             ] Failed to allocate TLAB, 2656B
[2026-04-03T03:07:51.233+0600][949.859s][info][gc             ] Cancelling GC: Allocation Failure
[2026-04-03T03:07:51.233+0600][949.859s][info][gc,stats       ]       Weak References               378 us, parallelism: 1.25x
[2026-04-03T03:07:51.233+0600][949.859s][info][gc,stats       ]         WRP: <total>                472 us
[2026-04-03T03:07:51.233+0600][949.859s][info][gc,stats       ]         WRP: Weak References        472 us, workers (us): 230, 151,  39,  30,   5,  17, 
[2026-04-03T03:07:51.233+0600][949.859s][info][gc,stats       ]       Unload Classes               1684 us, parallelism: 4.94x
[2026-04-03T03:07:51.233+0600][949.859s][info][gc,stats       ]         CU: <total>                8320 us
[2026-04-03T03:07:51.233+0600][949.859s][info][gc,stats       ]         CU: Unload Code Caches     8320 us, workers (us): 1429, 1420, 1365, 1357, 1359, 1390, 
[2026-04-03T03:07:51.233+0600][949.859s][info][gc,stats       ]       Weak Roots                    215 us, parallelism: 2.57x
[2026-04-03T03:07:51.233+0600][949.859s][info][gc,stats       ]         WR: <total>                 552 us
[2026-04-03T03:07:51.233+0600][949.859s][info][gc,stats       ]         WR: VM Weak Roots           552 us, workers (us): 170,  95,  77,  73,  73,  65, 
[2026-04-03T03:07:51.233+0600][949.859s][info][gc,stats       ]       CLDG                            8 us
[2026-04-03T03:07:51.233+0600][949.859s][info][gc,stats       ]   Calculate Addresses             84783 us
[2026-04-03T03:07:51.233+0600][949.859s][info][gc,stats       ]     Regular Objects               84684 us
[2026-04-03T03:07:51.233+0600][949.859s][info][gc,stats       ]     Humongous Objects                27 us
[2026-04-03T03:07:51.233+0600][949.859s][info][gc,stats       ]   Adjust Pointers                 98275 us
[2026-04-03T03:07:51.233+0600][949.859s][info][gc,stats       ]     FA: <total>                    7400 us
[2026-04-03T03:07:51.233+0600][949.859s][info][gc,stats       ]     FA: Thread Roots                452 us, workers (us):  66,  86, 128,   4,   2, 166, 
[2026-04-03T03:07:51.233+0600][949.859s][info][gc,stats       ]     FA: Code Cache Roots           5785 us, workers (us): 956, 928, 802, 1120, 1116, 864, 
[2026-04-03T03:07:51.233+0600][949.859s][info][gc,stats       ]     FA: VM Strong Roots              19 us, workers (us):   9,   8,   1,   1,   1,   1, 
[2026-04-03T03:07:51.233+0600][949.859s][info][gc,stats       ]     FA: VM Weak Roots               590 us, workers (us): 146, 144, 144,  68,  58,  31, 
[2026-04-03T03:07:51.233+0600][949.859s][info][gc,stats       ]     FA: CLDG Roots                  554 us, workers (us):  62,  74, 156, 140,  61,  61, 
[2026-04-03T03:07:51.233+0600][949.859s][info][gc,stats       ]   Copy Objects                    77605 us
[2026-04-03T03:07:51.233+0600][949.859s][info][gc,stats       ]     Regular Objects               76560 us
[2026-04-03T03:07:51.233+0600][949.859s][info][gc,stats       ]     Humongous Objects                25 us
[2026-04-03T03:07:51.233+0600][949.859s][info][gc,stats       ]     Reset Complete Bitmap           781 us
[2026-04-03T03:07:51.233+0600][949.859s][info][gc,stats       ]     Rebuild Region Sets             237 us
[2026-04-03T03:07:51.233+0600][949.859s][info][gc,stats       ]   Post Heap Dump                      2 us
[2026-04-03T03:07:51.233+0600][949.859s][info][gc,stats       ] 
[2026-04-03T03:07:51.233+0600][949.859s][info][gc,stats       ] Allocation pacing accrued:
[2026-04-03T03:07:51.233+0600][949.859s][info][gc,stats       ]       0 of  4625 ms (  0.0%): <total>
[2026-04-03T03:07:51.233+0600][949.859s][info][gc,stats       ]       0 of  4625 ms (  0.0%): <average total>
[2026-04-03T03:07:51.233+0600][949.859s][info][gc,stats       ] 
[2026-04-03T03:07:51.233+0600][949.859s][info][gc,metaspace   ] Metaspace: 49761K(50240K)->49762K(50240K) NonClass: 43545K(43840K)->43545K(43840K) Class: 6216K(6400K)->6216K(6400K)
[2026-04-03T03:07:51.233+0600][949.859s][info][gc,ergo        ] Pacer for Idle. Initial: 10240K, Alloc Tax Rate: 1.0x
[2026-04-03T03:07:51.235+0600][949.862s][info][gc             ] Trigger: Handle Allocation Failure
[2026-04-03T03:07:51.235+0600][949.862s][info][gc,ergo        ] Free: 0B, Max: 0B regular, 0B humongous, Frag: 0% external, 0% internal; Reserve: 11008K, Max: 256K
[2026-04-03T03:07:51.235+0600][949.862s][info][gc,start       ] GC(138) Pause Degenerated GC (Outside of Cycle)
[2026-04-03T03:07:51.235+0600][949.862s][info][gc,task        ] GC(138) Using 6 of 6 workers for stw degenerated gc
[2026-04-03T03:07:51.236+0600][949.862s][info][gc,ref         ] GC(138) Clearing All SoftReferences
[2026-04-03T03:07:55.528+0600][954.154s][info][gc,ref         ] GC(138) Encountered references: Soft: 2445, Weak: 2772, Final: 74, Phantom: 585
[2026-04-03T03:07:55.528+0600][954.154s][info][gc,ref         ] GC(138) Discovered  references: Soft: 241, Weak: 1477, Final: 74, Phantom: 580
[2026-04-03T03:07:55.528+0600][954.154s][info][gc,ref         ] GC(138) Enqueued    references: Soft: 0, Weak: 0, Final: 0, Phantom: 0
[2026-04-03T03:07:55.529+0600][954.156s][info][gc,ergo        ] GC(138) Adaptive CSet Selection. Target Free: 72533K, Actual Free: 11008K, Max CSet: 21333K, Min Garbage: 61525K
[2026-04-03T03:07:55.529+0600][954.156s][info][gc,ergo        ] GC(138) Collectable Garbage: 14584B (100%), Immediate: 0B (0%), CSet: 14584B (100%)
[2026-04-03T03:07:55.533+0600][954.159s][info][gc             ] GC(138) Cancelling GC: Allocation Failure During Evacuation
[2026-04-03T03:07:55.534+0600][954.160s][info][gc             ] GC(138) Cannot finish degeneration, upgrading to Full GC
[2026-04-03T03:07:55.537+0600][954.163s][info][gc,phases,start] GC(138) Phase 1: Mark live objects
[2026-04-03T03:07:55.537+0600][954.163s][info][gc,ref         ] GC(138) Clearing All SoftReferences
[2026-04-03T03:07:55.537+0600][954.163s][info][gc,ref         ] GC(138) Clearing All SoftReferences
[2026-04-03T03:07:59.691+0600][958.318s][info][gc,ref         ] GC(138) Encountered references: Soft: 2445, Weak: 2772, Final: 74, Phantom: 585
[2026-04-03T03:07:59.691+0600][958.318s][info][gc,ref         ] GC(138) Discovered  references: Soft: 243, Weak: 1749, Final: 58, Phantom: 581
[2026-04-03T03:07:59.691+0600][958.318s][info][gc,ref         ] GC(138) Enqueued    references: Soft: 0, Weak: 0, Final: 0, Phantom: 0
[2026-04-03T03:07:59.693+0600][958.320s][info][gc,phases      ] GC(138) Phase 1: Mark live objects 4156.699ms
[2026-04-03T03:07:59.694+0600][958.320s][info][gc,phases,start] GC(138) Phase 2: Compute new object addresses
[2026-04-03T03:07:59.779+0600][958.405s][info][gc,phases      ] GC(138) Phase 2: Compute new object addresses 85.170ms
[2026-04-03T03:07:59.779+0600][958.405s][info][gc,phases,start] GC(138) Phase 3: Adjust pointers
[2026-04-03T03:07:59.888+0600][958.515s][info][gc,phases      ] GC(138) Phase 3: Adjust pointers 109.547ms
[2026-04-03T03:07:59.888+0600][958.515s][info][gc,phases,start] GC(138) Phase 4: Move objects
[2026-04-03T03:07:59.986+0600][958.612s][info][gc,phases      ] GC(138) Phase 4: Move objects 97.194ms
[2026-04-03T03:07:59.986+0600][958.612s][info][gc,ergo        ] GC(138) Bad progress for free space: 304K, need 5120K
[2026-04-03T03:07:59.986+0600][958.612s][info][gc             ] GC(138) Pause Degenerated GC (Outside of Cycle) 488M->487M(500M) 8750.404ms
[2026-04-03T03:07:59.986+0600][958.612s][info][gc,ergo        ] Free: 304K, Max: 249K regular, 0B humongous, Frag: 0% external, 99% internal; Reserve: 10752K, Max: 256K
[2026-04-03T03:07:59.986+0600][958.612s][info][gc,stats       ] 
[2026-04-03T03:07:59.986+0600][958.612s][info][gc,stats       ] All times are wall-clock times, except per-root-class counters, that are sum over
[2026-04-03T03:07:59.986+0600][958.612s][info][gc,stats       ] all workers. Dividing the <total> over the root stage time estimates parallelism.
[2026-04-03T03:07:59.986+0600][958.612s][info][gc,stats       ] 
[2026-04-03T03:07:59.986+0600][958.612s][info][gc,stats       ] Pause Degenerated GC (G)        8750710 us
[2026-04-03T03:07:59.986+0600][958.612s][info][gc,stats       ] Pause Degenerated GC (N)        8750413 us
[2026-04-03T03:07:59.986+0600][958.612s][info][gc,stats       ]   Degen STW Mark                4291515 us, parallelism: 6.00x
[2026-04-03T03:07:59.986+0600][958.612s][info][gc,stats       ]     DSM: <total>               25744083 us
[2026-04-03T03:07:59.986+0600][958.613s][info][gc,stats       ]     DSM: Thread Roots               823 us, workers (us): 234, 110, 107, 167, 102, 102, 
[2026-04-03T03:07:59.986+0600][958.613s][info][gc,stats       ]     DSM: VM Strong Roots             23 us, workers (us):   5,   5,   6,   0,   6,   0, 
[2026-04-03T03:07:59.986+0600][958.613s][info][gc,stats       ]     DSM: CLDG Roots                 332 us, workers (us):  15,  42,  42,   8,  42, 182, 
[2026-04-03T03:07:59.986+0600][958.613s][info][gc,stats       ]     DSM: Parallel Mark         25742905 us, workers (us): 4290485, 4290544, 4290543, 4290476, 4290492, 4290365, 
[2026-04-03T03:07:59.986+0600][958.613s][info][gc,stats       ]     System Purge                   1853 us
[2026-04-03T03:07:59.986+0600][958.613s][info][gc,stats       ]       Weak References               315 us, parallelism: 1.07x
[2026-04-03T03:07:59.986+0600][958.613s][info][gc,stats       ]         WRP: <total>                336 us
[2026-04-03T03:07:59.986+0600][958.613s][info][gc,stats       ]         WRP: Weak References        336 us, workers (us): 103,  28, 183,  23,   0,   0, 
[2026-04-03T03:07:59.986+0600][958.613s][info][gc,stats       ]       Unload Classes               1384 us, parallelism: 5.29x
[2026-04-03T03:07:59.986+0600][958.613s][info][gc,stats       ]         DCU: <total>               7325 us
[2026-04-03T03:07:59.986+0600][958.613s][info][gc,stats       ]         DCU: Unload Code Caches     7325 us, workers (us): 1253, 1253, 1241, 1207, 1181, 1191, 
[2026-04-03T03:07:59.986+0600][958.613s][info][gc,stats       ]       Weak Roots                    143 us, parallelism: 3.86x
[2026-04-03T03:07:59.986+0600][958.613s][info][gc,stats       ]         DWR: <total>                553 us
[2026-04-03T03:07:59.986+0600][958.613s][info][gc,stats       ]         DWR: VM Weak Roots          553 us, workers (us): 114, 101,  98,  94,  94,  52, 
[2026-04-03T03:07:59.986+0600][958.613s][info][gc,stats       ]       CLDG                            2 us
[2026-04-03T03:07:59.986+0600][958.613s][info][gc,stats       ]   Update Region States               21 us
[2026-04-03T03:07:59.986+0600][958.613s][info][gc,stats       ]   Manage GC/TLABs                     7 us
[2026-04-03T03:07:59.986+0600][958.613s][info][gc,stats       ]   Choose Collection Set             164 us
[2026-04-03T03:07:59.986+0600][958.613s][info][gc,stats       ]   Rebuild Free Set                   38 us
[2026-04-03T03:07:59.986+0600][958.613s][info][gc,stats       ]   Evacuation                       4219 us
[2026-04-03T03:07:59.986+0600][958.613s][info][gc,stats       ]   Pre Heap Dump                       5 us
[2026-04-03T03:07:59.986+0600][958.613s][info][gc,stats       ]   Prepare                          2756 us
[2026-04-03T03:07:59.986+0600][958.613s][info][gc,stats       ]     Update Roots                   1782 us, parallelism: 4.74x
[2026-04-03T03:07:59.986+0600][958.613s][info][gc,stats       ]       FU: <total>                  8445 us
[2026-04-03T03:07:59.986+0600][958.613s][info][gc,stats       ]       FU: Thread Roots              605 us, workers (us): 250,  89,   3, 111, 147,   5, 
[2026-04-03T03:07:59.986+0600][958.613s][info][gc,stats       ]       FU: Code Cache Roots         6708 us, workers (us): 910, 1108, 1328, 1080, 1045, 1236, 
[2026-04-03T03:07:59.986+0600][958.613s][info][gc,stats       ]       FU: VM Strong Roots            13 us, workers (us):   8,   1,   0,   1,   1,   2, 
[2026-04-03T03:07:59.986+0600][958.613s][info][gc,stats       ]       FU: VM Weak Roots             579 us, workers (us): 149, 105,  87,  82,  82,  74, 
[2026-04-03T03:07:59.986+0600][958.613s][info][gc,stats       ]       FU: CLDG Roots                539 us, workers (us): 135,  70, 123,  75,  68,  69, 
[2026-04-03T03:07:59.986+0600][958.613s][info][gc,stats       ]   Mark                          4156613 us, parallelism: 5.99x
[2026-04-03T03:07:59.986+0600][958.613s][info][gc,stats       ]     FM: <total>                24917491 us
[2026-04-03T03:07:59.986+0600][958.613s][info][gc,stats       ]     FM: Thread Roots                812 us, workers (us): 243, 122, 172, 110,  83,  81, 
[2026-04-03T03:07:59.986+0600][958.613s][info][gc,stats       ]     FM: VM Strong Roots              24 us, workers (us):   0,   9,   0,   7,   7,   0, 
[2026-04-03T03:07:59.986+0600][958.613s][info][gc,stats       ]     FM: CLDG Roots                  315 us, workers (us):  12,  39,   9,  39,  37, 179, 
[2026-04-03T03:07:59.986+0600][958.613s][info][gc,stats       ]     FM: Parallel Mark          24916340 us, workers (us): 4152702, 4152850, 4152575, 4152743, 4152751, 4152718, 
[2026-04-03T03:07:59.986+0600][958.613s][info][gc,stats       ]     System Purge                   2515 us
[2026-04-03T03:07:59.986+0600][958.613s][info][gc,stats       ]       Weak References               453 us, parallelism: 1.19x
[2026-04-03T03:07:59.986+0600][958.613s][info][gc,stats       ]         WRP: <total>                537 us
[2026-04-03T03:07:59.986+0600][958.613s][info][gc,stats       ]         WRP: Weak References        537 us, workers (us): 205, 304,  26,   1,   0,   1, 
[2026-04-03T03:07:59.986+0600][958.613s][info][gc,stats       ]       Unload Classes               1787 us, parallelism: 4.78x
[2026-04-03T03:07:59.986+0600][958.613s][info][gc,stats       ]         CU: <total>                8537 us
[2026-04-03T03:07:59.986+0600][958.613s][info][gc,stats       ]         CU: Unload Code Caches     8537 us, workers (us): 1465, 1430, 1430, 1404, 1416, 1392, 
[2026-04-03T03:07:59.987+0600][958.613s][info][gc,stats       ]       Weak Roots                    244 us, parallelism: 3.23x
[2026-04-03T03:07:59.987+0600][958.613s][info][gc,stats       ]         WR: <total>                 787 us
[2026-04-03T03:07:59.987+0600][958.613s][info][gc,stats       ]         WR: VM Weak Roots           787 us, workers (us): 197, 192, 128,  91,  91,  88, 
[2026-04-03T03:07:59.987+0600][958.613s][info][gc,stats       ]       CLDG                            2 us
[2026-04-03T03:07:59.987+0600][958.613s][info][gc,stats       ]   Calculate Addresses             85161 us
[2026-04-03T03:07:59.987+0600][958.613s][info][gc,stats       ]     Regular Objects               85049 us
[2026-04-03T03:07:59.987+0600][958.613s][info][gc,stats       ]     Humongous Objects                48 us
[2026-04-03T03:07:59.987+0600][958.613s][info][gc,stats       ]   Adjust Pointers                109535 us
[2026-04-03T03:07:59.987+0600][958.613s][info][gc,stats       ]     FA: <total>                    8956 us
[2026-04-03T03:07:59.987+0600][958.613s][info][gc,stats       ]     FA: Thread Roots                687 us, workers (us): 168,  60, 138, 183, 136,   2, 
[2026-04-03T03:07:59.987+0600][958.613s][info][gc,stats       ]     FA: Code Cache Roots           7004 us, workers (us): 1052, 1210, 1058, 1102, 1146, 1436, 
[2026-04-03T03:07:59.987+0600][958.613s][info][gc,stats       ]     FA: VM Strong Roots              19 us, workers (us):  14,   1,   1,   1,   1,   1, 
[2026-04-03T03:07:59.987+0600][958.613s][info][gc,stats       ]     FA: VM Weak Roots               754 us, workers (us): 168, 161, 129, 128,  85,  83, 
[2026-04-03T03:07:59.987+0600][958.613s][info][gc,stats       ]     FA: CLDG Roots                  493 us, workers (us): 148,  59, 150,  45,  47,  44, 
[2026-04-03T03:07:59.987+0600][958.613s][info][gc,stats       ]   Copy Objects                    97181 us
[2026-04-03T03:07:59.987+0600][958.613s][info][gc,stats       ]     Regular Objects               96248 us
[2026-04-03T03:07:59.987+0600][958.613s][info][gc,stats       ]     Humongous Objects                36 us
[2026-04-03T03:07:59.987+0600][958.613s][info][gc,stats       ]     Reset Complete Bitmap           661 us
[2026-04-03T03:07:59.987+0600][958.613s][info][gc             ] Failed to allocate TLAB, 2648B
[2026-04-03T03:07:59.987+0600][958.613s][info][gc             ] Cancelling GC: Allocation Failure
[2026-04-03T03:07:59.987+0600][958.613s][info][gc,stats       ]     Rebuild Region Sets             234 us
[2026-04-03T03:07:59.987+0600][958.613s][info][gc,stats       ]   Post Heap Dump                      1 us
[2026-04-03T03:07:59.987+0600][958.613s][info][gc,stats       ] 
[2026-04-03T03:07:59.987+0600][958.613s][info][gc,stats       ] Allocation pacing accrued:
[2026-04-03T03:07:59.987+0600][958.613s][info][gc,stats       ]       0 of  8754 ms (  0.0%): <total>
[2026-04-03T03:07:59.987+0600][958.613s][info][gc,stats       ]       0 of  8754 ms (  0.0%): <average total>
[2026-04-03T03:07:59.987+0600][958.613s][info][gc,stats       ] 
[2026-04-03T03:07:59.987+0600][958.613s][info][gc,metaspace   ] Metaspace: 49762K(50240K)->49762K(50240K) NonClass: 43545K(43840K)->43546K(43840K) Class: 6216K(6400K)->6216K(6400K)
[2026-04-03T03:07:59.987+0600][958.613s][info][gc,ergo        ] Pacer for Idle. Initial: 10240K, Alloc Tax Rate: 1.0x
[2026-04-03T03:07:59.988+0600][958.614s][info][gc             ] Trigger: Handle Allocation Failure
[2026-04-03T03:07:59.988+0600][958.614s][info][gc,ergo        ] Free: 0B, Max: 0B regular, 0B humongous, Frag: 0% external, 0% internal; Reserve: 10752K, Max: 256K
[2026-04-03T03:07:59.988+0600][958.614s][info][gc,start       ] GC(139) Pause Degenerated GC (Outside of Cycle)
[2026-04-03T03:07:59.988+0600][958.614s][info][gc,task        ] GC(139) Using 6 of 6 workers for stw degenerated gc
[2026-04-03T03:07:59.988+0600][958.615s][info][gc,ref         ] GC(139) Clearing All SoftReferences
[2026-04-03T03:08:04.343+0600][962.969s][info][gc,ref         ] GC(139) Encountered references: Soft: 2445, Weak: 2774, Final: 74, Phantom: 585
[2026-04-03T03:08:04.343+0600][962.969s][info][gc,ref         ] GC(139) Discovered  references: Soft: 241, Weak: 1528, Final: 74, Phantom: 580
[2026-04-03T03:08:04.343+0600][962.970s][info][gc,ref         ] GC(139) Enqueued    references: Soft: 0, Weak: 0, Final: 0, Phantom: 0
[2026-04-03T03:08:04.345+0600][962.971s][info][gc,ergo        ] GC(139) Adaptive CSet Selection. Target Free: 72533K, Actual Free: 10752K, Max CSet: 21333K, Min Garbage: 61781K
[2026-04-03T03:08:04.345+0600][962.972s][info][gc,ergo        ] GC(139) Collectable Garbage: 85056B (100%), Immediate: 0B (0%), CSet: 85056B (100%)
[2026-04-03T03:08:04.349+0600][962.975s][info][gc             ] GC(139) Cancelling GC: Allocation Failure During Evacuation
[2026-04-03T03:08:04.350+0600][962.976s][info][gc             ] GC(139) Cannot finish degeneration, upgrading to Full GC
[2026-04-03T03:08:04.353+0600][962.979s][info][gc,phases,start] GC(139) Phase 1: Mark live objects
[2026-04-03T03:08:04.353+0600][962.979s][info][gc,ref         ] GC(139) Clearing All SoftReferences
[2026-04-03T03:08:04.353+0600][962.980s][info][gc,ref         ] GC(139) Clearing All SoftReferences
[2026-04-03T03:08:08.584+0600][967.210s][info][gc,ref         ] GC(139) Encountered references: Soft: 2445, Weak: 2774, Final: 74, Phantom: 585
[2026-04-03T03:08:08.584+0600][967.211s][info][gc,ref         ] GC(139) Discovered  references: Soft: 237, Weak: 1473, Final: 74, Phantom: 581
[2026-04-03T03:08:08.584+0600][967.211s][info][gc,ref         ] GC(139) Enqueued    references: Soft: 0, Weak: 0, Final: 0, Phantom: 0
[2026-04-03T03:08:08.586+0600][967.212s][info][gc,phases      ] GC(139) Phase 1: Mark live objects 4233.030ms
[2026-04-03T03:08:08.586+0600][967.212s][info][gc,phases,start] GC(139) Phase 2: Compute new object addresses
[2026-04-03T03:08:08.668+0600][967.295s][info][gc,phases      ] GC(139) Phase 2: Compute new object addresses 82.266ms
[2026-04-03T03:08:08.668+0600][967.295s][info][gc,phases,start] GC(139) Phase 3: Adjust pointers
[2026-04-03T03:08:08.769+0600][967.395s][info][gc,phases      ] GC(139) Phase 3: Adjust pointers 100.491ms
[2026-04-03T03:08:08.769+0600][967.395s][info][gc,phases,start] GC(139) Phase 4: Move objects
[2026-04-03T03:08:08.864+0600][967.490s][info][gc,phases      ] GC(139) Phase 4: Move objects 94.600ms
[2026-04-03T03:08:08.864+0600][967.490s][info][gc,ergo        ] GC(139) Bad progress for free space: 117K, need 5120K
[2026-04-03T03:08:08.864+0600][967.490s][info][gc             ] GC(139) Pause Degenerated GC (Outside of Cycle) 488M->488M(500M) 8875.821ms
[2026-04-03T03:08:08.864+0600][967.490s][info][gc,ergo        ] Free: 101592B, Max: 28056B regular, 0B humongous, Frag: 0% external, 99% internal; Reserve: 10752K, Max: 256K
[2026-04-03T03:08:08.864+0600][967.490s][info][gc,stats       ] 
[2026-04-03T03:08:08.864+0600][967.490s][info][gc,stats       ] All times are wall-clock times, except per-root-class counters, that are sum over
[2026-04-03T03:08:08.864+0600][967.490s][info][gc,stats       ] all workers. Dividing the <total> over the root stage time estimates parallelism.
[2026-04-03T03:08:08.864+0600][967.491s][info][gc,stats       ] 
[2026-04-03T03:08:08.864+0600][967.491s][info][gc,stats       ] Pause Degenerated GC (G)        8876036 us
[2026-04-03T03:08:08.864+0600][967.491s][info][gc,stats       ] Pause Degenerated GC (N)        8875833 us
[2026-04-03T03:08:08.864+0600][967.491s][info][gc,stats       ]   Degen STW Mark                4354426 us, parallelism: 6.00x
[2026-04-03T03:08:08.864+0600][967.491s][info][gc,stats       ]     DSM: <total>               26118414 us
[2026-04-03T03:08:08.864+0600][967.491s][info][gc,stats       ]     DSM: Thread Roots               595 us, workers (us): 171,  78,  77, 128,  69,  72, 
[2026-04-03T03:08:08.864+0600][967.491s][info][gc,stats       ]     DSM: VM Strong Roots             18 us, workers (us):   0,   5,   4,   0,   4,   4, 
[2026-04-03T03:08:08.864+0600][967.491s][info][gc,stats       ]     DSM: CLDG Roots                 364 us, workers (us): 142,  54,  54,   6,  55,  52, 
[2026-04-03T03:08:08.864+0600][967.491s][info][gc,stats       ]     DSM: Parallel Mark         26117438 us, workers (us): 4352819, 4352878, 4352907, 4353015, 4353014, 4352805, 
[2026-04-03T03:08:08.864+0600][967.491s][info][gc,stats       ]     System Purge                   2307 us
[2026-04-03T03:08:08.864+0600][967.491s][info][gc,stats       ]       Weak References               504 us, parallelism: 1.16x
[2026-04-03T03:08:08.864+0600][967.491s][info][gc,stats       ]         WRP: <total>                587 us
[2026-04-03T03:08:08.864+0600][967.491s][info][gc,stats       ]         WRP: Weak References        587 us, workers (us): 307, 262,  16,   1,   0,   0, 
[2026-04-03T03:08:08.864+0600][967.491s][info][gc,stats       ]       Unload Classes               1588 us, parallelism: 5.02x
[2026-04-03T03:08:08.864+0600][967.491s][info][gc,stats       ]         DCU: <total>               7967 us
[2026-04-03T03:08:08.864+0600][967.491s][info][gc,stats       ]         DCU: Unload Code Caches     7967 us, workers (us): 1366, 1357, 1363, 1316, 1286, 1279, 
[2026-04-03T03:08:08.864+0600][967.491s][info][gc,stats       ]       Weak Roots                    187 us, parallelism: 2.75x
[2026-04-03T03:08:08.864+0600][967.491s][info][gc,stats       ]         DWR: <total>                515 us
[2026-04-03T03:08:08.864+0600][967.491s][info][gc,stats       ]         DWR: VM Weak Roots          515 us, workers (us): 149, 142,  74,  61,  51,  39, 
[2026-04-03T03:08:08.864+0600][967.491s][info][gc,stats       ]       CLDG                            3 us
[2026-04-03T03:08:08.864+0600][967.491s][info][gc,stats       ]   Update Region States               77 us
[2026-04-03T03:08:08.864+0600][967.491s][info][gc,stats       ]   Manage GC/TLABs                     9 us
[2026-04-03T03:08:08.864+0600][967.491s][info][gc,stats       ]   Choose Collection Set             180 us
[2026-04-03T03:08:08.864+0600][967.491s][info][gc,stats       ]   Rebuild Free Set                   39 us
[2026-04-03T03:08:08.864+0600][967.491s][info][gc,stats       ]   Evacuation                       4473 us
[2026-04-03T03:08:08.864+0600][967.491s][info][gc,stats       ]   Pre Heap Dump                       1 us
[2026-04-03T03:08:08.864+0600][967.491s][info][gc,stats       ]   Prepare                          2920 us
[2026-04-03T03:08:08.864+0600][967.491s][info][gc             ] Failed to allocate TLAB, 2656B
[2026-04-03T03:08:08.864+0600][967.491s][info][gc             ] Cancelling GC: Allocation Failure
[2026-04-03T03:08:08.864+0600][967.491s][info][gc,stats       ]     Update Roots                   1848 us, parallelism: 4.98x
[2026-04-03T03:08:08.865+0600][967.491s][info][gc,stats       ]       FU: <total>                  9212 us
[2026-04-03T03:08:08.865+0600][967.491s][info][gc,stats       ]       FU: Thread Roots              603 us, workers (us): 235, 144,   5,   3, 212,   5, 
[2026-04-03T03:08:08.865+0600][967.491s][info][gc,stats       ]       FU: Code Cache Roots         7264 us, workers (us): 1052, 1096, 1370, 1290, 1079, 1377, 
[2026-04-03T03:08:08.865+0600][967.491s][info][gc,stats       ]       FU: VM Strong Roots            13 us, workers (us):   9,   1,   1,   0,   1,   1, 
[2026-04-03T03:08:08.865+0600][967.491s][info][gc,stats       ]       FU: VM Weak Roots             688 us, workers (us): 172, 167, 114, 114,  62,  59, 
[2026-04-03T03:08:08.865+0600][967.491s][info][gc,stats       ]       FU: CLDG Roots                644 us, workers (us):  87, 128,  82, 183,  82,  81, 
[2026-04-03T03:08:08.865+0600][967.491s][info][gc,stats       ]   Mark                          4232942 us, parallelism: 6.00x
[2026-04-03T03:08:08.865+0600][967.491s][info][gc,stats       ]     FM: <total>                25376529 us
[2026-04-03T03:08:08.865+0600][967.491s][info][gc,stats       ]     FM: Thread Roots                693 us, workers (us): 210, 191,  74,  72,  57,  90, 
[2026-04-03T03:08:08.865+0600][967.491s][info][gc,stats       ]     FM: VM Strong Roots              24 us, workers (us):   1,   5,   7,   5,   6,   0, 
[2026-04-03T03:08:08.865+0600][967.491s][info][gc,stats       ]     FM: CLDG Roots                  308 us, workers (us): 140,  39,  36,  38,  34,  21, 
[2026-04-03T03:08:08.865+0600][967.491s][info][gc,stats       ]     FM: Parallel Mark          25375504 us, workers (us): 4229030, 4229259, 4229371, 4229260, 4229373, 4229209, 
[2026-04-03T03:08:08.865+0600][967.491s][info][gc,stats       ]     System Purge                   2248 us
[2026-04-03T03:08:08.865+0600][967.491s][info][gc,stats       ]       Weak References               423 us, parallelism: 1.21x
[2026-04-03T03:08:08.865+0600][967.491s][info][gc,stats       ]         WRP: <total>                513 us
[2026-04-03T03:08:08.865+0600][967.491s][info][gc,stats       ]         WRP: Weak References        513 us, workers (us): 261, 162,  37,  29,  23,   1, 
[2026-04-03T03:08:08.865+0600][967.491s][info][gc,stats       ]       Unload Classes               1549 us, parallelism: 5.42x
[2026-04-03T03:08:08.865+0600][967.491s][info][gc,stats       ]         CU: <total>                8386 us
[2026-04-03T03:08:08.865+0600][967.491s][info][gc,stats       ]         CU: Unload Code Caches     8386 us, workers (us): 1446, 1418, 1436, 1375, 1357, 1354, 
[2026-04-03T03:08:08.865+0600][967.491s][info][gc,stats       ]       Weak Roots                    262 us, parallelism: 2.90x
[2026-04-03T03:08:08.865+0600][967.491s][info][gc,stats       ]         WR: <total>                 761 us
[2026-04-03T03:08:08.865+0600][967.491s][info][gc,stats       ]         WR: VM Weak Roots           761 us, workers (us): 213, 194, 114,  82,  82,  77, 
[2026-04-03T03:08:08.865+0600][967.491s][info][gc,stats       ]       CLDG                            2 us
[2026-04-03T03:08:08.865+0600][967.491s][info][gc,stats       ]   Calculate Addresses             82256 us
[2026-04-03T03:08:08.865+0600][967.491s][info][gc,stats       ]     Regular Objects               82153 us
[2026-04-03T03:08:08.865+0600][967.491s][info][gc,stats       ]     Humongous Objects                30 us
[2026-04-03T03:08:08.865+0600][967.491s][info][gc,stats       ]   Adjust Pointers                100479 us
[2026-04-03T03:08:08.865+0600][967.491s][info][gc,stats       ]     FA: <total>                    8105 us
[2026-04-03T03:08:08.865+0600][967.491s][info][gc,stats       ]     FA: Thread Roots                507 us, workers (us):  96, 168,   3, 161,  76,   3, 
[2026-04-03T03:08:08.865+0600][967.491s][info][gc,stats       ]     FA: Code Cache Roots           6201 us, workers (us): 971, 860, 1210, 975, 1053, 1132, 
[2026-04-03T03:08:08.865+0600][967.491s][info][gc,stats       ]     FA: VM Strong Roots              17 us, workers (us):  13,   1,   1,   1,   1,   1, 
[2026-04-03T03:08:08.865+0600][967.491s][info][gc,stats       ]     FA: VM Weak Roots               765 us, workers (us): 206, 200, 100, 101,  78,  80, 
[2026-04-03T03:08:08.865+0600][967.491s][info][gc,stats       ]     FA: CLDG Roots                  615 us, workers (us): 138, 175,  70,  70,  89,  72, 
[2026-04-03T03:08:08.865+0600][967.491s][info][gc,stats       ]   Copy Objects                    94587 us
[2026-04-03T03:08:08.865+0600][967.491s][info][gc,stats       ]     Regular Objects               93707 us
[2026-04-03T03:08:08.865+0600][967.491s][info][gc,stats       ]     Humongous Objects                22 us
[2026-04-03T03:08:08.865+0600][967.491s][info][gc,stats       ]     Reset Complete Bitmap           649 us
[2026-04-03T03:08:08.865+0600][967.491s][info][gc,stats       ]     Rebuild Region Sets             205 us
[2026-04-03T03:08:08.865+0600][967.491s][info][gc,stats       ]   Post Heap Dump                      1 us
[2026-04-03T03:08:08.865+0600][967.491s][info][gc,stats       ] 
[2026-04-03T03:08:08.865+0600][967.491s][info][gc,stats       ] Allocation pacing accrued:
[2026-04-03T03:08:08.865+0600][967.491s][info][gc,stats       ]       0 of  8878 ms (  0.0%): <total>
[2026-04-03T03:08:08.865+0600][967.491s][info][gc,stats       ]       0 of  8878 ms (  0.0%): <average total>
[2026-04-03T03:08:08.865+0600][967.491s][info][gc,stats       ] 
[2026-04-03T03:08:08.865+0600][967.491s][info][gc,metaspace   ] Metaspace: 49763K(50240K)->49763K(50240K) NonClass: 43546K(43840K)->43546K(43840K) Class: 6216K(6400K)->6216K(6400K)
[2026-04-03T03:08:08.865+0600][967.491s][info][gc,ergo        ] Pacer for Idle. Initial: 10240K, Alloc Tax Rate: 1.0x
[2026-04-03T03:08:08.866+0600][967.493s][info][gc             ] Trigger: Handle Allocation Failure
[2026-04-03T03:08:08.866+0600][967.493s][info][gc,ergo        ] Free: 0B, Max: 0B regular, 0B humongous, Frag: 0% external, 0% internal; Reserve: 10752K, Max: 256K
[2026-04-03T03:08:08.866+0600][967.493s][info][gc,start       ] GC(140) Pause Degenerated GC (Outside of Cycle)
[2026-04-03T03:08:08.866+0600][967.493s][info][gc,task        ] GC(140) Using 6 of 6 workers for stw degenerated gc
[2026-04-03T03:08:08.867+0600][967.493s][info][gc,ref         ] GC(140) Clearing All SoftReferences
[2026-04-03T03:08:13.121+0600][971.747s][info][gc,ref         ] GC(140) Encountered references: Soft: 2447, Weak: 2776, Final: 74, Phantom: 585
[2026-04-03T03:08:13.121+0600][971.747s][info][gc,ref         ] GC(140) Discovered  references: Soft: 237, Weak: 1400, Final: 74, Phantom: 581
[2026-04-03T03:08:13.121+0600][971.747s][info][gc,ref         ] GC(140) Enqueued    references: Soft: 0, Weak: 1, Final: 0, Phantom: 0
[2026-04-03T03:08:13.125+0600][971.751s][info][gc,ergo        ] GC(140) Adaptive CSet Selection. Target Free: 72533K, Actual Free: 10752K, Max CSet: 21333K, Min Garbage: 61781K
[2026-04-03T03:08:13.125+0600][971.751s][info][gc,ergo        ] GC(140) Collectable Garbage: 31784B (100%), Immediate: 0B (0%), CSet: 31784B (100%)
[2026-04-03T03:08:13.128+0600][971.754s][info][gc             ] GC(140) Cancelling GC: Allocation Failure During Evacuation
[2026-04-03T03:08:13.129+0600][971.756s][info][gc             ] GC(140) Cannot finish degeneration, upgrading to Full GC
[2026-04-03T03:08:13.132+0600][971.758s][info][gc,phases,start] GC(140) Phase 1: Mark live objects
[2026-04-03T03:08:13.132+0600][971.759s][info][gc,ref         ] GC(140) Clearing All SoftReferences
[2026-04-03T03:08:13.132+0600][971.759s][info][gc,ref         ] GC(140) Clearing All SoftReferences
[2026-04-03T03:08:17.387+0600][976.013s][info][gc,ref         ] GC(140) Encountered references: Soft: 2447, Weak: 2775, Final: 74, Phantom: 585
[2026-04-03T03:08:17.387+0600][976.013s][info][gc,ref         ] GC(140) Discovered  references: Soft: 241, Weak: 1367, Final: 74, Phantom: 581
[2026-04-03T03:08:17.387+0600][976.013s][info][gc,ref         ] GC(140) Enqueued    references: Soft: 0, Weak: 0, Final: 0, Phantom: 0
[2026-04-03T03:08:17.389+0600][976.015s][info][gc,phases      ] GC(140) Phase 1: Mark live objects 4256.755ms
[2026-04-03T03:08:17.389+0600][976.015s][info][gc,phases,start] GC(140) Phase 2: Compute new object addresses
[2026-04-03T03:08:17.472+0600][976.099s][info][gc,phases      ] GC(140) Phase 2: Compute new object addresses 83.440ms
[2026-04-03T03:08:17.472+0600][976.099s][info][gc,phases,start] GC(140) Phase 3: Adjust pointers
[2026-04-03T03:08:17.573+0600][976.200s][info][gc,phases      ] GC(140) Phase 3: Adjust pointers 100.770ms
[2026-04-03T03:08:17.573+0600][976.200s][info][gc,phases,start] GC(140) Phase 4: Move objects
[2026-04-03T03:08:17.668+0600][976.295s][info][gc,phases      ] GC(140) Phase 4: Move objects 95.175ms
[2026-04-03T03:08:17.669+0600][976.295s][info][gc,ergo        ] GC(140) Bad progress for free space: 324K, need 5120K
[2026-04-03T03:08:17.669+0600][976.295s][info][gc             ] GC(140) Pause Degenerated GC (Outside of Cycle) 488M->488M(500M) 8802.318ms
[2026-04-03T03:08:17.669+0600][976.295s][info][gc,ergo        ] Free: 266K, Max: 65936B regular, 0B humongous, Frag: 0% external, 99% internal; Reserve: 10496K, Max: 256K
[2026-04-03T03:08:17.669+0600][976.295s][info][gc,stats       ] 
[2026-04-03T03:08:17.669+0600][976.296s][info][gc,stats       ] All times are wall-clock times, except per-root-class counters, that are sum over
[2026-04-03T03:08:17.669+0600][976.296s][info][gc,stats       ] all workers. Dividing the <total> over the root stage time estimates parallelism.
[2026-04-03T03:08:17.669+0600][976.296s][info][gc,stats       ] 
[2026-04-03T03:08:17.669+0600][976.296s][info][gc,stats       ] Pause Degenerated GC (G)        8802710 us
[2026-04-03T03:08:17.669+0600][976.296s][info][gc,stats       ] Pause Degenerated GC (N)        8802326 us
[2026-04-03T03:08:17.669+0600][976.296s][info][gc,stats       ]   Degen STW Mark                4253574 us, parallelism: 6.00x
[2026-04-03T03:08:17.669+0600][976.296s][info][gc,stats       ]     DSM: <total>               25514003 us
[2026-04-03T03:08:17.669+0600][976.296s][info][gc,stats       ]     DSM: Thread Roots               731 us, workers (us): 150, 147, 191,  79,  78,  87, 
[2026-04-03T03:08:17.669+0600][976.296s][info][gc,stats       ]     DSM: VM Strong Roots             18 us, workers (us):   0,   4,   0,   5,   4,   4, 
[2026-04-03T03:08:17.669+0600][976.296s][info][gc,stats       ]     DSM: CLDG Roots                 229 us, workers (us): 127,  28,   7,  26,  25,  15, 
[2026-04-03T03:08:17.669+0600][976.296s][info][gc,stats       ]     DSM: Parallel Mark         25513025 us, workers (us): 4252029, 4252047, 4252117, 4252321, 4252207, 4252303, 
[2026-04-03T03:08:17.669+0600][976.296s][info][gc,stats       ]     System Purge                   4392 us
[2026-04-03T03:08:17.669+0600][976.296s][info][gc,stats       ]       Weak References               510 us, parallelism: 0.96x
[2026-04-03T03:08:17.669+0600][976.296s][info][gc,stats       ]         WRP: <total>                489 us
[2026-04-03T03:08:17.669+0600][976.296s][info][gc,stats       ]         WRP: Weak References        489 us, workers (us): 363, 124,   1,   0,   1,   0, 
[2026-04-03T03:08:17.669+0600][976.296s][info][gc,stats       ]       Unload Classes               1665 us, parallelism: 4.81x
[2026-04-03T03:08:17.669+0600][976.296s][info][gc,stats       ]         DCU: <total>               8013 us
[2026-04-03T03:08:17.669+0600][976.296s][info][gc,stats       ]         DCU: Unload Code Caches     8013 us, workers (us): 1388, 1354, 1317, 1323, 1318, 1312, 
[2026-04-03T03:08:17.669+0600][976.296s][info][gc,stats       ]       Weak Roots                    185 us, parallelism: 2.83x
[2026-04-03T03:08:17.669+0600][976.296s][info][gc,stats       ]         DWR: <total>                523 us
[2026-04-03T03:08:17.669+0600][976.296s][info][gc,stats       ]         DWR: VM Weak Roots          523 us, workers (us): 139, 138,  77,  77,  61,  31, 
[2026-04-03T03:08:17.669+0600][976.296s][info][gc,stats       ]       CLDG                            3 us
[2026-04-03T03:08:17.669+0600][976.296s][info][gc,stats       ]   Update Region States               24 us
[2026-04-03T03:08:17.669+0600][976.296s][info][gc,stats       ]   Manage GC/TLABs                     8 us
[2026-04-03T03:08:17.669+0600][976.296s][info][gc,stats       ]   Choose Collection Set             195 us
[2026-04-03T03:08:17.669+0600][976.296s][info][gc,stats       ]   Rebuild Free Set                   38 us
[2026-04-03T03:08:17.669+0600][976.296s][info][gc,stats       ]   Evacuation                       4330 us
[2026-04-03T03:08:17.669+0600][976.296s][info][gc,stats       ]   Pre Heap Dump                       2 us
[2026-04-03T03:08:17.669+0600][976.296s][info][gc,stats       ]   Prepare                          2488 us
[2026-04-03T03:08:17.669+0600][976.296s][info][gc,stats       ]     Update Roots                   1564 us, parallelism: 5.28x
[2026-04-03T03:08:17.669+0600][976.296s][info][gc,stats       ]       FU: <total>                  8264 us
[2026-04-03T03:08:17.669+0600][976.296s][info][gc,stats       ]       FU: Thread Roots              597 us, workers (us):  83,   4,  51,  23, 205, 233, 
[2026-04-03T03:08:17.670+0600][976.296s][info][gc,stats       ]       FU: Code Cache Roots         6531 us, workers (us): 1070, 1206, 1095, 1190, 994, 975, 
[2026-04-03T03:08:17.670+0600][976.296s][info][gc,stats       ]       FU: VM Strong Roots            19 us, workers (us):   9,   7,   1,   0,   1,   1, 
[2026-04-03T03:08:17.670+0600][976.296s][info][gc,stats       ]       FU: VM Weak Roots             688 us, workers (us): 173, 172, 103, 101,  72,  67, 
[2026-04-03T03:08:17.670+0600][976.296s][info][gc,stats       ]       FU: CLDG Roots                429 us, workers (us): 104,  51, 110,  51,  60,  53, 
[2026-04-03T03:08:17.670+0600][976.296s][info][gc,stats       ]   Mark                          4256701 us, parallelism: 5.99x
[2026-04-03T03:08:17.670+0600][976.296s][info][gc,stats       ]     FM: <total>                25514269 us
[2026-04-03T03:08:17.670+0600][976.296s][info][gc             ] Failed to allocate TLAB, 2656B
[2026-04-03T03:08:17.670+0600][976.296s][info][gc             ] Cancelling GC: Allocation Failure
[2026-04-03T03:08:17.670+0600][976.296s][info][gc,stats       ]     FM: Thread Roots                711 us, workers (us): 183, 118, 102, 119, 139,  51, 
[2026-04-03T03:08:17.670+0600][976.296s][info][gc,stats       ]     FM: VM Strong Roots              21 us, workers (us):   0,   5,   5,   4,   0,   5, 
[2026-04-03T03:08:17.670+0600][976.296s][info][gc,stats       ]     FM: CLDG Roots                  262 us, workers (us): 130,  35,  35,  19,   8,  35, 
[2026-04-03T03:08:17.670+0600][976.296s][info][gc,stats       ]     FM: Parallel Mark          25513277 us, workers (us): 4252096, 4252307, 4252193, 4252178, 4252314, 4252188, 
[2026-04-03T03:08:17.670+0600][976.296s][info][gc,stats       ]     System Purge                   2825 us
[2026-04-03T03:08:17.670+0600][976.296s][info][gc,stats       ]       Weak References               833 us, parallelism: 0.69x
[2026-04-03T03:08:17.670+0600][976.296s][info][gc,stats       ]         WRP: <total>                574 us
[2026-04-03T03:08:17.670+0600][976.296s][info][gc,stats       ]         WRP: Weak References        574 us, workers (us): 130,  43, 347,  20,   1,  33, 
[2026-04-03T03:08:17.670+0600][976.296s][info][gc,stats       ]       Unload Classes               1664 us, parallelism: 4.98x
[2026-04-03T03:08:17.670+0600][976.296s][info][gc,stats       ]         CU: <total>                8278 us
[2026-04-03T03:08:17.670+0600][976.296s][info][gc,stats       ]         CU: Unload Code Caches     8278 us, workers (us): 1433, 1390, 1368, 1357, 1357, 1374, 
[2026-04-03T03:08:17.670+0600][976.296s][info][gc,stats       ]       Weak Roots                    310 us, parallelism: 2.19x
[2026-04-03T03:08:17.670+0600][976.296s][info][gc,stats       ]         WR: <total>                 678 us
[2026-04-03T03:08:17.670+0600][976.296s][info][gc,stats       ]         WR: VM Weak Roots           678 us, workers (us): 239, 108,  88,  87,  80,  76, 
[2026-04-03T03:08:17.670+0600][976.296s][info][gc,stats       ]       CLDG                            2 us
[2026-04-03T03:08:17.670+0600][976.296s][info][gc,stats       ]   Calculate Addresses             83430 us
[2026-04-03T03:08:17.670+0600][976.296s][info][gc,stats       ]     Regular Objects               83323 us
[2026-04-03T03:08:17.670+0600][976.296s][info][gc,stats       ]     Humongous Objects                30 us
[2026-04-03T03:08:17.670+0600][976.296s][info][gc,stats       ]   Adjust Pointers                100759 us
[2026-04-03T03:08:17.670+0600][976.296s][info][gc,stats       ]     FA: <total>                    7834 us
[2026-04-03T03:08:17.670+0600][976.296s][info][gc,stats       ]     FA: Thread Roots                541 us, workers (us):  79, 146,   2, 136,  64, 114, 
[2026-04-03T03:08:17.670+0600][976.296s][info][gc,stats       ]     FA: Code Cache Roots           6018 us, workers (us): 1028, 855, 1138, 971, 1037, 988, 
[2026-04-03T03:08:17.670+0600][976.296s][info][gc,stats       ]     FA: VM Strong Roots              18 us, workers (us):  14,   1,   1,   1,   1,   1, 
[2026-04-03T03:08:17.670+0600][976.296s][info][gc,stats       ]     FA: VM Weak Roots               717 us, workers (us): 194, 115, 101, 101, 102, 103, 
[2026-04-03T03:08:17.670+0600][976.296s][info][gc,stats       ]     FA: CLDG Roots                  541 us, workers (us):  57, 160, 136,  58,  70,  59, 
[2026-04-03T03:08:17.670+0600][976.296s][info][gc,stats       ]   Copy Objects                    95163 us
[2026-04-03T03:08:17.670+0600][976.296s][info][gc,stats       ]     Regular Objects               94219 us
[2026-04-03T03:08:17.670+0600][976.296s][info][gc,stats       ]     Humongous Objects                22 us
[2026-04-03T03:08:17.670+0600][976.296s][info][gc,stats       ]     Reset Complete Bitmap           675 us
[2026-04-03T03:08:17.670+0600][976.296s][info][gc,stats       ]     Rebuild Region Sets             245 us
[2026-04-03T03:08:17.670+0600][976.296s][info][gc,stats       ]   Post Heap Dump                      2 us
[2026-04-03T03:08:17.670+0600][976.296s][info][gc,stats       ] 
[2026-04-03T03:08:17.670+0600][976.296s][info][gc,stats       ] Allocation pacing accrued:
[2026-04-03T03:08:17.670+0600][976.296s][info][gc,stats       ]       0 of  8805 ms (  0.0%): <total>
[2026-04-03T03:08:17.670+0600][976.296s][info][gc,stats       ]       0 of  8805 ms (  0.0%): <average total>
[2026-04-03T03:08:17.670+0600][976.296s][info][gc,stats       ] 
[2026-04-03T03:08:17.670+0600][976.296s][info][gc,metaspace   ] Metaspace: 49763K(50240K)->49767K(50240K) NonClass: 43546K(43840K)->43549K(43840K) Class: 6216K(6400K)->6218K(6400K)
[2026-04-03T03:08:17.670+0600][976.296s][info][gc,ergo        ] Pacer for Idle. Initial: 10240K, Alloc Tax Rate: 1.0x
[2026-04-03T03:08:17.671+0600][976.297s][info][gc             ] Trigger: Handle Allocation Failure
[2026-04-03T03:08:17.671+0600][976.297s][info][gc,ergo        ] Free: 0B, Max: 0B regular, 0B humongous, Frag: 0% external, 0% internal; Reserve: 10496K, Max: 256K
[2026-04-03T03:08:17.671+0600][976.298s][info][gc,start       ] GC(141) Pause Degenerated GC (Outside of Cycle)
[2026-04-03T03:08:17.671+0600][976.298s][info][gc,task        ] GC(141) Using 6 of 6 workers for stw degenerated gc
[2026-04-03T03:08:17.672+0600][976.298s][info][gc,ref         ] GC(141) Clearing All SoftReferences
[2026-04-03T03:08:21.310+0600][979.937s][info][gc,ref         ] GC(141) Encountered references: Soft: 2448, Weak: 2789, Final: 74, Phantom: 585
[2026-04-03T03:08:21.310+0600][979.937s][info][gc,ref         ] GC(141) Discovered  references: Soft: 244, Weak: 1080, Final: 74, Phantom: 581
[2026-04-03T03:08:21.310+0600][979.937s][info][gc,ref         ] GC(141) Enqueued    references: Soft: 3, Weak: 4, Final: 0, Phantom: 0
[2026-04-03T03:08:21.312+0600][979.939s][info][gc,ergo        ] GC(141) Adaptive CSet Selection. Target Free: 72533K, Actual Free: 10496K, Max CSet: 21333K, Min Garbage: 62037K
[2026-04-03T03:08:21.313+0600][979.939s][info][gc,ergo        ] GC(141) Collectable Garbage: 111K (100%), Immediate: 0B (0%), CSet: 111K (100%)
[2026-04-03T03:08:21.316+0600][979.942s][info][gc             ] GC(141) Cancelling GC: Allocation Failure During Evacuation
[2026-04-03T03:08:21.317+0600][979.944s][info][gc             ] GC(141) Cannot finish degeneration, upgrading to Full GC
[2026-04-03T03:08:21.320+0600][979.947s][info][gc,phases,start] GC(141) Phase 1: Mark live objects
[2026-04-03T03:08:21.321+0600][979.947s][info][gc,ref         ] GC(141) Clearing All SoftReferences
[2026-04-03T03:08:21.321+0600][979.947s][info][gc,ref         ] GC(141) Clearing All SoftReferences
[2026-04-03T03:08:24.939+0600][983.566s][info][gc,ref         ] GC(141) Encountered references: Soft: 2445, Weak: 2785, Final: 74, Phantom: 585
[2026-04-03T03:08:24.939+0600][983.566s][info][gc,ref         ] GC(141) Discovered  references: Soft: 238, Weak: 1339, Final: 74, Phantom: 581
[2026-04-03T03:08:24.939+0600][983.566s][info][gc,ref         ] GC(141) Enqueued    references: Soft: 0, Weak: 0, Final: 0, Phantom: 0
[2026-04-03T03:08:24.941+0600][983.567s][info][gc,phases      ] GC(141) Phase 1: Mark live objects 3620.524ms
[2026-04-03T03:08:24.941+0600][983.567s][info][gc,phases,start] GC(141) Phase 2: Compute new object addresses
[2026-04-03T03:08:25.025+0600][983.652s][info][gc,phases      ] GC(141) Phase 2: Compute new object addresses 84.314ms
[2026-04-03T03:08:25.025+0600][983.652s][info][gc,phases,start] GC(141) Phase 3: Adjust pointers
[2026-04-03T03:08:25.126+0600][983.752s][info][gc,phases      ] GC(141) Phase 3: Adjust pointers 100.787ms
[2026-04-03T03:08:25.126+0600][983.753s][info][gc,phases,start] GC(141) Phase 4: Move objects
[2026-04-03T03:08:25.218+0600][983.844s][info][gc,phases      ] GC(141) Phase 4: Move objects 91.583ms
[2026-04-03T03:08:25.218+0600][983.844s][info][gc,ergo        ] GC(141) Bad progress for free space: 148K, need 5120K
[2026-04-03T03:08:25.218+0600][983.844s][info][gc             ] GC(141) Pause Degenerated GC (Outside of Cycle) 488M->488M(500M) 7546.806ms
[2026-04-03T03:08:25.218+0600][983.845s][info][gc,ergo        ] Free: 148K, Max: 57536B regular, 0B humongous, Frag: 0% external, 99% internal; Reserve: 10496K, Max: 256K
[2026-04-03T03:08:25.218+0600][983.845s][info][gc,stats       ] 
[2026-04-03T03:08:25.218+0600][983.845s][info][gc,stats       ] All times are wall-clock times, except per-root-class counters, that are sum over
[2026-04-03T03:08:25.218+0600][983.845s][info][gc,stats       ] all workers. Dividing the <total> over the root stage time estimates parallelism.
[2026-04-03T03:08:25.218+0600][983.845s][info][gc,stats       ] 
[2026-04-03T03:08:25.218+0600][983.845s][info][gc,stats       ] Pause Degenerated GC (G)        7547047 us
[2026-04-03T03:08:25.218+0600][983.845s][info][gc,stats       ] Pause Degenerated GC (N)        7546829 us
[2026-04-03T03:08:25.218+0600][983.845s][info][gc,stats       ]   Degen STW Mark                3638539 us, parallelism: 6.00x
[2026-04-03T03:08:25.218+0600][983.845s][info][gc,stats       ]     DSM: <total>               21823773 us
[2026-04-03T03:08:25.218+0600][983.845s][info][gc,stats       ]     DSM: Thread Roots               696 us, workers (us): 158, 153, 107, 100, 101,  77, 
[2026-04-03T03:08:25.218+0600][983.845s][info][gc,stats       ]     DSM: VM Strong Roots             22 us, workers (us):   0,   5,   5,   3,   4,   4, 
[2026-04-03T03:08:25.218+0600][983.845s][info][gc,stats       ]     DSM: CLDG Roots                 268 us, workers (us): 131,  29,  25,  29,  28,  26, 
[2026-04-03T03:08:25.218+0600][983.845s][info][gc,stats       ]     DSM: Parallel Mark         21822787 us, workers (us): 3636975, 3637243, 3637266, 3636934, 3637184, 3637186, 
[2026-04-03T03:08:25.218+0600][983.845s][info][gc,stats       ]     System Purge                   2277 us
[2026-04-03T03:08:25.218+0600][983.845s][info][gc,stats       ]       Weak References               407 us, parallelism: 1.33x
[2026-04-03T03:08:25.218+0600][983.845s][info][gc,stats       ]         WRP: <total>                541 us
[2026-04-03T03:08:25.218+0600][983.845s][info][gc,stats       ]         WRP: Weak References        541 us, workers (us): 250,  35, 229,  27,   0,   0, 
[2026-04-03T03:08:25.218+0600][983.845s][info][gc,stats       ]       Unload Classes               1611 us, parallelism: 4.77x
[2026-04-03T03:08:25.218+0600][983.845s][info][gc,stats       ]         DCU: <total>               7677 us
[2026-04-03T03:08:25.219+0600][983.845s][info][gc,stats       ]         DCU: Unload Code Caches     7677 us, workers (us): 1309, 1295, 1306, 1285, 1257, 1225, 
[2026-04-03T03:08:25.219+0600][983.845s][info][gc,stats       ]       Weak Roots                    192 us, parallelism: 2.78x
[2026-04-03T03:08:25.219+0600][983.845s][info][gc,stats       ]         DWR: <total>                533 us
[2026-04-03T03:08:25.219+0600][983.845s][info][gc,stats       ]         DWR: VM Weak Roots          533 us, workers (us): 151, 148, 100,  46,  43,  44, 
[2026-04-03T03:08:25.219+0600][983.845s][info][gc,stats       ]       CLDG                            2 us
[2026-04-03T03:08:25.219+0600][983.845s][info][gc,stats       ]   Update Region States               23 us
[2026-04-03T03:08:25.219+0600][983.845s][info][gc,stats       ]   Manage GC/TLABs                     9 us
[2026-04-03T03:08:25.219+0600][983.845s][info][gc,stats       ]   Choose Collection Set             178 us
[2026-04-03T03:08:25.219+0600][983.845s][info][gc,stats       ]   Rebuild Free Set                   40 us
[2026-04-03T03:08:25.219+0600][983.845s][info][gc,stats       ]   Evacuation                       4496 us
[2026-04-03T03:08:25.219+0600][983.845s][info][gc,stats       ]   Pre Heap Dump                       1 us
[2026-04-03T03:08:25.219+0600][983.845s][info][gc,stats       ]   Prepare                          2882 us
[2026-04-03T03:08:25.219+0600][983.845s][info][gc,stats       ]     Update Roots                   1952 us, parallelism: 4.54x
[2026-04-03T03:08:25.219+0600][983.845s][info][gc,stats       ]       FU: <total>                  8855 us
[2026-04-03T03:08:25.219+0600][983.845s][info][gc,stats       ]       FU: Thread Roots              657 us, workers (us):  27,   3,  83, 124, 235, 185, 
[2026-04-03T03:08:25.219+0600][983.845s][info][gc,stats       ]       FU: Code Cache Roots         6859 us, workers (us): 1222, 1404, 1156, 1110, 993, 975, 
[2026-04-03T03:08:25.219+0600][983.845s][info][gc,stats       ]       FU: VM Strong Roots            14 us, workers (us):  10,   1,   0,   1,   1,   1, 
[2026-04-03T03:08:25.219+0600][983.845s][info][gc,stats       ]       FU: VM Weak Roots             698 us, workers (us): 203, 135, 134,  78,  75,  74, 
[2026-04-03T03:08:25.219+0600][983.845s][info][gc             ] Failed to allocate TLAB, 2656B
[2026-04-03T03:08:25.219+0600][983.845s][info][gc             ] Cancelling GC: Allocation Failure
[2026-04-03T03:08:25.219+0600][983.845s][info][gc,stats       ]       FU: CLDG Roots                627 us, workers (us):  80, 144,  79,  82,  88, 154, 
[2026-04-03T03:08:25.219+0600][983.845s][info][gc,stats       ]   Mark                          3620449 us, parallelism: 6.00x
[2026-04-03T03:08:25.219+0600][983.845s][info][gc,stats       ]     FM: <total>                21704995 us
[2026-04-03T03:08:25.219+0600][983.845s][info][gc,stats       ]     FM: Thread Roots                830 us, workers (us): 202, 198, 135, 113,  99,  83, 
[2026-04-03T03:08:25.219+0600][983.845s][info][gc,stats       ]     FM: VM Strong Roots              26 us, workers (us):   6,   0,   5,   5,   5,   5, 
[2026-04-03T03:08:25.219+0600][983.845s][info][gc,stats       ]     FM: CLDG Roots                  323 us, workers (us):  37, 152,  30,  33,  38,  34, 
[2026-04-03T03:08:25.219+0600][983.845s][info][gc,stats       ]     FM: Parallel Mark          21703816 us, workers (us): 3617327, 3617218, 3617427, 3617427, 3617249, 3617166, 
[2026-04-03T03:08:25.219+0600][983.845s][info][gc,stats       ]     System Purge                   1973 us
[2026-04-03T03:08:25.219+0600][983.845s][info][gc,stats       ]       Weak References               341 us, parallelism: 0.75x
[2026-04-03T03:08:25.219+0600][983.845s][info][gc,stats       ]         WRP: <total>                254 us
[2026-04-03T03:08:25.219+0600][983.845s][info][gc,stats       ]         WRP: Weak References        254 us, workers (us): 115,  22,  84,  18,  15,   0, 
[2026-04-03T03:08:25.219+0600][983.845s][info][gc,stats       ]       Unload Classes               1407 us, parallelism: 5.18x
[2026-04-03T03:08:25.219+0600][983.845s][info][gc,stats       ]         CU: <total>                7284 us
[2026-04-03T03:08:25.219+0600][983.845s][info][gc,stats       ]         CU: Unload Code Caches     7284 us, workers (us): 1230, 1234, 1248, 1234, 1175, 1165, 
[2026-04-03T03:08:25.219+0600][983.845s][info][gc,stats       ]       Weak Roots                    211 us, parallelism: 2.66x
[2026-04-03T03:08:25.219+0600][983.845s][info][gc,stats       ]         WR: <total>                 561 us
[2026-04-03T03:08:25.219+0600][983.845s][info][gc,stats       ]         WR: VM Weak Roots           561 us, workers (us): 161,  90,  91,  90,  84,  43, 
[2026-04-03T03:08:25.219+0600][983.845s][info][gc,stats       ]       CLDG                            2 us
[2026-04-03T03:08:25.219+0600][983.845s][info][gc,stats       ]   Calculate Addresses             84306 us
[2026-04-03T03:08:25.219+0600][983.845s][info][gc,stats       ]     Regular Objects               84209 us
[2026-04-03T03:08:25.219+0600][983.845s][info][gc,stats       ]     Humongous Objects                30 us
[2026-04-03T03:08:25.219+0600][983.845s][info][gc,stats       ]   Adjust Pointers                100775 us
[2026-04-03T03:08:25.219+0600][983.845s][info][gc,stats       ]     FA: <total>                    8184 us
[2026-04-03T03:08:25.219+0600][983.845s][info][gc,stats       ]     FA: Thread Roots                501 us, workers (us): 260,  23,   4, 147,   1,  65, 
[2026-04-03T03:08:25.219+0600][983.845s][info][gc,stats       ]     FA: Code Cache Roots           6265 us, workers (us): 870, 1113, 974, 985, 1267, 1055, 
[2026-04-03T03:08:25.219+0600][983.845s][info][gc,stats       ]     FA: VM Strong Roots              19 us, workers (us):  15,   1,   1,   1,   1,   1, 
[2026-04-03T03:08:25.219+0600][983.845s][info][gc,stats       ]     FA: VM Weak Roots               646 us, workers (us): 186, 121, 123,  73,  71,  70, 
[2026-04-03T03:08:25.219+0600][983.845s][info][gc,stats       ]     FA: CLDG Roots                  754 us, workers (us):  85,  84, 239,  83, 163, 100, 
[2026-04-03T03:08:25.219+0600][983.845s][info][gc,stats       ]   Copy Objects                    91570 us
[2026-04-03T03:08:25.219+0600][983.845s][info][gc,stats       ]     Regular Objects               90656 us
[2026-04-03T03:08:25.219+0600][983.845s][info][gc,stats       ]     Humongous Objects                21 us
[2026-04-03T03:08:25.219+0600][983.845s][info][gc,stats       ]     Reset Complete Bitmap           661 us
[2026-04-03T03:08:25.219+0600][983.845s][info][gc,stats       ]     Rebuild Region Sets             230 us
[2026-04-03T03:08:25.219+0600][983.845s][info][gc,stats       ]   Post Heap Dump                      1 us
[2026-04-03T03:08:25.219+0600][983.845s][info][gc,stats       ] 
[2026-04-03T03:08:25.219+0600][983.845s][info][gc,stats       ] Allocation pacing accrued:
[2026-04-03T03:08:25.219+0600][983.845s][info][gc,stats       ]       0 of  7549 ms (  0.0%): <total>
[2026-04-03T03:08:25.219+0600][983.845s][info][gc,stats       ]       0 of  7549 ms (  0.0%): <average total>
[2026-04-03T03:08:25.219+0600][983.845s][info][gc,stats       ] 
[2026-04-03T03:08:25.219+0600][983.845s][info][gc,metaspace   ] Metaspace: 49767K(50240K)->49768K(50240K) NonClass: 43549K(43840K)->43549K(43840K) Class: 6218K(6400K)->6218K(6400K)
[2026-04-03T03:08:25.219+0600][983.845s][info][gc,ergo        ] Pacer for Idle. Initial: 10240K, Alloc Tax Rate: 1.0x
[2026-04-03T03:08:25.220+0600][983.847s][info][gc             ] Trigger: Handle Allocation Failure
[2026-04-03T03:08:25.220+0600][983.847s][info][gc,ergo        ] Free: 0B, Max: 0B regular, 0B humongous, Frag: 0% external, 0% internal; Reserve: 10496K, Max: 256K
[2026-04-03T03:08:25.220+0600][983.847s][info][gc,start       ] GC(142) Pause Full
[2026-04-03T03:08:25.220+0600][983.847s][info][gc,task        ] GC(142) Using 6 of 6 workers for full gc
[2026-04-03T03:08:25.221+0600][983.847s][info][gc,phases,start] GC(142) Phase 1: Mark live objects
[2026-04-03T03:08:25.221+0600][983.847s][info][gc,ref         ] GC(142) Clearing All SoftReferences
[2026-04-03T03:08:25.221+0600][983.847s][info][gc,ref         ] GC(142) Clearing All SoftReferences
[2026-04-03T03:08:29.044+0600][987.671s][info][gc,ref         ] GC(142) Encountered references: Soft: 2445, Weak: 2791, Final: 74, Phantom: 585
[2026-04-03T03:08:29.044+0600][987.671s][info][gc,ref         ] GC(142) Discovered  references: Soft: 240, Weak: 590, Final: 74, Phantom: 559
[2026-04-03T03:08:29.044+0600][987.671s][info][gc,ref         ] GC(142) Enqueued    references: Soft: 0, Weak: 0, Final: 0, Phantom: 0
[2026-04-03T03:08:29.046+0600][987.673s][info][gc,phases      ] GC(142) Phase 1: Mark live objects 3825.753ms
[2026-04-03T03:08:29.046+0600][987.673s][info][gc,phases,start] GC(142) Phase 2: Compute new object addresses
[2026-04-03T03:08:29.129+0600][987.755s][info][gc,phases      ] GC(142) Phase 2: Compute new object addresses 82.510ms
[2026-04-03T03:08:29.129+0600][987.755s][info][gc,phases,start] GC(142) Phase 3: Adjust pointers
[2026-04-03T03:08:29.234+0600][987.861s][info][gc,phases      ] GC(142) Phase 3: Adjust pointers 105.176ms
[2026-04-03T03:08:29.234+0600][987.861s][info][gc,phases,start] GC(142) Phase 4: Move objects
[2026-04-03T03:08:29.322+0600][987.948s][info][gc,phases      ] GC(142) Phase 4: Move objects 87.275ms
[2026-04-03T03:08:29.322+0600][987.948s][info][gc,ergo        ] GC(142) Bad progress for free space: 74616B, need 5120K
[2026-04-03T03:08:29.322+0600][987.948s][info][gc             ] GC(142) Pause Full 488M->488M(500M) 4101.425ms
[2026-04-03T03:08:29.322+0600][987.948s][info][gc,ergo        ] Free: 54448B, Max: 14448B regular, 0B humongous, Frag: 0% external, 99% internal; Reserve: 10496K, Max: 256K
[2026-04-03T03:08:29.322+0600][987.948s][info][gc,stats       ] 
[2026-04-03T03:08:29.322+0600][987.948s][info][gc,stats       ] All times are wall-clock times, except per-root-class counters, that are sum over
[2026-04-03T03:08:29.322+0600][987.948s][info][gc,stats       ] all workers. Dividing the <total> over the root stage time estimates parallelism.
[2026-04-03T03:08:29.322+0600][987.948s][info][gc,stats       ] 
[2026-04-03T03:08:29.322+0600][987.948s][info][gc,stats       ] Pause Full GC (G)               4101645 us
[2026-04-03T03:08:29.322+0600][987.948s][info][gc,stats       ] Pause Full GC (N)               4101435 us
[2026-04-03T03:08:29.322+0600][987.948s][info][gc,stats       ]   Pre Heap Dump                       1 us
[2026-04-03T03:08:29.322+0600][987.948s][info][gc,stats       ]   Prepare                           199 us
[2026-04-03T03:08:29.322+0600][987.948s][info][gc,stats       ]   Mark                          3825725 us, parallelism: 5.99x
[2026-04-03T03:08:29.322+0600][987.948s][info][gc,stats       ]     FM: <total>                22932257 us
[2026-04-03T03:08:29.322+0600][987.948s][info][gc,stats       ]     FM: Thread Roots                583 us, workers (us): 150, 103, 127,  71,  80,  51, 
[2026-04-03T03:08:29.322+0600][987.948s][info][gc,stats       ]     FM: VM Strong Roots              19 us, workers (us):   0,   6,   0,   5,   4,   5, 
[2026-04-03T03:08:29.322+0600][987.948s][info][gc,stats       ]     FM: CLDG Roots                  236 us, workers (us): 123,  28,  14,  27,  18,  27, 
[2026-04-03T03:08:29.322+0600][987.949s][info][gc,stats       ]     FM: Parallel Mark          22931419 us, workers (us): 3821910, 3821791, 3821919, 3822004, 3821851, 3821943, 
[2026-04-03T03:08:29.322+0600][987.949s][info][gc,stats       ]     System Purge                   2369 us
[2026-04-03T03:08:29.322+0600][987.949s][info][gc,stats       ]       Weak References               468 us, parallelism: 0.74x
[2026-04-03T03:08:29.322+0600][987.948s][info][gc             ] Failed to allocate TLAB, 2656B
[2026-04-03T03:08:29.322+0600][987.949s][info][gc             ] Cancelling GC: Allocation Failure
[2026-04-03T03:08:29.322+0600][987.949s][info][gc,stats       ]         WRP: <total>                346 us
[2026-04-03T03:08:29.322+0600][987.949s][info][gc,stats       ]         WRP: Weak References        346 us, workers (us): 310,  35,   1,   0,   0,   0, 
[2026-04-03T03:08:29.322+0600][987.949s][info][gc,stats       ]       Unload Classes               1658 us, parallelism: 4.63x
[2026-04-03T03:08:29.322+0600][987.949s][info][gc,stats       ]         CU: <total>                7682 us
[2026-04-03T03:08:29.322+0600][987.949s][info][gc,stats       ]         CU: Unload Code Caches     7682 us, workers (us): 1344, 1277, 1291, 1272, 1261, 1238, 
[2026-04-03T03:08:29.322+0600][987.949s][info][gc,stats       ]       Weak Roots                    226 us, parallelism: 2.38x
[2026-04-03T03:08:29.322+0600][987.949s][info][gc,stats       ]         WR: <total>                 539 us
[2026-04-03T03:08:29.322+0600][987.949s][info][gc,stats       ]         WR: VM Weak Roots           539 us, workers (us): 174,  99, 101,  58,  53,  54, 
[2026-04-03T03:08:29.322+0600][987.949s][info][gc,stats       ]       CLDG                            2 us
[2026-04-03T03:08:29.322+0600][987.949s][info][gc,stats       ]   Calculate Addresses             82502 us
[2026-04-03T03:08:29.322+0600][987.949s][info][gc,stats       ]     Regular Objects               82408 us
[2026-04-03T03:08:29.322+0600][987.949s][info][gc,stats       ]     Humongous Objects                30 us
[2026-04-03T03:08:29.322+0600][987.949s][info][gc,stats       ]   Adjust Pointers                105165 us
[2026-04-03T03:08:29.322+0600][987.949s][info][gc,stats       ]     FA: <total>                    8160 us
[2026-04-03T03:08:29.322+0600][987.949s][info][gc,stats       ]     FA: Thread Roots                539 us, workers (us):  63,   2,  98, 225,  39, 113, 
[2026-04-03T03:08:29.322+0600][987.949s][info][gc,stats       ]     FA: Code Cache Roots           6412 us, workers (us): 1097, 1286, 1061, 930, 991, 1048, 
[2026-04-03T03:08:29.322+0600][987.949s][info][gc,stats       ]     FA: VM Strong Roots              17 us, workers (us):  12,   1,   1,   1,   1,   1, 
[2026-04-03T03:08:29.323+0600][987.949s][info][gc,stats       ]     FA: VM Weak Roots               627 us, workers (us): 182,  90,  90,  89,  88,  87, 
[2026-04-03T03:08:29.323+0600][987.949s][info][gc,stats       ]     FA: CLDG Roots                  564 us, workers (us):  58, 135,  57,  69, 186,  61, 
[2026-04-03T03:08:29.323+0600][987.949s][info][gc,stats       ]   Copy Objects                    87261 us
[2026-04-03T03:08:29.323+0600][987.949s][info][gc,stats       ]     Regular Objects               86266 us
[2026-04-03T03:08:29.323+0600][987.949s][info][gc,stats       ]     Humongous Objects                23 us
[2026-04-03T03:08:29.323+0600][987.949s][info][gc,stats       ]     Reset Complete Bitmap           782 us
[2026-04-03T03:08:29.323+0600][987.949s][info][gc,stats       ]     Rebuild Region Sets             186 us
[2026-04-03T03:08:29.323+0600][987.949s][info][gc,stats       ]   Post Heap Dump                      1 us
[2026-04-03T03:08:29.323+0600][987.949s][info][gc,stats       ] 
[2026-04-03T03:08:29.323+0600][987.949s][info][gc,stats       ] Allocation pacing accrued:
[2026-04-03T03:08:29.323+0600][987.949s][info][gc,stats       ]       0 of  4104 ms (  0.0%): <total>
[2026-04-03T03:08:29.323+0600][987.949s][info][gc,stats       ]       0 of  4104 ms (  0.0%): <average total>
[2026-04-03T03:08:29.323+0600][987.949s][info][gc,stats       ] 
[2026-04-03T03:08:29.323+0600][987.949s][info][gc,metaspace   ] Metaspace: 49768K(50240K)->49768K(50240K) NonClass: 43549K(43840K)->43549K(43840K) Class: 6218K(6400K)->6218K(6400K)
[2026-04-03T03:08:29.323+0600][987.949s][info][gc,ergo        ] Pacer for Idle. Initial: 10240K, Alloc Tax Rate: 1.0x
[2026-04-03T03:08:29.325+0600][987.951s][info][gc             ] Trigger: Handle Allocation Failure
[2026-04-03T03:08:29.325+0600][987.951s][info][gc,ergo        ] Free: 0B, Max: 0B regular, 0B humongous, Frag: 0% external, 0% internal; Reserve: 10496K, Max: 256K
[2026-04-03T03:08:29.325+0600][987.951s][info][gc,start       ] GC(143) Pause Degenerated GC (Outside of Cycle)
[2026-04-03T03:08:29.325+0600][987.951s][info][gc,task        ] GC(143) Using 6 of 6 workers for stw degenerated gc
[2026-04-03T03:08:29.325+0600][987.952s][info][gc,ref         ] GC(143) Clearing All SoftReferences
[2026-04-03T03:08:32.284+0600][990.911s][info][gc,ref         ] GC(143) Encountered references: Soft: 2447, Weak: 2791, Final: 74, Phantom: 585
[2026-04-03T03:08:32.285+0600][990.911s][info][gc,ref         ] GC(143) Discovered  references: Soft: 244, Weak: 958, Final: 74, Phantom: 581
[2026-04-03T03:08:32.285+0600][990.911s][info][gc,ref         ] GC(143) Enqueued    references: Soft: 0, Weak: 0, Final: 0, Phantom: 0
[2026-04-03T03:08:32.287+0600][990.913s][info][gc,ergo        ] GC(143) Adaptive CSet Selection. Target Free: 72533K, Actual Free: 10496K, Max CSet: 21333K, Min Garbage: 62037K
[2026-04-03T03:08:32.287+0600][990.913s][info][gc,ergo        ] GC(143) Collectable Garbage: 16776B (100%), Immediate: 0B (0%), CSet: 16776B (100%)
[2026-04-03T03:08:32.291+0600][990.918s][info][gc             ] GC(143) Cancelling GC: Allocation Failure During Evacuation
[2026-04-03T03:08:32.293+0600][990.919s][info][gc             ] GC(143) Cannot finish degeneration, upgrading to Full GC
[2026-04-03T03:08:32.297+0600][990.923s][info][gc,phases,start] GC(143) Phase 1: Mark live objects
[2026-04-03T03:08:32.297+0600][990.923s][info][gc,ref         ] GC(143) Clearing All SoftReferences
[2026-04-03T03:08:32.297+0600][990.923s][info][gc,ref         ] GC(143) Clearing All SoftReferences
[2026-04-03T03:08:36.188+0600][994.814s][info][gc,ref         ] GC(143) Encountered references: Soft: 2447, Weak: 2791, Final: 74, Phantom: 585
[2026-04-03T03:08:36.188+0600][994.815s][info][gc,ref         ] GC(143) Discovered  references: Soft: 245, Weak: 192, Final: 74, Phantom: 559
[2026-04-03T03:08:36.188+0600][994.815s][info][gc,ref         ] GC(143) Enqueued    references: Soft: 0, Weak: 0, Final: 0, Phantom: 0
[2026-04-03T03:08:36.190+0600][994.816s][info][gc,phases      ] GC(143) Phase 1: Mark live objects 3893.238ms
[2026-04-03T03:08:36.190+0600][994.817s][info][gc,phases,start] GC(143) Phase 2: Compute new object addresses
[2026-04-03T03:08:36.274+0600][994.900s][info][gc,phases      ] GC(143) Phase 2: Compute new object addresses 83.910ms
[2026-04-03T03:08:36.274+0600][994.901s][info][gc,phases,start] GC(143) Phase 3: Adjust pointers
[2026-04-03T03:08:36.377+0600][995.003s][info][gc,phases      ] GC(143) Phase 3: Adjust pointers 102.287ms
[2026-04-03T03:08:36.377+0600][995.003s][info][gc,phases,start] GC(143) Phase 4: Move objects
[2026-04-03T03:08:36.473+0600][995.099s][info][gc,phases      ] GC(143) Phase 4: Move objects 96.051ms
[2026-04-03T03:08:36.473+0600][995.099s][info][gc,ergo        ] GC(143) Bad progress for free space: 302K, need 5120K
[2026-04-03T03:08:36.473+0600][995.099s][info][gc             ] GC(143) Pause Degenerated GC (Outside of Cycle) 488M->488M(500M) 7147.976ms
[2026-04-03T03:08:36.473+0600][995.100s][info][gc,ergo        ] Free: 302K, Max: 128K regular, 0B humongous, Frag: 0% external, 99% internal; Reserve: 10240K, Max: 256K
[2026-04-03T03:08:36.473+0600][995.100s][info][gc,stats       ] 
[2026-04-03T03:08:36.473+0600][995.100s][info][gc,stats       ] All times are wall-clock times, except per-root-class counters, that are sum over
[2026-04-03T03:08:36.473+0600][995.100s][info][gc,stats       ] all workers. Dividing the <total> over the root stage time estimates parallelism.
[2026-04-03T03:08:36.473+0600][995.100s][info][gc,stats       ] 
[2026-04-03T03:08:36.473+0600][995.100s][info][gc,stats       ] Pause Degenerated GC (G)        7148240 us
[2026-04-03T03:08:36.473+0600][995.100s][info][gc,stats       ] Pause Degenerated GC (N)        7147989 us
[2026-04-03T03:08:36.473+0600][995.100s][info][gc,stats       ]   Degen STW Mark                2958838 us, parallelism: 6.00x
[2026-04-03T03:08:36.473+0600][995.100s][info][gc,stats       ]     DSM: <total>               17747801 us
[2026-04-03T03:08:36.473+0600][995.100s][info][gc,stats       ]     DSM: Thread Roots               679 us, workers (us): 180, 148,  96,  78,  79,  97, 
[2026-04-03T03:08:36.473+0600][995.100s][info][gc,stats       ]     DSM: VM Strong Roots             20 us, workers (us):   0,   0,   6,   7,   6,   0, 
[2026-04-03T03:08:36.473+0600][995.100s][info][gc,stats       ]     DSM: CLDG Roots                 258 us, workers (us):  16, 136,  31,  31,  29,  16, 
[2026-04-03T03:08:36.473+0600][995.100s][info][gc,stats       ]     DSM: Parallel Mark         17746844 us, workers (us): 2957563, 2957815, 2957858, 2957779, 2957914, 2957916, 
[2026-04-03T03:08:36.473+0600][995.100s][info][gc,stats       ]     System Purge                   2352 us
[2026-04-03T03:08:36.473+0600][995.100s][info][gc,stats       ]       Weak References               300 us, parallelism: 0.88x
[2026-04-03T03:08:36.473+0600][995.100s][info][gc,stats       ]         WRP: <total>                263 us
[2026-04-03T03:08:36.473+0600][995.100s][info][gc,stats       ]         WRP: Weak References        263 us, workers (us):  61,  63,  35, 105,   0,   0, 
[2026-04-03T03:08:36.473+0600][995.100s][info][gc,stats       ]       Unload Classes               1878 us, parallelism: 5.40x
[2026-04-03T03:08:36.473+0600][995.100s][info][gc,stats       ]         DCU: <total>              10131 us
[2026-04-03T03:08:36.473+0600][995.100s][info][gc,stats       ]         DCU: Unload Code Caches    10131 us, workers (us): 1738, 1746, 1687, 1666, 1648, 1646, 
[2026-04-03T03:08:36.473+0600][995.100s][info][gc,stats       ]       Weak Roots                    161 us, parallelism: 3.67x
[2026-04-03T03:08:36.473+0600][995.100s][info][gc,stats       ]         DWR: <total>                590 us
[2026-04-03T03:08:36.473+0600][995.100s][info][gc,stats       ]         DWR: VM Weak Roots          590 us, workers (us): 112, 106, 106, 101, 101,  64, 
[2026-04-03T03:08:36.474+0600][995.100s][info][gc,stats       ]       CLDG                            3 us
[2026-04-03T03:08:36.474+0600][995.100s][info][gc,stats       ]   Update Region States               56 us
[2026-04-03T03:08:36.474+0600][995.100s][info][gc,stats       ]   Manage GC/TLABs                    10 us
[2026-04-03T03:08:36.474+0600][995.100s][info][gc,stats       ]   Choose Collection Set             246 us
[2026-04-03T03:08:36.474+0600][995.100s][info][gc,stats       ]   Rebuild Free Set                   52 us
[2026-04-03T03:08:36.474+0600][995.100s][info][gc,stats       ]   Evacuation                       5621 us
[2026-04-03T03:08:36.474+0600][995.100s][info][gc,stats       ]   Pre Heap Dump                       2 us
[2026-04-03T03:08:36.474+0600][995.100s][info][gc,stats       ]   Prepare                          3817 us
[2026-04-03T03:08:36.474+0600][995.100s][info][gc,stats       ]     Update Roots                   2306 us, parallelism: 5.32x
[2026-04-03T03:08:36.474+0600][995.100s][info][gc,stats       ]       FU: <total>                 12266 us
[2026-04-03T03:08:36.474+0600][995.100s][info][gc,stats       ]       FU: Thread Roots              969 us, workers (us): 107, 145,  92, 348, 135, 141, 
[2026-04-03T03:08:36.474+0600][995.100s][info][gc,stats       ]       FU: Code Cache Roots         9512 us, workers (us): 1671, 1617, 1621, 1336, 1636, 1632, 
[2026-04-03T03:08:36.474+0600][995.100s][info][gc,stats       ]       FU: VM Strong Roots            20 us, workers (us):  13,   2,   1,   1,   2,   2, 
[2026-04-03T03:08:36.474+0600][995.100s][info][gc,stats       ]       FU: VM Weak Roots             903 us, workers (us): 215, 168, 159, 121, 120, 119, 
[2026-04-03T03:08:36.474+0600][995.100s][info][gc,stats       ]       FU: CLDG Roots                862 us, workers (us): 113, 128, 174, 216, 116, 116, 
[2026-04-03T03:08:36.474+0600][995.100s][info][gc,stats       ]   Mark                          3893172 us, parallelism: 6.00x
[2026-04-03T03:08:36.474+0600][995.100s][info][gc,stats       ]     FM: <total>                23339866 us
[2026-04-03T03:08:36.474+0600][995.100s][info][gc,stats       ]     FM: Thread Roots                936 us, workers (us): 232, 155, 153, 141, 133, 122, 
[2026-04-03T03:08:36.474+0600][995.100s][info][gc,stats       ]     FM: VM Strong Roots              31 us, workers (us):   1,   7,   6,   6,   7,   5, 
[2026-04-03T03:08:36.474+0600][995.100s][info][gc,stats       ]     FM: CLDG Roots                  376 us, workers (us): 170,  52,  40,  52,  26,  36, 
[2026-04-03T03:08:36.474+0600][995.100s][info][gc,stats       ]     FM: Parallel Mark          23338523 us, workers (us): 3889512, 3889758, 3889767, 3889868, 3889752, 3889866, 
[2026-04-03T03:08:36.474+0600][995.100s][info][gc,stats       ]     System Purge                   2156 us
[2026-04-03T03:08:36.474+0600][995.100s][info][gc,stats       ]       Weak References               230 us, parallelism: 0.98x
[2026-04-03T03:08:36.474+0600][995.100s][info][gc,stats       ]         WRP: <total>                226 us
[2026-04-03T03:08:36.474+0600][995.100s][info][gc,stats       ]         WRP: Weak References        226 us, workers (us):  65, 107,  53,   1,   0,   0, 
[2026-04-03T03:08:36.474+0600][995.100s][info][gc,stats       ]       Unload Classes               1673 us, parallelism: 5.16x
[2026-04-03T03:08:36.474+0600][995.100s][info][gc,stats       ]         CU: <total>                8627 us
[2026-04-03T03:08:36.474+0600][995.100s][info][gc,stats       ]         CU: Unload Code Caches     8627 us, workers (us): 1467, 1463, 1448, 1469, 1388, 1392, 
[2026-04-03T03:08:36.474+0600][995.100s][info][gc,stats       ]       Weak Roots                    234 us, parallelism: 3.37x
[2026-04-03T03:08:36.474+0600][995.100s][info][gc,stats       ]         WR: <total>                 791 us
[2026-04-03T03:08:36.474+0600][995.100s][info][gc,stats       ]         WR: VM Weak Roots           791 us, workers (us): 194, 123, 121, 118, 117, 118, 
[2026-04-03T03:08:36.474+0600][995.100s][info][gc,stats       ]       CLDG                            3 us
[2026-04-03T03:08:36.474+0600][995.100s][info][gc,stats       ]   Calculate Addresses             83900 us
[2026-04-03T03:08:36.474+0600][995.100s][info][gc,stats       ]     Regular Objects               83788 us
[2026-04-03T03:08:36.474+0600][995.100s][info][gc,stats       ]     Humongous Objects                38 us
[2026-04-03T03:08:36.474+0600][995.100s][info][gc,stats       ]   Adjust Pointers                102274 us
[2026-04-03T03:08:36.474+0600][995.100s][info][gc,stats       ]     FA: <total>                    8586 us
[2026-04-03T03:08:36.474+0600][995.100s][info][gc,stats       ]     FA: Thread Roots                639 us, workers (us):  82,   3, 151, 162,  85, 157, 
[2026-04-03T03:08:36.474+0600][995.100s][info][gc,stats       ]     FA: Code Cache Roots           6449 us, workers (us): 1145, 1077, 1077, 1048, 1151, 951, 
[2026-04-03T03:08:36.474+0600][995.100s][info][gc,stats       ]     FA: VM Strong Roots              23 us, workers (us):  19,   1,   1,   1,   1,   1, 
[2026-04-03T03:08:36.474+0600][995.100s][info][gc,stats       ]     FA: VM Weak Roots               782 us, workers (us): 217, 115, 114, 112, 111, 113, 
[2026-04-03T03:08:36.474+0600][995.100s][info][gc,stats       ]     FA: CLDG Roots                  693 us, workers (us):  65, 241,  64,  85,  71, 168, 
[2026-04-03T03:08:36.474+0600][995.100s][info][gc,stats       ]   Copy Objects                    96038 us
[2026-04-03T03:08:36.474+0600][995.100s][info][gc,stats       ]     Regular Objects               94714 us
[2026-04-03T03:08:36.474+0600][995.100s][info][gc,stats       ]     Humongous Objects                30 us
[2026-04-03T03:08:36.474+0600][995.100s][info][gc,stats       ]     Reset Complete Bitmap           875 us
[2026-04-03T03:08:36.474+0600][995.100s][info][gc,stats       ]     Rebuild Region Sets             417 us
[2026-04-03T03:08:36.474+0600][995.100s][info][gc,stats       ]   Post Heap Dump                      2 us
[2026-04-03T03:08:36.474+0600][995.100s][info][gc,stats       ] 
[2026-04-03T03:08:36.474+0600][995.100s][info][gc,stats       ] Allocation pacing accrued:
[2026-04-03T03:08:36.474+0600][995.100s][info][gc,stats       ]       0 of  7151 ms (  0.0%): <total>
[2026-04-03T03:08:36.474+0600][995.100s][info][gc,stats       ]       0 of  7151 ms (  0.0%): <average total>
[2026-04-03T03:08:36.474+0600][995.100s][info][gc,stats       ] 
[2026-04-03T03:08:36.474+0600][995.100s][info][gc,metaspace   ] Metaspace: 49768K(50240K)->49768K(50240K) NonClass: 43549K(43840K)->43549K(43840K) Class: 6218K(6400K)->6218K(6400K)
[2026-04-03T03:08:36.474+0600][995.100s][info][gc,ergo        ] Pacer for Idle. Initial: 10240K, Alloc Tax Rate: 1.0x
[2026-04-03T03:08:36.474+0600][995.100s][info][gc             ] Failed to allocate TLAB, 2656B
[2026-04-03T03:08:36.474+0600][995.100s][info][gc             ] Cancelling GC: Allocation Failure
[2026-04-03T03:08:36.475+0600][995.101s][info][gc             ] Trigger: Handle Allocation Failure
[2026-04-03T03:08:36.475+0600][995.101s][info][gc,ergo        ] Free: 0B, Max: 0B regular, 0B humongous, Frag: 0% external, 0% internal; Reserve: 10240K, Max: 256K
[2026-04-03T03:08:36.475+0600][995.102s][info][gc,start       ] GC(144) Pause Degenerated GC (Outside of Cycle)
[2026-04-03T03:08:36.475+0600][995.102s][info][gc,task        ] GC(144) Using 6 of 6 workers for stw degenerated gc
[2026-04-03T03:08:36.476+0600][995.102s][info][gc,ref         ] GC(144) Clearing All SoftReferences
[2026-04-03T03:08:40.856+0600][999.482s][info][gc,ref         ] GC(144) Encountered references: Soft: 2447, Weak: 2792, Final: 74, Phantom: 585
[2026-04-03T03:08:40.856+0600][999.482s][info][gc,ref         ] GC(144) Discovered  references: Soft: 246, Weak: 1329, Final: 74, Phantom: 559
[2026-04-03T03:08:40.856+0600][999.482s][info][gc,ref         ] GC(144) Enqueued    references: Soft: 2, Weak: 1, Final: 0, Phantom: 0
[2026-04-03T03:08:40.858+0600][999.484s][info][gc,ergo        ] GC(144) Adaptive CSet Selection. Target Free: 72533K, Actual Free: 10240K, Max CSet: 21333K, Min Garbage: 62293K
[2026-04-03T03:08:40.858+0600][999.484s][info][gc,ergo        ] GC(144) Collectable Garbage: 77888B (100%), Immediate: 0B (0%), CSet: 77888B (100%)
[2026-04-03T03:08:40.861+0600][999.487s][info][gc             ] GC(144) Cancelling GC: Allocation Failure During Evacuation
[2026-04-03T03:08:40.863+0600][999.489s][info][gc             ] GC(144) Cannot finish degeneration, upgrading to Full GC
[2026-04-03T03:08:40.866+0600][999.492s][info][gc,phases,start] GC(144) Phase 1: Mark live objects
[2026-04-03T03:08:40.866+0600][999.492s][info][gc,ref         ] GC(144) Clearing All SoftReferences
[2026-04-03T03:08:40.866+0600][999.492s][info][gc,ref         ] GC(144) Clearing All SoftReferences
[2026-04-03T03:08:44.861+0600][1003.487s][info][gc,ref         ] GC(144) Encountered references: Soft: 2445, Weak: 2791, Final: 74, Phantom: 585
[2026-04-03T03:08:44.861+0600][1003.487s][info][gc,ref         ] GC(144) Discovered  references: Soft: 247, Weak: 1274, Final: 74, Phantom: 581
[2026-04-03T03:08:44.861+0600][1003.487s][info][gc,ref         ] GC(144) Enqueued    references: Soft: 0, Weak: 0, Final: 0, Phantom: 0
[2026-04-03T03:08:44.863+0600][1003.489s][info][gc,phases      ] GC(144) Phase 1: Mark live objects 3997.308ms
[2026-04-03T03:08:44.863+0600][1003.489s][info][gc,phases,start] GC(144) Phase 2: Compute new object addresses
[2026-04-03T03:08:44.954+0600][1003.580s][info][gc,phases      ] GC(144) Phase 2: Compute new object addresses 90.860ms
[2026-04-03T03:08:44.954+0600][1003.580s][info][gc,phases,start] GC(144) Phase 3: Adjust pointers
[2026-04-03T03:08:45.053+0600][1003.680s][info][gc,phases      ] GC(144) Phase 3: Adjust pointers 99.412ms
[2026-04-03T03:08:45.053+0600][1003.680s][info][gc,phases,start] GC(144) Phase 4: Move objects
[2026-04-03T03:08:45.148+0600][1003.775s][info][gc,phases      ] GC(144) Phase 4: Move objects 94.833ms
[2026-04-03T03:08:45.148+0600][1003.775s][info][gc,ergo        ] GC(144) Bad progress for free space: 367K, need 5120K
[2026-04-03T03:08:45.148+0600][1003.775s][info][gc             ] GC(144) Pause Degenerated GC (Outside of Cycle) 488M->488M(500M) 8673.133ms
[2026-04-03T03:08:45.149+0600][1003.775s][info][gc,ergo        ] Free: 337K, Max: 140K regular, 0B humongous, Frag: 0% external, 99% internal; Reserve: 9984K, Max: 256K
[2026-04-03T03:08:45.149+0600][1003.775s][info][gc,stats       ] 
[2026-04-03T03:08:45.149+0600][1003.775s][info][gc,stats       ] All times are wall-clock times, except per-root-class counters, that are sum over
[2026-04-03T03:08:45.149+0600][1003.775s][info][gc,stats       ] all workers. Dividing the <total> over the root stage time estimates parallelism.
[2026-04-03T03:08:45.149+0600][1003.775s][info][gc,stats       ] 
[2026-04-03T03:08:45.149+0600][1003.775s][info][gc,stats       ] Pause Degenerated GC (G)        8673411 us
[2026-04-03T03:08:45.149+0600][1003.775s][info][gc,stats       ] Pause Degenerated GC (N)        8673149 us
[2026-04-03T03:08:45.149+0600][1003.775s][info][gc,stats       ]   Degen STW Mark                4379718 us, parallelism: 6.00x
[2026-04-03T03:08:45.149+0600][1003.775s][info][gc,stats       ]     DSM: <total>               26272088 us
[2026-04-03T03:08:45.149+0600][1003.775s][info][gc,stats       ]     DSM: Thread Roots               770 us, workers (us): 179, 155, 161, 103,  88,  84, 
[2026-04-03T03:08:45.149+0600][1003.775s][info][gc,stats       ]     DSM: VM Strong Roots             22 us, workers (us):   0,   4,   6,   4,   4,   5, 
[2026-04-03T03:08:45.149+0600][1003.775s][info][gc,stats       ]     DSM: CLDG Roots                 284 us, workers (us): 133,  36,  28,  19,  33,  35, 
[2026-04-03T03:08:45.149+0600][1003.775s][info][gc,stats       ]     DSM: Parallel Mark         26271011 us, workers (us): 4378439, 4378501, 4378552, 4378565, 4378401, 4378552, 
[2026-04-03T03:08:45.149+0600][1003.775s][info][gc,stats       ]     System Purge                   2327 us
[2026-04-03T03:08:45.149+0600][1003.775s][info][gc,stats       ]       Weak References               520 us, parallelism: 0.99x
[2026-04-03T03:08:45.149+0600][1003.775s][info][gc,stats       ]         WRP: <total>                515 us
[2026-04-03T03:08:45.149+0600][1003.775s][info][gc,stats       ]         WRP: Weak References        515 us, workers (us): 172, 285,  57,   0,   0,   0, 
[2026-04-03T03:08:45.149+0600][1003.775s][info][gc,stats       ]       Unload Classes               1621 us, parallelism: 4.92x
[2026-04-03T03:08:45.149+0600][1003.775s][info][gc,stats       ]         DCU: <total>               7973 us
[2026-04-03T03:08:45.149+0600][1003.775s][info][gc,stats       ]         DCU: Unload Code Caches     7973 us, workers (us): 1392, 1373, 1316, 1307, 1302, 1282, 
[2026-04-03T03:08:45.149+0600][1003.775s][info][gc,stats       ]       Weak Roots                    174 us, parallelism: 3.07x
[2026-04-03T03:08:45.149+0600][1003.775s][info][gc,stats       ]         DWR: <total>                534 us
[2026-04-03T03:08:45.149+0600][1003.775s][info][gc,stats       ]         DWR: VM Weak Roots          534 us, workers (us): 134, 121, 118,  67,  61,  32, 
[2026-04-03T03:08:45.149+0600][1003.775s][info][gc,stats       ]       CLDG                            2 us
[2026-04-03T03:08:45.149+0600][1003.775s][info][gc,stats       ]   Update Region States               21 us
[2026-04-03T03:08:45.149+0600][1003.775s][info][gc,stats       ]   Manage GC/TLABs                     8 us
[2026-04-03T03:08:45.149+0600][1003.775s][info][gc,stats       ]   Choose Collection Set             185 us
[2026-04-03T03:08:45.149+0600][1003.775s][info][gc,stats       ]   Rebuild Free Set                   41 us
[2026-04-03T03:08:45.149+0600][1003.775s][info][gc,stats       ]   Evacuation                       4412 us
[2026-04-03T03:08:45.149+0600][1003.775s][info][gc,stats       ]   Pre Heap Dump                       1 us
[2026-04-03T03:08:45.149+0600][1003.775s][info][gc,stats       ]   Prepare                          2882 us
[2026-04-03T03:08:45.149+0600][1003.775s][info][gc,stats       ]     Update Roots                   1823 us, parallelism: 4.81x
[2026-04-03T03:08:45.149+0600][1003.775s][info][gc,stats       ]       FU: <total>                  8775 us
[2026-04-03T03:08:45.149+0600][1003.775s][info][gc,stats       ]       FU: Thread Roots              688 us, workers (us):   6, 246, 111, 100, 124, 101, 
[2026-04-03T03:08:45.149+0600][1003.775s][info][gc,stats       ]       FU: Code Cache Roots         7003 us, workers (us): 1363, 979, 1129, 1195, 1161, 1176, 
[2026-04-03T03:08:45.149+0600][1003.775s][info][gc,stats       ]       FU: VM Strong Roots            18 us, workers (us):   7,   7,   1,   1,   1,   1, 
[2026-04-03T03:08:45.149+0600][1003.775s][info][gc,stats       ]       FU: VM Weak Roots             681 us, workers (us): 174, 168, 136,  70,  70,  63, 
[2026-04-03T03:08:45.149+0600][1003.775s][info][gc,stats       ]       FU: CLDG Roots                384 us, workers (us):  41, 104,  90,  48,  47,  54, 
[2026-04-03T03:08:45.149+0600][1003.775s][info][gc,stats       ]   Mark                          3997222 us, parallelism: 5.99x
[2026-04-03T03:08:45.149+0600][1003.775s][info][gc,stats       ]     FM: <total>                23960950 us
[2026-04-03T03:08:45.149+0600][1003.775s][info][gc,stats       ]     FM: Thread Roots                800 us, workers (us): 180, 167, 112, 140, 107,  94, 
[2026-04-03T03:08:45.149+0600][1003.775s][info][gc,stats       ]     FM: VM Strong Roots              24 us, workers (us):   0,   5,   5,   1,   7,   6, 
[2026-04-03T03:08:45.149+0600][1003.775s][info][gc,stats       ]     FM: CLDG Roots                  283 us, workers (us): 138,  35,  33,   8,  37,  33, 
[2026-04-03T03:08:45.149+0600][1003.775s][info][gc,stats       ]     FM: Parallel Mark          23959843 us, workers (us): 3993078, 3993339, 3993412, 3993337, 3993239, 3993438, 
[2026-04-03T03:08:45.149+0600][1003.775s][info][gc,stats       ]     System Purge                   2563 us
[2026-04-03T03:08:45.149+0600][1003.775s][info][gc,stats       ]       Weak References               648 us, parallelism: 0.86x
[2026-04-03T03:08:45.149+0600][1003.775s][info][gc,stats       ]         WRP: <total>                558 us
[2026-04-03T03:08:45.149+0600][1003.775s][info][gc,stats       ]         WRP: Weak References        558 us, workers (us):  73, 366,  91,  27,   1,   0, 
[2026-04-03T03:08:45.149+0600][1003.775s][info][gc,stats       ]       Unload Classes               1620 us, parallelism: 4.73x
[2026-04-03T03:08:45.149+0600][1003.775s][info][gc,stats       ]         CU: <total>                7667 us
[2026-04-03T03:08:45.149+0600][1003.775s][info][gc,stats       ]         CU: Unload Code Caches     7667 us, workers (us): 1402, 1391, 1256, 1215, 1217, 1187, 
[2026-04-03T03:08:45.149+0600][1003.775s][info][gc,stats       ]       Weak Roots                    277 us, parallelism: 2.77x
[2026-04-03T03:08:45.149+0600][1003.775s][info][gc,stats       ]         WR: <total>                 768 us
[2026-04-03T03:08:45.149+0600][1003.775s][info][gc,stats       ]         WR: VM Weak Roots           768 us, workers (us): 214, 143, 138, 127,  74,  71, 
[2026-04-03T03:08:45.149+0600][1003.775s][info][gc,stats       ]       CLDG                            3 us
[2026-04-03T03:08:45.149+0600][1003.775s][info][gc,stats       ]   Calculate Addresses             90851 us
[2026-04-03T03:08:45.149+0600][1003.775s][info][gc,stats       ]     Regular Objects               90756 us
[2026-04-03T03:08:45.149+0600][1003.775s][info][gc,stats       ]     Humongous Objects                27 us
[2026-04-03T03:08:45.149+0600][1003.775s][info][gc,stats       ]   Adjust Pointers                 99401 us
[2026-04-03T03:08:45.149+0600][1003.775s][info][gc,stats       ]     FA: <total>                    7269 us
[2026-04-03T03:08:45.149+0600][1003.776s][info][gc,stats       ]     FA: Thread Roots                532 us, workers (us): 143, 181,   3, 136,   2,  67, 
[2026-04-03T03:08:45.149+0600][1003.776s][info][gc,stats       ]     FA: Code Cache Roots           5571 us, workers (us): 762, 821, 1068, 868, 1115, 936, 
[2026-04-03T03:08:45.149+0600][1003.776s][info][gc,stats       ]     FA: VM Strong Roots              17 us, workers (us):   9,   5,   1,   1,   1,   1, 
[2026-04-03T03:08:45.149+0600][1003.776s][info][gc,stats       ]     FA: VM Weak Roots               639 us, workers (us): 163, 161, 150,  61,  61,  42, 
[2026-04-03T03:08:45.149+0600][1003.776s][info][gc,stats       ]     FA: CLDG Roots                  510 us, workers (us): 150,  57,  67,  54, 130,  53, 
[2026-04-03T03:08:45.149+0600][1003.776s][info][gc,stats       ]   Copy Objects                    94821 us
[2026-04-03T03:08:45.149+0600][1003.776s][info][gc,stats       ]     Regular Objects               93939 us
[2026-04-03T03:08:45.149+0600][1003.776s][info][gc,stats       ]     Humongous Objects                19 us
[2026-04-03T03:08:45.149+0600][1003.776s][info][gc,stats       ]     Reset Complete Bitmap           694 us
[2026-04-03T03:08:45.149+0600][1003.776s][info][gc,stats       ]     Rebuild Region Sets             167 us
[2026-04-03T03:08:45.149+0600][1003.776s][info][gc,stats       ]   Post Heap Dump                      2 us
[2026-04-03T03:08:45.149+0600][1003.776s][info][gc,stats       ] 
[2026-04-03T03:08:45.149+0600][1003.776s][info][gc,stats       ] Allocation pacing accrued:
[2026-04-03T03:08:45.149+0600][1003.776s][info][gc,stats       ]       0 of  8675 ms (  0.0%): <total>
[2026-04-03T03:08:45.149+0600][1003.776s][info][gc,stats       ]       0 of  8675 ms (  0.0%): <average total>
[2026-04-03T03:08:45.149+0600][1003.776s][info][gc,stats       ] 
[2026-04-03T03:08:45.149+0600][1003.776s][info][gc,metaspace   ] Metaspace: 49768K(50240K)->49769K(50240K) NonClass: 43549K(43840K)->43551K(43840K) Class: 6218K(6400K)->6218K(6400K)
[2026-04-03T03:08:45.149+0600][1003.776s][info][gc,ergo        ] Pacer for Idle. Initial: 10240K, Alloc Tax Rate: 1.0x
[2026-04-03T03:08:45.149+0600][1003.776s][info][gc             ] Failed to allocate TLAB, 2648B
[2026-04-03T03:08:45.149+0600][1003.776s][info][gc             ] Cancelling GC: Allocation Failure
[2026-04-03T03:08:45.151+0600][1003.777s][info][gc             ] Trigger: Handle Allocation Failure
[2026-04-03T03:08:45.151+0600][1003.777s][info][gc,ergo        ] Free: 0B, Max: 0B regular, 0B humongous, Frag: 0% external, 0% internal; Reserve: 9984K, Max: 256K
[2026-04-03T03:08:45.151+0600][1003.777s][info][gc,start       ] GC(145) Pause Degenerated GC (Outside of Cycle)
[2026-04-03T03:08:45.151+0600][1003.777s][info][gc,task        ] GC(145) Using 6 of 6 workers for stw degenerated gc
[2026-04-03T03:08:45.151+0600][1003.777s][info][gc,ref         ] GC(145) Clearing All SoftReferences
[2026-04-03T03:08:48.452+0600][1007.078s][info][gc,ref         ] GC(145) Encountered references: Soft: 2447, Weak: 2791, Final: 74, Phantom: 585
[2026-04-03T03:08:48.452+0600][1007.079s][info][gc,ref         ] GC(145) Discovered  references: Soft: 247, Weak: 577, Final: 74, Phantom: 581
[2026-04-03T03:08:48.452+0600][1007.079s][info][gc,ref         ] GC(145) Enqueued    references: Soft: 1, Weak: 0, Final: 0, Phantom: 0
[2026-04-03T03:08:48.454+0600][1007.081s][info][gc,ergo        ] GC(145) Adaptive CSet Selection. Target Free: 72533K, Actual Free: 9984K, Max CSet: 21333K, Min Garbage: 62549K
[2026-04-03T03:08:48.454+0600][1007.081s][info][gc,ergo        ] GC(145) Collectable Garbage: 116K (100%), Immediate: 0B (0%), CSet: 116K (100%)
[2026-04-03T03:08:48.458+0600][1007.085s][info][gc             ] GC(145) Cancelling GC: Allocation Failure During Evacuation
[2026-04-03T03:08:48.460+0600][1007.086s][info][gc             ] GC(145) Cannot finish degeneration, upgrading to Full GC
[2026-04-03T03:08:48.464+0600][1007.091s][info][gc,phases,start] GC(145) Phase 1: Mark live objects
[2026-04-03T03:08:48.464+0600][1007.091s][info][gc,ref         ] GC(145) Clearing All SoftReferences
[2026-04-03T03:08:48.465+0600][1007.091s][info][gc,ref         ] GC(145) Clearing All SoftReferences
[2026-04-03T03:08:52.620+0600][1011.246s][info][gc,ref         ] GC(145) Encountered references: Soft: 2446, Weak: 2791, Final: 74, Phantom: 585
[2026-04-03T03:08:52.620+0600][1011.246s][info][gc,ref         ] GC(145) Discovered  references: Soft: 244, Weak: 1244, Final: 74, Phantom: 581
[2026-04-03T03:08:52.620+0600][1011.247s][info][gc,ref         ] GC(145) Enqueued    references: Soft: 0, Weak: 0, Final: 0, Phantom: 0
[2026-04-03T03:08:52.622+0600][1011.248s][info][gc,phases      ] GC(145) Phase 1: Mark live objects 4157.552ms
[2026-04-03T03:08:52.622+0600][1011.248s][info][gc,phases,start] GC(145) Phase 2: Compute new object addresses
[2026-04-03T03:08:52.713+0600][1011.339s][info][gc,phases      ] GC(145) Phase 2: Compute new object addresses 90.795ms
[2026-04-03T03:08:52.713+0600][1011.339s][info][gc,phases,start] GC(145) Phase 3: Adjust pointers
[2026-04-03T03:08:52.815+0600][1011.441s][info][gc,phases      ] GC(145) Phase 3: Adjust pointers 102.097ms
[2026-04-03T03:08:52.815+0600][1011.441s][info][gc,phases,start] GC(145) Phase 4: Move objects
[2026-04-03T03:08:52.910+0600][1011.536s][info][gc,phases      ] GC(145) Phase 4: Move objects 94.902ms
[2026-04-03T03:08:52.910+0600][1011.536s][info][gc,ergo        ] GC(145) Bad progress for free space: 406K, need 5120K
[2026-04-03T03:08:52.910+0600][1011.536s][info][gc             ] GC(145) Pause Degenerated GC (Outside of Cycle) 489M->488M(500M) 7759.385ms
[2026-04-03T03:08:52.910+0600][1011.537s][info][gc,ergo        ] Free: 362K, Max: 203K regular, 0B humongous, Frag: 0% external, 99% internal; Reserve: 9728K, Max: 256K
[2026-04-03T03:08:52.910+0600][1011.537s][info][gc,stats       ] 
[2026-04-03T03:08:52.910+0600][1011.537s][info][gc,stats       ] All times are wall-clock times, except per-root-class counters, that are sum over
[2026-04-03T03:08:52.910+0600][1011.537s][info][gc,stats       ] all workers. Dividing the <total> over the root stage time estimates parallelism.
[2026-04-03T03:08:52.910+0600][1011.537s][info][gc,stats       ] 
[2026-04-03T03:08:52.910+0600][1011.537s][info][gc,stats       ] Pause Degenerated GC (G)        7759656 us
[2026-04-03T03:08:52.910+0600][1011.537s][info][gc,stats       ] Pause Degenerated GC (N)        7759394 us
[2026-04-03T03:08:52.910+0600][1011.537s][info][gc,stats       ]   Degen STW Mark                3300979 us, parallelism: 6.00x
[2026-04-03T03:08:52.910+0600][1011.537s][info][gc,stats       ]     DSM: <total>               19799242 us
[2026-04-03T03:08:52.910+0600][1011.537s][info][gc,stats       ]     DSM: Thread Roots               578 us, workers (us): 197,  78,  80,  89,  68,  67, 
[2026-04-03T03:08:52.910+0600][1011.537s][info][gc,stats       ]     DSM: VM Strong Roots             19 us, workers (us):   0,   0,   5,   4,   4,   4, 
[2026-04-03T03:08:52.910+0600][1011.537s][info][gc,stats       ]     DSM: CLDG Roots                 289 us, workers (us):  10, 143,  35,  26,  37,  38, 
[2026-04-03T03:08:52.910+0600][1011.537s][info][gc,stats       ]     DSM: Parallel Mark         19798356 us, workers (us): 3299651, 3299738, 3299652, 3299885, 3299862, 3299568, 
[2026-04-03T03:08:52.910+0600][1011.537s][info][gc,stats       ]     System Purge                   2236 us
[2026-04-03T03:08:52.910+0600][1011.537s][info][gc,stats       ]       Weak References               261 us, parallelism: 0.84x
[2026-04-03T03:08:52.910+0600][1011.537s][info][gc,stats       ]         WRP: <total>                219 us
[2026-04-03T03:08:52.911+0600][1011.537s][info][gc,stats       ]         WRP: Weak References        219 us, workers (us): 106,  94,  18,   1,   0,   0, 
[2026-04-03T03:08:52.911+0600][1011.537s][info][gc,stats       ]       Unload Classes               1758 us, parallelism: 5.62x
[2026-04-03T03:08:52.911+0600][1011.537s][info][gc,stats       ]         DCU: <total>               9875 us
[2026-04-03T03:08:52.911+0600][1011.537s][info][gc,stats       ]         DCU: Unload Code Caches     9875 us, workers (us): 1664, 1662, 1641, 1648, 1650, 1609, 
[2026-04-03T03:08:52.911+0600][1011.537s][info][gc,stats       ]       Weak Roots                    203 us, parallelism: 3.08x
[2026-04-03T03:08:52.911+0600][1011.537s][info][gc,stats       ]         DWR: <total>                625 us
[2026-04-03T03:08:52.911+0600][1011.537s][info][gc,stats       ]         DWR: VM Weak Roots          625 us, workers (us): 151, 149, 147,  66,  66,  45, 
[2026-04-03T03:08:52.911+0600][1011.537s][info][gc,stats       ]       CLDG                            3 us
[2026-04-03T03:08:52.911+0600][1011.537s][info][gc,stats       ]   Update Region States               32 us
[2026-04-03T03:08:52.911+0600][1011.537s][info][gc,stats       ]   Manage GC/TLABs                    10 us
[2026-04-03T03:08:52.911+0600][1011.537s][info][gc,stats       ]   Choose Collection Set             220 us
[2026-04-03T03:08:52.911+0600][1011.537s][info][gc,stats       ]   Rebuild Free Set                   48 us
[2026-04-03T03:08:52.911+0600][1011.537s][info][gc,stats       ]   Evacuation                       5219 us
[2026-04-03T03:08:52.911+0600][1011.537s][info][gc,stats       ]   Pre Heap Dump                       2 us
[2026-04-03T03:08:52.911+0600][1011.537s][info][gc,stats       ]   Prepare                          4050 us
[2026-04-03T03:08:52.911+0600][1011.537s][info][gc,stats       ]     Update Roots                   2407 us, parallelism: 4.97x
[2026-04-03T03:08:52.911+0600][1011.537s][info][gc,stats       ]       FU: <total>                 11961 us
[2026-04-03T03:08:52.911+0600][1011.537s][info][gc,stats       ]       FU: Thread Roots              809 us, workers (us):   5, 143, 277,  70,  41, 272, 
[2026-04-03T03:08:52.911+0600][1011.537s][info][gc,stats       ]       FU: Code Cache Roots         9473 us, workers (us): 1819, 1505, 1424, 1635, 1667, 1423, 
[2026-04-03T03:08:52.911+0600][1011.537s][info][gc,stats       ]       FU: VM Strong Roots            27 us, workers (us):  12,   9,   1,   1,   1,   1, 
[2026-04-03T03:08:52.911+0600][1011.537s][info][gc,stats       ]       FU: VM Weak Roots             916 us, workers (us): 219, 221, 157, 107, 107, 104, 
[2026-04-03T03:08:52.911+0600][1011.537s][info][gc,stats       ]       FU: CLDG Roots                736 us, workers (us): 180, 153,  99,  97,  97, 110, 
[2026-04-03T03:08:52.911+0600][1011.537s][info][gc,stats       ]   Mark                          4157490 us, parallelism: 6.00x
[2026-04-03T03:08:52.911+0600][1011.537s][info][gc,stats       ]     FM: <total>                24924526 us
[2026-04-03T03:08:52.911+0600][1011.537s][info][gc,stats       ]     FM: Thread Roots               1085 us, workers (us): 275, 268, 136, 141, 160, 106, 
[2026-04-03T03:08:52.911+0600][1011.537s][info][gc,stats       ]     FM: VM Strong Roots              38 us, workers (us):   1,   8,   9,  11,   1,   8, 
[2026-04-03T03:08:52.911+0600][1011.537s][info][gc,stats       ]     FM: CLDG Roots                  421 us, workers (us): 198,  39,  50,  46,  32,  57, 
[2026-04-03T03:08:52.911+0600][1011.537s][info][gc,stats       ]     FM: Parallel Mark          24922981 us, workers (us): 4153828, 4153881, 4153885, 4153960, 4153653, 4153774, 
[2026-04-03T03:08:52.911+0600][1011.537s][info][gc,stats       ]     System Purge                   2314 us
[2026-04-03T03:08:52.911+0600][1011.537s][info][gc,stats       ]       Weak References               591 us, parallelism: 0.96x
[2026-04-03T03:08:52.911+0600][1011.537s][info][gc,stats       ]         WRP: <total>                568 us
[2026-04-03T03:08:52.911+0600][1011.537s][info][gc,stats       ]         WRP: Weak References        568 us, workers (us):  51, 405,  60,  23,  29,   0, 
[2026-04-03T03:08:52.911+0600][1011.537s][info][gc,stats       ]       Unload Classes               1485 us, parallelism: 5.23x
[2026-04-03T03:08:52.911+0600][1011.537s][info][gc,stats       ]         CU: <total>                7773 us
[2026-04-03T03:08:52.911+0600][1011.537s][info][gc,stats       ]         CU: Unload Code Caches     7773 us, workers (us): 1307, 1309, 1311, 1305, 1305, 1237, 
[2026-04-03T03:08:52.911+0600][1011.537s][info][gc,stats       ]       Weak Roots                    223 us, parallelism: 3.50x
[2026-04-03T03:08:52.911+0600][1011.537s][info][gc,stats       ]         WR: <total>                 778 us
[2026-04-03T03:08:52.911+0600][1011.537s][info][gc,stats       ]         WR: VM Weak Roots           778 us, workers (us): 185, 178, 125, 116,  93,  81, 
[2026-04-03T03:08:52.911+0600][1011.537s][info][gc,stats       ]       CLDG                            2 us
[2026-04-03T03:08:52.911+0600][1011.537s][info][gc,stats       ]   Calculate Addresses             90785 us
[2026-04-03T03:08:52.911+0600][1011.537s][info][gc,stats       ]     Regular Objects               90701 us
[2026-04-03T03:08:52.911+0600][1011.537s][info][gc,stats       ]     Humongous Objects                26 us
[2026-04-03T03:08:52.911+0600][1011.537s][info][gc,stats       ]   Adjust Pointers                102080 us
[2026-04-03T03:08:52.911+0600][1011.537s][info][gc,stats       ]     FA: <total>                    6821 us
[2026-04-03T03:08:52.911+0600][1011.537s][info][gc,stats       ]     FA: Thread Roots                446 us, workers (us): 168, 122,   3,   2, 127,  23, 
[2026-04-03T03:08:52.911+0600][1011.537s][info][gc,stats       ]     FA: Code Cache Roots           5250 us, workers (us): 799, 786, 997, 896, 838, 934, 
[2026-04-03T03:08:52.911+0600][1011.537s][info][gc,stats       ]     FA: VM Strong Roots              15 us, workers (us):  12,   1,   1,   1,   1,   1, 
[2026-04-03T03:08:52.911+0600][1011.537s][info][gc,stats       ]     FA: VM Weak Roots               581 us, workers (us): 165, 159, 109,  56,  56,  35, 
[2026-04-03T03:08:52.911+0600][1011.537s][info][gc,stats       ]     FA: CLDG Roots                  529 us, workers (us):  59, 114,  58, 165,  57,  75, 
[2026-04-03T03:08:52.911+0600][1011.537s][info][gc,stats       ]   Copy Objects                    94889 us
[2026-04-03T03:08:52.911+0600][1011.537s][info][gc,stats       ]     Regular Objects               94054 us
[2026-04-03T03:08:52.911+0600][1011.537s][info][gc,stats       ]     Humongous Objects                19 us
[2026-04-03T03:08:52.911+0600][1011.537s][info][gc,stats       ]     Reset Complete Bitmap           651 us
[2026-04-03T03:08:52.911+0600][1011.537s][info][gc,stats       ]     Rebuild Region Sets             163 us
[2026-04-03T03:08:52.911+0600][1011.537s][info][gc,stats       ]   Post Heap Dump                      1 us
[2026-04-03T03:08:52.911+0600][1011.537s][info][gc,stats       ] 
[2026-04-03T03:08:52.911+0600][1011.537s][info][gc,stats       ] Allocation pacing accrued:
[2026-04-03T03:08:52.911+0600][1011.537s][info][gc,stats       ]       0 of  7762 ms (  0.0%): <total>
[2026-04-03T03:08:52.911+0600][1011.537s][info][gc,stats       ]       0 of  7762 ms (  0.0%): <average total>
[2026-04-03T03:08:52.911+0600][1011.537s][info][gc,stats       ] 
[2026-04-03T03:08:52.911+0600][1011.537s][info][gc,metaspace   ] Metaspace: 49770K(50240K)->49772K(50240K) NonClass: 43552K(43840K)->43554K(43840K) Class: 6218K(6400K)->6218K(6400K)
[2026-04-03T03:08:52.911+0600][1011.537s][info][gc,ergo        ] Pacer for Idle. Initial: 10240K, Alloc Tax Rate: 1.0x
[2026-04-03T03:08:52.911+0600][1011.537s][info][gc             ] Failed to allocate TLAB, 2656B
[2026-04-03T03:08:52.911+0600][1011.537s][info][gc             ] Cancelling GC: Allocation Failure
[2026-04-03T03:08:52.912+0600][1011.538s][info][gc             ] Trigger: Handle Allocation Failure
[2026-04-03T03:08:52.912+0600][1011.538s][info][gc,ergo        ] Free: 0B, Max: 0B regular, 0B humongous, Frag: 0% external, 0% internal; Reserve: 9728K, Max: 256K
[2026-04-03T03:08:52.912+0600][1011.538s][info][gc,start       ] GC(146) Pause Degenerated GC (Outside of Cycle)
[2026-04-03T03:08:52.912+0600][1011.538s][info][gc,task        ] GC(146) Using 6 of 6 workers for stw degenerated gc
[2026-04-03T03:08:52.912+0600][1011.539s][info][gc,ref         ] GC(146) Clearing All SoftReferences
[2026-04-03T03:08:56.002+0600][1014.629s][info][gc,ref         ] GC(146) Encountered references: Soft: 2446, Weak: 2793, Final: 74, Phantom: 585
[2026-04-03T03:08:56.003+0600][1014.629s][info][gc,ref         ] GC(146) Discovered  references: Soft: 243, Weak: 1400, Final: 74, Phantom: 581
[2026-04-03T03:08:56.003+0600][1014.629s][info][gc,ref         ] GC(146) Enqueued    references: Soft: 1, Weak: 1, Final: 0, Phantom: 0
[2026-04-03T03:08:56.005+0600][1014.631s][info][gc,ergo        ] GC(146) Adaptive CSet Selection. Target Free: 72533K, Actual Free: 9728K, Max CSet: 21333K, Min Garbage: 62805K
[2026-04-03T03:08:56.005+0600][1014.631s][info][gc,ergo        ] GC(146) Collectable Garbage: 116K (100%), Immediate: 0B (0%), CSet: 116K (100%)
[2026-04-03T03:08:56.009+0600][1014.635s][info][gc             ] GC(146) Cancelling GC: Allocation Failure During Evacuation
[2026-04-03T03:08:56.011+0600][1014.637s][info][gc             ] GC(146) Cannot finish degeneration, upgrading to Full GC
[2026-04-03T03:08:56.014+0600][1014.641s][info][gc,phases,start] GC(146) Phase 1: Mark live objects
[2026-04-03T03:08:56.015+0600][1014.641s][info][gc,ref         ] GC(146) Clearing All SoftReferences
[2026-04-03T03:08:56.015+0600][1014.641s][info][gc,ref         ] GC(146) Clearing All SoftReferences
[2026-04-03T03:08:59.422+0600][1018.048s][info][gc,ref         ] GC(146) Encountered references: Soft: 2445, Weak: 2792, Final: 74, Phantom: 585
[2026-04-03T03:08:59.422+0600][1018.048s][info][gc,ref         ] GC(146) Discovered  references: Soft: 243, Weak: 1253, Final: 74, Phantom: 581
[2026-04-03T03:08:59.422+0600][1018.048s][info][gc,ref         ] GC(146) Enqueued    references: Soft: 0, Weak: 0, Final: 0, Phantom: 0
[2026-04-03T03:08:59.423+0600][1018.050s][info][gc,phases      ] GC(146) Phase 1: Mark live objects 3408.921ms
[2026-04-03T03:08:59.423+0600][1018.050s][info][gc,phases,start] GC(146) Phase 2: Compute new object addresses
[2026-04-03T03:08:59.506+0600][1018.133s][info][gc,phases      ] GC(146) Phase 2: Compute new object addresses 82.924ms
[2026-04-03T03:08:59.506+0600][1018.133s][info][gc,phases,start] GC(146) Phase 3: Adjust pointers
[2026-04-03T03:08:59.608+0600][1018.234s][info][gc,phases      ] GC(146) Phase 3: Adjust pointers 101.233ms
[2026-04-03T03:08:59.608+0600][1018.234s][info][gc,phases,start] GC(146) Phase 4: Move objects
[2026-04-03T03:08:59.703+0600][1018.329s][info][gc,phases      ] GC(146) Phase 4: Move objects 94.911ms
[2026-04-03T03:08:59.703+0600][1018.329s][info][gc,ergo        ] GC(146) Bad progress for free space: 146K, need 5120K
[2026-04-03T03:08:59.703+0600][1018.329s][info][gc             ] GC(146) Pause Degenerated GC (Outside of Cycle) 489M->489M(500M) 6790.808ms
[2026-04-03T03:08:59.703+0600][1018.330s][info][gc,ergo        ] Free: 106K, Max: 64464B regular, 0B humongous, Frag: 0% external, 99% internal; Reserve: 9728K, Max: 256K
[2026-04-03T03:08:59.703+0600][1018.330s][info][gc,stats       ] 
[2026-04-03T03:08:59.703+0600][1018.330s][info][gc,stats       ] All times are wall-clock times, except per-root-class counters, that are sum over
[2026-04-03T03:08:59.703+0600][1018.330s][info][gc,stats       ] all workers. Dividing the <total> over the root stage time estimates parallelism.
[2026-04-03T03:08:59.703+0600][1018.330s][info][gc,stats       ] 
[2026-04-03T03:08:59.703+0600][1018.330s][info][gc,stats       ] Pause Degenerated GC (G)        6791035 us
[2026-04-03T03:08:59.703+0600][1018.330s][info][gc,stats       ] Pause Degenerated GC (N)        6790817 us
[2026-04-03T03:08:59.703+0600][1018.330s][info][gc,stats       ]   Degen STW Mark                3089872 us, parallelism: 6.00x
[2026-04-03T03:08:59.703+0600][1018.330s][info][gc,stats       ]     DSM: <total>               18531068 us
[2026-04-03T03:08:59.703+0600][1018.330s][info][gc,stats       ]     DSM: Thread Roots               576 us, workers (us): 141, 123,  79,  80,  76,  76, 
[2026-04-03T03:08:59.703+0600][1018.330s][info][gc,stats       ]     DSM: VM Strong Roots             19 us, workers (us):   0,   3,   3,   4,   5,   4, 
[2026-04-03T03:08:59.703+0600][1018.330s][info][gc,stats       ]     DSM: CLDG Roots                 229 us, workers (us): 104,  25,  25,  24,  25,  25, 
[2026-04-03T03:08:59.703+0600][1018.330s][info][gc,stats       ]     DSM: Parallel Mark         18530244 us, workers (us): 3088461, 3088543, 3088682, 3088683, 3087524, 3088352, 
[2026-04-03T03:08:59.703+0600][1018.330s][info][gc,stats       ]     System Purge                   2563 us
[2026-04-03T03:08:59.703+0600][1018.330s][info][gc,stats       ]       Weak References               449 us, parallelism: 0.84x
[2026-04-03T03:08:59.703+0600][1018.330s][info][gc,stats       ]         WRP: <total>                379 us
[2026-04-03T03:08:59.703+0600][1018.330s][info][gc,stats       ]         WRP: Weak References        379 us, workers (us):  93, 257,   9,  18,   0,   1, 
[2026-04-03T03:08:59.703+0600][1018.330s][info][gc,stats       ]       Unload Classes               1856 us, parallelism: 5.28x
[2026-04-03T03:08:59.703+0600][1018.330s][info][gc,stats       ]         DCU: <total>               9805 us
[2026-04-03T03:08:59.703+0600][1018.330s][info][gc,stats       ]         DCU: Unload Code Caches     9805 us, workers (us): 1679, 1688, 1652, 1598, 1616, 1572, 
[2026-04-03T03:08:59.703+0600][1018.330s][info][gc,stats       ]       Weak Roots                    241 us, parallelism: 2.75x
[2026-04-03T03:08:59.703+0600][1018.330s][info][gc,stats       ]         DWR: <total>                661 us
[2026-04-03T03:08:59.703+0600][1018.330s][info][gc,stats       ]         DWR: VM Weak Roots          661 us, workers (us): 181, 175,  96,  89,  75,  44, 
[2026-04-03T03:08:59.703+0600][1018.330s][info][gc,stats       ]       CLDG                            3 us
[2026-04-03T03:08:59.703+0600][1018.330s][info][gc,stats       ]   Update Region States               30 us
[2026-04-03T03:08:59.703+0600][1018.330s][info][gc             ] Failed to allocate TLAB, 2648B
[2026-04-03T03:08:59.704+0600][1018.330s][info][gc             ] Cancelling GC: Allocation Failure
[2026-04-03T03:08:59.703+0600][1018.330s][info][gc,stats       ]   Manage GC/TLABs                    10 us
[2026-04-03T03:08:59.704+0600][1018.330s][info][gc,stats       ]   Choose Collection Set             242 us
[2026-04-03T03:08:59.704+0600][1018.330s][info][gc,stats       ]   Rebuild Free Set                   50 us
[2026-04-03T03:08:59.704+0600][1018.330s][info][gc,stats       ]   Evacuation                       5196 us
[2026-04-03T03:08:59.704+0600][1018.330s][info][gc,stats       ]   Pre Heap Dump                       2 us
[2026-04-03T03:08:59.704+0600][1018.330s][info][gc,stats       ]   Prepare                          3609 us
[2026-04-03T03:08:59.704+0600][1018.330s][info][gc,stats       ]     Update Roots                   2263 us, parallelism: 5.29x
[2026-04-03T03:08:59.704+0600][1018.330s][info][gc,stats       ]       FU: <total>                 11977 us
[2026-04-03T03:08:59.704+0600][1018.330s][info][gc,stats       ]       FU: Thread Roots              821 us, workers (us):  32, 287, 148, 100,  49, 205, 
[2026-04-03T03:08:59.704+0600][1018.330s][info][gc,stats       ]       FU: Code Cache Roots         9222 us, workers (us): 1676, 1317, 1486, 1593, 1655, 1494, 
[2026-04-03T03:08:59.704+0600][1018.330s][info][gc,stats       ]       FU: VM Strong Roots            32 us, workers (us):  12,   9,   7,   1,   1,   1, 
[2026-04-03T03:08:59.704+0600][1018.330s][info][gc,stats       ]       FU: VM Weak Roots             963 us, workers (us): 223, 224, 223,  98,  98,  97, 
[2026-04-03T03:08:59.704+0600][1018.330s][info][gc,stats       ]       FU: CLDG Roots                939 us, workers (us): 128, 224, 192, 138, 128, 128, 
[2026-04-03T03:08:59.704+0600][1018.330s][info][gc,stats       ]   Mark                          3408865 us, parallelism: 5.99x
[2026-04-03T03:08:59.704+0600][1018.330s][info][gc,stats       ]     FM: <total>                20435856 us
[2026-04-03T03:08:59.704+0600][1018.330s][info][gc,stats       ]     FM: Thread Roots               1012 us, workers (us): 233, 237, 145, 140, 132, 125, 
[2026-04-03T03:08:59.704+0600][1018.330s][info][gc,stats       ]     FM: VM Strong Roots              31 us, workers (us):   0,   6,   8,   5,   5,   5, 
[2026-04-03T03:08:59.704+0600][1018.330s][info][gc,stats       ]     FM: CLDG Roots                  400 us, workers (us): 176,  38,  49,  48,  44,  44, 
[2026-04-03T03:08:59.704+0600][1018.330s][info][gc,stats       ]     FM: Parallel Mark          20434413 us, workers (us): 3405704, 3405345, 3405813, 3405964, 3405624, 3405964, 
[2026-04-03T03:08:59.704+0600][1018.330s][info][gc,stats       ]     System Purge                   1852 us
[2026-04-03T03:08:59.704+0600][1018.330s][info][gc,stats       ]       Weak References               353 us, parallelism: 0.81x
[2026-04-03T03:08:59.704+0600][1018.330s][info][gc,stats       ]         WRP: <total>                285 us
[2026-04-03T03:08:59.704+0600][1018.330s][info][gc,stats       ]         WRP: Weak References        285 us, workers (us):  42, 219,  23,   0,   0,   0, 
[2026-04-03T03:08:59.704+0600][1018.330s][info][gc,stats       ]       Unload Classes               1291 us, parallelism: 5.12x
[2026-04-03T03:08:59.704+0600][1018.330s][info][gc,stats       ]         CU: <total>                6606 us
[2026-04-03T03:08:59.704+0600][1018.330s][info][gc,stats       ]         CU: Unload Code Caches     6606 us, workers (us): 1154, 1098, 1092, 1094, 1089, 1079, 
[2026-04-03T03:08:59.704+0600][1018.330s][info][gc,stats       ]       Weak Roots                    196 us, parallelism: 2.83x
[2026-04-03T03:08:59.704+0600][1018.330s][info][gc,stats       ]         WR: <total>                 554 us
[2026-04-03T03:08:59.704+0600][1018.330s][info][gc,stats       ]         WR: VM Weak Roots           554 us, workers (us): 161,  90,  90,  88,  87,  39, 
[2026-04-03T03:08:59.704+0600][1018.330s][info][gc,stats       ]       CLDG                            2 us
[2026-04-03T03:08:59.704+0600][1018.330s][info][gc,stats       ]   Calculate Addresses             82917 us
[2026-04-03T03:08:59.704+0600][1018.330s][info][gc,stats       ]     Regular Objects               82835 us
[2026-04-03T03:08:59.704+0600][1018.330s][info][gc,stats       ]     Humongous Objects                32 us
[2026-04-03T03:08:59.704+0600][1018.330s][info][gc,stats       ]   Adjust Pointers                101217 us
[2026-04-03T03:08:59.704+0600][1018.330s][info][gc,stats       ]     FA: <total>                    8263 us
[2026-04-03T03:08:59.704+0600][1018.330s][info][gc,stats       ]     FA: Thread Roots                611 us, workers (us): 103,   3,  82,  91, 165, 166, 
[2026-04-03T03:08:59.704+0600][1018.330s][info][gc,stats       ]     FA: Code Cache Roots           6205 us, workers (us): 972, 1192, 1043, 1049, 973, 975, 
[2026-04-03T03:08:59.704+0600][1018.330s][info][gc,stats       ]     FA: VM Strong Roots              19 us, workers (us):  15,   1,   1,   1,   1,   1, 
[2026-04-03T03:08:59.704+0600][1018.330s][info][gc,stats       ]     FA: VM Weak Roots               822 us, workers (us): 215, 147, 146, 105, 104, 106, 
[2026-04-03T03:08:59.704+0600][1018.330s][info][gc,stats       ]     FA: CLDG Roots                  607 us, workers (us): 135, 175,  87,  71,  70,  69, 
[2026-04-03T03:08:59.704+0600][1018.330s][info][gc,stats       ]   Copy Objects                    94897 us
[2026-04-03T03:08:59.704+0600][1018.330s][info][gc,stats       ]     Regular Objects               94072 us
[2026-04-03T03:08:59.704+0600][1018.330s][info][gc,stats       ]     Humongous Objects                19 us
[2026-04-03T03:08:59.704+0600][1018.330s][info][gc,stats       ]     Reset Complete Bitmap           632 us
[2026-04-03T03:08:59.704+0600][1018.330s][info][gc,stats       ]     Rebuild Region Sets             172 us
[2026-04-03T03:08:59.704+0600][1018.330s][info][gc,stats       ]   Post Heap Dump                      1 us
[2026-04-03T03:08:59.704+0600][1018.330s][info][gc,stats       ] 
[2026-04-03T03:08:59.704+0600][1018.330s][info][gc,stats       ] Allocation pacing accrued:
[2026-04-03T03:08:59.704+0600][1018.330s][info][gc,stats       ]       0 of  6793 ms (  0.0%): <total>
[2026-04-03T03:08:59.704+0600][1018.330s][info][gc,stats       ]       0 of  6793 ms (  0.0%): <average total>
[2026-04-03T03:08:59.704+0600][1018.330s][info][gc,stats       ] 
[2026-04-03T03:08:59.704+0600][1018.330s][info][gc,metaspace   ] Metaspace: 49774K(50240K)->49784K(50240K) NonClass: 43556K(43840K)->43565K(43840K) Class: 6218K(6400K)->6218K(6400K)
[2026-04-03T03:08:59.704+0600][1018.330s][info][gc,ergo        ] Pacer for Idle. Initial: 10240K, Alloc Tax Rate: 1.0x
[2026-04-03T03:08:59.705+0600][1018.331s][info][gc             ] Trigger: Handle Allocation Failure
[2026-04-03T03:08:59.705+0600][1018.331s][info][gc,ergo        ] Free: 0B, Max: 0B regular, 0B humongous, Frag: 0% external, 0% internal; Reserve: 9728K, Max: 256K
[2026-04-03T03:08:59.705+0600][1018.332s][info][gc,start       ] GC(147) Pause Full
[2026-04-03T03:08:59.705+0600][1018.332s][info][gc,task        ] GC(147) Using 6 of 6 workers for full gc
[2026-04-03T03:08:59.706+0600][1018.332s][info][gc,phases,start] GC(147) Phase 1: Mark live objects
[2026-04-03T03:08:59.706+0600][1018.332s][info][gc,ref         ] GC(147) Clearing All SoftReferences
[2026-04-03T03:08:59.706+0600][1018.332s][info][gc,ref         ] GC(147) Clearing All SoftReferences
[2026-04-03T03:09:03.805+0600][1022.431s][info][gc,ref         ] GC(147) Encountered references: Soft: 2447, Weak: 2792, Final: 74, Phantom: 586
[2026-04-03T03:09:03.805+0600][1022.432s][info][gc,ref         ] GC(147) Discovered  references: Soft: 247, Weak: 1247, Final: 74, Phantom: 582
[2026-04-03T03:09:03.805+0600][1022.432s][info][gc,ref         ] GC(147) Enqueued    references: Soft: 2, Weak: 0, Final: 0, Phantom: 0
[2026-04-03T03:09:03.807+0600][1022.433s][info][gc,phases      ] GC(147) Phase 1: Mark live objects 4101.515ms
[2026-04-03T03:09:03.807+0600][1022.433s][info][gc,phases,start] GC(147) Phase 2: Compute new object addresses
[2026-04-03T03:09:03.889+0600][1022.516s][info][gc,phases      ] GC(147) Phase 2: Compute new object addresses 82.097ms
[2026-04-03T03:09:03.889+0600][1022.516s][info][gc,phases,start] GC(147) Phase 3: Adjust pointers
[2026-04-03T03:09:03.989+0600][1022.615s][info][gc,phases      ] GC(147) Phase 3: Adjust pointers 99.637ms
[2026-04-03T03:09:03.989+0600][1022.615s][info][gc,phases,start] GC(147) Phase 4: Move objects
[2026-04-03T03:09:04.069+0600][1022.695s][info][gc,phases      ] GC(147) Phase 4: Move objects 79.847ms
[2026-04-03T03:09:04.069+0600][1022.695s][info][gc,ergo        ] GC(147) Bad progress for free space: 86848B, need 5120K
[2026-04-03T03:09:04.069+0600][1022.695s][info][gc             ] GC(147) Pause Full 489M->489M(500M) 4363.754ms
[2026-04-03T03:09:04.069+0600][1022.696s][info][gc,ergo        ] Free: 63672B, Max: 36680B regular, 0B humongous, Frag: 0% external, 99% internal; Reserve: 9728K, Max: 256K
[2026-04-03T03:09:04.070+0600][1022.696s][info][gc,stats       ] 
[2026-04-03T03:09:04.070+0600][1022.696s][info][gc,stats       ] All times are wall-clock times, except per-root-class counters, that are sum over
[2026-04-03T03:09:04.070+0600][1022.696s][info][gc,stats       ] all workers. Dividing the <total> over the root stage time estimates parallelism.
[2026-04-03T03:09:04.070+0600][1022.696s][info][gc,stats       ] 
[2026-04-03T03:09:04.070+0600][1022.696s][info][gc,stats       ] Pause Full GC (G)               4364268 us
[2026-04-03T03:09:04.070+0600][1022.696s][info][gc,stats       ] Pause Full GC (N)               4363762 us
[2026-04-03T03:09:04.070+0600][1022.696s][info][gc,stats       ]   Pre Heap Dump                       1 us
[2026-04-03T03:09:04.070+0600][1022.696s][info][gc,stats       ]   Prepare                           166 us
[2026-04-03T03:09:04.070+0600][1022.696s][info][gc,stats       ]   Mark                          4101504 us, parallelism: 6.00x
[2026-04-03T03:09:04.070+0600][1022.696s][info][gc,stats       ]     FM: <total>                24588650 us
[2026-04-03T03:09:04.070+0600][1022.696s][info][gc,stats       ]     FM: Thread Roots                619 us, workers (us): 141, 140,  91,  93,  94,  61, 
[2026-04-03T03:09:04.070+0600][1022.696s][info][gc,stats       ]     FM: VM Strong Roots              20 us, workers (us):   0,   4,   5,   4,   4,   3, 
[2026-04-03T03:09:04.070+0600][1022.696s][info][gc,stats       ]     FM: CLDG Roots                  224 us, workers (us): 107,  27,  25,  23,  16,  26, 
[2026-04-03T03:09:04.070+0600][1022.696s][info][gc,stats       ]     FM: Parallel Mark          24587786 us, workers (us): 4097830, 4098022, 4098018, 4098054, 4098055, 4097807, 
[2026-04-03T03:09:04.070+0600][1022.696s][info][gc,stats       ]     System Purge                   2336 us
[2026-04-03T03:09:04.070+0600][1022.696s][info][gc,stats       ]       Weak References               474 us, parallelism: 1.22x
[2026-04-03T03:09:04.070+0600][1022.696s][info][gc,stats       ]         WRP: <total>                579 us
[2026-04-03T03:09:04.070+0600][1022.696s][info][gc,stats       ]         WRP: Weak References        579 us, workers (us): 252, 253,  21,  20,  32,   0, 
[2026-04-03T03:09:04.070+0600][1022.696s][info][gc,stats       ]       Unload Classes               1631 us, parallelism: 4.77x
[2026-04-03T03:09:04.070+0600][1022.696s][info][gc,stats       ]         CU: <total>                7773 us
[2026-04-03T03:09:04.070+0600][1022.696s][info][gc,stats       ]         CU: Unload Code Caches     7773 us, workers (us): 1357, 1293, 1292, 1293, 1267, 1271, 
[2026-04-03T03:09:04.070+0600][1022.696s][info][gc,stats       ]       Weak Roots                    210 us, parallelism: 2.56x
[2026-04-03T03:09:04.070+0600][1022.696s][info][gc,stats       ]         WR: <total>                 537 us
[2026-04-03T03:09:04.070+0600][1022.696s][info][gc,stats       ]         WR: VM Weak Roots           537 us, workers (us): 164, 104,  93,  62,  63,  52, 
[2026-04-03T03:09:04.070+0600][1022.696s][info][gc,stats       ]       CLDG                            4 us
[2026-04-03T03:09:04.070+0600][1022.696s][info][gc,stats       ]   Calculate Addresses             82089 us
[2026-04-03T03:09:04.070+0600][1022.696s][info][gc,stats       ]     Regular Objects               81996 us
[2026-04-03T03:09:04.070+0600][1022.696s][info][gc,stats       ]     Humongous Objects                29 us
[2026-04-03T03:09:04.070+0600][1022.696s][info][gc,stats       ]   Adjust Pointers                 99626 us
[2026-04-03T03:09:04.070+0600][1022.696s][info][gc             ] Failed to allocate TLAB, 2648B
[2026-04-03T03:09:04.070+0600][1022.696s][info][gc             ] Cancelling GC: Allocation Failure
[2026-04-03T03:09:04.070+0600][1022.696s][info][gc,stats       ]     FA: <total>                    8098 us
[2026-04-03T03:09:04.070+0600][1022.696s][info][gc,stats       ]     FA: Thread Roots                608 us, workers (us):   3,  85, 202, 136,   2, 180, 
[2026-04-03T03:09:04.070+0600][1022.696s][info][gc,stats       ]     FA: Code Cache Roots           6241 us, workers (us): 1169, 1059, 827, 1002, 1214, 970, 
[2026-04-03T03:09:04.070+0600][1022.696s][info][gc,stats       ]     FA: VM Strong Roots              17 us, workers (us):  13,   1,   1,   1,   1,   1, 
[2026-04-03T03:09:04.070+0600][1022.696s][info][gc,stats       ]     FA: VM Weak Roots               623 us, workers (us): 185, 125,  80,  79,  77,  76, 
[2026-04-03T03:09:04.070+0600][1022.696s][info][gc,stats       ]     FA: CLDG Roots                  610 us, workers (us):  64,  68, 182,  75, 157,  64, 
[2026-04-03T03:09:04.070+0600][1022.696s][info][gc,stats       ]   Copy Objects                    79834 us
[2026-04-03T03:09:04.070+0600][1022.696s][info][gc,stats       ]     Regular Objects               78799 us
[2026-04-03T03:09:04.070+0600][1022.696s][info][gc,stats       ]     Humongous Objects                25 us
[2026-04-03T03:09:04.070+0600][1022.696s][info][gc,stats       ]     Reset Complete Bitmap           729 us
[2026-04-03T03:09:04.070+0600][1022.696s][info][gc,stats       ]     Rebuild Region Sets             279 us
[2026-04-03T03:09:04.070+0600][1022.696s][info][gc,stats       ]   Post Heap Dump                      1 us
[2026-04-03T03:09:04.070+0600][1022.696s][info][gc,stats       ] 
[2026-04-03T03:09:04.070+0600][1022.696s][info][gc,stats       ] Allocation pacing accrued:
[2026-04-03T03:09:04.070+0600][1022.696s][info][gc,stats       ]       0 of  4366 ms (  0.0%): <total>
[2026-04-03T03:09:04.070+0600][1022.696s][info][gc,stats       ]       0 of  4366 ms (  0.0%): <average total>
[2026-04-03T03:09:04.070+0600][1022.696s][info][gc,stats       ] 
[2026-04-03T03:09:04.070+0600][1022.697s][info][gc,metaspace   ] Metaspace: 49787K(50240K)->49787K(50240K) NonClass: 43568K(43840K)->43568K(43840K) Class: 6218K(6400K)->6218K(6400K)
[2026-04-03T03:09:04.070+0600][1022.697s][info][gc,ergo        ] Pacer for Idle. Initial: 10240K, Alloc Tax Rate: 1.0x
[2026-04-03T03:09:04.072+0600][1022.699s][info][gc             ] Trigger: Handle Allocation Failure
[2026-04-03T03:09:04.072+0600][1022.699s][info][gc,ergo        ] Free: 0B, Max: 0B regular, 0B humongous, Frag: 0% external, 0% internal; Reserve: 9728K, Max: 256K
[2026-04-03T03:09:04.072+0600][1022.699s][info][gc,start       ] GC(148) Pause Degenerated GC (Outside of Cycle)
[2026-04-03T03:09:04.073+0600][1022.699s][info][gc,task        ] GC(148) Using 6 of 6 workers for stw degenerated gc
[2026-04-03T03:09:04.073+0600][1022.699s][info][gc,ref         ] GC(148) Clearing All SoftReferences
[2026-04-03T03:09:07.178+0600][1025.804s][info][gc,ref         ] GC(148) Encountered references: Soft: 2445, Weak: 2793, Final: 74, Phantom: 586
[2026-04-03T03:09:07.178+0600][1025.805s][info][gc,ref         ] GC(148) Discovered  references: Soft: 246, Weak: 1467, Final: 74, Phantom: 582
[2026-04-03T03:09:07.178+0600][1025.805s][info][gc,ref         ] GC(148) Enqueued    references: Soft: 0, Weak: 1, Final: 0, Phantom: 0
[2026-04-03T03:09:07.180+0600][1025.806s][info][gc,ergo        ] GC(148) Adaptive CSet Selection. Target Free: 72533K, Actual Free: 9728K, Max CSet: 21333K, Min Garbage: 62805K
[2026-04-03T03:09:07.180+0600][1025.807s][info][gc,ergo        ] GC(148) Collectable Garbage: 24920B (100%), Immediate: 0B (0%), CSet: 24920B (100%)
[2026-04-03T03:09:07.184+0600][1025.811s][info][gc             ] GC(148) Cancelling GC: Allocation Failure During Evacuation
[2026-04-03T03:09:07.186+0600][1025.812s][info][gc             ] GC(148) Cannot finish degeneration, upgrading to Full GC
[2026-04-03T03:09:07.190+0600][1025.817s][info][gc,phases,start] GC(148) Phase 1: Mark live objects
[2026-04-03T03:09:07.190+0600][1025.817s][info][gc,ref         ] GC(148) Clearing All SoftReferences
[2026-04-03T03:09:07.190+0600][1025.817s][info][gc,ref         ] GC(148) Clearing All SoftReferences
[2026-04-03T03:09:11.481+0600][1030.107s][info][gc,ref         ] GC(148) Encountered references: Soft: 2445, Weak: 2792, Final: 74, Phantom: 586
[2026-04-03T03:09:11.481+0600][1030.107s][info][gc,ref         ] GC(148) Discovered  references: Soft: 248, Weak: 1062, Final: 74, Phantom: 582
[2026-04-03T03:09:11.481+0600][1030.107s][info][gc,ref         ] GC(148) Enqueued    references: Soft: 0, Weak: 0, Final: 0, Phantom: 0
[2026-04-03T03:09:11.483+0600][1030.109s][info][gc,phases      ] GC(148) Phase 1: Mark live objects 4292.545ms
[2026-04-03T03:09:11.483+0600][1030.109s][info][gc,phases,start] GC(148) Phase 2: Compute new object addresses
[2026-04-03T03:09:11.576+0600][1030.202s][info][gc,phases      ] GC(148) Phase 2: Compute new object addresses 92.805ms
[2026-04-03T03:09:11.576+0600][1030.202s][info][gc,phases,start] GC(148) Phase 3: Adjust pointers
[2026-04-03T03:09:11.678+0600][1030.305s][info][gc,phases      ] GC(148) Phase 3: Adjust pointers 102.469ms
[2026-04-03T03:09:11.678+0600][1030.305s][info][gc,phases,start] GC(148) Phase 4: Move objects
[2026-04-03T03:09:11.782+0600][1030.408s][info][gc,phases      ] GC(148) Phase 4: Move objects 103.567ms
[2026-04-03T03:09:11.782+0600][1030.408s][info][gc,ergo        ] GC(148) Bad progress for free space: 54152B, need 5120K
[2026-04-03T03:09:11.782+0600][1030.408s][info][gc             ] GC(148) Pause Degenerated GC (Outside of Cycle) 489M->489M(500M) 7709.594ms
[2026-04-03T03:09:11.782+0600][1030.409s][info][gc,ergo        ] Free: 12744B, Max: 4616B regular, 0B humongous, Frag: 0% external, 99% internal; Reserve: 9728K, Max: 256K
[2026-04-03T03:09:11.782+0600][1030.409s][info][gc,stats       ] 
[2026-04-03T03:09:11.782+0600][1030.409s][info][gc,stats       ] All times are wall-clock times, except per-root-class counters, that are sum over
[2026-04-03T03:09:11.782+0600][1030.409s][info][gc,stats       ] all workers. Dividing the <total> over the root stage time estimates parallelism.
[2026-04-03T03:09:11.782+0600][1030.409s][info][gc,stats       ] 
[2026-04-03T03:09:11.782+0600][1030.409s][info][gc             ] Failed to allocate Shared, 24B
[2026-04-03T03:09:11.782+0600][1030.409s][info][gc             ] Cancelling GC: Allocation Failure
[2026-04-03T03:09:11.782+0600][1030.409s][info][gc,stats       ] Pause Degenerated GC (G)        7709832 us
[2026-04-03T03:09:11.782+0600][1030.409s][info][gc,stats       ] Pause Degenerated GC (N)        7709605 us
[2026-04-03T03:09:11.782+0600][1030.409s][info][gc,stats       ]   Degen STW Mark                3105084 us, parallelism: 6.00x
[2026-04-03T03:09:11.782+0600][1030.409s][info][gc,stats       ]     DSM: <total>               18621636 us
[2026-04-03T03:09:11.782+0600][1030.409s][info][gc,stats       ]     DSM: Thread Roots               656 us, workers (us): 147, 168, 144,  68,  68,  61, 
[2026-04-03T03:09:11.782+0600][1030.409s][info][gc,stats       ]     DSM: VM Strong Roots             19 us, workers (us):   5,   0,   0,   5,   4,   4, 
[2026-04-03T03:09:11.782+0600][1030.409s][info][gc,stats       ]     DSM: CLDG Roots                 262 us, workers (us):  30,  16, 142,  28,  20,  26, 
[2026-04-03T03:09:11.782+0600][1030.409s][info][gc,stats       ]     DSM: Parallel Mark         18620699 us, workers (us): 3103205, 3103960, 3103516, 3103845, 3102208, 3103965, 
[2026-04-03T03:09:11.782+0600][1030.409s][info][gc,stats       ]     System Purge                   2216 us
[2026-04-03T03:09:11.782+0600][1030.409s][info][gc,stats       ]       Weak References               312 us, parallelism: 1.04x
[2026-04-03T03:09:11.782+0600][1030.409s][info][gc,stats       ]         WRP: <total>                326 us
[2026-04-03T03:09:11.783+0600][1030.409s][info][gc,stats       ]         WRP: Weak References        326 us, workers (us):  64,  79,  26, 158,   0,   0, 
[2026-04-03T03:09:11.783+0600][1030.409s][info][gc,stats       ]       Unload Classes               1735 us, parallelism: 5.20x
[2026-04-03T03:09:11.783+0600][1030.409s][info][gc,stats       ]         DCU: <total>               9019 us
[2026-04-03T03:09:11.783+0600][1030.409s][info][gc,stats       ]         DCU: Unload Code Caches     9019 us, workers (us): 1544, 1531, 1547, 1459, 1490, 1447, 
[2026-04-03T03:09:11.783+0600][1030.409s][info][gc,stats       ]       Weak Roots                    155 us, parallelism: 3.62x
[2026-04-03T03:09:11.783+0600][1030.409s][info][gc,stats       ]         DWR: <total>                562 us
[2026-04-03T03:09:11.783+0600][1030.409s][info][gc,stats       ]         DWR: VM Weak Roots          562 us, workers (us): 116, 113, 113, 106,  58,  56, 
[2026-04-03T03:09:11.783+0600][1030.409s][info][gc,stats       ]       CLDG                            3 us
[2026-04-03T03:09:11.783+0600][1030.409s][info][gc,stats       ]   Update Region States               27 us
[2026-04-03T03:09:11.783+0600][1030.409s][info][gc,stats       ]   Manage GC/TLABs                    11 us
[2026-04-03T03:09:11.783+0600][1030.409s][info][gc,stats       ]   Choose Collection Set             218 us
[2026-04-03T03:09:11.783+0600][1030.409s][info][gc,stats       ]   Rebuild Free Set                   52 us
[2026-04-03T03:09:11.783+0600][1030.409s][info][gc,stats       ]   Evacuation                       5129 us
[2026-04-03T03:09:11.783+0600][1030.409s][info][gc,stats       ]   Pre Heap Dump                       2 us
[2026-04-03T03:09:11.783+0600][1030.409s][info][gc,stats       ]   Prepare                          4134 us
[2026-04-03T03:09:11.783+0600][1030.409s][info][gc,stats       ]     Update Roots                   2480 us, parallelism: 5.02x
[2026-04-03T03:09:11.783+0600][1030.409s][info][gc,stats       ]       FU: <total>                 12451 us
[2026-04-03T03:09:11.783+0600][1030.409s][info][gc,stats       ]       FU: Thread Roots             1006 us, workers (us):  28, 156, 220,  64, 251, 287, 
[2026-04-03T03:09:11.783+0600][1030.409s][info][gc,stats       ]       FU: Code Cache Roots         9657 us, workers (us): 1922, 1619, 1555, 1649, 1521, 1391, 
[2026-04-03T03:09:11.783+0600][1030.409s][info][gc,stats       ]       FU: VM Strong Roots            21 us, workers (us):  16,   2,   1,   1,   1,   1, 
[2026-04-03T03:09:11.783+0600][1030.409s][info][gc,stats       ]       FU: VM Weak Roots             870 us, workers (us): 203, 183, 159, 111, 108, 106, 
[2026-04-03T03:09:11.783+0600][1030.409s][info][gc,stats       ]       FU: CLDG Roots                897 us, workers (us): 123, 121, 120, 185, 131, 218, 
[2026-04-03T03:09:11.783+0600][1030.409s][info][gc,stats       ]   Mark                          4292484 us, parallelism: 5.99x
[2026-04-03T03:09:11.783+0600][1030.409s][info][gc,stats       ]     FM: <total>                25729586 us
[2026-04-03T03:09:11.783+0600][1030.409s][info][gc,stats       ]     FM: Thread Roots               1312 us, workers (us): 299, 223, 223, 222, 165, 181, 
[2026-04-03T03:09:11.783+0600][1030.409s][info][gc,stats       ]     FM: VM Strong Roots              36 us, workers (us):   1,  11,   9,   1,   8,   7, 
[2026-04-03T03:09:11.783+0600][1030.409s][info][gc,stats       ]     FM: CLDG Roots                  451 us, workers (us): 205,  58,  58,  33,  58,  40, 
[2026-04-03T03:09:11.783+0600][1030.409s][info][gc,stats       ]     FM: Parallel Mark          25727786 us, workers (us): 4287811, 4288056, 4288053, 4287937, 4287961, 4287968, 
[2026-04-03T03:09:11.783+0600][1030.409s][info][gc,stats       ]     System Purge                   2740 us
[2026-04-03T03:09:11.783+0600][1030.409s][info][gc,stats       ]       Weak References               636 us, parallelism: 1.08x
[2026-04-03T03:09:11.783+0600][1030.409s][info][gc,stats       ]         WRP: <total>                688 us
[2026-04-03T03:09:11.783+0600][1030.409s][info][gc,stats       ]         WRP: Weak References        688 us, workers (us): 124, 267, 232,  25,  39,   1, 
[2026-04-03T03:09:11.783+0600][1030.409s][info][gc,stats       ]       Unload Classes               1615 us, parallelism: 4.91x
[2026-04-03T03:09:11.783+0600][1030.409s][info][gc,stats       ]         CU: <total>                7935 us
[2026-04-03T03:09:11.783+0600][1030.409s][info][gc,stats       ]         CU: Unload Code Caches     7935 us, workers (us): 1338, 1351, 1325, 1310, 1300, 1311, 
[2026-04-03T03:09:11.783+0600][1030.409s][info][gc,stats       ]       Weak Roots                    470 us, parallelism: 2.06x
[2026-04-03T03:09:11.783+0600][1030.409s][info][gc,stats       ]         WR: <total>                 968 us
[2026-04-03T03:09:11.783+0600][1030.409s][info][gc,stats       ]         WR: VM Weak Roots           968 us, workers (us): 261, 190, 149, 133, 119, 115, 
[2026-04-03T03:09:11.783+0600][1030.409s][info][gc,stats       ]       CLDG                            2 us
[2026-04-03T03:09:11.783+0600][1030.409s][info][gc,stats       ]   Calculate Addresses             92793 us
[2026-04-03T03:09:11.783+0600][1030.409s][info][gc,stats       ]     Regular Objects               92682 us
[2026-04-03T03:09:11.783+0600][1030.409s][info][gc,stats       ]     Humongous Objects                28 us
[2026-04-03T03:09:11.783+0600][1030.409s][info][gc,stats       ]   Adjust Pointers                102457 us
[2026-04-03T03:09:11.783+0600][1030.409s][info][gc,stats       ]     FA: <total>                    7850 us
[2026-04-03T03:09:11.783+0600][1030.409s][info][gc,stats       ]     FA: Thread Roots                560 us, workers (us):  15, 157, 159,  73,   2, 154, 
[2026-04-03T03:09:11.783+0600][1030.409s][info][gc,stats       ]     FA: Code Cache Roots           6017 us, workers (us): 1155, 811, 937, 1026, 1158, 929, 
[2026-04-03T03:09:11.783+0600][1030.409s][info][gc,stats       ]     FA: VM Strong Roots              18 us, workers (us):  15,   1,   1,   1,   0,   1, 
[2026-04-03T03:09:11.783+0600][1030.409s][info][gc,stats       ]     FA: VM Weak Roots               662 us, workers (us): 119, 117, 116, 118, 107,  86, 
[2026-04-03T03:09:11.783+0600][1030.409s][info][gc,stats       ]     FA: CLDG Roots                  594 us, workers (us):  59, 182,  56,  55, 172,  69, 
[2026-04-03T03:09:11.783+0600][1030.409s][info][gc,stats       ]   Copy Objects                   103552 us
[2026-04-03T03:09:11.783+0600][1030.409s][info][gc,stats       ]     Regular Objects              102684 us
[2026-04-03T03:09:11.783+0600][1030.409s][info][gc,stats       ]     Humongous Objects                21 us
[2026-04-03T03:09:11.783+0600][1030.409s][info][gc,stats       ]     Reset Complete Bitmap           673 us
[2026-04-03T03:09:11.783+0600][1030.409s][info][gc,stats       ]     Rebuild Region Sets             173 us
[2026-04-03T03:09:11.783+0600][1030.409s][info][gc,stats       ]   Post Heap Dump                      1 us
[2026-04-03T03:09:11.783+0600][1030.409s][info][gc,stats       ] 
[2026-04-03T03:09:11.783+0600][1030.409s][info][gc,stats       ] Allocation pacing accrued:
[2026-04-03T03:09:11.783+0600][1030.409s][info][gc,stats       ]       0 of  7713 ms (  0.0%): <total>
[2026-04-03T03:09:11.783+0600][1030.409s][info][gc,stats       ]       0 of  7713 ms (  0.0%): <average total>
[2026-04-03T03:09:11.783+0600][1030.409s][info][gc,stats       ] 
[2026-04-03T03:09:11.783+0600][1030.409s][info][gc,metaspace   ] Metaspace: 49787K(50240K)->49789K(50240K) NonClass: 43568K(43840K)->43570K(43840K) Class: 6218K(6400K)->6219K(6400K)
[2026-04-03T03:09:11.783+0600][1030.409s][info][gc,ergo        ] Pacer for Idle. Initial: 10240K, Alloc Tax Rate: 1.0x
[2026-04-03T03:09:11.784+0600][1030.410s][info][gc             ] Trigger: Handle Allocation Failure
[2026-04-03T03:09:11.784+0600][1030.410s][info][gc,ergo        ] Free: 0B, Max: 0B regular, 0B humongous, Frag: 0% external, 0% internal; Reserve: 9728K, Max: 256K
[2026-04-03T03:09:11.784+0600][1030.410s][info][gc,start       ] GC(149) Pause Degenerated GC (Outside of Cycle)
[2026-04-03T03:09:11.784+0600][1030.410s][info][gc,task        ] GC(149) Using 6 of 6 workers for stw degenerated gc
[2026-04-03T03:09:11.784+0600][1030.411s][info][gc,ref         ] GC(149) Clearing All SoftReferences
[2026-04-03T03:09:15.984+0600][1034.611s][info][gc,ref         ] GC(149) Encountered references: Soft: 2445, Weak: 2792, Final: 74, Phantom: 586
[2026-04-03T03:09:15.984+0600][1034.611s][info][gc,ref         ] GC(149) Discovered  references: Soft: 245, Weak: 1336, Final: 74, Phantom: 582
[2026-04-03T03:09:15.984+0600][1034.611s][info][gc,ref         ] GC(149) Enqueued    references: Soft: 0, Weak: 0, Final: 0, Phantom: 0
[2026-04-03T03:09:15.987+0600][1034.613s][info][gc,ergo        ] GC(149) Adaptive CSet Selection. Target Free: 72533K, Actual Free: 9728K, Max CSet: 21333K, Min Garbage: 62805K
[2026-04-03T03:09:15.987+0600][1034.613s][info][gc,ergo        ] GC(149) Collectable Garbage: 18440B (100%), Immediate: 0B (0%), CSet: 18440B (100%)
[2026-04-03T03:09:15.990+0600][1034.617s][info][gc             ] GC(149) Cancelling GC: Allocation Failure During Evacuation
[2026-04-03T03:09:15.992+0600][1034.618s][info][gc             ] GC(149) Cannot finish degeneration, upgrading to Full GC
[2026-04-03T03:09:15.995+0600][1034.621s][info][gc,phases,start] GC(149) Phase 1: Mark live objects
[2026-04-03T03:09:15.995+0600][1034.621s][info][gc,ref         ] GC(149) Clearing All SoftReferences
[2026-04-03T03:09:15.995+0600][1034.621s][info][gc,ref         ] GC(149) Clearing All SoftReferences
[2026-04-03T03:09:19.439+0600][1038.066s][info][gc,ref         ] GC(149) Encountered references: Soft: 2445, Weak: 2792, Final: 74, Phantom: 586
[2026-04-03T03:09:19.439+0600][1038.066s][info][gc,ref         ] GC(149) Discovered  references: Soft: 244, Weak: 1438, Final: 74, Phantom: 582
[2026-04-03T03:09:19.439+0600][1038.066s][info][gc,ref         ] GC(149) Enqueued    references: Soft: 0, Weak: 0, Final: 0, Phantom: 0
[2026-04-03T03:09:19.441+0600][1038.067s][info][gc,phases      ] GC(149) Phase 1: Mark live objects 3445.875ms
[2026-04-03T03:09:19.441+0600][1038.067s][info][gc,phases,start] GC(149) Phase 2: Compute new object addresses
[2026-04-03T03:09:19.534+0600][1038.161s][info][gc,phases      ] GC(149) Phase 2: Compute new object addresses 93.598ms
[2026-04-03T03:09:19.534+0600][1038.161s][info][gc,phases,start] GC(149) Phase 3: Adjust pointers
[2026-04-03T03:09:19.636+0600][1038.262s][info][gc,phases      ] GC(149) Phase 3: Adjust pointers 101.680ms
[2026-04-03T03:09:19.636+0600][1038.263s][info][gc,phases,start] GC(149) Phase 4: Move objects
[2026-04-03T03:09:19.730+0600][1038.357s][info][gc,phases      ] GC(149) Phase 4: Move objects 94.245ms
[2026-04-03T03:09:19.731+0600][1038.357s][info][gc,ergo        ] GC(149) Bad progress for free space: 51808B, need 5120K
[2026-04-03T03:09:19.731+0600][1038.357s][info][gc             ] GC(149) Pause Degenerated GC (Outside of Cycle) 489M->489M(500M) 7946.740ms
[2026-04-03T03:09:19.731+0600][1038.357s][info][gc,ergo        ] Free: 51808B, Max: 9336B regular, 0B humongous, Frag: 0% external, 99% internal; Reserve: 9728K, Max: 256K
[2026-04-03T03:09:19.731+0600][1038.357s][info][gc,stats       ] 
[2026-04-03T03:09:19.731+0600][1038.357s][info][gc,stats       ] All times are wall-clock times, except per-root-class counters, that are sum over
[2026-04-03T03:09:19.731+0600][1038.357s][info][gc,stats       ] all workers. Dividing the <total> over the root stage time estimates parallelism.
[2026-04-03T03:09:19.731+0600][1038.357s][info][gc,stats       ] 
[2026-04-03T03:09:19.731+0600][1038.357s][info][gc,stats       ] Pause Degenerated GC (G)        7946995 us
[2026-04-03T03:09:19.731+0600][1038.357s][info][gc,stats       ] Pause Degenerated GC (N)        7946767 us
[2026-04-03T03:09:19.731+0600][1038.357s][info][gc,stats       ]   Degen STW Mark                4199964 us, parallelism: 6.00x
[2026-04-03T03:09:19.731+0600][1038.357s][info][gc,stats       ]     DSM: <total>               25193240 us
[2026-04-03T03:09:19.731+0600][1038.358s][info][gc,stats       ]     DSM: Thread Roots               685 us, workers (us): 140, 138, 197,  76,  75,  60, 
[2026-04-03T03:09:19.731+0600][1038.358s][info][gc,stats       ]     DSM: VM Strong Roots             20 us, workers (us):   4,   0,   0,   4,   5,   6, 
[2026-04-03T03:09:19.731+0600][1038.358s][info][gc,stats       ]     DSM: CLDG Roots                 255 us, workers (us):  25, 127,  14,  30,  29,  30, 
[2026-04-03T03:09:19.731+0600][1038.358s][info][gc,stats       ]     DSM: Parallel Mark         25192279 us, workers (us): 4198737, 4198636, 4198693, 4198836, 4198835, 4198542, 
[2026-04-03T03:09:19.731+0600][1038.358s][info][gc,stats       ]     System Purge                   2449 us
[2026-04-03T03:09:19.731+0600][1038.358s][info][gc             ] Failed to allocate TLAB, 2656B
[2026-04-03T03:09:19.731+0600][1038.358s][info][gc             ] Cancelling GC: Allocation Failure
[2026-04-03T03:09:19.731+0600][1038.358s][info][gc,stats       ]       Weak References               335 us, parallelism: 1.07x
[2026-04-03T03:09:19.731+0600][1038.358s][info][gc,stats       ]         WRP: <total>                359 us
[2026-04-03T03:09:19.731+0600][1038.358s][info][gc,stats       ]         WRP: Weak References        359 us, workers (us):  89,  69, 169,  32,   1,   0, 
[2026-04-03T03:09:19.731+0600][1038.358s][info][gc,stats       ]       Unload Classes               1918 us, parallelism: 4.98x
[2026-04-03T03:09:19.731+0600][1038.358s][info][gc,stats       ]         DCU: <total>               9555 us
[2026-04-03T03:09:19.731+0600][1038.358s][info][gc,stats       ]         DCU: Unload Code Caches     9555 us, workers (us): 1675, 1591, 1565, 1567, 1581, 1575, 
[2026-04-03T03:09:19.731+0600][1038.358s][info][gc,stats       ]       Weak Roots                    183 us, parallelism: 3.19x
[2026-04-03T03:09:19.731+0600][1038.358s][info][gc,stats       ]         DWR: <total>                583 us
[2026-04-03T03:09:19.731+0600][1038.358s][info][gc,stats       ]         DWR: VM Weak Roots          583 us, workers (us): 150, 137,  91,  89,  82,  35, 
[2026-04-03T03:09:19.731+0600][1038.358s][info][gc,stats       ]       CLDG                            3 us
[2026-04-03T03:09:19.731+0600][1038.358s][info][gc,stats       ]   Update Region States               63 us
[2026-04-03T03:09:19.731+0600][1038.358s][info][gc,stats       ]   Manage GC/TLABs                     9 us
[2026-04-03T03:09:19.731+0600][1038.358s][info][gc,stats       ]   Choose Collection Set             204 us
[2026-04-03T03:09:19.731+0600][1038.358s][info][gc,stats       ]   Rebuild Free Set                   43 us
[2026-04-03T03:09:19.731+0600][1038.358s][info][gc,stats       ]   Evacuation                       4418 us
[2026-04-03T03:09:19.731+0600][1038.358s][info][gc,stats       ]   Pre Heap Dump                       1 us
[2026-04-03T03:09:19.731+0600][1038.358s][info][gc,stats       ]   Prepare                          3120 us
[2026-04-03T03:09:19.731+0600][1038.358s][info][gc,stats       ]     Update Roots                   2010 us, parallelism: 4.74x
[2026-04-03T03:09:19.731+0600][1038.358s][info][gc,stats       ]       FU: <total>                  9522 us
[2026-04-03T03:09:19.731+0600][1038.358s][info][gc,stats       ]       FU: Thread Roots              780 us, workers (us): 338,   5,   8, 133, 223,  73, 
[2026-04-03T03:09:19.731+0600][1038.358s][info][gc,stats       ]       FU: Code Cache Roots         7518 us, workers (us): 997, 1421, 1450, 1225, 1138, 1286, 
[2026-04-03T03:09:19.731+0600][1038.358s][info][gc,stats       ]       FU: VM Strong Roots            17 us, workers (us):  13,   1,   1,   1,   1,   1, 
[2026-04-03T03:09:19.731+0600][1038.358s][info][gc,stats       ]       FU: VM Weak Roots             790 us, workers (us): 189, 177, 125, 126,  85,  88, 
[2026-04-03T03:09:19.731+0600][1038.358s][info][gc,stats       ]       FU: CLDG Roots                417 us, workers (us): 115,  55, 107,  47,  48,  45, 
[2026-04-03T03:09:19.731+0600][1038.358s][info][gc,stats       ]   Mark                          3445770 us, parallelism: 6.00x
[2026-04-03T03:09:19.731+0600][1038.358s][info][gc,stats       ]     FM: <total>                20658033 us
[2026-04-03T03:09:19.731+0600][1038.358s][info][gc,stats       ]     FM: Thread Roots                955 us, workers (us): 194, 195, 263, 151,  78,  75, 
[2026-04-03T03:09:19.731+0600][1038.358s][info][gc,stats       ]     FM: VM Strong Roots              24 us, workers (us):   5,   0,   0,   6,   5,   7, 
[2026-04-03T03:09:19.731+0600][1038.358s][info][gc,stats       ]     FM: CLDG Roots                  302 us, workers (us):  40, 167,   8,  13,  36,  37, 
[2026-04-03T03:09:19.731+0600][1038.358s][info][gc,stats       ]     FM: Parallel Mark          20656753 us, workers (us): 3442846, 3442781, 3442869, 3442952, 3442860, 3442444, 
[2026-04-03T03:09:19.731+0600][1038.358s][info][gc,stats       ]     System Purge                   1827 us
[2026-04-03T03:09:19.731+0600][1038.358s][info][gc,stats       ]       Weak References               371 us, parallelism: 0.75x
[2026-04-03T03:09:19.731+0600][1038.358s][info][gc,stats       ]         WRP: <total>                280 us
[2026-04-03T03:09:19.731+0600][1038.358s][info][gc,stats       ]         WRP: Weak References        280 us, workers (us): 109, 147,  23,   0,   1,   0, 
[2026-04-03T03:09:19.731+0600][1038.358s][info][gc,stats       ]       Unload Classes               1236 us, parallelism: 5.31x
[2026-04-03T03:09:19.731+0600][1038.358s][info][gc,stats       ]         CU: <total>                6569 us
[2026-04-03T03:09:19.731+0600][1038.358s][info][gc,stats       ]         CU: Unload Code Caches     6569 us, workers (us): 1107, 1116, 1109, 1136, 1053, 1047, 
[2026-04-03T03:09:19.731+0600][1038.358s][info][gc,stats       ]       Weak Roots                    207 us, parallelism: 2.67x
[2026-04-03T03:09:19.731+0600][1038.358s][info][gc,stats       ]         WR: <total>                 553 us
[2026-04-03T03:09:19.731+0600][1038.358s][info][gc,stats       ]         WR: VM Weak Roots           553 us, workers (us): 168, 157,  77,  72,  42,  37, 
[2026-04-03T03:09:19.731+0600][1038.358s][info][gc,stats       ]       CLDG                            2 us
[2026-04-03T03:09:19.731+0600][1038.358s][info][gc,stats       ]   Calculate Addresses             93590 us
[2026-04-03T03:09:19.731+0600][1038.358s][info][gc,stats       ]     Regular Objects               93487 us
[2026-04-03T03:09:19.731+0600][1038.358s][info][gc,stats       ]     Humongous Objects                29 us
[2026-04-03T03:09:19.731+0600][1038.358s][info][gc,stats       ]   Adjust Pointers                101669 us
[2026-04-03T03:09:19.731+0600][1038.358s][info][gc,stats       ]     FA: <total>                    7477 us
[2026-04-03T03:09:19.731+0600][1038.358s][info][gc,stats       ]     FA: Thread Roots                617 us, workers (us): 124,   3,  65, 173,   1, 251, 
[2026-04-03T03:09:19.731+0600][1038.358s][info][gc,stats       ]     FA: Code Cache Roots           5588 us, workers (us): 786, 1026, 936, 929, 1151, 759, 
[2026-04-03T03:09:19.732+0600][1038.358s][info][gc,stats       ]     FA: VM Strong Roots              16 us, workers (us):  13,   1,   1,   1,   1,   1, 
[2026-04-03T03:09:19.732+0600][1038.358s][info][gc,stats       ]     FA: VM Weak Roots               698 us, workers (us): 188, 127, 119,  90,  89,  86, 
[2026-04-03T03:09:19.732+0600][1038.358s][info][gc,stats       ]     FA: CLDG Roots                  557 us, workers (us): 161,  58,  76,  59, 142,  61, 
[2026-04-03T03:09:19.732+0600][1038.358s][info][gc,stats       ]   Copy Objects                    94232 us
[2026-04-03T03:09:19.732+0600][1038.358s][info][gc,stats       ]     Regular Objects               93265 us
[2026-04-03T03:09:19.732+0600][1038.358s][info][gc,stats       ]     Humongous Objects                21 us
[2026-04-03T03:09:19.732+0600][1038.358s][info][gc,stats       ]     Reset Complete Bitmap           690 us
[2026-04-03T03:09:19.732+0600][1038.358s][info][gc,stats       ]     Rebuild Region Sets             253 us
[2026-04-03T03:09:19.732+0600][1038.358s][info][gc,stats       ]   Post Heap Dump                      1 us
[2026-04-03T03:09:19.732+0600][1038.358s][info][gc,stats       ] 
[2026-04-03T03:09:19.732+0600][1038.358s][info][gc,stats       ] Allocation pacing accrued:
[2026-04-03T03:09:19.732+0600][1038.358s][info][gc,stats       ]       0 of  7949 ms (  0.0%): <total>
[2026-04-03T03:09:19.732+0600][1038.358s][info][gc,stats       ]       0 of  7949 ms (  0.0%): <average total>
[2026-04-03T03:09:19.732+0600][1038.358s][info][gc,stats       ] 
[2026-04-03T03:09:19.732+0600][1038.358s][info][gc,metaspace   ] Metaspace: 49789K(50240K)->49790K(50240K) NonClass: 43570K(43840K)->43571K(43840K) Class: 6219K(6400K)->6219K(6400K)
[2026-04-03T03:09:19.732+0600][1038.358s][info][gc,ergo        ] Pacer for Idle. Initial: 10240K, Alloc Tax Rate: 1.0x
[2026-04-03T03:09:19.733+0600][1038.359s][info][gc             ] Trigger: Handle Allocation Failure
[2026-04-03T03:09:19.733+0600][1038.359s][info][gc,ergo        ] Free: 0B, Max: 0B regular, 0B humongous, Frag: 0% external, 0% internal; Reserve: 9728K, Max: 256K
[2026-04-03T03:09:19.733+0600][1038.359s][info][gc,start       ] GC(150) Pause Degenerated GC (Outside of Cycle)
[2026-04-03T03:09:19.733+0600][1038.359s][info][gc,task        ] GC(150) Using 6 of 6 workers for stw degenerated gc
[2026-04-03T03:09:19.733+0600][1038.360s][info][gc,ref         ] GC(150) Clearing All SoftReferences
[2026-04-03T03:09:23.052+0600][1041.678s][info][gc,ref         ] GC(150) Encountered references: Soft: 2445, Weak: 2795, Final: 74, Phantom: 586
[2026-04-03T03:09:23.052+0600][1041.678s][info][gc,ref         ] GC(150) Discovered  references: Soft: 239, Weak: 461, Final: 74, Phantom: 582
[2026-04-03T03:09:23.052+0600][1041.678s][info][gc,ref         ] GC(150) Enqueued    references: Soft: 0, Weak: 1, Final: 0, Phantom: 0
[2026-04-03T03:09:23.054+0600][1041.680s][info][gc,ergo        ] GC(150) Adaptive CSet Selection. Target Free: 72533K, Actual Free: 9728K, Max CSet: 21333K, Min Garbage: 62805K
[2026-04-03T03:09:23.054+0600][1041.680s][info][gc,ergo        ] GC(150) Collectable Garbage: 16200B (100%), Immediate: 0B (0%), CSet: 16200B (100%)
[2026-04-03T03:09:23.058+0600][1041.684s][info][gc             ] GC(150) Cancelling GC: Allocation Failure During Evacuation
[2026-04-03T03:09:23.060+0600][1041.686s][info][gc             ] GC(150) Cannot finish degeneration, upgrading to Full GC
[2026-04-03T03:09:23.063+0600][1041.690s][info][gc,phases,start] GC(150) Phase 1: Mark live objects
[2026-04-03T03:09:23.064+0600][1041.690s][info][gc,ref         ] GC(150) Clearing All SoftReferences
[2026-04-03T03:09:23.064+0600][1041.690s][info][gc,ref         ] GC(150) Clearing All SoftReferences
[2026-04-03T03:09:27.441+0600][1046.067s][info][gc,ref         ] GC(150) Encountered references: Soft: 2445, Weak: 2794, Final: 74, Phantom: 586
[2026-04-03T03:09:27.441+0600][1046.067s][info][gc,ref         ] GC(150) Discovered  references: Soft: 243, Weak: 640, Final: 74, Phantom: 582
[2026-04-03T03:09:27.441+0600][1046.067s][info][gc,ref         ] GC(150) Enqueued    references: Soft: 0, Weak: 0, Final: 0, Phantom: 0
[2026-04-03T03:09:27.443+0600][1046.069s][info][gc,phases      ] GC(150) Phase 1: Mark live objects 4379.297ms
[2026-04-03T03:09:27.443+0600][1046.069s][info][gc,phases,start] GC(150) Phase 2: Compute new object addresses
[2026-04-03T03:09:27.525+0600][1046.151s][info][gc,phases      ] GC(150) Phase 2: Compute new object addresses 82.036ms
[2026-04-03T03:09:27.525+0600][1046.151s][info][gc,phases,start] GC(150) Phase 3: Adjust pointers
[2026-04-03T03:09:27.625+0600][1046.252s][info][gc,phases      ] GC(150) Phase 3: Adjust pointers 100.381ms
[2026-04-03T03:09:27.625+0600][1046.252s][info][gc,phases,start] GC(150) Phase 4: Move objects
[2026-04-03T03:09:27.705+0600][1046.331s][info][gc,phases      ] GC(150) Phase 4: Move objects 79.694ms
[2026-04-03T03:09:27.705+0600][1046.332s][info][gc,ergo        ] GC(150) Bad progress for free space: 299K, need 5120K
[2026-04-03T03:09:27.705+0600][1046.332s][info][gc             ] GC(150) Pause Degenerated GC (Outside of Cycle) 489M->489M(500M) 7972.242ms
[2026-04-03T03:09:27.705+0600][1046.332s][info][gc,ergo        ] Free: 273K, Max: 175K regular, 0B humongous, Frag: 0% external, 99% internal; Reserve: 9472K, Max: 256K
[2026-04-03T03:09:27.705+0600][1046.332s][info][gc,stats       ] 
[2026-04-03T03:09:27.705+0600][1046.332s][info][gc,stats       ] All times are wall-clock times, except per-root-class counters, that are sum over
[2026-04-03T03:09:27.706+0600][1046.332s][info][gc,stats       ] all workers. Dividing the <total> over the root stage time estimates parallelism.
[2026-04-03T03:09:27.706+0600][1046.332s][info][gc,stats       ] 
[2026-04-03T03:09:27.706+0600][1046.332s][info][gc,stats       ] Pause Degenerated GC (G)        7972484 us
[2026-04-03T03:09:27.706+0600][1046.332s][info][gc,stats       ] Pause Degenerated GC (N)        7972252 us
[2026-04-03T03:09:27.706+0600][1046.332s][info][gc,stats       ]   Degen STW Mark                3318202 us, parallelism: 6.00x
[2026-04-03T03:09:27.706+0600][1046.332s][info][gc,stats       ]     DSM: <total>               19902384 us
[2026-04-03T03:09:27.706+0600][1046.332s][info][gc,stats       ]     DSM: Thread Roots               686 us, workers (us): 185,  96,  97,  93, 119,  95, 
[2026-04-03T03:09:27.706+0600][1046.332s][info][gc,stats       ]     DSM: VM Strong Roots             18 us, workers (us):   0,   4,   5,   4,   0,   4, 
[2026-04-03T03:09:27.706+0600][1046.332s][info][gc,stats       ]     DSM: CLDG Roots                 232 us, workers (us): 126,  27,  25,  25,   5,  24, 
[2026-04-03T03:09:27.706+0600][1046.332s][info][gc,stats       ]     DSM: Parallel Mark         19901448 us, workers (us): 3317075, 3316918, 3316815, 3317166, 3316849, 3316624, 
[2026-04-03T03:09:27.706+0600][1046.332s][info][gc,stats       ]     System Purge                   2384 us
[2026-04-03T03:09:27.706+0600][1046.332s][info][gc,stats       ]       Weak References               263 us, parallelism: 0.93x
[2026-04-03T03:09:27.706+0600][1046.332s][info][gc,stats       ]         WRP: <total>                245 us
[2026-04-03T03:09:27.706+0600][1046.332s][info][gc,stats       ]         WRP: Weak References        245 us, workers (us):  41,  62,  81,  61,   0,   0, 
[2026-04-03T03:09:27.706+0600][1046.332s][info][gc,stats       ]       Unload Classes               1899 us, parallelism: 5.19x
[2026-04-03T03:09:27.706+0600][1046.332s][info][gc,stats       ]         DCU: <total>               9856 us
[2026-04-03T03:09:27.706+0600][1046.332s][info][gc,stats       ]         DCU: Unload Code Caches     9856 us, workers (us): 1712, 1654, 1636, 1642, 1602, 1609, 
[2026-04-03T03:09:27.706+0600][1046.332s][info][gc,stats       ]       Weak Roots                    203 us, parallelism: 2.92x
[2026-04-03T03:09:27.706+0600][1046.332s][info][gc,stats       ]         DWR: <total>                594 us
[2026-04-03T03:09:27.706+0600][1046.332s][info][gc,stats       ]         DWR: VM Weak Roots          594 us, workers (us): 150, 127,  92,  78,  74,  73, 
[2026-04-03T03:09:27.706+0600][1046.332s][info][gc,stats       ]       CLDG                            3 us
[2026-04-03T03:09:27.706+0600][1046.332s][info][gc,stats       ]   Update Region States               39 us
[2026-04-03T03:09:27.706+0600][1046.332s][info][gc,stats       ]   Manage GC/TLABs                    10 us
[2026-04-03T03:09:27.706+0600][1046.332s][info][gc,stats       ]   Choose Collection Set             222 us
[2026-04-03T03:09:27.706+0600][1046.332s][info][gc,stats       ]   Rebuild Free Set                   51 us
[2026-04-03T03:09:27.706+0600][1046.332s][info][gc,stats       ]   Evacuation                       5035 us
[2026-04-03T03:09:27.706+0600][1046.332s][info][gc,stats       ]   Pre Heap Dump                       2 us
[2026-04-03T03:09:27.706+0600][1046.332s][info][gc,stats       ]   Prepare                          3665 us
[2026-04-03T03:09:27.706+0600][1046.332s][info][gc,stats       ]     Update Roots                   2342 us, parallelism: 5.08x
[2026-04-03T03:09:27.706+0600][1046.332s][info][gc,stats       ]       FU: <total>                 11906 us
[2026-04-03T03:09:27.706+0600][1046.332s][info][gc,stats       ]       FU: Thread Roots              869 us, workers (us): 364,   5,  32,  83, 100, 285, 
[2026-04-03T03:09:27.706+0600][1046.332s][info][gc,stats       ]       FU: Code Cache Roots         9235 us, workers (us): 1340, 1753, 1669, 1563, 1603, 1307, 
[2026-04-03T03:09:27.706+0600][1046.332s][info][gc,stats       ]       FU: VM Strong Roots            21 us, workers (us):  14,   1,   1,   1,   1,   1, 
[2026-04-03T03:09:27.706+0600][1046.332s][info][gc,stats       ]       FU: VM Weak Roots             844 us, workers (us): 185, 179, 130, 131, 131,  87, 
[2026-04-03T03:09:27.706+0600][1046.332s][info][gc,stats       ]       FU: CLDG Roots                936 us, workers (us): 133, 125, 128, 190, 126, 235, 
[2026-04-03T03:09:27.706+0600][1046.332s][info][gc,stats       ]   Mark                          4379241 us, parallelism: 5.99x
[2026-04-03T03:09:27.706+0600][1046.332s][info][gc,stats       ]     FM: <total>                26249303 us
[2026-04-03T03:09:27.706+0600][1046.332s][info][gc,stats       ]     FM: Thread Roots                926 us, workers (us): 245, 153, 156, 150, 107, 115, 
[2026-04-03T03:09:27.706+0600][1046.332s][info][gc,stats       ]     FM: VM Strong Roots              31 us, workers (us):   1,   6,   6,   6,   6,   8, 
[2026-04-03T03:09:27.706+0600][1046.332s][info][gc,stats       ]     FM: CLDG Roots                  394 us, workers (us): 165,  47,  45,  48,  48,  41, 
[2026-04-03T03:09:27.706+0600][1046.332s][info][gc,stats       ]     FM: Parallel Mark          26247952 us, workers (us): 4374537, 4374650, 4374817, 4374644, 4374489, 4374816, 
[2026-04-03T03:09:27.706+0600][1046.332s][info][gc,stats       ]     System Purge                   2762 us
[2026-04-03T03:09:27.706+0600][1046.332s][info][gc,stats       ]       Weak References               791 us, parallelism: 0.61x
[2026-04-03T03:09:27.706+0600][1046.332s][info][gc,stats       ]         WRP: <total>                479 us
[2026-04-03T03:09:27.706+0600][1046.332s][info][gc,stats       ]         WRP: Weak References        479 us, workers (us): 155, 292,  31,   0,   0,   0, 
[2026-04-03T03:09:27.706+0600][1046.332s][info][gc,stats       ]       Unload Classes               1668 us, parallelism: 4.89x
[2026-04-03T03:09:27.706+0600][1046.332s][info][gc,stats       ]         CU: <total>                8158 us
[2026-04-03T03:09:27.706+0600][1046.332s][info][gc,stats       ]         CU: Unload Code Caches     8158 us, workers (us): 1404, 1383, 1374, 1324, 1350, 1323, 
[2026-04-03T03:09:27.706+0600][1046.332s][info][gc,stats       ]       Weak Roots                    250 us, parallelism: 3.15x
[2026-04-03T03:09:27.706+0600][1046.332s][info][gc,stats       ]         WR: <total>                 786 us
[2026-04-03T03:09:27.706+0600][1046.332s][info][gc,stats       ]         WR: VM Weak Roots           786 us, workers (us): 190, 153, 150, 126,  93,  73, 
[2026-04-03T03:09:27.706+0600][1046.332s][info][gc,stats       ]       CLDG                            2 us
[2026-04-03T03:09:27.706+0600][1046.332s][info][gc,stats       ]   Calculate Addresses             82027 us
[2026-04-03T03:09:27.706+0600][1046.332s][info][gc,stats       ]     Regular Objects               81916 us
[2026-04-03T03:09:27.706+0600][1046.332s][info][gc,stats       ]     Humongous Objects                34 us
[2026-04-03T03:09:27.706+0600][1046.332s][info][gc,stats       ]   Adjust Pointers                100369 us
[2026-04-03T03:09:27.706+0600][1046.332s][info][gc,stats       ]     FA: <total>                    7936 us
[2026-04-03T03:09:27.706+0600][1046.332s][info][gc,stats       ]     FA: Thread Roots                516 us, workers (us):   3, 241,  63,   2,   4, 204, 
[2026-04-03T03:09:27.706+0600][1046.332s][info][gc,stats       ]     FA: Code Cache Roots           6124 us, workers (us): 1127, 872, 986, 1119, 1114, 906, 
[2026-04-03T03:09:27.706+0600][1046.332s][info][gc,stats       ]     FA: VM Strong Roots              20 us, workers (us):  12,   5,   1,   1,   1,   1, 
[2026-04-03T03:09:27.706+0600][1046.332s][info][gc             ] Failed to allocate TLAB, 2648B
[2026-04-03T03:09:27.706+0600][1046.333s][info][gc             ] Cancelling GC: Allocation Failure
[2026-04-03T03:09:27.706+0600][1046.332s][info][gc,stats       ]     FA: VM Weak Roots               660 us, workers (us): 173, 180, 114,  68,  73,  53, 
[2026-04-03T03:09:27.706+0600][1046.333s][info][gc,stats       ]     FA: CLDG Roots                  617 us, workers (us):  66,  57, 132, 211,  79,  71, 
[2026-04-03T03:09:27.706+0600][1046.333s][info][gc,stats       ]   Copy Objects                    79682 us
[2026-04-03T03:09:27.706+0600][1046.333s][info][gc,stats       ]     Regular Objects               78593 us
[2026-04-03T03:09:27.706+0600][1046.333s][info][gc,stats       ]     Humongous Objects                24 us
[2026-04-03T03:09:27.706+0600][1046.333s][info][gc,stats       ]     Reset Complete Bitmap           745 us
[2026-04-03T03:09:27.706+0600][1046.333s][info][gc,stats       ]     Rebuild Region Sets             316 us
[2026-04-03T03:09:27.706+0600][1046.333s][info][gc,stats       ]   Post Heap Dump                      1 us
[2026-04-03T03:09:27.706+0600][1046.333s][info][gc,stats       ] 
[2026-04-03T03:09:27.706+0600][1046.333s][info][gc,stats       ] Allocation pacing accrued:
[2026-04-03T03:09:27.706+0600][1046.333s][info][gc,stats       ]       0 of  7975 ms (  0.0%): <total>
[2026-04-03T03:09:27.706+0600][1046.333s][info][gc,stats       ]       0 of  7975 ms (  0.0%): <average total>
[2026-04-03T03:09:27.706+0600][1046.333s][info][gc,stats       ] 
[2026-04-03T03:09:27.706+0600][1046.333s][info][gc,metaspace   ] Metaspace: 49791K(50240K)->49792K(50240K) NonClass: 43571K(43840K)->43573K(43840K) Class: 6219K(6400K)->6219K(6400K)
[2026-04-03T03:09:27.706+0600][1046.333s][info][gc,ergo        ] Pacer for Idle. Initial: 10240K, Alloc Tax Rate: 1.0x
[2026-04-03T03:09:27.708+0600][1046.334s][info][gc             ] Trigger: Handle Allocation Failure
[2026-04-03T03:09:27.708+0600][1046.334s][info][gc,ergo        ] Free: 0B, Max: 0B regular, 0B humongous, Frag: 0% external, 0% internal; Reserve: 9472K, Max: 256K
[2026-04-03T03:09:27.708+0600][1046.334s][info][gc,start       ] GC(151) Pause Degenerated GC (Outside of Cycle)
[2026-04-03T03:09:27.708+0600][1046.334s][info][gc,task        ] GC(151) Using 6 of 6 workers for stw degenerated gc
[2026-04-03T03:09:27.708+0600][1046.335s][info][gc,ref         ] GC(151) Clearing All SoftReferences
[2026-04-03T03:09:30.800+0600][1049.426s][info][gc,ref         ] GC(151) Encountered references: Soft: 2447, Weak: 2795, Final: 74, Phantom: 586
[2026-04-03T03:09:30.800+0600][1049.426s][info][gc,ref         ] GC(151) Discovered  references: Soft: 246, Weak: 656, Final: 74, Phantom: 582
[2026-04-03T03:09:30.800+0600][1049.426s][info][gc,ref         ] GC(151) Enqueued    references: Soft: 0, Weak: 4, Final: 0, Phantom: 0
[2026-04-03T03:09:30.802+0600][1049.428s][info][gc,ergo        ] GC(151) Adaptive CSet Selection. Target Free: 72533K, Actual Free: 9472K, Max CSet: 21333K, Min Garbage: 63061K
[2026-04-03T03:09:30.802+0600][1049.429s][info][gc,ergo        ] GC(151) Collectable Garbage: 83456B (100%), Immediate: 0B (0%), CSet: 83456B (100%)
[2026-04-03T03:09:30.806+0600][1049.432s][info][gc             ] GC(151) Cancelling GC: Allocation Failure During Evacuation
[2026-04-03T03:09:30.808+0600][1049.434s][info][gc             ] GC(151) Cannot finish degeneration, upgrading to Full GC
[2026-04-03T03:09:30.811+0600][1049.438s][info][gc,phases,start] GC(151) Phase 1: Mark live objects
[2026-04-03T03:09:30.811+0600][1049.438s][info][gc,ref         ] GC(151) Clearing All SoftReferences
[2026-04-03T03:09:30.811+0600][1049.438s][info][gc,ref         ] GC(151) Clearing All SoftReferences
[2026-04-03T03:09:35.113+0600][1053.739s][info][gc,ref         ] GC(151) Encountered references: Soft: 2447, Weak: 2791, Final: 74, Phantom: 586
[2026-04-03T03:09:35.113+0600][1053.739s][info][gc,ref         ] GC(151) Discovered  references: Soft: 247, Weak: 1128, Final: 74, Phantom: 582
[2026-04-03T03:09:35.113+0600][1053.739s][info][gc,ref         ] GC(151) Enqueued    references: Soft: 0, Weak: 0, Final: 0, Phantom: 0
[2026-04-03T03:09:35.115+0600][1053.741s][info][gc,phases      ] GC(151) Phase 1: Mark live objects 4303.495ms
[2026-04-03T03:09:35.115+0600][1053.741s][info][gc,phases,start] GC(151) Phase 2: Compute new object addresses
[2026-04-03T03:09:35.199+0600][1053.825s][info][gc,phases      ] GC(151) Phase 2: Compute new object addresses 84.349ms
[2026-04-03T03:09:35.199+0600][1053.826s][info][gc,phases,start] GC(151) Phase 3: Adjust pointers
[2026-04-03T03:09:35.299+0600][1053.926s][info][gc,phases      ] GC(151) Phase 3: Adjust pointers 100.211ms
[2026-04-03T03:09:35.299+0600][1053.926s][info][gc,phases,start] GC(151) Phase 4: Move objects
[2026-04-03T03:09:35.393+0600][1054.019s][info][gc,phases      ] GC(151) Phase 4: Move objects 93.372ms
[2026-04-03T03:09:35.393+0600][1054.019s][info][gc,ergo        ] GC(151) Bad progress for free space: 366K, need 5120K
[2026-04-03T03:09:35.393+0600][1054.019s][info][gc             ] GC(151) Pause Degenerated GC (Outside of Cycle) 489M->489M(500M) 7685.312ms
[2026-04-03T03:09:35.393+0600][1054.020s][info][gc,ergo        ] Free: 366K, Max: 202K regular, 0B humongous, Frag: 0% external, 99% internal; Reserve: 9216K, Max: 256K
[2026-04-03T03:09:35.393+0600][1054.020s][info][gc,stats       ] 
[2026-04-03T03:09:35.393+0600][1054.020s][info][gc,stats       ] All times are wall-clock times, except per-root-class counters, that are sum over
[2026-04-03T03:09:35.393+0600][1054.020s][info][gc,stats       ] all workers. Dividing the <total> over the root stage time estimates parallelism.
[2026-04-03T03:09:35.393+0600][1054.020s][info][gc,stats       ] 
[2026-04-03T03:09:35.393+0600][1054.020s][info][gc,stats       ] Pause Degenerated GC (G)        7685597 us
[2026-04-03T03:09:35.393+0600][1054.020s][info][gc,stats       ] Pause Degenerated GC (N)        7685339 us
[2026-04-03T03:09:35.393+0600][1054.020s][info][gc,stats       ]   Degen STW Mark                3091433 us, parallelism: 6.00x
[2026-04-03T03:09:35.393+0600][1054.020s][info][gc,stats       ]     DSM: <total>               18542185 us
[2026-04-03T03:09:35.393+0600][1054.020s][info][gc,stats       ]     DSM: Thread Roots               691 us, workers (us): 162, 115,  96,  94, 118, 106, 
[2026-04-03T03:09:35.393+0600][1054.020s][info][gc,stats       ]     DSM: VM Strong Roots             20 us, workers (us):   0,   6,   5,   5,   0,   4, 
[2026-04-03T03:09:35.393+0600][1054.020s][info][gc,stats       ]     DSM: CLDG Roots                 235 us, workers (us): 118,  30,  27,  28,  16,  16, 
[2026-04-03T03:09:35.393+0600][1054.020s][info][gc,stats       ]     DSM: Parallel Mark         18541238 us, workers (us): 3090218, 3090240, 3090303, 3090249, 3089983, 3090245, 
[2026-04-03T03:09:35.393+0600][1054.020s][info][gc,stats       ]     System Purge                   2312 us
[2026-04-03T03:09:35.393+0600][1054.020s][info][gc,stats       ]       Weak References               282 us, parallelism: 1.05x
[2026-04-03T03:09:35.393+0600][1054.020s][info][gc,stats       ]         WRP: <total>                295 us
[2026-04-03T03:09:35.394+0600][1054.020s][info][gc,stats       ]         WRP: Weak References        295 us, workers (us):  26,  18,  20,  89,  27, 115, 
[2026-04-03T03:09:35.394+0600][1054.020s][info][gc,stats       ]       Unload Classes               1810 us, parallelism: 5.42x
[2026-04-03T03:09:35.394+0600][1054.020s][info][gc,stats       ]         DCU: <total>               9813 us
[2026-04-03T03:09:35.394+0600][1054.020s][info][gc,stats       ]         DCU: Unload Code Caches     9813 us, workers (us): 1656, 1681, 1653, 1595, 1589, 1639, 
[2026-04-03T03:09:35.394+0600][1054.020s][info][gc,stats       ]       Weak Roots                    205 us, parallelism: 2.85x
[2026-04-03T03:09:35.394+0600][1054.020s][info][gc,stats       ]         DWR: <total>                585 us
[2026-04-03T03:09:35.394+0600][1054.020s][info][gc,stats       ]         DWR: VM Weak Roots          585 us, workers (us): 159, 136,  93,  85,  56,  55, 
[2026-04-03T03:09:35.394+0600][1054.020s][info][gc,stats       ]       CLDG                            3 us
[2026-04-03T03:09:35.394+0600][1054.020s][info][gc,stats       ]   Update Region States               40 us
[2026-04-03T03:09:35.394+0600][1054.020s][info][gc,stats       ]   Manage GC/TLABs                    12 us
[2026-04-03T03:09:35.394+0600][1054.020s][info][gc,stats       ]   Choose Collection Set             252 us
[2026-04-03T03:09:35.394+0600][1054.020s][info][gc,stats       ]   Rebuild Free Set                   50 us
[2026-04-03T03:09:35.394+0600][1054.020s][info][gc,stats       ]   Evacuation                       4929 us
[2026-04-03T03:09:35.394+0600][1054.020s][info][gc,stats       ]   Pre Heap Dump                       2 us
[2026-04-03T03:09:35.394+0600][1054.020s][info][gc,stats       ]   Prepare                          3448 us
[2026-04-03T03:09:35.394+0600][1054.020s][info][gc,stats       ]     Update Roots                   2260 us, parallelism: 5.14x
[2026-04-03T03:09:35.394+0600][1054.020s][info][gc,stats       ]       FU: <total>                 11612 us
[2026-04-03T03:09:35.394+0600][1054.020s][info][gc,stats       ]       FU: Thread Roots             1000 us, workers (us):   5, 143, 325, 108, 197, 222, 
[2026-04-03T03:09:35.394+0600][1054.020s][info][gc,stats       ]       FU: Code Cache Roots         9057 us, workers (us): 1742, 1460, 1367, 1560, 1487, 1439, 
[2026-04-03T03:09:35.394+0600][1054.020s][info][gc,stats       ]       FU: VM Strong Roots            24 us, workers (us):  12,   9,   1,   1,   1,   1, 
[2026-04-03T03:09:35.394+0600][1054.020s][info][gc,stats       ]       FU: VM Weak Roots             908 us, workers (us): 186, 187, 173, 144, 127,  92, 
[2026-04-03T03:09:35.394+0600][1054.020s][info][gc,stats       ]       FU: CLDG Roots                622 us, workers (us): 150, 146,  82,  79,  79,  86, 
[2026-04-03T03:09:35.394+0600][1054.020s][info][gc,stats       ]   Mark                          4303424 us, parallelism: 5.99x
[2026-04-03T03:09:35.394+0600][1054.020s][info][gc,stats       ]     FM: <total>                25797974 us
[2026-04-03T03:09:35.394+0600][1054.020s][info][gc,stats       ]     FM: Thread Roots                946 us, workers (us): 236, 227, 138, 108, 150,  88, 
[2026-04-03T03:09:35.394+0600][1054.020s][info][gc,stats       ]     FM: VM Strong Roots              24 us, workers (us):   1,  14,   2,   1,   0,   7, 
[2026-04-03T03:09:35.394+0600][1054.020s][info][gc,stats       ]     FM: CLDG Roots                  458 us, workers (us): 198,  61,  48,  76,  10,  64, 
[2026-04-03T03:09:35.394+0600][1054.020s][info][gc,stats       ]     FM: Parallel Mark          25796546 us, workers (us): 4299430, 4299257, 4299355, 4299475, 4299478, 4299551, 
[2026-04-03T03:09:35.394+0600][1054.020s][info][gc,stats       ]     System Purge                   2363 us
[2026-04-03T03:09:35.394+0600][1054.020s][info][gc,stats       ]       Weak References               471 us, parallelism: 1.16x
[2026-04-03T03:09:35.394+0600][1054.020s][info][gc,stats       ]         WRP: <total>                544 us
[2026-04-03T03:09:35.394+0600][1054.020s][info][gc,stats       ]         WRP: Weak References        544 us, workers (us): 299, 194,  18,  21,  12,   0, 
[2026-04-03T03:09:35.394+0600][1054.020s][info][gc,stats       ]       Unload Classes               1633 us, parallelism: 4.97x
[2026-04-03T03:09:35.394+0600][1054.020s][info][gc,stats       ]         CU: <total>                8116 us
[2026-04-03T03:09:35.394+0600][1054.020s][info][gc,stats       ]         CU: Unload Code Caches     8116 us, workers (us): 1403, 1414, 1342, 1313, 1317, 1328, 
[2026-04-03T03:09:35.394+0600][1054.020s][info][gc,stats       ]       Weak Roots                    241 us, parallelism: 3.26x
[2026-04-03T03:09:35.394+0600][1054.020s][info][gc,stats       ]         WR: <total>                 786 us
[2026-04-03T03:09:35.394+0600][1054.020s][info][gc,stats       ]         WR: VM Weak Roots           786 us, workers (us): 197, 131, 128, 128, 122,  80, 
[2026-04-03T03:09:35.394+0600][1054.020s][info][gc,stats       ]       CLDG                            3 us
[2026-04-03T03:09:35.394+0600][1054.020s][info][gc,stats       ]   Calculate Addresses             84341 us
[2026-04-03T03:09:35.394+0600][1054.020s][info][gc,stats       ]     Regular Objects               84234 us
[2026-04-03T03:09:35.394+0600][1054.020s][info][gc,stats       ]     Humongous Objects                30 us
[2026-04-03T03:09:35.394+0600][1054.020s][info][gc,stats       ]   Adjust Pointers                100200 us
[2026-04-03T03:09:35.394+0600][1054.020s][info][gc,stats       ]     FA: <total>                    7872 us
[2026-04-03T03:09:35.394+0600][1054.020s][info][gc,stats       ]     FA: Thread Roots                488 us, workers (us): 125,   3,   4,   2, 165, 188, 
[2026-04-03T03:09:35.394+0600][1054.020s][info][gc,stats       ]     FA: Code Cache Roots           6063 us, workers (us): 793, 1174, 1052, 1345, 866, 833, 
[2026-04-03T03:09:35.394+0600][1054.020s][info][gc,stats       ]     FA: VM Strong Roots              19 us, workers (us):  15,   1,   1,   1,   1,   1, 
[2026-04-03T03:09:35.394+0600][1054.020s][info][gc,stats       ]     FA: VM Weak Roots               695 us, workers (us): 166, 131, 119, 106, 106,  67, 
[2026-04-03T03:09:35.394+0600][1054.020s][info][gc,stats       ]     FA: CLDG Roots                  607 us, workers (us): 182,  64,  68, 153,  65,  75, 
[2026-04-03T03:09:35.394+0600][1054.020s][info][gc,stats       ]   Copy Objects                    93359 us
[2026-04-03T03:09:35.394+0600][1054.020s][info][gc,stats       ]     Regular Objects               92350 us
[2026-04-03T03:09:35.394+0600][1054.020s][info][gc,stats       ]     Humongous Objects                21 us
[2026-04-03T03:09:35.394+0600][1054.020s][info][gc,stats       ]     Reset Complete Bitmap           703 us
[2026-04-03T03:09:35.394+0600][1054.020s][info][gc,stats       ]     Rebuild Region Sets             277 us
[2026-04-03T03:09:35.394+0600][1054.020s][info][gc,stats       ]   Post Heap Dump                      2 us
[2026-04-03T03:09:35.394+0600][1054.020s][info][gc             ] Failed to allocate TLAB, 2648B
[2026-04-03T03:09:35.394+0600][1054.020s][info][gc             ] Cancelling GC: Allocation Failure
[2026-04-03T03:09:35.394+0600][1054.020s][info][gc,stats       ] 
[2026-04-03T03:09:35.394+0600][1054.020s][info][gc,stats       ] Allocation pacing accrued:
[2026-04-03T03:09:35.394+0600][1054.020s][info][gc,stats       ]       0 of  7688 ms (  0.0%): <total>
[2026-04-03T03:09:35.394+0600][1054.020s][info][gc,stats       ]       0 of  7688 ms (  0.0%): <average total>
[2026-04-03T03:09:35.394+0600][1054.020s][info][gc,stats       ] 
[2026-04-03T03:09:35.394+0600][1054.020s][info][gc,metaspace   ] Metaspace: 49792K(50240K)->49793K(50240K) NonClass: 43573K(43840K)->43573K(43840K) Class: 6219K(6400K)->6219K(6400K)
[2026-04-03T03:09:35.394+0600][1054.020s][info][gc,ergo        ] Pacer for Idle. Initial: 10240K, Alloc Tax Rate: 1.0x
[2026-04-03T03:09:35.395+0600][1054.022s][info][gc             ] Trigger: Handle Allocation Failure
[2026-04-03T03:09:35.395+0600][1054.022s][info][gc,ergo        ] Free: 0B, Max: 0B regular, 0B humongous, Frag: 0% external, 0% internal; Reserve: 9216K, Max: 256K
[2026-04-03T03:09:35.395+0600][1054.022s][info][gc,start       ] GC(152) Pause Full
[2026-04-03T03:09:35.395+0600][1054.022s][info][gc,task        ] GC(152) Using 6 of 6 workers for full gc
[2026-04-03T03:09:35.396+0600][1054.022s][info][gc,phases,start] GC(152) Phase 1: Mark live objects
[2026-04-03T03:09:35.396+0600][1054.022s][info][gc,ref         ] GC(152) Clearing All SoftReferences
[2026-04-03T03:09:35.396+0600][1054.022s][info][gc,ref         ] GC(152) Clearing All SoftReferences
[2026-04-03T03:09:38.811+0600][1057.438s][info][gc,ref         ] GC(152) Encountered references: Soft: 2447, Weak: 2792, Final: 74, Phantom: 586
[2026-04-03T03:09:38.811+0600][1057.438s][info][gc,ref         ] GC(152) Discovered  references: Soft: 246, Weak: 1461, Final: 74, Phantom: 448
[2026-04-03T03:09:38.811+0600][1057.438s][info][gc,ref         ] GC(152) Enqueued    references: Soft: 2, Weak: 1, Final: 0, Phantom: 0
[2026-04-03T03:09:38.813+0600][1057.440s][info][gc,phases      ] GC(152) Phase 1: Mark live objects 3417.559ms
[2026-04-03T03:09:38.813+0600][1057.440s][info][gc,phases,start] GC(152) Phase 2: Compute new object addresses
[2026-04-03T03:09:38.896+0600][1057.522s][info][gc,phases      ] GC(152) Phase 2: Compute new object addresses 82.507ms
[2026-04-03T03:09:38.896+0600][1057.522s][info][gc,phases,start] GC(152) Phase 3: Adjust pointers
[2026-04-03T03:09:38.995+0600][1057.621s][info][gc,phases      ] GC(152) Phase 3: Adjust pointers 98.996ms
[2026-04-03T03:09:38.995+0600][1057.621s][info][gc,phases,start] GC(152) Phase 4: Move objects
[2026-04-03T03:09:39.073+0600][1057.700s][info][gc,phases      ] GC(152) Phase 4: Move objects 78.486ms
[2026-04-03T03:09:39.074+0600][1057.700s][info][gc,ergo        ] GC(152) Bad progress for free space: 130K, need 5120K
[2026-04-03T03:09:39.074+0600][1057.700s][info][gc             ] GC(152) Pause Full 489M->489M(500M) 3678.216ms
[2026-04-03T03:09:39.074+0600][1057.700s][info][gc,ergo        ] Free: 130K, Max: 71616B regular, 0B humongous, Frag: 0% external, 99% internal; Reserve: 9216K, Max: 256K
[2026-04-03T03:09:39.074+0600][1057.700s][info][gc,stats       ] 
[2026-04-03T03:09:39.074+0600][1057.700s][info][gc,stats       ] All times are wall-clock times, except per-root-class counters, that are sum over
[2026-04-03T03:09:39.074+0600][1057.700s][info][gc,stats       ] all workers. Dividing the <total> over the root stage time estimates parallelism.
[2026-04-03T03:09:39.074+0600][1057.700s][info][gc,stats       ] 
[2026-04-03T03:09:39.074+0600][1057.700s][info][gc,stats       ] Pause Full GC (G)               3678448 us
[2026-04-03T03:09:39.074+0600][1057.700s][info][gc,stats       ] Pause Full GC (N)               3678225 us
[2026-04-03T03:09:39.074+0600][1057.700s][info][gc,stats       ]   Pre Heap Dump                       1 us
[2026-04-03T03:09:39.074+0600][1057.700s][info][gc,stats       ]   Prepare                           222 us
[2026-04-03T03:09:39.074+0600][1057.700s][info][gc,stats       ]   Mark                          3417545 us, parallelism: 5.99x
[2026-04-03T03:09:39.074+0600][1057.700s][info][gc,stats       ]     FM: <total>                20483009 us
[2026-04-03T03:09:39.074+0600][1057.700s][info][gc,stats       ]     FM: Thread Roots                878 us, workers (us): 197, 138, 244,  70,  57, 172, 
[2026-04-03T03:09:39.074+0600][1057.700s][info][gc,stats       ]     FM: VM Strong Roots              17 us, workers (us):   0,   8,   0,   7,   0,   0, 
[2026-04-03T03:09:39.074+0600][1057.700s][info][gc,stats       ]     FM: CLDG Roots                  249 us, workers (us):   8,  26,  17,  29, 162,   6, 
[2026-04-03T03:09:39.074+0600][1057.700s][info][gc,stats       ]     FM: Parallel Mark          20481865 us, workers (us): 3413529, 3413700, 3413676, 3413705, 3413571, 3413684, 
[2026-04-03T03:09:39.074+0600][1057.700s][info][gc,stats       ]     System Purge                   2375 us
[2026-04-03T03:09:39.074+0600][1057.700s][info][gc,stats       ]       Weak References               495 us, parallelism: 1.07x
[2026-04-03T03:09:39.074+0600][1057.700s][info][gc,stats       ]         WRP: <total>                530 us
[2026-04-03T03:09:39.074+0600][1057.700s][info][gc,stats       ]         WRP: Weak References        530 us, workers (us):  80, 357,  69,  23,   1,   0, 
[2026-04-03T03:09:39.074+0600][1057.700s][info][gc,stats       ]       Unload Classes               1618 us, parallelism: 4.90x
[2026-04-03T03:09:39.074+0600][1057.700s][info][gc,stats       ]         CU: <total>                7931 us
[2026-04-03T03:09:39.074+0600][1057.700s][info][gc,stats       ]         CU: Unload Code Caches     7931 us, workers (us): 1350, 1371, 1323, 1302, 1289, 1296, 
[2026-04-03T03:09:39.074+0600][1057.700s][info][gc,stats       ]       Weak Roots                    224 us, parallelism: 2.31x
[2026-04-03T03:09:39.074+0600][1057.700s][info][gc,stats       ]         WR: <total>                 517 us
[2026-04-03T03:09:39.074+0600][1057.700s][info][gc,stats       ]         WR: VM Weak Roots           517 us, workers (us): 189, 114,  64,  65,  42,  44, 
[2026-04-03T03:09:39.074+0600][1057.700s][info][gc,stats       ]       CLDG                            2 us
[2026-04-03T03:09:39.074+0600][1057.700s][info][gc,stats       ]   Calculate Addresses             82498 us
[2026-04-03T03:09:39.074+0600][1057.700s][info][gc,stats       ]     Regular Objects               82387 us
[2026-04-03T03:09:39.074+0600][1057.700s][info][gc,stats       ]     Humongous Objects                32 us
[2026-04-03T03:09:39.074+0600][1057.700s][info][gc,stats       ]   Adjust Pointers                 98984 us
[2026-04-03T03:09:39.074+0600][1057.701s][info][gc,stats       ]     FA: <total>                    7386 us
[2026-04-03T03:09:39.074+0600][1057.701s][info][gc,stats       ]     FA: Thread Roots                510 us, workers (us): 182,   7, 213,   3,  68,  37, 
[2026-04-03T03:09:39.074+0600][1057.701s][info][gc,stats       ]     FA: Code Cache Roots           5728 us, workers (us): 783, 1134, 837, 986, 978, 1012, 
[2026-04-03T03:09:39.074+0600][1057.701s][info][gc,stats       ]     FA: VM Strong Roots              14 us, workers (us):  11,   1,   1,   1,   1,   1, 
[2026-04-03T03:09:39.074+0600][1057.701s][info][gc,stats       ]     FA: VM Weak Roots               580 us, workers (us): 168, 140,  78,  78,  57,  57, 
[2026-04-03T03:09:39.074+0600][1057.701s][info][gc,stats       ]     FA: CLDG Roots                  554 us, workers (us): 160,  75,  64, 123,  66,  65, 
[2026-04-03T03:09:39.074+0600][1057.701s][info][gc,stats       ]   Copy Objects                    78474 us
[2026-04-03T03:09:39.074+0600][1057.701s][info][gc,stats       ]     Regular Objects               77492 us
[2026-04-03T03:09:39.074+0600][1057.701s][info][gc,stats       ]     Humongous Objects                24 us
[2026-04-03T03:09:39.074+0600][1057.701s][info][gc,stats       ]     Reset Complete Bitmap           745 us
[2026-04-03T03:09:39.074+0600][1057.701s][info][gc             ] Failed to allocate TLAB, 4536B
[2026-04-03T03:09:39.074+0600][1057.701s][info][gc             ] Cancelling GC: Allocation Failure
[2026-04-03T03:09:39.074+0600][1057.701s][info][gc,stats       ]     Rebuild Region Sets             211 us
[2026-04-03T03:09:39.074+0600][1057.701s][info][gc,stats       ]   Post Heap Dump                      2 us
[2026-04-03T03:09:39.074+0600][1057.701s][info][gc,stats       ] 
[2026-04-03T03:09:39.074+0600][1057.701s][info][gc,stats       ] Allocation pacing accrued:
[2026-04-03T03:09:39.074+0600][1057.701s][info][gc,stats       ]       0 of  3680 ms (  0.0%): <total>
[2026-04-03T03:09:39.074+0600][1057.701s][info][gc,stats       ]       0 of  3680 ms (  0.0%): <average total>
[2026-04-03T03:09:39.074+0600][1057.701s][info][gc,stats       ] 
[2026-04-03T03:09:39.074+0600][1057.701s][info][gc,metaspace   ] Metaspace: 49795K(50240K)->49795K(50240K) NonClass: 43576K(43840K)->43576K(43840K) Class: 6219K(6400K)->6219K(6400K)
[2026-04-03T03:09:39.074+0600][1057.701s][info][gc,ergo        ] Pacer for Idle. Initial: 10240K, Alloc Tax Rate: 1.0x
[2026-04-03T03:09:39.077+0600][1057.703s][info][gc             ] Trigger: Handle Allocation Failure
[2026-04-03T03:09:39.077+0600][1057.703s][info][gc,ergo        ] Free: 0B, Max: 0B regular, 0B humongous, Frag: 0% external, 0% internal; Reserve: 9216K, Max: 256K
[2026-04-03T03:09:39.077+0600][1057.703s][info][gc,start       ] GC(153) Pause Degenerated GC (Outside of Cycle)
[2026-04-03T03:09:39.077+0600][1057.703s][info][gc,task        ] GC(153) Using 6 of 6 workers for stw degenerated gc
[2026-04-03T03:09:39.077+0600][1057.704s][info][gc,ref         ] GC(153) Clearing All SoftReferences
[2026-04-03T03:09:42.411+0600][1061.037s][info][gc,ref         ] GC(153) Encountered references: Soft: 2445, Weak: 2791, Final: 74, Phantom: 586
[2026-04-03T03:09:42.411+0600][1061.037s][info][gc,ref         ] GC(153) Discovered  references: Soft: 242, Weak: 581, Final: 74, Phantom: 582
[2026-04-03T03:09:42.411+0600][1061.037s][info][gc,ref         ] GC(153) Enqueued    references: Soft: 0, Weak: 0, Final: 0, Phantom: 0
[2026-04-03T03:09:42.413+0600][1061.040s][info][gc,ergo        ] GC(153) Adaptive CSet Selection. Target Free: 72533K, Actual Free: 9216K, Max CSet: 21333K, Min Garbage: 63317K
[2026-04-03T03:09:42.413+0600][1061.040s][info][gc,ergo        ] GC(153) Collectable Garbage: 37400B (100%), Immediate: 0B (0%), CSet: 37400B (100%)
[2026-04-03T03:09:42.417+0600][1061.043s][info][gc             ] GC(153) Cancelling GC: Allocation Failure During Evacuation
[2026-04-03T03:09:42.419+0600][1061.045s][info][gc             ] GC(153) Cannot finish degeneration, upgrading to Full GC
[2026-04-03T03:09:42.422+0600][1061.049s][info][gc,phases,start] GC(153) Phase 1: Mark live objects
[2026-04-03T03:09:42.423+0600][1061.049s][info][gc,ref         ] GC(153) Clearing All SoftReferences
[2026-04-03T03:09:42.423+0600][1061.049s][info][gc,ref         ] GC(153) Clearing All SoftReferences
[2026-04-03T03:09:45.786+0600][1064.412s][info][gc,ref         ] GC(153) Encountered references: Soft: 2445, Weak: 2791, Final: 74, Phantom: 586
[2026-04-03T03:09:45.786+0600][1064.412s][info][gc,ref         ] GC(153) Discovered  references: Soft: 245, Weak: 1153, Final: 58, Phantom: 582
[2026-04-03T03:09:45.786+0600][1064.412s][info][gc,ref         ] GC(153) Enqueued    references: Soft: 0, Weak: 0, Final: 0, Phantom: 0
[2026-04-03T03:09:45.788+0600][1064.414s][info][gc,phases      ] GC(153) Phase 1: Mark live objects 3365.200ms
[2026-04-03T03:09:45.809+0600][1064.436s][info][gc,phases,start] GC(153) Phase 2: Compute new object addresses
[2026-04-03T03:09:45.905+0600][1064.531s][info][gc,phases      ] GC(153) Phase 2: Compute new object addresses 95.589ms
[2026-04-03T03:09:45.905+0600][1064.531s][info][gc,phases,start] GC(153) Phase 3: Adjust pointers
[2026-04-03T03:09:46.005+0600][1064.632s][info][gc,phases      ] GC(153) Phase 3: Adjust pointers 100.172ms
[2026-04-03T03:09:46.005+0600][1064.632s][info][gc,phases,start] GC(153) Phase 4: Move objects
[2026-04-03T03:09:46.107+0600][1064.734s][info][gc,phases      ] GC(153) Phase 4: Move objects 102.091ms
[2026-04-03T03:09:46.108+0600][1064.734s][info][gc,ergo        ] GC(153) Bad progress for free space: 66376B, need 5120K
[2026-04-03T03:09:46.108+0600][1064.734s][info][gc             ] GC(153) Pause Degenerated GC (Outside of Cycle) 489M->489M(500M) 7030.932ms
[2026-04-03T03:09:46.108+0600][1064.734s][info][gc,ergo        ] Free: 45784B, Max: 15152B regular, 0B humongous, Frag: 0% external, 99% internal; Reserve: 9216K, Max: 256K
[2026-04-03T03:09:46.108+0600][1064.734s][info][gc,stats       ] 
[2026-04-03T03:09:46.108+0600][1064.734s][info][gc,stats       ] All times are wall-clock times, except per-root-class counters, that are sum over
[2026-04-03T03:09:46.108+0600][1064.734s][info][gc,stats       ] all workers. Dividing the <total> over the root stage time estimates parallelism.
[2026-04-03T03:09:46.108+0600][1064.734s][info][gc,stats       ] 
[2026-04-03T03:09:46.108+0600][1064.734s][info][gc,stats       ] Pause Degenerated GC (G)        7031221 us
[2026-04-03T03:09:46.108+0600][1064.734s][info][gc             ] Failed to allocate Shared, 4120B
[2026-04-03T03:09:46.108+0600][1064.734s][info][gc             ] Cancelling GC: Allocation Failure
[2026-04-03T03:09:46.108+0600][1064.734s][info][gc,stats       ] Pause Degenerated GC (N)        7030948 us
[2026-04-03T03:09:46.108+0600][1064.734s][info][gc,stats       ]   Degen STW Mark                3333463 us, parallelism: 6.00x
[2026-04-03T03:09:46.108+0600][1064.734s][info][gc,stats       ]     DSM: <total>               19994396 us
[2026-04-03T03:09:46.108+0600][1064.735s][info][gc,stats       ]     DSM: Thread Roots               691 us, workers (us): 141, 143,  81,  77, 101, 148, 
[2026-04-03T03:09:46.108+0600][1064.735s][info][gc,stats       ]     DSM: VM Strong Roots             27 us, workers (us):   0,  12,   8,   6,   0,   0, 
[2026-04-03T03:09:46.108+0600][1064.735s][info][gc,stats       ]     DSM: CLDG Roots                 235 us, workers (us): 116,  29,  29,  29,  16,  17, 
[2026-04-03T03:09:46.108+0600][1064.735s][info][gc,stats       ]     DSM: Parallel Mark         19993443 us, workers (us): 3332278, 3332410, 3332329, 3332475, 3332327, 3331623, 
[2026-04-03T03:09:46.108+0600][1064.735s][info][gc,stats       ]     System Purge                   2567 us
[2026-04-03T03:09:46.108+0600][1064.735s][info][gc,stats       ]       Weak References               331 us, parallelism: 0.75x
[2026-04-03T03:09:46.108+0600][1064.735s][info][gc,stats       ]         WRP: <total>                247 us
[2026-04-03T03:09:46.108+0600][1064.735s][info][gc,stats       ]         WRP: Weak References        247 us, workers (us): 118,  78,   1,  50,   0,   0, 
[2026-04-03T03:09:46.108+0600][1064.735s][info][gc,stats       ]       Unload Classes               1919 us, parallelism: 5.36x
[2026-04-03T03:09:46.108+0600][1064.735s][info][gc,stats       ]         DCU: <total>              10291 us
[2026-04-03T03:09:46.108+0600][1064.735s][info][gc,stats       ]         DCU: Unload Code Caches    10291 us, workers (us): 1767, 1726, 1690, 1701, 1719, 1689, 
[2026-04-03T03:09:46.108+0600][1064.735s][info][gc,stats       ]       Weak Roots                    303 us, parallelism: 2.05x
[2026-04-03T03:09:46.108+0600][1064.735s][info][gc,stats       ]         DWR: <total>                622 us
[2026-04-03T03:09:46.108+0600][1064.735s][info][gc,stats       ]         DWR: VM Weak Roots          622 us, workers (us): 174,  95,  89,  90,  90,  84, 
[2026-04-03T03:09:46.108+0600][1064.735s][info][gc,stats       ]       CLDG                            3 us
[2026-04-03T03:09:46.108+0600][1064.735s][info][gc,stats       ]   Update Region States               45 us
[2026-04-03T03:09:46.108+0600][1064.735s][info][gc,stats       ]   Manage GC/TLABs                    11 us
[2026-04-03T03:09:46.108+0600][1064.735s][info][gc,stats       ]   Choose Collection Set             235 us
[2026-04-03T03:09:46.108+0600][1064.735s][info][gc,stats       ]   Rebuild Free Set                   52 us
[2026-04-03T03:09:46.108+0600][1064.735s][info][gc,stats       ]   Evacuation                       4888 us
[2026-04-03T03:09:46.108+0600][1064.735s][info][gc,stats       ]   Pre Heap Dump                       2 us
[2026-04-03T03:09:46.108+0600][1064.735s][info][gc,stats       ]   Prepare                          3472 us
[2026-04-03T03:09:46.108+0600][1064.735s][info][gc,stats       ]     Update Roots                   2293 us, parallelism: 5.13x
[2026-04-03T03:09:46.108+0600][1064.735s][info][gc,stats       ]       FU: <total>                 11759 us
[2026-04-03T03:09:46.108+0600][1064.735s][info][gc,stats       ]       FU: Thread Roots              645 us, workers (us):   5, 185,   4,   7, 176, 268, 
[2026-04-03T03:09:46.108+0600][1064.735s][info][gc,stats       ]       FU: Code Cache Roots         9202 us, workers (us): 1694, 1411, 1576, 1665, 1477, 1379, 
[2026-04-03T03:09:46.108+0600][1064.735s][info][gc,stats       ]       FU: VM Strong Roots            28 us, workers (us):  16,   7,   1,   1,   1,   1, 
[2026-04-03T03:09:46.108+0600][1064.735s][info][gc,stats       ]       FU: VM Weak Roots             872 us, workers (us): 178, 179, 152, 140, 123, 100, 
[2026-04-03T03:09:46.108+0600][1064.735s][info][gc,stats       ]       FU: CLDG Roots               1013 us, workers (us): 133, 193, 275, 134, 133, 144, 
[2026-04-03T03:09:46.108+0600][1064.735s][info][gc,stats       ]   Mark                          3365124 us, parallelism: 6.00x
[2026-04-03T03:09:46.108+0600][1064.735s][info][gc,stats       ]     FM: <total>                20175586 us
[2026-04-03T03:09:46.109+0600][1064.735s][info][gc,stats       ]     FM: Thread Roots                991 us, workers (us): 265, 217, 198, 123,  96,  91, 
[2026-04-03T03:09:46.109+0600][1064.735s][info][gc,stats       ]     FM: VM Strong Roots              31 us, workers (us):   1,   0,   7,   7,   9,   7, 
[2026-04-03T03:09:46.109+0600][1064.735s][info][gc,stats       ]     FM: CLDG Roots                  393 us, workers (us):  28, 173,  45,  49,  49,  49, 
[2026-04-03T03:09:46.109+0600][1064.735s][info][gc,stats       ]     FM: Parallel Mark          20174171 us, workers (us): 3362453, 3362301, 3362294, 3362470, 3362329, 3362324, 
[2026-04-03T03:09:46.109+0600][1064.735s][info][gc,stats       ]     System Purge                   1737 us
[2026-04-03T03:09:46.109+0600][1064.735s][info][gc,stats       ]       Weak References               289 us, parallelism: 0.77x
[2026-04-03T03:09:46.109+0600][1064.735s][info][gc,stats       ]         WRP: <total>                222 us
[2026-04-03T03:09:46.109+0600][1064.735s][info][gc,stats       ]         WRP: Weak References        222 us, workers (us):  45,  99,   1,  77,   0,   0, 
[2026-04-03T03:09:46.109+0600][1064.735s][info][gc,stats       ]       Unload Classes               1261 us, parallelism: 5.44x
[2026-04-03T03:09:46.109+0600][1064.735s][info][gc,stats       ]         CU: <total>                6860 us
[2026-04-03T03:09:46.109+0600][1064.735s][info][gc,stats       ]         CU: Unload Code Caches     6860 us, workers (us): 1155, 1154, 1182, 1154, 1110, 1105, 
[2026-04-03T03:09:46.109+0600][1064.735s][info][gc,stats       ]       Weak Roots                    176 us, parallelism: 3.36x
[2026-04-03T03:09:46.109+0600][1064.735s][info][gc,stats       ]         WR: <total>                 591 us
[2026-04-03T03:09:46.109+0600][1064.735s][info][gc,stats       ]         WR: VM Weak Roots           591 us, workers (us): 139, 132,  81,  82,  78,  78, 
[2026-04-03T03:09:46.109+0600][1064.735s][info][gc,stats       ]       CLDG                            2 us
[2026-04-03T03:09:46.109+0600][1064.735s][info][gc,stats       ]   Calculate Addresses             95524 us
[2026-04-03T03:09:46.109+0600][1064.735s][info][gc,stats       ]     Regular Objects               95255 us
[2026-04-03T03:09:46.109+0600][1064.735s][info][gc,stats       ]     Humongous Objects                26 us
[2026-04-03T03:09:46.109+0600][1064.735s][info][gc,stats       ]   Adjust Pointers                100160 us
[2026-04-03T03:09:46.109+0600][1064.735s][info][gc,stats       ]     FA: <total>                    6870 us
[2026-04-03T03:09:46.109+0600][1064.735s][info][gc,stats       ]     FA: Thread Roots                420 us, workers (us): 175,  86,   1,   2,   2, 154, 
[2026-04-03T03:09:46.109+0600][1064.735s][info][gc,stats       ]     FA: Code Cache Roots           5276 us, workers (us): 763, 856, 1011, 827, 1032, 788, 
[2026-04-03T03:09:46.109+0600][1064.735s][info][gc,stats       ]     FA: VM Strong Roots              15 us, workers (us):  12,   1,   1,   1,   1,   1, 
[2026-04-03T03:09:46.109+0600][1064.735s][info][gc,stats       ]     FA: VM Weak Roots               593 us, workers (us): 151, 109,  89,  90,  87,  66, 
[2026-04-03T03:09:46.109+0600][1064.735s][info][gc,stats       ]     FA: CLDG Roots                  566 us, workers (us):  67,  56, 145, 182,  59,  55, 
[2026-04-03T03:09:46.109+0600][1064.735s][info][gc,stats       ]   Copy Objects                   102076 us
[2026-04-03T03:09:46.109+0600][1064.735s][info][gc,stats       ]     Regular Objects              101240 us
[2026-04-03T03:09:46.109+0600][1064.735s][info][gc,stats       ]     Humongous Objects                21 us
[2026-04-03T03:09:46.109+0600][1064.735s][info][gc,stats       ]     Reset Complete Bitmap           654 us
[2026-04-03T03:09:46.109+0600][1064.735s][info][gc,stats       ]     Rebuild Region Sets             158 us
[2026-04-03T03:09:46.109+0600][1064.735s][info][gc,stats       ]   Post Heap Dump                      1 us
[2026-04-03T03:09:46.109+0600][1064.735s][info][gc,stats       ] 
[2026-04-03T03:09:46.109+0600][1064.735s][info][gc,stats       ] Allocation pacing accrued:
[2026-04-03T03:09:46.109+0600][1064.735s][info][gc,stats       ]       0 of  7034 ms (  0.0%): <total>
[2026-04-03T03:09:46.109+0600][1064.735s][info][gc,stats       ]       0 of  7034 ms (  0.0%): <average total>
[2026-04-03T03:09:46.109+0600][1064.735s][info][gc,stats       ] 
[2026-04-03T03:09:46.109+0600][1064.735s][info][gc,metaspace   ] Metaspace: 49795K(50240K)->49795K(50240K) NonClass: 43576K(43840K)->43576K(43840K) Class: 6219K(6400K)->6219K(6400K)
[2026-04-03T03:09:46.109+0600][1064.735s][info][gc,ergo        ] Pacer for Idle. Initial: 10240K, Alloc Tax Rate: 1.0x
[2026-04-03T03:09:46.110+0600][1064.736s][info][gc             ] Trigger: Handle Allocation Failure
[2026-04-03T03:09:46.110+0600][1064.736s][info][gc,ergo        ] Free: 0B, Max: 0B regular, 0B humongous, Frag: 0% external, 0% internal; Reserve: 9216K, Max: 256K
[2026-04-03T03:09:46.110+0600][1064.737s][info][gc,start       ] GC(154) Pause Degenerated GC (Outside of Cycle)
[2026-04-03T03:09:46.110+0600][1064.737s][info][gc,task        ] GC(154) Using 6 of 6 workers for stw degenerated gc
[2026-04-03T03:09:46.111+0600][1064.737s][info][gc,ref         ] GC(154) Clearing All SoftReferences
[2026-04-03T03:09:49.532+0600][1068.159s][info][gc,ref         ] GC(154) Encountered references: Soft: 2445, Weak: 2791, Final: 74, Phantom: 586
[2026-04-03T03:09:49.532+0600][1068.159s][info][gc,ref         ] GC(154) Discovered  references: Soft: 244, Weak: 1175, Final: 74, Phantom: 582
[2026-04-03T03:09:49.532+0600][1068.159s][info][gc,ref         ] GC(154) Enqueued    references: Soft: 0, Weak: 0, Final: 0, Phantom: 0
[2026-04-03T03:09:49.534+0600][1068.161s][info][gc,ergo        ] GC(154) Adaptive CSet Selection. Target Free: 72533K, Actual Free: 9216K, Max CSet: 21333K, Min Garbage: 63317K
[2026-04-03T03:09:49.534+0600][1068.161s][info][gc,ergo        ] GC(154) Collectable Garbage: 20744B (100%), Immediate: 0B (0%), CSet: 20744B (100%)
[2026-04-03T03:09:49.537+0600][1068.164s][info][gc             ] GC(154) Cancelling GC: Allocation Failure During Evacuation
[2026-04-03T03:09:49.539+0600][1068.165s][info][gc             ] GC(154) Cannot finish degeneration, upgrading to Full GC
[2026-04-03T03:09:49.542+0600][1068.168s][info][gc,phases,start] GC(154) Phase 1: Mark live objects
[2026-04-03T03:09:49.542+0600][1068.168s][info][gc,ref         ] GC(154) Clearing All SoftReferences
[2026-04-03T03:09:49.542+0600][1068.168s][info][gc,ref         ] GC(154) Clearing All SoftReferences
[2026-04-03T03:09:53.716+0600][1072.342s][info][gc,ref         ] GC(154) Encountered references: Soft: 2445, Weak: 2791, Final: 74, Phantom: 586
[2026-04-03T03:09:53.716+0600][1072.342s][info][gc,ref         ] GC(154) Discovered  references: Soft: 243, Weak: 1381, Final: 74, Phantom: 582
[2026-04-03T03:09:53.716+0600][1072.342s][info][gc,ref         ] GC(154) Enqueued    references: Soft: 0, Weak: 0, Final: 0, Phantom: 0
[2026-04-03T03:09:53.718+0600][1072.345s][info][gc,phases      ] GC(154) Phase 1: Mark live objects 4176.457ms
[2026-04-03T03:09:53.718+0600][1072.345s][info][gc,phases,start] GC(154) Phase 2: Compute new object addresses
[2026-04-03T03:09:53.810+0600][1072.436s][info][gc,phases      ] GC(154) Phase 2: Compute new object addresses 91.329ms
[2026-04-03T03:09:53.810+0600][1072.436s][info][gc,phases,start] GC(154) Phase 3: Adjust pointers
[2026-04-03T03:09:53.910+0600][1072.536s][info][gc,phases      ] GC(154) Phase 3: Adjust pointers 99.981ms
[2026-04-03T03:09:53.910+0600][1072.536s][info][gc,phases,start] GC(154) Phase 4: Move objects
[2026-04-03T03:09:54.006+0600][1072.632s][info][gc,phases      ] GC(154) Phase 4: Move objects 96.142ms
[2026-04-03T03:09:54.006+0600][1072.633s][info][gc,ergo        ] GC(154) Bad progress for free space: 562K, need 5120K
[2026-04-03T03:09:54.006+0600][1072.633s][info][gc             ] GC(154) Pause Degenerated GC (Outside of Cycle) 489M->489M(500M) 7896.107ms
[2026-04-03T03:09:54.006+0600][1072.633s][info][gc,ergo        ] Free: 536K, Max: 251K regular, 0B humongous, Frag: 0% external, 99% internal; Reserve: 8704K, Max: 256K
[2026-04-03T03:09:54.007+0600][1072.633s][info][gc,stats       ] 
[2026-04-03T03:09:54.007+0600][1072.633s][info][gc,stats       ] All times are wall-clock times, except per-root-class counters, that are sum over
[2026-04-03T03:09:54.007+0600][1072.633s][info][gc,stats       ] all workers. Dividing the <total> over the root stage time estimates parallelism.
[2026-04-03T03:09:54.007+0600][1072.633s][info][gc,stats       ] 
[2026-04-03T03:09:54.007+0600][1072.633s][info][gc,stats       ] Pause Degenerated GC (G)        7896331 us
[2026-04-03T03:09:54.007+0600][1072.633s][info][gc,stats       ] Pause Degenerated GC (N)        7896117 us
[2026-04-03T03:09:54.007+0600][1072.633s][info][gc,stats       ]   Degen STW Mark                3421220 us, parallelism: 6.00x
[2026-04-03T03:09:54.007+0600][1072.633s][info][gc,stats       ]     DSM: <total>               20519511 us
[2026-04-03T03:09:54.007+0600][1072.633s][info][gc,stats       ]     DSM: Thread Roots               861 us, workers (us): 139, 136, 137, 196, 156,  98, 
[2026-04-03T03:09:54.007+0600][1072.633s][info][gc,stats       ]     DSM: VM Strong Roots             17 us, workers (us):   0,   8,   7,   0,   0,   0, 
[2026-04-03T03:09:54.007+0600][1072.633s][info][gc,stats       ]     DSM: CLDG Roots                 221 us, workers (us): 127,  30,  26,  16,   7,  15, 
[2026-04-03T03:09:54.007+0600][1072.633s][info][gc,stats       ]     DSM: Parallel Mark         20518413 us, workers (us): 3419525, 3419754, 3419882, 3419691, 3419866, 3419695, 
[2026-04-03T03:09:54.007+0600][1072.633s][info][gc,stats       ]     System Purge                   2474 us
[2026-04-03T03:09:54.007+0600][1072.633s][info][gc,stats       ]       Weak References               546 us, parallelism: 0.91x
[2026-04-03T03:09:54.007+0600][1072.633s][info][gc,stats       ]         WRP: <total>                497 us
[2026-04-03T03:09:54.007+0600][1072.633s][info][gc,stats       ]         WRP: Weak References        497 us, workers (us): 405,  42,  33,  18,   0,   0, 
[2026-04-03T03:09:54.007+0600][1072.633s][info][gc,stats       ]       Unload Classes               1673 us, parallelism: 4.78x
[2026-04-03T03:09:54.007+0600][1072.633s][info][gc,stats       ]         DCU: <total>               7996 us
[2026-04-03T03:09:54.007+0600][1072.633s][info][gc,stats       ]         DCU: Unload Code Caches     7996 us, workers (us): 1370, 1362, 1362, 1314, 1307, 1281, 
[2026-04-03T03:09:54.007+0600][1072.633s][info][gc,stats       ]       Weak Roots                    241 us, parallelism: 2.18x
[2026-04-03T03:09:54.007+0600][1072.633s][info][gc,stats       ]         DWR: <total>                525 us
[2026-04-03T03:09:54.007+0600][1072.633s][info][gc,stats       ]         DWR: VM Weak Roots          525 us, workers (us): 199, 118,  64,  62,  42,  41, 
[2026-04-03T03:09:54.007+0600][1072.633s][info][gc,stats       ]       CLDG                            2 us
[2026-04-03T03:09:54.007+0600][1072.633s][info][gc,stats       ]   Update Region States               36 us
[2026-04-03T03:09:54.007+0600][1072.633s][info][gc,stats       ]   Manage GC/TLABs                     8 us
[2026-04-03T03:09:54.007+0600][1072.633s][info][gc,stats       ]   Choose Collection Set             175 us
[2026-04-03T03:09:54.007+0600][1072.633s][info][gc,stats       ]   Rebuild Free Set                   39 us
[2026-04-03T03:09:54.007+0600][1072.633s][info][gc,stats       ]   Evacuation                       4191 us
[2026-04-03T03:09:54.007+0600][1072.633s][info][gc,stats       ]   Pre Heap Dump                       1 us
[2026-04-03T03:09:54.007+0600][1072.633s][info][gc,stats       ]   Prepare                          2826 us
[2026-04-03T03:09:54.007+0600][1072.633s][info][gc,stats       ]     Update Roots                   1903 us, parallelism: 4.91x
[2026-04-03T03:09:54.007+0600][1072.633s][info][gc,stats       ]       FU: <total>                  9347 us
[2026-04-03T03:09:54.007+0600][1072.633s][info][gc,stats       ]       FU: Thread Roots              755 us, workers (us):   4, 251, 176, 189, 133,   3, 
[2026-04-03T03:09:54.007+0600][1072.633s][info][gc,stats       ]       FU: Code Cache Roots         7286 us, workers (us): 1436, 990, 1143, 1107, 1172, 1438, 
[2026-04-03T03:09:54.007+0600][1072.633s][info][gc,stats       ]       FU: VM Strong Roots            20 us, workers (us):  10,   7,   1,   1,   1,   1, 
[2026-04-03T03:09:54.007+0600][1072.633s][info][gc,stats       ]       FU: VM Weak Roots             644 us, workers (us): 180, 178, 132,  93,  31,  31, 
[2026-04-03T03:09:54.007+0600][1072.633s][info][gc,stats       ]       FU: CLDG Roots                642 us, workers (us):  84, 153,  84,  93,  83, 145, 
[2026-04-03T03:09:54.007+0600][1072.633s][info][gc,stats       ]   Mark                          4176386 us, parallelism: 5.99x
[2026-04-03T03:09:54.007+0600][1072.633s][info][gc,stats       ]     FM: <total>                25032782 us
[2026-04-03T03:09:54.007+0600][1072.633s][info][gc,stats       ]     FM: Thread Roots                790 us, workers (us): 203, 194, 106, 114, 114,  60, 
[2026-04-03T03:09:54.007+0600][1072.633s][info][gc,stats       ]     FM: VM Strong Roots              23 us, workers (us):   0,   6,   7,   1,   1,   8, 
[2026-04-03T03:09:54.007+0600][1072.633s][info][gc,stats       ]     FM: CLDG Roots                  281 us, workers (us): 141,  27,  35,  25,  20,  33, 
[2026-04-03T03:09:54.007+0600][1072.633s][info][gc,stats       ]     FM: Parallel Mark          25031687 us, workers (us): 4171968, 4171798, 4171949, 4172080, 4171936, 4171955, 
[2026-04-03T03:09:54.007+0600][1072.633s][info][gc,stats       ]     System Purge                   2920 us
[2026-04-03T03:09:54.007+0600][1072.633s][info][gc,stats       ]       Weak References               667 us, parallelism: 1.09x
[2026-04-03T03:09:54.007+0600][1072.633s][info][gc,stats       ]         WRP: <total>                725 us
[2026-04-03T03:09:54.007+0600][1072.633s][info][gc,stats       ]         WRP: Weak References        725 us, workers (us): 329, 330,  22,  36,   6,   1, 
[2026-04-03T03:09:54.007+0600][1072.633s][info][gc,stats       ]       Unload Classes               1725 us, parallelism: 4.80x
[2026-04-03T03:09:54.007+0600][1072.633s][info][gc,stats       ]         CU: <total>                8275 us
[2026-04-03T03:09:54.007+0600][1072.633s][info][gc,stats       ]         CU: Unload Code Caches     8275 us, workers (us): 1450, 1364, 1396, 1358, 1353, 1354, 
[2026-04-03T03:09:54.007+0600][1072.633s][info][gc,stats       ]       Weak Roots                    511 us, parallelism: 1.66x
[2026-04-03T03:09:54.007+0600][1072.633s][info][gc,stats       ]         WR: <total>                 848 us
[2026-04-03T03:09:54.007+0600][1072.633s][info][gc,stats       ]         WR: VM Weak Roots           848 us, workers (us): 166, 157, 155, 122, 124, 125, 
[2026-04-03T03:09:54.007+0600][1072.633s][info][gc,stats       ]       CLDG                            2 us
[2026-04-03T03:09:54.007+0600][1072.633s][info][gc,stats       ]   Calculate Addresses             91318 us
[2026-04-03T03:09:54.007+0600][1072.633s][info][gc,stats       ]     Regular Objects               91198 us
[2026-04-03T03:09:54.007+0600][1072.633s][info][gc,stats       ]     Humongous Objects                28 us
[2026-04-03T03:09:54.007+0600][1072.633s][info][gc,stats       ]   Adjust Pointers                 99966 us
[2026-04-03T03:09:54.007+0600][1072.633s][info][gc,stats       ]     FA: <total>                    7730 us
[2026-04-03T03:09:54.007+0600][1072.633s][info][gc,stats       ]     FA: Thread Roots                541 us, workers (us): 280,  17,  63,   9,  82,  92, 
[2026-04-03T03:09:54.007+0600][1072.633s][info][gc,stats       ]     FA: Code Cache Roots           5949 us, workers (us): 825, 1096, 913, 1088, 1017, 1010, 
[2026-04-03T03:09:54.007+0600][1072.633s][info][gc,stats       ]     FA: VM Strong Roots              18 us, workers (us):  10,   6,   1,   1,   1,   1, 
[2026-04-03T03:09:54.007+0600][1072.633s][info][gc,stats       ]     FA: VM Weak Roots               649 us, workers (us): 147, 148, 124, 124,  51,  54, 
[2026-04-03T03:09:54.007+0600][1072.633s][info][gc,stats       ]     FA: CLDG Roots                  573 us, workers (us):  55,  55, 186, 147,  59,  70, 
[2026-04-03T03:09:54.007+0600][1072.633s][info][gc,stats       ]   Copy Objects                    96130 us
[2026-04-03T03:09:54.007+0600][1072.633s][info][gc,stats       ]     Regular Objects               95194 us
[2026-04-03T03:09:54.007+0600][1072.633s][info][gc,stats       ]     Humongous Objects                22 us
[2026-04-03T03:09:54.007+0600][1072.633s][info][gc,stats       ]     Reset Complete Bitmap           727 us
[2026-04-03T03:09:54.007+0600][1072.633s][info][gc,stats       ]     Rebuild Region Sets             185 us
[2026-04-03T03:09:54.007+0600][1072.633s][info][gc,stats       ]   Post Heap Dump                      1 us
[2026-04-03T03:09:54.007+0600][1072.633s][info][gc,stats       ] 
[2026-04-03T03:09:54.007+0600][1072.633s][info][gc,stats       ] Allocation pacing accrued:
[2026-04-03T03:09:54.007+0600][1072.633s][info][gc,stats       ]       0 of  7898 ms (  0.0%): <total>
[2026-04-03T03:09:54.007+0600][1072.633s][info][gc,stats       ]       0 of  7898 ms (  0.0%): <average total>
[2026-04-03T03:09:54.007+0600][1072.633s][info][gc,stats       ] 
[2026-04-03T03:09:54.007+0600][1072.633s][info][gc,metaspace   ] Metaspace: 49795K(50240K)->49797K(50240K) NonClass: 43576K(43840K)->43577K(43840K) Class: 6219K(6400K)->6219K(6400K)
[2026-04-03T03:09:54.007+0600][1072.633s][info][gc,ergo        ] Pacer for Idle. Initial: 10240K, Alloc Tax Rate: 1.0x
[2026-04-03T03:09:54.008+0600][1072.634s][info][gc             ] Failed to allocate TLAB, 2648B
[2026-04-03T03:09:54.008+0600][1072.634s][info][gc             ] Cancelling GC: Allocation Failure
[2026-04-03T03:09:54.008+0600][1072.635s][info][gc             ] Trigger: Handle Allocation Failure
[2026-04-03T03:09:54.008+0600][1072.635s][info][gc,ergo        ] Free: 0B, Max: 0B regular, 0B humongous, Frag: 0% external, 0% internal; Reserve: 8704K, Max: 256K
[2026-04-03T03:09:54.008+0600][1072.635s][info][gc,start       ] GC(155) Pause Degenerated GC (Outside of Cycle)
[2026-04-03T03:09:54.009+0600][1072.635s][info][gc,task        ] GC(155) Using 6 of 6 workers for stw degenerated gc
[2026-04-03T03:09:54.009+0600][1072.635s][info][gc,ref         ] GC(155) Clearing All SoftReferences
[2026-04-03T03:09:58.453+0600][1077.079s][info][gc,ref         ] GC(155) Encountered references: Soft: 2447, Weak: 2792, Final: 74, Phantom: 586
[2026-04-03T03:09:58.453+0600][1077.080s][info][gc,ref         ] GC(155) Discovered  references: Soft: 248, Weak: 1126, Final: 74, Phantom: 582
[2026-04-03T03:09:58.453+0600][1077.080s][info][gc,ref         ] GC(155) Enqueued    references: Soft: 2, Weak: 1, Final: 0, Phantom: 0
[2026-04-03T03:09:58.455+0600][1077.081s][info][gc,ergo        ] GC(155) Adaptive CSet Selection. Target Free: 72533K, Actual Free: 8704K, Max CSet: 21333K, Min Garbage: 63829K
[2026-04-03T03:09:58.455+0600][1077.082s][info][gc,ergo        ] GC(155) Collectable Garbage: 208K (100%), Immediate: 0B (0%), CSet: 208K (100%)
[2026-04-03T03:09:58.458+0600][1077.084s][info][gc             ] GC(155) Cancelling GC: Allocation Failure During Evacuation
[2026-04-03T03:09:58.459+0600][1077.086s][info][gc             ] GC(155) Cannot finish degeneration, upgrading to Full GC
[2026-04-03T03:09:58.462+0600][1077.089s][info][gc,phases,start] GC(155) Phase 1: Mark live objects
[2026-04-03T03:09:58.463+0600][1077.089s][info][gc,ref         ] GC(155) Clearing All SoftReferences
[2026-04-03T03:09:58.463+0600][1077.089s][info][gc,ref         ] GC(155) Clearing All SoftReferences
[2026-04-03T03:10:02.172+0600][1080.799s][info][gc,ref         ] GC(155) Encountered references: Soft: 2445, Weak: 2791, Final: 74, Phantom: 586
[2026-04-03T03:10:02.173+0600][1080.799s][info][gc,ref         ] GC(155) Discovered  references: Soft: 247, Weak: 1361, Final: 74, Phantom: 582
[2026-04-03T03:10:02.173+0600][1080.799s][info][gc,ref         ] GC(155) Enqueued    references: Soft: 0, Weak: 0, Final: 0, Phantom: 0
[2026-04-03T03:10:02.174+0600][1080.801s][info][gc,phases      ] GC(155) Phase 1: Mark live objects 3711.946ms
[2026-04-03T03:10:02.174+0600][1080.801s][info][gc,phases,start] GC(155) Phase 2: Compute new object addresses
[2026-04-03T03:10:02.258+0600][1080.884s][info][gc,phases      ] GC(155) Phase 2: Compute new object addresses 83.519ms
[2026-04-03T03:10:02.258+0600][1080.884s][info][gc,phases,start] GC(155) Phase 3: Adjust pointers
[2026-04-03T03:10:02.360+0600][1080.986s][info][gc,phases      ] GC(155) Phase 3: Adjust pointers 101.633ms
[2026-04-03T03:10:02.360+0600][1080.986s][info][gc,phases,start] GC(155) Phase 4: Move objects
[2026-04-03T03:10:02.462+0600][1081.089s][info][gc,phases      ] GC(155) Phase 4: Move objects 102.462ms
[2026-04-03T03:10:02.462+0600][1081.089s][info][gc,ergo        ] GC(155) Bad progress for free space: 246K, need 5120K
[2026-04-03T03:10:02.462+0600][1081.089s][info][gc             ] GC(155) Pause Degenerated GC (Outside of Cycle) 490M->490M(500M) 8453.976ms
[2026-04-03T03:10:02.463+0600][1081.089s][info][gc,ergo        ] Free: 202K, Max: 100128B regular, 0B humongous, Frag: 0% external, 90% internal; Reserve: 8704K, Max: 256K
[2026-04-03T03:10:02.463+0600][1081.089s][info][gc,stats       ] 
[2026-04-03T03:10:02.463+0600][1081.089s][info][gc,stats       ] All times are wall-clock times, except per-root-class counters, that are sum over
[2026-04-03T03:10:02.463+0600][1081.089s][info][gc,stats       ] all workers. Dividing the <total> over the root stage time estimates parallelism.
[2026-04-03T03:10:02.463+0600][1081.089s][info][gc,stats       ] 
[2026-04-03T03:10:02.463+0600][1081.089s][info][gc,stats       ] Pause Degenerated GC (G)        8454232 us
[2026-04-03T03:10:02.463+0600][1081.089s][info][gc,stats       ] Pause Degenerated GC (N)        8453986 us
[2026-04-03T03:10:02.463+0600][1081.089s][info][gc,stats       ]   Degen STW Mark                4444186 us, parallelism: 6.00x
[2026-04-03T03:10:02.463+0600][1081.089s][info][gc,stats       ]     DSM: <total>               26659853 us
[2026-04-03T03:10:02.463+0600][1081.089s][info][gc,stats       ]     DSM: Thread Roots               561 us, workers (us): 144, 140,  64,  73,  83,  57, 
[2026-04-03T03:10:02.463+0600][1081.089s][info][gc,stats       ]     DSM: VM Strong Roots             20 us, workers (us):   0,   5,   6,   5,   0,   4, 
[2026-04-03T03:10:02.463+0600][1081.089s][info][gc,stats       ]     DSM: CLDG Roots                 230 us, workers (us): 120,  27,  27,  14,  14,  27, 
[2026-04-03T03:10:02.463+0600][1081.089s][info][gc,stats       ]     DSM: Parallel Mark         26659042 us, workers (us): 4443091, 4443273, 4443185, 4443075, 4443236, 4443182, 
[2026-04-03T03:10:02.463+0600][1081.089s][info][gc,stats       ]     System Purge                   2077 us
[2026-04-03T03:10:02.463+0600][1081.089s][info][gc,stats       ]       Weak References               320 us, parallelism: 0.93x
[2026-04-03T03:10:02.463+0600][1081.089s][info][gc,stats       ]         WRP: <total>                296 us
[2026-04-03T03:10:02.463+0600][1081.089s][info][gc,stats       ]         WRP: Weak References        296 us, workers (us):  58, 132, 106,   1,   0,   0, 
[2026-04-03T03:10:02.463+0600][1081.089s][info][gc,stats       ]       Unload Classes               1560 us, parallelism: 5.23x
[2026-04-03T03:10:02.463+0600][1081.089s][info][gc,stats       ]         DCU: <total>               8167 us
[2026-04-03T03:10:02.463+0600][1081.089s][info][gc,stats       ]         DCU: Unload Code Caches     8167 us, workers (us): 1371, 1402, 1372, 1375, 1364, 1282, 
[2026-04-03T03:10:02.463+0600][1081.089s][info][gc,stats       ]       Weak Roots                    184 us, parallelism: 2.99x
[2026-04-03T03:10:02.463+0600][1081.089s][info][gc,stats       ]         DWR: <total>                548 us
[2026-04-03T03:10:02.463+0600][1081.089s][info][gc,stats       ]         DWR: VM Weak Roots          548 us, workers (us): 153, 149,  67,  65,  66,  48, 
[2026-04-03T03:10:02.463+0600][1081.089s][info][gc,stats       ]       CLDG                            2 us
[2026-04-03T03:10:02.463+0600][1081.089s][info][gc,stats       ]   Update Region States               24 us
[2026-04-03T03:10:02.463+0600][1081.089s][info][gc,stats       ]   Manage GC/TLABs                     9 us
[2026-04-03T03:10:02.463+0600][1081.089s][info][gc,stats       ]   Choose Collection Set             189 us
[2026-04-03T03:10:02.463+0600][1081.089s][info][gc,stats       ]   Rebuild Free Set                   43 us
[2026-04-03T03:10:02.463+0600][1081.089s][info][gc,stats       ]   Evacuation                       3840 us
[2026-04-03T03:10:02.463+0600][1081.089s][info][gc,stats       ]   Pre Heap Dump                       1 us
[2026-04-03T03:10:02.463+0600][1081.089s][info][gc,stats       ]   Prepare                          2881 us
[2026-04-03T03:10:02.463+0600][1081.089s][info][gc,stats       ]     Update Roots                   1918 us, parallelism: 4.81x
[2026-04-03T03:10:02.463+0600][1081.089s][info][gc,stats       ]       FU: <total>                  9215 us
[2026-04-03T03:10:02.463+0600][1081.089s][info][gc,stats       ]       FU: Thread Roots              616 us, workers (us):  39, 174, 188,   3,   5, 206, 
[2026-04-03T03:10:02.463+0600][1081.089s][info][gc,stats       ]       FU: Code Cache Roots         7253 us, workers (us): 1233, 1009, 1068, 1465, 1420, 1058, 
[2026-04-03T03:10:02.463+0600][1081.089s][info][gc,stats       ]       FU: VM Strong Roots            24 us, workers (us):   8,   8,   6,   0,   1,   1, 
[2026-04-03T03:10:02.463+0600][1081.089s][info][gc,stats       ]       FU: VM Weak Roots             672 us, workers (us): 158, 157, 155,  89,  58,  55, 
[2026-04-03T03:10:02.463+0600][1081.089s][info][gc,stats       ]       FU: CLDG Roots                651 us, workers (us):  82, 159,  88, 157,  82,  83, 
[2026-04-03T03:10:02.463+0600][1081.089s][info][gc,stats       ]   Mark                          3711874 us, parallelism: 5.99x
[2026-04-03T03:10:02.463+0600][1081.089s][info][gc,stats       ]     FM: <total>                22249241 us
[2026-04-03T03:10:02.463+0600][1081.089s][info][gc,stats       ]     FM: Thread Roots                748 us, workers (us): 160, 152, 149, 119, 124,  43, 
[2026-04-03T03:10:02.463+0600][1081.089s][info][gc,stats       ]     FM: VM Strong Roots              23 us, workers (us):   0,   6,   6,   4,   0,   6, 
[2026-04-03T03:10:02.463+0600][1081.089s][info][gc             ] Failed to allocate TLAB, 2656B
[2026-04-03T03:10:02.463+0600][1081.089s][info][gc             ] Cancelling GC: Allocation Failure
[2026-04-03T03:10:02.463+0600][1081.089s][info][gc,stats       ]     FM: CLDG Roots                  285 us, workers (us): 148,  35,  33,  15,  21,  32, 
[2026-04-03T03:10:02.463+0600][1081.090s][info][gc,stats       ]     FM: Parallel Mark          22248185 us, workers (us): 3707965, 3708161, 3708068, 3708000, 3707827, 3708164, 
[2026-04-03T03:10:02.463+0600][1081.090s][info][gc,stats       ]     System Purge                   2433 us
[2026-04-03T03:10:02.463+0600][1081.090s][info][gc,stats       ]       Weak References               624 us, parallelism: 0.91x
[2026-04-03T03:10:02.463+0600][1081.090s][info][gc,stats       ]         WRP: <total>                569 us
[2026-04-03T03:10:02.463+0600][1081.090s][info][gc,stats       ]         WRP: Weak References        569 us, workers (us):  54, 378,  47,  89,   0,   0, 
[2026-04-03T03:10:02.463+0600][1081.090s][info][gc,stats       ]       Unload Classes               1558 us, parallelism: 4.88x
[2026-04-03T03:10:02.463+0600][1081.090s][info][gc,stats       ]         CU: <total>                7603 us
[2026-04-03T03:10:02.463+0600][1081.090s][info][gc,stats       ]         CU: Unload Code Caches     7603 us, workers (us): 1304, 1303, 1324, 1252, 1210, 1209, 
[2026-04-03T03:10:02.463+0600][1081.090s][info][gc,stats       ]       Weak Roots                    235 us, parallelism: 3.61x
[2026-04-03T03:10:02.463+0600][1081.090s][info][gc,stats       ]         WR: <total>                 849 us
[2026-04-03T03:10:02.463+0600][1081.090s][info][gc,stats       ]         WR: VM Weak Roots           849 us, workers (us): 188, 186, 178, 160,  68,  69, 
[2026-04-03T03:10:02.463+0600][1081.090s][info][gc,stats       ]       CLDG                            2 us
[2026-04-03T03:10:02.463+0600][1081.090s][info][gc,stats       ]   Calculate Addresses             83510 us
[2026-04-03T03:10:02.463+0600][1081.090s][info][gc,stats       ]     Regular Objects               83408 us
[2026-04-03T03:10:02.463+0600][1081.090s][info][gc,stats       ]     Humongous Objects                31 us
[2026-04-03T03:10:02.463+0600][1081.090s][info][gc,stats       ]   Adjust Pointers                101621 us
[2026-04-03T03:10:02.463+0600][1081.090s][info][gc,stats       ]     FA: <total>                    7959 us
[2026-04-03T03:10:02.463+0600][1081.090s][info][gc,stats       ]     FA: Thread Roots                485 us, workers (us):   3,  27,   3,  95, 171, 186, 
[2026-04-03T03:10:02.463+0600][1081.090s][info][gc,stats       ]     FA: Code Cache Roots           6161 us, workers (us): 1150, 1084, 1227, 888, 920, 893, 
[2026-04-03T03:10:02.463+0600][1081.090s][info][gc,stats       ]     FA: VM Strong Roots              19 us, workers (us):  15,   1,   1,   1,   1,   1, 
[2026-04-03T03:10:02.463+0600][1081.090s][info][gc,stats       ]     FA: VM Weak Roots               657 us, workers (us): 176, 106, 109, 104,  91,  72, 
[2026-04-03T03:10:02.463+0600][1081.090s][info][gc,stats       ]     FA: CLDG Roots                  636 us, workers (us):  70,  70, 161, 179,  73,  83, 
[2026-04-03T03:10:02.463+0600][1081.090s][info][gc,stats       ]   Copy Objects                   102449 us
[2026-04-03T03:10:02.463+0600][1081.090s][info][gc,stats       ]     Regular Objects              101544 us
[2026-04-03T03:10:02.463+0600][1081.090s][info][gc,stats       ]     Humongous Objects                22 us
[2026-04-03T03:10:02.463+0600][1081.090s][info][gc,stats       ]     Reset Complete Bitmap           691 us
[2026-04-03T03:10:02.463+0600][1081.090s][info][gc,stats       ]     Rebuild Region Sets             190 us
[2026-04-03T03:10:02.463+0600][1081.090s][info][gc,stats       ]   Post Heap Dump                      1 us
[2026-04-03T03:10:02.463+0600][1081.090s][info][gc,stats       ] 
[2026-04-03T03:10:02.463+0600][1081.090s][info][gc,stats       ] Allocation pacing accrued:
[2026-04-03T03:10:02.463+0600][1081.090s][info][gc,stats       ]       0 of  8456 ms (  0.0%): <total>
[2026-04-03T03:10:02.463+0600][1081.090s][info][gc,stats       ]       0 of  8456 ms (  0.0%): <average total>
[2026-04-03T03:10:02.463+0600][1081.090s][info][gc,stats       ] 
[2026-04-03T03:10:02.463+0600][1081.090s][info][gc,metaspace   ] Metaspace: 49798K(50240K)->49798K(50240K) NonClass: 43578K(43840K)->43578K(43840K) Class: 6219K(6400K)->6219K(6400K)
[2026-04-03T03:10:02.463+0600][1081.090s][info][gc,ergo        ] Pacer for Idle. Initial: 10240K, Alloc Tax Rate: 1.0x
[2026-04-03T03:10:02.465+0600][1081.091s][info][gc             ] Trigger: Handle Allocation Failure
[2026-04-03T03:10:02.465+0600][1081.091s][info][gc,ergo        ] Free: 0B, Max: 0B regular, 0B humongous, Frag: 0% external, 0% internal; Reserve: 8704K, Max: 256K
[2026-04-03T03:10:02.465+0600][1081.091s][info][gc,start       ] GC(156) Pause Degenerated GC (Outside of Cycle)
[2026-04-03T03:10:02.465+0600][1081.091s][info][gc,task        ] GC(156) Using 6 of 6 workers for stw degenerated gc
[2026-04-03T03:10:02.465+0600][1081.091s][info][gc,ref         ] GC(156) Clearing All SoftReferences
[2026-04-03T03:10:06.896+0600][1085.522s][info][gc,ref         ] GC(156) Encountered references: Soft: 2447, Weak: 2792, Final: 74, Phantom: 586
[2026-04-03T03:10:06.896+0600][1085.523s][info][gc,ref         ] GC(156) Discovered  references: Soft: 244, Weak: 1403, Final: 74, Phantom: 582
[2026-04-03T03:10:06.896+0600][1085.523s][info][gc,ref         ] GC(156) Enqueued    references: Soft: 2, Weak: 0, Final: 0, Phantom: 0
[2026-04-03T03:10:06.898+0600][1085.525s][info][gc,ergo        ] GC(156) Adaptive CSet Selection. Target Free: 72533K, Actual Free: 8704K, Max CSet: 21333K, Min Garbage: 63829K
[2026-04-03T03:10:06.920+0600][1085.546s][info][gc,ergo        ] GC(156) Collectable Garbage: 65080B (100%), Immediate: 0B (0%), CSet: 65080B (100%)
[2026-04-03T03:10:06.924+0600][1085.550s][info][gc             ] GC(156) Cancelling GC: Allocation Failure During Evacuation
[2026-04-03T03:10:06.926+0600][1085.552s][info][gc             ] GC(156) Cannot finish degeneration, upgrading to Full GC
[2026-04-03T03:10:06.929+0600][1085.555s][info][gc,phases,start] GC(156) Phase 1: Mark live objects
[2026-04-03T03:10:06.929+0600][1085.555s][info][gc,ref         ] GC(156) Clearing All SoftReferences
[2026-04-03T03:10:06.929+0600][1085.555s][info][gc,ref         ] GC(156) Clearing All SoftReferences
[2026-04-03T03:10:11.311+0600][1089.937s][info][gc,ref         ] GC(156) Encountered references: Soft: 2445, Weak: 2792, Final: 74, Phantom: 586
[2026-04-03T03:10:11.311+0600][1089.937s][info][gc,ref         ] GC(156) Discovered  references: Soft: 247, Weak: 1041, Final: 74, Phantom: 582
[2026-04-03T03:10:11.311+0600][1089.937s][info][gc,ref         ] GC(156) Enqueued    references: Soft: 0, Weak: 0, Final: 0, Phantom: 0
[2026-04-03T03:10:11.313+0600][1089.939s][info][gc,phases      ] GC(156) Phase 1: Mark live objects 4384.051ms
[2026-04-03T03:10:11.313+0600][1089.939s][info][gc,phases,start] GC(156) Phase 2: Compute new object addresses
[2026-04-03T03:10:11.396+0600][1090.023s][info][gc,phases      ] GC(156) Phase 2: Compute new object addresses 83.560ms
[2026-04-03T03:10:11.396+0600][1090.023s][info][gc,phases,start] GC(156) Phase 3: Adjust pointers
[2026-04-03T03:10:11.500+0600][1090.126s][info][gc,phases      ] GC(156) Phase 3: Adjust pointers 103.520ms
[2026-04-03T03:10:11.500+0600][1090.126s][info][gc,phases,start] GC(156) Phase 4: Move objects
[2026-04-03T03:10:11.595+0600][1090.221s][info][gc,phases      ] GC(156) Phase 4: Move objects 94.853ms
[2026-04-03T03:10:11.595+0600][1090.222s][info][gc,ergo        ] GC(156) Bad progress for free space: 353K, need 5120K
[2026-04-03T03:10:11.595+0600][1090.222s][info][gc             ] GC(156) Pause Degenerated GC (Outside of Cycle) 490M->490M(500M) 9130.454ms
[2026-04-03T03:10:11.596+0600][1090.222s][info][gc,ergo        ] Free: 327K, Max: 107K regular, 0B humongous, Frag: 0% external, 99% internal; Reserve: 8448K, Max: 256K
[2026-04-03T03:10:11.596+0600][1090.222s][info][gc,stats       ] 
[2026-04-03T03:10:11.596+0600][1090.222s][info][gc,stats       ] All times are wall-clock times, except per-root-class counters, that are sum over
[2026-04-03T03:10:11.596+0600][1090.222s][info][gc,stats       ] all workers. Dividing the <total> over the root stage time estimates parallelism.
[2026-04-03T03:10:11.596+0600][1090.222s][info][gc,stats       ] 
[2026-04-03T03:10:11.596+0600][1090.222s][info][gc,stats       ] Pause Degenerated GC (G)        9130750 us
[2026-04-03T03:10:11.596+0600][1090.222s][info][gc,stats       ] Pause Degenerated GC (N)        9130478 us
[2026-04-03T03:10:11.596+0600][1090.222s][info][gc,stats       ]   Degen STW Mark                4430491 us, parallelism: 6.00x
[2026-04-03T03:10:11.596+0600][1090.222s][info][gc,stats       ]     DSM: <total>               26576103 us
[2026-04-03T03:10:11.596+0600][1090.222s][info][gc,stats       ]     DSM: Thread Roots               618 us, workers (us): 157, 131,  89,  76,  74,  92, 
[2026-04-03T03:10:11.596+0600][1090.222s][info][gc,stats       ]     DSM: VM Strong Roots             20 us, workers (us):   0,   3,   4,   4,   3,   5, 
[2026-04-03T03:10:11.596+0600][1090.222s][info][gc,stats       ]     DSM: CLDG Roots                 251 us, workers (us): 124,  32,  29,  29,  29,   9, 
[2026-04-03T03:10:11.596+0600][1090.222s][info][gc,stats       ]     DSM: Parallel Mark         26575214 us, workers (us): 4428993, 4429216, 4429221, 4429297, 4429207, 4429280, 
[2026-04-03T03:10:11.596+0600][1090.222s][info][gc,stats       ]     System Purge                   2620 us
[2026-04-03T03:10:11.596+0600][1090.222s][info][gc,stats       ]       Weak References               600 us, parallelism: 0.94x
[2026-04-03T03:10:11.596+0600][1090.222s][info][gc,stats       ]         WRP: <total>                563 us
[2026-04-03T03:10:11.596+0600][1090.222s][info][gc,stats       ]         WRP: Weak References        563 us, workers (us):  95, 435,  10,  23,   1,   1, 
[2026-04-03T03:10:11.596+0600][1090.222s][info][gc,stats       ]       Unload Classes               1798 us, parallelism: 4.44x
[2026-04-03T03:10:11.596+0600][1090.222s][info][gc,stats       ]         DCU: <total>               7989 us
[2026-04-03T03:10:11.596+0600][1090.222s][info][gc,stats       ]         DCU: Unload Code Caches     7989 us, workers (us): 1404, 1387, 1331, 1313, 1269, 1284, 
[2026-04-03T03:10:11.596+0600][1090.222s][info][gc,stats       ]       Weak Roots                    203 us, parallelism: 2.68x
[2026-04-03T03:10:11.596+0600][1090.222s][info][gc,stats       ]         DWR: <total>                542 us
[2026-04-03T03:10:11.596+0600][1090.222s][info][gc,stats       ]         DWR: VM Weak Roots          542 us, workers (us): 160, 134,  77,  77,  48,  47, 
[2026-04-03T03:10:11.596+0600][1090.222s][info][gc,stats       ]       CLDG                            2 us
[2026-04-03T03:10:11.596+0600][1090.222s][info][gc,stats       ]   Update Region States               27 us
[2026-04-03T03:10:11.596+0600][1090.222s][info][gc,stats       ]   Manage GC/TLABs                    15 us
[2026-04-03T03:10:11.596+0600][1090.222s][info][gc,stats       ]   Choose Collection Set           21545 us
[2026-04-03T03:10:11.596+0600][1090.222s][info][gc,stats       ]   Rebuild Free Set                   84 us
[2026-04-03T03:10:11.596+0600][1090.222s][info][gc,stats       ]   Evacuation                       5096 us
[2026-04-03T03:10:11.596+0600][1090.222s][info][gc,stats       ]   Pre Heap Dump                       2 us
[2026-04-03T03:10:11.596+0600][1090.222s][info][gc,stats       ]   Prepare                          3113 us
[2026-04-03T03:10:11.596+0600][1090.222s][info][gc,stats       ]     Update Roots                   2082 us, parallelism: 4.85x
[2026-04-03T03:10:11.596+0600][1090.222s][info][gc,stats       ]       FU: <total>                 10102 us
[2026-04-03T03:10:11.596+0600][1090.222s][info][gc,stats       ]       FU: Thread Roots              674 us, workers (us):   4, 176,  77,  95, 123, 200, 
[2026-04-03T03:10:11.596+0600][1090.222s][info][gc,stats       ]       FU: Code Cache Roots         7956 us, workers (us): 1637, 1163, 1293, 1329, 1319, 1214, 
[2026-04-03T03:10:11.596+0600][1090.222s][info][gc,stats       ]       FU: VM Strong Roots            21 us, workers (us):  11,   6,   1,   1,   1,   1, 
[2026-04-03T03:10:11.596+0600][1090.222s][info][gc,stats       ]       FU: VM Weak Roots             741 us, workers (us): 184, 183, 111,  87,  89,  86, 
[2026-04-03T03:10:11.596+0600][1090.222s][info][gc,stats       ]       FU: CLDG Roots                710 us, workers (us):  94, 179, 152,  93,  92, 101, 
[2026-04-03T03:10:11.596+0600][1090.222s][info][gc,stats       ]   Mark                          4384004 us, parallelism: 6.00x
[2026-04-03T03:10:11.596+0600][1090.222s][info][gc,stats       ]     FM: <total>                26282277 us
[2026-04-03T03:10:11.596+0600][1090.222s][info][gc,stats       ]     FM: Thread Roots                729 us, workers (us): 204, 159, 119, 127,  76,  44, 
[2026-04-03T03:10:11.596+0600][1090.222s][info][gc,stats       ]     FM: VM Strong Roots              24 us, workers (us):   3,   6,   7,   2,   6,   0, 
[2026-04-03T03:10:11.596+0600][1090.222s][info][gc,stats       ]     FM: CLDG Roots                  295 us, workers (us):  10,  32,  30,   8,  34, 181, 
[2026-04-03T03:10:11.596+0600][1090.222s][info][gc,stats       ]     FM: Parallel Mark          26281229 us, workers (us): 4380194, 4380189, 4380299, 4380304, 4380199, 4380045, 
[2026-04-03T03:10:11.596+0600][1090.222s][info][gc,stats       ]     System Purge                   2460 us
[2026-04-03T03:10:11.596+0600][1090.222s][info][gc,stats       ]       Weak References               485 us, parallelism: 0.63x
[2026-04-03T03:10:11.596+0600][1090.222s][info][gc,stats       ]         WRP: <total>                304 us
[2026-04-03T03:10:11.596+0600][1090.222s][info][gc,stats       ]         WRP: Weak References        304 us, workers (us): 213,  26,  16,  15,  35,   0, 
[2026-04-03T03:10:11.596+0600][1090.222s][info][gc,stats       ]       Unload Classes               1721 us, parallelism: 4.78x
[2026-04-03T03:10:11.596+0600][1090.222s][info][gc,stats       ]         CU: <total>                8224 us
[2026-04-03T03:10:11.596+0600][1090.222s][info][gc,stats       ]         CU: Unload Code Caches     8224 us, workers (us): 1469, 1359, 1331, 1361, 1350, 1353, 
[2026-04-03T03:10:11.596+0600][1090.222s][info][gc,stats       ]       Weak Roots                    221 us, parallelism: 3.43x
[2026-04-03T03:10:11.596+0600][1090.222s][info][gc,stats       ]         WR: <total>                 756 us
[2026-04-03T03:10:11.596+0600][1090.222s][info][gc,stats       ]         WR: VM Weak Roots           756 us, workers (us): 178, 168, 106, 101, 101, 103, 
[2026-04-03T03:10:11.596+0600][1090.222s][info][gc,stats       ]       CLDG                            3 us
[2026-04-03T03:10:11.596+0600][1090.222s][info][gc,stats       ]   Calculate Addresses             83551 us
[2026-04-03T03:10:11.596+0600][1090.222s][info][gc,stats       ]     Regular Objects               83458 us
[2026-04-03T03:10:11.596+0600][1090.222s][info][gc,stats       ]     Humongous Objects                30 us
[2026-04-03T03:10:11.596+0600][1090.222s][info][gc,stats       ]   Adjust Pointers                103509 us
[2026-04-03T03:10:11.596+0600][1090.222s][info][gc,stats       ]     FA: <total>                    7817 us
[2026-04-03T03:10:11.596+0600][1090.222s][info][gc,stats       ]     FA: Thread Roots                475 us, workers (us): 159,  80,   3, 183,   2,  48, 
[2026-04-03T03:10:11.596+0600][1090.222s][info][gc,stats       ]     FA: Code Cache Roots           6060 us, workers (us): 798, 985, 1201, 875, 1205, 996, 
[2026-04-03T03:10:11.596+0600][1090.222s][info][gc,stats       ]     FA: VM Strong Roots              17 us, workers (us):  14,   1,   1,   1,   1,   1, 
[2026-04-03T03:10:11.596+0600][1090.222s][info][gc,stats       ]     FA: VM Weak Roots               681 us, workers (us): 190, 126, 124,  89,  75,  76, 
[2026-04-03T03:10:11.596+0600][1090.222s][info][gc,stats       ]     FA: CLDG Roots                  583 us, workers (us): 166,  67,  64,  63, 143,  79, 
[2026-04-03T03:10:11.596+0600][1090.223s][info][gc,stats       ]   Copy Objects                    94840 us
[2026-04-03T03:10:11.596+0600][1090.223s][info][gc,stats       ]     Regular Objects               93919 us
[2026-04-03T03:10:11.596+0600][1090.223s][info][gc,stats       ]     Humongous Objects                21 us
[2026-04-03T03:10:11.596+0600][1090.223s][info][gc,stats       ]     Reset Complete Bitmap           717 us
[2026-04-03T03:10:11.596+0600][1090.223s][info][gc,stats       ]     Rebuild Region Sets             181 us
[2026-04-03T03:10:11.596+0600][1090.223s][info][gc,stats       ]   Post Heap Dump                      2 us
[2026-04-03T03:10:11.596+0600][1090.223s][info][gc,stats       ] 
[2026-04-03T03:10:11.596+0600][1090.223s][info][gc,stats       ] Allocation pacing accrued:
[2026-04-03T03:10:11.596+0600][1090.223s][info][gc,stats       ]       0 of  9133 ms (  0.0%): <total>
[2026-04-03T03:10:11.596+0600][1090.223s][info][gc,stats       ]       0 of  9133 ms (  0.0%): <average total>
[2026-04-03T03:10:11.596+0600][1090.223s][info][gc,stats       ] 
[2026-04-03T03:10:11.596+0600][1090.223s][info][gc,metaspace   ] Metaspace: 49799K(50240K)->49799K(50240K) NonClass: 43579K(43840K)->43579K(43840K) Class: 6219K(6400K)->6219K(6400K)
[2026-04-03T03:10:11.596+0600][1090.223s][info][gc,ergo        ] Pacer for Idle. Initial: 10240K, Alloc Tax Rate: 1.0x
[2026-04-03T03:10:11.596+0600][1090.223s][info][gc             ] Failed to allocate TLAB, 2656B
[2026-04-03T03:10:11.596+0600][1090.223s][info][gc             ] Cancelling GC: Allocation Failure
[2026-04-03T03:10:11.597+0600][1090.224s][info][gc             ] Trigger: Handle Allocation Failure
[2026-04-03T03:10:11.597+0600][1090.224s][info][gc,ergo        ] Free: 0B, Max: 0B regular, 0B humongous, Frag: 0% external, 0% internal; Reserve: 8448K, Max: 256K
[2026-04-03T03:10:11.598+0600][1090.224s][info][gc,start       ] GC(157) Pause Full
[2026-04-03T03:10:11.598+0600][1090.224s][info][gc,task        ] GC(157) Using 6 of 6 workers for full gc
[2026-04-03T03:10:11.598+0600][1090.224s][info][gc,phases,start] GC(157) Phase 1: Mark live objects
[2026-04-03T03:10:11.598+0600][1090.225s][info][gc,ref         ] GC(157) Clearing All SoftReferences
[2026-04-03T03:10:11.598+0600][1090.225s][info][gc,ref         ] GC(157) Clearing All SoftReferences
[2026-04-03T03:10:15.914+0600][1094.540s][info][gc,ref         ] GC(157) Encountered references: Soft: 2445, Weak: 2794, Final: 74, Phantom: 586
[2026-04-03T03:10:15.914+0600][1094.540s][info][gc,ref         ] GC(157) Discovered  references: Soft: 241, Weak: 1272, Final: 74, Phantom: 582
[2026-04-03T03:10:15.914+0600][1094.540s][info][gc,ref         ] GC(157) Enqueued    references: Soft: 0, Weak: 4, Final: 0, Phantom: 0
[2026-04-03T03:10:15.916+0600][1094.542s][info][gc,phases      ] GC(157) Phase 1: Mark live objects 4317.441ms
[2026-04-03T03:10:15.916+0600][1094.542s][info][gc,phases,start] GC(157) Phase 2: Compute new object addresses
[2026-04-03T03:10:16.002+0600][1094.628s][info][gc,phases      ] GC(157) Phase 2: Compute new object addresses 86.333ms
[2026-04-03T03:10:16.002+0600][1094.628s][info][gc,phases,start] GC(157) Phase 3: Adjust pointers
[2026-04-03T03:10:16.102+0600][1094.728s][info][gc,phases      ] GC(157) Phase 3: Adjust pointers 99.693ms
[2026-04-03T03:10:16.102+0600][1094.728s][info][gc,phases,start] GC(157) Phase 4: Move objects
[2026-04-03T03:10:16.185+0600][1094.811s][info][gc,phases      ] GC(157) Phase 4: Move objects 83.163ms
[2026-04-03T03:10:16.185+0600][1094.812s][info][gc,ergo        ] GC(157) Bad progress for free space: 140K, need 5120K
[2026-04-03T03:10:16.185+0600][1094.812s][info][gc             ] GC(157) Pause Full 490M->490M(500M) 4587.746ms
[2026-04-03T03:10:16.186+0600][1094.812s][info][gc,ergo        ] Free: 114K, Max: 30816B regular, 0B humongous, Frag: 0% external, 99% internal; Reserve: 8448K, Max: 256K
[2026-04-03T03:10:16.186+0600][1094.812s][info][gc,stats       ] 
[2026-04-03T03:10:16.186+0600][1094.812s][info][gc,stats       ] All times are wall-clock times, except per-root-class counters, that are sum over
[2026-04-03T03:10:16.186+0600][1094.812s][info][gc,stats       ] all workers. Dividing the <total> over the root stage time estimates parallelism.
[2026-04-03T03:10:16.186+0600][1094.812s][info][gc,stats       ] 
[2026-04-03T03:10:16.186+0600][1094.812s][info][gc,stats       ] Pause Full GC (G)               4588042 us
[2026-04-03T03:10:16.186+0600][1094.812s][info][gc,stats       ] Pause Full GC (N)               4587759 us
[2026-04-03T03:10:16.186+0600][1094.812s][info][gc,stats       ]   Pre Heap Dump                       1 us
[2026-04-03T03:10:16.186+0600][1094.812s][info][gc,stats       ]   Prepare                           341 us
[2026-04-03T03:10:16.186+0600][1094.812s][info][gc,stats       ]   Mark                          4317409 us, parallelism: 5.99x
[2026-04-03T03:10:16.186+0600][1094.812s][info][gc,stats       ]     FM: <total>                25881678 us
[2026-04-03T03:10:16.186+0600][1094.812s][info][gc,stats       ]     FM: Thread Roots                862 us, workers (us): 133, 104, 103,  93, 260, 170, 
[2026-04-03T03:10:16.186+0600][1094.812s][info][gc,stats       ]     FM: VM Strong Roots              15 us, workers (us):  13,   0,   1,   0,   0,   0, 
[2026-04-03T03:10:16.186+0600][1094.812s][info][gc,stats       ]     FM: CLDG Roots                  233 us, workers (us):   8, 143,  27,  33,   7,  15, 
[2026-04-03T03:10:16.186+0600][1094.812s][info][gc,stats       ]     FM: Parallel Mark          25880568 us, workers (us): 4313456, 4313332, 4313539, 4313454, 4313398, 4313389, 
[2026-04-03T03:10:16.186+0600][1094.812s][info][gc,stats       ]     System Purge                   2436 us
[2026-04-03T03:10:16.186+0600][1094.812s][info][gc,stats       ]       Weak References               648 us, parallelism: 0.98x
[2026-04-03T03:10:16.186+0600][1094.812s][info][gc,stats       ]         WRP: <total>                633 us
[2026-04-03T03:10:16.186+0600][1094.812s][info][gc,stats       ]         WRP: Weak References        633 us, workers (us): 357, 219,  56,   1,   1,   0, 
[2026-04-03T03:10:16.186+0600][1094.812s][info][gc,stats       ]       Unload Classes               1461 us, parallelism: 5.02x
[2026-04-03T03:10:16.186+0600][1094.812s][info][gc,stats       ]         CU: <total>                7337 us
[2026-04-03T03:10:16.186+0600][1094.812s][info][gc,stats       ]         CU: Unload Code Caches     7337 us, workers (us): 1284, 1220, 1218, 1196, 1221, 1197, 
[2026-04-03T03:10:16.186+0600][1094.812s][info][gc,stats       ]       Weak Roots                    281 us, parallelism: 1.76x
[2026-04-03T03:10:16.186+0600][1094.812s][info][gc,stats       ]         WR: <total>                 496 us
[2026-04-03T03:10:16.186+0600][1094.812s][info][gc,stats       ]         WR: VM Weak Roots           496 us, workers (us): 116, 111,  94,  60,  59,  56, 
[2026-04-03T03:10:16.186+0600][1094.812s][info][gc,stats       ]       CLDG                            3 us
[2026-04-03T03:10:16.186+0600][1094.812s][info][gc,stats       ]   Calculate Addresses             86317 us
[2026-04-03T03:10:16.186+0600][1094.812s][info][gc,stats       ]     Regular Objects               86069 us
[2026-04-03T03:10:16.186+0600][1094.812s][info][gc,stats       ]     Humongous Objects                33 us
[2026-04-03T03:10:16.186+0600][1094.812s][info][gc             ] Failed to allocate TLAB, 4472B
[2026-04-03T03:10:16.186+0600][1094.812s][info][gc             ] Cancelling GC: Allocation Failure
[2026-04-03T03:10:16.186+0600][1094.812s][info][gc,stats       ]   Adjust Pointers                 99677 us
[2026-04-03T03:10:16.186+0600][1094.813s][info][gc,stats       ]     FA: <total>                    7569 us
[2026-04-03T03:10:16.186+0600][1094.813s][info][gc,stats       ]     FA: Thread Roots                503 us, workers (us):  96,   3,  71,  73, 117, 144, 
[2026-04-03T03:10:16.186+0600][1094.813s][info][gc,stats       ]     FA: Code Cache Roots           5836 us, workers (us): 911, 1167, 1004, 981, 951, 822, 
[2026-04-03T03:10:16.186+0600][1094.813s][info][gc,stats       ]     FA: VM Strong Roots              18 us, workers (us):  14,   1,   1,   1,   1,   1, 
[2026-04-03T03:10:16.186+0600][1094.813s][info][gc,stats       ]     FA: VM Weak Roots               673 us, workers (us): 159, 131, 100, 102, 100,  80, 
[2026-04-03T03:10:16.186+0600][1094.813s][info][gc,stats       ]     FA: CLDG Roots                  540 us, workers (us): 121,  60,  64,  72,  60, 162, 
[2026-04-03T03:10:16.186+0600][1094.813s][info][gc,stats       ]   Copy Objects                    83145 us
[2026-04-03T03:10:16.186+0600][1094.813s][info][gc,stats       ]     Regular Objects               81940 us
[2026-04-03T03:10:16.186+0600][1094.813s][info][gc,stats       ]     Humongous Objects                24 us
[2026-04-03T03:10:16.186+0600][1094.813s][info][gc,stats       ]     Reset Complete Bitmap           790 us
[2026-04-03T03:10:16.186+0600][1094.813s][info][gc,stats       ]     Rebuild Region Sets             388 us
[2026-04-03T03:10:16.186+0600][1094.813s][info][gc,stats       ]   Post Heap Dump                      2 us
[2026-04-03T03:10:16.186+0600][1094.813s][info][gc,stats       ] 
[2026-04-03T03:10:16.186+0600][1094.813s][info][gc,stats       ] Allocation pacing accrued:
[2026-04-03T03:10:16.186+0600][1094.813s][info][gc,stats       ]       0 of  4590 ms (  0.0%): <total>
[2026-04-03T03:10:16.186+0600][1094.813s][info][gc,stats       ]       0 of  4590 ms (  0.0%): <average total>
[2026-04-03T03:10:16.186+0600][1094.813s][info][gc,stats       ] 
[2026-04-03T03:10:16.186+0600][1094.813s][info][gc,metaspace   ] Metaspace: 49800K(50240K)->49801K(50240K) NonClass: 43581K(43840K)->43581K(43840K) Class: 6219K(6400K)->6219K(6400K)
[2026-04-03T03:10:16.186+0600][1094.813s][info][gc,ergo        ] Pacer for Idle. Initial: 10240K, Alloc Tax Rate: 1.0x
[2026-04-03T03:10:16.189+0600][1094.815s][info][gc             ] Trigger: Handle Allocation Failure
[2026-04-03T03:10:16.189+0600][1094.815s][info][gc,ergo        ] Free: 0B, Max: 0B regular, 0B humongous, Frag: 0% external, 0% internal; Reserve: 8448K, Max: 256K
[2026-04-03T03:10:16.189+0600][1094.815s][info][gc,start       ] GC(158) Pause Degenerated GC (Outside of Cycle)
[2026-04-03T03:10:16.189+0600][1094.815s][info][gc,task        ] GC(158) Using 6 of 6 workers for stw degenerated gc
[2026-04-03T03:10:16.189+0600][1094.816s][info][gc,ref         ] GC(158) Clearing All SoftReferences
[2026-04-03T03:10:20.570+0600][1099.197s][info][gc,ref         ] GC(158) Encountered references: Soft: 2445, Weak: 2789, Final: 74, Phantom: 586
[2026-04-03T03:10:20.570+0600][1099.197s][info][gc,ref         ] GC(158) Discovered  references: Soft: 249, Weak: 1346, Final: 60, Phantom: 582
[2026-04-03T03:10:20.570+0600][1099.197s][info][gc,ref         ] GC(158) Enqueued    references: Soft: 0, Weak: 0, Final: 0, Phantom: 0
[2026-04-03T03:10:20.573+0600][1099.199s][info][gc,ergo        ] GC(158) Adaptive CSet Selection. Target Free: 72533K, Actual Free: 8448K, Max CSet: 21333K, Min Garbage: 64085K
[2026-04-03T03:10:20.573+0600][1099.199s][info][gc,ergo        ] GC(158) Collectable Garbage: 35840B (100%), Immediate: 0B (0%), CSet: 35840B (100%)
[2026-04-03T03:10:20.575+0600][1099.202s][info][gc             ] GC(158) Cancelling GC: Allocation Failure During Evacuation
[2026-04-03T03:10:20.577+0600][1099.203s][info][gc             ] GC(158) Cannot finish degeneration, upgrading to Full GC
[2026-04-03T03:10:20.579+0600][1099.206s][info][gc,phases,start] GC(158) Phase 1: Mark live objects
[2026-04-03T03:10:20.580+0600][1099.206s][info][gc,ref         ] GC(158) Clearing All SoftReferences
[2026-04-03T03:10:20.580+0600][1099.206s][info][gc,ref         ] GC(158) Clearing All SoftReferences
[2026-04-03T03:10:24.435+0600][1103.061s][info][gc,ref         ] GC(158) Encountered references: Soft: 2445, Weak: 2789, Final: 74, Phantom: 586
[2026-04-03T03:10:24.435+0600][1103.062s][info][gc,ref         ] GC(158) Discovered  references: Soft: 241, Weak: 1414, Final: 74, Phantom: 560
[2026-04-03T03:10:24.435+0600][1103.062s][info][gc,ref         ] GC(158) Enqueued    references: Soft: 0, Weak: 0, Final: 0, Phantom: 0
[2026-04-03T03:10:24.437+0600][1103.064s][info][gc,phases      ] GC(158) Phase 1: Mark live objects 3857.933ms
[2026-04-03T03:10:24.437+0600][1103.064s][info][gc,phases,start] GC(158) Phase 2: Compute new object addresses
[2026-04-03T03:10:24.524+0600][1103.151s][info][gc,phases      ] GC(158) Phase 2: Compute new object addresses 86.729ms
[2026-04-03T03:10:24.524+0600][1103.151s][info][gc,phases,start] GC(158) Phase 3: Adjust pointers
[2026-04-03T03:10:24.626+0600][1103.252s][info][gc,phases      ] GC(158) Phase 3: Adjust pointers 101.820ms
[2026-04-03T03:10:24.626+0600][1103.253s][info][gc,phases,start] GC(158) Phase 4: Move objects
[2026-04-03T03:10:24.722+0600][1103.349s][info][gc,phases      ] GC(158) Phase 4: Move objects 96.048ms
[2026-04-03T03:10:24.723+0600][1103.349s][info][gc,ergo        ] GC(158) Bad progress for free space: 70216B, need 5120K
[2026-04-03T03:10:24.723+0600][1103.349s][info][gc             ] GC(158) Pause Degenerated GC (Outside of Cycle) 490M->490M(500M) 8533.813ms
[2026-04-03T03:10:24.723+0600][1103.349s][info][gc,ergo        ] Free: 52120B, Max: 21448B regular, 0B humongous, Frag: 0% external, 99% internal; Reserve: 8448K, Max: 256K
[2026-04-03T03:10:24.723+0600][1103.349s][info][gc,stats       ] 
[2026-04-03T03:10:24.723+0600][1103.349s][info][gc,stats       ] All times are wall-clock times, except per-root-class counters, that are sum over
[2026-04-03T03:10:24.723+0600][1103.349s][info][gc,stats       ] all workers. Dividing the <total> over the root stage time estimates parallelism.
[2026-04-03T03:10:24.723+0600][1103.349s][info][gc,stats       ] 
[2026-04-03T03:10:24.723+0600][1103.349s][info][gc,stats       ] Pause Degenerated GC (G)        8534142 us
[2026-04-03T03:10:24.723+0600][1103.349s][info][gc,stats       ] Pause Degenerated GC (N)        8533830 us
[2026-04-03T03:10:24.723+0600][1103.349s][info][gc,stats       ]   Degen STW Mark                4380851 us, parallelism: 6.00x
[2026-04-03T03:10:24.723+0600][1103.349s][info][gc,stats       ]     DSM: <total>               26277992 us
[2026-04-03T03:10:24.723+0600][1103.349s][info][gc,stats       ]     DSM: Thread Roots               617 us, workers (us): 112, 110, 120,  95,  95,  85, 
[2026-04-03T03:10:24.723+0600][1103.350s][info][gc,stats       ]     DSM: VM Strong Roots             23 us, workers (us):   0,   4,   4,   4,   6,   5, 
[2026-04-03T03:10:24.723+0600][1103.350s][info][gc,stats       ]     DSM: CLDG Roots                 260 us, workers (us): 134,  28,  18,  29,  29,  22, 
[2026-04-03T03:10:24.723+0600][1103.349s][info][gc             ] Failed to allocate TLAB, 2656B
[2026-04-03T03:10:24.723+0600][1103.350s][info][gc             ] Cancelling GC: Allocation Failure
[2026-04-03T03:10:24.723+0600][1103.350s][info][gc,stats       ]     DSM: Parallel Mark         26277092 us, workers (us): 4379395, 4379497, 4379615, 4379489, 4379501, 4379595, 
[2026-04-03T03:10:24.723+0600][1103.350s][info][gc,stats       ]     System Purge                   2459 us
[2026-04-03T03:10:24.723+0600][1103.350s][info][gc,stats       ]       Weak References               428 us, parallelism: 1.05x
[2026-04-03T03:10:24.723+0600][1103.350s][info][gc,stats       ]         WRP: <total>                449 us
[2026-04-03T03:10:24.723+0600][1103.350s][info][gc,stats       ]         WRP: Weak References        449 us, workers (us): 240,  36,  20,   8, 144,   0, 
[2026-04-03T03:10:24.723+0600][1103.350s][info][gc,stats       ]       Unload Classes               1605 us, parallelism: 4.99x
[2026-04-03T03:10:24.723+0600][1103.350s][info][gc,stats       ]         DCU: <total>               8016 us
[2026-04-03T03:10:24.723+0600][1103.350s][info][gc,stats       ]         DCU: Unload Code Caches     8016 us, workers (us): 1398, 1335, 1335, 1330, 1328, 1289, 
[2026-04-03T03:10:24.723+0600][1103.350s][info][gc,stats       ]       Weak Roots                    384 us, parallelism: 1.44x
[2026-04-03T03:10:24.723+0600][1103.350s][info][gc,stats       ]         DWR: <total>                555 us
[2026-04-03T03:10:24.723+0600][1103.350s][info][gc,stats       ]         DWR: VM Weak Roots          555 us, workers (us): 154,  90,  90,  88,  83,  51, 
[2026-04-03T03:10:24.723+0600][1103.350s][info][gc,stats       ]       CLDG                            2 us
[2026-04-03T03:10:24.723+0600][1103.350s][info][gc,stats       ]   Update Region States               31 us
[2026-04-03T03:10:24.723+0600][1103.350s][info][gc,stats       ]   Manage GC/TLABs                     8 us
[2026-04-03T03:10:24.723+0600][1103.350s][info][gc,stats       ]   Choose Collection Set             195 us
[2026-04-03T03:10:24.723+0600][1103.350s][info][gc,stats       ]   Rebuild Free Set                   42 us
[2026-04-03T03:10:24.723+0600][1103.350s][info][gc,stats       ]   Evacuation                       3735 us
[2026-04-03T03:10:24.723+0600][1103.350s][info][gc,stats       ]   Pre Heap Dump                       1 us
[2026-04-03T03:10:24.723+0600][1103.350s][info][gc,stats       ]   Prepare                          2582 us
[2026-04-03T03:10:24.724+0600][1103.350s][info][gc,stats       ]     Update Roots                   1715 us, parallelism: 4.85x
[2026-04-03T03:10:24.724+0600][1103.350s][info][gc,stats       ]       FU: <total>                  8327 us
[2026-04-03T03:10:24.724+0600][1103.350s][info][gc,stats       ]       FU: Thread Roots              542 us, workers (us):   4, 182,  68,  21,  63, 204, 
[2026-04-03T03:10:24.724+0600][1103.350s][info][gc,stats       ]       FU: Code Cache Roots         6726 us, workers (us): 1329, 1002, 1087, 1180, 1136, 992, 
[2026-04-03T03:10:24.724+0600][1103.350s][info][gc,stats       ]       FU: VM Strong Roots            17 us, workers (us):  10,   4,   1,   1,   1,   1, 
[2026-04-03T03:10:24.724+0600][1103.350s][info][gc,stats       ]       FU: VM Weak Roots             649 us, workers (us): 167, 168,  98,  80,  79,  57, 
[2026-04-03T03:10:24.724+0600][1103.350s][info][gc,stats       ]       FU: CLDG Roots                393 us, workers (us): 102,  55,  92,  47,  50,  48, 
[2026-04-03T03:10:24.724+0600][1103.350s][info][gc,stats       ]   Mark                          3857871 us, parallelism: 5.99x
[2026-04-03T03:10:24.724+0600][1103.350s][info][gc,stats       ]     FM: <total>                23120613 us
[2026-04-03T03:10:24.724+0600][1103.350s][info][gc,stats       ]     FM: Thread Roots                625 us, workers (us): 192, 184,  98,  68,  42,  40, 
[2026-04-03T03:10:24.724+0600][1103.350s][info][gc,stats       ]     FM: VM Strong Roots              23 us, workers (us):   0,   4,   6,   4,   4,   5, 
[2026-04-03T03:10:24.724+0600][1103.350s][info][gc,stats       ]     FM: CLDG Roots                  272 us, workers (us): 143,  25,  19,  34,  26,  25, 
[2026-04-03T03:10:24.724+0600][1103.350s][info][gc,stats       ]     FM: Parallel Mark          23119693 us, workers (us): 3853026, 3853328, 3853382, 3853383, 3853324, 3853250, 
[2026-04-03T03:10:24.724+0600][1103.350s][info][gc,stats       ]     System Purge                   2859 us
[2026-04-03T03:10:24.724+0600][1103.350s][info][gc,stats       ]       Weak References               720 us, parallelism: 1.11x
[2026-04-03T03:10:24.724+0600][1103.350s][info][gc,stats       ]         WRP: <total>                800 us
[2026-04-03T03:10:24.724+0600][1103.350s][info][gc,stats       ]         WRP: Weak References        800 us, workers (us):  78, 373, 330,  19,   0,   0, 
[2026-04-03T03:10:24.724+0600][1103.350s][info][gc,stats       ]       Unload Classes               1602 us, parallelism: 5.03x
[2026-04-03T03:10:24.724+0600][1103.350s][info][gc,stats       ]         CU: <total>                8059 us
[2026-04-03T03:10:24.724+0600][1103.350s][info][gc,stats       ]         CU: Unload Code Caches     8059 us, workers (us): 1387, 1338, 1319, 1346, 1327, 1342, 
[2026-04-03T03:10:24.724+0600][1103.350s][info][gc,stats       ]       Weak Roots                    388 us, parallelism: 2.14x
[2026-04-03T03:10:24.724+0600][1103.350s][info][gc,stats       ]         WR: <total>                 832 us
[2026-04-03T03:10:24.724+0600][1103.350s][info][gc,stats       ]         WR: VM Weak Roots           832 us, workers (us): 179, 161, 130, 127, 127, 107, 
[2026-04-03T03:10:24.724+0600][1103.350s][info][gc,stats       ]       CLDG                            3 us
[2026-04-03T03:10:24.724+0600][1103.350s][info][gc,stats       ]   Calculate Addresses             86710 us
[2026-04-03T03:10:24.724+0600][1103.350s][info][gc,stats       ]     Regular Objects               86511 us
[2026-04-03T03:10:24.724+0600][1103.350s][info][gc,stats       ]     Humongous Objects                31 us
[2026-04-03T03:10:24.724+0600][1103.350s][info][gc,stats       ]   Adjust Pointers                101803 us
[2026-04-03T03:10:24.724+0600][1103.350s][info][gc,stats       ]     FA: <total>                    7353 us
[2026-04-03T03:10:24.724+0600][1103.350s][info][gc,stats       ]     FA: Thread Roots                448 us, workers (us): 187,   2,   4,  85,   2, 167, 
[2026-04-03T03:10:24.724+0600][1103.350s][info][gc,stats       ]     FA: Code Cache Roots           5734 us, workers (us): 816, 1028, 1032, 855, 1162, 840, 
[2026-04-03T03:10:24.724+0600][1103.350s][info][gc,stats       ]     FA: VM Strong Roots              22 us, workers (us):  14,   6,   1,   1,   1,   1, 
[2026-04-03T03:10:24.724+0600][1103.350s][info][gc,stats       ]     FA: VM Weak Roots               699 us, workers (us): 135, 135, 136, 117,  90,  86, 
[2026-04-03T03:10:24.724+0600][1103.350s][info][gc,stats       ]     FA: CLDG Roots                  450 us, workers (us):  34, 202,  45, 100,  34,  36, 
[2026-04-03T03:10:24.724+0600][1103.350s][info][gc,stats       ]   Copy Objects                    96028 us
[2026-04-03T03:10:24.724+0600][1103.350s][info][gc,stats       ]     Regular Objects               94963 us
[2026-04-03T03:10:24.724+0600][1103.350s][info][gc,stats       ]     Humongous Objects                24 us
[2026-04-03T03:10:24.724+0600][1103.350s][info][gc,stats       ]     Reset Complete Bitmap           794 us
[2026-04-03T03:10:24.724+0600][1103.350s][info][gc,stats       ]     Rebuild Region Sets             244 us
[2026-04-03T03:10:24.724+0600][1103.350s][info][gc,stats       ]   Post Heap Dump                      1 us
[2026-04-03T03:10:24.724+0600][1103.350s][info][gc,stats       ] 
[2026-04-03T03:10:24.724+0600][1103.350s][info][gc,stats       ] Allocation pacing accrued:
[2026-04-03T03:10:24.724+0600][1103.350s][info][gc,stats       ]       0 of  8538 ms (  0.0%): <total>
[2026-04-03T03:10:24.724+0600][1103.350s][info][gc,stats       ]       0 of  8538 ms (  0.0%): <average total>
[2026-04-03T03:10:24.724+0600][1103.350s][info][gc,stats       ] 
[2026-04-03T03:10:24.724+0600][1103.350s][info][gc,metaspace   ] Metaspace: 49801K(50240K)->49802K(50240K) NonClass: 43581K(43840K)->43583K(43840K) Class: 6219K(6400K)->6219K(6400K)
[2026-04-03T03:10:24.724+0600][1103.350s][info][gc,ergo        ] Pacer for Idle. Initial: 10240K, Alloc Tax Rate: 1.0x
[2026-04-03T03:10:24.725+0600][1103.351s][info][gc             ] Trigger: Handle Allocation Failure
[2026-04-03T03:10:24.725+0600][1103.351s][info][gc,ergo        ] Free: 0B, Max: 0B regular, 0B humongous, Frag: 0% external, 0% internal; Reserve: 8448K, Max: 256K
[2026-04-03T03:10:24.725+0600][1103.352s][info][gc,start       ] GC(159) Pause Degenerated GC (Outside of Cycle)
[2026-04-03T03:10:24.725+0600][1103.352s][info][gc,task        ] GC(159) Using 6 of 6 workers for stw degenerated gc
[2026-04-03T03:10:24.726+0600][1103.352s][info][gc,ref         ] GC(159) Clearing All SoftReferences
[2026-04-03T03:10:27.741+0600][1106.367s][info][gc,ref         ] GC(159) Encountered references: Soft: 2445, Weak: 2789, Final: 74, Phantom: 586
[2026-04-03T03:10:27.741+0600][1106.368s][info][gc,ref         ] GC(159) Discovered  references: Soft: 238, Weak: 1015, Final: 74, Phantom: 582
[2026-04-03T03:10:27.741+0600][1106.368s][info][gc,ref         ] GC(159) Enqueued    references: Soft: 0, Weak: 0, Final: 0, Phantom: 0
[2026-04-03T03:10:27.744+0600][1106.370s][info][gc,ergo        ] GC(159) Adaptive CSet Selection. Target Free: 72533K, Actual Free: 8448K, Max CSet: 21333K, Min Garbage: 64085K
[2026-04-03T03:10:27.744+0600][1106.370s][info][gc,ergo        ] GC(159) Collectable Garbage: 20832B (100%), Immediate: 0B (0%), CSet: 20832B (100%)
[2026-04-03T03:10:27.747+0600][1106.374s][info][gc             ] GC(159) Cancelling GC: Allocation Failure During Evacuation
[2026-04-03T03:10:27.749+0600][1106.375s][info][gc             ] GC(159) Cannot finish degeneration, upgrading to Full GC
[2026-04-03T03:10:27.753+0600][1106.379s][info][gc,phases,start] GC(159) Phase 1: Mark live objects
[2026-04-03T03:10:27.753+0600][1106.379s][info][gc,ref         ] GC(159) Clearing All SoftReferences
[2026-04-03T03:10:27.753+0600][1106.379s][info][gc,ref         ] GC(159) Clearing All SoftReferences
[2026-04-03T03:10:32.042+0600][1110.668s][info][gc,ref         ] GC(159) Encountered references: Soft: 2445, Weak: 2789, Final: 74, Phantom: 586
[2026-04-03T03:10:32.042+0600][1110.668s][info][gc,ref         ] GC(159) Discovered  references: Soft: 244, Weak: 1444, Final: 74, Phantom: 559
[2026-04-03T03:10:32.042+0600][1110.668s][info][gc,ref         ] GC(159) Enqueued    references: Soft: 0, Weak: 0, Final: 0, Phantom: 0
[2026-04-03T03:10:32.044+0600][1110.670s][info][gc,phases      ] GC(159) Phase 1: Mark live objects 4290.661ms
[2026-04-03T03:10:32.044+0600][1110.670s][info][gc,phases,start] GC(159) Phase 2: Compute new object addresses
[2026-04-03T03:10:32.129+0600][1110.756s][info][gc,phases      ] GC(159) Phase 2: Compute new object addresses 85.651ms
[2026-04-03T03:10:32.129+0600][1110.756s][info][gc,phases,start] GC(159) Phase 3: Adjust pointers
[2026-04-03T03:10:32.231+0600][1110.857s][info][gc,phases      ] GC(159) Phase 3: Adjust pointers 101.178ms
[2026-04-03T03:10:32.231+0600][1110.857s][info][gc,phases,start] GC(159) Phase 4: Move objects
[2026-04-03T03:10:32.326+0600][1110.952s][info][gc,phases      ] GC(159) Phase 4: Move objects 95.249ms
[2026-04-03T03:10:32.326+0600][1110.953s][info][gc,ergo        ] GC(159) Bad progress for free space: 55872B, need 5120K
[2026-04-03T03:10:32.326+0600][1110.953s][info][gc             ] GC(159) Pause Degenerated GC (Outside of Cycle) 490M->490M(500M) 7601.022ms
[2026-04-03T03:10:32.326+0600][1110.953s][info][gc,ergo        ] Free: 55872B, Max: 9384B regular, 0B humongous, Frag: 0% external, 99% internal; Reserve: 8448K, Max: 256K
[2026-04-03T03:10:32.326+0600][1110.953s][info][gc,stats       ] 
[2026-04-03T03:10:32.326+0600][1110.953s][info][gc,stats       ] All times are wall-clock times, except per-root-class counters, that are sum over
[2026-04-03T03:10:32.326+0600][1110.953s][info][gc,stats       ] all workers. Dividing the <total> over the root stage time estimates parallelism.
[2026-04-03T03:10:32.327+0600][1110.953s][info][gc,stats       ] 
[2026-04-03T03:10:32.327+0600][1110.953s][info][gc,stats       ] Pause Degenerated GC (G)        7601222 us
[2026-04-03T03:10:32.327+0600][1110.953s][info][gc,stats       ] Pause Degenerated GC (N)        7601036 us
[2026-04-03T03:10:32.327+0600][1110.953s][info][gc,stats       ]   Degen STW Mark                3015288 us, parallelism: 6.00x
[2026-04-03T03:10:32.327+0600][1110.953s][info][gc,stats       ]     DSM: <total>               18084425 us
[2026-04-03T03:10:32.327+0600][1110.953s][info][gc,stats       ]     DSM: Thread Roots               730 us, workers (us): 157, 150, 157,  96,  87,  82, 
[2026-04-03T03:10:32.327+0600][1110.953s][info][gc,stats       ]     DSM: VM Strong Roots             16 us, workers (us):   0,   1,  13,   0,   1,   0, 
[2026-04-03T03:10:32.327+0600][1110.953s][info][gc,stats       ]     DSM: CLDG Roots                 299 us, workers (us):  55,  31,   8, 143,  30,  32, 
[2026-04-03T03:10:32.327+0600][1110.953s][info][gc,stats       ]     DSM: Parallel Mark         18083381 us, workers (us): 3013309, 3013936, 3014183, 3014061, 3013989, 3013904, 
[2026-04-03T03:10:32.327+0600][1110.953s][info][gc,stats       ]     System Purge                   2632 us
[2026-04-03T03:10:32.327+0600][1110.953s][info][gc,stats       ]       Weak References               365 us, parallelism: 0.85x
[2026-04-03T03:10:32.327+0600][1110.953s][info][gc,stats       ]         WRP: <total>                311 us
[2026-04-03T03:10:32.327+0600][1110.953s][info][gc             ] Failed to allocate TLAB, 2656B
[2026-04-03T03:10:32.327+0600][1110.953s][info][gc             ] Cancelling GC: Allocation Failure
[2026-04-03T03:10:32.327+0600][1110.953s][info][gc,stats       ]         WRP: Weak References        311 us, workers (us): 190, 120,   0,   0,   0,   0, 
[2026-04-03T03:10:32.327+0600][1110.953s][info][gc,stats       ]       Unload Classes               1938 us, parallelism: 5.21x
[2026-04-03T03:10:32.327+0600][1110.953s][info][gc,stats       ]         DCU: <total>              10099 us
[2026-04-03T03:10:32.327+0600][1110.953s][info][gc,stats       ]         DCU: Unload Code Caches    10099 us, workers (us): 1718, 1749, 1712, 1681, 1617, 1622, 
[2026-04-03T03:10:32.327+0600][1110.953s][info][gc,stats       ]       Weak Roots                    229 us, parallelism: 2.62x
[2026-04-03T03:10:32.327+0600][1110.953s][info][gc,stats       ]         DWR: <total>                602 us
[2026-04-03T03:10:32.327+0600][1110.953s][info][gc,stats       ]         DWR: VM Weak Roots          602 us, workers (us): 177, 111,  99,  78,  75,  63, 
[2026-04-03T03:10:32.327+0600][1110.953s][info][gc,stats       ]       CLDG                            5 us
[2026-04-03T03:10:32.327+0600][1110.953s][info][gc,stats       ]   Update Region States               46 us
[2026-04-03T03:10:32.327+0600][1110.953s][info][gc,stats       ]   Manage GC/TLABs                    16 us
[2026-04-03T03:10:32.327+0600][1110.953s][info][gc,stats       ]   Choose Collection Set             328 us
[2026-04-03T03:10:32.327+0600][1110.953s][info][gc,stats       ]   Rebuild Free Set                   50 us
[2026-04-03T03:10:32.327+0600][1110.953s][info][gc,stats       ]   Evacuation                       4748 us
[2026-04-03T03:10:32.327+0600][1110.953s][info][gc,stats       ]   Pre Heap Dump                       2 us
[2026-04-03T03:10:32.327+0600][1110.953s][info][gc,stats       ]   Prepare                          3881 us
[2026-04-03T03:10:32.327+0600][1110.953s][info][gc,stats       ]     Update Roots                   2592 us, parallelism: 4.73x
[2026-04-03T03:10:32.327+0600][1110.953s][info][gc,stats       ]       FU: <total>                 12262 us
[2026-04-03T03:10:32.327+0600][1110.953s][info][gc,stats       ]       FU: Thread Roots              757 us, workers (us): 173,   5, 264,  85, 138,  92, 
[2026-04-03T03:10:32.327+0600][1110.953s][info][gc,stats       ]       FU: Code Cache Roots         9650 us, workers (us): 1558, 1970, 1460, 1577, 1468, 1617, 
[2026-04-03T03:10:32.327+0600][1110.953s][info][gc,stats       ]       FU: VM Strong Roots            23 us, workers (us):  18,   2,   1,   1,   1,   1, 
[2026-04-03T03:10:32.327+0600][1110.953s][info][gc,stats       ]       FU: VM Weak Roots             975 us, workers (us): 183, 178, 177, 146, 145, 145, 
[2026-04-03T03:10:32.327+0600][1110.953s][info][gc,stats       ]       FU: CLDG Roots                858 us, workers (us): 108, 109, 110, 176, 228, 128, 
[2026-04-03T03:10:32.327+0600][1110.953s][info][gc,stats       ]   Mark                          4290548 us, parallelism: 5.99x
[2026-04-03T03:10:32.327+0600][1110.953s][info][gc,stats       ]     FM: <total>                25721137 us
[2026-04-03T03:10:32.327+0600][1110.953s][info][gc,stats       ]     FM: Thread Roots                967 us, workers (us): 187, 174, 183, 142, 143, 139, 
[2026-04-03T03:10:32.327+0600][1110.953s][info][gc,stats       ]     FM: VM Strong Roots              33 us, workers (us):   1,   6,   6,   6,   6,   8, 
[2026-04-03T03:10:32.327+0600][1110.953s][info][gc,stats       ]     FM: CLDG Roots                  438 us, workers (us): 215,  46,  38,  46,  45,  48, 
[2026-04-03T03:10:32.327+0600][1110.953s][info][gc,stats       ]     FM: Parallel Mark          25719699 us, workers (us): 4286553, 4286730, 4286635, 4286507, 4286636, 4286638, 
[2026-04-03T03:10:32.327+0600][1110.953s][info][gc,stats       ]     System Purge                   2438 us
[2026-04-03T03:10:32.327+0600][1110.953s][info][gc,stats       ]       Weak References               551 us, parallelism: 0.92x
[2026-04-03T03:10:32.327+0600][1110.953s][info][gc,stats       ]         WRP: <total>                507 us
[2026-04-03T03:10:32.327+0600][1110.953s][info][gc,stats       ]         WRP: Weak References        507 us, workers (us):  37, 247, 178,  28,  17,   0, 
[2026-04-03T03:10:32.327+0600][1110.953s][info][gc,stats       ]       Unload Classes               1502 us, parallelism: 5.11x
[2026-04-03T03:10:32.327+0600][1110.953s][info][gc,stats       ]         CU: <total>                7676 us
[2026-04-03T03:10:32.327+0600][1110.953s][info][gc,stats       ]         CU: Unload Code Caches     7676 us, workers (us): 1291, 1284, 1281, 1274, 1307, 1240, 
[2026-04-03T03:10:32.327+0600][1110.953s][info][gc,stats       ]       Weak Roots                    358 us, parallelism: 1.93x
[2026-04-03T03:10:32.327+0600][1110.953s][info][gc,stats       ]         WR: <total>                 691 us
[2026-04-03T03:10:32.327+0600][1110.953s][info][gc,stats       ]         WR: VM Weak Roots           691 us, workers (us): 265, 122, 114,  73,  61,  56, 
[2026-04-03T03:10:32.327+0600][1110.953s][info][gc,stats       ]       CLDG                            3 us
[2026-04-03T03:10:32.327+0600][1110.953s][info][gc,stats       ]   Calculate Addresses             85634 us
[2026-04-03T03:10:32.327+0600][1110.953s][info][gc,stats       ]     Regular Objects               85254 us
[2026-04-03T03:10:32.327+0600][1110.953s][info][gc,stats       ]     Humongous Objects                29 us
[2026-04-03T03:10:32.327+0600][1110.953s][info][gc,stats       ]   Adjust Pointers                101167 us
[2026-04-03T03:10:32.327+0600][1110.953s][info][gc,stats       ]     FA: <total>                    7960 us
[2026-04-03T03:10:32.327+0600][1110.953s][info][gc,stats       ]     FA: Thread Roots                556 us, workers (us):   2, 175,   3, 185, 139,  52, 
[2026-04-03T03:10:32.327+0600][1110.953s][info][gc,stats       ]     FA: Code Cache Roots           6037 us, workers (us): 1157, 925, 1151, 917, 954, 933, 
[2026-04-03T03:10:32.327+0600][1110.953s][info][gc,stats       ]     FA: VM Strong Roots              25 us, workers (us):  14,   8,   1,   1,   1,   1, 
[2026-04-03T03:10:32.327+0600][1110.953s][info][gc,stats       ]     FA: VM Weak Roots               703 us, workers (us): 136, 139, 111, 112, 101, 103, 
[2026-04-03T03:10:32.327+0600][1110.953s][info][gc,stats       ]     FA: CLDG Roots                  640 us, workers (us): 158,  69,  83,  71,  75, 185, 
[2026-04-03T03:10:32.327+0600][1110.953s][info][gc,stats       ]   Copy Objects                    95234 us
[2026-04-03T03:10:32.327+0600][1110.953s][info][gc,stats       ]     Regular Objects               94327 us
[2026-04-03T03:10:32.327+0600][1110.954s][info][gc,stats       ]     Humongous Objects                22 us
[2026-04-03T03:10:32.327+0600][1110.954s][info][gc,stats       ]     Reset Complete Bitmap           663 us
[2026-04-03T03:10:32.327+0600][1110.954s][info][gc,stats       ]     Rebuild Region Sets             220 us
[2026-04-03T03:10:32.327+0600][1110.954s][info][gc,stats       ]   Post Heap Dump                      4 us
[2026-04-03T03:10:32.327+0600][1110.954s][info][gc,stats       ] 
[2026-04-03T03:10:32.327+0600][1110.954s][info][gc,stats       ] Allocation pacing accrued:
[2026-04-03T03:10:32.327+0600][1110.954s][info][gc,stats       ]       0 of  7603 ms (  0.0%): <total>
[2026-04-03T03:10:32.327+0600][1110.954s][info][gc,stats       ]       0 of  7603 ms (  0.0%): <average total>
[2026-04-03T03:10:32.327+0600][1110.954s][info][gc,stats       ] 
[2026-04-03T03:10:32.327+0600][1110.954s][info][gc,metaspace   ] Metaspace: 49802K(50240K)->49802K(50240K) NonClass: 43583K(43840K)->43583K(43840K) Class: 6219K(6400K)->6219K(6400K)
[2026-04-03T03:10:32.327+0600][1110.954s][info][gc,ergo        ] Pacer for Idle. Initial: 10240K, Alloc Tax Rate: 1.0x
[2026-04-03T03:10:32.328+0600][1110.955s][info][gc             ] Trigger: Handle Allocation Failure
[2026-04-03T03:10:32.328+0600][1110.955s][info][gc,ergo        ] Free: 0B, Max: 0B regular, 0B humongous, Frag: 0% external, 0% internal; Reserve: 8448K, Max: 256K
[2026-04-03T03:10:32.329+0600][1110.955s][info][gc,start       ] GC(160) Pause Degenerated GC (Outside of Cycle)
[2026-04-03T03:10:32.329+0600][1110.955s][info][gc,task        ] GC(160) Using 6 of 6 workers for stw degenerated gc
[2026-04-03T03:10:32.329+0600][1110.955s][info][gc,ref         ] GC(160) Clearing All SoftReferences
[2026-04-03T03:10:36.571+0600][1115.198s][info][gc,ref         ] GC(160) Encountered references: Soft: 2447, Weak: 2789, Final: 74, Phantom: 586
[2026-04-03T03:10:36.571+0600][1115.198s][info][gc,ref         ] GC(160) Discovered  references: Soft: 249, Weak: 1380, Final: 74, Phantom: 560
[2026-04-03T03:10:36.571+0600][1115.198s][info][gc,ref         ] GC(160) Enqueued    references: Soft: 1, Weak: 0, Final: 0, Phantom: 0
[2026-04-03T03:10:36.573+0600][1115.200s][info][gc,ergo        ] GC(160) Adaptive CSet Selection. Target Free: 72533K, Actual Free: 8448K, Max CSet: 21333K, Min Garbage: 64085K
[2026-04-03T03:10:36.574+0600][1115.200s][info][gc,ergo        ] GC(160) Collectable Garbage: 12568B (100%), Immediate: 0B (0%), CSet: 12568B (100%)
[2026-04-03T03:10:36.576+0600][1115.203s][info][gc             ] GC(160) Cancelling GC: Allocation Failure During Evacuation
[2026-04-03T03:10:36.578+0600][1115.204s][info][gc             ] GC(160) Cannot finish degeneration, upgrading to Full GC
[2026-04-03T03:10:36.581+0600][1115.207s][info][gc,phases,start] GC(160) Phase 1: Mark live objects
[2026-04-03T03:10:36.581+0600][1115.207s][info][gc,ref         ] GC(160) Clearing All SoftReferences
[2026-04-03T03:10:36.581+0600][1115.207s][info][gc,ref         ] GC(160) Clearing All SoftReferences
[2026-04-03T03:10:40.879+0600][1119.505s][info][gc,ref         ] GC(160) Encountered references: Soft: 2446, Weak: 2789, Final: 74, Phantom: 586
[2026-04-03T03:10:40.879+0600][1119.505s][info][gc,ref         ] GC(160) Discovered  references: Soft: 239, Weak: 1253, Final: 74, Phantom: 582
[2026-04-03T03:10:40.879+0600][1119.505s][info][gc,ref         ] GC(160) Enqueued    references: Soft: 0, Weak: 0, Final: 0, Phantom: 0
[2026-04-03T03:10:40.881+0600][1119.507s][info][gc,phases      ] GC(160) Phase 1: Mark live objects 4299.773ms
[2026-04-03T03:10:40.881+0600][1119.507s][info][gc,phases,start] GC(160) Phase 2: Compute new object addresses
[2026-04-03T03:10:40.965+0600][1119.591s][info][gc,phases      ] GC(160) Phase 2: Compute new object addresses 83.792ms
[2026-04-03T03:10:40.965+0600][1119.591s][info][gc,phases,start] GC(160) Phase 3: Adjust pointers
[2026-04-03T03:10:41.065+0600][1119.691s][info][gc,phases      ] GC(160) Phase 3: Adjust pointers 100.347ms
[2026-04-03T03:10:41.065+0600][1119.691s][info][gc,phases,start] GC(160) Phase 4: Move objects
[2026-04-03T03:10:41.160+0600][1119.786s][info][gc,phases      ] GC(160) Phase 4: Move objects 94.889ms
[2026-04-03T03:10:41.160+0600][1119.786s][info][gc,ergo        ] GC(160) Bad progress for free space: 50544B, need 5120K
[2026-04-03T03:10:41.160+0600][1119.787s][info][gc             ] GC(160) Pause Degenerated GC (Outside of Cycle) 490M->490M(500M) 8831.596ms
[2026-04-03T03:10:41.160+0600][1119.787s][info][gc,ergo        ] Free: 2272B, Max: 2152B regular, 0B humongous, Frag: 0% external, 99% internal; Reserve: 8448K, Max: 256K
[2026-04-03T03:10:41.160+0600][1119.787s][info][gc             ] Failed to allocate TLAB, 2656B
[2026-04-03T03:10:41.161+0600][1119.787s][info][gc             ] Cancelling GC: Allocation Failure
[2026-04-03T03:10:41.160+0600][1119.787s][info][gc,stats       ] 
[2026-04-03T03:10:41.161+0600][1119.787s][info][gc,stats       ] All times are wall-clock times, except per-root-class counters, that are sum over
[2026-04-03T03:10:41.161+0600][1119.787s][info][gc,stats       ] all workers. Dividing the <total> over the root stage time estimates parallelism.
[2026-04-03T03:10:41.161+0600][1119.787s][info][gc,stats       ] 
[2026-04-03T03:10:41.161+0600][1119.787s][info][gc,stats       ] Pause Degenerated GC (G)        8831870 us
[2026-04-03T03:10:41.161+0600][1119.787s][info][gc,stats       ] Pause Degenerated GC (N)        8831608 us
[2026-04-03T03:10:41.161+0600][1119.787s][info][gc,stats       ]   Degen STW Mark                4241885 us, parallelism: 6.00x
[2026-04-03T03:10:41.161+0600][1119.787s][info][gc,stats       ]     DSM: <total>               25444412 us
[2026-04-03T03:10:41.161+0600][1119.787s][info][gc,stats       ]     DSM: Thread Roots               753 us, workers (us): 127, 219,  95, 108,  96, 108, 
[2026-04-03T03:10:41.161+0600][1119.787s][info][gc,stats       ]     DSM: VM Strong Roots             19 us, workers (us):   0,   0,   4,   5,   4,   5, 
[2026-04-03T03:10:41.161+0600][1119.787s][info][gc,stats       ]     DSM: CLDG Roots                 238 us, workers (us): 140,   7,  31,  18,  29,  14, 
[2026-04-03T03:10:41.161+0600][1119.787s][info][gc,stats       ]     DSM: Parallel Mark         25443403 us, workers (us): 4240456, 4240595, 4240557, 4240561, 4240666, 4240569, 
[2026-04-03T03:10:41.161+0600][1119.787s][info][gc,stats       ]     System Purge                   2474 us
[2026-04-03T03:10:41.161+0600][1119.787s][info][gc,stats       ]       Weak References               504 us, parallelism: 0.91x
[2026-04-03T03:10:41.161+0600][1119.787s][info][gc,stats       ]         WRP: <total>                460 us
[2026-04-03T03:10:41.161+0600][1119.787s][info][gc,stats       ]         WRP: Weak References        460 us, workers (us): 106, 270,  35,  48,   1,   0, 
[2026-04-03T03:10:41.161+0600][1119.787s][info][gc,stats       ]       Unload Classes               1657 us, parallelism: 4.89x
[2026-04-03T03:10:41.161+0600][1119.787s][info][gc,stats       ]         DCU: <total>               8097 us
[2026-04-03T03:10:41.161+0600][1119.787s][info][gc,stats       ]         DCU: Unload Code Caches     8097 us, workers (us): 1415, 1330, 1371, 1337, 1340, 1305, 
[2026-04-03T03:10:41.161+0600][1119.787s][info][gc,stats       ]       Weak Roots                    298 us, parallelism: 1.81x
[2026-04-03T03:10:41.161+0600][1119.787s][info][gc,stats       ]         DWR: <total>                538 us
[2026-04-03T03:10:41.161+0600][1119.787s][info][gc,stats       ]         DWR: VM Weak Roots          538 us, workers (us): 162, 115,  88,  62,  63,  49, 
[2026-04-03T03:10:41.161+0600][1119.787s][info][gc,stats       ]       CLDG                            2 us
[2026-04-03T03:10:41.161+0600][1119.787s][info][gc,stats       ]   Update Region States               23 us
[2026-04-03T03:10:41.161+0600][1119.787s][info][gc,stats       ]   Manage GC/TLABs                     9 us
[2026-04-03T03:10:41.161+0600][1119.787s][info][gc,stats       ]   Choose Collection Set             204 us
[2026-04-03T03:10:41.161+0600][1119.787s][info][gc,stats       ]   Rebuild Free Set                   39 us
[2026-04-03T03:10:41.161+0600][1119.787s][info][gc,stats       ]   Evacuation                       4048 us
[2026-04-03T03:10:41.161+0600][1119.787s][info][gc,stats       ]   Pre Heap Dump                       2 us
[2026-04-03T03:10:41.161+0600][1119.787s][info][gc,stats       ]   Prepare                          2780 us
[2026-04-03T03:10:41.161+0600][1119.787s][info][gc,stats       ]     Update Roots                   1872 us, parallelism: 4.89x
[2026-04-03T03:10:41.161+0600][1119.787s][info][gc,stats       ]       FU: <total>                  9155 us
[2026-04-03T03:10:41.161+0600][1119.787s][info][gc,stats       ]       FU: Thread Roots              615 us, workers (us): 266,   3,  56,  86, 200,   4, 
[2026-04-03T03:10:41.161+0600][1119.787s][info][gc,stats       ]       FU: Code Cache Roots         7241 us, workers (us): 1009, 1375, 1228, 1110, 1086, 1431, 
[2026-04-03T03:10:41.161+0600][1119.787s][info][gc,stats       ]       FU: VM Strong Roots            14 us, workers (us):  11,   1,   0,   0,   1,   1, 
[2026-04-03T03:10:41.161+0600][1119.787s][info][gc,stats       ]       FU: VM Weak Roots             677 us, workers (us): 159, 141, 117, 112,  75,  73, 
[2026-04-03T03:10:41.161+0600][1119.787s][info][gc,stats       ]       FU: CLDG Roots                609 us, workers (us):  81, 139,  75, 164,  75,  74, 
[2026-04-03T03:10:41.161+0600][1119.787s][info][gc,stats       ]   Mark                          4299690 us, parallelism: 6.00x
[2026-04-03T03:10:41.161+0600][1119.787s][info][gc,stats       ]     FM: <total>                25777055 us
[2026-04-03T03:10:41.161+0600][1119.787s][info][gc,stats       ]     FM: Thread Roots                720 us, workers (us): 184, 148, 123, 124,  81,  61, 
[2026-04-03T03:10:41.161+0600][1119.787s][info][gc,stats       ]     FM: VM Strong Roots              21 us, workers (us):   0,   3,   5,   4,   4,   4, 
[2026-04-03T03:10:41.161+0600][1119.787s][info][gc,stats       ]     FM: CLDG Roots                  251 us, workers (us): 133,   8,  32,  15,  28,  35, 
[2026-04-03T03:10:41.161+0600][1119.787s][info][gc,stats       ]     FM: Parallel Mark          25776063 us, workers (us): 4295837, 4296101, 4296088, 4296014, 4296019, 4296004, 
[2026-04-03T03:10:41.161+0600][1119.787s][info][gc,stats       ]     System Purge                   2463 us
[2026-04-03T03:10:41.161+0600][1119.787s][info][gc,stats       ]       Weak References               508 us, parallelism: 1.15x
[2026-04-03T03:10:41.161+0600][1119.787s][info][gc,stats       ]         WRP: <total>                583 us
[2026-04-03T03:10:41.161+0600][1119.787s][info][gc,stats       ]         WRP: Weak References        583 us, workers (us): 287,  51, 243,   1,   1,   0, 
[2026-04-03T03:10:41.161+0600][1119.787s][info][gc,stats       ]       Unload Classes               1693 us, parallelism: 4.55x
[2026-04-03T03:10:41.161+0600][1119.787s][info][gc,stats       ]         CU: <total>                7710 us
[2026-04-03T03:10:41.161+0600][1119.787s][info][gc,stats       ]         CU: Unload Code Caches     7710 us, workers (us): 1336, 1334, 1316, 1240, 1237, 1246, 
[2026-04-03T03:10:41.161+0600][1119.787s][info][gc,stats       ]       Weak Roots                    230 us, parallelism: 3.32x
[2026-04-03T03:10:41.161+0600][1119.787s][info][gc,stats       ]         WR: <total>                 762 us
[2026-04-03T03:10:41.161+0600][1119.787s][info][gc,stats       ]         WR: VM Weak Roots           762 us, workers (us): 184, 175, 128, 125,  77,  73, 
[2026-04-03T03:10:41.161+0600][1119.787s][info][gc,stats       ]       CLDG                            2 us
[2026-04-03T03:10:41.161+0600][1119.787s][info][gc,stats       ]   Calculate Addresses             83783 us
[2026-04-03T03:10:41.161+0600][1119.787s][info][gc,stats       ]     Regular Objects               83669 us
[2026-04-03T03:10:41.161+0600][1119.787s][info][gc,stats       ]     Humongous Objects                30 us
[2026-04-03T03:10:41.161+0600][1119.787s][info][gc,stats       ]   Adjust Pointers                100335 us
[2026-04-03T03:10:41.161+0600][1119.787s][info][gc,stats       ]     FA: <total>                    7645 us
[2026-04-03T03:10:41.161+0600][1119.787s][info][gc,stats       ]     FA: Thread Roots                519 us, workers (us):  28,  31, 109, 171,   3, 177, 
[2026-04-03T03:10:41.161+0600][1119.787s][info][gc,stats       ]     FA: Code Cache Roots           5771 us, workers (us): 944, 1020, 955, 870, 1213, 770, 
[2026-04-03T03:10:41.161+0600][1119.787s][info][gc,stats       ]     FA: VM Strong Roots              19 us, workers (us):  15,   1,   0,   1,   1,   1, 
[2026-04-03T03:10:41.161+0600][1119.787s][info][gc,stats       ]     FA: VM Weak Roots               687 us, workers (us): 185, 135, 132,  80,  77,  78, 
[2026-04-03T03:10:41.161+0600][1119.787s][info][gc,stats       ]     FA: CLDG Roots                  649 us, workers (us): 152,  75,  76,  87,  78, 182, 
[2026-04-03T03:10:41.161+0600][1119.787s][info][gc,stats       ]   Copy Objects                    94876 us
[2026-04-03T03:10:41.161+0600][1119.787s][info][gc,stats       ]     Regular Objects               94028 us
[2026-04-03T03:10:41.161+0600][1119.787s][info][gc,stats       ]     Humongous Objects                19 us
[2026-04-03T03:10:41.161+0600][1119.787s][info][gc,stats       ]     Reset Complete Bitmap           668 us
[2026-04-03T03:10:41.161+0600][1119.787s][info][gc,stats       ]     Rebuild Region Sets             159 us
[2026-04-03T03:10:41.161+0600][1119.787s][info][gc,stats       ]   Post Heap Dump                      1 us
[2026-04-03T03:10:41.161+0600][1119.787s][info][gc,stats       ] 
[2026-04-03T03:10:41.161+0600][1119.787s][info][gc,stats       ] Allocation pacing accrued:
[2026-04-03T03:10:41.161+0600][1119.787s][info][gc,stats       ]       0 of  8834 ms (  0.0%): <total>
[2026-04-03T03:10:41.161+0600][1119.787s][info][gc,stats       ]       0 of  8834 ms (  0.0%): <average total>
[2026-04-03T03:10:41.161+0600][1119.787s][info][gc,stats       ] 
[2026-04-03T03:10:41.161+0600][1119.787s][info][gc,metaspace   ] Metaspace: 49802K(50240K)->49803K(50240K) NonClass: 43583K(43840K)->43583K(43840K) Class: 6219K(6400K)->6219K(6400K)
[2026-04-03T03:10:41.161+0600][1119.787s][info][gc,ergo        ] Pacer for Idle. Initial: 10240K, Alloc Tax Rate: 1.0x
[2026-04-03T03:10:41.162+0600][1119.788s][info][gc             ] Trigger: Handle Allocation Failure
[2026-04-03T03:10:41.162+0600][1119.788s][info][gc,ergo        ] Free: 0B, Max: 0B regular, 0B humongous, Frag: 0% external, 0% internal; Reserve: 8448K, Max: 256K
[2026-04-03T03:10:41.162+0600][1119.788s][info][gc,start       ] GC(161) Pause Degenerated GC (Outside of Cycle)
[2026-04-03T03:10:41.162+0600][1119.788s][info][gc,task        ] GC(161) Using 6 of 6 workers for stw degenerated gc
[2026-04-03T03:10:41.162+0600][1119.789s][info][gc,ref         ] GC(161) Clearing All SoftReferences
[2026-04-03T03:10:45.417+0600][1124.043s][info][gc,ref         ] GC(161) Encountered references: Soft: 2446, Weak: 2789, Final: 74, Phantom: 586
[2026-04-03T03:10:45.417+0600][1124.043s][info][gc,ref         ] GC(161) Discovered  references: Soft: 245, Weak: 1348, Final: 74, Phantom: 560
[2026-04-03T03:10:45.417+0600][1124.043s][info][gc,ref         ] GC(161) Enqueued    references: Soft: 1, Weak: 0, Final: 0, Phantom: 0
[2026-04-03T03:10:45.419+0600][1124.045s][info][gc,ergo        ] GC(161) Adaptive CSet Selection. Target Free: 72533K, Actual Free: 8448K, Max CSet: 21333K, Min Garbage: 64085K
[2026-04-03T03:10:45.419+0600][1124.046s][info][gc,ergo        ] GC(161) Collectable Garbage: 9984B (100%), Immediate: 0B (0%), CSet: 9984B (100%)
[2026-04-03T03:10:45.422+0600][1124.048s][info][gc             ] GC(161) Cancelling GC: Allocation Failure During Evacuation
[2026-04-03T03:10:45.424+0600][1124.050s][info][gc             ] GC(161) Cannot finish degeneration, upgrading to Full GC
[2026-04-03T03:10:45.427+0600][1124.053s][info][gc,phases,start] GC(161) Phase 1: Mark live objects
[2026-04-03T03:10:45.427+0600][1124.053s][info][gc,ref         ] GC(161) Clearing All SoftReferences
[2026-04-03T03:10:45.427+0600][1124.053s][info][gc,ref         ] GC(161) Clearing All SoftReferences
[2026-04-03T03:10:49.055+0600][1127.681s][info][gc,ref         ] GC(161) Encountered references: Soft: 2445, Weak: 2789, Final: 74, Phantom: 586
[2026-04-03T03:10:49.055+0600][1127.681s][info][gc,ref         ] GC(161) Discovered  references: Soft: 241, Weak: 1405, Final: 74, Phantom: 582
[2026-04-03T03:10:49.055+0600][1127.681s][info][gc,ref         ] GC(161) Enqueued    references: Soft: 0, Weak: 0, Final: 0, Phantom: 0
[2026-04-03T03:10:49.057+0600][1127.683s][info][gc,phases      ] GC(161) Phase 1: Mark live objects 3630.290ms
[2026-04-03T03:10:49.057+0600][1127.683s][info][gc,phases,start] GC(161) Phase 2: Compute new object addresses
[2026-04-03T03:10:49.141+0600][1127.767s][info][gc,phases      ] GC(161) Phase 2: Compute new object addresses 83.768ms
[2026-04-03T03:10:49.141+0600][1127.767s][info][gc,phases,start] GC(161) Phase 3: Adjust pointers
[2026-04-03T03:10:49.242+0600][1127.868s][info][gc,phases      ] GC(161) Phase 3: Adjust pointers 100.741ms
[2026-04-03T03:10:49.242+0600][1127.868s][info][gc,phases,start] GC(161) Phase 4: Move objects
[2026-04-03T03:10:49.337+0600][1127.963s][info][gc,phases      ] GC(161) Phase 4: Move objects 95.250ms
[2026-04-03T03:10:49.338+0600][1127.964s][info][gc,ergo        ] GC(161) Bad progress for free space: 302K, need 5120K
[2026-04-03T03:10:49.338+0600][1127.964s][info][gc             ] GC(161) Pause Degenerated GC (Outside of Cycle) 490M->490M(500M) 8175.405ms
[2026-04-03T03:10:49.338+0600][1127.964s][info][gc,ergo        ] Free: 302K, Max: 210K regular, 0B humongous, Frag: 0% external, 99% internal; Reserve: 8192K, Max: 256K
[2026-04-03T03:10:49.338+0600][1127.964s][info][gc,stats       ] 
[2026-04-03T03:10:49.338+0600][1127.964s][info][gc,stats       ] All times are wall-clock times, except per-root-class counters, that are sum over
[2026-04-03T03:10:49.338+0600][1127.964s][info][gc,stats       ] all workers. Dividing the <total> over the root stage time estimates parallelism.
[2026-04-03T03:10:49.338+0600][1127.964s][info][gc,stats       ] 
[2026-04-03T03:10:49.338+0600][1127.964s][info][gc,stats       ] Pause Degenerated GC (G)        8175524 us
[2026-04-03T03:10:49.338+0600][1127.964s][info][gc,stats       ] Pause Degenerated GC (N)        8175418 us
[2026-04-03T03:10:49.338+0600][1127.964s][info][gc,stats       ]   Degen STW Mark                4253931 us, parallelism: 6.00x
[2026-04-03T03:10:49.338+0600][1127.964s][info][gc,stats       ]     DSM: <total>               25517816 us
[2026-04-03T03:10:49.338+0600][1127.964s][info][gc,stats       ]     DSM: Thread Roots               594 us, workers (us): 120, 119, 127, 117,  56,  55, 
[2026-04-03T03:10:49.338+0600][1127.964s][info][gc,stats       ]     DSM: VM Strong Roots             17 us, workers (us):   4,   4,   2,   1,   5,   0, 
[2026-04-03T03:10:49.338+0600][1127.964s][info][gc,stats       ]     DSM: CLDG Roots                 230 us, workers (us):  20,  20,  10,  14,  24, 142, 
[2026-04-03T03:10:49.338+0600][1127.964s][info][gc,stats       ]     DSM: Parallel Mark         25516975 us, workers (us): 4252923, 4252830, 4252923, 4252766, 4252812, 4252721, 
[2026-04-03T03:10:49.338+0600][1127.964s][info][gc,stats       ]     System Purge                   2640 us
[2026-04-03T03:10:49.338+0600][1127.964s][info][gc,stats       ]       Weak References               776 us, parallelism: 0.45x
[2026-04-03T03:10:49.338+0600][1127.964s][info][gc,stats       ]         WRP: <total>                350 us
[2026-04-03T03:10:49.338+0600][1127.964s][info][gc,stats       ]         WRP: Weak References        350 us, workers (us): 165, 107,   6,  18,  24,  29, 
[2026-04-03T03:10:49.338+0600][1127.964s][info][gc,stats       ]       Unload Classes               1605 us, parallelism: 4.91x
[2026-04-03T03:10:49.338+0600][1127.964s][info][gc,stats       ]         DCU: <total>               7876 us
[2026-04-03T03:10:49.338+0600][1127.964s][info][gc,stats       ]         DCU: Unload Code Caches     7876 us, workers (us): 1389, 1306, 1302, 1294, 1292, 1292, 
[2026-04-03T03:10:49.338+0600][1127.964s][info][gc,stats       ]       Weak Roots                    220 us, parallelism: 2.43x
[2026-04-03T03:10:49.338+0600][1127.964s][info][gc,stats       ]         DWR: <total>                535 us
[2026-04-03T03:10:49.338+0600][1127.964s][info][gc,stats       ]         DWR: VM Weak Roots          535 us, workers (us): 155,  96,  95,  81,  54,  53, 
[2026-04-03T03:10:49.338+0600][1127.964s][info][gc,stats       ]       CLDG                           13 us
[2026-04-03T03:10:49.338+0600][1127.964s][info][gc,stats       ]   Update Region States               87 us
[2026-04-03T03:10:49.338+0600][1127.964s][info][gc,stats       ]   Manage GC/TLABs                     9 us
[2026-04-03T03:10:49.338+0600][1127.964s][info][gc,stats       ]   Choose Collection Set             177 us
[2026-04-03T03:10:49.338+0600][1127.964s][info][gc,stats       ]   Rebuild Free Set                   40 us
[2026-04-03T03:10:49.338+0600][1127.964s][info][gc,stats       ]   Evacuation                       3941 us
[2026-04-03T03:10:49.338+0600][1127.964s][info][gc,stats       ]   Pre Heap Dump                       2 us
[2026-04-03T03:10:49.338+0600][1127.964s][info][gc,stats       ]   Prepare                          3068 us
[2026-04-03T03:10:49.338+0600][1127.964s][info][gc,stats       ]     Update Roots                   2099 us, parallelism: 4.59x
[2026-04-03T03:10:49.338+0600][1127.964s][info][gc,stats       ]       FU: <total>                  9636 us
[2026-04-03T03:10:49.338+0600][1127.964s][info][gc,stats       ]       FU: Thread Roots              626 us, workers (us): 177,   3,  36,   5, 253, 152, 
[2026-04-03T03:10:49.338+0600][1127.964s][info][gc,stats       ]       FU: Code Cache Roots         7669 us, workers (us): 1127, 1328, 1341, 1566, 1109, 1197, 
[2026-04-03T03:10:49.338+0600][1127.964s][info][gc,stats       ]       FU: VM Strong Roots            16 us, workers (us):  12,   1,   0,   1,   1,   1, 
[2026-04-03T03:10:49.338+0600][1127.964s][info][gc,stats       ]       FU: VM Weak Roots             687 us, workers (us): 183, 162, 120,  91,  66,  65, 
[2026-04-03T03:10:49.338+0600][1127.964s][info][gc,stats       ]       FU: CLDG Roots                640 us, workers (us): 128, 187,  79,  79,  78,  88, 
[2026-04-03T03:10:49.338+0600][1127.964s][info][gc,stats       ]   Mark                          3630126 us, parallelism: 5.99x
[2026-04-03T03:10:49.338+0600][1127.964s][info][gc,stats       ]     FM: <total>                21758772 us
[2026-04-03T03:10:49.338+0600][1127.964s][info][gc,stats       ]     FM: Thread Roots                774 us, workers (us): 214, 136, 141, 104,  91,  88, 
[2026-04-03T03:10:49.338+0600][1127.964s][info][gc,stats       ]     FM: VM Strong Roots              29 us, workers (us):   0,   7,   5,   5,   6,   5, 
[2026-04-03T03:10:49.338+0600][1127.964s][info][gc,stats       ]     FM: CLDG Roots                  291 us, workers (us): 141,  38,  25,  20,  32,  35, 
[2026-04-03T03:10:49.338+0600][1127.964s][info][gc,stats       ]     FM: Parallel Mark          21757678 us, workers (us): 3626175, 3626239, 3626292, 3626219, 3626376, 3626377, 
[2026-04-03T03:10:49.338+0600][1127.964s][info][gc,stats       ]     System Purge                   2549 us
[2026-04-03T03:10:49.338+0600][1127.964s][info][gc,stats       ]       Weak References               474 us, parallelism: 1.09x
[2026-04-03T03:10:49.338+0600][1127.964s][info][gc,stats       ]         WRP: <total>                517 us
[2026-04-03T03:10:49.338+0600][1127.964s][info][gc,stats       ]         WRP: Weak References        517 us, workers (us): 296, 147,  74,   1,   0,   0, 
[2026-04-03T03:10:49.338+0600][1127.964s][info][gc,stats       ]       Unload Classes               1836 us, parallelism: 4.63x
[2026-04-03T03:10:49.338+0600][1127.964s][info][gc,stats       ]         CU: <total>                8503 us
[2026-04-03T03:10:49.338+0600][1127.965s][info][gc,stats       ]         CU: Unload Code Caches     8503 us, workers (us): 1448, 1466, 1437, 1392, 1380, 1381, 
[2026-04-03T03:10:49.338+0600][1127.965s][info][gc,stats       ]       Weak Roots                    222 us, parallelism: 3.45x
[2026-04-03T03:10:49.338+0600][1127.965s][info][gc,stats       ]         WR: <total>                 767 us
[2026-04-03T03:10:49.338+0600][1127.965s][info][gc,stats       ]         WR: VM Weak Roots           767 us, workers (us): 183, 172, 107, 108, 104,  94, 
[2026-04-03T03:10:49.338+0600][1127.965s][info][gc,stats       ]       CLDG                            3 us
[2026-04-03T03:10:49.338+0600][1127.965s][info][gc,stats       ]   Calculate Addresses             83755 us
[2026-04-03T03:10:49.338+0600][1127.965s][info][gc,stats       ]     Regular Objects               83642 us
[2026-04-03T03:10:49.338+0600][1127.965s][info][gc,stats       ]     Humongous Objects                31 us
[2026-04-03T03:10:49.338+0600][1127.965s][info][gc,stats       ]   Adjust Pointers                100728 us
[2026-04-03T03:10:49.338+0600][1127.965s][info][gc,stats       ]     FA: <total>                    7650 us
[2026-04-03T03:10:49.338+0600][1127.965s][info][gc,stats       ]     FA: Thread Roots                511 us, workers (us):   3, 140,  79,   3, 168, 118, 
[2026-04-03T03:10:49.338+0600][1127.965s][info][gc,stats       ]     FA: Code Cache Roots           6055 us, workers (us): 1267, 797, 968, 1224, 872, 927, 
[2026-04-03T03:10:49.338+0600][1127.965s][info][gc,stats       ]     FA: VM Strong Roots              19 us, workers (us):   8,   8,   1,   1,   1,   1, 
[2026-04-03T03:10:49.338+0600][1127.965s][info][gc,stats       ]     FA: VM Weak Roots               634 us, workers (us): 157, 156,  98,  97,  82,  45, 
[2026-04-03T03:10:49.338+0600][1127.965s][info][gc,stats       ]     FA: CLDG Roots                  431 us, workers (us):  36, 147,  35, 129,  47,  37, 
[2026-04-03T03:10:49.338+0600][1127.965s][info][gc,stats       ]   Copy Objects                    95236 us
[2026-04-03T03:10:49.338+0600][1127.965s][info][gc,stats       ]     Regular Objects               94180 us
[2026-04-03T03:10:49.338+0600][1127.965s][info][gc,stats       ]     Humongous Objects                31 us
[2026-04-03T03:10:49.338+0600][1127.965s][info][gc,stats       ]     Reset Complete Bitmap           843 us
[2026-04-03T03:10:49.338+0600][1127.965s][info][gc,stats       ]     Rebuild Region Sets             180 us
[2026-04-03T03:10:49.338+0600][1127.965s][info][gc,stats       ]   Post Heap Dump                      1 us
[2026-04-03T03:10:49.338+0600][1127.965s][info][gc,stats       ] 
[2026-04-03T03:10:49.338+0600][1127.965s][info][gc,stats       ] Allocation pacing accrued:
[2026-04-03T03:10:49.338+0600][1127.965s][info][gc,stats       ]       0 of  8177 ms (  0.0%): <total>
[2026-04-03T03:10:49.338+0600][1127.965s][info][gc,stats       ]       0 of  8177 ms (  0.0%): <average total>
[2026-04-03T03:10:49.338+0600][1127.965s][info][gc,stats       ] 
[2026-04-03T03:10:49.338+0600][1127.965s][info][gc,metaspace   ] Metaspace: 49804K(50240K)->49805K(50240K) NonClass: 43584K(43840K)->43585K(43840K) Class: 6219K(6400K)->6219K(6400K)
[2026-04-03T03:10:49.338+0600][1127.965s][info][gc,ergo        ] Pacer for Idle. Initial: 10240K, Alloc Tax Rate: 1.0x
[2026-04-03T03:10:49.339+0600][1127.965s][info][gc             ] Failed to allocate TLAB, 2656B
[2026-04-03T03:10:49.339+0600][1127.965s][info][gc             ] Cancelling GC: Allocation Failure
[2026-04-03T03:10:49.339+0600][1127.966s][info][gc             ] Trigger: Handle Allocation Failure
[2026-04-03T03:10:49.340+0600][1127.966s][info][gc,ergo        ] Free: 0B, Max: 0B regular, 0B humongous, Frag: 0% external, 0% internal; Reserve: 8192K, Max: 256K
[2026-04-03T03:10:49.340+0600][1127.966s][info][gc,start       ] GC(162) Pause Full
[2026-04-03T03:10:49.340+0600][1127.966s][info][gc,task        ] GC(162) Using 6 of 6 workers for full gc
[2026-04-03T03:10:49.340+0600][1127.966s][info][gc,phases,start] GC(162) Phase 1: Mark live objects
[2026-04-03T03:10:49.340+0600][1127.966s][info][gc,ref         ] GC(162) Clearing All SoftReferences
[2026-04-03T03:10:49.340+0600][1127.967s][info][gc,ref         ] GC(162) Clearing All SoftReferences
[2026-04-03T03:10:52.280+0600][1130.906s][info][gc,ref         ] GC(162) Encountered references: Soft: 2445, Weak: 2793, Final: 74, Phantom: 586
[2026-04-03T03:10:52.280+0600][1130.906s][info][gc,ref         ] GC(162) Discovered  references: Soft: 240, Weak: 890, Final: 74, Phantom: 582
[2026-04-03T03:10:52.280+0600][1130.906s][info][gc,ref         ] GC(162) Enqueued    references: Soft: 0, Weak: 2, Final: 0, Phantom: 0
[2026-04-03T03:10:52.281+0600][1130.908s][info][gc,phases      ] GC(162) Phase 1: Mark live objects 2941.339ms
[2026-04-03T03:10:52.303+0600][1130.929s][info][gc,phases,start] GC(162) Phase 2: Compute new object addresses
[2026-04-03T03:10:52.400+0600][1131.026s][info][gc,phases      ] GC(162) Phase 2: Compute new object addresses 96.850ms
[2026-04-03T03:10:52.400+0600][1131.026s][info][gc,phases,start] GC(162) Phase 3: Adjust pointers
[2026-04-03T03:10:52.499+0600][1131.126s][info][gc,phases      ] GC(162) Phase 3: Adjust pointers 99.276ms
[2026-04-03T03:10:52.499+0600][1131.126s][info][gc,phases,start] GC(162) Phase 4: Move objects
[2026-04-03T03:10:52.580+0600][1131.207s][info][gc,phases      ] GC(162) Phase 4: Move objects 81.085ms
[2026-04-03T03:10:52.581+0600][1131.207s][info][gc,ergo        ] GC(162) Bad progress for free space: 123K, need 5120K
[2026-04-03T03:10:52.581+0600][1131.207s][info][gc             ] GC(162) Pause Full 490M->490M(500M) 3240.907ms
[2026-04-03T03:10:52.581+0600][1131.207s][info][gc,ergo        ] Free: 106K, Max: 64680B regular, 0B humongous, Frag: 0% external, 99% internal; Reserve: 8192K, Max: 256K
[2026-04-03T03:10:52.581+0600][1131.207s][info][gc,stats       ] 
[2026-04-03T03:10:52.581+0600][1131.207s][info][gc,stats       ] All times are wall-clock times, except per-root-class counters, that are sum over
[2026-04-03T03:10:52.581+0600][1131.207s][info][gc,stats       ] all workers. Dividing the <total> over the root stage time estimates parallelism.
[2026-04-03T03:10:52.581+0600][1131.207s][info][gc,stats       ] 
[2026-04-03T03:10:52.581+0600][1131.207s][info][gc,stats       ] Pause Full GC (G)               3241238 us
[2026-04-03T03:10:52.581+0600][1131.207s][info][gc,stats       ] Pause Full GC (N)               3240922 us
[2026-04-03T03:10:52.581+0600][1131.207s][info][gc,stats       ]   Pre Heap Dump                       1 us
[2026-04-03T03:10:52.581+0600][1131.207s][info][gc,stats       ]   Prepare                           301 us
[2026-04-03T03:10:52.581+0600][1131.207s][info][gc,stats       ]   Mark                          2941304 us, parallelism: 5.99x
[2026-04-03T03:10:52.581+0600][1131.207s][info][gc,stats       ]     FM: <total>                17628340 us
[2026-04-03T03:10:52.581+0600][1131.207s][info][gc,stats       ]     FM: Thread Roots                660 us, workers (us): 111, 129, 104, 120,  97, 100, 
[2026-04-03T03:10:52.581+0600][1131.207s][info][gc,stats       ]     FM: VM Strong Roots              15 us, workers (us):   6,   0,   1,   0,   8,   0, 
[2026-04-03T03:10:52.581+0600][1131.207s][info][gc,stats       ]     FM: CLDG Roots                  212 us, workers (us):  17,   4,  27,   6,  17, 140, 
[2026-04-03T03:10:52.581+0600][1131.208s][info][gc,stats       ]     FM: Parallel Mark          17627452 us, workers (us): 2937745, 2937843, 2937980, 2938004, 2938009, 2937871, 
[2026-04-03T03:10:52.581+0600][1131.208s][info][gc,stats       ]     System Purge                   2088 us
[2026-04-03T03:10:52.581+0600][1131.208s][info][gc,stats       ]       Weak References               365 us, parallelism: 0.64x
[2026-04-03T03:10:52.581+0600][1131.208s][info][gc,stats       ]         WRP: <total>                234 us
[2026-04-03T03:10:52.581+0600][1131.208s][info][gc,stats       ]         WRP: Weak References        234 us, workers (us):  99,  59,  50,   4,  22,   0, 
[2026-04-03T03:10:52.581+0600][1131.208s][info][gc,stats       ]       Unload Classes               1500 us, parallelism: 4.84x
[2026-04-03T03:10:52.581+0600][1131.208s][info][gc             ] Failed to allocate TLAB, 3824B
[2026-04-03T03:10:52.581+0600][1131.208s][info][gc             ] Cancelling GC: Allocation Failure
[2026-04-03T03:10:52.581+0600][1131.208s][info][gc,stats       ]         CU: <total>                7265 us
[2026-04-03T03:10:52.581+0600][1131.208s][info][gc,stats       ]         CU: Unload Code Caches     7265 us, workers (us): 1245, 1208, 1216, 1174, 1223, 1199, 
[2026-04-03T03:10:52.581+0600][1131.208s][info][gc,stats       ]       Weak Roots                    206 us, parallelism: 2.54x
[2026-04-03T03:10:52.581+0600][1131.208s][info][gc,stats       ]         WR: <total>                 525 us
[2026-04-03T03:10:52.581+0600][1131.208s][info][gc,stats       ]         WR: VM Weak Roots           525 us, workers (us): 129, 128, 100,  65,  66,  39, 
[2026-04-03T03:10:52.581+0600][1131.208s][info][gc,stats       ]       CLDG                            3 us
[2026-04-03T03:10:52.581+0600][1131.208s][info][gc,stats       ]   Calculate Addresses             96756 us
[2026-04-03T03:10:52.581+0600][1131.208s][info][gc,stats       ]     Regular Objects               96612 us
[2026-04-03T03:10:52.581+0600][1131.208s][info][gc,stats       ]     Humongous Objects                62 us
[2026-04-03T03:10:52.581+0600][1131.208s][info][gc,stats       ]   Adjust Pointers                 99260 us
[2026-04-03T03:10:52.581+0600][1131.208s][info][gc,stats       ]     FA: <total>                    7594 us
[2026-04-03T03:10:52.581+0600][1131.208s][info][gc,stats       ]     FA: Thread Roots                511 us, workers (us):  64, 177,   2,   3,  99, 166, 
[2026-04-03T03:10:52.581+0600][1131.208s][info][gc,stats       ]     FA: Code Cache Roots           5823 us, workers (us): 967, 851, 1061, 1214, 866, 864, 
[2026-04-03T03:10:52.581+0600][1131.208s][info][gc,stats       ]     FA: VM Strong Roots              23 us, workers (us):  12,   9,   0,   1,   1,   1, 
[2026-04-03T03:10:52.581+0600][1131.208s][info][gc,stats       ]     FA: VM Weak Roots               653 us, workers (us): 160, 159, 121,  82,  82,  50, 
[2026-04-03T03:10:52.581+0600][1131.208s][info][gc,stats       ]     FA: CLDG Roots                  584 us, workers (us):  61,  62, 197,  77, 126,  60, 
[2026-04-03T03:10:52.581+0600][1131.208s][info][gc,stats       ]   Copy Objects                    81067 us
[2026-04-03T03:10:52.581+0600][1131.208s][info][gc,stats       ]     Regular Objects               79976 us
[2026-04-03T03:10:52.581+0600][1131.208s][info][gc,stats       ]     Humongous Objects                24 us
[2026-04-03T03:10:52.581+0600][1131.208s][info][gc,stats       ]     Reset Complete Bitmap           805 us
[2026-04-03T03:10:52.581+0600][1131.208s][info][gc,stats       ]     Rebuild Region Sets             260 us
[2026-04-03T03:10:52.581+0600][1131.208s][info][gc,stats       ]   Post Heap Dump                      1 us
[2026-04-03T03:10:52.581+0600][1131.208s][info][gc,stats       ] 
[2026-04-03T03:10:52.581+0600][1131.208s][info][gc,stats       ] Allocation pacing accrued:
[2026-04-03T03:10:52.582+0600][1131.208s][info][gc,stats       ]       0 of  3243 ms (  0.0%): <total>
[2026-04-03T03:10:52.582+0600][1131.208s][info][gc,stats       ]       0 of  3243 ms (  0.0%): <average total>
[2026-04-03T03:10:52.582+0600][1131.208s][info][gc,stats       ] 
[2026-04-03T03:10:52.582+0600][1131.208s][info][gc,metaspace   ] Metaspace: 49805K(50240K)->49807K(50240K) NonClass: 43585K(43840K)->43587K(43840K) Class: 6219K(6400K)->6219K(6400K)
[2026-04-03T03:10:52.582+0600][1131.208s][info][gc,ergo        ] Pacer for Idle. Initial: 10240K, Alloc Tax Rate: 1.0x
[2026-04-03T03:10:52.584+0600][1131.210s][info][gc             ] Trigger: Handle Allocation Failure
[2026-04-03T03:10:52.584+0600][1131.210s][info][gc,ergo        ] Free: 0B, Max: 0B regular, 0B humongous, Frag: 0% external, 0% internal; Reserve: 8192K, Max: 256K
[2026-04-03T03:10:52.584+0600][1131.210s][info][gc,start       ] GC(163) Pause Degenerated GC (Outside of Cycle)
[2026-04-03T03:10:52.584+0600][1131.210s][info][gc,task        ] GC(163) Using 6 of 6 workers for stw degenerated gc
[2026-04-03T03:10:52.584+0600][1131.211s][info][gc,ref         ] GC(163) Clearing All SoftReferences
[2026-04-03T03:10:56.782+0600][1135.409s][info][gc,ref         ] GC(163) Encountered references: Soft: 2447, Weak: 2789, Final: 74, Phantom: 586
[2026-04-03T03:10:56.782+0600][1135.409s][info][gc,ref         ] GC(163) Discovered  references: Soft: 240, Weak: 1155, Final: 74, Phantom: 582
[2026-04-03T03:10:56.782+0600][1135.409s][info][gc,ref         ] GC(163) Enqueued    references: Soft: 1, Weak: 0, Final: 0, Phantom: 0
[2026-04-03T03:10:56.785+0600][1135.411s][info][gc,ergo        ] GC(163) Adaptive CSet Selection. Target Free: 72533K, Actual Free: 8192K, Max CSet: 21333K, Min Garbage: 64341K
[2026-04-03T03:10:56.785+0600][1135.411s][info][gc,ergo        ] GC(163) Collectable Garbage: 30712B (100%), Immediate: 0B (0%), CSet: 30712B (100%)
[2026-04-03T03:10:56.787+0600][1135.414s][info][gc             ] GC(163) Cancelling GC: Allocation Failure During Evacuation
[2026-04-03T03:10:56.789+0600][1135.415s][info][gc             ] GC(163) Cannot finish degeneration, upgrading to Full GC
[2026-04-03T03:10:56.792+0600][1135.419s][info][gc,phases,start] GC(163) Phase 1: Mark live objects
[2026-04-03T03:10:56.792+0600][1135.419s][info][gc,ref         ] GC(163) Clearing All SoftReferences
[2026-04-03T03:10:56.792+0600][1135.419s][info][gc,ref         ] GC(163) Clearing All SoftReferences
[2026-04-03T03:11:00.874+0600][1139.500s][info][gc,ref         ] GC(163) Encountered references: Soft: 2446, Weak: 2789, Final: 74, Phantom: 586
[2026-04-03T03:11:00.874+0600][1139.500s][info][gc,ref         ] GC(163) Discovered  references: Soft: 237, Weak: 971, Final: 45, Phantom: 580
[2026-04-03T03:11:00.874+0600][1139.500s][info][gc,ref         ] GC(163) Enqueued    references: Soft: 0, Weak: 0, Final: 0, Phantom: 0
[2026-04-03T03:11:00.876+0600][1139.502s][info][gc,phases      ] GC(163) Phase 1: Mark live objects 4083.919ms
[2026-04-03T03:11:00.876+0600][1139.502s][info][gc,phases,start] GC(163) Phase 2: Compute new object addresses
[2026-04-03T03:11:00.963+0600][1139.589s][info][gc,phases      ] GC(163) Phase 2: Compute new object addresses 86.572ms
[2026-04-03T03:11:00.963+0600][1139.589s][info][gc,phases,start] GC(163) Phase 3: Adjust pointers
[2026-04-03T03:11:01.063+0600][1139.689s][info][gc,phases      ] GC(163) Phase 3: Adjust pointers 100.017ms
[2026-04-03T03:11:01.063+0600][1139.689s][info][gc,phases,start] GC(163) Phase 4: Move objects
[2026-04-03T03:11:01.144+0600][1139.770s][info][gc,phases      ] GC(163) Phase 4: Move objects 80.761ms
[2026-04-03T03:11:01.144+0600][1139.770s][info][gc,ergo        ] GC(163) Bad progress for free space: 66616B, need 5120K
[2026-04-03T03:11:01.144+0600][1139.770s][info][gc             ] GC(163) Pause Degenerated GC (Outside of Cycle) 490M->490M(500M) 8559.991ms
[2026-04-03T03:11:01.144+0600][1139.770s][info][gc,ergo        ] Free: 44072B, Max: 15744B regular, 0B humongous, Frag: 0% external, 99% internal; Reserve: 8192K, Max: 256K
[2026-04-03T03:11:01.144+0600][1139.771s][info][gc,stats       ] 
[2026-04-03T03:11:01.144+0600][1139.771s][info][gc,stats       ] All times are wall-clock times, except per-root-class counters, that are sum over
[2026-04-03T03:11:01.144+0600][1139.771s][info][gc,stats       ] all workers. Dividing the <total> over the root stage time estimates parallelism.
[2026-04-03T03:11:01.144+0600][1139.771s][info][gc,stats       ] 
[2026-04-03T03:11:01.144+0600][1139.771s][info][gc,stats       ] Pause Degenerated GC (G)        8560253 us
[2026-04-03T03:11:01.144+0600][1139.771s][info][gc,stats       ] Pause Degenerated GC (N)        8560002 us
[2026-04-03T03:11:01.144+0600][1139.771s][info][gc,stats       ]   Degen STW Mark                4197641 us, parallelism: 6.00x
[2026-04-03T03:11:01.144+0600][1139.771s][info][gc,stats       ]     DSM: <total>               25178233 us
[2026-04-03T03:11:01.144+0600][1139.771s][info][gc,stats       ]     DSM: Thread Roots               703 us, workers (us): 133, 112, 109, 124, 104, 120, 
[2026-04-03T03:11:01.144+0600][1139.771s][info][gc,stats       ]     DSM: VM Strong Roots             15 us, workers (us):   1,  13,   0,   0,   1,   1, 
[2026-04-03T03:11:01.144+0600][1139.771s][info][gc             ] Failed to allocate TLAB, 2656B
[2026-04-03T03:11:01.144+0600][1139.771s][info][gc             ] Cancelling GC: Allocation Failure
[2026-04-03T03:11:01.144+0600][1139.771s][info][gc,stats       ]     DSM: CLDG Roots                 246 us, workers (us):  33,   7, 150,   6,  33,  17, 
[2026-04-03T03:11:01.144+0600][1139.771s][info][gc,stats       ]     DSM: Parallel Mark         25177268 us, workers (us): 4196182, 4196303, 4196271, 4196189, 4196159, 4196164, 
[2026-04-03T03:11:01.144+0600][1139.771s][info][gc,stats       ]     System Purge                   2643 us
[2026-04-03T03:11:01.144+0600][1139.771s][info][gc,stats       ]       Weak References               675 us, parallelism: 0.66x
[2026-04-03T03:11:01.144+0600][1139.771s][info][gc,stats       ]         WRP: <total>                445 us
[2026-04-03T03:11:01.144+0600][1139.771s][info][gc,stats       ]         WRP: Weak References        445 us, workers (us):  43,  35,  19, 306,  43,   0, 
[2026-04-03T03:11:01.144+0600][1139.771s][info][gc,stats       ]       Unload Classes               1540 us, parallelism: 5.15x
[2026-04-03T03:11:01.144+0600][1139.771s][info][gc,stats       ]         DCU: <total>               7937 us
[2026-04-03T03:11:01.144+0600][1139.771s][info][gc,stats       ]         DCU: Unload Code Caches     7937 us, workers (us): 1348, 1336, 1320, 1325, 1302, 1306, 
[2026-04-03T03:11:01.144+0600][1139.771s][info][gc,stats       ]       Weak Roots                    385 us, parallelism: 1.79x
[2026-04-03T03:11:01.144+0600][1139.771s][info][gc,stats       ]         DWR: <total>                688 us
[2026-04-03T03:11:01.145+0600][1139.771s][info][gc,stats       ]         DWR: VM Weak Roots          688 us, workers (us): 186, 110, 112, 113, 105,  62, 
[2026-04-03T03:11:01.145+0600][1139.771s][info][gc,stats       ]       CLDG                            8 us
[2026-04-03T03:11:01.145+0600][1139.771s][info][gc,stats       ]   Update Region States               34 us
[2026-04-03T03:11:01.145+0600][1139.771s][info][gc,stats       ]   Manage GC/TLABs                    12 us
[2026-04-03T03:11:01.145+0600][1139.771s][info][gc,stats       ]   Choose Collection Set             249 us
[2026-04-03T03:11:01.145+0600][1139.771s][info][gc,stats       ]   Rebuild Free Set                   40 us
[2026-04-03T03:11:01.145+0600][1139.771s][info][gc,stats       ]   Evacuation                       3945 us
[2026-04-03T03:11:01.145+0600][1139.771s][info][gc,stats       ]   Pre Heap Dump                       2 us
[2026-04-03T03:11:01.145+0600][1139.771s][info][gc,stats       ]   Prepare                          3145 us
[2026-04-03T03:11:01.145+0600][1139.771s][info][gc,stats       ]     Update Roots                   2111 us, parallelism: 4.57x
[2026-04-03T03:11:01.145+0600][1139.771s][info][gc,stats       ]       FU: <total>                  9653 us
[2026-04-03T03:11:01.145+0600][1139.771s][info][gc,stats       ]       FU: Thread Roots              630 us, workers (us):   4,   4,  68, 195, 227, 132, 
[2026-04-03T03:11:01.145+0600][1139.771s][info][gc,stats       ]       FU: Code Cache Roots         7559 us, workers (us): 1417, 1557, 1253, 1125, 1020, 1188, 
[2026-04-03T03:11:01.145+0600][1139.771s][info][gc,stats       ]       FU: VM Strong Roots            18 us, workers (us):  12,   1,   0,   2,   2,   1, 
[2026-04-03T03:11:01.145+0600][1139.771s][info][gc,stats       ]       FU: VM Weak Roots             773 us, workers (us): 175, 161, 130, 122, 105,  81, 
[2026-04-03T03:11:01.145+0600][1139.771s][info][gc,stats       ]       FU: CLDG Roots                673 us, workers (us):  88, 151,  88,  89, 164,  94, 
[2026-04-03T03:11:01.145+0600][1139.771s][info][gc,stats       ]   Mark                          4083815 us, parallelism: 5.99x
[2026-04-03T03:11:01.145+0600][1139.771s][info][gc,stats       ]     FM: <total>                24481538 us
[2026-04-03T03:11:01.145+0600][1139.771s][info][gc,stats       ]     FM: Thread Roots                822 us, workers (us): 187, 176, 144, 116, 108,  90, 
[2026-04-03T03:11:01.145+0600][1139.771s][info][gc,stats       ]     FM: VM Strong Roots              18 us, workers (us):   1,  16,   0,   0,   0,   0, 
[2026-04-03T03:11:01.145+0600][1139.771s][info][gc,stats       ]     FM: CLDG Roots                  322 us, workers (us):  41,   8, 196,  21,  20,  36, 
[2026-04-03T03:11:01.145+0600][1139.771s][info][gc,stats       ]     FM: Parallel Mark          24480377 us, workers (us): 4080066, 4080151, 4079899, 4080143, 4080063, 4080055, 
[2026-04-03T03:11:01.145+0600][1139.771s][info][gc,stats       ]     System Purge                   2453 us
[2026-04-03T03:11:01.145+0600][1139.771s][info][gc,stats       ]       Weak References               520 us, parallelism: 0.75x
[2026-04-03T03:11:01.145+0600][1139.771s][info][gc,stats       ]         WRP: <total>                392 us
[2026-04-03T03:11:01.145+0600][1139.771s][info][gc,stats       ]         WRP: Weak References        392 us, workers (us):  39,  88, 242,  23,   0,   0, 
[2026-04-03T03:11:01.145+0600][1139.771s][info][gc,stats       ]       Unload Classes               1580 us, parallelism: 5.02x
[2026-04-03T03:11:01.145+0600][1139.771s][info][gc,stats       ]         CU: <total>                7934 us
[2026-04-03T03:11:01.145+0600][1139.771s][info][gc,stats       ]         CU: Unload Code Caches     7934 us, workers (us): 1357, 1331, 1323, 1352, 1336, 1234, 
[2026-04-03T03:11:01.145+0600][1139.771s][info][gc,stats       ]       Weak Roots                    302 us, parallelism: 2.84x
[2026-04-03T03:11:01.145+0600][1139.771s][info][gc,stats       ]         WR: <total>                 857 us
[2026-04-03T03:11:01.145+0600][1139.771s][info][gc,stats       ]         WR: VM Weak Roots           857 us, workers (us): 208, 165, 133, 134, 127,  91, 
[2026-04-03T03:11:01.145+0600][1139.771s][info][gc,stats       ]       CLDG                           12 us
[2026-04-03T03:11:01.145+0600][1139.771s][info][gc,stats       ]   Calculate Addresses             86555 us
[2026-04-03T03:11:01.145+0600][1139.771s][info][gc,stats       ]     Regular Objects               86343 us
[2026-04-03T03:11:01.145+0600][1139.771s][info][gc,stats       ]     Humongous Objects                48 us
[2026-04-03T03:11:01.145+0600][1139.771s][info][gc,stats       ]   Adjust Pointers                100002 us
[2026-04-03T03:11:01.145+0600][1139.771s][info][gc,stats       ]     FA: <total>                    7508 us
[2026-04-03T03:11:01.145+0600][1139.771s][info][gc,stats       ]     FA: Thread Roots                589 us, workers (us):   3, 114, 171,  78, 168,  54, 
[2026-04-03T03:11:01.145+0600][1139.771s][info][gc,stats       ]     FA: Code Cache Roots           5791 us, workers (us): 1152, 899, 867, 971, 905, 997, 
[2026-04-03T03:11:01.145+0600][1139.771s][info][gc,stats       ]     FA: VM Strong Roots              20 us, workers (us):   9,   9,   1,   1,   1,   1, 
[2026-04-03T03:11:01.145+0600][1139.771s][info][gc,stats       ]     FA: VM Weak Roots               602 us, workers (us): 147, 147, 114,  64,  65,  65, 
[2026-04-03T03:11:01.145+0600][1139.771s][info][gc,stats       ]     FA: CLDG Roots                  506 us, workers (us): 152, 116,  67,  57,  55,  58, 
[2026-04-03T03:11:01.145+0600][1139.771s][info][gc,stats       ]   Copy Objects                    80748 us
[2026-04-03T03:11:01.145+0600][1139.771s][info][gc,stats       ]     Regular Objects               79723 us
[2026-04-03T03:11:01.145+0600][1139.771s][info][gc,stats       ]     Humongous Objects                24 us
[2026-04-03T03:11:01.145+0600][1139.771s][info][gc,stats       ]     Reset Complete Bitmap           738 us
[2026-04-03T03:11:01.145+0600][1139.771s][info][gc,stats       ]     Rebuild Region Sets             262 us
[2026-04-03T03:11:01.145+0600][1139.771s][info][gc,stats       ]   Post Heap Dump                      2 us
[2026-04-03T03:11:01.145+0600][1139.771s][info][gc,stats       ] 
[2026-04-03T03:11:01.145+0600][1139.771s][info][gc,stats       ] Allocation pacing accrued:
[2026-04-03T03:11:01.145+0600][1139.771s][info][gc,stats       ]       0 of  8563 ms (  0.0%): <total>
