[2026-04-03T03:31:11.169+0600][0.005s][info][gc] Heuristics ergonomically sets -XX:+ExplicitGCInvokesConcurrent
[2026-04-03T03:31:11.169+0600][0.005s][info][gc] Heuristics ergonomically sets -XX:+ShenandoahImplicitGCInvokesConcurrent
[2026-04-03T03:31:11.169+0600][0.006s][info][gc] Using Shenandoah
[2026-04-03T03:31:11.170+0600][0.007s][info][gc,ergo] Pacer for Idle. Initial: 30720K, Alloc Tax Rate: 1.0x
[2026-04-03T03:31:11.170+0600][0.007s][info][gc,init] Version: 21.0.10+7-Ubuntu-124.04 (release)
[2026-04-03T03:31:11.170+0600][0.007s][info][gc,init] CPUs: 12 total, 12 available
[2026-04-03T03:31:11.170+0600][0.007s][info][gc,init] Memory: 15683M
[2026-04-03T03:31:11.171+0600][0.007s][info][gc,init] Large Page Support: Disabled
[2026-04-03T03:31:11.171+0600][0.007s][info][gc,init] NUMA Support: Disabled
[2026-04-03T03:31:11.171+0600][0.007s][info][gc,init] Compressed Oops: Enabled (32-bit)
[2026-04-03T03:31:11.171+0600][0.007s][info][gc,init] Heap Min Capacity: 6656K
[2026-04-03T03:31:11.171+0600][0.007s][info][gc,init] Heap Initial Capacity: 251392K
[2026-04-03T03:31:11.171+0600][0.007s][info][gc,init] Heap Max Capacity: 1500M
[2026-04-03T03:31:11.171+0600][0.007s][info][gc,init] Pre-touch: Disabled
[2026-04-03T03:31:11.171+0600][0.007s][info][gc,init] Mode: Snapshot-At-The-Beginning (SATB)
[2026-04-03T03:31:11.171+0600][0.007s][info][gc,init] Heuristics: Adaptive
[2026-04-03T03:31:11.171+0600][0.007s][info][gc,init] Heap Region Count: 3000
[2026-04-03T03:31:11.171+0600][0.007s][info][gc,init] Heap Region Size: 512K
[2026-04-03T03:31:11.171+0600][0.007s][info][gc,init] TLAB Size Max: 512K
[2026-04-03T03:31:11.171+0600][0.007s][info][gc,init] Humongous Object Threshold: 512K
[2026-04-03T03:31:11.171+0600][0.007s][info][gc,init] Parallel Workers: 6
[2026-04-03T03:31:11.171+0600][0.007s][info][gc,init] Concurrent Workers: 3
[2026-04-03T03:31:11.181+0600][0.018s][info][gc,metaspace] CDS archive(s) mapped at: [0x000072decb000000-0x000072decbc9c000-0x000072decbc9c000), size 13221888, SharedBaseAddress: 0x000072decb000000, ArchiveRelocationMode: 1.
[2026-04-03T03:31:11.181+0600][0.018s][info][gc,metaspace] Compressed class space mapped at: 0x000072decc000000-0x000072df0c000000, reserved size: 1073741824
[2026-04-03T03:31:11.182+0600][0.018s][info][gc,metaspace] Narrow klass base: 0x000072decb000000, Narrow klass shift: 0, Narrow klass range: 0x100000000
[2026-04-03T03:31:15.345+0600][4.182s][info][gc          ] Trigger: Metadata GC Threshold
[2026-04-03T03:31:15.345+0600][4.182s][info][gc,ergo     ] Free: 1059M, Max: 512K regular, 1059M humongous, Frag: 0% external, 0% internal; Reserve: 76800K, Max: 512K
[2026-04-03T03:31:15.345+0600][4.182s][info][gc,start    ] GC(0) Concurrent reset
[2026-04-03T03:31:15.346+0600][4.182s][info][gc,task     ] GC(0) Using 3 of 6 workers for concurrent reset
[2026-04-03T03:31:15.346+0600][4.182s][info][gc,ergo     ] GC(0) Pacer for Reset. Non-Taxable: 1500M
[2026-04-03T03:31:15.346+0600][4.183s][info][gc          ] GC(0) Concurrent reset 0.777ms
[2026-04-03T03:31:15.346+0600][4.183s][info][gc,start    ] GC(0) Pause Init Mark (unload classes)
[2026-04-03T03:31:15.347+0600][4.184s][info][gc,task     ] GC(0) Using 6 of 6 workers for init marking
[2026-04-03T03:31:15.347+0600][4.184s][info][gc,ergo     ] GC(0) Pacer for Mark. Expected Live: 150M, Free: 1058M, Non-Taxable: 105M, Alloc Tax Rate: 0.2x
[2026-04-03T03:31:15.347+0600][4.184s][info][gc          ] GC(0) Pause Init Mark (unload classes) 0.635ms
[2026-04-03T03:31:15.347+0600][4.184s][info][gc,start    ] GC(0) Concurrent marking roots
[2026-04-03T03:31:15.347+0600][4.184s][info][gc,task     ] GC(0) Using 3 of 6 workers for concurrent marking roots
[2026-04-03T03:31:15.350+0600][4.186s][info][gc          ] GC(0) Concurrent marking roots 2.693ms
[2026-04-03T03:31:15.350+0600][4.186s][info][gc,start    ] GC(0) Concurrent marking (unload classes)
[2026-04-03T03:31:15.350+0600][4.186s][info][gc,task     ] GC(0) Using 3 of 6 workers for concurrent marking
[2026-04-03T03:31:15.359+0600][4.195s][info][gc          ] GC(0) Concurrent marking (unload classes) 8.824ms
[2026-04-03T03:31:15.359+0600][4.195s][info][gc,start    ] GC(0) Pause Final Mark (unload classes)
[2026-04-03T03:31:15.359+0600][4.195s][info][gc,task     ] GC(0) Using 6 of 6 workers for final marking
[2026-04-03T03:31:15.359+0600][4.196s][info][gc,ergo     ] GC(0) Adaptive CSet Selection. Target Free: 212M, Actual Free: 1133M, Max CSet: 64000K, Min Garbage: 0B
[2026-04-03T03:31:15.359+0600][4.196s][info][gc,ergo     ] GC(0) Collectable Garbage: 346M (99%), Immediate: 0B (0%), CSet: 346M (99%)
[2026-04-03T03:31:15.359+0600][4.196s][info][gc,ergo     ] GC(0) Pacer for Evacuation. Used CSet: 358M, Free: 1058M, Non-Taxable: 105M, Alloc Tax Rate: 1.1x
[2026-04-03T03:31:15.359+0600][4.196s][info][gc          ] GC(0) Pause Final Mark (unload classes) 0.471ms
[2026-04-03T03:31:15.359+0600][4.196s][info][gc,start    ] GC(0) Concurrent thread roots
[2026-04-03T03:31:15.359+0600][4.196s][info][gc,task     ] GC(0) Using 3 of 6 workers for Concurrent thread roots
[2026-04-03T03:31:15.360+0600][4.197s][info][gc          ] GC(0) Concurrent thread roots 0.741ms
[2026-04-03T03:31:15.360+0600][4.197s][info][gc,start    ] GC(0) Concurrent weak references
[2026-04-03T03:31:15.360+0600][4.197s][info][gc,task     ] GC(0) Using 3 of 6 workers for concurrent weak references
[2026-04-03T03:31:15.361+0600][4.197s][info][gc,ref      ] GC(0) Encountered references: Soft: 3498, Weak: 1457, Final: 0, Phantom: 563
[2026-04-03T03:31:15.361+0600][4.197s][info][gc,ref      ] GC(0) Discovered  references: Soft: 0, Weak: 579, Final: 0, Phantom: 559
[2026-04-03T03:31:15.361+0600][4.197s][info][gc,ref      ] GC(0) Enqueued    references: Soft: 0, Weak: 452, Final: 0, Phantom: 0
[2026-04-03T03:31:15.361+0600][4.197s][info][gc          ] GC(0) Concurrent weak references 0.461ms
[2026-04-03T03:31:15.361+0600][4.197s][info][gc,start    ] GC(0) Concurrent weak roots
[2026-04-03T03:31:15.361+0600][4.197s][info][gc,task     ] GC(0) Using 3 of 6 workers for concurrent weak root
[2026-04-03T03:31:15.362+0600][4.198s][info][gc          ] GC(0) Concurrent weak roots 0.986ms
[2026-04-03T03:31:15.362+0600][4.198s][info][gc,start    ] GC(0) Concurrent cleanup
[2026-04-03T03:31:15.362+0600][4.199s][info][gc          ] GC(0) Concurrent cleanup 366M->367M(369M) 0.429ms
[2026-04-03T03:31:15.362+0600][4.199s][info][gc,ergo     ] GC(0) Free: 1057M, Max: 512K regular, 1057M humongous, Frag: 0% external, 0% internal; Reserve: 75264K, Max: 512K
[2026-04-03T03:31:15.362+0600][4.199s][info][gc,start    ] GC(0) Concurrent class unloading
[2026-04-03T03:31:15.362+0600][4.199s][info][gc,task     ] GC(0) Using 3 of 6 workers for concurrent class unloading
[2026-04-03T03:31:15.365+0600][4.201s][info][gc          ] GC(0) Concurrent class unloading 2.477ms
[2026-04-03T03:31:15.365+0600][4.201s][info][gc,start    ] GC(0) Concurrent strong roots
[2026-04-03T03:31:15.365+0600][4.201s][info][gc,task     ] GC(0) Using 3 of 6 workers for concurrent strong root
[2026-04-03T03:31:15.366+0600][4.202s][info][gc          ] GC(0) Concurrent strong roots 0.988ms
[2026-04-03T03:31:15.366+0600][4.202s][info][gc,start    ] GC(0) Concurrent evacuation
[2026-04-03T03:31:15.366+0600][4.202s][info][gc,task     ] GC(0) Using 3 of 6 workers for concurrent evacuation
[2026-04-03T03:31:15.374+0600][4.211s][info][gc          ] GC(0) Concurrent evacuation 8.287ms
[2026-04-03T03:31:15.374+0600][4.211s][info][gc,start    ] GC(0) Pause Init Update Refs
[2026-04-03T03:31:15.374+0600][4.211s][info][gc,ergo     ] GC(0) Pacer for Update Refs. Used: 379M, Free: 1057M, Non-Taxable: 105M, Alloc Tax Rate: 1.1x
[2026-04-03T03:31:15.374+0600][4.211s][info][gc          ] GC(0) Pause Init Update Refs 0.077ms
[2026-04-03T03:31:15.374+0600][4.211s][info][gc,start    ] GC(0) Concurrent update references
[2026-04-03T03:31:15.374+0600][4.211s][info][gc,task     ] GC(0) Using 3 of 6 workers for concurrent reference update
[2026-04-03T03:31:15.378+0600][4.215s][info][gc          ] GC(0) Concurrent update references 3.747ms
[2026-04-03T03:31:15.378+0600][4.215s][info][gc,start    ] GC(0) Concurrent update thread roots
[2026-04-03T03:31:15.379+0600][4.215s][info][gc          ] GC(0) Concurrent update thread roots 0.561ms
[2026-04-03T03:31:15.379+0600][4.216s][info][gc,start    ] GC(0) Pause Final Update Refs
[2026-04-03T03:31:15.379+0600][4.216s][info][gc,task     ] GC(0) Using 6 of 6 workers for final reference update
[2026-04-03T03:31:15.379+0600][4.216s][info][gc          ] GC(0) Pause Final Update Refs 0.171ms
[2026-04-03T03:31:15.379+0600][4.216s][info][gc,start    ] GC(0) Concurrent cleanup
[2026-04-03T03:31:15.380+0600][4.216s][info][gc          ] GC(0) Concurrent cleanup 379M->21M(381M) 0.528ms
[2026-04-03T03:31:15.380+0600][4.216s][info][gc,ergo     ] Free: 1402M, Max: 512K regular, 1044M humongous, Frag: 26% external, 0% internal; Reserve: 76800K, Max: 512K
[2026-04-03T03:31:15.380+0600][4.216s][info][gc,stats    ] 
[2026-04-03T03:31:15.380+0600][4.216s][info][gc,stats    ] All times are wall-clock times, except per-root-class counters, that are sum over
[2026-04-03T03:31:15.380+0600][4.216s][info][gc,stats    ] all workers. Dividing the <total> over the root stage time estimates parallelism.
[2026-04-03T03:31:15.380+0600][4.216s][info][gc,stats    ] 
[2026-04-03T03:31:15.380+0600][4.216s][info][gc,stats    ] Concurrent Reset                    807 us
[2026-04-03T03:31:15.380+0600][4.216s][info][gc,stats    ] Pause Init Mark (G)                 947 us
[2026-04-03T03:31:15.380+0600][4.216s][info][gc,stats    ] Pause Init Mark (N)                 651 us
[2026-04-03T03:31:15.380+0600][4.216s][info][gc,stats    ]   Update Region States               20 us
[2026-04-03T03:31:15.380+0600][4.216s][info][gc,stats    ] Concurrent Mark Roots              2759 us, parallelism: 1.40x
[2026-04-03T03:31:15.380+0600][4.216s][info][gc,stats    ]   CMR: <total>                     3871 us
[2026-04-03T03:31:15.380+0600][4.216s][info][gc,stats    ]   CMR: Thread Roots                2697 us, workers (us): 2358, 339,   0, ---, ---, ---, 
[2026-04-03T03:31:15.380+0600][4.216s][info][gc,stats    ]   CMR: VM Strong Roots              381 us, workers (us): 152, 224,   5, ---, ---, ---, 
[2026-04-03T03:31:15.380+0600][4.216s][info][gc,stats    ]   CMR: CLDG Roots                   793 us, workers (us): ---, ---, 793, ---, ---, ---, 
[2026-04-03T03:31:15.380+0600][4.216s][info][gc,stats    ] Concurrent Marking                 8899 us
[2026-04-03T03:31:15.380+0600][4.216s][info][gc,stats    ] Pause Final Mark (G)                751 us
[2026-04-03T03:31:15.380+0600][4.216s][info][gc,stats    ] Pause Final Mark (N)                479 us
[2026-04-03T03:31:15.380+0600][4.216s][info][gc,stats    ]   Finish Mark                       162 us
[2026-04-03T03:31:15.380+0600][4.216s][info][gc,stats    ]   Update Region States               29 us
[2026-04-03T03:31:15.380+0600][4.216s][info][gc,stats    ]   Choose Collection Set             191 us
[2026-04-03T03:31:15.380+0600][4.216s][info][gc,stats    ]   Rebuild Free Set                   24 us
[2026-04-03T03:31:15.380+0600][4.216s][info][gc,stats    ] Concurrent Thread Roots             784 us, parallelism: 0.80x
[2026-04-03T03:31:15.380+0600][4.216s][info][gc,stats    ]   CTR: <total>                      624 us
[2026-04-03T03:31:15.380+0600][4.216s][info][gc,stats    ]   CTR: Thread Roots                 624 us, workers (us): 553,  65,   6, ---, ---, ---, 
[2026-04-03T03:31:15.380+0600][4.217s][info][gc,stats    ] Concurrent Weak References          471 us, parallelism: 0.76x
[2026-04-03T03:31:15.380+0600][4.217s][info][gc,stats    ]   CWRF: <total>                     359 us
[2026-04-03T03:31:15.380+0600][4.217s][info][gc,stats    ]   CWRF: Weak References             359 us, workers (us): 200,   1, 159, ---, ---, ---, 
[2026-04-03T03:31:15.380+0600][4.217s][info][gc,stats    ] Concurrent Weak Roots              1012 us
[2026-04-03T03:31:15.380+0600][4.217s][info][gc,stats    ]   Roots                             838 us, parallelism: 2.35x
[2026-04-03T03:31:15.380+0600][4.217s][info][gc,stats    ]     CWR: <total>                   1968 us
[2026-04-03T03:31:15.380+0600][4.217s][info][gc,stats    ]     CWR: Code Cache Roots           639 us, workers (us): 197, 196, 246, ---, ---, ---, 
[2026-04-03T03:31:15.380+0600][4.217s][info][gc,stats    ]     CWR: VM Weak Roots             1313 us, workers (us): 457, 430, 425, ---, ---, ---, 
[2026-04-03T03:31:15.380+0600][4.217s][info][gc,stats    ]     CWR: CLDG Roots                  17 us, workers (us):  17, ---, ---, ---, ---, ---, 
[2026-04-03T03:31:15.380+0600][4.217s][info][gc,stats    ]   Rendezvous                        130 us
[2026-04-03T03:31:15.380+0600][4.217s][info][gc,stats    ] Concurrent Cleanup                  438 us
[2026-04-03T03:31:15.380+0600][4.217s][info][gc,stats    ] Concurrent Class Unloading         2520 us
[2026-04-03T03:31:15.380+0600][4.217s][info][gc,stats    ]   Unlink Stale                     1783 us
[2026-04-03T03:31:15.380+0600][4.217s][info][gc,stats    ]     System Dictionary                29 us
[2026-04-03T03:31:15.380+0600][4.217s][info][gc,stats    ]     Weak Class Links                  0 us
[2026-04-03T03:31:15.380+0600][4.217s][info][gc,stats    ]     Code Roots                     1750 us
[2026-04-03T03:31:15.380+0600][4.217s][info][gc,stats    ]   Rendezvous                        210 us
[2026-04-03T03:31:15.380+0600][4.217s][info][gc,stats    ]   Purge Unlinked                    468 us
[2026-04-03T03:31:15.380+0600][4.217s][info][gc,stats    ]     Code Roots                      451 us
[2026-04-03T03:31:15.380+0600][4.217s][info][gc,stats    ]     CLDG                             17 us
[2026-04-03T03:31:15.380+0600][4.217s][info][gc,stats    ]     Exception Caches                  0 us
[2026-04-03T03:31:15.380+0600][4.217s][info][gc,stats    ] Concurrent Strong Roots            1031 us, parallelism: 0.81x
[2026-04-03T03:31:15.380+0600][4.217s][info][gc,stats    ]   CSR: <total>                      833 us
[2026-04-03T03:31:15.380+0600][4.217s][info][gc,stats    ]   CSR: VM Strong Roots               26 us, workers (us):  24,   1,   1, ---, ---, ---, 
[2026-04-03T03:31:15.380+0600][4.217s][info][gc,stats    ]   CSR: CLDG Roots                   807 us, workers (us): 807, ---, ---, ---, ---, ---, 
[2026-04-03T03:31:15.380+0600][4.217s][info][gc,stats    ] Concurrent Evacuation              8343 us
[2026-04-03T03:31:15.380+0600][4.217s][info][gc,stats    ] Pause Init Update Refs (G)          287 us
[2026-04-03T03:31:15.380+0600][4.217s][info][gc,stats    ] Pause Init Update Refs (N)           90 us
[2026-04-03T03:31:15.380+0600][4.217s][info][gc,stats    ]   Manage GCLABs                       5 us
[2026-04-03T03:31:15.380+0600][4.217s][info][gc,stats    ] Concurrent Update Refs             3796 us
[2026-04-03T03:31:15.380+0600][4.217s][info][gc,stats    ] Concurrent Update Thread Roots      599 us
[2026-04-03T03:31:15.380+0600][4.217s][info][gc,stats    ] Pause Final Update Refs (G)         371 us
[2026-04-03T03:31:15.380+0600][4.217s][info][gc,stats    ] Pause Final Update Refs (N)         185 us
[2026-04-03T03:31:15.380+0600][4.217s][info][gc,stats    ]   Update Region States               42 us
[2026-04-03T03:31:15.380+0600][4.217s][info][gc,stats    ]   Trash Collection Set               24 us
[2026-04-03T03:31:15.380+0600][4.217s][info][gc,stats    ]   Rebuild Free Set                   25 us
[2026-04-03T03:31:15.380+0600][4.217s][info][gc,stats    ] Concurrent Cleanup                  541 us
[2026-04-03T03:31:15.380+0600][4.217s][info][gc,stats    ] 
[2026-04-03T03:31:15.380+0600][4.217s][info][gc,stats    ] Allocation pacing accrued:
[2026-04-03T03:31:15.380+0600][4.217s][info][gc,stats    ]       0 of  4210 ms (  0.0%): <total>
[2026-04-03T03:31:15.380+0600][4.217s][info][gc,stats    ]       0 of  4210 ms (  0.0%): <average total>
[2026-04-03T03:31:15.380+0600][4.217s][info][gc,stats    ] 
[2026-04-03T03:31:15.380+0600][4.217s][info][gc,metaspace] Metaspace: 21323K(21568K)->21430K(21760K) NonClass: 18683K(18816K)->18764K(18944K) Class: 2639K(2752K)->2666K(2816K)
[2026-04-03T03:31:15.380+0600][4.217s][info][gc,ergo     ] Pacer for Idle. Initial: 30720K, Alloc Tax Rate: 1.0x
[2026-04-03T03:31:18.148+0600][6.985s][info][gc          ] Trigger: Metadata GC Threshold
[2026-04-03T03:31:18.148+0600][6.985s][info][gc,ergo     ] Free: 1274M, Max: 512K regular, 1044M humongous, Frag: 19% external, 0% internal; Reserve: 76800K, Max: 512K
[2026-04-03T03:31:18.148+0600][6.985s][info][gc,start    ] GC(1) Concurrent reset
[2026-04-03T03:31:18.148+0600][6.985s][info][gc,task     ] GC(1) Using 3 of 6 workers for concurrent reset
[2026-04-03T03:31:18.148+0600][6.985s][info][gc,ergo     ] GC(1) Pacer for Reset. Non-Taxable: 1500M
[2026-04-03T03:31:18.157+0600][6.994s][info][gc          ] GC(1) Concurrent reset 9.232ms
[2026-04-03T03:31:18.157+0600][6.994s][info][gc,start    ] GC(1) Pause Init Mark (unload classes)
[2026-04-03T03:31:18.157+0600][6.994s][info][gc,task     ] GC(1) Using 6 of 6 workers for init marking
[2026-04-03T03:31:18.158+0600][6.994s][info][gc,ergo     ] GC(1) Pacer for Mark. Expected Live: 18341K, Free: 1273M, Non-Taxable: 127M, Alloc Tax Rate: 0.0x
[2026-04-03T03:31:18.158+0600][6.994s][info][gc          ] GC(1) Pause Init Mark (unload classes) 0.091ms
[2026-04-03T03:31:18.158+0600][6.994s][info][gc,start    ] GC(1) Concurrent marking roots
[2026-04-03T03:31:18.158+0600][6.994s][info][gc,task     ] GC(1) Using 3 of 6 workers for concurrent marking roots
[2026-04-03T03:31:18.159+0600][6.996s][info][gc          ] GC(1) Concurrent marking roots 1.385ms
[2026-04-03T03:31:18.159+0600][6.996s][info][gc,start    ] GC(1) Concurrent marking (unload classes)
[2026-04-03T03:31:18.159+0600][6.996s][info][gc,task     ] GC(1) Using 3 of 6 workers for concurrent marking
[2026-04-03T03:31:18.172+0600][7.008s][info][gc          ] GC(1) Concurrent marking (unload classes) 12.553ms
[2026-04-03T03:31:18.172+0600][7.008s][info][gc,start    ] GC(1) Pause Final Mark (unload classes)
[2026-04-03T03:31:18.172+0600][7.008s][info][gc,task     ] GC(1) Using 6 of 6 workers for final marking
[2026-04-03T03:31:18.172+0600][7.009s][info][gc,ergo     ] GC(1) Adaptive CSet Selection. Target Free: 212M, Actual Free: 1359M, Max CSet: 64000K, Min Garbage: 0B
[2026-04-03T03:31:18.172+0600][7.009s][info][gc,ergo     ] GC(1) Collectable Garbage: 121M (98%), Immediate: 11660K (9%), CSet: 110M (89%)
[2026-04-03T03:31:18.172+0600][7.009s][info][gc,ergo     ] GC(1) Pacer for Evacuation. Used CSet: 115M, Free: 1289M, Non-Taxable: 128M, Alloc Tax Rate: 1.1x
[2026-04-03T03:31:18.172+0600][7.009s][info][gc          ] GC(1) Pause Final Mark (unload classes) 0.528ms
[2026-04-03T03:31:18.172+0600][7.009s][info][gc,start    ] GC(1) Concurrent thread roots
[2026-04-03T03:31:18.172+0600][7.009s][info][gc,task     ] GC(1) Using 3 of 6 workers for Concurrent thread roots
[2026-04-03T03:31:18.173+0600][7.010s][info][gc          ] GC(1) Concurrent thread roots 0.543ms
[2026-04-03T03:31:18.173+0600][7.010s][info][gc,start    ] GC(1) Concurrent weak references
[2026-04-03T03:31:18.173+0600][7.010s][info][gc,task     ] GC(1) Using 3 of 6 workers for concurrent weak references
[2026-04-03T03:31:18.174+0600][7.010s][info][gc,ref      ] GC(1) Encountered references: Soft: 3854, Weak: 2539, Final: 80, Phantom: 569
[2026-04-03T03:31:18.174+0600][7.010s][info][gc,ref      ] GC(1) Discovered  references: Soft: 0, Weak: 1204, Final: 0, Phantom: 554
[2026-04-03T03:31:18.174+0600][7.010s][info][gc,ref      ] GC(1) Enqueued    references: Soft: 0, Weak: 479, Final: 0, Phantom: 1
[2026-04-03T03:31:18.174+0600][7.010s][info][gc          ] GC(1) Concurrent weak references 0.818ms
[2026-04-03T03:31:18.174+0600][7.010s][info][gc,start    ] GC(1) Concurrent weak roots
[2026-04-03T03:31:18.174+0600][7.010s][info][gc,task     ] GC(1) Using 3 of 6 workers for concurrent weak root
[2026-04-03T03:31:18.176+0600][7.012s][info][gc          ] GC(1) Concurrent weak roots 1.793ms
[2026-04-03T03:31:18.176+0600][7.012s][info][gc,start    ] GC(1) Concurrent cleanup
[2026-04-03T03:31:18.176+0600][7.012s][info][gc          ] GC(1) Concurrent cleanup 146M->135M(382M) 0.216ms
[2026-04-03T03:31:18.176+0600][7.013s][info][gc,ergo     ] GC(1) Free: 1288M, Max: 512K regular, 1044M humongous, Frag: 19% external, 0% internal; Reserve: 76159K, Max: 512K
[2026-04-03T03:31:18.176+0600][7.013s][info][gc,start    ] GC(1) Concurrent class unloading
[2026-04-03T03:31:18.176+0600][7.013s][info][gc,task     ] GC(1) Using 3 of 6 workers for concurrent class unloading
[2026-04-03T03:31:18.180+0600][7.017s][info][gc          ] GC(1) Concurrent class unloading 4.109ms
[2026-04-03T03:31:18.180+0600][7.017s][info][gc,start    ] GC(1) Concurrent strong roots
[2026-04-03T03:31:18.180+0600][7.017s][info][gc,task     ] GC(1) Using 3 of 6 workers for concurrent strong root
[2026-04-03T03:31:18.181+0600][7.017s][info][gc          ] GC(1) Concurrent strong roots 0.615ms
[2026-04-03T03:31:18.181+0600][7.017s][info][gc,start    ] GC(1) Concurrent evacuation
[2026-04-03T03:31:18.181+0600][7.017s][info][gc,task     ] GC(1) Using 3 of 6 workers for concurrent evacuation
[2026-04-03T03:31:18.186+0600][7.023s][info][gc          ] GC(1) Concurrent evacuation 5.674ms
[2026-04-03T03:31:18.187+0600][7.024s][info][gc,start    ] GC(1) Pause Init Update Refs
[2026-04-03T03:31:18.187+0600][7.024s][info][gc,ergo     ] GC(1) Pacer for Update Refs. Used: 141M, Free: 1287M, Non-Taxable: 128M, Alloc Tax Rate: 1.1x
[2026-04-03T03:31:18.187+0600][7.024s][info][gc          ] GC(1) Pause Init Update Refs 0.081ms
[2026-04-03T03:31:18.187+0600][7.024s][info][gc,start    ] GC(1) Concurrent update references
[2026-04-03T03:31:18.187+0600][7.024s][info][gc,task     ] GC(1) Using 3 of 6 workers for concurrent reference update
[2026-04-03T03:31:18.195+0600][7.032s][info][gc          ] GC(1) Concurrent update references 7.768ms
[2026-04-03T03:31:18.195+0600][7.032s][info][gc,start    ] GC(1) Concurrent update thread roots
[2026-04-03T03:31:18.196+0600][7.032s][info][gc          ] GC(1) Concurrent update thread roots 0.808ms
[2026-04-03T03:31:18.196+0600][7.033s][info][gc,start    ] GC(1) Pause Final Update Refs
[2026-04-03T03:31:18.196+0600][7.033s][info][gc,task     ] GC(1) Using 6 of 6 workers for final reference update
[2026-04-03T03:31:18.196+0600][7.033s][info][gc          ] GC(1) Pause Final Update Refs 0.168ms
[2026-04-03T03:31:18.196+0600][7.033s][info][gc,start    ] GC(1) Concurrent cleanup
[2026-04-03T03:31:18.196+0600][7.033s][info][gc          ] GC(1) Concurrent cleanup 141M->25M(387M) 0.259ms
[2026-04-03T03:31:18.197+0600][7.033s][info][gc,ergo     ] Free: 1397M, Max: 512K regular, 1122M humongous, Frag: 20% external, 0% internal; Reserve: 76800K, Max: 512K
[2026-04-03T03:31:18.197+0600][7.033s][info][gc,stats    ] 
[2026-04-03T03:31:18.197+0600][7.033s][info][gc,stats    ] All times are wall-clock times, except per-root-class counters, that are sum over
[2026-04-03T03:31:18.197+0600][7.033s][info][gc,stats    ] all workers. Dividing the <total> over the root stage time estimates parallelism.
[2026-04-03T03:31:18.197+0600][7.033s][info][gc,stats    ] 
[2026-04-03T03:31:18.197+0600][7.033s][info][gc,stats    ] Concurrent Reset                   9307 us
[2026-04-03T03:31:18.197+0600][7.033s][info][gc,stats    ] Pause Init Mark (G)                 249 us
[2026-04-03T03:31:18.197+0600][7.033s][info][gc,stats    ] Pause Init Mark (N)                 102 us
[2026-04-03T03:31:18.197+0600][7.033s][info][gc,stats    ]   Update Region States               20 us
[2026-04-03T03:31:18.197+0600][7.033s][info][gc,stats    ] Concurrent Mark Roots              1442 us, parallelism: 2.24x
[2026-04-03T03:31:18.197+0600][7.033s][info][gc,stats    ]   CMR: <total>                     3234 us
[2026-04-03T03:31:18.197+0600][7.033s][info][gc,stats    ]   CMR: Thread Roots                2357 us, workers (us): 858, 613, 886, ---, ---, ---, 
[2026-04-03T03:31:18.197+0600][7.033s][info][gc,stats    ]   CMR: VM Strong Roots              495 us, workers (us): 212, 168, 116, ---, ---, ---, 
[2026-04-03T03:31:18.197+0600][7.033s][info][gc,stats    ]   CMR: CLDG Roots                   382 us, workers (us): ---, 382, ---, ---, ---, ---, 
[2026-04-03T03:31:18.197+0600][7.033s][info][gc,stats    ] Concurrent Marking                12648 us
[2026-04-03T03:31:18.197+0600][7.033s][info][gc,stats    ] Pause Final Mark (G)                656 us
[2026-04-03T03:31:18.197+0600][7.033s][info][gc,stats    ] Pause Final Mark (N)                542 us
[2026-04-03T03:31:18.197+0600][7.033s][info][gc,stats    ]   Finish Mark                       181 us
[2026-04-03T03:31:18.197+0600][7.034s][info][gc,stats    ]   Update Region States               44 us
[2026-04-03T03:31:18.197+0600][7.034s][info][gc,stats    ]   Choose Collection Set             182 us
[2026-04-03T03:31:18.197+0600][7.034s][info][gc,stats    ]   Rebuild Free Set                   30 us
[2026-04-03T03:31:18.197+0600][7.034s][info][gc,stats    ] Concurrent Thread Roots             592 us, parallelism: 1.56x
[2026-04-03T03:31:18.197+0600][7.034s][info][gc,stats    ]   CTR: <total>                      921 us
[2026-04-03T03:31:18.197+0600][7.034s][info][gc,stats    ]   CTR: Thread Roots                 921 us, workers (us): 330, 289, 302, ---, ---, ---, 
[2026-04-03T03:31:18.197+0600][7.034s][info][gc,stats    ] Concurrent Weak References          831 us, parallelism: 0.82x
[2026-04-03T03:31:18.197+0600][7.034s][info][gc,stats    ]   CWRF: <total>                     682 us
[2026-04-03T03:31:18.197+0600][7.034s][info][gc,stats    ]   CWRF: Weak References             682 us, workers (us): 596,  84,   2, ---, ---, ---, 
[2026-04-03T03:31:18.197+0600][7.034s][info][gc,stats    ] Concurrent Weak Roots              1857 us
[2026-04-03T03:31:18.197+0600][7.034s][info][gc,stats    ]   Roots                            1621 us, parallelism: 2.56x
[2026-04-03T03:31:18.197+0600][7.034s][info][gc,stats    ]     CWR: <total>                   4146 us
[2026-04-03T03:31:18.197+0600][7.034s][info][gc,stats    ]     CWR: Code Cache Roots          1792 us, workers (us): 632, 565, 594, ---, ---, ---, 
[2026-04-03T03:31:18.197+0600][7.034s][info][gc,stats    ]     CWR: VM Weak Roots             2323 us, workers (us): 796, 771, 755, ---, ---, ---, 
[2026-04-03T03:31:18.197+0600][7.034s][info][gc,stats    ]     CWR: CLDG Roots                  31 us, workers (us):  31, ---, ---, ---, ---, ---, 
[2026-04-03T03:31:18.197+0600][7.034s][info][gc,stats    ]   Rendezvous                        144 us
[2026-04-03T03:31:18.197+0600][7.034s][info][gc,stats    ] Concurrent Cleanup                  241 us
[2026-04-03T03:31:18.197+0600][7.034s][info][gc,stats    ] Concurrent Class Unloading         4205 us
[2026-04-03T03:31:18.197+0600][7.034s][info][gc,stats    ]   Unlink Stale                     2666 us
[2026-04-03T03:31:18.197+0600][7.034s][info][gc,stats    ]     System Dictionary                36 us
[2026-04-03T03:31:18.197+0600][7.034s][info][gc,stats    ]     Weak Class Links                  0 us
[2026-04-03T03:31:18.197+0600][7.034s][info][gc,stats    ]     Code Roots                     2625 us
[2026-04-03T03:31:18.197+0600][7.034s][info][gc,stats    ]   Rendezvous                        213 us
[2026-04-03T03:31:18.197+0600][7.034s][info][gc,stats    ]   Purge Unlinked                   1191 us
[2026-04-03T03:31:18.197+0600][7.034s][info][gc,stats    ]     Code Roots                     1171 us
[2026-04-03T03:31:18.197+0600][7.034s][info][gc,stats    ]     CLDG                             19 us
[2026-04-03T03:31:18.197+0600][7.034s][info][gc,stats    ]     Exception Caches                  0 us
[2026-04-03T03:31:18.197+0600][7.034s][info][gc,stats    ] Concurrent Strong Roots             669 us, parallelism: 0.74x
[2026-04-03T03:31:18.197+0600][7.034s][info][gc,stats    ]   CSR: <total>                      497 us
[2026-04-03T03:31:18.197+0600][7.034s][info][gc,stats    ]   CSR: VM Strong Roots               47 us, workers (us):  34,  12,   1, ---, ---, ---, 
[2026-04-03T03:31:18.197+0600][7.034s][info][gc,stats    ]   CSR: CLDG Roots                   450 us, workers (us): ---, 450, ---, ---, ---, ---, 
[2026-04-03T03:31:18.197+0600][7.034s][info][gc,stats    ] Concurrent Evacuation              5760 us
[2026-04-03T03:31:18.197+0600][7.034s][info][gc,stats    ] Pause Init Update Refs (G)          538 us
[2026-04-03T03:31:18.197+0600][7.034s][info][gc,stats    ] Pause Init Update Refs (N)           97 us
[2026-04-03T03:31:18.197+0600][7.034s][info][gc,stats    ]   Manage GCLABs                      10 us
[2026-04-03T03:31:18.197+0600][7.034s][info][gc,stats    ] Concurrent Update Refs             7865 us
[2026-04-03T03:31:18.197+0600][7.034s][info][gc,stats    ] Concurrent Update Thread Roots      857 us
[2026-04-03T03:31:18.197+0600][7.034s][info][gc,stats    ] Pause Final Update Refs (G)         371 us
[2026-04-03T03:31:18.197+0600][7.034s][info][gc,stats    ] Pause Final Update Refs (N)         191 us
[2026-04-03T03:31:18.197+0600][7.034s][info][gc,stats    ]   Update Region States               62 us
[2026-04-03T03:31:18.197+0600][7.034s][info][gc,stats    ]   Trash Collection Set               13 us
[2026-04-03T03:31:18.197+0600][7.034s][info][gc,stats    ]   Rebuild Free Set                   34 us
[2026-04-03T03:31:18.197+0600][7.034s][info][gc,stats    ] Concurrent Cleanup                  286 us
[2026-04-03T03:31:18.197+0600][7.034s][info][gc,stats    ] 
[2026-04-03T03:31:18.197+0600][7.034s][info][gc,stats    ] Allocation pacing accrued:
[2026-04-03T03:31:18.197+0600][7.034s][info][gc,stats    ]       0 of  2817 ms (  0.0%): <total>
[2026-04-03T03:31:18.197+0600][7.034s][info][gc,stats    ]       0 of  2817 ms (  0.0%): <average total>
[2026-04-03T03:31:18.197+0600][7.034s][info][gc,stats    ] 
[2026-04-03T03:31:18.197+0600][7.034s][info][gc,metaspace] Metaspace: 35950K(36352K)->36239K(36672K) NonClass: 31483K(31744K)->31738K(32000K) Class: 4466K(4608K)->4501K(4672K)
[2026-04-03T03:31:18.197+0600][7.034s][info][gc,ergo     ] Pacer for Idle. Initial: 30720K, Alloc Tax Rate: 1.0x
[2026-04-03T03:31:20.797+0600][9.634s][info][gc          ] Trigger: Learning 3 of 5. Free (1049M) is below initial threshold (1050M)
[2026-04-03T03:31:20.797+0600][9.634s][info][gc,ergo     ] Free: 1049M, Max: 512K regular, 1049M humongous, Frag: 0% external, 0% internal; Reserve: 76800K, Max: 512K
[2026-04-03T03:31:20.797+0600][9.634s][info][gc,start    ] GC(2) Concurrent reset
[2026-04-03T03:31:20.797+0600][9.634s][info][gc,task     ] GC(2) Using 3 of 6 workers for concurrent reset
[2026-04-03T03:31:20.797+0600][9.634s][info][gc,ergo     ] GC(2) Pacer for Reset. Non-Taxable: 1500M
[2026-04-03T03:31:20.798+0600][9.635s][info][gc          ] GC(2) Concurrent reset 0.777ms
[2026-04-03T03:31:20.798+0600][9.635s][info][gc,start    ] GC(2) Pause Init Mark (unload classes)
[2026-04-03T03:31:20.798+0600][9.635s][info][gc,task     ] GC(2) Using 6 of 6 workers for init marking
[2026-04-03T03:31:20.799+0600][9.635s][info][gc,ergo     ] GC(2) Pacer for Mark. Expected Live: 20156K, Free: 1049M, Non-Taxable: 104M, Alloc Tax Rate: 0.0x
[2026-04-03T03:31:20.799+0600][9.635s][info][gc          ] GC(2) Pause Init Mark (unload classes) 0.085ms
[2026-04-03T03:31:20.799+0600][9.635s][info][gc,start    ] GC(2) Concurrent marking roots
[2026-04-03T03:31:20.799+0600][9.635s][info][gc,task     ] GC(2) Using 3 of 6 workers for concurrent marking roots
[2026-04-03T03:31:20.800+0600][9.636s][info][gc          ] GC(2) Concurrent marking roots 1.170ms
[2026-04-03T03:31:20.800+0600][9.636s][info][gc,start    ] GC(2) Concurrent marking (unload classes)
[2026-04-03T03:31:20.800+0600][9.636s][info][gc,task     ] GC(2) Using 3 of 6 workers for concurrent marking
[2026-04-03T03:31:21.826+0600][10.663s][info][gc          ] GC(2) Concurrent marking (unload classes) 1026.310ms
[2026-04-03T03:31:21.826+0600][10.663s][info][gc,start    ] GC(2) Pause Final Mark (unload classes)
[2026-04-03T03:31:21.826+0600][10.663s][info][gc,task     ] GC(2) Using 6 of 6 workers for final marking
[2026-04-03T03:31:21.827+0600][10.664s][info][gc,ergo     ] GC(2) Adaptive CSet Selection. Target Free: 212M, Actual Free: 808M, Max CSet: 64000K, Min Garbage: 0B
[2026-04-03T03:31:21.827+0600][10.664s][info][gc,ergo     ] GC(2) Collectable Garbage: 108M (95%), Immediate: 6382K (5%), CSet: 101M (89%)
[2026-04-03T03:31:21.827+0600][10.664s][info][gc,ergo     ] GC(2) Pacer for Evacuation. Used CSet: 107M, Free: 736M, Non-Taxable: 75367K, Alloc Tax Rate: 1.1x
[2026-04-03T03:31:21.827+0600][10.664s][info][gc          ] GC(2) Pause Final Mark (unload classes) 0.764ms
[2026-04-03T03:31:21.827+0600][10.664s][info][gc,start    ] GC(2) Concurrent thread roots
[2026-04-03T03:31:21.827+0600][10.664s][info][gc,task     ] GC(2) Using 3 of 6 workers for Concurrent thread roots
[2026-04-03T03:31:21.828+0600][10.664s][info][gc          ] GC(2) Concurrent thread roots 0.467ms
[2026-04-03T03:31:21.828+0600][10.664s][info][gc,start    ] GC(2) Concurrent weak references
[2026-04-03T03:31:21.828+0600][10.665s][info][gc,task     ] GC(2) Using 3 of 6 workers for concurrent weak references
[2026-04-03T03:31:21.828+0600][10.665s][info][gc,ref      ] GC(2) Encountered references: Soft: 3981, Weak: 3284, Final: 82, Phantom: 585
[2026-04-03T03:31:21.828+0600][10.665s][info][gc,ref      ] GC(2) Discovered  references: Soft: 0, Weak: 642, Final: 0, Phantom: 261
[2026-04-03T03:31:21.828+0600][10.665s][info][gc,ref      ] GC(2) Enqueued    references: Soft: 0, Weak: 533, Final: 0, Phantom: 0
[2026-04-03T03:31:21.828+0600][10.665s][info][gc          ] GC(2) Concurrent weak references 0.462ms
[2026-04-03T03:31:21.828+0600][10.665s][info][gc,start    ] GC(2) Concurrent weak roots
[2026-04-03T03:31:21.828+0600][10.665s][info][gc,task     ] GC(2) Using 3 of 6 workers for concurrent weak root
[2026-04-03T03:31:21.830+0600][10.667s][info][gc          ] GC(2) Concurrent weak roots 1.736ms
[2026-04-03T03:31:21.830+0600][10.667s][info][gc,start    ] GC(2) Concurrent cleanup
[2026-04-03T03:31:21.830+0600][10.667s][info][gc          ] GC(2) Concurrent cleanup 694M->687M(702M) 0.178ms
[2026-04-03T03:31:21.830+0600][10.667s][info][gc,ergo     ] GC(2) Free: 735M, Max: 512K regular, 726M humongous, Frag: 2% external, 0% internal; Reserve: 76322K, Max: 512K
[2026-04-03T03:31:21.830+0600][10.667s][info][gc,start    ] GC(2) Concurrent class unloading
[2026-04-03T03:31:21.830+0600][10.667s][info][gc,task     ] GC(2) Using 3 of 6 workers for concurrent class unloading
[2026-04-03T03:31:21.834+0600][10.671s][info][gc          ] GC(2) Concurrent class unloading 3.700ms
[2026-04-03T03:31:21.834+0600][10.671s][info][gc,start    ] GC(2) Concurrent strong roots
[2026-04-03T03:31:21.834+0600][10.671s][info][gc,task     ] GC(2) Using 3 of 6 workers for concurrent strong root
[2026-04-03T03:31:21.835+0600][10.672s][info][gc          ] GC(2) Concurrent strong roots 1.292ms
[2026-04-03T03:31:21.835+0600][10.672s][info][gc,start    ] GC(2) Concurrent evacuation
[2026-04-03T03:31:21.835+0600][10.672s][info][gc,task     ] GC(2) Using 3 of 6 workers for concurrent evacuation
[2026-04-03T03:31:21.840+0600][10.677s][info][gc          ] GC(2) Concurrent evacuation 4.865ms
[2026-04-03T03:31:21.841+0600][10.677s][info][gc,start    ] GC(2) Pause Init Update Refs
[2026-04-03T03:31:21.841+0600][10.677s][info][gc,ergo     ] GC(2) Pacer for Update Refs. Used: 697M, Free: 732M, Non-Taxable: 75006K, Alloc Tax Rate: 1.2x
[2026-04-03T03:31:21.841+0600][10.677s][info][gc          ] GC(2) Pause Init Update Refs 0.099ms
[2026-04-03T03:31:21.841+0600][10.677s][info][gc,start    ] GC(2) Concurrent update references
[2026-04-03T03:31:21.841+0600][10.677s][info][gc,task     ] GC(2) Using 3 of 6 workers for concurrent reference update
[2026-04-03T03:31:22.005+0600][10.841s][info][gc          ] GC(2) Concurrent update references 164.009ms
[2026-04-03T03:31:22.005+0600][10.842s][info][gc,start    ] GC(2) Concurrent update thread roots
[2026-04-03T03:31:22.005+0600][10.842s][info][gc          ] GC(2) Concurrent update thread roots 0.495ms
[2026-04-03T03:31:22.006+0600][10.842s][info][gc,start    ] GC(2) Pause Final Update Refs
[2026-04-03T03:31:22.006+0600][10.842s][info][gc,task     ] GC(2) Using 6 of 6 workers for final reference update
[2026-04-03T03:31:22.006+0600][10.842s][info][gc          ] GC(2) Pause Final Update Refs 0.151ms
[2026-04-03T03:31:22.006+0600][10.843s][info][gc,start    ] GC(2) Concurrent cleanup
[2026-04-03T03:31:22.006+0600][10.843s][info][gc          ] GC(2) Concurrent cleanup 727M->619M(730M) 0.209ms
[2026-04-03T03:31:22.006+0600][10.843s][info][gc,ergo     ] Free: 803M, Max: 512K regular, 697M humongous, Frag: 14% external, 0% internal; Reserve: 76800K, Max: 512K
[2026-04-03T03:31:22.006+0600][10.843s][info][gc,stats    ] 
[2026-04-03T03:31:22.006+0600][10.843s][info][gc,stats    ] All times are wall-clock times, except per-root-class counters, that are sum over
[2026-04-03T03:31:22.006+0600][10.843s][info][gc,stats    ] all workers. Dividing the <total> over the root stage time estimates parallelism.
[2026-04-03T03:31:22.006+0600][10.843s][info][gc,stats    ] 
[2026-04-03T03:31:22.006+0600][10.843s][info][gc,stats    ] Concurrent Reset                    821 us
[2026-04-03T03:31:22.006+0600][10.843s][info][gc,stats    ] Pause Init Mark (G)                 346 us
[2026-04-03T03:31:22.006+0600][10.843s][info][gc,stats    ] Pause Init Mark (N)                  94 us
[2026-04-03T03:31:22.006+0600][10.843s][info][gc,stats    ]   Update Region States               17 us
[2026-04-03T03:31:22.006+0600][10.843s][info][gc,stats    ] Concurrent Mark Roots              1201 us, parallelism: 2.16x
[2026-04-03T03:31:22.006+0600][10.843s][info][gc,stats    ]   CMR: <total>                     2590 us
[2026-04-03T03:31:22.006+0600][10.843s][info][gc,stats    ]   CMR: Thread Roots                2347 us, workers (us): 816, 714, 817, ---, ---, ---, 
[2026-04-03T03:31:22.006+0600][10.843s][info][gc,stats    ]   CMR: VM Strong Roots               95 us, workers (us):  53,  41,   1, ---, ---, ---, 
[2026-04-03T03:31:22.006+0600][10.843s][info][gc,stats    ]   CMR: CLDG Roots                   148 us, workers (us): ---, 148, ---, ---, ---, ---, 
[2026-04-03T03:31:22.006+0600][10.843s][info][gc,stats    ] Concurrent Marking              1026391 us
[2026-04-03T03:31:22.006+0600][10.843s][info][gc,stats    ] Pause Final Mark (G)               1118 us
[2026-04-03T03:31:22.006+0600][10.843s][info][gc,stats    ] Pause Final Mark (N)                802 us
[2026-04-03T03:31:22.006+0600][10.843s][info][gc,stats    ]   Finish Mark                       262 us
[2026-04-03T03:31:22.006+0600][10.843s][info][gc,stats    ]   Update Region States               47 us
[2026-04-03T03:31:22.006+0600][10.843s][info][gc,stats    ]   Choose Collection Set             324 us
[2026-04-03T03:31:22.006+0600][10.843s][info][gc,stats    ]   Rebuild Free Set                   29 us
[2026-04-03T03:31:22.006+0600][10.843s][info][gc,stats    ] Concurrent Thread Roots             501 us, parallelism: 1.69x
[2026-04-03T03:31:22.006+0600][10.843s][info][gc,stats    ]   CTR: <total>                      845 us
[2026-04-03T03:31:22.006+0600][10.843s][info][gc,stats    ]   CTR: Thread Roots                 845 us, workers (us): 331, 290, 224, ---, ---, ---, 
[2026-04-03T03:31:22.006+0600][10.843s][info][gc,stats    ] Concurrent Weak References          476 us, parallelism: 0.67x
[2026-04-03T03:31:22.006+0600][10.843s][info][gc,stats    ]   CWRF: <total>                     321 us
[2026-04-03T03:31:22.006+0600][10.843s][info][gc,stats    ]   CWRF: Weak References             321 us, workers (us): 289,  32,   0, ---, ---, ---, 
[2026-04-03T03:31:22.006+0600][10.843s][info][gc,stats    ] Concurrent Weak Roots              1795 us
[2026-04-03T03:31:22.006+0600][10.843s][info][gc,stats    ]   Roots                            1416 us, parallelism: 2.41x
[2026-04-03T03:31:22.006+0600][10.843s][info][gc,stats    ]     CWR: <total>                   3406 us
[2026-04-03T03:31:22.006+0600][10.843s][info][gc,stats    ]     CWR: Code Cache Roots          1317 us, workers (us): 498, 399, 420, ---, ---, ---, 
[2026-04-03T03:31:22.006+0600][10.843s][info][gc,stats    ]     CWR: VM Weak Roots             2052 us, workers (us): 754, 650, 648, ---, ---, ---, 
[2026-04-03T03:31:22.006+0600][10.843s][info][gc,stats    ]     CWR: CLDG Roots                  37 us, workers (us): ---,  37, ---, ---, ---, ---, 
[2026-04-03T03:31:22.006+0600][10.843s][info][gc,stats    ]   Rendezvous                        290 us
[2026-04-03T03:31:22.006+0600][10.843s][info][gc,stats    ] Concurrent Cleanup                  192 us
[2026-04-03T03:31:22.006+0600][10.843s][info][gc,stats    ] Concurrent Class Unloading         3759 us
[2026-04-03T03:31:22.007+0600][10.843s][info][gc,stats    ]   Unlink Stale                     2724 us
[2026-04-03T03:31:22.007+0600][10.843s][info][gc,stats    ]     System Dictionary                35 us
[2026-04-03T03:31:22.007+0600][10.843s][info][gc,stats    ]     Weak Class Links                  0 us
[2026-04-03T03:31:22.007+0600][10.843s][info][gc,stats    ]     Code Roots                     2686 us
[2026-04-03T03:31:22.007+0600][10.843s][info][gc,stats    ]   Rendezvous                        271 us
[2026-04-03T03:31:22.007+0600][10.843s][info][gc,stats    ]   Purge Unlinked                    675 us
[2026-04-03T03:31:22.007+0600][10.843s][info][gc,stats    ]     Code Roots                      664 us
[2026-04-03T03:31:22.007+0600][10.843s][info][gc,stats    ]     CLDG                             10 us
[2026-04-03T03:31:22.007+0600][10.843s][info][gc,stats    ]     Exception Caches                  0 us
[2026-04-03T03:31:22.007+0600][10.843s][info][gc,stats    ] Concurrent Strong Roots            1356 us, parallelism: 0.81x
[2026-04-03T03:31:22.007+0600][10.843s][info][gc,stats    ]   CSR: <total>                     1104 us
[2026-04-03T03:31:22.007+0600][10.843s][info][gc,stats    ]   CSR: VM Strong Roots               31 us, workers (us):  16,  14,   0, ---, ---, ---, 
[2026-04-03T03:31:22.007+0600][10.843s][info][gc,stats    ]   CSR: CLDG Roots                  1073 us, workers (us): 1073, ---, ---, ---, ---, ---, 
[2026-04-03T03:31:22.007+0600][10.843s][info][gc,stats    ] Concurrent Evacuation              4923 us
[2026-04-03T03:31:22.007+0600][10.843s][info][gc,stats    ] Pause Init Update Refs (G)          414 us
[2026-04-03T03:31:22.007+0600][10.843s][info][gc,stats    ] Pause Init Update Refs (N)          110 us
[2026-04-03T03:31:22.007+0600][10.843s][info][gc,stats    ]   Manage GCLABs                      15 us
[2026-04-03T03:31:22.007+0600][10.843s][info][gc,stats    ] Concurrent Update Refs           164076 us
[2026-04-03T03:31:22.007+0600][10.843s][info][gc,stats    ] Concurrent Update Thread Roots      556 us
[2026-04-03T03:31:22.007+0600][10.843s][info][gc,stats    ] Pause Final Update Refs (G)         476 us
[2026-04-03T03:31:22.007+0600][10.843s][info][gc,stats    ] Pause Final Update Refs (N)         162 us
[2026-04-03T03:31:22.007+0600][10.843s][info][gc,stats    ]   Update Region States               53 us
[2026-04-03T03:31:22.007+0600][10.843s][info][gc,stats    ]   Trash Collection Set                6 us
[2026-04-03T03:31:22.007+0600][10.843s][info][gc,stats    ]   Rebuild Free Set                   24 us
[2026-04-03T03:31:22.007+0600][10.843s][info][gc,stats    ] Concurrent Cleanup                  228 us
[2026-04-03T03:31:22.007+0600][10.843s][info][gc,stats    ] 
[2026-04-03T03:31:22.007+0600][10.843s][info][gc,stats    ] Allocation pacing accrued:
[2026-04-03T03:31:22.007+0600][10.843s][info][gc,stats    ]       0 of  3809 ms (  0.0%): <total>
[2026-04-03T03:31:22.007+0600][10.843s][info][gc,stats    ]       0 of  3809 ms (  0.0%): <average total>
[2026-04-03T03:31:22.007+0600][10.843s][info][gc,stats    ] 
[2026-04-03T03:31:22.007+0600][10.844s][info][gc,metaspace] Metaspace: 49453K(49920K)->49482K(49920K) NonClass: 43321K(43584K)->43350K(43584K) Class: 6131K(6336K)->6132K(6336K)
[2026-04-03T03:31:22.007+0600][10.844s][info][gc,ergo     ] Pacer for Idle. Initial: 30720K, Alloc Tax Rate: 1.0x
[2026-04-03T03:31:22.008+0600][10.845s][info][gc          ] Trigger: Learning 4 of 5. Free (803M) is below initial threshold (1050M)
[2026-04-03T03:31:22.008+0600][10.845s][info][gc,ergo     ] Free: 803M, Max: 512K regular, 697M humongous, Frag: 14% external, 0% internal; Reserve: 76800K, Max: 512K
[2026-04-03T03:31:22.008+0600][10.845s][info][gc,start    ] GC(3) Concurrent reset
[2026-04-03T03:31:22.008+0600][10.845s][info][gc,task     ] GC(3) Using 3 of 6 workers for concurrent reset
[2026-04-03T03:31:22.008+0600][10.845s][info][gc,ergo     ] GC(3) Pacer for Reset. Non-Taxable: 1500M
[2026-04-03T03:31:22.009+0600][10.846s][info][gc          ] GC(3) Concurrent reset 1.248ms
[2026-04-03T03:31:22.010+0600][10.846s][info][gc,start    ] GC(3) Pause Init Mark (unload classes)
[2026-04-03T03:31:22.010+0600][10.846s][info][gc,task     ] GC(3) Using 6 of 6 workers for init marking
[2026-04-03T03:31:22.010+0600][10.846s][info][gc,ergo     ] GC(3) Pacer for Mark. Expected Live: 101326K, Free: 803M, Non-Taxable: 82251K, Alloc Tax Rate: 0.2x
[2026-04-03T03:31:22.010+0600][10.846s][info][gc          ] GC(3) Pause Init Mark (unload classes) 0.110ms
[2026-04-03T03:31:22.010+0600][10.846s][info][gc,start    ] GC(3) Concurrent marking roots
[2026-04-03T03:31:22.010+0600][10.846s][info][gc,task     ] GC(3) Using 3 of 6 workers for concurrent marking roots
[2026-04-03T03:31:22.010+0600][10.847s][info][gc          ] GC(3) Concurrent marking roots 0.612ms
[2026-04-03T03:31:22.010+0600][10.847s][info][gc,start    ] GC(3) Concurrent marking (unload classes)
[2026-04-03T03:31:22.010+0600][10.847s][info][gc,task     ] GC(3) Using 3 of 6 workers for concurrent marking
[2026-04-03T03:31:22.942+0600][11.779s][info][gc          ] GC(3) Concurrent marking (unload classes) 931.965ms
[2026-04-03T03:31:22.943+0600][11.780s][info][gc,start    ] GC(3) Pause Final Mark (unload classes)
[2026-04-03T03:31:22.943+0600][11.780s][info][gc,task     ] GC(3) Using 6 of 6 workers for final marking
[2026-04-03T03:31:22.944+0600][11.780s][info][gc,ergo     ] GC(3) Adaptive CSet Selection. Target Free: 212M, Actual Free: 876M, Max CSet: 64000K, Min Garbage: 0B
[2026-04-03T03:31:22.944+0600][11.780s][info][gc,ergo     ] GC(3) Collectable Garbage: 3165K (21%), Immediate: 0B (0%), CSet: 3165K (21%)
[2026-04-03T03:31:22.944+0600][11.781s][info][gc,ergo     ] GC(3) Pacer for Evacuation. Used CSet: 4360K, Free: 801M, Non-Taxable: 82095K, Alloc Tax Rate: 1.1x
[2026-04-03T03:31:22.944+0600][11.781s][info][gc          ] GC(3) Pause Final Mark (unload classes) 0.935ms
[2026-04-03T03:31:22.944+0600][11.781s][info][gc,start    ] GC(3) Concurrent thread roots
[2026-04-03T03:31:22.944+0600][11.781s][info][gc,task     ] GC(3) Using 3 of 6 workers for Concurrent thread roots
[2026-04-03T03:31:22.945+0600][11.781s][info][gc          ] GC(3) Concurrent thread roots 0.559ms
[2026-04-03T03:31:22.945+0600][11.781s][info][gc,start    ] GC(3) Concurrent weak references
[2026-04-03T03:31:22.945+0600][11.781s][info][gc,task     ] GC(3) Using 3 of 6 workers for concurrent weak references
[2026-04-03T03:31:22.945+0600][11.781s][info][gc,ref      ] GC(3) Encountered references: Soft: 3981, Weak: 2751, Final: 82, Phantom: 586
[2026-04-03T03:31:22.945+0600][11.781s][info][gc,ref      ] GC(3) Discovered  references: Soft: 0, Weak: 100, Final: 0, Phantom: 580
[2026-04-03T03:31:22.945+0600][11.781s][info][gc,ref      ] GC(3) Enqueued    references: Soft: 0, Weak: 0, Final: 0, Phantom: 0
[2026-04-03T03:31:22.945+0600][11.781s][info][gc          ] GC(3) Concurrent weak references 0.243ms
[2026-04-03T03:31:22.945+0600][11.782s][info][gc,start    ] GC(3) Concurrent weak roots
[2026-04-03T03:31:22.945+0600][11.782s][info][gc,task     ] GC(3) Using 3 of 6 workers for concurrent weak root
[2026-04-03T03:31:22.946+0600][11.783s][info][gc          ] GC(3) Concurrent weak roots 1.083ms
[2026-04-03T03:31:22.946+0600][11.783s][info][gc,start    ] GC(3) Concurrent cleanup
[2026-04-03T03:31:22.946+0600][11.783s][info][gc          ] GC(3) Concurrent cleanup 621M->621M(730M) 0.140ms
[2026-04-03T03:31:22.946+0600][11.783s][info][gc,ergo     ] GC(3) Free: 801M, Max: 512K regular, 697M humongous, Frag: 13% external, 0% internal; Reserve: 76757K, Max: 512K
[2026-04-03T03:31:22.946+0600][11.783s][info][gc,start    ] GC(3) Concurrent class unloading
[2026-04-03T03:31:22.946+0600][11.783s][info][gc,task     ] GC(3) Using 3 of 6 workers for concurrent class unloading
[2026-04-03T03:31:22.948+0600][11.785s][info][gc          ] GC(3) Concurrent class unloading 2.348ms
[2026-04-03T03:31:22.949+0600][11.785s][info][gc,start    ] GC(3) Concurrent strong roots
[2026-04-03T03:31:22.949+0600][11.785s][info][gc,task     ] GC(3) Using 3 of 6 workers for concurrent strong root
[2026-04-03T03:31:22.949+0600][11.786s][info][gc          ] GC(3) Concurrent strong roots 0.402ms
[2026-04-03T03:31:22.949+0600][11.786s][info][gc,start    ] GC(3) Concurrent evacuation
[2026-04-03T03:31:22.949+0600][11.786s][info][gc,task     ] GC(3) Using 3 of 6 workers for concurrent evacuation
[2026-04-03T03:31:22.950+0600][11.786s][info][gc          ] GC(3) Concurrent evacuation 0.769ms
[2026-04-03T03:31:22.950+0600][11.787s][info][gc,start    ] GC(3) Pause Init Update Refs
[2026-04-03T03:31:22.950+0600][11.787s][info][gc,ergo     ] GC(3) Pacer for Update Refs. Used: 622M, Free: 801M, Non-Taxable: 82067K, Alloc Tax Rate: 1.1x
[2026-04-03T03:31:22.950+0600][11.787s][info][gc          ] GC(3) Pause Init Update Refs 0.060ms
[2026-04-03T03:31:22.950+0600][11.787s][info][gc,start    ] GC(3) Concurrent update references
[2026-04-03T03:31:22.950+0600][11.787s][info][gc,task     ] GC(3) Using 3 of 6 workers for concurrent reference update
[2026-04-03T03:31:23.199+0600][12.036s][info][gc          ] GC(3) Concurrent update references 249.122ms
[2026-04-03T03:31:23.199+0600][12.036s][info][gc,start    ] GC(3) Concurrent update thread roots
[2026-04-03T03:31:23.200+0600][12.037s][info][gc          ] GC(3) Concurrent update thread roots 0.774ms
[2026-04-03T03:31:23.200+0600][12.037s][info][gc,start    ] GC(3) Pause Final Update Refs
[2026-04-03T03:31:23.200+0600][12.037s][info][gc,task     ] GC(3) Using 6 of 6 workers for final reference update
[2026-04-03T03:31:23.201+0600][12.037s][info][gc          ] GC(3) Pause Final Update Refs 0.144ms
[2026-04-03T03:31:23.201+0600][12.037s][info][gc,start    ] GC(3) Concurrent cleanup
[2026-04-03T03:31:23.201+0600][12.038s][info][gc          ] GC(3) Concurrent cleanup 660M->656M(730M) 0.217ms
[2026-04-03T03:31:23.201+0600][12.038s][info][gc,ergo     ] Free: 766M, Max: 512K regular, 699M humongous, Frag: 9% external, 0% internal; Reserve: 76800K, Max: 512K
[2026-04-03T03:31:23.201+0600][12.038s][info][gc,stats    ] 
[2026-04-03T03:31:23.201+0600][12.038s][info][gc,stats    ] All times are wall-clock times, except per-root-class counters, that are sum over
[2026-04-03T03:31:23.201+0600][12.038s][info][gc,stats    ] all workers. Dividing the <total> over the root stage time estimates parallelism.
[2026-04-03T03:31:23.201+0600][12.038s][info][gc,stats    ] 
[2026-04-03T03:31:23.201+0600][12.038s][info][gc,stats    ] Concurrent Reset                   1307 us
[2026-04-03T03:31:23.201+0600][12.038s][info][gc,stats    ] Pause Init Mark (G)                 388 us
[2026-04-03T03:31:23.201+0600][12.038s][info][gc,stats    ] Pause Init Mark (N)                 122 us
[2026-04-03T03:31:23.201+0600][12.038s][info][gc,stats    ]   Update Region States               20 us
[2026-04-03T03:31:23.201+0600][12.038s][info][gc,stats    ] Concurrent Mark Roots               648 us, parallelism: 1.79x
[2026-04-03T03:31:23.201+0600][12.038s][info][gc,stats    ]   CMR: <total>                     1160 us
[2026-04-03T03:31:23.201+0600][12.038s][info][gc,stats    ]   CMR: Thread Roots                 953 us, workers (us): 208, 374, 372, ---, ---, ---, 
[2026-04-03T03:31:23.201+0600][12.038s][info][gc,stats    ]   CMR: VM Strong Roots               19 us, workers (us):  17,   1,   0, ---, ---, ---, 
[2026-04-03T03:31:23.201+0600][12.038s][info][gc,stats    ]   CMR: CLDG Roots                   188 us, workers (us): 188, ---, ---, ---, ---, ---, 
[2026-04-03T03:31:23.201+0600][12.038s][info][gc,stats    ] Concurrent Marking               932037 us
[2026-04-03T03:31:23.201+0600][12.038s][info][gc,stats    ] Pause Final Mark (G)               1505 us
[2026-04-03T03:31:23.201+0600][12.038s][info][gc,stats    ] Pause Final Mark (N)                946 us
[2026-04-03T03:31:23.201+0600][12.038s][info][gc,stats    ]   Finish Mark                       275 us
[2026-04-03T03:31:23.201+0600][12.038s][info][gc,stats    ]   Update Region States              157 us
[2026-04-03T03:31:23.201+0600][12.038s][info][gc,stats    ]   Choose Collection Set             288 us
[2026-04-03T03:31:23.201+0600][12.038s][info][gc,stats    ]   Rebuild Free Set                   21 us
[2026-04-03T03:31:23.201+0600][12.038s][info][gc,stats    ] Concurrent Thread Roots             589 us, parallelism: 1.08x
[2026-04-03T03:31:23.201+0600][12.038s][info][gc,stats    ]   CTR: <total>                      637 us
[2026-04-03T03:31:23.201+0600][12.038s][info][gc,stats    ]   CTR: Thread Roots                 637 us, workers (us): 322, 167, 148, ---, ---, ---, 
[2026-04-03T03:31:23.201+0600][12.038s][info][gc,stats    ] Concurrent Weak References          253 us, parallelism: 0.32x
[2026-04-03T03:31:23.201+0600][12.038s][info][gc,stats    ]   CWRF: <total>                      82 us
[2026-04-03T03:31:23.201+0600][12.038s][info][gc,stats    ]   CWRF: Weak References              82 us, workers (us):  80,   1,   1, ---, ---, ---, 
[2026-04-03T03:31:23.201+0600][12.038s][info][gc,stats    ] Concurrent Weak Roots              1117 us
[2026-04-03T03:31:23.201+0600][12.038s][info][gc,stats    ]   Roots                             875 us, parallelism: 2.08x
[2026-04-03T03:31:23.201+0600][12.038s][info][gc,stats    ]     CWR: <total>                   1824 us
[2026-04-03T03:31:23.201+0600][12.038s][info][gc,stats    ]     CWR: Code Cache Roots           963 us, workers (us): 256, 375, 333, ---, ---, ---, 
[2026-04-03T03:31:23.201+0600][12.038s][info][gc,stats    ]     CWR: VM Weak Roots              808 us, workers (us): 299, 300, 208, ---, ---, ---, 
[2026-04-03T03:31:23.201+0600][12.038s][info][gc,stats    ]     CWR: CLDG Roots                  52 us, workers (us):  52, ---, ---, ---, ---, ---, 
[2026-04-03T03:31:23.201+0600][12.038s][info][gc,stats    ]   Rendezvous                        188 us
[2026-04-03T03:31:23.201+0600][12.038s][info][gc,stats    ] Concurrent Cleanup                  152 us
[2026-04-03T03:31:23.201+0600][12.038s][info][gc,stats    ] Concurrent Class Unloading         2398 us
[2026-04-03T03:31:23.201+0600][12.038s][info][gc,stats    ]   Unlink Stale                     1965 us
[2026-04-03T03:31:23.201+0600][12.038s][info][gc,stats    ]     System Dictionary                19 us
[2026-04-03T03:31:23.201+0600][12.038s][info][gc,stats    ]     Weak Class Links                  0 us
[2026-04-03T03:31:23.201+0600][12.038s][info][gc,stats    ]     Code Roots                     1943 us
[2026-04-03T03:31:23.201+0600][12.038s][info][gc,stats    ]   Rendezvous                        145 us
[2026-04-03T03:31:23.201+0600][12.038s][info][gc,stats    ]   Purge Unlinked                    215 us
[2026-04-03T03:31:23.201+0600][12.038s][info][gc,stats    ]     Code Roots                      209 us
[2026-04-03T03:31:23.201+0600][12.038s][info][gc,stats    ]     CLDG                              6 us
[2026-04-03T03:31:23.201+0600][12.038s][info][gc,stats    ]     Exception Caches                  0 us
[2026-04-03T03:31:23.201+0600][12.038s][info][gc,stats    ] Concurrent Strong Roots             445 us, parallelism: 0.59x
[2026-04-03T03:31:23.201+0600][12.038s][info][gc,stats    ]   CSR: <total>                      264 us
[2026-04-03T03:31:23.201+0600][12.038s][info][gc,stats    ]   CSR: VM Strong Roots               16 us, workers (us):  15,   1,   0, ---, ---, ---, 
[2026-04-03T03:31:23.201+0600][12.038s][info][gc,stats    ]   CSR: CLDG Roots                   248 us, workers (us): 248, ---, ---, ---, ---, ---, 
[2026-04-03T03:31:23.201+0600][12.038s][info][gc,stats    ] Concurrent Evacuation               811 us
[2026-04-03T03:31:23.202+0600][12.038s][info][gc,stats    ] Pause Init Update Refs (G)          443 us
[2026-04-03T03:31:23.202+0600][12.038s][info][gc,stats    ] Pause Init Update Refs (N)           71 us
[2026-04-03T03:31:23.202+0600][12.038s][info][gc,stats    ]   Manage GCLABs                       6 us
[2026-04-03T03:31:23.202+0600][12.038s][info][gc,stats    ] Concurrent Update Refs           249239 us
[2026-04-03T03:31:23.202+0600][12.038s][info][gc,stats    ] Concurrent Update Thread Roots      821 us
[2026-04-03T03:31:23.202+0600][12.038s][info][gc,stats    ] Pause Final Update Refs (G)         378 us
[2026-04-03T03:31:23.202+0600][12.038s][info][gc,stats    ] Pause Final Update Refs (N)         167 us
[2026-04-03T03:31:23.202+0600][12.038s][info][gc,stats    ]   Update Region States               53 us
[2026-04-03T03:31:23.202+0600][12.038s][info][gc,stats    ]   Trash Collection Set                8 us
[2026-04-03T03:31:23.202+0600][12.038s][info][gc,stats    ]   Rebuild Free Set                   26 us
[2026-04-03T03:31:23.202+0600][12.038s][info][gc,stats    ] Concurrent Cleanup                  251 us
[2026-04-03T03:31:23.202+0600][12.038s][info][gc,stats    ] 
[2026-04-03T03:31:23.202+0600][12.038s][info][gc,stats    ] Allocation pacing accrued:
[2026-04-03T03:31:23.202+0600][12.038s][info][gc,stats    ]       0 of  1195 ms (  0.0%): <total>
[2026-04-03T03:31:23.202+0600][12.038s][info][gc,stats    ]       0 of  1195 ms (  0.0%): <average total>
[2026-04-03T03:31:23.202+0600][12.038s][info][gc,stats    ] 
[2026-04-03T03:31:23.202+0600][12.038s][info][gc,metaspace] Metaspace: 49485K(49920K)->51913K(52352K) NonClass: 43352K(43584K)->45380K(45632K) Class: 6132K(6336K)->6532K(6720K)
[2026-04-03T03:31:23.202+0600][12.038s][info][gc,ergo     ] Pacer for Idle. Initial: 30720K, Alloc Tax Rate: 1.0x
[2026-04-03T03:31:23.203+0600][12.040s][info][gc          ] Trigger: Learning 5 of 5. Free (766M) is below initial threshold (1050M)
[2026-04-03T03:31:23.203+0600][12.040s][info][gc,ergo     ] Free: 766M, Max: 512K regular, 699M humongous, Frag: 9% external, 0% internal; Reserve: 76800K, Max: 512K
[2026-04-03T03:31:23.203+0600][12.040s][info][gc,start    ] GC(4) Concurrent reset
[2026-04-03T03:31:23.203+0600][12.040s][info][gc,task     ] GC(4) Using 3 of 6 workers for concurrent reset
[2026-04-03T03:31:23.203+0600][12.040s][info][gc,ergo     ] GC(4) Pacer for Reset. Non-Taxable: 1500M
[2026-04-03T03:31:23.205+0600][12.042s][info][gc          ] GC(4) Concurrent reset 2.065ms
[2026-04-03T03:31:23.205+0600][12.042s][info][gc,start    ] GC(4) Pause Init Mark (unload classes)
[2026-04-03T03:31:23.205+0600][12.042s][info][gc,task     ] GC(4) Using 6 of 6 workers for init marking
[2026-04-03T03:31:23.205+0600][12.042s][info][gc,ergo     ] GC(4) Pacer for Mark. Expected Live: 225M, Free: 766M, Non-Taxable: 78458K, Alloc Tax Rate: 0.4x
[2026-04-03T03:31:23.205+0600][12.042s][info][gc          ] GC(4) Pause Init Mark (unload classes) 0.102ms
[2026-04-03T03:31:23.206+0600][12.042s][info][gc,start    ] GC(4) Concurrent marking roots
[2026-04-03T03:31:23.206+0600][12.042s][info][gc,task     ] GC(4) Using 3 of 6 workers for concurrent marking roots
[2026-04-03T03:31:23.206+0600][12.043s][info][gc          ] GC(4) Concurrent marking roots 0.590ms
[2026-04-03T03:31:23.206+0600][12.043s][info][gc,start    ] GC(4) Concurrent marking (unload classes)
[2026-04-03T03:31:23.206+0600][12.043s][info][gc,task     ] GC(4) Using 3 of 6 workers for concurrent marking
[2026-04-03T03:31:23.219+0600][12.055s][info][gc          ] GC(4) Concurrent marking (unload classes) 12.396ms
[2026-04-03T03:31:23.219+0600][12.056s][info][gc,start    ] GC(4) Pause Final Mark (unload classes)
[2026-04-03T03:31:23.220+0600][12.056s][info][gc,task     ] GC(4) Using 6 of 6 workers for final marking
[2026-04-03T03:31:23.220+0600][12.057s][info][gc,ergo     ] GC(4) Collectable Garbage: 585M (92%), Immediate: 585M (92%), CSet: 0B (0%)
[2026-04-03T03:31:23.220+0600][12.057s][info][gc          ] GC(4) Pause Final Mark (unload classes) 0.705ms
[2026-04-03T03:31:23.220+0600][12.057s][info][gc,start    ] GC(4) Concurrent weak references
[2026-04-03T03:31:23.220+0600][12.057s][info][gc,task     ] GC(4) Using 3 of 6 workers for concurrent weak references
[2026-04-03T03:31:23.221+0600][12.057s][info][gc,ref      ] GC(4) Encountered references: Soft: 3998, Weak: 3085, Final: 82, Phantom: 587
[2026-04-03T03:31:23.221+0600][12.057s][info][gc,ref      ] GC(4) Discovered  references: Soft: 0, Weak: 281, Final: 0, Phantom: 581
[2026-04-03T03:31:23.221+0600][12.057s][info][gc,ref      ] GC(4) Enqueued    references: Soft: 0, Weak: 148, Final: 0, Phantom: 1
[2026-04-03T03:31:23.221+0600][12.057s][info][gc          ] GC(4) Concurrent weak references 0.337ms
[2026-04-03T03:31:23.221+0600][12.057s][info][gc,start    ] GC(4) Concurrent weak roots
[2026-04-03T03:31:23.221+0600][12.057s][info][gc,task     ] GC(4) Using 3 of 6 workers for concurrent weak root
[2026-04-03T03:31:23.223+0600][12.059s][info][gc          ] GC(4) Concurrent weak roots 1.809ms
[2026-04-03T03:31:23.223+0600][12.059s][info][gc,start    ] GC(4) Concurrent cleanup
[2026-04-03T03:31:23.223+0600][12.060s][info][gc          ] GC(4) Concurrent cleanup 657M->72M(730M) 0.607ms
[2026-04-03T03:31:23.223+0600][12.060s][info][gc,ergo     ] GC(4) Free: 1350M, Max: 512K regular, 699M humongous, Frag: 49% external, 0% internal; Reserve: 76800K, Max: 512K
[2026-04-03T03:31:23.223+0600][12.060s][info][gc,start    ] GC(4) Concurrent class unloading
[2026-04-03T03:31:23.223+0600][12.060s][info][gc,task     ] GC(4) Using 3 of 6 workers for concurrent class unloading
[2026-04-03T03:31:23.226+0600][12.063s][info][gc          ] GC(4) Concurrent class unloading 3.138ms
[2026-04-03T03:31:23.227+0600][12.063s][info][gc,start    ] GC(4) Pause Final Roots
[2026-04-03T03:31:23.227+0600][12.063s][info][gc          ] GC(4) Pause Final Roots 0.056ms
[2026-04-03T03:31:23.227+0600][12.063s][info][gc,ergo     ] Free: 1350M, Max: 512K regular, 699M humongous, Frag: 49% external, 0% internal; Reserve: 76800K, Max: 512K
[2026-04-03T03:31:23.227+0600][12.063s][info][gc,stats    ] 
[2026-04-03T03:31:23.227+0600][12.063s][info][gc,stats    ] All times are wall-clock times, except per-root-class counters, that are sum over
[2026-04-03T03:31:23.227+0600][12.063s][info][gc,stats    ] all workers. Dividing the <total> over the root stage time estimates parallelism.
[2026-04-03T03:31:23.227+0600][12.063s][info][gc,stats    ] 
[2026-04-03T03:31:23.227+0600][12.064s][info][gc,stats    ] Concurrent Reset                   2165 us
[2026-04-03T03:31:23.227+0600][12.064s][info][gc,stats    ] Pause Init Mark (G)                 358 us
[2026-04-03T03:31:23.227+0600][12.064s][info][gc,stats    ] Pause Init Mark (N)                 114 us
[2026-04-03T03:31:23.227+0600][12.064s][info][gc,stats    ]   Update Region States               21 us
[2026-04-03T03:31:23.227+0600][12.064s][info][gc,stats    ] Concurrent Mark Roots               623 us, parallelism: 1.40x
[2026-04-03T03:31:23.227+0600][12.064s][info][gc,stats    ]   CMR: <total>                      872 us
[2026-04-03T03:31:23.227+0600][12.064s][info][gc,stats    ]   CMR: Thread Roots                 677 us, workers (us): 134, 316, 227, ---, ---, ---, 
[2026-04-03T03:31:23.227+0600][12.064s][info][gc,stats    ]   CMR: VM Strong Roots               22 us, workers (us):  20,   1,   1, ---, ---, ---, 
[2026-04-03T03:31:23.227+0600][12.064s][info][gc,stats    ]   CMR: CLDG Roots                   172 us, workers (us): 172, ---, ---, ---, ---, ---, 
[2026-04-03T03:31:23.227+0600][12.064s][info][gc,stats    ] Concurrent Marking                12490 us
[2026-04-03T03:31:23.227+0600][12.064s][info][gc,stats    ] Pause Final Mark (G)               1652 us
[2026-04-03T03:31:23.227+0600][12.064s][info][gc,stats    ] Pause Final Mark (N)                730 us
[2026-04-03T03:31:23.227+0600][12.064s][info][gc,stats    ]   Finish Mark                       365 us
[2026-04-03T03:31:23.227+0600][12.064s][info][gc,stats    ]   Update Region States               89 us
[2026-04-03T03:31:23.227+0600][12.064s][info][gc,stats    ]   Choose Collection Set             112 us
[2026-04-03T03:31:23.227+0600][12.064s][info][gc,stats    ]   Rebuild Free Set                   30 us
[2026-04-03T03:31:23.227+0600][12.064s][info][gc,stats    ] Concurrent Weak References          371 us, parallelism: 0.28x
[2026-04-03T03:31:23.227+0600][12.064s][info][gc,stats    ]   CWRF: <total>                     104 us
[2026-04-03T03:31:23.227+0600][12.064s][info][gc,stats    ]   CWRF: Weak References             104 us, workers (us): 100,   3,   0, ---, ---, ---, 
[2026-04-03T03:31:23.227+0600][12.064s][info][gc,stats    ] Concurrent Weak Roots              1864 us
[2026-04-03T03:31:23.227+0600][12.064s][info][gc,stats    ]   Roots                            1420 us, parallelism: 2.21x
[2026-04-03T03:31:23.227+0600][12.064s][info][gc,stats    ]     CWR: <total>                   3142 us
[2026-04-03T03:31:23.227+0600][12.064s][info][gc,stats    ]     CWR: Code Cache Roots          2116 us, workers (us): 855, 636, 625, ---, ---, ---, 
[2026-04-03T03:31:23.227+0600][12.064s][info][gc,stats    ]     CWR: VM Weak Roots              996 us, workers (us): 376, 321, 299, ---, ---, ---, 
[2026-04-03T03:31:23.227+0600][12.064s][info][gc,stats    ]     CWR: CLDG Roots                  30 us, workers (us): ---, ---,  30, ---, ---, ---, 
[2026-04-03T03:31:23.227+0600][12.064s][info][gc,stats    ]   Rendezvous                        338 us
[2026-04-03T03:31:23.227+0600][12.064s][info][gc,stats    ] Concurrent Cleanup                  622 us
[2026-04-03T03:31:23.227+0600][12.064s][info][gc,stats    ] Concurrent Class Unloading         3197 us
[2026-04-03T03:31:23.227+0600][12.064s][info][gc,stats    ]   Unlink Stale                     2520 us
[2026-04-03T03:31:23.227+0600][12.064s][info][gc,stats    ]     System Dictionary                36 us
[2026-04-03T03:31:23.227+0600][12.064s][info][gc,stats    ]     Weak Class Links                  0 us
[2026-04-03T03:31:23.227+0600][12.064s][info][gc,stats    ]     Code Roots                     2482 us
[2026-04-03T03:31:23.227+0600][12.064s][info][gc,stats    ]   Rendezvous                        380 us
[2026-04-03T03:31:23.227+0600][12.064s][info][gc,stats    ]   Purge Unlinked                    215 us
[2026-04-03T03:31:23.227+0600][12.064s][info][gc,stats    ]     Code Roots                      204 us
[2026-04-03T03:31:23.227+0600][12.064s][info][gc,stats    ]     CLDG                             11 us
[2026-04-03T03:31:23.227+0600][12.064s][info][gc,stats    ]     Exception Caches                  0 us
[2026-04-03T03:31:23.227+0600][12.064s][info][gc,stats    ] Pause Final Roots (G)               276 us
[2026-04-03T03:31:23.227+0600][12.064s][info][gc,stats    ] Pause Final Roots (N)                73 us
[2026-04-03T03:31:23.227+0600][12.064s][info][gc,stats    ] 
[2026-04-03T03:31:23.227+0600][12.064s][info][gc,stats    ] Allocation pacing accrued:
[2026-04-03T03:31:23.227+0600][12.064s][info][gc,stats    ]       0 of    25 ms (  0.0%): <total>
[2026-04-03T03:31:23.227+0600][12.064s][info][gc,stats    ]       0 of    25 ms (  0.0%): <average total>
[2026-04-03T03:31:23.227+0600][12.064s][info][gc,stats    ] 
[2026-04-03T03:31:23.227+0600][12.064s][info][gc,metaspace] Metaspace: 51925K(52352K)->52119K(52672K) NonClass: 45391K(45632K)->45560K(45888K) Class: 6534K(6720K)->6558K(6784K)
[2026-04-03T03:31:23.227+0600][12.064s][info][gc,ergo     ] Pacer for Idle. Initial: 30720K, Alloc Tax Rate: 1.0x
[2026-04-03T03:31:25.135+0600][13.972s][info][gc          ] Trigger: Explicit GC request (System.gc())
[2026-04-03T03:31:25.156+0600][13.993s][info][gc,ergo     ] Free: 1295M, Max: 512K regular, 699M humongous, Frag: 47% external, 0% internal; Reserve: 76800K, Max: 512K
[2026-04-03T03:31:25.156+0600][13.993s][info][gc,start    ] GC(5) Concurrent reset
[2026-04-03T03:31:25.156+0600][13.993s][info][gc,task     ] GC(5) Using 3 of 6 workers for concurrent reset
[2026-04-03T03:31:25.156+0600][13.993s][info][gc,ergo     ] GC(5) Pacer for Reset. Non-Taxable: 1500M
[2026-04-03T03:31:25.157+0600][13.994s][info][gc          ] GC(5) Concurrent reset 0.616ms
[2026-04-03T03:31:25.157+0600][13.994s][info][gc,start    ] GC(5) Pause Init Mark (unload classes)
[2026-04-03T03:31:25.157+0600][13.994s][info][gc,task     ] GC(5) Using 6 of 6 workers for init marking
[2026-04-03T03:31:25.157+0600][13.994s][info][gc,ref      ] GC(5) Clearing All SoftReferences
[2026-04-03T03:31:25.157+0600][13.994s][info][gc,ergo     ] GC(5) Pacer for Mark. Expected Live: 185M, Free: 1295M, Non-Taxable: 129M, Alloc Tax Rate: 0.2x
[2026-04-03T03:31:25.157+0600][13.994s][info][gc          ] GC(5) Pause Init Mark (unload classes) 0.122ms
[2026-04-03T03:31:25.157+0600][13.994s][info][gc,start    ] GC(5) Concurrent marking roots
[2026-04-03T03:31:25.157+0600][13.994s][info][gc,task     ] GC(5) Using 3 of 6 workers for concurrent marking roots
[2026-04-03T03:31:25.158+0600][13.995s][info][gc          ] GC(5) Concurrent marking roots 0.592ms
[2026-04-03T03:31:25.158+0600][13.995s][info][gc,start    ] GC(5) Concurrent marking (unload classes)
[2026-04-03T03:31:25.158+0600][13.995s][info][gc,task     ] GC(5) Using 3 of 6 workers for concurrent marking
[2026-04-03T03:31:25.171+0600][14.008s][info][gc          ] GC(5) Concurrent marking (unload classes) 13.009ms
[2026-04-03T03:31:25.171+0600][14.008s][info][gc,start    ] GC(5) Pause Final Mark (unload classes)
[2026-04-03T03:31:25.171+0600][14.008s][info][gc,task     ] GC(5) Using 6 of 6 workers for final marking
[2026-04-03T03:31:25.172+0600][14.008s][info][gc,ergo     ] GC(5) Adaptive CSet Selection. Target Free: 212M, Actual Free: 1385M, Max CSet: 64000K, Min Garbage: 0B
[2026-04-03T03:31:25.172+0600][14.009s][info][gc,ergo     ] GC(5) Collectable Garbage: 96592K (98%), Immediate: 15517K (15%), CSet: 81075K (82%)
[2026-04-03T03:31:25.172+0600][14.009s][info][gc,ergo     ] GC(5) Pacer for Evacuation. Used CSet: 83854K, Free: 1315M, Non-Taxable: 131M, Alloc Tax Rate: 1.1x
[2026-04-03T03:31:25.172+0600][14.009s][info][gc          ] GC(5) Pause Final Mark (unload classes) 0.831ms
[2026-04-03T03:31:25.172+0600][14.009s][info][gc,start    ] GC(5) Concurrent thread roots
[2026-04-03T03:31:25.172+0600][14.009s][info][gc,task     ] GC(5) Using 3 of 6 workers for Concurrent thread roots
[2026-04-03T03:31:25.173+0600][14.010s][info][gc          ] GC(5) Concurrent thread roots 0.630ms
[2026-04-03T03:31:25.173+0600][14.010s][info][gc,start    ] GC(5) Concurrent weak references
[2026-04-03T03:31:25.173+0600][14.010s][info][gc,task     ] GC(5) Using 3 of 6 workers for concurrent weak references
[2026-04-03T03:31:25.173+0600][14.010s][info][gc,ref      ] GC(5) Encountered references: Soft: 4166, Weak: 3843, Final: 82, Phantom: 586
[2026-04-03T03:31:25.174+0600][14.010s][info][gc,ref      ] GC(5) Discovered  references: Soft: 3492, Weak: 638, Final: 0, Phantom: 582
[2026-04-03T03:31:25.174+0600][14.010s][info][gc,ref      ] GC(5) Enqueued    references: Soft: 1693, Weak: 445, Final: 0, Phantom: 0
[2026-04-03T03:31:25.174+0600][14.010s][info][gc          ] GC(5) Concurrent weak references 0.663ms
[2026-04-03T03:31:25.174+0600][14.010s][info][gc,start    ] GC(5) Concurrent weak roots
[2026-04-03T03:31:25.174+0600][14.010s][info][gc,task     ] GC(5) Using 3 of 6 workers for concurrent weak root
[2026-04-03T03:31:25.176+0600][14.013s][info][gc          ] GC(5) Concurrent weak roots 2.331ms
[2026-04-03T03:31:25.176+0600][14.013s][info][gc,start    ] GC(5) Concurrent cleanup
[2026-04-03T03:31:25.176+0600][14.013s][info][gc          ] GC(5) Concurrent cleanup 123M->108M(730M) 0.197ms
[2026-04-03T03:31:25.176+0600][14.013s][info][gc,ergo     ] GC(5) Free: 1315M, Max: 512K regular, 699M humongous, Frag: 47% external, 0% internal; Reserve: 76156K, Max: 512K
[2026-04-03T03:31:25.176+0600][14.013s][info][gc,start    ] GC(5) Concurrent class unloading
[2026-04-03T03:31:25.176+0600][14.013s][info][gc,task     ] GC(5) Using 3 of 6 workers for concurrent class unloading
[2026-04-03T03:31:25.192+0600][14.028s][info][gc          ] GC(5) Concurrent class unloading 15.428ms
[2026-04-03T03:31:25.192+0600][14.029s][info][gc,start    ] GC(5) Concurrent strong roots
[2026-04-03T03:31:25.192+0600][14.029s][info][gc,task     ] GC(5) Using 3 of 6 workers for concurrent strong root
[2026-04-03T03:31:25.193+0600][14.030s][info][gc          ] GC(5) Concurrent strong roots 1.400ms
[2026-04-03T03:31:25.193+0600][14.030s][info][gc,start    ] GC(5) Concurrent evacuation
[2026-04-03T03:31:25.193+0600][14.030s][info][gc,task     ] GC(5) Using 3 of 6 workers for concurrent evacuation
[2026-04-03T03:31:25.196+0600][14.033s][info][gc          ] GC(5) Concurrent evacuation 2.805ms
[2026-04-03T03:31:25.196+0600][14.033s][info][gc,start    ] GC(5) Pause Init Update Refs
[2026-04-03T03:31:25.197+0600][14.033s][info][gc,ergo     ] GC(5) Pacer for Update Refs. Used: 111M, Free: 1315M, Non-Taxable: 131M, Alloc Tax Rate: 1.1x
[2026-04-03T03:31:25.197+0600][14.033s][info][gc          ] GC(5) Pause Init Update Refs 0.117ms
[2026-04-03T03:31:25.197+0600][14.033s][info][gc,start    ] GC(5) Concurrent update references
[2026-04-03T03:31:25.197+0600][14.033s][info][gc,task     ] GC(5) Using 3 of 6 workers for concurrent reference update
[2026-04-03T03:31:25.206+0600][14.043s][info][gc          ] GC(5) Concurrent update references 9.811ms
[2026-04-03T03:31:25.207+0600][14.043s][info][gc,start    ] GC(5) Concurrent update thread roots
[2026-04-03T03:31:25.207+0600][14.044s][info][gc          ] GC(5) Concurrent update thread roots 0.843ms
[2026-04-03T03:31:25.208+0600][14.044s][info][gc,start    ] GC(5) Pause Final Update Refs
[2026-04-03T03:31:25.208+0600][14.044s][info][gc,task     ] GC(5) Using 6 of 6 workers for final reference update
[2026-04-03T03:31:25.208+0600][14.044s][info][gc          ] GC(5) Pause Final Update Refs 0.199ms
[2026-04-03T03:31:25.208+0600][14.044s][info][gc,start    ] GC(5) Concurrent cleanup
[2026-04-03T03:31:25.208+0600][14.045s][info][gc          ] GC(5) Concurrent cleanup 111M->29M(731M) 0.544ms
[2026-04-03T03:31:25.208+0600][14.045s][info][gc,ergo     ] Free: 1393M, Max: 512K regular, 1116M humongous, Frag: 20% external, 0% internal; Reserve: 76800K, Max: 512K
[2026-04-03T03:31:25.208+0600][14.045s][info][gc,stats    ] 
[2026-04-03T03:31:25.208+0600][14.045s][info][gc,stats    ] All times are wall-clock times, except per-root-class counters, that are sum over
[2026-04-03T03:31:25.208+0600][14.045s][info][gc,stats    ] all workers. Dividing the <total> over the root stage time estimates parallelism.
[2026-04-03T03:31:25.208+0600][14.045s][info][gc,stats    ] 
[2026-04-03T03:31:25.208+0600][14.045s][info][gc,stats    ] Concurrent Reset                    677 us
[2026-04-03T03:31:25.209+0600][14.045s][info][gc,stats    ] Pause Init Mark (G)                 465 us
[2026-04-03T03:31:25.209+0600][14.045s][info][gc,stats    ] Pause Init Mark (N)                 132 us
[2026-04-03T03:31:25.209+0600][14.045s][info][gc,stats    ]   Update Region States               30 us
[2026-04-03T03:31:25.209+0600][14.045s][info][gc,stats    ] Concurrent Mark Roots               633 us, parallelism: 1.51x
[2026-04-03T03:31:25.209+0600][14.045s][info][gc,stats    ]   CMR: <total>                      954 us
[2026-04-03T03:31:25.209+0600][14.045s][info][gc,stats    ]   CMR: Thread Roots                 767 us, workers (us): 171, 302, 294, ---, ---, ---, 
[2026-04-03T03:31:25.209+0600][14.045s][info][gc,stats    ]   CMR: VM Strong Roots               20 us, workers (us):  18,   1,   1, ---, ---, ---, 
[2026-04-03T03:31:25.209+0600][14.045s][info][gc,stats    ]   CMR: CLDG Roots                   167 us, workers (us): 167, ---, ---, ---, ---, ---, 
[2026-04-03T03:31:25.209+0600][14.045s][info][gc,stats    ] Concurrent Marking                13096 us
[2026-04-03T03:31:25.209+0600][14.045s][info][gc,stats    ] Pause Final Mark (G)               1034 us
[2026-04-03T03:31:25.209+0600][14.045s][info][gc,stats    ] Pause Final Mark (N)                849 us
[2026-04-03T03:31:25.209+0600][14.045s][info][gc,stats    ]   Finish Mark                       309 us
[2026-04-03T03:31:25.209+0600][14.045s][info][gc,stats    ]   Update Region States               40 us
[2026-04-03T03:31:25.209+0600][14.045s][info][gc,stats    ]   Choose Collection Set             304 us
[2026-04-03T03:31:25.209+0600][14.045s][info][gc,stats    ]   Rebuild Free Set                   68 us
[2026-04-03T03:31:25.209+0600][14.045s][info][gc,stats    ] Concurrent Thread Roots             698 us, parallelism: 1.46x
[2026-04-03T03:31:25.209+0600][14.045s][info][gc,stats    ]   CTR: <total>                     1021 us
[2026-04-03T03:31:25.209+0600][14.045s][info][gc,stats    ]   CTR: Thread Roots                1021 us, workers (us): 378, 345, 298, ---, ---, ---, 
[2026-04-03T03:31:25.209+0600][14.045s][info][gc,stats    ] Concurrent Weak References          680 us, parallelism: 1.52x
[2026-04-03T03:31:25.209+0600][14.045s][info][gc,stats    ]   CWRF: <total>                    1033 us
[2026-04-03T03:31:25.209+0600][14.045s][info][gc,stats    ]   CWRF: Weak References            1033 us, workers (us): 353, 326, 354, ---, ---, ---, 
[2026-04-03T03:31:25.209+0600][14.045s][info][gc,stats    ] Concurrent Weak Roots              2439 us
[2026-04-03T03:31:25.209+0600][14.046s][info][gc,stats    ]   Roots                            2001 us, parallelism: 2.46x
[2026-04-03T03:31:25.209+0600][14.046s][info][gc,stats    ]     CWR: <total>                   4916 us
[2026-04-03T03:31:25.209+0600][14.046s][info][gc,stats    ]     CWR: Code Cache Roots          2280 us, workers (us): 854, 792, 635, ---, ---, ---, 
[2026-04-03T03:31:25.209+0600][14.046s][info][gc,stats    ]     CWR: VM Weak Roots             2590 us, workers (us): 911, 888, 791, ---, ---, ---, 
[2026-04-03T03:31:25.209+0600][14.046s][info][gc,stats    ]     CWR: CLDG Roots                  46 us, workers (us): ---, ---,  46, ---, ---, ---, 
[2026-04-03T03:31:25.209+0600][14.046s][info][gc,stats    ]   Rendezvous                        286 us
[2026-04-03T03:31:25.209+0600][14.046s][info][gc,stats    ] Concurrent Cleanup                  235 us
[2026-04-03T03:31:25.209+0600][14.046s][info][gc,stats    ] Concurrent Class Unloading        15544 us
[2026-04-03T03:31:25.209+0600][14.046s][info][gc,stats    ]   Unlink Stale                    14218 us
[2026-04-03T03:31:25.209+0600][14.046s][info][gc,stats    ]     System Dictionary               510 us
[2026-04-03T03:31:25.209+0600][14.046s][info][gc,stats    ]     Weak Class Links               9611 us
[2026-04-03T03:31:25.209+0600][14.046s][info][gc,stats    ]     Code Roots                     4089 us
[2026-04-03T03:31:25.209+0600][14.046s][info][gc,stats    ]   Rendezvous                        294 us
[2026-04-03T03:31:25.209+0600][14.046s][info][gc,stats    ]   Purge Unlinked                    864 us
[2026-04-03T03:31:25.209+0600][14.046s][info][gc,stats    ]     Code Roots                      490 us
[2026-04-03T03:31:25.209+0600][14.046s][info][gc,stats    ]     CLDG                            373 us
[2026-04-03T03:31:25.209+0600][14.046s][info][gc,stats    ]     Exception Caches                  1 us
[2026-04-03T03:31:25.209+0600][14.046s][info][gc,stats    ] Concurrent Strong Roots            1469 us, parallelism: 0.77x
[2026-04-03T03:31:25.209+0600][14.046s][info][gc,stats    ]   CSR: <total>                     1131 us
[2026-04-03T03:31:25.209+0600][14.046s][info][gc,stats    ]   CSR: VM Strong Roots               56 us, workers (us):  46,  10,   1, ---, ---, ---, 
[2026-04-03T03:31:25.209+0600][14.046s][info][gc,stats    ]   CSR: CLDG Roots                  1075 us, workers (us): ---, 1075, ---, ---, ---, ---, 
[2026-04-03T03:31:25.209+0600][14.046s][info][gc,stats    ] Concurrent Evacuation              2877 us
[2026-04-03T03:31:25.209+0600][14.046s][info][gc,stats    ] Pause Init Update Refs (G)          374 us
[2026-04-03T03:31:25.209+0600][14.046s][info][gc,stats    ] Pause Init Update Refs (N)          157 us
[2026-04-03T03:31:25.209+0600][14.046s][info][gc,stats    ]   Manage GCLABs                      12 us
[2026-04-03T03:31:25.209+0600][14.046s][info][gc,stats    ] Concurrent Update Refs             9896 us
[2026-04-03T03:31:25.209+0600][14.046s][info][gc,stats    ] Concurrent Update Thread Roots      901 us
[2026-04-03T03:31:25.209+0600][14.046s][info][gc,stats    ] Pause Final Update Refs (G)         374 us
[2026-04-03T03:31:25.209+0600][14.046s][info][gc,stats    ] Pause Final Update Refs (N)         222 us
[2026-04-03T03:31:25.209+0600][14.046s][info][gc,stats    ]   Update Region States               49 us
[2026-04-03T03:31:25.209+0600][14.046s][info][gc,stats    ]   Trash Collection Set                9 us
[2026-04-03T03:31:25.209+0600][14.046s][info][gc,stats    ]   Rebuild Free Set                   60 us
[2026-04-03T03:31:25.209+0600][14.046s][info][gc,stats    ] Concurrent Cleanup                  562 us
[2026-04-03T03:31:25.209+0600][14.046s][info][gc,stats    ] 
[2026-04-03T03:31:25.209+0600][14.046s][info][gc,stats    ] Allocation pacing accrued:
[2026-04-03T03:31:25.209+0600][14.046s][info][gc,stats    ]       0 of  1982 ms (  0.0%): <total>
[2026-04-03T03:31:25.209+0600][14.046s][info][gc,stats    ]       0 of  1982 ms (  0.0%): <average total>
[2026-04-03T03:31:25.209+0600][14.046s][info][gc,stats    ] 
[2026-04-03T03:31:25.209+0600][14.046s][info][gc,metaspace] Metaspace: 57364K(57920K)->57126K(57920K) NonClass: 50172K(50496K)->49989K(50496K) Class: 7192K(7424K)->7136K(7424K)
[2026-04-03T03:31:25.209+0600][14.046s][info][gc,ergo     ] Pacer for Idle. Initial: 30720K, Alloc Tax Rate: 1.0x
[2026-04-03T03:31:25.209+0600][14.046s][info][gc,start    ] Concurrent uncommit
[2026-04-03T03:31:25.352+0600][14.188s][info][gc          ] Concurrent uncommit 29M->38M(40M) 142.174ms
[2026-04-03T03:31:27.901+0600][16.738s][info][gc          ] Trigger: Learning 2 of 5. Free (1048M) is below initial threshold (1050M)
[2026-04-03T03:31:27.901+0600][16.738s][info][gc,ergo     ] Free: 1048M, Max: 512K regular, 1048M humongous, Frag: 0% external, 0% internal; Reserve: 76800K, Max: 512K
[2026-04-03T03:31:27.901+0600][16.738s][info][gc,start    ] GC(6) Concurrent reset
[2026-04-03T03:31:27.901+0600][16.738s][info][gc,task     ] GC(6) Using 3 of 6 workers for concurrent reset
[2026-04-03T03:31:27.901+0600][16.738s][info][gc,ergo     ] GC(6) Pacer for Reset. Non-Taxable: 1500M
[2026-04-03T03:31:27.902+0600][16.739s][info][gc          ] GC(6) Concurrent reset 1.233ms
[2026-04-03T03:31:27.903+0600][16.739s][info][gc,start    ] GC(6) Pause Init Mark (unload classes)
[2026-04-03T03:31:27.903+0600][16.739s][info][gc,task     ] GC(6) Using 6 of 6 workers for init marking
[2026-04-03T03:31:27.903+0600][16.739s][info][gc,ergo     ] GC(6) Pacer for Mark. Expected Live: 187M, Free: 1046M, Non-Taxable: 104M, Alloc Tax Rate: 0.2x
[2026-04-03T03:31:27.903+0600][16.739s][info][gc          ] GC(6) Pause Init Mark (unload classes) 0.172ms
[2026-04-03T03:31:27.903+0600][16.740s][info][gc,start    ] GC(6) Concurrent marking roots
[2026-04-03T03:31:27.903+0600][16.740s][info][gc,task     ] GC(6) Using 3 of 6 workers for concurrent marking roots
[2026-04-03T03:31:27.905+0600][16.741s][info][gc          ] GC(6) Concurrent marking roots 1.607ms
[2026-04-03T03:31:27.905+0600][16.741s][info][gc,start    ] GC(6) Concurrent marking (unload classes)
[2026-04-03T03:31:27.905+0600][16.741s][info][gc,task     ] GC(6) Using 3 of 6 workers for concurrent marking
[2026-04-03T03:31:27.921+0600][16.757s][info][gc          ] GC(6) Concurrent marking (unload classes) 16.174ms
[2026-04-03T03:31:27.921+0600][16.758s][info][gc,start    ] GC(6) Pause Final Mark (unload classes)
[2026-04-03T03:31:27.921+0600][16.758s][info][gc,task     ] GC(6) Using 6 of 6 workers for final marking
[2026-04-03T03:31:27.921+0600][16.758s][info][gc,ergo     ] GC(6) Adaptive CSet Selection. Target Free: 212M, Actual Free: 1335M, Max CSet: 64000K, Min Garbage: 0B
[2026-04-03T03:31:27.922+0600][16.758s][info][gc,ergo     ] GC(6) Collectable Garbage: 338M (99%), Immediate: 231M (68%), CSet: 106M (31%)
[2026-04-03T03:31:27.922+0600][16.758s][info][gc,ergo     ] GC(6) Pacer for Evacuation. Used CSet: 113M, Free: 1264M, Non-Taxable: 126M, Alloc Tax Rate: 1.1x
[2026-04-03T03:31:27.922+0600][16.758s][info][gc          ] GC(6) Pause Final Mark (unload classes) 0.550ms
[2026-04-03T03:31:27.922+0600][16.758s][info][gc,start    ] GC(6) Concurrent thread roots
[2026-04-03T03:31:27.922+0600][16.758s][info][gc,task     ] GC(6) Using 3 of 6 workers for Concurrent thread roots
[2026-04-03T03:31:27.922+0600][16.759s][info][gc          ] GC(6) Concurrent thread roots 0.401ms
[2026-04-03T03:31:27.922+0600][16.759s][info][gc,start    ] GC(6) Concurrent weak references
[2026-04-03T03:31:27.922+0600][16.759s][info][gc,task     ] GC(6) Using 3 of 6 workers for concurrent weak references
[2026-04-03T03:31:27.923+0600][16.760s][info][gc,ref      ] GC(6) Encountered references: Soft: 3188, Weak: 5794, Final: 82, Phantom: 604
[2026-04-03T03:31:27.923+0600][16.760s][info][gc,ref      ] GC(6) Discovered  references: Soft: 0, Weak: 2885, Final: 14, Phantom: 218
[2026-04-03T03:31:27.923+0600][16.760s][info][gc,ref      ] GC(6) Enqueued    references: Soft: 0, Weak: 801, Final: 0, Phantom: 1
[2026-04-03T03:31:27.923+0600][16.760s][info][gc          ] GC(6) Concurrent weak references 0.954ms
[2026-04-03T03:31:27.923+0600][16.760s][info][gc,start    ] GC(6) Concurrent weak roots
[2026-04-03T03:31:27.923+0600][16.760s][info][gc,task     ] GC(6) Using 3 of 6 workers for concurrent weak root
[2026-04-03T03:31:27.926+0600][16.762s][info][gc          ] GC(6) Concurrent weak roots 2.555ms
[2026-04-03T03:31:27.926+0600][16.762s][info][gc,start    ] GC(6) Concurrent cleanup
[2026-04-03T03:31:27.926+0600][16.763s][info][gc          ] GC(6) Concurrent cleanup 394M->163M(401M) 0.556ms
[2026-04-03T03:31:27.926+0600][16.763s][info][gc,ergo     ] GC(6) Free: 1260M, Max: 512K regular, 1025M humongous, Frag: 19% external, 0% internal; Reserve: 75518K, Max: 512K
[2026-04-03T03:31:27.926+0600][16.763s][info][gc,start    ] GC(6) Concurrent class unloading
[2026-04-03T03:31:27.926+0600][16.763s][info][gc,task     ] GC(6) Using 3 of 6 workers for concurrent class unloading
[2026-04-03T03:31:27.941+0600][16.778s][info][gc          ] GC(6) Concurrent class unloading 14.912ms
[2026-04-03T03:31:27.941+0600][16.778s][info][gc,start    ] GC(6) Concurrent strong roots
[2026-04-03T03:31:27.941+0600][16.778s][info][gc,task     ] GC(6) Using 3 of 6 workers for concurrent strong root
[2026-04-03T03:31:27.943+0600][16.780s][info][gc          ] GC(6) Concurrent strong roots 1.866ms
[2026-04-03T03:31:27.943+0600][16.780s][info][gc,start    ] GC(6) Concurrent evacuation
[2026-04-03T03:31:27.943+0600][16.780s][info][gc,task     ] GC(6) Using 3 of 6 workers for concurrent evacuation
[2026-04-03T03:31:27.950+0600][16.787s][info][gc          ] GC(6) Concurrent evacuation 6.571ms
[2026-04-03T03:31:27.950+0600][16.787s][info][gc,start    ] GC(6) Pause Init Update Refs
[2026-04-03T03:31:27.950+0600][16.787s][info][gc,ergo     ] GC(6) Pacer for Update Refs. Used: 192M, Free: 1237M, Non-Taxable: 123M, Alloc Tax Rate: 1.1x
[2026-04-03T03:31:27.950+0600][16.787s][info][gc          ] GC(6) Pause Init Update Refs 0.071ms
[2026-04-03T03:31:27.950+0600][16.787s][info][gc,start    ] GC(6) Concurrent update references
[2026-04-03T03:31:27.950+0600][16.787s][info][gc,task     ] GC(6) Using 3 of 6 workers for concurrent reference update
[2026-04-03T03:31:27.965+0600][16.801s][info][gc          ] GC(6) Concurrent update references 14.494ms
[2026-04-03T03:31:27.965+0600][16.802s][info][gc,start    ] GC(6) Concurrent update thread roots
[2026-04-03T03:31:27.965+0600][16.802s][info][gc          ] GC(6) Concurrent update thread roots 0.628ms
[2026-04-03T03:31:27.966+0600][16.802s][info][gc,start    ] GC(6) Pause Final Update Refs
[2026-04-03T03:31:27.966+0600][16.802s][info][gc,task     ] GC(6) Using 6 of 6 workers for final reference update
[2026-04-03T03:31:27.966+0600][16.802s][info][gc          ] GC(6) Pause Final Update Refs 0.172ms
[2026-04-03T03:31:27.966+0600][16.803s][info][gc,start    ] GC(6) Concurrent cleanup
[2026-04-03T03:31:27.966+0600][16.803s][info][gc          ] GC(6) Concurrent cleanup 209M->96M(407M) 0.211ms
[2026-04-03T03:31:27.966+0600][16.803s][info][gc,ergo     ] Free: 1326M, Max: 512K regular, 1020M humongous, Frag: 24% external, 0% internal; Reserve: 76800K, Max: 512K
[2026-04-03T03:31:27.966+0600][16.803s][info][gc,stats    ] 
[2026-04-03T03:31:27.966+0600][16.803s][info][gc,stats    ] All times are wall-clock times, except per-root-class counters, that are sum over
[2026-04-03T03:31:27.966+0600][16.803s][info][gc,stats    ] all workers. Dividing the <total> over the root stage time estimates parallelism.
[2026-04-03T03:31:27.966+0600][16.803s][info][gc,stats    ] 
[2026-04-03T03:31:27.966+0600][16.803s][info][gc,stats    ] Concurrent Reset                   1277 us
[2026-04-03T03:31:27.966+0600][16.803s][info][gc,stats    ] Pause Init Mark (G)                 571 us
[2026-04-03T03:31:27.966+0600][16.803s][info][gc,stats    ] Pause Init Mark (N)                 183 us
[2026-04-03T03:31:27.966+0600][16.803s][info][gc,stats    ]   Update Region States               27 us
[2026-04-03T03:31:27.966+0600][16.803s][info][gc,stats    ] Concurrent Mark Roots              1643 us, parallelism: 2.24x
[2026-04-03T03:31:27.966+0600][16.803s][info][gc,stats    ]   CMR: <total>                     3688 us
[2026-04-03T03:31:27.966+0600][16.803s][info][gc,stats    ]   CMR: Thread Roots                3223 us, workers (us): 1076, 936, 1210, ---, ---, ---, 
[2026-04-03T03:31:27.966+0600][16.803s][info][gc,stats    ]   CMR: VM Strong Roots               90 us, workers (us):  79,  11,   1, ---, ---, ---, 
[2026-04-03T03:31:27.966+0600][16.803s][info][gc,stats    ]   CMR: CLDG Roots                   375 us, workers (us): ---, 375, ---, ---, ---, ---, 
[2026-04-03T03:31:27.966+0600][16.803s][info][gc,stats    ] Concurrent Marking                16245 us
[2026-04-03T03:31:27.966+0600][16.803s][info][gc,stats    ] Pause Final Mark (G)                885 us
[2026-04-03T03:31:27.966+0600][16.803s][info][gc,stats    ] Pause Final Mark (N)                563 us
[2026-04-03T03:31:27.966+0600][16.803s][info][gc,stats    ]   Finish Mark                       193 us
[2026-04-03T03:31:27.966+0600][16.803s][info][gc,stats    ]   Update Region States               46 us
[2026-04-03T03:31:27.966+0600][16.803s][info][gc,stats    ]   Choose Collection Set             162 us
[2026-04-03T03:31:27.966+0600][16.803s][info][gc,stats    ]   Rebuild Free Set                   35 us
[2026-04-03T03:31:27.966+0600][16.803s][info][gc,stats    ] Concurrent Thread Roots             419 us, parallelism: 1.96x
[2026-04-03T03:31:27.966+0600][16.803s][info][gc,stats    ]   CTR: <total>                      822 us
[2026-04-03T03:31:27.966+0600][16.803s][info][gc,stats    ]   CTR: Thread Roots                 822 us, workers (us): 289, 284, 249, ---, ---, ---, 
[2026-04-03T03:31:27.966+0600][16.803s][info][gc,stats    ] Concurrent Weak References          966 us, parallelism: 1.03x
[2026-04-03T03:31:27.966+0600][16.803s][info][gc,stats    ]   CWRF: <total>                     991 us
[2026-04-03T03:31:27.966+0600][16.803s][info][gc,stats    ]   CWRF: Weak References             991 us, workers (us): 175, 752,  64, ---, ---, ---, 
[2026-04-03T03:31:27.966+0600][16.803s][info][gc,stats    ] Concurrent Weak Roots              2630 us
[2026-04-03T03:31:27.966+0600][16.803s][info][gc,stats    ]   Roots                            2371 us, parallelism: 2.54x
[2026-04-03T03:31:27.966+0600][16.803s][info][gc,stats    ]     CWR: <total>                   6013 us
[2026-04-03T03:31:27.967+0600][16.803s][info][gc,stats    ]     CWR: Code Cache Roots          3063 us, workers (us): 901, 1099, 1064, ---, ---, ---, 
[2026-04-03T03:31:27.967+0600][16.803s][info][gc,stats    ]     CWR: VM Weak Roots             2881 us, workers (us): 991, 940, 950, ---, ---, ---, 
[2026-04-03T03:31:27.967+0600][16.803s][info][gc,stats    ]     CWR: CLDG Roots                  69 us, workers (us):  69, ---, ---, ---, ---, ---, 
[2026-04-03T03:31:27.967+0600][16.803s][info][gc,stats    ]   Rendezvous                        161 us
[2026-04-03T03:31:27.967+0600][16.803s][info][gc,stats    ] Concurrent Cleanup                  570 us
[2026-04-03T03:31:27.967+0600][16.803s][info][gc,stats    ] Concurrent Class Unloading        14987 us
[2026-04-03T03:31:27.967+0600][16.803s][info][gc,stats    ]   Unlink Stale                    12968 us
[2026-04-03T03:31:27.967+0600][16.803s][info][gc,stats    ]     System Dictionary               289 us
[2026-04-03T03:31:27.967+0600][16.803s][info][gc,stats    ]     Weak Class Links               8115 us
[2026-04-03T03:31:27.967+0600][16.803s][info][gc,stats    ]     Code Roots                     4561 us
[2026-04-03T03:31:27.967+0600][16.803s][info][gc,stats    ]   Rendezvous                        216 us
[2026-04-03T03:31:27.967+0600][16.803s][info][gc,stats    ]   Purge Unlinked                   1705 us
[2026-04-03T03:31:27.967+0600][16.803s][info][gc,stats    ]     Code Roots                     1458 us
[2026-04-03T03:31:27.967+0600][16.803s][info][gc,stats    ]     CLDG                            246 us
[2026-04-03T03:31:27.967+0600][16.803s][info][gc,stats    ]     Exception Caches                  0 us
[2026-04-03T03:31:27.967+0600][16.803s][info][gc,stats    ] Concurrent Strong Roots            1928 us, parallelism: 0.82x
[2026-04-03T03:31:27.967+0600][16.803s][info][gc,stats    ]   CSR: <total>                     1582 us
[2026-04-03T03:31:27.967+0600][16.803s][info][gc,stats    ]   CSR: VM Strong Roots               29 us, workers (us):  25,   2,   2, ---, ---, ---, 
[2026-04-03T03:31:27.967+0600][16.803s][info][gc,stats    ]   CSR: CLDG Roots                  1554 us, workers (us): 1554, ---, ---, ---, ---, ---, 
[2026-04-03T03:31:27.967+0600][16.803s][info][gc,stats    ] Concurrent Evacuation              6643 us
[2026-04-03T03:31:27.967+0600][16.803s][info][gc,stats    ] Pause Init Update Refs (G)          359 us
[2026-04-03T03:31:27.967+0600][16.803s][info][gc,stats    ] Pause Init Update Refs (N)           85 us
[2026-04-03T03:31:27.967+0600][16.803s][info][gc,stats    ]   Manage GCLABs                      12 us
[2026-04-03T03:31:27.967+0600][16.803s][info][gc,stats    ] Concurrent Update Refs            14568 us
[2026-04-03T03:31:27.967+0600][16.803s][info][gc,stats    ] Concurrent Update Thread Roots      666 us
[2026-04-03T03:31:27.967+0600][16.803s][info][gc,stats    ] Pause Final Update Refs (G)         352 us
[2026-04-03T03:31:27.967+0600][16.803s][info][gc,stats    ] Pause Final Update Refs (N)         200 us
[2026-04-03T03:31:27.967+0600][16.803s][info][gc,stats    ]   Update Region States               53 us
[2026-04-03T03:31:27.967+0600][16.803s][info][gc,stats    ]   Trash Collection Set               12 us
[2026-04-03T03:31:27.967+0600][16.803s][info][gc,stats    ]   Rebuild Free Set                   31 us
[2026-04-03T03:31:27.967+0600][16.803s][info][gc,stats    ] Concurrent Cleanup                  229 us
[2026-04-03T03:31:27.967+0600][16.803s][info][gc,stats    ] 
[2026-04-03T03:31:27.967+0600][16.803s][info][gc,stats    ] Allocation pacing accrued:
[2026-04-03T03:31:27.967+0600][16.803s][info][gc,stats    ]       0 of  2758 ms (  0.0%): <total>
[2026-04-03T03:31:27.967+0600][16.804s][info][gc,stats    ]       0 of  2758 ms (  0.0%): <average total>
[2026-04-03T03:31:27.967+0600][16.804s][info][gc,stats    ] 
[2026-04-03T03:31:27.967+0600][16.804s][info][gc,metaspace] Metaspace: 66675K(67520K)->66492K(67520K) NonClass: 58299K(58752K)->58170K(58752K) Class: 8376K(8768K)->8321K(8768K)
[2026-04-03T03:31:27.967+0600][16.804s][info][gc,ergo     ] Pacer for Idle. Initial: 30720K, Alloc Tax Rate: 1.0x
[2026-04-03T03:31:28.103+0600][16.940s][info][gc          ] Trigger: Average GC time (762.41 ms) is above the time for average allocation rate (1475 MB/s) to deplete free headroom (983M) (margin of error = 1.80)
[2026-04-03T03:31:28.103+0600][16.940s][info][gc,ergo     ] Free headroom: 1058M (free) - 76800K (spike) - 0B (penalties) = 983M
[2026-04-03T03:31:28.103+0600][16.940s][info][gc,ergo     ] Free: 1058M, Max: 512K regular, 1020M humongous, Frag: 4% external, 0% internal; Reserve: 76800K, Max: 512K
[2026-04-03T03:31:28.103+0600][16.940s][info][gc,start    ] GC(7) Concurrent reset
[2026-04-03T03:31:28.103+0600][16.940s][info][gc,task     ] GC(7) Using 3 of 6 workers for concurrent reset
[2026-04-03T03:31:28.103+0600][16.940s][info][gc,ergo     ] GC(7) Pacer for Reset. Non-Taxable: 1500M
[2026-04-03T03:31:28.104+0600][16.941s][info][gc          ] GC(7) Concurrent reset 1.317ms
[2026-04-03T03:31:28.105+0600][16.941s][info][gc,start    ] GC(7) Pause Init Mark (unload classes)
[2026-04-03T03:31:28.105+0600][16.941s][info][gc,task     ] GC(7) Using 6 of 6 workers for init marking
[2026-04-03T03:31:28.105+0600][16.941s][info][gc,ergo     ] GC(7) Pacer for Mark. Expected Live: 189M, Free: 1056M, Non-Taxable: 105M, Alloc Tax Rate: 0.2x
[2026-04-03T03:31:28.105+0600][16.941s][info][gc          ] GC(7) Pause Init Mark (unload classes) 0.164ms
[2026-04-03T03:31:28.105+0600][16.942s][info][gc,start    ] GC(7) Concurrent marking roots
[2026-04-03T03:31:28.105+0600][16.942s][info][gc,task     ] GC(7) Using 3 of 6 workers for concurrent marking roots
[2026-04-03T03:31:28.105+0600][16.942s][info][gc          ] GC(7) Concurrent marking roots 0.583ms
[2026-04-03T03:31:28.105+0600][16.942s][info][gc,start    ] GC(7) Concurrent marking (unload classes)
[2026-04-03T03:31:28.106+0600][16.942s][info][gc,task     ] GC(7) Using 3 of 6 workers for concurrent marking
[2026-04-03T03:31:28.120+0600][16.956s][info][gc          ] GC(7) Concurrent marking (unload classes) 14.046ms
[2026-04-03T03:31:28.120+0600][16.956s][info][gc,start    ] GC(7) Pause Final Mark (unload classes)
[2026-04-03T03:31:28.120+0600][16.957s][info][gc,task     ] GC(7) Using 6 of 6 workers for final marking
[2026-04-03T03:31:28.120+0600][16.957s][info][gc,ergo     ] GC(7) Collectable Garbage: 328M (98%), Immediate: 328M (98%), CSet: 0B (0%)
[2026-04-03T03:31:28.120+0600][16.957s][info][gc          ] GC(7) Pause Final Mark (unload classes) 0.640ms
[2026-04-03T03:31:28.121+0600][16.957s][info][gc,start    ] GC(7) Concurrent weak references
[2026-04-03T03:31:28.121+0600][16.957s][info][gc,task     ] GC(7) Using 3 of 6 workers for concurrent weak references
[2026-04-03T03:31:28.121+0600][16.958s][info][gc,ref      ] GC(7) Encountered references: Soft: 3188, Weak: 4993, Final: 82, Phantom: 603
[2026-04-03T03:31:28.121+0600][16.958s][info][gc,ref      ] GC(7) Discovered  references: Soft: 0, Weak: 2756, Final: 48, Phantom: 218
[2026-04-03T03:31:28.121+0600][16.958s][info][gc,ref      ] GC(7) Enqueued    references: Soft: 0, Weak: 0, Final: 0, Phantom: 0
[2026-04-03T03:31:28.121+0600][16.958s][info][gc          ] GC(7) Concurrent weak references 0.599ms
[2026-04-03T03:31:28.121+0600][16.958s][info][gc,start    ] GC(7) Concurrent weak roots
[2026-04-03T03:31:28.121+0600][16.958s][info][gc,task     ] GC(7) Using 3 of 6 workers for concurrent weak root
[2026-04-03T03:31:28.123+0600][16.959s][info][gc          ] GC(7) Concurrent weak roots 1.380ms
[2026-04-03T03:31:28.123+0600][16.959s][info][gc,start    ] GC(7) Concurrent cleanup
[2026-04-03T03:31:28.123+0600][16.960s][info][gc          ] GC(7) Concurrent cleanup 391M->63M(407M) 0.357ms
[2026-04-03T03:31:28.123+0600][16.960s][info][gc,ergo     ] GC(7) Free: 1359M, Max: 512K regular, 1022M humongous, Frag: 25% external, 0% internal; Reserve: 76800K, Max: 512K
[2026-04-03T03:31:28.123+0600][16.960s][info][gc,start    ] GC(7) Concurrent class unloading
[2026-04-03T03:31:28.123+0600][16.960s][info][gc,task     ] GC(7) Using 3 of 6 workers for concurrent class unloading
[2026-04-03T03:31:28.127+0600][16.964s][info][gc          ] GC(7) Concurrent class unloading 4.123ms
[2026-04-03T03:31:28.127+0600][16.964s][info][gc,start    ] GC(7) Pause Final Roots
[2026-04-03T03:31:28.128+0600][16.964s][info][gc          ] GC(7) Pause Final Roots 0.086ms
[2026-04-03T03:31:28.128+0600][16.964s][info][gc,ergo     ] Free: 1354M, Max: 512K regular, 1022M humongous, Frag: 25% external, 0% internal; Reserve: 76800K, Max: 512K
[2026-04-03T03:31:28.128+0600][16.964s][info][gc,stats    ] 
[2026-04-03T03:31:28.128+0600][16.964s][info][gc,stats    ] All times are wall-clock times, except per-root-class counters, that are sum over
[2026-04-03T03:31:28.128+0600][16.964s][info][gc,stats    ] all workers. Dividing the <total> over the root stage time estimates parallelism.
[2026-04-03T03:31:28.128+0600][16.964s][info][gc,stats    ] 
[2026-04-03T03:31:28.128+0600][16.964s][info][gc,stats    ] Concurrent Reset                   1364 us
[2026-04-03T03:31:28.128+0600][16.964s][info][gc,stats    ] Pause Init Mark (G)                 484 us
[2026-04-03T03:31:28.128+0600][16.964s][info][gc,stats    ] Pause Init Mark (N)                 175 us
[2026-04-03T03:31:28.128+0600][16.964s][info][gc,stats    ]   Update Region States               23 us
[2026-04-03T03:31:28.128+0600][16.964s][info][gc,stats    ] Concurrent Mark Roots               614 us, parallelism: 1.44x
[2026-04-03T03:31:28.128+0600][16.964s][info][gc,stats    ]   CMR: <total>                      883 us
[2026-04-03T03:31:28.128+0600][16.964s][info][gc,stats    ]   CMR: Thread Roots                 710 us, workers (us): 296, 143, 271, ---, ---, ---, 
[2026-04-03T03:31:28.128+0600][16.965s][info][gc,stats    ]   CMR: VM Strong Roots               19 us, workers (us):  18,   1,   0, ---, ---, ---, 
[2026-04-03T03:31:28.128+0600][16.965s][info][gc,stats    ]   CMR: CLDG Roots                   154 us, workers (us): ---, 154, ---, ---, ---, ---, 
[2026-04-03T03:31:28.128+0600][16.965s][info][gc,stats    ] Concurrent Marking                14108 us
[2026-04-03T03:31:28.128+0600][16.965s][info][gc,stats    ] Pause Final Mark (G)                935 us
[2026-04-03T03:31:28.128+0600][16.965s][info][gc,stats    ] Pause Final Mark (N)                654 us
[2026-04-03T03:31:28.128+0600][16.965s][info][gc,stats    ]   Finish Mark                       364 us
[2026-04-03T03:31:28.128+0600][16.965s][info][gc,stats    ]   Update Region States               43 us
[2026-04-03T03:31:28.128+0600][16.965s][info][gc,stats    ]   Choose Collection Set              85 us
[2026-04-03T03:31:28.128+0600][16.965s][info][gc,stats    ]   Rebuild Free Set                   35 us
[2026-04-03T03:31:28.128+0600][16.965s][info][gc,stats    ] Concurrent Weak References          610 us, parallelism: 0.79x
[2026-04-03T03:31:28.128+0600][16.965s][info][gc,stats    ]   CWRF: <total>                     483 us
[2026-04-03T03:31:28.128+0600][16.965s][info][gc,stats    ]   CWRF: Weak References             483 us, workers (us):  37, 426,  20, ---, ---, ---, 
[2026-04-03T03:31:28.128+0600][16.965s][info][gc,stats    ] Concurrent Weak Roots              1457 us
[2026-04-03T03:31:28.128+0600][16.965s][info][gc,stats    ]   Roots                            1211 us, parallelism: 2.24x
[2026-04-03T03:31:28.128+0600][16.965s][info][gc,stats    ]     CWR: <total>                   2715 us
[2026-04-03T03:31:28.128+0600][16.965s][info][gc,stats    ]     CWR: Code Cache Roots          1802 us, workers (us): 517, 573, 712, ---, ---, ---, 
[2026-04-03T03:31:28.128+0600][16.965s][info][gc,stats    ]     CWR: VM Weak Roots              839 us, workers (us): 291, 280, 267, ---, ---, ---, 
[2026-04-03T03:31:28.128+0600][16.965s][info][gc,stats    ]     CWR: CLDG Roots                  74 us, workers (us):  74, ---, ---, ---, ---, ---, 
[2026-04-03T03:31:28.128+0600][16.965s][info][gc,stats    ]   Rendezvous                        144 us
[2026-04-03T03:31:28.128+0600][16.965s][info][gc,stats    ] Concurrent Cleanup                  377 us
[2026-04-03T03:31:28.128+0600][16.965s][info][gc,stats    ] Concurrent Class Unloading         4176 us
[2026-04-03T03:31:28.128+0600][16.965s][info][gc,stats    ]   Unlink Stale                     3732 us
[2026-04-03T03:31:28.128+0600][16.965s][info][gc,stats    ]     System Dictionary                59 us
[2026-04-03T03:31:28.128+0600][16.965s][info][gc,stats    ]     Weak Class Links                  0 us
[2026-04-03T03:31:28.128+0600][16.965s][info][gc,stats    ]     Code Roots                     3669 us
[2026-04-03T03:31:28.128+0600][16.965s][info][gc,stats    ]   Rendezvous                        241 us
[2026-04-03T03:31:28.128+0600][16.965s][info][gc,stats    ]   Purge Unlinked                    124 us
[2026-04-03T03:31:28.128+0600][16.965s][info][gc,stats    ]     Code Roots                      117 us
[2026-04-03T03:31:28.128+0600][16.965s][info][gc,stats    ]     CLDG                              6 us
[2026-04-03T03:31:28.128+0600][16.965s][info][gc,stats    ]     Exception Caches                  0 us
[2026-04-03T03:31:28.128+0600][16.965s][info][gc,stats    ] Pause Final Roots (G)               342 us
[2026-04-03T03:31:28.128+0600][16.965s][info][gc,stats    ] Pause Final Roots (N)                98 us
[2026-04-03T03:31:28.128+0600][16.965s][info][gc,stats    ] 
[2026-04-03T03:31:28.128+0600][16.965s][info][gc,stats    ] Allocation pacing accrued:
[2026-04-03T03:31:28.128+0600][16.965s][info][gc,stats    ]       0 of   161 ms (  0.0%): <total>
[2026-04-03T03:31:28.128+0600][16.965s][info][gc,stats    ]       0 of   161 ms (  0.0%): <average total>
[2026-04-03T03:31:28.128+0600][16.965s][info][gc,stats    ] 
[2026-04-03T03:31:28.128+0600][16.965s][info][gc,metaspace] Metaspace: 66494K(67520K)->66495K(67520K) NonClass: 58173K(58752K)->58173K(58752K) Class: 8321K(8768K)->8321K(8768K)
[2026-04-03T03:31:28.128+0600][16.965s][info][gc,ergo     ] Pacer for Idle. Initial: 30720K, Alloc Tax Rate: 1.0x
[2026-04-03T03:31:28.282+0600][17.119s][info][gc          ] Trigger: Learning 4 of 5. Free (1047M) is below initial threshold (1050M)
[2026-04-03T03:31:28.282+0600][17.119s][info][gc,ergo     ] Free: 1047M, Max: 512K regular, 1022M humongous, Frag: 3% external, 0% internal; Reserve: 76800K, Max: 512K
[2026-04-03T03:31:28.282+0600][17.119s][info][gc,start    ] GC(8) Concurrent reset
[2026-04-03T03:31:28.282+0600][17.119s][info][gc,task     ] GC(8) Using 3 of 6 workers for concurrent reset
[2026-04-03T03:31:28.282+0600][17.119s][info][gc,ergo     ] GC(8) Pacer for Reset. Non-Taxable: 1500M
[2026-04-03T03:31:28.283+0600][17.119s][info][gc          ] GC(8) Concurrent reset 0.547ms
[2026-04-03T03:31:28.283+0600][17.120s][info][gc,start    ] GC(8) Pause Init Mark (unload classes)
[2026-04-03T03:31:28.283+0600][17.120s][info][gc,task     ] GC(8) Using 6 of 6 workers for init marking
[2026-04-03T03:31:28.283+0600][17.120s][info][gc,ergo     ] GC(8) Pacer for Mark. Expected Live: 144M, Free: 1046M, Non-Taxable: 104M, Alloc Tax Rate: 0.2x
[2026-04-03T03:31:28.283+0600][17.120s][info][gc          ] GC(8) Pause Init Mark (unload classes) 0.131ms
[2026-04-03T03:31:28.283+0600][17.120s][info][gc,start    ] GC(8) Concurrent marking roots
[2026-04-03T03:31:28.283+0600][17.120s][info][gc,task     ] GC(8) Using 3 of 6 workers for concurrent marking roots
[2026-04-03T03:31:28.284+0600][17.120s][info][gc          ] GC(8) Concurrent marking roots 0.646ms
[2026-04-03T03:31:28.284+0600][17.120s][info][gc,start    ] GC(8) Concurrent marking (unload classes)
[2026-04-03T03:31:28.284+0600][17.120s][info][gc,task     ] GC(8) Using 3 of 6 workers for concurrent marking
[2026-04-03T03:31:28.298+0600][17.135s][info][gc          ] GC(8) Concurrent marking (unload classes) 14.162ms
[2026-04-03T03:31:28.298+0600][17.135s][info][gc,start    ] GC(8) Pause Final Mark (unload classes)
[2026-04-03T03:31:28.298+0600][17.135s][info][gc,task     ] GC(8) Using 6 of 6 workers for final marking
[2026-04-03T03:31:28.299+0600][17.135s][info][gc,ergo     ] GC(8) Collectable Garbage: 338M (98%), Immediate: 338M (98%), CSet: 0B (0%)
[2026-04-03T03:31:28.299+0600][17.135s][info][gc          ] GC(8) Pause Final Mark (unload classes) 0.475ms
[2026-04-03T03:31:28.299+0600][17.135s][info][gc,start    ] GC(8) Concurrent weak references
[2026-04-03T03:31:28.299+0600][17.135s][info][gc,task     ] GC(8) Using 3 of 6 workers for concurrent weak references
[2026-04-03T03:31:28.299+0600][17.136s][info][gc,ref      ] GC(8) Encountered references: Soft: 3188, Weak: 4993, Final: 82, Phantom: 603
[2026-04-03T03:31:28.299+0600][17.136s][info][gc,ref      ] GC(8) Discovered  references: Soft: 0, Weak: 1094, Final: 0, Phantom: 217
[2026-04-03T03:31:28.299+0600][17.136s][info][gc,ref      ] GC(8) Enqueued    references: Soft: 0, Weak: 0, Final: 0, Phantom: 0
[2026-04-03T03:31:28.299+0600][17.136s][info][gc          ] GC(8) Concurrent weak references 0.189ms
[2026-04-03T03:31:28.299+0600][17.136s][info][gc,start    ] GC(8) Concurrent weak roots
[2026-04-03T03:31:28.299+0600][17.136s][info][gc,task     ] GC(8) Using 3 of 6 workers for concurrent weak root
[2026-04-03T03:31:28.301+0600][17.137s][info][gc          ] GC(8) Concurrent weak roots 1.886ms
[2026-04-03T03:31:28.301+0600][17.138s][info][gc,start    ] GC(8) Concurrent cleanup
[2026-04-03T03:31:28.301+0600][17.138s][info][gc          ] GC(8) Concurrent cleanup 403M->65M(407M) 0.277ms
[2026-04-03T03:31:28.301+0600][17.138s][info][gc,ergo     ] GC(8) Free: 1357M, Max: 512K regular, 1019M humongous, Frag: 25% external, 0% internal; Reserve: 76800K, Max: 512K
[2026-04-03T03:31:28.301+0600][17.138s][info][gc,start    ] GC(8) Concurrent class unloading
[2026-04-03T03:31:28.301+0600][17.138s][info][gc,task     ] GC(8) Using 3 of 6 workers for concurrent class unloading
[2026-04-03T03:31:28.305+0600][17.141s][info][gc          ] GC(8) Concurrent class unloading 3.439ms
[2026-04-03T03:31:28.305+0600][17.141s][info][gc,start    ] GC(8) Pause Final Roots
[2026-04-03T03:31:28.305+0600][17.142s][info][gc          ] GC(8) Pause Final Roots 0.058ms
[2026-04-03T03:31:28.305+0600][17.142s][info][gc,ergo     ] Free: 1352M, Max: 512K regular, 1019M humongous, Frag: 25% external, 0% internal; Reserve: 76800K, Max: 512K
[2026-04-03T03:31:28.305+0600][17.142s][info][gc,stats    ] 
[2026-04-03T03:31:28.305+0600][17.142s][info][gc,stats    ] All times are wall-clock times, except per-root-class counters, that are sum over
[2026-04-03T03:31:28.305+0600][17.142s][info][gc,stats    ] all workers. Dividing the <total> over the root stage time estimates parallelism.
[2026-04-03T03:31:28.305+0600][17.142s][info][gc,stats    ] 
[2026-04-03T03:31:28.305+0600][17.142s][info][gc,stats    ] Concurrent Reset                    582 us
[2026-04-03T03:31:28.305+0600][17.142s][info][gc,stats    ] Pause Init Mark (G)                 485 us
[2026-04-03T03:31:28.305+0600][17.142s][info][gc,stats    ] Pause Init Mark (N)                 139 us
[2026-04-03T03:31:28.305+0600][17.142s][info][gc,stats    ]   Update Region States               24 us
[2026-04-03T03:31:28.305+0600][17.142s][info][gc,stats    ] Concurrent Mark Roots               681 us, parallelism: 1.57x
[2026-04-03T03:31:28.305+0600][17.142s][info][gc,stats    ]   CMR: <total>                     1068 us
[2026-04-03T03:31:28.305+0600][17.142s][info][gc,stats    ]   CMR: Thread Roots                 771 us, workers (us):  94, 342, 335, ---, ---, ---, 
[2026-04-03T03:31:28.305+0600][17.142s][info][gc,stats    ]   CMR: VM Strong Roots               44 us, workers (us):  43,   1,   0, ---, ---, ---, 
[2026-04-03T03:31:28.305+0600][17.142s][info][gc,stats    ]   CMR: CLDG Roots                   253 us, workers (us): 253, ---, ---, ---, ---, ---, 
[2026-04-03T03:31:28.305+0600][17.142s][info][gc,stats    ] Concurrent Marking                14229 us
[2026-04-03T03:31:28.305+0600][17.142s][info][gc,stats    ] Pause Final Mark (G)                702 us
[2026-04-03T03:31:28.305+0600][17.142s][info][gc,stats    ] Pause Final Mark (N)                492 us
[2026-04-03T03:31:28.305+0600][17.142s][info][gc,stats    ]   Finish Mark                       211 us
[2026-04-03T03:31:28.305+0600][17.142s][info][gc,stats    ]   Update Region States               45 us
[2026-04-03T03:31:28.305+0600][17.142s][info][gc,stats    ]   Choose Collection Set              77 us
[2026-04-03T03:31:28.305+0600][17.142s][info][gc,stats    ]   Rebuild Free Set                   25 us
[2026-04-03T03:31:28.305+0600][17.142s][info][gc,stats    ] Concurrent Weak References          200 us, parallelism: 0.63x
[2026-04-03T03:31:28.305+0600][17.142s][info][gc,stats    ]   CWRF: <total>                     125 us
[2026-04-03T03:31:28.305+0600][17.142s][info][gc,stats    ]   CWRF: Weak References             125 us, workers (us):  66,  34,  25, ---, ---, ---, 
[2026-04-03T03:31:28.305+0600][17.142s][info][gc,stats    ] Concurrent Weak Roots              1946 us
[2026-04-03T03:31:28.305+0600][17.142s][info][gc,stats    ]   Roots                            1707 us, parallelism: 2.45x
[2026-04-03T03:31:28.305+0600][17.142s][info][gc,stats    ]     CWR: <total>                   4177 us
[2026-04-03T03:31:28.305+0600][17.142s][info][gc,stats    ]     CWR: Code Cache Roots          2993 us, workers (us): 1055, 934, 1004, ---, ---, ---, 
[2026-04-03T03:31:28.305+0600][17.142s][info][gc,stats    ]     CWR: VM Weak Roots             1159 us, workers (us): 416, 384, 359, ---, ---, ---, 
[2026-04-03T03:31:28.305+0600][17.142s][info][gc,stats    ]     CWR: CLDG Roots                  25 us, workers (us): ---, ---,  25, ---, ---, ---, 
[2026-04-03T03:31:28.305+0600][17.142s][info][gc,stats    ]   Rendezvous                        154 us
[2026-04-03T03:31:28.305+0600][17.142s][info][gc,stats    ] Concurrent Cleanup                  293 us
[2026-04-03T03:31:28.305+0600][17.142s][info][gc,stats    ] Concurrent Class Unloading         3527 us
[2026-04-03T03:31:28.305+0600][17.142s][info][gc,stats    ]   Unlink Stale                     3158 us
[2026-04-03T03:31:28.305+0600][17.142s][info][gc,stats    ]     System Dictionary                63 us
[2026-04-03T03:31:28.305+0600][17.142s][info][gc,stats    ]     Weak Class Links                  0 us
[2026-04-03T03:31:28.305+0600][17.142s][info][gc,stats    ]     Code Roots                     3092 us
[2026-04-03T03:31:28.305+0600][17.142s][info][gc,stats    ]   Rendezvous                        134 us
[2026-04-03T03:31:28.305+0600][17.142s][info][gc,stats    ]   Purge Unlinked                    121 us
[2026-04-03T03:31:28.305+0600][17.142s][info][gc,stats    ]     Code Roots                      114 us
[2026-04-03T03:31:28.305+0600][17.142s][info][gc,stats    ]     CLDG                              6 us
[2026-04-03T03:31:28.305+0600][17.142s][info][gc,stats    ]     Exception Caches                  0 us
[2026-04-03T03:31:28.305+0600][17.142s][info][gc,stats    ] Pause Final Roots (G)               267 us
[2026-04-03T03:31:28.305+0600][17.142s][info][gc,stats    ] Pause Final Roots (N)                73 us
[2026-04-03T03:31:28.305+0600][17.142s][info][gc,stats    ] 
[2026-04-03T03:31:28.306+0600][17.142s][info][gc,stats    ] Allocation pacing accrued:
[2026-04-03T03:31:28.306+0600][17.142s][info][gc,stats    ]       0 of   177 ms (  0.0%): <total>
[2026-04-03T03:31:28.306+0600][17.142s][info][gc,stats    ]       0 of   177 ms (  0.0%): <average total>
[2026-04-03T03:31:28.306+0600][17.142s][info][gc,stats    ] 
[2026-04-03T03:31:28.306+0600][17.142s][info][gc,metaspace] Metaspace: 66496K(67520K)->66496K(67520K) NonClass: 58174K(58752K)->58174K(58752K) Class: 8321K(8768K)->8321K(8768K)
[2026-04-03T03:31:28.306+0600][17.142s][info][gc,ergo     ] Pacer for Idle. Initial: 30720K, Alloc Tax Rate: 1.0x
[2026-04-03T03:31:28.457+0600][17.293s][info][gc          ] Trigger: Learning 5 of 5. Free (1048M) is below initial threshold (1050M)
[2026-04-03T03:31:28.457+0600][17.293s][info][gc,ergo     ] Free: 1047M, Max: 512K regular, 1019M humongous, Frag: 3% external, 0% internal; Reserve: 76800K, Max: 512K
[2026-04-03T03:31:28.457+0600][17.293s][info][gc,start    ] GC(9) Concurrent reset
[2026-04-03T03:31:28.457+0600][17.293s][info][gc,task     ] GC(9) Using 3 of 6 workers for concurrent reset
[2026-04-03T03:31:28.457+0600][17.293s][info][gc,ergo     ] GC(9) Pacer for Reset. Non-Taxable: 1500M
[2026-04-03T03:31:28.457+0600][17.294s][info][gc          ] GC(9) Concurrent reset 0.521ms
[2026-04-03T03:31:28.458+0600][17.294s][info][gc,start    ] GC(9) Pause Init Mark (unload classes)
[2026-04-03T03:31:28.458+0600][17.294s][info][gc,task     ] GC(9) Using 6 of 6 workers for init marking
[2026-04-03T03:31:28.458+0600][17.294s][info][gc,ergo     ] GC(9) Pacer for Mark. Expected Live: 30274K, Free: 1046M, Non-Taxable: 104M, Alloc Tax Rate: 0.0x
[2026-04-03T03:31:28.458+0600][17.294s][info][gc          ] GC(9) Pause Init Mark (unload classes) 0.118ms
[2026-04-03T03:31:28.458+0600][17.294s][info][gc,start    ] GC(9) Concurrent marking roots
[2026-04-03T03:31:28.458+0600][17.294s][info][gc,task     ] GC(9) Using 3 of 6 workers for concurrent marking roots
[2026-04-03T03:31:28.458+0600][17.295s][info][gc          ] GC(9) Concurrent marking roots 0.531ms
[2026-04-03T03:31:28.458+0600][17.295s][info][gc,start    ] GC(9) Concurrent marking (unload classes)
[2026-04-03T03:31:28.458+0600][17.295s][info][gc,task     ] GC(9) Using 3 of 6 workers for concurrent marking
[2026-04-03T03:31:28.473+0600][17.309s][info][gc          ] GC(9) Concurrent marking (unload classes) 14.481ms
[2026-04-03T03:31:28.473+0600][17.310s][info][gc,start    ] GC(9) Pause Final Mark (unload classes)
[2026-04-03T03:31:28.473+0600][17.310s][info][gc,task     ] GC(9) Using 6 of 6 workers for final marking
[2026-04-03T03:31:28.473+0600][17.310s][info][gc,ergo     ] GC(9) Collectable Garbage: 337M (97%), Immediate: 337M (97%), CSet: 0B (0%)
[2026-04-03T03:31:28.474+0600][17.310s][info][gc          ] GC(9) Pause Final Mark (unload classes) 0.538ms
[2026-04-03T03:31:28.474+0600][17.310s][info][gc,start    ] GC(9) Concurrent weak references
[2026-04-03T03:31:28.474+0600][17.310s][info][gc,task     ] GC(9) Using 3 of 6 workers for concurrent weak references
[2026-04-03T03:31:28.474+0600][17.311s][info][gc,ref      ] GC(9) Encountered references: Soft: 3188, Weak: 4993, Final: 82, Phantom: 603
[2026-04-03T03:31:28.474+0600][17.311s][info][gc,ref      ] GC(9) Discovered  references: Soft: 0, Weak: 1820, Final: 0, Phantom: 599
[2026-04-03T03:31:28.474+0600][17.311s][info][gc,ref      ] GC(9) Enqueued    references: Soft: 0, Weak: 0, Final: 0, Phantom: 0
[2026-04-03T03:31:28.474+0600][17.311s][info][gc          ] GC(9) Concurrent weak references 0.413ms
[2026-04-03T03:31:28.474+0600][17.311s][info][gc,start    ] GC(9) Concurrent weak roots
[2026-04-03T03:31:28.474+0600][17.311s][info][gc,task     ] GC(9) Using 3 of 6 workers for concurrent weak root
[2026-04-03T03:31:28.476+0600][17.312s][info][gc          ] GC(9) Concurrent weak roots 1.599ms
[2026-04-03T03:31:28.476+0600][17.312s][info][gc,start    ] GC(9) Concurrent cleanup
[2026-04-03T03:31:28.476+0600][17.313s][info][gc          ] GC(9) Concurrent cleanup 403M->66M(407M) 0.310ms
[2026-04-03T03:31:28.476+0600][17.313s][info][gc,ergo     ] GC(9) Free: 1356M, Max: 512K regular, 1022M humongous, Frag: 25% external, 0% internal; Reserve: 76800K, Max: 512K
[2026-04-03T03:31:28.476+0600][17.313s][info][gc,start    ] GC(9) Concurrent class unloading
[2026-04-03T03:31:28.476+0600][17.313s][info][gc,task     ] GC(9) Using 3 of 6 workers for concurrent class unloading
[2026-04-03T03:31:28.480+0600][17.317s][info][gc          ] GC(9) Concurrent class unloading 3.945ms
[2026-04-03T03:31:28.480+0600][17.317s][info][gc,start    ] GC(9) Pause Final Roots
[2026-04-03T03:31:28.480+0600][17.317s][info][gc          ] GC(9) Pause Final Roots 0.032ms
[2026-04-03T03:31:28.480+0600][17.317s][info][gc,ergo     ] Free: 1351M, Max: 512K regular, 1022M humongous, Frag: 25% external, 0% internal; Reserve: 76800K, Max: 512K
[2026-04-03T03:31:28.480+0600][17.317s][info][gc,stats    ] 
[2026-04-03T03:31:28.480+0600][17.317s][info][gc,stats    ] All times are wall-clock times, except per-root-class counters, that are sum over
[2026-04-03T03:31:28.481+0600][17.317s][info][gc,stats    ] all workers. Dividing the <total> over the root stage time estimates parallelism.
[2026-04-03T03:31:28.481+0600][17.317s][info][gc,stats    ] 
[2026-04-03T03:31:28.481+0600][17.317s][info][gc,stats    ] Concurrent Reset                    574 us
[2026-04-03T03:31:28.481+0600][17.317s][info][gc,stats    ] Pause Init Mark (G)                 364 us
[2026-04-03T03:31:28.481+0600][17.317s][info][gc,stats    ] Pause Init Mark (N)                 130 us
[2026-04-03T03:31:28.481+0600][17.317s][info][gc,stats    ]   Update Region States               22 us
[2026-04-03T03:31:28.481+0600][17.317s][info][gc,stats    ] Concurrent Mark Roots               583 us, parallelism: 1.42x
[2026-04-03T03:31:28.481+0600][17.317s][info][gc,stats    ]   CMR: <total>                      827 us
[2026-04-03T03:31:28.481+0600][17.317s][info][gc,stats    ]   CMR: Thread Roots                 622 us, workers (us):  90, 278, 254, ---, ---, ---, 
[2026-04-03T03:31:28.481+0600][17.317s][info][gc,stats    ]   CMR: VM Strong Roots               19 us, workers (us):  11,   8,   1, ---, ---, ---, 
[2026-04-03T03:31:28.481+0600][17.317s][info][gc,stats    ]   CMR: CLDG Roots                   186 us, workers (us): 186, ---, ---, ---, ---, ---, 
[2026-04-03T03:31:28.481+0600][17.317s][info][gc,stats    ] Concurrent Marking                14554 us
[2026-04-03T03:31:28.481+0600][17.317s][info][gc,stats    ] Pause Final Mark (G)                836 us
[2026-04-03T03:31:28.481+0600][17.317s][info][gc,stats    ] Pause Final Mark (N)                557 us
[2026-04-03T03:31:28.481+0600][17.317s][info][gc,stats    ]   Finish Mark                       276 us
[2026-04-03T03:31:28.481+0600][17.317s][info][gc,stats    ]   Update Region States               75 us
[2026-04-03T03:31:28.481+0600][17.317s][info][gc,stats    ]   Choose Collection Set              89 us
[2026-04-03T03:31:28.481+0600][17.317s][info][gc,stats    ]   Rebuild Free Set                   27 us
[2026-04-03T03:31:28.481+0600][17.317s][info][gc,stats    ] Concurrent Weak References          427 us, parallelism: 0.57x
[2026-04-03T03:31:28.481+0600][17.317s][info][gc,stats    ]   CWRF: <total>                     243 us
[2026-04-03T03:31:28.481+0600][17.317s][info][gc,stats    ]   CWRF: Weak References             243 us, workers (us): 171,  63,   9, ---, ---, ---, 
[2026-04-03T03:31:28.481+0600][17.317s][info][gc,stats    ] Concurrent Weak Roots              1669 us
[2026-04-03T03:31:28.481+0600][17.317s][info][gc,stats    ]   Roots                            1435 us, parallelism: 2.39x
[2026-04-03T03:31:28.481+0600][17.317s][info][gc,stats    ]     CWR: <total>                   3434 us
[2026-04-03T03:31:28.481+0600][17.317s][info][gc,stats    ]     CWR: Code Cache Roots          2259 us, workers (us): 720, 782, 756, ---, ---, ---, 
[2026-04-03T03:31:28.481+0600][17.317s][info][gc,stats    ]     CWR: VM Weak Roots             1090 us, workers (us): 404, 369, 317, ---, ---, ---, 
[2026-04-03T03:31:28.481+0600][17.317s][info][gc,stats    ]     CWR: CLDG Roots                  86 us, workers (us):  86, ---, ---, ---, ---, ---, 
[2026-04-03T03:31:28.481+0600][17.317s][info][gc,stats    ]   Rendezvous                        137 us
[2026-04-03T03:31:28.481+0600][17.317s][info][gc,stats    ] Concurrent Cleanup                  328 us
[2026-04-03T03:31:28.481+0600][17.317s][info][gc,stats    ] Concurrent Class Unloading         4001 us
[2026-04-03T03:31:28.481+0600][17.317s][info][gc,stats    ]   Unlink Stale                     3624 us
[2026-04-03T03:31:28.481+0600][17.318s][info][gc,stats    ]     System Dictionary                60 us
[2026-04-03T03:31:28.481+0600][17.318s][info][gc,stats    ]     Weak Class Links                  0 us
[2026-04-03T03:31:28.481+0600][17.318s][info][gc,stats    ]     Code Roots                     3560 us
[2026-04-03T03:31:28.481+0600][17.318s][info][gc,stats    ]   Rendezvous                        203 us
[2026-04-03T03:31:28.481+0600][17.318s][info][gc,stats    ]   Purge Unlinked                     90 us
[2026-04-03T03:31:28.481+0600][17.318s][info][gc,stats    ]     Code Roots                       83 us
[2026-04-03T03:31:28.481+0600][17.318s][info][gc,stats    ]     CLDG                              7 us
[2026-04-03T03:31:28.481+0600][17.318s][info][gc,stats    ]     Exception Caches                  0 us
[2026-04-03T03:31:28.481+0600][17.318s][info][gc,stats    ] Pause Final Roots (G)               235 us
[2026-04-03T03:31:28.481+0600][17.318s][info][gc,stats    ] Pause Final Roots (N)                49 us
[2026-04-03T03:31:28.481+0600][17.318s][info][gc,stats    ] 
[2026-04-03T03:31:28.481+0600][17.318s][info][gc,stats    ] Allocation pacing accrued:
[2026-04-03T03:31:28.481+0600][17.318s][info][gc,stats    ]       0 of   175 ms (  0.0%): <total>
[2026-04-03T03:31:28.481+0600][17.318s][info][gc,stats    ]       0 of   175 ms (  0.0%): <average total>
[2026-04-03T03:31:28.481+0600][17.318s][info][gc,stats    ] 
[2026-04-03T03:31:28.481+0600][17.318s][info][gc,metaspace] Metaspace: 66496K(67520K)->66496K(67520K) NonClass: 58175K(58752K)->58175K(58752K) Class: 8321K(8768K)->8321K(8768K)
[2026-04-03T03:31:28.481+0600][17.318s][info][gc,ergo     ] Pacer for Idle. Initial: 30720K, Alloc Tax Rate: 1.0x
[2026-04-03T03:31:29.077+0600][17.914s][info][gc          ] Trigger: Average GC time (267.95 ms) is above the time for average allocation rate (1399 MB/s) to deplete free headroom (373M) (margin of error = 1.79)
[2026-04-03T03:31:29.077+0600][17.914s][info][gc,ergo     ] Free headroom: 448M (free) - 76800K (spike) - 0B (penalties) = 373M
[2026-04-03T03:31:29.077+0600][17.914s][info][gc,ergo     ] Free: 448M, Max: 512K regular, 448M humongous, Frag: 0% external, 0% internal; Reserve: 76800K, Max: 512K
[2026-04-03T03:31:29.077+0600][17.914s][info][gc,start    ] GC(10) Concurrent reset
[2026-04-03T03:31:29.077+0600][17.914s][info][gc,task     ] GC(10) Using 3 of 6 workers for concurrent reset
[2026-04-03T03:31:29.077+0600][17.914s][info][gc,ergo     ] GC(10) Pacer for Reset. Non-Taxable: 1500M
[2026-04-03T03:31:29.078+0600][17.914s][info][gc          ] GC(10) Concurrent reset 0.466ms
[2026-04-03T03:31:29.078+0600][17.915s][info][gc,start    ] GC(10) Pause Init Mark (unload classes)
[2026-04-03T03:31:29.078+0600][17.915s][info][gc,task     ] GC(10) Using 6 of 6 workers for init marking
[2026-04-03T03:31:29.078+0600][17.915s][info][gc,ergo     ] GC(10) Pacer for Mark. Expected Live: 31429K, Free: 448M, Non-Taxable: 45928K, Alloc Tax Rate: 0.1x
[2026-04-03T03:31:29.078+0600][17.915s][info][gc          ] GC(10) Pause Init Mark (unload classes) 0.106ms
[2026-04-03T03:31:29.078+0600][17.915s][info][gc,start    ] GC(10) Concurrent marking roots
[2026-04-03T03:31:29.078+0600][17.915s][info][gc,task     ] GC(10) Using 3 of 6 workers for concurrent marking roots
[2026-04-03T03:31:29.079+0600][17.915s][info][gc          ] GC(10) Concurrent marking roots 0.580ms
[2026-04-03T03:31:29.079+0600][17.915s][info][gc,start    ] GC(10) Concurrent marking (unload classes)
[2026-04-03T03:31:29.079+0600][17.915s][info][gc,task     ] GC(10) Using 3 of 6 workers for concurrent marking
[2026-04-03T03:31:29.094+0600][17.930s][info][gc          ] GC(10) Concurrent marking (unload classes) 14.962ms
[2026-04-03T03:31:29.094+0600][17.931s][info][gc,start    ] GC(10) Pause Final Mark (unload classes)
[2026-04-03T03:31:29.094+0600][17.931s][info][gc,task     ] GC(10) Using 6 of 6 workers for final marking
[2026-04-03T03:31:29.094+0600][17.931s][info][gc,ergo     ] GC(10) Collectable Garbage: 932M (98%), Immediate: 932M (98%), CSet: 0B (0%)
[2026-04-03T03:31:29.094+0600][17.931s][info][gc          ] GC(10) Pause Final Mark (unload classes) 0.478ms
[2026-04-03T03:31:29.094+0600][17.931s][info][gc,start    ] GC(10) Concurrent weak references
[2026-04-03T03:31:29.094+0600][17.931s][info][gc,task     ] GC(10) Using 3 of 6 workers for concurrent weak references
[2026-04-03T03:31:29.095+0600][17.931s][info][gc,ref      ] GC(10) Encountered references: Soft: 3188, Weak: 4993, Final: 82, Phantom: 603
[2026-04-03T03:31:29.095+0600][17.931s][info][gc,ref      ] GC(10) Discovered  references: Soft: 0, Weak: 468, Final: 0, Phantom: 305
[2026-04-03T03:31:29.095+0600][17.931s][info][gc,ref      ] GC(10) Enqueued    references: Soft: 0, Weak: 0, Final: 0, Phantom: 0
[2026-04-03T03:31:29.095+0600][17.931s][info][gc          ] GC(10) Concurrent weak references 0.319ms
[2026-04-03T03:31:29.095+0600][17.931s][info][gc,start    ] GC(10) Concurrent weak roots
[2026-04-03T03:31:29.095+0600][17.931s][info][gc,task     ] GC(10) Using 3 of 6 workers for concurrent weak root
[2026-04-03T03:31:29.096+0600][17.933s][info][gc          ] GC(10) Concurrent weak roots 1.569ms
[2026-04-03T03:31:29.096+0600][17.933s][info][gc,start    ] GC(10) Concurrent cleanup
[2026-04-03T03:31:29.097+0600][17.934s][info][gc          ] GC(10) Concurrent cleanup 994M->62M(999M) 0.484ms
[2026-04-03T03:31:29.097+0600][17.934s][info][gc,ergo     ] GC(10) Free: 1360M, Max: 512K regular, 428M humongous, Frag: 69% external, 0% internal; Reserve: 76800K, Max: 512K
[2026-04-03T03:31:29.097+0600][17.934s][info][gc,start    ] GC(10) Concurrent class unloading
[2026-04-03T03:31:29.097+0600][17.934s][info][gc,task     ] GC(10) Using 3 of 6 workers for concurrent class unloading
[2026-04-03T03:31:29.101+0600][17.938s][info][gc          ] GC(10) Concurrent class unloading 3.968ms
[2026-04-03T03:31:29.101+0600][17.938s][info][gc,start    ] GC(10) Pause Final Roots
[2026-04-03T03:31:29.101+0600][17.938s][info][gc          ] GC(10) Pause Final Roots 0.030ms
[2026-04-03T03:31:29.101+0600][17.938s][info][gc,ergo     ] Free: 1355M, Max: 512K regular, 428M humongous, Frag: 69% external, 0% internal; Reserve: 76800K, Max: 512K
[2026-04-03T03:31:29.101+0600][17.938s][info][gc,stats    ] 
[2026-04-03T03:31:29.101+0600][17.938s][info][gc,stats    ] All times are wall-clock times, except per-root-class counters, that are sum over
[2026-04-03T03:31:29.101+0600][17.938s][info][gc,stats    ] all workers. Dividing the <total> over the root stage time estimates parallelism.
[2026-04-03T03:31:29.101+0600][17.938s][info][gc,stats    ] 
[2026-04-03T03:31:29.101+0600][17.938s][info][gc,stats    ] Concurrent Reset                    514 us
[2026-04-03T03:31:29.101+0600][17.938s][info][gc,stats    ] Pause Init Mark (G)                 349 us
[2026-04-03T03:31:29.101+0600][17.938s][info][gc,stats    ] Pause Init Mark (N)                 116 us
[2026-04-03T03:31:29.101+0600][17.938s][info][gc,stats    ]   Update Region States               22 us
[2026-04-03T03:31:29.101+0600][17.938s][info][gc,stats    ] Concurrent Mark Roots               611 us, parallelism: 1.32x
[2026-04-03T03:31:29.102+0600][17.938s][info][gc,stats    ]   CMR: <total>                      809 us
[2026-04-03T03:31:29.102+0600][17.938s][info][gc,stats    ]   CMR: Thread Roots                 637 us, workers (us): 137, 278, 221, ---, ---, ---, 
[2026-04-03T03:31:29.102+0600][17.938s][info][gc,stats    ]   CMR: VM Strong Roots               20 us, workers (us):  19,   0,   1, ---, ---, ---, 
[2026-04-03T03:31:29.102+0600][17.938s][info][gc,stats    ]   CMR: CLDG Roots                   153 us, workers (us): 153, ---, ---, ---, ---, ---, 
[2026-04-03T03:31:29.102+0600][17.938s][info][gc,stats    ] Concurrent Marking                15051 us
[2026-04-03T03:31:29.102+0600][17.938s][info][gc,stats    ] Pause Final Mark (G)                752 us
[2026-04-03T03:31:29.102+0600][17.938s][info][gc,stats    ] Pause Final Mark (N)                495 us
[2026-04-03T03:31:29.102+0600][17.938s][info][gc,stats    ]   Finish Mark                       247 us
[2026-04-03T03:31:29.102+0600][17.938s][info][gc,stats    ]   Update Region States               54 us
[2026-04-03T03:31:29.102+0600][17.938s][info][gc,stats    ]   Choose Collection Set              81 us
[2026-04-03T03:31:29.102+0600][17.938s][info][gc,stats    ]   Rebuild Free Set                   24 us
[2026-04-03T03:31:29.102+0600][17.938s][info][gc,stats    ] Concurrent Weak References          332 us, parallelism: 0.23x
[2026-04-03T03:31:29.102+0600][17.938s][info][gc,stats    ]   CWRF: <total>                      77 us
[2026-04-03T03:31:29.102+0600][17.938s][info][gc,stats    ]   CWRF: Weak References              77 us, workers (us):  77,   0,   0, ---, ---, ---, 
[2026-04-03T03:31:29.102+0600][17.938s][info][gc,stats    ] Concurrent Weak Roots              1620 us
[2026-04-03T03:31:29.102+0600][17.938s][info][gc,stats    ]   Roots                            1364 us, parallelism: 2.39x
[2026-04-03T03:31:29.102+0600][17.938s][info][gc,stats    ]     CWR: <total>                   3268 us
[2026-04-03T03:31:29.102+0600][17.938s][info][gc,stats    ]     CWR: Code Cache Roots          2253 us, workers (us): 774, 745, 734, ---, ---, ---, 
[2026-04-03T03:31:29.102+0600][17.938s][info][gc,stats    ]     CWR: VM Weak Roots              988 us, workers (us): 365, 312, 311, ---, ---, ---, 
[2026-04-03T03:31:29.102+0600][17.938s][info][gc,stats    ]     CWR: CLDG Roots                  26 us, workers (us): ---, ---,  26, ---, ---, ---, 
[2026-04-03T03:31:29.102+0600][17.938s][info][gc,stats    ]   Rendezvous                        179 us
[2026-04-03T03:31:29.102+0600][17.938s][info][gc,stats    ] Concurrent Cleanup                  502 us
[2026-04-03T03:31:29.102+0600][17.938s][info][gc,stats    ] Concurrent Class Unloading         4023 us
[2026-04-03T03:31:29.102+0600][17.938s][info][gc,stats    ]   Unlink Stale                     3575 us
[2026-04-03T03:31:29.102+0600][17.938s][info][gc,stats    ]     System Dictionary                53 us
[2026-04-03T03:31:29.102+0600][17.938s][info][gc,stats    ]     Weak Class Links                  0 us
[2026-04-03T03:31:29.102+0600][17.938s][info][gc,stats    ]     Code Roots                     3518 us
[2026-04-03T03:31:29.102+0600][17.938s][info][gc,stats    ]   Rendezvous                        184 us
[2026-04-03T03:31:29.102+0600][17.938s][info][gc,stats    ]   Purge Unlinked                    183 us
[2026-04-03T03:31:29.102+0600][17.938s][info][gc,stats    ]     Code Roots                      175 us
[2026-04-03T03:31:29.102+0600][17.938s][info][gc,stats    ]     CLDG                              7 us
[2026-04-03T03:31:29.102+0600][17.938s][info][gc,stats    ]     Exception Caches                  0 us
[2026-04-03T03:31:29.102+0600][17.938s][info][gc,stats    ] Pause Final Roots (G)               296 us
[2026-04-03T03:31:29.102+0600][17.938s][info][gc,stats    ] Pause Final Roots (N)                51 us
[2026-04-03T03:31:29.102+0600][17.938s][info][gc,stats    ] 
[2026-04-03T03:31:29.102+0600][17.939s][info][gc,stats    ] Allocation pacing accrued:
[2026-04-03T03:31:29.102+0600][17.939s][info][gc,stats    ]       0 of   621 ms (  0.0%): <total>
[2026-04-03T03:31:29.102+0600][17.939s][info][gc,stats    ]       0 of   621 ms (  0.0%): <average total>
[2026-04-03T03:31:29.102+0600][17.939s][info][gc,stats    ] 
[2026-04-03T03:31:29.102+0600][17.939s][info][gc,metaspace] Metaspace: 66497K(67520K)->66497K(67520K) NonClass: 58176K(58752K)->58176K(58752K) Class: 8321K(8768K)->8321K(8768K)
[2026-04-03T03:31:29.102+0600][17.939s][info][gc,ergo     ] Pacer for Idle. Initial: 30720K, Alloc Tax Rate: 1.0x
[2026-04-03T03:31:29.550+0600][18.386s][info][gc          ] Trigger: Average GC time (193.76 ms) is above the time for average allocation rate (1984 MB/s) to deplete free headroom (383M) (margin of error = 1.79)
[2026-04-03T03:31:29.550+0600][18.386s][info][gc,ergo     ] Free headroom: 458M (free) - 76800K (spike) - 0B (penalties) = 383M
[2026-04-03T03:31:29.550+0600][18.386s][info][gc,ergo     ] Free: 457M, Max: 512K regular, 428M humongous, Frag: 7% external, 0% internal; Reserve: 76800K, Max: 512K
[2026-04-03T03:31:29.550+0600][18.386s][info][gc,start    ] GC(11) Concurrent reset
[2026-04-03T03:31:29.550+0600][18.386s][info][gc,task     ] GC(11) Using 3 of 6 workers for concurrent reset
[2026-04-03T03:31:29.550+0600][18.386s][info][gc,ergo     ] GC(11) Pacer for Reset. Non-Taxable: 1500M
[2026-04-03T03:31:29.550+0600][18.387s][info][gc          ] GC(11) Concurrent reset 0.516ms
[2026-04-03T03:31:29.550+0600][18.387s][info][gc,start    ] GC(11) Pause Init Mark (unload classes)
[2026-04-03T03:31:29.550+0600][18.387s][info][gc,task     ] GC(11) Using 6 of 6 workers for init marking
[2026-04-03T03:31:29.551+0600][18.387s][info][gc,ergo     ] GC(11) Pacer for Mark. Expected Live: 32560K, Free: 456M, Non-Taxable: 46696K, Alloc Tax Rate: 0.1x
[2026-04-03T03:31:29.551+0600][18.387s][info][gc          ] GC(11) Pause Init Mark (unload classes) 0.117ms
[2026-04-03T03:31:29.551+0600][18.387s][info][gc,start    ] GC(11) Concurrent marking roots
[2026-04-03T03:31:29.551+0600][18.387s][info][gc,task     ] GC(11) Using 3 of 6 workers for concurrent marking roots
[2026-04-03T03:31:29.551+0600][18.388s][info][gc          ] GC(11) Concurrent marking roots 0.580ms
[2026-04-03T03:31:29.551+0600][18.388s][info][gc,start    ] GC(11) Concurrent marking (unload classes)
[2026-04-03T03:31:29.551+0600][18.388s][info][gc,task     ] GC(11) Using 3 of 6 workers for concurrent marking
[2026-04-03T03:31:29.565+0600][18.402s][info][gc          ] GC(11) Concurrent marking (unload classes) 14.081ms
[2026-04-03T03:31:29.565+0600][18.402s][info][gc,start    ] GC(11) Pause Final Mark (unload classes)
[2026-04-03T03:31:29.565+0600][18.402s][info][gc,task     ] GC(11) Using 6 of 6 workers for final marking
[2026-04-03T03:31:29.566+0600][18.403s][info][gc,ergo     ] GC(11) Collectable Garbage: 924M (98%), Immediate: 924M (98%), CSet: 0B (0%)
[2026-04-03T03:31:29.566+0600][18.403s][info][gc          ] GC(11) Pause Final Mark (unload classes) 0.601ms
[2026-04-03T03:31:29.566+0600][18.403s][info][gc,start    ] GC(11) Concurrent weak references
[2026-04-03T03:31:29.566+0600][18.403s][info][gc,task     ] GC(11) Using 3 of 6 workers for concurrent weak references
[2026-04-03T03:31:29.567+0600][18.403s][info][gc,ref      ] GC(11) Encountered references: Soft: 3188, Weak: 4993, Final: 82, Phantom: 603
[2026-04-03T03:31:29.567+0600][18.403s][info][gc,ref      ] GC(11) Discovered  references: Soft: 0, Weak: 2793, Final: 50, Phantom: 218
[2026-04-03T03:31:29.567+0600][18.403s][info][gc,ref      ] GC(11) Enqueued    references: Soft: 0, Weak: 0, Final: 0, Phantom: 0
[2026-04-03T03:31:29.567+0600][18.403s][info][gc          ] GC(11) Concurrent weak references 0.622ms
[2026-04-03T03:31:29.567+0600][18.403s][info][gc,start    ] GC(11) Concurrent weak roots
[2026-04-03T03:31:29.567+0600][18.404s][info][gc,task     ] GC(11) Using 3 of 6 workers for concurrent weak root
[2026-04-03T03:31:29.568+0600][18.405s][info][gc          ] GC(11) Concurrent weak roots 1.599ms
[2026-04-03T03:31:29.568+0600][18.405s][info][gc,start    ] GC(11) Concurrent cleanup
[2026-04-03T03:31:29.569+0600][18.406s][info][gc          ] GC(11) Concurrent cleanup 994M->71M(999M) 0.648ms
[2026-04-03T03:31:29.569+0600][18.406s][info][gc,ergo     ] GC(11) Free: 1351M, Max: 512K regular, 451M humongous, Frag: 67% external, 0% internal; Reserve: 76800K, Max: 512K
[2026-04-03T03:31:29.569+0600][18.406s][info][gc,start    ] GC(11) Concurrent class unloading
[2026-04-03T03:31:29.569+0600][18.406s][info][gc,task     ] GC(11) Using 3 of 6 workers for concurrent class unloading
[2026-04-03T03:31:29.573+0600][18.409s][info][gc          ] GC(11) Concurrent class unloading 3.589ms
[2026-04-03T03:31:29.573+0600][18.410s][info][gc,start    ] GC(11) Pause Final Roots
[2026-04-03T03:31:29.573+0600][18.410s][info][gc          ] GC(11) Pause Final Roots 0.032ms
[2026-04-03T03:31:29.573+0600][18.410s][info][gc,ergo     ] Free: 1345M, Max: 512K regular, 451M humongous, Frag: 67% external, 0% internal; Reserve: 76800K, Max: 512K
[2026-04-03T03:31:29.573+0600][18.410s][info][gc,stats    ] 
[2026-04-03T03:31:29.573+0600][18.410s][info][gc,stats    ] All times are wall-clock times, except per-root-class counters, that are sum over
[2026-04-03T03:31:29.573+0600][18.410s][info][gc,stats    ] all workers. Dividing the <total> over the root stage time estimates parallelism.
[2026-04-03T03:31:29.573+0600][18.410s][info][gc,stats    ] 
[2026-04-03T03:31:29.573+0600][18.410s][info][gc,stats    ] Concurrent Reset                    538 us
[2026-04-03T03:31:29.573+0600][18.410s][info][gc,stats    ] Pause Init Mark (G)                 356 us
[2026-04-03T03:31:29.573+0600][18.410s][info][gc,stats    ] Pause Init Mark (N)                 128 us
[2026-04-03T03:31:29.573+0600][18.410s][info][gc,stats    ]   Update Region States               30 us
[2026-04-03T03:31:29.573+0600][18.410s][info][gc,stats    ] Concurrent Mark Roots               599 us, parallelism: 1.78x
[2026-04-03T03:31:29.573+0600][18.410s][info][gc,stats    ]   CMR: <total>                     1069 us
[2026-04-03T03:31:29.573+0600][18.410s][info][gc,stats    ]   CMR: Thread Roots                 800 us, workers (us): 107, 357, 336, ---, ---, ---, 
[2026-04-03T03:31:29.573+0600][18.410s][info][gc,stats    ]   CMR: VM Strong Roots               18 us, workers (us):  17,   1,   0, ---, ---, ---, 
[2026-04-03T03:31:29.573+0600][18.410s][info][gc,stats    ]   CMR: CLDG Roots                   251 us, workers (us): 251, ---, ---, ---, ---, ---, 
[2026-04-03T03:31:29.573+0600][18.410s][info][gc,stats    ] Concurrent Marking                14137 us
[2026-04-03T03:31:29.573+0600][18.410s][info][gc,stats    ] Pause Final Mark (G)                885 us
[2026-04-03T03:31:29.573+0600][18.410s][info][gc,stats    ] Pause Final Mark (N)                617 us
[2026-04-03T03:31:29.573+0600][18.410s][info][gc,stats    ]   Finish Mark                       305 us
[2026-04-03T03:31:29.573+0600][18.410s][info][gc,stats    ]   Update Region States               63 us
[2026-04-03T03:31:29.573+0600][18.410s][info][gc,stats    ]   Choose Collection Set              85 us
[2026-04-03T03:31:29.574+0600][18.410s][info][gc,stats    ]   Rebuild Free Set                   25 us
[2026-04-03T03:31:29.574+0600][18.410s][info][gc,stats    ] Concurrent Weak References          640 us, parallelism: 0.62x
[2026-04-03T03:31:29.574+0600][18.410s][info][gc,stats    ]   CWRF: <total>                     395 us
[2026-04-03T03:31:29.574+0600][18.410s][info][gc,stats    ]   CWRF: Weak References             395 us, workers (us):  33, 361,   1, ---, ---, ---, 
[2026-04-03T03:31:29.574+0600][18.410s][info][gc,stats    ] Concurrent Weak Roots              1628 us
[2026-04-03T03:31:29.574+0600][18.410s][info][gc,stats    ]   Roots                            1418 us, parallelism: 2.38x
[2026-04-03T03:31:29.574+0600][18.410s][info][gc,stats    ]     CWR: <total>                   3371 us
[2026-04-03T03:31:29.574+0600][18.410s][info][gc,stats    ]     CWR: Code Cache Roots          2280 us, workers (us): 735, 841, 703, ---, ---, ---, 
[2026-04-03T03:31:29.574+0600][18.410s][info][gc,stats    ]     CWR: VM Weak Roots             1016 us, workers (us): 385, 335, 296, ---, ---, ---, 
[2026-04-03T03:31:29.574+0600][18.410s][info][gc,stats    ]     CWR: CLDG Roots                  75 us, workers (us): ---, ---,  75, ---, ---, ---, 
[2026-04-03T03:31:29.574+0600][18.410s][info][gc,stats    ]   Rendezvous                        155 us
[2026-04-03T03:31:29.574+0600][18.410s][info][gc,stats    ] Concurrent Cleanup                  708 us
[2026-04-03T03:31:29.574+0600][18.410s][info][gc,stats    ] Concurrent Class Unloading         3650 us
[2026-04-03T03:31:29.574+0600][18.410s][info][gc,stats    ]   Unlink Stale                     3297 us
[2026-04-03T03:31:29.574+0600][18.410s][info][gc,stats    ]     System Dictionary                59 us
[2026-04-03T03:31:29.574+0600][18.410s][info][gc,stats    ]     Weak Class Links                  0 us
[2026-04-03T03:31:29.574+0600][18.410s][info][gc,stats    ]     Code Roots                     3235 us
[2026-04-03T03:31:29.574+0600][18.410s][info][gc,stats    ]   Rendezvous                        135 us
[2026-04-03T03:31:29.574+0600][18.410s][info][gc,stats    ]   Purge Unlinked                    126 us
[2026-04-03T03:31:29.574+0600][18.410s][info][gc,stats    ]     Code Roots                      119 us
[2026-04-03T03:31:29.574+0600][18.410s][info][gc,stats    ]     CLDG                              7 us
[2026-04-03T03:31:29.574+0600][18.410s][info][gc,stats    ]     Exception Caches                  0 us
[2026-04-03T03:31:29.574+0600][18.410s][info][gc,stats    ] Pause Final Roots (G)               335 us
[2026-04-03T03:31:29.574+0600][18.410s][info][gc,stats    ] Pause Final Roots (N)                52 us
[2026-04-03T03:31:29.574+0600][18.410s][info][gc,stats    ] 
[2026-04-03T03:31:29.574+0600][18.410s][info][gc,stats    ] Allocation pacing accrued:
[2026-04-03T03:31:29.574+0600][18.410s][info][gc,stats    ]       0 of   472 ms (  0.0%): <total>
[2026-04-03T03:31:29.574+0600][18.410s][info][gc,stats    ]       0 of   472 ms (  0.0%): <average total>
[2026-04-03T03:31:29.574+0600][18.410s][info][gc,stats    ] 
[2026-04-03T03:31:29.574+0600][18.410s][info][gc,metaspace] Metaspace: 66499K(67520K)->66499K(67520K) NonClass: 58177K(58752K)->58177K(58752K) Class: 8321K(8768K)->8321K(8768K)
[2026-04-03T03:31:29.574+0600][18.411s][info][gc,ergo     ] Pacer for Idle. Initial: 30720K, Alloc Tax Rate: 1.0x
[2026-04-03T03:31:30.088+0600][18.925s][info][gc          ] Trigger: Average GC time (142.34 ms) is above the time for average allocation rate (1969 MB/s) to deplete free headroom (279M) (margin of error = 1.79)
[2026-04-03T03:31:30.088+0600][18.925s][info][gc,ergo     ] Free headroom: 354M (free) - 76800K (spike) - 0B (penalties) = 279M
[2026-04-03T03:31:30.088+0600][18.925s][info][gc,ergo     ] Free: 354M, Max: 512K regular, 354M humongous, Frag: 0% external, 0% internal; Reserve: 76800K, Max: 512K
[2026-04-03T03:31:30.088+0600][18.925s][info][gc,start    ] GC(12) Concurrent reset
[2026-04-03T03:31:30.088+0600][18.925s][info][gc,task     ] GC(12) Using 3 of 6 workers for concurrent reset
[2026-04-03T03:31:30.088+0600][18.925s][info][gc,ergo     ] GC(12) Pacer for Reset. Non-Taxable: 1500M
[2026-04-03T03:31:30.089+0600][18.926s][info][gc          ] GC(12) Concurrent reset 0.548ms
[2026-04-03T03:31:30.089+0600][18.926s][info][gc,start    ] GC(12) Pause Init Mark (unload classes)
[2026-04-03T03:31:30.089+0600][18.926s][info][gc,task     ] GC(12) Using 6 of 6 workers for init marking
[2026-04-03T03:31:30.089+0600][18.926s][info][gc,ergo     ] GC(12) Pacer for Mark. Expected Live: 32567K, Free: 353M, Non-Taxable: 36149K, Alloc Tax Rate: 0.1x
[2026-04-03T03:31:30.089+0600][18.926s][info][gc          ] GC(12) Pause Init Mark (unload classes) 0.104ms
[2026-04-03T03:31:30.089+0600][18.926s][info][gc,start    ] GC(12) Concurrent marking roots
[2026-04-03T03:31:30.089+0600][18.926s][info][gc,task     ] GC(12) Using 3 of 6 workers for concurrent marking roots
[2026-04-03T03:31:30.090+0600][18.927s][info][gc          ] GC(12) Concurrent marking roots 0.599ms
[2026-04-03T03:31:30.090+0600][18.927s][info][gc,start    ] GC(12) Concurrent marking (unload classes)
[2026-04-03T03:31:30.090+0600][18.927s][info][gc,task     ] GC(12) Using 3 of 6 workers for concurrent marking
[2026-04-03T03:31:30.104+0600][18.941s][info][gc          ] GC(12) Concurrent marking (unload classes) 14.387ms
[2026-04-03T03:31:30.105+0600][18.941s][info][gc,start    ] GC(12) Pause Final Mark (unload classes)
[2026-04-03T03:31:30.105+0600][18.941s][info][gc,task     ] GC(12) Using 6 of 6 workers for final marking
[2026-04-03T03:31:30.105+0600][18.942s][info][gc,ergo     ] GC(12) Collectable Garbage: 1025M (98%), Immediate: 1025M (98%), CSet: 0B (0%)
[2026-04-03T03:31:30.105+0600][18.942s][info][gc          ] GC(12) Pause Final Mark (unload classes) 0.450ms
[2026-04-03T03:31:30.105+0600][18.942s][info][gc,start    ] GC(12) Concurrent weak references
[2026-04-03T03:31:30.105+0600][18.942s][info][gc,task     ] GC(12) Using 3 of 6 workers for concurrent weak references
[2026-04-03T03:31:30.105+0600][18.942s][info][gc,ref      ] GC(12) Encountered references: Soft: 3188, Weak: 4993, Final: 82, Phantom: 603
[2026-04-03T03:31:30.105+0600][18.942s][info][gc,ref      ] GC(12) Discovered  references: Soft: 0, Weak: 1471, Final: 0, Phantom: 216
[2026-04-03T03:31:30.105+0600][18.942s][info][gc,ref      ] GC(12) Enqueued    references: Soft: 0, Weak: 0, Final: 0, Phantom: 0
[2026-04-03T03:31:30.105+0600][18.942s][info][gc          ] GC(12) Concurrent weak references 0.210ms
[2026-04-03T03:31:30.105+0600][18.942s][info][gc,start    ] GC(12) Concurrent weak roots
[2026-04-03T03:31:30.105+0600][18.942s][info][gc,task     ] GC(12) Using 3 of 6 workers for concurrent weak root
[2026-04-03T03:31:30.107+0600][18.944s][info][gc          ] GC(12) Concurrent weak roots 1.824ms
[2026-04-03T03:31:30.107+0600][18.944s][info][gc,start    ] GC(12) Concurrent cleanup
[2026-04-03T03:31:30.108+0600][18.944s][info][gc          ] GC(12) Concurrent cleanup 1088M->63M(1093M) 0.488ms
[2026-04-03T03:31:30.108+0600][18.945s][info][gc,ergo     ] GC(12) Free: 1359M, Max: 512K regular, 445M humongous, Frag: 68% external, 0% internal; Reserve: 76800K, Max: 512K
[2026-04-03T03:31:30.108+0600][18.945s][info][gc,start    ] GC(12) Concurrent class unloading
[2026-04-03T03:31:30.108+0600][18.945s][info][gc,task     ] GC(12) Using 3 of 6 workers for concurrent class unloading
[2026-04-03T03:31:30.112+0600][18.948s][info][gc          ] GC(12) Concurrent class unloading 3.886ms
[2026-04-03T03:31:30.112+0600][18.949s][info][gc,start    ] GC(12) Pause Final Roots
[2026-04-03T03:31:30.112+0600][18.949s][info][gc          ] GC(12) Pause Final Roots 0.042ms
[2026-04-03T03:31:30.112+0600][18.949s][info][gc,ergo     ] Free: 1353M, Max: 512K regular, 445M humongous, Frag: 68% external, 0% internal; Reserve: 76800K, Max: 512K
[2026-04-03T03:31:30.112+0600][18.949s][info][gc,stats    ] 
[2026-04-03T03:31:30.112+0600][18.949s][info][gc,stats    ] All times are wall-clock times, except per-root-class counters, that are sum over
[2026-04-03T03:31:30.112+0600][18.949s][info][gc,stats    ] all workers. Dividing the <total> over the root stage time estimates parallelism.
[2026-04-03T03:31:30.112+0600][18.949s][info][gc,stats    ] 
[2026-04-03T03:31:30.112+0600][18.949s][info][gc,stats    ] Concurrent Reset                    579 us
[2026-04-03T03:31:30.112+0600][18.949s][info][gc,stats    ] Pause Init Mark (G)                 366 us
[2026-04-03T03:31:30.112+0600][18.949s][info][gc,stats    ] Pause Init Mark (N)                 115 us
[2026-04-03T03:31:30.112+0600][18.949s][info][gc,stats    ]   Update Region States               19 us
[2026-04-03T03:31:30.112+0600][18.949s][info][gc,stats    ] Concurrent Mark Roots               634 us, parallelism: 1.36x
[2026-04-03T03:31:30.112+0600][18.949s][info][gc,stats    ]   CMR: <total>                      861 us
[2026-04-03T03:31:30.112+0600][18.949s][info][gc,stats    ]   CMR: Thread Roots                 693 us, workers (us): 170, 287, 235, ---, ---, ---, 
[2026-04-03T03:31:30.112+0600][18.949s][info][gc,stats    ]   CMR: VM Strong Roots               17 us, workers (us):  16,   0,   1, ---, ---, ---, 
[2026-04-03T03:31:30.112+0600][18.949s][info][gc,stats    ]   CMR: CLDG Roots                   150 us, workers (us): 150, ---, ---, ---, ---, ---, 
[2026-04-03T03:31:30.112+0600][18.949s][info][gc,stats    ] Concurrent Marking                14447 us
[2026-04-03T03:31:30.112+0600][18.949s][info][gc,stats    ] Pause Final Mark (G)                727 us
[2026-04-03T03:31:30.112+0600][18.949s][info][gc,stats    ] Pause Final Mark (N)                465 us
[2026-04-03T03:31:30.112+0600][18.949s][info][gc,stats    ]   Finish Mark                       228 us
[2026-04-03T03:31:30.112+0600][18.949s][info][gc,stats    ]   Update Region States               57 us
[2026-04-03T03:31:30.112+0600][18.949s][info][gc,stats    ]   Choose Collection Set              79 us
[2026-04-03T03:31:30.112+0600][18.949s][info][gc,stats    ]   Rebuild Free Set                   23 us
[2026-04-03T03:31:30.112+0600][18.949s][info][gc,stats    ] Concurrent Weak References          222 us, parallelism: 0.61x
[2026-04-03T03:31:30.112+0600][18.949s][info][gc,stats    ]   CWRF: <total>                     136 us
[2026-04-03T03:31:30.112+0600][18.949s][info][gc,stats    ]   CWRF: Weak References             136 us, workers (us):  93,  42,   0, ---, ---, ---, 
[2026-04-03T03:31:30.113+0600][18.949s][info][gc,stats    ] Concurrent Weak Roots              1881 us
[2026-04-03T03:31:30.113+0600][18.949s][info][gc,stats    ]   Roots                            1643 us, parallelism: 2.49x
[2026-04-03T03:31:30.113+0600][18.949s][info][gc,stats    ]     CWR: <total>                   4096 us
[2026-04-03T03:31:30.113+0600][18.949s][info][gc,stats    ]     CWR: Code Cache Roots          2871 us, workers (us): 1021, 857, 993, ---, ---, ---, 
[2026-04-03T03:31:30.113+0600][18.949s][info][gc,stats    ]     CWR: VM Weak Roots             1196 us, workers (us): 416, 392, 388, ---, ---, ---, 
[2026-04-03T03:31:30.113+0600][18.949s][info][gc,stats    ]     CWR: CLDG Roots                  29 us, workers (us): ---,  29, ---, ---, ---, ---, 
[2026-04-03T03:31:30.113+0600][18.949s][info][gc,stats    ]   Rendezvous                        155 us
[2026-04-03T03:31:30.113+0600][18.949s][info][gc,stats    ] Concurrent Cleanup                  504 us
[2026-04-03T03:31:30.113+0600][18.949s][info][gc,stats    ] Concurrent Class Unloading         3935 us
[2026-04-03T03:31:30.113+0600][18.949s][info][gc,stats    ]   Unlink Stale                     3516 us
[2026-04-03T03:31:30.113+0600][18.949s][info][gc,stats    ]     System Dictionary                59 us
[2026-04-03T03:31:30.113+0600][18.949s][info][gc,stats    ]     Weak Class Links                  0 us
[2026-04-03T03:31:30.113+0600][18.949s][info][gc,stats    ]     Code Roots                     3454 us
[2026-04-03T03:31:30.113+0600][18.949s][info][gc,stats    ]   Rendezvous                        233 us
[2026-04-03T03:31:30.113+0600][18.949s][info][gc,stats    ]   Purge Unlinked                    107 us
[2026-04-03T03:31:30.113+0600][18.949s][info][gc,stats    ]     Code Roots                       99 us
[2026-04-03T03:31:30.113+0600][18.949s][info][gc,stats    ]     CLDG                              8 us
[2026-04-03T03:31:30.113+0600][18.949s][info][gc,stats    ]     Exception Caches                  0 us
[2026-04-03T03:31:30.113+0600][18.949s][info][gc,stats    ] Pause Final Roots (G)               327 us
[2026-04-03T03:31:30.113+0600][18.949s][info][gc,stats    ] Pause Final Roots (N)                64 us
[2026-04-03T03:31:30.113+0600][18.949s][info][gc,stats    ] 
[2026-04-03T03:31:30.113+0600][18.949s][info][gc,stats    ] Allocation pacing accrued:
[2026-04-03T03:31:30.113+0600][18.949s][info][gc,stats    ]       0 of   539 ms (  0.0%): <total>
[2026-04-03T03:31:30.113+0600][18.949s][info][gc,stats    ]       0 of   539 ms (  0.0%): <average total>
[2026-04-03T03:31:30.113+0600][18.949s][info][gc,stats    ] 
[2026-04-03T03:31:30.113+0600][18.949s][info][gc,metaspace] Metaspace: 66499K(67520K)->66499K(67520K) NonClass: 58177K(58752K)->58177K(58752K) Class: 8321K(8768K)->8321K(8768K)
[2026-04-03T03:31:30.113+0600][18.949s][info][gc,ergo     ] Pacer for Idle. Initial: 30720K, Alloc Tax Rate: 1.0x
[2026-04-03T03:31:32.119+0600][20.956s][info][gc          ] Trigger: Free (149M) is below minimum threshold (150M)
[2026-04-03T03:31:32.119+0600][20.956s][info][gc,ergo     ] Free: 149M, Max: 512K regular, 149M humongous, Frag: 0% external, 0% internal; Reserve: 76800K, Max: 512K
[2026-04-03T03:31:32.119+0600][20.956s][info][gc,start    ] GC(13) Concurrent reset
[2026-04-03T03:31:32.119+0600][20.956s][info][gc,task     ] GC(13) Using 3 of 6 workers for concurrent reset
[2026-04-03T03:31:32.119+0600][20.956s][info][gc,ergo     ] GC(13) Pacer for Reset. Non-Taxable: 1500M
[2026-04-03T03:31:32.120+0600][20.957s][info][gc          ] GC(13) Concurrent reset 0.554ms
[2026-04-03T03:31:32.120+0600][20.957s][info][gc,start    ] GC(13) Pause Init Mark (unload classes)
[2026-04-03T03:31:32.120+0600][20.957s][info][gc,task     ] GC(13) Using 6 of 6 workers for init marking
[2026-04-03T03:31:32.120+0600][20.957s][info][gc,ergo     ] GC(13) Pacer for Mark. Expected Live: 32568K, Free: 148M, Non-Taxable: 15208K, Alloc Tax Rate: 0.3x
[2026-04-03T03:31:32.120+0600][20.957s][info][gc          ] GC(13) Pause Init Mark (unload classes) 0.121ms
[2026-04-03T03:31:32.120+0600][20.957s][info][gc,start    ] GC(13) Concurrent marking roots
[2026-04-03T03:31:32.120+0600][20.957s][info][gc,task     ] GC(13) Using 3 of 6 workers for concurrent marking roots
[2026-04-03T03:31:32.122+0600][20.958s][info][gc          ] GC(13) Concurrent marking roots 1.334ms
[2026-04-03T03:31:32.122+0600][20.958s][info][gc,start    ] GC(13) Concurrent marking (unload classes)
[2026-04-03T03:31:32.122+0600][20.958s][info][gc,task     ] GC(13) Using 3 of 6 workers for concurrent marking
[2026-04-03T03:31:32.240+0600][21.077s][info][gc          ] GC(13) Concurrent marking (unload classes) 118.755ms
[2026-04-03T03:31:32.241+0600][21.078s][info][gc,start    ] GC(13) Pause Final Mark (unload classes)
[2026-04-03T03:31:32.241+0600][21.078s][info][gc,task     ] GC(13) Using 6 of 6 workers for final marking
[2026-04-03T03:31:32.241+0600][21.078s][info][gc,ergo     ] GC(13) Adaptive CSet Selection. Target Free: 212M, Actual Free: 1048M, Max CSet: 64000K, Min Garbage: 0B
[2026-04-03T03:31:32.242+0600][21.078s][info][gc,ergo     ] GC(13) Collectable Garbage: 1178M (99%), Immediate: 863M (73%), CSet: 314M (26%)
[2026-04-03T03:31:32.242+0600][21.078s][info][gc,ergo     ] GC(13) Pacer for Evacuation. Used CSet: 368M, Free: 978M, Non-Taxable: 100147K, Alloc Tax Rate: 1.1x
[2026-04-03T03:31:32.242+0600][21.078s][info][gc          ] GC(13) Pause Final Mark (unload classes) 0.915ms
[2026-04-03T03:31:32.242+0600][21.079s][info][gc,start    ] GC(13) Concurrent thread roots
[2026-04-03T03:31:32.242+0600][21.079s][info][gc,task     ] GC(13) Using 3 of 6 workers for Concurrent thread roots
[2026-04-03T03:31:32.243+0600][21.079s][info][gc          ] GC(13) Concurrent thread roots 0.755ms
[2026-04-03T03:31:32.243+0600][21.079s][info][gc,start    ] GC(13) Concurrent weak references
[2026-04-03T03:31:32.243+0600][21.079s][info][gc,task     ] GC(13) Using 3 of 6 workers for concurrent weak references
[2026-04-03T03:31:32.243+0600][21.080s][info][gc,ref      ] GC(13) Encountered references: Soft: 3326, Weak: 6170, Final: 82, Phantom: 597
[2026-04-03T03:31:32.243+0600][21.080s][info][gc,ref      ] GC(13) Discovered  references: Soft: 0, Weak: 1069, Final: 0, Phantom: 594
[2026-04-03T03:31:32.243+0600][21.080s][info][gc,ref      ] GC(13) Enqueued    references: Soft: 0, Weak: 533, Final: 0, Phantom: 0
[2026-04-03T03:31:32.243+0600][21.080s][info][gc          ] GC(13) Concurrent weak references 0.594ms
[2026-04-03T03:31:32.243+0600][21.080s][info][gc,start    ] GC(13) Concurrent weak roots
[2026-04-03T03:31:32.243+0600][21.080s][info][gc,task     ] GC(13) Using 3 of 6 workers for concurrent weak root
[2026-04-03T03:31:32.246+0600][21.083s][info][gc          ] GC(13) Concurrent weak roots 2.650ms
[2026-04-03T03:31:32.246+0600][21.083s][info][gc,start    ] GC(13) Concurrent cleanup
[2026-04-03T03:31:32.247+0600][21.084s][info][gc          ] GC(13) Concurrent cleanup 1309M->445M(1319M) 0.994ms
[2026-04-03T03:31:32.247+0600][21.084s][info][gc,ergo     ] GC(13) Free: 976M, Max: 512K regular, 123M humongous, Frag: 88% external, 0% internal; Reserve: 75905K, Max: 512K
[2026-04-03T03:31:32.247+0600][21.084s][info][gc,start    ] GC(13) Concurrent class unloading
[2026-04-03T03:31:32.247+0600][21.084s][info][gc,task     ] GC(13) Using 3 of 6 workers for concurrent class unloading
[2026-04-03T03:31:32.269+0600][21.106s][info][gc          ] GC(13) Concurrent class unloading 21.783ms
[2026-04-03T03:31:32.269+0600][21.106s][info][gc,start    ] GC(13) Concurrent strong roots
[2026-04-03T03:31:32.269+0600][21.106s][info][gc,task     ] GC(13) Using 3 of 6 workers for concurrent strong root
[2026-04-03T03:31:32.270+0600][21.106s][info][gc          ] GC(13) Concurrent strong roots 0.745ms
[2026-04-03T03:31:32.270+0600][21.106s][info][gc,start    ] GC(13) Concurrent evacuation
[2026-04-03T03:31:32.270+0600][21.106s][info][gc,task     ] GC(13) Using 3 of 6 workers for concurrent evacuation
[2026-04-03T03:31:32.329+0600][21.166s][info][gc          ] GC(13) Concurrent evacuation 59.420ms
[2026-04-03T03:31:32.329+0600][21.166s][info][gc,start    ] GC(13) Pause Init Update Refs
[2026-04-03T03:31:32.330+0600][21.166s][info][gc,ergo     ] GC(13) Pacer for Update Refs. Used: 521M, Free: 954M, Non-Taxable: 97790K, Alloc Tax Rate: 1.1x
[2026-04-03T03:31:32.330+0600][21.166s][info][gc          ] GC(13) Pause Init Update Refs 0.155ms
[2026-04-03T03:31:32.330+0600][21.166s][info][gc,start    ] GC(13) Concurrent update references
[2026-04-03T03:31:32.330+0600][21.166s][info][gc,task     ] GC(13) Using 3 of 6 workers for concurrent reference update
[2026-04-03T03:31:32.393+0600][21.229s][info][gc          ] GC(13) Concurrent update references 62.880ms
[2026-04-03T03:31:32.393+0600][21.229s][info][gc,start    ] GC(13) Concurrent update thread roots
[2026-04-03T03:31:32.394+0600][21.230s][info][gc          ] GC(13) Concurrent update thread roots 0.901ms
[2026-04-03T03:31:32.394+0600][21.231s][info][gc,start    ] GC(13) Pause Final Update Refs
[2026-04-03T03:31:32.394+0600][21.231s][info][gc,task     ] GC(13) Using 6 of 6 workers for final reference update
[2026-04-03T03:31:32.394+0600][21.231s][info][gc          ] GC(13) Pause Final Update Refs 0.237ms
[2026-04-03T03:31:32.394+0600][21.231s][info][gc,start    ] GC(13) Concurrent cleanup
[2026-04-03T03:31:32.395+0600][21.231s][info][gc          ] GC(13) Concurrent cleanup 535M->167M(1372M) 0.312ms
[2026-04-03T03:31:32.395+0600][21.231s][info][gc,ergo     ] Free: 1254M, Max: 512K regular, 895M humongous, Frag: 29% external, 0% internal; Reserve: 76800K, Max: 512K
[2026-04-03T03:31:32.395+0600][21.231s][info][gc,stats    ] 
[2026-04-03T03:31:32.395+0600][21.231s][info][gc,stats    ] All times are wall-clock times, except per-root-class counters, that are sum over
[2026-04-03T03:31:32.395+0600][21.231s][info][gc,stats    ] all workers. Dividing the <total> over the root stage time estimates parallelism.
[2026-04-03T03:31:32.395+0600][21.231s][info][gc,stats    ] 
[2026-04-03T03:31:32.395+0600][21.231s][info][gc,stats    ] Concurrent Reset                    575 us
[2026-04-03T03:31:32.395+0600][21.231s][info][gc,stats    ] Pause Init Mark (G)                 338 us
[2026-04-03T03:31:32.395+0600][21.231s][info][gc,stats    ] Pause Init Mark (N)                 131 us
[2026-04-03T03:31:32.395+0600][21.231s][info][gc,stats    ]   Update Region States               31 us
[2026-04-03T03:31:32.395+0600][21.231s][info][gc,stats    ] Concurrent Mark Roots              1373 us, parallelism: 2.40x
[2026-04-03T03:31:32.395+0600][21.231s][info][gc,stats    ]   CMR: <total>                     3293 us
[2026-04-03T03:31:32.395+0600][21.231s][info][gc,stats    ]   CMR: Thread Roots                2842 us, workers (us): 1028, 782, 1032, ---, ---, ---, 
[2026-04-03T03:31:32.395+0600][21.231s][info][gc,stats    ]   CMR: VM Strong Roots              182 us, workers (us): 117,  64,   1, ---, ---, ---, 
[2026-04-03T03:31:32.395+0600][21.231s][info][gc,stats    ]   CMR: CLDG Roots                   269 us, workers (us): ---, 269, ---, ---, ---, ---, 
[2026-04-03T03:31:32.395+0600][21.232s][info][gc,stats    ] Concurrent Marking               118861 us
[2026-04-03T03:31:32.395+0600][21.232s][info][gc,stats    ] Pause Final Mark (G)               1361 us
[2026-04-03T03:31:32.395+0600][21.232s][info][gc,stats    ] Pause Final Mark (N)                931 us
[2026-04-03T03:31:32.395+0600][21.232s][info][gc,stats    ]   Finish Mark                       280 us
[2026-04-03T03:31:32.395+0600][21.232s][info][gc,stats    ]   Update Region States               63 us
[2026-04-03T03:31:32.395+0600][21.232s][info][gc,stats    ]   Choose Collection Set             376 us
[2026-04-03T03:31:32.395+0600][21.232s][info][gc,stats    ]   Rebuild Free Set                   42 us
[2026-04-03T03:31:32.395+0600][21.232s][info][gc,stats    ] Concurrent Thread Roots             787 us, parallelism: 2.14x
[2026-04-03T03:31:32.395+0600][21.232s][info][gc,stats    ]   CTR: <total>                     1682 us
[2026-04-03T03:31:32.395+0600][21.232s][info][gc,stats    ]   CTR: Thread Roots                1682 us, workers (us): 581, 566, 536, ---, ---, ---, 
[2026-04-03T03:31:32.395+0600][21.232s][info][gc,stats    ] Concurrent Weak References          608 us, parallelism: 0.82x
[2026-04-03T03:31:32.395+0600][21.232s][info][gc,stats    ]   CWRF: <total>                     496 us
[2026-04-03T03:31:32.395+0600][21.232s][info][gc,stats    ]   CWRF: Weak References             496 us, workers (us): 131,  15, 350, ---, ---, ---, 
[2026-04-03T03:31:32.395+0600][21.232s][info][gc,stats    ] Concurrent Weak Roots              2696 us
[2026-04-03T03:31:32.395+0600][21.232s][info][gc,stats    ]   Roots                            2410 us, parallelism: 2.49x
[2026-04-03T03:31:32.395+0600][21.232s][info][gc,stats    ]     CWR: <total>                   5990 us
[2026-04-03T03:31:32.395+0600][21.232s][info][gc,stats    ]     CWR: Code Cache Roots          3456 us, workers (us): 1298, 1152, 1007, ---, ---, ---, 
[2026-04-03T03:31:32.395+0600][21.232s][info][gc,stats    ]     CWR: VM Weak Roots             2394 us, workers (us): 830, 815, 750, ---, ---, ---, 
[2026-04-03T03:31:32.395+0600][21.232s][info][gc,stats    ]     CWR: CLDG Roots                 139 us, workers (us): ---, ---, 139, ---, ---, ---, 
[2026-04-03T03:31:32.395+0600][21.232s][info][gc,stats    ]   Rendezvous                        211 us
[2026-04-03T03:31:32.395+0600][21.232s][info][gc,stats    ] Concurrent Cleanup                 1019 us
[2026-04-03T03:31:32.395+0600][21.232s][info][gc,stats    ] Concurrent Class Unloading        21881 us
[2026-04-03T03:31:32.395+0600][21.232s][info][gc,stats    ]   Unlink Stale                    17385 us
[2026-04-03T03:31:32.395+0600][21.232s][info][gc,stats    ]     System Dictionary               316 us
[2026-04-03T03:31:32.395+0600][21.232s][info][gc,stats    ]     Weak Class Links              10595 us
[2026-04-03T03:31:32.395+0600][21.232s][info][gc,stats    ]     Code Roots                     6469 us
[2026-04-03T03:31:32.395+0600][21.232s][info][gc,stats    ]   Rendezvous                        270 us
[2026-04-03T03:31:32.395+0600][21.232s][info][gc,stats    ]   Purge Unlinked                   4092 us
[2026-04-03T03:31:32.395+0600][21.232s][info][gc,stats    ]     Code Roots                     3918 us
[2026-04-03T03:31:32.395+0600][21.232s][info][gc,stats    ]     CLDG                            173 us
[2026-04-03T03:31:32.395+0600][21.232s][info][gc,stats    ]     Exception Caches                  0 us
[2026-04-03T03:31:32.395+0600][21.232s][info][gc,stats    ] Concurrent Strong Roots             796 us, parallelism: 0.58x
[2026-04-03T03:31:32.395+0600][21.232s][info][gc,stats    ]   CSR: <total>                      462 us
[2026-04-03T03:31:32.395+0600][21.232s][info][gc,stats    ]   CSR: VM Strong Roots               27 us, workers (us):  25,   2,   0, ---, ---, ---, 
[2026-04-03T03:31:32.395+0600][21.232s][info][gc,stats    ]   CSR: CLDG Roots                   435 us, workers (us): 435, ---, ---, ---, ---, ---, 
[2026-04-03T03:31:32.395+0600][21.232s][info][gc,stats    ] Concurrent Evacuation             59523 us
[2026-04-03T03:31:32.395+0600][21.232s][info][gc,stats    ] Pause Init Update Refs (G)          394 us
[2026-04-03T03:31:32.395+0600][21.232s][info][gc,stats    ] Pause Init Update Refs (N)          174 us
[2026-04-03T03:31:32.395+0600][21.232s][info][gc,stats    ]   Manage GCLABs                      44 us
[2026-04-03T03:31:32.395+0600][21.232s][info][gc,stats    ] Concurrent Update Refs            62969 us
[2026-04-03T03:31:32.395+0600][21.232s][info][gc,stats    ] Concurrent Update Thread Roots      983 us
[2026-04-03T03:31:32.395+0600][21.232s][info][gc,stats    ] Pause Final Update Refs (G)         607 us
[2026-04-03T03:31:32.395+0600][21.232s][info][gc,stats    ] Pause Final Update Refs (N)         252 us
[2026-04-03T03:31:32.395+0600][21.232s][info][gc,stats    ]   Update Region States               54 us
[2026-04-03T03:31:32.395+0600][21.232s][info][gc,stats    ]   Trash Collection Set               15 us
[2026-04-03T03:31:32.395+0600][21.232s][info][gc,stats    ]   Rebuild Free Set                   38 us
[2026-04-03T03:31:32.395+0600][21.232s][info][gc,stats    ] Concurrent Cleanup                  336 us
[2026-04-03T03:31:32.395+0600][21.232s][info][gc,stats    ] 
[2026-04-03T03:31:32.395+0600][21.232s][info][gc,stats    ] Allocation pacing accrued:
[2026-04-03T03:31:32.395+0600][21.232s][info][gc,stats    ]       0 of  2283 ms (  0.0%): <total>
[2026-04-03T03:31:32.395+0600][21.232s][info][gc,stats    ]       0 of  2283 ms (  0.0%): <average total>
[2026-04-03T03:31:32.395+0600][21.232s][info][gc,stats    ] 
[2026-04-03T03:31:32.395+0600][21.232s][info][gc,metaspace] Metaspace: 68876K(69696K)->69062K(69824K) NonClass: 60114K(60544K)->60263K(60672K) Class: 8762K(9152K)->8799K(9152K)
[2026-04-03T03:31:32.395+0600][21.232s][info][gc,ergo     ] Pacer for Idle. Initial: 30720K, Alloc Tax Rate: 1.0x
[2026-04-03T03:31:34.005+0600][22.841s][info][gc          ] Trigger: Average GC time (381.47 ms) is above the time for average allocation rate (1030 MB/s) to deplete free headroom (316M) (margin of error = 1.79)
[2026-04-03T03:31:34.005+0600][22.841s][info][gc,ergo     ] Free headroom: 391M (free) - 76800K (spike) - 0B (penalties) = 316M
[2026-04-03T03:31:34.005+0600][22.841s][info][gc,ergo     ] Free: 391M, Max: 512K regular, 273M humongous, Frag: 31% external, 0% internal; Reserve: 76800K, Max: 512K
[2026-04-03T03:31:34.005+0600][22.841s][info][gc,start    ] GC(14) Concurrent reset
[2026-04-03T03:31:34.005+0600][22.841s][info][gc,task     ] GC(14) Using 3 of 6 workers for concurrent reset
[2026-04-03T03:31:34.005+0600][22.841s][info][gc,ergo     ] GC(14) Pacer for Reset. Non-Taxable: 1500M
[2026-04-03T03:31:34.007+0600][22.844s][info][gc          ] GC(14) Concurrent reset 2.270ms
[2026-04-03T03:31:34.007+0600][22.844s][info][gc,start    ] GC(14) Pause Init Mark (unload classes)
[2026-04-03T03:31:34.008+0600][22.844s][info][gc,task     ] GC(14) Using 6 of 6 workers for init marking
[2026-04-03T03:31:34.008+0600][22.844s][info][gc,ergo     ] GC(14) Pacer for Mark. Expected Live: 44014K, Free: 389M, Non-Taxable: 39934K, Alloc Tax Rate: 0.1x
[2026-04-03T03:31:34.008+0600][22.844s][info][gc          ] GC(14) Pause Init Mark (unload classes) 0.139ms
[2026-04-03T03:31:34.008+0600][22.844s][info][gc,start    ] GC(14) Concurrent marking roots
[2026-04-03T03:31:34.008+0600][22.844s][info][gc,task     ] GC(14) Using 3 of 6 workers for concurrent marking roots
[2026-04-03T03:31:34.009+0600][22.845s][info][gc          ] GC(14) Concurrent marking roots 0.868ms
[2026-04-03T03:31:34.009+0600][22.845s][info][gc,start    ] GC(14) Concurrent marking (unload classes)
[2026-04-03T03:31:34.009+0600][22.845s][info][gc,task     ] GC(14) Using 3 of 6 workers for concurrent marking
[2026-04-03T03:31:34.436+0600][23.272s][info][gc          ] GC(14) Concurrent marking (unload classes) 426.994ms
[2026-04-03T03:31:34.436+0600][23.273s][info][gc,start    ] GC(14) Pause Final Mark (unload classes)
[2026-04-03T03:31:34.436+0600][23.273s][info][gc,task     ] GC(14) Using 6 of 6 workers for final marking
[2026-04-03T03:31:34.436+0600][23.273s][info][gc,ergo     ] GC(14) Adaptive CSet Selection. Target Free: 212M, Actual Free: 249M, Max CSet: 64000K, Min Garbage: 0B
[2026-04-03T03:31:34.437+0600][23.274s][info][gc,ergo     ] GC(14) Collectable Garbage: 607M (80%), Immediate: 37376K (4%), CSet: 571M (75%)
[2026-04-03T03:31:34.437+0600][23.274s][info][gc,ergo     ] GC(14) Pacer for Evacuation. Used CSet: 633M, Free: 187M, Non-Taxable: 19198K, Alloc Tax Rate: 8.3x
[2026-04-03T03:31:34.437+0600][23.274s][info][gc          ] GC(14) Pause Final Mark (unload classes) 1.461ms
[2026-04-03T03:31:34.438+0600][23.274s][info][gc,start    ] GC(14) Concurrent thread roots
[2026-04-03T03:31:34.438+0600][23.274s][info][gc,task     ] GC(14) Using 3 of 6 workers for Concurrent thread roots
[2026-04-03T03:31:34.438+0600][23.275s][info][gc          ] GC(14) Concurrent thread roots 0.576ms
[2026-04-03T03:31:34.438+0600][23.275s][info][gc,start    ] GC(14) Concurrent weak references
[2026-04-03T03:31:34.438+0600][23.275s][info][gc,task     ] GC(14) Using 3 of 6 workers for concurrent weak references
[2026-04-03T03:31:34.439+0600][23.275s][info][gc,ref      ] GC(14) Encountered references: Soft: 3356, Weak: 5918, Final: 82, Phantom: 594
[2026-04-03T03:31:34.439+0600][23.275s][info][gc,ref      ] GC(14) Discovered  references: Soft: 0, Weak: 1228, Final: 0, Phantom: 591
[2026-04-03T03:31:34.439+0600][23.275s][info][gc,ref      ] GC(14) Enqueued    references: Soft: 0, Weak: 100, Final: 0, Phantom: 0
[2026-04-03T03:31:34.439+0600][23.275s][info][gc          ] GC(14) Concurrent weak references 0.491ms
[2026-04-03T03:31:34.439+0600][23.275s][info][gc,start    ] GC(14) Concurrent weak roots
[2026-04-03T03:31:34.439+0600][23.275s][info][gc,task     ] GC(14) Using 3 of 6 workers for concurrent weak root
[2026-04-03T03:31:34.441+0600][23.278s][info][gc          ] GC(14) Concurrent weak roots 2.324ms
[2026-04-03T03:31:34.441+0600][23.278s][info][gc,start    ] GC(14) Concurrent cleanup
[2026-04-03T03:31:34.441+0600][23.278s][info][gc          ] GC(14) Concurrent cleanup 1267M->1231M(1372M) 0.207ms
[2026-04-03T03:31:34.441+0600][23.278s][info][gc,ergo     ] GC(14) Free: 186M, Max: 512K regular, 88576K humongous, Frag: 54% external, 0% internal; Reserve: 76457K, Max: 512K
[2026-04-03T03:31:34.441+0600][23.278s][info][gc,start    ] GC(14) Concurrent class unloading
[2026-04-03T03:31:34.441+0600][23.278s][info][gc,task     ] GC(14) Using 3 of 6 workers for concurrent class unloading
[2026-04-03T03:31:34.449+0600][23.286s][info][gc          ] GC(14) Concurrent class unloading 8.061ms
[2026-04-03T03:31:34.449+0600][23.286s][info][gc,start    ] GC(14) Concurrent strong roots
[2026-04-03T03:31:34.449+0600][23.286s][info][gc,task     ] GC(14) Using 3 of 6 workers for concurrent strong root
[2026-04-03T03:31:34.450+0600][23.287s][info][gc          ] GC(14) Concurrent strong roots 0.950ms
[2026-04-03T03:31:34.450+0600][23.287s][info][gc,start    ] GC(14) Concurrent evacuation
[2026-04-03T03:31:34.450+0600][23.287s][info][gc,task     ] GC(14) Using 3 of 6 workers for concurrent evacuation
[2026-04-03T03:31:34.526+0600][23.363s][info][gc          ] GC(14) Concurrent evacuation 75.396ms
[2026-04-03T03:31:34.526+0600][23.363s][info][gc,start    ] GC(14) Pause Init Update Refs
[2026-04-03T03:31:34.526+0600][23.363s][info][gc,ergo     ] GC(14) Pacer for Update Refs. Used: 1350M, Free: 130M, Non-Taxable: 13413K, Alloc Tax Rate: 12.6x
[2026-04-03T03:31:34.526+0600][23.363s][info][gc          ] GC(14) Pause Init Update Refs 0.136ms
[2026-04-03T03:31:34.526+0600][23.363s][info][gc,start    ] GC(14) Concurrent update references
[2026-04-03T03:31:34.526+0600][23.363s][info][gc,task     ] GC(14) Using 3 of 6 workers for concurrent reference update
[2026-04-03T03:31:34.796+0600][23.632s][info][gc          ] GC(14) Concurrent update references 269.382ms
[2026-04-03T03:31:34.796+0600][23.633s][info][gc,start    ] GC(14) Concurrent update thread roots
[2026-04-03T03:31:34.797+0600][23.633s][info][gc          ] GC(14) Concurrent update thread roots 0.794ms
[2026-04-03T03:31:34.797+0600][23.634s][info][gc,start    ] GC(14) Pause Final Update Refs
[2026-04-03T03:31:34.797+0600][23.634s][info][gc,task     ] GC(14) Using 6 of 6 workers for final reference update
[2026-04-03T03:31:34.797+0600][23.634s][info][gc          ] GC(14) Pause Final Update Refs 0.187ms
[2026-04-03T03:31:34.797+0600][23.634s][info][gc,start    ] GC(14) Concurrent cleanup
[2026-04-03T03:31:34.798+0600][23.635s][info][gc          ] GC(14) Concurrent cleanup 1465M->832M(1473M) 0.653ms
[2026-04-03T03:31:34.798+0600][23.635s][info][gc,ergo     ] Free: 585M, Max: 512K regular, 57344K humongous, Frag: 91% external, 0% internal; Reserve: 76800K, Max: 512K
[2026-04-03T03:31:34.798+0600][23.635s][info][gc,stats    ] 
[2026-04-03T03:31:34.798+0600][23.635s][info][gc,stats    ] All times are wall-clock times, except per-root-class counters, that are sum over
[2026-04-03T03:31:34.798+0600][23.635s][info][gc,stats    ] all workers. Dividing the <total> over the root stage time estimates parallelism.
[2026-04-03T03:31:34.798+0600][23.635s][info][gc,stats    ] 
[2026-04-03T03:31:34.798+0600][23.635s][info][gc,stats    ] Concurrent Reset                   2347 us
[2026-04-03T03:31:34.798+0600][23.635s][info][gc,stats    ] Pause Init Mark (G)                 583 us
[2026-04-03T03:31:34.798+0600][23.635s][info][gc,stats    ] Pause Init Mark (N)                 152 us
[2026-04-03T03:31:34.798+0600][23.635s][info][gc,stats    ]   Update Region States               36 us
[2026-04-03T03:31:34.798+0600][23.635s][info][gc,stats    ] Concurrent Mark Roots               911 us, parallelism: 1.54x
[2026-04-03T03:31:34.798+0600][23.635s][info][gc,stats    ]   CMR: <total>                     1399 us
[2026-04-03T03:31:34.798+0600][23.635s][info][gc,stats    ]   CMR: Thread Roots                1160 us, workers (us): 475, 271, 415, ---, ---, ---, 
[2026-04-03T03:31:34.798+0600][23.635s][info][gc,stats    ]   CMR: VM Strong Roots               35 us, workers (us):  22,  12,   1, ---, ---, ---, 
[2026-04-03T03:31:34.798+0600][23.635s][info][gc,stats    ]   CMR: CLDG Roots                   204 us, workers (us): ---, 204, ---, ---, ---, ---, 
[2026-04-03T03:31:34.798+0600][23.635s][info][gc,stats    ] Concurrent Marking               427100 us
[2026-04-03T03:31:34.798+0600][23.635s][info][gc,stats    ] Pause Final Mark (G)               1795 us
[2026-04-03T03:31:34.798+0600][23.635s][info][gc,stats    ] Pause Final Mark (N)               1477 us
[2026-04-03T03:31:34.798+0600][23.635s][info][gc,stats    ]   Finish Mark                       297 us
[2026-04-03T03:31:34.798+0600][23.635s][info][gc,stats    ]   Update Region States               69 us
[2026-04-03T03:31:34.798+0600][23.635s][info][gc,stats    ]   Choose Collection Set             898 us
[2026-04-03T03:31:34.798+0600][23.635s][info][gc,stats    ]   Rebuild Free Set                   68 us
[2026-04-03T03:31:34.798+0600][23.635s][info][gc,stats    ] Concurrent Thread Roots             616 us, parallelism: 1.76x
[2026-04-03T03:31:34.798+0600][23.635s][info][gc,stats    ]   CTR: <total>                     1083 us
[2026-04-03T03:31:34.798+0600][23.635s][info][gc,stats    ]   CTR: Thread Roots                1083 us, workers (us): 406, 374, 303, ---, ---, ---, 
[2026-04-03T03:31:34.798+0600][23.635s][info][gc,stats    ] Concurrent Weak References          506 us, parallelism: 0.64x
[2026-04-03T03:31:34.798+0600][23.635s][info][gc,stats    ]   CWRF: <total>                     322 us
[2026-04-03T03:31:34.798+0600][23.635s][info][gc,stats    ]   CWRF: Weak References             322 us, workers (us): 284,  36,   2, ---, ---, ---, 
[2026-04-03T03:31:34.798+0600][23.635s][info][gc,stats    ] Concurrent Weak Roots              2390 us
[2026-04-03T03:31:34.798+0600][23.635s][info][gc,stats    ]   Roots                            2018 us, parallelism: 2.40x
[2026-04-03T03:31:34.798+0600][23.635s][info][gc,stats    ]     CWR: <total>                   4848 us
[2026-04-03T03:31:34.798+0600][23.635s][info][gc,stats    ]     CWR: Code Cache Roots          3089 us, workers (us): 999, 1062, 1027, ---, ---, ---, 
[2026-04-03T03:31:34.798+0600][23.635s][info][gc,stats    ]     CWR: VM Weak Roots             1630 us, workers (us): 586, 554, 490, ---, ---, ---, 
[2026-04-03T03:31:34.798+0600][23.635s][info][gc,stats    ]     CWR: CLDG Roots                 129 us, workers (us): 129, ---, ---, ---, ---, ---, 
[2026-04-03T03:31:34.798+0600][23.635s][info][gc,stats    ]   Rendezvous                        276 us
[2026-04-03T03:31:34.798+0600][23.635s][info][gc,stats    ] Concurrent Cleanup                  224 us
[2026-04-03T03:31:34.798+0600][23.635s][info][gc,stats    ] Concurrent Class Unloading         8147 us
[2026-04-03T03:31:34.798+0600][23.635s][info][gc,stats    ]   Unlink Stale                     4448 us
[2026-04-03T03:31:34.798+0600][23.635s][info][gc,stats    ]     System Dictionary                95 us
[2026-04-03T03:31:34.798+0600][23.635s][info][gc,stats    ]     Weak Class Links                  1 us
[2026-04-03T03:31:34.798+0600][23.635s][info][gc,stats    ]     Code Roots                     4348 us
[2026-04-03T03:31:34.798+0600][23.635s][info][gc,stats    ]   Rendezvous                        311 us
[2026-04-03T03:31:34.798+0600][23.635s][info][gc,stats    ]   Purge Unlinked                   3267 us
[2026-04-03T03:31:34.798+0600][23.635s][info][gc,stats    ]     Code Roots                     3233 us
[2026-04-03T03:31:34.798+0600][23.635s][info][gc,stats    ]     CLDG                             32 us
[2026-04-03T03:31:34.798+0600][23.635s][info][gc,stats    ]     Exception Caches                  0 us
[2026-04-03T03:31:34.798+0600][23.635s][info][gc,stats    ] Concurrent Strong Roots            1013 us, parallelism: 0.64x
[2026-04-03T03:31:34.798+0600][23.635s][info][gc,stats    ]   CSR: <total>                      646 us
[2026-04-03T03:31:34.798+0600][23.635s][info][gc,stats    ]   CSR: VM Strong Roots               31 us, workers (us):  22,   9,   0, ---, ---, ---, 
[2026-04-03T03:31:34.798+0600][23.635s][info][gc,stats    ]   CSR: CLDG Roots                   616 us, workers (us): 616, ---, ---, ---, ---, ---, 
[2026-04-03T03:31:34.798+0600][23.635s][info][gc,stats    ] Concurrent Evacuation             75502 us
[2026-04-03T03:31:34.798+0600][23.635s][info][gc,stats    ] Pause Init Update Refs (G)          389 us
[2026-04-03T03:31:34.798+0600][23.635s][info][gc,stats    ] Pause Init Update Refs (N)          154 us
[2026-04-03T03:31:34.798+0600][23.635s][info][gc,stats    ]   Manage GCLABs                      16 us
[2026-04-03T03:31:34.798+0600][23.635s][info][gc,stats    ] Concurrent Update Refs           269598 us
[2026-04-03T03:31:34.798+0600][23.635s][info][gc,stats    ] Concurrent Update Thread Roots      844 us
[2026-04-03T03:31:34.798+0600][23.635s][info][gc,stats    ] Pause Final Update Refs (G)         474 us
[2026-04-03T03:31:34.798+0600][23.635s][info][gc,stats    ] Pause Final Update Refs (N)         209 us
[2026-04-03T03:31:34.798+0600][23.635s][info][gc,stats    ]   Update Region States               55 us
[2026-04-03T03:31:34.798+0600][23.635s][info][gc,stats    ]   Trash Collection Set               30 us
[2026-04-03T03:31:34.798+0600][23.635s][info][gc,stats    ]   Rebuild Free Set                   42 us
[2026-04-03T03:31:34.798+0600][23.635s][info][gc,stats    ] Concurrent Cleanup                  674 us
[2026-04-03T03:31:34.798+0600][23.635s][info][gc,stats    ] Pacing                           394296 us
[2026-04-03T03:31:34.798+0600][23.635s][info][gc,stats    ] 
[2026-04-03T03:31:34.798+0600][23.635s][info][gc,stats    ] Allocation pacing accrued:
[2026-04-03T03:31:34.798+0600][23.635s][info][gc,stats    ]     137 of  2403 ms (  5.7%): Executor task launch worker for task 0.0 in stage 1.0 (TID 3)
[2026-04-03T03:31:34.798+0600][23.635s][info][gc,stats    ]     139 of  2403 ms (  5.8%): Executor task launch worker for task 2.0 in stage 1.0 (TID 5)
[2026-04-03T03:31:34.798+0600][23.635s][info][gc,stats    ]     118 of  2403 ms (  4.9%): Executor task launch worker for task 1.0 in stage 1.0 (TID 4)
[2026-04-03T03:31:34.798+0600][23.635s][info][gc,stats    ]     394 of  2403 ms ( 16.4%): <total>
[2026-04-03T03:31:34.798+0600][23.635s][info][gc,stats    ]       5 of  2403 ms (  0.2%): <average total>
[2026-04-03T03:31:34.798+0600][23.635s][info][gc,stats    ]     131 of  2403 ms (  5.5%): <average non-zero>
[2026-04-03T03:31:34.798+0600][23.635s][info][gc,stats    ] 
[2026-04-03T03:31:34.798+0600][23.635s][info][gc,metaspace] Metaspace: 69529K(70336K)->69529K(70336K) NonClass: 60669K(61120K)->60669K(61120K) Class: 8860K(9216K)->8860K(9216K)
[2026-04-03T03:31:34.799+0600][23.635s][info][gc,ergo     ] Pacer for Idle. Initial: 30720K, Alloc Tax Rate: 1.0x
[2026-04-03T03:31:34.800+0600][23.636s][info][gc          ] Trigger: Average GC time (1081.18 ms) is above the time for average allocation rate (792 MB/s) to deplete free headroom (509M) (margin of error = 1.82)
[2026-04-03T03:31:34.800+0600][23.636s][info][gc,ergo     ] Free headroom: 584M (free) - 76800K (spike) - 0B (penalties) = 509M
[2026-04-03T03:31:34.800+0600][23.636s][info][gc,ergo     ] Free: 584M, Max: 512K regular, 57344K humongous, Frag: 91% external, 0% internal; Reserve: 76800K, Max: 512K
[2026-04-03T03:31:34.800+0600][23.636s][info][gc,start    ] GC(15) Concurrent reset
[2026-04-03T03:31:34.800+0600][23.636s][info][gc,task     ] GC(15) Using 3 of 6 workers for concurrent reset
[2026-04-03T03:31:34.800+0600][23.636s][info][gc,ergo     ] GC(15) Pacer for Reset. Non-Taxable: 1500M
[2026-04-03T03:31:34.803+0600][23.639s][info][gc          ] GC(15) Concurrent reset 2.949ms
[2026-04-03T03:31:34.803+0600][23.640s][info][gc,start    ] GC(15) Pause Init Mark (unload classes)
[2026-04-03T03:31:34.803+0600][23.640s][info][gc,task     ] GC(15) Using 6 of 6 workers for init marking
[2026-04-03T03:31:34.803+0600][23.640s][info][gc,ergo     ] GC(15) Pacer for Mark. Expected Live: 91516K, Free: 584M, Non-Taxable: 59801K, Alloc Tax Rate: 0.2x
[2026-04-03T03:31:34.803+0600][23.640s][info][gc          ] GC(15) Pause Init Mark (unload classes) 0.140ms
[2026-04-03T03:31:34.803+0600][23.640s][info][gc,start    ] GC(15) Concurrent marking roots
[2026-04-03T03:31:34.803+0600][23.640s][info][gc,task     ] GC(15) Using 3 of 6 workers for concurrent marking roots
[2026-04-03T03:31:34.804+0600][23.641s][info][gc          ] GC(15) Concurrent marking roots 0.720ms
[2026-04-03T03:31:34.804+0600][23.641s][info][gc,start    ] GC(15) Concurrent marking (unload classes)
[2026-04-03T03:31:34.804+0600][23.641s][info][gc,task     ] GC(15) Using 3 of 6 workers for concurrent marking
[2026-04-03T03:31:35.204+0600][24.041s][info][gc          ] GC(15) Concurrent marking (unload classes) 400.004ms
[2026-04-03T03:31:35.204+0600][24.041s][info][gc,start    ] GC(15) Pause Final Mark (unload classes)
[2026-04-03T03:31:35.204+0600][24.041s][info][gc,task     ] GC(15) Using 6 of 6 workers for final marking
[2026-04-03T03:31:35.205+0600][24.041s][info][gc,ergo     ] GC(15) Adaptive CSet Selection. Target Free: 212M, Actual Free: 432M, Max CSet: 64000K, Min Garbage: 0B
[2026-04-03T03:31:35.205+0600][24.042s][info][gc,ergo     ] GC(15) Collectable Garbage: 486M (89%), Immediate: 7168K (1%), CSet: 479M (88%)
[2026-04-03T03:31:35.205+0600][24.042s][info][gc,ergo     ] GC(15) Pacer for Evacuation. Used CSet: 542M, Free: 359M, Non-Taxable: 36761K, Alloc Tax Rate: 3.7x
[2026-04-03T03:31:35.205+0600][24.042s][info][gc          ] GC(15) Pause Final Mark (unload classes) 0.936ms
[2026-04-03T03:31:35.205+0600][24.042s][info][gc,start    ] GC(15) Concurrent thread roots
[2026-04-03T03:31:35.205+0600][24.042s][info][gc,task     ] GC(15) Using 3 of 6 workers for Concurrent thread roots
[2026-04-03T03:31:35.206+0600][24.042s][info][gc          ] GC(15) Concurrent thread roots 0.580ms
[2026-04-03T03:31:35.206+0600][24.043s][info][gc,start    ] GC(15) Concurrent weak references
[2026-04-03T03:31:35.206+0600][24.043s][info][gc,task     ] GC(15) Using 3 of 6 workers for concurrent weak references
[2026-04-03T03:31:35.206+0600][24.043s][info][gc,ref      ] GC(15) Encountered references: Soft: 3356, Weak: 5818, Final: 82, Phantom: 594
[2026-04-03T03:31:35.206+0600][24.043s][info][gc,ref      ] GC(15) Discovered  references: Soft: 0, Weak: 527, Final: 0, Phantom: 591
[2026-04-03T03:31:35.206+0600][24.043s][info][gc,ref      ] GC(15) Enqueued    references: Soft: 0, Weak: 0, Final: 0, Phantom: 0
[2026-04-03T03:31:35.206+0600][24.043s][info][gc          ] GC(15) Concurrent weak references 0.421ms
[2026-04-03T03:31:35.206+0600][24.043s][info][gc,start    ] GC(15) Concurrent weak roots
[2026-04-03T03:31:35.206+0600][24.043s][info][gc,task     ] GC(15) Using 3 of 6 workers for concurrent weak root
[2026-04-03T03:31:35.208+0600][24.045s][info][gc          ] GC(15) Concurrent weak roots 1.977ms
[2026-04-03T03:31:35.208+0600][24.045s][info][gc,start    ] GC(15) Concurrent cleanup
[2026-04-03T03:31:35.209+0600][24.045s][info][gc          ] GC(15) Concurrent cleanup 1067M->1061M(1473M) 0.445ms
[2026-04-03T03:31:35.209+0600][24.045s][info][gc,ergo     ] GC(15) Free: 358M, Max: 512K regular, 97280K humongous, Frag: 74% external, 0% internal; Reserve: 76791K, Max: 512K
[2026-04-03T03:31:35.209+0600][24.045s][info][gc,start    ] GC(15) Concurrent class unloading
[2026-04-03T03:31:35.209+0600][24.045s][info][gc,task     ] GC(15) Using 3 of 6 workers for concurrent class unloading
[2026-04-03T03:31:35.213+0600][24.050s][info][gc          ] GC(15) Concurrent class unloading 4.339ms
[2026-04-03T03:31:35.213+0600][24.050s][info][gc,start    ] GC(15) Concurrent strong roots
[2026-04-03T03:31:35.213+0600][24.050s][info][gc,task     ] GC(15) Using 3 of 6 workers for concurrent strong root
[2026-04-03T03:31:35.214+0600][24.051s][info][gc          ] GC(15) Concurrent strong roots 0.673ms
[2026-04-03T03:31:35.214+0600][24.051s][info][gc,start    ] GC(15) Concurrent evacuation
[2026-04-03T03:31:35.214+0600][24.051s][info][gc,task     ] GC(15) Using 3 of 6 workers for concurrent evacuation
[2026-04-03T03:31:35.286+0600][24.122s][info][gc          ] GC(15) Concurrent evacuation 71.585ms
[2026-04-03T03:31:35.286+0600][24.122s][info][gc,start    ] GC(15) Pause Init Update Refs
[2026-04-03T03:31:35.286+0600][24.123s][info][gc,ergo     ] GC(15) Pacer for Update Refs. Used: 1180M, Free: 303M, Non-Taxable: 31027K, Alloc Tax Rate: 4.8x
[2026-04-03T03:31:35.286+0600][24.123s][info][gc          ] GC(15) Pause Init Update Refs 0.138ms
[2026-04-03T03:31:35.286+0600][24.123s][info][gc,start    ] GC(15) Concurrent update references
[2026-04-03T03:31:35.286+0600][24.123s][info][gc,task     ] GC(15) Using 3 of 6 workers for concurrent reference update
[2026-04-03T03:31:35.599+0600][24.436s][info][gc          ] GC(15) Concurrent update references 312.933ms
[2026-04-03T03:31:35.599+0600][24.436s][info][gc,start    ] GC(15) Concurrent update thread roots
[2026-04-03T03:31:35.600+0600][24.437s][info][gc          ] GC(15) Concurrent update thread roots 0.834ms
[2026-04-03T03:31:35.600+0600][24.437s][info][gc,start    ] GC(15) Pause Final Update Refs
[2026-04-03T03:31:35.600+0600][24.437s][info][gc,task     ] GC(15) Using 6 of 6 workers for final reference update
[2026-04-03T03:31:35.600+0600][24.437s][info][gc          ] GC(15) Pause Final Update Refs 0.250ms
[2026-04-03T03:31:35.601+0600][24.437s][info][gc,start    ] GC(15) Concurrent cleanup
[2026-04-03T03:31:35.601+0600][24.438s][info][gc          ] GC(15) Concurrent cleanup 1383M->841M(1500M) 0.427ms
[2026-04-03T03:31:35.601+0600][24.438s][info][gc,ergo     ] Free: 577M, Max: 512K regular, 115M humongous, Frag: 80% external, 0% internal; Reserve: 76800K, Max: 512K
[2026-04-03T03:31:35.601+0600][24.438s][info][gc,stats    ] 
[2026-04-03T03:31:35.601+0600][24.438s][info][gc,stats    ] All times are wall-clock times, except per-root-class counters, that are sum over
[2026-04-03T03:31:35.601+0600][24.438s][info][gc,stats    ] all workers. Dividing the <total> over the root stage time estimates parallelism.
[2026-04-03T03:31:35.601+0600][24.438s][info][gc,stats    ] 
[2026-04-03T03:31:35.601+0600][24.438s][info][gc,stats    ] Concurrent Reset                   3011 us
[2026-04-03T03:31:35.601+0600][24.438s][info][gc,stats    ] Pause Init Mark (G)                 522 us
[2026-04-03T03:31:35.601+0600][24.438s][info][gc,stats    ] Pause Init Mark (N)                 152 us
[2026-04-03T03:31:35.601+0600][24.438s][info][gc,stats    ]   Update Region States               43 us
[2026-04-03T03:31:35.601+0600][24.438s][info][gc,stats    ] Concurrent Mark Roots               771 us, parallelism: 1.33x
[2026-04-03T03:31:35.601+0600][24.438s][info][gc,stats    ]   CMR: <total>                     1027 us
[2026-04-03T03:31:35.601+0600][24.438s][info][gc,stats    ]   CMR: Thread Roots                 781 us, workers (us): 135, 334, 311, ---, ---, ---, 
[2026-04-03T03:31:35.601+0600][24.438s][info][gc,stats    ]   CMR: VM Strong Roots               23 us, workers (us):  22,   1,   1, ---, ---, ---, 
[2026-04-03T03:31:35.601+0600][24.438s][info][gc,stats    ]   CMR: CLDG Roots                   222 us, workers (us): 222, ---, ---, ---, ---, ---, 
[2026-04-03T03:31:35.601+0600][24.438s][info][gc,stats    ] Concurrent Marking               400073 us
[2026-04-03T03:31:35.601+0600][24.438s][info][gc,stats    ] Pause Final Mark (G)               1174 us
[2026-04-03T03:31:35.601+0600][24.438s][info][gc,stats    ] Pause Final Mark (N)                949 us
[2026-04-03T03:31:35.601+0600][24.438s][info][gc,stats    ]   Finish Mark                       259 us
[2026-04-03T03:31:35.601+0600][24.438s][info][gc,stats    ]   Update Region States               66 us
[2026-04-03T03:31:35.601+0600][24.438s][info][gc,stats    ]   Choose Collection Set             484 us
[2026-04-03T03:31:35.601+0600][24.438s][info][gc,stats    ]   Rebuild Free Set                   39 us
[2026-04-03T03:31:35.601+0600][24.438s][info][gc,stats    ] Concurrent Thread Roots             623 us, parallelism: 1.33x
[2026-04-03T03:31:35.601+0600][24.438s][info][gc,stats    ]   CTR: <total>                      830 us
[2026-04-03T03:31:35.601+0600][24.438s][info][gc,stats    ]   CTR: Thread Roots                 830 us, workers (us): 350, 240, 240, ---, ---, ---, 
[2026-04-03T03:31:35.601+0600][24.438s][info][gc,stats    ] Concurrent Weak References          431 us, parallelism: 0.26x
[2026-04-03T03:31:35.601+0600][24.438s][info][gc,stats    ]   CWRF: <total>                     112 us
[2026-04-03T03:31:35.602+0600][24.438s][info][gc,stats    ]   CWRF: Weak References             112 us, workers (us):  98,  13,   1, ---, ---, ---, 
[2026-04-03T03:31:35.602+0600][24.438s][info][gc,stats    ] Concurrent Weak Roots              2015 us
[2026-04-03T03:31:35.602+0600][24.438s][info][gc,stats    ]   Roots                            1767 us, parallelism: 2.21x
[2026-04-03T03:31:35.602+0600][24.438s][info][gc,stats    ]     CWR: <total>                   3902 us
[2026-04-03T03:31:35.602+0600][24.438s][info][gc,stats    ]     CWR: Code Cache Roots          2379 us, workers (us): 754, 866, 759, ---, ---, ---, 
[2026-04-03T03:31:35.602+0600][24.438s][info][gc,stats    ]     CWR: VM Weak Roots             1460 us, workers (us): 493, 483, 484, ---, ---, ---, 
[2026-04-03T03:31:35.602+0600][24.438s][info][gc,stats    ]     CWR: CLDG Roots                  63 us, workers (us): ---,  63, ---, ---, ---, ---, 
[2026-04-03T03:31:35.602+0600][24.438s][info][gc,stats    ]   Rendezvous                        191 us
[2026-04-03T03:31:35.602+0600][24.438s][info][gc,stats    ] Concurrent Cleanup                  456 us
[2026-04-03T03:31:35.602+0600][24.438s][info][gc,stats    ] Concurrent Class Unloading         4408 us
[2026-04-03T03:31:35.602+0600][24.438s][info][gc,stats    ]   Unlink Stale                     4051 us
[2026-04-03T03:31:35.602+0600][24.438s][info][gc,stats    ]     System Dictionary                52 us
[2026-04-03T03:31:35.602+0600][24.438s][info][gc,stats    ]     Weak Class Links                  0 us
[2026-04-03T03:31:35.602+0600][24.438s][info][gc,stats    ]     Code Roots                     3996 us
[2026-04-03T03:31:35.602+0600][24.438s][info][gc,stats    ]   Rendezvous                        250 us
[2026-04-03T03:31:35.602+0600][24.438s][info][gc,stats    ]   Purge Unlinked                     13 us
[2026-04-03T03:31:35.602+0600][24.438s][info][gc,stats    ]     Code Roots                        5 us
[2026-04-03T03:31:35.602+0600][24.438s][info][gc,stats    ]     CLDG                              8 us
[2026-04-03T03:31:35.602+0600][24.438s][info][gc,stats    ]     Exception Caches                  0 us
[2026-04-03T03:31:35.602+0600][24.438s][info][gc,stats    ] Concurrent Strong Roots             722 us, parallelism: 0.59x
[2026-04-03T03:31:35.602+0600][24.438s][info][gc,stats    ]   CSR: <total>                      426 us
[2026-04-03T03:31:35.602+0600][24.438s][info][gc,stats    ]   CSR: VM Strong Roots               20 us, workers (us):  19,   1,   0, ---, ---, ---, 
[2026-04-03T03:31:35.602+0600][24.438s][info][gc,stats    ]   CSR: CLDG Roots                   406 us, workers (us): 406, ---, ---, ---, ---, ---, 
[2026-04-03T03:31:35.602+0600][24.438s][info][gc,stats    ] Concurrent Evacuation             71703 us
[2026-04-03T03:31:35.602+0600][24.438s][info][gc,stats    ] Pause Init Update Refs (G)          470 us
[2026-04-03T03:31:35.602+0600][24.438s][info][gc,stats    ] Pause Init Update Refs (N)          154 us
[2026-04-03T03:31:35.602+0600][24.438s][info][gc,stats    ]   Manage GCLABs                      47 us
[2026-04-03T03:31:35.602+0600][24.439s][info][gc,stats    ] Concurrent Update Refs           313043 us
[2026-04-03T03:31:35.602+0600][24.439s][info][gc,stats    ] Concurrent Update Thread Roots      881 us
[2026-04-03T03:31:35.602+0600][24.439s][info][gc,stats    ] Pause Final Update Refs (G)         602 us
[2026-04-03T03:31:35.602+0600][24.439s][info][gc,stats    ] Pause Final Update Refs (N)         277 us
[2026-04-03T03:31:35.602+0600][24.439s][info][gc,stats    ]   Update Region States               69 us
[2026-04-03T03:31:35.602+0600][24.439s][info][gc,stats    ]   Trash Collection Set               34 us
[2026-04-03T03:31:35.602+0600][24.439s][info][gc,stats    ]   Rebuild Free Set                   47 us
[2026-04-03T03:31:35.602+0600][24.439s][info][gc,stats    ] Concurrent Cleanup                  460 us
[2026-04-03T03:31:35.602+0600][24.439s][info][gc,stats    ] Pacing                           272838 us
[2026-04-03T03:31:35.602+0600][24.439s][info][gc,stats    ] 
[2026-04-03T03:31:35.602+0600][24.439s][info][gc,stats    ] Allocation pacing accrued:
[2026-04-03T03:31:35.602+0600][24.439s][info][gc,stats    ]      92 of   804 ms ( 11.4%): Executor task launch worker for task 0.0 in stage 1.0 (TID 3)
[2026-04-03T03:31:35.602+0600][24.439s][info][gc,stats    ]      87 of   804 ms ( 10.8%): Executor task launch worker for task 2.0 in stage 1.0 (TID 5)
[2026-04-03T03:31:35.602+0600][24.439s][info][gc,stats    ]      94 of   804 ms ( 11.7%): Executor task launch worker for task 1.0 in stage 1.0 (TID 4)
[2026-04-03T03:31:35.602+0600][24.439s][info][gc,stats    ]     273 of   804 ms ( 34.0%): <total>
[2026-04-03T03:31:35.602+0600][24.439s][info][gc,stats    ]       4 of   804 ms (  0.4%): <average total>
[2026-04-03T03:31:35.602+0600][24.439s][info][gc,stats    ]      91 of   804 ms ( 11.3%): <average non-zero>
[2026-04-03T03:31:35.602+0600][24.439s][info][gc,stats    ] 
[2026-04-03T03:31:35.602+0600][24.439s][info][gc,metaspace] Metaspace: 69529K(70336K)->69529K(70336K) NonClass: 60669K(61120K)->60669K(61120K) Class: 8860K(9216K)->8860K(9216K)
[2026-04-03T03:31:35.602+0600][24.439s][info][gc,ergo     ] Pacer for Idle. Initial: 30720K, Alloc Tax Rate: 1.0x
[2026-04-03T03:31:35.603+0600][24.440s][info][gc          ] Trigger: Average GC time (1167.78 ms) is above the time for average allocation rate (714 MB/s) to deplete free headroom (499M) (margin of error = 1.84)
[2026-04-03T03:31:35.603+0600][24.440s][info][gc,ergo     ] Free headroom: 574M (free) - 76800K (spike) - 0B (penalties) = 499M
[2026-04-03T03:31:35.603+0600][24.440s][info][gc,ergo     ] Free: 574M, Max: 512K regular, 115M humongous, Frag: 80% external, 0% internal; Reserve: 76800K, Max: 512K
[2026-04-03T03:31:35.603+0600][24.440s][info][gc,start    ] GC(16) Concurrent reset
[2026-04-03T03:31:35.603+0600][24.440s][info][gc,task     ] GC(16) Using 3 of 6 workers for concurrent reset
[2026-04-03T03:31:35.603+0600][24.440s][info][gc,ergo     ] GC(16) Pacer for Reset. Non-Taxable: 1500M
[2026-04-03T03:31:35.608+0600][24.444s][info][gc          ] GC(16) Concurrent reset 4.317ms
[2026-04-03T03:31:35.608+0600][24.445s][info][gc,start    ] GC(16) Pause Init Mark (unload classes)
[2026-04-03T03:31:35.608+0600][24.445s][info][gc,task     ] GC(16) Using 6 of 6 workers for init marking
[2026-04-03T03:31:35.608+0600][24.445s][info][gc,ergo     ] GC(16) Pacer for Mark. Expected Live: 140M, Free: 571M, Non-Taxable: 58470K, Alloc Tax Rate: 0.3x
[2026-04-03T03:31:35.608+0600][24.445s][info][gc          ] GC(16) Pause Init Mark (unload classes) 0.198ms
[2026-04-03T03:31:35.608+0600][24.445s][info][gc,start    ] GC(16) Concurrent marking roots
[2026-04-03T03:31:35.608+0600][24.445s][info][gc,task     ] GC(16) Using 3 of 6 workers for concurrent marking roots
[2026-04-03T03:31:35.609+0600][24.446s][info][gc          ] GC(16) Concurrent marking roots 0.847ms
[2026-04-03T03:31:35.609+0600][24.446s][info][gc,start    ] GC(16) Concurrent marking (unload classes)
[2026-04-03T03:31:35.609+0600][24.446s][info][gc,task     ] GC(16) Using 3 of 6 workers for concurrent marking
[2026-04-03T03:31:36.058+0600][24.894s][info][gc          ] GC(16) Concurrent marking (unload classes) 448.201ms
[2026-04-03T03:31:36.058+0600][24.894s][info][gc,start    ] GC(16) Pause Final Mark (unload classes)
[2026-04-03T03:31:36.058+0600][24.894s][info][gc,task     ] GC(16) Using 6 of 6 workers for final marking
[2026-04-03T03:31:36.058+0600][24.895s][info][gc,ergo     ] GC(16) Adaptive CSet Selection. Target Free: 212M, Actual Free: 469M, Max CSet: 64000K, Min Garbage: 0B
[2026-04-03T03:31:36.058+0600][24.895s][info][gc,ergo     ] GC(16) Collectable Garbage: 506M (94%), Immediate: 4096K (0%), CSet: 502M (93%)
[2026-04-03T03:31:36.059+0600][24.895s][info][gc,ergo     ] GC(16) Pacer for Evacuation. Used CSet: 564M, Free: 394M, Non-Taxable: 40396K, Alloc Tax Rate: 3.5x
[2026-04-03T03:31:36.059+0600][24.895s][info][gc          ] GC(16) Pause Final Mark (unload classes) 0.903ms
[2026-04-03T03:31:36.059+0600][24.895s][info][gc,start    ] GC(16) Concurrent thread roots
[2026-04-03T03:31:36.059+0600][24.895s][info][gc,task     ] GC(16) Using 3 of 6 workers for Concurrent thread roots
[2026-04-03T03:31:36.059+0600][24.896s][info][gc          ] GC(16) Concurrent thread roots 0.484ms
[2026-04-03T03:31:36.059+0600][24.896s][info][gc,start    ] GC(16) Concurrent weak references
[2026-04-03T03:31:36.059+0600][24.896s][info][gc,task     ] GC(16) Using 3 of 6 workers for concurrent weak references
[2026-04-03T03:31:36.060+0600][24.896s][info][gc,ref      ] GC(16) Encountered references: Soft: 3356, Weak: 5818, Final: 82, Phantom: 594
[2026-04-03T03:31:36.060+0600][24.896s][info][gc,ref      ] GC(16) Discovered  references: Soft: 0, Weak: 2929, Final: 50, Phantom: 592
[2026-04-03T03:31:36.060+0600][24.896s][info][gc,ref      ] GC(16) Enqueued    references: Soft: 0, Weak: 0, Final: 0, Phantom: 0
[2026-04-03T03:31:36.060+0600][24.896s][info][gc          ] GC(16) Concurrent weak references 0.616ms
[2026-04-03T03:31:36.060+0600][24.896s][info][gc,start    ] GC(16) Concurrent weak roots
[2026-04-03T03:31:36.060+0600][24.896s][info][gc,task     ] GC(16) Using 3 of 6 workers for concurrent weak root
[2026-04-03T03:31:36.061+0600][24.898s][info][gc          ] GC(16) Concurrent weak roots 1.653ms
[2026-04-03T03:31:36.062+0600][24.898s][info][gc,start    ] GC(16) Concurrent cleanup
[2026-04-03T03:31:36.062+0600][24.898s][info][gc          ] GC(16) Concurrent cleanup 1032M->1028M(1500M) 0.174ms
[2026-04-03T03:31:36.062+0600][24.898s][info][gc,ergo     ] GC(16) Free: 391M, Max: 512K regular, 115M humongous, Frag: 71% external, 0% internal; Reserve: 76255K, Max: 512K
[2026-04-03T03:31:36.062+0600][24.898s][info][gc,start    ] GC(16) Concurrent class unloading
[2026-04-03T03:31:36.062+0600][24.898s][info][gc,task     ] GC(16) Using 3 of 6 workers for concurrent class unloading
[2026-04-03T03:31:36.066+0600][24.903s][info][gc          ] GC(16) Concurrent class unloading 4.092ms
[2026-04-03T03:31:36.066+0600][24.903s][info][gc,start    ] GC(16) Concurrent strong roots
[2026-04-03T03:31:36.066+0600][24.903s][info][gc,task     ] GC(16) Using 3 of 6 workers for concurrent strong root
[2026-04-03T03:31:36.067+0600][24.903s][info][gc          ] GC(16) Concurrent strong roots 0.715ms
[2026-04-03T03:31:36.067+0600][24.903s][info][gc,start    ] GC(16) Concurrent evacuation
[2026-04-03T03:31:36.067+0600][24.903s][info][gc,task     ] GC(16) Using 3 of 6 workers for concurrent evacuation
[2026-04-03T03:31:36.125+0600][24.961s][info][gc          ] GC(16) Concurrent evacuation 57.952ms
[2026-04-03T03:31:36.125+0600][24.962s][info][gc,start    ] GC(16) Pause Init Update Refs
[2026-04-03T03:31:36.125+0600][24.962s][info][gc,ergo     ] GC(16) Pacer for Update Refs. Used: 1139M, Free: 344M, Non-Taxable: 35225K, Alloc Tax Rate: 4.0x
[2026-04-03T03:31:36.125+0600][24.962s][info][gc          ] GC(16) Pause Init Update Refs 0.121ms
[2026-04-03T03:31:36.125+0600][24.962s][info][gc,start    ] GC(16) Concurrent update references
[2026-04-03T03:31:36.125+0600][24.962s][info][gc,task     ] GC(16) Using 3 of 6 workers for concurrent reference update
[2026-04-03T03:31:36.409+0600][25.246s][info][gc          ] GC(16) Concurrent update references 284.194ms
[2026-04-03T03:31:36.410+0600][25.246s][info][gc,start    ] GC(16) Concurrent update thread roots
[2026-04-03T03:31:36.410+0600][25.247s][info][gc          ] GC(16) Concurrent update thread roots 0.785ms
[2026-04-03T03:31:36.411+0600][25.247s][info][gc,start    ] GC(16) Pause Final Update Refs
[2026-04-03T03:31:36.411+0600][25.248s][info][gc,task     ] GC(16) Using 6 of 6 workers for final reference update
[2026-04-03T03:31:36.411+0600][25.248s][info][gc          ] GC(16) Pause Final Update Refs 0.245ms
[2026-04-03T03:31:36.411+0600][25.248s][info][gc,start    ] GC(16) Concurrent cleanup
[2026-04-03T03:31:36.412+0600][25.248s][info][gc          ] GC(16) Concurrent cleanup 1226M->662M(1500M) 0.443ms
[2026-04-03T03:31:36.412+0600][25.248s][info][gc,ergo     ] Free: 756M, Max: 512K regular, 104M humongous, Frag: 87% external, 0% internal; Reserve: 76800K, Max: 512K
[2026-04-03T03:31:36.412+0600][25.248s][info][gc,stats    ] 
[2026-04-03T03:31:36.412+0600][25.248s][info][gc,stats    ] All times are wall-clock times, except per-root-class counters, that are sum over
[2026-04-03T03:31:36.412+0600][25.248s][info][gc,stats    ] all workers. Dividing the <total> over the root stage time estimates parallelism.
[2026-04-03T03:31:36.412+0600][25.248s][info][gc,stats    ] 
[2026-04-03T03:31:36.412+0600][25.248s][info][gc,stats    ] Concurrent Reset                   4424 us
[2026-04-03T03:31:36.412+0600][25.249s][info][gc,stats    ] Pause Init Mark (G)                 545 us
[2026-04-03T03:31:36.412+0600][25.249s][info][gc,stats    ] Pause Init Mark (N)                 212 us
[2026-04-03T03:31:36.412+0600][25.249s][info][gc,stats    ]   Update Region States               59 us
[2026-04-03T03:31:36.412+0600][25.249s][info][gc,stats    ] Concurrent Mark Roots               906 us, parallelism: 1.35x
[2026-04-03T03:31:36.412+0600][25.249s][info][gc,stats    ]   CMR: <total>                     1226 us
[2026-04-03T03:31:36.412+0600][25.249s][info][gc,stats    ]   CMR: Thread Roots                 956 us, workers (us): 400, 171, 385, ---, ---, ---, 
[2026-04-03T03:31:36.412+0600][25.249s][info][gc,stats    ]   CMR: VM Strong Roots               35 us, workers (us):  24,  11,   1, ---, ---, ---, 
[2026-04-03T03:31:36.412+0600][25.249s][info][gc,stats    ]   CMR: CLDG Roots                   235 us, workers (us): ---, 235, ---, ---, ---, ---, 
[2026-04-03T03:31:36.412+0600][25.249s][info][gc,stats    ] Concurrent Marking               448279 us
[2026-04-03T03:31:36.412+0600][25.249s][info][gc,stats    ] Pause Final Mark (G)               1021 us
[2026-04-03T03:31:36.412+0600][25.249s][info][gc,stats    ] Pause Final Mark (N)                916 us
[2026-04-03T03:31:36.412+0600][25.249s][info][gc,stats    ]   Finish Mark                       283 us
[2026-04-03T03:31:36.412+0600][25.249s][info][gc,stats    ]   Update Region States               52 us
[2026-04-03T03:31:36.412+0600][25.249s][info][gc,stats    ]   Choose Collection Set             439 us
[2026-04-03T03:31:36.412+0600][25.249s][info][gc,stats    ]   Rebuild Free Set                   34 us
[2026-04-03T03:31:36.412+0600][25.249s][info][gc,stats    ] Concurrent Thread Roots             519 us, parallelism: 1.57x
[2026-04-03T03:31:36.412+0600][25.249s][info][gc,stats    ]   CTR: <total>                      816 us
[2026-04-03T03:31:36.412+0600][25.249s][info][gc,stats    ]   CTR: Thread Roots                 816 us, workers (us): 274, 275, 267, ---, ---, ---, 
[2026-04-03T03:31:36.412+0600][25.249s][info][gc,stats    ] Concurrent Weak References          631 us, parallelism: 0.78x
[2026-04-03T03:31:36.412+0600][25.249s][info][gc,stats    ]   CWRF: <total>                     489 us
[2026-04-03T03:31:36.412+0600][25.249s][info][gc,stats    ]   CWRF: Weak References             489 us, workers (us): 427,  61,   1, ---, ---, ---, 
[2026-04-03T03:31:36.412+0600][25.249s][info][gc,stats    ] Concurrent Weak Roots              1708 us
[2026-04-03T03:31:36.412+0600][25.249s][info][gc,stats    ]   Roots                            1456 us, parallelism: 2.36x
[2026-04-03T03:31:36.412+0600][25.249s][info][gc,stats    ]     CWR: <total>                   3437 us
[2026-04-03T03:31:36.412+0600][25.249s][info][gc,stats    ]     CWR: Code Cache Roots          1858 us, workers (us): 631, 595, 633, ---, ---, ---, 
[2026-04-03T03:31:36.412+0600][25.249s][info][gc,stats    ]     CWR: VM Weak Roots             1524 us, workers (us): 540, 535, 450, ---, ---, ---, 
[2026-04-03T03:31:36.412+0600][25.249s][info][gc,stats    ]     CWR: CLDG Roots                  54 us, workers (us):  54, ---, ---, ---, ---, ---, 
[2026-04-03T03:31:36.412+0600][25.249s][info][gc,stats    ]   Rendezvous                        170 us
[2026-04-03T03:31:36.412+0600][25.249s][info][gc,stats    ] Concurrent Cleanup                  205 us
[2026-04-03T03:31:36.412+0600][25.249s][info][gc,stats    ] Concurrent Class Unloading         4174 us
[2026-04-03T03:31:36.412+0600][25.249s][info][gc,stats    ]   Unlink Stale                     3833 us
[2026-04-03T03:31:36.412+0600][25.249s][info][gc,stats    ]     System Dictionary                67 us
[2026-04-03T03:31:36.412+0600][25.249s][info][gc,stats    ]     Weak Class Links                  0 us
[2026-04-03T03:31:36.412+0600][25.249s][info][gc,stats    ]     Code Roots                     3760 us
[2026-04-03T03:31:36.412+0600][25.249s][info][gc,stats    ]   Rendezvous                        220 us
[2026-04-03T03:31:36.412+0600][25.249s][info][gc,stats    ]   Purge Unlinked                     10 us
[2026-04-03T03:31:36.412+0600][25.249s][info][gc,stats    ]     Code Roots                        3 us
[2026-04-03T03:31:36.412+0600][25.249s][info][gc,stats    ]     CLDG                              6 us
[2026-04-03T03:31:36.412+0600][25.249s][info][gc,stats    ]     Exception Caches                  0 us
[2026-04-03T03:31:36.412+0600][25.249s][info][gc,stats    ] Concurrent Strong Roots             802 us, parallelism: 0.51x
[2026-04-03T03:31:36.412+0600][25.249s][info][gc,stats    ]   CSR: <total>                      408 us
[2026-04-03T03:31:36.412+0600][25.249s][info][gc,stats    ]   CSR: VM Strong Roots               19 us, workers (us):  17,   1,   1, ---, ---, ---, 
[2026-04-03T03:31:36.412+0600][25.249s][info][gc,stats    ]   CSR: CLDG Roots                   390 us, workers (us): 390, ---, ---, ---, ---, ---, 
[2026-04-03T03:31:36.412+0600][25.249s][info][gc,stats    ] Concurrent Evacuation             58085 us
[2026-04-03T03:31:36.412+0600][25.249s][info][gc,stats    ] Pause Init Update Refs (G)          459 us
[2026-04-03T03:31:36.412+0600][25.249s][info][gc,stats    ] Pause Init Update Refs (N)          138 us
[2026-04-03T03:31:36.412+0600][25.249s][info][gc,stats    ]   Manage GCLABs                      36 us
[2026-04-03T03:31:36.412+0600][25.249s][info][gc,stats    ] Concurrent Update Refs           284305 us
[2026-04-03T03:31:36.412+0600][25.249s][info][gc,stats    ] Concurrent Update Thread Roots      861 us
[2026-04-03T03:31:36.412+0600][25.249s][info][gc,stats    ] Pause Final Update Refs (G)         705 us
[2026-04-03T03:31:36.412+0600][25.249s][info][gc,stats    ] Pause Final Update Refs (N)         262 us
[2026-04-03T03:31:36.412+0600][25.249s][info][gc,stats    ]   Update Region States               54 us
[2026-04-03T03:31:36.412+0600][25.249s][info][gc,stats    ]   Trash Collection Set               32 us
[2026-04-03T03:31:36.413+0600][25.249s][info][gc,stats    ]   Rebuild Free Set                   50 us
[2026-04-03T03:31:36.413+0600][25.249s][info][gc,stats    ] Concurrent Cleanup                  478 us
[2026-04-03T03:31:36.413+0600][25.249s][info][gc,stats    ] Pacing                           567267 us
[2026-04-03T03:31:36.413+0600][25.249s][info][gc,stats    ] 
[2026-04-03T03:31:36.413+0600][25.249s][info][gc,stats    ] Allocation pacing accrued:
[2026-04-03T03:31:36.413+0600][25.249s][info][gc,stats    ]      11 of   811 ms (  1.4%): RemoteBlock-temp-file-clean-thread
[2026-04-03T03:31:36.413+0600][25.249s][info][gc,stats    ]     186 of   811 ms ( 22.9%): Executor task launch worker for task 0.0 in stage 1.0 (TID 3)
[2026-04-03T03:31:36.413+0600][25.249s][info][gc,stats    ]     186 of   811 ms ( 22.9%): Executor task launch worker for task 2.0 in stage 1.0 (TID 5)
[2026-04-03T03:31:36.413+0600][25.249s][info][gc,stats    ]     184 of   811 ms ( 22.7%): Executor task launch worker for task 1.0 in stage 1.0 (TID 4)
[2026-04-03T03:31:36.413+0600][25.249s][info][gc,stats    ]     567 of   811 ms ( 70.0%): <total>
[2026-04-03T03:31:36.413+0600][25.249s][info][gc,stats    ]       8 of   811 ms (  0.9%): <average total>
[2026-04-03T03:31:36.413+0600][25.249s][info][gc,stats    ]     142 of   811 ms ( 17.5%): <average non-zero>
[2026-04-03T03:31:36.413+0600][25.249s][info][gc,stats    ] 
[2026-04-03T03:31:36.413+0600][25.249s][info][gc,metaspace] Metaspace: 69529K(70336K)->69594K(70400K) NonClass: 60669K(61120K)->60730K(61184K) Class: 8860K(9216K)->8864K(9216K)
[2026-04-03T03:31:36.413+0600][25.249s][info][gc,ergo     ] Pacer for Idle. Initial: 30720K, Alloc Tax Rate: 1.0x
[2026-04-03T03:31:37.883+0600][26.720s][info][gc          ] Trigger: Average GC time (1132.49 ms) is above the time for average allocation rate (379 MB/s) to deplete free headroom (428M) (margin of error = 1.86)
[2026-04-03T03:31:37.883+0600][26.720s][info][gc,ergo     ] Free headroom: 503M (free) - 76800K (spike) - 0B (penalties) = 428M
[2026-04-03T03:31:37.883+0600][26.720s][info][gc,ergo     ] Free: 503M, Max: 512K regular, 104M humongous, Frag: 80% external, 0% internal; Reserve: 76800K, Max: 512K
[2026-04-03T03:31:37.883+0600][26.720s][info][gc,start    ] GC(17) Concurrent reset
[2026-04-03T03:31:37.883+0600][26.720s][info][gc,task     ] GC(17) Using 3 of 6 workers for concurrent reset
[2026-04-03T03:31:37.883+0600][26.720s][info][gc,ergo     ] GC(17) Pacer for Reset. Non-Taxable: 1500M
[2026-04-03T03:31:37.886+0600][26.722s][info][gc          ] GC(17) Concurrent reset 2.464ms
[2026-04-03T03:31:37.886+0600][26.723s][info][gc,start    ] GC(17) Pause Init Mark (unload classes)
[2026-04-03T03:31:37.886+0600][26.723s][info][gc,task     ] GC(17) Using 6 of 6 workers for init marking
[2026-04-03T03:31:37.886+0600][26.723s][info][gc,ergo     ] GC(17) Pacer for Mark. Expected Live: 196M, Free: 503M, Non-Taxable: 51507K, Alloc Tax Rate: 0.5x
[2026-04-03T03:31:37.886+0600][26.723s][info][gc          ] GC(17) Pause Init Mark (unload classes) 0.210ms
[2026-04-03T03:31:37.887+0600][26.723s][info][gc,start    ] GC(17) Concurrent marking roots
[2026-04-03T03:31:37.887+0600][26.723s][info][gc,task     ] GC(17) Using 3 of 6 workers for concurrent marking roots
[2026-04-03T03:31:37.888+0600][26.724s][info][gc          ] GC(17) Concurrent marking roots 0.983ms
[2026-04-03T03:31:37.888+0600][26.724s][info][gc,start    ] GC(17) Concurrent marking (unload classes)
[2026-04-03T03:31:37.888+0600][26.724s][info][gc,task     ] GC(17) Using 3 of 6 workers for concurrent marking
[2026-04-03T03:31:38.167+0600][27.004s][info][gc          ] GC(17) Concurrent marking (unload classes) 279.647ms
[2026-04-03T03:31:38.168+0600][27.004s][info][gc,start    ] GC(17) Pause Final Mark (unload classes)
[2026-04-03T03:31:38.168+0600][27.004s][info][gc,task     ] GC(17) Using 6 of 6 workers for final marking
[2026-04-03T03:31:38.168+0600][27.005s][info][gc,ergo     ] GC(17) Adaptive CSet Selection. Target Free: 212M, Actual Free: 1081M, Max CSet: 64000K, Min Garbage: 0B
[2026-04-03T03:31:38.168+0600][27.005s][info][gc,ergo     ] GC(17) Collectable Garbage: 719M (99%), Immediate: 594M (82%), CSet: 125M (17%)
[2026-04-03T03:31:38.168+0600][27.005s][info][gc,ergo     ] GC(17) Pacer for Evacuation. Used CSet: 163M, Free: 1021M, Non-Taxable: 102M, Alloc Tax Rate: 1.1x
[2026-04-03T03:31:38.168+0600][27.005s][info][gc          ] GC(17) Pause Final Mark (unload classes) 0.887ms
[2026-04-03T03:31:38.169+0600][27.005s][info][gc,start    ] GC(17) Concurrent thread roots
[2026-04-03T03:31:38.169+0600][27.005s][info][gc,task     ] GC(17) Using 3 of 6 workers for Concurrent thread roots
[2026-04-03T03:31:38.169+0600][27.006s][info][gc          ] GC(17) Concurrent thread roots 0.763ms
[2026-04-03T03:31:38.169+0600][27.006s][info][gc,start    ] GC(17) Concurrent weak references
[2026-04-03T03:31:38.169+0600][27.006s][info][gc,task     ] GC(17) Using 3 of 6 workers for concurrent weak references
[2026-04-03T03:31:38.170+0600][27.006s][info][gc,ref      ] GC(17) Encountered references: Soft: 3366, Weak: 6195, Final: 82, Phantom: 595
[2026-04-03T03:31:38.170+0600][27.007s][info][gc,ref      ] GC(17) Discovered  references: Soft: 0, Weak: 1474, Final: 0, Phantom: 564
[2026-04-03T03:31:38.170+0600][27.007s][info][gc,ref      ] GC(17) Enqueued    references: Soft: 0, Weak: 226, Final: 0, Phantom: 0
[2026-04-03T03:31:38.170+0600][27.007s][info][gc          ] GC(17) Concurrent weak references 0.659ms
[2026-04-03T03:31:38.170+0600][27.007s][info][gc,start    ] GC(17) Concurrent weak roots
[2026-04-03T03:31:38.170+0600][27.007s][info][gc,task     ] GC(17) Using 3 of 6 workers for concurrent weak root
[2026-04-03T03:31:38.173+0600][27.009s][info][gc          ] GC(17) Concurrent weak roots 2.548ms
[2026-04-03T03:31:38.173+0600][27.009s][info][gc,start    ] GC(17) Concurrent cleanup
[2026-04-03T03:31:38.173+0600][27.010s][info][gc          ] GC(17) Concurrent cleanup 993M->400M(1500M) 0.712ms
[2026-04-03T03:31:38.173+0600][27.010s][info][gc,ergo     ] GC(17) Free: 1018M, Max: 512K regular, 336M humongous, Frag: 67% external, 0% internal; Reserve: 76326K, Max: 512K
[2026-04-03T03:31:38.173+0600][27.010s][info][gc,start    ] GC(17) Concurrent class unloading
[2026-04-03T03:31:38.173+0600][27.010s][info][gc,task     ] GC(17) Using 3 of 6 workers for concurrent class unloading
[2026-04-03T03:31:38.181+0600][27.018s][info][gc          ] GC(17) Concurrent class unloading 7.496ms
[2026-04-03T03:31:38.181+0600][27.018s][info][gc,start    ] GC(17) Concurrent strong roots
[2026-04-03T03:31:38.181+0600][27.018s][info][gc,task     ] GC(17) Using 3 of 6 workers for concurrent strong root
[2026-04-03T03:31:38.182+0600][27.019s][info][gc          ] GC(17) Concurrent strong roots 1.114ms
[2026-04-03T03:31:38.182+0600][27.019s][info][gc,start    ] GC(17) Concurrent evacuation
[2026-04-03T03:31:38.182+0600][27.019s][info][gc,task     ] GC(17) Using 3 of 6 workers for concurrent evacuation
[2026-04-03T03:31:38.218+0600][27.055s][info][gc          ] GC(17) Concurrent evacuation 35.696ms
[2026-04-03T03:31:38.218+0600][27.055s][info][gc,start    ] GC(17) Pause Init Update Refs
[2026-04-03T03:31:38.218+0600][27.055s][info][gc,ergo     ] GC(17) Pacer for Update Refs. Used: 467M, Free: 989M, Non-Taxable: 101321K, Alloc Tax Rate: 1.1x
[2026-04-03T03:31:38.218+0600][27.055s][info][gc          ] GC(17) Pause Init Update Refs 0.137ms
[2026-04-03T03:31:38.219+0600][27.055s][info][gc,start    ] GC(17) Concurrent update references
[2026-04-03T03:31:38.219+0600][27.055s][info][gc,task     ] GC(17) Using 3 of 6 workers for concurrent reference update
[2026-04-03T03:31:38.352+0600][27.189s][info][gc          ] GC(17) Concurrent update references 133.223ms
[2026-04-03T03:31:38.352+0600][27.189s][info][gc,start    ] GC(17) Concurrent update thread roots
[2026-04-03T03:31:38.353+0600][27.190s][info][gc          ] GC(17) Concurrent update thread roots 0.945ms
[2026-04-03T03:31:38.353+0600][27.190s][info][gc,start    ] GC(17) Pause Final Update Refs
[2026-04-03T03:31:38.353+0600][27.190s][info][gc,task     ] GC(17) Using 6 of 6 workers for final reference update
[2026-04-03T03:31:38.353+0600][27.190s][info][gc          ] GC(17) Pause Final Update Refs 0.259ms
[2026-04-03T03:31:38.353+0600][27.190s][info][gc,start    ] GC(17) Concurrent cleanup
[2026-04-03T03:31:38.354+0600][27.190s][info][gc          ] GC(17) Concurrent cleanup 550M->386M(1500M) 0.348ms
[2026-04-03T03:31:38.354+0600][27.191s][info][gc,ergo     ] Free: 1028M, Max: 512K regular, 393M humongous, Frag: 62% external, 0% internal; Reserve: 76800K, Max: 512K
[2026-04-03T03:31:38.354+0600][27.191s][info][gc,stats    ] 
[2026-04-03T03:31:38.354+0600][27.191s][info][gc,stats    ] All times are wall-clock times, except per-root-class counters, that are sum over
[2026-04-03T03:31:38.354+0600][27.191s][info][gc,stats    ] all workers. Dividing the <total> over the root stage time estimates parallelism.
[2026-04-03T03:31:38.354+0600][27.191s][info][gc,stats    ] 
[2026-04-03T03:31:38.354+0600][27.191s][info][gc,stats    ] Concurrent Reset                   2565 us
[2026-04-03T03:31:38.354+0600][27.191s][info][gc,stats    ] Pause Init Mark (G)                 813 us
[2026-04-03T03:31:38.354+0600][27.191s][info][gc,stats    ] Pause Init Mark (N)                 243 us
[2026-04-03T03:31:38.354+0600][27.191s][info][gc,stats    ]   Update Region States               53 us
[2026-04-03T03:31:38.354+0600][27.191s][info][gc,stats    ] Concurrent Mark Roots              1023 us, parallelism: 1.53x
[2026-04-03T03:31:38.354+0600][27.191s][info][gc,stats    ]   CMR: <total>                     1567 us
[2026-04-03T03:31:38.354+0600][27.191s][info][gc,stats    ]   CMR: Thread Roots                1242 us, workers (us): 229, 515, 497, ---, ---, ---, 
[2026-04-03T03:31:38.354+0600][27.191s][info][gc,stats    ]   CMR: VM Strong Roots               25 us, workers (us):  23,   2,   1, ---, ---, ---, 
[2026-04-03T03:31:38.354+0600][27.191s][info][gc,stats    ]   CMR: CLDG Roots                   300 us, workers (us): 300, ---, ---, ---, ---, ---, 
[2026-04-03T03:31:38.354+0600][27.191s][info][gc,stats    ] Concurrent Marking               279742 us
[2026-04-03T03:31:38.354+0600][27.191s][info][gc,stats    ] Pause Final Mark (G)               1241 us
[2026-04-03T03:31:38.354+0600][27.191s][info][gc,stats    ] Pause Final Mark (N)                901 us
[2026-04-03T03:31:38.354+0600][27.191s][info][gc,stats    ]   Finish Mark                       361 us
[2026-04-03T03:31:38.354+0600][27.191s][info][gc,stats    ]   Update Region States               61 us
[2026-04-03T03:31:38.354+0600][27.191s][info][gc,stats    ]   Choose Collection Set             285 us
[2026-04-03T03:31:38.354+0600][27.191s][info][gc,stats    ]   Rebuild Free Set                   58 us
[2026-04-03T03:31:38.354+0600][27.191s][info][gc,stats    ] Concurrent Thread Roots             801 us, parallelism: 1.94x
[2026-04-03T03:31:38.354+0600][27.191s][info][gc,stats    ]   CTR: <total>                     1555 us
[2026-04-03T03:31:38.354+0600][27.191s][info][gc,stats    ]   CTR: Thread Roots                1555 us, workers (us): 545, 518, 492, ---, ---, ---, 
[2026-04-03T03:31:38.354+0600][27.191s][info][gc,stats    ] Concurrent Weak References          672 us, parallelism: 0.67x
[2026-04-03T03:31:38.354+0600][27.191s][info][gc,stats    ]   CWRF: <total>                     451 us
[2026-04-03T03:31:38.354+0600][27.191s][info][gc,stats    ]   CWRF: Weak References             451 us, workers (us): 241,  83, 127, ---, ---, ---, 
[2026-04-03T03:31:38.354+0600][27.191s][info][gc,stats    ] Concurrent Weak Roots              2625 us
[2026-04-03T03:31:38.354+0600][27.191s][info][gc,stats    ]   Roots                            2380 us, parallelism: 2.64x
[2026-04-03T03:31:38.354+0600][27.191s][info][gc,stats    ]     CWR: <total>                   6286 us
[2026-04-03T03:31:38.354+0600][27.191s][info][gc,stats    ]     CWR: Code Cache Roots          4163 us, workers (us): 1421, 1403, 1339, ---, ---, ---, 
[2026-04-03T03:31:38.354+0600][27.191s][info][gc,stats    ]     CWR: VM Weak Roots             2004 us, workers (us): 681, 674, 649, ---, ---, ---, 
[2026-04-03T03:31:38.354+0600][27.191s][info][gc,stats    ]     CWR: CLDG Roots                 119 us, workers (us): ---, ---, 119, ---, ---, ---, 
[2026-04-03T03:31:38.354+0600][27.191s][info][gc,stats    ]   Rendezvous                        144 us
[2026-04-03T03:31:38.354+0600][27.191s][info][gc,stats    ] Concurrent Cleanup                  729 us
[2026-04-03T03:31:38.354+0600][27.191s][info][gc,stats    ] Concurrent Class Unloading         7586 us
[2026-04-03T03:31:38.354+0600][27.191s][info][gc,stats    ]   Unlink Stale                     5936 us
[2026-04-03T03:31:38.354+0600][27.191s][info][gc,stats    ]     System Dictionary               104 us
[2026-04-03T03:31:38.354+0600][27.191s][info][gc,stats    ]     Weak Class Links                  0 us
[2026-04-03T03:31:38.354+0600][27.191s][info][gc,stats    ]     Code Roots                     5828 us
[2026-04-03T03:31:38.354+0600][27.191s][info][gc,stats    ]   Rendezvous                        228 us
[2026-04-03T03:31:38.354+0600][27.191s][info][gc,stats    ]   Purge Unlinked                   1305 us
[2026-04-03T03:31:38.354+0600][27.191s][info][gc,stats    ]     Code Roots                     1282 us
[2026-04-03T03:31:38.354+0600][27.191s][info][gc,stats    ]     CLDG                             22 us
[2026-04-03T03:31:38.354+0600][27.191s][info][gc,stats    ]     Exception Caches                  0 us
[2026-04-03T03:31:38.354+0600][27.191s][info][gc,stats    ] Concurrent Strong Roots            1143 us, parallelism: 0.71x
[2026-04-03T03:31:38.355+0600][27.191s][info][gc,stats    ]   CSR: <total>                      816 us
[2026-04-03T03:31:38.355+0600][27.191s][info][gc,stats    ]   CSR: VM Strong Roots               35 us, workers (us):  31,   3,   0, ---, ---, ---, 
[2026-04-03T03:31:38.355+0600][27.191s][info][gc,stats    ]   CSR: CLDG Roots                   782 us, workers (us): ---, 782, ---, ---, ---, ---, 
[2026-04-03T03:31:38.355+0600][27.191s][info][gc,stats    ] Concurrent Evacuation             35831 us
[2026-04-03T03:31:38.355+0600][27.191s][info][gc,stats    ] Pause Init Update Refs (G)          546 us
[2026-04-03T03:31:38.355+0600][27.191s][info][gc,stats    ] Pause Init Update Refs (N)          152 us
[2026-04-03T03:31:38.355+0600][27.191s][info][gc,stats    ]   Manage GCLABs                      17 us
[2026-04-03T03:31:38.355+0600][27.191s][info][gc,stats    ] Concurrent Update Refs           133331 us
[2026-04-03T03:31:38.355+0600][27.191s][info][gc,stats    ] Concurrent Update Thread Roots     1058 us
[2026-04-03T03:31:38.355+0600][27.191s][info][gc,stats    ] Pause Final Update Refs (G)         480 us
[2026-04-03T03:31:38.355+0600][27.191s][info][gc,stats    ] Pause Final Update Refs (N)         293 us
[2026-04-03T03:31:38.355+0600][27.191s][info][gc,stats    ]   Update Region States               60 us
[2026-04-03T03:31:38.355+0600][27.191s][info][gc,stats    ]   Trash Collection Set               17 us
[2026-04-03T03:31:38.355+0600][27.191s][info][gc,stats    ]   Rebuild Free Set                   52 us
[2026-04-03T03:31:38.355+0600][27.191s][info][gc,stats    ] Concurrent Cleanup                  376 us
[2026-04-03T03:31:38.355+0600][27.191s][info][gc,stats    ] Pacing                           128444 us
[2026-04-03T03:31:38.355+0600][27.191s][info][gc,stats    ] 
[2026-04-03T03:31:38.355+0600][27.191s][info][gc,stats    ] Allocation pacing accrued:
[2026-04-03T03:31:38.355+0600][27.191s][info][gc,stats    ]      43 of  1942 ms (  2.2%): Executor task launch worker for task 0.0 in stage 2.0 (TID 6)
[2026-04-03T03:31:38.355+0600][27.191s][info][gc,stats    ]      43 of  1942 ms (  2.2%): Executor task launch worker for task 1.0 in stage 2.0 (TID 7)
[2026-04-03T03:31:38.355+0600][27.191s][info][gc,stats    ]      43 of  1942 ms (  2.2%): Executor task launch worker for task 2.0 in stage 2.0 (TID 8)
[2026-04-03T03:31:38.355+0600][27.191s][info][gc,stats    ]     128 of  1942 ms (  6.6%): <total>
[2026-04-03T03:31:38.355+0600][27.191s][info][gc,stats    ]       2 of  1942 ms (  0.1%): <average total>
[2026-04-03T03:31:38.355+0600][27.191s][info][gc,stats    ]      43 of  1942 ms (  2.2%): <average non-zero>
[2026-04-03T03:31:38.355+0600][27.191s][info][gc,stats    ] 
[2026-04-03T03:31:38.355+0600][27.192s][info][gc,metaspace] Metaspace: 69924K(70720K)->69930K(70720K) NonClass: 61010K(61440K)->61017K(61440K) Class: 8913K(9280K)->8913K(9280K)
[2026-04-03T03:31:38.355+0600][27.192s][info][gc,ergo     ] Pacer for Idle. Initial: 30720K, Alloc Tax Rate: 1.0x
[2026-04-03T03:31:38.759+0600][27.596s][info][gc          ] Trigger: Average GC time (968.93 ms) is above the time for average allocation rate (893 MB/s) to deplete free headroom (692M) (margin of error = 1.86)
[2026-04-03T03:31:38.759+0600][27.596s][info][gc,ergo     ] Free headroom: 767M (free) - 76800K (spike) - 0B (penalties) = 692M
[2026-04-03T03:31:38.759+0600][27.596s][info][gc,ergo     ] Free: 767M, Max: 512K regular, 393M humongous, Frag: 49% external, 0% internal; Reserve: 76800K, Max: 512K
[2026-04-03T03:31:38.759+0600][27.596s][info][gc,start    ] GC(18) Concurrent reset
[2026-04-03T03:31:38.759+0600][27.596s][info][gc,task     ] GC(18) Using 3 of 6 workers for concurrent reset
[2026-04-03T03:31:38.759+0600][27.596s][info][gc,ergo     ] GC(18) Pacer for Reset. Non-Taxable: 1500M
[2026-04-03T03:31:38.760+0600][27.597s][info][gc          ] GC(18) Concurrent reset 1.147ms
[2026-04-03T03:31:38.761+0600][27.597s][info][gc,start    ] GC(18) Pause Init Mark (unload classes)
[2026-04-03T03:31:38.761+0600][27.597s][info][gc,task     ] GC(18) Using 6 of 6 workers for init marking
[2026-04-03T03:31:38.761+0600][27.597s][info][gc,ergo     ] GC(18) Pacer for Mark. Expected Live: 226M, Free: 765M, Non-Taxable: 78387K, Alloc Tax Rate: 0.4x
[2026-04-03T03:31:38.761+0600][27.597s][info][gc          ] GC(18) Pause Init Mark (unload classes) 0.135ms
[2026-04-03T03:31:38.761+0600][27.597s][info][gc,start    ] GC(18) Concurrent marking roots
[2026-04-03T03:31:38.761+0600][27.597s][info][gc,task     ] GC(18) Using 3 of 6 workers for concurrent marking roots
[2026-04-03T03:31:38.762+0600][27.598s][info][gc          ] GC(18) Concurrent marking roots 0.816ms
[2026-04-03T03:31:38.762+0600][27.598s][info][gc,start    ] GC(18) Concurrent marking (unload classes)
[2026-04-03T03:31:38.762+0600][27.598s][info][gc,task     ] GC(18) Using 3 of 6 workers for concurrent marking
[2026-04-03T03:31:39.055+0600][27.892s][info][gc          ] GC(18) Concurrent marking (unload classes) 293.710ms
[2026-04-03T03:31:39.055+0600][27.892s][info][gc,start    ] GC(18) Pause Final Mark (unload classes)
[2026-04-03T03:31:39.055+0600][27.892s][info][gc,task     ] GC(18) Using 6 of 6 workers for final marking
[2026-04-03T03:31:39.056+0600][27.893s][info][gc,ergo     ] GC(18) Adaptive CSet Selection. Target Free: 212M, Actual Free: 723M, Max CSet: 64000K, Min Garbage: 0B
[2026-04-03T03:31:39.079+0600][27.916s][info][gc,ergo     ] GC(18) Collectable Garbage: 375M (94%), Immediate: 30208K (7%), CSet: 346M (86%)
[2026-04-03T03:31:39.079+0600][27.916s][info][gc,ergo     ] GC(18) Pacer for Evacuation. Used CSet: 408M, Free: 655M, Non-Taxable: 67123K, Alloc Tax Rate: 1.5x
[2026-04-03T03:31:39.079+0600][27.916s][info][gc          ] GC(18) Pause Final Mark (unload classes) 23.603ms
[2026-04-03T03:31:39.079+0600][27.916s][info][gc,start    ] GC(18) Concurrent thread roots
[2026-04-03T03:31:39.079+0600][27.916s][info][gc,task     ] GC(18) Using 3 of 6 workers for Concurrent thread roots
[2026-04-03T03:31:39.080+0600][27.916s][info][gc          ] GC(18) Concurrent thread roots 0.334ms
[2026-04-03T03:31:39.080+0600][27.916s][info][gc,start    ] GC(18) Concurrent weak references
[2026-04-03T03:31:39.080+0600][27.916s][info][gc,task     ] GC(18) Using 3 of 6 workers for concurrent weak references
[2026-04-03T03:31:39.080+0600][27.916s][info][gc,ref      ] GC(18) Encountered references: Soft: 3369, Weak: 5975, Final: 82, Phantom: 594
[2026-04-03T03:31:39.080+0600][27.916s][info][gc,ref      ] GC(18) Discovered  references: Soft: 0, Weak: 556, Final: 0, Phantom: 591
[2026-04-03T03:31:39.080+0600][27.916s][info][gc,ref      ] GC(18) Enqueued    references: Soft: 0, Weak: 1, Final: 0, Phantom: 0
[2026-04-03T03:31:39.080+0600][27.916s][info][gc          ] GC(18) Concurrent weak references 0.136ms
[2026-04-03T03:31:39.080+0600][27.916s][info][gc,start    ] GC(18) Concurrent weak roots
[2026-04-03T03:31:39.080+0600][27.916s][info][gc,task     ] GC(18) Using 3 of 6 workers for concurrent weak root
[2026-04-03T03:31:39.081+0600][27.918s][info][gc          ] GC(18) Concurrent weak roots 1.580ms
[2026-04-03T03:31:39.081+0600][27.918s][info][gc,start    ] GC(18) Concurrent cleanup
[2026-04-03T03:31:39.082+0600][27.918s][info][gc          ] GC(18) Concurrent cleanup 794M->765M(1500M) 0.148ms
[2026-04-03T03:31:39.082+0600][27.918s][info][gc,ergo     ] GC(18) Free: 652M, Max: 512K regular, 346M humongous, Frag: 47% external, 0% internal; Reserve: 76408K, Max: 512K
[2026-04-03T03:31:39.082+0600][27.918s][info][gc,start    ] GC(18) Concurrent class unloading
[2026-04-03T03:31:39.082+0600][27.918s][info][gc,task     ] GC(18) Using 3 of 6 workers for concurrent class unloading
[2026-04-03T03:31:39.086+0600][27.922s][info][gc          ] GC(18) Concurrent class unloading 3.950ms
[2026-04-03T03:31:39.086+0600][27.922s][info][gc,start    ] GC(18) Concurrent strong roots
[2026-04-03T03:31:39.086+0600][27.922s][info][gc,task     ] GC(18) Using 3 of 6 workers for concurrent strong root
[2026-04-03T03:31:39.086+0600][27.923s][info][gc          ] GC(18) Concurrent strong roots 0.592ms
[2026-04-03T03:31:39.086+0600][27.923s][info][gc,start    ] GC(18) Concurrent evacuation
[2026-04-03T03:31:39.086+0600][27.923s][info][gc,task     ] GC(18) Using 3 of 6 workers for concurrent evacuation
[2026-04-03T03:31:39.136+0600][27.973s][info][gc          ] GC(18) Concurrent evacuation 49.655ms
[2026-04-03T03:31:39.136+0600][27.973s][info][gc,start    ] GC(18) Pause Init Update Refs
[2026-04-03T03:31:39.136+0600][27.973s][info][gc,ergo     ] GC(18) Pacer for Update Refs. Used: 865M, Free: 616M, Non-Taxable: 63078K, Alloc Tax Rate: 1.7x
[2026-04-03T03:31:39.136+0600][27.973s][info][gc          ] GC(18) Pause Init Update Refs 0.114ms
[2026-04-03T03:31:39.136+0600][27.973s][info][gc,start    ] GC(18) Concurrent update references
[2026-04-03T03:31:39.137+0600][27.973s][info][gc,task     ] GC(18) Using 3 of 6 workers for concurrent reference update
[2026-04-03T03:31:39.352+0600][28.188s][info][gc          ] GC(18) Concurrent update references 215.297ms
[2026-04-03T03:31:39.352+0600][28.189s][info][gc,start    ] GC(18) Concurrent update thread roots
[2026-04-03T03:31:39.353+0600][28.189s][info][gc          ] GC(18) Concurrent update thread roots 0.908ms
[2026-04-03T03:31:39.353+0600][28.190s][info][gc,start    ] GC(18) Pause Final Update Refs
[2026-04-03T03:31:39.353+0600][28.190s][info][gc,task     ] GC(18) Using 6 of 6 workers for final reference update
[2026-04-03T03:31:39.353+0600][28.190s][info][gc          ] GC(18) Pause Final Update Refs 0.244ms
[2026-04-03T03:31:39.353+0600][28.190s][info][gc,start    ] GC(18) Concurrent cleanup
[2026-04-03T03:31:39.354+0600][28.191s][info][gc          ] GC(18) Concurrent cleanup 986M->578M(1500M) 0.679ms
[2026-04-03T03:31:39.354+0600][28.191s][info][gc,ergo     ] Free: 838M, Max: 512K regular, 306M humongous, Frag: 64% external, 0% internal; Reserve: 76800K, Max: 512K
[2026-04-03T03:31:39.354+0600][28.191s][info][gc,stats    ] 
[2026-04-03T03:31:39.354+0600][28.191s][info][gc,stats    ] All times are wall-clock times, except per-root-class counters, that are sum over
[2026-04-03T03:31:39.354+0600][28.191s][info][gc,stats    ] all workers. Dividing the <total> over the root stage time estimates parallelism.
[2026-04-03T03:31:39.354+0600][28.191s][info][gc,stats    ] 
[2026-04-03T03:31:39.354+0600][28.191s][info][gc,stats    ] Concurrent Reset                   1209 us
[2026-04-03T03:31:39.354+0600][28.191s][info][gc,stats    ] Pause Init Mark (G)                 363 us
[2026-04-03T03:31:39.354+0600][28.191s][info][gc,stats    ] Pause Init Mark (N)                 143 us
[2026-04-03T03:31:39.354+0600][28.191s][info][gc,stats    ]   Update Region States               29 us
[2026-04-03T03:31:39.354+0600][28.191s][info][gc,stats    ] Concurrent Mark Roots               857 us, parallelism: 1.50x
[2026-04-03T03:31:39.354+0600][28.191s][info][gc,stats    ]   CMR: <total>                     1288 us
[2026-04-03T03:31:39.354+0600][28.191s][info][gc,stats    ]   CMR: Thread Roots                 944 us, workers (us):  95, 399, 450, ---, ---, ---, 
[2026-04-03T03:31:39.354+0600][28.191s][info][gc,stats    ]   CMR: VM Strong Roots               27 us, workers (us):  25,   1,   1, ---, ---, ---, 
[2026-04-03T03:31:39.354+0600][28.191s][info][gc,stats    ]   CMR: CLDG Roots                   317 us, workers (us): 317, ---, ---, ---, ---, ---, 
[2026-04-03T03:31:39.354+0600][28.191s][info][gc,stats    ] Concurrent Marking               293787 us
[2026-04-03T03:31:39.354+0600][28.191s][info][gc,stats    ] Pause Final Mark (G)              23896 us
[2026-04-03T03:31:39.354+0600][28.191s][info][gc,stats    ] Pause Final Mark (N)              23613 us
[2026-04-03T03:31:39.354+0600][28.191s][info][gc,stats    ]   Finish Mark                       272 us
[2026-04-03T03:31:39.354+0600][28.191s][info][gc,stats    ]   Update Region States               40 us
[2026-04-03T03:31:39.354+0600][28.191s][info][gc,stats    ]   Choose Collection Set           23150 us
[2026-04-03T03:31:39.354+0600][28.191s][info][gc,stats    ]   Rebuild Free Set                   34 us
[2026-04-03T03:31:39.354+0600][28.191s][info][gc,stats    ] Concurrent Thread Roots             350 us, parallelism: 1.98x
[2026-04-03T03:31:39.355+0600][28.191s][info][gc,stats    ]   CTR: <total>                      694 us
[2026-04-03T03:31:39.355+0600][28.191s][info][gc,stats    ]   CTR: Thread Roots                 694 us, workers (us): 252, 237, 205, ---, ---, ---, 
[2026-04-03T03:31:39.355+0600][28.191s][info][gc,stats    ] Concurrent Weak References          144 us, parallelism: 0.69x
[2026-04-03T03:31:39.355+0600][28.191s][info][gc,stats    ]   CWRF: <total>                     100 us
[2026-04-03T03:31:39.355+0600][28.191s][info][gc,stats    ]   CWRF: Weak References             100 us, workers (us):  46,  54,   1, ---, ---, ---, 
[2026-04-03T03:31:39.355+0600][28.191s][info][gc,stats    ] Concurrent Weak Roots              1628 us
[2026-04-03T03:31:39.355+0600][28.191s][info][gc,stats    ]   Roots                            1420 us, parallelism: 2.48x
[2026-04-03T03:31:39.355+0600][28.191s][info][gc,stats    ]     CWR: <total>                   3515 us
[2026-04-03T03:31:39.355+0600][28.191s][info][gc,stats    ]     CWR: Code Cache Roots          2265 us, workers (us): 780, 741, 744, ---, ---, ---, 
[2026-04-03T03:31:39.355+0600][28.191s][info][gc,stats    ]     CWR: VM Weak Roots             1225 us, workers (us): 430, 427, 368, ---, ---, ---, 
[2026-04-03T03:31:39.355+0600][28.191s][info][gc,stats    ]     CWR: CLDG Roots                  25 us, workers (us): ---, ---,  25, ---, ---, ---, 
[2026-04-03T03:31:39.355+0600][28.191s][info][gc,stats    ]   Rendezvous                        141 us
[2026-04-03T03:31:39.355+0600][28.191s][info][gc,stats    ] Concurrent Cleanup                  159 us
[2026-04-03T03:31:39.355+0600][28.191s][info][gc,stats    ] Concurrent Class Unloading         4025 us
[2026-04-03T03:31:39.355+0600][28.191s][info][gc,stats    ]   Unlink Stale                     3521 us
[2026-04-03T03:31:39.355+0600][28.191s][info][gc,stats    ]     System Dictionary                62 us
[2026-04-03T03:31:39.355+0600][28.191s][info][gc,stats    ]     Weak Class Links                  0 us
[2026-04-03T03:31:39.355+0600][28.191s][info][gc,stats    ]     Code Roots                     3456 us
[2026-04-03T03:31:39.355+0600][28.191s][info][gc,stats    ]   Rendezvous                        176 us
[2026-04-03T03:31:39.355+0600][28.191s][info][gc,stats    ]   Purge Unlinked                    227 us
[2026-04-03T03:31:39.355+0600][28.191s][info][gc,stats    ]     Code Roots                      216 us
[2026-04-03T03:31:39.355+0600][28.191s][info][gc,stats    ]     CLDG                             10 us
[2026-04-03T03:31:39.355+0600][28.191s][info][gc,stats    ]     Exception Caches                  0 us
[2026-04-03T03:31:39.355+0600][28.191s][info][gc,stats    ] Concurrent Strong Roots             630 us, parallelism: 0.55x
[2026-04-03T03:31:39.355+0600][28.191s][info][gc,stats    ]   CSR: <total>                      349 us
[2026-04-03T03:31:39.355+0600][28.191s][info][gc,stats    ]   CSR: VM Strong Roots               20 us, workers (us):  20,   1,   0, ---, ---, ---, 
[2026-04-03T03:31:39.355+0600][28.191s][info][gc,stats    ]   CSR: CLDG Roots                   328 us, workers (us): 328, ---, ---, ---, ---, ---, 
[2026-04-03T03:31:39.355+0600][28.191s][info][gc,stats    ] Concurrent Evacuation             49794 us
[2026-04-03T03:31:39.355+0600][28.191s][info][gc,stats    ] Pause Init Update Refs (G)          468 us
[2026-04-03T03:31:39.355+0600][28.191s][info][gc,stats    ] Pause Init Update Refs (N)          128 us
[2026-04-03T03:31:39.355+0600][28.191s][info][gc,stats    ]   Manage GCLABs                      14 us
[2026-04-03T03:31:39.355+0600][28.191s][info][gc,stats    ] Concurrent Update Refs           215404 us
[2026-04-03T03:31:39.355+0600][28.191s][info][gc,stats    ] Concurrent Update Thread Roots     1020 us
[2026-04-03T03:31:39.355+0600][28.191s][info][gc,stats    ] Pause Final Update Refs (G)         504 us
[2026-04-03T03:31:39.355+0600][28.191s][info][gc,stats    ] Pause Final Update Refs (N)         261 us
[2026-04-03T03:31:39.355+0600][28.191s][info][gc,stats    ]   Update Region States               55 us
[2026-04-03T03:31:39.355+0600][28.191s][info][gc,stats    ]   Trash Collection Set               21 us
[2026-04-03T03:31:39.355+0600][28.191s][info][gc,stats    ]   Rebuild Free Set                   41 us
[2026-04-03T03:31:39.355+0600][28.191s][info][gc,stats    ] Concurrent Cleanup                  781 us
[2026-04-03T03:31:39.355+0600][28.192s][info][gc,stats    ] Pacing                           412417 us
[2026-04-03T03:31:39.355+0600][28.192s][info][gc,stats    ] 
[2026-04-03T03:31:39.355+0600][28.192s][info][gc,stats    ] Allocation pacing accrued:
[2026-04-03T03:31:39.355+0600][28.192s][info][gc,stats    ]     136 of  1000 ms ( 13.6%): Executor task launch worker for task 0.0 in stage 2.0 (TID 6)
[2026-04-03T03:31:39.355+0600][28.192s][info][gc,stats    ]     137 of  1000 ms ( 13.7%): Executor task launch worker for task 1.0 in stage 2.0 (TID 7)
[2026-04-03T03:31:39.355+0600][28.192s][info][gc,stats    ]     139 of  1000 ms ( 13.9%): Executor task launch worker for task 2.0 in stage 2.0 (TID 8)
[2026-04-03T03:31:39.355+0600][28.192s][info][gc,stats    ]     412 of  1000 ms ( 41.2%): <total>
[2026-04-03T03:31:39.355+0600][28.192s][info][gc,stats    ]       5 of  1000 ms (  0.5%): <average total>
[2026-04-03T03:31:39.355+0600][28.192s][info][gc,stats    ]     137 of  1000 ms ( 13.7%): <average non-zero>
[2026-04-03T03:31:39.355+0600][28.192s][info][gc,stats    ] 
[2026-04-03T03:31:39.355+0600][28.192s][info][gc,metaspace] Metaspace: 69930K(70720K)->69931K(70720K) NonClass: 61017K(61440K)->61018K(61440K) Class: 8913K(9280K)->8913K(9280K)
[2026-04-03T03:31:39.355+0600][28.192s][info][gc,ergo     ] Pacer for Idle. Initial: 30720K, Alloc Tax Rate: 1.0x
[2026-04-03T03:31:39.457+0600][28.294s][info][gc          ] Trigger: Average GC time (860.08 ms) is above the time for average allocation rate (979 MB/s) to deplete free headroom (638M) (margin of error = 1.86)
[2026-04-03T03:31:39.457+0600][28.294s][info][gc,ergo     ] Free headroom: 713M (free) - 76800K (spike) - 0B (penalties) = 638M
[2026-04-03T03:31:39.457+0600][28.294s][info][gc,ergo     ] Free: 713M, Max: 512K regular, 306M humongous, Frag: 58% external, 0% internal; Reserve: 76800K, Max: 512K
[2026-04-03T03:31:39.457+0600][28.294s][info][gc,start    ] GC(19) Concurrent reset
[2026-04-03T03:31:39.457+0600][28.294s][info][gc,task     ] GC(19) Using 3 of 6 workers for concurrent reset
[2026-04-03T03:31:39.457+0600][28.294s][info][gc,ergo     ] GC(19) Pacer for Reset. Non-Taxable: 1500M
[2026-04-03T03:31:39.460+0600][28.296s][info][gc          ] GC(19) Concurrent reset 2.303ms
[2026-04-03T03:31:39.460+0600][28.296s][info][gc,start    ] GC(19) Pause Init Mark (unload classes)
[2026-04-03T03:31:39.460+0600][28.297s][info][gc,task     ] GC(19) Using 6 of 6 workers for init marking
[2026-04-03T03:31:39.460+0600][28.297s][info][gc,ergo     ] GC(19) Pacer for Mark. Expected Live: 258M, Free: 710M, Non-Taxable: 72704K, Alloc Tax Rate: 0.4x
[2026-04-03T03:31:39.460+0600][28.297s][info][gc          ] GC(19) Pause Init Mark (unload classes) 0.208ms
[2026-04-03T03:31:39.460+0600][28.297s][info][gc,start    ] GC(19) Concurrent marking roots
[2026-04-03T03:31:39.460+0600][28.297s][info][gc,task     ] GC(19) Using 3 of 6 workers for concurrent marking roots
[2026-04-03T03:31:39.461+0600][28.298s][info][gc          ] GC(19) Concurrent marking roots 0.863ms
[2026-04-03T03:31:39.461+0600][28.298s][info][gc,start    ] GC(19) Concurrent marking (unload classes)
[2026-04-03T03:31:39.461+0600][28.298s][info][gc,task     ] GC(19) Using 3 of 6 workers for concurrent marking
[2026-04-03T03:31:39.822+0600][28.659s][info][gc          ] GC(19) Concurrent marking (unload classes) 360.825ms
[2026-04-03T03:31:39.822+0600][28.659s][info][gc,start    ] GC(19) Pause Final Mark (unload classes)
[2026-04-03T03:31:39.822+0600][28.659s][info][gc,task     ] GC(19) Using 6 of 6 workers for final marking
[2026-04-03T03:31:39.823+0600][28.659s][info][gc,ergo     ] GC(19) Adaptive CSet Selection. Target Free: 212M, Actual Free: 645M, Max CSet: 64000K, Min Garbage: 0B
[2026-04-03T03:31:39.823+0600][28.660s][info][gc,ergo     ] GC(19) Collectable Garbage: 414M (98%), Immediate: 9216K (2%), CSet: 405M (96%)
[2026-04-03T03:31:39.823+0600][28.660s][info][gc,ergo     ] GC(19) Pacer for Evacuation. Used CSet: 466M, Free: 573M, Non-Taxable: 58675K, Alloc Tax Rate: 2.0x
[2026-04-03T03:31:39.823+0600][28.660s][info][gc          ] GC(19) Pause Final Mark (unload classes) 0.848ms
[2026-04-03T03:31:39.823+0600][28.660s][info][gc,start    ] GC(19) Concurrent thread roots
[2026-04-03T03:31:39.823+0600][28.660s][info][gc,task     ] GC(19) Using 3 of 6 workers for Concurrent thread roots
[2026-04-03T03:31:39.824+0600][28.660s][info][gc          ] GC(19) Concurrent thread roots 0.506ms
[2026-04-03T03:31:39.824+0600][28.660s][info][gc,start    ] GC(19) Concurrent weak references
[2026-04-03T03:31:39.824+0600][28.660s][info][gc,task     ] GC(19) Using 3 of 6 workers for concurrent weak references
[2026-04-03T03:31:39.824+0600][28.661s][info][gc,ref      ] GC(19) Encountered references: Soft: 3369, Weak: 5974, Final: 82, Phantom: 594
[2026-04-03T03:31:39.824+0600][28.661s][info][gc,ref      ] GC(19) Discovered  references: Soft: 0, Weak: 792, Final: 0, Phantom: 591
[2026-04-03T03:31:39.824+0600][28.661s][info][gc,ref      ] GC(19) Enqueued    references: Soft: 0, Weak: 0, Final: 0, Phantom: 0
[2026-04-03T03:31:39.824+0600][28.661s][info][gc          ] GC(19) Concurrent weak references 0.389ms
[2026-04-03T03:31:39.824+0600][28.661s][info][gc,start    ] GC(19) Concurrent weak roots
[2026-04-03T03:31:39.824+0600][28.661s][info][gc,task     ] GC(19) Using 3 of 6 workers for concurrent weak root
[2026-04-03T03:31:39.826+0600][28.662s][info][gc          ] GC(19) Concurrent weak roots 1.495ms
[2026-04-03T03:31:39.826+0600][28.662s][info][gc,start    ] GC(19) Concurrent cleanup
[2026-04-03T03:31:39.826+0600][28.662s][info][gc          ] GC(19) Concurrent cleanup 857M->849M(1500M) 0.167ms
[2026-04-03T03:31:39.826+0600][28.662s][info][gc,ergo     ] GC(19) Free: 570M, Max: 512K regular, 306M humongous, Frag: 47% external, 0% internal; Reserve: 76642K, Max: 512K
[2026-04-03T03:31:39.826+0600][28.662s][info][gc,start    ] GC(19) Concurrent class unloading
[2026-04-03T03:31:39.826+0600][28.662s][info][gc,task     ] GC(19) Using 3 of 6 workers for concurrent class unloading
[2026-04-03T03:31:39.830+0600][28.667s][info][gc          ] GC(19) Concurrent class unloading 4.318ms
[2026-04-03T03:31:39.830+0600][28.667s][info][gc,start    ] GC(19) Concurrent strong roots
[2026-04-03T03:31:39.830+0600][28.667s][info][gc,task     ] GC(19) Using 3 of 6 workers for concurrent strong root
[2026-04-03T03:31:39.831+0600][28.668s][info][gc          ] GC(19) Concurrent strong roots 0.744ms
[2026-04-03T03:31:39.831+0600][28.668s][info][gc,start    ] GC(19) Concurrent evacuation
[2026-04-03T03:31:39.831+0600][28.668s][info][gc,task     ] GC(19) Using 3 of 6 workers for concurrent evacuation
[2026-04-03T03:31:39.886+0600][28.723s][info][gc          ] GC(19) Concurrent evacuation 55.125ms
[2026-04-03T03:31:39.886+0600][28.723s][info][gc,start    ] GC(19) Pause Init Update Refs
[2026-04-03T03:31:39.887+0600][28.723s][info][gc,ergo     ] GC(19) Pacer for Update Refs. Used: 955M, Free: 526M, Non-Taxable: 53862K, Alloc Tax Rate: 2.2x
[2026-04-03T03:31:39.887+0600][28.723s][info][gc          ] GC(19) Pause Init Update Refs 0.191ms
[2026-04-03T03:31:39.887+0600][28.723s][info][gc,start    ] GC(19) Concurrent update references
[2026-04-03T03:31:39.887+0600][28.724s][info][gc,task     ] GC(19) Using 3 of 6 workers for concurrent reference update
[2026-04-03T03:31:40.125+0600][28.962s][info][gc          ] GC(19) Concurrent update references 238.250ms
[2026-04-03T03:31:40.125+0600][28.962s][info][gc,start    ] GC(19) Concurrent update thread roots
[2026-04-03T03:31:40.126+0600][28.963s][info][gc          ] GC(19) Concurrent update thread roots 1.137ms
[2026-04-03T03:31:40.127+0600][28.963s][info][gc,start    ] GC(19) Pause Final Update Refs
[2026-04-03T03:31:40.127+0600][28.963s][info][gc,task     ] GC(19) Using 6 of 6 workers for final reference update
[2026-04-03T03:31:40.127+0600][28.963s][info][gc          ] GC(19) Pause Final Update Refs 0.289ms
[2026-04-03T03:31:40.127+0600][28.964s][info][gc,start    ] GC(19) Concurrent cleanup
[2026-04-03T03:31:40.128+0600][28.965s][info][gc          ] GC(19) Concurrent cleanup 1137M->671M(1500M) 0.851ms
[2026-04-03T03:31:40.128+0600][28.965s][info][gc,ergo     ] Free: 747M, Max: 512K regular, 249M humongous, Frag: 67% external, 0% internal; Reserve: 76800K, Max: 512K
[2026-04-03T03:31:40.128+0600][28.965s][info][gc,stats    ] 
[2026-04-03T03:31:40.128+0600][28.965s][info][gc,stats    ] All times are wall-clock times, except per-root-class counters, that are sum over
[2026-04-03T03:31:40.128+0600][28.965s][info][gc,stats    ] all workers. Dividing the <total> over the root stage time estimates parallelism.
[2026-04-03T03:31:40.128+0600][28.965s][info][gc,stats    ] 
[2026-04-03T03:31:40.128+0600][28.965s][info][gc,stats    ] Concurrent Reset                   2396 us
[2026-04-03T03:31:40.128+0600][28.965s][info][gc,stats    ] Pause Init Mark (G)                 502 us
[2026-04-03T03:31:40.128+0600][28.965s][info][gc,stats    ] Pause Init Mark (N)                 217 us
[2026-04-03T03:31:40.128+0600][28.965s][info][gc,stats    ]   Update Region States               43 us
[2026-04-03T03:31:40.128+0600][28.965s][info][gc,stats    ] Concurrent Mark Roots               915 us, parallelism: 1.32x
[2026-04-03T03:31:40.128+0600][28.965s][info][gc,stats    ]   CMR: <total>                     1207 us
[2026-04-03T03:31:40.128+0600][28.965s][info][gc,stats    ]   CMR: Thread Roots                 958 us, workers (us): 395, 176, 387, ---, ---, ---, 
[2026-04-03T03:31:40.128+0600][28.965s][info][gc,stats    ]   CMR: VM Strong Roots               33 us, workers (us):  17,  15,   1, ---, ---, ---, 
[2026-04-03T03:31:40.128+0600][28.965s][info][gc,stats    ]   CMR: CLDG Roots                   216 us, workers (us): ---, 216, ---, ---, ---, ---, 
[2026-04-03T03:31:40.128+0600][28.965s][info][gc,stats    ] Concurrent Marking               360901 us
[2026-04-03T03:31:40.128+0600][28.965s][info][gc,stats    ] Pause Final Mark (G)               1082 us
[2026-04-03T03:31:40.128+0600][28.965s][info][gc,stats    ] Pause Final Mark (N)                859 us
[2026-04-03T03:31:40.128+0600][28.965s][info][gc,stats    ]   Finish Mark                       285 us
[2026-04-03T03:31:40.128+0600][28.965s][info][gc,stats    ]   Update Region States               42 us
[2026-04-03T03:31:40.128+0600][28.965s][info][gc,stats    ]   Choose Collection Set             383 us
[2026-04-03T03:31:40.128+0600][28.965s][info][gc,stats    ]   Rebuild Free Set                   33 us
[2026-04-03T03:31:40.128+0600][28.965s][info][gc,stats    ] Concurrent Thread Roots             572 us, parallelism: 1.35x
[2026-04-03T03:31:40.128+0600][28.965s][info][gc,stats    ]   CTR: <total>                      772 us
[2026-04-03T03:31:40.128+0600][28.965s][info][gc,stats    ]   CTR: Thread Roots                 772 us, workers (us): 294, 263, 214, ---, ---, ---, 
[2026-04-03T03:31:40.128+0600][28.965s][info][gc,stats    ] Concurrent Weak References          399 us, parallelism: 0.59x
[2026-04-03T03:31:40.128+0600][28.965s][info][gc,stats    ]   CWRF: <total>                     235 us
[2026-04-03T03:31:40.128+0600][28.965s][info][gc,stats    ]   CWRF: Weak References             235 us, workers (us):  33, 156,  45, ---, ---, ---, 
[2026-04-03T03:31:40.128+0600][28.965s][info][gc,stats    ] Concurrent Weak Roots              1535 us
[2026-04-03T03:31:40.128+0600][28.965s][info][gc,stats    ]   Roots                            1284 us, parallelism: 2.43x
[2026-04-03T03:31:40.128+0600][28.965s][info][gc,stats    ]     CWR: <total>                   3121 us
[2026-04-03T03:31:40.128+0600][28.965s][info][gc,stats    ]     CWR: Code Cache Roots          1925 us, workers (us): 584, 660, 681, ---, ---, ---, 
[2026-04-03T03:31:40.128+0600][28.965s][info][gc,stats    ]     CWR: VM Weak Roots             1094 us, workers (us): 396, 402, 296, ---, ---, ---, 
[2026-04-03T03:31:40.128+0600][28.965s][info][gc,stats    ]     CWR: CLDG Roots                 102 us, workers (us): 102, ---, ---, ---, ---, ---, 
[2026-04-03T03:31:40.128+0600][28.965s][info][gc,stats    ]   Rendezvous                        167 us
[2026-04-03T03:31:40.128+0600][28.965s][info][gc,stats    ] Concurrent Cleanup                  186 us
[2026-04-03T03:31:40.128+0600][28.965s][info][gc,stats    ] Concurrent Class Unloading         4399 us
[2026-04-03T03:31:40.128+0600][28.965s][info][gc,stats    ]   Unlink Stale                     4112 us
[2026-04-03T03:31:40.128+0600][28.965s][info][gc,stats    ]     System Dictionary                70 us
[2026-04-03T03:31:40.128+0600][28.965s][info][gc,stats    ]     Weak Class Links                  0 us
[2026-04-03T03:31:40.128+0600][28.965s][info][gc,stats    ]     Code Roots                     4038 us
[2026-04-03T03:31:40.128+0600][28.965s][info][gc,stats    ]   Rendezvous                        166 us
[2026-04-03T03:31:40.128+0600][28.965s][info][gc,stats    ]   Purge Unlinked                     11 us
[2026-04-03T03:31:40.128+0600][28.965s][info][gc,stats    ]     Code Roots                        4 us
[2026-04-03T03:31:40.128+0600][28.965s][info][gc,stats    ]     CLDG                              6 us
[2026-04-03T03:31:40.128+0600][28.965s][info][gc,stats    ]     Exception Caches                  0 us
[2026-04-03T03:31:40.128+0600][28.965s][info][gc,stats    ] Concurrent Strong Roots             785 us, parallelism: 0.62x
[2026-04-03T03:31:40.128+0600][28.965s][info][gc,stats    ]   CSR: <total>                      489 us
[2026-04-03T03:31:40.128+0600][28.965s][info][gc,stats    ]   CSR: VM Strong Roots               22 us, workers (us):  20,   1,   1, ---, ---, ---, 
[2026-04-03T03:31:40.128+0600][28.965s][info][gc,stats    ]   CSR: CLDG Roots                   467 us, workers (us): 467, ---, ---, ---, ---, ---, 
[2026-04-03T03:31:40.128+0600][28.965s][info][gc,stats    ] Concurrent Evacuation             55236 us
[2026-04-03T03:31:40.128+0600][28.965s][info][gc,stats    ] Pause Init Update Refs (G)          550 us
[2026-04-03T03:31:40.128+0600][28.965s][info][gc,stats    ] Pause Init Update Refs (N)          206 us
[2026-04-03T03:31:40.128+0600][28.965s][info][gc,stats    ]   Manage GCLABs                      21 us
[2026-04-03T03:31:40.128+0600][28.965s][info][gc,stats    ] Concurrent Update Refs           238346 us
[2026-04-03T03:31:40.128+0600][28.965s][info][gc,stats    ] Concurrent Update Thread Roots     1205 us
[2026-04-03T03:31:40.128+0600][28.965s][info][gc,stats    ] Pause Final Update Refs (G)         685 us
[2026-04-03T03:31:40.128+0600][28.965s][info][gc,stats    ] Pause Final Update Refs (N)         318 us
[2026-04-03T03:31:40.128+0600][28.965s][info][gc,stats    ]   Update Region States              110 us
[2026-04-03T03:31:40.128+0600][28.965s][info][gc,stats    ]   Trash Collection Set               23 us
[2026-04-03T03:31:40.128+0600][28.965s][info][gc,stats    ]   Rebuild Free Set                   35 us
[2026-04-03T03:31:40.128+0600][28.965s][info][gc,stats    ] Concurrent Cleanup                  875 us
[2026-04-03T03:31:40.128+0600][28.965s][info][gc,stats    ] Pacing                           529330 us
[2026-04-03T03:31:40.128+0600][28.965s][info][gc,stats    ] 
[2026-04-03T03:31:40.128+0600][28.965s][info][gc,stats    ] Allocation pacing accrued:
[2026-04-03T03:31:40.128+0600][28.965s][info][gc,stats    ]      11 of   774 ms (  1.4%): executor-kill-mark-cleanup
[2026-04-03T03:31:40.128+0600][28.965s][info][gc,stats    ]     174 of   774 ms ( 22.5%): Executor task launch worker for task 0.0 in stage 2.0 (TID 6)
[2026-04-03T03:31:40.128+0600][28.965s][info][gc,stats    ]     172 of   774 ms ( 22.2%): Executor task launch worker for task 1.0 in stage 2.0 (TID 7)
[2026-04-03T03:31:40.129+0600][28.965s][info][gc,stats    ]     173 of   774 ms ( 22.3%): Executor task launch worker for task 2.0 in stage 2.0 (TID 8)
[2026-04-03T03:31:40.129+0600][28.965s][info][gc,stats    ]     529 of   774 ms ( 68.4%): <total>
[2026-04-03T03:31:40.129+0600][28.965s][info][gc,stats    ]       7 of   774 ms (  0.9%): <average total>
[2026-04-03T03:31:40.129+0600][28.965s][info][gc,stats    ]     132 of   774 ms ( 17.1%): <average non-zero>
[2026-04-03T03:31:40.129+0600][28.965s][info][gc,stats    ] 
[2026-04-03T03:31:40.129+0600][28.965s][info][gc,metaspace] Metaspace: 69931K(70720K)->69933K(70720K) NonClass: 61018K(61440K)->61020K(61440K) Class: 8913K(9280K)->8913K(9280K)
[2026-04-03T03:31:40.129+0600][28.965s][info][gc,ergo     ] Pacer for Idle. Initial: 30720K, Alloc Tax Rate: 1.0x
[2026-04-03T03:31:40.148+0600][28.984s][info][gc          ] Trigger: Average GC time (833.49 ms) is above the time for average allocation rate (783 MB/s) to deplete free headroom (651M) (margin of error = 1.87)
[2026-04-03T03:31:40.148+0600][28.984s][info][gc,ergo     ] Free headroom: 726M (free) - 76800K (spike) - 0B (penalties) = 651M
[2026-04-03T03:31:40.148+0600][28.985s][info][gc,ergo     ] Free: 726M, Max: 512K regular, 249M humongous, Frag: 66% external, 0% internal; Reserve: 76800K, Max: 512K
[2026-04-03T03:31:40.148+0600][28.985s][info][gc,start    ] GC(20) Concurrent reset
[2026-04-03T03:31:40.148+0600][28.985s][info][gc,task     ] GC(20) Using 3 of 6 workers for concurrent reset
[2026-04-03T03:31:40.148+0600][28.985s][info][gc,ergo     ] GC(20) Pacer for Reset. Non-Taxable: 1500M
[2026-04-03T03:31:40.151+0600][28.987s][info][gc          ] GC(20) Concurrent reset 2.641ms
[2026-04-03T03:31:40.151+0600][28.988s][info][gc,start    ] GC(20) Pause Init Mark (unload classes)
[2026-04-03T03:31:40.151+0600][28.988s][info][gc,task     ] GC(20) Using 6 of 6 workers for init marking
[2026-04-03T03:31:40.151+0600][28.988s][info][gc,ergo     ] GC(20) Pacer for Mark. Expected Live: 262M, Free: 723M, Non-Taxable: 74086K, Alloc Tax Rate: 0.4x
[2026-04-03T03:31:40.151+0600][28.988s][info][gc          ] GC(20) Pause Init Mark (unload classes) 0.266ms
[2026-04-03T03:31:40.151+0600][28.988s][info][gc,start    ] GC(20) Concurrent marking roots
[2026-04-03T03:31:40.151+0600][28.988s][info][gc,task     ] GC(20) Using 3 of 6 workers for concurrent marking roots
[2026-04-03T03:31:40.152+0600][28.989s][info][gc          ] GC(20) Concurrent marking roots 0.770ms
[2026-04-03T03:31:40.152+0600][28.989s][info][gc,start    ] GC(20) Concurrent marking (unload classes)
[2026-04-03T03:31:40.152+0600][28.989s][info][gc,task     ] GC(20) Using 3 of 6 workers for concurrent marking
[2026-04-03T03:31:40.530+0600][29.367s][info][gc          ] GC(20) Concurrent marking (unload classes) 378.152ms
[2026-04-03T03:31:40.531+0600][29.367s][info][gc,start    ] GC(20) Pause Final Mark (unload classes)
[2026-04-03T03:31:40.531+0600][29.367s][info][gc,task     ] GC(20) Using 6 of 6 workers for final marking
[2026-04-03T03:31:40.531+0600][29.368s][info][gc,ergo     ] GC(20) Adaptive CSet Selection. Target Free: 212M, Actual Free: 653M, Max CSet: 64000K, Min Garbage: 0B
[2026-04-03T03:31:40.531+0600][29.368s][info][gc,ergo     ] GC(20) Collectable Garbage: 383M (96%), Immediate: 0B (0%), CSet: 383M (96%)
[2026-04-03T03:31:40.531+0600][29.368s][info][gc,ergo     ] GC(20) Pacer for Evacuation. Used CSet: 413M, Free: 578M, Non-Taxable: 59187K, Alloc Tax Rate: 1.7x
[2026-04-03T03:31:40.531+0600][29.368s][info][gc          ] GC(20) Pause Final Mark (unload classes) 0.956ms
[2026-04-03T03:31:40.532+0600][29.368s][info][gc,start    ] GC(20) Concurrent thread roots
[2026-04-03T03:31:40.532+0600][29.368s][info][gc,task     ] GC(20) Using 3 of 6 workers for Concurrent thread roots
[2026-04-03T03:31:40.532+0600][29.369s][info][gc          ] GC(20) Concurrent thread roots 0.575ms
[2026-04-03T03:31:40.532+0600][29.369s][info][gc,start    ] GC(20) Concurrent weak references
[2026-04-03T03:31:40.532+0600][29.369s][info][gc,task     ] GC(20) Using 3 of 6 workers for concurrent weak references
[2026-04-03T03:31:40.532+0600][29.369s][info][gc,ref      ] GC(20) Encountered references: Soft: 3369, Weak: 5974, Final: 82, Phantom: 594
[2026-04-03T03:31:40.532+0600][29.369s][info][gc,ref      ] GC(20) Discovered  references: Soft: 0, Weak: 632, Final: 0, Phantom: 591
[2026-04-03T03:31:40.532+0600][29.369s][info][gc,ref      ] GC(20) Enqueued    references: Soft: 0, Weak: 0, Final: 0, Phantom: 0
[2026-04-03T03:31:40.532+0600][29.369s][info][gc          ] GC(20) Concurrent weak references 0.210ms
[2026-04-03T03:31:40.532+0600][29.369s][info][gc,start    ] GC(20) Concurrent weak roots
[2026-04-03T03:31:40.532+0600][29.369s][info][gc,task     ] GC(20) Using 3 of 6 workers for concurrent weak root
[2026-04-03T03:31:40.534+0600][29.371s][info][gc          ] GC(20) Concurrent weak roots 1.849ms
[2026-04-03T03:31:40.534+0600][29.371s][info][gc,start    ] GC(20) Concurrent cleanup
[2026-04-03T03:31:40.535+0600][29.372s][info][gc          ] GC(20) Concurrent cleanup 844M->844M(1500M) 0.470ms
[2026-04-03T03:31:40.535+0600][29.372s][info][gc,ergo     ] GC(20) Free: 575M, Max: 512K regular, 249M humongous, Frag: 57% external, 0% internal; Reserve: 76608K, Max: 512K
[2026-04-03T03:31:40.535+0600][29.372s][info][gc,start    ] GC(20) Concurrent class unloading
[2026-04-03T03:31:40.535+0600][29.372s][info][gc,task     ] GC(20) Using 3 of 6 workers for concurrent class unloading
[2026-04-03T03:31:40.540+0600][29.376s][info][gc          ] GC(20) Concurrent class unloading 4.727ms
[2026-04-03T03:31:40.540+0600][29.376s][info][gc,start    ] GC(20) Concurrent strong roots
[2026-04-03T03:31:40.540+0600][29.376s][info][gc,task     ] GC(20) Using 3 of 6 workers for concurrent strong root
[2026-04-03T03:31:40.540+0600][29.377s][info][gc          ] GC(20) Concurrent strong roots 0.682ms
[2026-04-03T03:31:40.540+0600][29.377s][info][gc,start    ] GC(20) Concurrent evacuation
[2026-04-03T03:31:40.540+0600][29.377s][info][gc,task     ] GC(20) Using 3 of 6 workers for concurrent evacuation
[2026-04-03T03:31:40.576+0600][29.413s][info][gc          ] GC(20) Concurrent evacuation 35.546ms
[2026-04-03T03:31:40.576+0600][29.413s][info][gc,start    ] GC(20) Pause Init Update Refs
[2026-04-03T03:31:40.576+0600][29.413s][info][gc,ergo     ] GC(20) Pacer for Update Refs. Used: 914M, Free: 536M, Non-Taxable: 54937K, Alloc Tax Rate: 2.1x
[2026-04-03T03:31:40.576+0600][29.413s][info][gc          ] GC(20) Pause Init Update Refs 0.157ms
[2026-04-03T03:31:40.577+0600][29.413s][info][gc,start    ] GC(20) Concurrent update references
[2026-04-03T03:31:40.577+0600][29.413s][info][gc,task     ] GC(20) Using 3 of 6 workers for concurrent reference update
[2026-04-03T03:31:40.843+0600][29.680s][info][gc          ] GC(20) Concurrent update references 266.597ms
[2026-04-03T03:31:40.843+0600][29.680s][info][gc,start    ] GC(20) Concurrent update thread roots
[2026-04-03T03:31:40.844+0600][29.681s][info][gc          ] GC(20) Concurrent update thread roots 0.872ms
[2026-04-03T03:31:40.844+0600][29.681s][info][gc,start    ] GC(20) Pause Final Update Refs
[2026-04-03T03:31:40.844+0600][29.681s][info][gc,task     ] GC(20) Using 6 of 6 workers for final reference update
[2026-04-03T03:31:40.845+0600][29.681s][info][gc          ] GC(20) Pause Final Update Refs 0.234ms
[2026-04-03T03:31:40.845+0600][29.681s][info][gc,start    ] GC(20) Concurrent cleanup
[2026-04-03T03:31:40.845+0600][29.682s][info][gc          ] GC(20) Concurrent cleanup 1064M->651M(1500M) 0.594ms
[2026-04-03T03:31:40.845+0600][29.682s][info][gc,ergo     ] Free: 767M, Max: 512K regular, 229M humongous, Frag: 71% external, 0% internal; Reserve: 76800K, Max: 512K
[2026-04-03T03:31:40.845+0600][29.682s][info][gc,stats    ] 
[2026-04-03T03:31:40.845+0600][29.682s][info][gc,stats    ] All times are wall-clock times, except per-root-class counters, that are sum over
[2026-04-03T03:31:40.845+0600][29.682s][info][gc,stats    ] all workers. Dividing the <total> over the root stage time estimates parallelism.
[2026-04-03T03:31:40.845+0600][29.682s][info][gc,stats    ] 
[2026-04-03T03:31:40.845+0600][29.682s][info][gc,stats    ] Concurrent Reset                   2725 us
[2026-04-03T03:31:40.845+0600][29.682s][info][gc,stats    ] Pause Init Mark (G)                 724 us
[2026-04-03T03:31:40.845+0600][29.682s][info][gc,stats    ] Pause Init Mark (N)                 285 us
[2026-04-03T03:31:40.846+0600][29.682s][info][gc,stats    ]   Update Region States               76 us
[2026-04-03T03:31:40.846+0600][29.682s][info][gc,stats    ] Concurrent Mark Roots               797 us, parallelism: 1.64x
[2026-04-03T03:31:40.846+0600][29.682s][info][gc,stats    ]   CMR: <total>                     1304 us
[2026-04-03T03:31:40.846+0600][29.682s][info][gc,stats    ]   CMR: Thread Roots                 929 us, workers (us): 420, 424,  85, ---, ---, ---, 
[2026-04-03T03:31:40.846+0600][29.682s][info][gc,stats    ]   CMR: VM Strong Roots               32 us, workers (us):  25,   6,   1, ---, ---, ---, 
[2026-04-03T03:31:40.846+0600][29.682s][info][gc,stats    ]   CMR: CLDG Roots                   343 us, workers (us): ---, ---, 343, ---, ---, ---, 
[2026-04-03T03:31:40.846+0600][29.682s][info][gc,stats    ] Concurrent Marking               378225 us
[2026-04-03T03:31:40.846+0600][29.682s][info][gc,stats    ] Pause Final Mark (G)               1285 us
[2026-04-03T03:31:40.846+0600][29.682s][info][gc,stats    ] Pause Final Mark (N)                968 us
[2026-04-03T03:31:40.846+0600][29.682s][info][gc,stats    ]   Finish Mark                       397 us
[2026-04-03T03:31:40.846+0600][29.682s][info][gc,stats    ]   Update Region States               43 us
[2026-04-03T03:31:40.846+0600][29.682s][info][gc,stats    ]   Choose Collection Set             406 us
[2026-04-03T03:31:40.846+0600][29.682s][info][gc,stats    ]   Rebuild Free Set                   26 us
[2026-04-03T03:31:40.846+0600][29.682s][info][gc,stats    ] Concurrent Thread Roots             621 us, parallelism: 1.77x
[2026-04-03T03:31:40.846+0600][29.682s][info][gc,stats    ]   CTR: <total>                     1097 us
[2026-04-03T03:31:40.846+0600][29.682s][info][gc,stats    ]   CTR: Thread Roots                1097 us, workers (us): 367, 368, 362, ---, ---, ---, 
[2026-04-03T03:31:40.846+0600][29.682s][info][gc,stats    ] Concurrent Weak References          217 us, parallelism: 0.56x
[2026-04-03T03:31:40.846+0600][29.682s][info][gc,stats    ]   CWRF: <total>                     121 us
[2026-04-03T03:31:40.846+0600][29.682s][info][gc,stats    ]   CWRF: Weak References             121 us, workers (us):  60,  37,  25, ---, ---, ---, 
[2026-04-03T03:31:40.846+0600][29.682s][info][gc,stats    ] Concurrent Weak Roots              1902 us
[2026-04-03T03:31:40.846+0600][29.682s][info][gc,stats    ]   Roots                            1616 us, parallelism: 2.49x
[2026-04-03T03:31:40.846+0600][29.682s][info][gc,stats    ]     CWR: <total>                   4023 us
[2026-04-03T03:31:40.846+0600][29.682s][info][gc,stats    ]     CWR: Code Cache Roots          2723 us, workers (us): 967, 899, 857, ---, ---, ---, 
[2026-04-03T03:31:40.846+0600][29.683s][info][gc,stats    ]     CWR: VM Weak Roots             1248 us, workers (us): 461, 400, 387, ---, ---, ---, 
[2026-04-03T03:31:40.846+0600][29.683s][info][gc,stats    ]     CWR: CLDG Roots                  53 us, workers (us): ---, ---,  53, ---, ---, ---, 
[2026-04-03T03:31:40.846+0600][29.683s][info][gc,stats    ]   Rendezvous                        213 us
[2026-04-03T03:31:40.846+0600][29.683s][info][gc,stats    ] Concurrent Cleanup                  484 us
[2026-04-03T03:31:40.846+0600][29.683s][info][gc,stats    ] Concurrent Class Unloading         4797 us
[2026-04-03T03:31:40.846+0600][29.683s][info][gc,stats    ]   Unlink Stale                     4481 us
[2026-04-03T03:31:40.846+0600][29.683s][info][gc,stats    ]     System Dictionary                69 us
[2026-04-03T03:31:40.846+0600][29.683s][info][gc,stats    ]     Weak Class Links                  0 us
[2026-04-03T03:31:40.846+0600][29.683s][info][gc,stats    ]     Code Roots                     4409 us
[2026-04-03T03:31:40.846+0600][29.683s][info][gc,stats    ]   Rendezvous                        211 us
[2026-04-03T03:31:40.846+0600][29.683s][info][gc,stats    ]   Purge Unlinked                     11 us
[2026-04-03T03:31:40.846+0600][29.683s][info][gc,stats    ]     Code Roots                        4 us
[2026-04-03T03:31:40.846+0600][29.683s][info][gc,stats    ]     CLDG                              6 us
[2026-04-03T03:31:40.846+0600][29.683s][info][gc,stats    ]     Exception Caches                  0 us
[2026-04-03T03:31:40.846+0600][29.683s][info][gc,stats    ] Concurrent Strong Roots             710 us, parallelism: 0.52x
[2026-04-03T03:31:40.846+0600][29.683s][info][gc,stats    ]   CSR: <total>                      370 us
[2026-04-03T03:31:40.846+0600][29.683s][info][gc,stats    ]   CSR: VM Strong Roots               20 us, workers (us):  17,   2,   2, ---, ---, ---, 
[2026-04-03T03:31:40.846+0600][29.683s][info][gc,stats    ]   CSR: CLDG Roots                   350 us, workers (us): 350, ---, ---, ---, ---, ---, 
[2026-04-03T03:31:40.846+0600][29.683s][info][gc,stats    ] Concurrent Evacuation             35638 us
[2026-04-03T03:31:40.846+0600][29.683s][info][gc,stats    ] Pause Init Update Refs (G)          485 us
[2026-04-03T03:31:40.846+0600][29.683s][info][gc,stats    ] Pause Init Update Refs (N)          183 us
[2026-04-03T03:31:40.846+0600][29.683s][info][gc,stats    ]   Manage GCLABs                      25 us
[2026-04-03T03:31:40.846+0600][29.683s][info][gc,stats    ] Concurrent Update Refs           266695 us
[2026-04-03T03:31:40.846+0600][29.683s][info][gc,stats    ] Concurrent Update Thread Roots      908 us
[2026-04-03T03:31:40.846+0600][29.683s][info][gc,stats    ] Pause Final Update Refs (G)         528 us
[2026-04-03T03:31:40.846+0600][29.683s][info][gc,stats    ] Pause Final Update Refs (N)         258 us
[2026-04-03T03:31:40.846+0600][29.683s][info][gc,stats    ]   Update Region States               71 us
[2026-04-03T03:31:40.846+0600][29.683s][info][gc,stats    ]   Trash Collection Set               23 us
[2026-04-03T03:31:40.846+0600][29.683s][info][gc,stats    ]   Rebuild Free Set                   37 us
[2026-04-03T03:31:40.846+0600][29.683s][info][gc,stats    ] Concurrent Cleanup                  650 us
[2026-04-03T03:31:40.846+0600][29.683s][info][gc,stats    ] Pacing                           561166 us
[2026-04-03T03:31:40.846+0600][29.683s][info][gc,stats    ] 
[2026-04-03T03:31:40.846+0600][29.683s][info][gc,stats    ] Allocation pacing accrued:
[2026-04-03T03:31:40.846+0600][29.683s][info][gc,stats    ]     187 of   718 ms ( 26.1%): Executor task launch worker for task 0.0 in stage 2.0 (TID 6)
[2026-04-03T03:31:40.846+0600][29.683s][info][gc,stats    ]     187 of   718 ms ( 26.1%): Executor task launch worker for task 1.0 in stage 2.0 (TID 7)
[2026-04-03T03:31:40.846+0600][29.683s][info][gc,stats    ]     187 of   718 ms ( 26.1%): Executor task launch worker for task 2.0 in stage 2.0 (TID 8)
[2026-04-03T03:31:40.846+0600][29.683s][info][gc,stats    ]     561 of   718 ms ( 78.2%): <total>
[2026-04-03T03:31:40.846+0600][29.683s][info][gc,stats    ]       7 of   718 ms (  1.0%): <average total>
[2026-04-03T03:31:40.846+0600][29.683s][info][gc,stats    ]     187 of   718 ms ( 26.1%): <average non-zero>
[2026-04-03T03:31:40.846+0600][29.683s][info][gc,stats    ] 
[2026-04-03T03:31:40.846+0600][29.683s][info][gc,metaspace] Metaspace: 69933K(70720K)->69937K(70720K) NonClass: 61020K(61440K)->61024K(61440K) Class: 8913K(9280K)->8913K(9280K)
[2026-04-03T03:31:40.846+0600][29.683s][info][gc,ergo     ] Pacer for Idle. Initial: 30720K, Alloc Tax Rate: 1.0x
[2026-04-03T03:31:42.056+0600][30.892s][info][gc          ] Trigger: Average GC time (819.63 ms) is above the time for average allocation rate (507 MB/s) to deplete free headroom (377M) (margin of error = 1.88)
[2026-04-03T03:31:42.056+0600][30.893s][info][gc,ergo     ] Free headroom: 452M (free) - 76800K (spike) - 0B (penalties) = 377M
[2026-04-03T03:31:42.056+0600][30.893s][info][gc,ergo     ] Free: 452M, Max: 512K regular, 229M humongous, Frag: 50% external, 0% internal; Reserve: 76800K, Max: 512K
[2026-04-03T03:31:42.056+0600][30.893s][info][gc,start    ] GC(21) Concurrent reset
[2026-04-03T03:31:42.056+0600][30.893s][info][gc,task     ] GC(21) Using 3 of 6 workers for concurrent reset
[2026-04-03T03:31:42.056+0600][30.893s][info][gc,ergo     ] GC(21) Pacer for Reset. Non-Taxable: 1500M
[2026-04-03T03:31:42.058+0600][30.895s][info][gc          ] GC(21) Concurrent reset 2.058ms
[2026-04-03T03:31:42.058+0600][30.895s][info][gc,start    ] GC(21) Pause Init Mark (unload classes)
[2026-04-03T03:31:42.058+0600][30.895s][info][gc,task     ] GC(21) Using 6 of 6 workers for init marking
[2026-04-03T03:31:42.058+0600][30.895s][info][gc,ergo     ] GC(21) Pacer for Mark. Expected Live: 264M, Free: 452M, Non-Taxable: 46284K, Alloc Tax Rate: 0.7x
[2026-04-03T03:31:42.058+0600][30.895s][info][gc          ] GC(21) Pause Init Mark (unload classes) 0.123ms
[2026-04-03T03:31:42.058+0600][30.895s][info][gc,start    ] GC(21) Concurrent marking roots
[2026-04-03T03:31:42.058+0600][30.895s][info][gc,task     ] GC(21) Using 3 of 6 workers for concurrent marking roots
[2026-04-03T03:31:42.059+0600][30.896s][info][gc          ] GC(21) Concurrent marking roots 0.787ms
[2026-04-03T03:31:42.059+0600][30.896s][info][gc,start    ] GC(21) Concurrent marking (unload classes)
[2026-04-03T03:31:42.059+0600][30.896s][info][gc,task     ] GC(21) Using 3 of 6 workers for concurrent marking
[2026-04-03T03:31:42.377+0600][31.214s][info][gc          ] GC(21) Concurrent marking (unload classes) 317.730ms
[2026-04-03T03:31:42.377+0600][31.214s][info][gc,start    ] GC(21) Pause Final Mark (unload classes)
[2026-04-03T03:31:42.377+0600][31.214s][info][gc,task     ] GC(21) Using 6 of 6 workers for final marking
[2026-04-03T03:31:42.378+0600][31.215s][info][gc,ergo     ] GC(21) Adaptive CSet Selection. Target Free: 212M, Actual Free: 1091M, Max CSet: 64000K, Min Garbage: 0B
[2026-04-03T03:31:42.378+0600][31.215s][info][gc,ergo     ] GC(21) Collectable Garbage: 768M (99%), Immediate: 642M (83%), CSet: 125M (16%)
[2026-04-03T03:31:42.378+0600][31.215s][info][gc,ergo     ] GC(21) Pacer for Evacuation. Used CSet: 151M, Free: 1032M, Non-Taxable: 103M, Alloc Tax Rate: 1.1x
[2026-04-03T03:31:42.378+0600][31.215s][info][gc          ] GC(21) Pause Final Mark (unload classes) 0.991ms
[2026-04-03T03:31:42.379+0600][31.215s][info][gc,start    ] GC(21) Concurrent thread roots
[2026-04-03T03:31:42.379+0600][31.215s][info][gc,task     ] GC(21) Using 3 of 6 workers for Concurrent thread roots
[2026-04-03T03:31:42.380+0600][31.216s][info][gc          ] GC(21) Concurrent thread roots 0.984ms
[2026-04-03T03:31:42.380+0600][31.216s][info][gc,start    ] GC(21) Concurrent weak references
[2026-04-03T03:31:42.380+0600][31.216s][info][gc,task     ] GC(21) Using 3 of 6 workers for concurrent weak references
[2026-04-03T03:31:42.380+0600][31.217s][info][gc,ref      ] GC(21) Encountered references: Soft: 3373, Weak: 6246, Final: 82, Phantom: 594
[2026-04-03T03:31:42.380+0600][31.217s][info][gc,ref      ] GC(21) Discovered  references: Soft: 0, Weak: 1385, Final: 0, Phantom: 591
[2026-04-03T03:31:42.380+0600][31.217s][info][gc,ref      ] GC(21) Enqueued    references: Soft: 0, Weak: 10, Final: 0, Phantom: 0
[2026-04-03T03:31:42.380+0600][31.217s][info][gc          ] GC(21) Concurrent weak references 0.535ms
[2026-04-03T03:31:42.380+0600][31.217s][info][gc,start    ] GC(21) Concurrent weak roots
[2026-04-03T03:31:42.380+0600][31.217s][info][gc,task     ] GC(21) Using 3 of 6 workers for concurrent weak root
[2026-04-03T03:31:42.383+0600][31.220s][info][gc          ] GC(21) Concurrent weak roots 3.012ms
[2026-04-03T03:31:42.383+0600][31.220s][info][gc,start    ] GC(21) Concurrent cleanup
[2026-04-03T03:31:42.384+0600][31.221s][info][gc          ] GC(21) Concurrent cleanup 1031M->389M(1500M) 0.583ms
[2026-04-03T03:31:42.384+0600][31.221s][info][gc,ergo     ] GC(21) Free: 1030M, Max: 512K regular, 298M humongous, Frag: 72% external, 0% internal; Reserve: 76352K, Max: 512K
[2026-04-03T03:31:42.384+0600][31.221s][info][gc,start    ] GC(21) Concurrent class unloading
[2026-04-03T03:31:42.384+0600][31.221s][info][gc,task     ] GC(21) Using 3 of 6 workers for concurrent class unloading
[2026-04-03T03:31:42.391+0600][31.227s][info][gc          ] GC(21) Concurrent class unloading 6.737ms
[2026-04-03T03:31:42.391+0600][31.227s][info][gc,start    ] GC(21) Concurrent strong roots
[2026-04-03T03:31:42.391+0600][31.227s][info][gc,task     ] GC(21) Using 3 of 6 workers for concurrent strong root
[2026-04-03T03:31:42.392+0600][31.228s][info][gc          ] GC(21) Concurrent strong roots 0.995ms
[2026-04-03T03:31:42.392+0600][31.229s][info][gc,start    ] GC(21) Concurrent evacuation
[2026-04-03T03:31:42.392+0600][31.229s][info][gc,task     ] GC(21) Using 3 of 6 workers for concurrent evacuation
[2026-04-03T03:31:42.420+0600][31.256s][info][gc          ] GC(21) Concurrent evacuation 27.755ms
[2026-04-03T03:31:42.420+0600][31.257s][info][gc,start    ] GC(21) Pause Init Update Refs
[2026-04-03T03:31:42.420+0600][31.257s][info][gc,ergo     ] GC(21) Pacer for Update Refs. Used: 434M, Free: 1010M, Non-Taxable: 101M, Alloc Tax Rate: 1.1x
[2026-04-03T03:31:42.420+0600][31.257s][info][gc          ] GC(21) Pause Init Update Refs 0.175ms
[2026-04-03T03:31:42.420+0600][31.257s][info][gc,start    ] GC(21) Concurrent update references
[2026-04-03T03:31:42.420+0600][31.257s][info][gc,task     ] GC(21) Using 3 of 6 workers for concurrent reference update
[2026-04-03T03:31:42.634+0600][31.471s][info][gc          ] GC(21) Concurrent update references 214.266ms
[2026-04-03T03:31:42.635+0600][31.471s][info][gc,start    ] GC(21) Concurrent update thread roots
[2026-04-03T03:31:42.636+0600][31.472s][info][gc          ] GC(21) Concurrent update thread roots 1.197ms
[2026-04-03T03:31:42.636+0600][31.473s][info][gc,start    ] GC(21) Pause Final Update Refs
[2026-04-03T03:31:42.636+0600][31.473s][info][gc,task     ] GC(21) Using 6 of 6 workers for final reference update
[2026-04-03T03:31:42.636+0600][31.473s][info][gc          ] GC(21) Pause Final Update Refs 0.301ms
[2026-04-03T03:31:42.636+0600][31.473s][info][gc,start    ] GC(21) Concurrent cleanup
[2026-04-03T03:31:42.637+0600][31.473s][info][gc          ] GC(21) Concurrent cleanup 496M->345M(1500M) 0.325ms
[2026-04-03T03:31:42.637+0600][31.474s][info][gc,ergo     ] Free: 1069M, Max: 512K regular, 345M humongous, Frag: 68% external, 0% internal; Reserve: 76800K, Max: 512K
[2026-04-03T03:31:42.637+0600][31.474s][info][gc,stats    ] 
[2026-04-03T03:31:42.637+0600][31.474s][info][gc,stats    ] All times are wall-clock times, except per-root-class counters, that are sum over
[2026-04-03T03:31:42.637+0600][31.474s][info][gc,stats    ] all workers. Dividing the <total> over the root stage time estimates parallelism.
[2026-04-03T03:31:42.637+0600][31.474s][info][gc,stats    ] 
[2026-04-03T03:31:42.637+0600][31.474s][info][gc,stats    ] Concurrent Reset                   2138 us
[2026-04-03T03:31:42.637+0600][31.474s][info][gc,stats    ] Pause Init Mark (G)                 356 us
[2026-04-03T03:31:42.637+0600][31.474s][info][gc,stats    ] Pause Init Mark (N)                 136 us
[2026-04-03T03:31:42.637+0600][31.474s][info][gc,stats    ]   Update Region States               29 us
[2026-04-03T03:31:42.637+0600][31.474s][info][gc,stats    ] Concurrent Mark Roots               827 us, parallelism: 1.63x
[2026-04-03T03:31:42.637+0600][31.474s][info][gc,stats    ]   CMR: <total>                     1352 us
[2026-04-03T03:31:42.637+0600][31.474s][info][gc,stats    ]   CMR: Thread Roots                1131 us, workers (us): 446, 254, 431, ---, ---, ---, 
[2026-04-03T03:31:42.637+0600][31.474s][info][gc,stats    ]   CMR: VM Strong Roots               32 us, workers (us):  15,  16,   0, ---, ---, ---, 
[2026-04-03T03:31:42.637+0600][31.474s][info][gc,stats    ]   CMR: CLDG Roots                   189 us, workers (us): ---, 189, ---, ---, ---, ---, 
[2026-04-03T03:31:42.637+0600][31.474s][info][gc,stats    ] Concurrent Marking               317831 us
[2026-04-03T03:31:42.637+0600][31.474s][info][gc,stats    ] Pause Final Mark (G)               1414 us
[2026-04-03T03:31:42.637+0600][31.474s][info][gc,stats    ] Pause Final Mark (N)               1008 us
[2026-04-03T03:31:42.637+0600][31.474s][info][gc,stats    ]   Finish Mark                       243 us
[2026-04-03T03:31:42.637+0600][31.474s][info][gc,stats    ]   Update Region States              175 us
[2026-04-03T03:31:42.637+0600][31.474s][info][gc,stats    ]   Choose Collection Set             372 us
[2026-04-03T03:31:42.637+0600][31.474s][info][gc,stats    ]   Rebuild Free Set                   55 us
[2026-04-03T03:31:42.637+0600][31.474s][info][gc,stats    ] Concurrent Thread Roots            1082 us, parallelism: 1.77x
[2026-04-03T03:31:42.637+0600][31.474s][info][gc,stats    ]   CTR: <total>                     1919 us
[2026-04-03T03:31:42.637+0600][31.474s][info][gc,stats    ]   CTR: Thread Roots                1919 us, workers (us): 674, 649, 597, ---, ---, ---, 
[2026-04-03T03:31:42.637+0600][31.474s][info][gc,stats    ] Concurrent Weak References          551 us, parallelism: 0.87x
[2026-04-03T03:31:42.637+0600][31.474s][info][gc,stats    ]   CWRF: <total>                     477 us
[2026-04-03T03:31:42.637+0600][31.474s][info][gc,stats    ]   CWRF: Weak References             477 us, workers (us): 188,  27, 262, ---, ---, ---, 
[2026-04-03T03:31:42.637+0600][31.474s][info][gc,stats    ] Concurrent Weak Roots              3091 us
[2026-04-03T03:31:42.637+0600][31.474s][info][gc,stats    ]   Roots                            2724 us, parallelism: 2.56x
[2026-04-03T03:31:42.637+0600][31.474s][info][gc,stats    ]     CWR: <total>                   6969 us
[2026-04-03T03:31:42.637+0600][31.474s][info][gc,stats    ]     CWR: Code Cache Roots          4129 us, workers (us): 1363, 1405, 1361, ---, ---, ---, 
[2026-04-03T03:31:42.637+0600][31.474s][info][gc,stats    ]     CWR: VM Weak Roots             2720 us, workers (us): 929, 926, 864, ---, ---, ---, 
[2026-04-03T03:31:42.637+0600][31.474s][info][gc,stats    ]     CWR: CLDG Roots                 120 us, workers (us): 120, ---, ---, ---, ---, ---, 
[2026-04-03T03:31:42.637+0600][31.474s][info][gc,stats    ]   Rendezvous                        255 us
[2026-04-03T03:31:42.637+0600][31.474s][info][gc,stats    ] Concurrent Cleanup                  621 us
[2026-04-03T03:31:42.637+0600][31.474s][info][gc,stats    ] Concurrent Class Unloading         6858 us
[2026-04-03T03:31:42.637+0600][31.474s][info][gc,stats    ]   Unlink Stale                     5688 us
[2026-04-03T03:31:42.637+0600][31.474s][info][gc,stats    ]     System Dictionary               149 us
[2026-04-03T03:31:42.637+0600][31.474s][info][gc,stats    ]     Weak Class Links                  0 us
[2026-04-03T03:31:42.637+0600][31.474s][info][gc,stats    ]     Code Roots                     5534 us
[2026-04-03T03:31:42.637+0600][31.474s][info][gc,stats    ]   Rendezvous                        426 us
[2026-04-03T03:31:42.637+0600][31.474s][info][gc,stats    ]   Purge Unlinked                    583 us
[2026-04-03T03:31:42.637+0600][31.474s][info][gc,stats    ]     Code Roots                      564 us
[2026-04-03T03:31:42.637+0600][31.474s][info][gc,stats    ]     CLDG                             17 us
[2026-04-03T03:31:42.637+0600][31.474s][info][gc,stats    ]     Exception Caches                  0 us
[2026-04-03T03:31:42.637+0600][31.474s][info][gc,stats    ] Concurrent Strong Roots            1058 us, parallelism: 0.61x
[2026-04-03T03:31:42.637+0600][31.474s][info][gc,stats    ]   CSR: <total>                      650 us
[2026-04-03T03:31:42.638+0600][31.474s][info][gc,stats    ]   CSR: VM Strong Roots               36 us, workers (us):  21,  10,   5, ---, ---, ---, 
[2026-04-03T03:31:42.638+0600][31.474s][info][gc,stats    ]   CSR: CLDG Roots                   614 us, workers (us): ---, 614, ---, ---, ---, ---, 
[2026-04-03T03:31:42.638+0600][31.474s][info][gc,stats    ] Concurrent Evacuation             27891 us
[2026-04-03T03:31:42.638+0600][31.474s][info][gc,stats    ] Pause Init Update Refs (G)          431 us
[2026-04-03T03:31:42.638+0600][31.474s][info][gc,stats    ] Pause Init Update Refs (N)          193 us
[2026-04-03T03:31:42.638+0600][31.474s][info][gc,stats    ]   Manage GCLABs                      46 us
[2026-04-03T03:31:42.638+0600][31.474s][info][gc,stats    ] Concurrent Update Refs           214365 us
[2026-04-03T03:31:42.638+0600][31.474s][info][gc,stats    ] Concurrent Update Thread Roots     1278 us
[2026-04-03T03:31:42.638+0600][31.474s][info][gc,stats    ] Pause Final Update Refs (G)         652 us
[2026-04-03T03:31:42.638+0600][31.474s][info][gc,stats    ] Pause Final Update Refs (N)         387 us
[2026-04-03T03:31:42.638+0600][31.474s][info][gc,stats    ]   Update Region States               69 us
[2026-04-03T03:31:42.638+0600][31.474s][info][gc,stats    ]   Trash Collection Set               15 us
[2026-04-03T03:31:42.638+0600][31.474s][info][gc,stats    ]   Rebuild Free Set                   50 us
[2026-04-03T03:31:42.638+0600][31.474s][info][gc,stats    ] Concurrent Cleanup                  355 us
[2026-04-03T03:31:42.638+0600][31.474s][info][gc,stats    ] Pacing                           143063 us
[2026-04-03T03:31:42.638+0600][31.474s][info][gc,stats    ] 
[2026-04-03T03:31:42.638+0600][31.474s][info][gc,stats    ] Allocation pacing accrued:
[2026-04-03T03:31:42.638+0600][31.474s][info][gc,stats    ]      45 of  1791 ms (  2.5%): Executor task launch worker for task 0.0 in stage 7.0 (TID 12)
[2026-04-03T03:31:42.638+0600][31.474s][info][gc,stats    ]      54 of  1791 ms (  3.0%): Executor task launch worker for task 1.0 in stage 7.0 (TID 13)
[2026-04-03T03:31:42.638+0600][31.474s][info][gc,stats    ]      45 of  1791 ms (  2.5%): Executor task launch worker for task 2.0 in stage 7.0 (TID 14)
[2026-04-03T03:31:42.638+0600][31.474s][info][gc,stats    ]     143 of  1791 ms (  8.0%): <total>
[2026-04-03T03:31:42.638+0600][31.474s][info][gc,stats    ]       2 of  1791 ms (  0.1%): <average total>
[2026-04-03T03:31:42.638+0600][31.474s][info][gc,stats    ]      48 of  1791 ms (  2.7%): <average non-zero>
[2026-04-03T03:31:42.638+0600][31.474s][info][gc,stats    ] 
[2026-04-03T03:31:42.638+0600][31.475s][info][gc,metaspace] Metaspace: 70024K(70848K)->70467K(71360K) NonClass: 61105K(61568K)->61461K(61952K) Class: 8919K(9280K)->9006K(9408K)
[2026-04-03T03:31:42.638+0600][31.475s][info][gc,ergo     ] Pacer for Idle. Initial: 30720K, Alloc Tax Rate: 1.0x
[2026-04-03T03:31:44.348+0600][33.185s][info][gc          ] Trigger: Average GC time (757.46 ms) is above the time for average allocation rate (633 MB/s) to deplete free headroom (386M) (margin of error = 1.87)
[2026-04-03T03:31:44.348+0600][33.185s][info][gc,ergo     ] Free headroom: 461M (free) - 76800K (spike) - 0B (penalties) = 386M
[2026-04-03T03:31:44.348+0600][33.185s][info][gc,ergo     ] Free: 461M, Max: 512K regular, 345M humongous, Frag: 26% external, 0% internal; Reserve: 76800K, Max: 512K
[2026-04-03T03:31:44.348+0600][33.185s][info][gc,start    ] GC(22) Concurrent reset
[2026-04-03T03:31:44.348+0600][33.185s][info][gc,task     ] GC(22) Using 3 of 6 workers for concurrent reset
[2026-04-03T03:31:44.348+0600][33.185s][info][gc,ergo     ] GC(22) Pacer for Reset. Non-Taxable: 1500M
[2026-04-03T03:31:44.349+0600][33.186s][info][gc          ] GC(22) Concurrent reset 1.107ms
[2026-04-03T03:31:44.372+0600][33.208s][info][gc,start    ] GC(22) Pause Init Mark (unload classes)
[2026-04-03T03:31:44.372+0600][33.209s][info][gc,task     ] GC(22) Using 6 of 6 workers for init marking
[2026-04-03T03:31:44.372+0600][33.209s][info][gc,ergo     ] GC(22) Pacer for Mark. Expected Live: 238M, Free: 436M, Non-Taxable: 44704K, Alloc Tax Rate: 0.7x
[2026-04-03T03:31:44.372+0600][33.209s][info][gc          ] GC(22) Pause Init Mark (unload classes) 0.161ms
[2026-04-03T03:31:44.372+0600][33.209s][info][gc,start    ] GC(22) Concurrent marking roots
[2026-04-03T03:31:44.372+0600][33.209s][info][gc,task     ] GC(22) Using 3 of 6 workers for concurrent marking roots
[2026-04-03T03:31:44.373+0600][33.210s][info][gc          ] GC(22) Concurrent marking roots 0.897ms
[2026-04-03T03:31:44.373+0600][33.210s][info][gc,start    ] GC(22) Concurrent marking (unload classes)
[2026-04-03T03:31:44.373+0600][33.210s][info][gc,task     ] GC(22) Using 3 of 6 workers for concurrent marking
[2026-04-03T03:31:44.599+0600][33.436s][info][gc          ] GC(22) Concurrent marking (unload classes) 225.934ms
[2026-04-03T03:31:44.599+0600][33.436s][info][gc,start    ] GC(22) Pause Final Mark (unload classes)
[2026-04-03T03:31:44.599+0600][33.436s][info][gc,task     ] GC(22) Using 6 of 6 workers for final marking
[2026-04-03T03:31:44.600+0600][33.436s][info][gc,ergo     ] GC(22) Adaptive CSet Selection. Target Free: 212M, Actual Free: 1067M, Max CSet: 64000K, Min Garbage: 0B
[2026-04-03T03:31:44.600+0600][33.437s][info][gc,ergo     ] GC(22) Collectable Garbage: 794M (99%), Immediate: 619M (77%), CSet: 175M (21%)
[2026-04-03T03:31:44.600+0600][33.437s][info][gc,ergo     ] GC(22) Pacer for Evacuation. Used CSet: 194M, Free: 1013M, Non-Taxable: 101M, Alloc Tax Rate: 1.1x
[2026-04-03T03:31:44.600+0600][33.437s][info][gc          ] GC(22) Pause Final Mark (unload classes) 0.966ms
[2026-04-03T03:31:44.600+0600][33.437s][info][gc,start    ] GC(22) Concurrent thread roots
[2026-04-03T03:31:44.600+0600][33.437s][info][gc,task     ] GC(22) Using 3 of 6 workers for Concurrent thread roots
[2026-04-03T03:31:44.601+0600][33.438s][info][gc          ] GC(22) Concurrent thread roots 0.773ms
[2026-04-03T03:31:44.601+0600][33.438s][info][gc,start    ] GC(22) Concurrent weak references
[2026-04-03T03:31:44.601+0600][33.438s][info][gc,task     ] GC(22) Using 3 of 6 workers for concurrent weak references
[2026-04-03T03:31:44.601+0600][33.438s][info][gc,ref      ] GC(22) Encountered references: Soft: 3465, Weak: 6770, Final: 82, Phantom: 597
[2026-04-03T03:31:44.601+0600][33.438s][info][gc,ref      ] GC(22) Discovered  references: Soft: 0, Weak: 1159, Final: 0, Phantom: 211
[2026-04-03T03:31:44.601+0600][33.438s][info][gc,ref      ] GC(22) Enqueued    references: Soft: 0, Weak: 611, Final: 0, Phantom: 0
[2026-04-03T03:31:44.602+0600][33.438s][info][gc          ] GC(22) Concurrent weak references 0.492ms
[2026-04-03T03:31:44.602+0600][33.438s][info][gc,start    ] GC(22) Concurrent weak roots
[2026-04-03T03:31:44.602+0600][33.438s][info][gc,task     ] GC(22) Using 3 of 6 workers for concurrent weak root
[2026-04-03T03:31:44.605+0600][33.441s][info][gc          ] GC(22) Concurrent weak roots 3.038ms
[2026-04-03T03:31:44.605+0600][33.441s][info][gc,start    ] GC(22) Concurrent cleanup
[2026-04-03T03:31:44.605+0600][33.442s][info][gc          ] GC(22) Concurrent cleanup 1027M->409M(1500M) 0.551ms
[2026-04-03T03:31:44.605+0600][33.442s][info][gc,ergo     ] GC(22) Free: 1010M, Max: 512K regular, 359M humongous, Frag: 65% external, 0% internal; Reserve: 76717K, Max: 512K
[2026-04-03T03:31:44.605+0600][33.442s][info][gc,start    ] GC(22) Concurrent class unloading
[2026-04-03T03:31:44.605+0600][33.442s][info][gc,task     ] GC(22) Using 3 of 6 workers for concurrent class unloading
[2026-04-03T03:31:44.635+0600][33.471s][info][gc          ] GC(22) Concurrent class unloading 29.330ms
[2026-04-03T03:31:44.635+0600][33.472s][info][gc,start    ] GC(22) Concurrent strong roots
[2026-04-03T03:31:44.635+0600][33.472s][info][gc,task     ] GC(22) Using 3 of 6 workers for concurrent strong root
[2026-04-03T03:31:44.636+0600][33.473s][info][gc          ] GC(22) Concurrent strong roots 1.180ms
[2026-04-03T03:31:44.636+0600][33.473s][info][gc,start    ] GC(22) Concurrent evacuation
[2026-04-03T03:31:44.636+0600][33.473s][info][gc,task     ] GC(22) Using 3 of 6 workers for concurrent evacuation
[2026-04-03T03:31:44.656+0600][33.492s][info][gc          ] GC(22) Concurrent evacuation 19.628ms
[2026-04-03T03:31:44.656+0600][33.493s][info][gc,start    ] GC(22) Pause Init Update Refs
[2026-04-03T03:31:44.656+0600][33.493s][info][gc,ergo     ] GC(22) Pacer for Update Refs. Used: 457M, Free: 981M, Non-Taxable: 100459K, Alloc Tax Rate: 1.1x
[2026-04-03T03:31:44.656+0600][33.493s][info][gc          ] GC(22) Pause Init Update Refs 0.140ms
[2026-04-03T03:31:44.656+0600][33.493s][info][gc,start    ] GC(22) Concurrent update references
[2026-04-03T03:31:44.656+0600][33.493s][info][gc,task     ] GC(22) Using 3 of 6 workers for concurrent reference update
[2026-04-03T03:31:44.782+0600][33.618s][info][gc          ] GC(22) Concurrent update references 125.203ms
[2026-04-03T03:31:44.782+0600][33.618s][info][gc,start    ] GC(22) Concurrent update thread roots
[2026-04-03T03:31:44.783+0600][33.619s][info][gc          ] GC(22) Concurrent update thread roots 0.888ms
[2026-04-03T03:31:44.783+0600][33.619s][info][gc,start    ] GC(22) Pause Final Update Refs
[2026-04-03T03:31:44.783+0600][33.620s][info][gc,task     ] GC(22) Using 6 of 6 workers for final reference update
[2026-04-03T03:31:44.783+0600][33.620s][info][gc          ] GC(22) Pause Final Update Refs 0.222ms
[2026-04-03T03:31:44.783+0600][33.620s][info][gc,start    ] GC(22) Concurrent cleanup
[2026-04-03T03:31:44.784+0600][33.620s][info][gc          ] GC(22) Concurrent cleanup 538M->344M(1500M) 0.575ms
[2026-04-03T03:31:44.784+0600][33.620s][info][gc,ergo     ] Free: 1074M, Max: 512K regular, 350M humongous, Frag: 68% external, 0% internal; Reserve: 76800K, Max: 512K
[2026-04-03T03:31:44.784+0600][33.620s][info][gc,stats    ] 
[2026-04-03T03:31:44.784+0600][33.620s][info][gc,stats    ] All times are wall-clock times, except per-root-class counters, that are sum over
[2026-04-03T03:31:44.784+0600][33.620s][info][gc,stats    ] all workers. Dividing the <total> over the root stage time estimates parallelism.
[2026-04-03T03:31:44.784+0600][33.620s][info][gc,stats    ] 
[2026-04-03T03:31:44.784+0600][33.620s][info][gc,stats    ] Concurrent Reset                  23182 us
[2026-04-03T03:31:44.784+0600][33.620s][info][gc,stats    ] Pause Init Mark (G)                 621 us
[2026-04-03T03:31:44.784+0600][33.621s][info][gc,stats    ] Pause Init Mark (N)                 170 us
[2026-04-03T03:31:44.784+0600][33.621s][info][gc,stats    ]   Update Region States               51 us
[2026-04-03T03:31:44.784+0600][33.621s][info][gc,stats    ] Concurrent Mark Roots               946 us, parallelism: 1.73x
[2026-04-03T03:31:44.784+0600][33.621s][info][gc,stats    ]   CMR: <total>                     1638 us
[2026-04-03T03:31:44.784+0600][33.621s][info][gc,stats    ]   CMR: Thread Roots                1290 us, workers (us): 236, 531, 524, ---, ---, ---, 
[2026-04-03T03:31:44.784+0600][33.621s][info][gc,stats    ]   CMR: VM Strong Roots               31 us, workers (us):  29,   1,   0, ---, ---, ---, 
[2026-04-03T03:31:44.784+0600][33.621s][info][gc,stats    ]   CMR: CLDG Roots                   317 us, workers (us): 317, ---, ---, ---, ---, ---, 
[2026-04-03T03:31:44.784+0600][33.621s][info][gc,stats    ] Concurrent Marking               226022 us
[2026-04-03T03:31:44.784+0600][33.621s][info][gc,stats    ] Pause Final Mark (G)               1197 us
[2026-04-03T03:31:44.784+0600][33.621s][info][gc,stats    ] Pause Final Mark (N)                980 us
[2026-04-03T03:31:44.784+0600][33.621s][info][gc,stats    ]   Finish Mark                       378 us
[2026-04-03T03:31:44.784+0600][33.621s][info][gc,stats    ]   Update Region States               62 us
[2026-04-03T03:31:44.784+0600][33.621s][info][gc,stats    ]   Choose Collection Set             379 us
[2026-04-03T03:31:44.784+0600][33.621s][info][gc,stats    ]   Rebuild Free Set                   47 us
[2026-04-03T03:31:44.784+0600][33.621s][info][gc,stats    ] Concurrent Thread Roots             832 us, parallelism: 1.83x
[2026-04-03T03:31:44.784+0600][33.621s][info][gc,stats    ]   CTR: <total>                     1522 us
[2026-04-03T03:31:44.784+0600][33.621s][info][gc,stats    ]   CTR: Thread Roots                1522 us, workers (us): 560, 497, 465, ---, ---, ---, 
[2026-04-03T03:31:44.784+0600][33.621s][info][gc,stats    ] Concurrent Weak References          537 us, parallelism: 0.62x
[2026-04-03T03:31:44.784+0600][33.621s][info][gc,stats    ]   CWRF: <total>                     335 us
[2026-04-03T03:31:44.784+0600][33.621s][info][gc,stats    ]   CWRF: Weak References             335 us, workers (us):  68, 247,  19, ---, ---, ---, 
[2026-04-03T03:31:44.784+0600][33.621s][info][gc,stats    ] Concurrent Weak Roots              3183 us
[2026-04-03T03:31:44.784+0600][33.621s][info][gc,stats    ]   Roots                            2781 us, parallelism: 2.47x
[2026-04-03T03:31:44.784+0600][33.621s][info][gc,stats    ]     CWR: <total>                   6863 us
[2026-04-03T03:31:44.784+0600][33.621s][info][gc,stats    ]     CWR: Code Cache Roots          4263 us, workers (us): 1502, 1315, 1445, ---, ---, ---, 
[2026-04-03T03:31:44.784+0600][33.621s][info][gc,stats    ]     CWR: VM Weak Roots             2494 us, workers (us): 862, 809, 823, ---, ---, ---, 
[2026-04-03T03:31:44.784+0600][33.621s][info][gc,stats    ]     CWR: CLDG Roots                 107 us, workers (us): ---, 107, ---, ---, ---, ---, 
[2026-04-03T03:31:44.784+0600][33.621s][info][gc,stats    ]   Rendezvous                        213 us
[2026-04-03T03:31:44.784+0600][33.621s][info][gc,stats    ] Concurrent Cleanup                  588 us
[2026-04-03T03:31:44.784+0600][33.621s][info][gc,stats    ] Concurrent Class Unloading        29443 us
[2026-04-03T03:31:44.784+0600][33.621s][info][gc,stats    ]   Unlink Stale                    26898 us
[2026-04-03T03:31:44.784+0600][33.621s][info][gc,stats    ]     System Dictionary               584 us
[2026-04-03T03:31:44.784+0600][33.621s][info][gc,stats    ]     Weak Class Links              17761 us
[2026-04-03T03:31:44.784+0600][33.621s][info][gc,stats    ]     Code Roots                     8544 us
[2026-04-03T03:31:44.784+0600][33.621s][info][gc,stats    ]   Rendezvous                        203 us
[2026-04-03T03:31:44.784+0600][33.621s][info][gc,stats    ]   Purge Unlinked                   2186 us
[2026-04-03T03:31:44.784+0600][33.621s][info][gc,stats    ]     Code Roots                     1997 us
[2026-04-03T03:31:44.784+0600][33.621s][info][gc,stats    ]     CLDG                            187 us
[2026-04-03T03:31:44.784+0600][33.621s][info][gc,stats    ]     Exception Caches                  1 us
[2026-04-03T03:31:44.784+0600][33.621s][info][gc,stats    ] Concurrent Strong Roots            1273 us, parallelism: 0.58x
[2026-04-03T03:31:44.784+0600][33.621s][info][gc,stats    ]   CSR: <total>                      743 us
[2026-04-03T03:31:44.784+0600][33.621s][info][gc,stats    ]   CSR: VM Strong Roots               36 us, workers (us):  34,   2,   0, ---, ---, ---, 
[2026-04-03T03:31:44.784+0600][33.621s][info][gc,stats    ]   CSR: CLDG Roots                   708 us, workers (us): 708, ---, ---, ---, ---, ---, 
[2026-04-03T03:31:44.784+0600][33.621s][info][gc,stats    ] Concurrent Evacuation             19721 us
[2026-04-03T03:31:44.784+0600][33.621s][info][gc,stats    ] Pause Init Update Refs (G)          478 us
[2026-04-03T03:31:44.784+0600][33.621s][info][gc,stats    ] Pause Init Update Refs (N)          152 us
[2026-04-03T03:31:44.784+0600][33.621s][info][gc,stats    ]   Manage GCLABs                      41 us
[2026-04-03T03:31:44.784+0600][33.621s][info][gc,stats    ] Concurrent Update Refs           125301 us
[2026-04-03T03:31:44.784+0600][33.621s][info][gc,stats    ] Concurrent Update Thread Roots      991 us
[2026-04-03T03:31:44.784+0600][33.621s][info][gc,stats    ] Pause Final Update Refs (G)         452 us
[2026-04-03T03:31:44.784+0600][33.621s][info][gc,stats    ] Pause Final Update Refs (N)         240 us
[2026-04-03T03:31:44.784+0600][33.621s][info][gc,stats    ]   Update Region States               81 us
[2026-04-03T03:31:44.784+0600][33.621s][info][gc,stats    ]   Trash Collection Set               12 us
[2026-04-03T03:31:44.784+0600][33.621s][info][gc,stats    ]   Rebuild Free Set                   38 us
[2026-04-03T03:31:44.784+0600][33.621s][info][gc,stats    ] Concurrent Cleanup                  593 us
[2026-04-03T03:31:44.784+0600][33.621s][info][gc,stats    ] Pacing                           139819 us
[2026-04-03T03:31:44.784+0600][33.621s][info][gc,stats    ] 
[2026-04-03T03:31:44.784+0600][33.621s][info][gc,stats    ] Allocation pacing accrued:
[2026-04-03T03:31:44.784+0600][33.621s][info][gc,stats    ]      45 of  2147 ms (  2.1%): Executor task launch worker for task 2.0 in stage 12.0 (TID 20)
[2026-04-03T03:31:44.785+0600][33.621s][info][gc,stats    ]      45 of  2147 ms (  2.1%): Executor task launch worker for task 0.0 in stage 12.0 (TID 18)
[2026-04-03T03:31:44.785+0600][33.621s][info][gc,stats    ]      50 of  2147 ms (  2.3%): Executor task launch worker for task 1.0 in stage 12.0 (TID 19)
[2026-04-03T03:31:44.785+0600][33.621s][info][gc,stats    ]     140 of  2147 ms (  6.5%): <total>
[2026-04-03T03:31:44.785+0600][33.621s][info][gc,stats    ]       1 of  2147 ms (  0.1%): <average total>
[2026-04-03T03:31:44.785+0600][33.621s][info][gc,stats    ]      47 of  2147 ms (  2.2%): <average non-zero>
[2026-04-03T03:31:44.785+0600][33.621s][info][gc,stats    ] 
[2026-04-03T03:31:44.785+0600][33.621s][info][gc,metaspace] Metaspace: 70739K(71680K)->70681K(71680K) NonClass: 61701K(62208K)->61664K(62208K) Class: 9037K(9472K)->9017K(9472K)
[2026-04-03T03:31:44.785+0600][33.621s][info][gc,ergo     ] Pacer for Idle. Initial: 30720K, Alloc Tax Rate: 1.0x
[2026-04-03T03:31:45.991+0600][34.828s][info][gc          ] Trigger: Average GC time (727.74 ms) is above the time for average allocation rate (748 MB/s) to deplete free headroom (536M) (margin of error = 1.86)
[2026-04-03T03:31:45.991+0600][34.828s][info][gc,ergo     ] Free headroom: 611M (free) - 76800K (spike) - 0B (penalties) = 536M
[2026-04-03T03:31:45.991+0600][34.828s][info][gc,ergo     ] Free: 611M, Max: 512K regular, 350M humongous, Frag: 43% external, 0% internal; Reserve: 76800K, Max: 512K
[2026-04-03T03:31:45.991+0600][34.828s][info][gc,start    ] GC(23) Concurrent reset
[2026-04-03T03:31:45.991+0600][34.828s][info][gc,task     ] GC(23) Using 3 of 6 workers for concurrent reset
[2026-04-03T03:31:45.991+0600][34.828s][info][gc,ergo     ] GC(23) Pacer for Reset. Non-Taxable: 1500M
[2026-04-03T03:31:45.993+0600][34.829s][info][gc          ] GC(23) Concurrent reset 1.192ms
[2026-04-03T03:31:45.993+0600][34.830s][info][gc,start    ] GC(23) Pause Init Mark (unload classes)
[2026-04-03T03:31:45.993+0600][34.830s][info][gc,task     ] GC(23) Using 6 of 6 workers for init marking
[2026-04-03T03:31:45.993+0600][34.830s][info][gc,ergo     ] GC(23) Pacer for Mark. Expected Live: 235M, Free: 611M, Non-Taxable: 62604K, Alloc Tax Rate: 0.5x
[2026-04-03T03:31:45.993+0600][34.830s][info][gc          ] GC(23) Pause Init Mark (unload classes) 0.191ms
[2026-04-03T03:31:45.993+0600][34.830s][info][gc,start    ] GC(23) Concurrent marking roots
[2026-04-03T03:31:45.993+0600][34.830s][info][gc,task     ] GC(23) Using 3 of 6 workers for concurrent marking roots
[2026-04-03T03:31:45.994+0600][34.831s][info][gc          ] GC(23) Concurrent marking roots 1.082ms
[2026-04-03T03:31:45.994+0600][34.831s][info][gc,start    ] GC(23) Concurrent marking (unload classes)
[2026-04-03T03:31:45.994+0600][34.831s][info][gc,task     ] GC(23) Using 3 of 6 workers for concurrent marking
[2026-04-03T03:31:46.222+0600][35.059s][info][gc          ] GC(23) Concurrent marking (unload classes) 227.883ms
[2026-04-03T03:31:46.223+0600][35.059s][info][gc,start    ] GC(23) Pause Final Mark (unload classes)
[2026-04-03T03:31:46.223+0600][35.059s][info][gc,task     ] GC(23) Using 6 of 6 workers for final marking
[2026-04-03T03:31:46.223+0600][35.060s][info][gc,ergo     ] GC(23) Adaptive CSet Selection. Target Free: 212M, Actual Free: 961M, Max CSet: 64000K, Min Garbage: 0B
[2026-04-03T03:31:46.223+0600][35.060s][info][gc,ergo     ] GC(23) Collectable Garbage: 547M (99%), Immediate: 465M (84%), CSet: 83910K (14%)
[2026-04-03T03:31:46.223+0600][35.060s][info][gc,ergo     ] GC(23) Pacer for Evacuation. Used CSet: 95070K, Free: 915M, Non-Taxable: 93764K, Alloc Tax Rate: 1.1x
[2026-04-03T03:31:46.223+0600][35.060s][info][gc          ] GC(23) Pause Final Mark (unload classes) 0.871ms
[2026-04-03T03:31:46.224+0600][35.060s][info][gc,start    ] GC(23) Concurrent thread roots
[2026-04-03T03:31:46.224+0600][35.060s][info][gc,task     ] GC(23) Using 3 of 6 workers for Concurrent thread roots
[2026-04-03T03:31:46.224+0600][35.061s][info][gc          ] GC(23) Concurrent thread roots 0.736ms
[2026-04-03T03:31:46.224+0600][35.061s][info][gc,start    ] GC(23) Concurrent weak references
[2026-04-03T03:31:46.224+0600][35.061s][info][gc,task     ] GC(23) Using 3 of 6 workers for concurrent weak references
[2026-04-03T03:31:46.225+0600][35.061s][info][gc,ref      ] GC(23) Encountered references: Soft: 3513, Weak: 6384, Final: 84, Phantom: 598
[2026-04-03T03:31:46.225+0600][35.062s][info][gc,ref      ] GC(23) Discovered  references: Soft: 0, Weak: 1174, Final: 0, Phantom: 595
[2026-04-03T03:31:46.225+0600][35.062s][info][gc,ref      ] GC(23) Enqueued    references: Soft: 0, Weak: 75, Final: 0, Phantom: 0
[2026-04-03T03:31:46.225+0600][35.062s][info][gc          ] GC(23) Concurrent weak references 0.500ms
[2026-04-03T03:31:46.225+0600][35.062s][info][gc,start    ] GC(23) Concurrent weak roots
[2026-04-03T03:31:46.225+0600][35.062s][info][gc,task     ] GC(23) Using 3 of 6 workers for concurrent weak root
[2026-04-03T03:31:46.227+0600][35.064s][info][gc          ] GC(23) Concurrent weak roots 2.397ms
[2026-04-03T03:31:46.227+0600][35.064s][info][gc,start    ] GC(23) Concurrent cleanup
[2026-04-03T03:31:46.228+0600][35.065s][info][gc          ] GC(23) Concurrent cleanup 952M->487M(1500M) 0.700ms
[2026-04-03T03:31:46.228+0600][35.065s][info][gc,ergo     ] GC(23) Free: 913M, Max: 512K regular, 359M humongous, Frag: 61% external, 0% internal; Reserve: 76725K, Max: 512K
[2026-04-03T03:31:46.228+0600][35.065s][info][gc,start    ] GC(23) Concurrent class unloading
[2026-04-03T03:31:46.228+0600][35.065s][info][gc,task     ] GC(23) Using 3 of 6 workers for concurrent class unloading
[2026-04-03T03:31:46.236+0600][35.072s][info][gc          ] GC(23) Concurrent class unloading 7.613ms
[2026-04-03T03:31:46.236+0600][35.073s][info][gc,start    ] GC(23) Concurrent strong roots
[2026-04-03T03:31:46.236+0600][35.073s][info][gc,task     ] GC(23) Using 3 of 6 workers for concurrent strong root
[2026-04-03T03:31:46.237+0600][35.074s][info][gc          ] GC(23) Concurrent strong roots 1.041ms
[2026-04-03T03:31:46.237+0600][35.074s][info][gc,start    ] GC(23) Concurrent evacuation
[2026-04-03T03:31:46.237+0600][35.074s][info][gc,task     ] GC(23) Using 3 of 6 workers for concurrent evacuation
[2026-04-03T03:31:46.246+0600][35.082s][info][gc          ] GC(23) Concurrent evacuation 8.852ms
[2026-04-03T03:31:46.246+0600][35.083s][info][gc,start    ] GC(23) Pause Init Update Refs
[2026-04-03T03:31:46.246+0600][35.083s][info][gc,ergo     ] GC(23) Pacer for Update Refs. Used: 513M, Free: 898M, Non-Taxable: 92031K, Alloc Tax Rate: 1.1x
[2026-04-03T03:31:46.246+0600][35.083s][info][gc          ] GC(23) Pause Init Update Refs 0.111ms
[2026-04-03T03:31:46.246+0600][35.083s][info][gc,start    ] GC(23) Concurrent update references
[2026-04-03T03:31:46.246+0600][35.083s][info][gc,task     ] GC(23) Using 3 of 6 workers for concurrent reference update
[2026-04-03T03:31:46.353+0600][35.190s][info][gc          ] GC(23) Concurrent update references 106.972ms
[2026-04-03T03:31:46.353+0600][35.190s][info][gc,start    ] GC(23) Concurrent update thread roots
[2026-04-03T03:31:46.354+0600][35.191s][info][gc          ] GC(23) Concurrent update thread roots 0.868ms
[2026-04-03T03:31:46.355+0600][35.191s][info][gc,start    ] GC(23) Pause Final Update Refs
[2026-04-03T03:31:46.355+0600][35.191s][info][gc,task     ] GC(23) Using 6 of 6 workers for final reference update
[2026-04-03T03:31:46.355+0600][35.191s][info][gc          ] GC(23) Pause Final Update Refs 0.181ms
[2026-04-03T03:31:46.355+0600][35.192s][info][gc,start    ] GC(23) Concurrent cleanup
[2026-04-03T03:31:46.355+0600][35.192s][info][gc          ] GC(23) Concurrent cleanup 563M->473M(1500M) 0.528ms
[2026-04-03T03:31:46.355+0600][35.192s][info][gc,ergo     ] Free: 927M, Max: 512K regular, 358M humongous, Frag: 62% external, 2% internal; Reserve: 76800K, Max: 512K
[2026-04-03T03:31:46.356+0600][35.192s][info][gc,stats    ] 
[2026-04-03T03:31:46.356+0600][35.192s][info][gc,stats    ] All times are wall-clock times, except per-root-class counters, that are sum over
[2026-04-03T03:31:46.356+0600][35.192s][info][gc,stats    ] all workers. Dividing the <total> over the root stage time estimates parallelism.
[2026-04-03T03:31:46.356+0600][35.192s][info][gc,stats    ] 
[2026-04-03T03:31:46.356+0600][35.192s][info][gc,stats    ] Concurrent Reset                   1222 us
[2026-04-03T03:31:46.356+0600][35.192s][info][gc,stats    ] Pause Init Mark (G)                 601 us
[2026-04-03T03:31:46.356+0600][35.192s][info][gc,stats    ] Pause Init Mark (N)                 202 us
[2026-04-03T03:31:46.356+0600][35.192s][info][gc,stats    ]   Update Region States               37 us
[2026-04-03T03:31:46.356+0600][35.192s][info][gc,stats    ] Concurrent Mark Roots              1107 us, parallelism: 1.93x
[2026-04-03T03:31:46.356+0600][35.192s][info][gc,stats    ]   CMR: <total>                     2134 us
[2026-04-03T03:31:46.356+0600][35.192s][info][gc,stats    ]   CMR: Thread Roots                1807 us, workers (us): 433, 687, 687, ---, ---, ---, 
[2026-04-03T03:31:46.356+0600][35.192s][info][gc,stats    ]   CMR: VM Strong Roots               32 us, workers (us):  30,   1,   0, ---, ---, ---, 
[2026-04-03T03:31:46.356+0600][35.192s][info][gc,stats    ]   CMR: CLDG Roots                   295 us, workers (us): 295, ---, ---, ---, ---, ---, 
[2026-04-03T03:31:46.356+0600][35.192s][info][gc,stats    ] Concurrent Marking               227970 us
[2026-04-03T03:31:46.356+0600][35.192s][info][gc,stats    ] Pause Final Mark (G)               1275 us
[2026-04-03T03:31:46.356+0600][35.192s][info][gc,stats    ] Pause Final Mark (N)                887 us
[2026-04-03T03:31:46.356+0600][35.192s][info][gc,stats    ]   Finish Mark                       345 us
[2026-04-03T03:31:46.356+0600][35.192s][info][gc,stats    ]   Update Region States               73 us
[2026-04-03T03:31:46.356+0600][35.192s][info][gc,stats    ]   Choose Collection Set             266 us
[2026-04-03T03:31:46.356+0600][35.192s][info][gc,stats    ]   Rebuild Free Set                   41 us
[2026-04-03T03:31:46.356+0600][35.192s][info][gc,stats    ] Concurrent Thread Roots             795 us, parallelism: 1.78x
[2026-04-03T03:31:46.356+0600][35.192s][info][gc,stats    ]   CTR: <total>                     1413 us
[2026-04-03T03:31:46.356+0600][35.192s][info][gc,stats    ]   CTR: Thread Roots                1413 us, workers (us): 505, 458, 450, ---, ---, ---, 
[2026-04-03T03:31:46.356+0600][35.192s][info][gc,stats    ] Concurrent Weak References          514 us, parallelism: 0.71x
[2026-04-03T03:31:46.356+0600][35.192s][info][gc,stats    ]   CWRF: <total>                     366 us
[2026-04-03T03:31:46.356+0600][35.192s][info][gc,stats    ]   CWRF: Weak References             366 us, workers (us): 266,  63,  37, ---, ---, ---, 
[2026-04-03T03:31:46.356+0600][35.192s][info][gc,stats    ] Concurrent Weak Roots              2453 us
[2026-04-03T03:31:46.356+0600][35.192s][info][gc,stats    ]   Roots                            2181 us, parallelism: 2.44x
[2026-04-03T03:31:46.356+0600][35.192s][info][gc,stats    ]     CWR: <total>                   5322 us
[2026-04-03T03:31:46.356+0600][35.192s][info][gc,stats    ]     CWR: Code Cache Roots          3432 us, workers (us): 1116, 1228, 1087, ---, ---, ---, 
[2026-04-03T03:31:46.356+0600][35.192s][info][gc,stats    ]     CWR: VM Weak Roots             1812 us, workers (us): 654, 605, 553, ---, ---, ---, 
[2026-04-03T03:31:46.356+0600][35.192s][info][gc,stats    ]     CWR: CLDG Roots                  78 us, workers (us): ---, ---,  78, ---, ---, ---, 
[2026-04-03T03:31:46.356+0600][35.192s][info][gc,stats    ]   Rendezvous                        191 us
[2026-04-03T03:31:46.356+0600][35.192s][info][gc,stats    ] Concurrent Cleanup                  721 us
[2026-04-03T03:31:46.356+0600][35.192s][info][gc,stats    ] Concurrent Class Unloading         7689 us
[2026-04-03T03:31:46.356+0600][35.192s][info][gc,stats    ]   Unlink Stale                     6202 us
[2026-04-03T03:31:46.356+0600][35.192s][info][gc,stats    ]     System Dictionary                93 us
[2026-04-03T03:31:46.356+0600][35.192s][info][gc,stats    ]     Weak Class Links                  0 us
[2026-04-03T03:31:46.356+0600][35.192s][info][gc,stats    ]     Code Roots                     6105 us
[2026-04-03T03:31:46.356+0600][35.192s][info][gc,stats    ]   Rendezvous                        228 us
[2026-04-03T03:31:46.356+0600][35.192s][info][gc,stats    ]   Purge Unlinked                   1151 us
[2026-04-03T03:31:46.356+0600][35.192s][info][gc,stats    ]     Code Roots                     1136 us
[2026-04-03T03:31:46.356+0600][35.192s][info][gc,stats    ]     CLDG                             14 us
[2026-04-03T03:31:46.356+0600][35.192s][info][gc,stats    ]     Exception Caches                  0 us
[2026-04-03T03:31:46.356+0600][35.192s][info][gc,stats    ] Concurrent Strong Roots            1118 us, parallelism: 0.64x
[2026-04-03T03:31:46.356+0600][35.193s][info][gc,stats    ]   CSR: <total>                      713 us
[2026-04-03T03:31:46.356+0600][35.193s][info][gc,stats    ]   CSR: VM Strong Roots               36 us, workers (us):  24,  12,   0, ---, ---, ---, 
[2026-04-03T03:31:46.356+0600][35.193s][info][gc,stats    ]   CSR: CLDG Roots                   676 us, workers (us): 676, ---, ---, ---, ---, ---, 
[2026-04-03T03:31:46.356+0600][35.193s][info][gc,stats    ] Concurrent Evacuation              8934 us
[2026-04-03T03:31:46.356+0600][35.193s][info][gc,stats    ] Pause Init Update Refs (G)          444 us
[2026-04-03T03:31:46.356+0600][35.193s][info][gc,stats    ] Pause Init Update Refs (N)          129 us
[2026-04-03T03:31:46.356+0600][35.193s][info][gc,stats    ]   Manage GCLABs                      19 us
[2026-04-03T03:31:46.356+0600][35.193s][info][gc,stats    ] Concurrent Update Refs           107043 us
[2026-04-03T03:31:46.356+0600][35.193s][info][gc,stats    ] Concurrent Update Thread Roots      915 us
[2026-04-03T03:31:46.356+0600][35.193s][info][gc,stats    ] Pause Final Update Refs (G)         605 us
[2026-04-03T03:31:46.356+0600][35.193s][info][gc,stats    ] Pause Final Update Refs (N)         199 us
[2026-04-03T03:31:46.356+0600][35.193s][info][gc,stats    ]   Update Region States               62 us
[2026-04-03T03:31:46.356+0600][35.193s][info][gc,stats    ]   Trash Collection Set               11 us
[2026-04-03T03:31:46.356+0600][35.193s][info][gc,stats    ]   Rebuild Free Set                   35 us
[2026-04-03T03:31:46.356+0600][35.193s][info][gc,stats    ] Concurrent Cleanup                  545 us
[2026-04-03T03:31:46.356+0600][35.193s][info][gc,stats    ] 
[2026-04-03T03:31:46.356+0600][35.193s][info][gc,stats    ] Allocation pacing accrued:
[2026-04-03T03:31:46.356+0600][35.193s][info][gc,stats    ]       0 of  1571 ms (  0.0%): <total>
[2026-04-03T03:31:46.356+0600][35.193s][info][gc,stats    ]       0 of  1571 ms (  0.0%): <average total>
[2026-04-03T03:31:46.356+0600][35.193s][info][gc,stats    ] 
[2026-04-03T03:31:46.356+0600][35.193s][info][gc,metaspace] Metaspace: 72318K(73216K)->72361K(73216K) NonClass: 63063K(63552K)->63101K(63552K) Class: 9254K(9664K)->9259K(9664K)
[2026-04-03T03:31:46.356+0600][35.193s][info][gc,ergo     ] Pacer for Idle. Initial: 30720K, Alloc Tax Rate: 1.0x
[2026-04-03T03:31:46.558+0600][35.395s][info][gc          ] Trigger: Average GC time (654.19 ms) is above the time for average allocation rate (1189 MB/s) to deplete free headroom (621M) (margin of error = 1.85)
[2026-04-03T03:31:46.558+0600][35.395s][info][gc,ergo     ] Free headroom: 696M (free) - 76800K (spike) - 0B (penalties) = 621M
[2026-04-03T03:31:46.558+0600][35.395s][info][gc,ergo     ] Free: 696M, Max: 512K regular, 358M humongous, Frag: 49% external, 3% internal; Reserve: 76800K, Max: 512K
[2026-04-03T03:31:46.558+0600][35.395s][info][gc,start    ] GC(24) Concurrent reset
[2026-04-03T03:31:46.558+0600][35.395s][info][gc,task     ] GC(24) Using 3 of 6 workers for concurrent reset
[2026-04-03T03:31:46.558+0600][35.395s][info][gc,ergo     ] GC(24) Pacer for Reset. Non-Taxable: 1500M
[2026-04-03T03:31:46.560+0600][35.396s][info][gc          ] GC(24) Concurrent reset 1.229ms
[2026-04-03T03:31:46.560+0600][35.396s][info][gc,start    ] GC(24) Pause Init Mark (unload classes)
[2026-04-03T03:31:46.560+0600][35.397s][info][gc,task     ] GC(24) Using 6 of 6 workers for init marking
[2026-04-03T03:31:46.560+0600][35.397s][info][gc,ergo     ] GC(24) Pacer for Mark. Expected Live: 228M, Free: 694M, Non-Taxable: 71130K, Alloc Tax Rate: 0.4x
[2026-04-03T03:31:46.560+0600][35.397s][info][gc          ] GC(24) Pause Init Mark (unload classes) 0.143ms
[2026-04-03T03:31:46.560+0600][35.397s][info][gc,start    ] GC(24) Concurrent marking roots
[2026-04-03T03:31:46.560+0600][35.397s][info][gc,task     ] GC(24) Using 3 of 6 workers for concurrent marking roots
[2026-04-03T03:31:46.561+0600][35.397s][info][gc          ] GC(24) Concurrent marking roots 0.756ms
[2026-04-03T03:31:46.561+0600][35.397s][info][gc,start    ] GC(24) Concurrent marking (unload classes)
[2026-04-03T03:31:46.561+0600][35.397s][info][gc,task     ] GC(24) Using 3 of 6 workers for concurrent marking
[2026-04-03T03:31:46.800+0600][35.637s][info][gc          ] GC(24) Concurrent marking (unload classes) 239.311ms
[2026-04-03T03:31:46.800+0600][35.637s][info][gc,start    ] GC(24) Pause Final Mark (unload classes)
[2026-04-03T03:31:46.800+0600][35.637s][info][gc,task     ] GC(24) Using 6 of 6 workers for final marking
[2026-04-03T03:31:46.801+0600][35.637s][info][gc,ergo     ] GC(24) Adaptive CSet Selection. Target Free: 212M, Actual Free: 955M, Max CSet: 64000K, Min Garbage: 0B
[2026-04-03T03:31:46.801+0600][35.638s][info][gc,ergo     ] GC(24) Collectable Garbage: 493M (98%), Immediate: 293M (58%), CSet: 199M (40%)
[2026-04-03T03:31:46.801+0600][35.638s][info][gc,ergo     ] GC(24) Pacer for Evacuation. Used CSet: 231M, Free: 902M, Non-Taxable: 92402K, Alloc Tax Rate: 1.1x
[2026-04-03T03:31:46.801+0600][35.638s][info][gc          ] GC(24) Pause Final Mark (unload classes) 0.705ms
[2026-04-03T03:31:46.801+0600][35.638s][info][gc,start    ] GC(24) Concurrent thread roots
[2026-04-03T03:31:46.801+0600][35.638s][info][gc,task     ] GC(24) Using 3 of 6 workers for Concurrent thread roots
[2026-04-03T03:31:46.802+0600][35.638s][info][gc          ] GC(24) Concurrent thread roots 0.484ms
[2026-04-03T03:31:46.802+0600][35.638s][info][gc,start    ] GC(24) Concurrent weak references
[2026-04-03T03:31:46.802+0600][35.638s][info][gc,task     ] GC(24) Using 3 of 6 workers for concurrent weak references
[2026-04-03T03:31:46.802+0600][35.639s][info][gc,ref      ] GC(24) Encountered references: Soft: 3517, Weak: 6349, Final: 84, Phantom: 598
[2026-04-03T03:31:46.802+0600][35.639s][info][gc,ref      ] GC(24) Discovered  references: Soft: 0, Weak: 1364, Final: 2, Phantom: 595
[2026-04-03T03:31:46.802+0600][35.639s][info][gc,ref      ] GC(24) Enqueued    references: Soft: 0, Weak: 150, Final: 0, Phantom: 0
[2026-04-03T03:31:46.802+0600][35.639s][info][gc          ] GC(24) Concurrent weak references 0.534ms
[2026-04-03T03:31:46.802+0600][35.639s][info][gc,start    ] GC(24) Concurrent weak roots
[2026-04-03T03:31:46.802+0600][35.639s][info][gc,task     ] GC(24) Using 3 of 6 workers for concurrent weak root
[2026-04-03T03:31:46.804+0600][35.641s][info][gc          ] GC(24) Concurrent weak roots 1.743ms
[2026-04-03T03:31:46.804+0600][35.641s][info][gc,start    ] GC(24) Concurrent cleanup
[2026-04-03T03:31:46.805+0600][35.641s][info][gc          ] GC(24) Concurrent cleanup 815M->522M(1500M) 0.537ms
[2026-04-03T03:31:46.805+0600][35.641s][info][gc,ergo     ] GC(24) Free: 899M, Max: 512K regular, 358M humongous, Frag: 61% external, 0% internal; Reserve: 76759K, Max: 512K
[2026-04-03T03:31:46.805+0600][35.641s][info][gc,start    ] GC(24) Concurrent class unloading
[2026-04-03T03:31:46.805+0600][35.641s][info][gc,task     ] GC(24) Using 3 of 6 workers for concurrent class unloading
[2026-04-03T03:31:46.811+0600][35.648s][info][gc          ] GC(24) Concurrent class unloading 6.642ms
[2026-04-03T03:31:46.811+0600][35.648s][info][gc,start    ] GC(24) Concurrent strong roots
[2026-04-03T03:31:46.811+0600][35.648s][info][gc,task     ] GC(24) Using 3 of 6 workers for concurrent strong root
[2026-04-03T03:31:46.812+0600][35.649s][info][gc          ] GC(24) Concurrent strong roots 0.920ms
[2026-04-03T03:31:46.812+0600][35.649s][info][gc,start    ] GC(24) Concurrent evacuation
[2026-04-03T03:31:46.812+0600][35.649s][info][gc,task     ] GC(24) Using 3 of 6 workers for concurrent evacuation
[2026-04-03T03:31:46.848+0600][35.685s][info][gc          ] GC(24) Concurrent evacuation 35.956ms
[2026-04-03T03:31:46.849+0600][35.685s][info][gc,start    ] GC(24) Pause Init Update Refs
[2026-04-03T03:31:46.849+0600][35.685s][info][gc,ergo     ] GC(24) Pacer for Update Refs. Used: 589M, Free: 864M, Non-Taxable: 88562K, Alloc Tax Rate: 1.1x
[2026-04-03T03:31:46.849+0600][35.685s][info][gc          ] GC(24) Pause Init Update Refs 0.087ms
[2026-04-03T03:31:46.849+0600][35.685s][info][gc,start    ] GC(24) Concurrent update references
[2026-04-03T03:31:46.849+0600][35.685s][info][gc,task     ] GC(24) Using 3 of 6 workers for concurrent reference update
[2026-04-03T03:31:46.997+0600][35.834s][info][gc          ] GC(24) Concurrent update references 148.112ms
[2026-04-03T03:31:46.997+0600][35.834s][info][gc,start    ] GC(24) Concurrent update thread roots
[2026-04-03T03:31:46.998+0600][35.835s][info][gc          ] GC(24) Concurrent update thread roots 0.966ms
[2026-04-03T03:31:46.998+0600][35.835s][info][gc,start    ] GC(24) Pause Final Update Refs
[2026-04-03T03:31:46.998+0600][35.835s][info][gc,task     ] GC(24) Using 6 of 6 workers for final reference update
[2026-04-03T03:31:46.998+0600][35.835s][info][gc          ] GC(24) Pause Final Update Refs 0.208ms
[2026-04-03T03:31:46.998+0600][35.835s][info][gc,start    ] GC(24) Concurrent cleanup
[2026-04-03T03:31:46.999+0600][35.835s][info][gc          ] GC(24) Concurrent cleanup 657M->425M(1500M) 0.286ms
[2026-04-03T03:31:46.999+0600][35.836s][info][gc,ergo     ] Free: 996M, Max: 512K regular, 454M humongous, Frag: 55% external, 0% internal; Reserve: 76800K, Max: 512K
[2026-04-03T03:31:46.999+0600][35.836s][info][gc,stats    ] 
[2026-04-03T03:31:46.999+0600][35.836s][info][gc,stats    ] All times are wall-clock times, except per-root-class counters, that are sum over
[2026-04-03T03:31:46.999+0600][35.836s][info][gc,stats    ] all workers. Dividing the <total> over the root stage time estimates parallelism.
[2026-04-03T03:31:46.999+0600][35.836s][info][gc,stats    ] 
[2026-04-03T03:31:46.999+0600][35.836s][info][gc,stats    ] Concurrent Reset                   1279 us
[2026-04-03T03:31:46.999+0600][35.836s][info][gc,stats    ] Pause Init Mark (G)                 319 us
[2026-04-03T03:31:46.999+0600][35.836s][info][gc,stats    ] Pause Init Mark (N)                 153 us
[2026-04-03T03:31:46.999+0600][35.836s][info][gc,stats    ]   Update Region States               37 us
[2026-04-03T03:31:46.999+0600][35.836s][info][gc,stats    ] Concurrent Mark Roots               783 us, parallelism: 1.76x
[2026-04-03T03:31:46.999+0600][35.836s][info][gc,stats    ]   CMR: <total>                     1374 us
[2026-04-03T03:31:46.999+0600][35.836s][info][gc,stats    ]   CMR: Thread Roots                1109 us, workers (us): 222, 441, 446, ---, ---, ---, 
[2026-04-03T03:31:46.999+0600][35.836s][info][gc,stats    ]   CMR: VM Strong Roots               28 us, workers (us):  26,   1,   1, ---, ---, ---, 
[2026-04-03T03:31:46.999+0600][35.836s][info][gc,stats    ]   CMR: CLDG Roots                   237 us, workers (us): 237, ---, ---, ---, ---, ---, 
[2026-04-03T03:31:46.999+0600][35.836s][info][gc,stats    ] Concurrent Marking               239383 us
[2026-04-03T03:31:46.999+0600][35.836s][info][gc,stats    ] Pause Final Mark (G)                973 us
[2026-04-03T03:31:46.999+0600][35.836s][info][gc,stats    ] Pause Final Mark (N)                718 us
[2026-04-03T03:31:46.999+0600][35.836s][info][gc,stats    ]   Finish Mark                       229 us
[2026-04-03T03:31:46.999+0600][35.836s][info][gc,stats    ]   Update Region States               48 us
[2026-04-03T03:31:46.999+0600][35.836s][info][gc,stats    ]   Choose Collection Set             286 us
[2026-04-03T03:31:46.999+0600][35.836s][info][gc,stats    ]   Rebuild Free Set                   31 us
[2026-04-03T03:31:46.999+0600][35.836s][info][gc,stats    ] Concurrent Thread Roots             524 us, parallelism: 1.87x
[2026-04-03T03:31:46.999+0600][35.836s][info][gc,stats    ]   CTR: <total>                      980 us
[2026-04-03T03:31:46.999+0600][35.836s][info][gc,stats    ]   CTR: Thread Roots                 980 us, workers (us): 367, 309, 304, ---, ---, ---, 
[2026-04-03T03:31:46.999+0600][35.836s][info][gc,stats    ] Concurrent Weak References          544 us, parallelism: 0.55x
[2026-04-03T03:31:46.999+0600][35.836s][info][gc,stats    ]   CWRF: <total>                     299 us
[2026-04-03T03:31:46.999+0600][35.836s][info][gc,stats    ]   CWRF: Weak References             299 us, workers (us): 218,  79,   1, ---, ---, ---, 
[2026-04-03T03:31:46.999+0600][35.836s][info][gc,stats    ] Concurrent Weak Roots              1797 us
[2026-04-03T03:31:46.999+0600][35.836s][info][gc,stats    ]   Roots                            1479 us, parallelism: 2.47x
[2026-04-03T03:31:46.999+0600][35.836s][info][gc,stats    ]     CWR: <total>                   3652 us
[2026-04-03T03:31:46.999+0600][35.836s][info][gc,stats    ]     CWR: Code Cache Roots          2373 us, workers (us): 760, 830, 783, ---, ---, ---, 
[2026-04-03T03:31:46.999+0600][35.836s][info][gc,stats    ]     CWR: VM Weak Roots             1215 us, workers (us): 448, 409, 359, ---, ---, ---, 
[2026-04-03T03:31:46.999+0600][35.836s][info][gc,stats    ]     CWR: CLDG Roots                  64 us, workers (us):  64, ---, ---, ---, ---, ---, 
[2026-04-03T03:31:46.999+0600][35.836s][info][gc,stats    ]   Rendezvous                        244 us
[2026-04-03T03:31:46.999+0600][35.836s][info][gc,stats    ] Concurrent Cleanup                  551 us
[2026-04-03T03:31:46.999+0600][35.836s][info][gc,stats    ] Concurrent Class Unloading         6738 us
[2026-04-03T03:31:46.999+0600][35.836s][info][gc,stats    ]   Unlink Stale                     5640 us
[2026-04-03T03:31:46.999+0600][35.836s][info][gc,stats    ]     System Dictionary               143 us
[2026-04-03T03:31:46.999+0600][35.836s][info][gc,stats    ]     Weak Class Links                  0 us
[2026-04-03T03:31:46.999+0600][35.836s][info][gc,stats    ]     Code Roots                     5493 us
[2026-04-03T03:31:46.999+0600][35.836s][info][gc,stats    ]   Rendezvous                        222 us
[2026-04-03T03:31:46.999+0600][35.836s][info][gc,stats    ]   Purge Unlinked                    757 us
[2026-04-03T03:31:46.999+0600][35.836s][info][gc,stats    ]     Code Roots                      749 us
[2026-04-03T03:31:46.999+0600][35.836s][info][gc,stats    ]     CLDG                              8 us
[2026-04-03T03:31:46.999+0600][35.836s][info][gc,stats    ]     Exception Caches                  1 us
[2026-04-03T03:31:46.999+0600][35.836s][info][gc,stats    ] Concurrent Strong Roots             972 us, parallelism: 0.63x
[2026-04-03T03:31:46.999+0600][35.836s][info][gc,stats    ]   CSR: <total>                      609 us
[2026-04-03T03:31:46.999+0600][35.836s][info][gc,stats    ]   CSR: VM Strong Roots               32 us, workers (us):  31,   1,   1, ---, ---, ---, 
[2026-04-03T03:31:46.999+0600][35.836s][info][gc,stats    ]   CSR: CLDG Roots                   577 us, workers (us): 577, ---, ---, ---, ---, ---, 
[2026-04-03T03:31:46.999+0600][35.836s][info][gc,stats    ] Concurrent Evacuation             36057 us
[2026-04-03T03:31:46.999+0600][35.836s][info][gc,stats    ] Pause Init Update Refs (G)          408 us
[2026-04-03T03:31:46.999+0600][35.836s][info][gc,stats    ] Pause Init Update Refs (N)          110 us
[2026-04-03T03:31:46.999+0600][35.836s][info][gc,stats    ]   Manage GCLABs                      24 us
[2026-04-03T03:31:46.999+0600][35.836s][info][gc,stats    ] Concurrent Update Refs           148205 us
[2026-04-03T03:31:47.000+0600][35.836s][info][gc,stats    ] Concurrent Update Thread Roots     1023 us
[2026-04-03T03:31:47.000+0600][35.836s][info][gc,stats    ] Pause Final Update Refs (G)         477 us
[2026-04-03T03:31:47.000+0600][35.836s][info][gc,stats    ] Pause Final Update Refs (N)         226 us
[2026-04-03T03:31:47.000+0600][35.836s][info][gc,stats    ]   Update Region States               61 us
[2026-04-03T03:31:47.000+0600][35.836s][info][gc,stats    ]   Trash Collection Set               16 us
[2026-04-03T03:31:47.000+0600][35.836s][info][gc,stats    ]   Rebuild Free Set                   36 us
[2026-04-03T03:31:47.000+0600][35.836s][info][gc,stats    ] Concurrent Cleanup                  315 us
[2026-04-03T03:31:47.000+0600][35.836s][info][gc,stats    ] Pacing                           132625 us
[2026-04-03T03:31:47.000+0600][35.836s][info][gc,stats    ] 
[2026-04-03T03:31:47.000+0600][35.836s][info][gc,stats    ] Allocation pacing accrued:
[2026-04-03T03:31:47.000+0600][35.836s][info][gc,stats    ]     133 of   644 ms ( 20.6%): main
[2026-04-03T03:31:47.000+0600][35.836s][info][gc,stats    ]     133 of   644 ms ( 20.6%): <total>
[2026-04-03T03:31:47.000+0600][35.836s][info][gc,stats    ]       1 of   644 ms (  0.2%): <average total>
[2026-04-03T03:31:47.000+0600][35.836s][info][gc,stats    ]     133 of   644 ms ( 20.6%): <average non-zero>
[2026-04-03T03:31:47.000+0600][35.836s][info][gc,stats    ] 
[2026-04-03T03:31:47.000+0600][35.836s][info][gc,metaspace] Metaspace: 72379K(73280K)->72605K(73472K) NonClass: 63118K(63616K)->63312K(63808K) Class: 9260K(9664K)->9292K(9664K)
[2026-04-03T03:31:47.000+0600][35.836s][info][gc,ergo     ] Pacer for Idle. Initial: 30720K, Alloc Tax Rate: 1.0x
[2026-04-03T03:31:47.068+0600][35.905s][info][gc          ] Trigger: Explicit GC request (System.gc())
[2026-04-03T03:31:47.068+0600][35.905s][info][gc,ergo     ] Free: 860M, Max: 512K regular, 454M humongous, Frag: 48% external, 0% internal; Reserve: 76800K, Max: 512K
[2026-04-03T03:31:47.068+0600][35.905s][info][gc,start    ] GC(25) Concurrent reset
[2026-04-03T03:31:47.068+0600][35.905s][info][gc,task     ] GC(25) Using 3 of 6 workers for concurrent reset
[2026-04-03T03:31:47.068+0600][35.905s][info][gc,ergo     ] GC(25) Pacer for Reset. Non-Taxable: 1500M
[2026-04-03T03:31:47.069+0600][35.906s][info][gc          ] GC(25) Concurrent reset 1.144ms
[2026-04-03T03:31:47.069+0600][35.906s][info][gc,start    ] GC(25) Pause Init Mark (unload classes)
[2026-04-03T03:31:47.069+0600][35.906s][info][gc,task     ] GC(25) Using 6 of 6 workers for init marking
[2026-04-03T03:31:47.070+0600][35.906s][info][gc,ref      ] GC(25) Clearing All SoftReferences
[2026-04-03T03:31:47.070+0600][35.906s][info][gc,ergo     ] GC(25) Pacer for Mark. Expected Live: 213M, Free: 860M, Non-Taxable: 88102K, Alloc Tax Rate: 0.3x
[2026-04-03T03:31:47.070+0600][35.906s][info][gc          ] GC(25) Pause Init Mark (unload classes) 0.098ms
[2026-04-03T03:31:47.070+0600][35.906s][info][gc,start    ] GC(25) Concurrent marking roots
[2026-04-03T03:31:47.070+0600][35.906s][info][gc,task     ] GC(25) Using 3 of 6 workers for concurrent marking roots
[2026-04-03T03:31:47.070+0600][35.907s][info][gc          ] GC(25) Concurrent marking roots 0.779ms
[2026-04-03T03:31:47.070+0600][35.907s][info][gc,start    ] GC(25) Concurrent marking (unload classes)
[2026-04-03T03:31:47.070+0600][35.907s][info][gc,task     ] GC(25) Using 3 of 6 workers for concurrent marking
[2026-04-03T03:31:47.202+0600][36.038s][info][gc          ] GC(25) Concurrent marking (unload classes) 131.250ms
[2026-04-03T03:31:47.202+0600][36.039s][info][gc,start    ] GC(25) Pause Final Mark (unload classes)
[2026-04-03T03:31:47.202+0600][36.039s][info][gc,task     ] GC(25) Using 6 of 6 workers for final marking
[2026-04-03T03:31:47.202+0600][36.039s][info][gc,ergo     ] GC(25) Collectable Garbage: 381M (91%), Immediate: 381M (91%), CSet: 0B (0%)
[2026-04-03T03:31:47.203+0600][36.039s][info][gc          ] GC(25) Pause Final Mark (unload classes) 0.625ms
[2026-04-03T03:31:47.203+0600][36.039s][info][gc,start    ] GC(25) Concurrent weak references
[2026-04-03T03:31:47.203+0600][36.039s][info][gc,task     ] GC(25) Using 3 of 6 workers for concurrent weak references
[2026-04-03T03:31:47.203+0600][36.040s][info][gc,ref      ] GC(25) Encountered references: Soft: 3366, Weak: 6181, Final: 84, Phantom: 598
[2026-04-03T03:31:47.203+0600][36.040s][info][gc,ref      ] GC(25) Discovered  references: Soft: 3121, Weak: 717, Final: 2, Phantom: 595
[2026-04-03T03:31:47.203+0600][36.040s][info][gc,ref      ] GC(25) Enqueued    references: Soft: 609, Weak: 110, Final: 0, Phantom: 0
[2026-04-03T03:31:47.203+0600][36.040s][info][gc          ] GC(25) Concurrent weak references 0.620ms
[2026-04-03T03:31:47.203+0600][36.040s][info][gc,start    ] GC(25) Concurrent weak roots
[2026-04-03T03:31:47.203+0600][36.040s][info][gc,task     ] GC(25) Using 3 of 6 workers for concurrent weak root
[2026-04-03T03:31:47.205+0600][36.042s][info][gc          ] GC(25) Concurrent weak roots 2.208ms
[2026-04-03T03:31:47.206+0600][36.042s][info][gc,start    ] GC(25) Concurrent cleanup
[2026-04-03T03:31:47.206+0600][36.043s][info][gc          ] GC(25) Concurrent cleanup 561M->180M(1500M) 0.328ms
[2026-04-03T03:31:47.206+0600][36.043s][info][gc,ergo     ] GC(25) Free: 1242M, Max: 512K regular, 454M humongous, Frag: 64% external, 0% internal; Reserve: 76800K, Max: 512K
[2026-04-03T03:31:47.206+0600][36.043s][info][gc,start    ] GC(25) Concurrent class unloading
[2026-04-03T03:31:47.206+0600][36.043s][info][gc,task     ] GC(25) Using 3 of 6 workers for concurrent class unloading
[2026-04-03T03:31:47.230+0600][36.067s][info][gc          ] GC(25) Concurrent class unloading 24.076ms
[2026-04-03T03:31:47.230+0600][36.067s][info][gc,start    ] GC(25) Pause Final Roots
[2026-04-03T03:31:47.230+0600][36.067s][info][gc          ] GC(25) Pause Final Roots 0.050ms
[2026-04-03T03:31:47.231+0600][36.067s][info][gc,ergo     ] Free: 1237M, Max: 512K regular, 454M humongous, Frag: 64% external, 0% internal; Reserve: 76800K, Max: 512K
[2026-04-03T03:31:47.231+0600][36.067s][info][gc,stats    ] 
[2026-04-03T03:31:47.231+0600][36.067s][info][gc,stats    ] All times are wall-clock times, except per-root-class counters, that are sum over
[2026-04-03T03:31:47.231+0600][36.067s][info][gc,stats    ] all workers. Dividing the <total> over the root stage time estimates parallelism.
[2026-04-03T03:31:47.231+0600][36.067s][info][gc,stats    ] 
[2026-04-03T03:31:47.231+0600][36.067s][info][gc,stats    ] Concurrent Reset                   1217 us
[2026-04-03T03:31:47.231+0600][36.068s][info][gc,stats    ] Pause Init Mark (G)                 310 us
[2026-04-03T03:31:47.231+0600][36.068s][info][gc,stats    ] Pause Init Mark (N)                 108 us
[2026-04-03T03:31:47.231+0600][36.068s][info][gc,stats    ]   Update Region States               18 us
[2026-04-03T03:31:47.231+0600][36.068s][info][gc,stats    ] Concurrent Mark Roots               812 us, parallelism: 1.70x
[2026-04-03T03:31:47.231+0600][36.068s][info][gc,stats    ]   CMR: <total>                     1380 us
[2026-04-03T03:31:47.231+0600][36.068s][info][gc,stats    ]   CMR: Thread Roots                1184 us, workers (us): 284, 466, 435, ---, ---, ---, 
[2026-04-03T03:31:47.231+0600][36.068s][info][gc,stats    ]   CMR: VM Strong Roots               27 us, workers (us):  17,  10,   0, ---, ---, ---, 
[2026-04-03T03:31:47.231+0600][36.068s][info][gc,stats    ]   CMR: CLDG Roots                   169 us, workers (us): 169, ---, ---, ---, ---, ---, 
[2026-04-03T03:31:47.231+0600][36.068s][info][gc,stats    ] Concurrent Marking               131349 us
[2026-04-03T03:31:47.231+0600][36.068s][info][gc,stats    ] Pause Final Mark (G)                819 us
[2026-04-03T03:31:47.231+0600][36.068s][info][gc,stats    ] Pause Final Mark (N)                644 us
[2026-04-03T03:31:47.231+0600][36.068s][info][gc,stats    ]   Finish Mark                       359 us
[2026-04-03T03:31:47.231+0600][36.068s][info][gc,stats    ]   Update Region States               64 us
[2026-04-03T03:31:47.231+0600][36.068s][info][gc,stats    ]   Choose Collection Set              95 us
[2026-04-03T03:31:47.231+0600][36.068s][info][gc,stats    ]   Rebuild Free Set                   36 us
[2026-04-03T03:31:47.231+0600][36.068s][info][gc,stats    ] Concurrent Weak References          634 us, parallelism: 1.06x
[2026-04-03T03:31:47.231+0600][36.068s][info][gc,stats    ]   CWRF: <total>                     675 us
[2026-04-03T03:31:47.231+0600][36.068s][info][gc,stats    ]   CWRF: Weak References             675 us, workers (us): 279,  75, 321, ---, ---, ---, 
[2026-04-03T03:31:47.231+0600][36.068s][info][gc,stats    ] Concurrent Weak Roots              2286 us
[2026-04-03T03:31:47.231+0600][36.068s][info][gc,stats    ]   Roots                            1759 us, parallelism: 2.46x
[2026-04-03T03:31:47.231+0600][36.068s][info][gc,stats    ]     CWR: <total>                   4318 us
[2026-04-03T03:31:47.231+0600][36.068s][info][gc,stats    ]     CWR: Code Cache Roots          2842 us, workers (us): 974, 948, 920, ---, ---, ---, 
[2026-04-03T03:31:47.231+0600][36.068s][info][gc,stats    ]     CWR: VM Weak Roots             1396 us, workers (us): 525, 483, 388, ---, ---, ---, 
[2026-04-03T03:31:47.231+0600][36.068s][info][gc,stats    ]     CWR: CLDG Roots                  80 us, workers (us): ---, ---,  80, ---, ---, ---, 
[2026-04-03T03:31:47.231+0600][36.068s][info][gc,stats    ]   Rendezvous                        421 us
[2026-04-03T03:31:47.231+0600][36.068s][info][gc,stats    ] Concurrent Cleanup                  369 us
[2026-04-03T03:31:47.231+0600][36.068s][info][gc,stats    ] Concurrent Class Unloading        24149 us
[2026-04-03T03:31:47.231+0600][36.068s][info][gc,stats    ]   Unlink Stale                    21422 us
[2026-04-03T03:31:47.231+0600][36.068s][info][gc,stats    ]     System Dictionary               579 us
[2026-04-03T03:31:47.231+0600][36.068s][info][gc,stats    ]     Weak Class Links              14763 us
[2026-04-03T03:31:47.231+0600][36.068s][info][gc,stats    ]     Code Roots                     6072 us
[2026-04-03T03:31:47.231+0600][36.068s][info][gc,stats    ]   Rendezvous                        322 us
[2026-04-03T03:31:47.231+0600][36.068s][info][gc,stats    ]   Purge Unlinked                   2290 us
[2026-04-03T03:31:47.231+0600][36.068s][info][gc,stats    ]     Code Roots                     1327 us
[2026-04-03T03:31:47.231+0600][36.068s][info][gc,stats    ]     CLDG                            961 us
[2026-04-03T03:31:47.231+0600][36.068s][info][gc,stats    ]     Exception Caches                  0 us
[2026-04-03T03:31:47.231+0600][36.068s][info][gc,stats    ] Pause Final Roots (G)               432 us
[2026-04-03T03:31:47.231+0600][36.068s][info][gc,stats    ] Pause Final Roots (N)                69 us
[2026-04-03T03:31:47.231+0600][36.068s][info][gc,stats    ] 
[2026-04-03T03:31:47.231+0600][36.068s][info][gc,stats    ] Allocation pacing accrued:
[2026-04-03T03:31:47.231+0600][36.068s][info][gc,stats    ]       0 of   232 ms (  0.0%): <total>
[2026-04-03T03:31:47.231+0600][36.068s][info][gc,stats    ]       0 of   232 ms (  0.0%): <average total>
[2026-04-03T03:31:47.231+0600][36.068s][info][gc,stats    ] 
[2026-04-03T03:31:47.231+0600][36.068s][info][gc,metaspace] Metaspace: 72608K(73472K)->72144K(73472K) NonClass: 63314K(63808K)->62935K(63808K) Class: 9293K(9664K)->9209K(9664K)
[2026-04-03T03:31:47.231+0600][36.068s][info][gc,ergo     ] Pacer for Idle. Initial: 30720K, Alloc Tax Rate: 1.0x
[2026-04-03T03:31:47.231+0600][36.068s][info][gc,start    ] Concurrent uncommit
[2026-04-03T03:31:47.423+0600][36.259s][info][gc          ] Concurrent uncommit 184M->207M(212M) 191.456ms
[2026-04-03T03:31:47.725+0600][36.562s][info][gc          ] Trigger: Learning 2 of 5. Free (1045M) is below initial threshold (1050M)
[2026-04-03T03:31:47.726+0600][36.562s][info][gc,ergo     ] Free: 1045M, Max: 512K regular, 454M humongous, Frag: 57% external, 0% internal; Reserve: 76800K, Max: 512K
[2026-04-03T03:31:47.726+0600][36.562s][info][gc,start    ] GC(26) Concurrent reset
[2026-04-03T03:31:47.726+0600][36.562s][info][gc,task     ] GC(26) Using 3 of 6 workers for concurrent reset
[2026-04-03T03:31:47.726+0600][36.562s][info][gc,ergo     ] GC(26) Pacer for Reset. Non-Taxable: 1500M
[2026-04-03T03:31:47.727+0600][36.563s][info][gc          ] GC(26) Concurrent reset 0.971ms
[2026-04-03T03:31:47.729+0600][36.566s][info][gc,start    ] GC(26) Pause Init Mark (unload classes)
[2026-04-03T03:31:47.729+0600][36.566s][info][gc,task     ] GC(26) Using 6 of 6 workers for init marking
[2026-04-03T03:31:47.729+0600][36.566s][info][gc,ergo     ] GC(26) Pacer for Mark. Expected Live: 181M, Free: 1044M, Non-Taxable: 104M, Alloc Tax Rate: 0.2x
[2026-04-03T03:31:47.729+0600][36.566s][info][gc          ] GC(26) Pause Init Mark (unload classes) 0.147ms
[2026-04-03T03:31:47.729+0600][36.566s][info][gc,start    ] GC(26) Concurrent marking roots
[2026-04-03T03:31:47.729+0600][36.566s][info][gc,task     ] GC(26) Using 3 of 6 workers for concurrent marking roots
[2026-04-03T03:31:47.730+0600][36.567s][info][gc          ] GC(26) Concurrent marking roots 1.067ms
[2026-04-03T03:31:47.731+0600][36.567s][info][gc,start    ] GC(26) Concurrent marking (unload classes)
[2026-04-03T03:31:47.731+0600][36.567s][info][gc,task     ] GC(26) Using 3 of 6 workers for concurrent marking
[2026-04-03T03:31:48.117+0600][36.954s][info][gc          ] GC(26) Concurrent marking (unload classes) 386.855ms
[2026-04-03T03:31:48.118+0600][36.954s][info][gc,start    ] GC(26) Pause Final Mark (unload classes)
[2026-04-03T03:31:48.118+0600][36.954s][info][gc,task     ] GC(26) Using 6 of 6 workers for final marking
[2026-04-03T03:31:48.118+0600][36.955s][info][gc,ergo     ] GC(26) Adaptive CSet Selection. Target Free: 212M, Actual Free: 937M, Max CSet: 64000K, Min Garbage: 0B
[2026-04-03T03:31:48.118+0600][36.955s][info][gc,ergo     ] GC(26) Collectable Garbage: 154M (96%), Immediate: 19992K (12%), CSet: 135M (84%)
[2026-04-03T03:31:48.118+0600][36.955s][info][gc,ergo     ] GC(26) Pacer for Evacuation. Used CSet: 190M, Free: 867M, Non-Taxable: 88881K, Alloc Tax Rate: 1.1x
[2026-04-03T03:31:48.119+0600][36.955s][info][gc          ] GC(26) Pause Final Mark (unload classes) 0.874ms
[2026-04-03T03:31:48.119+0600][36.955s][info][gc,start    ] GC(26) Concurrent thread roots
[2026-04-03T03:31:48.119+0600][36.955s][info][gc,task     ] GC(26) Using 3 of 6 workers for Concurrent thread roots
[2026-04-03T03:31:48.120+0600][36.956s][info][gc          ] GC(26) Concurrent thread roots 1.020ms
[2026-04-03T03:31:48.120+0600][36.956s][info][gc,start    ] GC(26) Concurrent weak references
[2026-04-03T03:31:48.120+0600][36.956s][info][gc,task     ] GC(26) Using 3 of 6 workers for concurrent weak references
[2026-04-03T03:31:48.120+0600][36.957s][info][gc,ref      ] GC(26) Encountered references: Soft: 3157, Weak: 6340, Final: 84, Phantom: 598
[2026-04-03T03:31:48.120+0600][36.957s][info][gc,ref      ] GC(26) Discovered  references: Soft: 0, Weak: 1238, Final: 2, Phantom: 595
[2026-04-03T03:31:48.120+0600][36.957s][info][gc,ref      ] GC(26) Enqueued    references: Soft: 0, Weak: 122, Final: 0, Phantom: 0
[2026-04-03T03:31:48.120+0600][36.957s][info][gc          ] GC(26) Concurrent weak references 0.702ms
[2026-04-03T03:31:48.121+0600][36.957s][info][gc,start    ] GC(26) Concurrent weak roots
[2026-04-03T03:31:48.121+0600][36.957s][info][gc,task     ] GC(26) Using 3 of 6 workers for concurrent weak root
[2026-04-03T03:31:48.125+0600][36.961s][info][gc          ] GC(26) Concurrent weak roots 4.106ms
[2026-04-03T03:31:48.125+0600][36.961s][info][gc,start    ] GC(26) Concurrent cleanup
[2026-04-03T03:31:48.125+0600][36.962s][info][gc          ] GC(26) Concurrent cleanup 572M->553M(586M) 0.263ms
[2026-04-03T03:31:48.125+0600][36.962s][info][gc,ergo     ] GC(26) Free: 863M, Max: 512K regular, 454M humongous, Frag: 48% external, 0% internal; Reserve: 76159K, Max: 512K
[2026-04-03T03:31:48.125+0600][36.962s][info][gc,start    ] GC(26) Concurrent class unloading
[2026-04-03T03:31:48.125+0600][36.962s][info][gc,task     ] GC(26) Using 3 of 6 workers for concurrent class unloading
[2026-04-03T03:31:48.152+0600][36.989s][info][gc          ] GC(26) Concurrent class unloading 27.356ms
[2026-04-03T03:31:48.153+0600][36.989s][info][gc,start    ] GC(26) Concurrent strong roots
[2026-04-03T03:31:48.153+0600][36.989s][info][gc,task     ] GC(26) Using 3 of 6 workers for concurrent strong root
[2026-04-03T03:31:48.155+0600][36.991s][info][gc          ] GC(26) Concurrent strong roots 1.943ms
[2026-04-03T03:31:48.155+0600][36.991s][info][gc,start    ] GC(26) Concurrent evacuation
[2026-04-03T03:31:48.155+0600][36.991s][info][gc,task     ] GC(26) Using 3 of 6 workers for concurrent evacuation
[2026-04-03T03:31:48.229+0600][37.066s][info][gc          ] GC(26) Concurrent evacuation 74.606ms
[2026-04-03T03:31:48.230+0600][37.066s][info][gc,start    ] GC(26) Pause Init Update Refs
[2026-04-03T03:31:48.230+0600][37.066s][info][gc,ergo     ] GC(26) Pacer for Update Refs. Used: 667M, Free: 804M, Non-Taxable: 82430K, Alloc Tax Rate: 1.1x
[2026-04-03T03:31:48.230+0600][37.066s][info][gc          ] GC(26) Pause Init Update Refs 0.106ms
[2026-04-03T03:31:48.230+0600][37.066s][info][gc,start    ] GC(26) Concurrent update references
[2026-04-03T03:31:48.230+0600][37.066s][info][gc,task     ] GC(26) Using 3 of 6 workers for concurrent reference update
[2026-04-03T03:31:48.427+0600][37.263s][info][gc          ] GC(26) Concurrent update references 196.958ms
[2026-04-03T03:31:48.427+0600][37.263s][info][gc,start    ] GC(26) Concurrent update thread roots
[2026-04-03T03:31:48.428+0600][37.265s][info][gc          ] GC(26) Concurrent update thread roots 1.177ms
[2026-04-03T03:31:48.428+0600][37.265s][info][gc,start    ] GC(26) Pause Final Update Refs
[2026-04-03T03:31:48.428+0600][37.265s][info][gc,task     ] GC(26) Using 6 of 6 workers for final reference update
[2026-04-03T03:31:48.428+0600][37.265s][info][gc          ] GC(26) Pause Final Update Refs 0.184ms
[2026-04-03T03:31:48.428+0600][37.265s][info][gc,start    ] GC(26) Concurrent cleanup
[2026-04-03T03:31:48.429+0600][37.265s][info][gc          ] GC(26) Concurrent cleanup 784M->594M(794M) 0.315ms
[2026-04-03T03:31:48.429+0600][37.265s][info][gc,ergo     ] Free: 821M, Max: 512K regular, 316M humongous, Frag: 62% external, 0% internal; Reserve: 76800K, Max: 512K
[2026-04-03T03:31:48.429+0600][37.266s][info][gc,stats    ] 
[2026-04-03T03:31:48.429+0600][37.266s][info][gc,stats    ] All times are wall-clock times, except per-root-class counters, that are sum over
[2026-04-03T03:31:48.429+0600][37.266s][info][gc,stats    ] all workers. Dividing the <total> over the root stage time estimates parallelism.
[2026-04-03T03:31:48.429+0600][37.266s][info][gc,stats    ] 
[2026-04-03T03:31:48.429+0600][37.266s][info][gc,stats    ] Concurrent Reset                   1042 us
[2026-04-03T03:31:48.429+0600][37.266s][info][gc,stats    ] Pause Init Mark (G)                2742 us
[2026-04-03T03:31:48.429+0600][37.266s][info][gc,stats    ] Pause Init Mark (N)                 159 us
[2026-04-03T03:31:48.429+0600][37.266s][info][gc,stats    ]   Update Region States               42 us
[2026-04-03T03:31:48.429+0600][37.266s][info][gc,stats    ] Concurrent Mark Roots              1117 us, parallelism: 1.81x
[2026-04-03T03:31:48.429+0600][37.266s][info][gc,stats    ]   CMR: <total>                     2017 us
[2026-04-03T03:31:48.429+0600][37.266s][info][gc,stats    ]   CMR: Thread Roots                1756 us, workers (us): 445, 657, 654, ---, ---, ---, 
[2026-04-03T03:31:48.429+0600][37.266s][info][gc,stats    ]   CMR: VM Strong Roots               49 us, workers (us):  47,   1,   1, ---, ---, ---, 
[2026-04-03T03:31:48.429+0600][37.266s][info][gc,stats    ]   CMR: CLDG Roots                   213 us, workers (us): 213, ---, ---, ---, ---, ---, 
[2026-04-03T03:31:48.429+0600][37.266s][info][gc,stats    ] Concurrent Marking               386967 us
[2026-04-03T03:31:48.429+0600][37.266s][info][gc,stats    ] Pause Final Mark (G)               1184 us
[2026-04-03T03:31:48.429+0600][37.266s][info][gc,stats    ] Pause Final Mark (N)                892 us
[2026-04-03T03:31:48.429+0600][37.266s][info][gc,stats    ]   Finish Mark                       260 us
[2026-04-03T03:31:48.429+0600][37.266s][info][gc,stats    ]   Update Region States               68 us
[2026-04-03T03:31:48.429+0600][37.266s][info][gc,stats    ]   Choose Collection Set             338 us
[2026-04-03T03:31:48.429+0600][37.266s][info][gc,stats    ]   Rebuild Free Set                   40 us
[2026-04-03T03:31:48.429+0600][37.266s][info][gc,stats    ] Concurrent Thread Roots            1124 us, parallelism: 2.02x
[2026-04-03T03:31:48.429+0600][37.266s][info][gc,stats    ]   CTR: <total>                     2274 us
[2026-04-03T03:31:48.429+0600][37.266s][info][gc,stats    ]   CTR: Thread Roots                2274 us, workers (us): 799, 751, 724, ---, ---, ---, 
[2026-04-03T03:31:48.429+0600][37.266s][info][gc,stats    ] Concurrent Weak References          723 us, parallelism: 0.85x
[2026-04-03T03:31:48.429+0600][37.266s][info][gc,stats    ]   CWRF: <total>                     614 us
[2026-04-03T03:31:48.429+0600][37.266s][info][gc,stats    ]   CWRF: Weak References             614 us, workers (us): 411,  35, 168, ---, ---, ---, 
[2026-04-03T03:31:48.429+0600][37.266s][info][gc,stats    ] Concurrent Weak Roots              4232 us
[2026-04-03T03:31:48.429+0600][37.266s][info][gc,stats    ]   Roots                            3752 us, parallelism: 2.71x
[2026-04-03T03:31:48.429+0600][37.266s][info][gc,stats    ]     CWR: <total>                  10165 us
[2026-04-03T03:31:48.429+0600][37.266s][info][gc,stats    ]     CWR: Code Cache Roots          6491 us, workers (us): 2107, 2159, 2225, ---, ---, ---, 
[2026-04-03T03:31:48.429+0600][37.266s][info][gc,stats    ]     CWR: VM Weak Roots             3549 us, workers (us): 1191, 1202, 1156, ---, ---, ---, 
[2026-04-03T03:31:48.429+0600][37.266s][info][gc,stats    ]     CWR: CLDG Roots                 125 us, workers (us): 125, ---, ---, ---, ---, ---, 
[2026-04-03T03:31:48.429+0600][37.266s][info][gc,stats    ]   Rendezvous                        315 us
[2026-04-03T03:31:48.429+0600][37.266s][info][gc,stats    ] Concurrent Cleanup                  283 us
[2026-04-03T03:31:48.429+0600][37.266s][info][gc,stats    ] Concurrent Class Unloading        27474 us
[2026-04-03T03:31:48.429+0600][37.266s][info][gc,stats    ]   Unlink Stale                    26384 us
[2026-04-03T03:31:48.429+0600][37.266s][info][gc,stats    ]     System Dictionary               491 us
[2026-04-03T03:31:48.429+0600][37.266s][info][gc,stats    ]     Weak Class Links              17388 us
[2026-04-03T03:31:48.429+0600][37.266s][info][gc,stats    ]     Code Roots                     8498 us
[2026-04-03T03:31:48.429+0600][37.266s][info][gc,stats    ]   Rendezvous                        307 us
[2026-04-03T03:31:48.429+0600][37.266s][info][gc,stats    ]   Purge Unlinked                    622 us
[2026-04-03T03:31:48.429+0600][37.266s][info][gc,stats    ]     Code Roots                      516 us
[2026-04-03T03:31:48.429+0600][37.266s][info][gc,stats    ]     CLDG                            105 us
[2026-04-03T03:31:48.429+0600][37.266s][info][gc,stats    ]     Exception Caches                  1 us
[2026-04-03T03:31:48.429+0600][37.266s][info][gc,stats    ] Concurrent Strong Roots            2073 us, parallelism: 0.70x
[2026-04-03T03:31:48.429+0600][37.266s][info][gc,stats    ]   CSR: <total>                     1460 us
[2026-04-03T03:31:48.429+0600][37.266s][info][gc,stats    ]   CSR: VM Strong Roots               77 us, workers (us):  54,  23,   0, ---, ---, ---, 
[2026-04-03T03:31:48.429+0600][37.266s][info][gc,stats    ]   CSR: CLDG Roots                  1383 us, workers (us): 1383, ---, ---, ---, ---, ---, 
[2026-04-03T03:31:48.429+0600][37.266s][info][gc,stats    ] Concurrent Evacuation             74717 us
[2026-04-03T03:31:48.429+0600][37.266s][info][gc,stats    ] Pause Init Update Refs (G)          307 us
[2026-04-03T03:31:48.429+0600][37.266s][info][gc,stats    ] Pause Init Update Refs (N)          123 us
[2026-04-03T03:31:48.429+0600][37.266s][info][gc,stats    ]   Manage GCLABs                      37 us
[2026-04-03T03:31:48.429+0600][37.266s][info][gc,stats    ] Concurrent Update Refs           197088 us
[2026-04-03T03:31:48.429+0600][37.266s][info][gc,stats    ] Concurrent Update Thread Roots     1226 us
[2026-04-03T03:31:48.429+0600][37.266s][info][gc,stats    ] Pause Final Update Refs (G)         411 us
[2026-04-03T03:31:48.429+0600][37.266s][info][gc,stats    ] Pause Final Update Refs (N)         209 us
[2026-04-03T03:31:48.429+0600][37.266s][info][gc,stats    ]   Update Region States               65 us
[2026-04-03T03:31:48.429+0600][37.266s][info][gc,stats    ]   Trash Collection Set               17 us
[2026-04-03T03:31:48.429+0600][37.266s][info][gc,stats    ]   Rebuild Free Set                   38 us
[2026-04-03T03:31:48.429+0600][37.266s][info][gc,stats    ] Concurrent Cleanup                  342 us
[2026-04-03T03:31:48.429+0600][37.266s][info][gc,stats    ] Pacing                            25600 us
[2026-04-03T03:31:48.429+0600][37.266s][info][gc,stats    ] 
[2026-04-03T03:31:48.429+0600][37.266s][info][gc,stats    ] Allocation pacing accrued:
[2026-04-03T03:31:48.429+0600][37.266s][info][gc,stats    ]       9 of  1198 ms (  0.7%): Executor task launch worker for task 2.0 in stage 14.0 (TID 23)
[2026-04-03T03:31:48.430+0600][37.266s][info][gc,stats    ]       7 of  1198 ms (  0.6%): Executor task launch worker for task 1.0 in stage 14.0 (TID 22)
[2026-04-03T03:31:48.430+0600][37.266s][info][gc,stats    ]      10 of  1198 ms (  0.8%): Executor task launch worker for task 0.0 in stage 14.0 (TID 21)
[2026-04-03T03:31:48.430+0600][37.266s][info][gc,stats    ]      26 of  1198 ms (  2.1%): <total>
[2026-04-03T03:31:48.430+0600][37.266s][info][gc,stats    ]       0 of  1198 ms (  0.0%): <average total>
[2026-04-03T03:31:48.430+0600][37.266s][info][gc,stats    ]       9 of  1198 ms (  0.7%): <average non-zero>
[2026-04-03T03:31:48.430+0600][37.266s][info][gc,stats    ] 
[2026-04-03T03:31:48.430+0600][37.266s][info][gc,metaspace] Metaspace: 72562K(73536K)->72539K(73536K) NonClass: 63290K(63872K)->63273K(63872K) Class: 9272K(9664K)->9266K(9664K)
[2026-04-03T03:31:48.430+0600][37.266s][info][gc,ergo     ] Pacer for Idle. Initial: 30720K, Alloc Tax Rate: 1.0x
[2026-04-03T03:31:48.431+0600][37.268s][info][gc          ] Trigger: Learning 3 of 5. Free (819M) is below initial threshold (1050M)
[2026-04-03T03:31:48.431+0600][37.268s][info][gc,ergo     ] Free: 819M, Max: 512K regular, 316M humongous, Frag: 62% external, 0% internal; Reserve: 76800K, Max: 512K
[2026-04-03T03:31:48.431+0600][37.268s][info][gc,start    ] GC(27) Concurrent reset
[2026-04-03T03:31:48.431+0600][37.268s][info][gc,task     ] GC(27) Using 3 of 6 workers for concurrent reset
[2026-04-03T03:31:48.431+0600][37.268s][info][gc,ergo     ] GC(27) Pacer for Reset. Non-Taxable: 1500M
[2026-04-03T03:31:48.433+0600][37.270s][info][gc          ] GC(27) Concurrent reset 2.163ms
[2026-04-03T03:31:48.433+0600][37.270s][info][gc,start    ] GC(27) Pause Init Mark (unload classes)
[2026-04-03T03:31:48.434+0600][37.270s][info][gc,task     ] GC(27) Using 6 of 6 workers for init marking
[2026-04-03T03:31:48.434+0600][37.270s][info][gc,ergo     ] GC(27) Pacer for Mark. Expected Live: 187M, Free: 817M, Non-Taxable: 83710K, Alloc Tax Rate: 0.3x
[2026-04-03T03:31:48.434+0600][37.270s][info][gc          ] GC(27) Pause Init Mark (unload classes) 0.124ms
[2026-04-03T03:31:48.434+0600][37.270s][info][gc,start    ] GC(27) Concurrent marking roots
[2026-04-03T03:31:48.434+0600][37.270s][info][gc,task     ] GC(27) Using 3 of 6 workers for concurrent marking roots
[2026-04-03T03:31:48.435+0600][37.272s][info][gc          ] GC(27) Concurrent marking roots 1.171ms
[2026-04-03T03:31:48.435+0600][37.272s][info][gc,start    ] GC(27) Concurrent marking (unload classes)
[2026-04-03T03:31:48.435+0600][37.272s][info][gc,task     ] GC(27) Using 3 of 6 workers for concurrent marking
[2026-04-03T03:31:48.815+0600][37.652s][info][gc          ] GC(27) Concurrent marking (unload classes) 380.243ms
[2026-04-03T03:31:48.815+0600][37.652s][info][gc,start    ] GC(27) Pause Final Mark (unload classes)
[2026-04-03T03:31:48.815+0600][37.652s][info][gc,task     ] GC(27) Using 6 of 6 workers for final marking
[2026-04-03T03:31:48.816+0600][37.652s][info][gc,ergo     ] GC(27) Adaptive CSet Selection. Target Free: 212M, Actual Free: 717M, Max CSet: 64000K, Min Garbage: 0B
[2026-04-03T03:31:48.816+0600][37.653s][info][gc,ergo     ] GC(27) Collectable Garbage: 331M (98%), Immediate: 6656K (1%), CSet: 325M (96%)
[2026-04-03T03:31:48.816+0600][37.653s][info][gc,ergo     ] GC(27) Pacer for Evacuation. Used CSet: 373M, Free: 645M, Non-Taxable: 66148K, Alloc Tax Rate: 1.4x
[2026-04-03T03:31:48.816+0600][37.653s][info][gc          ] GC(27) Pause Final Mark (unload classes) 0.660ms
[2026-04-03T03:31:48.816+0600][37.653s][info][gc,start    ] GC(27) Concurrent thread roots
[2026-04-03T03:31:48.816+0600][37.653s][info][gc,task     ] GC(27) Using 3 of 6 workers for Concurrent thread roots
[2026-04-03T03:31:48.817+0600][37.653s][info][gc          ] GC(27) Concurrent thread roots 0.635ms
[2026-04-03T03:31:48.817+0600][37.654s][info][gc,start    ] GC(27) Concurrent weak references
[2026-04-03T03:31:48.817+0600][37.654s][info][gc,task     ] GC(27) Using 3 of 6 workers for concurrent weak references
[2026-04-03T03:31:48.817+0600][37.654s][info][gc,ref      ] GC(27) Encountered references: Soft: 3157, Weak: 6218, Final: 84, Phantom: 598
[2026-04-03T03:31:48.817+0600][37.654s][info][gc,ref      ] GC(27) Discovered  references: Soft: 0, Weak: 1065, Final: 2, Phantom: 595
[2026-04-03T03:31:48.817+0600][37.654s][info][gc,ref      ] GC(27) Enqueued    references: Soft: 0, Weak: 0, Final: 0, Phantom: 0
[2026-04-03T03:31:48.817+0600][37.654s][info][gc          ] GC(27) Concurrent weak references 0.363ms
[2026-04-03T03:31:48.817+0600][37.654s][info][gc,start    ] GC(27) Concurrent weak roots
[2026-04-03T03:31:48.817+0600][37.654s][info][gc,task     ] GC(27) Using 3 of 6 workers for concurrent weak root
[2026-04-03T03:31:48.820+0600][37.656s][info][gc          ] GC(27) Concurrent weak roots 2.327ms
[2026-04-03T03:31:48.820+0600][37.656s][info][gc,start    ] GC(27) Concurrent cleanup
[2026-04-03T03:31:48.820+0600][37.657s][info][gc          ] GC(27) Concurrent cleanup 781M->775M(807M) 0.227ms
[2026-04-03T03:31:48.820+0600][37.657s][info][gc,ergo     ] GC(27) Free: 642M, Max: 512K regular, 316M humongous, Frag: 51% external, 0% internal; Reserve: 76415K, Max: 512K
[2026-04-03T03:31:48.820+0600][37.657s][info][gc,start    ] GC(27) Concurrent class unloading
[2026-04-03T03:31:48.820+0600][37.657s][info][gc,task     ] GC(27) Using 3 of 6 workers for concurrent class unloading
[2026-04-03T03:31:48.826+0600][37.663s][info][gc          ] GC(27) Concurrent class unloading 6.403ms
[2026-04-03T03:31:48.826+0600][37.663s][info][gc,start    ] GC(27) Concurrent strong roots
[2026-04-03T03:31:48.826+0600][37.663s][info][gc,task     ] GC(27) Using 3 of 6 workers for concurrent strong root
[2026-04-03T03:31:48.827+0600][37.664s][info][gc          ] GC(27) Concurrent strong roots 0.926ms
[2026-04-03T03:31:48.827+0600][37.664s][info][gc,start    ] GC(27) Concurrent evacuation
[2026-04-03T03:31:48.827+0600][37.664s][info][gc,task     ] GC(27) Using 3 of 6 workers for concurrent evacuation
[2026-04-03T03:31:48.889+0600][37.726s][info][gc          ] GC(27) Concurrent evacuation 61.459ms
[2026-04-03T03:31:48.889+0600][37.726s][info][gc,start    ] GC(27) Pause Init Update Refs
[2026-04-03T03:31:48.889+0600][37.726s][info][gc,ergo     ] GC(27) Pacer for Update Refs. Used: 862M, Free: 605M, Non-Taxable: 62001K, Alloc Tax Rate: 1.7x
[2026-04-03T03:31:48.889+0600][37.726s][info][gc          ] GC(27) Pause Init Update Refs 0.091ms
[2026-04-03T03:31:48.889+0600][37.726s][info][gc,start    ] GC(27) Concurrent update references
[2026-04-03T03:31:48.889+0600][37.726s][info][gc,task     ] GC(27) Using 3 of 6 workers for concurrent reference update
[2026-04-03T03:31:49.134+0600][37.971s][info][gc          ] GC(27) Concurrent update references 244.849ms
[2026-04-03T03:31:49.134+0600][37.971s][info][gc,start    ] GC(27) Concurrent update thread roots
[2026-04-03T03:31:49.135+0600][37.972s][info][gc          ] GC(27) Concurrent update thread roots 1.259ms
[2026-04-03T03:31:49.136+0600][37.972s][info][gc,start    ] GC(27) Pause Final Update Refs
[2026-04-03T03:31:49.136+0600][37.972s][info][gc,task     ] GC(27) Using 6 of 6 workers for final reference update
[2026-04-03T03:31:49.136+0600][37.973s][info][gc          ] GC(27) Pause Final Update Refs 0.226ms
[2026-04-03T03:31:49.136+0600][37.973s][info][gc,start    ] GC(27) Concurrent cleanup
[2026-04-03T03:31:49.136+0600][37.973s][info][gc          ] GC(27) Concurrent cleanup 1017M->644M(1025M) 0.341ms
[2026-04-03T03:31:49.137+0600][37.973s][info][gc,ergo     ] Free: 773M, Max: 512K regular, 268M humongous, Frag: 66% external, 0% internal; Reserve: 76800K, Max: 512K
[2026-04-03T03:31:49.137+0600][37.973s][info][gc,stats    ] 
[2026-04-03T03:31:49.137+0600][37.973s][info][gc,stats    ] All times are wall-clock times, except per-root-class counters, that are sum over
[2026-04-03T03:31:49.137+0600][37.973s][info][gc,stats    ] all workers. Dividing the <total> over the root stage time estimates parallelism.
[2026-04-03T03:31:49.137+0600][37.973s][info][gc,stats    ] 
[2026-04-03T03:31:49.137+0600][37.973s][info][gc,stats    ] Concurrent Reset                   2243 us
[2026-04-03T03:31:49.137+0600][37.973s][info][gc,stats    ] Pause Init Mark (G)                 332 us
[2026-04-03T03:31:49.137+0600][37.973s][info][gc,stats    ] Pause Init Mark (N)                 138 us
[2026-04-03T03:31:49.137+0600][37.973s][info][gc,stats    ]   Update Region States               28 us
[2026-04-03T03:31:49.137+0600][37.973s][info][gc,stats    ] Concurrent Mark Roots              1272 us, parallelism: 1.39x
[2026-04-03T03:31:49.137+0600][37.973s][info][gc,stats    ]   CMR: <total>                     1771 us
[2026-04-03T03:31:49.137+0600][37.973s][info][gc,stats    ]   CMR: Thread Roots                1295 us, workers (us): 541, 219, 535, ---, ---, ---, 
[2026-04-03T03:31:49.137+0600][37.973s][info][gc,stats    ]   CMR: VM Strong Roots              153 us, workers (us):  56,  47,  50, ---, ---, ---, 
[2026-04-03T03:31:49.137+0600][37.973s][info][gc,stats    ]   CMR: CLDG Roots                   323 us, workers (us): ---, 323, ---, ---, ---, ---, 
[2026-04-03T03:31:49.137+0600][37.973s][info][gc,stats    ] Concurrent Marking               380333 us
[2026-04-03T03:31:49.137+0600][37.973s][info][gc,stats    ] Pause Final Mark (G)                914 us
[2026-04-03T03:31:49.137+0600][37.973s][info][gc,stats    ] Pause Final Mark (N)                670 us
[2026-04-03T03:31:49.137+0600][37.973s][info][gc,stats    ]   Finish Mark                       126 us
[2026-04-03T03:31:49.137+0600][37.974s][info][gc,stats    ]   Update Region States               64 us
[2026-04-03T03:31:49.137+0600][37.974s][info][gc,stats    ]   Choose Collection Set             319 us
[2026-04-03T03:31:49.137+0600][37.974s][info][gc,stats    ]   Rebuild Free Set                   31 us
[2026-04-03T03:31:49.137+0600][37.974s][info][gc,stats    ] Concurrent Thread Roots             678 us, parallelism: 1.98x
[2026-04-03T03:31:49.137+0600][37.974s][info][gc,stats    ]   CTR: <total>                     1340 us
[2026-04-03T03:31:49.137+0600][37.974s][info][gc,stats    ]   CTR: Thread Roots                1340 us, workers (us): 462, 456, 423, ---, ---, ---, 
[2026-04-03T03:31:49.137+0600][37.974s][info][gc,stats    ] Concurrent Weak References          375 us, parallelism: 0.61x
[2026-04-03T03:31:49.137+0600][37.974s][info][gc,stats    ]   CWRF: <total>                     230 us
[2026-04-03T03:31:49.137+0600][37.974s][info][gc,stats    ]   CWRF: Weak References             230 us, workers (us):  73, 113,  44, ---, ---, ---, 
[2026-04-03T03:31:49.137+0600][37.974s][info][gc,stats    ] Concurrent Weak Roots              2399 us
[2026-04-03T03:31:49.137+0600][37.974s][info][gc,stats    ]   Roots                            2144 us, parallelism: 2.54x
[2026-04-03T03:31:49.137+0600][37.974s][info][gc,stats    ]     CWR: <total>                   5452 us
[2026-04-03T03:31:49.137+0600][37.974s][info][gc,stats    ]     CWR: Code Cache Roots          3835 us, workers (us): 1149, 1349, 1337, ---, ---, ---, 
[2026-04-03T03:31:49.137+0600][37.974s][info][gc,stats    ]     CWR: VM Weak Roots             1515 us, workers (us): 552, 499, 464, ---, ---, ---, 
[2026-04-03T03:31:49.137+0600][37.974s][info][gc,stats    ]     CWR: CLDG Roots                 101 us, workers (us): 101, ---, ---, ---, ---, ---, 
[2026-04-03T03:31:49.137+0600][37.974s][info][gc,stats    ]   Rendezvous                        155 us
[2026-04-03T03:31:49.137+0600][37.974s][info][gc,stats    ] Concurrent Cleanup                  247 us
[2026-04-03T03:31:49.137+0600][37.974s][info][gc,stats    ] Concurrent Class Unloading         6481 us
[2026-04-03T03:31:49.137+0600][37.974s][info][gc,stats    ]   Unlink Stale                     6013 us
[2026-04-03T03:31:49.137+0600][37.974s][info][gc,stats    ]     System Dictionary               108 us
[2026-04-03T03:31:49.137+0600][37.974s][info][gc,stats    ]     Weak Class Links                  1 us
[2026-04-03T03:31:49.137+0600][37.974s][info][gc,stats    ]     Code Roots                     5899 us
[2026-04-03T03:31:49.137+0600][37.974s][info][gc,stats    ]   Rendezvous                        298 us
[2026-04-03T03:31:49.137+0600][37.974s][info][gc,stats    ]   Purge Unlinked                     16 us
[2026-04-03T03:31:49.137+0600][37.974s][info][gc,stats    ]     Code Roots                        5 us
[2026-04-03T03:31:49.137+0600][37.974s][info][gc,stats    ]     CLDG                             10 us
[2026-04-03T03:31:49.137+0600][37.974s][info][gc,stats    ]     Exception Caches                  0 us
[2026-04-03T03:31:49.137+0600][37.974s][info][gc,stats    ] Concurrent Strong Roots             987 us, parallelism: 0.62x
[2026-04-03T03:31:49.137+0600][37.974s][info][gc,stats    ]   CSR: <total>                      612 us
[2026-04-03T03:31:49.137+0600][37.974s][info][gc,stats    ]   CSR: VM Strong Roots               31 us, workers (us):  29,   2,   0, ---, ---, ---, 
[2026-04-03T03:31:49.137+0600][37.974s][info][gc,stats    ]   CSR: CLDG Roots                   581 us, workers (us): 581, ---, ---, ---, ---, ---, 
[2026-04-03T03:31:49.137+0600][37.974s][info][gc,stats    ] Concurrent Evacuation             61515 us
[2026-04-03T03:31:49.137+0600][37.974s][info][gc,stats    ] Pause Init Update Refs (G)          247 us
[2026-04-03T03:31:49.137+0600][37.974s][info][gc,stats    ] Pause Init Update Refs (N)          104 us
[2026-04-03T03:31:49.137+0600][37.974s][info][gc,stats    ]   Manage GCLABs                      16 us
[2026-04-03T03:31:49.137+0600][37.974s][info][gc,stats    ] Concurrent Update Refs           244956 us
[2026-04-03T03:31:49.137+0600][37.974s][info][gc,stats    ] Concurrent Update Thread Roots     1376 us
[2026-04-03T03:31:49.137+0600][37.974s][info][gc,stats    ] Pause Final Update Refs (G)         598 us
[2026-04-03T03:31:49.137+0600][37.974s][info][gc,stats    ] Pause Final Update Refs (N)         242 us
[2026-04-03T03:31:49.137+0600][37.974s][info][gc,stats    ]   Update Region States               57 us
[2026-04-03T03:31:49.137+0600][37.974s][info][gc,stats    ]   Trash Collection Set               17 us
[2026-04-03T03:31:49.137+0600][37.974s][info][gc,stats    ]   Rebuild Free Set                   37 us
[2026-04-03T03:31:49.137+0600][37.974s][info][gc,stats    ] Concurrent Cleanup                  367 us
[2026-04-03T03:31:49.137+0600][37.974s][info][gc,stats    ] Pacing                           373720 us
[2026-04-03T03:31:49.137+0600][37.974s][info][gc,stats    ] 
[2026-04-03T03:31:49.137+0600][37.974s][info][gc,stats    ] Allocation pacing accrued:
[2026-04-03T03:31:49.137+0600][37.974s][info][gc,stats    ]     120 of   708 ms ( 17.0%): Executor task launch worker for task 2.0 in stage 14.0 (TID 23)
[2026-04-03T03:31:49.137+0600][37.974s][info][gc,stats    ]     121 of   708 ms ( 17.1%): Executor task launch worker for task 1.0 in stage 14.0 (TID 22)
[2026-04-03T03:31:49.137+0600][37.974s][info][gc,stats    ]     133 of   708 ms ( 18.7%): Executor task launch worker for task 0.0 in stage 14.0 (TID 21)
[2026-04-03T03:31:49.137+0600][37.974s][info][gc,stats    ]     374 of   708 ms ( 52.8%): <total>
[2026-04-03T03:31:49.137+0600][37.974s][info][gc,stats    ]       3 of   708 ms (  0.4%): <average total>
[2026-04-03T03:31:49.137+0600][37.974s][info][gc,stats    ]     125 of   708 ms ( 17.6%): <average non-zero>
[2026-04-03T03:31:49.137+0600][37.974s][info][gc,stats    ] 
[2026-04-03T03:31:49.137+0600][37.974s][info][gc,metaspace] Metaspace: 72539K(73536K)->72539K(73536K) NonClass: 63273K(63872K)->63273K(63872K) Class: 9266K(9664K)->9266K(9664K)
[2026-04-03T03:31:49.137+0600][37.974s][info][gc,ergo     ] Pacer for Idle. Initial: 30720K, Alloc Tax Rate: 1.0x
[2026-04-03T03:31:49.139+0600][37.975s][info][gc          ] Trigger: Learning 4 of 5. Free (771M) is below initial threshold (1050M)
[2026-04-03T03:31:49.139+0600][37.975s][info][gc,ergo     ] Free: 771M, Max: 512K regular, 268M humongous, Frag: 66% external, 0% internal; Reserve: 76800K, Max: 512K
[2026-04-03T03:31:49.139+0600][37.975s][info][gc,start    ] GC(28) Concurrent reset
[2026-04-03T03:31:49.139+0600][37.976s][info][gc,task     ] GC(28) Using 3 of 6 workers for concurrent reset
[2026-04-03T03:31:49.139+0600][37.976s][info][gc,ergo     ] GC(28) Pacer for Reset. Non-Taxable: 1500M
[2026-04-03T03:31:49.141+0600][37.978s][info][gc          ] GC(28) Concurrent reset 2.279ms
[2026-04-03T03:31:49.141+0600][37.978s][info][gc,start    ] GC(28) Pause Init Mark (unload classes)
[2026-04-03T03:31:49.141+0600][37.978s][info][gc,task     ] GC(28) Using 6 of 6 workers for init marking
[2026-04-03T03:31:49.141+0600][37.978s][info][gc,ergo     ] GC(28) Pacer for Mark. Expected Live: 207M, Free: 768M, Non-Taxable: 78743K, Alloc Tax Rate: 0.3x
[2026-04-03T03:31:49.142+0600][37.978s][info][gc          ] GC(28) Pause Init Mark (unload classes) 0.162ms
[2026-04-03T03:31:49.142+0600][37.978s][info][gc,start    ] GC(28) Concurrent marking roots
[2026-04-03T03:31:49.142+0600][37.978s][info][gc,task     ] GC(28) Using 3 of 6 workers for concurrent marking roots
[2026-04-03T03:31:49.143+0600][37.979s][info][gc          ] GC(28) Concurrent marking roots 1.026ms
[2026-04-03T03:31:49.143+0600][37.979s][info][gc,start    ] GC(28) Concurrent marking (unload classes)
[2026-04-03T03:31:49.143+0600][37.979s][info][gc,task     ] GC(28) Using 3 of 6 workers for concurrent marking
[2026-04-03T03:31:49.504+0600][38.341s][info][gc          ] GC(28) Concurrent marking (unload classes) 361.518ms
[2026-04-03T03:31:49.505+0600][38.341s][info][gc,start    ] GC(28) Pause Final Mark (unload classes)
[2026-04-03T03:31:49.527+0600][38.364s][info][gc,task     ] GC(28) Using 6 of 6 workers for final marking
[2026-04-03T03:31:49.528+0600][38.365s][info][gc,ergo     ] GC(28) Adaptive CSet Selection. Target Free: 212M, Actual Free: 668M, Max CSet: 64000K, Min Garbage: 0B
[2026-04-03T03:31:49.528+0600][38.365s][info][gc,ergo     ] GC(28) Collectable Garbage: 353M (97%), Immediate: 6144K (1%), CSet: 347M (96%)
[2026-04-03T03:31:49.528+0600][38.365s][info][gc,ergo     ] GC(28) Pacer for Evacuation. Used CSet: 376M, Free: 595M, Non-Taxable: 60977K, Alloc Tax Rate: 1.5x
[2026-04-03T03:31:49.528+0600][38.365s][info][gc          ] GC(28) Pause Final Mark (unload classes) 23.944ms
[2026-04-03T03:31:49.529+0600][38.365s][info][gc,start    ] GC(28) Concurrent thread roots
[2026-04-03T03:31:49.529+0600][38.365s][info][gc,task     ] GC(28) Using 3 of 6 workers for Concurrent thread roots
[2026-04-03T03:31:49.529+0600][38.366s][info][gc          ] GC(28) Concurrent thread roots 0.825ms
[2026-04-03T03:31:49.530+0600][38.366s][info][gc,start    ] GC(28) Concurrent weak references
[2026-04-03T03:31:49.530+0600][38.366s][info][gc,task     ] GC(28) Using 3 of 6 workers for concurrent weak references
[2026-04-03T03:31:49.530+0600][38.367s][info][gc,ref      ] GC(28) Encountered references: Soft: 3157, Weak: 6218, Final: 84, Phantom: 598
[2026-04-03T03:31:49.530+0600][38.367s][info][gc,ref      ] GC(28) Discovered  references: Soft: 0, Weak: 2927, Final: 50, Phantom: 595
[2026-04-03T03:31:49.530+0600][38.367s][info][gc,ref      ] GC(28) Enqueued    references: Soft: 0, Weak: 0, Final: 0, Phantom: 0
[2026-04-03T03:31:49.530+0600][38.367s][info][gc          ] GC(28) Concurrent weak references 0.708ms
[2026-04-03T03:31:49.530+0600][38.367s][info][gc,start    ] GC(28) Concurrent weak roots
[2026-04-03T03:31:49.530+0600][38.367s][info][gc,task     ] GC(28) Using 3 of 6 workers for concurrent weak root
[2026-04-03T03:31:49.532+0600][38.369s][info][gc          ] GC(28) Concurrent weak roots 2.043ms
[2026-04-03T03:31:49.532+0600][38.369s][info][gc,start    ] GC(28) Concurrent cleanup
[2026-04-03T03:31:49.533+0600][38.369s][info][gc          ] GC(28) Concurrent cleanup 833M->828M(1025M) 0.466ms
[2026-04-03T03:31:49.533+0600][38.370s][info][gc,ergo     ] GC(28) Free: 590M, Max: 512K regular, 268M humongous, Frag: 55% external, 0% internal; Reserve: 76477K, Max: 512K
[2026-04-03T03:31:49.533+0600][38.370s][info][gc,start    ] GC(28) Concurrent class unloading
[2026-04-03T03:31:49.533+0600][38.370s][info][gc,task     ] GC(28) Using 3 of 6 workers for concurrent class unloading
[2026-04-03T03:31:49.539+0600][38.375s][info][gc          ] GC(28) Concurrent class unloading 5.754ms
[2026-04-03T03:31:49.539+0600][38.375s][info][gc,start    ] GC(28) Concurrent strong roots
[2026-04-03T03:31:49.539+0600][38.375s][info][gc,task     ] GC(28) Using 3 of 6 workers for concurrent strong root
[2026-04-03T03:31:49.539+0600][38.376s][info][gc          ] GC(28) Concurrent strong roots 0.499ms
[2026-04-03T03:31:49.539+0600][38.376s][info][gc,start    ] GC(28) Concurrent evacuation
[2026-04-03T03:31:49.539+0600][38.376s][info][gc,task     ] GC(28) Using 3 of 6 workers for concurrent evacuation
[2026-04-03T03:31:49.583+0600][38.420s][info][gc          ] GC(28) Concurrent evacuation 43.587ms
[2026-04-03T03:31:49.583+0600][38.420s][info][gc,start    ] GC(28) Pause Init Update Refs
[2026-04-03T03:31:49.583+0600][38.420s][info][gc,ergo     ] GC(28) Pacer for Update Refs. Used: 895M, Free: 554M, Non-Taxable: 56830K, Alloc Tax Rate: 2.0x
[2026-04-03T03:31:49.583+0600][38.420s][info][gc          ] GC(28) Pause Init Update Refs 0.177ms
[2026-04-03T03:31:49.583+0600][38.420s][info][gc,start    ] GC(28) Concurrent update references
[2026-04-03T03:31:49.583+0600][38.420s][info][gc,task     ] GC(28) Using 3 of 6 workers for concurrent reference update
[2026-04-03T03:31:49.834+0600][38.670s][info][gc          ] GC(28) Concurrent update references 250.238ms
[2026-04-03T03:31:49.834+0600][38.670s][info][gc,start    ] GC(28) Concurrent update thread roots
[2026-04-03T03:31:49.835+0600][38.672s][info][gc          ] GC(28) Concurrent update thread roots 1.191ms
[2026-04-03T03:31:49.835+0600][38.672s][info][gc,start    ] GC(28) Pause Final Update Refs
[2026-04-03T03:31:49.835+0600][38.672s][info][gc,task     ] GC(28) Using 6 of 6 workers for final reference update
[2026-04-03T03:31:49.835+0600][38.672s][info][gc          ] GC(28) Pause Final Update Refs 0.210ms
[2026-04-03T03:31:49.836+0600][38.672s][info][gc,start    ] GC(28) Concurrent cleanup
[2026-04-03T03:31:49.836+0600][38.673s][info][gc          ] GC(28) Concurrent cleanup 1078M->702M(1084M) 0.764ms
[2026-04-03T03:31:49.836+0600][38.673s][info][gc,ergo     ] Free: 716M, Max: 512K regular, 246M humongous, Frag: 66% external, 0% internal; Reserve: 76800K, Max: 512K
[2026-04-03T03:31:49.836+0600][38.673s][info][gc,stats    ] 
[2026-04-03T03:31:49.836+0600][38.673s][info][gc,stats    ] All times are wall-clock times, except per-root-class counters, that are sum over
[2026-04-03T03:31:49.836+0600][38.673s][info][gc,stats    ] all workers. Dividing the <total> over the root stage time estimates parallelism.
[2026-04-03T03:31:49.836+0600][38.673s][info][gc,stats    ] 
[2026-04-03T03:31:49.836+0600][38.673s][info][gc,stats    ] Concurrent Reset                   2359 us
[2026-04-03T03:31:49.836+0600][38.673s][info][gc,stats    ] Pause Init Mark (G)                 408 us
[2026-04-03T03:31:49.836+0600][38.673s][info][gc,stats    ] Pause Init Mark (N)                 172 us
[2026-04-03T03:31:49.836+0600][38.673s][info][gc,stats    ]   Update Region States               43 us
[2026-04-03T03:31:49.836+0600][38.673s][info][gc,stats    ] Concurrent Mark Roots              1071 us, parallelism: 1.51x
[2026-04-03T03:31:49.836+0600][38.673s][info][gc,stats    ]   CMR: <total>                     1617 us
[2026-04-03T03:31:49.836+0600][38.673s][info][gc,stats    ]   CMR: Thread Roots                1368 us, workers (us): 327, 532, 509, ---, ---, ---, 
[2026-04-03T03:31:49.836+0600][38.673s][info][gc,stats    ]   CMR: VM Strong Roots               39 us, workers (us):  18,  19,   1, ---, ---, ---, 
[2026-04-03T03:31:49.836+0600][38.673s][info][gc,stats    ]   CMR: CLDG Roots                   210 us, workers (us): 210, ---, ---, ---, ---, ---, 
[2026-04-03T03:31:49.836+0600][38.673s][info][gc,stats    ] Concurrent Marking               361598 us
[2026-04-03T03:31:49.837+0600][38.673s][info][gc,stats    ] Pause Final Mark (G)              24390 us
[2026-04-03T03:31:49.837+0600][38.673s][info][gc,stats    ] Pause Final Mark (N)              23957 us
[2026-04-03T03:31:49.837+0600][38.673s][info][gc,stats    ]   Finish Mark                       394 us
[2026-04-03T03:31:49.837+0600][38.673s][info][gc,stats    ]   Update Region States               78 us
[2026-04-03T03:31:49.837+0600][38.673s][info][gc,stats    ]   Choose Collection Set             444 us
[2026-04-03T03:31:49.837+0600][38.673s][info][gc,stats    ]   Rebuild Free Set                   36 us
[2026-04-03T03:31:49.837+0600][38.673s][info][gc,stats    ] Concurrent Thread Roots             876 us, parallelism: 1.52x
[2026-04-03T03:31:49.837+0600][38.673s][info][gc,stats    ]   CTR: <total>                     1332 us
[2026-04-03T03:31:49.837+0600][38.673s][info][gc,stats    ]   CTR: Thread Roots                1332 us, workers (us): 423, 515, 394, ---, ---, ---, 
[2026-04-03T03:31:49.837+0600][38.673s][info][gc,stats    ] Concurrent Weak References          718 us, parallelism: 0.85x
[2026-04-03T03:31:49.837+0600][38.673s][info][gc,stats    ]   CWRF: <total>                     614 us
[2026-04-03T03:31:49.837+0600][38.673s][info][gc,stats    ]   CWRF: Weak References             614 us, workers (us): 520,  93,   1, ---, ---, ---, 
[2026-04-03T03:31:49.837+0600][38.673s][info][gc,stats    ] Concurrent Weak Roots              2097 us
[2026-04-03T03:31:49.837+0600][38.673s][info][gc,stats    ]   Roots                            1760 us, parallelism: 2.36x
[2026-04-03T03:31:49.837+0600][38.673s][info][gc,stats    ]     CWR: <total>                   4156 us
[2026-04-03T03:31:49.837+0600][38.673s][info][gc,stats    ]     CWR: Code Cache Roots          2889 us, workers (us): 1083, 940, 866, ---, ---, ---, 
[2026-04-03T03:31:49.837+0600][38.673s][info][gc,stats    ]     CWR: VM Weak Roots             1215 us, workers (us): 446, 385, 384, ---, ---, ---, 
[2026-04-03T03:31:49.837+0600][38.673s][info][gc,stats    ]     CWR: CLDG Roots                  52 us, workers (us): ---, ---,  52, ---, ---, ---, 
[2026-04-03T03:31:49.837+0600][38.673s][info][gc,stats    ]   Rendezvous                        262 us
[2026-04-03T03:31:49.837+0600][38.673s][info][gc,stats    ] Concurrent Cleanup                  481 us
[2026-04-03T03:31:49.837+0600][38.673s][info][gc,stats    ] Concurrent Class Unloading         5852 us
[2026-04-03T03:31:49.837+0600][38.673s][info][gc,stats    ]   Unlink Stale                     5367 us
[2026-04-03T03:31:49.837+0600][38.673s][info][gc,stats    ]     System Dictionary                74 us
[2026-04-03T03:31:49.837+0600][38.673s][info][gc,stats    ]     Weak Class Links                  0 us
[2026-04-03T03:31:49.837+0600][38.673s][info][gc,stats    ]     Code Roots                     5289 us
[2026-04-03T03:31:49.837+0600][38.673s][info][gc,stats    ]   Rendezvous                        351 us
[2026-04-03T03:31:49.837+0600][38.673s][info][gc,stats    ]   Purge Unlinked                     13 us
[2026-04-03T03:31:49.837+0600][38.673s][info][gc,stats    ]     Code Roots                        5 us
[2026-04-03T03:31:49.837+0600][38.673s][info][gc,stats    ]     CLDG                              7 us
[2026-04-03T03:31:49.837+0600][38.673s][info][gc,stats    ]     Exception Caches                  0 us
[2026-04-03T03:31:49.837+0600][38.673s][info][gc,stats    ] Concurrent Strong Roots             524 us, parallelism: 0.57x
[2026-04-03T03:31:49.837+0600][38.673s][info][gc,stats    ]   CSR: <total>                      298 us
[2026-04-03T03:31:49.837+0600][38.673s][info][gc,stats    ]   CSR: VM Strong Roots               19 us, workers (us):  17,   2,   0, ---, ---, ---, 
[2026-04-03T03:31:49.837+0600][38.673s][info][gc,stats    ]   CSR: CLDG Roots                   280 us, workers (us): 280, ---, ---, ---, ---, ---, 
[2026-04-03T03:31:49.837+0600][38.673s][info][gc,stats    ] Concurrent Evacuation             43675 us
[2026-04-03T03:31:49.837+0600][38.673s][info][gc,stats    ] Pause Init Update Refs (G)          423 us
[2026-04-03T03:31:49.837+0600][38.673s][info][gc,stats    ] Pause Init Update Refs (N)          192 us
[2026-04-03T03:31:49.837+0600][38.673s][info][gc,stats    ]   Manage GCLABs                      16 us
[2026-04-03T03:31:49.837+0600][38.673s][info][gc,stats    ] Concurrent Update Refs           250329 us
[2026-04-03T03:31:49.837+0600][38.673s][info][gc,stats    ] Concurrent Update Thread Roots     1256 us
[2026-04-03T03:31:49.837+0600][38.674s][info][gc,stats    ] Pause Final Update Refs (G)         533 us
[2026-04-03T03:31:49.837+0600][38.674s][info][gc,stats    ] Pause Final Update Refs (N)         239 us
[2026-04-03T03:31:49.837+0600][38.674s][info][gc,stats    ]   Update Region States               70 us
[2026-04-03T03:31:49.837+0600][38.674s][info][gc,stats    ]   Trash Collection Set               21 us
[2026-04-03T03:31:49.837+0600][38.674s][info][gc,stats    ]   Rebuild Free Set                   36 us
[2026-04-03T03:31:49.837+0600][38.674s][info][gc,stats    ] Concurrent Cleanup                  792 us
[2026-04-03T03:31:49.837+0600][38.674s][info][gc,stats    ] Pacing                           376935 us
[2026-04-03T03:31:49.837+0600][38.674s][info][gc,stats    ] 
[2026-04-03T03:31:49.837+0600][38.674s][info][gc,stats    ] Allocation pacing accrued:
[2026-04-03T03:31:49.837+0600][38.674s][info][gc,stats    ]     131 of   700 ms ( 18.7%): Executor task launch worker for task 2.0 in stage 14.0 (TID 23)
[2026-04-03T03:31:49.837+0600][38.674s][info][gc,stats    ]     124 of   700 ms ( 17.7%): Executor task launch worker for task 1.0 in stage 14.0 (TID 22)
[2026-04-03T03:31:49.837+0600][38.674s][info][gc,stats    ]     123 of   700 ms ( 17.5%): Executor task launch worker for task 0.0 in stage 14.0 (TID 21)
[2026-04-03T03:31:49.837+0600][38.674s][info][gc,stats    ]     377 of   700 ms ( 53.9%): <total>
[2026-04-03T03:31:49.837+0600][38.674s][info][gc,stats    ]       3 of   700 ms (  0.4%): <average total>
[2026-04-03T03:31:49.837+0600][38.674s][info][gc,stats    ]     126 of   700 ms ( 18.0%): <average non-zero>
[2026-04-03T03:31:49.837+0600][38.674s][info][gc,stats    ] 
[2026-04-03T03:31:49.837+0600][38.674s][info][gc,metaspace] Metaspace: 72539K(73536K)->72539K(73536K) NonClass: 63273K(63872K)->63273K(63872K) Class: 9266K(9664K)->9266K(9664K)
[2026-04-03T03:31:49.837+0600][38.674s][info][gc,ergo     ] Pacer for Idle. Initial: 30720K, Alloc Tax Rate: 1.0x
[2026-04-03T03:31:49.838+0600][38.675s][info][gc          ] Trigger: Learning 5 of 5. Free (714M) is below initial threshold (1050M)
[2026-04-03T03:31:49.838+0600][38.675s][info][gc,ergo     ] Free: 714M, Max: 512K regular, 246M humongous, Frag: 66% external, 0% internal; Reserve: 76800K, Max: 512K
[2026-04-03T03:31:49.838+0600][38.675s][info][gc,start    ] GC(29) Concurrent reset
[2026-04-03T03:31:49.838+0600][38.675s][info][gc,task     ] GC(29) Using 3 of 6 workers for concurrent reset
[2026-04-03T03:31:49.838+0600][38.675s][info][gc,ergo     ] GC(29) Pacer for Reset. Non-Taxable: 1500M
[2026-04-03T03:31:49.840+0600][38.677s][info][gc          ] GC(29) Concurrent reset 2.253ms
[2026-04-03T03:31:49.841+0600][38.677s][info][gc,start    ] GC(29) Pause Init Mark (unload classes)
[2026-04-03T03:31:49.841+0600][38.677s][info][gc,task     ] GC(29) Using 6 of 6 workers for init marking
[2026-04-03T03:31:49.841+0600][38.678s][info][gc,ergo     ] GC(29) Pacer for Mark. Expected Live: 222M, Free: 712M, Non-Taxable: 72958K, Alloc Tax Rate: 0.4x
[2026-04-03T03:31:49.841+0600][38.678s][info][gc          ] GC(29) Pause Init Mark (unload classes) 0.378ms
[2026-04-03T03:31:49.841+0600][38.678s][info][gc,start    ] GC(29) Concurrent marking roots
[2026-04-03T03:31:49.841+0600][38.678s][info][gc,task     ] GC(29) Using 3 of 6 workers for concurrent marking roots
[2026-04-03T03:31:49.842+0600][38.679s][info][gc          ] GC(29) Concurrent marking roots 1.084ms
[2026-04-03T03:31:49.842+0600][38.679s][info][gc,start    ] GC(29) Concurrent marking (unload classes)
[2026-04-03T03:31:49.842+0600][38.679s][info][gc,task     ] GC(29) Using 3 of 6 workers for concurrent marking
[2026-04-03T03:31:50.221+0600][39.058s][info][gc          ] GC(29) Concurrent marking (unload classes) 378.771ms
[2026-04-03T03:31:50.221+0600][39.058s][info][gc,start    ] GC(29) Pause Final Mark (unload classes)
[2026-04-03T03:31:50.221+0600][39.058s][info][gc,task     ] GC(29) Using 6 of 6 workers for final marking
[2026-04-03T03:31:50.222+0600][39.058s][info][gc,ergo     ] GC(29) Adaptive CSet Selection. Target Free: 212M, Actual Free: 624M, Max CSet: 64000K, Min Garbage: 0B
[2026-04-03T03:31:50.222+0600][39.059s][info][gc,ergo     ] GC(29) Collectable Garbage: 392M (97%), Immediate: 0B (0%), CSet: 392M (97%)
[2026-04-03T03:31:50.222+0600][39.059s][info][gc,ergo     ] GC(29) Pacer for Evacuation. Used CSet: 424M, Free: 549M, Non-Taxable: 56267K, Alloc Tax Rate: 1.9x
[2026-04-03T03:31:50.222+0600][39.059s][info][gc          ] GC(29) Pause Final Mark (unload classes) 0.703ms
[2026-04-03T03:31:50.222+0600][39.059s][info][gc,start    ] GC(29) Concurrent thread roots
[2026-04-03T03:31:50.222+0600][39.059s][info][gc,task     ] GC(29) Using 3 of 6 workers for Concurrent thread roots
[2026-04-03T03:31:50.223+0600][39.059s][info][gc          ] GC(29) Concurrent thread roots 0.599ms
[2026-04-03T03:31:50.223+0600][39.059s][info][gc,start    ] GC(29) Concurrent weak references
[2026-04-03T03:31:50.223+0600][39.059s][info][gc,task     ] GC(29) Using 3 of 6 workers for concurrent weak references
[2026-04-03T03:31:50.223+0600][39.060s][info][gc,ref      ] GC(29) Encountered references: Soft: 3157, Weak: 6218, Final: 84, Phantom: 598
[2026-04-03T03:31:50.223+0600][39.060s][info][gc,ref      ] GC(29) Discovered  references: Soft: 0, Weak: 3214, Final: 52, Phantom: 595
[2026-04-03T03:31:50.223+0600][39.060s][info][gc,ref      ] GC(29) Enqueued    references: Soft: 0, Weak: 0, Final: 0, Phantom: 0
[2026-04-03T03:31:50.223+0600][39.060s][info][gc          ] GC(29) Concurrent weak references 0.581ms
[2026-04-03T03:31:50.223+0600][39.060s][info][gc,start    ] GC(29) Concurrent weak roots
[2026-04-03T03:31:50.223+0600][39.060s][info][gc,task     ] GC(29) Using 3 of 6 workers for concurrent weak root
[2026-04-03T03:31:50.225+0600][39.062s][info][gc          ] GC(29) Concurrent weak roots 2.046ms
[2026-04-03T03:31:50.225+0600][39.062s][info][gc,start    ] GC(29) Concurrent cleanup
[2026-04-03T03:31:50.226+0600][39.063s][info][gc          ] GC(29) Concurrent cleanup 869M->870M(1084M) 0.495ms
[2026-04-03T03:31:50.226+0600][39.063s][info][gc,ergo     ] GC(29) Free: 548M, Max: 512K regular, 246M humongous, Frag: 56% external, 0% internal; Reserve: 76797K, Max: 512K
[2026-04-03T03:31:50.226+0600][39.063s][info][gc,start    ] GC(29) Concurrent class unloading
[2026-04-03T03:31:50.226+0600][39.063s][info][gc,task     ] GC(29) Using 3 of 6 workers for concurrent class unloading
[2026-04-03T03:31:50.231+0600][39.068s][info][gc          ] GC(29) Concurrent class unloading 5.386ms
[2026-04-03T03:31:50.231+0600][39.068s][info][gc,start    ] GC(29) Concurrent strong roots
[2026-04-03T03:31:50.231+0600][39.068s][info][gc,task     ] GC(29) Using 3 of 6 workers for concurrent strong root
[2026-04-03T03:31:50.232+0600][39.069s][info][gc          ] GC(29) Concurrent strong roots 0.864ms
[2026-04-03T03:31:50.232+0600][39.069s][info][gc,start    ] GC(29) Concurrent evacuation
[2026-04-03T03:31:50.232+0600][39.069s][info][gc,task     ] GC(29) Using 3 of 6 workers for concurrent evacuation
[2026-04-03T03:31:50.281+0600][39.117s][info][gc          ] GC(29) Concurrent evacuation 48.479ms
[2026-04-03T03:31:50.281+0600][39.118s][info][gc,start    ] GC(29) Pause Init Update Refs
[2026-04-03T03:31:50.281+0600][39.118s][info][gc,ergo     ] GC(29) Pacer for Update Refs. Used: 939M, Free: 512M, Non-Taxable: 52478K, Alloc Tax Rate: 2.2x
[2026-04-03T03:31:50.281+0600][39.118s][info][gc          ] GC(29) Pause Init Update Refs 0.227ms
[2026-04-03T03:31:50.281+0600][39.118s][info][gc,start    ] GC(29) Concurrent update references
[2026-04-03T03:31:50.281+0600][39.118s][info][gc,task     ] GC(29) Using 3 of 6 workers for concurrent reference update
[2026-04-03T03:31:50.565+0600][39.402s][info][gc          ] GC(29) Concurrent update references 283.672ms
[2026-04-03T03:31:50.565+0600][39.402s][info][gc,start    ] GC(29) Concurrent update thread roots
[2026-04-03T03:31:50.566+0600][39.403s][info][gc          ] GC(29) Concurrent update thread roots 1.236ms
[2026-04-03T03:31:50.567+0600][39.403s][info][gc,start    ] GC(29) Pause Final Update Refs
[2026-04-03T03:31:50.567+0600][39.404s][info][gc,task     ] GC(29) Using 6 of 6 workers for final reference update
[2026-04-03T03:31:50.567+0600][39.404s][info][gc          ] GC(29) Pause Final Update Refs 0.322ms
[2026-04-03T03:31:50.567+0600][39.404s][info][gc,start    ] GC(29) Concurrent cleanup
[2026-04-03T03:31:50.568+0600][39.404s][info][gc          ] GC(29) Concurrent cleanup 1122M->698M(1129M) 0.419ms
[2026-04-03T03:31:50.568+0600][39.405s][info][gc,ergo     ] Free: 719M, Max: 512K regular, 227M humongous, Frag: 69% external, 0% internal; Reserve: 76800K, Max: 512K
[2026-04-03T03:31:50.568+0600][39.405s][info][gc,stats    ] 
[2026-04-03T03:31:50.568+0600][39.405s][info][gc,stats    ] All times are wall-clock times, except per-root-class counters, that are sum over
[2026-04-03T03:31:50.568+0600][39.405s][info][gc,stats    ] all workers. Dividing the <total> over the root stage time estimates parallelism.
[2026-04-03T03:31:50.568+0600][39.405s][info][gc,stats    ] 
[2026-04-03T03:31:50.568+0600][39.405s][info][gc,stats    ] Concurrent Reset                   2298 us
[2026-04-03T03:31:50.568+0600][39.405s][info][gc,stats    ] Pause Init Mark (G)                 755 us
[2026-04-03T03:31:50.568+0600][39.405s][info][gc,stats    ] Pause Init Mark (N)                 394 us
[2026-04-03T03:31:50.568+0600][39.405s][info][gc,stats    ]   Update Region States              135 us
[2026-04-03T03:31:50.568+0600][39.405s][info][gc,stats    ] Concurrent Mark Roots              1139 us, parallelism: 1.88x
[2026-04-03T03:31:50.568+0600][39.405s][info][gc,stats    ]   CMR: <total>                     2141 us
[2026-04-03T03:31:50.568+0600][39.405s][info][gc,stats    ]   CMR: Thread Roots                1719 us, workers (us): 341, 718, 661, ---, ---, ---, 
[2026-04-03T03:31:50.568+0600][39.405s][info][gc,stats    ]   CMR: VM Strong Roots               37 us, workers (us):  25,  11,   1, ---, ---, ---, 
[2026-04-03T03:31:50.568+0600][39.405s][info][gc,stats    ]   CMR: CLDG Roots                   386 us, workers (us): 386, ---, ---, ---, ---, ---, 
[2026-04-03T03:31:50.568+0600][39.405s][info][gc,stats    ] Concurrent Marking               378836 us
[2026-04-03T03:31:50.568+0600][39.405s][info][gc,stats    ] Pause Final Mark (G)                826 us
[2026-04-03T03:31:50.568+0600][39.405s][info][gc,stats    ] Pause Final Mark (N)                712 us
[2026-04-03T03:31:50.568+0600][39.405s][info][gc,stats    ]   Finish Mark                       191 us
[2026-04-03T03:31:50.568+0600][39.405s][info][gc,stats    ]   Update Region States               35 us
[2026-04-03T03:31:50.568+0600][39.405s][info][gc,stats    ]   Choose Collection Set             358 us
[2026-04-03T03:31:50.568+0600][39.405s][info][gc,stats    ]   Rebuild Free Set                   29 us
[2026-04-03T03:31:50.568+0600][39.405s][info][gc,stats    ] Concurrent Thread Roots             651 us, parallelism: 1.93x
[2026-04-03T03:31:50.568+0600][39.405s][info][gc,stats    ]   CTR: <total>                     1255 us
[2026-04-03T03:31:50.568+0600][39.405s][info][gc,stats    ]   CTR: Thread Roots                1255 us, workers (us): 488, 386, 381, ---, ---, ---, 
[2026-04-03T03:31:50.568+0600][39.405s][info][gc,stats    ] Concurrent Weak References          594 us, parallelism: 0.83x
[2026-04-03T03:31:50.568+0600][39.405s][info][gc,stats    ]   CWRF: <total>                     491 us
[2026-04-03T03:31:50.568+0600][39.405s][info][gc,stats    ]   CWRF: Weak References             491 us, workers (us): 409,  81,   1, ---, ---, ---, 
[2026-04-03T03:31:50.568+0600][39.405s][info][gc,stats    ] Concurrent Weak Roots              2115 us
[2026-04-03T03:31:50.568+0600][39.405s][info][gc,stats    ]   Roots                            1743 us, parallelism: 2.51x
[2026-04-03T03:31:50.568+0600][39.405s][info][gc,stats    ]     CWR: <total>                   4380 us
[2026-04-03T03:31:50.568+0600][39.405s][info][gc,stats    ]     CWR: Code Cache Roots          2937 us, workers (us): 973, 1031, 934, ---, ---, ---, 
[2026-04-03T03:31:50.568+0600][39.405s][info][gc,stats    ]     CWR: VM Weak Roots             1332 us, workers (us): 475, 432, 425, ---, ---, ---, 
[2026-04-03T03:31:50.568+0600][39.405s][info][gc,stats    ]     CWR: CLDG Roots                 111 us, workers (us): ---, ---, 111, ---, ---, ---, 
[2026-04-03T03:31:50.568+0600][39.405s][info][gc,stats    ]   Rendezvous                        276 us
[2026-04-03T03:31:50.568+0600][39.405s][info][gc,stats    ] Concurrent Cleanup                  510 us
[2026-04-03T03:31:50.568+0600][39.405s][info][gc,stats    ] Concurrent Class Unloading         5440 us
[2026-04-03T03:31:50.568+0600][39.405s][info][gc,stats    ]   Unlink Stale                     5103 us
[2026-04-03T03:31:50.568+0600][39.405s][info][gc,stats    ]     System Dictionary               129 us
[2026-04-03T03:31:50.568+0600][39.405s][info][gc,stats    ]     Weak Class Links                  0 us
[2026-04-03T03:31:50.568+0600][39.405s][info][gc,stats    ]     Code Roots                     4972 us
[2026-04-03T03:31:50.568+0600][39.405s][info][gc,stats    ]   Rendezvous                        247 us
[2026-04-03T03:31:50.568+0600][39.405s][info][gc,stats    ]   Purge Unlinked                     10 us
[2026-04-03T03:31:50.568+0600][39.405s][info][gc,stats    ]     Code Roots                        4 us
[2026-04-03T03:31:50.568+0600][39.405s][info][gc,stats    ]     CLDG                              6 us
[2026-04-03T03:31:50.568+0600][39.405s][info][gc,stats    ]     Exception Caches                  0 us
[2026-04-03T03:31:50.568+0600][39.405s][info][gc,stats    ] Concurrent Strong Roots             921 us, parallelism: 0.62x
[2026-04-03T03:31:50.568+0600][39.405s][info][gc,stats    ]   CSR: <total>                      570 us
[2026-04-03T03:31:50.568+0600][39.405s][info][gc,stats    ]   CSR: VM Strong Roots               34 us, workers (us):  18,   9,   7, ---, ---, ---, 
[2026-04-03T03:31:50.568+0600][39.405s][info][gc,stats    ]   CSR: CLDG Roots                   536 us, workers (us): 536, ---, ---, ---, ---, ---, 
[2026-04-03T03:31:50.568+0600][39.405s][info][gc,stats    ] Concurrent Evacuation             48552 us
[2026-04-03T03:31:50.568+0600][39.405s][info][gc,stats    ] Pause Init Update Refs (G)          495 us
[2026-04-03T03:31:50.568+0600][39.405s][info][gc,stats    ] Pause Init Update Refs (N)          246 us
[2026-04-03T03:31:50.568+0600][39.405s][info][gc,stats    ]   Manage GCLABs                      72 us
[2026-04-03T03:31:50.568+0600][39.405s][info][gc,stats    ] Concurrent Update Refs           283765 us
[2026-04-03T03:31:50.568+0600][39.405s][info][gc,stats    ] Concurrent Update Thread Roots     1304 us
[2026-04-03T03:31:50.568+0600][39.405s][info][gc,stats    ] Pause Final Update Refs (G)         856 us
[2026-04-03T03:31:50.568+0600][39.405s][info][gc,stats    ] Pause Final Update Refs (N)         361 us
[2026-04-03T03:31:50.569+0600][39.405s][info][gc,stats    ]   Update Region States               59 us
[2026-04-03T03:31:50.569+0600][39.405s][info][gc,stats    ]   Trash Collection Set               19 us
[2026-04-03T03:31:50.569+0600][39.405s][info][gc,stats    ]   Rebuild Free Set                   39 us
[2026-04-03T03:31:50.569+0600][39.405s][info][gc,stats    ] Concurrent Cleanup                  449 us
[2026-04-03T03:31:50.569+0600][39.405s][info][gc,stats    ] Pacing                           441891 us
[2026-04-03T03:31:50.569+0600][39.405s][info][gc,stats    ] 
[2026-04-03T03:31:50.569+0600][39.405s][info][gc,stats    ] Allocation pacing accrued:
[2026-04-03T03:31:50.569+0600][39.405s][info][gc,stats    ]     164 of   732 ms ( 22.4%): Executor task launch worker for task 2.0 in stage 14.0 (TID 23)
[2026-04-03T03:31:50.569+0600][39.405s][info][gc,stats    ]     111 of   732 ms ( 15.2%): Executor task launch worker for task 1.0 in stage 14.0 (TID 22)
[2026-04-03T03:31:50.569+0600][39.405s][info][gc,stats    ]     166 of   732 ms ( 22.7%): Executor task launch worker for task 0.0 in stage 14.0 (TID 21)
[2026-04-03T03:31:50.569+0600][39.405s][info][gc,stats    ]     442 of   732 ms ( 60.4%): <total>
[2026-04-03T03:31:50.569+0600][39.405s][info][gc,stats    ]       3 of   732 ms (  0.5%): <average total>
[2026-04-03T03:31:50.569+0600][39.405s][info][gc,stats    ]     147 of   732 ms ( 20.1%): <average non-zero>
[2026-04-03T03:31:50.569+0600][39.405s][info][gc,stats    ] 
[2026-04-03T03:31:50.569+0600][39.405s][info][gc,metaspace] Metaspace: 72539K(73536K)->72539K(73536K) NonClass: 63273K(63872K)->63273K(63872K) Class: 9266K(9664K)->9266K(9664K)
[2026-04-03T03:31:50.569+0600][39.405s][info][gc,ergo     ] Pacer for Idle. Initial: 30720K, Alloc Tax Rate: 1.0x
[2026-04-03T03:31:50.671+0600][39.508s][info][gc          ] Trigger: Average GC time (889.40 ms) is above the time for average allocation rate (687 MB/s) to deplete free headroom (561M) (margin of error = 1.85)
[2026-04-03T03:31:50.671+0600][39.508s][info][gc,ergo     ] Free headroom: 636M (free) - 76800K (spike) - 0B (penalties) = 561M
[2026-04-03T03:31:50.671+0600][39.508s][info][gc,ergo     ] Free: 636M, Max: 512K regular, 227M humongous, Frag: 65% external, 0% internal; Reserve: 76800K, Max: 512K
[2026-04-03T03:31:50.671+0600][39.508s][info][gc,start    ] GC(30) Concurrent reset
[2026-04-03T03:31:50.671+0600][39.508s][info][gc,task     ] GC(30) Using 3 of 6 workers for concurrent reset
[2026-04-03T03:31:50.671+0600][39.508s][info][gc,ergo     ] GC(30) Pacer for Reset. Non-Taxable: 1500M
[2026-04-03T03:31:50.674+0600][39.510s][info][gc          ] GC(30) Concurrent reset 2.634ms
[2026-04-03T03:31:50.674+0600][39.511s][info][gc,start    ] GC(30) Pause Init Mark (unload classes)
[2026-04-03T03:31:50.674+0600][39.511s][info][gc,task     ] GC(30) Using 6 of 6 workers for init marking
[2026-04-03T03:31:50.674+0600][39.511s][info][gc,ergo     ] GC(30) Pacer for Mark. Expected Live: 241M, Free: 634M, Non-Taxable: 64971K, Alloc Tax Rate: 0.5x
[2026-04-03T03:31:50.674+0600][39.511s][info][gc          ] GC(30) Pause Init Mark (unload classes) 0.211ms
[2026-04-03T03:31:50.675+0600][39.511s][info][gc,start    ] GC(30) Concurrent marking roots
[2026-04-03T03:31:50.675+0600][39.511s][info][gc,task     ] GC(30) Using 3 of 6 workers for concurrent marking roots
[2026-04-03T03:31:50.676+0600][39.512s][info][gc          ] GC(30) Concurrent marking roots 1.096ms
[2026-04-03T03:31:50.676+0600][39.512s][info][gc,start    ] GC(30) Concurrent marking (unload classes)
[2026-04-03T03:31:50.676+0600][39.512s][info][gc,task     ] GC(30) Using 3 of 6 workers for concurrent marking
[2026-04-03T03:31:51.270+0600][40.106s][info][gc          ] GC(30) Concurrent marking (unload classes) 593.796ms
[2026-04-03T03:31:51.270+0600][40.107s][info][gc,start    ] GC(30) Pause Final Mark (unload classes)
[2026-04-03T03:31:51.270+0600][40.107s][info][gc,task     ] GC(30) Using 6 of 6 workers for final marking
[2026-04-03T03:31:51.271+0600][40.107s][info][gc,ergo     ] GC(30) Adaptive CSet Selection. Target Free: 212M, Actual Free: 684M, Max CSet: 64000K, Min Garbage: 0B
[2026-04-03T03:31:51.271+0600][40.108s][info][gc,ergo     ] GC(30) Collectable Garbage: 467M (96%), Immediate: 22016K (4%), CSet: 446M (92%)
[2026-04-03T03:31:51.271+0600][40.108s][info][gc,ergo     ] GC(30) Pacer for Evacuation. Used CSet: 497M, Free: 611M, Non-Taxable: 62641K, Alloc Tax Rate: 2.0x
[2026-04-03T03:31:51.271+0600][40.108s][info][gc          ] GC(30) Pause Final Mark (unload classes) 1.366ms
[2026-04-03T03:31:51.271+0600][40.108s][info][gc,start    ] GC(30) Concurrent thread roots
[2026-04-03T03:31:51.272+0600][40.108s][info][gc,task     ] GC(30) Using 3 of 6 workers for Concurrent thread roots
[2026-04-03T03:31:51.272+0600][40.109s][info][gc          ] GC(30) Concurrent thread roots 0.868ms
[2026-04-03T03:31:51.272+0600][40.109s][info][gc,start    ] GC(30) Concurrent weak references
[2026-04-03T03:31:51.272+0600][40.109s][info][gc,task     ] GC(30) Using 3 of 6 workers for concurrent weak references
[2026-04-03T03:31:51.273+0600][40.109s][info][gc,ref      ] GC(30) Encountered references: Soft: 3157, Weak: 6218, Final: 84, Phantom: 598
[2026-04-03T03:31:51.273+0600][40.109s][info][gc,ref      ] GC(30) Discovered  references: Soft: 0, Weak: 477, Final: 0, Phantom: 595
[2026-04-03T03:31:51.273+0600][40.109s][info][gc,ref      ] GC(30) Enqueued    references: Soft: 0, Weak: 0, Final: 0, Phantom: 0
[2026-04-03T03:31:51.273+0600][40.109s][info][gc          ] GC(30) Concurrent weak references 0.272ms
[2026-04-03T03:31:51.273+0600][40.109s][info][gc,start    ] GC(30) Concurrent weak roots
[2026-04-03T03:31:51.273+0600][40.109s][info][gc,task     ] GC(30) Using 3 of 6 workers for concurrent weak root
[2026-04-03T03:31:51.276+0600][40.112s][info][gc          ] GC(30) Concurrent weak roots 3.063ms
[2026-04-03T03:31:51.276+0600][40.112s][info][gc,start    ] GC(30) Concurrent cleanup
[2026-04-03T03:31:51.276+0600][40.113s][info][gc          ] GC(30) Concurrent cleanup 829M->807M(1129M) 0.254ms
[2026-04-03T03:31:51.276+0600][40.113s][info][gc,ergo     ] GC(30) Free: 610M, Max: 512K regular, 232M humongous, Frag: 62% external, 0% internal; Reserve: 76030K, Max: 512K
[2026-04-03T03:31:51.276+0600][40.113s][info][gc,start    ] GC(30) Concurrent class unloading
[2026-04-03T03:31:51.276+0600][40.113s][info][gc,task     ] GC(30) Using 3 of 6 workers for concurrent class unloading
[2026-04-03T03:31:51.288+0600][40.125s][info][gc          ] GC(30) Concurrent class unloading 12.192ms
[2026-04-03T03:31:51.288+0600][40.125s][info][gc,start    ] GC(30) Concurrent strong roots
[2026-04-03T03:31:51.289+0600][40.125s][info][gc,task     ] GC(30) Using 3 of 6 workers for concurrent strong root
[2026-04-03T03:31:51.290+0600][40.126s][info][gc          ] GC(30) Concurrent strong roots 1.078ms
[2026-04-03T03:31:51.290+0600][40.126s][info][gc,start    ] GC(30) Concurrent evacuation
[2026-04-03T03:31:51.290+0600][40.126s][info][gc,task     ] GC(30) Using 3 of 6 workers for concurrent evacuation
[2026-04-03T03:31:51.360+0600][40.196s][info][gc          ] GC(30) Concurrent evacuation 70.083ms
[2026-04-03T03:31:51.360+0600][40.197s][info][gc,start    ] GC(30) Pause Init Update Refs
[2026-04-03T03:31:51.360+0600][40.197s][info][gc,ergo     ] GC(30) Pacer for Update Refs. Used: 861M, Free: 609M, Non-Taxable: 62410K, Alloc Tax Rate: 1.7x
[2026-04-03T03:31:51.360+0600][40.197s][info][gc          ] GC(30) Pause Init Update Refs 0.177ms
[2026-04-03T03:31:51.360+0600][40.197s][info][gc,start    ] GC(30) Concurrent update references
[2026-04-03T03:31:51.360+0600][40.197s][info][gc,task     ] GC(30) Using 3 of 6 workers for concurrent reference update
[2026-04-03T03:31:51.595+0600][40.431s][info][gc          ] GC(30) Concurrent update references 234.434ms
[2026-04-03T03:31:51.595+0600][40.432s][info][gc,start    ] GC(30) Concurrent update thread roots
[2026-04-03T03:31:51.596+0600][40.433s][info][gc          ] GC(30) Concurrent update thread roots 0.888ms
[2026-04-03T03:31:51.596+0600][40.433s][info][gc,start    ] GC(30) Pause Final Update Refs
[2026-04-03T03:31:51.596+0600][40.433s][info][gc,task     ] GC(30) Using 6 of 6 workers for final reference update
[2026-04-03T03:31:51.596+0600][40.433s][info][gc          ] GC(30) Pause Final Update Refs 0.175ms
[2026-04-03T03:31:51.596+0600][40.433s][info][gc,start    ] GC(30) Concurrent cleanup
[2026-04-03T03:31:51.597+0600][40.434s][info][gc          ] GC(30) Concurrent cleanup 862M->365M(1162M) 0.677ms
[2026-04-03T03:31:51.597+0600][40.434s][info][gc,ergo     ] Free: 1051M, Max: 512K regular, 233M humongous, Frag: 78% external, 0% internal; Reserve: 76800K, Max: 512K
[2026-04-03T03:31:51.597+0600][40.434s][info][gc,stats    ] 
[2026-04-03T03:31:51.597+0600][40.434s][info][gc,stats    ] All times are wall-clock times, except per-root-class counters, that are sum over
[2026-04-03T03:31:51.597+0600][40.434s][info][gc,stats    ] all workers. Dividing the <total> over the root stage time estimates parallelism.
[2026-04-03T03:31:51.597+0600][40.434s][info][gc,stats    ] 
[2026-04-03T03:31:51.597+0600][40.434s][info][gc,stats    ] Concurrent Reset                   2740 us
[2026-04-03T03:31:51.597+0600][40.434s][info][gc,stats    ] Pause Init Mark (G)                 611 us
[2026-04-03T03:31:51.597+0600][40.434s][info][gc,stats    ] Pause Init Mark (N)                 221 us
[2026-04-03T03:31:51.597+0600][40.434s][info][gc,stats    ]   Update Region States               47 us
[2026-04-03T03:31:51.597+0600][40.434s][info][gc,stats    ] Concurrent Mark Roots              1186 us, parallelism: 1.58x
[2026-04-03T03:31:51.597+0600][40.434s][info][gc,stats    ]   CMR: <total>                     1873 us
[2026-04-03T03:31:51.597+0600][40.434s][info][gc,stats    ]   CMR: Thread Roots                1589 us, workers (us): 388, 617, 585, ---, ---, ---, 
[2026-04-03T03:31:51.597+0600][40.434s][info][gc,stats    ]   CMR: VM Strong Roots               33 us, workers (us):  31,   1,   1, ---, ---, ---, 
[2026-04-03T03:31:51.597+0600][40.434s][info][gc,stats    ]   CMR: CLDG Roots                   250 us, workers (us): 250, ---, ---, ---, ---, ---, 
[2026-04-03T03:31:51.597+0600][40.434s][info][gc,stats    ] Concurrent Marking               593932 us
[2026-04-03T03:31:51.597+0600][40.434s][info][gc,stats    ] Pause Final Mark (G)               1804 us
[2026-04-03T03:31:51.597+0600][40.434s][info][gc,stats    ] Pause Final Mark (N)               1380 us
[2026-04-03T03:31:51.597+0600][40.434s][info][gc,stats    ]   Finish Mark                       454 us
[2026-04-03T03:31:51.597+0600][40.434s][info][gc,stats    ]   Update Region States               74 us
[2026-04-03T03:31:51.597+0600][40.434s][info][gc,stats    ]   Choose Collection Set             588 us
[2026-04-03T03:31:51.597+0600][40.434s][info][gc,stats    ]   Rebuild Free Set                   53 us
[2026-04-03T03:31:51.597+0600][40.434s][info][gc,stats    ] Concurrent Thread Roots             920 us, parallelism: 2.06x
[2026-04-03T03:31:51.597+0600][40.434s][info][gc,stats    ]   CTR: <total>                     1896 us
[2026-04-03T03:31:51.597+0600][40.434s][info][gc,stats    ]   CTR: Thread Roots                1896 us, workers (us): 658, 643, 595, ---, ---, ---, 
[2026-04-03T03:31:51.597+0600][40.434s][info][gc,stats    ] Concurrent Weak References          286 us, parallelism: 0.63x
[2026-04-03T03:31:51.597+0600][40.434s][info][gc,stats    ]   CWRF: <total>                     180 us
[2026-04-03T03:31:51.597+0600][40.434s][info][gc,stats    ]   CWRF: Weak References             180 us, workers (us):  81,  98,   1, ---, ---, ---, 
[2026-04-03T03:31:51.597+0600][40.434s][info][gc,stats    ] Concurrent Weak Roots              3151 us
[2026-04-03T03:31:51.597+0600][40.434s][info][gc,stats    ]   Roots                            2704 us, parallelism: 2.49x
[2026-04-03T03:31:51.597+0600][40.434s][info][gc,stats    ]     CWR: <total>                   6730 us
[2026-04-03T03:31:51.597+0600][40.434s][info][gc,stats    ]     CWR: Code Cache Roots          4589 us, workers (us): 1284, 1703, 1602, ---, ---, ---, 
[2026-04-03T03:31:51.597+0600][40.434s][info][gc,stats    ]     CWR: VM Weak Roots             1920 us, workers (us): 676, 649, 596, ---, ---, ---, 
[2026-04-03T03:31:51.597+0600][40.434s][info][gc,stats    ]     CWR: CLDG Roots                 221 us, workers (us): 221, ---, ---, ---, ---, ---, 
[2026-04-03T03:31:51.597+0600][40.434s][info][gc,stats    ]   Rendezvous                        307 us
[2026-04-03T03:31:51.597+0600][40.434s][info][gc,stats    ] Concurrent Cleanup                  273 us
[2026-04-03T03:31:51.597+0600][40.434s][info][gc,stats    ] Concurrent Class Unloading        12305 us
[2026-04-03T03:31:51.597+0600][40.434s][info][gc,stats    ]   Unlink Stale                     8109 us
[2026-04-03T03:31:51.597+0600][40.434s][info][gc,stats    ]     System Dictionary               137 us
[2026-04-03T03:31:51.597+0600][40.434s][info][gc,stats    ]     Weak Class Links                  1 us
[2026-04-03T03:31:51.597+0600][40.434s][info][gc,stats    ]     Code Roots                     7966 us
[2026-04-03T03:31:51.597+0600][40.434s][info][gc,stats    ]   Rendezvous                       3776 us
[2026-04-03T03:31:51.597+0600][40.434s][info][gc,stats    ]   Purge Unlinked                    264 us
[2026-04-03T03:31:51.597+0600][40.434s][info][gc,stats    ]     Code Roots                      250 us
[2026-04-03T03:31:51.597+0600][40.434s][info][gc,stats    ]     CLDG                             13 us
[2026-04-03T03:31:51.597+0600][40.434s][info][gc,stats    ]     Exception Caches                  0 us
[2026-04-03T03:31:51.597+0600][40.434s][info][gc,stats    ] Concurrent Strong Roots            1184 us, parallelism: 0.49x
[2026-04-03T03:31:51.597+0600][40.434s][info][gc,stats    ]   CSR: <total>                      580 us
[2026-04-03T03:31:51.597+0600][40.434s][info][gc,stats    ]   CSR: VM Strong Roots               35 us, workers (us):  20,  14,   0, ---, ---, ---, 
[2026-04-03T03:31:51.597+0600][40.434s][info][gc,stats    ]   CSR: CLDG Roots                   545 us, workers (us): ---, 545, ---, ---, ---, ---, 
[2026-04-03T03:31:51.598+0600][40.434s][info][gc,stats    ] Concurrent Evacuation             70207 us
[2026-04-03T03:31:51.598+0600][40.434s][info][gc,stats    ] Pause Init Update Refs (G)          461 us
[2026-04-03T03:31:51.598+0600][40.434s][info][gc,stats    ] Pause Init Update Refs (N)          193 us
[2026-04-03T03:31:51.598+0600][40.434s][info][gc,stats    ]   Manage GCLABs                      42 us
[2026-04-03T03:31:51.598+0600][40.434s][info][gc,stats    ] Concurrent Update Refs           234720 us
[2026-04-03T03:31:51.598+0600][40.434s][info][gc,stats    ] Concurrent Update Thread Roots      936 us
[2026-04-03T03:31:51.598+0600][40.434s][info][gc,stats    ] Pause Final Update Refs (G)         359 us
[2026-04-03T03:31:51.598+0600][40.434s][info][gc,stats    ] Pause Final Update Refs (N)         196 us
[2026-04-03T03:31:51.598+0600][40.434s][info][gc,stats    ]   Update Region States               55 us
[2026-04-03T03:31:51.598+0600][40.434s][info][gc,stats    ]   Trash Collection Set               20 us
[2026-04-03T03:31:51.598+0600][40.434s][info][gc,stats    ]   Rebuild Free Set                   43 us
[2026-04-03T03:31:51.598+0600][40.434s][info][gc,stats    ] Concurrent Cleanup                  691 us
[2026-04-03T03:31:51.598+0600][40.434s][info][gc,stats    ] 
[2026-04-03T03:31:51.598+0600][40.434s][info][gc,stats    ] Allocation pacing accrued:
[2026-04-03T03:31:51.598+0600][40.434s][info][gc,stats    ]       0 of  1029 ms (  0.0%): <total>
[2026-04-03T03:31:51.598+0600][40.434s][info][gc,stats    ]       0 of  1029 ms (  0.0%): <average total>
[2026-04-03T03:31:51.598+0600][40.434s][info][gc,stats    ] 
[2026-04-03T03:31:51.598+0600][40.434s][info][gc,metaspace] Metaspace: 72540K(73536K)->72545K(73536K) NonClass: 63274K(63872K)->63279K(63872K) Class: 9266K(9664K)->9266K(9664K)
[2026-04-03T03:31:51.598+0600][40.434s][info][gc,ergo     ] Pacer for Idle. Initial: 30720K, Alloc Tax Rate: 1.0x
[2026-04-03T03:31:52.502+0600][41.339s][info][gc          ] Trigger: Average GC time (1066.35 ms) is above the time for average allocation rate (569 MB/s) to deplete free headroom (603M) (margin of error = 1.84)
[2026-04-03T03:31:52.502+0600][41.339s][info][gc,ergo     ] Free headroom: 678M (free) - 76800K (spike) - 0B (penalties) = 603M
[2026-04-03T03:31:52.502+0600][41.339s][info][gc,ergo     ] Free: 678M, Max: 512K regular, 233M humongous, Frag: 66% external, 0% internal; Reserve: 76800K, Max: 512K
[2026-04-03T03:31:52.502+0600][41.339s][info][gc,start    ] GC(31) Concurrent reset
[2026-04-03T03:31:52.502+0600][41.339s][info][gc,task     ] GC(31) Using 3 of 6 workers for concurrent reset
[2026-04-03T03:31:52.502+0600][41.339s][info][gc,ergo     ] GC(31) Pacer for Reset. Non-Taxable: 1500M
[2026-04-03T03:31:52.506+0600][41.342s][info][gc          ] GC(31) Concurrent reset 3.258ms
[2026-04-03T03:31:52.506+0600][41.343s][info][gc,start    ] GC(31) Pause Init Mark (unload classes)
[2026-04-03T03:31:52.506+0600][41.343s][info][gc,task     ] GC(31) Using 6 of 6 workers for init marking
[2026-04-03T03:31:52.506+0600][41.343s][info][gc,ergo     ] GC(31) Pacer for Mark. Expected Live: 272M, Free: 678M, Non-Taxable: 69527K, Alloc Tax Rate: 0.5x
[2026-04-03T03:31:52.506+0600][41.343s][info][gc          ] GC(31) Pause Init Mark (unload classes) 0.213ms
[2026-04-03T03:31:52.506+0600][41.343s][info][gc,start    ] GC(31) Concurrent marking roots
[2026-04-03T03:31:52.507+0600][41.343s][info][gc,task     ] GC(31) Using 3 of 6 workers for concurrent marking roots
[2026-04-03T03:31:52.508+0600][41.344s][info][gc          ] GC(31) Concurrent marking roots 1.207ms
[2026-04-03T03:31:52.508+0600][41.344s][info][gc,start    ] GC(31) Concurrent marking (unload classes)
[2026-04-03T03:31:52.508+0600][41.344s][info][gc,task     ] GC(31) Using 3 of 6 workers for concurrent marking
[2026-04-03T03:31:52.863+0600][41.700s][info][gc          ] GC(31) Concurrent marking (unload classes) 355.172ms
[2026-04-03T03:31:52.863+0600][41.700s][info][gc,start    ] GC(31) Pause Final Mark (unload classes)
[2026-04-03T03:31:52.863+0600][41.700s][info][gc,task     ] GC(31) Using 6 of 6 workers for final marking
[2026-04-03T03:31:52.864+0600][41.700s][info][gc,ergo     ] GC(31) Adaptive CSet Selection. Target Free: 212M, Actual Free: 851M, Max CSet: 64000K, Min Garbage: 0B
[2026-04-03T03:31:52.864+0600][41.701s][info][gc,ergo     ] GC(31) Collectable Garbage: 466M (97%), Immediate: 257M (54%), CSet: 208M (43%)
[2026-04-03T03:31:52.864+0600][41.701s][info][gc,ergo     ] GC(31) Pacer for Evacuation. Used CSet: 270M, Free: 793M, Non-Taxable: 81278K, Alloc Tax Rate: 1.1x
[2026-04-03T03:31:52.864+0600][41.701s][info][gc          ] GC(31) Pause Final Mark (unload classes) 0.827ms
[2026-04-03T03:31:52.864+0600][41.701s][info][gc,start    ] GC(31) Concurrent thread roots
[2026-04-03T03:31:52.864+0600][41.701s][info][gc,task     ] GC(31) Using 3 of 6 workers for Concurrent thread roots
[2026-04-03T03:31:52.865+0600][41.702s][info][gc          ] GC(31) Concurrent thread roots 0.831ms
[2026-04-03T03:31:52.865+0600][41.702s][info][gc,start    ] GC(31) Concurrent weak references
[2026-04-03T03:31:52.865+0600][41.702s][info][gc,task     ] GC(31) Using 3 of 6 workers for concurrent weak references
[2026-04-03T03:31:52.865+0600][41.702s][info][gc,ref      ] GC(31) Encountered references: Soft: 3284, Weak: 6504, Final: 84, Phantom: 598
[2026-04-03T03:31:52.865+0600][41.702s][info][gc,ref      ] GC(31) Discovered  references: Soft: 0, Weak: 651, Final: 0, Phantom: 595
[2026-04-03T03:31:52.865+0600][41.702s][info][gc,ref      ] GC(31) Enqueued    references: Soft: 0, Weak: 117, Final: 0, Phantom: 0
[2026-04-03T03:31:52.865+0600][41.702s][info][gc          ] GC(31) Concurrent weak references 0.355ms
[2026-04-03T03:31:52.866+0600][41.702s][info][gc,start    ] GC(31) Concurrent weak roots
[2026-04-03T03:31:52.866+0600][41.702s][info][gc,task     ] GC(31) Using 3 of 6 workers for concurrent weak root
[2026-04-03T03:31:52.868+0600][41.705s][info][gc          ] GC(31) Concurrent weak roots 2.866ms
[2026-04-03T03:31:52.868+0600][41.705s][info][gc,start    ] GC(31) Concurrent cleanup
[2026-04-03T03:31:52.869+0600][41.705s][info][gc          ] GC(31) Concurrent cleanup 883M->626M(1162M) 0.345ms
[2026-04-03T03:31:52.869+0600][41.706s][info][gc,ergo     ] GC(31) Free: 790M, Max: 512K regular, 265M humongous, Frag: 67% external, 0% internal; Reserve: 76729K, Max: 512K
[2026-04-03T03:31:52.869+0600][41.706s][info][gc,start    ] GC(31) Concurrent class unloading
[2026-04-03T03:31:52.869+0600][41.706s][info][gc,task     ] GC(31) Using 3 of 6 workers for concurrent class unloading
[2026-04-03T03:31:52.877+0600][41.713s][info][gc          ] GC(31) Concurrent class unloading 7.698ms
[2026-04-03T03:31:52.877+0600][41.713s][info][gc,start    ] GC(31) Concurrent strong roots
[2026-04-03T03:31:52.877+0600][41.713s][info][gc,task     ] GC(31) Using 3 of 6 workers for concurrent strong root
[2026-04-03T03:31:52.878+0600][41.714s][info][gc          ] GC(31) Concurrent strong roots 0.893ms
[2026-04-03T03:31:52.878+0600][41.714s][info][gc,start    ] GC(31) Concurrent evacuation
[2026-04-03T03:31:52.878+0600][41.714s][info][gc,task     ] GC(31) Using 3 of 6 workers for concurrent evacuation
[2026-04-03T03:31:52.925+0600][41.762s][info][gc          ] GC(31) Concurrent evacuation 47.423ms
[2026-04-03T03:31:52.926+0600][41.762s][info][gc,start    ] GC(31) Pause Init Update Refs
[2026-04-03T03:31:52.926+0600][41.762s][info][gc,ergo     ] GC(31) Pacer for Update Refs. Used: 738M, Free: 740M, Non-Taxable: 75876K, Alloc Tax Rate: 1.2x
[2026-04-03T03:31:52.926+0600][41.762s][info][gc          ] GC(31) Pause Init Update Refs 0.165ms
[2026-04-03T03:31:52.926+0600][41.763s][info][gc,start    ] GC(31) Concurrent update references
[2026-04-03T03:31:52.926+0600][41.763s][info][gc,task     ] GC(31) Using 3 of 6 workers for concurrent reference update
[2026-04-03T03:31:53.219+0600][42.056s][info][gc          ] GC(31) Concurrent update references 293.363ms
[2026-04-03T03:31:53.219+0600][42.056s][info][gc,start    ] GC(31) Concurrent update thread roots
[2026-04-03T03:31:53.221+0600][42.057s][info][gc          ] GC(31) Concurrent update thread roots 1.218ms
[2026-04-03T03:31:53.221+0600][42.058s][info][gc,start    ] GC(31) Pause Final Update Refs
[2026-04-03T03:31:53.221+0600][42.058s][info][gc,task     ] GC(31) Using 6 of 6 workers for final reference update
[2026-04-03T03:31:53.221+0600][42.058s][info][gc          ] GC(31) Pause Final Update Refs 0.241ms
[2026-04-03T03:31:53.221+0600][42.058s][info][gc,start    ] GC(31) Concurrent cleanup
[2026-04-03T03:31:53.222+0600][42.058s][info][gc          ] GC(31) Concurrent cleanup 946M->675M(1162M) 0.358ms
[2026-04-03T03:31:53.222+0600][42.058s][info][gc,ergo     ] Free: 737M, Max: 512K regular, 305M humongous, Frag: 59% external, 0% internal; Reserve: 76800K, Max: 512K
[2026-04-03T03:31:53.222+0600][42.058s][info][gc,stats    ] 
[2026-04-03T03:31:53.222+0600][42.058s][info][gc,stats    ] All times are wall-clock times, except per-root-class counters, that are sum over
[2026-04-03T03:31:53.222+0600][42.059s][info][gc,stats    ] all workers. Dividing the <total> over the root stage time estimates parallelism.
[2026-04-03T03:31:53.222+0600][42.059s][info][gc,stats    ] 
[2026-04-03T03:31:53.222+0600][42.059s][info][gc,stats    ] Concurrent Reset                   3388 us
[2026-04-03T03:31:53.222+0600][42.059s][info][gc,stats    ] Pause Init Mark (G)                 707 us
[2026-04-03T03:31:53.222+0600][42.059s][info][gc,stats    ] Pause Init Mark (N)                 224 us
[2026-04-03T03:31:53.222+0600][42.059s][info][gc,stats    ]   Update Region States               50 us
[2026-04-03T03:31:53.222+0600][42.059s][info][gc,stats    ] Concurrent Mark Roots              1303 us, parallelism: 1.64x
[2026-04-03T03:31:53.222+0600][42.059s][info][gc,stats    ]   CMR: <total>                     2132 us
[2026-04-03T03:31:53.222+0600][42.059s][info][gc,stats    ]   CMR: Thread Roots                1669 us, workers (us): 690, 301, 678, ---, ---, ---, 
[2026-04-03T03:31:53.222+0600][42.059s][info][gc,stats    ]   CMR: VM Strong Roots               58 us, workers (us):  25,  18,  15, ---, ---, ---, 
[2026-04-03T03:31:53.222+0600][42.059s][info][gc,stats    ]   CMR: CLDG Roots                   406 us, workers (us): ---, 406, ---, ---, ---, ---, 
[2026-04-03T03:31:53.222+0600][42.059s][info][gc,stats    ] Concurrent Marking               355267 us
[2026-04-03T03:31:53.222+0600][42.059s][info][gc,stats    ] Pause Final Mark (G)               1231 us
[2026-04-03T03:31:53.222+0600][42.059s][info][gc,stats    ] Pause Final Mark (N)                867 us
[2026-04-03T03:31:53.222+0600][42.059s][info][gc,stats    ]   Finish Mark                       277 us
[2026-04-03T03:31:53.222+0600][42.059s][info][gc,stats    ]   Update Region States               71 us
[2026-04-03T03:31:53.222+0600][42.059s][info][gc,stats    ]   Choose Collection Set             285 us
[2026-04-03T03:31:53.222+0600][42.059s][info][gc,stats    ]   Rebuild Free Set                   44 us
[2026-04-03T03:31:53.222+0600][42.059s][info][gc,stats    ] Concurrent Thread Roots             882 us, parallelism: 2.01x
[2026-04-03T03:31:53.222+0600][42.059s][info][gc,stats    ]   CTR: <total>                     1770 us
[2026-04-03T03:31:53.222+0600][42.059s][info][gc,stats    ]   CTR: Thread Roots                1770 us, workers (us): 633, 585, 553, ---, ---, ---, 
[2026-04-03T03:31:53.222+0600][42.059s][info][gc,stats    ] Concurrent Weak References          369 us, parallelism: 0.54x
[2026-04-03T03:31:53.222+0600][42.059s][info][gc,stats    ]   CWRF: <total>                     200 us
[2026-04-03T03:31:53.222+0600][42.059s][info][gc,stats    ]   CWRF: Weak References             200 us, workers (us):  96, 103,   2, ---, ---, ---, 
[2026-04-03T03:31:53.222+0600][42.059s][info][gc,stats    ] Concurrent Weak Roots              2959 us
[2026-04-03T03:31:53.222+0600][42.059s][info][gc,stats    ]   Roots                            2552 us, parallelism: 2.48x
[2026-04-03T03:31:53.222+0600][42.059s][info][gc,stats    ]     CWR: <total>                   6329 us
[2026-04-03T03:31:53.222+0600][42.059s][info][gc,stats    ]     CWR: Code Cache Roots          4508 us, workers (us): 1554, 1506, 1448, ---, ---, ---, 
[2026-04-03T03:31:53.222+0600][42.059s][info][gc,stats    ]     CWR: VM Weak Roots             1724 us, workers (us): 614, 606, 504, ---, ---, ---, 
[2026-04-03T03:31:53.222+0600][42.059s][info][gc,stats    ]     CWR: CLDG Roots                  97 us, workers (us):  97, ---, ---, ---, ---, ---, 
[2026-04-03T03:31:53.222+0600][42.059s][info][gc,stats    ]   Rendezvous                        279 us
[2026-04-03T03:31:53.222+0600][42.059s][info][gc,stats    ] Concurrent Cleanup                  369 us
[2026-04-03T03:31:53.222+0600][42.059s][info][gc,stats    ] Concurrent Class Unloading         7801 us
[2026-04-03T03:31:53.222+0600][42.059s][info][gc,stats    ]   Unlink Stale                     6762 us
[2026-04-03T03:31:53.222+0600][42.059s][info][gc,stats    ]     System Dictionary               162 us
[2026-04-03T03:31:53.222+0600][42.059s][info][gc,stats    ]     Weak Class Links                  1 us
[2026-04-03T03:31:53.222+0600][42.059s][info][gc,stats    ]     Code Roots                     6595 us
[2026-04-03T03:31:53.222+0600][42.059s][info][gc,stats    ]   Rendezvous                        357 us
[2026-04-03T03:31:53.222+0600][42.059s][info][gc,stats    ]   Purge Unlinked                    541 us
[2026-04-03T03:31:53.222+0600][42.059s][info][gc,stats    ]     Code Roots                      527 us
[2026-04-03T03:31:53.222+0600][42.059s][info][gc,stats    ]     CLDG                             14 us
[2026-04-03T03:31:53.222+0600][42.059s][info][gc,stats    ]     Exception Caches                  0 us
[2026-04-03T03:31:53.222+0600][42.059s][info][gc,stats    ] Concurrent Strong Roots             941 us, parallelism: 0.59x
[2026-04-03T03:31:53.222+0600][42.059s][info][gc,stats    ]   CSR: <total>                      555 us
[2026-04-03T03:31:53.222+0600][42.059s][info][gc,stats    ]   CSR: VM Strong Roots               32 us, workers (us):  30,   2,   0, ---, ---, ---, 
[2026-04-03T03:31:53.222+0600][42.059s][info][gc,stats    ]   CSR: CLDG Roots                   523 us, workers (us): 523, ---, ---, ---, ---, ---, 
[2026-04-03T03:31:53.222+0600][42.059s][info][gc,stats    ] Concurrent Evacuation             47539 us
[2026-04-03T03:31:53.222+0600][42.059s][info][gc,stats    ] Pause Init Update Refs (G)          715 us
[2026-04-03T03:31:53.222+0600][42.059s][info][gc,stats    ] Pause Init Update Refs (N)          206 us
[2026-04-03T03:31:53.222+0600][42.059s][info][gc,stats    ]   Manage GCLABs                      44 us
[2026-04-03T03:31:53.222+0600][42.059s][info][gc,stats    ] Concurrent Update Refs           293472 us
[2026-04-03T03:31:53.222+0600][42.059s][info][gc,stats    ] Concurrent Update Thread Roots     1345 us
[2026-04-03T03:31:53.222+0600][42.059s][info][gc,stats    ] Pause Final Update Refs (G)         517 us
[2026-04-03T03:31:53.222+0600][42.059s][info][gc,stats    ] Pause Final Update Refs (N)         257 us
[2026-04-03T03:31:53.222+0600][42.059s][info][gc,stats    ]   Update Region States               54 us
[2026-04-03T03:31:53.222+0600][42.059s][info][gc,stats    ]   Trash Collection Set               16 us
[2026-04-03T03:31:53.222+0600][42.059s][info][gc,stats    ]   Rebuild Free Set                   40 us
[2026-04-03T03:31:53.222+0600][42.059s][info][gc,stats    ] Concurrent Cleanup                  384 us
[2026-04-03T03:31:53.222+0600][42.059s][info][gc,stats    ] Pacing                           226372 us
[2026-04-03T03:31:53.222+0600][42.059s][info][gc,stats    ] 
[2026-04-03T03:31:53.222+0600][42.059s][info][gc,stats    ] Allocation pacing accrued:
[2026-04-03T03:31:53.222+0600][42.059s][info][gc,stats    ]      75 of  1625 ms (  4.6%): Executor task launch worker for task 1.0 in stage 15.0 (TID 25)
[2026-04-03T03:31:53.222+0600][42.059s][info][gc,stats    ]      76 of  1625 ms (  4.7%): Executor task launch worker for task 2.0 in stage 15.0 (TID 26)
[2026-04-03T03:31:53.223+0600][42.059s][info][gc,stats    ]      75 of  1625 ms (  4.6%): Executor task launch worker for task 0.0 in stage 15.0 (TID 24)
[2026-04-03T03:31:53.223+0600][42.059s][info][gc,stats    ]     226 of  1625 ms ( 13.9%): <total>
[2026-04-03T03:31:53.223+0600][42.059s][info][gc,stats    ]       2 of  1625 ms (  0.1%): <average total>
[2026-04-03T03:31:53.223+0600][42.059s][info][gc,stats    ]      75 of  1625 ms (  4.6%): <average non-zero>
[2026-04-03T03:31:53.223+0600][42.059s][info][gc,stats    ] 
[2026-04-03T03:31:53.223+0600][42.059s][info][gc,metaspace] Metaspace: 72612K(73536K)->72613K(73536K) NonClass: 63342K(63872K)->63343K(63872K) Class: 9270K(9664K)->9270K(9664K)
[2026-04-03T03:31:53.223+0600][42.059s][info][gc,ergo     ] Pacer for Idle. Initial: 30720K, Alloc Tax Rate: 1.0x
[2026-04-03T03:31:53.315+0600][42.152s][info][gc          ] Trigger: Average GC time (964.82 ms) is above the time for average allocation rate (579 MB/s) to deplete free headroom (558M) (margin of error = 1.85)
[2026-04-03T03:31:53.316+0600][42.152s][info][gc,ergo     ] Free headroom: 633M (free) - 76800K (spike) - 0B (penalties) = 558M
[2026-04-03T03:31:53.316+0600][42.152s][info][gc,ergo     ] Free: 633M, Max: 512K regular, 305M humongous, Frag: 52% external, 0% internal; Reserve: 76800K, Max: 512K
[2026-04-03T03:31:53.316+0600][42.152s][info][gc,start    ] GC(32) Concurrent reset
[2026-04-03T03:31:53.316+0600][42.152s][info][gc,task     ] GC(32) Using 3 of 6 workers for concurrent reset
[2026-04-03T03:31:53.316+0600][42.152s][info][gc,ergo     ] GC(32) Pacer for Reset. Non-Taxable: 1500M
[2026-04-03T03:31:53.318+0600][42.155s][info][gc          ] GC(32) Concurrent reset 2.758ms
[2026-04-03T03:31:53.319+0600][42.155s][info][gc,start    ] GC(32) Pause Init Mark (unload classes)
[2026-04-03T03:31:53.319+0600][42.156s][info][gc,task     ] GC(32) Using 6 of 6 workers for init marking
[2026-04-03T03:31:53.319+0600][42.156s][info][gc,ergo     ] GC(32) Pacer for Mark. Expected Live: 279M, Free: 632M, Non-Taxable: 64766K, Alloc Tax Rate: 0.5x
[2026-04-03T03:31:53.319+0600][42.156s][info][gc          ] GC(32) Pause Init Mark (unload classes) 0.310ms
[2026-04-03T03:31:53.319+0600][42.156s][info][gc,start    ] GC(32) Concurrent marking roots
[2026-04-03T03:31:53.319+0600][42.156s][info][gc,task     ] GC(32) Using 3 of 6 workers for concurrent marking roots
[2026-04-03T03:31:53.320+0600][42.157s][info][gc          ] GC(32) Concurrent marking roots 1.151ms
[2026-04-03T03:31:53.320+0600][42.157s][info][gc,start    ] GC(32) Concurrent marking (unload classes)
[2026-04-03T03:31:53.320+0600][42.157s][info][gc,task     ] GC(32) Using 3 of 6 workers for concurrent marking
[2026-04-03T03:31:53.669+0600][42.506s][info][gc          ] GC(32) Concurrent marking (unload classes) 348.809ms
[2026-04-03T03:31:53.669+0600][42.506s][info][gc,start    ] GC(32) Pause Final Mark (unload classes)
[2026-04-03T03:31:53.670+0600][42.506s][info][gc,task     ] GC(32) Using 6 of 6 workers for final marking
[2026-04-03T03:31:53.670+0600][42.507s][info][gc,ergo     ] GC(32) Adaptive CSet Selection. Target Free: 212M, Actual Free: 595M, Max CSet: 64000K, Min Garbage: 0B
[2026-04-03T03:31:53.670+0600][42.507s][info][gc,ergo     ] GC(32) Collectable Garbage: 494M (98%), Immediate: 23040K (4%), CSet: 472M (93%)
[2026-04-03T03:31:53.670+0600][42.507s][info][gc,ergo     ] GC(32) Pacer for Evacuation. Used CSet: 534M, Free: 526M, Non-Taxable: 53912K, Alloc Tax Rate: 2.5x
[2026-04-03T03:31:53.670+0600][42.507s][info][gc          ] GC(32) Pause Final Mark (unload classes) 0.985ms
[2026-04-03T03:31:53.670+0600][42.507s][info][gc,start    ] GC(32) Concurrent thread roots
[2026-04-03T03:31:53.671+0600][42.507s][info][gc,task     ] GC(32) Using 3 of 6 workers for Concurrent thread roots
[2026-04-03T03:31:53.671+0600][42.508s][info][gc          ] GC(32) Concurrent thread roots 0.562ms
[2026-04-03T03:31:53.671+0600][42.508s][info][gc,start    ] GC(32) Concurrent weak references
[2026-04-03T03:31:53.671+0600][42.508s][info][gc,task     ] GC(32) Using 3 of 6 workers for concurrent weak references
[2026-04-03T03:31:53.671+0600][42.508s][info][gc,ref      ] GC(32) Encountered references: Soft: 3284, Weak: 6395, Final: 84, Phantom: 598
[2026-04-03T03:31:53.671+0600][42.508s][info][gc,ref      ] GC(32) Discovered  references: Soft: 0, Weak: 654, Final: 0, Phantom: 595
[2026-04-03T03:31:53.671+0600][42.508s][info][gc,ref      ] GC(32) Enqueued    references: Soft: 0, Weak: 79, Final: 0, Phantom: 0
[2026-04-03T03:31:53.671+0600][42.508s][info][gc          ] GC(32) Concurrent weak references 0.211ms
[2026-04-03T03:31:53.671+0600][42.508s][info][gc,start    ] GC(32) Concurrent weak roots
[2026-04-03T03:31:53.671+0600][42.508s][info][gc,task     ] GC(32) Using 3 of 6 workers for concurrent weak root
[2026-04-03T03:31:53.674+0600][42.511s][info][gc          ] GC(32) Concurrent weak roots 2.587ms
[2026-04-03T03:31:53.674+0600][42.511s][info][gc,start    ] GC(32) Concurrent cleanup
[2026-04-03T03:31:53.674+0600][42.511s][info][gc          ] GC(32) Concurrent cleanup 917M->895M(1162M) 0.532ms
[2026-04-03T03:31:53.674+0600][42.511s][info][gc,ergo     ] GC(32) Free: 522M, Max: 512K regular, 305M humongous, Frag: 42% external, 0% internal; Reserve: 76030K, Max: 512K
[2026-04-03T03:31:53.675+0600][42.511s][info][gc,start    ] GC(32) Concurrent class unloading
[2026-04-03T03:31:53.675+0600][42.511s][info][gc,task     ] GC(32) Using 3 of 6 workers for concurrent class unloading
[2026-04-03T03:31:53.681+0600][42.518s][info][gc          ] GC(32) Concurrent class unloading 6.713ms
[2026-04-03T03:31:53.681+0600][42.518s][info][gc,start    ] GC(32) Concurrent strong roots
[2026-04-03T03:31:53.681+0600][42.518s][info][gc,task     ] GC(32) Using 3 of 6 workers for concurrent strong root
[2026-04-03T03:31:53.682+0600][42.519s][info][gc          ] GC(32) Concurrent strong roots 1.015ms
[2026-04-03T03:31:53.682+0600][42.519s][info][gc,start    ] GC(32) Concurrent evacuation
[2026-04-03T03:31:53.682+0600][42.519s][info][gc,task     ] GC(32) Using 3 of 6 workers for concurrent evacuation
[2026-04-03T03:31:53.744+0600][42.581s][info][gc          ] GC(32) Concurrent evacuation 61.751ms
[2026-04-03T03:31:53.744+0600][42.581s][info][gc,start    ] GC(32) Pause Init Update Refs
[2026-04-03T03:31:53.745+0600][42.581s][info][gc,ergo     ] GC(32) Pacer for Update Refs. Used: 1008M, Free: 473M, Non-Taxable: 48536K, Alloc Tax Rate: 2.6x
[2026-04-03T03:31:53.745+0600][42.581s][info][gc          ] GC(32) Pause Init Update Refs 0.159ms
[2026-04-03T03:31:53.745+0600][42.582s][info][gc,start    ] GC(32) Concurrent update references
[2026-04-03T03:31:53.745+0600][42.582s][info][gc,task     ] GC(32) Using 3 of 6 workers for concurrent reference update
[2026-04-03T03:31:54.007+0600][42.844s][info][gc          ] GC(32) Concurrent update references 261.988ms
[2026-04-03T03:31:54.007+0600][42.844s][info][gc,start    ] GC(32) Concurrent update thread roots
[2026-04-03T03:31:54.008+0600][42.845s][info][gc          ] GC(32) Concurrent update thread roots 1.467ms
[2026-04-03T03:31:54.009+0600][42.845s][info][gc,start    ] GC(32) Pause Final Update Refs
[2026-04-03T03:31:54.009+0600][42.845s][info][gc,task     ] GC(32) Using 6 of 6 workers for final reference update
[2026-04-03T03:31:54.009+0600][42.846s][info][gc          ] GC(32) Pause Final Update Refs 0.229ms
[2026-04-03T03:31:54.009+0600][42.846s][info][gc,start    ] GC(32) Concurrent cleanup
[2026-04-03T03:31:54.009+0600][42.846s][info][gc          ] GC(32) Concurrent cleanup 1184M->650M(1252M) 0.388ms
[2026-04-03T03:31:54.010+0600][42.846s][info][gc,ergo     ] Free: 768M, Max: 512K regular, 260M humongous, Frag: 67% external, 0% internal; Reserve: 76800K, Max: 512K
[2026-04-03T03:31:54.010+0600][42.846s][info][gc,stats    ] 
[2026-04-03T03:31:54.010+0600][42.846s][info][gc,stats    ] All times are wall-clock times, except per-root-class counters, that are sum over
[2026-04-03T03:31:54.010+0600][42.846s][info][gc,stats    ] all workers. Dividing the <total> over the root stage time estimates parallelism.
[2026-04-03T03:31:54.010+0600][42.846s][info][gc,stats    ] 
[2026-04-03T03:31:54.010+0600][42.846s][info][gc,stats    ] Concurrent Reset                   2848 us
[2026-04-03T03:31:54.010+0600][42.846s][info][gc,stats    ] Pause Init Mark (G)                 578 us
[2026-04-03T03:31:54.010+0600][42.846s][info][gc,stats    ] Pause Init Mark (N)                 342 us
[2026-04-03T03:31:54.010+0600][42.846s][info][gc,stats    ]   Update Region States               67 us
[2026-04-03T03:31:54.010+0600][42.846s][info][gc,stats    ] Concurrent Mark Roots              1213 us, parallelism: 1.64x
[2026-04-03T03:31:54.010+0600][42.846s][info][gc,stats    ]   CMR: <total>                     1984 us
[2026-04-03T03:31:54.010+0600][42.846s][info][gc,stats    ]   CMR: Thread Roots                1573 us, workers (us): 638, 627, 307, ---, ---, ---, 
[2026-04-03T03:31:54.010+0600][42.846s][info][gc,stats    ]   CMR: VM Strong Roots               83 us, workers (us):  49,  33,   2, ---, ---, ---, 
[2026-04-03T03:31:54.010+0600][42.846s][info][gc,stats    ]   CMR: CLDG Roots                   328 us, workers (us): ---, ---, 328, ---, ---, ---, 
[2026-04-03T03:31:54.010+0600][42.846s][info][gc,stats    ] Concurrent Marking               348903 us
[2026-04-03T03:31:54.010+0600][42.846s][info][gc,stats    ] Pause Final Mark (G)               1236 us
[2026-04-03T03:31:54.010+0600][42.846s][info][gc,stats    ] Pause Final Mark (N)                999 us
[2026-04-03T03:31:54.010+0600][42.846s][info][gc,stats    ]   Finish Mark                       263 us
[2026-04-03T03:31:54.010+0600][42.846s][info][gc,stats    ]   Update Region States               56 us
[2026-04-03T03:31:54.010+0600][42.846s][info][gc,stats    ]   Choose Collection Set             457 us
[2026-04-03T03:31:54.010+0600][42.846s][info][gc,stats    ]   Rebuild Free Set                   30 us
[2026-04-03T03:31:54.010+0600][42.846s][info][gc,stats    ] Concurrent Thread Roots             585 us, parallelism: 2.33x
[2026-04-03T03:31:54.010+0600][42.846s][info][gc,stats    ]   CTR: <total>                     1362 us
[2026-04-03T03:31:54.010+0600][42.846s][info][gc,stats    ]   CTR: Thread Roots                1362 us, workers (us): 471, 477, 414, ---, ---, ---, 
[2026-04-03T03:31:54.010+0600][42.847s][info][gc,stats    ] Concurrent Weak References          222 us, parallelism: 0.78x
[2026-04-03T03:31:54.010+0600][42.847s][info][gc,stats    ]   CWRF: <total>                     175 us
[2026-04-03T03:31:54.010+0600][42.847s][info][gc,stats    ]   CWRF: Weak References             175 us, workers (us):  91,  79,   5, ---, ---, ---, 
[2026-04-03T03:31:54.010+0600][42.847s][info][gc,stats    ] Concurrent Weak Roots              2633 us
[2026-04-03T03:31:54.010+0600][42.847s][info][gc,stats    ]   Roots                            2370 us, parallelism: 2.61x
[2026-04-03T03:31:54.010+0600][42.847s][info][gc,stats    ]     CWR: <total>                   6175 us
[2026-04-03T03:31:54.010+0600][42.847s][info][gc,stats    ]     CWR: Code Cache Roots          4572 us, workers (us): 1402, 1640, 1530, ---, ---, ---, 
[2026-04-03T03:31:54.010+0600][42.847s][info][gc,stats    ]     CWR: VM Weak Roots             1474 us, workers (us): 502, 486, 486, ---, ---, ---, 
[2026-04-03T03:31:54.010+0600][42.847s][info][gc,stats    ]     CWR: CLDG Roots                 129 us, workers (us): 129, ---, ---, ---, ---, ---, 
[2026-04-03T03:31:54.010+0600][42.847s][info][gc,stats    ]   Rendezvous                        192 us
[2026-04-03T03:31:54.010+0600][42.847s][info][gc,stats    ] Concurrent Cleanup                  554 us
[2026-04-03T03:31:54.010+0600][42.847s][info][gc,stats    ] Concurrent Class Unloading         6786 us
[2026-04-03T03:31:54.010+0600][42.847s][info][gc,stats    ]   Unlink Stale                     6369 us
[2026-04-03T03:31:54.010+0600][42.847s][info][gc,stats    ]     System Dictionary               111 us
[2026-04-03T03:31:54.010+0600][42.847s][info][gc,stats    ]     Weak Class Links                  1 us
[2026-04-03T03:31:54.010+0600][42.847s][info][gc,stats    ]     Code Roots                     6253 us
[2026-04-03T03:31:54.010+0600][42.847s][info][gc,stats    ]   Rendezvous                        295 us
[2026-04-03T03:31:54.010+0600][42.847s][info][gc,stats    ]   Purge Unlinked                     15 us
[2026-04-03T03:31:54.010+0600][42.847s][info][gc,stats    ]     Code Roots                        6 us
[2026-04-03T03:31:54.010+0600][42.847s][info][gc,stats    ]     CLDG                              8 us
[2026-04-03T03:31:54.010+0600][42.847s][info][gc,stats    ]     Exception Caches                  1 us
[2026-04-03T03:31:54.010+0600][42.847s][info][gc,stats    ] Concurrent Strong Roots            1042 us, parallelism: 0.66x
[2026-04-03T03:31:54.010+0600][42.847s][info][gc,stats    ]   CSR: <total>                      684 us
[2026-04-03T03:31:54.010+0600][42.847s][info][gc,stats    ]   CSR: VM Strong Roots              104 us, workers (us):  32,  33,  38, ---, ---, ---, 
[2026-04-03T03:31:54.010+0600][42.847s][info][gc,stats    ]   CSR: CLDG Roots                   580 us, workers (us): 580, ---, ---, ---, ---, ---, 
[2026-04-03T03:31:54.010+0600][42.847s][info][gc,stats    ] Concurrent Evacuation             61856 us
[2026-04-03T03:31:54.010+0600][42.847s][info][gc,stats    ] Pause Init Update Refs (G)          625 us
[2026-04-03T03:31:54.010+0600][42.847s][info][gc,stats    ] Pause Init Update Refs (N)          176 us
[2026-04-03T03:31:54.010+0600][42.847s][info][gc,stats    ]   Manage GCLABs                      54 us
[2026-04-03T03:31:54.010+0600][42.847s][info][gc,stats    ] Concurrent Update Refs           262083 us
[2026-04-03T03:31:54.010+0600][42.847s][info][gc,stats    ] Concurrent Update Thread Roots     1559 us
[2026-04-03T03:31:54.010+0600][42.847s][info][gc,stats    ] Pause Final Update Refs (G)         563 us
[2026-04-03T03:31:54.010+0600][42.847s][info][gc,stats    ] Pause Final Update Refs (N)         244 us
[2026-04-03T03:31:54.010+0600][42.847s][info][gc,stats    ]   Update Region States               51 us
[2026-04-03T03:31:54.010+0600][42.847s][info][gc,stats    ]   Trash Collection Set               20 us
[2026-04-03T03:31:54.010+0600][42.847s][info][gc,stats    ]   Rebuild Free Set                   35 us
[2026-04-03T03:31:54.010+0600][42.847s][info][gc,stats    ] Concurrent Cleanup                  414 us
[2026-04-03T03:31:54.010+0600][42.847s][info][gc,stats    ] Pacing                           481968 us
[2026-04-03T03:31:54.010+0600][42.847s][info][gc,stats    ] 
[2026-04-03T03:31:54.010+0600][42.847s][info][gc,stats    ] Allocation pacing accrued:
[2026-04-03T03:31:54.010+0600][42.847s][info][gc,stats    ]     159 of   788 ms ( 20.2%): Executor task launch worker for task 1.0 in stage 15.0 (TID 25)
[2026-04-03T03:31:54.010+0600][42.847s][info][gc,stats    ]     165 of   788 ms ( 21.0%): Executor task launch worker for task 2.0 in stage 15.0 (TID 26)
[2026-04-03T03:31:54.010+0600][42.847s][info][gc,stats    ]     157 of   788 ms ( 20.0%): Executor task launch worker for task 0.0 in stage 15.0 (TID 24)
[2026-04-03T03:31:54.010+0600][42.847s][info][gc,stats    ]     482 of   788 ms ( 61.2%): <total>
[2026-04-03T03:31:54.010+0600][42.847s][info][gc,stats    ]       3 of   788 ms (  0.4%): <average total>
[2026-04-03T03:31:54.010+0600][42.847s][info][gc,stats    ]     161 of   788 ms ( 20.4%): <average non-zero>
[2026-04-03T03:31:54.010+0600][42.847s][info][gc,stats    ] 
[2026-04-03T03:31:54.010+0600][42.847s][info][gc,metaspace] Metaspace: 72613K(73536K)->72613K(73536K) NonClass: 63343K(63872K)->63343K(63872K) Class: 9270K(9664K)->9270K(9664K)
[2026-04-03T03:31:54.010+0600][42.847s][info][gc,ergo     ] Pacer for Idle. Initial: 30720K, Alloc Tax Rate: 1.0x
[2026-04-03T03:31:54.112+0600][42.949s][info][gc          ] Trigger: Average GC time (885.52 ms) is above the time for average allocation rate (880 MB/s) to deplete free headroom (571M) (margin of error = 1.86)
[2026-04-03T03:31:54.112+0600][42.949s][info][gc,ergo     ] Free headroom: 646M (free) - 76800K (spike) - 0B (penalties) = 571M
[2026-04-03T03:31:54.112+0600][42.949s][info][gc,ergo     ] Free: 646M, Max: 512K regular, 260M humongous, Frag: 60% external, 0% internal; Reserve: 76800K, Max: 512K
[2026-04-03T03:31:54.112+0600][42.949s][info][gc,start    ] GC(33) Concurrent reset
[2026-04-03T03:31:54.112+0600][42.949s][info][gc,task     ] GC(33) Using 3 of 6 workers for concurrent reset
[2026-04-03T03:31:54.112+0600][42.949s][info][gc,ergo     ] GC(33) Pacer for Reset. Non-Taxable: 1500M
[2026-04-03T03:31:54.115+0600][42.952s][info][gc          ] GC(33) Concurrent reset 2.576ms
[2026-04-03T03:31:54.115+0600][42.952s][info][gc,start    ] GC(33) Pause Init Mark (unload classes)
[2026-04-03T03:31:54.115+0600][42.952s][info][gc,task     ] GC(33) Using 6 of 6 workers for init marking
[2026-04-03T03:31:54.116+0600][42.952s][info][gc,ergo     ] GC(33) Pacer for Mark. Expected Live: 282M, Free: 643M, Non-Taxable: 65894K, Alloc Tax Rate: 0.5x
[2026-04-03T03:31:54.116+0600][42.952s][info][gc          ] GC(33) Pause Init Mark (unload classes) 0.246ms
[2026-04-03T03:31:54.116+0600][42.952s][info][gc,start    ] GC(33) Concurrent marking roots
[2026-04-03T03:31:54.116+0600][42.952s][info][gc,task     ] GC(33) Using 3 of 6 workers for concurrent marking roots
[2026-04-03T03:31:54.117+0600][42.954s][info][gc          ] GC(33) Concurrent marking roots 1.218ms
[2026-04-03T03:31:54.117+0600][42.954s][info][gc,start    ] GC(33) Concurrent marking (unload classes)
[2026-04-03T03:31:54.117+0600][42.954s][info][gc,task     ] GC(33) Using 3 of 6 workers for concurrent marking
[2026-04-03T03:31:54.464+0600][43.301s][info][gc          ] GC(33) Concurrent marking (unload classes) 347.371ms
[2026-04-03T03:31:54.465+0600][43.301s][info][gc,start    ] GC(33) Pause Final Mark (unload classes)
[2026-04-03T03:31:54.465+0600][43.301s][info][gc,task     ] GC(33) Using 6 of 6 workers for final marking
[2026-04-03T03:31:54.465+0600][43.302s][info][gc,ergo     ] GC(33) Adaptive CSet Selection. Target Free: 212M, Actual Free: 597M, Max CSet: 64000K, Min Garbage: 0B
[2026-04-03T03:31:54.465+0600][43.302s][info][gc,ergo     ] GC(33) Collectable Garbage: 467M (97%), Immediate: 6144K (1%), CSet: 461M (96%)
[2026-04-03T03:31:54.466+0600][43.302s][info][gc,ergo     ] GC(33) Pacer for Evacuation. Used CSet: 502M, Free: 523M, Non-Taxable: 53606K, Alloc Tax Rate: 2.3x
[2026-04-03T03:31:54.466+0600][43.302s][info][gc          ] GC(33) Pause Final Mark (unload classes) 0.885ms
[2026-04-03T03:31:54.466+0600][43.302s][info][gc,start    ] GC(33) Concurrent thread roots
[2026-04-03T03:31:54.466+0600][43.302s][info][gc,task     ] GC(33) Using 3 of 6 workers for Concurrent thread roots
[2026-04-03T03:31:54.466+0600][43.303s][info][gc          ] GC(33) Concurrent thread roots 0.533ms
[2026-04-03T03:31:54.466+0600][43.303s][info][gc,start    ] GC(33) Concurrent weak references
[2026-04-03T03:31:54.466+0600][43.303s][info][gc,task     ] GC(33) Using 3 of 6 workers for concurrent weak references
[2026-04-03T03:31:54.466+0600][43.303s][info][gc,ref      ] GC(33) Encountered references: Soft: 3284, Weak: 6316, Final: 84, Phantom: 598
[2026-04-03T03:31:54.466+0600][43.303s][info][gc,ref      ] GC(33) Discovered  references: Soft: 0, Weak: 525, Final: 0, Phantom: 595
[2026-04-03T03:31:54.466+0600][43.303s][info][gc,ref      ] GC(33) Enqueued    references: Soft: 0, Weak: 0, Final: 0, Phantom: 0
[2026-04-03T03:31:54.466+0600][43.303s][info][gc          ] GC(33) Concurrent weak references 0.236ms
[2026-04-03T03:31:54.466+0600][43.303s][info][gc,start    ] GC(33) Concurrent weak roots
[2026-04-03T03:31:54.466+0600][43.303s][info][gc,task     ] GC(33) Using 3 of 6 workers for concurrent weak root
[2026-04-03T03:31:54.468+0600][43.305s][info][gc          ] GC(33) Concurrent weak roots 1.996ms
[2026-04-03T03:31:54.469+0600][43.305s][info][gc,start    ] GC(33) Concurrent cleanup
[2026-04-03T03:31:54.469+0600][43.305s][info][gc          ] GC(33) Concurrent cleanup 905M->899M(1252M) 0.147ms
[2026-04-03T03:31:54.469+0600][43.305s][info][gc,ergo     ] GC(33) Free: 521M, Max: 512K regular, 260M humongous, Frag: 50% external, 0% internal; Reserve: 76128K, Max: 512K
[2026-04-03T03:31:54.469+0600][43.305s][info][gc,start    ] GC(33) Concurrent class unloading
[2026-04-03T03:31:54.469+0600][43.305s][info][gc,task     ] GC(33) Using 3 of 6 workers for concurrent class unloading
[2026-04-03T03:31:54.474+0600][43.311s][info][gc          ] GC(33) Concurrent class unloading 5.414ms
[2026-04-03T03:31:54.474+0600][43.311s][info][gc,start    ] GC(33) Concurrent strong roots
[2026-04-03T03:31:54.474+0600][43.311s][info][gc,task     ] GC(33) Using 3 of 6 workers for concurrent strong root
[2026-04-03T03:31:54.475+0600][43.312s][info][gc          ] GC(33) Concurrent strong roots 0.800ms
[2026-04-03T03:31:54.475+0600][43.312s][info][gc,start    ] GC(33) Concurrent evacuation
[2026-04-03T03:31:54.475+0600][43.312s][info][gc,task     ] GC(33) Using 3 of 6 workers for concurrent evacuation
[2026-04-03T03:31:54.515+0600][43.352s][info][gc          ] GC(33) Concurrent evacuation 39.782ms
[2026-04-03T03:31:54.515+0600][43.352s][info][gc,start    ] GC(33) Pause Init Update Refs
[2026-04-03T03:31:54.538+0600][43.375s][info][gc,ergo     ] GC(33) Pacer for Update Refs. Used: 973M, Free: 489M, Non-Taxable: 50073K, Alloc Tax Rate: 2.4x
[2026-04-03T03:31:54.538+0600][43.375s][info][gc          ] GC(33) Pause Init Update Refs 22.901ms
[2026-04-03T03:31:54.538+0600][43.375s][info][gc,start    ] GC(33) Concurrent update references
[2026-04-03T03:31:54.539+0600][43.375s][info][gc,task     ] GC(33) Using 3 of 6 workers for concurrent reference update
[2026-04-03T03:31:54.775+0600][43.611s][info][gc          ] GC(33) Concurrent update references 236.144ms
[2026-04-03T03:31:54.775+0600][43.611s][info][gc,start    ] GC(33) Concurrent update thread roots
[2026-04-03T03:31:54.776+0600][43.613s][info][gc          ] GC(33) Concurrent update thread roots 1.359ms
[2026-04-03T03:31:54.776+0600][43.613s][info][gc,start    ] GC(33) Pause Final Update Refs
[2026-04-03T03:31:54.776+0600][43.613s][info][gc,task     ] GC(33) Using 6 of 6 workers for final reference update
[2026-04-03T03:31:54.777+0600][43.613s][info][gc          ] GC(33) Pause Final Update Refs 0.263ms
[2026-04-03T03:31:54.777+0600][43.613s][info][gc,start    ] GC(33) Concurrent cleanup
[2026-04-03T03:31:54.777+0600][43.614s][info][gc          ] GC(33) Concurrent cleanup 1131M->629M(1252M) 0.509ms
[2026-04-03T03:31:54.777+0600][43.614s][info][gc,ergo     ] Free: 790M, Max: 512K regular, 238M humongous, Frag: 70% external, 0% internal; Reserve: 76800K, Max: 512K
[2026-04-03T03:31:54.777+0600][43.614s][info][gc,stats    ] 
[2026-04-03T03:31:54.777+0600][43.614s][info][gc,stats    ] All times are wall-clock times, except per-root-class counters, that are sum over
[2026-04-03T03:31:54.777+0600][43.614s][info][gc,stats    ] all workers. Dividing the <total> over the root stage time estimates parallelism.
[2026-04-03T03:31:54.777+0600][43.614s][info][gc,stats    ] 
[2026-04-03T03:31:54.777+0600][43.614s][info][gc,stats    ] Concurrent Reset                   2687 us
[2026-04-03T03:31:54.777+0600][43.614s][info][gc,stats    ] Pause Init Mark (G)                 748 us
[2026-04-03T03:31:54.777+0600][43.614s][info][gc,stats    ] Pause Init Mark (N)                 287 us
[2026-04-03T03:31:54.777+0600][43.614s][info][gc,stats    ]   Update Region States               46 us
[2026-04-03T03:31:54.777+0600][43.614s][info][gc,stats    ] Concurrent Mark Roots              1321 us, parallelism: 1.50x
[2026-04-03T03:31:54.777+0600][43.614s][info][gc,stats    ]   CMR: <total>                     1979 us
[2026-04-03T03:31:54.778+0600][43.614s][info][gc,stats    ]   CMR: Thread Roots                1596 us, workers (us): 654, 308, 634, ---, ---, ---, 
[2026-04-03T03:31:54.778+0600][43.614s][info][gc,stats    ]   CMR: VM Strong Roots               43 us, workers (us):  37,   5,   1, ---, ---, ---, 
[2026-04-03T03:31:54.778+0600][43.614s][info][gc,stats    ]   CMR: CLDG Roots                   340 us, workers (us): ---, 340, ---, ---, ---, ---, 
[2026-04-03T03:31:54.778+0600][43.614s][info][gc,stats    ] Concurrent Marking               347447 us
[2026-04-03T03:31:54.778+0600][43.614s][info][gc,stats    ] Pause Final Mark (G)               1104 us
[2026-04-03T03:31:54.778+0600][43.614s][info][gc,stats    ] Pause Final Mark (N)                895 us
[2026-04-03T03:31:54.778+0600][43.614s][info][gc,stats    ]   Finish Mark                       327 us
[2026-04-03T03:31:54.778+0600][43.614s][info][gc,stats    ]   Update Region States               40 us
[2026-04-03T03:31:54.778+0600][43.614s][info][gc,stats    ]   Choose Collection Set             368 us
[2026-04-03T03:31:54.778+0600][43.614s][info][gc,stats    ]   Rebuild Free Set                   31 us
[2026-04-03T03:31:54.778+0600][43.614s][info][gc,stats    ] Concurrent Thread Roots             563 us, parallelism: 1.84x
[2026-04-03T03:31:54.778+0600][43.614s][info][gc,stats    ]   CTR: <total>                     1038 us
[2026-04-03T03:31:54.778+0600][43.614s][info][gc,stats    ]   CTR: Thread Roots                1038 us, workers (us): 363, 341, 334, ---, ---, ---, 
[2026-04-03T03:31:54.778+0600][43.614s][info][gc,stats    ] Concurrent Weak References          247 us, parallelism: 0.51x
[2026-04-03T03:31:54.778+0600][43.614s][info][gc,stats    ]   CWRF: <total>                     125 us
[2026-04-03T03:31:54.778+0600][43.614s][info][gc,stats    ]   CWRF: Weak References             125 us, workers (us):  77,  49,   0, ---, ---, ---, 
[2026-04-03T03:31:54.778+0600][43.614s][info][gc,stats    ] Concurrent Weak Roots              2053 us
[2026-04-03T03:31:54.778+0600][43.614s][info][gc,stats    ]   Roots                            1768 us, parallelism: 2.53x
[2026-04-03T03:31:54.778+0600][43.614s][info][gc,stats    ]     CWR: <total>                   4465 us
[2026-04-03T03:31:54.778+0600][43.614s][info][gc,stats    ]     CWR: Code Cache Roots          2980 us, workers (us): 913, 1046, 1020, ---, ---, ---, 
[2026-04-03T03:31:54.778+0600][43.614s][info][gc,stats    ]     CWR: VM Weak Roots             1446 us, workers (us): 518, 516, 412, ---, ---, ---, 
[2026-04-03T03:31:54.778+0600][43.615s][info][gc,stats    ]     CWR: CLDG Roots                  39 us, workers (us):  39, ---, ---, ---, ---, ---, 
[2026-04-03T03:31:54.778+0600][43.615s][info][gc,stats    ]   Rendezvous                        205 us
[2026-04-03T03:31:54.778+0600][43.615s][info][gc,stats    ] Concurrent Cleanup                  158 us
[2026-04-03T03:31:54.778+0600][43.615s][info][gc,stats    ] Concurrent Class Unloading         5501 us
[2026-04-03T03:31:54.778+0600][43.615s][info][gc,stats    ]   Unlink Stale                     5118 us
[2026-04-03T03:31:54.778+0600][43.615s][info][gc,stats    ]     System Dictionary                83 us
[2026-04-03T03:31:54.778+0600][43.615s][info][gc,stats    ]     Weak Class Links                  0 us
[2026-04-03T03:31:54.778+0600][43.615s][info][gc,stats    ]     Code Roots                     5030 us
[2026-04-03T03:31:54.778+0600][43.615s][info][gc,stats    ]   Rendezvous                        239 us
[2026-04-03T03:31:54.778+0600][43.615s][info][gc,stats    ]   Purge Unlinked                     24 us
[2026-04-03T03:31:54.778+0600][43.615s][info][gc,stats    ]     Code Roots                       15 us
[2026-04-03T03:31:54.778+0600][43.615s][info][gc,stats    ]     CLDG                              8 us
[2026-04-03T03:31:54.778+0600][43.615s][info][gc,stats    ]     Exception Caches                  0 us
[2026-04-03T03:31:54.778+0600][43.615s][info][gc,stats    ] Concurrent Strong Roots             841 us, parallelism: 0.58x
[2026-04-03T03:31:54.778+0600][43.615s][info][gc,stats    ]   CSR: <total>                      490 us
[2026-04-03T03:31:54.778+0600][43.615s][info][gc,stats    ]   CSR: VM Strong Roots               40 us, workers (us):  39,   1,   0, ---, ---, ---, 
[2026-04-03T03:31:54.778+0600][43.615s][info][gc,stats    ]   CSR: CLDG Roots                   449 us, workers (us): ---, 449, ---, ---, ---, ---, 
[2026-04-03T03:31:54.778+0600][43.615s][info][gc,stats    ] Concurrent Evacuation             39949 us
[2026-04-03T03:31:54.778+0600][43.615s][info][gc,stats    ] Pause Init Update Refs (G)        23456 us
[2026-04-03T03:31:54.778+0600][43.615s][info][gc,stats    ] Pause Init Update Refs (N)        22921 us
[2026-04-03T03:31:54.778+0600][43.615s][info][gc,stats    ]   Manage GCLABs                      70 us
[2026-04-03T03:31:54.778+0600][43.615s][info][gc,stats    ] Concurrent Update Refs           236287 us
[2026-04-03T03:31:54.778+0600][43.615s][info][gc,stats    ] Concurrent Update Thread Roots     1420 us
[2026-04-03T03:31:54.778+0600][43.615s][info][gc,stats    ] Pause Final Update Refs (G)         497 us
[2026-04-03T03:31:54.778+0600][43.615s][info][gc,stats    ] Pause Final Update Refs (N)         280 us
[2026-04-03T03:31:54.778+0600][43.615s][info][gc,stats    ]   Update Region States               61 us
[2026-04-03T03:31:54.778+0600][43.615s][info][gc,stats    ]   Trash Collection Set               21 us
[2026-04-03T03:31:54.778+0600][43.615s][info][gc,stats    ]   Rebuild Free Set                   41 us
[2026-04-03T03:31:54.778+0600][43.615s][info][gc,stats    ] Concurrent Cleanup                  544 us
[2026-04-03T03:31:54.778+0600][43.615s][info][gc,stats    ] Pacing                           487146 us
[2026-04-03T03:31:54.778+0600][43.615s][info][gc,stats    ] 
[2026-04-03T03:31:54.778+0600][43.615s][info][gc,stats    ] Allocation pacing accrued:
[2026-04-03T03:31:54.778+0600][43.615s][info][gc,stats    ]     161 of   768 ms ( 21.0%): Executor task launch worker for task 1.0 in stage 15.0 (TID 25)
[2026-04-03T03:31:54.778+0600][43.615s][info][gc,stats    ]     163 of   768 ms ( 21.2%): Executor task launch worker for task 2.0 in stage 15.0 (TID 26)
[2026-04-03T03:31:54.778+0600][43.615s][info][gc,stats    ]     163 of   768 ms ( 21.3%): Executor task launch worker for task 0.0 in stage 15.0 (TID 24)
[2026-04-03T03:31:54.778+0600][43.615s][info][gc,stats    ]     487 of   768 ms ( 63.4%): <total>
[2026-04-03T03:31:54.778+0600][43.615s][info][gc,stats    ]       4 of   768 ms (  0.5%): <average total>
[2026-04-03T03:31:54.778+0600][43.615s][info][gc,stats    ]     162 of   768 ms ( 21.1%): <average non-zero>
[2026-04-03T03:31:54.778+0600][43.615s][info][gc,stats    ] 
[2026-04-03T03:31:54.778+0600][43.615s][info][gc,metaspace] Metaspace: 72613K(73536K)->72615K(73536K) NonClass: 63343K(63872K)->63345K(63872K) Class: 9270K(9664K)->9270K(9664K)
[2026-04-03T03:31:54.778+0600][43.615s][info][gc,ergo     ] Pacer for Idle. Initial: 30720K, Alloc Tax Rate: 1.0x
[2026-04-03T03:31:54.974+0600][43.811s][info][gc          ] Trigger: Average GC time (822.53 ms) is above the time for average allocation rate (658 MB/s) to deplete free headroom (541M) (margin of error = 1.86)
[2026-04-03T03:31:54.974+0600][43.811s][info][gc,ergo     ] Free headroom: 616M (free) - 76800K (spike) - 0B (penalties) = 541M
[2026-04-03T03:31:54.974+0600][43.811s][info][gc,ergo     ] Free: 616M, Max: 512K regular, 238M humongous, Frag: 62% external, 0% internal; Reserve: 76800K, Max: 512K
[2026-04-03T03:31:54.974+0600][43.811s][info][gc,start    ] GC(34) Concurrent reset
[2026-04-03T03:31:54.974+0600][43.811s][info][gc,task     ] GC(34) Using 3 of 6 workers for concurrent reset
[2026-04-03T03:31:54.974+0600][43.811s][info][gc,ergo     ] GC(34) Pacer for Reset. Non-Taxable: 1500M
[2026-04-03T03:31:54.976+0600][43.813s][info][gc          ] GC(34) Concurrent reset 2.334ms
[2026-04-03T03:31:54.977+0600][43.813s][info][gc,start    ] GC(34) Pause Init Mark (unload classes)
[2026-04-03T03:31:54.977+0600][43.813s][info][gc,task     ] GC(34) Using 6 of 6 workers for init marking
[2026-04-03T03:31:54.977+0600][43.814s][info][gc,ergo     ] GC(34) Pacer for Mark. Expected Live: 284M, Free: 615M, Non-Taxable: 62976K, Alloc Tax Rate: 0.6x
[2026-04-03T03:31:54.977+0600][43.814s][info][gc          ] GC(34) Pause Init Mark (unload classes) 0.211ms
[2026-04-03T03:31:54.977+0600][43.814s][info][gc,start    ] GC(34) Concurrent marking roots
[2026-04-03T03:31:54.977+0600][43.814s][info][gc,task     ] GC(34) Using 3 of 6 workers for concurrent marking roots
[2026-04-03T03:31:54.978+0600][43.815s][info][gc          ] GC(34) Concurrent marking roots 1.050ms
[2026-04-03T03:31:54.978+0600][43.815s][info][gc,start    ] GC(34) Concurrent marking (unload classes)
[2026-04-03T03:31:54.978+0600][43.815s][info][gc,task     ] GC(34) Using 3 of 6 workers for concurrent marking
[2026-04-03T03:31:55.508+0600][44.344s][info][gc          ] GC(34) Concurrent marking (unload classes) 529.353ms
[2026-04-03T03:31:55.508+0600][44.345s][info][gc,start    ] GC(34) Pause Final Mark (unload classes)
[2026-04-03T03:31:55.508+0600][44.345s][info][gc,task     ] GC(34) Using 6 of 6 workers for final marking
[2026-04-03T03:31:55.509+0600][44.345s][info][gc,ergo     ] GC(34) Adaptive CSet Selection. Target Free: 212M, Actual Free: 672M, Max CSet: 64000K, Min Garbage: 0B
[2026-04-03T03:31:55.509+0600][44.346s][info][gc,ergo     ] GC(34) Collectable Garbage: 492M (97%), Immediate: 23040K (4%), CSet: 469M (92%)
[2026-04-03T03:31:55.509+0600][44.346s][info][gc,ergo     ] GC(34) Pacer for Evacuation. Used CSet: 523M, Free: 599M, Non-Taxable: 61414K, Alloc Tax Rate: 2.1x
[2026-04-03T03:31:55.509+0600][44.346s][info][gc          ] GC(34) Pause Final Mark (unload classes) 1.176ms
[2026-04-03T03:31:55.509+0600][44.346s][info][gc,start    ] GC(34) Concurrent thread roots
[2026-04-03T03:31:55.510+0600][44.346s][info][gc,task     ] GC(34) Using 3 of 6 workers for Concurrent thread roots
[2026-04-03T03:31:55.511+0600][44.347s][info][gc          ] GC(34) Concurrent thread roots 1.126ms
[2026-04-03T03:31:55.511+0600][44.347s][info][gc,start    ] GC(34) Concurrent weak references
[2026-04-03T03:31:55.511+0600][44.347s][info][gc,task     ] GC(34) Using 3 of 6 workers for concurrent weak references
[2026-04-03T03:31:55.511+0600][44.348s][info][gc,ref      ] GC(34) Encountered references: Soft: 3284, Weak: 6316, Final: 84, Phantom: 598
[2026-04-03T03:31:55.511+0600][44.348s][info][gc,ref      ] GC(34) Discovered  references: Soft: 0, Weak: 536, Final: 0, Phantom: 595
[2026-04-03T03:31:55.511+0600][44.348s][info][gc,ref      ] GC(34) Enqueued    references: Soft: 0, Weak: 0, Final: 0, Phantom: 0
[2026-04-03T03:31:55.511+0600][44.348s][info][gc          ] GC(34) Concurrent weak references 0.408ms
[2026-04-03T03:31:55.511+0600][44.348s][info][gc,start    ] GC(34) Concurrent weak roots
[2026-04-03T03:31:55.511+0600][44.348s][info][gc,task     ] GC(34) Using 3 of 6 workers for concurrent weak root
[2026-04-03T03:31:55.514+0600][44.351s][info][gc          ] GC(34) Concurrent weak roots 3.147ms
[2026-04-03T03:31:55.514+0600][44.351s][info][gc,start    ] GC(34) Concurrent cleanup
[2026-04-03T03:31:55.514+0600][44.351s][info][gc          ] GC(34) Concurrent cleanup 843M->820M(1252M) 0.244ms
[2026-04-03T03:31:55.515+0600][44.351s][info][gc,ergo     ] GC(34) Free: 599M, Max: 512K regular, 241M humongous, Frag: 60% external, 0% internal; Reserve: 75518K, Max: 512K
[2026-04-03T03:31:55.515+0600][44.351s][info][gc,start    ] GC(34) Concurrent class unloading
[2026-04-03T03:31:55.515+0600][44.351s][info][gc,task     ] GC(34) Using 3 of 6 workers for concurrent class unloading
[2026-04-03T03:31:55.523+0600][44.359s][info][gc          ] GC(34) Concurrent class unloading 7.951ms
[2026-04-03T03:31:55.523+0600][44.359s][info][gc,start    ] GC(34) Concurrent strong roots
[2026-04-03T03:31:55.523+0600][44.359s][info][gc,task     ] GC(34) Using 3 of 6 workers for concurrent strong root
[2026-04-03T03:31:55.524+0600][44.361s][info][gc          ] GC(34) Concurrent strong roots 1.246ms
[2026-04-03T03:31:55.524+0600][44.361s][info][gc,start    ] GC(34) Concurrent evacuation
[2026-04-03T03:31:55.524+0600][44.361s][info][gc,task     ] GC(34) Using 3 of 6 workers for concurrent evacuation
[2026-04-03T03:31:55.582+0600][44.419s][info][gc          ] GC(34) Concurrent evacuation 58.419ms
[2026-04-03T03:31:55.583+0600][44.419s][info][gc,start    ] GC(34) Pause Init Update Refs
[2026-04-03T03:31:55.583+0600][44.420s][info][gc,ergo     ] GC(34) Pacer for Update Refs. Used: 876M, Free: 597M, Non-Taxable: 61183K, Alloc Tax Rate: 1.8x
[2026-04-03T03:31:55.583+0600][44.420s][info][gc          ] GC(34) Pause Init Update Refs 0.221ms
[2026-04-03T03:31:55.583+0600][44.420s][info][gc,start    ] GC(34) Concurrent update references
[2026-04-03T03:31:55.583+0600][44.420s][info][gc,task     ] GC(34) Using 3 of 6 workers for concurrent reference update
[2026-04-03T03:31:55.820+0600][44.657s][info][gc          ] GC(34) Concurrent update references 236.736ms
[2026-04-03T03:31:55.820+0600][44.657s][info][gc,start    ] GC(34) Concurrent update thread roots
[2026-04-03T03:31:55.821+0600][44.658s][info][gc          ] GC(34) Concurrent update thread roots 1.009ms
[2026-04-03T03:31:55.821+0600][44.658s][info][gc,start    ] GC(34) Pause Final Update Refs
[2026-04-03T03:31:55.821+0600][44.658s][info][gc,task     ] GC(34) Using 6 of 6 workers for final reference update
[2026-04-03T03:31:55.821+0600][44.658s][info][gc          ] GC(34) Pause Final Update Refs 0.206ms
[2026-04-03T03:31:55.821+0600][44.658s][info][gc,start    ] GC(34) Concurrent cleanup
[2026-04-03T03:31:55.822+0600][44.659s][info][gc          ] GC(34) Concurrent cleanup 879M->355M(1252M) 0.415ms
[2026-04-03T03:31:55.822+0600][44.659s][info][gc,ergo     ] Free: 1061M, Max: 512K regular, 256M humongous, Frag: 76% external, 0% internal; Reserve: 76800K, Max: 512K
[2026-04-03T03:31:55.822+0600][44.659s][info][gc,stats    ] 
[2026-04-03T03:31:55.822+0600][44.659s][info][gc,stats    ] All times are wall-clock times, except per-root-class counters, that are sum over
[2026-04-03T03:31:55.822+0600][44.659s][info][gc,stats    ] all workers. Dividing the <total> over the root stage time estimates parallelism.
[2026-04-03T03:31:55.822+0600][44.659s][info][gc,stats    ] 
[2026-04-03T03:31:55.822+0600][44.659s][info][gc,stats    ] Concurrent Reset                   2378 us
[2026-04-03T03:31:55.822+0600][44.659s][info][gc,stats    ] Pause Init Mark (G)                 545 us
[2026-04-03T03:31:55.822+0600][44.659s][info][gc,stats    ] Pause Init Mark (N)                 221 us
[2026-04-03T03:31:55.822+0600][44.659s][info][gc,stats    ]   Update Region States               66 us
[2026-04-03T03:31:55.822+0600][44.659s][info][gc,stats    ] Concurrent Mark Roots              1113 us, parallelism: 1.58x
[2026-04-03T03:31:55.822+0600][44.659s][info][gc,stats    ]   CMR: <total>                     1758 us
[2026-04-03T03:31:55.822+0600][44.659s][info][gc,stats    ]   CMR: Thread Roots                1509 us, workers (us): 364, 569, 576, ---, ---, ---, 
[2026-04-03T03:31:55.822+0600][44.659s][info][gc,stats    ]   CMR: VM Strong Roots               40 us, workers (us):  23,   9,   8, ---, ---, ---, 
[2026-04-03T03:31:55.822+0600][44.659s][info][gc,stats    ]   CMR: CLDG Roots                   208 us, workers (us): 208, ---, ---, ---, ---, ---, 
[2026-04-03T03:31:55.822+0600][44.659s][info][gc,stats    ] Concurrent Marking               529469 us
[2026-04-03T03:31:55.822+0600][44.659s][info][gc,stats    ] Pause Final Mark (G)               1772 us
[2026-04-03T03:31:55.822+0600][44.659s][info][gc,stats    ] Pause Final Mark (N)               1190 us
[2026-04-03T03:31:55.822+0600][44.659s][info][gc,stats    ]   Finish Mark                       260 us
[2026-04-03T03:31:55.822+0600][44.659s][info][gc,stats    ]   Update Region States               60 us
[2026-04-03T03:31:55.822+0600][44.659s][info][gc,stats    ]   Choose Collection Set             541 us
[2026-04-03T03:31:55.822+0600][44.659s][info][gc,stats    ]   Rebuild Free Set                   48 us
[2026-04-03T03:31:55.822+0600][44.659s][info][gc,stats    ] Concurrent Thread Roots            1181 us, parallelism: 2.08x
[2026-04-03T03:31:55.822+0600][44.659s][info][gc,stats    ]   CTR: <total>                     2455 us
[2026-04-03T03:31:55.822+0600][44.659s][info][gc,stats    ]   CTR: Thread Roots                2455 us, workers (us): 829, 822, 805, ---, ---, ---, 
[2026-04-03T03:31:55.822+0600][44.659s][info][gc,stats    ] Concurrent Weak References          426 us, parallelism: 0.49x
[2026-04-03T03:31:55.822+0600][44.659s][info][gc,stats    ]   CWRF: <total>                     208 us
[2026-04-03T03:31:55.822+0600][44.659s][info][gc,stats    ]   CWRF: Weak References             208 us, workers (us):  90, 116,   2, ---, ---, ---, 
[2026-04-03T03:31:55.822+0600][44.659s][info][gc,stats    ] Concurrent Weak Roots              3245 us
[2026-04-03T03:31:55.822+0600][44.659s][info][gc,stats    ]   Roots                            2837 us, parallelism: 2.49x
[2026-04-03T03:31:55.822+0600][44.659s][info][gc,stats    ]     CWR: <total>                   7051 us
[2026-04-03T03:31:55.822+0600][44.659s][info][gc,stats    ]     CWR: Code Cache Roots          4814 us, workers (us): 1562, 1753, 1500, ---, ---, ---, 
[2026-04-03T03:31:55.822+0600][44.659s][info][gc,stats    ]     CWR: VM Weak Roots             2082 us, workers (us): 741, 690, 651, ---, ---, ---, 
[2026-04-03T03:31:55.822+0600][44.659s][info][gc,stats    ]     CWR: CLDG Roots                 154 us, workers (us): ---, ---, 154, ---, ---, ---, 
[2026-04-03T03:31:55.822+0600][44.659s][info][gc,stats    ]   Rendezvous                        270 us
[2026-04-03T03:31:55.822+0600][44.659s][info][gc,stats    ] Concurrent Cleanup                  263 us
[2026-04-03T03:31:55.822+0600][44.659s][info][gc,stats    ] Concurrent Class Unloading         8072 us
[2026-04-03T03:31:55.822+0600][44.659s][info][gc,stats    ]   Unlink Stale                     7528 us
[2026-04-03T03:31:55.822+0600][44.659s][info][gc,stats    ]     System Dictionary               169 us
[2026-04-03T03:31:55.822+0600][44.659s][info][gc,stats    ]     Weak Class Links                  1 us
[2026-04-03T03:31:55.822+0600][44.659s][info][gc,stats    ]     Code Roots                     7353 us
[2026-04-03T03:31:55.822+0600][44.659s][info][gc,stats    ]   Rendezvous                        347 us
[2026-04-03T03:31:55.823+0600][44.659s][info][gc,stats    ]   Purge Unlinked                     24 us
[2026-04-03T03:31:55.823+0600][44.659s][info][gc,stats    ]     Code Roots                       10 us
[2026-04-03T03:31:55.823+0600][44.659s][info][gc,stats    ]     CLDG                             13 us
[2026-04-03T03:31:55.823+0600][44.659s][info][gc,stats    ]     Exception Caches                  0 us
[2026-04-03T03:31:55.823+0600][44.659s][info][gc,stats    ] Concurrent Strong Roots            1374 us, parallelism: 0.60x
[2026-04-03T03:31:55.823+0600][44.659s][info][gc,stats    ]   CSR: <total>                      829 us
[2026-04-03T03:31:55.823+0600][44.659s][info][gc,stats    ]   CSR: VM Strong Roots               44 us, workers (us):  41,   2,   1, ---, ---, ---, 
[2026-04-03T03:31:55.823+0600][44.659s][info][gc,stats    ]   CSR: CLDG Roots                   785 us, workers (us): 785, ---, ---, ---, ---, ---, 
[2026-04-03T03:31:55.823+0600][44.659s][info][gc,stats    ] Concurrent Evacuation             58529 us
[2026-04-03T03:31:55.823+0600][44.659s][info][gc,stats    ] Pause Init Update Refs (G)          546 us
[2026-04-03T03:31:55.823+0600][44.659s][info][gc,stats    ] Pause Init Update Refs (N)          236 us
[2026-04-03T03:31:55.823+0600][44.659s][info][gc,stats    ]   Manage GCLABs                      47 us
[2026-04-03T03:31:55.823+0600][44.659s][info][gc,stats    ] Concurrent Update Refs           236844 us
[2026-04-03T03:31:55.823+0600][44.659s][info][gc,stats    ] Concurrent Update Thread Roots     1049 us
[2026-04-03T03:31:55.823+0600][44.659s][info][gc,stats    ] Pause Final Update Refs (G)         470 us
[2026-04-03T03:31:55.823+0600][44.659s][info][gc,stats    ] Pause Final Update Refs (N)         228 us
[2026-04-03T03:31:55.823+0600][44.659s][info][gc,stats    ]   Update Region States               49 us
[2026-04-03T03:31:55.823+0600][44.659s][info][gc,stats    ]   Trash Collection Set               20 us
[2026-04-03T03:31:55.823+0600][44.659s][info][gc,stats    ]   Rebuild Free Set                   43 us
[2026-04-03T03:31:55.823+0600][44.659s][info][gc,stats    ] Concurrent Cleanup                  471 us
[2026-04-03T03:31:55.823+0600][44.659s][info][gc,stats    ] 
[2026-04-03T03:31:55.823+0600][44.659s][info][gc,stats    ] Allocation pacing accrued:
[2026-04-03T03:31:55.823+0600][44.659s][info][gc,stats    ]       0 of  1045 ms (  0.0%): <total>
[2026-04-03T03:31:55.823+0600][44.659s][info][gc,stats    ]       0 of  1045 ms (  0.0%): <average total>
[2026-04-03T03:31:55.823+0600][44.659s][info][gc,stats    ] 
[2026-04-03T03:31:55.823+0600][44.659s][info][gc,metaspace] Metaspace: 72615K(73536K)->72615K(73536K) NonClass: 63345K(63872K)->63345K(63872K) Class: 9270K(9664K)->9270K(9664K)
[2026-04-03T03:31:55.823+0600][44.659s][info][gc,ergo     ] Pacer for Idle. Initial: 30720K, Alloc Tax Rate: 1.0x
[2026-04-03T03:31:56.918+0600][45.755s][info][gc          ] Trigger: Average GC time (937.34 ms) is above the time for average allocation rate (594 MB/s) to deplete free headroom (556M) (margin of error = 1.85)
[2026-04-03T03:31:56.918+0600][45.755s][info][gc,ergo     ] Free headroom: 631M (free) - 76800K (spike) - 0B (penalties) = 556M
[2026-04-03T03:31:56.918+0600][45.755s][info][gc,ergo     ] Free: 631M, Max: 512K regular, 256M humongous, Frag: 60% external, 0% internal; Reserve: 76800K, Max: 512K
[2026-04-03T03:31:56.918+0600][45.755s][info][gc,start    ] GC(35) Concurrent reset
[2026-04-03T03:31:56.918+0600][45.755s][info][gc,task     ] GC(35) Using 3 of 6 workers for concurrent reset
[2026-04-03T03:31:56.918+0600][45.755s][info][gc,ergo     ] GC(35) Pacer for Reset. Non-Taxable: 1500M
[2026-04-03T03:31:56.921+0600][45.758s][info][gc          ] GC(35) Concurrent reset 3.151ms
[2026-04-03T03:31:56.921+0600][45.758s][info][gc,start    ] GC(35) Pause Init Mark (unload classes)
[2026-04-03T03:31:56.922+0600][45.758s][info][gc,task     ] GC(35) Using 6 of 6 workers for init marking
[2026-04-03T03:31:56.922+0600][45.759s][info][gc,ergo     ] GC(35) Pacer for Mark. Expected Live: 283M, Free: 630M, Non-Taxable: 64563K, Alloc Tax Rate: 0.5x
[2026-04-03T03:31:56.922+0600][45.759s][info][gc          ] GC(35) Pause Init Mark (unload classes) 0.378ms
[2026-04-03T03:31:56.922+0600][45.759s][info][gc,start    ] GC(35) Concurrent marking roots
[2026-04-03T03:31:56.922+0600][45.759s][info][gc,task     ] GC(35) Using 3 of 6 workers for concurrent marking roots
[2026-04-03T03:31:56.923+0600][45.760s][info][gc          ] GC(35) Concurrent marking roots 1.186ms
[2026-04-03T03:31:56.923+0600][45.760s][info][gc,start    ] GC(35) Concurrent marking (unload classes)
[2026-04-03T03:31:56.923+0600][45.760s][info][gc,task     ] GC(35) Using 3 of 6 workers for concurrent marking
[2026-04-03T03:31:57.200+0600][46.037s][info][gc          ] GC(35) Concurrent marking (unload classes) 276.621ms
[2026-04-03T03:31:57.200+0600][46.037s][info][gc,start    ] GC(35) Pause Final Mark (unload classes)
[2026-04-03T03:31:57.200+0600][46.037s][info][gc,task     ] GC(35) Using 6 of 6 workers for final marking
[2026-04-03T03:31:57.201+0600][46.038s][info][gc,ergo     ] GC(35) Adaptive CSet Selection. Target Free: 212M, Actual Free: 1081M, Max CSet: 64000K, Min Garbage: 0B
[2026-04-03T03:31:57.201+0600][46.038s][info][gc,ergo     ] GC(35) Collectable Garbage: 582M (99%), Immediate: 464M (79%), CSet: 117M (19%)
[2026-04-03T03:31:57.201+0600][46.038s][info][gc,ergo     ] GC(35) Pacer for Evacuation. Used CSet: 141M, Free: 1029M, Non-Taxable: 102M, Alloc Tax Rate: 1.1x
[2026-04-03T03:31:57.201+0600][46.038s][info][gc          ] GC(35) Pause Final Mark (unload classes) 1.003ms
[2026-04-03T03:31:57.201+0600][46.038s][info][gc,start    ] GC(35) Concurrent thread roots
[2026-04-03T03:31:57.201+0600][46.038s][info][gc,task     ] GC(35) Using 3 of 6 workers for Concurrent thread roots
[2026-04-03T03:31:57.202+0600][46.039s][info][gc          ] GC(35) Concurrent thread roots 0.995ms
[2026-04-03T03:31:57.202+0600][46.039s][info][gc,start    ] GC(35) Concurrent weak references
[2026-04-03T03:31:57.202+0600][46.039s][info][gc,task     ] GC(35) Using 3 of 6 workers for concurrent weak references
[2026-04-03T03:31:57.203+0600][46.040s][info][gc,ref      ] GC(35) Encountered references: Soft: 3325, Weak: 6693, Final: 84, Phantom: 601
[2026-04-03T03:31:57.203+0600][46.040s][info][gc,ref      ] GC(35) Discovered  references: Soft: 0, Weak: 3589, Final: 52, Phantom: 598
[2026-04-03T03:31:57.203+0600][46.040s][info][gc,ref      ] GC(35) Enqueued    references: Soft: 0, Weak: 294, Final: 0, Phantom: 0
[2026-04-03T03:31:57.204+0600][46.040s][info][gc          ] GC(35) Concurrent weak references 1.033ms
[2026-04-03T03:31:57.204+0600][46.040s][info][gc,start    ] GC(35) Concurrent weak roots
[2026-04-03T03:31:57.204+0600][46.040s][info][gc,task     ] GC(35) Using 3 of 6 workers for concurrent weak root
[2026-04-03T03:31:57.207+0600][46.043s][info][gc          ] GC(35) Concurrent weak roots 2.990ms
[2026-04-03T03:31:57.207+0600][46.043s][info][gc,start    ] GC(35) Concurrent cleanup
[2026-04-03T03:31:57.207+0600][46.044s][info][gc          ] GC(35) Concurrent cleanup 859M->394M(1252M) 0.524ms
[2026-04-03T03:31:57.207+0600][46.044s][info][gc,ergo     ] GC(35) Free: 1026M, Max: 512K regular, 299M humongous, Frag: 71% external, 0% internal; Reserve: 75776K, Max: 512K
[2026-04-03T03:31:57.207+0600][46.044s][info][gc,start    ] GC(35) Concurrent class unloading
[2026-04-03T03:31:57.207+0600][46.044s][info][gc,task     ] GC(35) Using 3 of 6 workers for concurrent class unloading
[2026-04-03T03:31:57.233+0600][46.070s][info][gc          ] GC(35) Concurrent class unloading 25.613ms
[2026-04-03T03:31:57.233+0600][46.070s][info][gc,start    ] GC(35) Concurrent strong roots
[2026-04-03T03:31:57.233+0600][46.070s][info][gc,task     ] GC(35) Using 3 of 6 workers for concurrent strong root
[2026-04-03T03:31:57.234+0600][46.071s][info][gc          ] GC(35) Concurrent strong roots 1.338ms
[2026-04-03T03:31:57.234+0600][46.071s][info][gc,start    ] GC(35) Concurrent evacuation
[2026-04-03T03:31:57.234+0600][46.071s][info][gc,task     ] GC(35) Using 3 of 6 workers for concurrent evacuation
[2026-04-03T03:31:57.259+0600][46.096s][info][gc          ] GC(35) Concurrent evacuation 24.688ms
[2026-04-03T03:31:57.259+0600][46.096s][info][gc,start    ] GC(35) Pause Init Update Refs
[2026-04-03T03:31:57.259+0600][46.096s][info][gc,ergo     ] GC(35) Pacer for Update Refs. Used: 433M, Free: 1011M, Non-Taxable: 101M, Alloc Tax Rate: 1.1x
[2026-04-03T03:31:57.260+0600][46.096s][info][gc          ] GC(35) Pause Init Update Refs 0.120ms
[2026-04-03T03:31:57.260+0600][46.096s][info][gc,start    ] GC(35) Concurrent update references
[2026-04-03T03:31:57.260+0600][46.096s][info][gc,task     ] GC(35) Using 3 of 6 workers for concurrent reference update
[2026-04-03T03:31:57.449+0600][46.286s][info][gc          ] GC(35) Concurrent update references 189.208ms
[2026-04-03T03:31:57.449+0600][46.286s][info][gc,start    ] GC(35) Concurrent update thread roots
[2026-04-03T03:31:57.450+0600][46.287s][info][gc          ] GC(35) Concurrent update thread roots 1.223ms
[2026-04-03T03:31:57.451+0600][46.287s][info][gc,start    ] GC(35) Pause Final Update Refs
[2026-04-03T03:31:57.451+0600][46.287s][info][gc,task     ] GC(35) Using 6 of 6 workers for final reference update
[2026-04-03T03:31:57.451+0600][46.287s][info][gc          ] GC(35) Pause Final Update Refs 0.219ms
[2026-04-03T03:31:57.451+0600][46.288s][info][gc,start    ] GC(35) Concurrent cleanup
[2026-04-03T03:31:57.452+0600][46.288s][info][gc          ] GC(35) Concurrent cleanup 504M->363M(1252M) 0.603ms
[2026-04-03T03:31:57.452+0600][46.288s][info][gc,ergo     ] Free: 1051M, Max: 512K regular, 344M humongous, Frag: 68% external, 0% internal; Reserve: 76800K, Max: 512K
[2026-04-03T03:31:57.452+0600][46.288s][info][gc,stats    ] 
[2026-04-03T03:31:57.452+0600][46.288s][info][gc,stats    ] All times are wall-clock times, except per-root-class counters, that are sum over
[2026-04-03T03:31:57.452+0600][46.288s][info][gc,stats    ] all workers. Dividing the <total> over the root stage time estimates parallelism.
[2026-04-03T03:31:57.452+0600][46.288s][info][gc,stats    ] 
[2026-04-03T03:31:57.452+0600][46.288s][info][gc,stats    ] Concurrent Reset                   3252 us
[2026-04-03T03:31:57.452+0600][46.288s][info][gc,stats    ] Pause Init Mark (G)                 697 us
[2026-04-03T03:31:57.452+0600][46.288s][info][gc,stats    ] Pause Init Mark (N)                 395 us
[2026-04-03T03:31:57.452+0600][46.288s][info][gc,stats    ]   Update Region States              102 us
[2026-04-03T03:31:57.452+0600][46.288s][info][gc,stats    ] Concurrent Mark Roots              1244 us, parallelism: 1.66x
[2026-04-03T03:31:57.452+0600][46.288s][info][gc,stats    ]   CMR: <total>                     2070 us
[2026-04-03T03:31:57.452+0600][46.289s][info][gc,stats    ]   CMR: Thread Roots                1662 us, workers (us): 323, 702, 636, ---, ---, ---, 
[2026-04-03T03:31:57.452+0600][46.289s][info][gc,stats    ]   CMR: VM Strong Roots               40 us, workers (us):  27,  12,   1, ---, ---, ---, 
[2026-04-03T03:31:57.452+0600][46.289s][info][gc,stats    ]   CMR: CLDG Roots                   369 us, workers (us): 369, ---, ---, ---, ---, ---, 
[2026-04-03T03:31:57.452+0600][46.289s][info][gc,stats    ] Concurrent Marking               276754 us
[2026-04-03T03:31:57.452+0600][46.289s][info][gc,stats    ] Pause Final Mark (G)               1339 us
[2026-04-03T03:31:57.452+0600][46.289s][info][gc,stats    ] Pause Final Mark (N)               1021 us
[2026-04-03T03:31:57.452+0600][46.289s][info][gc,stats    ]   Finish Mark                       363 us
[2026-04-03T03:31:57.452+0600][46.289s][info][gc,stats    ]   Update Region States               65 us
[2026-04-03T03:31:57.452+0600][46.289s][info][gc,stats    ]   Choose Collection Set             317 us
[2026-04-03T03:31:57.452+0600][46.289s][info][gc,stats    ]   Rebuild Free Set                   56 us
[2026-04-03T03:31:57.452+0600][46.289s][info][gc,stats    ] Concurrent Thread Roots            1073 us, parallelism: 1.84x
[2026-04-03T03:31:57.452+0600][46.289s][info][gc,stats    ]   CTR: <total>                     1978 us
[2026-04-03T03:31:57.452+0600][46.289s][info][gc,stats    ]   CTR: Thread Roots                1978 us, workers (us): 673, 681, 624, ---, ---, ---, 
[2026-04-03T03:31:57.452+0600][46.289s][info][gc,stats    ] Concurrent Weak References         1051 us, parallelism: 1.09x
[2026-04-03T03:31:57.452+0600][46.289s][info][gc,stats    ]   CWRF: <total>                    1145 us
[2026-04-03T03:31:57.452+0600][46.289s][info][gc,stats    ]   CWRF: Weak References            1145 us, workers (us): 787, 213, 145, ---, ---, ---, 
[2026-04-03T03:31:57.452+0600][46.289s][info][gc,stats    ] Concurrent Weak Roots              3095 us
[2026-04-03T03:31:57.452+0600][46.289s][info][gc,stats    ]   Roots                            2667 us, parallelism: 2.47x
[2026-04-03T03:31:57.452+0600][46.289s][info][gc,stats    ]     CWR: <total>                   6587 us
[2026-04-03T03:31:57.452+0600][46.289s][info][gc,stats    ]     CWR: Code Cache Roots          3717 us, workers (us): 1327, 1273, 1116, ---, ---, ---, 
[2026-04-03T03:31:57.452+0600][46.289s][info][gc,stats    ]     CWR: VM Weak Roots             2757 us, workers (us): 945, 940, 872, ---, ---, ---, 
[2026-04-03T03:31:57.452+0600][46.289s][info][gc,stats    ]     CWR: CLDG Roots                 113 us, workers (us): ---, ---, 113, ---, ---, ---, 
[2026-04-03T03:31:57.452+0600][46.289s][info][gc,stats    ]   Rendezvous                        287 us
[2026-04-03T03:31:57.452+0600][46.289s][info][gc,stats    ] Concurrent Cleanup                  557 us
[2026-04-03T03:31:57.452+0600][46.289s][info][gc,stats    ] Concurrent Class Unloading        25720 us
[2026-04-03T03:31:57.452+0600][46.289s][info][gc,stats    ]   Unlink Stale                    24602 us
[2026-04-03T03:31:57.452+0600][46.289s][info][gc,stats    ]     System Dictionary               494 us
[2026-04-03T03:31:57.452+0600][46.289s][info][gc,stats    ]     Weak Class Links              16439 us
[2026-04-03T03:31:57.452+0600][46.289s][info][gc,stats    ]     Code Roots                     7662 us
[2026-04-03T03:31:57.452+0600][46.289s][info][gc,stats    ]   Rendezvous                        532 us
[2026-04-03T03:31:57.452+0600][46.289s][info][gc,stats    ]   Purge Unlinked                    405 us
[2026-04-03T03:31:57.452+0600][46.289s][info][gc,stats    ]     Code Roots                      367 us
[2026-04-03T03:31:57.452+0600][46.289s][info][gc,stats    ]     CLDG                             37 us
[2026-04-03T03:31:57.452+0600][46.289s][info][gc,stats    ]     Exception Caches                  0 us
[2026-04-03T03:31:57.452+0600][46.289s][info][gc,stats    ] Concurrent Strong Roots            1409 us, parallelism: 0.67x
[2026-04-03T03:31:57.452+0600][46.289s][info][gc,stats    ]   CSR: <total>                      939 us
[2026-04-03T03:31:57.452+0600][46.289s][info][gc,stats    ]   CSR: VM Strong Roots               57 us, workers (us):  51,   6,   0, ---, ---, ---, 
[2026-04-03T03:31:57.452+0600][46.289s][info][gc,stats    ]   CSR: CLDG Roots                   882 us, workers (us): ---, 882, ---, ---, ---, ---, 
[2026-04-03T03:31:57.452+0600][46.289s][info][gc,stats    ] Concurrent Evacuation             24773 us
[2026-04-03T03:31:57.452+0600][46.289s][info][gc,stats    ] Pause Init Update Refs (G)          531 us
[2026-04-03T03:31:57.452+0600][46.289s][info][gc,stats    ] Pause Init Update Refs (N)          132 us
[2026-04-03T03:31:57.452+0600][46.289s][info][gc,stats    ]   Manage GCLABs                      47 us
[2026-04-03T03:31:57.452+0600][46.289s][info][gc,stats    ] Concurrent Update Refs           189333 us
[2026-04-03T03:31:57.452+0600][46.289s][info][gc,stats    ] Concurrent Update Thread Roots     1253 us
[2026-04-03T03:31:57.452+0600][46.289s][info][gc,stats    ] Pause Final Update Refs (G)         692 us
[2026-04-03T03:31:57.452+0600][46.289s][info][gc,stats    ] Pause Final Update Refs (N)         234 us
[2026-04-03T03:31:57.452+0600][46.289s][info][gc,stats    ]   Update Region States               67 us
[2026-04-03T03:31:57.452+0600][46.289s][info][gc,stats    ]   Trash Collection Set               12 us
[2026-04-03T03:31:57.452+0600][46.289s][info][gc,stats    ]   Rebuild Free Set                   53 us
[2026-04-03T03:31:57.452+0600][46.289s][info][gc,stats    ] Concurrent Cleanup                  637 us
[2026-04-03T03:31:57.452+0600][46.289s][info][gc,stats    ] 
[2026-04-03T03:31:57.452+0600][46.289s][info][gc,stats    ] Allocation pacing accrued:
[2026-04-03T03:31:57.452+0600][46.289s][info][gc,stats    ]       0 of  1630 ms (  0.0%): <total>
[2026-04-03T03:31:57.452+0600][46.289s][info][gc,stats    ]       0 of  1630 ms (  0.0%): <average total>
[2026-04-03T03:31:57.452+0600][46.289s][info][gc,stats    ] 
[2026-04-03T03:31:57.453+0600][46.289s][info][gc,metaspace] Metaspace: 72733K(73536K)->72795K(73600K) NonClass: 63455K(63872K)->63515K(63936K) Class: 9278K(9664K)->9280K(9664K)
[2026-04-03T03:31:57.453+0600][46.289s][info][gc,ergo     ] Pacer for Idle. Initial: 30720K, Alloc Tax Rate: 1.0x
[2026-04-03T03:31:58.225+0600][47.062s][info][gc          ] Trigger: Average GC time (900.29 ms) is above the time for average allocation rate (656 MB/s) to deplete free headroom (589M) (margin of error = 1.83)
[2026-04-03T03:31:58.225+0600][47.062s][info][gc,ergo     ] Free headroom: 664M (free) - 76800K (spike) - 0B (penalties) = 589M
[2026-04-03T03:31:58.225+0600][47.062s][info][gc,ergo     ] Free: 664M, Max: 512K regular, 344M humongous, Frag: 49% external, 0% internal; Reserve: 76800K, Max: 512K
[2026-04-03T03:31:58.225+0600][47.062s][info][gc,start    ] GC(36) Concurrent reset
[2026-04-03T03:31:58.225+0600][47.062s][info][gc,task     ] GC(36) Using 3 of 6 workers for concurrent reset
[2026-04-03T03:31:58.225+0600][47.062s][info][gc,ergo     ] GC(36) Pacer for Reset. Non-Taxable: 1500M
[2026-04-03T03:31:58.226+0600][47.063s][info][gc          ] GC(36) Concurrent reset 1.192ms
[2026-04-03T03:31:58.227+0600][47.063s][info][gc,start    ] GC(36) Pause Init Mark (unload classes)
[2026-04-03T03:31:58.227+0600][47.063s][info][gc,task     ] GC(36) Using 6 of 6 workers for init marking
[2026-04-03T03:31:58.227+0600][47.063s][info][gc,ergo     ] GC(36) Pacer for Mark. Expected Live: 259M, Free: 663M, Non-Taxable: 67993K, Alloc Tax Rate: 0.5x
[2026-04-03T03:31:58.227+0600][47.063s][info][gc          ] GC(36) Pause Init Mark (unload classes) 0.112ms
[2026-04-03T03:31:58.227+0600][47.063s][info][gc,start    ] GC(36) Concurrent marking roots
[2026-04-03T03:31:58.227+0600][47.063s][info][gc,task     ] GC(36) Using 3 of 6 workers for concurrent marking roots
[2026-04-03T03:31:58.228+0600][47.064s][info][gc          ] GC(36) Concurrent marking roots 0.831ms
[2026-04-03T03:31:58.228+0600][47.064s][info][gc,start    ] GC(36) Concurrent marking (unload classes)
[2026-04-03T03:31:58.228+0600][47.064s][info][gc,task     ] GC(36) Using 3 of 6 workers for concurrent marking
[2026-04-03T03:31:58.483+0600][47.319s][info][gc          ] GC(36) Concurrent marking (unload classes) 255.028ms
[2026-04-03T03:31:58.483+0600][47.320s][info][gc,start    ] GC(36) Pause Final Mark (unload classes)
[2026-04-03T03:31:58.483+0600][47.320s][info][gc,task     ] GC(36) Using 6 of 6 workers for final marking
[2026-04-03T03:31:58.483+0600][47.320s][info][gc,ergo     ] GC(36) Adaptive CSet Selection. Target Free: 212M, Actual Free: 1067M, Max CSet: 64000K, Min Garbage: 0B
[2026-04-03T03:31:58.484+0600][47.320s][info][gc,ergo     ] GC(36) Collectable Garbage: 577M (99%), Immediate: 422M (72%), CSet: 155M (26%)
[2026-04-03T03:31:58.484+0600][47.320s][info][gc,ergo     ] GC(36) Pacer for Evacuation. Used CSet: 172M, Free: 1003M, Non-Taxable: 100M, Alloc Tax Rate: 1.1x
[2026-04-03T03:31:58.484+0600][47.320s][info][gc          ] GC(36) Pause Final Mark (unload classes) 0.757ms
[2026-04-03T03:31:58.484+0600][47.320s][info][gc,start    ] GC(36) Concurrent thread roots
[2026-04-03T03:31:58.484+0600][47.320s][info][gc,task     ] GC(36) Using 3 of 6 workers for Concurrent thread roots
[2026-04-03T03:31:58.485+0600][47.321s][info][gc          ] GC(36) Concurrent thread roots 0.863ms
[2026-04-03T03:31:58.485+0600][47.321s][info][gc,start    ] GC(36) Concurrent weak references
[2026-04-03T03:31:58.485+0600][47.321s][info][gc,task     ] GC(36) Using 3 of 6 workers for concurrent weak references
[2026-04-03T03:31:58.486+0600][47.322s][info][gc,ref      ] GC(36) Encountered references: Soft: 3341, Weak: 6661, Final: 84, Phantom: 601
[2026-04-03T03:31:58.486+0600][47.322s][info][gc,ref      ] GC(36) Discovered  references: Soft: 0, Weak: 3588, Final: 48, Phantom: 537
[2026-04-03T03:31:58.486+0600][47.322s][info][gc,ref      ] GC(36) Enqueued    references: Soft: 0, Weak: 233, Final: 0, Phantom: 0
[2026-04-03T03:31:58.486+0600][47.322s][info][gc          ] GC(36) Concurrent weak references 1.054ms
[2026-04-03T03:31:58.486+0600][47.322s][info][gc,start    ] GC(36) Concurrent weak roots
[2026-04-03T03:31:58.486+0600][47.322s][info][gc,task     ] GC(36) Using 3 of 6 workers for concurrent weak root
[2026-04-03T03:31:58.488+0600][47.325s][info][gc          ] GC(36) Concurrent weak roots 2.635ms
[2026-04-03T03:31:58.488+0600][47.325s][info][gc,start    ] GC(36) Concurrent cleanup
[2026-04-03T03:31:58.489+0600][47.325s][info][gc          ] GC(36) Concurrent cleanup 840M->419M(1252M) 0.374ms
[2026-04-03T03:31:58.489+0600][47.326s][info][gc,ergo     ] GC(36) Free: 1001M, Max: 512K regular, 359M humongous, Frag: 65% external, 0% internal; Reserve: 76362K, Max: 512K
[2026-04-03T03:31:58.489+0600][47.326s][info][gc,start    ] GC(36) Concurrent class unloading
[2026-04-03T03:31:58.489+0600][47.326s][info][gc,task     ] GC(36) Using 3 of 6 workers for concurrent class unloading
[2026-04-03T03:31:58.495+0600][47.332s][info][gc          ] GC(36) Concurrent class unloading 6.584ms
[2026-04-03T03:31:58.496+0600][47.332s][info][gc,start    ] GC(36) Concurrent strong roots
[2026-04-03T03:31:58.496+0600][47.332s][info][gc,task     ] GC(36) Using 3 of 6 workers for concurrent strong root
[2026-04-03T03:31:58.497+0600][47.333s][info][gc          ] GC(36) Concurrent strong roots 0.981ms
[2026-04-03T03:31:58.497+0600][47.333s][info][gc,start    ] GC(36) Concurrent evacuation
[2026-04-03T03:31:58.497+0600][47.333s][info][gc,task     ] GC(36) Using 3 of 6 workers for concurrent evacuation
[2026-04-03T03:31:58.512+0600][47.349s][info][gc          ] GC(36) Concurrent evacuation 15.521ms
[2026-04-03T03:31:58.512+0600][47.349s][info][gc,start    ] GC(36) Pause Init Update Refs
[2026-04-03T03:31:58.513+0600][47.349s][info][gc,ergo     ] GC(36) Pacer for Update Refs. Used: 454M, Free: 983M, Non-Taxable: 100710K, Alloc Tax Rate: 1.1x
[2026-04-03T03:31:58.513+0600][47.349s][info][gc          ] GC(36) Pause Init Update Refs 0.131ms
[2026-04-03T03:31:58.513+0600][47.349s][info][gc,start    ] GC(36) Concurrent update references
[2026-04-03T03:31:58.513+0600][47.350s][info][gc,task     ] GC(36) Using 3 of 6 workers for concurrent reference update
[2026-04-03T03:31:58.628+0600][47.465s][info][gc          ] GC(36) Concurrent update references 115.401ms
[2026-04-03T03:31:58.628+0600][47.465s][info][gc,start    ] GC(36) Concurrent update thread roots
[2026-04-03T03:31:58.629+0600][47.466s][info][gc          ] GC(36) Concurrent update thread roots 1.193ms
[2026-04-03T03:31:58.630+0600][47.466s][info][gc,start    ] GC(36) Pause Final Update Refs
[2026-04-03T03:31:58.630+0600][47.467s][info][gc,task     ] GC(36) Using 6 of 6 workers for final reference update
[2026-04-03T03:31:58.630+0600][47.467s][info][gc          ] GC(36) Pause Final Update Refs 0.246ms
[2026-04-03T03:31:58.630+0600][47.467s][info][gc,start    ] GC(36) Concurrent cleanup
[2026-04-03T03:31:58.631+0600][47.468s][info][gc          ] GC(36) Concurrent cleanup 533M->362M(1252M) 0.684ms
[2026-04-03T03:31:58.631+0600][47.468s][info][gc,ergo     ] Free: 1057M, Max: 512K regular, 351M humongous, Frag: 67% external, 0% internal; Reserve: 76800K, Max: 512K
[2026-04-03T03:31:58.631+0600][47.468s][info][gc,stats    ] 
[2026-04-03T03:31:58.631+0600][47.468s][info][gc,stats    ] All times are wall-clock times, except per-root-class counters, that are sum over
[2026-04-03T03:31:58.631+0600][47.468s][info][gc,stats    ] all workers. Dividing the <total> over the root stage time estimates parallelism.
[2026-04-03T03:31:58.631+0600][47.468s][info][gc,stats    ] 
[2026-04-03T03:31:58.631+0600][47.468s][info][gc,stats    ] Concurrent Reset                   1252 us
[2026-04-03T03:31:58.631+0600][47.468s][info][gc,stats    ] Pause Init Mark (G)                 390 us
[2026-04-03T03:31:58.631+0600][47.468s][info][gc,stats    ] Pause Init Mark (N)                 123 us
[2026-04-03T03:31:58.631+0600][47.468s][info][gc,stats    ]   Update Region States               24 us
[2026-04-03T03:31:58.631+0600][47.468s][info][gc,stats    ] Concurrent Mark Roots               872 us, parallelism: 1.63x
[2026-04-03T03:31:58.631+0600][47.468s][info][gc,stats    ]   CMR: <total>                     1419 us
[2026-04-03T03:31:58.631+0600][47.468s][info][gc,stats    ]   CMR: Thread Roots                1208 us, workers (us): 270, 453, 485, ---, ---, ---, 
[2026-04-03T03:31:58.631+0600][47.468s][info][gc,stats    ]   CMR: VM Strong Roots               37 us, workers (us):  20,  17,   0, ---, ---, ---, 
[2026-04-03T03:31:58.631+0600][47.468s][info][gc,stats    ]   CMR: CLDG Roots                   174 us, workers (us): 174, ---, ---, ---, ---, ---, 
[2026-04-03T03:31:58.631+0600][47.468s][info][gc,stats    ] Concurrent Marking               255130 us
[2026-04-03T03:31:58.631+0600][47.468s][info][gc,stats    ] Pause Final Mark (G)               1005 us
[2026-04-03T03:31:58.631+0600][47.468s][info][gc,stats    ] Pause Final Mark (N)                774 us
[2026-04-03T03:31:58.631+0600][47.468s][info][gc,stats    ]   Finish Mark                       258 us
[2026-04-03T03:31:58.631+0600][47.468s][info][gc,stats    ]   Update Region States               55 us
[2026-04-03T03:31:58.631+0600][47.468s][info][gc,stats    ]   Choose Collection Set             266 us
[2026-04-03T03:31:58.631+0600][47.468s][info][gc,stats    ]   Rebuild Free Set                   35 us
[2026-04-03T03:31:58.631+0600][47.468s][info][gc,stats    ] Concurrent Thread Roots             951 us, parallelism: 1.81x
[2026-04-03T03:31:58.631+0600][47.468s][info][gc,stats    ]   CTR: <total>                     1719 us
[2026-04-03T03:31:58.631+0600][47.468s][info][gc,stats    ]   CTR: Thread Roots                1719 us, workers (us): 595, 586, 538, ---, ---, ---, 
[2026-04-03T03:31:58.631+0600][47.468s][info][gc,stats    ] Concurrent Weak References         1067 us, parallelism: 0.77x
[2026-04-03T03:31:58.631+0600][47.468s][info][gc,stats    ]   CWRF: <total>                     824 us
[2026-04-03T03:31:58.631+0600][47.468s][info][gc,stats    ]   CWRF: Weak References             824 us, workers (us):  59, 764,   1, ---, ---, ---, 
[2026-04-03T03:31:58.631+0600][47.468s][info][gc,stats    ] Concurrent Weak Roots              2693 us
[2026-04-03T03:31:58.631+0600][47.468s][info][gc,stats    ]   Roots                            2349 us, parallelism: 2.48x
[2026-04-03T03:31:58.631+0600][47.468s][info][gc,stats    ]     CWR: <total>                   5822 us
[2026-04-03T03:31:58.631+0600][47.468s][info][gc,stats    ]     CWR: Code Cache Roots          3514 us, workers (us): 1211, 1115, 1187, ---, ---, ---, 
[2026-04-03T03:31:58.631+0600][47.468s][info][gc,stats    ]     CWR: VM Weak Roots             2206 us, workers (us): 752, 752, 703, ---, ---, ---, 
[2026-04-03T03:31:58.631+0600][47.468s][info][gc,stats    ]     CWR: CLDG Roots                 102 us, workers (us): ---, 102, ---, ---, ---, ---, 
[2026-04-03T03:31:58.631+0600][47.468s][info][gc,stats    ]   Rendezvous                        259 us
[2026-04-03T03:31:58.631+0600][47.468s][info][gc,stats    ] Concurrent Cleanup                  400 us
[2026-04-03T03:31:58.631+0600][47.468s][info][gc,stats    ] Concurrent Class Unloading         6681 us
[2026-04-03T03:31:58.631+0600][47.468s][info][gc,stats    ]   Unlink Stale                     5880 us
[2026-04-03T03:31:58.631+0600][47.468s][info][gc,stats    ]     System Dictionary               101 us
[2026-04-03T03:31:58.631+0600][47.468s][info][gc,stats    ]     Weak Class Links                  0 us
[2026-04-03T03:31:58.631+0600][47.468s][info][gc,stats    ]     Code Roots                     5776 us
[2026-04-03T03:31:58.631+0600][47.468s][info][gc,stats    ]   Rendezvous                        284 us
[2026-04-03T03:31:58.631+0600][47.468s][info][gc,stats    ]   Purge Unlinked                    387 us
[2026-04-03T03:31:58.631+0600][47.468s][info][gc,stats    ]     Code Roots                      375 us
[2026-04-03T03:31:58.631+0600][47.468s][info][gc,stats    ]     CLDG                             11 us
[2026-04-03T03:31:58.631+0600][47.468s][info][gc,stats    ]     Exception Caches                  0 us
[2026-04-03T03:31:58.631+0600][47.468s][info][gc,stats    ] Concurrent Strong Roots            1016 us, parallelism: 0.71x
[2026-04-03T03:31:58.631+0600][47.468s][info][gc,stats    ]   CSR: <total>                      726 us
[2026-04-03T03:31:58.631+0600][47.468s][info][gc,stats    ]   CSR: VM Strong Roots               49 us, workers (us):  27,  22,   0, ---, ---, ---, 
[2026-04-03T03:31:58.631+0600][47.468s][info][gc,stats    ]   CSR: CLDG Roots                   677 us, workers (us): ---, 677, ---, ---, ---, ---, 
[2026-04-03T03:31:58.631+0600][47.468s][info][gc,stats    ] Concurrent Evacuation             15612 us
[2026-04-03T03:31:58.631+0600][47.468s][info][gc,stats    ] Pause Init Update Refs (G)          563 us
[2026-04-03T03:31:58.631+0600][47.468s][info][gc,stats    ] Pause Init Update Refs (N)          152 us
[2026-04-03T03:31:58.631+0600][47.468s][info][gc,stats    ]   Manage GCLABs                      32 us
[2026-04-03T03:31:58.631+0600][47.468s][info][gc,stats    ] Concurrent Update Refs           115487 us
[2026-04-03T03:31:58.631+0600][47.468s][info][gc,stats    ] Concurrent Update Thread Roots     1246 us
[2026-04-03T03:31:58.631+0600][47.468s][info][gc,stats    ] Pause Final Update Refs (G)         634 us
[2026-04-03T03:31:58.631+0600][47.468s][info][gc,stats    ] Pause Final Update Refs (N)         262 us
[2026-04-03T03:31:58.631+0600][47.468s][info][gc,stats    ]   Update Region States               59 us
[2026-04-03T03:31:58.631+0600][47.468s][info][gc,stats    ]   Trash Collection Set               14 us
[2026-04-03T03:31:58.631+0600][47.468s][info][gc,stats    ]   Rebuild Free Set                   36 us
[2026-04-03T03:31:58.631+0600][47.468s][info][gc,stats    ] Concurrent Cleanup                  733 us
[2026-04-03T03:31:58.631+0600][47.468s][info][gc,stats    ] Pacing                           233090 us
[2026-04-03T03:31:58.631+0600][47.468s][info][gc,stats    ] 
[2026-04-03T03:31:58.631+0600][47.468s][info][gc,stats    ] Allocation pacing accrued:
[2026-04-03T03:31:58.631+0600][47.468s][info][gc,stats    ]      78 of  1179 ms (  6.6%): Executor task launch worker for task 2.0 in stage 25.0 (TID 38)
[2026-04-03T03:31:58.631+0600][47.468s][info][gc,stats    ]      78 of  1179 ms (  6.6%): Executor task launch worker for task 1.0 in stage 25.0 (TID 37)
[2026-04-03T03:31:58.631+0600][47.468s][info][gc,stats    ]      77 of  1179 ms (  6.6%): Executor task launch worker for task 0.0 in stage 25.0 (TID 36)
[2026-04-03T03:31:58.631+0600][47.468s][info][gc,stats    ]     233 of  1179 ms ( 19.8%): <total>
[2026-04-03T03:31:58.631+0600][47.468s][info][gc,stats    ]       1 of  1179 ms (  0.1%): <average total>
[2026-04-03T03:31:58.631+0600][47.468s][info][gc,stats    ]      78 of  1179 ms (  6.6%): <average non-zero>
[2026-04-03T03:31:58.631+0600][47.468s][info][gc,stats    ] 
[2026-04-03T03:31:58.631+0600][47.468s][info][gc,metaspace] Metaspace: 72826K(73728K)->72841K(73728K) NonClass: 63546K(64064K)->63560K(64064K) Class: 9280K(9664K)->9280K(9664K)
[2026-04-03T03:31:58.632+0600][47.468s][info][gc,ergo     ] Pacer for Idle. Initial: 30720K, Alloc Tax Rate: 1.0x
[2026-04-03T03:31:58.733+0600][47.570s][info][gc          ] Trigger: Average GC time (813.40 ms) is above the time for instantaneous allocation rate (1375 MB/s) to deplete free headroom (840M) (spike threshold = 1.80)
[2026-04-03T03:31:58.733+0600][47.570s][info][gc,ergo     ] Free: 915M, Max: 512K regular, 351M humongous, Frag: 62% external, 0% internal; Reserve: 76800K, Max: 512K
[2026-04-03T03:31:58.733+0600][47.570s][info][gc,start    ] GC(37) Concurrent reset
[2026-04-03T03:31:58.733+0600][47.570s][info][gc,task     ] GC(37) Using 3 of 6 workers for concurrent reset
[2026-04-03T03:31:58.733+0600][47.570s][info][gc,ergo     ] GC(37) Pacer for Reset. Non-Taxable: 1500M
[2026-04-03T03:31:58.734+0600][47.571s][info][gc          ] GC(37) Concurrent reset 0.919ms
[2026-04-03T03:31:58.734+0600][47.571s][info][gc,start    ] GC(37) Pause Init Mark (unload classes)
[2026-04-03T03:31:58.734+0600][47.571s][info][gc,task     ] GC(37) Using 6 of 6 workers for init marking
[2026-04-03T03:31:58.734+0600][47.571s][info][gc,ergo     ] GC(37) Pacer for Mark. Expected Live: 242M, Free: 914M, Non-Taxable: 93644K, Alloc Tax Rate: 0.3x
[2026-04-03T03:31:58.734+0600][47.571s][info][gc          ] GC(37) Pause Init Mark (unload classes) 0.117ms
[2026-04-03T03:31:58.735+0600][47.571s][info][gc,start    ] GC(37) Concurrent marking roots
[2026-04-03T03:31:58.735+0600][47.571s][info][gc,task     ] GC(37) Using 3 of 6 workers for concurrent marking roots
[2026-04-03T03:31:58.735+0600][47.572s][info][gc          ] GC(37) Concurrent marking roots 0.773ms
[2026-04-03T03:31:58.735+0600][47.572s][info][gc,start    ] GC(37) Concurrent marking (unload classes)
[2026-04-03T03:31:58.735+0600][47.572s][info][gc,task     ] GC(37) Using 3 of 6 workers for concurrent marking
[2026-04-03T03:31:59.096+0600][47.933s][info][gc          ] GC(37) Concurrent marking (unload classes) 361.138ms
[2026-04-03T03:31:59.097+0600][47.933s][info][gc,start    ] GC(37) Pause Final Mark (unload classes)
[2026-04-03T03:31:59.097+0600][47.933s][info][gc,task     ] GC(37) Using 6 of 6 workers for final marking
[2026-04-03T03:31:59.097+0600][47.934s][info][gc,ergo     ] GC(37) Adaptive CSet Selection. Target Free: 212M, Actual Free: 979M, Max CSet: 64000K, Min Garbage: 0B
[2026-04-03T03:31:59.098+0600][47.934s][info][gc,ergo     ] GC(37) Collectable Garbage: 282M (98%), Immediate: 4608K (1%), CSet: 278M (96%)
[2026-04-03T03:31:59.098+0600][47.935s][info][gc,ergo     ] GC(37) Pacer for Evacuation. Used CSet: 327M, Free: 907M, Non-Taxable: 92902K, Alloc Tax Rate: 1.1x
[2026-04-03T03:31:59.098+0600][47.935s][info][gc          ] GC(37) Pause Final Mark (unload classes) 1.467ms
[2026-04-03T03:31:59.098+0600][47.935s][info][gc,start    ] GC(37) Concurrent thread roots
[2026-04-03T03:31:59.099+0600][47.935s][info][gc,task     ] GC(37) Using 3 of 6 workers for Concurrent thread roots
[2026-04-03T03:31:59.100+0600][47.936s][info][gc          ] GC(37) Concurrent thread roots 1.183ms
[2026-04-03T03:31:59.100+0600][47.936s][info][gc,start    ] GC(37) Concurrent weak references
[2026-04-03T03:31:59.100+0600][47.936s][info][gc,task     ] GC(37) Using 3 of 6 workers for concurrent weak references
[2026-04-03T03:31:59.101+0600][47.938s][info][gc,ref      ] GC(37) Encountered references: Soft: 3341, Weak: 6448, Final: 84, Phantom: 599
[2026-04-03T03:31:59.101+0600][47.938s][info][gc,ref      ] GC(37) Discovered  references: Soft: 0, Weak: 3579, Final: 48, Phantom: 595
[2026-04-03T03:31:59.101+0600][47.938s][info][gc,ref      ] GC(37) Enqueued    references: Soft: 0, Weak: 19, Final: 0, Phantom: 0
[2026-04-03T03:31:59.101+0600][47.938s][info][gc          ] GC(37) Concurrent weak references 1.282ms
[2026-04-03T03:31:59.101+0600][47.938s][info][gc,start    ] GC(37) Concurrent weak roots
[2026-04-03T03:31:59.101+0600][47.938s][info][gc,task     ] GC(37) Using 3 of 6 workers for concurrent weak root
[2026-04-03T03:31:59.125+0600][47.962s][info][gc          ] GC(37) Concurrent weak roots 24.277ms
[2026-04-03T03:31:59.125+0600][47.962s][info][gc,start    ] GC(37) Concurrent cleanup
[2026-04-03T03:31:59.126+0600][47.962s][info][gc          ] GC(37) Concurrent cleanup 529M->525M(1252M) 0.239ms
[2026-04-03T03:31:59.126+0600][47.962s][info][gc,ergo     ] GC(37) Free: 903M, Max: 512K regular, 351M humongous, Frag: 62% external, 0% internal; Reserve: 67072K, Max: 512K
[2026-04-03T03:31:59.126+0600][47.962s][info][gc,start    ] GC(37) Concurrent class unloading
[2026-04-03T03:31:59.126+0600][47.962s][info][gc,task     ] GC(37) Using 3 of 6 workers for concurrent class unloading
[2026-04-03T03:31:59.134+0600][47.970s][info][gc          ] GC(37) Concurrent class unloading 7.802ms
[2026-04-03T03:31:59.134+0600][47.971s][info][gc,start    ] GC(37) Concurrent strong roots
[2026-04-03T03:31:59.134+0600][47.971s][info][gc,task     ] GC(37) Using 3 of 6 workers for concurrent strong root
[2026-04-03T03:31:59.135+0600][47.971s][info][gc          ] GC(37) Concurrent strong roots 1.055ms
[2026-04-03T03:31:59.135+0600][47.972s][info][gc,start    ] GC(37) Concurrent evacuation
[2026-04-03T03:31:59.135+0600][47.972s][info][gc,task     ] GC(37) Using 3 of 6 workers for concurrent evacuation
[2026-04-03T03:31:59.180+0600][48.016s][info][gc          ] GC(37) Concurrent evacuation 44.841ms
[2026-04-03T03:31:59.180+0600][48.017s][info][gc,start    ] GC(37) Pause Init Update Refs
[2026-04-03T03:31:59.180+0600][48.017s][info][gc,ergo     ] GC(37) Pacer for Update Refs. Used: 569M, Free: 900M, Non-Taxable: 92160K, Alloc Tax Rate: 1.1x
[2026-04-03T03:31:59.180+0600][48.017s][info][gc          ] GC(37) Pause Init Update Refs 0.150ms
[2026-04-03T03:31:59.181+0600][48.017s][info][gc,start    ] GC(37) Concurrent update references
[2026-04-03T03:31:59.181+0600][48.017s][info][gc,task     ] GC(37) Using 3 of 6 workers for concurrent reference update
[2026-04-03T03:31:59.333+0600][48.169s][info][gc          ] GC(37) Concurrent update references 152.119ms
[2026-04-03T03:31:59.333+0600][48.169s][info][gc,start    ] GC(37) Concurrent update thread roots
[2026-04-03T03:31:59.335+0600][48.172s][info][gc          ] GC(37) Concurrent update thread roots 2.395ms
[2026-04-03T03:31:59.335+0600][48.172s][info][gc,start    ] GC(37) Pause Final Update Refs
[2026-04-03T03:31:59.335+0600][48.172s][info][gc,task     ] GC(37) Using 6 of 6 workers for final reference update
[2026-04-03T03:31:59.336+0600][48.172s][info][gc          ] GC(37) Pause Final Update Refs 0.223ms
[2026-04-03T03:31:59.336+0600][48.172s][info][gc,start    ] GC(37) Concurrent cleanup
[2026-04-03T03:31:59.336+0600][48.173s][info][gc          ] GC(37) Concurrent cleanup 606M->278M(1252M) 0.675ms
[2026-04-03T03:31:59.337+0600][48.173s][info][gc,ergo     ] Free: 1134M, Max: 512K regular, 511M humongous, Frag: 55% external, 0% internal; Reserve: 76800K, Max: 512K
[2026-04-03T03:31:59.337+0600][48.173s][info][gc,stats    ] 
[2026-04-03T03:31:59.337+0600][48.173s][info][gc,stats    ] All times are wall-clock times, except per-root-class counters, that are sum over
[2026-04-03T03:31:59.337+0600][48.173s][info][gc,stats    ] all workers. Dividing the <total> over the root stage time estimates parallelism.
[2026-04-03T03:31:59.337+0600][48.173s][info][gc,stats    ] 
[2026-04-03T03:31:59.337+0600][48.173s][info][gc,stats    ] Concurrent Reset                    967 us
[2026-04-03T03:31:59.337+0600][48.173s][info][gc,stats    ] Pause Init Mark (G)                 338 us
[2026-04-03T03:31:59.337+0600][48.173s][info][gc,stats    ] Pause Init Mark (N)                 127 us
[2026-04-03T03:31:59.337+0600][48.173s][info][gc,stats    ]   Update Region States               37 us
[2026-04-03T03:31:59.337+0600][48.173s][info][gc,stats    ] Concurrent Mark Roots               808 us, parallelism: 1.66x
[2026-04-03T03:31:59.337+0600][48.173s][info][gc,stats    ]   CMR: <total>                     1340 us
[2026-04-03T03:31:59.337+0600][48.173s][info][gc,stats    ]   CMR: Thread Roots                1161 us, workers (us): 307, 443, 411, ---, ---, ---, 
[2026-04-03T03:31:59.337+0600][48.173s][info][gc,stats    ]   CMR: VM Strong Roots               27 us, workers (us):  26,   0,   1, ---, ---, ---, 
[2026-04-03T03:31:59.337+0600][48.173s][info][gc,stats    ]   CMR: CLDG Roots                   152 us, workers (us): 152, ---, ---, ---, ---, ---, 
[2026-04-03T03:31:59.337+0600][48.173s][info][gc,stats    ] Concurrent Marking               361256 us
[2026-04-03T03:31:59.337+0600][48.173s][info][gc,stats    ] Pause Final Mark (G)               1883 us
[2026-04-03T03:31:59.337+0600][48.173s][info][gc,stats    ] Pause Final Mark (N)               1487 us
[2026-04-03T03:31:59.337+0600][48.173s][info][gc,stats    ]   Finish Mark                       389 us
[2026-04-03T03:31:59.337+0600][48.173s][info][gc,stats    ]   Update Region States               70 us
[2026-04-03T03:31:59.337+0600][48.173s][info][gc,stats    ]   Choose Collection Set             716 us
[2026-04-03T03:31:59.337+0600][48.173s][info][gc,stats    ]   Rebuild Free Set                  107 us
[2026-04-03T03:31:59.337+0600][48.173s][info][gc,stats    ] Concurrent Thread Roots            1299 us, parallelism: 1.85x
[2026-04-03T03:31:59.337+0600][48.173s][info][gc,stats    ]   CTR: <total>                     2408 us
[2026-04-03T03:31:59.337+0600][48.173s][info][gc,stats    ]   CTR: Thread Roots                2408 us, workers (us): 827, 791, 790, ---, ---, ---, 
[2026-04-03T03:31:59.337+0600][48.173s][info][gc,stats    ] Concurrent Weak References         1302 us, parallelism: 0.80x
[2026-04-03T03:31:59.337+0600][48.173s][info][gc,stats    ]   CWRF: <total>                    1044 us
[2026-04-03T03:31:59.337+0600][48.173s][info][gc,stats    ]   CWRF: Weak References            1044 us, workers (us):  77, 938,  29, ---, ---, ---, 
[2026-04-03T03:31:59.337+0600][48.173s][info][gc,stats    ] Concurrent Weak Roots             24402 us
[2026-04-03T03:31:59.337+0600][48.173s][info][gc,stats    ]   Roots                            2936 us, parallelism: 2.52x
[2026-04-03T03:31:59.337+0600][48.174s][info][gc,stats    ]     CWR: <total>                   7407 us
[2026-04-03T03:31:59.337+0600][48.174s][info][gc,stats    ]     CWR: Code Cache Roots          5275 us, workers (us): 1746, 1724, 1804, ---, ---, ---, 
[2026-04-03T03:31:59.337+0600][48.174s][info][gc,stats    ]     CWR: VM Weak Roots             2019 us, workers (us): 728, 661, 630, ---, ---, ---, 
[2026-04-03T03:31:59.337+0600][48.174s][info][gc,stats    ]     CWR: CLDG Roots                 113 us, workers (us): ---, 113, ---, ---, ---, ---, 
[2026-04-03T03:31:59.337+0600][48.174s][info][gc,stats    ]   Rendezvous                      21295 us
[2026-04-03T03:31:59.337+0600][48.174s][info][gc,stats    ] Concurrent Cleanup                  261 us
[2026-04-03T03:31:59.337+0600][48.174s][info][gc,stats    ] Concurrent Class Unloading         7920 us
[2026-04-03T03:31:59.337+0600][48.174s][info][gc,stats    ]   Unlink Stale                     7037 us
[2026-04-03T03:31:59.337+0600][48.174s][info][gc,stats    ]     System Dictionary               202 us
[2026-04-03T03:31:59.337+0600][48.174s][info][gc,stats    ]     Weak Class Links                  1 us
[2026-04-03T03:31:59.337+0600][48.174s][info][gc,stats    ]     Code Roots                     6828 us
[2026-04-03T03:31:59.337+0600][48.174s][info][gc,stats    ]   Rendezvous                        451 us
[2026-04-03T03:31:59.337+0600][48.174s][info][gc,stats    ]   Purge Unlinked                    270 us
[2026-04-03T03:31:59.337+0600][48.174s][info][gc,stats    ]     Code Roots                      256 us
[2026-04-03T03:31:59.337+0600][48.174s][info][gc,stats    ]     CLDG                             14 us
[2026-04-03T03:31:59.337+0600][48.174s][info][gc,stats    ]     Exception Caches                  0 us
[2026-04-03T03:31:59.337+0600][48.174s][info][gc,stats    ] Concurrent Strong Roots            1115 us, parallelism: 0.45x
[2026-04-03T03:31:59.337+0600][48.174s][info][gc,stats    ]   CSR: <total>                      506 us
[2026-04-03T03:31:59.337+0600][48.174s][info][gc,stats    ]   CSR: VM Strong Roots               52 us, workers (us):  26,  26,   0, ---, ---, ---, 
[2026-04-03T03:31:59.337+0600][48.174s][info][gc,stats    ]   CSR: CLDG Roots                   455 us, workers (us): 455, ---, ---, ---, ---, ---, 
[2026-04-03T03:31:59.337+0600][48.174s][info][gc,stats    ] Concurrent Evacuation             44974 us
[2026-04-03T03:31:59.337+0600][48.174s][info][gc,stats    ] Pause Init Update Refs (G)          704 us
[2026-04-03T03:31:59.337+0600][48.174s][info][gc,stats    ] Pause Init Update Refs (N)          168 us
[2026-04-03T03:31:59.337+0600][48.174s][info][gc,stats    ]   Manage GCLABs                      34 us
[2026-04-03T03:31:59.337+0600][48.174s][info][gc,stats    ] Concurrent Update Refs           152225 us
[2026-04-03T03:31:59.337+0600][48.174s][info][gc,stats    ] Concurrent Update Thread Roots     2463 us
[2026-04-03T03:31:59.337+0600][48.174s][info][gc,stats    ] Pause Final Update Refs (G)         605 us
[2026-04-03T03:31:59.337+0600][48.174s][info][gc,stats    ] Pause Final Update Refs (N)         242 us
[2026-04-03T03:31:59.337+0600][48.174s][info][gc,stats    ]   Update Region States               63 us
[2026-04-03T03:31:59.337+0600][48.174s][info][gc,stats    ]   Trash Collection Set               19 us
[2026-04-03T03:31:59.337+0600][48.174s][info][gc,stats    ]   Rebuild Free Set                   36 us
[2026-04-03T03:31:59.337+0600][48.174s][info][gc,stats    ] Concurrent Cleanup                  695 us
[2026-04-03T03:31:59.337+0600][48.174s][info][gc,stats    ] 
[2026-04-03T03:31:59.337+0600][48.174s][info][gc,stats    ] Allocation pacing accrued:
[2026-04-03T03:31:59.337+0600][48.174s][info][gc,stats    ]       0 of   706 ms (  0.0%): <total>
[2026-04-03T03:31:59.337+0600][48.174s][info][gc,stats    ]       0 of   706 ms (  0.0%): <average total>
[2026-04-03T03:31:59.337+0600][48.174s][info][gc,stats    ] 
[2026-04-03T03:31:59.337+0600][48.174s][info][gc,metaspace] Metaspace: 72841K(73728K)->72842K(73728K) NonClass: 63560K(64064K)->63561K(64064K) Class: 9280K(9664K)->9280K(9664K)
[2026-04-03T03:31:59.337+0600][48.174s][info][gc,ergo     ] Pacer for Idle. Initial: 30720K, Alloc Tax Rate: 1.0x
[2026-04-03T03:31:59.740+0600][48.576s][info][gc          ] Trigger: Average GC time (778.13 ms) is above the time for instantaneous allocation rate (1573 MB/s) to deplete free headroom (811M) (spike threshold = 1.81)
[2026-04-03T03:31:59.740+0600][48.577s][info][gc,ergo     ] Free: 886M, Max: 512K regular, 511M humongous, Frag: 43% external, 0% internal; Reserve: 76800K, Max: 512K
[2026-04-03T03:31:59.740+0600][48.577s][info][gc,start    ] GC(38) Concurrent reset
[2026-04-03T03:31:59.740+0600][48.577s][info][gc,task     ] GC(38) Using 3 of 6 workers for concurrent reset
[2026-04-03T03:31:59.740+0600][48.577s][info][gc,ergo     ] GC(38) Pacer for Reset. Non-Taxable: 1500M
[2026-04-03T03:31:59.742+0600][48.578s][info][gc          ] GC(38) Concurrent reset 1.608ms
[2026-04-03T03:31:59.742+0600][48.579s][info][gc,start    ] GC(38) Pause Init Mark (unload classes)
[2026-04-03T03:31:59.742+0600][48.579s][info][gc,task     ] GC(38) Using 6 of 6 workers for init marking
[2026-04-03T03:31:59.742+0600][48.579s][info][gc,ergo     ] GC(38) Pacer for Mark. Expected Live: 230M, Free: 881M, Non-Taxable: 90270K, Alloc Tax Rate: 0.3x
[2026-04-03T03:31:59.742+0600][48.579s][info][gc          ] GC(38) Pause Init Mark (unload classes) 0.161ms
[2026-04-03T03:31:59.742+0600][48.579s][info][gc,start    ] GC(38) Concurrent marking roots
[2026-04-03T03:31:59.742+0600][48.579s][info][gc,task     ] GC(38) Using 3 of 6 workers for concurrent marking roots
[2026-04-03T03:31:59.743+0600][48.580s][info][gc          ] GC(38) Concurrent marking roots 1.054ms
[2026-04-03T03:31:59.743+0600][48.580s][info][gc,start    ] GC(38) Concurrent marking (unload classes)
[2026-04-03T03:31:59.743+0600][48.580s][info][gc,task     ] GC(38) Using 3 of 6 workers for concurrent marking
[2026-04-03T03:31:59.939+0600][48.775s][info][gc          ] GC(38) Concurrent marking (unload classes) 195.411ms
[2026-04-03T03:31:59.939+0600][48.776s][info][gc,start    ] GC(38) Pause Final Mark (unload classes)
[2026-04-03T03:31:59.939+0600][48.776s][info][gc,task     ] GC(38) Using 6 of 6 workers for final marking
[2026-04-03T03:31:59.939+0600][48.776s][info][gc,ergo     ] GC(38) Adaptive CSet Selection. Target Free: 212M, Actual Free: 950M, Max CSet: 64000K, Min Garbage: 0B
[2026-04-03T03:31:59.940+0600][48.776s][info][gc,ergo     ] GC(38) Collectable Garbage: 282M (98%), Immediate: 207M (71%), CSet: 77229K (26%)
[2026-04-03T03:31:59.940+0600][48.776s][info][gc,ergo     ] GC(38) Pacer for Evacuation. Used CSet: 88341K, Free: 902M, Non-Taxable: 92423K, Alloc Tax Rate: 1.1x
[2026-04-03T03:31:59.940+0600][48.776s][info][gc          ] GC(38) Pause Final Mark (unload classes) 0.834ms
[2026-04-03T03:31:59.940+0600][48.777s][info][gc,start    ] GC(38) Concurrent thread roots
[2026-04-03T03:31:59.940+0600][48.777s][info][gc,task     ] GC(38) Using 3 of 6 workers for Concurrent thread roots
[2026-04-03T03:31:59.941+0600][48.778s][info][gc          ] GC(38) Concurrent thread roots 0.915ms
[2026-04-03T03:31:59.941+0600][48.778s][info][gc,start    ] GC(38) Concurrent weak references
[2026-04-03T03:31:59.941+0600][48.778s][info][gc,task     ] GC(38) Using 3 of 6 workers for concurrent weak references
[2026-04-03T03:31:59.941+0600][48.778s][info][gc,ref      ] GC(38) Encountered references: Soft: 3349, Weak: 6455, Final: 84, Phantom: 598
[2026-04-03T03:31:59.941+0600][48.778s][info][gc,ref      ] GC(38) Discovered  references: Soft: 0, Weak: 644, Final: 0, Phantom: 595
[2026-04-03T03:31:59.941+0600][48.778s][info][gc,ref      ] GC(38) Enqueued    references: Soft: 0, Weak: 8, Final: 0, Phantom: 0
[2026-04-03T03:31:59.941+0600][48.778s][info][gc          ] GC(38) Concurrent weak references 0.335ms
[2026-04-03T03:31:59.941+0600][48.778s][info][gc,start    ] GC(38) Concurrent weak roots
[2026-04-03T03:31:59.941+0600][48.778s][info][gc,task     ] GC(38) Using 3 of 6 workers for concurrent weak root
[2026-04-03T03:31:59.943+0600][48.780s][info][gc          ] GC(38) Concurrent weak roots 2.092ms
[2026-04-03T03:31:59.944+0600][48.780s][info][gc,start    ] GC(38) Concurrent cleanup
[2026-04-03T03:31:59.944+0600][48.780s][info][gc          ] GC(38) Concurrent cleanup 703M->496M(1252M) 0.268ms
[2026-04-03T03:31:59.944+0600][48.781s][info][gc,ergo     ] GC(38) Free: 901M, Max: 512K regular, 359M humongous, Frag: 61% external, 0% internal; Reserve: 76777K, Max: 512K
[2026-04-03T03:31:59.944+0600][48.781s][info][gc,start    ] GC(38) Concurrent class unloading
[2026-04-03T03:31:59.944+0600][48.781s][info][gc,task     ] GC(38) Using 3 of 6 workers for concurrent class unloading
[2026-04-03T03:31:59.949+0600][48.786s][info][gc          ] GC(38) Concurrent class unloading 5.246ms
[2026-04-03T03:31:59.949+0600][48.786s][info][gc,start    ] GC(38) Concurrent strong roots
[2026-04-03T03:31:59.949+0600][48.786s][info][gc,task     ] GC(38) Using 3 of 6 workers for concurrent strong root
[2026-04-03T03:31:59.950+0600][48.787s][info][gc          ] GC(38) Concurrent strong roots 0.711ms
[2026-04-03T03:31:59.950+0600][48.787s][info][gc,start    ] GC(38) Concurrent evacuation
[2026-04-03T03:31:59.950+0600][48.787s][info][gc,task     ] GC(38) Using 3 of 6 workers for concurrent evacuation
[2026-04-03T03:31:59.958+0600][48.795s][info][gc          ] GC(38) Concurrent evacuation 8.201ms
[2026-04-03T03:31:59.958+0600][48.795s][info][gc,start    ] GC(38) Pause Init Update Refs
[2026-04-03T03:31:59.959+0600][48.795s][info][gc,ergo     ] GC(38) Pacer for Update Refs. Used: 513M, Free: 897M, Non-Taxable: 91866K, Alloc Tax Rate: 1.1x
[2026-04-03T03:31:59.959+0600][48.795s][info][gc          ] GC(38) Pause Init Update Refs 0.118ms
[2026-04-03T03:31:59.959+0600][48.795s][info][gc,start    ] GC(38) Concurrent update references
[2026-04-03T03:31:59.959+0600][48.795s][info][gc,task     ] GC(38) Using 3 of 6 workers for concurrent reference update
[2026-04-03T03:32:00.069+0600][48.906s][info][gc          ] GC(38) Concurrent update references 110.176ms
[2026-04-03T03:32:00.069+0600][48.906s][info][gc,start    ] GC(38) Concurrent update thread roots
[2026-04-03T03:32:00.070+0600][48.907s][info][gc          ] GC(38) Concurrent update thread roots 1.117ms
[2026-04-03T03:32:00.070+0600][48.907s][info][gc,start    ] GC(38) Pause Final Update Refs
[2026-04-03T03:32:00.070+0600][48.907s][info][gc,task     ] GC(38) Using 6 of 6 workers for final reference update
[2026-04-03T03:32:00.070+0600][48.907s][info][gc          ] GC(38) Pause Final Update Refs 0.172ms
[2026-04-03T03:32:00.071+0600][48.907s][info][gc,start    ] GC(38) Concurrent cleanup
[2026-04-03T03:32:00.071+0600][48.908s][info][gc          ] GC(38) Concurrent cleanup 567M->481M(1252M) 0.571ms
[2026-04-03T03:32:00.071+0600][48.908s][info][gc,ergo     ] Free: 917M, Max: 512K regular, 357M humongous, Frag: 62% external, 8% internal; Reserve: 76800K, Max: 512K
[2026-04-03T03:32:00.071+0600][48.908s][info][gc,stats    ] 
[2026-04-03T03:32:00.071+0600][48.908s][info][gc,stats    ] All times are wall-clock times, except per-root-class counters, that are sum over
[2026-04-03T03:32:00.071+0600][48.908s][info][gc,stats    ] all workers. Dividing the <total> over the root stage time estimates parallelism.
[2026-04-03T03:32:00.071+0600][48.908s][info][gc,stats    ] 
[2026-04-03T03:32:00.071+0600][48.908s][info][gc,stats    ] Concurrent Reset                   1683 us
[2026-04-03T03:32:00.071+0600][48.908s][info][gc,stats    ] Pause Init Mark (G)                 539 us
[2026-04-03T03:32:00.071+0600][48.908s][info][gc,stats    ] Pause Init Mark (N)                 172 us
[2026-04-03T03:32:00.071+0600][48.908s][info][gc,stats    ]   Update Region States               33 us
[2026-04-03T03:32:00.071+0600][48.908s][info][gc,stats    ] Concurrent Mark Roots              1120 us, parallelism: 1.66x
[2026-04-03T03:32:00.071+0600][48.908s][info][gc,stats    ]   CMR: <total>                     1856 us
[2026-04-03T03:32:00.071+0600][48.908s][info][gc,stats    ]   CMR: Thread Roots                1472 us, workers (us): 585, 325, 562, ---, ---, ---, 
[2026-04-03T03:32:00.071+0600][48.908s][info][gc,stats    ]   CMR: VM Strong Roots               39 us, workers (us):  23,  16,   1, ---, ---, ---, 
[2026-04-03T03:32:00.071+0600][48.908s][info][gc,stats    ]   CMR: CLDG Roots                   344 us, workers (us): ---, 344, ---, ---, ---, ---, 
[2026-04-03T03:32:00.071+0600][48.908s][info][gc,stats    ] Concurrent Marking               195513 us
[2026-04-03T03:32:00.071+0600][48.908s][info][gc,stats    ] Pause Final Mark (G)               1306 us
[2026-04-03T03:32:00.071+0600][48.908s][info][gc,stats    ] Pause Final Mark (N)               1025 us
[2026-04-03T03:32:00.071+0600][48.908s][info][gc,stats    ]   Finish Mark                       312 us
[2026-04-03T03:32:00.071+0600][48.908s][info][gc,stats    ]   Update Region States               69 us
[2026-04-03T03:32:00.071+0600][48.908s][info][gc,stats    ]   Choose Collection Set             234 us
[2026-04-03T03:32:00.071+0600][48.908s][info][gc,stats    ]   Rebuild Free Set                   39 us
[2026-04-03T03:32:00.071+0600][48.908s][info][gc,stats    ] Concurrent Thread Roots             955 us, parallelism: 2.07x
[2026-04-03T03:32:00.071+0600][48.908s][info][gc,stats    ]   CTR: <total>                     1977 us
[2026-04-03T03:32:00.071+0600][48.908s][info][gc,stats    ]   CTR: Thread Roots                1977 us, workers (us): 690, 680, 607, ---, ---, ---, 
[2026-04-03T03:32:00.071+0600][48.908s][info][gc,stats    ] Concurrent Weak References          349 us, parallelism: 0.49x
[2026-04-03T03:32:00.071+0600][48.908s][info][gc,stats    ]   CWRF: <total>                     170 us
[2026-04-03T03:32:00.071+0600][48.908s][info][gc,stats    ]   CWRF: Weak References             170 us, workers (us):  75,  64,  31, ---, ---, ---, 
[2026-04-03T03:32:00.071+0600][48.908s][info][gc,stats    ] Concurrent Weak Roots              2156 us
[2026-04-03T03:32:00.071+0600][48.908s][info][gc,stats    ]   Roots                            1826 us, parallelism: 2.48x
[2026-04-03T03:32:00.071+0600][48.908s][info][gc,stats    ]     CWR: <total>                   4529 us
[2026-04-03T03:32:00.071+0600][48.908s][info][gc,stats    ]     CWR: Code Cache Roots          3197 us, workers (us): 1110, 1025, 1062, ---, ---, ---, 
[2026-04-03T03:32:00.071+0600][48.908s][info][gc,stats    ]     CWR: VM Weak Roots             1297 us, workers (us): 469, 449, 378, ---, ---, ---, 
[2026-04-03T03:32:00.071+0600][48.908s][info][gc,stats    ]     CWR: CLDG Roots                  35 us, workers (us):  35, ---, ---, ---, ---, ---, 
[2026-04-03T03:32:00.071+0600][48.908s][info][gc,stats    ]   Rendezvous                        238 us
[2026-04-03T03:32:00.071+0600][48.908s][info][gc,stats    ] Concurrent Cleanup                  288 us
[2026-04-03T03:32:00.071+0600][48.908s][info][gc,stats    ] Concurrent Class Unloading         5319 us
[2026-04-03T03:32:00.071+0600][48.908s][info][gc,stats    ]   Unlink Stale                     4686 us
[2026-04-03T03:32:00.071+0600][48.908s][info][gc,stats    ]     System Dictionary                96 us
[2026-04-03T03:32:00.071+0600][48.908s][info][gc,stats    ]     Weak Class Links                  0 us
[2026-04-03T03:32:00.071+0600][48.908s][info][gc,stats    ]     Code Roots                     4582 us
[2026-04-03T03:32:00.072+0600][48.908s][info][gc,stats    ]   Rendezvous                        242 us
[2026-04-03T03:32:00.072+0600][48.908s][info][gc,stats    ]   Purge Unlinked                    289 us
[2026-04-03T03:32:00.072+0600][48.908s][info][gc,stats    ]     Code Roots                      279 us
[2026-04-03T03:32:00.072+0600][48.908s][info][gc,stats    ]     CLDG                              9 us
[2026-04-03T03:32:00.072+0600][48.908s][info][gc,stats    ]     Exception Caches                  0 us
[2026-04-03T03:32:00.072+0600][48.908s][info][gc,stats    ] Concurrent Strong Roots             751 us, parallelism: 0.68x
[2026-04-03T03:32:00.072+0600][48.908s][info][gc,stats    ]   CSR: <total>                      508 us
[2026-04-03T03:32:00.072+0600][48.908s][info][gc,stats    ]   CSR: VM Strong Roots               34 us, workers (us):  22,  12,   0, ---, ---, ---, 
[2026-04-03T03:32:00.072+0600][48.908s][info][gc,stats    ]   CSR: CLDG Roots                   474 us, workers (us): ---, 474, ---, ---, ---, ---, 
[2026-04-03T03:32:00.072+0600][48.908s][info][gc,stats    ] Concurrent Evacuation              8265 us
[2026-04-03T03:32:00.072+0600][48.908s][info][gc,stats    ] Pause Init Update Refs (G)          502 us
[2026-04-03T03:32:00.072+0600][48.908s][info][gc,stats    ] Pause Init Update Refs (N)          129 us
[2026-04-03T03:32:00.072+0600][48.908s][info][gc,stats    ]   Manage GCLABs                      29 us
[2026-04-03T03:32:00.072+0600][48.908s][info][gc,stats    ] Concurrent Update Refs           110252 us
[2026-04-03T03:32:00.072+0600][48.908s][info][gc,stats    ] Concurrent Update Thread Roots     1164 us
[2026-04-03T03:32:00.072+0600][48.908s][info][gc,stats    ] Pause Final Update Refs (G)         439 us
[2026-04-03T03:32:00.072+0600][48.908s][info][gc,stats    ] Pause Final Update Refs (N)         189 us
[2026-04-03T03:32:00.072+0600][48.908s][info][gc,stats    ]   Update Region States               51 us
[2026-04-03T03:32:00.072+0600][48.908s][info][gc,stats    ]   Trash Collection Set               10 us
[2026-04-03T03:32:00.072+0600][48.908s][info][gc,stats    ]   Rebuild Free Set                   35 us
[2026-04-03T03:32:00.072+0600][48.908s][info][gc,stats    ] Concurrent Cleanup                  590 us
[2026-04-03T03:32:00.072+0600][48.908s][info][gc,stats    ] 
[2026-04-03T03:32:00.072+0600][48.908s][info][gc,stats    ] Allocation pacing accrued:
[2026-04-03T03:32:00.072+0600][48.908s][info][gc,stats    ]       0 of   735 ms (  0.0%): <total>
[2026-04-03T03:32:00.072+0600][48.908s][info][gc,stats    ]       0 of   735 ms (  0.0%): <average total>
[2026-04-03T03:32:00.072+0600][48.908s][info][gc,stats    ] 
[2026-04-03T03:32:00.072+0600][48.908s][info][gc,metaspace] Metaspace: 72961K(73792K)->72978K(73856K) NonClass: 63678K(64128K)->63694K(64192K) Class: 9283K(9664K)->9283K(9664K)
[2026-04-03T03:32:00.072+0600][48.908s][info][gc,ergo     ] Pacer for Idle. Initial: 30720K, Alloc Tax Rate: 1.0x
[2026-04-03T03:32:00.173+0600][49.010s][info][gc          ] Trigger: Average GC time (709.80 ms) is above the time for average allocation rate (1090 MB/s) to deplete free headroom (713M) (margin of error = 1.82)
[2026-04-03T03:32:00.174+0600][49.010s][info][gc,ergo     ] Free headroom: 788M (free) - 76800K (spike) - 0B (penalties) = 713M
[2026-04-03T03:32:00.174+0600][49.010s][info][gc,ergo     ] Free: 787M, Max: 512K regular, 357M humongous, Frag: 55% external, 9% internal; Reserve: 76800K, Max: 512K
[2026-04-03T03:32:00.174+0600][49.010s][info][gc,start    ] GC(39) Concurrent reset
[2026-04-03T03:32:00.174+0600][49.010s][info][gc,task     ] GC(39) Using 3 of 6 workers for concurrent reset
[2026-04-03T03:32:00.174+0600][49.010s][info][gc,ergo     ] GC(39) Pacer for Reset. Non-Taxable: 1500M
[2026-04-03T03:32:00.175+0600][49.011s][info][gc          ] GC(39) Concurrent reset 1.018ms
[2026-04-03T03:32:00.175+0600][49.012s][info][gc,start    ] GC(39) Pause Init Mark (unload classes)
[2026-04-03T03:32:00.175+0600][49.012s][info][gc,task     ] GC(39) Using 6 of 6 workers for init marking
[2026-04-03T03:32:00.175+0600][49.012s][info][gc,ergo     ] GC(39) Pacer for Mark. Expected Live: 212M, Free: 786M, Non-Taxable: 80545K, Alloc Tax Rate: 0.3x
[2026-04-03T03:32:00.175+0600][49.012s][info][gc          ] GC(39) Pause Init Mark (unload classes) 0.164ms
[2026-04-03T03:32:00.175+0600][49.012s][info][gc,start    ] GC(39) Concurrent marking roots
[2026-04-03T03:32:00.175+0600][49.012s][info][gc,task     ] GC(39) Using 3 of 6 workers for concurrent marking roots
[2026-04-03T03:32:00.176+0600][49.013s][info][gc          ] GC(39) Concurrent marking roots 1.008ms
[2026-04-03T03:32:00.176+0600][49.013s][info][gc,start    ] GC(39) Concurrent marking (unload classes)
[2026-04-03T03:32:00.176+0600][49.013s][info][gc,task     ] GC(39) Using 3 of 6 workers for concurrent marking
[2026-04-03T03:32:00.391+0600][49.228s][info][gc          ] GC(39) Concurrent marking (unload classes) 214.644ms
[2026-04-03T03:32:00.391+0600][49.228s][info][gc,start    ] GC(39) Pause Final Mark (unload classes)
[2026-04-03T03:32:00.391+0600][49.228s][info][gc,task     ] GC(39) Using 6 of 6 workers for final marking
[2026-04-03T03:32:00.392+0600][49.228s][info][gc,ergo     ] GC(39) Adaptive CSet Selection. Target Free: 212M, Actual Free: 938M, Max CSet: 64000K, Min Garbage: 0B
[2026-04-03T03:32:00.392+0600][49.229s][info][gc,ergo     ] GC(39) Collectable Garbage: 399M (98%), Immediate: 200M (49%), CSet: 199M (49%)
[2026-04-03T03:32:00.392+0600][49.229s][info][gc,ergo     ] GC(39) Pacer for Evacuation. Used CSet: 229M, Free: 886M, Non-Taxable: 90742K, Alloc Tax Rate: 1.1x
[2026-04-03T03:32:00.392+0600][49.229s][info][gc          ] GC(39) Pause Final Mark (unload classes) 0.822ms
[2026-04-03T03:32:00.392+0600][49.229s][info][gc,start    ] GC(39) Concurrent thread roots
[2026-04-03T03:32:00.392+0600][49.229s][info][gc,task     ] GC(39) Using 3 of 6 workers for Concurrent thread roots
[2026-04-03T03:32:00.393+0600][49.230s][info][gc          ] GC(39) Concurrent thread roots 0.817ms
[2026-04-03T03:32:00.393+0600][49.230s][info][gc,start    ] GC(39) Concurrent weak references
[2026-04-03T03:32:00.393+0600][49.230s][info][gc,task     ] GC(39) Using 3 of 6 workers for concurrent weak references
[2026-04-03T03:32:00.394+0600][49.230s][info][gc,ref      ] GC(39) Encountered references: Soft: 3349, Weak: 6469, Final: 84, Phantom: 598
[2026-04-03T03:32:00.394+0600][49.230s][info][gc,ref      ] GC(39) Discovered  references: Soft: 0, Weak: 3661, Final: 66, Phantom: 595
[2026-04-03T03:32:00.394+0600][49.230s][info][gc,ref      ] GC(39) Enqueued    references: Soft: 0, Weak: 144, Final: 0, Phantom: 0
[2026-04-03T03:32:00.394+0600][49.230s][info][gc          ] GC(39) Concurrent weak references 0.613ms
[2026-04-03T03:32:00.394+0600][49.230s][info][gc,start    ] GC(39) Concurrent weak roots
[2026-04-03T03:32:00.394+0600][49.230s][info][gc,task     ] GC(39) Using 3 of 6 workers for concurrent weak root
[2026-04-03T03:32:00.396+0600][49.232s][info][gc          ] GC(39) Concurrent weak roots 2.219ms
[2026-04-03T03:32:00.396+0600][49.233s][info][gc,start    ] GC(39) Concurrent cleanup
[2026-04-03T03:32:00.396+0600][49.233s][info][gc          ] GC(39) Concurrent cleanup 739M->539M(1252M) 0.568ms
[2026-04-03T03:32:00.396+0600][49.233s][info][gc,ergo     ] GC(39) Free: 882M, Max: 512K regular, 357M humongous, Frag: 60% external, 0% internal; Reserve: 76364K, Max: 512K
[2026-04-03T03:32:00.396+0600][49.233s][info][gc,start    ] GC(39) Concurrent class unloading
[2026-04-03T03:32:00.396+0600][49.233s][info][gc,task     ] GC(39) Using 3 of 6 workers for concurrent class unloading
[2026-04-03T03:32:00.403+0600][49.239s][info][gc          ] GC(39) Concurrent class unloading 6.100ms
[2026-04-03T03:32:00.403+0600][49.239s][info][gc,start    ] GC(39) Concurrent strong roots
[2026-04-03T03:32:00.403+0600][49.239s][info][gc,task     ] GC(39) Using 3 of 6 workers for concurrent strong root
[2026-04-03T03:32:00.403+0600][49.240s][info][gc          ] GC(39) Concurrent strong roots 0.594ms
[2026-04-03T03:32:00.403+0600][49.240s][info][gc,start    ] GC(39) Concurrent evacuation
[2026-04-03T03:32:00.403+0600][49.240s][info][gc,task     ] GC(39) Using 3 of 6 workers for concurrent evacuation
[2026-04-03T03:32:00.430+0600][49.267s][info][gc          ] GC(39) Concurrent evacuation 26.757ms
[2026-04-03T03:32:00.430+0600][49.267s][info][gc,start    ] GC(39) Pause Init Update Refs
[2026-04-03T03:32:00.430+0600][49.267s][info][gc,ergo     ] GC(39) Pacer for Update Refs. Used: 608M, Free: 844M, Non-Taxable: 86510K, Alloc Tax Rate: 1.1x
[2026-04-03T03:32:00.430+0600][49.267s][info][gc          ] GC(39) Pause Init Update Refs 0.079ms
[2026-04-03T03:32:00.430+0600][49.267s][info][gc,start    ] GC(39) Concurrent update references
[2026-04-03T03:32:00.431+0600][49.267s][info][gc,task     ] GC(39) Using 3 of 6 workers for concurrent reference update
[2026-04-03T03:32:00.553+0600][49.390s][info][gc          ] GC(39) Concurrent update references 122.387ms
[2026-04-03T03:32:00.553+0600][49.390s][info][gc,start    ] GC(39) Concurrent update thread roots
[2026-04-03T03:32:00.554+0600][49.391s][info][gc          ] GC(39) Concurrent update thread roots 1.236ms
[2026-04-03T03:32:00.554+0600][49.391s][info][gc,start    ] GC(39) Pause Final Update Refs
[2026-04-03T03:32:00.554+0600][49.391s][info][gc,task     ] GC(39) Using 6 of 6 workers for final reference update
[2026-04-03T03:32:00.555+0600][49.391s][info][gc          ] GC(39) Pause Final Update Refs 0.206ms
[2026-04-03T03:32:00.555+0600][49.391s][info][gc,start    ] GC(39) Concurrent cleanup
[2026-04-03T03:32:00.555+0600][49.392s][info][gc          ] GC(39) Concurrent cleanup 738M->508M(1252M) 0.560ms
[2026-04-03T03:32:00.555+0600][49.392s][info][gc,ergo     ] Free: 912M, Max: 512K regular, 329M humongous, Frag: 64% external, 0% internal; Reserve: 76800K, Max: 512K
[2026-04-03T03:32:00.555+0600][49.392s][info][gc,stats    ] 
[2026-04-03T03:32:00.555+0600][49.392s][info][gc,stats    ] All times are wall-clock times, except per-root-class counters, that are sum over
[2026-04-03T03:32:00.555+0600][49.392s][info][gc,stats    ] all workers. Dividing the <total> over the root stage time estimates parallelism.
[2026-04-03T03:32:00.555+0600][49.392s][info][gc,stats    ] 
[2026-04-03T03:32:00.555+0600][49.392s][info][gc,stats    ] Concurrent Reset                   1100 us
[2026-04-03T03:32:00.555+0600][49.392s][info][gc,stats    ] Pause Init Mark (G)                 475 us
[2026-04-03T03:32:00.555+0600][49.392s][info][gc,stats    ] Pause Init Mark (N)                 176 us
[2026-04-03T03:32:00.555+0600][49.392s][info][gc,stats    ]   Update Region States               66 us
[2026-04-03T03:32:00.555+0600][49.392s][info][gc,stats    ] Concurrent Mark Roots              1051 us, parallelism: 1.86x
[2026-04-03T03:32:00.555+0600][49.392s][info][gc,stats    ]   CMR: <total>                     1959 us
[2026-04-03T03:32:00.555+0600][49.392s][info][gc,stats    ]   CMR: Thread Roots                1639 us, workers (us): 377, 641, 622, ---, ---, ---, 
[2026-04-03T03:32:00.555+0600][49.392s][info][gc,stats    ]   CMR: VM Strong Roots               30 us, workers (us):  29,   1,   1, ---, ---, ---, 
[2026-04-03T03:32:00.555+0600][49.392s][info][gc,stats    ]   CMR: CLDG Roots                   289 us, workers (us): 289, ---, ---, ---, ---, ---, 
[2026-04-03T03:32:00.555+0600][49.392s][info][gc,stats    ] Concurrent Marking               214722 us
[2026-04-03T03:32:00.555+0600][49.392s][info][gc,stats    ] Pause Final Mark (G)               1118 us
[2026-04-03T03:32:00.556+0600][49.392s][info][gc,stats    ] Pause Final Mark (N)                836 us
[2026-04-03T03:32:00.556+0600][49.392s][info][gc,stats    ]   Finish Mark                       319 us
[2026-04-03T03:32:00.556+0600][49.392s][info][gc,stats    ]   Update Region States               49 us
[2026-04-03T03:32:00.556+0600][49.392s][info][gc,stats    ]   Choose Collection Set             295 us
[2026-04-03T03:32:00.556+0600][49.392s][info][gc,stats    ]   Rebuild Free Set                   31 us
[2026-04-03T03:32:00.556+0600][49.392s][info][gc,stats    ] Concurrent Thread Roots             868 us, parallelism: 1.76x
[2026-04-03T03:32:00.556+0600][49.392s][info][gc,stats    ]   CTR: <total>                     1524 us
[2026-04-03T03:32:00.556+0600][49.392s][info][gc,stats    ]   CTR: Thread Roots                1524 us, workers (us): 531, 490, 504, ---, ---, ---, 
[2026-04-03T03:32:00.556+0600][49.392s][info][gc,stats    ] Concurrent Weak References          620 us, parallelism: 1.01x
[2026-04-03T03:32:00.556+0600][49.392s][info][gc,stats    ]   CWRF: <total>                     629 us
[2026-04-03T03:32:00.556+0600][49.392s][info][gc,stats    ]   CWRF: Weak References             629 us, workers (us): 503,  55,  71, ---, ---, ---, 
[2026-04-03T03:32:00.556+0600][49.392s][info][gc,stats    ] Concurrent Weak Roots              2305 us
[2026-04-03T03:32:00.556+0600][49.392s][info][gc,stats    ]   Roots                            1901 us, parallelism: 2.59x
[2026-04-03T03:32:00.556+0600][49.392s][info][gc,stats    ]     CWR: <total>                   4932 us
[2026-04-03T03:32:00.556+0600][49.392s][info][gc,stats    ]     CWR: Code Cache Roots          2946 us, workers (us): 1016, 985, 945, ---, ---, ---, 
[2026-04-03T03:32:00.556+0600][49.392s][info][gc,stats    ]     CWR: VM Weak Roots             1873 us, workers (us): 648, 640, 584, ---, ---, ---, 
[2026-04-03T03:32:00.556+0600][49.392s][info][gc,stats    ]     CWR: CLDG Roots                 113 us, workers (us): ---, ---, 113, ---, ---, ---, 
[2026-04-03T03:32:00.556+0600][49.392s][info][gc,stats    ]   Rendezvous                        297 us
[2026-04-03T03:32:00.556+0600][49.392s][info][gc,stats    ] Concurrent Cleanup                  583 us
[2026-04-03T03:32:00.556+0600][49.392s][info][gc,stats    ] Concurrent Class Unloading         6173 us
[2026-04-03T03:32:00.556+0600][49.392s][info][gc,stats    ]   Unlink Stale                     5528 us
[2026-04-03T03:32:00.556+0600][49.392s][info][gc,stats    ]     System Dictionary               108 us
[2026-04-03T03:32:00.556+0600][49.392s][info][gc,stats    ]     Weak Class Links                  0 us
[2026-04-03T03:32:00.556+0600][49.392s][info][gc,stats    ]     Code Roots                     5417 us
[2026-04-03T03:32:00.556+0600][49.392s][info][gc,stats    ]   Rendezvous                        259 us
[2026-04-03T03:32:00.556+0600][49.392s][info][gc,stats    ]   Purge Unlinked                    289 us
[2026-04-03T03:32:00.556+0600][49.392s][info][gc,stats    ]     Code Roots                      277 us
[2026-04-03T03:32:00.556+0600][49.392s][info][gc,stats    ]     CLDG                             11 us
[2026-04-03T03:32:00.556+0600][49.392s][info][gc,stats    ]     Exception Caches                  0 us
[2026-04-03T03:32:00.556+0600][49.392s][info][gc,stats    ] Concurrent Strong Roots             626 us, parallelism: 0.58x
[2026-04-03T03:32:00.556+0600][49.392s][info][gc,stats    ]   CSR: <total>                      363 us
[2026-04-03T03:32:00.556+0600][49.392s][info][gc,stats    ]   CSR: VM Strong Roots               49 us, workers (us):  28,  21,   0, ---, ---, ---, 
[2026-04-03T03:32:00.556+0600][49.392s][info][gc,stats    ]   CSR: CLDG Roots                   314 us, workers (us): ---, 314, ---, ---, ---, ---, 
[2026-04-03T03:32:00.556+0600][49.392s][info][gc,stats    ] Concurrent Evacuation             26837 us
[2026-04-03T03:32:00.556+0600][49.392s][info][gc,stats    ] Pause Init Update Refs (G)          343 us
[2026-04-03T03:32:00.556+0600][49.392s][info][gc,stats    ] Pause Init Update Refs (N)           88 us
[2026-04-03T03:32:00.556+0600][49.392s][info][gc,stats    ]   Manage GCLABs                      21 us
[2026-04-03T03:32:00.556+0600][49.392s][info][gc,stats    ] Concurrent Update Refs           122458 us
[2026-04-03T03:32:00.556+0600][49.392s][info][gc,stats    ] Concurrent Update Thread Roots     1283 us
[2026-04-03T03:32:00.556+0600][49.392s][info][gc,stats    ] Pause Final Update Refs (G)         514 us
[2026-04-03T03:32:00.556+0600][49.392s][info][gc,stats    ] Pause Final Update Refs (N)         222 us
[2026-04-03T03:32:00.556+0600][49.392s][info][gc,stats    ]   Update Region States               63 us
[2026-04-03T03:32:00.556+0600][49.392s][info][gc,stats    ]   Trash Collection Set               13 us
[2026-04-03T03:32:00.556+0600][49.392s][info][gc,stats    ]   Rebuild Free Set                   27 us
[2026-04-03T03:32:00.556+0600][49.392s][info][gc,stats    ] Concurrent Cleanup                  576 us
[2026-04-03T03:32:00.556+0600][49.392s][info][gc,stats    ] Pacing                            98252 us
[2026-04-03T03:32:00.556+0600][49.392s][info][gc,stats    ] 
[2026-04-03T03:32:00.556+0600][49.392s][info][gc,stats    ] Allocation pacing accrued:
[2026-04-03T03:32:00.556+0600][49.392s][info][gc,stats    ]      98 of   484 ms ( 20.3%): main
[2026-04-03T03:32:00.556+0600][49.392s][info][gc,stats    ]      98 of   484 ms ( 20.3%): <total>
[2026-04-03T03:32:00.556+0600][49.392s][info][gc,stats    ]       1 of   484 ms (  0.1%): <average total>
[2026-04-03T03:32:00.556+0600][49.392s][info][gc,stats    ]      98 of   484 ms ( 20.3%): <average non-zero>
[2026-04-03T03:32:00.556+0600][49.393s][info][gc,stats    ] 
[2026-04-03T03:32:00.556+0600][49.393s][info][gc,metaspace] Metaspace: 72978K(73856K)->72980K(73856K) NonClass: 63694K(64192K)->63697K(64192K) Class: 9283K(9664K)->9283K(9664K)
[2026-04-03T03:32:00.556+0600][49.393s][info][gc,ergo     ] Pacer for Idle. Initial: 30720K, Alloc Tax Rate: 1.0x
[2026-04-03T03:32:00.640+0600][49.477s][info][gc          ] Trigger: Explicit GC request (System.gc())
[2026-04-03T03:32:00.640+0600][49.477s][info][gc,ergo     ] Free: 771M, Max: 512K regular, 329M humongous, Frag: 58% external, 0% internal; Reserve: 76800K, Max: 512K
[2026-04-03T03:32:00.640+0600][49.477s][info][gc,start    ] GC(40) Concurrent reset
[2026-04-03T03:32:00.640+0600][49.477s][info][gc,task     ] GC(40) Using 3 of 6 workers for concurrent reset
[2026-04-03T03:32:00.640+0600][49.477s][info][gc,ergo     ] GC(40) Pacer for Reset. Non-Taxable: 1500M
[2026-04-03T03:32:00.641+0600][49.478s][info][gc          ] GC(40) Concurrent reset 0.982ms
[2026-04-03T03:32:00.641+0600][49.478s][info][gc,start    ] GC(40) Pause Init Mark (unload classes)
[2026-04-03T03:32:00.641+0600][49.478s][info][gc,task     ] GC(40) Using 6 of 6 workers for init marking
[2026-04-03T03:32:00.641+0600][49.478s][info][gc,ref      ] GC(40) Clearing All SoftReferences
[2026-04-03T03:32:00.641+0600][49.478s][info][gc,ergo     ] GC(40) Pacer for Mark. Expected Live: 194M, Free: 771M, Non-Taxable: 79001K, Alloc Tax Rate: 0.3x
[2026-04-03T03:32:00.641+0600][49.478s][info][gc          ] GC(40) Pause Init Mark (unload classes) 0.124ms
[2026-04-03T03:32:00.642+0600][49.478s][info][gc,start    ] GC(40) Concurrent marking roots
[2026-04-03T03:32:00.642+0600][49.478s][info][gc,task     ] GC(40) Using 3 of 6 workers for concurrent marking roots
[2026-04-03T03:32:00.642+0600][49.479s][info][gc          ] GC(40) Concurrent marking roots 0.687ms
[2026-04-03T03:32:00.642+0600][49.479s][info][gc,start    ] GC(40) Concurrent marking (unload classes)
[2026-04-03T03:32:00.642+0600][49.479s][info][gc,task     ] GC(40) Using 3 of 6 workers for concurrent marking
[2026-04-03T03:32:00.780+0600][49.617s][info][gc          ] GC(40) Concurrent marking (unload classes) 138.092ms
[2026-04-03T03:32:00.781+0600][49.617s][info][gc,start    ] GC(40) Pause Final Mark (unload classes)
[2026-04-03T03:32:00.781+0600][49.617s][info][gc,task     ] GC(40) Using 6 of 6 workers for final marking
[2026-04-03T03:32:00.781+0600][49.618s][info][gc,ergo     ] GC(40) Collectable Garbage: 479M (94%), Immediate: 479M (94%), CSet: 0B (0%)
[2026-04-03T03:32:00.781+0600][49.618s][info][gc          ] GC(40) Pause Final Mark (unload classes) 0.561ms
[2026-04-03T03:32:00.781+0600][49.618s][info][gc,start    ] GC(40) Concurrent weak references
[2026-04-03T03:32:00.781+0600][49.618s][info][gc,task     ] GC(40) Using 3 of 6 workers for concurrent weak references
[2026-04-03T03:32:00.782+0600][49.619s][info][gc,ref      ] GC(40) Encountered references: Soft: 3227, Weak: 6233, Final: 84, Phantom: 598
[2026-04-03T03:32:00.782+0600][49.619s][info][gc,ref      ] GC(40) Discovered  references: Soft: 2980, Weak: 734, Final: 0, Phantom: 595
[2026-04-03T03:32:00.782+0600][49.619s][info][gc,ref      ] GC(40) Enqueued    references: Soft: 469, Weak: 67, Final: 0, Phantom: 0
[2026-04-03T03:32:00.782+0600][49.619s][info][gc          ] GC(40) Concurrent weak references 0.774ms
[2026-04-03T03:32:00.782+0600][49.619s][info][gc,start    ] GC(40) Concurrent weak roots
[2026-04-03T03:32:00.782+0600][49.619s][info][gc,task     ] GC(40) Using 3 of 6 workers for concurrent weak root
[2026-04-03T03:32:00.784+0600][49.621s][info][gc          ] GC(40) Concurrent weak roots 2.345ms
[2026-04-03T03:32:00.784+0600][49.621s][info][gc,start    ] GC(40) Concurrent cleanup
[2026-04-03T03:32:00.785+0600][49.622s][info][gc          ] GC(40) Concurrent cleanup 650M->171M(1252M) 0.713ms
[2026-04-03T03:32:00.785+0600][49.622s][info][gc,ergo     ] GC(40) Free: 1250M, Max: 512K regular, 357M humongous, Frag: 72% external, 0% internal; Reserve: 76800K, Max: 512K
[2026-04-03T03:32:00.785+0600][49.622s][info][gc,start    ] GC(40) Concurrent class unloading
[2026-04-03T03:32:00.785+0600][49.622s][info][gc,task     ] GC(40) Using 3 of 6 workers for concurrent class unloading
[2026-04-03T03:32:00.804+0600][49.641s][info][gc          ] GC(40) Concurrent class unloading 19.150ms
[2026-04-03T03:32:00.805+0600][49.641s][info][gc,start    ] GC(40) Pause Final Roots
[2026-04-03T03:32:00.805+0600][49.642s][info][gc          ] GC(40) Pause Final Roots 0.079ms
[2026-04-03T03:32:00.805+0600][49.642s][info][gc,ergo     ] Free: 1246M, Max: 512K regular, 357M humongous, Frag: 72% external, 0% internal; Reserve: 76800K, Max: 512K
[2026-04-03T03:32:00.805+0600][49.642s][info][gc,stats    ] 
[2026-04-03T03:32:00.805+0600][49.642s][info][gc,stats    ] All times are wall-clock times, except per-root-class counters, that are sum over
[2026-04-03T03:32:00.805+0600][49.642s][info][gc,stats    ] all workers. Dividing the <total> over the root stage time estimates parallelism.
[2026-04-03T03:32:00.805+0600][49.642s][info][gc,stats    ] 
[2026-04-03T03:32:00.805+0600][49.642s][info][gc,stats    ] Concurrent Reset                   1008 us
[2026-04-03T03:32:00.805+0600][49.642s][info][gc,stats    ] Pause Init Mark (G)                 410 us
[2026-04-03T03:32:00.805+0600][49.642s][info][gc,stats    ] Pause Init Mark (N)                 134 us
[2026-04-03T03:32:00.805+0600][49.642s][info][gc,stats    ]   Update Region States               25 us
[2026-04-03T03:32:00.805+0600][49.642s][info][gc,stats    ] Concurrent Mark Roots               716 us, parallelism: 1.64x
[2026-04-03T03:32:00.805+0600][49.642s][info][gc,stats    ]   CMR: <total>                     1173 us
[2026-04-03T03:32:00.805+0600][49.642s][info][gc,stats    ]   CMR: Thread Roots                 953 us, workers (us): 202, 393, 358, ---, ---, ---, 
[2026-04-03T03:32:00.805+0600][49.642s][info][gc,stats    ]   CMR: VM Strong Roots               27 us, workers (us):  15,  12,   1, ---, ---, ---, 
[2026-04-03T03:32:00.805+0600][49.642s][info][gc,stats    ]   CMR: CLDG Roots                   192 us, workers (us): 192, ---, ---, ---, ---, ---, 
[2026-04-03T03:32:00.805+0600][49.642s][info][gc,stats    ] Concurrent Marking               138175 us
[2026-04-03T03:32:00.805+0600][49.642s][info][gc,stats    ] Pause Final Mark (G)                758 us
[2026-04-03T03:32:00.805+0600][49.642s][info][gc,stats    ] Pause Final Mark (N)                576 us
[2026-04-03T03:32:00.805+0600][49.642s][info][gc,stats    ]   Finish Mark                       282 us
[2026-04-03T03:32:00.805+0600][49.642s][info][gc,stats    ]   Update Region States               78 us
[2026-04-03T03:32:00.805+0600][49.642s][info][gc,stats    ]   Choose Collection Set              84 us
[2026-04-03T03:32:00.805+0600][49.642s][info][gc,stats    ]   Rebuild Free Set                   32 us
[2026-04-03T03:32:00.805+0600][49.642s][info][gc,stats    ] Concurrent Weak References          785 us, parallelism: 1.00x
[2026-04-03T03:32:00.805+0600][49.642s][info][gc,stats    ]   CWRF: <total>                     784 us
[2026-04-03T03:32:00.805+0600][49.642s][info][gc,stats    ]   CWRF: Weak References             784 us, workers (us): 358, 380,  46, ---, ---, ---, 
[2026-04-03T03:32:00.805+0600][49.642s][info][gc,stats    ] Concurrent Weak Roots              2411 us
[2026-04-03T03:32:00.805+0600][49.642s][info][gc,stats    ]   Roots                            2041 us, parallelism: 2.58x
[2026-04-03T03:32:00.805+0600][49.642s][info][gc,stats    ]     CWR: <total>                   5258 us
[2026-04-03T03:32:00.805+0600][49.642s][info][gc,stats    ]     CWR: Code Cache Roots          3942 us, workers (us): 1344, 1217, 1381, ---, ---, ---, 
[2026-04-03T03:32:00.805+0600][49.642s][info][gc,stats    ]     CWR: VM Weak Roots             1163 us, workers (us): 411, 380, 373, ---, ---, ---, 
[2026-04-03T03:32:00.805+0600][49.642s][info][gc,stats    ]     CWR: CLDG Roots                 154 us, workers (us): ---, 154, ---, ---, ---, ---, 
[2026-04-03T03:32:00.805+0600][49.642s][info][gc,stats    ]   Rendezvous                        281 us
[2026-04-03T03:32:00.805+0600][49.642s][info][gc,stats    ] Concurrent Cleanup                  730 us
[2026-04-03T03:32:00.805+0600][49.642s][info][gc,stats    ] Concurrent Class Unloading        19230 us
[2026-04-03T03:32:00.805+0600][49.642s][info][gc,stats    ]   Unlink Stale                    17816 us
[2026-04-03T03:32:00.805+0600][49.642s][info][gc,stats    ]     System Dictionary               437 us
[2026-04-03T03:32:00.805+0600][49.642s][info][gc,stats    ]     Weak Class Links              11465 us
[2026-04-03T03:32:00.805+0600][49.642s][info][gc,stats    ]     Code Roots                     5910 us
[2026-04-03T03:32:00.805+0600][49.642s][info][gc,stats    ]   Rendezvous                        352 us
[2026-04-03T03:32:00.805+0600][49.642s][info][gc,stats    ]   Purge Unlinked                    955 us
[2026-04-03T03:32:00.806+0600][49.642s][info][gc,stats    ]     Code Roots                      368 us
[2026-04-03T03:32:00.806+0600][49.642s][info][gc,stats    ]     CLDG                            586 us
[2026-04-03T03:32:00.806+0600][49.642s][info][gc,stats    ]     Exception Caches                  0 us
[2026-04-03T03:32:00.806+0600][49.642s][info][gc,stats    ] Pause Final Roots (G)               478 us
[2026-04-03T03:32:00.806+0600][49.642s][info][gc,stats    ] Pause Final Roots (N)                99 us
[2026-04-03T03:32:00.806+0600][49.642s][info][gc,stats    ] 
[2026-04-03T03:32:00.806+0600][49.642s][info][gc,stats    ] Allocation pacing accrued:
[2026-04-03T03:32:00.806+0600][49.642s][info][gc,stats    ]       0 of   250 ms (  0.0%): <total>
[2026-04-03T03:32:00.806+0600][49.642s][info][gc,stats    ]       0 of   250 ms (  0.0%): <average total>
[2026-04-03T03:32:00.806+0600][49.642s][info][gc,stats    ] 
[2026-04-03T03:32:00.806+0600][49.642s][info][gc,metaspace] Metaspace: 72980K(73856K)->72559K(73856K) NonClass: 63697K(64192K)->63346K(64192K) Class: 9283K(9664K)->9213K(9664K)
[2026-04-03T03:32:00.806+0600][49.642s][info][gc,ergo     ] Pacer for Idle. Initial: 30720K, Alloc Tax Rate: 1.0x
[2026-04-03T03:32:00.806+0600][49.642s][info][gc,start    ] Concurrent uncommit
[2026-04-03T03:32:00.950+0600][49.786s][info][gc          ] Concurrent uncommit 176M->198M(202M) 144.179ms
[2026-04-03T03:32:01.231+0600][50.068s][info][gc          ] Trigger: Learning 2 of 5. Free (1049M) is below initial threshold (1050M)
[2026-04-03T03:32:01.231+0600][50.068s][info][gc,ergo     ] Free: 1049M, Max: 512K regular, 357M humongous, Frag: 66% external, 0% internal; Reserve: 76800K, Max: 512K
[2026-04-03T03:32:01.231+0600][50.068s][info][gc,start    ] GC(41) Concurrent reset
[2026-04-03T03:32:01.231+0600][50.068s][info][gc,task     ] GC(41) Using 3 of 6 workers for concurrent reset
[2026-04-03T03:32:01.231+0600][50.068s][info][gc,ergo     ] GC(41) Pacer for Reset. Non-Taxable: 1500M
[2026-04-03T03:32:01.232+0600][50.069s][info][gc          ] GC(41) Concurrent reset 0.902ms
[2026-04-03T03:32:01.232+0600][50.069s][info][gc,start    ] GC(41) Pause Init Mark (unload classes)
[2026-04-03T03:32:01.232+0600][50.069s][info][gc,task     ] GC(41) Using 6 of 6 workers for init marking
[2026-04-03T03:32:01.232+0600][50.069s][info][gc,ergo     ] GC(41) Pacer for Mark. Expected Live: 187M, Free: 1048M, Non-Taxable: 104M, Alloc Tax Rate: 0.2x
[2026-04-03T03:32:01.232+0600][50.069s][info][gc          ] GC(41) Pause Init Mark (unload classes) 0.130ms
[2026-04-03T03:32:01.232+0600][50.069s][info][gc,start    ] GC(41) Concurrent marking roots
[2026-04-03T03:32:01.232+0600][50.069s][info][gc,task     ] GC(41) Using 3 of 6 workers for concurrent marking roots
[2026-04-03T03:32:01.234+0600][50.070s][info][gc          ] GC(41) Concurrent marking roots 1.059ms
[2026-04-03T03:32:01.234+0600][50.070s][info][gc,start    ] GC(41) Concurrent marking (unload classes)
[2026-04-03T03:32:01.234+0600][50.070s][info][gc,task     ] GC(41) Using 3 of 6 workers for concurrent marking
[2026-04-03T03:32:01.581+0600][50.418s][info][gc          ] GC(41) Concurrent marking (unload classes) 347.261ms
[2026-04-03T03:32:01.581+0600][50.418s][info][gc,start    ] GC(41) Pause Final Mark (unload classes)
[2026-04-03T03:32:01.581+0600][50.418s][info][gc,task     ] GC(41) Using 6 of 6 workers for final marking
[2026-04-03T03:32:01.581+0600][50.418s][info][gc,ergo     ] GC(41) Adaptive CSet Selection. Target Free: 212M, Actual Free: 955M, Max CSet: 64000K, Min Garbage: 0B
[2026-04-03T03:32:01.582+0600][50.418s][info][gc,ergo     ] GC(41) Collectable Garbage: 150M (96%), Immediate: 22246K (13%), CSet: 128M (82%)
[2026-04-03T03:32:01.582+0600][50.418s][info][gc,ergo     ] GC(41) Pacer for Evacuation. Used CSet: 184M, Free: 886M, Non-Taxable: 90726K, Alloc Tax Rate: 1.1x
[2026-04-03T03:32:01.582+0600][50.418s][info][gc          ] GC(41) Pause Final Mark (unload classes) 0.758ms
[2026-04-03T03:32:01.582+0600][50.419s][info][gc,start    ] GC(41) Concurrent thread roots
[2026-04-03T03:32:01.582+0600][50.419s][info][gc,task     ] GC(41) Using 3 of 6 workers for Concurrent thread roots
[2026-04-03T03:32:01.583+0600][50.420s][info][gc          ] GC(41) Concurrent thread roots 1.080ms
[2026-04-03T03:32:01.583+0600][50.420s][info][gc,start    ] GC(41) Concurrent weak references
[2026-04-03T03:32:01.583+0600][50.420s][info][gc,task     ] GC(41) Using 3 of 6 workers for concurrent weak references
[2026-04-03T03:32:01.583+0600][50.420s][info][gc,ref      ] GC(41) Encountered references: Soft: 3156, Weak: 6439, Final: 84, Phantom: 598
[2026-04-03T03:32:01.583+0600][50.420s][info][gc,ref      ] GC(41) Discovered  references: Soft: 0, Weak: 587, Final: 0, Phantom: 595
[2026-04-03T03:32:01.583+0600][50.420s][info][gc,ref      ] GC(41) Enqueued    references: Soft: 0, Weak: 119, Final: 0, Phantom: 0
[2026-04-03T03:32:01.583+0600][50.420s][info][gc          ] GC(41) Concurrent weak references 0.416ms
[2026-04-03T03:32:01.583+0600][50.420s][info][gc,start    ] GC(41) Concurrent weak roots
[2026-04-03T03:32:01.584+0600][50.420s][info][gc,task     ] GC(41) Using 3 of 6 workers for concurrent weak root
[2026-04-03T03:32:01.587+0600][50.423s][info][gc          ] GC(41) Concurrent weak roots 3.021ms
[2026-04-03T03:32:01.587+0600][50.423s][info][gc,start    ] GC(41) Concurrent cleanup
[2026-04-03T03:32:01.587+0600][50.424s][info][gc          ] GC(41) Concurrent cleanup 556M->535M(570M) 0.224ms
[2026-04-03T03:32:01.587+0600][50.424s][info][gc,ergo     ] GC(41) Free: 882M, Max: 512K regular, 357M humongous, Frag: 60% external, 0% internal; Reserve: 76221K, Max: 512K
[2026-04-03T03:32:01.587+0600][50.424s][info][gc,start    ] GC(41) Concurrent class unloading
[2026-04-03T03:32:01.587+0600][50.424s][info][gc,task     ] GC(41) Using 3 of 6 workers for concurrent class unloading
[2026-04-03T03:32:01.614+0600][50.450s][info][gc          ] GC(41) Concurrent class unloading 26.654ms
[2026-04-03T03:32:01.614+0600][50.450s][info][gc,start    ] GC(41) Concurrent strong roots
[2026-04-03T03:32:01.614+0600][50.450s][info][gc,task     ] GC(41) Using 3 of 6 workers for concurrent strong root
[2026-04-03T03:32:01.615+0600][50.452s][info][gc          ] GC(41) Concurrent strong roots 1.773ms
[2026-04-03T03:32:01.616+0600][50.452s][info][gc,start    ] GC(41) Concurrent evacuation
[2026-04-03T03:32:01.616+0600][50.452s][info][gc,task     ] GC(41) Using 3 of 6 workers for concurrent evacuation
[2026-04-03T03:32:01.682+0600][50.518s][info][gc          ] GC(41) Concurrent evacuation 65.940ms
[2026-04-03T03:32:01.682+0600][50.519s][info][gc,start    ] GC(41) Pause Init Update Refs
[2026-04-03T03:32:01.682+0600][50.519s][info][gc,ergo     ] GC(41) Pacer for Update Refs. Used: 654M, Free: 820M, Non-Taxable: 83968K, Alloc Tax Rate: 1.1x
[2026-04-03T03:32:01.682+0600][50.519s][info][gc          ] GC(41) Pause Init Update Refs 0.111ms
[2026-04-03T03:32:01.682+0600][50.519s][info][gc,start    ] GC(41) Concurrent update references
[2026-04-03T03:32:01.682+0600][50.519s][info][gc,task     ] GC(41) Using 3 of 6 workers for concurrent reference update
[2026-04-03T03:32:01.862+0600][50.698s][info][gc          ] GC(41) Concurrent update references 179.706ms
[2026-04-03T03:32:01.862+0600][50.699s][info][gc,start    ] GC(41) Concurrent update thread roots
[2026-04-03T03:32:01.863+0600][50.700s][info][gc          ] GC(41) Concurrent update thread roots 1.405ms
[2026-04-03T03:32:01.863+0600][50.700s][info][gc,start    ] GC(41) Pause Final Update Refs
[2026-04-03T03:32:01.864+0600][50.700s][info][gc,task     ] GC(41) Using 6 of 6 workers for final reference update
[2026-04-03T03:32:01.864+0600][50.700s][info][gc          ] GC(41) Pause Final Update Refs 0.187ms
[2026-04-03T03:32:01.864+0600][50.700s][info][gc,start    ] GC(41) Concurrent cleanup
[2026-04-03T03:32:01.864+0600][50.701s][info][gc          ] GC(41) Concurrent cleanup 763M->579M(773M) 0.283ms
[2026-04-03T03:32:01.864+0600][50.701s][info][gc,ergo     ] Free: 837M, Max: 512K regular, 342M humongous, Frag: 60% external, 0% internal; Reserve: 76800K, Max: 512K
[2026-04-03T03:32:01.864+0600][50.701s][info][gc,stats    ] 
[2026-04-03T03:32:01.864+0600][50.701s][info][gc,stats    ] All times are wall-clock times, except per-root-class counters, that are sum over
[2026-04-03T03:32:01.864+0600][50.701s][info][gc,stats    ] all workers. Dividing the <total> over the root stage time estimates parallelism.
[2026-04-03T03:32:01.864+0600][50.701s][info][gc,stats    ] 
[2026-04-03T03:32:01.864+0600][50.701s][info][gc,stats    ] Concurrent Reset                    961 us
[2026-04-03T03:32:01.864+0600][50.701s][info][gc,stats    ] Pause Init Mark (G)                 400 us
[2026-04-03T03:32:01.864+0600][50.701s][info][gc,stats    ] Pause Init Mark (N)                 141 us
[2026-04-03T03:32:01.864+0600][50.701s][info][gc,stats    ]   Update Region States               25 us
[2026-04-03T03:32:01.864+0600][50.701s][info][gc,stats    ] Concurrent Mark Roots              1099 us, parallelism: 1.88x
[2026-04-03T03:32:01.864+0600][50.701s][info][gc,stats    ]   CMR: <total>                     2071 us
[2026-04-03T03:32:01.864+0600][50.701s][info][gc,stats    ]   CMR: Thread Roots                1751 us, workers (us): 418, 676, 658, ---, ---, ---, 
[2026-04-03T03:32:01.864+0600][50.701s][info][gc,stats    ]   CMR: VM Strong Roots               45 us, workers (us):  23,  22,   1, ---, ---, ---, 
[2026-04-03T03:32:01.864+0600][50.701s][info][gc,stats    ]   CMR: CLDG Roots                   275 us, workers (us): 275, ---, ---, ---, ---, ---, 
[2026-04-03T03:32:01.864+0600][50.701s][info][gc,stats    ] Concurrent Marking               347348 us
[2026-04-03T03:32:01.864+0600][50.701s][info][gc,stats    ] Pause Final Mark (G)               1026 us
[2026-04-03T03:32:01.864+0600][50.701s][info][gc,stats    ] Pause Final Mark (N)                773 us
[2026-04-03T03:32:01.864+0600][50.701s][info][gc,stats    ]   Finish Mark                       210 us
[2026-04-03T03:32:01.864+0600][50.701s][info][gc,stats    ]   Update Region States               86 us
[2026-04-03T03:32:01.864+0600][50.701s][info][gc,stats    ]   Choose Collection Set             309 us
[2026-04-03T03:32:01.864+0600][50.701s][info][gc,stats    ]   Rebuild Free Set                   34 us
[2026-04-03T03:32:01.864+0600][50.701s][info][gc,stats    ] Concurrent Thread Roots            1122 us, parallelism: 2.39x
[2026-04-03T03:32:01.865+0600][50.701s][info][gc,stats    ]   CTR: <total>                     2679 us
[2026-04-03T03:32:01.865+0600][50.701s][info][gc,stats    ]   CTR: Thread Roots                2679 us, workers (us): 897, 909, 872, ---, ---, ---, 
[2026-04-03T03:32:01.865+0600][50.701s][info][gc,stats    ] Concurrent Weak References          431 us, parallelism: 0.85x
[2026-04-03T03:32:01.865+0600][50.701s][info][gc,stats    ]   CWRF: <total>                     366 us
[2026-04-03T03:32:01.865+0600][50.701s][info][gc,stats    ]   CWRF: Weak References             366 us, workers (us): 105,  97, 164, ---, ---, ---, 
[2026-04-03T03:32:01.865+0600][50.701s][info][gc,stats    ] Concurrent Weak Roots              3113 us
[2026-04-03T03:32:01.865+0600][50.701s][info][gc,stats    ]   Roots                            2677 us, parallelism: 2.60x
[2026-04-03T03:32:01.865+0600][50.701s][info][gc,stats    ]     CWR: <total>                   6949 us
[2026-04-03T03:32:01.865+0600][50.701s][info][gc,stats    ]     CWR: Code Cache Roots          4262 us, workers (us): 1449, 1383, 1430, ---, ---, ---, 
[2026-04-03T03:32:01.865+0600][50.701s][info][gc,stats    ]     CWR: VM Weak Roots             2641 us, workers (us): 895, 892, 853, ---, ---, ---, 
[2026-04-03T03:32:01.865+0600][50.701s][info][gc,stats    ]     CWR: CLDG Roots                  46 us, workers (us): ---, ---,  46, ---, ---, ---, 
[2026-04-03T03:32:01.865+0600][50.701s][info][gc,stats    ]   Rendezvous                        313 us
[2026-04-03T03:32:01.865+0600][50.701s][info][gc,stats    ] Concurrent Cleanup                  245 us
[2026-04-03T03:32:01.865+0600][50.701s][info][gc,stats    ] Concurrent Class Unloading        26778 us
[2026-04-03T03:32:01.865+0600][50.701s][info][gc,stats    ]   Unlink Stale                    25592 us
[2026-04-03T03:32:01.865+0600][50.701s][info][gc,stats    ]     System Dictionary               313 us
[2026-04-03T03:32:01.865+0600][50.701s][info][gc,stats    ]     Weak Class Links              16015 us
[2026-04-03T03:32:01.865+0600][50.701s][info][gc,stats    ]     Code Roots                     9258 us
[2026-04-03T03:32:01.865+0600][50.701s][info][gc,stats    ]   Rendezvous                        393 us
[2026-04-03T03:32:01.865+0600][50.701s][info][gc,stats    ]   Purge Unlinked                    633 us
[2026-04-03T03:32:01.865+0600][50.701s][info][gc,stats    ]     Code Roots                      532 us
[2026-04-03T03:32:01.865+0600][50.701s][info][gc,stats    ]     CLDG                             99 us
[2026-04-03T03:32:01.865+0600][50.701s][info][gc,stats    ]     Exception Caches                  1 us
[2026-04-03T03:32:01.865+0600][50.701s][info][gc,stats    ] Concurrent Strong Roots            1891 us, parallelism: 0.69x
[2026-04-03T03:32:01.865+0600][50.701s][info][gc,stats    ]   CSR: <total>                     1296 us
[2026-04-03T03:32:01.865+0600][50.701s][info][gc,stats    ]   CSR: VM Strong Roots               78 us, workers (us):  39,  35,   4, ---, ---, ---, 
[2026-04-03T03:32:01.865+0600][50.702s][info][gc,stats    ]   CSR: CLDG Roots                  1218 us, workers (us): 1218, ---, ---, ---, ---, ---, 
[2026-04-03T03:32:01.865+0600][50.702s][info][gc,stats    ] Concurrent Evacuation             66056 us
[2026-04-03T03:32:01.865+0600][50.702s][info][gc,stats    ] Pause Init Update Refs (G)          421 us
[2026-04-03T03:32:01.865+0600][50.702s][info][gc,stats    ] Pause Init Update Refs (N)          128 us
[2026-04-03T03:32:01.865+0600][50.702s][info][gc,stats    ]   Manage GCLABs                      33 us
[2026-04-03T03:32:01.865+0600][50.702s][info][gc,stats    ] Concurrent Update Refs           179834 us
[2026-04-03T03:32:01.865+0600][50.702s][info][gc,stats    ] Concurrent Update Thread Roots     1463 us
[2026-04-03T03:32:01.865+0600][50.702s][info][gc,stats    ] Pause Final Update Refs (G)         451 us
[2026-04-03T03:32:01.865+0600][50.702s][info][gc,stats    ] Pause Final Update Refs (N)         232 us
[2026-04-03T03:32:01.865+0600][50.702s][info][gc,stats    ]   Update Region States               67 us
[2026-04-03T03:32:01.865+0600][50.702s][info][gc,stats    ]   Trash Collection Set               17 us
[2026-04-03T03:32:01.865+0600][50.702s][info][gc,stats    ]   Rebuild Free Set                   38 us
[2026-04-03T03:32:01.865+0600][50.702s][info][gc,stats    ] Concurrent Cleanup                  309 us
[2026-04-03T03:32:01.865+0600][50.702s][info][gc,stats    ] Pacing                            52036 us
[2026-04-03T03:32:01.865+0600][50.702s][info][gc,stats    ] 
[2026-04-03T03:32:01.865+0600][50.702s][info][gc,stats    ] Allocation pacing accrued:
[2026-04-03T03:32:01.865+0600][50.702s][info][gc,stats    ]      11 of  1059 ms (  1.1%): Executor task launch worker for task 0.0 in stage 27.0 (TID 39)
[2026-04-03T03:32:01.865+0600][50.702s][info][gc,stats    ]      21 of  1059 ms (  2.0%): Executor task launch worker for task 1.0 in stage 27.0 (TID 40)
[2026-04-03T03:32:01.865+0600][50.702s][info][gc,stats    ]      20 of  1059 ms (  1.9%): Executor task launch worker for task 2.0 in stage 27.0 (TID 41)
[2026-04-03T03:32:01.865+0600][50.702s][info][gc,stats    ]      52 of  1059 ms (  4.9%): <total>
[2026-04-03T03:32:01.865+0600][50.702s][info][gc,stats    ]       0 of  1059 ms (  0.0%): <average total>
[2026-04-03T03:32:01.865+0600][50.702s][info][gc,stats    ]      17 of  1059 ms (  1.6%): <average non-zero>
[2026-04-03T03:32:01.865+0600][50.702s][info][gc,stats    ] 
[2026-04-03T03:32:01.865+0600][50.702s][info][gc,metaspace] Metaspace: 72977K(73856K)->72957K(73856K) NonClass: 63701K(64192K)->63687K(64192K) Class: 9276K(9664K)->9269K(9664K)
[2026-04-03T03:32:01.865+0600][50.702s][info][gc,ergo     ] Pacer for Idle. Initial: 30720K, Alloc Tax Rate: 1.0x
[2026-04-03T03:32:01.866+0600][50.703s][info][gc          ] Trigger: Learning 3 of 5. Free (835M) is below initial threshold (1050M)
[2026-04-03T03:32:01.866+0600][50.703s][info][gc,ergo     ] Free: 835M, Max: 512K regular, 342M humongous, Frag: 60% external, 0% internal; Reserve: 76800K, Max: 512K
[2026-04-03T03:32:01.866+0600][50.703s][info][gc,start    ] GC(42) Concurrent reset
[2026-04-03T03:32:01.866+0600][50.703s][info][gc,task     ] GC(42) Using 3 of 6 workers for concurrent reset
[2026-04-03T03:32:01.866+0600][50.703s][info][gc,ergo     ] GC(42) Pacer for Reset. Non-Taxable: 1500M
[2026-04-03T03:32:01.868+0600][50.705s][info][gc          ] GC(42) Concurrent reset 1.897ms
[2026-04-03T03:32:01.868+0600][50.705s][info][gc,start    ] GC(42) Pause Init Mark (unload classes)
[2026-04-03T03:32:01.869+0600][50.705s][info][gc,task     ] GC(42) Using 6 of 6 workers for init marking
[2026-04-03T03:32:01.869+0600][50.705s][info][gc,ergo     ] GC(42) Pacer for Mark. Expected Live: 197M, Free: 833M, Non-Taxable: 85299K, Alloc Tax Rate: 0.3x
[2026-04-03T03:32:01.869+0600][50.705s][info][gc          ] GC(42) Pause Init Mark (unload classes) 0.147ms
[2026-04-03T03:32:01.869+0600][50.705s][info][gc,start    ] GC(42) Concurrent marking roots
[2026-04-03T03:32:01.869+0600][50.705s][info][gc,task     ] GC(42) Using 3 of 6 workers for concurrent marking roots
[2026-04-03T03:32:01.870+0600][50.707s][info][gc          ] GC(42) Concurrent marking roots 1.390ms
[2026-04-03T03:32:01.870+0600][50.707s][info][gc,start    ] GC(42) Concurrent marking (unload classes)
[2026-04-03T03:32:01.870+0600][50.707s][info][gc,task     ] GC(42) Using 3 of 6 workers for concurrent marking
[2026-04-03T03:32:02.236+0600][51.073s][info][gc          ] GC(42) Concurrent marking (unload classes) 365.806ms
[2026-04-03T03:32:02.236+0600][51.073s][info][gc,start    ] GC(42) Pause Final Mark (unload classes)
[2026-04-03T03:32:02.236+0600][51.073s][info][gc,task     ] GC(42) Using 6 of 6 workers for final marking
[2026-04-03T03:32:02.237+0600][51.073s][info][gc,ergo     ] GC(42) Adaptive CSet Selection. Target Free: 212M, Actual Free: 738M, Max CSet: 64000K, Min Garbage: 0B
[2026-04-03T03:32:02.237+0600][51.074s][info][gc,ergo     ] GC(42) Collectable Garbage: 317M (98%), Immediate: 4608K (1%), CSet: 312M (96%)
[2026-04-03T03:32:02.237+0600][51.074s][info][gc,ergo     ] GC(42) Pacer for Evacuation. Used CSet: 357M, Free: 666M, Non-Taxable: 68198K, Alloc Tax Rate: 1.3x
[2026-04-03T03:32:02.237+0600][51.074s][info][gc          ] GC(42) Pause Final Mark (unload classes) 0.964ms
[2026-04-03T03:32:02.237+0600][51.074s][info][gc,start    ] GC(42) Concurrent thread roots
[2026-04-03T03:32:02.237+0600][51.074s][info][gc,task     ] GC(42) Using 3 of 6 workers for Concurrent thread roots
[2026-04-03T03:32:02.238+0600][51.075s][info][gc          ] GC(42) Concurrent thread roots 0.730ms
[2026-04-03T03:32:02.238+0600][51.075s][info][gc,start    ] GC(42) Concurrent weak references
[2026-04-03T03:32:02.238+0600][51.075s][info][gc,task     ] GC(42) Using 3 of 6 workers for concurrent weak references
[2026-04-03T03:32:02.239+0600][51.075s][info][gc,ref      ] GC(42) Encountered references: Soft: 3156, Weak: 6320, Final: 84, Phantom: 598
[2026-04-03T03:32:02.239+0600][51.075s][info][gc,ref      ] GC(42) Discovered  references: Soft: 0, Weak: 2559, Final: 48, Phantom: 595
[2026-04-03T03:32:02.239+0600][51.075s][info][gc,ref      ] GC(42) Enqueued    references: Soft: 0, Weak: 0, Final: 0, Phantom: 0
[2026-04-03T03:32:02.239+0600][51.075s][info][gc          ] GC(42) Concurrent weak references 0.511ms
[2026-04-03T03:32:02.239+0600][51.075s][info][gc,start    ] GC(42) Concurrent weak roots
[2026-04-03T03:32:02.239+0600][51.075s][info][gc,task     ] GC(42) Using 3 of 6 workers for concurrent weak root
[2026-04-03T03:32:02.241+0600][51.077s][info][gc          ] GC(42) Concurrent weak roots 1.891ms
[2026-04-03T03:32:02.241+0600][51.077s][info][gc,start    ] GC(42) Concurrent cleanup
[2026-04-03T03:32:02.241+0600][51.077s][info][gc          ] GC(42) Concurrent cleanup 757M->752M(781M) 0.182ms
[2026-04-03T03:32:02.241+0600][51.077s][info][gc,ergo     ] GC(42) Free: 665M, Max: 512K regular, 335M humongous, Frag: 50% external, 0% internal; Reserve: 76777K, Max: 512K
[2026-04-03T03:32:02.241+0600][51.077s][info][gc,start    ] GC(42) Concurrent class unloading
[2026-04-03T03:32:02.241+0600][51.077s][info][gc,task     ] GC(42) Using 3 of 6 workers for concurrent class unloading
[2026-04-03T03:32:02.247+0600][51.083s][info][gc          ] GC(42) Concurrent class unloading 5.762ms
[2026-04-03T03:32:02.247+0600][51.083s][info][gc,start    ] GC(42) Concurrent strong roots
[2026-04-03T03:32:02.247+0600][51.083s][info][gc,task     ] GC(42) Using 3 of 6 workers for concurrent strong root
[2026-04-03T03:32:02.248+0600][51.084s][info][gc          ] GC(42) Concurrent strong roots 0.909ms
[2026-04-03T03:32:02.248+0600][51.084s][info][gc,start    ] GC(42) Concurrent evacuation
[2026-04-03T03:32:02.248+0600][51.084s][info][gc,task     ] GC(42) Using 3 of 6 workers for concurrent evacuation
[2026-04-03T03:32:02.301+0600][51.137s][info][gc          ] GC(42) Concurrent evacuation 52.923ms
[2026-04-03T03:32:02.301+0600][51.138s][info][gc,start    ] GC(42) Pause Init Update Refs
[2026-04-03T03:32:02.301+0600][51.138s][info][gc,ergo     ] GC(42) Pacer for Update Refs. Used: 838M, Free: 627M, Non-Taxable: 64204K, Alloc Tax Rate: 1.6x
[2026-04-03T03:32:02.301+0600][51.138s][info][gc          ] GC(42) Pause Init Update Refs 0.139ms
[2026-04-03T03:32:02.301+0600][51.138s][info][gc,start    ] GC(42) Concurrent update references
[2026-04-03T03:32:02.301+0600][51.138s][info][gc,task     ] GC(42) Using 3 of 6 workers for concurrent reference update
[2026-04-03T03:32:02.531+0600][51.367s][info][gc          ] GC(42) Concurrent update references 229.709ms
[2026-04-03T03:32:02.531+0600][51.368s][info][gc,start    ] GC(42) Concurrent update thread roots
[2026-04-03T03:32:02.532+0600][51.369s][info][gc          ] GC(42) Concurrent update thread roots 1.456ms
[2026-04-03T03:32:02.532+0600][51.369s][info][gc,start    ] GC(42) Pause Final Update Refs
[2026-04-03T03:32:02.533+0600][51.369s][info][gc,task     ] GC(42) Using 6 of 6 workers for final reference update
[2026-04-03T03:32:02.533+0600][51.369s][info][gc          ] GC(42) Pause Final Update Refs 0.214ms
[2026-04-03T03:32:02.533+0600][51.369s][info][gc,start    ] GC(42) Concurrent cleanup
[2026-04-03T03:32:02.533+0600][51.370s][info][gc          ] GC(42) Concurrent cleanup 978M->620M(985M) 0.651ms
[2026-04-03T03:32:02.534+0600][51.370s][info][gc,ergo     ] Free: 797M, Max: 512K regular, 268M humongous, Frag: 67% external, 0% internal; Reserve: 76800K, Max: 512K
[2026-04-03T03:32:02.534+0600][51.370s][info][gc,stats    ] 
[2026-04-03T03:32:02.534+0600][51.370s][info][gc,stats    ] All times are wall-clock times, except per-root-class counters, that are sum over
[2026-04-03T03:32:02.534+0600][51.370s][info][gc,stats    ] all workers. Dividing the <total> over the root stage time estimates parallelism.
[2026-04-03T03:32:02.534+0600][51.370s][info][gc,stats    ] 
[2026-04-03T03:32:02.534+0600][51.370s][info][gc,stats    ] Concurrent Reset                   1982 us
[2026-04-03T03:32:02.534+0600][51.370s][info][gc,stats    ] Pause Init Mark (G)                 428 us
[2026-04-03T03:32:02.534+0600][51.370s][info][gc,stats    ] Pause Init Mark (N)                 162 us
[2026-04-03T03:32:02.534+0600][51.370s][info][gc,stats    ]   Update Region States               35 us
[2026-04-03T03:32:02.534+0600][51.370s][info][gc,stats    ] Concurrent Mark Roots              1443 us, parallelism: 1.92x
[2026-04-03T03:32:02.534+0600][51.370s][info][gc,stats    ]   CMR: <total>                     2770 us
[2026-04-03T03:32:02.534+0600][51.370s][info][gc,stats    ]   CMR: Thread Roots                2153 us, workers (us): 857, 444, 852, ---, ---, ---, 
[2026-04-03T03:32:02.534+0600][51.370s][info][gc,stats    ]   CMR: VM Strong Roots              196 us, workers (us):  73,  58,  65, ---, ---, ---, 
[2026-04-03T03:32:02.534+0600][51.370s][info][gc,stats    ]   CMR: CLDG Roots                   422 us, workers (us): ---, 422, ---, ---, ---, ---, 
[2026-04-03T03:32:02.534+0600][51.370s][info][gc,stats    ] Concurrent Marking               365887 us
[2026-04-03T03:32:02.534+0600][51.370s][info][gc,stats    ] Pause Final Mark (G)               1270 us
[2026-04-03T03:32:02.534+0600][51.370s][info][gc,stats    ] Pause Final Mark (N)                976 us
[2026-04-03T03:32:02.534+0600][51.370s][info][gc,stats    ]   Finish Mark                       201 us
[2026-04-03T03:32:02.534+0600][51.371s][info][gc,stats    ]   Update Region States               38 us
[2026-04-03T03:32:02.534+0600][51.371s][info][gc,stats    ]   Choose Collection Set             514 us
[2026-04-03T03:32:02.534+0600][51.371s][info][gc,stats    ]   Rebuild Free Set                   42 us
[2026-04-03T03:32:02.534+0600][51.371s][info][gc,stats    ] Concurrent Thread Roots             763 us, parallelism: 2.00x
[2026-04-03T03:32:02.534+0600][51.371s][info][gc,stats    ]   CTR: <total>                     1526 us
[2026-04-03T03:32:02.534+0600][51.371s][info][gc,stats    ]   CTR: Thread Roots                1526 us, workers (us): 530, 518, 478, ---, ---, ---, 
[2026-04-03T03:32:02.534+0600][51.371s][info][gc,stats    ] Concurrent Weak References          522 us, parallelism: 0.75x
[2026-04-03T03:32:02.534+0600][51.371s][info][gc,stats    ]   CWRF: <total>                     392 us
[2026-04-03T03:32:02.534+0600][51.371s][info][gc,stats    ]   CWRF: Weak References             392 us, workers (us):  65, 325,   1, ---, ---, ---, 
[2026-04-03T03:32:02.534+0600][51.371s][info][gc,stats    ] Concurrent Weak Roots              1947 us
[2026-04-03T03:32:02.534+0600][51.371s][info][gc,stats    ]   Roots                            1578 us, parallelism: 2.44x
[2026-04-03T03:32:02.534+0600][51.371s][info][gc,stats    ]     CWR: <total>                   3843 us
[2026-04-03T03:32:02.534+0600][51.371s][info][gc,stats    ]     CWR: Code Cache Roots          2680 us, workers (us): 906, 883, 890, ---, ---, ---, 
[2026-04-03T03:32:02.534+0600][51.371s][info][gc,stats    ]     CWR: VM Weak Roots             1129 us, workers (us): 391, 387, 351, ---, ---, ---, 
[2026-04-03T03:32:02.534+0600][51.371s][info][gc,stats    ]     CWR: CLDG Roots                  34 us, workers (us): ---, ---,  34, ---, ---, ---, 
[2026-04-03T03:32:02.534+0600][51.371s][info][gc,stats    ]   Rendezvous                        287 us
[2026-04-03T03:32:02.534+0600][51.371s][info][gc,stats    ] Concurrent Cleanup                  198 us
[2026-04-03T03:32:02.534+0600][51.371s][info][gc,stats    ] Concurrent Class Unloading         5842 us
[2026-04-03T03:32:02.534+0600][51.371s][info][gc,stats    ]   Unlink Stale                     5483 us
[2026-04-03T03:32:02.534+0600][51.371s][info][gc,stats    ]     System Dictionary               109 us
[2026-04-03T03:32:02.534+0600][51.371s][info][gc,stats    ]     Weak Class Links                  0 us
[2026-04-03T03:32:02.534+0600][51.371s][info][gc,stats    ]     Code Roots                     5370 us
[2026-04-03T03:32:02.534+0600][51.371s][info][gc,stats    ]   Rendezvous                        239 us
[2026-04-03T03:32:02.534+0600][51.371s][info][gc,stats    ]   Purge Unlinked                      9 us
[2026-04-03T03:32:02.534+0600][51.371s][info][gc,stats    ]     Code Roots                        3 us
[2026-04-03T03:32:02.534+0600][51.371s][info][gc,stats    ]     CLDG                              6 us
[2026-04-03T03:32:02.534+0600][51.371s][info][gc,stats    ]     Exception Caches                  0 us
[2026-04-03T03:32:02.534+0600][51.371s][info][gc,stats    ] Concurrent Strong Roots             993 us, parallelism: 0.56x
[2026-04-03T03:32:02.534+0600][51.371s][info][gc,stats    ]   CSR: <total>                      552 us
[2026-04-03T03:32:02.534+0600][51.371s][info][gc,stats    ]   CSR: VM Strong Roots               36 us, workers (us):  27,   8,   0, ---, ---, ---, 
[2026-04-03T03:32:02.534+0600][51.371s][info][gc,stats    ]   CSR: CLDG Roots                   517 us, workers (us): 517, ---, ---, ---, ---, ---, 
[2026-04-03T03:32:02.534+0600][51.371s][info][gc,stats    ] Concurrent Evacuation             53020 us
[2026-04-03T03:32:02.534+0600][51.371s][info][gc,stats    ] Pause Init Update Refs (G)          392 us
[2026-04-03T03:32:02.534+0600][51.371s][info][gc,stats    ] Pause Init Update Refs (N)          153 us
[2026-04-03T03:32:02.534+0600][51.371s][info][gc,stats    ]   Manage GCLABs                      19 us
[2026-04-03T03:32:02.534+0600][51.371s][info][gc,stats    ] Concurrent Update Refs           229820 us
[2026-04-03T03:32:02.534+0600][51.371s][info][gc,stats    ] Concurrent Update Thread Roots     1503 us
[2026-04-03T03:32:02.534+0600][51.371s][info][gc,stats    ] Pause Final Update Refs (G)         412 us
[2026-04-03T03:32:02.534+0600][51.371s][info][gc,stats    ] Pause Final Update Refs (N)         258 us
[2026-04-03T03:32:02.534+0600][51.371s][info][gc,stats    ]   Update Region States               58 us
[2026-04-03T03:32:02.534+0600][51.371s][info][gc,stats    ]   Trash Collection Set               19 us
[2026-04-03T03:32:02.534+0600][51.371s][info][gc,stats    ]   Rebuild Free Set                   33 us
[2026-04-03T03:32:02.534+0600][51.371s][info][gc,stats    ] Concurrent Cleanup                  681 us
[2026-04-03T03:32:02.534+0600][51.371s][info][gc,stats    ] Pacing                           332696 us
[2026-04-03T03:32:02.535+0600][51.371s][info][gc,stats    ] 
[2026-04-03T03:32:02.535+0600][51.371s][info][gc,stats    ] Allocation pacing accrued:
[2026-04-03T03:32:02.535+0600][51.371s][info][gc,stats    ]     111 of   670 ms ( 16.6%): Executor task launch worker for task 0.0 in stage 27.0 (TID 39)
[2026-04-03T03:32:02.535+0600][51.371s][info][gc,stats    ]     111 of   670 ms ( 16.5%): Executor task launch worker for task 1.0 in stage 27.0 (TID 40)
[2026-04-03T03:32:02.535+0600][51.371s][info][gc,stats    ]     111 of   670 ms ( 16.6%): Executor task launch worker for task 2.0 in stage 27.0 (TID 41)
[2026-04-03T03:32:02.535+0600][51.371s][info][gc,stats    ]     333 of   670 ms ( 49.7%): <total>
[2026-04-03T03:32:02.535+0600][51.371s][info][gc,stats    ]       2 of   670 ms (  0.3%): <average total>
[2026-04-03T03:32:02.535+0600][51.371s][info][gc,stats    ]     111 of   670 ms ( 16.6%): <average non-zero>
[2026-04-03T03:32:02.535+0600][51.371s][info][gc,stats    ] 
[2026-04-03T03:32:02.535+0600][51.371s][info][gc,metaspace] Metaspace: 72957K(73856K)->72958K(73856K) NonClass: 63687K(64192K)->63688K(64192K) Class: 9269K(9664K)->9269K(9664K)
[2026-04-03T03:32:02.535+0600][51.371s][info][gc,ergo     ] Pacer for Idle. Initial: 30720K, Alloc Tax Rate: 1.0x
[2026-04-03T03:32:02.536+0600][51.372s][info][gc          ] Trigger: Learning 4 of 5. Free (795M) is below initial threshold (1050M)
[2026-04-03T03:32:02.536+0600][51.373s][info][gc,ergo     ] Free: 794M, Max: 512K regular, 268M humongous, Frag: 67% external, 0% internal; Reserve: 76800K, Max: 512K
[2026-04-03T03:32:02.536+0600][51.373s][info][gc,start    ] GC(43) Concurrent reset
[2026-04-03T03:32:02.536+0600][51.373s][info][gc,task     ] GC(43) Using 3 of 6 workers for concurrent reset
[2026-04-03T03:32:02.536+0600][51.373s][info][gc,ergo     ] GC(43) Pacer for Reset. Non-Taxable: 1500M
[2026-04-03T03:32:02.538+0600][51.375s][info][gc          ] GC(43) Concurrent reset 2.222ms
[2026-04-03T03:32:02.538+0600][51.375s][info][gc,start    ] GC(43) Pause Init Mark (unload classes)
[2026-04-03T03:32:02.538+0600][51.375s][info][gc,task     ] GC(43) Using 6 of 6 workers for init marking
[2026-04-03T03:32:02.539+0600][51.375s][info][gc,ergo     ] GC(43) Pacer for Mark. Expected Live: 206M, Free: 792M, Non-Taxable: 81100K, Alloc Tax Rate: 0.3x
[2026-04-03T03:32:02.539+0600][51.375s][info][gc          ] GC(43) Pause Init Mark (unload classes) 0.169ms
[2026-04-03T03:32:02.539+0600][51.375s][info][gc,start    ] GC(43) Concurrent marking roots
[2026-04-03T03:32:02.539+0600][51.375s][info][gc,task     ] GC(43) Using 3 of 6 workers for concurrent marking roots
[2026-04-03T03:32:02.540+0600][51.377s][info][gc          ] GC(43) Concurrent marking roots 1.230ms
[2026-04-03T03:32:02.540+0600][51.377s][info][gc,start    ] GC(43) Concurrent marking (unload classes)
[2026-04-03T03:32:02.540+0600][51.377s][info][gc,task     ] GC(43) Using 3 of 6 workers for concurrent marking
[2026-04-03T03:32:02.916+0600][51.753s][info][gc          ] GC(43) Concurrent marking (unload classes) 376.216ms
[2026-04-03T03:32:02.916+0600][51.753s][info][gc,start    ] GC(43) Pause Final Mark (unload classes)
[2026-04-03T03:32:02.916+0600][51.753s][info][gc,task     ] GC(43) Using 6 of 6 workers for final marking
[2026-04-03T03:32:02.917+0600][51.753s][info][gc,ergo     ] GC(43) Adaptive CSet Selection. Target Free: 212M, Actual Free: 687M, Max CSet: 64000K, Min Garbage: 0B
[2026-04-03T03:32:02.917+0600][51.754s][info][gc,ergo     ] GC(43) Collectable Garbage: 331M (97%), Immediate: 6144K (1%), CSet: 325M (95%)
[2026-04-03T03:32:02.917+0600][51.754s][info][gc,ergo     ] GC(43) Pacer for Evacuation. Used CSet: 353M, Free: 614M, Non-Taxable: 62873K, Alloc Tax Rate: 1.4x
[2026-04-03T03:32:02.917+0600][51.754s][info][gc          ] GC(43) Pause Final Mark (unload classes) 0.727ms
[2026-04-03T03:32:02.917+0600][51.754s][info][gc,start    ] GC(43) Concurrent thread roots
[2026-04-03T03:32:02.917+0600][51.754s][info][gc,task     ] GC(43) Using 3 of 6 workers for Concurrent thread roots
[2026-04-03T03:32:02.918+0600][51.755s][info][gc          ] GC(43) Concurrent thread roots 0.719ms
[2026-04-03T03:32:02.918+0600][51.755s][info][gc,start    ] GC(43) Concurrent weak references
[2026-04-03T03:32:02.918+0600][51.755s][info][gc,task     ] GC(43) Using 3 of 6 workers for concurrent weak references
[2026-04-03T03:32:02.919+0600][51.755s][info][gc,ref      ] GC(43) Encountered references: Soft: 3156, Weak: 6320, Final: 84, Phantom: 598
[2026-04-03T03:32:02.919+0600][51.755s][info][gc,ref      ] GC(43) Discovered  references: Soft: 0, Weak: 3240, Final: 52, Phantom: 595
[2026-04-03T03:32:02.919+0600][51.755s][info][gc,ref      ] GC(43) Enqueued    references: Soft: 0, Weak: 0, Final: 0, Phantom: 0
[2026-04-03T03:32:02.919+0600][51.755s][info][gc          ] GC(43) Concurrent weak references 0.698ms
[2026-04-03T03:32:02.919+0600][51.755s][info][gc,start    ] GC(43) Concurrent weak roots
[2026-04-03T03:32:02.919+0600][51.755s][info][gc,task     ] GC(43) Using 3 of 6 workers for concurrent weak root
[2026-04-03T03:32:02.921+0600][51.757s][info][gc          ] GC(43) Concurrent weak roots 1.847ms
[2026-04-03T03:32:02.921+0600][51.757s][info][gc,start    ] GC(43) Concurrent cleanup
[2026-04-03T03:32:02.921+0600][51.758s][info][gc          ] GC(43) Concurrent cleanup 815M->809M(985M) 0.177ms
[2026-04-03T03:32:02.921+0600][51.758s][info][gc,ergo     ] GC(43) Free: 610M, Max: 512K regular, 268M humongous, Frag: 56% external, 0% internal; Reserve: 76477K, Max: 512K
[2026-04-03T03:32:02.921+0600][51.758s][info][gc,start    ] GC(43) Concurrent class unloading
[2026-04-03T03:32:02.921+0600][51.758s][info][gc,task     ] GC(43) Using 3 of 6 workers for concurrent class unloading
[2026-04-03T03:32:02.927+0600][51.764s][info][gc          ] GC(43) Concurrent class unloading 5.927ms
[2026-04-03T03:32:02.927+0600][51.764s][info][gc,start    ] GC(43) Concurrent strong roots
[2026-04-03T03:32:02.927+0600][51.764s][info][gc,task     ] GC(43) Using 3 of 6 workers for concurrent strong root
[2026-04-03T03:32:02.928+0600][51.764s][info][gc          ] GC(43) Concurrent strong roots 0.753ms
[2026-04-03T03:32:02.928+0600][51.764s][info][gc,start    ] GC(43) Concurrent evacuation
[2026-04-03T03:32:02.928+0600][51.764s][info][gc,task     ] GC(43) Using 3 of 6 workers for concurrent evacuation
[2026-04-03T03:32:02.971+0600][51.808s][info][gc          ] GC(43) Concurrent evacuation 43.676ms
[2026-04-03T03:32:02.972+0600][51.808s][info][gc,start    ] GC(43) Pause Init Update Refs
[2026-04-03T03:32:02.972+0600][51.809s][info][gc,ergo     ] GC(43) Pacer for Update Refs. Used: 878M, Free: 570M, Non-Taxable: 58419K, Alloc Tax Rate: 1.9x
[2026-04-03T03:32:02.972+0600][51.809s][info][gc          ] GC(43) Pause Init Update Refs 0.180ms
[2026-04-03T03:32:02.972+0600][51.809s][info][gc,start    ] GC(43) Concurrent update references
[2026-04-03T03:32:02.972+0600][51.809s][info][gc,task     ] GC(43) Using 3 of 6 workers for concurrent reference update
[2026-04-03T03:32:03.214+0600][52.050s][info][gc          ] GC(43) Concurrent update references 241.625ms
[2026-04-03T03:32:03.214+0600][52.050s][info][gc,start    ] GC(43) Concurrent update thread roots
[2026-04-03T03:32:03.215+0600][52.052s][info][gc          ] GC(43) Concurrent update thread roots 1.421ms
[2026-04-03T03:32:03.216+0600][52.052s][info][gc,start    ] GC(43) Pause Final Update Refs
[2026-04-03T03:32:03.216+0600][52.052s][info][gc,task     ] GC(43) Using 6 of 6 workers for final reference update
[2026-04-03T03:32:03.216+0600][52.052s][info][gc          ] GC(43) Pause Final Update Refs 0.196ms
[2026-04-03T03:32:03.216+0600][52.052s][info][gc,start    ] GC(43) Concurrent cleanup
[2026-04-03T03:32:03.216+0600][52.053s][info][gc          ] GC(43) Concurrent cleanup 1055M->702M(1061M) 0.299ms
[2026-04-03T03:32:03.216+0600][52.053s][info][gc,ergo     ] Free: 717M, Max: 512K regular, 247M humongous, Frag: 66% external, 0% internal; Reserve: 76800K, Max: 512K
[2026-04-03T03:32:03.216+0600][52.053s][info][gc,stats    ] 
[2026-04-03T03:32:03.216+0600][52.053s][info][gc,stats    ] All times are wall-clock times, except per-root-class counters, that are sum over
[2026-04-03T03:32:03.216+0600][52.053s][info][gc,stats    ] all workers. Dividing the <total> over the root stage time estimates parallelism.
[2026-04-03T03:32:03.216+0600][52.053s][info][gc,stats    ] 
[2026-04-03T03:32:03.216+0600][52.053s][info][gc,stats    ] Concurrent Reset                   2307 us
[2026-04-03T03:32:03.216+0600][52.053s][info][gc,stats    ] Pause Init Mark (G)                 467 us
[2026-04-03T03:32:03.216+0600][52.053s][info][gc,stats    ] Pause Init Mark (N)                 182 us
[2026-04-03T03:32:03.216+0600][52.053s][info][gc,stats    ]   Update Region States               29 us
[2026-04-03T03:32:03.216+0600][52.053s][info][gc,stats    ] Concurrent Mark Roots              1273 us, parallelism: 1.97x
[2026-04-03T03:32:03.216+0600][52.053s][info][gc,stats    ]   CMR: <total>                     2512 us
[2026-04-03T03:32:03.216+0600][52.053s][info][gc,stats    ]   CMR: Thread Roots                2158 us, workers (us): 814, 524, 820, ---, ---, ---, 
[2026-04-03T03:32:03.216+0600][52.053s][info][gc,stats    ]   CMR: VM Strong Roots               46 us, workers (us):  24,  21,   1, ---, ---, ---, 
[2026-04-03T03:32:03.216+0600][52.053s][info][gc,stats    ]   CMR: CLDG Roots                   307 us, workers (us): ---, 307, ---, ---, ---, ---, 
[2026-04-03T03:32:03.216+0600][52.053s][info][gc,stats    ] Concurrent Marking               376292 us
[2026-04-03T03:32:03.216+0600][52.053s][info][gc,stats    ] Pause Final Mark (G)               1019 us
[2026-04-03T03:32:03.216+0600][52.053s][info][gc,stats    ] Pause Final Mark (N)                739 us
[2026-04-03T03:32:03.216+0600][52.053s][info][gc,stats    ]   Finish Mark                       177 us
[2026-04-03T03:32:03.216+0600][52.053s][info][gc,stats    ]   Update Region States               36 us
[2026-04-03T03:32:03.216+0600][52.053s][info][gc,stats    ]   Choose Collection Set             342 us
[2026-04-03T03:32:03.216+0600][52.053s][info][gc,stats    ]   Rebuild Free Set                   26 us
[2026-04-03T03:32:03.216+0600][52.053s][info][gc,stats    ] Concurrent Thread Roots             768 us, parallelism: 2.12x
[2026-04-03T03:32:03.216+0600][52.053s][info][gc,stats    ]   CTR: <total>                     1629 us
[2026-04-03T03:32:03.217+0600][52.053s][info][gc,stats    ]   CTR: Thread Roots                1629 us, workers (us): 555, 564, 510, ---, ---, ---, 
[2026-04-03T03:32:03.217+0600][52.053s][info][gc,stats    ] Concurrent Weak References          709 us, parallelism: 0.78x
[2026-04-03T03:32:03.217+0600][52.053s][info][gc,stats    ]   CWRF: <total>                     554 us
[2026-04-03T03:32:03.217+0600][52.053s][info][gc,stats    ]   CWRF: Weak References             554 us, workers (us):  68, 485,   2, ---, ---, ---, 
[2026-04-03T03:32:03.217+0600][52.053s][info][gc,stats    ] Concurrent Weak Roots              1934 us
[2026-04-03T03:32:03.217+0600][52.053s][info][gc,stats    ]   Roots                            1657 us, parallelism: 2.48x
[2026-04-03T03:32:03.217+0600][52.053s][info][gc,stats    ]     CWR: <total>                   4114 us
[2026-04-03T03:32:03.217+0600][52.053s][info][gc,stats    ]     CWR: Code Cache Roots          2871 us, workers (us): 1017, 891, 962, ---, ---, ---, 
[2026-04-03T03:32:03.217+0600][52.053s][info][gc,stats    ]     CWR: VM Weak Roots             1155 us, workers (us): 404, 392, 360, ---, ---, ---, 
[2026-04-03T03:32:03.217+0600][52.053s][info][gc,stats    ]     CWR: CLDG Roots                  89 us, workers (us): ---,  89, ---, ---, ---, ---, 
[2026-04-03T03:32:03.217+0600][52.053s][info][gc,stats    ]   Rendezvous                        165 us
[2026-04-03T03:32:03.217+0600][52.053s][info][gc,stats    ] Concurrent Cleanup                  194 us
[2026-04-03T03:32:03.217+0600][52.053s][info][gc,stats    ] Concurrent Class Unloading         6012 us
[2026-04-03T03:32:03.217+0600][52.053s][info][gc,stats    ]   Unlink Stale                     5594 us
[2026-04-03T03:32:03.217+0600][52.053s][info][gc,stats    ]     System Dictionary               110 us
[2026-04-03T03:32:03.217+0600][52.053s][info][gc,stats    ]     Weak Class Links                  0 us
[2026-04-03T03:32:03.217+0600][52.053s][info][gc,stats    ]     Code Roots                     5478 us
[2026-04-03T03:32:03.217+0600][52.053s][info][gc,stats    ]   Rendezvous                        284 us
[2026-04-03T03:32:03.217+0600][52.053s][info][gc,stats    ]   Purge Unlinked                     11 us
[2026-04-03T03:32:03.217+0600][52.053s][info][gc,stats    ]     Code Roots                        4 us
[2026-04-03T03:32:03.217+0600][52.053s][info][gc,stats    ]     CLDG                              6 us
[2026-04-03T03:32:03.217+0600][52.053s][info][gc,stats    ]     Exception Caches                  0 us
[2026-04-03T03:32:03.217+0600][52.053s][info][gc,stats    ] Concurrent Strong Roots             799 us, parallelism: 0.59x
[2026-04-03T03:32:03.217+0600][52.053s][info][gc,stats    ]   CSR: <total>                      469 us
[2026-04-03T03:32:03.217+0600][52.053s][info][gc,stats    ]   CSR: VM Strong Roots               38 us, workers (us):  24,  13,   0, ---, ---, ---, 
[2026-04-03T03:32:03.217+0600][52.053s][info][gc,stats    ]   CSR: CLDG Roots                   431 us, workers (us): 431, ---, ---, ---, ---, ---, 
[2026-04-03T03:32:03.217+0600][52.053s][info][gc,stats    ] Concurrent Evacuation             43781 us
[2026-04-03T03:32:03.217+0600][52.053s][info][gc,stats    ] Pause Init Update Refs (G)          505 us
[2026-04-03T03:32:03.217+0600][52.053s][info][gc,stats    ] Pause Init Update Refs (N)          196 us
[2026-04-03T03:32:03.217+0600][52.053s][info][gc,stats    ]   Manage GCLABs                      24 us
[2026-04-03T03:32:03.217+0600][52.054s][info][gc,stats    ] Concurrent Update Refs           241773 us
[2026-04-03T03:32:03.217+0600][52.054s][info][gc,stats    ] Concurrent Update Thread Roots     1475 us
[2026-04-03T03:32:03.217+0600][52.054s][info][gc,stats    ] Pause Final Update Refs (G)         518 us
[2026-04-03T03:32:03.217+0600][52.054s][info][gc,stats    ] Pause Final Update Refs (N)         217 us
[2026-04-03T03:32:03.217+0600][52.054s][info][gc,stats    ]   Update Region States               62 us
[2026-04-03T03:32:03.217+0600][52.054s][info][gc,stats    ]   Trash Collection Set               19 us
[2026-04-03T03:32:03.217+0600][52.054s][info][gc,stats    ]   Rebuild Free Set                   48 us
[2026-04-03T03:32:03.217+0600][52.054s][info][gc,stats    ] Concurrent Cleanup                  336 us
[2026-04-03T03:32:03.217+0600][52.054s][info][gc,stats    ] Pacing                           458562 us
[2026-04-03T03:32:03.217+0600][52.054s][info][gc,stats    ] 
[2026-04-03T03:32:03.217+0600][52.054s][info][gc,stats    ] Allocation pacing accrued:
[2026-04-03T03:32:03.217+0600][52.054s][info][gc,stats    ]      11 of   682 ms (  1.6%): RemoteBlock-temp-file-clean-thread
[2026-04-03T03:32:03.217+0600][52.054s][info][gc,stats    ]     148 of   682 ms ( 21.7%): Executor task launch worker for task 0.0 in stage 27.0 (TID 39)
[2026-04-03T03:32:03.217+0600][52.054s][info][gc,stats    ]     150 of   682 ms ( 22.1%): Executor task launch worker for task 1.0 in stage 27.0 (TID 40)
[2026-04-03T03:32:03.217+0600][52.054s][info][gc,stats    ]     149 of   682 ms ( 21.8%): Executor task launch worker for task 2.0 in stage 27.0 (TID 41)
[2026-04-03T03:32:03.217+0600][52.054s][info][gc,stats    ]     459 of   682 ms ( 67.2%): <total>
[2026-04-03T03:32:03.217+0600][52.054s][info][gc,stats    ]       2 of   682 ms (  0.4%): <average total>
[2026-04-03T03:32:03.217+0600][52.054s][info][gc,stats    ]     115 of   682 ms ( 16.8%): <average non-zero>
[2026-04-03T03:32:03.217+0600][52.054s][info][gc,stats    ] 
[2026-04-03T03:32:03.217+0600][52.054s][info][gc,metaspace] Metaspace: 72958K(73856K)->72958K(73856K) NonClass: 63688K(64192K)->63688K(64192K) Class: 9269K(9664K)->9269K(9664K)
[2026-04-03T03:32:03.217+0600][52.054s][info][gc,ergo     ] Pacer for Idle. Initial: 30720K, Alloc Tax Rate: 1.0x
[2026-04-03T03:32:03.218+0600][52.055s][info][gc          ] Trigger: Learning 5 of 5. Free (715M) is below initial threshold (1050M)
[2026-04-03T03:32:03.218+0600][52.055s][info][gc,ergo     ] Free: 715M, Max: 512K regular, 247M humongous, Frag: 66% external, 0% internal; Reserve: 76800K, Max: 512K
[2026-04-03T03:32:03.218+0600][52.055s][info][gc,start    ] GC(44) Concurrent reset
[2026-04-03T03:32:03.218+0600][52.055s][info][gc,task     ] GC(44) Using 3 of 6 workers for concurrent reset
[2026-04-03T03:32:03.218+0600][52.055s][info][gc,ergo     ] GC(44) Pacer for Reset. Non-Taxable: 1500M
[2026-04-03T03:32:03.221+0600][52.057s][info][gc          ] GC(44) Concurrent reset 2.318ms
[2026-04-03T03:32:03.221+0600][52.058s][info][gc,start    ] GC(44) Pause Init Mark (unload classes)
[2026-04-03T03:32:03.221+0600][52.058s][info][gc,task     ] GC(44) Using 6 of 6 workers for init marking
[2026-04-03T03:32:03.221+0600][52.058s][info][gc,ergo     ] GC(44) Pacer for Mark. Expected Live: 221M, Free: 713M, Non-Taxable: 73011K, Alloc Tax Rate: 0.4x
[2026-04-03T03:32:03.221+0600][52.058s][info][gc          ] GC(44) Pause Init Mark (unload classes) 0.142ms
[2026-04-03T03:32:03.221+0600][52.058s][info][gc,start    ] GC(44) Concurrent marking roots
[2026-04-03T03:32:03.221+0600][52.058s][info][gc,task     ] GC(44) Using 3 of 6 workers for concurrent marking roots
[2026-04-03T03:32:03.222+0600][52.059s][info][gc          ] GC(44) Concurrent marking roots 1.136ms
[2026-04-03T03:32:03.222+0600][52.059s][info][gc,start    ] GC(44) Concurrent marking (unload classes)
[2026-04-03T03:32:03.222+0600][52.059s][info][gc,task     ] GC(44) Using 3 of 6 workers for concurrent marking
[2026-04-03T03:32:03.605+0600][52.442s][info][gc          ] GC(44) Concurrent marking (unload classes) 382.843ms
[2026-04-03T03:32:03.606+0600][52.442s][info][gc,start    ] GC(44) Pause Final Mark (unload classes)
[2026-04-03T03:32:03.606+0600][52.442s][info][gc,task     ] GC(44) Using 6 of 6 workers for final marking
[2026-04-03T03:32:03.606+0600][52.443s][info][gc,ergo     ] GC(44) Adaptive CSet Selection. Target Free: 212M, Actual Free: 629M, Max CSet: 64000K, Min Garbage: 0B
[2026-04-03T03:32:03.606+0600][52.443s][info][gc,ergo     ] GC(44) Collectable Garbage: 392M (97%), Immediate: 0B (0%), CSet: 392M (97%)
[2026-04-03T03:32:03.606+0600][52.443s][info][gc,ergo     ] GC(44) Pacer for Evacuation. Used CSet: 425M, Free: 554M, Non-Taxable: 56780K, Alloc Tax Rate: 1.9x
[2026-04-03T03:32:03.607+0600][52.443s][info][gc          ] GC(44) Pause Final Mark (unload classes) 0.952ms
[2026-04-03T03:32:03.607+0600][52.443s][info][gc,start    ] GC(44) Concurrent thread roots
[2026-04-03T03:32:03.607+0600][52.443s][info][gc,task     ] GC(44) Using 3 of 6 workers for Concurrent thread roots
[2026-04-03T03:32:03.607+0600][52.444s][info][gc          ] GC(44) Concurrent thread roots 0.808ms
[2026-04-03T03:32:03.607+0600][52.444s][info][gc,start    ] GC(44) Concurrent weak references
[2026-04-03T03:32:03.608+0600][52.444s][info][gc,task     ] GC(44) Using 3 of 6 workers for concurrent weak references
[2026-04-03T03:32:03.608+0600][52.444s][info][gc,ref      ] GC(44) Encountered references: Soft: 3156, Weak: 6320, Final: 84, Phantom: 598
[2026-04-03T03:32:03.608+0600][52.444s][info][gc,ref      ] GC(44) Discovered  references: Soft: 0, Weak: 1053, Final: 2, Phantom: 595
[2026-04-03T03:32:03.608+0600][52.445s][info][gc,ref      ] GC(44) Enqueued    references: Soft: 0, Weak: 0, Final: 0, Phantom: 0
[2026-04-03T03:32:03.608+0600][52.445s][info][gc          ] GC(44) Concurrent weak references 0.356ms
[2026-04-03T03:32:03.608+0600][52.445s][info][gc,start    ] GC(44) Concurrent weak roots
[2026-04-03T03:32:03.608+0600][52.445s][info][gc,task     ] GC(44) Using 3 of 6 workers for concurrent weak root
[2026-04-03T03:32:03.610+0600][52.447s][info][gc          ] GC(44) Concurrent weak roots 2.246ms
[2026-04-03T03:32:03.610+0600][52.447s][info][gc,start    ] GC(44) Concurrent cleanup
[2026-04-03T03:32:03.611+0600][52.447s][info][gc          ] GC(44) Concurrent cleanup 868M->868M(1061M) 0.460ms
[2026-04-03T03:32:03.611+0600][52.447s][info][gc,ergo     ] GC(44) Free: 551M, Max: 512K regular, 247M humongous, Frag: 56% external, 0% internal; Reserve: 76481K, Max: 512K
[2026-04-03T03:32:03.611+0600][52.447s][info][gc,start    ] GC(44) Concurrent class unloading
[2026-04-03T03:32:03.611+0600][52.447s][info][gc,task     ] GC(44) Using 3 of 6 workers for concurrent class unloading
[2026-04-03T03:32:03.618+0600][52.454s][info][gc          ] GC(44) Concurrent class unloading 6.913ms
[2026-04-03T03:32:03.618+0600][52.454s][info][gc,start    ] GC(44) Concurrent strong roots
[2026-04-03T03:32:03.618+0600][52.454s][info][gc,task     ] GC(44) Using 3 of 6 workers for concurrent strong root
[2026-04-03T03:32:03.618+0600][52.455s][info][gc          ] GC(44) Concurrent strong roots 0.585ms
[2026-04-03T03:32:03.618+0600][52.455s][info][gc,start    ] GC(44) Concurrent evacuation
[2026-04-03T03:32:03.618+0600][52.455s][info][gc,task     ] GC(44) Using 3 of 6 workers for concurrent evacuation
[2026-04-03T03:32:03.669+0600][52.505s][info][gc          ] GC(44) Concurrent evacuation 50.374ms
[2026-04-03T03:32:03.669+0600][52.506s][info][gc,start    ] GC(44) Pause Init Update Refs
[2026-04-03T03:32:03.669+0600][52.506s][info][gc,ergo     ] GC(44) Pacer for Update Refs. Used: 946M, Free: 507M, Non-Taxable: 51916K, Alloc Tax Rate: 2.3x
[2026-04-03T03:32:03.669+0600][52.506s][info][gc          ] GC(44) Pause Init Update Refs 0.244ms
[2026-04-03T03:32:03.669+0600][52.506s][info][gc,start    ] GC(44) Concurrent update references
[2026-04-03T03:32:03.669+0600][52.506s][info][gc,task     ] GC(44) Using 3 of 6 workers for concurrent reference update
[2026-04-03T03:32:03.926+0600][52.763s][info][gc          ] GC(44) Concurrent update references 256.726ms
[2026-04-03T03:32:03.926+0600][52.763s][info][gc,start    ] GC(44) Concurrent update thread roots
[2026-04-03T03:32:03.928+0600][52.764s][info][gc          ] GC(44) Concurrent update thread roots 1.402ms
[2026-04-03T03:32:03.928+0600][52.764s][info][gc,start    ] GC(44) Pause Final Update Refs
[2026-04-03T03:32:03.928+0600][52.765s][info][gc,task     ] GC(44) Using 6 of 6 workers for final reference update
[2026-04-03T03:32:03.928+0600][52.765s][info][gc          ] GC(44) Pause Final Update Refs 0.210ms
[2026-04-03T03:32:03.928+0600][52.765s][info][gc,start    ] GC(44) Concurrent cleanup
[2026-04-03T03:32:03.929+0600][52.765s][info][gc          ] GC(44) Concurrent cleanup 1100M->676M(1107M) 0.416ms
[2026-04-03T03:32:03.929+0600][52.765s][info][gc,ergo     ] Free: 742M, Max: 512K regular, 227M humongous, Frag: 70% external, 0% internal; Reserve: 76800K, Max: 512K
[2026-04-03T03:32:03.929+0600][52.765s][info][gc,stats    ] 
[2026-04-03T03:32:03.929+0600][52.765s][info][gc,stats    ] All times are wall-clock times, except per-root-class counters, that are sum over
[2026-04-03T03:32:03.929+0600][52.765s][info][gc,stats    ] all workers. Dividing the <total> over the root stage time estimates parallelism.
[2026-04-03T03:32:03.929+0600][52.765s][info][gc,stats    ] 
[2026-04-03T03:32:03.929+0600][52.765s][info][gc,stats    ] Concurrent Reset                   2433 us
[2026-04-03T03:32:03.929+0600][52.765s][info][gc,stats    ] Pause Init Mark (G)                 404 us
[2026-04-03T03:32:03.929+0600][52.765s][info][gc,stats    ] Pause Init Mark (N)                 155 us
[2026-04-03T03:32:03.929+0600][52.765s][info][gc,stats    ]   Update Region States               34 us
[2026-04-03T03:32:03.929+0600][52.765s][info][gc,stats    ] Concurrent Mark Roots              1216 us, parallelism: 1.71x
[2026-04-03T03:32:03.929+0600][52.765s][info][gc,stats    ]   CMR: <total>                     2077 us
[2026-04-03T03:32:03.929+0600][52.765s][info][gc,stats    ]   CMR: Thread Roots                1705 us, workers (us): 352, 678, 675, ---, ---, ---, 
[2026-04-03T03:32:03.929+0600][52.766s][info][gc,stats    ]   CMR: VM Strong Roots               32 us, workers (us):  30,   1,   1, ---, ---, ---, 
[2026-04-03T03:32:03.929+0600][52.766s][info][gc,stats    ]   CMR: CLDG Roots                   341 us, workers (us): 341, ---, ---, ---, ---, ---, 
[2026-04-03T03:32:03.929+0600][52.766s][info][gc,stats    ] Concurrent Marking               382917 us
[2026-04-03T03:32:03.929+0600][52.766s][info][gc,stats    ] Pause Final Mark (G)               1304 us
[2026-04-03T03:32:03.929+0600][52.766s][info][gc,stats    ] Pause Final Mark (N)                964 us
[2026-04-03T03:32:03.929+0600][52.766s][info][gc,stats    ]   Finish Mark                       328 us
[2026-04-03T03:32:03.929+0600][52.766s][info][gc,stats    ]   Update Region States               49 us
[2026-04-03T03:32:03.929+0600][52.766s][info][gc,stats    ]   Choose Collection Set             405 us
[2026-04-03T03:32:03.929+0600][52.766s][info][gc,stats    ]   Rebuild Free Set                   36 us
[2026-04-03T03:32:03.929+0600][52.766s][info][gc,stats    ] Concurrent Thread Roots             864 us, parallelism: 1.73x
[2026-04-03T03:32:03.929+0600][52.766s][info][gc,stats    ]   CTR: <total>                     1498 us
[2026-04-03T03:32:03.929+0600][52.766s][info][gc,stats    ]   CTR: Thread Roots                1498 us, workers (us): 512, 492, 494, ---, ---, ---, 
[2026-04-03T03:32:03.929+0600][52.766s][info][gc,stats    ] Concurrent Weak References          368 us, parallelism: 0.73x
[2026-04-03T03:32:03.929+0600][52.766s][info][gc,stats    ]   CWRF: <total>                     269 us
[2026-04-03T03:32:03.929+0600][52.766s][info][gc,stats    ]   CWRF: Weak References             269 us, workers (us): 147,  52,  70, ---, ---, ---, 
[2026-04-03T03:32:03.929+0600][52.766s][info][gc,stats    ] Concurrent Weak Roots              2297 us
[2026-04-03T03:32:03.929+0600][52.766s][info][gc,stats    ]   Roots                            1977 us, parallelism: 2.61x
[2026-04-03T03:32:03.929+0600][52.766s][info][gc,stats    ]     CWR: <total>                   5153 us
[2026-04-03T03:32:03.929+0600][52.766s][info][gc,stats    ]     CWR: Code Cache Roots          3375 us, workers (us): 1187, 1177, 1012, ---, ---, ---, 
[2026-04-03T03:32:03.929+0600][52.766s][info][gc,stats    ]     CWR: VM Weak Roots             1580 us, workers (us): 558, 555, 466, ---, ---, ---, 
[2026-04-03T03:32:03.929+0600][52.766s][info][gc,stats    ]     CWR: CLDG Roots                 198 us, workers (us): ---, ---, 198, ---, ---, ---, 
[2026-04-03T03:32:03.929+0600][52.766s][info][gc,stats    ]   Rendezvous                        242 us
[2026-04-03T03:32:03.929+0600][52.766s][info][gc,stats    ] Concurrent Cleanup                  473 us
[2026-04-03T03:32:03.929+0600][52.766s][info][gc,stats    ] Concurrent Class Unloading         7032 us
[2026-04-03T03:32:03.929+0600][52.766s][info][gc,stats    ]   Unlink Stale                     6394 us
[2026-04-03T03:32:03.929+0600][52.766s][info][gc,stats    ]     System Dictionary               109 us
[2026-04-03T03:32:03.929+0600][52.766s][info][gc,stats    ]     Weak Class Links                  0 us
[2026-04-03T03:32:03.929+0600][52.766s][info][gc,stats    ]     Code Roots                     6281 us
[2026-04-03T03:32:03.929+0600][52.766s][info][gc,stats    ]   Rendezvous                        463 us
[2026-04-03T03:32:03.929+0600][52.766s][info][gc,stats    ]   Purge Unlinked                     20 us
[2026-04-03T03:32:03.929+0600][52.766s][info][gc,stats    ]     Code Roots                        5 us
[2026-04-03T03:32:03.929+0600][52.766s][info][gc,stats    ]     CLDG                             13 us
[2026-04-03T03:32:03.929+0600][52.766s][info][gc,stats    ]     Exception Caches                  0 us
[2026-04-03T03:32:03.929+0600][52.766s][info][gc,stats    ] Concurrent Strong Roots             617 us, parallelism: 0.57x
[2026-04-03T03:32:03.929+0600][52.766s][info][gc,stats    ]   CSR: <total>                      351 us
[2026-04-03T03:32:03.929+0600][52.766s][info][gc,stats    ]   CSR: VM Strong Roots               42 us, workers (us):  13,  13,  16, ---, ---, ---, 
[2026-04-03T03:32:03.929+0600][52.766s][info][gc,stats    ]   CSR: CLDG Roots                   309 us, workers (us): 309, ---, ---, ---, ---, ---, 
[2026-04-03T03:32:03.929+0600][52.766s][info][gc,stats    ] Concurrent Evacuation             50463 us
[2026-04-03T03:32:03.929+0600][52.766s][info][gc,stats    ] Pause Init Update Refs (G)          540 us
[2026-04-03T03:32:03.929+0600][52.766s][info][gc,stats    ] Pause Init Update Refs (N)          264 us
[2026-04-03T03:32:03.929+0600][52.766s][info][gc,stats    ]   Manage GCLABs                      36 us
[2026-04-03T03:32:03.929+0600][52.766s][info][gc,stats    ] Concurrent Update Refs           256840 us
[2026-04-03T03:32:03.929+0600][52.766s][info][gc,stats    ] Concurrent Update Thread Roots     1457 us
[2026-04-03T03:32:03.929+0600][52.766s][info][gc,stats    ] Pause Final Update Refs (G)         471 us
[2026-04-03T03:32:03.929+0600][52.766s][info][gc,stats    ] Pause Final Update Refs (N)         231 us
[2026-04-03T03:32:03.929+0600][52.766s][info][gc,stats    ]   Update Region States               72 us
[2026-04-03T03:32:03.929+0600][52.766s][info][gc,stats    ]   Trash Collection Set               24 us
[2026-04-03T03:32:03.929+0600][52.766s][info][gc,stats    ]   Rebuild Free Set                   38 us
[2026-04-03T03:32:03.929+0600][52.766s][info][gc,stats    ] Concurrent Cleanup                  441 us
[2026-04-03T03:32:03.929+0600][52.766s][info][gc,stats    ] Pacing                           533016 us
[2026-04-03T03:32:03.929+0600][52.766s][info][gc,stats    ] 
[2026-04-03T03:32:03.929+0600][52.766s][info][gc,stats    ] Allocation pacing accrued:
[2026-04-03T03:32:03.929+0600][52.766s][info][gc,stats    ]     177 of   712 ms ( 24.9%): Executor task launch worker for task 0.0 in stage 27.0 (TID 39)
[2026-04-03T03:32:03.929+0600][52.766s][info][gc,stats    ]     177 of   712 ms ( 24.8%): Executor task launch worker for task 1.0 in stage 27.0 (TID 40)
[2026-04-03T03:32:03.929+0600][52.766s][info][gc,stats    ]     179 of   712 ms ( 25.1%): Executor task launch worker for task 2.0 in stage 27.0 (TID 41)
[2026-04-03T03:32:03.929+0600][52.766s][info][gc,stats    ]     533 of   712 ms ( 74.8%): <total>
[2026-04-03T03:32:03.929+0600][52.766s][info][gc,stats    ]       3 of   712 ms (  0.4%): <average total>
[2026-04-03T03:32:03.930+0600][52.766s][info][gc,stats    ]     178 of   712 ms ( 24.9%): <average non-zero>
[2026-04-03T03:32:03.930+0600][52.766s][info][gc,stats    ] 
[2026-04-03T03:32:03.930+0600][52.766s][info][gc,metaspace] Metaspace: 72958K(73856K)->72958K(73856K) NonClass: 63688K(64192K)->63688K(64192K) Class: 9269K(9664K)->9269K(9664K)
[2026-04-03T03:32:03.930+0600][52.766s][info][gc,ergo     ] Pacer for Idle. Initial: 30720K, Alloc Tax Rate: 1.0x
[2026-04-03T03:32:04.032+0600][52.868s][info][gc          ] Trigger: Average GC time (859.33 ms) is above the time for average allocation rate (913 MB/s) to deplete free headroom (540M) (margin of error = 1.82)
[2026-04-03T03:32:04.032+0600][52.868s][info][gc,ergo     ] Free headroom: 615M (free) - 76800K (spike) - 0B (penalties) = 540M
[2026-04-03T03:32:04.032+0600][52.869s][info][gc,ergo     ] Free: 614M, Max: 512K regular, 227M humongous, Frag: 63% external, 0% internal; Reserve: 76800K, Max: 512K
[2026-04-03T03:32:04.032+0600][52.869s][info][gc,start    ] GC(45) Concurrent reset
[2026-04-03T03:32:04.032+0600][52.869s][info][gc,task     ] GC(45) Using 3 of 6 workers for concurrent reset
[2026-04-03T03:32:04.032+0600][52.869s][info][gc,ergo     ] GC(45) Pacer for Reset. Non-Taxable: 1500M
[2026-04-03T03:32:04.034+0600][52.871s][info][gc          ] GC(45) Concurrent reset 2.538ms
[2026-04-03T03:32:04.035+0600][52.871s][info][gc,start    ] GC(45) Pause Init Mark (unload classes)
[2026-04-03T03:32:04.035+0600][52.872s][info][gc,task     ] GC(45) Using 6 of 6 workers for init marking
[2026-04-03T03:32:04.035+0600][52.872s][info][gc,ergo     ] GC(45) Pacer for Mark. Expected Live: 240M, Free: 611M, Non-Taxable: 62617K, Alloc Tax Rate: 0.5x
[2026-04-03T03:32:04.035+0600][52.872s][info][gc          ] GC(45) Pause Init Mark (unload classes) 0.549ms
[2026-04-03T03:32:04.036+0600][52.872s][info][gc,start    ] GC(45) Concurrent marking roots
[2026-04-03T03:32:04.036+0600][52.872s][info][gc,task     ] GC(45) Using 3 of 6 workers for concurrent marking roots
[2026-04-03T03:32:04.037+0600][52.874s][info][gc          ] GC(45) Concurrent marking roots 1.332ms
[2026-04-03T03:32:04.037+0600][52.874s][info][gc,start    ] GC(45) Concurrent marking (unload classes)
[2026-04-03T03:32:04.037+0600][52.874s][info][gc,task     ] GC(45) Using 3 of 6 workers for concurrent marking
[2026-04-03T03:32:04.728+0600][53.565s][info][gc          ] GC(45) Concurrent marking (unload classes) 691.051ms
[2026-04-03T03:32:04.728+0600][53.565s][info][gc,start    ] GC(45) Pause Final Mark (unload classes)
[2026-04-03T03:32:04.728+0600][53.565s][info][gc,task     ] GC(45) Using 6 of 6 workers for final marking
[2026-04-03T03:32:04.729+0600][53.566s][info][gc,ergo     ] GC(45) Adaptive CSet Selection. Target Free: 212M, Actual Free: 639M, Max CSet: 64000K, Min Garbage: 0B
[2026-04-03T03:32:04.730+0600][53.566s][info][gc,ergo     ] GC(45) Collectable Garbage: 464M (97%), Immediate: 12288K (2%), CSet: 452M (94%)
[2026-04-03T03:32:04.730+0600][53.567s][info][gc,ergo     ] GC(45) Pacer for Evacuation. Used CSet: 489M, Free: 566M, Non-Taxable: 58009K, Alloc Tax Rate: 2.1x
[2026-04-03T03:32:04.730+0600][53.567s][info][gc          ] GC(45) Pause Final Mark (unload classes) 1.877ms
[2026-04-03T03:32:04.730+0600][53.567s][info][gc,start    ] GC(45) Concurrent thread roots
[2026-04-03T03:32:04.731+0600][53.567s][info][gc,task     ] GC(45) Using 3 of 6 workers for Concurrent thread roots
[2026-04-03T03:32:04.732+0600][53.568s][info][gc          ] GC(45) Concurrent thread roots 1.065ms
[2026-04-03T03:32:04.732+0600][53.568s][info][gc,start    ] GC(45) Concurrent weak references
[2026-04-03T03:32:04.732+0600][53.568s][info][gc,task     ] GC(45) Using 3 of 6 workers for concurrent weak references
[2026-04-03T03:32:04.732+0600][53.569s][info][gc,ref      ] GC(45) Encountered references: Soft: 3156, Weak: 6320, Final: 84, Phantom: 598
[2026-04-03T03:32:04.733+0600][53.569s][info][gc,ref      ] GC(45) Discovered  references: Soft: 0, Weak: 2495, Final: 48, Phantom: 595
[2026-04-03T03:32:04.733+0600][53.569s][info][gc,ref      ] GC(45) Enqueued    references: Soft: 0, Weak: 0, Final: 0, Phantom: 0
[2026-04-03T03:32:04.733+0600][53.569s][info][gc          ] GC(45) Concurrent weak references 1.028ms
[2026-04-03T03:32:04.733+0600][53.569s][info][gc,start    ] GC(45) Concurrent weak roots
[2026-04-03T03:32:04.733+0600][53.569s][info][gc,task     ] GC(45) Using 3 of 6 workers for concurrent weak root
[2026-04-03T03:32:04.736+0600][53.572s][info][gc          ] GC(45) Concurrent weak roots 3.228ms
[2026-04-03T03:32:04.736+0600][53.573s][info][gc,start    ] GC(45) Concurrent cleanup
[2026-04-03T03:32:04.737+0600][53.573s][info][gc          ] GC(45) Concurrent cleanup 863M->851M(1107M) 0.717ms
[2026-04-03T03:32:04.737+0600][53.573s][info][gc,ergo     ] GC(45) Free: 566M, Max: 512K regular, 227M humongous, Frag: 60% external, 0% internal; Reserve: 75264K, Max: 512K
[2026-04-03T03:32:04.737+0600][53.573s][info][gc,start    ] GC(45) Concurrent class unloading
[2026-04-03T03:32:04.737+0600][53.573s][info][gc,task     ] GC(45) Using 3 of 6 workers for concurrent class unloading
[2026-04-03T03:32:04.746+0600][53.583s][info][gc          ] GC(45) Concurrent class unloading 9.324ms
[2026-04-03T03:32:04.746+0600][53.583s][info][gc,start    ] GC(45) Concurrent strong roots
[2026-04-03T03:32:04.746+0600][53.583s][info][gc,task     ] GC(45) Using 3 of 6 workers for concurrent strong root
[2026-04-03T03:32:04.747+0600][53.583s][info][gc          ] GC(45) Concurrent strong roots 0.705ms
[2026-04-03T03:32:04.769+0600][53.606s][info][gc,start    ] GC(45) Concurrent evacuation
[2026-04-03T03:32:04.769+0600][53.606s][info][gc,task     ] GC(45) Using 3 of 6 workers for concurrent evacuation
[2026-04-03T03:32:04.823+0600][53.659s][info][gc          ] GC(45) Concurrent evacuation 53.617ms
[2026-04-03T03:32:04.823+0600][53.660s][info][gc,start    ] GC(45) Pause Init Update Refs
[2026-04-03T03:32:04.823+0600][53.660s][info][gc,ergo     ] GC(45) Pacer for Update Refs. Used: 889M, Free: 564M, Non-Taxable: 57855K, Alloc Tax Rate: 1.9x
[2026-04-03T03:32:04.823+0600][53.660s][info][gc          ] GC(45) Pause Init Update Refs 0.121ms
[2026-04-03T03:32:04.823+0600][53.660s][info][gc,start    ] GC(45) Concurrent update references
[2026-04-03T03:32:04.823+0600][53.660s][info][gc,task     ] GC(45) Using 3 of 6 workers for concurrent reference update
[2026-04-03T03:32:05.096+0600][53.933s][info][gc          ] GC(45) Concurrent update references 273.048ms
[2026-04-03T03:32:05.096+0600][53.933s][info][gc,start    ] GC(45) Concurrent update thread roots
[2026-04-03T03:32:05.098+0600][53.935s][info][gc          ] GC(45) Concurrent update thread roots 1.544ms
[2026-04-03T03:32:05.098+0600][53.935s][info][gc,start    ] GC(45) Pause Final Update Refs
[2026-04-03T03:32:05.098+0600][53.935s][info][gc,task     ] GC(45) Using 6 of 6 workers for final reference update
[2026-04-03T03:32:05.099+0600][53.935s][info][gc          ] GC(45) Pause Final Update Refs 0.282ms
[2026-04-03T03:32:05.099+0600][53.935s][info][gc,start    ] GC(45) Concurrent cleanup
[2026-04-03T03:32:05.099+0600][53.936s][info][gc          ] GC(45) Concurrent cleanup 889M->400M(1130M) 0.497ms
[2026-04-03T03:32:05.099+0600][53.936s][info][gc,ergo     ] Free: 1016M, Max: 512K regular, 259M humongous, Frag: 75% external, 0% internal; Reserve: 76800K, Max: 512K
[2026-04-03T03:32:05.099+0600][53.936s][info][gc,stats    ] 
[2026-04-03T03:32:05.099+0600][53.936s][info][gc,stats    ] All times are wall-clock times, except per-root-class counters, that are sum over
[2026-04-03T03:32:05.099+0600][53.936s][info][gc,stats    ] all workers. Dividing the <total> over the root stage time estimates parallelism.
[2026-04-03T03:32:05.099+0600][53.936s][info][gc,stats    ] 
[2026-04-03T03:32:05.099+0600][53.936s][info][gc,stats    ] Concurrent Reset                   2639 us
[2026-04-03T03:32:05.099+0600][53.936s][info][gc,stats    ] Pause Init Mark (G)                 949 us
[2026-04-03T03:32:05.099+0600][53.936s][info][gc,stats    ] Pause Init Mark (N)                 568 us
[2026-04-03T03:32:05.099+0600][53.936s][info][gc,stats    ]   Update Region States               86 us
[2026-04-03T03:32:05.099+0600][53.936s][info][gc,stats    ] Concurrent Mark Roots              1396 us, parallelism: 1.75x
[2026-04-03T03:32:05.099+0600][53.936s][info][gc,stats    ]   CMR: <total>                     2446 us
[2026-04-03T03:32:05.099+0600][53.936s][info][gc,stats    ]   CMR: Thread Roots                2018 us, workers (us): 804, 425, 789, ---, ---, ---, 
[2026-04-03T03:32:05.099+0600][53.936s][info][gc,stats    ]   CMR: VM Strong Roots               45 us, workers (us):  23,  20,   2, ---, ---, ---, 
[2026-04-03T03:32:05.099+0600][53.936s][info][gc,stats    ]   CMR: CLDG Roots                   384 us, workers (us): ---, 384, ---, ---, ---, ---, 
[2026-04-03T03:32:05.099+0600][53.936s][info][gc,stats    ] Concurrent Marking               691157 us
[2026-04-03T03:32:05.099+0600][53.936s][info][gc,stats    ] Pause Final Mark (G)               2379 us
[2026-04-03T03:32:05.099+0600][53.936s][info][gc,stats    ] Pause Final Mark (N)               1900 us
[2026-04-03T03:32:05.099+0600][53.936s][info][gc,stats    ]   Finish Mark                       502 us
[2026-04-03T03:32:05.099+0600][53.936s][info][gc,stats    ]   Update Region States               94 us
[2026-04-03T03:32:05.099+0600][53.936s][info][gc,stats    ]   Choose Collection Set             734 us
[2026-04-03T03:32:05.099+0600][53.936s][info][gc,stats    ]   Rebuild Free Set                  217 us
[2026-04-03T03:32:05.099+0600][53.936s][info][gc,stats    ] Concurrent Thread Roots            1107 us, parallelism: 2.16x
[2026-04-03T03:32:05.099+0600][53.936s][info][gc,stats    ]   CTR: <total>                     2392 us
[2026-04-03T03:32:05.099+0600][53.936s][info][gc,stats    ]   CTR: Thread Roots                2392 us, workers (us): 818, 779, 795, ---, ---, ---, 
[2026-04-03T03:32:05.099+0600][53.936s][info][gc,stats    ] Concurrent Weak References         1043 us, parallelism: 0.71x
[2026-04-03T03:32:05.100+0600][53.936s][info][gc,stats    ]   CWRF: <total>                     737 us
[2026-04-03T03:32:05.100+0600][53.936s][info][gc,stats    ]   CWRF: Weak References             737 us, workers (us):   4, 139, 594, ---, ---, ---, 
[2026-04-03T03:32:05.100+0600][53.936s][info][gc,stats    ] Concurrent Weak Roots              3307 us
[2026-04-03T03:32:05.100+0600][53.936s][info][gc,stats    ]   Roots                            2862 us, parallelism: 2.58x
[2026-04-03T03:32:05.100+0600][53.936s][info][gc,stats    ]     CWR: <total>                   7379 us
[2026-04-03T03:32:05.100+0600][53.936s][info][gc,stats    ]     CWR: Code Cache Roots          4961 us, workers (us): 1543, 1742, 1676, ---, ---, ---, 
[2026-04-03T03:32:05.100+0600][53.936s][info][gc,stats    ]     CWR: VM Weak Roots             2307 us, workers (us): 771, 766, 770, ---, ---, ---, 
[2026-04-03T03:32:05.100+0600][53.936s][info][gc,stats    ]     CWR: CLDG Roots                 111 us, workers (us): 111, ---, ---, ---, ---, ---, 
[2026-04-03T03:32:05.100+0600][53.936s][info][gc,stats    ]   Rendezvous                        332 us
[2026-04-03T03:32:05.100+0600][53.936s][info][gc,stats    ] Concurrent Cleanup                  739 us
[2026-04-03T03:32:05.100+0600][53.936s][info][gc,stats    ] Concurrent Class Unloading         9431 us
[2026-04-03T03:32:05.100+0600][53.936s][info][gc,stats    ]   Unlink Stale                     8795 us
[2026-04-03T03:32:05.100+0600][53.936s][info][gc,stats    ]     System Dictionary               175 us
[2026-04-03T03:32:05.100+0600][53.936s][info][gc,stats    ]     Weak Class Links                  1 us
[2026-04-03T03:32:05.100+0600][53.936s][info][gc,stats    ]     Code Roots                     8615 us
[2026-04-03T03:32:05.100+0600][53.936s][info][gc,stats    ]   Rendezvous                        427 us
[2026-04-03T03:32:05.100+0600][53.936s][info][gc,stats    ]   Purge Unlinked                     18 us
[2026-04-03T03:32:05.100+0600][53.936s][info][gc,stats    ]     Code Roots                        7 us
[2026-04-03T03:32:05.100+0600][53.936s][info][gc,stats    ]     CLDG                             11 us
[2026-04-03T03:32:05.100+0600][53.936s][info][gc,stats    ]     Exception Caches                  1 us
[2026-04-03T03:32:05.100+0600][53.936s][info][gc,stats    ] Concurrent Strong Roots           23008 us, parallelism: 0.02x
[2026-04-03T03:32:05.100+0600][53.936s][info][gc,stats    ]   CSR: <total>                      455 us
[2026-04-03T03:32:05.100+0600][53.936s][info][gc,stats    ]   CSR: VM Strong Roots               59 us, workers (us):  27,  20,  12, ---, ---, ---, 
[2026-04-03T03:32:05.100+0600][53.936s][info][gc,stats    ]   CSR: CLDG Roots                   396 us, workers (us): ---, ---, 396, ---, ---, ---, 
[2026-04-03T03:32:05.100+0600][53.936s][info][gc,stats    ] Concurrent Evacuation             53710 us
[2026-04-03T03:32:05.100+0600][53.937s][info][gc,stats    ] Pause Init Update Refs (G)          483 us
[2026-04-03T03:32:05.100+0600][53.937s][info][gc,stats    ] Pause Init Update Refs (N)          134 us
[2026-04-03T03:32:05.100+0600][53.937s][info][gc,stats    ]   Manage GCLABs                      39 us
[2026-04-03T03:32:05.100+0600][53.937s][info][gc,stats    ] Concurrent Update Refs           273147 us
[2026-04-03T03:32:05.100+0600][53.937s][info][gc,stats    ] Concurrent Update Thread Roots     1590 us
[2026-04-03T03:32:05.100+0600][53.937s][info][gc,stats    ] Pause Final Update Refs (G)         514 us
[2026-04-03T03:32:05.100+0600][53.937s][info][gc,stats    ] Pause Final Update Refs (N)         304 us
[2026-04-03T03:32:05.100+0600][53.937s][info][gc,stats    ]   Update Region States               64 us
[2026-04-03T03:32:05.100+0600][53.937s][info][gc,stats    ]   Trash Collection Set               25 us
[2026-04-03T03:32:05.100+0600][53.937s][info][gc,stats    ]   Rebuild Free Set                   37 us
[2026-04-03T03:32:05.100+0600][53.937s][info][gc,stats    ] Concurrent Cleanup                  542 us
[2026-04-03T03:32:05.100+0600][53.937s][info][gc,stats    ] 
[2026-04-03T03:32:05.100+0600][53.937s][info][gc,stats    ] Allocation pacing accrued:
[2026-04-03T03:32:05.100+0600][53.937s][info][gc,stats    ]       0 of  1171 ms (  0.0%): <total>
[2026-04-03T03:32:05.100+0600][53.937s][info][gc,stats    ]       0 of  1171 ms (  0.0%): <average total>
[2026-04-03T03:32:05.100+0600][53.937s][info][gc,stats    ] 
[2026-04-03T03:32:05.100+0600][53.937s][info][gc,metaspace] Metaspace: 72958K(73856K)->72958K(73856K) NonClass: 63688K(64192K)->63688K(64192K) Class: 9269K(9664K)->9269K(9664K)
[2026-04-03T03:32:05.100+0600][53.937s][info][gc,ergo     ] Pacer for Idle. Initial: 30720K, Alloc Tax Rate: 1.0x
[2026-04-03T03:32:05.803+0600][54.640s][info][gc          ] Trigger: Average GC time (1256.06 ms) is above the time for average allocation rate (492 MB/s) to deplete free headroom (616M) (margin of error = 1.82)
[2026-04-03T03:32:05.803+0600][54.640s][info][gc,ergo     ] Free headroom: 691M (free) - 76800K (spike) - 0B (penalties) = 616M
[2026-04-03T03:32:05.803+0600][54.640s][info][gc,ergo     ] Free: 691M, Max: 512K regular, 259M humongous, Frag: 63% external, 0% internal; Reserve: 76800K, Max: 512K
[2026-04-03T03:32:05.803+0600][54.640s][info][gc,start    ] GC(46) Concurrent reset
[2026-04-03T03:32:05.803+0600][54.640s][info][gc,task     ] GC(46) Using 3 of 6 workers for concurrent reset
[2026-04-03T03:32:05.803+0600][54.640s][info][gc,ergo     ] GC(46) Pacer for Reset. Non-Taxable: 1500M
[2026-04-03T03:32:05.806+0600][54.642s][info][gc          ] GC(46) Concurrent reset 2.530ms
[2026-04-03T03:32:05.806+0600][54.643s][info][gc,start    ] GC(46) Pause Init Mark (unload classes)
[2026-04-03T03:32:05.806+0600][54.643s][info][gc,task     ] GC(46) Using 6 of 6 workers for init marking
[2026-04-03T03:32:05.806+0600][54.643s][info][gc,ergo     ] GC(46) Pacer for Mark. Expected Live: 277M, Free: 688M, Non-Taxable: 70502K, Alloc Tax Rate: 0.5x
[2026-04-03T03:32:05.806+0600][54.643s][info][gc          ] GC(46) Pause Init Mark (unload classes) 0.168ms
[2026-04-03T03:32:05.806+0600][54.643s][info][gc,start    ] GC(46) Concurrent marking roots
[2026-04-03T03:32:05.806+0600][54.643s][info][gc,task     ] GC(46) Using 3 of 6 workers for concurrent marking roots
[2026-04-03T03:32:05.807+0600][54.644s][info][gc          ] GC(46) Concurrent marking roots 1.096ms
[2026-04-03T03:32:05.808+0600][54.644s][info][gc,start    ] GC(46) Concurrent marking (unload classes)
[2026-04-03T03:32:05.808+0600][54.644s][info][gc,task     ] GC(46) Using 3 of 6 workers for concurrent marking
[2026-04-03T03:32:06.087+0600][54.924s][info][gc          ] GC(46) Concurrent marking (unload classes) 279.550ms
[2026-04-03T03:32:06.087+0600][54.924s][info][gc,start    ] GC(46) Pause Final Mark (unload classes)
[2026-04-03T03:32:06.087+0600][54.924s][info][gc,task     ] GC(46) Using 6 of 6 workers for final marking
[2026-04-03T03:32:06.088+0600][54.925s][info][gc,ergo     ] GC(46) Adaptive CSet Selection. Target Free: 212M, Actual Free: 947M, Max CSet: 64000K, Min Garbage: 0B
[2026-04-03T03:32:06.088+0600][54.925s][info][gc,ergo     ] GC(46) Collectable Garbage: 493M (98%), Immediate: 299M (60%), CSet: 194M (38%)
[2026-04-03T03:32:06.088+0600][54.925s][info][gc,ergo     ] GC(46) Pacer for Evacuation. Used CSet: 247M, Free: 889M, Non-Taxable: 91033K, Alloc Tax Rate: 1.1x
[2026-04-03T03:32:06.088+0600][54.925s][info][gc          ] GC(46) Pause Final Mark (unload classes) 0.942ms
[2026-04-03T03:32:06.088+0600][54.925s][info][gc,start    ] GC(46) Concurrent thread roots
[2026-04-03T03:32:06.088+0600][54.925s][info][gc,task     ] GC(46) Using 3 of 6 workers for Concurrent thread roots
[2026-04-03T03:32:06.089+0600][54.926s][info][gc          ] GC(46) Concurrent thread roots 1.043ms
[2026-04-03T03:32:06.089+0600][54.926s][info][gc,start    ] GC(46) Concurrent weak references
[2026-04-03T03:32:06.090+0600][54.926s][info][gc,task     ] GC(46) Using 3 of 6 workers for concurrent weak references
[2026-04-03T03:32:06.090+0600][54.927s][info][gc,ref      ] GC(46) Encountered references: Soft: 3283, Weak: 6599, Final: 84, Phantom: 598
[2026-04-03T03:32:06.090+0600][54.927s][info][gc,ref      ] GC(46) Discovered  references: Soft: 0, Weak: 566, Final: 0, Phantom: 595
[2026-04-03T03:32:06.090+0600][54.927s][info][gc,ref      ] GC(46) Enqueued    references: Soft: 0, Weak: 113, Final: 0, Phantom: 0
[2026-04-03T03:32:06.090+0600][54.927s][info][gc          ] GC(46) Concurrent weak references 0.494ms
[2026-04-03T03:32:06.090+0600][54.927s][info][gc,start    ] GC(46) Concurrent weak roots
[2026-04-03T03:32:06.090+0600][54.927s][info][gc,task     ] GC(46) Using 3 of 6 workers for concurrent weak root
[2026-04-03T03:32:06.094+0600][54.930s][info][gc          ] GC(46) Concurrent weak roots 3.529ms
[2026-04-03T03:32:06.094+0600][54.930s][info][gc,start    ] GC(46) Concurrent cleanup
[2026-04-03T03:32:06.094+0600][54.931s][info][gc          ] GC(46) Concurrent cleanup 831M->533M(1130M) 0.479ms
[2026-04-03T03:32:06.094+0600][54.931s][info][gc,ergo     ] GC(46) Free: 885M, Max: 512K regular, 374M humongous, Frag: 58% external, 0% internal; Reserve: 75513K, Max: 512K
[2026-04-03T03:32:06.094+0600][54.931s][info][gc,start    ] GC(46) Concurrent class unloading
[2026-04-03T03:32:06.094+0600][54.931s][info][gc,task     ] GC(46) Using 3 of 6 workers for concurrent class unloading
[2026-04-03T03:32:06.124+0600][54.961s][info][gc          ] GC(46) Concurrent class unloading 29.936ms
[2026-04-03T03:32:06.124+0600][54.961s][info][gc,start    ] GC(46) Concurrent strong roots
[2026-04-03T03:32:06.124+0600][54.961s][info][gc,task     ] GC(46) Using 3 of 6 workers for concurrent strong root
[2026-04-03T03:32:06.126+0600][54.962s][info][gc          ] GC(46) Concurrent strong roots 1.303ms
[2026-04-03T03:32:06.126+0600][54.962s][info][gc,start    ] GC(46) Concurrent evacuation
[2026-04-03T03:32:06.126+0600][54.962s][info][gc,task     ] GC(46) Using 3 of 6 workers for concurrent evacuation
[2026-04-03T03:32:06.176+0600][55.013s][info][gc          ] GC(46) Concurrent evacuation 50.788ms
[2026-04-03T03:32:06.177+0600][55.014s][info][gc,start    ] GC(46) Pause Init Update Refs
[2026-04-03T03:32:06.177+0600][55.014s][info][gc,ergo     ] GC(46) Pacer for Update Refs. Used: 617M, Free: 856M, Non-Taxable: 87654K, Alloc Tax Rate: 1.1x
[2026-04-03T03:32:06.177+0600][55.014s][info][gc          ] GC(46) Pause Init Update Refs 0.222ms
[2026-04-03T03:32:06.178+0600][55.014s][info][gc,start    ] GC(46) Concurrent update references
[2026-04-03T03:32:06.178+0600][55.014s][info][gc,task     ] GC(46) Using 3 of 6 workers for concurrent reference update
[2026-04-03T03:32:06.385+0600][55.222s][info][gc          ] GC(46) Concurrent update references 207.733ms
[2026-04-03T03:32:06.386+0600][55.222s][info][gc,start    ] GC(46) Concurrent update thread roots
[2026-04-03T03:32:06.387+0600][55.223s][info][gc          ] GC(46) Concurrent update thread roots 1.222ms
[2026-04-03T03:32:06.387+0600][55.224s][info][gc,start    ] GC(46) Pause Final Update Refs
[2026-04-03T03:32:06.387+0600][55.224s][info][gc,task     ] GC(46) Using 6 of 6 workers for final reference update
[2026-04-03T03:32:06.387+0600][55.224s][info][gc          ] GC(46) Pause Final Update Refs 0.340ms
[2026-04-03T03:32:06.388+0600][55.224s][info][gc,start    ] GC(46) Concurrent cleanup
[2026-04-03T03:32:06.388+0600][55.225s][info][gc          ] GC(46) Concurrent cleanup 768M->521M(1130M) 0.325ms
[2026-04-03T03:32:06.388+0600][55.225s][info][gc,ergo     ] Free: 893M, Max: 512K regular, 333M humongous, Frag: 63% external, 0% internal; Reserve: 76800K, Max: 512K
[2026-04-03T03:32:06.388+0600][55.225s][info][gc,stats    ] 
[2026-04-03T03:32:06.388+0600][55.225s][info][gc,stats    ] All times are wall-clock times, except per-root-class counters, that are sum over
[2026-04-03T03:32:06.388+0600][55.225s][info][gc,stats    ] all workers. Dividing the <total> over the root stage time estimates parallelism.
[2026-04-03T03:32:06.388+0600][55.225s][info][gc,stats    ] 
[2026-04-03T03:32:06.388+0600][55.225s][info][gc,stats    ] Concurrent Reset                   2641 us
[2026-04-03T03:32:06.388+0600][55.225s][info][gc,stats    ] Pause Init Mark (G)                 606 us
[2026-04-03T03:32:06.388+0600][55.225s][info][gc,stats    ] Pause Init Mark (N)                 181 us
[2026-04-03T03:32:06.388+0600][55.225s][info][gc,stats    ]   Update Region States               35 us
[2026-04-03T03:32:06.388+0600][55.225s][info][gc,stats    ] Concurrent Mark Roots              1148 us, parallelism: 1.76x
[2026-04-03T03:32:06.388+0600][55.225s][info][gc,stats    ]   CMR: <total>                     2026 us
[2026-04-03T03:32:06.388+0600][55.225s][info][gc,stats    ]   CMR: Thread Roots                1751 us, workers (us): 683, 468, 600, ---, ---, ---, 
[2026-04-03T03:32:06.388+0600][55.225s][info][gc,stats    ]   CMR: VM Strong Roots               46 us, workers (us):  24,  20,   1, ---, ---, ---, 
[2026-04-03T03:32:06.388+0600][55.225s][info][gc,stats    ]   CMR: CLDG Roots                   230 us, workers (us): ---, 230, ---, ---, ---, ---, 
[2026-04-03T03:32:06.388+0600][55.225s][info][gc,stats    ] Concurrent Marking               279666 us
[2026-04-03T03:32:06.388+0600][55.225s][info][gc,stats    ] Pause Final Mark (G)               1217 us
[2026-04-03T03:32:06.388+0600][55.225s][info][gc,stats    ] Pause Final Mark (N)                960 us
[2026-04-03T03:32:06.388+0600][55.225s][info][gc,stats    ]   Finish Mark                       260 us
[2026-04-03T03:32:06.388+0600][55.225s][info][gc,stats    ]   Update Region States              124 us
[2026-04-03T03:32:06.388+0600][55.225s][info][gc,stats    ]   Choose Collection Set             377 us
[2026-04-03T03:32:06.388+0600][55.225s][info][gc,stats    ]   Rebuild Free Set                   46 us
[2026-04-03T03:32:06.388+0600][55.225s][info][gc,stats    ] Concurrent Thread Roots            1097 us, parallelism: 2.12x
[2026-04-03T03:32:06.388+0600][55.225s][info][gc,stats    ]   CTR: <total>                     2321 us
[2026-04-03T03:32:06.388+0600][55.225s][info][gc,stats    ]   CTR: Thread Roots                2321 us, workers (us): 836, 744, 741, ---, ---, ---, 
[2026-04-03T03:32:06.388+0600][55.225s][info][gc,stats    ] Concurrent Weak References          547 us, parallelism: 0.57x
[2026-04-03T03:32:06.388+0600][55.225s][info][gc,stats    ]   CWRF: <total>                     313 us
[2026-04-03T03:32:06.388+0600][55.225s][info][gc,stats    ]   CWRF: Weak References             313 us, workers (us): 181, 129,   3, ---, ---, ---, 
[2026-04-03T03:32:06.388+0600][55.225s][info][gc,stats    ] Concurrent Weak Roots              3628 us
[2026-04-03T03:32:06.388+0600][55.225s][info][gc,stats    ]   Roots                            2982 us, parallelism: 2.54x
[2026-04-03T03:32:06.388+0600][55.225s][info][gc,stats    ]     CWR: <total>                   7568 us
[2026-04-03T03:32:06.388+0600][55.225s][info][gc,stats    ]     CWR: Code Cache Roots          4482 us, workers (us): 1513, 1407, 1562, ---, ---, ---, 
[2026-04-03T03:32:06.388+0600][55.225s][info][gc,stats    ]     CWR: VM Weak Roots             2971 us, workers (us): 1054, 966, 951, ---, ---, ---, 
[2026-04-03T03:32:06.388+0600][55.225s][info][gc,stats    ]     CWR: CLDG Roots                 114 us, workers (us): ---, 114, ---, ---, ---, ---, 
[2026-04-03T03:32:06.388+0600][55.225s][info][gc,stats    ]   Rendezvous                        509 us
[2026-04-03T03:32:06.388+0600][55.225s][info][gc,stats    ] Concurrent Cleanup                  508 us
[2026-04-03T03:32:06.388+0600][55.225s][info][gc,stats    ] Concurrent Class Unloading        30050 us
[2026-04-03T03:32:06.388+0600][55.225s][info][gc,stats    ]   Unlink Stale                    28999 us
[2026-04-03T03:32:06.388+0600][55.225s][info][gc,stats    ]     System Dictionary               468 us
[2026-04-03T03:32:06.388+0600][55.225s][info][gc,stats    ]     Weak Class Links              18778 us
[2026-04-03T03:32:06.388+0600][55.225s][info][gc,stats    ]     Code Roots                     9745 us
[2026-04-03T03:32:06.388+0600][55.225s][info][gc,stats    ]   Rendezvous                        381 us
[2026-04-03T03:32:06.388+0600][55.225s][info][gc,stats    ]   Purge Unlinked                    512 us
[2026-04-03T03:32:06.388+0600][55.225s][info][gc,stats    ]     Code Roots                      469 us
[2026-04-03T03:32:06.389+0600][55.225s][info][gc,stats    ]     CLDG                             41 us
[2026-04-03T03:32:06.389+0600][55.225s][info][gc,stats    ]     Exception Caches                  0 us
[2026-04-03T03:32:06.389+0600][55.225s][info][gc,stats    ] Concurrent Strong Roots            1367 us, parallelism: 0.71x
[2026-04-03T03:32:06.389+0600][55.225s][info][gc,stats    ]   CSR: <total>                      973 us
[2026-04-03T03:32:06.389+0600][55.225s][info][gc,stats    ]   CSR: VM Strong Roots               78 us, workers (us):  34,  27,  18, ---, ---, ---, 
[2026-04-03T03:32:06.389+0600][55.225s][info][gc,stats    ]   CSR: CLDG Roots                   894 us, workers (us): ---, ---, 894, ---, ---, ---, 
[2026-04-03T03:32:06.389+0600][55.225s][info][gc,stats    ] Concurrent Evacuation             50912 us
[2026-04-03T03:32:06.389+0600][55.225s][info][gc,stats    ] Pause Init Update Refs (G)         1063 us
[2026-04-03T03:32:06.389+0600][55.225s][info][gc,stats    ] Pause Init Update Refs (N)          235 us
[2026-04-03T03:32:06.389+0600][55.225s][info][gc,stats    ]   Manage GCLABs                      27 us
[2026-04-03T03:32:06.389+0600][55.225s][info][gc,stats    ] Concurrent Update Refs           207848 us
[2026-04-03T03:32:06.389+0600][55.225s][info][gc,stats    ] Concurrent Update Thread Roots     1334 us
[2026-04-03T03:32:06.389+0600][55.225s][info][gc,stats    ] Pause Final Update Refs (G)         691 us
[2026-04-03T03:32:06.389+0600][55.225s][info][gc,stats    ] Pause Final Update Refs (N)         357 us
[2026-04-03T03:32:06.389+0600][55.225s][info][gc,stats    ]   Update Region States               54 us
[2026-04-03T03:32:06.389+0600][55.225s][info][gc,stats    ]   Trash Collection Set               16 us
[2026-04-03T03:32:06.389+0600][55.225s][info][gc,stats    ]   Rebuild Free Set                   42 us
[2026-04-03T03:32:06.389+0600][55.225s][info][gc,stats    ] Concurrent Cleanup                  352 us
[2026-04-03T03:32:06.389+0600][55.225s][info][gc,stats    ] Pacing                           209875 us
[2026-04-03T03:32:06.389+0600][55.225s][info][gc,stats    ] 
[2026-04-03T03:32:06.389+0600][55.225s][info][gc,stats    ] Allocation pacing accrued:
[2026-04-03T03:32:06.389+0600][55.225s][info][gc,stats    ]      74 of  1289 ms (  5.8%): Executor task launch worker for task 0.0 in stage 28.0 (TID 42)
[2026-04-03T03:32:06.389+0600][55.225s][info][gc,stats    ]      72 of  1289 ms (  5.6%): Executor task launch worker for task 2.0 in stage 28.0 (TID 44)
[2026-04-03T03:32:06.389+0600][55.225s][info][gc,stats    ]      64 of  1289 ms (  4.9%): Executor task launch worker for task 1.0 in stage 28.0 (TID 43)
[2026-04-03T03:32:06.389+0600][55.225s][info][gc,stats    ]     210 of  1289 ms ( 16.3%): <total>
[2026-04-03T03:32:06.389+0600][55.225s][info][gc,stats    ]       1 of  1289 ms (  0.1%): <average total>
[2026-04-03T03:32:06.389+0600][55.225s][info][gc,stats    ]      70 of  1289 ms (  5.4%): <average non-zero>
[2026-04-03T03:32:06.389+0600][55.225s][info][gc,stats    ] 
[2026-04-03T03:32:06.389+0600][55.226s][info][gc,metaspace] Metaspace: 73013K(73856K)->73014K(73856K) NonClass: 63739K(64192K)->63741K(64192K) Class: 9274K(9664K)->9273K(9664K)
[2026-04-03T03:32:06.389+0600][55.226s][info][gc,ergo     ] Pacer for Idle. Initial: 30720K, Alloc Tax Rate: 1.0x
[2026-04-03T03:32:06.491+0600][55.327s][info][gc          ] Trigger: Average GC time (1101.95 ms) is above the time for average allocation rate (876 MB/s) to deplete free headroom (691M) (margin of error = 1.82)
[2026-04-03T03:32:06.491+0600][55.327s][info][gc,ergo     ] Free headroom: 766M (free) - 76800K (spike) - 0B (penalties) = 691M
[2026-04-03T03:32:06.491+0600][55.327s][info][gc,ergo     ] Free: 766M, Max: 512K regular, 333M humongous, Frag: 57% external, 0% internal; Reserve: 76800K, Max: 512K
[2026-04-03T03:32:06.491+0600][55.327s][info][gc,start    ] GC(47) Concurrent reset
[2026-04-03T03:32:06.491+0600][55.327s][info][gc,task     ] GC(47) Using 3 of 6 workers for concurrent reset
[2026-04-03T03:32:06.491+0600][55.327s][info][gc,ergo     ] GC(47) Pacer for Reset. Non-Taxable: 1500M
[2026-04-03T03:32:06.492+0600][55.329s][info][gc          ] GC(47) Concurrent reset 1.546ms
[2026-04-03T03:32:06.492+0600][55.329s][info][gc,start    ] GC(47) Pause Init Mark (unload classes)
[2026-04-03T03:32:06.493+0600][55.329s][info][gc,task     ] GC(47) Using 6 of 6 workers for init marking
[2026-04-03T03:32:06.493+0600][55.329s][info][gc,ergo     ] GC(47) Pacer for Mark. Expected Live: 278M, Free: 765M, Non-Taxable: 78360K, Alloc Tax Rate: 0.4x
[2026-04-03T03:32:06.493+0600][55.329s][info][gc          ] GC(47) Pause Init Mark (unload classes) 0.293ms
[2026-04-03T03:32:06.493+0600][55.330s][info][gc,start    ] GC(47) Concurrent marking roots
[2026-04-03T03:32:06.493+0600][55.330s][info][gc,task     ] GC(47) Using 3 of 6 workers for concurrent marking roots
[2026-04-03T03:32:06.494+0600][55.331s][info][gc          ] GC(47) Concurrent marking roots 1.173ms
[2026-04-03T03:32:06.494+0600][55.331s][info][gc,start    ] GC(47) Concurrent marking (unload classes)
[2026-04-03T03:32:06.494+0600][55.331s][info][gc,task     ] GC(47) Using 3 of 6 workers for concurrent marking
[2026-04-03T03:32:06.843+0600][55.680s][info][gc          ] GC(47) Concurrent marking (unload classes) 348.789ms
[2026-04-03T03:32:06.843+0600][55.680s][info][gc,start    ] GC(47) Pause Final Mark (unload classes)
[2026-04-03T03:32:06.843+0600][55.680s][info][gc,task     ] GC(47) Using 6 of 6 workers for final marking
[2026-04-03T03:32:06.844+0600][55.680s][info][gc,ergo     ] GC(47) Adaptive CSet Selection. Target Free: 212M, Actual Free: 717M, Max CSet: 64000K, Min Garbage: 0B
[2026-04-03T03:32:06.844+0600][55.681s][info][gc,ergo     ] GC(47) Collectable Garbage: 379M (97%), Immediate: 23040K (5%), CSet: 356M (91%)
[2026-04-03T03:32:06.844+0600][55.681s][info][gc,ergo     ] GC(47) Pacer for Evacuation. Used CSet: 419M, Free: 648M, Non-Taxable: 66355K, Alloc Tax Rate: 1.6x
[2026-04-03T03:32:06.844+0600][55.681s][info][gc          ] GC(47) Pause Final Mark (unload classes) 0.839ms
[2026-04-03T03:32:06.844+0600][55.681s][info][gc,start    ] GC(47) Concurrent thread roots
[2026-04-03T03:32:06.844+0600][55.681s][info][gc,task     ] GC(47) Using 3 of 6 workers for Concurrent thread roots
[2026-04-03T03:32:06.845+0600][55.682s][info][gc          ] GC(47) Concurrent thread roots 0.841ms
[2026-04-03T03:32:06.845+0600][55.682s][info][gc,start    ] GC(47) Concurrent weak references
[2026-04-03T03:32:06.845+0600][55.682s][info][gc,task     ] GC(47) Using 3 of 6 workers for concurrent weak references
[2026-04-03T03:32:06.845+0600][55.682s][info][gc,ref      ] GC(47) Encountered references: Soft: 3283, Weak: 6494, Final: 84, Phantom: 598
[2026-04-03T03:32:06.845+0600][55.682s][info][gc,ref      ] GC(47) Discovered  references: Soft: 0, Weak: 611, Final: 0, Phantom: 595
[2026-04-03T03:32:06.845+0600][55.682s][info][gc,ref      ] GC(47) Enqueued    references: Soft: 0, Weak: 78, Final: 0, Phantom: 0
[2026-04-03T03:32:06.845+0600][55.682s][info][gc          ] GC(47) Concurrent weak references 0.307ms
[2026-04-03T03:32:06.845+0600][55.682s][info][gc,start    ] GC(47) Concurrent weak roots
[2026-04-03T03:32:06.845+0600][55.682s][info][gc,task     ] GC(47) Using 3 of 6 workers for concurrent weak root
[2026-04-03T03:32:06.848+0600][55.685s][info][gc          ] GC(47) Concurrent weak roots 2.625ms
[2026-04-03T03:32:06.848+0600][55.685s][info][gc,start    ] GC(47) Concurrent cleanup
[2026-04-03T03:32:06.848+0600][55.685s][info][gc          ] GC(47) Concurrent cleanup 801M->778M(1130M) 0.175ms
[2026-04-03T03:32:06.848+0600][55.685s][info][gc,ergo     ] GC(47) Free: 640M, Max: 512K regular, 314M humongous, Frag: 51% external, 0% internal; Reserve: 75776K, Max: 512K
[2026-04-03T03:32:06.848+0600][55.685s][info][gc,start    ] GC(47) Concurrent class unloading
[2026-04-03T03:32:06.848+0600][55.685s][info][gc,task     ] GC(47) Using 3 of 6 workers for concurrent class unloading
[2026-04-03T03:32:06.855+0600][55.692s][info][gc          ] GC(47) Concurrent class unloading 6.766ms
[2026-04-03T03:32:06.855+0600][55.692s][info][gc,start    ] GC(47) Concurrent strong roots
[2026-04-03T03:32:06.855+0600][55.692s][info][gc,task     ] GC(47) Using 3 of 6 workers for concurrent strong root
[2026-04-03T03:32:06.856+0600][55.693s][info][gc          ] GC(47) Concurrent strong roots 1.268ms
[2026-04-03T03:32:06.857+0600][55.693s][info][gc,start    ] GC(47) Concurrent evacuation
[2026-04-03T03:32:06.857+0600][55.693s][info][gc,task     ] GC(47) Using 3 of 6 workers for concurrent evacuation
[2026-04-03T03:32:06.913+0600][55.750s][info][gc          ] GC(47) Concurrent evacuation 56.369ms
[2026-04-03T03:32:06.913+0600][55.750s][info][gc,start    ] GC(47) Pause Init Update Refs
[2026-04-03T03:32:06.913+0600][55.750s][info][gc,ergo     ] GC(47) Pacer for Update Refs. Used: 870M, Free: 611M, Non-Taxable: 62617K, Alloc Tax Rate: 1.7x
[2026-04-03T03:32:06.913+0600][55.750s][info][gc          ] GC(47) Pause Init Update Refs 0.155ms
[2026-04-03T03:32:06.914+0600][55.750s][info][gc,start    ] GC(47) Concurrent update references
[2026-04-03T03:32:06.914+0600][55.750s][info][gc,task     ] GC(47) Using 3 of 6 workers for concurrent reference update
[2026-04-03T03:32:07.126+0600][55.963s][info][gc          ] GC(47) Concurrent update references 212.868ms
[2026-04-03T03:32:07.127+0600][55.963s][info][gc,start    ] GC(47) Concurrent update thread roots
[2026-04-03T03:32:07.128+0600][55.965s][info][gc          ] GC(47) Concurrent update thread roots 1.442ms
[2026-04-03T03:32:07.128+0600][55.965s][info][gc,start    ] GC(47) Pause Final Update Refs
[2026-04-03T03:32:07.128+0600][55.965s][info][gc,task     ] GC(47) Using 6 of 6 workers for final reference update
[2026-04-03T03:32:07.128+0600][55.965s][info][gc          ] GC(47) Pause Final Update Refs 0.212ms
[2026-04-03T03:32:07.129+0600][55.965s][info][gc,start    ] GC(47) Concurrent cleanup
[2026-04-03T03:32:07.129+0600][55.966s][info][gc          ] GC(47) Concurrent cleanup 1042M->623M(1130M) 0.370ms
[2026-04-03T03:32:07.129+0600][55.966s][info][gc,ergo     ] Free: 794M, Max: 512K regular, 277M humongous, Frag: 66% external, 0% internal; Reserve: 76800K, Max: 512K
[2026-04-03T03:32:07.129+0600][55.966s][info][gc,stats    ] 
[2026-04-03T03:32:07.129+0600][55.966s][info][gc,stats    ] All times are wall-clock times, except per-root-class counters, that are sum over
[2026-04-03T03:32:07.129+0600][55.966s][info][gc,stats    ] all workers. Dividing the <total> over the root stage time estimates parallelism.
[2026-04-03T03:32:07.129+0600][55.966s][info][gc,stats    ] 
[2026-04-03T03:32:07.129+0600][55.966s][info][gc,stats    ] Concurrent Reset                   1619 us
[2026-04-03T03:32:07.129+0600][55.966s][info][gc,stats    ] Pause Init Mark (G)                 596 us
[2026-04-03T03:32:07.129+0600][55.966s][info][gc,stats    ] Pause Init Mark (N)                 308 us
[2026-04-03T03:32:07.129+0600][55.966s][info][gc,stats    ]   Update Region States               70 us
[2026-04-03T03:32:07.129+0600][55.966s][info][gc,stats    ] Concurrent Mark Roots              1224 us, parallelism: 1.70x
[2026-04-03T03:32:07.129+0600][55.966s][info][gc,stats    ]   CMR: <total>                     2082 us
[2026-04-03T03:32:07.129+0600][55.966s][info][gc,stats    ]   CMR: Thread Roots                1838 us, workers (us): 470, 685, 683, ---, ---, ---, 
[2026-04-03T03:32:07.129+0600][55.966s][info][gc,stats    ]   CMR: VM Strong Roots               43 us, workers (us):  22,  20,   1, ---, ---, ---, 
[2026-04-03T03:32:07.129+0600][55.966s][info][gc,stats    ]   CMR: CLDG Roots                   202 us, workers (us): 202, ---, ---, ---, ---, ---, 
[2026-04-03T03:32:07.129+0600][55.966s][info][gc,stats    ] Concurrent Marking               348864 us
[2026-04-03T03:32:07.129+0600][55.966s][info][gc,stats    ] Pause Final Mark (G)               1147 us
[2026-04-03T03:32:07.129+0600][55.966s][info][gc,stats    ] Pause Final Mark (N)                851 us
[2026-04-03T03:32:07.129+0600][55.966s][info][gc,stats    ]   Finish Mark                       288 us
[2026-04-03T03:32:07.129+0600][55.966s][info][gc,stats    ]   Update Region States               45 us
[2026-04-03T03:32:07.129+0600][55.966s][info][gc,stats    ]   Choose Collection Set             365 us
[2026-04-03T03:32:07.129+0600][55.966s][info][gc,stats    ]   Rebuild Free Set                   39 us
[2026-04-03T03:32:07.129+0600][55.966s][info][gc,stats    ] Concurrent Thread Roots             872 us, parallelism: 2.03x
[2026-04-03T03:32:07.129+0600][55.966s][info][gc,stats    ]   CTR: <total>                     1770 us
[2026-04-03T03:32:07.129+0600][55.966s][info][gc,stats    ]   CTR: Thread Roots                1770 us, workers (us): 676, 539, 555, ---, ---, ---, 
[2026-04-03T03:32:07.129+0600][55.966s][info][gc,stats    ] Concurrent Weak References          319 us, parallelism: 0.53x
[2026-04-03T03:32:07.129+0600][55.966s][info][gc,stats    ]   CWRF: <total>                     167 us
[2026-04-03T03:32:07.129+0600][55.966s][info][gc,stats    ]   CWRF: Weak References             167 us, workers (us): 147,  19,   1, ---, ---, ---, 
[2026-04-03T03:32:07.129+0600][55.966s][info][gc,stats    ] Concurrent Weak Roots              2684 us
[2026-04-03T03:32:07.129+0600][55.966s][info][gc,stats    ]   Roots                            2352 us, parallelism: 2.63x
[2026-04-03T03:32:07.129+0600][55.966s][info][gc,stats    ]     CWR: <total>                   6186 us
[2026-04-03T03:32:07.129+0600][55.966s][info][gc,stats    ]     CWR: Code Cache Roots          4092 us, workers (us): 1392, 1322, 1378, ---, ---, ---, 
[2026-04-03T03:32:07.130+0600][55.966s][info][gc,stats    ]     CWR: VM Weak Roots             2045 us, workers (us): 716, 694, 636, ---, ---, ---, 
[2026-04-03T03:32:07.130+0600][55.966s][info][gc,stats    ]     CWR: CLDG Roots                  49 us, workers (us): ---, ---,  49, ---, ---, ---, 
[2026-04-03T03:32:07.130+0600][55.966s][info][gc,stats    ]   Rendezvous                        251 us
[2026-04-03T03:32:07.130+0600][55.966s][info][gc,stats    ] Concurrent Cleanup                  188 us
[2026-04-03T03:32:07.130+0600][55.966s][info][gc,stats    ] Concurrent Class Unloading         6857 us
[2026-04-03T03:32:07.130+0600][55.966s][info][gc,stats    ]   Unlink Stale                     6349 us
[2026-04-03T03:32:07.130+0600][55.966s][info][gc,stats    ]     System Dictionary                74 us
[2026-04-03T03:32:07.130+0600][55.966s][info][gc,stats    ]     Weak Class Links                  0 us
[2026-04-03T03:32:07.130+0600][55.966s][info][gc,stats    ]     Code Roots                     6270 us
[2026-04-03T03:32:07.130+0600][55.966s][info][gc,stats    ]   Rendezvous                        363 us
[2026-04-03T03:32:07.130+0600][55.966s][info][gc,stats    ]   Purge Unlinked                     13 us
[2026-04-03T03:32:07.130+0600][55.966s][info][gc,stats    ]     Code Roots                        4 us
[2026-04-03T03:32:07.130+0600][55.966s][info][gc,stats    ]     CLDG                              8 us
[2026-04-03T03:32:07.130+0600][55.966s][info][gc,stats    ]     Exception Caches                  0 us
[2026-04-03T03:32:07.130+0600][55.966s][info][gc,stats    ] Concurrent Strong Roots            1392 us, parallelism: 0.70x
[2026-04-03T03:32:07.130+0600][55.966s][info][gc,stats    ]   CSR: <total>                      975 us
[2026-04-03T03:32:07.130+0600][55.966s][info][gc,stats    ]   CSR: VM Strong Roots               66 us, workers (us):  36,  30,   0, ---, ---, ---, 
[2026-04-03T03:32:07.130+0600][55.966s][info][gc,stats    ]   CSR: CLDG Roots                   909 us, workers (us): 909, ---, ---, ---, ---, ---, 
[2026-04-03T03:32:07.130+0600][55.966s][info][gc,stats    ] Concurrent Evacuation             56489 us
[2026-04-03T03:32:07.130+0600][55.966s][info][gc,stats    ] Pause Init Update Refs (G)          500 us
[2026-04-03T03:32:07.130+0600][55.966s][info][gc,stats    ] Pause Init Update Refs (N)          197 us
[2026-04-03T03:32:07.130+0600][55.966s][info][gc,stats    ]   Manage GCLABs                      78 us
[2026-04-03T03:32:07.130+0600][55.966s][info][gc,stats    ] Concurrent Update Refs           212982 us
[2026-04-03T03:32:07.130+0600][55.966s][info][gc,stats    ] Concurrent Update Thread Roots     1491 us
[2026-04-03T03:32:07.130+0600][55.966s][info][gc,stats    ] Pause Final Update Refs (G)         542 us
[2026-04-03T03:32:07.130+0600][55.966s][info][gc,stats    ] Pause Final Update Refs (N)         234 us
[2026-04-03T03:32:07.130+0600][55.966s][info][gc,stats    ]   Update Region States               66 us
[2026-04-03T03:32:07.130+0600][55.966s][info][gc,stats    ]   Trash Collection Set               25 us
[2026-04-03T03:32:07.130+0600][55.967s][info][gc,stats    ]   Rebuild Free Set                   39 us
[2026-04-03T03:32:07.130+0600][55.967s][info][gc,stats    ] Concurrent Cleanup                  400 us
[2026-04-03T03:32:07.130+0600][55.967s][info][gc,stats    ] Pacing                           460026 us
[2026-04-03T03:32:07.130+0600][55.967s][info][gc,stats    ] 
[2026-04-03T03:32:07.130+0600][55.967s][info][gc,stats    ] Allocation pacing accrued:
[2026-04-03T03:32:07.130+0600][55.967s][info][gc,stats    ]     136 of   741 ms ( 18.3%): Executor task launch worker for task 0.0 in stage 28.0 (TID 42)
[2026-04-03T03:32:07.130+0600][55.967s][info][gc,stats    ]     162 of   741 ms ( 21.8%): Executor task launch worker for task 2.0 in stage 28.0 (TID 44)
[2026-04-03T03:32:07.130+0600][55.967s][info][gc,stats    ]     163 of   741 ms ( 21.9%): Executor task launch worker for task 1.0 in stage 28.0 (TID 43)
[2026-04-03T03:32:07.130+0600][55.967s][info][gc,stats    ]     460 of   741 ms ( 62.1%): <total>
[2026-04-03T03:32:07.130+0600][55.967s][info][gc,stats    ]       2 of   741 ms (  0.3%): <average total>
[2026-04-03T03:32:07.130+0600][55.967s][info][gc,stats    ]     153 of   741 ms ( 20.7%): <average non-zero>
[2026-04-03T03:32:07.130+0600][55.967s][info][gc,stats    ] 
[2026-04-03T03:32:07.130+0600][55.967s][info][gc,metaspace] Metaspace: 73014K(73856K)->73014K(73856K) NonClass: 63741K(64192K)->63741K(64192K) Class: 9273K(9664K)->9273K(9664K)
[2026-04-03T03:32:07.130+0600][55.967s][info][gc,ergo     ] Pacer for Idle. Initial: 30720K, Alloc Tax Rate: 1.0x
[2026-04-03T03:32:07.154+0600][55.991s][info][gc          ] Trigger: Average GC time (960.63 ms) is above the time for average allocation rate (719 MB/s) to deplete free headroom (690M) (margin of error = 1.82)
[2026-04-03T03:32:07.154+0600][55.991s][info][gc,ergo     ] Free headroom: 765M (free) - 76800K (spike) - 0B (penalties) = 690M
[2026-04-03T03:32:07.154+0600][55.991s][info][gc,ergo     ] Free: 764M, Max: 512K regular, 277M humongous, Frag: 64% external, 0% internal; Reserve: 76800K, Max: 512K
[2026-04-03T03:32:07.154+0600][55.991s][info][gc,start    ] GC(48) Concurrent reset
[2026-04-03T03:32:07.154+0600][55.991s][info][gc,task     ] GC(48) Using 3 of 6 workers for concurrent reset
[2026-04-03T03:32:07.154+0600][55.991s][info][gc,ergo     ] GC(48) Pacer for Reset. Non-Taxable: 1500M
[2026-04-03T03:32:07.157+0600][55.993s][info][gc          ] GC(48) Concurrent reset 2.664ms
[2026-04-03T03:32:07.157+0600][55.994s][info][gc,start    ] GC(48) Pause Init Mark (unload classes)
[2026-04-03T03:32:07.157+0600][55.994s][info][gc,task     ] GC(48) Using 6 of 6 workers for init marking
[2026-04-03T03:32:07.157+0600][55.994s][info][gc,ergo     ] GC(48) Pacer for Mark. Expected Live: 278M, Free: 761M, Non-Taxable: 77926K, Alloc Tax Rate: 0.4x
[2026-04-03T03:32:07.157+0600][55.994s][info][gc          ] GC(48) Pause Init Mark (unload classes) 0.177ms
[2026-04-03T03:32:07.157+0600][55.994s][info][gc,start    ] GC(48) Concurrent marking roots
[2026-04-03T03:32:07.157+0600][55.994s][info][gc,task     ] GC(48) Using 3 of 6 workers for concurrent marking roots
[2026-04-03T03:32:07.158+0600][55.995s][info][gc          ] GC(48) Concurrent marking roots 1.101ms
[2026-04-03T03:32:07.159+0600][55.995s][info][gc,start    ] GC(48) Concurrent marking (unload classes)
[2026-04-03T03:32:07.159+0600][55.995s][info][gc,task     ] GC(48) Using 3 of 6 workers for concurrent marking
[2026-04-03T03:32:07.519+0600][56.355s][info][gc          ] GC(48) Concurrent marking (unload classes) 359.948ms
[2026-04-03T03:32:07.519+0600][56.355s][info][gc,start    ] GC(48) Pause Final Mark (unload classes)
[2026-04-03T03:32:07.519+0600][56.356s][info][gc,task     ] GC(48) Using 6 of 6 workers for final marking
[2026-04-03T03:32:07.519+0600][56.356s][info][gc,ergo     ] GC(48) Adaptive CSet Selection. Target Free: 212M, Actual Free: 689M, Max CSet: 64000K, Min Garbage: 0B
[2026-04-03T03:32:07.520+0600][56.356s][info][gc,ergo     ] GC(48) Collectable Garbage: 361M (97%), Immediate: 6144K (1%), CSet: 355M (96%)
[2026-04-03T03:32:07.520+0600][56.357s][info][gc,ergo     ] GC(48) Pacer for Evacuation. Used CSet: 394M, Free: 616M, Non-Taxable: 63078K, Alloc Tax Rate: 1.6x
[2026-04-03T03:32:07.520+0600][56.357s][info][gc          ] GC(48) Pause Final Mark (unload classes) 1.106ms
[2026-04-03T03:32:07.520+0600][56.357s][info][gc,start    ] GC(48) Concurrent thread roots
[2026-04-03T03:32:07.520+0600][56.357s][info][gc,task     ] GC(48) Using 3 of 6 workers for Concurrent thread roots
[2026-04-03T03:32:07.521+0600][56.357s][info][gc          ] GC(48) Concurrent thread roots 0.638ms
[2026-04-03T03:32:07.521+0600][56.357s][info][gc,start    ] GC(48) Concurrent weak references
[2026-04-03T03:32:07.521+0600][56.357s][info][gc,task     ] GC(48) Using 3 of 6 workers for concurrent weak references
[2026-04-03T03:32:07.521+0600][56.358s][info][gc,ref      ] GC(48) Encountered references: Soft: 3283, Weak: 6416, Final: 84, Phantom: 598
[2026-04-03T03:32:07.521+0600][56.358s][info][gc,ref      ] GC(48) Discovered  references: Soft: 0, Weak: 485, Final: 0, Phantom: 595
[2026-04-03T03:32:07.521+0600][56.358s][info][gc,ref      ] GC(48) Enqueued    references: Soft: 0, Weak: 0, Final: 0, Phantom: 0
[2026-04-03T03:32:07.521+0600][56.358s][info][gc          ] GC(48) Concurrent weak references 0.317ms
[2026-04-03T03:32:07.521+0600][56.358s][info][gc,start    ] GC(48) Concurrent weak roots
[2026-04-03T03:32:07.521+0600][56.358s][info][gc,task     ] GC(48) Using 3 of 6 workers for concurrent weak root
[2026-04-03T03:32:07.523+0600][56.360s][info][gc          ] GC(48) Concurrent weak roots 1.889ms
[2026-04-03T03:32:07.523+0600][56.360s][info][gc,start    ] GC(48) Concurrent cleanup
[2026-04-03T03:32:07.523+0600][56.360s][info][gc          ] GC(48) Concurrent cleanup 810M->804M(1130M) 0.154ms
[2026-04-03T03:32:07.523+0600][56.360s][info][gc,ergo     ] GC(48) Free: 615M, Max: 512K regular, 277M humongous, Frag: 55% external, 0% internal; Reserve: 76735K, Max: 512K
[2026-04-03T03:32:07.523+0600][56.360s][info][gc,start    ] GC(48) Concurrent class unloading
[2026-04-03T03:32:07.523+0600][56.360s][info][gc,task     ] GC(48) Using 3 of 6 workers for concurrent class unloading
[2026-04-03T03:32:07.529+0600][56.365s][info][gc          ] GC(48) Concurrent class unloading 5.412ms
[2026-04-03T03:32:07.529+0600][56.365s][info][gc,start    ] GC(48) Concurrent strong roots
[2026-04-03T03:32:07.529+0600][56.365s][info][gc,task     ] GC(48) Using 3 of 6 workers for concurrent strong root
[2026-04-03T03:32:07.530+0600][56.366s][info][gc          ] GC(48) Concurrent strong roots 0.976ms
[2026-04-03T03:32:07.530+0600][56.366s][info][gc,start    ] GC(48) Concurrent evacuation
[2026-04-03T03:32:07.530+0600][56.366s][info][gc,task     ] GC(48) Using 3 of 6 workers for concurrent evacuation
[2026-04-03T03:32:07.570+0600][56.406s][info][gc          ] GC(48) Concurrent evacuation 39.913ms
[2026-04-03T03:32:07.570+0600][56.407s][info][gc,start    ] GC(48) Pause Init Update Refs
[2026-04-03T03:32:07.570+0600][56.407s][info][gc,ergo     ] GC(48) Pacer for Update Refs. Used: 880M, Free: 579M, Non-Taxable: 59340K, Alloc Tax Rate: 1.9x
[2026-04-03T03:32:07.570+0600][56.407s][info][gc          ] GC(48) Pause Init Update Refs 0.150ms
[2026-04-03T03:32:07.570+0600][56.407s][info][gc,start    ] GC(48) Concurrent update references
[2026-04-03T03:32:07.570+0600][56.407s][info][gc,task     ] GC(48) Using 3 of 6 workers for concurrent reference update
[2026-04-03T03:32:07.814+0600][56.651s][info][gc          ] GC(48) Concurrent update references 244.276ms
[2026-04-03T03:32:07.815+0600][56.651s][info][gc,start    ] GC(48) Concurrent update thread roots
[2026-04-03T03:32:07.816+0600][56.653s][info][gc          ] GC(48) Concurrent update thread roots 1.425ms
[2026-04-03T03:32:07.816+0600][56.653s][info][gc,start    ] GC(48) Pause Final Update Refs
[2026-04-03T03:32:07.816+0600][56.653s][info][gc,task     ] GC(48) Using 6 of 6 workers for final reference update
[2026-04-03T03:32:07.816+0600][56.653s][info][gc          ] GC(48) Pause Final Update Refs 0.247ms
[2026-04-03T03:32:07.817+0600][56.653s][info][gc,start    ] GC(48) Concurrent cleanup
[2026-04-03T03:32:07.817+0600][56.654s][info][gc          ] GC(48) Concurrent cleanup 1061M->667M(1130M) 0.371ms
[2026-04-03T03:32:07.817+0600][56.654s][info][gc,ergo     ] Free: 752M, Max: 512K regular, 246M humongous, Frag: 68% external, 0% internal; Reserve: 76800K, Max: 512K
[2026-04-03T03:32:07.817+0600][56.654s][info][gc,stats    ] 
[2026-04-03T03:32:07.817+0600][56.654s][info][gc,stats    ] All times are wall-clock times, except per-root-class counters, that are sum over
[2026-04-03T03:32:07.817+0600][56.654s][info][gc,stats    ] all workers. Dividing the <total> over the root stage time estimates parallelism.
[2026-04-03T03:32:07.817+0600][56.654s][info][gc,stats    ] 
[2026-04-03T03:32:07.817+0600][56.654s][info][gc,stats    ] Concurrent Reset                   2773 us
[2026-04-03T03:32:07.817+0600][56.654s][info][gc,stats    ] Pause Init Mark (G)                 488 us
[2026-04-03T03:32:07.817+0600][56.654s][info][gc,stats    ] Pause Init Mark (N)                 190 us
[2026-04-03T03:32:07.817+0600][56.654s][info][gc,stats    ]   Update Region States               30 us
[2026-04-03T03:32:07.817+0600][56.654s][info][gc,stats    ] Concurrent Mark Roots              1158 us, parallelism: 1.77x
[2026-04-03T03:32:07.817+0600][56.654s][info][gc,stats    ]   CMR: <total>                     2053 us
[2026-04-03T03:32:07.817+0600][56.654s][info][gc,stats    ]   CMR: Thread Roots                1662 us, workers (us): 329, 674, 659, ---, ---, ---, 
[2026-04-03T03:32:07.817+0600][56.654s][info][gc,stats    ]   CMR: VM Strong Roots               51 us, workers (us):  25,  26,   1, ---, ---, ---, 
[2026-04-03T03:32:07.817+0600][56.654s][info][gc,stats    ]   CMR: CLDG Roots                   339 us, workers (us): 339, ---, ---, ---, ---, ---, 
[2026-04-03T03:32:07.817+0600][56.654s][info][gc,stats    ] Concurrent Marking               360021 us
[2026-04-03T03:32:07.817+0600][56.654s][info][gc,stats    ] Pause Final Mark (G)               1394 us
[2026-04-03T03:32:07.817+0600][56.654s][info][gc,stats    ] Pause Final Mark (N)               1117 us
[2026-04-03T03:32:07.817+0600][56.654s][info][gc,stats    ]   Finish Mark                       377 us
[2026-04-03T03:32:07.817+0600][56.654s][info][gc,stats    ]   Update Region States               41 us
[2026-04-03T03:32:07.817+0600][56.654s][info][gc,stats    ]   Choose Collection Set             381 us
[2026-04-03T03:32:07.817+0600][56.654s][info][gc,stats    ]   Rebuild Free Set                   33 us
[2026-04-03T03:32:07.817+0600][56.654s][info][gc,stats    ] Concurrent Thread Roots             673 us, parallelism: 1.92x
[2026-04-03T03:32:07.817+0600][56.654s][info][gc,stats    ]   CTR: <total>                     1295 us
[2026-04-03T03:32:07.817+0600][56.654s][info][gc,stats    ]   CTR: Thread Roots                1295 us, workers (us): 442, 424, 429, ---, ---, ---, 
[2026-04-03T03:32:07.817+0600][56.654s][info][gc,stats    ] Concurrent Weak References          328 us, parallelism: 0.35x
[2026-04-03T03:32:07.817+0600][56.654s][info][gc,stats    ]   CWRF: <total>                     116 us
[2026-04-03T03:32:07.817+0600][56.654s][info][gc,stats    ]   CWRF: Weak References             116 us, workers (us): 105,  11,   0, ---, ---, ---, 
[2026-04-03T03:32:07.817+0600][56.654s][info][gc,stats    ] Concurrent Weak Roots              1953 us
[2026-04-03T03:32:07.817+0600][56.654s][info][gc,stats    ]   Roots                            1601 us, parallelism: 2.43x
[2026-04-03T03:32:07.817+0600][56.654s][info][gc,stats    ]     CWR: <total>                   3888 us
[2026-04-03T03:32:07.817+0600][56.654s][info][gc,stats    ]     CWR: Code Cache Roots          2771 us, workers (us): 919, 916, 937, ---, ---, ---, 
[2026-04-03T03:32:07.817+0600][56.654s][info][gc,stats    ]     CWR: VM Weak Roots             1081 us, workers (us): 410, 362, 309, ---, ---, ---, 
[2026-04-03T03:32:07.817+0600][56.654s][info][gc,stats    ]     CWR: CLDG Roots                  36 us, workers (us): ---,  36, ---, ---, ---, ---, 
[2026-04-03T03:32:07.817+0600][56.654s][info][gc,stats    ]   Rendezvous                        266 us
[2026-04-03T03:32:07.818+0600][56.654s][info][gc,stats    ] Concurrent Cleanup                  167 us
[2026-04-03T03:32:07.818+0600][56.654s][info][gc,stats    ] Concurrent Class Unloading         5490 us
[2026-04-03T03:32:07.818+0600][56.654s][info][gc,stats    ]   Unlink Stale                     5076 us
[2026-04-03T03:32:07.818+0600][56.654s][info][gc,stats    ]     System Dictionary                70 us
[2026-04-03T03:32:07.818+0600][56.654s][info][gc,stats    ]     Weak Class Links                  0 us
[2026-04-03T03:32:07.818+0600][56.654s][info][gc,stats    ]     Code Roots                     5002 us
[2026-04-03T03:32:07.818+0600][56.654s][info][gc,stats    ]   Rendezvous                        295 us
[2026-04-03T03:32:07.818+0600][56.654s][info][gc,stats    ]   Purge Unlinked                     11 us
[2026-04-03T03:32:07.818+0600][56.654s][info][gc,stats    ]     Code Roots                        4 us
[2026-04-03T03:32:07.818+0600][56.654s][info][gc,stats    ]     CLDG                              6 us
[2026-04-03T03:32:07.818+0600][56.654s][info][gc,stats    ]     Exception Caches                  0 us
[2026-04-03T03:32:07.818+0600][56.654s][info][gc,stats    ] Concurrent Strong Roots            1058 us, parallelism: 0.56x
[2026-04-03T03:32:07.818+0600][56.654s][info][gc,stats    ]   CSR: <total>                      595 us
[2026-04-03T03:32:07.818+0600][56.654s][info][gc,stats    ]   CSR: VM Strong Roots               37 us, workers (us):  35,   1,   1, ---, ---, ---, 
[2026-04-03T03:32:07.818+0600][56.654s][info][gc,stats    ]   CSR: CLDG Roots                   558 us, workers (us): ---, 558, ---, ---, ---, ---, 
[2026-04-03T03:32:07.818+0600][56.654s][info][gc,stats    ] Concurrent Evacuation             40047 us
[2026-04-03T03:32:07.818+0600][56.654s][info][gc,stats    ] Pause Init Update Refs (G)          423 us
[2026-04-03T03:32:07.818+0600][56.654s][info][gc,stats    ] Pause Init Update Refs (N)          168 us
[2026-04-03T03:32:07.818+0600][56.654s][info][gc,stats    ]   Manage GCLABs                      57 us
[2026-04-03T03:32:07.818+0600][56.654s][info][gc,stats    ] Concurrent Update Refs           244391 us
[2026-04-03T03:32:07.818+0600][56.654s][info][gc,stats    ] Concurrent Update Thread Roots     1499 us
[2026-04-03T03:32:07.818+0600][56.654s][info][gc,stats    ] Pause Final Update Refs (G)         518 us
[2026-04-03T03:32:07.818+0600][56.654s][info][gc,stats    ] Pause Final Update Refs (N)         279 us
[2026-04-03T03:32:07.818+0600][56.654s][info][gc,stats    ]   Update Region States               66 us
[2026-04-03T03:32:07.818+0600][56.654s][info][gc,stats    ]   Trash Collection Set               23 us
[2026-04-03T03:32:07.818+0600][56.654s][info][gc,stats    ]   Rebuild Free Set                   37 us
[2026-04-03T03:32:07.818+0600][56.654s][info][gc,stats    ] Concurrent Cleanup                  400 us
[2026-04-03T03:32:07.818+0600][56.654s][info][gc,stats    ] Pacing                           516543 us
[2026-04-03T03:32:07.818+0600][56.655s][info][gc,stats    ] 
[2026-04-03T03:32:07.818+0600][56.655s][info][gc,stats    ] Allocation pacing accrued:
[2026-04-03T03:32:07.818+0600][56.655s][info][gc,stats    ]     174 of   688 ms ( 25.3%): Executor task launch worker for task 0.0 in stage 28.0 (TID 42)
[2026-04-03T03:32:07.818+0600][56.655s][info][gc,stats    ]     167 of   688 ms ( 24.3%): Executor task launch worker for task 2.0 in stage 28.0 (TID 44)
[2026-04-03T03:32:07.818+0600][56.655s][info][gc,stats    ]     175 of   688 ms ( 25.4%): Executor task launch worker for task 1.0 in stage 28.0 (TID 43)
[2026-04-03T03:32:07.818+0600][56.655s][info][gc,stats    ]     517 of   688 ms ( 75.1%): <total>
[2026-04-03T03:32:07.818+0600][56.655s][info][gc,stats    ]       3 of   688 ms (  0.4%): <average total>
[2026-04-03T03:32:07.818+0600][56.655s][info][gc,stats    ]     172 of   688 ms ( 25.0%): <average non-zero>
[2026-04-03T03:32:07.818+0600][56.655s][info][gc,stats    ] 
[2026-04-03T03:32:07.818+0600][56.655s][info][gc,metaspace] Metaspace: 73014K(73856K)->73019K(73856K) NonClass: 63741K(64192K)->63746K(64192K) Class: 9273K(9664K)->9273K(9664K)
[2026-04-03T03:32:07.818+0600][56.655s][info][gc,ergo     ] Pacer for Idle. Initial: 30720K, Alloc Tax Rate: 1.0x
[2026-04-03T03:32:07.920+0600][56.757s][info][gc          ] Trigger: Average GC time (871.07 ms) is above the time for average allocation rate (894 MB/s) to deplete free headroom (561M) (margin of error = 1.83)
[2026-04-03T03:32:07.920+0600][56.757s][info][gc,ergo     ] Free headroom: 636M (free) - 76800K (spike) - 0B (penalties) = 561M
[2026-04-03T03:32:07.920+0600][56.757s][info][gc,ergo     ] Free: 635M, Max: 512K regular, 246M humongous, Frag: 62% external, 0% internal; Reserve: 76800K, Max: 512K
[2026-04-03T03:32:07.920+0600][56.757s][info][gc,start    ] GC(49) Concurrent reset
[2026-04-03T03:32:07.920+0600][56.757s][info][gc,task     ] GC(49) Using 3 of 6 workers for concurrent reset
[2026-04-03T03:32:07.920+0600][56.757s][info][gc,ergo     ] GC(49) Pacer for Reset. Non-Taxable: 1500M
[2026-04-03T03:32:07.922+0600][56.759s][info][gc          ] GC(49) Concurrent reset 2.126ms
[2026-04-03T03:32:07.923+0600][56.759s][info][gc,start    ] GC(49) Pause Init Mark (unload classes)
[2026-04-03T03:32:07.923+0600][56.759s][info][gc,task     ] GC(49) Using 6 of 6 workers for init marking
[2026-04-03T03:32:07.923+0600][56.759s][info][gc,ergo     ] GC(49) Pacer for Mark. Expected Live: 278M, Free: 634M, Non-Taxable: 64921K, Alloc Tax Rate: 0.5x
[2026-04-03T03:32:07.923+0600][56.759s][info][gc          ] GC(49) Pause Init Mark (unload classes) 0.146ms
[2026-04-03T03:32:07.923+0600][56.759s][info][gc,start    ] GC(49) Concurrent marking roots
[2026-04-03T03:32:07.923+0600][56.760s][info][gc,task     ] GC(49) Using 3 of 6 workers for concurrent marking roots
[2026-04-03T03:32:07.924+0600][56.761s][info][gc          ] GC(49) Concurrent marking roots 1.146ms
[2026-04-03T03:32:07.924+0600][56.761s][info][gc,start    ] GC(49) Concurrent marking (unload classes)
[2026-04-03T03:32:07.924+0600][56.761s][info][gc,task     ] GC(49) Using 3 of 6 workers for concurrent marking
[2026-04-03T03:32:08.331+0600][57.168s][info][gc          ] GC(49) Concurrent marking (unload classes) 407.274ms
[2026-04-03T03:32:08.331+0600][57.168s][info][gc,start    ] GC(49) Pause Final Mark (unload classes)
[2026-04-03T03:32:08.332+0600][57.168s][info][gc,task     ] GC(49) Using 6 of 6 workers for final marking
[2026-04-03T03:32:08.332+0600][57.169s][info][gc,ergo     ] GC(49) Adaptive CSet Selection. Target Free: 212M, Actual Free: 571M, Max CSet: 64000K, Min Garbage: 0B
[2026-04-03T03:32:08.333+0600][57.169s][info][gc,ergo     ] GC(49) Collectable Garbage: 468M (97%), Immediate: 0B (0%), CSet: 468M (97%)
[2026-04-03T03:32:08.333+0600][57.169s][info][gc,ergo     ] GC(49) Pacer for Evacuation. Used CSet: 508M, Free: 496M, Non-Taxable: 50841K, Alloc Tax Rate: 2.5x
[2026-04-03T03:32:08.333+0600][57.169s][info][gc          ] GC(49) Pause Final Mark (unload classes) 1.125ms
[2026-04-03T03:32:08.333+0600][57.169s][info][gc,start    ] GC(49) Concurrent thread roots
[2026-04-03T03:32:08.333+0600][57.170s][info][gc,task     ] GC(49) Using 3 of 6 workers for Concurrent thread roots
[2026-04-03T03:32:08.334+0600][57.170s][info][gc          ] GC(49) Concurrent thread roots 0.975ms
[2026-04-03T03:32:08.334+0600][57.171s][info][gc,start    ] GC(49) Concurrent weak references
[2026-04-03T03:32:08.334+0600][57.171s][info][gc,task     ] GC(49) Using 3 of 6 workers for concurrent weak references
[2026-04-03T03:32:08.334+0600][57.171s][info][gc,ref      ] GC(49) Encountered references: Soft: 3283, Weak: 6421, Final: 84, Phantom: 598
[2026-04-03T03:32:08.334+0600][57.171s][info][gc,ref      ] GC(49) Discovered  references: Soft: 0, Weak: 549, Final: 0, Phantom: 595
[2026-04-03T03:32:08.334+0600][57.171s][info][gc,ref      ] GC(49) Enqueued    references: Soft: 0, Weak: 4, Final: 0, Phantom: 0
[2026-04-03T03:32:08.334+0600][57.171s][info][gc          ] GC(49) Concurrent weak references 0.475ms
[2026-04-03T03:32:08.334+0600][57.171s][info][gc,start    ] GC(49) Concurrent weak roots
[2026-04-03T03:32:08.334+0600][57.171s][info][gc,task     ] GC(49) Using 3 of 6 workers for concurrent weak root
[2026-04-03T03:32:08.338+0600][57.175s][info][gc          ] GC(49) Concurrent weak roots 3.594ms
[2026-04-03T03:32:08.338+0600][57.175s][info][gc,start    ] GC(49) Concurrent cleanup
[2026-04-03T03:32:08.339+0600][57.175s][info][gc          ] GC(49) Concurrent cleanup 924M->924M(1130M) 0.604ms
[2026-04-03T03:32:08.339+0600][57.175s][info][gc,ergo     ] GC(49) Free: 494M, Max: 512K regular, 246M humongous, Frag: 51% external, 0% internal; Reserve: 76223K, Max: 512K
[2026-04-03T03:32:08.339+0600][57.175s][info][gc,start    ] GC(49) Concurrent class unloading
[2026-04-03T03:32:08.339+0600][57.175s][info][gc,task     ] GC(49) Using 3 of 6 workers for concurrent class unloading
[2026-04-03T03:32:08.347+0600][57.184s][info][gc          ] GC(49) Concurrent class unloading 8.337ms
[2026-04-03T03:32:08.347+0600][57.184s][info][gc,start    ] GC(49) Concurrent strong roots
[2026-04-03T03:32:08.347+0600][57.184s][info][gc,task     ] GC(49) Using 3 of 6 workers for concurrent strong root
[2026-04-03T03:32:08.349+0600][57.185s][info][gc          ] GC(49) Concurrent strong roots 1.374ms
[2026-04-03T03:32:08.349+0600][57.185s][info][gc,start    ] GC(49) Concurrent evacuation
[2026-04-03T03:32:08.349+0600][57.185s][info][gc,task     ] GC(49) Using 3 of 6 workers for concurrent evacuation
[2026-04-03T03:32:08.396+0600][57.233s][info][gc          ] GC(49) Concurrent evacuation 47.773ms
[2026-04-03T03:32:08.397+0600][57.233s][info][gc,start    ] GC(49) Pause Init Update Refs
[2026-04-03T03:32:08.397+0600][57.234s][info][gc,ergo     ] GC(49) Pacer for Update Refs. Used: 990M, Free: 469M, Non-Taxable: 48076K, Alloc Tax Rate: 2.6x
[2026-04-03T03:32:08.397+0600][57.234s][info][gc          ] GC(49) Pause Init Update Refs 0.322ms
[2026-04-03T03:32:08.397+0600][57.234s][info][gc,start    ] GC(49) Concurrent update references
[2026-04-03T03:32:08.397+0600][57.234s][info][gc,task     ] GC(49) Using 3 of 6 workers for concurrent reference update
[2026-04-03T03:32:08.677+0600][57.513s][info][gc          ] GC(49) Concurrent update references 279.551ms
[2026-04-03T03:32:08.677+0600][57.514s][info][gc,start    ] GC(49) Concurrent update thread roots
[2026-04-03T03:32:08.678+0600][57.515s][info][gc          ] GC(49) Concurrent update thread roots 1.408ms
[2026-04-03T03:32:08.678+0600][57.515s][info][gc,start    ] GC(49) Pause Final Update Refs
[2026-04-03T03:32:08.679+0600][57.515s][info][gc,task     ] GC(49) Using 6 of 6 workers for final reference update
[2026-04-03T03:32:08.679+0600][57.515s][info][gc          ] GC(49) Pause Final Update Refs 0.281ms
[2026-04-03T03:32:08.679+0600][57.516s][info][gc,start    ] GC(49) Concurrent cleanup
[2026-04-03T03:32:08.679+0600][57.516s][info][gc          ] GC(49) Concurrent cleanup 1095M->587M(1130M) 0.386ms
[2026-04-03T03:32:08.679+0600][57.516s][info][gc,ergo     ] Free: 830M, Max: 512K regular, 242M humongous, Frag: 71% external, 0% internal; Reserve: 76800K, Max: 512K
[2026-04-03T03:32:08.679+0600][57.516s][info][gc,stats    ] 
[2026-04-03T03:32:08.679+0600][57.516s][info][gc,stats    ] All times are wall-clock times, except per-root-class counters, that are sum over
[2026-04-03T03:32:08.679+0600][57.516s][info][gc,stats    ] all workers. Dividing the <total> over the root stage time estimates parallelism.
[2026-04-03T03:32:08.679+0600][57.516s][info][gc,stats    ] 
[2026-04-03T03:32:08.679+0600][57.516s][info][gc,stats    ] Concurrent Reset                   2200 us
[2026-04-03T03:32:08.679+0600][57.516s][info][gc,stats    ] Pause Init Mark (G)                 474 us
[2026-04-03T03:32:08.679+0600][57.516s][info][gc,stats    ] Pause Init Mark (N)                 160 us
[2026-04-03T03:32:08.679+0600][57.516s][info][gc,stats    ]   Update Region States               36 us
[2026-04-03T03:32:08.680+0600][57.516s][info][gc,stats    ] Concurrent Mark Roots              1195 us, parallelism: 1.80x
[2026-04-03T03:32:08.680+0600][57.516s][info][gc,stats    ]   CMR: <total>                     2151 us
[2026-04-03T03:32:08.680+0600][57.516s][info][gc,stats    ]   CMR: Thread Roots                1814 us, workers (us): 420, 728, 666, ---, ---, ---, 
[2026-04-03T03:32:08.680+0600][57.516s][info][gc,stats    ]   CMR: VM Strong Roots               34 us, workers (us):  32,   1,   1, ---, ---, ---, 
[2026-04-03T03:32:08.680+0600][57.516s][info][gc,stats    ]   CMR: CLDG Roots                   303 us, workers (us): 303, ---, ---, ---, ---, ---, 
[2026-04-03T03:32:08.680+0600][57.516s][info][gc,stats    ] Concurrent Marking               407363 us
[2026-04-03T03:32:08.680+0600][57.516s][info][gc,stats    ] Pause Final Mark (G)               1436 us
[2026-04-03T03:32:08.680+0600][57.516s][info][gc,stats    ] Pause Final Mark (N)               1140 us
[2026-04-03T03:32:08.680+0600][57.516s][info][gc,stats    ]   Finish Mark                       252 us
[2026-04-03T03:32:08.680+0600][57.516s][info][gc,stats    ]   Update Region States               93 us
[2026-04-03T03:32:08.680+0600][57.516s][info][gc,stats    ]   Choose Collection Set             554 us
[2026-04-03T03:32:08.680+0600][57.516s][info][gc,stats    ]   Rebuild Free Set                   35 us
[2026-04-03T03:32:08.680+0600][57.516s][info][gc,stats    ] Concurrent Thread Roots            1036 us, parallelism: 2.17x
[2026-04-03T03:32:08.680+0600][57.516s][info][gc,stats    ]   CTR: <total>                     2248 us
[2026-04-03T03:32:08.680+0600][57.516s][info][gc,stats    ]   CTR: Thread Roots                2248 us, workers (us): 785, 738, 725, ---, ---, ---, 
[2026-04-03T03:32:08.680+0600][57.516s][info][gc,stats    ] Concurrent Weak References          490 us, parallelism: 0.42x
[2026-04-03T03:32:08.680+0600][57.516s][info][gc,stats    ]   CWRF: <total>                     204 us
[2026-04-03T03:32:08.680+0600][57.516s][info][gc,stats    ]   CWRF: Weak References             204 us, workers (us):  92, 102,  11, ---, ---, ---, 
[2026-04-03T03:32:08.680+0600][57.516s][info][gc,stats    ] Concurrent Weak Roots              3681 us
[2026-04-03T03:32:08.680+0600][57.516s][info][gc,stats    ]   Roots                            3148 us, parallelism: 2.59x
[2026-04-03T03:32:08.680+0600][57.516s][info][gc,stats    ]     CWR: <total>                   8169 us
[2026-04-03T03:32:08.680+0600][57.516s][info][gc,stats    ]     CWR: Code Cache Roots          6191 us, workers (us): 2187, 2037, 1967, ---, ---, ---, 
[2026-04-03T03:32:08.680+0600][57.516s][info][gc,stats    ]     CWR: VM Weak Roots             1870 us, workers (us): 640, 638, 592, ---, ---, ---, 
[2026-04-03T03:32:08.680+0600][57.516s][info][gc,stats    ]     CWR: CLDG Roots                 108 us, workers (us): ---, ---, 108, ---, ---, ---, 
[2026-04-03T03:32:08.680+0600][57.516s][info][gc,stats    ]   Rendezvous                        415 us
[2026-04-03T03:32:08.680+0600][57.516s][info][gc,stats    ] Concurrent Cleanup                  622 us
[2026-04-03T03:32:08.680+0600][57.516s][info][gc,stats    ] Concurrent Class Unloading         8448 us
[2026-04-03T03:32:08.680+0600][57.517s][info][gc,stats    ]   Unlink Stale                     7776 us
[2026-04-03T03:32:08.680+0600][57.517s][info][gc,stats    ]     System Dictionary               129 us
[2026-04-03T03:32:08.680+0600][57.517s][info][gc,stats    ]     Weak Class Links                  0 us
[2026-04-03T03:32:08.680+0600][57.517s][info][gc,stats    ]     Code Roots                     7642 us
[2026-04-03T03:32:08.680+0600][57.517s][info][gc,stats    ]   Rendezvous                        481 us
[2026-04-03T03:32:08.680+0600][57.517s][info][gc,stats    ]   Purge Unlinked                     20 us
[2026-04-03T03:32:08.680+0600][57.517s][info][gc,stats    ]     Code Roots                        8 us
[2026-04-03T03:32:08.680+0600][57.517s][info][gc,stats    ]     CLDG                             11 us
[2026-04-03T03:32:08.680+0600][57.517s][info][gc,stats    ]     Exception Caches                  1 us
[2026-04-03T03:32:08.680+0600][57.517s][info][gc,stats    ] Concurrent Strong Roots            1460 us, parallelism: 0.70x
[2026-04-03T03:32:08.680+0600][57.517s][info][gc,stats    ]   CSR: <total>                     1023 us
[2026-04-03T03:32:08.680+0600][57.517s][info][gc,stats    ]   CSR: VM Strong Roots               61 us, workers (us):  29,  16,  16, ---, ---, ---, 
[2026-04-03T03:32:08.680+0600][57.517s][info][gc,stats    ]   CSR: CLDG Roots                   962 us, workers (us): ---, 962, ---, ---, ---, ---, 
[2026-04-03T03:32:08.680+0600][57.517s][info][gc,stats    ] Concurrent Evacuation             47872 us
[2026-04-03T03:32:08.680+0600][57.517s][info][gc,stats    ] Pause Init Update Refs (G)          728 us
[2026-04-03T03:32:08.680+0600][57.517s][info][gc,stats    ] Pause Init Update Refs (N)          337 us
[2026-04-03T03:32:08.680+0600][57.517s][info][gc,stats    ]   Manage GCLABs                      86 us
[2026-04-03T03:32:08.680+0600][57.517s][info][gc,stats    ] Concurrent Update Refs           279665 us
[2026-04-03T03:32:08.680+0600][57.517s][info][gc,stats    ] Concurrent Update Thread Roots     1482 us
[2026-04-03T03:32:08.680+0600][57.517s][info][gc,stats    ] Pause Final Update Refs (G)         549 us
[2026-04-03T03:32:08.680+0600][57.517s][info][gc,stats    ] Pause Final Update Refs (N)         308 us
[2026-04-03T03:32:08.680+0600][57.517s][info][gc,stats    ]   Update Region States              129 us
[2026-04-03T03:32:08.680+0600][57.517s][info][gc,stats    ]   Trash Collection Set               44 us
[2026-04-03T03:32:08.680+0600][57.517s][info][gc,stats    ]   Rebuild Free Set                   38 us
[2026-04-03T03:32:08.680+0600][57.517s][info][gc,stats    ] Concurrent Cleanup                  413 us
[2026-04-03T03:32:08.680+0600][57.517s][info][gc,stats    ] Pacing                           573400 us
[2026-04-03T03:32:08.680+0600][57.517s][info][gc,stats    ] 
[2026-04-03T03:32:08.680+0600][57.517s][info][gc,stats    ] Allocation pacing accrued:
[2026-04-03T03:32:08.680+0600][57.517s][info][gc,stats    ]     211 of   862 ms ( 24.5%): Executor task launch worker for task 0.0 in stage 28.0 (TID 42)
[2026-04-03T03:32:08.680+0600][57.517s][info][gc,stats    ]     195 of   862 ms ( 22.6%): Executor task launch worker for task 2.0 in stage 28.0 (TID 44)
[2026-04-03T03:32:08.680+0600][57.517s][info][gc,stats    ]     167 of   862 ms ( 19.4%): Executor task launch worker for task 1.0 in stage 28.0 (TID 43)
[2026-04-03T03:32:08.680+0600][57.517s][info][gc,stats    ]     573 of   862 ms ( 66.5%): <total>
[2026-04-03T03:32:08.680+0600][57.517s][info][gc,stats    ]       3 of   862 ms (  0.3%): <average total>
[2026-04-03T03:32:08.680+0600][57.517s][info][gc,stats    ]     191 of   862 ms ( 22.2%): <average non-zero>
[2026-04-03T03:32:08.680+0600][57.517s][info][gc,stats    ] 
[2026-04-03T03:32:08.680+0600][57.517s][info][gc,metaspace] Metaspace: 73019K(73856K)->73019K(73856K) NonClass: 63746K(64192K)->63746K(64192K) Class: 9273K(9664K)->9273K(9664K)
[2026-04-03T03:32:08.680+0600][57.517s][info][gc,ergo     ] Pacer for Idle. Initial: 30720K, Alloc Tax Rate: 1.0x
[2026-04-03T03:32:09.782+0600][58.619s][info][gc          ] Trigger: Average GC time (877.20 ms) is above the time for average allocation rate (508 MB/s) to deplete free headroom (445M) (margin of error = 1.83)
[2026-04-03T03:32:09.782+0600][58.619s][info][gc,ergo     ] Free headroom: 520M (free) - 76800K (spike) - 0B (penalties) = 445M
[2026-04-03T03:32:09.782+0600][58.619s][info][gc,ergo     ] Free: 520M, Max: 512K regular, 224M humongous, Frag: 57% external, 0% internal; Reserve: 76800K, Max: 512K
[2026-04-03T03:32:09.782+0600][58.619s][info][gc,start    ] GC(50) Concurrent reset
[2026-04-03T03:32:09.782+0600][58.619s][info][gc,task     ] GC(50) Using 3 of 6 workers for concurrent reset
[2026-04-03T03:32:09.782+0600][58.619s][info][gc,ergo     ] GC(50) Pacer for Reset. Non-Taxable: 1500M
[2026-04-03T03:32:09.784+0600][58.621s][info][gc          ] GC(50) Concurrent reset 2.107ms
[2026-04-03T03:32:09.805+0600][58.642s][info][gc,start    ] GC(50) Pause Init Mark (unload classes)
[2026-04-03T03:32:09.805+0600][58.642s][info][gc,task     ] GC(50) Using 6 of 6 workers for init marking
[2026-04-03T03:32:09.805+0600][58.642s][info][gc,ergo     ] GC(50) Pacer for Mark. Expected Live: 279M, Free: 502M, Non-Taxable: 51404K, Alloc Tax Rate: 0.7x
[2026-04-03T03:32:09.805+0600][58.642s][info][gc          ] GC(50) Pause Init Mark (unload classes) 0.201ms
[2026-04-03T03:32:09.805+0600][58.642s][info][gc,start    ] GC(50) Concurrent marking roots
[2026-04-03T03:32:09.805+0600][58.642s][info][gc,task     ] GC(50) Using 3 of 6 workers for concurrent marking roots
[2026-04-03T03:32:09.806+0600][58.643s][info][gc          ] GC(50) Concurrent marking roots 0.998ms
[2026-04-03T03:32:09.806+0600][58.643s][info][gc,start    ] GC(50) Concurrent marking (unload classes)
[2026-04-03T03:32:09.806+0600][58.643s][info][gc,task     ] GC(50) Using 3 of 6 workers for concurrent marking
[2026-04-03T03:32:10.040+0600][58.877s][info][gc          ] GC(50) Concurrent marking (unload classes) 233.824ms
[2026-04-03T03:32:10.041+0600][58.877s][info][gc,start    ] GC(50) Pause Final Mark (unload classes)
[2026-04-03T03:32:10.041+0600][58.877s][info][gc,task     ] GC(50) Using 6 of 6 workers for final marking
[2026-04-03T03:32:10.041+0600][58.878s][info][gc,ergo     ] GC(50) Collectable Garbage: 707M (93%), Immediate: 707M (93%), CSet: 0B (0%)
[2026-04-03T03:32:10.041+0600][58.878s][info][gc          ] GC(50) Pause Final Mark (unload classes) 0.659ms
[2026-04-03T03:32:10.041+0600][58.878s][info][gc,start    ] GC(50) Concurrent weak references
[2026-04-03T03:32:10.041+0600][58.878s][info][gc,task     ] GC(50) Using 3 of 6 workers for concurrent weak references
[2026-04-03T03:32:10.042+0600][58.878s][info][gc,ref      ] GC(50) Encountered references: Soft: 3324, Weak: 6798, Final: 84, Phantom: 601
[2026-04-03T03:32:10.042+0600][58.878s][info][gc,ref      ] GC(50) Discovered  references: Soft: 0, Weak: 939, Final: 2, Phantom: 598
[2026-04-03T03:32:10.042+0600][58.878s][info][gc,ref      ] GC(50) Enqueued    references: Soft: 0, Weak: 306, Final: 0, Phantom: 0
[2026-04-03T03:32:10.042+0600][58.878s][info][gc          ] GC(50) Concurrent weak references 0.372ms
[2026-04-03T03:32:10.042+0600][58.878s][info][gc,start    ] GC(50) Concurrent weak roots
[2026-04-03T03:32:10.042+0600][58.878s][info][gc,task     ] GC(50) Using 3 of 6 workers for concurrent weak root
[2026-04-03T03:32:10.044+0600][58.881s][info][gc          ] GC(50) Concurrent weak roots 2.381ms
[2026-04-03T03:32:10.044+0600][58.881s][info][gc,start    ] GC(50) Concurrent cleanup
[2026-04-03T03:32:10.045+0600][58.882s][info][gc          ] GC(50) Concurrent cleanup 961M->255M(1130M) 0.813ms
[2026-04-03T03:32:10.045+0600][58.882s][info][gc,ergo     ] GC(50) Free: 1162M, Max: 512K regular, 286M humongous, Frag: 76% external, 0% internal; Reserve: 76800K, Max: 512K
[2026-04-03T03:32:10.045+0600][58.882s][info][gc,start    ] GC(50) Concurrent class unloading
[2026-04-03T03:32:10.045+0600][58.882s][info][gc,task     ] GC(50) Using 3 of 6 workers for concurrent class unloading
[2026-04-03T03:32:10.069+0600][58.906s][info][gc          ] GC(50) Concurrent class unloading 23.781ms
[2026-04-03T03:32:10.069+0600][58.906s][info][gc,start    ] GC(50) Pause Final Roots
[2026-04-03T03:32:10.069+0600][58.906s][info][gc          ] GC(50) Pause Final Roots 0.189ms
[2026-04-03T03:32:10.070+0600][58.906s][info][gc,ergo     ] Free: 1152M, Max: 512K regular, 286M humongous, Frag: 76% external, 0% internal; Reserve: 76800K, Max: 512K
[2026-04-03T03:32:10.070+0600][58.907s][info][gc,stats    ] 
[2026-04-03T03:32:10.070+0600][58.907s][info][gc,stats    ] All times are wall-clock times, except per-root-class counters, that are sum over
[2026-04-03T03:32:10.070+0600][58.907s][info][gc,stats    ] all workers. Dividing the <total> over the root stage time estimates parallelism.
[2026-04-03T03:32:10.070+0600][58.907s][info][gc,stats    ] 
[2026-04-03T03:32:10.070+0600][58.907s][info][gc,stats    ] Concurrent Reset                  22863 us
[2026-04-03T03:32:10.070+0600][58.907s][info][gc,stats    ] Pause Init Mark (G)                 432 us
[2026-04-03T03:32:10.070+0600][58.907s][info][gc,stats    ] Pause Init Mark (N)                 214 us
[2026-04-03T03:32:10.070+0600][58.907s][info][gc,stats    ]   Update Region States               59 us
[2026-04-03T03:32:10.070+0600][58.907s][info][gc,stats    ] Concurrent Mark Roots              1034 us, parallelism: 1.93x
[2026-04-03T03:32:10.070+0600][58.907s][info][gc,stats    ]   CMR: <total>                     1993 us
[2026-04-03T03:32:10.070+0600][58.907s][info][gc,stats    ]   CMR: Thread Roots                1637 us, workers (us): 349, 655, 634, ---, ---, ---, 
[2026-04-03T03:32:10.070+0600][58.907s][info][gc,stats    ]   CMR: VM Strong Roots               49 us, workers (us):  26,  22,   1, ---, ---, ---, 
[2026-04-03T03:32:10.070+0600][58.907s][info][gc,stats    ]   CMR: CLDG Roots                   307 us, workers (us): 307, ---, ---, ---, ---, ---, 
[2026-04-03T03:32:10.070+0600][58.907s][info][gc,stats    ] Concurrent Marking               233917 us
[2026-04-03T03:32:10.070+0600][58.907s][info][gc,stats    ] Pause Final Mark (G)               1064 us
[2026-04-03T03:32:10.070+0600][58.907s][info][gc,stats    ] Pause Final Mark (N)                678 us
[2026-04-03T03:32:10.070+0600][58.907s][info][gc,stats    ]   Finish Mark                       353 us
[2026-04-03T03:32:10.070+0600][58.907s][info][gc,stats    ]   Update Region States               79 us
[2026-04-03T03:32:10.070+0600][58.907s][info][gc,stats    ]   Choose Collection Set             102 us
[2026-04-03T03:32:10.070+0600][58.907s][info][gc,stats    ]   Rebuild Free Set                   41 us
[2026-04-03T03:32:10.070+0600][58.907s][info][gc,stats    ] Concurrent Weak References          386 us, parallelism: 0.55x
[2026-04-03T03:32:10.070+0600][58.907s][info][gc,stats    ]   CWRF: <total>                     211 us
[2026-04-03T03:32:10.070+0600][58.907s][info][gc,stats    ]   CWRF: Weak References             211 us, workers (us): 128,  57,  27, ---, ---, ---, 
[2026-04-03T03:32:10.070+0600][58.907s][info][gc,stats    ] Concurrent Weak Roots              2489 us
[2026-04-03T03:32:10.070+0600][58.907s][info][gc,stats    ]   Roots                            2028 us, parallelism: 2.35x
[2026-04-03T03:32:10.070+0600][58.907s][info][gc,stats    ]     CWR: <total>                   4771 us
[2026-04-03T03:32:10.070+0600][58.907s][info][gc,stats    ]     CWR: Code Cache Roots          3581 us, workers (us): 1138, 1294, 1149, ---, ---, ---, 
[2026-04-03T03:32:10.070+0600][58.907s][info][gc,stats    ]     CWR: VM Weak Roots             1147 us, workers (us): 433, 365, 348, ---, ---, ---, 
[2026-04-03T03:32:10.070+0600][58.907s][info][gc,stats    ]     CWR: CLDG Roots                  44 us, workers (us):  44, ---, ---, ---, ---, ---, 
[2026-04-03T03:32:10.070+0600][58.907s][info][gc,stats    ]   Rendezvous                        328 us
[2026-04-03T03:32:10.070+0600][58.907s][info][gc,stats    ] Concurrent Cleanup                  832 us
[2026-04-03T03:32:10.070+0600][58.907s][info][gc,stats    ] Concurrent Class Unloading        23880 us
[2026-04-03T03:32:10.070+0600][58.907s][info][gc,stats    ]   Unlink Stale                    22826 us
[2026-04-03T03:32:10.070+0600][58.907s][info][gc,stats    ]     System Dictionary               350 us
[2026-04-03T03:32:10.070+0600][58.907s][info][gc,stats    ]     Weak Class Links              14384 us
[2026-04-03T03:32:10.070+0600][58.907s][info][gc,stats    ]     Code Roots                     8089 us
[2026-04-03T03:32:10.070+0600][58.907s][info][gc,stats    ]   Rendezvous                        524 us
[2026-04-03T03:32:10.070+0600][58.907s][info][gc,stats    ]   Purge Unlinked                    401 us
[2026-04-03T03:32:10.070+0600][58.907s][info][gc,stats    ]     Code Roots                      344 us
[2026-04-03T03:32:10.070+0600][58.907s][info][gc,stats    ]     CLDG                             56 us
[2026-04-03T03:32:10.070+0600][58.907s][info][gc,stats    ]     Exception Caches                  0 us
[2026-04-03T03:32:10.070+0600][58.907s][info][gc,stats    ] Pause Final Roots (G)               638 us
[2026-04-03T03:32:10.070+0600][58.907s][info][gc,stats    ] Pause Final Roots (N)               228 us
[2026-04-03T03:32:10.070+0600][58.907s][info][gc,stats    ] Pacing                           100570 us
[2026-04-03T03:32:10.070+0600][58.907s][info][gc,stats    ] 
[2026-04-03T03:32:10.070+0600][58.907s][info][gc,stats    ] Allocation pacing accrued:
[2026-04-03T03:32:10.070+0600][58.907s][info][gc,stats    ]      34 of  1390 ms (  2.4%): Executor task launch worker for task 1.0 in stage 33.0 (TID 49)
[2026-04-03T03:32:10.070+0600][58.907s][info][gc,stats    ]      34 of  1390 ms (  2.4%): Executor task launch worker for task 0.0 in stage 33.0 (TID 48)
[2026-04-03T03:32:10.070+0600][58.907s][info][gc,stats    ]      33 of  1390 ms (  2.4%): Executor task launch worker for task 2.0 in stage 33.0 (TID 50)
[2026-04-03T03:32:10.070+0600][58.907s][info][gc,stats    ]     101 of  1390 ms (  7.2%): <total>
[2026-04-03T03:32:10.070+0600][58.907s][info][gc,stats    ]       0 of  1390 ms (  0.0%): <average total>
[2026-04-03T03:32:10.070+0600][58.907s][info][gc,stats    ]      34 of  1390 ms (  2.4%): <average non-zero>
[2026-04-03T03:32:10.070+0600][58.907s][info][gc,stats    ] 
[2026-04-03T03:32:10.070+0600][58.907s][info][gc,metaspace] Metaspace: 73139K(73984K)->73145K(73984K) NonClass: 63858K(64320K)->63864K(64320K) Class: 9281K(9664K)->9280K(9664K)
[2026-04-03T03:32:10.071+0600][58.907s][info][gc,ergo     ] Pacer for Idle. Initial: 30720K, Alloc Tax Rate: 1.0x
[2026-04-03T03:32:11.077+0600][59.914s][info][gc          ] Trigger: Average GC time (905.17 ms) is above the time for average allocation rate (838 MB/s) to deplete free headroom (474M) (margin of error = 1.81)
[2026-04-03T03:32:11.077+0600][59.914s][info][gc,ergo     ] Free headroom: 549M (free) - 76800K (spike) - 0B (penalties) = 474M
[2026-04-03T03:32:11.077+0600][59.914s][info][gc,ergo     ] Free: 549M, Max: 512K regular, 286M humongous, Frag: 48% external, 0% internal; Reserve: 76800K, Max: 512K
[2026-04-03T03:32:11.077+0600][59.914s][info][gc,start    ] GC(51) Concurrent reset
[2026-04-03T03:32:11.077+0600][59.914s][info][gc,task     ] GC(51) Using 3 of 6 workers for concurrent reset
[2026-04-03T03:32:11.077+0600][59.914s][info][gc,ergo     ] GC(51) Pacer for Reset. Non-Taxable: 1500M
[2026-04-03T03:32:11.078+0600][59.914s][info][gc          ] GC(51) Concurrent reset 0.707ms
[2026-04-03T03:32:11.078+0600][59.914s][info][gc,start    ] GC(51) Pause Init Mark (unload classes)
[2026-04-03T03:32:11.078+0600][59.915s][info][gc,task     ] GC(51) Using 6 of 6 workers for init marking
[2026-04-03T03:32:11.078+0600][59.915s][info][gc,ergo     ] GC(51) Pacer for Mark. Expected Live: 242M, Free: 548M, Non-Taxable: 56115K, Alloc Tax Rate: 0.5x
[2026-04-03T03:32:11.078+0600][59.915s][info][gc          ] GC(51) Pause Init Mark (unload classes) 0.170ms
[2026-04-03T03:32:11.078+0600][59.915s][info][gc,start    ] GC(51) Concurrent marking roots
[2026-04-03T03:32:11.078+0600][59.915s][info][gc,task     ] GC(51) Using 3 of 6 workers for concurrent marking roots
[2026-04-03T03:32:11.079+0600][59.916s][info][gc          ] GC(51) Concurrent marking roots 0.954ms
[2026-04-03T03:32:11.079+0600][59.916s][info][gc,start    ] GC(51) Concurrent marking (unload classes)
[2026-04-03T03:32:11.079+0600][59.916s][info][gc,task     ] GC(51) Using 3 of 6 workers for concurrent marking
[2026-04-03T03:32:11.253+0600][60.090s][info][gc          ] GC(51) Concurrent marking (unload classes) 174.203ms
[2026-04-03T03:32:11.253+0600][60.090s][info][gc,start    ] GC(51) Pause Final Mark (unload classes)
[2026-04-03T03:32:11.254+0600][60.090s][info][gc,task     ] GC(51) Using 6 of 6 workers for final marking
[2026-04-03T03:32:11.254+0600][60.091s][info][gc,ergo     ] GC(51) Adaptive CSet Selection. Target Free: 212M, Actual Free: 1069M, Max CSet: 64000K, Min Garbage: 0B
[2026-04-03T03:32:11.254+0600][60.091s][info][gc,ergo     ] GC(51) Collectable Garbage: 690M (99%), Immediate: 531M (76%), CSet: 159M (22%)
[2026-04-03T03:32:11.254+0600][60.091s][info][gc,ergo     ] GC(51) Pacer for Evacuation. Used CSet: 174M, Free: 1010M, Non-Taxable: 101M, Alloc Tax Rate: 1.1x
[2026-04-03T03:32:11.254+0600][60.091s][info][gc          ] GC(51) Pause Final Mark (unload classes) 0.775ms
[2026-04-03T03:32:11.254+0600][60.091s][info][gc,start    ] GC(51) Concurrent thread roots
[2026-04-03T03:32:11.255+0600][60.091s][info][gc,task     ] GC(51) Using 3 of 6 workers for Concurrent thread roots
[2026-04-03T03:32:11.255+0600][60.092s][info][gc          ] GC(51) Concurrent thread roots 0.923ms
[2026-04-03T03:32:11.255+0600][60.092s][info][gc,start    ] GC(51) Concurrent weak references
[2026-04-03T03:32:11.255+0600][60.092s][info][gc,task     ] GC(51) Using 3 of 6 workers for concurrent weak references
[2026-04-03T03:32:11.256+0600][60.092s][info][gc,ref      ] GC(51) Encountered references: Soft: 3340, Weak: 6760, Final: 84, Phantom: 601
[2026-04-03T03:32:11.256+0600][60.092s][info][gc,ref      ] GC(51) Discovered  references: Soft: 0, Weak: 522, Final: 0, Phantom: 596
[2026-04-03T03:32:11.256+0600][60.093s][info][gc,ref      ] GC(51) Enqueued    references: Soft: 0, Weak: 233, Final: 0, Phantom: 0
[2026-04-03T03:32:11.256+0600][60.093s][info][gc          ] GC(51) Concurrent weak references 0.429ms
[2026-04-03T03:32:11.256+0600][60.093s][info][gc,start    ] GC(51) Concurrent weak roots
[2026-04-03T03:32:11.256+0600][60.093s][info][gc,task     ] GC(51) Using 3 of 6 workers for concurrent weak root
[2026-04-03T03:32:11.258+0600][60.095s][info][gc          ] GC(51) Concurrent weak roots 2.607ms
[2026-04-03T03:32:11.259+0600][60.095s][info][gc,start    ] GC(51) Concurrent cleanup
[2026-04-03T03:32:11.259+0600][60.096s][info][gc          ] GC(51) Concurrent cleanup 942M->411M(1131M) 0.684ms
[2026-04-03T03:32:11.259+0600][60.096s][info][gc,ergo     ] GC(51) Free: 1007M, Max: 512K regular, 286M humongous, Frag: 72% external, 0% internal; Reserve: 76307K, Max: 512K
[2026-04-03T03:32:11.259+0600][60.096s][info][gc,start    ] GC(51) Concurrent class unloading
[2026-04-03T03:32:11.259+0600][60.096s][info][gc,task     ] GC(51) Using 3 of 6 workers for concurrent class unloading
[2026-04-03T03:32:11.284+0600][60.120s][info][gc          ] GC(51) Concurrent class unloading 24.510ms
[2026-04-03T03:32:11.284+0600][60.121s][info][gc,start    ] GC(51) Concurrent strong roots
[2026-04-03T03:32:11.284+0600][60.121s][info][gc,task     ] GC(51) Using 3 of 6 workers for concurrent strong root
[2026-04-03T03:32:11.285+0600][60.122s][info][gc          ] GC(51) Concurrent strong roots 1.358ms
[2026-04-03T03:32:11.285+0600][60.122s][info][gc,start    ] GC(51) Concurrent evacuation
[2026-04-03T03:32:11.285+0600][60.122s][info][gc,task     ] GC(51) Using 3 of 6 workers for concurrent evacuation
[2026-04-03T03:32:11.299+0600][60.136s][info][gc          ] GC(51) Concurrent evacuation 14.047ms
[2026-04-03T03:32:11.300+0600][60.137s][info][gc,start    ] GC(51) Pause Init Update Refs
[2026-04-03T03:32:11.300+0600][60.137s][info][gc,ergo     ] GC(51) Pacer for Update Refs. Used: 458M, Free: 977M, Non-Taxable: 100095K, Alloc Tax Rate: 1.1x
[2026-04-03T03:32:11.300+0600][60.137s][info][gc          ] GC(51) Pause Init Update Refs 0.251ms
[2026-04-03T03:32:11.300+0600][60.137s][info][gc,start    ] GC(51) Concurrent update references
[2026-04-03T03:32:11.300+0600][60.137s][info][gc,task     ] GC(51) Using 3 of 6 workers for concurrent reference update
[2026-04-03T03:32:11.405+0600][60.241s][info][gc          ] GC(51) Concurrent update references 104.598ms
[2026-04-03T03:32:11.405+0600][60.242s][info][gc,start    ] GC(51) Concurrent update thread roots
[2026-04-03T03:32:11.406+0600][60.243s][info][gc          ] GC(51) Concurrent update thread roots 1.052ms
[2026-04-03T03:32:11.406+0600][60.243s][info][gc,start    ] GC(51) Pause Final Update Refs
[2026-04-03T03:32:11.406+0600][60.243s][info][gc,task     ] GC(51) Using 6 of 6 workers for final reference update
[2026-04-03T03:32:11.406+0600][60.243s][info][gc          ] GC(51) Pause Final Update Refs 0.190ms
[2026-04-03T03:32:11.407+0600][60.243s][info][gc,start    ] GC(51) Concurrent cleanup
[2026-04-03T03:32:11.407+0600][60.244s][info][gc          ] GC(51) Concurrent cleanup 539M->366M(1131M) 0.299ms
[2026-04-03T03:32:11.407+0600][60.244s][info][gc,ergo     ] Free: 1052M, Max: 512K regular, 353M humongous, Frag: 67% external, 0% internal; Reserve: 76800K, Max: 512K
[2026-04-03T03:32:11.407+0600][60.244s][info][gc,stats    ] 
[2026-04-03T03:32:11.407+0600][60.244s][info][gc,stats    ] All times are wall-clock times, except per-root-class counters, that are sum over
[2026-04-03T03:32:11.407+0600][60.244s][info][gc,stats    ] all workers. Dividing the <total> over the root stage time estimates parallelism.
[2026-04-03T03:32:11.407+0600][60.244s][info][gc,stats    ] 
[2026-04-03T03:32:11.407+0600][60.244s][info][gc,stats    ] Concurrent Reset                    764 us
[2026-04-03T03:32:11.407+0600][60.244s][info][gc,stats    ] Pause Init Mark (G)                 331 us
[2026-04-03T03:32:11.407+0600][60.244s][info][gc,stats    ] Pause Init Mark (N)                 178 us
[2026-04-03T03:32:11.407+0600][60.244s][info][gc,stats    ]   Update Region States               27 us
[2026-04-03T03:32:11.407+0600][60.244s][info][gc,stats    ] Concurrent Mark Roots               991 us, parallelism: 1.72x
[2026-04-03T03:32:11.407+0600][60.244s][info][gc,stats    ]   CMR: <total>                     1701 us
[2026-04-03T03:32:11.407+0600][60.244s][info][gc,stats    ]   CMR: Thread Roots                1506 us, workers (us): 558, 406, 542, ---, ---, ---, 
[2026-04-03T03:32:11.407+0600][60.244s][info][gc,stats    ]   CMR: VM Strong Roots               35 us, workers (us):  18,  16,   1, ---, ---, ---, 
[2026-04-03T03:32:11.407+0600][60.244s][info][gc,stats    ]   CMR: CLDG Roots                   160 us, workers (us): ---, 160, ---, ---, ---, ---, 
[2026-04-03T03:32:11.407+0600][60.244s][info][gc,stats    ] Concurrent Marking               174286 us
[2026-04-03T03:32:11.407+0600][60.244s][info][gc,stats    ] Pause Final Mark (G)               1108 us
[2026-04-03T03:32:11.407+0600][60.244s][info][gc,stats    ] Pause Final Mark (N)                787 us
[2026-04-03T03:32:11.407+0600][60.244s][info][gc,stats    ]   Finish Mark                       312 us
[2026-04-03T03:32:11.407+0600][60.244s][info][gc,stats    ]   Update Region States               45 us
[2026-04-03T03:32:11.407+0600][60.244s][info][gc,stats    ]   Choose Collection Set             262 us
[2026-04-03T03:32:11.407+0600][60.244s][info][gc,stats    ]   Rebuild Free Set                   40 us
[2026-04-03T03:32:11.407+0600][60.244s][info][gc,stats    ] Concurrent Thread Roots             979 us, parallelism: 2.04x
[2026-04-03T03:32:11.407+0600][60.244s][info][gc,stats    ]   CTR: <total>                     1997 us
[2026-04-03T03:32:11.407+0600][60.244s][info][gc,stats    ]   CTR: Thread Roots                1997 us, workers (us): 687, 676, 634, ---, ---, ---, 
[2026-04-03T03:32:11.407+0600][60.244s][info][gc,stats    ] Concurrent Weak References          444 us, parallelism: 0.57x
[2026-04-03T03:32:11.407+0600][60.244s][info][gc,stats    ]   CWRF: <total>                     253 us
[2026-04-03T03:32:11.407+0600][60.244s][info][gc,stats    ]   CWRF: Weak References             253 us, workers (us): 104, 147,   1, ---, ---, ---, 
[2026-04-03T03:32:11.407+0600][60.244s][info][gc,stats    ] Concurrent Weak Roots              2668 us
[2026-04-03T03:32:11.407+0600][60.244s][info][gc,stats    ]   Roots                            2374 us, parallelism: 2.60x
[2026-04-03T03:32:11.407+0600][60.244s][info][gc,stats    ]     CWR: <total>                   6180 us
[2026-04-03T03:32:11.407+0600][60.244s][info][gc,stats    ]     CWR: Code Cache Roots          3837 us, workers (us): 1208, 1281, 1349, ---, ---, ---, 
[2026-04-03T03:32:11.407+0600][60.244s][info][gc,stats    ]     CWR: VM Weak Roots             2225 us, workers (us): 781, 744, 700, ---, ---, ---, 
[2026-04-03T03:32:11.407+0600][60.244s][info][gc,stats    ]     CWR: CLDG Roots                 118 us, workers (us): 118, ---, ---, ---, ---, ---, 
[2026-04-03T03:32:11.407+0600][60.244s][info][gc,stats    ]   Rendezvous                        202 us
[2026-04-03T03:32:11.407+0600][60.244s][info][gc,stats    ] Concurrent Cleanup                  701 us
[2026-04-03T03:32:11.407+0600][60.244s][info][gc,stats    ] Concurrent Class Unloading        24626 us
[2026-04-03T03:32:11.407+0600][60.244s][info][gc,stats    ]   Unlink Stale                    23483 us
[2026-04-03T03:32:11.407+0600][60.244s][info][gc,stats    ]     System Dictionary               221 us
[2026-04-03T03:32:11.407+0600][60.244s][info][gc,stats    ]     Weak Class Links              15192 us
[2026-04-03T03:32:11.407+0600][60.244s][info][gc,stats    ]     Code Roots                     8063 us
[2026-04-03T03:32:11.407+0600][60.244s][info][gc,stats    ]   Rendezvous                        435 us
[2026-04-03T03:32:11.407+0600][60.244s][info][gc,stats    ]   Purge Unlinked                    564 us
[2026-04-03T03:32:11.407+0600][60.244s][info][gc,stats    ]     Code Roots                      522 us
[2026-04-03T03:32:11.407+0600][60.244s][info][gc,stats    ]     CLDG                             41 us
[2026-04-03T03:32:11.407+0600][60.244s][info][gc,stats    ]     Exception Caches                  1 us
[2026-04-03T03:32:11.407+0600][60.244s][info][gc,stats    ] Concurrent Strong Roots            1464 us, parallelism: 0.62x
[2026-04-03T03:32:11.407+0600][60.244s][info][gc,stats    ]   CSR: <total>                      910 us
[2026-04-03T03:32:11.407+0600][60.244s][info][gc,stats    ]   CSR: VM Strong Roots               81 us, workers (us):  48,  33,   0, ---, ---, ---, 
[2026-04-03T03:32:11.407+0600][60.244s][info][gc,stats    ]   CSR: CLDG Roots                   829 us, workers (us): 829, ---, ---, ---, ---, ---, 
[2026-04-03T03:32:11.407+0600][60.244s][info][gc,stats    ] Concurrent Evacuation             14158 us
[2026-04-03T03:32:11.407+0600][60.244s][info][gc,stats    ] Pause Init Update Refs (G)          582 us
[2026-04-03T03:32:11.407+0600][60.244s][info][gc,stats    ] Pause Init Update Refs (N)          265 us
[2026-04-03T03:32:11.407+0600][60.244s][info][gc,stats    ]   Manage GCLABs                      80 us
[2026-04-03T03:32:11.407+0600][60.244s][info][gc,stats    ] Concurrent Update Refs           104693 us
[2026-04-03T03:32:11.408+0600][60.244s][info][gc,stats    ] Concurrent Update Thread Roots     1090 us
[2026-04-03T03:32:11.408+0600][60.244s][info][gc,stats    ] Pause Final Update Refs (G)         631 us
[2026-04-03T03:32:11.408+0600][60.244s][info][gc,stats    ] Pause Final Update Refs (N)         251 us
[2026-04-03T03:32:11.408+0600][60.244s][info][gc,stats    ]   Update Region States               50 us
[2026-04-03T03:32:11.408+0600][60.244s][info][gc,stats    ]   Trash Collection Set               12 us
[2026-04-03T03:32:11.408+0600][60.244s][info][gc,stats    ]   Rebuild Free Set                   38 us
[2026-04-03T03:32:11.408+0600][60.244s][info][gc,stats    ] Concurrent Cleanup                  319 us
[2026-04-03T03:32:11.408+0600][60.244s][info][gc,stats    ] Pacing                           289656 us
[2026-04-03T03:32:11.408+0600][60.244s][info][gc,stats    ] 
[2026-04-03T03:32:11.408+0600][60.244s][info][gc,stats    ] Allocation pacing accrued:
[2026-04-03T03:32:11.408+0600][60.244s][info][gc,stats    ]      11 of  1337 ms (  0.8%): Spark Context Cleaner
[2026-04-03T03:32:11.408+0600][60.244s][info][gc,stats    ]     100 of  1337 ms (  7.5%): Executor task launch worker for task 2.0 in stage 38.0 (TID 56)
[2026-04-03T03:32:11.408+0600][60.244s][info][gc,stats    ]      88 of  1337 ms (  6.6%): Executor task launch worker for task 1.0 in stage 38.0 (TID 55)
[2026-04-03T03:32:11.408+0600][60.244s][info][gc,stats    ]      90 of  1337 ms (  6.7%): Executor task launch worker for task 0.0 in stage 38.0 (TID 54)
[2026-04-03T03:32:11.408+0600][60.244s][info][gc,stats    ]     290 of  1337 ms ( 21.7%): <total>
[2026-04-03T03:32:11.408+0600][60.244s][info][gc,stats    ]       1 of  1337 ms (  0.1%): <average total>
[2026-04-03T03:32:11.408+0600][60.244s][info][gc,stats    ]      72 of  1337 ms (  5.4%): <average non-zero>
[2026-04-03T03:32:11.408+0600][60.244s][info][gc,stats    ] 
[2026-04-03T03:32:11.408+0600][60.244s][info][gc,metaspace] Metaspace: 73206K(74048K)->73216K(74048K) NonClass: 63922K(64384K)->63932K(64384K) Class: 9284K(9664K)->9283K(9664K)
[2026-04-03T03:32:11.408+0600][60.244s][info][gc,ergo     ] Pacer for Idle. Initial: 30720K, Alloc Tax Rate: 1.0x
[2026-04-03T03:32:11.509+0600][60.346s][info][gc          ] Trigger: Average GC time (738.45 ms) is above the time for instantaneous allocation rate (1189 MB/s) to deplete free headroom (857M) (spike threshold = 1.81)
[2026-04-03T03:32:11.509+0600][60.346s][info][gc,ergo     ] Free: 932M, Max: 512K regular, 353M humongous, Frag: 63% external, 0% internal; Reserve: 76800K, Max: 512K
[2026-04-03T03:32:11.509+0600][60.346s][info][gc,start    ] GC(52) Concurrent reset
[2026-04-03T03:32:11.509+0600][60.346s][info][gc,task     ] GC(52) Using 3 of 6 workers for concurrent reset
[2026-04-03T03:32:11.509+0600][60.346s][info][gc,ergo     ] GC(52) Pacer for Reset. Non-Taxable: 1500M
[2026-04-03T03:32:11.510+0600][60.347s][info][gc          ] GC(52) Concurrent reset 1.040ms
[2026-04-03T03:32:11.510+0600][60.347s][info][gc,start    ] GC(52) Pause Init Mark (unload classes)
[2026-04-03T03:32:11.510+0600][60.347s][info][gc,task     ] GC(52) Using 6 of 6 workers for init marking
[2026-04-03T03:32:11.510+0600][60.347s][info][gc,ergo     ] GC(52) Pacer for Mark. Expected Live: 232M, Free: 931M, Non-Taxable: 95385K, Alloc Tax Rate: 0.3x
[2026-04-03T03:32:11.510+0600][60.347s][info][gc          ] GC(52) Pause Init Mark (unload classes) 0.131ms
[2026-04-03T03:32:11.511+0600][60.347s][info][gc,start    ] GC(52) Concurrent marking roots
[2026-04-03T03:32:11.511+0600][60.347s][info][gc,task     ] GC(52) Using 3 of 6 workers for concurrent marking roots
[2026-04-03T03:32:11.512+0600][60.348s][info][gc          ] GC(52) Concurrent marking roots 1.030ms
[2026-04-03T03:32:11.512+0600][60.348s][info][gc,start    ] GC(52) Concurrent marking (unload classes)
[2026-04-03T03:32:11.512+0600][60.348s][info][gc,task     ] GC(52) Using 3 of 6 workers for concurrent marking
[2026-04-03T03:32:11.862+0600][60.699s][info][gc          ] GC(52) Concurrent marking (unload classes) 350.575ms
[2026-04-03T03:32:11.863+0600][60.699s][info][gc,start    ] GC(52) Pause Final Mark (unload classes)
[2026-04-03T03:32:11.863+0600][60.699s][info][gc,task     ] GC(52) Using 6 of 6 workers for final marking
[2026-04-03T03:32:11.863+0600][60.700s][info][gc,ergo     ] GC(52) Adaptive CSet Selection. Target Free: 212M, Actual Free: 948M, Max CSet: 64000K, Min Garbage: 0B
[2026-04-03T03:32:11.864+0600][60.700s][info][gc,ergo     ] GC(52) Collectable Garbage: 270M (97%), Immediate: 5632K (1%), CSet: 265M (95%)
[2026-04-03T03:32:11.864+0600][60.700s][info][gc,ergo     ] GC(52) Pacer for Evacuation. Used CSet: 311M, Free: 877M, Non-Taxable: 89820K, Alloc Tax Rate: 1.1x
[2026-04-03T03:32:11.864+0600][60.700s][info][gc          ] GC(52) Pause Final Mark (unload classes) 1.149ms
[2026-04-03T03:32:11.864+0600][60.700s][info][gc,start    ] GC(52) Concurrent thread roots
[2026-04-03T03:32:11.864+0600][60.701s][info][gc,task     ] GC(52) Using 3 of 6 workers for Concurrent thread roots
[2026-04-03T03:32:11.865+0600][60.702s][info][gc          ] GC(52) Concurrent thread roots 1.424ms
[2026-04-03T03:32:11.865+0600][60.702s][info][gc,start    ] GC(52) Concurrent weak references
[2026-04-03T03:32:11.865+0600][60.702s][info][gc,task     ] GC(52) Using 3 of 6 workers for concurrent weak references
[2026-04-03T03:32:11.867+0600][60.703s][info][gc,ref      ] GC(52) Encountered references: Soft: 3340, Weak: 6547, Final: 84, Phantom: 599
[2026-04-03T03:32:11.867+0600][60.703s][info][gc,ref      ] GC(52) Discovered  references: Soft: 0, Weak: 4589, Final: 68, Phantom: 596
[2026-04-03T03:32:11.867+0600][60.703s][info][gc,ref      ] GC(52) Enqueued    references: Soft: 0, Weak: 16, Final: 0, Phantom: 0
[2026-04-03T03:32:11.867+0600][60.703s][info][gc          ] GC(52) Concurrent weak references 1.512ms
[2026-04-03T03:32:11.867+0600][60.704s][info][gc,start    ] GC(52) Concurrent weak roots
[2026-04-03T03:32:11.867+0600][60.704s][info][gc,task     ] GC(52) Using 3 of 6 workers for concurrent weak root
[2026-04-03T03:32:11.870+0600][60.707s][info][gc          ] GC(52) Concurrent weak roots 3.441ms
[2026-04-03T03:32:11.870+0600][60.707s][info][gc,start    ] GC(52) Concurrent cleanup
[2026-04-03T03:32:11.871+0600][60.707s][info][gc          ] GC(52) Concurrent cleanup 549M->543M(1131M) 0.237ms
[2026-04-03T03:32:11.871+0600][60.707s][info][gc,ergo     ] GC(52) Free: 875M, Max: 512K regular, 353M humongous, Frag: 60% external, 0% internal; Reserve: 75132K, Max: 512K
[2026-04-03T03:32:11.871+0600][60.707s][info][gc,start    ] GC(52) Concurrent class unloading
[2026-04-03T03:32:11.871+0600][60.707s][info][gc,task     ] GC(52) Using 3 of 6 workers for concurrent class unloading
[2026-04-03T03:32:11.880+0600][60.716s][info][gc          ] GC(52) Concurrent class unloading 9.092ms
[2026-04-03T03:32:11.880+0600][60.717s][info][gc,start    ] GC(52) Concurrent strong roots
[2026-04-03T03:32:11.880+0600][60.717s][info][gc,task     ] GC(52) Using 3 of 6 workers for concurrent strong root
[2026-04-03T03:32:11.881+0600][60.718s][info][gc          ] GC(52) Concurrent strong roots 1.292ms
[2026-04-03T03:32:11.881+0600][60.718s][info][gc,start    ] GC(52) Concurrent evacuation
[2026-04-03T03:32:11.881+0600][60.718s][info][gc,task     ] GC(52) Using 3 of 6 workers for concurrent evacuation
[2026-04-03T03:32:11.928+0600][60.765s][info][gc          ] GC(52) Concurrent evacuation 46.637ms
[2026-04-03T03:32:11.928+0600][60.765s][info][gc,start    ] GC(52) Pause Init Update Refs
[2026-04-03T03:32:11.928+0600][60.765s][info][gc,ergo     ] GC(52) Pacer for Update Refs. Used: 595M, Free: 868M, Non-Taxable: 88934K, Alloc Tax Rate: 1.1x
[2026-04-03T03:32:11.928+0600][60.765s][info][gc          ] GC(52) Pause Init Update Refs 0.144ms
[2026-04-03T03:32:11.929+0600][60.765s][info][gc,start    ] GC(52) Concurrent update references
[2026-04-03T03:32:11.929+0600][60.765s][info][gc,task     ] GC(52) Using 3 of 6 workers for concurrent reference update
[2026-04-03T03:32:12.127+0600][60.964s][info][gc          ] GC(52) Concurrent update references 198.655ms
[2026-04-03T03:32:12.127+0600][60.964s][info][gc,start    ] GC(52) Concurrent update thread roots
[2026-04-03T03:32:12.129+0600][60.965s][info][gc          ] GC(52) Concurrent update thread roots 1.470ms
[2026-04-03T03:32:12.129+0600][60.966s][info][gc,start    ] GC(52) Pause Final Update Refs
[2026-04-03T03:32:12.129+0600][60.966s][info][gc,task     ] GC(52) Using 6 of 6 workers for final reference update
[2026-04-03T03:32:12.129+0600][60.966s][info][gc          ] GC(52) Pause Final Update Refs 0.202ms
[2026-04-03T03:32:12.129+0600][60.966s][info][gc,start    ] GC(52) Concurrent cleanup
[2026-04-03T03:32:12.130+0600][60.966s][info][gc          ] GC(52) Concurrent cleanup 619M->307M(1131M) 0.312ms
[2026-04-03T03:32:12.130+0600][60.966s][info][gc,ergo     ] Free: 1103M, Max: 512K regular, 416M humongous, Frag: 63% external, 0% internal; Reserve: 76800K, Max: 512K
[2026-04-03T03:32:12.130+0600][60.966s][info][gc,stats    ] 
[2026-04-03T03:32:12.130+0600][60.966s][info][gc,stats    ] All times are wall-clock times, except per-root-class counters, that are sum over
[2026-04-03T03:32:12.130+0600][60.967s][info][gc,stats    ] all workers. Dividing the <total> over the root stage time estimates parallelism.
[2026-04-03T03:32:12.130+0600][60.967s][info][gc,stats    ] 
[2026-04-03T03:32:12.130+0600][60.967s][info][gc,stats    ] Concurrent Reset                   1106 us
[2026-04-03T03:32:12.130+0600][60.967s][info][gc,stats    ] Pause Init Mark (G)                 344 us
[2026-04-03T03:32:12.130+0600][60.967s][info][gc,stats    ] Pause Init Mark (N)                 142 us
[2026-04-03T03:32:12.130+0600][60.967s][info][gc,stats    ]   Update Region States               25 us
[2026-04-03T03:32:12.130+0600][60.967s][info][gc,stats    ] Concurrent Mark Roots              1065 us, parallelism: 1.87x
[2026-04-03T03:32:12.130+0600][60.967s][info][gc,stats    ]   CMR: <total>                     1996 us
[2026-04-03T03:32:12.130+0600][60.967s][info][gc,stats    ]   CMR: Thread Roots                1673 us, workers (us): 657, 385, 631, ---, ---, ---, 
[2026-04-03T03:32:12.130+0600][60.967s][info][gc,stats    ]   CMR: VM Strong Roots               46 us, workers (us):  23,  22,   1, ---, ---, ---, 
[2026-04-03T03:32:12.130+0600][60.967s][info][gc,stats    ]   CMR: CLDG Roots                   277 us, workers (us): ---, 277, ---, ---, ---, ---, 
[2026-04-03T03:32:12.130+0600][60.967s][info][gc,stats    ] Concurrent Marking               350699 us
[2026-04-03T03:32:12.130+0600][60.967s][info][gc,stats    ] Pause Final Mark (G)               1496 us
[2026-04-03T03:32:12.130+0600][60.967s][info][gc,stats    ] Pause Final Mark (N)               1193 us
[2026-04-03T03:32:12.130+0600][60.967s][info][gc,stats    ]   Finish Mark                       382 us
[2026-04-03T03:32:12.130+0600][60.967s][info][gc,stats    ]   Update Region States              107 us
[2026-04-03T03:32:12.130+0600][60.967s][info][gc,stats    ]   Choose Collection Set             444 us
[2026-04-03T03:32:12.130+0600][60.967s][info][gc,stats    ]   Rebuild Free Set                   45 us
[2026-04-03T03:32:12.130+0600][60.967s][info][gc,stats    ] Concurrent Thread Roots            1477 us, parallelism: 2.41x
[2026-04-03T03:32:12.130+0600][60.967s][info][gc,stats    ]   CTR: <total>                     3554 us
[2026-04-03T03:32:12.130+0600][60.967s][info][gc,stats    ]   CTR: Thread Roots                3554 us, workers (us): 1231, 1152, 1172, ---, ---, ---, 
[2026-04-03T03:32:12.130+0600][60.967s][info][gc,stats    ] Concurrent Weak References         1565 us, parallelism: 0.89x
[2026-04-03T03:32:12.130+0600][60.967s][info][gc,stats    ]   CWRF: <total>                    1389 us
[2026-04-03T03:32:12.130+0600][60.967s][info][gc,stats    ]   CWRF: Weak References            1389 us, workers (us):  70, 1208, 110, ---, ---, ---, 
[2026-04-03T03:32:12.130+0600][60.967s][info][gc,stats    ] Concurrent Weak Roots              3535 us
[2026-04-03T03:32:12.130+0600][60.967s][info][gc,stats    ]   Roots                            3004 us, parallelism: 2.58x
[2026-04-03T03:32:12.130+0600][60.967s][info][gc,stats    ]     CWR: <total>                   7742 us
[2026-04-03T03:32:12.130+0600][60.967s][info][gc,stats    ]     CWR: Code Cache Roots          4964 us, workers (us): 1720, 1698, 1546, ---, ---, ---, 
[2026-04-03T03:32:12.130+0600][60.967s][info][gc,stats    ]     CWR: VM Weak Roots             2594 us, workers (us): 912, 864, 818, ---, ---, ---, 
[2026-04-03T03:32:12.130+0600][60.967s][info][gc,stats    ]     CWR: CLDG Roots                 184 us, workers (us): ---, ---, 184, ---, ---, ---, 
[2026-04-03T03:32:12.130+0600][60.967s][info][gc,stats    ]   Rendezvous                        397 us
[2026-04-03T03:32:12.130+0600][60.967s][info][gc,stats    ] Concurrent Cleanup                  257 us
[2026-04-03T03:32:12.130+0600][60.967s][info][gc,stats    ] Concurrent Class Unloading         9210 us
[2026-04-03T03:32:12.130+0600][60.967s][info][gc,stats    ]   Unlink Stale                     8480 us
[2026-04-03T03:32:12.130+0600][60.967s][info][gc,stats    ]     System Dictionary               150 us
[2026-04-03T03:32:12.130+0600][60.967s][info][gc,stats    ]     Weak Class Links                  1 us
[2026-04-03T03:32:12.130+0600][60.967s][info][gc,stats    ]     Code Roots                     8324 us
[2026-04-03T03:32:12.130+0600][60.967s][info][gc,stats    ]   Rendezvous                        416 us
[2026-04-03T03:32:12.130+0600][60.967s][info][gc,stats    ]   Purge Unlinked                    153 us
[2026-04-03T03:32:12.130+0600][60.967s][info][gc,stats    ]     Code Roots                      138 us
[2026-04-03T03:32:12.130+0600][60.967s][info][gc,stats    ]     CLDG                             14 us
[2026-04-03T03:32:12.130+0600][60.967s][info][gc,stats    ]     Exception Caches                  1 us
[2026-04-03T03:32:12.130+0600][60.967s][info][gc,stats    ] Concurrent Strong Roots            1366 us, parallelism: 0.65x
[2026-04-03T03:32:12.130+0600][60.967s][info][gc,stats    ]   CSR: <total>                      893 us
[2026-04-03T03:32:12.130+0600][60.967s][info][gc,stats    ]   CSR: VM Strong Roots               71 us, workers (us):  68,   2,   1, ---, ---, ---, 
[2026-04-03T03:32:12.130+0600][60.967s][info][gc,stats    ]   CSR: CLDG Roots                   822 us, workers (us): 822, ---, ---, ---, ---, ---, 
[2026-04-03T03:32:12.130+0600][60.967s][info][gc,stats    ] Concurrent Evacuation             46749 us
[2026-04-03T03:32:12.130+0600][60.967s][info][gc,stats    ] Pause Init Update Refs (G)          447 us
[2026-04-03T03:32:12.130+0600][60.967s][info][gc,stats    ] Pause Init Update Refs (N)          160 us
[2026-04-03T03:32:12.130+0600][60.967s][info][gc,stats    ]   Manage GCLABs                      63 us
[2026-04-03T03:32:12.130+0600][60.967s][info][gc,stats    ] Concurrent Update Refs           198756 us
[2026-04-03T03:32:12.130+0600][60.967s][info][gc,stats    ] Concurrent Update Thread Roots     1544 us
[2026-04-03T03:32:12.130+0600][60.967s][info][gc,stats    ] Pause Final Update Refs (G)         533 us
[2026-04-03T03:32:12.130+0600][60.967s][info][gc,stats    ] Pause Final Update Refs (N)         219 us
[2026-04-03T03:32:12.130+0600][60.967s][info][gc,stats    ]   Update Region States               63 us
[2026-04-03T03:32:12.130+0600][60.967s][info][gc,stats    ]   Trash Collection Set               18 us
[2026-04-03T03:32:12.130+0600][60.967s][info][gc,stats    ]   Rebuild Free Set                   35 us
[2026-04-03T03:32:12.130+0600][60.967s][info][gc,stats    ] Concurrent Cleanup                  360 us
[2026-04-03T03:32:12.131+0600][60.967s][info][gc,stats    ] 
[2026-04-03T03:32:12.131+0600][60.967s][info][gc,stats    ] Allocation pacing accrued:
[2026-04-03T03:32:12.131+0600][60.967s][info][gc,stats    ]       0 of   723 ms (  0.0%): <total>
[2026-04-03T03:32:12.131+0600][60.967s][info][gc,stats    ]       0 of   723 ms (  0.0%): <average total>
[2026-04-03T03:32:12.131+0600][60.967s][info][gc,stats    ] 
[2026-04-03T03:32:12.131+0600][60.967s][info][gc,metaspace] Metaspace: 73216K(74048K)->73216K(74048K) NonClass: 63932K(64384K)->63932K(64384K) Class: 9283K(9664K)->9283K(9664K)
[2026-04-03T03:32:12.131+0600][60.967s][info][gc,ergo     ] Pacer for Idle. Initial: 30720K, Alloc Tax Rate: 1.0x
[2026-04-03T03:32:12.534+0600][61.370s][info][gc          ] Trigger: Average GC time (811.32 ms) is above the time for average allocation rate (915 MB/s) to deplete free headroom (718M) (margin of error = 1.80)
[2026-04-03T03:32:12.534+0600][61.371s][info][gc,ergo     ] Free headroom: 793M (free) - 76800K (spike) - 0B (penalties) = 718M
[2026-04-03T03:32:12.534+0600][61.371s][info][gc,ergo     ] Free: 793M, Max: 512K regular, 381M humongous, Frag: 52% external, 0% internal; Reserve: 76800K, Max: 512K
[2026-04-03T03:32:12.534+0600][61.371s][info][gc,start    ] GC(53) Concurrent reset
[2026-04-03T03:32:12.534+0600][61.371s][info][gc,task     ] GC(53) Using 3 of 6 workers for concurrent reset
[2026-04-03T03:32:12.534+0600][61.371s][info][gc,ergo     ] GC(53) Pacer for Reset. Non-Taxable: 1500M
[2026-04-03T03:32:12.535+0600][61.372s][info][gc          ] GC(53) Concurrent reset 1.399ms
[2026-04-03T03:32:12.536+0600][61.372s][info][gc,start    ] GC(53) Pause Init Mark (unload classes)
[2026-04-03T03:32:12.536+0600][61.372s][info][gc,task     ] GC(53) Using 6 of 6 workers for init marking
[2026-04-03T03:32:12.536+0600][61.372s][info][gc,ergo     ] GC(53) Pacer for Mark. Expected Live: 222M, Free: 792M, Non-Taxable: 81185K, Alloc Tax Rate: 0.3x
[2026-04-03T03:32:12.536+0600][61.372s][info][gc          ] GC(53) Pause Init Mark (unload classes) 0.138ms
[2026-04-03T03:32:12.536+0600][61.373s][info][gc,start    ] GC(53) Concurrent marking roots
[2026-04-03T03:32:12.536+0600][61.373s][info][gc,task     ] GC(53) Using 3 of 6 workers for concurrent marking roots
[2026-04-03T03:32:12.537+0600][61.373s][info][gc          ] GC(53) Concurrent marking roots 0.935ms
[2026-04-03T03:32:12.537+0600][61.374s][info][gc,start    ] GC(53) Concurrent marking (unload classes)
[2026-04-03T03:32:12.537+0600][61.374s][info][gc,task     ] GC(53) Using 3 of 6 workers for concurrent marking
[2026-04-03T03:32:12.822+0600][61.658s][info][gc          ] GC(53) Concurrent marking (unload classes) 284.706ms
[2026-04-03T03:32:12.822+0600][61.659s][info][gc,start    ] GC(53) Pause Final Mark (unload classes)
[2026-04-03T03:32:12.822+0600][61.659s][info][gc,task     ] GC(53) Using 6 of 6 workers for final marking
[2026-04-03T03:32:12.822+0600][61.659s][info][gc,ergo     ] GC(53) Adaptive CSet Selection. Target Free: 212M, Actual Free: 973M, Max CSet: 64000K, Min Garbage: 0B
[2026-04-03T03:32:12.823+0600][61.659s][info][gc,ergo     ] GC(53) Collectable Garbage: 371M (98%), Immediate: 138M (36%), CSet: 233M (61%)
[2026-04-03T03:32:12.823+0600][61.659s][info][gc,ergo     ] GC(53) Pacer for Evacuation. Used CSet: 269M, Free: 923M, Non-Taxable: 94617K, Alloc Tax Rate: 1.1x
[2026-04-03T03:32:12.823+0600][61.659s][info][gc          ] GC(53) Pause Final Mark (unload classes) 0.872ms
[2026-04-03T03:32:12.823+0600][61.660s][info][gc,start    ] GC(53) Concurrent thread roots
[2026-04-03T03:32:12.823+0600][61.660s][info][gc,task     ] GC(53) Using 3 of 6 workers for Concurrent thread roots
[2026-04-03T03:32:12.824+0600][61.661s][info][gc          ] GC(53) Concurrent thread roots 1.328ms
[2026-04-03T03:32:12.824+0600][61.661s][info][gc,start    ] GC(53) Concurrent weak references
[2026-04-03T03:32:12.824+0600][61.661s][info][gc,task     ] GC(53) Using 3 of 6 workers for concurrent weak references
[2026-04-03T03:32:12.824+0600][61.661s][info][gc,ref      ] GC(53) Encountered references: Soft: 3348, Weak: 6562, Final: 84, Phantom: 598
[2026-04-03T03:32:12.824+0600][61.661s][info][gc,ref      ] GC(53) Discovered  references: Soft: 0, Weak: 536, Final: 0, Phantom: 595
[2026-04-03T03:32:12.825+0600][61.661s][info][gc,ref      ] GC(53) Enqueued    references: Soft: 0, Weak: 10, Final: 0, Phantom: 0
[2026-04-03T03:32:12.825+0600][61.661s][info][gc          ] GC(53) Concurrent weak references 0.304ms
[2026-04-03T03:32:12.825+0600][61.661s][info][gc,start    ] GC(53) Concurrent weak roots
[2026-04-03T03:32:12.825+0600][61.661s][info][gc,task     ] GC(53) Using 3 of 6 workers for concurrent weak root
[2026-04-03T03:32:12.828+0600][61.664s][info][gc          ] GC(53) Concurrent weak roots 3.083ms
[2026-04-03T03:32:12.828+0600][61.664s][info][gc,start    ] GC(53) Concurrent cleanup
[2026-04-03T03:32:12.828+0600][61.665s][info][gc          ] GC(53) Concurrent cleanup 624M->486M(1131M) 0.615ms
[2026-04-03T03:32:12.828+0600][61.665s][info][gc,ergo     ] GC(53) Free: 923M, Max: 512K regular, 348M humongous, Frag: 63% external, 0% internal; Reserve: 76159K, Max: 512K
[2026-04-03T03:32:12.828+0600][61.665s][info][gc,start    ] GC(53) Concurrent class unloading
[2026-04-03T03:32:12.828+0600][61.665s][info][gc,task     ] GC(53) Using 3 of 6 workers for concurrent class unloading
[2026-04-03T03:32:12.836+0600][61.672s][info][gc          ] GC(53) Concurrent class unloading 7.298ms
[2026-04-03T03:32:12.836+0600][61.672s][info][gc,start    ] GC(53) Concurrent strong roots
[2026-04-03T03:32:12.836+0600][61.672s][info][gc,task     ] GC(53) Using 3 of 6 workers for concurrent strong root
[2026-04-03T03:32:12.837+0600][61.674s][info][gc          ] GC(53) Concurrent strong roots 1.202ms
[2026-04-03T03:32:12.837+0600][61.674s][info][gc,start    ] GC(53) Concurrent evacuation
[2026-04-03T03:32:12.837+0600][61.674s][info][gc,task     ] GC(53) Using 3 of 6 workers for concurrent evacuation
[2026-04-03T03:32:12.871+0600][61.707s][info][gc          ] GC(53) Concurrent evacuation 33.742ms
[2026-04-03T03:32:12.871+0600][61.708s][info][gc,start    ] GC(53) Pause Init Update Refs
[2026-04-03T03:32:12.871+0600][61.708s][info][gc,ergo     ] GC(53) Pacer for Update Refs. Used: 522M, Free: 923M, Non-Taxable: 94565K, Alloc Tax Rate: 1.1x
[2026-04-03T03:32:12.871+0600][61.708s][info][gc          ] GC(53) Pause Init Update Refs 0.181ms
[2026-04-03T03:32:12.872+0600][61.708s][info][gc,start    ] GC(53) Concurrent update references
[2026-04-03T03:32:12.872+0600][61.708s][info][gc,task     ] GC(53) Using 3 of 6 workers for concurrent reference update
[2026-04-03T03:32:13.014+0600][61.851s][info][gc          ] GC(53) Concurrent update references 142.742ms
[2026-04-03T03:32:13.014+0600][61.851s][info][gc,start    ] GC(53) Concurrent update thread roots
[2026-04-03T03:32:13.016+0600][61.852s][info][gc          ] GC(53) Concurrent update thread roots 1.165ms
[2026-04-03T03:32:13.016+0600][61.852s][info][gc,start    ] GC(53) Pause Final Update Refs
[2026-04-03T03:32:13.016+0600][61.852s][info][gc,task     ] GC(53) Using 6 of 6 workers for final reference update
[2026-04-03T03:32:13.016+0600][61.853s][info][gc          ] GC(53) Pause Final Update Refs 0.176ms
[2026-04-03T03:32:13.016+0600][61.853s][info][gc,start    ] GC(53) Concurrent cleanup
[2026-04-03T03:32:13.017+0600][61.853s][info][gc          ] GC(53) Concurrent cleanup 579M->310M(1131M) 0.556ms
[2026-04-03T03:32:13.017+0600][61.853s][info][gc,ergo     ] Free: 1092M, Max: 512K regular, 348M humongous, Frag: 69% external, 0% internal; Reserve: 76800K, Max: 512K
[2026-04-03T03:32:13.017+0600][61.853s][info][gc,stats    ] 
[2026-04-03T03:32:13.017+0600][61.853s][info][gc,stats    ] All times are wall-clock times, except per-root-class counters, that are sum over
[2026-04-03T03:32:13.017+0600][61.853s][info][gc,stats    ] all workers. Dividing the <total> over the root stage time estimates parallelism.
[2026-04-03T03:32:13.017+0600][61.853s][info][gc,stats    ] 
[2026-04-03T03:32:13.017+0600][61.853s][info][gc,stats    ] Concurrent Reset                   1464 us
[2026-04-03T03:32:13.017+0600][61.853s][info][gc,stats    ] Pause Init Mark (G)                 421 us
[2026-04-03T03:32:13.017+0600][61.853s][info][gc,stats    ] Pause Init Mark (N)                 149 us
[2026-04-03T03:32:13.017+0600][61.853s][info][gc,stats    ]   Update Region States               25 us
[2026-04-03T03:32:13.017+0600][61.853s][info][gc,stats    ] Concurrent Mark Roots              1009 us, parallelism: 1.77x
[2026-04-03T03:32:13.017+0600][61.853s][info][gc,stats    ]   CMR: <total>                     1781 us
[2026-04-03T03:32:13.017+0600][61.853s][info][gc,stats    ]   CMR: Thread Roots                1510 us, workers (us): 577, 365, 569, ---, ---, ---, 
[2026-04-03T03:32:13.017+0600][61.853s][info][gc,stats    ]   CMR: VM Strong Roots               36 us, workers (us):  27,   8,   1, ---, ---, ---, 
[2026-04-03T03:32:13.017+0600][61.853s][info][gc,stats    ]   CMR: CLDG Roots                   236 us, workers (us): ---, 236, ---, ---, ---, ---, 
[2026-04-03T03:32:13.017+0600][61.853s][info][gc,stats    ] Concurrent Marking               284815 us
[2026-04-03T03:32:13.017+0600][61.853s][info][gc,stats    ] Pause Final Mark (G)               1163 us
[2026-04-03T03:32:13.017+0600][61.853s][info][gc,stats    ] Pause Final Mark (N)                886 us
[2026-04-03T03:32:13.017+0600][61.853s][info][gc,stats    ]   Finish Mark                       288 us
[2026-04-03T03:32:13.017+0600][61.853s][info][gc,stats    ]   Update Region States               53 us
[2026-04-03T03:32:13.017+0600][61.853s][info][gc,stats    ]   Choose Collection Set             328 us
[2026-04-03T03:32:13.017+0600][61.853s][info][gc,stats    ]   Rebuild Free Set                   71 us
[2026-04-03T03:32:13.017+0600][61.853s][info][gc,stats    ] Concurrent Thread Roots            1363 us, parallelism: 2.43x
[2026-04-03T03:32:13.017+0600][61.853s][info][gc,stats    ]   CTR: <total>                     3308 us
[2026-04-03T03:32:13.017+0600][61.853s][info][gc,stats    ]   CTR: Thread Roots                3308 us, workers (us): 1141, 1089, 1079, ---, ---, ---, 
[2026-04-03T03:32:13.017+0600][61.854s][info][gc,stats    ] Concurrent Weak References          318 us, parallelism: 0.75x
[2026-04-03T03:32:13.017+0600][61.854s][info][gc,stats    ]   CWRF: <total>                     239 us
[2026-04-03T03:32:13.017+0600][61.854s][info][gc,stats    ]   CWRF: Weak References             239 us, workers (us):  91,  89,  58, ---, ---, ---, 
[2026-04-03T03:32:13.017+0600][61.854s][info][gc,stats    ] Concurrent Weak Roots              3130 us
[2026-04-03T03:32:13.017+0600][61.854s][info][gc,stats    ]   Roots                            2730 us, parallelism: 2.58x
[2026-04-03T03:32:13.017+0600][61.854s][info][gc,stats    ]     CWR: <total>                   7036 us
[2026-04-03T03:32:13.017+0600][61.854s][info][gc,stats    ]     CWR: Code Cache Roots          4765 us, workers (us): 1614, 1579, 1572, ---, ---, ---, 
[2026-04-03T03:32:13.017+0600][61.854s][info][gc,stats    ]     CWR: VM Weak Roots             2101 us, workers (us): 733, 690, 678, ---, ---, ---, 
[2026-04-03T03:32:13.017+0600][61.854s][info][gc,stats    ]     CWR: CLDG Roots                 170 us, workers (us): ---, 170, ---, ---, ---, ---, 
[2026-04-03T03:32:13.017+0600][61.854s][info][gc,stats    ]   Rendezvous                        320 us
[2026-04-03T03:32:13.017+0600][61.854s][info][gc,stats    ] Concurrent Cleanup                  636 us
[2026-04-03T03:32:13.017+0600][61.854s][info][gc,stats    ] Concurrent Class Unloading         7359 us
[2026-04-03T03:32:13.017+0600][61.854s][info][gc,stats    ]   Unlink Stale                     6718 us
[2026-04-03T03:32:13.017+0600][61.854s][info][gc,stats    ]     System Dictionary               114 us
[2026-04-03T03:32:13.017+0600][61.854s][info][gc,stats    ]     Weak Class Links                  1 us
[2026-04-03T03:32:13.017+0600][61.854s][info][gc,stats    ]     Code Roots                     6600 us
[2026-04-03T03:32:13.017+0600][61.854s][info][gc,stats    ]   Rendezvous                        282 us
[2026-04-03T03:32:13.017+0600][61.854s][info][gc,stats    ]   Purge Unlinked                    266 us
[2026-04-03T03:32:13.017+0600][61.854s][info][gc,stats    ]     Code Roots                      254 us
[2026-04-03T03:32:13.017+0600][61.854s][info][gc,stats    ]     CLDG                             11 us
[2026-04-03T03:32:13.017+0600][61.854s][info][gc,stats    ]     Exception Caches                  0 us
[2026-04-03T03:32:13.017+0600][61.854s][info][gc,stats    ] Concurrent Strong Roots            1232 us, parallelism: 0.81x
[2026-04-03T03:32:13.017+0600][61.854s][info][gc,stats    ]   CSR: <total>                      992 us
[2026-04-03T03:32:13.017+0600][61.854s][info][gc,stats    ]   CSR: VM Strong Roots               67 us, workers (us):  54,  12,   1, ---, ---, ---, 
[2026-04-03T03:32:13.017+0600][61.854s][info][gc,stats    ]   CSR: CLDG Roots                   925 us, workers (us): ---, 925, ---, ---, ---, ---, 
[2026-04-03T03:32:13.017+0600][61.854s][info][gc,stats    ] Concurrent Evacuation             34059 us
[2026-04-03T03:32:13.017+0600][61.854s][info][gc,stats    ] Pause Init Update Refs (G)          504 us
[2026-04-03T03:32:13.017+0600][61.854s][info][gc,stats    ] Pause Init Update Refs (N)          193 us
[2026-04-03T03:32:13.017+0600][61.854s][info][gc,stats    ]   Manage GCLABs                      48 us
[2026-04-03T03:32:13.017+0600][61.854s][info][gc,stats    ] Concurrent Update Refs           142812 us
[2026-04-03T03:32:13.017+0600][61.854s][info][gc,stats    ] Concurrent Update Thread Roots     1205 us
[2026-04-03T03:32:13.017+0600][61.854s][info][gc,stats    ] Pause Final Update Refs (G)         486 us
[2026-04-03T03:32:13.017+0600][61.854s][info][gc,stats    ] Pause Final Update Refs (N)         194 us
[2026-04-03T03:32:13.017+0600][61.854s][info][gc,stats    ]   Update Region States               41 us
[2026-04-03T03:32:13.017+0600][61.854s][info][gc,stats    ]   Trash Collection Set               13 us
[2026-04-03T03:32:13.017+0600][61.854s][info][gc,stats    ]   Rebuild Free Set                   41 us
[2026-04-03T03:32:13.017+0600][61.854s][info][gc,stats    ] Concurrent Cleanup                  575 us
[2026-04-03T03:32:13.017+0600][61.854s][info][gc,stats    ] 
[2026-04-03T03:32:13.017+0600][61.854s][info][gc,stats    ] Allocation pacing accrued:
[2026-04-03T03:32:13.017+0600][61.854s][info][gc,stats    ]       0 of   887 ms (  0.0%): <total>
[2026-04-03T03:32:13.017+0600][61.854s][info][gc,stats    ]       0 of   887 ms (  0.0%): <average total>
[2026-04-03T03:32:13.017+0600][61.854s][info][gc,stats    ] 
[2026-04-03T03:32:13.017+0600][61.854s][info][gc,metaspace] Metaspace: 73246K(74048K)->73255K(74112K) NonClass: 63961K(64384K)->63970K(64448K) Class: 9284K(9664K)->9284K(9664K)
[2026-04-03T03:32:13.017+0600][61.854s][info][gc,ergo     ] Pacer for Idle. Initial: 30720K, Alloc Tax Rate: 1.0x
[2026-04-03T03:32:13.219+0600][62.056s][info][gc          ] Trigger: Average GC time (708.98 ms) is above the time for average allocation rate (1282 MB/s) to deplete free headroom (739M) (margin of error = 1.79)
[2026-04-03T03:32:13.219+0600][62.056s][info][gc,ergo     ] Free headroom: 814M (free) - 76800K (spike) - 0B (penalties) = 739M
[2026-04-03T03:32:13.219+0600][62.056s][info][gc,ergo     ] Free: 814M, Max: 512K regular, 348M humongous, Frag: 58% external, 0% internal; Reserve: 76800K, Max: 512K
[2026-04-03T03:32:13.219+0600][62.056s][info][gc,start    ] GC(54) Concurrent reset
[2026-04-03T03:32:13.219+0600][62.056s][info][gc,task     ] GC(54) Using 3 of 6 workers for concurrent reset
[2026-04-03T03:32:13.219+0600][62.056s][info][gc,ergo     ] GC(54) Pacer for Reset. Non-Taxable: 1500M
[2026-04-03T03:32:13.220+0600][62.057s][info][gc          ] GC(54) Concurrent reset 1.102ms
[2026-04-03T03:32:13.220+0600][62.057s][info][gc,start    ] GC(54) Pause Init Mark (unload classes)
[2026-04-03T03:32:13.220+0600][62.057s][info][gc,task     ] GC(54) Using 6 of 6 workers for init marking
[2026-04-03T03:32:13.221+0600][62.057s][info][gc,ergo     ] GC(54) Pacer for Mark. Expected Live: 207M, Free: 811M, Non-Taxable: 83083K, Alloc Tax Rate: 0.3x
[2026-04-03T03:32:13.221+0600][62.057s][info][gc          ] GC(54) Pause Init Mark (unload classes) 0.112ms
[2026-04-03T03:32:13.221+0600][62.057s][info][gc,start    ] GC(54) Concurrent marking roots
[2026-04-03T03:32:13.221+0600][62.057s][info][gc,task     ] GC(54) Using 3 of 6 workers for concurrent marking roots
[2026-04-03T03:32:13.221+0600][62.058s][info][gc          ] GC(54) Concurrent marking roots 0.825ms
[2026-04-03T03:32:13.221+0600][62.058s][info][gc,start    ] GC(54) Concurrent marking (unload classes)
[2026-04-03T03:32:13.221+0600][62.058s][info][gc,task     ] GC(54) Using 3 of 6 workers for concurrent marking
[2026-04-03T03:32:13.407+0600][62.244s][info][gc          ] GC(54) Concurrent marking (unload classes) 185.793ms
[2026-04-03T03:32:13.408+0600][62.244s][info][gc,start    ] GC(54) Pause Final Mark (unload classes)
[2026-04-03T03:32:13.408+0600][62.244s][info][gc,task     ] GC(54) Using 6 of 6 workers for final marking
[2026-04-03T03:32:13.408+0600][62.245s][info][gc,ergo     ] GC(54) Adaptive CSet Selection. Target Free: 212M, Actual Free: 984M, Max CSet: 64000K, Min Garbage: 0B
[2026-04-03T03:32:13.408+0600][62.245s][info][gc,ergo     ] GC(54) Collectable Garbage: 376M (98%), Immediate: 226M (59%), CSet: 150M (39%)
[2026-04-03T03:32:13.408+0600][62.245s][info][gc,ergo     ] GC(54) Pacer for Evacuation. Used CSet: 170M, Free: 930M, Non-Taxable: 95251K, Alloc Tax Rate: 1.1x
[2026-04-03T03:32:13.408+0600][62.245s][info][gc          ] GC(54) Pause Final Mark (unload classes) 0.879ms
[2026-04-03T03:32:13.409+0600][62.245s][info][gc,start    ] GC(54) Concurrent thread roots
[2026-04-03T03:32:13.409+0600][62.245s][info][gc,task     ] GC(54) Using 3 of 6 workers for Concurrent thread roots
[2026-04-03T03:32:13.410+0600][62.246s][info][gc          ] GC(54) Concurrent thread roots 1.046ms
[2026-04-03T03:32:13.410+0600][62.246s][info][gc,start    ] GC(54) Concurrent weak references
[2026-04-03T03:32:13.410+0600][62.246s][info][gc,task     ] GC(54) Using 3 of 6 workers for concurrent weak references
[2026-04-03T03:32:13.410+0600][62.247s][info][gc,ref      ] GC(54) Encountered references: Soft: 3347, Weak: 6560, Final: 84, Phantom: 598
[2026-04-03T03:32:13.410+0600][62.247s][info][gc,ref      ] GC(54) Discovered  references: Soft: 0, Weak: 1149, Final: 2, Phantom: 595
[2026-04-03T03:32:13.410+0600][62.247s][info][gc,ref      ] GC(54) Enqueued    references: Soft: 0, Weak: 145, Final: 0, Phantom: 0
[2026-04-03T03:32:13.410+0600][62.247s][info][gc          ] GC(54) Concurrent weak references 0.533ms
[2026-04-03T03:32:13.410+0600][62.247s][info][gc,start    ] GC(54) Concurrent weak roots
[2026-04-03T03:32:13.410+0600][62.247s][info][gc,task     ] GC(54) Using 3 of 6 workers for concurrent weak root
[2026-04-03T03:32:13.412+0600][62.249s][info][gc          ] GC(54) Concurrent weak roots 1.989ms
[2026-04-03T03:32:13.412+0600][62.249s][info][gc,start    ] GC(54) Concurrent cleanup
[2026-04-03T03:32:13.413+0600][62.249s][info][gc          ] GC(54) Concurrent cleanup 718M->491M(1131M) 0.570ms
[2026-04-03T03:32:13.413+0600][62.250s][info][gc,ergo     ] GC(54) Free: 930M, Max: 512K regular, 342M humongous, Frag: 64% external, 0% internal; Reserve: 76360K, Max: 512K
[2026-04-03T03:32:13.413+0600][62.250s][info][gc,start    ] GC(54) Concurrent class unloading
[2026-04-03T03:32:13.413+0600][62.250s][info][gc,task     ] GC(54) Using 3 of 6 workers for concurrent class unloading
[2026-04-03T03:32:13.420+0600][62.257s][info][gc          ] GC(54) Concurrent class unloading 7.141ms
[2026-04-03T03:32:13.420+0600][62.257s][info][gc,start    ] GC(54) Concurrent strong roots
[2026-04-03T03:32:13.420+0600][62.257s][info][gc,task     ] GC(54) Using 3 of 6 workers for concurrent strong root
[2026-04-03T03:32:13.421+0600][62.258s][info][gc          ] GC(54) Concurrent strong roots 0.829ms
[2026-04-03T03:32:13.421+0600][62.258s][info][gc,start    ] GC(54) Concurrent evacuation
[2026-04-03T03:32:13.421+0600][62.258s][info][gc,task     ] GC(54) Using 3 of 6 workers for concurrent evacuation
[2026-04-03T03:32:13.438+0600][62.275s][info][gc          ] GC(54) Concurrent evacuation 17.459ms
[2026-04-03T03:32:13.439+0600][62.276s][info][gc,start    ] GC(54) Pause Init Update Refs
[2026-04-03T03:32:13.439+0600][62.276s][info][gc,ergo     ] GC(54) Pacer for Update Refs. Used: 545M, Free: 898M, Non-Taxable: 91958K, Alloc Tax Rate: 1.1x
[2026-04-03T03:32:13.439+0600][62.276s][info][gc          ] GC(54) Pause Init Update Refs 0.264ms
[2026-04-03T03:32:13.439+0600][62.276s][info][gc,start    ] GC(54) Concurrent update references
[2026-04-03T03:32:13.439+0600][62.276s][info][gc,task     ] GC(54) Using 3 of 6 workers for concurrent reference update
[2026-04-03T03:32:13.547+0600][62.383s][info][gc          ] GC(54) Concurrent update references 107.385ms
[2026-04-03T03:32:13.547+0600][62.383s][info][gc,start    ] GC(54) Concurrent update thread roots
[2026-04-03T03:32:13.548+0600][62.384s][info][gc          ] GC(54) Concurrent update thread roots 0.991ms
[2026-04-03T03:32:13.548+0600][62.385s][info][gc,start    ] GC(54) Pause Final Update Refs
[2026-04-03T03:32:13.548+0600][62.385s][info][gc,task     ] GC(54) Using 6 of 6 workers for final reference update
[2026-04-03T03:32:13.548+0600][62.385s][info][gc          ] GC(54) Pause Final Update Refs 0.135ms
[2026-04-03T03:32:13.548+0600][62.385s][info][gc,start    ] GC(54) Concurrent cleanup
[2026-04-03T03:32:13.549+0600][62.385s][info][gc          ] GC(54) Concurrent cleanup 724M->554M(1131M) 0.507ms
[2026-04-03T03:32:13.549+0600][62.385s][info][gc,ergo     ] Free: 866M, Max: 512K regular, 329M humongous, Frag: 62% external, 0% internal; Reserve: 76800K, Max: 512K
[2026-04-03T03:32:13.549+0600][62.385s][info][gc,stats    ] 
[2026-04-03T03:32:13.549+0600][62.386s][info][gc,stats    ] All times are wall-clock times, except per-root-class counters, that are sum over
[2026-04-03T03:32:13.549+0600][62.386s][info][gc,stats    ] all workers. Dividing the <total> over the root stage time estimates parallelism.
[2026-04-03T03:32:13.549+0600][62.386s][info][gc,stats    ] 
[2026-04-03T03:32:13.549+0600][62.386s][info][gc,stats    ] Concurrent Reset                   1132 us
[2026-04-03T03:32:13.549+0600][62.386s][info][gc,stats    ] Pause Init Mark (G)                 296 us
[2026-04-03T03:32:13.549+0600][62.386s][info][gc,stats    ] Pause Init Mark (N)                 119 us
[2026-04-03T03:32:13.549+0600][62.386s][info][gc,stats    ]   Update Region States               23 us
[2026-04-03T03:32:13.549+0600][62.386s][info][gc,stats    ] Concurrent Mark Roots               874 us, parallelism: 1.72x
[2026-04-03T03:32:13.549+0600][62.386s][info][gc,stats    ]   CMR: <total>                     1499 us
[2026-04-03T03:32:13.549+0600][62.386s][info][gc,stats    ]   CMR: Thread Roots                1235 us, workers (us): 272, 513, 450, ---, ---, ---, 
[2026-04-03T03:32:13.549+0600][62.386s][info][gc,stats    ]   CMR: VM Strong Roots               31 us, workers (us):  17,  14,   1, ---, ---, ---, 
[2026-04-03T03:32:13.549+0600][62.386s][info][gc,stats    ]   CMR: CLDG Roots                   233 us, workers (us): 233, ---, ---, ---, ---, ---, 
[2026-04-03T03:32:13.549+0600][62.386s][info][gc,stats    ] Concurrent Marking               185866 us
[2026-04-03T03:32:13.549+0600][62.386s][info][gc,stats    ] Pause Final Mark (G)               1275 us
[2026-04-03T03:32:13.549+0600][62.386s][info][gc,stats    ] Pause Final Mark (N)                890 us
[2026-04-03T03:32:13.549+0600][62.386s][info][gc,stats    ]   Finish Mark                       453 us
[2026-04-03T03:32:13.549+0600][62.386s][info][gc,stats    ]   Update Region States               46 us
[2026-04-03T03:32:13.549+0600][62.386s][info][gc,stats    ]   Choose Collection Set             232 us
[2026-04-03T03:32:13.549+0600][62.386s][info][gc,stats    ]   Rebuild Free Set                   43 us
[2026-04-03T03:32:13.549+0600][62.386s][info][gc,stats    ] Concurrent Thread Roots            1069 us, parallelism: 2.38x
[2026-04-03T03:32:13.549+0600][62.386s][info][gc,stats    ]   CTR: <total>                     2538 us
[2026-04-03T03:32:13.549+0600][62.386s][info][gc,stats    ]   CTR: Thread Roots                2538 us, workers (us): 885, 842, 811, ---, ---, ---, 
[2026-04-03T03:32:13.549+0600][62.386s][info][gc,stats    ] Concurrent Weak References          544 us, parallelism: 0.55x
[2026-04-03T03:32:13.549+0600][62.386s][info][gc,stats    ]   CWRF: <total>                     299 us
[2026-04-03T03:32:13.549+0600][62.386s][info][gc,stats    ]   CWRF: Weak References             299 us, workers (us): 200,  66,  33, ---, ---, ---, 
[2026-04-03T03:32:13.549+0600][62.386s][info][gc,stats    ] Concurrent Weak Roots              2036 us
[2026-04-03T03:32:13.549+0600][62.386s][info][gc,stats    ]   Roots                            1716 us, parallelism: 2.61x
[2026-04-03T03:32:13.549+0600][62.386s][info][gc,stats    ]     CWR: <total>                   4475 us
[2026-04-03T03:32:13.549+0600][62.386s][info][gc,stats    ]     CWR: Code Cache Roots          2696 us, workers (us): 919, 857, 921, ---, ---, ---, 
[2026-04-03T03:32:13.549+0600][62.386s][info][gc,stats    ]     CWR: VM Weak Roots             1701 us, workers (us): 605, 596, 500, ---, ---, ---, 
[2026-04-03T03:32:13.549+0600][62.386s][info][gc,stats    ]     CWR: CLDG Roots                  78 us, workers (us): ---,  78, ---, ---, ---, ---, 
[2026-04-03T03:32:13.549+0600][62.386s][info][gc,stats    ]   Rendezvous                        253 us
[2026-04-03T03:32:13.549+0600][62.386s][info][gc,stats    ] Concurrent Cleanup                  589 us
[2026-04-03T03:32:13.549+0600][62.386s][info][gc,stats    ] Concurrent Class Unloading         7219 us
[2026-04-03T03:32:13.549+0600][62.386s][info][gc,stats    ]   Unlink Stale                     6596 us
[2026-04-03T03:32:13.549+0600][62.386s][info][gc,stats    ]     System Dictionary               121 us
[2026-04-03T03:32:13.549+0600][62.386s][info][gc,stats    ]     Weak Class Links                  0 us
[2026-04-03T03:32:13.549+0600][62.386s][info][gc,stats    ]     Code Roots                     6471 us
[2026-04-03T03:32:13.549+0600][62.386s][info][gc,stats    ]   Rendezvous                        425 us
[2026-04-03T03:32:13.549+0600][62.386s][info][gc,stats    ]   Purge Unlinked                     96 us
[2026-04-03T03:32:13.549+0600][62.386s][info][gc,stats    ]     Code Roots                       79 us
[2026-04-03T03:32:13.549+0600][62.386s][info][gc,stats    ]     CLDG                             17 us
[2026-04-03T03:32:13.549+0600][62.386s][info][gc,stats    ]     Exception Caches                  0 us
[2026-04-03T03:32:13.549+0600][62.386s][info][gc,stats    ] Concurrent Strong Roots             866 us, parallelism: 0.67x
[2026-04-03T03:32:13.549+0600][62.386s][info][gc,stats    ]   CSR: <total>                      576 us
[2026-04-03T03:32:13.549+0600][62.386s][info][gc,stats    ]   CSR: VM Strong Roots               45 us, workers (us):  43,   2,   0, ---, ---, ---, 
[2026-04-03T03:32:13.549+0600][62.386s][info][gc,stats    ]   CSR: CLDG Roots                   531 us, workers (us): 531, ---, ---, ---, ---, ---, 
[2026-04-03T03:32:13.549+0600][62.386s][info][gc,stats    ] Concurrent Evacuation             17531 us
[2026-04-03T03:32:13.549+0600][62.386s][info][gc,stats    ] Pause Init Update Refs (G)          805 us
[2026-04-03T03:32:13.549+0600][62.386s][info][gc,stats    ] Pause Init Update Refs (N)          275 us
[2026-04-03T03:32:13.549+0600][62.386s][info][gc,stats    ]   Manage GCLABs                      75 us
[2026-04-03T03:32:13.549+0600][62.386s][info][gc,stats    ] Concurrent Update Refs           107449 us
[2026-04-03T03:32:13.549+0600][62.386s][info][gc,stats    ] Concurrent Update Thread Roots     1032 us
[2026-04-03T03:32:13.549+0600][62.386s][info][gc,stats    ] Pause Final Update Refs (G)         427 us
[2026-04-03T03:32:13.549+0600][62.386s][info][gc,stats    ] Pause Final Update Refs (N)         145 us
[2026-04-03T03:32:13.549+0600][62.386s][info][gc,stats    ]   Update Region States               38 us
[2026-04-03T03:32:13.549+0600][62.386s][info][gc,stats    ]   Trash Collection Set                9 us
[2026-04-03T03:32:13.549+0600][62.386s][info][gc,stats    ]   Rebuild Free Set                   32 us
[2026-04-03T03:32:13.549+0600][62.386s][info][gc,stats    ] Concurrent Cleanup                  523 us
[2026-04-03T03:32:13.549+0600][62.386s][info][gc,stats    ] Pacing                           112915 us
[2026-04-03T03:32:13.549+0600][62.386s][info][gc,stats    ] 
[2026-04-03T03:32:13.549+0600][62.386s][info][gc,stats    ] Allocation pacing accrued:
[2026-04-03T03:32:13.549+0600][62.386s][info][gc,stats    ]     113 of   532 ms ( 21.2%): main
[2026-04-03T03:32:13.549+0600][62.386s][info][gc,stats    ]     113 of   532 ms ( 21.2%): <total>
[2026-04-03T03:32:13.549+0600][62.386s][info][gc,stats    ]       0 of   532 ms (  0.1%): <average total>
[2026-04-03T03:32:13.549+0600][62.386s][info][gc,stats    ]     113 of   532 ms ( 21.2%): <average non-zero>
[2026-04-03T03:32:13.549+0600][62.386s][info][gc,stats    ] 
[2026-04-03T03:32:13.549+0600][62.386s][info][gc,metaspace] Metaspace: 73264K(74112K)->73267K(74112K) NonClass: 63979K(64448K)->63982K(64448K) Class: 9284K(9664K)->9284K(9664K)
[2026-04-03T03:32:13.549+0600][62.386s][info][gc,ergo     ] Pacer for Idle. Initial: 30720K, Alloc Tax Rate: 1.0x
[2026-04-03T03:32:13.569+0600][62.406s][info][gc          ] Trigger: Average GC time (628.02 ms) is above the time for average allocation rate (1173 MB/s) to deplete free headroom (733M) (margin of error = 1.79)
[2026-04-03T03:32:13.569+0600][62.406s][info][gc,ergo     ] Free headroom: 808M (free) - 76800K (spike) - 0B (penalties) = 733M
[2026-04-03T03:32:13.569+0600][62.406s][info][gc,ergo     ] Free: 808M, Max: 512K regular, 329M humongous, Frag: 60% external, 0% internal; Reserve: 76800K, Max: 512K
[2026-04-03T03:32:13.569+0600][62.406s][info][gc,start    ] GC(55) Concurrent reset
[2026-04-03T03:32:13.569+0600][62.406s][info][gc,task     ] GC(55) Using 3 of 6 workers for concurrent reset
[2026-04-03T03:32:13.569+0600][62.406s][info][gc,ergo     ] GC(55) Pacer for Reset. Non-Taxable: 1500M
[2026-04-03T03:32:13.570+0600][62.407s][info][gc          ] GC(55) Concurrent reset 1.159ms
[2026-04-03T03:32:13.571+0600][62.407s][info][gc,start    ] GC(55) Pause Init Mark (unload classes)
[2026-04-03T03:32:13.571+0600][62.407s][info][gc,task     ] GC(55) Using 6 of 6 workers for init marking
[2026-04-03T03:32:13.571+0600][62.407s][info][gc,ergo     ] GC(55) Pacer for Mark. Expected Live: 188M, Free: 804M, Non-Taxable: 82408K, Alloc Tax Rate: 0.3x
[2026-04-03T03:32:13.571+0600][62.407s][info][gc          ] GC(55) Pause Init Mark (unload classes) 0.121ms
[2026-04-03T03:32:13.571+0600][62.408s][info][gc,start    ] GC(55) Concurrent marking roots
[2026-04-03T03:32:13.571+0600][62.408s][info][gc,task     ] GC(55) Using 3 of 6 workers for concurrent marking roots
[2026-04-03T03:32:13.572+0600][62.408s][info][gc          ] GC(55) Concurrent marking roots 0.788ms
[2026-04-03T03:32:13.572+0600][62.408s][info][gc,start    ] GC(55) Concurrent marking (unload classes)
[2026-04-03T03:32:13.572+0600][62.408s][info][gc,task     ] GC(55) Using 3 of 6 workers for concurrent marking
[2026-04-03T03:32:13.814+0600][62.650s][info][gc          ] GC(55) Concurrent marking (unload classes) 241.801ms
[2026-04-03T03:32:13.814+0600][62.650s][info][gc,start    ] GC(55) Pause Final Mark (unload classes)
[2026-04-03T03:32:13.814+0600][62.650s][info][gc,task     ] GC(55) Using 6 of 6 workers for final marking
[2026-04-03T03:32:13.814+0600][62.651s][info][gc,ergo     ] GC(55) Collectable Garbage: 356M (96%), Immediate: 356M (96%), CSet: 0B (0%)
[2026-04-03T03:32:13.814+0600][62.651s][info][gc          ] GC(55) Pause Final Mark (unload classes) 0.482ms
[2026-04-03T03:32:13.814+0600][62.651s][info][gc,start    ] GC(55) Concurrent weak references
[2026-04-03T03:32:13.814+0600][62.651s][info][gc,task     ] GC(55) Using 3 of 6 workers for concurrent weak references
[2026-04-03T03:32:13.815+0600][62.652s][info][gc,ref      ] GC(55) Encountered references: Soft: 3347, Weak: 6428, Final: 84, Phantom: 598
[2026-04-03T03:32:13.815+0600][62.652s][info][gc,ref      ] GC(55) Discovered  references: Soft: 0, Weak: 3287, Final: 52, Phantom: 276
[2026-04-03T03:32:13.815+0600][62.652s][info][gc,ref      ] GC(55) Enqueued    references: Soft: 0, Weak: 5, Final: 0, Phantom: 0
[2026-04-03T03:32:13.815+0600][62.652s][info][gc          ] GC(55) Concurrent weak references 0.921ms
[2026-04-03T03:32:13.815+0600][62.652s][info][gc,start    ] GC(55) Concurrent weak roots
[2026-04-03T03:32:13.815+0600][62.652s][info][gc,task     ] GC(55) Using 3 of 6 workers for concurrent weak root
[2026-04-03T03:32:13.817+0600][62.654s][info][gc          ] GC(55) Concurrent weak roots 2.167ms
[2026-04-03T03:32:13.818+0600][62.654s][info][gc,start    ] GC(55) Concurrent cleanup
[2026-04-03T03:32:13.818+0600][62.655s][info][gc          ] GC(55) Concurrent cleanup 696M->339M(1131M) 0.610ms
[2026-04-03T03:32:13.818+0600][62.655s][info][gc,ergo     ] GC(55) Free: 1082M, Max: 512K regular, 340M humongous, Frag: 69% external, 0% internal; Reserve: 76800K, Max: 512K
[2026-04-03T03:32:13.818+0600][62.655s][info][gc,start    ] GC(55) Concurrent class unloading
[2026-04-03T03:32:13.818+0600][62.655s][info][gc,task     ] GC(55) Using 3 of 6 workers for concurrent class unloading
[2026-04-03T03:32:13.824+0600][62.661s][info][gc          ] GC(55) Concurrent class unloading 6.214ms
[2026-04-03T03:32:13.825+0600][62.661s][info][gc,start    ] GC(55) Pause Final Roots
[2026-04-03T03:32:13.825+0600][62.661s][info][gc          ] GC(55) Pause Final Roots 0.040ms
[2026-04-03T03:32:13.825+0600][62.661s][info][gc,ergo     ] Free: 1082M, Max: 512K regular, 340M humongous, Frag: 69% external, 0% internal; Reserve: 76800K, Max: 512K
[2026-04-03T03:32:13.825+0600][62.661s][info][gc,stats    ] 
[2026-04-03T03:32:13.825+0600][62.661s][info][gc,stats    ] All times are wall-clock times, except per-root-class counters, that are sum over
[2026-04-03T03:32:13.825+0600][62.661s][info][gc,stats    ] all workers. Dividing the <total> over the root stage time estimates parallelism.
[2026-04-03T03:32:13.825+0600][62.661s][info][gc,stats    ] 
[2026-04-03T03:32:13.825+0600][62.661s][info][gc,stats    ] Concurrent Reset                   1204 us
[2026-04-03T03:32:13.825+0600][62.661s][info][gc,stats    ] Pause Init Mark (G)                 420 us
[2026-04-03T03:32:13.825+0600][62.661s][info][gc,stats    ] Pause Init Mark (N)                 146 us
[2026-04-03T03:32:13.825+0600][62.661s][info][gc,stats    ]   Update Region States               23 us
[2026-04-03T03:32:13.825+0600][62.661s][info][gc,stats    ] Concurrent Mark Roots               821 us, parallelism: 1.84x
[2026-04-03T03:32:13.825+0600][62.661s][info][gc,stats    ]   CMR: <total>                     1512 us
[2026-04-03T03:32:13.825+0600][62.661s][info][gc,stats    ]   CMR: Thread Roots                1335 us, workers (us): 350, 483, 502, ---, ---, ---, 
[2026-04-03T03:32:13.825+0600][62.661s][info][gc,stats    ]   CMR: VM Strong Roots               40 us, workers (us):  17,  15,   7, ---, ---, ---, 
[2026-04-03T03:32:13.825+0600][62.662s][info][gc,stats    ]   CMR: CLDG Roots                   138 us, workers (us): 138, ---, ---, ---, ---, ---, 
[2026-04-03T03:32:13.825+0600][62.662s][info][gc,stats    ] Concurrent Marking               241880 us
[2026-04-03T03:32:13.825+0600][62.662s][info][gc,stats    ] Pause Final Mark (G)                763 us
[2026-04-03T03:32:13.825+0600][62.662s][info][gc,stats    ] Pause Final Mark (N)                497 us
[2026-04-03T03:32:13.825+0600][62.662s][info][gc,stats    ]   Finish Mark                       228 us
[2026-04-03T03:32:13.825+0600][62.662s][info][gc,stats    ]   Update Region States               43 us
[2026-04-03T03:32:13.825+0600][62.662s][info][gc,stats    ]   Choose Collection Set             104 us
[2026-04-03T03:32:13.825+0600][62.662s][info][gc,stats    ]   Rebuild Free Set                   37 us
[2026-04-03T03:32:13.825+0600][62.662s][info][gc,stats    ] Concurrent Weak References          932 us, parallelism: 0.78x
[2026-04-03T03:32:13.825+0600][62.662s][info][gc,stats    ]   CWRF: <total>                     726 us
[2026-04-03T03:32:13.825+0600][62.662s][info][gc,stats    ]   CWRF: Weak References             726 us, workers (us): 655,  56,  15, ---, ---, ---, 
[2026-04-03T03:32:13.825+0600][62.662s][info][gc,stats    ] Concurrent Weak Roots              2218 us
[2026-04-03T03:32:13.825+0600][62.662s][info][gc,stats    ]   Roots                            1948 us, parallelism: 2.34x
[2026-04-03T03:32:13.825+0600][62.662s][info][gc,stats    ]     CWR: <total>                   4549 us
[2026-04-03T03:32:13.825+0600][62.662s][info][gc,stats    ]     CWR: Code Cache Roots          3350 us, workers (us): 1054, 1178, 1118, ---, ---, ---, 
[2026-04-03T03:32:13.825+0600][62.662s][info][gc,stats    ]     CWR: VM Weak Roots             1141 us, workers (us): 431, 389, 322, ---, ---, ---, 
[2026-04-03T03:32:13.825+0600][62.662s][info][gc,stats    ]     CWR: CLDG Roots                  58 us, workers (us):  58, ---, ---, ---, ---, ---, 
[2026-04-03T03:32:13.825+0600][62.662s][info][gc,stats    ]   Rendezvous                        196 us
[2026-04-03T03:32:13.825+0600][62.662s][info][gc,stats    ] Concurrent Cleanup                  624 us
[2026-04-03T03:32:13.825+0600][62.662s][info][gc,stats    ] Concurrent Class Unloading         6279 us
[2026-04-03T03:32:13.825+0600][62.662s][info][gc,stats    ]   Unlink Stale                     5880 us
[2026-04-03T03:32:13.825+0600][62.662s][info][gc,stats    ]     System Dictionary                76 us
[2026-04-03T03:32:13.825+0600][62.662s][info][gc,stats    ]     Weak Class Links                  0 us
[2026-04-03T03:32:13.825+0600][62.662s][info][gc,stats    ]     Code Roots                     5801 us
[2026-04-03T03:32:13.825+0600][62.662s][info][gc,stats    ]   Rendezvous                        176 us
[2026-04-03T03:32:13.825+0600][62.662s][info][gc,stats    ]   Purge Unlinked                    134 us
[2026-04-03T03:32:13.825+0600][62.662s][info][gc,stats    ]     Code Roots                      124 us
[2026-04-03T03:32:13.825+0600][62.662s][info][gc,stats    ]     CLDG                              9 us
[2026-04-03T03:32:13.825+0600][62.662s][info][gc,stats    ]     Exception Caches                  0 us
[2026-04-03T03:32:13.825+0600][62.662s][info][gc,stats    ] Pause Final Roots (G)               122 us
[2026-04-03T03:32:13.825+0600][62.662s][info][gc,stats    ] Pause Final Roots (N)                52 us
[2026-04-03T03:32:13.825+0600][62.662s][info][gc,stats    ] 
[2026-04-03T03:32:13.825+0600][62.662s][info][gc,stats    ] Allocation pacing accrued:
[2026-04-03T03:32:13.825+0600][62.662s][info][gc,stats    ]       0 of   276 ms (  0.0%): <total>
[2026-04-03T03:32:13.825+0600][62.662s][info][gc,stats    ]       0 of   276 ms (  0.0%): <average total>
[2026-04-03T03:32:13.825+0600][62.662s][info][gc,stats    ] 
[2026-04-03T03:32:13.825+0600][62.662s][info][gc,metaspace] Metaspace: 73267K(74112K)->73748K(74688K) NonClass: 63982K(64448K)->64364K(64896K) Class: 9284K(9664K)->9383K(9792K)
[2026-04-03T03:32:13.825+0600][62.662s][info][gc,ergo     ] Pacer for Idle. Initial: 30720K, Alloc Tax Rate: 1.0x
[2026-04-03T03:32:14.301+0600][63.137s][info][gc          ] Cancelling GC: Stopping VM
[2026-04-03T03:32:14.301+0600][63.138s][info][gc,heap,exit] Heap
[2026-04-03T03:32:14.301+0600][63.138s][info][gc,heap,exit] Shenandoah Heap
[2026-04-03T03:32:14.301+0600][63.138s][info][gc,heap,exit]  1500M max, 1500M soft max, 1131M committed, 344M used
[2026-04-03T03:32:14.301+0600][63.138s][info][gc,heap,exit]  3000 x 512K regions
[2026-04-03T03:32:14.301+0600][63.138s][info][gc,heap,exit] Status: cancelled
[2026-04-03T03:32:14.301+0600][63.138s][info][gc,heap,exit] Reserved region:
[2026-04-03T03:32:14.301+0600][63.138s][info][gc,heap,exit]  - [0x00000000a2400000, 0x0000000100000000) 
[2026-04-03T03:32:14.301+0600][63.138s][info][gc,heap,exit] Collection set:
[2026-04-03T03:32:14.301+0600][63.138s][info][gc,heap,exit]  - map (vanilla): 0x0000000000011448
[2026-04-03T03:32:14.301+0600][63.138s][info][gc,heap,exit]  - map (biased):  0x0000000000010000
[2026-04-03T03:32:14.301+0600][63.138s][info][gc,heap,exit] 
[2026-04-03T03:32:14.301+0600][63.138s][info][gc,heap,exit]  Metaspace       used 73771K, committed 74688K, reserved 1179648K
[2026-04-03T03:32:14.301+0600][63.138s][info][gc,heap,exit]   class space    used 9383K, committed 9792K, reserved 1048576K
[2026-04-03T03:32:14.301+0600][63.138s][info][gc,stats    ] 
[2026-04-03T03:32:14.301+0600][63.138s][info][gc,stats    ] GC STATISTICS:
[2026-04-03T03:32:14.301+0600][63.138s][info][gc,stats    ]   "(G)" (gross) pauses include VM time: time to notify and block threads, do the pre-
[2026-04-03T03:32:14.301+0600][63.138s][info][gc,stats    ]         and post-safepoint housekeeping. Use -Xlog:safepoint+stats to dissect.
[2026-04-03T03:32:14.301+0600][63.138s][info][gc,stats    ]   "(N)" (net) pauses are the times spent in the actual GC code.
[2026-04-03T03:32:14.301+0600][63.138s][info][gc,stats    ]   "a" is average time for each phase, look at levels to see if average makes sense.
[2026-04-03T03:32:14.301+0600][63.138s][info][gc,stats    ]   "lvls" are quantiles: 0% (minimum), 25%, 50% (median), 75%, 100% (maximum).
[2026-04-03T03:32:14.301+0600][63.138s][info][gc,stats    ] 
[2026-04-03T03:32:14.301+0600][63.138s][info][gc,stats    ]   All times are wall-clock times, except per-root-class counters, that are sum over
[2026-04-03T03:32:14.301+0600][63.138s][info][gc,stats    ]   all workers. Dividing the <total> over the root stage time estimates parallelism.
[2026-04-03T03:32:14.301+0600][63.138s][info][gc,stats    ] 
[2026-04-03T03:32:14.301+0600][63.138s][info][gc,stats    ]   Pacing delays are measured from entering the pacing code till exiting it. Therefore,
[2026-04-03T03:32:14.302+0600][63.138s][info][gc,stats    ]   observed pacing delays may be higher than the threshold when paced thread spent more
[2026-04-03T03:32:14.302+0600][63.138s][info][gc,stats    ]   time in the pacing code. It usually happens when thread is de-scheduled while paced,
[2026-04-03T03:32:14.302+0600][63.138s][info][gc,stats    ]   OS takes longer to unblock the thread, or JVM experiences an STW pause.
[2026-04-03T03:32:14.302+0600][63.138s][info][gc,stats    ] 
[2026-04-03T03:32:14.302+0600][63.138s][info][gc,stats    ]   Higher delay would prevent application outpacing the GC, but it will hide the GC latencies
[2026-04-03T03:32:14.302+0600][63.138s][info][gc,stats    ]   from the STW pause times. Pacing affects the individual threads, and so it would also be
[2026-04-03T03:32:14.302+0600][63.138s][info][gc,stats    ]   invisible to the usual profiling tools, but would add up to end-to-end application latency.
[2026-04-03T03:32:14.302+0600][63.138s][info][gc,stats    ]   Raise max pacing delay with care.
[2026-04-03T03:32:14.302+0600][63.138s][info][gc,stats    ] 
[2026-04-03T03:32:14.302+0600][63.138s][info][gc,stats    ] Concurrent Reset               =    0.148 s (a =     2645 us) (n =    56) (lvls, us =      512,     1035,     1602,     2559,    23182)
[2026-04-03T03:32:14.302+0600][63.138s][info][gc,stats    ] Pause Init Mark (G)            =    0.030 s (a =      530 us) (n =    56) (lvls, us =      248,      357,      465,      582,     2742)
[2026-04-03T03:32:14.302+0600][63.138s][info][gc,stats    ] Pause Init Mark (N)            =    0.011 s (a =      193 us) (n =    56) (lvls, us =       94,      131,      158,      211,      651)
[2026-04-03T03:32:14.302+0600][63.138s][info][gc,stats    ]   Update Region States         =    0.002 s (a =       39 us) (n =    56) (lvls, us =       17,       24,       31,       46,      135)
[2026-04-03T03:32:14.302+0600][63.138s][info][gc,stats    ] Concurrent Mark Roots          =    0.058 s (a =     1039 us) (n =    56) (lvls, us =      582,      807,     1016,     1191,     2759)
[2026-04-03T03:32:14.302+0600][63.138s][info][gc,stats    ]   CMR: <total>                 =    0.100 s (a =     1783 us) (n =    56) (lvls, us =      809,     1270,     1738,     2070,     3871)
[2026-04-03T03:32:14.302+0600][63.138s][info][gc,stats    ]   CMR: Thread Roots            =    0.082 s (a =     1455 us) (n =    56) (lvls, us =      621,      955,     1465,     1719,     3223)
[2026-04-03T03:32:14.302+0600][63.138s][info][gc,stats    ]   CMR: VM Strong Roots         =    0.003 s (a =       59 us) (n =    56) (lvls, us =       17,       27,       35,       46,      495)
[2026-04-03T03:32:14.302+0600][63.138s][info][gc,stats    ]   CMR: CLDG Roots              =    0.015 s (a =      268 us) (n =    56) (lvls, us =      137,      189,      250,      322,      793)
[2026-04-03T03:32:14.302+0600][63.139s][info][gc,stats    ] Concurrent Marking             =   16.113 s (a =   287735 us) (n =    56) (lvls, us =     8887,   136719,   283203,   375000,  1026391)
[2026-04-03T03:32:14.302+0600][63.139s][info][gc,stats    ] Pause Final Mark (G)           =    0.112 s (a =     1998 us) (n =    56) (lvls, us =      654,      934,     1152,     1328,    24390)
[2026-04-03T03:32:14.302+0600][63.139s][info][gc,stats    ] Pause Final Mark (N)           =    0.095 s (a =     1691 us) (n =    56) (lvls, us =      465,      678,      885,      979,    23957)
[2026-04-03T03:32:14.302+0600][63.139s][info][gc,stats    ]   Finish Mark                  =    0.016 s (a =      294 us) (n =    56) (lvls, us =      125,      246,      281,      352,      502)
[2026-04-03T03:32:14.302+0600][63.139s][info][gc,stats    ]   Update Region States         =    0.004 s (a =       64 us) (n =    56) (lvls, us =       29,       45,       57,       71,      175)
[2026-04-03T03:32:14.302+0600][63.139s][info][gc,stats    ]   Choose Collection Set        =    0.041 s (a =      731 us) (n =    56) (lvls, us =       77,      191,      318,      404,    23150)
[2026-04-03T03:32:14.302+0600][63.139s][info][gc,stats    ]   Rebuild Free Set             =    0.002 s (a =       42 us) (n =    56) (lvls, us =       21,       30,       35,       43,      217)
[2026-04-03T03:32:14.302+0600][63.139s][info][gc,stats    ] Concurrent Thread Roots        =    0.038 s (a =      833 us) (n =    45) (lvls, us =      350,      615,      795,      979,     1477)
[2026-04-03T03:32:14.302+0600][63.139s][info][gc,stats    ]   CTR: <total>                 =    0.072 s (a =     1607 us) (n =    45) (lvls, us =      623,     1016,     1504,     1973,     3554)
[2026-04-03T03:32:14.302+0600][63.139s][info][gc,stats    ]   CTR: Thread Roots            =    0.072 s (a =     1607 us) (n =    45) (lvls, us =      623,     1016,     1504,     1973,     3554)
[2026-04-03T03:32:14.302+0600][63.139s][info][gc,stats    ] Concurrent Weak References     =    0.031 s (a =      553 us) (n =    56) (lvls, us =      143,      367,      504,      639,     1565)
[2026-04-03T03:32:14.302+0600][63.139s][info][gc,stats    ]   CWRF: <total>                =    0.023 s (a =      414 us) (n =    56) (lvls, us =       77,      178,      320,      553,     1389)
[2026-04-03T03:32:14.302+0600][63.139s][info][gc,stats    ]   CWRF: Weak References        =    0.023 s (a =      414 us) (n =    56) (lvls, us =       77,      178,      320,      553,     1389)
[2026-04-03T03:32:14.302+0600][63.139s][info][gc,stats    ] Concurrent Weak Roots          =    0.155 s (a =     2764 us) (n =    56) (lvls, us =      996,     1875,     2285,     2695,    24402)
[2026-04-03T03:32:14.302+0600][63.139s][info][gc,stats    ]   Roots                        =    0.115 s (a =     2046 us) (n =    56) (lvls, us =      838,     1582,     1934,     2402,     3752)
[2026-04-03T03:32:14.302+0600][63.139s][info][gc,stats    ]     CWR: <total>               =    0.286 s (a =     5110 us) (n =    56) (lvls, us =     1816,     3887,     4766,     6270,    10165)
[2026-04-03T03:32:14.302+0600][63.139s][info][gc,stats    ]     CWR: Code Cache Roots      =    0.185 s (a =     3297 us) (n =    56) (lvls, us =      637,     2363,     3047,     4121,     6491)
[2026-04-03T03:32:14.302+0600][63.139s][info][gc,stats    ]     CWR: VM Weak Roots         =    0.097 s (a =     1727 us) (n =    56) (lvls, us =      807,     1152,     1523,     2090,     3549)
[2026-04-03T03:32:14.302+0600][63.139s][info][gc,stats    ]     CWR: CLDG Roots            =    0.005 s (a =       86 us) (n =    56) (lvls, us =       17,       46,       78,      113,      221)
[2026-04-03T03:32:14.302+0600][63.139s][info][gc,stats    ]   Rendezvous                   =    0.035 s (a =      619 us) (n =    56) (lvls, us =      129,      168,      242,      285,    21295)
[2026-04-03T03:32:14.302+0600][63.139s][info][gc,stats    ] Concurrent Cleanup             =    0.024 s (a =      436 us) (n =    56) (lvls, us =      150,      244,      438,      588,     1019)
[2026-04-03T03:32:14.302+0600][63.139s][info][gc,stats    ] Concurrent Class Unloading     =    0.545 s (a =     9741 us) (n =    56) (lvls, us =     2383,     4395,     6738,     9199,    30050)
[2026-04-03T03:32:14.302+0600][63.139s][info][gc,stats    ]   Unlink Stale                 =    0.490 s (a =     8745 us) (n =    56) (lvls, us =     1777,     4043,     5879,     8105,    28999)
[2026-04-03T03:32:14.302+0600][63.139s][info][gc,stats    ]     System Dictionary          =    0.009 s (a =      164 us) (n =    56) (lvls, us =       19,       67,      107,      168,      584)
[2026-04-03T03:32:14.302+0600][63.139s][info][gc,stats    ]     Weak Class Links           =    0.171 s (a =     3045 us) (n =    56) (lvls, us =        0,        0,        0,        1,    18778)
[2026-04-03T03:32:14.302+0600][63.139s][info][gc,stats    ]     Code Roots                 =    0.310 s (a =     5531 us) (n =    56) (lvls, us =     1738,     3984,     5488,     6582,     9745)
[2026-04-03T03:32:14.302+0600][63.139s][info][gc,stats    ]   Rendezvous                   =    0.020 s (a =      357 us) (n =    56) (lvls, us =      133,      219,      281,      361,     3776)
[2026-04-03T03:32:14.302+0600][63.139s][info][gc,stats    ]   Purge Unlinked               =    0.029 s (a =      517 us) (n =    56) (lvls, us =        9,       20,      215,      582,     4092)
[2026-04-03T03:32:14.302+0600][63.139s][info][gc,stats    ]     Code Roots                 =    0.026 s (a =      456 us) (n =    56) (lvls, us =        3,        7,      207,      516,     3918)
[2026-04-03T03:32:14.302+0600][63.139s][info][gc,stats    ]     CLDG                       =    0.003 s (a =       60 us) (n =    56) (lvls, us =        6,        7,       11,       19,      961)
[2026-04-03T03:32:14.302+0600][63.139s][info][gc,stats    ]     Exception Caches           =    0.000 s (a =        0 us) (n =    56) (lvls, us =        0,        0,        0,        0,        1)
[2026-04-03T03:32:14.302+0600][63.139s][info][gc,stats    ] Concurrent Strong Roots        =    0.070 s (a =     1561 us) (n =    45) (lvls, us =      443,      795,     1016,     1348,    23008)
[2026-04-03T03:32:14.302+0600][63.139s][info][gc,stats    ]   CSR: <total>                 =    0.031 s (a =      695 us) (n =    45) (lvls, us =      262,      469,      594,      832,     1582)
[2026-04-03T03:32:14.302+0600][63.139s][info][gc,stats    ]   CSR: VM Strong Roots         =    0.002 s (a =       43 us) (n =    45) (lvls, us =       16,       30,       36,       51,      104)
[2026-04-03T03:32:14.302+0600][63.139s][info][gc,stats    ]   CSR: CLDG Roots              =    0.029 s (a =      651 us) (n =    45) (lvls, us =      246,      434,      557,      807,     1554)
[2026-04-03T03:32:14.302+0600][63.139s][info][gc,stats    ] Concurrent Evacuation          =    1.765 s (a =    39225 us) (n =    45) (lvls, us =      811,    17383,    43555,    53516,    75502)
[2026-04-03T03:32:14.302+0600][63.139s][info][gc,stats    ] Pause Final Roots (G)          =    0.004 s (a =      341 us) (n =    11) (lvls, us =      121,      234,      295,      340,      638)
[2026-04-03T03:32:14.302+0600][63.139s][info][gc,stats    ] Pause Final Roots (N)          =    0.001 s (a =       82 us) (n =    11) (lvls, us =       48,       51,       64,       73,      228)
[2026-04-03T03:32:14.302+0600][63.139s][info][gc,stats    ] Pause Init Update Refs (G)     =    0.045 s (a =     1005 us) (n =    45) (lvls, us =      246,      412,      469,      539,    23456)
[2026-04-03T03:32:14.302+0600][63.139s][info][gc,stats    ] Pause Init Update Refs (N)     =    0.030 s (a =      672 us) (n =    45) (lvls, us =       71,      127,      152,      193,    22921)
[2026-04-03T03:32:14.302+0600][63.139s][info][gc,stats    ]   Manage GCLABs                =    0.002 s (a =       36 us) (n =    45) (lvls, us =        5,       17,       33,       47,       86)
[2026-04-03T03:32:14.302+0600][63.139s][info][gc,stats    ] Concurrent Update Refs         =    8.437 s (a =   187497 us) (n =    45) (lvls, us =     3789,   121094,   207031,   244141,   313043)
[2026-04-03T03:32:14.302+0600][63.139s][info][gc,stats    ] Concurrent Update Thread Roots =    0.053 s (a =     1187 us) (n =    45) (lvls, us =      555,      914,     1191,     1367,     2463)
[2026-04-03T03:32:14.302+0600][63.139s][info][gc,stats    ] Pause Final Update Refs (G)    =    0.024 s (a =      523 us) (n =    45) (lvls, us =      352,      449,      514,      598,      856)
[2026-04-03T03:32:14.302+0600][63.139s][info][gc,stats    ] Pause Final Update Refs (N)    =    0.011 s (a =      243 us) (n =    45) (lvls, us =      145,      207,      234,      260,      387)
[2026-04-03T03:32:14.302+0600][63.139s][info][gc,stats    ]   Update Region States         =    0.003 s (a =       61 us) (n =    45) (lvls, us =       38,       53,       59,       65,      129)
[2026-04-03T03:32:14.302+0600][63.139s][info][gc,stats    ]   Trash Collection Set         =    0.001 s (a =       18 us) (n =    45) (lvls, us =        6,       13,       17,       21,       44)
[2026-04-03T03:32:14.302+0600][63.139s][info][gc,stats    ]   Rebuild Free Set             =    0.002 s (a =       39 us) (n =    45) (lvls, us =       24,       35,       38,       41,       60)
[2026-04-03T03:32:14.302+0600][63.139s][info][gc,stats    ] Concurrent Cleanup             =    0.022 s (a =      486 us) (n =    45) (lvls, us =      227,      352,      447,      576,      875)
[2026-04-03T03:32:14.302+0600][63.139s][info][gc,stats    ] Concurrent Uncommit            =    0.478 s (a =   159395 us) (n =     3) (lvls, us =   140625,   140625,   140625,   142578,   191692)
[2026-04-03T03:32:14.302+0600][63.139s][info][gc,stats    ] Pacing                         =    9.666 s (a =   172599 us) (n =    56) (lvls, us =        0,        0,    51953,   373047,   573400)
[2026-04-03T03:32:14.302+0600][63.139s][info][gc,stats    ] 
[2026-04-03T03:32:14.302+0600][63.139s][info][gc,stats    ] 
[2026-04-03T03:32:14.302+0600][63.139s][info][gc,stats    ] Under allocation pressure, concurrent cycles may cancel, and either continue cycle
[2026-04-03T03:32:14.302+0600][63.139s][info][gc,stats    ] under stop-the-world pause or result in stop-the-world Full GC. Increase heap size,
[2026-04-03T03:32:14.302+0600][63.139s][info][gc,stats    ] tune GC heuristics, set more aggressive pacing delay, or lower allocation rate
[2026-04-03T03:32:14.302+0600][63.139s][info][gc,stats    ] to avoid Degenerated and Full GC cycles.
[2026-04-03T03:32:14.302+0600][63.139s][info][gc,stats    ] 
[2026-04-03T03:32:14.302+0600][63.139s][info][gc,stats    ]    56 successful concurrent GCs
[2026-04-03T03:32:14.302+0600][63.139s][info][gc,stats    ]       3 invoked explicitly
[2026-04-03T03:32:14.302+0600][63.139s][info][gc,stats    ]       0 invoked implicitly
[2026-04-03T03:32:14.302+0600][63.139s][info][gc,stats    ] 
[2026-04-03T03:32:14.302+0600][63.139s][info][gc,stats    ]     0 Degenerated GCs
[2026-04-03T03:32:14.302+0600][63.139s][info][gc,stats    ]       0 caused by allocation failure
[2026-04-03T03:32:14.302+0600][63.139s][info][gc,stats    ]       0 upgraded to Full GC
[2026-04-03T03:32:14.302+0600][63.139s][info][gc,stats    ] 
[2026-04-03T03:32:14.302+0600][63.139s][info][gc,stats    ]     0 Full GCs
[2026-04-03T03:32:14.302+0600][63.139s][info][gc,stats    ]       0 invoked explicitly
[2026-04-03T03:32:14.302+0600][63.139s][info][gc,stats    ]       0 invoked implicitly
[2026-04-03T03:32:14.302+0600][63.139s][info][gc,stats    ]       0 caused by allocation failure
[2026-04-03T03:32:14.302+0600][63.139s][info][gc,stats    ]       0 upgraded from Degenerated GC
[2026-04-03T03:32:14.302+0600][63.139s][info][gc,stats    ] 
[2026-04-03T03:32:14.302+0600][63.139s][info][gc,stats    ] 
